Java HotSpot(TM) 64-Bit Server VM (25.171-b11) for linux-amd64 JRE (1.8.0_171-b11), built on Mar 28 2018 17:07:08 by "java_re" with gcc 4.3.0 20080428 (Red Hat 4.3.0-8)
Memory: 4k page, physical 32883000k(29312508k free), swap 8000508k(8000508k free)
CommandLine flags: -XX:InitialHeapSize=1073741824 -XX:MaxHeapSize=1073741824 -XX:+PrintGC -XX:+PrintGCApplicationStoppedTime -XX:+PrintGCTimeStamps -XX:+UseCompressedClassPointers -XX:+UseCompressedOops -XX:+UseParallelGC 
0.286: [GC (Allocation Failure)  262144K->10348K(1005056K), 0.0053503 secs]
0.292: Total time for which application threads were stopped: 0.0055888 seconds, Stopping threads took: 0.0000168 seconds
0.356: [GC (Allocation Failure)  272492K->8681K(1005056K), 0.0037188 secs]
0.359: Total time for which application threads were stopped: 0.0039019 seconds, Stopping threads took: 0.0000309 seconds
0.415: [GC (Allocation Failure)  270825K->8626K(1005056K), 0.0028701 secs]
0.418: Total time for which application threads were stopped: 0.0030587 seconds, Stopping threads took: 0.0000198 seconds
0.474: [GC (Allocation Failure)  270770K->8562K(1005056K), 0.0044014 secs]
0.479: Total time for which application threads were stopped: 0.0045720 seconds, Stopping threads took: 0.0000299 seconds
0.534: [GC (Allocation Failure)  270706K->8722K(1005056K), 0.0033676 secs]
0.537: Total time for which application threads were stopped: 0.0035238 seconds, Stopping threads took: 0.0000194 seconds
0.593: [GC (Allocation Failure)  270866K->8594K(1038336K), 0.0043620 secs]
0.598: Total time for which application threads were stopped: 0.0045277 seconds, Stopping threads took: 0.0000201 seconds
0.674: [GC (Allocation Failure)  336786K->8580K(1037824K), 0.0040297 secs]
0.679: Total time for which application threads were stopped: 0.0041889 seconds, Stopping threads took: 0.0000265 seconds
0.749: [GC (Allocation Failure)  336772K->8644K(1038336K), 0.0039513 secs]
0.753: Total time for which application threads were stopped: 0.0041214 seconds, Stopping threads took: 0.0000203 seconds
0.823: [GC (Allocation Failure)  337348K->8580K(1038336K), 0.0043721 secs]
0.828: Total time for which application threads were stopped: 0.0045297 seconds, Stopping threads took: 0.0000250 seconds
0.895: [GC (Allocation Failure)  337284K->10308K(1037312K), 0.0036388 secs]
0.899: Total time for which application threads were stopped: 0.0038120 seconds, Stopping threads took: 0.0000202 seconds
0.968: [GC (Allocation Failure)  337988K->8612K(1037824K), 0.0034602 secs]
0.971: Total time for which application threads were stopped: 0.0036265 seconds, Stopping threads took: 0.0000196 seconds
1.038: [GC (Allocation Failure)  336292K->8580K(1037824K), 0.0036244 secs]
1.042: Total time for which application threads were stopped: 0.0037856 seconds, Stopping threads took: 0.0000193 seconds
1.108: [GC (Allocation Failure)  336260K->9500K(1028096K), 0.0053476 secs]
1.113: Total time for which application threads were stopped: 0.0055254 seconds, Stopping threads took: 0.0000280 seconds
1.182: [GC (Allocation Failure)  337180K->16830K(1037312K), 0.0037589 secs]
1.186: Total time for which application threads were stopped: 0.0039351 seconds, Stopping threads took: 0.0000279 seconds
1.252: [GC (Allocation Failure)  342974K->16606K(1036800K), 0.0034887 secs]
1.255: Total time for which application threads were stopped: 0.0036246 seconds, Stopping threads took: 0.0000192 seconds
1.317: [GC (Allocation Failure)  342750K->21964K(1034240K), 0.0064943 secs]
1.324: Total time for which application threads were stopped: 0.0066277 seconds, Stopping threads took: 0.0000268 seconds
1.388: [GC (Allocation Failure)  345548K->18926K(1035776K), 0.0033988 secs]
1.391: Total time for which application threads were stopped: 0.0035315 seconds, Stopping threads took: 0.0000273 seconds
1.458: [GC (Allocation Failure)  342510K->18766K(1036288K), 0.0036041 secs]
1.462: Total time for which application threads were stopped: 0.0037191 seconds, Stopping threads took: 0.0000161 seconds
1.526: [GC (Allocation Failure)  342859K->14860K(1035776K), 0.0025388 secs]
1.529: Total time for which application threads were stopped: 0.0027139 seconds, Stopping threads took: 0.0000263 seconds
1.595: [GC (Allocation Failure)  338956K->18926K(1035776K), 0.0038978 secs]
1.599: Total time for which application threads were stopped: 0.0040417 seconds, Stopping threads took: 0.0000185 seconds
1.665: [GC (Allocation Failure)  342510K->22894K(1035776K), 0.0034687 secs]
1.669: Total time for which application threads were stopped: 0.0036094 seconds, Stopping threads took: 0.0000273 seconds
1.731: [GC (Allocation Failure)  346478K->22894K(1036288K), 0.0036181 secs]
1.735: Total time for which application threads were stopped: 0.0037475 seconds, Stopping threads took: 0.0000181 seconds
1.798: [GC (Allocation Failure)  347502K->23246K(1024512K), 0.0046234 secs]
1.803: Total time for which application threads were stopped: 0.0047491 seconds, Stopping threads took: 0.0000181 seconds
1.870: [GC (Allocation Failure)  347854K->30960K(1035776K), 0.0038296 secs]
1.874: Total time for which application threads were stopped: 0.0039856 seconds, Stopping threads took: 0.0000198 seconds
1.943: [GC (Allocation Failure)  354544K->30928K(1035776K), 0.0038042 secs]
1.947: Total time for which application threads were stopped: 0.0039677 seconds, Stopping threads took: 0.0000193 seconds
2.013: [GC (Allocation Failure)  354512K->31464K(1034752K), 0.0045420 secs]
2.017: Total time for which application threads were stopped: 0.0046924 seconds, Stopping threads took: 0.0000201 seconds
2.083: [GC (Allocation Failure)  354024K->38954K(1035264K), 0.0033640 secs]
2.087: Total time for which application threads were stopped: 0.0035128 seconds, Stopping threads took: 0.0000270 seconds
2.150: [GC (Allocation Failure)  361514K->38954K(1035264K), 0.0034057 secs]
2.154: Total time for which application threads were stopped: 0.0035378 seconds, Stopping threads took: 0.0000247 seconds
2.218: [GC (Allocation Failure)  361514K->39178K(1022464K), 0.0045212 secs]
2.223: Total time for which application threads were stopped: 0.0046659 seconds, Stopping threads took: 0.0000242 seconds
2.291: [GC (Allocation Failure)  361738K->47021K(1034752K), 0.0036717 secs]
2.295: Total time for which application threads were stopped: 0.0038289 seconds, Stopping threads took: 0.0000193 seconds
2.360: [GC (Allocation Failure)  368557K->47021K(1034752K), 0.0035736 secs]
2.364: Total time for which application threads were stopped: 0.0036967 seconds, Stopping threads took: 0.0000183 seconds
2.427: [GC (Allocation Failure)  368557K->47053K(1034240K), 0.0043274 secs]
2.431: Total time for which application threads were stopped: 0.0044451 seconds, Stopping threads took: 0.0000154 seconds
2.497: [GC (Allocation Failure)  368589K->55023K(1034752K), 0.0036564 secs]
2.501: Total time for which application threads were stopped: 0.0037921 seconds, Stopping threads took: 0.0000255 seconds
2.566: [GC (Allocation Failure)  376559K->55055K(1034752K), 0.0036523 secs]
2.570: Total time for which application threads were stopped: 0.0037777 seconds, Stopping threads took: 0.0000180 seconds
2.631: [GC (Allocation Failure)  376591K->55183K(1021440K), 0.0044817 secs]
2.636: Total time for which application threads were stopped: 0.0046345 seconds, Stopping threads took: 0.0000201 seconds
2.700: [GC (Allocation Failure)  376719K->63089K(1034240K), 0.0037366 secs]
2.704: Total time for which application threads were stopped: 0.0038743 seconds, Stopping threads took: 0.0000263 seconds
2.766: [GC (Allocation Failure)  383601K->63057K(1034240K), 0.0035993 secs]
2.770: Total time for which application threads were stopped: 0.0037387 seconds, Stopping threads took: 0.0000198 seconds
2.833: [GC (Allocation Failure)  383569K->63377K(1034240K), 0.0052565 secs]
2.838: Total time for which application threads were stopped: 0.0053930 seconds, Stopping threads took: 0.0000233 seconds
2.905: [GC (Allocation Failure)  383889K->71091K(1034240K), 0.0039526 secs]
2.909: Total time for which application threads were stopped: 0.0041199 seconds, Stopping threads took: 0.0000204 seconds
2.975: [GC (Allocation Failure)  391603K->71091K(1034240K), 0.0036696 secs]
2.979: Total time for which application threads were stopped: 0.0038201 seconds, Stopping threads took: 0.0000203 seconds
3.043: [GC (Allocation Failure)  391603K->71635K(1020928K), 0.0045576 secs]
3.047: Total time for which application threads were stopped: 0.0047144 seconds, Stopping threads took: 0.0000272 seconds
3.113: [GC (Allocation Failure)  392147K->79158K(1033728K), 0.0037319 secs]
3.117: Total time for which application threads were stopped: 0.0038656 seconds, Stopping threads took: 0.0000191 seconds
3.178: [GC (Allocation Failure)  398646K->79126K(1033728K), 0.0037209 secs]
3.182: Total time for which application threads were stopped: 0.0038672 seconds, Stopping threads took: 0.0000251 seconds
3.242: [GC (Allocation Failure)  398614K->79342K(1033728K), 0.0046451 secs]
3.247: Total time for which application threads were stopped: 0.0047864 seconds, Stopping threads took: 0.0000177 seconds
3.311: [GC (Allocation Failure)  398830K->87152K(1033728K), 0.0036848 secs]
3.315: Total time for which application threads were stopped: 0.0038094 seconds, Stopping threads took: 0.0000178 seconds
3.378: [GC (Allocation Failure)  406640K->87152K(1033728K), 0.0034990 secs]
3.382: Total time for which application threads were stopped: 0.0036364 seconds, Stopping threads took: 0.0000245 seconds
3.444: [GC (Allocation Failure)  406640K->87304K(1033728K), 0.0044516 secs]
3.449: Total time for which application threads were stopped: 0.0045911 seconds, Stopping threads took: 0.0000177 seconds
3.513: [GC (Allocation Failure)  406792K->95178K(1033728K), 0.0038092 secs]
3.517: Total time for which application threads were stopped: 0.0039378 seconds, Stopping threads took: 0.0000185 seconds
3.581: [GC (Allocation Failure)  414666K->95178K(1033728K), 0.0035100 secs]
3.584: Total time for which application threads were stopped: 0.0036395 seconds, Stopping threads took: 0.0000187 seconds
3.646: [GC (Allocation Failure)  414666K->95306K(1032704K), 0.0046736 secs]
3.650: Total time for which application threads were stopped: 0.0048035 seconds, Stopping threads took: 0.0000178 seconds
3.714: [GC (Allocation Failure)  413770K->103245K(1033216K), 0.0037814 secs]
3.717: Total time for which application threads were stopped: 0.0039128 seconds, Stopping threads took: 0.0000195 seconds
3.781: [GC (Allocation Failure)  421709K->103213K(1033216K), 0.0064898 secs]
3.788: Total time for which application threads were stopped: 0.0066201 seconds, Stopping threads took: 0.0000194 seconds
3.851: [GC (Allocation Failure)  421677K->103277K(1033216K), 0.0046688 secs]
3.856: Total time for which application threads were stopped: 0.0048332 seconds, Stopping threads took: 0.0000195 seconds
3.922: [GC (Allocation Failure)  421741K->111247K(1033216K), 0.0036548 secs]
3.925: Total time for which application threads were stopped: 0.0038012 seconds, Stopping threads took: 0.0000199 seconds
3.986: [GC (Allocation Failure)  429711K->105165K(1033216K), 0.0015995 secs]
3.988: Total time for which application threads were stopped: 0.0017126 seconds, Stopping threads took: 0.0000154 seconds
4.051: [GC (Allocation Failure)  423629K->111447K(1034240K), 0.0038418 secs]
4.055: Total time for which application threads were stopped: 0.0039891 seconds, Stopping threads took: 0.0000243 seconds
4.058: Total time for which application threads were stopped: 0.0001092 seconds, Stopping threads took: 0.0000464 seconds
4.119: [GC (Allocation Failure)  431447K->115391K(1033728K), 0.0043932 secs]
4.123: Total time for which application threads were stopped: 0.0045212 seconds, Stopping threads took: 0.0000178 seconds
4.185: [GC (Allocation Failure)  435391K->120765K(1030144K), 0.0061430 secs]
4.192: Total time for which application threads were stopped: 0.0062883 seconds, Stopping threads took: 0.0000250 seconds
4.255: [GC (Allocation Failure)  437181K->115519K(1032192K), 0.0036511 secs]
4.259: Total time for which application threads were stopped: 0.0038091 seconds, Stopping threads took: 0.0000293 seconds
4.323: [GC (Allocation Failure)  431935K->115391K(1032704K), 0.0038266 secs]
4.326: Total time for which application threads were stopped: 0.0039505 seconds, Stopping threads took: 0.0000247 seconds
4.389: [GC (Allocation Failure)  432319K->119303K(1032192K), 0.0050831 secs]
4.394: Total time for which application threads were stopped: 0.0052225 seconds, Stopping threads took: 0.0000186 seconds
4.458: [GC (Allocation Failure)  436231K->123529K(1033216K), 0.0037589 secs]
4.462: Total time for which application threads were stopped: 0.0038876 seconds, Stopping threads took: 0.0000184 seconds
4.525: [GC (Allocation Failure)  441993K->123433K(1033216K), 0.0036225 secs]
4.529: Total time for which application threads were stopped: 0.0037580 seconds, Stopping threads took: 0.0000179 seconds
4.590: [GC (Allocation Failure)  441897K->126025K(1033728K), 0.0046452 secs]
4.595: Total time for which application threads were stopped: 0.0047823 seconds, Stopping threads took: 0.0000245 seconds
4.661: [GC (Allocation Failure)  445513K->131499K(1033728K), 0.0036015 secs]
4.665: Total time for which application threads were stopped: 0.0037382 seconds, Stopping threads took: 0.0000275 seconds
4.729: [GC (Allocation Failure)  450987K->131467K(1034240K), 0.0036801 secs]
4.733: Total time for which application threads were stopped: 0.0038042 seconds, Stopping threads took: 0.0000190 seconds
4.797: [GC (Allocation Failure)  451467K->133707K(1033728K), 0.0048882 secs]
4.802: Total time for which application threads were stopped: 0.0050192 seconds, Stopping threads took: 0.0000192 seconds
4.869: [GC (Allocation Failure)  453707K->139534K(1034240K), 0.0039588 secs]
4.873: Total time for which application threads were stopped: 0.0041486 seconds, Stopping threads took: 0.0000199 seconds
4.942: [GC (Allocation Failure)  460046K->139502K(1034240K), 0.0039975 secs]
4.946: Total time for which application threads were stopped: 0.0041615 seconds, Stopping threads took: 0.0000157 seconds
5.012: [GC (Allocation Failure)  460014K->143502K(1034752K), 0.0051761 secs]
5.018: Total time for which application threads were stopped: 0.0053336 seconds, Stopping threads took: 0.0000193 seconds
5.086: [GC (Allocation Failure)  464526K->147600K(1034240K), 0.0041180 secs]
5.090: Total time for which application threads were stopped: 0.0042824 seconds, Stopping threads took: 0.0000199 seconds
5.155: [GC (Allocation Failure)  468624K->147568K(1034752K), 0.0037591 secs]
5.159: Total time for which application threads were stopped: 0.0038987 seconds, Stopping threads took: 0.0000263 seconds
5.222: [GC (Allocation Failure)  469104K->147600K(1021440K), 0.0046724 secs]
5.227: Total time for which application threads were stopped: 0.0048070 seconds, Stopping threads took: 0.0000195 seconds
5.293: [GC (Allocation Failure)  469136K->155602K(1034240K), 0.0038736 secs]
5.297: Total time for which application threads were stopped: 0.0040037 seconds, Stopping threads took: 0.0000178 seconds
5.362: [GC (Allocation Failure)  476114K->155570K(1034240K), 0.0036783 secs]
5.366: Total time for which application threads were stopped: 0.0037931 seconds, Stopping threads took: 0.0000157 seconds
5.430: [GC (Allocation Failure)  476082K->158922K(1034752K), 0.0049379 secs]
5.435: Total time for which application threads were stopped: 0.0050717 seconds, Stopping threads took: 0.0000195 seconds
5.499: [GC (Allocation Failure)  480458K->163660K(1034752K), 0.0039733 secs]
5.503: Total time for which application threads were stopped: 0.0041031 seconds, Stopping threads took: 0.0000189 seconds
5.567: [GC (Allocation Failure)  485196K->163596K(1034752K), 0.0037984 secs]
5.571: Total time for which application threads were stopped: 0.0039384 seconds, Stopping threads took: 0.0000233 seconds
5.631: [GC (Allocation Failure)  485132K->164076K(1034752K), 0.0048401 secs]
5.636: Total time for which application threads were stopped: 0.0049861 seconds, Stopping threads took: 0.0000361 seconds
5.701: [GC (Allocation Failure)  485612K->171631K(1033728K), 0.0064791 secs]
5.707: Total time for which application threads were stopped: 0.0066073 seconds, Stopping threads took: 0.0000186 seconds
5.772: [GC (Allocation Failure)  492143K->171663K(1034240K), 0.0038695 secs]
5.776: Total time for which application threads were stopped: 0.0040115 seconds, Stopping threads took: 0.0000179 seconds
5.842: [GC (Allocation Failure)  492175K->175367K(1034752K), 0.0073378 secs]
5.850: Total time for which application threads were stopped: 0.0075006 seconds, Stopping threads took: 0.0000259 seconds
5.914: [GC (Allocation Failure)  496903K->179721K(1034752K), 0.0040259 secs]
5.918: Total time for which application threads were stopped: 0.0041578 seconds, Stopping threads took: 0.0000185 seconds
5.981: [GC (Allocation Failure)  501257K->179689K(1034752K), 0.0039791 secs]
5.985: Total time for which application threads were stopped: 0.0041333 seconds, Stopping threads took: 0.0000244 seconds
6.046: [GC (Allocation Failure)  501225K->180585K(1034752K), 0.0047418 secs]
6.051: Total time for which application threads were stopped: 0.0048895 seconds, Stopping threads took: 0.0000330 seconds
6.115: [GC (Allocation Failure)  502121K->187755K(1034752K), 0.0039858 secs]
6.119: Total time for which application threads were stopped: 0.0041338 seconds, Stopping threads took: 0.0000246 seconds
6.184: [GC (Allocation Failure)  509291K->187691K(1034752K), 0.0038950 secs]
6.188: Total time for which application threads were stopped: 0.0040349 seconds, Stopping threads took: 0.0000249 seconds
6.251: [GC (Allocation Failure)  509227K->189835K(1034752K), 0.0049367 secs]
6.256: Total time for which application threads were stopped: 0.0050740 seconds, Stopping threads took: 0.0000159 seconds
6.321: [GC (Allocation Failure)  511371K->195853K(1034752K), 0.0039958 secs]
6.325: Total time for which application threads were stopped: 0.0041268 seconds, Stopping threads took: 0.0000193 seconds
6.387: [GC (Allocation Failure)  517389K->195725K(1034752K), 0.0039286 secs]
6.391: Total time for which application threads were stopped: 0.0040566 seconds, Stopping threads took: 0.0000181 seconds
6.452: [GC (Allocation Failure)  517261K->199045K(1034752K), 0.0051467 secs]
6.457: Total time for which application threads were stopped: 0.0052868 seconds, Stopping threads took: 0.0000210 seconds
6.519: [GC (Allocation Failure)  520581K->203816K(1034752K), 0.0039151 secs]
6.523: Total time for which application threads were stopped: 0.0040752 seconds, Stopping threads took: 0.0000190 seconds
6.585: [GC (Allocation Failure)  525352K->203752K(1034752K), 0.0064655 secs]
6.592: Total time for which application threads were stopped: 0.0065928 seconds, Stopping threads took: 0.0000185 seconds
6.654: [GC (Allocation Failure)  525288K->204200K(1034752K), 0.0046671 secs]
6.659: Total time for which application threads were stopped: 0.0047980 seconds, Stopping threads took: 0.0000188 seconds
6.721: [GC (Allocation Failure)  525736K->211818K(1034752K), 0.0038234 secs]
6.725: Total time for which application threads were stopped: 0.0039580 seconds, Stopping threads took: 0.0000232 seconds
6.789: [GC (Allocation Failure)  533354K->211818K(1034752K), 0.0037802 secs]
6.792: Total time for which application threads were stopped: 0.0039080 seconds, Stopping threads took: 0.0000186 seconds
6.856: [GC (Allocation Failure)  533354K->213482K(1034752K), 0.0047341 secs]
6.861: Total time for which application threads were stopped: 0.0049128 seconds, Stopping threads took: 0.0000168 seconds
6.930: [GC (Allocation Failure)  535018K->219852K(1033728K), 0.0040010 secs]
6.934: Total time for which application threads were stopped: 0.0041665 seconds, Stopping threads took: 0.0000198 seconds
6.999: [GC (Allocation Failure)  540364K->219820K(1034240K), 0.0039876 secs]
7.003: Total time for which application threads were stopped: 0.0041387 seconds, Stopping threads took: 0.0000196 seconds
7.068: [GC (Allocation Failure)  540332K->220684K(1033728K), 0.0048479 secs]
7.073: Total time for which application threads were stopped: 0.0049793 seconds, Stopping threads took: 0.0000195 seconds
7.136: [GC (Allocation Failure)  541196K->227887K(1034240K), 0.0042338 secs]
7.140: Total time for which application threads were stopped: 0.0043963 seconds, Stopping threads took: 0.0000186 seconds
7.206: [GC (Allocation Failure)  548399K->227855K(1034240K), 0.0038071 secs]
7.210: Total time for which application threads were stopped: 0.0039229 seconds, Stopping threads took: 0.0000152 seconds
7.273: [GC (Allocation Failure)  548367K->230991K(1034240K), 0.0050070 secs]
7.278: Total time for which application threads were stopped: 0.0051452 seconds, Stopping threads took: 0.0000193 seconds
7.341: [GC (Allocation Failure)  551503K->235953K(1034752K), 0.0039228 secs]
7.345: Total time for which application threads were stopped: 0.0040532 seconds, Stopping threads took: 0.0000184 seconds
7.409: [GC (Allocation Failure)  557489K->235889K(1034752K), 0.0039728 secs]
7.413: Total time for which application threads were stopped: 0.0041121 seconds, Stopping threads took: 0.0000254 seconds
7.475: [GC (Allocation Failure)  557425K->239177K(1034752K), 0.0051825 secs]
7.481: Total time for which application threads were stopped: 0.0053285 seconds, Stopping threads took: 0.0000194 seconds
7.544: [GC (Allocation Failure)  560713K->243979K(1034752K), 0.0040792 secs]
7.548: Total time for which application threads were stopped: 0.0042077 seconds, Stopping threads took: 0.0000188 seconds
7.612: [GC (Allocation Failure)  565515K->243915K(1034752K), 0.0064613 secs]
7.619: Total time for which application threads were stopped: 0.0066024 seconds, Stopping threads took: 0.0000192 seconds
7.680: [GC (Allocation Failure)  565451K->244363K(1034752K), 0.0049491 secs]
7.685: Total time for which application threads were stopped: 0.0050926 seconds, Stopping threads took: 0.0000252 seconds
7.749: [GC (Allocation Failure)  565899K->251949K(1033728K), 0.0039251 secs]
7.753: Total time for which application threads were stopped: 0.0040519 seconds, Stopping threads took: 0.0000188 seconds
7.817: [GC (Allocation Failure)  572461K->251949K(1034240K), 0.0045792 secs]
7.821: Total time for which application threads were stopped: 0.0047226 seconds, Stopping threads took: 0.0000174 seconds
7.889: [GC (Allocation Failure)  572461K->255653K(1034752K), 0.0053920 secs]
7.895: Total time for which application threads were stopped: 0.0055346 seconds, Stopping threads took: 0.0000202 seconds
7.960: [GC (Allocation Failure)  577189K->260072K(1034752K), 0.0040512 secs]
7.964: Total time for which application threads were stopped: 0.0041842 seconds, Stopping threads took: 0.0000200 seconds
8.028: [GC (Allocation Failure)  581608K->260008K(1034752K), 0.0038676 secs]
8.031: Total time for which application threads were stopped: 0.0040032 seconds, Stopping threads took: 0.0000177 seconds
8.093: [GC (Allocation Failure)  581544K->260840K(1034752K), 0.0050552 secs]
8.098: Total time for which application threads were stopped: 0.0051940 seconds, Stopping threads took: 0.0000209 seconds
8.162: [GC (Allocation Failure)  582376K->268042K(1034752K), 0.0039114 secs]
8.166: Total time for which application threads were stopped: 0.0040436 seconds, Stopping threads took: 0.0000188 seconds
8.230: [GC (Allocation Failure)  589578K->268010K(1034752K), 0.0040120 secs]
8.234: Total time for which application threads were stopped: 0.0041541 seconds, Stopping threads took: 0.0000183 seconds
8.296: [GC (Allocation Failure)  589546K->270090K(1034752K), 0.0051061 secs]
8.301: Total time for which application threads were stopped: 0.0052456 seconds, Stopping threads took: 0.0000262 seconds
8.365: [GC (Allocation Failure)  591626K->276172K(1034752K), 0.0040612 secs]
8.369: Total time for which application threads were stopped: 0.0042057 seconds, Stopping threads took: 0.0000189 seconds
8.434: [GC (Allocation Failure)  597708K->276044K(1034752K), 0.0040758 secs]
8.438: Total time for which application threads were stopped: 0.0041992 seconds, Stopping threads took: 0.0000176 seconds
8.499: [GC (Allocation Failure)  597580K->279340K(1034752K), 0.0050734 secs]
8.505: Total time for which application threads were stopped: 0.0052195 seconds, Stopping threads took: 0.0000190 seconds
8.570: [GC (Allocation Failure)  600876K->284110K(1034752K), 0.0041053 secs]
8.574: Total time for which application threads were stopped: 0.0042558 seconds, Stopping threads took: 0.0000187 seconds
8.639: [GC (Allocation Failure)  605646K->284110K(1034752K), 0.0040653 secs]
8.643: Total time for which application threads were stopped: 0.0042042 seconds, Stopping threads took: 0.0000205 seconds
8.704: [GC (Allocation Failure)  605646K->284526K(1034752K), 0.0050442 secs]
8.709: Total time for which application threads were stopped: 0.0051926 seconds, Stopping threads took: 0.0000188 seconds
8.775: [GC (Allocation Failure)  606062K->292113K(1029120K), 0.0041917 secs]
8.779: Total time for which application threads were stopped: 0.0043317 seconds, Stopping threads took: 0.0000191 seconds
8.844: [GC (Allocation Failure)  613649K->292113K(1034752K), 0.0042308 secs]
8.848: Total time for which application threads were stopped: 0.0043851 seconds, Stopping threads took: 0.0000172 seconds
8.915: [GC (Allocation Failure)  613137K->293289K(1034240K), 0.0051575 secs]
8.920: Total time for which application threads were stopped: 0.0053258 seconds, Stopping threads took: 0.0000208 seconds
8.987: [GC (Allocation Failure)  614313K->300171K(1034240K), 0.0041263 secs]
8.992: Total time for which application threads were stopped: 0.0043052 seconds, Stopping threads took: 0.0000293 seconds
9.057: [GC (Allocation Failure)  620683K->300139K(1034240K), 0.0041248 secs]
9.061: Total time for which application threads were stopped: 0.0042608 seconds, Stopping threads took: 0.0000211 seconds
9.126: [GC (Allocation Failure)  620651K->304075K(1034752K), 0.0055735 secs]
9.131: Total time for which application threads were stopped: 0.0057193 seconds, Stopping threads took: 0.0000195 seconds
9.196: [GC (Allocation Failure)  625099K->308301K(1034240K), 0.0043796 secs]
9.201: Total time for which application threads were stopped: 0.0045195 seconds, Stopping threads took: 0.0000197 seconds
9.265: [GC (Allocation Failure)  629325K->308173K(1034752K), 0.0041472 secs]
9.270: Total time for which application threads were stopped: 0.0042830 seconds, Stopping threads took: 0.0000200 seconds
9.335: [GC (Allocation Failure)  629709K->312301K(1034752K), 0.0056435 secs]
9.340: Total time for which application threads were stopped: 0.0057954 seconds, Stopping threads took: 0.0000280 seconds
9.404: [GC (Allocation Failure)  633837K->316271K(1035264K), 0.0040472 secs]
9.408: Total time for which application threads were stopped: 0.0041948 seconds, Stopping threads took: 0.0000194 seconds
9.475: [GC (Allocation Failure)  638831K->316207K(1035264K), 0.0040496 secs]
9.479: Total time for which application threads were stopped: 0.0041706 seconds, Stopping threads took: 0.0000166 seconds
9.544: [GC (Allocation Failure)  638767K->319503K(1035264K), 0.0053083 secs]
9.550: Total time for which application threads were stopped: 0.0054650 seconds, Stopping threads took: 0.0000192 seconds
9.616: [GC (Allocation Failure)  642063K->324242K(1035264K), 0.0044738 secs]
9.620: Total time for which application threads were stopped: 0.0046096 seconds, Stopping threads took: 0.0000192 seconds
9.685: [GC (Allocation Failure)  646802K->324242K(1035264K), 0.0041479 secs]
9.689: Total time for which application threads were stopped: 0.0042896 seconds, Stopping threads took: 0.0000277 seconds
9.754: [GC (Allocation Failure)  646802K->327754K(1035264K), 0.0053832 secs]
9.759: Total time for which application threads were stopped: 0.0055312 seconds, Stopping threads took: 0.0000193 seconds
9.821: [GC (Allocation Failure)  650314K->332492K(1035264K), 0.0050409 secs]
9.826: Total time for which application threads were stopped: 0.0051749 seconds, Stopping threads took: 0.0000165 seconds
9.894: [GC (Allocation Failure)  655052K->332268K(1035264K), 0.0042420 secs]
9.898: Total time for which application threads were stopped: 0.0044334 seconds, Stopping threads took: 0.0000200 seconds
9.962: [GC (Allocation Failure)  654828K->327914K(1035776K), 0.0025200 secs]
9.964: Total time for which application threads were stopped: 0.0026660 seconds, Stopping threads took: 0.0000281 seconds
10.030: [GC (Allocation Failure)  650986K->332460K(1035264K), 0.0041727 secs]
10.034: Total time for which application threads were stopped: 0.0043024 seconds, Stopping threads took: 0.0000189 seconds
10.098: [GC (Allocation Failure)  655532K->332300K(1035264K), 0.0040623 secs]
10.102: Total time for which application threads were stopped: 0.0041913 seconds, Stopping threads took: 0.0000180 seconds
10.166: [GC (Allocation Failure)  654860K->333226K(1035264K), 0.0045752 secs]
10.171: Total time for which application threads were stopped: 0.0047112 seconds, Stopping threads took: 0.0000249 seconds
10.234: [GC (Allocation Failure)  655786K->332364K(1035264K), 0.0042379 secs]
10.238: Total time for which application threads were stopped: 0.0043662 seconds, Stopping threads took: 0.0000184 seconds
10.302: [GC (Allocation Failure)  654924K->332268K(1035264K), 0.0042408 secs]
10.307: Total time for which application threads were stopped: 0.0043645 seconds, Stopping threads took: 0.0000171 seconds
10.368: [GC (Allocation Failure)  654828K->337490K(1031680K), 0.0066654 secs]
10.374: Total time for which application threads were stopped: 0.0068042 seconds, Stopping threads took: 0.0000184 seconds
10.435: [GC (Allocation Failure)  656978K->332788K(1033728K), 0.0041765 secs]
10.440: Total time for which application threads were stopped: 0.0043191 seconds, Stopping threads took: 0.0000307 seconds
10.504: [GC (Allocation Failure)  652276K->332756K(1034752K), 0.0041369 secs]
10.508: Total time for which application threads were stopped: 0.0042754 seconds, Stopping threads took: 0.0000208 seconds
10.569: [GC (Allocation Failure)  653780K->334674K(1034240K), 0.0051784 secs]
10.574: Total time for which application threads were stopped: 0.0053123 seconds, Stopping threads took: 0.0000193 seconds
10.637: [GC (Allocation Failure)  655698K->333012K(1035264K), 0.0042031 secs]
10.642: Total time for which application threads were stopped: 0.0043424 seconds, Stopping threads took: 0.0000272 seconds
10.705: [GC (Allocation Failure)  655060K->332788K(1034752K), 0.0042820 secs]
10.709: Total time for which application threads were stopped: 0.0044116 seconds, Stopping threads took: 0.0000184 seconds
10.774: [GC (Allocation Failure)  654836K->336402K(1033728K), 0.0056825 secs]
10.780: Total time for which application threads were stopped: 0.0058296 seconds, Stopping threads took: 0.0000182 seconds
10.846: [GC (Allocation Failure)  657938K->332948K(1034752K), 0.0044315 secs]
10.851: Total time for which application threads were stopped: 0.0046124 seconds, Stopping threads took: 0.0000160 seconds
10.916: [GC (Allocation Failure)  654484K->332724K(1035776K), 0.0043116 secs]
10.921: Total time for which application threads were stopped: 0.0044669 seconds, Stopping threads took: 0.0000280 seconds
10.982: [GC (Allocation Failure)  655796K->339114K(1035264K), 0.0074081 secs]
10.990: Total time for which application threads were stopped: 0.0075643 seconds, Stopping threads took: 0.0000269 seconds
11.056: [GC (Allocation Failure)  662186K->334508K(1033216K), 0.0043045 secs]
11.061: Total time for which application threads were stopped: 0.0044259 seconds, Stopping threads took: 0.0000162 seconds
11.124: [GC (Allocation Failure)  655020K->334380K(1034240K), 0.0040413 secs]
11.128: Total time for which application threads were stopped: 0.0042034 seconds, Stopping threads took: 0.0000189 seconds
11.194: [GC (Allocation Failure)  654892K->341450K(1030656K), 0.0074012 secs]
11.201: Total time for which application threads were stopped: 0.0075270 seconds, Stopping threads took: 0.0000247 seconds
11.265: [GC (Allocation Failure)  658890K->335788K(1032704K), 0.0044501 secs]
11.269: Total time for which application threads were stopped: 0.0046003 seconds, Stopping threads took: 0.0000266 seconds
11.334: [GC (Allocation Failure)  653228K->335724K(1033728K), 0.0040910 secs]
11.338: Total time for which application threads were stopped: 0.0042308 seconds, Stopping threads took: 0.0000240 seconds
11.400: [GC (Allocation Failure)  654700K->333258K(1033216K), 0.0034022 secs]
11.404: Total time for which application threads were stopped: 0.0035278 seconds, Stopping threads took: 0.0000191 seconds
11.466: [GC (Allocation Failure)  652234K->335724K(1033728K), 0.0040575 secs]
11.471: Total time for which application threads were stopped: 0.0042031 seconds, Stopping threads took: 0.0000258 seconds
11.533: [GC (Allocation Failure)  655212K->335692K(1033728K), 0.0041802 secs]
11.538: Total time for which application threads were stopped: 0.0043326 seconds, Stopping threads took: 0.0000232 seconds
11.599: [GC (Allocation Failure)  655180K->327850K(1033216K), 0.0013513 secs]
11.601: Total time for which application threads were stopped: 0.0014759 seconds, Stopping threads took: 0.0000191 seconds
11.665: [GC (Allocation Failure)  647338K->335948K(1033728K), 0.0042178 secs]
11.670: Total time for which application threads were stopped: 0.0043468 seconds, Stopping threads took: 0.0000250 seconds
11.733: [GC (Allocation Failure)  655436K->335692K(1034752K), 0.0041835 secs]
11.737: Total time for which application threads were stopped: 0.0043168 seconds, Stopping threads took: 0.0000189 seconds
11.801: [GC (Allocation Failure)  656716K->336612K(1034240K), 0.0057403 secs]
11.807: Total time for which application threads were stopped: 0.0058614 seconds, Stopping threads took: 0.0000161 seconds
11.875: [GC (Allocation Failure)  657636K->343750K(1034240K), 0.0043597 secs]
11.879: Total time for which application threads were stopped: 0.0045569 seconds, Stopping threads took: 0.0000201 seconds
11.946: [GC (Allocation Failure)  664262K->343750K(1034240K), 0.0045280 secs]
11.951: Total time for which application threads were stopped: 0.0047141 seconds, Stopping threads took: 0.0000221 seconds
12.018: [GC (Allocation Failure)  664262K->347366K(1034752K), 0.0054469 secs]
12.023: Total time for which application threads were stopped: 0.0056166 seconds, Stopping threads took: 0.0000197 seconds
12.092: [GC (Allocation Failure)  668902K->351880K(1034752K), 0.0044875 secs]
12.096: Total time for which application threads were stopped: 0.0046447 seconds, Stopping threads took: 0.0000203 seconds
12.161: [GC (Allocation Failure)  673416K->351752K(1035264K), 0.0040722 secs]
12.165: Total time for which application threads were stopped: 0.0041958 seconds, Stopping threads took: 0.0000183 seconds
12.229: [GC (Allocation Failure)  673800K->353032K(1034752K), 0.0088856 secs]
12.238: Total time for which application threads were stopped: 0.0090226 seconds, Stopping threads took: 0.0000191 seconds
12.302: [GC (Allocation Failure)  675080K->359851K(1034752K), 0.0042010 secs]
12.306: Total time for which application threads were stopped: 0.0043503 seconds, Stopping threads took: 0.0000188 seconds
12.370: [GC (Allocation Failure)  681387K->359787K(1034752K), 0.0042699 secs]
12.375: Total time for which application threads were stopped: 0.0043960 seconds, Stopping threads took: 0.0000180 seconds
12.435: [GC (Allocation Failure)  681323K->362827K(1035264K), 0.0052226 secs]
12.440: Total time for which application threads were stopped: 0.0053544 seconds, Stopping threads took: 0.0000179 seconds
12.506: [GC (Allocation Failure)  685387K->367821K(1035264K), 0.0041458 secs]
12.511: Total time for which application threads were stopped: 0.0042798 seconds, Stopping threads took: 0.0000158 seconds
12.577: [GC (Allocation Failure)  690381K->367789K(1035264K), 0.0041441 secs]
12.581: Total time for which application threads were stopped: 0.0042653 seconds, Stopping threads took: 0.0000155 seconds
12.646: [GC (Allocation Failure)  690349K->363019K(1035264K), 0.0024471 secs]
12.648: Total time for which application threads were stopped: 0.0025733 seconds, Stopping threads took: 0.0000254 seconds
12.714: [GC (Allocation Failure)  685579K->368045K(1035264K), 0.0043495 secs]
12.719: Total time for which application threads were stopped: 0.0045035 seconds, Stopping threads took: 0.0000159 seconds
12.784: [GC (Allocation Failure)  690605K->367821K(1035264K), 0.0042579 secs]
12.789: Total time for which application threads were stopped: 0.0043886 seconds, Stopping threads took: 0.0000184 seconds
12.853: [GC (Allocation Failure)  690381K->367339K(1035776K), 0.0041677 secs]
12.857: Total time for which application threads were stopped: 0.0043156 seconds, Stopping threads took: 0.0000160 seconds
12.923: [GC (Allocation Failure)  690411K->367981K(1035264K), 0.0043130 secs]
12.928: Total time for which application threads were stopped: 0.0044615 seconds, Stopping threads took: 0.0000199 seconds
12.992: [GC (Allocation Failure)  691053K->367853K(1035776K), 0.0042975 secs]
12.996: Total time for which application threads were stopped: 0.0044407 seconds, Stopping threads took: 0.0000181 seconds
13.061: [GC (Allocation Failure)  691437K->373619K(1035776K), 0.0069766 secs]
13.068: Total time for which application threads were stopped: 0.0070997 seconds, Stopping threads took: 0.0000163 seconds
13.132: [GC (Allocation Failure)  697203K->368981K(1033728K), 0.0044488 secs]
13.137: Total time for which application threads were stopped: 0.0045805 seconds, Stopping threads took: 0.0000189 seconds
13.201: [GC (Allocation Failure)  690517K->368885K(1034752K), 0.0041796 secs]
13.206: Total time for which application threads were stopped: 0.0043343 seconds, Stopping threads took: 0.0000264 seconds
13.269: [GC (Allocation Failure)  690421K->361587K(1033216K), 0.0016226 secs]
13.270: Total time for which application threads were stopped: 0.0017490 seconds, Stopping threads took: 0.0000189 seconds
13.334: [GC (Allocation Failure)  682099K->368965K(1034240K), 0.0041078 secs]
13.338: Total time for which application threads were stopped: 0.0042455 seconds, Stopping threads took: 0.0000200 seconds
13.402: [GC (Allocation Failure)  689477K->373037K(1035264K), 0.0054583 secs]
13.407: Total time for which application threads were stopped: 0.0056141 seconds, Stopping threads took: 0.0000184 seconds
13.471: [GC (Allocation Failure)  695085K->365451K(1034752K), 0.0014951 secs]
13.472: Total time for which application threads were stopped: 0.0016261 seconds, Stopping threads took: 0.0000197 seconds
13.536: [GC (Allocation Failure)  687499K->373325K(1034752K), 0.0043335 secs]
13.540: Total time for which application threads were stopped: 0.0044657 seconds, Stopping threads took: 0.0000182 seconds
13.605: [GC (Allocation Failure)  694861K->377221K(1034752K), 0.0057344 secs]
13.611: Total time for which application threads were stopped: 0.0058656 seconds, Stopping threads took: 0.0000188 seconds
13.673: [GC (Allocation Failure)  698757K->371363K(1034240K), 0.0022175 secs]
13.675: Total time for which application threads were stopped: 0.0023445 seconds, Stopping threads took: 0.0000252 seconds
13.738: [GC (Allocation Failure)  692899K->377453K(1034752K), 0.0045474 secs]
13.743: Total time for which application threads were stopped: 0.0046929 seconds, Stopping threads took: 0.0000182 seconds
13.806: [GC (Allocation Failure)  698989K->381365K(1035776K), 0.0048503 secs]
13.811: Total time for which application threads were stopped: 0.0049947 seconds, Stopping threads took: 0.0000173 seconds
13.880: [GC (Allocation Failure)  704949K->377395K(1035776K), 0.0030883 secs]
13.884: Total time for which application threads were stopped: 0.0032600 seconds, Stopping threads took: 0.0000196 seconds
13.952: [GC (Allocation Failure)  700979K->381493K(1035776K), 0.0046017 secs]
13.957: Total time for which application threads were stopped: 0.0047621 seconds, Stopping threads took: 0.0000198 seconds
14.024: [GC (Allocation Failure)  705077K->385461K(1035776K), 0.0043402 secs]
14.028: Total time for which application threads were stopped: 0.0044920 seconds, Stopping threads took: 0.0000203 seconds
14.094: [GC (Allocation Failure)  709045K->385461K(1035776K), 0.0042575 secs]
14.098: Total time for which application threads were stopped: 0.0043972 seconds, Stopping threads took: 0.0000194 seconds
14.161: [GC (Allocation Failure)  709045K->385517K(1023488K), 0.0053232 secs]
14.166: Total time for which application threads were stopped: 0.0054704 seconds, Stopping threads took: 0.0000246 seconds
14.228: [GC (Allocation Failure)  709101K->393487K(1035264K), 0.0043576 secs]
14.232: Total time for which application threads were stopped: 0.0044854 seconds, Stopping threads took: 0.0000180 seconds
14.296: [GC (Allocation Failure)  716047K->393487K(1035264K), 0.0042470 secs]
14.300: Total time for which application threads were stopped: 0.0043989 seconds, Stopping threads took: 0.0000181 seconds
14.364: [GC (Allocation Failure)  716047K->393519K(1034240K), 0.0052292 secs]
14.370: Total time for which application threads were stopped: 0.0053640 seconds, Stopping threads took: 0.0000184 seconds
14.432: [GC (Allocation Failure)  715055K->401522K(1034752K), 0.0044802 secs]
14.437: Total time for which application threads were stopped: 0.0046098 seconds, Stopping threads took: 0.0000197 seconds
14.502: [GC (Allocation Failure)  723058K->401522K(1034752K), 0.0042258 secs]
14.506: Total time for which application threads were stopped: 0.0043703 seconds, Stopping threads took: 0.0000267 seconds
14.570: [GC (Allocation Failure)  723058K->401770K(1021440K), 0.0051500 secs]
14.575: Total time for which application threads were stopped: 0.0052809 seconds, Stopping threads took: 0.0000183 seconds
14.639: [GC (Allocation Failure)  723306K->409548K(1034240K), 0.0043162 secs]
14.643: Total time for which application threads were stopped: 0.0044687 seconds, Stopping threads took: 0.0000189 seconds
14.707: [GC (Allocation Failure)  730060K->409516K(1034240K), 0.0041584 secs]
14.712: Total time for which application threads were stopped: 0.0043043 seconds, Stopping threads took: 0.0000187 seconds
14.775: [GC (Allocation Failure)  730028K->409996K(1034240K), 0.0050906 secs]
14.781: Total time for which application threads were stopped: 0.0052251 seconds, Stopping threads took: 0.0000152 seconds
14.848: [GC (Allocation Failure)  730508K->417614K(1034240K), 0.0044211 secs]
14.853: Total time for which application threads were stopped: 0.0045588 seconds, Stopping threads took: 0.0000167 seconds
14.920: [GC (Allocation Failure)  738126K->417582K(1034240K), 0.0043292 secs]
14.924: Total time for which application threads were stopped: 0.0044986 seconds, Stopping threads took: 0.0000176 seconds
14.992: [GC (Allocation Failure)  738094K->417742K(1020416K), 0.0053740 secs]
14.997: Total time for which application threads were stopped: 0.0055247 seconds, Stopping threads took: 0.0000191 seconds
15.061: [GC (Allocation Failure)  738254K->425648K(1033728K), 0.0044405 secs]
15.066: Total time for which application threads were stopped: 0.0045728 seconds, Stopping threads took: 0.0000199 seconds
15.130: [GC (Allocation Failure)  745136K->425648K(1033728K), 0.0043224 secs]
15.134: Total time for which application threads were stopped: 0.0044506 seconds, Stopping threads took: 0.0000184 seconds
15.197: [GC (Allocation Failure)  745136K->425672K(1033728K), 0.0051525 secs]
15.202: Total time for which application threads were stopped: 0.0053006 seconds, Stopping threads took: 0.0000263 seconds
15.265: [GC (Allocation Failure)  745160K->433611K(1033728K), 0.0044172 secs]
15.269: Total time for which application threads were stopped: 0.0045499 seconds, Stopping threads took: 0.0000186 seconds
15.331: [GC (Allocation Failure)  753099K->433643K(1033728K), 0.0043843 secs]
15.336: Total time for which application threads were stopped: 0.0045177 seconds, Stopping threads took: 0.0000190 seconds
15.400: [GC (Allocation Failure)  753131K->433899K(1033728K), 0.0054106 secs]
15.405: Total time for which application threads were stopped: 0.0055722 seconds, Stopping threads took: 0.0000239 seconds
15.468: [GC (Allocation Failure)  753387K->441677K(1032704K), 0.0043535 secs]
15.473: Total time for which application threads were stopped: 0.0044910 seconds, Stopping threads took: 0.0000151 seconds
15.535: [GC (Allocation Failure)  760141K->437803K(1033216K), 0.0033495 secs]
15.539: Total time for which application threads were stopped: 0.0035117 seconds, Stopping threads took: 0.0000292 seconds
15.604: [GC (Allocation Failure)  756267K->441837K(1034752K), 0.0048486 secs]
15.609: Total time for which application threads were stopped: 0.0049825 seconds, Stopping threads took: 0.0000182 seconds
15.674: [GC (Allocation Failure)  762861K->445805K(1034240K), 0.0043504 secs]
15.678: Total time for which application threads were stopped: 0.0044922 seconds, Stopping threads took: 0.0000257 seconds
15.739: [GC (Allocation Failure)  766829K->439019K(1034752K), 0.0019284 secs]
15.741: Total time for which application threads were stopped: 0.0020588 seconds, Stopping threads took: 0.0000185 seconds
15.806: [GC (Allocation Failure)  760555K->445877K(1034752K), 0.0045750 secs]
15.811: Total time for which application threads were stopped: 0.0047411 seconds, Stopping threads took: 0.0000280 seconds
15.876: [GC (Allocation Failure)  767413K->449957K(1034752K), 0.0057924 secs]
15.882: Total time for which application threads were stopped: 0.0059585 seconds, Stopping threads took: 0.0000200 seconds
15.946: [GC (Allocation Failure)  771493K->444419K(1034752K), 0.0026642 secs]
15.949: Total time for which application threads were stopped: 0.0028005 seconds, Stopping threads took: 0.0000199 seconds
16.015: [GC (Allocation Failure)  765955K->450229K(1035776K), 0.0048223 secs]
16.020: Total time for which application threads were stopped: 0.0049698 seconds, Stopping threads took: 0.0000189 seconds
16.086: [GC (Allocation Failure)  772789K->454133K(1034752K), 0.0046480 secs]
16.091: Total time for which application threads were stopped: 0.0047927 seconds, Stopping threads took: 0.0000197 seconds
16.155: [GC (Allocation Failure)  776621K->450195K(1035776K), 0.0033948 secs]
16.159: Total time for which application threads were stopped: 0.0035331 seconds, Stopping threads took: 0.0000325 seconds
16.224: [GC (Allocation Failure)  773267K->454253K(1035264K), 0.0048762 secs]
16.229: Total time for which application threads were stopped: 0.0050245 seconds, Stopping threads took: 0.0000190 seconds
16.294: [GC (Allocation Failure)  777325K->458253K(1035264K), 0.0045928 secs]
16.299: Total time for which application threads were stopped: 0.0047373 seconds, Stopping threads took: 0.0000195 seconds
16.362: [GC (Allocation Failure)  781837K->458253K(1035776K), 0.0044628 secs]
16.367: Total time for which application threads were stopped: 0.0046044 seconds, Stopping threads took: 0.0000276 seconds
16.429: [GC (Allocation Failure)  781837K->458285K(1034752K), 0.0056303 secs]
16.435: Total time for which application threads were stopped: 0.0057635 seconds, Stopping threads took: 0.0000186 seconds
16.499: [GC (Allocation Failure)  780845K->466255K(1035264K), 0.0043049 secs]
16.503: Total time for which application threads were stopped: 0.0044466 seconds, Stopping threads took: 0.0000269 seconds
16.567: [GC (Allocation Failure)  788815K->466223K(1034240K), 0.0042744 secs]
16.571: Total time for which application threads were stopped: 0.0044044 seconds, Stopping threads took: 0.0000192 seconds
16.632: [GC (Allocation Failure)  787759K->466319K(1034752K), 0.0065192 secs]
16.638: Total time for which application threads were stopped: 0.0066507 seconds, Stopping threads took: 0.0000181 seconds
16.703: [GC (Allocation Failure)  787855K->474321K(1034752K), 0.0043261 secs]
16.708: Total time for which application threads were stopped: 0.0044780 seconds, Stopping threads took: 0.0000276 seconds
16.771: [GC (Allocation Failure)  795857K->474289K(1029120K), 0.0042644 secs]
16.776: Total time for which application threads were stopped: 0.0043960 seconds, Stopping threads took: 0.0000187 seconds
16.839: [GC (Allocation Failure)  795825K->474505K(1034240K), 0.0074884 secs]
16.846: Total time for which application threads were stopped: 0.0076349 seconds, Stopping threads took: 0.0000164 seconds
16.914: [GC (Allocation Failure)  795017K->482316K(1034240K), 0.0045912 secs]
16.918: Total time for which application threads were stopped: 0.0047860 seconds, Stopping threads took: 0.0000198 seconds
16.985: [GC (Allocation Failure)  802828K->482316K(1034240K), 0.0044394 secs]
16.989: Total time for which application threads were stopped: 0.0046010 seconds, Stopping threads took: 0.0000164 seconds
17.054: [GC (Allocation Failure)  802828K->482764K(1020416K), 0.0055058 secs]
17.060: Total time for which application threads were stopped: 0.0056380 seconds, Stopping threads took: 0.0000158 seconds
17.124: [GC (Allocation Failure)  803276K->490350K(1033728K), 0.0044759 secs]
17.129: Total time for which application threads were stopped: 0.0046423 seconds, Stopping threads took: 0.0000256 seconds
17.194: [GC (Allocation Failure)  809838K->490382K(1033728K), 0.0044402 secs]
17.198: Total time for which application threads were stopped: 0.0045732 seconds, Stopping threads took: 0.0000161 seconds
17.260: [GC (Allocation Failure)  809870K->490502K(1033728K), 0.0054246 secs]
17.266: Total time for which application threads were stopped: 0.0055692 seconds, Stopping threads took: 0.0000181 seconds
17.329: [GC (Allocation Failure)  809990K->498376K(1033728K), 0.0045500 secs]
17.334: Total time for which application threads were stopped: 0.0046993 seconds, Stopping threads took: 0.0000243 seconds
17.398: [GC (Allocation Failure)  817864K->498376K(1033728K), 0.0046081 secs]
17.402: Total time for which application threads were stopped: 0.0047414 seconds, Stopping threads took: 0.0000192 seconds
17.464: [GC (Allocation Failure)  817864K->498440K(1033728K), 0.0055811 secs]
17.470: Total time for which application threads were stopped: 0.0057324 seconds, Stopping threads took: 0.0000243 seconds
17.533: [GC (Allocation Failure)  817928K->506442K(1032704K), 0.0064413 secs]
17.539: Total time for which application threads were stopped: 0.0066058 seconds, Stopping threads took: 0.0000194 seconds
17.604: [GC (Allocation Failure)  824906K->500840K(1033216K), 0.0025522 secs]
17.606: Total time for which application threads were stopped: 0.0026987 seconds, Stopping threads took: 0.0000190 seconds
17.671: [GC (Allocation Failure)  819304K->506666K(1034752K), 0.0046309 secs]
17.676: Total time for which application threads were stopped: 0.0047589 seconds, Stopping threads took: 0.0000182 seconds
17.739: [GC (Allocation Failure)  827178K->510554K(1033728K), 0.0050197 secs]
17.744: Total time for which application threads were stopped: 0.0051601 seconds, Stopping threads took: 0.0000179 seconds
17.806: [GC (Allocation Failure)  831066K->517448K(1029120K), 0.0076509 secs]
17.814: Total time for which application threads were stopped: 0.0077751 seconds, Stopping threads took: 0.0000185 seconds
17.883: [GC (Allocation Failure)  832840K->511370K(1031680K), 0.0049168 secs]
17.888: Total time for which application threads were stopped: 0.0050849 seconds, Stopping threads took: 0.0000198 seconds
17.952: [GC (Allocation Failure)  826762K->511146K(1032704K), 0.0047368 secs]
17.957: Total time for which application threads were stopped: 0.0049006 seconds, Stopping threads took: 0.0000204 seconds
18.023: [GC (Allocation Failure)  828074K->514570K(1032192K), 0.0057218 secs]
18.029: Total time for which application threads were stopped: 0.0058805 seconds, Stopping threads took: 0.0000207 seconds
18.092: [GC (Allocation Failure)  831498K->519341K(1033216K), 0.0046510 secs]
18.097: Total time for which application threads were stopped: 0.0047882 seconds, Stopping threads took: 0.0000198 seconds
18.161: [GC (Allocation Failure)  837293K->519213K(1032704K), 0.0044985 secs]
18.166: Total time for which application threads were stopped: 0.0046472 seconds, Stopping threads took: 0.0000246 seconds
18.228: [GC (Allocation Failure)  837165K->520237K(1033216K), 0.0055557 secs]
18.233: Total time for which application threads were stopped: 0.0057156 seconds, Stopping threads took: 0.0000188 seconds
18.298: [GC (Allocation Failure)  838701K->527247K(1033216K), 0.0047798 secs]
18.303: Total time for which application threads were stopped: 0.0049391 seconds, Stopping threads took: 0.0000187 seconds
18.367: [GC (Allocation Failure)  845711K->527247K(1033728K), 0.0046482 secs]
18.372: Total time for which application threads were stopped: 0.0047838 seconds, Stopping threads took: 0.0000261 seconds
18.437: [GC (Allocation Failure)  846223K->528911K(1033216K), 0.0055044 secs]
18.442: Total time for which application threads were stopped: 0.0056428 seconds, Stopping threads took: 0.0000187 seconds
18.506: [GC (Allocation Failure)  847887K->535345K(1033728K), 0.0045985 secs]
18.510: Total time for which application threads were stopped: 0.0047321 seconds, Stopping threads took: 0.0000189 seconds
18.573: [GC (Allocation Failure)  854833K->535281K(1033728K), 0.0046913 secs]
18.577: Total time for which application threads were stopped: 0.0048190 seconds, Stopping threads took: 0.0000177 seconds
18.639: [GC (Allocation Failure)  854769K->535625K(1033728K), 0.0055102 secs]
18.645: Total time for which application threads were stopped: 0.0056491 seconds, Stopping threads took: 0.0000187 seconds
18.708: [GC (Allocation Failure)  855113K->543308K(1033728K), 0.0046557 secs]
18.713: Total time for which application threads were stopped: 0.0047883 seconds, Stopping threads took: 0.0000188 seconds
18.777: [GC (Allocation Failure)  862796K->543308K(1033728K), 0.0044340 secs]
18.781: Total time for which application threads were stopped: 0.0045677 seconds, Stopping threads took: 0.0000186 seconds
18.845: [GC (Allocation Failure)  862796K->546924K(1033728K), 0.0058044 secs]
18.851: Total time for which application threads were stopped: 0.0059687 seconds, Stopping threads took: 0.0000144 seconds
18.918: [GC (Allocation Failure)  866412K->551406K(1034240K), 0.0048209 secs]
18.923: Total time for which application threads were stopped: 0.0049909 seconds, Stopping threads took: 0.0000195 seconds
18.989: [GC (Allocation Failure)  871918K->551342K(1034240K), 0.0045743 secs]
18.994: Total time for which application threads were stopped: 0.0047258 seconds, Stopping threads took: 0.0000194 seconds
19.058: [GC (Allocation Failure)  871854K->552078K(1034240K), 0.0055205 secs]
19.063: Total time for which application threads were stopped: 0.0056613 seconds, Stopping threads took: 0.0000205 seconds
19.130: [GC (Allocation Failure)  872590K->559440K(1034240K), 0.0047240 secs]
19.135: Total time for which application threads were stopped: 0.0048948 seconds, Stopping threads took: 0.0000276 seconds
19.201: [GC (Allocation Failure)  879952K->559408K(1034240K), 0.0044279 secs]
19.205: Total time for which application threads were stopped: 0.0045887 seconds, Stopping threads took: 0.0000255 seconds
19.268: [GC (Allocation Failure)  879920K->560328K(1034240K), 0.0054588 secs]
19.273: Total time for which application threads were stopped: 0.0055979 seconds, Stopping threads took: 0.0000190 seconds
19.337: [GC (Allocation Failure)  880840K->567402K(1034240K), 0.0048835 secs]
19.342: Total time for which application threads were stopped: 0.0050255 seconds, Stopping threads took: 0.0000189 seconds
19.406: [GC (Allocation Failure)  887914K->567434K(1034240K), 0.0046519 secs]
19.410: Total time for which application threads were stopped: 0.0048016 seconds, Stopping threads took: 0.0000196 seconds
19.475: [GC (Allocation Failure)  887946K->568514K(1034240K), 0.0056100 secs]
19.481: Total time for which application threads were stopped: 0.0057372 seconds, Stopping threads took: 0.0000163 seconds
19.545: [GC (Allocation Failure)  889026K->575461K(1034240K), 0.0048553 secs]
19.550: Total time for which application threads were stopped: 0.0049888 seconds, Stopping threads took: 0.0000187 seconds
19.615: [GC (Allocation Failure)  895973K->575397K(1034240K), 0.0055016 secs]
19.621: Total time for which application threads were stopped: 0.0056606 seconds, Stopping threads took: 0.0000276 seconds
19.683: [GC (Allocation Failure)  895909K->575789K(1020416K), 0.0056617 secs]
19.689: Total time for which application threads were stopped: 0.0058036 seconds, Stopping threads took: 0.0000255 seconds
19.753: [GC (Allocation Failure)  896301K->583503K(1033728K), 0.0048300 secs]
19.758: Total time for which application threads were stopped: 0.0049673 seconds, Stopping threads took: 0.0000268 seconds
19.820: [GC (Allocation Failure)  902991K->583471K(1033728K), 0.0053464 secs]
19.825: Total time for which application threads were stopped: 0.0054800 seconds, Stopping threads took: 0.0000245 seconds
19.890: [GC (Allocation Failure)  902959K->584015K(1033728K), 0.0056005 secs]
19.896: Total time for which application threads were stopped: 0.0057563 seconds, Stopping threads took: 0.0000173 seconds
19.961: [GC (Allocation Failure)  903503K->591537K(1033728K), 0.0047494 secs]
19.966: Total time for which application threads were stopped: 0.0048897 seconds, Stopping threads took: 0.0000197 seconds
20.031: [GC (Allocation Failure)  911025K->591505K(1033728K), 0.0046280 secs]
20.035: Total time for which application threads were stopped: 0.0047541 seconds, Stopping threads took: 0.0000198 seconds
20.099: [GC (Allocation Failure)  910993K->592233K(1033728K), 0.0055610 secs]
20.105: Total time for which application threads were stopped: 0.0057091 seconds, Stopping threads took: 0.0000239 seconds
20.170: [GC (Allocation Failure)  911721K->599563K(1033728K), 0.0048340 secs]
20.175: Total time for which application threads were stopped: 0.0049787 seconds, Stopping threads took: 0.0000186 seconds
20.238: [GC (Allocation Failure)  919051K->599531K(1033728K), 0.0045827 secs]
20.242: Total time for which application threads were stopped: 0.0047268 seconds, Stopping threads took: 0.0000190 seconds
20.306: [GC (Allocation Failure)  919019K->601515K(1033728K), 0.0058275 secs]
20.312: Total time for which application threads were stopped: 0.0059558 seconds, Stopping threads took: 0.0000157 seconds
20.376: [GC (Allocation Failure)  921003K->607566K(1033728K), 0.0047199 secs]
20.381: Total time for which application threads were stopped: 0.0048693 seconds, Stopping threads took: 0.0000198 seconds
20.445: [GC (Allocation Failure)  927054K->607566K(1033728K), 0.0045978 secs]
20.450: Total time for which application threads were stopped: 0.0047399 seconds, Stopping threads took: 0.0000274 seconds
20.511: [GC (Allocation Failure)  927054K->608678K(1033728K), 0.0058674 secs]
20.517: Total time for which application threads were stopped: 0.0060162 seconds, Stopping threads took: 0.0000180 seconds
20.580: [GC (Allocation Failure)  928166K->615624K(1033728K), 0.0048844 secs]
20.585: Total time for which application threads were stopped: 0.0050242 seconds, Stopping threads took: 0.0000261 seconds
20.648: [GC (Allocation Failure)  935112K->615624K(1033728K), 0.0046904 secs]
20.653: Total time for which application threads were stopped: 0.0048319 seconds, Stopping threads took: 0.0000193 seconds
20.714: [GC (Allocation Failure)  935112K->615944K(1033728K), 0.0055742 secs]
20.720: Total time for which application threads were stopped: 0.0057104 seconds, Stopping threads took: 0.0000187 seconds
20.783: [GC (Allocation Failure)  935432K->623658K(1033728K), 0.0063834 secs]
20.789: Total time for which application threads were stopped: 0.0065102 seconds, Stopping threads took: 0.0000180 seconds
20.855: [GC (Allocation Failure)  943146K->623626K(1033728K), 0.0049532 secs]
20.860: Total time for which application threads were stopped: 0.0051205 seconds, Stopping threads took: 0.0000201 seconds
20.923: [GC (Allocation Failure)  943114K->624170K(1033728K), 0.0057484 secs]
20.929: Total time for which application threads were stopped: 0.0059092 seconds, Stopping threads took: 0.0000390 seconds
20.993: [GC (Allocation Failure)  943658K->631660K(1033728K), 0.0047696 secs]
20.998: Total time for which application threads were stopped: 0.0049266 seconds, Stopping threads took: 0.0000201 seconds
21.061: [GC (Allocation Failure)  951148K->631660K(1033728K), 0.0049318 secs]
21.066: Total time for which application threads were stopped: 0.0051004 seconds, Stopping threads took: 0.0000238 seconds
21.129: [GC (Allocation Failure)  951148K->632396K(1033728K), 0.0058543 secs]
21.135: Total time for which application threads were stopped: 0.0060017 seconds, Stopping threads took: 0.0000278 seconds
21.201: [GC (Allocation Failure)  951884K->639727K(1033728K), 0.0046273 secs]
21.206: Total time for which application threads were stopped: 0.0047754 seconds, Stopping threads took: 0.0000261 seconds
21.269: [GC (Allocation Failure)  959215K->639695K(1033728K), 0.0048922 secs]
21.274: Total time for which application threads were stopped: 0.0050229 seconds, Stopping threads took: 0.0000183 seconds
21.336: [GC (Allocation Failure)  959183K->640623K(1033728K), 0.0058586 secs]
21.342: Total time for which application threads were stopped: 0.0059977 seconds, Stopping threads took: 0.0000188 seconds
21.407: [GC (Allocation Failure)  960111K->647761K(1033728K), 0.0049920 secs]
21.412: Total time for which application threads were stopped: 0.0051298 seconds, Stopping threads took: 0.0000211 seconds
21.475: [GC (Allocation Failure)  967249K->647729K(1033728K), 0.0047187 secs]
21.480: Total time for which application threads were stopped: 0.0048602 seconds, Stopping threads took: 0.0000254 seconds
21.541: [GC (Allocation Failure)  967217K->647849K(1033728K), 0.0055793 secs]
21.547: Total time for which application threads were stopped: 0.0057111 seconds, Stopping threads took: 0.0000240 seconds
21.611: [GC (Allocation Failure)  967337K->655755K(1027072K), 0.0046799 secs]
21.616: Total time for which application threads were stopped: 0.0048272 seconds, Stopping threads took: 0.0000186 seconds
21.680: [GC (Allocation Failure)  975243K->655787K(1033216K), 0.0047723 secs]
21.685: Total time for which application threads were stopped: 0.0049149 seconds, Stopping threads took: 0.0000253 seconds
21.749: [GC (Allocation Failure)  974251K->656107K(1033216K), 0.0056445 secs]
21.755: Total time for which application threads were stopped: 0.0058235 seconds, Stopping threads took: 0.0000243 seconds
21.819: [GC (Allocation Failure)  974571K->663790K(1033216K), 0.0057199 secs]
21.825: Total time for which application threads were stopped: 0.0058713 seconds, Stopping threads took: 0.0000270 seconds
21.890: [GC (Allocation Failure)  982254K->663790K(1033216K), 0.0050394 secs]
21.895: Total time for which application threads were stopped: 0.0051984 seconds, Stopping threads took: 0.0000200 seconds
21.959: [GC (Allocation Failure)  982254K->664294K(1033216K), 0.0060205 secs]
21.965: Total time for which application threads were stopped: 0.0062073 seconds, Stopping threads took: 0.0000221 seconds
22.029: [GC (Allocation Failure)  982758K->671816K(1033216K), 0.0049789 secs]
22.034: Total time for which application threads were stopped: 0.0051393 seconds, Stopping threads took: 0.0000209 seconds
22.098: [GC (Allocation Failure)  990280K->671816K(1033216K), 0.0049895 secs]
22.103: Total time for which application threads were stopped: 0.0051442 seconds, Stopping threads took: 0.0000191 seconds
22.163: [GC (Allocation Failure)  990280K->672008K(1033216K), 0.0056054 secs]
22.169: Total time for which application threads were stopped: 0.0057475 seconds, Stopping threads took: 0.0000247 seconds
22.231: [GC (Allocation Failure)  990472K->679882K(1033216K), 0.0063377 secs]
22.237: Total time for which application threads were stopped: 0.0064638 seconds, Stopping threads took: 0.0000267 seconds
22.300: [GC (Allocation Failure)  998346K->679850K(1033216K), 0.0047337 secs]
22.305: Total time for which application threads were stopped: 0.0048842 seconds, Stopping threads took: 0.0000279 seconds
22.368: [GC (Allocation Failure)  998314K->680010K(1033216K), 0.0058822 secs]
22.374: Total time for which application threads were stopped: 0.0060271 seconds, Stopping threads took: 0.0000189 seconds
22.437: [GC (Allocation Failure)  998474K->687884K(1033216K), 0.0050555 secs]
22.442: Total time for which application threads were stopped: 0.0051970 seconds, Stopping threads took: 0.0000191 seconds
22.503: [GC (Allocation Failure)  1006348K->687884K(1033216K), 0.0048503 secs]
22.508: Total time for which application threads were stopped: 0.0050036 seconds, Stopping threads took: 0.0000245 seconds
22.569: [GC (Allocation Failure)  1006348K->687948K(1033216K), 0.0058618 secs]
22.574: [Full GC (Ergonomics)  687948K->8563K(1033216K), 0.0165057 secs]
22.591: Total time for which application threads were stopped: 0.0226098 seconds, Stopping threads took: 0.0000193 seconds
22.656: [GC (Allocation Failure)  327027K->17653K(1032192K), 0.0039935 secs]
22.660: Total time for which application threads were stopped: 0.0041056 seconds, Stopping threads took: 0.0000157 seconds
22.724: [GC (Allocation Failure)  335093K->17621K(1032704K), 0.0036245 secs]
22.728: Total time for which application threads were stopped: 0.0037503 seconds, Stopping threads took: 0.0000184 seconds
22.792: [GC (Allocation Failure)  335061K->17869K(1032704K), 0.0035737 secs]
22.796: Total time for which application threads were stopped: 0.0036980 seconds, Stopping threads took: 0.0000186 seconds
22.864: [GC (Allocation Failure)  335309K->25647K(1032704K), 0.0037652 secs]
22.868: Total time for which application threads were stopped: 0.0039567 seconds, Stopping threads took: 0.0000192 seconds
22.936: [GC (Allocation Failure)  343087K->25647K(1032704K), 0.0031948 secs]
22.939: Total time for which application threads were stopped: 0.0033989 seconds, Stopping threads took: 0.0000170 seconds
23.006: [GC (Allocation Failure)  343087K->25895K(1032704K), 0.0036679 secs]
23.010: Total time for which application threads were stopped: 0.0038168 seconds, Stopping threads took: 0.0000161 seconds
23.075: [GC (Allocation Failure)  343335K->33674K(1032704K), 0.0035951 secs]
23.079: Total time for which application threads were stopped: 0.0037387 seconds, Stopping threads took: 0.0000198 seconds
23.142: [GC (Allocation Failure)  351114K->39047K(1030656K), 0.0059700 secs]
23.148: Total time for which application threads were stopped: 0.0061097 seconds, Stopping threads took: 0.0000270 seconds
23.211: [GC (Allocation Failure)  356487K->33770K(1031168K), 0.0036690 secs]
23.215: Total time for which application threads were stopped: 0.0037988 seconds, Stopping threads took: 0.0000254 seconds
23.280: [GC (Allocation Failure)  348138K->33674K(1031168K), 0.0036093 secs]
23.284: Total time for which application threads were stopped: 0.0037441 seconds, Stopping threads took: 0.0000204 seconds
23.345: [GC (Allocation Failure)  348042K->33986K(1031680K), 0.0036516 secs]
23.349: Total time for which application threads were stopped: 0.0037891 seconds, Stopping threads took: 0.0000195 seconds
23.413: [GC (Allocation Failure)  349378K->41764K(1031680K), 0.0037058 secs]
23.417: Total time for which application threads were stopped: 0.0038316 seconds, Stopping threads took: 0.0000171 seconds
23.478: [GC (Allocation Failure)  357156K->41700K(1032192K), 0.0036459 secs]
23.481: Total time for which application threads were stopped: 0.0037739 seconds, Stopping threads took: 0.0000186 seconds
23.543: [GC (Allocation Failure)  358116K->42212K(1032192K), 0.0039189 secs]
23.547: Total time for which application threads were stopped: 0.0040591 seconds, Stopping threads took: 0.0000188 seconds
23.612: [GC (Allocation Failure)  358628K->49766K(1032704K), 0.0036628 secs]
23.616: Total time for which application threads were stopped: 0.0037981 seconds, Stopping threads took: 0.0000203 seconds
23.679: [GC (Allocation Failure)  366694K->49702K(1032192K), 0.0034752 secs]
23.683: Total time for which application threads were stopped: 0.0036169 seconds, Stopping threads took: 0.0000233 seconds
23.744: [GC (Allocation Failure)  366630K->49894K(1032704K), 0.0037871 secs]
23.748: Total time for which application threads were stopped: 0.0039245 seconds, Stopping threads took: 0.0000191 seconds
23.811: [GC (Allocation Failure)  367334K->57832K(1032704K), 0.0036095 secs]
23.814: Total time for which application threads were stopped: 0.0037353 seconds, Stopping threads took: 0.0000182 seconds
23.881: [GC (Allocation Failure)  375272K->57768K(1032704K), 0.0037050 secs]
23.884: Total time for which application threads were stopped: 0.0038839 seconds, Stopping threads took: 0.0000206 seconds
23.949: [GC (Allocation Failure)  375208K->58664K(1032704K), 0.0037902 secs]
23.953: Total time for which application threads were stopped: 0.0039378 seconds, Stopping threads took: 0.0000192 seconds
24.020: [GC (Allocation Failure)  376104K->65867K(1033216K), 0.0037135 secs]
24.024: Total time for which application threads were stopped: 0.0038529 seconds, Stopping threads took: 0.0000190 seconds
24.087: [GC (Allocation Failure)  383819K->65835K(1032704K), 0.0037420 secs]
24.091: Total time for which application threads were stopped: 0.0038811 seconds, Stopping threads took: 0.0000189 seconds
24.154: [GC (Allocation Failure)  383787K->65867K(1033216K), 0.0036591 secs]
24.158: Total time for which application threads were stopped: 0.0037762 seconds, Stopping threads took: 0.0000159 seconds
24.223: [GC (Allocation Failure)  384331K->73901K(1033216K), 0.0038005 secs]
24.226: Total time for which application threads were stopped: 0.0039624 seconds, Stopping threads took: 0.0000234 seconds
24.288: [GC (Allocation Failure)  392365K->73869K(1033216K), 0.0037243 secs]
24.292: Total time for which application threads were stopped: 0.0038511 seconds, Stopping threads took: 0.0000181 seconds
24.352: [GC (Allocation Failure)  392333K->74085K(1033216K), 0.0037772 secs]
24.356: Total time for which application threads were stopped: 0.0039242 seconds, Stopping threads took: 0.0000235 seconds
24.419: [GC (Allocation Failure)  392549K->81863K(1033216K), 0.0037596 secs]
24.423: Total time for which application threads were stopped: 0.0039053 seconds, Stopping threads took: 0.0000232 seconds
24.486: [GC (Allocation Failure)  400327K->81863K(1033216K), 0.0036828 secs]
24.490: Total time for which application threads were stopped: 0.0038108 seconds, Stopping threads took: 0.0000174 seconds
24.553: [GC (Allocation Failure)  400327K->82279K(1033216K), 0.0037888 secs]
24.557: Total time for which application threads were stopped: 0.0039304 seconds, Stopping threads took: 0.0000276 seconds
24.619: [GC (Allocation Failure)  400743K->89897K(1033216K), 0.0037042 secs]
24.623: Total time for which application threads were stopped: 0.0038433 seconds, Stopping threads took: 0.0000185 seconds
24.689: [GC (Allocation Failure)  408361K->89865K(1033216K), 0.0035767 secs]
24.693: Total time for which application threads were stopped: 0.0037110 seconds, Stopping threads took: 0.0000249 seconds
24.756: [GC (Allocation Failure)  408329K->90505K(1033216K), 0.0038659 secs]
24.760: Total time for which application threads were stopped: 0.0040018 seconds, Stopping threads took: 0.0000182 seconds
24.826: [GC (Allocation Failure)  408969K->97932K(1033216K), 0.0059356 secs]
24.832: Total time for which application threads were stopped: 0.0060792 seconds, Stopping threads took: 0.0000267 seconds
24.900: [GC (Allocation Failure)  416396K->97932K(1033216K), 0.0040270 secs]
24.904: Total time for which application threads were stopped: 0.0042204 seconds, Stopping threads took: 0.0000196 seconds
24.972: [GC (Allocation Failure)  416396K->98732K(1033216K), 0.0039085 secs]
24.976: Total time for which application threads were stopped: 0.0040745 seconds, Stopping threads took: 0.0000166 seconds
25.045: [GC (Allocation Failure)  417196K->105966K(1033216K), 0.0037296 secs]
25.049: Total time for which application threads were stopped: 0.0038805 seconds, Stopping threads took: 0.0000167 seconds
25.113: [GC (Allocation Failure)  424430K->105966K(1033216K), 0.0038149 secs]
25.117: Total time for which application threads were stopped: 0.0039509 seconds, Stopping threads took: 0.0000199 seconds
25.181: [GC (Allocation Failure)  424430K->106990K(1033216K), 0.0038505 secs]
25.185: Total time for which application threads were stopped: 0.0039821 seconds, Stopping threads took: 0.0000190 seconds
25.249: [GC (Allocation Failure)  425454K->114032K(1033216K), 0.0038471 secs]
25.253: Total time for which application threads were stopped: 0.0039937 seconds, Stopping threads took: 0.0000261 seconds
25.314: [GC (Allocation Failure)  432496K->114032K(1033216K), 0.0037498 secs]
25.318: Total time for which application threads were stopped: 0.0038931 seconds, Stopping threads took: 0.0000186 seconds
25.379: [GC (Allocation Failure)  432496K->114160K(1033216K), 0.0064670 secs]
25.385: Total time for which application threads were stopped: 0.0066342 seconds, Stopping threads took: 0.0000175 seconds
25.450: [GC (Allocation Failure)  432624K->122034K(1033216K), 0.0037728 secs]
25.454: Total time for which application threads were stopped: 0.0038951 seconds, Stopping threads took: 0.0000173 seconds
25.518: [GC (Allocation Failure)  440498K->122034K(1033216K), 0.0038783 secs]
25.522: Total time for which application threads were stopped: 0.0040033 seconds, Stopping threads took: 0.0000184 seconds
25.582: [GC (Allocation Failure)  440498K->122378K(1033216K), 0.0038708 secs]
25.585: Total time for which application threads were stopped: 0.0040015 seconds, Stopping threads took: 0.0000184 seconds
25.650: [GC (Allocation Failure)  440842K->130061K(1033216K), 0.0036959 secs]
25.653: Total time for which application threads were stopped: 0.0038090 seconds, Stopping threads took: 0.0000142 seconds
25.717: [GC (Allocation Failure)  448525K->130061K(1033216K), 0.0036085 secs]
25.720: Total time for which application threads were stopped: 0.0037440 seconds, Stopping threads took: 0.0000252 seconds
25.781: [GC (Allocation Failure)  448525K->130125K(1033216K), 0.0038806 secs]
25.785: Total time for which application threads were stopped: 0.0040165 seconds, Stopping threads took: 0.0000178 seconds
25.850: [GC (Allocation Failure)  448589K->138127K(1033216K), 0.0040005 secs]
25.854: Total time for which application threads were stopped: 0.0041699 seconds, Stopping threads took: 0.0000195 seconds
25.919: [GC (Allocation Failure)  456591K->138095K(1033216K), 0.0040705 secs]
25.923: Total time for which application threads were stopped: 0.0042291 seconds, Stopping threads took: 0.0000196 seconds
25.988: [GC (Allocation Failure)  456559K->138343K(1033216K), 0.0039726 secs]
25.992: Total time for which application threads were stopped: 0.0041028 seconds, Stopping threads took: 0.0000195 seconds
26.054: [GC (Allocation Failure)  456807K->146121K(1033216K), 0.0037117 secs]
26.058: Total time for which application threads were stopped: 0.0038395 seconds, Stopping threads took: 0.0000196 seconds
26.122: [GC (Allocation Failure)  464585K->146153K(1033216K), 0.0039281 secs]
26.126: Total time for which application threads were stopped: 0.0040613 seconds, Stopping threads took: 0.0000179 seconds
26.186: [GC (Allocation Failure)  464617K->146345K(1033216K), 0.0039371 secs]
26.190: Total time for which application threads were stopped: 0.0040723 seconds, Stopping threads took: 0.0000198 seconds
26.255: [GC (Allocation Failure)  464809K->154156K(1033216K), 0.0039525 secs]
26.259: Total time for which application threads were stopped: 0.0040871 seconds, Stopping threads took: 0.0000196 seconds
26.319: [GC (Allocation Failure)  472620K->150281K(1033728K), 0.0028034 secs]
26.322: Total time for which application threads were stopped: 0.0029490 seconds, Stopping threads took: 0.0000246 seconds
26.385: [GC (Allocation Failure)  469257K->154316K(1033216K), 0.0039889 secs]
26.389: Total time for which application threads were stopped: 0.0041103 seconds, Stopping threads took: 0.0000179 seconds
26.453: [GC (Allocation Failure)  473292K->158316K(1033728K), 0.0037916 secs]
26.457: Total time for which application threads were stopped: 0.0039289 seconds, Stopping threads took: 0.0000227 seconds
26.520: [GC (Allocation Failure)  478828K->165809K(1034240K), 0.0072324 secs]
26.527: Total time for which application threads were stopped: 0.0073633 seconds, Stopping threads took: 0.0000232 seconds
26.590: [GC (Allocation Failure)  486321K->159572K(1029120K), 0.0040968 secs]
26.594: Total time for which application threads were stopped: 0.0042617 seconds, Stopping threads took: 0.0000232 seconds
26.659: [GC (Allocation Failure)  474964K->159508K(1031680K), 0.0040559 secs]
26.663: Total time for which application threads were stopped: 0.0041868 seconds, Stopping threads took: 0.0000179 seconds
26.725: [GC (Allocation Failure)  474900K->155025K(1032704K), 0.0022188 secs]
26.727: Total time for which application threads were stopped: 0.0023408 seconds, Stopping threads took: 0.0000178 seconds
26.789: [GC (Allocation Failure)  471953K->159796K(1032192K), 0.0048672 secs]
26.794: Total time for which application threads were stopped: 0.0049913 seconds, Stopping threads took: 0.0000264 seconds
26.862: [GC (Allocation Failure)  476724K->159572K(1033216K), 0.0041461 secs]
26.866: Total time for which application threads were stopped: 0.0043385 seconds, Stopping threads took: 0.0000197 seconds
26.933: [GC (Allocation Failure)  478036K->160172K(1033216K), 0.0041139 secs]
26.937: Total time for which application threads were stopped: 0.0042497 seconds, Stopping threads took: 0.0000170 seconds
27.002: [GC (Allocation Failure)  478636K->167598K(1033216K), 0.0038798 secs]
27.006: Total time for which application threads were stopped: 0.0040444 seconds, Stopping threads took: 0.0000199 seconds
27.069: [GC (Allocation Failure)  486062K->167598K(1033216K), 0.0039958 secs]
27.073: Total time for which application threads were stopped: 0.0041275 seconds, Stopping threads took: 0.0000180 seconds
27.135: [GC (Allocation Failure)  486062K->168422K(1032704K), 0.0039980 secs]
27.139: Total time for which application threads were stopped: 0.0041360 seconds, Stopping threads took: 0.0000264 seconds
27.203: [GC (Allocation Failure)  486886K->175688K(1033216K), 0.0040036 secs]
27.207: Total time for which application threads were stopped: 0.0041338 seconds, Stopping threads took: 0.0000188 seconds
27.271: [GC (Allocation Failure)  494152K->175592K(1033728K), 0.0039288 secs]
27.275: Total time for which application threads were stopped: 0.0040617 seconds, Stopping threads took: 0.0000194 seconds
27.335: [GC (Allocation Failure)  495080K->177672K(1033728K), 0.0042093 secs]
27.339: Total time for which application threads were stopped: 0.0043365 seconds, Stopping threads took: 0.0000179 seconds
27.403: [GC (Allocation Failure)  497160K->183722K(1033728K), 0.0039642 secs]
27.407: Total time for which application threads were stopped: 0.0040894 seconds, Stopping threads took: 0.0000173 seconds
27.470: [GC (Allocation Failure)  503210K->183626K(1033728K), 0.0052119 secs]
27.475: Total time for which application threads were stopped: 0.0053432 seconds, Stopping threads took: 0.0000178 seconds
27.538: [GC (Allocation Failure)  503114K->184874K(1033728K), 0.0040877 secs]
27.542: Total time for which application threads were stopped: 0.0042085 seconds, Stopping threads took: 0.0000157 seconds
27.606: [GC (Allocation Failure)  504362K->191693K(1033728K), 0.0039587 secs]
27.610: Total time for which application threads were stopped: 0.0040899 seconds, Stopping threads took: 0.0000188 seconds
27.672: [GC (Allocation Failure)  511181K->191661K(1034240K), 0.0039012 secs]
27.676: Total time for which application threads were stopped: 0.0040365 seconds, Stopping threads took: 0.0000255 seconds
27.738: [GC (Allocation Failure)  511661K->192581K(1033728K), 0.0041396 secs]
27.743: Total time for which application threads were stopped: 0.0042963 seconds, Stopping threads took: 0.0000245 seconds
27.806: [GC (Allocation Failure)  512581K->199719K(1033728K), 0.0039319 secs]
27.810: Total time for which application threads were stopped: 0.0040820 seconds, Stopping threads took: 0.0000198 seconds
27.878: [GC (Allocation Failure)  519207K->199687K(1033728K), 0.0039515 secs]
27.882: Total time for which application threads were stopped: 0.0041175 seconds, Stopping threads took: 0.0000190 seconds
27.946: [GC (Allocation Failure)  519175K->200327K(1033728K), 0.0041540 secs]
27.950: Total time for which application threads were stopped: 0.0042929 seconds, Stopping threads took: 0.0000202 seconds
28.015: [GC (Allocation Failure)  519815K->207785K(1033728K), 0.0040649 secs]
28.020: Total time for which application threads were stopped: 0.0041944 seconds, Stopping threads took: 0.0000167 seconds
28.082: [GC (Allocation Failure)  527273K->207721K(1033728K), 0.0039270 secs]
28.086: Total time for which application threads were stopped: 0.0040660 seconds, Stopping threads took: 0.0000188 seconds
28.148: [GC (Allocation Failure)  527209K->207777K(1033728K), 0.0041066 secs]
28.152: Total time for which application threads were stopped: 0.0042371 seconds, Stopping threads took: 0.0000183 seconds
28.217: [GC (Allocation Failure)  527265K->215811K(1033728K), 0.0038921 secs]
28.221: Total time for which application threads were stopped: 0.0040360 seconds, Stopping threads took: 0.0000248 seconds
28.283: [GC (Allocation Failure)  535299K->215747K(1033728K), 0.0039230 secs]
28.287: Total time for which application threads were stopped: 0.0040756 seconds, Stopping threads took: 0.0000240 seconds
28.347: [GC (Allocation Failure)  535235K->216763K(1033728K), 0.0042143 secs]
28.352: Total time for which application threads were stopped: 0.0043629 seconds, Stopping threads took: 0.0000245 seconds
28.417: [GC (Allocation Failure)  536251K->223838K(1033728K), 0.0037760 secs]
28.421: Total time for which application threads were stopped: 0.0038982 seconds, Stopping threads took: 0.0000243 seconds
28.485: [GC (Allocation Failure)  543326K->223774K(1033728K), 0.0039669 secs]
28.489: Total time for which application threads were stopped: 0.0041163 seconds, Stopping threads took: 0.0000229 seconds
28.551: [GC (Allocation Failure)  543262K->224006K(1033728K), 0.0039781 secs]
28.555: Total time for which application threads were stopped: 0.0041069 seconds, Stopping threads took: 0.0000184 seconds
28.619: [GC (Allocation Failure)  543494K->231880K(1033728K), 0.0039545 secs]
28.623: Total time for which application threads were stopped: 0.0041001 seconds, Stopping threads took: 0.0000263 seconds
28.685: [GC (Allocation Failure)  551368K->231848K(1033728K), 0.0038395 secs]
28.689: Total time for which application threads were stopped: 0.0039836 seconds, Stopping threads took: 0.0000244 seconds
28.750: [GC (Allocation Failure)  551336K->233256K(1033728K), 0.0040841 secs]
28.754: Total time for which application threads were stopped: 0.0042161 seconds, Stopping threads took: 0.0000192 seconds
28.818: [GC (Allocation Failure)  552744K->239914K(1033728K), 0.0052696 secs]
28.823: Total time for which application threads were stopped: 0.0054132 seconds, Stopping threads took: 0.0000242 seconds
28.888: [GC (Allocation Failure)  559402K->239818K(1033728K), 0.0041437 secs]
28.893: Total time for which application threads were stopped: 0.0042941 seconds, Stopping threads took: 0.0000176 seconds
28.954: [GC (Allocation Failure)  559306K->240490K(1033728K), 0.0041174 secs]
28.958: Total time for which application threads were stopped: 0.0042683 seconds, Stopping threads took: 0.0000251 seconds
29.021: [GC (Allocation Failure)  559978K->247948K(1033728K), 0.0039572 secs]
29.025: Total time for which application threads were stopped: 0.0040936 seconds, Stopping threads took: 0.0000181 seconds
29.087: [GC (Allocation Failure)  567436K->247916K(1033728K), 0.0040566 secs]
29.091: Total time for which application threads were stopped: 0.0042178 seconds, Stopping threads took: 0.0000235 seconds
29.152: [GC (Allocation Failure)  567404K->248716K(1033728K), 0.0064023 secs]
29.158: Total time for which application threads were stopped: 0.0065308 seconds, Stopping threads took: 0.0000189 seconds
29.224: [GC (Allocation Failure)  568204K->255983K(1033728K), 0.0040813 secs]
29.228: Total time for which application threads were stopped: 0.0042157 seconds, Stopping threads took: 0.0000197 seconds
29.290: [GC (Allocation Failure)  575471K->255919K(1033728K), 0.0039861 secs]
29.295: Total time for which application threads were stopped: 0.0041125 seconds, Stopping threads took: 0.0000175 seconds
29.355: [GC (Allocation Failure)  575407K->256935K(1033728K), 0.0041907 secs]
29.359: Total time for which application threads were stopped: 0.0043332 seconds, Stopping threads took: 0.0000182 seconds
29.423: [GC (Allocation Failure)  576423K->263945K(1033728K), 0.0039428 secs]
29.427: Total time for which application threads were stopped: 0.0040731 seconds, Stopping threads took: 0.0000180 seconds
29.489: [GC (Allocation Failure)  583433K->263945K(1033728K), 0.0040394 secs]
29.493: Total time for which application threads were stopped: 0.0041704 seconds, Stopping threads took: 0.0000180 seconds
29.554: [GC (Allocation Failure)  583433K->264105K(1033728K), 0.0048707 secs]
29.559: Total time for which application threads were stopped: 0.0050207 seconds, Stopping threads took: 0.0000240 seconds
29.624: [GC (Allocation Failure)  583593K->271979K(1027072K), 0.0040559 secs]
29.628: Total time for which application threads were stopped: 0.0041958 seconds, Stopping threads took: 0.0000213 seconds
29.693: [GC (Allocation Failure)  591467K->271979K(1033728K), 0.0039265 secs]
29.697: Total time for which application threads were stopped: 0.0040630 seconds, Stopping threads took: 0.0000240 seconds
29.758: [GC (Allocation Failure)  590955K->272867K(1033216K), 0.0045064 secs]
29.763: Total time for which application threads were stopped: 0.0046377 seconds, Stopping threads took: 0.0000182 seconds
29.827: [GC (Allocation Failure)  591843K->280006K(1033728K), 0.0050214 secs]
29.832: Total time for which application threads were stopped: 0.0051645 seconds, Stopping threads took: 0.0000210 seconds
29.897: [GC (Allocation Failure)  599494K->280006K(1033728K), 0.0040596 secs]
29.901: Total time for which application threads were stopped: 0.0042034 seconds, Stopping threads took: 0.0000245 seconds
29.963: [GC (Allocation Failure)  599494K->280590K(1033728K), 0.0041017 secs]
29.967: Total time for which application threads were stopped: 0.0042415 seconds, Stopping threads took: 0.0000190 seconds
30.030: [GC (Allocation Failure)  600078K->288048K(1027072K), 0.0039502 secs]
30.034: Total time for which application threads were stopped: 0.0040958 seconds, Stopping threads took: 0.0000240 seconds
30.099: [GC (Allocation Failure)  607536K->288080K(1033216K), 0.0039955 secs]
30.103: Total time for which application threads were stopped: 0.0041338 seconds, Stopping threads took: 0.0000240 seconds
30.166: [GC (Allocation Failure)  606544K->288840K(1033216K), 0.0040963 secs]
30.170: Total time for which application threads were stopped: 0.0042487 seconds, Stopping threads took: 0.0000252 seconds
30.234: [GC (Allocation Failure)  607304K->296106K(1032704K), 0.0037730 secs]
30.238: Total time for which application threads were stopped: 0.0039037 seconds, Stopping threads took: 0.0000157 seconds
30.301: [GC (Allocation Failure)  614570K->296106K(1033216K), 0.0040505 secs]
30.305: Total time for which application threads were stopped: 0.0041943 seconds, Stopping threads took: 0.0000179 seconds
30.367: [GC (Allocation Failure)  614570K->296138K(1033216K), 0.0042004 secs]
30.371: Total time for which application threads were stopped: 0.0043451 seconds, Stopping threads took: 0.0000189 seconds
30.435: [GC (Allocation Failure)  614602K->304108K(1033216K), 0.0039731 secs]
30.439: Total time for which application threads were stopped: 0.0040967 seconds, Stopping threads took: 0.0000175 seconds
30.504: [GC (Allocation Failure)  622572K->304076K(1033216K), 0.0042006 secs]
30.508: Total time for which application threads were stopped: 0.0043385 seconds, Stopping threads took: 0.0000183 seconds
30.571: [GC (Allocation Failure)  622540K->304268K(1033216K), 0.0041253 secs]
30.575: Total time for which application threads were stopped: 0.0042674 seconds, Stopping threads took: 0.0000190 seconds
30.636: [GC (Allocation Failure)  622732K->312143K(1033216K), 0.0041871 secs]
30.641: Total time for which application threads were stopped: 0.0043354 seconds, Stopping threads took: 0.0000234 seconds
30.705: [GC (Allocation Failure)  630607K->312143K(1033216K), 0.0041157 secs]
30.709: Total time for which application threads were stopped: 0.0042565 seconds, Stopping threads took: 0.0000278 seconds
30.772: [GC (Allocation Failure)  630607K->312487K(1033216K), 0.0042338 secs]
30.776: Total time for which application threads were stopped: 0.0043738 seconds, Stopping threads took: 0.0000183 seconds
30.841: [GC (Allocation Failure)  630951K->320169K(1033216K), 0.0072016 secs]
30.848: Total time for which application threads were stopped: 0.0073668 seconds, Stopping threads took: 0.0000260 seconds
30.910: [GC (Allocation Failure)  638633K->320169K(1033216K), 0.0041704 secs]
30.914: Total time for which application threads were stopped: 0.0042991 seconds, Stopping threads took: 0.0000187 seconds
30.976: [GC (Allocation Failure)  638633K->320233K(1033216K), 0.0041496 secs]
30.980: Total time for which application threads were stopped: 0.0043071 seconds, Stopping threads took: 0.0000234 seconds
31.043: [GC (Allocation Failure)  638697K->328203K(1033216K), 0.0041033 secs]
31.047: Total time for which application threads were stopped: 0.0042426 seconds, Stopping threads took: 0.0000271 seconds
31.110: [GC (Allocation Failure)  646667K->328203K(1033216K), 0.0042194 secs]
31.115: Total time for which application threads were stopped: 0.0043474 seconds, Stopping threads took: 0.0000181 seconds
31.175: [GC (Allocation Failure)  646667K->328459K(1033216K), 0.0040670 secs]
31.179: Total time for which application threads were stopped: 0.0042049 seconds, Stopping threads took: 0.0000262 seconds
31.240: [GC (Allocation Failure)  646923K->336237K(1033216K), 0.0043388 secs]
31.244: Total time for which application threads were stopped: 0.0044983 seconds, Stopping threads took: 0.0000403 seconds
31.309: [GC (Allocation Failure)  654701K->332363K(1033728K), 0.0029854 secs]
31.312: Total time for which application threads were stopped: 0.0031164 seconds, Stopping threads took: 0.0000188 seconds
31.374: [GC (Allocation Failure)  651339K->336397K(1033216K), 0.0046610 secs]
31.379: Total time for which application threads were stopped: 0.0048135 seconds, Stopping threads took: 0.0000237 seconds
31.442: [GC (Allocation Failure)  655373K->340397K(1033728K), 0.0041107 secs]
31.446: Total time for which application threads were stopped: 0.0042592 seconds, Stopping threads took: 0.0000228 seconds
31.512: [GC (Allocation Failure)  660909K->347883K(1034240K), 0.0076215 secs]
31.519: Total time for which application threads were stopped: 0.0077429 seconds, Stopping threads took: 0.0000159 seconds
31.584: [GC (Allocation Failure)  668395K->341613K(1029120K), 0.0044826 secs]
31.588: Total time for which application threads were stopped: 0.0046258 seconds, Stopping threads took: 0.0000232 seconds
31.650: [GC (Allocation Failure)  657005K->341613K(1031680K), 0.0043105 secs]
31.654: Total time for which application threads were stopped: 0.0044632 seconds, Stopping threads took: 0.0000229 seconds
31.715: [GC (Allocation Failure)  657005K->337099K(1032704K), 0.0025041 secs]
31.717: Total time for which application threads were stopped: 0.0026510 seconds, Stopping threads took: 0.0000252 seconds
31.780: [GC (Allocation Failure)  654027K->341869K(1032192K), 0.0041235 secs]
31.784: Total time for which application threads were stopped: 0.0042646 seconds, Stopping threads took: 0.0000202 seconds
31.852: [GC (Allocation Failure)  658797K->341613K(1033216K), 0.0044030 secs]
31.856: Total time for which application threads were stopped: 0.0045717 seconds, Stopping threads took: 0.0000194 seconds
31.922: [GC (Allocation Failure)  660077K->342253K(1033216K), 0.0042572 secs]
31.926: Total time for which application threads were stopped: 0.0043877 seconds, Stopping threads took: 0.0000203 seconds
31.991: [GC (Allocation Failure)  660717K->349712K(1033216K), 0.0043362 secs]
31.995: Total time for which application threads were stopped: 0.0044844 seconds, Stopping threads took: 0.0000183 seconds
32.059: [GC (Allocation Failure)  668176K->349616K(1033216K), 0.0043987 secs]
32.063: Total time for which application threads were stopped: 0.0045277 seconds, Stopping threads took: 0.0000179 seconds
32.125: [GC (Allocation Failure)  668080K->350472K(1032704K), 0.0043901 secs]
32.130: Total time for which application threads were stopped: 0.0045423 seconds, Stopping threads took: 0.0000246 seconds
32.196: [GC (Allocation Failure)  668936K->357770K(1033216K), 0.0043357 secs]
32.200: Total time for which application threads were stopped: 0.0044787 seconds, Stopping threads took: 0.0000279 seconds
32.266: [GC (Allocation Failure)  676234K->357674K(1033728K), 0.0042299 secs]
32.270: Total time for which application threads were stopped: 0.0043807 seconds, Stopping threads took: 0.0000192 seconds
32.331: [GC (Allocation Failure)  677162K->359754K(1033728K), 0.0047679 secs]
32.335: Total time for which application threads were stopped: 0.0049239 seconds, Stopping threads took: 0.0000240 seconds
32.399: [GC (Allocation Failure)  679242K->365772K(1033728K), 0.0044788 secs]
32.403: Total time for which application threads were stopped: 0.0046071 seconds, Stopping threads took: 0.0000183 seconds
32.467: [GC (Allocation Failure)  685260K->365740K(1033728K), 0.0042285 secs]
32.471: Total time for which application threads were stopped: 0.0043601 seconds, Stopping threads took: 0.0000254 seconds
32.532: [GC (Allocation Failure)  685228K->366948K(1033728K), 0.0044178 secs]
32.537: Total time for which application threads were stopped: 0.0045515 seconds, Stopping threads took: 0.0000186 seconds
32.602: [GC (Allocation Failure)  686436K->373766K(1033728K), 0.0043302 secs]
32.606: Total time for which application threads were stopped: 0.0044759 seconds, Stopping threads took: 0.0000235 seconds
32.671: [GC (Allocation Failure)  693254K->373734K(1034240K), 0.0041828 secs]
32.675: Total time for which application threads were stopped: 0.0043042 seconds, Stopping threads took: 0.0000247 seconds
32.738: [GC (Allocation Failure)  693734K->374662K(1033728K), 0.0044252 secs]
32.742: Total time for which application threads were stopped: 0.0045675 seconds, Stopping threads took: 0.0000274 seconds
32.806: [GC (Allocation Failure)  694662K->381801K(1033728K), 0.0043289 secs]
32.810: Total time for which application threads were stopped: 0.0044670 seconds, Stopping threads took: 0.0000206 seconds
32.877: [GC (Allocation Failure)  701289K->381769K(1033728K), 0.0043924 secs]
32.881: Total time for which application threads were stopped: 0.0045626 seconds, Stopping threads took: 0.0000199 seconds
32.946: [GC (Allocation Failure)  701257K->382409K(1033728K), 0.0045609 secs]
32.950: Total time for which application threads were stopped: 0.0047399 seconds, Stopping threads took: 0.0000200 seconds
33.019: [GC (Allocation Failure)  701897K->389803K(1033728K), 0.0069387 secs]
33.026: Total time for which application threads were stopped: 0.0071050 seconds, Stopping threads took: 0.0000198 seconds
33.091: [GC (Allocation Failure)  709291K->389771K(1033728K), 0.0044982 secs]
33.095: Total time for which application threads were stopped: 0.0046530 seconds, Stopping threads took: 0.0000216 seconds
33.156: [GC (Allocation Failure)  709259K->389867K(1033728K), 0.0043153 secs]
33.161: Total time for which application threads were stopped: 0.0044648 seconds, Stopping threads took: 0.0000239 seconds
33.226: [GC (Allocation Failure)  709355K->397901K(1033728K), 0.0041611 secs]
33.230: Total time for which application threads were stopped: 0.0043018 seconds, Stopping threads took: 0.0000258 seconds
33.293: [GC (Allocation Failure)  717389K->397869K(1033728K), 0.0043083 secs]
33.297: Total time for which application threads were stopped: 0.0044409 seconds, Stopping threads took: 0.0000181 seconds
33.357: [GC (Allocation Failure)  717357K->398861K(1033728K), 0.0045432 secs]
33.362: Total time for which application threads were stopped: 0.0046752 seconds, Stopping threads took: 0.0000189 seconds
33.427: [GC (Allocation Failure)  718349K->405904K(1033728K), 0.0041805 secs]
33.432: Total time for which application threads were stopped: 0.0043278 seconds, Stopping threads took: 0.0000231 seconds
33.496: [GC (Allocation Failure)  725392K->405872K(1033728K), 0.0044747 secs]
33.501: Total time for which application threads were stopped: 0.0045919 seconds, Stopping threads took: 0.0000149 seconds
33.561: [GC (Allocation Failure)  725360K->406064K(1033728K), 0.0057815 secs]
33.567: Total time for which application threads were stopped: 0.0059117 seconds, Stopping threads took: 0.0000185 seconds
33.631: [GC (Allocation Failure)  725552K->413906K(1033728K), 0.0071265 secs]
33.638: Total time for which application threads were stopped: 0.0072722 seconds, Stopping threads took: 0.0000245 seconds
33.702: [GC (Allocation Failure)  733394K->413906K(1033728K), 0.0042187 secs]
33.706: Total time for which application threads were stopped: 0.0043605 seconds, Stopping threads took: 0.0000183 seconds
33.767: [GC (Allocation Failure)  733394K->415338K(1033728K), 0.0046609 secs]
33.771: Total time for which application threads were stopped: 0.0048242 seconds, Stopping threads took: 0.0000241 seconds
33.837: [GC (Allocation Failure)  734826K->421964K(1033728K), 0.0080684 secs]
33.845: Total time for which application threads were stopped: 0.0082501 seconds, Stopping threads took: 0.0000253 seconds
33.910: [GC (Allocation Failure)  741452K->421932K(1033728K), 0.0045809 secs]
33.915: Total time for which application threads were stopped: 0.0047389 seconds, Stopping threads took: 0.0000169 seconds
33.977: [GC (Allocation Failure)  741420K->422572K(1033728K), 0.0046910 secs]
33.982: Total time for which application threads were stopped: 0.0048242 seconds, Stopping threads took: 0.0000186 seconds
34.046: [GC (Allocation Failure)  742060K->430030K(1033728K), 0.0044804 secs]
34.051: Total time for which application threads were stopped: 0.0046236 seconds, Stopping threads took: 0.0000178 seconds
34.114: [GC (Allocation Failure)  749518K->429998K(1033728K), 0.0043559 secs]
34.119: Total time for which application threads were stopped: 0.0044842 seconds, Stopping threads took: 0.0000161 seconds
34.179: [GC (Allocation Failure)  749486K->430758K(1033728K), 0.0044099 secs]
34.184: Total time for which application threads were stopped: 0.0045442 seconds, Stopping threads took: 0.0000248 seconds
34.249: [GC (Allocation Failure)  750246K->438057K(1033728K), 0.0044093 secs]
34.253: Total time for which application threads were stopped: 0.0045453 seconds, Stopping threads took: 0.0000180 seconds
34.315: [GC (Allocation Failure)  757545K->437993K(1033728K), 0.0043952 secs]
34.320: Total time for which application threads were stopped: 0.0045528 seconds, Stopping threads took: 0.0000243 seconds
34.380: [GC (Allocation Failure)  757481K->438985K(1033728K), 0.0045957 secs]
34.385: Total time for which application threads were stopped: 0.0047495 seconds, Stopping threads took: 0.0000241 seconds
34.448: [GC (Allocation Failure)  758473K->446027K(1033728K), 0.0045196 secs]
34.452: Total time for which application threads were stopped: 0.0046567 seconds, Stopping threads took: 0.0000198 seconds
34.514: [GC (Allocation Failure)  765515K->446027K(1033728K), 0.0044555 secs]
34.519: Total time for which application threads were stopped: 0.0046024 seconds, Stopping threads took: 0.0000238 seconds
34.579: [GC (Allocation Failure)  765515K->446251K(1033728K), 0.0045570 secs]
34.583: Total time for which application threads were stopped: 0.0046909 seconds, Stopping threads took: 0.0000190 seconds
34.649: [GC (Allocation Failure)  765739K->454061K(1027072K), 0.0043917 secs]
34.653: Total time for which application threads were stopped: 0.0045406 seconds, Stopping threads took: 0.0000209 seconds
34.716: [GC (Allocation Failure)  773549K->454093K(1033216K), 0.0043888 secs]
34.720: Total time for which application threads were stopped: 0.0045290 seconds, Stopping threads took: 0.0000247 seconds
34.782: [GC (Allocation Failure)  772557K->454437K(1033216K), 0.0046983 secs]
34.787: Total time for which application threads were stopped: 0.0048352 seconds, Stopping threads took: 0.0000198 seconds
34.853: [GC (Allocation Failure)  772901K->462087K(1033216K), 0.0045167 secs]
34.858: Total time for which application threads were stopped: 0.0046775 seconds, Stopping threads took: 0.0000172 seconds
34.925: [GC (Allocation Failure)  780551K->462087K(1033216K), 0.0046484 secs]
34.930: Total time for which application threads were stopped: 0.0048198 seconds, Stopping threads took: 0.0000270 seconds
34.993: [GC (Allocation Failure)  780551K->462695K(1033216K), 0.0044437 secs]
34.997: Total time for which application threads were stopped: 0.0045988 seconds, Stopping threads took: 0.0000275 seconds
35.060: [GC (Allocation Failure)  781159K->470154K(1033216K), 0.0064442 secs]
35.067: Total time for which application threads were stopped: 0.0065774 seconds, Stopping threads took: 0.0000196 seconds
35.129: [GC (Allocation Failure)  788618K->470122K(1033216K), 0.0045671 secs]
35.133: Total time for which application threads were stopped: 0.0046976 seconds, Stopping threads took: 0.0000190 seconds
35.196: [GC (Allocation Failure)  788586K->470922K(1033216K), 0.0045145 secs]
35.200: Total time for which application threads were stopped: 0.0046477 seconds, Stopping threads took: 0.0000181 seconds
35.264: [GC (Allocation Failure)  789386K->478188K(1033216K), 0.0046014 secs]
35.268: Total time for which application threads were stopped: 0.0047464 seconds, Stopping threads took: 0.0000238 seconds
35.329: [GC (Allocation Failure)  796652K->478156K(1033216K), 0.0044342 secs]
35.334: Total time for which application threads were stopped: 0.0045689 seconds, Stopping threads took: 0.0000189 seconds
35.394: [GC (Allocation Failure)  796620K->478244K(1033216K), 0.0068045 secs]
35.401: Total time for which application threads were stopped: 0.0069526 seconds, Stopping threads took: 0.0000239 seconds
35.468: [GC (Allocation Failure)  796708K->486182K(1033216K), 0.0047265 secs]
35.473: Total time for which application threads were stopped: 0.0048952 seconds, Stopping threads took: 0.0000205 seconds
35.536: [GC (Allocation Failure)  804646K->486182K(1033216K), 0.0046422 secs]
35.541: Total time for which application threads were stopped: 0.0047997 seconds, Stopping threads took: 0.0000210 seconds
35.601: [GC (Allocation Failure)  804646K->486342K(1033216K), 0.0046700 secs]
35.606: Total time for which application threads were stopped: 0.0048277 seconds, Stopping threads took: 0.0000239 seconds
35.668: [GC (Allocation Failure)  804806K->494216K(1033216K), 0.0054320 secs]
35.674: Total time for which application threads were stopped: 0.0055655 seconds, Stopping threads took: 0.0000189 seconds
35.737: [GC (Allocation Failure)  812680K->494216K(1033216K), 0.0044481 secs]
35.741: Total time for which application threads were stopped: 0.0045796 seconds, Stopping threads took: 0.0000196 seconds
35.803: [GC (Allocation Failure)  812680K->494568K(1033216K), 0.0046626 secs]
35.808: Total time for which application threads were stopped: 0.0048017 seconds, Stopping threads took: 0.0000173 seconds
35.872: [GC (Allocation Failure)  813032K->502251K(1033216K), 0.0047806 secs]
35.877: Total time for which application threads were stopped: 0.0049375 seconds, Stopping threads took: 0.0000167 seconds
35.941: [GC (Allocation Failure)  820715K->502251K(1033216K), 0.0045968 secs]
35.946: Total time for which application threads were stopped: 0.0047588 seconds, Stopping threads took: 0.0000198 seconds
36.009: [GC (Allocation Failure)  820715K->502315K(1033216K), 0.0047084 secs]
36.013: Total time for which application threads were stopped: 0.0048433 seconds, Stopping threads took: 0.0000194 seconds
36.075: [GC (Allocation Failure)  820779K->510285K(1033216K), 0.0046906 secs]
36.080: Total time for which application threads were stopped: 0.0048546 seconds, Stopping threads took: 0.0000246 seconds
36.143: [GC (Allocation Failure)  828749K->510317K(1033216K), 0.0045461 secs]
36.148: Total time for which application threads were stopped: 0.0046653 seconds, Stopping threads took: 0.0000161 seconds
36.209: [GC (Allocation Failure)  828781K->510541K(1033216K), 0.0045002 secs]
36.214: Total time for which application threads were stopped: 0.0046607 seconds, Stopping threads took: 0.0000249 seconds
36.279: [GC (Allocation Failure)  829005K->518351K(1033216K), 0.0046848 secs]
36.283: Total time for which application threads were stopped: 0.0048097 seconds, Stopping threads took: 0.0000165 seconds
36.345: [GC (Allocation Failure)  836815K->511661K(1033216K), 0.0022086 secs]
36.347: Total time for which application threads were stopped: 0.0023459 seconds, Stopping threads took: 0.0000181 seconds
36.411: [GC (Allocation Failure)  830125K->518479K(1033216K), 0.0046584 secs]
36.415: Total time for which application threads were stopped: 0.0048240 seconds, Stopping threads took: 0.0000178 seconds
36.476: [GC (Allocation Failure)  836943K->522471K(1033728K), 0.0054146 secs]
36.482: Total time for which application threads were stopped: 0.0055595 seconds, Stopping threads took: 0.0000177 seconds
36.546: [GC (Allocation Failure)  841959K->525253K(1030144K), 0.0057945 secs]
36.552: Total time for which application threads were stopped: 0.0059174 seconds, Stopping threads took: 0.0000161 seconds
36.615: [GC (Allocation Failure)  844741K->522599K(1032704K), 0.0046048 secs]
36.620: Total time for which application threads were stopped: 0.0047399 seconds, Stopping threads took: 0.0000187 seconds
36.682: [GC (Allocation Failure)  840039K->522471K(1032704K), 0.0043380 secs]
36.687: Total time for which application threads were stopped: 0.0044666 seconds, Stopping threads took: 0.0000253 seconds
36.748: [GC (Allocation Failure)  839911K->516197K(1033216K), 0.0022020 secs]
36.750: Total time for which application threads were stopped: 0.0023512 seconds, Stopping threads took: 0.0000251 seconds
36.816: [GC (Allocation Failure)  834661K->522503K(1033216K), 0.0053969 secs]
36.822: Total time for which application threads were stopped: 0.0055556 seconds, Stopping threads took: 0.0000192 seconds
36.888: [GC (Allocation Failure)  840967K->522471K(1033216K), 0.0046712 secs]
36.893: Total time for which application threads were stopped: 0.0048411 seconds, Stopping threads took: 0.0000200 seconds
36.958: [GC (Allocation Failure)  840935K->524487K(1033216K), 0.0048547 secs]
36.963: Total time for which application threads were stopped: 0.0050063 seconds, Stopping threads took: 0.0000204 seconds
37.028: [GC (Allocation Failure)  842951K->530505K(1033728K), 0.0045874 secs]
37.032: Total time for which application threads were stopped: 0.0047381 seconds, Stopping threads took: 0.0000202 seconds
37.097: [GC (Allocation Failure)  849993K->530505K(1033728K), 0.0046575 secs]
37.102: Total time for which application threads were stopped: 0.0047989 seconds, Stopping threads took: 0.0000170 seconds
37.166: [GC (Allocation Failure)  849993K->530665K(1033728K), 0.0045130 secs]
37.170: Total time for which application threads were stopped: 0.0046692 seconds, Stopping threads took: 0.0000264 seconds
37.234: [GC (Allocation Failure)  850153K->538604K(1033728K), 0.0043963 secs]
37.238: Total time for which application threads were stopped: 0.0045114 seconds, Stopping threads took: 0.0000234 seconds
37.302: [GC (Allocation Failure)  858092K->538540K(1033728K), 0.0046076 secs]
37.307: Total time for which application threads were stopped: 0.0047475 seconds, Stopping threads took: 0.0000177 seconds
37.369: [GC (Allocation Failure)  858028K->541956K(1033728K), 0.0054491 secs]
37.375: Total time for which application threads were stopped: 0.0055833 seconds, Stopping threads took: 0.0000190 seconds
37.439: [GC (Allocation Failure)  861444K->546566K(1034240K), 0.0046989 secs]
37.443: Total time for which application threads were stopped: 0.0048317 seconds, Stopping threads took: 0.0000191 seconds
37.508: [GC (Allocation Failure)  867078K->546598K(1034240K), 0.0046724 secs]
37.513: Total time for which application threads were stopped: 0.0048084 seconds, Stopping threads took: 0.0000261 seconds
37.578: [GC (Allocation Failure)  867110K->547110K(1034240K), 0.0048059 secs]
37.582: Total time for which application threads were stopped: 0.0049412 seconds, Stopping threads took: 0.0000188 seconds
37.646: [GC (Allocation Failure)  867622K->554664K(1028096K), 0.0067722 secs]
37.653: Total time for which application threads were stopped: 0.0069131 seconds, Stopping threads took: 0.0000189 seconds
37.719: [GC (Allocation Failure)  875176K->554568K(1034240K), 0.0073716 secs]
37.726: Total time for which application threads were stopped: 0.0075104 seconds, Stopping threads took: 0.0000191 seconds
37.789: [GC (Allocation Failure)  874568K->556904K(1033728K), 0.0050446 secs]
37.794: Total time for which application threads were stopped: 0.0051875 seconds, Stopping threads took: 0.0000217 seconds
37.862: [GC (Allocation Failure)  876904K->562667K(1034240K), 0.0050319 secs]
37.867: Total time for which application threads were stopped: 0.0052024 seconds, Stopping threads took: 0.0000200 seconds
37.934: [GC (Allocation Failure)  883179K->562635K(1034240K), 0.0045561 secs]
37.939: Total time for which application threads were stopped: 0.0047484 seconds, Stopping threads took: 0.0000191 seconds
38.003: [GC (Allocation Failure)  883147K->566691K(1034752K), 0.0058159 secs]
38.008: Total time for which application threads were stopped: 0.0059458 seconds, Stopping threads took: 0.0000161 seconds
38.072: [GC (Allocation Failure)  887715K->570661K(1034240K), 0.0046701 secs]
38.077: Total time for which application threads were stopped: 0.0048318 seconds, Stopping threads took: 0.0000241 seconds
38.141: [GC (Allocation Failure)  891685K->570629K(1034752K), 0.0045008 secs]
38.145: Total time for which application threads were stopped: 0.0046238 seconds, Stopping threads took: 0.0000154 seconds
38.208: [GC (Allocation Failure)  892165K->570829K(1021440K), 0.0045819 secs]
38.213: Total time for which application threads were stopped: 0.0047455 seconds, Stopping threads took: 0.0000261 seconds
38.278: [GC (Allocation Failure)  892365K->578735K(1034240K), 0.0044861 secs]
38.283: Total time for which application threads were stopped: 0.0046253 seconds, Stopping threads took: 0.0000172 seconds
38.347: [GC (Allocation Failure)  899247K->578703K(1034240K), 0.0045353 secs]
38.352: Total time for which application threads were stopped: 0.0046706 seconds, Stopping threads took: 0.0000190 seconds
38.414: [GC (Allocation Failure)  899215K->582055K(1034752K), 0.0054464 secs]
38.420: Total time for which application threads were stopped: 0.0055877 seconds, Stopping threads took: 0.0000183 seconds
38.481: [GC (Allocation Failure)  903079K->586825K(1034240K), 0.0101002 secs]
38.491: Total time for which application threads were stopped: 0.0102493 seconds, Stopping threads took: 0.0000187 seconds
38.555: [GC (Allocation Failure)  907849K->586729K(1034752K), 0.0045799 secs]
38.560: Total time for which application threads were stopped: 0.0047156 seconds, Stopping threads took: 0.0000162 seconds
38.625: [GC (Allocation Failure)  908265K->590281K(1034752K), 0.0054017 secs]
38.630: Total time for which application threads were stopped: 0.0055402 seconds, Stopping threads took: 0.0000162 seconds
38.696: [GC (Allocation Failure)  911817K->594764K(1034752K), 0.0048196 secs]
38.701: Total time for which application threads were stopped: 0.0049565 seconds, Stopping threads took: 0.0000255 seconds
38.766: [GC (Allocation Failure)  916300K->594796K(1034752K), 0.0046120 secs]
38.771: Total time for which application threads were stopped: 0.0047599 seconds, Stopping threads took: 0.0000189 seconds
38.836: [GC (Allocation Failure)  916332K->595436K(1034752K), 0.0073611 secs]
38.843: Total time for which application threads were stopped: 0.0075163 seconds, Stopping threads took: 0.0000248 seconds
38.911: [GC (Allocation Failure)  916972K->602830K(1034752K), 0.0047117 secs]
38.915: Total time for which application threads were stopped: 0.0048830 seconds, Stopping threads took: 0.0000196 seconds
38.980: [GC (Allocation Failure)  924366K->602798K(1034752K), 0.0046829 secs]
38.985: Total time for which application threads were stopped: 0.0048275 seconds, Stopping threads took: 0.0000279 seconds
39.045: [GC (Allocation Failure)  924334K->604710K(1034752K), 0.0051158 secs]
39.050: Total time for which application threads were stopped: 0.0052757 seconds, Stopping threads took: 0.0000274 seconds
39.114: [GC (Allocation Failure)  926246K->610888K(1034752K), 0.0047064 secs]
39.119: Total time for which application threads were stopped: 0.0048829 seconds, Stopping threads took: 0.0000246 seconds
39.182: [GC (Allocation Failure)  932424K->610792K(1034752K), 0.0045501 secs]
39.187: Total time for which application threads were stopped: 0.0046825 seconds, Stopping threads took: 0.0000175 seconds
39.247: [GC (Allocation Failure)  932328K->613992K(1034752K), 0.0055748 secs]
39.253: Total time for which application threads were stopped: 0.0057244 seconds, Stopping threads took: 0.0000277 seconds
39.319: [GC (Allocation Failure)  935528K->618986K(1034752K), 0.0048220 secs]
39.324: Total time for which application threads were stopped: 0.0049714 seconds, Stopping threads took: 0.0000186 seconds
39.388: [GC (Allocation Failure)  940522K->618858K(1034752K), 0.0065101 secs]
39.395: Total time for which application threads were stopped: 0.0066440 seconds, Stopping threads took: 0.0000174 seconds
39.457: [GC (Allocation Failure)  940394K->619114K(1034752K), 0.0048881 secs]
39.462: Total time for which application threads were stopped: 0.0050302 seconds, Stopping threads took: 0.0000181 seconds
39.525: [GC (Allocation Failure)  940650K->626989K(1033728K), 0.0048611 secs]
39.530: Total time for which application threads were stopped: 0.0049983 seconds, Stopping threads took: 0.0000176 seconds
39.593: [GC (Allocation Failure)  947501K->626925K(1034240K), 0.0049757 secs]
39.598: Total time for which application threads were stopped: 0.0051089 seconds, Stopping threads took: 0.0000177 seconds
39.660: [GC (Allocation Failure)  947437K->630445K(1034752K), 0.0057560 secs]
39.666: Total time for which application threads were stopped: 0.0058988 seconds, Stopping threads took: 0.0000260 seconds
39.729: [GC (Allocation Failure)  951469K->634959K(1034240K), 0.0047086 secs]
39.733: Total time for which application threads were stopped: 0.0048496 seconds, Stopping threads took: 0.0000271 seconds
39.798: [GC (Allocation Failure)  955983K->634927K(1034752K), 0.0047425 secs]
39.803: Total time for which application threads were stopped: 0.0048686 seconds, Stopping threads took: 0.0000180 seconds
39.871: [GC (Allocation Failure)  956463K->638663K(1034752K), 0.0057987 secs]
39.877: Total time for which application threads were stopped: 0.0059696 seconds, Stopping threads took: 0.0000195 seconds
39.944: [GC (Allocation Failure)  960199K->642953K(1035264K), 0.0049660 secs]
39.949: Total time for which application threads were stopped: 0.0051573 seconds, Stopping threads took: 0.0000196 seconds
40.017: [GC (Allocation Failure)  965513K->642985K(1035264K), 0.0053570 secs]
40.022: Total time for which application threads were stopped: 0.0054860 seconds, Stopping threads took: 0.0000166 seconds
40.085: [GC (Allocation Failure)  965545K->645897K(1035264K), 0.0053700 secs]
40.091: Total time for which application threads were stopped: 0.0055295 seconds, Stopping threads took: 0.0000189 seconds
40.155: [GC (Allocation Failure)  968457K->650987K(1035264K), 0.0049147 secs]
40.160: Total time for which application threads were stopped: 0.0050613 seconds, Stopping threads took: 0.0000183 seconds
40.224: [GC (Allocation Failure)  973547K->650955K(1035264K), 0.0049123 secs]
40.229: Total time for which application threads were stopped: 0.0050479 seconds, Stopping threads took: 0.0000190 seconds
40.291: [GC (Allocation Failure)  973515K->654147K(1035264K), 0.0055285 secs]
40.297: Total time for which application threads were stopped: 0.0056649 seconds, Stopping threads took: 0.0000186 seconds
40.361: [GC (Allocation Failure)  976707K->659110K(1035264K), 0.0050603 secs]
40.366: Total time for which application threads were stopped: 0.0052124 seconds, Stopping threads took: 0.0000184 seconds
40.431: [GC (Allocation Failure)  981670K->659046K(1035264K), 0.0045654 secs]
40.436: Total time for which application threads were stopped: 0.0047237 seconds, Stopping threads took: 0.0000236 seconds
40.498: [GC (Allocation Failure)  981606K->662374K(1035264K), 0.0056221 secs]
40.503: Total time for which application threads were stopped: 0.0057767 seconds, Stopping threads took: 0.0000186 seconds
40.569: [GC (Allocation Failure)  984934K->667080K(1035264K), 0.0049615 secs]
40.574: Total time for which application threads were stopped: 0.0050994 seconds, Stopping threads took: 0.0000158 seconds
40.640: [GC (Allocation Failure)  989640K->667048K(1035264K), 0.0064457 secs]
40.646: Total time for which application threads were stopped: 0.0066070 seconds, Stopping threads took: 0.0000195 seconds
40.711: [GC (Allocation Failure)  989608K->670600K(1035264K), 0.0055585 secs]
40.717: Total time for which application threads were stopped: 0.0056857 seconds, Stopping threads took: 0.0000159 seconds
40.782: [GC (Allocation Failure)  993160K->675082K(1035776K), 0.0049789 secs]
40.788: Total time for which application threads were stopped: 0.0051348 seconds, Stopping threads took: 0.0000200 seconds
40.853: [GC (Allocation Failure)  998666K->675082K(1035776K), 0.0049158 secs]
40.858: Total time for which application threads were stopped: 0.0050829 seconds, Stopping threads took: 0.0000196 seconds
40.923: [GC (Allocation Failure)  998666K->668712K(1034752K), 0.0025392 secs]
40.926: Total time for which application threads were stopped: 0.0027005 seconds, Stopping threads took: 0.0000196 seconds
40.992: [GC (Allocation Failure)  991272K->675306K(1035264K), 0.0051907 secs]
40.997: Total time for which application threads were stopped: 0.0053580 seconds, Stopping threads took: 0.0000202 seconds
41.062: [GC (Allocation Failure)  997866K->675082K(1035264K), 0.0049338 secs]
41.067: Total time for which application threads were stopped: 0.0050857 seconds, Stopping threads took: 0.0000195 seconds
41.132: [GC (Allocation Failure)  997642K->673032K(1035264K), 0.0041106 secs]
41.136: Total time for which application threads were stopped: 0.0042507 seconds, Stopping threads took: 0.0000169 seconds
41.201: [GC (Allocation Failure)  995592K->675242K(1035776K), 0.0048144 secs]
41.206: Total time for which application threads were stopped: 0.0049760 seconds, Stopping threads took: 0.0000266 seconds
41.269: [GC (Allocation Failure)  998826K->675082K(1035776K), 0.0048393 secs]
41.274: Total time for which application threads were stopped: 0.0049716 seconds, Stopping threads took: 0.0000176 seconds
41.335: [GC (Allocation Failure)  998666K->679400K(1032704K), 0.0067468 secs]
41.342: Total time for which application threads were stopped: 0.0068974 seconds, Stopping threads took: 0.0000189 seconds
41.406: [GC (Allocation Failure)  999912K->675178K(1034240K), 0.0050859 secs]
41.412: Total time for which application threads were stopped: 0.0052388 seconds, Stopping threads took: 0.0000260 seconds
41.475: [GC (Allocation Failure)  995690K->675082K(1035264K), 0.0049071 secs]
41.480: Total time for which application threads were stopped: 0.0050536 seconds, Stopping threads took: 0.0000197 seconds
41.543: [GC (Allocation Failure)  997130K->679048K(1033728K), 0.0065079 secs]
41.549: Total time for which application threads were stopped: 0.0066515 seconds, Stopping threads took: 0.0000197 seconds
41.615: [GC (Allocation Failure)  1001096K->675114K(1034752K), 0.0047021 secs]
41.620: Total time for which application threads were stopped: 0.0048437 seconds, Stopping threads took: 0.0000180 seconds
41.684: [GC (Allocation Failure)  995626K->675082K(1033728K), 0.0047173 secs]
41.688: Total time for which application threads were stopped: 0.0048516 seconds, Stopping threads took: 0.0000192 seconds
41.752: [GC (Allocation Failure)  995594K->678728K(1033216K), 0.0064421 secs]
41.758: Total time for which application threads were stopped: 0.0065797 seconds, Stopping threads took: 0.0000192 seconds
41.822: [GC (Allocation Failure)  999240K->675306K(1034240K), 0.0057020 secs]
41.828: Total time for which application threads were stopped: 0.0058418 seconds, Stopping threads took: 0.0000166 seconds
41.895: [GC (Allocation Failure)  995818K->675082K(1035264K), 0.0050224 secs]
41.900: Total time for which application threads were stopped: 0.0051923 seconds, Stopping threads took: 0.0000198 seconds
41.965: [GC (Allocation Failure)  997130K->678472K(1034752K), 0.0062806 secs]
41.971: Total time for which application threads were stopped: 0.0064265 seconds, Stopping threads took: 0.0000198 seconds
42.035: [GC (Allocation Failure)  1000520K->675274K(1035264K), 0.0050067 secs]
42.040: Total time for which application threads were stopped: 0.0051530 seconds, Stopping threads took: 0.0000273 seconds
42.103: [GC (Allocation Failure)  997322K->675082K(1034752K), 0.0048223 secs]
42.108: Total time for which application threads were stopped: 0.0049767 seconds, Stopping threads took: 0.0000190 seconds
42.173: [GC (Allocation Failure)  997130K->681168K(1032192K), 0.0075481 secs]
42.181: Total time for which application threads were stopped: 0.0076880 seconds, Stopping threads took: 0.0000193 seconds
42.245: [GC (Allocation Failure)  1000656K->676050K(1033728K), 0.0048972 secs]
42.250: Total time for which application threads were stopped: 0.0050402 seconds, Stopping threads took: 0.0000268 seconds
42.314: [GC (Allocation Failure)  995538K->675922K(1034752K), 0.0048856 secs]
42.319: Total time for which application threads were stopped: 0.0050263 seconds, Stopping threads took: 0.0000190 seconds
42.382: [GC (Allocation Failure)  996946K->678640K(1034240K), 0.0060973 secs]
42.388: Total time for which application threads were stopped: 0.0062442 seconds, Stopping threads took: 0.0000197 seconds
42.452: [GC (Allocation Failure)  999664K->675986K(1034752K), 0.0048426 secs]
42.457: Total time for which application threads were stopped: 0.0050003 seconds, Stopping threads took: 0.0000276 seconds
42.521: [GC (Allocation Failure)  997010K->675922K(1034240K), 0.0048648 secs]
42.526: Total time for which application threads were stopped: 0.0050320 seconds, Stopping threads took: 0.0000234 seconds
42.589: [GC (Allocation Failure)  996946K->678352K(1034752K), 0.0059572 secs]
42.595: Total time for which application threads were stopped: 0.0060964 seconds, Stopping threads took: 0.0000193 seconds
42.660: [GC (Allocation Failure)  999888K->676146K(1034752K), 0.0049059 secs]
42.665: Total time for which application threads were stopped: 0.0050462 seconds, Stopping threads took: 0.0000263 seconds
42.728: [GC (Allocation Failure)  997682K->675954K(1035264K), 0.0047338 secs]
42.733: Total time for which application threads were stopped: 0.0048751 seconds, Stopping threads took: 0.0000190 seconds
42.796: [GC (Allocation Failure)  998514K->680560K(1034752K), 0.0070500 secs]
42.803: Total time for which application threads were stopped: 0.0071926 seconds, Stopping threads took: 0.0000190 seconds
42.873: [GC (Allocation Failure)  1003120K->676146K(1034752K), 0.0050889 secs]
42.878: Total time for which application threads were stopped: 0.0052482 seconds, Stopping threads took: 0.0000193 seconds
42.946: [GC (Allocation Failure)  997682K->675890K(1034752K), 0.0046492 secs]
42.951: Total time for which application threads were stopped: 0.0048092 seconds, Stopping threads took: 0.0000203 seconds
43.015: [GC (Allocation Failure)  997426K->682792K(1031680K), 0.0081126 secs]
43.023: Total time for which application threads were stopped: 0.0082571 seconds, Stopping threads took: 0.0000189 seconds
43.090: [GC (Allocation Failure)  1001256K->677162K(1033216K), 0.0050966 secs]
43.095: Total time for which application threads were stopped: 0.0052436 seconds, Stopping threads took: 0.0000173 seconds
43.160: [GC (Allocation Failure)  995626K->677034K(1033728K), 0.0049904 secs]
43.165: Total time for which application threads were stopped: 0.0051574 seconds, Stopping threads took: 0.0000196 seconds
43.228: [GC (Allocation Failure)  996522K->676968K(1033728K), 0.0064186 secs]
43.235: Total time for which application threads were stopped: 0.0065628 seconds, Stopping threads took: 0.0000258 seconds
43.298: [GC (Allocation Failure)  996456K->677130K(1034240K), 0.0048336 secs]
43.303: Total time for which application threads were stopped: 0.0049711 seconds, Stopping threads took: 0.0000185 seconds
43.366: [GC (Allocation Failure)  997642K->677034K(1034240K), 0.0046837 secs]
43.371: Total time for which application threads were stopped: 0.0048147 seconds, Stopping threads took: 0.0000180 seconds
43.435: [GC (Allocation Failure)  997546K->674088K(1033728K), 0.0038863 secs]
43.439: Total time for which application threads were stopped: 0.0040164 seconds, Stopping threads took: 0.0000187 seconds
43.504: [GC (Allocation Failure)  994600K->677098K(1034240K), 0.0047225 secs]
43.509: Total time for which application threads were stopped: 0.0049085 seconds, Stopping threads took: 0.0000184 seconds
43.575: [GC (Allocation Failure)  997610K->677034K(1035264K), 0.0048952 secs]
43.580: Total time for which application threads were stopped: 0.0050190 seconds, Stopping threads took: 0.0000151 seconds
43.644: [GC (Allocation Failure)  999082K->673768K(1034752K), 0.0037760 secs]
43.648: Total time for which application threads were stopped: 0.0039143 seconds, Stopping threads took: 0.0000186 seconds
43.713: [GC (Allocation Failure)  995816K->677258K(1035776K), 0.0048469 secs]
43.718: Total time for which application threads were stopped: 0.0050026 seconds, Stopping threads took: 0.0000252 seconds
43.784: [GC (Allocation Failure)  1000330K->677034K(1035264K), 0.0047576 secs]
43.789: Total time for which application threads were stopped: 0.0048918 seconds, Stopping threads took: 0.0000153 seconds
43.855: [GC (Allocation Failure)  1000106K->678568K(1035776K), 0.0057324 secs]
43.860: Total time for which application threads were stopped: 0.0058820 seconds, Stopping threads took: 0.0000165 seconds
43.927: [GC (Allocation Failure)  1002152K->677226K(1035776K), 0.0052099 secs]
43.933: Total time for which application threads were stopped: 0.0053571 seconds, Stopping threads took: 0.0000200 seconds
43.997: [GC (Allocation Failure)  1000810K->677066K(1036800K), 0.0049896 secs]
44.002: Total time for which application threads were stopped: 0.0051483 seconds, Stopping threads took: 0.0000246 seconds
44.066: [GC (Allocation Failure)  1002186K->671112K(1027072K), 0.0028670 secs]
44.069: Total time for which application threads were stopped: 0.0030260 seconds, Stopping threads took: 0.0000247 seconds
44.133: [GC (Allocation Failure)  996232K->677194K(1036288K), 0.0049167 secs]
44.138: Total time for which application threads were stopped: 0.0050515 seconds, Stopping threads took: 0.0000192 seconds
44.204: [GC (Allocation Failure)  1001290K->681186K(1035776K), 0.0052269 secs]
44.209: Total time for which application threads were stopped: 0.0053533 seconds, Stopping threads took: 0.0000162 seconds
44.273: [GC (Allocation Failure)  1005282K->681186K(1036800K), 0.0048860 secs]
44.278: Total time for which application threads were stopped: 0.0050445 seconds, Stopping threads took: 0.0000193 seconds
44.340: [GC (Allocation Failure)  1006306K->681354K(1025024K), 0.0050115 secs]
44.345: Total time for which application threads were stopped: 0.0051494 seconds, Stopping threads took: 0.0000184 seconds
44.410: [GC (Allocation Failure)  1006474K->689261K(1035776K), 0.0048910 secs]
44.415: Total time for which application threads were stopped: 0.0050465 seconds, Stopping threads took: 0.0000193 seconds
44.479: [GC (Allocation Failure)  1012845K->689229K(1035776K), 0.0048651 secs]
44.484: Total time for which application threads were stopped: 0.0050303 seconds, Stopping threads took: 0.0000242 seconds
44.547: [GC (Allocation Failure)  1012813K->689293K(1034240K), 0.0051179 secs]
44.552: [Full GC (Ergonomics)  689293K->8539K(1034240K), 0.0124959 secs]
44.565: Total time for which application threads were stopped: 0.0178619 seconds, Stopping threads took: 0.0000237 seconds
44.628: [GC (Allocation Failure)  331099K->17085K(1035264K), 0.0037722 secs]
44.632: Total time for which application threads were stopped: 0.0039138 seconds, Stopping threads took: 0.0000245 seconds
44.695: [GC (Allocation Failure)  339645K->17109K(1035264K), 0.0034407 secs]
44.699: Total time for which application threads were stopped: 0.0035732 seconds, Stopping threads took: 0.0000252 seconds
44.762: [GC (Allocation Failure)  339669K->17365K(1022464K), 0.0036365 secs]
44.766: Total time for which application threads were stopped: 0.0037714 seconds, Stopping threads took: 0.0000160 seconds
44.832: [GC (Allocation Failure)  339925K->25143K(1034752K), 0.0043971 secs]
44.837: Total time for which application threads were stopped: 0.0045285 seconds, Stopping threads took: 0.0000152 seconds
44.904: [GC (Allocation Failure)  346679K->25143K(1034752K), 0.0033939 secs]
44.908: Total time for which application threads were stopped: 0.0036137 seconds, Stopping threads took: 0.0000198 seconds
44.976: [GC (Allocation Failure)  346679K->25199K(1034752K), 0.0035601 secs]
44.980: Total time for which application threads were stopped: 0.0037047 seconds, Stopping threads took: 0.0000163 seconds
45.046: [GC (Allocation Failure)  346735K->33202K(1034752K), 0.0035475 secs]
45.050: Total time for which application threads were stopped: 0.0037114 seconds, Stopping threads took: 0.0000210 seconds
45.116: [GC (Allocation Failure)  354738K->33170K(1034752K), 0.0035673 secs]
45.119: Total time for which application threads were stopped: 0.0037471 seconds, Stopping threads took: 0.0000190 seconds
45.182: [GC (Allocation Failure)  354706K->33322K(1021440K), 0.0037345 secs]
45.186: Total time for which application threads were stopped: 0.0038609 seconds, Stopping threads took: 0.0000178 seconds
45.249: [GC (Allocation Failure)  354858K->41196K(1034240K), 0.0037016 secs]
45.252: Total time for which application threads were stopped: 0.0038479 seconds, Stopping threads took: 0.0000183 seconds
45.316: [GC (Allocation Failure)  361708K->41196K(1034240K), 0.0035134 secs]
45.320: Total time for which application threads were stopped: 0.0036457 seconds, Stopping threads took: 0.0000191 seconds
45.384: [GC (Allocation Failure)  361708K->41548K(1034240K), 0.0037110 secs]
45.387: Total time for which application threads were stopped: 0.0038389 seconds, Stopping threads took: 0.0000195 seconds
45.451: [GC (Allocation Failure)  362060K->49262K(1028096K), 0.0034359 secs]
45.454: Total time for which application threads were stopped: 0.0035505 seconds, Stopping threads took: 0.0000180 seconds
45.519: [GC (Allocation Failure)  369774K->49230K(1034240K), 0.0033137 secs]
45.522: Total time for which application threads were stopped: 0.0034554 seconds, Stopping threads took: 0.0000193 seconds
45.584: [GC (Allocation Failure)  369230K->49294K(1033728K), 0.0036547 secs]
45.588: Total time for which application threads were stopped: 0.0037860 seconds, Stopping threads took: 0.0000179 seconds
45.650: [GC (Allocation Failure)  369294K->57264K(1033728K), 0.0034732 secs]
45.654: Total time for which application threads were stopped: 0.0036281 seconds, Stopping threads took: 0.0000179 seconds
45.719: [GC (Allocation Failure)  376752K->57296K(1033728K), 0.0034631 secs]
45.722: Total time for which application threads were stopped: 0.0036074 seconds, Stopping threads took: 0.0000185 seconds
45.785: [GC (Allocation Failure)  376784K->57512K(1033728K), 0.0035851 secs]
45.789: Total time for which application threads were stopped: 0.0037127 seconds, Stopping threads took: 0.0000198 seconds
45.855: [GC (Allocation Failure)  377000K->65291K(1033728K), 0.0039149 secs]
45.859: Total time for which application threads were stopped: 0.0041059 seconds, Stopping threads took: 0.0000191 seconds
45.928: [GC (Allocation Failure)  384779K->65291K(1033728K), 0.0036100 secs]
45.932: Total time for which application threads were stopped: 0.0037564 seconds, Stopping threads took: 0.0000168 seconds
45.994: [GC (Allocation Failure)  384779K->65355K(1033728K), 0.0036984 secs]
45.998: Total time for which application threads were stopped: 0.0038358 seconds, Stopping threads took: 0.0000203 seconds
46.062: [GC (Allocation Failure)  384843K->73325K(1032704K), 0.0036781 secs]
46.066: Total time for which application threads were stopped: 0.0038057 seconds, Stopping threads took: 0.0000185 seconds
46.129: [GC (Allocation Failure)  391789K->73325K(1033216K), 0.0036809 secs]
46.133: Total time for which application threads were stopped: 0.0038167 seconds, Stopping threads took: 0.0000258 seconds
46.193: [GC (Allocation Failure)  391789K->73485K(1033216K), 0.0035812 secs]
46.197: Total time for which application threads were stopped: 0.0037176 seconds, Stopping threads took: 0.0000245 seconds
46.260: [GC (Allocation Failure)  391949K->81359K(1033216K), 0.0035234 secs]
46.263: Total time for which application threads were stopped: 0.0036783 seconds, Stopping threads took: 0.0000270 seconds
46.323: [GC (Allocation Failure)  399823K->77453K(1034240K), 0.0028707 secs]
46.326: Total time for which application threads were stopped: 0.0029978 seconds, Stopping threads took: 0.0000186 seconds
46.390: [GC (Allocation Failure)  396941K->81519K(1033216K), 0.0037691 secs]
46.394: Total time for which application threads were stopped: 0.0039011 seconds, Stopping threads took: 0.0000191 seconds
46.457: [GC (Allocation Failure)  401007K->85487K(1033728K), 0.0035842 secs]
46.461: Total time for which application threads were stopped: 0.0037173 seconds, Stopping threads took: 0.0000189 seconds
46.521: [GC (Allocation Failure)  405999K->77645K(1034240K), 0.0006938 secs]
46.522: Total time for which application threads were stopped: 0.0008283 seconds, Stopping threads took: 0.0000266 seconds
46.587: [GC (Allocation Failure)  398157K->85527K(1034240K), 0.0037001 secs]
46.591: Total time for which application threads were stopped: 0.0038241 seconds, Stopping threads took: 0.0000171 seconds
46.655: [GC (Allocation Failure)  406039K->89679K(1034240K), 0.0052202 secs]
46.660: Total time for which application threads were stopped: 0.0053712 seconds, Stopping threads took: 0.0000236 seconds
46.725: [GC (Allocation Failure)  410191K->96349K(1029120K), 0.0067391 secs]
46.732: Total time for which application threads were stopped: 0.0068911 seconds, Stopping threads took: 0.0000184 seconds
46.794: [GC (Allocation Failure)  411741K->90303K(1031680K), 0.0039122 secs]
46.798: Total time for which application threads were stopped: 0.0040560 seconds, Stopping threads took: 0.0000234 seconds
46.863: [GC (Allocation Failure)  405695K->90079K(1032192K), 0.0038423 secs]
46.867: Total time for which application threads were stopped: 0.0040103 seconds, Stopping threads took: 0.0000192 seconds
46.931: [GC (Allocation Failure)  405983K->92263K(1031680K), 0.0041036 secs]
46.935: Total time for which application threads were stopped: 0.0042589 seconds, Stopping threads took: 0.0000191 seconds
47.003: [GC (Allocation Failure)  408167K->98185K(1032704K), 0.0045980 secs]
47.008: Total time for which application threads were stopped: 0.0047767 seconds, Stopping threads took: 0.0000193 seconds
47.073: [GC (Allocation Failure)  415625K->98153K(1032704K), 0.0065594 secs]
47.080: Total time for which application threads were stopped: 0.0067109 seconds, Stopping threads took: 0.0000207 seconds
47.142: [GC (Allocation Failure)  415593K->99977K(1033216K), 0.0040494 secs]
47.146: Total time for which application threads were stopped: 0.0042044 seconds, Stopping threads took: 0.0000297 seconds
47.210: [GC (Allocation Failure)  418441K->106252K(1033216K), 0.0036872 secs]
47.214: Total time for which application threads were stopped: 0.0038261 seconds, Stopping threads took: 0.0000257 seconds
47.277: [GC (Allocation Failure)  424716K->106156K(1033728K), 0.0035468 secs]
47.281: Total time for which application threads were stopped: 0.0036822 seconds, Stopping threads took: 0.0000263 seconds
47.345: [GC (Allocation Failure)  425132K->108748K(1033216K), 0.0041899 secs]
47.349: Total time for which application threads were stopped: 0.0043259 seconds, Stopping threads took: 0.0000185 seconds
47.414: [GC (Allocation Failure)  427724K->114254K(1033728K), 0.0037293 secs]
47.417: Total time for which application threads were stopped: 0.0038628 seconds, Stopping threads took: 0.0000184 seconds
47.481: [GC (Allocation Failure)  433742K->114158K(1033728K), 0.0036247 secs]
47.485: Total time for which application threads were stopped: 0.0037561 seconds, Stopping threads took: 0.0000250 seconds
47.547: [GC (Allocation Failure)  433646K->115430K(1033216K), 0.0047170 secs]
47.552: Total time for which application threads were stopped: 0.0048617 seconds, Stopping threads took: 0.0000190 seconds
47.615: [GC (Allocation Failure)  434918K->122248K(1033728K), 0.0038767 secs]
47.619: Total time for which application threads were stopped: 0.0040108 seconds, Stopping threads took: 0.0000178 seconds
47.683: [GC (Allocation Failure)  441736K->122248K(1034240K), 0.0038586 secs]
47.687: Total time for which application threads were stopped: 0.0040012 seconds, Stopping threads took: 0.0000207 seconds
47.751: [GC (Allocation Failure)  442760K->123656K(1034240K), 0.0039743 secs]
47.755: Total time for which application threads were stopped: 0.0041044 seconds, Stopping threads took: 0.0000185 seconds
47.821: [GC (Allocation Failure)  444168K->130283K(1034240K), 0.0043368 secs]
47.825: Total time for which application threads were stopped: 0.0044940 seconds, Stopping threads took: 0.0000256 seconds
47.892: [GC (Allocation Failure)  450795K->130283K(1034240K), 0.0037688 secs]
47.896: Total time for which application threads were stopped: 0.0039308 seconds, Stopping threads took: 0.0000196 seconds
47.964: [GC (Allocation Failure)  450795K->130347K(1033216K), 0.0037921 secs]
47.967: Total time for which application threads were stopped: 0.0039508 seconds, Stopping threads took: 0.0000197 seconds
48.034: [GC (Allocation Failure)  449835K->138317K(1033728K), 0.0039189 secs]
48.038: Total time for which application threads were stopped: 0.0040496 seconds, Stopping threads took: 0.0000168 seconds
48.103: [GC (Allocation Failure)  457805K->138285K(1033728K), 0.0038249 secs]
48.107: Total time for which application threads were stopped: 0.0039649 seconds, Stopping threads took: 0.0000192 seconds
48.171: [GC (Allocation Failure)  457773K->139109K(1033728K), 0.0038752 secs]
48.175: Total time for which application threads were stopped: 0.0040117 seconds, Stopping threads took: 0.0000189 seconds
48.241: [GC (Allocation Failure)  458597K->146375K(1033728K), 0.0036198 secs]
48.245: Total time for which application threads were stopped: 0.0037425 seconds, Stopping threads took: 0.0000240 seconds
48.308: [GC (Allocation Failure)  465863K->146343K(1033728K), 0.0037779 secs]
48.312: Total time for which application threads were stopped: 0.0039070 seconds, Stopping threads took: 0.0000178 seconds
48.374: [GC (Allocation Failure)  465831K->148423K(1034240K), 0.0042267 secs]
48.379: Total time for which application threads were stopped: 0.0043727 seconds, Stopping threads took: 0.0000189 seconds
48.444: [GC (Allocation Failure)  468423K->154409K(1033728K), 0.0039884 secs]
48.448: Total time for which application threads were stopped: 0.0041199 seconds, Stopping threads took: 0.0000179 seconds
48.510: [GC (Allocation Failure)  474409K->154345K(1034240K), 0.0037464 secs]
48.513: Total time for which application threads were stopped: 0.0038826 seconds, Stopping threads took: 0.0000182 seconds
48.576: [GC (Allocation Failure)  474857K->154569K(1020416K), 0.0038397 secs]
48.580: Total time for which application threads were stopped: 0.0039683 seconds, Stopping threads took: 0.0000189 seconds
48.646: [GC (Allocation Failure)  475081K->162476K(1033728K), 0.0038464 secs]
48.650: Total time for which application threads were stopped: 0.0039760 seconds, Stopping threads took: 0.0000179 seconds
48.714: [GC (Allocation Failure)  481964K->162380K(1033728K), 0.0038666 secs]
48.718: Total time for which application threads were stopped: 0.0040055 seconds, Stopping threads took: 0.0000261 seconds
48.782: [GC (Allocation Failure)  481868K->162820K(1033728K), 0.0043262 secs]
48.786: Total time for which application threads were stopped: 0.0044596 seconds, Stopping threads took: 0.0000184 seconds
48.852: [GC (Allocation Failure)  482308K->170438K(1033728K), 0.0041480 secs]
48.856: Total time for which application threads were stopped: 0.0043250 seconds, Stopping threads took: 0.0000190 seconds
48.923: [GC (Allocation Failure)  489926K->170406K(1033728K), 0.0040627 secs]
48.928: Total time for which application threads were stopped: 0.0042439 seconds, Stopping threads took: 0.0000198 seconds
48.992: [GC (Allocation Failure)  489894K->171022K(1033728K), 0.0041347 secs]
48.996: Total time for which application threads were stopped: 0.0043054 seconds, Stopping threads took: 0.0000255 seconds
49.062: [GC (Allocation Failure)  490510K->178512K(1033728K), 0.0040326 secs]
49.066: Total time for which application threads were stopped: 0.0041731 seconds, Stopping threads took: 0.0000184 seconds
49.129: [GC (Allocation Failure)  498000K->178448K(1033728K), 0.0040195 secs]
49.133: Total time for which application threads were stopped: 0.0041476 seconds, Stopping threads took: 0.0000176 seconds
49.194: [GC (Allocation Failure)  497936K->180328K(1033728K), 0.0043329 secs]
49.199: Total time for which application threads were stopped: 0.0044695 seconds, Stopping threads took: 0.0000258 seconds
49.262: [GC (Allocation Failure)  499816K->186474K(1033728K), 0.0039849 secs]
49.266: Total time for which application threads were stopped: 0.0041242 seconds, Stopping threads took: 0.0000184 seconds
49.332: [GC (Allocation Failure)  505962K->186442K(1033728K), 0.0039309 secs]
49.336: Total time for which application threads were stopped: 0.0040800 seconds, Stopping threads took: 0.0000195 seconds
49.398: [GC (Allocation Failure)  505930K->187498K(1033728K), 0.0041309 secs]
49.402: Total time for which application threads were stopped: 0.0042683 seconds, Stopping threads took: 0.0000204 seconds
49.463: [GC (Allocation Failure)  506986K->194541K(1033728K), 0.0038629 secs]
49.467: Total time for which application threads were stopped: 0.0040132 seconds, Stopping threads took: 0.0000179 seconds
49.531: [GC (Allocation Failure)  514029K->194509K(1033728K), 0.0039706 secs]
49.535: Total time for which application threads were stopped: 0.0041202 seconds, Stopping threads took: 0.0000187 seconds
49.595: [GC (Allocation Failure)  513997K->194701K(1033728K), 0.0041135 secs]
49.599: Total time for which application threads were stopped: 0.0042682 seconds, Stopping threads took: 0.0000238 seconds
49.660: [GC (Allocation Failure)  514189K->202543K(1033728K), 0.0038867 secs]
49.664: Total time for which application threads were stopped: 0.0040074 seconds, Stopping threads took: 0.0000178 seconds
49.731: [GC (Allocation Failure)  522031K->202543K(1033728K), 0.0037653 secs]
49.735: Total time for which application threads were stopped: 0.0038905 seconds, Stopping threads took: 0.0000238 seconds
49.795: [GC (Allocation Failure)  522031K->202919K(1033728K), 0.0042233 secs]
49.800: Total time for which application threads were stopped: 0.0043721 seconds, Stopping threads took: 0.0000312 seconds
49.868: [GC (Allocation Failure)  522407K->210601K(1033728K), 0.0041005 secs]
49.872: Total time for which application threads were stopped: 0.0042577 seconds, Stopping threads took: 0.0000177 seconds
49.938: [GC (Allocation Failure)  530089K->210569K(1033728K), 0.0042107 secs]
49.943: Total time for which application threads were stopped: 0.0043824 seconds, Stopping threads took: 0.0000200 seconds
50.005: [GC (Allocation Failure)  530057K->211177K(1033728K), 0.0040754 secs]
50.009: Total time for which application threads were stopped: 0.0042140 seconds, Stopping threads took: 0.0000203 seconds
50.075: [GC (Allocation Failure)  530665K->218635K(1027072K), 0.0040336 secs]
50.079: Total time for which application threads were stopped: 0.0041798 seconds, Stopping threads took: 0.0000195 seconds
50.142: [GC (Allocation Failure)  538123K->218603K(1033728K), 0.0040514 secs]
50.146: Total time for which application threads were stopped: 0.0041928 seconds, Stopping threads took: 0.0000235 seconds
50.210: [GC (Allocation Failure)  537579K->218859K(1033216K), 0.0040065 secs]
50.214: Total time for which application threads were stopped: 0.0041352 seconds, Stopping threads took: 0.0000239 seconds
50.276: [GC (Allocation Failure)  537835K->226702K(1033216K), 0.0040865 secs]
50.281: Total time for which application threads were stopped: 0.0042240 seconds, Stopping threads took: 0.0000181 seconds
50.342: [GC (Allocation Failure)  545166K->226638K(1033216K), 0.0038878 secs]
50.345: Total time for which application threads were stopped: 0.0040178 seconds, Stopping threads took: 0.0000182 seconds
50.406: [GC (Allocation Failure)  545102K->227622K(1033216K), 0.0041578 secs]
50.410: Total time for which application threads were stopped: 0.0042806 seconds, Stopping threads took: 0.0000178 seconds
50.474: [GC (Allocation Failure)  546086K->234664K(1033216K), 0.0040482 secs]
50.478: Total time for which application threads were stopped: 0.0041758 seconds, Stopping threads took: 0.0000184 seconds
50.539: [GC (Allocation Failure)  553128K->234664K(1033216K), 0.0040161 secs]
50.543: Total time for which application threads were stopped: 0.0041494 seconds, Stopping threads took: 0.0000268 seconds
50.607: [GC (Allocation Failure)  553128K->234824K(1033216K), 0.0038917 secs]
50.611: Total time for which application threads were stopped: 0.0040284 seconds, Stopping threads took: 0.0000241 seconds
50.676: [GC (Allocation Failure)  553288K->242698K(1033216K), 0.0040232 secs]
50.680: Total time for which application threads were stopped: 0.0041602 seconds, Stopping threads took: 0.0000206 seconds
50.742: [GC (Allocation Failure)  561162K->242730K(1033216K), 0.0040082 secs]
50.746: Total time for which application threads were stopped: 0.0041471 seconds, Stopping threads took: 0.0000272 seconds
50.806: [GC (Allocation Failure)  561194K->243050K(1033216K), 0.0041186 secs]
50.811: Total time for which application threads were stopped: 0.0042794 seconds, Stopping threads took: 0.0000231 seconds
50.877: [GC (Allocation Failure)  561514K->250733K(1033216K), 0.0042933 secs]
50.882: Total time for which application threads were stopped: 0.0044992 seconds, Stopping threads took: 0.0000197 seconds
50.949: [GC (Allocation Failure)  569197K->250733K(1033216K), 0.0041494 secs]
50.953: Total time for which application threads were stopped: 0.0043242 seconds, Stopping threads took: 0.0000187 seconds
51.017: [GC (Allocation Failure)  569197K->250797K(1033216K), 0.0040639 secs]
51.021: Total time for which application threads were stopped: 0.0042227 seconds, Stopping threads took: 0.0000196 seconds
51.088: [GC (Allocation Failure)  569261K->258799K(1033216K), 0.0040388 secs]
51.092: Total time for which application threads were stopped: 0.0041692 seconds, Stopping threads took: 0.0000197 seconds
51.155: [GC (Allocation Failure)  577263K->258767K(1033216K), 0.0039726 secs]
51.160: Total time for which application threads were stopped: 0.0041037 seconds, Stopping threads took: 0.0000188 seconds
51.221: [GC (Allocation Failure)  577231K->259015K(1033216K), 0.0040310 secs]
51.225: Total time for which application threads were stopped: 0.0041686 seconds, Stopping threads took: 0.0000245 seconds
51.289: [GC (Allocation Failure)  577479K->266793K(1033216K), 0.0040827 secs]
51.293: Total time for which application threads were stopped: 0.0042178 seconds, Stopping threads took: 0.0000249 seconds
51.356: [GC (Allocation Failure)  585257K->266761K(1033216K), 0.0041166 secs]
51.361: Total time for which application threads were stopped: 0.0042530 seconds, Stopping threads took: 0.0000264 seconds
51.425: [GC (Allocation Failure)  585225K->267017K(1033216K), 0.0040500 secs]
51.429: Total time for which application threads were stopped: 0.0041787 seconds, Stopping threads took: 0.0000189 seconds
51.493: [GC (Allocation Failure)  585481K->274859K(1033216K), 0.0045426 secs]
51.498: Total time for which application threads were stopped: 0.0046905 seconds, Stopping threads took: 0.0000239 seconds
51.557: [GC (Allocation Failure)  593323K->270921K(1033216K), 0.0031563 secs]
51.561: Total time for which application threads were stopped: 0.0032792 seconds, Stopping threads took: 0.0000184 seconds
51.625: [GC (Allocation Failure)  589385K->274955K(1034752K), 0.0041344 secs]
51.630: Total time for which application threads were stopped: 0.0042569 seconds, Stopping threads took: 0.0000153 seconds
51.694: [GC (Allocation Failure)  595467K->278987K(1033728K), 0.0040944 secs]
51.698: Total time for which application threads were stopped: 0.0042264 seconds, Stopping threads took: 0.0000247 seconds
51.762: [GC (Allocation Failure)  599499K->271113K(1034240K), 0.0010673 secs]
51.763: Total time for which application threads were stopped: 0.0011896 seconds, Stopping threads took: 0.0000187 seconds
51.830: [GC (Allocation Failure)  591625K->279043K(1034240K), 0.0050624 secs]
51.835: Total time for which application threads were stopped: 0.0052142 seconds, Stopping threads took: 0.0000224 seconds
51.900: [GC (Allocation Failure)  599555K->283123K(1033216K), 0.0057286 secs]
51.906: Total time for which application threads were stopped: 0.0058862 seconds, Stopping threads took: 0.0000199 seconds
51.968: [GC (Allocation Failure)  602611K->288785K(1032704K), 0.0066526 secs]
51.975: Total time for which application threads were stopped: 0.0068012 seconds, Stopping threads took: 0.0000280 seconds
52.038: [GC (Allocation Failure)  608273K->283315K(1031680K), 0.0042309 secs]
52.042: Total time for which application threads were stopped: 0.0043635 seconds, Stopping threads took: 0.0000190 seconds
52.104: [GC (Allocation Failure)  599731K->283059K(1032192K), 0.0041632 secs]
52.108: Total time for which application threads were stopped: 0.0043065 seconds, Stopping threads took: 0.0000181 seconds
52.170: [GC (Allocation Failure)  599475K->277713K(1032704K), 0.0020152 secs]
52.172: Total time for which application threads were stopped: 0.0021515 seconds, Stopping threads took: 0.0000195 seconds
52.239: [GC (Allocation Failure)  595153K->283283K(1032704K), 0.0041802 secs]
52.243: Total time for which application threads were stopped: 0.0043177 seconds, Stopping threads took: 0.0000267 seconds
52.307: [GC (Allocation Failure)  600723K->283091K(1033216K), 0.0042581 secs]
52.311: Total time for which application threads were stopped: 0.0044035 seconds, Stopping threads took: 0.0000181 seconds
52.373: [GC (Allocation Failure)  601043K->283435K(1032704K), 0.0040128 secs]
52.377: Total time for which application threads were stopped: 0.0041674 seconds, Stopping threads took: 0.0000207 seconds
52.443: [GC (Allocation Failure)  601387K->291214K(1033216K), 0.0041074 secs]
52.447: Total time for which application threads were stopped: 0.0042463 seconds, Stopping threads took: 0.0000260 seconds
52.510: [GC (Allocation Failure)  609678K->291118K(1033216K), 0.0040813 secs]
52.514: Total time for which application threads were stopped: 0.0042384 seconds, Stopping threads took: 0.0000241 seconds
52.577: [GC (Allocation Failure)  609582K->295246K(1033728K), 0.0052277 secs]
52.583: Total time for which application threads were stopped: 0.0053687 seconds, Stopping threads took: 0.0000264 seconds
52.647: [GC (Allocation Failure)  614222K->299216K(1033216K), 0.0042833 secs]
52.651: Total time for which application threads were stopped: 0.0044119 seconds, Stopping threads took: 0.0000180 seconds
52.715: [GC (Allocation Failure)  618192K->299152K(1034240K), 0.0040899 secs]
52.719: Total time for which application threads were stopped: 0.0042298 seconds, Stopping threads took: 0.0000274 seconds
52.783: [GC (Allocation Failure)  619152K->301928K(1033728K), 0.0046577 secs]
52.787: Total time for which application threads were stopped: 0.0047941 seconds, Stopping threads took: 0.0000259 seconds
52.854: [GC (Allocation Failure)  621928K->307210K(1034240K), 0.0042211 secs]
52.858: Total time for which application threads were stopped: 0.0043824 seconds, Stopping threads took: 0.0000197 seconds
52.924: [GC (Allocation Failure)  627722K->307210K(1034240K), 0.0041267 secs]
52.929: Total time for which application threads were stopped: 0.0042965 seconds, Stopping threads took: 0.0000200 seconds
52.993: [GC (Allocation Failure)  627722K->307626K(1034240K), 0.0042658 secs]
52.997: Total time for which application threads were stopped: 0.0044029 seconds, Stopping threads took: 0.0000198 seconds
53.062: [GC (Allocation Failure)  628138K->315244K(1034240K), 0.0042733 secs]
53.067: Total time for which application threads were stopped: 0.0044040 seconds, Stopping threads took: 0.0000189 seconds
53.130: [GC (Allocation Failure)  635756K->315212K(1034240K), 0.0040892 secs]
53.134: Total time for which application threads were stopped: 0.0042267 seconds, Stopping threads took: 0.0000174 seconds
53.196: [GC (Allocation Failure)  635724K->317900K(1034240K), 0.0046718 secs]
53.201: Total time for which application threads were stopped: 0.0048080 seconds, Stopping threads took: 0.0000190 seconds
53.265: [GC (Allocation Failure)  638412K->323279K(1034240K), 0.0041237 secs]
53.269: Total time for which application threads were stopped: 0.0042515 seconds, Stopping threads took: 0.0000178 seconds
53.332: [GC (Allocation Failure)  643791K->323279K(1034240K), 0.0041460 secs]
53.336: Total time for which application threads were stopped: 0.0042736 seconds, Stopping threads took: 0.0000180 seconds
53.399: [GC (Allocation Failure)  643791K->324079K(1033728K), 0.0067595 secs]
53.405: Total time for which application threads were stopped: 0.0069138 seconds, Stopping threads took: 0.0000246 seconds
53.469: [GC (Allocation Failure)  644591K->331409K(1034240K), 0.0040292 secs]
53.474: Total time for which application threads were stopped: 0.0041547 seconds, Stopping threads took: 0.0000178 seconds
53.537: [GC (Allocation Failure)  651921K->331249K(1034240K), 0.0042177 secs]
53.541: Total time for which application threads were stopped: 0.0043553 seconds, Stopping threads took: 0.0000173 seconds
53.606: [GC (Allocation Failure)  651761K->334377K(1034240K), 0.0049006 secs]
53.611: Total time for which application threads were stopped: 0.0050516 seconds, Stopping threads took: 0.0000265 seconds
53.674: [GC (Allocation Failure)  654889K->339371K(1034752K), 0.0040631 secs]
53.678: Total time for which application threads were stopped: 0.0041970 seconds, Stopping threads took: 0.0000191 seconds
53.742: [GC (Allocation Failure)  660907K->339339K(1034752K), 0.0042128 secs]
53.747: Total time for which application threads were stopped: 0.0043572 seconds, Stopping threads took: 0.0000241 seconds
53.807: [GC (Allocation Failure)  660875K->342611K(1034752K), 0.0064696 secs]
53.814: Total time for which application threads were stopped: 0.0066117 seconds, Stopping threads took: 0.0000233 seconds
53.883: [GC (Allocation Failure)  664147K->347381K(1034752K), 0.0044377 secs]
53.887: Total time for which application threads were stopped: 0.0046268 seconds, Stopping threads took: 0.0000196 seconds
53.954: [GC (Allocation Failure)  668917K->347349K(1034752K), 0.0045167 secs]
53.958: Total time for which application threads were stopped: 0.0046759 seconds, Stopping threads took: 0.0000195 seconds
54.025: [GC (Allocation Failure)  668885K->347789K(1034752K), 0.0044392 secs]
54.030: Total time for which application threads were stopped: 0.0046123 seconds, Stopping threads took: 0.0000194 seconds
54.098: [GC (Allocation Failure)  669325K->355376K(1034752K), 0.0045365 secs]
54.103: Total time for which application threads were stopped: 0.0046967 seconds, Stopping threads took: 0.0000199 seconds
54.171: [GC (Allocation Failure)  676912K->355376K(1034752K), 0.0043635 secs]
54.175: Total time for which application threads were stopped: 0.0045121 seconds, Stopping threads took: 0.0000170 seconds
54.238: [GC (Allocation Failure)  676912K->357000K(1034752K), 0.0042782 secs]
54.243: Total time for which application threads were stopped: 0.0044292 seconds, Stopping threads took: 0.0000190 seconds
54.308: [GC (Allocation Failure)  678536K->363434K(1029120K), 0.0042180 secs]
54.313: Total time for which application threads were stopped: 0.0043559 seconds, Stopping threads took: 0.0000250 seconds
54.375: [GC (Allocation Failure)  684970K->363402K(1034752K), 0.0043139 secs]
54.379: Total time for which application threads were stopped: 0.0044428 seconds, Stopping threads took: 0.0000179 seconds
54.442: [GC (Allocation Failure)  684426K->365770K(1034240K), 0.0046120 secs]
54.447: Total time for which application threads were stopped: 0.0047638 seconds, Stopping threads took: 0.0000203 seconds
54.512: [GC (Allocation Failure)  686794K->371500K(1034752K), 0.0042760 secs]
54.516: Total time for which application threads were stopped: 0.0044059 seconds, Stopping threads took: 0.0000177 seconds
54.579: [GC (Allocation Failure)  693036K->371436K(1034752K), 0.0042509 secs]
54.584: Total time for which application threads were stopped: 0.0043794 seconds, Stopping threads took: 0.0000176 seconds
54.644: [GC (Allocation Failure)  692972K->374508K(1034752K), 0.0050135 secs]
54.649: Total time for which application threads were stopped: 0.0051532 seconds, Stopping threads took: 0.0000183 seconds
54.711: [GC (Allocation Failure)  696044K->379503K(1034752K), 0.0043590 secs]
54.716: Total time for which application threads were stopped: 0.0044883 seconds, Stopping threads took: 0.0000179 seconds
54.779: [GC (Allocation Failure)  701039K->379471K(1034752K), 0.0044295 secs]
54.784: Total time for which application threads were stopped: 0.0045719 seconds, Stopping threads took: 0.0000235 seconds
54.849: [GC (Allocation Failure)  701007K->379687K(1021440K), 0.0044743 secs]
54.854: Total time for which application threads were stopped: 0.0046301 seconds, Stopping threads took: 0.0000197 seconds
54.922: [GC (Allocation Failure)  701223K->387529K(1034240K), 0.0044487 secs]
54.926: Total time for which application threads were stopped: 0.0045977 seconds, Stopping threads took: 0.0000182 seconds
54.990: [GC (Allocation Failure)  708041K->387497K(1034240K), 0.0044578 secs]
54.995: Total time for which application threads were stopped: 0.0045926 seconds, Stopping threads took: 0.0000196 seconds
55.058: [GC (Allocation Failure)  708009K->390921K(1034752K), 0.0050987 secs]
55.063: Total time for which application threads were stopped: 0.0052340 seconds, Stopping threads took: 0.0000193 seconds
55.125: [GC (Allocation Failure)  711945K->395659K(1034240K), 0.0044030 secs]
55.129: Total time for which application threads were stopped: 0.0045358 seconds, Stopping threads took: 0.0000194 seconds
55.192: [GC (Allocation Failure)  716683K->395531K(1034752K), 0.0043509 secs]
55.197: Total time for which application threads were stopped: 0.0044832 seconds, Stopping threads took: 0.0000185 seconds
55.261: [GC (Allocation Failure)  717067K->399147K(1034752K), 0.0051865 secs]
55.266: Total time for which application threads were stopped: 0.0053624 seconds, Stopping threads took: 0.0000264 seconds
55.331: [GC (Allocation Failure)  720683K->403629K(1034752K), 0.0042509 secs]
55.336: Total time for which application threads were stopped: 0.0043669 seconds, Stopping threads took: 0.0000152 seconds
55.401: [GC (Allocation Failure)  725165K->403565K(1034752K), 0.0058029 secs]
55.407: Total time for which application threads were stopped: 0.0059322 seconds, Stopping threads took: 0.0000176 seconds
55.470: [GC (Allocation Failure)  725101K->404269K(1034752K), 0.0141970 secs]
55.484: Total time for which application threads were stopped: 0.0143300 seconds, Stopping threads took: 0.0000186 seconds
55.550: [GC (Allocation Failure)  725805K->411600K(1034752K), 0.0042873 secs]
55.554: Total time for which application threads were stopped: 0.0044174 seconds, Stopping threads took: 0.0000180 seconds
55.622: [GC (Allocation Failure)  733136K->411600K(1034752K), 0.0041634 secs]
55.626: Total time for which application threads were stopped: 0.0042965 seconds, Stopping threads took: 0.0000203 seconds
55.688: [GC (Allocation Failure)  733136K->413512K(1034752K), 0.0045414 secs]
55.693: Total time for which application threads were stopped: 0.0046761 seconds, Stopping threads took: 0.0000188 seconds
55.756: [GC (Allocation Failure)  735048K->419690K(1034752K), 0.0042298 secs]
55.761: Total time for which application threads were stopped: 0.0043643 seconds, Stopping threads took: 0.0000186 seconds
55.825: [GC (Allocation Failure)  741226K->419626K(1034752K), 0.0047447 secs]
55.830: Total time for which application threads were stopped: 0.0048702 seconds, Stopping threads took: 0.0000247 seconds
55.896: [GC (Allocation Failure)  741162K->422786K(1034752K), 0.0052387 secs]
55.902: Total time for which application threads were stopped: 0.0053839 seconds, Stopping threads took: 0.0000201 seconds
55.967: [GC (Allocation Failure)  744322K->427748K(1034752K), 0.0044070 secs]
55.972: Total time for which application threads were stopped: 0.0045306 seconds, Stopping threads took: 0.0000170 seconds
56.037: [GC (Allocation Failure)  749284K->427652K(1034752K), 0.0044250 secs]
56.042: Total time for which application threads were stopped: 0.0045756 seconds, Stopping threads took: 0.0000240 seconds
56.104: [GC (Allocation Failure)  749188K->427916K(1034752K), 0.0044838 secs]
56.108: Total time for which application threads were stopped: 0.0046141 seconds, Stopping threads took: 0.0000156 seconds
56.172: [GC (Allocation Failure)  749452K->435758K(1033728K), 0.0045836 secs]
56.177: Total time for which application threads were stopped: 0.0047170 seconds, Stopping threads took: 0.0000191 seconds
56.240: [GC (Allocation Failure)  756270K->435726K(1034240K), 0.0041690 secs]
56.245: Total time for which application threads were stopped: 0.0042996 seconds, Stopping threads took: 0.0000188 seconds
56.309: [GC (Allocation Failure)  756238K->439246K(1034752K), 0.0052983 secs]
56.314: Total time for which application threads were stopped: 0.0054412 seconds, Stopping threads took: 0.0000268 seconds
56.377: [GC (Allocation Failure)  760270K->443729K(1034240K), 0.0046587 secs]
56.382: Total time for which application threads were stopped: 0.0047885 seconds, Stopping threads took: 0.0000180 seconds
56.444: [GC (Allocation Failure)  764753K->443729K(1034752K), 0.0044577 secs]
56.449: Total time for which application threads were stopped: 0.0046086 seconds, Stopping threads took: 0.0000235 seconds
56.513: [GC (Allocation Failure)  765265K->447465K(1034752K), 0.0052175 secs]
56.519: Total time for which application threads were stopped: 0.0053622 seconds, Stopping threads took: 0.0000199 seconds
56.583: [GC (Allocation Failure)  769001K->451787K(1035264K), 0.0045493 secs]
56.587: Total time for which application threads were stopped: 0.0047026 seconds, Stopping threads took: 0.0000185 seconds
56.652: [GC (Allocation Failure)  774347K->451787K(1035264K), 0.0044174 secs]
56.656: Total time for which application threads were stopped: 0.0045469 seconds, Stopping threads took: 0.0000161 seconds
56.719: [GC (Allocation Failure)  774347K->454691K(1035264K), 0.0051635 secs]
56.724: Total time for which application threads were stopped: 0.0053182 seconds, Stopping threads took: 0.0000255 seconds
56.789: [GC (Allocation Failure)  777251K->459813K(1035264K), 0.0043582 secs]
56.794: Total time for which application threads were stopped: 0.0045057 seconds, Stopping threads took: 0.0000237 seconds
56.860: [GC (Allocation Failure)  782373K->459749K(1035264K), 0.0043934 secs]
56.865: Total time for which application threads were stopped: 0.0045555 seconds, Stopping threads took: 0.0000197 seconds
56.930: [GC (Allocation Failure)  782309K->462917K(1035264K), 0.0051021 secs]
56.935: Total time for which application threads were stopped: 0.0052564 seconds, Stopping threads took: 0.0000190 seconds
57.002: [GC (Allocation Failure)  785477K->467943K(1035264K), 0.0044155 secs]
57.007: Total time for which application threads were stopped: 0.0045605 seconds, Stopping threads took: 0.0000193 seconds
57.073: [GC (Allocation Failure)  790503K->467847K(1035264K), 0.0046163 secs]
57.078: Total time for which application threads were stopped: 0.0047640 seconds, Stopping threads took: 0.0000256 seconds
57.142: [GC (Allocation Failure)  790407K->471175K(1035264K), 0.0051700 secs]
57.147: Total time for which application threads were stopped: 0.0054078 seconds, Stopping threads took: 0.0000182 seconds
57.211: [GC (Allocation Failure)  793735K->475946K(1035264K), 0.0044116 secs]
57.215: Total time for which application threads were stopped: 0.0045684 seconds, Stopping threads took: 0.0000187 seconds
57.281: [GC (Allocation Failure)  798506K->475850K(1035264K), 0.0047492 secs]
57.286: Total time for which application threads were stopped: 0.0049084 seconds, Stopping threads took: 0.0000195 seconds
57.349: [GC (Allocation Failure)  798410K->479370K(1035264K), 0.0052824 secs]
57.354: Total time for which application threads were stopped: 0.0054244 seconds, Stopping threads took: 0.0000200 seconds
57.421: [GC (Allocation Failure)  801930K->483916K(1035264K), 0.0063144 secs]
57.427: Total time for which application threads were stopped: 0.0064554 seconds, Stopping threads took: 0.0000169 seconds
57.492: [GC (Allocation Failure)  806476K->483916K(1035264K), 0.0044047 secs]
57.497: Total time for which application threads were stopped: 0.0045796 seconds, Stopping threads took: 0.0000205 seconds
57.561: [GC (Allocation Failure)  806476K->487628K(1035776K), 0.0053824 secs]
57.567: Total time for which application threads were stopped: 0.0055345 seconds, Stopping threads took: 0.0000280 seconds
57.632: [GC (Allocation Failure)  810700K->492110K(1035264K), 0.0045656 secs]
57.637: Total time for which application threads were stopped: 0.0047105 seconds, Stopping threads took: 0.0000268 seconds
57.702: [GC (Allocation Failure)  815182K->491918K(1035776K), 0.0045893 secs]
57.707: Total time for which application threads were stopped: 0.0047326 seconds, Stopping threads took: 0.0000251 seconds
57.773: [GC (Allocation Failure)  815502K->489836K(1035776K), 0.0038318 secs]
57.777: Total time for which application threads were stopped: 0.0039521 seconds, Stopping threads took: 0.0000161 seconds
57.844: [GC (Allocation Failure)  813420K->492110K(1036288K), 0.0046549 secs]
57.849: Total time for which application threads were stopped: 0.0048074 seconds, Stopping threads took: 0.0000166 seconds
57.914: [GC (Allocation Failure)  816718K->491918K(1036288K), 0.0044847 secs]
57.918: Total time for which application threads were stopped: 0.0046233 seconds, Stopping threads took: 0.0000201 seconds
57.981: [GC (Allocation Failure)  816526K->499252K(1031168K), 0.0080555 secs]
57.989: Total time for which application threads were stopped: 0.0081944 seconds, Stopping threads took: 0.0000157 seconds
58.054: [GC (Allocation Failure)  818740K->495126K(1033728K), 0.0045968 secs]
58.058: Total time for which application threads were stopped: 0.0047207 seconds, Stopping threads took: 0.0000157 seconds
58.123: [GC (Allocation Failure)  814614K->495062K(1034752K), 0.0044120 secs]
58.128: Total time for which application threads were stopped: 0.0045349 seconds, Stopping threads took: 0.0000168 seconds
58.192: [GC (Allocation Failure)  816086K->498996K(1032704K), 0.0061728 secs]
58.198: Total time for which application threads were stopped: 0.0063144 seconds, Stopping threads took: 0.0000184 seconds
58.261: [GC (Allocation Failure)  820020K->495094K(1034240K), 0.0045907 secs]
58.266: Total time for which application threads were stopped: 0.0047244 seconds, Stopping threads took: 0.0000185 seconds
58.330: [GC (Allocation Failure)  815094K->494998K(1033728K), 0.0043897 secs]
58.334: Total time for which application threads were stopped: 0.0045569 seconds, Stopping threads took: 0.0000245 seconds
58.397: [GC (Allocation Failure)  814998K->496628K(1034752K), 0.0053359 secs]
58.402: Total time for which application threads were stopped: 0.0054707 seconds, Stopping threads took: 0.0000239 seconds
58.467: [GC (Allocation Failure)  818164K->495254K(1034752K), 0.0046741 secs]
58.471: Total time for which application threads were stopped: 0.0048056 seconds, Stopping threads took: 0.0000187 seconds
58.535: [GC (Allocation Failure)  816790K->494998K(1035776K), 0.0045591 secs]
58.540: Total time for which application threads were stopped: 0.0047077 seconds, Stopping threads took: 0.0000192 seconds
58.603: [GC (Allocation Failure)  818070K->499412K(1035264K), 0.0064197 secs]
58.609: Total time for which application threads were stopped: 0.0065634 seconds, Stopping threads took: 0.0000268 seconds
58.672: [GC (Allocation Failure)  822484K->495222K(1035264K), 0.0044875 secs]
58.677: Total time for which application threads were stopped: 0.0046233 seconds, Stopping threads took: 0.0000189 seconds
58.743: [GC (Allocation Failure)  817782K->495062K(1035264K), 0.0043611 secs]
58.748: Total time for which application threads were stopped: 0.0044950 seconds, Stopping threads took: 0.0000192 seconds
58.811: [GC (Allocation Failure)  817622K->487828K(1034240K), 0.0018540 secs]
58.813: Total time for which application threads were stopped: 0.0019962 seconds, Stopping threads took: 0.0000197 seconds
58.881: [GC (Allocation Failure)  809364K->495230K(1034752K), 0.0045832 secs]
58.886: Total time for which application threads were stopped: 0.0047649 seconds, Stopping threads took: 0.0000194 seconds
58.953: [GC (Allocation Failure)  816766K->499214K(1035264K), 0.0058073 secs]
58.959: Total time for which application threads were stopped: 0.0059612 seconds, Stopping threads took: 0.0000196 seconds
59.027: [GC (Allocation Failure)  821774K->494252K(1035264K), 0.0032685 secs]
59.031: Total time for which application threads were stopped: 0.0034234 seconds, Stopping threads took: 0.0000192 seconds
59.101: [GC (Allocation Failure)  816812K->499262K(1035264K), 0.0046758 secs]
59.105: Total time for which application threads were stopped: 0.0048282 seconds, Stopping threads took: 0.0000167 seconds
59.173: [GC (Allocation Failure)  821822K->503326K(1035264K), 0.0049034 secs]
59.178: Total time for which application threads were stopped: 0.0050960 seconds, Stopping threads took: 0.0000200 seconds
59.244: [GC (Allocation Failure)  825886K->499420K(1035776K), 0.0035258 secs]
59.248: Total time for which application threads were stopped: 0.0036758 seconds, Stopping threads took: 0.0000253 seconds
59.317: [GC (Allocation Failure)  823004K->503486K(1035776K), 0.0047238 secs]
59.322: Total time for which application threads were stopped: 0.0048808 seconds, Stopping threads took: 0.0000254 seconds
59.389: [GC (Allocation Failure)  827070K->507454K(1035776K), 0.0046017 secs]
59.394: Total time for which application threads were stopped: 0.0047412 seconds, Stopping threads took: 0.0000164 seconds
59.459: [GC (Allocation Failure)  831038K->507422K(1035776K), 0.0044383 secs]
59.463: Total time for which application threads were stopped: 0.0045799 seconds, Stopping threads took: 0.0000195 seconds
59.530: [GC (Allocation Failure)  831006K->507558K(1034752K), 0.0045719 secs]
59.534: Total time for which application threads were stopped: 0.0047137 seconds, Stopping threads took: 0.0000185 seconds
59.599: [GC (Allocation Failure)  830118K->515496K(1035264K), 0.0045633 secs]
59.603: Total time for which application threads were stopped: 0.0047052 seconds, Stopping threads took: 0.0000185 seconds
59.665: [GC (Allocation Failure)  838056K->515496K(1035264K), 0.0046249 secs]
59.670: Total time for which application threads were stopped: 0.0047773 seconds, Stopping threads took: 0.0000190 seconds
59.732: [GC (Allocation Failure)  838056K->515560K(1022464K), 0.0045483 secs]
59.737: Total time for which application threads were stopped: 0.0046904 seconds, Stopping threads took: 0.0000186 seconds
59.801: [GC (Allocation Failure)  838120K->523563K(1034752K), 0.0045148 secs]
59.805: Total time for which application threads were stopped: 0.0046640 seconds, Stopping threads took: 0.0000241 seconds
59.874: [GC (Allocation Failure)  845099K->523563K(1034752K), 0.0044503 secs]
59.879: Total time for which application threads were stopped: 0.0046332 seconds, Stopping threads took: 0.0000174 seconds
59.946: [GC (Allocation Failure)  845099K->523779K(1034752K), 0.0048573 secs]
59.951: Total time for which application threads were stopped: 0.0050449 seconds, Stopping threads took: 0.0000282 seconds
60.017: [GC (Allocation Failure)  845315K->531557K(1029120K), 0.0047798 secs]
60.022: Total time for which application threads were stopped: 0.0049410 seconds, Stopping threads took: 0.0000263 seconds
60.085: [GC (Allocation Failure)  853093K->531589K(1034240K), 0.0046027 secs]
60.090: Total time for which application threads were stopped: 0.0047405 seconds, Stopping threads took: 0.0000192 seconds
60.155: [GC (Allocation Failure)  852101K->532005K(1034240K), 0.0047716 secs]
60.159: Total time for which application threads were stopped: 0.0048921 seconds, Stopping threads took: 0.0000162 seconds
60.223: [GC (Allocation Failure)  852517K->539623K(1034240K), 0.0045961 secs]
60.228: Total time for which application threads were stopped: 0.0047389 seconds, Stopping threads took: 0.0000244 seconds
60.291: [GC (Allocation Failure)  860135K->539591K(1034240K), 0.0045627 secs]
60.295: Total time for which application threads were stopped: 0.0046998 seconds, Stopping threads took: 0.0000193 seconds
60.358: [GC (Allocation Failure)  860103K->539751K(1034240K), 0.0047189 secs]
60.363: Total time for which application threads were stopped: 0.0048535 seconds, Stopping threads took: 0.0000190 seconds
60.425: [GC (Allocation Failure)  860263K->547658K(1028096K), 0.0045220 secs]
60.430: Total time for which application threads were stopped: 0.0046595 seconds, Stopping threads took: 0.0000262 seconds
60.491: [GC (Allocation Failure)  868170K->547626K(1033728K), 0.0046951 secs]
60.496: Total time for which application threads were stopped: 0.0048402 seconds, Stopping threads took: 0.0000183 seconds
60.560: [GC (Allocation Failure)  867114K->547690K(1033728K), 0.0046276 secs]
60.565: Total time for which application threads were stopped: 0.0047609 seconds, Stopping threads took: 0.0000185 seconds
60.626: [GC (Allocation Failure)  867178K->555660K(1033728K), 0.0047242 secs]
60.630: Total time for which application threads were stopped: 0.0048523 seconds, Stopping threads took: 0.0000174 seconds
60.692: [GC (Allocation Failure)  875148K->555660K(1033728K), 0.0048223 secs]
60.697: Total time for which application threads were stopped: 0.0049540 seconds, Stopping threads took: 0.0000184 seconds
60.759: [GC (Allocation Failure)  875148K->555916K(1033728K), 0.0047966 secs]
60.764: Total time for which application threads were stopped: 0.0049302 seconds, Stopping threads took: 0.0000183 seconds
60.826: [GC (Allocation Failure)  875404K->563694K(1033728K), 0.0055122 secs]
60.831: Total time for which application threads were stopped: 0.0056455 seconds, Stopping threads took: 0.0000264 seconds
60.895: [GC (Allocation Failure)  883182K->559820K(1034240K), 0.0036429 secs]
60.898: Total time for which application threads were stopped: 0.0038025 seconds, Stopping threads took: 0.0000197 seconds
60.963: [GC (Allocation Failure)  879820K->563854K(1033728K), 0.0047616 secs]
60.968: Total time for which application threads were stopped: 0.0048941 seconds, Stopping threads took: 0.0000191 seconds
61.035: [GC (Allocation Failure)  883854K->567854K(1034752K), 0.0046572 secs]
61.039: Total time for which application threads were stopped: 0.0047893 seconds, Stopping threads took: 0.0000186 seconds
61.104: [GC (Allocation Failure)  889390K->562092K(1034752K), 0.0028161 secs]
61.106: Total time for which application threads were stopped: 0.0029803 seconds, Stopping threads took: 0.0000240 seconds
61.172: [GC (Allocation Failure)  883628K->567862K(1035264K), 0.0047104 secs]
61.177: Total time for which application threads were stopped: 0.0048557 seconds, Stopping threads took: 0.0000178 seconds
61.242: [GC (Allocation Failure)  889910K->571966K(1034752K), 0.0050191 secs]
61.247: Total time for which application threads were stopped: 0.0051722 seconds, Stopping threads took: 0.0000270 seconds
61.310: [GC (Allocation Failure)  893752K->568060K(1035776K), 0.0036547 secs]
61.314: Total time for which application threads were stopped: 0.0037962 seconds, Stopping threads took: 0.0000195 seconds
61.377: [GC (Allocation Failure)  891132K->572134K(1035264K), 0.0048085 secs]
61.381: Total time for which application threads were stopped: 0.0049432 seconds, Stopping threads took: 0.0000187 seconds
61.446: [GC (Allocation Failure)  895206K->576102K(1035264K), 0.0046091 secs]
61.451: Total time for which application threads were stopped: 0.0047394 seconds, Stopping threads took: 0.0000176 seconds
61.515: [GC (Allocation Failure)  899686K->576134K(1035776K), 0.0047453 secs]
61.520: Total time for which application threads were stopped: 0.0048729 seconds, Stopping threads took: 0.0000182 seconds
61.584: [GC (Allocation Failure)  899718K->576174K(1034752K), 0.0047967 secs]
61.589: Total time for which application threads were stopped: 0.0049277 seconds, Stopping threads took: 0.0000187 seconds
61.654: [GC (Allocation Failure)  898734K->584144K(1035264K), 0.0047121 secs]
61.659: Total time for which application threads were stopped: 0.0048450 seconds, Stopping threads took: 0.0000175 seconds
61.721: [GC (Allocation Failure)  906704K->584144K(1034240K), 0.0064517 secs]
61.727: Total time for which application threads were stopped: 0.0065846 seconds, Stopping threads took: 0.0000186 seconds
61.791: [GC (Allocation Failure)  905680K->584200K(1034752K), 0.0047368 secs]
61.795: Total time for which application threads were stopped: 0.0048835 seconds, Stopping threads took: 0.0000180 seconds
61.860: [GC (Allocation Failure)  905736K->592171K(1034752K), 0.0049327 secs]
61.865: Total time for which application threads were stopped: 0.0050932 seconds, Stopping threads took: 0.0000197 seconds
61.931: [GC (Allocation Failure)  913707K->592171K(1029120K), 0.0048515 secs]
61.936: Total time for which application threads were stopped: 0.0050392 seconds, Stopping threads took: 0.0000194 seconds
62.001: [GC (Allocation Failure)  913707K->592427K(1034240K), 0.0048182 secs]
62.006: Total time for which application threads were stopped: 0.0049932 seconds, Stopping threads took: 0.0000390 seconds
62.071: [GC (Allocation Failure)  912939K->600205K(1034240K), 0.0044941 secs]
62.076: Total time for which application threads were stopped: 0.0046281 seconds, Stopping threads took: 0.0000199 seconds
62.142: [GC (Allocation Failure)  920717K->600205K(1034240K), 0.0046645 secs]
62.146: Total time for which application threads were stopped: 0.0047870 seconds, Stopping threads took: 0.0000164 seconds
62.209: [GC (Allocation Failure)  920717K->600653K(1020416K), 0.0047621 secs]
62.214: Total time for which application threads were stopped: 0.0048946 seconds, Stopping threads took: 0.0000247 seconds
62.278: [GC (Allocation Failure)  921165K->608271K(1033728K), 0.0047216 secs]
62.283: Total time for which application threads were stopped: 0.0048677 seconds, Stopping threads took: 0.0000209 seconds
62.347: [GC (Allocation Failure)  927759K->608207K(1033728K), 0.0046817 secs]
62.352: Total time for which application threads were stopped: 0.0048227 seconds, Stopping threads took: 0.0000341 seconds
62.413: [GC (Allocation Failure)  927695K->608359K(1033728K), 0.0046930 secs]
62.418: Total time for which application threads were stopped: 0.0048266 seconds, Stopping threads took: 0.0000182 seconds
62.481: [GC (Allocation Failure)  927847K->616265K(1033728K), 0.0046163 secs]
62.485: Total time for which application threads were stopped: 0.0047523 seconds, Stopping threads took: 0.0000184 seconds
62.549: [GC (Allocation Failure)  935753K->616265K(1033728K), 0.0046936 secs]
62.554: Total time for which application threads were stopped: 0.0048386 seconds, Stopping threads took: 0.0000186 seconds
62.616: [GC (Allocation Failure)  935753K->616329K(1033728K), 0.0047136 secs]
62.621: Total time for which application threads were stopped: 0.0048665 seconds, Stopping threads took: 0.0000241 seconds
62.683: [GC (Allocation Failure)  935817K->624332K(1032704K), 0.0047352 secs]
62.688: Total time for which application threads were stopped: 0.0048637 seconds, Stopping threads took: 0.0000176 seconds
62.751: [GC (Allocation Failure)  942796K->618761K(1033216K), 0.0029317 secs]
62.754: Total time for which application threads were stopped: 0.0030797 seconds, Stopping threads took: 0.0000198 seconds
62.816: [GC (Allocation Failure)  937225K->624548K(1034752K), 0.0108842 secs]
62.827: Total time for which application threads were stopped: 0.0110869 seconds, Stopping threads took: 0.0000237 seconds
62.894: [GC (Allocation Failure)  945060K->628436K(1033728K), 0.0051351 secs]
62.899: Total time for which application threads were stopped: 0.0053049 seconds, Stopping threads took: 0.0000206 seconds
62.965: [GC (Allocation Failure)  948948K->635321K(1029120K), 0.0080410 secs]
62.973: Total time for which application threads were stopped: 0.0082262 seconds, Stopping threads took: 0.0000278 seconds
63.040: [GC (Allocation Failure)  950713K->629244K(1031680K), 0.0051928 secs]
63.046: Total time for which application threads were stopped: 0.0053579 seconds, Stopping threads took: 0.0000203 seconds
63.110: [GC (Allocation Failure)  944636K->629052K(1032704K), 0.0049456 secs]
63.115: Total time for which application threads were stopped: 0.0051648 seconds, Stopping threads took: 0.0000201 seconds
63.178: [GC (Allocation Failure)  945980K->632436K(1032192K), 0.0055528 secs]
63.183: Total time for which application threads were stopped: 0.0056895 seconds, Stopping threads took: 0.0000190 seconds
63.246: [GC (Allocation Failure)  949364K->637206K(1033216K), 0.0047870 secs]
63.251: Total time for which application threads were stopped: 0.0049181 seconds, Stopping threads took: 0.0000182 seconds
63.314: [GC (Allocation Failure)  955158K->637046K(1032704K), 0.0047527 secs]
63.319: Total time for which application threads were stopped: 0.0048969 seconds, Stopping threads took: 0.0000178 seconds
63.382: [GC (Allocation Failure)  954998K->638094K(1033216K), 0.0050268 secs]
63.387: Total time for which application threads were stopped: 0.0051618 seconds, Stopping threads took: 0.0000250 seconds
63.451: [GC (Allocation Failure)  956558K->645072K(1033216K), 0.0049969 secs]
63.456: Total time for which application threads were stopped: 0.0051391 seconds, Stopping threads took: 0.0000188 seconds
63.519: [GC (Allocation Failure)  963536K->645136K(1033728K), 0.0048943 secs]
63.524: Total time for which application threads were stopped: 0.0050332 seconds, Stopping threads took: 0.0000189 seconds
63.588: [GC (Allocation Failure)  964112K->646792K(1033216K), 0.0050835 secs]
63.594: Total time for which application threads were stopped: 0.0052282 seconds, Stopping threads took: 0.0000191 seconds
63.657: [GC (Allocation Failure)  965768K->653194K(1033728K), 0.0063057 secs]
63.663: Total time for which application threads were stopped: 0.0064546 seconds, Stopping threads took: 0.0000190 seconds
63.727: [GC (Allocation Failure)  972682K->653130K(1033728K), 0.0049168 secs]
63.732: Total time for which application threads were stopped: 0.0050638 seconds, Stopping threads took: 0.0000273 seconds
63.794: [GC (Allocation Failure)  972618K->653482K(1033728K), 0.0048336 secs]
63.799: Total time for which application threads were stopped: 0.0049934 seconds, Stopping threads took: 0.0000278 seconds
63.866: [GC (Allocation Failure)  972970K->661165K(1033728K), 0.0049497 secs]
63.871: Total time for which application threads were stopped: 0.0051097 seconds, Stopping threads took: 0.0000199 seconds
63.939: [GC (Allocation Failure)  980653K->661197K(1033728K), 0.0046773 secs]
63.944: Total time for which application threads were stopped: 0.0048712 seconds, Stopping threads took: 0.0000197 seconds
64.010: [GC (Allocation Failure)  980685K->664781K(1033728K), 0.0058433 secs]
64.016: Total time for which application threads were stopped: 0.0060012 seconds, Stopping threads took: 0.0000210 seconds
64.084: [GC (Allocation Failure)  984269K->669327K(1034240K), 0.0049939 secs]
64.089: Total time for which application threads were stopped: 0.0051604 seconds, Stopping threads took: 0.0000203 seconds
64.154: [GC (Allocation Failure)  989839K->669199K(1034240K), 0.0049454 secs]
64.159: Total time for which application threads were stopped: 0.0051108 seconds, Stopping threads took: 0.0000203 seconds
64.225: [GC (Allocation Failure)  989711K->669927K(1034240K), 0.0048646 secs]
64.230: Total time for which application threads were stopped: 0.0050088 seconds, Stopping threads took: 0.0000253 seconds
64.297: [GC (Allocation Failure)  990439K->677257K(1034240K), 0.0049188 secs]
64.302: Total time for which application threads were stopped: 0.0050778 seconds, Stopping threads took: 0.0000205 seconds
64.369: [GC (Allocation Failure)  997769K->677225K(1034240K), 0.0049888 secs]
64.374: Total time for which application threads were stopped: 0.0051588 seconds, Stopping threads took: 0.0000197 seconds
64.439: [GC (Allocation Failure)  997737K->678153K(1034240K), 0.0050247 secs]
64.444: Total time for which application threads were stopped: 0.0051691 seconds, Stopping threads took: 0.0000199 seconds
64.508: [GC (Allocation Failure)  998665K->685292K(1034240K), 0.0050703 secs]
64.513: Total time for which application threads were stopped: 0.0052116 seconds, Stopping threads took: 0.0000192 seconds
64.577: [GC (Allocation Failure)  1005804K->685260K(1034240K), 0.0048992 secs]
64.582: Total time for which application threads were stopped: 0.0050394 seconds, Stopping threads took: 0.0000199 seconds
64.646: [GC (Allocation Failure)  1005772K->686404K(1034240K), 0.0052938 secs]
64.651: [Full GC (Ergonomics)  686404K->9595K(1034240K), 0.0151192 secs]
64.667: Total time for which application threads were stopped: 0.0206612 seconds, Stopping threads took: 0.0000189 seconds
64.732: [GC (Allocation Failure)  330107K->20702K(1031168K), 0.0047308 secs]
64.737: Total time for which application threads were stopped: 0.0048862 seconds, Stopping threads took: 0.0000252 seconds
64.803: [GC (Allocation Failure)  341214K->20638K(1033216K), 0.0057286 secs]
64.809: Total time for which application threads were stopped: 0.0058840 seconds, Stopping threads took: 0.0000197 seconds
64.878: [GC (Allocation Failure)  338590K->21502K(1032704K), 0.0039540 secs]
64.882: Total time for which application threads were stopped: 0.0041180 seconds, Stopping threads took: 0.0000197 seconds
64.948: [GC (Allocation Failure)  339454K->28768K(1033216K), 0.0036705 secs]
64.952: Total time for which application threads were stopped: 0.0038319 seconds, Stopping threads took: 0.0000198 seconds
65.018: [GC (Allocation Failure)  347232K->28704K(1033216K), 0.0042290 secs]
65.022: Total time for which application threads were stopped: 0.0043960 seconds, Stopping threads took: 0.0000279 seconds
65.086: [GC (Allocation Failure)  347168K->29256K(1033216K), 0.0037326 secs]
65.090: Total time for which application threads were stopped: 0.0038806 seconds, Stopping threads took: 0.0000197 seconds
65.155: [GC (Allocation Failure)  347720K->36810K(1033216K), 0.0035192 secs]
65.159: Total time for which application threads were stopped: 0.0036830 seconds, Stopping threads took: 0.0000185 seconds
65.222: [GC (Allocation Failure)  355274K->36746K(1033216K), 0.0036036 secs]
65.226: Total time for which application threads were stopped: 0.0037515 seconds, Stopping threads took: 0.0000275 seconds
65.287: [GC (Allocation Failure)  355210K->37482K(1033216K), 0.0038426 secs]
65.291: Total time for which application threads were stopped: 0.0039759 seconds, Stopping threads took: 0.0000193 seconds
65.354: [GC (Allocation Failure)  355946K->44812K(1033216K), 0.0037184 secs]
65.358: Total time for which application threads were stopped: 0.0038550 seconds, Stopping threads took: 0.0000181 seconds
65.421: [GC (Allocation Failure)  363276K->44812K(1033216K), 0.0035554 secs]
65.424: Total time for which application threads were stopped: 0.0036915 seconds, Stopping threads took: 0.0000181 seconds
65.484: [GC (Allocation Failure)  363276K->45700K(1033728K), 0.0037223 secs]
65.488: Total time for which application threads were stopped: 0.0038833 seconds, Stopping threads took: 0.0000240 seconds
65.551: [GC (Allocation Failure)  365188K->52871K(1027072K), 0.0036469 secs]
65.555: Total time for which application threads were stopped: 0.0037895 seconds, Stopping threads took: 0.0000186 seconds
65.618: [GC (Allocation Failure)  372359K->52807K(1033728K), 0.0036377 secs]
65.622: Total time for which application threads were stopped: 0.0037726 seconds, Stopping threads took: 0.0000181 seconds
65.683: [GC (Allocation Failure)  371783K->53447K(1033216K), 0.0036717 secs]
65.687: Total time for which application threads were stopped: 0.0038055 seconds, Stopping threads took: 0.0000192 seconds
65.751: [GC (Allocation Failure)  372423K->60841K(1033728K), 0.0049311 secs]
65.756: Total time for which application threads were stopped: 0.0050712 seconds, Stopping threads took: 0.0000258 seconds
65.820: [GC (Allocation Failure)  380329K->60841K(1033728K), 0.0043488 secs]
65.824: Total time for which application threads were stopped: 0.0044834 seconds, Stopping threads took: 0.0000241 seconds
65.890: [GC (Allocation Failure)  380329K->61161K(1032704K), 0.0038987 secs]
65.894: Total time for which application threads were stopped: 0.0040567 seconds, Stopping threads took: 0.0000182 seconds
65.959: [GC (Allocation Failure)  379625K->68875K(1033216K), 0.0039629 secs]
65.963: Total time for which application threads were stopped: 0.0041789 seconds, Stopping threads took: 0.0000208 seconds
66.030: [GC (Allocation Failure)  387339K->68875K(1033728K), 0.0047245 secs]
66.035: Total time for which application threads were stopped: 0.0048693 seconds, Stopping threads took: 0.0000165 seconds
66.099: [GC (Allocation Failure)  387851K->69899K(1033216K), 0.0036293 secs]
66.103: Total time for which application threads were stopped: 0.0037801 seconds, Stopping threads took: 0.0000253 seconds
66.168: [GC (Allocation Failure)  388875K->76909K(1033728K), 0.0036893 secs]
66.172: Total time for which application threads were stopped: 0.0038162 seconds, Stopping threads took: 0.0000185 seconds
66.237: [GC (Allocation Failure)  396397K->76909K(1033728K), 0.0034528 secs]
66.241: Total time for which application threads were stopped: 0.0035791 seconds, Stopping threads took: 0.0000238 seconds
66.302: [GC (Allocation Failure)  396397K->77645K(1033728K), 0.0039608 secs]
66.306: Total time for which application threads were stopped: 0.0041014 seconds, Stopping threads took: 0.0000275 seconds
66.371: [GC (Allocation Failure)  397133K->84976K(1033728K), 0.0038847 secs]
66.375: Total time for which application threads were stopped: 0.0040115 seconds, Stopping threads took: 0.0000171 seconds
66.438: [GC (Allocation Failure)  404464K->84944K(1033728K), 0.0036569 secs]
66.442: Total time for which application threads were stopped: 0.0037866 seconds, Stopping threads took: 0.0000181 seconds
66.504: [GC (Allocation Failure)  404432K->85864K(1033728K), 0.0037394 secs]
66.507: Total time for which application threads were stopped: 0.0038888 seconds, Stopping threads took: 0.0000246 seconds
66.573: [GC (Allocation Failure)  405352K->93002K(1033728K), 0.0035381 secs]
66.577: Total time for which application threads were stopped: 0.0036664 seconds, Stopping threads took: 0.0000177 seconds
66.639: [GC (Allocation Failure)  412490K->92970K(1033728K), 0.0036699 secs]
66.643: Total time for which application threads were stopped: 0.0038145 seconds, Stopping threads took: 0.0000245 seconds
66.707: [GC (Allocation Failure)  412458K->93066K(1032704K), 0.0037435 secs]
66.711: Total time for which application threads were stopped: 0.0038890 seconds, Stopping threads took: 0.0000180 seconds
66.777: [GC (Allocation Failure)  411530K->101004K(1033216K), 0.0036230 secs]
66.780: Total time for which application threads were stopped: 0.0037673 seconds, Stopping threads took: 0.0000187 seconds
66.844: [GC (Allocation Failure)  419468K->100972K(1033216K), 0.0037941 secs]
66.848: Total time for which application threads were stopped: 0.0039848 seconds, Stopping threads took: 0.0000173 seconds
66.911: [GC (Allocation Failure)  419436K->101324K(1033216K), 0.0039587 secs]
66.915: Total time for which application threads were stopped: 0.0040922 seconds, Stopping threads took: 0.0000195 seconds
66.980: [GC (Allocation Failure)  419788K->109039K(1033216K), 0.0038462 secs]
66.984: Total time for which application threads were stopped: 0.0040353 seconds, Stopping threads took: 0.0000195 seconds
67.048: [GC (Allocation Failure)  427503K->109039K(1033216K), 0.0037351 secs]
67.052: Total time for which application threads were stopped: 0.0038913 seconds, Stopping threads took: 0.0000288 seconds
67.113: [GC (Allocation Failure)  427503K->109543K(1033216K), 0.0039886 secs]
67.117: Total time for which application threads were stopped: 0.0041226 seconds, Stopping threads took: 0.0000185 seconds
67.182: [GC (Allocation Failure)  428007K->117065K(1033216K), 0.0038581 secs]
67.186: Total time for which application threads were stopped: 0.0039888 seconds, Stopping threads took: 0.0000185 seconds
67.249: [GC (Allocation Failure)  435529K->117065K(1033216K), 0.0035111 secs]
67.253: Total time for which application threads were stopped: 0.0036392 seconds, Stopping threads took: 0.0000245 seconds
67.313: [GC (Allocation Failure)  435529K->117257K(1033216K), 0.0038634 secs]
67.317: Total time for which application threads were stopped: 0.0040254 seconds, Stopping threads took: 0.0000268 seconds
67.379: [GC (Allocation Failure)  435721K->125099K(1033216K), 0.0037717 secs]
67.383: Total time for which application threads were stopped: 0.0039201 seconds, Stopping threads took: 0.0000182 seconds
67.448: [GC (Allocation Failure)  443563K->125099K(1033216K), 0.0036624 secs]
67.452: Total time for which application threads were stopped: 0.0037897 seconds, Stopping threads took: 0.0000158 seconds
67.513: [GC (Allocation Failure)  443563K->125259K(1033216K), 0.0039804 secs]
67.517: Total time for which application threads were stopped: 0.0041262 seconds, Stopping threads took: 0.0000241 seconds
67.579: [GC (Allocation Failure)  443723K->133165K(1033216K), 0.0036594 secs]
67.583: Total time for which application threads were stopped: 0.0038134 seconds, Stopping threads took: 0.0000232 seconds
67.645: [GC (Allocation Failure)  451629K->133165K(1033216K), 0.0038151 secs]
67.649: Total time for which application threads were stopped: 0.0039480 seconds, Stopping threads took: 0.0000190 seconds
67.711: [GC (Allocation Failure)  451629K->133189K(1033216K), 0.0040241 secs]
67.715: Total time for which application threads were stopped: 0.0041393 seconds, Stopping threads took: 0.0000142 seconds
67.777: [GC (Allocation Failure)  451653K->141160K(1033216K), 0.0039428 secs]
67.781: Total time for which application threads were stopped: 0.0040839 seconds, Stopping threads took: 0.0000185 seconds
67.845: [GC (Allocation Failure)  459624K->133829K(1033216K), 0.0009613 secs]
67.846: Total time for which application threads were stopped: 0.0010812 seconds, Stopping threads took: 0.0000169 seconds
67.912: [GC (Allocation Failure)  452293K->141416K(1033216K), 0.0037698 secs]
67.916: Total time for which application threads were stopped: 0.0039307 seconds, Stopping threads took: 0.0000202 seconds
67.982: [GC (Allocation Failure)  459880K->145296K(1033216K), 0.0048932 secs]
67.987: Total time for which application threads were stopped: 0.0050637 seconds, Stopping threads took: 0.0000201 seconds
68.050: [GC (Allocation Failure)  463760K->146349K(1032192K), 0.0044697 secs]
68.055: Total time for which application threads were stopped: 0.0046209 seconds, Stopping threads took: 0.0000281 seconds
68.118: [GC (Allocation Failure)  463789K->145488K(1032704K), 0.0037294 secs]
68.122: Total time for which application threads were stopped: 0.0038924 seconds, Stopping threads took: 0.0000243 seconds
68.187: [GC (Allocation Failure)  462928K->145328K(1033216K), 0.0035839 secs]
68.191: Total time for which application threads were stopped: 0.0037140 seconds, Stopping threads took: 0.0000175 seconds
68.254: [GC (Allocation Failure)  463280K->147912K(1032704K), 0.0042730 secs]
68.258: Total time for which application threads were stopped: 0.0044142 seconds, Stopping threads took: 0.0000186 seconds
68.323: [GC (Allocation Failure)  465864K->153450K(1033728K), 0.0036462 secs]
68.326: Total time for which application threads were stopped: 0.0037773 seconds, Stopping threads took: 0.0000181 seconds
68.388: [GC (Allocation Failure)  472426K->153322K(1033216K), 0.0036601 secs]
68.392: Total time for which application threads were stopped: 0.0037850 seconds, Stopping threads took: 0.0000179 seconds
68.455: [GC (Allocation Failure)  472298K->156682K(1033728K), 0.0046491 secs]
68.459: Total time for which application threads were stopped: 0.0047901 seconds, Stopping threads took: 0.0000186 seconds
68.522: [GC (Allocation Failure)  476170K->161420K(1033728K), 0.0038146 secs]
68.526: Total time for which application threads were stopped: 0.0039458 seconds, Stopping threads took: 0.0000181 seconds
68.591: [GC (Allocation Failure)  480908K->161356K(1034240K), 0.0037537 secs]
68.594: Total time for which application threads were stopped: 0.0039091 seconds, Stopping threads took: 0.0000273 seconds
68.658: [GC (Allocation Failure)  481868K->164908K(1034240K), 0.0046821 secs]
68.663: Total time for which application threads were stopped: 0.0048130 seconds, Stopping threads took: 0.0000183 seconds
68.728: [GC (Allocation Failure)  485420K->169390K(1034752K), 0.0038510 secs]
68.732: Total time for which application threads were stopped: 0.0039865 seconds, Stopping threads took: 0.0000298 seconds
68.797: [GC (Allocation Failure)  490414K->169390K(1034240K), 0.0037864 secs]
68.801: Total time for which application threads were stopped: 0.0039375 seconds, Stopping threads took: 0.0000242 seconds
68.866: [GC (Allocation Failure)  490414K->172102K(1034752K), 0.0044282 secs]
68.870: Total time for which application threads were stopped: 0.0045881 seconds, Stopping threads took: 0.0000274 seconds
68.935: [GC (Allocation Failure)  493638K->177481K(1034752K), 0.0039073 secs]
68.939: Total time for which application threads were stopped: 0.0040549 seconds, Stopping threads took: 0.0000199 seconds
69.004: [GC (Allocation Failure)  499017K->177417K(1034752K), 0.0038327 secs]
69.007: Total time for which application threads were stopped: 0.0039699 seconds, Stopping threads took: 0.0000272 seconds
69.072: [GC (Allocation Failure)  498953K->181321K(1034752K), 0.0047453 secs]
69.077: Total time for which application threads were stopped: 0.0048886 seconds, Stopping threads took: 0.0000275 seconds
69.142: [GC (Allocation Failure)  502857K->185483K(1035264K), 0.0038386 secs]
69.146: Total time for which application threads were stopped: 0.0039787 seconds, Stopping threads took: 0.0000178 seconds
69.212: [GC (Allocation Failure)  508043K->185451K(1035264K), 0.0040704 secs]
69.216: Total time for which application threads were stopped: 0.0042005 seconds, Stopping threads took: 0.0000179 seconds
69.279: [GC (Allocation Failure)  508011K->188555K(1035264K), 0.0045421 secs]
69.284: Total time for which application threads were stopped: 0.0046765 seconds, Stopping threads took: 0.0000197 seconds
69.349: [GC (Allocation Failure)  511115K->193549K(1035264K), 0.0040264 secs]
69.353: Total time for which application threads were stopped: 0.0041601 seconds, Stopping threads took: 0.0000199 seconds
69.418: [GC (Allocation Failure)  516109K->193485K(1035264K), 0.0039773 secs]
69.422: Total time for which application threads were stopped: 0.0041110 seconds, Stopping threads took: 0.0000191 seconds
69.485: [GC (Allocation Failure)  516045K->196773K(1035264K), 0.0046399 secs]
69.489: Total time for which application threads were stopped: 0.0047881 seconds, Stopping threads took: 0.0000209 seconds
69.557: [GC (Allocation Failure)  519333K->201511K(1035264K), 0.0038791 secs]
69.561: Total time for which application threads were stopped: 0.0040028 seconds, Stopping threads took: 0.0000168 seconds
69.627: [GC (Allocation Failure)  524071K->201511K(1035264K), 0.0039368 secs]
69.631: Total time for which application threads were stopped: 0.0040652 seconds, Stopping threads took: 0.0000182 seconds
69.692: [GC (Allocation Failure)  524071K->205031K(1035776K), 0.0047594 secs]
69.697: Total time for which application threads were stopped: 0.0049089 seconds, Stopping threads took: 0.0000266 seconds
69.762: [GC (Allocation Failure)  528103K->209770K(1035264K), 0.0038987 secs]
69.765: Total time for which application threads were stopped: 0.0040475 seconds, Stopping threads took: 0.0000255 seconds
69.831: [GC (Allocation Failure)  532842K->209546K(1035776K), 0.0052481 secs]
69.836: Total time for which application threads were stopped: 0.0054062 seconds, Stopping threads took: 0.0000192 seconds
69.901: [GC (Allocation Failure)  532618K->206727K(1035264K), 0.0029261 secs]
69.904: Total time for which application threads were stopped: 0.0030648 seconds, Stopping threads took: 0.0000200 seconds
69.969: [GC (Allocation Failure)  529799K->209706K(1035776K), 0.0038847 secs]
69.973: Total time for which application threads were stopped: 0.0040361 seconds, Stopping threads took: 0.0000258 seconds
70.038: [GC (Allocation Failure)  533290K->209546K(1035776K), 0.0037717 secs]
70.042: Total time for which application threads were stopped: 0.0038981 seconds, Stopping threads took: 0.0000178 seconds
70.107: [GC (Allocation Failure)  533130K->213607K(1033728K), 0.0056317 secs]
70.113: Total time for which application threads were stopped: 0.0057656 seconds, Stopping threads took: 0.0000186 seconds
70.174: [GC (Allocation Failure)  535143K->209674K(1034752K), 0.0039340 secs]
70.178: Total time for which application threads were stopped: 0.0040656 seconds, Stopping threads took: 0.0000181 seconds
70.242: [GC (Allocation Failure)  531210K->209546K(1035264K), 0.0039747 secs]
70.246: Total time for which application threads were stopped: 0.0041163 seconds, Stopping threads took: 0.0000257 seconds
70.312: [GC (Allocation Failure)  531594K->215303K(1034752K), 0.0066105 secs]
70.319: Total time for which application threads were stopped: 0.0067424 seconds, Stopping threads took: 0.0000184 seconds
70.382: [GC (Allocation Failure)  537351K->210122K(1033728K), 0.0039479 secs]
70.386: Total time for which application threads were stopped: 0.0041004 seconds, Stopping threads took: 0.0000244 seconds
70.450: [GC (Allocation Failure)  530634K->210058K(1034240K), 0.0039811 secs]
70.454: Total time for which application threads were stopped: 0.0041205 seconds, Stopping threads took: 0.0000188 seconds
70.517: [GC (Allocation Failure)  530570K->215591K(1031680K), 0.0064201 secs]
70.524: Total time for which application threads were stopped: 0.0065728 seconds, Stopping threads took: 0.0000269 seconds
70.585: [GC (Allocation Failure)  534055K->210090K(1033216K), 0.0040728 secs]
70.590: Total time for which application threads were stopped: 0.0042124 seconds, Stopping threads took: 0.0000178 seconds
70.653: [GC (Allocation Failure)  528554K->210026K(1034240K), 0.0039020 secs]
70.657: Total time for which application threads were stopped: 0.0040492 seconds, Stopping threads took: 0.0000178 seconds
70.720: [GC (Allocation Failure)  530026K->209095K(1033728K), 0.0037382 secs]
70.724: Total time for which application threads were stopped: 0.0038716 seconds, Stopping threads took: 0.0000189 seconds
70.787: [GC (Allocation Failure)  529095K->210282K(1035264K), 0.0040023 secs]
70.791: Total time for which application threads were stopped: 0.0041328 seconds, Stopping threads took: 0.0000180 seconds
70.859: [GC (Allocation Failure)  532330K->210058K(1034752K), 0.0040154 secs]
70.863: Total time for which application threads were stopped: 0.0041723 seconds, Stopping threads took: 0.0000170 seconds
70.930: [GC (Allocation Failure)  532106K->209799K(1035776K), 0.0039384 secs]
70.934: Total time for which application threads were stopped: 0.0041073 seconds, Stopping threads took: 0.0000192 seconds
71.000: [GC (Allocation Failure)  532871K->210218K(1035264K), 0.0040095 secs]
71.005: Total time for which application threads were stopped: 0.0041706 seconds, Stopping threads took: 0.0000279 seconds
71.068: [GC (Allocation Failure)  533290K->210090K(1036800K), 0.0039830 secs]
71.072: Total time for which application threads were stopped: 0.0041310 seconds, Stopping threads took: 0.0000238 seconds
71.138: [GC (Allocation Failure)  535210K->217663K(1036288K), 0.0075690 secs]
71.145: Total time for which application threads were stopped: 0.0077244 seconds, Stopping threads took: 0.0000191 seconds
71.211: [GC (Allocation Failure)  542783K->214050K(1033216K), 0.0041034 secs]
71.215: Total time for which application threads were stopped: 0.0042377 seconds, Stopping threads took: 0.0000190 seconds
71.277: [GC (Allocation Failure)  535586K->213954K(1034752K), 0.0038505 secs]
71.281: Total time for which application threads were stopped: 0.0039889 seconds, Stopping threads took: 0.0000267 seconds
71.342: [GC (Allocation Failure)  535490K->210015K(1034752K), 0.0029479 secs]
71.345: Total time for which application threads were stopped: 0.0030783 seconds, Stopping threads took: 0.0000184 seconds
71.406: [GC (Allocation Failure)  531551K->214026K(1025024K), 0.0040148 secs]
71.410: Total time for which application threads were stopped: 0.0041639 seconds, Stopping threads took: 0.0000266 seconds
71.473: [GC (Allocation Failure)  535562K->218082K(1034752K), 0.0039997 secs]
71.477: Total time for which application threads were stopped: 0.0041669 seconds, Stopping threads took: 0.0000199 seconds
71.540: [GC (Allocation Failure)  539106K->214175K(1034240K), 0.0028394 secs]
71.543: Total time for which application threads were stopped: 0.0029689 seconds, Stopping threads took: 0.0000188 seconds
71.607: [GC (Allocation Failure)  535199K->218210K(1034752K), 0.0060070 secs]
71.613: Total time for which application threads were stopped: 0.0061507 seconds, Stopping threads took: 0.0000262 seconds
71.675: [GC (Allocation Failure)  539746K->222210K(1034752K), 0.0040343 secs]
71.679: Total time for which application threads were stopped: 0.0041600 seconds, Stopping threads took: 0.0000178 seconds
71.742: [GC (Allocation Failure)  543746K->218271K(1035264K), 0.0063053 secs]
71.748: Total time for which application threads were stopped: 0.0064401 seconds, Stopping threads took: 0.0000247 seconds
71.813: [GC (Allocation Failure)  540831K->222378K(1035264K), 0.0040135 secs]
71.818: Total time for which application threads were stopped: 0.0041460 seconds, Stopping threads took: 0.0000250 seconds
71.885: [GC (Allocation Failure)  544938K->226378K(1035264K), 0.0042863 secs]
71.889: Total time for which application threads were stopped: 0.0044351 seconds, Stopping threads took: 0.0000199 seconds
71.951: [GC (Allocation Failure)  548535K->222407K(1035264K), 0.0030542 secs]
71.954: Total time for which application threads were stopped: 0.0032145 seconds, Stopping threads took: 0.0000246 seconds
72.021: [GC (Allocation Failure)  544967K->226506K(1035776K), 0.0040332 secs]
72.025: Total time for which application threads were stopped: 0.0041528 seconds, Stopping threads took: 0.0000161 seconds
72.090: [GC (Allocation Failure)  550090K->230474K(1035776K), 0.0038493 secs]
72.094: Total time for which application threads were stopped: 0.0039983 seconds, Stopping threads took: 0.0000191 seconds
72.158: [GC (Allocation Failure)  554058K->230474K(1035776K), 0.0039017 secs]
72.162: Total time for which application threads were stopped: 0.0040428 seconds, Stopping threads took: 0.0000197 seconds
72.225: [GC (Allocation Failure)  554058K->230538K(1023488K), 0.0049029 secs]
72.230: Total time for which application threads were stopped: 0.0050404 seconds, Stopping threads took: 0.0000253 seconds
72.294: [GC (Allocation Failure)  554122K->238540K(1035264K), 0.0038309 secs]
72.298: Total time for which application threads were stopped: 0.0039631 seconds, Stopping threads took: 0.0000187 seconds
72.364: [GC (Allocation Failure)  561100K->238508K(1035264K), 0.0036776 secs]
72.368: Total time for which application threads were stopped: 0.0038037 seconds, Stopping threads took: 0.0000183 seconds
72.431: [GC (Allocation Failure)  561068K->238572K(1034240K), 0.0039652 secs]
72.435: Total time for which application threads were stopped: 0.0041078 seconds, Stopping threads took: 0.0000244 seconds
72.501: [GC (Allocation Failure)  560108K->246574K(1034752K), 0.0040321 secs]
72.505: Total time for which application threads were stopped: 0.0041593 seconds, Stopping threads took: 0.0000176 seconds
72.568: [GC (Allocation Failure)  568110K->246542K(1034752K), 0.0039138 secs]
72.572: Total time for which application threads were stopped: 0.0040766 seconds, Stopping threads took: 0.0000256 seconds
72.637: [GC (Allocation Failure)  568078K->246798K(1021440K), 0.0042308 secs]
72.641: Total time for which application threads were stopped: 0.0043787 seconds, Stopping threads took: 0.0000188 seconds
72.704: [GC (Allocation Failure)  568334K->254609K(1034240K), 0.0039295 secs]
72.708: Total time for which application threads were stopped: 0.0040888 seconds, Stopping threads took: 0.0000247 seconds
72.774: [GC (Allocation Failure)  575121K->254609K(1034240K), 0.0039205 secs]
72.778: Total time for which application threads were stopped: 0.0040516 seconds, Stopping threads took: 0.0000246 seconds
72.843: [GC (Allocation Failure)  575121K->255017K(1034240K), 0.0040668 secs]
72.847: Total time for which application threads were stopped: 0.0042162 seconds, Stopping threads took: 0.0000151 seconds
72.913: [GC (Allocation Failure)  575529K->262603K(1034240K), 0.0041802 secs]
72.917: Total time for which application threads were stopped: 0.0043259 seconds, Stopping threads took: 0.0000171 seconds
72.979: [GC (Allocation Failure)  583115K->262571K(1034240K), 0.0040363 secs]
72.983: Total time for which application threads were stopped: 0.0041707 seconds, Stopping threads took: 0.0000204 seconds
73.047: [GC (Allocation Failure)  583083K->262731K(1020416K), 0.0040966 secs]
73.051: Total time for which application threads were stopped: 0.0042360 seconds, Stopping threads took: 0.0000205 seconds
73.114: [GC (Allocation Failure)  583243K->270637K(1033728K), 0.0040497 secs]
73.118: Total time for which application threads were stopped: 0.0041844 seconds, Stopping threads took: 0.0000201 seconds
73.181: [GC (Allocation Failure)  590125K->270605K(1033728K), 0.0039723 secs]
73.185: Total time for which application threads were stopped: 0.0040993 seconds, Stopping threads took: 0.0000181 seconds
73.247: [GC (Allocation Failure)  590093K->270701K(1033728K), 0.0041844 secs]
73.252: Total time for which application threads were stopped: 0.0043143 seconds, Stopping threads took: 0.0000184 seconds
73.314: [GC (Allocation Failure)  590189K->278671K(1033728K), 0.0039476 secs]
73.318: Total time for which application threads were stopped: 0.0040755 seconds, Stopping threads took: 0.0000183 seconds
73.379: [GC (Allocation Failure)  598159K->278671K(1033728K), 0.0040480 secs]
73.383: Total time for which application threads were stopped: 0.0041922 seconds, Stopping threads took: 0.0000191 seconds
73.443: [GC (Allocation Failure)  598159K->278919K(1033728K), 0.0040426 secs]
73.448: Total time for which application threads were stopped: 0.0041776 seconds, Stopping threads took: 0.0000198 seconds
73.511: [GC (Allocation Failure)  598407K->286698K(1033728K), 0.0041085 secs]
73.515: Total time for which application threads were stopped: 0.0042430 seconds, Stopping threads took: 0.0000178 seconds
73.581: [GC (Allocation Failure)  606186K->282791K(1033728K), 0.0032602 secs]
73.584: Total time for which application threads were stopped: 0.0033915 seconds, Stopping threads took: 0.0000186 seconds
73.647: [GC (Allocation Failure)  602279K->286858K(1034752K), 0.0040785 secs]
73.651: Total time for which application threads were stopped: 0.0042397 seconds, Stopping threads took: 0.0000242 seconds
73.717: [GC (Allocation Failure)  607882K->290794K(1034240K), 0.0040272 secs]
73.721: Total time for which application threads were stopped: 0.0041452 seconds, Stopping threads took: 0.0000151 seconds
73.784: [GC (Allocation Failure)  611818K->285095K(1034752K), 0.0021011 secs]
73.786: Total time for which application threads were stopped: 0.0022305 seconds, Stopping threads took: 0.0000195 seconds
73.851: [GC (Allocation Failure)  606631K->290898K(1034752K), 0.0043490 secs]
73.855: Total time for which application threads were stopped: 0.0045167 seconds, Stopping threads took: 0.0000197 seconds
73.920: [GC (Allocation Failure)  612434K->294970K(1035264K), 0.0046255 secs]
73.924: Total time for which application threads were stopped: 0.0047807 seconds, Stopping threads took: 0.0000198 seconds
73.991: [GC (Allocation Failure)  617268K->291031K(1035264K), 0.0028839 secs]
73.994: Total time for which application threads were stopped: 0.0030102 seconds, Stopping threads took: 0.0000157 seconds
74.061: [GC (Allocation Failure)  613591K->295130K(1036288K), 0.0041718 secs]
74.066: Total time for which application threads were stopped: 0.0043197 seconds, Stopping threads took: 0.0000171 seconds
74.131: [GC (Allocation Failure)  619226K->299098K(1035776K), 0.0043212 secs]
74.136: Total time for which application threads were stopped: 0.0044661 seconds, Stopping threads took: 0.0000237 seconds
74.200: [GC (Allocation Failure)  623194K->299098K(1035776K), 0.0039529 secs]
74.204: Total time for which application threads were stopped: 0.0040880 seconds, Stopping threads took: 0.0000247 seconds
74.267: [GC (Allocation Failure)  622682K->299170K(1023488K), 0.0041678 secs]
74.271: Total time for which application threads were stopped: 0.0042984 seconds, Stopping threads took: 0.0000192 seconds
74.334: [GC (Allocation Failure)  622754K->307172K(1035264K), 0.0041113 secs]
74.339: Total time for which application threads were stopped: 0.0042442 seconds, Stopping threads took: 0.0000190 seconds
74.404: [GC (Allocation Failure)  629732K->307172K(1030144K), 0.0042212 secs]
74.408: Total time for which application threads were stopped: 0.0043642 seconds, Stopping threads took: 0.0000188 seconds
74.473: [GC (Allocation Failure)  629732K->307212K(1034752K), 0.0042383 secs]
74.477: Total time for which application threads were stopped: 0.0043823 seconds, Stopping threads took: 0.0000181 seconds
74.542: [GC (Allocation Failure)  628748K->315214K(1029120K), 0.0041364 secs]
74.546: Total time for which application threads were stopped: 0.0042671 seconds, Stopping threads took: 0.0000184 seconds
74.609: [GC (Allocation Failure)  636750K->315182K(1034240K), 0.0041351 secs]
74.614: Total time for which application threads were stopped: 0.0042654 seconds, Stopping threads took: 0.0000188 seconds
74.676: [GC (Allocation Failure)  635694K->315438K(1034240K), 0.0043074 secs]
74.680: Total time for which application threads were stopped: 0.0044403 seconds, Stopping threads took: 0.0000188 seconds
74.743: [GC (Allocation Failure)  635950K->323248K(1034240K), 0.0042281 secs]
74.748: Total time for which application threads were stopped: 0.0043957 seconds, Stopping threads took: 0.0000470 seconds
74.811: [GC (Allocation Failure)  643760K->323248K(1028096K), 0.0039062 secs]
74.815: Total time for which application threads were stopped: 0.0040521 seconds, Stopping threads took: 0.0000180 seconds
74.883: [GC (Allocation Failure)  643760K->323656K(1033728K), 0.0045012 secs]
74.887: Total time for which application threads were stopped: 0.0046879 seconds, Stopping threads took: 0.0000204 seconds
74.953: [GC (Allocation Failure)  643144K->331243K(1033728K), 0.0043064 secs]
74.957: Total time for which application threads were stopped: 0.0044932 seconds, Stopping threads took: 0.0000200 seconds
75.023: [GC (Allocation Failure)  650731K->331243K(1033728K), 0.0042093 secs]
75.027: Total time for which application threads were stopped: 0.0043438 seconds, Stopping threads took: 0.0000201 seconds
75.090: [GC (Allocation Failure)  650731K->331395K(1033728K), 0.0062140 secs]
75.096: Total time for which application threads were stopped: 0.0063440 seconds, Stopping threads took: 0.0000182 seconds
75.161: [GC (Allocation Failure)  650883K->339269K(1033728K), 0.0041728 secs]
75.165: Total time for which application threads were stopped: 0.0043169 seconds, Stopping threads took: 0.0000183 seconds
75.230: [GC (Allocation Failure)  658757K->339301K(1033728K), 0.0040261 secs]
75.235: Total time for which application threads were stopped: 0.0041719 seconds, Stopping threads took: 0.0000248 seconds
75.297: [GC (Allocation Failure)  658789K->339341K(1033728K), 0.0042511 secs]
75.301: Total time for which application threads were stopped: 0.0043914 seconds, Stopping threads took: 0.0000268 seconds
75.363: [GC (Allocation Failure)  658829K->347311K(1027072K), 0.0041681 secs]
75.368: Total time for which application threads were stopped: 0.0042969 seconds, Stopping threads took: 0.0000198 seconds
75.428: [GC (Allocation Failure)  666799K->343437K(1034240K), 0.0032661 secs]
75.431: Total time for which application threads were stopped: 0.0034110 seconds, Stopping threads took: 0.0000241 seconds
75.494: [GC (Allocation Failure)  662925K->347431K(1033216K), 0.0042843 secs]
75.499: Total time for which application threads were stopped: 0.0044308 seconds, Stopping threads took: 0.0000179 seconds
75.563: [GC (Allocation Failure)  666919K->351463K(1034752K), 0.0041715 secs]
75.567: Total time for which application threads were stopped: 0.0043038 seconds, Stopping threads took: 0.0000155 seconds
75.631: [GC (Allocation Failure)  672999K->344645K(1034752K), 0.0018555 secs]
75.633: Total time for which application threads were stopped: 0.0019847 seconds, Stopping threads took: 0.0000189 seconds
75.696: [GC (Allocation Failure)  666181K->351535K(1034752K), 0.0041542 secs]
75.700: Total time for which application threads were stopped: 0.0043225 seconds, Stopping threads took: 0.0000238 seconds
75.763: [GC (Allocation Failure)  673071K->355615K(1034752K), 0.0050676 secs]
75.768: Total time for which application threads were stopped: 0.0051936 seconds, Stopping threads took: 0.0000249 seconds
75.831: [GC (Allocation Failure)  677151K->350045K(1034752K), 0.0036940 secs]
75.835: Total time for which application threads were stopped: 0.0038167 seconds, Stopping threads took: 0.0000140 seconds
75.901: [GC (Allocation Failure)  671581K->355855K(1034752K), 0.0043439 secs]
75.906: Total time for which application threads were stopped: 0.0045157 seconds, Stopping threads took: 0.0000202 seconds
75.971: [GC (Allocation Failure)  677391K->359695K(1035264K), 0.0047469 secs]
75.976: Total time for which application threads were stopped: 0.0049102 seconds, Stopping threads took: 0.0000222 seconds
76.039: [GC (Allocation Failure)  682183K->355821K(1035264K), 0.0031578 secs]
76.042: Total time for which application threads were stopped: 0.0033067 seconds, Stopping threads took: 0.0000195 seconds
76.108: [GC (Allocation Failure)  678381K->359887K(1036288K), 0.0042024 secs]
76.113: Total time for which application threads were stopped: 0.0043233 seconds, Stopping threads took: 0.0000157 seconds
76.177: [GC (Allocation Failure)  683983K->363855K(1035776K), 0.0042134 secs]
76.182: Total time for which application threads were stopped: 0.0043510 seconds, Stopping threads took: 0.0000193 seconds
76.248: [GC (Allocation Failure)  687951K->363855K(1035776K), 0.0041157 secs]
76.252: Total time for which application threads were stopped: 0.0042578 seconds, Stopping threads took: 0.0000192 seconds
76.315: [GC (Allocation Failure)  687439K->363911K(1023488K), 0.0043196 secs]
76.320: Total time for which application threads were stopped: 0.0044602 seconds, Stopping threads took: 0.0000190 seconds
76.382: [GC (Allocation Failure)  687495K->371881K(1035264K), 0.0044361 secs]
76.386: Total time for which application threads were stopped: 0.0045705 seconds, Stopping threads took: 0.0000187 seconds
76.449: [GC (Allocation Failure)  694441K->371881K(1030144K), 0.0040378 secs]
76.453: Total time for which application threads were stopped: 0.0041872 seconds, Stopping threads took: 0.0000196 seconds
76.518: [GC (Allocation Failure)  694441K->371945K(1034752K), 0.0042058 secs]
76.522: Total time for which application threads were stopped: 0.0043237 seconds, Stopping threads took: 0.0000154 seconds
76.585: [GC (Allocation Failure)  693481K->379916K(1034752K), 0.0044411 secs]
76.590: Total time for which application threads were stopped: 0.0045729 seconds, Stopping threads took: 0.0000190 seconds
76.654: [GC (Allocation Failure)  701452K->379884K(1033728K), 0.0040405 secs]
76.658: Total time for which application threads were stopped: 0.0042013 seconds, Stopping threads took: 0.0000246 seconds
76.723: [GC (Allocation Failure)  700396K->380132K(1034240K), 0.0045090 secs]
76.727: Total time for which application threads were stopped: 0.0046434 seconds, Stopping threads took: 0.0000210 seconds
76.790: [GC (Allocation Failure)  700644K->387974K(1034240K), 0.0042359 secs]
76.795: Total time for which application threads were stopped: 0.0043658 seconds, Stopping threads took: 0.0000184 seconds
76.861: [GC (Allocation Failure)  708486K->387942K(1034240K), 0.0044799 secs]
76.866: Total time for which application threads were stopped: 0.0046380 seconds, Stopping threads took: 0.0000197 seconds
76.932: [GC (Allocation Failure)  708454K->388398K(1033216K), 0.0047541 secs]
76.936: Total time for which application threads were stopped: 0.0049355 seconds, Stopping threads took: 0.0000203 seconds
77.004: [GC (Allocation Failure)  707886K->395984K(1033728K), 0.0044843 secs]
77.008: Total time for which application threads were stopped: 0.0046265 seconds, Stopping threads took: 0.0000259 seconds
77.073: [GC (Allocation Failure)  715472K->396016K(1033728K), 0.0042994 secs]
77.077: Total time for which application threads were stopped: 0.0044457 seconds, Stopping threads took: 0.0000246 seconds
77.138: [GC (Allocation Failure)  715504K->396136K(1033728K), 0.0043618 secs]
77.142: Total time for which application threads were stopped: 0.0044916 seconds, Stopping threads took: 0.0000181 seconds
77.205: [GC (Allocation Failure)  715624K->404011K(1033728K), 0.0042485 secs]
77.210: Total time for which application threads were stopped: 0.0043955 seconds, Stopping threads took: 0.0000233 seconds
77.273: [GC (Allocation Failure)  723499K->404043K(1033728K), 0.0043621 secs]
77.278: Total time for which application threads were stopped: 0.0044945 seconds, Stopping threads took: 0.0000191 seconds
77.340: [GC (Allocation Failure)  723531K->404075K(1033728K), 0.0044296 secs]
77.345: Total time for which application threads were stopped: 0.0045984 seconds, Stopping threads took: 0.0000245 seconds
77.408: [GC (Allocation Failure)  723563K->412077K(1027072K), 0.0063412 secs]
77.414: Total time for which application threads were stopped: 0.0064888 seconds, Stopping threads took: 0.0000246 seconds
77.475: [GC (Allocation Failure)  731564K->408139K(1034240K), 0.0036041 secs]
77.479: Total time for which application threads were stopped: 0.0037455 seconds, Stopping threads took: 0.0000193 seconds
77.542: [GC (Allocation Failure)  727627K->412197K(1033216K), 0.0044576 secs]
77.547: Total time for which application threads were stopped: 0.0046076 seconds, Stopping threads took: 0.0000211 seconds
77.612: [GC (Allocation Failure)  731685K->416197K(1034752K), 0.0042944 secs]
77.616: Total time for which application threads were stopped: 0.0044404 seconds, Stopping threads took: 0.0000232 seconds
77.678: [GC (Allocation Failure)  737733K->409347K(1034752K), 0.0019929 secs]
77.681: Total time for which application threads were stopped: 0.0021237 seconds, Stopping threads took: 0.0000187 seconds
77.744: [GC (Allocation Failure)  730883K->416237K(1034752K), 0.0042197 secs]
77.748: Total time for which application threads were stopped: 0.0043675 seconds, Stopping threads took: 0.0000250 seconds
77.812: [GC (Allocation Failure)  737773K->420317K(1034752K), 0.0053610 secs]
77.817: Total time for which application threads were stopped: 0.0055041 seconds, Stopping threads took: 0.0000187 seconds
77.883: [GC (Allocation Failure)  741853K->414747K(1034752K), 0.0023793 secs]
77.886: Total time for which application threads were stopped: 0.0025194 seconds, Stopping threads took: 0.0000203 seconds
77.951: [GC (Allocation Failure)  736283K->420589K(1034752K), 0.0044895 secs]
77.956: Total time for which application threads were stopped: 0.0046327 seconds, Stopping threads took: 0.0000188 seconds
78.021: [GC (Allocation Failure)  742125K->424461K(1035264K), 0.0046756 secs]
78.026: Total time for which application threads were stopped: 0.0048047 seconds, Stopping threads took: 0.0000200 seconds
78.090: [GC (Allocation Failure)  746949K->420555K(1035264K), 0.0033755 secs]
78.093: Total time for which application threads were stopped: 0.0035129 seconds, Stopping threads took: 0.0000184 seconds
78.158: [GC (Allocation Failure)  743115K->424621K(1036288K), 0.0044799 secs]
78.163: Total time for which application threads were stopped: 0.0046173 seconds, Stopping threads took: 0.0000175 seconds
78.226: [GC (Allocation Failure)  748717K->428589K(1035776K), 0.0043069 secs]
78.231: Total time for which application threads were stopped: 0.0044367 seconds, Stopping threads took: 0.0000252 seconds
78.294: [GC (Allocation Failure)  752685K->428621K(1035776K), 0.0043365 secs]
78.299: Total time for which application threads were stopped: 0.0044675 seconds, Stopping threads took: 0.0000186 seconds
78.362: [GC (Allocation Failure)  752205K->428717K(1023488K), 0.0043586 secs]
78.366: Total time for which application threads were stopped: 0.0045173 seconds, Stopping threads took: 0.0000246 seconds
78.430: [GC (Allocation Failure)  752301K->436655K(1035264K), 0.0059074 secs]
78.436: Total time for which application threads were stopped: 0.0060671 seconds, Stopping threads took: 0.0000158 seconds
78.500: [GC (Allocation Failure)  759215K->436655K(1030144K), 0.0043396 secs]
78.505: Total time for which application threads were stopped: 0.0044914 seconds, Stopping threads took: 0.0000290 seconds
78.568: [GC (Allocation Failure)  759215K->436679K(1034752K), 0.0043945 secs]
78.572: Total time for which application threads were stopped: 0.0045249 seconds, Stopping threads took: 0.0000155 seconds
78.636: [GC (Allocation Failure)  758215K->444649K(1029120K), 0.0045770 secs]
78.641: Total time for which application threads were stopped: 0.0047103 seconds, Stopping threads took: 0.0000194 seconds
78.705: [GC (Allocation Failure)  766185K->444681K(1034240K), 0.0042683 secs]
78.709: Total time for which application threads were stopped: 0.0044125 seconds, Stopping threads took: 0.0000195 seconds
78.775: [GC (Allocation Failure)  765193K->444905K(1034240K), 0.0045023 secs]
78.779: Total time for which application threads were stopped: 0.0046555 seconds, Stopping threads took: 0.0000257 seconds
78.846: [GC (Allocation Failure)  765417K->452684K(1034240K), 0.0045366 secs]
78.850: Total time for which application threads were stopped: 0.0046970 seconds, Stopping threads took: 0.0000190 seconds
78.918: [GC (Allocation Failure)  773196K->452684K(1034240K), 0.0045644 secs]
78.923: Total time for which application threads were stopped: 0.0047567 seconds, Stopping threads took: 0.0000201 seconds
78.991: [GC (Allocation Failure)  773196K->453132K(1033216K), 0.0047015 secs]
78.995: Total time for which application threads were stopped: 0.0048704 seconds, Stopping threads took: 0.0000198 seconds
79.061: [GC (Allocation Failure)  772620K->460718K(1033728K), 0.0046608 secs]
79.066: Total time for which application threads were stopped: 0.0048141 seconds, Stopping threads took: 0.0000194 seconds
79.132: [GC (Allocation Failure)  780206K->460718K(1033728K), 0.0044781 secs]
79.136: Total time for which application threads were stopped: 0.0046230 seconds, Stopping threads took: 0.0000193 seconds
79.199: [GC (Allocation Failure)  780206K->460846K(1033728K), 0.0045952 secs]
79.203: Total time for which application threads were stopped: 0.0047367 seconds, Stopping threads took: 0.0000264 seconds
79.267: [GC (Allocation Failure)  780334K->468752K(1033728K), 0.0044685 secs]
79.272: Total time for which application threads were stopped: 0.0046059 seconds, Stopping threads took: 0.0000199 seconds
79.335: [GC (Allocation Failure)  788240K->468752K(1033728K), 0.0045731 secs]
79.339: Total time for which application threads were stopped: 0.0047250 seconds, Stopping threads took: 0.0000210 seconds
79.402: [GC (Allocation Failure)  788240K->468808K(1033728K), 0.0045586 secs]
79.407: Total time for which application threads were stopped: 0.0047056 seconds, Stopping threads took: 0.0000234 seconds
79.471: [GC (Allocation Failure)  788296K->476778K(1027072K), 0.0046507 secs]
79.475: Total time for which application threads were stopped: 0.0047937 seconds, Stopping threads took: 0.0000188 seconds
79.538: [GC (Allocation Failure)  796266K->472872K(1034240K), 0.0037285 secs]
79.541: Total time for which application threads were stopped: 0.0038764 seconds, Stopping threads took: 0.0000246 seconds
79.605: [GC (Allocation Failure)  792360K->476938K(1033216K), 0.0044647 secs]
79.609: Total time for which application threads were stopped: 0.0046013 seconds, Stopping threads took: 0.0000190 seconds
79.673: [GC (Allocation Failure)  796426K->480906K(1034752K), 0.0044587 secs]
79.677: Total time for which application threads were stopped: 0.0046060 seconds, Stopping threads took: 0.0000187 seconds
79.742: [GC (Allocation Failure)  802442K->474120K(1034752K), 0.0019283 secs]
79.744: Total time for which application threads were stopped: 0.0020515 seconds, Stopping threads took: 0.0000244 seconds
79.807: [GC (Allocation Failure)  795656K->480946K(1034752K), 0.0064698 secs]
79.814: Total time for which application threads were stopped: 0.0066145 seconds, Stopping threads took: 0.0000230 seconds
79.880: [GC (Allocation Failure)  802482K->485058K(1034752K), 0.0055001 secs]
79.886: Total time for which application threads were stopped: 0.0056588 seconds, Stopping threads took: 0.0000203 seconds
79.950: [GC (Allocation Failure)  806594K->479520K(1034752K), 0.0025873 secs]
79.952: Total time for which application threads were stopped: 0.0027392 seconds, Stopping threads took: 0.0000213 seconds
80.018: [GC (Allocation Failure)  801056K->485298K(1034752K), 0.0046014 secs]
80.023: Total time for which application threads were stopped: 0.0047822 seconds, Stopping threads took: 0.0000208 seconds
80.091: [GC (Allocation Failure)  806834K->489202K(1034752K), 0.0049896 secs]
80.096: Total time for which application threads were stopped: 0.0051509 seconds, Stopping threads took: 0.0000204 seconds
80.159: [GC (Allocation Failure)  811691K->485328K(1035264K), 0.0035500 secs]
80.162: Total time for which application threads were stopped: 0.0036974 seconds, Stopping threads took: 0.0000193 seconds
80.230: [GC (Allocation Failure)  807888K->489354K(1036288K), 0.0044352 secs]
80.234: Total time for which application threads were stopped: 0.0045850 seconds, Stopping threads took: 0.0000267 seconds
80.299: [GC (Allocation Failure)  813450K->493322K(1035776K), 0.0044273 secs]
80.303: Total time for which application threads were stopped: 0.0045751 seconds, Stopping threads took: 0.0000246 seconds
80.368: [GC (Allocation Failure)  817418K->493322K(1035776K), 0.0043219 secs]
80.372: Total time for which application threads were stopped: 0.0044693 seconds, Stopping threads took: 0.0000192 seconds
80.437: [GC (Allocation Failure)  816906K->493378K(1023488K), 0.0047076 secs]
80.442: Total time for which application threads were stopped: 0.0048387 seconds, Stopping threads took: 0.0000184 seconds
80.504: [GC (Allocation Failure)  816962K->501381K(1035264K), 0.0044766 secs]
80.508: Total time for which application threads were stopped: 0.0046165 seconds, Stopping threads took: 0.0000264 seconds
80.571: [GC (Allocation Failure)  823941K->501349K(1030144K), 0.0043084 secs]
80.575: Total time for which application threads were stopped: 0.0044413 seconds, Stopping threads took: 0.0000188 seconds
80.638: [GC (Allocation Failure)  823909K->501413K(1034752K), 0.0046501 secs]
80.643: Total time for which application threads were stopped: 0.0048116 seconds, Stopping threads took: 0.0000243 seconds
80.708: [GC (Allocation Failure)  822949K->509383K(1034752K), 0.0045232 secs]
80.713: Total time for which application threads were stopped: 0.0046587 seconds, Stopping threads took: 0.0000167 seconds
80.777: [GC (Allocation Failure)  830919K->509383K(1033728K), 0.0042806 secs]
80.782: Total time for which application threads were stopped: 0.0044143 seconds, Stopping threads took: 0.0000198 seconds
80.846: [GC (Allocation Failure)  829895K->509639K(1034240K), 0.0044577 secs]
80.851: Total time for which application threads were stopped: 0.0046407 seconds, Stopping threads took: 0.0000167 seconds
80.917: [GC (Allocation Failure)  830151K->517417K(1034240K), 0.0044828 secs]
80.922: Total time for which application threads were stopped: 0.0046513 seconds, Stopping threads took: 0.0000168 seconds
80.988: [GC (Allocation Failure)  837929K->517417K(1034240K), 0.0046460 secs]
80.992: Total time for which application threads were stopped: 0.0047610 seconds, Stopping threads took: 0.0000164 seconds
81.057: [GC (Allocation Failure)  837929K->517865K(1034240K), 0.0047172 secs]
81.061: Total time for which application threads were stopped: 0.0048701 seconds, Stopping threads took: 0.0000235 seconds
81.124: [GC (Allocation Failure)  838377K->525483K(1028096K), 0.0046660 secs]
81.129: Total time for which application threads were stopped: 0.0048161 seconds, Stopping threads took: 0.0000237 seconds
81.190: [GC (Allocation Failure)  845995K->525451K(1033728K), 0.0044309 secs]
81.195: Total time for which application threads were stopped: 0.0045713 seconds, Stopping threads took: 0.0000185 seconds
81.257: [GC (Allocation Failure)  844939K->525611K(1033728K), 0.0046361 secs]
81.262: Total time for which application threads were stopped: 0.0047832 seconds, Stopping threads took: 0.0000265 seconds
81.325: [GC (Allocation Failure)  845099K->533518K(1033728K), 0.0045392 secs]
81.330: Total time for which application threads were stopped: 0.0046681 seconds, Stopping threads took: 0.0000176 seconds
81.393: [GC (Allocation Failure)  853006K->533518K(1033728K), 0.0044219 secs]
81.398: Total time for which application threads were stopped: 0.0045542 seconds, Stopping threads took: 0.0000185 seconds
81.459: [GC (Allocation Failure)  853006K->533542K(1033728K), 0.0047924 secs]
81.464: Total time for which application threads were stopped: 0.0049427 seconds, Stopping threads took: 0.0000255 seconds
81.527: [GC (Allocation Failure)  853030K->541544K(1027072K), 0.0046159 secs]
81.531: Total time for which application threads were stopped: 0.0047640 seconds, Stopping threads took: 0.0000245 seconds
81.592: [GC (Allocation Failure)  861031K->537606K(1034240K), 0.0037174 secs]
81.595: Total time for which application threads were stopped: 0.0038645 seconds, Stopping threads took: 0.0000246 seconds
81.661: [GC (Allocation Failure)  857094K->541672K(1033216K), 0.0047603 secs]
81.665: Total time for which application threads were stopped: 0.0048931 seconds, Stopping threads took: 0.0000189 seconds
81.729: [GC (Allocation Failure)  861160K->545672K(1034752K), 0.0045680 secs]
81.733: Total time for which application threads were stopped: 0.0047093 seconds, Stopping threads took: 0.0000195 seconds
81.797: [GC (Allocation Failure)  867208K->538854K(1034752K), 0.0021415 secs]
81.799: Total time for which application threads were stopped: 0.0022742 seconds, Stopping threads took: 0.0000194 seconds
81.866: [GC (Allocation Failure)  860390K->545712K(1034752K), 0.0046433 secs]
81.871: Total time for which application threads were stopped: 0.0048002 seconds, Stopping threads took: 0.0000171 seconds
81.936: [GC (Allocation Failure)  867248K->549792K(1034752K), 0.0054787 secs]
81.941: Total time for which application threads were stopped: 0.0056496 seconds, Stopping threads took: 0.0000199 seconds
82.006: [GC (Allocation Failure)  871328K->544222K(1034752K), 0.0026891 secs]
82.009: Total time for which application threads were stopped: 0.0028306 seconds, Stopping threads took: 0.0000208 seconds
82.075: [GC (Allocation Failure)  865758K->550064K(1034752K), 0.0047392 secs]
82.080: Total time for which application threads were stopped: 0.0048843 seconds, Stopping threads took: 0.0000195 seconds
82.144: [GC (Allocation Failure)  871600K->553968K(1035264K), 0.0050310 secs]
82.149: Total time for which application threads were stopped: 0.0051754 seconds, Stopping threads took: 0.0000204 seconds
82.212: [GC (Allocation Failure)  876456K->550062K(1035264K), 0.0036435 secs]
82.215: Total time for which application threads were stopped: 0.0037784 seconds, Stopping threads took: 0.0000186 seconds
82.280: [GC (Allocation Failure)  872622K->554096K(1036288K), 0.0045966 secs]
82.285: Total time for which application threads were stopped: 0.0047452 seconds, Stopping threads took: 0.0000192 seconds
82.350: [GC (Allocation Failure)  878192K->558096K(1035776K), 0.0045685 secs]
82.355: Total time for which application threads were stopped: 0.0046901 seconds, Stopping threads took: 0.0000168 seconds
82.419: [GC (Allocation Failure)  882192K->558064K(1035776K), 0.0045855 secs]
82.424: Total time for which application threads were stopped: 0.0047202 seconds, Stopping threads took: 0.0000191 seconds
82.487: [GC (Allocation Failure)  881648K->558120K(1023488K), 0.0045311 secs]
82.491: Total time for which application threads were stopped: 0.0046713 seconds, Stopping threads took: 0.0000205 seconds
82.556: [GC (Allocation Failure)  881704K->566090K(1035264K), 0.0046434 secs]
82.560: Total time for which application threads were stopped: 0.0048052 seconds, Stopping threads took: 0.0000277 seconds
82.624: [GC (Allocation Failure)  888650K->566090K(1030144K), 0.0045483 secs]
82.629: Total time for which application threads were stopped: 0.0047128 seconds, Stopping threads took: 0.0000261 seconds
82.692: [GC (Allocation Failure)  888650K->566154K(1034752K), 0.0046199 secs]
82.697: Total time for which application threads were stopped: 0.0047567 seconds, Stopping threads took: 0.0000185 seconds
82.762: [GC (Allocation Failure)  887690K->574124K(1034752K), 0.0047737 secs]
82.767: Total time for which application threads were stopped: 0.0049250 seconds, Stopping threads took: 0.0000251 seconds
82.832: [GC (Allocation Failure)  895660K->574124K(1033728K), 0.0050515 secs]
82.837: Total time for which application threads were stopped: 0.0051972 seconds, Stopping threads took: 0.0000160 seconds
82.904: [GC (Allocation Failure)  894636K->574380K(1034240K), 0.0049079 secs]
82.909: Total time for which application threads were stopped: 0.0050776 seconds, Stopping threads took: 0.0000196 seconds
82.976: [GC (Allocation Failure)  894892K->582191K(1034240K), 0.0045485 secs]
82.980: Total time for which application threads were stopped: 0.0047057 seconds, Stopping threads took: 0.0000205 seconds
83.046: [GC (Allocation Failure)  902703K->582159K(1034240K), 0.0047109 secs]
83.051: Total time for which application threads were stopped: 0.0048574 seconds, Stopping threads took: 0.0000189 seconds
83.113: [GC (Allocation Failure)  902671K->582599K(1033216K), 0.0048061 secs]
83.118: Total time for which application threads were stopped: 0.0049378 seconds, Stopping threads took: 0.0000186 seconds
83.182: [GC (Allocation Failure)  902087K->590217K(1033728K), 0.0047613 secs]
83.187: Total time for which application threads were stopped: 0.0049066 seconds, Stopping threads took: 0.0000190 seconds
83.251: [GC (Allocation Failure)  909705K->590185K(1033728K), 0.0044870 secs]
83.255: Total time for which application threads were stopped: 0.0046380 seconds, Stopping threads took: 0.0000185 seconds
83.316: [GC (Allocation Failure)  909673K->590313K(1033728K), 0.0048142 secs]
83.321: Total time for which application threads were stopped: 0.0049650 seconds, Stopping threads took: 0.0000189 seconds
83.384: [GC (Allocation Failure)  909801K->598219K(1033728K), 0.0045417 secs]
83.388: Total time for which application threads were stopped: 0.0046742 seconds, Stopping threads took: 0.0000189 seconds
83.451: [GC (Allocation Failure)  917707K->598251K(1033728K), 0.0046804 secs]
83.456: Total time for which application threads were stopped: 0.0048274 seconds, Stopping threads took: 0.0000273 seconds
83.518: [GC (Allocation Failure)  917739K->598283K(1033728K), 0.0048210 secs]
83.523: Total time for which application threads were stopped: 0.0049596 seconds, Stopping threads took: 0.0000193 seconds
83.585: [GC (Allocation Failure)  917771K->606254K(1027072K), 0.0048341 secs]
83.590: Total time for which application threads were stopped: 0.0049634 seconds, Stopping threads took: 0.0000182 seconds
83.650: [GC (Allocation Failure)  925741K->602347K(1034240K), 0.0039172 secs]
83.654: Total time for which application threads were stopped: 0.0040454 seconds, Stopping threads took: 0.0000185 seconds
83.717: [GC (Allocation Failure)  921835K->606414K(1033216K), 0.0047920 secs]
83.722: Total time for which application threads were stopped: 0.0049267 seconds, Stopping threads took: 0.0000183 seconds
83.785: [GC (Allocation Failure)  925902K->610382K(1034752K), 0.0059297 secs]
83.791: Total time for which application threads were stopped: 0.0060750 seconds, Stopping threads took: 0.0000242 seconds
83.857: [GC (Allocation Failure)  931918K->603563K(1034752K), 0.0022175 secs]
83.859: Total time for which application threads were stopped: 0.0023544 seconds, Stopping threads took: 0.0000167 seconds
83.927: [GC (Allocation Failure)  925099K->610446K(1034752K), 0.0045883 secs]
83.932: Total time for which application threads were stopped: 0.0047506 seconds, Stopping threads took: 0.0000193 seconds
83.997: [GC (Allocation Failure)  931982K->614550K(1034752K), 0.0057734 secs]
84.003: Total time for which application threads were stopped: 0.0059390 seconds, Stopping threads took: 0.0000208 seconds
84.066: [GC (Allocation Failure)  936086K->608979K(1034752K), 0.0029307 secs]
84.069: Total time for which application threads were stopped: 0.0030721 seconds, Stopping threads took: 0.0000202 seconds
84.135: [GC (Allocation Failure)  930515K->614790K(1034752K), 0.0048534 secs]
84.140: Total time for which application threads were stopped: 0.0050078 seconds, Stopping threads took: 0.0000280 seconds
84.204: [GC (Allocation Failure)  936326K->618654K(1035264K), 0.0051439 secs]
84.209: Total time for which application threads were stopped: 0.0052957 seconds, Stopping threads took: 0.0000199 seconds
84.273: [GC (Allocation Failure)  941142K->614747K(1035264K), 0.0036626 secs]
84.276: Total time for which application threads were stopped: 0.0038026 seconds, Stopping threads took: 0.0000255 seconds
84.343: [GC (Allocation Failure)  937307K->618814K(1036288K), 0.0049632 secs]
84.348: Total time for which application threads were stopped: 0.0051204 seconds, Stopping threads took: 0.0000199 seconds
84.414: [GC (Allocation Failure)  942910K->622782K(1035776K), 0.0047818 secs]
84.419: Total time for which application threads were stopped: 0.0049324 seconds, Stopping threads took: 0.0000197 seconds
84.483: [GC (Allocation Failure)  946878K->622750K(1035776K), 0.0045596 secs]
84.487: Total time for which application threads were stopped: 0.0047215 seconds, Stopping threads took: 0.0000246 seconds
84.551: [GC (Allocation Failure)  946334K->622854K(1023488K), 0.0048616 secs]
84.556: Total time for which application threads were stopped: 0.0049912 seconds, Stopping threads took: 0.0000184 seconds
84.618: [GC (Allocation Failure)  946438K->630856K(1035264K), 0.0046989 secs]
84.623: Total time for which application threads were stopped: 0.0048472 seconds, Stopping threads took: 0.0000240 seconds
84.686: [GC (Allocation Failure)  953416K->630824K(1030144K), 0.0046462 secs]
84.691: Total time for which application threads were stopped: 0.0047870 seconds, Stopping threads took: 0.0000198 seconds
84.757: [GC (Allocation Failure)  953384K->630888K(1034752K), 0.0045999 secs]
84.761: Total time for which application threads were stopped: 0.0047411 seconds, Stopping threads took: 0.0000190 seconds
84.826: [GC (Allocation Failure)  952424K->638826K(1034752K), 0.0084467 secs]
84.834: Total time for which application threads were stopped: 0.0086033 seconds, Stopping threads took: 0.0000257 seconds
84.903: [GC (Allocation Failure)  960362K->638890K(1033728K), 0.0047020 secs]
84.907: Total time for which application threads were stopped: 0.0048605 seconds, Stopping threads took: 0.0000204 seconds
84.975: [GC (Allocation Failure)  959402K->639114K(1034240K), 0.0049111 secs]
84.980: Total time for which application threads were stopped: 0.0050964 seconds, Stopping threads took: 0.0000192 seconds
85.048: [GC (Allocation Failure)  959626K->646892K(1034240K), 0.0047870 secs]
85.053: Total time for which application threads were stopped: 0.0049466 seconds, Stopping threads took: 0.0000194 seconds
85.120: [GC (Allocation Failure)  967404K->646860K(1034240K), 0.0047690 secs]
85.125: Total time for which application threads were stopped: 0.0049596 seconds, Stopping threads took: 0.0000195 seconds
85.191: [GC (Allocation Failure)  967372K->647340K(1034240K), 0.0048561 secs]
85.196: Total time for which application threads were stopped: 0.0050304 seconds, Stopping threads took: 0.0000197 seconds
85.264: [GC (Allocation Failure)  967852K->654959K(1028096K), 0.0046691 secs]
85.268: Total time for which application threads were stopped: 0.0048132 seconds, Stopping threads took: 0.0000254 seconds
85.330: [GC (Allocation Failure)  975471K->654959K(1033728K), 0.0048441 secs]
85.335: Total time for which application threads were stopped: 0.0049994 seconds, Stopping threads took: 0.0000187 seconds
85.397: [GC (Allocation Failure)  974447K->655079K(1033728K), 0.0048373 secs]
85.402: Total time for which application threads were stopped: 0.0049736 seconds, Stopping threads took: 0.0000186 seconds
85.465: [GC (Allocation Failure)  974567K->662953K(1033728K), 0.0047675 secs]
85.469: Total time for which application threads were stopped: 0.0049163 seconds, Stopping threads took: 0.0000194 seconds
85.535: [GC (Allocation Failure)  982441K->662953K(1033728K), 0.0048447 secs]
85.540: Total time for which application threads were stopped: 0.0049805 seconds, Stopping threads took: 0.0000190 seconds
85.602: [GC (Allocation Failure)  982441K->663017K(1033728K), 0.0050440 secs]
85.607: Total time for which application threads were stopped: 0.0052099 seconds, Stopping threads took: 0.0000244 seconds
85.670: [GC (Allocation Failure)  982505K->671019K(1027072K), 0.0048842 secs]
85.675: Total time for which application threads were stopped: 0.0050029 seconds, Stopping threads took: 0.0000148 seconds
85.737: [GC (Allocation Failure)  990507K->667113K(1034240K), 0.0040035 secs]
85.741: Total time for which application threads were stopped: 0.0041337 seconds, Stopping threads took: 0.0000188 seconds
85.804: [GC (Allocation Failure)  986601K->671147K(1033216K), 0.0049599 secs]
85.809: Total time for which application threads were stopped: 0.0051108 seconds, Stopping threads took: 0.0000242 seconds
85.875: [GC (Allocation Failure)  990635K->675147K(1034752K), 0.0049781 secs]
85.881: Total time for which application threads were stopped: 0.0051531 seconds, Stopping threads took: 0.0000202 seconds
85.946: [GC (Allocation Failure)  996683K->668297K(1034752K), 0.0024084 secs]
85.948: Total time for which application threads were stopped: 0.0025612 seconds, Stopping threads took: 0.0000201 seconds
86.014: [GC (Allocation Failure)  989833K->675187K(1034752K), 0.0048105 secs]
86.019: Total time for which application threads were stopped: 0.0049661 seconds, Stopping threads took: 0.0000204 seconds
86.083: [GC (Allocation Failure)  996723K->679235K(1034752K), 0.0059005 secs]
86.089: Total time for which application threads were stopped: 0.0060588 seconds, Stopping threads took: 0.0000196 seconds
86.153: [GC (Allocation Failure)  1000771K->673697K(1034752K), 0.0031371 secs]
86.156: Total time for which application threads were stopped: 0.0032770 seconds, Stopping threads took: 0.0000201 seconds
86.221: [GC (Allocation Failure)  995233K->679531K(1034752K), 0.0049001 secs]
86.226: Total time for which application threads were stopped: 0.0050706 seconds, Stopping threads took: 0.0000259 seconds
86.293: [GC (Allocation Failure)  1001067K->683403K(1034752K), 0.0053183 secs]
86.298: Total time for which application threads were stopped: 0.0054684 seconds, Stopping threads took: 0.0000252 seconds
86.361: [GC (Allocation Failure)  1005891K->679497K(1035264K), 0.0037447 secs]
86.365: Total time for which application threads were stopped: 0.0038894 seconds, Stopping threads took: 0.0000196 seconds
86.430: [GC (Allocation Failure)  1002057K->683563K(1036288K), 0.0048642 secs]
86.435: Total time for which application threads were stopped: 0.0050189 seconds, Stopping threads took: 0.0000194 seconds
86.499: [GC (Allocation Failure)  1007659K->687563K(1035776K), 0.0048343 secs]
86.504: Total time for which application threads were stopped: 0.0049774 seconds, Stopping threads took: 0.0000190 seconds
86.568: [GC (Allocation Failure)  1011659K->687531K(1035776K), 0.0048476 secs]
86.573: Total time for which application threads were stopped: 0.0049918 seconds, Stopping threads took: 0.0000194 seconds
86.636: [GC (Allocation Failure)  1011115K->687587K(1023488K), 0.0049045 secs]
86.641: Total time for which application threads were stopped: 0.0050301 seconds, Stopping threads took: 0.0000162 seconds
86.703: [GC (Allocation Failure)  1011171K->695589K(1035264K), 0.0049556 secs]
86.708: Total time for which application threads were stopped: 0.0050983 seconds, Stopping threads took: 0.0000187 seconds
86.772: [GC (Allocation Failure)  1018149K->695589K(1030144K), 0.0047071 secs]
86.776: Total time for which application threads were stopped: 0.0048434 seconds, Stopping threads took: 0.0000188 seconds
86.841: [GC (Allocation Failure)  1018149K->695581K(1034752K), 0.0087620 secs]
86.849: [Full GC (Ergonomics)  695581K->8520K(1034752K), 0.0125188 secs]
86.862: Total time for which application threads were stopped: 0.0215295 seconds, Stopping threads took: 0.0000257 seconds
86.929: [GC (Allocation Failure)  330056K->16586K(1029120K), 0.0036977 secs]
86.933: Total time for which application threads were stopped: 0.0038606 seconds, Stopping threads took: 0.0000244 seconds
86.999: [GC (Allocation Failure)  338122K->16602K(1034240K), 0.0034953 secs]
87.003: Total time for which application threads were stopped: 0.0036319 seconds, Stopping threads took: 0.0000168 seconds
87.069: [GC (Allocation Failure)  337114K->16858K(1034240K), 0.0035281 secs]
87.072: Total time for which application threads were stopped: 0.0036775 seconds, Stopping threads took: 0.0000207 seconds
87.136: [GC (Allocation Failure)  337370K->24668K(1034240K), 0.0034141 secs]
87.140: Total time for which application threads were stopped: 0.0035617 seconds, Stopping threads took: 0.0000188 seconds
87.205: [GC (Allocation Failure)  345180K->24604K(1034240K), 0.0036095 secs]
87.209: Total time for which application threads were stopped: 0.0037344 seconds, Stopping threads took: 0.0000155 seconds
87.274: [GC (Allocation Failure)  345116K->25084K(1033216K), 0.0035430 secs]
87.278: Total time for which application threads were stopped: 0.0036717 seconds, Stopping threads took: 0.0000237 seconds
87.341: [GC (Allocation Failure)  344572K->32671K(1033728K), 0.0035609 secs]
87.345: Total time for which application threads were stopped: 0.0037064 seconds, Stopping threads took: 0.0000176 seconds
87.410: [GC (Allocation Failure)  352159K->32703K(1033728K), 0.0036120 secs]
87.414: Total time for which application threads were stopped: 0.0037452 seconds, Stopping threads took: 0.0000188 seconds
87.475: [GC (Allocation Failure)  352191K->32807K(1033728K), 0.0036503 secs]
87.478: Total time for which application threads were stopped: 0.0037962 seconds, Stopping threads took: 0.0000236 seconds
87.543: [GC (Allocation Failure)  352295K->40745K(1033728K), 0.0035751 secs]
87.547: Total time for which application threads were stopped: 0.0037266 seconds, Stopping threads took: 0.0000233 seconds
87.612: [GC (Allocation Failure)  360233K->40745K(1033728K), 0.0036832 secs]
87.616: Total time for which application threads were stopped: 0.0038316 seconds, Stopping threads took: 0.0000206 seconds
87.678: [GC (Allocation Failure)  360233K->40777K(1033728K), 0.0035461 secs]
87.682: Total time for which application threads were stopped: 0.0036791 seconds, Stopping threads took: 0.0000186 seconds
87.747: [GC (Allocation Failure)  360265K->48779K(1027072K), 0.0036143 secs]
87.751: Total time for which application threads were stopped: 0.0037681 seconds, Stopping threads took: 0.0000251 seconds
87.812: [GC (Allocation Failure)  368267K->44841K(1034240K), 0.0027320 secs]
87.815: Total time for which application threads were stopped: 0.0028761 seconds, Stopping threads took: 0.0000245 seconds
87.883: [GC (Allocation Failure)  364329K->48907K(1033216K), 0.0039944 secs]
87.887: Total time for which application threads were stopped: 0.0041699 seconds, Stopping threads took: 0.0000189 seconds
87.953: [GC (Allocation Failure)  368395K->52875K(1034752K), 0.0036457 secs]
87.957: Total time for which application threads were stopped: 0.0038057 seconds, Stopping threads took: 0.0000275 seconds
88.020: [GC (Allocation Failure)  374411K->46089K(1034752K), 0.0013980 secs]
88.021: Total time for which application threads were stopped: 0.0015313 seconds, Stopping threads took: 0.0000197 seconds
88.087: [GC (Allocation Failure)  367625K->52979K(1034752K), 0.0036804 secs]
88.090: Total time for which application threads were stopped: 0.0038142 seconds, Stopping threads took: 0.0000194 seconds
88.154: [GC (Allocation Failure)  374515K->57027K(1034752K), 0.0046262 secs]
88.159: Total time for which application threads were stopped: 0.0047598 seconds, Stopping threads took: 0.0000182 seconds
88.220: [GC (Allocation Failure)  378563K->51489K(1034752K), 0.0018845 secs]
88.222: Total time for which application threads were stopped: 0.0020097 seconds, Stopping threads took: 0.0000182 seconds
88.286: [GC (Allocation Failure)  373025K->57299K(1034752K), 0.0035618 secs]
88.289: Total time for which application threads were stopped: 0.0036937 seconds, Stopping threads took: 0.0000192 seconds
88.353: [GC (Allocation Failure)  378835K->61171K(1035264K), 0.0039350 secs]
88.357: Total time for which application threads were stopped: 0.0040634 seconds, Stopping threads took: 0.0000181 seconds
88.421: [GC (Allocation Failure)  383659K->57297K(1035264K), 0.0025992 secs]
88.424: Total time for which application threads were stopped: 0.0027497 seconds, Stopping threads took: 0.0000233 seconds
88.490: [GC (Allocation Failure)  379857K->61323K(1036288K), 0.0036128 secs]
88.494: Total time for which application threads were stopped: 0.0037486 seconds, Stopping threads took: 0.0000186 seconds
88.557: [GC (Allocation Failure)  385419K->65291K(1035776K), 0.0035712 secs]
88.561: Total time for which application threads were stopped: 0.0036991 seconds, Stopping threads took: 0.0000178 seconds
88.627: [GC (Allocation Failure)  389387K->65291K(1035776K), 0.0035815 secs]
88.630: Total time for which application threads were stopped: 0.0037155 seconds, Stopping threads took: 0.0000194 seconds
88.694: [GC (Allocation Failure)  388875K->65379K(1023488K), 0.0037866 secs]
88.697: Total time for which application threads were stopped: 0.0039470 seconds, Stopping threads took: 0.0000252 seconds
88.760: [GC (Allocation Failure)  388963K->73317K(1035264K), 0.0036423 secs]
88.764: Total time for which application threads were stopped: 0.0037728 seconds, Stopping threads took: 0.0000257 seconds
88.828: [GC (Allocation Failure)  395877K->73285K(1030144K), 0.0042428 secs]
88.832: Total time for which application threads were stopped: 0.0044049 seconds, Stopping threads took: 0.0000270 seconds
88.899: [GC (Allocation Failure)  395845K->73389K(1034752K), 0.0037992 secs]
88.903: Total time for which application threads were stopped: 0.0039697 seconds, Stopping threads took: 0.0000199 seconds
88.969: [GC (Allocation Failure)  394925K->81360K(1034752K), 0.0037958 secs]
88.973: Total time for which application threads were stopped: 0.0039427 seconds, Stopping threads took: 0.0000197 seconds
89.037: [GC (Allocation Failure)  402896K->81360K(1033728K), 0.0034488 secs]
89.040: Total time for which application threads were stopped: 0.0035778 seconds, Stopping threads took: 0.0000186 seconds
89.103: [GC (Allocation Failure)  401872K->81576K(1034240K), 0.0036084 secs]
89.107: Total time for which application threads were stopped: 0.0037652 seconds, Stopping threads took: 0.0000236 seconds
89.171: [GC (Allocation Failure)  402088K->89386K(1034240K), 0.0036169 secs]
89.174: Total time for which application threads were stopped: 0.0037441 seconds, Stopping threads took: 0.0000175 seconds
89.238: [GC (Allocation Failure)  409898K->89386K(1034240K), 0.0037279 secs]
89.242: Total time for which application threads were stopped: 0.0038628 seconds, Stopping threads took: 0.0000157 seconds
89.305: [GC (Allocation Failure)  409898K->89834K(1034240K), 0.0036876 secs]
89.309: Total time for which application threads were stopped: 0.0038382 seconds, Stopping threads took: 0.0000236 seconds
89.372: [GC (Allocation Failure)  410346K->97420K(1028096K), 0.0035715 secs]
89.375: Total time for which application threads were stopped: 0.0037134 seconds, Stopping threads took: 0.0000263 seconds
89.440: [GC (Allocation Failure)  417932K->97388K(1033728K), 0.0036615 secs]
89.443: Total time for which application threads were stopped: 0.0038123 seconds, Stopping threads took: 0.0000256 seconds
89.504: [GC (Allocation Failure)  416876K->97548K(1033728K), 0.0037175 secs]
89.508: Total time for which application threads were stopped: 0.0038443 seconds, Stopping threads took: 0.0000154 seconds
89.571: [GC (Allocation Failure)  417036K->105454K(1033728K), 0.0037736 secs]
89.575: Total time for which application threads were stopped: 0.0039053 seconds, Stopping threads took: 0.0000183 seconds
89.639: [GC (Allocation Failure)  424942K->105454K(1033728K), 0.0036313 secs]
89.643: Total time for which application threads were stopped: 0.0037706 seconds, Stopping threads took: 0.0000210 seconds
89.705: [GC (Allocation Failure)  424942K->105542K(1033728K), 0.0038148 secs]
89.709: Total time for which application threads were stopped: 0.0039621 seconds, Stopping threads took: 0.0000243 seconds
89.771: [GC (Allocation Failure)  425030K->113481K(1027072K), 0.0037807 secs]
89.775: Total time for which application threads were stopped: 0.0039169 seconds, Stopping threads took: 0.0000236 seconds
89.839: [GC (Allocation Failure)  432968K->109574K(1034240K), 0.0050237 secs]
89.844: Total time for which application threads were stopped: 0.0051743 seconds, Stopping threads took: 0.0000233 seconds
89.910: [GC (Allocation Failure)  429062K->113649K(1033216K), 0.0039633 secs]
89.914: Total time for which application threads were stopped: 0.0041020 seconds, Stopping threads took: 0.0000186 seconds
89.977: [GC (Allocation Failure)  433137K->117585K(1034752K), 0.0037431 secs]
89.981: Total time for which application threads were stopped: 0.0038704 seconds, Stopping threads took: 0.0000180 seconds
90.043: [GC (Allocation Failure)  439121K->110830K(1034752K), 0.0013600 secs]
90.044: Total time for which application threads were stopped: 0.0015022 seconds, Stopping threads took: 0.0000239 seconds
90.107: [GC (Allocation Failure)  432366K->117681K(1034752K), 0.0035459 secs]
90.111: Total time for which application threads were stopped: 0.0036741 seconds, Stopping threads took: 0.0000176 seconds
90.172: [GC (Allocation Failure)  439217K->121761K(1034752K), 0.0047912 secs]
90.177: Total time for which application threads were stopped: 0.0049319 seconds, Stopping threads took: 0.0000236 seconds
90.238: [GC (Allocation Failure)  443297K->116222K(1034752K), 0.0022330 secs]
90.241: Total time for which application threads were stopped: 0.0023590 seconds, Stopping threads took: 0.0000182 seconds
90.305: [GC (Allocation Failure)  437758K->122033K(1034752K), 0.0037016 secs]
90.309: Total time for which application threads were stopped: 0.0038528 seconds, Stopping threads took: 0.0000247 seconds
90.372: [GC (Allocation Failure)  443569K->125905K(1034752K), 0.0041321 secs]
90.377: Total time for which application threads were stopped: 0.0042624 seconds, Stopping threads took: 0.0000180 seconds
90.439: [GC (Allocation Failure)  448393K->121998K(1035264K), 0.0026619 secs]
90.442: Total time for which application threads were stopped: 0.0027941 seconds, Stopping threads took: 0.0000270 seconds
90.507: [GC (Allocation Failure)  444558K->126057K(1036288K), 0.0037574 secs]
90.511: Total time for which application threads were stopped: 0.0038962 seconds, Stopping threads took: 0.0000150 seconds
90.576: [GC (Allocation Failure)  450153K->130025K(1035776K), 0.0037896 secs]
90.580: Total time for which application threads were stopped: 0.0039317 seconds, Stopping threads took: 0.0000176 seconds
90.646: [GC (Allocation Failure)  454121K->130025K(1035776K), 0.0037164 secs]
90.650: Total time for which application threads were stopped: 0.0038461 seconds, Stopping threads took: 0.0000190 seconds
90.713: [GC (Allocation Failure)  453609K->130121K(1023488K), 0.0037125 secs]
90.717: Total time for which application threads were stopped: 0.0038594 seconds, Stopping threads took: 0.0000240 seconds
90.782: [GC (Allocation Failure)  453705K->138091K(1035264K), 0.0037450 secs]
90.786: Total time for which application threads were stopped: 0.0038728 seconds, Stopping threads took: 0.0000188 seconds
90.851: [GC (Allocation Failure)  460651K->138059K(1030144K), 0.0038826 secs]
90.855: Total time for which application threads were stopped: 0.0040726 seconds, Stopping threads took: 0.0000339 seconds
90.922: [GC (Allocation Failure)  460619K->138123K(1034752K), 0.0039046 secs]
90.926: Total time for which application threads were stopped: 0.0040945 seconds, Stopping threads took: 0.0000198 seconds
90.993: [GC (Allocation Failure)  459659K->146093K(1034752K), 0.0038884 secs]
90.997: Total time for which application threads were stopped: 0.0040204 seconds, Stopping threads took: 0.0000167 seconds
91.060: [GC (Allocation Failure)  467629K->146093K(1033728K), 0.0036290 secs]
91.064: Total time for which application threads were stopped: 0.0037566 seconds, Stopping threads took: 0.0000178 seconds
91.127: [GC (Allocation Failure)  466605K->146309K(1034240K), 0.0039146 secs]
91.131: Total time for which application threads were stopped: 0.0040434 seconds, Stopping threads took: 0.0000186 seconds
91.194: [GC (Allocation Failure)  466821K->154151K(1034240K), 0.0036780 secs]
91.198: Total time for which application threads were stopped: 0.0038074 seconds, Stopping threads took: 0.0000175 seconds
91.263: [GC (Allocation Failure)  474663K->154119K(1034240K), 0.0036976 secs]
91.267: Total time for which application threads were stopped: 0.0038606 seconds, Stopping threads took: 0.0000245 seconds
91.331: [GC (Allocation Failure)  474631K->154567K(1033216K), 0.0037655 secs]
91.335: Total time for which application threads were stopped: 0.0039000 seconds, Stopping threads took: 0.0000153 seconds
91.399: [GC (Allocation Failure)  474055K->162218K(1033728K), 0.0038474 secs]
91.403: Total time for which application threads were stopped: 0.0039815 seconds, Stopping threads took: 0.0000195 seconds
91.466: [GC (Allocation Failure)  481706K->162154K(1033728K), 0.0036587 secs]
91.470: Total time for which application threads were stopped: 0.0037937 seconds, Stopping threads took: 0.0000197 seconds
91.532: [GC (Allocation Failure)  481642K->162314K(1033728K), 0.0038691 secs]
91.536: Total time for which application threads were stopped: 0.0039836 seconds, Stopping threads took: 0.0000152 seconds
91.600: [GC (Allocation Failure)  481802K->170220K(1033728K), 0.0038011 secs]
91.603: Total time for which application threads were stopped: 0.0039332 seconds, Stopping threads took: 0.0000188 seconds
91.668: [GC (Allocation Failure)  489708K->170188K(1033728K), 0.0040237 secs]
91.672: Total time for which application threads were stopped: 0.0041542 seconds, Stopping threads took: 0.0000187 seconds
91.734: [GC (Allocation Failure)  489676K->170252K(1033728K), 0.0037813 secs]
91.738: Total time for which application threads were stopped: 0.0039102 seconds, Stopping threads took: 0.0000186 seconds
91.801: [GC (Allocation Failure)  489740K->178222K(1027072K), 0.0039900 secs]
91.805: Total time for which application threads were stopped: 0.0041333 seconds, Stopping threads took: 0.0000235 seconds
91.869: [GC (Allocation Failure)  497710K->174348K(1034240K), 0.0029049 secs]
91.872: Total time for which application threads were stopped: 0.0030592 seconds, Stopping threads took: 0.0000197 seconds
91.940: [GC (Allocation Failure)  493836K->178382K(1033216K), 0.0040696 secs]
91.944: Total time for which application threads were stopped: 0.0042194 seconds, Stopping threads took: 0.0000198 seconds
92.011: [GC (Allocation Failure)  497870K->182382K(1034752K), 0.0040251 secs]
92.015: Total time for which application threads were stopped: 0.0041606 seconds, Stopping threads took: 0.0000203 seconds
92.077: [GC (Allocation Failure)  503918K->175564K(1034752K), 0.0014527 secs]
92.078: Total time for which application threads were stopped: 0.0016101 seconds, Stopping threads took: 0.0000216 seconds
92.143: [GC (Allocation Failure)  497100K->182422K(1034752K), 0.0037796 secs]
92.147: Total time for which application threads were stopped: 0.0039209 seconds, Stopping threads took: 0.0000268 seconds
92.209: [GC (Allocation Failure)  503958K->186502K(1034752K), 0.0048713 secs]
92.214: Total time for which application threads were stopped: 0.0050079 seconds, Stopping threads took: 0.0000175 seconds
92.276: [GC (Allocation Failure)  508038K->180964K(1034752K), 0.0019582 secs]
92.278: Total time for which application threads were stopped: 0.0021024 seconds, Stopping threads took: 0.0000250 seconds
92.340: [GC (Allocation Failure)  502500K->186766K(1034752K), 0.0039916 secs]
92.344: Total time for which application threads were stopped: 0.0041362 seconds, Stopping threads took: 0.0000283 seconds
92.409: [GC (Allocation Failure)  508302K->190678K(1034752K), 0.0042578 secs]
92.413: Total time for which application threads were stopped: 0.0043880 seconds, Stopping threads took: 0.0000185 seconds
92.476: [GC (Allocation Failure)  513167K->186740K(1035264K), 0.0027827 secs]
92.478: Total time for which application threads were stopped: 0.0029057 seconds, Stopping threads took: 0.0000185 seconds
92.545: [GC (Allocation Failure)  509300K->190798K(1036288K), 0.0040455 secs]
92.549: Total time for which application threads were stopped: 0.0041744 seconds, Stopping threads took: 0.0000188 seconds
92.613: [GC (Allocation Failure)  514894K->194798K(1035776K), 0.0038423 secs]
92.616: Total time for which application threads were stopped: 0.0039919 seconds, Stopping threads took: 0.0000234 seconds
92.681: [GC (Allocation Failure)  518894K->194798K(1035776K), 0.0037769 secs]
92.685: Total time for which application threads were stopped: 0.0038933 seconds, Stopping threads took: 0.0000160 seconds
92.750: [GC (Allocation Failure)  518382K->194854K(1023488K), 0.0037778 secs]
92.753: Total time for which application threads were stopped: 0.0039078 seconds, Stopping threads took: 0.0000249 seconds
92.817: [GC (Allocation Failure)  518438K->202825K(1035264K), 0.0047765 secs]
92.822: Total time for which application threads were stopped: 0.0049036 seconds, Stopping threads took: 0.0000175 seconds
92.889: [GC (Allocation Failure)  525385K->202793K(1030144K), 0.0038471 secs]
92.893: Total time for which application threads were stopped: 0.0039973 seconds, Stopping threads took: 0.0000173 seconds
92.958: [GC (Allocation Failure)  525353K->202857K(1034752K), 0.0038170 secs]
92.962: Total time for which application threads were stopped: 0.0039666 seconds, Stopping threads took: 0.0000201 seconds
93.026: [GC (Allocation Failure)  524393K->210827K(1029120K), 0.0039926 secs]
93.030: Total time for which application threads were stopped: 0.0041103 seconds, Stopping threads took: 0.0000151 seconds
93.094: [GC (Allocation Failure)  532363K->210827K(1034240K), 0.0036786 secs]
93.098: Total time for which application threads were stopped: 0.0038094 seconds, Stopping threads took: 0.0000192 seconds
93.161: [GC (Allocation Failure)  531339K->211083K(1034240K), 0.0041087 secs]
93.165: Total time for which application threads were stopped: 0.0042369 seconds, Stopping threads took: 0.0000178 seconds
93.228: [GC (Allocation Failure)  531595K->218861K(1034240K), 0.0038450 secs]
93.232: Total time for which application threads were stopped: 0.0039728 seconds, Stopping threads took: 0.0000175 seconds
93.296: [GC (Allocation Failure)  539373K->218829K(1034240K), 0.0038902 secs]
93.300: Total time for which application threads were stopped: 0.0041296 seconds, Stopping threads took: 0.0000186 seconds
93.362: [GC (Allocation Failure)  539341K->219301K(1034240K), 0.0041762 secs]
93.366: Total time for which application threads were stopped: 0.0043146 seconds, Stopping threads took: 0.0000188 seconds
93.429: [GC (Allocation Failure)  539813K->226887K(1028096K), 0.0038194 secs]
93.433: Total time for which application threads were stopped: 0.0039592 seconds, Stopping threads took: 0.0000269 seconds
93.495: [GC (Allocation Failure)  547399K->226919K(1033728K), 0.0039314 secs]
93.499: Total time for which application threads were stopped: 0.0040659 seconds, Stopping threads took: 0.0000195 seconds
93.562: [GC (Allocation Failure)  546407K->227015K(1033728K), 0.0038130 secs]
93.566: Total time for which application threads were stopped: 0.0039242 seconds, Stopping threads took: 0.0000159 seconds
93.630: [GC (Allocation Failure)  546503K->234954K(1033728K), 0.0037937 secs]
93.634: Total time for which application threads were stopped: 0.0039242 seconds, Stopping threads took: 0.0000180 seconds
93.697: [GC (Allocation Failure)  554442K->234922K(1033728K), 0.0038931 secs]
93.701: Total time for which application threads were stopped: 0.0040350 seconds, Stopping threads took: 0.0000187 seconds
93.763: [GC (Allocation Failure)  554410K->234986K(1033728K), 0.0039569 secs]
93.767: Total time for which application threads were stopped: 0.0041243 seconds, Stopping threads took: 0.0000249 seconds
93.829: [GC (Allocation Failure)  554474K->242956K(1027072K), 0.0052825 secs]
93.834: Total time for which application threads were stopped: 0.0054130 seconds, Stopping threads took: 0.0000196 seconds
93.898: [GC (Allocation Failure)  562443K->239050K(1034240K), 0.0030830 secs]
93.902: Total time for which application threads were stopped: 0.0032499 seconds, Stopping threads took: 0.0000194 seconds
93.968: [GC (Allocation Failure)  558538K->243116K(1033216K), 0.0041451 secs]
93.972: Total time for which application threads were stopped: 0.0042931 seconds, Stopping threads took: 0.0000198 seconds
94.036: [GC (Allocation Failure)  562604K->247084K(1034752K), 0.0071389 secs]
94.043: Total time for which application threads were stopped: 0.0072678 seconds, Stopping threads took: 0.0000190 seconds
94.106: [GC (Allocation Failure)  568620K->240298K(1034752K), 0.0015985 secs]
94.108: Total time for which application threads were stopped: 0.0017152 seconds, Stopping threads took: 0.0000154 seconds
94.173: [GC (Allocation Failure)  561834K->247188K(1034752K), 0.0039050 secs]
94.177: Total time for which application threads were stopped: 0.0040488 seconds, Stopping threads took: 0.0000235 seconds
94.240: [GC (Allocation Failure)  568724K->251268K(1034752K), 0.0051664 secs]
94.245: Total time for which application threads were stopped: 0.0053064 seconds, Stopping threads took: 0.0000184 seconds
94.306: [GC (Allocation Failure)  572804K->245698K(1034752K), 0.0022194 secs]
94.309: Total time for which application threads were stopped: 0.0023619 seconds, Stopping threads took: 0.0000246 seconds
94.373: [GC (Allocation Failure)  567234K->251476K(1034752K), 0.0040758 secs]
94.377: Total time for which application threads were stopped: 0.0042040 seconds, Stopping threads took: 0.0000177 seconds
94.440: [GC (Allocation Failure)  573012K->255380K(1034752K), 0.0044080 secs]
94.445: Total time for which application threads were stopped: 0.0045713 seconds, Stopping threads took: 0.0000187 seconds
94.507: [GC (Allocation Failure)  577868K->251474K(1035264K), 0.0038136 secs]
94.511: Total time for which application threads were stopped: 0.0039671 seconds, Stopping threads took: 0.0000239 seconds
94.577: [GC (Allocation Failure)  574034K->255540K(1036288K), 0.0049466 secs]
94.582: Total time for which application threads were stopped: 0.0050762 seconds, Stopping threads took: 0.0000175 seconds
94.645: [GC (Allocation Failure)  579636K->259508K(1035776K), 0.0040195 secs]
94.649: Total time for which application threads were stopped: 0.0041683 seconds, Stopping threads took: 0.0000237 seconds
94.714: [GC (Allocation Failure)  583604K->259508K(1035776K), 0.0038606 secs]
94.718: Total time for which application threads were stopped: 0.0040110 seconds, Stopping threads took: 0.0000207 seconds
94.783: [GC (Allocation Failure)  583092K->259564K(1023488K), 0.0041306 secs]
94.787: Total time for which application threads were stopped: 0.0042702 seconds, Stopping threads took: 0.0000183 seconds
94.854: [GC (Allocation Failure)  583148K->267598K(1035264K), 0.0042296 secs]
94.858: Total time for which application threads were stopped: 0.0043977 seconds, Stopping threads took: 0.0000193 seconds
94.925: [GC (Allocation Failure)  590158K->267534K(1030144K), 0.0039658 secs]
94.929: Total time for which application threads were stopped: 0.0041257 seconds, Stopping threads took: 0.0000200 seconds
94.997: [GC (Allocation Failure)  590094K->267590K(1034752K), 0.0042064 secs]
95.001: Total time for which application threads were stopped: 0.0043592 seconds, Stopping threads took: 0.0000195 seconds
95.065: [GC (Allocation Failure)  589126K->275560K(1029120K), 0.0041824 secs]
95.070: Total time for which application threads were stopped: 0.0043089 seconds, Stopping threads took: 0.0000188 seconds
95.135: [GC (Allocation Failure)  597096K->275560K(1034240K), 0.0038363 secs]
95.139: Total time for which application threads were stopped: 0.0039657 seconds, Stopping threads took: 0.0000192 seconds
95.202: [GC (Allocation Failure)  596072K->275816K(1034240K), 0.0040434 secs]
95.206: Total time for which application threads were stopped: 0.0041891 seconds, Stopping threads took: 0.0000230 seconds
95.269: [GC (Allocation Failure)  596328K->283563K(1034240K), 0.0039472 secs]
95.273: Total time for which application threads were stopped: 0.0040830 seconds, Stopping threads took: 0.0000241 seconds
95.337: [GC (Allocation Failure)  604075K->283595K(1034240K), 0.0041143 secs]
95.341: Total time for which application threads were stopped: 0.0042545 seconds, Stopping threads took: 0.0000185 seconds
95.403: [GC (Allocation Failure)  604107K->284043K(1034240K), 0.0041613 secs]
95.407: Total time for which application threads were stopped: 0.0043042 seconds, Stopping threads took: 0.0000310 seconds
95.470: [GC (Allocation Failure)  604555K->291629K(1028096K), 0.0116573 secs]
95.482: Total time for which application threads were stopped: 0.0117994 seconds, Stopping threads took: 0.0000180 seconds
95.544: [GC (Allocation Failure)  612141K->291629K(1033728K), 0.0041749 secs]
95.548: Total time for which application threads were stopped: 0.0043016 seconds, Stopping threads took: 0.0000185 seconds
95.609: [GC (Allocation Failure)  611117K->291781K(1033728K), 0.0041746 secs]
95.613: Total time for which application threads were stopped: 0.0043043 seconds, Stopping threads took: 0.0000177 seconds
95.678: [GC (Allocation Failure)  611269K->299655K(1033728K), 0.0040154 secs]
95.682: Total time for which application threads were stopped: 0.0041609 seconds, Stopping threads took: 0.0000260 seconds
95.746: [GC (Allocation Failure)  619143K->299655K(1033728K), 0.0044871 secs]
95.751: Total time for which application threads were stopped: 0.0046479 seconds, Stopping threads took: 0.0000247 seconds
95.814: [GC (Allocation Failure)  619143K->299719K(1033728K), 0.0040183 secs]
95.818: Total time for which application threads were stopped: 0.0041438 seconds, Stopping threads took: 0.0000174 seconds
95.883: [GC (Allocation Failure)  619207K->307689K(1027072K), 0.0043627 secs]
95.887: Total time for which application threads were stopped: 0.0045227 seconds, Stopping threads took: 0.0000200 seconds
95.949: [GC (Allocation Failure)  627177K->303783K(1034240K), 0.0034021 secs]
95.953: Total time for which application threads were stopped: 0.0035299 seconds, Stopping threads took: 0.0000192 seconds
96.018: [GC (Allocation Failure)  623271K->307849K(1033216K), 0.0040977 secs]
96.022: Total time for which application threads were stopped: 0.0042405 seconds, Stopping threads took: 0.0000189 seconds
96.085: [GC (Allocation Failure)  627337K->311785K(1034752K), 0.0040667 secs]
96.089: Total time for which application threads were stopped: 0.0042126 seconds, Stopping threads took: 0.0000183 seconds
96.154: [GC (Allocation Failure)  633321K->305031K(1034752K), 0.0016978 secs]
96.155: Total time for which application threads were stopped: 0.0018099 seconds, Stopping threads took: 0.0000157 seconds
96.222: [GC (Allocation Failure)  626567K->311849K(1034752K), 0.0039663 secs]
96.226: Total time for which application threads were stopped: 0.0040861 seconds, Stopping threads took: 0.0000150 seconds
96.288: [GC (Allocation Failure)  633385K->315953K(1034752K), 0.0049313 secs]
96.293: Total time for which application threads were stopped: 0.0050567 seconds, Stopping threads took: 0.0000239 seconds
96.355: [GC (Allocation Failure)  637489K->310447K(1034752K), 0.0023485 secs]
96.358: Total time for which application threads were stopped: 0.0024820 seconds, Stopping threads took: 0.0000245 seconds
96.421: [GC (Allocation Failure)  631983K->316225K(1034752K), 0.0041688 secs]
96.425: Total time for which application threads were stopped: 0.0043004 seconds, Stopping threads took: 0.0000181 seconds
96.489: [GC (Allocation Failure)  637761K->320105K(1034752K), 0.0044570 secs]
96.493: Total time for which application threads were stopped: 0.0045865 seconds, Stopping threads took: 0.0000186 seconds
96.557: [GC (Allocation Failure)  642594K->316167K(1035264K), 0.0064875 secs]
96.564: Total time for which application threads were stopped: 0.0066202 seconds, Stopping threads took: 0.0000185 seconds
96.628: [GC (Allocation Failure)  638727K->320257K(1036288K), 0.0044323 secs]
96.632: Total time for which application threads were stopped: 0.0045776 seconds, Stopping threads took: 0.0000183 seconds
96.698: [GC (Allocation Failure)  644353K->324225K(1035776K), 0.0040050 secs]
96.702: Total time for which application threads were stopped: 0.0041312 seconds, Stopping threads took: 0.0000156 seconds
96.768: [GC (Allocation Failure)  648321K->324225K(1035776K), 0.0040795 secs]
96.773: Total time for which application threads were stopped: 0.0042195 seconds, Stopping threads took: 0.0000281 seconds
96.838: [GC (Allocation Failure)  647809K->324289K(1023488K), 0.0063460 secs]
96.844: Total time for which application threads were stopped: 0.0064876 seconds, Stopping threads took: 0.0000162 seconds
96.909: [GC (Allocation Failure)  647873K->332260K(1035264K), 0.0043859 secs]
96.913: Total time for which application threads were stopped: 0.0045325 seconds, Stopping threads took: 0.0000192 seconds
96.977: [GC (Allocation Failure)  654820K->332260K(1030144K), 0.0039804 secs]
96.981: Total time for which application threads were stopped: 0.0041145 seconds, Stopping threads took: 0.0000188 seconds
97.045: [GC (Allocation Failure)  654820K->332300K(1034752K), 0.0042490 secs]
97.049: Total time for which application threads were stopped: 0.0043748 seconds, Stopping threads took: 0.0000177 seconds
97.112: [GC (Allocation Failure)  653836K->340302K(1034752K), 0.0044213 secs]
97.117: Total time for which application threads were stopped: 0.0046959 seconds, Stopping threads took: 0.0001172 seconds
97.180: [GC (Allocation Failure)  661838K->340302K(1033728K), 0.0039753 secs]
97.184: Total time for which application threads were stopped: 0.0041211 seconds, Stopping threads took: 0.0000188 seconds
97.249: [GC (Allocation Failure)  660814K->340550K(1034240K), 0.0041292 secs]
97.253: Total time for which application threads were stopped: 0.0042719 seconds, Stopping threads took: 0.0000245 seconds
97.318: [GC (Allocation Failure)  661062K->348328K(1034240K), 0.0040414 secs]
97.323: Total time for which application threads were stopped: 0.0041605 seconds, Stopping threads took: 0.0000160 seconds
97.389: [GC (Allocation Failure)  668840K->348296K(1034240K), 0.0041159 secs]
97.393: Total time for which application threads were stopped: 0.0042499 seconds, Stopping threads took: 0.0000191 seconds
97.456: [GC (Allocation Failure)  668808K->348744K(1034240K), 0.0042547 secs]
97.460: Total time for which application threads were stopped: 0.0043877 seconds, Stopping threads took: 0.0000181 seconds
97.523: [GC (Allocation Failure)  669256K->356395K(1028096K), 0.0041309 secs]
97.527: Total time for which application threads were stopped: 0.0042978 seconds, Stopping threads took: 0.0000192 seconds
97.591: [GC (Allocation Failure)  676907K->356363K(1033728K), 0.0041071 secs]
97.595: Total time for which application threads were stopped: 0.0042407 seconds, Stopping threads took: 0.0000194 seconds
97.655: [GC (Allocation Failure)  675851K->356523K(1033728K), 0.0044041 secs]
97.659: Total time for which application threads were stopped: 0.0045506 seconds, Stopping threads took: 0.0000230 seconds
97.724: [GC (Allocation Failure)  676011K->364397K(1033728K), 0.0042211 secs]
97.729: Total time for which application threads were stopped: 0.0043410 seconds, Stopping threads took: 0.0000157 seconds
97.792: [GC (Allocation Failure)  683885K->364397K(1033728K), 0.0041507 secs]
97.796: Total time for which application threads were stopped: 0.0042907 seconds, Stopping threads took: 0.0000248 seconds
97.861: [GC (Allocation Failure)  683885K->364429K(1033728K), 0.0042557 secs]
97.866: Total time for which application threads were stopped: 0.0044190 seconds, Stopping threads took: 0.0000193 seconds
97.930: [GC (Allocation Failure)  683917K->372431K(1027072K), 0.0044409 secs]
97.934: Total time for which application threads were stopped: 0.0046694 seconds, Stopping threads took: 0.0000275 seconds
97.998: [GC (Allocation Failure)  691919K->368525K(1034240K), 0.0034110 secs]
98.001: Total time for which application threads were stopped: 0.0035417 seconds, Stopping threads took: 0.0000252 seconds
98.066: [GC (Allocation Failure)  688013K->372591K(1033216K), 0.0043360 secs]
98.071: Total time for which application threads were stopped: 0.0044763 seconds, Stopping threads took: 0.0000270 seconds
98.136: [GC (Allocation Failure)  692079K->376559K(1034752K), 0.0041178 secs]
98.140: Total time for which application threads were stopped: 0.0042491 seconds, Stopping threads took: 0.0000179 seconds
98.202: [GC (Allocation Failure)  698095K->369773K(1034752K), 0.0018570 secs]
98.204: Total time for which application threads were stopped: 0.0020085 seconds, Stopping threads took: 0.0000194 seconds
98.268: [GC (Allocation Failure)  691309K->376663K(1034752K), 0.0041008 secs]
98.273: Total time for which application threads were stopped: 0.0042757 seconds, Stopping threads took: 0.0000272 seconds
98.337: [GC (Allocation Failure)  698199K->380711K(1034752K), 0.0053317 secs]
98.342: Total time for which application threads were stopped: 0.0054734 seconds, Stopping threads took: 0.0000320 seconds
98.405: [GC (Allocation Failure)  702247K->375173K(1034752K), 0.0024873 secs]
98.407: Total time for which application threads were stopped: 0.0026206 seconds, Stopping threads took: 0.0000196 seconds
98.472: [GC (Allocation Failure)  696709K->380983K(1034752K), 0.0043748 secs]
98.476: Total time for which application threads were stopped: 0.0045288 seconds, Stopping threads took: 0.0000243 seconds
98.541: [GC (Allocation Failure)  702519K->384887K(1034752K), 0.0047722 secs]
98.546: Total time for which application threads were stopped: 0.0049233 seconds, Stopping threads took: 0.0000203 seconds
98.609: [GC (Allocation Failure)  707375K->380917K(1035264K), 0.0032246 secs]
98.612: Total time for which application threads were stopped: 0.0033665 seconds, Stopping threads took: 0.0000190 seconds
98.678: [GC (Allocation Failure)  703477K->384975K(1036288K), 0.0043694 secs]
98.682: Total time for which application threads were stopped: 0.0044988 seconds, Stopping threads took: 0.0000183 seconds
98.747: [GC (Allocation Failure)  709071K->388975K(1035776K), 0.0044021 secs]
98.752: Total time for which application threads were stopped: 0.0045317 seconds, Stopping threads took: 0.0000186 seconds
98.816: [GC (Allocation Failure)  713071K->388975K(1035776K), 0.0086318 secs]
98.825: Total time for which application threads were stopped: 0.0087801 seconds, Stopping threads took: 0.0000273 seconds
98.892: [GC (Allocation Failure)  712559K->389031K(1023488K), 0.0045158 secs]
98.897: Total time for which application threads were stopped: 0.0047112 seconds, Stopping threads took: 0.0000207 seconds
98.964: [GC (Allocation Failure)  712615K->397033K(1035264K), 0.0045029 secs]
98.968: Total time for which application threads were stopped: 0.0046608 seconds, Stopping threads took: 0.0000172 seconds
99.033: [GC (Allocation Failure)  719593K->397001K(1030144K), 0.0042559 secs]
99.037: Total time for which application threads were stopped: 0.0043978 seconds, Stopping threads took: 0.0000197 seconds
99.101: [GC (Allocation Failure)  719561K->397033K(1034752K), 0.0044640 secs]
99.105: Total time for which application threads were stopped: 0.0045965 seconds, Stopping threads took: 0.0000184 seconds
99.170: [GC (Allocation Failure)  718569K->405036K(1029120K), 0.0043660 secs]
99.174: Total time for which application threads were stopped: 0.0044976 seconds, Stopping threads took: 0.0000184 seconds
99.239: [GC (Allocation Failure)  726572K->405036K(1034240K), 0.0041590 secs]
99.244: Total time for which application threads were stopped: 0.0042997 seconds, Stopping threads took: 0.0000186 seconds
99.308: [GC (Allocation Failure)  725548K->405300K(1034240K), 0.0043960 secs]
99.313: Total time for which application threads were stopped: 0.0045275 seconds, Stopping threads took: 0.0000187 seconds
99.376: [GC (Allocation Failure)  725812K->413142K(1034240K), 0.0042654 secs]
99.381: Total time for which application threads were stopped: 0.0043988 seconds, Stopping threads took: 0.0000185 seconds
99.444: [GC (Allocation Failure)  733654K->413078K(1034240K), 0.0065240 secs]
99.451: Total time for which application threads were stopped: 0.0066607 seconds, Stopping threads took: 0.0000190 seconds
99.515: [GC (Allocation Failure)  733590K->413526K(1033216K), 0.0045328 secs]
99.519: Total time for which application threads were stopped: 0.0046694 seconds, Stopping threads took: 0.0000186 seconds
99.582: [GC (Allocation Failure)  733014K->421112K(1033728K), 0.0069041 secs]
99.589: Total time for which application threads were stopped: 0.0070749 seconds, Stopping threads took: 0.0000242 seconds
99.654: [GC (Allocation Failure)  740600K->421112K(1033728K), 0.0043545 secs]
99.659: Total time for which application threads were stopped: 0.0045137 seconds, Stopping threads took: 0.0000213 seconds
99.721: [GC (Allocation Failure)  740600K->421272K(1033728K), 0.0044239 secs]
99.725: Total time for which application threads were stopped: 0.0045425 seconds, Stopping threads took: 0.0000147 seconds
99.791: [GC (Allocation Failure)  740760K->429146K(1033728K), 0.0042816 secs]
99.795: Total time for which application threads were stopped: 0.0044225 seconds, Stopping threads took: 0.0000257 seconds
99.861: [GC (Allocation Failure)  748634K->429146K(1033728K), 0.0045429 secs]
99.866: Total time for which application threads were stopped: 0.0046992 seconds, Stopping threads took: 0.0000172 seconds
99.932: [GC (Allocation Failure)  748634K->429218K(1033728K), 0.0045684 secs]
99.937: Total time for which application threads were stopped: 0.0047452 seconds, Stopping threads took: 0.0000190 seconds
100.004: [GC (Allocation Failure)  748706K->437189K(1027072K), 0.0044580 secs]
100.008: Total time for which application threads were stopped: 0.0046359 seconds, Stopping threads took: 0.0000278 seconds
100.069: [GC (Allocation Failure)  756676K->433282K(1034240K), 0.0036121 secs]
100.073: Total time for which application threads were stopped: 0.0037549 seconds, Stopping threads took: 0.0000185 seconds
100.138: [GC (Allocation Failure)  752770K->437357K(1033216K), 0.0046783 secs]
100.142: Total time for which application threads were stopped: 0.0048110 seconds, Stopping threads took: 0.0000185 seconds
100.207: [GC (Allocation Failure)  756845K->441325K(1034752K), 0.0043760 secs]
100.212: Total time for which application threads were stopped: 0.0045159 seconds, Stopping threads took: 0.0000187 seconds
100.275: [GC (Allocation Failure)  762861K->434538K(1034752K), 0.0019434 secs]
100.277: Total time for which application threads were stopped: 0.0020776 seconds, Stopping threads took: 0.0000255 seconds
100.341: [GC (Allocation Failure)  756074K->441397K(1034752K), 0.0045474 secs]
100.346: Total time for which application threads were stopped: 0.0046847 seconds, Stopping threads took: 0.0000176 seconds
100.407: [GC (Allocation Failure)  762933K->445477K(1034752K), 0.0053957 secs]
100.413: Total time for which application threads were stopped: 0.0055439 seconds, Stopping threads took: 0.0000239 seconds
100.474: [GC (Allocation Failure)  767013K->439938K(1034752K), 0.0026014 secs]
100.476: Total time for which application threads were stopped: 0.0027423 seconds, Stopping threads took: 0.0000185 seconds
100.539: [GC (Allocation Failure)  761474K->445741K(1034752K), 0.0045626 secs]
100.544: Total time for which application threads were stopped: 0.0047074 seconds, Stopping threads took: 0.0000234 seconds
100.609: [GC (Allocation Failure)  767277K->449581K(1034752K), 0.0049742 secs]
100.614: Total time for which application threads were stopped: 0.0051117 seconds, Stopping threads took: 0.0000181 seconds
100.677: [GC (Allocation Failure)  772069K->445706K(1035264K), 0.0034698 secs]
100.680: Total time for which application threads were stopped: 0.0036086 seconds, Stopping threads took: 0.0000182 seconds
100.746: [GC (Allocation Failure)  768266K->449773K(1036288K), 0.0044254 secs]
100.750: Total time for which application threads were stopped: 0.0045873 seconds, Stopping threads took: 0.0000242 seconds
100.815: [GC (Allocation Failure)  773869K->453741K(1035776K), 0.0093004 secs]
100.825: Total time for which application threads were stopped: 0.0094381 seconds, Stopping threads took: 0.0000200 seconds
100.893: [GC (Allocation Failure)  777837K->453741K(1035776K), 0.0046086 secs]
100.898: Total time for which application threads were stopped: 0.0047777 seconds, Stopping threads took: 0.0000197 seconds
100.965: [GC (Allocation Failure)  777325K->453797K(1023488K), 0.0045443 secs]
100.969: Total time for which application threads were stopped: 0.0046969 seconds, Stopping threads took: 0.0000189 seconds
101.036: [GC (Allocation Failure)  777381K->461767K(1035264K), 0.0051126 secs]
101.042: Total time for which application threads were stopped: 0.0052824 seconds, Stopping threads took: 0.0000200 seconds
101.107: [GC (Allocation Failure)  784327K->461799K(1030144K), 0.0044342 secs]
101.111: Total time for which application threads were stopped: 0.0045901 seconds, Stopping threads took: 0.0000198 seconds
101.175: [GC (Allocation Failure)  784359K->461831K(1034752K), 0.0044845 secs]
101.179: Total time for which application threads were stopped: 0.0046375 seconds, Stopping threads took: 0.0000240 seconds
101.243: [GC (Allocation Failure)  783367K->469801K(1034752K), 0.0046079 secs]
101.247: Total time for which application threads were stopped: 0.0047503 seconds, Stopping threads took: 0.0000212 seconds
101.313: [GC (Allocation Failure)  791337K->469769K(1033728K), 0.0043236 secs]
101.317: Total time for which application threads were stopped: 0.0044701 seconds, Stopping threads took: 0.0000275 seconds
101.380: [GC (Allocation Failure)  790281K->470057K(1034240K), 0.0044943 secs]
101.385: Total time for which application threads were stopped: 0.0046317 seconds, Stopping threads took: 0.0000187 seconds
101.450: [GC (Allocation Failure)  790569K->477867K(1034240K), 0.0043880 secs]
101.454: Total time for which application threads were stopped: 0.0045201 seconds, Stopping threads took: 0.0000186 seconds
101.520: [GC (Allocation Failure)  798379K->477835K(1034240K), 0.0045539 secs]
101.524: Total time for which application threads were stopped: 0.0047041 seconds, Stopping threads took: 0.0000191 seconds
101.589: [GC (Allocation Failure)  798347K->478283K(1033216K), 0.0046638 secs]
101.593: Total time for which application threads were stopped: 0.0048105 seconds, Stopping threads took: 0.0000189 seconds
101.657: [GC (Allocation Failure)  797771K->485902K(1033728K), 0.0045434 secs]
101.661: Total time for which application threads were stopped: 0.0046762 seconds, Stopping threads took: 0.0000182 seconds
101.726: [GC (Allocation Failure)  805390K->485870K(1033728K), 0.0044936 secs]
101.731: Total time for which application threads were stopped: 0.0046352 seconds, Stopping threads took: 0.0000275 seconds
101.793: [GC (Allocation Failure)  805358K->486030K(1033728K), 0.0046255 secs]
101.797: Total time for which application threads were stopped: 0.0047714 seconds, Stopping threads took: 0.0000233 seconds
101.864: [GC (Allocation Failure)  805518K->493936K(1033728K), 0.0045648 secs]
101.868: Total time for which application threads were stopped: 0.0047437 seconds, Stopping threads took: 0.0000197 seconds
101.934: [GC (Allocation Failure)  813424K->493904K(1033728K), 0.0045785 secs]
101.939: Total time for which application threads were stopped: 0.0047553 seconds, Stopping threads took: 0.0000201 seconds
102.007: [GC (Allocation Failure)  813392K->493960K(1033728K), 0.0045860 secs]
102.011: Total time for which application threads were stopped: 0.0047506 seconds, Stopping threads took: 0.0000163 seconds
102.076: [GC (Allocation Failure)  813448K->501962K(1027072K), 0.0047167 secs]
102.081: Total time for which application threads were stopped: 0.0048697 seconds, Stopping threads took: 0.0000196 seconds
102.142: [GC (Allocation Failure)  821450K->498024K(1034240K), 0.0036717 secs]
102.145: Total time for which application threads were stopped: 0.0038060 seconds, Stopping threads took: 0.0000182 seconds
102.210: [GC (Allocation Failure)  817512K->502090K(1033216K), 0.0045104 secs]
102.215: Total time for which application threads were stopped: 0.0046440 seconds, Stopping threads took: 0.0000185 seconds
102.279: [GC (Allocation Failure)  821578K->506058K(1034752K), 0.0043057 secs]
102.283: Total time for which application threads were stopped: 0.0044609 seconds, Stopping threads took: 0.0000275 seconds
102.347: [GC (Allocation Failure)  827594K->499272K(1034752K), 0.0021002 secs]
102.349: Total time for which application threads were stopped: 0.0022230 seconds, Stopping threads took: 0.0000157 seconds
102.414: [GC (Allocation Failure)  820808K->506090K(1034752K), 0.0043481 secs]
102.418: Total time for which application threads were stopped: 0.0044803 seconds, Stopping threads took: 0.0000178 seconds
102.480: [GC (Allocation Failure)  827626K->510194K(1034752K), 0.0056319 secs]
102.486: Total time for which application threads were stopped: 0.0057862 seconds, Stopping threads took: 0.0000231 seconds
102.548: [GC (Allocation Failure)  831730K->504656K(1034752K), 0.0027194 secs]
102.551: Total time for which application threads were stopped: 0.0028517 seconds, Stopping threads took: 0.0000185 seconds
102.616: [GC (Allocation Failure)  826192K->510458K(1034752K), 0.0046388 secs]
102.620: Total time for which application threads were stopped: 0.0047898 seconds, Stopping threads took: 0.0000184 seconds
102.683: [GC (Allocation Failure)  831994K->514330K(1034752K), 0.0048341 secs]
102.688: Total time for which application threads were stopped: 0.0049657 seconds, Stopping threads took: 0.0000193 seconds
102.752: [GC (Allocation Failure)  836819K->510424K(1035264K), 0.0036422 secs]
102.756: Total time for which application threads were stopped: 0.0037754 seconds, Stopping threads took: 0.0000192 seconds
102.820: [GC (Allocation Failure)  832984K->514426K(1036288K), 0.0054645 secs]
102.825: Total time for which application threads were stopped: 0.0056218 seconds, Stopping threads took: 0.0000240 seconds
102.892: [GC (Allocation Failure)  838522K->518458K(1035776K), 0.0046417 secs]
102.897: Total time for which application threads were stopped: 0.0048114 seconds, Stopping threads took: 0.0000195 seconds
102.966: [GC (Allocation Failure)  842554K->518458K(1035776K), 0.0047029 secs]
102.971: Total time for which application threads were stopped: 0.0048701 seconds, Stopping threads took: 0.0000194 seconds
103.037: [GC (Allocation Failure)  842042K->518522K(1023488K), 0.0046082 secs]
103.041: Total time for which application threads were stopped: 0.0047527 seconds, Stopping threads took: 0.0000258 seconds
103.107: [GC (Allocation Failure)  842106K->526493K(1035264K), 0.0045395 secs]
103.111: Total time for which application threads were stopped: 0.0046848 seconds, Stopping threads took: 0.0000279 seconds
103.175: [GC (Allocation Failure)  849053K->526493K(1030144K), 0.0045322 secs]
103.179: Total time for which application threads were stopped: 0.0046685 seconds, Stopping threads took: 0.0000187 seconds
103.243: [GC (Allocation Failure)  849053K->526565K(1034752K), 0.0047730 secs]
103.247: Total time for which application threads were stopped: 0.0049071 seconds, Stopping threads took: 0.0000186 seconds
103.311: [GC (Allocation Failure)  848101K->534567K(1029120K), 0.0048239 secs]
103.316: Total time for which application threads were stopped: 0.0049640 seconds, Stopping threads took: 0.0000248 seconds
103.380: [GC (Allocation Failure)  856103K->534503K(1034240K), 0.0043482 secs]
103.384: Total time for which application threads were stopped: 0.0044996 seconds, Stopping threads took: 0.0000193 seconds
103.448: [GC (Allocation Failure)  855015K->534791K(1034240K), 0.0047126 secs]
103.453: Total time for which application threads were stopped: 0.0048549 seconds, Stopping threads took: 0.0000189 seconds
103.516: [GC (Allocation Failure)  855303K->542569K(1034240K), 0.0044282 secs]
103.521: Total time for which application threads were stopped: 0.0045827 seconds, Stopping threads took: 0.0000185 seconds
103.584: [GC (Allocation Failure)  863081K->542569K(1034240K), 0.0046200 secs]
103.589: Total time for which application threads were stopped: 0.0047659 seconds, Stopping threads took: 0.0000232 seconds
103.651: [GC (Allocation Failure)  863081K->543017K(1033216K), 0.0046775 secs]
103.656: Total time for which application threads were stopped: 0.0048278 seconds, Stopping threads took: 0.0000184 seconds
103.719: [GC (Allocation Failure)  862505K->550603K(1033728K), 0.0049853 secs]
103.724: Total time for which application threads were stopped: 0.0051162 seconds, Stopping threads took: 0.0000177 seconds
103.787: [GC (Allocation Failure)  870091K->550603K(1033728K), 0.0046163 secs]
103.792: Total time for which application threads were stopped: 0.0047575 seconds, Stopping threads took: 0.0000189 seconds
103.857: [GC (Allocation Failure)  870091K->550731K(1033728K), 0.0048107 secs]
103.862: Total time for which application threads were stopped: 0.0049784 seconds, Stopping threads took: 0.0000197 seconds
103.928: [GC (Allocation Failure)  870219K->558670K(1033728K), 0.0045219 secs]
103.933: Total time for which application threads were stopped: 0.0046846 seconds, Stopping threads took: 0.0000200 seconds
103.998: [GC (Allocation Failure)  878158K->558638K(1033728K), 0.0049735 secs]
104.003: Total time for which application threads were stopped: 0.0051432 seconds, Stopping threads took: 0.0000202 seconds
104.067: [GC (Allocation Failure)  878126K->558694K(1033728K), 0.0046745 secs]
104.071: Total time for which application threads were stopped: 0.0048195 seconds, Stopping threads took: 0.0000277 seconds
104.133: [GC (Allocation Failure)  878182K->566664K(1027072K), 0.0046680 secs]
104.138: Total time for which application threads were stopped: 0.0047977 seconds, Stopping threads took: 0.0000177 seconds
104.199: [GC (Allocation Failure)  886151K->562758K(1034240K), 0.0037462 secs]
104.203: Total time for which application threads were stopped: 0.0038810 seconds, Stopping threads took: 0.0000191 seconds
104.268: [GC (Allocation Failure)  882246K->566824K(1033216K), 0.0048086 secs]
104.273: Total time for which application threads were stopped: 0.0049536 seconds, Stopping threads took: 0.0000260 seconds
104.336: [GC (Allocation Failure)  886312K->570792K(1034752K), 0.0045119 secs]
104.341: Total time for which application threads were stopped: 0.0046469 seconds, Stopping threads took: 0.0000188 seconds
104.405: [GC (Allocation Failure)  892328K->564006K(1034752K), 0.0022878 secs]
104.407: Total time for which application threads were stopped: 0.0024183 seconds, Stopping threads took: 0.0000191 seconds
104.469: [GC (Allocation Failure)  885542K->570864K(1034752K), 0.0046571 secs]
104.474: Total time for which application threads were stopped: 0.0048022 seconds, Stopping threads took: 0.0000190 seconds
104.536: [GC (Allocation Failure)  892400K->574944K(1034752K), 0.0056602 secs]
104.541: Total time for which application threads were stopped: 0.0058025 seconds, Stopping threads took: 0.0000200 seconds
104.602: [GC (Allocation Failure)  896480K->569406K(1034752K), 0.0028160 secs]
104.605: Total time for which application threads were stopped: 0.0029431 seconds, Stopping threads took: 0.0000182 seconds
104.668: [GC (Allocation Failure)  890942K->575248K(1034752K), 0.0046678 secs]
104.672: Total time for which application threads were stopped: 0.0047952 seconds, Stopping threads took: 0.0000179 seconds
104.735: [GC (Allocation Failure)  896784K->579120K(1034752K), 0.0064025 secs]
104.742: Total time for which application threads were stopped: 0.0065467 seconds, Stopping threads took: 0.0000183 seconds
104.806: [GC (Allocation Failure)  901608K->575182K(1035264K), 0.0035151 secs]
104.810: Total time for which application threads were stopped: 0.0036445 seconds, Stopping threads took: 0.0000248 seconds
104.879: [GC (Allocation Failure)  897742K->579208K(1036288K), 0.0049432 secs]
104.884: Total time for which application threads were stopped: 0.0051361 seconds, Stopping threads took: 0.0000199 seconds
104.952: [GC (Allocation Failure)  903304K->583208K(1035776K), 0.0047412 secs]
104.957: Total time for which application threads were stopped: 0.0048922 seconds, Stopping threads took: 0.0000167 seconds
105.024: [GC (Allocation Failure)  907304K->583208K(1035776K), 0.0046587 secs]
105.029: Total time for which application threads were stopped: 0.0048517 seconds, Stopping threads took: 0.0000195 seconds
105.096: [GC (Allocation Failure)  906792K->583272K(1023488K), 0.0047375 secs]
105.101: Total time for which application threads were stopped: 0.0048844 seconds, Stopping threads took: 0.0000198 seconds
105.165: [GC (Allocation Failure)  906856K->591242K(1035264K), 0.0047728 secs]
105.170: Total time for which application threads were stopped: 0.0049187 seconds, Stopping threads took: 0.0000190 seconds
105.233: [GC (Allocation Failure)  913802K->591242K(1030144K), 0.0045795 secs]
105.237: Total time for which application threads were stopped: 0.0047113 seconds, Stopping threads took: 0.0000190 seconds
105.302: [GC (Allocation Failure)  913802K->591306K(1034752K), 0.0047323 secs]
105.307: Total time for which application threads were stopped: 0.0048648 seconds, Stopping threads took: 0.0000176 seconds
105.370: [GC (Allocation Failure)  912842K->599308K(1029120K), 0.0048681 secs]
105.375: Total time for which application threads were stopped: 0.0049893 seconds, Stopping threads took: 0.0000185 seconds
105.441: [GC (Allocation Failure)  920844K->599276K(1034240K), 0.0044599 secs]
105.445: Total time for which application threads were stopped: 0.0045930 seconds, Stopping threads took: 0.0000255 seconds
105.508: [GC (Allocation Failure)  919788K->599524K(1034240K), 0.0047509 secs]
105.513: Total time for which application threads were stopped: 0.0048974 seconds, Stopping threads took: 0.0000195 seconds
105.578: [GC (Allocation Failure)  920036K->607335K(1034240K), 0.0045723 secs]
105.583: Total time for which application threads were stopped: 0.0047143 seconds, Stopping threads took: 0.0000179 seconds
105.647: [GC (Allocation Failure)  927847K->607335K(1034240K), 0.0047666 secs]
105.652: Total time for which application threads were stopped: 0.0049019 seconds, Stopping threads took: 0.0000184 seconds
105.714: [GC (Allocation Failure)  927847K->607751K(1033216K), 0.0048148 secs]
105.719: Total time for which application threads were stopped: 0.0049556 seconds, Stopping threads took: 0.0000176 seconds
105.784: [GC (Allocation Failure)  927239K->615337K(1033728K), 0.0047013 secs]
105.789: Total time for which application threads were stopped: 0.0048386 seconds, Stopping threads took: 0.0000193 seconds
105.855: [GC (Allocation Failure)  934825K->615337K(1033728K), 0.0049460 secs]
105.860: Total time for which application threads were stopped: 0.0051149 seconds, Stopping threads took: 0.0000194 seconds
105.925: [GC (Allocation Failure)  934825K->615465K(1033728K), 0.0049166 secs]
105.930: Total time for which application threads were stopped: 0.0050772 seconds, Stopping threads took: 0.0000202 seconds
105.995: [GC (Allocation Failure)  934953K->623403K(1033728K), 0.0047981 secs]
106.000: Total time for which application threads were stopped: 0.0049470 seconds, Stopping threads took: 0.0000188 seconds
106.062: [GC (Allocation Failure)  942891K->623403K(1033728K), 0.0049775 secs]
106.067: Total time for which application threads were stopped: 0.0051333 seconds, Stopping threads took: 0.0000187 seconds
106.131: [GC (Allocation Failure)  942891K->623435K(1033728K), 0.0047381 secs]
106.136: Total time for which application threads were stopped: 0.0048792 seconds, Stopping threads took: 0.0000189 seconds
106.199: [GC (Allocation Failure)  942923K->631405K(1027072K), 0.0048318 secs]
106.204: Total time for which application threads were stopped: 0.0049795 seconds, Stopping threads took: 0.0000191 seconds
106.264: [GC (Allocation Failure)  950893K->627467K(1034240K), 0.0038676 secs]
106.268: Total time for which application threads were stopped: 0.0039969 seconds, Stopping threads took: 0.0000248 seconds
106.333: [GC (Allocation Failure)  946955K->631565K(1033216K), 0.0049110 secs]
106.338: Total time for which application threads were stopped: 0.0050530 seconds, Stopping threads took: 0.0000186 seconds
106.401: [GC (Allocation Failure)  951053K->635533K(1034752K), 0.0047065 secs]
106.406: Total time for which application threads were stopped: 0.0048426 seconds, Stopping threads took: 0.0000191 seconds
106.470: [GC (Allocation Failure)  957069K->628747K(1034752K), 0.0026006 secs]
106.473: Total time for which application threads were stopped: 0.0027293 seconds, Stopping threads took: 0.0000177 seconds
106.537: [GC (Allocation Failure)  950283K->635605K(1034752K), 0.0047379 secs]
106.542: Total time for which application threads were stopped: 0.0048893 seconds, Stopping threads took: 0.0000179 seconds
106.605: [GC (Allocation Failure)  957141K->639685K(1034752K), 0.0057384 secs]
106.611: Total time for which application threads were stopped: 0.0058686 seconds, Stopping threads took: 0.0000171 seconds
106.672: [GC (Allocation Failure)  961221K->634147K(1034752K), 0.0031536 secs]
106.675: Total time for which application threads were stopped: 0.0032881 seconds, Stopping threads took: 0.0000187 seconds
106.738: [GC (Allocation Failure)  955683K->639989K(1034752K), 0.0049776 secs]
106.743: Total time for which application threads were stopped: 0.0051134 seconds, Stopping threads took: 0.0000179 seconds
106.807: [GC (Allocation Failure)  961525K->643829K(1035264K), 0.0050242 secs]
106.812: Total time for which application threads were stopped: 0.0051647 seconds, Stopping threads took: 0.0000252 seconds
106.878: [GC (Allocation Failure)  966318K->639923K(1035264K), 0.0036661 secs]
106.882: Total time for which application threads were stopped: 0.0038199 seconds, Stopping threads took: 0.0000167 seconds
106.950: [GC (Allocation Failure)  962483K->643981K(1036288K), 0.0048968 secs]
106.955: Total time for which application threads were stopped: 0.0050678 seconds, Stopping threads took: 0.0000192 seconds
107.024: [GC (Allocation Failure)  968077K->647981K(1035776K), 0.0047063 secs]
107.028: Total time for which application threads were stopped: 0.0048949 seconds, Stopping threads took: 0.0000282 seconds
107.096: [GC (Allocation Failure)  972077K->647981K(1035776K), 0.0047511 secs]
107.101: Total time for which application threads were stopped: 0.0049109 seconds, Stopping threads took: 0.0000200 seconds
107.169: [GC (Allocation Failure)  971565K->648013K(1023488K), 0.0049346 secs]
107.174: Total time for which application threads were stopped: 0.0050890 seconds, Stopping threads took: 0.0000188 seconds
107.238: [GC (Allocation Failure)  971597K->655984K(1035264K), 0.0051186 secs]
107.244: Total time for which application threads were stopped: 0.0052754 seconds, Stopping threads took: 0.0000208 seconds
107.309: [GC (Allocation Failure)  978544K->656016K(1030144K), 0.0047177 secs]
107.314: Total time for which application threads were stopped: 0.0048807 seconds, Stopping threads took: 0.0000282 seconds
107.377: [GC (Allocation Failure)  978576K->656040K(1034752K), 0.0047329 secs]
107.382: Total time for which application threads were stopped: 0.0048941 seconds, Stopping threads took: 0.0000192 seconds
107.445: [GC (Allocation Failure)  977576K->664010K(1029120K), 0.0049261 secs]
107.450: Total time for which application threads were stopped: 0.0050676 seconds, Stopping threads took: 0.0000193 seconds
107.515: [GC (Allocation Failure)  985546K->664042K(1034240K), 0.0047048 secs]
107.520: Total time for which application threads were stopped: 0.0048595 seconds, Stopping threads took: 0.0000200 seconds
107.582: [GC (Allocation Failure)  984554K->664266K(1034240K), 0.0049218 secs]
107.587: Total time for which application threads were stopped: 0.0050589 seconds, Stopping threads took: 0.0000182 seconds
107.650: [GC (Allocation Failure)  984778K->672076K(1034240K), 0.0048160 secs]
107.655: Total time for which application threads were stopped: 0.0049481 seconds, Stopping threads took: 0.0000190 seconds
107.719: [GC (Allocation Failure)  992588K->672044K(1034240K), 0.0049097 secs]
107.724: Total time for which application threads were stopped: 0.0050454 seconds, Stopping threads took: 0.0000184 seconds
107.787: [GC (Allocation Failure)  992556K->672492K(1033216K), 0.0048651 secs]
107.792: Total time for which application threads were stopped: 0.0050023 seconds, Stopping threads took: 0.0000182 seconds
107.859: [GC (Allocation Failure)  991980K->680079K(1033728K), 0.0050215 secs]
107.864: Total time for which application threads were stopped: 0.0051811 seconds, Stopping threads took: 0.0000174 seconds
107.931: [GC (Allocation Failure)  999567K->680111K(1033728K), 0.0050194 secs]
107.936: Total time for which application threads were stopped: 0.0051889 seconds, Stopping threads took: 0.0000201 seconds
108.000: [GC (Allocation Failure)  999599K->680199K(1033728K), 0.0050098 secs]
108.005: Total time for which application threads were stopped: 0.0052164 seconds, Stopping threads took: 0.0000255 seconds
108.074: [GC (Allocation Failure)  999687K->688137K(1033728K), 0.0048141 secs]
108.079: Total time for which application threads were stopped: 0.0049663 seconds, Stopping threads took: 0.0000171 seconds
108.142: [GC (Allocation Failure)  1007625K->688137K(1033728K), 0.0050361 secs]
108.148: Total time for which application threads were stopped: 0.0051932 seconds, Stopping threads took: 0.0000184 seconds
108.212: [GC (Allocation Failure)  1007625K->688169K(1032704K), 0.0049534 secs]
108.217: [Full GC (Ergonomics)  688169K->8540K(1032704K), 0.0128453 secs]
108.230: Total time for which application threads were stopped: 0.0180450 seconds, Stopping threads took: 0.0000188 seconds
108.295: [GC (Allocation Failure)  327004K->16735K(1033216K), 0.0036409 secs]
108.298: Total time for which application threads were stopped: 0.0037876 seconds, Stopping threads took: 0.0000255 seconds
108.361: [GC (Allocation Failure)  335199K->11148K(1033728K), 0.0016389 secs]
108.362: Total time for which application threads were stopped: 0.0017858 seconds, Stopping threads took: 0.0000246 seconds
108.425: [GC (Allocation Failure)  330124K->16975K(1033216K), 0.0037613 secs]
108.429: Total time for which application threads were stopped: 0.0039118 seconds, Stopping threads took: 0.0000182 seconds
108.494: [GC (Allocation Failure)  335951K->20831K(1034240K), 0.0039110 secs]
108.498: Total time for which application threads were stopped: 0.0040486 seconds, Stopping threads took: 0.0000205 seconds
108.561: [GC (Allocation Failure)  341343K->26748K(1034240K), 0.0060545 secs]
108.567: Total time for which application threads were stopped: 0.0061971 seconds, Stopping threads took: 0.0000180 seconds
108.632: [GC (Allocation Failure)  347260K->21023K(1030144K), 0.0036831 secs]
108.636: Total time for which application threads were stopped: 0.0038316 seconds, Stopping threads took: 0.0000190 seconds
108.698: [GC (Allocation Failure)  337439K->20863K(1032192K), 0.0034920 secs]
108.702: Total time for which application threads were stopped: 0.0036067 seconds, Stopping threads took: 0.0000147 seconds
108.766: [GC (Allocation Failure)  337279K->16700K(1033216K), 0.0018949 secs]
108.768: Total time for which application threads were stopped: 0.0020259 seconds, Stopping threads took: 0.0000294 seconds
108.832: [GC (Allocation Failure)  334652K->20959K(1032704K), 0.0064357 secs]
108.839: Total time for which application threads were stopped: 0.0065736 seconds, Stopping threads took: 0.0000170 seconds
108.901: [GC (Allocation Failure)  338911K->20863K(1033728K), 0.0034745 secs]
108.905: Total time for which application threads were stopped: 0.0036203 seconds, Stopping threads took: 0.0000236 seconds
108.967: [GC (Allocation Failure)  339839K->24487K(1033216K), 0.0043384 secs]
108.971: Total time for which application threads were stopped: 0.0044767 seconds, Stopping threads took: 0.0000261 seconds
109.036: [GC (Allocation Failure)  343463K->28969K(1034240K), 0.0035905 secs]
109.040: Total time for which application threads were stopped: 0.0037275 seconds, Stopping threads took: 0.0000199 seconds
109.102: [GC (Allocation Failure)  348969K->28905K(1033728K), 0.0038212 secs]
109.106: Total time for which application threads were stopped: 0.0039723 seconds, Stopping threads took: 0.0000189 seconds
109.167: [GC (Allocation Failure)  348905K->32201K(1034240K), 0.0044320 secs]
109.171: Total time for which application threads were stopped: 0.0045637 seconds, Stopping threads took: 0.0000183 seconds
109.235: [GC (Allocation Failure)  352713K->36907K(1034240K), 0.0034783 secs]
109.239: Total time for which application threads were stopped: 0.0036155 seconds, Stopping threads took: 0.0000184 seconds
109.305: [GC (Allocation Failure)  357419K->36939K(1034752K), 0.0033584 secs]
109.309: Total time for which application threads were stopped: 0.0034976 seconds, Stopping threads took: 0.0000262 seconds
109.370: [GC (Allocation Failure)  358475K->39403K(1034752K), 0.0040320 secs]
109.374: Total time for which application threads were stopped: 0.0041698 seconds, Stopping threads took: 0.0000251 seconds
109.438: [GC (Allocation Failure)  360939K->45005K(1034752K), 0.0035742 secs]
109.442: Total time for which application threads were stopped: 0.0037210 seconds, Stopping threads took: 0.0000242 seconds
109.505: [GC (Allocation Failure)  366541K->45005K(1034752K), 0.0034833 secs]
109.509: Total time for which application threads were stopped: 0.0036334 seconds, Stopping threads took: 0.0000278 seconds
109.570: [GC (Allocation Failure)  366541K->48677K(1035264K), 0.0045062 secs]
109.575: Total time for which application threads were stopped: 0.0046607 seconds, Stopping threads took: 0.0000243 seconds
109.638: [GC (Allocation Failure)  370725K->53032K(1034752K), 0.0037654 secs]
109.642: Total time for which application threads were stopped: 0.0039189 seconds, Stopping threads took: 0.0000243 seconds
109.708: [GC (Allocation Failure)  375080K->53000K(1035264K), 0.0034371 secs]
109.711: Total time for which application threads were stopped: 0.0035807 seconds, Stopping threads took: 0.0000202 seconds
109.774: [GC (Allocation Failure)  375560K->55912K(1035264K), 0.0071451 secs]
109.781: Total time for which application threads were stopped: 0.0072902 seconds, Stopping threads took: 0.0000190 seconds
109.848: [GC (Allocation Failure)  378472K->61130K(1035264K), 0.0036854 secs]
109.852: Total time for which application threads were stopped: 0.0038790 seconds, Stopping threads took: 0.0000194 seconds
109.920: [GC (Allocation Failure)  383690K->61034K(1035264K), 0.0037401 secs]
109.923: Total time for which application threads were stopped: 0.0038911 seconds, Stopping threads took: 0.0000180 seconds
109.989: [GC (Allocation Failure)  383594K->64106K(1035264K), 0.0044784 secs]
109.994: Total time for which application threads were stopped: 0.0046400 seconds, Stopping threads took: 0.0000196 seconds
110.057: [GC (Allocation Failure)  386666K->69100K(1035264K), 0.0036704 secs]
110.061: Total time for which application threads were stopped: 0.0038033 seconds, Stopping threads took: 0.0000182 seconds
110.125: [GC (Allocation Failure)  391660K->69068K(1035264K), 0.0037046 secs]
110.129: Total time for which application threads were stopped: 0.0038550 seconds, Stopping threads took: 0.0000232 seconds
110.191: [GC (Allocation Failure)  391628K->64298K(1035264K), 0.0019821 secs]
110.193: Total time for which application threads were stopped: 0.0021428 seconds, Stopping threads took: 0.0000237 seconds
110.256: [GC (Allocation Failure)  386858K->69324K(1035264K), 0.0036374 secs]
110.260: Total time for which application threads were stopped: 0.0037740 seconds, Stopping threads took: 0.0000182 seconds
110.325: [GC (Allocation Failure)  391884K->69100K(1035264K), 0.0034077 secs]
110.328: Total time for which application threads were stopped: 0.0035393 seconds, Stopping threads took: 0.0000184 seconds
110.391: [GC (Allocation Failure)  391660K->68586K(1035776K), 0.0035737 secs]
110.395: Total time for which application threads were stopped: 0.0037232 seconds, Stopping threads took: 0.0000182 seconds
110.461: [GC (Allocation Failure)  391658K->69260K(1035264K), 0.0036479 secs]
110.464: Total time for which application threads were stopped: 0.0037844 seconds, Stopping threads took: 0.0000262 seconds
110.527: [GC (Allocation Failure)  392332K->69068K(1035776K), 0.0037846 secs]
110.531: Total time for which application threads were stopped: 0.0039222 seconds, Stopping threads took: 0.0000174 seconds
110.595: [GC (Allocation Failure)  392652K->74914K(1035776K), 0.0063167 secs]
110.601: Total time for which application threads were stopped: 0.0064468 seconds, Stopping threads took: 0.0000189 seconds
110.665: [GC (Allocation Failure)  398498K->70340K(1032704K), 0.0036422 secs]
110.668: Total time for which application threads were stopped: 0.0037714 seconds, Stopping threads took: 0.0000184 seconds
110.733: [GC (Allocation Failure)  390852K->70212K(1034240K), 0.0036697 secs]
110.737: Total time for which application threads were stopped: 0.0037927 seconds, Stopping threads took: 0.0000175 seconds
110.800: [GC (Allocation Failure)  390724K->77258K(1030656K), 0.0067580 secs]
110.807: Total time for which application threads were stopped: 0.0068996 seconds, Stopping threads took: 0.0000187 seconds
110.874: [GC (Allocation Failure)  394698K->71564K(1032704K), 0.0038802 secs]
110.878: Total time for which application threads were stopped: 0.0040722 seconds, Stopping threads took: 0.0000200 seconds
110.947: [GC (Allocation Failure)  389004K->71468K(1033728K), 0.0037997 secs]
110.951: Total time for which application threads were stopped: 0.0039668 seconds, Stopping threads took: 0.0000192 seconds
111.017: [GC (Allocation Failure)  390444K->69098K(1033216K), 0.0028331 secs]
111.020: Total time for which application threads were stopped: 0.0030099 seconds, Stopping threads took: 0.0000196 seconds
111.086: [GC (Allocation Failure)  388074K->71532K(1034752K), 0.0036034 secs]
111.090: Total time for which application threads were stopped: 0.0037492 seconds, Stopping threads took: 0.0000190 seconds
111.155: [GC (Allocation Failure)  392556K->71500K(1034240K), 0.0034201 secs]
111.159: Total time for which application threads were stopped: 0.0035467 seconds, Stopping threads took: 0.0000172 seconds
111.223: [GC (Allocation Failure)  392524K->66698K(1034240K), 0.0019662 secs]
111.225: Total time for which application threads were stopped: 0.0021027 seconds, Stopping threads took: 0.0000195 seconds
111.291: [GC (Allocation Failure)  388234K->71756K(1034752K), 0.0034787 secs]
111.295: Total time for which application threads were stopped: 0.0036097 seconds, Stopping threads took: 0.0000186 seconds
111.360: [GC (Allocation Failure)  393292K->71500K(1035776K), 0.0036930 secs]
111.364: Total time for which application threads were stopped: 0.0038217 seconds, Stopping threads took: 0.0000183 seconds
111.425: [GC (Allocation Failure)  394572K->69482K(1035264K), 0.0029611 secs]
111.428: Total time for which application threads were stopped: 0.0030910 seconds, Stopping threads took: 0.0000196 seconds
111.492: [GC (Allocation Failure)  392554K->71660K(1036288K), 0.0038213 secs]
111.496: Total time for which application threads were stopped: 0.0039681 seconds, Stopping threads took: 0.0000242 seconds
111.560: [GC (Allocation Failure)  395756K->71500K(1035776K), 0.0034466 secs]
111.564: Total time for which application threads were stopped: 0.0035897 seconds, Stopping threads took: 0.0000188 seconds
111.630: [GC (Allocation Failure)  395596K->77322K(1033216K), 0.0064041 secs]
111.636: Total time for which application threads were stopped: 0.0065351 seconds, Stopping threads took: 0.0000188 seconds
111.701: [GC (Allocation Failure)  398858K->73260K(1034752K), 0.0036994 secs]
111.704: Total time for which application threads were stopped: 0.0038303 seconds, Stopping threads took: 0.0000187 seconds
111.768: [GC (Allocation Failure)  394796K->73132K(1035264K), 0.0050160 secs]
111.773: Total time for which application threads were stopped: 0.0051560 seconds, Stopping threads took: 0.0000256 seconds
111.837: [GC (Allocation Failure)  395692K->81186K(1035264K), 0.0103924 secs]
111.848: Total time for which application threads were stopped: 0.0106099 seconds, Stopping threads took: 0.0000239 seconds
111.916: [GC (Allocation Failure)  403746K->76068K(1032192K), 0.0037601 secs]
111.920: Total time for which application threads were stopped: 0.0039067 seconds, Stopping threads took: 0.0000168 seconds
111.986: [GC (Allocation Failure)  395556K->75940K(1033728K), 0.0038061 secs]
111.990: Total time for which application threads were stopped: 0.0039745 seconds, Stopping threads took: 0.0000195 seconds
112.052: [GC (Allocation Failure)  395428K->82210K(1031680K), 0.0065339 secs]
112.059: Total time for which application threads were stopped: 0.0066873 seconds, Stopping threads took: 0.0000269 seconds
112.123: [GC (Allocation Failure)  399650K->75940K(1032704K), 0.0037485 secs]
112.127: Total time for which application threads were stopped: 0.0038960 seconds, Stopping threads took: 0.0000302 seconds
112.190: [GC (Allocation Failure)  393380K->75940K(1033216K), 0.0035553 secs]
112.193: Total time for which application threads were stopped: 0.0036755 seconds, Stopping threads took: 0.0000175 seconds
112.257: [GC (Allocation Failure)  393892K->71650K(1032704K), 0.0021918 secs]
112.260: Total time for which application threads were stopped: 0.0023223 seconds, Stopping threads took: 0.0000183 seconds
112.322: [GC (Allocation Failure)  389602K->76164K(1033728K), 0.0037904 secs]
112.326: Total time for which application threads were stopped: 0.0039282 seconds, Stopping threads took: 0.0000250 seconds
112.389: [GC (Allocation Failure)  394628K->75940K(1032704K), 0.0035763 secs]
112.392: Total time for which application threads were stopped: 0.0037129 seconds, Stopping threads took: 0.0000231 seconds
112.455: [GC (Allocation Failure)  394404K->79404K(1033216K), 0.0045358 secs]
112.459: Total time for which application threads were stopped: 0.0046744 seconds, Stopping threads took: 0.0000262 seconds
112.525: [GC (Allocation Failure)  398892K->84014K(1033728K), 0.0038814 secs]
112.529: Total time for which application threads were stopped: 0.0040403 seconds, Stopping threads took: 0.0000195 seconds
112.593: [GC (Allocation Failure)  403502K->83982K(1034752K), 0.0035225 secs]
112.596: Total time for which application threads were stopped: 0.0036584 seconds, Stopping threads took: 0.0000193 seconds
112.661: [GC (Allocation Failure)  405006K->84046K(1034240K), 0.0037277 secs]
112.664: Total time for which application threads were stopped: 0.0038584 seconds, Stopping threads took: 0.0000185 seconds
112.730: [GC (Allocation Failure)  405070K->92145K(1034752K), 0.0038002 secs]
112.734: Total time for which application threads were stopped: 0.0039440 seconds, Stopping threads took: 0.0000236 seconds
112.799: [GC (Allocation Failure)  413169K->92017K(1034240K), 0.0035348 secs]
112.803: Total time for which application threads were stopped: 0.0036696 seconds, Stopping threads took: 0.0000198 seconds
112.867: [GC (Allocation Failure)  413041K->95849K(1034752K), 0.0066603 secs]
112.874: Total time for which application threads were stopped: 0.0068173 seconds, Stopping threads took: 0.0000170 seconds
112.942: [GC (Allocation Failure)  417385K->100107K(1034752K), 0.0039878 secs]
112.946: Total time for which application threads were stopped: 0.0041552 seconds, Stopping threads took: 0.0000194 seconds
113.012: [GC (Allocation Failure)  421643K->100043K(1035264K), 0.0038329 secs]
113.016: Total time for which application threads were stopped: 0.0039887 seconds, Stopping threads took: 0.0000198 seconds
113.079: [GC (Allocation Failure)  422603K->102027K(1035264K), 0.0039243 secs]
113.083: Total time for which application threads were stopped: 0.0040722 seconds, Stopping threads took: 0.0000186 seconds
113.150: [GC (Allocation Failure)  424587K->108109K(1035264K), 0.0034853 secs]
113.154: Total time for which application threads were stopped: 0.0035987 seconds, Stopping threads took: 0.0000168 seconds
113.218: [GC (Allocation Failure)  430669K->108077K(1035264K), 0.0035714 secs]
113.222: Total time for which application threads were stopped: 0.0037022 seconds, Stopping threads took: 0.0000185 seconds
113.284: [GC (Allocation Failure)  430637K->110285K(1035264K), 0.0042621 secs]
113.288: Total time for which application threads were stopped: 0.0044103 seconds, Stopping threads took: 0.0000246 seconds
113.352: [GC (Allocation Failure)  432845K->116303K(1035264K), 0.0037698 secs]
113.356: Total time for which application threads were stopped: 0.0039046 seconds, Stopping threads took: 0.0000193 seconds
113.418: [GC (Allocation Failure)  438863K->116143K(1035264K), 0.0038435 secs]
113.422: Total time for which application threads were stopped: 0.0039738 seconds, Stopping threads took: 0.0000183 seconds
113.485: [GC (Allocation Failure)  438703K->110445K(1035264K), 0.0016671 secs]
113.487: Total time for which application threads were stopped: 0.0018229 seconds, Stopping threads took: 0.0000193 seconds
113.552: [GC (Allocation Failure)  433005K->116271K(1035264K), 0.0063646 secs]
113.558: Total time for which application threads were stopped: 0.0064996 seconds, Stopping threads took: 0.0000191 seconds
113.623: [GC (Allocation Failure)  438831K->116079K(1035264K), 0.0036672 secs]
113.627: Total time for which application threads were stopped: 0.0038220 seconds, Stopping threads took: 0.0000201 seconds
113.690: [GC (Allocation Failure)  438639K->114733K(1035776K), 0.0035612 secs]
113.694: Total time for which application threads were stopped: 0.0037165 seconds, Stopping threads took: 0.0000283 seconds
113.758: [GC (Allocation Failure)  437805K->116175K(1035264K), 0.0037390 secs]
113.762: Total time for which application threads were stopped: 0.0038739 seconds, Stopping threads took: 0.0000192 seconds
113.827: [GC (Allocation Failure)  439247K->116111K(1036288K), 0.0048494 secs]
113.832: Total time for which application threads were stopped: 0.0050300 seconds, Stopping threads took: 0.0000280 seconds
113.899: [GC (Allocation Failure)  440207K->121581K(1035776K), 0.0062617 secs]
113.905: Total time for which application threads were stopped: 0.0064197 seconds, Stopping threads took: 0.0000196 seconds
113.972: [GC (Allocation Failure)  445677K->117423K(1033728K), 0.0038974 secs]
113.976: Total time for which application threads were stopped: 0.0040223 seconds, Stopping threads took: 0.0000204 seconds
114.043: [GC (Allocation Failure)  438959K->117359K(1034752K), 0.0037647 secs]
114.047: Total time for which application threads were stopped: 0.0039078 seconds, Stopping threads took: 0.0000380 seconds
114.109: [GC (Allocation Failure)  438895K->110253K(1034240K), 0.0012129 secs]
114.110: Total time for which application threads were stopped: 0.0013580 seconds, Stopping threads took: 0.0000236 seconds
114.176: [GC (Allocation Failure)  431789K->117647K(1034752K), 0.0037911 secs]
114.180: Total time for which application threads were stopped: 0.0039395 seconds, Stopping threads took: 0.0000245 seconds
114.244: [GC (Allocation Failure)  439183K->121463K(1035264K), 0.0049440 secs]
114.249: Total time for which application threads were stopped: 0.0050760 seconds, Stopping threads took: 0.0000191 seconds
114.313: [GC (Allocation Failure)  444023K->116661K(1035264K), 0.0022033 secs]
114.315: Total time for which application threads were stopped: 0.0023406 seconds, Stopping threads took: 0.0000256 seconds
114.379: [GC (Allocation Failure)  439221K->121711K(1035776K), 0.0037520 secs]
114.382: Total time for which application threads were stopped: 0.0038836 seconds, Stopping threads took: 0.0000185 seconds
114.448: [GC (Allocation Failure)  444783K->125671K(1035264K), 0.0039972 secs]
114.452: Total time for which application threads were stopped: 0.0041248 seconds, Stopping threads took: 0.0000176 seconds
114.514: [GC (Allocation Failure)  448743K->125607K(1035776K), 0.0037106 secs]
114.518: Total time for which application threads were stopped: 0.0038508 seconds, Stopping threads took: 0.0000186 seconds
114.580: [GC (Allocation Failure)  449191K->125831K(1023488K), 0.0036702 secs]
114.584: Total time for which application threads were stopped: 0.0038257 seconds, Stopping threads took: 0.0000242 seconds
114.648: [GC (Allocation Failure)  449415K->133706K(1035264K), 0.0036471 secs]
114.651: Total time for which application threads were stopped: 0.0037877 seconds, Stopping threads took: 0.0000191 seconds
114.714: [GC (Allocation Failure)  456266K->133642K(1035264K), 0.0101879 secs]
114.725: Total time for which application threads were stopped: 0.0103255 seconds, Stopping threads took: 0.0000189 seconds
114.789: [GC (Allocation Failure)  456202K->133802K(1034240K), 0.0038271 secs]
114.793: Total time for which application threads were stopped: 0.0039684 seconds, Stopping threads took: 0.0000185 seconds
114.862: [GC (Allocation Failure)  455338K->141740K(1034752K), 0.0037609 secs]
114.866: Total time for which application threads were stopped: 0.0039330 seconds, Stopping threads took: 0.0000204 seconds
114.932: [GC (Allocation Failure)  463276K->141740K(1034752K), 0.0040501 secs]
114.936: Total time for which application threads were stopped: 0.0042495 seconds, Stopping threads took: 0.0000214 seconds
115.001: [GC (Allocation Failure)  463276K->142020K(1021440K), 0.0039994 secs]
115.005: Total time for which application threads were stopped: 0.0041325 seconds, Stopping threads took: 0.0000196 seconds
115.067: [GC (Allocation Failure)  463556K->149734K(1034240K), 0.0039689 secs]
115.071: Total time for which application threads were stopped: 0.0040971 seconds, Stopping threads took: 0.0000181 seconds
115.134: [GC (Allocation Failure)  470246K->149734K(1034240K), 0.0035707 secs]
115.138: Total time for which application threads were stopped: 0.0036994 seconds, Stopping threads took: 0.0000179 seconds
115.202: [GC (Allocation Failure)  470246K->150246K(1034240K), 0.0041678 secs]
115.206: Total time for which application threads were stopped: 0.0043151 seconds, Stopping threads took: 0.0000238 seconds
115.270: [GC (Allocation Failure)  470758K->157769K(1034240K), 0.0038260 secs]
115.274: Total time for which application threads were stopped: 0.0039600 seconds, Stopping threads took: 0.0000181 seconds
115.340: [GC (Allocation Failure)  478281K->157801K(1034240K), 0.0037424 secs]
115.344: Total time for which application threads were stopped: 0.0038736 seconds, Stopping threads took: 0.0000147 seconds
115.408: [GC (Allocation Failure)  478313K->157985K(1034240K), 0.0039784 secs]
115.412: Total time for which application threads were stopped: 0.0041117 seconds, Stopping threads took: 0.0000176 seconds
115.478: [GC (Allocation Failure)  478497K->165795K(1033216K), 0.0037818 secs]
115.482: Total time for which application threads were stopped: 0.0039012 seconds, Stopping threads took: 0.0000160 seconds
115.544: [GC (Allocation Failure)  485283K->165795K(1033728K), 0.0036667 secs]
115.548: Total time for which application threads were stopped: 0.0038083 seconds, Stopping threads took: 0.0000185 seconds
115.611: [GC (Allocation Failure)  485283K->165963K(1033728K), 0.0040718 secs]
115.615: Total time for which application threads were stopped: 0.0042016 seconds, Stopping threads took: 0.0000179 seconds
115.680: [GC (Allocation Failure)  485451K->173869K(1033728K), 0.0037758 secs]
115.684: Total time for which application threads were stopped: 0.0039026 seconds, Stopping threads took: 0.0000179 seconds
115.747: [GC (Allocation Failure)  493357K->169899K(1034240K), 0.0029658 secs]
115.750: Total time for which application threads were stopped: 0.0031098 seconds, Stopping threads took: 0.0000310 seconds
115.816: [GC (Allocation Failure)  489899K->173997K(1033728K), 0.0088868 secs]
115.825: Total time for which application threads were stopped: 0.0090290 seconds, Stopping threads took: 0.0000264 seconds
115.891: [GC (Allocation Failure)  493997K->177997K(1034752K), 0.0037293 secs]
115.895: Total time for which application threads were stopped: 0.0038783 seconds, Stopping threads took: 0.0000199 seconds
115.961: [GC (Allocation Failure)  499533K->172235K(1034752K), 0.0020419 secs]
115.963: Total time for which application threads were stopped: 0.0021504 seconds, Stopping threads took: 0.0000171 seconds
116.029: [GC (Allocation Failure)  493771K->178029K(1035776K), 0.0046415 secs]
116.034: Total time for which application threads were stopped: 0.0047959 seconds, Stopping threads took: 0.0000271 seconds
116.099: [GC (Allocation Failure)  500589K->182077K(1034752K), 0.0041854 secs]
116.103: Total time for which application threads were stopped: 0.0043439 seconds, Stopping threads took: 0.0000207 seconds
116.165: [GC (Allocation Failure)  504376K->178235K(1035776K), 0.0029962 secs]
116.169: Total time for which application threads were stopped: 0.0031269 seconds, Stopping threads took: 0.0000182 seconds
116.232: [GC (Allocation Failure)  501307K->182269K(1035264K), 0.0039375 secs]
116.236: Total time for which application threads were stopped: 0.0040706 seconds, Stopping threads took: 0.0000190 seconds
116.300: [GC (Allocation Failure)  505341K->186269K(1035264K), 0.0038247 secs]
116.304: Total time for which application threads were stopped: 0.0039725 seconds, Stopping threads took: 0.0000258 seconds
116.370: [GC (Allocation Failure)  509853K->186237K(1035776K), 0.0040151 secs]
116.374: Total time for which application threads were stopped: 0.0041539 seconds, Stopping threads took: 0.0000242 seconds
116.437: [GC (Allocation Failure)  509821K->186301K(1034752K), 0.0039442 secs]
116.441: Total time for which application threads were stopped: 0.0040871 seconds, Stopping threads took: 0.0000233 seconds
116.507: [GC (Allocation Failure)  508861K->194303K(1035264K), 0.0037639 secs]
116.510: Total time for which application threads were stopped: 0.0039104 seconds, Stopping threads took: 0.0000234 seconds
116.575: [GC (Allocation Failure)  516863K->194303K(1034240K), 0.0037632 secs]
116.579: Total time for which application threads were stopped: 0.0038848 seconds, Stopping threads took: 0.0000159 seconds
116.643: [GC (Allocation Failure)  515839K->194311K(1034752K), 0.0038509 secs]
116.647: Total time for which application threads were stopped: 0.0039945 seconds, Stopping threads took: 0.0000181 seconds
116.711: [GC (Allocation Failure)  515847K->202314K(1034752K), 0.0040980 secs]
116.715: Total time for which application threads were stopped: 0.0042460 seconds, Stopping threads took: 0.0000256 seconds
116.778: [GC (Allocation Failure)  523850K->202314K(1029120K), 0.0037791 secs]
116.782: Total time for which application threads were stopped: 0.0039158 seconds, Stopping threads took: 0.0000247 seconds
116.844: [GC (Allocation Failure)  523850K->202538K(1034240K), 0.0041744 secs]
116.849: Total time for which application threads were stopped: 0.0043398 seconds, Stopping threads took: 0.0000176 seconds
116.915: [GC (Allocation Failure)  523050K->210348K(1034240K), 0.0041243 secs]
116.919: Total time for which application threads were stopped: 0.0042924 seconds, Stopping threads took: 0.0000194 seconds
116.984: [GC (Allocation Failure)  530860K->210348K(1034240K), 0.0039678 secs]
116.988: Total time for which application threads were stopped: 0.0040948 seconds, Stopping threads took: 0.0000182 seconds
117.053: [GC (Allocation Failure)  530860K->210796K(1034240K), 0.0040927 secs]
117.057: Total time for which application threads were stopped: 0.0042328 seconds, Stopping threads took: 0.0000185 seconds
117.120: [GC (Allocation Failure)  531308K->218414K(1033216K), 0.0038786 secs]
117.124: Total time for which application threads were stopped: 0.0040044 seconds, Stopping threads took: 0.0000183 seconds
117.189: [GC (Allocation Failure)  537902K->218414K(1033728K), 0.0038999 secs]
117.193: Total time for which application threads were stopped: 0.0040391 seconds, Stopping threads took: 0.0000177 seconds
117.253: [GC (Allocation Failure)  537902K->218534K(1033728K), 0.0040273 secs]
117.257: Total time for which application threads were stopped: 0.0041545 seconds, Stopping threads took: 0.0000176 seconds
117.322: [GC (Allocation Failure)  538022K->226440K(1033728K), 0.0039343 secs]
117.326: Total time for which application threads were stopped: 0.0040765 seconds, Stopping threads took: 0.0000195 seconds
117.389: [GC (Allocation Failure)  545928K->226408K(1033728K), 0.0038761 secs]
117.393: Total time for which application threads were stopped: 0.0040050 seconds, Stopping threads took: 0.0000184 seconds
117.454: [GC (Allocation Failure)  545896K->226472K(1033728K), 0.0038813 secs]
117.458: Total time for which application threads were stopped: 0.0040265 seconds, Stopping threads took: 0.0000233 seconds
117.522: [GC (Allocation Failure)  545960K->234411K(1032704K), 0.0037689 secs]
117.526: Total time for which application threads were stopped: 0.0038870 seconds, Stopping threads took: 0.0000157 seconds
117.588: [GC (Allocation Failure)  552875K->228872K(1033216K), 0.0020513 secs]
117.590: Total time for which application threads were stopped: 0.0021679 seconds, Stopping threads took: 0.0000188 seconds
117.657: [GC (Allocation Failure)  547336K->234667K(1034752K), 0.0040485 secs]
117.661: Total time for which application threads were stopped: 0.0041672 seconds, Stopping threads took: 0.0000151 seconds
117.725: [GC (Allocation Failure)  555179K->238555K(1033728K), 0.0042103 secs]
117.730: Total time for which application threads were stopped: 0.0043416 seconds, Stopping threads took: 0.0000182 seconds
117.793: [GC (Allocation Failure)  559067K->245480K(1029120K), 0.0071236 secs]
117.800: Total time for which application threads were stopped: 0.0072595 seconds, Stopping threads took: 0.0000192 seconds
117.867: [GC (Allocation Failure)  560872K->239371K(1031680K), 0.0041545 secs]
117.871: Total time for which application threads were stopped: 0.0043128 seconds, Stopping threads took: 0.0000196 seconds
117.937: [GC (Allocation Failure)  554763K->239211K(1032704K), 0.0040327 secs]
117.941: Total time for which application threads were stopped: 0.0041916 seconds, Stopping threads took: 0.0000197 seconds
118.006: [GC (Allocation Failure)  556139K->242603K(1032192K), 0.0048302 secs]
118.011: Total time for which application threads were stopped: 0.0049819 seconds, Stopping threads took: 0.0000202 seconds
118.075: [GC (Allocation Failure)  559531K->247373K(1033216K), 0.0039926 secs]
118.079: Total time for which application threads were stopped: 0.0041102 seconds, Stopping threads took: 0.0000160 seconds
118.143: [GC (Allocation Failure)  565325K->247245K(1032704K), 0.0040792 secs]
118.147: Total time for which application threads were stopped: 0.0042087 seconds, Stopping threads took: 0.0000179 seconds
118.211: [GC (Allocation Failure)  565197K->248261K(1033216K), 0.0043220 secs]
118.215: Total time for which application threads were stopped: 0.0044416 seconds, Stopping threads took: 0.0000161 seconds
118.280: [GC (Allocation Failure)  566725K->255271K(1033216K), 0.0040391 secs]
118.284: Total time for which application threads were stopped: 0.0041712 seconds, Stopping threads took: 0.0000254 seconds
118.347: [GC (Allocation Failure)  573735K->255271K(1033728K), 0.0039717 secs]
118.351: Total time for which application threads were stopped: 0.0041127 seconds, Stopping threads took: 0.0000237 seconds
118.414: [GC (Allocation Failure)  574247K->256935K(1033216K), 0.0042897 secs]
118.418: Total time for which application threads were stopped: 0.0044412 seconds, Stopping threads took: 0.0000267 seconds
118.483: [GC (Allocation Failure)  575911K->263369K(1033728K), 0.0039919 secs]
118.487: Total time for which application threads were stopped: 0.0041198 seconds, Stopping threads took: 0.0000188 seconds
118.549: [GC (Allocation Failure)  582857K->263337K(1033728K), 0.0042750 secs]
118.554: Total time for which application threads were stopped: 0.0044166 seconds, Stopping threads took: 0.0000240 seconds
118.616: [GC (Allocation Failure)  582825K->263625K(1033728K), 0.0040945 secs]
118.621: Total time for which application threads were stopped: 0.0042266 seconds, Stopping threads took: 0.0000184 seconds
118.683: [GC (Allocation Failure)  583113K->271308K(1033728K), 0.0042164 secs]
118.688: Total time for which application threads were stopped: 0.0043638 seconds, Stopping threads took: 0.0000179 seconds
118.753: [GC (Allocation Failure)  590796K->271340K(1033728K), 0.0040115 secs]
118.757: Total time for which application threads were stopped: 0.0041843 seconds, Stopping threads took: 0.0000207 seconds
118.821: [GC (Allocation Failure)  590828K->274956K(1033728K), 0.0057004 secs]
118.827: Total time for which application threads were stopped: 0.0058423 seconds, Stopping threads took: 0.0000241 seconds
118.895: [GC (Allocation Failure)  594444K->279470K(1034240K), 0.0042084 secs]
118.899: Total time for which application threads were stopped: 0.0043861 seconds, Stopping threads took: 0.0000199 seconds
118.967: [GC (Allocation Failure)  599982K->279374K(1034240K), 0.0042036 secs]
118.971: Total time for which application threads were stopped: 0.0043758 seconds, Stopping threads took: 0.0000201 seconds
119.038: [GC (Allocation Failure)  599886K->280102K(1034240K), 0.0043300 secs]
119.042: Total time for which application threads were stopped: 0.0045023 seconds, Stopping threads took: 0.0000188 seconds
119.110: [GC (Allocation Failure)  600614K->287432K(1034240K), 0.0043454 secs]
119.115: Total time for which application threads were stopped: 0.0045035 seconds, Stopping threads took: 0.0000170 seconds
119.180: [GC (Allocation Failure)  607944K->287400K(1034240K), 0.0039237 secs]
119.184: Total time for which application threads were stopped: 0.0040732 seconds, Stopping threads took: 0.0000255 seconds
119.247: [GC (Allocation Failure)  607912K->288328K(1034240K), 0.0042504 secs]
119.251: Total time for which application threads were stopped: 0.0043911 seconds, Stopping threads took: 0.0000202 seconds
119.317: [GC (Allocation Failure)  608840K->295467K(1034240K), 0.0040643 secs]
119.321: Total time for which application threads were stopped: 0.0041939 seconds, Stopping threads took: 0.0000247 seconds
119.385: [GC (Allocation Failure)  615979K->295403K(1034240K), 0.0041293 secs]
119.389: Total time for which application threads were stopped: 0.0042641 seconds, Stopping threads took: 0.0000272 seconds
119.453: [GC (Allocation Failure)  615915K->296555K(1034240K), 0.0042358 secs]
119.458: Total time for which application threads were stopped: 0.0043635 seconds, Stopping threads took: 0.0000156 seconds
119.523: [GC (Allocation Failure)  617067K->303533K(1034240K), 0.0042071 secs]
119.527: Total time for which application threads were stopped: 0.0043374 seconds, Stopping threads took: 0.0000180 seconds
119.590: [GC (Allocation Failure)  624045K->303437K(1034240K), 0.0041773 secs]
119.594: Total time for which application threads were stopped: 0.0043106 seconds, Stopping threads took: 0.0000189 seconds
119.659: [GC (Allocation Failure)  623949K->303789K(1020416K), 0.0042630 secs]
119.664: Total time for which application threads were stopped: 0.0044399 seconds, Stopping threads took: 0.0000487 seconds
119.730: [GC (Allocation Failure)  624301K->311567K(1033728K), 0.0042681 secs]
119.734: Total time for which application threads were stopped: 0.0043963 seconds, Stopping threads took: 0.0000181 seconds
119.797: [GC (Allocation Failure)  631055K->311503K(1033728K), 0.0041190 secs]
119.801: Total time for which application threads were stopped: 0.0042641 seconds, Stopping threads took: 0.0000256 seconds
119.867: [GC (Allocation Failure)  630991K->312039K(1033728K), 0.0043061 secs]
119.871: Total time for which application threads were stopped: 0.0044548 seconds, Stopping threads took: 0.0000198 seconds
119.938: [GC (Allocation Failure)  631527K->319593K(1033728K), 0.0042377 secs]
119.942: Total time for which application threads were stopped: 0.0043786 seconds, Stopping threads took: 0.0000191 seconds
120.007: [GC (Allocation Failure)  639081K->319529K(1033728K), 0.0042053 secs]
120.011: Total time for which application threads were stopped: 0.0043337 seconds, Stopping threads took: 0.0000186 seconds
120.075: [GC (Allocation Failure)  639017K->320265K(1033728K), 0.0042428 secs]
120.079: Total time for which application threads were stopped: 0.0043843 seconds, Stopping threads took: 0.0000190 seconds
120.143: [GC (Allocation Failure)  639753K->327564K(1033728K), 0.0040564 secs]
120.147: Total time for which application threads were stopped: 0.0041933 seconds, Stopping threads took: 0.0000208 seconds
120.212: [GC (Allocation Failure)  647052K->327564K(1033728K), 0.0042435 secs]
120.216: Total time for which application threads were stopped: 0.0043685 seconds, Stopping threads took: 0.0000183 seconds
120.278: [GC (Allocation Failure)  647052K->329580K(1033728K), 0.0045363 secs]
120.282: Total time for which application threads were stopped: 0.0046670 seconds, Stopping threads took: 0.0000181 seconds
120.346: [GC (Allocation Failure)  649068K->335630K(1033728K), 0.0041316 secs]
120.350: Total time for which application threads were stopped: 0.0042758 seconds, Stopping threads took: 0.0000240 seconds
120.414: [GC (Allocation Failure)  655118K->335598K(1033728K), 0.0041303 secs]
120.419: Total time for which application threads were stopped: 0.0042773 seconds, Stopping threads took: 0.0000265 seconds
120.482: [GC (Allocation Failure)  655086K->336710K(1033728K), 0.0044636 secs]
120.487: Total time for which application threads were stopped: 0.0045976 seconds, Stopping threads took: 0.0000179 seconds
120.550: [GC (Allocation Failure)  656198K->343656K(1033728K), 0.0051061 secs]
120.555: Total time for which application threads were stopped: 0.0052371 seconds, Stopping threads took: 0.0000186 seconds
120.618: [GC (Allocation Failure)  663144K->343656K(1033728K), 0.0040210 secs]
120.623: Total time for which application threads were stopped: 0.0041570 seconds, Stopping threads took: 0.0000169 seconds
120.686: [GC (Allocation Failure)  663144K->343976K(1033728K), 0.0042966 secs]
120.690: Total time for which application threads were stopped: 0.0044417 seconds, Stopping threads took: 0.0000189 seconds
120.755: [GC (Allocation Failure)  663464K->351658K(1033728K), 0.0043373 secs]
120.759: Total time for which application threads were stopped: 0.0044698 seconds, Stopping threads took: 0.0000185 seconds
120.823: [GC (Allocation Failure)  671146K->351658K(1033728K), 0.0041761 secs]
120.827: Total time for which application threads were stopped: 0.0042971 seconds, Stopping threads took: 0.0000228 seconds
120.893: [GC (Allocation Failure)  671146K->352202K(1033728K), 0.0043559 secs]
120.897: Total time for which application threads were stopped: 0.0045082 seconds, Stopping threads took: 0.0000200 seconds
120.965: [GC (Allocation Failure)  671690K->359725K(1033728K), 0.0043655 secs]
120.969: Total time for which application threads were stopped: 0.0045007 seconds, Stopping threads took: 0.0000196 seconds
121.034: [GC (Allocation Failure)  679213K->359693K(1033728K), 0.0042469 secs]
121.038: Total time for which application threads were stopped: 0.0043977 seconds, Stopping threads took: 0.0000249 seconds
121.101: [GC (Allocation Failure)  679181K->360429K(1033728K), 0.0043236 secs]
121.105: Total time for which application threads were stopped: 0.0044515 seconds, Stopping threads took: 0.0000182 seconds
121.168: [GC (Allocation Failure)  679917K->367759K(1033728K), 0.0040796 secs]
121.173: Total time for which application threads were stopped: 0.0042058 seconds, Stopping threads took: 0.0000171 seconds
121.235: [GC (Allocation Failure)  687247K->367727K(1033728K), 0.0043283 secs]
121.239: Total time for which application threads were stopped: 0.0044623 seconds, Stopping threads took: 0.0000189 seconds
121.304: [GC (Allocation Failure)  687215K->368655K(1033728K), 0.0045639 secs]
121.308: Total time for which application threads were stopped: 0.0046955 seconds, Stopping threads took: 0.0000183 seconds
121.375: [GC (Allocation Failure)  688143K->375793K(1033728K), 0.0057778 secs]
121.381: Total time for which application threads were stopped: 0.0059345 seconds, Stopping threads took: 0.0000214 seconds
121.448: [GC (Allocation Failure)  695281K->375793K(1033728K), 0.0041004 secs]
121.452: Total time for which application threads were stopped: 0.0042593 seconds, Stopping threads took: 0.0000249 seconds
121.516: [GC (Allocation Failure)  695281K->375849K(1032704K), 0.0042653 secs]
121.520: Total time for which application threads were stopped: 0.0044002 seconds, Stopping threads took: 0.0000159 seconds
121.585: [GC (Allocation Failure)  694313K->383787K(1033216K), 0.0041951 secs]
121.589: Total time for which application threads were stopped: 0.0043250 seconds, Stopping threads took: 0.0000180 seconds
121.653: [GC (Allocation Failure)  702251K->383787K(1033216K), 0.0043383 secs]
121.657: Total time for which application threads were stopped: 0.0044716 seconds, Stopping threads took: 0.0000187 seconds
121.719: [GC (Allocation Failure)  702251K->384099K(1033216K), 0.0045340 secs]
121.723: Total time for which application threads were stopped: 0.0046772 seconds, Stopping threads took: 0.0000182 seconds
121.787: [GC (Allocation Failure)  702563K->391814K(1033216K), 0.0042587 secs]
121.791: Total time for which application threads were stopped: 0.0044024 seconds, Stopping threads took: 0.0000268 seconds
121.857: [GC (Allocation Failure)  710278K->391846K(1033216K), 0.0043984 secs]
121.862: Total time for which application threads were stopped: 0.0045491 seconds, Stopping threads took: 0.0000171 seconds
121.925: [GC (Allocation Failure)  710310K->392326K(1033216K), 0.0045515 secs]
121.930: Total time for which application threads were stopped: 0.0046971 seconds, Stopping threads took: 0.0000197 seconds
121.995: [GC (Allocation Failure)  710790K->399848K(1033216K), 0.0042564 secs]
122.000: Total time for which application threads were stopped: 0.0044070 seconds, Stopping threads took: 0.0000369 seconds
122.061: [GC (Allocation Failure)  718312K->399848K(1033216K), 0.0043570 secs]
122.065: Total time for which application threads were stopped: 0.0044982 seconds, Stopping threads took: 0.0000275 seconds
122.126: [GC (Allocation Failure)  718312K->400072K(1033216K), 0.0043696 secs]
122.130: Total time for which application threads were stopped: 0.0045018 seconds, Stopping threads took: 0.0000185 seconds
122.195: [GC (Allocation Failure)  718536K->407882K(1033216K), 0.0044573 secs]
122.200: Total time for which application threads were stopped: 0.0046039 seconds, Stopping threads took: 0.0000199 seconds
122.266: [GC (Allocation Failure)  726346K->407882K(1033216K), 0.0046379 secs]
122.270: Total time for which application threads were stopped: 0.0048094 seconds, Stopping threads took: 0.0000197 seconds
122.333: [GC (Allocation Failure)  726346K->408042K(1033216K), 0.0042474 secs]
122.338: Total time for which application threads were stopped: 0.0043800 seconds, Stopping threads took: 0.0000255 seconds
122.401: [GC (Allocation Failure)  726506K->415949K(1033216K), 0.0043618 secs]
122.406: Total time for which application threads were stopped: 0.0044922 seconds, Stopping threads took: 0.0000184 seconds
122.467: [GC (Allocation Failure)  734413K->415917K(1033216K), 0.0044559 secs]
122.472: Total time for which application threads were stopped: 0.0046142 seconds, Stopping threads took: 0.0000267 seconds
122.534: [GC (Allocation Failure)  734381K->416045K(1033216K), 0.0043409 secs]
122.539: Total time for which application threads were stopped: 0.0044800 seconds, Stopping threads took: 0.0000199 seconds
122.600: [GC (Allocation Failure)  734509K->423983K(1033216K), 0.0044411 secs]
122.604: Total time for which application threads were stopped: 0.0045801 seconds, Stopping threads took: 0.0000183 seconds
122.666: [GC (Allocation Failure)  742447K->423951K(1033216K), 0.0043393 secs]
122.671: Total time for which application threads were stopped: 0.0044854 seconds, Stopping threads took: 0.0000240 seconds
122.731: [GC (Allocation Failure)  742415K->424271K(1033216K), 0.0043983 secs]
122.736: Total time for which application threads were stopped: 0.0045453 seconds, Stopping threads took: 0.0000184 seconds
122.799: [GC (Allocation Failure)  742735K->432017K(1033216K), 0.0064308 secs]
122.806: Total time for which application threads were stopped: 0.0065661 seconds, Stopping threads took: 0.0000192 seconds
122.871: [GC (Allocation Failure)  750481K->431985K(1033216K), 0.0044839 secs]
122.876: Total time for which application threads were stopped: 0.0046631 seconds, Stopping threads took: 0.0000227 seconds
122.940: [GC (Allocation Failure)  750449K->432233K(1033216K), 0.0044679 secs]
122.944: Total time for which application threads were stopped: 0.0045919 seconds, Stopping threads took: 0.0000168 seconds
123.007: [GC (Allocation Failure)  750697K->440011K(1033216K), 0.0053718 secs]
123.013: Total time for which application threads were stopped: 0.0055094 seconds, Stopping threads took: 0.0000229 seconds
123.075: [GC (Allocation Failure)  758475K->434089K(1033216K), 0.0024528 secs]
123.078: Total time for which application threads were stopped: 0.0025729 seconds, Stopping threads took: 0.0000161 seconds
123.141: [GC (Allocation Failure)  752553K->440203K(1034240K), 0.0045205 secs]
123.145: Total time for which application threads were stopped: 0.0046705 seconds, Stopping threads took: 0.0000196 seconds
123.208: [GC (Allocation Failure)  759691K->444115K(1033216K), 0.0049610 secs]
123.213: Total time for which application threads were stopped: 0.0050935 seconds, Stopping threads took: 0.0000184 seconds
123.276: [GC (Allocation Failure)  763603K->448657K(1030656K), 0.0065358 secs]
123.282: Total time for which application threads were stopped: 0.0066796 seconds, Stopping threads took: 0.0000272 seconds
123.343: [GC (Allocation Failure)  765073K->444211K(1032192K), 0.0043979 secs]
123.347: Total time for which application threads were stopped: 0.0045399 seconds, Stopping threads took: 0.0000265 seconds
123.410: [GC (Allocation Failure)  760627K->444147K(1032704K), 0.0043603 secs]
123.414: Total time for which application threads were stopped: 0.0044825 seconds, Stopping threads took: 0.0000170 seconds
123.477: [GC (Allocation Failure)  761587K->447691K(1032704K), 0.0053485 secs]
123.483: Total time for which application threads were stopped: 0.0054936 seconds, Stopping threads took: 0.0000278 seconds
123.544: [GC (Allocation Failure)  765131K->452206K(1033216K), 0.0045739 secs]
123.549: Total time for which application threads were stopped: 0.0047172 seconds, Stopping threads took: 0.0000239 seconds
123.610: [GC (Allocation Failure)  770670K->452206K(1033216K), 0.0044510 secs]
123.615: Total time for which application threads were stopped: 0.0045870 seconds, Stopping threads took: 0.0000174 seconds
123.675: [GC (Allocation Failure)  770670K->454886K(1033728K), 0.0050640 secs]
123.680: Total time for which application threads were stopped: 0.0052179 seconds, Stopping threads took: 0.0000193 seconds
123.745: [GC (Allocation Failure)  774374K->460264K(1033728K), 0.0044214 secs]
123.749: Total time for which application threads were stopped: 0.0045655 seconds, Stopping threads took: 0.0000261 seconds
123.813: [GC (Allocation Failure)  779752K->460200K(1034240K), 0.0044458 secs]
123.818: Total time for which application threads were stopped: 0.0045895 seconds, Stopping threads took: 0.0000199 seconds
123.884: [GC (Allocation Failure)  780200K->462632K(1033728K), 0.0047692 secs]
123.889: Total time for which application threads were stopped: 0.0049140 seconds, Stopping threads took: 0.0000197 seconds
123.954: [GC (Allocation Failure)  782632K->468298K(1034240K), 0.0045630 secs]
123.959: Total time for which application threads were stopped: 0.0046908 seconds, Stopping threads took: 0.0000168 seconds
124.024: [GC (Allocation Failure)  788810K->468234K(1034240K), 0.0044033 secs]
124.028: Total time for which application threads were stopped: 0.0045573 seconds, Stopping threads took: 0.0000259 seconds
124.091: [GC (Allocation Failure)  788746K->468298K(1034240K), 0.0045090 secs]
124.095: Total time for which application threads were stopped: 0.0046501 seconds, Stopping threads took: 0.0000183 seconds
124.159: [GC (Allocation Failure)  788810K->476364K(1034240K), 0.0043140 secs]
124.163: Total time for which application threads were stopped: 0.0044604 seconds, Stopping threads took: 0.0000276 seconds
124.227: [GC (Allocation Failure)  796876K->476268K(1034240K), 0.0045092 secs]
124.232: Total time for which application threads were stopped: 0.0046444 seconds, Stopping threads took: 0.0000240 seconds
124.296: [GC (Allocation Failure)  796780K->478564K(1034240K), 0.0049389 secs]
124.301: Total time for which application threads were stopped: 0.0050827 seconds, Stopping threads took: 0.0000257 seconds
124.364: [GC (Allocation Failure)  799076K->484359K(1034240K), 0.0042485 secs]
124.369: Total time for which application threads were stopped: 0.0043833 seconds, Stopping threads took: 0.0000242 seconds
124.433: [GC (Allocation Failure)  804871K->484295K(1034240K), 0.0043071 secs]
124.438: Total time for which application threads were stopped: 0.0044329 seconds, Stopping threads took: 0.0000172 seconds
124.500: [GC (Allocation Failure)  804807K->484743K(1034240K), 0.0046272 secs]
124.505: Total time for which application threads were stopped: 0.0047557 seconds, Stopping threads took: 0.0000182 seconds
124.568: [GC (Allocation Failure)  805255K->492329K(1034240K), 0.0043799 secs]
124.572: Total time for which application threads were stopped: 0.0045236 seconds, Stopping threads took: 0.0000238 seconds
124.636: [GC (Allocation Failure)  812841K->492329K(1034240K), 0.0045445 secs]
124.640: Total time for which application threads were stopped: 0.0046744 seconds, Stopping threads took: 0.0000175 seconds
124.703: [GC (Allocation Failure)  812841K->495049K(1034240K), 0.0049588 secs]
124.708: Total time for which application threads were stopped: 0.0051227 seconds, Stopping threads took: 0.0000248 seconds
124.774: [GC (Allocation Failure)  815561K->500363K(1034240K), 0.0044358 secs]
124.778: Total time for which application threads were stopped: 0.0045526 seconds, Stopping threads took: 0.0000151 seconds
124.844: [GC (Allocation Failure)  820875K->500363K(1034240K), 0.0053004 secs]
124.850: Total time for which application threads were stopped: 0.0054380 seconds, Stopping threads took: 0.0000143 seconds
124.917: [GC (Allocation Failure)  820875K->501259K(1034240K), 0.0048411 secs]
124.922: Total time for which application threads were stopped: 0.0049957 seconds, Stopping threads took: 0.0000169 seconds
124.988: [GC (Allocation Failure)  821771K->508429K(1034240K), 0.0045100 secs]
124.993: Total time for which application threads were stopped: 0.0046422 seconds, Stopping threads took: 0.0000196 seconds
125.059: [GC (Allocation Failure)  828941K->508429K(1034240K), 0.0046307 secs]
125.063: Total time for which application threads were stopped: 0.0047705 seconds, Stopping threads took: 0.0000179 seconds
125.126: [GC (Allocation Failure)  828941K->511525K(1034240K), 0.0053239 secs]
125.131: Total time for which application threads were stopped: 0.0054572 seconds, Stopping threads took: 0.0000179 seconds
125.195: [GC (Allocation Failure)  832037K->516520K(1033728K), 0.0045033 secs]
125.200: Total time for which application threads were stopped: 0.0046316 seconds, Stopping threads took: 0.0000179 seconds
125.264: [GC (Allocation Failure)  837032K->516424K(1034240K), 0.0044843 secs]
125.268: Total time for which application threads were stopped: 0.0046147 seconds, Stopping threads took: 0.0000186 seconds
125.333: [GC (Allocation Failure)  836936K->517736K(1033728K), 0.0047729 secs]
125.338: Total time for which application threads were stopped: 0.0049145 seconds, Stopping threads took: 0.0000267 seconds
125.403: [GC (Allocation Failure)  838248K->524490K(1034240K), 0.0046027 secs]
125.408: Total time for which application threads were stopped: 0.0047436 seconds, Stopping threads took: 0.0000212 seconds
125.471: [GC (Allocation Failure)  845002K->524458K(1034240K), 0.0047102 secs]
125.476: Total time for which application threads were stopped: 0.0048745 seconds, Stopping threads took: 0.0000201 seconds
125.540: [GC (Allocation Failure)  844970K->527978K(1034240K), 0.0058050 secs]
125.546: Total time for which application threads were stopped: 0.0059480 seconds, Stopping threads took: 0.0000246 seconds
125.612: [GC (Allocation Failure)  848490K->532492K(1034752K), 0.0045561 secs]
125.617: Total time for which application threads were stopped: 0.0047054 seconds, Stopping threads took: 0.0000227 seconds
125.682: [GC (Allocation Failure)  854028K->532524K(1034752K), 0.0045421 secs]
125.686: Total time for which application threads were stopped: 0.0046749 seconds, Stopping threads took: 0.0000192 seconds
125.747: [GC (Allocation Failure)  854060K->536236K(1035264K), 0.0055594 secs]
125.752: Total time for which application threads were stopped: 0.0056964 seconds, Stopping threads took: 0.0000154 seconds
125.817: [GC (Allocation Failure)  858284K->540591K(1034752K), 0.0105493 secs]
125.827: Total time for which application threads were stopped: 0.0107433 seconds, Stopping threads took: 0.0000191 seconds
125.895: [GC (Allocation Failure)  862639K->540527K(1035264K), 0.0046891 secs]
125.900: Total time for which application threads were stopped: 0.0048805 seconds, Stopping threads took: 0.0000200 seconds
125.967: [GC (Allocation Failure)  862575K->542919K(1034752K), 0.0050241 secs]
125.972: Total time for which application threads were stopped: 0.0051867 seconds, Stopping threads took: 0.0000198 seconds
126.040: [GC (Allocation Failure)  864967K->548553K(1035264K), 0.0047247 secs]
126.045: Total time for which application threads were stopped: 0.0048882 seconds, Stopping threads took: 0.0000196 seconds
126.108: [GC (Allocation Failure)  871113K->548553K(1035264K), 0.0046522 secs]
126.113: Total time for which application threads were stopped: 0.0047874 seconds, Stopping threads took: 0.0000190 seconds
126.176: [GC (Allocation Failure)  871113K->550665K(1035264K), 0.0048848 secs]
126.181: Total time for which application threads were stopped: 0.0050355 seconds, Stopping threads took: 0.0000190 seconds
126.247: [GC (Allocation Failure)  873225K->556683K(1030144K), 0.0047102 secs]
126.252: Total time for which application threads were stopped: 0.0048428 seconds, Stopping threads took: 0.0000185 seconds
126.317: [GC (Allocation Failure)  879243K->556587K(1034752K), 0.0045309 secs]
126.322: Total time for which application threads were stopped: 0.0046617 seconds, Stopping threads took: 0.0000177 seconds
126.384: [GC (Allocation Failure)  878123K->557891K(1034752K), 0.0050749 secs]
126.389: Total time for which application threads were stopped: 0.0052441 seconds, Stopping threads took: 0.0000211 seconds
126.451: [GC (Allocation Failure)  879427K->564645K(1034752K), 0.0046793 secs]
126.455: Total time for which application threads were stopped: 0.0048083 seconds, Stopping threads took: 0.0000184 seconds
126.517: [GC (Allocation Failure)  886181K->564613K(1034752K), 0.0048395 secs]
126.522: Total time for which application threads were stopped: 0.0049703 seconds, Stopping threads took: 0.0000174 seconds
126.584: [GC (Allocation Failure)  886149K->567141K(1034752K), 0.0052020 secs]
126.589: Total time for which application threads were stopped: 0.0053349 seconds, Stopping threads took: 0.0000181 seconds
126.653: [GC (Allocation Failure)  888677K->572712K(1034752K), 0.0047979 secs]
126.658: Total time for which application threads were stopped: 0.0049439 seconds, Stopping threads took: 0.0000242 seconds
126.721: [GC (Allocation Failure)  894248K->572648K(1034752K), 0.0046803 secs]
126.726: Total time for which application threads were stopped: 0.0048132 seconds, Stopping threads took: 0.0000183 seconds
126.788: [GC (Allocation Failure)  894184K->576296K(1034752K), 0.0073374 secs]
126.796: Total time for which application threads were stopped: 0.0074976 seconds, Stopping threads took: 0.0000251 seconds
126.863: [GC (Allocation Failure)  897832K->580810K(1035264K), 0.0047339 secs]
126.868: Total time for which application threads were stopped: 0.0049065 seconds, Stopping threads took: 0.0000200 seconds
126.934: [GC (Allocation Failure)  903370K->580682K(1035264K), 0.0047800 secs]
126.939: Total time for which application threads were stopped: 0.0049697 seconds, Stopping threads took: 0.0000212 seconds
127.006: [GC (Allocation Failure)  903242K->583530K(1035264K), 0.0054281 secs]
127.011: Total time for which application threads were stopped: 0.0055596 seconds, Stopping threads took: 0.0000168 seconds
127.075: [GC (Allocation Failure)  906090K->588780K(1035264K), 0.0047340 secs]
127.080: Total time for which application threads were stopped: 0.0048903 seconds, Stopping threads took: 0.0000186 seconds
127.146: [GC (Allocation Failure)  911340K->588716K(1035264K), 0.0045832 secs]
127.151: Total time for which application threads were stopped: 0.0047262 seconds, Stopping threads took: 0.0000187 seconds
127.214: [GC (Allocation Failure)  911276K->591756K(1035264K), 0.0053635 secs]
127.220: Total time for which application threads were stopped: 0.0055346 seconds, Stopping threads took: 0.0000239 seconds
127.286: [GC (Allocation Failure)  914316K->596718K(1035264K), 0.0047383 secs]
127.290: Total time for which application threads were stopped: 0.0048966 seconds, Stopping threads took: 0.0000246 seconds
127.355: [GC (Allocation Failure)  919278K->596750K(1035264K), 0.0048271 secs]
127.360: Total time for which application threads were stopped: 0.0049774 seconds, Stopping threads took: 0.0000198 seconds
127.424: [GC (Allocation Failure)  919310K->600006K(1035264K), 0.0055968 secs]
127.429: Total time for which application threads were stopped: 0.0057532 seconds, Stopping threads took: 0.0000242 seconds
127.495: [GC (Allocation Failure)  922566K->604777K(1035264K), 0.0048656 secs]
127.500: Total time for which application threads were stopped: 0.0050283 seconds, Stopping threads took: 0.0000203 seconds
127.567: [GC (Allocation Failure)  927337K->604777K(1035264K), 0.0047861 secs]
127.572: Total time for which application threads were stopped: 0.0049367 seconds, Stopping threads took: 0.0000192 seconds
127.634: [GC (Allocation Failure)  927337K->608201K(1035264K), 0.0056370 secs]
127.640: Total time for which application threads were stopped: 0.0057683 seconds, Stopping threads took: 0.0000155 seconds
127.705: [GC (Allocation Failure)  930761K->612939K(1035264K), 0.0046729 secs]
127.710: Total time for which application threads were stopped: 0.0048044 seconds, Stopping threads took: 0.0000242 seconds
127.774: [GC (Allocation Failure)  935499K->612843K(1035264K), 0.0048113 secs]
127.778: Total time for which application threads were stopped: 0.0049438 seconds, Stopping threads took: 0.0000183 seconds
127.844: [GC (Allocation Failure)  935403K->608425K(1035776K), 0.0032134 secs]
127.847: Total time for which application threads were stopped: 0.0033889 seconds, Stopping threads took: 0.0000216 seconds
127.914: [GC (Allocation Failure)  931497K->612907K(1035264K), 0.0049401 secs]
127.919: Total time for which application threads were stopped: 0.0051163 seconds, Stopping threads took: 0.0000192 seconds
127.982: [GC (Allocation Failure)  935979K->612811K(1035776K), 0.0048504 secs]
127.987: Total time for which application threads were stopped: 0.0050033 seconds, Stopping threads took: 0.0000236 seconds
128.050: [GC (Allocation Failure)  936395K->614729K(1033216K), 0.0055978 secs]
128.055: Total time for which application threads were stopped: 0.0057241 seconds, Stopping threads took: 0.0000185 seconds
128.120: [GC (Allocation Failure)  938313K->612875K(1035264K), 0.0046443 secs]
128.125: Total time for which application threads were stopped: 0.0047938 seconds, Stopping threads took: 0.0000242 seconds
128.190: [GC (Allocation Failure)  934923K->612811K(1034752K), 0.0047236 secs]
128.195: Total time for which application threads were stopped: 0.0048521 seconds, Stopping threads took: 0.0000169 seconds
128.258: [GC (Allocation Failure)  934859K->619017K(1031168K), 0.0074949 secs]
128.266: Total time for which application threads were stopped: 0.0076378 seconds, Stopping threads took: 0.0000179 seconds
128.331: [GC (Allocation Failure)  937481K->613995K(1033216K), 0.0049032 secs]
128.336: Total time for which application threads were stopped: 0.0050451 seconds, Stopping threads took: 0.0000268 seconds
128.398: [GC (Allocation Failure)  932459K->613771K(1034752K), 0.0047037 secs]
128.403: Total time for which application threads were stopped: 0.0048589 seconds, Stopping threads took: 0.0000233 seconds
128.468: [GC (Allocation Failure)  934283K->614089K(1033728K), 0.0049983 secs]
128.473: Total time for which application threads were stopped: 0.0051423 seconds, Stopping threads took: 0.0000270 seconds
128.536: [GC (Allocation Failure)  934601K->613963K(1035264K), 0.0046575 secs]
128.541: Total time for which application threads were stopped: 0.0048017 seconds, Stopping threads took: 0.0000185 seconds
128.605: [GC (Allocation Failure)  936011K->613771K(1034752K), 0.0047133 secs]
128.610: Total time for which application threads were stopped: 0.0048472 seconds, Stopping threads took: 0.0000186 seconds
128.673: [GC (Allocation Failure)  935819K->615273K(1035776K), 0.0055037 secs]
128.679: Total time for which application threads were stopped: 0.0056572 seconds, Stopping threads took: 0.0000271 seconds
128.744: [GC (Allocation Failure)  938857K->613899K(1035776K), 0.0045190 secs]
128.748: Total time for which application threads were stopped: 0.0046593 seconds, Stopping threads took: 0.0000197 seconds
128.813: [GC (Allocation Failure)  937483K->613771K(1036800K), 0.0063793 secs]
128.819: Total time for which application threads were stopped: 0.0065426 seconds, Stopping threads took: 0.0000259 seconds
128.885: [GC (Allocation Failure)  938891K->607817K(1027072K), 0.0028806 secs]
128.888: Total time for which application threads were stopped: 0.0030322 seconds, Stopping threads took: 0.0000190 seconds
128.955: [GC (Allocation Failure)  932937K->613883K(1036288K), 0.0048428 secs]
128.960: Total time for which application threads were stopped: 0.0049966 seconds, Stopping threads took: 0.0000192 seconds
129.028: [GC (Allocation Failure)  937979K->617915K(1035776K), 0.0054042 secs]
129.033: Total time for which application threads were stopped: 0.0056027 seconds, Stopping threads took: 0.0000256 seconds
129.097: [GC (Allocation Failure)  942011K->617915K(1036800K), 0.0048155 secs]
129.102: Total time for which application threads were stopped: 0.0049621 seconds, Stopping threads took: 0.0000196 seconds
129.163: [GC (Allocation Failure)  943035K->617971K(1025024K), 0.0047113 secs]
129.168: Total time for which application threads were stopped: 0.0048453 seconds, Stopping threads took: 0.0000191 seconds
129.231: [GC (Allocation Failure)  943091K->625941K(1035776K), 0.0046817 secs]
129.236: Total time for which application threads were stopped: 0.0048378 seconds, Stopping threads took: 0.0000190 seconds
129.302: [GC (Allocation Failure)  949525K->625941K(1035776K), 0.0046846 secs]
129.307: Total time for which application threads were stopped: 0.0048198 seconds, Stopping threads took: 0.0000189 seconds
129.370: [GC (Allocation Failure)  949525K->626477K(1034752K), 0.0047830 secs]
129.375: Total time for which application threads were stopped: 0.0049277 seconds, Stopping threads took: 0.0000195 seconds
129.438: [GC (Allocation Failure)  949037K->633967K(1035264K), 0.0049031 secs]
129.442: Total time for which application threads were stopped: 0.0050540 seconds, Stopping threads took: 0.0000184 seconds
129.505: [GC (Allocation Failure)  956527K->633967K(1035776K), 0.0047232 secs]
129.510: Total time for which application threads were stopped: 0.0048607 seconds, Stopping threads took: 0.0000188 seconds
129.573: [GC (Allocation Failure)  957039K->634183K(1035264K), 0.0048980 secs]
129.578: Total time for which application threads were stopped: 0.0050254 seconds, Stopping threads took: 0.0000176 seconds
129.641: [GC (Allocation Failure)  957255K->642026K(1034240K), 0.0048358 secs]
129.646: Total time for which application threads were stopped: 0.0049699 seconds, Stopping threads took: 0.0000183 seconds
129.708: [GC (Allocation Failure)  963562K->641994K(1034752K), 0.0047081 secs]
129.713: Total time for which application threads were stopped: 0.0048414 seconds, Stopping threads took: 0.0000191 seconds
129.776: [GC (Allocation Failure)  963530K->642154K(1034240K), 0.0047489 secs]
129.780: Total time for which application threads were stopped: 0.0048764 seconds, Stopping threads took: 0.0000177 seconds
129.847: [GC (Allocation Failure)  963690K->650060K(1034752K), 0.0047701 secs]
129.852: Total time for which application threads were stopped: 0.0049380 seconds, Stopping threads took: 0.0000181 seconds
129.918: [GC (Allocation Failure)  971596K->650028K(1034752K), 0.0048074 secs]
129.923: Total time for which application threads were stopped: 0.0049801 seconds, Stopping threads took: 0.0000208 seconds
129.987: [GC (Allocation Failure)  971564K->650148K(1021440K), 0.0048587 secs]
129.992: Total time for which application threads were stopped: 0.0050314 seconds, Stopping threads took: 0.0000203 seconds
130.059: [GC (Allocation Failure)  971684K->658054K(1034240K), 0.0048672 secs]
130.064: Total time for which application threads were stopped: 0.0050430 seconds, Stopping threads took: 0.0000338 seconds
130.131: [GC (Allocation Failure)  978566K->658054K(1034240K), 0.0049326 secs]
130.136: Total time for which application threads were stopped: 0.0051065 seconds, Stopping threads took: 0.0000198 seconds
130.200: [GC (Allocation Failure)  978566K->658414K(1034240K), 0.0049451 secs]
130.205: Total time for which application threads were stopped: 0.0051005 seconds, Stopping threads took: 0.0000203 seconds
130.270: [GC (Allocation Failure)  978926K->666096K(1034240K), 0.0049061 secs]
130.275: Total time for which application threads were stopped: 0.0050379 seconds, Stopping threads took: 0.0000175 seconds
130.338: [GC (Allocation Failure)  986608K->666096K(1034240K), 0.0049100 secs]
130.343: Total time for which application threads were stopped: 0.0050440 seconds, Stopping threads took: 0.0000191 seconds
130.407: [GC (Allocation Failure)  986608K->666568K(1020416K), 0.0057335 secs]
130.412: Total time for which application threads were stopped: 0.0058900 seconds, Stopping threads took: 0.0000245 seconds
130.477: [GC (Allocation Failure)  987080K->674091K(1033728K), 0.0058797 secs]
130.483: Total time for which application threads were stopped: 0.0060348 seconds, Stopping threads took: 0.0000241 seconds
130.546: [GC (Allocation Failure)  993579K->674091K(1033728K), 0.0055789 secs]
130.552: Total time for which application threads were stopped: 0.0057266 seconds, Stopping threads took: 0.0000168 seconds
130.615: [GC (Allocation Failure)  993579K->674315K(1033728K), 0.0059420 secs]
130.625: Total time for which application threads were stopped: 0.0104922 seconds, Stopping threads took: 0.0000245 seconds
130.689: [GC (Allocation Failure)  993803K->682157K(1033728K), 0.0048453 secs]
130.693: Total time for which application threads were stopped: 0.0049912 seconds, Stopping threads took: 0.0000185 seconds
130.757: [GC (Allocation Failure)  1001645K->682189K(1033728K), 0.0047520 secs]
130.762: Total time for which application threads were stopped: 0.0048906 seconds, Stopping threads took: 0.0000185 seconds
130.825: [GC (Allocation Failure)  1001677K->682285K(1033728K), 0.0058197 secs]
130.831: [Full GC (Ergonomics)  682285K->8625K(1033728K), 0.0153595 secs]
130.846: Total time for which application threads were stopped: 0.0214500 seconds, Stopping threads took: 0.0000235 seconds
130.912: [GC (Allocation Failure)  328113K->16851K(1032704K), 0.0037674 secs]
130.916: Total time for which application threads were stopped: 0.0039301 seconds, Stopping threads took: 0.0000196 seconds
130.981: [GC (Allocation Failure)  335315K->16851K(1033216K), 0.0033603 secs]
130.984: Total time for which application threads were stopped: 0.0035148 seconds, Stopping threads took: 0.0000171 seconds
131.045: [GC (Allocation Failure)  335315K->16907K(1033216K), 0.0036073 secs]
131.049: Total time for which application threads were stopped: 0.0037368 seconds, Stopping threads took: 0.0000182 seconds
131.112: [GC (Allocation Failure)  335371K->24877K(1033216K), 0.0036896 secs]
131.115: Total time for which application threads were stopped: 0.0038226 seconds, Stopping threads took: 0.0000189 seconds
131.176: [GC (Allocation Failure)  343341K->24845K(1033216K), 0.0035795 secs]
131.180: Total time for which application threads were stopped: 0.0037100 seconds, Stopping threads took: 0.0000183 seconds
131.240: [GC (Allocation Failure)  343309K->25197K(1033216K), 0.0036549 secs]
131.244: Total time for which application threads were stopped: 0.0037926 seconds, Stopping threads took: 0.0000260 seconds
131.307: [GC (Allocation Failure)  343661K->32911K(1033216K), 0.0067788 secs]
131.314: Total time for which application threads were stopped: 0.0069479 seconds, Stopping threads took: 0.0000163 seconds
131.375: [GC (Allocation Failure)  351375K->26797K(1033216K), 0.0018369 secs]
131.377: Total time for which application threads were stopped: 0.0019522 seconds, Stopping threads took: 0.0000162 seconds
131.438: [GC (Allocation Failure)  345261K->33143K(1034240K), 0.0034025 secs]
131.441: Total time for which application threads were stopped: 0.0035156 seconds, Stopping threads took: 0.0000190 seconds
131.507: [GC (Allocation Failure)  353143K->37063K(1033728K), 0.0041473 secs]
131.511: Total time for which application threads were stopped: 0.0042814 seconds, Stopping threads took: 0.0000262 seconds
131.572: [GC (Allocation Failure)  357063K->42437K(1030144K), 0.0062126 secs]
131.578: Total time for which application threads were stopped: 0.0063798 seconds, Stopping threads took: 0.0000240 seconds
131.643: [GC (Allocation Failure)  358853K->37223K(1032192K), 0.0036081 secs]
131.647: Total time for which application threads were stopped: 0.0037679 seconds, Stopping threads took: 0.0000250 seconds
131.708: [GC (Allocation Failure)  353639K->37063K(1032704K), 0.0036503 secs]
131.712: Total time for which application threads were stopped: 0.0037814 seconds, Stopping threads took: 0.0000192 seconds
131.774: [GC (Allocation Failure)  353991K->40967K(1032192K), 0.0045655 secs]
131.779: Total time for which application threads were stopped: 0.0047149 seconds, Stopping threads took: 0.0000240 seconds
131.845: [GC (Allocation Failure)  357895K->45162K(1033216K), 0.0035964 secs]
131.848: Total time for which application threads were stopped: 0.0037386 seconds, Stopping threads took: 0.0000196 seconds
131.910: [GC (Allocation Failure)  363626K->45098K(1033216K), 0.0036203 secs]
131.914: Total time for which application threads were stopped: 0.0037464 seconds, Stopping threads took: 0.0000172 seconds
131.974: [GC (Allocation Failure)  363562K->47626K(1033728K), 0.0041738 secs]
131.979: Total time for which application threads were stopped: 0.0043052 seconds, Stopping threads took: 0.0000186 seconds
132.042: [GC (Allocation Failure)  367114K->53164K(1033728K), 0.0036106 secs]
132.046: Total time for which application threads were stopped: 0.0037422 seconds, Stopping threads took: 0.0000187 seconds
132.111: [GC (Allocation Failure)  372652K->53164K(1034240K), 0.0037296 secs]
132.114: Total time for which application threads were stopped: 0.0038603 seconds, Stopping threads took: 0.0000179 seconds
132.179: [GC (Allocation Failure)  373164K->55404K(1033728K), 0.0040020 secs]
132.183: Total time for which application threads were stopped: 0.0041387 seconds, Stopping threads took: 0.0000181 seconds
132.248: [GC (Allocation Failure)  375404K->61198K(1034240K), 0.0036149 secs]
132.251: Total time for which application threads were stopped: 0.0037883 seconds, Stopping threads took: 0.0000195 seconds
132.316: [GC (Allocation Failure)  381710K->61166K(1034240K), 0.0037370 secs]
132.320: Total time for which application threads were stopped: 0.0038875 seconds, Stopping threads took: 0.0000247 seconds
132.382: [GC (Allocation Failure)  381678K->65134K(1034752K), 0.0045644 secs]
132.387: Total time for which application threads were stopped: 0.0047187 seconds, Stopping threads took: 0.0000198 seconds
132.452: [GC (Allocation Failure)  386158K->69232K(1034240K), 0.0036761 secs]
132.456: Total time for which application threads were stopped: 0.0038055 seconds, Stopping threads took: 0.0000187 seconds
132.519: [GC (Allocation Failure)  390256K->69200K(1034752K), 0.0035313 secs]
132.522: Total time for which application threads were stopped: 0.0036715 seconds, Stopping threads took: 0.0000188 seconds
132.585: [GC (Allocation Failure)  390736K->69256K(1021440K), 0.0037002 secs]
132.589: Total time for which application threads were stopped: 0.0038403 seconds, Stopping threads took: 0.0000207 seconds
132.653: [GC (Allocation Failure)  390792K->77355K(1034240K), 0.0038161 secs]
132.657: Total time for which application threads were stopped: 0.0039585 seconds, Stopping threads took: 0.0000198 seconds
132.721: [GC (Allocation Failure)  397867K->77227K(1034240K), 0.0034981 secs]
132.725: Total time for which application threads were stopped: 0.0036295 seconds, Stopping threads took: 0.0000186 seconds
132.789: [GC (Allocation Failure)  397739K->80555K(1034752K), 0.0044862 secs]
132.794: Total time for which application threads were stopped: 0.0046182 seconds, Stopping threads took: 0.0000186 seconds
132.862: [GC (Allocation Failure)  402091K->85325K(1034752K), 0.0037794 secs]
132.866: Total time for which application threads were stopped: 0.0039480 seconds, Stopping threads took: 0.0000194 seconds
132.932: [GC (Allocation Failure)  406861K->85293K(1034752K), 0.0036859 secs]
132.936: Total time for which application threads were stopped: 0.0038535 seconds, Stopping threads took: 0.0000197 seconds
133.000: [GC (Allocation Failure)  406829K->85741K(1021440K), 0.0037613 secs]
133.004: Total time for which application threads were stopped: 0.0038966 seconds, Stopping threads took: 0.0000199 seconds
133.071: [GC (Allocation Failure)  407277K->93295K(1034240K), 0.0036739 secs]
133.075: Total time for which application threads were stopped: 0.0038259 seconds, Stopping threads took: 0.0000324 seconds
133.139: [GC (Allocation Failure)  413807K->93327K(1034240K), 0.0035365 secs]
133.142: Total time for which application threads were stopped: 0.0036692 seconds, Stopping threads took: 0.0000186 seconds
133.204: [GC (Allocation Failure)  413839K->97031K(1034752K), 0.0047143 secs]
133.209: Total time for which application threads were stopped: 0.0048547 seconds, Stopping threads took: 0.0000264 seconds
133.273: [GC (Allocation Failure)  418567K->101354K(1034752K), 0.0037266 secs]
133.277: Total time for which application threads were stopped: 0.0038545 seconds, Stopping threads took: 0.0000183 seconds
133.340: [GC (Allocation Failure)  422890K->101322K(1034752K), 0.0037456 secs]
133.343: Total time for which application threads were stopped: 0.0038852 seconds, Stopping threads took: 0.0000186 seconds
133.404: [GC (Allocation Failure)  422858K->102218K(1034752K), 0.0037950 secs]
133.408: Total time for which application threads were stopped: 0.0039334 seconds, Stopping threads took: 0.0000247 seconds
133.472: [GC (Allocation Failure)  423754K->109388K(1034752K), 0.0038554 secs]
133.476: Total time for which application threads were stopped: 0.0039968 seconds, Stopping threads took: 0.0000185 seconds
133.538: [GC (Allocation Failure)  430924K->109388K(1034752K), 0.0037188 secs]
133.542: Total time for which application threads were stopped: 0.0038554 seconds, Stopping threads took: 0.0000198 seconds
133.604: [GC (Allocation Failure)  430924K->111500K(1034752K), 0.0041272 secs]
133.609: Total time for which application threads were stopped: 0.0042648 seconds, Stopping threads took: 0.0000260 seconds
133.675: [GC (Allocation Failure)  433036K->117486K(1034752K), 0.0038956 secs]
133.679: Total time for which application threads were stopped: 0.0040319 seconds, Stopping threads took: 0.0000263 seconds
133.741: [GC (Allocation Failure)  439022K->117390K(1034752K), 0.0036316 secs]
133.745: Total time for which application threads were stopped: 0.0037761 seconds, Stopping threads took: 0.0000240 seconds
133.806: [GC (Allocation Failure)  438926K->120742K(1034752K), 0.0044629 secs]
133.811: Total time for which application threads were stopped: 0.0045956 seconds, Stopping threads took: 0.0000252 seconds
133.877: [GC (Allocation Failure)  442278K->125480K(1034752K), 0.0040615 secs]
133.881: Total time for which application threads were stopped: 0.0042231 seconds, Stopping threads took: 0.0000173 seconds
133.948: [GC (Allocation Failure)  447016K->125416K(1034752K), 0.0038056 secs]
133.952: Total time for which application threads were stopped: 0.0039676 seconds, Stopping threads took: 0.0000201 seconds
134.016: [GC (Allocation Failure)  446952K->125896K(1034752K), 0.0038359 secs]
134.020: Total time for which application threads were stopped: 0.0039852 seconds, Stopping threads took: 0.0000196 seconds
134.083: [GC (Allocation Failure)  447432K->133483K(1034752K), 0.0038335 secs]
134.087: Total time for which application threads were stopped: 0.0039621 seconds, Stopping threads took: 0.0000176 seconds
134.152: [GC (Allocation Failure)  455019K->133451K(1034752K), 0.0037148 secs]
134.156: Total time for which application threads were stopped: 0.0038577 seconds, Stopping threads took: 0.0000269 seconds
134.217: [GC (Allocation Failure)  454987K->135147K(1034752K), 0.0040296 secs]
134.221: Total time for which application threads were stopped: 0.0041727 seconds, Stopping threads took: 0.0000197 seconds
134.284: [GC (Allocation Failure)  456683K->141485K(1034752K), 0.0037919 secs]
134.288: Total time for which application threads were stopped: 0.0039449 seconds, Stopping threads took: 0.0000241 seconds
134.352: [GC (Allocation Failure)  463021K->141517K(1034752K), 0.0037494 secs]
134.356: Total time for which application threads were stopped: 0.0038834 seconds, Stopping threads took: 0.0000190 seconds
134.417: [GC (Allocation Failure)  463053K->144429K(1034752K), 0.0064172 secs]
134.423: Total time for which application threads were stopped: 0.0065538 seconds, Stopping threads took: 0.0000198 seconds
134.488: [GC (Allocation Failure)  465965K->149551K(1034752K), 0.0038260 secs]
134.491: Total time for which application threads were stopped: 0.0039806 seconds, Stopping threads took: 0.0000208 seconds
134.555: [GC (Allocation Failure)  471087K->149519K(1034752K), 0.0037524 secs]
134.559: Total time for which application threads were stopped: 0.0039176 seconds, Stopping threads took: 0.0000219 seconds
134.622: [GC (Allocation Failure)  471055K->153671K(1034752K), 0.0048913 secs]
134.627: Total time for which application threads were stopped: 0.0050109 seconds, Stopping threads took: 0.0000156 seconds
134.692: [GC (Allocation Failure)  475207K->157609K(1035264K), 0.0038236 secs]
134.695: Total time for which application threads were stopped: 0.0039623 seconds, Stopping threads took: 0.0000185 seconds
134.762: [GC (Allocation Failure)  480169K->157545K(1035264K), 0.0037766 secs]
134.765: Total time for which application threads were stopped: 0.0039088 seconds, Stopping threads took: 0.0000173 seconds
134.829: [GC (Allocation Failure)  480105K->160873K(1035264K), 0.0058877 secs]
134.835: Total time for which application threads were stopped: 0.0060348 seconds, Stopping threads took: 0.0000228 seconds
134.902: [GC (Allocation Failure)  483433K->165644K(1035264K), 0.0041281 secs]
134.906: Total time for which application threads were stopped: 0.0042979 seconds, Stopping threads took: 0.0000191 seconds
134.971: [GC (Allocation Failure)  488204K->165612K(1035264K), 0.0036489 secs]
134.975: Total time for which application threads were stopped: 0.0037731 seconds, Stopping threads took: 0.0000193 seconds
135.040: [GC (Allocation Failure)  488172K->169132K(1035264K), 0.0047814 secs]
135.045: Total time for which application threads were stopped: 0.0049046 seconds, Stopping threads took: 0.0000163 seconds
135.108: [GC (Allocation Failure)  491692K->173838K(1035264K), 0.0038634 secs]
135.111: Total time for which application threads were stopped: 0.0039935 seconds, Stopping threads took: 0.0000180 seconds
135.176: [GC (Allocation Failure)  496398K->173614K(1035264K), 0.0038846 secs]
135.180: Total time for which application threads were stopped: 0.0040179 seconds, Stopping threads took: 0.0000192 seconds
135.242: [GC (Allocation Failure)  496174K->169292K(1035264K), 0.0023312 secs]
135.244: Total time for which application threads were stopped: 0.0024727 seconds, Stopping threads took: 0.0000189 seconds
135.310: [GC (Allocation Failure)  491852K->173838K(1035264K), 0.0038448 secs]
135.314: Total time for which application threads were stopped: 0.0039786 seconds, Stopping threads took: 0.0000189 seconds
135.376: [GC (Allocation Failure)  496398K->173614K(1035264K), 0.0038572 secs]
135.380: Total time for which application threads were stopped: 0.0039909 seconds, Stopping threads took: 0.0000225 seconds
135.443: [GC (Allocation Failure)  496174K->173580K(1035264K), 0.0040588 secs]
135.447: Total time for which application threads were stopped: 0.0041936 seconds, Stopping threads took: 0.0000193 seconds
135.513: [GC (Allocation Failure)  496140K->173742K(1035776K), 0.0040917 secs]
135.517: Total time for which application threads were stopped: 0.0042456 seconds, Stopping threads took: 0.0000205 seconds
135.583: [GC (Allocation Failure)  497326K->173646K(1035776K), 0.0038816 secs]
135.587: Total time for which application threads were stopped: 0.0040207 seconds, Stopping threads took: 0.0000177 seconds
135.651: [GC (Allocation Failure)  497230K->179892K(1031680K), 0.0068702 secs]
135.658: Total time for which application threads were stopped: 0.0070221 seconds, Stopping threads took: 0.0000265 seconds
135.721: [GC (Allocation Failure)  499380K->175222K(1033728K), 0.0038066 secs]
135.725: Total time for which application threads were stopped: 0.0039439 seconds, Stopping threads took: 0.0000256 seconds
135.788: [GC (Allocation Failure)  494710K->175190K(1034752K), 0.0037500 secs]
135.792: Total time for which application threads were stopped: 0.0038974 seconds, Stopping threads took: 0.0000238 seconds
135.858: [GC (Allocation Failure)  496214K->178068K(1034240K), 0.0051049 secs]
135.863: Total time for which application threads were stopped: 0.0052666 seconds, Stopping threads took: 0.0000192 seconds
135.929: [GC (Allocation Failure)  499092K->175190K(1034752K), 0.0038457 secs]
135.933: Total time for which application threads were stopped: 0.0039834 seconds, Stopping threads took: 0.0000269 seconds
135.998: [GC (Allocation Failure)  496214K->175190K(1034240K), 0.0038101 secs]
136.002: Total time for which application threads were stopped: 0.0039349 seconds, Stopping threads took: 0.0000175 seconds
136.063: [GC (Allocation Failure)  496214K->177812K(1034240K), 0.0050273 secs]
136.068: Total time for which application threads were stopped: 0.0051690 seconds, Stopping threads took: 0.0000244 seconds
136.131: [GC (Allocation Failure)  499348K->175382K(1034752K), 0.0039413 secs]
136.135: Total time for which application threads were stopped: 0.0040860 seconds, Stopping threads took: 0.0000242 seconds
136.201: [GC (Allocation Failure)  496918K->175158K(1035776K), 0.0039054 secs]
136.205: Total time for which application threads were stopped: 0.0040473 seconds, Stopping threads took: 0.0000236 seconds
136.266: [GC (Allocation Failure)  498230K->180492K(1035264K), 0.0063977 secs]
136.273: Total time for which application threads were stopped: 0.0065244 seconds, Stopping threads took: 0.0000179 seconds
136.335: [GC (Allocation Failure)  503564K->175950K(1034240K), 0.0038508 secs]
136.339: Total time for which application threads were stopped: 0.0039815 seconds, Stopping threads took: 0.0000186 seconds
136.403: [GC (Allocation Failure)  497486K->175726K(1034752K), 0.0040499 secs]
136.407: Total time for which application threads were stopped: 0.0041981 seconds, Stopping threads took: 0.0000265 seconds
136.468: [GC (Allocation Failure)  497262K->183884K(1030144K), 0.0079622 secs]
136.476: Total time for which application threads were stopped: 0.0080940 seconds, Stopping threads took: 0.0000180 seconds
136.538: [GC (Allocation Failure)  501324K->178766K(1032704K), 0.0055478 secs]
136.544: Total time for which application threads were stopped: 0.0056955 seconds, Stopping threads took: 0.0000182 seconds
136.608: [GC (Allocation Failure)  496206K->178670K(1033728K), 0.0038875 secs]
136.612: Total time for which application threads were stopped: 0.0040107 seconds, Stopping threads took: 0.0000168 seconds
136.674: [GC (Allocation Failure)  497646K->177260K(1033216K), 0.0064037 secs]
136.681: Total time for which application threads were stopped: 0.0065344 seconds, Stopping threads took: 0.0000183 seconds
136.745: [GC (Allocation Failure)  496236K->178702K(1034240K), 0.0039672 secs]
136.749: Total time for which application threads were stopped: 0.0041418 seconds, Stopping threads took: 0.0000183 seconds
136.813: [GC (Allocation Failure)  498702K->178638K(1033728K), 0.0038775 secs]
136.817: Total time for which application threads were stopped: 0.0040094 seconds, Stopping threads took: 0.0000241 seconds
136.883: [GC (Allocation Failure)  498638K->172876K(1033216K), 0.0016940 secs]
136.884: Total time for which application threads were stopped: 0.0018378 seconds, Stopping threads took: 0.0000274 seconds
136.950: [GC (Allocation Failure)  492364K->178894K(1033728K), 0.0039915 secs]
136.955: Total time for which application threads were stopped: 0.0041397 seconds, Stopping threads took: 0.0000210 seconds
137.019: [GC (Allocation Failure)  498382K->178638K(1034752K), 0.0037922 secs]
137.022: Total time for which application threads were stopped: 0.0039188 seconds, Stopping threads took: 0.0000179 seconds
137.084: [GC (Allocation Failure)  499662K->181606K(1034240K), 0.0046637 secs]
137.088: Total time for which application threads were stopped: 0.0048263 seconds, Stopping threads took: 0.0000243 seconds
137.152: [GC (Allocation Failure)  502630K->186888K(1034752K), 0.0038886 secs]
137.156: Total time for which application threads were stopped: 0.0040271 seconds, Stopping threads took: 0.0000252 seconds
137.222: [GC (Allocation Failure)  508424K->186696K(1034752K), 0.0039449 secs]
137.226: Total time for which application threads were stopped: 0.0041000 seconds, Stopping threads took: 0.0000233 seconds
137.287: [GC (Allocation Failure)  508232K->190344K(1035264K), 0.0048233 secs]
137.292: Total time for which application threads were stopped: 0.0049764 seconds, Stopping threads took: 0.0000243 seconds
137.357: [GC (Allocation Failure)  512904K->194858K(1035264K), 0.0039062 secs]
137.361: Total time for which application threads were stopped: 0.0040604 seconds, Stopping threads took: 0.0000196 seconds
137.426: [GC (Allocation Failure)  517418K->194698K(1035776K), 0.0038808 secs]
137.430: Total time for which application threads were stopped: 0.0040141 seconds, Stopping threads took: 0.0000190 seconds
137.493: [GC (Allocation Failure)  517770K->191048K(1035264K), 0.0027399 secs]
137.496: Total time for which application threads were stopped: 0.0028741 seconds, Stopping threads took: 0.0000196 seconds
137.561: [GC (Allocation Failure)  514120K->194794K(1035776K), 0.0042486 secs]
137.565: Total time for which application threads were stopped: 0.0043991 seconds, Stopping threads took: 0.0000268 seconds
137.629: [GC (Allocation Failure)  518378K->194730K(1035776K), 0.0037213 secs]
137.632: Total time for which application threads were stopped: 0.0038516 seconds, Stopping threads took: 0.0000178 seconds
137.697: [GC (Allocation Failure)  518314K->197896K(1034240K), 0.0052213 secs]
137.702: Total time for which application threads were stopped: 0.0053406 seconds, Stopping threads took: 0.0000161 seconds
137.766: [GC (Allocation Failure)  520456K->194730K(1035264K), 0.0038596 secs]
137.770: Total time for which application threads were stopped: 0.0039904 seconds, Stopping threads took: 0.0000180 seconds
137.835: [GC (Allocation Failure)  517290K->194698K(1035776K), 0.0059883 secs]
137.841: Total time for which application threads were stopped: 0.0061283 seconds, Stopping threads took: 0.0000178 seconds
137.907: [GC (Allocation Failure)  518282K->186856K(1023488K), 0.0008795 secs]
137.908: Total time for which application threads were stopped: 0.0010048 seconds, Stopping threads took: 0.0000196 seconds
137.978: [GC (Allocation Failure)  510440K->195002K(1035264K), 0.0041673 secs]
137.983: Total time for which application threads were stopped: 0.0043266 seconds, Stopping threads took: 0.0000205 seconds
138.050: [GC (Allocation Failure)  517562K->198850K(1035264K), 0.0056546 secs]
138.055: Total time for which application threads were stopped: 0.0057996 seconds, Stopping threads took: 0.0000205 seconds
138.119: [GC (Allocation Failure)  521410K->194944K(1035776K), 0.0030519 secs]
138.122: Total time for which application threads were stopped: 0.0031862 seconds, Stopping threads took: 0.0000197 seconds
138.186: [GC (Allocation Failure)  518528K->199018K(1035776K), 0.0040027 secs]
138.190: Total time for which application threads were stopped: 0.0041562 seconds, Stopping threads took: 0.0000283 seconds
138.254: [GC (Allocation Failure)  522602K->202986K(1035776K), 0.0039737 secs]
138.258: Total time for which application threads were stopped: 0.0041417 seconds, Stopping threads took: 0.0000233 seconds
138.322: [GC (Allocation Failure)  526570K->202986K(1035776K), 0.0038524 secs]
138.326: Total time for which application threads were stopped: 0.0039815 seconds, Stopping threads took: 0.0000242 seconds
138.388: [GC (Allocation Failure)  526570K->203050K(1034752K), 0.0039294 secs]
138.391: Total time for which application threads were stopped: 0.0040737 seconds, Stopping threads took: 0.0000185 seconds
138.457: [GC (Allocation Failure)  525610K->211021K(1035264K), 0.0039006 secs]
138.461: Total time for which application threads were stopped: 0.0041606 seconds, Stopping threads took: 0.0000170 seconds
138.523: [GC (Allocation Failure)  533581K->211053K(1035264K), 0.0040006 secs]
138.527: Total time for which application threads were stopped: 0.0041400 seconds, Stopping threads took: 0.0000266 seconds
138.591: [GC (Allocation Failure)  533613K->211077K(1022464K), 0.0040658 secs]
138.596: Total time for which application threads were stopped: 0.0041915 seconds, Stopping threads took: 0.0000176 seconds
138.660: [GC (Allocation Failure)  533637K->219079K(1034752K), 0.0039035 secs]
138.664: Total time for which application threads were stopped: 0.0040602 seconds, Stopping threads took: 0.0000263 seconds
138.728: [GC (Allocation Failure)  540615K->219047K(1034752K), 0.0037866 secs]
138.732: Total time for which application threads were stopped: 0.0039435 seconds, Stopping threads took: 0.0000246 seconds
138.795: [GC (Allocation Failure)  540583K->219303K(1034752K), 0.0040129 secs]
138.799: Total time for which application threads were stopped: 0.0041613 seconds, Stopping threads took: 0.0000237 seconds
138.867: [GC (Allocation Failure)  540839K->227049K(1029120K), 0.0042760 secs]
138.871: Total time for which application threads were stopped: 0.0044385 seconds, Stopping threads took: 0.0000196 seconds
138.939: [GC (Allocation Failure)  548585K->227081K(1034752K), 0.0042448 secs]
138.943: Total time for which application threads were stopped: 0.0044145 seconds, Stopping threads took: 0.0000199 seconds
139.009: [GC (Allocation Failure)  548105K->227145K(1034240K), 0.0040754 secs]
139.014: Total time for which application threads were stopped: 0.0042383 seconds, Stopping threads took: 0.0000224 seconds
139.078: [GC (Allocation Failure)  548169K->235116K(1034240K), 0.0039981 secs]
139.082: Total time for which application threads were stopped: 0.0041373 seconds, Stopping threads took: 0.0000268 seconds
139.147: [GC (Allocation Failure)  555628K->235116K(1034240K), 0.0039852 secs]
139.151: Total time for which application threads were stopped: 0.0041171 seconds, Stopping threads took: 0.0000183 seconds
139.213: [GC (Allocation Failure)  555628K->235268K(1033216K), 0.0040101 secs]
139.217: Total time for which application threads were stopped: 0.0041580 seconds, Stopping threads took: 0.0000184 seconds
139.280: [GC (Allocation Failure)  554756K->243142K(1033728K), 0.0040089 secs]
139.284: Total time for which application threads were stopped: 0.0041454 seconds, Stopping threads took: 0.0000205 seconds
139.350: [GC (Allocation Failure)  562630K->243110K(1033728K), 0.0037386 secs]
139.354: Total time for which application threads were stopped: 0.0038697 seconds, Stopping threads took: 0.0000186 seconds
139.415: [GC (Allocation Failure)  562598K->243206K(1033728K), 0.0040912 secs]
139.419: Total time for which application threads were stopped: 0.0042382 seconds, Stopping threads took: 0.0000191 seconds
139.484: [GC (Allocation Failure)  562694K->251176K(1033728K), 0.0040773 secs]
139.488: Total time for which application threads were stopped: 0.0041956 seconds, Stopping threads took: 0.0000156 seconds
139.550: [GC (Allocation Failure)  570664K->251176K(1033728K), 0.0041098 secs]
139.554: Total time for which application threads were stopped: 0.0042496 seconds, Stopping threads took: 0.0000184 seconds
139.615: [GC (Allocation Failure)  570664K->251464K(1033728K), 0.0040303 secs]
139.619: Total time for which application threads were stopped: 0.0041713 seconds, Stopping threads took: 0.0000268 seconds
139.682: [GC (Allocation Failure)  570952K->259242K(1033728K), 0.0040621 secs]
139.686: Total time for which application threads were stopped: 0.0042176 seconds, Stopping threads took: 0.0000233 seconds
139.750: [GC (Allocation Failure)  578730K->255272K(1034240K), 0.0028913 secs]
139.753: Total time for which application threads were stopped: 0.0030382 seconds, Stopping threads took: 0.0000193 seconds
139.819: [GC (Allocation Failure)  575272K->259306K(1033728K), 0.0056729 secs]
139.825: Total time for which application threads were stopped: 0.0058048 seconds, Stopping threads took: 0.0000225 seconds
139.893: [GC (Allocation Failure)  579306K->263338K(1034752K), 0.0042193 secs]
139.897: Total time for which application threads were stopped: 0.0043862 seconds, Stopping threads took: 0.0000200 seconds
139.961: [GC (Allocation Failure)  584874K->257576K(1034752K), 0.0021895 secs]
139.963: Total time for which application threads were stopped: 0.0023217 seconds, Stopping threads took: 0.0000194 seconds
140.029: [GC (Allocation Failure)  579112K->263378K(1035264K), 0.0040710 secs]
140.033: Total time for which application threads were stopped: 0.0042185 seconds, Stopping threads took: 0.0000195 seconds
140.099: [GC (Allocation Failure)  585426K->267490K(1034752K), 0.0044762 secs]
140.104: Total time for which application threads were stopped: 0.0046041 seconds, Stopping threads took: 0.0000152 seconds
140.169: [GC (Allocation Failure)  589277K->263616K(1035776K), 0.0030943 secs]
140.172: Total time for which application threads were stopped: 0.0032257 seconds, Stopping threads took: 0.0000184 seconds
140.236: [GC (Allocation Failure)  586688K->267658K(1035264K), 0.0041053 secs]
140.240: Total time for which application threads were stopped: 0.0042509 seconds, Stopping threads took: 0.0000233 seconds
140.304: [GC (Allocation Failure)  590730K->271658K(1035264K), 0.0063923 secs]
140.310: Total time for which application threads were stopped: 0.0065370 seconds, Stopping threads took: 0.0000255 seconds
140.375: [GC (Allocation Failure)  595242K->271626K(1035776K), 0.0040620 secs]
140.379: Total time for which application threads were stopped: 0.0042110 seconds, Stopping threads took: 0.0000197 seconds
140.443: [GC (Allocation Failure)  595210K->271722K(1034752K), 0.0042960 secs]
140.447: Total time for which application threads were stopped: 0.0044637 seconds, Stopping threads took: 0.0000235 seconds
140.511: [GC (Allocation Failure)  594282K->279661K(1035264K), 0.0038876 secs]
140.515: Total time for which application threads were stopped: 0.0040124 seconds, Stopping threads took: 0.0000185 seconds
140.579: [GC (Allocation Failure)  602221K->279661K(1034240K), 0.0039979 secs]
140.583: Total time for which application threads were stopped: 0.0041236 seconds, Stopping threads took: 0.0000179 seconds
140.645: [GC (Allocation Failure)  601197K->279725K(1034752K), 0.0039663 secs]
140.649: Total time for which application threads were stopped: 0.0040930 seconds, Stopping threads took: 0.0000179 seconds
140.711: [GC (Allocation Failure)  601261K->287727K(1033728K), 0.0041688 secs]
140.715: Total time for which application threads were stopped: 0.0043041 seconds, Stopping threads took: 0.0000254 seconds
140.778: [GC (Allocation Failure)  608239K->287695K(1034240K), 0.0041808 secs]
140.782: Total time for which application threads were stopped: 0.0043153 seconds, Stopping threads took: 0.0000192 seconds
140.846: [GC (Allocation Failure)  608207K->287943K(1034240K), 0.0041998 secs]
140.851: Total time for which application threads were stopped: 0.0043560 seconds, Stopping threads took: 0.0000145 seconds
140.915: [GC (Allocation Failure)  608455K->295785K(1034240K), 0.0042416 secs]
140.919: Total time for which application threads were stopped: 0.0044366 seconds, Stopping threads took: 0.0000202 seconds
140.985: [GC (Allocation Failure)  616297K->295753K(1034240K), 0.0042705 secs]
140.989: Total time for which application threads were stopped: 0.0044033 seconds, Stopping threads took: 0.0000169 seconds
141.054: [GC (Allocation Failure)  616265K->296169K(1020416K), 0.0041234 secs]
141.058: Total time for which application threads were stopped: 0.0042643 seconds, Stopping threads took: 0.0000267 seconds
141.121: [GC (Allocation Failure)  616681K->303787K(1033728K), 0.0041979 secs]
141.125: Total time for which application threads were stopped: 0.0043269 seconds, Stopping threads took: 0.0000183 seconds
141.188: [GC (Allocation Failure)  623275K->303755K(1033728K), 0.0040836 secs]
141.193: Total time for which application threads were stopped: 0.0042321 seconds, Stopping threads took: 0.0000246 seconds
141.253: [GC (Allocation Failure)  623243K->303915K(1033728K), 0.0043693 secs]
141.258: Total time for which application threads were stopped: 0.0045011 seconds, Stopping threads took: 0.0000185 seconds
141.321: [GC (Allocation Failure)  623403K->311790K(1033728K), 0.0040469 secs]
141.325: Total time for which application threads were stopped: 0.0041766 seconds, Stopping threads took: 0.0000257 seconds
141.388: [GC (Allocation Failure)  631276K->307883K(1034240K), 0.0030543 secs]
141.391: Total time for which application threads were stopped: 0.0032003 seconds, Stopping threads took: 0.0000193 seconds
141.456: [GC (Allocation Failure)  627883K->311942K(1033728K), 0.0042549 secs]
141.460: Total time for which application threads were stopped: 0.0043804 seconds, Stopping threads took: 0.0000174 seconds
141.521: [GC (Allocation Failure)  631942K->315910K(1034752K), 0.0042145 secs]
141.526: Total time for which application threads were stopped: 0.0043562 seconds, Stopping threads took: 0.0000179 seconds
141.590: [GC (Allocation Failure)  637446K->310147K(1034752K), 0.0023049 secs]
141.592: Total time for which application threads were stopped: 0.0024347 seconds, Stopping threads took: 0.0000181 seconds
141.656: [GC (Allocation Failure)  631683K->315982K(1035776K), 0.0040563 secs]
141.660: Total time for which application threads were stopped: 0.0041962 seconds, Stopping threads took: 0.0000239 seconds
141.726: [GC (Allocation Failure)  638542K->320054K(1034752K), 0.0046241 secs]
141.730: Total time for which application threads were stopped: 0.0047637 seconds, Stopping threads took: 0.0000174 seconds
141.792: [GC (Allocation Failure)  642351K->316147K(1035776K), 0.0032616 secs]
141.796: Total time for which application threads were stopped: 0.0034109 seconds, Stopping threads took: 0.0000242 seconds
141.864: [GC (Allocation Failure)  639219K->320222K(1035264K), 0.0043952 secs]
141.868: Total time for which application threads were stopped: 0.0045783 seconds, Stopping threads took: 0.0000172 seconds
141.936: [GC (Allocation Failure)  643294K->324190K(1035264K), 0.0042840 secs]
141.940: Total time for which application threads were stopped: 0.0044263 seconds, Stopping threads took: 0.0000172 seconds
142.004: [GC (Allocation Failure)  647774K->324190K(1035776K), 0.0041601 secs]
142.009: Total time for which application threads were stopped: 0.0043003 seconds, Stopping threads took: 0.0000201 seconds
142.071: [GC (Allocation Failure)  647774K->324278K(1034752K), 0.0042220 secs]
142.075: Total time for which application threads were stopped: 0.0043546 seconds, Stopping threads took: 0.0000194 seconds
142.140: [GC (Allocation Failure)  646838K->332184K(1035264K), 0.0042835 secs]
142.145: Total time for which application threads were stopped: 0.0044155 seconds, Stopping threads took: 0.0000189 seconds
142.206: [GC (Allocation Failure)  654744K->332216K(1034240K), 0.0041109 secs]
142.211: Total time for which application threads were stopped: 0.0042503 seconds, Stopping threads took: 0.0000183 seconds
142.276: [GC (Allocation Failure)  653752K->332256K(1034752K), 0.0041479 secs]
142.280: Total time for which application threads were stopped: 0.0042760 seconds, Stopping threads took: 0.0000182 seconds
142.342: [GC (Allocation Failure)  653792K->340258K(1034752K), 0.0042827 secs]
142.347: Total time for which application threads were stopped: 0.0044382 seconds, Stopping threads took: 0.0000188 seconds
142.410: [GC (Allocation Failure)  661794K->340226K(1029120K), 0.0053554 secs]
142.415: Total time for which application threads were stopped: 0.0055055 seconds, Stopping threads took: 0.0000196 seconds
142.480: [GC (Allocation Failure)  661762K->340522K(1034240K), 0.0042962 secs]
142.485: Total time for which application threads were stopped: 0.0044336 seconds, Stopping threads took: 0.0000171 seconds
142.548: [GC (Allocation Failure)  661034K->348268K(1034240K), 0.0041900 secs]
142.552: Total time for which application threads were stopped: 0.0043244 seconds, Stopping threads took: 0.0000191 seconds
142.616: [GC (Allocation Failure)  668780K->348332K(1034240K), 0.0040552 secs]
142.620: Total time for which application threads were stopped: 0.0041864 seconds, Stopping threads took: 0.0000189 seconds
142.683: [GC (Allocation Failure)  668844K->348756K(1034240K), 0.0043437 secs]
142.688: Total time for which application threads were stopped: 0.0044811 seconds, Stopping threads took: 0.0000178 seconds
142.750: [GC (Allocation Failure)  669268K->356375K(1033216K), 0.0043182 secs]
142.754: Total time for which application threads were stopped: 0.0044453 seconds, Stopping threads took: 0.0000181 seconds
142.817: [GC (Allocation Failure)  675863K->356343K(1033728K), 0.0105567 secs]
142.828: Total time for which application threads were stopped: 0.0106987 seconds, Stopping threads took: 0.0000193 seconds
142.892: [GC (Allocation Failure)  675831K->356471K(1033728K), 0.0043491 secs]
142.897: Total time for which application threads were stopped: 0.0045158 seconds, Stopping threads took: 0.0000196 seconds
142.963: [GC (Allocation Failure)  675959K->364377K(1033728K), 0.0057617 secs]
142.968: Total time for which application threads were stopped: 0.0058913 seconds, Stopping threads took: 0.0000202 seconds
143.033: [GC (Allocation Failure)  683865K->364377K(1033728K), 0.0042011 secs]
143.037: Total time for which application threads were stopped: 0.0043363 seconds, Stopping threads took: 0.0000175 seconds
143.101: [GC (Allocation Failure)  683865K->364449K(1033728K), 0.0042637 secs]
143.105: Total time for which application threads were stopped: 0.0043823 seconds, Stopping threads took: 0.0000153 seconds
143.168: [GC (Allocation Failure)  683937K->372419K(1032704K), 0.0043852 secs]
143.173: Total time for which application threads were stopped: 0.0045140 seconds, Stopping threads took: 0.0000181 seconds
143.237: [GC (Allocation Failure)  690883K->366881K(1033216K), 0.0025904 secs]
143.240: Total time for which application threads were stopped: 0.0027290 seconds, Stopping threads took: 0.0000260 seconds
143.303: [GC (Allocation Failure)  685345K->372675K(1034752K), 0.0045036 secs]
143.308: Total time for which application threads were stopped: 0.0046417 seconds, Stopping threads took: 0.0000200 seconds
143.371: [GC (Allocation Failure)  693187K->376563K(1033728K), 0.0042782 secs]
143.376: Total time for which application threads were stopped: 0.0044150 seconds, Stopping threads took: 0.0000187 seconds
143.439: [GC (Allocation Failure)  697075K->383457K(1029120K), 0.0074172 secs]
143.446: Total time for which application threads were stopped: 0.0075557 seconds, Stopping threads took: 0.0000195 seconds
143.510: [GC (Allocation Failure)  698849K->377347K(1031680K), 0.0041931 secs]
143.514: Total time for which application threads were stopped: 0.0043198 seconds, Stopping threads took: 0.0000267 seconds
143.576: [GC (Allocation Failure)  692739K->377219K(1032704K), 0.0043980 secs]
143.581: Total time for which application threads were stopped: 0.0045269 seconds, Stopping threads took: 0.0000185 seconds
143.640: [GC (Allocation Failure)  694147K->380587K(1032192K), 0.0051440 secs]
143.646: Total time for which application threads were stopped: 0.0053182 seconds, Stopping threads took: 0.0000273 seconds
143.708: [GC (Allocation Failure)  697515K->385326K(1033216K), 0.0064545 secs]
143.714: Total time for which application threads were stopped: 0.0065950 seconds, Stopping threads took: 0.0000185 seconds
143.778: [GC (Allocation Failure)  703277K->385262K(1032704K), 0.0043149 secs]
143.782: Total time for which application threads were stopped: 0.0044787 seconds, Stopping threads took: 0.0000230 seconds
143.849: [GC (Allocation Failure)  703213K->386246K(1033216K), 0.0046085 secs]
143.854: Total time for which application threads were stopped: 0.0047668 seconds, Stopping threads took: 0.0000190 seconds
143.921: [GC (Allocation Failure)  704710K->393288K(1033216K), 0.0044347 secs]
143.925: Total time for which application threads were stopped: 0.0046109 seconds, Stopping threads took: 0.0000218 seconds
143.991: [GC (Allocation Failure)  711752K->393288K(1033728K), 0.0044097 secs]
143.995: Total time for which application threads were stopped: 0.0045655 seconds, Stopping threads took: 0.0000281 seconds
144.059: [GC (Allocation Failure)  712264K->394952K(1033216K), 0.0044920 secs]
144.064: Total time for which application threads were stopped: 0.0046179 seconds, Stopping threads took: 0.0000234 seconds
144.128: [GC (Allocation Failure)  713928K->401354K(1033728K), 0.0043324 secs]
144.133: Total time for which application threads were stopped: 0.0044589 seconds, Stopping threads took: 0.0000178 seconds
144.195: [GC (Allocation Failure)  720842K->401290K(1033728K), 0.0044178 secs]
144.199: Total time for which application threads were stopped: 0.0045935 seconds, Stopping threads took: 0.0000236 seconds
144.262: [GC (Allocation Failure)  720778K->401642K(1033728K), 0.0058419 secs]
144.268: Total time for which application threads were stopped: 0.0059789 seconds, Stopping threads took: 0.0000196 seconds
144.332: [GC (Allocation Failure)  721130K->409324K(1033728K), 0.0044087 secs]
144.336: Total time for which application threads were stopped: 0.0045470 seconds, Stopping threads took: 0.0000249 seconds
144.400: [GC (Allocation Failure)  728812K->409324K(1033728K), 0.0041503 secs]
144.404: Total time for which application threads were stopped: 0.0042789 seconds, Stopping threads took: 0.0000193 seconds
144.468: [GC (Allocation Failure)  728812K->412932K(1033728K), 0.0054782 secs]
144.473: Total time for which application threads were stopped: 0.0056129 seconds, Stopping threads took: 0.0000187 seconds
144.537: [GC (Allocation Failure)  732420K->417479K(1034240K), 0.0044828 secs]
144.542: Total time for which application threads were stopped: 0.0046237 seconds, Stopping threads took: 0.0000189 seconds
144.606: [GC (Allocation Failure)  737991K->417351K(1034240K), 0.0043091 secs]
144.610: Total time for which application threads were stopped: 0.0044458 seconds, Stopping threads took: 0.0000203 seconds
144.672: [GC (Allocation Failure)  737863K->418087K(1034240K), 0.0045526 secs]
144.677: Total time for which application threads were stopped: 0.0046952 seconds, Stopping threads took: 0.0000272 seconds
144.742: [GC (Allocation Failure)  738599K->425417K(1034240K), 0.0045082 secs]
144.747: Total time for which application threads were stopped: 0.0046834 seconds, Stopping threads took: 0.0000190 seconds
144.813: [GC (Allocation Failure)  745929K->425385K(1034240K), 0.0041862 secs]
144.817: Total time for which application threads were stopped: 0.0043235 seconds, Stopping threads took: 0.0000258 seconds
144.886: [GC (Allocation Failure)  745897K->426377K(1034240K), 0.0046167 secs]
144.891: Total time for which application threads were stopped: 0.0047884 seconds, Stopping threads took: 0.0000201 seconds
144.958: [GC (Allocation Failure)  746889K->433451K(1034240K), 0.0046546 secs]
144.963: Total time for which application threads were stopped: 0.0048655 seconds, Stopping threads took: 0.0000202 seconds
145.032: [GC (Allocation Failure)  753963K->433387K(1034240K), 0.0046134 secs]
145.037: Total time for which application threads were stopped: 0.0047816 seconds, Stopping threads took: 0.0000190 seconds
145.104: [GC (Allocation Failure)  753899K->434603K(1034240K), 0.0044827 secs]
145.108: Total time for which application threads were stopped: 0.0046323 seconds, Stopping threads took: 0.0000172 seconds
145.178: [GC (Allocation Failure)  755115K->441485K(1034240K), 0.0046915 secs]
145.182: Total time for which application threads were stopped: 0.0048491 seconds, Stopping threads took: 0.0000191 seconds
145.249: [GC (Allocation Failure)  761997K->441453K(1034240K), 0.0046613 secs]
145.254: Total time for which application threads were stopped: 0.0048200 seconds, Stopping threads took: 0.0000203 seconds
145.319: [GC (Allocation Failure)  761965K->441797K(1020416K), 0.0044959 secs]
145.323: Total time for which application threads were stopped: 0.0046572 seconds, Stopping threads took: 0.0000260 seconds
145.389: [GC (Allocation Failure)  762309K->449544K(1033728K), 0.0046162 secs]
145.394: Total time for which application threads were stopped: 0.0047596 seconds, Stopping threads took: 0.0000254 seconds
145.458: [GC (Allocation Failure)  769032K->449512K(1033728K), 0.0044672 secs]
145.463: Total time for which application threads were stopped: 0.0046086 seconds, Stopping threads took: 0.0000189 seconds
145.525: [GC (Allocation Failure)  769000K->450024K(1033728K), 0.0045433 secs]
145.530: Total time for which application threads were stopped: 0.0046783 seconds, Stopping threads took: 0.0000197 seconds
145.593: [GC (Allocation Failure)  769512K->457546K(1033728K), 0.0045041 secs]
145.597: Total time for which application threads were stopped: 0.0046744 seconds, Stopping threads took: 0.0000237 seconds
145.661: [GC (Allocation Failure)  777034K->457514K(1033728K), 0.0043772 secs]
145.665: Total time for which application threads were stopped: 0.0045289 seconds, Stopping threads took: 0.0000236 seconds
145.728: [GC (Allocation Failure)  777002K->458250K(1033728K), 0.0045056 secs]
145.733: Total time for which application threads were stopped: 0.0046387 seconds, Stopping threads took: 0.0000192 seconds
145.796: [GC (Allocation Failure)  777738K->465548K(1033728K), 0.0043249 secs]
145.800: Total time for which application threads were stopped: 0.0044582 seconds, Stopping threads took: 0.0000244 seconds
145.866: [GC (Allocation Failure)  785036K->465548K(1033728K), 0.0045830 secs]
145.871: Total time for which application threads were stopped: 0.0047417 seconds, Stopping threads took: 0.0000199 seconds
145.937: [GC (Allocation Failure)  785036K->467532K(1033728K), 0.0048489 secs]
145.942: Total time for which application threads were stopped: 0.0050434 seconds, Stopping threads took: 0.0000201 seconds
146.011: [GC (Allocation Failure)  787020K->473582K(1033728K), 0.0045727 secs]
146.015: Total time for which application threads were stopped: 0.0047435 seconds, Stopping threads took: 0.0000199 seconds
146.083: [GC (Allocation Failure)  793070K->473550K(1033728K), 0.0045759 secs]
146.087: Total time for which application threads were stopped: 0.0047703 seconds, Stopping threads took: 0.0000223 seconds
146.149: [GC (Allocation Failure)  793038K->474694K(1033728K), 0.0046214 secs]
146.154: Total time for which application threads were stopped: 0.0047721 seconds, Stopping threads took: 0.0000246 seconds
146.217: [GC (Allocation Failure)  794182K->481641K(1033728K), 0.0045708 secs]
146.221: Total time for which application threads were stopped: 0.0047123 seconds, Stopping threads took: 0.0000185 seconds
146.286: [GC (Allocation Failure)  801129K->481609K(1033728K), 0.0043677 secs]
146.291: Total time for which application threads were stopped: 0.0045036 seconds, Stopping threads took: 0.0000181 seconds
146.354: [GC (Allocation Failure)  801097K->481961K(1033728K), 0.0045935 secs]
146.359: Total time for which application threads were stopped: 0.0047408 seconds, Stopping threads took: 0.0000191 seconds
146.422: [GC (Allocation Failure)  801449K->489643K(1033728K), 0.0045112 secs]
146.426: Total time for which application threads were stopped: 0.0046443 seconds, Stopping threads took: 0.0000186 seconds
146.491: [GC (Allocation Failure)  809131K->489675K(1033728K), 0.0044794 secs]
146.495: Total time for which application threads were stopped: 0.0046141 seconds, Stopping threads took: 0.0000191 seconds
146.557: [GC (Allocation Failure)  809163K->490187K(1033728K), 0.0047247 secs]
146.562: Total time for which application threads were stopped: 0.0048701 seconds, Stopping threads took: 0.0000191 seconds
146.625: [GC (Allocation Failure)  809675K->497709K(1033728K), 0.0046269 secs]
146.630: Total time for which application threads were stopped: 0.0047733 seconds, Stopping threads took: 0.0000182 seconds
146.695: [GC (Allocation Failure)  817197K->497677K(1033728K), 0.0044806 secs]
146.699: Total time for which application threads were stopped: 0.0046023 seconds, Stopping threads took: 0.0000153 seconds
146.761: [GC (Allocation Failure)  817165K->498405K(1033728K), 0.0046968 secs]
146.766: Total time for which application threads were stopped: 0.0048464 seconds, Stopping threads took: 0.0000186 seconds
146.832: [GC (Allocation Failure)  817893K->505703K(1033728K), 0.0071848 secs]
146.839: Total time for which application threads were stopped: 0.0073748 seconds, Stopping threads took: 0.0000247 seconds
146.905: [GC (Allocation Failure)  825191K->505703K(1033728K), 0.0047141 secs]
146.910: Total time for which application threads were stopped: 0.0048825 seconds, Stopping threads took: 0.0000195 seconds
146.975: [GC (Allocation Failure)  825191K->506631K(1033728K), 0.0046575 secs]
146.980: Total time for which application threads were stopped: 0.0048047 seconds, Stopping threads took: 0.0000187 seconds
147.045: [GC (Allocation Failure)  826119K->513738K(1033728K), 0.0045312 secs]
147.049: Total time for which application threads were stopped: 0.0046736 seconds, Stopping threads took: 0.0000185 seconds
147.114: [GC (Allocation Failure)  833226K->513738K(1033728K), 0.0045082 secs]
147.118: Total time for which application threads were stopped: 0.0046387 seconds, Stopping threads took: 0.0000184 seconds
147.181: [GC (Allocation Failure)  833226K->513834K(1033728K), 0.0044534 secs]
147.185: Total time for which application threads were stopped: 0.0045867 seconds, Stopping threads took: 0.0000182 seconds
147.249: [GC (Allocation Failure)  833322K->521772K(1027072K), 0.0044696 secs]
147.254: Total time for which application threads were stopped: 0.0046004 seconds, Stopping threads took: 0.0000182 seconds
147.319: [GC (Allocation Failure)  841260K->521804K(1033216K), 0.0044743 secs]
147.323: Total time for which application threads were stopped: 0.0046153 seconds, Stopping threads took: 0.0000270 seconds
147.386: [GC (Allocation Failure)  840268K->522092K(1033216K), 0.0045895 secs]
147.390: Total time for which application threads were stopped: 0.0047272 seconds, Stopping threads took: 0.0000247 seconds
147.454: [GC (Allocation Failure)  840556K->529806K(1033216K), 0.0045826 secs]
147.458: Total time for which application threads were stopped: 0.0047229 seconds, Stopping threads took: 0.0000211 seconds
147.520: [GC (Allocation Failure)  848270K->529838K(1033216K), 0.0045157 secs]
147.524: Total time for which application threads were stopped: 0.0046525 seconds, Stopping threads took: 0.0000190 seconds
147.585: [GC (Allocation Failure)  848302K->530310K(1033216K), 0.0048542 secs]
147.590: Total time for which application threads were stopped: 0.0049890 seconds, Stopping threads took: 0.0000182 seconds
147.651: [GC (Allocation Failure)  848774K->537865K(1033216K), 0.0047145 secs]
147.656: Total time for which application threads were stopped: 0.0048520 seconds, Stopping threads took: 0.0000183 seconds
147.720: [GC (Allocation Failure)  856329K->537833K(1033216K), 0.0045500 secs]
147.725: Total time for which application threads were stopped: 0.0046948 seconds, Stopping threads took: 0.0000278 seconds
147.785: [GC (Allocation Failure)  856297K->537993K(1033216K), 0.0046281 secs]
147.790: Total time for which application threads were stopped: 0.0047747 seconds, Stopping threads took: 0.0000241 seconds
147.854: [GC (Allocation Failure)  856457K->545899K(1033216K), 0.0048358 secs]
147.859: Total time for which application threads were stopped: 0.0049972 seconds, Stopping threads took: 0.0000195 seconds
147.925: [GC (Allocation Failure)  864363K->545867K(1033216K), 0.0048287 secs]
147.929: Total time for which application threads were stopped: 0.0050002 seconds, Stopping threads took: 0.0000204 seconds
147.995: [GC (Allocation Failure)  864331K->546027K(1033216K), 0.0047691 secs]
148.000: Total time for which application threads were stopped: 0.0049401 seconds, Stopping threads took: 0.0000201 seconds
148.066: [GC (Allocation Failure)  864491K->553933K(1033216K), 0.0048762 secs]
148.071: Total time for which application threads were stopped: 0.0050507 seconds, Stopping threads took: 0.0000200 seconds
148.135: [GC (Allocation Failure)  872397K->553901K(1033216K), 0.0048355 secs]
148.140: Total time for which application threads were stopped: 0.0049934 seconds, Stopping threads took: 0.0000205 seconds
148.203: [GC (Allocation Failure)  872365K->553957K(1033216K), 0.0047335 secs]
148.208: Total time for which application threads were stopped: 0.0048688 seconds, Stopping threads took: 0.0000192 seconds
148.273: [GC (Allocation Failure)  872421K->561959K(1033216K), 0.0047310 secs]
148.278: Total time for which application threads were stopped: 0.0048855 seconds, Stopping threads took: 0.0000183 seconds
148.341: [GC (Allocation Failure)  880423K->561927K(1033216K), 0.0044830 secs]
148.346: Total time for which application threads were stopped: 0.0046311 seconds, Stopping threads took: 0.0000193 seconds
148.407: [GC (Allocation Failure)  880391K->562183K(1033216K), 0.0047111 secs]
148.412: Total time for which application threads were stopped: 0.0048435 seconds, Stopping threads took: 0.0000178 seconds
148.473: [GC (Allocation Failure)  880647K->569994K(1033216K), 0.0046888 secs]
148.478: Total time for which application threads were stopped: 0.0048267 seconds, Stopping threads took: 0.0000250 seconds
148.541: [GC (Allocation Failure)  888458K->569962K(1033216K), 0.0045239 secs]
148.545: Total time for which application threads were stopped: 0.0046704 seconds, Stopping threads took: 0.0000184 seconds
148.607: [GC (Allocation Failure)  888426K->570218K(1033216K), 0.0046870 secs]
148.611: Total time for which application threads were stopped: 0.0048259 seconds, Stopping threads took: 0.0000180 seconds
148.672: [GC (Allocation Failure)  888682K->577996K(1033216K), 0.0064200 secs]
148.679: Total time for which application threads were stopped: 0.0065674 seconds, Stopping threads took: 0.0000193 seconds
148.741: [GC (Allocation Failure)  896460K->574090K(1033216K), 0.0039038 secs]
148.745: Total time for which application threads were stopped: 0.0040258 seconds, Stopping threads took: 0.0000154 seconds
148.808: [GC (Allocation Failure)  892554K->578156K(1034240K), 0.0049125 secs]
148.813: Total time for which application threads were stopped: 0.0050484 seconds, Stopping threads took: 0.0000190 seconds
148.879: [GC (Allocation Failure)  898156K->582156K(1033728K), 0.0046604 secs]
148.884: Total time for which application threads were stopped: 0.0048541 seconds, Stopping threads took: 0.0000202 seconds
148.950: [GC (Allocation Failure)  902156K->589650K(1028096K), 0.0083239 secs]
148.959: Total time for which application threads were stopped: 0.0084854 seconds, Stopping threads took: 0.0000191 seconds
149.025: [GC (Allocation Failure)  904018K->583412K(1031168K), 0.0049562 secs]
149.030: Total time for which application threads were stopped: 0.0051274 seconds, Stopping threads took: 0.0000195 seconds
149.096: [GC (Allocation Failure)  897780K->583380K(1032192K), 0.0048570 secs]
149.101: Total time for which application threads were stopped: 0.0050220 seconds, Stopping threads took: 0.0000203 seconds
149.166: [GC (Allocation Failure)  899284K->584364K(1031680K), 0.0050456 secs]
149.171: Total time for which application threads were stopped: 0.0052124 seconds, Stopping threads took: 0.0000194 seconds
149.238: [GC (Allocation Failure)  900268K->591470K(1032704K), 0.0050310 secs]
149.243: Total time for which application threads were stopped: 0.0052080 seconds, Stopping threads took: 0.0000191 seconds
149.308: [GC (Allocation Failure)  908398K->591406K(1032192K), 0.0047399 secs]
149.313: Total time for which application threads were stopped: 0.0049001 seconds, Stopping threads took: 0.0000196 seconds
149.378: [GC (Allocation Failure)  908334K->595118K(1033216K), 0.0056774 secs]
149.383: Total time for which application threads were stopped: 0.0058229 seconds, Stopping threads took: 0.0000192 seconds
149.448: [GC (Allocation Failure)  913070K->599504K(1032704K), 0.0047546 secs]
149.453: Total time for which application threads were stopped: 0.0049103 seconds, Stopping threads took: 0.0000190 seconds
149.519: [GC (Allocation Failure)  917456K->599440K(1033728K), 0.0049965 secs]
149.524: Total time for which application threads were stopped: 0.0051261 seconds, Stopping threads took: 0.0000161 seconds
149.584: [GC (Allocation Failure)  918928K->603368K(1033728K), 0.0056284 secs]
149.590: Total time for which application threads were stopped: 0.0057677 seconds, Stopping threads took: 0.0000190 seconds
149.651: [GC (Allocation Failure)  922856K->607627K(1034240K), 0.0047494 secs]
149.656: Total time for which application threads were stopped: 0.0048933 seconds, Stopping threads took: 0.0000182 seconds
149.721: [GC (Allocation Failure)  928139K->607467K(1034240K), 0.0046563 secs]
149.726: Total time for which application threads were stopped: 0.0047900 seconds, Stopping threads took: 0.0000179 seconds
149.788: [GC (Allocation Failure)  927979K->608515K(1034240K), 0.0064292 secs]
149.795: Total time for which application threads were stopped: 0.0065884 seconds, Stopping threads took: 0.0000195 seconds
149.865: [GC (Allocation Failure)  929027K->615557K(1034240K), 0.0048659 secs]
149.870: Total time for which application threads were stopped: 0.0050591 seconds, Stopping threads took: 0.0000198 seconds
149.939: [GC (Allocation Failure)  936069K->615493K(1034240K), 0.0046456 secs]
149.943: Total time for which application threads were stopped: 0.0048385 seconds, Stopping threads took: 0.0000193 seconds
150.012: [GC (Allocation Failure)  936005K->618829K(1034240K), 0.0055475 secs]
150.017: Total time for which application threads were stopped: 0.0057077 seconds, Stopping threads took: 0.0000194 seconds
150.085: [GC (Allocation Failure)  939341K->623567K(1034752K), 0.0049064 secs]
150.090: Total time for which application threads were stopped: 0.0050833 seconds, Stopping threads took: 0.0000189 seconds
150.157: [GC (Allocation Failure)  945103K->623503K(1034752K), 0.0048940 secs]
150.162: Total time for which application threads were stopped: 0.0050621 seconds, Stopping threads took: 0.0000192 seconds
150.226: [GC (Allocation Failure)  945039K->627047K(1034752K), 0.0057101 secs]
150.232: Total time for which application threads were stopped: 0.0058724 seconds, Stopping threads took: 0.0000191 seconds
150.301: [GC (Allocation Failure)  948583K->631561K(1034752K), 0.0048716 secs]
150.306: Total time for which application threads were stopped: 0.0050331 seconds, Stopping threads took: 0.0000192 seconds
150.373: [GC (Allocation Failure)  953097K->631561K(1035264K), 0.0047679 secs]
150.378: Total time for which application threads were stopped: 0.0049278 seconds, Stopping threads took: 0.0000268 seconds
150.444: [GC (Allocation Failure)  953609K->632713K(1034752K), 0.0049344 secs]
150.449: Total time for which application threads were stopped: 0.0050974 seconds, Stopping threads took: 0.0000265 seconds
150.516: [GC (Allocation Failure)  954761K->639628K(1034752K), 0.0050582 secs]
150.521: Total time for which application threads were stopped: 0.0052263 seconds, Stopping threads took: 0.0000195 seconds
150.587: [GC (Allocation Failure)  961164K->639596K(1034752K), 0.0078698 secs]
150.595: Total time for which application threads were stopped: 0.0080573 seconds, Stopping threads took: 0.0000248 seconds
150.659: [GC (Allocation Failure)  961132K->642444K(1034752K), 0.0054617 secs]
150.664: Total time for which application threads were stopped: 0.0056125 seconds, Stopping threads took: 0.0000192 seconds
150.728: [GC (Allocation Failure)  963980K->647758K(1034752K), 0.0048405 secs]
150.733: Total time for which application threads were stopped: 0.0049903 seconds, Stopping threads took: 0.0000192 seconds
150.796: [GC (Allocation Failure)  969294K->647630K(1034752K), 0.0047438 secs]
150.801: Total time for which application threads were stopped: 0.0048858 seconds, Stopping threads took: 0.0000193 seconds
150.866: [GC (Allocation Failure)  969166K->651750K(1034752K), 0.0060730 secs]
150.872: Total time for which application threads were stopped: 0.0062473 seconds, Stopping threads took: 0.0000202 seconds
150.938: [GC (Allocation Failure)  973286K->655720K(1035264K), 0.0049088 secs]
150.943: Total time for which application threads were stopped: 0.0050796 seconds, Stopping threads took: 0.0000194 seconds
151.009: [GC (Allocation Failure)  978280K->655656K(1035264K), 0.0049398 secs]
151.014: Total time for which application threads were stopped: 0.0050889 seconds, Stopping threads took: 0.0000195 seconds
151.078: [GC (Allocation Failure)  978216K->658944K(1035264K), 0.0075084 secs]
151.086: Total time for which application threads were stopped: 0.0076450 seconds, Stopping threads took: 0.0000186 seconds
151.150: [GC (Allocation Failure)  981504K->663683K(1035264K), 0.0048034 secs]
151.155: Total time for which application threads were stopped: 0.0049570 seconds, Stopping threads took: 0.0000237 seconds
151.218: [GC (Allocation Failure)  986243K->663715K(1035264K), 0.0047361 secs]
151.222: Total time for which application threads were stopped: 0.0048665 seconds, Stopping threads took: 0.0000180 seconds
151.286: [GC (Allocation Failure)  986275K->667203K(1035264K), 0.0057109 secs]
151.291: Total time for which application threads were stopped: 0.0058564 seconds, Stopping threads took: 0.0000269 seconds
151.356: [GC (Allocation Failure)  989763K->671717K(1035776K), 0.0049043 secs]
151.361: Total time for which application threads were stopped: 0.0050600 seconds, Stopping threads took: 0.0000270 seconds
151.425: [GC (Allocation Failure)  995301K->671717K(1035776K), 0.0049475 secs]
151.430: Total time for which application threads were stopped: 0.0050812 seconds, Stopping threads took: 0.0000185 seconds
151.493: [GC (Allocation Failure)  995301K->673357K(1034752K), 0.0050582 secs]
151.498: Total time for which application threads were stopped: 0.0052080 seconds, Stopping threads took: 0.0000196 seconds
151.563: [GC (Allocation Failure)  995917K->679791K(1035264K), 0.0049630 secs]
151.568: Total time for which application threads were stopped: 0.0051179 seconds, Stopping threads took: 0.0000176 seconds
151.632: [GC (Allocation Failure)  1002351K->679759K(1035264K), 0.0047737 secs]
151.637: Total time for which application threads were stopped: 0.0049215 seconds, Stopping threads took: 0.0000223 seconds
151.701: [GC (Allocation Failure)  1002319K->681607K(1035264K), 0.0050807 secs]
151.706: Total time for which application threads were stopped: 0.0052204 seconds, Stopping threads took: 0.0000195 seconds
151.773: [GC (Allocation Failure)  1004167K->687849K(1035264K), 0.0104681 secs]
151.784: Total time for which application threads were stopped: 0.0106197 seconds, Stopping threads took: 0.0000193 seconds
151.851: [GC (Allocation Failure)  1010409K->687817K(1035264K), 0.0051727 secs]
151.857: Total time for which application threads were stopped: 0.0053389 seconds, Stopping threads took: 0.0000198 seconds
151.923: [GC (Allocation Failure)  1010377K->689801K(1035264K), 0.0051924 secs]
151.928: [Full GC (Ergonomics)  689801K->10514K(1035264K), 0.0152431 secs]
151.944: Total time for which application threads were stopped: 0.0207288 seconds, Stopping threads took: 0.0000200 seconds
152.012: [GC (Allocation Failure)  333074K->18677K(1030144K), 0.0036535 secs]
152.015: Total time for which application threads were stopped: 0.0038119 seconds, Stopping threads took: 0.0000173 seconds
152.083: [GC (Allocation Failure)  341237K->18637K(1035264K), 0.0036253 secs]
152.087: Total time for which application threads were stopped: 0.0037939 seconds, Stopping threads took: 0.0000216 seconds
152.151: [GC (Allocation Failure)  340685K->12330K(1034752K), 0.0010852 secs]
152.153: Total time for which application threads were stopped: 0.0012096 seconds, Stopping threads took: 0.0000188 seconds
152.221: [GC (Allocation Failure)  334378K->18893K(1034752K), 0.0037655 secs]
152.225: Total time for which application threads were stopped: 0.0039341 seconds, Stopping threads took: 0.0000191 seconds
152.294: [GC (Allocation Failure)  340429K->18637K(1034752K), 0.0034529 secs]
152.297: Total time for which application threads were stopped: 0.0035986 seconds, Stopping threads took: 0.0000196 seconds
152.361: [GC (Allocation Failure)  340173K->14090K(1035264K), 0.0018003 secs]
152.363: Total time for which application threads were stopped: 0.0019434 seconds, Stopping threads took: 0.0000203 seconds
152.426: [GC (Allocation Failure)  336138K->18861K(1034752K), 0.0035318 secs]
152.430: Total time for which application threads were stopped: 0.0036643 seconds, Stopping threads took: 0.0000189 seconds
152.496: [GC (Allocation Failure)  340909K->18637K(1034752K), 0.0035913 secs]
152.499: Total time for which application threads were stopped: 0.0037140 seconds, Stopping threads took: 0.0000179 seconds
152.561: [GC (Allocation Failure)  340173K->16298K(1034752K), 0.0027667 secs]
152.563: Total time for which application threads were stopped: 0.0028911 seconds, Stopping threads took: 0.0000175 seconds
152.626: [GC (Allocation Failure)  337834K->18797K(1035776K), 0.0035327 secs]
152.630: Total time for which application threads were stopped: 0.0036625 seconds, Stopping threads took: 0.0000148 seconds
152.695: [GC (Allocation Failure)  342381K->18637K(1035776K), 0.0036204 secs]
152.699: Total time for which application threads were stopped: 0.0037444 seconds, Stopping threads took: 0.0000170 seconds
152.765: [GC (Allocation Failure)  342221K->21642K(1033728K), 0.0048449 secs]
152.770: Total time for which application threads were stopped: 0.0049948 seconds, Stopping threads took: 0.0000193 seconds
152.835: [GC (Allocation Failure)  343178K->18701K(1034752K), 0.0054232 secs]
152.841: Total time for which application threads were stopped: 0.0055471 seconds, Stopping threads took: 0.0000161 seconds
152.904: [GC (Allocation Failure)  340237K->18669K(1035264K), 0.0035488 secs]
152.908: Total time for which application threads were stopped: 0.0036878 seconds, Stopping threads took: 0.0000193 seconds
152.971: [GC (Allocation Failure)  340717K->23402K(1034752K), 0.0056112 secs]
152.977: Total time for which application threads were stopped: 0.0057415 seconds, Stopping threads took: 0.0000179 seconds
153.042: [GC (Allocation Failure)  345450K->18669K(1033728K), 0.0035671 secs]
153.046: Total time for which application threads were stopped: 0.0037258 seconds, Stopping threads took: 0.0000235 seconds
153.112: [GC (Allocation Failure)  339181K->18637K(1034240K), 0.0034693 secs]
153.115: Total time for which application threads were stopped: 0.0036161 seconds, Stopping threads took: 0.0000198 seconds
153.178: [GC (Allocation Failure)  339149K->23114K(1032704K), 0.0054027 secs]
153.184: Total time for which application threads were stopped: 0.0055474 seconds, Stopping threads took: 0.0000208 seconds
153.247: [GC (Allocation Failure)  342602K->18893K(1033728K), 0.0035709 secs]
153.251: Total time for which application threads were stopped: 0.0037201 seconds, Stopping threads took: 0.0000241 seconds
153.314: [GC (Allocation Failure)  338381K->18637K(1034752K), 0.0037124 secs]
153.318: Total time for which application threads were stopped: 0.0038603 seconds, Stopping threads took: 0.0000233 seconds
153.380: [GC (Allocation Failure)  339661K->19690K(1034240K), 0.0041728 secs]
153.384: Total time for which application threads were stopped: 0.0043208 seconds, Stopping threads took: 0.0000271 seconds
153.448: [GC (Allocation Failure)  340714K->18797K(1035776K), 0.0036541 secs]
153.452: Total time for which application threads were stopped: 0.0038239 seconds, Stopping threads took: 0.0000234 seconds
153.516: [GC (Allocation Failure)  341869K->18637K(1035264K), 0.0034918 secs]
153.520: Total time for which application threads were stopped: 0.0036203 seconds, Stopping threads took: 0.0000179 seconds
153.581: [GC (Allocation Failure)  341709K->23434K(1033728K), 0.0056386 secs]
153.587: Total time for which application threads were stopped: 0.0058059 seconds, Stopping threads took: 0.0000233 seconds
153.649: [GC (Allocation Failure)  344970K->18805K(1034752K), 0.0037208 secs]
153.653: Total time for which application threads were stopped: 0.0038707 seconds, Stopping threads took: 0.0000192 seconds
153.716: [GC (Allocation Failure)  340341K->18709K(1035264K), 0.0036232 secs]
153.720: Total time for which application threads were stopped: 0.0037545 seconds, Stopping threads took: 0.0000198 seconds
153.787: [GC (Allocation Failure)  341269K->25762K(1035264K), 0.0068632 secs]
153.794: Total time for which application threads were stopped: 0.0070083 seconds, Stopping threads took: 0.0000184 seconds
153.863: [GC (Allocation Failure)  348322K->20613K(1032192K), 0.0036149 secs]
153.867: Total time for which application threads were stopped: 0.0037862 seconds, Stopping threads took: 0.0000195 seconds
153.933: [GC (Allocation Failure)  340101K->20549K(1033728K), 0.0038545 secs]
153.937: Total time for which application threads were stopped: 0.0040275 seconds, Stopping threads took: 0.0000214 seconds
154.001: [GC (Allocation Failure)  340037K->25794K(1032192K), 0.0059965 secs]
154.007: Total time for which application threads were stopped: 0.0061699 seconds, Stopping threads took: 0.0000206 seconds
154.075: [GC (Allocation Failure)  344258K->20517K(1033216K), 0.0036649 secs]
154.079: Total time for which application threads were stopped: 0.0038228 seconds, Stopping threads took: 0.0000199 seconds
154.146: [GC (Allocation Failure)  338981K->20549K(1033728K), 0.0037413 secs]
154.150: Total time for which application threads were stopped: 0.0038779 seconds, Stopping threads took: 0.0000188 seconds
154.212: [GC (Allocation Failure)  339525K->18242K(1033216K), 0.0028477 secs]
154.215: Total time for which application threads were stopped: 0.0029970 seconds, Stopping threads took: 0.0000236 seconds
154.280: [GC (Allocation Failure)  337218K->20709K(1034240K), 0.0035881 secs]
154.284: Total time for which application threads were stopped: 0.0037433 seconds, Stopping threads took: 0.0000198 seconds
154.347: [GC (Allocation Failure)  340709K->20549K(1033728K), 0.0035313 secs]
154.351: Total time for which application threads were stopped: 0.0036581 seconds, Stopping threads took: 0.0000180 seconds
154.413: [GC (Allocation Failure)  340549K->13826K(1032704K), 0.0010188 secs]
154.415: Total time for which application threads were stopped: 0.0011649 seconds, Stopping threads took: 0.0000265 seconds
154.478: [GC (Allocation Failure)  333314K->20645K(1033728K), 0.0036301 secs]
154.482: Total time for which application threads were stopped: 0.0037614 seconds, Stopping threads took: 0.0000191 seconds
154.546: [GC (Allocation Failure)  340133K->20549K(1034752K), 0.0035773 secs]
154.549: Total time for which application threads were stopped: 0.0037003 seconds, Stopping threads took: 0.0000168 seconds
154.612: [GC (Allocation Failure)  341573K->22597K(1034240K), 0.0039198 secs]
154.616: Total time for which application threads were stopped: 0.0040512 seconds, Stopping threads took: 0.0000185 seconds
154.681: [GC (Allocation Failure)  343621K->28615K(1034752K), 0.0035614 secs]
154.685: Total time for which application threads were stopped: 0.0036885 seconds, Stopping threads took: 0.0000188 seconds
154.748: [GC (Allocation Failure)  349639K->28583K(1034240K), 0.0037557 secs]
154.752: Total time for which application threads were stopped: 0.0038983 seconds, Stopping threads took: 0.0000229 seconds
154.814: [GC (Allocation Failure)  349607K->30343K(1034240K), 0.0040494 secs]
154.818: Total time for which application threads were stopped: 0.0041795 seconds, Stopping threads took: 0.0000189 seconds
154.886: [GC (Allocation Failure)  351879K->36585K(1034752K), 0.0039574 secs]
154.891: Total time for which application threads were stopped: 0.0041249 seconds, Stopping threads took: 0.0000190 seconds
154.956: [GC (Allocation Failure)  358121K->36585K(1035264K), 0.0037528 secs]
154.960: Total time for which application threads were stopped: 0.0039147 seconds, Stopping threads took: 0.0000197 seconds
155.023: [GC (Allocation Failure)  359145K->40585K(1035264K), 0.0073880 secs]
155.030: Total time for which application threads were stopped: 0.0075288 seconds, Stopping threads took: 0.0000194 seconds
155.095: [GC (Allocation Failure)  363145K->44843K(1035264K), 0.0036310 secs]
155.099: Total time for which application threads were stopped: 0.0037741 seconds, Stopping threads took: 0.0000198 seconds
155.162: [GC (Allocation Failure)  367403K->44651K(1035264K), 0.0037769 secs]
155.166: Total time for which application threads were stopped: 0.0039289 seconds, Stopping threads took: 0.0000201 seconds
155.229: [GC (Allocation Failure)  367211K->40777K(1035776K), 0.0021546 secs]
155.231: Total time for which application threads were stopped: 0.0023054 seconds, Stopping threads took: 0.0000218 seconds
155.294: [GC (Allocation Failure)  364361K->44779K(1035776K), 0.0036616 secs]
155.298: Total time for which application threads were stopped: 0.0038196 seconds, Stopping threads took: 0.0000232 seconds
155.365: [GC (Allocation Failure)  368363K->44619K(1035776K), 0.0034628 secs]
155.368: Total time for which application threads were stopped: 0.0035709 seconds, Stopping threads took: 0.0000152 seconds
155.434: [GC (Allocation Failure)  368203K->48169K(1034752K), 0.0051796 secs]
155.439: Total time for which application threads were stopped: 0.0053198 seconds, Stopping threads took: 0.0000190 seconds
155.505: [GC (Allocation Failure)  371753K->44715K(1035264K), 0.0034079 secs]
155.508: Total time for which application threads were stopped: 0.0035593 seconds, Stopping threads took: 0.0000248 seconds
155.575: [GC (Allocation Failure)  366763K->44651K(1034752K), 0.0035916 secs]
155.578: Total time for which application threads were stopped: 0.0037240 seconds, Stopping threads took: 0.0000181 seconds
155.641: [GC (Allocation Failure)  366699K->52425K(1030656K), 0.0074402 secs]
155.649: Total time for which application threads were stopped: 0.0075725 seconds, Stopping threads took: 0.0000188 seconds
155.712: [GC (Allocation Failure)  370889K->47723K(1033216K), 0.0037735 secs]
155.716: Total time for which application threads were stopped: 0.0039280 seconds, Stopping threads took: 0.0000241 seconds
155.777: [GC (Allocation Failure)  366187K->47691K(1034240K), 0.0035470 secs]
155.781: Total time for which application threads were stopped: 0.0036827 seconds, Stopping threads took: 0.0000174 seconds
155.843: [GC (Allocation Failure)  367691K->49097K(1033728K), 0.0044189 secs]
155.847: Total time for which application threads were stopped: 0.0045594 seconds, Stopping threads took: 0.0000132 seconds
155.915: [GC (Allocation Failure)  369097K->47947K(1034752K), 0.0035244 secs]
155.918: Total time for which application threads were stopped: 0.0036578 seconds, Stopping threads took: 0.0000272 seconds
155.982: [GC (Allocation Failure)  368971K->47691K(1034240K), 0.0033626 secs]
155.985: Total time for which application threads were stopped: 0.0034861 seconds, Stopping threads took: 0.0000179 seconds
156.048: [GC (Allocation Failure)  368715K->47753K(1035776K), 0.0038251 secs]
156.052: Total time for which application threads were stopped: 0.0039697 seconds, Stopping threads took: 0.0000264 seconds
156.115: [GC (Allocation Failure)  370825K->47883K(1035264K), 0.0037222 secs]
156.119: Total time for which application threads were stopped: 0.0038670 seconds, Stopping threads took: 0.0000263 seconds
156.182: [GC (Allocation Failure)  370955K->47691K(1036288K), 0.0036302 secs]
156.186: Total time for which application threads were stopped: 0.0037596 seconds, Stopping threads took: 0.0000182 seconds
156.249: [GC (Allocation Failure)  372299K->55081K(1036288K), 0.0073458 secs]
156.257: Total time for which application threads were stopped: 0.0074750 seconds, Stopping threads took: 0.0000192 seconds
156.322: [GC (Allocation Failure)  379689K->51019K(1033216K), 0.0034441 secs]
156.325: Total time for which application threads were stopped: 0.0036058 seconds, Stopping threads took: 0.0000252 seconds
156.389: [GC (Allocation Failure)  372555K->50891K(1034752K), 0.0035496 secs]
156.393: Total time for which application threads were stopped: 0.0037052 seconds, Stopping threads took: 0.0000231 seconds
156.455: [GC (Allocation Failure)  372427K->46185K(1033728K), 0.0023098 secs]
156.458: Total time for which application threads were stopped: 0.0024427 seconds, Stopping threads took: 0.0000183 seconds
156.522: [GC (Allocation Failure)  366697K->51019K(1034240K), 0.0035938 secs]
156.526: Total time for which application threads were stopped: 0.0037109 seconds, Stopping threads took: 0.0000157 seconds
156.589: [GC (Allocation Failure)  371531K->55003K(1034752K), 0.0038346 secs]
156.593: Total time for which application threads were stopped: 0.0039647 seconds, Stopping threads took: 0.0000185 seconds
156.657: [GC (Allocation Failure)  376027K->49017K(1034240K), 0.0015237 secs]
156.659: Total time for which application threads were stopped: 0.0016526 seconds, Stopping threads took: 0.0000187 seconds
156.722: [GC (Allocation Failure)  370041K->55107K(1034752K), 0.0036267 secs]
156.726: Total time for which application threads were stopped: 0.0037711 seconds, Stopping threads took: 0.0000183 seconds
156.790: [GC (Allocation Failure)  376131K->59155K(1034240K), 0.0040929 secs]
156.795: Total time for which application threads were stopped: 0.0042096 seconds, Stopping threads took: 0.0000156 seconds
156.861: [GC (Allocation Failure)  380179K->52849K(1034240K), 0.0012669 secs]
156.863: Total time for which application threads were stopped: 0.0013780 seconds, Stopping threads took: 0.0000167 seconds
156.932: [GC (Allocation Failure)  374385K->59427K(1034752K), 0.0039165 secs]
156.936: Total time for which application threads were stopped: 0.0041083 seconds, Stopping threads took: 0.0000193 seconds
157.004: [GC (Allocation Failure)  380963K->63307K(1035776K), 0.0043779 secs]
157.009: Total time for which application threads were stopped: 0.0045356 seconds, Stopping threads took: 0.0000172 seconds
157.075: [GC (Allocation Failure)  386379K->59401K(1035264K), 0.0024134 secs]
157.078: Total time for which application threads were stopped: 0.0025902 seconds, Stopping threads took: 0.0000199 seconds
157.148: [GC (Allocation Failure)  382473K->63467K(1035776K), 0.0037376 secs]
157.152: Total time for which application threads were stopped: 0.0039051 seconds, Stopping threads took: 0.0000192 seconds
157.221: [GC (Allocation Failure)  387051K->67435K(1035776K), 0.0038530 secs]
157.225: Total time for which application threads were stopped: 0.0040215 seconds, Stopping threads took: 0.0000195 seconds
157.291: [GC (Allocation Failure)  391019K->67435K(1035776K), 0.0036922 secs]
157.295: Total time for which application threads were stopped: 0.0038591 seconds, Stopping threads took: 0.0000196 seconds
157.359: [GC (Allocation Failure)  391019K->67787K(1023488K), 0.0036745 secs]
157.363: Total time for which application threads were stopped: 0.0038364 seconds, Stopping threads took: 0.0000279 seconds
157.428: [GC (Allocation Failure)  391371K->75502K(1035264K), 0.0037221 secs]
157.431: Total time for which application threads were stopped: 0.0038594 seconds, Stopping threads took: 0.0000255 seconds
157.497: [GC (Allocation Failure)  398062K->75470K(1035264K), 0.0035649 secs]
157.501: Total time for which application threads were stopped: 0.0036904 seconds, Stopping threads took: 0.0000180 seconds
157.566: [GC (Allocation Failure)  398030K->75950K(1034240K), 0.0037860 secs]
157.569: Total time for which application threads were stopped: 0.0039100 seconds, Stopping threads took: 0.0000175 seconds
157.633: [GC (Allocation Failure)  397486K->83504K(1034752K), 0.0038077 secs]
157.637: Total time for which application threads were stopped: 0.0039426 seconds, Stopping threads took: 0.0000258 seconds
157.701: [GC (Allocation Failure)  405040K->83504K(1034752K), 0.0033928 secs]
157.704: Total time for which application threads were stopped: 0.0035192 seconds, Stopping threads took: 0.0000190 seconds
157.765: [GC (Allocation Failure)  405040K->83688K(1034752K), 0.0036360 secs]
157.769: Total time for which application threads were stopped: 0.0037608 seconds, Stopping threads took: 0.0000176 seconds
157.834: [GC (Allocation Failure)  405224K->91498K(1034752K), 0.0045593 secs]
157.838: Total time for which application threads were stopped: 0.0047174 seconds, Stopping threads took: 0.0000272 seconds
157.907: [GC (Allocation Failure)  413034K->91530K(1034752K), 0.0038309 secs]
157.911: Total time for which application threads were stopped: 0.0039938 seconds, Stopping threads took: 0.0000195 seconds
157.975: [GC (Allocation Failure)  413066K->91658K(1033728K), 0.0039518 secs]
157.979: Total time for which application threads were stopped: 0.0041097 seconds, Stopping threads took: 0.0000197 seconds
158.045: [GC (Allocation Failure)  412170K->99565K(1034240K), 0.0037279 secs]
158.049: Total time for which application threads were stopped: 0.0038764 seconds, Stopping threads took: 0.0000279 seconds
158.114: [GC (Allocation Failure)  420077K->99565K(1034240K), 0.0036260 secs]
158.118: Total time for which application threads were stopped: 0.0037594 seconds, Stopping threads took: 0.0000185 seconds
158.180: [GC (Allocation Failure)  420077K->99629K(1020416K), 0.0037429 secs]
158.184: Total time for which application threads were stopped: 0.0038715 seconds, Stopping threads took: 0.0000184 seconds
158.247: [GC (Allocation Failure)  420141K->107599K(1033728K), 0.0038037 secs]
158.251: Total time for which application threads were stopped: 0.0039315 seconds, Stopping threads took: 0.0000182 seconds
158.314: [GC (Allocation Failure)  427087K->107599K(1033728K), 0.0035064 secs]
158.317: Total time for which application threads were stopped: 0.0036342 seconds, Stopping threads took: 0.0000180 seconds
158.381: [GC (Allocation Failure)  427087K->107855K(1033728K), 0.0048753 secs]
158.386: Total time for which application threads were stopped: 0.0050063 seconds, Stopping threads took: 0.0000251 seconds
158.449: [GC (Allocation Failure)  427343K->115697K(1033728K), 0.0063266 secs]
158.456: Total time for which application threads were stopped: 0.0064646 seconds, Stopping threads took: 0.0000175 seconds
158.518: [GC (Allocation Failure)  435185K->115633K(1033728K), 0.0035995 secs]
158.522: Total time for which application threads were stopped: 0.0037573 seconds, Stopping threads took: 0.0000181 seconds
158.585: [GC (Allocation Failure)  435121K->115849K(1033728K), 0.0037004 secs]
158.589: Total time for which application threads were stopped: 0.0038355 seconds, Stopping threads took: 0.0000184 seconds
158.652: [GC (Allocation Failure)  435337K->123659K(1033728K), 0.0038309 secs]
158.656: Total time for which application threads were stopped: 0.0039676 seconds, Stopping threads took: 0.0000201 seconds
158.720: [GC (Allocation Failure)  443147K->119753K(1033728K), 0.0028553 secs]
158.723: Total time for which application threads were stopped: 0.0029843 seconds, Stopping threads took: 0.0000190 seconds
158.789: [GC (Allocation Failure)  439241K->123819K(1034752K), 0.0038730 secs]
158.793: Total time for which application threads were stopped: 0.0040032 seconds, Stopping threads took: 0.0000178 seconds
158.860: [GC (Allocation Failure)  444843K->127787K(1034240K), 0.0038721 secs]
158.864: Total time for which application threads were stopped: 0.0040206 seconds, Stopping threads took: 0.0000166 seconds
158.931: [GC (Allocation Failure)  448811K->122025K(1034752K), 0.0016025 secs]
158.933: Total time for which application threads were stopped: 0.0017528 seconds, Stopping threads took: 0.0000192 seconds
159.001: [GC (Allocation Failure)  443561K->127859K(1034752K), 0.0042004 secs]
159.005: Total time for which application threads were stopped: 0.0044035 seconds, Stopping threads took: 0.0000191 seconds
159.070: [GC (Allocation Failure)  449395K->131963K(1035264K), 0.0042006 secs]
159.074: Total time for which application threads were stopped: 0.0043606 seconds, Stopping threads took: 0.0000195 seconds
159.139: [GC (Allocation Failure)  454261K->127993K(1035264K), 0.0025519 secs]
159.141: Total time for which application threads were stopped: 0.0026856 seconds, Stopping threads took: 0.0000191 seconds
159.207: [GC (Allocation Failure)  450553K->132099K(1036288K), 0.0038511 secs]
159.211: Total time for which application threads were stopped: 0.0039929 seconds, Stopping threads took: 0.0000213 seconds
159.275: [GC (Allocation Failure)  456195K->136099K(1035776K), 0.0039370 secs]
159.279: Total time for which application threads were stopped: 0.0040818 seconds, Stopping threads took: 0.0000183 seconds
159.343: [GC (Allocation Failure)  460195K->136067K(1035776K), 0.0035823 secs]
159.347: Total time for which application threads were stopped: 0.0037140 seconds, Stopping threads took: 0.0000253 seconds
159.412: [GC (Allocation Failure)  459651K->136139K(1023488K), 0.0038827 secs]
159.416: Total time for which application threads were stopped: 0.0040302 seconds, Stopping threads took: 0.0000241 seconds
159.481: [GC (Allocation Failure)  459723K->144110K(1035264K), 0.0036168 secs]
159.485: Total time for which application threads were stopped: 0.0037486 seconds, Stopping threads took: 0.0000157 seconds
159.551: [GC (Allocation Failure)  466670K->144142K(1030144K), 0.0036660 secs]
159.554: Total time for which application threads were stopped: 0.0037981 seconds, Stopping threads took: 0.0000189 seconds
159.618: [GC (Allocation Failure)  466702K->144174K(1034752K), 0.0038986 secs]
159.622: Total time for which application threads were stopped: 0.0040325 seconds, Stopping threads took: 0.0000187 seconds
159.685: [GC (Allocation Failure)  465710K->152144K(1029120K), 0.0037115 secs]
159.689: Total time for which application threads were stopped: 0.0038504 seconds, Stopping threads took: 0.0000245 seconds
159.752: [GC (Allocation Failure)  473680K->152144K(1034240K), 0.0038659 secs]
159.756: Total time for which application threads were stopped: 0.0040054 seconds, Stopping threads took: 0.0000248 seconds
159.819: [GC (Allocation Failure)  472656K->152360K(1034240K), 0.0054246 secs]
159.825: Total time for which application threads were stopped: 0.0055667 seconds, Stopping threads took: 0.0000250 seconds
159.892: [GC (Allocation Failure)  472872K->160170K(1034240K), 0.0041827 secs]
159.896: Total time for which application threads were stopped: 0.0043544 seconds, Stopping threads took: 0.0000196 seconds
159.962: [GC (Allocation Failure)  480682K->160138K(1034240K), 0.0038233 secs]
159.966: Total time for which application threads were stopped: 0.0040018 seconds, Stopping threads took: 0.0000188 seconds
160.031: [GC (Allocation Failure)  480650K->160618K(1033216K), 0.0039352 secs]
160.035: Total time for which application threads were stopped: 0.0040709 seconds, Stopping threads took: 0.0000198 seconds
160.098: [GC (Allocation Failure)  480106K->168236K(1033728K), 0.0037637 secs]
160.102: Total time for which application threads were stopped: 0.0038993 seconds, Stopping threads took: 0.0000195 seconds
160.166: [GC (Allocation Failure)  487724K->168204K(1033728K), 0.0038536 secs]
160.170: Total time for which application threads were stopped: 0.0039903 seconds, Stopping threads took: 0.0000197 seconds
160.231: [GC (Allocation Failure)  487692K->168332K(1033728K), 0.0038020 secs]
160.234: Total time for which application threads were stopped: 0.0039411 seconds, Stopping threads took: 0.0000230 seconds
160.298: [GC (Allocation Failure)  487820K->176271K(1033728K), 0.0036454 secs]
160.302: Total time for which application threads were stopped: 0.0037677 seconds, Stopping threads took: 0.0000174 seconds
160.367: [GC (Allocation Failure)  495759K->176239K(1033728K), 0.0038359 secs]
160.371: Total time for which application threads were stopped: 0.0039913 seconds, Stopping threads took: 0.0000190 seconds
160.435: [GC (Allocation Failure)  495727K->176295K(1033728K), 0.0039410 secs]
160.439: Total time for which application threads were stopped: 0.0040789 seconds, Stopping threads took: 0.0000250 seconds
160.504: [GC (Allocation Failure)  495783K->184265K(1027072K), 0.0038609 secs]
160.508: Total time for which application threads were stopped: 0.0039832 seconds, Stopping threads took: 0.0000178 seconds
160.571: [GC (Allocation Failure)  503752K->180327K(1034240K), 0.0029077 secs]
160.574: Total time for which application threads were stopped: 0.0030239 seconds, Stopping threads took: 0.0000155 seconds
160.639: [GC (Allocation Failure)  499815K->184425K(1033216K), 0.0039938 secs]
160.643: Total time for which application threads were stopped: 0.0041252 seconds, Stopping threads took: 0.0000183 seconds
160.706: [GC (Allocation Failure)  503913K->188393K(1034752K), 0.0038755 secs]
160.710: Total time for which application threads were stopped: 0.0040312 seconds, Stopping threads took: 0.0000239 seconds
160.775: [GC (Allocation Failure)  509929K->181639K(1034752K), 0.0016898 secs]
160.777: Total time for which application threads were stopped: 0.0018176 seconds, Stopping threads took: 0.0000185 seconds
160.841: [GC (Allocation Failure)  503175K->188457K(1034752K), 0.0073716 secs]
160.849: Total time for which application threads were stopped: 0.0075418 seconds, Stopping threads took: 0.0000254 seconds
160.913: [GC (Allocation Failure)  509993K->192561K(1034752K), 0.0047893 secs]
160.918: Total time for which application threads were stopped: 0.0049249 seconds, Stopping threads took: 0.0000196 seconds
160.980: [GC (Allocation Failure)  514097K->186959K(1034752K), 0.0021549 secs]
160.982: Total time for which application threads were stopped: 0.0022829 seconds, Stopping threads took: 0.0000178 seconds
161.045: [GC (Allocation Failure)  508495K->192769K(1034752K), 0.0038874 secs]
161.049: Total time for which application threads were stopped: 0.0040241 seconds, Stopping threads took: 0.0000207 seconds
161.114: [GC (Allocation Failure)  514305K->196673K(1034752K), 0.0043242 secs]
161.118: Total time for which application threads were stopped: 0.0044635 seconds, Stopping threads took: 0.0000191 seconds
161.182: [GC (Allocation Failure)  519161K->192767K(1035264K), 0.0028674 secs]
161.185: Total time for which application threads were stopped: 0.0029952 seconds, Stopping threads took: 0.0000192 seconds
161.248: [GC (Allocation Failure)  515327K->196841K(1036288K), 0.0039817 secs]
161.252: Total time for which application threads were stopped: 0.0041063 seconds, Stopping threads took: 0.0000177 seconds
161.316: [GC (Allocation Failure)  520937K->200809K(1035776K), 0.0039264 secs]
161.320: Total time for which application threads were stopped: 0.0040667 seconds, Stopping threads took: 0.0000230 seconds
161.384: [GC (Allocation Failure)  524905K->200841K(1035776K), 0.0036945 secs]
161.388: Total time for which application threads were stopped: 0.0038487 seconds, Stopping threads took: 0.0000186 seconds
161.453: [GC (Allocation Failure)  524425K->200873K(1023488K), 0.0038273 secs]
161.457: Total time for which application threads were stopped: 0.0039486 seconds, Stopping threads took: 0.0000157 seconds
161.521: [GC (Allocation Failure)  524457K->208875K(1035264K), 0.0039720 secs]
161.526: Total time for which application threads were stopped: 0.0041112 seconds, Stopping threads took: 0.0000268 seconds
161.589: [GC (Allocation Failure)  531435K->208811K(1030144K), 0.0037579 secs]
161.593: Total time for which application threads were stopped: 0.0038884 seconds, Stopping threads took: 0.0000182 seconds
161.658: [GC (Allocation Failure)  531371K->208899K(1034752K), 0.0041331 secs]
161.662: Total time for which application threads were stopped: 0.0043032 seconds, Stopping threads took: 0.0000241 seconds
161.726: [GC (Allocation Failure)  530435K->216869K(1034752K), 0.0040661 secs]
161.731: Total time for which application threads were stopped: 0.0041866 seconds, Stopping threads took: 0.0000151 seconds
161.795: [GC (Allocation Failure)  538405K->216869K(1033728K), 0.0037642 secs]
161.799: Total time for which application threads were stopped: 0.0039218 seconds, Stopping threads took: 0.0000250 seconds
161.867: [GC (Allocation Failure)  537381K->217133K(1034240K), 0.0042299 secs]
161.871: Total time for which application threads were stopped: 0.0043998 seconds, Stopping threads took: 0.0000198 seconds
161.937: [GC (Allocation Failure)  537645K->224944K(1034240K), 0.0039644 secs]
161.941: Total time for which application threads were stopped: 0.0041119 seconds, Stopping threads took: 0.0000199 seconds
162.004: [GC (Allocation Failure)  545456K->224912K(1034240K), 0.0040036 secs]
162.008: Total time for which application threads were stopped: 0.0041559 seconds, Stopping threads took: 0.0000242 seconds
162.072: [GC (Allocation Failure)  545424K->225352K(1033216K), 0.0040124 secs]
162.076: Total time for which application threads were stopped: 0.0041489 seconds, Stopping threads took: 0.0000263 seconds
162.139: [GC (Allocation Failure)  544840K->232938K(1033728K), 0.0040499 secs]
162.143: Total time for which application threads were stopped: 0.0041884 seconds, Stopping threads took: 0.0000286 seconds
162.206: [GC (Allocation Failure)  552426K->232938K(1033728K), 0.0039462 secs]
162.211: Total time for which application threads were stopped: 0.0040908 seconds, Stopping threads took: 0.0000186 seconds
162.274: [GC (Allocation Failure)  552426K->233098K(1033728K), 0.0040778 secs]
162.278: Total time for which application threads were stopped: 0.0042107 seconds, Stopping threads took: 0.0000183 seconds
162.343: [GC (Allocation Failure)  552586K->240972K(1033728K), 0.0045908 secs]
162.348: Total time for which application threads were stopped: 0.0047272 seconds, Stopping threads took: 0.0000245 seconds
162.412: [GC (Allocation Failure)  560460K->241004K(1033728K), 0.0040135 secs]
162.416: Total time for which application threads were stopped: 0.0041558 seconds, Stopping threads took: 0.0000276 seconds
162.479: [GC (Allocation Failure)  560492K->241036K(1033728K), 0.0039424 secs]
162.483: Total time for which application threads were stopped: 0.0040716 seconds, Stopping threads took: 0.0000187 seconds
162.547: [GC (Allocation Failure)  560524K->248975K(1027072K), 0.0040075 secs]
162.552: Total time for which application threads were stopped: 0.0041329 seconds, Stopping threads took: 0.0000177 seconds
162.613: [GC (Allocation Failure)  568462K->245100K(1034240K), 0.0033683 secs]
162.616: Total time for which application threads were stopped: 0.0035144 seconds, Stopping threads took: 0.0000238 seconds
162.679: [GC (Allocation Failure)  564588K->249167K(1033216K), 0.0039660 secs]
162.683: Total time for which application threads were stopped: 0.0041128 seconds, Stopping threads took: 0.0000228 seconds
162.748: [GC (Allocation Failure)  568655K->253135K(1034752K), 0.0039245 secs]
162.752: Total time for which application threads were stopped: 0.0040415 seconds, Stopping threads took: 0.0000155 seconds
162.816: [GC (Allocation Failure)  574671K->246348K(1034752K), 0.0016070 secs]
162.818: Total time for which application threads were stopped: 0.0017452 seconds, Stopping threads took: 0.0000191 seconds
162.887: [GC (Allocation Failure)  567884K->253231K(1034752K), 0.0039157 secs]
162.891: Total time for which application threads were stopped: 0.0040908 seconds, Stopping threads took: 0.0000168 seconds
162.956: [GC (Allocation Failure)  574767K->257311K(1034752K), 0.0048917 secs]
162.961: Total time for which application threads were stopped: 0.0050950 seconds, Stopping threads took: 0.0000343 seconds
163.024: [GC (Allocation Failure)  578847K->251740K(1034752K), 0.0022447 secs]
163.026: Total time for which application threads were stopped: 0.0023779 seconds, Stopping threads took: 0.0000191 seconds
163.089: [GC (Allocation Failure)  573276K->257551K(1034752K), 0.0040906 secs]
163.093: Total time for which application threads were stopped: 0.0042230 seconds, Stopping threads took: 0.0000188 seconds
163.159: [GC (Allocation Failure)  579087K->261423K(1034752K), 0.0044736 secs]
163.164: Total time for which application threads were stopped: 0.0046075 seconds, Stopping threads took: 0.0000195 seconds
163.226: [GC (Allocation Failure)  583911K->257516K(1035264K), 0.0030925 secs]
163.229: Total time for which application threads were stopped: 0.0032209 seconds, Stopping threads took: 0.0000190 seconds
163.295: [GC (Allocation Failure)  580076K->261543K(1036288K), 0.0044081 secs]
163.299: Total time for which application threads were stopped: 0.0045538 seconds, Stopping threads took: 0.0000259 seconds
163.364: [GC (Allocation Failure)  585639K->265543K(1035776K), 0.0039574 secs]
163.368: Total time for which application threads were stopped: 0.0040953 seconds, Stopping threads took: 0.0000181 seconds
163.435: [GC (Allocation Failure)  589639K->265575K(1035776K), 0.0039210 secs]
163.439: Total time for which application threads were stopped: 0.0040566 seconds, Stopping threads took: 0.0000193 seconds
163.504: [GC (Allocation Failure)  589159K->265607K(1023488K), 0.0041751 secs]
163.508: Total time for which application threads were stopped: 0.0043139 seconds, Stopping threads took: 0.0000208 seconds
163.570: [GC (Allocation Failure)  589191K->273609K(1035264K), 0.0040968 secs]
163.574: Total time for which application threads were stopped: 0.0042259 seconds, Stopping threads took: 0.0000186 seconds
163.639: [GC (Allocation Failure)  596169K->273577K(1030144K), 0.0039087 secs]
163.643: Total time for which application threads were stopped: 0.0040568 seconds, Stopping threads took: 0.0000184 seconds
163.708: [GC (Allocation Failure)  596137K->273641K(1034752K), 0.0041275 secs]
163.712: Total time for which application threads were stopped: 0.0042525 seconds, Stopping threads took: 0.0000177 seconds
163.776: [GC (Allocation Failure)  595177K->281579K(1034752K), 0.0040643 secs]
163.780: Total time for which application threads were stopped: 0.0041941 seconds, Stopping threads took: 0.0000181 seconds
163.846: [GC (Allocation Failure)  603115K->281643K(1033728K), 0.0041178 secs]
163.850: Total time for which application threads were stopped: 0.0042830 seconds, Stopping threads took: 0.0000187 seconds
163.917: [GC (Allocation Failure)  602155K->281835K(1034240K), 0.0042902 secs]
163.921: Total time for which application threads were stopped: 0.0044453 seconds, Stopping threads took: 0.0000196 seconds
163.987: [GC (Allocation Failure)  602347K->289677K(1034240K), 0.0039894 secs]
163.991: Total time for which application threads were stopped: 0.0041169 seconds, Stopping threads took: 0.0000188 seconds
164.057: [GC (Allocation Failure)  610189K->289645K(1034240K), 0.0041834 secs]
164.062: Total time for which application threads were stopped: 0.0043225 seconds, Stopping threads took: 0.0000192 seconds
164.124: [GC (Allocation Failure)  610157K->290085K(1033216K), 0.0042933 secs]
164.129: Total time for which application threads were stopped: 0.0044539 seconds, Stopping threads took: 0.0000246 seconds
164.193: [GC (Allocation Failure)  609573K->297704K(1033728K), 0.0041262 secs]
164.197: Total time for which application threads were stopped: 0.0042682 seconds, Stopping threads took: 0.0000176 seconds
164.261: [GC (Allocation Failure)  617192K->297672K(1033728K), 0.0040794 secs]
164.266: Total time for which application threads were stopped: 0.0041995 seconds, Stopping threads took: 0.0000154 seconds
164.326: [GC (Allocation Failure)  617160K->297832K(1033728K), 0.0042855 secs]
164.330: Total time for which application threads were stopped: 0.0044184 seconds, Stopping threads took: 0.0000185 seconds
164.393: [GC (Allocation Failure)  617320K->305770K(1033728K), 0.0040141 secs]
164.397: Total time for which application threads were stopped: 0.0041507 seconds, Stopping threads took: 0.0000263 seconds
164.460: [GC (Allocation Failure)  625258K->305674K(1033728K), 0.0042472 secs]
164.464: Total time for which application threads were stopped: 0.0044177 seconds, Stopping threads took: 0.0000236 seconds
164.528: [GC (Allocation Failure)  625162K->305770K(1033728K), 0.0041026 secs]
164.533: Total time for which application threads were stopped: 0.0042431 seconds, Stopping threads took: 0.0000175 seconds
164.596: [GC (Allocation Failure)  625258K->313740K(1027072K), 0.0042094 secs]
164.600: Total time for which application threads were stopped: 0.0043516 seconds, Stopping threads took: 0.0000180 seconds
164.661: [GC (Allocation Failure)  633228K->309834K(1034240K), 0.0033608 secs]
164.665: Total time for which application threads were stopped: 0.0035071 seconds, Stopping threads took: 0.0000243 seconds
164.730: [GC (Allocation Failure)  629322K->313900K(1033216K), 0.0040966 secs]
164.734: Total time for which application threads were stopped: 0.0042252 seconds, Stopping threads took: 0.0000185 seconds
164.797: [GC (Allocation Failure)  633388K->317868K(1034752K), 0.0040443 secs]
164.801: Total time for which application threads were stopped: 0.0041873 seconds, Stopping threads took: 0.0000183 seconds
164.869: [GC (Allocation Failure)  639404K->311082K(1034752K), 0.0016802 secs]
164.870: Total time for which application threads were stopped: 0.0018215 seconds, Stopping threads took: 0.0000195 seconds
164.939: [GC (Allocation Failure)  632618K->317932K(1034752K), 0.0041837 secs]
164.943: Total time for which application threads were stopped: 0.0043799 seconds, Stopping threads took: 0.0000223 seconds
165.009: [GC (Allocation Failure)  639468K->322004K(1034752K), 0.0051105 secs]
165.014: Total time for which application threads were stopped: 0.0052530 seconds, Stopping threads took: 0.0000210 seconds
165.075: [GC (Allocation Failure)  643540K->316434K(1034752K), 0.0022977 secs]
165.078: Total time for which application threads were stopped: 0.0024257 seconds, Stopping threads took: 0.0000181 seconds
165.140: [GC (Allocation Failure)  637970K->322276K(1034752K), 0.0042452 secs]
165.145: Total time for which application threads were stopped: 0.0044044 seconds, Stopping threads took: 0.0000236 seconds
165.209: [GC (Allocation Failure)  643812K->326148K(1034752K), 0.0045334 secs]
165.214: Total time for which application threads were stopped: 0.0046778 seconds, Stopping threads took: 0.0000183 seconds
165.277: [GC (Allocation Failure)  648636K->322274K(1035264K), 0.0031045 secs]
165.281: Total time for which application threads were stopped: 0.0032547 seconds, Stopping threads took: 0.0000187 seconds
165.346: [GC (Allocation Failure)  644834K->326316K(1036288K), 0.0041788 secs]
165.351: Total time for which application threads were stopped: 0.0043195 seconds, Stopping threads took: 0.0000182 seconds
165.416: [GC (Allocation Failure)  650412K->330284K(1035776K), 0.0041553 secs]
165.420: Total time for which application threads were stopped: 0.0043071 seconds, Stopping threads took: 0.0000191 seconds
165.487: [GC (Allocation Failure)  654380K->330284K(1035776K), 0.0040684 secs]
165.491: Total time for which application threads were stopped: 0.0041998 seconds, Stopping threads took: 0.0000193 seconds
165.554: [GC (Allocation Failure)  653868K->330348K(1023488K), 0.0042079 secs]
165.559: Total time for which application threads were stopped: 0.0043828 seconds, Stopping threads took: 0.0000238 seconds
165.622: [GC (Allocation Failure)  653932K->338350K(1035264K), 0.0041575 secs]
165.626: Total time for which application threads were stopped: 0.0042878 seconds, Stopping threads took: 0.0000183 seconds
165.689: [GC (Allocation Failure)  660910K->338350K(1030144K), 0.0040794 secs]
165.693: Total time for which application threads were stopped: 0.0042371 seconds, Stopping threads took: 0.0000238 seconds
165.758: [GC (Allocation Failure)  660910K->338374K(1034752K), 0.0042747 secs]
165.762: Total time for which application threads were stopped: 0.0044060 seconds, Stopping threads took: 0.0000186 seconds
165.825: [GC (Allocation Failure)  659910K->346313K(1034752K), 0.0053148 secs]
165.831: Total time for which application threads were stopped: 0.0054735 seconds, Stopping threads took: 0.0000165 seconds
165.897: [GC (Allocation Failure)  667849K->346345K(1033728K), 0.0041095 secs]
165.901: Total time for which application threads were stopped: 0.0042377 seconds, Stopping threads took: 0.0000196 seconds
165.966: [GC (Allocation Failure)  666857K->346601K(1034240K), 0.0042634 secs]
165.970: Total time for which application threads were stopped: 0.0043903 seconds, Stopping threads took: 0.0000174 seconds
166.034: [GC (Allocation Failure)  667113K->354411K(1034240K), 0.0042204 secs]
166.038: Total time for which application threads were stopped: 0.0043673 seconds, Stopping threads took: 0.0000234 seconds
166.104: [GC (Allocation Failure)  674923K->354411K(1034240K), 0.0042537 secs]
166.109: Total time for which application threads were stopped: 0.0043916 seconds, Stopping threads took: 0.0000187 seconds
166.173: [GC (Allocation Failure)  674923K->354819K(1033216K), 0.0044820 secs]
166.177: Total time for which application threads were stopped: 0.0046226 seconds, Stopping threads took: 0.0000181 seconds
166.242: [GC (Allocation Failure)  674307K->362405K(1033728K), 0.0043013 secs]
166.247: Total time for which application threads were stopped: 0.0044437 seconds, Stopping threads took: 0.0000270 seconds
166.312: [GC (Allocation Failure)  681893K->362405K(1033728K), 0.0042249 secs]
166.316: Total time for which application threads were stopped: 0.0043635 seconds, Stopping threads took: 0.0000261 seconds
166.380: [GC (Allocation Failure)  681893K->362557K(1033728K), 0.0042042 secs]
166.384: Total time for which application threads were stopped: 0.0043324 seconds, Stopping threads took: 0.0000239 seconds
166.447: [GC (Allocation Failure)  682045K->370431K(1033728K), 0.0041223 secs]
166.451: Total time for which application threads were stopped: 0.0042726 seconds, Stopping threads took: 0.0000245 seconds
166.514: [GC (Allocation Failure)  689919K->370431K(1033728K), 0.0043343 secs]
166.519: Total time for which application threads were stopped: 0.0044730 seconds, Stopping threads took: 0.0000262 seconds
166.581: [GC (Allocation Failure)  689919K->370503K(1033728K), 0.0041471 secs]
166.586: Total time for which application threads were stopped: 0.0042749 seconds, Stopping threads took: 0.0000181 seconds
166.648: [GC (Allocation Failure)  689991K->378474K(1027072K), 0.0044212 secs]
166.653: Total time for which application threads were stopped: 0.0045513 seconds, Stopping threads took: 0.0000181 seconds
166.716: [GC (Allocation Failure)  697961K->374567K(1034240K), 0.0033732 secs]
166.719: Total time for which application threads were stopped: 0.0035034 seconds, Stopping threads took: 0.0000185 seconds
166.783: [GC (Allocation Failure)  694055K->378634K(1033216K), 0.0043403 secs]
166.787: Total time for which application threads were stopped: 0.0044805 seconds, Stopping threads took: 0.0000260 seconds
166.855: [GC (Allocation Failure)  698122K->382570K(1034752K), 0.0042207 secs]
166.859: Total time for which application threads were stopped: 0.0043810 seconds, Stopping threads took: 0.0000196 seconds
166.923: [GC (Allocation Failure)  704106K->375815K(1034752K), 0.0020376 secs]
166.926: Total time for which application threads were stopped: 0.0021762 seconds, Stopping threads took: 0.0000211 seconds
166.988: [GC (Allocation Failure)  697351K->382674K(1034752K), 0.0042362 secs]
166.993: Total time for which application threads were stopped: 0.0043889 seconds, Stopping threads took: 0.0000251 seconds
167.054: [GC (Allocation Failure)  704210K->386786K(1034752K), 0.0051055 secs]
167.059: Total time for which application threads were stopped: 0.0052695 seconds, Stopping threads took: 0.0000240 seconds
167.122: [GC (Allocation Failure)  708322K->381215K(1034752K), 0.0024910 secs]
167.124: Total time for which application threads were stopped: 0.0026238 seconds, Stopping threads took: 0.0000193 seconds
167.187: [GC (Allocation Failure)  702751K->387058K(1034752K), 0.0041870 secs]
167.191: Total time for which application threads were stopped: 0.0043165 seconds, Stopping threads took: 0.0000182 seconds
167.254: [GC (Allocation Failure)  708594K->390898K(1034752K), 0.0046569 secs]
167.259: Total time for which application threads were stopped: 0.0048313 seconds, Stopping threads took: 0.0000241 seconds
167.321: [GC (Allocation Failure)  713386K->386991K(1035264K), 0.0032600 secs]
167.324: Total time for which application threads were stopped: 0.0034060 seconds, Stopping threads took: 0.0000185 seconds
167.390: [GC (Allocation Failure)  709551K->391050K(1036288K), 0.0044372 secs]
167.395: Total time for which application threads were stopped: 0.0045792 seconds, Stopping threads took: 0.0000189 seconds
167.458: [GC (Allocation Failure)  715146K->395018K(1035776K), 0.0042961 secs]
167.462: Total time for which application threads were stopped: 0.0044344 seconds, Stopping threads took: 0.0000178 seconds
167.528: [GC (Allocation Failure)  719114K->395018K(1035776K), 0.0041474 secs]
167.533: Total time for which application threads were stopped: 0.0042966 seconds, Stopping threads took: 0.0000243 seconds
167.596: [GC (Allocation Failure)  718602K->395082K(1023488K), 0.0043539 secs]
167.601: Total time for which application threads were stopped: 0.0044884 seconds, Stopping threads took: 0.0000185 seconds
167.663: [GC (Allocation Failure)  718666K->403084K(1035264K), 0.0044072 secs]
167.668: Total time for which application threads were stopped: 0.0045481 seconds, Stopping threads took: 0.0000191 seconds
167.732: [GC (Allocation Failure)  725644K->403084K(1030144K), 0.0041360 secs]
167.736: Total time for which application threads were stopped: 0.0042677 seconds, Stopping threads took: 0.0000192 seconds
167.801: [GC (Allocation Failure)  725644K->403116K(1034752K), 0.0043600 secs]
167.805: Total time for which application threads were stopped: 0.0045095 seconds, Stopping threads took: 0.0000236 seconds
167.871: [GC (Allocation Failure)  724652K->411118K(1029120K), 0.0046155 secs]
167.876: Total time for which application threads were stopped: 0.0047768 seconds, Stopping threads took: 0.0000196 seconds
167.943: [GC (Allocation Failure)  732654K->411086K(1034240K), 0.0043291 secs]
167.947: Total time for which application threads were stopped: 0.0045010 seconds, Stopping threads took: 0.0000194 seconds
168.013: [GC (Allocation Failure)  731598K->411334K(1034240K), 0.0044898 secs]
168.018: Total time for which application threads were stopped: 0.0046350 seconds, Stopping threads took: 0.0000166 seconds
168.084: [GC (Allocation Failure)  731846K->419144K(1034240K), 0.0041408 secs]
168.088: Total time for which application threads were stopped: 0.0042814 seconds, Stopping threads took: 0.0000269 seconds
168.153: [GC (Allocation Failure)  739656K->419112K(1034240K), 0.0042492 secs]
168.157: Total time for which application threads were stopped: 0.0043975 seconds, Stopping threads took: 0.0000191 seconds
168.222: [GC (Allocation Failure)  739624K->419560K(1033216K), 0.0044310 secs]
168.226: Total time for which application threads were stopped: 0.0045637 seconds, Stopping threads took: 0.0000185 seconds
168.289: [GC (Allocation Failure)  739048K->427147K(1033728K), 0.0044116 secs]
168.294: Total time for which application threads were stopped: 0.0045466 seconds, Stopping threads took: 0.0000191 seconds
168.357: [GC (Allocation Failure)  746635K->427179K(1033728K), 0.0041872 secs]
168.362: Total time for which application threads were stopped: 0.0043200 seconds, Stopping threads took: 0.0000258 seconds
168.422: [GC (Allocation Failure)  746667K->427307K(1033728K), 0.0043704 secs]
168.426: Total time for which application threads were stopped: 0.0045123 seconds, Stopping threads took: 0.0000235 seconds
168.489: [GC (Allocation Failure)  746795K->435181K(1033728K), 0.0041947 secs]
168.494: Total time for which application threads were stopped: 0.0043366 seconds, Stopping threads took: 0.0000270 seconds
168.556: [GC (Allocation Failure)  754669K->435213K(1033728K), 0.0064201 secs]
168.563: Total time for which application threads were stopped: 0.0065544 seconds, Stopping threads took: 0.0000189 seconds
168.625: [GC (Allocation Failure)  754701K->435205K(1033728K), 0.0060469 secs]
168.631: Total time for which application threads were stopped: 0.0062096 seconds, Stopping threads took: 0.0000284 seconds
168.695: [GC (Allocation Failure)  754693K->443207K(1027072K), 0.0043965 secs]
168.700: Total time for which application threads were stopped: 0.0045273 seconds, Stopping threads took: 0.0000156 seconds
168.762: [GC (Allocation Failure)  762695K->439301K(1034240K), 0.0036315 secs]
168.766: Total time for which application threads were stopped: 0.0037756 seconds, Stopping threads took: 0.0000281 seconds
168.830: [GC (Allocation Failure)  758789K->443295K(1033216K), 0.0054194 secs]
168.835: Total time for which application threads were stopped: 0.0055610 seconds, Stopping threads took: 0.0000167 seconds
168.901: [GC (Allocation Failure)  762783K->447295K(1034752K), 0.0044671 secs]
168.906: Total time for which application threads were stopped: 0.0046185 seconds, Stopping threads took: 0.0000195 seconds
168.968: [GC (Allocation Failure)  768831K->440541K(1034752K), 0.0020660 secs]
168.970: Total time for which application threads were stopped: 0.0021953 seconds, Stopping threads took: 0.0000190 seconds
169.035: [GC (Allocation Failure)  762077K->447367K(1034752K), 0.0042539 secs]
169.039: Total time for which application threads were stopped: 0.0043854 seconds, Stopping threads took: 0.0000192 seconds
169.101: [GC (Allocation Failure)  768903K->451511K(1034752K), 0.0052498 secs]
169.106: Total time for which application threads were stopped: 0.0053932 seconds, Stopping threads took: 0.0000183 seconds
169.169: [GC (Allocation Failure)  773047K->445909K(1034752K), 0.0026141 secs]
169.172: Total time for which application threads were stopped: 0.0027437 seconds, Stopping threads took: 0.0000157 seconds
169.235: [GC (Allocation Failure)  767445K->451751K(1034752K), 0.0044501 secs]
169.240: Total time for which application threads were stopped: 0.0046089 seconds, Stopping threads took: 0.0000247 seconds
169.303: [GC (Allocation Failure)  773287K->455647K(1035264K), 0.0049009 secs]
169.308: Total time for which application threads were stopped: 0.0050708 seconds, Stopping threads took: 0.0000241 seconds
169.371: [GC (Allocation Failure)  778136K->451709K(1035264K), 0.0032658 secs]
169.374: Total time for which application threads were stopped: 0.0034294 seconds, Stopping threads took: 0.0000251 seconds
169.440: [GC (Allocation Failure)  774269K->455767K(1036288K), 0.0045771 secs]
169.445: Total time for which application threads were stopped: 0.0047284 seconds, Stopping threads took: 0.0000187 seconds
169.510: [GC (Allocation Failure)  779863K->459767K(1035776K), 0.0044088 secs]
169.515: Total time for which application threads were stopped: 0.0045550 seconds, Stopping threads took: 0.0000179 seconds
169.580: [GC (Allocation Failure)  783863K->459735K(1035776K), 0.0043529 secs]
169.585: Total time for which application threads were stopped: 0.0044983 seconds, Stopping threads took: 0.0000263 seconds
169.650: [GC (Allocation Failure)  783319K->459791K(1023488K), 0.0044296 secs]
169.654: Total time for which application threads were stopped: 0.0045922 seconds, Stopping threads took: 0.0000240 seconds
169.719: [GC (Allocation Failure)  783375K->467794K(1035264K), 0.0043426 secs]
169.723: Total time for which application threads were stopped: 0.0044987 seconds, Stopping threads took: 0.0000150 seconds
169.789: [GC (Allocation Failure)  790354K->467762K(1030144K), 0.0043453 secs]
169.793: Total time for which application threads were stopped: 0.0044735 seconds, Stopping threads took: 0.0000155 seconds
169.860: [GC (Allocation Failure)  790322K->467818K(1034752K), 0.0046124 secs]
169.864: Total time for which application threads were stopped: 0.0047597 seconds, Stopping threads took: 0.0000166 seconds
169.932: [GC (Allocation Failure)  789354K->475788K(1029120K), 0.0045826 secs]
169.937: Total time for which application threads were stopped: 0.0047465 seconds, Stopping threads took: 0.0000203 seconds
170.003: [GC (Allocation Failure)  797324K->475788K(1034240K), 0.0043043 secs]
170.007: Total time for which application threads were stopped: 0.0044570 seconds, Stopping threads took: 0.0000187 seconds
170.070: [GC (Allocation Failure)  796300K->476044K(1034240K), 0.0044091 secs]
170.075: Total time for which application threads were stopped: 0.0045406 seconds, Stopping threads took: 0.0000184 seconds
170.138: [GC (Allocation Failure)  796556K->483854K(1034240K), 0.0043310 secs]
170.143: Total time for which application threads were stopped: 0.0044636 seconds, Stopping threads took: 0.0000185 seconds
170.206: [GC (Allocation Failure)  804366K->483822K(1034240K), 0.0046100 secs]
170.210: Total time for which application threads were stopped: 0.0047452 seconds, Stopping threads took: 0.0000189 seconds
170.273: [GC (Allocation Failure)  804334K->484270K(1033216K), 0.0046864 secs]
170.278: Total time for which application threads were stopped: 0.0048280 seconds, Stopping threads took: 0.0000188 seconds
170.341: [GC (Allocation Failure)  803758K->491888K(1033728K), 0.0044719 secs]
170.345: Total time for which application threads were stopped: 0.0046116 seconds, Stopping threads took: 0.0000208 seconds
170.409: [GC (Allocation Failure)  811376K->491856K(1033728K), 0.0051411 secs]
170.414: Total time for which application threads were stopped: 0.0052810 seconds, Stopping threads took: 0.0000272 seconds
170.477: [GC (Allocation Failure)  811344K->492008K(1033728K), 0.0045140 secs]
170.481: Total time for which application threads were stopped: 0.0046524 seconds, Stopping threads took: 0.0000173 seconds
170.544: [GC (Allocation Failure)  811496K->499883K(1033728K), 0.0043575 secs]
170.548: Total time for which application threads were stopped: 0.0044988 seconds, Stopping threads took: 0.0000183 seconds
170.611: [GC (Allocation Failure)  819371K->499883K(1033728K), 0.0065214 secs]
170.617: Total time for which application threads were stopped: 0.0066622 seconds, Stopping threads took: 0.0000193 seconds
170.680: [GC (Allocation Failure)  819371K->499947K(1033728K), 0.0044013 secs]
170.685: Total time for which application threads were stopped: 0.0045482 seconds, Stopping threads took: 0.0000181 seconds
170.750: [GC (Allocation Failure)  819435K->507917K(1027072K), 0.0046143 secs]
170.754: Total time for which application threads were stopped: 0.0047432 seconds, Stopping threads took: 0.0000180 seconds
170.817: [GC (Allocation Failure)  827404K->504011K(1034240K), 0.0075485 secs]
170.825: Total time for which application threads were stopped: 0.0076862 seconds, Stopping threads took: 0.0000190 seconds
170.893: [GC (Allocation Failure)  823499K->508077K(1033216K), 0.0047332 secs]
170.898: Total time for which application threads were stopped: 0.0049073 seconds, Stopping threads took: 0.0000199 seconds
170.963: [GC (Allocation Failure)  827565K->512013K(1034752K), 0.0045753 secs]
170.968: Total time for which application threads were stopped: 0.0047304 seconds, Stopping threads took: 0.0000200 seconds
171.030: [GC (Allocation Failure)  833549K->505259K(1034752K), 0.0022436 secs]
171.033: Total time for which application threads were stopped: 0.0023788 seconds, Stopping threads took: 0.0000201 seconds
171.096: [GC (Allocation Failure)  826795K->512117K(1034752K), 0.0042981 secs]
171.100: Total time for which application threads were stopped: 0.0044395 seconds, Stopping threads took: 0.0000185 seconds
171.164: [GC (Allocation Failure)  833653K->516197K(1034752K), 0.0054442 secs]
171.169: Total time for which application threads were stopped: 0.0055851 seconds, Stopping threads took: 0.0000185 seconds
171.230: [GC (Allocation Failure)  837733K->510659K(1034752K), 0.0026715 secs]
171.233: Total time for which application threads were stopped: 0.0028023 seconds, Stopping threads took: 0.0000195 seconds
171.296: [GC (Allocation Failure)  832195K->516469K(1034752K), 0.0047033 secs]
171.300: Total time for which application threads were stopped: 0.0048661 seconds, Stopping threads took: 0.0000238 seconds
171.366: [GC (Allocation Failure)  838005K->520373K(1034752K), 0.0047935 secs]
171.370: Total time for which application threads were stopped: 0.0049278 seconds, Stopping threads took: 0.0000183 seconds
171.433: [GC (Allocation Failure)  842861K->516435K(1035264K), 0.0034959 secs]
171.436: Total time for which application threads were stopped: 0.0036254 seconds, Stopping threads took: 0.0000190 seconds
171.502: [GC (Allocation Failure)  838995K->520493K(1036288K), 0.0046000 secs]
171.507: Total time for which application threads were stopped: 0.0047451 seconds, Stopping threads took: 0.0000186 seconds
171.572: [GC (Allocation Failure)  844589K->524461K(1035776K), 0.0044818 secs]
171.576: Total time for which application threads were stopped: 0.0046347 seconds, Stopping threads took: 0.0000186 seconds
171.641: [GC (Allocation Failure)  848557K->524461K(1035776K), 0.0047164 secs]
171.646: Total time for which application threads were stopped: 0.0048650 seconds, Stopping threads took: 0.0000275 seconds
171.710: [GC (Allocation Failure)  848045K->524525K(1023488K), 0.0045344 secs]
171.715: Total time for which application threads were stopped: 0.0046720 seconds, Stopping threads took: 0.0000194 seconds
171.778: [GC (Allocation Failure)  848109K->532527K(1035264K), 0.0045176 secs]
171.783: Total time for which application threads were stopped: 0.0046510 seconds, Stopping threads took: 0.0000182 seconds
171.848: [GC (Allocation Failure)  855087K->532495K(1030144K), 0.0044936 secs]
171.853: Total time for which application threads were stopped: 0.0046412 seconds, Stopping threads took: 0.0000166 seconds
171.921: [GC (Allocation Failure)  855055K->532551K(1034752K), 0.0046088 secs]
171.926: Total time for which application threads were stopped: 0.0047649 seconds, Stopping threads took: 0.0000200 seconds
171.992: [GC (Allocation Failure)  854087K->540521K(1034752K), 0.0048689 secs]
171.997: Total time for which application threads were stopped: 0.0050251 seconds, Stopping threads took: 0.0000195 seconds
172.062: [GC (Allocation Failure)  862057K->540521K(1033728K), 0.0052419 secs]
172.067: Total time for which application threads were stopped: 0.0053938 seconds, Stopping threads took: 0.0000191 seconds
172.130: [GC (Allocation Failure)  861033K->540777K(1034240K), 0.0045185 secs]
172.135: Total time for which application threads were stopped: 0.0046478 seconds, Stopping threads took: 0.0000185 seconds
172.199: [GC (Allocation Failure)  861289K->548556K(1034240K), 0.0044091 secs]
172.204: Total time for which application threads were stopped: 0.0045529 seconds, Stopping threads took: 0.0000180 seconds
172.270: [GC (Allocation Failure)  869068K->548524K(1034240K), 0.0046864 secs]
172.275: Total time for which application threads were stopped: 0.0048207 seconds, Stopping threads took: 0.0000188 seconds
172.339: [GC (Allocation Failure)  869036K->549004K(1034240K), 0.0045628 secs]
172.344: Total time for which application threads were stopped: 0.0047033 seconds, Stopping threads took: 0.0000269 seconds
172.408: [GC (Allocation Failure)  869516K->556622K(1028096K), 0.0044324 secs]
172.413: Total time for which application threads were stopped: 0.0045694 seconds, Stopping threads took: 0.0000238 seconds
172.475: [GC (Allocation Failure)  877134K->556590K(1033728K), 0.0046779 secs]
172.479: Total time for which application threads were stopped: 0.0048299 seconds, Stopping threads took: 0.0000186 seconds
172.541: [GC (Allocation Failure)  876078K->556750K(1033728K), 0.0047035 secs]
172.546: Total time for which application threads were stopped: 0.0048480 seconds, Stopping threads took: 0.0000180 seconds
172.609: [GC (Allocation Failure)  876238K->564656K(1033728K), 0.0045767 secs]
172.613: Total time for which application threads were stopped: 0.0047150 seconds, Stopping threads took: 0.0000186 seconds
172.679: [GC (Allocation Failure)  884144K->564624K(1033728K), 0.0046054 secs]
172.683: Total time for which application threads were stopped: 0.0047595 seconds, Stopping threads took: 0.0000191 seconds
172.747: [GC (Allocation Failure)  884112K->564680K(1033728K), 0.0046710 secs]
172.751: Total time for which application threads were stopped: 0.0048184 seconds, Stopping threads took: 0.0000274 seconds
172.813: [GC (Allocation Failure)  884168K->572682K(1027072K), 0.0063357 secs]
172.819: Total time for which application threads were stopped: 0.0064897 seconds, Stopping threads took: 0.0000176 seconds
172.883: [GC (Allocation Failure)  892170K->568744K(1034240K), 0.0037864 secs]
172.887: Total time for which application threads were stopped: 0.0039528 seconds, Stopping threads took: 0.0000204 seconds
172.953: [GC (Allocation Failure)  888232K->572810K(1033216K), 0.0046271 secs]
172.958: Total time for which application threads were stopped: 0.0047895 seconds, Stopping threads took: 0.0000232 seconds
173.023: [GC (Allocation Failure)  892298K->576810K(1034752K), 0.0044710 secs]
173.027: Total time for which application threads were stopped: 0.0046055 seconds, Stopping threads took: 0.0000152 seconds
173.091: [GC (Allocation Failure)  898346K->569992K(1034752K), 0.0022055 secs]
173.094: Total time for which application threads were stopped: 0.0023364 seconds, Stopping threads took: 0.0000183 seconds
173.158: [GC (Allocation Failure)  891528K->576850K(1034752K), 0.0045766 secs]
173.163: Total time for which application threads were stopped: 0.0046965 seconds, Stopping threads took: 0.0000152 seconds
173.225: [GC (Allocation Failure)  898386K->580922K(1034752K), 0.0055119 secs]
173.230: Total time for which application threads were stopped: 0.0056452 seconds, Stopping threads took: 0.0000183 seconds
173.291: [GC (Allocation Failure)  902458K->575352K(1034752K), 0.0029213 secs]
173.294: Total time for which application threads were stopped: 0.0030689 seconds, Stopping threads took: 0.0000189 seconds
173.359: [GC (Allocation Failure)  896888K->581194K(1034752K), 0.0046553 secs]
173.364: Total time for which application threads were stopped: 0.0047931 seconds, Stopping threads took: 0.0000242 seconds
173.427: [GC (Allocation Failure)  902730K->585066K(1035264K), 0.0049492 secs]
173.432: Total time for which application threads were stopped: 0.0050825 seconds, Stopping threads took: 0.0000189 seconds
173.495: [GC (Allocation Failure)  907555K->581192K(1035264K), 0.0035228 secs]
173.498: Total time for which application threads were stopped: 0.0036430 seconds, Stopping threads took: 0.0000189 seconds
173.564: [GC (Allocation Failure)  903752K->585226K(1036288K), 0.0046421 secs]
173.569: Total time for which application threads were stopped: 0.0047714 seconds, Stopping threads took: 0.0000185 seconds
173.632: [GC (Allocation Failure)  909322K->589226K(1035776K), 0.0046501 secs]
173.636: Total time for which application threads were stopped: 0.0047781 seconds, Stopping threads took: 0.0000181 seconds
173.702: [GC (Allocation Failure)  913322K->589194K(1035776K), 0.0046666 secs]
173.707: Total time for which application threads were stopped: 0.0048032 seconds, Stopping threads took: 0.0000187 seconds
173.770: [GC (Allocation Failure)  912778K->589258K(1023488K), 0.0047693 secs]
173.775: Total time for which application threads were stopped: 0.0049180 seconds, Stopping threads took: 0.0000182 seconds
173.841: [GC (Allocation Failure)  912842K->597229K(1035264K), 0.0073449 secs]
173.848: Total time for which application threads were stopped: 0.0075239 seconds, Stopping threads took: 0.0000178 seconds
173.916: [GC (Allocation Failure)  919789K->597229K(1030144K), 0.0045916 secs]
173.920: Total time for which application threads were stopped: 0.0047631 seconds, Stopping threads took: 0.0000169 seconds
173.986: [GC (Allocation Failure)  919789K->597285K(1034752K), 0.0046924 secs]
173.991: Total time for which application threads were stopped: 0.0048489 seconds, Stopping threads took: 0.0000259 seconds
174.057: [GC (Allocation Failure)  918821K->605255K(1034752K), 0.0047792 secs]
174.061: Total time for which application threads were stopped: 0.0049150 seconds, Stopping threads took: 0.0000190 seconds
174.127: [GC (Allocation Failure)  926791K->605223K(1033728K), 0.0045274 secs]
174.131: Total time for which application threads were stopped: 0.0046673 seconds, Stopping threads took: 0.0000188 seconds
174.194: [GC (Allocation Failure)  925735K->605511K(1034240K), 0.0047674 secs]
174.199: Total time for which application threads were stopped: 0.0049567 seconds, Stopping threads took: 0.0000235 seconds
174.262: [GC (Allocation Failure)  926023K->613321K(1034240K), 0.0045329 secs]
174.267: Total time for which application threads were stopped: 0.0046678 seconds, Stopping threads took: 0.0000182 seconds
174.330: [GC (Allocation Failure)  933833K->613289K(1034240K), 0.0047431 secs]
174.335: Total time for which application threads were stopped: 0.0048792 seconds, Stopping threads took: 0.0000189 seconds
174.398: [GC (Allocation Failure)  933801K->613697K(1033216K), 0.0071684 secs]
174.405: Total time for which application threads were stopped: 0.0073023 seconds, Stopping threads took: 0.0000184 seconds
174.470: [GC (Allocation Failure)  933185K->621284K(1033728K), 0.0047514 secs]
174.475: Total time for which application threads were stopped: 0.0048970 seconds, Stopping threads took: 0.0000238 seconds
174.538: [GC (Allocation Failure)  940772K->621316K(1033728K), 0.0047022 secs]
174.543: Total time for which application threads were stopped: 0.0048620 seconds, Stopping threads took: 0.0000237 seconds
174.603: [GC (Allocation Failure)  940804K->621452K(1033728K), 0.0049904 secs]
174.608: Total time for which application threads were stopped: 0.0051311 seconds, Stopping threads took: 0.0000183 seconds
174.671: [GC (Allocation Failure)  940940K->629390K(1033728K), 0.0045731 secs]
174.676: Total time for which application threads were stopped: 0.0047069 seconds, Stopping threads took: 0.0000184 seconds
174.738: [GC (Allocation Failure)  948878K->629390K(1033728K), 0.0051038 secs]
174.743: Total time for which application threads were stopped: 0.0052814 seconds, Stopping threads took: 0.0000241 seconds
174.806: [GC (Allocation Failure)  948878K->629414K(1033728K), 0.0049859 secs]
174.811: Total time for which application threads were stopped: 0.0051239 seconds, Stopping threads took: 0.0000185 seconds
174.879: [GC (Allocation Failure)  948902K->637384K(1027072K), 0.0048526 secs]
174.884: Total time for which application threads were stopped: 0.0050124 seconds, Stopping threads took: 0.0000198 seconds
174.949: [GC (Allocation Failure)  956872K->633478K(1034240K), 0.0039266 secs]
174.953: Total time for which application threads were stopped: 0.0040918 seconds, Stopping threads took: 0.0000195 seconds
175.020: [GC (Allocation Failure)  952966K->637552K(1033216K), 0.0050555 secs]
175.025: Total time for which application threads were stopped: 0.0052332 seconds, Stopping threads took: 0.0000201 seconds
175.091: [GC (Allocation Failure)  957040K->641520K(1034752K), 0.0048022 secs]
175.096: Total time for which application threads were stopped: 0.0049499 seconds, Stopping threads took: 0.0000202 seconds
175.158: [GC (Allocation Failure)  963056K->634734K(1034752K), 0.0023101 secs]
175.161: Total time for which application threads were stopped: 0.0024730 seconds, Stopping threads took: 0.0000243 seconds
175.226: [GC (Allocation Failure)  956270K->641584K(1034752K), 0.0046144 secs]
175.231: Total time for which application threads were stopped: 0.0047459 seconds, Stopping threads took: 0.0000185 seconds
175.292: [GC (Allocation Failure)  963120K->645688K(1034752K), 0.0057565 secs]
175.298: Total time for which application threads were stopped: 0.0059028 seconds, Stopping threads took: 0.0000185 seconds
175.359: [GC (Allocation Failure)  967224K->640118K(1034752K), 0.0029243 secs]
175.362: Total time for which application threads were stopped: 0.0030910 seconds, Stopping threads took: 0.0000253 seconds
175.427: [GC (Allocation Failure)  961654K->645896K(1034752K), 0.0048397 secs]
175.432: Total time for which application threads were stopped: 0.0050044 seconds, Stopping threads took: 0.0000244 seconds
175.497: [GC (Allocation Failure)  967432K->649800K(1034752K), 0.0052005 secs]
175.502: Total time for which application threads were stopped: 0.0053365 seconds, Stopping threads took: 0.0000157 seconds
175.567: [GC (Allocation Failure)  972288K->645894K(1035264K), 0.0038003 secs]
175.571: Total time for which application threads were stopped: 0.0039740 seconds, Stopping threads took: 0.0000186 seconds
175.635: [GC (Allocation Failure)  968454K->649960K(1036288K), 0.0048167 secs]
175.640: Total time for which application threads were stopped: 0.0049525 seconds, Stopping threads took: 0.0000190 seconds
175.704: [GC (Allocation Failure)  974056K->653960K(1035776K), 0.0046844 secs]
175.709: Total time for which application threads were stopped: 0.0048324 seconds, Stopping threads took: 0.0000189 seconds
175.774: [GC (Allocation Failure)  978056K->653928K(1035776K), 0.0047772 secs]
175.779: Total time for which application threads were stopped: 0.0049098 seconds, Stopping threads took: 0.0000183 seconds
175.846: [GC (Allocation Failure)  977512K->653992K(1023488K), 0.0049236 secs]
175.851: Total time for which application threads were stopped: 0.0051004 seconds, Stopping threads took: 0.0000181 seconds
175.918: [GC (Allocation Failure)  977576K->661962K(1035264K), 0.0049289 secs]
175.923: Total time for which application threads were stopped: 0.0051253 seconds, Stopping threads took: 0.0000208 seconds
175.990: [GC (Allocation Failure)  984522K->661962K(1030144K), 0.0049428 secs]
175.995: Total time for which application threads were stopped: 0.0051152 seconds, Stopping threads took: 0.0000203 seconds
176.060: [GC (Allocation Failure)  984522K->662026K(1034752K), 0.0048966 secs]
176.065: Total time for which application threads were stopped: 0.0050301 seconds, Stopping threads took: 0.0000195 seconds
176.130: [GC (Allocation Failure)  983562K->669997K(1034752K), 0.0049859 secs]
176.135: Total time for which application threads were stopped: 0.0051317 seconds, Stopping threads took: 0.0000247 seconds
176.199: [GC (Allocation Failure)  991533K->669997K(1033728K), 0.0045405 secs]
176.204: Total time for which application threads were stopped: 0.0046936 seconds, Stopping threads took: 0.0000261 seconds
176.267: [GC (Allocation Failure)  990509K->670245K(1034240K), 0.0050881 secs]
176.272: Total time for which application threads were stopped: 0.0052282 seconds, Stopping threads took: 0.0000188 seconds
176.335: [GC (Allocation Failure)  990757K->678055K(1034240K), 0.0046532 secs]
176.340: Total time for which application threads were stopped: 0.0048021 seconds, Stopping threads took: 0.0000275 seconds
176.404: [GC (Allocation Failure)  998567K->678023K(1034240K), 0.0064237 secs]
176.411: Total time for which application threads were stopped: 0.0065623 seconds, Stopping threads took: 0.0000252 seconds
176.474: [GC (Allocation Failure)  998535K->678471K(1033216K), 0.0048228 secs]
176.479: Total time for which application threads were stopped: 0.0049549 seconds, Stopping threads took: 0.0000190 seconds
176.544: [GC (Allocation Failure)  997959K->686025K(1033728K), 0.0048454 secs]
176.549: Total time for which application threads were stopped: 0.0049977 seconds, Stopping threads took: 0.0000234 seconds
176.614: [GC (Allocation Failure)  1005513K->686025K(1033728K), 0.0048540 secs]
176.619: Total time for which application threads were stopped: 0.0049903 seconds, Stopping threads took: 0.0000191 seconds
176.679: [GC (Allocation Failure)  1005513K->686217K(1033728K), 0.0048391 secs]
176.684: [Full GC (Ergonomics)  686217K->8595K(1033728K), 0.0122085 secs]
176.696: Total time for which application threads were stopped: 0.0172362 seconds, Stopping threads took: 0.0000173 seconds
176.760: [GC (Allocation Failure)  328083K->16725K(1033728K), 0.0034425 secs]
176.763: Total time for which application threads were stopped: 0.0035692 seconds, Stopping threads took: 0.0000239 seconds
176.828: [GC (Allocation Failure)  336213K->16717K(1033728K), 0.0043504 secs]
176.832: Total time for which application threads were stopped: 0.0045015 seconds, Stopping threads took: 0.0000167 seconds
176.899: [GC (Allocation Failure)  336205K->16781K(1033728K), 0.0037470 secs]
176.903: Total time for which application threads were stopped: 0.0039416 seconds, Stopping threads took: 0.0000196 seconds
176.969: [GC (Allocation Failure)  336269K->24751K(1027072K), 0.0036455 secs]
176.973: Total time for which application threads were stopped: 0.0038016 seconds, Stopping threads took: 0.0000169 seconds
177.034: [GC (Allocation Failure)  344239K->20845K(1034240K), 0.0027892 secs]
177.037: Total time for which application threads were stopped: 0.0029170 seconds, Stopping threads took: 0.0000189 seconds
177.100: [GC (Allocation Failure)  340333K->24903K(1033216K), 0.0037176 secs]
177.104: Total time for which application threads were stopped: 0.0038625 seconds, Stopping threads took: 0.0000234 seconds
177.168: [GC (Allocation Failure)  344391K->28871K(1034752K), 0.0035317 secs]
177.171: Total time for which application threads were stopped: 0.0036897 seconds, Stopping threads took: 0.0000169 seconds
177.235: [GC (Allocation Failure)  350407K->22085K(1034752K), 0.0011234 secs]
177.236: Total time for which application threads were stopped: 0.0012479 seconds, Stopping threads took: 0.0000180 seconds
177.299: [GC (Allocation Failure)  343621K->28975K(1034752K), 0.0034954 secs]
177.303: Total time for which application threads were stopped: 0.0036223 seconds, Stopping threads took: 0.0000173 seconds
177.365: [GC (Allocation Failure)  350511K->33055K(1034752K), 0.0044072 secs]
177.369: Total time for which application threads were stopped: 0.0045446 seconds, Stopping threads took: 0.0000259 seconds
177.431: [GC (Allocation Failure)  354591K->27453K(1034752K), 0.0017105 secs]
177.432: Total time for which application threads were stopped: 0.0018420 seconds, Stopping threads took: 0.0000193 seconds
177.498: [GC (Allocation Failure)  348989K->33327K(1034752K), 0.0036781 secs]
177.501: Total time for which application threads were stopped: 0.0038132 seconds, Stopping threads took: 0.0000209 seconds
177.564: [GC (Allocation Failure)  354863K->37167K(1035264K), 0.0039108 secs]
177.568: Total time for which application threads were stopped: 0.0040356 seconds, Stopping threads took: 0.0000184 seconds
177.631: [GC (Allocation Failure)  359656K->33261K(1035264K), 0.0026181 secs]
177.633: Total time for which application threads were stopped: 0.0027567 seconds, Stopping threads took: 0.0000184 seconds
177.697: [GC (Allocation Failure)  355821K->37327K(1036288K), 0.0039143 secs]
177.701: Total time for which application threads were stopped: 0.0040804 seconds, Stopping threads took: 0.0000235 seconds
177.764: [GC (Allocation Failure)  361423K->41327K(1035776K), 0.0035178 secs]
177.768: Total time for which application threads were stopped: 0.0036514 seconds, Stopping threads took: 0.0000182 seconds
177.833: [GC (Allocation Failure)  365423K->41263K(1035776K), 0.0043474 secs]
177.837: Total time for which application threads were stopped: 0.0044974 seconds, Stopping threads took: 0.0000237 seconds
177.905: [GC (Allocation Failure)  364847K->41351K(1023488K), 0.0036588 secs]
177.909: Total time for which application threads were stopped: 0.0038092 seconds, Stopping threads took: 0.0000202 seconds
177.974: [GC (Allocation Failure)  364935K->49354K(1035264K), 0.0037404 secs]
177.978: Total time for which application threads were stopped: 0.0038917 seconds, Stopping threads took: 0.0000202 seconds
178.041: [GC (Allocation Failure)  371914K->49322K(1030144K), 0.0035727 secs]
178.044: Total time for which application threads were stopped: 0.0037039 seconds, Stopping threads took: 0.0000194 seconds
178.110: [GC (Allocation Failure)  371882K->49354K(1034752K), 0.0035751 secs]
178.113: Total time for which application threads were stopped: 0.0037063 seconds, Stopping threads took: 0.0000179 seconds
178.176: [GC (Allocation Failure)  370890K->57356K(1029120K), 0.0037289 secs]
178.180: Total time for which application threads were stopped: 0.0038696 seconds, Stopping threads took: 0.0000190 seconds
178.244: [GC (Allocation Failure)  378892K->57324K(1034240K), 0.0033852 secs]
178.248: Total time for which application threads were stopped: 0.0035292 seconds, Stopping threads took: 0.0000195 seconds
178.312: [GC (Allocation Failure)  377836K->57572K(1034240K), 0.0037961 secs]
178.316: Total time for which application threads were stopped: 0.0039292 seconds, Stopping threads took: 0.0000190 seconds
178.380: [GC (Allocation Failure)  378084K->65382K(1034240K), 0.0034808 secs]
178.383: Total time for which application threads were stopped: 0.0036102 seconds, Stopping threads took: 0.0000181 seconds
178.448: [GC (Allocation Failure)  385894K->65382K(1034240K), 0.0065103 secs]
178.455: Total time for which application threads were stopped: 0.0066758 seconds, Stopping threads took: 0.0000243 seconds
178.519: [GC (Allocation Failure)  385894K->65798K(1033216K), 0.0036702 secs]
178.523: Total time for which application threads were stopped: 0.0037992 seconds, Stopping threads took: 0.0000182 seconds
178.588: [GC (Allocation Failure)  385286K->73417K(1033728K), 0.0037224 secs]
178.592: Total time for which application threads were stopped: 0.0038536 seconds, Stopping threads took: 0.0000247 seconds
178.656: [GC (Allocation Failure)  392905K->73417K(1033728K), 0.0037657 secs]
178.660: Total time for which application threads were stopped: 0.0039021 seconds, Stopping threads took: 0.0000184 seconds
178.722: [GC (Allocation Failure)  392905K->73545K(1033728K), 0.0035966 secs]
178.725: Total time for which application threads were stopped: 0.0037233 seconds, Stopping threads took: 0.0000179 seconds
178.790: [GC (Allocation Failure)  393033K->81483K(1033728K), 0.0035443 secs]
178.793: Total time for which application threads were stopped: 0.0036808 seconds, Stopping threads took: 0.0000256 seconds
178.859: [GC (Allocation Failure)  400971K->81451K(1033728K), 0.0036236 secs]
178.862: Total time for which application threads were stopped: 0.0037977 seconds, Stopping threads took: 0.0000262 seconds
178.929: [GC (Allocation Failure)  400939K->81515K(1033728K), 0.0038489 secs]
178.933: Total time for which application threads were stopped: 0.0040085 seconds, Stopping threads took: 0.0000192 seconds
178.998: [GC (Allocation Failure)  401003K->89485K(1027072K), 0.0039018 secs]
179.002: Total time for which application threads were stopped: 0.0040500 seconds, Stopping threads took: 0.0000195 seconds
179.063: [GC (Allocation Failure)  408973K->85579K(1034240K), 0.0028340 secs]
179.065: Total time for which application threads were stopped: 0.0029789 seconds, Stopping threads took: 0.0000243 seconds
179.131: [GC (Allocation Failure)  405067K->89605K(1033216K), 0.0038572 secs]
179.135: Total time for which application threads were stopped: 0.0040014 seconds, Stopping threads took: 0.0000188 seconds
179.201: [GC (Allocation Failure)  409093K->93605K(1034752K), 0.0035285 secs]
179.205: Total time for which application threads were stopped: 0.0036587 seconds, Stopping threads took: 0.0000201 seconds
179.268: [GC (Allocation Failure)  415141K->86819K(1034752K), 0.0013695 secs]
179.270: Total time for which application threads were stopped: 0.0014927 seconds, Stopping threads took: 0.0000178 seconds
179.332: [GC (Allocation Failure)  408355K->93669K(1034752K), 0.0034964 secs]
179.336: Total time for which application threads were stopped: 0.0036278 seconds, Stopping threads took: 0.0000184 seconds
179.400: [GC (Allocation Failure)  415205K->97749K(1034752K), 0.0049266 secs]
179.405: Total time for which application threads were stopped: 0.0050457 seconds, Stopping threads took: 0.0000153 seconds
179.467: [GC (Allocation Failure)  419285K->92179K(1034752K), 0.0018172 secs]
179.469: Total time for which application threads were stopped: 0.0019514 seconds, Stopping threads took: 0.0000286 seconds
179.534: [GC (Allocation Failure)  413715K->98053K(1034752K), 0.0037532 secs]
179.537: Total time for which application threads were stopped: 0.0038844 seconds, Stopping threads took: 0.0000179 seconds
179.600: [GC (Allocation Failure)  419589K->101893K(1035264K), 0.0041150 secs]
179.604: Total time for which application threads were stopped: 0.0042729 seconds, Stopping threads took: 0.0000237 seconds
179.667: [GC (Allocation Failure)  424381K->97987K(1035264K), 0.0027103 secs]
179.669: Total time for which application threads were stopped: 0.0028332 seconds, Stopping threads took: 0.0000181 seconds
179.733: [GC (Allocation Failure)  420547K->102029K(1036288K), 0.0038618 secs]
179.737: Total time for which application threads were stopped: 0.0039916 seconds, Stopping threads took: 0.0000173 seconds
179.802: [GC (Allocation Failure)  426125K->106029K(1035776K), 0.0035525 secs]
179.805: Total time for which application threads were stopped: 0.0036815 seconds, Stopping threads took: 0.0000177 seconds
179.873: [GC (Allocation Failure)  430125K->106029K(1035776K), 0.0037483 secs]
179.877: Total time for which application threads were stopped: 0.0039126 seconds, Stopping threads took: 0.0000258 seconds
179.944: [GC (Allocation Failure)  429613K->106125K(1023488K), 0.0038053 secs]
179.948: Total time for which application threads were stopped: 0.0039367 seconds, Stopping threads took: 0.0000191 seconds
180.012: [GC (Allocation Failure)  429709K->114063K(1035264K), 0.0037304 secs]
180.015: Total time for which application threads were stopped: 0.0038638 seconds, Stopping threads took: 0.0000200 seconds
180.078: [GC (Allocation Failure)  436623K->114095K(1030144K), 0.0036105 secs]
180.082: Total time for which application threads were stopped: 0.0037406 seconds, Stopping threads took: 0.0000188 seconds
180.145: [GC (Allocation Failure)  436655K->114087K(1034752K), 0.0037893 secs]
180.149: Total time for which application threads were stopped: 0.0039238 seconds, Stopping threads took: 0.0000202 seconds
180.214: [GC (Allocation Failure)  435623K->122154K(1029120K), 0.0037844 secs]
180.218: Total time for which application threads were stopped: 0.0039108 seconds, Stopping threads took: 0.0000176 seconds
180.282: [GC (Allocation Failure)  443690K->122090K(1034240K), 0.0035496 secs]
180.286: Total time for which application threads were stopped: 0.0036797 seconds, Stopping threads took: 0.0000190 seconds
180.349: [GC (Allocation Failure)  442602K->122346K(1034240K), 0.0036611 secs]
180.352: Total time for which application threads were stopped: 0.0037974 seconds, Stopping threads took: 0.0000244 seconds
180.417: [GC (Allocation Failure)  442858K->130124K(1034240K), 0.0036078 secs]
180.421: Total time for which application threads were stopped: 0.0037573 seconds, Stopping threads took: 0.0000237 seconds
180.484: [GC (Allocation Failure)  450636K->130124K(1034240K), 0.0038297 secs]
180.488: Total time for which application threads were stopped: 0.0039771 seconds, Stopping threads took: 0.0000195 seconds
180.553: [GC (Allocation Failure)  450636K->130572K(1033216K), 0.0038466 secs]
180.556: Total time for which application threads were stopped: 0.0039900 seconds, Stopping threads took: 0.0000230 seconds
180.622: [GC (Allocation Failure)  450060K->138158K(1033728K), 0.0037375 secs]
180.625: Total time for which application threads were stopped: 0.0038736 seconds, Stopping threads took: 0.0000239 seconds
180.689: [GC (Allocation Failure)  457646K->138158K(1033728K), 0.0036598 secs]
180.692: Total time for which application threads were stopped: 0.0037932 seconds, Stopping threads took: 0.0000186 seconds
180.753: [GC (Allocation Failure)  457646K->138286K(1033728K), 0.0039971 secs]
180.757: Total time for which application threads were stopped: 0.0041518 seconds, Stopping threads took: 0.0000236 seconds
180.820: [GC (Allocation Failure)  457774K->146192K(1033728K), 0.0044094 secs]
180.825: Total time for which application threads were stopped: 0.0045453 seconds, Stopping threads took: 0.0000165 seconds
180.891: [GC (Allocation Failure)  465680K->146224K(1033728K), 0.0049146 secs]
180.896: Total time for which application threads were stopped: 0.0050898 seconds, Stopping threads took: 0.0000258 seconds
180.964: [GC (Allocation Failure)  465712K->146248K(1033728K), 0.0039201 secs]
180.968: Total time for which application threads were stopped: 0.0040663 seconds, Stopping threads took: 0.0000191 seconds
181.032: [GC (Allocation Failure)  465736K->154219K(1027072K), 0.0039106 secs]
181.036: Total time for which application threads were stopped: 0.0040402 seconds, Stopping threads took: 0.0000189 seconds
181.097: [GC (Allocation Failure)  473706K->150312K(1034240K), 0.0030215 secs]
181.100: Total time for which application threads were stopped: 0.0031503 seconds, Stopping threads took: 0.0000183 seconds
181.164: [GC (Allocation Failure)  469800K->154379K(1033216K), 0.0038499 secs]
181.168: Total time for which application threads were stopped: 0.0039724 seconds, Stopping threads took: 0.0000150 seconds
181.233: [GC (Allocation Failure)  473867K->158379K(1034752K), 0.0036957 secs]
181.237: Total time for which application threads were stopped: 0.0038408 seconds, Stopping threads took: 0.0000248 seconds
181.299: [GC (Allocation Failure)  479915K->151592K(1034752K), 0.0014685 secs]
181.300: Total time for which application threads were stopped: 0.0016003 seconds, Stopping threads took: 0.0000266 seconds
181.366: [GC (Allocation Failure)  473128K->158451K(1034752K), 0.0037339 secs]
181.370: Total time for which application threads were stopped: 0.0038657 seconds, Stopping threads took: 0.0000190 seconds
181.432: [GC (Allocation Failure)  479987K->162499K(1034752K), 0.0048563 secs]
181.437: Total time for which application threads were stopped: 0.0049995 seconds, Stopping threads took: 0.0000239 seconds
181.499: [GC (Allocation Failure)  484035K->156992K(1034752K), 0.0019454 secs]
181.501: Total time for which application threads were stopped: 0.0020839 seconds, Stopping threads took: 0.0000249 seconds
181.567: [GC (Allocation Failure)  478528K->162795K(1034752K), 0.0038218 secs]
181.571: Total time for which application threads were stopped: 0.0039390 seconds, Stopping threads took: 0.0000156 seconds
181.634: [GC (Allocation Failure)  484331K->166627K(1035264K), 0.0041652 secs]
181.638: Total time for which application threads were stopped: 0.0042977 seconds, Stopping threads took: 0.0000199 seconds
181.701: [GC (Allocation Failure)  489115K->162720K(1035264K), 0.0029149 secs]
181.704: Total time for which application threads were stopped: 0.0030459 seconds, Stopping threads took: 0.0000187 seconds
181.768: [GC (Allocation Failure)  485280K->166795K(1036288K), 0.0038622 secs]
181.772: Total time for which application threads were stopped: 0.0039954 seconds, Stopping threads took: 0.0000180 seconds
181.837: [GC (Allocation Failure)  490891K->170731K(1035776K), 0.0068566 secs]
181.844: Total time for which application threads were stopped: 0.0070132 seconds, Stopping threads took: 0.0000265 seconds
181.913: [GC (Allocation Failure)  494827K->170763K(1035776K), 0.0037177 secs]
181.916: Total time for which application threads were stopped: 0.0038857 seconds, Stopping threads took: 0.0000280 seconds
181.983: [GC (Allocation Failure)  494347K->170891K(1023488K), 0.0039064 secs]
181.987: Total time for which application threads were stopped: 0.0040395 seconds, Stopping threads took: 0.0000190 seconds
182.049: [GC (Allocation Failure)  494475K->178829K(1035264K), 0.0039991 secs]
182.053: Total time for which application threads were stopped: 0.0041560 seconds, Stopping threads took: 0.0000250 seconds
182.117: [GC (Allocation Failure)  501389K->178797K(1030144K), 0.0036264 secs]
182.121: Total time for which application threads were stopped: 0.0037671 seconds, Stopping threads took: 0.0000199 seconds
182.185: [GC (Allocation Failure)  501357K->178829K(1034752K), 0.0039255 secs]
182.189: Total time for which application threads were stopped: 0.0040411 seconds, Stopping threads took: 0.0000151 seconds
182.255: [GC (Allocation Failure)  500365K->186799K(1034752K), 0.0040607 secs]
182.259: Total time for which application threads were stopped: 0.0042019 seconds, Stopping threads took: 0.0000202 seconds
182.323: [GC (Allocation Failure)  508335K->186799K(1033728K), 0.0038088 secs]
182.327: Total time for which application threads were stopped: 0.0039735 seconds, Stopping threads took: 0.0000270 seconds
182.392: [GC (Allocation Failure)  507311K->187047K(1034240K), 0.0039573 secs]
182.396: Total time for which application threads were stopped: 0.0041078 seconds, Stopping threads took: 0.0000189 seconds
182.461: [GC (Allocation Failure)  507559K->194857K(1034240K), 0.0038736 secs]
182.465: Total time for which application threads were stopped: 0.0040150 seconds, Stopping threads took: 0.0000187 seconds
182.528: [GC (Allocation Failure)  515369K->194889K(1034240K), 0.0039095 secs]
182.532: Total time for which application threads were stopped: 0.0040397 seconds, Stopping threads took: 0.0000188 seconds
182.595: [GC (Allocation Failure)  515401K->195305K(1033216K), 0.0039522 secs]
182.599: Total time for which application threads were stopped: 0.0040792 seconds, Stopping threads took: 0.0000183 seconds
182.664: [GC (Allocation Failure)  514793K->202924K(1033728K), 0.0037965 secs]
182.668: Total time for which application threads were stopped: 0.0039240 seconds, Stopping threads took: 0.0000169 seconds
182.732: [GC (Allocation Failure)  522412K->202924K(1033728K), 0.0038165 secs]
182.736: Total time for which application threads were stopped: 0.0039421 seconds, Stopping threads took: 0.0000179 seconds
182.797: [GC (Allocation Failure)  522412K->203020K(1033728K), 0.0064089 secs]
182.803: Total time for which application threads were stopped: 0.0065486 seconds, Stopping threads took: 0.0000180 seconds
182.872: [GC (Allocation Failure)  522508K->210926K(1033728K), 0.0038205 secs]
182.876: Total time for which application threads were stopped: 0.0039699 seconds, Stopping threads took: 0.0000168 seconds
182.941: [GC (Allocation Failure)  530414K->210926K(1033728K), 0.0042180 secs]
182.946: Total time for which application threads were stopped: 0.0044074 seconds, Stopping threads took: 0.0000292 seconds
183.010: [GC (Allocation Failure)  530414K->210950K(1033728K), 0.0039934 secs]
183.014: Total time for which application threads were stopped: 0.0041256 seconds, Stopping threads took: 0.0000199 seconds
183.078: [GC (Allocation Failure)  530438K->218952K(1027072K), 0.0040909 secs]
183.082: Total time for which application threads were stopped: 0.0042220 seconds, Stopping threads took: 0.0000184 seconds
183.142: [GC (Allocation Failure)  538440K->215046K(1034240K), 0.0031252 secs]
183.146: Total time for which application threads were stopped: 0.0032539 seconds, Stopping threads took: 0.0000190 seconds
183.208: [GC (Allocation Failure)  534534K->219112K(1033216K), 0.0039473 secs]
183.212: Total time for which application threads were stopped: 0.0040769 seconds, Stopping threads took: 0.0000173 seconds
183.275: [GC (Allocation Failure)  538600K->223080K(1034752K), 0.0038262 secs]
183.279: Total time for which application threads were stopped: 0.0039527 seconds, Stopping threads took: 0.0000175 seconds
183.341: [GC (Allocation Failure)  544616K->216326K(1034752K), 0.0017802 secs]
183.343: Total time for which application threads were stopped: 0.0019234 seconds, Stopping threads took: 0.0000242 seconds
183.406: [GC (Allocation Failure)  537862K->223112K(1034752K), 0.0038344 secs]
183.410: Total time for which application threads were stopped: 0.0039658 seconds, Stopping threads took: 0.0000182 seconds
183.472: [GC (Allocation Failure)  544648K->227224K(1034752K), 0.0048699 secs]
183.477: Total time for which application threads were stopped: 0.0049985 seconds, Stopping threads took: 0.0000183 seconds
183.540: [GC (Allocation Failure)  548760K->221686K(1034752K), 0.0021369 secs]
183.542: Total time for which application threads were stopped: 0.0022612 seconds, Stopping threads took: 0.0000179 seconds
183.607: [GC (Allocation Failure)  543222K->227496K(1034752K), 0.0039928 secs]
183.611: Total time for which application threads were stopped: 0.0041222 seconds, Stopping threads took: 0.0000181 seconds
183.674: [GC (Allocation Failure)  549032K->231368K(1034752K), 0.0043676 secs]
183.678: Total time for which application threads were stopped: 0.0045041 seconds, Stopping threads took: 0.0000177 seconds
183.742: [GC (Allocation Failure)  553857K->227462K(1035264K), 0.0029010 secs]
183.745: Total time for which application threads were stopped: 0.0030440 seconds, Stopping threads took: 0.0000234 seconds
183.809: [GC (Allocation Failure)  550022K->231536K(1036288K), 0.0041866 secs]
183.813: Total time for which application threads were stopped: 0.0043560 seconds, Stopping threads took: 0.0000179 seconds
183.881: [GC (Allocation Failure)  555632K->235536K(1035776K), 0.0039339 secs]
183.885: Total time for which application threads were stopped: 0.0041123 seconds, Stopping threads took: 0.0000282 seconds
183.954: [GC (Allocation Failure)  559632K->235536K(1035776K), 0.0039739 secs]
183.958: Total time for which application threads were stopped: 0.0041378 seconds, Stopping threads took: 0.0000198 seconds
184.026: [GC (Allocation Failure)  559120K->235560K(1023488K), 0.0041221 secs]
184.030: Total time for which application threads were stopped: 0.0042711 seconds, Stopping threads took: 0.0000195 seconds
184.095: [GC (Allocation Failure)  559144K->243531K(1035264K), 0.0040146 secs]
184.099: Total time for which application threads were stopped: 0.0041710 seconds, Stopping threads took: 0.0000196 seconds
184.164: [GC (Allocation Failure)  566091K->243563K(1030144K), 0.0037267 secs]
184.168: Total time for which application threads were stopped: 0.0038553 seconds, Stopping threads took: 0.0000156 seconds
184.233: [GC (Allocation Failure)  566123K->243595K(1034752K), 0.0040978 secs]
184.237: Total time for which application threads were stopped: 0.0042266 seconds, Stopping threads took: 0.0000183 seconds
184.300: [GC (Allocation Failure)  565131K->251597K(1029120K), 0.0042430 secs]
184.305: Total time for which application threads were stopped: 0.0043754 seconds, Stopping threads took: 0.0000198 seconds
184.369: [GC (Allocation Failure)  573133K->251565K(1034240K), 0.0038016 secs]
184.373: Total time for which application threads were stopped: 0.0039503 seconds, Stopping threads took: 0.0000253 seconds
184.436: [GC (Allocation Failure)  572077K->251821K(1034240K), 0.0040998 secs]
184.440: Total time for which application threads were stopped: 0.0042380 seconds, Stopping threads took: 0.0000235 seconds
184.504: [GC (Allocation Failure)  572333K->259599K(1034240K), 0.0040410 secs]
184.508: Total time for which application threads were stopped: 0.0041905 seconds, Stopping threads took: 0.0000235 seconds
184.572: [GC (Allocation Failure)  580111K->259599K(1034240K), 0.0039420 secs]
184.576: Total time for which application threads were stopped: 0.0040915 seconds, Stopping threads took: 0.0000240 seconds
184.639: [GC (Allocation Failure)  580111K->260007K(1033216K), 0.0042098 secs]
184.643: Total time for which application threads were stopped: 0.0043449 seconds, Stopping threads took: 0.0000195 seconds
184.708: [GC (Allocation Failure)  579495K->267657K(1033728K), 0.0041953 secs]
184.712: Total time for which application threads were stopped: 0.0043347 seconds, Stopping threads took: 0.0000205 seconds
184.778: [GC (Allocation Failure)  587145K->267625K(1033728K), 0.0040932 secs]
184.782: Total time for which application threads were stopped: 0.0042235 seconds, Stopping threads took: 0.0000187 seconds
184.845: [GC (Allocation Failure)  587113K->267785K(1033728K), 0.0041192 secs]
184.849: Total time for which application threads were stopped: 0.0043091 seconds, Stopping threads took: 0.0000163 seconds
184.917: [GC (Allocation Failure)  587273K->275660K(1033728K), 0.0040442 secs]
184.921: Total time for which application threads were stopped: 0.0041921 seconds, Stopping threads took: 0.0000264 seconds
184.984: [GC (Allocation Failure)  595148K->275660K(1033728K), 0.0040891 secs]
184.988: Total time for which application threads were stopped: 0.0042288 seconds, Stopping threads took: 0.0000270 seconds
185.051: [GC (Allocation Failure)  595148K->275724K(1033728K), 0.0040855 secs]
185.055: Total time for which application threads were stopped: 0.0042178 seconds, Stopping threads took: 0.0000190 seconds
185.118: [GC (Allocation Failure)  595212K->283694K(1027072K), 0.0041418 secs]
185.122: Total time for which application threads were stopped: 0.0042770 seconds, Stopping threads took: 0.0000208 seconds
185.184: [GC (Allocation Failure)  603181K->279788K(1034240K), 0.0032548 secs]
185.188: Total time for which application threads were stopped: 0.0033821 seconds, Stopping threads took: 0.0000175 seconds
185.253: [GC (Allocation Failure)  599276K->283854K(1033216K), 0.0042545 secs]
185.257: Total time for which application threads were stopped: 0.0043823 seconds, Stopping threads took: 0.0000182 seconds
185.322: [GC (Allocation Failure)  603342K->287822K(1034752K), 0.0040624 secs]
185.326: Total time for which application threads were stopped: 0.0041987 seconds, Stopping threads took: 0.0000179 seconds
185.389: [GC (Allocation Failure)  609358K->281036K(1034752K), 0.0016425 secs]
185.391: Total time for which application threads were stopped: 0.0017832 seconds, Stopping threads took: 0.0000189 seconds
185.454: [GC (Allocation Failure)  602572K->287862K(1034752K), 0.0039717 secs]
185.458: Total time for which application threads were stopped: 0.0040905 seconds, Stopping threads took: 0.0000155 seconds
185.522: [GC (Allocation Failure)  609398K->292006K(1034752K), 0.0051457 secs]
185.527: Total time for which application threads were stopped: 0.0052866 seconds, Stopping threads took: 0.0000178 seconds
185.588: [GC (Allocation Failure)  613542K->286436K(1034752K), 0.0023253 secs]
185.590: Total time for which application threads were stopped: 0.0024702 seconds, Stopping threads took: 0.0000251 seconds
185.655: [GC (Allocation Failure)  607972K->292238K(1034752K), 0.0041339 secs]
185.659: Total time for which application threads were stopped: 0.0042806 seconds, Stopping threads took: 0.0000194 seconds
185.722: [GC (Allocation Failure)  613774K->296110K(1034752K), 0.0046155 secs]
185.727: Total time for which application threads were stopped: 0.0047550 seconds, Stopping threads took: 0.0000182 seconds
185.789: [GC (Allocation Failure)  618598K->292172K(1035264K), 0.0030805 secs]
185.793: Total time for which application threads were stopped: 0.0033286 seconds, Stopping threads took: 0.0000187 seconds
185.859: [GC (Allocation Failure)  614732K->296270K(1036288K), 0.0042111 secs]
185.864: Total time for which application threads were stopped: 0.0043626 seconds, Stopping threads took: 0.0000262 seconds
185.932: [GC (Allocation Failure)  620366K->300238K(1035776K), 0.0042107 secs]
185.937: Total time for which application threads were stopped: 0.0043804 seconds, Stopping threads took: 0.0000197 seconds
186.003: [GC (Allocation Failure)  624334K->300238K(1035776K), 0.0042358 secs]
186.007: Total time for which application threads were stopped: 0.0044061 seconds, Stopping threads took: 0.0000203 seconds
186.072: [GC (Allocation Failure)  623822K->300310K(1023488K), 0.0041503 secs]
186.076: Total time for which application threads were stopped: 0.0042784 seconds, Stopping threads took: 0.0000219 seconds
186.140: [GC (Allocation Failure)  623894K->308312K(1035264K), 0.0040843 secs]
186.145: Total time for which application threads were stopped: 0.0042034 seconds, Stopping threads took: 0.0000150 seconds
186.208: [GC (Allocation Failure)  630872K->308280K(1030144K), 0.0039202 secs]
186.212: Total time for which application threads were stopped: 0.0040680 seconds, Stopping threads took: 0.0000185 seconds
186.277: [GC (Allocation Failure)  630840K->308344K(1034752K), 0.0041955 secs]
186.281: Total time for which application threads were stopped: 0.0043428 seconds, Stopping threads took: 0.0000180 seconds
186.346: [GC (Allocation Failure)  629880K->316314K(1034752K), 0.0041770 secs]
186.350: Total time for which application threads were stopped: 0.0043102 seconds, Stopping threads took: 0.0000188 seconds
186.416: [GC (Allocation Failure)  637850K->316314K(1033728K), 0.0038547 secs]
186.420: Total time for which application threads were stopped: 0.0039896 seconds, Stopping threads took: 0.0000256 seconds
186.483: [GC (Allocation Failure)  636826K->316570K(1034240K), 0.0041734 secs]
186.487: Total time for which application threads were stopped: 0.0043084 seconds, Stopping threads took: 0.0000243 seconds
186.552: [GC (Allocation Failure)  637082K->324349K(1034240K), 0.0040902 secs]
186.556: Total time for which application threads were stopped: 0.0042321 seconds, Stopping threads took: 0.0000179 seconds
186.620: [GC (Allocation Failure)  644861K->324317K(1034240K), 0.0043498 secs]
186.624: Total time for which application threads were stopped: 0.0045002 seconds, Stopping threads took: 0.0000233 seconds
186.686: [GC (Allocation Failure)  644829K->324805K(1034240K), 0.0043815 secs]
186.691: Total time for which application threads were stopped: 0.0045123 seconds, Stopping threads took: 0.0000184 seconds
186.756: [GC (Allocation Failure)  645317K->332391K(1028096K), 0.0040711 secs]
186.760: Total time for which application threads were stopped: 0.0042120 seconds, Stopping threads took: 0.0000186 seconds
186.821: [GC (Allocation Failure)  652903K->332359K(1033728K), 0.0049536 secs]
186.826: Total time for which application threads were stopped: 0.0050908 seconds, Stopping threads took: 0.0000163 seconds
186.891: [GC (Allocation Failure)  651847K->332551K(1033728K), 0.0042178 secs]
186.895: Total time for which application threads were stopped: 0.0043692 seconds, Stopping threads took: 0.0000265 seconds
186.960: [GC (Allocation Failure)  652039K->340425K(1033728K), 0.0042159 secs]
186.964: Total time for which application threads were stopped: 0.0043584 seconds, Stopping threads took: 0.0000278 seconds
187.027: [GC (Allocation Failure)  659913K->340457K(1033728K), 0.0041942 secs]
187.032: Total time for which application threads were stopped: 0.0043547 seconds, Stopping threads took: 0.0000318 seconds
187.093: [GC (Allocation Failure)  659945K->340489K(1033728K), 0.0043032 secs]
187.097: Total time for which application threads were stopped: 0.0044421 seconds, Stopping threads took: 0.0000178 seconds
187.159: [GC (Allocation Failure)  659977K->348459K(1027072K), 0.0042779 secs]
187.163: Total time for which application threads were stopped: 0.0044224 seconds, Stopping threads took: 0.0000226 seconds
187.223: [GC (Allocation Failure)  667947K->344585K(1034240K), 0.0034759 secs]
187.227: Total time for which application threads were stopped: 0.0036246 seconds, Stopping threads took: 0.0000200 seconds
187.290: [GC (Allocation Failure)  664073K->348619K(1033216K), 0.0044258 secs]
187.294: Total time for which application threads were stopped: 0.0045669 seconds, Stopping threads took: 0.0000186 seconds
187.357: [GC (Allocation Failure)  668107K->352587K(1034752K), 0.0041009 secs]
187.361: Total time for which application threads were stopped: 0.0042294 seconds, Stopping threads took: 0.0000248 seconds
187.424: [GC (Allocation Failure)  674123K->345801K(1034752K), 0.0017863 secs]
187.426: Total time for which application threads were stopped: 0.0019183 seconds, Stopping threads took: 0.0000190 seconds
187.488: [GC (Allocation Failure)  667337K->352651K(1034752K), 0.0040020 secs]
187.492: Total time for which application threads were stopped: 0.0041223 seconds, Stopping threads took: 0.0000243 seconds
187.554: [GC (Allocation Failure)  674187K->356755K(1034752K), 0.0051562 secs]
187.559: Total time for which application threads were stopped: 0.0053181 seconds, Stopping threads took: 0.0000244 seconds
187.622: [GC (Allocation Failure)  678291K->351153K(1034752K), 0.0024973 secs]
187.625: Total time for which application threads were stopped: 0.0026264 seconds, Stopping threads took: 0.0000152 seconds
187.688: [GC (Allocation Failure)  672689K->357027K(1034752K), 0.0042915 secs]
187.692: Total time for which application threads were stopped: 0.0044259 seconds, Stopping threads took: 0.0000186 seconds
187.755: [GC (Allocation Failure)  678563K->360907K(1035264K), 0.0047864 secs]
187.760: Total time for which application threads were stopped: 0.0049429 seconds, Stopping threads took: 0.0000231 seconds
187.823: [GC (Allocation Failure)  683396K->356937K(1035264K), 0.0041807 secs]
187.828: Total time for which application threads were stopped: 0.0043269 seconds, Stopping threads took: 0.0000250 seconds
187.897: [GC (Allocation Failure)  679497K->361035K(1036288K), 0.0043291 secs]
187.901: Total time for which application threads were stopped: 0.0045327 seconds, Stopping threads took: 0.0000258 seconds
187.968: [GC (Allocation Failure)  685131K->365035K(1035776K), 0.0043262 secs]
187.972: Total time for which application threads were stopped: 0.0044844 seconds, Stopping threads took: 0.0000256 seconds
188.038: [GC (Allocation Failure)  689131K->365003K(1035776K), 0.0043027 secs]
188.042: Total time for which application threads were stopped: 0.0044586 seconds, Stopping threads took: 0.0000204 seconds
188.108: [GC (Allocation Failure)  688587K->365059K(1023488K), 0.0044102 secs]
188.112: Total time for which application threads were stopped: 0.0045436 seconds, Stopping threads took: 0.0000190 seconds
188.177: [GC (Allocation Failure)  688643K->373030K(1035264K), 0.0043162 secs]
188.181: Total time for which application threads were stopped: 0.0044426 seconds, Stopping threads took: 0.0000181 seconds
188.244: [GC (Allocation Failure)  695590K->373030K(1030144K), 0.0041684 secs]
188.248: Total time for which application threads were stopped: 0.0043093 seconds, Stopping threads took: 0.0000192 seconds
188.313: [GC (Allocation Failure)  695590K->373094K(1034752K), 0.0043235 secs]
188.318: Total time for which application threads were stopped: 0.0044654 seconds, Stopping threads took: 0.0000188 seconds
188.383: [GC (Allocation Failure)  694630K->381032K(1034752K), 0.0042742 secs]
188.388: Total time for which application threads were stopped: 0.0044122 seconds, Stopping threads took: 0.0000253 seconds
188.452: [GC (Allocation Failure)  702568K->381096K(1033728K), 0.0065290 secs]
188.458: Total time for which application threads were stopped: 0.0066839 seconds, Stopping threads took: 0.0000209 seconds
188.522: [GC (Allocation Failure)  701608K->381320K(1034240K), 0.0044079 secs]
188.527: Total time for which application threads were stopped: 0.0045526 seconds, Stopping threads took: 0.0000188 seconds
188.592: [GC (Allocation Failure)  701832K->389098K(1034240K), 0.0041920 secs]
188.596: Total time for which application threads were stopped: 0.0043285 seconds, Stopping threads took: 0.0000204 seconds
188.660: [GC (Allocation Failure)  709610K->389098K(1034240K), 0.0064069 secs]
188.666: Total time for which application threads were stopped: 0.0065352 seconds, Stopping threads took: 0.0000185 seconds
188.729: [GC (Allocation Failure)  709610K->389546K(1033216K), 0.0043860 secs]
188.733: Total time for which application threads were stopped: 0.0045281 seconds, Stopping threads took: 0.0000184 seconds
188.796: [GC (Allocation Failure)  709034K->397133K(1033728K), 0.0043930 secs]
188.801: Total time for which application threads were stopped: 0.0045383 seconds, Stopping threads took: 0.0000201 seconds
188.869: [GC (Allocation Failure)  716621K->397133K(1033728K), 0.0042234 secs]
188.874: Total time for which application threads were stopped: 0.0043727 seconds, Stopping threads took: 0.0000163 seconds
188.938: [GC (Allocation Failure)  716621K->397293K(1033728K), 0.0043623 secs]
188.943: Total time for which application threads were stopped: 0.0045029 seconds, Stopping threads took: 0.0000259 seconds
189.007: [GC (Allocation Failure)  716781K->405231K(1033728K), 0.0042834 secs]
189.011: Total time for which application threads were stopped: 0.0044243 seconds, Stopping threads took: 0.0000252 seconds
189.074: [GC (Allocation Failure)  724719K->405199K(1033728K), 0.0043280 secs]
189.079: Total time for which application threads were stopped: 0.0044786 seconds, Stopping threads took: 0.0000237 seconds
189.141: [GC (Allocation Failure)  724687K->405191K(1033728K), 0.0043951 secs]
189.146: Total time for which application threads were stopped: 0.0045378 seconds, Stopping threads took: 0.0000267 seconds
189.208: [GC (Allocation Failure)  724679K->413193K(1027072K), 0.0045026 secs]
189.213: Total time for which application threads were stopped: 0.0046599 seconds, Stopping threads took: 0.0000244 seconds
189.274: [GC (Allocation Failure)  732681K->409287K(1034240K), 0.0036615 secs]
189.278: Total time for which application threads were stopped: 0.0038080 seconds, Stopping threads took: 0.0000240 seconds
189.341: [GC (Allocation Failure)  728775K->413321K(1033216K), 0.0044818 secs]
189.346: Total time for which application threads were stopped: 0.0046172 seconds, Stopping threads took: 0.0000186 seconds
189.411: [GC (Allocation Failure)  732809K->417353K(1034752K), 0.0064634 secs]
189.418: Total time for which application threads were stopped: 0.0066014 seconds, Stopping threads took: 0.0000249 seconds
189.481: [GC (Allocation Failure)  738889K->410535K(1034752K), 0.0019694 secs]
189.483: Total time for which application threads were stopped: 0.0021276 seconds, Stopping threads took: 0.0000248 seconds
189.548: [GC (Allocation Failure)  732071K->417393K(1034752K), 0.0042415 secs]
189.552: Total time for which application threads were stopped: 0.0043734 seconds, Stopping threads took: 0.0000187 seconds
189.615: [GC (Allocation Failure)  738929K->421473K(1034752K), 0.0052402 secs]
189.620: Total time for which application threads were stopped: 0.0053710 seconds, Stopping threads took: 0.0000179 seconds
189.683: [GC (Allocation Failure)  743009K->415967K(1034752K), 0.0026179 secs]
189.686: Total time for which application threads were stopped: 0.0027487 seconds, Stopping threads took: 0.0000186 seconds
189.749: [GC (Allocation Failure)  737503K->421745K(1034752K), 0.0044150 secs]
189.753: Total time for which application threads were stopped: 0.0045561 seconds, Stopping threads took: 0.0000267 seconds
189.818: [GC (Allocation Failure)  743281K->425585K(1035264K), 0.0069816 secs]
189.825: Total time for which application threads were stopped: 0.0071328 seconds, Stopping threads took: 0.0000187 seconds
189.892: [GC (Allocation Failure)  748073K->421711K(1035264K), 0.0032805 secs]
189.895: Total time for which application threads were stopped: 0.0034469 seconds, Stopping threads took: 0.0000257 seconds
189.963: [GC (Allocation Failure)  744271K->425769K(1036288K), 0.0045383 secs]
189.968: Total time for which application threads were stopped: 0.0047337 seconds, Stopping threads took: 0.0000429 seconds
190.034: [GC (Allocation Failure)  749865K->429737K(1035776K), 0.0044941 secs]
190.038: Total time for which application threads were stopped: 0.0046677 seconds, Stopping threads took: 0.0000198 seconds
190.103: [GC (Allocation Failure)  753833K->429737K(1035776K), 0.0045565 secs]
190.108: Total time for which application threads were stopped: 0.0047352 seconds, Stopping threads took: 0.0000191 seconds
190.171: [GC (Allocation Failure)  753321K->429801K(1023488K), 0.0044675 secs]
190.175: Total time for which application threads were stopped: 0.0046246 seconds, Stopping threads took: 0.0000210 seconds
190.237: [GC (Allocation Failure)  753385K->437771K(1035264K), 0.0043668 secs]
190.242: Total time for which application threads were stopped: 0.0045096 seconds, Stopping threads took: 0.0000181 seconds
190.307: [GC (Allocation Failure)  760331K->437771K(1030144K), 0.0042869 secs]
190.311: Total time for which application threads were stopped: 0.0044230 seconds, Stopping threads took: 0.0000157 seconds
190.376: [GC (Allocation Failure)  760331K->437827K(1034752K), 0.0043656 secs]
190.380: Total time for which application threads were stopped: 0.0044802 seconds, Stopping threads took: 0.0000156 seconds
190.443: [GC (Allocation Failure)  759363K->445830K(1034752K), 0.0044535 secs]
190.448: Total time for which application threads were stopped: 0.0045900 seconds, Stopping threads took: 0.0000235 seconds
190.512: [GC (Allocation Failure)  767366K->445830K(1033728K), 0.0042745 secs]
190.516: Total time for which application threads were stopped: 0.0044221 seconds, Stopping threads took: 0.0000193 seconds
190.580: [GC (Allocation Failure)  766342K->446054K(1034240K), 0.0044951 secs]
190.585: Total time for which application threads were stopped: 0.0046326 seconds, Stopping threads took: 0.0000173 seconds
190.652: [GC (Allocation Failure)  766566K->453832K(1034240K), 0.0043562 secs]
190.657: Total time for which application threads were stopped: 0.0044850 seconds, Stopping threads took: 0.0000179 seconds
190.722: [GC (Allocation Failure)  774344K->453832K(1034240K), 0.0045375 secs]
190.727: Total time for which application threads were stopped: 0.0046816 seconds, Stopping threads took: 0.0000190 seconds
190.790: [GC (Allocation Failure)  774344K->454280K(1033216K), 0.0044818 secs]
190.794: Total time for which application threads were stopped: 0.0046174 seconds, Stopping threads took: 0.0000191 seconds
190.862: [GC (Allocation Failure)  773768K->461866K(1033728K), 0.0044830 secs]
190.867: Total time for which application threads were stopped: 0.0046592 seconds, Stopping threads took: 0.0000260 seconds
190.934: [GC (Allocation Failure)  781354K->461866K(1033728K), 0.0043835 secs]
190.939: Total time for which application threads were stopped: 0.0045483 seconds, Stopping threads took: 0.0000263 seconds
191.003: [GC (Allocation Failure)  781354K->461994K(1033728K), 0.0045344 secs]
191.008: Total time for which application threads were stopped: 0.0047024 seconds, Stopping threads took: 0.0000194 seconds
191.073: [GC (Allocation Failure)  781482K->469900K(1033728K), 0.0045112 secs]
191.078: Total time for which application threads were stopped: 0.0046626 seconds, Stopping threads took: 0.0000192 seconds
191.142: [GC (Allocation Failure)  789388K->469868K(1033728K), 0.0046413 secs]
191.147: Total time for which application threads were stopped: 0.0048001 seconds, Stopping threads took: 0.0000189 seconds
191.212: [GC (Allocation Failure)  789356K->469964K(1033728K), 0.0044361 secs]
191.216: Total time for which application threads were stopped: 0.0045631 seconds, Stopping threads took: 0.0000157 seconds
191.279: [GC (Allocation Failure)  789452K->477935K(1027072K), 0.0046465 secs]
191.284: Total time for which application threads were stopped: 0.0048030 seconds, Stopping threads took: 0.0000190 seconds
191.346: [GC (Allocation Failure)  797422K->474060K(1034240K), 0.0036232 secs]
191.350: Total time for which application threads were stopped: 0.0037601 seconds, Stopping threads took: 0.0000191 seconds
191.414: [GC (Allocation Failure)  793548K->478095K(1033216K), 0.0044680 secs]
191.419: Total time for which application threads were stopped: 0.0046152 seconds, Stopping threads took: 0.0000194 seconds
191.484: [GC (Allocation Failure)  797583K->482063K(1034752K), 0.0043761 secs]
191.488: Total time for which application threads were stopped: 0.0044978 seconds, Stopping threads took: 0.0000155 seconds
191.551: [GC (Allocation Failure)  803599K->475276K(1034752K), 0.0021003 secs]
191.553: Total time for which application threads were stopped: 0.0022669 seconds, Stopping threads took: 0.0000464 seconds
191.618: [GC (Allocation Failure)  796812K->482135K(1034752K), 0.0044850 secs]
191.622: Total time for which application threads were stopped: 0.0046289 seconds, Stopping threads took: 0.0000193 seconds
191.684: [GC (Allocation Failure)  803671K->486239K(1034752K), 0.0055357 secs]
191.690: Total time for which application threads were stopped: 0.0056848 seconds, Stopping threads took: 0.0000208 seconds
191.751: [GC (Allocation Failure)  807775K->480668K(1034752K), 0.0027154 secs]
191.753: Total time for which application threads were stopped: 0.0028575 seconds, Stopping threads took: 0.0000184 seconds
191.820: [GC (Allocation Failure)  802204K->486439K(1034752K), 0.0054486 secs]
191.825: Total time for which application threads were stopped: 0.0055938 seconds, Stopping threads took: 0.0000254 seconds
191.892: [GC (Allocation Failure)  807975K->490343K(1034752K), 0.0049133 secs]
191.897: Total time for which application threads were stopped: 0.0050541 seconds, Stopping threads took: 0.0000162 seconds
191.964: [GC (Allocation Failure)  812831K->486436K(1035264K), 0.0034025 secs]
191.967: Total time for which application threads were stopped: 0.0035987 seconds, Stopping threads took: 0.0000198 seconds
192.035: [GC (Allocation Failure)  808996K->490511K(1036288K), 0.0047349 secs]
192.040: Total time for which application threads were stopped: 0.0049038 seconds, Stopping threads took: 0.0000222 seconds
192.107: [GC (Allocation Failure)  814607K->494479K(1035776K), 0.0044701 secs]
192.111: Total time for which application threads were stopped: 0.0046735 seconds, Stopping threads took: 0.0000202 seconds
192.180: [GC (Allocation Failure)  818575K->494511K(1035776K), 0.0046357 secs]
192.185: Total time for which application threads were stopped: 0.0048162 seconds, Stopping threads took: 0.0000219 seconds
192.253: [GC (Allocation Failure)  818095K->494535K(1023488K), 0.0047823 secs]
192.258: Total time for which application threads were stopped: 0.0049486 seconds, Stopping threads took: 0.0000196 seconds
192.323: [GC (Allocation Failure)  818119K->502505K(1035264K), 0.0047294 secs]
192.328: Total time for which application threads were stopped: 0.0048965 seconds, Stopping threads took: 0.0000196 seconds
192.393: [GC (Allocation Failure)  825065K->502537K(1030144K), 0.0044551 secs]
192.397: Total time for which application threads were stopped: 0.0046497 seconds, Stopping threads took: 0.0000265 seconds
192.461: [GC (Allocation Failure)  825097K->502569K(1034752K), 0.0044183 secs]
192.465: Total time for which application threads were stopped: 0.0045545 seconds, Stopping threads took: 0.0000199 seconds
192.529: [GC (Allocation Failure)  824105K->510539K(1034752K), 0.0047604 secs]
192.533: Total time for which application threads were stopped: 0.0048949 seconds, Stopping threads took: 0.0000190 seconds
192.598: [GC (Allocation Failure)  832075K->510539K(1033728K), 0.0042840 secs]
192.602: Total time for which application threads were stopped: 0.0044166 seconds, Stopping threads took: 0.0000199 seconds
192.665: [GC (Allocation Failure)  831051K->510795K(1034240K), 0.0045350 secs]
192.669: Total time for which application threads were stopped: 0.0046815 seconds, Stopping threads took: 0.0000187 seconds
192.733: [GC (Allocation Failure)  831307K->518573K(1034240K), 0.0043936 secs]
192.738: Total time for which application threads were stopped: 0.0045251 seconds, Stopping threads took: 0.0000181 seconds
192.801: [GC (Allocation Failure)  839085K->518573K(1034240K), 0.0046356 secs]
192.806: Total time for which application threads were stopped: 0.0047659 seconds, Stopping threads took: 0.0000181 seconds
192.875: [GC (Allocation Failure)  839085K->518989K(1033216K), 0.0046697 secs]
192.880: Total time for which application threads were stopped: 0.0048455 seconds, Stopping threads took: 0.0000267 seconds
192.947: [GC (Allocation Failure)  838477K->526640K(1033728K), 0.0046837 secs]
192.951: Total time for which application threads were stopped: 0.0048459 seconds, Stopping threads took: 0.0000203 seconds
193.019: [GC (Allocation Failure)  846128K->526608K(1033728K), 0.0045494 secs]
193.023: Total time for which application threads were stopped: 0.0047307 seconds, Stopping threads took: 0.0000278 seconds
193.088: [GC (Allocation Failure)  846096K->526728K(1033728K), 0.0047740 secs]
193.093: Total time for which application threads were stopped: 0.0049285 seconds, Stopping threads took: 0.0000203 seconds
193.157: [GC (Allocation Failure)  846216K->534634K(1033728K), 0.0045074 secs]
193.162: Total time for which application threads were stopped: 0.0046451 seconds, Stopping threads took: 0.0000191 seconds
193.227: [GC (Allocation Failure)  854122K->534602K(1033728K), 0.0047079 secs]
193.231: Total time for which application threads were stopped: 0.0048322 seconds, Stopping threads took: 0.0000157 seconds
193.294: [GC (Allocation Failure)  854090K->534698K(1033728K), 0.0045642 secs]
193.299: Total time for which application threads were stopped: 0.0047271 seconds, Stopping threads took: 0.0000281 seconds
193.363: [GC (Allocation Failure)  854186K->542668K(1027072K), 0.0049275 secs]
193.367: Total time for which application threads were stopped: 0.0050871 seconds, Stopping threads took: 0.0000234 seconds
193.430: [GC (Allocation Failure)  862156K->538794K(1034240K), 0.0038951 secs]
193.434: Total time for which application threads were stopped: 0.0040136 seconds, Stopping threads took: 0.0000153 seconds
193.497: [GC (Allocation Failure)  858282K->542828K(1033216K), 0.0045456 secs]
193.502: Total time for which application threads were stopped: 0.0046645 seconds, Stopping threads took: 0.0000161 seconds
193.565: [GC (Allocation Failure)  862316K->546796K(1034752K), 0.0045828 secs]
193.570: Total time for which application threads were stopped: 0.0047159 seconds, Stopping threads took: 0.0000187 seconds
193.632: [GC (Allocation Failure)  868332K->540010K(1034752K), 0.0022957 secs]
193.634: Total time for which application threads were stopped: 0.0024448 seconds, Stopping threads took: 0.0000191 seconds
193.699: [GC (Allocation Failure)  861546K->546860K(1034752K), 0.0045934 secs]
193.704: Total time for which application threads were stopped: 0.0047353 seconds, Stopping threads took: 0.0000263 seconds
193.766: [GC (Allocation Failure)  868396K->550972K(1034752K), 0.0056336 secs]
193.772: Total time for which application threads were stopped: 0.0057685 seconds, Stopping threads took: 0.0000188 seconds
193.834: [GC (Allocation Failure)  872508K->545402K(1034752K), 0.0037016 secs]
193.838: Total time for which application threads were stopped: 0.0038355 seconds, Stopping threads took: 0.0000230 seconds
193.905: [GC (Allocation Failure)  866938K->551180K(1034752K), 0.0046035 secs]
193.910: Total time for which application threads were stopped: 0.0047725 seconds, Stopping threads took: 0.0000255 seconds
193.977: [GC (Allocation Failure)  872716K->555116K(1034752K), 0.0051025 secs]
193.982: Total time for which application threads were stopped: 0.0052614 seconds, Stopping threads took: 0.0000196 seconds
194.049: [GC (Allocation Failure)  877605K->551178K(1035264K), 0.0034795 secs]
194.053: Total time for which application threads were stopped: 0.0036409 seconds, Stopping threads took: 0.0000198 seconds
194.120: [GC (Allocation Failure)  873738K->555244K(1036288K), 0.0049100 secs]
194.126: Total time for which application threads were stopped: 0.0050826 seconds, Stopping threads took: 0.0000199 seconds
194.192: [GC (Allocation Failure)  879340K->559244K(1035776K), 0.0047923 secs]
194.197: Total time for which application threads were stopped: 0.0049552 seconds, Stopping threads took: 0.0000202 seconds
194.264: [GC (Allocation Failure)  883340K->559244K(1035776K), 0.0047443 secs]
194.268: Total time for which application threads were stopped: 0.0049055 seconds, Stopping threads took: 0.0000191 seconds
194.334: [GC (Allocation Failure)  882828K->559276K(1023488K), 0.0046151 secs]
194.338: Total time for which application threads were stopped: 0.0047555 seconds, Stopping threads took: 0.0000204 seconds
194.403: [GC (Allocation Failure)  882860K->567279K(1035264K), 0.0046593 secs]
194.407: Total time for which application threads were stopped: 0.0048087 seconds, Stopping threads took: 0.0000276 seconds
194.471: [GC (Allocation Failure)  889839K->567279K(1030144K), 0.0044584 secs]
194.476: Total time for which application threads were stopped: 0.0046320 seconds, Stopping threads took: 0.0000268 seconds
194.539: [GC (Allocation Failure)  889839K->567311K(1034752K), 0.0048847 secs]
194.544: Total time for which application threads were stopped: 0.0050231 seconds, Stopping threads took: 0.0000184 seconds
194.608: [GC (Allocation Failure)  888847K->575281K(1029120K), 0.0049085 secs]
194.613: Total time for which application threads were stopped: 0.0050654 seconds, Stopping threads took: 0.0000194 seconds
194.678: [GC (Allocation Failure)  896817K->575281K(1034240K), 0.0045172 secs]
194.683: Total time for which application threads were stopped: 0.0046574 seconds, Stopping threads took: 0.0000208 seconds
194.745: [GC (Allocation Failure)  895793K->575529K(1034240K), 0.0046901 secs]
194.750: Total time for which application threads were stopped: 0.0048289 seconds, Stopping threads took: 0.0000180 seconds
194.813: [GC (Allocation Failure)  896041K->583339K(1034240K), 0.0045415 secs]
194.818: Total time for which application threads were stopped: 0.0046799 seconds, Stopping threads took: 0.0000180 seconds
194.885: [GC (Allocation Failure)  903851K->583307K(1034240K), 0.0048662 secs]
194.890: Total time for which application threads were stopped: 0.0050381 seconds, Stopping threads took: 0.0000259 seconds
194.957: [GC (Allocation Failure)  903819K->583755K(1033216K), 0.0068667 secs]
194.964: Total time for which application threads were stopped: 0.0070322 seconds, Stopping threads took: 0.0000251 seconds
195.033: [GC (Allocation Failure)  903243K->591373K(1033728K), 0.0049120 secs]
195.038: Total time for which application threads were stopped: 0.0050898 seconds, Stopping threads took: 0.0000197 seconds
195.106: [GC (Allocation Failure)  910861K->591341K(1033728K), 0.0046482 secs]
195.111: Total time for which application threads were stopped: 0.0048388 seconds, Stopping threads took: 0.0000195 seconds
195.173: [GC (Allocation Failure)  910829K->591493K(1033728K), 0.0047430 secs]
195.178: Total time for which application threads were stopped: 0.0048654 seconds, Stopping threads took: 0.0000163 seconds
195.241: [GC (Allocation Failure)  910981K->599432K(1033728K), 0.0047133 secs]
195.246: Total time for which application threads were stopped: 0.0048522 seconds, Stopping threads took: 0.0000189 seconds
195.310: [GC (Allocation Failure)  918920K->599400K(1033728K), 0.0047343 secs]
195.315: Total time for which application threads were stopped: 0.0048715 seconds, Stopping threads took: 0.0000189 seconds
195.377: [GC (Allocation Failure)  918888K->599432K(1032704K), 0.0046464 secs]
195.382: Total time for which application threads were stopped: 0.0047857 seconds, Stopping threads took: 0.0000242 seconds
195.444: [GC (Allocation Failure)  917896K->607402K(1033216K), 0.0047646 secs]
195.449: Total time for which application threads were stopped: 0.0048934 seconds, Stopping threads took: 0.0000181 seconds
195.512: [GC (Allocation Failure)  925866K->601864K(1033728K), 0.0027957 secs]
195.514: Total time for which application threads were stopped: 0.0029434 seconds, Stopping threads took: 0.0000237 seconds
195.579: [GC (Allocation Failure)  920840K->607658K(1033216K), 0.0048153 secs]
195.584: Total time for which application threads were stopped: 0.0049634 seconds, Stopping threads took: 0.0000242 seconds
195.647: [GC (Allocation Failure)  926634K->611546K(1033728K), 0.0050007 secs]
195.652: Total time for which application threads were stopped: 0.0051310 seconds, Stopping threads took: 0.0000181 seconds
195.717: [GC (Allocation Failure)  932058K->617432K(1034240K), 0.0072995 secs]
195.724: Total time for which application threads were stopped: 0.0074360 seconds, Stopping threads took: 0.0000188 seconds
195.788: [GC (Allocation Failure)  937944K->611738K(1030144K), 0.0049607 secs]
195.793: Total time for which application threads were stopped: 0.0050951 seconds, Stopping threads took: 0.0000178 seconds
195.859: [GC (Allocation Failure)  928154K->611546K(1032192K), 0.0048130 secs]
195.864: Total time for which application threads were stopped: 0.0050019 seconds, Stopping threads took: 0.0000203 seconds
195.931: [GC (Allocation Failure)  927962K->607416K(1033216K), 0.0032420 secs]
195.934: Total time for which application threads were stopped: 0.0034175 seconds, Stopping threads took: 0.0000257 seconds
196.002: [GC (Allocation Failure)  925368K->611674K(1032704K), 0.0049216 secs]
196.007: Total time for which application threads were stopped: 0.0051068 seconds, Stopping threads took: 0.0000219 seconds
196.071: [GC (Allocation Failure)  929626K->611546K(1033728K), 0.0048337 secs]
196.076: Total time for which application threads were stopped: 0.0050060 seconds, Stopping threads took: 0.0000220 seconds
196.139: [GC (Allocation Failure)  930522K->615162K(1033216K), 0.0056907 secs]
196.144: Total time for which application threads were stopped: 0.0058379 seconds, Stopping threads took: 0.0000197 seconds
196.210: [GC (Allocation Failure)  934138K->619644K(1034240K), 0.0048414 secs]
196.215: Total time for which application threads were stopped: 0.0050398 seconds, Stopping threads took: 0.0000200 seconds
196.278: [GC (Allocation Failure)  939644K->619580K(1033728K), 0.0050119 secs]
196.284: Total time for which application threads were stopped: 0.0051755 seconds, Stopping threads took: 0.0000200 seconds
196.346: [GC (Allocation Failure)  939580K->622884K(1034240K), 0.0055772 secs]
196.351: Total time for which application threads were stopped: 0.0057378 seconds, Stopping threads took: 0.0000198 seconds
196.417: [GC (Allocation Failure)  943396K->627654K(1034240K), 0.0062935 secs]
196.424: Total time for which application threads were stopped: 0.0064654 seconds, Stopping threads took: 0.0000204 seconds
196.492: [GC (Allocation Failure)  948166K->627622K(1034752K), 0.0046303 secs]
196.496: Total time for which application threads were stopped: 0.0048155 seconds, Stopping threads took: 0.0000202 seconds
196.561: [GC (Allocation Failure)  949158K->630086K(1034752K), 0.0054207 secs]
196.567: Total time for which application threads were stopped: 0.0056108 seconds, Stopping threads took: 0.0000226 seconds
196.635: [GC (Allocation Failure)  951622K->635689K(1034752K), 0.0049145 secs]
196.640: Total time for which application threads were stopped: 0.0050781 seconds, Stopping threads took: 0.0000201 seconds
196.707: [GC (Allocation Failure)  957225K->635689K(1034752K), 0.0046906 secs]
196.712: Total time for which application threads were stopped: 0.0048893 seconds, Stopping threads took: 0.0000210 seconds
196.778: [GC (Allocation Failure)  957225K->639337K(1035264K), 0.0058079 secs]
196.784: Total time for which application threads were stopped: 0.0059742 seconds, Stopping threads took: 0.0000188 seconds
196.858: [GC (Allocation Failure)  961385K->643723K(1034752K), 0.0050953 secs]
196.863: Total time for which application threads were stopped: 0.0052771 seconds, Stopping threads took: 0.0000209 seconds
196.932: [GC (Allocation Failure)  965771K->643723K(1035264K), 0.0047954 secs]
196.936: Total time for which application threads were stopped: 0.0049641 seconds, Stopping threads took: 0.0000195 seconds
197.004: [GC (Allocation Failure)  966283K->646571K(1035264K), 0.0054894 secs]
197.009: Total time for which application threads were stopped: 0.0056592 seconds, Stopping threads took: 0.0000275 seconds
197.077: [GC (Allocation Failure)  969131K->651853K(1035264K), 0.0046996 secs]
197.082: Total time for which application threads were stopped: 0.0048795 seconds, Stopping threads took: 0.0000208 seconds
197.151: [GC (Allocation Failure)  974413K->651757K(1035264K), 0.0047461 secs]
197.156: Total time for which application threads were stopped: 0.0049283 seconds, Stopping threads took: 0.0000203 seconds
197.222: [GC (Allocation Failure)  974317K->654789K(1035264K), 0.0057619 secs]
197.228: Total time for which application threads were stopped: 0.0059344 seconds, Stopping threads took: 0.0000195 seconds
197.295: [GC (Allocation Failure)  977349K->659783K(1035264K), 0.0049195 secs]
197.300: Total time for which application threads were stopped: 0.0050984 seconds, Stopping threads took: 0.0000205 seconds
197.364: [GC (Allocation Failure)  982343K->659751K(1035264K), 0.0051976 secs]
197.369: Total time for which application threads were stopped: 0.0053530 seconds, Stopping threads took: 0.0000247 seconds
197.431: [GC (Allocation Failure)  982311K->655013K(1035264K), 0.0032182 secs]
197.435: Total time for which application threads were stopped: 0.0033639 seconds, Stopping threads took: 0.0000195 seconds
197.498: [GC (Allocation Failure)  977573K->660007K(1035264K), 0.0047909 secs]
197.503: Total time for which application threads were stopped: 0.0049439 seconds, Stopping threads took: 0.0000213 seconds
197.566: [GC (Allocation Failure)  982567K->659783K(1035264K), 0.0047674 secs]
197.571: Total time for which application threads were stopped: 0.0048896 seconds, Stopping threads took: 0.0000155 seconds
197.634: [GC (Allocation Failure)  982343K->659269K(1035776K), 0.0048489 secs]
197.639: Total time for which application threads were stopped: 0.0049871 seconds, Stopping threads took: 0.0000195 seconds
197.702: [GC (Allocation Failure)  982341K->659943K(1035264K), 0.0048573 secs]
197.707: Total time for which application threads were stopped: 0.0050070 seconds, Stopping threads took: 0.0000196 seconds
197.772: [GC (Allocation Failure)  983015K->659719K(1035776K), 0.0048424 secs]
197.777: Total time for which application threads were stopped: 0.0049639 seconds, Stopping threads took: 0.0000151 seconds
197.844: [GC (Allocation Failure)  983303K->665581K(1035776K), 0.0074389 secs]
197.852: Total time for which application threads were stopped: 0.0076197 seconds, Stopping threads took: 0.0000141 seconds
197.921: [GC (Allocation Failure)  989165K->661007K(1032704K), 0.0047989 secs]
197.926: Total time for which application threads were stopped: 0.0049865 seconds, Stopping threads took: 0.0000275 seconds
197.993: [GC (Allocation Failure)  981519K->660879K(1034240K), 0.0049345 secs]
197.998: Total time for which application threads were stopped: 0.0050904 seconds, Stopping threads took: 0.0000194 seconds
198.066: [GC (Allocation Failure)  981391K->667909K(1030656K), 0.0080545 secs]
198.075: Total time for which application threads were stopped: 0.0082108 seconds, Stopping threads took: 0.0000166 seconds
198.141: [GC (Allocation Failure)  985349K->662247K(1032704K), 0.0052648 secs]
198.146: Total time for which application threads were stopped: 0.0054257 seconds, Stopping threads took: 0.0000199 seconds
198.213: [GC (Allocation Failure)  979687K->662183K(1033728K), 0.0049493 secs]
198.218: Total time for which application threads were stopped: 0.0051171 seconds, Stopping threads took: 0.0000197 seconds
198.285: [GC (Allocation Failure)  981159K->659749K(1033216K), 0.0040560 secs]
198.289: Total time for which application threads were stopped: 0.0042269 seconds, Stopping threads took: 0.0000197 seconds
198.356: [GC (Allocation Failure)  978725K->662215K(1034752K), 0.0049938 secs]
198.361: Total time for which application threads were stopped: 0.0051639 seconds, Stopping threads took: 0.0000196 seconds
198.427: [GC (Allocation Failure)  983239K->662151K(1034240K), 0.0046861 secs]
198.432: Total time for which application threads were stopped: 0.0048568 seconds, Stopping threads took: 0.0000252 seconds
198.496: [GC (Allocation Failure)  983175K->657349K(1034240K), 0.0032451 secs]
198.500: Total time for which application threads were stopped: 0.0034190 seconds, Stopping threads took: 0.0000211 seconds
198.565: [GC (Allocation Failure)  978885K->662375K(1034752K), 0.0103649 secs]
198.576: Total time for which application threads were stopped: 0.0105150 seconds, Stopping threads took: 0.0000211 seconds
198.640: [GC (Allocation Failure)  983911K->662151K(1035776K), 0.0063827 secs]
198.646: Total time for which application threads were stopped: 0.0065399 seconds, Stopping threads took: 0.0000172 seconds
198.708: [GC (Allocation Failure)  985223K->660101K(1035264K), 0.0042782 secs]
198.713: Total time for which application threads were stopped: 0.0044279 seconds, Stopping threads took: 0.0000193 seconds
198.776: [GC (Allocation Failure)  983173K->662375K(1036288K), 0.0048613 secs]
198.781: Total time for which application threads were stopped: 0.0050150 seconds, Stopping threads took: 0.0000256 seconds
198.850: [GC (Allocation Failure)  986471K->662183K(1035776K), 0.0048249 secs]
198.855: Total time for which application threads were stopped: 0.0050190 seconds, Stopping threads took: 0.0000194 seconds
198.924: [GC (Allocation Failure)  986279K->667973K(1032192K), 0.0077650 secs]
198.932: Total time for which application threads were stopped: 0.0079503 seconds, Stopping threads took: 0.0000283 seconds
198.999: [GC (Allocation Failure)  988485K->663847K(1034240K), 0.0051103 secs]
199.004: Total time for which application threads were stopped: 0.0052837 seconds, Stopping threads took: 0.0000206 seconds
199.071: [GC (Allocation Failure)  984359K->663751K(1035264K), 0.0048340 secs]
199.076: Total time for which application threads were stopped: 0.0050126 seconds, Stopping threads took: 0.0000203 seconds
199.145: [GC (Allocation Failure)  986311K->669773K(1035264K), 0.0077207 secs]
199.152: Total time for which application threads were stopped: 0.0078965 seconds, Stopping threads took: 0.0000207 seconds
199.220: [GC (Allocation Failure)  992333K->664591K(1033216K), 0.0048267 secs]
199.225: Total time for which application threads were stopped: 0.0050471 seconds, Stopping threads took: 0.0000191 seconds
199.293: [GC (Allocation Failure)  985103K->664559K(1034240K), 0.0050597 secs]
199.298: Total time for which application threads were stopped: 0.0052385 seconds, Stopping threads took: 0.0000225 seconds
199.365: [GC (Allocation Failure)  985071K->670733K(1031680K), 0.0078589 secs]
199.373: Total time for which application threads were stopped: 0.0080332 seconds, Stopping threads took: 0.0000203 seconds
199.441: [GC (Allocation Failure)  989197K->665231K(1033216K), 0.0051289 secs]
199.447: Total time for which application threads were stopped: 0.0052943 seconds, Stopping threads took: 0.0000203 seconds
199.513: [GC (Allocation Failure)  983695K->664975K(1033728K), 0.0047757 secs]
199.518: Total time for which application threads were stopped: 0.0049396 seconds, Stopping threads took: 0.0000205 seconds
199.583: [GC (Allocation Failure)  984463K->664237K(1033728K), 0.0048262 secs]
199.588: Total time for which application threads were stopped: 0.0050261 seconds, Stopping threads took: 0.0000253 seconds
199.655: [GC (Allocation Failure)  983725K->665167K(1034752K), 0.0048062 secs]
199.660: Total time for which application threads were stopped: 0.0049756 seconds, Stopping threads took: 0.0000188 seconds
199.724: [GC (Allocation Failure)  986191K->664975K(1034240K), 0.0051263 secs]
199.729: Total time for which application threads were stopped: 0.0052946 seconds, Stopping threads took: 0.0000190 seconds
199.794: [GC (Allocation Failure)  985999K->662413K(1034752K), 0.0040139 secs]
199.798: Total time for which application threads were stopped: 0.0041654 seconds, Stopping threads took: 0.0000278 seconds
199.866: [GC (Allocation Failure)  983949K->665103K(1034752K), 0.0048990 secs]
199.871: Total time for which application threads were stopped: 0.0050703 seconds, Stopping threads took: 0.0000193 seconds
199.936: [GC (Allocation Failure)  986639K->664975K(1035776K), 0.0048568 secs]
199.941: Total time for which application threads were stopped: 0.0050725 seconds, Stopping threads took: 0.0000206 seconds
200.006: [GC (Allocation Failure)  988047K->665165K(1035264K), 0.0051411 secs]
200.012: Total time for which application threads were stopped: 0.0053153 seconds, Stopping threads took: 0.0000203 seconds
200.081: [GC (Allocation Failure)  988237K->665071K(1036288K), 0.0049372 secs]
200.086: Total time for which application threads were stopped: 0.0050891 seconds, Stopping threads took: 0.0000202 seconds
200.150: [GC (Allocation Failure)  989679K->665007K(1036288K), 0.0048188 secs]
200.155: Total time for which application threads were stopped: 0.0049720 seconds, Stopping threads took: 0.0000191 seconds
200.218: [GC (Allocation Failure)  989615K->657645K(1034752K), 0.0022949 secs]
200.221: Total time for which application threads were stopped: 0.0024257 seconds, Stopping threads took: 0.0000183 seconds
200.285: [GC (Allocation Failure)  981229K->665055K(1035776K), 0.0050080 secs]
200.290: Total time for which application threads were stopped: 0.0051642 seconds, Stopping threads took: 0.0000269 seconds
200.356: [GC (Allocation Failure)  988639K->669119K(1036288K), 0.0062992 secs]
200.362: Total time for which application threads were stopped: 0.0064604 seconds, Stopping threads took: 0.0000189 seconds
200.430: [GC (Allocation Failure)  993727K->669119K(1036288K), 0.0048302 secs]
200.435: Total time for which application threads were stopped: 0.0050105 seconds, Stopping threads took: 0.0000250 seconds
200.498: [GC (Allocation Failure)  993727K->669383K(1034752K), 0.0049639 secs]
200.503: Total time for which application threads were stopped: 0.0051133 seconds, Stopping threads took: 0.0000205 seconds
200.569: [GC (Allocation Failure)  992967K->677162K(1035776K), 0.0049739 secs]
200.574: Total time for which application threads were stopped: 0.0051190 seconds, Stopping threads took: 0.0000193 seconds
200.640: [GC (Allocation Failure)  1000746K->677162K(1036288K), 0.0048408 secs]
200.645: Total time for which application threads were stopped: 0.0050145 seconds, Stopping threads took: 0.0000193 seconds
200.709: [GC (Allocation Failure)  1001770K->677418K(1024512K), 0.0049560 secs]
200.714: Total time for which application threads were stopped: 0.0050968 seconds, Stopping threads took: 0.0000196 seconds
200.778: [GC (Allocation Failure)  1002026K->685196K(1035776K), 0.0047910 secs]
200.782: Total time for which application threads were stopped: 0.0049445 seconds, Stopping threads took: 0.0000188 seconds
200.849: [GC (Allocation Failure)  1008268K->685196K(1035264K), 0.0051422 secs]
200.854: Total time for which application threads were stopped: 0.0052933 seconds, Stopping threads took: 0.0000173 seconds
200.920: [GC (Allocation Failure)  1008268K->685348K(1034752K), 0.0053219 secs]
200.926: Total time for which application threads were stopped: 0.0055014 seconds, Stopping threads took: 0.0000211 seconds
200.994: [GC (Allocation Failure)  1007908K->693254K(1035264K), 0.0050402 secs]
200.999: Total time for which application threads were stopped: 0.0052064 seconds, Stopping threads took: 0.0000191 seconds
201.067: [GC (Allocation Failure)  1015814K->693222K(1035264K), 0.0050128 secs]
201.072: Total time for which application threads were stopped: 0.0051931 seconds, Stopping threads took: 0.0000202 seconds
201.140: [GC (Allocation Failure)  1015782K->693318K(1022464K), 0.0048987 secs]
201.145: [Full GC (Ergonomics)  693318K->8580K(1022464K), 0.0122746 secs]
201.157: Total time for which application threads were stopped: 0.0174449 seconds, Stopping threads took: 0.0000203 seconds
201.225: [GC (Allocation Failure)  331140K->17638K(1033728K), 0.0038676 secs]
201.229: Total time for which application threads were stopped: 0.0040140 seconds, Stopping threads took: 0.0000165 seconds
201.298: [GC (Allocation Failure)  338150K->17646K(1034240K), 0.0037085 secs]
201.302: Total time for which application threads were stopped: 0.0038683 seconds, Stopping threads took: 0.0000205 seconds
201.368: [GC (Allocation Failure)  338158K->17902K(1034240K), 0.0038562 secs]
201.372: Total time for which application threads were stopped: 0.0040132 seconds, Stopping threads took: 0.0000192 seconds
201.440: [GC (Allocation Failure)  338414K->25649K(1034240K), 0.0039648 secs]
201.444: Total time for which application threads were stopped: 0.0041436 seconds, Stopping threads took: 0.0000257 seconds
201.510: [GC (Allocation Failure)  346161K->25649K(1034240K), 0.0043869 secs]
201.515: Total time for which application threads were stopped: 0.0045692 seconds, Stopping threads took: 0.0000202 seconds
201.581: [GC (Allocation Failure)  346161K->26185K(1034240K), 0.0036085 secs]
201.585: Total time for which application threads were stopped: 0.0037491 seconds, Stopping threads took: 0.0000197 seconds
201.650: [GC (Allocation Failure)  346697K->33675K(1033216K), 0.0036650 secs]
201.654: Total time for which application threads were stopped: 0.0037912 seconds, Stopping threads took: 0.0000192 seconds
201.719: [GC (Allocation Failure)  353163K->33707K(1033728K), 0.0034227 secs]
201.723: Total time for which application threads were stopped: 0.0035402 seconds, Stopping threads took: 0.0000154 seconds
201.785: [GC (Allocation Failure)  353195K->33899K(1033728K), 0.0036413 secs]
201.789: Total time for which application threads were stopped: 0.0037706 seconds, Stopping threads took: 0.0000186 seconds
201.855: [GC (Allocation Failure)  353387K->41709K(1033728K), 0.0038223 secs]
201.859: Total time for which application threads were stopped: 0.0039957 seconds, Stopping threads took: 0.0000201 seconds
201.927: [GC (Allocation Failure)  361197K->41741K(1033728K), 0.0036646 secs]
201.931: Total time for which application threads were stopped: 0.0038409 seconds, Stopping threads took: 0.0000260 seconds
201.993: [GC (Allocation Failure)  361229K->41869K(1033728K), 0.0037051 secs]
201.997: Total time for which application threads were stopped: 0.0038478 seconds, Stopping threads took: 0.0000192 seconds
202.060: [GC (Allocation Failure)  361357K->49743K(1033728K), 0.0035429 secs]
202.064: Total time for which application threads were stopped: 0.0037215 seconds, Stopping threads took: 0.0000235 seconds
202.128: [GC (Allocation Failure)  369231K->49743K(1033728K), 0.0035464 secs]
202.132: Total time for which application threads were stopped: 0.0036647 seconds, Stopping threads took: 0.0000164 seconds
202.195: [GC (Allocation Failure)  369231K->49799K(1033728K), 0.0036946 secs]
202.199: Total time for which application threads were stopped: 0.0038379 seconds, Stopping threads took: 0.0000180 seconds
202.263: [GC (Allocation Failure)  369287K->57802K(1027072K), 0.0034434 secs]
202.267: Total time for which application threads were stopped: 0.0035825 seconds, Stopping threads took: 0.0000271 seconds
202.329: [GC (Allocation Failure)  377290K->57770K(1033216K), 0.0036854 secs]
202.333: Total time for which application threads were stopped: 0.0038198 seconds, Stopping threads took: 0.0000194 seconds
202.396: [GC (Allocation Failure)  376234K->57802K(1033216K), 0.0035859 secs]
202.399: Total time for which application threads were stopped: 0.0037218 seconds, Stopping threads took: 0.0000248 seconds
202.462: [GC (Allocation Failure)  376266K->65804K(1033216K), 0.0037210 secs]
202.466: Total time for which application threads were stopped: 0.0038504 seconds, Stopping threads took: 0.0000182 seconds
202.526: [GC (Allocation Failure)  384268K->61898K(1033216K), 0.0027780 secs]
202.529: Total time for which application threads were stopped: 0.0029097 seconds, Stopping threads took: 0.0000201 seconds
202.591: [GC (Allocation Failure)  380362K->65932K(1034752K), 0.0038060 secs]
202.595: Total time for which application threads were stopped: 0.0039541 seconds, Stopping threads took: 0.0000180 seconds
202.659: [GC (Allocation Failure)  386956K->69932K(1034240K), 0.0036596 secs]
202.662: Total time for which application threads were stopped: 0.0037860 seconds, Stopping threads took: 0.0000189 seconds
202.723: [GC (Allocation Failure)  390956K->63178K(1034752K), 0.0011612 secs]
202.725: Total time for which application threads were stopped: 0.0012875 seconds, Stopping threads took: 0.0000179 seconds
202.787: [GC (Allocation Failure)  384202K->70036K(1034240K), 0.0036183 secs]
202.791: Total time for which application threads were stopped: 0.0037717 seconds, Stopping threads took: 0.0000191 seconds
202.857: [GC (Allocation Failure)  391060K->74116K(1034752K), 0.0046484 secs]
202.862: Total time for which application threads were stopped: 0.0048454 seconds, Stopping threads took: 0.0000201 seconds
202.930: [GC (Allocation Failure)  395652K->67522K(1034752K), 0.0011097 secs]
202.931: Total time for which application threads were stopped: 0.0012338 seconds, Stopping threads took: 0.0000261 seconds
202.998: [GC (Allocation Failure)  389058K->74356K(1034752K), 0.0037927 secs]
203.002: Total time for which application threads were stopped: 0.0039654 seconds, Stopping threads took: 0.0000256 seconds
203.070: [GC (Allocation Failure)  395892K->78228K(1034752K), 0.0047030 secs]
203.075: Total time for which application threads were stopped: 0.0048762 seconds, Stopping threads took: 0.0000202 seconds
203.139: [GC (Allocation Failure)  399764K->72882K(1035264K), 0.0018255 secs]
203.141: Total time for which application threads were stopped: 0.0019614 seconds, Stopping threads took: 0.0000201 seconds
203.207: [GC (Allocation Failure)  394930K->78452K(1034752K), 0.0039316 secs]
203.211: Total time for which application threads were stopped: 0.0040879 seconds, Stopping threads took: 0.0000196 seconds
203.278: [GC (Allocation Failure)  400500K->82372K(1034752K), 0.0041603 secs]
203.283: Total time for which application threads were stopped: 0.0043173 seconds, Stopping threads took: 0.0000222 seconds
203.346: [GC (Allocation Failure)  404913K->78466K(1035264K), 0.0027250 secs]
203.348: Total time for which application threads were stopped: 0.0028638 seconds, Stopping threads took: 0.0000191 seconds
203.416: [GC (Allocation Failure)  401026K->82540K(1036288K), 0.0036867 secs]
203.420: Total time for which application threads were stopped: 0.0038293 seconds, Stopping threads took: 0.0000251 seconds
203.487: [GC (Allocation Failure)  406636K->86508K(1035776K), 0.0037604 secs]
203.491: Total time for which application threads were stopped: 0.0038939 seconds, Stopping threads took: 0.0000247 seconds
203.555: [GC (Allocation Failure)  410604K->86540K(1035776K), 0.0036789 secs]
203.559: Total time for which application threads were stopped: 0.0038165 seconds, Stopping threads took: 0.0000233 seconds
203.622: [GC (Allocation Failure)  410124K->86572K(1023488K), 0.0039778 secs]
203.626: Total time for which application threads were stopped: 0.0041263 seconds, Stopping threads took: 0.0000239 seconds
203.690: [GC (Allocation Failure)  410156K->94574K(1035264K), 0.0036197 secs]
203.694: Total time for which application threads were stopped: 0.0037555 seconds, Stopping threads took: 0.0000176 seconds
203.756: [GC (Allocation Failure)  417134K->94542K(1035264K), 0.0038446 secs]
203.759: Total time for which application threads were stopped: 0.0039975 seconds, Stopping threads took: 0.0000236 seconds
203.820: [GC (Allocation Failure)  417102K->94574K(1034240K), 0.0043850 secs]
203.825: Total time for which application threads were stopped: 0.0045454 seconds, Stopping threads took: 0.0000248 seconds
203.895: [GC (Allocation Failure)  416110K->102576K(1034752K), 0.0037071 secs]
203.898: Total time for which application threads were stopped: 0.0038666 seconds, Stopping threads took: 0.0000165 seconds
203.966: [GC (Allocation Failure)  424112K->102544K(1033728K), 0.0037771 secs]
203.970: Total time for which application threads were stopped: 0.0039422 seconds, Stopping threads took: 0.0000280 seconds
204.033: [GC (Allocation Failure)  423056K->102824K(1034240K), 0.0037876 secs]
204.037: Total time for which application threads were stopped: 0.0039255 seconds, Stopping threads took: 0.0000198 seconds
204.101: [GC (Allocation Failure)  423336K->110603K(1034240K), 0.0037074 secs]
204.105: Total time for which application threads were stopped: 0.0038618 seconds, Stopping threads took: 0.0000240 seconds
204.168: [GC (Allocation Failure)  431115K->110635K(1034240K), 0.0037907 secs]
204.172: Total time for which application threads were stopped: 0.0039243 seconds, Stopping threads took: 0.0000194 seconds
204.235: [GC (Allocation Failure)  431147K->111051K(1034240K), 0.0038369 secs]
204.239: Total time for which application threads were stopped: 0.0039776 seconds, Stopping threads took: 0.0000275 seconds
204.302: [GC (Allocation Failure)  431563K->118637K(1028096K), 0.0036581 secs]
204.306: Total time for which application threads were stopped: 0.0037968 seconds, Stopping threads took: 0.0000206 seconds
204.367: [GC (Allocation Failure)  439149K->118637K(1033728K), 0.0036978 secs]
204.371: Total time for which application threads were stopped: 0.0038275 seconds, Stopping threads took: 0.0000189 seconds
204.434: [GC (Allocation Failure)  438125K->118789K(1033728K), 0.0039154 secs]
204.438: Total time for which application threads were stopped: 0.0040675 seconds, Stopping threads took: 0.0000293 seconds
204.501: [GC (Allocation Failure)  438277K->126663K(1033728K), 0.0036169 secs]
204.505: Total time for which application threads were stopped: 0.0037469 seconds, Stopping threads took: 0.0000183 seconds
204.568: [GC (Allocation Failure)  446151K->126663K(1033728K), 0.0037630 secs]
204.572: Total time for which application threads were stopped: 0.0038956 seconds, Stopping threads took: 0.0000191 seconds
204.633: [GC (Allocation Failure)  446151K->126727K(1033728K), 0.0036918 secs]
204.637: Total time for which application threads were stopped: 0.0038234 seconds, Stopping threads took: 0.0000189 seconds
204.698: [GC (Allocation Failure)  446215K->134730K(1027072K), 0.0103453 secs]
204.709: Total time for which application threads were stopped: 0.0104844 seconds, Stopping threads took: 0.0000182 seconds
204.770: [GC (Allocation Failure)  454217K->130791K(1034240K), 0.0029013 secs]
204.773: Total time for which application threads were stopped: 0.0030321 seconds, Stopping threads took: 0.0000207 seconds
204.842: [GC (Allocation Failure)  450279K->134818K(1033216K), 0.0055260 secs]
204.847: Total time for which application threads were stopped: 0.0056737 seconds, Stopping threads took: 0.0000255 seconds
204.916: [GC (Allocation Failure)  454306K->138786K(1034752K), 0.0037791 secs]
204.920: Total time for which application threads were stopped: 0.0039587 seconds, Stopping threads took: 0.0000279 seconds
204.985: [GC (Allocation Failure)  460322K->132031K(1034752K), 0.0012318 secs]
204.986: Total time for which application threads were stopped: 0.0013542 seconds, Stopping threads took: 0.0000187 seconds
205.051: [GC (Allocation Failure)  453567K->138890K(1034752K), 0.0036759 secs]
205.055: Total time for which application threads were stopped: 0.0038200 seconds, Stopping threads took: 0.0000195 seconds
205.120: [GC (Allocation Failure)  460426K->143002K(1034752K), 0.0047666 secs]
205.125: Total time for which application threads were stopped: 0.0049000 seconds, Stopping threads took: 0.0000182 seconds
205.187: [GC (Allocation Failure)  464538K->137399K(1034752K), 0.0019359 secs]
205.189: Total time for which application threads were stopped: 0.0020659 seconds, Stopping threads took: 0.0000190 seconds
205.252: [GC (Allocation Failure)  458935K->143210K(1034752K), 0.0039149 secs]
205.256: Total time for which application threads were stopped: 0.0040748 seconds, Stopping threads took: 0.0000239 seconds
205.320: [GC (Allocation Failure)  464746K->147090K(1034752K), 0.0041510 secs]
205.325: Total time for which application threads were stopped: 0.0042975 seconds, Stopping threads took: 0.0000229 seconds
205.387: [GC (Allocation Failure)  469578K->143215K(1035264K), 0.0026583 secs]
205.390: Total time for which application threads were stopped: 0.0027841 seconds, Stopping threads took: 0.0000244 seconds
205.454: [GC (Allocation Failure)  465775K->147274K(1036288K), 0.0038619 secs]
205.458: Total time for which application threads were stopped: 0.0040032 seconds, Stopping threads took: 0.0000240 seconds
205.523: [GC (Allocation Failure)  471370K->151274K(1035776K), 0.0038332 secs]
205.527: Total time for which application threads were stopped: 0.0039706 seconds, Stopping threads took: 0.0000183 seconds
205.593: [GC (Allocation Failure)  475370K->151274K(1035776K), 0.0036760 secs]
205.597: Total time for which application threads were stopped: 0.0038067 seconds, Stopping threads took: 0.0000188 seconds
205.660: [GC (Allocation Failure)  474858K->151306K(1023488K), 0.0039596 secs]
205.664: Total time for which application threads were stopped: 0.0041238 seconds, Stopping threads took: 0.0000247 seconds
205.727: [GC (Allocation Failure)  474890K->159308K(1035264K), 0.0039180 secs]
205.731: Total time for which application threads were stopped: 0.0040558 seconds, Stopping threads took: 0.0000206 seconds
205.795: [GC (Allocation Failure)  481868K->159276K(1030144K), 0.0036282 secs]
205.798: Total time for which application threads were stopped: 0.0037744 seconds, Stopping threads took: 0.0000186 seconds
205.865: [GC (Allocation Failure)  481836K->159340K(1034752K), 0.0040201 secs]
205.869: Total time for which application threads were stopped: 0.0041834 seconds, Stopping threads took: 0.0000201 seconds
205.936: [GC (Allocation Failure)  480876K->167310K(1034752K), 0.0039800 secs]
205.940: Total time for which application threads were stopped: 0.0041401 seconds, Stopping threads took: 0.0000267 seconds
206.004: [GC (Allocation Failure)  488846K->167342K(1033728K), 0.0037904 secs]
206.008: Total time for which application threads were stopped: 0.0039253 seconds, Stopping threads took: 0.0000198 seconds
206.073: [GC (Allocation Failure)  487854K->167566K(1034240K), 0.0039465 secs]
206.077: Total time for which application threads were stopped: 0.0040792 seconds, Stopping threads took: 0.0000188 seconds
206.140: [GC (Allocation Failure)  488078K->175344K(1034240K), 0.0037390 secs]
206.144: Total time for which application threads were stopped: 0.0038629 seconds, Stopping threads took: 0.0000178 seconds
206.209: [GC (Allocation Failure)  495856K->175344K(1034240K), 0.0037494 secs]
206.213: Total time for which application threads were stopped: 0.0038736 seconds, Stopping threads took: 0.0000156 seconds
206.277: [GC (Allocation Failure)  495856K->175784K(1033216K), 0.0040101 secs]
206.281: Total time for which application threads were stopped: 0.0041268 seconds, Stopping threads took: 0.0000155 seconds
206.345: [GC (Allocation Failure)  495272K->183371K(1033728K), 0.0039671 secs]
206.349: Total time for which application threads were stopped: 0.0040979 seconds, Stopping threads took: 0.0000187 seconds
206.413: [GC (Allocation Failure)  502859K->183371K(1033728K), 0.0063595 secs]
206.419: Total time for which application threads were stopped: 0.0064910 seconds, Stopping threads took: 0.0000250 seconds
206.481: [GC (Allocation Failure)  502859K->183499K(1033728K), 0.0039823 secs]
206.485: Total time for which application threads were stopped: 0.0041168 seconds, Stopping threads took: 0.0000225 seconds
206.550: [GC (Allocation Failure)  502987K->191437K(1033728K), 0.0038103 secs]
206.554: Total time for which application threads were stopped: 0.0039493 seconds, Stopping threads took: 0.0000263 seconds
206.616: [GC (Allocation Failure)  510925K->191405K(1033728K), 0.0040534 secs]
206.620: Total time for which application threads were stopped: 0.0041829 seconds, Stopping threads took: 0.0000179 seconds
206.684: [GC (Allocation Failure)  510893K->191469K(1033728K), 0.0040126 secs]
206.688: Total time for which application threads were stopped: 0.0041420 seconds, Stopping threads took: 0.0000179 seconds
206.751: [GC (Allocation Failure)  510957K->199439K(1027072K), 0.0039648 secs]
206.755: Total time for which application threads were stopped: 0.0040911 seconds, Stopping threads took: 0.0000177 seconds
206.817: [GC (Allocation Failure)  518927K->195533K(1034240K), 0.0078331 secs]
206.825: Total time for which application threads were stopped: 0.0079662 seconds, Stopping threads took: 0.0000181 seconds
206.893: [GC (Allocation Failure)  515021K->199591K(1033216K), 0.0040650 secs]
206.897: Total time for which application threads were stopped: 0.0042170 seconds, Stopping threads took: 0.0000268 seconds
206.962: [GC (Allocation Failure)  519079K->203591K(1034752K), 0.0038535 secs]
206.966: Total time for which application threads were stopped: 0.0039970 seconds, Stopping threads took: 0.0000192 seconds
207.029: [GC (Allocation Failure)  525127K->196805K(1034752K), 0.0015320 secs]
207.031: Total time for which application threads were stopped: 0.0016705 seconds, Stopping threads took: 0.0000183 seconds
207.095: [GC (Allocation Failure)  518341K->203631K(1034752K), 0.0038489 secs]
207.099: Total time for which application threads were stopped: 0.0039837 seconds, Stopping threads took: 0.0000210 seconds
207.161: [GC (Allocation Failure)  525167K->207711K(1034752K), 0.0049581 secs]
207.166: Total time for which application threads were stopped: 0.0050995 seconds, Stopping threads took: 0.0000235 seconds
207.229: [GC (Allocation Failure)  529247K->202141K(1034752K), 0.0022930 secs]
207.231: Total time for which application threads were stopped: 0.0024168 seconds, Stopping threads took: 0.0000178 seconds
207.294: [GC (Allocation Failure)  523677K->207975K(1034752K), 0.0039951 secs]
207.298: Total time for which application threads were stopped: 0.0041206 seconds, Stopping threads took: 0.0000179 seconds
207.362: [GC (Allocation Failure)  529511K->211879K(1034752K), 0.0043033 secs]
207.366: Total time for which application threads were stopped: 0.0044286 seconds, Stopping threads took: 0.0000180 seconds
207.429: [GC (Allocation Failure)  534367K->207941K(1035264K), 0.0028661 secs]
207.432: Total time for which application threads were stopped: 0.0030034 seconds, Stopping threads took: 0.0000269 seconds
207.498: [GC (Allocation Failure)  530501K->212007K(1036288K), 0.0041430 secs]
207.502: Total time for which application threads were stopped: 0.0042717 seconds, Stopping threads took: 0.0000181 seconds
207.565: [GC (Allocation Failure)  536103K->215975K(1035776K), 0.0045507 secs]
207.570: Total time for which application threads were stopped: 0.0046771 seconds, Stopping threads took: 0.0000173 seconds
207.634: [GC (Allocation Failure)  540071K->215975K(1035776K), 0.0039353 secs]
207.638: Total time for which application threads were stopped: 0.0040738 seconds, Stopping threads took: 0.0000184 seconds
207.703: [GC (Allocation Failure)  539559K->216039K(1023488K), 0.0038485 secs]
207.707: Total time for which application threads were stopped: 0.0039786 seconds, Stopping threads took: 0.0000181 seconds
207.769: [GC (Allocation Failure)  539623K->224009K(1035264K), 0.0041150 secs]
207.773: Total time for which application threads were stopped: 0.0042507 seconds, Stopping threads took: 0.0000189 seconds
207.840: [GC (Allocation Failure)  546569K->224009K(1030144K), 0.0065513 secs]
207.847: Total time for which application threads were stopped: 0.0067149 seconds, Stopping threads took: 0.0000260 seconds
207.913: [GC (Allocation Failure)  546569K->224073K(1034752K), 0.0039295 secs]
207.917: Total time for which application threads were stopped: 0.0040757 seconds, Stopping threads took: 0.0000266 seconds
207.981: [GC (Allocation Failure)  545609K->232076K(1029120K), 0.0041481 secs]
207.985: Total time for which application threads were stopped: 0.0042801 seconds, Stopping threads took: 0.0000186 seconds
208.049: [GC (Allocation Failure)  553612K->232044K(1034240K), 0.0037626 secs]
208.053: Total time for which application threads were stopped: 0.0039043 seconds, Stopping threads took: 0.0000193 seconds
208.116: [GC (Allocation Failure)  552556K->232300K(1034240K), 0.0039669 secs]
208.120: Total time for which application threads were stopped: 0.0041133 seconds, Stopping threads took: 0.0000232 seconds
208.184: [GC (Allocation Failure)  552812K->240110K(1034240K), 0.0045308 secs]
208.188: Total time for which application threads were stopped: 0.0046614 seconds, Stopping threads took: 0.0000188 seconds
208.252: [GC (Allocation Failure)  560622K->240078K(1034240K), 0.0039973 secs]
208.256: Total time for which application threads were stopped: 0.0041407 seconds, Stopping threads took: 0.0000188 seconds
208.319: [GC (Allocation Failure)  560590K->240518K(1033216K), 0.0042266 secs]
208.323: Total time for which application threads were stopped: 0.0043656 seconds, Stopping threads took: 0.0000182 seconds
208.388: [GC (Allocation Failure)  560006K->248104K(1033728K), 0.0063704 secs]
208.395: Total time for which application threads were stopped: 0.0065132 seconds, Stopping threads took: 0.0000272 seconds
208.460: [GC (Allocation Failure)  567592K->248104K(1033728K), 0.0039796 secs]
208.464: Total time for which application threads were stopped: 0.0041267 seconds, Stopping threads took: 0.0000190 seconds
208.524: [GC (Allocation Failure)  567592K->248264K(1033728K), 0.0039144 secs]
208.528: Total time for which application threads were stopped: 0.0040426 seconds, Stopping threads took: 0.0000269 seconds
208.594: [GC (Allocation Failure)  567752K->256170K(1033728K), 0.0040059 secs]
208.598: Total time for which application threads were stopped: 0.0041332 seconds, Stopping threads took: 0.0000155 seconds
208.661: [GC (Allocation Failure)  575658K->256106K(1033728K), 0.0040311 secs]
208.665: Total time for which application threads were stopped: 0.0041625 seconds, Stopping threads took: 0.0000185 seconds
208.727: [GC (Allocation Failure)  575594K->256202K(1033728K), 0.0040617 secs]
208.731: Total time for which application threads were stopped: 0.0042040 seconds, Stopping threads took: 0.0000263 seconds
208.794: [GC (Allocation Failure)  575690K->264173K(1027072K), 0.0042234 secs]
208.798: Total time for which application threads were stopped: 0.0043732 seconds, Stopping threads took: 0.0000202 seconds
208.864: [GC (Allocation Failure)  583660K->260234K(1034240K), 0.0030070 secs]
208.867: Total time for which application threads were stopped: 0.0031529 seconds, Stopping threads took: 0.0000174 seconds
208.935: [GC (Allocation Failure)  579722K->264333K(1033216K), 0.0041774 secs]
208.939: Total time for which application threads were stopped: 0.0044002 seconds, Stopping threads took: 0.0000268 seconds
209.006: [GC (Allocation Failure)  583821K->268301K(1034752K), 0.0040475 secs]
209.010: Total time for which application threads were stopped: 0.0041776 seconds, Stopping threads took: 0.0000195 seconds
209.072: [GC (Allocation Failure)  589837K->261514K(1034752K), 0.0017488 secs]
209.074: Total time for which application threads were stopped: 0.0018812 seconds, Stopping threads took: 0.0000194 seconds
209.139: [GC (Allocation Failure)  583050K->268333K(1034752K), 0.0041358 secs]
209.143: Total time for which application threads were stopped: 0.0043073 seconds, Stopping threads took: 0.0000207 seconds
209.205: [GC (Allocation Failure)  589869K->272445K(1034752K), 0.0051038 secs]
209.210: Total time for which application threads were stopped: 0.0052416 seconds, Stopping threads took: 0.0000178 seconds
209.271: [GC (Allocation Failure)  593981K->266874K(1034752K), 0.0023037 secs]
209.274: Total time for which application threads were stopped: 0.0024441 seconds, Stopping threads took: 0.0000302 seconds
209.336: [GC (Allocation Failure)  588410K->272709K(1034752K), 0.0041020 secs]
209.341: Total time for which application threads were stopped: 0.0042438 seconds, Stopping threads took: 0.0000181 seconds
209.406: [GC (Allocation Failure)  594245K->276573K(1034752K), 0.0044036 secs]
209.411: Total time for which application threads were stopped: 0.0045421 seconds, Stopping threads took: 0.0000247 seconds
209.474: [GC (Allocation Failure)  599061K->272666K(1035264K), 0.0031277 secs]
209.477: Total time for which application threads were stopped: 0.0032634 seconds, Stopping threads took: 0.0000241 seconds
209.541: [GC (Allocation Failure)  595226K->276701K(1036288K), 0.0042145 secs]
209.545: Total time for which application threads were stopped: 0.0043494 seconds, Stopping threads took: 0.0000191 seconds
209.609: [GC (Allocation Failure)  600797K->280733K(1035776K), 0.0040336 secs]
209.613: Total time for which application threads were stopped: 0.0041794 seconds, Stopping threads took: 0.0000247 seconds
209.678: [GC (Allocation Failure)  604829K->280701K(1035776K), 0.0040720 secs]
209.682: Total time for which application threads were stopped: 0.0042146 seconds, Stopping threads took: 0.0000191 seconds
209.746: [GC (Allocation Failure)  604285K->280765K(1023488K), 0.0041588 secs]
209.750: Total time for which application threads were stopped: 0.0043226 seconds, Stopping threads took: 0.0000241 seconds
209.814: [GC (Allocation Failure)  604349K->288767K(1035264K), 0.0040880 secs]
209.818: Total time for which application threads were stopped: 0.0042078 seconds, Stopping threads took: 0.0000159 seconds
209.886: [GC (Allocation Failure)  611327K->288735K(1030144K), 0.0040262 secs]
209.890: Total time for which application threads were stopped: 0.0041844 seconds, Stopping threads took: 0.0000259 seconds
209.956: [GC (Allocation Failure)  611295K->288807K(1034752K), 0.0042753 secs]
209.960: Total time for which application threads were stopped: 0.0044188 seconds, Stopping threads took: 0.0000274 seconds
210.024: [GC (Allocation Failure)  610343K->296809K(1029120K), 0.0041948 secs]
210.028: Total time for which application threads were stopped: 0.0043456 seconds, Stopping threads took: 0.0000271 seconds
210.093: [GC (Allocation Failure)  618345K->296777K(1034240K), 0.0040017 secs]
210.097: Total time for which application threads were stopped: 0.0041559 seconds, Stopping threads took: 0.0000193 seconds
210.160: [GC (Allocation Failure)  617289K->297033K(1034240K), 0.0042434 secs]
210.164: Total time for which application threads were stopped: 0.0043929 seconds, Stopping threads took: 0.0000243 seconds
210.228: [GC (Allocation Failure)  617545K->304843K(1034240K), 0.0040872 secs]
210.232: Total time for which application threads were stopped: 0.0042515 seconds, Stopping threads took: 0.0000232 seconds
210.296: [GC (Allocation Failure)  625355K->304811K(1034240K), 0.0041563 secs]
210.300: Total time for which application threads were stopped: 0.0042983 seconds, Stopping threads took: 0.0000192 seconds
210.363: [GC (Allocation Failure)  625323K->305259K(1033216K), 0.0042681 secs]
210.367: Total time for which application threads were stopped: 0.0044108 seconds, Stopping threads took: 0.0000189 seconds
210.431: [GC (Allocation Failure)  624747K->312878K(1033728K), 0.0043193 secs]
210.435: Total time for which application threads were stopped: 0.0044549 seconds, Stopping threads took: 0.0000239 seconds
210.501: [GC (Allocation Failure)  632366K->312846K(1033728K), 0.0041522 secs]
210.505: Total time for which application threads were stopped: 0.0042813 seconds, Stopping threads took: 0.0000178 seconds
210.566: [GC (Allocation Failure)  632334K->313006K(1033728K), 0.0042220 secs]
210.570: Total time for which application threads were stopped: 0.0043524 seconds, Stopping threads took: 0.0000171 seconds
210.634: [GC (Allocation Failure)  632494K->320880K(1033728K), 0.0041411 secs]
210.638: Total time for which application threads were stopped: 0.0042844 seconds, Stopping threads took: 0.0000191 seconds
210.701: [GC (Allocation Failure)  640368K->320912K(1033728K), 0.0042560 secs]
210.705: Total time for which application threads were stopped: 0.0043987 seconds, Stopping threads took: 0.0000188 seconds
210.768: [GC (Allocation Failure)  640400K->320936K(1033728K), 0.0040819 secs]
210.772: Total time for which application threads were stopped: 0.0042383 seconds, Stopping threads took: 0.0000248 seconds
210.836: [GC (Allocation Failure)  640424K->328906K(1027072K), 0.0050526 secs]
210.841: Total time for which application threads were stopped: 0.0051992 seconds, Stopping threads took: 0.0000173 seconds
210.907: [GC (Allocation Failure)  648394K->325032K(1034240K), 0.0028842 secs]
210.910: Total time for which application threads were stopped: 0.0030004 seconds, Stopping threads took: 0.0000165 seconds
210.976: [GC (Allocation Failure)  644520K->329066K(1033216K), 0.0042348 secs]
210.980: Total time for which application threads were stopped: 0.0043687 seconds, Stopping threads took: 0.0000195 seconds
211.045: [GC (Allocation Failure)  648554K->333034K(1034752K), 0.0041802 secs]
211.049: Total time for which application threads were stopped: 0.0043198 seconds, Stopping threads took: 0.0000187 seconds
211.111: [GC (Allocation Failure)  654570K->326248K(1034752K), 0.0017499 secs]
211.113: Total time for which application threads were stopped: 0.0018775 seconds, Stopping threads took: 0.0000181 seconds
211.178: [GC (Allocation Failure)  647784K->333074K(1034752K), 0.0040573 secs]
211.182: Total time for which application threads were stopped: 0.0041905 seconds, Stopping threads took: 0.0000262 seconds
211.244: [GC (Allocation Failure)  654610K->337186K(1034752K), 0.0051283 secs]
211.250: Total time for which application threads were stopped: 0.0052692 seconds, Stopping threads took: 0.0000242 seconds
211.311: [GC (Allocation Failure)  658722K->331648K(1034752K), 0.0024618 secs]
211.314: Total time for which application threads were stopped: 0.0026188 seconds, Stopping threads took: 0.0000246 seconds
211.378: [GC (Allocation Failure)  653184K->337450K(1034752K), 0.0041211 secs]
211.382: Total time for which application threads were stopped: 0.0042508 seconds, Stopping threads took: 0.0000181 seconds
211.446: [GC (Allocation Failure)  658986K->341354K(1034752K), 0.0044690 secs]
211.451: Total time for which application threads were stopped: 0.0046251 seconds, Stopping threads took: 0.0000251 seconds
211.516: [GC (Allocation Failure)  663843K->337448K(1035264K), 0.0031765 secs]
211.519: Total time for which application threads were stopped: 0.0033054 seconds, Stopping threads took: 0.0000178 seconds
211.583: [GC (Allocation Failure)  660008K->341482K(1036288K), 0.0041724 secs]
211.587: Total time for which application threads were stopped: 0.0043040 seconds, Stopping threads took: 0.0000185 seconds
211.651: [GC (Allocation Failure)  665578K->345418K(1035776K), 0.0040739 secs]
211.655: Total time for which application threads were stopped: 0.0042127 seconds, Stopping threads took: 0.0000205 seconds
211.722: [GC (Allocation Failure)  669514K->345450K(1035776K), 0.0040594 secs]
211.726: Total time for which application threads were stopped: 0.0042064 seconds, Stopping threads took: 0.0000188 seconds
211.790: [GC (Allocation Failure)  669034K->345514K(1023488K), 0.0042687 secs]
211.795: Total time for which application threads were stopped: 0.0043980 seconds, Stopping threads took: 0.0000181 seconds
211.860: [GC (Allocation Failure)  669098K->353517K(1035264K), 0.0044932 secs]
211.865: Total time for which application threads were stopped: 0.0046536 seconds, Stopping threads took: 0.0000195 seconds
211.931: [GC (Allocation Failure)  676077K->353485K(1030144K), 0.0041302 secs]
211.936: Total time for which application threads were stopped: 0.0042888 seconds, Stopping threads took: 0.0000196 seconds
212.001: [GC (Allocation Failure)  676045K->353549K(1034752K), 0.0042562 secs]
212.005: Total time for which application threads were stopped: 0.0043984 seconds, Stopping threads took: 0.0000214 seconds
212.070: [GC (Allocation Failure)  675085K->361551K(1034752K), 0.0042670 secs]
212.074: Total time for which application threads were stopped: 0.0044111 seconds, Stopping threads took: 0.0000185 seconds
212.140: [GC (Allocation Failure)  683087K->361519K(1033728K), 0.0040663 secs]
212.144: Total time for which application threads were stopped: 0.0041994 seconds, Stopping threads took: 0.0000161 seconds
212.208: [GC (Allocation Failure)  682031K->361767K(1034240K), 0.0043532 secs]
212.213: Total time for which application threads were stopped: 0.0044899 seconds, Stopping threads took: 0.0000156 seconds
212.278: [GC (Allocation Failure)  682279K->369577K(1034240K), 0.0041371 secs]
212.283: Total time for which application threads were stopped: 0.0042743 seconds, Stopping threads took: 0.0000195 seconds
212.346: [GC (Allocation Failure)  690089K->369545K(1034240K), 0.0041812 secs]
212.351: Total time for which application threads were stopped: 0.0043165 seconds, Stopping threads took: 0.0000191 seconds
212.414: [GC (Allocation Failure)  690057K->369993K(1033216K), 0.0042244 secs]
212.418: Total time for which application threads were stopped: 0.0043718 seconds, Stopping threads took: 0.0000276 seconds
212.482: [GC (Allocation Failure)  689481K->377643K(1033728K), 0.0041644 secs]
212.486: Total time for which application threads were stopped: 0.0043150 seconds, Stopping threads took: 0.0000241 seconds
212.551: [GC (Allocation Failure)  697131K->377579K(1033728K), 0.0042771 secs]
212.555: Total time for which application threads were stopped: 0.0044257 seconds, Stopping threads took: 0.0000184 seconds
212.618: [GC (Allocation Failure)  697067K->377739K(1033728K), 0.0043741 secs]
212.622: Total time for which application threads were stopped: 0.0045041 seconds, Stopping threads took: 0.0000183 seconds
212.687: [GC (Allocation Failure)  697227K->385614K(1033728K), 0.0042070 secs]
212.691: Total time for which application threads were stopped: 0.0043539 seconds, Stopping threads took: 0.0000266 seconds
212.756: [GC (Allocation Failure)  705102K->385614K(1033728K), 0.0043256 secs]
212.760: Total time for which application threads were stopped: 0.0044822 seconds, Stopping threads took: 0.0000206 seconds
212.823: [GC (Allocation Failure)  705102K->385638K(1033728K), 0.0058744 secs]
212.829: Total time for which application threads were stopped: 0.0060306 seconds, Stopping threads took: 0.0000162 seconds
212.895: [GC (Allocation Failure)  705126K->393672K(1027072K), 0.0044976 secs]
212.900: Total time for which application threads were stopped: 0.0046879 seconds, Stopping threads took: 0.0000265 seconds
212.962: [GC (Allocation Failure)  713159K->389734K(1034240K), 0.0034049 secs]
212.966: Total time for which application threads were stopped: 0.0035398 seconds, Stopping threads took: 0.0000169 seconds
213.031: [GC (Allocation Failure)  709222K->393800K(1033216K), 0.0044774 secs]
213.036: Total time for which application threads were stopped: 0.0046268 seconds, Stopping threads took: 0.0000269 seconds
213.099: [GC (Allocation Failure)  713288K->397768K(1034752K), 0.0041695 secs]
213.103: Total time for which application threads were stopped: 0.0043213 seconds, Stopping threads took: 0.0000198 seconds
213.167: [GC (Allocation Failure)  719304K->390982K(1034752K), 0.0019750 secs]
213.169: Total time for which application threads were stopped: 0.0020980 seconds, Stopping threads took: 0.0000182 seconds
213.234: [GC (Allocation Failure)  712518K->397832K(1034752K), 0.0042292 secs]
213.238: Total time for which application threads were stopped: 0.0043489 seconds, Stopping threads took: 0.0000165 seconds
213.300: [GC (Allocation Failure)  719368K->401912K(1034752K), 0.0052977 secs]
213.306: Total time for which application threads were stopped: 0.0054566 seconds, Stopping threads took: 0.0000236 seconds
213.367: [GC (Allocation Failure)  723448K->396342K(1034752K), 0.0025748 secs]
213.370: Total time for which application threads were stopped: 0.0027075 seconds, Stopping threads took: 0.0000189 seconds
213.434: [GC (Allocation Failure)  717878K->402176K(1034752K), 0.0042698 secs]
213.438: Total time for which application threads were stopped: 0.0044039 seconds, Stopping threads took: 0.0000252 seconds
213.503: [GC (Allocation Failure)  723712K->406048K(1035264K), 0.0046398 secs]
213.508: Total time for which application threads were stopped: 0.0047714 seconds, Stopping threads took: 0.0000181 seconds
213.572: [GC (Allocation Failure)  728536K->402142K(1035264K), 0.0032974 secs]
213.576: Total time for which application threads were stopped: 0.0034439 seconds, Stopping threads took: 0.0000240 seconds
213.639: [GC (Allocation Failure)  724702K->406208K(1036288K), 0.0044699 secs]
213.644: Total time for which application threads were stopped: 0.0046022 seconds, Stopping threads took: 0.0000182 seconds
213.707: [GC (Allocation Failure)  730304K->410176K(1035776K), 0.0042423 secs]
213.711: Total time for which application threads were stopped: 0.0043784 seconds, Stopping threads took: 0.0000179 seconds
213.777: [GC (Allocation Failure)  734272K->410176K(1035776K), 0.0042468 secs]
213.781: Total time for which application threads were stopped: 0.0043910 seconds, Stopping threads took: 0.0000241 seconds
213.846: [GC (Allocation Failure)  733760K->410248K(1023488K), 0.0044278 secs]
213.851: Total time for which application threads were stopped: 0.0045920 seconds, Stopping threads took: 0.0000169 seconds
213.916: [GC (Allocation Failure)  733832K->418218K(1035264K), 0.0043939 secs]
213.920: Total time for which application threads were stopped: 0.0045385 seconds, Stopping threads took: 0.0000276 seconds
213.984: [GC (Allocation Failure)  740778K->418250K(1030144K), 0.0041898 secs]
213.988: Total time for which application threads were stopped: 0.0043223 seconds, Stopping threads took: 0.0000185 seconds
214.053: [GC (Allocation Failure)  740810K->418282K(1034752K), 0.0043303 secs]
214.057: Total time for which application threads were stopped: 0.0044777 seconds, Stopping threads took: 0.0000231 seconds
214.121: [GC (Allocation Failure)  739818K->426284K(1029120K), 0.0045296 secs]
214.125: Total time for which application threads were stopped: 0.0046585 seconds, Stopping threads took: 0.0000178 seconds
214.191: [GC (Allocation Failure)  747820K->426252K(1034240K), 0.0048888 secs]
214.196: Total time for which application threads were stopped: 0.0050444 seconds, Stopping threads took: 0.0000242 seconds
214.259: [GC (Allocation Failure)  746764K->426508K(1034240K), 0.0044584 secs]
214.263: Total time for which application threads were stopped: 0.0045920 seconds, Stopping threads took: 0.0000183 seconds
214.329: [GC (Allocation Failure)  747020K->434287K(1034240K), 0.0043005 secs]
214.333: Total time for which application threads were stopped: 0.0044295 seconds, Stopping threads took: 0.0000188 seconds
214.397: [GC (Allocation Failure)  754799K->434287K(1034240K), 0.0043982 secs]
214.401: Total time for which application threads were stopped: 0.0045365 seconds, Stopping threads took: 0.0000259 seconds
214.464: [GC (Allocation Failure)  754799K->434727K(1033216K), 0.0044354 secs]
214.468: Total time for which application threads were stopped: 0.0045669 seconds, Stopping threads took: 0.0000185 seconds
214.531: [GC (Allocation Failure)  754215K->442313K(1033728K), 0.0044220 secs]
214.535: Total time for which application threads were stopped: 0.0045516 seconds, Stopping threads took: 0.0000180 seconds
214.599: [GC (Allocation Failure)  761801K->442345K(1033728K), 0.0043394 secs]
214.603: Total time for which application threads were stopped: 0.0044876 seconds, Stopping threads took: 0.0000179 seconds
214.665: [GC (Allocation Failure)  761833K->442473K(1033728K), 0.0044432 secs]
214.670: Total time for which application threads were stopped: 0.0045766 seconds, Stopping threads took: 0.0000173 seconds
214.735: [GC (Allocation Failure)  761961K->450347K(1033728K), 0.0043688 secs]
214.739: Total time for which application threads were stopped: 0.0045184 seconds, Stopping threads took: 0.0000270 seconds
214.802: [GC (Allocation Failure)  769835K->450315K(1033728K), 0.0067431 secs]
214.809: Total time for which application threads were stopped: 0.0068910 seconds, Stopping threads took: 0.0000248 seconds
214.877: [GC (Allocation Failure)  769803K->450403K(1033728K), 0.0048431 secs]
214.882: Total time for which application threads were stopped: 0.0050103 seconds, Stopping threads took: 0.0000188 seconds
214.948: [GC (Allocation Failure)  769891K->458373K(1027072K), 0.0045674 secs]
214.952: Total time for which application threads were stopped: 0.0047279 seconds, Stopping threads took: 0.0000270 seconds
215.014: [GC (Allocation Failure)  777861K->454467K(1034240K), 0.0037122 secs]
215.018: Total time for which application threads were stopped: 0.0038471 seconds, Stopping threads took: 0.0000190 seconds
215.081: [GC (Allocation Failure)  773955K->458541K(1033216K), 0.0044927 secs]
215.086: Total time for which application threads were stopped: 0.0046455 seconds, Stopping threads took: 0.0000238 seconds
215.149: [GC (Allocation Failure)  778029K->462509K(1034752K), 0.0043553 secs]
215.154: Total time for which application threads were stopped: 0.0044977 seconds, Stopping threads took: 0.0000190 seconds
215.216: [GC (Allocation Failure)  784045K->455723K(1034752K), 0.0021431 secs]
215.218: Total time for which application threads were stopped: 0.0022992 seconds, Stopping threads took: 0.0000246 seconds
215.281: [GC (Allocation Failure)  777259K->462581K(1034752K), 0.0042999 secs]
215.286: Total time for which application threads were stopped: 0.0044323 seconds, Stopping threads took: 0.0000179 seconds
215.348: [GC (Allocation Failure)  784117K->466661K(1034752K), 0.0054400 secs]
215.353: Total time for which application threads were stopped: 0.0055728 seconds, Stopping threads took: 0.0000179 seconds
215.416: [GC (Allocation Failure)  788197K->461123K(1034752K), 0.0026192 secs]
215.419: Total time for which application threads were stopped: 0.0027505 seconds, Stopping threads took: 0.0000185 seconds
215.482: [GC (Allocation Failure)  782659K->466965K(1034752K), 0.0045732 secs]
215.487: Total time for which application threads were stopped: 0.0047166 seconds, Stopping threads took: 0.0000191 seconds
215.550: [GC (Allocation Failure)  788501K->470797K(1034752K), 0.0049251 secs]
215.555: Total time for which application threads were stopped: 0.0050839 seconds, Stopping threads took: 0.0000243 seconds
215.619: [GC (Allocation Failure)  793286K->466923K(1035264K), 0.0035080 secs]
215.622: Total time for which application threads were stopped: 0.0036389 seconds, Stopping threads took: 0.0000185 seconds
215.688: [GC (Allocation Failure)  789483K->470957K(1036288K), 0.0054133 secs]
215.693: Total time for which application threads were stopped: 0.0055663 seconds, Stopping threads took: 0.0000256 seconds
215.757: [GC (Allocation Failure)  795053K->474925K(1035776K), 0.0045285 secs]
215.761: Total time for which application threads were stopped: 0.0046746 seconds, Stopping threads took: 0.0000238 seconds
215.826: [GC (Allocation Failure)  799021K->474925K(1035776K), 0.0051648 secs]
215.831: Total time for which application threads were stopped: 0.0053511 seconds, Stopping threads took: 0.0000173 seconds
215.899: [GC (Allocation Failure)  798509K->474989K(1023488K), 0.0044298 secs]
215.903: Total time for which application threads were stopped: 0.0045710 seconds, Stopping threads took: 0.0000174 seconds
215.967: [GC (Allocation Failure)  798573K->482960K(1035264K), 0.0044685 secs]
215.971: Total time for which application threads were stopped: 0.0046088 seconds, Stopping threads took: 0.0000240 seconds
216.035: [GC (Allocation Failure)  805520K->482960K(1030144K), 0.0043938 secs]
216.039: Total time for which application threads were stopped: 0.0045243 seconds, Stopping threads took: 0.0000179 seconds
216.102: [GC (Allocation Failure)  805520K->483016K(1034752K), 0.0045399 secs]
216.107: Total time for which application threads were stopped: 0.0047002 seconds, Stopping threads took: 0.0000243 seconds
216.170: [GC (Allocation Failure)  804552K->490986K(1034752K), 0.0046098 secs]
216.175: Total time for which application threads were stopped: 0.0047520 seconds, Stopping threads took: 0.0000193 seconds
216.239: [GC (Allocation Failure)  812522K->490986K(1033728K), 0.0042504 secs]
216.243: Total time for which application threads were stopped: 0.0043995 seconds, Stopping threads took: 0.0000194 seconds
216.306: [GC (Allocation Failure)  811498K->491242K(1034240K), 0.0044264 secs]
216.311: Total time for which application threads were stopped: 0.0045687 seconds, Stopping threads took: 0.0000182 seconds
216.376: [GC (Allocation Failure)  811754K->499052K(1034240K), 0.0043353 secs]
216.380: Total time for which application threads were stopped: 0.0044821 seconds, Stopping threads took: 0.0000260 seconds
216.445: [GC (Allocation Failure)  819564K->499052K(1034240K), 0.0043703 secs]
216.449: Total time for which application threads were stopped: 0.0044903 seconds, Stopping threads took: 0.0000190 seconds
216.513: [GC (Allocation Failure)  819564K->499468K(1033216K), 0.0045113 secs]
216.517: Total time for which application threads were stopped: 0.0046410 seconds, Stopping threads took: 0.0000182 seconds
216.582: [GC (Allocation Failure)  818956K->507055K(1033728K), 0.0045748 secs]
216.587: Total time for which application threads were stopped: 0.0047063 seconds, Stopping threads took: 0.0000178 seconds
216.650: [GC (Allocation Failure)  826543K->507055K(1033728K), 0.0045245 secs]
216.654: Total time for which application threads were stopped: 0.0046609 seconds, Stopping threads took: 0.0000187 seconds
216.715: [GC (Allocation Failure)  826543K->507207K(1033728K), 0.0047022 secs]
216.719: Total time for which application threads were stopped: 0.0048437 seconds, Stopping threads took: 0.0000185 seconds
216.785: [GC (Allocation Failure)  826695K->515081K(1033728K), 0.0045213 secs]
216.789: Total time for which application threads were stopped: 0.0046522 seconds, Stopping threads took: 0.0000177 seconds
216.857: [GC (Allocation Failure)  834569K->515081K(1033728K), 0.0047341 secs]
216.862: Total time for which application threads were stopped: 0.0048830 seconds, Stopping threads took: 0.0000170 seconds
216.929: [GC (Allocation Failure)  834569K->515145K(1033728K), 0.0045419 secs]
216.933: Total time for which application threads were stopped: 0.0047095 seconds, Stopping threads took: 0.0000261 seconds
216.999: [GC (Allocation Failure)  834633K->523115K(1027072K), 0.0047937 secs]
217.004: Total time for which application threads were stopped: 0.0049451 seconds, Stopping threads took: 0.0000283 seconds
217.067: [GC (Allocation Failure)  842603K->519209K(1034240K), 0.0038513 secs]
217.070: Total time for which application threads were stopped: 0.0040107 seconds, Stopping threads took: 0.0000246 seconds
217.135: [GC (Allocation Failure)  838697K->523275K(1033216K), 0.0045664 secs]
217.140: Total time for which application threads were stopped: 0.0047258 seconds, Stopping threads took: 0.0000246 seconds
217.206: [GC (Allocation Failure)  842763K->527243K(1034752K), 0.0045784 secs]
217.210: Total time for which application threads were stopped: 0.0047384 seconds, Stopping threads took: 0.0000186 seconds
217.274: [GC (Allocation Failure)  848779K->520457K(1034752K), 0.0022281 secs]
217.277: Total time for which application threads were stopped: 0.0023764 seconds, Stopping threads took: 0.0000190 seconds
217.340: [GC (Allocation Failure)  841993K->527307K(1034752K), 0.0044627 secs]
217.344: Total time for which application threads were stopped: 0.0046041 seconds, Stopping threads took: 0.0000204 seconds
217.409: [GC (Allocation Failure)  848843K->531419K(1034752K), 0.0053083 secs]
217.414: Total time for which application threads were stopped: 0.0054488 seconds, Stopping threads took: 0.0000237 seconds
217.475: [GC (Allocation Failure)  852955K->525849K(1034752K), 0.0028189 secs]
217.478: Total time for which application threads were stopped: 0.0029497 seconds, Stopping threads took: 0.0000189 seconds
217.541: [GC (Allocation Failure)  847385K->531651K(1034752K), 0.0046783 secs]
217.546: Total time for which application threads were stopped: 0.0048123 seconds, Stopping threads took: 0.0000184 seconds
217.609: [GC (Allocation Failure)  853187K->535555K(1034752K), 0.0048605 secs]
217.614: Total time for which application threads were stopped: 0.0050080 seconds, Stopping threads took: 0.0000242 seconds
217.677: [GC (Allocation Failure)  858043K->531649K(1035264K), 0.0065389 secs]
217.683: Total time for which application threads were stopped: 0.0066857 seconds, Stopping threads took: 0.0000237 seconds
217.748: [GC (Allocation Failure)  854209K->535691K(1036288K), 0.0046722 secs]
217.753: Total time for which application threads were stopped: 0.0048193 seconds, Stopping threads took: 0.0000240 seconds
217.816: [GC (Allocation Failure)  859787K->539691K(1035776K), 0.0053217 secs]
217.822: Total time for which application threads were stopped: 0.0054860 seconds, Stopping threads took: 0.0000240 seconds
217.891: [GC (Allocation Failure)  863787K->539659K(1035776K), 0.0050735 secs]
217.896: Total time for which application threads were stopped: 0.0052446 seconds, Stopping threads took: 0.0000207 seconds
217.963: [GC (Allocation Failure)  863243K->539715K(1023488K), 0.0054838 secs]
217.969: Total time for which application threads were stopped: 0.0056193 seconds, Stopping threads took: 0.0000208 seconds
218.032: [GC (Allocation Failure)  863299K->547717K(1035264K), 0.0047606 secs]
218.037: Total time for which application threads were stopped: 0.0048989 seconds, Stopping threads took: 0.0000205 seconds
218.100: [GC (Allocation Failure)  870277K->547685K(1030144K), 0.0044863 secs]
218.104: Total time for which application threads were stopped: 0.0046577 seconds, Stopping threads took: 0.0000247 seconds
218.167: [GC (Allocation Failure)  870245K->547749K(1034752K), 0.0047341 secs]
218.172: Total time for which application threads were stopped: 0.0048767 seconds, Stopping threads took: 0.0000179 seconds
218.235: [GC (Allocation Failure)  869285K->555720K(1034752K), 0.0047814 secs]
218.240: Total time for which application threads were stopped: 0.0049141 seconds, Stopping threads took: 0.0000189 seconds
218.303: [GC (Allocation Failure)  877256K->555688K(1033728K), 0.0043867 secs]
218.308: Total time for which application threads were stopped: 0.0045271 seconds, Stopping threads took: 0.0000207 seconds
218.370: [GC (Allocation Failure)  876200K->555976K(1034240K), 0.0045081 secs]
218.375: Total time for which application threads were stopped: 0.0046402 seconds, Stopping threads took: 0.0000180 seconds
218.440: [GC (Allocation Failure)  876488K->563754K(1034240K), 0.0046603 secs]
218.445: Total time for which application threads were stopped: 0.0048047 seconds, Stopping threads took: 0.0000200 seconds
218.510: [GC (Allocation Failure)  884266K->563786K(1034240K), 0.0047677 secs]
218.515: Total time for which application threads were stopped: 0.0049160 seconds, Stopping threads took: 0.0000193 seconds
218.577: [GC (Allocation Failure)  884298K->564202K(1033216K), 0.0047605 secs]
218.582: Total time for which application threads were stopped: 0.0048917 seconds, Stopping threads took: 0.0000190 seconds
218.646: [GC (Allocation Failure)  883690K->571820K(1033728K), 0.0046549 secs]
218.651: Total time for which application threads were stopped: 0.0047975 seconds, Stopping threads took: 0.0000179 seconds
218.714: [GC (Allocation Failure)  891308K->571788K(1033728K), 0.0046372 secs]
218.719: Total time for which application threads were stopped: 0.0047883 seconds, Stopping threads took: 0.0000193 seconds
218.781: [GC (Allocation Failure)  891276K->571916K(1033728K), 0.0046681 secs]
218.786: Total time for which application threads were stopped: 0.0048157 seconds, Stopping threads took: 0.0000176 seconds
218.854: [GC (Allocation Failure)  891404K->579822K(1033728K), 0.0045866 secs]
218.859: Total time for which application threads were stopped: 0.0047491 seconds, Stopping threads took: 0.0000200 seconds
218.926: [GC (Allocation Failure)  899310K->579822K(1033728K), 0.0049474 secs]
218.931: Total time for which application threads were stopped: 0.0051452 seconds, Stopping threads took: 0.0000203 seconds
218.996: [GC (Allocation Failure)  899310K->579886K(1033728K), 0.0047546 secs]
219.001: Total time for which application threads were stopped: 0.0048909 seconds, Stopping threads took: 0.0000199 seconds
219.066: [GC (Allocation Failure)  899374K->587857K(1027072K), 0.0048224 secs]
219.070: Total time for which application threads were stopped: 0.0049567 seconds, Stopping threads took: 0.0000181 seconds
219.132: [GC (Allocation Failure)  907344K->583950K(1034240K), 0.0038590 secs]
219.136: Total time for which application threads were stopped: 0.0040162 seconds, Stopping threads took: 0.0000247 seconds
219.201: [GC (Allocation Failure)  903438K->588009K(1033216K), 0.0048634 secs]
219.206: Total time for which application threads were stopped: 0.0050212 seconds, Stopping threads took: 0.0000201 seconds
219.269: [GC (Allocation Failure)  907497K->591977K(1034752K), 0.0045867 secs]
219.273: Total time for which application threads were stopped: 0.0047549 seconds, Stopping threads took: 0.0000187 seconds
219.338: [GC (Allocation Failure)  913513K->585190K(1034752K), 0.0023815 secs]
219.340: Total time for which application threads were stopped: 0.0025323 seconds, Stopping threads took: 0.0000188 seconds
219.405: [GC (Allocation Failure)  906726K->592041K(1034752K), 0.0044505 secs]
219.410: Total time for which application threads were stopped: 0.0045851 seconds, Stopping threads took: 0.0000181 seconds
219.471: [GC (Allocation Failure)  913577K->596121K(1034752K), 0.0056743 secs]
219.477: Total time for which application threads were stopped: 0.0058167 seconds, Stopping threads took: 0.0000237 seconds
219.539: [GC (Allocation Failure)  917657K->590582K(1034752K), 0.0029004 secs]
219.542: Total time for which application threads were stopped: 0.0030518 seconds, Stopping threads took: 0.0000192 seconds
219.606: [GC (Allocation Failure)  912118K->596393K(1034752K), 0.0048171 secs]
219.611: Total time for which application threads were stopped: 0.0049725 seconds, Stopping threads took: 0.0000203 seconds
219.674: [GC (Allocation Failure)  917929K->600265K(1034752K), 0.0049948 secs]
219.679: Total time for which application threads were stopped: 0.0051578 seconds, Stopping threads took: 0.0000242 seconds
219.743: [GC (Allocation Failure)  922753K->596358K(1035264K), 0.0036508 secs]
219.747: Total time for which application threads were stopped: 0.0037675 seconds, Stopping threads took: 0.0000163 seconds
219.810: [GC (Allocation Failure)  918918K->600425K(1036288K), 0.0048538 secs]
219.815: Total time for which application threads were stopped: 0.0050038 seconds, Stopping threads took: 0.0000188 seconds
219.884: [GC (Allocation Failure)  924521K->604393K(1035776K), 0.0047895 secs]
219.889: Total time for which application threads were stopped: 0.0049842 seconds, Stopping threads took: 0.0000200 seconds
219.960: [GC (Allocation Failure)  928489K->604425K(1035776K), 0.0047353 secs]
219.965: Total time for which application threads were stopped: 0.0049343 seconds, Stopping threads took: 0.0000263 seconds
220.032: [GC (Allocation Failure)  928009K->604457K(1023488K), 0.0048382 secs]
220.037: Total time for which application threads were stopped: 0.0049808 seconds, Stopping threads took: 0.0000204 seconds
220.100: [GC (Allocation Failure)  928041K->612491K(1035264K), 0.0046725 secs]
220.105: Total time for which application threads were stopped: 0.0048092 seconds, Stopping threads took: 0.0000193 seconds
220.168: [GC (Allocation Failure)  935051K->612427K(1030144K), 0.0045899 secs]
220.173: Total time for which application threads were stopped: 0.0047397 seconds, Stopping threads took: 0.0000190 seconds
220.237: [GC (Allocation Failure)  934987K->612491K(1034752K), 0.0047854 secs]
220.242: Total time for which application threads were stopped: 0.0049153 seconds, Stopping threads took: 0.0000187 seconds
220.305: [GC (Allocation Failure)  934027K->620461K(1029120K), 0.0048000 secs]
220.309: Total time for which application threads were stopped: 0.0049396 seconds, Stopping threads took: 0.0000204 seconds
220.373: [GC (Allocation Failure)  941997K->620461K(1034240K), 0.0045630 secs]
220.378: Total time for which application threads were stopped: 0.0047065 seconds, Stopping threads took: 0.0000213 seconds
220.442: [GC (Allocation Failure)  940973K->620717K(1034240K), 0.0047164 secs]
220.447: Total time for which application threads were stopped: 0.0048495 seconds, Stopping threads took: 0.0000247 seconds
220.511: [GC (Allocation Failure)  941229K->628495K(1034240K), 0.0046992 secs]
220.516: Total time for which application threads were stopped: 0.0048366 seconds, Stopping threads took: 0.0000225 seconds
220.579: [GC (Allocation Failure)  949007K->628495K(1034240K), 0.0047928 secs]
220.584: Total time for which application threads were stopped: 0.0049305 seconds, Stopping threads took: 0.0000187 seconds
220.647: [GC (Allocation Failure)  949007K->628943K(1033216K), 0.0063775 secs]
220.654: Total time for which application threads were stopped: 0.0065411 seconds, Stopping threads took: 0.0000180 seconds
220.717: [GC (Allocation Failure)  948431K->636562K(1033728K), 0.0048370 secs]
220.722: Total time for which application threads were stopped: 0.0049876 seconds, Stopping threads took: 0.0000188 seconds
220.787: [GC (Allocation Failure)  956050K->636498K(1033728K), 0.0047535 secs]
220.792: Total time for which application threads were stopped: 0.0048862 seconds, Stopping threads took: 0.0000157 seconds
220.857: [GC (Allocation Failure)  955986K->636650K(1033728K), 0.0049090 secs]
220.862: Total time for which application threads were stopped: 0.0050690 seconds, Stopping threads took: 0.0000196 seconds
220.928: [GC (Allocation Failure)  956138K->644524K(1033728K), 0.0047620 secs]
220.932: Total time for which application threads were stopped: 0.0049223 seconds, Stopping threads took: 0.0000255 seconds
220.995: [GC (Allocation Failure)  964012K->644588K(1033728K), 0.0047849 secs]
221.000: Total time for which application threads were stopped: 0.0049216 seconds, Stopping threads took: 0.0000188 seconds
221.062: [GC (Allocation Failure)  964076K->644620K(1033728K), 0.0048815 secs]
221.067: Total time for which application threads were stopped: 0.0050260 seconds, Stopping threads took: 0.0000239 seconds
221.129: [GC (Allocation Failure)  964108K->652590K(1027072K), 0.0049070 secs]
221.134: Total time for which application threads were stopped: 0.0050549 seconds, Stopping threads took: 0.0000238 seconds
221.195: [GC (Allocation Failure)  972078K->648684K(1034240K), 0.0040923 secs]
221.199: Total time for which application threads were stopped: 0.0042199 seconds, Stopping threads took: 0.0000180 seconds
221.262: [GC (Allocation Failure)  968172K->652750K(1033216K), 0.0048307 secs]
221.267: Total time for which application threads were stopped: 0.0049787 seconds, Stopping threads took: 0.0000183 seconds
221.332: [GC (Allocation Failure)  972238K->656718K(1034752K), 0.0046671 secs]
221.337: Total time for which application threads were stopped: 0.0048021 seconds, Stopping threads took: 0.0000185 seconds
221.399: [GC (Allocation Failure)  978254K->649932K(1034752K), 0.0024538 secs]
221.402: Total time for which application threads were stopped: 0.0025837 seconds, Stopping threads took: 0.0000190 seconds
221.465: [GC (Allocation Failure)  971468K->656750K(1034752K), 0.0060815 secs]
221.471: Total time for which application threads were stopped: 0.0062305 seconds, Stopping threads took: 0.0000247 seconds
221.533: [GC (Allocation Failure)  978286K->660894K(1034752K), 0.0057117 secs]
221.539: Total time for which application threads were stopped: 0.0058581 seconds, Stopping threads took: 0.0000205 seconds
221.601: [GC (Allocation Failure)  982430K->655356K(1034752K), 0.0030649 secs]
221.604: Total time for which application threads were stopped: 0.0031968 seconds, Stopping threads took: 0.0000184 seconds
221.667: [GC (Allocation Failure)  976892K->661102K(1034752K), 0.0049993 secs]
221.672: Total time for which application threads were stopped: 0.0051658 seconds, Stopping threads took: 0.0000199 seconds
221.735: [GC (Allocation Failure)  982638K->665038K(1034752K), 0.0051613 secs]
221.740: Total time for which application threads were stopped: 0.0053089 seconds, Stopping threads took: 0.0000187 seconds
221.804: [GC (Allocation Failure)  987527K->661132K(1035264K), 0.0038712 secs]
221.807: Total time for which application threads were stopped: 0.0040192 seconds, Stopping threads took: 0.0000249 seconds
221.878: [GC (Allocation Failure)  983692K->665166K(1036288K), 0.0050194 secs]
221.883: Total time for which application threads were stopped: 0.0051942 seconds, Stopping threads took: 0.0000199 seconds
221.950: [GC (Allocation Failure)  989262K->669134K(1035776K), 0.0046857 secs]
221.955: Total time for which application threads were stopped: 0.0048680 seconds, Stopping threads took: 0.0000264 seconds
222.020: [GC (Allocation Failure)  993230K->669134K(1035776K), 0.0047934 secs]
222.025: Total time for which application threads were stopped: 0.0049587 seconds, Stopping threads took: 0.0000196 seconds
222.088: [GC (Allocation Failure)  992718K->669190K(1023488K), 0.0049242 secs]
222.093: Total time for which application threads were stopped: 0.0050612 seconds, Stopping threads took: 0.0000190 seconds
222.155: [GC (Allocation Failure)  992774K->677161K(1035264K), 0.0048946 secs]
222.160: Total time for which application threads were stopped: 0.0050320 seconds, Stopping threads took: 0.0000181 seconds
222.225: [GC (Allocation Failure)  999721K->677161K(1030144K), 0.0059079 secs]
222.231: Total time for which application threads were stopped: 0.0060404 seconds, Stopping threads took: 0.0000178 seconds
222.294: [GC (Allocation Failure)  999721K->677225K(1034752K), 0.0047694 secs]
222.299: Total time for which application threads were stopped: 0.0049013 seconds, Stopping threads took: 0.0000185 seconds
222.362: [GC (Allocation Failure)  998761K->685195K(1034752K), 0.0049414 secs]
222.367: Total time for which application threads were stopped: 0.0050889 seconds, Stopping threads took: 0.0000187 seconds
222.433: [GC (Allocation Failure)  1006731K->685195K(1033728K), 0.0046227 secs]
222.437: Total time for which application threads were stopped: 0.0047677 seconds, Stopping threads took: 0.0000255 seconds
222.500: [GC (Allocation Failure)  1005707K->685451K(1034240K), 0.0049946 secs]
222.505: Total time for which application threads were stopped: 0.0051367 seconds, Stopping threads took: 0.0000191 seconds
222.571: [GC (Allocation Failure)  1005963K->693261K(1034240K), 0.0047907 secs]
222.576: Total time for which application threads were stopped: 0.0049232 seconds, Stopping threads took: 0.0000242 seconds
222.639: [GC (Allocation Failure)  1013773K->693261K(1034240K), 0.0048383 secs]
222.644: Total time for which application threads were stopped: 0.0049936 seconds, Stopping threads took: 0.0000189 seconds
222.708: [GC (Allocation Failure)  1013773K->693677K(1033216K), 0.0050259 secs]
222.713: [Full GC (Ergonomics)  693677K->8905K(1033216K), 0.0131555 secs]
222.727: Total time for which application threads were stopped: 0.0183889 seconds, Stopping threads took: 0.0000192 seconds
222.790: [GC (Allocation Failure)  328393K->17612K(1033728K), 0.0036395 secs]
222.794: Total time for which application threads were stopped: 0.0037689 seconds, Stopping threads took: 0.0000180 seconds
222.861: [GC (Allocation Failure)  337100K->17620K(1033728K), 0.0037471 secs]
222.865: Total time for which application threads were stopped: 0.0039069 seconds, Stopping threads took: 0.0000196 seconds
222.929: [GC (Allocation Failure)  337108K->17740K(1033728K), 0.0036101 secs]
222.932: Total time for which application threads were stopped: 0.0037506 seconds, Stopping threads took: 0.0000205 seconds
222.997: [GC (Allocation Failure)  337228K->25678K(1032704K), 0.0035345 secs]
223.000: Total time for which application threads were stopped: 0.0036633 seconds, Stopping threads took: 0.0000186 seconds
223.062: [GC (Allocation Failure)  344142K->25614K(1033216K), 0.0039241 secs]
223.066: Total time for which application threads were stopped: 0.0040628 seconds, Stopping threads took: 0.0000241 seconds
223.128: [GC (Allocation Failure)  344078K->25702K(1033216K), 0.0036054 secs]
223.131: Total time for which application threads were stopped: 0.0037565 seconds, Stopping threads took: 0.0000240 seconds
223.196: [GC (Allocation Failure)  344166K->33672K(1033216K), 0.0035131 secs]
223.199: Total time for which application threads were stopped: 0.0036229 seconds, Stopping threads took: 0.0000149 seconds
223.264: [GC (Allocation Failure)  352136K->26086K(1033216K), 0.0006885 secs]
223.265: Total time for which application threads were stopped: 0.0008147 seconds, Stopping threads took: 0.0000183 seconds
223.331: [GC (Allocation Failure)  344550K->33920K(1033216K), 0.0034544 secs]
223.335: Total time for which application threads were stopped: 0.0036023 seconds, Stopping threads took: 0.0000274 seconds
223.397: [GC (Allocation Failure)  352384K->37848K(1033216K), 0.0050302 secs]
223.402: Total time for which application threads were stopped: 0.0051652 seconds, Stopping threads took: 0.0000211 seconds
223.463: [GC (Allocation Failure)  356312K->38646K(1033216K), 0.0042259 secs]
223.467: Total time for which application threads were stopped: 0.0043667 seconds, Stopping threads took: 0.0000184 seconds
223.530: [GC (Allocation Failure)  357110K->37944K(1033216K), 0.0037925 secs]
223.534: Total time for which application threads were stopped: 0.0039414 seconds, Stopping threads took: 0.0000267 seconds
223.597: [GC (Allocation Failure)  356408K->37848K(1033216K), 0.0035812 secs]
223.601: Total time for which application threads were stopped: 0.0037145 seconds, Stopping threads took: 0.0000195 seconds
223.661: [GC (Allocation Failure)  356312K->30614K(1033216K), 0.0009070 secs]
223.662: Total time for which application threads were stopped: 0.0010387 seconds, Stopping threads took: 0.0000189 seconds
223.723: [GC (Allocation Failure)  349078K->37912K(1033216K), 0.0037827 secs]
223.727: Total time for which application threads were stopped: 0.0039146 seconds, Stopping threads took: 0.0000186 seconds
223.789: [GC (Allocation Failure)  356376K->37816K(1033216K), 0.0035324 secs]
223.793: Total time for which application threads were stopped: 0.0036587 seconds, Stopping threads took: 0.0000179 seconds
223.858: [GC (Allocation Failure)  356280K->38880K(1033216K), 0.0038920 secs]
223.862: Total time for which application threads were stopped: 0.0040592 seconds, Stopping threads took: 0.0000193 seconds
223.928: [GC (Allocation Failure)  357344K->45923K(1033216K), 0.0037094 secs]
223.932: Total time for which application threads were stopped: 0.0038575 seconds, Stopping threads took: 0.0000266 seconds
223.995: [GC (Allocation Failure)  364387K->45859K(1033216K), 0.0036951 secs]
223.999: Total time for which application threads were stopped: 0.0038454 seconds, Stopping threads took: 0.0000274 seconds
224.061: [GC (Allocation Failure)  364323K->47083K(1033728K), 0.0038817 secs]
224.065: Total time for which application threads were stopped: 0.0040197 seconds, Stopping threads took: 0.0000185 seconds
224.129: [GC (Allocation Failure)  366571K->53901K(1033728K), 0.0037112 secs]
224.132: Total time for which application threads were stopped: 0.0038544 seconds, Stopping threads took: 0.0000237 seconds
224.195: [GC (Allocation Failure)  373389K->53933K(1033728K), 0.0035766 secs]
224.199: Total time for which application threads were stopped: 0.0037203 seconds, Stopping threads took: 0.0000182 seconds
224.263: [GC (Allocation Failure)  373421K->54349K(1033728K), 0.0035359 secs]
224.267: Total time for which application threads were stopped: 0.0036647 seconds, Stopping threads took: 0.0000243 seconds
224.328: [GC (Allocation Failure)  373837K->61935K(1033728K), 0.0035968 secs]
224.332: Total time for which application threads were stopped: 0.0037255 seconds, Stopping threads took: 0.0000176 seconds
224.395: [GC (Allocation Failure)  381423K->61935K(1033728K), 0.0049513 secs]
224.400: Total time for which application threads were stopped: 0.0050827 seconds, Stopping threads took: 0.0000181 seconds
224.465: [GC (Allocation Failure)  381423K->65607K(1034240K), 0.0044492 secs]
224.469: Total time for which application threads were stopped: 0.0045779 seconds, Stopping threads took: 0.0000178 seconds
224.535: [GC (Allocation Failure)  385607K->69961K(1033728K), 0.0036323 secs]
224.538: Total time for which application threads were stopped: 0.0037598 seconds, Stopping threads took: 0.0000172 seconds
224.604: [GC (Allocation Failure)  389961K->69993K(1034240K), 0.0038433 secs]
224.608: Total time for which application threads were stopped: 0.0039728 seconds, Stopping threads took: 0.0000182 seconds
224.671: [GC (Allocation Failure)  390505K->70785K(1034240K), 0.0039510 secs]
224.675: Total time for which application threads were stopped: 0.0040863 seconds, Stopping threads took: 0.0000189 seconds
224.739: [GC (Allocation Failure)  391297K->78084K(1033216K), 0.0065690 secs]
224.746: Total time for which application threads were stopped: 0.0067111 seconds, Stopping threads took: 0.0000191 seconds
224.811: [GC (Allocation Failure)  397572K->78020K(1033728K), 0.0037879 secs]
224.815: Total time for which application threads were stopped: 0.0039388 seconds, Stopping threads took: 0.0000246 seconds
224.882: [GC (Allocation Failure)  397508K->79020K(1033216K), 0.0041266 secs]
224.887: Total time for which application threads were stopped: 0.0042853 seconds, Stopping threads took: 0.0000173 seconds
224.952: [GC (Allocation Failure)  398508K->86094K(1033728K), 0.0038088 secs]
224.956: Total time for which application threads were stopped: 0.0039839 seconds, Stopping threads took: 0.0000281 seconds
225.025: [GC (Allocation Failure)  405582K->86030K(1033728K), 0.0038123 secs]
225.028: Total time for which application threads were stopped: 0.0039837 seconds, Stopping threads took: 0.0000196 seconds
225.092: [GC (Allocation Failure)  405518K->86182K(1033728K), 0.0038693 secs]
225.096: Total time for which application threads were stopped: 0.0040406 seconds, Stopping threads took: 0.0000174 seconds
225.160: [GC (Allocation Failure)  405670K->94088K(1033728K), 0.0038483 secs]
225.164: Total time for which application threads were stopped: 0.0039775 seconds, Stopping threads took: 0.0000189 seconds
225.229: [GC (Allocation Failure)  413576K->94056K(1033728K), 0.0036722 secs]
225.233: Total time for which application threads were stopped: 0.0038123 seconds, Stopping threads took: 0.0000239 seconds
225.293: [GC (Allocation Failure)  413544K->94440K(1033728K), 0.0037669 secs]
225.297: Total time for which application threads were stopped: 0.0038934 seconds, Stopping threads took: 0.0000183 seconds
225.360: [GC (Allocation Failure)  413928K->102122K(1033728K), 0.0035654 secs]
225.364: Total time for which application threads were stopped: 0.0036967 seconds, Stopping threads took: 0.0000173 seconds
225.430: [GC (Allocation Failure)  421610K->102122K(1033728K), 0.0034849 secs]
225.434: Total time for which application threads were stopped: 0.0036157 seconds, Stopping threads took: 0.0000152 seconds
225.497: [GC (Allocation Failure)  421610K->102730K(1033728K), 0.0038330 secs]
225.500: Total time for which application threads were stopped: 0.0039700 seconds, Stopping threads took: 0.0000157 seconds
225.565: [GC (Allocation Failure)  422218K->110189K(1033728K), 0.0038092 secs]
225.569: Total time for which application threads were stopped: 0.0039479 seconds, Stopping threads took: 0.0000183 seconds
225.634: [GC (Allocation Failure)  429677K->110125K(1033728K), 0.0037167 secs]
225.638: Total time for which application threads were stopped: 0.0038438 seconds, Stopping threads took: 0.0000171 seconds
225.698: [GC (Allocation Failure)  429613K->111917K(1033728K), 0.0039164 secs]
225.702: Total time for which application threads were stopped: 0.0040318 seconds, Stopping threads took: 0.0000179 seconds
225.765: [GC (Allocation Failure)  431405K->118223K(1033728K), 0.0038283 secs]
225.769: Total time for which application threads were stopped: 0.0039689 seconds, Stopping threads took: 0.0000198 seconds
225.836: [GC (Allocation Failure)  437711K->118127K(1033728K), 0.0072489 secs]
225.843: Total time for which application threads were stopped: 0.0074067 seconds, Stopping threads took: 0.0000245 seconds
225.906: [GC (Allocation Failure)  437615K->119143K(1033728K), 0.0038322 secs]
225.909: Total time for which application threads were stopped: 0.0039644 seconds, Stopping threads took: 0.0000189 seconds
225.971: [GC (Allocation Failure)  438631K->126249K(1033728K), 0.0037762 secs]
225.974: Total time for which application threads were stopped: 0.0039067 seconds, Stopping threads took: 0.0000236 seconds
226.040: [GC (Allocation Failure)  445737K->126185K(1033728K), 0.0036026 secs]
226.044: Total time for which application threads were stopped: 0.0037401 seconds, Stopping threads took: 0.0000157 seconds
226.104: [GC (Allocation Failure)  445673K->126345K(1033728K), 0.0037634 secs]
226.108: Total time for which application threads were stopped: 0.0039096 seconds, Stopping threads took: 0.0000274 seconds
226.171: [GC (Allocation Failure)  445833K->134283K(1033728K), 0.0039126 secs]
226.175: Total time for which application threads were stopped: 0.0040472 seconds, Stopping threads took: 0.0000186 seconds
226.238: [GC (Allocation Failure)  453771K->134187K(1033728K), 0.0037274 secs]
226.242: Total time for which application threads were stopped: 0.0038655 seconds, Stopping threads took: 0.0000211 seconds
226.302: [GC (Allocation Failure)  453675K->134571K(1033728K), 0.0038450 secs]
226.306: Total time for which application threads were stopped: 0.0039759 seconds, Stopping threads took: 0.0000174 seconds
226.369: [GC (Allocation Failure)  454059K->142318K(1032704K), 0.0038142 secs]
226.373: Total time for which application threads were stopped: 0.0039452 seconds, Stopping threads took: 0.0000181 seconds
226.436: [GC (Allocation Failure)  460782K->142254K(1033216K), 0.0037617 secs]
226.440: Total time for which application threads were stopped: 0.0039007 seconds, Stopping threads took: 0.0000179 seconds
226.502: [GC (Allocation Failure)  460718K->142830K(1033216K), 0.0055166 secs]
226.508: Total time for which application threads were stopped: 0.0056517 seconds, Stopping threads took: 0.0000248 seconds
226.573: [GC (Allocation Failure)  461294K->150320K(1033216K), 0.0037656 secs]
226.577: Total time for which application threads were stopped: 0.0039170 seconds, Stopping threads took: 0.0000189 seconds
226.638: [GC (Allocation Failure)  468784K->150320K(1033216K), 0.0039357 secs]
226.642: Total time for which application threads were stopped: 0.0040689 seconds, Stopping threads took: 0.0000188 seconds
226.705: [GC (Allocation Failure)  468784K->151048K(1033216K), 0.0038689 secs]
226.709: Total time for which application threads were stopped: 0.0040189 seconds, Stopping threads took: 0.0000267 seconds
226.774: [GC (Allocation Failure)  469512K->158314K(1033216K), 0.0040275 secs]
226.778: Total time for which application threads were stopped: 0.0041690 seconds, Stopping threads took: 0.0000181 seconds
226.845: [GC (Allocation Failure)  476778K->158314K(1033216K), 0.0036063 secs]
226.848: Total time for which application threads were stopped: 0.0038169 seconds, Stopping threads took: 0.0000167 seconds
226.914: [GC (Allocation Failure)  476778K->159306K(1033728K), 0.0039887 secs]
226.918: Total time for which application threads were stopped: 0.0041454 seconds, Stopping threads took: 0.0000257 seconds
226.983: [GC (Allocation Failure)  478282K->166381K(1033216K), 0.0036394 secs]
226.987: Total time for which application threads were stopped: 0.0037729 seconds, Stopping threads took: 0.0000280 seconds
227.052: [GC (Allocation Failure)  485357K->166349K(1033728K), 0.0036360 secs]
227.056: Total time for which application threads were stopped: 0.0037553 seconds, Stopping threads took: 0.0000148 seconds
227.120: [GC (Allocation Failure)  485325K->167021K(1033216K), 0.0040084 secs]
227.124: Total time for which application threads were stopped: 0.0041450 seconds, Stopping threads took: 0.0000192 seconds
227.189: [GC (Allocation Failure)  485997K->174383K(1032704K), 0.0038847 secs]
227.193: Total time for which application threads were stopped: 0.0040163 seconds, Stopping threads took: 0.0000184 seconds
227.256: [GC (Allocation Failure)  492847K->174383K(1033216K), 0.0038321 secs]
227.260: Total time for which application threads were stopped: 0.0039858 seconds, Stopping threads took: 0.0000264 seconds
227.322: [GC (Allocation Failure)  492847K->174727K(1032704K), 0.0040507 secs]
227.326: Total time for which application threads were stopped: 0.0041696 seconds, Stopping threads took: 0.0000156 seconds
227.391: [GC (Allocation Failure)  493191K->182441K(1033216K), 0.0041529 secs]
227.395: Total time for which application threads were stopped: 0.0043529 seconds, Stopping threads took: 0.0000201 seconds
227.461: [GC (Allocation Failure)  500905K->182441K(1033216K), 0.0039482 secs]
227.465: Total time for which application threads were stopped: 0.0040660 seconds, Stopping threads took: 0.0000255 seconds
227.526: [GC (Allocation Failure)  500905K->182953K(1033216K), 0.0038823 secs]
227.530: Total time for which application threads were stopped: 0.0040182 seconds, Stopping threads took: 0.0000240 seconds
227.594: [GC (Allocation Failure)  501417K->190443K(1033216K), 0.0038745 secs]
227.598: Total time for which application threads were stopped: 0.0040069 seconds, Stopping threads took: 0.0000179 seconds
227.660: [GC (Allocation Failure)  508907K->190475K(1033216K), 0.0038124 secs]
227.664: Total time for which application threads were stopped: 0.0039316 seconds, Stopping threads took: 0.0000154 seconds
227.725: [GC (Allocation Failure)  508939K->190691K(1033216K), 0.0040346 secs]
227.729: Total time for which application threads were stopped: 0.0041802 seconds, Stopping threads took: 0.0000240 seconds
227.793: [GC (Allocation Failure)  509155K->198470K(1033216K), 0.0038456 secs]
227.797: Total time for which application threads were stopped: 0.0039622 seconds, Stopping threads took: 0.0000154 seconds
227.865: [GC (Allocation Failure)  516934K->198470K(1033216K), 0.0039254 secs]
227.869: Total time for which application threads were stopped: 0.0040855 seconds, Stopping threads took: 0.0000191 seconds
227.932: [GC (Allocation Failure)  516934K->198534K(1033216K), 0.0039281 secs]
227.936: Total time for which application threads were stopped: 0.0040749 seconds, Stopping threads took: 0.0000281 seconds
227.998: [GC (Allocation Failure)  516998K->206504K(1033216K), 0.0039004 secs]
228.002: Total time for which application threads were stopped: 0.0040372 seconds, Stopping threads took: 0.0000228 seconds
228.065: [GC (Allocation Failure)  524968K->206504K(1033216K), 0.0040287 secs]
228.069: Total time for which application threads were stopped: 0.0041676 seconds, Stopping threads took: 0.0000185 seconds
228.131: [GC (Allocation Failure)  524968K->206664K(1033216K), 0.0038291 secs]
228.135: Total time for which application threads were stopped: 0.0039839 seconds, Stopping threads took: 0.0000184 seconds
228.199: [GC (Allocation Failure)  525128K->214538K(1033216K), 0.0038489 secs]
228.203: Total time for which application threads were stopped: 0.0039943 seconds, Stopping threads took: 0.0000188 seconds
228.266: [GC (Allocation Failure)  533002K->210312K(1033728K), 0.0028262 secs]
228.269: Total time for which application threads were stopped: 0.0029429 seconds, Stopping threads took: 0.0000156 seconds
228.331: [GC (Allocation Failure)  529288K->214634K(1033216K), 0.0040307 secs]
228.335: Total time for which application threads were stopped: 0.0041722 seconds, Stopping threads took: 0.0000286 seconds
228.399: [GC (Allocation Failure)  533610K->218706K(1033728K), 0.0037335 secs]
228.403: Total time for which application threads were stopped: 0.0038771 seconds, Stopping threads took: 0.0000228 seconds
228.467: [GC (Allocation Failure)  539218K->225896K(1034240K), 0.0071271 secs]
228.474: Total time for which application threads were stopped: 0.0072626 seconds, Stopping threads took: 0.0000258 seconds
228.537: [GC (Allocation Failure)  546408K->219818K(1030144K), 0.0039290 secs]
228.541: Total time for which application threads were stopped: 0.0040703 seconds, Stopping threads took: 0.0000249 seconds
228.605: [GC (Allocation Failure)  536234K->219626K(1032192K), 0.0039381 secs]
228.609: Total time for which application threads were stopped: 0.0040825 seconds, Stopping threads took: 0.0000187 seconds
228.672: [GC (Allocation Failure)  536042K->216840K(1033216K), 0.0030168 secs]
228.675: Total time for which application threads were stopped: 0.0031516 seconds, Stopping threads took: 0.0000194 seconds
228.738: [GC (Allocation Failure)  534280K->219818K(1032192K), 0.0041286 secs]
228.742: Total time for which application threads were stopped: 0.0042706 seconds, Stopping threads took: 0.0000190 seconds
228.805: [GC (Allocation Failure)  537258K->219626K(1033728K), 0.0038696 secs]
228.809: Total time for which application threads were stopped: 0.0040165 seconds, Stopping threads took: 0.0000235 seconds
228.875: [GC (Allocation Failure)  538602K->223530K(1033216K), 0.0050058 secs]
228.880: Total time for which application threads were stopped: 0.0051595 seconds, Stopping threads took: 0.0000193 seconds
228.946: [GC (Allocation Failure)  542506K->227756K(1034240K), 0.0040285 secs]
228.950: Total time for which application threads were stopped: 0.0042173 seconds, Stopping threads took: 0.0000200 seconds
229.016: [GC (Allocation Failure)  547756K->227692K(1033728K), 0.0039576 secs]
229.020: Total time for which application threads were stopped: 0.0040774 seconds, Stopping threads took: 0.0000160 seconds
229.083: [GC (Allocation Failure)  547692K->231276K(1034752K), 0.0048635 secs]
229.087: Total time for which application threads were stopped: 0.0050113 seconds, Stopping threads took: 0.0000260 seconds
229.151: [GC (Allocation Failure)  552300K->235759K(1034240K), 0.0041702 secs]
229.155: Total time for which application threads were stopped: 0.0043229 seconds, Stopping threads took: 0.0000184 seconds
229.221: [GC (Allocation Failure)  556783K->235695K(1034752K), 0.0038738 secs]
229.225: Total time for which application threads were stopped: 0.0040127 seconds, Stopping threads took: 0.0000180 seconds
229.287: [GC (Allocation Failure)  557231K->239495K(1034752K), 0.0050571 secs]
229.293: Total time for which application threads were stopped: 0.0051920 seconds, Stopping threads took: 0.0000187 seconds
229.356: [GC (Allocation Failure)  561031K->243785K(1035264K), 0.0040676 secs]
229.360: Total time for which application threads were stopped: 0.0042009 seconds, Stopping threads took: 0.0000185 seconds
229.425: [GC (Allocation Failure)  566345K->243689K(1035264K), 0.0040451 secs]
229.429: Total time for which application threads were stopped: 0.0041874 seconds, Stopping threads took: 0.0000270 seconds
229.492: [GC (Allocation Failure)  566249K->246729K(1035264K), 0.0046289 secs]
229.496: Total time for which application threads were stopped: 0.0047867 seconds, Stopping threads took: 0.0000245 seconds
229.562: [GC (Allocation Failure)  569289K->251755K(1035264K), 0.0069646 secs]
229.569: Total time for which application threads were stopped: 0.0071080 seconds, Stopping threads took: 0.0000200 seconds
229.634: [GC (Allocation Failure)  574315K->251755K(1035264K), 0.0041121 secs]
229.639: Total time for which application threads were stopped: 0.0042299 seconds, Stopping threads took: 0.0000153 seconds
229.702: [GC (Allocation Failure)  574315K->254859K(1035264K), 0.0047487 secs]
229.707: Total time for which application threads were stopped: 0.0048834 seconds, Stopping threads took: 0.0000189 seconds
229.771: [GC (Allocation Failure)  577419K->259885K(1035264K), 0.0042455 secs]
229.775: Total time for which application threads were stopped: 0.0044027 seconds, Stopping threads took: 0.0000194 seconds
229.842: [GC (Allocation Failure)  582445K->259789K(1035264K), 0.0042153 secs]
229.846: Total time for which application threads were stopped: 0.0043628 seconds, Stopping threads took: 0.0000142 seconds
229.913: [GC (Allocation Failure)  582349K->255083K(1035776K), 0.0021722 secs]
229.915: Total time for which application threads were stopped: 0.0023252 seconds, Stopping threads took: 0.0000245 seconds
229.985: [GC (Allocation Failure)  578155K->259853K(1035264K), 0.0041600 secs]
229.989: Total time for which application threads were stopped: 0.0042998 seconds, Stopping threads took: 0.0000282 seconds
230.054: [GC (Allocation Failure)  582925K->259789K(1035776K), 0.0040314 secs]
230.058: Total time for which application threads were stopped: 0.0041746 seconds, Stopping threads took: 0.0000237 seconds
230.120: [GC (Allocation Failure)  583373K->261419K(1032704K), 0.0049397 secs]
230.125: Total time for which application threads were stopped: 0.0050874 seconds, Stopping threads took: 0.0000244 seconds
230.189: [GC (Allocation Failure)  585003K->260045K(1035264K), 0.0039235 secs]
230.193: Total time for which application threads were stopped: 0.0040731 seconds, Stopping threads took: 0.0000244 seconds
230.257: [GC (Allocation Failure)  582605K->259789K(1035264K), 0.0039042 secs]
230.261: Total time for which application threads were stopped: 0.0040581 seconds, Stopping threads took: 0.0000234 seconds
230.322: [GC (Allocation Failure)  582349K->266699K(1031168K), 0.0073714 secs]
230.329: Total time for which application threads were stopped: 0.0075249 seconds, Stopping threads took: 0.0000259 seconds
230.392: [GC (Allocation Failure)  585163K->261645K(1033216K), 0.0040936 secs]
230.396: Total time for which application threads were stopped: 0.0042407 seconds, Stopping threads took: 0.0000235 seconds
230.460: [GC (Allocation Failure)  580109K->261453K(1034240K), 0.0038367 secs]
230.464: Total time for which application threads were stopped: 0.0039735 seconds, Stopping threads took: 0.0000183 seconds
230.527: [GC (Allocation Failure)  581453K->261963K(1033728K), 0.0043863 secs]
230.531: Total time for which application threads were stopped: 0.0045073 seconds, Stopping threads took: 0.0000157 seconds
230.595: [GC (Allocation Failure)  581963K->261613K(1035264K), 0.0041286 secs]
230.599: Total time for which application threads were stopped: 0.0042596 seconds, Stopping threads took: 0.0000181 seconds
230.664: [GC (Allocation Failure)  583661K->261453K(1034752K), 0.0038315 secs]
230.667: Total time for which application threads were stopped: 0.0039686 seconds, Stopping threads took: 0.0000175 seconds
230.731: [GC (Allocation Failure)  583501K->262667K(1035776K), 0.0047102 secs]
230.735: Total time for which application threads were stopped: 0.0048516 seconds, Stopping threads took: 0.0000210 seconds
230.800: [GC (Allocation Failure)  586251K->261549K(1035776K), 0.0041359 secs]
230.804: Total time for which application threads were stopped: 0.0042935 seconds, Stopping threads took: 0.0000247 seconds
230.872: [GC (Allocation Failure)  585133K->261485K(1036800K), 0.0040846 secs]
230.876: Total time for which application threads were stopped: 0.0042477 seconds, Stopping threads took: 0.0000202 seconds
230.941: [GC (Allocation Failure)  586605K->255179K(1026560K), 0.0016781 secs]
230.943: Total time for which application threads were stopped: 0.0018436 seconds, Stopping threads took: 0.0000284 seconds
231.011: [GC (Allocation Failure)  580299K->261541K(1036288K), 0.0041961 secs]
231.016: Total time for which application threads were stopped: 0.0043415 seconds, Stopping threads took: 0.0000279 seconds
231.081: [GC (Allocation Failure)  585637K->265605K(1035776K), 0.0047373 secs]
231.086: Total time for which application threads were stopped: 0.0048677 seconds, Stopping threads took: 0.0000198 seconds
231.151: [GC (Allocation Failure)  589701K->265605K(1036800K), 0.0039722 secs]
231.155: Total time for which application threads were stopped: 0.0041257 seconds, Stopping threads took: 0.0000189 seconds
231.218: [GC (Allocation Failure)  590725K->266149K(1025536K), 0.0042222 secs]
231.223: Total time for which application threads were stopped: 0.0043579 seconds, Stopping threads took: 0.0000180 seconds
231.286: [GC (Allocation Failure)  591269K->273608K(1035776K), 0.0041382 secs]
231.290: Total time for which application threads were stopped: 0.0042879 seconds, Stopping threads took: 0.0000235 seconds
231.354: [GC (Allocation Failure)  597192K->273640K(1035776K), 0.0047514 secs]
231.359: Total time for which application threads were stopped: 0.0049153 seconds, Stopping threads took: 0.0000270 seconds
231.423: [GC (Allocation Failure)  597224K->273896K(1034240K), 0.0040998 secs]
231.427: Total time for which application threads were stopped: 0.0042520 seconds, Stopping threads took: 0.0000300 seconds
231.490: [GC (Allocation Failure)  596456K->281674K(1035264K), 0.0039790 secs]
231.494: Total time for which application threads were stopped: 0.0041199 seconds, Stopping threads took: 0.0000266 seconds
231.557: [GC (Allocation Failure)  604234K->281642K(1035776K), 0.0040251 secs]
231.561: Total time for which application threads were stopped: 0.0041631 seconds, Stopping threads took: 0.0000255 seconds
231.626: [GC (Allocation Failure)  604714K->281834K(1035264K), 0.0041457 secs]
231.630: Total time for which application threads were stopped: 0.0042740 seconds, Stopping threads took: 0.0000180 seconds
231.694: [GC (Allocation Failure)  604906K->289708K(1035264K), 0.0041870 secs]
231.698: Total time for which application threads were stopped: 0.0043353 seconds, Stopping threads took: 0.0000238 seconds
231.763: [GC (Allocation Failure)  612268K->289708K(1035264K), 0.0041297 secs]
231.767: Total time for which application threads were stopped: 0.0042592 seconds, Stopping threads took: 0.0000193 seconds
231.830: [GC (Allocation Failure)  612268K->289796K(1034240K), 0.0047440 secs]
231.835: Total time for which application threads were stopped: 0.0048898 seconds, Stopping threads took: 0.0000144 seconds
231.902: [GC (Allocation Failure)  611332K->297766K(1034752K), 0.0041514 secs]
231.906: Total time for which application threads were stopped: 0.0043119 seconds, Stopping threads took: 0.0000192 seconds
231.973: [GC (Allocation Failure)  619302K->297766K(1034752K), 0.0041462 secs]
231.977: Total time for which application threads were stopped: 0.0043177 seconds, Stopping threads took: 0.0000280 seconds
232.039: [GC (Allocation Failure)  619302K->297798K(1021440K), 0.0042282 secs]
232.043: Total time for which application threads were stopped: 0.0043822 seconds, Stopping threads took: 0.0000254 seconds
232.106: [GC (Allocation Failure)  619334K->305769K(1034240K), 0.0041678 secs]
232.110: Total time for which application threads were stopped: 0.0043244 seconds, Stopping threads took: 0.0000242 seconds
232.175: [GC (Allocation Failure)  626281K->305769K(1034240K), 0.0041489 secs]
232.179: Total time for which application threads were stopped: 0.0042741 seconds, Stopping threads took: 0.0000195 seconds
232.244: [GC (Allocation Failure)  626281K->305833K(1034240K), 0.0040953 secs]
232.248: Total time for which application threads were stopped: 0.0042401 seconds, Stopping threads took: 0.0000186 seconds
232.313: [GC (Allocation Failure)  626345K->313835K(1028096K), 0.0041792 secs]
232.318: Total time for which application threads were stopped: 0.0043234 seconds, Stopping threads took: 0.0000186 seconds
232.383: [GC (Allocation Failure)  634347K->313803K(1033728K), 0.0039764 secs]
232.387: Total time for which application threads were stopped: 0.0041149 seconds, Stopping threads took: 0.0000245 seconds
232.451: [GC (Allocation Failure)  633291K->314027K(1033728K), 0.0041006 secs]
232.455: Total time for which application threads were stopped: 0.0042385 seconds, Stopping threads took: 0.0000249 seconds
232.518: [GC (Allocation Failure)  633515K->321837K(1033728K), 0.0041472 secs]
232.522: Total time for which application threads were stopped: 0.0042902 seconds, Stopping threads took: 0.0000177 seconds
232.585: [GC (Allocation Failure)  641325K->321869K(1033728K), 0.0039959 secs]
232.589: Total time for which application threads were stopped: 0.0041438 seconds, Stopping threads took: 0.0000189 seconds
232.653: [GC (Allocation Failure)  641357K->322253K(1033728K), 0.0042944 secs]
232.657: Total time for which application threads were stopped: 0.0044103 seconds, Stopping threads took: 0.0000158 seconds
232.722: [GC (Allocation Failure)  641741K->329904K(1033728K), 0.0038852 secs]
232.726: Total time for which application threads were stopped: 0.0040148 seconds, Stopping threads took: 0.0000180 seconds
232.789: [GC (Allocation Failure)  649392K->329904K(1033728K), 0.0040320 secs]
232.793: Total time for which application threads were stopped: 0.0041705 seconds, Stopping threads took: 0.0000177 seconds
232.857: [GC (Allocation Failure)  649392K->329928K(1033728K), 0.0041310 secs]
232.862: Total time for which application threads were stopped: 0.0042901 seconds, Stopping threads took: 0.0000174 seconds
232.927: [GC (Allocation Failure)  649416K->337898K(1032704K), 0.0041842 secs]
232.931: Total time for which application threads were stopped: 0.0043432 seconds, Stopping threads took: 0.0000201 seconds
232.994: [GC (Allocation Failure)  656362K->337898K(1033216K), 0.0040313 secs]
232.998: Total time for which application threads were stopped: 0.0041735 seconds, Stopping threads took: 0.0000192 seconds
233.061: [GC (Allocation Failure)  656362K->338186K(1033216K), 0.0043477 secs]
233.065: Total time for which application threads were stopped: 0.0044971 seconds, Stopping threads took: 0.0000239 seconds
233.129: [GC (Allocation Failure)  656650K->345900K(1033216K), 0.0043715 secs]
233.134: Total time for which application threads were stopped: 0.0045099 seconds, Stopping threads took: 0.0000262 seconds
233.196: [GC (Allocation Failure)  664364K->345932K(1033216K), 0.0042930 secs]
233.201: Total time for which application threads were stopped: 0.0044205 seconds, Stopping threads took: 0.0000179 seconds
233.263: [GC (Allocation Failure)  664396K->346188K(1033216K), 0.0041663 secs]
233.267: Total time for which application threads were stopped: 0.0043004 seconds, Stopping threads took: 0.0000262 seconds
233.333: [GC (Allocation Failure)  664652K->353966K(1033216K), 0.0042865 secs]
233.337: Total time for which application threads were stopped: 0.0044045 seconds, Stopping threads took: 0.0000159 seconds
233.398: [GC (Allocation Failure)  672430K->347532K(1033216K), 0.0019347 secs]
233.400: Total time for which application threads were stopped: 0.0020586 seconds, Stopping threads took: 0.0000191 seconds
233.466: [GC (Allocation Failure)  665996K->354142K(1033728K), 0.0042049 secs]
233.470: Total time for which application threads were stopped: 0.0043362 seconds, Stopping threads took: 0.0000189 seconds
233.533: [GC (Allocation Failure)  673630K->358118K(1033728K), 0.0048489 secs]
233.538: Total time for which application threads were stopped: 0.0049929 seconds, Stopping threads took: 0.0000242 seconds
233.601: [GC (Allocation Failure)  677606K->362148K(1030656K), 0.0058324 secs]
233.607: Total time for which application threads were stopped: 0.0059776 seconds, Stopping threads took: 0.0000184 seconds
233.667: [GC (Allocation Failure)  678564K->358182K(1032192K), 0.0041982 secs]
233.671: Total time for which application threads were stopped: 0.0043249 seconds, Stopping threads took: 0.0000182 seconds
233.733: [GC (Allocation Failure)  674598K->358150K(1032704K), 0.0056719 secs]
233.739: Total time for which application threads were stopped: 0.0058249 seconds, Stopping threads took: 0.0000176 seconds
233.802: [GC (Allocation Failure)  675590K->361190K(1032704K), 0.0050624 secs]
233.807: Total time for which application threads were stopped: 0.0052102 seconds, Stopping threads took: 0.0000182 seconds
233.874: [GC (Allocation Failure)  678630K->366185K(1033216K), 0.0044925 secs]
233.878: Total time for which application threads were stopped: 0.0046649 seconds, Stopping threads took: 0.0000201 seconds
233.943: [GC (Allocation Failure)  684649K->366153K(1033216K), 0.0043230 secs]
233.947: Total time for which application threads were stopped: 0.0044787 seconds, Stopping threads took: 0.0000198 seconds
234.008: [GC (Allocation Failure)  684617K->368361K(1033728K), 0.0045021 secs]
234.013: Total time for which application threads were stopped: 0.0046561 seconds, Stopping threads took: 0.0000247 seconds
234.077: [GC (Allocation Failure)  687849K->374187K(1033728K), 0.0044665 secs]
234.082: Total time for which application threads were stopped: 0.0045991 seconds, Stopping threads took: 0.0000161 seconds
234.147: [GC (Allocation Failure)  693675K->374219K(1034240K), 0.0041916 secs]
234.151: Total time for which application threads were stopped: 0.0043160 seconds, Stopping threads took: 0.0000174 seconds
234.214: [GC (Allocation Failure)  694219K->376107K(1033728K), 0.0045489 secs]
234.219: Total time for which application threads were stopped: 0.0046896 seconds, Stopping threads took: 0.0000270 seconds
234.283: [GC (Allocation Failure)  696107K->382285K(1034240K), 0.0043195 secs]
234.287: Total time for which application threads were stopped: 0.0044636 seconds, Stopping threads took: 0.0000181 seconds
234.353: [GC (Allocation Failure)  702797K->382253K(1034240K), 0.0043982 secs]
234.357: Total time for which application threads were stopped: 0.0045211 seconds, Stopping threads took: 0.0000161 seconds
234.421: [GC (Allocation Failure)  702765K->385869K(1034240K), 0.0050799 secs]
234.426: Total time for which application threads were stopped: 0.0052139 seconds, Stopping threads took: 0.0000185 seconds
234.490: [GC (Allocation Failure)  706381K->390415K(1034240K), 0.0043323 secs]
234.494: Total time for which application threads were stopped: 0.0044753 seconds, Stopping threads took: 0.0000184 seconds
234.560: [GC (Allocation Failure)  710927K->390255K(1034752K), 0.0041442 secs]
234.564: Total time for which application threads were stopped: 0.0042640 seconds, Stopping threads took: 0.0000150 seconds
234.627: [GC (Allocation Failure)  711791K->393063K(1034752K), 0.0047602 secs]
234.632: Total time for which application threads were stopped: 0.0049259 seconds, Stopping threads took: 0.0000272 seconds
234.696: [GC (Allocation Failure)  714599K->398346K(1034752K), 0.0042934 secs]
234.701: Total time for which application threads were stopped: 0.0044428 seconds, Stopping threads took: 0.0000216 seconds
234.765: [GC (Allocation Failure)  719882K->398282K(1034752K), 0.0041633 secs]
234.770: Total time for which application threads were stopped: 0.0043059 seconds, Stopping threads took: 0.0000182 seconds
234.832: [GC (Allocation Failure)  719818K->402338K(1035264K), 0.0072965 secs]
234.839: Total time for which application threads were stopped: 0.0074655 seconds, Stopping threads took: 0.0000229 seconds
234.903: [GC (Allocation Failure)  724386K->406340K(1034752K), 0.0043547 secs]
234.908: Total time for which application threads were stopped: 0.0044843 seconds, Stopping threads took: 0.0000182 seconds
234.973: [GC (Allocation Failure)  728388K->406308K(1035264K), 0.0041769 secs]
234.977: Total time for which application threads were stopped: 0.0043186 seconds, Stopping threads took: 0.0000253 seconds
235.040: [GC (Allocation Failure)  728868K->409548K(1035264K), 0.0051041 secs]
235.046: Total time for which application threads were stopped: 0.0052534 seconds, Stopping threads took: 0.0000193 seconds
235.109: [GC (Allocation Failure)  732108K->414382K(1035264K), 0.0044817 secs]
235.113: Total time for which application threads were stopped: 0.0046158 seconds, Stopping threads took: 0.0000189 seconds
235.178: [GC (Allocation Failure)  736942K->414350K(1035264K), 0.0042306 secs]
235.183: Total time for which application threads were stopped: 0.0043605 seconds, Stopping threads took: 0.0000176 seconds
235.245: [GC (Allocation Failure)  736910K->417838K(1035264K), 0.0051289 secs]
235.250: Total time for which application threads were stopped: 0.0052816 seconds, Stopping threads took: 0.0000246 seconds
235.314: [GC (Allocation Failure)  740398K->422448K(1035264K), 0.0044045 secs]
235.319: Total time for which application threads were stopped: 0.0045385 seconds, Stopping threads took: 0.0000189 seconds
235.386: [GC (Allocation Failure)  745008K->422384K(1035264K), 0.0044873 secs]
235.390: Total time for which application threads were stopped: 0.0046341 seconds, Stopping threads took: 0.0000199 seconds
235.453: [GC (Allocation Failure)  744944K->426008K(1035264K), 0.0052003 secs]
235.458: Total time for which application threads were stopped: 0.0053445 seconds, Stopping threads took: 0.0000245 seconds
235.523: [GC (Allocation Failure)  748568K->430555K(1035776K), 0.0046417 secs]
235.527: Total time for which application threads were stopped: 0.0047773 seconds, Stopping threads took: 0.0000197 seconds
235.593: [GC (Allocation Failure)  754139K->430427K(1035776K), 0.0043888 secs]
235.597: Total time for which application threads were stopped: 0.0045173 seconds, Stopping threads took: 0.0000179 seconds
235.661: [GC (Allocation Failure)  754011K->424152K(1034752K), 0.0020395 secs]
235.663: Total time for which application threads were stopped: 0.0021670 seconds, Stopping threads took: 0.0000186 seconds
235.726: [GC (Allocation Failure)  746712K->430491K(1035264K), 0.0058735 secs]
235.732: Total time for which application threads were stopped: 0.0060040 seconds, Stopping threads took: 0.0000181 seconds
235.797: [GC (Allocation Failure)  753051K->430427K(1035264K), 0.0044578 secs]
235.802: Total time for which application threads were stopped: 0.0046031 seconds, Stopping threads took: 0.0000179 seconds
235.869: [GC (Allocation Failure)  752987K->428504K(1035264K), 0.0037138 secs]
235.873: Total time for which application threads were stopped: 0.0038565 seconds, Stopping threads took: 0.0000169 seconds
235.938: [GC (Allocation Failure)  751064K->430427K(1035776K), 0.0043019 secs]
235.942: Total time for which application threads were stopped: 0.0044403 seconds, Stopping threads took: 0.0000199 seconds
236.006: [GC (Allocation Failure)  754011K->430427K(1035776K), 0.0043908 secs]
236.010: Total time for which application threads were stopped: 0.0045247 seconds, Stopping threads took: 0.0000197 seconds
236.073: [GC (Allocation Failure)  754011K->434808K(1032704K), 0.0063879 secs]
236.080: Total time for which application threads were stopped: 0.0065218 seconds, Stopping threads took: 0.0000190 seconds
236.143: [GC (Allocation Failure)  755320K->430619K(1034240K), 0.0044849 secs]
236.148: Total time for which application threads were stopped: 0.0046316 seconds, Stopping threads took: 0.0000235 seconds
236.212: [GC (Allocation Failure)  751131K->430427K(1035264K), 0.0044329 secs]
236.216: Total time for which application threads were stopped: 0.0045986 seconds, Stopping threads took: 0.0000234 seconds
236.281: [GC (Allocation Failure)  752475K->434520K(1033728K), 0.0061374 secs]
236.287: Total time for which application threads were stopped: 0.0062819 seconds, Stopping threads took: 0.0000190 seconds
236.351: [GC (Allocation Failure)  756568K->430587K(1034752K), 0.0044032 secs]
236.356: Total time for which application threads were stopped: 0.0045556 seconds, Stopping threads took: 0.0000189 seconds
236.419: [GC (Allocation Failure)  751611K->430459K(1034240K), 0.0042744 secs]
236.423: Total time for which application threads were stopped: 0.0044165 seconds, Stopping threads took: 0.0000272 seconds
236.487: [GC (Allocation Failure)  751483K->435256K(1032192K), 0.0063647 secs]
236.493: Total time for which application threads were stopped: 0.0065090 seconds, Stopping threads took: 0.0000242 seconds
236.556: [GC (Allocation Failure)  754744K->430523K(1033728K), 0.0043207 secs]
236.560: Total time for which application threads were stopped: 0.0044658 seconds, Stopping threads took: 0.0000187 seconds
236.625: [GC (Allocation Failure)  750011K->430427K(1034752K), 0.0045342 secs]
236.629: Total time for which application threads were stopped: 0.0046611 seconds, Stopping threads took: 0.0000185 seconds
236.693: [GC (Allocation Failure)  751451K->431864K(1034240K), 0.0050668 secs]
236.698: Total time for which application threads were stopped: 0.0052001 seconds, Stopping threads took: 0.0000185 seconds
236.763: [GC (Allocation Failure)  752888K->430459K(1035264K), 0.0043411 secs]
236.767: Total time for which application threads were stopped: 0.0044858 seconds, Stopping threads took: 0.0000182 seconds
236.832: [GC (Allocation Failure)  752507K->430427K(1034752K), 0.0052450 secs]
236.837: Total time for which application threads were stopped: 0.0053963 seconds, Stopping threads took: 0.0000242 seconds
236.902: [GC (Allocation Failure)  752475K->433592K(1034752K), 0.0059140 secs]
236.908: Total time for which application threads were stopped: 0.0060473 seconds, Stopping threads took: 0.0000187 seconds
236.972: [GC (Allocation Failure)  756152K->430683K(1035264K), 0.0043297 secs]
236.976: Total time for which application threads were stopped: 0.0044775 seconds, Stopping threads took: 0.0000267 seconds
237.040: [GC (Allocation Failure)  753243K->430427K(1035776K), 0.0042247 secs]
237.044: Total time for which application threads were stopped: 0.0043516 seconds, Stopping threads took: 0.0000178 seconds
237.109: [GC (Allocation Failure)  753499K->438376K(1035264K), 0.0082603 secs]
237.118: Total time for which application threads were stopped: 0.0084208 seconds, Stopping threads took: 0.0000185 seconds
237.182: [GC (Allocation Failure)  761448K->433835K(1032192K), 0.0045022 secs]
237.187: Total time for which application threads were stopped: 0.0046353 seconds, Stopping threads took: 0.0000181 seconds
237.250: [GC (Allocation Failure)  753323K->433643K(1033728K), 0.0044283 secs]
237.255: Total time for which application threads were stopped: 0.0045849 seconds, Stopping threads took: 0.0000207 seconds
237.318: [GC (Allocation Failure)  753131K->440232K(1031168K), 0.0072207 secs]
237.325: Total time for which application threads were stopped: 0.0073614 seconds, Stopping threads took: 0.0000184 seconds
237.387: [GC (Allocation Failure)  757672K->434059K(1032704K), 0.0046652 secs]
237.392: Total time for which application threads were stopped: 0.0048168 seconds, Stopping threads took: 0.0000199 seconds
237.455: [GC (Allocation Failure)  751499K->433995K(1033216K), 0.0044301 secs]
237.459: Total time for which application threads were stopped: 0.0045901 seconds, Stopping threads took: 0.0000251 seconds
237.522: [GC (Allocation Failure)  751947K->430088K(1032704K), 0.0029473 secs]
237.525: Total time for which application threads were stopped: 0.0030951 seconds, Stopping threads took: 0.0000189 seconds
237.589: [GC (Allocation Failure)  748040K->434059K(1033728K), 0.0046188 secs]
237.594: Total time for which application threads were stopped: 0.0047380 seconds, Stopping threads took: 0.0000153 seconds
237.657: [GC (Allocation Failure)  753035K->433963K(1033216K), 0.0042780 secs]
237.662: Total time for which application threads were stopped: 0.0044222 seconds, Stopping threads took: 0.0000173 seconds
237.727: [GC (Allocation Failure)  752939K->434699K(1032704K), 0.0044934 secs]
237.731: Total time for which application threads were stopped: 0.0046137 seconds, Stopping threads took: 0.0000156 seconds
237.795: [GC (Allocation Failure)  753163K->442029K(1033216K), 0.0045302 secs]
237.800: Total time for which application threads were stopped: 0.0046636 seconds, Stopping threads took: 0.0000186 seconds
237.864: [GC (Allocation Failure)  760493K->441997K(1034240K), 0.0044401 secs]
237.869: Total time for which application threads were stopped: 0.0046155 seconds, Stopping threads took: 0.0000195 seconds
237.931: [GC (Allocation Failure)  761997K->444485K(1033728K), 0.0049970 secs]
237.936: Total time for which application threads were stopped: 0.0051422 seconds, Stopping threads took: 0.0000279 seconds
237.999: [GC (Allocation Failure)  764485K->450055K(1034752K), 0.0043973 secs]
238.003: Total time for which application threads were stopped: 0.0045280 seconds, Stopping threads took: 0.0000182 seconds
238.067: [GC (Allocation Failure)  771079K->450023K(1034240K), 0.0044792 secs]
238.071: Total time for which application threads were stopped: 0.0046185 seconds, Stopping threads took: 0.0000258 seconds
238.134: [GC (Allocation Failure)  771047K->451175K(1033728K), 0.0046023 secs]
238.138: Total time for which application threads were stopped: 0.0047488 seconds, Stopping threads took: 0.0000195 seconds
238.203: [GC (Allocation Failure)  771687K->458090K(1034240K), 0.0045825 secs]
238.207: Total time for which application threads were stopped: 0.0047156 seconds, Stopping threads took: 0.0000190 seconds
238.271: [GC (Allocation Failure)  778602K->458058K(1034752K), 0.0042311 secs]
238.276: Total time for which application threads were stopped: 0.0043677 seconds, Stopping threads took: 0.0000160 seconds
238.337: [GC (Allocation Failure)  779594K->458410K(1021440K), 0.0045096 secs]
238.341: Total time for which application threads were stopped: 0.0046468 seconds, Stopping threads took: 0.0000190 seconds
238.403: [GC (Allocation Failure)  779946K->466188K(1034752K), 0.0047239 secs]
238.408: Total time for which application threads were stopped: 0.0048514 seconds, Stopping threads took: 0.0000178 seconds
238.473: [GC (Allocation Failure)  787212K->466092K(1034240K), 0.0041967 secs]
238.478: Total time for which application threads were stopped: 0.0043258 seconds, Stopping threads took: 0.0000179 seconds
238.540: [GC (Allocation Failure)  787116K->466604K(1033728K), 0.0044775 secs]
238.545: Total time for which application threads were stopped: 0.0046111 seconds, Stopping threads took: 0.0000182 seconds
238.609: [GC (Allocation Failure)  787116K->474190K(1034240K), 0.0043898 secs]
238.613: Total time for which application threads were stopped: 0.0045176 seconds, Stopping threads took: 0.0000182 seconds
238.677: [GC (Allocation Failure)  794702K->474126K(1034752K), 0.0042991 secs]
238.681: Total time for which application threads were stopped: 0.0044254 seconds, Stopping threads took: 0.0000174 seconds
238.744: [GC (Allocation Failure)  795150K->477414K(1034240K), 0.0053018 secs]
238.749: Total time for which application threads were stopped: 0.0054330 seconds, Stopping threads took: 0.0000185 seconds
238.812: [GC (Allocation Failure)  798438K->482152K(1034752K), 0.0045892 secs]
238.817: Total time for which application threads were stopped: 0.0047242 seconds, Stopping threads took: 0.0000180 seconds
238.885: [GC (Allocation Failure)  803688K->482152K(1034752K), 0.0045154 secs]
238.890: Total time for which application threads were stopped: 0.0046923 seconds, Stopping threads took: 0.0000192 seconds
238.954: [GC (Allocation Failure)  803688K->486152K(1035264K), 0.0053745 secs]
238.960: Total time for which application threads were stopped: 0.0055102 seconds, Stopping threads took: 0.0000259 seconds
239.023: [GC (Allocation Failure)  808200K->490219K(1034752K), 0.0045119 secs]
239.027: Total time for which application threads were stopped: 0.0046577 seconds, Stopping threads took: 0.0000192 seconds
239.092: [GC (Allocation Failure)  812267K->490219K(1035264K), 0.0042663 secs]
239.096: Total time for which application threads were stopped: 0.0044199 seconds, Stopping threads took: 0.0000239 seconds
239.158: [GC (Allocation Failure)  812779K->493387K(1035264K), 0.0051934 secs]
239.164: Total time for which application threads were stopped: 0.0053344 seconds, Stopping threads took: 0.0000189 seconds
239.227: [GC (Allocation Failure)  815947K->498253K(1035264K), 0.0045280 secs]
239.232: Total time for which application threads were stopped: 0.0046770 seconds, Stopping threads took: 0.0000197 seconds
239.297: [GC (Allocation Failure)  820813K->498221K(1035264K), 0.0045632 secs]
239.302: Total time for which application threads were stopped: 0.0047003 seconds, Stopping threads took: 0.0000197 seconds
239.364: [GC (Allocation Failure)  820781K->501645K(1035264K), 0.0053599 secs]
239.370: Total time for which application threads were stopped: 0.0055105 seconds, Stopping threads took: 0.0000192 seconds
239.438: [GC (Allocation Failure)  824205K->506351K(1035264K), 0.0044518 secs]
239.443: Total time for which application threads were stopped: 0.0046083 seconds, Stopping threads took: 0.0000260 seconds
239.506: [GC (Allocation Failure)  828911K->506255K(1035264K), 0.0044845 secs]
239.511: Total time for which application threads were stopped: 0.0046312 seconds, Stopping threads took: 0.0000179 seconds
239.575: [GC (Allocation Failure)  828815K->509831K(1035264K), 0.0053125 secs]
239.580: Total time for which application threads were stopped: 0.0054627 seconds, Stopping threads took: 0.0000182 seconds
239.644: [GC (Allocation Failure)  832391K->514345K(1035776K), 0.0046840 secs]
239.649: Total time for which application threads were stopped: 0.0048069 seconds, Stopping threads took: 0.0000161 seconds
239.713: [GC (Allocation Failure)  837929K->514281K(1035776K), 0.0045234 secs]
239.717: Total time for which application threads were stopped: 0.0046543 seconds, Stopping threads took: 0.0000182 seconds
239.778: [GC (Allocation Failure)  837865K->512103K(1036288K), 0.0039123 secs]
239.782: Total time for which application threads were stopped: 0.0040563 seconds, Stopping threads took: 0.0000195 seconds
239.847: [GC (Allocation Failure)  836199K->514537K(1035776K), 0.0045392 secs]
239.852: Total time for which application threads were stopped: 0.0046923 seconds, Stopping threads took: 0.0000168 seconds
239.917: [GC (Allocation Failure)  838633K->514281K(1036288K), 0.0048160 secs]
239.922: Total time for which application threads were stopped: 0.0049575 seconds, Stopping threads took: 0.0000188 seconds
239.988: [GC (Allocation Failure)  838377K->520959K(1035776K), 0.0077794 secs]
239.996: Total time for which application threads were stopped: 0.0079327 seconds, Stopping threads took: 0.0000192 seconds
240.061: [GC (Allocation Failure)  845055K->516961K(1032704K), 0.0045334 secs]
240.066: Total time for which application threads were stopped: 0.0046683 seconds, Stopping threads took: 0.0000196 seconds
240.129: [GC (Allocation Failure)  837473K->516737K(1034240K), 0.0045542 secs]
240.134: Total time for which application threads were stopped: 0.0046952 seconds, Stopping threads took: 0.0000185 seconds
240.198: [GC (Allocation Failure)  837249K->508767K(1033728K), 0.0015479 secs]
240.200: Total time for which application threads were stopped: 0.0016883 seconds, Stopping threads took: 0.0000191 seconds
240.267: [GC (Allocation Failure)  829279K->516873K(1034240K), 0.0048843 secs]
240.272: Total time for which application threads were stopped: 0.0050275 seconds, Stopping threads took: 0.0000256 seconds
240.337: [GC (Allocation Failure)  837385K->520905K(1034752K), 0.0061934 secs]
240.343: Total time for which application threads were stopped: 0.0063525 seconds, Stopping threads took: 0.0000279 seconds
240.405: [GC (Allocation Failure)  841929K->527943K(1034240K), 0.0079616 secs]
240.413: Total time for which application threads were stopped: 0.0081128 seconds, Stopping threads took: 0.0000183 seconds
240.476: [GC (Allocation Failure)  848967K->522313K(1032192K), 0.0046385 secs]
240.481: Total time for which application threads were stopped: 0.0047766 seconds, Stopping threads took: 0.0000253 seconds
240.544: [GC (Allocation Failure)  840777K->522217K(1033216K), 0.0044304 secs]
240.549: Total time for which application threads were stopped: 0.0045640 seconds, Stopping threads took: 0.0000183 seconds
240.609: [GC (Allocation Failure)  840681K->523879K(1033728K), 0.0053811 secs]
240.614: Total time for which application threads were stopped: 0.0055330 seconds, Stopping threads took: 0.0000268 seconds
240.677: [GC (Allocation Failure)  843367K->522217K(1033728K), 0.0046068 secs]
240.682: Total time for which application threads were stopped: 0.0047463 seconds, Stopping threads took: 0.0000266 seconds
240.747: [GC (Allocation Failure)  841705K->522185K(1034752K), 0.0043538 secs]
240.752: Total time for which application threads were stopped: 0.0044960 seconds, Stopping threads took: 0.0000173 seconds
240.817: [GC (Allocation Failure)  843209K->520455K(1034240K), 0.0081116 secs]
240.825: Total time for which application threads were stopped: 0.0082620 seconds, Stopping threads took: 0.0000261 seconds
240.891: [GC (Allocation Failure)  841479K->522409K(1035776K), 0.0045442 secs]
240.896: Total time for which application threads were stopped: 0.0046717 seconds, Stopping threads took: 0.0000192 seconds
240.962: [GC (Allocation Failure)  845481K->522185K(1035264K), 0.0046626 secs]
240.966: Total time for which application threads were stopped: 0.0048025 seconds, Stopping threads took: 0.0000181 seconds
241.027: [GC (Allocation Failure)  845257K->524295K(1035776K), 0.0055252 secs]
241.033: Total time for which application threads were stopped: 0.0056581 seconds, Stopping threads took: 0.0000184 seconds
241.097: [GC (Allocation Failure)  847879K->522377K(1035776K), 0.0045807 secs]
241.101: Total time for which application threads were stopped: 0.0047207 seconds, Stopping threads took: 0.0000190 seconds
241.167: [GC (Allocation Failure)  845961K->522185K(1036288K), 0.0046077 secs]
241.172: Total time for which application threads were stopped: 0.0047378 seconds, Stopping threads took: 0.0000187 seconds
241.235: [GC (Allocation Failure)  846793K->516263K(1026560K), 0.0026227 secs]
241.238: Total time for which application threads were stopped: 0.0027554 seconds, Stopping threads took: 0.0000186 seconds
241.300: [GC (Allocation Failure)  840871K->522345K(1035776K), 0.0045815 secs]
241.304: Total time for which application threads were stopped: 0.0047453 seconds, Stopping threads took: 0.0000235 seconds
241.370: [GC (Allocation Failure)  845929K->526329K(1035776K), 0.0050546 secs]
241.375: Total time for which application threads were stopped: 0.0051889 seconds, Stopping threads took: 0.0000186 seconds
241.440: [GC (Allocation Failure)  849913K->526329K(1036288K), 0.0044120 secs]
241.445: Total time for which application threads were stopped: 0.0045565 seconds, Stopping threads took: 0.0000269 seconds
241.508: [GC (Allocation Failure)  850937K->526489K(1024512K), 0.0046671 secs]
241.513: Total time for which application threads were stopped: 0.0048050 seconds, Stopping threads took: 0.0000236 seconds
241.576: [GC (Allocation Failure)  851097K->534364K(1035776K), 0.0047458 secs]
241.580: Total time for which application threads were stopped: 0.0048809 seconds, Stopping threads took: 0.0000189 seconds
241.644: [GC (Allocation Failure)  857948K->534364K(1035776K), 0.0046466 secs]
241.649: Total time for which application threads were stopped: 0.0047868 seconds, Stopping threads took: 0.0000196 seconds
241.712: [GC (Allocation Failure)  857948K->534420K(1034752K), 0.0048160 secs]
241.717: Total time for which application threads were stopped: 0.0049676 seconds, Stopping threads took: 0.0000188 seconds
241.781: [GC (Allocation Failure)  856980K->542422K(1035264K), 0.0063644 secs]
241.787: Total time for which application threads were stopped: 0.0065025 seconds, Stopping threads took: 0.0000238 seconds
241.853: [GC (Allocation Failure)  864982K->542390K(1035264K), 0.0047214 secs]
241.858: Total time for which application threads were stopped: 0.0049151 seconds, Stopping threads took: 0.0000195 seconds
241.924: [GC (Allocation Failure)  864950K->542646K(1022464K), 0.0047311 secs]
241.929: Total time for which application threads were stopped: 0.0048743 seconds, Stopping threads took: 0.0000268 seconds
241.993: [GC (Allocation Failure)  865206K->550424K(1034752K), 0.0044892 secs]
241.998: Total time for which application threads were stopped: 0.0046246 seconds, Stopping threads took: 0.0000192 seconds
242.061: [GC (Allocation Failure)  871960K->550424K(1034752K), 0.0045921 secs]
242.066: Total time for which application threads were stopped: 0.0047601 seconds, Stopping threads took: 0.0000193 seconds
242.127: [GC (Allocation Failure)  871960K->550904K(1034752K), 0.0048021 secs]
242.132: Total time for which application threads were stopped: 0.0049507 seconds, Stopping threads took: 0.0000190 seconds
242.195: [GC (Allocation Failure)  872440K->558458K(1034752K), 0.0045709 secs]
242.200: Total time for which application threads were stopped: 0.0047031 seconds, Stopping threads took: 0.0000234 seconds
242.264: [GC (Allocation Failure)  879994K->558426K(1034752K), 0.0046536 secs]
242.269: Total time for which application threads were stopped: 0.0047900 seconds, Stopping threads took: 0.0000201 seconds
242.329: [GC (Allocation Failure)  879962K->558626K(1021440K), 0.0045907 secs]
242.334: Total time for which application threads were stopped: 0.0047244 seconds, Stopping threads took: 0.0000187 seconds
242.397: [GC (Allocation Failure)  880162K->566501K(1034240K), 0.0045233 secs]
242.402: Total time for which application threads were stopped: 0.0046701 seconds, Stopping threads took: 0.0000187 seconds
242.466: [GC (Allocation Failure)  887013K->566533K(1034240K), 0.0044329 secs]
242.471: Total time for which application threads were stopped: 0.0045892 seconds, Stopping threads took: 0.0000186 seconds
242.535: [GC (Allocation Failure)  887045K->566669K(1034240K), 0.0046267 secs]
242.540: Total time for which application threads were stopped: 0.0047613 seconds, Stopping threads took: 0.0000240 seconds
242.605: [GC (Allocation Failure)  887181K->574543K(1034240K), 0.0049001 secs]
242.610: Total time for which application threads were stopped: 0.0050466 seconds, Stopping threads took: 0.0000237 seconds
242.675: [GC (Allocation Failure)  895055K->574543K(1034240K), 0.0046036 secs]
242.680: Total time for which application threads were stopped: 0.0047343 seconds, Stopping threads took: 0.0000185 seconds
242.745: [GC (Allocation Failure)  895055K->574599K(1020416K), 0.0047195 secs]
242.749: Total time for which application threads were stopped: 0.0048501 seconds, Stopping threads took: 0.0000187 seconds
242.813: [GC (Allocation Failure)  895111K->582601K(1033728K), 0.0047035 secs]
242.818: Total time for which application threads were stopped: 0.0048372 seconds, Stopping threads took: 0.0000180 seconds
242.884: [GC (Allocation Failure)  902089K->582569K(1033728K), 0.0049938 secs]
242.889: Total time for which application threads were stopped: 0.0051648 seconds, Stopping threads took: 0.0000195 seconds
242.954: [GC (Allocation Failure)  902057K->582825K(1033728K), 0.0047924 secs]
242.959: Total time for which application threads were stopped: 0.0049682 seconds, Stopping threads took: 0.0000255 seconds
243.023: [GC (Allocation Failure)  902313K->590604K(1033728K), 0.0047319 secs]
243.028: Total time for which application threads were stopped: 0.0048886 seconds, Stopping threads took: 0.0000190 seconds
243.092: [GC (Allocation Failure)  910092K->590636K(1033728K), 0.0045866 secs]
243.097: Total time for which application threads were stopped: 0.0047270 seconds, Stopping threads took: 0.0000197 seconds
243.158: [GC (Allocation Failure)  910124K->591052K(1033728K), 0.0047075 secs]
243.163: Total time for which application threads were stopped: 0.0048763 seconds, Stopping threads took: 0.0000240 seconds
243.229: [GC (Allocation Failure)  910540K->598606K(1033728K), 0.0045410 secs]
243.233: Total time for which application threads were stopped: 0.0046742 seconds, Stopping threads took: 0.0000186 seconds
243.296: [GC (Allocation Failure)  918094K->598638K(1033728K), 0.0045718 secs]
243.301: Total time for which application threads were stopped: 0.0047199 seconds, Stopping threads took: 0.0000183 seconds
243.365: [GC (Allocation Failure)  918126K->598798K(1032704K), 0.0048441 secs]
243.370: Total time for which application threads were stopped: 0.0049890 seconds, Stopping threads took: 0.0000179 seconds
243.433: [GC (Allocation Failure)  917262K->606672K(1033216K), 0.0043613 secs]
243.437: Total time for which application threads were stopped: 0.0045040 seconds, Stopping threads took: 0.0000243 seconds
243.500: [GC (Allocation Failure)  925136K->606672K(1033216K), 0.0047838 secs]
243.505: Total time for which application threads were stopped: 0.0049328 seconds, Stopping threads took: 0.0000193 seconds
243.565: [GC (Allocation Failure)  925136K->606728K(1033216K), 0.0048141 secs]
243.570: Total time for which application threads were stopped: 0.0049566 seconds, Stopping threads took: 0.0000177 seconds
243.634: [GC (Allocation Failure)  925192K->614698K(1033216K), 0.0049461 secs]
243.639: Total time for which application threads were stopped: 0.0050795 seconds, Stopping threads took: 0.0000178 seconds
243.699: [GC (Allocation Failure)  933162K->607112K(1033216K), 0.0018595 secs]
243.701: Total time for which application threads were stopped: 0.0019915 seconds, Stopping threads took: 0.0000191 seconds
243.764: [GC (Allocation Failure)  925576K->614978K(1033216K), 0.0047074 secs]
243.769: Total time for which application threads were stopped: 0.0048617 seconds, Stopping threads took: 0.0000294 seconds
243.836: [GC (Allocation Failure)  933442K->618874K(1033216K), 0.0082219 secs]
243.845: Total time for which application threads were stopped: 0.0083812 seconds, Stopping threads took: 0.0000288 seconds
243.909: [GC (Allocation Failure)  937338K->619640K(1033216K), 0.0051698 secs]
243.915: Total time for which application threads were stopped: 0.0053585 seconds, Stopping threads took: 0.0000184 seconds
243.981: [GC (Allocation Failure)  938104K->619034K(1033216K), 0.0050097 secs]
243.987: Total time for which application threads were stopped: 0.0051741 seconds, Stopping threads took: 0.0000251 seconds
244.050: [GC (Allocation Failure)  937498K->618842K(1033216K), 0.0047756 secs]
244.055: Total time for which application threads were stopped: 0.0049092 seconds, Stopping threads took: 0.0000184 seconds
244.117: [GC (Allocation Failure)  937306K->611640K(1033216K), 0.0021277 secs]
244.119: Total time for which application threads were stopped: 0.0022596 seconds, Stopping threads took: 0.0000190 seconds
244.180: [GC (Allocation Failure)  930104K->618970K(1033216K), 0.0049262 secs]
244.185: Total time for which application threads were stopped: 0.0050686 seconds, Stopping threads took: 0.0000189 seconds
244.249: [GC (Allocation Failure)  937434K->618842K(1033216K), 0.0046576 secs]
244.253: Total time for which application threads were stopped: 0.0047924 seconds, Stopping threads took: 0.0000186 seconds
244.316: [GC (Allocation Failure)  937306K->619898K(1033216K), 0.0050579 secs]
244.321: Total time for which application threads were stopped: 0.0051988 seconds, Stopping threads took: 0.0000197 seconds
244.386: [GC (Allocation Failure)  938362K->626941K(1033216K), 0.0048359 secs]
244.391: Total time for which application threads were stopped: 0.0049715 seconds, Stopping threads took: 0.0000186 seconds
244.454: [GC (Allocation Failure)  945405K->626877K(1033728K), 0.0048093 secs]
244.459: Total time for which application threads were stopped: 0.0049470 seconds, Stopping threads took: 0.0000188 seconds
244.521: [GC (Allocation Failure)  945853K->628669K(1033216K), 0.0050866 secs]
244.526: Total time for which application threads were stopped: 0.0052390 seconds, Stopping threads took: 0.0000195 seconds
244.590: [GC (Allocation Failure)  947645K->634975K(1033728K), 0.0048869 secs]
244.595: Total time for which application threads were stopped: 0.0050396 seconds, Stopping threads took: 0.0000202 seconds
244.659: [GC (Allocation Failure)  954463K->634911K(1033728K), 0.0048928 secs]
244.664: Total time for which application threads were stopped: 0.0050217 seconds, Stopping threads took: 0.0000156 seconds
244.726: [GC (Allocation Failure)  954399K->635367K(1033728K), 0.0049433 secs]
244.731: Total time for which application threads were stopped: 0.0051031 seconds, Stopping threads took: 0.0000254 seconds
244.795: [GC (Allocation Failure)  954855K->642953K(1033728K), 0.0047735 secs]
244.800: Total time for which application threads were stopped: 0.0048940 seconds, Stopping threads took: 0.0000155 seconds
244.865: [GC (Allocation Failure)  962441K->642953K(1033728K), 0.0048772 secs]
244.870: Total time for which application threads were stopped: 0.0050468 seconds, Stopping threads took: 0.0000195 seconds
244.934: [GC (Allocation Failure)  962441K->646665K(1033728K), 0.0055848 secs]
244.940: Total time for which application threads were stopped: 0.0057582 seconds, Stopping threads took: 0.0000259 seconds
245.005: [GC (Allocation Failure)  966153K->651019K(1034240K), 0.0046914 secs]
245.010: Total time for which application threads were stopped: 0.0048157 seconds, Stopping threads took: 0.0000161 seconds
245.072: [GC (Allocation Failure)  971531K->650987K(1034240K), 0.0047846 secs]
245.077: Total time for which application threads were stopped: 0.0049251 seconds, Stopping threads took: 0.0000261 seconds
245.140: [GC (Allocation Failure)  971499K->651819K(1034240K), 0.0049441 secs]
245.145: Total time for which application threads were stopped: 0.0050860 seconds, Stopping threads took: 0.0000184 seconds
245.210: [GC (Allocation Failure)  972331K->659150K(1034240K), 0.0048791 secs]
245.215: Total time for which application threads were stopped: 0.0050165 seconds, Stopping threads took: 0.0000187 seconds
245.279: [GC (Allocation Failure)  979662K->659022K(1034240K), 0.0048687 secs]
245.284: Total time for which application threads were stopped: 0.0050279 seconds, Stopping threads took: 0.0000279 seconds
245.346: [GC (Allocation Failure)  979534K->662126K(1034240K), 0.0055654 secs]
245.352: Total time for which application threads were stopped: 0.0057147 seconds, Stopping threads took: 0.0000191 seconds
245.416: [GC (Allocation Failure)  982638K->667088K(1034240K), 0.0048557 secs]
245.421: Total time for which application threads were stopped: 0.0049931 seconds, Stopping threads took: 0.0000192 seconds
245.487: [GC (Allocation Failure)  987600K->667024K(1034240K), 0.0048391 secs]
245.492: Total time for which application threads were stopped: 0.0049989 seconds, Stopping threads took: 0.0000257 seconds
245.556: [GC (Allocation Failure)  987536K->668328K(1034240K), 0.0051498 secs]
245.561: Total time for which application threads were stopped: 0.0053046 seconds, Stopping threads took: 0.0000248 seconds
245.629: [GC (Allocation Failure)  988840K->675082K(1034240K), 0.0048673 secs]
245.634: Total time for which application threads were stopped: 0.0050640 seconds, Stopping threads took: 0.0000201 seconds
245.699: [GC (Allocation Failure)  995594K->675050K(1034240K), 0.0050348 secs]
245.704: Total time for which application threads were stopped: 0.0051651 seconds, Stopping threads took: 0.0000171 seconds
245.769: [GC (Allocation Failure)  995562K->675530K(1034240K), 0.0049522 secs]
245.774: Total time for which application threads were stopped: 0.0050952 seconds, Stopping threads took: 0.0000193 seconds
245.840: [GC (Allocation Failure)  996042K->683116K(1034240K), 0.0055285 secs]
245.845: Total time for which application threads were stopped: 0.0056932 seconds, Stopping threads took: 0.0000254 seconds
245.913: [GC (Allocation Failure)  1003628K->683116K(1034240K), 0.0048016 secs]
245.918: Total time for which application threads were stopped: 0.0049686 seconds, Stopping threads took: 0.0000172 seconds
245.985: [GC (Allocation Failure)  1003628K->684804K(1034240K), 0.0053560 secs]
245.990: [Full GC (Ergonomics)  684804K->10127K(1034240K), 0.0145109 secs]
246.005: Total time for which application threads were stopped: 0.0201343 seconds, Stopping threads took: 0.0000196 seconds
246.072: [GC (Allocation Failure)  330639K->20721K(1030656K), 0.0043044 secs]
246.077: Total time for which application threads were stopped: 0.0044775 seconds, Stopping threads took: 0.0000202 seconds
246.144: [GC (Allocation Failure)  341233K->20729K(1033216K), 0.0043226 secs]
246.149: Total time for which application threads were stopped: 0.0044933 seconds, Stopping threads took: 0.0000204 seconds
246.212: [GC (Allocation Failure)  339193K->22585K(1033216K), 0.0039680 secs]
246.216: Total time for which application threads were stopped: 0.0041298 seconds, Stopping threads took: 0.0000207 seconds
246.281: [GC (Allocation Failure)  341049K->28764K(1033728K), 0.0036785 secs]
246.285: Total time for which application threads were stopped: 0.0038565 seconds, Stopping threads took: 0.0000454 seconds
246.350: [GC (Allocation Failure)  348252K->28732K(1033728K), 0.0034976 secs]
246.354: Total time for which application threads were stopped: 0.0036360 seconds, Stopping threads took: 0.0000183 seconds
246.418: [GC (Allocation Failure)  348220K->28796K(1033728K), 0.0036970 secs]
246.422: Total time for which application threads were stopped: 0.0038394 seconds, Stopping threads took: 0.0000191 seconds
246.484: [GC (Allocation Failure)  348284K->36830K(1033728K), 0.0035308 secs]
246.488: Total time for which application threads were stopped: 0.0036627 seconds, Stopping threads took: 0.0000256 seconds
246.553: [GC (Allocation Failure)  356318K->36766K(1033728K), 0.0033767 secs]
246.557: Total time for which application threads were stopped: 0.0035067 seconds, Stopping threads took: 0.0000194 seconds
246.617: [GC (Allocation Failure)  356254K->37030K(1033728K), 0.0035972 secs]
246.620: Total time for which application threads were stopped: 0.0037305 seconds, Stopping threads took: 0.0000174 seconds
246.684: [GC (Allocation Failure)  356518K->44840K(1032704K), 0.0034591 secs]
246.688: Total time for which application threads were stopped: 0.0035751 seconds, Stopping threads took: 0.0000150 seconds
246.751: [GC (Allocation Failure)  363304K->44808K(1033216K), 0.0035851 secs]
246.755: Total time for which application threads were stopped: 0.0037191 seconds, Stopping threads took: 0.0000197 seconds
246.815: [GC (Allocation Failure)  363272K->45256K(1032704K), 0.0093043 secs]
246.825: Total time for which application threads were stopped: 0.0094629 seconds, Stopping threads took: 0.0000199 seconds
246.893: [GC (Allocation Failure)  363720K->52874K(1033216K), 0.0036743 secs]
246.896: Total time for which application threads were stopped: 0.0038370 seconds, Stopping threads took: 0.0000197 seconds
246.960: [GC (Allocation Failure)  371338K->52874K(1033728K), 0.0035440 secs]
246.963: Total time for which application threads were stopped: 0.0037087 seconds, Stopping threads took: 0.0000192 seconds
247.025: [GC (Allocation Failure)  371850K->53962K(1033216K), 0.0037186 secs]
247.029: Total time for which application threads were stopped: 0.0038517 seconds, Stopping threads took: 0.0000184 seconds
247.091: [GC (Allocation Failure)  372938K->60941K(1033728K), 0.0035320 secs]
247.095: Total time for which application threads were stopped: 0.0036688 seconds, Stopping threads took: 0.0000186 seconds
247.161: [GC (Allocation Failure)  380429K->60877K(1033728K), 0.0035983 secs]
247.164: Total time for which application threads were stopped: 0.0037359 seconds, Stopping threads took: 0.0000235 seconds
247.228: [GC (Allocation Failure)  380365K->61709K(1033728K), 0.0036644 secs]
247.232: Total time for which application threads were stopped: 0.0038043 seconds, Stopping threads took: 0.0000263 seconds
247.294: [GC (Allocation Failure)  381197K->68911K(1033728K), 0.0036564 secs]
247.298: Total time for which application threads were stopped: 0.0037801 seconds, Stopping threads took: 0.0000180 seconds
247.363: [GC (Allocation Failure)  388399K->68943K(1033728K), 0.0035495 secs]
247.366: Total time for which application threads were stopped: 0.0036889 seconds, Stopping threads took: 0.0000232 seconds
247.430: [GC (Allocation Failure)  388431K->69927K(1033728K), 0.0037687 secs]
247.434: Total time for which application threads were stopped: 0.0039066 seconds, Stopping threads took: 0.0000193 seconds
247.498: [GC (Allocation Failure)  389415K->76937K(1033728K), 0.0035977 secs]
247.502: Total time for which application threads were stopped: 0.0037445 seconds, Stopping threads took: 0.0000198 seconds
247.565: [GC (Allocation Failure)  396425K->76937K(1033728K), 0.0036512 secs]
247.569: Total time for which application threads were stopped: 0.0037983 seconds, Stopping threads took: 0.0000236 seconds
247.631: [GC (Allocation Failure)  396425K->77121K(1033728K), 0.0054280 secs]
247.636: Total time for which application threads were stopped: 0.0055867 seconds, Stopping threads took: 0.0000181 seconds
247.701: [GC (Allocation Failure)  396609K->84963K(1027072K), 0.0036915 secs]
247.704: Total time for which application threads were stopped: 0.0038580 seconds, Stopping threads took: 0.0000209 seconds
247.767: [GC (Allocation Failure)  404451K->84931K(1033728K), 0.0039370 secs]
247.771: Total time for which application threads were stopped: 0.0040865 seconds, Stopping threads took: 0.0000206 seconds
247.834: [GC (Allocation Failure)  403907K->85891K(1033216K), 0.0046775 secs]
247.839: Total time for which application threads were stopped: 0.0048342 seconds, Stopping threads took: 0.0000266 seconds
247.904: [GC (Allocation Failure)  404867K->93030K(1033728K), 0.0038891 secs]
247.908: Total time for which application threads were stopped: 0.0040309 seconds, Stopping threads took: 0.0000194 seconds
247.971: [GC (Allocation Failure)  412518K->93030K(1033728K), 0.0036339 secs]
247.975: Total time for which application threads were stopped: 0.0037656 seconds, Stopping threads took: 0.0000186 seconds
248.037: [GC (Allocation Failure)  412518K->93534K(1033728K), 0.0038937 secs]
248.041: Total time for which application threads were stopped: 0.0040564 seconds, Stopping threads took: 0.0000262 seconds
248.104: [GC (Allocation Failure)  413022K->101024K(1027072K), 0.0037229 secs]
248.108: Total time for which application threads were stopped: 0.0038488 seconds, Stopping threads took: 0.0000177 seconds
248.170: [GC (Allocation Failure)  420512K->101056K(1033216K), 0.0036811 secs]
248.174: Total time for which application threads were stopped: 0.0038290 seconds, Stopping threads took: 0.0000261 seconds
248.236: [GC (Allocation Failure)  419520K->101800K(1033216K), 0.0037266 secs]
248.240: Total time for which application threads were stopped: 0.0038644 seconds, Stopping threads took: 0.0000246 seconds
248.303: [GC (Allocation Failure)  420264K->109098K(1032704K), 0.0036835 secs]
248.307: Total time for which application threads were stopped: 0.0038132 seconds, Stopping threads took: 0.0000186 seconds
248.370: [GC (Allocation Failure)  427562K->109066K(1033216K), 0.0036635 secs]
248.373: Total time for which application threads were stopped: 0.0038157 seconds, Stopping threads took: 0.0000271 seconds
248.438: [GC (Allocation Failure)  427530K->109130K(1033216K), 0.0036619 secs]
248.441: Total time for which application threads were stopped: 0.0037934 seconds, Stopping threads took: 0.0000177 seconds
248.506: [GC (Allocation Failure)  427594K->117068K(1033216K), 0.0038802 secs]
248.510: Total time for which application threads were stopped: 0.0040483 seconds, Stopping threads took: 0.0000204 seconds
248.574: [GC (Allocation Failure)  435532K->117100K(1033216K), 0.0038203 secs]
248.578: Total time for which application threads were stopped: 0.0039515 seconds, Stopping threads took: 0.0000203 seconds
248.640: [GC (Allocation Failure)  435564K->117252K(1033216K), 0.0037504 secs]
248.644: Total time for which application threads were stopped: 0.0039000 seconds, Stopping threads took: 0.0000238 seconds
248.707: [GC (Allocation Failure)  435716K->125159K(1033216K), 0.0036756 secs]
248.711: Total time for which application threads were stopped: 0.0038116 seconds, Stopping threads took: 0.0000183 seconds
248.774: [GC (Allocation Failure)  443623K->125127K(1033216K), 0.0036634 secs]
248.777: Total time for which application threads were stopped: 0.0037824 seconds, Stopping threads took: 0.0000150 seconds
248.839: [GC (Allocation Failure)  443591K->125439K(1033216K), 0.0072052 secs]
248.847: Total time for which application threads were stopped: 0.0073467 seconds, Stopping threads took: 0.0000249 seconds
248.914: [GC (Allocation Failure)  443903K->133153K(1033216K), 0.0064476 secs]
248.920: Total time for which application threads were stopped: 0.0065961 seconds, Stopping threads took: 0.0000176 seconds
248.984: [GC (Allocation Failure)  451617K->133153K(1033216K), 0.0036713 secs]
248.988: Total time for which application threads were stopped: 0.0038029 seconds, Stopping threads took: 0.0000221 seconds
249.048: [GC (Allocation Failure)  451617K->133705K(1033216K), 0.0038126 secs]
249.052: Total time for which application threads were stopped: 0.0039470 seconds, Stopping threads took: 0.0000180 seconds
249.114: [GC (Allocation Failure)  452169K->141195K(1033216K), 0.0038071 secs]
249.118: Total time for which application threads were stopped: 0.0039582 seconds, Stopping threads took: 0.0000233 seconds
249.183: [GC (Allocation Failure)  459659K->141195K(1033216K), 0.0036650 secs]
249.187: Total time for which application threads were stopped: 0.0037935 seconds, Stopping threads took: 0.0000181 seconds
249.247: [GC (Allocation Failure)  459659K->141451K(1033216K), 0.0038666 secs]
249.251: Total time for which application threads were stopped: 0.0040092 seconds, Stopping threads took: 0.0000173 seconds
249.314: [GC (Allocation Failure)  459915K->149230K(1033216K), 0.0037748 secs]
249.318: Total time for which application threads were stopped: 0.0038996 seconds, Stopping threads took: 0.0000179 seconds
249.379: [GC (Allocation Failure)  467694K->143595K(1033728K), 0.0064705 secs]
249.385: Total time for which application threads were stopped: 0.0066082 seconds, Stopping threads took: 0.0000183 seconds
249.449: [GC (Allocation Failure)  462571K->149406K(1033216K), 0.0037646 secs]
249.453: Total time for which application threads were stopped: 0.0038996 seconds, Stopping threads took: 0.0000247 seconds
249.518: [GC (Allocation Failure)  468382K->153382K(1034240K), 0.0039720 secs]
249.522: Total time for which application threads were stopped: 0.0040872 seconds, Stopping threads took: 0.0000156 seconds
249.585: [GC (Allocation Failure)  473894K->159235K(1034240K), 0.0063976 secs]
249.592: Total time for which application threads were stopped: 0.0065256 seconds, Stopping threads took: 0.0000191 seconds
249.656: [GC (Allocation Failure)  479747K->153478K(1030144K), 0.0037410 secs]
249.660: Total time for which application threads were stopped: 0.0038873 seconds, Stopping threads took: 0.0000225 seconds
249.722: [GC (Allocation Failure)  469894K->153414K(1032192K), 0.0037331 secs]
249.726: Total time for which application threads were stopped: 0.0038544 seconds, Stopping threads took: 0.0000177 seconds
249.790: [GC (Allocation Failure)  469830K->149155K(1033216K), 0.0023235 secs]
249.793: Total time for which application threads were stopped: 0.0024535 seconds, Stopping threads took: 0.0000189 seconds
249.859: [GC (Allocation Failure)  467107K->153382K(1032704K), 0.0040787 secs]
249.863: Total time for which application threads were stopped: 0.0042613 seconds, Stopping threads took: 0.0000199 seconds
249.927: [GC (Allocation Failure)  471334K->153382K(1033728K), 0.0037659 secs]
249.931: Total time for which application threads were stopped: 0.0038824 seconds, Stopping threads took: 0.0000146 seconds
249.994: [GC (Allocation Failure)  472358K->156934K(1033216K), 0.0047662 secs]
249.999: Total time for which application threads were stopped: 0.0049097 seconds, Stopping threads took: 0.0000198 seconds
250.064: [GC (Allocation Failure)  475910K->161416K(1034240K), 0.0039856 secs]
250.068: Total time for which application threads were stopped: 0.0041351 seconds, Stopping threads took: 0.0000199 seconds
250.132: [GC (Allocation Failure)  481416K->161384K(1033728K), 0.0039073 secs]
250.136: Total time for which application threads were stopped: 0.0040593 seconds, Stopping threads took: 0.0000188 seconds
250.196: [GC (Allocation Failure)  481384K->164616K(1034240K), 0.0045920 secs]
250.201: Total time for which application threads were stopped: 0.0047362 seconds, Stopping threads took: 0.0000200 seconds
250.264: [GC (Allocation Failure)  485128K->169546K(1034240K), 0.0039006 secs]
250.268: Total time for which application threads were stopped: 0.0040405 seconds, Stopping threads took: 0.0000181 seconds
250.334: [GC (Allocation Failure)  490058K->169450K(1034752K), 0.0038977 secs]
250.338: Total time for which application threads were stopped: 0.0040455 seconds, Stopping threads took: 0.0000193 seconds
250.399: [GC (Allocation Failure)  490986K->171850K(1034752K), 0.0042022 secs]
250.403: Total time for which application threads were stopped: 0.0043458 seconds, Stopping threads took: 0.0000190 seconds
250.469: [GC (Allocation Failure)  493386K->177612K(1034752K), 0.0040307 secs]
250.473: Total time for which application threads were stopped: 0.0041724 seconds, Stopping threads took: 0.0000260 seconds
250.536: [GC (Allocation Failure)  499148K->177484K(1034752K), 0.0041669 secs]
250.540: Total time for which application threads were stopped: 0.0043224 seconds, Stopping threads took: 0.0000236 seconds
250.601: [GC (Allocation Failure)  499020K->181100K(1034752K), 0.0049121 secs]
250.606: Total time for which application threads were stopped: 0.0050783 seconds, Stopping threads took: 0.0000243 seconds
250.670: [GC (Allocation Failure)  502636K->185551K(1034752K), 0.0040495 secs]
250.675: Total time for which application threads were stopped: 0.0041883 seconds, Stopping threads took: 0.0000196 seconds
250.738: [GC (Allocation Failure)  507087K->185519K(1035264K), 0.0040040 secs]
250.742: Total time for which application threads were stopped: 0.0041420 seconds, Stopping threads took: 0.0000213 seconds
250.805: [GC (Allocation Failure)  508079K->187271K(1024000K), 0.0040868 secs]
250.810: Total time for which application threads were stopped: 0.0042388 seconds, Stopping threads took: 0.0000185 seconds
250.878: [GC (Allocation Failure)  509831K->193545K(1034752K), 0.0047791 secs]
250.883: Total time for which application threads were stopped: 0.0049485 seconds, Stopping threads took: 0.0000197 seconds
250.950: [GC (Allocation Failure)  515081K->193545K(1034752K), 0.0039715 secs]
250.954: Total time for which application threads were stopped: 0.0041491 seconds, Stopping threads took: 0.0000297 seconds
251.018: [GC (Allocation Failure)  515081K->197577K(1035264K), 0.0050042 secs]
251.023: Total time for which application threads were stopped: 0.0051508 seconds, Stopping threads took: 0.0000251 seconds
251.089: [GC (Allocation Failure)  520137K->201803K(1035264K), 0.0039884 secs]
251.093: Total time for which application threads were stopped: 0.0041334 seconds, Stopping threads took: 0.0000275 seconds
251.157: [GC (Allocation Failure)  524363K->201579K(1035264K), 0.0039444 secs]
251.161: Total time for which application threads were stopped: 0.0040763 seconds, Stopping threads took: 0.0000180 seconds
251.224: [GC (Allocation Failure)  524139K->193609K(1022464K), 0.0008867 secs]
251.225: Total time for which application threads were stopped: 0.0010207 seconds, Stopping threads took: 0.0000190 seconds
251.287: [GC (Allocation Failure)  516169K->201771K(1034752K), 0.0040044 secs]
251.291: Total time for which application threads were stopped: 0.0041662 seconds, Stopping threads took: 0.0000238 seconds
251.356: [GC (Allocation Failure)  523307K->201579K(1034752K), 0.0038736 secs]
251.359: Total time for which application threads were stopped: 0.0040323 seconds, Stopping threads took: 0.0000240 seconds
251.422: [GC (Allocation Failure)  523115K->195881K(1034752K), 0.0017442 secs]
251.424: Total time for which application threads were stopped: 0.0020000 seconds, Stopping threads took: 0.0000180 seconds
251.488: [GC (Allocation Failure)  517417K->201675K(1034752K), 0.0039621 secs]
251.492: Total time for which application threads were stopped: 0.0041085 seconds, Stopping threads took: 0.0000184 seconds
251.558: [GC (Allocation Failure)  523211K->201579K(1034752K), 0.0039865 secs]
251.562: Total time for which application threads were stopped: 0.0041095 seconds, Stopping threads took: 0.0000167 seconds
251.622: [GC (Allocation Failure)  523115K->197097K(1034752K), 0.0023754 secs]
251.625: Total time for which application threads were stopped: 0.0025050 seconds, Stopping threads took: 0.0000185 seconds
251.689: [GC (Allocation Failure)  518633K->201643K(1035264K), 0.0042068 secs]
251.693: Total time for which application threads were stopped: 0.0043812 seconds, Stopping threads took: 0.0000248 seconds
251.757: [GC (Allocation Failure)  524203K->201579K(1035264K), 0.0037956 secs]
251.761: Total time for which application threads were stopped: 0.0039316 seconds, Stopping threads took: 0.0000194 seconds
251.827: [GC (Allocation Failure)  524139K->200393K(1035776K), 0.0048490 secs]
251.832: Total time for which application threads were stopped: 0.0050046 seconds, Stopping threads took: 0.0000163 seconds
251.897: [GC (Allocation Failure)  523465K->201835K(1035264K), 0.0040262 secs]
251.901: Total time for which application threads were stopped: 0.0041689 seconds, Stopping threads took: 0.0000183 seconds
251.966: [GC (Allocation Failure)  524907K->201611K(1035776K), 0.0039506 secs]
251.970: Total time for which application threads were stopped: 0.0040894 seconds, Stopping threads took: 0.0000178 seconds
252.035: [GC (Allocation Failure)  525195K->206697K(1035776K), 0.0061845 secs]
252.041: Total time for which application threads were stopped: 0.0063158 seconds, Stopping threads took: 0.0000185 seconds
252.105: [GC (Allocation Failure)  530281K->202155K(1032704K), 0.0039870 secs]
252.109: Total time for which application threads were stopped: 0.0041324 seconds, Stopping threads took: 0.0000187 seconds
252.174: [GC (Allocation Failure)  522667K->201963K(1034240K), 0.0035482 secs]
252.178: Total time for which application threads were stopped: 0.0036978 seconds, Stopping threads took: 0.0000254 seconds
252.243: [GC (Allocation Failure)  522475K->208321K(1030656K), 0.0067150 secs]
252.250: Total time for which application threads were stopped: 0.0068685 seconds, Stopping threads took: 0.0000261 seconds
252.313: [GC (Allocation Failure)  525761K->202723K(1032704K), 0.0038808 secs]
252.317: Total time for which application threads were stopped: 0.0040270 seconds, Stopping threads took: 0.0000186 seconds
252.382: [GC (Allocation Failure)  520163K->202563K(1034240K), 0.0039238 secs]
252.386: Total time for which application threads were stopped: 0.0040380 seconds, Stopping threads took: 0.0000147 seconds
252.449: [GC (Allocation Failure)  522563K->200449K(1033728K), 0.0033402 secs]
252.452: Total time for which application threads were stopped: 0.0034783 seconds, Stopping threads took: 0.0000253 seconds
252.514: [GC (Allocation Failure)  520449K->202627K(1034752K), 0.0039234 secs]
252.518: Total time for which application threads were stopped: 0.0040656 seconds, Stopping threads took: 0.0000184 seconds
252.584: [GC (Allocation Failure)  523651K->202563K(1034240K), 0.0039795 secs]
252.588: Total time for which application threads were stopped: 0.0041242 seconds, Stopping threads took: 0.0000233 seconds
252.653: [GC (Allocation Failure)  523587K->199105K(1035264K), 0.0026381 secs]
252.655: Total time for which application threads were stopped: 0.0027747 seconds, Stopping threads took: 0.0000194 seconds
252.719: [GC (Allocation Failure)  521665K->202627K(1035264K), 0.0040292 secs]
252.723: Total time for which application threads were stopped: 0.0041708 seconds, Stopping threads took: 0.0000183 seconds
252.785: [GC (Allocation Failure)  525187K->202563K(1036288K), 0.0039794 secs]
252.789: Total time for which application threads were stopped: 0.0041100 seconds, Stopping threads took: 0.0000180 seconds
252.855: [GC (Allocation Failure)  526659K->204961K(1035776K), 0.0051181 secs]
252.860: Total time for which application threads were stopped: 0.0053123 seconds, Stopping threads took: 0.0000204 seconds
252.929: [GC (Allocation Failure)  529057K->202787K(1035776K), 0.0040602 secs]
252.933: Total time for which application threads were stopped: 0.0042048 seconds, Stopping threads took: 0.0000285 seconds
252.998: [GC (Allocation Failure)  526371K->202531K(1035776K), 0.0038028 secs]
253.002: Total time for which application threads were stopped: 0.0039733 seconds, Stopping threads took: 0.0000253 seconds
253.068: [GC (Allocation Failure)  526115K->196449K(1035264K), 0.0017783 secs]
253.069: Total time for which application threads were stopped: 0.0018961 seconds, Stopping threads took: 0.0000163 seconds
253.135: [GC (Allocation Failure)  520033K->202763K(1035776K), 0.0039792 secs]
253.139: Total time for which application threads were stopped: 0.0041191 seconds, Stopping threads took: 0.0000185 seconds
253.203: [GC (Allocation Failure)  526347K->206699K(1036288K), 0.0044256 secs]
253.207: Total time for which application threads were stopped: 0.0045644 seconds, Stopping threads took: 0.0000203 seconds
253.270: [GC (Allocation Failure)  530795K->206699K(1035776K), 0.0038922 secs]
253.274: Total time for which application threads were stopped: 0.0040434 seconds, Stopping threads took: 0.0000212 seconds
253.338: [GC (Allocation Failure)  530795K->206859K(1035264K), 0.0040548 secs]
253.342: Total time for which application threads were stopped: 0.0042104 seconds, Stopping threads took: 0.0000269 seconds
253.408: [GC (Allocation Failure)  530443K->214765K(1035776K), 0.0039611 secs]
253.412: Total time for which application threads were stopped: 0.0040760 seconds, Stopping threads took: 0.0000154 seconds
253.476: [GC (Allocation Failure)  538349K->214765K(1035776K), 0.0037852 secs]
253.480: Total time for which application threads were stopped: 0.0039152 seconds, Stopping threads took: 0.0000184 seconds
253.543: [GC (Allocation Failure)  538349K->214861K(1023488K), 0.0039436 secs]
253.547: Total time for which application threads were stopped: 0.0040704 seconds, Stopping threads took: 0.0000181 seconds
253.610: [GC (Allocation Failure)  538445K->222768K(1035264K), 0.0037422 secs]
253.614: Total time for which application threads were stopped: 0.0038712 seconds, Stopping threads took: 0.0000178 seconds
253.677: [GC (Allocation Failure)  545328K->222768K(1035264K), 0.0039359 secs]
253.681: Total time for which application threads were stopped: 0.0040703 seconds, Stopping threads took: 0.0000189 seconds
253.745: [GC (Allocation Failure)  545328K->222824K(1034240K), 0.0039202 secs]
253.749: Total time for which application threads were stopped: 0.0040492 seconds, Stopping threads took: 0.0000189 seconds
253.813: [GC (Allocation Failure)  544360K->230794K(1034752K), 0.0037955 secs]
253.816: Total time for which application threads were stopped: 0.0039229 seconds, Stopping threads took: 0.0000174 seconds
253.882: [GC (Allocation Failure)  552330K->230794K(1034752K), 0.0041387 secs]
253.886: Total time for which application threads were stopped: 0.0043029 seconds, Stopping threads took: 0.0000202 seconds
253.949: [GC (Allocation Failure)  552330K->231082K(1034752K), 0.0039595 secs]
253.953: Total time for which application threads were stopped: 0.0041209 seconds, Stopping threads took: 0.0000253 seconds
254.018: [GC (Allocation Failure)  552618K->238860K(1034752K), 0.0038698 secs]
254.022: Total time for which application threads were stopped: 0.0039999 seconds, Stopping threads took: 0.0000185 seconds
254.085: [GC (Allocation Failure)  560396K->238828K(1034752K), 0.0039436 secs]
254.089: Total time for which application threads were stopped: 0.0040784 seconds, Stopping threads took: 0.0000197 seconds
254.150: [GC (Allocation Failure)  560364K->239276K(1033728K), 0.0040761 secs]
254.154: Total time for which application threads were stopped: 0.0042075 seconds, Stopping threads took: 0.0000189 seconds
254.218: [GC (Allocation Failure)  559788K->246894K(1034240K), 0.0039912 secs]
254.222: Total time for which application threads were stopped: 0.0041360 seconds, Stopping threads took: 0.0000197 seconds
254.285: [GC (Allocation Failure)  567406K->246894K(1034240K), 0.0039044 secs]
254.289: Total time for which application threads were stopped: 0.0040470 seconds, Stopping threads took: 0.0000193 seconds
254.354: [GC (Allocation Failure)  567406K->247022K(1034240K), 0.0041918 secs]
254.358: Total time for which application threads were stopped: 0.0043254 seconds, Stopping threads took: 0.0000191 seconds
254.422: [GC (Allocation Failure)  567534K->254865K(1033216K), 0.0038497 secs]
254.426: Total time for which application threads were stopped: 0.0039902 seconds, Stopping threads took: 0.0000183 seconds
254.488: [GC (Allocation Failure)  574353K->254897K(1033728K), 0.0038938 secs]
254.492: Total time for which application threads were stopped: 0.0040587 seconds, Stopping threads took: 0.0000273 seconds
254.556: [GC (Allocation Failure)  574385K->254961K(1033216K), 0.0064083 secs]
254.562: Total time for which application threads were stopped: 0.0065374 seconds, Stopping threads took: 0.0000182 seconds
254.627: [GC (Allocation Failure)  574449K->262931K(1033728K), 0.0040685 secs]
254.631: Total time for which application threads were stopped: 0.0042152 seconds, Stopping threads took: 0.0000182 seconds
254.696: [GC (Allocation Failure)  582419K->262931K(1033728K), 0.0039536 secs]
254.700: Total time for which application threads were stopped: 0.0040940 seconds, Stopping threads took: 0.0000210 seconds
254.762: [GC (Allocation Failure)  582419K->262987K(1033728K), 0.0039742 secs]
254.766: Total time for which application threads were stopped: 0.0041066 seconds, Stopping threads took: 0.0000185 seconds
254.831: [GC (Allocation Failure)  582475K->270957K(1033728K), 0.0047895 secs]
254.835: Total time for which application threads were stopped: 0.0049542 seconds, Stopping threads took: 0.0000276 seconds
254.901: [GC (Allocation Failure)  590445K->270957K(1033728K), 0.0040662 secs]
254.905: Total time for which application threads were stopped: 0.0042145 seconds, Stopping threads took: 0.0000196 seconds
254.970: [GC (Allocation Failure)  590445K->271213K(1033728K), 0.0042074 secs]
254.974: Total time for which application threads were stopped: 0.0043422 seconds, Stopping threads took: 0.0000194 seconds
255.038: [GC (Allocation Failure)  590701K->278992K(1027072K), 0.0040088 secs]
255.042: Total time for which application threads were stopped: 0.0041512 seconds, Stopping threads took: 0.0000179 seconds
255.107: [GC (Allocation Failure)  598480K->278992K(1033216K), 0.0041071 secs]
255.112: Total time for which application threads were stopped: 0.0042243 seconds, Stopping threads took: 0.0000155 seconds
255.174: [GC (Allocation Failure)  597456K->279208K(1033216K), 0.0039469 secs]
255.178: Total time for which application threads were stopped: 0.0040874 seconds, Stopping threads took: 0.0000234 seconds
255.242: [GC (Allocation Failure)  597672K->287018K(1033216K), 0.0041795 secs]
255.246: Total time for which application threads were stopped: 0.0043066 seconds, Stopping threads took: 0.0000170 seconds
255.308: [GC (Allocation Failure)  605482K->280072K(1033216K), 0.0015522 secs]
255.310: Total time for which application threads were stopped: 0.0016956 seconds, Stopping threads took: 0.0000284 seconds
255.374: [GC (Allocation Failure)  598536K->287146K(1033728K), 0.0052755 secs]
255.379: Total time for which application threads were stopped: 0.0054222 seconds, Stopping threads took: 0.0000193 seconds
255.444: [GC (Allocation Failure)  606634K->291194K(1033728K), 0.0050489 secs]
255.449: Total time for which application threads were stopped: 0.0051697 seconds, Stopping threads took: 0.0000150 seconds
255.512: [GC (Allocation Failure)  610682K->294616K(1030656K), 0.0056196 secs]
255.518: Total time for which application threads were stopped: 0.0057725 seconds, Stopping threads took: 0.0000238 seconds
255.583: [GC (Allocation Failure)  611032K->291194K(1032192K), 0.0040365 secs]
255.587: Total time for which application threads were stopped: 0.0041671 seconds, Stopping threads took: 0.0000179 seconds
255.649: [GC (Allocation Failure)  607610K->291162K(1032704K), 0.0041628 secs]
255.653: Total time for which application threads were stopped: 0.0042990 seconds, Stopping threads took: 0.0000175 seconds
255.716: [GC (Allocation Failure)  608602K->293666K(1032704K), 0.0045059 secs]
255.721: Total time for which application threads were stopped: 0.0046460 seconds, Stopping threads took: 0.0000184 seconds
255.784: [GC (Allocation Failure)  611106K->299204K(1033216K), 0.0041344 secs]
255.788: Total time for which application threads were stopped: 0.0042744 seconds, Stopping threads took: 0.0000178 seconds
255.852: [GC (Allocation Failure)  617668K->299172K(1033216K), 0.0041936 secs]
255.857: Total time for which application threads were stopped: 0.0043875 seconds, Stopping threads took: 0.0000194 seconds
255.921: [GC (Allocation Failure)  617636K->300908K(1033728K), 0.0042784 secs]
255.926: Total time for which application threads were stopped: 0.0044224 seconds, Stopping threads took: 0.0000170 seconds
255.994: [GC (Allocation Failure)  620396K->307278K(1033728K), 0.0042834 secs]
255.998: Total time for which application threads were stopped: 0.0044511 seconds, Stopping threads took: 0.0000275 seconds
256.063: [GC (Allocation Failure)  626766K->307246K(1033728K), 0.0039946 secs]
256.068: Total time for which application threads were stopped: 0.0041307 seconds, Stopping threads took: 0.0000193 seconds
256.129: [GC (Allocation Failure)  626734K->308070K(1033728K), 0.0043874 secs]
256.134: Total time for which application threads were stopped: 0.0045073 seconds, Stopping threads took: 0.0000157 seconds
256.198: [GC (Allocation Failure)  627558K->315273K(1033728K), 0.0041267 secs]
256.202: Total time for which application threads were stopped: 0.0042605 seconds, Stopping threads took: 0.0000231 seconds
256.265: [GC (Allocation Failure)  634761K->315241K(1033728K), 0.0041599 secs]
256.270: Total time for which application threads were stopped: 0.0042970 seconds, Stopping threads took: 0.0000187 seconds
256.331: [GC (Allocation Failure)  634729K->319401K(1034240K), 0.0051827 secs]
256.336: Total time for which application threads were stopped: 0.0053280 seconds, Stopping threads took: 0.0000312 seconds
256.400: [GC (Allocation Failure)  639401K->323371K(1033728K), 0.0040270 secs]
256.404: Total time for which application threads were stopped: 0.0041735 seconds, Stopping threads took: 0.0000238 seconds
256.469: [GC (Allocation Failure)  643371K->323307K(1034240K), 0.0039184 secs]
256.473: Total time for which application threads were stopped: 0.0040360 seconds, Stopping threads took: 0.0000179 seconds
256.537: [GC (Allocation Failure)  643819K->324555K(1034240K), 0.0046824 secs]
256.542: Total time for which application threads were stopped: 0.0048014 seconds, Stopping threads took: 0.0000159 seconds
256.606: [GC (Allocation Failure)  645067K->331341K(1034240K), 0.0042839 secs]
256.610: Total time for which application threads were stopped: 0.0044390 seconds, Stopping threads took: 0.0000232 seconds
256.674: [GC (Allocation Failure)  651853K->331341K(1034240K), 0.0039409 secs]
256.678: Total time for which application threads were stopped: 0.0040812 seconds, Stopping threads took: 0.0000230 seconds
256.742: [GC (Allocation Failure)  651853K->334893K(1034752K), 0.0050533 secs]
256.747: Total time for which application threads were stopped: 0.0051904 seconds, Stopping threads took: 0.0000258 seconds
256.810: [GC (Allocation Failure)  655917K->339439K(1034240K), 0.0040737 secs]
256.814: Total time for which application threads were stopped: 0.0041995 seconds, Stopping threads took: 0.0000175 seconds
256.880: [GC (Allocation Failure)  660463K->339407K(1034752K), 0.0041532 secs]
256.884: Total time for which application threads were stopped: 0.0043203 seconds, Stopping threads took: 0.0000188 seconds
256.949: [GC (Allocation Failure)  660943K->343047K(1034752K), 0.0049385 secs]
256.954: Total time for which application threads were stopped: 0.0051053 seconds, Stopping threads took: 0.0000261 seconds
257.018: [GC (Allocation Failure)  664583K->347466K(1034752K), 0.0042306 secs]
257.022: Total time for which application threads were stopped: 0.0043656 seconds, Stopping threads took: 0.0000197 seconds
257.085: [GC (Allocation Failure)  669002K->347434K(1034752K), 0.0043041 secs]
257.089: Total time for which application threads were stopped: 0.0044535 seconds, Stopping threads took: 0.0000233 seconds
257.150: [GC (Allocation Failure)  668970K->348234K(1034240K), 0.0044261 secs]
257.154: Total time for which application threads were stopped: 0.0045625 seconds, Stopping threads took: 0.0000193 seconds
257.218: [GC (Allocation Failure)  669770K->355564K(1034752K), 0.0042448 secs]
257.222: Total time for which application threads were stopped: 0.0043838 seconds, Stopping threads took: 0.0000183 seconds
257.287: [GC (Allocation Failure)  677100K->355468K(1034752K), 0.0042308 secs]
257.291: Total time for which application threads were stopped: 0.0043741 seconds, Stopping threads took: 0.0000185 seconds
257.352: [GC (Allocation Failure)  677004K->357484K(1034752K), 0.0047057 secs]
257.357: Total time for which application threads were stopped: 0.0048455 seconds, Stopping threads took: 0.0000209 seconds
257.421: [GC (Allocation Failure)  679020K->363534K(1034752K), 0.0064579 secs]
257.428: Total time for which application threads were stopped: 0.0065929 seconds, Stopping threads took: 0.0000190 seconds
257.492: [GC (Allocation Failure)  685070K->363470K(1034752K), 0.0041540 secs]
257.496: Total time for which application threads were stopped: 0.0043117 seconds, Stopping threads took: 0.0000252 seconds
257.559: [GC (Allocation Failure)  685006K->366758K(1034752K), 0.0050865 secs]
257.564: Total time for which application threads were stopped: 0.0052257 seconds, Stopping threads took: 0.0000152 seconds
257.629: [GC (Allocation Failure)  688294K->371496K(1034752K), 0.0042967 secs]
257.634: Total time for which application threads were stopped: 0.0044277 seconds, Stopping threads took: 0.0000189 seconds
257.696: [GC (Allocation Failure)  693032K->371496K(1034752K), 0.0042973 secs]
257.700: Total time for which application threads were stopped: 0.0044436 seconds, Stopping threads took: 0.0000176 seconds
257.763: [GC (Allocation Failure)  693032K->371944K(1034752K), 0.0042842 secs]
257.767: Total time for which application threads were stopped: 0.0044304 seconds, Stopping threads took: 0.0000180 seconds
257.832: [GC (Allocation Failure)  693480K->379531K(1034752K), 0.0050495 secs]
257.837: Total time for which application threads were stopped: 0.0051963 seconds, Stopping threads took: 0.0000260 seconds
257.903: [GC (Allocation Failure)  701067K->379531K(1034752K), 0.0043826 secs]
257.907: Total time for which application threads were stopped: 0.0045339 seconds, Stopping threads took: 0.0000207 seconds
257.971: [GC (Allocation Failure)  701067K->381195K(1034752K), 0.0044840 secs]
257.975: Total time for which application threads were stopped: 0.0046174 seconds, Stopping threads took: 0.0000189 seconds
258.037: [GC (Allocation Failure)  702731K->387629K(1034752K), 0.0043278 secs]
258.042: Total time for which application threads were stopped: 0.0044707 seconds, Stopping threads took: 0.0000176 seconds
258.106: [GC (Allocation Failure)  709165K->387597K(1034752K), 0.0044121 secs]
258.110: Total time for which application threads were stopped: 0.0045429 seconds, Stopping threads took: 0.0000184 seconds
258.171: [GC (Allocation Failure)  709133K->390445K(1034752K), 0.0049306 secs]
258.175: Total time for which application threads were stopped: 0.0050655 seconds, Stopping threads took: 0.0000183 seconds
258.241: [GC (Allocation Failure)  711981K->395695K(1034752K), 0.0043476 secs]
258.245: Total time for which application threads were stopped: 0.0044685 seconds, Stopping threads took: 0.0000155 seconds
258.309: [GC (Allocation Failure)  717231K->395631K(1034752K), 0.0045144 secs]
258.314: Total time for which application threads were stopped: 0.0046612 seconds, Stopping threads took: 0.0000256 seconds
258.375: [GC (Allocation Failure)  717167K->399687K(1035264K), 0.0054031 secs]
258.380: Total time for which application threads were stopped: 0.0055570 seconds, Stopping threads took: 0.0000242 seconds
258.444: [GC (Allocation Failure)  721735K->403690K(1034752K), 0.0042704 secs]
258.448: Total time for which application threads were stopped: 0.0044047 seconds, Stopping threads took: 0.0000255 seconds
258.513: [GC (Allocation Failure)  725738K->403626K(1035264K), 0.0043462 secs]
258.517: Total time for which application threads were stopped: 0.0044799 seconds, Stopping threads took: 0.0000186 seconds
258.580: [GC (Allocation Failure)  726186K->406890K(1035264K), 0.0050798 secs]
258.585: Total time for which application threads were stopped: 0.0052380 seconds, Stopping threads took: 0.0000186 seconds
258.648: [GC (Allocation Failure)  729450K->411660K(1035264K), 0.0064556 secs]
258.655: Total time for which application threads were stopped: 0.0065851 seconds, Stopping threads took: 0.0000182 seconds
258.720: [GC (Allocation Failure)  734220K->411692K(1035264K), 0.0044453 secs]
258.724: Total time for which application threads were stopped: 0.0046122 seconds, Stopping threads took: 0.0000206 seconds
258.787: [GC (Allocation Failure)  734252K->415172K(1035264K), 0.0053298 secs]
258.792: Total time for which application threads were stopped: 0.0054909 seconds, Stopping threads took: 0.0000280 seconds
258.860: [GC (Allocation Failure)  737732K->419686K(1035264K), 0.0044450 secs]
258.865: Total time for which application threads were stopped: 0.0046068 seconds, Stopping threads took: 0.0000197 seconds
258.933: [GC (Allocation Failure)  742246K->419686K(1035264K), 0.0042674 secs]
258.937: Total time for which application threads were stopped: 0.0044319 seconds, Stopping threads took: 0.0000200 seconds
259.004: [GC (Allocation Failure)  742246K->423406K(1035264K), 0.0051553 secs]
259.009: Total time for which application threads were stopped: 0.0053293 seconds, Stopping threads took: 0.0000275 seconds
259.078: [GC (Allocation Failure)  745966K->427856K(1034752K), 0.0045840 secs]
259.083: Total time for which application threads were stopped: 0.0047503 seconds, Stopping threads took: 0.0000181 seconds
259.148: [GC (Allocation Failure)  750416K->427728K(1035264K), 0.0045630 secs]
259.153: Total time for which application threads were stopped: 0.0047062 seconds, Stopping threads took: 0.0000204 seconds
259.216: [GC (Allocation Failure)  750288K->431624K(1035776K), 0.0052344 secs]
259.221: Total time for which application threads were stopped: 0.0053792 seconds, Stopping threads took: 0.0000196 seconds
259.283: [GC (Allocation Failure)  755208K->435819K(1035776K), 0.0043305 secs]
259.287: Total time for which application threads were stopped: 0.0044791 seconds, Stopping threads took: 0.0000189 seconds
259.353: [GC (Allocation Failure)  759403K->435723K(1035776K), 0.0042014 secs]
259.357: Total time for which application threads were stopped: 0.0043180 seconds, Stopping threads took: 0.0000152 seconds
259.421: [GC (Allocation Failure)  759307K->434856K(1035776K), 0.0043132 secs]
259.425: Total time for which application threads were stopped: 0.0044647 seconds, Stopping threads took: 0.0000242 seconds
259.491: [GC (Allocation Failure)  758440K->435787K(1036288K), 0.0043797 secs]
259.495: Total time for which application threads were stopped: 0.0045314 seconds, Stopping threads took: 0.0000264 seconds
259.560: [GC (Allocation Failure)  760395K->435755K(1036288K), 0.0043018 secs]
259.564: Total time for which application threads were stopped: 0.0044309 seconds, Stopping threads took: 0.0000184 seconds
259.626: [GC (Allocation Failure)  760363K->427912K(1035264K), 0.0013797 secs]
259.627: Total time for which application threads were stopped: 0.0015238 seconds, Stopping threads took: 0.0000239 seconds
259.690: [GC (Allocation Failure)  751496K->435987K(1035776K), 0.0044017 secs]
259.695: Total time for which application threads were stopped: 0.0045445 seconds, Stopping threads took: 0.0000239 seconds
259.759: [GC (Allocation Failure)  759571K->439899K(1035776K), 0.0057310 secs]
259.764: Total time for which application threads were stopped: 0.0058766 seconds, Stopping threads took: 0.0000251 seconds
259.827: [GC (Allocation Failure)  763483K->435992K(1035776K), 0.0034419 secs]
259.831: Total time for which application threads were stopped: 0.0035572 seconds, Stopping threads took: 0.0000173 seconds
259.899: [GC (Allocation Failure)  759576K->440059K(1036288K), 0.0046402 secs]
259.904: Total time for which application threads were stopped: 0.0048153 seconds, Stopping threads took: 0.0000196 seconds
259.972: [GC (Allocation Failure)  764155K->444027K(1035776K), 0.0044061 secs]
259.976: Total time for which application threads were stopped: 0.0046059 seconds, Stopping threads took: 0.0000250 seconds
260.040: [GC (Allocation Failure)  768123K->444059K(1035776K), 0.0046548 secs]
260.045: Total time for which application threads were stopped: 0.0048046 seconds, Stopping threads took: 0.0000205 seconds
260.109: [GC (Allocation Failure)  767643K->444091K(1023488K), 0.0044634 secs]
260.113: Total time for which application threads were stopped: 0.0045931 seconds, Stopping threads took: 0.0000180 seconds
260.176: [GC (Allocation Failure)  767675K->452093K(1035264K), 0.0044464 secs]
260.181: Total time for which application threads were stopped: 0.0045836 seconds, Stopping threads took: 0.0000262 seconds
260.245: [GC (Allocation Failure)  774653K->452061K(1035264K), 0.0044428 secs]
260.250: Total time for which application threads were stopped: 0.0045705 seconds, Stopping threads took: 0.0000183 seconds
260.312: [GC (Allocation Failure)  774621K->452133K(1034240K), 0.0045944 secs]
260.317: Total time for which application threads were stopped: 0.0047252 seconds, Stopping threads took: 0.0000178 seconds
260.380: [GC (Allocation Failure)  773669K->460103K(1034752K), 0.0044782 secs]
260.385: Total time for which application threads were stopped: 0.0046230 seconds, Stopping threads took: 0.0000184 seconds
260.449: [GC (Allocation Failure)  781639K->460103K(1034752K), 0.0042906 secs]
260.453: Total time for which application threads were stopped: 0.0044283 seconds, Stopping threads took: 0.0000266 seconds
260.516: [GC (Allocation Failure)  781639K->460359K(1021440K), 0.0044515 secs]
260.521: Total time for which application threads were stopped: 0.0046026 seconds, Stopping threads took: 0.0000193 seconds
260.586: [GC (Allocation Failure)  781895K->468137K(1034240K), 0.0045949 secs]
260.591: Total time for which application threads were stopped: 0.0047417 seconds, Stopping threads took: 0.0000195 seconds
260.655: [GC (Allocation Failure)  788649K->468137K(1034240K), 0.0044156 secs]
260.659: Total time for which application threads were stopped: 0.0045501 seconds, Stopping threads took: 0.0000192 seconds
260.723: [GC (Allocation Failure)  788649K->468585K(1034240K), 0.0045193 secs]
260.727: Total time for which application threads were stopped: 0.0046597 seconds, Stopping threads took: 0.0000242 seconds
260.792: [GC (Allocation Failure)  789097K->476204K(1034240K), 0.0045069 secs]
260.796: Total time for which application threads were stopped: 0.0046366 seconds, Stopping threads took: 0.0000181 seconds
260.864: [GC (Allocation Failure)  796716K->476140K(1034240K), 0.0047337 secs]
260.869: Total time for which application threads were stopped: 0.0048951 seconds, Stopping threads took: 0.0000197 seconds
260.936: [GC (Allocation Failure)  796652K->476300K(1020416K), 0.0046529 secs]
260.940: Total time for which application threads were stopped: 0.0048079 seconds, Stopping threads took: 0.0000198 seconds
261.006: [GC (Allocation Failure)  796812K->484206K(1033728K), 0.0045577 secs]
261.011: Total time for which application threads were stopped: 0.0046984 seconds, Stopping threads took: 0.0000259 seconds
261.074: [GC (Allocation Failure)  803694K->484206K(1033728K), 0.0044463 secs]
261.078: Total time for which application threads were stopped: 0.0045897 seconds, Stopping threads took: 0.0000190 seconds
261.141: [GC (Allocation Failure)  803694K->484270K(1033728K), 0.0045119 secs]
261.146: Total time for which application threads were stopped: 0.0046456 seconds, Stopping threads took: 0.0000186 seconds
261.208: [GC (Allocation Failure)  803758K->492240K(1033728K), 0.0044358 secs]
261.213: Total time for which application threads were stopped: 0.0045721 seconds, Stopping threads took: 0.0000191 seconds
261.275: [GC (Allocation Failure)  811728K->492240K(1033728K), 0.0044919 secs]
261.279: Total time for which application threads were stopped: 0.0046569 seconds, Stopping threads took: 0.0000185 seconds
261.343: [GC (Allocation Failure)  811728K->492488K(1033728K), 0.0045955 secs]
261.348: Total time for which application threads were stopped: 0.0047456 seconds, Stopping threads took: 0.0000205 seconds
261.411: [GC (Allocation Failure)  811976K->500298K(1032704K), 0.0045273 secs]
261.416: Total time for which application threads were stopped: 0.0046754 seconds, Stopping threads took: 0.0000243 seconds
261.479: [GC (Allocation Failure)  818762K->496360K(1033216K), 0.0035856 secs]
261.482: Total time for which application threads were stopped: 0.0037217 seconds, Stopping threads took: 0.0000193 seconds
261.545: [GC (Allocation Failure)  814824K->500426K(1034752K), 0.0046838 secs]
261.550: Total time for which application threads were stopped: 0.0048198 seconds, Stopping threads took: 0.0000190 seconds
261.614: [GC (Allocation Failure)  821450K->504394K(1034240K), 0.0046172 secs]
261.619: Total time for which application threads were stopped: 0.0047487 seconds, Stopping threads took: 0.0000181 seconds
261.682: [GC (Allocation Failure)  825418K->497640K(1034752K), 0.0021427 secs]
261.684: Total time for which application threads were stopped: 0.0022948 seconds, Stopping threads took: 0.0000241 seconds
261.749: [GC (Allocation Failure)  819176K->504458K(1034752K), 0.0045732 secs]
261.753: Total time for which application threads were stopped: 0.0047047 seconds, Stopping threads took: 0.0000183 seconds
261.815: [GC (Allocation Failure)  825994K->508530K(1034752K), 0.0101539 secs]
261.825: Total time for which application threads were stopped: 0.0103215 seconds, Stopping threads took: 0.0000180 seconds
261.890: [GC (Allocation Failure)  830066K->502960K(1034752K), 0.0033837 secs]
261.893: Total time for which application threads were stopped: 0.0035162 seconds, Stopping threads took: 0.0000169 seconds
261.962: [GC (Allocation Failure)  824496K->508802K(1035776K), 0.0045817 secs]
261.967: Total time for which application threads were stopped: 0.0047435 seconds, Stopping threads took: 0.0000255 seconds
262.035: [GC (Allocation Failure)  831362K->512706K(1034752K), 0.0050046 secs]
262.040: Total time for which application threads were stopped: 0.0051881 seconds, Stopping threads took: 0.0000196 seconds
262.103: [GC (Allocation Failure)  835195K->508768K(1035776K), 0.0036973 secs]
262.107: Total time for which application threads were stopped: 0.0038534 seconds, Stopping threads took: 0.0000193 seconds
262.174: [GC (Allocation Failure)  831840K->512842K(1035264K), 0.0047689 secs]
262.179: Total time for which application threads were stopped: 0.0048904 seconds, Stopping threads took: 0.0000157 seconds
262.244: [GC (Allocation Failure)  835914K->516810K(1035264K), 0.0047496 secs]
262.249: Total time for which application threads were stopped: 0.0048834 seconds, Stopping threads took: 0.0000194 seconds
262.315: [GC (Allocation Failure)  840394K->516810K(1035776K), 0.0045437 secs]
262.320: Total time for which application threads were stopped: 0.0046939 seconds, Stopping threads took: 0.0000184 seconds
262.384: [GC (Allocation Failure)  840394K->516874K(1034752K), 0.0046683 secs]
262.389: Total time for which application threads were stopped: 0.0048031 seconds, Stopping threads took: 0.0000188 seconds
262.454: [GC (Allocation Failure)  839434K->524845K(1035264K), 0.0042820 secs]
262.459: Total time for which application threads were stopped: 0.0044203 seconds, Stopping threads took: 0.0000250 seconds
262.522: [GC (Allocation Failure)  847405K->524845K(1034240K), 0.0046119 secs]
262.527: Total time for which application threads were stopped: 0.0047586 seconds, Stopping threads took: 0.0000269 seconds
262.590: [GC (Allocation Failure)  846381K->524909K(1034752K), 0.0046431 secs]
262.595: Total time for which application threads were stopped: 0.0047756 seconds, Stopping threads took: 0.0000188 seconds
262.659: [GC (Allocation Failure)  846445K->532879K(1034752K), 0.0043994 secs]
262.663: Total time for which application threads were stopped: 0.0045442 seconds, Stopping threads took: 0.0000272 seconds
262.728: [GC (Allocation Failure)  854415K->532879K(1029120K), 0.0044027 secs]
262.732: Total time for which application threads were stopped: 0.0045363 seconds, Stopping threads took: 0.0000192 seconds
262.795: [GC (Allocation Failure)  854415K->533127K(1034240K), 0.0047367 secs]
262.800: Total time for which application threads were stopped: 0.0048696 seconds, Stopping threads took: 0.0000192 seconds
262.867: [GC (Allocation Failure)  853639K->540937K(1034240K), 0.0046573 secs]
262.871: Total time for which application threads were stopped: 0.0048288 seconds, Stopping threads took: 0.0000192 seconds
262.938: [GC (Allocation Failure)  861449K->540905K(1034240K), 0.0048557 secs]
262.943: Total time for which application threads were stopped: 0.0050190 seconds, Stopping threads took: 0.0000218 seconds
263.007: [GC (Allocation Failure)  861417K->541353K(1034240K), 0.0046079 secs]
263.012: Total time for which application threads were stopped: 0.0047515 seconds, Stopping threads took: 0.0000266 seconds
263.077: [GC (Allocation Failure)  861865K->548939K(1033216K), 0.0045851 secs]
263.081: Total time for which application threads were stopped: 0.0047191 seconds, Stopping threads took: 0.0000189 seconds
263.144: [GC (Allocation Failure)  868427K->548939K(1033728K), 0.0044766 secs]
263.148: Total time for which application threads were stopped: 0.0046114 seconds, Stopping threads took: 0.0000179 seconds
263.209: [GC (Allocation Failure)  868427K->549091K(1033728K), 0.0047149 secs]
263.213: Total time for which application threads were stopped: 0.0048555 seconds, Stopping threads took: 0.0000181 seconds
263.276: [GC (Allocation Failure)  868579K->556934K(1033728K), 0.0046087 secs]
263.281: Total time for which application threads were stopped: 0.0047669 seconds, Stopping threads took: 0.0000237 seconds
263.344: [GC (Allocation Failure)  876422K->556998K(1033728K), 0.0046447 secs]
263.349: Total time for which application threads were stopped: 0.0048007 seconds, Stopping threads took: 0.0000211 seconds
263.412: [GC (Allocation Failure)  876486K->557038K(1033728K), 0.0046648 secs]
263.417: Total time for which application threads were stopped: 0.0048286 seconds, Stopping threads took: 0.0000331 seconds
263.482: [GC (Allocation Failure)  876526K->565008K(1032704K), 0.0066119 secs]
263.489: Total time for which application threads were stopped: 0.0067463 seconds, Stopping threads took: 0.0000244 seconds
263.552: [GC (Allocation Failure)  883472K->559438K(1033216K), 0.0027091 secs]
263.555: Total time for which application threads were stopped: 0.0028635 seconds, Stopping threads took: 0.0000259 seconds
263.617: [GC (Allocation Failure)  877902K->565264K(1034752K), 0.0046362 secs]
263.622: Total time for which application threads were stopped: 0.0047998 seconds, Stopping threads took: 0.0000232 seconds
263.685: [GC (Allocation Failure)  885776K->569184K(1033728K), 0.0050781 secs]
263.690: Total time for which application threads were stopped: 0.0051934 seconds, Stopping threads took: 0.0000179 seconds
263.755: [GC (Allocation Failure)  889696K->576046K(1029120K), 0.0077521 secs]
263.762: Total time for which application threads were stopped: 0.0078812 seconds, Stopping threads took: 0.0000165 seconds
263.828: [GC (Allocation Failure)  891438K->569968K(1031680K), 0.0056996 secs]
263.833: Total time for which application threads were stopped: 0.0058590 seconds, Stopping threads took: 0.0000166 seconds
263.897: [GC (Allocation Failure)  885360K->569776K(1032704K), 0.0046833 secs]
263.902: Total time for which application threads were stopped: 0.0048280 seconds, Stopping threads took: 0.0000195 seconds
263.962: [GC (Allocation Failure)  886704K->573192K(1032192K), 0.0053111 secs]
263.967: Total time for which application threads were stopped: 0.0054489 seconds, Stopping threads took: 0.0000262 seconds
264.030: [GC (Allocation Failure)  890120K->577930K(1033216K), 0.0046133 secs]
264.035: Total time for which application threads were stopped: 0.0047625 seconds, Stopping threads took: 0.0000185 seconds
264.099: [GC (Allocation Failure)  895882K->577834K(1032704K), 0.0046330 secs]
264.103: Total time for which application threads were stopped: 0.0047805 seconds, Stopping threads took: 0.0000241 seconds
264.167: [GC (Allocation Failure)  895786K->578826K(1033216K), 0.0047657 secs]
264.172: Total time for which application threads were stopped: 0.0049154 seconds, Stopping threads took: 0.0000182 seconds
264.237: [GC (Allocation Failure)  897290K->585869K(1033216K), 0.0048373 secs]
264.242: Total time for which application threads were stopped: 0.0049605 seconds, Stopping threads took: 0.0000158 seconds
264.306: [GC (Allocation Failure)  904333K->585837K(1033728K), 0.0046889 secs]
264.310: Total time for which application threads were stopped: 0.0048322 seconds, Stopping threads took: 0.0000179 seconds
264.374: [GC (Allocation Failure)  904813K->587525K(1033216K), 0.0049864 secs]
264.379: Total time for which application threads were stopped: 0.0051168 seconds, Stopping threads took: 0.0000183 seconds
264.442: [GC (Allocation Failure)  906501K->593927K(1033728K), 0.0046845 secs]
264.447: Total time for which application threads were stopped: 0.0048149 seconds, Stopping threads took: 0.0000178 seconds
264.510: [GC (Allocation Failure)  913415K->593863K(1033728K), 0.0048016 secs]
264.515: Total time for which application threads were stopped: 0.0049451 seconds, Stopping threads took: 0.0000179 seconds
264.577: [GC (Allocation Failure)  913351K->594215K(1033728K), 0.0048398 secs]
264.582: Total time for which application threads were stopped: 0.0049966 seconds, Stopping threads took: 0.0000206 seconds
264.646: [GC (Allocation Failure)  913703K->601929K(1033728K), 0.0048117 secs]
264.651: Total time for which application threads were stopped: 0.0049448 seconds, Stopping threads took: 0.0000152 seconds
264.716: [GC (Allocation Failure)  921417K->601897K(1033728K), 0.0046649 secs]
264.720: Total time for which application threads were stopped: 0.0047973 seconds, Stopping threads took: 0.0000165 seconds
264.784: [GC (Allocation Failure)  921385K->605513K(1033728K), 0.0055184 secs]
264.789: Total time for which application threads were stopped: 0.0056719 seconds, Stopping threads took: 0.0000240 seconds
264.857: [GC (Allocation Failure)  925001K->610027K(1034240K), 0.0049740 secs]
264.862: Total time for which application threads were stopped: 0.0051317 seconds, Stopping threads took: 0.0000166 seconds
264.929: [GC (Allocation Failure)  930539K->609931K(1034240K), 0.0049409 secs]
264.934: Total time for which application threads were stopped: 0.0051015 seconds, Stopping threads took: 0.0000200 seconds
265.001: [GC (Allocation Failure)  930443K->610659K(1034240K), 0.0050166 secs]
265.006: Total time for which application threads were stopped: 0.0051898 seconds, Stopping threads took: 0.0000280 seconds
265.073: [GC (Allocation Failure)  931171K->617990K(1034240K), 0.0048776 secs]
265.078: Total time for which application threads were stopped: 0.0050672 seconds, Stopping threads took: 0.0000206 seconds
265.145: [GC (Allocation Failure)  938502K->617958K(1034240K), 0.0047421 secs]
265.150: Total time for which application threads were stopped: 0.0049132 seconds, Stopping threads took: 0.0000196 seconds
265.218: [GC (Allocation Failure)  938470K->618894K(1034240K), 0.0050150 secs]
265.223: Total time for which application threads were stopped: 0.0051683 seconds, Stopping threads took: 0.0000197 seconds
265.289: [GC (Allocation Failure)  939406K->626000K(1034240K), 0.0049999 secs]
265.294: Total time for which application threads were stopped: 0.0051639 seconds, Stopping threads took: 0.0000194 seconds
265.359: [GC (Allocation Failure)  946512K->626000K(1034240K), 0.0048594 secs]
265.364: Total time for which application threads were stopped: 0.0049969 seconds, Stopping threads took: 0.0000188 seconds
265.427: [GC (Allocation Failure)  946512K->627144K(1034240K), 0.0049545 secs]
265.432: Total time for which application threads were stopped: 0.0050940 seconds, Stopping threads took: 0.0000194 seconds
265.497: [GC (Allocation Failure)  947656K->634026K(1034240K), 0.0049376 secs]
265.502: Total time for which application threads were stopped: 0.0050699 seconds, Stopping threads took: 0.0000178 seconds
265.566: [GC (Allocation Failure)  954538K->634026K(1034240K), 0.0048972 secs]
265.571: Total time for which application threads were stopped: 0.0050335 seconds, Stopping threads took: 0.0000197 seconds
265.634: [GC (Allocation Failure)  954538K->634378K(1020416K), 0.0049065 secs]
265.639: Total time for which application threads were stopped: 0.0050565 seconds, Stopping threads took: 0.0000181 seconds
265.704: [GC (Allocation Failure)  954890K->642124K(1033728K), 0.0049057 secs]
265.709: Total time for which application threads were stopped: 0.0050480 seconds, Stopping threads took: 0.0000175 seconds
265.771: [GC (Allocation Failure)  961612K->642060K(1033728K), 0.0048339 secs]
265.776: Total time for which application threads were stopped: 0.0049954 seconds, Stopping threads took: 0.0000240 seconds
265.841: [GC (Allocation Failure)  961548K->642564K(1033728K), 0.0061888 secs]
265.847: Total time for which application threads were stopped: 0.0063475 seconds, Stopping threads took: 0.0000179 seconds
265.913: [GC (Allocation Failure)  962052K->650151K(1033728K), 0.0048934 secs]
265.918: Total time for which application threads were stopped: 0.0050383 seconds, Stopping threads took: 0.0000197 seconds
265.984: [GC (Allocation Failure)  969639K->650119K(1033728K), 0.0047486 secs]
265.989: Total time for which application threads were stopped: 0.0048902 seconds, Stopping threads took: 0.0000261 seconds
266.051: [GC (Allocation Failure)  969607K->650823K(1033728K), 0.0048372 secs]
266.056: Total time for which application threads were stopped: 0.0049865 seconds, Stopping threads took: 0.0000188 seconds
266.121: [GC (Allocation Failure)  970311K->658153K(1033728K), 0.0056977 secs]
266.127: Total time for which application threads were stopped: 0.0058273 seconds, Stopping threads took: 0.0000182 seconds
266.191: [GC (Allocation Failure)  977641K->658121K(1033728K), 0.0049482 secs]
266.196: Total time for which application threads were stopped: 0.0050964 seconds, Stopping threads took: 0.0000186 seconds
266.259: [GC (Allocation Failure)  977609K->660137K(1033728K), 0.0052650 secs]
266.264: Total time for which application threads were stopped: 0.0054010 seconds, Stopping threads took: 0.0000194 seconds
266.328: [GC (Allocation Failure)  979625K->666155K(1033728K), 0.0049018 secs]
266.333: Total time for which application threads were stopped: 0.0050443 seconds, Stopping threads took: 0.0000195 seconds
266.397: [GC (Allocation Failure)  985643K->666155K(1033728K), 0.0047973 secs]
266.402: Total time for which application threads were stopped: 0.0049319 seconds, Stopping threads took: 0.0000186 seconds
266.464: [GC (Allocation Failure)  985643K->667307K(1033728K), 0.0050347 secs]
266.469: Total time for which application threads were stopped: 0.0051712 seconds, Stopping threads took: 0.0000187 seconds
266.532: [GC (Allocation Failure)  986795K->674221K(1033728K), 0.0049222 secs]
266.537: Total time for which application threads were stopped: 0.0050682 seconds, Stopping threads took: 0.0000264 seconds
266.602: [GC (Allocation Failure)  993709K->674221K(1033728K), 0.0048108 secs]
266.607: Total time for which application threads were stopped: 0.0049538 seconds, Stopping threads took: 0.0000183 seconds
266.668: [GC (Allocation Failure)  993709K->674541K(1033728K), 0.0048243 secs]
266.673: Total time for which application threads were stopped: 0.0049527 seconds, Stopping threads took: 0.0000176 seconds
266.736: [GC (Allocation Failure)  994029K->682256K(1033728K), 0.0049187 secs]
266.741: Total time for which application threads were stopped: 0.0050647 seconds, Stopping threads took: 0.0000274 seconds
266.804: [GC (Allocation Failure)  1001744K->682224K(1033728K), 0.0049902 secs]
266.809: Total time for which application threads were stopped: 0.0051373 seconds, Stopping threads took: 0.0000241 seconds
266.874: [GC (Allocation Failure)  1001712K->682760K(1033728K), 0.0051350 secs]
266.879: [Full GC (Ergonomics)  682760K->8996K(1033728K), 0.0132194 secs]
266.893: Total time for which application threads were stopped: 0.0185912 seconds, Stopping threads took: 0.0000185 seconds
266.961: [GC (Allocation Failure)  328484K->17126K(1033728K), 0.0036191 secs]
266.964: Total time for which application threads were stopped: 0.0037669 seconds, Stopping threads took: 0.0000251 seconds
267.028: [GC (Allocation Failure)  336614K->17094K(1033728K), 0.0035446 secs]
267.031: Total time for which application threads were stopped: 0.0036948 seconds, Stopping threads took: 0.0000246 seconds
267.095: [GC (Allocation Failure)  336582K->17830K(1033728K), 0.0037722 secs]
267.099: Total time for which application threads were stopped: 0.0039022 seconds, Stopping threads took: 0.0000156 seconds
267.162: [GC (Allocation Failure)  337318K->25160K(1033728K), 0.0034091 secs]
267.166: Total time for which application threads were stopped: 0.0035374 seconds, Stopping threads took: 0.0000183 seconds
267.231: [GC (Allocation Failure)  344648K->25160K(1033728K), 0.0036472 secs]
267.235: Total time for which application threads were stopped: 0.0037968 seconds, Stopping threads took: 0.0000192 seconds
267.297: [GC (Allocation Failure)  344648K->26056K(1033728K), 0.0036388 secs]
267.301: Total time for which application threads were stopped: 0.0037843 seconds, Stopping threads took: 0.0000278 seconds
267.366: [GC (Allocation Failure)  345544K->33194K(1033728K), 0.0036697 secs]
267.369: Total time for which application threads were stopped: 0.0038047 seconds, Stopping threads took: 0.0000196 seconds
267.434: [GC (Allocation Failure)  352682K->33162K(1033728K), 0.0064735 secs]
267.440: Total time for which application threads were stopped: 0.0066007 seconds, Stopping threads took: 0.0000185 seconds
267.502: [GC (Allocation Failure)  352650K->33290K(1033728K), 0.0036571 secs]
267.506: Total time for which application threads were stopped: 0.0038056 seconds, Stopping threads took: 0.0000267 seconds
267.570: [GC (Allocation Failure)  352778K->41229K(1027072K), 0.0034380 secs]
267.573: Total time for which application threads were stopped: 0.0035844 seconds, Stopping threads took: 0.0000179 seconds
267.636: [GC (Allocation Failure)  360717K->41229K(1033216K), 0.0036000 secs]
267.639: Total time for which application threads were stopped: 0.0037333 seconds, Stopping threads took: 0.0000187 seconds
267.704: [GC (Allocation Failure)  359693K->41509K(1033216K), 0.0038406 secs]
267.708: Total time for which application threads were stopped: 0.0039726 seconds, Stopping threads took: 0.0000182 seconds
267.772: [GC (Allocation Failure)  359973K->49223K(1033216K), 0.0037147 secs]
267.776: Total time for which application threads were stopped: 0.0038686 seconds, Stopping threads took: 0.0000231 seconds
267.839: [GC (Allocation Failure)  367687K->49191K(1033216K), 0.0051343 secs]
267.844: Total time for which application threads were stopped: 0.0053041 seconds, Stopping threads took: 0.0000284 seconds
267.907: [GC (Allocation Failure)  367655K->49767K(1033216K), 0.0038017 secs]
267.911: Total time for which application threads were stopped: 0.0039873 seconds, Stopping threads took: 0.0000197 seconds
267.977: [GC (Allocation Failure)  368231K->57289K(1033216K), 0.0039717 secs]
267.981: Total time for which application threads were stopped: 0.0041176 seconds, Stopping threads took: 0.0000169 seconds
268.044: [GC (Allocation Failure)  375753K->57257K(1033216K), 0.0035732 secs]
268.048: Total time for which application threads were stopped: 0.0037016 seconds, Stopping threads took: 0.0000192 seconds
268.111: [GC (Allocation Failure)  375721K->57449K(1033216K), 0.0037423 secs]
268.115: Total time for which application threads were stopped: 0.0038557 seconds, Stopping threads took: 0.0000147 seconds
268.179: [GC (Allocation Failure)  375913K->65323K(1033216K), 0.0036918 secs]
268.183: Total time for which application threads were stopped: 0.0038445 seconds, Stopping threads took: 0.0000226 seconds
268.246: [GC (Allocation Failure)  383787K->65291K(1033216K), 0.0036040 secs]
268.250: Total time for which application threads were stopped: 0.0037492 seconds, Stopping threads took: 0.0000237 seconds
268.312: [GC (Allocation Failure)  383755K->65451K(1033216K), 0.0036215 secs]
268.316: Total time for which application threads were stopped: 0.0037502 seconds, Stopping threads took: 0.0000191 seconds
268.379: [GC (Allocation Failure)  383915K->73326K(1033216K), 0.0036554 secs]
268.383: Total time for which application threads were stopped: 0.0037912 seconds, Stopping threads took: 0.0000254 seconds
268.444: [GC (Allocation Failure)  391790K->73358K(1033216K), 0.0035933 secs]
268.448: Total time for which application threads were stopped: 0.0037255 seconds, Stopping threads took: 0.0000191 seconds
268.509: [GC (Allocation Failure)  391822K->73390K(1033216K), 0.0036231 secs]
268.513: Total time for which application threads were stopped: 0.0037522 seconds, Stopping threads took: 0.0000245 seconds
268.577: [GC (Allocation Failure)  391854K->81424K(1033216K), 0.0036862 secs]
268.580: Total time for which application threads were stopped: 0.0038139 seconds, Stopping threads took: 0.0000181 seconds
268.644: [GC (Allocation Failure)  399888K->81392K(1033216K), 0.0035407 secs]
268.648: Total time for which application threads were stopped: 0.0036710 seconds, Stopping threads took: 0.0000185 seconds
268.708: [GC (Allocation Failure)  399856K->81672K(1033216K), 0.0036942 secs]
268.712: Total time for which application threads were stopped: 0.0038272 seconds, Stopping threads took: 0.0000180 seconds
268.775: [GC (Allocation Failure)  400136K->89386K(1033216K), 0.0036211 secs]
268.779: Total time for which application threads were stopped: 0.0037484 seconds, Stopping threads took: 0.0000170 seconds
268.847: [GC (Allocation Failure)  407850K->89418K(1033216K), 0.0037718 secs]
268.851: Total time for which application threads were stopped: 0.0039431 seconds, Stopping threads took: 0.0000168 seconds
268.915: [GC (Allocation Failure)  407882K->89634K(1033216K), 0.0042896 secs]
268.919: Total time for which application threads were stopped: 0.0044524 seconds, Stopping threads took: 0.0000195 seconds
268.984: [GC (Allocation Failure)  408098K->97413K(1033216K), 0.0038281 secs]
268.988: Total time for which application threads were stopped: 0.0039959 seconds, Stopping threads took: 0.0000291 seconds
269.049: [GC (Allocation Failure)  415877K->93506K(1033216K), 0.0028660 secs]
269.052: Total time for which application threads were stopped: 0.0030052 seconds, Stopping threads took: 0.0000193 seconds
269.117: [GC (Allocation Failure)  411970K->97581K(1034240K), 0.0038732 secs]
269.121: Total time for which application threads were stopped: 0.0040215 seconds, Stopping threads took: 0.0000193 seconds
269.184: [GC (Allocation Failure)  417581K->101549K(1033728K), 0.0036099 secs]
269.188: Total time for which application threads were stopped: 0.0037565 seconds, Stopping threads took: 0.0000226 seconds
269.249: [GC (Allocation Failure)  421549K->109066K(1029120K), 0.0073040 secs]
269.257: Total time for which application threads were stopped: 0.0074487 seconds, Stopping threads took: 0.0000188 seconds
269.320: [GC (Allocation Failure)  424458K->102829K(1031680K), 0.0039226 secs]
269.324: Total time for which application threads were stopped: 0.0040604 seconds, Stopping threads took: 0.0000176 seconds
269.384: [GC (Allocation Failure)  418221K->102829K(1032192K), 0.0038919 secs]
269.388: Total time for which application threads were stopped: 0.0040358 seconds, Stopping threads took: 0.0000220 seconds
269.450: [GC (Allocation Failure)  418733K->105805K(1031680K), 0.0044031 secs]
269.454: Total time for which application threads were stopped: 0.0045388 seconds, Stopping threads took: 0.0000198 seconds
269.518: [GC (Allocation Failure)  421709K->110863K(1032704K), 0.0036276 secs]
269.521: Total time for which application threads were stopped: 0.0037575 seconds, Stopping threads took: 0.0000251 seconds
269.584: [GC (Allocation Failure)  428303K->110831K(1032704K), 0.0038336 secs]
269.587: Total time for which application threads were stopped: 0.0039711 seconds, Stopping threads took: 0.0000182 seconds
269.651: [GC (Allocation Failure)  428271K->113543K(1033216K), 0.0042375 secs]
269.656: Total time for which application threads were stopped: 0.0043765 seconds, Stopping threads took: 0.0000267 seconds
269.718: [GC (Allocation Failure)  432007K->118921K(1033216K), 0.0039143 secs]
269.722: Total time for which application threads were stopped: 0.0040508 seconds, Stopping threads took: 0.0000201 seconds
269.786: [GC (Allocation Failure)  437385K->118889K(1033728K), 0.0035655 secs]
269.790: Total time for which application threads were stopped: 0.0036992 seconds, Stopping threads took: 0.0000187 seconds
269.856: [GC (Allocation Failure)  438377K->122793K(1033728K), 0.0045735 secs]
269.860: Total time for which application threads were stopped: 0.0046993 seconds, Stopping threads took: 0.0000171 seconds
269.925: [GC (Allocation Failure)  442281K->127019K(1034240K), 0.0038776 secs]
269.929: Total time for which application threads were stopped: 0.0040073 seconds, Stopping threads took: 0.0000188 seconds
269.993: [GC (Allocation Failure)  447531K->126923K(1034240K), 0.0035702 secs]
269.996: Total time for which application threads were stopped: 0.0037117 seconds, Stopping threads took: 0.0000266 seconds
270.059: [GC (Allocation Failure)  447435K->127915K(1034240K), 0.0039048 secs]
270.062: Total time for which application threads were stopped: 0.0040571 seconds, Stopping threads took: 0.0000194 seconds
270.126: [GC (Allocation Failure)  448427K->134990K(1034240K), 0.0036942 secs]
270.130: Total time for which application threads were stopped: 0.0038236 seconds, Stopping threads took: 0.0000178 seconds
270.193: [GC (Allocation Failure)  455502K->134926K(1034240K), 0.0038010 secs]
270.197: Total time for which application threads were stopped: 0.0039404 seconds, Stopping threads took: 0.0000260 seconds
270.259: [GC (Allocation Failure)  455438K->138214K(1034240K), 0.0045691 secs]
270.264: Total time for which application threads were stopped: 0.0047104 seconds, Stopping threads took: 0.0000270 seconds
270.329: [GC (Allocation Failure)  458726K->142984K(1034752K), 0.0039173 secs]
270.333: Total time for which application threads were stopped: 0.0040504 seconds, Stopping threads took: 0.0000186 seconds
270.397: [GC (Allocation Failure)  464520K->142952K(1034752K), 0.0037632 secs]
270.401: Total time for which application threads were stopped: 0.0039094 seconds, Stopping threads took: 0.0000275 seconds
270.466: [GC (Allocation Failure)  464488K->146440K(1034752K), 0.0046371 secs]
270.471: Total time for which application threads were stopped: 0.0047879 seconds, Stopping threads took: 0.0000272 seconds
270.533: [GC (Allocation Failure)  467976K->150986K(1034752K), 0.0040150 secs]
270.537: Total time for which application threads were stopped: 0.0041632 seconds, Stopping threads took: 0.0000240 seconds
270.599: [GC (Allocation Failure)  472522K->150986K(1035264K), 0.0038405 secs]
270.603: Total time for which application threads were stopped: 0.0039920 seconds, Stopping threads took: 0.0000228 seconds
270.665: [GC (Allocation Failure)  473034K->152106K(1034752K), 0.0040044 secs]
270.669: Total time for which application threads were stopped: 0.0041622 seconds, Stopping threads took: 0.0000242 seconds
270.733: [GC (Allocation Failure)  474154K->159052K(1034752K), 0.0064657 secs]
270.740: Total time for which application threads were stopped: 0.0066141 seconds, Stopping threads took: 0.0000237 seconds
270.804: [GC (Allocation Failure)  480588K->159052K(1034752K), 0.0038547 secs]
270.808: Total time for which application threads were stopped: 0.0039922 seconds, Stopping threads took: 0.0000198 seconds
270.872: [GC (Allocation Failure)  480588K->161860K(1034752K), 0.0045510 secs]
270.877: Total time for which application threads were stopped: 0.0047145 seconds, Stopping threads took: 0.0000197 seconds
270.944: [GC (Allocation Failure)  483396K->167143K(1034752K), 0.0038958 secs]
270.948: Total time for which application threads were stopped: 0.0040272 seconds, Stopping threads took: 0.0000195 seconds
271.011: [GC (Allocation Failure)  488679K->167079K(1034752K), 0.0038502 secs]
271.015: Total time for which application threads were stopped: 0.0039815 seconds, Stopping threads took: 0.0000180 seconds
271.076: [GC (Allocation Failure)  488615K->171111K(1034752K), 0.0048187 secs]
271.081: Total time for which application threads were stopped: 0.0049661 seconds, Stopping threads took: 0.0000247 seconds
271.143: [GC (Allocation Failure)  492647K->175113K(1035264K), 0.0038839 secs]
271.147: Total time for which application threads were stopped: 0.0040541 seconds, Stopping threads took: 0.0000240 seconds
271.211: [GC (Allocation Failure)  497673K->175081K(1035264K), 0.0038410 secs]
271.215: Total time for which application threads were stopped: 0.0039984 seconds, Stopping threads took: 0.0000185 seconds
271.278: [GC (Allocation Failure)  497641K->178345K(1035264K), 0.0045115 secs]
271.283: Total time for which application threads were stopped: 0.0046603 seconds, Stopping threads took: 0.0000247 seconds
271.349: [GC (Allocation Failure)  500905K->183115K(1035264K), 0.0038381 secs]
271.353: Total time for which application threads were stopped: 0.0039795 seconds, Stopping threads took: 0.0000181 seconds
271.416: [GC (Allocation Failure)  505675K->183115K(1035264K), 0.0064123 secs]
271.422: Total time for which application threads were stopped: 0.0065537 seconds, Stopping threads took: 0.0000188 seconds
271.487: [GC (Allocation Failure)  505675K->186571K(1035264K), 0.0045699 secs]
271.492: Total time for which application threads were stopped: 0.0047067 seconds, Stopping threads took: 0.0000188 seconds
271.553: [GC (Allocation Failure)  509131K->191245K(1034752K), 0.0038431 secs]
271.557: Total time for which application threads were stopped: 0.0039721 seconds, Stopping threads took: 0.0000198 seconds
271.623: [GC (Allocation Failure)  513805K->191149K(1035264K), 0.0038259 secs]
271.627: Total time for which application threads were stopped: 0.0039672 seconds, Stopping threads took: 0.0000255 seconds
271.688: [GC (Allocation Failure)  513709K->194829K(1035776K), 0.0048416 secs]
271.693: Total time for which application threads were stopped: 0.0049769 seconds, Stopping threads took: 0.0000188 seconds
271.757: [GC (Allocation Failure)  518413K->199216K(1035776K), 0.0039455 secs]
271.761: Total time for which application threads were stopped: 0.0040880 seconds, Stopping threads took: 0.0000189 seconds
271.828: [GC (Allocation Failure)  522800K->199184K(1035776K), 0.0048685 secs]
271.833: Total time for which application threads were stopped: 0.0050847 seconds, Stopping threads took: 0.0000282 seconds
271.901: [GC (Allocation Failure)  522768K->202024K(1035776K), 0.0046086 secs]
271.906: Total time for which application threads were stopped: 0.0048182 seconds, Stopping threads took: 0.0000516 seconds
271.975: [GC (Allocation Failure)  525608K->207274K(1035776K), 0.0038630 secs]
271.979: Total time for which application threads were stopped: 0.0039999 seconds, Stopping threads took: 0.0000263 seconds
272.044: [GC (Allocation Failure)  530858K->207242K(1035776K), 0.0038955 secs]
272.048: Total time for which application threads were stopped: 0.0040307 seconds, Stopping threads took: 0.0000269 seconds
272.115: [GC (Allocation Failure)  530826K->205320K(1036288K), 0.0032815 secs]
272.118: Total time for which application threads were stopped: 0.0034089 seconds, Stopping threads took: 0.0000240 seconds
272.182: [GC (Allocation Failure)  529416K->207242K(1035776K), 0.0039705 secs]
272.186: Total time for which application threads were stopped: 0.0040992 seconds, Stopping threads took: 0.0000186 seconds
272.252: [GC (Allocation Failure)  531338K->207210K(1036288K), 0.0039879 secs]
272.256: Total time for which application threads were stopped: 0.0041374 seconds, Stopping threads took: 0.0000202 seconds
272.320: [GC (Allocation Failure)  531818K->214696K(1036288K), 0.0074874 secs]
272.328: Total time for which application threads were stopped: 0.0076221 seconds, Stopping threads took: 0.0000190 seconds
272.392: [GC (Allocation Failure)  539304K->210698K(1032192K), 0.0041536 secs]
272.396: Total time for which application threads were stopped: 0.0043009 seconds, Stopping threads took: 0.0000241 seconds
272.459: [GC (Allocation Failure)  531210K->210474K(1034240K), 0.0036824 secs]
272.463: Total time for which application threads were stopped: 0.0038168 seconds, Stopping threads took: 0.0000184 seconds
272.527: [GC (Allocation Failure)  530986K->203816K(1033728K), 0.0016378 secs]
272.529: Total time for which application threads were stopped: 0.0017551 seconds, Stopping threads took: 0.0000158 seconds
272.592: [GC (Allocation Failure)  524328K->210714K(1034240K), 0.0039708 secs]
272.596: Total time for which application threads were stopped: 0.0040975 seconds, Stopping threads took: 0.0000174 seconds
272.661: [GC (Allocation Failure)  531226K->214618K(1035264K), 0.0047077 secs]
272.666: Total time for which application threads were stopped: 0.0048558 seconds, Stopping threads took: 0.0000185 seconds
272.732: [GC (Allocation Failure)  536666K->207672K(1034752K), 0.0014747 secs]
272.733: Total time for which application threads were stopped: 0.0016168 seconds, Stopping threads took: 0.0000186 seconds
272.797: [GC (Allocation Failure)  529720K->214770K(1035264K), 0.0040458 secs]
272.801: Total time for which application threads were stopped: 0.0041776 seconds, Stopping threads took: 0.0000187 seconds
272.870: [GC (Allocation Failure)  536818K->218794K(1034752K), 0.0051670 secs]
272.875: Total time for which application threads were stopped: 0.0053153 seconds, Stopping threads took: 0.0000174 seconds
272.940: [GC (Allocation Failure)  540842K->214536K(1035264K), 0.0025205 secs]
272.943: Total time for which application threads were stopped: 0.0026529 seconds, Stopping threads took: 0.0000201 seconds
273.009: [GC (Allocation Failure)  537096K->218890K(1035264K), 0.0039993 secs]
273.013: Total time for which application threads were stopped: 0.0041531 seconds, Stopping threads took: 0.0000194 seconds
273.078: [GC (Allocation Failure)  541450K->222858K(1035776K), 0.0040305 secs]
273.082: Total time for which application threads were stopped: 0.0041883 seconds, Stopping threads took: 0.0000183 seconds
273.147: [GC (Allocation Failure)  546442K->222922K(1035776K), 0.0039327 secs]
273.151: Total time for which application threads were stopped: 0.0041106 seconds, Stopping threads took: 0.0000218 seconds
273.214: [GC (Allocation Failure)  546506K->222954K(1034752K), 0.0039130 secs]
273.218: Total time for which application threads were stopped: 0.0040424 seconds, Stopping threads took: 0.0000181 seconds
273.281: [GC (Allocation Failure)  545514K->230956K(1035264K), 0.0037942 secs]
273.285: Total time for which application threads were stopped: 0.0039248 seconds, Stopping threads took: 0.0000185 seconds
273.348: [GC (Allocation Failure)  553516K->230924K(1035264K), 0.0040100 secs]
273.352: Total time for which application threads were stopped: 0.0041545 seconds, Stopping threads took: 0.0000182 seconds
273.417: [GC (Allocation Failure)  553484K->231172K(1022464K), 0.0040345 secs]
273.421: Total time for which application threads were stopped: 0.0041526 seconds, Stopping threads took: 0.0000157 seconds
273.485: [GC (Allocation Failure)  553732K->238951K(1034752K), 0.0037922 secs]
273.489: Total time for which application threads were stopped: 0.0039313 seconds, Stopping threads took: 0.0000248 seconds
273.554: [GC (Allocation Failure)  560487K->238951K(1034752K), 0.0038130 secs]
273.558: Total time for which application threads were stopped: 0.0039446 seconds, Stopping threads took: 0.0000191 seconds
273.619: [GC (Allocation Failure)  560487K->239015K(1033728K), 0.0040810 secs]
273.623: Total time for which application threads were stopped: 0.0042336 seconds, Stopping threads took: 0.0000199 seconds
273.688: [GC (Allocation Failure)  559527K->246985K(1034240K), 0.0040251 secs]
273.692: Total time for which application threads were stopped: 0.0041625 seconds, Stopping threads took: 0.0000202 seconds
273.756: [GC (Allocation Failure)  567497K->246985K(1034240K), 0.0037922 secs]
273.760: Total time for which application threads were stopped: 0.0039305 seconds, Stopping threads took: 0.0000191 seconds
273.824: [GC (Allocation Failure)  567497K->247105K(1034240K), 0.0047869 secs]
273.829: Total time for which application threads were stopped: 0.0049211 seconds, Stopping threads took: 0.0000174 seconds
273.896: [GC (Allocation Failure)  567617K->255011K(1034240K), 0.0041139 secs]
273.901: Total time for which application threads were stopped: 0.0042602 seconds, Stopping threads took: 0.0000201 seconds
273.965: [GC (Allocation Failure)  575523K->255011K(1034240K), 0.0038687 secs]
273.969: Total time for which application threads were stopped: 0.0039940 seconds, Stopping threads took: 0.0000254 seconds
274.033: [GC (Allocation Failure)  575523K->255371K(1033216K), 0.0040092 secs]
274.037: Total time for which application threads were stopped: 0.0041442 seconds, Stopping threads took: 0.0000155 seconds
274.100: [GC (Allocation Failure)  574859K->263085K(1033728K), 0.0039724 secs]
274.104: Total time for which application threads were stopped: 0.0041053 seconds, Stopping threads took: 0.0000194 seconds
274.166: [GC (Allocation Failure)  582573K->263053K(1033728K), 0.0038876 secs]
274.170: Total time for which application threads were stopped: 0.0040327 seconds, Stopping threads took: 0.0000200 seconds
274.234: [GC (Allocation Failure)  582541K->263109K(1033728K), 0.0041251 secs]
274.238: Total time for which application threads were stopped: 0.0042532 seconds, Stopping threads took: 0.0000177 seconds
274.301: [GC (Allocation Failure)  582597K->271112K(1033728K), 0.0040837 secs]
274.305: Total time for which application threads were stopped: 0.0042347 seconds, Stopping threads took: 0.0000183 seconds
274.369: [GC (Allocation Failure)  590600K->267141K(1033728K), 0.0032162 secs]
274.373: Total time for which application threads were stopped: 0.0033465 seconds, Stopping threads took: 0.0000193 seconds
274.437: [GC (Allocation Failure)  586629K->271240K(1034752K), 0.0042069 secs]
274.441: Total time for which application threads were stopped: 0.0043457 seconds, Stopping threads took: 0.0000180 seconds
274.504: [GC (Allocation Failure)  592264K->275208K(1034240K), 0.0039230 secs]
274.508: Total time for which application threads were stopped: 0.0040637 seconds, Stopping threads took: 0.0000270 seconds
274.569: [GC (Allocation Failure)  596232K->269477K(1034752K), 0.0021111 secs]
274.571: Total time for which application threads were stopped: 0.0022425 seconds, Stopping threads took: 0.0000193 seconds
274.636: [GC (Allocation Failure)  591013K->275280K(1034752K), 0.0041480 secs]
274.640: Total time for which application threads were stopped: 0.0042908 seconds, Stopping threads took: 0.0000206 seconds
274.703: [GC (Allocation Failure)  596816K->279392K(1035264K), 0.0043094 secs]
274.708: Total time for which application threads were stopped: 0.0044436 seconds, Stopping threads took: 0.0000199 seconds
274.773: [GC (Allocation Failure)  601690K->275485K(1035264K), 0.0032212 secs]
274.776: Total time for which application threads were stopped: 0.0033734 seconds, Stopping threads took: 0.0000189 seconds
274.843: [GC (Allocation Failure)  598045K->279496K(1036288K), 0.0041530 secs]
274.847: Total time for which application threads were stopped: 0.0042955 seconds, Stopping threads took: 0.0000166 seconds
274.916: [GC (Allocation Failure)  603592K->283528K(1035776K), 0.0040035 secs]
274.920: Total time for which application threads were stopped: 0.0041619 seconds, Stopping threads took: 0.0000282 seconds
274.983: [GC (Allocation Failure)  607624K->283528K(1035776K), 0.0041039 secs]
274.987: Total time for which application threads were stopped: 0.0042272 seconds, Stopping threads took: 0.0000186 seconds
275.050: [GC (Allocation Failure)  607112K->283560K(1023488K), 0.0041155 secs]
275.054: Total time for which application threads were stopped: 0.0042525 seconds, Stopping threads took: 0.0000184 seconds
275.119: [GC (Allocation Failure)  607144K->291562K(1035264K), 0.0041380 secs]
275.123: Total time for which application threads were stopped: 0.0042859 seconds, Stopping threads took: 0.0000178 seconds
275.189: [GC (Allocation Failure)  614122K->291530K(1030144K), 0.0039806 secs]
275.193: Total time for which application threads were stopped: 0.0041002 seconds, Stopping threads took: 0.0000160 seconds
275.257: [GC (Allocation Failure)  614090K->291594K(1034752K), 0.0040438 secs]
275.261: Total time for which application threads were stopped: 0.0041753 seconds, Stopping threads took: 0.0000184 seconds
275.324: [GC (Allocation Failure)  613130K->299564K(1029120K), 0.0042754 secs]
275.328: Total time for which application threads were stopped: 0.0044071 seconds, Stopping threads took: 0.0000190 seconds
275.393: [GC (Allocation Failure)  621100K->299532K(1034240K), 0.0040076 secs]
275.397: Total time for which application threads were stopped: 0.0041552 seconds, Stopping threads took: 0.0000195 seconds
275.462: [GC (Allocation Failure)  620044K->299788K(1034240K), 0.0054702 secs]
275.467: Total time for which application threads were stopped: 0.0056346 seconds, Stopping threads took: 0.0000176 seconds
275.532: [GC (Allocation Failure)  620300K->307630K(1034240K), 0.0040412 secs]
275.536: Total time for which application threads were stopped: 0.0041801 seconds, Stopping threads took: 0.0000193 seconds
275.604: [GC (Allocation Failure)  628142K->307630K(1034240K), 0.0040690 secs]
275.608: Total time for which application threads were stopped: 0.0042055 seconds, Stopping threads took: 0.0000197 seconds
275.670: [GC (Allocation Failure)  628142K->308038K(1033216K), 0.0043213 secs]
275.675: Total time for which application threads were stopped: 0.0044594 seconds, Stopping threads took: 0.0000185 seconds
275.737: [GC (Allocation Failure)  627526K->315625K(1033728K), 0.0042432 secs]
275.741: Total time for which application threads were stopped: 0.0043733 seconds, Stopping threads took: 0.0000183 seconds
275.805: [GC (Allocation Failure)  635113K->315593K(1033728K), 0.0040876 secs]
275.809: Total time for which application threads were stopped: 0.0042224 seconds, Stopping threads took: 0.0000177 seconds
275.873: [GC (Allocation Failure)  635081K->315785K(1033728K), 0.0042232 secs]
275.877: Total time for which application threads were stopped: 0.0043559 seconds, Stopping threads took: 0.0000194 seconds
275.942: [GC (Allocation Failure)  635273K->323627K(1033728K), 0.0041143 secs]
275.946: Total time for which application threads were stopped: 0.0042472 seconds, Stopping threads took: 0.0000198 seconds
276.010: [GC (Allocation Failure)  643115K->323627K(1033728K), 0.0041480 secs]
276.014: Total time for which application threads were stopped: 0.0042809 seconds, Stopping threads took: 0.0000186 seconds
276.077: [GC (Allocation Failure)  643115K->323723K(1033728K), 0.0040819 secs]
276.081: Total time for which application threads were stopped: 0.0042007 seconds, Stopping threads took: 0.0000155 seconds
276.146: [GC (Allocation Failure)  643211K->331693K(1027072K), 0.0041875 secs]
276.150: Total time for which application threads were stopped: 0.0043200 seconds, Stopping threads took: 0.0000189 seconds
276.211: [GC (Allocation Failure)  651181K->327787K(1034240K), 0.0034305 secs]
276.214: Total time for which application threads were stopped: 0.0035700 seconds, Stopping threads took: 0.0000183 seconds
276.277: [GC (Allocation Failure)  647275K->331853K(1033216K), 0.0043604 secs]
276.282: Total time for which application threads were stopped: 0.0045063 seconds, Stopping threads took: 0.0000206 seconds
276.347: [GC (Allocation Failure)  651341K->335789K(1034752K), 0.0042365 secs]
276.351: Total time for which application threads were stopped: 0.0043680 seconds, Stopping threads took: 0.0000182 seconds
276.413: [GC (Allocation Failure)  657325K->329035K(1034752K), 0.0017610 secs]
276.415: Total time for which application threads were stopped: 0.0018919 seconds, Stopping threads took: 0.0000208 seconds
276.480: [GC (Allocation Failure)  650571K->335893K(1034752K), 0.0040248 secs]
276.484: Total time for which application threads were stopped: 0.0041591 seconds, Stopping threads took: 0.0000186 seconds
276.548: [GC (Allocation Failure)  657429K->339965K(1034752K), 0.0051291 secs]
276.554: Total time for which application threads were stopped: 0.0052702 seconds, Stopping threads took: 0.0000150 seconds
276.615: [GC (Allocation Failure)  661501K->334427K(1034752K), 0.0024398 secs]
276.618: Total time for which application threads were stopped: 0.0025718 seconds, Stopping threads took: 0.0000189 seconds
276.681: [GC (Allocation Failure)  655963K->340269K(1034752K), 0.0042529 secs]
276.685: Total time for which application threads were stopped: 0.0044037 seconds, Stopping threads took: 0.0000266 seconds
276.748: [GC (Allocation Failure)  661805K->344109K(1034752K), 0.0045759 secs]
276.753: Total time for which application threads were stopped: 0.0047086 seconds, Stopping threads took: 0.0000188 seconds
276.817: [GC (Allocation Failure)  666597K->340171K(1035264K), 0.0073119 secs]
276.825: Total time for which application threads were stopped: 0.0074479 seconds, Stopping threads took: 0.0000191 seconds
276.893: [GC (Allocation Failure)  662731K->344237K(1036288K), 0.0042331 secs]
276.897: Total time for which application threads were stopped: 0.0043723 seconds, Stopping threads took: 0.0000174 seconds
276.964: [GC (Allocation Failure)  668333K->348237K(1035776K), 0.0040281 secs]
276.968: Total time for which application threads were stopped: 0.0041638 seconds, Stopping threads took: 0.0000260 seconds
277.032: [GC (Allocation Failure)  672333K->348269K(1035776K), 0.0041363 secs]
277.036: Total time for which application threads were stopped: 0.0042775 seconds, Stopping threads took: 0.0000187 seconds
277.101: [GC (Allocation Failure)  671853K->348301K(1023488K), 0.0042878 secs]
277.106: Total time for which application threads were stopped: 0.0044296 seconds, Stopping threads took: 0.0000190 seconds
277.169: [GC (Allocation Failure)  671885K->356303K(1035264K), 0.0042942 secs]
277.174: Total time for which application threads were stopped: 0.0044312 seconds, Stopping threads took: 0.0000262 seconds
277.237: [GC (Allocation Failure)  678863K->356239K(1030144K), 0.0041514 secs]
277.241: Total time for which application threads were stopped: 0.0042956 seconds, Stopping threads took: 0.0000185 seconds
277.306: [GC (Allocation Failure)  678799K->356295K(1034752K), 0.0042882 secs]
277.310: Total time for which application threads were stopped: 0.0044271 seconds, Stopping threads took: 0.0000180 seconds
277.373: [GC (Allocation Failure)  677831K->364266K(1034752K), 0.0043871 secs]
277.377: Total time for which application threads were stopped: 0.0045363 seconds, Stopping threads took: 0.0000192 seconds
277.441: [GC (Allocation Failure)  685802K->364298K(1033728K), 0.0039738 secs]
277.445: Total time for which application threads were stopped: 0.0041007 seconds, Stopping threads took: 0.0000187 seconds
277.507: [GC (Allocation Failure)  684810K->364554K(1034240K), 0.0041706 secs]
277.512: Total time for which application threads were stopped: 0.0043183 seconds, Stopping threads took: 0.0000239 seconds
277.577: [GC (Allocation Failure)  685066K->372332K(1034240K), 0.0040661 secs]
277.581: Total time for which application threads were stopped: 0.0041996 seconds, Stopping threads took: 0.0000152 seconds
277.647: [GC (Allocation Failure)  692844K->372332K(1034240K), 0.0042571 secs]
277.651: Total time for which application threads were stopped: 0.0043801 seconds, Stopping threads took: 0.0000157 seconds
277.714: [GC (Allocation Failure)  692844K->372780K(1033216K), 0.0042700 secs]
277.718: Total time for which application threads were stopped: 0.0044058 seconds, Stopping threads took: 0.0000188 seconds
277.781: [GC (Allocation Failure)  692268K->380366K(1033728K), 0.0056239 secs]
277.787: Total time for which application threads were stopped: 0.0057562 seconds, Stopping threads took: 0.0000192 seconds
277.854: [GC (Allocation Failure)  699854K->380366K(1033728K), 0.0044821 secs]
277.859: Total time for which application threads were stopped: 0.0046317 seconds, Stopping threads took: 0.0000167 seconds
277.922: [GC (Allocation Failure)  699854K->380486K(1033728K), 0.0043374 secs]
277.927: Total time for which application threads were stopped: 0.0044813 seconds, Stopping threads took: 0.0000284 seconds
277.992: [GC (Allocation Failure)  699974K->388457K(1033728K), 0.0041039 secs]
277.996: Total time for which application threads were stopped: 0.0042379 seconds, Stopping threads took: 0.0000187 seconds
278.059: [GC (Allocation Failure)  707945K->388425K(1033728K), 0.0043821 secs]
278.064: Total time for which application threads were stopped: 0.0045232 seconds, Stopping threads took: 0.0000201 seconds
278.129: [GC (Allocation Failure)  707913K->388457K(1033728K), 0.0042054 secs]
278.133: Total time for which application threads were stopped: 0.0043513 seconds, Stopping threads took: 0.0000184 seconds
278.197: [GC (Allocation Failure)  707945K->396427K(1027072K), 0.0043763 secs]
278.202: Total time for which application threads were stopped: 0.0045055 seconds, Stopping threads took: 0.0000181 seconds
278.262: [GC (Allocation Failure)  715914K->392521K(1034240K), 0.0034124 secs]
278.266: Total time for which application threads were stopped: 0.0035410 seconds, Stopping threads took: 0.0000185 seconds
278.331: [GC (Allocation Failure)  712009K->396587K(1033216K), 0.0043736 secs]
278.336: Total time for which application threads were stopped: 0.0045416 seconds, Stopping threads took: 0.0000246 seconds
278.401: [GC (Allocation Failure)  716075K->400555K(1034752K), 0.0042251 secs]
278.405: Total time for which application threads were stopped: 0.0043670 seconds, Stopping threads took: 0.0000173 seconds
278.467: [GC (Allocation Failure)  722091K->393769K(1034752K), 0.0018475 secs]
278.469: Total time for which application threads were stopped: 0.0019891 seconds, Stopping threads took: 0.0000252 seconds
278.534: [GC (Allocation Failure)  715305K->400619K(1034752K), 0.0041619 secs]
278.538: Total time for which application threads were stopped: 0.0042959 seconds, Stopping threads took: 0.0000155 seconds
278.601: [GC (Allocation Failure)  722155K->404659K(1034752K), 0.0051373 secs]
278.607: Total time for which application threads were stopped: 0.0052688 seconds, Stopping threads took: 0.0000155 seconds
278.668: [GC (Allocation Failure)  726195K->399153K(1034752K), 0.0024848 secs]
278.670: Total time for which application threads were stopped: 0.0026326 seconds, Stopping threads took: 0.0000245 seconds
278.735: [GC (Allocation Failure)  720689K->404963K(1034752K), 0.0042868 secs]
278.739: Total time for which application threads were stopped: 0.0044219 seconds, Stopping threads took: 0.0000198 seconds
278.805: [GC (Allocation Failure)  726499K->408835K(1034752K), 0.0046428 secs]
278.810: Total time for which application threads were stopped: 0.0047869 seconds, Stopping threads took: 0.0000182 seconds
278.876: [GC (Allocation Failure)  731323K->404929K(1035264K), 0.0032846 secs]
278.880: Total time for which application threads were stopped: 0.0034619 seconds, Stopping threads took: 0.0000198 seconds
278.949: [GC (Allocation Failure)  727489K->409003K(1036288K), 0.0046187 secs]
278.954: Total time for which application threads were stopped: 0.0047936 seconds, Stopping threads took: 0.0000213 seconds
279.022: [GC (Allocation Failure)  733099K->413003K(1035776K), 0.0044592 secs]
279.027: Total time for which application threads were stopped: 0.0046653 seconds, Stopping threads took: 0.0000284 seconds
279.095: [GC (Allocation Failure)  737099K->413003K(1035776K), 0.0042465 secs]
279.099: Total time for which application threads were stopped: 0.0044108 seconds, Stopping threads took: 0.0000197 seconds
279.164: [GC (Allocation Failure)  736587K->413035K(1023488K), 0.0043206 secs]
279.169: Total time for which application threads were stopped: 0.0044566 seconds, Stopping threads took: 0.0000191 seconds
279.230: [GC (Allocation Failure)  736619K->421005K(1035264K), 0.0044673 secs]
279.235: Total time for which application threads were stopped: 0.0046046 seconds, Stopping threads took: 0.0000191 seconds
279.298: [GC (Allocation Failure)  743565K->420973K(1030144K), 0.0042268 secs]
279.302: Total time for which application threads were stopped: 0.0043628 seconds, Stopping threads took: 0.0000189 seconds
279.365: [GC (Allocation Failure)  743533K->421069K(1034752K), 0.0043636 secs]
279.369: Total time for which application threads were stopped: 0.0044964 seconds, Stopping threads took: 0.0000190 seconds
279.432: [GC (Allocation Failure)  742605K->429039K(1034752K), 0.0045092 secs]
279.437: Total time for which application threads were stopped: 0.0046410 seconds, Stopping threads took: 0.0000189 seconds
279.501: [GC (Allocation Failure)  750575K->429039K(1033728K), 0.0042003 secs]
279.505: Total time for which application threads were stopped: 0.0043411 seconds, Stopping threads took: 0.0000277 seconds
279.567: [GC (Allocation Failure)  749551K->429287K(1034240K), 0.0044335 secs]
279.572: Total time for which application threads were stopped: 0.0045744 seconds, Stopping threads took: 0.0000286 seconds
279.635: [GC (Allocation Failure)  749799K->437034K(1034240K), 0.0042712 secs]
279.639: Total time for which application threads were stopped: 0.0044130 seconds, Stopping threads took: 0.0000176 seconds
279.705: [GC (Allocation Failure)  757546K->437066K(1034240K), 0.0044651 secs]
279.709: Total time for which application threads were stopped: 0.0045868 seconds, Stopping threads took: 0.0000157 seconds
279.772: [GC (Allocation Failure)  757578K->437482K(1034240K), 0.0044765 secs]
279.776: Total time for which application threads were stopped: 0.0046228 seconds, Stopping threads took: 0.0000272 seconds
279.843: [GC (Allocation Failure)  757994K->445132K(1028096K), 0.0043061 secs]
279.847: Total time for which application threads were stopped: 0.0044986 seconds, Stopping threads took: 0.0000167 seconds
279.912: [GC (Allocation Failure)  765644K->445100K(1033728K), 0.0044863 secs]
279.917: Total time for which application threads were stopped: 0.0046760 seconds, Stopping threads took: 0.0000193 seconds
279.979: [GC (Allocation Failure)  764588K->445260K(1033728K), 0.0043242 secs]
279.984: Total time for which application threads were stopped: 0.0044686 seconds, Stopping threads took: 0.0000258 seconds
280.049: [GC (Allocation Failure)  764748K->453134K(1033728K), 0.0042430 secs]
280.054: Total time for which application threads were stopped: 0.0043640 seconds, Stopping threads took: 0.0000155 seconds
280.119: [GC (Allocation Failure)  772622K->453134K(1033728K), 0.0044059 secs]
280.123: Total time for which application threads were stopped: 0.0045605 seconds, Stopping threads took: 0.0000187 seconds
280.187: [GC (Allocation Failure)  772622K->453190K(1033728K), 0.0044936 secs]
280.191: Total time for which application threads were stopped: 0.0046447 seconds, Stopping threads took: 0.0000183 seconds
280.252: [GC (Allocation Failure)  772678K->461160K(1027072K), 0.0046047 secs]
280.257: Total time for which application threads were stopped: 0.0047600 seconds, Stopping threads took: 0.0000234 seconds
280.319: [GC (Allocation Failure)  780648K->457286K(1034240K), 0.0037007 secs]
280.323: Total time for which application threads were stopped: 0.0038601 seconds, Stopping threads took: 0.0000467 seconds
280.388: [GC (Allocation Failure)  776774K->461320K(1033216K), 0.0047248 secs]
280.393: Total time for which application threads were stopped: 0.0048793 seconds, Stopping threads took: 0.0000202 seconds
280.456: [GC (Allocation Failure)  780808K->465288K(1034752K), 0.0044955 secs]
280.460: Total time for which application threads were stopped: 0.0046330 seconds, Stopping threads took: 0.0000182 seconds
280.523: [GC (Allocation Failure)  786824K->458502K(1034752K), 0.0020615 secs]
280.525: Total time for which application threads were stopped: 0.0021951 seconds, Stopping threads took: 0.0000192 seconds
280.589: [GC (Allocation Failure)  780038K->465384K(1034752K), 0.0043946 secs]
280.594: Total time for which application threads were stopped: 0.0045332 seconds, Stopping threads took: 0.0000198 seconds
280.655: [GC (Allocation Failure)  786920K->469464K(1034752K), 0.0053651 secs]
280.661: Total time for which application threads were stopped: 0.0055206 seconds, Stopping threads took: 0.0000233 seconds
280.723: [GC (Allocation Failure)  791000K->463894K(1034752K), 0.0027305 secs]
280.726: Total time for which application threads were stopped: 0.0028631 seconds, Stopping threads took: 0.0000190 seconds
280.791: [GC (Allocation Failure)  785430K->469672K(1034752K), 0.0064366 secs]
280.798: Total time for which application threads were stopped: 0.0065905 seconds, Stopping threads took: 0.0000192 seconds
280.864: [GC (Allocation Failure)  791208K->473576K(1034752K), 0.0049963 secs]
280.869: Total time for which application threads were stopped: 0.0051946 seconds, Stopping threads took: 0.0000212 seconds
280.937: [GC (Allocation Failure)  796065K->469702K(1035264K), 0.0032895 secs]
280.941: Total time for which application threads were stopped: 0.0034701 seconds, Stopping threads took: 0.0000167 seconds
281.011: [GC (Allocation Failure)  792262K->473736K(1036288K), 0.0047040 secs]
281.016: Total time for which application threads were stopped: 0.0048793 seconds, Stopping threads took: 0.0000256 seconds
281.083: [GC (Allocation Failure)  797832K->477704K(1035776K), 0.0044211 secs]
281.087: Total time for which application threads were stopped: 0.0046025 seconds, Stopping threads took: 0.0000212 seconds
281.155: [GC (Allocation Failure)  801800K->477704K(1035776K), 0.0045994 secs]
281.160: Total time for which application threads were stopped: 0.0048006 seconds, Stopping threads took: 0.0000222 seconds
281.226: [GC (Allocation Failure)  801288K->477768K(1023488K), 0.0045130 secs]
281.230: Total time for which application threads were stopped: 0.0046490 seconds, Stopping threads took: 0.0000203 seconds
281.294: [GC (Allocation Failure)  801352K->485739K(1035264K), 0.0045486 secs]
281.299: Total time for which application threads were stopped: 0.0046756 seconds, Stopping threads took: 0.0000178 seconds
281.362: [GC (Allocation Failure)  808299K->485739K(1030144K), 0.0043231 secs]
281.366: Total time for which application threads were stopped: 0.0044520 seconds, Stopping threads took: 0.0000190 seconds
281.429: [GC (Allocation Failure)  808299K->485795K(1034752K), 0.0047000 secs]
281.434: Total time for which application threads were stopped: 0.0048291 seconds, Stopping threads took: 0.0000178 seconds
281.497: [GC (Allocation Failure)  807331K->493797K(1034752K), 0.0044751 secs]
281.501: Total time for which application threads were stopped: 0.0046153 seconds, Stopping threads took: 0.0000271 seconds
281.565: [GC (Allocation Failure)  815333K->493765K(1033728K), 0.0043289 secs]
281.570: Total time for which application threads were stopped: 0.0044682 seconds, Stopping threads took: 0.0000254 seconds
281.632: [GC (Allocation Failure)  814277K->494021K(1034240K), 0.0046498 secs]
281.637: Total time for which application threads were stopped: 0.0047923 seconds, Stopping threads took: 0.0000186 seconds
281.702: [GC (Allocation Failure)  814533K->501831K(1034240K), 0.0044838 secs]
281.707: Total time for which application threads were stopped: 0.0046165 seconds, Stopping threads took: 0.0000188 seconds
281.772: [GC (Allocation Failure)  822343K->501799K(1034240K), 0.0046046 secs]
281.777: Total time for which application threads were stopped: 0.0047629 seconds, Stopping threads took: 0.0000249 seconds
281.841: [GC (Allocation Failure)  822311K->502207K(1033216K), 0.0076329 secs]
281.849: Total time for which application threads were stopped: 0.0078056 seconds, Stopping threads took: 0.0000197 seconds
281.915: [GC (Allocation Failure)  821695K->509857K(1033728K), 0.0046159 secs]
281.920: Total time for which application threads were stopped: 0.0047621 seconds, Stopping threads took: 0.0000167 seconds
281.985: [GC (Allocation Failure)  829345K->509857K(1033728K), 0.0044706 secs]
281.990: Total time for which application threads were stopped: 0.0046155 seconds, Stopping threads took: 0.0000261 seconds
282.050: [GC (Allocation Failure)  829345K->509993K(1033728K), 0.0046231 secs]
282.055: Total time for which application threads were stopped: 0.0047661 seconds, Stopping threads took: 0.0000189 seconds
282.118: [GC (Allocation Failure)  829481K->517868K(1033728K), 0.0044650 secs]
282.122: Total time for which application threads were stopped: 0.0046347 seconds, Stopping threads took: 0.0000485 seconds
282.185: [GC (Allocation Failure)  837356K->517868K(1033728K), 0.0045335 secs]
282.190: Total time for which application threads were stopped: 0.0046748 seconds, Stopping threads took: 0.0000264 seconds
282.253: [GC (Allocation Failure)  837356K->517932K(1033728K), 0.0045648 secs]
282.257: Total time for which application threads were stopped: 0.0046946 seconds, Stopping threads took: 0.0000186 seconds
282.320: [GC (Allocation Failure)  837420K->525902K(1027072K), 0.0046839 secs]
282.324: Total time for which application threads were stopped: 0.0048314 seconds, Stopping threads took: 0.0000244 seconds
282.387: [GC (Allocation Failure)  845389K->521996K(1034240K), 0.0049497 secs]
282.392: Total time for which application threads were stopped: 0.0050858 seconds, Stopping threads took: 0.0000189 seconds
282.457: [GC (Allocation Failure)  841484K->526062K(1033216K), 0.0046673 secs]
282.461: Total time for which application threads were stopped: 0.0048076 seconds, Stopping threads took: 0.0000221 seconds
282.527: [GC (Allocation Failure)  845550K->530062K(1034752K), 0.0044846 secs]
282.531: Total time for which application threads were stopped: 0.0046264 seconds, Stopping threads took: 0.0000279 seconds
282.594: [GC (Allocation Failure)  851598K->523244K(1034752K), 0.0021473 secs]
282.596: Total time for which application threads were stopped: 0.0022773 seconds, Stopping threads took: 0.0000193 seconds
282.658: [GC (Allocation Failure)  844780K->530102K(1034752K), 0.0044579 secs]
282.663: Total time for which application threads were stopped: 0.0045894 seconds, Stopping threads took: 0.0000186 seconds
282.724: [GC (Allocation Failure)  851638K->534214K(1034752K), 0.0054987 secs]
282.730: Total time for which application threads were stopped: 0.0056251 seconds, Stopping threads took: 0.0000177 seconds
282.791: [GC (Allocation Failure)  855750K->528612K(1034752K), 0.0036229 secs]
282.795: Total time for which application threads were stopped: 0.0037496 seconds, Stopping threads took: 0.0000190 seconds
282.863: [GC (Allocation Failure)  850148K->534478K(1034752K), 0.0046277 secs]
282.867: Total time for which application threads were stopped: 0.0047782 seconds, Stopping threads took: 0.0000169 seconds
282.934: [GC (Allocation Failure)  856014K->538318K(1035264K), 0.0051032 secs]
282.939: Total time for which application threads were stopped: 0.0052643 seconds, Stopping threads took: 0.0000196 seconds
283.004: [GC (Allocation Failure)  860806K->534444K(1035264K), 0.0035208 secs]
283.008: Total time for which application threads were stopped: 0.0036696 seconds, Stopping threads took: 0.0000259 seconds
283.075: [GC (Allocation Failure)  857004K->538478K(1036288K), 0.0046594 secs]
283.080: Total time for which application threads were stopped: 0.0047963 seconds, Stopping threads took: 0.0000203 seconds
283.146: [GC (Allocation Failure)  862574K->542446K(1035776K), 0.0046094 secs]
283.150: Total time for which application threads were stopped: 0.0047402 seconds, Stopping threads took: 0.0000188 seconds
283.216: [GC (Allocation Failure)  866542K->542446K(1035776K), 0.0043935 secs]
283.220: Total time for which application threads were stopped: 0.0045348 seconds, Stopping threads took: 0.0000276 seconds
283.283: [GC (Allocation Failure)  866030K->542502K(1023488K), 0.0047562 secs]
283.288: Total time for which application threads were stopped: 0.0048962 seconds, Stopping threads took: 0.0000189 seconds
283.350: [GC (Allocation Failure)  866086K->550504K(1035264K), 0.0046291 secs]
283.355: Total time for which application threads were stopped: 0.0047732 seconds, Stopping threads took: 0.0000181 seconds
283.420: [GC (Allocation Failure)  873064K->550472K(1030144K), 0.0044547 secs]
283.424: Total time for which application threads were stopped: 0.0045781 seconds, Stopping threads took: 0.0000160 seconds
283.488: [GC (Allocation Failure)  873032K->550504K(1034752K), 0.0044737 secs]
283.493: Total time for which application threads were stopped: 0.0046332 seconds, Stopping threads took: 0.0000192 seconds
283.556: [GC (Allocation Failure)  872040K->558538K(1029120K), 0.0047748 secs]
283.561: Total time for which application threads were stopped: 0.0049364 seconds, Stopping threads took: 0.0000323 seconds
283.626: [GC (Allocation Failure)  880074K->558506K(1034240K), 0.0043548 secs]
283.631: Total time for which application threads were stopped: 0.0044902 seconds, Stopping threads took: 0.0000195 seconds
283.693: [GC (Allocation Failure)  879018K->558754K(1034240K), 0.0048390 secs]
283.698: Total time for which application threads were stopped: 0.0049834 seconds, Stopping threads took: 0.0000196 seconds
283.762: [GC (Allocation Failure)  879266K->566533K(1034240K), 0.0045690 secs]
283.767: Total time for which application threads were stopped: 0.0047172 seconds, Stopping threads took: 0.0000231 seconds
283.832: [GC (Allocation Failure)  887045K->566533K(1034240K), 0.0055536 secs]
283.838: Total time for which application threads were stopped: 0.0057353 seconds, Stopping threads took: 0.0000238 seconds
283.905: [GC (Allocation Failure)  887045K->566981K(1033216K), 0.0049585 secs]
283.910: Total time for which application threads were stopped: 0.0051512 seconds, Stopping threads took: 0.0000204 seconds
283.975: [GC (Allocation Failure)  886469K->574567K(1033728K), 0.0047476 secs]
283.980: Total time for which application threads were stopped: 0.0049470 seconds, Stopping threads took: 0.0000255 seconds
284.045: [GC (Allocation Failure)  894055K->574535K(1033728K), 0.0046654 secs]
284.050: Total time for which application threads were stopped: 0.0048165 seconds, Stopping threads took: 0.0000198 seconds
284.110: [GC (Allocation Failure)  894023K->574727K(1033728K), 0.0045819 secs]
284.115: Total time for which application threads were stopped: 0.0047235 seconds, Stopping threads took: 0.0000187 seconds
284.178: [GC (Allocation Failure)  894215K->582665K(1033728K), 0.0045222 secs]
284.182: Total time for which application threads were stopped: 0.0046550 seconds, Stopping threads took: 0.0000190 seconds
284.247: [GC (Allocation Failure)  902153K->582601K(1033728K), 0.0047808 secs]
284.252: Total time for which application threads were stopped: 0.0049174 seconds, Stopping threads took: 0.0000188 seconds
284.315: [GC (Allocation Failure)  902089K->582665K(1033728K), 0.0047283 secs]
284.320: Total time for which application threads were stopped: 0.0048592 seconds, Stopping threads took: 0.0000178 seconds
284.382: [GC (Allocation Failure)  902153K->590636K(1027072K), 0.0048624 secs]
284.387: Total time for which application threads were stopped: 0.0050084 seconds, Stopping threads took: 0.0000182 seconds
284.448: [GC (Allocation Failure)  910123K->586729K(1034240K), 0.0038394 secs]
284.452: Total time for which application threads were stopped: 0.0039871 seconds, Stopping threads took: 0.0000268 seconds
284.518: [GC (Allocation Failure)  906217K->590796K(1033216K), 0.0047601 secs]
284.523: Total time for which application threads were stopped: 0.0049025 seconds, Stopping threads took: 0.0000259 seconds
284.587: [GC (Allocation Failure)  910284K->594764K(1034752K), 0.0046818 secs]
284.592: Total time for which application threads were stopped: 0.0048135 seconds, Stopping threads took: 0.0000183 seconds
284.654: [GC (Allocation Failure)  916300K->587977K(1034752K), 0.0024249 secs]
284.656: Total time for which application threads were stopped: 0.0025694 seconds, Stopping threads took: 0.0000191 seconds
284.722: [GC (Allocation Failure)  909513K->594860K(1034752K), 0.0045499 secs]
284.726: Total time for which application threads were stopped: 0.0046823 seconds, Stopping threads took: 0.0000191 seconds
284.790: [GC (Allocation Failure)  916396K->598900K(1034752K), 0.0056801 secs]
284.796: Total time for which application threads were stopped: 0.0058156 seconds, Stopping threads took: 0.0000187 seconds
284.860: [GC (Allocation Failure)  920436K->593329K(1034752K), 0.0030663 secs]
284.863: Total time for which application threads were stopped: 0.0032737 seconds, Stopping threads took: 0.0000195 seconds
284.932: [GC (Allocation Failure)  914865K->599172K(1034752K), 0.0048279 secs]
284.937: Total time for which application threads were stopped: 0.0049908 seconds, Stopping threads took: 0.0000191 seconds
285.003: [GC (Allocation Failure)  920708K->603044K(1035264K), 0.0050571 secs]
285.009: Total time for which application threads were stopped: 0.0052280 seconds, Stopping threads took: 0.0000287 seconds
285.075: [GC (Allocation Failure)  925532K->599169K(1035264K), 0.0036471 secs]
285.079: Total time for which application threads were stopped: 0.0038427 seconds, Stopping threads took: 0.0000202 seconds
285.148: [GC (Allocation Failure)  921729K->603212K(1036288K), 0.0048468 secs]
285.153: Total time for which application threads were stopped: 0.0050061 seconds, Stopping threads took: 0.0000167 seconds
285.219: [GC (Allocation Failure)  927308K->607180K(1035776K), 0.0048579 secs]
285.224: Total time for which application threads were stopped: 0.0050281 seconds, Stopping threads took: 0.0000195 seconds
285.291: [GC (Allocation Failure)  931276K->607180K(1035776K), 0.0046404 secs]
285.295: Total time for which application threads were stopped: 0.0048168 seconds, Stopping threads took: 0.0000194 seconds
285.361: [GC (Allocation Failure)  930764K->607244K(1023488K), 0.0048208 secs]
285.365: Total time for which application threads were stopped: 0.0049625 seconds, Stopping threads took: 0.0000199 seconds
285.430: [GC (Allocation Failure)  930828K->615246K(1035264K), 0.0049314 secs]
285.435: Total time for which application threads were stopped: 0.0050707 seconds, Stopping threads took: 0.0000197 seconds
285.498: [GC (Allocation Failure)  937806K->615214K(1030144K), 0.0045299 secs]
285.503: Total time for which application threads were stopped: 0.0046725 seconds, Stopping threads took: 0.0000253 seconds
285.565: [GC (Allocation Failure)  937774K->615278K(1034752K), 0.0048958 secs]
285.570: Total time for which application threads were stopped: 0.0050319 seconds, Stopping threads took: 0.0000195 seconds
285.633: [GC (Allocation Failure)  936814K->623248K(1034752K), 0.0047656 secs]
285.638: Total time for which application threads were stopped: 0.0049140 seconds, Stopping threads took: 0.0000184 seconds
285.703: [GC (Allocation Failure)  944784K->623248K(1033728K), 0.0045084 secs]
285.708: Total time for which application threads were stopped: 0.0046298 seconds, Stopping threads took: 0.0000161 seconds
285.770: [GC (Allocation Failure)  943760K->623496K(1034240K), 0.0047130 secs]
285.775: Total time for which application threads were stopped: 0.0048482 seconds, Stopping threads took: 0.0000189 seconds
285.841: [GC (Allocation Failure)  944008K->631274K(1034240K), 0.0064499 secs]
285.847: Total time for which application threads were stopped: 0.0066171 seconds, Stopping threads took: 0.0000251 seconds
285.916: [GC (Allocation Failure)  951786K->631274K(1034240K), 0.0049607 secs]
285.921: Total time for which application threads were stopped: 0.0051206 seconds, Stopping threads took: 0.0000199 seconds
285.988: [GC (Allocation Failure)  951786K->631722K(1033216K), 0.0048050 secs]
285.993: Total time for which application threads were stopped: 0.0049657 seconds, Stopping threads took: 0.0000263 seconds
286.059: [GC (Allocation Failure)  951210K->639309K(1033728K), 0.0049178 secs]
286.064: Total time for which application threads were stopped: 0.0050836 seconds, Stopping threads took: 0.0000206 seconds
286.130: [GC (Allocation Failure)  958797K->639341K(1033728K), 0.0049378 secs]
286.136: Total time for which application threads were stopped: 0.0051186 seconds, Stopping threads took: 0.0000199 seconds
286.198: [GC (Allocation Failure)  958829K->639397K(1033728K), 0.0057361 secs]
286.204: Total time for which application threads were stopped: 0.0058750 seconds, Stopping threads took: 0.0000202 seconds
286.267: [GC (Allocation Failure)  958885K->647367K(1033728K), 0.0046617 secs]
286.272: Total time for which application threads were stopped: 0.0048069 seconds, Stopping threads took: 0.0000185 seconds
286.335: [GC (Allocation Failure)  966855K->647335K(1033728K), 0.0048314 secs]
286.340: Total time for which application threads were stopped: 0.0049703 seconds, Stopping threads took: 0.0000188 seconds
286.404: [GC (Allocation Failure)  966823K->647367K(1033728K), 0.0048538 secs]
286.409: Total time for which application threads were stopped: 0.0049903 seconds, Stopping threads took: 0.0000182 seconds
286.473: [GC (Allocation Failure)  966855K->655369K(1027072K), 0.0053962 secs]
286.478: Total time for which application threads were stopped: 0.0055446 seconds, Stopping threads took: 0.0000187 seconds
286.539: [GC (Allocation Failure)  974857K->651463K(1034240K), 0.0041586 secs]
286.543: Total time for which application threads were stopped: 0.0042914 seconds, Stopping threads took: 0.0000191 seconds
286.606: [GC (Allocation Failure)  970951K->655529K(1033216K), 0.0049461 secs]
286.611: Total time for which application threads were stopped: 0.0050905 seconds, Stopping threads took: 0.0000178 seconds
286.674: [GC (Allocation Failure)  975017K->659497K(1034752K), 0.0048271 secs]
286.679: Total time for which application threads were stopped: 0.0049643 seconds, Stopping threads took: 0.0000195 seconds
286.741: [GC (Allocation Failure)  981033K->652711K(1034752K), 0.0023251 secs]
286.743: Total time for which application threads were stopped: 0.0024668 seconds, Stopping threads took: 0.0000251 seconds
286.808: [GC (Allocation Failure)  974247K->659529K(1034752K), 0.0048164 secs]
286.812: Total time for which application threads were stopped: 0.0049588 seconds, Stopping threads took: 0.0000186 seconds
286.878: [GC (Allocation Failure)  981065K->663641K(1034752K), 0.0059002 secs]
286.884: Total time for which application threads were stopped: 0.0060729 seconds, Stopping threads took: 0.0000202 seconds
286.948: [GC (Allocation Failure)  985177K->658071K(1034752K), 0.0029150 secs]
286.951: Total time for which application threads were stopped: 0.0031140 seconds, Stopping threads took: 0.0000260 seconds
287.020: [GC (Allocation Failure)  979607K->663945K(1034752K), 0.0050085 secs]
287.025: Total time for which application threads were stopped: 0.0051787 seconds, Stopping threads took: 0.0000270 seconds
287.091: [GC (Allocation Failure)  985481K->667785K(1035264K), 0.0051742 secs]
287.096: Total time for which application threads were stopped: 0.0053340 seconds, Stopping threads took: 0.0000209 seconds
287.162: [GC (Allocation Failure)  990273K->663847K(1035264K), 0.0037559 secs]
287.166: Total time for which application threads were stopped: 0.0038896 seconds, Stopping threads took: 0.0000191 seconds
287.232: [GC (Allocation Failure)  986407K->667945K(1036288K), 0.0049187 secs]
287.237: Total time for which application threads were stopped: 0.0055381 seconds, Stopping threads took: 0.0000304 seconds
287.301: [GC (Allocation Failure)  992041K->671913K(1035776K), 0.0049421 secs]
287.306: Total time for which application threads were stopped: 0.0050924 seconds, Stopping threads took: 0.0000203 seconds
287.371: [GC (Allocation Failure)  996009K->671913K(1035776K), 0.0047571 secs]
287.375: Total time for which application threads were stopped: 0.0049125 seconds, Stopping threads took: 0.0000193 seconds
287.438: [GC (Allocation Failure)  995497K->672009K(1023488K), 0.0051381 secs]
287.444: Total time for which application threads were stopped: 0.0053172 seconds, Stopping threads took: 0.0000246 seconds
287.508: [GC (Allocation Failure)  995593K->679947K(1035264K), 0.0048955 secs]
287.513: Total time for which application threads were stopped: 0.0050260 seconds, Stopping threads took: 0.0000194 seconds
287.576: [GC (Allocation Failure)  1002507K->679947K(1030144K), 0.0047579 secs]
287.581: Total time for which application threads were stopped: 0.0049073 seconds, Stopping threads took: 0.0000261 seconds
287.644: [GC (Allocation Failure)  1002507K->680003K(1034752K), 0.0049811 secs]
287.649: Total time for which application threads were stopped: 0.0051306 seconds, Stopping threads took: 0.0000198 seconds
287.714: [GC (Allocation Failure)  1001539K->687974K(1034752K), 0.0049610 secs]
287.719: Total time for which application threads were stopped: 0.0050924 seconds, Stopping threads took: 0.0000240 seconds
287.783: [GC (Allocation Failure)  1009510K->687942K(1033728K), 0.0047221 secs]
287.788: Total time for which application threads were stopped: 0.0048578 seconds, Stopping threads took: 0.0000190 seconds
287.854: [GC (Allocation Failure)  1008454K->688238K(1034240K), 0.0050708 secs]
287.859: [Full GC (Ergonomics)  688238K->8704K(1034240K), 0.0128225 secs]
287.872: Total time for which application threads were stopped: 0.0181620 seconds, Stopping threads took: 0.0000200 seconds
287.940: [GC (Allocation Failure)  329216K->17602K(1033216K), 0.0036463 secs]
287.944: Total time for which application threads were stopped: 0.0038019 seconds, Stopping threads took: 0.0000190 seconds
288.012: [GC (Allocation Failure)  337090K->17618K(1033728K), 0.0038072 secs]
288.016: Total time for which application threads were stopped: 0.0039832 seconds, Stopping threads took: 0.0000279 seconds
288.080: [GC (Allocation Failure)  337106K->18058K(1033728K), 0.0037782 secs]
288.084: Total time for which application threads were stopped: 0.0039500 seconds, Stopping threads took: 0.0000215 seconds
288.149: [GC (Allocation Failure)  337546K->25613K(1033728K), 0.0037718 secs]
288.153: Total time for which application threads were stopped: 0.0039447 seconds, Stopping threads took: 0.0000202 seconds
288.217: [GC (Allocation Failure)  345101K->25645K(1033728K), 0.0036366 secs]
288.221: Total time for which application threads were stopped: 0.0037759 seconds, Stopping threads took: 0.0000196 seconds
288.283: [GC (Allocation Failure)  345133K->25765K(1033728K), 0.0037297 secs]
288.287: Total time for which application threads were stopped: 0.0039122 seconds, Stopping threads took: 0.0000265 seconds
288.351: [GC (Allocation Failure)  345253K->33671K(1033728K), 0.0035889 secs]
288.354: Total time for which application threads were stopped: 0.0037179 seconds, Stopping threads took: 0.0000179 seconds
288.418: [GC (Allocation Failure)  353157K->29797K(1033728K), 0.0025727 secs]
288.421: Total time for which application threads were stopped: 0.0027102 seconds, Stopping threads took: 0.0000193 seconds
288.484: [GC (Allocation Failure)  349285K->33839K(1034752K), 0.0036371 secs]
288.488: Total time for which application threads were stopped: 0.0037663 seconds, Stopping threads took: 0.0000181 seconds
288.551: [GC (Allocation Failure)  354863K->37807K(1034240K), 0.0042722 secs]
288.555: Total time for which application threads were stopped: 0.0044041 seconds, Stopping threads took: 0.0000235 seconds
288.617: [GC (Allocation Failure)  358831K->32045K(1034752K), 0.0017761 secs]
288.619: Total time for which application threads were stopped: 0.0019146 seconds, Stopping threads took: 0.0000205 seconds
288.682: [GC (Allocation Failure)  353581K->37903K(1034752K), 0.0036946 secs]
288.686: Total time for which application threads were stopped: 0.0038223 seconds, Stopping threads took: 0.0000174 seconds
288.749: [GC (Allocation Failure)  359439K->41983K(1035264K), 0.0040558 secs]
288.753: Total time for which application threads were stopped: 0.0041960 seconds, Stopping threads took: 0.0000176 seconds
288.818: [GC (Allocation Failure)  364281K->38013K(1035264K), 0.0029947 secs]
288.821: Total time for which application threads were stopped: 0.0031428 seconds, Stopping threads took: 0.0000258 seconds
288.890: [GC (Allocation Failure)  360573K->42111K(1036288K), 0.0037424 secs]
288.893: Total time for which application threads were stopped: 0.0039048 seconds, Stopping threads took: 0.0000198 seconds
288.960: [GC (Allocation Failure)  366207K->46047K(1035776K), 0.0037855 secs]
288.964: Total time for which application threads were stopped: 0.0039357 seconds, Stopping threads took: 0.0000197 seconds
289.027: [GC (Allocation Failure)  370143K->46079K(1035776K), 0.0036124 secs]
289.031: Total time for which application threads were stopped: 0.0037635 seconds, Stopping threads took: 0.0000200 seconds
289.097: [GC (Allocation Failure)  369663K->46151K(1023488K), 0.0036100 secs]
289.100: Total time for which application threads were stopped: 0.0037521 seconds, Stopping threads took: 0.0000194 seconds
289.164: [GC (Allocation Failure)  369735K->54121K(1035264K), 0.0035937 secs]
289.167: Total time for which application threads were stopped: 0.0037199 seconds, Stopping threads took: 0.0000192 seconds
289.234: [GC (Allocation Failure)  376681K->54089K(1030144K), 0.0034342 secs]
289.237: Total time for which application threads were stopped: 0.0035647 seconds, Stopping threads took: 0.0000187 seconds
289.302: [GC (Allocation Failure)  376649K->54185K(1034752K), 0.0036551 secs]
289.306: Total time for which application threads were stopped: 0.0037896 seconds, Stopping threads took: 0.0000184 seconds
289.368: [GC (Allocation Failure)  375721K->62155K(1029120K), 0.0036073 secs]
289.372: Total time for which application threads were stopped: 0.0037394 seconds, Stopping threads took: 0.0000192 seconds
289.435: [GC (Allocation Failure)  383691K->62123K(1034240K), 0.0034384 secs]
289.439: Total time for which application threads were stopped: 0.0035804 seconds, Stopping threads took: 0.0000195 seconds
289.503: [GC (Allocation Failure)  382635K->62411K(1034240K), 0.0036151 secs]
289.507: Total time for which application threads were stopped: 0.0037731 seconds, Stopping threads took: 0.0000239 seconds
289.572: [GC (Allocation Failure)  382923K->70190K(1034240K), 0.0036088 secs]
289.576: Total time for which application threads were stopped: 0.0037270 seconds, Stopping threads took: 0.0000156 seconds
289.641: [GC (Allocation Failure)  390702K->70158K(1034240K), 0.0036222 secs]
289.644: Total time for which application threads were stopped: 0.0037568 seconds, Stopping threads took: 0.0000141 seconds
289.707: [GC (Allocation Failure)  390670K->70630K(1034240K), 0.0038114 secs]
289.711: Total time for which application threads were stopped: 0.0039676 seconds, Stopping threads took: 0.0000244 seconds
289.775: [GC (Allocation Failure)  391142K->78216K(1028096K), 0.0038691 secs]
289.778: Total time for which application threads were stopped: 0.0040230 seconds, Stopping threads took: 0.0000248 seconds
289.842: [GC (Allocation Failure)  398728K->78184K(1033728K), 0.0064470 secs]
289.849: Total time for which application threads were stopped: 0.0066110 seconds, Stopping threads took: 0.0000252 seconds
289.912: [GC (Allocation Failure)  397672K->78376K(1033728K), 0.0036259 secs]
289.916: Total time for which application threads were stopped: 0.0037724 seconds, Stopping threads took: 0.0000201 seconds
289.979: [GC (Allocation Failure)  397864K->86250K(1033728K), 0.0036100 secs]
289.982: Total time for which application threads were stopped: 0.0037386 seconds, Stopping threads took: 0.0000192 seconds
290.048: [GC (Allocation Failure)  405738K->86250K(1033728K), 0.0036211 secs]
290.052: Total time for which application threads were stopped: 0.0037511 seconds, Stopping threads took: 0.0000190 seconds
290.116: [GC (Allocation Failure)  405738K->86314K(1033728K), 0.0037909 secs]
290.120: Total time for which application threads were stopped: 0.0039380 seconds, Stopping threads took: 0.0000240 seconds
290.183: [GC (Allocation Failure)  405802K->94317K(1027072K), 0.0037177 secs]
290.187: Total time for which application threads were stopped: 0.0038610 seconds, Stopping threads took: 0.0000180 seconds
290.250: [GC (Allocation Failure)  413804K->90410K(1034240K), 0.0029299 secs]
290.253: Total time for which application threads were stopped: 0.0030656 seconds, Stopping threads took: 0.0000185 seconds
290.318: [GC (Allocation Failure)  409898K->94445K(1033216K), 0.0037640 secs]
290.321: Total time for which application threads were stopped: 0.0038938 seconds, Stopping threads took: 0.0000190 seconds
290.384: [GC (Allocation Failure)  413933K->98445K(1034752K), 0.0035907 secs]
290.388: Total time for which application threads were stopped: 0.0037200 seconds, Stopping threads took: 0.0000186 seconds
290.453: [GC (Allocation Failure)  419981K->91658K(1034752K), 0.0014054 secs]
290.454: Total time for which application threads were stopped: 0.0015440 seconds, Stopping threads took: 0.0000186 seconds
290.518: [GC (Allocation Failure)  413194K->98485K(1034752K), 0.0036290 secs]
290.521: Total time for which application threads were stopped: 0.0037656 seconds, Stopping threads took: 0.0000242 seconds
290.583: [GC (Allocation Failure)  420021K->102565K(1034752K), 0.0047430 secs]
290.588: Total time for which application threads were stopped: 0.0048790 seconds, Stopping threads took: 0.0000180 seconds
290.651: [GC (Allocation Failure)  424101K->97026K(1034752K), 0.0018552 secs]
290.653: Total time for which application threads were stopped: 0.0019861 seconds, Stopping threads took: 0.0000186 seconds
290.716: [GC (Allocation Failure)  418562K->102829K(1034752K), 0.0037604 secs]
290.720: Total time for which application threads were stopped: 0.0038924 seconds, Stopping threads took: 0.0000190 seconds
290.784: [GC (Allocation Failure)  424365K->106733K(1034752K), 0.0041565 secs]
290.788: Total time for which application threads were stopped: 0.0042880 seconds, Stopping threads took: 0.0000193 seconds
290.853: [GC (Allocation Failure)  429221K->102826K(1035264K), 0.0025452 secs]
290.855: Total time for which application threads were stopped: 0.0026988 seconds, Stopping threads took: 0.0000193 seconds
290.923: [GC (Allocation Failure)  425386K->106861K(1036288K), 0.0038824 secs]
290.927: Total time for which application threads were stopped: 0.0040363 seconds, Stopping threads took: 0.0000199 seconds
290.994: [GC (Allocation Failure)  430957K->110829K(1035776K), 0.0035848 secs]
290.997: Total time for which application threads were stopped: 0.0037332 seconds, Stopping threads took: 0.0000259 seconds
291.062: [GC (Allocation Failure)  434925K->110861K(1035776K), 0.0036729 secs]
291.066: Total time for which application threads were stopped: 0.0037999 seconds, Stopping threads took: 0.0000190 seconds
291.130: [GC (Allocation Failure)  434445K->110893K(1023488K), 0.0037769 secs]
291.133: Total time for which application threads were stopped: 0.0039207 seconds, Stopping threads took: 0.0000185 seconds
291.197: [GC (Allocation Failure)  434477K->118863K(1035264K), 0.0038333 secs]
291.201: Total time for which application threads were stopped: 0.0039645 seconds, Stopping threads took: 0.0000190 seconds
291.264: [GC (Allocation Failure)  441423K->118863K(1030144K), 0.0036841 secs]
291.268: Total time for which application threads were stopped: 0.0038177 seconds, Stopping threads took: 0.0000189 seconds
291.331: [GC (Allocation Failure)  441423K->118919K(1034752K), 0.0036271 secs]
291.335: Total time for which application threads were stopped: 0.0037763 seconds, Stopping threads took: 0.0000241 seconds
291.400: [GC (Allocation Failure)  440455K->126921K(1029120K), 0.0038773 secs]
291.404: Total time for which application threads were stopped: 0.0039971 seconds, Stopping threads took: 0.0000152 seconds
291.468: [GC (Allocation Failure)  448457K->126889K(1034240K), 0.0036911 secs]
291.472: Total time for which application threads were stopped: 0.0038236 seconds, Stopping threads took: 0.0000192 seconds
291.536: [GC (Allocation Failure)  447401K->127145K(1034240K), 0.0038333 secs]
291.540: Total time for which application threads were stopped: 0.0039754 seconds, Stopping threads took: 0.0000249 seconds
291.605: [GC (Allocation Failure)  447657K->134891K(1034240K), 0.0035889 secs]
291.609: Total time for which application threads were stopped: 0.0037285 seconds, Stopping threads took: 0.0000181 seconds
291.672: [GC (Allocation Failure)  455403K->134923K(1034240K), 0.0038665 secs]
291.676: Total time for which application threads were stopped: 0.0040205 seconds, Stopping threads took: 0.0000240 seconds
291.739: [GC (Allocation Failure)  455435K->135339K(1033216K), 0.0038827 secs]
291.742: Total time for which application threads were stopped: 0.0040085 seconds, Stopping threads took: 0.0000180 seconds
291.807: [GC (Allocation Failure)  454827K->142958K(1033728K), 0.0036854 secs]
291.811: Total time for which application threads were stopped: 0.0038161 seconds, Stopping threads took: 0.0000191 seconds
291.879: [GC (Allocation Failure)  462446K->142926K(1033728K), 0.0038974 secs]
291.883: Total time for which application threads were stopped: 0.0040754 seconds, Stopping threads took: 0.0000193 seconds
291.949: [GC (Allocation Failure)  462414K->143110K(1033728K), 0.0038739 secs]
291.953: Total time for which application threads were stopped: 0.0040282 seconds, Stopping threads took: 0.0000212 seconds
292.017: [GC (Allocation Failure)  462598K->151016K(1033728K), 0.0036409 secs]
292.021: Total time for which application threads were stopped: 0.0037822 seconds, Stopping threads took: 0.0000256 seconds
292.084: [GC (Allocation Failure)  470504K->150984K(1033728K), 0.0037023 secs]
292.088: Total time for which application threads were stopped: 0.0038527 seconds, Stopping threads took: 0.0000242 seconds
292.152: [GC (Allocation Failure)  470472K->151048K(1033728K), 0.0039382 secs]
292.156: Total time for which application threads were stopped: 0.0040662 seconds, Stopping threads took: 0.0000175 seconds
292.220: [GC (Allocation Failure)  470536K->159018K(1027072K), 0.0040443 secs]
292.224: Total time for which application threads were stopped: 0.0041807 seconds, Stopping threads took: 0.0000176 seconds
292.286: [GC (Allocation Failure)  478506K->155144K(1034240K), 0.0030074 secs]
292.289: Total time for which application threads were stopped: 0.0031391 seconds, Stopping threads took: 0.0000193 seconds
292.354: [GC (Allocation Failure)  474632K->159178K(1033216K), 0.0037631 secs]
292.358: Total time for which application threads were stopped: 0.0038958 seconds, Stopping threads took: 0.0000189 seconds
292.421: [GC (Allocation Failure)  478666K->163146K(1034752K), 0.0038253 secs]
292.425: Total time for which application threads were stopped: 0.0039721 seconds, Stopping threads took: 0.0000236 seconds
292.490: [GC (Allocation Failure)  484682K->156360K(1034752K), 0.0014692 secs]
292.491: Total time for which application threads were stopped: 0.0016033 seconds, Stopping threads took: 0.0000244 seconds
292.554: [GC (Allocation Failure)  477896K->163218K(1034752K), 0.0037726 secs]
292.558: Total time for which application threads were stopped: 0.0039138 seconds, Stopping threads took: 0.0000191 seconds
292.622: [GC (Allocation Failure)  484754K->167298K(1034752K), 0.0048317 secs]
292.626: Total time for which application threads were stopped: 0.0049581 seconds, Stopping threads took: 0.0000177 seconds
292.689: [GC (Allocation Failure)  488834K->161792K(1034752K), 0.0020296 secs]
292.692: Total time for which application threads were stopped: 0.0021658 seconds, Stopping threads took: 0.0000177 seconds
292.756: [GC (Allocation Failure)  483328K->167594K(1034752K), 0.0038732 secs]
292.760: Total time for which application threads were stopped: 0.0040051 seconds, Stopping threads took: 0.0000186 seconds
292.823: [GC (Allocation Failure)  489130K->171434K(1034752K), 0.0059896 secs]
292.829: Total time for which application threads were stopped: 0.0061284 seconds, Stopping threads took: 0.0000250 seconds
292.896: [GC (Allocation Failure)  493922K->167528K(1035264K), 0.0028453 secs]
292.899: Total time for which application threads were stopped: 0.0030070 seconds, Stopping threads took: 0.0000208 seconds
292.968: [GC (Allocation Failure)  490088K->171594K(1036288K), 0.0040117 secs]
292.972: Total time for which application threads were stopped: 0.0041601 seconds, Stopping threads took: 0.0000215 seconds
293.037: [GC (Allocation Failure)  495690K->175562K(1035776K), 0.0036927 secs]
293.041: Total time for which application threads were stopped: 0.0038345 seconds, Stopping threads took: 0.0000271 seconds
293.105: [GC (Allocation Failure)  499658K->175562K(1035776K), 0.0037895 secs]
293.109: Total time for which application threads were stopped: 0.0039331 seconds, Stopping threads took: 0.0000187 seconds
293.173: [GC (Allocation Failure)  499146K->175618K(1023488K), 0.0039888 secs]
293.178: Total time for which application threads were stopped: 0.0041388 seconds, Stopping threads took: 0.0000159 seconds
293.239: [GC (Allocation Failure)  499202K->183620K(1035264K), 0.0038419 secs]
293.243: Total time for which application threads were stopped: 0.0039767 seconds, Stopping threads took: 0.0000188 seconds
293.309: [GC (Allocation Failure)  506180K->183588K(1030144K), 0.0037343 secs]
293.313: Total time for which application threads were stopped: 0.0038723 seconds, Stopping threads took: 0.0000190 seconds
293.377: [GC (Allocation Failure)  506148K->183660K(1034752K), 0.0038556 secs]
293.381: Total time for which application threads were stopped: 0.0039724 seconds, Stopping threads took: 0.0000158 seconds
293.444: [GC (Allocation Failure)  505196K->191663K(1029120K), 0.0039812 secs]
293.448: Total time for which application threads were stopped: 0.0041466 seconds, Stopping threads took: 0.0000244 seconds
293.512: [GC (Allocation Failure)  513199K->191599K(1034240K), 0.0036281 secs]
293.516: Total time for which application threads were stopped: 0.0037581 seconds, Stopping threads took: 0.0000250 seconds
293.578: [GC (Allocation Failure)  512111K->191879K(1034240K), 0.0038922 secs]
293.582: Total time for which application threads were stopped: 0.0040281 seconds, Stopping threads took: 0.0000198 seconds
293.647: [GC (Allocation Failure)  512391K->199657K(1034240K), 0.0037934 secs]
293.651: Total time for which application threads were stopped: 0.0039201 seconds, Stopping threads took: 0.0000177 seconds
293.714: [GC (Allocation Failure)  520169K->199657K(1034240K), 0.0038009 secs]
293.718: Total time for which application threads were stopped: 0.0039646 seconds, Stopping threads took: 0.0000243 seconds
293.782: [GC (Allocation Failure)  520169K->200105K(1034240K), 0.0039734 secs]
293.786: Total time for which application threads were stopped: 0.0041061 seconds, Stopping threads took: 0.0000179 seconds
293.854: [GC (Allocation Failure)  520617K->207691K(1028096K), 0.0041373 secs]
293.858: Total time for which application threads were stopped: 0.0043207 seconds, Stopping threads took: 0.0000194 seconds
293.924: [GC (Allocation Failure)  528203K->207691K(1033728K), 0.0040351 secs]
293.928: Total time for which application threads were stopped: 0.0042106 seconds, Stopping threads took: 0.0000222 seconds
293.989: [GC (Allocation Failure)  527179K->207843K(1033728K), 0.0040304 secs]
293.993: Total time for which application threads were stopped: 0.0041720 seconds, Stopping threads took: 0.0000256 seconds
294.056: [GC (Allocation Failure)  527331K->215717K(1033728K), 0.0037472 secs]
294.060: Total time for which application threads were stopped: 0.0038982 seconds, Stopping threads took: 0.0000199 seconds
294.125: [GC (Allocation Failure)  535205K->215717K(1033728K), 0.0037024 secs]
294.129: Total time for which application threads were stopped: 0.0038365 seconds, Stopping threads took: 0.0000165 seconds
294.193: [GC (Allocation Failure)  535205K->215789K(1033728K), 0.0040391 secs]
294.197: Total time for which application threads were stopped: 0.0041656 seconds, Stopping threads took: 0.0000177 seconds
294.258: [GC (Allocation Failure)  535277K->223760K(1027072K), 0.0040105 secs]
294.262: Total time for which application threads were stopped: 0.0041401 seconds, Stopping threads took: 0.0000186 seconds
294.323: [GC (Allocation Failure)  543247K->219885K(1034240K), 0.0030359 secs]
294.326: Total time for which application threads were stopped: 0.0031822 seconds, Stopping threads took: 0.0000248 seconds
294.392: [GC (Allocation Failure)  539373K->223912K(1033216K), 0.0041768 secs]
294.396: Total time for which application threads were stopped: 0.0043441 seconds, Stopping threads took: 0.0000211 seconds
294.459: [GC (Allocation Failure)  543400K->227880K(1034752K), 0.0039254 secs]
294.463: Total time for which application threads were stopped: 0.0040575 seconds, Stopping threads took: 0.0000187 seconds
294.525: [GC (Allocation Failure)  549416K->221093K(1034752K), 0.0016239 secs]
294.527: Total time for which application threads were stopped: 0.0017655 seconds, Stopping threads took: 0.0000198 seconds
294.590: [GC (Allocation Failure)  542629K->227952K(1034752K), 0.0038791 secs]
294.594: Total time for which application threads were stopped: 0.0040538 seconds, Stopping threads took: 0.0000249 seconds
294.657: [GC (Allocation Failure)  549488K->232032K(1034752K), 0.0048114 secs]
294.662: Total time for which application threads were stopped: 0.0049402 seconds, Stopping threads took: 0.0000183 seconds
294.724: [GC (Allocation Failure)  553568K->226525K(1034752K), 0.0021939 secs]
294.726: Total time for which application threads were stopped: 0.0023243 seconds, Stopping threads took: 0.0000192 seconds
294.790: [GC (Allocation Failure)  548061K->232336K(1034752K), 0.0040122 secs]
294.794: Total time for which application threads were stopped: 0.0041498 seconds, Stopping threads took: 0.0000265 seconds
294.861: [GC (Allocation Failure)  553872K->236176K(1034752K), 0.0042969 secs]
294.866: Total time for which application threads were stopped: 0.0044797 seconds, Stopping threads took: 0.0000172 seconds
294.933: [GC (Allocation Failure)  558664K->232269K(1035264K), 0.0028587 secs]
294.936: Total time for which application threads were stopped: 0.0030251 seconds, Stopping threads took: 0.0000200 seconds
295.006: [GC (Allocation Failure)  554829K->236336K(1036288K), 0.0040037 secs]
295.010: Total time for which application threads were stopped: 0.0041684 seconds, Stopping threads took: 0.0000260 seconds
295.077: [GC (Allocation Failure)  560432K->240304K(1035776K), 0.0040253 secs]
295.081: Total time for which application threads were stopped: 0.0041731 seconds, Stopping threads took: 0.0000191 seconds
295.147: [GC (Allocation Failure)  564400K->240304K(1035776K), 0.0039013 secs]
295.151: Total time for which application threads were stopped: 0.0040321 seconds, Stopping threads took: 0.0000186 seconds
295.214: [GC (Allocation Failure)  563888K->240360K(1023488K), 0.0038378 secs]
295.218: Total time for which application threads were stopped: 0.0039710 seconds, Stopping threads took: 0.0000191 seconds
295.283: [GC (Allocation Failure)  563944K->248362K(1035264K), 0.0040345 secs]
295.287: Total time for which application threads were stopped: 0.0041881 seconds, Stopping threads took: 0.0000269 seconds
295.351: [GC (Allocation Failure)  570922K->248330K(1030144K), 0.0038779 secs]
295.355: Total time for which application threads were stopped: 0.0040531 seconds, Stopping threads took: 0.0000185 seconds
295.418: [GC (Allocation Failure)  570890K->248394K(1034752K), 0.0057537 secs]
295.424: Total time for which application threads were stopped: 0.0058831 seconds, Stopping threads took: 0.0000179 seconds
295.488: [GC (Allocation Failure)  569930K->256364K(1034752K), 0.0040949 secs]
295.492: Total time for which application threads were stopped: 0.0042220 seconds, Stopping threads took: 0.0000180 seconds
295.556: [GC (Allocation Failure)  577900K->256332K(1033728K), 0.0037863 secs]
295.560: Total time for which application threads were stopped: 0.0039150 seconds, Stopping threads took: 0.0000187 seconds
295.623: [GC (Allocation Failure)  576844K->256620K(1034240K), 0.0040659 secs]
295.627: Total time for which application threads were stopped: 0.0042136 seconds, Stopping threads took: 0.0000253 seconds
295.691: [GC (Allocation Failure)  577132K->264398K(1034240K), 0.0038415 secs]
295.695: Total time for which application threads were stopped: 0.0039727 seconds, Stopping threads took: 0.0000181 seconds
295.758: [GC (Allocation Failure)  584910K->264430K(1034240K), 0.0040907 secs]
295.762: Total time for which application threads were stopped: 0.0042211 seconds, Stopping threads took: 0.0000189 seconds
295.828: [GC (Allocation Failure)  584942K->264814K(1033216K), 0.0054546 secs]
295.833: Total time for which application threads were stopped: 0.0055992 seconds, Stopping threads took: 0.0000245 seconds
295.899: [GC (Allocation Failure)  584302K->272433K(1033728K), 0.0039031 secs]
295.903: Total time for which application threads were stopped: 0.0040349 seconds, Stopping threads took: 0.0000164 seconds
295.967: [GC (Allocation Failure)  591921K->272433K(1033728K), 0.0040319 secs]
295.971: Total time for which application threads were stopped: 0.0041802 seconds, Stopping threads took: 0.0000191 seconds
296.033: [GC (Allocation Failure)  591921K->272585K(1033728K), 0.0040032 secs]
296.037: Total time for which application threads were stopped: 0.0041562 seconds, Stopping threads took: 0.0000253 seconds
296.102: [GC (Allocation Failure)  592073K->280491K(1033728K), 0.0039308 secs]
296.106: Total time for which application threads were stopped: 0.0040703 seconds, Stopping threads took: 0.0000262 seconds
296.170: [GC (Allocation Failure)  599979K->280459K(1033728K), 0.0041861 secs]
296.175: Total time for which application threads were stopped: 0.0043190 seconds, Stopping threads took: 0.0000191 seconds
296.239: [GC (Allocation Failure)  599947K->280523K(1033728K), 0.0040363 secs]
296.243: Total time for which application threads were stopped: 0.0041686 seconds, Stopping threads took: 0.0000183 seconds
296.305: [GC (Allocation Failure)  600011K->288493K(1027072K), 0.0041388 secs]
296.309: Total time for which application threads were stopped: 0.0042936 seconds, Stopping threads took: 0.0000244 seconds
296.370: [GC (Allocation Failure)  607981K->284587K(1034240K), 0.0032169 secs]
296.374: Total time for which application threads were stopped: 0.0033471 seconds, Stopping threads took: 0.0000186 seconds
296.439: [GC (Allocation Failure)  604075K->288653K(1033216K), 0.0041497 secs]
296.444: Total time for which application threads were stopped: 0.0042948 seconds, Stopping threads took: 0.0000184 seconds
296.509: [GC (Allocation Failure)  608141K->292621K(1034752K), 0.0040029 secs]
296.513: Total time for which application threads were stopped: 0.0041346 seconds, Stopping threads took: 0.0000237 seconds
296.576: [GC (Allocation Failure)  614157K->285835K(1034752K), 0.0016374 secs]
296.577: Total time for which application threads were stopped: 0.0017838 seconds, Stopping threads took: 0.0000239 seconds
296.641: [GC (Allocation Failure)  607371K->292693K(1034752K), 0.0040501 secs]
296.646: Total time for which application threads were stopped: 0.0041970 seconds, Stopping threads took: 0.0000183 seconds
296.707: [GC (Allocation Failure)  614229K->296773K(1034752K), 0.0050646 secs]
296.712: Total time for which application threads were stopped: 0.0051964 seconds, Stopping threads took: 0.0000189 seconds
296.775: [GC (Allocation Failure)  618309K->291235K(1034752K), 0.0022435 secs]
296.778: Total time for which application threads were stopped: 0.0023730 seconds, Stopping threads took: 0.0000193 seconds
296.845: [GC (Allocation Failure)  612771K->297013K(1034752K), 0.0041306 secs]
296.849: Total time for which application threads were stopped: 0.0043203 seconds, Stopping threads took: 0.0000173 seconds
296.915: [GC (Allocation Failure)  618549K->300949K(1034752K), 0.0046760 secs]
296.920: Total time for which application threads were stopped: 0.0048262 seconds, Stopping threads took: 0.0000168 seconds
296.984: [GC (Allocation Failure)  623438K->297043K(1035264K), 0.0030940 secs]
296.987: Total time for which application threads were stopped: 0.0032288 seconds, Stopping threads took: 0.0000199 seconds
297.054: [GC (Allocation Failure)  619603K->301069K(1036288K), 0.0041474 secs]
297.058: Total time for which application threads were stopped: 0.0042717 seconds, Stopping threads took: 0.0000199 seconds
297.122: [GC (Allocation Failure)  625165K->305069K(1035776K), 0.0039410 secs]
297.126: Total time for which application threads were stopped: 0.0040697 seconds, Stopping threads took: 0.0000188 seconds
297.191: [GC (Allocation Failure)  629165K->305069K(1035776K), 0.0040135 secs]
297.195: Total time for which application threads were stopped: 0.0041709 seconds, Stopping threads took: 0.0000245 seconds
297.259: [GC (Allocation Failure)  628653K->305093K(1023488K), 0.0041377 secs]
297.263: Total time for which application threads were stopped: 0.0042772 seconds, Stopping threads took: 0.0000192 seconds
297.326: [GC (Allocation Failure)  628677K->313096K(1035264K), 0.0041969 secs]
297.330: Total time for which application threads were stopped: 0.0043343 seconds, Stopping threads took: 0.0000200 seconds
297.393: [GC (Allocation Failure)  635656K->313032K(1030144K), 0.0039865 secs]
297.397: Total time for which application threads were stopped: 0.0041285 seconds, Stopping threads took: 0.0000270 seconds
297.461: [GC (Allocation Failure)  635592K->313128K(1034752K), 0.0064658 secs]
297.467: Total time for which application threads were stopped: 0.0066148 seconds, Stopping threads took: 0.0000190 seconds
297.531: [GC (Allocation Failure)  634664K->321098K(1034752K), 0.0041800 secs]
297.535: Total time for which application threads were stopped: 0.0043206 seconds, Stopping threads took: 0.0000254 seconds
297.599: [GC (Allocation Failure)  642634K->321098K(1033728K), 0.0039704 secs]
297.603: Total time for which application threads were stopped: 0.0041029 seconds, Stopping threads took: 0.0000189 seconds
297.667: [GC (Allocation Failure)  641610K->321354K(1034240K), 0.0041517 secs]
297.672: Total time for which application threads were stopped: 0.0042954 seconds, Stopping threads took: 0.0000263 seconds
297.735: [GC (Allocation Failure)  641866K->329164K(1034240K), 0.0041038 secs]
297.739: Total time for which application threads were stopped: 0.0042353 seconds, Stopping threads took: 0.0000182 seconds
297.803: [GC (Allocation Failure)  649676K->329164K(1034240K), 0.0041148 secs]
297.807: Total time for which application threads were stopped: 0.0042499 seconds, Stopping threads took: 0.0000191 seconds
297.873: [GC (Allocation Failure)  649676K->329580K(1033216K), 0.0042475 secs]
297.877: Total time for which application threads were stopped: 0.0044396 seconds, Stopping threads took: 0.0000202 seconds
297.945: [GC (Allocation Failure)  649068K->337198K(1033728K), 0.0043829 secs]
297.950: Total time for which application threads were stopped: 0.0045280 seconds, Stopping threads took: 0.0000171 seconds
298.016: [GC (Allocation Failure)  656686K->337198K(1033728K), 0.0040111 secs]
298.020: Total time for which application threads were stopped: 0.0041576 seconds, Stopping threads took: 0.0000275 seconds
298.083: [GC (Allocation Failure)  656686K->337286K(1033728K), 0.0042143 secs]
298.087: Total time for which application threads were stopped: 0.0043496 seconds, Stopping threads took: 0.0000261 seconds
298.151: [GC (Allocation Failure)  656774K->345257K(1033728K), 0.0041278 secs]
298.155: Total time for which application threads were stopped: 0.0042670 seconds, Stopping threads took: 0.0000181 seconds
298.219: [GC (Allocation Failure)  664745K->345193K(1033728K), 0.0043009 secs]
298.223: Total time for which application threads were stopped: 0.0044373 seconds, Stopping threads took: 0.0000235 seconds
298.285: [GC (Allocation Failure)  664681K->345257K(1032704K), 0.0042270 secs]
298.289: Total time for which application threads were stopped: 0.0043826 seconds, Stopping threads took: 0.0000236 seconds
298.352: [GC (Allocation Failure)  663721K->353195K(1033216K), 0.0041491 secs]
298.356: Total time for which application threads were stopped: 0.0042963 seconds, Stopping threads took: 0.0000244 seconds
298.421: [GC (Allocation Failure)  671659K->347657K(1033728K), 0.0022500 secs]
298.423: Total time for which application threads were stopped: 0.0023978 seconds, Stopping threads took: 0.0000268 seconds
298.485: [GC (Allocation Failure)  666633K->353515K(1033216K), 0.0042195 secs]
298.489: Total time for which application threads were stopped: 0.0043544 seconds, Stopping threads took: 0.0000179 seconds
298.553: [GC (Allocation Failure)  672491K->357339K(1034240K), 0.0044772 secs]
298.557: Total time for which application threads were stopped: 0.0046083 seconds, Stopping threads took: 0.0000182 seconds
298.620: [GC (Allocation Failure)  677851K->363289K(1034240K), 0.0068253 secs]
298.627: Total time for which application threads were stopped: 0.0069643 seconds, Stopping threads took: 0.0000177 seconds
298.691: [GC (Allocation Failure)  683801K->357531K(1030144K), 0.0044544 secs]
298.696: Total time for which application threads were stopped: 0.0046005 seconds, Stopping threads took: 0.0000256 seconds
298.760: [GC (Allocation Failure)  673947K->357403K(1032192K), 0.0041682 secs]
298.764: Total time for which application threads were stopped: 0.0042996 seconds, Stopping threads took: 0.0000186 seconds
298.828: [GC (Allocation Failure)  673819K->353209K(1033216K), 0.0039675 secs]
298.832: Total time for which application threads were stopped: 0.0041260 seconds, Stopping threads took: 0.0000256 seconds
298.899: [GC (Allocation Failure)  671161K->357467K(1032704K), 0.0041315 secs]
298.903: Total time for which application threads were stopped: 0.0042847 seconds, Stopping threads took: 0.0000199 seconds
298.968: [GC (Allocation Failure)  675419K->357339K(1033728K), 0.0043876 secs]
298.972: Total time for which application threads were stopped: 0.0045204 seconds, Stopping threads took: 0.0000168 seconds
299.034: [GC (Allocation Failure)  676315K->361019K(1033216K), 0.0049926 secs]
299.039: Total time for which application threads were stopped: 0.0051302 seconds, Stopping threads took: 0.0000190 seconds
299.104: [GC (Allocation Failure)  679995K->365469K(1034240K), 0.0041218 secs]
299.108: Total time for which application threads were stopped: 0.0042688 seconds, Stopping threads took: 0.0000205 seconds
299.172: [GC (Allocation Failure)  685469K->365405K(1033728K), 0.0042923 secs]
299.176: Total time for which application threads were stopped: 0.0044418 seconds, Stopping threads took: 0.0000197 seconds
299.238: [GC (Allocation Failure)  685405K->368733K(1034240K), 0.0050548 secs]
299.243: Total time for which application threads were stopped: 0.0051919 seconds, Stopping threads took: 0.0000188 seconds
299.307: [GC (Allocation Failure)  689245K->373439K(1034240K), 0.0042072 secs]
299.311: Total time for which application threads were stopped: 0.0043506 seconds, Stopping threads took: 0.0000190 seconds
299.378: [GC (Allocation Failure)  693951K->373439K(1034752K), 0.0039612 secs]
299.382: Total time for which application threads were stopped: 0.0040936 seconds, Stopping threads took: 0.0000187 seconds
299.443: [GC (Allocation Failure)  694975K->375911K(1034752K), 0.0047097 secs]
299.448: Total time for which application threads were stopped: 0.0048395 seconds, Stopping threads took: 0.0000187 seconds
299.512: [GC (Allocation Failure)  697447K->381514K(1034752K), 0.0042309 secs]
299.517: Total time for which application threads were stopped: 0.0043634 seconds, Stopping threads took: 0.0000178 seconds
299.580: [GC (Allocation Failure)  703050K->381482K(1034752K), 0.0042106 secs]
299.584: Total time for which application threads were stopped: 0.0043397 seconds, Stopping threads took: 0.0000184 seconds
299.645: [GC (Allocation Failure)  703018K->385194K(1035264K), 0.0051759 secs]
299.651: Total time for which application threads were stopped: 0.0053223 seconds, Stopping threads took: 0.0000251 seconds
299.715: [GC (Allocation Failure)  707242K->389548K(1034752K), 0.0043909 secs]
299.719: Total time for which application threads were stopped: 0.0045320 seconds, Stopping threads took: 0.0000182 seconds
299.784: [GC (Allocation Failure)  711596K->389516K(1035264K), 0.0041562 secs]
299.788: Total time for which application threads were stopped: 0.0043059 seconds, Stopping threads took: 0.0000199 seconds
299.855: [GC (Allocation Failure)  712076K->392388K(1035264K), 0.0050937 secs]
299.860: Total time for which application threads were stopped: 0.0052371 seconds, Stopping threads took: 0.0000168 seconds
299.927: [GC (Allocation Failure)  714948K->397638K(1035264K), 0.0041850 secs]
299.931: Total time for which application threads were stopped: 0.0043564 seconds, Stopping threads took: 0.0000186 seconds
299.998: [GC (Allocation Failure)  720198K->397542K(1035264K), 0.0041460 secs]
300.002: Total time for which application threads were stopped: 0.0042978 seconds, Stopping threads took: 0.0000269 seconds
300.064: [GC (Allocation Failure)  720102K->400614K(1035264K), 0.0049007 secs]
300.069: Total time for which application threads were stopped: 0.0050349 seconds, Stopping threads took: 0.0000189 seconds
300.133: [GC (Allocation Failure)  723174K->405608K(1035264K), 0.0042486 secs]
300.137: Total time for which application threads were stopped: 0.0043878 seconds, Stopping threads took: 0.0000265 seconds
300.201: [GC (Allocation Failure)  728168K->405576K(1035264K), 0.0042341 secs]
300.205: Total time for which application threads were stopped: 0.0044899 seconds, Stopping threads took: 0.0000181 seconds
300.267: [GC (Allocation Failure)  728136K->400806K(1035264K), 0.0025150 secs]
300.270: Total time for which application threads were stopped: 0.0026541 seconds, Stopping threads took: 0.0000187 seconds
300.336: [GC (Allocation Failure)  723366K->405832K(1035264K), 0.0042604 secs]
300.341: Total time for which application threads were stopped: 0.0043961 seconds, Stopping threads took: 0.0000263 seconds
300.407: [GC (Allocation Failure)  728392K->405576K(1035264K), 0.0042536 secs]
300.411: Total time for which application threads were stopped: 0.0043888 seconds, Stopping threads took: 0.0000170 seconds
300.476: [GC (Allocation Failure)  728136K->405094K(1035776K), 0.0042210 secs]
300.480: Total time for which application threads were stopped: 0.0043547 seconds, Stopping threads took: 0.0000196 seconds
300.547: [GC (Allocation Failure)  728166K->405768K(1035264K), 0.0042088 secs]
300.551: Total time for which application threads were stopped: 0.0043296 seconds, Stopping threads took: 0.0000192 seconds
300.617: [GC (Allocation Failure)  728840K->405576K(1035776K), 0.0042384 secs]
300.621: Total time for which application threads were stopped: 0.0043622 seconds, Stopping threads took: 0.0000154 seconds
300.686: [GC (Allocation Failure)  729160K->411406K(1035776K), 0.0071057 secs]
300.693: Total time for which application threads were stopped: 0.0072486 seconds, Stopping threads took: 0.0000190 seconds
300.757: [GC (Allocation Failure)  734990K->406832K(1032704K), 0.0042855 secs]
300.761: Total time for which application threads were stopped: 0.0044325 seconds, Stopping threads took: 0.0000248 seconds
300.825: [GC (Allocation Failure)  727344K->406672K(1034240K), 0.0058829 secs]
300.831: Total time for which application threads were stopped: 0.0060454 seconds, Stopping threads took: 0.0000249 seconds
300.898: [GC (Allocation Failure)  727184K->413734K(1030656K), 0.0074357 secs]
300.905: Total time for which application threads were stopped: 0.0075757 seconds, Stopping threads took: 0.0000197 seconds
300.969: [GC (Allocation Failure)  731174K->408072K(1032704K), 0.0044817 secs]
300.974: Total time for which application threads were stopped: 0.0046268 seconds, Stopping threads took: 0.0000283 seconds
301.039: [GC (Allocation Failure)  725512K->407976K(1033728K), 0.0042183 secs]
301.044: Total time for which application threads were stopped: 0.0043570 seconds, Stopping threads took: 0.0000262 seconds
301.108: [GC (Allocation Failure)  726952K->405542K(1033216K), 0.0035359 secs]
301.111: Total time for which application threads were stopped: 0.0036789 seconds, Stopping threads took: 0.0000279 seconds
301.175: [GC (Allocation Failure)  724518K->408008K(1034752K), 0.0042450 secs]
301.179: Total time for which application threads were stopped: 0.0043814 seconds, Stopping threads took: 0.0000190 seconds
301.243: [GC (Allocation Failure)  729032K->407976K(1034240K), 0.0041188 secs]
301.247: Total time for which application threads were stopped: 0.0042651 seconds, Stopping threads took: 0.0000200 seconds
301.310: [GC (Allocation Failure)  729000K->403174K(1034240K), 0.0025769 secs]
301.312: Total time for which application threads were stopped: 0.0027130 seconds, Stopping threads took: 0.0000194 seconds
301.378: [GC (Allocation Failure)  724710K->408232K(1034752K), 0.0042862 secs]
301.382: Total time for which application threads were stopped: 0.0044190 seconds, Stopping threads took: 0.0000185 seconds
301.445: [GC (Allocation Failure)  729768K->407976K(1035776K), 0.0045645 secs]
301.450: Total time for which application threads were stopped: 0.0047273 seconds, Stopping threads took: 0.0000182 seconds
301.511: [GC (Allocation Failure)  731048K->405958K(1035264K), 0.0035738 secs]
301.515: Total time for which application threads were stopped: 0.0037066 seconds, Stopping threads took: 0.0000185 seconds
301.576: [GC (Allocation Failure)  729030K->408136K(1036288K), 0.0044915 secs]
301.581: Total time for which application threads were stopped: 0.0046290 seconds, Stopping threads took: 0.0000180 seconds
301.645: [GC (Allocation Failure)  732232K->407976K(1035776K), 0.0042533 secs]
301.649: Total time for which application threads were stopped: 0.0044095 seconds, Stopping threads took: 0.0000242 seconds
301.715: [GC (Allocation Failure)  732072K->413798K(1033216K), 0.0071555 secs]
301.722: Total time for which application threads were stopped: 0.0073038 seconds, Stopping threads took: 0.0000199 seconds
301.786: [GC (Allocation Failure)  735334K->409704K(1034752K), 0.0044129 secs]
301.790: Total time for which application threads were stopped: 0.0045604 seconds, Stopping threads took: 0.0000186 seconds
301.857: [GC (Allocation Failure)  731240K->409576K(1035264K), 0.0044127 secs]
301.862: Total time for which application threads were stopped: 0.0045860 seconds, Stopping threads took: 0.0000203 seconds
301.930: [GC (Allocation Failure)  732136K->417646K(1035264K), 0.0082159 secs]
301.939: Total time for which application threads were stopped: 0.0085229 seconds, Stopping threads took: 0.0000200 seconds
302.006: [GC (Allocation Failure)  740206K->412464K(1032192K), 0.0044096 secs]
302.011: Total time for which application threads were stopped: 0.0045588 seconds, Stopping threads took: 0.0000261 seconds
302.076: [GC (Allocation Failure)  731952K->412432K(1033728K), 0.0043364 secs]
302.080: Total time for which application threads were stopped: 0.0044738 seconds, Stopping threads took: 0.0000192 seconds
302.142: [GC (Allocation Failure)  731920K->418670K(1031680K), 0.0070017 secs]
302.149: Total time for which application threads were stopped: 0.0071352 seconds, Stopping threads took: 0.0000185 seconds
302.213: [GC (Allocation Failure)  736110K->412432K(1032704K), 0.0044064 secs]
302.218: Total time for which application threads were stopped: 0.0045284 seconds, Stopping threads took: 0.0000165 seconds
302.284: [GC (Allocation Failure)  729872K->412432K(1033216K), 0.0042975 secs]
302.288: Total time for which application threads were stopped: 0.0044302 seconds, Stopping threads took: 0.0000191 seconds
302.350: [GC (Allocation Failure)  730384K->408142K(1032704K), 0.0027279 secs]
302.353: Total time for which application threads were stopped: 0.0028568 seconds, Stopping threads took: 0.0000200 seconds
302.417: [GC (Allocation Failure)  726094K->412624K(1033728K), 0.0044245 secs]
302.421: Total time for which application threads were stopped: 0.0045691 seconds, Stopping threads took: 0.0000181 seconds
302.484: [GC (Allocation Failure)  731600K->412432K(1033216K), 0.0042950 secs]
302.488: Total time for which application threads were stopped: 0.0044353 seconds, Stopping threads took: 0.0000323 seconds
302.550: [GC (Allocation Failure)  731408K->412744K(1032192K), 0.0042272 secs]
302.555: Total time for which application threads were stopped: 0.0043765 seconds, Stopping threads took: 0.0000187 seconds
302.620: [GC (Allocation Failure)  731208K->420459K(1033216K), 0.0044540 secs]
302.624: Total time for which application threads were stopped: 0.0045985 seconds, Stopping threads took: 0.0000187 seconds
302.689: [GC (Allocation Failure)  738923K->420395K(1034240K), 0.0042212 secs]
302.693: Total time for which application threads were stopped: 0.0043356 seconds, Stopping threads took: 0.0000149 seconds
302.755: [GC (Allocation Failure)  740395K->422531K(1033728K), 0.0047638 secs]
302.760: Total time for which application threads were stopped: 0.0049039 seconds, Stopping threads took: 0.0000193 seconds
302.824: [GC (Allocation Failure)  742531K->428549K(1034240K), 0.0049907 secs]
302.829: Total time for which application threads were stopped: 0.0051541 seconds, Stopping threads took: 0.0000165 seconds
302.895: [GC (Allocation Failure)  749061K->428453K(1034240K), 0.0043645 secs]
302.899: Total time for which application threads were stopped: 0.0045138 seconds, Stopping threads took: 0.0000166 seconds
302.963: [GC (Allocation Failure)  748965K->432325K(1034752K), 0.0053866 secs]
302.969: Total time for which application threads were stopped: 0.0055276 seconds, Stopping threads took: 0.0000195 seconds
303.030: [GC (Allocation Failure)  753861K->436519K(1034752K), 0.0043459 secs]
303.035: Total time for which application threads were stopped: 0.0044771 seconds, Stopping threads took: 0.0000185 seconds
303.096: [GC (Allocation Failure)  758055K->436487K(1035264K), 0.0042642 secs]
303.101: Total time for which application threads were stopped: 0.0043950 seconds, Stopping threads took: 0.0000180 seconds
303.163: [GC (Allocation Failure)  759047K->438503K(1035264K), 0.0045888 secs]
303.168: Total time for which application threads were stopped: 0.0047419 seconds, Stopping threads took: 0.0000194 seconds
303.234: [GC (Allocation Failure)  761063K->444554K(1035264K), 0.0043336 secs]
303.239: Total time for which application threads were stopped: 0.0044574 seconds, Stopping threads took: 0.0000152 seconds
303.304: [GC (Allocation Failure)  767114K->444522K(1035264K), 0.0044582 secs]
303.309: Total time for which application threads were stopped: 0.0046173 seconds, Stopping threads took: 0.0000276 seconds
303.371: [GC (Allocation Failure)  767082K->446730K(1035264K), 0.0047703 secs]
303.376: Total time for which application threads were stopped: 0.0048920 seconds, Stopping threads took: 0.0000161 seconds
303.442: [GC (Allocation Failure)  769290K->452556K(1035264K), 0.0044230 secs]
303.446: Total time for which application threads were stopped: 0.0045628 seconds, Stopping threads took: 0.0000192 seconds
303.511: [GC (Allocation Failure)  775116K->452556K(1035264K), 0.0070208 secs]
303.518: Total time for which application threads were stopped: 0.0071697 seconds, Stopping threads took: 0.0000276 seconds
303.582: [GC (Allocation Failure)  775116K->454948K(1035264K), 0.0049884 secs]
303.587: Total time for which application threads were stopped: 0.0051288 seconds, Stopping threads took: 0.0000195 seconds
303.651: [GC (Allocation Failure)  777508K->460742K(1035264K), 0.0045073 secs]
303.656: Total time for which application threads were stopped: 0.0046426 seconds, Stopping threads took: 0.0000188 seconds
303.722: [GC (Allocation Failure)  783302K->460582K(1035264K), 0.0041781 secs]
303.726: Total time for which application threads were stopped: 0.0043082 seconds, Stopping threads took: 0.0000181 seconds
303.787: [GC (Allocation Failure)  783142K->455108K(1035264K), 0.0025590 secs]
303.789: Total time for which application threads were stopped: 0.0026974 seconds, Stopping threads took: 0.0000181 seconds
303.857: [GC (Allocation Failure)  777668K->460678K(1035264K), 0.0044039 secs]
303.862: Total time for which application threads were stopped: 0.0045553 seconds, Stopping threads took: 0.0000191 seconds
303.926: [GC (Allocation Failure)  783238K->460582K(1035264K), 0.0045196 secs]
303.930: Total time for which application threads were stopped: 0.0046522 seconds, Stopping threads took: 0.0000189 seconds
303.993: [GC (Allocation Failure)  783142K->459428K(1035264K), 0.0041847 secs]
303.997: Total time for which application threads were stopped: 0.0043393 seconds, Stopping threads took: 0.0000255 seconds
304.061: [GC (Allocation Failure)  781988K->460646K(1035776K), 0.0046121 secs]
304.065: Total time for which application threads were stopped: 0.0047332 seconds, Stopping threads took: 0.0000153 seconds
304.129: [GC (Allocation Failure)  784230K->460582K(1035776K), 0.0042788 secs]
304.134: Total time for which application threads were stopped: 0.0044268 seconds, Stopping threads took: 0.0000243 seconds
304.197: [GC (Allocation Failure)  784166K->465740K(1032704K), 0.0067618 secs]
304.204: Total time for which application threads were stopped: 0.0069010 seconds, Stopping threads took: 0.0000193 seconds
304.267: [GC (Allocation Failure)  786252K->461230K(1034240K), 0.0046185 secs]
304.272: Total time for which application threads were stopped: 0.0047725 seconds, Stopping threads took: 0.0000194 seconds
304.338: [GC (Allocation Failure)  781742K->461006K(1035264K), 0.0043273 secs]
304.342: Total time for which application threads were stopped: 0.0044590 seconds, Stopping threads took: 0.0000187 seconds
304.406: [GC (Allocation Failure)  783054K->465900K(1034752K), 0.0064887 secs]
304.413: Total time for which application threads were stopped: 0.0066249 seconds, Stopping threads took: 0.0000185 seconds
304.476: [GC (Allocation Failure)  787948K->461198K(1033728K), 0.0045380 secs]
304.481: Total time for which application threads were stopped: 0.0046710 seconds, Stopping threads took: 0.0000183 seconds
304.545: [GC (Allocation Failure)  781710K->461038K(1034240K), 0.0041698 secs]
304.550: Total time for which application threads were stopped: 0.0043073 seconds, Stopping threads took: 0.0000184 seconds
304.612: [GC (Allocation Failure)  781550K->465612K(1032704K), 0.0062858 secs]
304.619: Total time for which application threads were stopped: 0.0064222 seconds, Stopping threads took: 0.0000187 seconds
304.681: [GC (Allocation Failure)  785100K->461166K(1033728K), 0.0045803 secs]
304.685: Total time for which application threads were stopped: 0.0047135 seconds, Stopping threads took: 0.0000188 seconds
304.750: [GC (Allocation Failure)  780654K->461006K(1034752K), 0.0044314 secs]
304.754: Total time for which application threads were stopped: 0.0045781 seconds, Stopping threads took: 0.0000344 seconds
304.818: [GC (Allocation Failure)  782030K->462220K(1034240K), 0.0070906 secs]
304.825: Total time for which application threads were stopped: 0.0072686 seconds, Stopping threads took: 0.0000254 seconds
304.893: [GC (Allocation Failure)  783244K->461134K(1035264K), 0.0042896 secs]
304.897: Total time for which application threads were stopped: 0.0044308 seconds, Stopping threads took: 0.0000195 seconds
304.962: [GC (Allocation Failure)  783182K->461006K(1034752K), 0.0046387 secs]
304.967: Total time for which application threads were stopped: 0.0047632 seconds, Stopping threads took: 0.0000169 seconds
305.031: [GC (Allocation Failure)  783054K->463948K(1034752K), 0.0055557 secs]
305.037: Total time for which application threads were stopped: 0.0056979 seconds, Stopping threads took: 0.0000177 seconds
305.100: [GC (Allocation Failure)  786508K->461038K(1035264K), 0.0045300 secs]
305.104: Total time for which application threads were stopped: 0.0046623 seconds, Stopping threads took: 0.0000178 seconds
305.167: [GC (Allocation Failure)  783598K->461038K(1035776K), 0.0045574 secs]
305.172: Total time for which application threads were stopped: 0.0046946 seconds, Stopping threads took: 0.0000175 seconds
305.237: [GC (Allocation Failure)  784110K->468740K(1035264K), 0.0080295 secs]
305.245: Total time for which application threads were stopped: 0.0081805 seconds, Stopping threads took: 0.0000181 seconds
305.311: [GC (Allocation Failure)  791812K->464262K(1032192K), 0.0044797 secs]
305.315: Total time for which application threads were stopped: 0.0046213 seconds, Stopping threads took: 0.0000258 seconds
305.379: [GC (Allocation Failure)  783750K->464038K(1033728K), 0.0044269 secs]
305.383: Total time for which application threads were stopped: 0.0045771 seconds, Stopping threads took: 0.0000210 seconds
305.448: [GC (Allocation Failure)  783526K->470388K(1031168K), 0.0072914 secs]
305.455: Total time for which application threads were stopped: 0.0074486 seconds, Stopping threads took: 0.0000243 seconds
305.519: [GC (Allocation Failure)  787828K->464294K(1032704K), 0.0043512 secs]
305.523: Total time for which application threads were stopped: 0.0044866 seconds, Stopping threads took: 0.0000191 seconds
305.585: [GC (Allocation Failure)  781734K->464134K(1033216K), 0.0045253 secs]
305.590: Total time for which application threads were stopped: 0.0046688 seconds, Stopping threads took: 0.0000177 seconds
305.652: [GC (Allocation Failure)  782598K->460516K(1033216K), 0.0031290 secs]
305.655: Total time for which application threads were stopped: 0.0032485 seconds, Stopping threads took: 0.0000153 seconds
305.719: [GC (Allocation Failure)  778980K->464262K(1033728K), 0.0046539 secs]
305.724: Total time for which application threads were stopped: 0.0047963 seconds, Stopping threads took: 0.0000196 seconds
305.787: [GC (Allocation Failure)  783238K->464134K(1033216K), 0.0043951 secs]
305.791: Total time for which application threads were stopped: 0.0045276 seconds, Stopping threads took: 0.0000183 seconds
305.856: [GC (Allocation Failure)  783110K->465670K(1032192K), 0.0048256 secs]
305.861: Total time for which application threads were stopped: 0.0049766 seconds, Stopping threads took: 0.0000169 seconds
305.929: [GC (Allocation Failure)  784134K->472264K(1033216K), 0.0045537 secs]
305.934: Total time for which application threads were stopped: 0.0047172 seconds, Stopping threads took: 0.0000198 seconds
305.999: [GC (Allocation Failure)  790728K->472200K(1034752K), 0.0044384 secs]
306.004: Total time for which application threads were stopped: 0.0046187 seconds, Stopping threads took: 0.0000338 seconds
306.071: [GC (Allocation Failure)  793224K->472352K(1020928K), 0.0055301 secs]
306.076: Total time for which application threads were stopped: 0.0057063 seconds, Stopping threads took: 0.0000198 seconds
306.144: [GC (Allocation Failure)  793376K->480227K(1034240K), 0.0046872 secs]
306.149: Total time for which application threads were stopped: 0.0048469 seconds, Stopping threads took: 0.0000195 seconds
306.215: [GC (Allocation Failure)  800227K->480163K(1033728K), 0.0044101 secs]
306.220: Total time for which application threads were stopped: 0.0045674 seconds, Stopping threads took: 0.0000200 seconds
306.282: [GC (Allocation Failure)  800163K->482155K(1033728K), 0.0047241 secs]
306.287: Total time for which application threads were stopped: 0.0048926 seconds, Stopping threads took: 0.0000196 seconds
306.354: [GC (Allocation Failure)  802667K->488237K(1034240K), 0.0047852 secs]
306.358: Total time for which application threads were stopped: 0.0049528 seconds, Stopping threads took: 0.0000192 seconds
306.425: [GC (Allocation Failure)  808749K->488237K(1034752K), 0.0043047 secs]
306.430: Total time for which application threads were stopped: 0.0044519 seconds, Stopping threads took: 0.0000199 seconds
306.491: [GC (Allocation Failure)  809773K->489381K(1034752K), 0.0047932 secs]
306.496: Total time for which application threads were stopped: 0.0049218 seconds, Stopping threads took: 0.0000187 seconds
306.562: [GC (Allocation Failure)  810917K->496327K(1034752K), 0.0043262 secs]
306.566: Total time for which application threads were stopped: 0.0044724 seconds, Stopping threads took: 0.0000185 seconds
306.631: [GC (Allocation Failure)  817863K->496263K(1034752K), 0.0043312 secs]
306.635: Total time for which application threads were stopped: 0.0044684 seconds, Stopping threads took: 0.0000255 seconds
306.695: [GC (Allocation Failure)  817799K->498599K(1034752K), 0.0049447 secs]
306.700: Total time for which application threads were stopped: 0.0050896 seconds, Stopping threads took: 0.0000192 seconds
306.764: [GC (Allocation Failure)  820135K->504393K(1034752K), 0.0044606 secs]
306.769: Total time for which application threads were stopped: 0.0046106 seconds, Stopping threads took: 0.0000242 seconds
306.835: [GC (Allocation Failure)  825929K->504297K(1034752K), 0.0045717 secs]
306.840: Total time for which application threads were stopped: 0.0047596 seconds, Stopping threads took: 0.0000252 seconds
306.905: [GC (Allocation Failure)  825833K->507913K(1034752K), 0.0054777 secs]
306.911: Total time for which application threads were stopped: 0.0056508 seconds, Stopping threads took: 0.0000204 seconds
306.979: [GC (Allocation Failure)  829449K->512364K(1035264K), 0.0045874 secs]
306.983: Total time for which application threads were stopped: 0.0047718 seconds, Stopping threads took: 0.0000199 seconds
307.054: [GC (Allocation Failure)  834924K->512364K(1035264K), 0.0046429 secs]
307.059: Total time for which application threads were stopped: 0.0048257 seconds, Stopping threads took: 0.0000284 seconds
307.127: [GC (Allocation Failure)  834924K->515116K(1035264K), 0.0051036 secs]
307.132: Total time for which application threads were stopped: 0.0052702 seconds, Stopping threads took: 0.0000195 seconds
307.200: [GC (Allocation Failure)  837676K->520366K(1035264K), 0.0045450 secs]
307.205: Total time for which application threads were stopped: 0.0047035 seconds, Stopping threads took: 0.0000197 seconds
307.272: [GC (Allocation Failure)  842926K->520334K(1035264K), 0.0044461 secs]
307.277: Total time for which application threads were stopped: 0.0046029 seconds, Stopping threads took: 0.0000192 seconds
307.342: [GC (Allocation Failure)  842894K->523302K(1035264K), 0.0052365 secs]
307.347: Total time for which application threads were stopped: 0.0053863 seconds, Stopping threads took: 0.0000199 seconds
307.410: [GC (Allocation Failure)  845862K->528584K(1035264K), 0.0045392 secs]
307.415: Total time for which application threads were stopped: 0.0046694 seconds, Stopping threads took: 0.0000193 seconds
307.481: [GC (Allocation Failure)  851144K->528424K(1035264K), 0.0045753 secs]
307.486: Total time for which application threads were stopped: 0.0047224 seconds, Stopping threads took: 0.0000188 seconds
307.549: [GC (Allocation Failure)  850984K->523526K(1035264K), 0.0028315 secs]
307.552: Total time for which application threads were stopped: 0.0029529 seconds, Stopping threads took: 0.0000157 seconds
307.617: [GC (Allocation Failure)  846086K->528488K(1035264K), 0.0046090 secs]
307.622: Total time for which application threads were stopped: 0.0047584 seconds, Stopping threads took: 0.0000269 seconds
307.684: [GC (Allocation Failure)  851048K->528392K(1035264K), 0.0045855 secs]
307.689: Total time for which application threads were stopped: 0.0047294 seconds, Stopping threads took: 0.0000200 seconds
307.751: [GC (Allocation Failure)  850952K->527814K(1035264K), 0.0044482 secs]
307.756: Total time for which application threads were stopped: 0.0045927 seconds, Stopping threads took: 0.0000192 seconds
307.817: [GC (Allocation Failure)  850374K->528456K(1035776K), 0.0081291 secs]
307.826: Total time for which application threads were stopped: 0.0082888 seconds, Stopping threads took: 0.0000236 seconds
307.892: [GC (Allocation Failure)  852040K->528392K(1035776K), 0.0047209 secs]
307.897: Total time for which application threads were stopped: 0.0048901 seconds, Stopping threads took: 0.0000198 seconds
307.962: [GC (Allocation Failure)  851976K->534118K(1031680K), 0.0072754 secs]
307.969: Total time for which application threads were stopped: 0.0074353 seconds, Stopping threads took: 0.0000278 seconds
308.034: [GC (Allocation Failure)  853606K->529416K(1033728K), 0.0046621 secs]
308.039: Total time for which application threads were stopped: 0.0048037 seconds, Stopping threads took: 0.0000256 seconds
308.106: [GC (Allocation Failure)  848904K->529416K(1034752K), 0.0046414 secs]
308.111: Total time for which application threads were stopped: 0.0047990 seconds, Stopping threads took: 0.0000199 seconds
308.175: [GC (Allocation Failure)  850440K->531782K(1034240K), 0.0056850 secs]
308.181: Total time for which application threads were stopped: 0.0058377 seconds, Stopping threads took: 0.0000275 seconds
308.244: [GC (Allocation Failure)  852806K->529608K(1034752K), 0.0064194 secs]
308.251: Total time for which application threads were stopped: 0.0065535 seconds, Stopping threads took: 0.0000188 seconds
308.316: [GC (Allocation Failure)  850632K->529384K(1034240K), 0.0045808 secs]
308.320: Total time for which application threads were stopped: 0.0047197 seconds, Stopping threads took: 0.0000209 seconds
308.384: [GC (Allocation Failure)  850408K->531430K(1035264K), 0.0056722 secs]
308.389: Total time for which application threads were stopped: 0.0058247 seconds, Stopping threads took: 0.0000195 seconds
308.454: [GC (Allocation Failure)  853990K->529576K(1035264K), 0.0046771 secs]
308.459: Total time for which application threads were stopped: 0.0048705 seconds, Stopping threads took: 0.0000268 seconds
308.524: [GC (Allocation Failure)  852136K->529384K(1036288K), 0.0044775 secs]
308.528: Total time for which application threads were stopped: 0.0046196 seconds, Stopping threads took: 0.0000276 seconds
308.592: [GC (Allocation Failure)  853480K->537254K(1035776K), 0.0086136 secs]
308.601: Total time for which application threads were stopped: 0.0087806 seconds, Stopping threads took: 0.0000247 seconds
308.666: [GC (Allocation Failure)  861350K->533160K(1032704K), 0.0047998 secs]
308.671: Total time for which application threads were stopped: 0.0049391 seconds, Stopping threads took: 0.0000186 seconds
308.733: [GC (Allocation Failure)  853672K->533064K(1034240K), 0.0047259 secs]
308.738: Total time for which application threads were stopped: 0.0048638 seconds, Stopping threads took: 0.0000178 seconds
308.802: [GC (Allocation Failure)  853576K->526310K(1033216K), 0.0020544 secs]
308.804: Total time for which application threads were stopped: 0.0021912 seconds, Stopping threads took: 0.0000181 seconds
308.871: [GC (Allocation Failure)  845798K->533120K(1033728K), 0.0044540 secs]
308.876: Total time for which application threads were stopped: 0.0046495 seconds, Stopping threads took: 0.0000199 seconds
308.945: [GC (Allocation Failure)  852608K->537176K(1034752K), 0.0054788 secs]
308.950: Total time for which application threads were stopped: 0.0056379 seconds, Stopping threads took: 0.0000167 seconds
309.019: [GC (Allocation Failure)  858200K->543398K(1034240K), 0.0073323 secs]
309.026: Total time for which application threads were stopped: 0.0075139 seconds, Stopping threads took: 0.0000263 seconds
309.095: [GC (Allocation Failure)  864422K->537608K(1033216K), 0.0050082 secs]
309.100: Total time for which application threads were stopped: 0.0051702 seconds, Stopping threads took: 0.0000207 seconds
309.166: [GC (Allocation Failure)  857096K->537640K(1033728K), 0.0047735 secs]
309.171: Total time for which application threads were stopped: 0.0049735 seconds, Stopping threads took: 0.0000200 seconds
309.238: [GC (Allocation Failure)  857128K->540550K(1033216K), 0.0059420 secs]
309.244: Total time for which application threads were stopped: 0.0061034 seconds, Stopping threads took: 0.0000198 seconds
309.308: [GC (Allocation Failure)  860038K->537896K(1033728K), 0.0045253 secs]
309.312: Total time for which application threads were stopped: 0.0046703 seconds, Stopping threads took: 0.0000285 seconds
309.376: [GC (Allocation Failure)  857384K->537608K(1034752K), 0.0044653 secs]
309.380: Total time for which application threads were stopped: 0.0046142 seconds, Stopping threads took: 0.0000194 seconds
309.445: [GC (Allocation Failure)  858632K->537126K(1034240K), 0.0044934 secs]
309.450: Total time for which application threads were stopped: 0.0046316 seconds, Stopping threads took: 0.0000191 seconds
309.513: [GC (Allocation Failure)  858150K->537800K(1035264K), 0.0045779 secs]
309.518: Total time for which application threads were stopped: 0.0047118 seconds, Stopping threads took: 0.0000184 seconds
