Java HotSpot(TM) 64-Bit Server VM (25.171-b11) for linux-amd64 JRE (1.8.0_171-b11), built on Mar 28 2018 17:07:08 by "java_re" with gcc 4.3.0 20080428 (Red Hat 4.3.0-8)
Memory: 4k page, physical 32883000k(29307608k free), swap 8000508k(8000508k free)
CommandLine flags: -XX:InitialHeapSize=1073741824 -XX:MaxHeapSize=1073741824 -XX:+PrintGC -XX:+PrintGCApplicationStoppedTime -XX:+PrintGCTimeStamps -XX:+UseCompressedClassPointers -XX:+UseCompressedOops -XX:+UseParallelGC 
0.285: [GC (Allocation Failure)  262144K->10348K(1005056K), 0.0054644 secs]
0.291: Total time for which application threads were stopped: 0.0057121 seconds, Stopping threads took: 0.0000183 seconds
0.354: [GC (Allocation Failure)  272492K->8690K(1005056K), 0.0038599 secs]
0.358: Total time for which application threads were stopped: 0.0040463 seconds, Stopping threads took: 0.0000487 seconds
0.413: [GC (Allocation Failure)  270834K->8658K(1005056K), 0.0028426 secs]
0.416: Total time for which application threads were stopped: 0.0030103 seconds, Stopping threads took: 0.0000257 seconds
0.472: [GC (Allocation Failure)  270802K->8594K(1005056K), 0.0044010 secs]
0.476: Total time for which application threads were stopped: 0.0045566 seconds, Stopping threads took: 0.0000260 seconds
0.531: [GC (Allocation Failure)  270738K->8658K(1005056K), 0.0033160 secs]
0.534: Total time for which application threads were stopped: 0.0034772 seconds, Stopping threads took: 0.0000196 seconds
0.590: [GC (Allocation Failure)  270802K->8553K(1038336K), 0.0044087 secs]
0.594: Total time for which application threads were stopped: 0.0045658 seconds, Stopping threads took: 0.0000204 seconds
0.670: [GC (Allocation Failure)  336745K->8620K(1037824K), 0.0040411 secs]
0.674: Total time for which application threads were stopped: 0.0042066 seconds, Stopping threads took: 0.0000189 seconds
0.741: [GC (Allocation Failure)  336812K->8652K(1038336K), 0.0038015 secs]
0.745: Total time for which application threads were stopped: 0.0039821 seconds, Stopping threads took: 0.0000207 seconds
0.814: [GC (Allocation Failure)  337356K->8556K(1038336K), 0.0038166 secs]
0.818: Total time for which application threads were stopped: 0.0039693 seconds, Stopping threads took: 0.0000193 seconds
0.887: [GC (Allocation Failure)  337260K->10284K(1037312K), 0.0034699 secs]
0.890: Total time for which application threads were stopped: 0.0036330 seconds, Stopping threads took: 0.0000269 seconds
0.958: [GC (Allocation Failure)  337964K->8588K(1037824K), 0.0038660 secs]
0.962: Total time for which application threads were stopped: 0.0040112 seconds, Stopping threads took: 0.0000171 seconds
1.029: [GC (Allocation Failure)  336268K->8588K(1037824K), 0.0037765 secs]
1.033: Total time for which application threads were stopped: 0.0039325 seconds, Stopping threads took: 0.0000196 seconds
1.100: [GC (Allocation Failure)  336268K->9476K(1028096K), 0.0046288 secs]
1.104: Total time for which application threads were stopped: 0.0047806 seconds, Stopping threads took: 0.0000190 seconds
1.173: [GC (Allocation Failure)  337156K->16806K(1037312K), 0.0040675 secs]
1.177: Total time for which application threads were stopped: 0.0042305 seconds, Stopping threads took: 0.0000194 seconds
1.247: [GC (Allocation Failure)  342950K->16646K(1036800K), 0.0036560 secs]
1.251: Total time for which application threads were stopped: 0.0038087 seconds, Stopping threads took: 0.0000194 seconds
1.319: [GC (Allocation Failure)  342790K->21940K(1034240K), 0.0067445 secs]
1.326: Total time for which application threads were stopped: 0.0068975 seconds, Stopping threads took: 0.0000190 seconds
1.393: [GC (Allocation Failure)  345524K->18870K(1035776K), 0.0037581 secs]
1.397: Total time for which application threads were stopped: 0.0039202 seconds, Stopping threads took: 0.0000257 seconds
1.465: [GC (Allocation Failure)  342454K->18710K(1036288K), 0.0045005 secs]
1.470: Total time for which application threads were stopped: 0.0046714 seconds, Stopping threads took: 0.0000204 seconds
1.537: [GC (Allocation Failure)  342803K->14868K(1035776K), 0.0023719 secs]
1.539: Total time for which application threads were stopped: 0.0025912 seconds, Stopping threads took: 0.0000218 seconds
1.609: [GC (Allocation Failure)  338964K->18910K(1035776K), 0.0042369 secs]
1.614: Total time for which application threads were stopped: 0.0043977 seconds, Stopping threads took: 0.0000168 seconds
1.683: [GC (Allocation Failure)  342494K->22878K(1035776K), 0.0037046 secs]
1.687: Total time for which application threads were stopped: 0.0038918 seconds, Stopping threads took: 0.0000250 seconds
1.757: [GC (Allocation Failure)  346462K->22910K(1036288K), 0.0038240 secs]
1.761: Total time for which application threads were stopped: 0.0039858 seconds, Stopping threads took: 0.0000247 seconds
1.828: [GC (Allocation Failure)  347518K->23230K(1024512K), 0.0047874 secs]
1.833: Total time for which application threads were stopped: 0.0049460 seconds, Stopping threads took: 0.0000202 seconds
1.903: [GC (Allocation Failure)  347838K->30944K(1035776K), 0.0037006 secs]
1.907: Total time for which application threads were stopped: 0.0038648 seconds, Stopping threads took: 0.0000261 seconds
1.975: [GC (Allocation Failure)  354528K->30944K(1035776K), 0.0036992 secs]
1.979: Total time for which application threads were stopped: 0.0038884 seconds, Stopping threads took: 0.0000195 seconds
2.047: [GC (Allocation Failure)  354528K->31464K(1034752K), 0.0046141 secs]
2.052: Total time for which application threads were stopped: 0.0047659 seconds, Stopping threads took: 0.0000168 seconds
2.120: [GC (Allocation Failure)  354024K->38986K(1035264K), 0.0034800 secs]
2.124: Total time for which application threads were stopped: 0.0036735 seconds, Stopping threads took: 0.0000196 seconds
2.194: [GC (Allocation Failure)  361546K->38954K(1035264K), 0.0042445 secs]
2.198: Total time for which application threads were stopped: 0.0043951 seconds, Stopping threads took: 0.0000235 seconds
2.267: [GC (Allocation Failure)  361514K->39210K(1022464K), 0.0046827 secs]
2.272: Total time for which application threads were stopped: 0.0048477 seconds, Stopping threads took: 0.0000194 seconds
2.340: [GC (Allocation Failure)  361770K->47021K(1034752K), 0.0038861 secs]
2.344: Total time for which application threads were stopped: 0.0040785 seconds, Stopping threads took: 0.0000197 seconds
2.413: [GC (Allocation Failure)  368557K->46989K(1034752K), 0.0037413 secs]
2.416: Total time for which application threads were stopped: 0.0038973 seconds, Stopping threads took: 0.0000194 seconds
2.483: [GC (Allocation Failure)  368525K->47045K(1034240K), 0.0046643 secs]
2.487: Total time for which application threads were stopped: 0.0048285 seconds, Stopping threads took: 0.0000194 seconds
2.557: [GC (Allocation Failure)  368581K->55047K(1034752K), 0.0039701 secs]
2.561: Total time for which application threads were stopped: 0.0041226 seconds, Stopping threads took: 0.0000188 seconds
2.629: [GC (Allocation Failure)  376583K->55015K(1034752K), 0.0039180 secs]
2.633: Total time for which application threads were stopped: 0.0040897 seconds, Stopping threads took: 0.0000192 seconds
2.698: [GC (Allocation Failure)  376551K->55175K(1021440K), 0.0047256 secs]
2.703: Total time for which application threads were stopped: 0.0048976 seconds, Stopping threads took: 0.0000211 seconds
2.770: [GC (Allocation Failure)  376711K->63081K(1034240K), 0.0038849 secs]
2.774: Total time for which application threads were stopped: 0.0040777 seconds, Stopping threads took: 0.0000202 seconds
2.842: [GC (Allocation Failure)  383593K->63081K(1034240K), 0.0038686 secs]
2.846: Total time for which application threads were stopped: 0.0040131 seconds, Stopping threads took: 0.0000164 seconds
2.911: [GC (Allocation Failure)  383593K->63369K(1034240K), 0.0048453 secs]
2.916: Total time for which application threads were stopped: 0.0050219 seconds, Stopping threads took: 0.0000195 seconds
2.984: [GC (Allocation Failure)  383881K->71115K(1034240K), 0.0039683 secs]
2.988: Total time for which application threads were stopped: 0.0041625 seconds, Stopping threads took: 0.0000197 seconds
3.058: [GC (Allocation Failure)  391627K->71083K(1034240K), 0.0039604 secs]
3.062: Total time for which application threads were stopped: 0.0041139 seconds, Stopping threads took: 0.0000162 seconds
3.130: [GC (Allocation Failure)  391595K->71595K(1020928K), 0.0047642 secs]
3.135: Total time for which application threads were stopped: 0.0049322 seconds, Stopping threads took: 0.0000202 seconds
3.204: [GC (Allocation Failure)  392107K->79118K(1033728K), 0.0037180 secs]
3.208: Total time for which application threads were stopped: 0.0039166 seconds, Stopping threads took: 0.0000269 seconds
3.274: [GC (Allocation Failure)  398606K->79118K(1033728K), 0.0041443 secs]
3.279: Total time for which application threads were stopped: 0.0043016 seconds, Stopping threads took: 0.0000198 seconds
3.344: [GC (Allocation Failure)  398606K->79342K(1033728K), 0.0048966 secs]
3.349: Total time for which application threads were stopped: 0.0050623 seconds, Stopping threads took: 0.0000196 seconds
3.418: [GC (Allocation Failure)  398830K->87216K(1033728K), 0.0038493 secs]
3.422: Total time for which application threads were stopped: 0.0040162 seconds, Stopping threads took: 0.0000285 seconds
3.490: [GC (Allocation Failure)  406704K->87152K(1033728K), 0.0039576 secs]
3.494: Total time for which application threads were stopped: 0.0041205 seconds, Stopping threads took: 0.0000193 seconds
3.559: [GC (Allocation Failure)  406640K->87304K(1033728K), 0.0047313 secs]
3.564: Total time for which application threads were stopped: 0.0048878 seconds, Stopping threads took: 0.0000196 seconds
3.631: [GC (Allocation Failure)  406792K->95178K(1033728K), 0.0039403 secs]
3.635: Total time for which application threads were stopped: 0.0040973 seconds, Stopping threads took: 0.0000195 seconds
3.703: [GC (Allocation Failure)  414666K->95178K(1033728K), 0.0037407 secs]
3.707: Total time for which application threads were stopped: 0.0039292 seconds, Stopping threads took: 0.0000194 seconds
3.773: [GC (Allocation Failure)  414666K->95274K(1032704K), 0.0049454 secs]
3.778: Total time for which application threads were stopped: 0.0051142 seconds, Stopping threads took: 0.0000169 seconds
3.847: [GC (Allocation Failure)  413738K->103245K(1033216K), 0.0037599 secs]
3.851: Total time for which application threads were stopped: 0.0039389 seconds, Stopping threads took: 0.0000167 seconds
3.920: [GC (Allocation Failure)  421709K->103213K(1033216K), 0.0037830 secs]
3.924: Total time for which application threads were stopped: 0.0039716 seconds, Stopping threads took: 0.0000187 seconds
3.989: [GC (Allocation Failure)  421677K->103269K(1033216K), 0.0049027 secs]
3.994: Total time for which application threads were stopped: 0.0050990 seconds, Stopping threads took: 0.0000206 seconds
4.059: Total time for which application threads were stopped: 0.0001308 seconds, Stopping threads took: 0.0000605 seconds
4.062: [GC (Allocation Failure)  421733K->111239K(1033216K), 0.0038338 secs]
4.065: Total time for which application threads were stopped: 0.0039803 seconds, Stopping threads took: 0.0000138 seconds
4.132: [GC (Allocation Failure)  429703K->105125K(1033216K), 0.0014951 secs]
4.133: Total time for which application threads were stopped: 0.0016291 seconds, Stopping threads took: 0.0000195 seconds
4.201: [GC (Allocation Failure)  423589K->111439K(1034240K), 0.0048868 secs]
4.206: Total time for which application threads were stopped: 0.0050807 seconds, Stopping threads took: 0.0000190 seconds
4.274: [GC (Allocation Failure)  431439K->115383K(1033728K), 0.0047509 secs]
4.279: Total time for which application threads were stopped: 0.0049147 seconds, Stopping threads took: 0.0000192 seconds
4.343: [GC (Allocation Failure)  435383K->120789K(1029632K), 0.0065068 secs]
4.350: Total time for which application threads were stopped: 0.0066792 seconds, Stopping threads took: 0.0000188 seconds
4.417: [GC (Allocation Failure)  436181K->115543K(1031680K), 0.0039646 secs]
4.421: Total time for which application threads were stopped: 0.0041265 seconds, Stopping threads took: 0.0000270 seconds
4.488: [GC (Allocation Failure)  430935K->115383K(1032704K), 0.0039501 secs]
4.492: Total time for which application threads were stopped: 0.0041233 seconds, Stopping threads took: 0.0000283 seconds
4.556: [GC (Allocation Failure)  432311K->117239K(1032192K), 0.0083963 secs]
4.564: Total time for which application threads were stopped: 0.0085887 seconds, Stopping threads took: 0.0000199 seconds
4.634: [GC (Allocation Failure)  434167K->123481K(1032704K), 0.0042120 secs]
4.639: Total time for which application threads were stopped: 0.0043791 seconds, Stopping threads took: 0.0000201 seconds
4.706: [GC (Allocation Failure)  440921K->123417K(1032704K), 0.0039257 secs]
4.710: Total time for which application threads were stopped: 0.0040907 seconds, Stopping threads took: 0.0000200 seconds
4.776: [GC (Allocation Failure)  440857K->126009K(1033216K), 0.0047062 secs]
4.781: Total time for which application threads were stopped: 0.0048987 seconds, Stopping threads took: 0.0000198 seconds
4.850: [GC (Allocation Failure)  444473K->131515K(1033216K), 0.0039132 secs]
4.854: Total time for which application threads were stopped: 0.0040921 seconds, Stopping threads took: 0.0000167 seconds
4.922: [GC (Allocation Failure)  449979K->131451K(1033728K), 0.0038675 secs]
4.926: Total time for which application threads were stopped: 0.0040375 seconds, Stopping threads took: 0.0000347 seconds
4.994: [GC (Allocation Failure)  450939K->135227K(1033728K), 0.0052416 secs]
5.000: Total time for which application threads were stopped: 0.0054310 seconds, Stopping threads took: 0.0000192 seconds
5.068: [GC (Allocation Failure)  454715K->139486K(1034240K), 0.0040890 secs]
5.073: Total time for which application threads were stopped: 0.0042538 seconds, Stopping threads took: 0.0000191 seconds
5.142: [GC (Allocation Failure)  459998K->139486K(1034240K), 0.0037876 secs]
5.146: Total time for which application threads were stopped: 0.0039378 seconds, Stopping threads took: 0.0000169 seconds
5.214: [GC (Allocation Failure)  459998K->140382K(1034240K), 0.0068332 secs]
5.221: Total time for which application threads were stopped: 0.0069855 seconds, Stopping threads took: 0.0000161 seconds
5.292: [GC (Allocation Failure)  460894K->147584K(1034240K), 0.0039817 secs]
5.296: Total time for which application threads were stopped: 0.0041709 seconds, Stopping threads took: 0.0000194 seconds
5.364: [GC (Allocation Failure)  468096K->147520K(1034240K), 0.0039353 secs]
5.368: Total time for which application threads were stopped: 0.0041030 seconds, Stopping threads took: 0.0000195 seconds
5.435: [GC (Allocation Failure)  468032K->150720K(1034240K), 0.0049413 secs]
5.440: Total time for which application threads were stopped: 0.0051235 seconds, Stopping threads took: 0.0000256 seconds
5.508: [GC (Allocation Failure)  471232K->155554K(1034752K), 0.0039484 secs]
5.512: Total time for which application threads were stopped: 0.0041391 seconds, Stopping threads took: 0.0000252 seconds
5.580: [GC (Allocation Failure)  477090K->155554K(1034752K), 0.0039818 secs]
5.584: Total time for which application threads were stopped: 0.0041305 seconds, Stopping threads took: 0.0000169 seconds
5.649: [GC (Allocation Failure)  477090K->158922K(1034752K), 0.0052090 secs]
5.654: Total time for which application threads were stopped: 0.0053668 seconds, Stopping threads took: 0.0000193 seconds
5.722: [GC (Allocation Failure)  480458K->163660K(1034752K), 0.0043188 secs]
5.727: Total time for which application threads were stopped: 0.0044878 seconds, Stopping threads took: 0.0000206 seconds
5.794: [GC (Allocation Failure)  485196K->163628K(1034752K), 0.0042821 secs]
5.799: Total time for which application threads were stopped: 0.0044499 seconds, Stopping threads took: 0.0000202 seconds
5.864: [GC (Allocation Failure)  485164K->164076K(1034752K), 0.0051450 secs]
5.869: Total time for which application threads were stopped: 0.0053035 seconds, Stopping threads took: 0.0000199 seconds
5.939: [GC (Allocation Failure)  485612K->171663K(1034752K), 0.0040538 secs]
5.943: Total time for which application threads were stopped: 0.0042205 seconds, Stopping threads took: 0.0000259 seconds
6.010: [GC (Allocation Failure)  493199K->171663K(1034752K), 0.0042704 secs]
6.015: Total time for which application threads were stopped: 0.0044274 seconds, Stopping threads took: 0.0000198 seconds
6.080: [GC (Allocation Failure)  493199K->173327K(1034752K), 0.0049805 secs]
6.085: Total time for which application threads were stopped: 0.0051814 seconds, Stopping threads took: 0.0000204 seconds
6.154: [GC (Allocation Failure)  494863K->179697K(1034752K), 0.0042468 secs]
6.158: Total time for which application threads were stopped: 0.0044191 seconds, Stopping threads took: 0.0000216 seconds
6.228: [GC (Allocation Failure)  501233K->179697K(1034752K), 0.0042815 secs]
6.232: Total time for which application threads were stopped: 0.0044377 seconds, Stopping threads took: 0.0000200 seconds
6.298: [GC (Allocation Failure)  501233K->182601K(1034752K), 0.0049449 secs]
6.303: Total time for which application threads were stopped: 0.0051179 seconds, Stopping threads took: 0.0000190 seconds
6.373: [GC (Allocation Failure)  504137K->187755K(1034752K), 0.0041218 secs]
6.377: Total time for which application threads were stopped: 0.0042888 seconds, Stopping threads took: 0.0000195 seconds
6.444: [GC (Allocation Failure)  509291K->187659K(1034752K), 0.0042541 secs]
6.449: Total time for which application threads were stopped: 0.0044511 seconds, Stopping threads took: 0.0000289 seconds
6.514: [GC (Allocation Failure)  509195K->187747K(1033728K), 0.0051393 secs]
6.519: Total time for which application threads were stopped: 0.0052914 seconds, Stopping threads took: 0.0000190 seconds
6.588: [GC (Allocation Failure)  508259K->195845K(1034240K), 0.0041339 secs]
6.592: Total time for which application threads were stopped: 0.0042907 seconds, Stopping threads took: 0.0000191 seconds
6.662: [GC (Allocation Failure)  516357K->195717K(1034240K), 0.0040909 secs]
6.666: Total time for which application threads were stopped: 0.0042883 seconds, Stopping threads took: 0.0000257 seconds
6.735: [GC (Allocation Failure)  516229K->198045K(1034240K), 0.0051212 secs]
6.740: Total time for which application threads were stopped: 0.0052807 seconds, Stopping threads took: 0.0000167 seconds
6.810: [GC (Allocation Failure)  518557K->203808K(1034240K), 0.0041267 secs]
6.814: Total time for which application threads were stopped: 0.0042871 seconds, Stopping threads took: 0.0000196 seconds
6.882: [GC (Allocation Failure)  524320K->203744K(1034240K), 0.0042867 secs]
6.887: Total time for which application threads were stopped: 0.0044642 seconds, Stopping threads took: 0.0000195 seconds
6.955: [GC (Allocation Failure)  524256K->204232K(1034240K), 0.0050041 secs]
6.960: Total time for which application threads were stopped: 0.0051752 seconds, Stopping threads took: 0.0000195 seconds
7.029: [GC (Allocation Failure)  524744K->211818K(1034240K), 0.0042258 secs]
7.033: Total time for which application threads were stopped: 0.0043914 seconds, Stopping threads took: 0.0000203 seconds
7.101: [GC (Allocation Failure)  532330K->211786K(1034240K), 0.0042027 secs]
7.105: Total time for which application threads were stopped: 0.0043715 seconds, Stopping threads took: 0.0000200 seconds
7.172: [GC (Allocation Failure)  532298K->214538K(1034240K), 0.0051168 secs]
7.177: Total time for which application threads were stopped: 0.0052741 seconds, Stopping threads took: 0.0000194 seconds
7.246: [GC (Allocation Failure)  535050K->219852K(1034240K), 0.0069224 secs]
7.253: Total time for which application threads were stopped: 0.0070799 seconds, Stopping threads took: 0.0000198 seconds
7.320: [GC (Allocation Failure)  540364K->219852K(1034240K), 0.0041076 secs]
7.325: Total time for which application threads were stopped: 0.0042814 seconds, Stopping threads took: 0.0000195 seconds
7.394: [GC (Allocation Failure)  540364K->220676K(1034240K), 0.0050774 secs]
7.399: Total time for which application threads were stopped: 0.0052236 seconds, Stopping threads took: 0.0000245 seconds
7.467: [GC (Allocation Failure)  541188K->227879K(1034240K), 0.0041489 secs]
7.472: Total time for which application threads were stopped: 0.0043435 seconds, Stopping threads took: 0.0000197 seconds
7.539: [GC (Allocation Failure)  548391K->227847K(1034240K), 0.0044590 secs]
7.544: Total time for which application threads were stopped: 0.0046577 seconds, Stopping threads took: 0.0000213 seconds
7.612: [GC (Allocation Failure)  548359K->230983K(1034240K), 0.0052992 secs]
7.618: Total time for which application threads were stopped: 0.0054535 seconds, Stopping threads took: 0.0000165 seconds
7.687: [GC (Allocation Failure)  551495K->236009K(1033728K), 0.0041298 secs]
7.691: Total time for which application threads were stopped: 0.0042884 seconds, Stopping threads took: 0.0000194 seconds
7.759: [GC (Allocation Failure)  556521K->235881K(1034240K), 0.0041677 secs]
7.763: Total time for which application threads were stopped: 0.0043593 seconds, Stopping threads took: 0.0000196 seconds
7.832: [GC (Allocation Failure)  556393K->237161K(1033728K), 0.0052002 secs]
7.837: Total time for which application threads were stopped: 0.0053672 seconds, Stopping threads took: 0.0000195 seconds
7.906: [GC (Allocation Failure)  557673K->243947K(1034240K), 0.0040082 secs]
7.910: Total time for which application threads were stopped: 0.0041903 seconds, Stopping threads took: 0.0000291 seconds
7.979: [GC (Allocation Failure)  564459K->243915K(1034240K), 0.0040358 secs]
7.983: Total time for which application threads were stopped: 0.0042240 seconds, Stopping threads took: 0.0000185 seconds
8.051: [GC (Allocation Failure)  564427K->244395K(1034240K), 0.0051632 secs]
8.056: Total time for which application threads were stopped: 0.0053475 seconds, Stopping threads took: 0.0000195 seconds
8.124: [GC (Allocation Failure)  564907K->251981K(1034240K), 0.0044144 secs]
8.128: Total time for which application threads were stopped: 0.0045897 seconds, Stopping threads took: 0.0000198 seconds
8.198: [GC (Allocation Failure)  572493K->251917K(1034240K), 0.0041243 secs]
8.203: Total time for which application threads were stopped: 0.0043264 seconds, Stopping threads took: 0.0000264 seconds
8.270: [GC (Allocation Failure)  572429K->253645K(1034240K), 0.0053820 secs]
8.276: Total time for which application threads were stopped: 0.0055459 seconds, Stopping threads took: 0.0000196 seconds
8.344: [GC (Allocation Failure)  574157K->260016K(1034240K), 0.0043750 secs]
8.349: Total time for which application threads were stopped: 0.0045658 seconds, Stopping threads took: 0.0000192 seconds
8.419: [GC (Allocation Failure)  580528K->259984K(1034240K), 0.0041710 secs]
8.423: Total time for which application threads were stopped: 0.0043352 seconds, Stopping threads took: 0.0000254 seconds
8.490: [GC (Allocation Failure)  580496K->260048K(1034240K), 0.0050598 secs]
8.496: Total time for which application threads were stopped: 0.0052285 seconds, Stopping threads took: 0.0000200 seconds
8.565: [GC (Allocation Failure)  580560K->268018K(1033216K), 0.0042602 secs]
8.569: Total time for which application threads were stopped: 0.0044325 seconds, Stopping threads took: 0.0000197 seconds
8.638: [GC (Allocation Failure)  587506K->268018K(1033728K), 0.0043103 secs]
8.642: Total time for which application threads were stopped: 0.0044700 seconds, Stopping threads took: 0.0000197 seconds
8.709: [GC (Allocation Failure)  587506K->268082K(1033728K), 0.0053845 secs]
8.714: Total time for which application threads were stopped: 0.0055537 seconds, Stopping threads took: 0.0000201 seconds
8.781: [GC (Allocation Failure)  587570K->276084K(1033728K), 0.0042528 secs]
8.786: Total time for which application threads were stopped: 0.0044312 seconds, Stopping threads took: 0.0000206 seconds
8.854: [GC (Allocation Failure)  595572K->276052K(1033728K), 0.0044341 secs]
8.858: Total time for which application threads were stopped: 0.0045986 seconds, Stopping threads took: 0.0000210 seconds
8.925: [GC (Allocation Failure)  595540K->276316K(1033728K), 0.0052737 secs]
8.930: Total time for which application threads were stopped: 0.0054400 seconds, Stopping threads took: 0.0000199 seconds
8.999: [GC (Allocation Failure)  595804K->284126K(1033728K), 0.0043112 secs]
9.004: Total time for which application threads were stopped: 0.0044706 seconds, Stopping threads took: 0.0000196 seconds
9.071: [GC (Allocation Failure)  603614K->284094K(1033728K), 0.0042827 secs]
9.075: Total time for which application threads were stopped: 0.0044513 seconds, Stopping threads took: 0.0000201 seconds
9.141: [GC (Allocation Failure)  603582K->284518K(1033728K), 0.0053078 secs]
9.146: Total time for which application threads were stopped: 0.0054732 seconds, Stopping threads took: 0.0000197 seconds
9.215: [GC (Allocation Failure)  604006K->292137K(1027072K), 0.0071445 secs]
9.222: Total time for which application threads were stopped: 0.0073047 seconds, Stopping threads took: 0.0000249 seconds
9.288: [GC (Allocation Failure)  611625K->292169K(1033216K), 0.0043597 secs]
9.293: Total time for which application threads were stopped: 0.0045226 seconds, Stopping threads took: 0.0000196 seconds
9.359: [GC (Allocation Failure)  610633K->292777K(1033216K), 0.0053304 secs]
9.365: Total time for which application threads were stopped: 0.0054943 seconds, Stopping threads took: 0.0000198 seconds
9.431: [GC (Allocation Failure)  611241K->300203K(1032704K), 0.0043819 secs]
9.435: Total time for which application threads were stopped: 0.0045479 seconds, Stopping threads took: 0.0000263 seconds
9.503: [GC (Allocation Failure)  618667K->300203K(1033216K), 0.0044907 secs]
9.508: Total time for which application threads were stopped: 0.0046472 seconds, Stopping threads took: 0.0000193 seconds
9.573: [GC (Allocation Failure)  618667K->300995K(1033728K), 0.0052272 secs]
9.578: Total time for which application threads were stopped: 0.0053798 seconds, Stopping threads took: 0.0000191 seconds
9.647: [GC (Allocation Failure)  619971K->308229K(1033216K), 0.0041418 secs]
9.651: Total time for which application threads were stopped: 0.0043096 seconds, Stopping threads took: 0.0000189 seconds
9.719: [GC (Allocation Failure)  627205K->308197K(1033216K), 0.0043206 secs]
9.723: Total time for which application threads were stopped: 0.0044782 seconds, Stopping threads took: 0.0000196 seconds
9.788: [GC (Allocation Failure)  626661K->309253K(1033216K), 0.0054108 secs]
9.794: Total time for which application threads were stopped: 0.0055704 seconds, Stopping threads took: 0.0000193 seconds
9.863: [GC (Allocation Failure)  627717K->316231K(1033728K), 0.0043856 secs]
9.867: Total time for which application threads were stopped: 0.0045586 seconds, Stopping threads took: 0.0000197 seconds
9.937: [GC (Allocation Failure)  635719K->316231K(1033728K), 0.0041773 secs]
9.941: Total time for which application threads were stopped: 0.0043741 seconds, Stopping threads took: 0.0000253 seconds
10.009: [GC (Allocation Failure)  635719K->316487K(1032704K), 0.0052508 secs]
10.014: Total time for which application threads were stopped: 0.0054353 seconds, Stopping threads took: 0.0000196 seconds
10.082: [GC (Allocation Failure)  634951K->324266K(1033216K), 0.0043544 secs]
10.086: Total time for which application threads were stopped: 0.0045085 seconds, Stopping threads took: 0.0000191 seconds
10.153: [GC (Allocation Failure)  642730K->324266K(1033216K), 0.0044864 secs]
10.158: Total time for which application threads were stopped: 0.0046531 seconds, Stopping threads took: 0.0000195 seconds
10.223: [GC (Allocation Failure)  642730K->324682K(1033216K), 0.0052008 secs]
10.229: Total time for which application threads were stopped: 0.0053691 seconds, Stopping threads took: 0.0000195 seconds
10.297: [GC (Allocation Failure)  643146K->332300K(1033216K), 0.0043824 secs]
10.301: Total time for which application threads were stopped: 0.0045368 seconds, Stopping threads took: 0.0000194 seconds
10.367: [GC (Allocation Failure)  650764K->332300K(1033216K), 0.0044151 secs]
10.372: Total time for which application threads were stopped: 0.0045899 seconds, Stopping threads took: 0.0000192 seconds
10.441: [GC (Allocation Failure)  650764K->332940K(1033216K), 0.0052323 secs]
10.447: Total time for which application threads were stopped: 0.0054024 seconds, Stopping threads took: 0.0000255 seconds
10.515: [GC (Allocation Failure)  651404K->340334K(1033216K), 0.0042375 secs]
10.519: Total time for which application threads were stopped: 0.0043958 seconds, Stopping threads took: 0.0000194 seconds
10.584: [GC (Allocation Failure)  658798K->340366K(1033216K), 0.0045235 secs]
10.589: Total time for which application threads were stopped: 0.0046895 seconds, Stopping threads took: 0.0000192 seconds
10.653: [GC (Allocation Failure)  658830K->340398K(1033216K), 0.0051881 secs]
10.659: Total time for which application threads were stopped: 0.0053674 seconds, Stopping threads took: 0.0000210 seconds
10.727: [GC (Allocation Failure)  658862K->348401K(1033216K), 0.0045218 secs]
10.732: Total time for which application threads were stopped: 0.0046704 seconds, Stopping threads took: 0.0000166 seconds
10.798: [GC (Allocation Failure)  666865K->348369K(1033216K), 0.0045128 secs]
10.802: Total time for which application threads were stopped: 0.0046797 seconds, Stopping threads took: 0.0000200 seconds
10.867: [GC (Allocation Failure)  666833K->348433K(1033216K), 0.0051523 secs]
10.872: Total time for which application threads were stopped: 0.0053145 seconds, Stopping threads took: 0.0000248 seconds
10.940: [GC (Allocation Failure)  666897K->356435K(1033216K), 0.0043997 secs]
10.944: Total time for which application threads were stopped: 0.0045855 seconds, Stopping threads took: 0.0000201 seconds
11.011: [GC (Allocation Failure)  674899K->356403K(1033216K), 0.0043324 secs]
11.016: Total time for which application threads were stopped: 0.0045159 seconds, Stopping threads took: 0.0000201 seconds
11.080: [GC (Allocation Failure)  674867K->356627K(1033216K), 0.0053395 secs]
11.086: Total time for which application threads were stopped: 0.0055204 seconds, Stopping threads took: 0.0000214 seconds
11.154: [GC (Allocation Failure)  675091K->364437K(1033216K), 0.0044454 secs]
11.159: Total time for which application threads were stopped: 0.0046159 seconds, Stopping threads took: 0.0000197 seconds
11.228: [GC (Allocation Failure)  682901K->364437K(1033216K), 0.0044869 secs]
11.232: Total time for which application threads were stopped: 0.0046659 seconds, Stopping threads took: 0.0000202 seconds
11.299: [GC (Allocation Failure)  682901K->364853K(1033216K), 0.0055416 secs]
11.305: Total time for which application threads were stopped: 0.0057298 seconds, Stopping threads took: 0.0000193 seconds
11.374: [GC (Allocation Failure)  683317K->372471K(1033216K), 0.0045527 secs]
11.378: Total time for which application threads were stopped: 0.0047156 seconds, Stopping threads took: 0.0000207 seconds
11.446: [GC (Allocation Failure)  690935K->372471K(1033216K), 0.0043011 secs]
11.450: Total time for which application threads were stopped: 0.0044716 seconds, Stopping threads took: 0.0000253 seconds
11.515: [GC (Allocation Failure)  690935K->372543K(1033216K), 0.0052672 secs]
11.520: Total time for which application threads were stopped: 0.0054385 seconds, Stopping threads took: 0.0000192 seconds
11.589: [GC (Allocation Failure)  691007K->380514K(1033216K), 0.0043690 secs]
11.593: Total time for which application threads were stopped: 0.0045379 seconds, Stopping threads took: 0.0000201 seconds
11.658: [GC (Allocation Failure)  698978K->376607K(1033216K), 0.0033551 secs]
11.662: Total time for which application threads were stopped: 0.0035428 seconds, Stopping threads took: 0.0000193 seconds
11.731: [GC (Allocation Failure)  695071K->380674K(1034752K), 0.0049415 secs]
11.736: Total time for which application threads were stopped: 0.0050881 seconds, Stopping threads took: 0.0000166 seconds
11.803: [GC (Allocation Failure)  701186K->384642K(1033728K), 0.0044469 secs]
11.808: Total time for which application threads were stopped: 0.0046058 seconds, Stopping threads took: 0.0000194 seconds
11.875: [GC (Allocation Failure)  705154K->376799K(1034240K), 0.0012467 secs]
11.877: Total time for which application threads were stopped: 0.0013626 seconds, Stopping threads took: 0.0000184 seconds
11.946: [GC (Allocation Failure)  697311K->384706K(1034240K), 0.0047069 secs]
11.950: Total time for which application threads were stopped: 0.0048712 seconds, Stopping threads took: 0.0000187 seconds
12.017: [GC (Allocation Failure)  705218K->388754K(1033216K), 0.0060852 secs]
12.023: Total time for which application threads were stopped: 0.0062536 seconds, Stopping threads took: 0.0000204 seconds
12.089: [GC (Allocation Failure)  708242K->394511K(1032704K), 0.0069781 secs]
12.097: Total time for which application threads were stopped: 0.0071594 seconds, Stopping threads took: 0.0000196 seconds
12.165: [GC (Allocation Failure)  713999K->389042K(1031680K), 0.0047164 secs]
12.170: Total time for which application threads were stopped: 0.0049098 seconds, Stopping threads took: 0.0000202 seconds
12.238: [GC (Allocation Failure)  705458K->388818K(1032192K), 0.0045850 secs]
12.242: Total time for which application threads were stopped: 0.0047346 seconds, Stopping threads took: 0.0000171 seconds
12.310: [GC (Allocation Failure)  705234K->383407K(1032704K), 0.0027230 secs]
12.313: Total time for which application threads were stopped: 0.0028739 seconds, Stopping threads took: 0.0000193 seconds
12.380: [GC (Allocation Failure)  700847K->388978K(1032704K), 0.0045351 secs]
12.384: Total time for which application threads were stopped: 0.0047048 seconds, Stopping threads took: 0.0000200 seconds
12.452: [GC (Allocation Failure)  706418K->388786K(1033216K), 0.0047061 secs]
12.457: Total time for which application threads were stopped: 0.0048856 seconds, Stopping threads took: 0.0000210 seconds
12.526: [GC (Allocation Failure)  706738K->389098K(1032704K), 0.0055016 secs]
12.532: Total time for which application threads were stopped: 0.0056619 seconds, Stopping threads took: 0.0000200 seconds
12.600: [GC (Allocation Failure)  707050K->396940K(1033216K), 0.0056880 secs]
12.605: Total time for which application threads were stopped: 0.0058450 seconds, Stopping threads took: 0.0000197 seconds
12.672: [GC (Allocation Failure)  715404K->396812K(1033216K), 0.0043703 secs]
12.677: Total time for which application threads were stopped: 0.0045417 seconds, Stopping threads took: 0.0000201 seconds
12.745: [GC (Allocation Failure)  715276K->400964K(1033728K), 0.0059971 secs]
12.751: Total time for which application threads were stopped: 0.0061653 seconds, Stopping threads took: 0.0000197 seconds
12.817: [GC (Allocation Failure)  719940K->404902K(1033216K), 0.0044299 secs]
12.822: Total time for which application threads were stopped: 0.0045894 seconds, Stopping threads took: 0.0000193 seconds
12.888: [GC (Allocation Failure)  723878K->404838K(1034240K), 0.0047677 secs]
12.893: Total time for which application threads were stopped: 0.0049469 seconds, Stopping threads took: 0.0000173 seconds
12.962: [GC (Allocation Failure)  724838K->407654K(1033728K), 0.0056522 secs]
12.968: Total time for which application threads were stopped: 0.0057999 seconds, Stopping threads took: 0.0000169 seconds
13.035: [GC (Allocation Failure)  727654K->412904K(1034240K), 0.0045931 secs]
13.040: Total time for which application threads were stopped: 0.0047701 seconds, Stopping threads took: 0.0000196 seconds
13.107: [GC (Allocation Failure)  733416K->412904K(1034240K), 0.0045007 secs]
13.112: Total time for which application threads were stopped: 0.0046620 seconds, Stopping threads took: 0.0000202 seconds
13.179: [GC (Allocation Failure)  733416K->413320K(1034240K), 0.0054430 secs]
13.185: Total time for which application threads were stopped: 0.0056038 seconds, Stopping threads took: 0.0000190 seconds
13.255: [GC (Allocation Failure)  733832K->420939K(1034240K), 0.0044993 secs]
13.260: Total time for which application threads were stopped: 0.0046659 seconds, Stopping threads took: 0.0000192 seconds
13.329: [GC (Allocation Failure)  741451K->420907K(1034240K), 0.0044122 secs]
13.334: Total time for which application threads were stopped: 0.0046034 seconds, Stopping threads took: 0.0000196 seconds
13.402: [GC (Allocation Failure)  741419K->423595K(1034240K), 0.0055643 secs]
13.408: Total time for which application threads were stopped: 0.0057328 seconds, Stopping threads took: 0.0000255 seconds
13.476: [GC (Allocation Failure)  744107K->429005K(1034240K), 0.0053516 secs]
13.481: Total time for which application threads were stopped: 0.0054999 seconds, Stopping threads took: 0.0000174 seconds
13.549: [GC (Allocation Failure)  749517K->428941K(1034240K), 0.0046375 secs]
13.554: Total time for which application threads were stopped: 0.0048123 seconds, Stopping threads took: 0.0000184 seconds
13.623: [GC (Allocation Failure)  749453K->429797K(1033728K), 0.0054637 secs]
13.628: Total time for which application threads were stopped: 0.0056247 seconds, Stopping threads took: 0.0000200 seconds
13.696: [GC (Allocation Failure)  750309K->437063K(1034240K), 0.0046108 secs]
13.701: Total time for which application threads were stopped: 0.0047763 seconds, Stopping threads took: 0.0000196 seconds
13.769: [GC (Allocation Failure)  757575K->436999K(1034240K), 0.0047536 secs]
13.774: Total time for which application threads were stopped: 0.0049155 seconds, Stopping threads took: 0.0000196 seconds
13.841: [GC (Allocation Failure)  757511K->440039K(1034240K), 0.0054824 secs]
13.847: Total time for which application threads were stopped: 0.0056458 seconds, Stopping threads took: 0.0000196 seconds
13.915: [GC (Allocation Failure)  760551K->445065K(1034752K), 0.0044613 secs]
13.920: Total time for which application threads were stopped: 0.0046309 seconds, Stopping threads took: 0.0000253 seconds
13.988: [GC (Allocation Failure)  766601K->445001K(1034752K), 0.0046664 secs]
13.993: Total time for which application threads were stopped: 0.0048565 seconds, Stopping threads took: 0.0000196 seconds
14.059: [GC (Allocation Failure)  766537K->448297K(1034752K), 0.0056748 secs]
14.065: Total time for which application threads were stopped: 0.0058281 seconds, Stopping threads took: 0.0000191 seconds
14.135: [GC (Allocation Failure)  769833K->453036K(1034752K), 0.0046758 secs]
14.140: Total time for which application threads were stopped: 0.0048262 seconds, Stopping threads took: 0.0000168 seconds
14.208: [GC (Allocation Failure)  774572K->453004K(1034752K), 0.0057735 secs]
14.214: Total time for which application threads were stopped: 0.0059776 seconds, Stopping threads took: 0.0000263 seconds
14.279: [GC (Allocation Failure)  774540K->453452K(1034752K), 0.0055881 secs]
14.285: Total time for which application threads were stopped: 0.0057778 seconds, Stopping threads took: 0.0000196 seconds
14.354: [GC (Allocation Failure)  774988K->461102K(1034752K), 0.0047358 secs]
14.359: Total time for which application threads were stopped: 0.0049248 seconds, Stopping threads took: 0.0000191 seconds
14.428: [GC (Allocation Failure)  782638K->461102K(1034752K), 0.0045591 secs]
14.432: Total time for which application threads were stopped: 0.0047326 seconds, Stopping threads took: 0.0000257 seconds
14.497: [GC (Allocation Failure)  782638K->462702K(1034752K), 0.0056966 secs]
14.503: Total time for which application threads were stopped: 0.0058614 seconds, Stopping threads took: 0.0000188 seconds
14.571: [GC (Allocation Failure)  784238K->469168K(1029120K), 0.0046965 secs]
14.576: Total time for which application threads were stopped: 0.0048753 seconds, Stopping threads took: 0.0000204 seconds
14.642: [GC (Allocation Failure)  790704K->469104K(1034240K), 0.0047284 secs]
14.647: Total time for which application threads were stopped: 0.0049204 seconds, Stopping threads took: 0.0000199 seconds
14.715: [GC (Allocation Failure)  789616K->470960K(1034240K), 0.0053146 secs]
14.720: Total time for which application threads were stopped: 0.0055040 seconds, Stopping threads took: 0.0000247 seconds
14.790: [GC (Allocation Failure)  791472K->477235K(1033728K), 0.0052256 secs]
14.795: Total time for which application threads were stopped: 0.0053838 seconds, Stopping threads took: 0.0000170 seconds
14.865: [GC (Allocation Failure)  797747K->477171K(1034240K), 0.0047426 secs]
14.869: Total time for which application threads were stopped: 0.0049240 seconds, Stopping threads took: 0.0000204 seconds
14.939: [GC (Allocation Failure)  797683K->481227K(1034752K), 0.0060492 secs]
14.945: Total time for which application threads were stopped: 0.0062258 seconds, Stopping threads took: 0.0000196 seconds
15.014: [GC (Allocation Failure)  802251K->485197K(1034240K), 0.0045515 secs]
15.018: Total time for which application threads were stopped: 0.0047199 seconds, Stopping threads took: 0.0000201 seconds
15.086: [GC (Allocation Failure)  806221K->485165K(1034752K), 0.0047714 secs]
15.090: Total time for which application threads were stopped: 0.0049398 seconds, Stopping threads took: 0.0000201 seconds
15.158: [GC (Allocation Failure)  806701K->485381K(1034752K), 0.0057266 secs]
15.164: Total time for which application threads were stopped: 0.0058955 seconds, Stopping threads took: 0.0000196 seconds
15.235: [GC (Allocation Failure)  806917K->493223K(1033728K), 0.0047254 secs]
15.240: Total time for which application threads were stopped: 0.0048902 seconds, Stopping threads took: 0.0000198 seconds
15.307: [GC (Allocation Failure)  813735K->493191K(1034240K), 0.0047305 secs]
15.312: Total time for which application threads were stopped: 0.0048877 seconds, Stopping threads took: 0.0000197 seconds
15.378: [GC (Allocation Failure)  813703K->496679K(1034752K), 0.0057313 secs]
15.384: Total time for which application threads were stopped: 0.0059073 seconds, Stopping threads took: 0.0000189 seconds
15.455: [GC (Allocation Failure)  818215K->501321K(1034752K), 0.0047132 secs]
15.460: Total time for which application threads were stopped: 0.0048895 seconds, Stopping threads took: 0.0000276 seconds
15.527: [GC (Allocation Failure)  822857K->501225K(1034752K), 0.0049113 secs]
15.532: Total time for which application threads were stopped: 0.0050723 seconds, Stopping threads took: 0.0000194 seconds
15.597: [GC (Allocation Failure)  822761K->501833K(1034752K), 0.0056970 secs]
15.603: Total time for which application threads were stopped: 0.0058871 seconds, Stopping threads took: 0.0000193 seconds
15.673: [GC (Allocation Failure)  823369K->509228K(1034752K), 0.0049659 secs]
15.678: Total time for which application threads were stopped: 0.0051341 seconds, Stopping threads took: 0.0000193 seconds
15.745: [GC (Allocation Failure)  830764K->509260K(1034752K), 0.0048042 secs]
15.750: Total time for which application threads were stopped: 0.0049745 seconds, Stopping threads took: 0.0000201 seconds
15.817: [GC (Allocation Failure)  830796K->511108K(1034752K), 0.0057560 secs]
15.822: Total time for which application threads were stopped: 0.0059430 seconds, Stopping threads took: 0.0000286 seconds
15.888: [GC (Allocation Failure)  832644K->517382K(1029120K), 0.0065365 secs]
15.895: Total time for which application threads were stopped: 0.0067008 seconds, Stopping threads took: 0.0000202 seconds
15.961: [GC (Allocation Failure)  838918K->517286K(1034752K), 0.0048784 secs]
15.966: Total time for which application threads were stopped: 0.0050510 seconds, Stopping threads took: 0.0000248 seconds
16.035: [GC (Allocation Failure)  838310K->519846K(1034240K), 0.0059381 secs]
16.041: Total time for which application threads were stopped: 0.0060938 seconds, Stopping threads took: 0.0000196 seconds
16.109: [GC (Allocation Failure)  840870K->525320K(1034752K), 0.0046558 secs]
16.114: Total time for which application threads were stopped: 0.0048245 seconds, Stopping threads took: 0.0000218 seconds
16.182: [GC (Allocation Failure)  846856K->525352K(1034752K), 0.0048362 secs]
16.187: Total time for which application threads were stopped: 0.0050104 seconds, Stopping threads took: 0.0000251 seconds
16.254: [GC (Allocation Failure)  846888K->528584K(1034752K), 0.0059039 secs]
16.260: Total time for which application threads were stopped: 0.0060821 seconds, Stopping threads took: 0.0000194 seconds
16.327: [GC (Allocation Failure)  850120K->533354K(1034752K), 0.0047678 secs]
16.332: Total time for which application threads were stopped: 0.0049291 seconds, Stopping threads took: 0.0000206 seconds
16.398: [GC (Allocation Failure)  854890K->533354K(1034752K), 0.0046674 secs]
16.403: Total time for which application threads were stopped: 0.0048239 seconds, Stopping threads took: 0.0000184 seconds
16.468: [GC (Allocation Failure)  854890K->533738K(1034752K), 0.0058272 secs]
16.474: Total time for which application threads were stopped: 0.0059933 seconds, Stopping threads took: 0.0000192 seconds
16.542: [GC (Allocation Failure)  855274K->541453K(1034752K), 0.0047278 secs]
16.547: Total time for which application threads were stopped: 0.0048856 seconds, Stopping threads took: 0.0000201 seconds
16.615: [GC (Allocation Failure)  862989K->541389K(1034752K), 0.0046640 secs]
16.620: Total time for which application threads were stopped: 0.0048361 seconds, Stopping threads took: 0.0000195 seconds
16.687: [GC (Allocation Failure)  862925K->542989K(1034752K), 0.0058184 secs]
16.693: Total time for which application threads were stopped: 0.0059782 seconds, Stopping threads took: 0.0000192 seconds
16.762: [GC (Allocation Failure)  864525K->549583K(1029632K), 0.0048347 secs]
16.767: Total time for which application threads were stopped: 0.0050025 seconds, Stopping threads took: 0.0000196 seconds
16.834: [GC (Allocation Failure)  871119K->549423K(1034240K), 0.0048550 secs]
16.839: Total time for which application threads were stopped: 0.0050256 seconds, Stopping threads took: 0.0000202 seconds
16.905: [GC (Allocation Failure)  869935K->551207K(1034240K), 0.0057253 secs]
16.911: Total time for which application threads were stopped: 0.0059027 seconds, Stopping threads took: 0.0000257 seconds
16.979: [GC (Allocation Failure)  871719K->557545K(1034240K), 0.0047306 secs]
16.983: Total time for which application threads were stopped: 0.0048901 seconds, Stopping threads took: 0.0000199 seconds
17.051: [GC (Allocation Failure)  878057K->557449K(1034240K), 0.0048359 secs]
17.056: Total time for which application threads were stopped: 0.0050022 seconds, Stopping threads took: 0.0000189 seconds
17.123: [GC (Allocation Failure)  877961K->561513K(1034752K), 0.0063523 secs]
17.129: Total time for which application threads were stopped: 0.0065172 seconds, Stopping threads took: 0.0000187 seconds
17.197: [GC (Allocation Failure)  882537K->565515K(1034240K), 0.0053008 secs]
17.202: Total time for which application threads were stopped: 0.0054764 seconds, Stopping threads took: 0.0000250 seconds
17.271: [GC (Allocation Failure)  886539K->565515K(1034752K), 0.0049172 secs]
17.276: Total time for which application threads were stopped: 0.0050774 seconds, Stopping threads took: 0.0000194 seconds
17.344: [GC (Allocation Failure)  887051K->565611K(1021440K), 0.0065571 secs]
17.350: Total time for which application threads were stopped: 0.0067209 seconds, Stopping threads took: 0.0000199 seconds
17.419: [GC (Allocation Failure)  887147K->573518K(1034240K), 0.0047622 secs]
17.424: Total time for which application threads were stopped: 0.0049439 seconds, Stopping threads took: 0.0000276 seconds
17.490: [GC (Allocation Failure)  894030K->573518K(1034240K), 0.0050963 secs]
17.495: Total time for which application threads were stopped: 0.0052712 seconds, Stopping threads took: 0.0000215 seconds
17.561: [GC (Allocation Failure)  894030K->576902K(1034752K), 0.0063016 secs]
17.567: Total time for which application threads were stopped: 0.0064726 seconds, Stopping threads took: 0.0000197 seconds
17.634: [GC (Allocation Failure)  897926K->581608K(1034240K), 0.0047760 secs]
17.639: Total time for which application threads were stopped: 0.0049443 seconds, Stopping threads took: 0.0000203 seconds
17.706: [GC (Allocation Failure)  902632K->581544K(1034752K), 0.0049191 secs]
17.711: Total time for which application threads were stopped: 0.0050899 seconds, Stopping threads took: 0.0000249 seconds
17.776: [GC (Allocation Failure)  903080K->585128K(1034752K), 0.0061212 secs]
17.783: Total time for which application threads were stopped: 0.0062826 seconds, Stopping threads took: 0.0000195 seconds
17.850: [GC (Allocation Failure)  906664K->589610K(1034752K), 0.0050334 secs]
17.855: Total time for which application threads were stopped: 0.0052377 seconds, Stopping threads took: 0.0000195 seconds
17.925: [GC (Allocation Failure)  911146K->589578K(1034752K), 0.0048861 secs]
17.930: Total time for which application threads were stopped: 0.0050513 seconds, Stopping threads took: 0.0000257 seconds
17.998: [GC (Allocation Failure)  911114K->590282K(1034240K), 0.0058739 secs]
18.004: Total time for which application threads were stopped: 0.0060387 seconds, Stopping threads took: 0.0000192 seconds
18.072: [GC (Allocation Failure)  911818K->597676K(1034752K), 0.0046631 secs]
18.077: Total time for which application threads were stopped: 0.0048222 seconds, Stopping threads took: 0.0000194 seconds
18.144: [GC (Allocation Failure)  919212K->597644K(1034752K), 0.0047832 secs]
18.149: Total time for which application threads were stopped: 0.0049578 seconds, Stopping threads took: 0.0000370 seconds
18.217: [GC (Allocation Failure)  919180K->599564K(1034752K), 0.0059386 secs]
18.223: Total time for which application threads were stopped: 0.0061200 seconds, Stopping threads took: 0.0000156 seconds
18.292: [GC (Allocation Failure)  921100K->605679K(1034752K), 0.0049407 secs]
18.297: Total time for which application threads were stopped: 0.0051156 seconds, Stopping threads took: 0.0000198 seconds
18.366: [GC (Allocation Failure)  927215K->605679K(1034752K), 0.0050067 secs]
18.371: Total time for which application threads were stopped: 0.0051786 seconds, Stopping threads took: 0.0000253 seconds
18.438: [GC (Allocation Failure)  927215K->608775K(1034752K), 0.0059477 secs]
18.444: Total time for which application threads were stopped: 0.0061148 seconds, Stopping threads took: 0.0000278 seconds
18.512: [GC (Allocation Failure)  930311K->613801K(1034752K), 0.0050320 secs]
18.517: Total time for which application threads were stopped: 0.0052230 seconds, Stopping threads took: 0.0000194 seconds
18.585: [GC (Allocation Failure)  935337K->613673K(1034752K), 0.0049797 secs]
18.590: Total time for which application threads were stopped: 0.0051756 seconds, Stopping threads took: 0.0000340 seconds
18.656: [GC (Allocation Failure)  935209K->613929K(1034752K), 0.0057697 secs]
18.662: Total time for which application threads were stopped: 0.0059346 seconds, Stopping threads took: 0.0000195 seconds
18.728: [GC (Allocation Failure)  935465K->621771K(1033728K), 0.0048253 secs]
18.733: Total time for which application threads were stopped: 0.0050076 seconds, Stopping threads took: 0.0000286 seconds
18.802: [GC (Allocation Failure)  942283K->621707K(1034240K), 0.0047453 secs]
18.806: Total time for which application threads were stopped: 0.0049052 seconds, Stopping threads took: 0.0000188 seconds
18.874: [GC (Allocation Failure)  942219K->625259K(1034752K), 0.0062211 secs]
18.880: Total time for which application threads were stopped: 0.0063809 seconds, Stopping threads took: 0.0000194 seconds
18.949: [GC (Allocation Failure)  946283K->629742K(1034240K), 0.0050482 secs]
18.954: Total time for which application threads were stopped: 0.0052120 seconds, Stopping threads took: 0.0000198 seconds
19.022: [GC (Allocation Failure)  950766K->629710K(1034752K), 0.0050280 secs]
19.027: Total time for which application threads were stopped: 0.0052215 seconds, Stopping threads took: 0.0000201 seconds
19.096: [GC (Allocation Failure)  951246K->633478K(1034752K), 0.0088883 secs]
19.105: Total time for which application threads were stopped: 0.0090493 seconds, Stopping threads took: 0.0000172 seconds
19.174: [GC (Allocation Failure)  955014K->637800K(1035264K), 0.0050954 secs]
19.179: Total time for which application threads were stopped: 0.0052531 seconds, Stopping threads took: 0.0000198 seconds
19.248: [GC (Allocation Failure)  960360K->637768K(1035264K), 0.0048643 secs]
19.253: Total time for which application threads were stopped: 0.0050561 seconds, Stopping threads took: 0.0000194 seconds
19.320: [GC (Allocation Failure)  960328K->640712K(1035264K), 0.0059916 secs]
19.326: Total time for which application threads were stopped: 0.0061587 seconds, Stopping threads took: 0.0000169 seconds
19.396: [GC (Allocation Failure)  963272K->645834K(1035264K), 0.0050496 secs]
19.401: Total time for which application threads were stopped: 0.0052156 seconds, Stopping threads took: 0.0000196 seconds
19.469: [GC (Allocation Failure)  968394K->645770K(1035264K), 0.0048730 secs]
19.474: Total time for which application threads were stopped: 0.0050677 seconds, Stopping threads took: 0.0000195 seconds
19.542: [GC (Allocation Failure)  968330K->648938K(1035264K), 0.0060276 secs]
19.549: Total time for which application threads were stopped: 0.0062191 seconds, Stopping threads took: 0.0000192 seconds
19.618: [GC (Allocation Failure)  971498K->653900K(1035264K), 0.0050024 secs]
19.623: Total time for which application threads were stopped: 0.0051768 seconds, Stopping threads took: 0.0000199 seconds
19.693: [GC (Allocation Failure)  976460K->653836K(1035264K), 0.0050401 secs]
19.698: Total time for which application threads were stopped: 0.0052023 seconds, Stopping threads took: 0.0000194 seconds
19.764: [GC (Allocation Failure)  976396K->657188K(1035264K), 0.0061089 secs]
19.771: Total time for which application threads were stopped: 0.0062791 seconds, Stopping threads took: 0.0000205 seconds
19.839: [GC (Allocation Failure)  979748K->661927K(1035264K), 0.0050487 secs]
19.844: Total time for which application threads were stopped: 0.0052384 seconds, Stopping threads took: 0.0000196 seconds
19.914: [GC (Allocation Failure)  984487K->661863K(1035264K), 0.0050214 secs]
19.919: Total time for which application threads were stopped: 0.0052056 seconds, Stopping threads took: 0.0000278 seconds
19.987: [GC (Allocation Failure)  984423K->665415K(1035264K), 0.0062665 secs]
19.993: Total time for which application threads were stopped: 0.0064483 seconds, Stopping threads took: 0.0000244 seconds
20.061: [GC (Allocation Failure)  987975K->669929K(1034752K), 0.0050670 secs]
20.066: Total time for which application threads were stopped: 0.0052261 seconds, Stopping threads took: 0.0000194 seconds
20.136: [GC (Allocation Failure)  992489K->669929K(1035264K), 0.0050005 secs]
20.141: Total time for which application threads were stopped: 0.0051827 seconds, Stopping threads took: 0.0000357 seconds
20.208: [GC (Allocation Failure)  992489K->673641K(1035776K), 0.0091206 secs]
20.218: Total time for which application threads were stopped: 0.0092681 seconds, Stopping threads took: 0.0000255 seconds
20.284: [GC (Allocation Failure)  997225K->678123K(1035776K), 0.0052526 secs]
20.290: Total time for which application threads were stopped: 0.0054199 seconds, Stopping threads took: 0.0000193 seconds
20.358: [GC (Allocation Failure)  1001707K->677931K(1035776K), 0.0050191 secs]
20.363: Total time for which application threads were stopped: 0.0051775 seconds, Stopping threads took: 0.0000186 seconds
20.431: [GC (Allocation Failure)  1001515K->676905K(1035776K), 0.0048055 secs]
20.436: Total time for which application threads were stopped: 0.0049963 seconds, Stopping threads took: 0.0000190 seconds
20.506: [GC (Allocation Failure)  1000489K->678091K(1036288K), 0.0048672 secs]
20.511: Total time for which application threads were stopped: 0.0050368 seconds, Stopping threads took: 0.0000201 seconds
20.581: [GC (Allocation Failure)  1002699K->677963K(1036288K), 0.0050160 secs]
20.586: Total time for which application threads were stopped: 0.0051743 seconds, Stopping threads took: 0.0000196 seconds
20.652: [GC (Allocation Failure)  1002571K->686297K(1030144K), 0.0097347 secs]
20.662: Total time for which application threads were stopped: 0.0099125 seconds, Stopping threads took: 0.0000189 seconds
20.729: [GC (Allocation Failure)  1004761K->682171K(1033216K), 0.0051519 secs]
20.735: Total time for which application threads were stopped: 0.0053096 seconds, Stopping threads took: 0.0000190 seconds
20.804: [GC (Allocation Failure)  1000635K->682075K(1034240K), 0.0049487 secs]
20.809: Total time for which application threads were stopped: 0.0051163 seconds, Stopping threads took: 0.0000193 seconds
20.874: [GC (Allocation Failure)  1002075K->684025K(1033728K), 0.0060681 secs]
20.880: Total time for which application threads were stopped: 0.0062272 seconds, Stopping threads took: 0.0000181 seconds
20.949: [GC (Allocation Failure)  1004025K->682107K(1034752K), 0.0049716 secs]
20.954: Total time for which application threads were stopped: 0.0051361 seconds, Stopping threads took: 0.0000255 seconds
21.022: [GC (Allocation Failure)  1003131K->682075K(1034240K), 0.0051026 secs]
21.028: Total time for which application threads were stopped: 0.0052718 seconds, Stopping threads took: 0.0000198 seconds
21.095: [GC (Allocation Failure)  1003099K->682649K(1035776K), 0.0054354 secs]
21.101: Total time for which application threads were stopped: 0.0056123 seconds, Stopping threads took: 0.0000199 seconds
21.169: [GC (Allocation Failure)  1005721K->682299K(1035264K), 0.0060016 secs]
21.175: Total time for which application threads were stopped: 0.0061612 seconds, Stopping threads took: 0.0000193 seconds
21.242: [GC (Allocation Failure)  1005371K->682075K(1036288K), 0.0051276 secs]
21.248: Total time for which application threads were stopped: 0.0053017 seconds, Stopping threads took: 0.0000199 seconds
21.314: [GC (Allocation Failure)  1006683K->690025K(1036288K), 0.0094332 secs]
21.323: Total time for which application threads were stopped: 0.0096343 seconds, Stopping threads took: 0.0000211 seconds
21.393: [GC (Allocation Failure)  1014633K->685995K(1032192K), 0.0050519 secs]
21.398: Total time for which application threads were stopped: 0.0052006 seconds, Stopping threads took: 0.0000167 seconds
21.467: [GC (Allocation Failure)  1006507K->685835K(1034240K), 0.0050564 secs]
21.472: Total time for which application threads were stopped: 0.0052304 seconds, Stopping threads took: 0.0000265 seconds
21.540: [GC (Allocation Failure)  1006347K->679625K(1033728K), 0.0027577 secs]
21.543: Total time for which application threads were stopped: 0.0029092 seconds, Stopping threads took: 0.0000194 seconds
21.611: [GC (Allocation Failure)  1000137K->685955K(1034240K), 0.0050918 secs]
21.616: Total time for which application threads were stopped: 0.0052619 seconds, Stopping threads took: 0.0000194 seconds
21.685: [GC (Allocation Failure)  1006467K->689939K(1034752K), 0.0057348 secs]
21.691: Total time for which application threads were stopped: 0.0059040 seconds, Stopping threads took: 0.0000202 seconds
21.757: [GC (Allocation Failure)  1010963K->682449K(1034240K), 0.0022039 secs]
21.759: Total time for which application threads were stopped: 0.0023426 seconds, Stopping threads took: 0.0000198 seconds
21.826: [GC (Allocation Failure)  1003473K->690083K(1034752K), 0.0051581 secs]
21.831: Total time for which application threads were stopped: 0.0053593 seconds, Stopping threads took: 0.0000220 seconds
21.900: [GC (Allocation Failure)  1011107K->694123K(1034240K), 0.0065184 secs]
21.907: Total time for which application threads were stopped: 0.0066672 seconds, Stopping threads took: 0.0000176 seconds
21.977: [GC (Allocation Failure)  1015147K->686249K(1033216K), 0.0020112 secs]
21.979: Total time for which application threads were stopped: 0.0021559 seconds, Stopping threads took: 0.0000199 seconds
22.047: [GC (Allocation Failure)  1006761K->694131K(1034240K), 0.0049256 secs]
22.052: Total time for which application threads were stopped: 0.0050821 seconds, Stopping threads took: 0.0000192 seconds
22.122: [GC (Allocation Failure)  1014643K->698259K(1034752K), 0.0065598 secs]
22.128: [Full GC (Ergonomics)  698259K->9026K(1034752K), 0.0155750 secs]
22.144: Total time for which application threads were stopped: 0.0224035 seconds, Stopping threads took: 0.0000198 seconds
22.213: [GC (Allocation Failure)  330562K->24842K(1034752K), 0.0094586 secs]
22.223: Total time for which application threads were stopped: 0.0096104 seconds, Stopping threads took: 0.0000251 seconds
22.291: [GC (Allocation Failure)  346378K->19324K(1030656K), 0.0040701 secs]
22.295: Total time for which application threads were stopped: 0.0042365 seconds, Stopping threads took: 0.0000200 seconds
22.361: [GC (Allocation Failure)  336764K->19100K(1032704K), 0.0037892 secs]
22.365: Total time for which application threads were stopped: 0.0039918 seconds, Stopping threads took: 0.0000197 seconds
22.434: [GC (Allocation Failure)  336540K->19898K(1033728K), 0.0041472 secs]
22.438: Total time for which application threads were stopped: 0.0043210 seconds, Stopping threads took: 0.0000258 seconds
22.505: [GC (Allocation Failure)  339386K->19260K(1033728K), 0.0039474 secs]
22.509: Total time for which application threads were stopped: 0.0041223 seconds, Stopping threads took: 0.0000208 seconds
22.578: [GC (Allocation Failure)  338748K->19100K(1034752K), 0.0037317 secs]
22.582: Total time for which application threads were stopped: 0.0038879 seconds, Stopping threads took: 0.0000250 seconds
22.650: [GC (Allocation Failure)  340124K->16506K(1034240K), 0.0027612 secs]
22.653: Total time for which application threads were stopped: 0.0029296 seconds, Stopping threads took: 0.0000193 seconds
22.722: [GC (Allocation Failure)  337530K->19228K(1035264K), 0.0039303 secs]
22.726: Total time for which application threads were stopped: 0.0041228 seconds, Stopping threads took: 0.0000202 seconds
22.796: [GC (Allocation Failure)  341788K->19100K(1035264K), 0.0038276 secs]
22.799: Total time for which application threads were stopped: 0.0039934 seconds, Stopping threads took: 0.0000199 seconds
22.867: [GC (Allocation Failure)  341660K->19290K(1036288K), 0.0039509 secs]
22.871: Total time for which application threads were stopped: 0.0041393 seconds, Stopping threads took: 0.0000193 seconds
22.942: [GC (Allocation Failure)  343386K->19164K(1035776K), 0.0043578 secs]
22.947: Total time for which application threads were stopped: 0.0045434 seconds, Stopping threads took: 0.0000206 seconds
23.015: [GC (Allocation Failure)  343260K->19100K(1036800K), 0.0037010 secs]
23.019: Total time for which application threads were stopped: 0.0038697 seconds, Stopping threads took: 0.0000208 seconds
23.086: [GC (Allocation Failure)  344220K->12826K(1036288K), 0.0013720 secs]
23.087: Total time for which application threads were stopped: 0.0014932 seconds, Stopping threads took: 0.0000191 seconds
23.157: [GC (Allocation Failure)  337946K->19172K(1036288K), 0.0036440 secs]
23.161: Total time for which application threads were stopped: 0.0038063 seconds, Stopping threads took: 0.0000191 seconds
23.231: [GC (Allocation Failure)  343780K->23276K(1036288K), 0.0046079 secs]
23.235: Total time for which application threads were stopped: 0.0047940 seconds, Stopping threads took: 0.0000208 seconds
23.302: [GC (Allocation Failure)  347884K->23244K(1036800K), 0.0037169 secs]
23.306: Total time for which application threads were stopped: 0.0038846 seconds, Stopping threads took: 0.0000214 seconds
23.374: [GC (Allocation Failure)  348876K->23308K(1025536K), 0.0041111 secs]
23.378: Total time for which application threads were stopped: 0.0042794 seconds, Stopping threads took: 0.0000201 seconds
23.449: [GC (Allocation Failure)  348940K->31279K(1035776K), 0.0039834 secs]
23.453: Total time for which application threads were stopped: 0.0041602 seconds, Stopping threads took: 0.0000265 seconds
23.520: [GC (Allocation Failure)  354863K->31311K(1035776K), 0.0039729 secs]
23.524: Total time for which application threads were stopped: 0.0041342 seconds, Stopping threads took: 0.0000196 seconds
23.592: [GC (Allocation Failure)  354895K->31495K(1034240K), 0.0040154 secs]
23.596: Total time for which application threads were stopped: 0.0041847 seconds, Stopping threads took: 0.0000199 seconds
23.664: [GC (Allocation Failure)  354055K->39305K(1035264K), 0.0039328 secs]
23.668: Total time for which application threads were stopped: 0.0041188 seconds, Stopping threads took: 0.0000209 seconds
23.737: [GC (Allocation Failure)  361865K->39305K(1035264K), 0.0039654 secs]
23.741: Total time for which application threads were stopped: 0.0041830 seconds, Stopping threads took: 0.0000535 seconds
23.810: [GC (Allocation Failure)  361865K->39721K(1035264K), 0.0039720 secs]
23.814: Total time for which application threads were stopped: 0.0041738 seconds, Stopping threads took: 0.0000197 seconds
23.882: [GC (Allocation Failure)  362281K->47339K(1035264K), 0.0038495 secs]
23.886: Total time for which application threads were stopped: 0.0040080 seconds, Stopping threads took: 0.0000194 seconds
23.956: [GC (Allocation Failure)  369899K->47371K(1035264K), 0.0036880 secs]
23.959: Total time for which application threads were stopped: 0.0038801 seconds, Stopping threads took: 0.0000190 seconds
24.028: [GC (Allocation Failure)  369931K->47403K(1034240K), 0.0040023 secs]
24.032: Total time for which application threads were stopped: 0.0041590 seconds, Stopping threads took: 0.0000167 seconds
24.100: [GC (Allocation Failure)  368939K->55373K(1034752K), 0.0037050 secs]
24.103: Total time for which application threads were stopped: 0.0038747 seconds, Stopping threads took: 0.0000204 seconds
24.172: [GC (Allocation Failure)  376909K->55373K(1034752K), 0.0037928 secs]
24.176: Total time for which application threads were stopped: 0.0039538 seconds, Stopping threads took: 0.0000196 seconds
24.244: [GC (Allocation Failure)  376909K->55437K(1021440K), 0.0040275 secs]
24.248: Total time for which application threads were stopped: 0.0042061 seconds, Stopping threads took: 0.0000201 seconds
24.315: [GC (Allocation Failure)  376973K->63408K(1034240K), 0.0039424 secs]
24.319: Total time for which application threads were stopped: 0.0041207 seconds, Stopping threads took: 0.0000201 seconds
24.388: [GC (Allocation Failure)  383920K->63440K(1034240K), 0.0039346 secs]
24.392: Total time for which application threads were stopped: 0.0040996 seconds, Stopping threads took: 0.0000208 seconds
24.459: [GC (Allocation Failure)  383952K->63472K(1034240K), 0.0037486 secs]
24.463: Total time for which application threads were stopped: 0.0039465 seconds, Stopping threads took: 0.0000270 seconds
24.531: [GC (Allocation Failure)  383984K->71410K(1028096K), 0.0039756 secs]
24.535: Total time for which application threads were stopped: 0.0041317 seconds, Stopping threads took: 0.0000164 seconds
24.602: [GC (Allocation Failure)  391922K->71442K(1033728K), 0.0037482 secs]
24.605: Total time for which application threads were stopped: 0.0039158 seconds, Stopping threads took: 0.0000201 seconds
24.672: [GC (Allocation Failure)  390930K->71594K(1033728K), 0.0041092 secs]
24.676: Total time for which application threads were stopped: 0.0042897 seconds, Stopping threads took: 0.0000202 seconds
24.745: [GC (Allocation Failure)  391082K->79500K(1033728K), 0.0041276 secs]
24.749: Total time for which application threads were stopped: 0.0043094 seconds, Stopping threads took: 0.0000246 seconds
24.817: [GC (Allocation Failure)  398988K->79468K(1033728K), 0.0038113 secs]
24.821: Total time for which application threads were stopped: 0.0039809 seconds, Stopping threads took: 0.0000203 seconds
24.887: [GC (Allocation Failure)  398956K->79820K(1033728K), 0.0057352 secs]
24.893: Total time for which application threads were stopped: 0.0058853 seconds, Stopping threads took: 0.0000199 seconds
24.962: [GC (Allocation Failure)  399308K->87503K(1033728K), 0.0040883 secs]
24.966: Total time for which application threads were stopped: 0.0042444 seconds, Stopping threads took: 0.0000253 seconds
25.032: [GC (Allocation Failure)  406991K->87503K(1033728K), 0.0039253 secs]
25.036: Total time for which application threads were stopped: 0.0040698 seconds, Stopping threads took: 0.0000198 seconds
25.103: [GC (Allocation Failure)  406991K->88015K(1033728K), 0.0039175 secs]
25.107: Total time for which application threads were stopped: 0.0040674 seconds, Stopping threads took: 0.0000169 seconds
25.172: [GC (Allocation Failure)  407503K->95505K(1033728K), 0.0039012 secs]
25.176: Total time for which application threads were stopped: 0.0040592 seconds, Stopping threads took: 0.0000194 seconds
25.244: [GC (Allocation Failure)  414993K->95569K(1033728K), 0.0039675 secs]
25.248: Total time for which application threads were stopped: 0.0041233 seconds, Stopping threads took: 0.0000197 seconds
25.313: [GC (Allocation Failure)  415057K->95785K(1032704K), 0.0038958 secs]
25.317: Total time for which application threads were stopped: 0.0040500 seconds, Stopping threads took: 0.0000191 seconds
25.384: [GC (Allocation Failure)  414249K->103595K(1033216K), 0.0038430 secs]
25.388: Total time for which application threads were stopped: 0.0040249 seconds, Stopping threads took: 0.0000196 seconds
25.456: [GC (Allocation Failure)  422059K->103563K(1033216K), 0.0037148 secs]
25.459: Total time for which application threads were stopped: 0.0038714 seconds, Stopping threads took: 0.0000189 seconds
25.524: [GC (Allocation Failure)  422027K->103715K(1033216K), 0.0041037 secs]
25.528: Total time for which application threads were stopped: 0.0042845 seconds, Stopping threads took: 0.0000197 seconds
25.595: [GC (Allocation Failure)  422179K->111589K(1033216K), 0.0038867 secs]
25.599: Total time for which application threads were stopped: 0.0040654 seconds, Stopping threads took: 0.0000281 seconds
25.664: [GC (Allocation Failure)  430053K->107715K(1033216K), 0.0028144 secs]
25.667: Total time for which application threads were stopped: 0.0029795 seconds, Stopping threads took: 0.0000200 seconds
25.733: [GC (Allocation Failure)  426179K->111749K(1034752K), 0.0044365 secs]
25.738: Total time for which application threads were stopped: 0.0046102 seconds, Stopping threads took: 0.0000196 seconds
25.807: [GC (Allocation Failure)  432773K->115749K(1034240K), 0.0040951 secs]
25.811: Total time for which application threads were stopped: 0.0042637 seconds, Stopping threads took: 0.0000203 seconds
25.877: [GC (Allocation Failure)  436773K->108931K(1034752K), 0.0012271 secs]
25.878: Total time for which application threads were stopped: 0.0013481 seconds, Stopping threads took: 0.0000199 seconds
25.945: [GC (Allocation Failure)  429955K->115757K(1034240K), 0.0055908 secs]
25.951: Total time for which application threads were stopped: 0.0057675 seconds, Stopping threads took: 0.0000194 seconds
26.019: [GC (Allocation Failure)  436781K->119901K(1034752K), 0.0049865 secs]
26.024: Total time for which application threads were stopped: 0.0051475 seconds, Stopping threads took: 0.0000197 seconds
26.089: [GC (Allocation Failure)  441437K->113275K(1034752K), 0.0013960 secs]
26.091: Total time for which application threads were stopped: 0.0015249 seconds, Stopping threads took: 0.0000197 seconds
26.161: [GC (Allocation Failure)  434811K->120133K(1034752K), 0.0040716 secs]
26.165: Total time for which application threads were stopped: 0.0042376 seconds, Stopping threads took: 0.0000192 seconds
26.233: [GC (Allocation Failure)  441669K->124013K(1034752K), 0.0049169 secs]
26.238: Total time for which application threads were stopped: 0.0050738 seconds, Stopping threads took: 0.0000193 seconds
26.305: [GC (Allocation Failure)  445549K->118635K(1034752K), 0.0018263 secs]
26.307: Total time for which application threads were stopped: 0.0019885 seconds, Stopping threads took: 0.0000193 seconds
26.376: [GC (Allocation Failure)  440171K->124237K(1034752K), 0.0041329 secs]
26.380: Total time for which application threads were stopped: 0.0043002 seconds, Stopping threads took: 0.0000214 seconds
26.449: [GC (Allocation Failure)  445773K->128165K(1034752K), 0.0040828 secs]
26.453: Total time for which application threads were stopped: 0.0042425 seconds, Stopping threads took: 0.0000264 seconds
26.518: [GC (Allocation Failure)  450706K->124259K(1035264K), 0.0028836 secs]
26.521: Total time for which application threads were stopped: 0.0030380 seconds, Stopping threads took: 0.0000191 seconds
26.592: [GC (Allocation Failure)  446819K->128325K(1036288K), 0.0043259 secs]
26.596: Total time for which application threads were stopped: 0.0045067 seconds, Stopping threads took: 0.0000205 seconds
26.667: [GC (Allocation Failure)  452421K->132325K(1035776K), 0.0041603 secs]
26.671: Total time for which application threads were stopped: 0.0043552 seconds, Stopping threads took: 0.0000224 seconds
26.741: [GC (Allocation Failure)  456421K->132293K(1035776K), 0.0041171 secs]
26.746: Total time for which application threads were stopped: 0.0043306 seconds, Stopping threads took: 0.0000205 seconds
26.814: [GC (Allocation Failure)  455877K->132357K(1023488K), 0.0042189 secs]
26.818: Total time for which application threads were stopped: 0.0043804 seconds, Stopping threads took: 0.0000208 seconds
26.886: [GC (Allocation Failure)  455941K->140360K(1035264K), 0.0040079 secs]
26.890: Total time for which application threads were stopped: 0.0041683 seconds, Stopping threads took: 0.0000192 seconds
26.959: [GC (Allocation Failure)  462920K->140360K(1030144K), 0.0040488 secs]
26.963: Total time for which application threads were stopped: 0.0042249 seconds, Stopping threads took: 0.0000273 seconds
27.029: [GC (Allocation Failure)  462920K->140392K(1034752K), 0.0040170 secs]
27.033: Total time for which application threads were stopped: 0.0041738 seconds, Stopping threads took: 0.0000193 seconds
27.101: [GC (Allocation Failure)  461928K->148330K(1034752K), 0.0038783 secs]
27.105: Total time for which application threads were stopped: 0.0040387 seconds, Stopping threads took: 0.0000193 seconds
27.173: [GC (Allocation Failure)  469866K->148362K(1033728K), 0.0039973 secs]
27.177: Total time for which application threads were stopped: 0.0041671 seconds, Stopping threads took: 0.0000200 seconds
27.245: [GC (Allocation Failure)  468874K->148610K(1034240K), 0.0042060 secs]
27.250: Total time for which application threads were stopped: 0.0043645 seconds, Stopping threads took: 0.0000184 seconds
27.318: [GC (Allocation Failure)  469122K->156420K(1034240K), 0.0040362 secs]
27.322: Total time for which application threads were stopped: 0.0042149 seconds, Stopping threads took: 0.0000195 seconds
27.388: [GC (Allocation Failure)  476932K->156388K(1034240K), 0.0039583 secs]
27.392: Total time for which application threads were stopped: 0.0041399 seconds, Stopping threads took: 0.0000196 seconds
27.460: [GC (Allocation Failure)  476900K->156828K(1034240K), 0.0041801 secs]
27.464: Total time for which application threads were stopped: 0.0043431 seconds, Stopping threads took: 0.0000211 seconds
27.532: [GC (Allocation Failure)  477340K->164414K(1028096K), 0.0041224 secs]
27.536: Total time for which application threads were stopped: 0.0043060 seconds, Stopping threads took: 0.0000212 seconds
27.602: [GC (Allocation Failure)  484926K->164446K(1033728K), 0.0039668 secs]
27.606: Total time for which application threads were stopped: 0.0041560 seconds, Stopping threads took: 0.0000194 seconds
27.673: [GC (Allocation Failure)  483934K->164582K(1033728K), 0.0043538 secs]
27.677: Total time for which application threads were stopped: 0.0045170 seconds, Stopping threads took: 0.0000194 seconds
27.745: [GC (Allocation Failure)  484070K->172457K(1033728K), 0.0038986 secs]
27.749: Total time for which application threads were stopped: 0.0040880 seconds, Stopping threads took: 0.0000195 seconds
27.818: [GC (Allocation Failure)  491945K->172457K(1033728K), 0.0037798 secs]
27.822: Total time for which application threads were stopped: 0.0039704 seconds, Stopping threads took: 0.0000193 seconds
27.890: [GC (Allocation Failure)  491945K->172521K(1033728K), 0.0041307 secs]
27.894: Total time for which application threads were stopped: 0.0043122 seconds, Stopping threads took: 0.0000167 seconds
27.962: [GC (Allocation Failure)  492009K->180491K(1027072K), 0.0041886 secs]
27.966: Total time for which application threads were stopped: 0.0043496 seconds, Stopping threads took: 0.0000198 seconds
28.031: [GC (Allocation Failure)  499978K->176585K(1034240K), 0.0030397 secs]
28.034: Total time for which application threads were stopped: 0.0032064 seconds, Stopping threads took: 0.0000195 seconds
28.104: [GC (Allocation Failure)  496073K->180651K(1033216K), 0.0042598 secs]
28.108: Total time for which application threads were stopped: 0.0044194 seconds, Stopping threads took: 0.0000197 seconds
28.177: [GC (Allocation Failure)  500139K->184619K(1034752K), 0.0040557 secs]
28.182: Total time for which application threads were stopped: 0.0042277 seconds, Stopping threads took: 0.0000196 seconds
28.251: [GC (Allocation Failure)  506155K->177865K(1034752K), 0.0013171 secs]
28.252: Total time for which application threads were stopped: 0.0014609 seconds, Stopping threads took: 0.0000194 seconds
28.320: [GC (Allocation Failure)  499401K->184683K(1034752K), 0.0040299 secs]
28.324: Total time for which application threads were stopped: 0.0041974 seconds, Stopping threads took: 0.0000218 seconds
28.390: [GC (Allocation Failure)  506219K->188763K(1034752K), 0.0051197 secs]
28.395: Total time for which application threads were stopped: 0.0052960 seconds, Stopping threads took: 0.0000192 seconds
28.464: [GC (Allocation Failure)  510299K->183225K(1034752K), 0.0018791 secs]
28.466: Total time for which application threads were stopped: 0.0020210 seconds, Stopping threads took: 0.0000255 seconds
28.533: [GC (Allocation Failure)  504761K->189067K(1034752K), 0.0040079 secs]
28.537: Total time for which application threads were stopped: 0.0041843 seconds, Stopping threads took: 0.0000195 seconds
28.605: [GC (Allocation Failure)  510603K->192907K(1034752K), 0.0046205 secs]
28.610: Total time for which application threads were stopped: 0.0047898 seconds, Stopping threads took: 0.0000204 seconds
28.677: [GC (Allocation Failure)  515395K->188969K(1035264K), 0.0027537 secs]
28.680: Total time for which application threads were stopped: 0.0029137 seconds, Stopping threads took: 0.0000203 seconds
28.748: [GC (Allocation Failure)  511529K->193035K(1036288K), 0.0069815 secs]
28.755: Total time for which application threads were stopped: 0.0071566 seconds, Stopping threads took: 0.0000215 seconds
28.824: [GC (Allocation Failure)  517131K->197067K(1035776K), 0.0041177 secs]
28.828: Total time for which application threads were stopped: 0.0042990 seconds, Stopping threads took: 0.0000191 seconds
28.898: [GC (Allocation Failure)  521163K->197067K(1035776K), 0.0040567 secs]
28.902: Total time for which application threads were stopped: 0.0042394 seconds, Stopping threads took: 0.0000207 seconds
28.972: [GC (Allocation Failure)  520651K->197099K(1023488K), 0.0044162 secs]
28.976: Total time for which application threads were stopped: 0.0045904 seconds, Stopping threads took: 0.0000203 seconds
29.042: [GC (Allocation Failure)  520683K->205101K(1035264K), 0.0042492 secs]
29.047: Total time for which application threads were stopped: 0.0044208 seconds, Stopping threads took: 0.0000195 seconds
29.115: [GC (Allocation Failure)  527661K->205069K(1030144K), 0.0040914 secs]
29.119: Total time for which application threads were stopped: 0.0042583 seconds, Stopping threads took: 0.0000196 seconds
29.186: [GC (Allocation Failure)  527629K->205125K(1034752K), 0.0043890 secs]
29.191: Total time for which application threads were stopped: 0.0045469 seconds, Stopping threads took: 0.0000193 seconds
29.261: [GC (Allocation Failure)  526661K->213127K(1029120K), 0.0043083 secs]
29.265: Total time for which application threads were stopped: 0.0044660 seconds, Stopping threads took: 0.0000187 seconds
29.334: [GC (Allocation Failure)  534663K->213095K(1034240K), 0.0040353 secs]
29.338: Total time for which application threads were stopped: 0.0041951 seconds, Stopping threads took: 0.0000197 seconds
29.405: [GC (Allocation Failure)  533607K->213319K(1034240K), 0.0042953 secs]
29.409: Total time for which application threads were stopped: 0.0044499 seconds, Stopping threads took: 0.0000189 seconds
29.478: [GC (Allocation Failure)  533831K->221162K(1034240K), 0.0042361 secs]
29.483: Total time for which application threads were stopped: 0.0043958 seconds, Stopping threads took: 0.0000196 seconds
29.552: [GC (Allocation Failure)  541674K->221130K(1034240K), 0.0042031 secs]
29.556: Total time for which application threads were stopped: 0.0043586 seconds, Stopping threads took: 0.0000194 seconds
29.623: [GC (Allocation Failure)  541642K->221578K(1033216K), 0.0043701 secs]
29.627: Total time for which application threads were stopped: 0.0045397 seconds, Stopping threads took: 0.0000205 seconds
29.697: [GC (Allocation Failure)  541066K->229164K(1033728K), 0.0042912 secs]
29.701: Total time for which application threads were stopped: 0.0044549 seconds, Stopping threads took: 0.0000201 seconds
29.769: [GC (Allocation Failure)  548652K->229196K(1033728K), 0.0040159 secs]
29.773: Total time for which application threads were stopped: 0.0041756 seconds, Stopping threads took: 0.0000197 seconds
29.838: [GC (Allocation Failure)  548684K->229292K(1033728K), 0.0043152 secs]
29.842: Total time for which application threads were stopped: 0.0044846 seconds, Stopping threads took: 0.0000195 seconds
29.910: [GC (Allocation Failure)  548780K->237262K(1033728K), 0.0043363 secs]
29.914: Total time for which application threads were stopped: 0.0045041 seconds, Stopping threads took: 0.0000200 seconds
29.983: [GC (Allocation Failure)  556750K->237230K(1033728K), 0.0042522 secs]
29.988: Total time for which application threads were stopped: 0.0044111 seconds, Stopping threads took: 0.0000194 seconds
30.055: [GC (Allocation Failure)  556718K->237254K(1032704K), 0.0044795 secs]
30.059: Total time for which application threads were stopped: 0.0046627 seconds, Stopping threads took: 0.0000206 seconds
30.127: [GC (Allocation Failure)  555718K->245192K(1033216K), 0.0042645 secs]
30.131: Total time for which application threads were stopped: 0.0044283 seconds, Stopping threads took: 0.0000201 seconds
30.199: [GC (Allocation Failure)  563656K->239622K(1033728K), 0.0047198 secs]
30.204: Total time for which application threads were stopped: 0.0048901 seconds, Stopping threads took: 0.0000259 seconds
30.271: [GC (Allocation Failure)  558598K->245480K(1033216K), 0.0043402 secs]
30.276: Total time for which application threads were stopped: 0.0045189 seconds, Stopping threads took: 0.0000203 seconds
30.343: [GC (Allocation Failure)  564456K->249368K(1034240K), 0.0045754 secs]
30.348: Total time for which application threads were stopped: 0.0047402 seconds, Stopping threads took: 0.0000216 seconds
30.415: [GC (Allocation Failure)  569880K->255254K(1034240K), 0.0066029 secs]
30.422: Total time for which application threads were stopped: 0.0067545 seconds, Stopping threads took: 0.0000252 seconds
30.490: [GC (Allocation Failure)  575766K->249528K(1030144K), 0.0042984 secs]
30.495: Total time for which application threads were stopped: 0.0044739 seconds, Stopping threads took: 0.0000275 seconds
30.562: [GC (Allocation Failure)  565944K->249368K(1032192K), 0.0041786 secs]
30.566: Total time for which application threads were stopped: 0.0043403 seconds, Stopping threads took: 0.0000191 seconds
30.633: [GC (Allocation Failure)  565784K->245174K(1033216K), 0.0025620 secs]
30.635: Total time for which application threads were stopped: 0.0027211 seconds, Stopping threads took: 0.0000270 seconds
30.705: [GC (Allocation Failure)  563126K->249464K(1032704K), 0.0042485 secs]
30.709: Total time for which application threads were stopped: 0.0044234 seconds, Stopping threads took: 0.0000246 seconds
30.774: [GC (Allocation Failure)  567416K->249336K(1033728K), 0.0044401 secs]
30.779: Total time for which application threads were stopped: 0.0046102 seconds, Stopping threads took: 0.0000200 seconds
30.846: [GC (Allocation Failure)  568312K->253016K(1033216K), 0.0051967 secs]
30.851: Total time for which application threads were stopped: 0.0053756 seconds, Stopping threads took: 0.0000284 seconds
30.919: [GC (Allocation Failure)  571992K->257499K(1034240K), 0.0040441 secs]
30.923: Total time for which application threads were stopped: 0.0042202 seconds, Stopping threads took: 0.0000196 seconds
30.989: [GC (Allocation Failure)  577499K->257435K(1033728K), 0.0042381 secs]
30.993: Total time for which application threads were stopped: 0.0043985 seconds, Stopping threads took: 0.0000196 seconds
31.058: [GC (Allocation Failure)  577435K->260731K(1034240K), 0.0051368 secs]
31.063: Total time for which application threads were stopped: 0.0052873 seconds, Stopping threads took: 0.0000169 seconds
31.131: [GC (Allocation Failure)  581243K->265469K(1034240K), 0.0041024 secs]
31.135: Total time for which application threads were stopped: 0.0043205 seconds, Stopping threads took: 0.0000195 seconds
31.205: [GC (Allocation Failure)  585981K->265469K(1034752K), 0.0049461 secs]
31.210: Total time for which application threads were stopped: 0.0051177 seconds, Stopping threads took: 0.0000245 seconds
31.276: [GC (Allocation Failure)  587005K->267933K(1034752K), 0.0048985 secs]
31.281: Total time for which application threads were stopped: 0.0050874 seconds, Stopping threads took: 0.0000186 seconds
31.350: [GC (Allocation Failure)  589469K->273471K(1034752K), 0.0042325 secs]
31.354: Total time for which application threads were stopped: 0.0043942 seconds, Stopping threads took: 0.0000202 seconds
31.422: [GC (Allocation Failure)  595007K->273471K(1034752K), 0.0041964 secs]
31.426: Total time for which application threads were stopped: 0.0043637 seconds, Stopping threads took: 0.0000269 seconds
31.492: [GC (Allocation Failure)  595007K->277159K(1035264K), 0.0052882 secs]
31.497: Total time for which application threads were stopped: 0.0054689 seconds, Stopping threads took: 0.0000199 seconds
31.565: [GC (Allocation Failure)  599207K->281546K(1034752K), 0.0043131 secs]
31.569: Total time for which application threads were stopped: 0.0044812 seconds, Stopping threads took: 0.0000197 seconds
31.638: [GC (Allocation Failure)  603594K->281546K(1035264K), 0.0040570 secs]
31.642: Total time for which application threads were stopped: 0.0042170 seconds, Stopping threads took: 0.0000196 seconds
31.709: [GC (Allocation Failure)  604106K->284362K(1035264K), 0.0059970 secs]
31.715: Total time for which application threads were stopped: 0.0061843 seconds, Stopping threads took: 0.0000191 seconds
31.783: [GC (Allocation Failure)  606922K->289644K(1035264K), 0.0040789 secs]
31.787: Total time for which application threads were stopped: 0.0042642 seconds, Stopping threads took: 0.0000214 seconds
31.857: [GC (Allocation Failure)  612204K->289580K(1035264K), 0.0043214 secs]
31.862: Total time for which application threads were stopped: 0.0044780 seconds, Stopping threads took: 0.0000190 seconds
31.929: [GC (Allocation Failure)  612140K->292612K(1035264K), 0.0049286 secs]
31.934: Total time for which application threads were stopped: 0.0051024 seconds, Stopping threads took: 0.0000258 seconds
32.002: [GC (Allocation Failure)  615172K->297638K(1035264K), 0.0042354 secs]
32.007: Total time for which application threads were stopped: 0.0044041 seconds, Stopping threads took: 0.0000192 seconds
32.075: [GC (Allocation Failure)  620198K->297606K(1035264K), 0.0042594 secs]
32.080: Total time for which application threads were stopped: 0.0044329 seconds, Stopping threads took: 0.0000203 seconds
32.148: [GC (Allocation Failure)  620166K->292772K(1035264K), 0.0025002 secs]
32.151: Total time for which application threads were stopped: 0.0026652 seconds, Stopping threads took: 0.0000193 seconds
32.219: [GC (Allocation Failure)  615332K->297830K(1035264K), 0.0041755 secs]
32.224: Total time for which application threads were stopped: 0.0043346 seconds, Stopping threads took: 0.0000173 seconds
32.291: [GC (Allocation Failure)  620390K->297606K(1035264K), 0.0041006 secs]
32.295: Total time for which application threads were stopped: 0.0042939 seconds, Stopping threads took: 0.0000198 seconds
32.364: [GC (Allocation Failure)  620166K->297092K(1035776K), 0.0043156 secs]
32.369: Total time for which application threads were stopped: 0.0044738 seconds, Stopping threads took: 0.0000190 seconds
32.439: [GC (Allocation Failure)  620164K->297798K(1035264K), 0.0043098 secs]
32.444: Total time for which application threads were stopped: 0.0044799 seconds, Stopping threads took: 0.0000279 seconds
32.513: [GC (Allocation Failure)  620870K->297574K(1035776K), 0.0041484 secs]
32.517: Total time for which application threads were stopped: 0.0043161 seconds, Stopping threads took: 0.0000195 seconds
32.585: [GC (Allocation Failure)  621158K->303420K(1035776K), 0.0071077 secs]
32.592: Total time for which application threads were stopped: 0.0072987 seconds, Stopping threads took: 0.0000188 seconds
32.662: [GC (Allocation Failure)  627004K->298782K(1032704K), 0.0042276 secs]
32.666: Total time for which application threads were stopped: 0.0043885 seconds, Stopping threads took: 0.0000194 seconds
32.734: [GC (Allocation Failure)  619294K->298654K(1034240K), 0.0042931 secs]
32.738: Total time for which application threads were stopped: 0.0044542 seconds, Stopping threads took: 0.0000198 seconds
32.805: [GC (Allocation Failure)  619166K->305756K(1030656K), 0.0075993 secs]
32.813: Total time for which application threads were stopped: 0.0077582 seconds, Stopping threads took: 0.0000198 seconds
32.880: [GC (Allocation Failure)  623196K->300094K(1032704K), 0.0043789 secs]
32.884: Total time for which application threads were stopped: 0.0045707 seconds, Stopping threads took: 0.0000195 seconds
32.954: [GC (Allocation Failure)  617534K->299998K(1033728K), 0.0040319 secs]
32.958: Total time for which application threads were stopped: 0.0042270 seconds, Stopping threads took: 0.0000267 seconds
33.027: [GC (Allocation Failure)  618974K->297596K(1033216K), 0.0033719 secs]
33.030: Total time for which application threads were stopped: 0.0035517 seconds, Stopping threads took: 0.0000169 seconds
33.097: [GC (Allocation Failure)  616572K->300030K(1034752K), 0.0042424 secs]
33.102: Total time for which application threads were stopped: 0.0044007 seconds, Stopping threads took: 0.0000195 seconds
33.169: [GC (Allocation Failure)  621054K->299998K(1034240K), 0.0042629 secs]
33.174: Total time for which application threads were stopped: 0.0044458 seconds, Stopping threads took: 0.0000200 seconds
33.241: [GC (Allocation Failure)  621022K->295228K(1034240K), 0.0024917 secs]
33.243: Total time for which application threads were stopped: 0.0026517 seconds, Stopping threads took: 0.0000188 seconds
33.311: [GC (Allocation Failure)  616764K->300222K(1034752K), 0.0042853 secs]
33.315: Total time for which application threads were stopped: 0.0044452 seconds, Stopping threads took: 0.0000197 seconds
33.382: [GC (Allocation Failure)  621758K->299966K(1035776K), 0.0052843 secs]
33.388: Total time for which application threads were stopped: 0.0054747 seconds, Stopping threads took: 0.0000211 seconds
33.456: [GC (Allocation Failure)  623038K->297980K(1035264K), 0.0034270 secs]
33.460: Total time for which application threads were stopped: 0.0035953 seconds, Stopping threads took: 0.0000279 seconds
33.528: [GC (Allocation Failure)  621052K->300190K(1036288K), 0.0044689 secs]
33.533: Total time for which application threads were stopped: 0.0046446 seconds, Stopping threads took: 0.0000215 seconds
33.601: [GC (Allocation Failure)  624286K->299998K(1035776K), 0.0042633 secs]
33.605: Total time for which application threads were stopped: 0.0044229 seconds, Stopping threads took: 0.0000202 seconds
33.675: [GC (Allocation Failure)  624094K->305828K(1033216K), 0.0071176 secs]
33.682: Total time for which application threads were stopped: 0.0072751 seconds, Stopping threads took: 0.0000186 seconds
33.749: [GC (Allocation Failure)  627364K->301734K(1034752K), 0.0044386 secs]
33.754: Total time for which application threads were stopped: 0.0046169 seconds, Stopping threads took: 0.0000202 seconds
33.821: [GC (Allocation Failure)  623270K->301606K(1035264K), 0.0108580 secs]
33.832: Total time for which application threads were stopped: 0.0110276 seconds, Stopping threads took: 0.0000197 seconds
33.900: [GC (Allocation Failure)  624166K->309684K(1035264K), 0.0084524 secs]
33.909: Total time for which application threads were stopped: 0.0086195 seconds, Stopping threads took: 0.0000192 seconds
33.977: [GC (Allocation Failure)  632244K->304534K(1032192K), 0.0044968 secs]
33.982: Total time for which application threads were stopped: 0.0046705 seconds, Stopping threads took: 0.0000198 seconds
34.049: [GC (Allocation Failure)  624022K->304438K(1033728K), 0.0043800 secs]
34.053: Total time for which application threads were stopped: 0.0045379 seconds, Stopping threads took: 0.0000197 seconds
34.120: [GC (Allocation Failure)  623926K->310708K(1031680K), 0.0111801 secs]
34.131: Total time for which application threads were stopped: 0.0113382 seconds, Stopping threads took: 0.0000184 seconds
34.200: [GC (Allocation Failure)  628148K->304470K(1032704K), 0.0045556 secs]
34.204: Total time for which application threads were stopped: 0.0047692 seconds, Stopping threads took: 0.0000263 seconds
34.272: [GC (Allocation Failure)  621910K->304438K(1033216K), 0.0042854 secs]
34.276: Total time for which application threads were stopped: 0.0044577 seconds, Stopping threads took: 0.0000207 seconds
34.342: [GC (Allocation Failure)  622390K->300180K(1032704K), 0.0027662 secs]
34.345: Total time for which application threads were stopped: 0.0029432 seconds, Stopping threads took: 0.0000199 seconds
34.413: [GC (Allocation Failure)  618132K->304662K(1033728K), 0.0046894 secs]
34.418: Total time for which application threads were stopped: 0.0048700 seconds, Stopping threads took: 0.0000289 seconds
34.485: [GC (Allocation Failure)  623638K->304470K(1033216K), 0.0043896 secs]
34.490: Total time for which application threads were stopped: 0.0045498 seconds, Stopping threads took: 0.0000200 seconds
34.556: [GC (Allocation Failure)  623446K->304862K(1032192K), 0.0046003 secs]
34.561: Total time for which application threads were stopped: 0.0047635 seconds, Stopping threads took: 0.0000200 seconds
34.628: [GC (Allocation Failure)  623326K->312512K(1033216K), 0.0066919 secs]
34.635: Total time for which application threads were stopped: 0.0068679 seconds, Stopping threads took: 0.0000218 seconds
34.701: [GC (Allocation Failure)  630976K->312448K(1034240K), 0.0042989 secs]
34.706: Total time for which application threads were stopped: 0.0044705 seconds, Stopping threads took: 0.0000199 seconds
34.771: [GC (Allocation Failure)  632448K->314592K(1033728K), 0.0047356 secs]
34.775: Total time for which application threads were stopped: 0.0048999 seconds, Stopping threads took: 0.0000202 seconds
34.843: [GC (Allocation Failure)  634592K->320643K(1034240K), 0.0043308 secs]
34.848: Total time for which application threads were stopped: 0.0045087 seconds, Stopping threads took: 0.0000201 seconds
34.916: [GC (Allocation Failure)  641155K->320515K(1034240K), 0.0041881 secs]
34.920: Total time for which application threads were stopped: 0.0043568 seconds, Stopping threads took: 0.0000194 seconds
34.987: [GC (Allocation Failure)  641027K->324355K(1034752K), 0.0054690 secs]
34.993: Total time for which application threads were stopped: 0.0056399 seconds, Stopping threads took: 0.0000193 seconds
35.061: [GC (Allocation Failure)  645891K->328613K(1034752K), 0.0045389 secs]
35.066: Total time for which application threads were stopped: 0.0047233 seconds, Stopping threads took: 0.0000218 seconds
35.133: [GC (Allocation Failure)  650149K->328549K(1035264K), 0.0044277 secs]
35.137: Total time for which application threads were stopped: 0.0045980 seconds, Stopping threads took: 0.0000192 seconds
35.208: [GC (Allocation Failure)  651109K->330533K(1035264K), 0.0065002 secs]
35.214: Total time for which application threads were stopped: 0.0066742 seconds, Stopping threads took: 0.0000256 seconds
35.283: [GC (Allocation Failure)  653093K->336583K(1035264K), 0.0043832 secs]
35.287: Total time for which application threads were stopped: 0.0045762 seconds, Stopping threads took: 0.0000196 seconds
35.357: [GC (Allocation Failure)  659143K->336583K(1035264K), 0.0044826 secs]
35.361: Total time for which application threads were stopped: 0.0046425 seconds, Stopping threads took: 0.0000193 seconds
35.427: [GC (Allocation Failure)  659143K->338759K(1035264K), 0.0048004 secs]
35.432: Total time for which application threads were stopped: 0.0049762 seconds, Stopping threads took: 0.0000261 seconds
35.499: [GC (Allocation Failure)  661319K->344649K(1035264K), 0.0044752 secs]
35.504: Total time for which application threads were stopped: 0.0046435 seconds, Stopping threads took: 0.0000195 seconds
35.572: [GC (Allocation Failure)  667209K->344617K(1035264K), 0.0044255 secs]
35.577: Total time for which application threads were stopped: 0.0045972 seconds, Stopping threads took: 0.0000202 seconds
35.646: [GC (Allocation Failure)  667177K->347017K(1035264K), 0.0049821 secs]
35.651: Total time for which application threads were stopped: 0.0051540 seconds, Stopping threads took: 0.0000192 seconds
35.721: [GC (Allocation Failure)  669577K->352812K(1035264K), 0.0045719 secs]
35.725: Total time for which application threads were stopped: 0.0047501 seconds, Stopping threads took: 0.0000200 seconds
35.793: [GC (Allocation Failure)  675372K->352684K(1035264K), 0.0042823 secs]
35.798: Total time for which application threads were stopped: 0.0044494 seconds, Stopping threads took: 0.0000198 seconds
35.863: [GC (Allocation Failure)  675244K->347209K(1035264K), 0.0029586 secs]
35.866: Total time for which application threads were stopped: 0.0031253 seconds, Stopping threads took: 0.0000267 seconds
35.936: [GC (Allocation Failure)  669769K->352780K(1035264K), 0.0043352 secs]
35.940: Total time for which application threads were stopped: 0.0045438 seconds, Stopping threads took: 0.0000259 seconds
36.010: [GC (Allocation Failure)  675340K->352652K(1035264K), 0.0045612 secs]
36.015: Total time for which application threads were stopped: 0.0047275 seconds, Stopping threads took: 0.0000262 seconds
36.084: [GC (Allocation Failure)  675212K->351529K(1035264K), 0.0040976 secs]
36.088: Total time for which application threads were stopped: 0.0042671 seconds, Stopping threads took: 0.0000194 seconds
36.154: [GC (Allocation Failure)  674089K->352684K(1035776K), 0.0044236 secs]
36.158: Total time for which application threads were stopped: 0.0045856 seconds, Stopping threads took: 0.0000200 seconds
36.227: [GC (Allocation Failure)  676268K->352652K(1035776K), 0.0042349 secs]
36.231: Total time for which application threads were stopped: 0.0044267 seconds, Stopping threads took: 0.0000256 seconds
36.300: [GC (Allocation Failure)  676236K->357817K(1032704K), 0.0069100 secs]
36.307: Total time for which application threads were stopped: 0.0070590 seconds, Stopping threads took: 0.0000165 seconds
36.375: [GC (Allocation Failure)  678329K->353340K(1034240K), 0.0046226 secs]
36.380: Total time for which application threads were stopped: 0.0047845 seconds, Stopping threads took: 0.0000195 seconds
36.448: [GC (Allocation Failure)  673852K->353084K(1035264K), 0.0042823 secs]
36.453: Total time for which application threads were stopped: 0.0045172 seconds, Stopping threads took: 0.0000563 seconds
36.523: [GC (Allocation Failure)  675132K->358009K(1034752K), 0.0067152 secs]
36.529: Total time for which application threads were stopped: 0.0068751 seconds, Stopping threads took: 0.0000187 seconds
36.598: [GC (Allocation Failure)  680057K->353276K(1033728K), 0.0046170 secs]
36.602: Total time for which application threads were stopped: 0.0047786 seconds, Stopping threads took: 0.0000198 seconds
36.670: [GC (Allocation Failure)  673788K->353116K(1034240K), 0.0042570 secs]
36.675: Total time for which application threads were stopped: 0.0044155 seconds, Stopping threads took: 0.0000194 seconds
36.742: [GC (Allocation Failure)  673628K->357689K(1032704K), 0.0065374 secs]
36.749: Total time for which application threads were stopped: 0.0067073 seconds, Stopping threads took: 0.0000212 seconds
36.817: [GC (Allocation Failure)  677177K->353212K(1033728K), 0.0046780 secs]
36.822: Total time for which application threads were stopped: 0.0048353 seconds, Stopping threads took: 0.0000195 seconds
36.889: [GC (Allocation Failure)  672700K->353116K(1034752K), 0.0045046 secs]
36.893: Total time for which application threads were stopped: 0.0046663 seconds, Stopping threads took: 0.0000202 seconds
36.961: [GC (Allocation Failure)  674140K->354297K(1034240K), 0.0049945 secs]
36.966: Total time for which application threads were stopped: 0.0051728 seconds, Stopping threads took: 0.0000264 seconds
37.035: [GC (Allocation Failure)  675321K->353180K(1035264K), 0.0041416 secs]
37.039: Total time for which application threads were stopped: 0.0043117 seconds, Stopping threads took: 0.0000200 seconds
37.107: [GC (Allocation Failure)  675228K->353052K(1034752K), 0.0047152 secs]
37.111: Total time for which application threads were stopped: 0.0048764 seconds, Stopping threads took: 0.0000201 seconds
37.179: [GC (Allocation Failure)  675100K->356025K(1034752K), 0.0057734 secs]
37.185: Total time for which application threads were stopped: 0.0059309 seconds, Stopping threads took: 0.0000189 seconds
37.253: [GC (Allocation Failure)  678585K->353084K(1035264K), 0.0045398 secs]
37.258: Total time for which application threads were stopped: 0.0047296 seconds, Stopping threads took: 0.0000191 seconds
37.326: [GC (Allocation Failure)  675644K->353084K(1035776K), 0.0043404 secs]
37.330: Total time for which application threads were stopped: 0.0045077 seconds, Stopping threads took: 0.0000253 seconds
37.400: [GC (Allocation Failure)  676156K->360801K(1035264K), 0.0082885 secs]
37.408: Total time for which application threads were stopped: 0.0084705 seconds, Stopping threads took: 0.0000258 seconds
37.477: [GC (Allocation Failure)  683873K->356292K(1032192K), 0.0043306 secs]
37.482: Total time for which application threads were stopped: 0.0045058 seconds, Stopping threads took: 0.0000195 seconds
37.551: [GC (Allocation Failure)  675780K->356100K(1033728K), 0.0044258 secs]
37.556: Total time for which application threads were stopped: 0.0045799 seconds, Stopping threads took: 0.0000167 seconds
37.623: [GC (Allocation Failure)  675588K->362441K(1031168K), 0.0072846 secs]
37.630: Total time for which application threads were stopped: 0.0074796 seconds, Stopping threads took: 0.0000201 seconds
37.698: [GC (Allocation Failure)  679881K->356332K(1032704K), 0.0044942 secs]
37.703: Total time for which application threads were stopped: 0.0046538 seconds, Stopping threads took: 0.0000189 seconds
37.769: [GC (Allocation Failure)  673772K->356172K(1033216K), 0.0046398 secs]
37.774: Total time for which application threads were stopped: 0.0048311 seconds, Stopping threads took: 0.0000193 seconds
37.840: [GC (Allocation Failure)  674636K->352553K(1033216K), 0.0030118 secs]
37.843: Total time for which application threads were stopped: 0.0031587 seconds, Stopping threads took: 0.0000160 seconds
37.910: [GC (Allocation Failure)  671017K->356300K(1033728K), 0.0046077 secs]
37.915: Total time for which application threads were stopped: 0.0047776 seconds, Stopping threads took: 0.0000194 seconds
37.983: [GC (Allocation Failure)  675276K->356140K(1033216K), 0.0042497 secs]
37.987: Total time for which application threads were stopped: 0.0044185 seconds, Stopping threads took: 0.0000262 seconds
38.053: [GC (Allocation Failure)  675116K->357740K(1032192K), 0.0047121 secs]
38.058: Total time for which application threads were stopped: 0.0048808 seconds, Stopping threads took: 0.0000200 seconds
38.126: [GC (Allocation Failure)  676204K->364270K(1033216K), 0.0065321 secs]
38.132: Total time for which application threads were stopped: 0.0066948 seconds, Stopping threads took: 0.0000198 seconds
38.199: [GC (Allocation Failure)  682734K->364238K(1034752K), 0.0053287 secs]
38.204: Total time for which application threads were stopped: 0.0055134 seconds, Stopping threads took: 0.0000261 seconds
38.272: [GC (Allocation Failure)  685262K->364430K(1020928K), 0.0047032 secs]
38.276: Total time for which application threads were stopped: 0.0048958 seconds, Stopping threads took: 0.0000198 seconds
38.347: [GC (Allocation Failure)  685454K->372240K(1034240K), 0.0045469 secs]
38.351: Total time for which application threads were stopped: 0.0047042 seconds, Stopping threads took: 0.0000169 seconds
38.420: [GC (Allocation Failure)  692240K->372272K(1033728K), 0.0044024 secs]
38.425: Total time for which application threads were stopped: 0.0045850 seconds, Stopping threads took: 0.0000286 seconds
38.489: [GC (Allocation Failure)  692272K->374184K(1033728K), 0.0048683 secs]
38.494: Total time for which application threads were stopped: 0.0050383 seconds, Stopping threads took: 0.0000261 seconds
38.561: [GC (Allocation Failure)  694696K->380266K(1034240K), 0.0044633 secs]
38.566: Total time for which application threads were stopped: 0.0046612 seconds, Stopping threads took: 0.0000192 seconds
38.633: [GC (Allocation Failure)  700778K->380266K(1034752K), 0.0041397 secs]
38.638: Total time for which application threads were stopped: 0.0043298 seconds, Stopping threads took: 0.0000192 seconds
38.705: [GC (Allocation Failure)  701802K->381378K(1034752K), 0.0047808 secs]
38.709: Total time for which application threads were stopped: 0.0049300 seconds, Stopping threads took: 0.0000167 seconds
38.778: [GC (Allocation Failure)  702914K->388357K(1034752K), 0.0064887 secs]
38.785: Total time for which application threads were stopped: 0.0066469 seconds, Stopping threads took: 0.0000199 seconds
38.854: [GC (Allocation Failure)  709893K->388293K(1034752K), 0.0043506 secs]
38.858: Total time for which application threads were stopped: 0.0045110 seconds, Stopping threads took: 0.0000201 seconds
38.924: [GC (Allocation Failure)  709829K->390629K(1034752K), 0.0051213 secs]
38.929: Total time for which application threads were stopped: 0.0052942 seconds, Stopping threads took: 0.0000193 seconds
38.999: [GC (Allocation Failure)  712165K->396423K(1034752K), 0.0044269 secs]
39.004: Total time for which application threads were stopped: 0.0045849 seconds, Stopping threads took: 0.0000196 seconds
39.070: [GC (Allocation Failure)  717959K->396327K(1034752K), 0.0043686 secs]
39.075: Total time for which application threads were stopped: 0.0045217 seconds, Stopping threads took: 0.0000191 seconds
39.141: [GC (Allocation Failure)  717863K->399943K(1034752K), 0.0054485 secs]
39.147: Total time for which application threads were stopped: 0.0056185 seconds, Stopping threads took: 0.0000264 seconds
39.216: [GC (Allocation Failure)  721479K->404393K(1035264K), 0.0043013 secs]
39.221: Total time for which application threads were stopped: 0.0044953 seconds, Stopping threads took: 0.0000192 seconds
39.289: [GC (Allocation Failure)  726953K->404393K(1035264K), 0.0046931 secs]
39.294: Total time for which application threads were stopped: 0.0048750 seconds, Stopping threads took: 0.0000163 seconds
39.363: [GC (Allocation Failure)  726953K->407105K(1035264K), 0.0051444 secs]
39.368: Total time for which application threads were stopped: 0.0052937 seconds, Stopping threads took: 0.0000174 seconds
39.438: [GC (Allocation Failure)  729665K->412388K(1035264K), 0.0044287 secs]
39.443: Total time for which application threads were stopped: 0.0045928 seconds, Stopping threads took: 0.0000263 seconds
39.510: [GC (Allocation Failure)  734948K->412420K(1035264K), 0.0045949 secs]
39.515: Total time for which application threads were stopped: 0.0047739 seconds, Stopping threads took: 0.0000206 seconds
39.583: [GC (Allocation Failure)  734980K->415356K(1035264K), 0.0051862 secs]
39.589: Total time for which application threads were stopped: 0.0053554 seconds, Stopping threads took: 0.0000192 seconds
39.655: [GC (Allocation Failure)  737916K->420606K(1035264K), 0.0047585 secs]
39.660: Total time for which application threads were stopped: 0.0049490 seconds, Stopping threads took: 0.0000193 seconds
39.729: [GC (Allocation Failure)  743166K->420414K(1035264K), 0.0045561 secs]
39.733: Total time for which application threads were stopped: 0.0047175 seconds, Stopping threads took: 0.0000203 seconds
39.800: [GC (Allocation Failure)  742974K->415516K(1035264K), 0.0024927 secs]
39.803: Total time for which application threads were stopped: 0.0026829 seconds, Stopping threads took: 0.0000200 seconds
39.874: [GC (Allocation Failure)  738076K->420542K(1035264K), 0.0065573 secs]
39.880: Total time for which application threads were stopped: 0.0067404 seconds, Stopping threads took: 0.0000196 seconds
39.948: [GC (Allocation Failure)  743102K->420446K(1035264K), 0.0044453 secs]
39.952: Total time for which application threads were stopped: 0.0046247 seconds, Stopping threads took: 0.0000264 seconds
40.020: [GC (Allocation Failure)  743006K->419836K(1035264K), 0.0045345 secs]
40.024: Total time for which application threads were stopped: 0.0047074 seconds, Stopping threads took: 0.0000202 seconds
40.091: [GC (Allocation Failure)  742396K->420478K(1035776K), 0.0048448 secs]
40.096: Total time for which application threads were stopped: 0.0050198 seconds, Stopping threads took: 0.0000199 seconds
40.164: [GC (Allocation Failure)  744062K->420382K(1035776K), 0.0045896 secs]
40.168: Total time for which application threads were stopped: 0.0047900 seconds, Stopping threads took: 0.0000262 seconds
40.239: [GC (Allocation Failure)  743966K->426140K(1031680K), 0.0073521 secs]
40.247: Total time for which application threads were stopped: 0.0075086 seconds, Stopping threads took: 0.0000170 seconds
40.315: [GC (Allocation Failure)  745628K->421438K(1033728K), 0.0045794 secs]
40.319: Total time for which application threads were stopped: 0.0047505 seconds, Stopping threads took: 0.0000206 seconds
40.387: [GC (Allocation Failure)  740926K->421406K(1034752K), 0.0046418 secs]
40.392: Total time for which application threads were stopped: 0.0048230 seconds, Stopping threads took: 0.0000194 seconds
40.461: [GC (Allocation Failure)  742430K->423804K(1034240K), 0.0056140 secs]
40.466: Total time for which application threads were stopped: 0.0057833 seconds, Stopping threads took: 0.0000192 seconds
40.534: [GC (Allocation Failure)  744828K->421630K(1034752K), 0.0047375 secs]
40.539: Total time for which application threads were stopped: 0.0049090 seconds, Stopping threads took: 0.0000200 seconds
40.609: [GC (Allocation Failure)  743166K->421406K(1034752K), 0.0047277 secs]
40.614: Total time for which application threads were stopped: 0.0048932 seconds, Stopping threads took: 0.0000200 seconds
40.679: [GC (Allocation Failure)  742942K->424476K(1034240K), 0.0060569 secs]
40.685: Total time for which application threads were stopped: 0.0062135 seconds, Stopping threads took: 0.0000191 seconds
40.755: [GC (Allocation Failure)  746012K->421534K(1034752K), 0.0046868 secs]
40.759: Total time for which application threads were stopped: 0.0048576 seconds, Stopping threads took: 0.0000204 seconds
40.827: [GC (Allocation Failure)  743070K->421406K(1035776K), 0.0045953 secs]
40.832: Total time for which application threads were stopped: 0.0047857 seconds, Stopping threads took: 0.0000197 seconds
40.899: [GC (Allocation Failure)  744478K->427212K(1035264K), 0.0074789 secs]
40.907: Total time for which application threads were stopped: 0.0076435 seconds, Stopping threads took: 0.0000161 seconds
40.974: [GC (Allocation Failure)  750284K->422606K(1034240K), 0.0045138 secs]
40.979: Total time for which application threads were stopped: 0.0046946 seconds, Stopping threads took: 0.0000164 seconds
41.047: [GC (Allocation Failure)  744142K->422478K(1034752K), 0.0047158 secs]
41.052: Total time for which application threads were stopped: 0.0048725 seconds, Stopping threads took: 0.0000199 seconds
41.117: [GC (Allocation Failure)  744014K->414700K(1032704K), 0.0014991 secs]
41.119: Total time for which application threads were stopped: 0.0016234 seconds, Stopping threads took: 0.0000192 seconds
41.188: [GC (Allocation Failure)  734188K->422590K(1033728K), 0.0091249 secs]
41.198: Total time for which application threads were stopped: 0.0092945 seconds, Stopping threads took: 0.0000271 seconds
41.265: [GC (Allocation Failure)  742078K->426614K(1035264K), 0.0060888 secs]
41.271: Total time for which application threads were stopped: 0.0062505 seconds, Stopping threads took: 0.0000192 seconds
41.340: [GC (Allocation Failure)  748662K->432764K(1034752K), 0.0073897 secs]
41.348: Total time for which application threads were stopped: 0.0075808 seconds, Stopping threads took: 0.0000187 seconds
41.416: [GC (Allocation Failure)  754812K->427710K(1032704K), 0.0048195 secs]
41.421: Total time for which application threads were stopped: 0.0049906 seconds, Stopping threads took: 0.0000203 seconds
41.489: [GC (Allocation Failure)  747198K->427518K(1033728K), 0.0043754 secs]
41.494: Total time for which application threads were stopped: 0.0045506 seconds, Stopping threads took: 0.0000262 seconds
41.562: [GC (Allocation Failure)  747006K->431356K(1033216K), 0.0061663 secs]
41.568: Total time for which application threads were stopped: 0.0063263 seconds, Stopping threads took: 0.0000194 seconds
41.633: [GC (Allocation Failure)  750844K->427678K(1033728K), 0.0045548 secs]
41.638: Total time for which application threads were stopped: 0.0047242 seconds, Stopping threads took: 0.0000189 seconds
41.707: [GC (Allocation Failure)  747166K->427550K(1034752K), 0.0044522 secs]
41.712: Total time for which application threads were stopped: 0.0046201 seconds, Stopping threads took: 0.0000196 seconds
41.779: [GC (Allocation Failure)  748574K->427964K(1034240K), 0.0049295 secs]
41.784: Total time for which application threads were stopped: 0.0050960 seconds, Stopping threads took: 0.0000187 seconds
41.852: [GC (Allocation Failure)  748988K->427582K(1035264K), 0.0046145 secs]
41.856: Total time for which application threads were stopped: 0.0047846 seconds, Stopping threads took: 0.0000199 seconds
41.924: [GC (Allocation Failure)  750142K->427518K(1035264K), 0.0047729 secs]
41.929: Total time for which application threads were stopped: 0.0049414 seconds, Stopping threads took: 0.0000202 seconds
41.997: [GC (Allocation Failure)  750078K->430716K(1034752K), 0.0058863 secs]
42.003: Total time for which application threads were stopped: 0.0060455 seconds, Stopping threads took: 0.0000187 seconds
42.071: [GC (Allocation Failure)  753276K->427550K(1035264K), 0.0047902 secs]
42.076: Total time for which application threads were stopped: 0.0049583 seconds, Stopping threads took: 0.0000194 seconds
42.145: [GC (Allocation Failure)  750110K->427518K(1035776K), 0.0045655 secs]
42.149: Total time for which application threads were stopped: 0.0047441 seconds, Stopping threads took: 0.0000200 seconds
42.219: [GC (Allocation Failure)  750590K->435524K(1035264K), 0.0085342 secs]
42.227: Total time for which application threads were stopped: 0.0087066 seconds, Stopping threads took: 0.0000255 seconds
42.296: [GC (Allocation Failure)  758596K->431046K(1032192K), 0.0046768 secs]
42.301: Total time for which application threads were stopped: 0.0048487 seconds, Stopping threads took: 0.0000196 seconds
42.369: [GC (Allocation Failure)  750534K->430822K(1033728K), 0.0045418 secs]
42.374: Total time for which application threads were stopped: 0.0047099 seconds, Stopping threads took: 0.0000196 seconds
42.441: [GC (Allocation Failure)  750310K->437444K(1031168K), 0.0076532 secs]
42.448: Total time for which application threads were stopped: 0.0078181 seconds, Stopping threads took: 0.0000258 seconds
42.514: [GC (Allocation Failure)  754884K->431366K(1032704K), 0.0046307 secs]
42.519: Total time for which application threads were stopped: 0.0048093 seconds, Stopping threads took: 0.0000202 seconds
42.587: [GC (Allocation Failure)  748806K->431206K(1033216K), 0.0047769 secs]
42.592: Total time for which application threads were stopped: 0.0049384 seconds, Stopping threads took: 0.0000200 seconds
42.658: [GC (Allocation Failure)  749158K->427332K(1032704K), 0.0031475 secs]
42.661: Total time for which application threads were stopped: 0.0033068 seconds, Stopping threads took: 0.0000193 seconds
42.730: [GC (Allocation Failure)  745284K->431334K(1033216K), 0.0044176 secs]
42.734: Total time for which application threads were stopped: 0.0045751 seconds, Stopping threads took: 0.0000199 seconds
42.801: [GC (Allocation Failure)  749286K->431174K(1032704K), 0.0044593 secs]
42.805: Total time for which application threads were stopped: 0.0046187 seconds, Stopping threads took: 0.0000204 seconds
42.871: [GC (Allocation Failure)  749126K->434062K(1032704K), 0.0052444 secs]
42.877: Total time for which application threads were stopped: 0.0054279 seconds, Stopping threads took: 0.0000194 seconds
42.945: [GC (Allocation Failure)  752526K->439312K(1033216K), 0.0042515 secs]
42.949: Total time for which application threads were stopped: 0.0044194 seconds, Stopping threads took: 0.0000254 seconds
43.016: [GC (Allocation Failure)  757776K->439248K(1034752K), 0.0046962 secs]
43.021: Total time for which application threads were stopped: 0.0049062 seconds, Stopping threads took: 0.0000196 seconds
43.089: [GC (Allocation Failure)  760272K->440720K(1034240K), 0.0047094 secs]
43.094: Total time for which application threads were stopped: 0.0048816 seconds, Stopping threads took: 0.0000194 seconds
43.162: [GC (Allocation Failure)  761744K->447282K(1034752K), 0.0048351 secs]
43.167: Total time for which application threads were stopped: 0.0050055 seconds, Stopping threads took: 0.0000203 seconds
43.236: [GC (Allocation Failure)  768306K->447282K(1034240K), 0.0044563 secs]
43.240: Total time for which application threads were stopped: 0.0046056 seconds, Stopping threads took: 0.0000171 seconds
43.307: [GC (Allocation Failure)  768306K->448506K(1033728K), 0.0048403 secs]
43.312: Total time for which application threads were stopped: 0.0049983 seconds, Stopping threads took: 0.0000195 seconds
43.381: [GC (Allocation Failure)  769018K->455293K(1034240K), 0.0044604 secs]
43.386: Total time for which application threads were stopped: 0.0046357 seconds, Stopping threads took: 0.0000194 seconds
43.456: [GC (Allocation Failure)  775805K->455293K(1035264K), 0.0044823 secs]
43.460: Total time for which application threads were stopped: 0.0046458 seconds, Stopping threads took: 0.0000242 seconds
43.527: [GC (Allocation Failure)  777341K->456157K(1034752K), 0.0049950 secs]
43.533: Total time for which application threads were stopped: 0.0051676 seconds, Stopping threads took: 0.0000189 seconds
43.601: [GC (Allocation Failure)  778205K->463359K(1034752K), 0.0046918 secs]
43.606: Total time for which application threads were stopped: 0.0048581 seconds, Stopping threads took: 0.0000189 seconds
43.674: [GC (Allocation Failure)  784895K->463327K(1034752K), 0.0044405 secs]
43.679: Total time for which application threads were stopped: 0.0046159 seconds, Stopping threads took: 0.0000200 seconds
43.745: [GC (Allocation Failure)  784863K->465959K(1034752K), 0.0051198 secs]
43.751: Total time for which application threads were stopped: 0.0052694 seconds, Stopping threads took: 0.0000170 seconds
43.819: [GC (Allocation Failure)  787495K->471497K(1034752K), 0.0045026 secs]
43.824: Total time for which application threads were stopped: 0.0046740 seconds, Stopping threads took: 0.0000256 seconds
43.891: [GC (Allocation Failure)  793033K->471369K(1035264K), 0.0047198 secs]
43.896: Total time for which application threads were stopped: 0.0048889 seconds, Stopping threads took: 0.0000196 seconds
43.963: [GC (Allocation Failure)  793417K->471617K(1034752K), 0.0047182 secs]
43.968: Total time for which application threads were stopped: 0.0049023 seconds, Stopping threads took: 0.0000257 seconds
44.036: [GC (Allocation Failure)  793665K->479459K(1034752K), 0.0048028 secs]
44.041: Total time for which application threads were stopped: 0.0049639 seconds, Stopping threads took: 0.0000193 seconds
44.108: [GC (Allocation Failure)  800995K->479395K(1034752K), 0.0047258 secs]
44.112: Total time for which application threads were stopped: 0.0048907 seconds, Stopping threads took: 0.0000206 seconds
44.178: [GC (Allocation Failure)  800931K->481411K(1034752K), 0.0066664 secs]
44.185: Total time for which application threads were stopped: 0.0068435 seconds, Stopping threads took: 0.0000199 seconds
44.252: [GC (Allocation Failure)  802947K->487430K(1034752K), 0.0046713 secs]
44.257: Total time for which application threads were stopped: 0.0048278 seconds, Stopping threads took: 0.0000164 seconds
44.323: [GC (Allocation Failure)  808966K->487430K(1034752K), 0.0047370 secs]
44.328: Total time for which application threads were stopped: 0.0048953 seconds, Stopping threads took: 0.0000196 seconds
44.394: [GC (Allocation Failure)  808966K->490694K(1034752K), 0.0054562 secs]
44.399: Total time for which application threads were stopped: 0.0056379 seconds, Stopping threads took: 0.0000194 seconds
44.470: [GC (Allocation Failure)  812230K->495496K(1034752K), 0.0045531 secs]
44.474: Total time for which application threads were stopped: 0.0047117 seconds, Stopping threads took: 0.0000261 seconds
44.542: [GC (Allocation Failure)  817032K->495464K(1034752K), 0.0046608 secs]
44.546: Total time for which application threads were stopped: 0.0048338 seconds, Stopping threads took: 0.0000198 seconds
44.612: [GC (Allocation Failure)  817000K->495848K(1034752K), 0.0048037 secs]
44.617: Total time for which application threads were stopped: 0.0049752 seconds, Stopping threads took: 0.0000193 seconds
44.685: [GC (Allocation Failure)  817384K->503530K(1034752K), 0.0046565 secs]
44.690: Total time for which application threads were stopped: 0.0048128 seconds, Stopping threads took: 0.0000199 seconds
44.759: [GC (Allocation Failure)  825066K->503498K(1034752K), 0.0063314 secs]
44.765: Total time for which application threads were stopped: 0.0065010 seconds, Stopping threads took: 0.0000202 seconds
44.832: [GC (Allocation Failure)  825034K->505098K(1034752K), 0.0050770 secs]
44.837: Total time for which application threads were stopped: 0.0052434 seconds, Stopping threads took: 0.0000199 seconds
44.906: [GC (Allocation Failure)  826634K->511628K(1034752K), 0.0047814 secs]
44.911: Total time for which application threads were stopped: 0.0049535 seconds, Stopping threads took: 0.0000191 seconds
44.979: [GC (Allocation Failure)  833164K->511532K(1034752K), 0.0047210 secs]
44.984: Total time for which application threads were stopped: 0.0049132 seconds, Stopping threads took: 0.0000190 seconds
45.050: [GC (Allocation Failure)  833068K->514348K(1034752K), 0.0054398 secs]
45.055: Total time for which application threads were stopped: 0.0056054 seconds, Stopping threads took: 0.0000161 seconds
45.123: [GC (Allocation Failure)  835884K->519631K(1034752K), 0.0047805 secs]
45.128: Total time for which application threads were stopped: 0.0049593 seconds, Stopping threads took: 0.0000255 seconds
45.196: [GC (Allocation Failure)  841167K->519567K(1034752K), 0.0075420 secs]
45.204: Total time for which application threads were stopped: 0.0077092 seconds, Stopping threads took: 0.0000227 seconds
45.269: [GC (Allocation Failure)  841103K->523591K(1034752K), 0.0056286 secs]
45.275: Total time for which application threads were stopped: 0.0058181 seconds, Stopping threads took: 0.0000169 seconds
45.342: [GC (Allocation Failure)  845127K->527849K(1034240K), 0.0048170 secs]
45.346: Total time for which application threads were stopped: 0.0049803 seconds, Stopping threads took: 0.0000199 seconds
45.413: [GC (Allocation Failure)  849385K->527625K(1034752K), 0.0048812 secs]
45.418: Total time for which application threads were stopped: 0.0050478 seconds, Stopping threads took: 0.0000198 seconds
45.484: [GC (Allocation Failure)  849161K->520743K(1034752K), 0.0019729 secs]
45.486: Total time for which application threads were stopped: 0.0021221 seconds, Stopping threads took: 0.0000259 seconds
45.552: [GC (Allocation Failure)  842279K->527785K(1034752K), 0.0048175 secs]
45.557: Total time for which application threads were stopped: 0.0050097 seconds, Stopping threads took: 0.0000416 seconds
45.625: [GC (Allocation Failure)  849321K->527625K(1034752K), 0.0050279 secs]
45.630: Total time for which application threads were stopped: 0.0052053 seconds, Stopping threads took: 0.0000209 seconds
45.696: [GC (Allocation Failure)  849161K->521927K(1034752K), 0.0025633 secs]
45.699: Total time for which application threads were stopped: 0.0027181 seconds, Stopping threads took: 0.0000189 seconds
45.767: [GC (Allocation Failure)  843463K->527721K(1034752K), 0.0048673 secs]
45.772: Total time for which application threads were stopped: 0.0050279 seconds, Stopping threads took: 0.0000198 seconds
45.839: [GC (Allocation Failure)  849257K->527593K(1034752K), 0.0049346 secs]
45.844: Total time for which application threads were stopped: 0.0051054 seconds, Stopping threads took: 0.0000193 seconds
45.909: [GC (Allocation Failure)  849129K->523143K(1035264K), 0.0029533 secs]
45.912: Total time for which application threads were stopped: 0.0031182 seconds, Stopping threads took: 0.0000189 seconds
45.982: [GC (Allocation Failure)  845191K->527657K(1034752K), 0.0048834 secs]
45.987: Total time for which application threads were stopped: 0.0050492 seconds, Stopping threads took: 0.0000246 seconds
46.057: [GC (Allocation Failure)  849705K->527593K(1035264K), 0.0047720 secs]
46.062: Total time for which application threads were stopped: 0.0049432 seconds, Stopping threads took: 0.0000203 seconds
46.129: [GC (Allocation Failure)  849641K->525927K(1034752K), 0.0041714 secs]
46.133: Total time for which application threads were stopped: 0.0043455 seconds, Stopping threads took: 0.0000196 seconds
46.202: [GC (Allocation Failure)  847975K->527625K(1035776K), 0.0053119 secs]
46.207: Total time for which application threads were stopped: 0.0054795 seconds, Stopping threads took: 0.0000196 seconds
46.276: [GC (Allocation Failure)  851209K->527593K(1035776K), 0.0045784 secs]
46.281: Total time for which application threads were stopped: 0.0047508 seconds, Stopping threads took: 0.0000181 seconds
46.349: [GC (Allocation Failure)  851177K->531783K(1032704K), 0.0064139 secs]
46.356: Total time for which application threads were stopped: 0.0066070 seconds, Stopping threads took: 0.0000198 seconds
46.425: [GC (Allocation Failure)  852295K->527849K(1034240K), 0.0050709 secs]
46.430: Total time for which application threads were stopped: 0.0052383 seconds, Stopping threads took: 0.0000192 seconds
46.498: [GC (Allocation Failure)  848361K->527593K(1035264K), 0.0046910 secs]
46.503: Total time for which application threads were stopped: 0.0048685 seconds, Stopping threads took: 0.0000284 seconds
46.570: [GC (Allocation Failure)  849641K->531495K(1033728K), 0.0066664 secs]
46.576: Total time for which application threads were stopped: 0.0068398 seconds, Stopping threads took: 0.0000186 seconds
46.644: [GC (Allocation Failure)  853543K->527785K(1034240K), 0.0046486 secs]
46.649: Total time for which application threads were stopped: 0.0048581 seconds, Stopping threads took: 0.0000196 seconds
46.716: [GC (Allocation Failure)  847785K->527593K(1033728K), 0.0046239 secs]
46.721: Total time for which application threads were stopped: 0.0047865 seconds, Stopping threads took: 0.0000308 seconds
46.786: [GC (Allocation Failure)  847593K->530119K(1034240K), 0.0058583 secs]
46.792: Total time for which application threads were stopped: 0.0060529 seconds, Stopping threads took: 0.0000192 seconds
46.861: [GC (Allocation Failure)  851655K->527721K(1034752K), 0.0047661 secs]
46.866: Total time for which application threads were stopped: 0.0049242 seconds, Stopping threads took: 0.0000168 seconds
46.934: [GC (Allocation Failure)  849257K->527625K(1035776K), 0.0046904 secs]
46.938: Total time for which application threads were stopped: 0.0048463 seconds, Stopping threads took: 0.0000259 seconds
47.005: [GC (Allocation Failure)  850697K->532839K(1035264K), 0.0076273 secs]
47.013: Total time for which application threads were stopped: 0.0078088 seconds, Stopping threads took: 0.0000198 seconds
47.080: [GC (Allocation Failure)  855911K->528169K(1034240K), 0.0047678 secs]
47.085: Total time for which application threads were stopped: 0.0049392 seconds, Stopping threads took: 0.0000266 seconds
47.152: [GC (Allocation Failure)  849705K->528105K(1034752K), 0.0049197 secs]
47.157: Total time for which application threads were stopped: 0.0050873 seconds, Stopping threads took: 0.0000199 seconds
47.224: [GC (Allocation Failure)  849641K->536135K(1030144K), 0.0088399 secs]
47.233: Total time for which application threads were stopped: 0.0090443 seconds, Stopping threads took: 0.0000182 seconds
47.301: [GC (Allocation Failure)  853575K->530921K(1032704K), 0.0050350 secs]
47.306: Total time for which application threads were stopped: 0.0052039 seconds, Stopping threads took: 0.0000187 seconds
47.372: [GC (Allocation Failure)  848361K->530889K(1033728K), 0.0047098 secs]
47.377: Total time for which application threads were stopped: 0.0048775 seconds, Stopping threads took: 0.0000200 seconds
47.444: [GC (Allocation Failure)  849865K->529415K(1033216K), 0.0042374 secs]
47.448: Total time for which application threads were stopped: 0.0044235 seconds, Stopping threads took: 0.0000251 seconds
47.517: [GC (Allocation Failure)  848391K->531113K(1034240K), 0.0048141 secs]
47.522: Total time for which application threads were stopped: 0.0049649 seconds, Stopping threads took: 0.0000169 seconds
47.589: [GC (Allocation Failure)  851113K->530857K(1033728K), 0.0046611 secs]
47.594: Total time for which application threads were stopped: 0.0048284 seconds, Stopping threads took: 0.0000198 seconds
47.658: [GC (Allocation Failure)  850857K->524967K(1032704K), 0.0025229 secs]
47.661: Total time for which application threads were stopped: 0.0026781 seconds, Stopping threads took: 0.0000202 seconds
47.728: [GC (Allocation Failure)  844455K->531049K(1033728K), 0.0044937 secs]
47.733: Total time for which application threads were stopped: 0.0046820 seconds, Stopping threads took: 0.0000200 seconds
47.800: [GC (Allocation Failure)  850537K->530857K(1035264K), 0.0048412 secs]
47.805: Total time for which application threads were stopped: 0.0050017 seconds, Stopping threads took: 0.0000210 seconds
47.873: [GC (Allocation Failure)  852905K->534793K(1034752K), 0.0058186 secs]
47.879: Total time for which application threads were stopped: 0.0059872 seconds, Stopping threads took: 0.0000191 seconds
47.947: [GC (Allocation Failure)  856841K->539019K(1035264K), 0.0045681 secs]
47.952: Total time for which application threads were stopped: 0.0047429 seconds, Stopping threads took: 0.0000196 seconds
48.021: [GC (Allocation Failure)  861067K->538955K(1034752K), 0.0046884 secs]
48.026: Total time for which application threads were stopped: 0.0048375 seconds, Stopping threads took: 0.0000170 seconds
48.093: [GC (Allocation Failure)  861003K->533449K(1034752K), 0.0026166 secs]
48.096: Total time for which application threads were stopped: 0.0027797 seconds, Stopping threads took: 0.0000188 seconds
48.163: [GC (Allocation Failure)  856009K->539019K(1035264K), 0.0047969 secs]
48.168: Total time for which application threads were stopped: 0.0049678 seconds, Stopping threads took: 0.0000196 seconds
48.236: [GC (Allocation Failure)  861579K->538923K(1035776K), 0.0046452 secs]
48.241: Total time for which application threads were stopped: 0.0047990 seconds, Stopping threads took: 0.0000162 seconds
48.308: [GC (Allocation Failure)  861995K->538281K(1035264K), 0.0045535 secs]
48.313: Total time for which application threads were stopped: 0.0047217 seconds, Stopping threads took: 0.0000199 seconds
48.379: [GC (Allocation Failure)  861353K->538923K(1036288K), 0.0046185 secs]
48.384: Total time for which application threads were stopped: 0.0047869 seconds, Stopping threads took: 0.0000196 seconds
48.451: [GC (Allocation Failure)  863531K->538955K(1036288K), 0.0049249 secs]
48.456: Total time for which application threads were stopped: 0.0050907 seconds, Stopping threads took: 0.0000263 seconds
48.522: [GC (Allocation Failure)  863563K->547145K(1030656K), 0.0092304 secs]
48.532: Total time for which application threads were stopped: 0.0093980 seconds, Stopping threads took: 0.0000265 seconds
48.599: [GC (Allocation Failure)  866633K->543627K(1033728K), 0.0058231 secs]
48.605: Total time for which application threads were stopped: 0.0060037 seconds, Stopping threads took: 0.0000195 seconds
48.673: [GC (Allocation Failure)  863115K->543403K(1034752K), 0.0046441 secs]
48.678: Total time for which application threads were stopped: 0.0048100 seconds, Stopping threads took: 0.0000195 seconds
48.745: [GC (Allocation Failure)  864427K->548329K(1033728K), 0.0072454 secs]
48.752: Total time for which application threads were stopped: 0.0074211 seconds, Stopping threads took: 0.0000269 seconds
48.819: [GC (Allocation Failure)  869353K->543563K(1034240K), 0.0048680 secs]
48.824: Total time for which application threads were stopped: 0.0050284 seconds, Stopping threads took: 0.0000193 seconds
48.894: [GC (Allocation Failure)  863563K->543435K(1033728K), 0.0046939 secs]
48.898: Total time for which application threads were stopped: 0.0048563 seconds, Stopping threads took: 0.0000198 seconds
48.966: [GC (Allocation Failure)  863435K->545929K(1033728K), 0.0059057 secs]
48.972: Total time for which application threads were stopped: 0.0060739 seconds, Stopping threads took: 0.0000192 seconds
49.040: [GC (Allocation Failure)  866441K->543563K(1034240K), 0.0046297 secs]
49.044: Total time for which application threads were stopped: 0.0048059 seconds, Stopping threads took: 0.0000193 seconds
49.114: [GC (Allocation Failure)  864075K->543435K(1035264K), 0.0047144 secs]
49.119: Total time for which application threads were stopped: 0.0048987 seconds, Stopping threads took: 0.0000275 seconds
49.186: [GC (Allocation Failure)  865483K->545609K(1034752K), 0.0114663 secs]
49.198: Total time for which application threads were stopped: 0.0116621 seconds, Stopping threads took: 0.0000191 seconds
49.267: [GC (Allocation Failure)  867657K->543467K(1035264K), 0.0045913 secs]
49.272: Total time for which application threads were stopped: 0.0047629 seconds, Stopping threads took: 0.0000190 seconds
49.340: [GC (Allocation Failure)  866027K->543435K(1035264K), 0.0047317 secs]
49.345: Total time for which application threads were stopped: 0.0048900 seconds, Stopping threads took: 0.0000199 seconds
49.413: [GC (Allocation Failure)  865995K->549385K(1032704K), 0.0075585 secs]
49.421: Total time for which application threads were stopped: 0.0077575 seconds, Stopping threads took: 0.0000272 seconds
49.490: [GC (Allocation Failure)  869897K->544907K(1034240K), 0.0048454 secs]
49.495: Total time for which application threads were stopped: 0.0050130 seconds, Stopping threads took: 0.0000265 seconds
49.562: [GC (Allocation Failure)  865419K->544619K(1034752K), 0.0048408 secs]
49.567: Total time for which application threads were stopped: 0.0050057 seconds, Stopping threads took: 0.0000262 seconds
49.634: [GC (Allocation Failure)  865643K->549289K(1033216K), 0.0068556 secs]
49.641: Total time for which application threads were stopped: 0.0070246 seconds, Stopping threads took: 0.0000194 seconds
49.710: [GC (Allocation Failure)  870313K->544843K(1034240K), 0.0047688 secs]
49.714: Total time for which application threads were stopped: 0.0049476 seconds, Stopping threads took: 0.0000199 seconds
49.782: [GC (Allocation Failure)  864843K->544683K(1033728K), 0.0048603 secs]
49.787: Total time for which application threads were stopped: 0.0050302 seconds, Stopping threads took: 0.0000201 seconds
49.854: [GC (Allocation Failure)  864683K->546921K(1034240K), 0.0059700 secs]
49.860: Total time for which application threads were stopped: 0.0061324 seconds, Stopping threads took: 0.0000189 seconds
49.928: [GC (Allocation Failure)  867433K->544811K(1034240K), 0.0048317 secs]
49.933: Total time for which application threads were stopped: 0.0050198 seconds, Stopping threads took: 0.0000200 seconds
50.003: [GC (Allocation Failure)  865323K->544619K(1034752K), 0.0048209 secs]
50.008: Total time for which application threads were stopped: 0.0049812 seconds, Stopping threads took: 0.0000199 seconds
50.073: [GC (Allocation Failure)  866155K->546121K(1034752K), 0.0056859 secs]
50.078: Total time for which application threads were stopped: 0.0058470 seconds, Stopping threads took: 0.0000194 seconds
50.148: [GC (Allocation Failure)  867657K->544747K(1035264K), 0.0049659 secs]
50.153: Total time for which application threads were stopped: 0.0051353 seconds, Stopping threads took: 0.0000195 seconds
50.222: [GC (Allocation Failure)  867307K->544651K(1035264K), 0.0047494 secs]
50.227: Total time for which application threads were stopped: 0.0049034 seconds, Stopping threads took: 0.0000170 seconds
50.295: [GC (Allocation Failure)  867211K->549385K(1033728K), 0.0066997 secs]
50.301: Total time for which application threads were stopped: 0.0068847 seconds, Stopping threads took: 0.0000193 seconds
50.371: [GC (Allocation Failure)  870921K->544683K(1034752K), 0.0047546 secs]
50.376: Total time for which application threads were stopped: 0.0049341 seconds, Stopping threads took: 0.0000203 seconds
50.442: [GC (Allocation Failure)  866219K->544651K(1035264K), 0.0047602 secs]
50.447: Total time for which application threads were stopped: 0.0049468 seconds, Stopping threads took: 0.0000275 seconds
50.514: [GC (Allocation Failure)  866699K->551081K(1034752K), 0.0078426 secs]
50.522: Total time for which application threads were stopped: 0.0080085 seconds, Stopping threads took: 0.0000259 seconds
50.590: [GC (Allocation Failure)  873129K->546059K(1032704K), 0.0054917 secs]
50.596: Total time for which application threads were stopped: 0.0056872 seconds, Stopping threads took: 0.0000249 seconds
50.663: [GC (Allocation Failure)  865547K->545835K(1033728K), 0.0047728 secs]
50.668: Total time for which application threads were stopped: 0.0049434 seconds, Stopping threads took: 0.0000200 seconds
50.735: [GC (Allocation Failure)  865323K->549961K(1033216K), 0.0065450 secs]
50.742: Total time for which application threads were stopped: 0.0067402 seconds, Stopping threads took: 0.0000197 seconds
50.810: [GC (Allocation Failure)  869449K->545995K(1033728K), 0.0048709 secs]
50.815: Total time for which application threads were stopped: 0.0050612 seconds, Stopping threads took: 0.0000196 seconds
50.883: [GC (Allocation Failure)  865483K->545835K(1034240K), 0.0047901 secs]
50.888: Total time for which application threads were stopped: 0.0049967 seconds, Stopping threads took: 0.0000194 seconds
50.955: [GC (Allocation Failure)  865835K->545545K(1033728K), 0.0046313 secs]
50.960: Total time for which application threads were stopped: 0.0048004 seconds, Stopping threads took: 0.0000274 seconds
51.028: [GC (Allocation Failure)  865545K->545899K(1034752K), 0.0048761 secs]
51.032: Total time for which application threads were stopped: 0.0050340 seconds, Stopping threads took: 0.0000189 seconds
51.100: [GC (Allocation Failure)  866923K->545835K(1034240K), 0.0046570 secs]
51.105: Total time for which application threads were stopped: 0.0048157 seconds, Stopping threads took: 0.0000193 seconds
51.172: [GC (Allocation Failure)  866859K->544201K(1034752K), 0.0041222 secs]
51.176: Total time for which application threads were stopped: 0.0042904 seconds, Stopping threads took: 0.0000191 seconds
51.245: [GC (Allocation Failure)  865737K->545867K(1034752K), 0.0045801 secs]
51.249: Total time for which application threads were stopped: 0.0047413 seconds, Stopping threads took: 0.0000188 seconds
51.316: [GC (Allocation Failure)  867403K->545835K(1035776K), 0.0047530 secs]
51.321: Total time for which application threads were stopped: 0.0049306 seconds, Stopping threads took: 0.0000197 seconds
51.391: [GC (Allocation Failure)  868907K->546953K(1035264K), 0.0053261 secs]
51.396: Total time for which application threads were stopped: 0.0054930 seconds, Stopping threads took: 0.0000190 seconds
51.464: [GC (Allocation Failure)  870025K->546091K(1036288K), 0.0045741 secs]
51.469: Total time for which application threads were stopped: 0.0047596 seconds, Stopping threads took: 0.0000279 seconds
51.536: [GC (Allocation Failure)  870187K->545835K(1035776K), 0.0046831 secs]
51.540: Total time for which application threads were stopped: 0.0048429 seconds, Stopping threads took: 0.0000194 seconds
51.608: [GC (Allocation Failure)  869931K->538441K(1034240K), 0.0017697 secs]
51.610: Total time for which application threads were stopped: 0.0019027 seconds, Stopping threads took: 0.0000197 seconds
51.679: [GC (Allocation Failure)  861001K->546051K(1035264K), 0.0047170 secs]
51.684: Total time for which application threads were stopped: 0.0048736 seconds, Stopping threads took: 0.0000189 seconds
51.752: [GC (Allocation Failure)  868611K->549979K(1036288K), 0.0061453 secs]
51.759: Total time for which application threads were stopped: 0.0063433 seconds, Stopping threads took: 0.0000278 seconds
51.827: [GC (Allocation Failure)  874075K->546073K(1035776K), 0.0037027 secs]
51.831: Total time for which application threads were stopped: 0.0038695 seconds, Stopping threads took: 0.0000172 seconds
51.901: [GC (Allocation Failure)  870169K->550139K(1035776K), 0.0049360 secs]
51.906: Total time for which application threads were stopped: 0.0050969 seconds, Stopping threads took: 0.0000192 seconds
51.974: [GC (Allocation Failure)  873723K->554107K(1035776K), 0.0050749 secs]
51.979: Total time for which application threads were stopped: 0.0052531 seconds, Stopping threads took: 0.0000261 seconds
52.049: [GC (Allocation Failure)  877691K->554139K(1036288K), 0.0049336 secs]
52.054: Total time for which application threads were stopped: 0.0051037 seconds, Stopping threads took: 0.0000202 seconds
52.120: [GC (Allocation Failure)  878747K->554459K(1024512K), 0.0049909 secs]
52.125: Total time for which application threads were stopped: 0.0051534 seconds, Stopping threads took: 0.0000199 seconds
52.194: [GC (Allocation Failure)  879067K->562110K(1035776K), 0.0052851 secs]
52.199: Total time for which application threads were stopped: 0.0054432 seconds, Stopping threads took: 0.0000173 seconds
52.269: [GC (Allocation Failure)  885694K->562174K(1035776K), 0.0048071 secs]
52.274: Total time for which application threads were stopped: 0.0049856 seconds, Stopping threads took: 0.0000197 seconds
52.343: [GC (Allocation Failure)  885758K->562686K(1034752K), 0.0050286 secs]
52.348: Total time for which application threads were stopped: 0.0051852 seconds, Stopping threads took: 0.0000190 seconds
52.416: [GC (Allocation Failure)  885246K->570176K(1035264K), 0.0050701 secs]
52.421: Total time for which application threads were stopped: 0.0052334 seconds, Stopping threads took: 0.0000194 seconds
52.492: [GC (Allocation Failure)  892736K->570208K(1035264K), 0.0048548 secs]
52.497: Total time for which application threads were stopped: 0.0050438 seconds, Stopping threads took: 0.0000269 seconds
52.565: [GC (Allocation Failure)  892768K->570440K(1022464K), 0.0049116 secs]
52.570: Total time for which application threads were stopped: 0.0050833 seconds, Stopping threads took: 0.0000198 seconds
52.639: [GC (Allocation Failure)  893000K->578218K(1034752K), 0.0048964 secs]
52.644: Total time for which application threads were stopped: 0.0050891 seconds, Stopping threads took: 0.0000193 seconds
52.713: [GC (Allocation Failure)  899754K->578218K(1034752K), 0.0046033 secs]
52.717: Total time for which application threads were stopped: 0.0047529 seconds, Stopping threads took: 0.0000169 seconds
52.782: [GC (Allocation Failure)  899754K->578274K(1034752K), 0.0049386 secs]
52.787: Total time for which application threads were stopped: 0.0051208 seconds, Stopping threads took: 0.0000195 seconds
52.856: [GC (Allocation Failure)  899810K->586244K(1029120K), 0.0047991 secs]
52.860: Total time for which application threads were stopped: 0.0049602 seconds, Stopping threads took: 0.0000202 seconds
52.929: [GC (Allocation Failure)  907780K->586244K(1034240K), 0.0045312 secs]
52.933: Total time for which application threads were stopped: 0.0047041 seconds, Stopping threads took: 0.0000189 seconds
53.001: [GC (Allocation Failure)  906756K->586404K(1034240K), 0.0050192 secs]
53.006: Total time for which application threads were stopped: 0.0052047 seconds, Stopping threads took: 0.0000272 seconds
53.074: [GC (Allocation Failure)  906916K->594311K(1034240K), 0.0050331 secs]
53.079: Total time for which application threads were stopped: 0.0052027 seconds, Stopping threads took: 0.0000277 seconds
53.145: [GC (Allocation Failure)  914823K->594311K(1034240K), 0.0050381 secs]
53.151: Total time for which application threads were stopped: 0.0052084 seconds, Stopping threads took: 0.0000195 seconds
53.219: [GC (Allocation Failure)  914823K->594599K(1033216K), 0.0049858 secs]
53.224: Total time for which application threads were stopped: 0.0051496 seconds, Stopping threads took: 0.0000170 seconds
53.292: [GC (Allocation Failure)  914087K->602313K(1033728K), 0.0050446 secs]
53.297: Total time for which application threads were stopped: 0.0052074 seconds, Stopping threads took: 0.0000195 seconds
53.363: [GC (Allocation Failure)  921801K->602313K(1033728K), 0.0048604 secs]
53.368: Total time for which application threads were stopped: 0.0050223 seconds, Stopping threads took: 0.0000203 seconds
53.434: [GC (Allocation Failure)  921801K->602857K(1033728K), 0.0050524 secs]
53.439: Total time for which application threads were stopped: 0.0052515 seconds, Stopping threads took: 0.0000216 seconds
53.506: [GC (Allocation Failure)  922345K->610347K(1033728K), 0.0050363 secs]
53.511: Total time for which application threads were stopped: 0.0051920 seconds, Stopping threads took: 0.0000193 seconds
53.580: [GC (Allocation Failure)  929835K->610347K(1033728K), 0.0047917 secs]
53.585: Total time for which application threads were stopped: 0.0049608 seconds, Stopping threads took: 0.0000201 seconds
53.649: [GC (Allocation Failure)  929835K->610571K(1033728K), 0.0051106 secs]
53.655: Total time for which application threads were stopped: 0.0052779 seconds, Stopping threads took: 0.0000202 seconds
53.721: [GC (Allocation Failure)  930059K->618413K(1033728K), 0.0049527 secs]
53.726: Total time for which application threads were stopped: 0.0051151 seconds, Stopping threads took: 0.0000200 seconds
53.794: [GC (Allocation Failure)  937901K->618381K(1033728K), 0.0046839 secs]
53.798: Total time for which application threads were stopped: 0.0048526 seconds, Stopping threads took: 0.0000200 seconds
53.865: [GC (Allocation Failure)  937869K->618533K(1033728K), 0.0051616 secs]
53.870: Total time for which application threads were stopped: 0.0053305 seconds, Stopping threads took: 0.0000198 seconds
53.938: [GC (Allocation Failure)  938021K->626408K(1032704K), 0.0050379 secs]
53.944: Total time for which application threads were stopped: 0.0052014 seconds, Stopping threads took: 0.0000199 seconds
54.011: [GC (Allocation Failure)  944872K->626440K(1033216K), 0.0048756 secs]
54.016: Total time for which application threads were stopped: 0.0050688 seconds, Stopping threads took: 0.0000196 seconds
54.081: [GC (Allocation Failure)  944904K->626504K(1033216K), 0.0049893 secs]
54.087: Total time for which application threads were stopped: 0.0051686 seconds, Stopping threads took: 0.0000196 seconds
54.156: [GC (Allocation Failure)  944968K->634410K(1033216K), 0.0048254 secs]
54.161: Total time for which application threads were stopped: 0.0049893 seconds, Stopping threads took: 0.0000203 seconds
54.227: [GC (Allocation Failure)  952874K->628136K(1033728K), 0.0024584 secs]
54.230: Total time for which application threads were stopped: 0.0025968 seconds, Stopping threads took: 0.0000163 seconds
54.297: [GC (Allocation Failure)  947112K->634474K(1033216K), 0.0048293 secs]
54.302: Total time for which application threads were stopped: 0.0050011 seconds, Stopping threads took: 0.0000193 seconds
54.369: [GC (Allocation Failure)  953450K->638586K(1034240K), 0.0054627 secs]
54.375: Total time for which application threads were stopped: 0.0056257 seconds, Stopping threads took: 0.0000202 seconds
54.442: [GC (Allocation Failure)  959098K->643800K(1033216K), 0.0072844 secs]
54.450: Total time for which application threads were stopped: 0.0074580 seconds, Stopping threads took: 0.0000196 seconds
54.518: [GC (Allocation Failure)  964312K->638810K(1031168K), 0.0049824 secs]
54.523: Total time for which application threads were stopped: 0.0051427 seconds, Stopping threads took: 0.0000190 seconds
54.590: [GC (Allocation Failure)  955226K->638586K(1032192K), 0.0048439 secs]
54.595: Total time for which application threads were stopped: 0.0050349 seconds, Stopping threads took: 0.0000196 seconds
54.662: [GC (Allocation Failure)  955002K->633752K(1033216K), 0.0031562 secs]
54.666: Total time for which application threads were stopped: 0.0033200 seconds, Stopping threads took: 0.0000190 seconds
54.733: [GC (Allocation Failure)  951704K->638746K(1032704K), 0.0051722 secs]
54.738: Total time for which application threads were stopped: 0.0053419 seconds, Stopping threads took: 0.0000204 seconds
54.804: [GC (Allocation Failure)  956698K->638586K(1033728K), 0.0048116 secs]
54.809: Total time for which application threads were stopped: 0.0049720 seconds, Stopping threads took: 0.0000194 seconds
54.875: [GC (Allocation Failure)  957562K->641474K(1033216K), 0.0057011 secs]
54.881: Total time for which application threads were stopped: 0.0058728 seconds, Stopping threads took: 0.0000196 seconds
54.948: [GC (Allocation Failure)  960450K->646756K(1033728K), 0.0049691 secs]
54.953: Total time for which application threads were stopped: 0.0051438 seconds, Stopping threads took: 0.0000260 seconds
55.021: [GC (Allocation Failure)  966244K->646660K(1033728K), 0.0047912 secs]
55.026: Total time for which application threads were stopped: 0.0049611 seconds, Stopping threads took: 0.0000260 seconds
55.092: [GC (Allocation Failure)  966148K->648172K(1033216K), 0.0052961 secs]
55.098: Total time for which application threads were stopped: 0.0054739 seconds, Stopping threads took: 0.0000200 seconds
55.167: [GC (Allocation Failure)  967660K->654702K(1033728K), 0.0072524 secs]
55.174: Total time for which application threads were stopped: 0.0074158 seconds, Stopping threads took: 0.0000196 seconds
55.244: [GC (Allocation Failure)  974190K->654670K(1034240K), 0.0048970 secs]
55.249: Total time for which application threads were stopped: 0.0050645 seconds, Stopping threads took: 0.0000199 seconds
55.315: [GC (Allocation Failure)  975182K->656422K(1034240K), 0.0051600 secs]
55.321: Total time for which application threads were stopped: 0.0053186 seconds, Stopping threads took: 0.0000196 seconds
55.388: [GC (Allocation Failure)  976934K->662697K(1034240K), 0.0048491 secs]
55.393: Total time for which application threads were stopped: 0.0050080 seconds, Stopping threads took: 0.0000192 seconds
55.463: [GC (Allocation Failure)  983209K->662697K(1034240K), 0.0049659 secs]
55.468: Total time for which application threads were stopped: 0.0051307 seconds, Stopping threads took: 0.0000261 seconds
55.535: [GC (Allocation Failure)  983209K->666697K(1034752K), 0.0059055 secs]
55.541: Total time for which application threads were stopped: 0.0060630 seconds, Stopping threads took: 0.0000189 seconds
55.608: [GC (Allocation Failure)  987721K->670795K(1034240K), 0.0050497 secs]
55.613: Total time for which application threads were stopped: 0.0052094 seconds, Stopping threads took: 0.0000193 seconds
55.680: [GC (Allocation Failure)  991819K->670731K(1034752K), 0.0049253 secs]
55.685: Total time for which application threads were stopped: 0.0050907 seconds, Stopping threads took: 0.0000193 seconds
55.752: [GC (Allocation Failure)  992267K->670795K(1021440K), 0.0052048 secs]
55.757: Total time for which application threads were stopped: 0.0053814 seconds, Stopping threads took: 0.0000193 seconds
55.827: [GC (Allocation Failure)  992331K->678797K(1034240K), 0.0051645 secs]
55.832: Total time for which application threads were stopped: 0.0053334 seconds, Stopping threads took: 0.0000193 seconds
55.901: [GC (Allocation Failure)  999309K->678797K(1034240K), 0.0049899 secs]
55.906: Total time for which application threads were stopped: 0.0051688 seconds, Stopping threads took: 0.0000195 seconds
55.973: [GC (Allocation Failure)  999309K->682157K(1034752K), 0.0058185 secs]
55.979: Total time for which application threads were stopped: 0.0059852 seconds, Stopping threads took: 0.0000263 seconds
56.048: [GC (Allocation Failure)  1003181K->686864K(1034240K), 0.0049683 secs]
56.053: Total time for which application threads were stopped: 0.0051284 seconds, Stopping threads took: 0.0000199 seconds
56.121: [GC (Allocation Failure)  1007888K->686832K(1034752K), 0.0050780 secs]
56.126: Total time for which application threads were stopped: 0.0052485 seconds, Stopping threads took: 0.0000206 seconds
56.193: [GC (Allocation Failure)  1008368K->690384K(1034752K), 0.0105127 secs]
56.204: [Full GC (Ergonomics)  690384K->12045K(1034752K), 0.0218683 secs]
56.226: Total time for which application threads were stopped: 0.0326745 seconds, Stopping threads took: 0.0000254 seconds
56.295: [GC (Allocation Failure)  333581K->20719K(1034752K), 0.0038598 secs]
56.299: Total time for which application threads were stopped: 0.0040178 seconds, Stopping threads took: 0.0000248 seconds
56.367: [GC (Allocation Failure)  342255K->20703K(1034752K), 0.0038213 secs]
56.371: Total time for which application threads were stopped: 0.0039874 seconds, Stopping threads took: 0.0000202 seconds
56.437: [GC (Allocation Failure)  342239K->21415K(1034752K), 0.0038271 secs]
56.441: Total time for which application threads were stopped: 0.0040030 seconds, Stopping threads took: 0.0000190 seconds
56.511: [GC (Allocation Failure)  342951K->28778K(1034752K), 0.0037843 secs]
56.515: Total time for which application threads were stopped: 0.0039399 seconds, Stopping threads took: 0.0000244 seconds
56.582: [GC (Allocation Failure)  350314K->28746K(1034752K), 0.0037490 secs]
56.586: Total time for which application threads were stopped: 0.0039194 seconds, Stopping threads took: 0.0000205 seconds
56.651: [GC (Allocation Failure)  350282K->30666K(1034752K), 0.0042740 secs]
56.655: Total time for which application threads were stopped: 0.0044363 seconds, Stopping threads took: 0.0000191 seconds
56.723: [GC (Allocation Failure)  352202K->36812K(1034752K), 0.0040609 secs]
56.727: Total time for which application threads were stopped: 0.0042437 seconds, Stopping threads took: 0.0000196 seconds
56.793: [GC (Allocation Failure)  358348K->36780K(1034752K), 0.0042225 secs]
56.797: Total time for which application threads were stopped: 0.0043929 seconds, Stopping threads took: 0.0000204 seconds
56.864: [GC (Allocation Failure)  358316K->39916K(1034752K), 0.0047899 secs]
56.869: Total time for which application threads were stopped: 0.0049895 seconds, Stopping threads took: 0.0000220 seconds
56.935: [GC (Allocation Failure)  361452K->44942K(1034752K), 0.0038933 secs]
56.939: Total time for which application threads were stopped: 0.0040920 seconds, Stopping threads took: 0.0000217 seconds
57.006: [GC (Allocation Failure)  366478K->44814K(1034752K), 0.0039910 secs]
57.010: Total time for which application threads were stopped: 0.0041715 seconds, Stopping threads took: 0.0000264 seconds
57.076: [GC (Allocation Failure)  366350K->45102K(1021440K), 0.0041530 secs]
57.080: Total time for which application threads were stopped: 0.0043394 seconds, Stopping threads took: 0.0000299 seconds
57.146: [GC (Allocation Failure)  366638K->52912K(1034240K), 0.0039902 secs]
57.150: Total time for which application threads were stopped: 0.0041534 seconds, Stopping threads took: 0.0000198 seconds
57.219: [GC (Allocation Failure)  373424K->52880K(1034240K), 0.0038574 secs]
57.223: Total time for which application threads were stopped: 0.0040216 seconds, Stopping threads took: 0.0000178 seconds
57.290: [GC (Allocation Failure)  373392K->56424K(1034752K), 0.0047493 secs]
57.295: Total time for which application threads were stopped: 0.0049385 seconds, Stopping threads took: 0.0000190 seconds
57.363: [GC (Allocation Failure)  377448K->60907K(1034240K), 0.0038191 secs]
57.367: Total time for which application threads were stopped: 0.0039873 seconds, Stopping threads took: 0.0000197 seconds
57.434: [GC (Allocation Failure)  381931K->60907K(1034752K), 0.0038673 secs]
57.438: Total time for which application threads were stopped: 0.0040275 seconds, Stopping threads took: 0.0000199 seconds
57.506: [GC (Allocation Failure)  382443K->64651K(1034752K), 0.0049135 secs]
57.511: Total time for which application threads were stopped: 0.0050865 seconds, Stopping threads took: 0.0000277 seconds
57.578: [GC (Allocation Failure)  386187K->68941K(1035264K), 0.0040501 secs]
57.582: Total time for which application threads were stopped: 0.0042139 seconds, Stopping threads took: 0.0000199 seconds
57.650: [GC (Allocation Failure)  391501K->68941K(1035264K), 0.0039365 secs]
57.654: Total time for which application threads were stopped: 0.0041034 seconds, Stopping threads took: 0.0000190 seconds
57.720: [GC (Allocation Failure)  391501K->71845K(1035264K), 0.0046264 secs]
57.725: Total time for which application threads were stopped: 0.0048042 seconds, Stopping threads took: 0.0000188 seconds
57.792: [GC (Allocation Failure)  394405K->76999K(1035264K), 0.0040703 secs]
57.796: Total time for which application threads were stopped: 0.0042523 seconds, Stopping threads took: 0.0000203 seconds
57.864: [GC (Allocation Failure)  399559K->76935K(1035264K), 0.0040146 secs]
57.868: Total time for which application threads were stopped: 0.0042040 seconds, Stopping threads took: 0.0000213 seconds
57.937: [GC (Allocation Failure)  399495K->80071K(1035264K), 0.0044916 secs]
57.942: Total time for which application threads were stopped: 0.0046812 seconds, Stopping threads took: 0.0000256 seconds
58.012: [GC (Allocation Failure)  402631K->85065K(1035264K), 0.0037189 secs]
58.015: Total time for which application threads were stopped: 0.0038897 seconds, Stopping threads took: 0.0000198 seconds
58.085: [GC (Allocation Failure)  407625K->84969K(1035264K), 0.0040109 secs]
58.089: Total time for which application threads were stopped: 0.0041793 seconds, Stopping threads took: 0.0000197 seconds
58.156: [GC (Allocation Failure)  407529K->88329K(1035264K), 0.0048546 secs]
58.160: Total time for which application threads were stopped: 0.0050290 seconds, Stopping threads took: 0.0000198 seconds
58.229: [GC (Allocation Failure)  410889K->93068K(1035264K), 0.0037177 secs]
58.233: Total time for which application threads were stopped: 0.0038686 seconds, Stopping threads took: 0.0000162 seconds
58.302: [GC (Allocation Failure)  415628K->93004K(1035264K), 0.0039711 secs]
58.306: Total time for which application threads were stopped: 0.0041438 seconds, Stopping threads took: 0.0000196 seconds
58.375: [GC (Allocation Failure)  415564K->88489K(1035264K), 0.0022184 secs]
58.377: Total time for which application threads were stopped: 0.0023603 seconds, Stopping threads took: 0.0000165 seconds
58.447: [GC (Allocation Failure)  411049K->93004K(1035264K), 0.0038013 secs]
58.451: Total time for which application threads were stopped: 0.0039722 seconds, Stopping threads took: 0.0000250 seconds
58.519: [GC (Allocation Failure)  415564K->93004K(1035264K), 0.0038972 secs]
58.523: Total time for which application threads were stopped: 0.0040913 seconds, Stopping threads took: 0.0000200 seconds
58.592: [GC (Allocation Failure)  415564K->92809K(1035776K), 0.0037894 secs]
58.596: Total time for which application threads were stopped: 0.0039409 seconds, Stopping threads took: 0.0000163 seconds
58.665: [GC (Allocation Failure)  416393K->93228K(1035776K), 0.0041843 secs]
58.669: Total time for which application threads were stopped: 0.0043535 seconds, Stopping threads took: 0.0000196 seconds
58.738: [GC (Allocation Failure)  416812K->93004K(1035776K), 0.0039298 secs]
58.742: Total time for which application threads were stopped: 0.0041168 seconds, Stopping threads took: 0.0000201 seconds
58.810: [GC (Allocation Failure)  416588K->100153K(1035776K), 0.0106095 secs]
58.821: Total time for which application threads were stopped: 0.0107703 seconds, Stopping threads took: 0.0000192 seconds
58.890: [GC (Allocation Failure)  423737K->95580K(1031680K), 0.0041965 secs]
58.895: Total time for which application threads were stopped: 0.0043795 seconds, Stopping threads took: 0.0000190 seconds
58.964: [GC (Allocation Failure)  415068K->95420K(1033728K), 0.0038368 secs]
58.968: Total time for which application threads were stopped: 0.0039929 seconds, Stopping threads took: 0.0000254 seconds
59.034: [GC (Allocation Failure)  414908K->101729K(1030656K), 0.0068843 secs]
59.041: Total time for which application threads were stopped: 0.0070531 seconds, Stopping threads took: 0.0000192 seconds
59.110: [GC (Allocation Failure)  419169K->96100K(1032704K), 0.0039713 secs]
59.114: Total time for which application threads were stopped: 0.0041367 seconds, Stopping threads took: 0.0000197 seconds
59.181: [GC (Allocation Failure)  413540K->95972K(1033728K), 0.0039668 secs]
59.185: Total time for which application threads were stopped: 0.0041240 seconds, Stopping threads took: 0.0000198 seconds
59.254: [GC (Allocation Failure)  414948K->92769K(1033216K), 0.0025809 secs]
59.257: Total time for which application threads were stopped: 0.0027449 seconds, Stopping threads took: 0.0000187 seconds
59.324: [GC (Allocation Failure)  411745K->96036K(1034752K), 0.0039458 secs]
59.328: Total time for which application threads were stopped: 0.0041482 seconds, Stopping threads took: 0.0000197 seconds
59.396: [GC (Allocation Failure)  416548K->95972K(1033728K), 0.0040279 secs]
59.400: Total time for which application threads were stopped: 0.0042184 seconds, Stopping threads took: 0.0000197 seconds
59.469: [GC (Allocation Failure)  416484K->89409K(1033216K), 0.0011855 secs]
59.470: Total time for which application threads were stopped: 0.0013100 seconds, Stopping threads took: 0.0000265 seconds
59.541: [GC (Allocation Failure)  409921K->96196K(1034240K), 0.0038655 secs]
59.545: Total time for which application threads were stopped: 0.0040569 seconds, Stopping threads took: 0.0000192 seconds
59.614: [GC (Allocation Failure)  416708K->95972K(1035264K), 0.0037615 secs]
59.618: Total time for which application threads were stopped: 0.0039209 seconds, Stopping threads took: 0.0000193 seconds
59.685: [GC (Allocation Failure)  418020K->89089K(1034752K), 0.0012481 secs]
59.686: Total time for which application threads were stopped: 0.0013671 seconds, Stopping threads took: 0.0000188 seconds
59.756: [GC (Allocation Failure)  411137K->96132K(1034752K), 0.0040151 secs]
59.760: Total time for which application threads were stopped: 0.0041881 seconds, Stopping threads took: 0.0000193 seconds
59.831: [GC (Allocation Failure)  417668K->95972K(1034752K), 0.0037784 secs]
59.834: Total time for which application threads were stopped: 0.0039747 seconds, Stopping threads took: 0.0000256 seconds
59.901: [GC (Allocation Failure)  417508K->90817K(1035264K), 0.0017318 secs]
59.903: Total time for which application threads were stopped: 0.0018863 seconds, Stopping threads took: 0.0000198 seconds
59.974: [GC (Allocation Failure)  413377K->96100K(1035264K), 0.0038504 secs]
59.978: Total time for which application threads were stopped: 0.0040177 seconds, Stopping threads took: 0.0000261 seconds
60.046: [GC (Allocation Failure)  418660K->95972K(1035264K), 0.0038158 secs]
60.050: Total time for which application threads were stopped: 0.0039872 seconds, Stopping threads took: 0.0000201 seconds
60.118: [GC (Allocation Failure)  418532K->95105K(1035264K), 0.0036951 secs]
60.122: Total time for which application threads were stopped: 0.0038652 seconds, Stopping threads took: 0.0000197 seconds
60.190: [GC (Allocation Failure)  417665K->96036K(1035776K), 0.0039609 secs]
60.194: Total time for which application threads were stopped: 0.0041714 seconds, Stopping threads took: 0.0000211 seconds
60.262: [GC (Allocation Failure)  419620K->96004K(1035776K), 0.0039231 secs]
60.266: Total time for which application threads were stopped: 0.0040794 seconds, Stopping threads took: 0.0000189 seconds
60.336: [GC (Allocation Failure)  419588K->101441K(1032192K), 0.0067257 secs]
60.343: Total time for which application threads were stopped: 0.0068859 seconds, Stopping threads took: 0.0000194 seconds
60.410: [GC (Allocation Failure)  421953K->97220K(1034240K), 0.0039665 secs]
60.415: Total time for which application threads were stopped: 0.0041352 seconds, Stopping threads took: 0.0000194 seconds
60.483: [GC (Allocation Failure)  417732K->97220K(1035264K), 0.0038523 secs]
60.487: Total time for which application threads were stopped: 0.0040115 seconds, Stopping threads took: 0.0000257 seconds
60.554: [GC (Allocation Failure)  419268K->102433K(1034752K), 0.0061902 secs]
60.560: Total time for which application threads were stopped: 0.0063475 seconds, Stopping threads took: 0.0000196 seconds
60.629: [GC (Allocation Failure)  424481K->97444K(1033728K), 0.0045882 secs]
60.633: Total time for which application threads were stopped: 0.0047477 seconds, Stopping threads took: 0.0000189 seconds
60.702: [GC (Allocation Failure)  417956K->97220K(1034240K), 0.0040608 secs]
60.706: Total time for which application threads were stopped: 0.0042390 seconds, Stopping threads took: 0.0000276 seconds
60.773: [GC (Allocation Failure)  417732K->102113K(1032704K), 0.0062723 secs]
60.780: Total time for which application threads were stopped: 0.0064688 seconds, Stopping threads took: 0.0000196 seconds
60.848: [GC (Allocation Failure)  421601K->97412K(1033728K), 0.0039829 secs]
60.852: Total time for which application threads were stopped: 0.0041559 seconds, Stopping threads took: 0.0000167 seconds
60.919: [GC (Allocation Failure)  416900K->97220K(1034752K), 0.0041311 secs]
60.924: Total time for which application threads were stopped: 0.0043226 seconds, Stopping threads took: 0.0000199 seconds
60.992: [GC (Allocation Failure)  418244K->98753K(1034240K), 0.0045016 secs]
60.996: Total time for which application threads were stopped: 0.0046797 seconds, Stopping threads took: 0.0000276 seconds
61.064: [GC (Allocation Failure)  419777K->97348K(1035264K), 0.0040477 secs]
61.068: Total time for which application threads were stopped: 0.0042418 seconds, Stopping threads took: 0.0000194 seconds
61.137: [GC (Allocation Failure)  419396K->97220K(1034752K), 0.0039117 secs]
61.141: Total time for which application threads were stopped: 0.0040682 seconds, Stopping threads took: 0.0000166 seconds
61.209: [GC (Allocation Failure)  419268K->100449K(1034240K), 0.0070256 secs]
61.216: Total time for which application threads were stopped: 0.0072063 seconds, Stopping threads took: 0.0000255 seconds
61.284: [GC (Allocation Failure)  421985K->97284K(1034752K), 0.0040704 secs]
61.288: Total time for which application threads were stopped: 0.0042208 seconds, Stopping threads took: 0.0000169 seconds
61.354: [GC (Allocation Failure)  418820K->97252K(1035776K), 0.0040467 secs]
61.359: Total time for which application threads were stopped: 0.0042263 seconds, Stopping threads took: 0.0000228 seconds
61.424: [GC (Allocation Failure)  420324K->103177K(1035264K), 0.0067300 secs]
61.431: Total time for which application threads were stopped: 0.0068933 seconds, Stopping threads took: 0.0000201 seconds
61.498: [GC (Allocation Failure)  426249K->98476K(1033216K), 0.0038118 secs]
61.502: Total time for which application threads were stopped: 0.0039811 seconds, Stopping threads took: 0.0000272 seconds
61.569: [GC (Allocation Failure)  418988K->98444K(1034240K), 0.0038594 secs]
61.573: Total time for which application threads were stopped: 0.0040234 seconds, Stopping threads took: 0.0000257 seconds
61.639: [GC (Allocation Failure)  418956K->105129K(1030656K), 0.0069808 secs]
61.647: Total time for which application threads were stopped: 0.0071615 seconds, Stopping threads took: 0.0000199 seconds
61.715: [GC (Allocation Failure)  422569K->99596K(1032704K), 0.0041421 secs]
61.719: Total time for which application threads were stopped: 0.0043211 seconds, Stopping threads took: 0.0000194 seconds
61.786: [GC (Allocation Failure)  417036K->99372K(1033728K), 0.0038519 secs]
61.790: Total time for which application threads were stopped: 0.0040214 seconds, Stopping threads took: 0.0000197 seconds
61.857: [GC (Allocation Failure)  418348K->96585K(1033216K), 0.0027488 secs]
61.860: Total time for which application threads were stopped: 0.0029403 seconds, Stopping threads took: 0.0000196 seconds
61.929: [GC (Allocation Failure)  415561K->99532K(1033728K), 0.0039705 secs]
61.933: Total time for which application threads were stopped: 0.0041197 seconds, Stopping threads took: 0.0000176 seconds
62.002: [GC (Allocation Failure)  418508K->99404K(1033216K), 0.0038994 secs]
62.006: Total time for which application threads were stopped: 0.0040732 seconds, Stopping threads took: 0.0000262 seconds
62.074: [GC (Allocation Failure)  418380K->102252K(1033216K), 0.0049081 secs]
62.079: Total time for which application threads were stopped: 0.0050773 seconds, Stopping threads took: 0.0000193 seconds
62.146: [GC (Allocation Failure)  421740K->107502K(1033728K), 0.0041264 secs]
62.150: Total time for which application threads were stopped: 0.0042959 seconds, Stopping threads took: 0.0000201 seconds
62.218: [GC (Allocation Failure)  426990K->107406K(1034752K), 0.0037739 secs]
62.222: Total time for which application threads were stopped: 0.0039285 seconds, Stopping threads took: 0.0000149 seconds
62.288: [GC (Allocation Failure)  428430K->110990K(1034240K), 0.0047734 secs]
62.293: Total time for which application threads were stopped: 0.0049531 seconds, Stopping threads took: 0.0000189 seconds
62.360: [GC (Allocation Failure)  432014K->115504K(1035264K), 0.0041177 secs]
62.364: Total time for which application threads were stopped: 0.0043346 seconds, Stopping threads took: 0.0000435 seconds
62.434: [GC (Allocation Failure)  437552K->115440K(1034752K), 0.0040217 secs]
62.438: Total time for which application threads were stopped: 0.0041916 seconds, Stopping threads took: 0.0000166 seconds
62.508: [GC (Allocation Failure)  437488K->116648K(1033728K), 0.0041082 secs]
62.513: Total time for which application threads were stopped: 0.0042862 seconds, Stopping threads took: 0.0000281 seconds
62.581: [GC (Allocation Failure)  438184K->123722K(1034752K), 0.0037963 secs]
62.585: Total time for which application threads were stopped: 0.0039931 seconds, Stopping threads took: 0.0000202 seconds
62.654: [GC (Allocation Failure)  445258K->123498K(1035264K), 0.0041289 secs]
62.658: Total time for which application threads were stopped: 0.0043195 seconds, Stopping threads took: 0.0000195 seconds
62.727: [GC (Allocation Failure)  446058K->126922K(1035264K), 0.0048026 secs]
62.732: Total time for which application threads were stopped: 0.0049724 seconds, Stopping threads took: 0.0000200 seconds
62.800: [GC (Allocation Failure)  449482K->131661K(1035264K), 0.0038396 secs]
62.804: Total time for which application threads were stopped: 0.0039995 seconds, Stopping threads took: 0.0000193 seconds
62.872: [GC (Allocation Failure)  454221K->131533K(1035264K), 0.0038209 secs]
62.876: Total time for which application threads were stopped: 0.0040056 seconds, Stopping threads took: 0.0000196 seconds
62.943: [GC (Allocation Failure)  454093K->127146K(1035776K), 0.0020708 secs]
62.946: Total time for which application threads were stopped: 0.0022463 seconds, Stopping threads took: 0.0000172 seconds
63.015: [GC (Allocation Failure)  450730K->131629K(1035776K), 0.0040483 secs]
63.020: Total time for which application threads were stopped: 0.0042234 seconds, Stopping threads took: 0.0000257 seconds
63.090: [GC (Allocation Failure)  455213K->131533K(1035776K), 0.0040752 secs]
63.094: Total time for which application threads were stopped: 0.0042408 seconds, Stopping threads took: 0.0000271 seconds
63.162: [GC (Allocation Failure)  455117K->134538K(1034240K), 0.0052016 secs]
63.167: Total time for which application threads were stopped: 0.0053678 seconds, Stopping threads took: 0.0000184 seconds
63.236: [GC (Allocation Failure)  458122K->131629K(1035264K), 0.0039378 secs]
63.240: Total time for which application threads were stopped: 0.0041343 seconds, Stopping threads took: 0.0000193 seconds
63.310: [GC (Allocation Failure)  453677K->131501K(1034752K), 0.0040627 secs]
63.314: Total time for which application threads were stopped: 0.0042175 seconds, Stopping threads took: 0.0000246 seconds
63.381: [GC (Allocation Failure)  453549K->138778K(1030656K), 0.0074902 secs]
63.389: Total time for which application threads were stopped: 0.0076683 seconds, Stopping threads took: 0.0000268 seconds
63.457: [GC (Allocation Failure)  457242K->134077K(1033216K), 0.0038964 secs]
63.461: Total time for which application threads were stopped: 0.0040562 seconds, Stopping threads took: 0.0000196 seconds
63.527: [GC (Allocation Failure)  452541K->134045K(1034240K), 0.0041647 secs]
63.531: Total time for which application threads were stopped: 0.0043351 seconds, Stopping threads took: 0.0000207 seconds
63.596: [GC (Allocation Failure)  454045K->134906K(1033728K), 0.0046781 secs]
63.601: Total time for which application threads were stopped: 0.0048535 seconds, Stopping threads took: 0.0000190 seconds
63.669: [GC (Allocation Failure)  454906K->134301K(1035264K), 0.0041770 secs]
63.673: Total time for which application threads were stopped: 0.0043470 seconds, Stopping threads took: 0.0000220 seconds
63.743: [GC (Allocation Failure)  456349K->134045K(1034752K), 0.0039369 secs]
63.747: Total time for which application threads were stopped: 0.0041068 seconds, Stopping threads took: 0.0000194 seconds
63.814: [GC (Allocation Failure)  456093K->135610K(1035776K), 0.0047758 secs]
63.819: Total time for which application threads were stopped: 0.0049360 seconds, Stopping threads took: 0.0000194 seconds
63.887: [GC (Allocation Failure)  459194K->134237K(1035776K), 0.0038437 secs]
63.891: Total time for which application threads were stopped: 0.0040233 seconds, Stopping threads took: 0.0000199 seconds
63.959: [GC (Allocation Failure)  457821K->134045K(1036288K), 0.0037592 secs]
63.963: Total time for which application threads were stopped: 0.0039267 seconds, Stopping threads took: 0.0000265 seconds
64.030: [GC (Allocation Failure)  458141K->127098K(1025024K), 0.0012117 secs]
64.031: Total time for which application threads were stopped: 0.0013409 seconds, Stopping threads took: 0.0000195 seconds
64.098: [GC (Allocation Failure)  451194K->134237K(1035776K), 0.0039942 secs]
64.102: Total time for which application threads were stopped: 0.0041897 seconds, Stopping threads took: 0.0000201 seconds
64.172: [GC (Allocation Failure)  457309K->138221K(1035264K), 0.0052084 secs]
64.177: Total time for which application threads were stopped: 0.0053575 seconds, Stopping threads took: 0.0000164 seconds
64.243: [GC (Allocation Failure)  461293K->134282K(1036288K), 0.0027177 secs]
64.246: Total time for which application threads were stopped: 0.0029056 seconds, Stopping threads took: 0.0000199 seconds
64.317: [GC (Allocation Failure)  458890K->138341K(1028608K), 0.0041670 secs]
64.321: Total time for which application threads were stopped: 0.0043187 seconds, Stopping threads took: 0.0000178 seconds
64.390: [GC (Allocation Failure)  462949K->142309K(1036288K), 0.0039815 secs]
64.394: Total time for which application threads were stopped: 0.0041735 seconds, Stopping threads took: 0.0000200 seconds
64.463: [GC (Allocation Failure)  466405K->142309K(1035776K), 0.0040280 secs]
64.467: Total time for which application threads were stopped: 0.0041832 seconds, Stopping threads took: 0.0000253 seconds
64.536: [GC (Allocation Failure)  466405K->142381K(1035264K), 0.0043205 secs]
64.540: Total time for which application threads were stopped: 0.0045072 seconds, Stopping threads took: 0.0000258 seconds
64.608: [GC (Allocation Failure)  465965K->150351K(1035776K), 0.0040261 secs]
64.612: Total time for which application threads were stopped: 0.0042160 seconds, Stopping threads took: 0.0000201 seconds
64.682: [GC (Allocation Failure)  473935K->150351K(1035776K), 0.0041448 secs]
64.686: Total time for which application threads were stopped: 0.0043138 seconds, Stopping threads took: 0.0000224 seconds
64.754: [GC (Allocation Failure)  473935K->150415K(1023488K), 0.0040885 secs]
64.758: Total time for which application threads were stopped: 0.0042782 seconds, Stopping threads took: 0.0000190 seconds
64.827: [GC (Allocation Failure)  473999K->158417K(1035264K), 0.0041990 secs]
64.832: Total time for which application threads were stopped: 0.0043479 seconds, Stopping threads took: 0.0000177 seconds
64.901: [GC (Allocation Failure)  480977K->158385K(1035264K), 0.0041484 secs]
64.905: Total time for which application threads were stopped: 0.0043349 seconds, Stopping threads took: 0.0000207 seconds
64.974: [GC (Allocation Failure)  480945K->158633K(1034240K), 0.0042743 secs]
64.979: Total time for which application threads were stopped: 0.0044385 seconds, Stopping threads took: 0.0000256 seconds
65.047: [GC (Allocation Failure)  480169K->166444K(1034752K), 0.0039730 secs]
65.051: Total time for which application threads were stopped: 0.0041663 seconds, Stopping threads took: 0.0000200 seconds
65.121: [GC (Allocation Failure)  487980K->166412K(1034752K), 0.0041228 secs]
65.125: Total time for which application threads were stopped: 0.0042849 seconds, Stopping threads took: 0.0000204 seconds
65.194: [GC (Allocation Failure)  487948K->166796K(1021440K), 0.0049052 secs]
65.199: Total time for which application threads were stopped: 0.0051045 seconds, Stopping threads took: 0.0000229 seconds
65.269: [GC (Allocation Failure)  488332K->174478K(1034240K), 0.0046956 secs]
65.274: Total time for which application threads were stopped: 0.0048621 seconds, Stopping threads took: 0.0000164 seconds
65.341: [GC (Allocation Failure)  494990K->174446K(1034240K), 0.0039413 secs]
65.345: Total time for which application threads were stopped: 0.0041193 seconds, Stopping threads took: 0.0000196 seconds
65.412: [GC (Allocation Failure)  494958K->174510K(1034240K), 0.0042553 secs]
65.416: Total time for which application threads were stopped: 0.0044530 seconds, Stopping threads took: 0.0000194 seconds
65.486: [GC (Allocation Failure)  495022K->182480K(1034240K), 0.0039245 secs]
65.490: Total time for which application threads were stopped: 0.0041289 seconds, Stopping threads took: 0.0000266 seconds
65.559: [GC (Allocation Failure)  502992K->182512K(1034240K), 0.0041735 secs]
65.564: Total time for which application threads were stopped: 0.0043452 seconds, Stopping threads took: 0.0000189 seconds
65.630: [GC (Allocation Failure)  503024K->182760K(1020416K), 0.0042142 secs]
65.634: Total time for which application threads were stopped: 0.0043899 seconds, Stopping threads took: 0.0000222 seconds
65.702: [GC (Allocation Failure)  503272K->190506K(1033728K), 0.0042754 secs]
65.706: Total time for which application threads were stopped: 0.0044442 seconds, Stopping threads took: 0.0000193 seconds
65.774: [GC (Allocation Failure)  509994K->190506K(1033728K), 0.0040595 secs]
65.778: Total time for which application threads were stopped: 0.0042295 seconds, Stopping threads took: 0.0000277 seconds
65.843: [GC (Allocation Failure)  509994K->190570K(1033728K), 0.0043537 secs]
65.848: Total time for which application threads were stopped: 0.0045136 seconds, Stopping threads took: 0.0000196 seconds
65.917: [GC (Allocation Failure)  510058K->198541K(1033728K), 0.0041354 secs]
65.921: Total time for which application threads were stopped: 0.0043036 seconds, Stopping threads took: 0.0000195 seconds
65.989: [GC (Allocation Failure)  518029K->198541K(1033728K), 0.0040010 secs]
65.993: Total time for which application threads were stopped: 0.0041680 seconds, Stopping threads took: 0.0000202 seconds
66.057: [GC (Allocation Failure)  518029K->198693K(1033728K), 0.0042360 secs]
66.062: Total time for which application threads were stopped: 0.0044039 seconds, Stopping threads took: 0.0000195 seconds
66.128: [GC (Allocation Failure)  518181K->206599K(1033728K), 0.0044227 secs]
66.133: Total time for which application threads were stopped: 0.0045933 seconds, Stopping threads took: 0.0000198 seconds
66.201: [GC (Allocation Failure)  526087K->206535K(1033728K), 0.0057052 secs]
66.207: Total time for which application threads were stopped: 0.0059058 seconds, Stopping threads took: 0.0000191 seconds
66.272: [GC (Allocation Failure)  526023K->206951K(1033728K), 0.0043181 secs]
66.276: Total time for which application threads were stopped: 0.0044841 seconds, Stopping threads took: 0.0000197 seconds
66.342: [GC (Allocation Failure)  526439K->214569K(1027072K), 0.0041898 secs]
66.347: Total time for which application threads were stopped: 0.0043888 seconds, Stopping threads took: 0.0000202 seconds
66.414: [GC (Allocation Failure)  534057K->214601K(1033216K), 0.0040630 secs]
66.418: Total time for which application threads were stopped: 0.0042352 seconds, Stopping threads took: 0.0000207 seconds
66.485: [GC (Allocation Failure)  533065K->214665K(1033216K), 0.0041044 secs]
66.489: Total time for which application threads were stopped: 0.0042796 seconds, Stopping threads took: 0.0000256 seconds
66.556: [GC (Allocation Failure)  533129K->222635K(1033216K), 0.0041692 secs]
66.560: Total time for which application threads were stopped: 0.0043577 seconds, Stopping threads took: 0.0000201 seconds
66.627: [GC (Allocation Failure)  541099K->217833K(1033216K), 0.0025555 secs]
66.630: Total time for which application threads were stopped: 0.0027213 seconds, Stopping threads took: 0.0000196 seconds
66.697: [GC (Allocation Failure)  536297K->222859K(1034752K), 0.0043123 secs]
66.701: Total time for which application threads were stopped: 0.0044831 seconds, Stopping threads took: 0.0000195 seconds
66.770: [GC (Allocation Failure)  543371K->226763K(1033728K), 0.0040722 secs]
66.774: Total time for which application threads were stopped: 0.0042264 seconds, Stopping threads took: 0.0000193 seconds
66.843: [GC (Allocation Failure)  547275K->234409K(1028608K), 0.0077673 secs]
66.851: Total time for which application threads were stopped: 0.0079563 seconds, Stopping threads took: 0.0000191 seconds
66.919: [GC (Allocation Failure)  549801K->228779K(1031680K), 0.0040408 secs]
66.923: Total time for which application threads were stopped: 0.0042353 seconds, Stopping threads took: 0.0000187 seconds
66.990: [GC (Allocation Failure)  544171K->228651K(1032704K), 0.0043281 secs]
66.994: Total time for which application threads were stopped: 0.0045026 seconds, Stopping threads took: 0.0000261 seconds
67.058: [GC (Allocation Failure)  545579K->220617K(1032192K), 0.0012754 secs]
67.059: Total time for which application threads were stopped: 0.0013989 seconds, Stopping threads took: 0.0000197 seconds
67.126: [GC (Allocation Failure)  537545K->228779K(1032704K), 0.0042948 secs]
67.131: Total time for which application threads were stopped: 0.0044625 seconds, Stopping threads took: 0.0000212 seconds
67.198: [GC (Allocation Failure)  545707K->228651K(1032192K), 0.0069614 secs]
67.205: Total time for which application threads were stopped: 0.0071458 seconds, Stopping threads took: 0.0000162 seconds
67.269: [GC (Allocation Failure)  545579K->232483K(1033216K), 0.0053175 secs]
67.274: Total time for which application threads were stopped: 0.0054744 seconds, Stopping threads took: 0.0000194 seconds
67.343: [GC (Allocation Failure)  550435K->236710K(1032704K), 0.0041256 secs]
67.347: Total time for which application threads were stopped: 0.0042925 seconds, Stopping threads took: 0.0000265 seconds
67.415: [GC (Allocation Failure)  554662K->236710K(1033728K), 0.0042232 secs]
67.419: Total time for which application threads were stopped: 0.0043920 seconds, Stopping threads took: 0.0000189 seconds
67.487: [GC (Allocation Failure)  555686K->240158K(1033216K), 0.0051412 secs]
67.492: Total time for which application threads were stopped: 0.0053102 seconds, Stopping threads took: 0.0000281 seconds
67.561: [GC (Allocation Failure)  559134K->244704K(1034240K), 0.0043148 secs]
67.566: Total time for which application threads were stopped: 0.0044943 seconds, Stopping threads took: 0.0000200 seconds
67.634: [GC (Allocation Failure)  564704K->244736K(1033728K), 0.0043450 secs]
67.638: Total time for which application threads were stopped: 0.0045380 seconds, Stopping threads took: 0.0000196 seconds
67.705: [GC (Allocation Failure)  564736K->247944K(1034240K), 0.0049099 secs]
67.710: Total time for which application threads were stopped: 0.0050598 seconds, Stopping threads took: 0.0000167 seconds
67.779: [GC (Allocation Failure)  568456K->252810K(1034240K), 0.0043350 secs]
67.784: Total time for which application threads were stopped: 0.0045053 seconds, Stopping threads took: 0.0000197 seconds
67.851: [GC (Allocation Failure)  573322K->252746K(1034752K), 0.0043815 secs]
67.856: Total time for which application threads were stopped: 0.0045561 seconds, Stopping threads took: 0.0000195 seconds
67.923: [GC (Allocation Failure)  574282K->255146K(1034752K), 0.0048829 secs]
67.928: Total time for which application threads were stopped: 0.0050431 seconds, Stopping threads took: 0.0000195 seconds
67.995: [GC (Allocation Failure)  576682K->260940K(1034752K), 0.0042924 secs]
67.999: Total time for which application threads were stopped: 0.0044600 seconds, Stopping threads took: 0.0000258 seconds
68.066: [GC (Allocation Failure)  582476K->260780K(1034752K), 0.0043800 secs]
68.070: Total time for which application threads were stopped: 0.0045514 seconds, Stopping threads took: 0.0000223 seconds
68.136: [GC (Allocation Failure)  582316K->264396K(1034752K), 0.0053442 secs]
68.141: Total time for which application threads were stopped: 0.0055180 seconds, Stopping threads took: 0.0000198 seconds
68.208: [GC (Allocation Failure)  585932K->268879K(1034752K), 0.0067149 secs]
68.215: Total time for which application threads were stopped: 0.0068687 seconds, Stopping threads took: 0.0000262 seconds
68.282: [GC (Allocation Failure)  590415K->268847K(1035264K), 0.0043176 secs]
68.287: Total time for which application threads were stopped: 0.0044883 seconds, Stopping threads took: 0.0000195 seconds
68.354: [GC (Allocation Failure)  590895K->269991K(1034752K), 0.0044606 secs]
68.358: Total time for which application threads were stopped: 0.0046531 seconds, Stopping threads took: 0.0000193 seconds
68.428: [GC (Allocation Failure)  592039K->276841K(1034752K), 0.0040165 secs]
68.432: Total time for which application threads were stopped: 0.0041757 seconds, Stopping threads took: 0.0000196 seconds
68.503: [GC (Allocation Failure)  598377K->276841K(1034752K), 0.0043341 secs]
68.507: Total time for which application threads were stopped: 0.0045051 seconds, Stopping threads took: 0.0000280 seconds
68.576: [GC (Allocation Failure)  598377K->279785K(1034752K), 0.0049792 secs]
68.581: Total time for which application threads were stopped: 0.0052758 seconds, Stopping threads took: 0.0000196 seconds
68.651: [GC (Allocation Failure)  601321K->284907K(1034752K), 0.0044148 secs]
68.655: Total time for which application threads were stopped: 0.0045884 seconds, Stopping threads took: 0.0000196 seconds
68.724: [GC (Allocation Failure)  606443K->284875K(1035264K), 0.0041721 secs]
68.728: Total time for which application threads were stopped: 0.0043443 seconds, Stopping threads took: 0.0000204 seconds
68.794: [GC (Allocation Failure)  606923K->285451K(1034752K), 0.0046210 secs]
68.798: Total time for which application threads were stopped: 0.0047909 seconds, Stopping threads took: 0.0000276 seconds
68.866: [GC (Allocation Failure)  607499K->293038K(1034752K), 0.0042685 secs]
68.871: Total time for which application threads were stopped: 0.0044358 seconds, Stopping threads took: 0.0000195 seconds
68.939: [GC (Allocation Failure)  614574K->292910K(1034752K), 0.0043694 secs]
68.943: Total time for which application threads were stopped: 0.0045621 seconds, Stopping threads took: 0.0000191 seconds
69.012: [GC (Allocation Failure)  614446K->295246K(1034752K), 0.0047655 secs]
69.017: Total time for which application threads were stopped: 0.0049324 seconds, Stopping threads took: 0.0000274 seconds
69.085: [GC (Allocation Failure)  616782K->301008K(1034752K), 0.0044358 secs]
69.089: Total time for which application threads were stopped: 0.0046038 seconds, Stopping threads took: 0.0000192 seconds
69.158: [GC (Allocation Failure)  622544K->300944K(1034752K), 0.0046786 secs]
69.163: Total time for which application threads were stopped: 0.0048474 seconds, Stopping threads took: 0.0000194 seconds
69.229: [GC (Allocation Failure)  622480K->304488K(1034752K), 0.0051300 secs]
69.234: Total time for which application threads were stopped: 0.0052907 seconds, Stopping threads took: 0.0000201 seconds
69.304: [GC (Allocation Failure)  626024K->309002K(1034752K), 0.0044732 secs]
69.309: Total time for which application threads were stopped: 0.0046359 seconds, Stopping threads took: 0.0000207 seconds
69.376: [GC (Allocation Failure)  630538K->309002K(1034752K), 0.0043664 secs]
69.380: Total time for which application threads were stopped: 0.0045295 seconds, Stopping threads took: 0.0000198 seconds
69.446: [GC (Allocation Failure)  630538K->309642K(1034752K), 0.0046775 secs]
69.451: Total time for which application threads were stopped: 0.0048523 seconds, Stopping threads took: 0.0000206 seconds
69.520: [GC (Allocation Failure)  631178K->317036K(1034752K), 0.0043036 secs]
69.524: Total time for which application threads were stopped: 0.0044793 seconds, Stopping threads took: 0.0000265 seconds
69.592: [GC (Allocation Failure)  638572K->317004K(1034752K), 0.0046670 secs]
69.596: Total time for which application threads were stopped: 0.0048373 seconds, Stopping threads took: 0.0000203 seconds
69.662: [GC (Allocation Failure)  638540K->318916K(1034752K), 0.0048330 secs]
69.667: Total time for which application threads were stopped: 0.0050332 seconds, Stopping threads took: 0.0000203 seconds
69.737: [GC (Allocation Failure)  640452K->325063K(1034752K), 0.0042962 secs]
69.741: Total time for which application threads were stopped: 0.0044656 seconds, Stopping threads took: 0.0000196 seconds
69.807: [GC (Allocation Failure)  646599K->325031K(1034752K), 0.0045668 secs]
69.812: Total time for which application threads were stopped: 0.0047404 seconds, Stopping threads took: 0.0000205 seconds
69.879: [GC (Allocation Failure)  646567K->328167K(1034752K), 0.0051900 secs]
69.884: Total time for which application threads were stopped: 0.0053751 seconds, Stopping threads took: 0.0000209 seconds
69.950: [GC (Allocation Failure)  649703K->333161K(1034752K), 0.0044333 secs]
69.955: Total time for which application threads were stopped: 0.0046131 seconds, Stopping threads took: 0.0000217 seconds
70.023: [GC (Allocation Failure)  654697K->333033K(1034752K), 0.0057603 secs]
70.028: Total time for which application threads were stopped: 0.0059458 seconds, Stopping threads took: 0.0000183 seconds
70.095: [GC (Allocation Failure)  654569K->333313K(1034752K), 0.0044645 secs]
70.100: Total time for which application threads were stopped: 0.0046561 seconds, Stopping threads took: 0.0000194 seconds
70.167: [GC (Allocation Failure)  654849K->341155K(1033728K), 0.0044016 secs]
70.171: Total time for which application threads were stopped: 0.0045689 seconds, Stopping threads took: 0.0000199 seconds
70.239: [GC (Allocation Failure)  661667K->341091K(1034240K), 0.0043738 secs]
70.244: Total time for which application threads were stopped: 0.0045433 seconds, Stopping threads took: 0.0000194 seconds
70.310: [GC (Allocation Failure)  661603K->344643K(1034752K), 0.0054836 secs]
70.316: Total time for which application threads were stopped: 0.0056473 seconds, Stopping threads took: 0.0000186 seconds
70.383: [GC (Allocation Failure)  665667K->349125K(1034240K), 0.0045762 secs]
70.387: Total time for which application threads were stopped: 0.0047432 seconds, Stopping threads took: 0.0000193 seconds
70.454: [GC (Allocation Failure)  670149K->349125K(1034752K), 0.0045053 secs]
70.459: Total time for which application threads were stopped: 0.0048334 seconds, Stopping threads took: 0.0000189 seconds
70.526: [GC (Allocation Failure)  670661K->352869K(1034752K), 0.0054570 secs]
70.532: Total time for which application threads were stopped: 0.0056164 seconds, Stopping threads took: 0.0000191 seconds
70.598: [GC (Allocation Failure)  674405K->357160K(1035264K), 0.0044874 secs]
70.602: Total time for which application threads were stopped: 0.0046430 seconds, Stopping threads took: 0.0000192 seconds
70.671: [GC (Allocation Failure)  679720K->357160K(1035264K), 0.0044046 secs]
70.676: Total time for which application threads were stopped: 0.0045763 seconds, Stopping threads took: 0.0000188 seconds
70.742: [GC (Allocation Failure)  679720K->360072K(1035264K), 0.0050476 secs]
70.747: Total time for which application threads were stopped: 0.0052212 seconds, Stopping threads took: 0.0000194 seconds
70.815: [GC (Allocation Failure)  682632K->365226K(1035264K), 0.0046007 secs]
70.819: Total time for which application threads were stopped: 0.0047697 seconds, Stopping threads took: 0.0000196 seconds
70.890: [GC (Allocation Failure)  687786K->365194K(1035264K), 0.0050715 secs]
70.895: Total time for which application threads were stopped: 0.0052331 seconds, Stopping threads took: 0.0000197 seconds
70.962: [GC (Allocation Failure)  687754K->368354K(1035264K), 0.0050680 secs]
70.967: Total time for which application threads were stopped: 0.0052450 seconds, Stopping threads took: 0.0000263 seconds
71.036: [GC (Allocation Failure)  690914K->373348K(1035264K), 0.0043628 secs]
71.040: Total time for which application threads were stopped: 0.0045253 seconds, Stopping threads took: 0.0000197 seconds
71.109: [GC (Allocation Failure)  695908K->373252K(1035264K), 0.0045701 secs]
71.113: Total time for which application threads were stopped: 0.0047401 seconds, Stopping threads took: 0.0000195 seconds
71.181: [GC (Allocation Failure)  695812K->376548K(1035264K), 0.0053355 secs]
71.187: Total time for which application threads were stopped: 0.0055030 seconds, Stopping threads took: 0.0000195 seconds
71.256: [GC (Allocation Failure)  699108K->381286K(1035264K), 0.0045381 secs]
71.261: Total time for which application threads were stopped: 0.0047147 seconds, Stopping threads took: 0.0000202 seconds
71.328: [GC (Allocation Failure)  703846K->381286K(1035264K), 0.0042527 secs]
71.333: Total time for which application threads were stopped: 0.0044276 seconds, Stopping threads took: 0.0000211 seconds
71.400: [GC (Allocation Failure)  703846K->376708K(1035264K), 0.0026495 secs]
71.403: Total time for which application threads were stopped: 0.0028240 seconds, Stopping threads took: 0.0000288 seconds
71.470: [GC (Allocation Failure)  699268K->381510K(1035264K), 0.0052885 secs]
71.476: Total time for which application threads were stopped: 0.0054655 seconds, Stopping threads took: 0.0000191 seconds
71.544: [GC (Allocation Failure)  704070K->381254K(1035264K), 0.0044755 secs]
71.548: Total time for which application threads were stopped: 0.0046481 seconds, Stopping threads took: 0.0000195 seconds
71.616: [GC (Allocation Failure)  703814K->381028K(1035776K), 0.0043829 secs]
71.620: Total time for which application threads were stopped: 0.0045528 seconds, Stopping threads took: 0.0000192 seconds
71.688: [GC (Allocation Failure)  704100K->381446K(1035264K), 0.0045932 secs]
71.693: Total time for which application threads were stopped: 0.0047532 seconds, Stopping threads took: 0.0000197 seconds
71.760: [GC (Allocation Failure)  704518K->381254K(1035776K), 0.0044873 secs]
71.764: Total time for which application threads were stopped: 0.0046547 seconds, Stopping threads took: 0.0000194 seconds
71.832: [GC (Allocation Failure)  704838K->387332K(1035776K), 0.0074532 secs]
71.839: Total time for which application threads were stopped: 0.0076262 seconds, Stopping threads took: 0.0000197 seconds
71.909: [GC (Allocation Failure)  710916K->382726K(1032704K), 0.0045193 secs]
71.914: Total time for which application threads were stopped: 0.0046910 seconds, Stopping threads took: 0.0000272 seconds
71.982: [GC (Allocation Failure)  703238K->382630K(1034240K), 0.0043611 secs]
71.987: Total time for which application threads were stopped: 0.0045365 seconds, Stopping threads took: 0.0000273 seconds
72.054: [GC (Allocation Failure)  703142K->389924K(1030656K), 0.0080241 secs]
72.062: Total time for which application threads were stopped: 0.0081944 seconds, Stopping threads took: 0.0000193 seconds
72.130: [GC (Allocation Failure)  707364K->384262K(1032704K), 0.0045106 secs]
72.134: Total time for which application threads were stopped: 0.0046833 seconds, Stopping threads took: 0.0000199 seconds
72.203: [GC (Allocation Failure)  701702K->384198K(1033728K), 0.0050011 secs]
72.208: Total time for which application threads were stopped: 0.0052064 seconds, Stopping threads took: 0.0000273 seconds
72.277: [GC (Allocation Failure)  703174K->382020K(1033216K), 0.0037646 secs]
72.281: Total time for which application threads were stopped: 0.0039482 seconds, Stopping threads took: 0.0000175 seconds
72.349: [GC (Allocation Failure)  700996K->384198K(1034752K), 0.0042833 secs]
72.353: Total time for which application threads were stopped: 0.0044453 seconds, Stopping threads took: 0.0000194 seconds
72.421: [GC (Allocation Failure)  704710K->384198K(1033728K), 0.0043409 secs]
72.425: Total time for which application threads were stopped: 0.0045138 seconds, Stopping threads took: 0.0000198 seconds
72.494: [GC (Allocation Failure)  704710K->378628K(1034240K), 0.0022349 secs]
72.497: Total time for which application threads were stopped: 0.0023962 seconds, Stopping threads took: 0.0000248 seconds
72.564: [GC (Allocation Failure)  700164K->384422K(1034752K), 0.0044525 secs]
72.569: Total time for which application threads were stopped: 0.0046396 seconds, Stopping threads took: 0.0000379 seconds
72.638: [GC (Allocation Failure)  705958K->384198K(1035264K), 0.0046630 secs]
72.643: Total time for which application threads were stopped: 0.0048513 seconds, Stopping threads took: 0.0000191 seconds
72.712: [GC (Allocation Failure)  706246K->380356K(1034752K), 0.0030633 secs]
72.715: Total time for which application threads were stopped: 0.0032286 seconds, Stopping threads took: 0.0000165 seconds
72.784: [GC (Allocation Failure)  702404K->384326K(1035776K), 0.0043502 secs]
72.788: Total time for which application threads were stopped: 0.0045697 seconds, Stopping threads took: 0.0000257 seconds
72.856: [GC (Allocation Failure)  707398K->384166K(1035264K), 0.0046221 secs]
72.861: Total time for which application threads were stopped: 0.0047881 seconds, Stopping threads took: 0.0000192 seconds
72.926: [GC (Allocation Failure)  707238K->385156K(1035776K), 0.0050552 secs]
72.931: Total time for which application threads were stopped: 0.0052334 seconds, Stopping threads took: 0.0000192 seconds
73.000: [GC (Allocation Failure)  708740K->384294K(1035776K), 0.0044505 secs]
73.005: Total time for which application threads were stopped: 0.0046226 seconds, Stopping threads took: 0.0000205 seconds
73.073: [GC (Allocation Failure)  707878K->384166K(1036288K), 0.0044656 secs]
73.078: Total time for which application threads were stopped: 0.0046363 seconds, Stopping threads took: 0.0000206 seconds
73.147: [GC (Allocation Failure)  708774K->377156K(1025536K), 0.0015906 secs]
73.149: Total time for which application threads were stopped: 0.0017191 seconds, Stopping threads took: 0.0000207 seconds
73.221: [GC (Allocation Failure)  701764K->384286K(1036288K), 0.0045272 secs]
73.225: Total time for which application threads were stopped: 0.0047445 seconds, Stopping threads took: 0.0000244 seconds
73.295: [GC (Allocation Failure)  708382K->388302K(1035776K), 0.0054735 secs]
73.301: Total time for which application threads were stopped: 0.0056569 seconds, Stopping threads took: 0.0000170 seconds
73.371: [GC (Allocation Failure)  712398K->388302K(1036288K), 0.0042641 secs]
73.375: Total time for which application threads were stopped: 0.0044339 seconds, Stopping threads took: 0.0000196 seconds
73.443: [GC (Allocation Failure)  712910K->388358K(1024512K), 0.0046266 secs]
73.448: Total time for which application threads were stopped: 0.0047959 seconds, Stopping threads took: 0.0000196 seconds
73.516: [GC (Allocation Failure)  712966K->396329K(1035776K), 0.0044271 secs]
73.520: Total time for which application threads were stopped: 0.0045981 seconds, Stopping threads took: 0.0000272 seconds
73.588: [GC (Allocation Failure)  719913K->396297K(1035776K), 0.0042938 secs]
73.593: Total time for which application threads were stopped: 0.0044572 seconds, Stopping threads took: 0.0000206 seconds
73.660: [GC (Allocation Failure)  719881K->396393K(1034752K), 0.0044114 secs]
73.665: Total time for which application threads were stopped: 0.0045904 seconds, Stopping threads took: 0.0000396 seconds
73.732: [GC (Allocation Failure)  718953K->404363K(1035264K), 0.0046693 secs]
73.737: Total time for which application threads were stopped: 0.0048377 seconds, Stopping threads took: 0.0000191 seconds
73.806: [GC (Allocation Failure)  726923K->404363K(1035264K), 0.0044641 secs]
73.811: Total time for which application threads were stopped: 0.0046326 seconds, Stopping threads took: 0.0000197 seconds
73.878: [GC (Allocation Failure)  726923K->404555K(1022464K), 0.0047600 secs]
73.883: Total time for which application threads were stopped: 0.0049293 seconds, Stopping threads took: 0.0000199 seconds
73.950: [GC (Allocation Failure)  727115K->412365K(1034752K), 0.0046566 secs]
73.955: Total time for which application threads were stopped: 0.0048265 seconds, Stopping threads took: 0.0000201 seconds
74.023: [GC (Allocation Failure)  733901K->412397K(1034752K), 0.0043643 secs]
74.027: Total time for which application threads were stopped: 0.0045586 seconds, Stopping threads took: 0.0000207 seconds
74.094: [GC (Allocation Failure)  733933K->412805K(1034752K), 0.0048201 secs]
74.099: Total time for which application threads were stopped: 0.0050206 seconds, Stopping threads took: 0.0000169 seconds
74.165: [GC (Allocation Failure)  734341K->420456K(1034752K), 0.0064134 secs]
74.172: Total time for which application threads were stopped: 0.0066071 seconds, Stopping threads took: 0.0000203 seconds
74.241: [GC (Allocation Failure)  741992K->420456K(1034752K), 0.0047093 secs]
74.246: Total time for which application threads were stopped: 0.0048850 seconds, Stopping threads took: 0.0000193 seconds
74.313: [GC (Allocation Failure)  741992K->420488K(1021440K), 0.0043836 secs]
74.317: Total time for which application threads were stopped: 0.0045775 seconds, Stopping threads took: 0.0000203 seconds
74.387: [GC (Allocation Failure)  742024K->428490K(1034240K), 0.0046377 secs]
74.391: Total time for which application threads were stopped: 0.0047926 seconds, Stopping threads took: 0.0000172 seconds
74.459: [GC (Allocation Failure)  749002K->428458K(1034240K), 0.0044318 secs]
74.464: Total time for which application threads were stopped: 0.0046252 seconds, Stopping threads took: 0.0000201 seconds
74.532: [GC (Allocation Failure)  748970K->428482K(1033216K), 0.0047118 secs]
74.537: Total time for which application threads were stopped: 0.0049022 seconds, Stopping threads took: 0.0000283 seconds
74.604: [GC (Allocation Failure)  747970K->436484K(1033728K), 0.0045961 secs]
74.608: Total time for which application threads were stopped: 0.0047653 seconds, Stopping threads took: 0.0000277 seconds
74.675: [GC (Allocation Failure)  755972K->436484K(1033728K), 0.0046156 secs]
74.680: Total time for which application threads were stopped: 0.0047929 seconds, Stopping threads took: 0.0000193 seconds
74.745: [GC (Allocation Failure)  755972K->436548K(1033728K), 0.0048106 secs]
74.750: Total time for which application threads were stopped: 0.0049774 seconds, Stopping threads took: 0.0000197 seconds
74.817: [GC (Allocation Failure)  756036K->444550K(1033728K), 0.0063726 secs]
74.823: Total time for which application threads were stopped: 0.0065639 seconds, Stopping threads took: 0.0000193 seconds
74.892: [GC (Allocation Failure)  764038K->444486K(1033728K), 0.0044469 secs]
74.897: Total time for which application threads were stopped: 0.0046067 seconds, Stopping threads took: 0.0000201 seconds
74.963: [GC (Allocation Failure)  763974K->444742K(1033728K), 0.0048947 secs]
74.968: Total time for which application threads were stopped: 0.0050623 seconds, Stopping threads took: 0.0000200 seconds
75.034: [GC (Allocation Failure)  764230K->452585K(1033728K), 0.0047844 secs]
75.039: Total time for which application threads were stopped: 0.0049447 seconds, Stopping threads took: 0.0000200 seconds
75.107: [GC (Allocation Failure)  772073K->452521K(1033728K), 0.0046813 secs]
75.111: Total time for which application threads were stopped: 0.0048722 seconds, Stopping threads took: 0.0000199 seconds
75.179: [GC (Allocation Failure)  772009K->452969K(1033728K), 0.0045601 secs]
75.184: Total time for which application threads were stopped: 0.0047468 seconds, Stopping threads took: 0.0000282 seconds
75.252: [GC (Allocation Failure)  772457K->460587K(1032704K), 0.0045619 secs]
75.257: Total time for which application threads were stopped: 0.0047105 seconds, Stopping threads took: 0.0000170 seconds
75.325: [GC (Allocation Failure)  779051K->460619K(1033216K), 0.0045536 secs]
75.329: Total time for which application threads were stopped: 0.0047152 seconds, Stopping threads took: 0.0000194 seconds
75.394: [GC (Allocation Failure)  779083K->460651K(1033216K), 0.0048669 secs]
75.399: Total time for which application threads were stopped: 0.0050240 seconds, Stopping threads took: 0.0000167 seconds
75.466: [GC (Allocation Failure)  779115K->468653K(1033216K), 0.0046240 secs]
75.471: Total time for which application threads were stopped: 0.0047823 seconds, Stopping threads took: 0.0000198 seconds
75.536: [GC (Allocation Failure)  787117K->462827K(1033728K), 0.0024988 secs]
75.539: Total time for which application threads were stopped: 0.0026738 seconds, Stopping threads took: 0.0000190 seconds
75.606: [GC (Allocation Failure)  781803K->468925K(1033216K), 0.0048063 secs]
75.610: Total time for which application threads were stopped: 0.0049696 seconds, Stopping threads took: 0.0000203 seconds
75.678: [GC (Allocation Failure)  787901K->472765K(1034240K), 0.0049740 secs]
75.683: Total time for which application threads were stopped: 0.0051486 seconds, Stopping threads took: 0.0000196 seconds
75.751: [GC (Allocation Failure)  793277K->478427K(1033728K), 0.0070281 secs]
75.759: Total time for which application threads were stopped: 0.0071958 seconds, Stopping threads took: 0.0000195 seconds
75.827: [GC (Allocation Failure)  798939K->472957K(1030656K), 0.0048413 secs]
75.832: Total time for which application threads were stopped: 0.0050126 seconds, Stopping threads took: 0.0000201 seconds
75.899: [GC (Allocation Failure)  789373K->472765K(1032192K), 0.0061460 secs]
75.905: Total time for which application threads were stopped: 0.0063103 seconds, Stopping threads took: 0.0000203 seconds
75.973: [GC (Allocation Failure)  789181K->468379K(1033216K), 0.0029830 secs]
75.976: Total time for which application threads were stopped: 0.0031724 seconds, Stopping threads took: 0.0000210 seconds
76.044: [GC (Allocation Failure)  786331K->472925K(1032704K), 0.0046389 secs]
76.049: Total time for which application threads were stopped: 0.0048264 seconds, Stopping threads took: 0.0000261 seconds
76.116: [GC (Allocation Failure)  790877K->472765K(1033728K), 0.0047560 secs]
76.121: Total time for which application threads were stopped: 0.0049203 seconds, Stopping threads took: 0.0000200 seconds
76.186: [GC (Allocation Failure)  791741K->476117K(1033216K), 0.0110076 secs]
76.198: Total time for which application threads were stopped: 0.0111767 seconds, Stopping threads took: 0.0000188 seconds
76.265: [GC (Allocation Failure)  795093K->480855K(1033728K), 0.0047031 secs]
76.270: Total time for which application threads were stopped: 0.0048918 seconds, Stopping threads took: 0.0000193 seconds
76.337: [GC (Allocation Failure)  800343K->480791K(1033728K), 0.0047288 secs]
76.342: Total time for which application threads were stopped: 0.0048977 seconds, Stopping threads took: 0.0000200 seconds
76.408: [GC (Allocation Failure)  800279K->482807K(1034240K), 0.0049837 secs]
76.413: Total time for which application threads were stopped: 0.0051548 seconds, Stopping threads took: 0.0000194 seconds
76.481: [GC (Allocation Failure)  803319K->488858K(1034240K), 0.0045577 secs]
76.485: Total time for which application threads were stopped: 0.0047295 seconds, Stopping threads took: 0.0000203 seconds
76.555: [GC (Allocation Failure)  809370K->488826K(1034240K), 0.0044048 secs]
76.559: Total time for which application threads were stopped: 0.0045524 seconds, Stopping threads took: 0.0000162 seconds
76.628: [GC (Allocation Failure)  809338K->488986K(1034240K), 0.0048959 secs]
76.633: Total time for which application threads were stopped: 0.0050679 seconds, Stopping threads took: 0.0000202 seconds
76.701: [GC (Allocation Failure)  809498K->496892K(1034240K), 0.0046668 secs]
76.706: Total time for which application threads were stopped: 0.0048365 seconds, Stopping threads took: 0.0000203 seconds
76.775: [GC (Allocation Failure)  817404K->496860K(1034240K), 0.0046925 secs]
76.780: Total time for which application threads were stopped: 0.0048671 seconds, Stopping threads took: 0.0000245 seconds
76.848: [GC (Allocation Failure)  817372K->499292K(1034240K), 0.0052391 secs]
76.853: Total time for which application threads were stopped: 0.0054197 seconds, Stopping threads took: 0.0000196 seconds
76.922: [GC (Allocation Failure)  819804K->504958K(1034240K), 0.0046600 secs]
76.927: Total time for which application threads were stopped: 0.0048190 seconds, Stopping threads took: 0.0000200 seconds
76.995: [GC (Allocation Failure)  825470K->504894K(1034240K), 0.0044596 secs]
77.000: Total time for which application threads were stopped: 0.0046177 seconds, Stopping threads took: 0.0000193 seconds
77.067: [GC (Allocation Failure)  825406K->505502K(1034240K), 0.0050339 secs]
77.072: Total time for which application threads were stopped: 0.0052158 seconds, Stopping threads took: 0.0000196 seconds
77.140: [GC (Allocation Failure)  826014K->513088K(1034240K), 0.0048813 secs]
77.145: Total time for which application threads were stopped: 0.0050575 seconds, Stopping threads took: 0.0000369 seconds
77.216: [GC (Allocation Failure)  833600K->512928K(1034240K), 0.0076696 secs]
77.223: Total time for which application threads were stopped: 0.0078015 seconds, Stopping threads took: 0.0000166 seconds
77.290: [GC (Allocation Failure)  833440K->515776K(1034240K), 0.0053622 secs]
77.295: Total time for which application threads were stopped: 0.0055217 seconds, Stopping threads took: 0.0000170 seconds
77.364: [GC (Allocation Failure)  836288K->521027K(1034240K), 0.0047891 secs]
77.369: Total time for which application threads were stopped: 0.0049716 seconds, Stopping threads took: 0.0000200 seconds
77.439: [GC (Allocation Failure)  841539K->520963K(1034240K), 0.0047663 secs]
77.444: Total time for which application threads were stopped: 0.0049418 seconds, Stopping threads took: 0.0000213 seconds
77.512: [GC (Allocation Failure)  841475K->521955K(1034240K), 0.0049072 secs]
77.517: Total time for which application threads were stopped: 0.0050770 seconds, Stopping threads took: 0.0000276 seconds
77.585: [GC (Allocation Failure)  842467K->528997K(1034240K), 0.0046510 secs]
77.589: Total time for which application threads were stopped: 0.0048116 seconds, Stopping threads took: 0.0000199 seconds
77.657: [GC (Allocation Failure)  849509K->528997K(1034240K), 0.0047216 secs]
77.662: Total time for which application threads were stopped: 0.0049138 seconds, Stopping threads took: 0.0000191 seconds
77.730: [GC (Allocation Failure)  849509K->532221K(1034752K), 0.0055160 secs]
77.736: Total time for which application threads were stopped: 0.0056962 seconds, Stopping threads took: 0.0000189 seconds
77.804: [GC (Allocation Failure)  853245K->537055K(1034240K), 0.0046900 secs]
77.809: Total time for which application threads were stopped: 0.0048738 seconds, Stopping threads took: 0.0000173 seconds
77.878: [GC (Allocation Failure)  858079K->537023K(1034752K), 0.0046101 secs]
77.883: Total time for which application threads were stopped: 0.0047600 seconds, Stopping threads took: 0.0000167 seconds
77.951: [GC (Allocation Failure)  858559K->540455K(1034752K), 0.0055562 secs]
77.957: Total time for which application threads were stopped: 0.0057255 seconds, Stopping threads took: 0.0000192 seconds
78.026: [GC (Allocation Failure)  861991K->545066K(1034752K), 0.0046149 secs]
78.031: Total time for which application threads were stopped: 0.0047998 seconds, Stopping threads took: 0.0000257 seconds
78.097: [GC (Allocation Failure)  866602K->545098K(1034752K), 0.0063670 secs]
78.104: Total time for which application threads were stopped: 0.0065320 seconds, Stopping threads took: 0.0000253 seconds
78.170: [GC (Allocation Failure)  866634K->545642K(1034752K), 0.0049141 secs]
78.175: Total time for which application threads were stopped: 0.0050927 seconds, Stopping threads took: 0.0000220 seconds
78.243: [GC (Allocation Failure)  867178K->553196K(1034752K), 0.0047203 secs]
78.247: Total time for which application threads were stopped: 0.0048816 seconds, Stopping threads took: 0.0000196 seconds
78.314: [GC (Allocation Failure)  874732K->553100K(1034752K), 0.0048469 secs]
78.319: Total time for which application threads were stopped: 0.0050298 seconds, Stopping threads took: 0.0000201 seconds
78.384: [GC (Allocation Failure)  874636K->554892K(1034752K), 0.0050388 secs]
78.389: Total time for which application threads were stopped: 0.0052276 seconds, Stopping threads took: 0.0000439 seconds
78.456: [GC (Allocation Failure)  876428K->561198K(1034752K), 0.0050158 secs]
78.461: Total time for which application threads were stopped: 0.0051908 seconds, Stopping threads took: 0.0000202 seconds
78.528: [GC (Allocation Failure)  882734K->561166K(1034752K), 0.0048549 secs]
78.533: Total time for which application threads were stopped: 0.0050277 seconds, Stopping threads took: 0.0000257 seconds
78.599: [GC (Allocation Failure)  882702K->564142K(1034752K), 0.0056123 secs]
78.604: Total time for which application threads were stopped: 0.0057787 seconds, Stopping threads took: 0.0000205 seconds
78.673: [GC (Allocation Failure)  885678K->569168K(1034752K), 0.0047820 secs]
78.678: Total time for which application threads were stopped: 0.0049443 seconds, Stopping threads took: 0.0000201 seconds
78.745: [GC (Allocation Failure)  890704K->569168K(1034752K), 0.0048074 secs]
78.750: Total time for which application threads were stopped: 0.0050006 seconds, Stopping threads took: 0.0000202 seconds
78.817: [GC (Allocation Failure)  890704K->569328K(1021440K), 0.0049194 secs]
78.822: Total time for which application threads were stopped: 0.0050817 seconds, Stopping threads took: 0.0000196 seconds
78.890: [GC (Allocation Failure)  890864K->577299K(1034240K), 0.0050534 secs]
78.895: Total time for which application threads were stopped: 0.0052170 seconds, Stopping threads took: 0.0000186 seconds
78.962: [GC (Allocation Failure)  897811K->577203K(1034240K), 0.0049282 secs]
78.967: Total time for which application threads were stopped: 0.0050850 seconds, Stopping threads took: 0.0000193 seconds
79.034: [GC (Allocation Failure)  897715K->580635K(1034752K), 0.0056693 secs]
79.040: Total time for which application threads were stopped: 0.0058706 seconds, Stopping threads took: 0.0000187 seconds
79.108: [GC (Allocation Failure)  901659K->585245K(1034240K), 0.0047564 secs]
79.113: Total time for which application threads were stopped: 0.0049069 seconds, Stopping threads took: 0.0000162 seconds
79.180: [GC (Allocation Failure)  906269K->585245K(1034752K), 0.0050474 secs]
79.185: Total time for which application threads were stopped: 0.0052142 seconds, Stopping threads took: 0.0000192 seconds
79.253: [GC (Allocation Failure)  906781K->588869K(1034752K), 0.0060519 secs]
79.259: Total time for which application threads were stopped: 0.0062214 seconds, Stopping threads took: 0.0000199 seconds
79.329: [GC (Allocation Failure)  910405K->593383K(1034752K), 0.0047437 secs]
79.334: Total time for which application threads were stopped: 0.0049133 seconds, Stopping threads took: 0.0000193 seconds
79.402: [GC (Allocation Failure)  914919K->593287K(1034752K), 0.0048844 secs]
79.407: Total time for which application threads were stopped: 0.0050549 seconds, Stopping threads took: 0.0000196 seconds
79.474: [GC (Allocation Failure)  914823K->594023K(1034752K), 0.0050537 secs]
79.480: Total time for which application threads were stopped: 0.0052195 seconds, Stopping threads took: 0.0000254 seconds
79.548: [GC (Allocation Failure)  915559K->601321K(1034752K), 0.0048486 secs]
79.553: Total time for which application threads were stopped: 0.0050238 seconds, Stopping threads took: 0.0000277 seconds
79.620: [GC (Allocation Failure)  922857K->601289K(1034752K), 0.0049931 secs]
79.626: Total time for which application threads were stopped: 0.0051616 seconds, Stopping threads took: 0.0000193 seconds
79.692: [GC (Allocation Failure)  922825K->603305K(1034752K), 0.0050965 secs]
79.697: Total time for which application threads were stopped: 0.0052574 seconds, Stopping threads took: 0.0000194 seconds
79.765: [GC (Allocation Failure)  924841K->609356K(1034752K), 0.0048850 secs]
79.770: Total time for which application threads were stopped: 0.0050508 seconds, Stopping threads took: 0.0000194 seconds
79.836: [GC (Allocation Failure)  930892K->609356K(1034752K), 0.0048338 secs]
79.841: Total time for which application threads were stopped: 0.0050021 seconds, Stopping threads took: 0.0000195 seconds
79.906: [GC (Allocation Failure)  930892K->612580K(1034752K), 0.0058730 secs]
79.912: Total time for which application threads were stopped: 0.0060349 seconds, Stopping threads took: 0.0000194 seconds
79.978: [GC (Allocation Failure)  934116K->617446K(1034752K), 0.0048308 secs]
79.983: Total time for which application threads were stopped: 0.0049967 seconds, Stopping threads took: 0.0000260 seconds
80.049: [GC (Allocation Failure)  938982K->617382K(1034752K), 0.0058873 secs]
80.055: Total time for which application threads were stopped: 0.0060830 seconds, Stopping threads took: 0.0000199 seconds
80.121: [GC (Allocation Failure)  938918K->617694K(1034752K), 0.0051351 secs]
80.126: Total time for which application threads were stopped: 0.0053113 seconds, Stopping threads took: 0.0000296 seconds
80.193: [GC (Allocation Failure)  939230K->625536K(1033728K), 0.0059681 secs]
80.199: Total time for which application threads were stopped: 0.0061442 seconds, Stopping threads took: 0.0000251 seconds
80.266: [GC (Allocation Failure)  946048K->625440K(1034240K), 0.0050052 secs]
80.271: Total time for which application threads were stopped: 0.0052003 seconds, Stopping threads took: 0.0000193 seconds
80.340: [GC (Allocation Failure)  945952K->629024K(1034752K), 0.0056128 secs]
80.346: Total time for which application threads were stopped: 0.0057701 seconds, Stopping threads took: 0.0000165 seconds
80.413: [GC (Allocation Failure)  950048K->633506K(1034240K), 0.0048880 secs]
80.418: Total time for which application threads were stopped: 0.0050768 seconds, Stopping threads took: 0.0000286 seconds
80.486: [GC (Allocation Failure)  954530K->633442K(1034752K), 0.0048077 secs]
80.491: Total time for which application threads were stopped: 0.0049678 seconds, Stopping threads took: 0.0000266 seconds
80.558: [GC (Allocation Failure)  954978K->637274K(1034752K), 0.0060608 secs]
80.564: Total time for which application threads were stopped: 0.0062602 seconds, Stopping threads took: 0.0000267 seconds
80.632: [GC (Allocation Failure)  958810K->641469K(1035264K), 0.0050224 secs]
80.637: Total time for which application threads were stopped: 0.0052053 seconds, Stopping threads took: 0.0000170 seconds
80.706: [GC (Allocation Failure)  964029K->641437K(1035264K), 0.0050151 secs]
80.711: Total time for which application threads were stopped: 0.0052118 seconds, Stopping threads took: 0.0000276 seconds
80.779: [GC (Allocation Failure)  963997K->644445K(1035264K), 0.0056338 secs]
80.785: Total time for which application threads were stopped: 0.0057908 seconds, Stopping threads took: 0.0000167 seconds
80.852: [GC (Allocation Failure)  967005K->649567K(1035264K), 0.0048387 secs]
80.857: Total time for which application threads were stopped: 0.0050089 seconds, Stopping threads took: 0.0000203 seconds
80.926: [GC (Allocation Failure)  972127K->649503K(1035264K), 0.0049813 secs]
80.931: Total time for which application threads were stopped: 0.0051459 seconds, Stopping threads took: 0.0000203 seconds
80.998: [GC (Allocation Failure)  972063K->652711K(1035264K), 0.0056638 secs]
81.004: Total time for which application threads were stopped: 0.0058284 seconds, Stopping threads took: 0.0000195 seconds
81.072: [GC (Allocation Failure)  975271K->657577K(1035264K), 0.0048127 secs]
81.077: Total time for which application threads were stopped: 0.0049939 seconds, Stopping threads took: 0.0000210 seconds
81.147: [GC (Allocation Failure)  980137K->657577K(1035264K), 0.0049640 secs]
81.152: Total time for which application threads were stopped: 0.0051248 seconds, Stopping threads took: 0.0000197 seconds
81.220: [GC (Allocation Failure)  980137K->660937K(1035264K), 0.0057922 secs]
81.226: Total time for which application threads were stopped: 0.0059472 seconds, Stopping threads took: 0.0000180 seconds
81.295: [GC (Allocation Failure)  983497K->665675K(1035264K), 0.0049388 secs]
81.300: Total time for which application threads were stopped: 0.0051278 seconds, Stopping threads took: 0.0000184 seconds
81.369: [GC (Allocation Failure)  988235K->665611K(1035264K), 0.0048596 secs]
81.374: Total time for which application threads were stopped: 0.0050513 seconds, Stopping threads took: 0.0000190 seconds
81.443: [GC (Allocation Failure)  988171K->661097K(1035264K), 0.0033895 secs]
81.446: Total time for which application threads were stopped: 0.0035455 seconds, Stopping threads took: 0.0000167 seconds
81.514: [GC (Allocation Failure)  983657K->665643K(1034752K), 0.0049768 secs]
81.519: Total time for which application threads were stopped: 0.0051976 seconds, Stopping threads took: 0.0000191 seconds
81.589: [GC (Allocation Failure)  988203K->665579K(1035264K), 0.0049187 secs]
81.594: Total time for which application threads were stopped: 0.0050911 seconds, Stopping threads took: 0.0000166 seconds
81.663: [GC (Allocation Failure)  988139K->665417K(1035776K), 0.0050827 secs]
81.668: Total time for which application threads were stopped: 0.0052711 seconds, Stopping threads took: 0.0000189 seconds
81.737: [GC (Allocation Failure)  989001K->665579K(1035776K), 0.0051253 secs]
81.743: Total time for which application threads were stopped: 0.0052829 seconds, Stopping threads took: 0.0000201 seconds
81.812: [GC (Allocation Failure)  989163K->665579K(1035776K), 0.0049540 secs]
81.817: Total time for which application threads were stopped: 0.0051125 seconds, Stopping threads took: 0.0000193 seconds
81.885: [GC (Allocation Failure)  989163K->672777K(1035776K), 0.0086993 secs]
81.894: Total time for which application threads were stopped: 0.0088765 seconds, Stopping threads took: 0.0000196 seconds
81.962: [GC (Allocation Failure)  996361K->668267K(1031680K), 0.0051878 secs]
81.967: Total time for which application threads were stopped: 0.0053557 seconds, Stopping threads took: 0.0000191 seconds
82.034: [GC (Allocation Failure)  987755K->668043K(1033728K), 0.0050583 secs]
82.040: Total time for which application threads were stopped: 0.0052257 seconds, Stopping threads took: 0.0000266 seconds
82.106: [GC (Allocation Failure)  987531K->674409K(1030656K), 0.0080995 secs]
82.114: Total time for which application threads were stopped: 0.0082681 seconds, Stopping threads took: 0.0000192 seconds
82.181: [GC (Allocation Failure)  991849K->668811K(1032704K), 0.0056676 secs]
82.187: Total time for which application threads were stopped: 0.0058250 seconds, Stopping threads took: 0.0000200 seconds
82.256: [GC (Allocation Failure)  986251K->668651K(1033728K), 0.0050874 secs]
82.261: Total time for which application threads were stopped: 0.0052952 seconds, Stopping threads took: 0.0000364 seconds
82.330: [GC (Allocation Failure)  987627K->665513K(1033216K), 0.0037656 secs]
82.334: Total time for which application threads were stopped: 0.0039442 seconds, Stopping threads took: 0.0000197 seconds
82.403: [GC (Allocation Failure)  984489K->668747K(1034752K), 0.0048493 secs]
82.408: Total time for which application threads were stopped: 0.0050207 seconds, Stopping threads took: 0.0000201 seconds
82.476: [GC (Allocation Failure)  989259K->668651K(1033728K), 0.0048896 secs]
82.481: Total time for which application threads were stopped: 0.0050638 seconds, Stopping threads took: 0.0000259 seconds
82.548: [GC (Allocation Failure)  989163K->662153K(1033216K), 0.0023436 secs]
82.550: Total time for which application threads were stopped: 0.0024882 seconds, Stopping threads took: 0.0000189 seconds
82.618: [GC (Allocation Failure)  982665K->668715K(1034240K), 0.0049972 secs]
82.623: Total time for which application threads were stopped: 0.0051647 seconds, Stopping threads took: 0.0000199 seconds
82.691: [GC (Allocation Failure)  989227K->668651K(1035264K), 0.0050195 secs]
82.696: Total time for which application threads were stopped: 0.0051867 seconds, Stopping threads took: 0.0000200 seconds
82.763: [GC (Allocation Failure)  990699K->661865K(1034752K), 0.0023079 secs]
82.765: Total time for which application threads were stopped: 0.0024567 seconds, Stopping threads took: 0.0000196 seconds
82.833: [GC (Allocation Failure)  983913K->668875K(1034752K), 0.0050025 secs]
82.838: Total time for which application threads were stopped: 0.0051634 seconds, Stopping threads took: 0.0000189 seconds
82.906: [GC (Allocation Failure)  990411K->668683K(1034752K), 0.0066224 secs]
82.913: Total time for which application threads were stopped: 0.0068153 seconds, Stopping threads took: 0.0000199 seconds
82.981: [GC (Allocation Failure)  990219K->663529K(1035264K), 0.0029311 secs]
82.984: Total time for which application threads were stopped: 0.0030845 seconds, Stopping threads took: 0.0000259 seconds
83.053: [GC (Allocation Failure)  986089K->668811K(1035264K), 0.0049826 secs]
83.059: Total time for which application threads were stopped: 0.0051864 seconds, Stopping threads took: 0.0000260 seconds
83.127: [GC (Allocation Failure)  991371K->668651K(1035264K), 0.0049883 secs]
83.132: Total time for which application threads were stopped: 0.0051475 seconds, Stopping threads took: 0.0000198 seconds
83.199: [GC (Allocation Failure)  991211K->667849K(1035264K), 0.0063869 secs]
83.206: Total time for which application threads were stopped: 0.0065843 seconds, Stopping threads took: 0.0000185 seconds
83.274: [GC (Allocation Failure)  990409K->668747K(1035776K), 0.0049512 secs]
83.280: Total time for which application threads were stopped: 0.0051196 seconds, Stopping threads took: 0.0000190 seconds
83.347: [GC (Allocation Failure)  992331K->668651K(1035776K), 0.0049217 secs]
83.352: Total time for which application threads were stopped: 0.0050923 seconds, Stopping threads took: 0.0000203 seconds
83.422: [GC (Allocation Failure)  992235K->674153K(1032192K), 0.0077185 secs]
83.430: Total time for which application threads were stopped: 0.0079091 seconds, Stopping threads took: 0.0000192 seconds
83.498: [GC (Allocation Failure)  994665K->669995K(1034240K), 0.0049447 secs]
83.503: Total time for which application threads were stopped: 0.0050901 seconds, Stopping threads took: 0.0000191 seconds
83.572: [GC (Allocation Failure)  990507K->669931K(1035264K), 0.0048114 secs]
83.576: Total time for which application threads were stopped: 0.0049787 seconds, Stopping threads took: 0.0000194 seconds
83.644: [GC (Allocation Failure)  991979K->675145K(1034752K), 0.0072907 secs]
83.652: Total time for which application threads were stopped: 0.0074951 seconds, Stopping threads took: 0.0000190 seconds
83.720: [GC (Allocation Failure)  997193K->669931K(1033728K), 0.0050211 secs]
83.725: Total time for which application threads were stopped: 0.0051922 seconds, Stopping threads took: 0.0000197 seconds
83.795: [GC (Allocation Failure)  990443K->669963K(1034240K), 0.0048706 secs]
83.800: Total time for which application threads were stopped: 0.0050424 seconds, Stopping threads took: 0.0000201 seconds
83.867: [GC (Allocation Failure)  990475K->674857K(1032704K), 0.0071474 secs]
83.874: Total time for which application threads were stopped: 0.0073181 seconds, Stopping threads took: 0.0000195 seconds
83.940: [GC (Allocation Failure)  994345K->670123K(1033728K), 0.0059882 secs]
83.947: Total time for which application threads were stopped: 0.0061564 seconds, Stopping threads took: 0.0000201 seconds
84.014: [GC (Allocation Failure)  989611K->669931K(1034752K), 0.0049089 secs]
84.019: Total time for which application threads were stopped: 0.0050862 seconds, Stopping threads took: 0.0000280 seconds
84.087: [GC (Allocation Failure)  990955K->671465K(1034240K), 0.0056366 secs]
84.093: Total time for which application threads were stopped: 0.0058028 seconds, Stopping threads took: 0.0000191 seconds
84.161: [GC (Allocation Failure)  992489K->670091K(1035264K), 0.0048011 secs]
84.166: Total time for which application threads were stopped: 0.0049566 seconds, Stopping threads took: 0.0000188 seconds
84.235: [GC (Allocation Failure)  992139K->669963K(1034752K), 0.0050051 secs]
84.240: Total time for which application threads were stopped: 0.0051754 seconds, Stopping threads took: 0.0000194 seconds
84.309: [GC (Allocation Failure)  992011K->673225K(1034240K), 0.0065431 secs]
84.316: Total time for which application threads were stopped: 0.0067212 seconds, Stopping threads took: 0.0000272 seconds
84.384: [GC (Allocation Failure)  994761K->670027K(1034752K), 0.0049466 secs]
84.389: Total time for which application threads were stopped: 0.0051117 seconds, Stopping threads took: 0.0000203 seconds
84.457: [GC (Allocation Failure)  991563K->669899K(1035264K), 0.0049978 secs]
84.462: Total time for which application threads were stopped: 0.0051746 seconds, Stopping threads took: 0.0000217 seconds
84.531: [GC (Allocation Failure)  992459K->675417K(1035264K), 0.0075268 secs]
84.539: Total time for which application threads were stopped: 0.0077009 seconds, Stopping threads took: 0.0000261 seconds
84.608: [GC (Allocation Failure)  997977K->670235K(1033216K), 0.0052312 secs]
84.613: Total time for which application threads were stopped: 0.0053946 seconds, Stopping threads took: 0.0000194 seconds
84.680: [GC (Allocation Failure)  990747K->670171K(1034240K), 0.0048936 secs]
84.685: Total time for which application threads were stopped: 0.0050572 seconds, Stopping threads took: 0.0000208 seconds
84.754: [GC (Allocation Failure)  990683K->675929K(1031680K), 0.0077291 secs]
84.762: Total time for which application threads were stopped: 0.0079004 seconds, Stopping threads took: 0.0000195 seconds
84.827: [GC (Allocation Failure)  994393K->670427K(1033216K), 0.0072728 secs]
84.835: Total time for which application threads were stopped: 0.0074451 seconds, Stopping threads took: 0.0000202 seconds
84.902: [GC (Allocation Failure)  988891K->670203K(1034240K), 0.0053516 secs]
84.907: Total time for which application threads were stopped: 0.0055216 seconds, Stopping threads took: 0.0000202 seconds
84.972: [GC (Allocation Failure)  990203K->669433K(1033728K), 0.0057561 secs]
84.978: Total time for which application threads were stopped: 0.0059428 seconds, Stopping threads took: 0.0000368 seconds
85.044: [GC (Allocation Failure)  989433K->670363K(1034752K), 0.0051540 secs]
85.049: Total time for which application threads were stopped: 0.0053403 seconds, Stopping threads took: 0.0000279 seconds
85.116: [GC (Allocation Failure)  991387K->670203K(1034240K), 0.0049773 secs]
85.122: Total time for which application threads were stopped: 0.0051529 seconds, Stopping threads took: 0.0000210 seconds
85.190: [GC (Allocation Failure)  991227K->668121K(1034752K), 0.0081787 secs]
85.199: Total time for which application threads were stopped: 0.0083799 seconds, Stopping threads took: 0.0000519 seconds
85.267: [GC (Allocation Failure)  989657K->670331K(1034752K), 0.0049636 secs]
85.272: Total time for which application threads were stopped: 0.0051308 seconds, Stopping threads took: 0.0000194 seconds
85.338: [GC (Allocation Failure)  991867K->670171K(1035776K), 0.0050346 secs]
85.343: Total time for which application threads were stopped: 0.0052245 seconds, Stopping threads took: 0.0000189 seconds
85.410: [GC (Allocation Failure)  993243K->670873K(1035264K), 0.0055651 secs]
85.416: Total time for which application threads were stopped: 0.0057262 seconds, Stopping threads took: 0.0000190 seconds
85.485: [GC (Allocation Failure)  993945K->670267K(1036288K), 0.0049911 secs]
85.490: Total time for which application threads were stopped: 0.0051604 seconds, Stopping threads took: 0.0000269 seconds
85.559: [GC (Allocation Failure)  994363K->670171K(1035776K), 0.0049606 secs]
85.564: Total time for which application threads were stopped: 0.0051306 seconds, Stopping threads took: 0.0000196 seconds
85.632: [GC (Allocation Failure)  994267K->662329K(1033728K), 0.0018394 secs]
85.634: Total time for which application threads were stopped: 0.0019824 seconds, Stopping threads took: 0.0000195 seconds
85.702: [GC (Allocation Failure)  984889K->670235K(1035264K), 0.0050110 secs]
85.707: Total time for which application threads were stopped: 0.0052215 seconds, Stopping threads took: 0.0000240 seconds
85.775: [GC (Allocation Failure)  992795K->674291K(1036288K), 0.0064195 secs]
85.781: Total time for which application threads were stopped: 0.0065862 seconds, Stopping threads took: 0.0000190 seconds
85.849: [GC (Allocation Failure)  998387K->670417K(1035776K), 0.0039844 secs]
85.853: Total time for which application threads were stopped: 0.0041458 seconds, Stopping threads took: 0.0000202 seconds
85.922: [GC (Allocation Failure)  994513K->674475K(1035264K), 0.0050876 secs]
85.927: Total time for which application threads were stopped: 0.0052621 seconds, Stopping threads took: 0.0000205 seconds
85.996: [GC (Allocation Failure)  998059K->678443K(1035776K), 0.0049982 secs]
86.001: Total time for which application threads were stopped: 0.0052376 seconds, Stopping threads took: 0.0000452 seconds
86.069: [GC (Allocation Failure)  1002027K->678443K(1036288K), 0.0051213 secs]
86.074: Total time for which application threads were stopped: 0.0053038 seconds, Stopping threads took: 0.0000206 seconds
86.140: [GC (Allocation Failure)  1003051K->678787K(1024512K), 0.0051269 secs]
86.145: Total time for which application threads were stopped: 0.0052959 seconds, Stopping threads took: 0.0000201 seconds
86.214: [GC (Allocation Failure)  1003395K->686502K(1035776K), 0.0065305 secs]
86.221: Total time for which application threads were stopped: 0.0066856 seconds, Stopping threads took: 0.0000145 seconds
86.289: [GC (Allocation Failure)  1010086K->686502K(1035776K), 0.0051604 secs]
86.295: Total time for which application threads were stopped: 0.0053177 seconds, Stopping threads took: 0.0000196 seconds
86.361: [GC (Allocation Failure)  1010086K->687014K(1034752K), 0.0052233 secs]
86.367: [Full GC (Ergonomics)  687014K->8989K(1034752K), 0.0139265 secs]
86.381: Total time for which application threads were stopped: 0.0194126 seconds, Stopping threads took: 0.0000271 seconds
86.449: [GC (Allocation Failure)  331549K->17599K(1035264K), 0.0038456 secs]
86.453: Total time for which application threads were stopped: 0.0040176 seconds, Stopping threads took: 0.0000188 seconds
86.523: [GC (Allocation Failure)  340159K->17591K(1035264K), 0.0038287 secs]
86.527: Total time for which application threads were stopped: 0.0040268 seconds, Stopping threads took: 0.0000276 seconds
86.596: [GC (Allocation Failure)  340151K->17847K(1022464K), 0.0039090 secs]
86.600: Total time for which application threads were stopped: 0.0040893 seconds, Stopping threads took: 0.0000193 seconds
86.668: [GC (Allocation Failure)  340407K->25658K(1034752K), 0.0037164 secs]
86.672: Total time for which application threads were stopped: 0.0039279 seconds, Stopping threads took: 0.0000199 seconds
86.740: [GC (Allocation Failure)  347194K->25658K(1034752K), 0.0036291 secs]
86.743: Total time for which application threads were stopped: 0.0037903 seconds, Stopping threads took: 0.0000202 seconds
86.810: [GC (Allocation Failure)  347194K->25690K(1033728K), 0.0040709 secs]
86.815: Total time for which application threads were stopped: 0.0042419 seconds, Stopping threads took: 0.0000198 seconds
86.883: [GC (Allocation Failure)  346202K->33692K(1034240K), 0.0040157 secs]
86.887: Total time for which application threads were stopped: 0.0041758 seconds, Stopping threads took: 0.0000196 seconds
86.955: [GC (Allocation Failure)  354204K->33660K(1034240K), 0.0039191 secs]
86.959: Total time for which application threads were stopped: 0.0040834 seconds, Stopping threads took: 0.0000193 seconds
87.027: [GC (Allocation Failure)  354172K->33780K(1034240K), 0.0039161 secs]
87.031: Total time for which application threads were stopped: 0.0041159 seconds, Stopping threads took: 0.0000265 seconds
87.099: [GC (Allocation Failure)  354292K->41686K(1034240K), 0.0037598 secs]
87.103: Total time for which application threads were stopped: 0.0039160 seconds, Stopping threads took: 0.0000187 seconds
87.171: [GC (Allocation Failure)  362198K->41718K(1034240K), 0.0040209 secs]
87.175: Total time for which application threads were stopped: 0.0041769 seconds, Stopping threads took: 0.0000191 seconds
87.243: [GC (Allocation Failure)  362230K->42046K(1033216K), 0.0040084 secs]
87.248: Total time for which application threads were stopped: 0.0041616 seconds, Stopping threads took: 0.0000183 seconds
87.315: [GC (Allocation Failure)  361534K->49728K(1033728K), 0.0038618 secs]
87.319: Total time for which application threads were stopped: 0.0040419 seconds, Stopping threads took: 0.0000287 seconds
87.385: [GC (Allocation Failure)  369216K->49728K(1033728K), 0.0036655 secs]
87.389: Total time for which application threads were stopped: 0.0038369 seconds, Stopping threads took: 0.0000288 seconds
87.455: [GC (Allocation Failure)  369216K->50272K(1033728K), 0.0039910 secs]
87.460: Total time for which application threads were stopped: 0.0042081 seconds, Stopping threads took: 0.0000210 seconds
87.526: [GC (Allocation Failure)  369760K->57795K(1033728K), 0.0038290 secs]
87.530: Total time for which application threads were stopped: 0.0040035 seconds, Stopping threads took: 0.0000264 seconds
87.597: [GC (Allocation Failure)  377283K->57795K(1033728K), 0.0035656 secs]
87.601: Total time for which application threads were stopped: 0.0037336 seconds, Stopping threads took: 0.0000195 seconds
87.668: [GC (Allocation Failure)  377283K->57987K(1033728K), 0.0041744 secs]
87.672: Total time for which application threads were stopped: 0.0043710 seconds, Stopping threads took: 0.0000205 seconds
87.739: [GC (Allocation Failure)  377475K->65797K(1033728K), 0.0039090 secs]
87.743: Total time for which application threads were stopped: 0.0040696 seconds, Stopping threads took: 0.0000193 seconds
87.811: [GC (Allocation Failure)  385285K->65797K(1033728K), 0.0038619 secs]
87.815: Total time for which application threads were stopped: 0.0040519 seconds, Stopping threads took: 0.0000194 seconds
87.881: [GC (Allocation Failure)  385285K->65949K(1033728K), 0.0041043 secs]
87.885: Total time for which application threads were stopped: 0.0042841 seconds, Stopping threads took: 0.0000170 seconds
87.954: [GC (Allocation Failure)  385437K->73855K(1032704K), 0.0040599 secs]
87.958: Total time for which application threads were stopped: 0.0042177 seconds, Stopping threads took: 0.0000170 seconds
88.025: [GC (Allocation Failure)  392319K->69885K(1033216K), 0.0024357 secs]
88.027: Total time for which application threads were stopped: 0.0025880 seconds, Stopping threads took: 0.0000261 seconds
88.095: [GC (Allocation Failure)  388349K->73983K(1034752K), 0.0040106 secs]
88.099: Total time for which application threads were stopped: 0.0042038 seconds, Stopping threads took: 0.0000200 seconds
88.168: [GC (Allocation Failure)  395007K->77951K(1034240K), 0.0039085 secs]
88.172: Total time for which application threads were stopped: 0.0041105 seconds, Stopping threads took: 0.0000304 seconds
88.240: [GC (Allocation Failure)  398975K->71197K(1034752K), 0.0011758 secs]
88.241: Total time for which application threads were stopped: 0.0013064 seconds, Stopping threads took: 0.0000194 seconds
88.310: [GC (Allocation Failure)  392733K->78023K(1034752K), 0.0039766 secs]
88.314: Total time for which application threads were stopped: 0.0041694 seconds, Stopping threads took: 0.0000189 seconds
88.382: [GC (Allocation Failure)  399559K->82127K(1034752K), 0.0049602 secs]
88.388: Total time for which application threads were stopped: 0.0051390 seconds, Stopping threads took: 0.0000168 seconds
88.455: [GC (Allocation Failure)  403663K->76589K(1034752K), 0.0016015 secs]
88.457: Total time for which application threads were stopped: 0.0017563 seconds, Stopping threads took: 0.0000196 seconds
88.526: [GC (Allocation Failure)  398125K->82399K(1035776K), 0.0040450 secs]
88.530: Total time for which application threads were stopped: 0.0042037 seconds, Stopping threads took: 0.0000195 seconds
88.598: [GC (Allocation Failure)  404959K->86207K(1034752K), 0.0040930 secs]
88.602: Total time for which application threads were stopped: 0.0042872 seconds, Stopping threads took: 0.0000196 seconds
88.670: [GC (Allocation Failure)  408695K->82365K(1035776K), 0.0024599 secs]
88.673: Total time for which application threads were stopped: 0.0026009 seconds, Stopping threads took: 0.0000162 seconds
88.741: [GC (Allocation Failure)  405437K->86407K(1035264K), 0.0040645 secs]
88.745: Total time for which application threads were stopped: 0.0042363 seconds, Stopping threads took: 0.0000200 seconds
88.813: [GC (Allocation Failure)  409479K->90407K(1035264K), 0.0039233 secs]
88.817: Total time for which application threads were stopped: 0.0040970 seconds, Stopping threads took: 0.0000214 seconds
88.886: [GC (Allocation Failure)  413991K->90375K(1035776K), 0.0037210 secs]
88.889: Total time for which application threads were stopped: 0.0038830 seconds, Stopping threads took: 0.0000205 seconds
88.956: [GC (Allocation Failure)  413959K->90439K(1034752K), 0.0041277 secs]
88.960: Total time for which application threads were stopped: 0.0043174 seconds, Stopping threads took: 0.0000190 seconds
89.029: [GC (Allocation Failure)  412999K->98409K(1035264K), 0.0037065 secs]
89.032: Total time for which application threads were stopped: 0.0038634 seconds, Stopping threads took: 0.0000197 seconds
89.100: [GC (Allocation Failure)  420969K->98409K(1034240K), 0.0038131 secs]
89.104: Total time for which application threads were stopped: 0.0039802 seconds, Stopping threads took: 0.0000188 seconds
89.169: [GC (Allocation Failure)  419945K->98473K(1034752K), 0.0040566 secs]
89.174: Total time for which application threads were stopped: 0.0042248 seconds, Stopping threads took: 0.0000200 seconds
89.242: [GC (Allocation Failure)  420009K->106476K(1034752K), 0.0038730 secs]
89.246: Total time for which application threads were stopped: 0.0040389 seconds, Stopping threads took: 0.0000193 seconds
89.314: [GC (Allocation Failure)  428012K->106444K(1029120K), 0.0036920 secs]
89.318: Total time for which application threads were stopped: 0.0038587 seconds, Stopping threads took: 0.0000196 seconds
89.384: [GC (Allocation Failure)  427980K->106692K(1034240K), 0.0040444 secs]
89.388: Total time for which application threads were stopped: 0.0042350 seconds, Stopping threads took: 0.0000192 seconds
89.455: [GC (Allocation Failure)  427204K->114502K(1034240K), 0.0039971 secs]
89.459: Total time for which application threads were stopped: 0.0041635 seconds, Stopping threads took: 0.0000191 seconds
89.527: [GC (Allocation Failure)  435014K->114470K(1034240K), 0.0037875 secs]
89.531: Total time for which application threads were stopped: 0.0039450 seconds, Stopping threads took: 0.0000256 seconds
89.598: [GC (Allocation Failure)  434982K->114886K(1020416K), 0.0045517 secs]
89.603: Total time for which application threads were stopped: 0.0047140 seconds, Stopping threads took: 0.0000193 seconds
89.670: [GC (Allocation Failure)  435398K->122504K(1033728K), 0.0037754 secs]
89.674: Total time for which application threads were stopped: 0.0039673 seconds, Stopping threads took: 0.0000195 seconds
89.743: [GC (Allocation Failure)  441992K->122536K(1033728K), 0.0038703 secs]
89.747: Total time for which application threads were stopped: 0.0040260 seconds, Stopping threads took: 0.0000168 seconds
89.812: [GC (Allocation Failure)  442024K->122632K(1033728K), 0.0040646 secs]
89.816: Total time for which application threads were stopped: 0.0042294 seconds, Stopping threads took: 0.0000196 seconds
89.883: [GC (Allocation Failure)  442120K->130538K(1033728K), 0.0040470 secs]
89.888: Total time for which application threads were stopped: 0.0042125 seconds, Stopping threads took: 0.0000189 seconds
89.955: [GC (Allocation Failure)  450026K->130570K(1033728K), 0.0038581 secs]
89.959: Total time for which application threads were stopped: 0.0040244 seconds, Stopping threads took: 0.0000187 seconds
90.027: [GC (Allocation Failure)  450058K->130602K(1033728K), 0.0043398 secs]
90.032: Total time for which application threads were stopped: 0.0045415 seconds, Stopping threads took: 0.0000272 seconds
90.100: [GC (Allocation Failure)  450090K->138605K(1032704K), 0.0041647 secs]
90.104: Total time for which application threads were stopped: 0.0043217 seconds, Stopping threads took: 0.0000170 seconds
90.170: [GC (Allocation Failure)  457069K->133034K(1033216K), 0.0018402 secs]
90.172: Total time for which application threads were stopped: 0.0019810 seconds, Stopping threads took: 0.0000192 seconds
90.240: [GC (Allocation Failure)  451498K->138821K(1034752K), 0.0041687 secs]
90.245: Total time for which application threads were stopped: 0.0043467 seconds, Stopping threads took: 0.0000194 seconds
90.315: [GC (Allocation Failure)  459333K->142709K(1033728K), 0.0043637 secs]
90.319: Total time for which application threads were stopped: 0.0045298 seconds, Stopping threads took: 0.0000192 seconds
90.386: [GC (Allocation Failure)  463221K->149602K(1029120K), 0.0070184 secs]
90.393: Total time for which application threads were stopped: 0.0072371 seconds, Stopping threads took: 0.0000187 seconds
90.462: [GC (Allocation Failure)  464994K->143493K(1031680K), 0.0042576 secs]
90.466: Total time for which application threads were stopped: 0.0044484 seconds, Stopping threads took: 0.0000193 seconds
90.533: [GC (Allocation Failure)  458885K->143333K(1032704K), 0.0039032 secs]
90.537: Total time for which application threads were stopped: 0.0040701 seconds, Stopping threads took: 0.0000194 seconds
90.601: [GC (Allocation Failure)  460261K->146725K(1032192K), 0.0048625 secs]
90.606: Total time for which application threads were stopped: 0.0050571 seconds, Stopping threads took: 0.0000192 seconds
90.675: [GC (Allocation Failure)  463653K->151495K(1033216K), 0.0040515 secs]
90.679: Total time for which application threads were stopped: 0.0042133 seconds, Stopping threads took: 0.0000194 seconds
90.749: [GC (Allocation Failure)  469447K->151367K(1032704K), 0.0039984 secs]
90.753: Total time for which application threads were stopped: 0.0041659 seconds, Stopping threads took: 0.0000193 seconds
90.819: [GC (Allocation Failure)  469319K->152423K(1033216K), 0.0042376 secs]
90.824: Total time for which application threads were stopped: 0.0044102 seconds, Stopping threads took: 0.0000204 seconds
90.891: [GC (Allocation Failure)  470887K->159401K(1033216K), 0.0054887 secs]
90.897: Total time for which application threads were stopped: 0.0056731 seconds, Stopping threads took: 0.0000210 seconds
90.965: [GC (Allocation Failure)  477865K->159401K(1033728K), 0.0041245 secs]
90.969: Total time for which application threads were stopped: 0.0043009 seconds, Stopping threads took: 0.0000190 seconds
91.036: [GC (Allocation Failure)  478377K->161065K(1033216K), 0.0044996 secs]
91.041: Total time for which application threads were stopped: 0.0046679 seconds, Stopping threads took: 0.0000195 seconds
91.108: [GC (Allocation Failure)  480041K->167500K(1033728K), 0.0043293 secs]
91.112: Total time for which application threads were stopped: 0.0044873 seconds, Stopping threads took: 0.0000195 seconds
91.181: [GC (Allocation Failure)  486988K->167436K(1033728K), 0.0041108 secs]
91.185: Total time for which application threads were stopped: 0.0042910 seconds, Stopping threads took: 0.0000198 seconds
91.252: [GC (Allocation Failure)  486924K->167788K(1033728K), 0.0042262 secs]
91.256: Total time for which application threads were stopped: 0.0043994 seconds, Stopping threads took: 0.0000185 seconds
91.323: [GC (Allocation Failure)  487276K->175470K(1033728K), 0.0042889 secs]
91.328: Total time for which application threads were stopped: 0.0044583 seconds, Stopping threads took: 0.0000196 seconds
91.396: [GC (Allocation Failure)  494958K->175438K(1033728K), 0.0040259 secs]
91.400: Total time for which application threads were stopped: 0.0041891 seconds, Stopping threads took: 0.0000202 seconds
91.466: [GC (Allocation Failure)  494926K->179086K(1033728K), 0.0050644 secs]
91.471: Total time for which application threads were stopped: 0.0052369 seconds, Stopping threads took: 0.0000200 seconds
91.542: [GC (Allocation Failure)  498574K->183568K(1034240K), 0.0040676 secs]
91.546: Total time for which application threads were stopped: 0.0042679 seconds, Stopping threads took: 0.0000278 seconds
91.615: [GC (Allocation Failure)  504080K->183504K(1034240K), 0.0040130 secs]
91.619: Total time for which application threads were stopped: 0.0041777 seconds, Stopping threads took: 0.0000186 seconds
91.685: [GC (Allocation Failure)  504016K->184232K(1034240K), 0.0043656 secs]
91.690: Total time for which application threads were stopped: 0.0045316 seconds, Stopping threads took: 0.0000181 seconds
91.759: [GC (Allocation Failure)  504744K->191530K(1034240K), 0.0039776 secs]
91.763: Total time for which application threads were stopped: 0.0041696 seconds, Stopping threads took: 0.0000195 seconds
91.832: [GC (Allocation Failure)  512042K->191530K(1034240K), 0.0039278 secs]
91.836: Total time for which application threads were stopped: 0.0040832 seconds, Stopping threads took: 0.0000166 seconds
91.903: [GC (Allocation Failure)  512042K->192482K(1034240K), 0.0046197 secs]
91.908: Total time for which application threads were stopped: 0.0047806 seconds, Stopping threads took: 0.0000199 seconds
91.976: [GC (Allocation Failure)  512994K->199557K(1034240K), 0.0042003 secs]
91.981: Total time for which application threads were stopped: 0.0043930 seconds, Stopping threads took: 0.0000196 seconds
92.049: [GC (Allocation Failure)  520069K->199525K(1034240K), 0.0047169 secs]
92.054: Total time for which application threads were stopped: 0.0048862 seconds, Stopping threads took: 0.0000263 seconds
92.121: [GC (Allocation Failure)  520037K->200717K(1034240K), 0.0045212 secs]
92.126: Total time for which application threads were stopped: 0.0046974 seconds, Stopping threads took: 0.0000211 seconds
92.195: [GC (Allocation Failure)  521229K->207631K(1034240K), 0.0040836 secs]
92.199: Total time for which application threads were stopped: 0.0042348 seconds, Stopping threads took: 0.0000242 seconds
92.268: [GC (Allocation Failure)  528143K->207599K(1034240K), 0.0040586 secs]
92.272: Total time for which application threads were stopped: 0.0042310 seconds, Stopping threads took: 0.0000194 seconds
92.340: [GC (Allocation Failure)  528111K->207927K(1020416K), 0.0043814 secs]
92.345: Total time for which application threads were stopped: 0.0045466 seconds, Stopping threads took: 0.0000216 seconds
92.414: [GC (Allocation Failure)  528439K->215705K(1033728K), 0.0042193 secs]
92.419: Total time for which application threads were stopped: 0.0043777 seconds, Stopping threads took: 0.0000193 seconds
92.487: [GC (Allocation Failure)  535193K->215641K(1033728K), 0.0040801 secs]
92.491: Total time for which application threads were stopped: 0.0042488 seconds, Stopping threads took: 0.0000279 seconds
92.558: [GC (Allocation Failure)  535129K->216161K(1033728K), 0.0041930 secs]
92.562: Total time for which application threads were stopped: 0.0043714 seconds, Stopping threads took: 0.0000275 seconds
92.630: [GC (Allocation Failure)  535649K->223715K(1033728K), 0.0042749 secs]
92.634: Total time for which application threads were stopped: 0.0044344 seconds, Stopping threads took: 0.0000197 seconds
92.701: [GC (Allocation Failure)  543203K->223715K(1033728K), 0.0041973 secs]
92.705: Total time for which application threads were stopped: 0.0043893 seconds, Stopping threads took: 0.0000195 seconds
92.773: [GC (Allocation Failure)  543203K->224459K(1033728K), 0.0045808 secs]
92.778: Total time for which application threads were stopped: 0.0047621 seconds, Stopping threads took: 0.0000167 seconds
92.847: [GC (Allocation Failure)  543947K->231726K(1033728K), 0.0041893 secs]
92.851: Total time for which application threads were stopped: 0.0043525 seconds, Stopping threads took: 0.0000196 seconds
92.918: [GC (Allocation Failure)  551214K->231726K(1033728K), 0.0040986 secs]
92.922: Total time for which application threads were stopped: 0.0042745 seconds, Stopping threads took: 0.0000199 seconds
92.990: [GC (Allocation Failure)  551214K->233742K(1033728K), 0.0045210 secs]
92.995: Total time for which application threads were stopped: 0.0046871 seconds, Stopping threads took: 0.0000263 seconds
93.062: [GC (Allocation Failure)  553230K->239792K(1033728K), 0.0040356 secs]
93.066: Total time for which application threads were stopped: 0.0042111 seconds, Stopping threads took: 0.0000256 seconds
93.135: [GC (Allocation Failure)  559280K->239760K(1033728K), 0.0043013 secs]
93.140: Total time for which application threads were stopped: 0.0044711 seconds, Stopping threads took: 0.0000201 seconds
93.208: [GC (Allocation Failure)  559248K->240920K(1033728K), 0.0056904 secs]
93.214: Total time for which application threads were stopped: 0.0059097 seconds, Stopping threads took: 0.0000281 seconds
93.281: [GC (Allocation Failure)  560408K->247802K(1033728K), 0.0042193 secs]
93.286: Total time for which application threads were stopped: 0.0043886 seconds, Stopping threads took: 0.0000201 seconds
93.353: [GC (Allocation Failure)  567290K->247802K(1033728K), 0.0043380 secs]
93.357: Total time for which application threads were stopped: 0.0045106 seconds, Stopping threads took: 0.0000194 seconds
93.424: [GC (Allocation Failure)  567290K->248162K(1033728K), 0.0045063 secs]
93.428: Total time for which application threads were stopped: 0.0046985 seconds, Stopping threads took: 0.0000196 seconds
93.496: [GC (Allocation Failure)  567650K->255844K(1033728K), 0.0042382 secs]
93.500: Total time for which application threads were stopped: 0.0044781 seconds, Stopping threads took: 0.0000195 seconds
93.568: [GC (Allocation Failure)  575332K->255812K(1033728K), 0.0047489 secs]
93.572: Total time for which application threads were stopped: 0.0049375 seconds, Stopping threads took: 0.0000197 seconds
93.641: [GC (Allocation Failure)  575300K->256388K(1033728K), 0.0045708 secs]
93.645: Total time for which application threads were stopped: 0.0047322 seconds, Stopping threads took: 0.0000200 seconds
93.713: [GC (Allocation Failure)  575876K->263943K(1033728K), 0.0041747 secs]
93.717: Total time for which application threads were stopped: 0.0043358 seconds, Stopping threads took: 0.0000200 seconds
93.784: [GC (Allocation Failure)  583431K->263911K(1033728K), 0.0042082 secs]
93.789: Total time for which application threads were stopped: 0.0044013 seconds, Stopping threads took: 0.0000202 seconds
93.856: [GC (Allocation Failure)  583399K->264583K(1033728K), 0.0044768 secs]
93.861: Total time for which application threads were stopped: 0.0046453 seconds, Stopping threads took: 0.0000198 seconds
93.928: [GC (Allocation Failure)  584071K->271945K(1033728K), 0.0041958 secs]
93.932: Total time for which application threads were stopped: 0.0043926 seconds, Stopping threads took: 0.0000201 seconds
93.999: [GC (Allocation Failure)  591433K->271945K(1033728K), 0.0041924 secs]
94.003: Total time for which application threads were stopped: 0.0043970 seconds, Stopping threads took: 0.0000196 seconds
94.071: [GC (Allocation Failure)  591433K->272873K(1033728K), 0.0044452 secs]
94.075: Total time for which application threads were stopped: 0.0045950 seconds, Stopping threads took: 0.0000165 seconds
94.145: [GC (Allocation Failure)  592361K->279947K(1033728K), 0.0050377 secs]
94.150: Total time for which application threads were stopped: 0.0051967 seconds, Stopping threads took: 0.0000193 seconds
94.218: [GC (Allocation Failure)  599435K->279979K(1033728K), 0.0040194 secs]
94.222: Total time for which application threads were stopped: 0.0041966 seconds, Stopping threads took: 0.0000133 seconds
94.290: [GC (Allocation Failure)  599467K->280035K(1033728K), 0.0045611 secs]
94.294: Total time for which application threads were stopped: 0.0047177 seconds, Stopping threads took: 0.0000168 seconds
94.362: [GC (Allocation Failure)  599523K->287974K(1027072K), 0.0042022 secs]
94.366: Total time for which application threads were stopped: 0.0043912 seconds, Stopping threads took: 0.0000201 seconds
94.435: [GC (Allocation Failure)  607462K->288006K(1033216K), 0.0042594 secs]
94.439: Total time for which application threads were stopped: 0.0044338 seconds, Stopping threads took: 0.0000260 seconds
94.506: [GC (Allocation Failure)  606470K->288262K(1033216K), 0.0044383 secs]
94.511: Total time for which application threads were stopped: 0.0046196 seconds, Stopping threads took: 0.0000275 seconds
94.578: [GC (Allocation Failure)  606726K->296008K(1033216K), 0.0042597 secs]
94.583: Total time for which application threads were stopped: 0.0044531 seconds, Stopping threads took: 0.0000249 seconds
94.650: [GC (Allocation Failure)  614472K->295976K(1033216K), 0.0042325 secs]
94.655: Total time for which application threads were stopped: 0.0044130 seconds, Stopping threads took: 0.0000170 seconds
94.721: [GC (Allocation Failure)  614440K->296520K(1033216K), 0.0043874 secs]
94.725: Total time for which application threads were stopped: 0.0045569 seconds, Stopping threads took: 0.0000189 seconds
94.793: [GC (Allocation Failure)  614984K->304042K(1033216K), 0.0063903 secs]
94.799: Total time for which application threads were stopped: 0.0065492 seconds, Stopping threads took: 0.0000195 seconds
94.867: [GC (Allocation Failure)  622506K->304042K(1033216K), 0.0043765 secs]
94.871: Total time for which application threads were stopped: 0.0045641 seconds, Stopping threads took: 0.0000187 seconds
94.938: [GC (Allocation Failure)  622506K->304258K(1033216K), 0.0048715 secs]
94.943: Total time for which application threads were stopped: 0.0050214 seconds, Stopping threads took: 0.0000168 seconds
95.009: [GC (Allocation Failure)  622722K->312068K(1033216K), 0.0042639 secs]
95.013: Total time for which application threads were stopped: 0.0044379 seconds, Stopping threads took: 0.0000198 seconds
95.079: [GC (Allocation Failure)  630532K->312068K(1033216K), 0.0041738 secs]
95.083: Total time for which application threads were stopped: 0.0043713 seconds, Stopping threads took: 0.0000211 seconds
95.151: [GC (Allocation Failure)  630532K->312228K(1033216K), 0.0046073 secs]
95.155: Total time for which application threads were stopped: 0.0047771 seconds, Stopping threads took: 0.0000194 seconds
95.223: [GC (Allocation Failure)  630692K->320135K(1033216K), 0.0045892 secs]
95.228: Total time for which application threads were stopped: 0.0047574 seconds, Stopping threads took: 0.0000194 seconds
95.293: [GC (Allocation Failure)  638599K->320135K(1033216K), 0.0043850 secs]
95.297: Total time for which application threads were stopped: 0.0045399 seconds, Stopping threads took: 0.0000186 seconds
95.364: [GC (Allocation Failure)  638599K->320167K(1033216K), 0.0043283 secs]
95.368: Total time for which application threads were stopped: 0.0045142 seconds, Stopping threads took: 0.0000193 seconds
95.436: [GC (Allocation Failure)  638631K->328137K(1033216K), 0.0043006 secs]
95.440: Total time for which application threads were stopped: 0.0044763 seconds, Stopping threads took: 0.0000194 seconds
95.506: [GC (Allocation Failure)  646601K->328105K(1033216K), 0.0041983 secs]
95.511: Total time for which application threads were stopped: 0.0043653 seconds, Stopping threads took: 0.0000278 seconds
95.576: [GC (Allocation Failure)  646569K->328425K(1033216K), 0.0044909 secs]
95.580: Total time for which application threads were stopped: 0.0046659 seconds, Stopping threads took: 0.0000192 seconds
95.647: [GC (Allocation Failure)  646889K->336139K(1033216K), 0.0042697 secs]
95.652: Total time for which application threads were stopped: 0.0044448 seconds, Stopping threads took: 0.0000208 seconds
95.719: [GC (Allocation Failure)  654603K->336171K(1033216K), 0.0043927 secs]
95.723: Total time for which application threads were stopped: 0.0045674 seconds, Stopping threads took: 0.0000215 seconds
95.788: [GC (Allocation Failure)  654635K->336427K(1033216K), 0.0047602 secs]
95.793: Total time for which application threads were stopped: 0.0049226 seconds, Stopping threads took: 0.0000197 seconds
95.858: [GC (Allocation Failure)  654891K->344237K(1033216K), 0.0044848 secs]
95.862: Total time for which application threads were stopped: 0.0046465 seconds, Stopping threads took: 0.0000197 seconds
95.927: [GC (Allocation Failure)  662701K->340267K(1033216K), 0.0033553 secs]
95.930: Total time for which application threads were stopped: 0.0035144 seconds, Stopping threads took: 0.0000195 seconds
95.997: [GC (Allocation Failure)  658731K->344357K(1034752K), 0.0045550 secs]
96.002: Total time for which application threads were stopped: 0.0047226 seconds, Stopping threads took: 0.0000256 seconds
96.069: [GC (Allocation Failure)  664869K->348325K(1033728K), 0.0042739 secs]
96.074: Total time for which application threads were stopped: 0.0044357 seconds, Stopping threads took: 0.0000246 seconds
96.143: [GC (Allocation Failure)  668837K->340483K(1034240K), 0.0012958 secs]
96.144: Total time for which application threads were stopped: 0.0014380 seconds, Stopping threads took: 0.0000273 seconds
96.214: [GC (Allocation Failure)  660995K->348421K(1034240K), 0.0041261 secs]
96.218: Total time for which application threads were stopped: 0.0042889 seconds, Stopping threads took: 0.0000141 seconds
96.287: [GC (Allocation Failure)  668933K->352461K(1033216K), 0.0059067 secs]
96.293: Total time for which application threads were stopped: 0.0060558 seconds, Stopping threads took: 0.0000174 seconds
96.361: [GC (Allocation Failure)  671949K->358155K(1032704K), 0.0069560 secs]
96.368: Total time for which application threads were stopped: 0.0071122 seconds, Stopping threads took: 0.0000190 seconds
96.435: [GC (Allocation Failure)  677643K->352685K(1031680K), 0.0044699 secs]
96.439: Total time for which application threads were stopped: 0.0046400 seconds, Stopping threads took: 0.0000195 seconds
96.507: [GC (Allocation Failure)  669101K->352461K(1032192K), 0.0042510 secs]
96.512: Total time for which application threads were stopped: 0.0044185 seconds, Stopping threads took: 0.0000259 seconds
96.576: [GC (Allocation Failure)  668877K->347115K(1032704K), 0.0020999 secs]
96.578: Total time for which application threads were stopped: 0.0022692 seconds, Stopping threads took: 0.0000270 seconds
96.647: [GC (Allocation Failure)  664555K->352621K(1032704K), 0.0042696 secs]
96.651: Total time for which application threads were stopped: 0.0044276 seconds, Stopping threads took: 0.0000173 seconds
96.718: [GC (Allocation Failure)  670061K->352461K(1033216K), 0.0045424 secs]
96.722: Total time for which application threads were stopped: 0.0047244 seconds, Stopping threads took: 0.0000197 seconds
96.787: [GC (Allocation Failure)  670925K->353325K(1033216K), 0.0048331 secs]
96.792: Total time for which application threads were stopped: 0.0050010 seconds, Stopping threads took: 0.0000195 seconds
96.857: [GC (Allocation Failure)  671789K->360496K(1033216K), 0.0046300 secs]
96.862: Total time for which application threads were stopped: 0.0047988 seconds, Stopping threads took: 0.0000197 seconds
96.927: [GC (Allocation Failure)  678960K->360528K(1033216K), 0.0044553 secs]
96.932: Total time for which application threads were stopped: 0.0046203 seconds, Stopping threads took: 0.0000200 seconds
96.996: [GC (Allocation Failure)  678992K->361544K(1032704K), 0.0043823 secs]
97.001: Total time for which application threads were stopped: 0.0045545 seconds, Stopping threads took: 0.0000252 seconds
97.068: [GC (Allocation Failure)  680008K->368618K(1033216K), 0.0047036 secs]
97.073: Total time for which application threads were stopped: 0.0048999 seconds, Stopping threads took: 0.0000207 seconds
97.140: [GC (Allocation Failure)  687082K->368490K(1033728K), 0.0051355 secs]
97.145: Total time for which application threads were stopped: 0.0053315 seconds, Stopping threads took: 0.0000194 seconds
97.213: [GC (Allocation Failure)  687978K->370794K(1033728K), 0.0063947 secs]
97.219: Total time for which application threads were stopped: 0.0066086 seconds, Stopping threads took: 0.0000271 seconds
97.290: [GC (Allocation Failure)  690282K->376588K(1033728K), 0.0041575 secs]
97.294: Total time for which application threads were stopped: 0.0043276 seconds, Stopping threads took: 0.0000172 seconds
97.361: [GC (Allocation Failure)  696076K->376556K(1033728K), 0.0044318 secs]
97.366: Total time for which application threads were stopped: 0.0045921 seconds, Stopping threads took: 0.0000192 seconds
97.433: [GC (Allocation Failure)  696044K->377996K(1033216K), 0.0048008 secs]
97.438: Total time for which application threads were stopped: 0.0049949 seconds, Stopping threads took: 0.0000200 seconds
97.507: [GC (Allocation Failure)  697484K->384622K(1033728K), 0.0045072 secs]
97.512: Total time for which application threads were stopped: 0.0046756 seconds, Stopping threads took: 0.0000276 seconds
97.578: [GC (Allocation Failure)  704110K->384622K(1034240K), 0.0044621 secs]
97.583: Total time for which application threads were stopped: 0.0046376 seconds, Stopping threads took: 0.0000200 seconds
97.649: [GC (Allocation Failure)  705134K->386246K(1034240K), 0.0047463 secs]
97.654: Total time for which application threads were stopped: 0.0049400 seconds, Stopping threads took: 0.0000190 seconds
97.723: [GC (Allocation Failure)  706758K->392649K(1034240K), 0.0044484 secs]
97.728: Total time for which application threads were stopped: 0.0046295 seconds, Stopping threads took: 0.0000175 seconds
97.797: [GC (Allocation Failure)  713161K->392617K(1034240K), 0.0042457 secs]
97.801: Total time for which application threads were stopped: 0.0044393 seconds, Stopping threads took: 0.0000194 seconds
97.870: [GC (Allocation Failure)  713129K->392681K(1033216K), 0.0045463 secs]
97.875: Total time for which application threads were stopped: 0.0048562 seconds, Stopping threads took: 0.0000189 seconds
97.941: [GC (Allocation Failure)  712169K->400747K(1033728K), 0.0045348 secs]
97.946: Total time for which application threads were stopped: 0.0047173 seconds, Stopping threads took: 0.0000199 seconds
98.013: [GC (Allocation Failure)  720235K->400651K(1033728K), 0.0044219 secs]
98.017: Total time for which application threads were stopped: 0.0045940 seconds, Stopping threads took: 0.0000258 seconds
98.083: [GC (Allocation Failure)  720139K->401707K(1033728K), 0.0046233 secs]
98.088: Total time for which application threads were stopped: 0.0047964 seconds, Stopping threads took: 0.0000194 seconds
98.156: [GC (Allocation Failure)  721195K->408749K(1033728K), 0.0045573 secs]
98.161: Total time for which application threads were stopped: 0.0047172 seconds, Stopping threads took: 0.0000172 seconds
98.231: [GC (Allocation Failure)  728237K->408685K(1033728K), 0.0044759 secs]
98.236: Total time for which application threads were stopped: 0.0046443 seconds, Stopping threads took: 0.0000196 seconds
98.302: [GC (Allocation Failure)  728173K->408909K(1033728K), 0.0048051 secs]
98.307: Total time for which application threads were stopped: 0.0049788 seconds, Stopping threads took: 0.0000193 seconds
98.374: [GC (Allocation Failure)  728397K->416815K(1033728K), 0.0044598 secs]
98.379: Total time for which application threads were stopped: 0.0046510 seconds, Stopping threads took: 0.0000191 seconds
98.448: [GC (Allocation Failure)  736303K->416719K(1033728K), 0.0044553 secs]
98.453: Total time for which application threads were stopped: 0.0046183 seconds, Stopping threads took: 0.0000169 seconds
98.521: [GC (Allocation Failure)  736207K->418159K(1033728K), 0.0044516 secs]
98.525: Total time for which application threads were stopped: 0.0046193 seconds, Stopping threads took: 0.0000262 seconds
98.592: [GC (Allocation Failure)  737647K->424786K(1033728K), 0.0045785 secs]
98.597: Total time for which application threads were stopped: 0.0047464 seconds, Stopping threads took: 0.0000197 seconds
98.664: [GC (Allocation Failure)  744274K->424786K(1033728K), 0.0045038 secs]
98.669: Total time for which application threads were stopped: 0.0046602 seconds, Stopping threads took: 0.0000191 seconds
98.736: [GC (Allocation Failure)  744274K->425386K(1033728K), 0.0049759 secs]
98.742: Total time for which application threads were stopped: 0.0051340 seconds, Stopping threads took: 0.0000189 seconds
98.810: [GC (Allocation Failure)  744874K->432812K(1033728K), 0.0066565 secs]
98.817: Total time for which application threads were stopped: 0.0068233 seconds, Stopping threads took: 0.0000197 seconds
98.885: [GC (Allocation Failure)  752300K->432812K(1033728K), 0.0045532 secs]
98.889: Total time for which application threads were stopped: 0.0047118 seconds, Stopping threads took: 0.0000193 seconds
98.955: [GC (Allocation Failure)  752300K->432836K(1033728K), 0.0047292 secs]
98.960: Total time for which application threads were stopped: 0.0048884 seconds, Stopping threads took: 0.0000192 seconds
99.027: [GC (Allocation Failure)  752324K->440838K(1033728K), 0.0044264 secs]
99.032: Total time for which application threads were stopped: 0.0046076 seconds, Stopping threads took: 0.0000259 seconds
99.101: [GC (Allocation Failure)  760326K->440806K(1033728K), 0.0045916 secs]
99.105: Total time for which application threads were stopped: 0.0047608 seconds, Stopping threads took: 0.0000193 seconds
99.171: [GC (Allocation Failure)  760294K->441830K(1033728K), 0.0061794 secs]
99.178: Total time for which application threads were stopped: 0.0063507 seconds, Stopping threads took: 0.0000190 seconds
99.246: [GC (Allocation Failure)  761318K->448937K(1033728K), 0.0047942 secs]
99.251: Total time for which application threads were stopped: 0.0049571 seconds, Stopping threads took: 0.0000191 seconds
99.317: [GC (Allocation Failure)  768425K->448841K(1033728K), 0.0046182 secs]
99.322: Total time for which application threads were stopped: 0.0047971 seconds, Stopping threads took: 0.0000198 seconds
99.388: [GC (Allocation Failure)  768329K->448969K(1019392K), 0.0045004 secs]
99.393: Total time for which application threads were stopped: 0.0046563 seconds, Stopping threads took: 0.0000188 seconds
99.462: [GC (Allocation Failure)  768457K->456907K(1033216K), 0.0043965 secs]
99.467: Total time for which application threads were stopped: 0.0045548 seconds, Stopping threads took: 0.0000196 seconds
99.533: [GC (Allocation Failure)  775371K->456875K(1033216K), 0.0045177 secs]
99.537: Total time for which application threads were stopped: 0.0046766 seconds, Stopping threads took: 0.0000253 seconds
99.604: [GC (Allocation Failure)  775339K->457227K(1033216K), 0.0047928 secs]
99.609: Total time for which application threads were stopped: 0.0049420 seconds, Stopping threads took: 0.0000164 seconds
99.676: [GC (Allocation Failure)  775691K->464909K(1033216K), 0.0046028 secs]
99.681: Total time for which application threads were stopped: 0.0048042 seconds, Stopping threads took: 0.0000216 seconds
99.749: [GC (Allocation Failure)  783373K->464941K(1033216K), 0.0044609 secs]
99.754: Total time for which application threads were stopped: 0.0046264 seconds, Stopping threads took: 0.0000201 seconds
99.820: [GC (Allocation Failure)  783405K->465413K(1033216K), 0.0047391 secs]
99.825: Total time for which application threads were stopped: 0.0048997 seconds, Stopping threads took: 0.0000194 seconds
99.893: [GC (Allocation Failure)  783877K->472999K(1033216K), 0.0045170 secs]
99.897: Total time for which application threads were stopped: 0.0046726 seconds, Stopping threads took: 0.0000193 seconds
99.964: [GC (Allocation Failure)  791463K->472935K(1033216K), 0.0052503 secs]
99.969: Total time for which application threads were stopped: 0.0054097 seconds, Stopping threads took: 0.0000200 seconds
100.036: [GC (Allocation Failure)  791399K->473639K(1033216K), 0.0046087 secs]
100.041: Total time for which application threads were stopped: 0.0048148 seconds, Stopping threads took: 0.0000195 seconds
100.108: [GC (Allocation Failure)  792103K->480970K(1033216K), 0.0046714 secs]
100.113: Total time for which application threads were stopped: 0.0048665 seconds, Stopping threads took: 0.0000196 seconds
100.181: [GC (Allocation Failure)  799434K->481002K(1033216K), 0.0046422 secs]
100.185: Total time for which application threads were stopped: 0.0048236 seconds, Stopping threads took: 0.0000170 seconds
100.252: [GC (Allocation Failure)  799466K->481122K(1033216K), 0.0046674 secs]
100.257: Total time for which application threads were stopped: 0.0048359 seconds, Stopping threads took: 0.0000194 seconds
100.324: [GC (Allocation Failure)  799586K->489028K(1033216K), 0.0048003 secs]
100.328: Total time for which application threads were stopped: 0.0049743 seconds, Stopping threads took: 0.0000210 seconds
100.397: [GC (Allocation Failure)  807492K->488996K(1033216K), 0.0046733 secs]
100.402: Total time for which application threads were stopped: 0.0048524 seconds, Stopping threads took: 0.0000202 seconds
100.468: [GC (Allocation Failure)  807460K->489092K(1033216K), 0.0049083 secs]
100.473: Total time for which application threads were stopped: 0.0050863 seconds, Stopping threads took: 0.0000196 seconds
100.541: [GC (Allocation Failure)  807556K->497030K(1033216K), 0.0047321 secs]
100.545: Total time for which application threads were stopped: 0.0049030 seconds, Stopping threads took: 0.0000194 seconds
100.611: [GC (Allocation Failure)  815494K->497030K(1033216K), 0.0047506 secs]
100.616: Total time for which application threads were stopped: 0.0049296 seconds, Stopping threads took: 0.0000269 seconds
100.684: [GC (Allocation Failure)  815494K->497342K(1033216K), 0.0048772 secs]
100.689: Total time for which application threads were stopped: 0.0050685 seconds, Stopping threads took: 0.0000189 seconds
100.756: [GC (Allocation Failure)  815806K->505056K(1033216K), 0.0048773 secs]
100.761: Total time for which application threads were stopped: 0.0050282 seconds, Stopping threads took: 0.0000168 seconds
100.828: [GC (Allocation Failure)  823520K->505088K(1033216K), 0.0045412 secs]
100.833: Total time for which application threads were stopped: 0.0047546 seconds, Stopping threads took: 0.0000195 seconds
100.899: [GC (Allocation Failure)  823552K->505576K(1033216K), 0.0049221 secs]
100.904: Total time for which application threads were stopped: 0.0050850 seconds, Stopping threads took: 0.0000196 seconds
100.971: [GC (Allocation Failure)  824040K->513131K(1033216K), 0.0045317 secs]
100.976: Total time for which application threads were stopped: 0.0046929 seconds, Stopping threads took: 0.0000203 seconds
101.041: [GC (Allocation Failure)  831595K->513067K(1033216K), 0.0044932 secs]
101.046: Total time for which application threads were stopped: 0.0046836 seconds, Stopping threads took: 0.0000283 seconds
101.112: [GC (Allocation Failure)  831531K->513283K(1033216K), 0.0049137 secs]
101.117: Total time for which application threads were stopped: 0.0050621 seconds, Stopping threads took: 0.0000168 seconds
101.183: [GC (Allocation Failure)  831747K->521093K(1033216K), 0.0069030 secs]
101.190: Total time for which application threads were stopped: 0.0070895 seconds, Stopping threads took: 0.0000206 seconds
101.259: [GC (Allocation Failure)  839557K->521125K(1033216K), 0.0044058 secs]
101.263: Total time for which application threads were stopped: 0.0045808 seconds, Stopping threads took: 0.0000205 seconds
101.329: [GC (Allocation Failure)  839589K->521285K(1033216K), 0.0048255 secs]
101.334: Total time for which application threads were stopped: 0.0049969 seconds, Stopping threads took: 0.0000197 seconds
101.401: [GC (Allocation Failure)  839749K->529159K(1033216K), 0.0047179 secs]
101.405: Total time for which application threads were stopped: 0.0049138 seconds, Stopping threads took: 0.0000200 seconds
101.472: [GC (Allocation Failure)  847623K->521605K(1033216K), 0.0016261 secs]
101.473: Total time for which application threads were stopped: 0.0017583 seconds, Stopping threads took: 0.0000189 seconds
101.541: [GC (Allocation Failure)  840069K->529263K(1033216K), 0.0047909 secs]
101.546: Total time for which application threads were stopped: 0.0049610 seconds, Stopping threads took: 0.0000264 seconds
101.611: [GC (Allocation Failure)  847727K->533311K(1033216K), 0.0061552 secs]
101.617: Total time for which application threads were stopped: 0.0063516 seconds, Stopping threads took: 0.0000210 seconds
101.683: [GC (Allocation Failure)  851775K->534141K(1027072K), 0.0052035 secs]
101.688: Total time for which application threads were stopped: 0.0053729 seconds, Stopping threads took: 0.0000191 seconds
101.756: [GC (Allocation Failure)  852605K->533535K(1032704K), 0.0047589 secs]
101.761: Total time for which application threads were stopped: 0.0049368 seconds, Stopping threads took: 0.0000190 seconds
101.828: [GC (Allocation Failure)  850975K->533279K(1032704K), 0.0046353 secs]
101.833: Total time for which application threads were stopped: 0.0047946 seconds, Stopping threads took: 0.0000200 seconds
101.901: [GC (Allocation Failure)  850719K->536263K(1033728K), 0.0052124 secs]
101.906: Total time for which application threads were stopped: 0.0053801 seconds, Stopping threads took: 0.0000192 seconds
101.974: [GC (Allocation Failure)  855239K->541417K(1033216K), 0.0047678 secs]
101.979: Total time for which application threads were stopped: 0.0049364 seconds, Stopping threads took: 0.0000191 seconds
102.047: [GC (Allocation Failure)  860393K->541353K(1033728K), 0.0045883 secs]
102.051: Total time for which application threads were stopped: 0.0047558 seconds, Stopping threads took: 0.0000280 seconds
102.118: [GC (Allocation Failure)  860841K->542473K(1033728K), 0.0050356 secs]
102.123: Total time for which application threads were stopped: 0.0052156 seconds, Stopping threads took: 0.0000196 seconds
102.192: [GC (Allocation Failure)  861961K->549420K(1033728K), 0.0057646 secs]
102.198: Total time for which application threads were stopped: 0.0059386 seconds, Stopping threads took: 0.0000257 seconds
102.266: [GC (Allocation Failure)  868908K->549388K(1033728K), 0.0046368 secs]
102.271: Total time for which application threads were stopped: 0.0048081 seconds, Stopping threads took: 0.0000200 seconds
102.336: [GC (Allocation Failure)  868876K->549676K(1033728K), 0.0048948 secs]
102.341: Total time for which application threads were stopped: 0.0050641 seconds, Stopping threads took: 0.0000194 seconds
102.409: [GC (Allocation Failure)  869164K->557518K(1033728K), 0.0047345 secs]
102.413: Total time for which application threads were stopped: 0.0049047 seconds, Stopping threads took: 0.0000200 seconds
102.480: [GC (Allocation Failure)  877006K->557454K(1033728K), 0.0047367 secs]
102.485: Total time for which application threads were stopped: 0.0049020 seconds, Stopping threads took: 0.0000207 seconds
102.552: [GC (Allocation Failure)  876942K->561014K(1033728K), 0.0057186 secs]
102.557: Total time for which application threads were stopped: 0.0058968 seconds, Stopping threads took: 0.0000281 seconds
102.625: [GC (Allocation Failure)  880502K->565496K(1034240K), 0.0044362 secs]
102.630: Total time for which application threads were stopped: 0.0046021 seconds, Stopping threads took: 0.0000195 seconds
102.695: [GC (Allocation Failure)  886008K->565464K(1034240K), 0.0046491 secs]
102.700: Total time for which application threads were stopped: 0.0048060 seconds, Stopping threads took: 0.0000190 seconds
102.767: [GC (Allocation Failure)  885976K->566168K(1034240K), 0.0047578 secs]
102.771: Total time for which application threads were stopped: 0.0049517 seconds, Stopping threads took: 0.0000189 seconds
102.840: [GC (Allocation Failure)  886680K->573531K(1034240K), 0.0046439 secs]
102.845: Total time for which application threads were stopped: 0.0047928 seconds, Stopping threads took: 0.0000171 seconds
102.913: [GC (Allocation Failure)  894043K->573531K(1034240K), 0.0046472 secs]
102.917: Total time for which application threads were stopped: 0.0048416 seconds, Stopping threads took: 0.0000192 seconds
102.986: [GC (Allocation Failure)  894043K->576451K(1034240K), 0.0055684 secs]
102.992: Total time for which application threads were stopped: 0.0057259 seconds, Stopping threads took: 0.0000159 seconds
103.060: [GC (Allocation Failure)  896963K->581605K(1034240K), 0.0047333 secs]
103.065: Total time for which application threads were stopped: 0.0049089 seconds, Stopping threads took: 0.0000263 seconds
103.133: [GC (Allocation Failure)  902117K->581541K(1034240K), 0.0048367 secs]
103.138: Total time for which application threads were stopped: 0.0050420 seconds, Stopping threads took: 0.0000193 seconds
103.206: [GC (Allocation Failure)  902053K->582621K(1034240K), 0.0061525 secs]
103.212: Total time for which application threads were stopped: 0.0063315 seconds, Stopping threads took: 0.0000277 seconds
103.281: [GC (Allocation Failure)  903133K->589663K(1034240K), 0.0049627 secs]
103.286: Total time for which application threads were stopped: 0.0051315 seconds, Stopping threads took: 0.0000188 seconds
103.354: [GC (Allocation Failure)  910175K->589567K(1034240K), 0.0047920 secs]
103.359: Total time for which application threads were stopped: 0.0049649 seconds, Stopping threads took: 0.0000203 seconds
103.426: [GC (Allocation Failure)  910079K->592935K(1034240K), 0.0056344 secs]
103.432: Total time for which application threads were stopped: 0.0057978 seconds, Stopping threads took: 0.0000192 seconds
103.501: [GC (Allocation Failure)  913447K->597705K(1034752K), 0.0047768 secs]
103.506: Total time for which application threads were stopped: 0.0049412 seconds, Stopping threads took: 0.0000256 seconds
103.574: [GC (Allocation Failure)  919241K->597577K(1034752K), 0.0046072 secs]
103.578: Total time for which application threads were stopped: 0.0048275 seconds, Stopping threads took: 0.0000193 seconds
103.645: [GC (Allocation Failure)  919113K->601161K(1034752K), 0.0056474 secs]
103.651: Total time for which application threads were stopped: 0.0058352 seconds, Stopping threads took: 0.0000193 seconds
103.718: [GC (Allocation Failure)  922697K->605676K(1034752K), 0.0048322 secs]
103.723: Total time for which application threads were stopped: 0.0049931 seconds, Stopping threads took: 0.0000199 seconds
103.789: [GC (Allocation Failure)  927212K->605676K(1034752K), 0.0050773 secs]
103.794: Total time for which application threads were stopped: 0.0052480 seconds, Stopping threads took: 0.0000199 seconds
103.859: [GC (Allocation Failure)  927212K->606340K(1034752K), 0.0052495 secs]
103.864: Total time for which application threads were stopped: 0.0054203 seconds, Stopping threads took: 0.0000192 seconds
103.933: [GC (Allocation Failure)  927876K->613702K(1034752K), 0.0049676 secs]
103.938: Total time for which application threads were stopped: 0.0051502 seconds, Stopping threads took: 0.0000254 seconds
104.005: [GC (Allocation Failure)  935238K->613670K(1034752K), 0.0047936 secs]
104.009: Total time for which application threads were stopped: 0.0049834 seconds, Stopping threads took: 0.0000191 seconds
104.076: [GC (Allocation Failure)  935206K->615558K(1034752K), 0.0051370 secs]
104.081: Total time for which application threads were stopped: 0.0053041 seconds, Stopping threads took: 0.0000167 seconds
104.149: [GC (Allocation Failure)  937094K->621736K(1034752K), 0.0048891 secs]
104.154: Total time for which application threads were stopped: 0.0050511 seconds, Stopping threads took: 0.0000206 seconds
104.222: [GC (Allocation Failure)  943272K->621736K(1034752K), 0.0050629 secs]
104.227: Total time for which application threads were stopped: 0.0052280 seconds, Stopping threads took: 0.0000185 seconds
104.294: [GC (Allocation Failure)  943272K->624840K(1034752K), 0.0056357 secs]
104.299: Total time for which application threads were stopped: 0.0057959 seconds, Stopping threads took: 0.0000194 seconds
104.367: [GC (Allocation Failure)  946376K->629834K(1034752K), 0.0050499 secs]
104.372: Total time for which application threads were stopped: 0.0052094 seconds, Stopping threads took: 0.0000199 seconds
104.440: [GC (Allocation Failure)  951370K->629770K(1034752K), 0.0050993 secs]
104.446: Total time for which application threads were stopped: 0.0052595 seconds, Stopping threads took: 0.0000197 seconds
104.513: [GC (Allocation Failure)  951306K->629994K(1033728K), 0.0049823 secs]
104.518: Total time for which application threads were stopped: 0.0051496 seconds, Stopping threads took: 0.0000245 seconds
104.586: [GC (Allocation Failure)  950506K->637805K(1034240K), 0.0049696 secs]
104.591: Total time for which application threads were stopped: 0.0051358 seconds, Stopping threads took: 0.0000195 seconds
104.659: [GC (Allocation Failure)  958317K->637773K(1034240K), 0.0048316 secs]
104.664: Total time for which application threads were stopped: 0.0050012 seconds, Stopping threads took: 0.0000195 seconds
104.731: [GC (Allocation Failure)  958285K->640293K(1034240K), 0.0053909 secs]
104.737: Total time for which application threads were stopped: 0.0055560 seconds, Stopping threads took: 0.0000196 seconds
104.805: [GC (Allocation Failure)  960805K->645831K(1034752K), 0.0060379 secs]
104.811: Total time for which application threads were stopped: 0.0062275 seconds, Stopping threads took: 0.0000192 seconds
104.880: [GC (Allocation Failure)  967367K->645799K(1034752K), 0.0047099 secs]
104.885: Total time for which application threads were stopped: 0.0049019 seconds, Stopping threads took: 0.0000194 seconds
104.951: [GC (Allocation Failure)  967335K->648519K(1034752K), 0.0055393 secs]
104.957: Total time for which application threads were stopped: 0.0056890 seconds, Stopping threads took: 0.0000175 seconds
105.025: [GC (Allocation Failure)  970055K->653897K(1034752K), 0.0048935 secs]
105.030: Total time for which application threads were stopped: 0.0050944 seconds, Stopping threads took: 0.0000193 seconds
105.097: [GC (Allocation Failure)  975433K->653833K(1034752K), 0.0048818 secs]
105.102: Total time for which application threads were stopped: 0.0050466 seconds, Stopping threads took: 0.0000205 seconds
105.167: [GC (Allocation Failure)  975369K->657801K(1034752K), 0.0059234 secs]
105.173: Total time for which application threads were stopped: 0.0060837 seconds, Stopping threads took: 0.0000197 seconds
105.242: [GC (Allocation Failure)  979337K->661867K(1035264K), 0.0049771 secs]
105.247: Total time for which application threads were stopped: 0.0051391 seconds, Stopping threads took: 0.0000193 seconds
105.315: [GC (Allocation Failure)  984427K->661867K(1035264K), 0.0047940 secs]
105.320: Total time for which application threads were stopped: 0.0049636 seconds, Stopping threads took: 0.0000199 seconds
105.388: [GC (Allocation Failure)  984427K->665003K(1035264K), 0.0058928 secs]
105.393: Total time for which application threads were stopped: 0.0060609 seconds, Stopping threads took: 0.0000184 seconds
105.461: [GC (Allocation Failure)  987563K->669966K(1035264K), 0.0049127 secs]
105.466: Total time for which application threads were stopped: 0.0050690 seconds, Stopping threads took: 0.0000195 seconds
105.534: [GC (Allocation Failure)  992526K->669902K(1035264K), 0.0048034 secs]
105.539: Total time for which application threads were stopped: 0.0049713 seconds, Stopping threads took: 0.0000186 seconds
105.606: [GC (Allocation Failure)  992462K->673222K(1035264K), 0.0057229 secs]
105.612: Total time for which application threads were stopped: 0.0059071 seconds, Stopping threads took: 0.0000160 seconds
105.678: [GC (Allocation Failure)  995782K->677992K(1035264K), 0.0049990 secs]
105.683: Total time for which application threads were stopped: 0.0051951 seconds, Stopping threads took: 0.0000190 seconds
105.752: [GC (Allocation Failure)  1000552K->677928K(1035264K), 0.0049252 secs]
105.757: Total time for which application threads were stopped: 0.0050845 seconds, Stopping threads took: 0.0000169 seconds
105.822: [GC (Allocation Failure)  1000488K->681416K(1035264K), 0.0058774 secs]
105.828: Total time for which application threads were stopped: 0.0060558 seconds, Stopping threads took: 0.0000196 seconds
105.897: [GC (Allocation Failure)  1003976K->685994K(1035264K), 0.0048748 secs]
105.902: Total time for which application threads were stopped: 0.0050227 seconds, Stopping threads took: 0.0000164 seconds
105.968: [GC (Allocation Failure)  1008554K->685962K(1035264K), 0.0099546 secs]
105.978: Total time for which application threads were stopped: 0.0101225 seconds, Stopping threads took: 0.0000188 seconds
106.046: [GC (Allocation Failure)  1008522K->689706K(1035264K), 0.0058189 secs]
106.052: [Full GC (Ergonomics)  689706K->12179K(1035264K), 0.0179431 secs]
106.070: Total time for which application threads were stopped: 0.0240086 seconds, Stopping threads took: 0.0000194 seconds
106.139: [GC (Allocation Failure)  334739K->20822K(1034752K), 0.0039549 secs]
106.143: Total time for which application threads were stopped: 0.0041116 seconds, Stopping threads took: 0.0000168 seconds
106.212: [GC (Allocation Failure)  343382K->20718K(1035264K), 0.0047674 secs]
106.217: Total time for which application threads were stopped: 0.0049655 seconds, Stopping threads took: 0.0000274 seconds
106.283: [GC (Allocation Failure)  343278K->24622K(1035776K), 0.0048961 secs]
106.288: Total time for which application threads were stopped: 0.0050751 seconds, Stopping threads took: 0.0000271 seconds
106.356: [GC (Allocation Failure)  347694K->28816K(1035264K), 0.0038896 secs]
106.360: Total time for which application threads were stopped: 0.0040624 seconds, Stopping threads took: 0.0000205 seconds
106.429: [GC (Allocation Failure)  351888K->28720K(1035776K), 0.0036066 secs]
106.433: Total time for which application threads were stopped: 0.0037769 seconds, Stopping threads took: 0.0000200 seconds
106.500: [GC (Allocation Failure)  352304K->26830K(1035776K), 0.0030964 secs]
106.504: Total time for which application threads were stopped: 0.0032444 seconds, Stopping threads took: 0.0000199 seconds
106.573: [GC (Allocation Failure)  350414K->28784K(1036288K), 0.0035338 secs]
106.577: Total time for which application threads were stopped: 0.0036903 seconds, Stopping threads took: 0.0000176 seconds
106.646: [GC (Allocation Failure)  353392K->28720K(1036288K), 0.0037955 secs]
106.650: Total time for which application threads were stopped: 0.0039648 seconds, Stopping threads took: 0.0000197 seconds
106.716: [GC (Allocation Failure)  353328K->36230K(1031168K), 0.0080969 secs]
106.724: Total time for which application threads were stopped: 0.0082685 seconds, Stopping threads took: 0.0000201 seconds
106.793: [GC (Allocation Failure)  355718K->32040K(1033728K), 0.0040302 secs]
106.797: Total time for which application threads were stopped: 0.0042019 seconds, Stopping threads took: 0.0000199 seconds
106.862: [GC (Allocation Failure)  351528K->32008K(1034752K), 0.0064309 secs]
106.869: Total time for which application threads were stopped: 0.0065949 seconds, Stopping threads took: 0.0000211 seconds
106.936: [GC (Allocation Failure)  353032K->36166K(1032704K), 0.0054364 secs]
106.942: Total time for which application threads were stopped: 0.0056275 seconds, Stopping threads took: 0.0000186 seconds
107.009: [GC (Allocation Failure)  357190K->32232K(1034240K), 0.0037877 secs]
107.013: Total time for which application threads were stopped: 0.0039569 seconds, Stopping threads took: 0.0000261 seconds
107.081: [GC (Allocation Failure)  352232K->32008K(1033728K), 0.0037961 secs]
107.085: Total time for which application threads were stopped: 0.0039659 seconds, Stopping threads took: 0.0000196 seconds
107.152: [GC (Allocation Failure)  352008K->33798K(1034752K), 0.0046574 secs]
107.157: Total time for which application threads were stopped: 0.0048204 seconds, Stopping threads took: 0.0000192 seconds
107.228: [GC (Allocation Failure)  355334K->32136K(1034752K), 0.0038461 secs]
107.232: Total time for which application threads were stopped: 0.0040110 seconds, Stopping threads took: 0.0000272 seconds
107.301: [GC (Allocation Failure)  353672K->32040K(1035776K), 0.0038576 secs]
107.305: Total time for which application threads were stopped: 0.0040277 seconds, Stopping threads took: 0.0000202 seconds
107.371: [GC (Allocation Failure)  355112K->36550K(1035264K), 0.0057862 secs]
107.377: Total time for which application threads were stopped: 0.0059698 seconds, Stopping threads took: 0.0000203 seconds
107.445: [GC (Allocation Failure)  359622K->32104K(1034240K), 0.0039824 secs]
107.449: Total time for which application threads were stopped: 0.0041562 seconds, Stopping threads took: 0.0000206 seconds
107.517: [GC (Allocation Failure)  353640K->32008K(1034752K), 0.0036333 secs]
107.520: Total time for which application threads were stopped: 0.0038001 seconds, Stopping threads took: 0.0000263 seconds
107.586: [GC (Allocation Failure)  353544K->39302K(1031168K), 0.0075712 secs]
107.593: Total time for which application threads were stopped: 0.0077510 seconds, Stopping threads took: 0.0000219 seconds
107.662: [GC (Allocation Failure)  357766K->34120K(1033216K), 0.0038350 secs]
107.666: Total time for which application threads were stopped: 0.0039973 seconds, Stopping threads took: 0.0000186 seconds
107.733: [GC (Allocation Failure)  352584K->34056K(1033728K), 0.0039202 secs]
107.737: Total time for which application threads were stopped: 0.0040785 seconds, Stopping threads took: 0.0000196 seconds
107.804: [GC (Allocation Failure)  353544K->34406K(1033728K), 0.0039837 secs]
107.808: Total time for which application threads were stopped: 0.0041657 seconds, Stopping threads took: 0.0000198 seconds
107.876: [GC (Allocation Failure)  353894K->34312K(1034752K), 0.0036694 secs]
107.880: Total time for which application threads were stopped: 0.0038403 seconds, Stopping threads took: 0.0000198 seconds
107.946: [GC (Allocation Failure)  355336K->34088K(1034240K), 0.0039632 secs]
107.950: Total time for which application threads were stopped: 0.0041346 seconds, Stopping threads took: 0.0000203 seconds
108.018: [GC (Allocation Failure)  355112K->32582K(1035264K), 0.0032196 secs]
108.021: Total time for which application threads were stopped: 0.0034069 seconds, Stopping threads took: 0.0000261 seconds
108.089: [GC (Allocation Failure)  355142K->34248K(1035264K), 0.0043926 secs]
108.094: Total time for which application threads were stopped: 0.0045682 seconds, Stopping threads took: 0.0000201 seconds
108.162: [GC (Allocation Failure)  356808K->34088K(1035776K), 0.0037022 secs]
108.165: Total time for which application threads were stopped: 0.0038717 seconds, Stopping threads took: 0.0000220 seconds
108.234: [GC (Allocation Failure)  357160K->37350K(1035264K), 0.0052456 secs]
108.240: Total time for which application threads were stopped: 0.0054402 seconds, Stopping threads took: 0.0000196 seconds
108.310: [GC (Allocation Failure)  360422K->34216K(1035264K), 0.0040666 secs]
108.314: Total time for which application threads were stopped: 0.0042313 seconds, Stopping threads took: 0.0000189 seconds
108.382: [GC (Allocation Failure)  356776K->34056K(1035264K), 0.0037425 secs]
108.385: Total time for which application threads were stopped: 0.0039084 seconds, Stopping threads took: 0.0000193 seconds
108.453: [GC (Allocation Failure)  356616K->42150K(1030656K), 0.0079425 secs]
108.461: Total time for which application threads were stopped: 0.0081151 seconds, Stopping threads took: 0.0000286 seconds
108.528: [GC (Allocation Failure)  360614K->37512K(1033216K), 0.0037384 secs]
108.532: Total time for which application threads were stopped: 0.0039101 seconds, Stopping threads took: 0.0000196 seconds
108.599: [GC (Allocation Failure)  355976K->37416K(1034240K), 0.0037414 secs]
108.603: Total time for which application threads were stopped: 0.0039092 seconds, Stopping threads took: 0.0000259 seconds
108.667: [GC (Allocation Failure)  357416K->39078K(1033728K), 0.0045851 secs]
108.672: Total time for which application threads were stopped: 0.0047554 seconds, Stopping threads took: 0.0000197 seconds
108.740: [GC (Allocation Failure)  359078K->37448K(1034752K), 0.0040936 secs]
108.744: Total time for which application threads were stopped: 0.0042664 seconds, Stopping threads took: 0.0000192 seconds
108.811: [GC (Allocation Failure)  358472K->37448K(1034240K), 0.0105155 secs]
108.822: Total time for which application threads were stopped: 0.0106645 seconds, Stopping threads took: 0.0000189 seconds
108.890: [GC (Allocation Failure)  358472K->37766K(1035264K), 0.0039411 secs]
108.894: Total time for which application threads were stopped: 0.0041101 seconds, Stopping threads took: 0.0000191 seconds
108.961: [GC (Allocation Failure)  359814K->37672K(1034752K), 0.0036572 secs]
108.965: Total time for which application threads were stopped: 0.0038403 seconds, Stopping threads took: 0.0000200 seconds
109.035: [GC (Allocation Failure)  359720K->37416K(1035776K), 0.0037508 secs]
109.039: Total time for which application threads were stopped: 0.0039185 seconds, Stopping threads took: 0.0000259 seconds
109.107: [GC (Allocation Failure)  361000K->42054K(1035776K), 0.0058386 secs]
109.113: Total time for which application threads were stopped: 0.0060120 seconds, Stopping threads took: 0.0000199 seconds
109.181: [GC (Allocation Failure)  365638K->37608K(1033728K), 0.0039251 secs]
109.185: Total time for which application threads were stopped: 0.0040952 seconds, Stopping threads took: 0.0000199 seconds
109.252: [GC (Allocation Failure)  359144K->37416K(1034752K), 0.0040046 secs]
109.256: Total time for which application threads were stopped: 0.0041624 seconds, Stopping threads took: 0.0000194 seconds
109.322: [GC (Allocation Failure)  358952K->45286K(1031168K), 0.0079163 secs]
109.330: Total time for which application threads were stopped: 0.0080955 seconds, Stopping threads took: 0.0000186 seconds
109.397: [GC (Allocation Failure)  363750K->40168K(1033216K), 0.0040589 secs]
109.401: Total time for which application threads were stopped: 0.0042295 seconds, Stopping threads took: 0.0000196 seconds
109.466: [GC (Allocation Failure)  358632K->40072K(1033728K), 0.0039253 secs]
109.470: Total time for which application threads were stopped: 0.0041179 seconds, Stopping threads took: 0.0000196 seconds
109.538: [GC (Allocation Failure)  359048K->40422K(1033216K), 0.0041155 secs]
109.543: Total time for which application threads were stopped: 0.0042904 seconds, Stopping threads took: 0.0000258 seconds
109.610: [GC (Allocation Failure)  359398K->40104K(1034240K), 0.0036111 secs]
109.613: Total time for which application threads were stopped: 0.0038076 seconds, Stopping threads took: 0.0000198 seconds
109.683: [GC (Allocation Failure)  360616K->40040K(1034240K), 0.0036490 secs]
109.687: Total time for which application threads were stopped: 0.0038109 seconds, Stopping threads took: 0.0000170 seconds
109.755: [GC (Allocation Failure)  360552K->37062K(1033728K), 0.0025420 secs]
109.757: Total time for which application threads were stopped: 0.0027148 seconds, Stopping threads took: 0.0000210 seconds
109.825: [GC (Allocation Failure)  357574K->40072K(1034240K), 0.0036553 secs]
109.829: Total time for which application threads were stopped: 0.0038180 seconds, Stopping threads took: 0.0000185 seconds
109.897: [GC (Allocation Failure)  360584K->40072K(1035264K), 0.0039465 secs]
109.901: Total time for which application threads were stopped: 0.0041053 seconds, Stopping threads took: 0.0000194 seconds
109.969: [GC (Allocation Failure)  362120K->36742K(1034752K), 0.0024149 secs]
109.971: Total time for which application threads were stopped: 0.0025830 seconds, Stopping threads took: 0.0000268 seconds
110.040: [GC (Allocation Failure)  358790K->40264K(1035264K), 0.0036329 secs]
110.044: Total time for which application threads were stopped: 0.0038015 seconds, Stopping threads took: 0.0000256 seconds
110.112: [GC (Allocation Failure)  362824K->40040K(1035264K), 0.0035908 secs]
110.116: Total time for which application threads were stopped: 0.0037535 seconds, Stopping threads took: 0.0000197 seconds
110.183: [GC (Allocation Failure)  362600K->40518K(1036288K), 0.0052490 secs]
110.188: Total time for which application threads were stopped: 0.0054073 seconds, Stopping threads took: 0.0000186 seconds
110.258: [GC (Allocation Failure)  364614K->40200K(1035776K), 0.0041436 secs]
110.262: Total time for which application threads were stopped: 0.0043215 seconds, Stopping threads took: 0.0000199 seconds
110.331: [GC (Allocation Failure)  364296K->40072K(1036800K), 0.0038084 secs]
110.335: Total time for which application threads were stopped: 0.0039975 seconds, Stopping threads took: 0.0000197 seconds
110.405: [GC (Allocation Failure)  365704K->34598K(1028096K), 0.0016050 secs]
110.407: Total time for which application threads were stopped: 0.0017276 seconds, Stopping threads took: 0.0000170 seconds
110.476: [GC (Allocation Failure)  360230K->40168K(1036288K), 0.0039315 secs]
110.480: Total time for which application threads were stopped: 0.0041106 seconds, Stopping threads took: 0.0000252 seconds
110.549: [GC (Allocation Failure)  364776K->44168K(1036288K), 0.0040580 secs]
110.554: Total time for which application threads were stopped: 0.0042575 seconds, Stopping threads took: 0.0000200 seconds
110.622: [GC (Allocation Failure)  368776K->44200K(1036800K), 0.0036820 secs]
110.626: Total time for which application threads were stopped: 0.0038365 seconds, Stopping threads took: 0.0000192 seconds
110.695: [GC (Allocation Failure)  369832K->44520K(1025536K), 0.0037802 secs]
110.699: Total time for which application threads were stopped: 0.0039357 seconds, Stopping threads took: 0.0000189 seconds
110.767: [GC (Allocation Failure)  370152K->52202K(1036288K), 0.0038042 secs]
110.771: Total time for which application threads were stopped: 0.0039726 seconds, Stopping threads took: 0.0000188 seconds
110.839: [GC (Allocation Failure)  376298K->52202K(1035776K), 0.0040440 secs]
110.844: Total time for which application threads were stopped: 0.0042093 seconds, Stopping threads took: 0.0000185 seconds
110.911: [GC (Allocation Failure)  376298K->52266K(1035264K), 0.0039413 secs]
110.915: Total time for which application threads were stopped: 0.0040985 seconds, Stopping threads took: 0.0000191 seconds
110.983: [GC (Allocation Failure)  375850K->60269K(1035776K), 0.0041082 secs]
110.987: Total time for which application threads were stopped: 0.0042744 seconds, Stopping threads took: 0.0000186 seconds
111.054: [GC (Allocation Failure)  383853K->60237K(1035776K), 0.0040807 secs]
111.058: Total time for which application threads were stopped: 0.0042591 seconds, Stopping threads took: 0.0000191 seconds
111.126: [GC (Allocation Failure)  383821K->60485K(1023488K), 0.0041688 secs]
111.130: Total time for which application threads were stopped: 0.0043444 seconds, Stopping threads took: 0.0000188 seconds
111.199: [GC (Allocation Failure)  384069K->68263K(1035264K), 0.0046488 secs]
111.204: Total time for which application threads were stopped: 0.0048432 seconds, Stopping threads took: 0.0000251 seconds
111.273: [GC (Allocation Failure)  390823K->68263K(1035264K), 0.0038549 secs]
111.277: Total time for which application threads were stopped: 0.0040435 seconds, Stopping threads took: 0.0000202 seconds
111.345: [GC (Allocation Failure)  390823K->68327K(1034240K), 0.0038916 secs]
111.349: Total time for which application threads were stopped: 0.0040570 seconds, Stopping threads took: 0.0000189 seconds
111.417: [GC (Allocation Failure)  389863K->76297K(1034752K), 0.0039232 secs]
111.421: Total time for which application threads were stopped: 0.0041172 seconds, Stopping threads took: 0.0000200 seconds
111.488: [GC (Allocation Failure)  397833K->76297K(1034752K), 0.0039368 secs]
111.492: Total time for which application threads were stopped: 0.0040752 seconds, Stopping threads took: 0.0000170 seconds
111.560: [GC (Allocation Failure)  397833K->76425K(1021440K), 0.0038732 secs]
111.564: Total time for which application threads were stopped: 0.0040362 seconds, Stopping threads took: 0.0000265 seconds
111.633: [GC (Allocation Failure)  397961K->84363K(1034240K), 0.0039747 secs]
111.637: Total time for which application threads were stopped: 0.0041612 seconds, Stopping threads took: 0.0000260 seconds
111.704: [GC (Allocation Failure)  404875K->84299K(1034240K), 0.0039009 secs]
111.708: Total time for which application threads were stopped: 0.0041080 seconds, Stopping threads took: 0.0000402 seconds
111.777: [GC (Allocation Failure)  404811K->84675K(1034240K), 0.0040406 secs]
111.781: Total time for which application threads were stopped: 0.0042090 seconds, Stopping threads took: 0.0000213 seconds
111.849: [GC (Allocation Failure)  405187K->92390K(1034240K), 0.0040884 secs]
111.853: Total time for which application threads were stopped: 0.0042629 seconds, Stopping threads took: 0.0000197 seconds
111.923: [GC (Allocation Failure)  412902K->92358K(1034240K), 0.0041531 secs]
111.927: Total time for which application threads were stopped: 0.0043460 seconds, Stopping threads took: 0.0000207 seconds
111.995: [GC (Allocation Failure)  412870K->92902K(1020928K), 0.0041471 secs]
112.000: Total time for which application threads were stopped: 0.0043395 seconds, Stopping threads took: 0.0000198 seconds
112.069: [GC (Allocation Failure)  413414K->100392K(1033728K), 0.0039314 secs]
112.073: Total time for which application threads were stopped: 0.0041081 seconds, Stopping threads took: 0.0000276 seconds
112.140: [GC (Allocation Failure)  419880K->100424K(1033728K), 0.0039389 secs]
112.144: Total time for which application threads were stopped: 0.0041087 seconds, Stopping threads took: 0.0000196 seconds
112.210: [GC (Allocation Failure)  419912K->100608K(1033728K), 0.0054867 secs]
112.216: Total time for which application threads were stopped: 0.0056510 seconds, Stopping threads took: 0.0000259 seconds
112.283: [GC (Allocation Failure)  420096K->108450K(1033728K), 0.0037517 secs]
112.286: Total time for which application threads were stopped: 0.0039090 seconds, Stopping threads took: 0.0000169 seconds
112.353: [GC (Allocation Failure)  427938K->108418K(1033728K), 0.0040416 secs]
112.357: Total time for which application threads were stopped: 0.0042540 seconds, Stopping threads took: 0.0000194 seconds
112.423: [GC (Allocation Failure)  427906K->108482K(1033728K), 0.0041744 secs]
112.427: Total time for which application threads were stopped: 0.0043432 seconds, Stopping threads took: 0.0000199 seconds
112.495: [GC (Allocation Failure)  427970K->116484K(1033728K), 0.0041590 secs]
112.499: Total time for which application threads were stopped: 0.0043361 seconds, Stopping threads took: 0.0000214 seconds
112.567: [GC (Allocation Failure)  435972K->116452K(1033728K), 0.0038957 secs]
112.571: Total time for which application threads were stopped: 0.0040937 seconds, Stopping threads took: 0.0000258 seconds
112.639: [GC (Allocation Failure)  435940K->116580K(1032704K), 0.0041967 secs]
112.643: Total time for which application threads were stopped: 0.0043870 seconds, Stopping threads took: 0.0000198 seconds
112.712: [GC (Allocation Failure)  435044K->124487K(1033216K), 0.0039626 secs]
112.716: Total time for which application threads were stopped: 0.0041540 seconds, Stopping threads took: 0.0000164 seconds
112.782: [GC (Allocation Failure)  442951K->124487K(1033216K), 0.0038766 secs]
112.786: Total time for which application threads were stopped: 0.0040681 seconds, Stopping threads took: 0.0000205 seconds
112.852: [GC (Allocation Failure)  442951K->124839K(1033216K), 0.0040986 secs]
112.856: Total time for which application threads were stopped: 0.0042920 seconds, Stopping threads took: 0.0000196 seconds
112.924: [GC (Allocation Failure)  443303K->132553K(1033216K), 0.0041747 secs]
112.928: Total time for which application threads were stopped: 0.0043339 seconds, Stopping threads took: 0.0000171 seconds
112.994: [GC (Allocation Failure)  451017K->132489K(1033216K), 0.0037577 secs]
112.997: Total time for which application threads were stopped: 0.0039559 seconds, Stopping threads took: 0.0000209 seconds
113.063: [GC (Allocation Failure)  450953K->132809K(1033216K), 0.0041295 secs]
113.067: Total time for which application threads were stopped: 0.0043005 seconds, Stopping threads took: 0.0000193 seconds
113.135: [GC (Allocation Failure)  451273K->140523K(1033216K), 0.0040850 secs]
113.139: Total time for which application threads were stopped: 0.0042763 seconds, Stopping threads took: 0.0000198 seconds
113.206: [GC (Allocation Failure)  458987K->136617K(1033728K), 0.0075556 secs]
113.214: Total time for which application threads were stopped: 0.0077158 seconds, Stopping threads took: 0.0000248 seconds
113.280: [GC (Allocation Failure)  455593K->140715K(1033216K), 0.0040816 secs]
113.284: Total time for which application threads were stopped: 0.0042301 seconds, Stopping threads took: 0.0000169 seconds
113.352: [GC (Allocation Failure)  459691K->144683K(1033728K), 0.0037913 secs]
113.355: Total time for which application threads were stopped: 0.0039673 seconds, Stopping threads took: 0.0000202 seconds
113.423: [GC (Allocation Failure)  465195K->152209K(1034240K), 0.0073576 secs]
113.431: Total time for which application threads were stopped: 0.0075505 seconds, Stopping threads took: 0.0000185 seconds
113.500: [GC (Allocation Failure)  472721K->145971K(1030144K), 0.0042524 secs]
113.504: Total time for which application threads were stopped: 0.0044091 seconds, Stopping threads took: 0.0000166 seconds
113.569: [GC (Allocation Failure)  462387K->145939K(1032192K), 0.0039288 secs]
113.573: Total time for which application threads were stopped: 0.0041257 seconds, Stopping threads took: 0.0000257 seconds
113.641: [GC (Allocation Failure)  462355K->143473K(1033216K), 0.0030707 secs]
113.645: Total time for which application threads were stopped: 0.0032235 seconds, Stopping threads took: 0.0000159 seconds
113.712: [GC (Allocation Failure)  461425K->146163K(1032704K), 0.0038655 secs]
113.716: Total time for which application threads were stopped: 0.0040248 seconds, Stopping threads took: 0.0000194 seconds
113.783: [GC (Allocation Failure)  464115K->145907K(1033728K), 0.0040039 secs]
113.787: Total time for which application threads were stopped: 0.0041723 seconds, Stopping threads took: 0.0000224 seconds
113.854: [GC (Allocation Failure)  464883K->147091K(1033216K), 0.0044595 secs]
113.859: Total time for which application threads were stopped: 0.0046199 seconds, Stopping threads took: 0.0000190 seconds
113.928: [GC (Allocation Failure)  466067K->154069K(1033728K), 0.0042577 secs]
113.932: Total time for which application threads were stopped: 0.0044254 seconds, Stopping threads took: 0.0000193 seconds
113.998: [GC (Allocation Failure)  473557K->154005K(1033728K), 0.0040689 secs]
114.002: Total time for which application threads were stopped: 0.0042367 seconds, Stopping threads took: 0.0000197 seconds
114.071: [GC (Allocation Failure)  473493K->157909K(1034240K), 0.0049864 secs]
114.076: Total time for which application threads were stopped: 0.0051793 seconds, Stopping threads took: 0.0000193 seconds
114.145: [GC (Allocation Failure)  477909K->162136K(1033728K), 0.0041904 secs]
114.149: Total time for which application threads were stopped: 0.0043408 seconds, Stopping threads took: 0.0000168 seconds
114.220: [GC (Allocation Failure)  482136K->162008K(1034752K), 0.0038892 secs]
114.224: Total time for which application threads were stopped: 0.0040714 seconds, Stopping threads took: 0.0000154 seconds
114.291: [GC (Allocation Failure)  483032K->163568K(1034240K), 0.0043228 secs]
114.296: Total time for which application threads were stopped: 0.0044898 seconds, Stopping threads took: 0.0000193 seconds
114.364: [GC (Allocation Failure)  484592K->170098K(1034240K), 0.0039433 secs]
114.368: Total time for which application threads were stopped: 0.0041077 seconds, Stopping threads took: 0.0000201 seconds
114.436: [GC (Allocation Failure)  490610K->170066K(1034240K), 0.0042938 secs]
114.441: Total time for which application threads were stopped: 0.0044782 seconds, Stopping threads took: 0.0000217 seconds
114.507: [GC (Allocation Failure)  490578K->170258K(1033728K), 0.0051798 secs]
114.512: Total time for which application threads were stopped: 0.0053392 seconds, Stopping threads took: 0.0000195 seconds
114.580: [GC (Allocation Failure)  490770K->178068K(1034240K), 0.0042513 secs]
114.584: Total time for which application threads were stopped: 0.0044560 seconds, Stopping threads took: 0.0000286 seconds
114.652: [GC (Allocation Failure)  498580K->178068K(1034240K), 0.0040960 secs]
114.656: Total time for which application threads were stopped: 0.0042655 seconds, Stopping threads took: 0.0000195 seconds
114.723: [GC (Allocation Failure)  498580K->180564K(1034240K), 0.0045924 secs]
114.727: Total time for which application threads were stopped: 0.0047631 seconds, Stopping threads took: 0.0000197 seconds
114.795: [GC (Allocation Failure)  501076K->186135K(1034240K), 0.0041391 secs]
114.799: Total time for which application threads were stopped: 0.0043094 seconds, Stopping threads took: 0.0000203 seconds
114.867: [GC (Allocation Failure)  506647K->186135K(1034240K), 0.0041866 secs]
114.871: Total time for which application threads were stopped: 0.0043486 seconds, Stopping threads took: 0.0000192 seconds
114.938: [GC (Allocation Failure)  506647K->186711K(1033728K), 0.0042640 secs]
114.942: Total time for which application threads were stopped: 0.0044230 seconds, Stopping threads took: 0.0000189 seconds
115.012: [GC (Allocation Failure)  507223K->194169K(1034240K), 0.0043143 secs]
115.016: Total time for which application threads were stopped: 0.0044804 seconds, Stopping threads took: 0.0000198 seconds
115.084: [GC (Allocation Failure)  514681K->194137K(1034240K), 0.0041702 secs]
115.088: Total time for which application threads were stopped: 0.0043350 seconds, Stopping threads took: 0.0000201 seconds
115.157: [GC (Allocation Failure)  514649K->197017K(1034240K), 0.0066056 secs]
115.164: Total time for which application threads were stopped: 0.0067691 seconds, Stopping threads took: 0.0000208 seconds
115.233: [GC (Allocation Failure)  517529K->202299K(1033728K), 0.0040733 secs]
115.237: Total time for which application threads were stopped: 0.0042438 seconds, Stopping threads took: 0.0000200 seconds
115.306: [GC (Allocation Failure)  522811K->202139K(1034240K), 0.0040715 secs]
115.311: Total time for which application threads were stopped: 0.0042275 seconds, Stopping threads took: 0.0000189 seconds
115.378: [GC (Allocation Failure)  522651K->203195K(1033728K), 0.0045281 secs]
115.382: Total time for which application threads were stopped: 0.0046928 seconds, Stopping threads took: 0.0000185 seconds
115.450: [GC (Allocation Failure)  523707K->210237K(1034240K), 0.0041427 secs]
115.454: Total time for which application threads were stopped: 0.0043195 seconds, Stopping threads took: 0.0000190 seconds
115.524: [GC (Allocation Failure)  530749K->210237K(1034240K), 0.0040871 secs]
115.528: Total time for which application threads were stopped: 0.0042530 seconds, Stopping threads took: 0.0000257 seconds
115.595: [GC (Allocation Failure)  530749K->213501K(1034240K), 0.0049637 secs]
115.600: Total time for which application threads were stopped: 0.0051358 seconds, Stopping threads took: 0.0000196 seconds
115.667: [GC (Allocation Failure)  534013K->218272K(1034752K), 0.0040896 secs]
115.671: Total time for which application threads were stopped: 0.0042595 seconds, Stopping threads took: 0.0000200 seconds
115.741: [GC (Allocation Failure)  539808K->218240K(1034752K), 0.0041429 secs]
115.745: Total time for which application threads were stopped: 0.0043042 seconds, Stopping threads took: 0.0000198 seconds
115.813: [GC (Allocation Failure)  539776K->221696K(1034752K), 0.0048207 secs]
115.818: Total time for which application threads were stopped: 0.0049892 seconds, Stopping threads took: 0.0000192 seconds
115.887: [GC (Allocation Failure)  543232K->226274K(1034752K), 0.0042757 secs]
115.891: Total time for which application threads were stopped: 0.0044439 seconds, Stopping threads took: 0.0000196 seconds
115.957: [GC (Allocation Failure)  547810K->226274K(1034752K), 0.0042622 secs]
115.962: Total time for which application threads were stopped: 0.0045068 seconds, Stopping threads took: 0.0000913 seconds
116.028: [GC (Allocation Failure)  547810K->226890K(1034752K), 0.0043276 secs]
116.032: Total time for which application threads were stopped: 0.0044985 seconds, Stopping threads took: 0.0000279 seconds
116.099: [GC (Allocation Failure)  548426K->234348K(1034752K), 0.0041122 secs]
116.103: Total time for which application threads were stopped: 0.0043134 seconds, Stopping threads took: 0.0000224 seconds
116.171: [GC (Allocation Failure)  555884K->234284K(1034752K), 0.0041720 secs]
116.175: Total time for which application threads were stopped: 0.0043638 seconds, Stopping threads took: 0.0000197 seconds
116.242: [GC (Allocation Failure)  555820K->236172K(1034752K), 0.0046792 secs]
116.247: Total time for which application threads were stopped: 0.0048726 seconds, Stopping threads took: 0.0000192 seconds
116.315: [GC (Allocation Failure)  557708K->242446K(1034752K), 0.0042672 secs]
116.319: Total time for which application threads were stopped: 0.0044154 seconds, Stopping threads took: 0.0000172 seconds
116.386: [GC (Allocation Failure)  563982K->242350K(1034752K), 0.0042723 secs]
116.391: Total time for which application threads were stopped: 0.0044460 seconds, Stopping threads took: 0.0000196 seconds
116.458: [GC (Allocation Failure)  563886K->245390K(1034752K), 0.0048998 secs]
116.463: Total time for which application threads were stopped: 0.0050956 seconds, Stopping threads took: 0.0000195 seconds
116.534: [GC (Allocation Failure)  566926K->250385K(1034752K), 0.0040846 secs]
116.538: Total time for which application threads were stopped: 0.0042602 seconds, Stopping threads took: 0.0000271 seconds
116.606: [GC (Allocation Failure)  571921K->250385K(1034752K), 0.0042342 secs]
116.610: Total time for which application threads were stopped: 0.0044278 seconds, Stopping threads took: 0.0000195 seconds
116.678: [GC (Allocation Failure)  571921K->250537K(1033728K), 0.0043589 secs]
116.682: Total time for which application threads were stopped: 0.0045508 seconds, Stopping threads took: 0.0000192 seconds
116.751: [GC (Allocation Failure)  571049K->258411K(1034240K), 0.0043698 secs]
116.756: Total time for which application threads were stopped: 0.0045307 seconds, Stopping threads took: 0.0000196 seconds
116.823: [GC (Allocation Failure)  578923K->258411K(1034240K), 0.0042358 secs]
116.828: Total time for which application threads were stopped: 0.0044154 seconds, Stopping threads took: 0.0000199 seconds
116.895: [GC (Allocation Failure)  578923K->260811K(1034240K), 0.0047074 secs]
116.899: Total time for which application threads were stopped: 0.0049039 seconds, Stopping threads took: 0.0000195 seconds
116.969: [GC (Allocation Failure)  581323K->266477K(1034752K), 0.0042928 secs]
116.973: Total time for which application threads were stopped: 0.0044493 seconds, Stopping threads took: 0.0000172 seconds
117.042: [GC (Allocation Failure)  588013K->266477K(1034752K), 0.0041236 secs]
117.046: Total time for which application threads were stopped: 0.0042887 seconds, Stopping threads took: 0.0000264 seconds
117.114: [GC (Allocation Failure)  588013K->269077K(1034752K), 0.0048527 secs]
117.119: Total time for which application threads were stopped: 0.0050259 seconds, Stopping threads took: 0.0000253 seconds
117.188: [GC (Allocation Failure)  590613K->274583K(1034752K), 0.0092882 secs]
117.197: Total time for which application threads were stopped: 0.0094463 seconds, Stopping threads took: 0.0000196 seconds
117.265: [GC (Allocation Failure)  596119K->274487K(1034752K), 0.0043262 secs]
117.269: Total time for which application threads were stopped: 0.0045002 seconds, Stopping threads took: 0.0000201 seconds
117.335: [GC (Allocation Failure)  596023K->278351K(1034752K), 0.0052451 secs]
117.341: Total time for which application threads were stopped: 0.0054120 seconds, Stopping threads took: 0.0000194 seconds
117.409: [GC (Allocation Failure)  599887K->282546K(1034752K), 0.0041315 secs]
117.413: Total time for which application threads were stopped: 0.0043164 seconds, Stopping threads took: 0.0000223 seconds
117.481: [GC (Allocation Failure)  604082K->282546K(1034752K), 0.0042572 secs]
117.485: Total time for which application threads were stopped: 0.0044240 seconds, Stopping threads took: 0.0000192 seconds
117.554: [GC (Allocation Failure)  604082K->283498K(1034752K), 0.0043710 secs]
117.559: Total time for which application threads were stopped: 0.0045370 seconds, Stopping threads took: 0.0000251 seconds
117.627: [GC (Allocation Failure)  605034K->290540K(1034752K), 0.0043450 secs]
117.632: Total time for which application threads were stopped: 0.0045130 seconds, Stopping threads took: 0.0000195 seconds
117.699: [GC (Allocation Failure)  612076K->290508K(1034752K), 0.0044030 secs]
117.703: Total time for which application threads were stopped: 0.0045960 seconds, Stopping threads took: 0.0000200 seconds
117.769: [GC (Allocation Failure)  612044K->292748K(1034752K), 0.0048170 secs]
117.774: Total time for which application threads were stopped: 0.0049800 seconds, Stopping threads took: 0.0000188 seconds
117.844: [GC (Allocation Failure)  614284K->298670K(1034752K), 0.0044161 secs]
117.848: Total time for which application threads were stopped: 0.0046002 seconds, Stopping threads took: 0.0000196 seconds
117.914: [GC (Allocation Failure)  620206K->298574K(1034752K), 0.0045436 secs]
117.919: Total time for which application threads were stopped: 0.0047162 seconds, Stopping threads took: 0.0000197 seconds
117.984: [GC (Allocation Failure)  620110K->301998K(1034752K), 0.0052058 secs]
117.989: Total time for which application threads were stopped: 0.0053814 seconds, Stopping threads took: 0.0000202 seconds
118.056: [GC (Allocation Failure)  623534K->306608K(1034752K), 0.0042417 secs]
118.060: Total time for which application threads were stopped: 0.0044048 seconds, Stopping threads took: 0.0000264 seconds
118.128: [GC (Allocation Failure)  628144K->306608K(1034752K), 0.0044980 secs]
118.132: Total time for which application threads were stopped: 0.0046823 seconds, Stopping threads took: 0.0000169 seconds
118.200: [GC (Allocation Failure)  628144K->307152K(1034752K), 0.0055209 secs]
118.206: Total time for which application threads were stopped: 0.0056945 seconds, Stopping threads took: 0.0000171 seconds
118.272: [GC (Allocation Failure)  628688K->314739K(1034752K), 0.0046364 secs]
118.277: Total time for which application threads were stopped: 0.0047972 seconds, Stopping threads took: 0.0000196 seconds
118.344: [GC (Allocation Failure)  636275K->314643K(1034752K), 0.0044951 secs]
118.349: Total time for which application threads were stopped: 0.0046539 seconds, Stopping threads took: 0.0000192 seconds
118.414: [GC (Allocation Failure)  636179K->316411K(1034752K), 0.0047587 secs]
118.419: Total time for which application threads were stopped: 0.0049255 seconds, Stopping threads took: 0.0000193 seconds
118.488: [GC (Allocation Failure)  637947K->322717K(1034752K), 0.0045478 secs]
118.493: Total time for which application threads were stopped: 0.0047105 seconds, Stopping threads took: 0.0000195 seconds
118.561: [GC (Allocation Failure)  644253K->322717K(1034752K), 0.0043393 secs]
118.565: Total time for which application threads were stopped: 0.0045050 seconds, Stopping threads took: 0.0000199 seconds
118.631: [GC (Allocation Failure)  644253K->325693K(1034752K), 0.0052853 secs]
118.636: Total time for which application threads were stopped: 0.0054552 seconds, Stopping threads took: 0.0000207 seconds
118.707: [GC (Allocation Failure)  647229K->330719K(1034752K), 0.0044807 secs]
118.711: Total time for which application threads were stopped: 0.0046750 seconds, Stopping threads took: 0.0000196 seconds
118.780: [GC (Allocation Failure)  652255K->330751K(1034752K), 0.0043398 secs]
118.784: Total time for which application threads were stopped: 0.0044908 seconds, Stopping threads took: 0.0000167 seconds
118.850: [GC (Allocation Failure)  652287K->330855K(1033728K), 0.0044854 secs]
118.855: Total time for which application threads were stopped: 0.0046485 seconds, Stopping threads took: 0.0000202 seconds
118.922: [GC (Allocation Failure)  651367K->338794K(1034240K), 0.0043761 secs]
118.926: Total time for which application threads were stopped: 0.0045367 seconds, Stopping threads took: 0.0000193 seconds
118.994: [GC (Allocation Failure)  659306K->338762K(1034240K), 0.0043387 secs]
118.999: Total time for which application threads were stopped: 0.0045123 seconds, Stopping threads took: 0.0000257 seconds
119.067: [GC (Allocation Failure)  659274K->341162K(1034240K), 0.0048679 secs]
119.072: Total time for which application threads were stopped: 0.0050362 seconds, Stopping threads took: 0.0000255 seconds
119.140: [GC (Allocation Failure)  661674K->346924K(1033728K), 0.0045366 secs]
119.144: Total time for which application threads were stopped: 0.0047422 seconds, Stopping threads took: 0.0000202 seconds
119.215: [GC (Allocation Failure)  667436K->346796K(1034240K), 0.0051791 secs]
119.220: Total time for which application threads were stopped: 0.0053630 seconds, Stopping threads took: 0.0000245 seconds
119.287: [GC (Allocation Failure)  667308K->347308K(1034240K), 0.0047304 secs]
119.292: Total time for which application threads were stopped: 0.0048898 seconds, Stopping threads took: 0.0000188 seconds
119.359: [GC (Allocation Failure)  667820K->354926K(1034240K), 0.0046087 secs]
119.364: Total time for which application threads were stopped: 0.0047785 seconds, Stopping threads took: 0.0000203 seconds
119.433: [GC (Allocation Failure)  675438K->354798K(1034240K), 0.0043839 secs]
119.438: Total time for which application threads were stopped: 0.0045514 seconds, Stopping threads took: 0.0000194 seconds
119.505: [GC (Allocation Failure)  675310K->357606K(1034240K), 0.0051864 secs]
119.510: Total time for which application threads were stopped: 0.0053565 seconds, Stopping threads took: 0.0000194 seconds
119.581: [GC (Allocation Failure)  678118K->362856K(1034240K), 0.0043521 secs]
119.585: Total time for which application threads were stopped: 0.0045174 seconds, Stopping threads took: 0.0000252 seconds
119.653: [GC (Allocation Failure)  683368K->362888K(1034240K), 0.0043620 secs]
119.658: Total time for which application threads were stopped: 0.0045323 seconds, Stopping threads took: 0.0000187 seconds
119.725: [GC (Allocation Failure)  683400K->363784K(1034240K), 0.0046672 secs]
119.730: Total time for which application threads were stopped: 0.0048303 seconds, Stopping threads took: 0.0000201 seconds
119.798: [GC (Allocation Failure)  684296K->370923K(1034240K), 0.0043382 secs]
119.802: Total time for which application threads were stopped: 0.0045007 seconds, Stopping threads took: 0.0000196 seconds
119.871: [GC (Allocation Failure)  691435K->370859K(1034240K), 0.0045627 secs]
119.875: Total time for which application threads were stopped: 0.0047256 seconds, Stopping threads took: 0.0000200 seconds
119.943: [GC (Allocation Failure)  691371K->374091K(1034240K), 0.0052881 secs]
119.948: Total time for which application threads were stopped: 0.0054664 seconds, Stopping threads took: 0.0000246 seconds
120.016: [GC (Allocation Failure)  694603K->378957K(1034752K), 0.0043434 secs]
120.021: Total time for which application threads were stopped: 0.0045292 seconds, Stopping threads took: 0.0000201 seconds
120.088: [GC (Allocation Failure)  700493K->378925K(1034752K), 0.0046381 secs]
120.093: Total time for which application threads were stopped: 0.0048237 seconds, Stopping threads took: 0.0000203 seconds
120.160: [GC (Allocation Failure)  700461K->382317K(1034752K), 0.0054052 secs]
120.165: Total time for which application threads were stopped: 0.0055862 seconds, Stopping threads took: 0.0000192 seconds
120.236: [GC (Allocation Failure)  703853K->387055K(1034752K), 0.0046860 secs]
120.241: Total time for which application threads were stopped: 0.0048525 seconds, Stopping threads took: 0.0000172 seconds
120.309: [GC (Allocation Failure)  708591K->386959K(1034752K), 0.0045320 secs]
120.314: Total time for which application threads were stopped: 0.0046886 seconds, Stopping threads took: 0.0000191 seconds
120.379: [GC (Allocation Failure)  708495K->387463K(1034752K), 0.0044075 secs]
120.383: Total time for which application threads were stopped: 0.0046006 seconds, Stopping threads took: 0.0000192 seconds
120.453: [GC (Allocation Failure)  708999K->395049K(1033728K), 0.0045889 secs]
120.457: Total time for which application threads were stopped: 0.0047805 seconds, Stopping threads took: 0.0000198 seconds
120.526: [GC (Allocation Failure)  715561K->394985K(1034240K), 0.0044702 secs]
120.531: Total time for which application threads were stopped: 0.0046189 seconds, Stopping threads took: 0.0000251 seconds
120.598: [GC (Allocation Failure)  715497K->398793K(1034752K), 0.0055182 secs]
120.603: Total time for which application threads were stopped: 0.0056933 seconds, Stopping threads took: 0.0000196 seconds
120.674: [GC (Allocation Failure)  720329K->403020K(1034752K), 0.0044974 secs]
120.679: Total time for which application threads were stopped: 0.0046784 seconds, Stopping threads took: 0.0000273 seconds
120.747: [GC (Allocation Failure)  724556K->403020K(1034752K), 0.0045828 secs]
120.751: Total time for which application threads were stopped: 0.0047415 seconds, Stopping threads took: 0.0000194 seconds
120.816: [GC (Allocation Failure)  724556K->403948K(1034752K), 0.0050046 secs]
120.822: Total time for which application threads were stopped: 0.0051853 seconds, Stopping threads took: 0.0000195 seconds
120.890: [GC (Allocation Failure)  725484K->411054K(1034752K), 0.0045346 secs]
120.894: Total time for which application threads were stopped: 0.0047262 seconds, Stopping threads took: 0.0000193 seconds
120.963: [GC (Allocation Failure)  732590K->411054K(1034752K), 0.0045477 secs]
120.967: Total time for which application threads were stopped: 0.0047227 seconds, Stopping threads took: 0.0000197 seconds
121.034: [GC (Allocation Failure)  732590K->413190K(1034752K), 0.0048739 secs]
121.039: Total time for which application threads were stopped: 0.0050263 seconds, Stopping threads took: 0.0000172 seconds
121.108: [GC (Allocation Failure)  734726K->419080K(1034752K), 0.0046349 secs]
121.112: Total time for which application threads were stopped: 0.0048788 seconds, Stopping threads took: 0.0000199 seconds
121.180: [GC (Allocation Failure)  740616K->419080K(1034752K), 0.0078295 secs]
121.188: Total time for which application threads were stopped: 0.0080157 seconds, Stopping threads took: 0.0000202 seconds
121.255: [GC (Allocation Failure)  740616K->422472K(1034752K), 0.0053546 secs]
121.261: Total time for which application threads were stopped: 0.0055235 seconds, Stopping threads took: 0.0000266 seconds
121.328: [GC (Allocation Failure)  744008K->427210K(1034752K), 0.0046065 secs]
121.333: Total time for which application threads were stopped: 0.0047620 seconds, Stopping threads took: 0.0000185 seconds
121.399: [GC (Allocation Failure)  748746K->427114K(1034752K), 0.0045842 secs]
121.404: Total time for which application threads were stopped: 0.0047519 seconds, Stopping threads took: 0.0000193 seconds
121.469: [GC (Allocation Failure)  748650K->427626K(1034752K), 0.0048553 secs]
121.474: Total time for which application threads were stopped: 0.0050225 seconds, Stopping threads took: 0.0000193 seconds
121.542: [GC (Allocation Failure)  749162K->435213K(1034752K), 0.0045593 secs]
121.547: Total time for which application threads were stopped: 0.0047298 seconds, Stopping threads took: 0.0000275 seconds
121.615: [GC (Allocation Failure)  756749K->435181K(1034752K), 0.0046944 secs]
121.620: Total time for which application threads were stopped: 0.0048599 seconds, Stopping threads took: 0.0000254 seconds
121.686: [GC (Allocation Failure)  756717K->436869K(1034752K), 0.0051383 secs]
121.691: Total time for which application threads were stopped: 0.0052957 seconds, Stopping threads took: 0.0000192 seconds
121.760: [GC (Allocation Failure)  758405K->443207K(1033728K), 0.0045954 secs]
121.764: Total time for which application threads were stopped: 0.0047676 seconds, Stopping threads took: 0.0000196 seconds
121.833: [GC (Allocation Failure)  763719K->443175K(1034240K), 0.0044999 secs]
121.837: Total time for which application threads were stopped: 0.0046566 seconds, Stopping threads took: 0.0000188 seconds
121.904: [GC (Allocation Failure)  763687K->444095K(1033728K), 0.0048038 secs]
121.909: Total time for which application threads were stopped: 0.0049679 seconds, Stopping threads took: 0.0000196 seconds
121.976: [GC (Allocation Failure)  764607K->451265K(1034240K), 0.0045717 secs]
121.981: Total time for which application threads were stopped: 0.0047612 seconds, Stopping threads took: 0.0000193 seconds
122.051: [GC (Allocation Failure)  771777K->451201K(1034240K), 0.0043526 secs]
122.056: Total time for which application threads were stopped: 0.0045160 seconds, Stopping threads took: 0.0000254 seconds
122.124: [GC (Allocation Failure)  771713K->454377K(1034240K), 0.0051717 secs]
122.129: Total time for which application threads were stopped: 0.0053680 seconds, Stopping threads took: 0.0000162 seconds
122.199: [GC (Allocation Failure)  774889K->459372K(1034752K), 0.0047113 secs]
122.204: Total time for which application threads were stopped: 0.0048606 seconds, Stopping threads took: 0.0000197 seconds
122.272: [GC (Allocation Failure)  780908K->459276K(1034752K), 0.0048624 secs]
122.277: Total time for which application threads were stopped: 0.0050296 seconds, Stopping threads took: 0.0000188 seconds
122.342: [GC (Allocation Failure)  780812K->462604K(1034752K), 0.0055841 secs]
122.348: Total time for which application threads were stopped: 0.0057427 seconds, Stopping threads took: 0.0000188 seconds
122.415: [GC (Allocation Failure)  784140K->467374K(1034752K), 0.0045807 secs]
122.420: Total time for which application threads were stopped: 0.0047512 seconds, Stopping threads took: 0.0000198 seconds
122.488: [GC (Allocation Failure)  788910K->467310K(1034752K), 0.0048413 secs]
122.493: Total time for which application threads were stopped: 0.0050055 seconds, Stopping threads took: 0.0000201 seconds
122.559: [GC (Allocation Failure)  788846K->467798K(1034752K), 0.0048103 secs]
122.564: Total time for which application threads were stopped: 0.0049838 seconds, Stopping threads took: 0.0000269 seconds
122.632: [GC (Allocation Failure)  789334K->475320K(1033728K), 0.0048715 secs]
122.637: Total time for which application threads were stopped: 0.0050652 seconds, Stopping threads took: 0.0000193 seconds
122.705: [GC (Allocation Failure)  795832K->475320K(1034240K), 0.0047666 secs]
122.710: Total time for which application threads were stopped: 0.0049499 seconds, Stopping threads took: 0.0000165 seconds
122.779: [GC (Allocation Failure)  795832K->479056K(1034752K), 0.0053815 secs]
122.785: Total time for which application threads were stopped: 0.0055652 seconds, Stopping threads took: 0.0000162 seconds
122.851: [GC (Allocation Failure)  800592K->483378K(1034752K), 0.0048259 secs]
122.856: Total time for which application threads were stopped: 0.0049826 seconds, Stopping threads took: 0.0000167 seconds
122.922: [GC (Allocation Failure)  804914K->483346K(1034752K), 0.0050475 secs]
122.927: Total time for which application threads were stopped: 0.0052239 seconds, Stopping threads took: 0.0000193 seconds
122.994: [GC (Allocation Failure)  804882K->484242K(1034752K), 0.0048621 secs]
122.999: Total time for which application threads were stopped: 0.0050227 seconds, Stopping threads took: 0.0000201 seconds
123.067: [GC (Allocation Failure)  805778K->491413K(1034752K), 0.0046634 secs]
123.072: Total time for which application threads were stopped: 0.0048534 seconds, Stopping threads took: 0.0000252 seconds
123.139: [GC (Allocation Failure)  812949K->491381K(1034752K), 0.0048355 secs]
123.144: Total time for which application threads were stopped: 0.0050350 seconds, Stopping threads took: 0.0000205 seconds
123.212: [GC (Allocation Failure)  812917K->493493K(1034752K), 0.0074042 secs]
123.219: Total time for which application threads were stopped: 0.0075752 seconds, Stopping threads took: 0.0000281 seconds
123.288: [GC (Allocation Failure)  815029K->499543K(1034752K), 0.0049764 secs]
123.293: Total time for which application threads were stopped: 0.0051448 seconds, Stopping threads took: 0.0000195 seconds
123.360: [GC (Allocation Failure)  821079K->499447K(1034752K), 0.0047067 secs]
123.365: Total time for which application threads were stopped: 0.0049227 seconds, Stopping threads took: 0.0000257 seconds
123.432: [GC (Allocation Failure)  820983K->502751K(1034752K), 0.0054039 secs]
123.437: Total time for which application threads were stopped: 0.0055556 seconds, Stopping threads took: 0.0000169 seconds
123.506: [GC (Allocation Failure)  824287K->507521K(1034752K), 0.0048135 secs]
123.511: Total time for which application threads were stopped: 0.0049796 seconds, Stopping threads took: 0.0000207 seconds
123.580: [GC (Allocation Failure)  829057K->507425K(1034752K), 0.0048622 secs]
123.585: Total time for which application threads were stopped: 0.0050251 seconds, Stopping threads took: 0.0000194 seconds
123.650: [GC (Allocation Failure)  828961K->507945K(1034752K), 0.0048209 secs]
123.655: Total time for which application threads were stopped: 0.0049857 seconds, Stopping threads took: 0.0000198 seconds
123.723: [GC (Allocation Failure)  829481K->515499K(1034752K), 0.0048520 secs]
123.728: Total time for which application threads were stopped: 0.0050114 seconds, Stopping threads took: 0.0000198 seconds
123.794: [GC (Allocation Failure)  837035K->515499K(1034752K), 0.0046393 secs]
123.799: Total time for which application threads were stopped: 0.0048011 seconds, Stopping threads took: 0.0000203 seconds
123.864: [GC (Allocation Failure)  837035K->517195K(1034752K), 0.0050874 secs]
123.869: Total time for which application threads were stopped: 0.0052493 seconds, Stopping threads took: 0.0000194 seconds
123.935: [GC (Allocation Failure)  838731K->523534K(1033728K), 0.0047278 secs]
123.940: Total time for which application threads were stopped: 0.0048854 seconds, Stopping threads took: 0.0000189 seconds
124.009: [GC (Allocation Failure)  844046K->523534K(1034240K), 0.0049938 secs]
124.014: Total time for which application threads were stopped: 0.0051520 seconds, Stopping threads took: 0.0000190 seconds
124.083: [GC (Allocation Failure)  844046K->524390K(1033728K), 0.0048981 secs]
124.088: Total time for which application threads were stopped: 0.0050670 seconds, Stopping threads took: 0.0000275 seconds
124.156: [GC (Allocation Failure)  844902K->531592K(1034240K), 0.0048276 secs]
124.161: Total time for which application threads were stopped: 0.0049899 seconds, Stopping threads took: 0.0000195 seconds
124.229: [GC (Allocation Failure)  852104K->531560K(1034240K), 0.0045971 secs]
124.234: Total time for which application threads were stopped: 0.0047568 seconds, Stopping threads took: 0.0000192 seconds
124.303: [GC (Allocation Failure)  852072K->534728K(1034240K), 0.0054911 secs]
124.308: Total time for which application threads were stopped: 0.0056596 seconds, Stopping threads took: 0.0000189 seconds
124.378: [GC (Allocation Failure)  855240K->539658K(1034752K), 0.0047830 secs]
124.383: Total time for which application threads were stopped: 0.0049458 seconds, Stopping threads took: 0.0000195 seconds
124.451: [GC (Allocation Failure)  861194K->539594K(1034752K), 0.0047181 secs]
124.456: Total time for which application threads were stopped: 0.0048891 seconds, Stopping threads took: 0.0000201 seconds
124.521: [GC (Allocation Failure)  861130K->542922K(1034752K), 0.0058322 secs]
124.527: Total time for which application threads were stopped: 0.0060188 seconds, Stopping threads took: 0.0000253 seconds
124.596: [GC (Allocation Failure)  864458K->547628K(1034752K), 0.0048267 secs]
124.601: Total time for which application threads were stopped: 0.0049904 seconds, Stopping threads took: 0.0000203 seconds
124.668: [GC (Allocation Failure)  869164K->547628K(1034752K), 0.0056328 secs]
124.674: Total time for which application threads were stopped: 0.0058387 seconds, Stopping threads took: 0.0000269 seconds
124.739: [GC (Allocation Failure)  869164K->548100K(1034752K), 0.0050749 secs]
124.744: Total time for which application threads were stopped: 0.0052409 seconds, Stopping threads took: 0.0000262 seconds
124.813: [GC (Allocation Failure)  869636K->555719K(1033728K), 0.0055772 secs]
124.819: Total time for which application threads were stopped: 0.0057479 seconds, Stopping threads took: 0.0000195 seconds
124.887: [GC (Allocation Failure)  876231K->555687K(1034240K), 0.0047996 secs]
124.892: Total time for which application threads were stopped: 0.0049682 seconds, Stopping threads took: 0.0000196 seconds
124.959: [GC (Allocation Failure)  876199K->559367K(1034752K), 0.0057269 secs]
124.964: Total time for which application threads were stopped: 0.0059066 seconds, Stopping threads took: 0.0000196 seconds
125.034: [GC (Allocation Failure)  880903K->563753K(1034752K), 0.0049409 secs]
125.039: Total time for which application threads were stopped: 0.0051188 seconds, Stopping threads took: 0.0000276 seconds
125.106: [GC (Allocation Failure)  885289K->563721K(1034752K), 0.0048882 secs]
125.111: Total time for which application threads were stopped: 0.0050512 seconds, Stopping threads took: 0.0000197 seconds
125.176: [GC (Allocation Failure)  885257K->564521K(1034752K), 0.0048627 secs]
125.181: Total time for which application threads were stopped: 0.0050411 seconds, Stopping threads took: 0.0000199 seconds
125.248: [GC (Allocation Failure)  886057K->571819K(1034752K), 0.0047939 secs]
125.252: Total time for which application threads were stopped: 0.0049601 seconds, Stopping threads took: 0.0000204 seconds
125.318: [GC (Allocation Failure)  893355K->571723K(1034752K), 0.0048831 secs]
125.323: Total time for which application threads were stopped: 0.0050683 seconds, Stopping threads took: 0.0000297 seconds
125.388: [GC (Allocation Failure)  893259K->573803K(1034752K), 0.0054458 secs]
125.394: Total time for which application threads were stopped: 0.0056150 seconds, Stopping threads took: 0.0000195 seconds
125.460: [GC (Allocation Failure)  895339K->579854K(1034752K), 0.0049083 secs]
125.465: Total time for which application threads were stopped: 0.0050673 seconds, Stopping threads took: 0.0000203 seconds
125.531: [GC (Allocation Failure)  901390K->579758K(1034752K), 0.0046565 secs]
125.536: Total time for which application threads were stopped: 0.0048166 seconds, Stopping threads took: 0.0000195 seconds
125.601: [GC (Allocation Failure)  901294K->583054K(1034752K), 0.0070273 secs]
125.608: Total time for which application threads were stopped: 0.0072144 seconds, Stopping threads took: 0.0000199 seconds
125.676: [GC (Allocation Failure)  904590K->587856K(1034752K), 0.0049574 secs]
125.681: Total time for which application threads were stopped: 0.0051524 seconds, Stopping threads took: 0.0000194 seconds
125.748: [GC (Allocation Failure)  909392K->587792K(1034752K), 0.0048582 secs]
125.753: Total time for which application threads were stopped: 0.0050184 seconds, Stopping threads took: 0.0000194 seconds
125.820: [GC (Allocation Failure)  909328K->588200K(1034752K), 0.0049919 secs]
125.825: Total time for which application threads were stopped: 0.0051596 seconds, Stopping threads took: 0.0000195 seconds
125.894: [GC (Allocation Failure)  909736K->595850K(1029120K), 0.0049693 secs]
125.899: Total time for which application threads were stopped: 0.0051279 seconds, Stopping threads took: 0.0000197 seconds
125.967: [GC (Allocation Failure)  917386K->595850K(1034240K), 0.0048592 secs]
125.972: Total time for which application threads were stopped: 0.0050268 seconds, Stopping threads took: 0.0000197 seconds
126.039: [GC (Allocation Failure)  916362K->596458K(1034240K), 0.0050431 secs]
126.044: Total time for which application threads were stopped: 0.0052027 seconds, Stopping threads took: 0.0000259 seconds
126.112: [GC (Allocation Failure)  916970K->603916K(1034240K), 0.0046989 secs]
126.116: Total time for which application threads were stopped: 0.0048608 seconds, Stopping threads took: 0.0000191 seconds
126.184: [GC (Allocation Failure)  924428K->603852K(1034240K), 0.0051365 secs]
126.189: Total time for which application threads were stopped: 0.0053046 seconds, Stopping threads took: 0.0000194 seconds
126.258: [GC (Allocation Failure)  924364K->606724K(1034240K), 0.0056303 secs]
126.264: Total time for which application threads were stopped: 0.0057921 seconds, Stopping threads took: 0.0000196 seconds
126.333: [GC (Allocation Failure)  927236K->612007K(1034240K), 0.0047893 secs]
126.337: Total time for which application threads were stopped: 0.0049585 seconds, Stopping threads took: 0.0000198 seconds
126.405: [GC (Allocation Failure)  932519K->611911K(1034240K), 0.0048309 secs]
126.410: Total time for which application threads were stopped: 0.0049929 seconds, Stopping threads took: 0.0000195 seconds
126.477: [GC (Allocation Failure)  932423K->612935K(1034240K), 0.0051568 secs]
126.482: Total time for which application threads were stopped: 0.0053273 seconds, Stopping threads took: 0.0000193 seconds
126.550: [GC (Allocation Failure)  933447K->619977K(1034240K), 0.0048162 secs]
126.554: Total time for which application threads were stopped: 0.0050015 seconds, Stopping threads took: 0.0000260 seconds
126.622: [GC (Allocation Failure)  940489K->619913K(1034240K), 0.0045781 secs]
126.627: Total time for which application threads were stopped: 0.0047313 seconds, Stopping threads took: 0.0000257 seconds
126.693: [GC (Allocation Failure)  940425K->623209K(1034752K), 0.0057993 secs]
126.699: Total time for which application threads were stopped: 0.0059780 seconds, Stopping threads took: 0.0000261 seconds
126.766: [GC (Allocation Failure)  944233K->627947K(1034240K), 0.0051219 secs]
126.771: Total time for which application threads were stopped: 0.0052965 seconds, Stopping threads took: 0.0000211 seconds
126.838: [GC (Allocation Failure)  948971K->627915K(1034752K), 0.0058967 secs]
126.844: Total time for which application threads were stopped: 0.0060847 seconds, Stopping threads took: 0.0000202 seconds
126.911: [GC (Allocation Failure)  949451K->631403K(1034752K), 0.0058845 secs]
126.917: Total time for which application threads were stopped: 0.0060349 seconds, Stopping threads took: 0.0000172 seconds
126.985: [GC (Allocation Failure)  952939K->635981K(1034752K), 0.0047874 secs]
126.990: Total time for which application threads were stopped: 0.0049608 seconds, Stopping threads took: 0.0000188 seconds
127.057: [GC (Allocation Failure)  957517K->635981K(1034752K), 0.0049445 secs]
127.062: Total time for which application threads were stopped: 0.0051043 seconds, Stopping threads took: 0.0000200 seconds
127.127: [GC (Allocation Failure)  957517K->636581K(1034752K), 0.0050474 secs]
127.132: Total time for which application threads were stopped: 0.0052414 seconds, Stopping threads took: 0.0000200 seconds
127.200: [GC (Allocation Failure)  958117K->644040K(1034752K), 0.0055853 secs]
127.205: Total time for which application threads were stopped: 0.0057572 seconds, Stopping threads took: 0.0000196 seconds
127.273: [GC (Allocation Failure)  965576K->644008K(1034752K), 0.0050438 secs]
127.278: Total time for which application threads were stopped: 0.0052058 seconds, Stopping threads took: 0.0000194 seconds
127.345: [GC (Allocation Failure)  965544K->645864K(1034752K), 0.0051705 secs]
127.350: Total time for which application threads were stopped: 0.0053494 seconds, Stopping threads took: 0.0000272 seconds
127.416: [GC (Allocation Failure)  967400K->652170K(1034752K), 0.0049151 secs]
127.421: Total time for which application threads were stopped: 0.0050794 seconds, Stopping threads took: 0.0000197 seconds
127.488: [GC (Allocation Failure)  973706K->652074K(1034752K), 0.0049933 secs]
127.493: Total time for which application threads were stopped: 0.0051745 seconds, Stopping threads took: 0.0000200 seconds
127.559: [GC (Allocation Failure)  973610K->655146K(1034752K), 0.0058251 secs]
127.565: Total time for which application threads were stopped: 0.0059969 seconds, Stopping threads took: 0.0000195 seconds
127.633: [GC (Allocation Failure)  976682K->660108K(1034752K), 0.0050321 secs]
127.638: Total time for which application threads were stopped: 0.0051956 seconds, Stopping threads took: 0.0000200 seconds
127.706: [GC (Allocation Failure)  981644K->660108K(1034752K), 0.0052298 secs]
127.711: Total time for which application threads were stopped: 0.0054126 seconds, Stopping threads took: 0.0000206 seconds
127.778: [GC (Allocation Failure)  981644K->660196K(1021440K), 0.0051261 secs]
127.783: Total time for which application threads were stopped: 0.0053004 seconds, Stopping threads took: 0.0000193 seconds
127.853: [GC (Allocation Failure)  981732K->668134K(1034240K), 0.0049855 secs]
127.858: Total time for which application threads were stopped: 0.0051819 seconds, Stopping threads took: 0.0000259 seconds
127.926: [GC (Allocation Failure)  988646K->668134K(1034240K), 0.0051667 secs]
127.932: Total time for which application threads were stopped: 0.0053270 seconds, Stopping threads took: 0.0000194 seconds
127.998: [GC (Allocation Failure)  988646K->671526K(1034752K), 0.0056944 secs]
128.004: Total time for which application threads were stopped: 0.0058598 seconds, Stopping threads took: 0.0000188 seconds
128.071: [GC (Allocation Failure)  992550K->676233K(1034240K), 0.0047585 secs]
128.076: Total time for which application threads were stopped: 0.0049274 seconds, Stopping threads took: 0.0000277 seconds
128.143: [GC (Allocation Failure)  997257K->676137K(1034752K), 0.0052014 secs]
128.149: Total time for which application threads were stopped: 0.0053633 seconds, Stopping threads took: 0.0000189 seconds
128.218: [GC (Allocation Failure)  997673K->679753K(1034752K), 0.0096884 secs]
128.227: Total time for which application threads were stopped: 0.0098762 seconds, Stopping threads took: 0.0000168 seconds
128.295: [GC (Allocation Failure)  1001289K->684235K(1034752K), 0.0051667 secs]
128.300: Total time for which application threads were stopped: 0.0053602 seconds, Stopping threads took: 0.0000198 seconds
128.369: [GC (Allocation Failure)  1005771K->684203K(1034752K), 0.0050899 secs]
128.374: Total time for which application threads were stopped: 0.0052515 seconds, Stopping threads took: 0.0000200 seconds
128.439: [GC (Allocation Failure)  1005739K->684907K(1034752K), 0.0053740 secs]
128.445: [Full GC (Ergonomics)  684907K->9197K(1034752K), 0.0139907 secs]
128.459: Total time for which application threads were stopped: 0.0196824 seconds, Stopping threads took: 0.0000194 seconds
128.529: [GC (Allocation Failure)  330733K->18639K(1030656K), 0.0040641 secs]
128.533: Total time for which application threads were stopped: 0.0042190 seconds, Stopping threads took: 0.0000170 seconds
128.600: [GC (Allocation Failure)  340175K->18639K(1034240K), 0.0040431 secs]
128.604: Total time for which application threads were stopped: 0.0042300 seconds, Stopping threads took: 0.0000209 seconds
128.671: [GC (Allocation Failure)  339151K->19559K(1034240K), 0.0040762 secs]
128.675: Total time for which application threads were stopped: 0.0042701 seconds, Stopping threads took: 0.0000215 seconds
128.744: [GC (Allocation Failure)  340071K->26698K(1034240K), 0.0037551 secs]
128.748: Total time for which application threads were stopped: 0.0039663 seconds, Stopping threads took: 0.0000235 seconds
128.818: [GC (Allocation Failure)  347210K->26698K(1034240K), 0.0038483 secs]
128.822: Total time for which application threads were stopped: 0.0040288 seconds, Stopping threads took: 0.0000197 seconds
128.891: [GC (Allocation Failure)  347210K->29826K(1034240K), 0.0044667 secs]
128.896: Total time for which application threads were stopped: 0.0046399 seconds, Stopping threads took: 0.0000197 seconds
128.964: [GC (Allocation Failure)  350338K->34724K(1034240K), 0.0037635 secs]
128.967: Total time for which application threads were stopped: 0.0039562 seconds, Stopping threads took: 0.0000215 seconds
129.036: [GC (Allocation Failure)  355236K->34724K(1034752K), 0.0038194 secs]
129.039: Total time for which application threads were stopped: 0.0040216 seconds, Stopping threads took: 0.0000249 seconds
129.108: [GC (Allocation Failure)  355748K->36580K(1034240K), 0.0042624 secs]
129.112: Total time for which application threads were stopped: 0.0044218 seconds, Stopping threads took: 0.0000166 seconds
129.180: [GC (Allocation Failure)  357604K->42790K(1034240K), 0.0038729 secs]
129.184: Total time for which application threads were stopped: 0.0040551 seconds, Stopping threads took: 0.0000200 seconds
129.251: [GC (Allocation Failure)  363302K->42758K(1034240K), 0.0038543 secs]
129.255: Total time for which application threads were stopped: 0.0040248 seconds, Stopping threads took: 0.0000193 seconds
129.324: [GC (Allocation Failure)  363270K->43238K(1033728K), 0.0040933 secs]
129.328: Total time for which application threads were stopped: 0.0042652 seconds, Stopping threads took: 0.0000185 seconds
129.396: [GC (Allocation Failure)  363750K->50792K(1034240K), 0.0037775 secs]
129.400: Total time for which application threads were stopped: 0.0039419 seconds, Stopping threads took: 0.0000190 seconds
129.468: [GC (Allocation Failure)  371304K->50792K(1034240K), 0.0036024 secs]
129.472: Total time for which application threads were stopped: 0.0037855 seconds, Stopping threads took: 0.0000196 seconds
129.541: [GC (Allocation Failure)  371304K->53544K(1034240K), 0.0042223 secs]
129.545: Total time for which application threads were stopped: 0.0043801 seconds, Stopping threads took: 0.0000262 seconds
129.612: [GC (Allocation Failure)  374056K->58795K(1034240K), 0.0038320 secs]
129.616: Total time for which application threads were stopped: 0.0040367 seconds, Stopping threads took: 0.0000253 seconds
129.686: [GC (Allocation Failure)  379307K->58795K(1034240K), 0.0034823 secs]
129.690: Total time for which application threads were stopped: 0.0036632 seconds, Stopping threads took: 0.0000163 seconds
129.759: [GC (Allocation Failure)  379307K->59723K(1033728K), 0.0043111 secs]
129.763: Total time for which application threads were stopped: 0.0044718 seconds, Stopping threads took: 0.0000192 seconds
129.831: [GC (Allocation Failure)  380235K->66829K(1034240K), 0.0039350 secs]
129.835: Total time for which application threads were stopped: 0.0041117 seconds, Stopping threads took: 0.0000201 seconds
129.903: [GC (Allocation Failure)  387341K->66829K(1034240K), 0.0038348 secs]
129.907: Total time for which application threads were stopped: 0.0040041 seconds, Stopping threads took: 0.0000193 seconds
129.976: [GC (Allocation Failure)  387341K->70029K(1034240K), 0.0045553 secs]
129.981: Total time for which application threads were stopped: 0.0047362 seconds, Stopping threads took: 0.0000192 seconds
130.050: [GC (Allocation Failure)  390541K->74863K(1034752K), 0.0038538 secs]
130.054: Total time for which application threads were stopped: 0.0040136 seconds, Stopping threads took: 0.0000250 seconds
130.122: [GC (Allocation Failure)  396399K->74863K(1034752K), 0.0039571 secs]
130.126: Total time for which application threads were stopped: 0.0041271 seconds, Stopping threads took: 0.0000201 seconds
130.192: [GC (Allocation Failure)  396399K->78223K(1034752K), 0.0056165 secs]
130.198: Total time for which application threads were stopped: 0.0057790 seconds, Stopping threads took: 0.0000246 seconds
130.265: [GC (Allocation Failure)  399759K->82993K(1034752K), 0.0040555 secs]
130.269: Total time for which application threads were stopped: 0.0042160 seconds, Stopping threads took: 0.0000195 seconds
130.336: [GC (Allocation Failure)  404529K->82897K(1034752K), 0.0040881 secs]
130.340: Total time for which application threads were stopped: 0.0042550 seconds, Stopping threads took: 0.0000207 seconds
130.405: [GC (Allocation Failure)  404433K->83401K(1034752K), 0.0041573 secs]
130.410: Total time for which application threads were stopped: 0.0043175 seconds, Stopping threads took: 0.0000194 seconds
130.476: [GC (Allocation Failure)  404937K->90956K(1034752K), 0.0040328 secs]
130.480: Total time for which application threads were stopped: 0.0041951 seconds, Stopping threads took: 0.0000195 seconds
130.548: [GC (Allocation Failure)  412492K->90956K(1034752K), 0.0039420 secs]
130.552: Total time for which application threads were stopped: 0.0041063 seconds, Stopping threads took: 0.0000202 seconds
130.618: [GC (Allocation Failure)  412492K->92652K(1034752K), 0.0043216 secs]
130.622: Total time for which application threads were stopped: 0.0044888 seconds, Stopping threads took: 0.0000209 seconds
130.691: [GC (Allocation Failure)  414188K->98990K(1029120K), 0.0047510 secs]
130.696: Total time for which application threads were stopped: 0.0049341 seconds, Stopping threads took: 0.0000196 seconds
130.763: [GC (Allocation Failure)  420526K->98958K(1034752K), 0.0049100 secs]
130.768: Total time for which application threads were stopped: 0.0051012 seconds, Stopping threads took: 0.0000228 seconds
130.836: [GC (Allocation Failure)  419982K->101382K(1034240K), 0.0045608 secs]
130.840: Total time for which application threads were stopped: 0.0047370 seconds, Stopping threads took: 0.0000229 seconds
130.910: [GC (Allocation Failure)  422406K->107048K(1034752K), 0.0041459 secs]
130.914: Total time for which application threads were stopped: 0.0043129 seconds, Stopping threads took: 0.0000194 seconds
130.982: [GC (Allocation Failure)  428584K->106984K(1034752K), 0.0038108 secs]
130.986: Total time for which application threads were stopped: 0.0039931 seconds, Stopping threads took: 0.0000198 seconds
131.052: [GC (Allocation Failure)  428520K->110152K(1034752K), 0.0047833 secs]
131.057: Total time for which application threads were stopped: 0.0049524 seconds, Stopping threads took: 0.0000261 seconds
131.125: [GC (Allocation Failure)  431688K->115146K(1034752K), 0.0038029 secs]
131.129: Total time for which application threads were stopped: 0.0039629 seconds, Stopping threads took: 0.0000261 seconds
131.199: [GC (Allocation Failure)  436682K->115018K(1034752K), 0.0047344 secs]
131.203: Total time for which application threads were stopped: 0.0049157 seconds, Stopping threads took: 0.0000265 seconds
131.269: [GC (Allocation Failure)  436554K->115306K(1021440K), 0.0042809 secs]
131.274: Total time for which application threads were stopped: 0.0046078 seconds, Stopping threads took: 0.0000194 seconds
131.341: [GC (Allocation Failure)  436842K->123117K(1034240K), 0.0040070 secs]
131.346: Total time for which application threads were stopped: 0.0042269 seconds, Stopping threads took: 0.0000192 seconds
131.414: [GC (Allocation Failure)  443629K->123053K(1034240K), 0.0039041 secs]
131.418: Total time for which application threads were stopped: 0.0040534 seconds, Stopping threads took: 0.0000171 seconds
131.485: [GC (Allocation Failure)  443565K->126597K(1034752K), 0.0051134 secs]
131.490: Total time for which application threads were stopped: 0.0052752 seconds, Stopping threads took: 0.0000192 seconds
131.560: [GC (Allocation Failure)  447621K->131079K(1034240K), 0.0040209 secs]
131.564: Total time for which application threads were stopped: 0.0041896 seconds, Stopping threads took: 0.0000196 seconds
131.631: [GC (Allocation Failure)  452103K->131079K(1034752K), 0.0040696 secs]
131.635: Total time for which application threads were stopped: 0.0042383 seconds, Stopping threads took: 0.0000193 seconds
131.703: [GC (Allocation Failure)  452615K->134823K(1034752K), 0.0049810 secs]
131.708: Total time for which application threads were stopped: 0.0051578 seconds, Stopping threads took: 0.0000192 seconds
131.777: [GC (Allocation Failure)  456359K->139145K(1035264K), 0.0041467 secs]
131.781: Total time for which application threads were stopped: 0.0043116 seconds, Stopping threads took: 0.0000206 seconds
131.849: [GC (Allocation Failure)  461705K->139113K(1035264K), 0.0039836 secs]
131.853: Total time for which application threads were stopped: 0.0041482 seconds, Stopping threads took: 0.0000196 seconds
131.919: [GC (Allocation Failure)  461673K->142057K(1035264K), 0.0047828 secs]
131.924: Total time for which application threads were stopped: 0.0049647 seconds, Stopping threads took: 0.0000191 seconds
131.993: [GC (Allocation Failure)  464617K->147180K(1035264K), 0.0041109 secs]
131.997: Total time for which application threads were stopped: 0.0042771 seconds, Stopping threads took: 0.0000191 seconds
132.065: [GC (Allocation Failure)  469740K->147180K(1035264K), 0.0038673 secs]
132.069: Total time for which application threads were stopped: 0.0040377 seconds, Stopping threads took: 0.0000277 seconds
132.135: [GC (Allocation Failure)  469740K->150276K(1035264K), 0.0049395 secs]
132.140: Total time for which application threads were stopped: 0.0051144 seconds, Stopping threads took: 0.0000190 seconds
132.209: [GC (Allocation Failure)  472836K->155238K(1035264K), 0.0063320 secs]
132.215: Total time for which application threads were stopped: 0.0064948 seconds, Stopping threads took: 0.0000259 seconds
132.283: [GC (Allocation Failure)  477798K->155206K(1035264K), 0.0040830 secs]
132.288: Total time for which application threads were stopped: 0.0042516 seconds, Stopping threads took: 0.0000191 seconds
132.354: [GC (Allocation Failure)  477766K->150436K(1035264K), 0.0020936 secs]
132.356: Total time for which application threads were stopped: 0.0022812 seconds, Stopping threads took: 0.0000249 seconds
132.427: [GC (Allocation Failure)  472996K->155238K(1035264K), 0.0043054 secs]
132.431: Total time for which application threads were stopped: 0.0044619 seconds, Stopping threads took: 0.0000169 seconds
132.498: [GC (Allocation Failure)  477798K->155206K(1035264K), 0.0041325 secs]
132.502: Total time for which application threads were stopped: 0.0043212 seconds, Stopping threads took: 0.0000195 seconds
132.573: [GC (Allocation Failure)  477766K->154756K(1035264K), 0.0038108 secs]
132.577: Total time for which application threads were stopped: 0.0039754 seconds, Stopping threads took: 0.0000250 seconds
132.644: [GC (Allocation Failure)  477316K->155398K(1035776K), 0.0041203 secs]
132.648: Total time for which application threads were stopped: 0.0043142 seconds, Stopping threads took: 0.0000194 seconds
132.718: [GC (Allocation Failure)  478982K->155174K(1035776K), 0.0040843 secs]
132.722: Total time for which application threads were stopped: 0.0042507 seconds, Stopping threads took: 0.0000187 seconds
132.789: [GC (Allocation Failure)  478758K->161052K(1031680K), 0.0067389 secs]
132.796: Total time for which application threads were stopped: 0.0069092 seconds, Stopping threads took: 0.0000265 seconds
132.863: [GC (Allocation Failure)  480540K->156478K(1033728K), 0.0042556 secs]
132.868: Total time for which application threads were stopped: 0.0044327 seconds, Stopping threads took: 0.0000210 seconds
132.935: [GC (Allocation Failure)  475966K->156350K(1034752K), 0.0039887 secs]
132.939: Total time for which application threads were stopped: 0.0041494 seconds, Stopping threads took: 0.0000198 seconds
133.008: [GC (Allocation Failure)  477374K->158844K(1034240K), 0.0050229 secs]
133.013: Total time for which application threads were stopped: 0.0052147 seconds, Stopping threads took: 0.0000195 seconds
133.083: [GC (Allocation Failure)  479868K->156414K(1034752K), 0.0039530 secs]
133.087: Total time for which application threads were stopped: 0.0041127 seconds, Stopping threads took: 0.0000246 seconds
133.155: [GC (Allocation Failure)  477438K->156318K(1034240K), 0.0038743 secs]
133.159: Total time for which application threads were stopped: 0.0040373 seconds, Stopping threads took: 0.0000202 seconds
133.228: [GC (Allocation Failure)  477342K->158556K(1034240K), 0.0052338 secs]
133.233: Total time for which application threads were stopped: 0.0054119 seconds, Stopping threads took: 0.0000188 seconds
133.301: [GC (Allocation Failure)  480092K->156382K(1034752K), 0.0041989 secs]
133.305: Total time for which application threads were stopped: 0.0043670 seconds, Stopping threads took: 0.0000196 seconds
133.372: [GC (Allocation Failure)  477918K->156286K(1035776K), 0.0041036 secs]
133.376: Total time for which application threads were stopped: 0.0042701 seconds, Stopping threads took: 0.0000200 seconds
133.444: [GC (Allocation Failure)  479358K->161260K(1035264K), 0.0063578 secs]
133.450: Total time for which application threads were stopped: 0.0065320 seconds, Stopping threads took: 0.0000217 seconds
133.517: [GC (Allocation Failure)  484332K->156558K(1034240K), 0.0042324 secs]
133.522: Total time for which application threads were stopped: 0.0044066 seconds, Stopping threads took: 0.0000194 seconds
133.589: [GC (Allocation Failure)  478094K->156558K(1034752K), 0.0042253 secs]
133.594: Total time for which application threads were stopped: 0.0043902 seconds, Stopping threads took: 0.0000202 seconds
133.659: [GC (Allocation Failure)  478094K->164236K(1031168K), 0.0080083 secs]
133.667: Total time for which application threads were stopped: 0.0081700 seconds, Stopping threads took: 0.0000199 seconds
133.735: [GC (Allocation Failure)  482700K->159214K(1033216K), 0.0042969 secs]
133.740: Total time for which application threads were stopped: 0.0044557 seconds, Stopping threads took: 0.0000190 seconds
133.805: [GC (Allocation Failure)  477678K->158958K(1033728K), 0.0041213 secs]
133.809: Total time for which application threads were stopped: 0.0042917 seconds, Stopping threads took: 0.0000276 seconds
133.876: [GC (Allocation Failure)  478446K->159756K(1033728K), 0.0070975 secs]
133.883: Total time for which application threads were stopped: 0.0072713 seconds, Stopping threads took: 0.0000204 seconds
133.952: [GC (Allocation Failure)  479244K->159150K(1034752K), 0.0041216 secs]
133.956: Total time for which application threads were stopped: 0.0042862 seconds, Stopping threads took: 0.0000187 seconds
134.022: [GC (Allocation Failure)  480174K->158990K(1034240K), 0.0042708 secs]
134.026: Total time for which application threads were stopped: 0.0044349 seconds, Stopping threads took: 0.0000207 seconds
134.093: [GC (Allocation Failure)  480014K->157932K(1035264K), 0.0037326 secs]
134.097: Total time for which application threads were stopped: 0.0038913 seconds, Stopping threads took: 0.0000192 seconds
134.167: [GC (Allocation Failure)  480492K->159118K(1035264K), 0.0040537 secs]
134.171: Total time for which application threads were stopped: 0.0042151 seconds, Stopping threads took: 0.0000194 seconds
134.239: [GC (Allocation Failure)  481678K->159022K(1035776K), 0.0040393 secs]
134.243: Total time for which application threads were stopped: 0.0042103 seconds, Stopping threads took: 0.0000195 seconds
134.310: [GC (Allocation Failure)  482094K->162732K(1035264K), 0.0057030 secs]
134.316: Total time for which application threads were stopped: 0.0058642 seconds, Stopping threads took: 0.0000196 seconds
134.382: [GC (Allocation Failure)  485804K->159022K(1035264K), 0.0040072 secs]
134.386: Total time for which application threads were stopped: 0.0041686 seconds, Stopping threads took: 0.0000197 seconds
134.454: [GC (Allocation Failure)  481582K->158958K(1035264K), 0.0039034 secs]
134.458: Total time for which application threads were stopped: 0.0040638 seconds, Stopping threads took: 0.0000193 seconds
134.525: [GC (Allocation Failure)  481518K->151148K(1033728K), 0.0008061 secs]
134.526: Total time for which application threads were stopped: 0.0009217 seconds, Stopping threads took: 0.0000186 seconds
134.597: [GC (Allocation Failure)  472684K->159278K(1034752K), 0.0039806 secs]
134.601: Total time for which application threads were stopped: 0.0041570 seconds, Stopping threads took: 0.0000276 seconds
134.668: [GC (Allocation Failure)  480814K->163142K(1035776K), 0.0053995 secs]
134.673: Total time for which application threads were stopped: 0.0055708 seconds, Stopping threads took: 0.0000188 seconds
134.741: [GC (Allocation Failure)  486214K->158084K(1035264K), 0.0023930 secs]
134.743: Total time for which application threads were stopped: 0.0025490 seconds, Stopping threads took: 0.0000164 seconds
134.810: [GC (Allocation Failure)  481156K->163374K(1035264K), 0.0040661 secs]
134.814: Total time for which application threads were stopped: 0.0042276 seconds, Stopping threads took: 0.0000192 seconds
134.882: [GC (Allocation Failure)  485934K->167286K(1035264K), 0.0043040 secs]
134.887: Total time for which application threads were stopped: 0.0044839 seconds, Stopping threads took: 0.0000198 seconds
134.954: [GC (Allocation Failure)  489846K->163412K(1035776K), 0.0028616 secs]
134.957: Total time for which application threads were stopped: 0.0030506 seconds, Stopping threads took: 0.0000196 seconds
135.027: [GC (Allocation Failure)  486996K->167454K(1035776K), 0.0042523 secs]
135.031: Total time for which application threads were stopped: 0.0044242 seconds, Stopping threads took: 0.0000201 seconds
135.101: [GC (Allocation Failure)  491038K->171454K(1035776K), 0.0061965 secs]
135.107: Total time for which application threads were stopped: 0.0063732 seconds, Stopping threads took: 0.0000249 seconds
135.175: [GC (Allocation Failure)  495038K->171422K(1035776K), 0.0040003 secs]
135.179: Total time for which application threads were stopped: 0.0041632 seconds, Stopping threads took: 0.0000208 seconds
135.249: [GC (Allocation Failure)  495006K->171494K(1034752K), 0.0043073 secs]
135.253: Total time for which application threads were stopped: 0.0044871 seconds, Stopping threads took: 0.0000281 seconds
135.320: [GC (Allocation Failure)  494054K->179496K(1035264K), 0.0042114 secs]
135.325: Total time for which application threads were stopped: 0.0043811 seconds, Stopping threads took: 0.0000191 seconds
135.391: [GC (Allocation Failure)  502056K->179464K(1035264K), 0.0040484 secs]
135.395: Total time for which application threads were stopped: 0.0042170 seconds, Stopping threads took: 0.0000198 seconds
135.462: [GC (Allocation Failure)  502024K->179528K(1022464K), 0.0041335 secs]
135.467: Total time for which application threads were stopped: 0.0043112 seconds, Stopping threads took: 0.0000201 seconds
135.536: [GC (Allocation Failure)  502088K->187498K(1034752K), 0.0041322 secs]
135.540: Total time for which application threads were stopped: 0.0043161 seconds, Stopping threads took: 0.0000189 seconds
135.610: [GC (Allocation Failure)  509034K->187466K(1034752K), 0.0041339 secs]
135.614: Total time for which application threads were stopped: 0.0042934 seconds, Stopping threads took: 0.0000201 seconds
135.682: [GC (Allocation Failure)  509002K->187714K(1034752K), 0.0043749 secs]
135.686: Total time for which application threads were stopped: 0.0045340 seconds, Stopping threads took: 0.0000190 seconds
135.753: [GC (Allocation Failure)  509250K->195525K(1034752K), 0.0042060 secs]
135.758: Total time for which application threads were stopped: 0.0043659 seconds, Stopping threads took: 0.0000194 seconds
135.825: [GC (Allocation Failure)  517061K->195557K(1034752K), 0.0039315 secs]
135.829: Total time for which application threads were stopped: 0.0041213 seconds, Stopping threads took: 0.0000196 seconds
135.896: [GC (Allocation Failure)  517093K->195973K(1021440K), 0.0043684 secs]
135.900: Total time for which application threads were stopped: 0.0045168 seconds, Stopping threads took: 0.0000166 seconds
135.969: [GC (Allocation Failure)  517509K->203527K(1034240K), 0.0041184 secs]
135.973: Total time for which application threads were stopped: 0.0042982 seconds, Stopping threads took: 0.0000196 seconds
136.041: [GC (Allocation Failure)  524039K->203559K(1034240K), 0.0040512 secs]
136.045: Total time for which application threads were stopped: 0.0042232 seconds, Stopping threads took: 0.0000254 seconds
136.113: [GC (Allocation Failure)  524071K->203687K(1034240K), 0.0043114 secs]
136.117: Total time for which application threads were stopped: 0.0044731 seconds, Stopping threads took: 0.0000196 seconds
136.185: [GC (Allocation Failure)  524199K->211593K(1028096K), 0.0042697 secs]
136.189: Total time for which application threads were stopped: 0.0044408 seconds, Stopping threads took: 0.0000198 seconds
136.258: [GC (Allocation Failure)  532105K->211593K(1033728K), 0.0041927 secs]
136.262: Total time for which application threads were stopped: 0.0043637 seconds, Stopping threads took: 0.0000203 seconds
136.329: [GC (Allocation Failure)  531081K->211617K(1033728K), 0.0050158 secs]
136.334: Total time for which application threads were stopped: 0.0051897 seconds, Stopping threads took: 0.0000198 seconds
136.401: [GC (Allocation Failure)  531105K->219619K(1033728K), 0.0042107 secs]
136.406: Total time for which application threads were stopped: 0.0043849 seconds, Stopping threads took: 0.0000222 seconds
136.472: [GC (Allocation Failure)  539107K->219619K(1033728K), 0.0042188 secs]
136.476: Total time for which application threads were stopped: 0.0044144 seconds, Stopping threads took: 0.0000209 seconds
136.543: [GC (Allocation Failure)  539107K->219883K(1033728K), 0.0042773 secs]
136.547: Total time for which application threads were stopped: 0.0044452 seconds, Stopping threads took: 0.0000281 seconds
136.614: [GC (Allocation Failure)  539371K->227662K(1033728K), 0.0042462 secs]
136.618: Total time for which application threads were stopped: 0.0044051 seconds, Stopping threads took: 0.0000189 seconds
136.685: [GC (Allocation Failure)  547150K->227662K(1033728K), 0.0042089 secs]
136.690: Total time for which application threads were stopped: 0.0043846 seconds, Stopping threads took: 0.0000193 seconds
136.756: [GC (Allocation Failure)  547150K->227878K(1033728K), 0.0044867 secs]
136.760: Total time for which application threads were stopped: 0.0046649 seconds, Stopping threads took: 0.0000194 seconds
136.827: [GC (Allocation Failure)  547366K->235688K(1032704K), 0.0043134 secs]
136.831: Total time for which application threads were stopped: 0.0044720 seconds, Stopping threads took: 0.0000196 seconds
136.898: [GC (Allocation Failure)  554152K->231558K(1033216K), 0.0029578 secs]
136.901: Total time for which application threads were stopped: 0.0031131 seconds, Stopping threads took: 0.0000186 seconds
136.968: [GC (Allocation Failure)  550022K->235880K(1034752K), 0.0044463 secs]
136.973: Total time for which application threads were stopped: 0.0046131 seconds, Stopping threads took: 0.0000189 seconds
137.041: [GC (Allocation Failure)  556904K->239840K(1034240K), 0.0040780 secs]
137.045: Total time for which application threads were stopped: 0.0042513 seconds, Stopping threads took: 0.0000258 seconds
137.113: [GC (Allocation Failure)  560864K->232830K(1034752K), 0.0013264 secs]
137.115: Total time for which application threads were stopped: 0.0014683 seconds, Stopping threads took: 0.0000260 seconds
137.186: [GC (Allocation Failure)  554366K->239936K(1034752K), 0.0044548 secs]
137.190: Total time for which application threads were stopped: 0.0046416 seconds, Stopping threads took: 0.0000198 seconds
137.257: [GC (Allocation Failure)  561472K->243992K(1034752K), 0.0052856 secs]
137.263: Total time for which application threads were stopped: 0.0054559 seconds, Stopping threads took: 0.0000203 seconds
137.329: [GC (Allocation Failure)  565528K->238198K(1034752K), 0.0019803 secs]
137.331: Total time for which application threads were stopped: 0.0021305 seconds, Stopping threads took: 0.0000204 seconds
137.399: [GC (Allocation Failure)  559734K->244032K(1035264K), 0.0044278 secs]
137.403: Total time for which application threads were stopped: 0.0046097 seconds, Stopping threads took: 0.0000195 seconds
137.472: [GC (Allocation Failure)  566080K->248176K(1034752K), 0.0047913 secs]
137.477: Total time for which application threads were stopped: 0.0049750 seconds, Stopping threads took: 0.0000218 seconds
137.545: [GC (Allocation Failure)  570224K->244238K(1035776K), 0.0027029 secs]
137.548: Total time for which application threads were stopped: 0.0028587 seconds, Stopping threads took: 0.0000192 seconds
137.616: [GC (Allocation Failure)  567310K->248304K(1035264K), 0.0044503 secs]
137.620: Total time for which application threads were stopped: 0.0046207 seconds, Stopping threads took: 0.0000202 seconds
137.689: [GC (Allocation Failure)  571376K->252272K(1035264K), 0.0042492 secs]
137.693: Total time for which application threads were stopped: 0.0044340 seconds, Stopping threads took: 0.0000216 seconds
137.761: [GC (Allocation Failure)  575856K->252272K(1035776K), 0.0040872 secs]
137.765: Total time for which application threads were stopped: 0.0042615 seconds, Stopping threads took: 0.0000199 seconds
137.831: [GC (Allocation Failure)  575856K->252328K(1034752K), 0.0041754 secs]
137.835: Total time for which application threads were stopped: 0.0043569 seconds, Stopping threads took: 0.0000192 seconds
137.903: [GC (Allocation Failure)  574888K->260330K(1035264K), 0.0043653 secs]
137.907: Total time for which application threads were stopped: 0.0045298 seconds, Stopping threads took: 0.0000201 seconds
137.974: [GC (Allocation Failure)  582890K->260298K(1034240K), 0.0041121 secs]
137.978: Total time for which application threads were stopped: 0.0043059 seconds, Stopping threads took: 0.0000199 seconds
138.046: [GC (Allocation Failure)  581834K->260354K(1034752K), 0.0043461 secs]
138.050: Total time for which application threads were stopped: 0.0045005 seconds, Stopping threads took: 0.0000165 seconds
138.118: [GC (Allocation Failure)  581890K->268356K(1033728K), 0.0044638 secs]
138.123: Total time for which application threads were stopped: 0.0046367 seconds, Stopping threads took: 0.0000253 seconds
138.191: [GC (Allocation Failure)  588868K->268292K(1034240K), 0.0070985 secs]
138.198: Total time for which application threads were stopped: 0.0072924 seconds, Stopping threads took: 0.0000201 seconds
138.264: [GC (Allocation Failure)  588804K->268580K(1034240K), 0.0045922 secs]
138.269: Total time for which application threads were stopped: 0.0047612 seconds, Stopping threads took: 0.0000190 seconds
138.336: [GC (Allocation Failure)  589092K->276359K(1034240K), 0.0042805 secs]
138.341: Total time for which application threads were stopped: 0.0044603 seconds, Stopping threads took: 0.0000190 seconds
138.407: [GC (Allocation Failure)  596871K->276327K(1034240K), 0.0044749 secs]
138.411: Total time for which application threads were stopped: 0.0047945 seconds, Stopping threads took: 0.0001365 seconds
138.479: [GC (Allocation Failure)  596839K->276775K(1020416K), 0.0043751 secs]
138.483: Total time for which application threads were stopped: 0.0045535 seconds, Stopping threads took: 0.0000196 seconds
138.552: [GC (Allocation Failure)  597287K->284393K(1033728K), 0.0040205 secs]
138.556: Total time for which application threads were stopped: 0.0042052 seconds, Stopping threads took: 0.0000257 seconds
138.622: [GC (Allocation Failure)  603881K->284393K(1033728K), 0.0042296 secs]
138.626: Total time for which application threads were stopped: 0.0044150 seconds, Stopping threads took: 0.0000194 seconds
138.692: [GC (Allocation Failure)  603881K->284521K(1033728K), 0.0042430 secs]
138.697: Total time for which application threads were stopped: 0.0044201 seconds, Stopping threads took: 0.0000188 seconds
138.764: [GC (Allocation Failure)  604009K->292427K(1033728K), 0.0042532 secs]
138.768: Total time for which application threads were stopped: 0.0044663 seconds, Stopping threads took: 0.0000198 seconds
138.836: [GC (Allocation Failure)  611914K->288489K(1034240K), 0.0031244 secs]
138.840: Total time for which application threads were stopped: 0.0032779 seconds, Stopping threads took: 0.0000173 seconds
138.907: [GC (Allocation Failure)  608489K->292587K(1033728K), 0.0045107 secs]
138.912: Total time for which application threads were stopped: 0.0046858 seconds, Stopping threads took: 0.0000202 seconds
138.979: [GC (Allocation Failure)  612587K->296555K(1034752K), 0.0043242 secs]
138.983: Total time for which application threads were stopped: 0.0044698 seconds, Stopping threads took: 0.0000170 seconds
139.052: [GC (Allocation Failure)  618091K->290793K(1034752K), 0.0019800 secs]
139.054: Total time for which application threads were stopped: 0.0021534 seconds, Stopping threads took: 0.0000194 seconds
139.123: [GC (Allocation Failure)  612329K->296651K(1035776K), 0.0044807 secs]
139.128: Total time for which application threads were stopped: 0.0046467 seconds, Stopping threads took: 0.0000166 seconds
139.196: [GC (Allocation Failure)  619211K->300683K(1034752K), 0.0078165 secs]
139.204: Total time for which application threads were stopped: 0.0079890 seconds, Stopping threads took: 0.0000256 seconds
139.270: [GC (Allocation Failure)  622981K->296809K(1035776K), 0.0030928 secs]
139.274: Total time for which application threads were stopped: 0.0032466 seconds, Stopping threads took: 0.0000191 seconds
139.341: [GC (Allocation Failure)  619881K->300843K(1035264K), 0.0044701 secs]
139.345: Total time for which application threads were stopped: 0.0046252 seconds, Stopping threads took: 0.0000189 seconds
139.415: [GC (Allocation Failure)  623915K->304811K(1035264K), 0.0044560 secs]
139.419: Total time for which application threads were stopped: 0.0046238 seconds, Stopping threads took: 0.0000196 seconds
139.487: [GC (Allocation Failure)  628395K->304779K(1035776K), 0.0042630 secs]
139.492: Total time for which application threads were stopped: 0.0044373 seconds, Stopping threads took: 0.0000193 seconds
139.558: [GC (Allocation Failure)  628363K->304867K(1034752K), 0.0045642 secs]
139.563: Total time for which application threads were stopped: 0.0047387 seconds, Stopping threads took: 0.0000191 seconds
139.631: [GC (Allocation Failure)  627427K->312869K(1035264K), 0.0043996 secs]
139.636: Total time for which application threads were stopped: 0.0045696 seconds, Stopping threads took: 0.0000190 seconds
139.702: [GC (Allocation Failure)  635429K->312837K(1034240K), 0.0043638 secs]
139.707: Total time for which application threads were stopped: 0.0045225 seconds, Stopping threads took: 0.0000184 seconds
139.774: [GC (Allocation Failure)  634373K->312893K(1034752K), 0.0043966 secs]
139.778: Total time for which application threads were stopped: 0.0045765 seconds, Stopping threads took: 0.0000197 seconds
139.846: [GC (Allocation Failure)  634429K->320864K(1034752K), 0.0044542 secs]
139.850: Total time for which application threads were stopped: 0.0046169 seconds, Stopping threads took: 0.0000199 seconds
139.919: [GC (Allocation Failure)  642400K->320864K(1029120K), 0.0042984 secs]
139.924: Total time for which application threads were stopped: 0.0044656 seconds, Stopping threads took: 0.0000203 seconds
139.990: [GC (Allocation Failure)  642400K->321128K(1034240K), 0.0043049 secs]
139.994: Total time for which application threads were stopped: 0.0044934 seconds, Stopping threads took: 0.0000192 seconds
140.063: [GC (Allocation Failure)  641640K->328906K(1034240K), 0.0044723 secs]
140.068: Total time for which application threads were stopped: 0.0046371 seconds, Stopping threads took: 0.0000250 seconds
140.137: [GC (Allocation Failure)  649418K->328906K(1034240K), 0.0042391 secs]
140.141: Total time for which application threads were stopped: 0.0043987 seconds, Stopping threads took: 0.0000200 seconds
140.211: [GC (Allocation Failure)  649418K->329354K(1020416K), 0.0058107 secs]
140.217: Total time for which application threads were stopped: 0.0059525 seconds, Stopping threads took: 0.0000168 seconds
140.282: [GC (Allocation Failure)  649866K->336940K(1033728K), 0.0044385 secs]
140.287: Total time for which application threads were stopped: 0.0046065 seconds, Stopping threads took: 0.0000192 seconds
140.353: [GC (Allocation Failure)  656428K->336940K(1033728K), 0.0045247 secs]
140.358: Total time for which application threads were stopped: 0.0046807 seconds, Stopping threads took: 0.0000194 seconds
140.422: [GC (Allocation Failure)  656428K->337068K(1033728K), 0.0045347 secs]
140.427: Total time for which application threads were stopped: 0.0047059 seconds, Stopping threads took: 0.0000197 seconds
140.494: [GC (Allocation Failure)  656556K->345007K(1033728K), 0.0045187 secs]
140.499: Total time for which application threads were stopped: 0.0046933 seconds, Stopping threads took: 0.0000202 seconds
140.567: [GC (Allocation Failure)  664495K->344975K(1033728K), 0.0041797 secs]
140.571: Total time for which application threads were stopped: 0.0043405 seconds, Stopping threads took: 0.0000265 seconds
140.638: [GC (Allocation Failure)  664463K->345047K(1033728K), 0.0047027 secs]
140.643: Total time for which application threads were stopped: 0.0048734 seconds, Stopping threads took: 0.0000193 seconds
140.709: [GC (Allocation Failure)  664535K->353049K(1032704K), 0.0045474 secs]
140.714: Total time for which application threads were stopped: 0.0047061 seconds, Stopping threads took: 0.0000205 seconds
140.781: [GC (Allocation Failure)  671513K->347447K(1033216K), 0.0022122 secs]
140.783: Total time for which application threads were stopped: 0.0023578 seconds, Stopping threads took: 0.0000193 seconds
140.850: [GC (Allocation Failure)  665911K->353241K(1034752K), 0.0044792 secs]
140.855: Total time for which application threads were stopped: 0.0046472 seconds, Stopping threads took: 0.0000191 seconds
140.922: [GC (Allocation Failure)  673753K->357161K(1033728K), 0.0044836 secs]
140.926: Total time for which application threads were stopped: 0.0046468 seconds, Stopping threads took: 0.0000189 seconds
140.993: [GC (Allocation Failure)  677673K->364047K(1029120K), 0.0074893 secs]
141.001: Total time for which application threads were stopped: 0.0076401 seconds, Stopping threads took: 0.0000192 seconds
141.068: [GC (Allocation Failure)  679439K->357937K(1031680K), 0.0042639 secs]
141.073: Total time for which application threads were stopped: 0.0044441 seconds, Stopping threads took: 0.0000198 seconds
141.137: [GC (Allocation Failure)  673329K->357777K(1032704K), 0.0066118 secs]
141.144: Total time for which application threads were stopped: 0.0067711 seconds, Stopping threads took: 0.0000197 seconds
141.209: [GC (Allocation Failure)  674705K->361169K(1032192K), 0.0076175 secs]
141.217: Total time for which application threads were stopped: 0.0077749 seconds, Stopping threads took: 0.0000250 seconds
141.284: [GC (Allocation Failure)  678097K->365939K(1033216K), 0.0043955 secs]
141.288: Total time for which application threads were stopped: 0.0045907 seconds, Stopping threads took: 0.0000200 seconds
141.357: [GC (Allocation Failure)  683891K->365811K(1032704K), 0.0044286 secs]
141.362: Total time for which application threads were stopped: 0.0045770 seconds, Stopping threads took: 0.0000163 seconds
141.428: [GC (Allocation Failure)  683763K->366875K(1033216K), 0.0047889 secs]
141.433: Total time for which application threads were stopped: 0.0049600 seconds, Stopping threads took: 0.0000190 seconds
141.502: [GC (Allocation Failure)  685339K->373853K(1033216K), 0.0044616 secs]
141.507: Total time for which application threads were stopped: 0.0046340 seconds, Stopping threads took: 0.0000207 seconds
141.575: [GC (Allocation Failure)  692317K->373853K(1033728K), 0.0044127 secs]
141.579: Total time for which application threads were stopped: 0.0045906 seconds, Stopping threads took: 0.0000269 seconds
141.646: [GC (Allocation Failure)  692829K->375557K(1033216K), 0.0048401 secs]
141.651: Total time for which application threads were stopped: 0.0050088 seconds, Stopping threads took: 0.0000189 seconds
141.718: [GC (Allocation Failure)  694533K->381960K(1033728K), 0.0043756 secs]
141.722: Total time for which application threads were stopped: 0.0045535 seconds, Stopping threads took: 0.0000201 seconds
141.791: [GC (Allocation Failure)  701448K->381928K(1033728K), 0.0046692 secs]
141.796: Total time for which application threads were stopped: 0.0048320 seconds, Stopping threads took: 0.0000197 seconds
141.862: [GC (Allocation Failure)  701416K->382248K(1033728K), 0.0045849 secs]
141.867: Total time for which application threads were stopped: 0.0047553 seconds, Stopping threads took: 0.0000201 seconds
141.934: [GC (Allocation Failure)  701736K->389962K(1033728K), 0.0045131 secs]
141.938: Total time for which application threads were stopped: 0.0046829 seconds, Stopping threads took: 0.0000204 seconds
142.007: [GC (Allocation Failure)  709450K->389962K(1033728K), 0.0044970 secs]
142.011: Total time for which application threads were stopped: 0.0046683 seconds, Stopping threads took: 0.0000196 seconds
142.078: [GC (Allocation Failure)  709450K->393570K(1033728K), 0.0054295 secs]
142.084: Total time for which application threads were stopped: 0.0056009 seconds, Stopping threads took: 0.0000260 seconds
142.152: [GC (Allocation Failure)  713058K->398052K(1034240K), 0.0046424 secs]
142.157: Total time for which application threads were stopped: 0.0048263 seconds, Stopping threads took: 0.0000261 seconds
142.226: [GC (Allocation Failure)  718564K->397956K(1034240K), 0.0045986 secs]
142.230: Total time for which application threads were stopped: 0.0047865 seconds, Stopping threads took: 0.0000194 seconds
142.297: [GC (Allocation Failure)  718468K->398700K(1034240K), 0.0047482 secs]
142.302: Total time for which application threads were stopped: 0.0048993 seconds, Stopping threads took: 0.0000169 seconds
142.370: [GC (Allocation Failure)  719212K->406030K(1034240K), 0.0045749 secs]
142.374: Total time for which application threads were stopped: 0.0047376 seconds, Stopping threads took: 0.0000203 seconds
142.442: [GC (Allocation Failure)  726542K->405998K(1034240K), 0.0042961 secs]
142.446: Total time for which application threads were stopped: 0.0044574 seconds, Stopping threads took: 0.0000200 seconds
142.513: [GC (Allocation Failure)  726510K->406950K(1034240K), 0.0047323 secs]
142.518: Total time for which application threads were stopped: 0.0048947 seconds, Stopping threads took: 0.0000203 seconds
142.586: [GC (Allocation Failure)  727462K->413993K(1034240K), 0.0064128 secs]
142.592: Total time for which application threads were stopped: 0.0065878 seconds, Stopping threads took: 0.0000282 seconds
142.661: [GC (Allocation Failure)  734505K->414025K(1034240K), 0.0045555 secs]
142.665: Total time for which application threads were stopped: 0.0047156 seconds, Stopping threads took: 0.0000201 seconds
142.732: [GC (Allocation Failure)  734537K->415209K(1034240K), 0.0047597 secs]
142.737: Total time for which application threads were stopped: 0.0049281 seconds, Stopping threads took: 0.0000196 seconds
142.804: [GC (Allocation Failure)  735721K->422091K(1034240K), 0.0046201 secs]
142.809: Total time for which application threads were stopped: 0.0047867 seconds, Stopping threads took: 0.0000188 seconds
142.876: [GC (Allocation Failure)  742603K->422059K(1034240K), 0.0045167 secs]
142.881: Total time for which application threads were stopped: 0.0046850 seconds, Stopping threads took: 0.0000193 seconds
142.950: [GC (Allocation Failure)  742571K->422371K(1020416K), 0.0061419 secs]
142.956: Total time for which application threads were stopped: 0.0063037 seconds, Stopping threads took: 0.0000206 seconds
143.024: [GC (Allocation Failure)  742883K->430149K(1033728K), 0.0047496 secs]
143.029: Total time for which application threads were stopped: 0.0049186 seconds, Stopping threads took: 0.0000189 seconds
143.096: [GC (Allocation Failure)  749637K->430117K(1033728K), 0.0045095 secs]
143.101: Total time for which application threads were stopped: 0.0046848 seconds, Stopping threads took: 0.0000196 seconds
143.167: [GC (Allocation Failure)  749605K->430637K(1033728K), 0.0046355 secs]
143.172: Total time for which application threads were stopped: 0.0048676 seconds, Stopping threads took: 0.0000211 seconds
143.241: [GC (Allocation Failure)  750125K->438191K(1033728K), 0.0044868 secs]
143.245: Total time for which application threads were stopped: 0.0046469 seconds, Stopping threads took: 0.0000196 seconds
143.313: [GC (Allocation Failure)  757679K->438127K(1033728K), 0.0046562 secs]
143.318: Total time for which application threads were stopped: 0.0048371 seconds, Stopping threads took: 0.0000216 seconds
143.384: [GC (Allocation Failure)  757615K->438855K(1033728K), 0.0046940 secs]
143.389: Total time for which application threads were stopped: 0.0048865 seconds, Stopping threads took: 0.0000196 seconds
143.458: [GC (Allocation Failure)  758343K->446186K(1033728K), 0.0046351 secs]
143.463: Total time for which application threads were stopped: 0.0048068 seconds, Stopping threads took: 0.0000205 seconds
143.530: [GC (Allocation Failure)  765674K->446154K(1033728K), 0.0046280 secs]
143.535: Total time for which application threads were stopped: 0.0048020 seconds, Stopping threads took: 0.0000200 seconds
143.602: [GC (Allocation Failure)  765642K->448170K(1033728K), 0.0049928 secs]
143.607: Total time for which application threads were stopped: 0.0051601 seconds, Stopping threads took: 0.0000255 seconds
143.675: [GC (Allocation Failure)  767658K->454156K(1033728K), 0.0044587 secs]
143.680: Total time for which application threads were stopped: 0.0046297 seconds, Stopping threads took: 0.0000198 seconds
143.746: [GC (Allocation Failure)  773644K->454220K(1033728K), 0.0046333 secs]
143.751: Total time for which application threads were stopped: 0.0047944 seconds, Stopping threads took: 0.0000206 seconds
143.817: [GC (Allocation Failure)  773708K->455340K(1033728K), 0.0048751 secs]
143.822: Total time for which application threads were stopped: 0.0050356 seconds, Stopping threads took: 0.0000196 seconds
143.889: [GC (Allocation Failure)  774828K->462222K(1033728K), 0.0046996 secs]
143.894: Total time for which application threads were stopped: 0.0048680 seconds, Stopping threads took: 0.0000203 seconds
143.961: [GC (Allocation Failure)  781710K->462222K(1033728K), 0.0044343 secs]
143.965: Total time for which application threads were stopped: 0.0046005 seconds, Stopping threads took: 0.0000196 seconds
144.032: [GC (Allocation Failure)  781710K->462542K(1033728K), 0.0047873 secs]
144.037: Total time for which application threads were stopped: 0.0049549 seconds, Stopping threads took: 0.0000183 seconds
144.104: [GC (Allocation Failure)  782030K->470289K(1033728K), 0.0046174 secs]
144.109: Total time for which application threads were stopped: 0.0047871 seconds, Stopping threads took: 0.0000194 seconds
144.176: [GC (Allocation Failure)  789777K->470257K(1033728K), 0.0045351 secs]
144.180: Total time for which application threads were stopped: 0.0046931 seconds, Stopping threads took: 0.0000194 seconds
144.247: [GC (Allocation Failure)  789745K->470761K(1033728K), 0.0049343 secs]
144.252: Total time for which application threads were stopped: 0.0050992 seconds, Stopping threads took: 0.0000194 seconds
144.319: [GC (Allocation Failure)  790249K->478315K(1033728K), 0.0047920 secs]
144.324: Total time for which application threads were stopped: 0.0049530 seconds, Stopping threads took: 0.0000194 seconds
144.391: [GC (Allocation Failure)  797803K->478251K(1033728K), 0.0048240 secs]
144.396: Total time for which application threads were stopped: 0.0049783 seconds, Stopping threads took: 0.0000191 seconds
144.461: [GC (Allocation Failure)  797739K->479019K(1033728K), 0.0049367 secs]
144.466: Total time for which application threads were stopped: 0.0051056 seconds, Stopping threads took: 0.0000192 seconds
144.535: [GC (Allocation Failure)  798507K->486317K(1033728K), 0.0046876 secs]
144.540: Total time for which application threads were stopped: 0.0048455 seconds, Stopping threads took: 0.0000195 seconds
144.608: [GC (Allocation Failure)  805805K->486317K(1033728K), 0.0045821 secs]
144.612: Total time for which application threads were stopped: 0.0047512 seconds, Stopping threads took: 0.0000193 seconds
144.678: [GC (Allocation Failure)  805805K->487269K(1033728K), 0.0048492 secs]
144.683: Total time for which application threads were stopped: 0.0050439 seconds, Stopping threads took: 0.0000199 seconds
144.752: [GC (Allocation Failure)  806757K->494343K(1033728K), 0.0048531 secs]
144.757: Total time for which application threads were stopped: 0.0050350 seconds, Stopping threads took: 0.0000167 seconds
144.825: [GC (Allocation Failure)  813831K->494343K(1033728K), 0.0045943 secs]
144.830: Total time for which application threads were stopped: 0.0047577 seconds, Stopping threads took: 0.0000178 seconds
144.897: [GC (Allocation Failure)  813831K->494439K(1033728K), 0.0048706 secs]
144.902: Total time for which application threads were stopped: 0.0050428 seconds, Stopping threads took: 0.0000191 seconds
144.971: [GC (Allocation Failure)  813927K->502346K(1027072K), 0.0046507 secs]
144.975: Total time for which application threads were stopped: 0.0048105 seconds, Stopping threads took: 0.0000200 seconds
145.044: [GC (Allocation Failure)  821834K->502410K(1033216K), 0.0049646 secs]
145.049: Total time for which application threads were stopped: 0.0051374 seconds, Stopping threads took: 0.0000202 seconds
145.118: [GC (Allocation Failure)  820874K->502698K(1033216K), 0.0064336 secs]
145.124: Total time for which application threads were stopped: 0.0066371 seconds, Stopping threads took: 0.0000260 seconds
145.193: [GC (Allocation Failure)  821162K->510412K(1033216K), 0.0076153 secs]
145.201: Total time for which application threads were stopped: 0.0078077 seconds, Stopping threads took: 0.0000234 seconds
145.267: [GC (Allocation Failure)  828876K->510412K(1033216K), 0.0048702 secs]
145.272: Total time for which application threads were stopped: 0.0050504 seconds, Stopping threads took: 0.0000193 seconds
145.338: [GC (Allocation Failure)  828876K->510916K(1033216K), 0.0051273 secs]
145.343: Total time for which application threads were stopped: 0.0052904 seconds, Stopping threads took: 0.0000199 seconds
145.408: [GC (Allocation Failure)  829380K->518470K(1033216K), 0.0049097 secs]
145.413: Total time for which application threads were stopped: 0.0050792 seconds, Stopping threads took: 0.0000197 seconds
145.480: [GC (Allocation Failure)  836934K->518406K(1033216K), 0.0046539 secs]
145.485: Total time for which application threads were stopped: 0.0048517 seconds, Stopping threads took: 0.0000204 seconds
145.552: [GC (Allocation Failure)  836870K->518654K(1033216K), 0.0047609 secs]
145.557: Total time for which application threads were stopped: 0.0049272 seconds, Stopping threads took: 0.0000260 seconds
145.624: [GC (Allocation Failure)  837118K->526464K(1033216K), 0.0046662 secs]
145.628: Total time for which application threads were stopped: 0.0048308 seconds, Stopping threads took: 0.0000200 seconds
145.694: [GC (Allocation Failure)  844928K->526496K(1033216K), 0.0046160 secs]
145.699: Total time for which application threads were stopped: 0.0047786 seconds, Stopping threads took: 0.0000198 seconds
145.766: [GC (Allocation Failure)  844960K->526632K(1033216K), 0.0047663 secs]
145.771: Total time for which application threads were stopped: 0.0049474 seconds, Stopping threads took: 0.0000206 seconds
145.838: [GC (Allocation Failure)  845096K->534507K(1033216K), 0.0057783 secs]
145.844: Total time for which application threads were stopped: 0.0059492 seconds, Stopping threads took: 0.0000198 seconds
145.910: [GC (Allocation Failure)  852971K->534507K(1033216K), 0.0048539 secs]
145.915: Total time for which application threads were stopped: 0.0050265 seconds, Stopping threads took: 0.0000205 seconds
145.980: [GC (Allocation Failure)  852971K->534571K(1033216K), 0.0050642 secs]
145.985: Total time for which application threads were stopped: 0.0052359 seconds, Stopping threads took: 0.0000198 seconds
146.054: [GC (Allocation Failure)  853035K->542541K(1033216K), 0.0046744 secs]
146.059: Total time for which application threads were stopped: 0.0048502 seconds, Stopping threads took: 0.0000260 seconds
146.124: [GC (Allocation Failure)  861005K->542541K(1033216K), 0.0047103 secs]
146.129: Total time for which application threads were stopped: 0.0048810 seconds, Stopping threads took: 0.0000201 seconds
146.194: [GC (Allocation Failure)  861005K->542797K(1033216K), 0.0055723 secs]
146.200: Total time for which application threads were stopped: 0.0057573 seconds, Stopping threads took: 0.0000257 seconds
146.266: [GC (Allocation Failure)  861261K->550607K(1033216K), 0.0046572 secs]
146.271: Total time for which application threads were stopped: 0.0048535 seconds, Stopping threads took: 0.0000203 seconds
146.339: [GC (Allocation Failure)  869071K->550575K(1033216K), 0.0048755 secs]
146.344: Total time for which application threads were stopped: 0.0050323 seconds, Stopping threads took: 0.0000169 seconds
146.409: [GC (Allocation Failure)  869039K->550831K(1033216K), 0.0049240 secs]
146.414: Total time for which application threads were stopped: 0.0050890 seconds, Stopping threads took: 0.0000192 seconds
146.479: [GC (Allocation Failure)  869295K->558609K(1033216K), 0.0048471 secs]
146.484: Total time for which application threads were stopped: 0.0050148 seconds, Stopping threads took: 0.0000187 seconds
146.550: [GC (Allocation Failure)  877073K->554703K(1033216K), 0.0038965 secs]
146.554: Total time for which application threads were stopped: 0.0040749 seconds, Stopping threads took: 0.0000277 seconds
146.622: [GC (Allocation Failure)  873167K->558729K(1034752K), 0.0049699 secs]
146.627: Total time for which application threads were stopped: 0.0051468 seconds, Stopping threads took: 0.0000188 seconds
146.695: [GC (Allocation Failure)  879241K->562729K(1033728K), 0.0046892 secs]
146.699: Total time for which application threads were stopped: 0.0048614 seconds, Stopping threads took: 0.0000207 seconds
146.767: [GC (Allocation Failure)  883241K->554887K(1034240K), 0.0017638 secs]
146.768: Total time for which application threads were stopped: 0.0018919 seconds, Stopping threads took: 0.0000197 seconds
146.837: [GC (Allocation Failure)  875399K->562793K(1034240K), 0.0047782 secs]
146.842: Total time for which application threads were stopped: 0.0049586 seconds, Stopping threads took: 0.0000214 seconds
146.909: [GC (Allocation Failure)  883305K->566841K(1033216K), 0.0064164 secs]
146.916: Total time for which application threads were stopped: 0.0065945 seconds, Stopping threads took: 0.0000194 seconds
146.984: [GC (Allocation Failure)  886329K->572631K(1032704K), 0.0074565 secs]
146.991: Total time for which application threads were stopped: 0.0076282 seconds, Stopping threads took: 0.0000199 seconds
147.059: [GC (Allocation Failure)  892119K->567097K(1031680K), 0.0048395 secs]
147.064: Total time for which application threads were stopped: 0.0050028 seconds, Stopping threads took: 0.0000255 seconds
147.132: [GC (Allocation Failure)  883513K->566873K(1032192K), 0.0046828 secs]
147.137: Total time for which application threads were stopped: 0.0048661 seconds, Stopping threads took: 0.0000224 seconds
147.203: [GC (Allocation Failure)  883289K->561527K(1032704K), 0.0042653 secs]
147.207: Total time for which application threads were stopped: 0.0044324 seconds, Stopping threads took: 0.0000260 seconds
147.274: [GC (Allocation Failure)  878967K->567065K(1032704K), 0.0049352 secs]
147.279: Total time for which application threads were stopped: 0.0051055 seconds, Stopping threads took: 0.0000191 seconds
147.346: [GC (Allocation Failure)  884505K->566905K(1033216K), 0.0049881 secs]
147.351: Total time for which application threads were stopped: 0.0051763 seconds, Stopping threads took: 0.0000203 seconds
147.417: [GC (Allocation Failure)  884857K->567193K(1032704K), 0.0056760 secs]
147.423: Total time for which application threads were stopped: 0.0058777 seconds, Stopping threads took: 0.0000196 seconds
147.490: [GC (Allocation Failure)  885145K->574940K(1033216K), 0.0048593 secs]
147.495: Total time for which application threads were stopped: 0.0050328 seconds, Stopping threads took: 0.0000212 seconds
147.563: [GC (Allocation Failure)  893404K->574876K(1033216K), 0.0057113 secs]
147.569: Total time for which application threads were stopped: 0.0058802 seconds, Stopping threads took: 0.0000258 seconds
147.633: [GC (Allocation Failure)  893340K->579076K(1033728K), 0.0060702 secs]
147.640: Total time for which application threads were stopped: 0.0062642 seconds, Stopping threads took: 0.0000189 seconds
147.707: [GC (Allocation Failure)  898052K->583078K(1033216K), 0.0046701 secs]
147.712: Total time for which application threads were stopped: 0.0048299 seconds, Stopping threads took: 0.0000194 seconds
147.781: [GC (Allocation Failure)  902054K->582950K(1034240K), 0.0048588 secs]
147.785: Total time for which application threads were stopped: 0.0050190 seconds, Stopping threads took: 0.0000199 seconds
147.852: [GC (Allocation Failure)  902950K->585766K(1033728K), 0.0054416 secs]
147.857: Total time for which application threads were stopped: 0.0056313 seconds, Stopping threads took: 0.0000189 seconds
147.926: [GC (Allocation Failure)  905766K->591016K(1034240K), 0.0049889 secs]
147.931: Total time for which application threads were stopped: 0.0051374 seconds, Stopping threads took: 0.0000169 seconds
147.999: [GC (Allocation Failure)  911528K->590984K(1034240K), 0.0047639 secs]
148.004: Total time for which application threads were stopped: 0.0049230 seconds, Stopping threads took: 0.0000191 seconds
148.071: [GC (Allocation Failure)  911496K->591400K(1034240K), 0.0049429 secs]
148.076: Total time for which application threads were stopped: 0.0051427 seconds, Stopping threads took: 0.0000190 seconds
148.145: [GC (Allocation Failure)  911912K->599051K(1034240K), 0.0048879 secs]
148.150: Total time for which application threads were stopped: 0.0050524 seconds, Stopping threads took: 0.0000180 seconds
148.221: [GC (Allocation Failure)  919563K->598987K(1034240K), 0.0048769 secs]
148.226: Total time for which application threads were stopped: 0.0050440 seconds, Stopping threads took: 0.0000190 seconds
148.293: [GC (Allocation Failure)  919499K->601707K(1034240K), 0.0055636 secs]
148.299: Total time for which application threads were stopped: 0.0057268 seconds, Stopping threads took: 0.0000198 seconds
148.367: [GC (Allocation Failure)  922219K->607117K(1034240K), 0.0049298 secs]
148.372: Total time for which application threads were stopped: 0.0050914 seconds, Stopping threads took: 0.0000205 seconds
148.440: [GC (Allocation Failure)  927629K->607053K(1034240K), 0.0049654 secs]
148.445: Total time for which application threads were stopped: 0.0051245 seconds, Stopping threads took: 0.0000199 seconds
148.514: [GC (Allocation Failure)  927565K->607877K(1033728K), 0.0050398 secs]
148.519: Total time for which application threads were stopped: 0.0052064 seconds, Stopping threads took: 0.0000192 seconds
148.587: [GC (Allocation Failure)  928389K->615207K(1034240K), 0.0048650 secs]
148.592: Total time for which application threads were stopped: 0.0050342 seconds, Stopping threads took: 0.0000197 seconds
148.660: [GC (Allocation Failure)  935719K->615111K(1034240K), 0.0057341 secs]
148.666: Total time for which application threads were stopped: 0.0058926 seconds, Stopping threads took: 0.0000193 seconds
148.734: [GC (Allocation Failure)  935623K->618183K(1034240K), 0.0056719 secs]
148.740: Total time for which application threads were stopped: 0.0058594 seconds, Stopping threads took: 0.0000188 seconds
148.809: [GC (Allocation Failure)  938695K->623209K(1034752K), 0.0048266 secs]
148.814: Total time for which application threads were stopped: 0.0049841 seconds, Stopping threads took: 0.0000168 seconds
148.882: [GC (Allocation Failure)  944745K->623113K(1034752K), 0.0050727 secs]
148.887: Total time for which application threads were stopped: 0.0052506 seconds, Stopping threads took: 0.0000263 seconds
148.953: [GC (Allocation Failure)  944649K->626409K(1034752K), 0.0057060 secs]
148.959: Total time for which application threads were stopped: 0.0058778 seconds, Stopping threads took: 0.0000203 seconds
149.027: [GC (Allocation Failure)  947945K->631148K(1034752K), 0.0072172 secs]
149.034: Total time for which application threads were stopped: 0.0073970 seconds, Stopping threads took: 0.0000203 seconds
149.103: [GC (Allocation Failure)  952684K->631148K(1034752K), 0.0050713 secs]
149.109: Total time for which application threads were stopped: 0.0052400 seconds, Stopping threads took: 0.0000267 seconds
149.174: [GC (Allocation Failure)  952684K->631588K(1034752K), 0.0052418 secs]
149.179: Total time for which application threads were stopped: 0.0054350 seconds, Stopping threads took: 0.0000251 seconds
149.250: [GC (Allocation Failure)  953124K->639206K(1034752K), 0.0050211 secs]
149.255: Total time for which application threads were stopped: 0.0051706 seconds, Stopping threads took: 0.0000170 seconds
149.323: [GC (Allocation Failure)  960742K->639206K(1034752K), 0.0051950 secs]
149.328: Total time for which application threads were stopped: 0.0053675 seconds, Stopping threads took: 0.0000197 seconds
149.395: [GC (Allocation Failure)  960742K->640830K(1034752K), 0.0053137 secs]
149.400: Total time for which application threads were stopped: 0.0054863 seconds, Stopping threads took: 0.0000199 seconds
149.470: [GC (Allocation Failure)  962366K->647200K(1029120K), 0.0051057 secs]
149.475: Total time for which application threads were stopped: 0.0052668 seconds, Stopping threads took: 0.0000200 seconds
149.540: [GC (Allocation Failure)  968736K->647200K(1034752K), 0.0050586 secs]
149.546: Total time for which application threads were stopped: 0.0052512 seconds, Stopping threads took: 0.0000191 seconds
149.614: [GC (Allocation Failure)  968224K->649576K(1034240K), 0.0052730 secs]
149.620: Total time for which application threads were stopped: 0.0054422 seconds, Stopping threads took: 0.0000255 seconds
149.687: [GC (Allocation Failure)  970600K->655338K(1034752K), 0.0051126 secs]
149.693: Total time for which application threads were stopped: 0.0052833 seconds, Stopping threads took: 0.0000194 seconds
149.762: [GC (Allocation Failure)  976874K->655242K(1034752K), 0.0050974 secs]
149.767: Total time for which application threads were stopped: 0.0052691 seconds, Stopping threads took: 0.0000201 seconds
149.833: [GC (Allocation Failure)  976778K->658346K(1034752K), 0.0057848 secs]
149.839: Total time for which application threads were stopped: 0.0059552 seconds, Stopping threads took: 0.0000201 seconds
149.905: [GC (Allocation Failure)  979882K->663341K(1034752K), 0.0050512 secs]
149.910: Total time for which application threads were stopped: 0.0052143 seconds, Stopping threads took: 0.0000209 seconds
149.978: [GC (Allocation Failure)  984877K->663277K(1034752K), 0.0048963 secs]
149.983: Total time for which application threads were stopped: 0.0050781 seconds, Stopping threads took: 0.0000195 seconds
150.048: [GC (Allocation Failure)  984813K->663501K(1021440K), 0.0051821 secs]
150.054: Total time for which application threads were stopped: 0.0053687 seconds, Stopping threads took: 0.0000358 seconds
150.122: [GC (Allocation Failure)  985037K->671311K(1034240K), 0.0051034 secs]
150.127: Total time for which application threads were stopped: 0.0052713 seconds, Stopping threads took: 0.0000194 seconds
150.194: [GC (Allocation Failure)  991823K->671311K(1034240K), 0.0059767 secs]
150.200: Total time for which application threads were stopped: 0.0061557 seconds, Stopping threads took: 0.0000248 seconds
150.266: [GC (Allocation Failure)  991823K->674703K(1034752K), 0.0058975 secs]
150.272: Total time for which application threads were stopped: 0.0060698 seconds, Stopping threads took: 0.0000202 seconds
150.339: [GC (Allocation Failure)  995727K->679473K(1034240K), 0.0053106 secs]
150.345: Total time for which application threads were stopped: 0.0054727 seconds, Stopping threads took: 0.0000198 seconds
150.413: [GC (Allocation Failure)  1000497K->679345K(1034752K), 0.0051096 secs]
150.418: Total time for which application threads were stopped: 0.0052753 seconds, Stopping threads took: 0.0000204 seconds
150.485: [GC (Allocation Failure)  1000881K->682993K(1034752K), 0.0060150 secs]
150.492: Total time for which application threads were stopped: 0.0061827 seconds, Stopping threads took: 0.0000262 seconds
150.561: [GC (Allocation Failure)  1004529K->687443K(1034752K), 0.0050441 secs]
150.566: Total time for which application threads were stopped: 0.0052140 seconds, Stopping threads took: 0.0000195 seconds
150.633: [GC (Allocation Failure)  1008979K->687411K(1034752K), 0.0051649 secs]
150.638: Total time for which application threads were stopped: 0.0053564 seconds, Stopping threads took: 0.0000196 seconds
150.706: [GC (Allocation Failure)  1008947K->688083K(1034752K), 0.0055060 secs]
150.712: [Full GC (Ergonomics)  688083K->9170K(1034752K), 0.0134017 secs]
150.725: Total time for which application threads were stopped: 0.0191612 seconds, Stopping threads took: 0.0000188 seconds
150.793: [GC (Allocation Failure)  330706K->18644K(1030656K), 0.0065726 secs]
150.800: Total time for which application threads were stopped: 0.0067334 seconds, Stopping threads took: 0.0000202 seconds
150.867: [GC (Allocation Failure)  340180K->18644K(1034240K), 0.0037472 secs]
150.871: Total time for which application threads were stopped: 0.0039187 seconds, Stopping threads took: 0.0000194 seconds
150.939: [GC (Allocation Failure)  339156K->19572K(1034240K), 0.0040011 secs]
150.943: Total time for which application threads were stopped: 0.0041781 seconds, Stopping threads took: 0.0000210 seconds
151.011: [GC (Allocation Failure)  340084K->26742K(1034240K), 0.0038565 secs]
151.015: Total time for which application threads were stopped: 0.0040428 seconds, Stopping threads took: 0.0000206 seconds
151.082: [GC (Allocation Failure)  347254K->26710K(1034240K), 0.0039171 secs]
151.086: Total time for which application threads were stopped: 0.0040860 seconds, Stopping threads took: 0.0000273 seconds
151.155: [GC (Allocation Failure)  347222K->29838K(1034240K), 0.0045836 secs]
151.160: Total time for which application threads were stopped: 0.0047469 seconds, Stopping threads took: 0.0000190 seconds
151.229: [GC (Allocation Failure)  350350K->34801K(1034240K), 0.0036449 secs]
151.233: Total time for which application threads were stopped: 0.0038034 seconds, Stopping threads took: 0.0000198 seconds
151.301: [GC (Allocation Failure)  355313K->34673K(1034752K), 0.0039837 secs]
151.305: Total time for which application threads were stopped: 0.0041462 seconds, Stopping threads took: 0.0000202 seconds
151.372: [GC (Allocation Failure)  355697K->36521K(1034240K), 0.0040743 secs]
151.376: Total time for which application threads were stopped: 0.0042659 seconds, Stopping threads took: 0.0000286 seconds
151.443: [GC (Allocation Failure)  357545K->42827K(1034240K), 0.0038772 secs]
151.447: Total time for which application threads were stopped: 0.0040409 seconds, Stopping threads took: 0.0000190 seconds
151.515: [GC (Allocation Failure)  363339K->42731K(1034240K), 0.0038514 secs]
151.519: Total time for which application threads were stopped: 0.0040092 seconds, Stopping threads took: 0.0000188 seconds
151.587: [GC (Allocation Failure)  363243K->43243K(1033728K), 0.0039491 secs]
151.591: Total time for which application threads were stopped: 0.0041093 seconds, Stopping threads took: 0.0000190 seconds
151.661: [GC (Allocation Failure)  363755K->50765K(1034240K), 0.0037758 secs]
151.665: Total time for which application threads were stopped: 0.0039496 seconds, Stopping threads took: 0.0000190 seconds
151.734: [GC (Allocation Failure)  371277K->50765K(1034240K), 0.0040322 secs]
151.739: Total time for which application threads were stopped: 0.0042101 seconds, Stopping threads took: 0.0000220 seconds
151.807: [GC (Allocation Failure)  371277K->53509K(1034240K), 0.0046005 secs]
151.812: Total time for which application threads were stopped: 0.0047968 seconds, Stopping threads took: 0.0000196 seconds
151.881: [GC (Allocation Failure)  374021K->58791K(1034240K), 0.0038960 secs]
151.885: Total time for which application threads were stopped: 0.0040552 seconds, Stopping threads took: 0.0000173 seconds
151.953: [GC (Allocation Failure)  379303K->58791K(1034240K), 0.0040283 secs]
151.957: Total time for which application threads were stopped: 0.0042222 seconds, Stopping threads took: 0.0000202 seconds
152.026: [GC (Allocation Failure)  379303K->59687K(1033728K), 0.0040303 secs]
152.030: Total time for which application threads were stopped: 0.0042255 seconds, Stopping threads took: 0.0000193 seconds
152.100: [GC (Allocation Failure)  380199K->66858K(1034240K), 0.0040561 secs]
152.104: Total time for which application threads were stopped: 0.0042178 seconds, Stopping threads took: 0.0000195 seconds
152.171: [GC (Allocation Failure)  387370K->66794K(1034240K), 0.0039224 secs]
152.175: Total time for which application threads were stopped: 0.0040891 seconds, Stopping threads took: 0.0000191 seconds
152.243: [GC (Allocation Failure)  387306K->66890K(1034240K), 0.0038562 secs]
152.247: Total time for which application threads were stopped: 0.0040252 seconds, Stopping threads took: 0.0000194 seconds
152.316: [GC (Allocation Failure)  387402K->74956K(1034240K), 0.0039301 secs]
152.320: Total time for which application threads were stopped: 0.0040998 seconds, Stopping threads took: 0.0000200 seconds
152.388: [GC (Allocation Failure)  395468K->74892K(1034240K), 0.0037330 secs]
152.392: Total time for which application threads were stopped: 0.0039008 seconds, Stopping threads took: 0.0000192 seconds
152.460: [GC (Allocation Failure)  395404K->76172K(1034240K), 0.0041036 secs]
152.464: Total time for which application threads were stopped: 0.0042706 seconds, Stopping threads took: 0.0000190 seconds
152.532: [GC (Allocation Failure)  396684K->82958K(1028096K), 0.0037884 secs]
152.536: Total time for which application threads were stopped: 0.0039580 seconds, Stopping threads took: 0.0000191 seconds
152.603: [GC (Allocation Failure)  403470K->82862K(1034240K), 0.0055238 secs]
152.609: Total time for which application threads were stopped: 0.0056943 seconds, Stopping threads took: 0.0000248 seconds
152.675: [GC (Allocation Failure)  402862K->83886K(1033728K), 0.0041710 secs]
152.679: Total time for which application threads were stopped: 0.0043525 seconds, Stopping threads took: 0.0000198 seconds
152.745: [GC (Allocation Failure)  403886K->90992K(1033728K), 0.0041098 secs]
152.749: Total time for which application threads were stopped: 0.0042892 seconds, Stopping threads took: 0.0000215 seconds
152.817: [GC (Allocation Failure)  410480K->90928K(1033728K), 0.0038509 secs]
152.821: Total time for which application threads were stopped: 0.0040175 seconds, Stopping threads took: 0.0000207 seconds
152.887: [GC (Allocation Failure)  410416K->91560K(1033728K), 0.0041162 secs]
152.892: Total time for which application threads were stopped: 0.0042927 seconds, Stopping threads took: 0.0000216 seconds
152.959: [GC (Allocation Failure)  411048K->99019K(1033728K), 0.0039455 secs]
152.963: Total time for which application threads were stopped: 0.0041015 seconds, Stopping threads took: 0.0000190 seconds
153.031: [GC (Allocation Failure)  418507K->98955K(1033728K), 0.0046200 secs]
153.036: Total time for which application threads were stopped: 0.0048005 seconds, Stopping threads took: 0.0000196 seconds
153.101: [GC (Allocation Failure)  418443K->100835K(1033728K), 0.0043950 secs]
153.106: Total time for which application threads were stopped: 0.0045868 seconds, Stopping threads took: 0.0000267 seconds
153.176: [GC (Allocation Failure)  420323K->107013K(1033728K), 0.0040785 secs]
153.180: Total time for which application threads were stopped: 0.0042262 seconds, Stopping threads took: 0.0000173 seconds
153.251: [GC (Allocation Failure)  426501K->106981K(1033728K), 0.0039156 secs]
153.255: Total time for which application threads were stopped: 0.0040669 seconds, Stopping threads took: 0.0000177 seconds
153.323: [GC (Allocation Failure)  426469K->108037K(1033728K), 0.0055203 secs]
153.329: Total time for which application threads were stopped: 0.0057121 seconds, Stopping threads took: 0.0000192 seconds
153.397: [GC (Allocation Failure)  427525K->115047K(1033728K), 0.0041240 secs]
153.401: Total time for which application threads were stopped: 0.0043010 seconds, Stopping threads took: 0.0000187 seconds
153.467: [GC (Allocation Failure)  434535K->115015K(1033728K), 0.0038635 secs]
153.471: Total time for which application threads were stopped: 0.0040247 seconds, Stopping threads took: 0.0000190 seconds
153.537: [GC (Allocation Failure)  434503K->115239K(1033728K), 0.0041966 secs]
153.541: Total time for which application threads were stopped: 0.0043653 seconds, Stopping threads took: 0.0000194 seconds
153.610: [GC (Allocation Failure)  434727K->123082K(1033728K), 0.0040385 secs]
153.614: Total time for which application threads were stopped: 0.0041944 seconds, Stopping threads took: 0.0000195 seconds
153.682: [GC (Allocation Failure)  442570K->123050K(1033728K), 0.0039759 secs]
153.686: Total time for which application threads were stopped: 0.0041368 seconds, Stopping threads took: 0.0000194 seconds
153.752: [GC (Allocation Failure)  442538K->123466K(1033728K), 0.0042945 secs]
153.756: Total time for which application threads were stopped: 0.0044638 seconds, Stopping threads took: 0.0000189 seconds
153.824: [GC (Allocation Failure)  442954K->131116K(1033728K), 0.0040189 secs]
153.828: Total time for which application threads were stopped: 0.0041952 seconds, Stopping threads took: 0.0000189 seconds
153.894: [GC (Allocation Failure)  450604K->131052K(1033728K), 0.0039695 secs]
153.898: Total time for which application threads were stopped: 0.0041500 seconds, Stopping threads took: 0.0000202 seconds
153.963: [GC (Allocation Failure)  450540K->131660K(1033728K), 0.0048369 secs]
153.968: Total time for which application threads were stopped: 0.0050094 seconds, Stopping threads took: 0.0000201 seconds
154.036: [GC (Allocation Failure)  451148K->139150K(1033728K), 0.0052148 secs]
154.041: Total time for which application threads were stopped: 0.0053658 seconds, Stopping threads took: 0.0000172 seconds
154.110: [GC (Allocation Failure)  458638K->139150K(1033728K), 0.0040330 secs]
154.114: Total time for which application threads were stopped: 0.0041969 seconds, Stopping threads took: 0.0000206 seconds
154.179: [GC (Allocation Failure)  458638K->139918K(1033728K), 0.0041975 secs]
154.183: Total time for which application threads were stopped: 0.0043736 seconds, Stopping threads took: 0.0000198 seconds
154.253: [GC (Allocation Failure)  459406K->147184K(1033728K), 0.0039673 secs]
154.257: Total time for which application threads were stopped: 0.0041461 seconds, Stopping threads took: 0.0000193 seconds
154.325: [GC (Allocation Failure)  466672K->147120K(1033728K), 0.0040721 secs]
154.330: Total time for which application threads were stopped: 0.0042595 seconds, Stopping threads took: 0.0000245 seconds
154.395: [GC (Allocation Failure)  466608K->148176K(1033728K), 0.0044187 secs]
154.399: Total time for which application threads were stopped: 0.0045918 seconds, Stopping threads took: 0.0000206 seconds
154.465: [GC (Allocation Failure)  467664K->155219K(1033728K), 0.0039567 secs]
154.469: Total time for which application threads were stopped: 0.0041508 seconds, Stopping threads took: 0.0000204 seconds
154.538: [GC (Allocation Failure)  474707K->155219K(1033728K), 0.0040650 secs]
154.542: Total time for which application threads were stopped: 0.0042596 seconds, Stopping threads took: 0.0000196 seconds
154.609: [GC (Allocation Failure)  474707K->155339K(1032704K), 0.0043244 secs]
154.613: Total time for which application threads were stopped: 0.0045095 seconds, Stopping threads took: 0.0000204 seconds
154.683: [GC (Allocation Failure)  473803K->163181K(1033216K), 0.0039726 secs]
154.687: Total time for which application threads were stopped: 0.0041632 seconds, Stopping threads took: 0.0000202 seconds
154.756: [GC (Allocation Failure)  481645K->163213K(1033216K), 0.0042330 secs]
154.760: Total time for which application threads were stopped: 0.0043914 seconds, Stopping threads took: 0.0000169 seconds
154.825: [GC (Allocation Failure)  481677K->163589K(1033216K), 0.0041885 secs]
154.829: Total time for which application threads were stopped: 0.0043516 seconds, Stopping threads took: 0.0000185 seconds
154.895: [GC (Allocation Failure)  482053K->171239K(1033216K), 0.0042289 secs]
154.900: Total time for which application threads were stopped: 0.0043989 seconds, Stopping threads took: 0.0000200 seconds
154.966: [GC (Allocation Failure)  489703K->171239K(1033216K), 0.0042122 secs]
154.970: Total time for which application threads were stopped: 0.0043810 seconds, Stopping threads took: 0.0000190 seconds
155.037: [GC (Allocation Failure)  489703K->171815K(1033216K), 0.0041033 secs]
155.041: Total time for which application threads were stopped: 0.0042674 seconds, Stopping threads took: 0.0000199 seconds
155.110: [GC (Allocation Failure)  490279K->179305K(1033216K), 0.0039896 secs]
155.114: Total time for which application threads were stopped: 0.0041875 seconds, Stopping threads took: 0.0000206 seconds
155.181: [GC (Allocation Failure)  497769K->179305K(1033216K), 0.0041419 secs]
155.185: Total time for which application threads were stopped: 0.0042914 seconds, Stopping threads took: 0.0000165 seconds
155.251: [GC (Allocation Failure)  497769K->179561K(1033216K), 0.0041093 secs]
155.255: Total time for which application threads were stopped: 0.0042999 seconds, Stopping threads took: 0.0000200 seconds
155.325: [GC (Allocation Failure)  498025K->187308K(1033216K), 0.0040492 secs]
155.329: Total time for which application threads were stopped: 0.0041964 seconds, Stopping threads took: 0.0000164 seconds
155.396: [GC (Allocation Failure)  505772K->187308K(1033216K), 0.0042032 secs]
155.400: Total time for which application threads were stopped: 0.0043650 seconds, Stopping threads took: 0.0000193 seconds
155.465: [GC (Allocation Failure)  505772K->187364K(1033216K), 0.0043737 secs]
155.469: Total time for which application threads were stopped: 0.0045395 seconds, Stopping threads took: 0.0000188 seconds
155.536: [GC (Allocation Failure)  505828K->195366K(1033216K), 0.0043715 secs]
155.541: Total time for which application threads were stopped: 0.0045589 seconds, Stopping threads took: 0.0000354 seconds
155.609: [GC (Allocation Failure)  513830K->195366K(1033216K), 0.0041136 secs]
155.613: Total time for which application threads were stopped: 0.0042838 seconds, Stopping threads took: 0.0000262 seconds
155.678: [GC (Allocation Failure)  513830K->195494K(1033216K), 0.0043956 secs]
155.682: Total time for which application threads were stopped: 0.0045668 seconds, Stopping threads took: 0.0000201 seconds
155.750: [GC (Allocation Failure)  513958K->203400K(1033216K), 0.0040965 secs]
155.754: Total time for which application threads were stopped: 0.0042690 seconds, Stopping threads took: 0.0000197 seconds
155.820: [GC (Allocation Failure)  521864K->203368K(1033216K), 0.0039857 secs]
155.824: Total time for which application threads were stopped: 0.0041684 seconds, Stopping threads took: 0.0000201 seconds
155.891: [GC (Allocation Failure)  521832K->203752K(1033216K), 0.0042217 secs]
155.895: Total time for which application threads were stopped: 0.0043856 seconds, Stopping threads took: 0.0000199 seconds
155.962: [GC (Allocation Failure)  522216K->211434K(1033216K), 0.0041753 secs]
155.966: Total time for which application threads were stopped: 0.0043475 seconds, Stopping threads took: 0.0000198 seconds
156.032: [GC (Allocation Failure)  529898K->211402K(1033216K), 0.0039940 secs]
156.036: Total time for which application threads were stopped: 0.0041686 seconds, Stopping threads took: 0.0000208 seconds
156.102: [GC (Allocation Failure)  529866K->211426K(1033216K), 0.0049378 secs]
156.107: Total time for which application threads were stopped: 0.0050844 seconds, Stopping threads took: 0.0000186 seconds
156.175: [GC (Allocation Failure)  529890K->219429K(1033216K), 0.0041831 secs]
156.179: Total time for which application threads were stopped: 0.0043481 seconds, Stopping threads took: 0.0000193 seconds
156.245: [GC (Allocation Failure)  537893K->212546K(1033216K), 0.0013400 secs]
156.246: Total time for which application threads were stopped: 0.0014586 seconds, Stopping threads took: 0.0000165 seconds
156.315: [GC (Allocation Failure)  531010K->219629K(1033728K), 0.0041589 secs]
156.320: Total time for which application threads were stopped: 0.0043349 seconds, Stopping threads took: 0.0000212 seconds
156.388: [GC (Allocation Failure)  538605K->223573K(1033216K), 0.0050243 secs]
156.393: Total time for which application threads were stopped: 0.0052006 seconds, Stopping threads took: 0.0000220 seconds
156.460: [GC (Allocation Failure)  542549K->226130K(1032192K), 0.0053458 secs]
156.465: Total time for which application threads were stopped: 0.0055099 seconds, Stopping threads took: 0.0000205 seconds
156.532: [GC (Allocation Failure)  543570K->223733K(1032704K), 0.0043341 secs]
156.536: Total time for which application threads were stopped: 0.0045063 seconds, Stopping threads took: 0.0000202 seconds
156.604: [GC (Allocation Failure)  541173K->223605K(1032704K), 0.0042908 secs]
156.608: Total time for which application threads were stopped: 0.0044751 seconds, Stopping threads took: 0.0000260 seconds
156.674: [GC (Allocation Failure)  541045K->227213K(1032704K), 0.0051994 secs]
156.680: Total time for which application threads were stopped: 0.0053782 seconds, Stopping threads took: 0.0000242 seconds
156.747: [GC (Allocation Failure)  544653K->231695K(1033728K), 0.0040770 secs]
156.751: Total time for which application threads were stopped: 0.0042489 seconds, Stopping threads took: 0.0000197 seconds
156.821: [GC (Allocation Failure)  550671K->231599K(1033216K), 0.0044087 secs]
156.825: Total time for which application threads were stopped: 0.0045740 seconds, Stopping threads took: 0.0000195 seconds
156.893: [GC (Allocation Failure)  550575K->235463K(1034240K), 0.0049649 secs]
156.898: Total time for which application threads were stopped: 0.0051349 seconds, Stopping threads took: 0.0000198 seconds
156.966: [GC (Allocation Failure)  555463K->239689K(1033728K), 0.0041835 secs]
156.970: Total time for which application threads were stopped: 0.0043501 seconds, Stopping threads took: 0.0000199 seconds
157.037: [GC (Allocation Failure)  559689K->239657K(1034240K), 0.0042489 secs]
157.041: Total time for which application threads were stopped: 0.0044170 seconds, Stopping threads took: 0.0000196 seconds
157.108: [GC (Allocation Failure)  560169K->240585K(1034240K), 0.0042513 secs]
157.112: Total time for which application threads were stopped: 0.0044295 seconds, Stopping threads took: 0.0000274 seconds
157.180: [GC (Allocation Failure)  561097K->247660K(1034240K), 0.0041710 secs]
157.184: Total time for which application threads were stopped: 0.0043694 seconds, Stopping threads took: 0.0000206 seconds
157.253: [GC (Allocation Failure)  568172K->247660K(1034240K), 0.0041481 secs]
157.257: Total time for which application threads were stopped: 0.0042982 seconds, Stopping threads took: 0.0000165 seconds
157.324: [GC (Allocation Failure)  568172K->250916K(1034752K), 0.0050874 secs]
157.329: Total time for which application threads were stopped: 0.0052518 seconds, Stopping threads took: 0.0000256 seconds
157.396: [GC (Allocation Failure)  571940K->255718K(1034240K), 0.0040919 secs]
157.400: Total time for which application threads were stopped: 0.0042524 seconds, Stopping threads took: 0.0000190 seconds
157.469: [GC (Allocation Failure)  576742K->255718K(1034752K), 0.0041572 secs]
157.474: Total time for which application threads were stopped: 0.0043248 seconds, Stopping threads took: 0.0000199 seconds
157.541: [GC (Allocation Failure)  577254K->259110K(1034752K), 0.0050219 secs]
157.546: Total time for which application threads were stopped: 0.0052263 seconds, Stopping threads took: 0.0000191 seconds
157.613: [GC (Allocation Failure)  580646K->263752K(1034752K), 0.0041784 secs]
157.617: Total time for which application threads were stopped: 0.0043486 seconds, Stopping threads took: 0.0000197 seconds
157.684: [GC (Allocation Failure)  585288K->263688K(1034752K), 0.0044719 secs]
157.689: Total time for which application threads were stopped: 0.0046383 seconds, Stopping threads took: 0.0000191 seconds
157.754: [GC (Allocation Failure)  585224K->264296K(1034752K), 0.0043783 secs]
157.758: Total time for which application threads were stopped: 0.0045462 seconds, Stopping threads took: 0.0000189 seconds
157.824: [GC (Allocation Failure)  585832K->271818K(1034752K), 0.0045012 secs]
157.829: Total time for which application threads were stopped: 0.0046824 seconds, Stopping threads took: 0.0000197 seconds
157.897: [GC (Allocation Failure)  593354K->271786K(1034752K), 0.0043689 secs]
157.901: Total time for which application threads were stopped: 0.0045260 seconds, Stopping threads took: 0.0000253 seconds
157.968: [GC (Allocation Failure)  593322K->273546K(1034752K), 0.0046692 secs]
157.973: Total time for which application threads were stopped: 0.0048520 seconds, Stopping threads took: 0.0000261 seconds
158.041: [GC (Allocation Failure)  595082K->279821K(1034752K), 0.0044583 secs]
158.046: Total time for which application threads were stopped: 0.0046149 seconds, Stopping threads took: 0.0000169 seconds
158.114: [GC (Allocation Failure)  601357K->279821K(1034752K), 0.0045301 secs]
158.118: Total time for which application threads were stopped: 0.0047104 seconds, Stopping threads took: 0.0000200 seconds
158.186: [GC (Allocation Failure)  601357K->282789K(1034752K), 0.0050129 secs]
158.191: Total time for which application threads were stopped: 0.0051832 seconds, Stopping threads took: 0.0000195 seconds
158.261: [GC (Allocation Failure)  604325K->287847K(1034752K), 0.0044225 secs]
158.266: Total time for which application threads were stopped: 0.0045831 seconds, Stopping threads took: 0.0000195 seconds
158.333: [GC (Allocation Failure)  609383K->287783K(1034752K), 0.0045562 secs]
158.338: Total time for which application threads were stopped: 0.0047261 seconds, Stopping threads took: 0.0000191 seconds
158.403: [GC (Allocation Failure)  609319K->287943K(1021440K), 0.0044183 secs]
158.408: Total time for which application threads were stopped: 0.0045911 seconds, Stopping threads took: 0.0000204 seconds
158.476: [GC (Allocation Failure)  609479K->295913K(1034240K), 0.0043847 secs]
158.481: Total time for which application threads were stopped: 0.0045611 seconds, Stopping threads took: 0.0000261 seconds
158.548: [GC (Allocation Failure)  616425K->295849K(1034240K), 0.0043078 secs]
158.553: Total time for which application threads were stopped: 0.0044929 seconds, Stopping threads took: 0.0000195 seconds
158.621: [GC (Allocation Failure)  616361K->299241K(1034752K), 0.0049619 secs]
158.626: Total time for which application threads were stopped: 0.0051377 seconds, Stopping threads took: 0.0000257 seconds
158.693: [GC (Allocation Failure)  620265K->303979K(1034240K), 0.0044115 secs]
158.698: Total time for which application threads were stopped: 0.0045741 seconds, Stopping threads took: 0.0000207 seconds
158.765: [GC (Allocation Failure)  625003K->303883K(1034752K), 0.0044127 secs]
158.770: Total time for which application threads were stopped: 0.0046025 seconds, Stopping threads took: 0.0000283 seconds
158.837: [GC (Allocation Failure)  625419K->307491K(1034752K), 0.0052157 secs]
158.843: Total time for which application threads were stopped: 0.0053918 seconds, Stopping threads took: 0.0000258 seconds
158.911: [GC (Allocation Failure)  629027K->311974K(1034752K), 0.0042665 secs]
158.915: Total time for which application threads were stopped: 0.0044405 seconds, Stopping threads took: 0.0000204 seconds
158.983: [GC (Allocation Failure)  633510K->311910K(1034752K), 0.0044373 secs]
158.987: Total time for which application threads were stopped: 0.0046162 seconds, Stopping threads took: 0.0000249 seconds
159.053: [GC (Allocation Failure)  633446K->312646K(1034752K), 0.0046564 secs]
159.058: Total time for which application threads were stopped: 0.0048357 seconds, Stopping threads took: 0.0000198 seconds
159.125: [GC (Allocation Failure)  634182K->319944K(1034752K), 0.0042753 secs]
159.130: Total time for which application threads were stopped: 0.0044503 seconds, Stopping threads took: 0.0000273 seconds
159.197: [GC (Allocation Failure)  641480K->319944K(1034752K), 0.0050052 secs]
159.202: Total time for which application threads were stopped: 0.0051541 seconds, Stopping threads took: 0.0000169 seconds
159.268: [GC (Allocation Failure)  641480K->321896K(1034752K), 0.0046727 secs]
159.273: Total time for which application threads were stopped: 0.0048510 seconds, Stopping threads took: 0.0000212 seconds
159.339: [GC (Allocation Failure)  643432K->328010K(1034752K), 0.0044996 secs]
159.344: Total time for which application threads were stopped: 0.0046701 seconds, Stopping threads took: 0.0000217 seconds
159.410: [GC (Allocation Failure)  649546K->327978K(1034752K), 0.0043946 secs]
159.415: Total time for which application threads were stopped: 0.0045556 seconds, Stopping threads took: 0.0000199 seconds
159.480: [GC (Allocation Failure)  649514K->331210K(1034752K), 0.0052309 secs]
159.486: Total time for which application threads were stopped: 0.0054040 seconds, Stopping threads took: 0.0000199 seconds
159.555: [GC (Allocation Failure)  652746K->336076K(1034752K), 0.0044129 secs]
159.559: Total time for which application threads were stopped: 0.0045757 seconds, Stopping threads took: 0.0000202 seconds
159.628: [GC (Allocation Failure)  657612K->336044K(1034752K), 0.0044686 secs]
159.633: Total time for which application threads were stopped: 0.0046428 seconds, Stopping threads took: 0.0000197 seconds
159.698: [GC (Allocation Failure)  657580K->336332K(1034752K), 0.0046350 secs]
159.703: Total time for which application threads were stopped: 0.0047931 seconds, Stopping threads took: 0.0000168 seconds
159.771: [GC (Allocation Failure)  657868K->344143K(1033728K), 0.0044618 secs]
159.775: Total time for which application threads were stopped: 0.0046225 seconds, Stopping threads took: 0.0000203 seconds
159.844: [GC (Allocation Failure)  664655K->344047K(1034240K), 0.0044335 secs]
159.849: Total time for which application threads were stopped: 0.0046330 seconds, Stopping threads took: 0.0000215 seconds
159.916: [GC (Allocation Failure)  664559K->347631K(1034752K), 0.0050882 secs]
159.921: Total time for which application threads were stopped: 0.0052600 seconds, Stopping threads took: 0.0000203 seconds
159.990: [GC (Allocation Failure)  669167K->352145K(1034752K), 0.0044230 secs]
159.994: Total time for which application threads were stopped: 0.0045919 seconds, Stopping threads took: 0.0000195 seconds
160.062: [GC (Allocation Failure)  673681K->352113K(1034752K), 0.0045021 secs]
160.067: Total time for which application threads were stopped: 0.0046820 seconds, Stopping threads took: 0.0000216 seconds
160.133: [GC (Allocation Failure)  673649K->352777K(1034752K), 0.0046340 secs]
160.138: Total time for which application threads were stopped: 0.0048038 seconds, Stopping threads took: 0.0000188 seconds
160.206: [GC (Allocation Failure)  674313K->360363K(1033728K), 0.0051338 secs]
160.212: Total time for which application threads were stopped: 0.0053422 seconds, Stopping threads took: 0.0000260 seconds
160.279: [GC (Allocation Failure)  680875K->360139K(1034240K), 0.0046117 secs]
160.283: Total time for which application threads were stopped: 0.0047862 seconds, Stopping threads took: 0.0000191 seconds
160.351: [GC (Allocation Failure)  680651K->364107K(1034752K), 0.0054087 secs]
160.357: Total time for which application threads were stopped: 0.0055677 seconds, Stopping threads took: 0.0000190 seconds
160.424: [GC (Allocation Failure)  685131K->368142K(1034240K), 0.0043620 secs]
160.428: Total time for which application threads were stopped: 0.0045457 seconds, Stopping threads took: 0.0000201 seconds
160.495: [GC (Allocation Failure)  689166K->368174K(1034752K), 0.0047369 secs]
160.500: Total time for which application threads were stopped: 0.0049308 seconds, Stopping threads took: 0.0000203 seconds
160.569: [GC (Allocation Failure)  689710K->368198K(1021440K), 0.0045287 secs]
160.574: Total time for which application threads were stopped: 0.0046786 seconds, Stopping threads took: 0.0000196 seconds
160.643: [GC (Allocation Failure)  689734K->376200K(1034240K), 0.0047335 secs]
160.648: Total time for which application threads were stopped: 0.0049034 seconds, Stopping threads took: 0.0000201 seconds
160.716: [GC (Allocation Failure)  696712K->376200K(1034240K), 0.0047185 secs]
160.721: Total time for which application threads were stopped: 0.0049006 seconds, Stopping threads took: 0.0000277 seconds
160.788: [GC (Allocation Failure)  696712K->379520K(1034752K), 0.0065794 secs]
160.795: Total time for which application threads were stopped: 0.0067337 seconds, Stopping threads took: 0.0000197 seconds
160.862: [GC (Allocation Failure)  700544K->384322K(1034240K), 0.0046034 secs]
160.867: Total time for which application threads were stopped: 0.0047776 seconds, Stopping threads took: 0.0000194 seconds
160.934: [GC (Allocation Failure)  705346K->384194K(1034752K), 0.0043041 secs]
160.939: Total time for which application threads were stopped: 0.0045174 seconds, Stopping threads took: 0.0000247 seconds
161.008: [GC (Allocation Failure)  705730K->387786K(1034752K), 0.0056235 secs]
161.014: Total time for which application threads were stopped: 0.0057796 seconds, Stopping threads took: 0.0000167 seconds
161.082: [GC (Allocation Failure)  709322K->392268K(1034752K), 0.0043520 secs]
161.087: Total time for which application threads were stopped: 0.0045098 seconds, Stopping threads took: 0.0000262 seconds
161.155: [GC (Allocation Failure)  713804K->392236K(1034752K), 0.0043672 secs]
161.159: Total time for which application threads were stopped: 0.0045302 seconds, Stopping threads took: 0.0000201 seconds
161.226: [GC (Allocation Failure)  713772K->392940K(1034240K), 0.0048267 secs]
161.231: Total time for which application threads were stopped: 0.0049914 seconds, Stopping threads took: 0.0000187 seconds
161.299: [GC (Allocation Failure)  714476K->400527K(1034752K), 0.0044711 secs]
161.304: Total time for which application threads were stopped: 0.0046381 seconds, Stopping threads took: 0.0000196 seconds
161.371: [GC (Allocation Failure)  722063K->400271K(1034752K), 0.0046161 secs]
161.376: Total time for which application threads were stopped: 0.0047949 seconds, Stopping threads took: 0.0000216 seconds
161.442: [GC (Allocation Failure)  721807K->402183K(1034752K), 0.0049420 secs]
161.447: Total time for which application threads were stopped: 0.0051008 seconds, Stopping threads took: 0.0000186 seconds
161.516: [GC (Allocation Failure)  723719K->408457K(1034752K), 0.0045805 secs]
161.521: Total time for which application threads were stopped: 0.0047656 seconds, Stopping threads took: 0.0000214 seconds
161.588: [GC (Allocation Failure)  729993K->408329K(1034752K), 0.0045423 secs]
161.593: Total time for which application threads were stopped: 0.0047126 seconds, Stopping threads took: 0.0000263 seconds
161.660: [GC (Allocation Failure)  729865K->411465K(1034752K), 0.0052523 secs]
161.666: Total time for which application threads were stopped: 0.0054332 seconds, Stopping threads took: 0.0000169 seconds
161.733: [GC (Allocation Failure)  733001K->416459K(1034752K), 0.0044741 secs]
161.738: Total time for which application threads were stopped: 0.0046324 seconds, Stopping threads took: 0.0000166 seconds
161.804: [GC (Allocation Failure)  737995K->416331K(1034752K), 0.0064642 secs]
161.811: Total time for which application threads were stopped: 0.0066262 seconds, Stopping threads took: 0.0000200 seconds
161.877: [GC (Allocation Failure)  737867K->408585K(1021440K), 0.0015202 secs]
161.878: Total time for which application threads were stopped: 0.0016560 seconds, Stopping threads took: 0.0000195 seconds
161.946: [GC (Allocation Failure)  730121K->416395K(1034240K), 0.0047293 secs]
161.950: Total time for which application threads were stopped: 0.0048976 seconds, Stopping threads took: 0.0000191 seconds
162.019: [GC (Allocation Failure)  736907K->416331K(1034240K), 0.0045990 secs]
162.024: Total time for which application threads were stopped: 0.0047698 seconds, Stopping threads took: 0.0000197 seconds
162.092: [GC (Allocation Failure)  736843K->419915K(1034752K), 0.0056449 secs]
162.098: Total time for which application threads were stopped: 0.0058509 seconds, Stopping threads took: 0.0000260 seconds
162.165: [GC (Allocation Failure)  740939K->424397K(1034240K), 0.0044669 secs]
162.170: Total time for which application threads were stopped: 0.0046316 seconds, Stopping threads took: 0.0000199 seconds
162.239: [GC (Allocation Failure)  745421K->424365K(1034752K), 0.0045766 secs]
162.244: Total time for which application threads were stopped: 0.0047353 seconds, Stopping threads took: 0.0000193 seconds
162.311: [GC (Allocation Failure)  745901K->428101K(1034752K), 0.0055591 secs]
162.317: Total time for which application threads were stopped: 0.0057526 seconds, Stopping threads took: 0.0000195 seconds
162.384: [GC (Allocation Failure)  749637K->432616K(1034240K), 0.0046211 secs]
162.389: Total time for which application threads were stopped: 0.0048182 seconds, Stopping threads took: 0.0000259 seconds
162.457: [GC (Allocation Failure)  754152K->432392K(1034752K), 0.0045136 secs]
162.461: Total time for which application threads were stopped: 0.0046697 seconds, Stopping threads took: 0.0000255 seconds
162.527: [GC (Allocation Failure)  753928K->425221K(1034240K), 0.0017742 secs]
162.529: Total time for which application threads were stopped: 0.0019296 seconds, Stopping threads took: 0.0000276 seconds
162.597: [GC (Allocation Failure)  746757K->432552K(1034752K), 0.0055224 secs]
162.602: Total time for which application threads were stopped: 0.0057102 seconds, Stopping threads took: 0.0000287 seconds
162.669: [GC (Allocation Failure)  754088K->432392K(1034752K), 0.0047590 secs]
162.674: Total time for which application threads were stopped: 0.0049223 seconds, Stopping threads took: 0.0000199 seconds
162.741: [GC (Allocation Failure)  753928K->426469K(1034752K), 0.0020733 secs]
162.744: Total time for which application threads were stopped: 0.0022344 seconds, Stopping threads took: 0.0000202 seconds
162.814: [GC (Allocation Failure)  748005K->432488K(1034752K), 0.0046321 secs]
162.818: Total time for which application threads were stopped: 0.0047827 seconds, Stopping threads took: 0.0000167 seconds
162.886: [GC (Allocation Failure)  754024K->432392K(1034752K), 0.0045674 secs]
162.890: Total time for which application threads were stopped: 0.0047440 seconds, Stopping threads took: 0.0000196 seconds
162.956: [GC (Allocation Failure)  753928K->427685K(1034752K), 0.0027140 secs]
162.959: Total time for which application threads were stopped: 0.0029096 seconds, Stopping threads took: 0.0000269 seconds
163.029: [GC (Allocation Failure)  749221K->432456K(1034752K), 0.0047542 secs]
163.034: Total time for which application threads were stopped: 0.0049127 seconds, Stopping threads took: 0.0000170 seconds
163.101: [GC (Allocation Failure)  753992K->432392K(1034752K), 0.0045667 secs]
163.106: Total time for which application threads were stopped: 0.0047349 seconds, Stopping threads took: 0.0000273 seconds
163.171: [GC (Allocation Failure)  753928K->428901K(1034752K), 0.0033159 secs]
163.175: Total time for which application threads were stopped: 0.0034979 seconds, Stopping threads took: 0.0000193 seconds
163.245: [GC (Allocation Failure)  750437K->432392K(1035264K), 0.0047206 secs]
163.250: Total time for which application threads were stopped: 0.0048880 seconds, Stopping threads took: 0.0000198 seconds
163.318: [GC (Allocation Failure)  754952K->432424K(1035264K), 0.0045959 secs]
163.323: Total time for which application threads were stopped: 0.0047624 seconds, Stopping threads took: 0.0000212 seconds
163.390: [GC (Allocation Failure)  754984K->432165K(1035776K), 0.0047031 secs]
163.395: Total time for which application threads were stopped: 0.0048685 seconds, Stopping threads took: 0.0000185 seconds
163.463: [GC (Allocation Failure)  755237K->432584K(1035264K), 0.0046259 secs]
163.467: Total time for which application threads were stopped: 0.0047845 seconds, Stopping threads took: 0.0000191 seconds
163.534: [GC (Allocation Failure)  755656K->432392K(1035776K), 0.0046369 secs]
163.539: Total time for which application threads were stopped: 0.0047973 seconds, Stopping threads took: 0.0000193 seconds
163.606: [GC (Allocation Failure)  755976K->438501K(1035776K), 0.0074760 secs]
163.614: Total time for which application threads were stopped: 0.0076622 seconds, Stopping threads took: 0.0000261 seconds
163.682: [GC (Allocation Failure)  762085K->433928K(1032704K), 0.0046911 secs]
163.687: Total time for which application threads were stopped: 0.0048529 seconds, Stopping threads took: 0.0000196 seconds
163.754: [GC (Allocation Failure)  754440K->433800K(1034240K), 0.0043036 secs]
163.759: Total time for which application threads were stopped: 0.0044780 seconds, Stopping threads took: 0.0000199 seconds
163.825: [GC (Allocation Failure)  754312K->441109K(1029632K), 0.0113926 secs]
163.837: Total time for which application threads were stopped: 0.0115504 seconds, Stopping threads took: 0.0000272 seconds
163.905: [GC (Allocation Failure)  757525K->435448K(1032192K), 0.0046678 secs]
163.909: Total time for which application threads were stopped: 0.0048349 seconds, Stopping threads took: 0.0000189 seconds
163.976: [GC (Allocation Failure)  751864K->435352K(1033728K), 0.0045199 secs]
163.980: Total time for which application threads were stopped: 0.0046857 seconds, Stopping threads took: 0.0000195 seconds
164.046: [GC (Allocation Failure)  754328K->431125K(1033216K), 0.0064551 secs]
164.053: Total time for which application threads were stopped: 0.0066132 seconds, Stopping threads took: 0.0000183 seconds
164.122: [GC (Allocation Failure)  750101K->435416K(1034240K), 0.0043205 secs]
164.127: Total time for which application threads were stopped: 0.0045154 seconds, Stopping threads took: 0.0000257 seconds
164.195: [GC (Allocation Failure)  755416K->435352K(1033728K), 0.0053782 secs]
164.200: Total time for which application threads were stopped: 0.0055413 seconds, Stopping threads took: 0.0000248 seconds
164.266: [GC (Allocation Failure)  755352K->438872K(1034752K), 0.0053199 secs]
164.272: Total time for which application threads were stopped: 0.0054906 seconds, Stopping threads took: 0.0000196 seconds
164.338: [GC (Allocation Failure)  760408K->443642K(1034752K), 0.0046888 secs]
164.343: Total time for which application threads were stopped: 0.0048825 seconds, Stopping threads took: 0.0000196 seconds
164.410: [GC (Allocation Failure)  765178K->443386K(1035264K), 0.0047432 secs]
164.415: Total time for which application threads were stopped: 0.0048986 seconds, Stopping threads took: 0.0000190 seconds
164.481: [GC (Allocation Failure)  765434K->436504K(1034752K), 0.0018295 secs]
164.483: Total time for which application threads were stopped: 0.0019705 seconds, Stopping threads took: 0.0000191 seconds
164.554: [GC (Allocation Failure)  758552K->443578K(1034752K), 0.0047813 secs]
164.559: Total time for which application threads were stopped: 0.0049531 seconds, Stopping threads took: 0.0000215 seconds
164.626: [GC (Allocation Failure)  765114K->443418K(1034752K), 0.0046908 secs]
164.631: Total time for which application threads were stopped: 0.0048697 seconds, Stopping threads took: 0.0000282 seconds
164.698: [GC (Allocation Failure)  764954K->438264K(1035264K), 0.0026796 secs]
164.700: Total time for which application threads were stopped: 0.0028456 seconds, Stopping threads took: 0.0000278 seconds
164.768: [GC (Allocation Failure)  760824K->443546K(1035264K), 0.0046683 secs]
164.773: Total time for which application threads were stopped: 0.0048492 seconds, Stopping threads took: 0.0000192 seconds
164.841: [GC (Allocation Failure)  766106K->443386K(1035264K), 0.0044828 secs]
164.846: Total time for which application threads were stopped: 0.0046821 seconds, Stopping threads took: 0.0000195 seconds
164.913: [GC (Allocation Failure)  765946K->442552K(1035264K), 0.0042519 secs]
164.917: Total time for which application threads were stopped: 0.0044278 seconds, Stopping threads took: 0.0000269 seconds
164.983: [GC (Allocation Failure)  765112K->443450K(1036288K), 0.0047614 secs]
164.988: Total time for which application threads were stopped: 0.0049218 seconds, Stopping threads took: 0.0000194 seconds
165.056: [GC (Allocation Failure)  767546K->443386K(1035776K), 0.0046271 secs]
165.061: Total time for which application threads were stopped: 0.0047959 seconds, Stopping threads took: 0.0000195 seconds
165.128: [GC (Allocation Failure)  767482K->449872K(1032192K), 0.0079618 secs]
165.136: Total time for which application threads were stopped: 0.0081180 seconds, Stopping threads took: 0.0000197 seconds
165.205: [GC (Allocation Failure)  770384K->445650K(1034240K), 0.0052765 secs]
165.210: Total time for which application threads were stopped: 0.0054138 seconds, Stopping threads took: 0.0000170 seconds
165.279: [GC (Allocation Failure)  766162K->445650K(1035264K), 0.0047047 secs]
165.283: Total time for which application threads were stopped: 0.0048653 seconds, Stopping threads took: 0.0000200 seconds
165.352: [GC (Allocation Failure)  767698K->451816K(1034752K), 0.0076444 secs]
165.360: Total time for which application threads were stopped: 0.0078145 seconds, Stopping threads took: 0.0000198 seconds
165.427: [GC (Allocation Failure)  773864K->446826K(1032704K), 0.0045028 secs]
165.432: Total time for which application threads were stopped: 0.0046739 seconds, Stopping threads took: 0.0000196 seconds
165.499: [GC (Allocation Failure)  766314K->446570K(1033728K), 0.0045548 secs]
165.503: Total time for which application threads were stopped: 0.0047224 seconds, Stopping threads took: 0.0000199 seconds
165.572: [GC (Allocation Failure)  766058K->450440K(1033216K), 0.0066288 secs]
165.578: Total time for which application threads were stopped: 0.0068148 seconds, Stopping threads took: 0.0000273 seconds
165.646: [GC (Allocation Failure)  769928K->446762K(1033728K), 0.0045943 secs]
165.650: Total time for which application threads were stopped: 0.0047573 seconds, Stopping threads took: 0.0000196 seconds
165.717: [GC (Allocation Failure)  766250K->446570K(1034752K), 0.0046387 secs]
165.722: Total time for which application threads were stopped: 0.0048095 seconds, Stopping threads took: 0.0000202 seconds
165.790: [GC (Allocation Failure)  767594K->447048K(1034240K), 0.0048909 secs]
165.795: Total time for which application threads were stopped: 0.0050615 seconds, Stopping threads took: 0.0000201 seconds
165.862: [GC (Allocation Failure)  768072K->446666K(1035264K), 0.0046949 secs]
165.867: Total time for which application threads were stopped: 0.0048675 seconds, Stopping threads took: 0.0000200 seconds
165.937: [GC (Allocation Failure)  769226K->446570K(1035264K), 0.0045814 secs]
165.941: Total time for which application threads were stopped: 0.0047581 seconds, Stopping threads took: 0.0000201 seconds
166.009: [GC (Allocation Failure)  769130K->449832K(1034752K), 0.0058804 secs]
166.015: Total time for which application threads were stopped: 0.0060485 seconds, Stopping threads took: 0.0000186 seconds
166.083: [GC (Allocation Failure)  772392K->446666K(1035264K), 0.0045518 secs]
166.088: Total time for which application threads were stopped: 0.0047272 seconds, Stopping threads took: 0.0000263 seconds
166.156: [GC (Allocation Failure)  769226K->446538K(1035776K), 0.0045972 secs]
166.161: Total time for which application threads were stopped: 0.0047966 seconds, Stopping threads took: 0.0000278 seconds
166.231: [GC (Allocation Failure)  769610K->454600K(1035264K), 0.0084232 secs]
166.240: Total time for which application threads were stopped: 0.0086041 seconds, Stopping threads took: 0.0000164 seconds
166.309: [GC (Allocation Failure)  777672K->449898K(1032192K), 0.0045874 secs]
166.314: Total time for which application threads were stopped: 0.0048074 seconds, Stopping threads took: 0.0000190 seconds
166.383: [GC (Allocation Failure)  769386K->449834K(1033728K), 0.0045840 secs]
166.387: Total time for which application threads were stopped: 0.0047328 seconds, Stopping threads took: 0.0000169 seconds
166.454: [GC (Allocation Failure)  769322K->456536K(1031168K), 0.0075126 secs]
166.462: Total time for which application threads were stopped: 0.0076878 seconds, Stopping threads took: 0.0000197 seconds
166.528: [GC (Allocation Failure)  773976K->450490K(1032704K), 0.0047338 secs]
166.533: Total time for which application threads were stopped: 0.0049050 seconds, Stopping threads took: 0.0000200 seconds
166.599: [GC (Allocation Failure)  767930K->450266K(1033216K), 0.0044353 secs]
166.604: Total time for which application threads were stopped: 0.0046007 seconds, Stopping threads took: 0.0000256 seconds
166.669: [GC (Allocation Failure)  768218K->446424K(1032704K), 0.0032483 secs]
166.673: Total time for which application threads were stopped: 0.0034421 seconds, Stopping threads took: 0.0000192 seconds
166.741: [GC (Allocation Failure)  764376K->450426K(1033216K), 0.0047007 secs]
166.746: Total time for which application threads were stopped: 0.0048692 seconds, Stopping threads took: 0.0000254 seconds
166.813: [GC (Allocation Failure)  768378K->450266K(1032704K), 0.0045726 secs]
166.818: Total time for which application threads were stopped: 0.0047340 seconds, Stopping threads took: 0.0000199 seconds
166.884: [GC (Allocation Failure)  768218K->453106K(1032704K), 0.0083549 secs]
166.892: Total time for which application threads were stopped: 0.0085372 seconds, Stopping threads took: 0.0000200 seconds
166.961: [GC (Allocation Failure)  771570K->458388K(1033216K), 0.0045174 secs]
166.965: Total time for which application threads were stopped: 0.0046809 seconds, Stopping threads took: 0.0000194 seconds
167.032: [GC (Allocation Failure)  776852K->458292K(1034752K), 0.0085151 secs]
167.040: Total time for which application threads were stopped: 0.0086916 seconds, Stopping threads took: 0.0000189 seconds
167.109: [GC (Allocation Failure)  779316K->459860K(1034240K), 0.0050046 secs]
167.114: Total time for which application threads were stopped: 0.0051738 seconds, Stopping threads took: 0.0000193 seconds
167.181: [GC (Allocation Failure)  780884K->466358K(1034752K), 0.0044878 secs]
167.186: Total time for which application threads were stopped: 0.0046606 seconds, Stopping threads took: 0.0000205 seconds
167.254: [GC (Allocation Failure)  787382K->466326K(1034240K), 0.0045338 secs]
167.259: Total time for which application threads were stopped: 0.0047274 seconds, Stopping threads took: 0.0000203 seconds
167.328: [GC (Allocation Failure)  787350K->467582K(1033728K), 0.0047561 secs]
167.333: Total time for which application threads were stopped: 0.0049460 seconds, Stopping threads took: 0.0000189 seconds
167.402: [GC (Allocation Failure)  788094K->474369K(1034240K), 0.0048568 secs]
167.407: Total time for which application threads were stopped: 0.0050290 seconds, Stopping threads took: 0.0000194 seconds
167.475: [GC (Allocation Failure)  794881K->474369K(1035264K), 0.0043550 secs]
167.479: Total time for which application threads were stopped: 0.0045134 seconds, Stopping threads took: 0.0000191 seconds
167.546: [GC (Allocation Failure)  796417K->475305K(1034752K), 0.0048437 secs]
167.551: Total time for which application threads were stopped: 0.0050168 seconds, Stopping threads took: 0.0000189 seconds
167.621: [GC (Allocation Failure)  797353K->482411K(1034752K), 0.0047554 secs]
167.626: Total time for which application threads were stopped: 0.0049046 seconds, Stopping threads took: 0.0000258 seconds
167.694: [GC (Allocation Failure)  803947K->482411K(1034752K), 0.0048149 secs]
167.699: Total time for which application threads were stopped: 0.0049787 seconds, Stopping threads took: 0.0000202 seconds
167.767: [GC (Allocation Failure)  803947K->485067K(1034752K), 0.0052367 secs]
167.772: Total time for which application threads were stopped: 0.0054089 seconds, Stopping threads took: 0.0000197 seconds
167.842: [GC (Allocation Failure)  806603K->490445K(1034752K), 0.0047615 secs]
167.846: Total time for which application threads were stopped: 0.0049317 seconds, Stopping threads took: 0.0000204 seconds
167.914: [GC (Allocation Failure)  811981K->490445K(1035264K), 0.0048540 secs]
167.919: Total time for which application threads were stopped: 0.0050250 seconds, Stopping threads took: 0.0000201 seconds
167.985: [GC (Allocation Failure)  812493K->490757K(1034752K), 0.0049338 secs]
167.990: Total time for which application threads were stopped: 0.0050958 seconds, Stopping threads took: 0.0000200 seconds
168.059: [GC (Allocation Failure)  812805K->498536K(1034752K), 0.0046411 secs]
168.063: Total time for which application threads were stopped: 0.0048112 seconds, Stopping threads took: 0.0000281 seconds
168.130: [GC (Allocation Failure)  820072K->498472K(1034752K), 0.0045777 secs]
168.135: Total time for which application threads were stopped: 0.0047730 seconds, Stopping threads took: 0.0000195 seconds
168.204: [GC (Allocation Failure)  820008K->500488K(1034752K), 0.0063058 secs]
168.210: Total time for which application threads were stopped: 0.0065129 seconds, Stopping threads took: 0.0000273 seconds
168.277: [GC (Allocation Failure)  822024K->506570K(1034752K), 0.0047119 secs]
168.282: Total time for which application threads were stopped: 0.0049004 seconds, Stopping threads took: 0.0000197 seconds
168.349: [GC (Allocation Failure)  828106K->506538K(1034752K), 0.0047862 secs]
168.354: Total time for which application threads were stopped: 0.0049490 seconds, Stopping threads took: 0.0000171 seconds
168.420: [GC (Allocation Failure)  828074K->509802K(1034752K), 0.0054906 secs]
168.426: Total time for which application threads were stopped: 0.0056694 seconds, Stopping threads took: 0.0000169 seconds
168.495: [GC (Allocation Failure)  831338K->514572K(1034752K), 0.0047069 secs]
168.500: Total time for which application threads were stopped: 0.0048756 seconds, Stopping threads took: 0.0000196 seconds
168.568: [GC (Allocation Failure)  836108K->514572K(1034752K), 0.0048756 secs]
168.573: Total time for which application threads were stopped: 0.0050430 seconds, Stopping threads took: 0.0000194 seconds
168.639: [GC (Allocation Failure)  836108K->514948K(1034752K), 0.0048206 secs]
168.644: Total time for which application threads were stopped: 0.0050188 seconds, Stopping threads took: 0.0000263 seconds
168.713: [GC (Allocation Failure)  836484K->522662K(1034752K), 0.0049158 secs]
168.718: Total time for which application threads were stopped: 0.0050898 seconds, Stopping threads took: 0.0000201 seconds
168.785: [GC (Allocation Failure)  844198K->522598K(1034752K), 0.0048862 secs]
168.790: Total time for which application threads were stopped: 0.0050614 seconds, Stopping threads took: 0.0000220 seconds
168.856: [GC (Allocation Failure)  844134K->524158K(1034752K), 0.0049908 secs]
168.861: Total time for which application threads were stopped: 0.0051544 seconds, Stopping threads took: 0.0000199 seconds
168.930: [GC (Allocation Failure)  845694K->530721K(1033728K), 0.0048450 secs]
168.935: Total time for which application threads were stopped: 0.0050169 seconds, Stopping threads took: 0.0000204 seconds
169.002: [GC (Allocation Failure)  851233K->530625K(1034240K), 0.0046171 secs]
169.007: Total time for which application threads were stopped: 0.0047935 seconds, Stopping threads took: 0.0000197 seconds
169.075: [GC (Allocation Failure)  851137K->531393K(1033728K), 0.0052714 secs]
169.080: Total time for which application threads were stopped: 0.0054292 seconds, Stopping threads took: 0.0000184 seconds
169.148: [GC (Allocation Failure)  851905K->538691K(1034240K), 0.0075582 secs]
169.155: Total time for which application threads were stopped: 0.0077251 seconds, Stopping threads took: 0.0000188 seconds
169.225: [GC (Allocation Failure)  859203K->538659K(1034240K), 0.0048160 secs]
169.230: Total time for which application threads were stopped: 0.0049722 seconds, Stopping threads took: 0.0000163 seconds
169.296: [GC (Allocation Failure)  859171K->541699K(1034240K), 0.0055906 secs]
169.302: Total time for which application threads were stopped: 0.0057607 seconds, Stopping threads took: 0.0000197 seconds
169.369: [GC (Allocation Failure)  862211K->546693K(1034752K), 0.0046851 secs]
169.374: Total time for which application threads were stopped: 0.0048553 seconds, Stopping threads took: 0.0000199 seconds
169.444: [GC (Allocation Failure)  868229K->546661K(1034752K), 0.0047611 secs]
169.449: Total time for which application threads were stopped: 0.0049334 seconds, Stopping threads took: 0.0000196 seconds
169.515: [GC (Allocation Failure)  868197K->549925K(1034752K), 0.0056800 secs]
169.521: Total time for which application threads were stopped: 0.0058399 seconds, Stopping threads took: 0.0000189 seconds
169.589: [GC (Allocation Failure)  871461K->554695K(1034752K), 0.0046642 secs]
169.594: Total time for which application threads were stopped: 0.0048189 seconds, Stopping threads took: 0.0000258 seconds
169.661: [GC (Allocation Failure)  876231K->554695K(1034752K), 0.0046406 secs]
169.666: Total time for which application threads were stopped: 0.0048076 seconds, Stopping threads took: 0.0000193 seconds
169.731: [GC (Allocation Failure)  876231K->555079K(1034752K), 0.0047147 secs]
169.736: Total time for which application threads were stopped: 0.0048917 seconds, Stopping threads took: 0.0000273 seconds
169.804: [GC (Allocation Failure)  876615K->562762K(1033728K), 0.0047867 secs]
169.809: Total time for which application threads were stopped: 0.0049460 seconds, Stopping threads took: 0.0000196 seconds
169.875: [GC (Allocation Failure)  883274K->562730K(1034240K), 0.0048329 secs]
169.880: Total time for which application threads were stopped: 0.0049942 seconds, Stopping threads took: 0.0000206 seconds
169.949: [GC (Allocation Failure)  883242K->566378K(1034752K), 0.0056481 secs]
169.955: Total time for which application threads were stopped: 0.0058108 seconds, Stopping threads took: 0.0000196 seconds
170.023: [GC (Allocation Failure)  887914K->570892K(1034752K), 0.0050244 secs]
170.028: Total time for which application threads were stopped: 0.0051942 seconds, Stopping threads took: 0.0000202 seconds
170.096: [GC (Allocation Failure)  892428K->570796K(1034752K), 0.0059844 secs]
170.102: Total time for which application threads were stopped: 0.0061525 seconds, Stopping threads took: 0.0000265 seconds
170.168: [GC (Allocation Failure)  892332K->571556K(1034752K), 0.0051280 secs]
170.173: Total time for which application threads were stopped: 0.0053100 seconds, Stopping threads took: 0.0000197 seconds
170.243: [GC (Allocation Failure)  893092K->578886K(1033728K), 0.0050714 secs]
170.248: Total time for which application threads were stopped: 0.0052426 seconds, Stopping threads took: 0.0000199 seconds
170.315: [GC (Allocation Failure)  899398K->578822K(1034240K), 0.0048450 secs]
170.320: Total time for which application threads were stopped: 0.0050350 seconds, Stopping threads took: 0.0000202 seconds
170.388: [GC (Allocation Failure)  899334K->582878K(1034752K), 0.0060152 secs]
170.395: Total time for which application threads were stopped: 0.0061643 seconds, Stopping threads took: 0.0000167 seconds
170.463: [GC (Allocation Failure)  904414K->586816K(1034752K), 0.0048785 secs]
170.468: Total time for which application threads were stopped: 0.0050708 seconds, Stopping threads took: 0.0000196 seconds
170.536: [GC (Allocation Failure)  908352K->586816K(1034752K), 0.0056385 secs]
170.542: Total time for which application threads were stopped: 0.0058004 seconds, Stopping threads took: 0.0000196 seconds
170.607: [GC (Allocation Failure)  908352K->588000K(1034752K), 0.0048531 secs]
170.612: Total time for which application threads were stopped: 0.0050149 seconds, Stopping threads took: 0.0000259 seconds
170.680: [GC (Allocation Failure)  909536K->595075K(1034752K), 0.0047122 secs]
170.685: Total time for which application threads were stopped: 0.0048792 seconds, Stopping threads took: 0.0000208 seconds
170.752: [GC (Allocation Failure)  916611K->594851K(1034752K), 0.0047628 secs]
170.757: Total time for which application threads were stopped: 0.0049235 seconds, Stopping threads took: 0.0000193 seconds
170.822: [GC (Allocation Failure)  916387K->597243K(1034752K), 0.0072503 secs]
170.829: Total time for which application threads were stopped: 0.0074317 seconds, Stopping threads took: 0.0000190 seconds
170.898: [GC (Allocation Failure)  918779K->603005K(1034752K), 0.0047724 secs]
170.903: Total time for which application threads were stopped: 0.0049662 seconds, Stopping threads took: 0.0000191 seconds
170.970: [GC (Allocation Failure)  924541K->602909K(1034752K), 0.0049875 secs]
170.975: Total time for which application threads were stopped: 0.0051558 seconds, Stopping threads took: 0.0000202 seconds
171.040: [GC (Allocation Failure)  924445K->606525K(1034752K), 0.0057782 secs]
171.046: Total time for which application threads were stopped: 0.0059409 seconds, Stopping threads took: 0.0000194 seconds
171.114: [GC (Allocation Failure)  928061K->611007K(1034752K), 0.0049407 secs]
171.120: Total time for which application threads were stopped: 0.0051342 seconds, Stopping threads took: 0.0000284 seconds
171.187: [GC (Allocation Failure)  932543K->610943K(1034752K), 0.0103137 secs]
171.198: Total time for which application threads were stopped: 0.0104604 seconds, Stopping threads took: 0.0000168 seconds
171.264: [GC (Allocation Failure)  932479K->603645K(1034752K), 0.0019036 secs]
171.266: Total time for which application threads were stopped: 0.0020628 seconds, Stopping threads took: 0.0000194 seconds
171.333: [GC (Allocation Failure)  925181K->610943K(1034752K), 0.0050157 secs]
171.339: Total time for which application threads were stopped: 0.0052163 seconds, Stopping threads took: 0.0000218 seconds
171.410: [GC (Allocation Failure)  932479K->610943K(1034752K), 0.0049037 secs]
171.415: Total time for which application threads were stopped: 0.0050829 seconds, Stopping threads took: 0.0000290 seconds
171.481: [GC (Allocation Failure)  932479K->604893K(1034752K), 0.0024498 secs]
171.483: Total time for which application threads were stopped: 0.0026101 seconds, Stopping threads took: 0.0000191 seconds
171.552: [GC (Allocation Failure)  926429K->611135K(1034752K), 0.0052092 secs]
171.558: Total time for which application threads were stopped: 0.0054012 seconds, Stopping threads took: 0.0000205 seconds
171.626: [GC (Allocation Failure)  932671K->610943K(1034752K), 0.0050835 secs]
171.631: Total time for which application threads were stopped: 0.0052499 seconds, Stopping threads took: 0.0000205 seconds
171.696: [GC (Allocation Failure)  932479K->606109K(1034752K), 0.0029453 secs]
171.699: Total time for which application threads were stopped: 0.0031070 seconds, Stopping threads took: 0.0000195 seconds
171.768: [GC (Allocation Failure)  927645K->611103K(1034752K), 0.0049587 secs]
171.773: Total time for which application threads were stopped: 0.0051235 seconds, Stopping threads took: 0.0000205 seconds
171.840: [GC (Allocation Failure)  932639K->610943K(1034752K), 0.0048675 secs]
171.845: Total time for which application threads were stopped: 0.0050237 seconds, Stopping threads took: 0.0000190 seconds
171.910: [GC (Allocation Failure)  932479K->607293K(1034752K), 0.0035309 secs]
171.913: Total time for which application threads were stopped: 0.0037065 seconds, Stopping threads took: 0.0000264 seconds
171.982: [GC (Allocation Failure)  928829K->611039K(1035264K), 0.0050183 secs]
171.987: Total time for which application threads were stopped: 0.0051810 seconds, Stopping threads took: 0.0000198 seconds
172.055: [GC (Allocation Failure)  933599K->610911K(1035264K), 0.0048958 secs]
172.060: Total time for which application threads were stopped: 0.0050525 seconds, Stopping threads took: 0.0000190 seconds
172.128: [GC (Allocation Failure)  933471K->610525K(1035264K), 0.0072688 secs]
172.135: Total time for which application threads were stopped: 0.0074509 seconds, Stopping threads took: 0.0000254 seconds
172.204: [GC (Allocation Failure)  933085K->611167K(1035264K), 0.0057053 secs]
172.210: Total time for which application threads were stopped: 0.0058881 seconds, Stopping threads took: 0.0000269 seconds
172.279: [GC (Allocation Failure)  933727K->610943K(1035776K), 0.0049081 secs]
172.284: Total time for which application threads were stopped: 0.0050698 seconds, Stopping threads took: 0.0000193 seconds
172.352: [GC (Allocation Failure)  934015K->615325K(1035264K), 0.0069366 secs]
172.359: Total time for which application threads were stopped: 0.0071178 seconds, Stopping threads took: 0.0000199 seconds
172.428: [GC (Allocation Failure)  938397K->611135K(1034240K), 0.0047872 secs]
172.433: Total time for which application threads were stopped: 0.0049578 seconds, Stopping threads took: 0.0000194 seconds
172.501: [GC (Allocation Failure)  932671K->610943K(1034752K), 0.0047839 secs]
172.506: Total time for which application threads were stopped: 0.0049709 seconds, Stopping threads took: 0.0000203 seconds
172.573: [GC (Allocation Failure)  932479K->618029K(1030656K), 0.0082007 secs]
172.581: Total time for which application threads were stopped: 0.0083701 seconds, Stopping threads took: 0.0000200 seconds
172.648: [GC (Allocation Failure)  935469K->612431K(1032704K), 0.0050108 secs]
172.653: Total time for which application threads were stopped: 0.0052199 seconds, Stopping threads took: 0.0000197 seconds
172.721: [GC (Allocation Failure)  929871K->612271K(1034240K), 0.0048426 secs]
172.726: Total time for which application threads were stopped: 0.0050360 seconds, Stopping threads took: 0.0000201 seconds
172.793: [GC (Allocation Failure)  931759K->610413K(1033216K), 0.0042193 secs]
172.797: Total time for which application threads were stopped: 0.0044093 seconds, Stopping threads took: 0.0000187 seconds
172.866: [GC (Allocation Failure)  929901K->612367K(1034752K), 0.0048986 secs]
172.871: Total time for which application threads were stopped: 0.0050499 seconds, Stopping threads took: 0.0000172 seconds
172.938: [GC (Allocation Failure)  933391K->612303K(1034240K), 0.0047476 secs]
172.943: Total time for which application threads were stopped: 0.0049433 seconds, Stopping threads took: 0.0000194 seconds
173.012: [GC (Allocation Failure)  933327K->608557K(1035264K), 0.0033516 secs]
173.015: Total time for which application threads were stopped: 0.0034963 seconds, Stopping threads took: 0.0000167 seconds
173.086: [GC (Allocation Failure)  931117K->612271K(1035264K), 0.0049054 secs]
173.091: Total time for which application threads were stopped: 0.0050718 seconds, Stopping threads took: 0.0000253 seconds
173.159: [GC (Allocation Failure)  934831K->612271K(1035776K), 0.0048016 secs]
173.164: Total time for which application threads were stopped: 0.0049988 seconds, Stopping threads took: 0.0000254 seconds
173.234: [GC (Allocation Failure)  935855K->613901K(1035776K), 0.0055915 secs]
173.239: Total time for which application threads were stopped: 0.0057577 seconds, Stopping threads took: 0.0000188 seconds
173.308: [GC (Allocation Failure)  937485K->612495K(1036288K), 0.0050155 secs]
173.313: Total time for which application threads were stopped: 0.0051844 seconds, Stopping threads took: 0.0000190 seconds
173.382: [GC (Allocation Failure)  936591K->612271K(1035776K), 0.0047898 secs]
173.387: Total time for which application threads were stopped: 0.0049646 seconds, Stopping threads took: 0.0000210 seconds
173.454: [GC (Allocation Failure)  936367K->605869K(1035264K), 0.0025141 secs]
173.457: Total time for which application threads were stopped: 0.0026621 seconds, Stopping threads took: 0.0000201 seconds
173.523: [GC (Allocation Failure)  929453K->612511K(1035776K), 0.0048998 secs]
173.528: Total time for which application threads were stopped: 0.0050562 seconds, Stopping threads took: 0.0000194 seconds
173.597: [GC (Allocation Failure)  936095K->616383K(1036288K), 0.0056430 secs]
173.603: Total time for which application threads were stopped: 0.0058038 seconds, Stopping threads took: 0.0000196 seconds
173.671: [GC (Allocation Failure)  940991K->616447K(1036288K), 0.0049308 secs]
173.676: Total time for which application threads were stopped: 0.0051440 seconds, Stopping threads took: 0.0000200 seconds
173.743: [GC (Allocation Failure)  941055K->616839K(1034752K), 0.0049925 secs]
173.748: Total time for which application threads were stopped: 0.0051543 seconds, Stopping threads took: 0.0000202 seconds
173.818: [GC (Allocation Failure)  940423K->624521K(1035776K), 0.0047109 secs]
173.822: Total time for which application threads were stopped: 0.0049088 seconds, Stopping threads took: 0.0000257 seconds
173.893: [GC (Allocation Failure)  948105K->624457K(1035776K), 0.0048221 secs]
173.898: Total time for which application threads were stopped: 0.0049907 seconds, Stopping threads took: 0.0000197 seconds
173.966: [GC (Allocation Failure)  948041K->624585K(1023488K), 0.0049954 secs]
173.971: Total time for which application threads were stopped: 0.0051692 seconds, Stopping threads took: 0.0000196 seconds
174.040: [GC (Allocation Failure)  948169K->632524K(1035264K), 0.0048644 secs]
174.045: Total time for which application threads were stopped: 0.0050203 seconds, Stopping threads took: 0.0000191 seconds
174.113: [GC (Allocation Failure)  955084K->632524K(1035264K), 0.0049173 secs]
174.118: Total time for which application threads were stopped: 0.0050882 seconds, Stopping threads took: 0.0000279 seconds
174.186: [GC (Allocation Failure)  955084K->632548K(1034240K), 0.0051919 secs]
174.191: Total time for which application threads were stopped: 0.0053756 seconds, Stopping threads took: 0.0000168 seconds
174.262: [GC (Allocation Failure)  954084K->640550K(1034752K), 0.0049960 secs]
174.267: Total time for which application threads were stopped: 0.0051673 seconds, Stopping threads took: 0.0000201 seconds
174.333: [GC (Allocation Failure)  962086K->640518K(1034752K), 0.0048736 secs]
174.338: Total time for which application threads were stopped: 0.0050377 seconds, Stopping threads took: 0.0000205 seconds
174.405: [GC (Allocation Failure)  962054K->640582K(1034752K), 0.0051894 secs]
174.411: Total time for which application threads were stopped: 0.0053707 seconds, Stopping threads took: 0.0000314 seconds
174.477: [GC (Allocation Failure)  962118K->648552K(1034752K), 0.0050382 secs]
174.482: Total time for which application threads were stopped: 0.0052023 seconds, Stopping threads took: 0.0000201 seconds
174.549: [GC (Allocation Failure)  970088K->648552K(1034752K), 0.0048909 secs]
174.554: Total time for which application threads were stopped: 0.0050615 seconds, Stopping threads took: 0.0000203 seconds
174.621: [GC (Allocation Failure)  970088K->648776K(1033728K), 0.0048590 secs]
174.626: Total time for which application threads were stopped: 0.0050207 seconds, Stopping threads took: 0.0000265 seconds
174.693: [GC (Allocation Failure)  969288K->656587K(1034240K), 0.0049775 secs]
174.698: Total time for which application threads were stopped: 0.0051491 seconds, Stopping threads took: 0.0000203 seconds
174.767: [GC (Allocation Failure)  977099K->656587K(1034240K), 0.0049020 secs]
174.772: Total time for which application threads were stopped: 0.0050850 seconds, Stopping threads took: 0.0000196 seconds
174.839: [GC (Allocation Failure)  977099K->657003K(1034240K), 0.0078778 secs]
174.847: Total time for which application threads were stopped: 0.0080386 seconds, Stopping threads took: 0.0000195 seconds
174.916: [GC (Allocation Failure)  977515K->664621K(1034240K), 0.0050546 secs]
174.922: Total time for which application threads were stopped: 0.0052148 seconds, Stopping threads took: 0.0000195 seconds
174.989: [GC (Allocation Failure)  985133K->664621K(1034240K), 0.0058699 secs]
174.995: Total time for which application threads were stopped: 0.0060266 seconds, Stopping threads took: 0.0000185 seconds
175.062: [GC (Allocation Failure)  985133K->664677K(1033216K), 0.0052313 secs]
175.067: Total time for which application threads were stopped: 0.0053893 seconds, Stopping threads took: 0.0000190 seconds
175.135: [GC (Allocation Failure)  984165K->672679K(1033728K), 0.0049152 secs]
175.140: Total time for which application threads were stopped: 0.0050923 seconds, Stopping threads took: 0.0000279 seconds
175.207: [GC (Allocation Failure)  992167K->672615K(1033728K), 0.0058623 secs]
175.213: Total time for which application threads were stopped: 0.0060657 seconds, Stopping threads took: 0.0000174 seconds
175.280: [GC (Allocation Failure)  992103K->672711K(1033728K), 0.0050811 secs]
175.285: Total time for which application threads were stopped: 0.0052377 seconds, Stopping threads took: 0.0000168 seconds
175.352: [GC (Allocation Failure)  992199K->680713K(1033728K), 0.0050362 secs]
175.357: Total time for which application threads were stopped: 0.0052259 seconds, Stopping threads took: 0.0000198 seconds
175.427: [GC (Allocation Failure)  1000201K->680681K(1033728K), 0.0049224 secs]
175.432: Total time for which application threads were stopped: 0.0050706 seconds, Stopping threads took: 0.0000169 seconds
175.498: [GC (Allocation Failure)  1000169K->680737K(1032704K), 0.0050725 secs]
175.504: Total time for which application threads were stopped: 0.0052431 seconds, Stopping threads took: 0.0000201 seconds
175.572: [GC (Allocation Failure)  999201K->688708K(1033216K), 0.0047982 secs]
175.577: Total time for which application threads were stopped: 0.0049590 seconds, Stopping threads took: 0.0000195 seconds
175.644: [GC (Allocation Failure)  1007172K->688708K(1033216K), 0.0049748 secs]
175.649: Total time for which application threads were stopped: 0.0051449 seconds, Stopping threads took: 0.0000276 seconds
175.714: [GC (Allocation Failure)  1007172K->688908K(1033216K), 0.0053866 secs]
175.720: [Full GC (Ergonomics)  688908K->8666K(1033216K), 0.0126649 secs]
175.732: Total time for which application threads were stopped: 0.0183335 seconds, Stopping threads took: 0.0000197 seconds
175.799: [GC (Allocation Failure)  327130K->16828K(1033216K), 0.0040205 secs]
175.803: Total time for which application threads were stopped: 0.0041801 seconds, Stopping threads took: 0.0000193 seconds
175.869: [GC (Allocation Failure)  335292K->10610K(1033216K), 0.0012738 secs]
175.871: Total time for which application threads were stopped: 0.0014065 seconds, Stopping threads took: 0.0000194 seconds
175.938: [GC (Allocation Failure)  329074K->17012K(1034240K), 0.0036846 secs]
175.942: Total time for which application threads were stopped: 0.0038443 seconds, Stopping threads took: 0.0000191 seconds
176.009: [GC (Allocation Failure)  337012K->21036K(1033728K), 0.0046770 secs]
176.014: Total time for which application threads were stopped: 0.0048341 seconds, Stopping threads took: 0.0000193 seconds
176.080: [GC (Allocation Failure)  341036K->26314K(1029632K), 0.0063775 secs]
176.087: Total time for which application threads were stopped: 0.0065534 seconds, Stopping threads took: 0.0000186 seconds
176.155: [GC (Allocation Failure)  341706K->21036K(1031680K), 0.0037775 secs]
176.159: Total time for which application threads were stopped: 0.0039538 seconds, Stopping threads took: 0.0000287 seconds
176.227: [GC (Allocation Failure)  336428K->21004K(1032704K), 0.0036510 secs]
176.231: Total time for which application threads were stopped: 0.0038160 seconds, Stopping threads took: 0.0000194 seconds
176.296: [GC (Allocation Failure)  337932K->22732K(1032192K), 0.0041065 secs]
176.300: Total time for which application threads were stopped: 0.0042801 seconds, Stopping threads took: 0.0000197 seconds
176.367: [GC (Allocation Failure)  339660K->29070K(1033216K), 0.0037220 secs]
176.371: Total time for which application threads were stopped: 0.0038863 seconds, Stopping threads took: 0.0000205 seconds
176.438: [GC (Allocation Failure)  347022K->29038K(1032704K), 0.0038080 secs]
176.442: Total time for which application threads were stopped: 0.0039721 seconds, Stopping threads took: 0.0000199 seconds
176.510: [GC (Allocation Failure)  346990K->32518K(1033728K), 0.0047492 secs]
176.515: Total time for which application threads were stopped: 0.0049130 seconds, Stopping threads took: 0.0000195 seconds
176.582: [GC (Allocation Failure)  351494K->37128K(1033216K), 0.0036888 secs]
176.586: Total time for which application threads were stopped: 0.0039106 seconds, Stopping threads took: 0.0000205 seconds
176.654: [GC (Allocation Failure)  356104K->37032K(1033728K), 0.0038676 secs]
176.658: Total time for which application threads were stopped: 0.0040372 seconds, Stopping threads took: 0.0000198 seconds
176.727: [GC (Allocation Failure)  356520K->38664K(1033728K), 0.0039248 secs]
176.731: Total time for which application threads were stopped: 0.0040792 seconds, Stopping threads took: 0.0000187 seconds
176.798: [GC (Allocation Failure)  358152K->45227K(1033728K), 0.0038532 secs]
176.802: Total time for which application threads were stopped: 0.0040200 seconds, Stopping threads took: 0.0000197 seconds
176.869: [GC (Allocation Failure)  364715K->45067K(1033728K), 0.0064905 secs]
176.875: Total time for which application threads were stopped: 0.0066658 seconds, Stopping threads took: 0.0000201 seconds
176.943: [GC (Allocation Failure)  364555K->45891K(1033216K), 0.0041484 secs]
176.947: Total time for which application threads were stopped: 0.0043081 seconds, Stopping threads took: 0.0000194 seconds
177.016: [GC (Allocation Failure)  365379K->53221K(1033728K), 0.0040683 secs]
177.020: Total time for which application threads were stopped: 0.0042574 seconds, Stopping threads took: 0.0000195 seconds
177.087: [GC (Allocation Failure)  372709K->53157K(1034240K), 0.0040395 secs]
177.091: Total time for which application threads were stopped: 0.0041975 seconds, Stopping threads took: 0.0000190 seconds
177.158: [GC (Allocation Failure)  373157K->53605K(1033728K), 0.0042034 secs]
177.163: Total time for which application threads were stopped: 0.0043689 seconds, Stopping threads took: 0.0000190 seconds
177.231: [GC (Allocation Failure)  373605K->61191K(1033728K), 0.0040938 secs]
177.236: Total time for which application threads were stopped: 0.0042523 seconds, Stopping threads took: 0.0000199 seconds
177.305: [GC (Allocation Failure)  380679K->61191K(1033728K), 0.0040280 secs]
177.309: Total time for which application threads were stopped: 0.0042315 seconds, Stopping threads took: 0.0000519 seconds
177.376: [GC (Allocation Failure)  380679K->61319K(1033728K), 0.0038236 secs]
177.380: Total time for which application threads were stopped: 0.0039974 seconds, Stopping threads took: 0.0000198 seconds
177.447: [GC (Allocation Failure)  380807K->69225K(1033728K), 0.0038928 secs]
177.451: Total time for which application threads were stopped: 0.0040634 seconds, Stopping threads took: 0.0000209 seconds
177.517: [GC (Allocation Failure)  388713K->69225K(1033728K), 0.0039323 secs]
177.521: Total time for which application threads were stopped: 0.0041038 seconds, Stopping threads took: 0.0000202 seconds
177.586: [GC (Allocation Failure)  388713K->69577K(1033728K), 0.0039215 secs]
177.590: Total time for which application threads were stopped: 0.0040925 seconds, Stopping threads took: 0.0000205 seconds
177.659: [GC (Allocation Failure)  389065K->77228K(1033728K), 0.0037994 secs]
177.663: Total time for which application threads were stopped: 0.0039632 seconds, Stopping threads took: 0.0000256 seconds
177.729: [GC (Allocation Failure)  396716K->77196K(1033728K), 0.0038907 secs]
177.733: Total time for which application threads were stopped: 0.0040455 seconds, Stopping threads took: 0.0000200 seconds
177.800: [GC (Allocation Failure)  396684K->77804K(1033728K), 0.0040425 secs]
177.804: Total time for which application threads were stopped: 0.0042090 seconds, Stopping threads took: 0.0000193 seconds
177.871: [GC (Allocation Failure)  397292K->85294K(1033728K), 0.0039709 secs]
177.875: Total time for which application threads were stopped: 0.0041380 seconds, Stopping threads took: 0.0000199 seconds
177.940: [GC (Allocation Failure)  404782K->85262K(1033728K), 0.0038233 secs]
177.944: Total time for which application threads were stopped: 0.0039798 seconds, Stopping threads took: 0.0000195 seconds
178.009: [GC (Allocation Failure)  404750K->87054K(1033728K), 0.0042790 secs]
178.013: Total time for which application threads were stopped: 0.0044520 seconds, Stopping threads took: 0.0000194 seconds
178.083: [GC (Allocation Failure)  406542K->93328K(1033728K), 0.0038190 secs]
178.087: Total time for which application threads were stopped: 0.0039825 seconds, Stopping threads took: 0.0000171 seconds
178.154: [GC (Allocation Failure)  412816K->93328K(1033728K), 0.0038703 secs]
178.158: Total time for which application threads were stopped: 0.0040392 seconds, Stopping threads took: 0.0000254 seconds
178.224: [GC (Allocation Failure)  412816K->94248K(1033728K), 0.0040953 secs]
178.228: Total time for which application threads were stopped: 0.0042775 seconds, Stopping threads took: 0.0000290 seconds
178.298: [GC (Allocation Failure)  413736K->101355K(1033728K), 0.0038088 secs]
178.302: Total time for which application threads were stopped: 0.0039776 seconds, Stopping threads took: 0.0000200 seconds
178.369: [GC (Allocation Failure)  420843K->101323K(1033728K), 0.0039034 secs]
178.373: Total time for which application threads were stopped: 0.0040706 seconds, Stopping threads took: 0.0000195 seconds
178.438: [GC (Allocation Failure)  420811K->101483K(1033728K), 0.0043285 secs]
178.442: Total time for which application threads were stopped: 0.0044982 seconds, Stopping threads took: 0.0000202 seconds
178.511: [GC (Allocation Failure)  420971K->109389K(1033728K), 0.0040519 secs]
178.515: Total time for which application threads were stopped: 0.0042146 seconds, Stopping threads took: 0.0000208 seconds
178.581: [GC (Allocation Failure)  428877K->109357K(1033728K), 0.0041465 secs]
178.585: Total time for which application threads were stopped: 0.0043251 seconds, Stopping threads took: 0.0000197 seconds
178.650: [GC (Allocation Failure)  428845K->109701K(1033728K), 0.0041350 secs]
178.654: Total time for which application threads were stopped: 0.0043215 seconds, Stopping threads took: 0.0000279 seconds
178.724: [GC (Allocation Failure)  429189K->117447K(1027072K), 0.0040872 secs]
178.728: Total time for which application threads were stopped: 0.0042529 seconds, Stopping threads took: 0.0000201 seconds
178.794: [GC (Allocation Failure)  436935K->117383K(1033216K), 0.0040947 secs]
178.798: Total time for which application threads were stopped: 0.0042551 seconds, Stopping threads took: 0.0000197 seconds
178.865: [GC (Allocation Failure)  435847K->117959K(1033216K), 0.0041077 secs]
178.869: Total time for which application threads were stopped: 0.0042673 seconds, Stopping threads took: 0.0000191 seconds
178.937: [GC (Allocation Failure)  436423K->125417K(1033216K), 0.0040004 secs]
178.941: Total time for which application threads were stopped: 0.0041699 seconds, Stopping threads took: 0.0000199 seconds
179.008: [GC (Allocation Failure)  443881K->125385K(1033216K), 0.0039120 secs]
179.012: Total time for which application threads were stopped: 0.0040724 seconds, Stopping threads took: 0.0000197 seconds
179.078: [GC (Allocation Failure)  443849K->126153K(1033728K), 0.0056821 secs]
179.084: Total time for which application threads were stopped: 0.0058718 seconds, Stopping threads took: 0.0000195 seconds
179.152: [GC (Allocation Failure)  445129K->133452K(1033216K), 0.0041018 secs]
179.156: Total time for which application threads were stopped: 0.0042736 seconds, Stopping threads took: 0.0000171 seconds
179.225: [GC (Allocation Failure)  452428K->133484K(1033216K), 0.0041621 secs]
179.229: Total time for which application threads were stopped: 0.0043107 seconds, Stopping threads took: 0.0000163 seconds
179.293: [GC (Allocation Failure)  451948K->134444K(1033216K), 0.0043209 secs]
179.298: Total time for which application threads were stopped: 0.0044876 seconds, Stopping threads took: 0.0000191 seconds
179.363: [GC (Allocation Failure)  452908K->141454K(1033728K), 0.0040327 secs]
179.367: Total time for which application threads were stopped: 0.0042011 seconds, Stopping threads took: 0.0000202 seconds
179.434: [GC (Allocation Failure)  460942K->141486K(1033728K), 0.0040404 secs]
179.438: Total time for which application threads were stopped: 0.0042086 seconds, Stopping threads took: 0.0000202 seconds
179.505: [GC (Allocation Failure)  460974K->141574K(1032704K), 0.0043097 secs]
179.509: Total time for which application threads were stopped: 0.0044812 seconds, Stopping threads took: 0.0000202 seconds
179.576: [GC (Allocation Failure)  460038K->149480K(1033216K), 0.0039986 secs]
179.580: Total time for which application threads were stopped: 0.0041682 seconds, Stopping threads took: 0.0000196 seconds
179.648: [GC (Allocation Failure)  467944K->149480K(1033216K), 0.0042204 secs]
179.653: Total time for which application threads were stopped: 0.0044009 seconds, Stopping threads took: 0.0000413 seconds
179.719: [GC (Allocation Failure)  467944K->149864K(1033216K), 0.0041410 secs]
179.723: Total time for which application threads were stopped: 0.0043116 seconds, Stopping threads took: 0.0000189 seconds
179.790: [GC (Allocation Failure)  468328K->157546K(1033216K), 0.0040320 secs]
179.794: Total time for which application threads were stopped: 0.0042010 seconds, Stopping threads took: 0.0000189 seconds
179.859: [GC (Allocation Failure)  476010K->157578K(1033216K), 0.0042821 secs]
179.863: Total time for which application threads were stopped: 0.0044547 seconds, Stopping threads took: 0.0000198 seconds
179.930: [GC (Allocation Failure)  476042K->158050K(1033216K), 0.0043860 secs]
179.934: Total time for which application threads were stopped: 0.0045469 seconds, Stopping threads took: 0.0000200 seconds
180.003: [GC (Allocation Failure)  476514K->165605K(1033216K), 0.0041504 secs]
180.007: Total time for which application threads were stopped: 0.0043280 seconds, Stopping threads took: 0.0000280 seconds
180.073: [GC (Allocation Failure)  484069K->165573K(1033216K), 0.0041342 secs]
180.077: Total time for which application threads were stopped: 0.0043016 seconds, Stopping threads took: 0.0000193 seconds
180.143: [GC (Allocation Failure)  484037K->165829K(1033216K), 0.0042112 secs]
180.148: Total time for which application threads were stopped: 0.0043873 seconds, Stopping threads took: 0.0000271 seconds
180.216: [GC (Allocation Failure)  484293K->173639K(1033216K), 0.0049178 secs]
180.221: Total time for which application threads were stopped: 0.0050725 seconds, Stopping threads took: 0.0000136 seconds
180.287: [GC (Allocation Failure)  492103K->173607K(1033216K), 0.0042489 secs]
180.291: Total time for which application threads were stopped: 0.0044105 seconds, Stopping threads took: 0.0000195 seconds
180.355: [GC (Allocation Failure)  492071K->173767K(1033216K), 0.0042712 secs]
180.360: Total time for which application threads were stopped: 0.0044326 seconds, Stopping threads took: 0.0000197 seconds
180.425: [GC (Allocation Failure)  492231K->181641K(1033216K), 0.0042024 secs]
180.429: Total time for which application threads were stopped: 0.0043591 seconds, Stopping threads took: 0.0000186 seconds
180.496: [GC (Allocation Failure)  500105K->181641K(1033216K), 0.0039846 secs]
180.500: Total time for which application threads were stopped: 0.0041510 seconds, Stopping threads took: 0.0000192 seconds
180.565: [GC (Allocation Failure)  500105K->181769K(1033216K), 0.0040440 secs]
180.569: Total time for which application threads were stopped: 0.0042358 seconds, Stopping threads took: 0.0000192 seconds
180.638: [GC (Allocation Failure)  500233K->189675K(1033216K), 0.0040824 secs]
180.642: Total time for which application threads were stopped: 0.0042301 seconds, Stopping threads took: 0.0000174 seconds
180.707: [GC (Allocation Failure)  508139K->189707K(1033216K), 0.0039671 secs]
180.711: Total time for which application threads were stopped: 0.0041427 seconds, Stopping threads took: 0.0000215 seconds
180.777: [GC (Allocation Failure)  508171K->189739K(1033216K), 0.0044815 secs]
180.782: Total time for which application threads were stopped: 0.0046633 seconds, Stopping threads took: 0.0000194 seconds
180.848: [GC (Allocation Failure)  508203K->197742K(1033216K), 0.0043485 secs]
180.853: Total time for which application threads were stopped: 0.0045185 seconds, Stopping threads took: 0.0000202 seconds
180.918: [GC (Allocation Failure)  516206K->191627K(1033216K), 0.0017442 secs]
180.919: Total time for which application threads were stopped: 0.0019034 seconds, Stopping threads took: 0.0000196 seconds
180.987: [GC (Allocation Failure)  510091K->197918K(1033216K), 0.0042196 secs]
180.991: Total time for which application threads were stopped: 0.0043935 seconds, Stopping threads took: 0.0000207 seconds
181.059: [GC (Allocation Failure)  516382K->201854K(1033728K), 0.0045538 secs]
181.063: Total time for which application threads were stopped: 0.0047247 seconds, Stopping threads took: 0.0000205 seconds
181.133: [GC (Allocation Failure)  521342K->205179K(1030656K), 0.0054164 secs]
181.138: Total time for which application threads were stopped: 0.0055698 seconds, Stopping threads took: 0.0000262 seconds
181.206: [GC (Allocation Failure)  524667K->202046K(1032704K), 0.0048661 secs]
181.211: Total time for which application threads were stopped: 0.0050316 seconds, Stopping threads took: 0.0000194 seconds
181.277: [GC (Allocation Failure)  519486K->201886K(1032704K), 0.0041227 secs]
181.282: Total time for which application threads were stopped: 0.0043029 seconds, Stopping threads took: 0.0000198 seconds
181.349: [GC (Allocation Failure)  519326K->196123K(1033216K), 0.0017325 secs]
181.351: Total time for which application threads were stopped: 0.0018813 seconds, Stopping threads took: 0.0000193 seconds
181.419: [GC (Allocation Failure)  514587K->201886K(1033216K), 0.0040519 secs]
181.423: Total time for which application threads were stopped: 0.0042486 seconds, Stopping threads took: 0.0000204 seconds
181.491: [GC (Allocation Failure)  520350K->201886K(1033728K), 0.0041528 secs]
181.495: Total time for which application threads were stopped: 0.0043210 seconds, Stopping threads took: 0.0000198 seconds
181.562: [GC (Allocation Failure)  520862K->204862K(1033216K), 0.0049112 secs]
181.567: Total time for which application threads were stopped: 0.0050845 seconds, Stopping threads took: 0.0000196 seconds
181.635: [GC (Allocation Failure)  523838K->209920K(1033728K), 0.0041440 secs]
181.640: Total time for which application threads were stopped: 0.0043119 seconds, Stopping threads took: 0.0000260 seconds
181.707: [GC (Allocation Failure)  529408K->209920K(1033728K), 0.0045434 secs]
181.711: Total time for which application threads were stopped: 0.0047084 seconds, Stopping threads took: 0.0000207 seconds
181.779: [GC (Allocation Failure)  529408K->211560K(1034240K), 0.0044238 secs]
181.784: Total time for which application threads were stopped: 0.0045974 seconds, Stopping threads took: 0.0000200 seconds
181.852: [GC (Allocation Failure)  532072K->217962K(1034240K), 0.0041939 secs]
181.856: Total time for which application threads were stopped: 0.0043598 seconds, Stopping threads took: 0.0000259 seconds
181.924: [GC (Allocation Failure)  538474K->217898K(1034240K), 0.0069137 secs]
181.931: Total time for which application threads were stopped: 0.0070680 seconds, Stopping threads took: 0.0000200 seconds
181.998: [GC (Allocation Failure)  538410K->221858K(1034240K), 0.0053016 secs]
182.003: Total time for which application threads were stopped: 0.0054765 seconds, Stopping threads took: 0.0000208 seconds
182.070: [GC (Allocation Failure)  542370K->226085K(1034752K), 0.0041379 secs]
182.075: Total time for which application threads were stopped: 0.0043449 seconds, Stopping threads took: 0.0000273 seconds
182.145: [GC (Allocation Failure)  547621K->225925K(1034752K), 0.0040166 secs]
182.149: Total time for which application threads were stopped: 0.0041661 seconds, Stopping threads took: 0.0000251 seconds
182.218: [GC (Allocation Failure)  547461K->230085K(1034752K), 0.0051645 secs]
182.223: Total time for which application threads were stopped: 0.0053541 seconds, Stopping threads took: 0.0000167 seconds
182.291: [GC (Allocation Failure)  551621K->234087K(1034752K), 0.0042380 secs]
182.296: Total time for which application threads were stopped: 0.0044328 seconds, Stopping threads took: 0.0000194 seconds
182.362: [GC (Allocation Failure)  555623K->233991K(1035264K), 0.0041846 secs]
182.366: Total time for which application threads were stopped: 0.0043455 seconds, Stopping threads took: 0.0000189 seconds
182.434: [GC (Allocation Failure)  556551K->236255K(1035264K), 0.0044694 secs]
182.438: Total time for which application threads were stopped: 0.0046312 seconds, Stopping threads took: 0.0000196 seconds
182.508: [GC (Allocation Failure)  558815K->242049K(1035264K), 0.0043179 secs]
182.513: Total time for which application threads were stopped: 0.0044875 seconds, Stopping threads took: 0.0000193 seconds
182.583: [GC (Allocation Failure)  564609K->242049K(1035264K), 0.0043017 secs]
182.587: Total time for which application threads were stopped: 0.0044790 seconds, Stopping threads took: 0.0000214 seconds
182.654: [GC (Allocation Failure)  564609K->244489K(1035264K), 0.0047330 secs]
182.659: Total time for which application threads were stopped: 0.0049059 seconds, Stopping threads took: 0.0000191 seconds
182.727: [GC (Allocation Failure)  567049K->250059K(1035264K), 0.0043198 secs]
182.731: Total time for which application threads were stopped: 0.0044846 seconds, Stopping threads took: 0.0000195 seconds
182.799: [GC (Allocation Failure)  572619K->250027K(1035264K), 0.0045377 secs]
182.804: Total time for which application threads were stopped: 0.0047129 seconds, Stopping threads took: 0.0000203 seconds
182.871: [GC (Allocation Failure)  572587K->252747K(1035264K), 0.0049659 secs]
182.876: Total time for which application threads were stopped: 0.0051597 seconds, Stopping threads took: 0.0000194 seconds
182.945: [GC (Allocation Failure)  575307K->258254K(1035264K), 0.0043820 secs]
182.950: Total time for which application threads were stopped: 0.0045665 seconds, Stopping threads took: 0.0000198 seconds
183.018: [GC (Allocation Failure)  580814K->258094K(1035264K), 0.0041256 secs]
183.022: Total time for which application threads were stopped: 0.0043031 seconds, Stopping threads took: 0.0000202 seconds
183.088: [GC (Allocation Failure)  580654K->252939K(1035264K), 0.0023172 secs]
183.090: Total time for which application threads were stopped: 0.0024675 seconds, Stopping threads took: 0.0000197 seconds
183.160: [GC (Allocation Failure)  575499K->258222K(1035264K), 0.0042916 secs]
183.165: Total time for which application threads were stopped: 0.0044772 seconds, Stopping threads took: 0.0000220 seconds
183.235: [GC (Allocation Failure)  580782K->258094K(1035264K), 0.0043576 secs]
183.240: Total time for which application threads were stopped: 0.0045192 seconds, Stopping threads took: 0.0000196 seconds
183.307: [GC (Allocation Failure)  580654K->257227K(1035264K), 0.0039897 secs]
183.312: Total time for which application threads were stopped: 0.0041883 seconds, Stopping threads took: 0.0000190 seconds
183.379: [GC (Allocation Failure)  579787K->258158K(1035776K), 0.0044011 secs]
183.384: Total time for which application threads were stopped: 0.0045807 seconds, Stopping threads took: 0.0000194 seconds
183.451: [GC (Allocation Failure)  581742K->258094K(1035776K), 0.0043166 secs]
183.455: Total time for which application threads were stopped: 0.0045069 seconds, Stopping threads took: 0.0000197 seconds
183.525: [GC (Allocation Failure)  581678K->263547K(1031680K), 0.0069683 secs]
183.532: Total time for which application threads were stopped: 0.0071225 seconds, Stopping threads took: 0.0000171 seconds
183.600: [GC (Allocation Failure)  583035K->258846K(1033728K), 0.0042145 secs]
183.604: Total time for which application threads were stopped: 0.0043768 seconds, Stopping threads took: 0.0000260 seconds
183.672: [GC (Allocation Failure)  578334K->258782K(1034752K), 0.0041138 secs]
183.676: Total time for which application threads were stopped: 0.0043063 seconds, Stopping threads took: 0.0000198 seconds
183.745: [GC (Allocation Failure)  579806K->260891K(1034240K), 0.0050788 secs]
183.750: Total time for which application threads were stopped: 0.0052278 seconds, Stopping threads took: 0.0000176 seconds
183.818: [GC (Allocation Failure)  581915K->259006K(1034752K), 0.0044027 secs]
183.823: Total time for which application threads were stopped: 0.0045960 seconds, Stopping threads took: 0.0000195 seconds
183.891: [GC (Allocation Failure)  580030K->258846K(1034240K), 0.0042857 secs]
183.896: Total time for which application threads were stopped: 0.0044491 seconds, Stopping threads took: 0.0000205 seconds
183.961: [GC (Allocation Failure)  579870K->260571K(1035264K), 0.0062570 secs]
183.968: Total time for which application threads were stopped: 0.0064231 seconds, Stopping threads took: 0.0000190 seconds
184.036: [GC (Allocation Failure)  583131K->258942K(1035264K), 0.0041970 secs]
184.040: Total time for which application threads were stopped: 0.0043695 seconds, Stopping threads took: 0.0000191 seconds
184.109: [GC (Allocation Failure)  581502K->258814K(1036288K), 0.0041436 secs]
184.113: Total time for which application threads were stopped: 0.0043184 seconds, Stopping threads took: 0.0000261 seconds
184.181: [GC (Allocation Failure)  582910K->266395K(1035776K), 0.0104069 secs]
184.192: Total time for which application threads were stopped: 0.0105753 seconds, Stopping threads took: 0.0000251 seconds
184.262: [GC (Allocation Failure)  590491K->262270K(1032704K), 0.0042929 secs]
184.267: Total time for which application threads were stopped: 0.0044634 seconds, Stopping threads took: 0.0000196 seconds
184.334: [GC (Allocation Failure)  582782K->262174K(1034240K), 0.0042339 secs]
184.339: Total time for which application threads were stopped: 0.0043990 seconds, Stopping threads took: 0.0000198 seconds
184.406: [GC (Allocation Failure)  582686K->255131K(1032704K), 0.0013105 secs]
184.407: Total time for which application threads were stopped: 0.0014296 seconds, Stopping threads took: 0.0000191 seconds
184.477: [GC (Allocation Failure)  574619K->262238K(1033728K), 0.0042016 secs]
184.481: Total time for which application threads were stopped: 0.0043612 seconds, Stopping threads took: 0.0000196 seconds
184.548: [GC (Allocation Failure)  581726K->266318K(1034752K), 0.0052295 secs]
184.553: Total time for which application threads were stopped: 0.0053952 seconds, Stopping threads took: 0.0000198 seconds
184.621: [GC (Allocation Failure)  587342K->272243K(1034240K), 0.0067701 secs]
184.627: Total time for which application threads were stopped: 0.0069283 seconds, Stopping threads took: 0.0000200 seconds
184.693: [GC (Allocation Failure)  593267K->266742K(1033216K), 0.0044298 secs]
184.698: Total time for which application threads were stopped: 0.0045878 seconds, Stopping threads took: 0.0000189 seconds
184.763: [GC (Allocation Failure)  586230K->266486K(1033728K), 0.0041391 secs]
184.767: Total time for which application threads were stopped: 0.0043300 seconds, Stopping threads took: 0.0000198 seconds
184.835: [GC (Allocation Failure)  585974K->269075K(1034240K), 0.0054164 secs]
184.841: Total time for which application threads were stopped: 0.0055650 seconds, Stopping threads took: 0.0000163 seconds
184.908: [GC (Allocation Failure)  589587K->266710K(1034240K), 0.0042603 secs]
184.912: Total time for which application threads were stopped: 0.0044381 seconds, Stopping threads took: 0.0000193 seconds
184.979: [GC (Allocation Failure)  587222K->266486K(1034752K), 0.0043333 secs]
184.984: Total time for which application threads were stopped: 0.0044938 seconds, Stopping threads took: 0.0000197 seconds
185.049: [GC (Allocation Failure)  588022K->268211K(1034752K), 0.0064800 secs]
185.056: Total time for which application threads were stopped: 0.0066565 seconds, Stopping threads took: 0.0000194 seconds
185.124: [GC (Allocation Failure)  589747K->266614K(1035264K), 0.0042532 secs]
185.129: Total time for which application threads were stopped: 0.0044251 seconds, Stopping threads took: 0.0000204 seconds
185.197: [GC (Allocation Failure)  588662K->266454K(1034752K), 0.0048905 secs]
185.202: Total time for which application threads were stopped: 0.0050565 seconds, Stopping threads took: 0.0000261 seconds
185.270: [GC (Allocation Failure)  588502K->270515K(1033728K), 0.0058787 secs]
185.276: Total time for which application threads were stopped: 0.0060465 seconds, Stopping threads took: 0.0000194 seconds
185.342: [GC (Allocation Failure)  592051K->266550K(1034752K), 0.0044198 secs]
185.346: Total time for which application threads were stopped: 0.0045894 seconds, Stopping threads took: 0.0000199 seconds
185.412: [GC (Allocation Failure)  588086K->266518K(1035264K), 0.0043598 secs]
185.417: Total time for which application threads were stopped: 0.0045391 seconds, Stopping threads took: 0.0000195 seconds
185.484: [GC (Allocation Failure)  589078K->272707K(1035264K), 0.0074029 secs]
185.491: Total time for which application threads were stopped: 0.0075877 seconds, Stopping threads took: 0.0000209 seconds
185.559: [GC (Allocation Failure)  595267K->267510K(1033216K), 0.0041653 secs]
185.563: Total time for which application threads were stopped: 0.0043542 seconds, Stopping threads took: 0.0000217 seconds
185.630: [GC (Allocation Failure)  588022K->267478K(1034240K), 0.0042657 secs]
185.635: Total time for which application threads were stopped: 0.0044416 seconds, Stopping threads took: 0.0000273 seconds
185.702: [GC (Allocation Failure)  587990K->273899K(1031168K), 0.0070934 secs]
185.709: Total time for which application threads were stopped: 0.0072693 seconds, Stopping threads took: 0.0000210 seconds
185.775: [GC (Allocation Failure)  591339K->267854K(1032704K), 0.0043040 secs]
185.779: Total time for which application threads were stopped: 0.0044633 seconds, Stopping threads took: 0.0000194 seconds
185.848: [GC (Allocation Failure)  585294K->267630K(1033728K), 0.0040214 secs]
185.852: Total time for which application threads were stopped: 0.0042168 seconds, Stopping threads took: 0.0000193 seconds
185.920: [GC (Allocation Failure)  586606K->264555K(1033216K), 0.0030757 secs]
185.923: Total time for which application threads were stopped: 0.0032581 seconds, Stopping threads took: 0.0000163 seconds
185.993: [GC (Allocation Failure)  583531K->267790K(1033728K), 0.0042605 secs]
185.997: Total time for which application threads were stopped: 0.0044108 seconds, Stopping threads took: 0.0000177 seconds
186.065: [GC (Allocation Failure)  586766K->267630K(1033216K), 0.0041930 secs]
186.069: Total time for which application threads were stopped: 0.0043572 seconds, Stopping threads took: 0.0000200 seconds
186.137: [GC (Allocation Failure)  586606K->270254K(1033216K), 0.0047348 secs]
186.142: Total time for which application threads were stopped: 0.0049131 seconds, Stopping threads took: 0.0000264 seconds
186.209: [GC (Allocation Failure)  589742K->275760K(1033728K), 0.0068587 secs]
186.216: Total time for which application threads were stopped: 0.0070400 seconds, Stopping threads took: 0.0000204 seconds
186.283: [GC (Allocation Failure)  595248K->275664K(1034752K), 0.0042845 secs]
186.288: Total time for which application threads were stopped: 0.0044503 seconds, Stopping threads took: 0.0000181 seconds
186.355: [GC (Allocation Failure)  596688K->279016K(1034240K), 0.0049826 secs]
186.360: Total time for which application threads were stopped: 0.0051640 seconds, Stopping threads took: 0.0000197 seconds
186.428: [GC (Allocation Failure)  600040K->283754K(1035264K), 0.0044540 secs]
186.432: Total time for which application threads were stopped: 0.0046613 seconds, Stopping threads took: 0.0000201 seconds
186.500: [GC (Allocation Failure)  605802K->283690K(1034752K), 0.0041704 secs]
186.504: Total time for which application threads were stopped: 0.0043341 seconds, Stopping threads took: 0.0000204 seconds
186.571: [GC (Allocation Failure)  605738K->284706K(1033728K), 0.0046836 secs]
186.576: Total time for which application threads were stopped: 0.0048607 seconds, Stopping threads took: 0.0000221 seconds
186.645: [GC (Allocation Failure)  606242K->291716K(1034752K), 0.0040628 secs]
186.649: Total time for which application threads were stopped: 0.0042413 seconds, Stopping threads took: 0.0000264 seconds
186.717: [GC (Allocation Failure)  613252K->291748K(1035264K), 0.0045535 secs]
186.721: Total time for which application threads were stopped: 0.0047289 seconds, Stopping threads took: 0.0000261 seconds
186.789: [GC (Allocation Failure)  614308K->294948K(1035264K), 0.0049737 secs]
186.794: Total time for which application threads were stopped: 0.0051479 seconds, Stopping threads took: 0.0000201 seconds
186.862: [GC (Allocation Failure)  617508K->299911K(1035264K), 0.0041408 secs]
186.866: Total time for which application threads were stopped: 0.0043356 seconds, Stopping threads took: 0.0000202 seconds
186.937: [GC (Allocation Failure)  622471K->299751K(1035264K), 0.0043305 secs]
186.941: Total time for which application threads were stopped: 0.0044988 seconds, Stopping threads took: 0.0000193 seconds
187.007: [GC (Allocation Failure)  622311K->295140K(1035776K), 0.0026329 secs]
187.009: Total time for which application threads were stopped: 0.0028039 seconds, Stopping threads took: 0.0000205 seconds
187.077: [GC (Allocation Failure)  618724K->299879K(1035776K), 0.0044749 secs]
187.082: Total time for which application threads were stopped: 0.0046419 seconds, Stopping threads took: 0.0000201 seconds
187.151: [GC (Allocation Failure)  623463K->299719K(1035776K), 0.0042442 secs]
187.156: Total time for which application threads were stopped: 0.0044074 seconds, Stopping threads took: 0.0000202 seconds
187.225: [GC (Allocation Failure)  623303K->302532K(1034240K), 0.0054601 secs]
187.231: Total time for which application threads were stopped: 0.0056296 seconds, Stopping threads took: 0.0000278 seconds
187.299: [GC (Allocation Failure)  626116K->299879K(1035264K), 0.0044075 secs]
187.304: Total time for which application threads were stopped: 0.0045707 seconds, Stopping threads took: 0.0000196 seconds
187.372: [GC (Allocation Failure)  621927K->299751K(1034752K), 0.0041984 secs]
187.377: Total time for which application threads were stopped: 0.0043769 seconds, Stopping threads took: 0.0000198 seconds
187.446: [GC (Allocation Failure)  621799K->306772K(1030656K), 0.0076842 secs]
187.453: Total time for which application threads were stopped: 0.0078553 seconds, Stopping threads took: 0.0000243 seconds
187.521: [GC (Allocation Failure)  625236K->302103K(1033216K), 0.0044086 secs]
187.525: Total time for which application threads were stopped: 0.0045877 seconds, Stopping threads took: 0.0000194 seconds
187.594: [GC (Allocation Failure)  620567K->302039K(1034752K), 0.0044775 secs]
187.598: Total time for which application threads were stopped: 0.0046463 seconds, Stopping threads took: 0.0000191 seconds
187.665: [GC (Allocation Failure)  622551K->303156K(1033728K), 0.0049012 secs]
187.670: Total time for which application threads were stopped: 0.0050972 seconds, Stopping threads took: 0.0000194 seconds
187.740: [GC (Allocation Failure)  623668K->302295K(1035264K), 0.0042125 secs]
187.744: Total time for which application threads were stopped: 0.0043711 seconds, Stopping threads took: 0.0000173 seconds
187.812: [GC (Allocation Failure)  624343K->302039K(1034752K), 0.0042999 secs]
187.817: Total time for which application threads were stopped: 0.0044853 seconds, Stopping threads took: 0.0000205 seconds
187.884: [GC (Allocation Failure)  624087K->304404K(1034752K), 0.0053799 secs]
187.890: Total time for which application threads were stopped: 0.0055616 seconds, Stopping threads took: 0.0000272 seconds
187.957: [GC (Allocation Failure)  626964K->302231K(1035264K), 0.0043692 secs]
187.962: Total time for which application threads were stopped: 0.0045304 seconds, Stopping threads took: 0.0000200 seconds
188.029: [GC (Allocation Failure)  624791K->302071K(1036288K), 0.0044035 secs]
188.034: Total time for which application threads were stopped: 0.0045723 seconds, Stopping threads took: 0.0000194 seconds
188.102: [GC (Allocation Failure)  626167K->310188K(1035776K), 0.0087693 secs]
188.111: Total time for which application threads were stopped: 0.0089435 seconds, Stopping threads took: 0.0000182 seconds
188.180: [GC (Allocation Failure)  634284K->306095K(1031680K), 0.0045290 secs]
188.184: Total time for which application threads were stopped: 0.0046815 seconds, Stopping threads took: 0.0000174 seconds
188.252: [GC (Allocation Failure)  625583K->305967K(1033728K), 0.0044600 secs]
188.257: Total time for which application threads were stopped: 0.0046316 seconds, Stopping threads took: 0.0000196 seconds
188.325: [GC (Allocation Failure)  625455K->313796K(1030144K), 0.0081444 secs]
188.333: Total time for which application threads were stopped: 0.0082995 seconds, Stopping threads took: 0.0000264 seconds
188.400: [GC (Allocation Failure)  630212K->307591K(1032192K), 0.0043476 secs]
188.405: Total time for which application threads were stopped: 0.0045304 seconds, Stopping threads took: 0.0000188 seconds
188.471: [GC (Allocation Failure)  624007K->307559K(1033216K), 0.0045221 secs]
188.475: Total time for which application threads were stopped: 0.0047163 seconds, Stopping threads took: 0.0000203 seconds
188.541: [GC (Allocation Failure)  625511K->302788K(1032704K), 0.0023660 secs]
188.543: Total time for which application threads were stopped: 0.0025573 seconds, Stopping threads took: 0.0000202 seconds
188.612: [GC (Allocation Failure)  620740K->307559K(1033216K), 0.0042885 secs]
188.616: Total time for which application threads were stopped: 0.0044621 seconds, Stopping threads took: 0.0000280 seconds
188.686: [GC (Allocation Failure)  625511K->307527K(1032704K), 0.0043819 secs]
188.690: Total time for which application threads were stopped: 0.0045345 seconds, Stopping threads took: 0.0000164 seconds
188.756: [GC (Allocation Failure)  625479K->309479K(1032704K), 0.0046774 secs]
188.761: Total time for which application threads were stopped: 0.0048627 seconds, Stopping threads took: 0.0000202 seconds
188.830: [GC (Allocation Failure)  627943K->315561K(1033216K), 0.0042512 secs]
188.835: Total time for which application threads were stopped: 0.0044294 seconds, Stopping threads took: 0.0000257 seconds
188.901: [GC (Allocation Failure)  634025K->315561K(1034240K), 0.0045807 secs]
188.905: Total time for which application threads were stopped: 0.0047421 seconds, Stopping threads took: 0.0000197 seconds
188.972: [GC (Allocation Failure)  635561K->319305K(1033728K), 0.0051505 secs]
188.978: Total time for which application threads were stopped: 0.0053340 seconds, Stopping threads took: 0.0000268 seconds
189.043: [GC (Allocation Failure)  639305K->323627K(1034752K), 0.0044782 secs]
189.048: Total time for which application threads were stopped: 0.0046706 seconds, Stopping threads took: 0.0000193 seconds
189.118: [GC (Allocation Failure)  644651K->323595K(1034240K), 0.0042106 secs]
189.123: Total time for which application threads were stopped: 0.0043771 seconds, Stopping threads took: 0.0000253 seconds
189.190: [GC (Allocation Failure)  644619K->325955K(1034240K), 0.0074300 secs]
189.198: Total time for which application threads were stopped: 0.0075976 seconds, Stopping threads took: 0.0000273 seconds
189.267: [GC (Allocation Failure)  647491K->331781K(1034752K), 0.0045629 secs]
189.271: Total time for which application threads were stopped: 0.0047555 seconds, Stopping threads took: 0.0000198 seconds
189.338: [GC (Allocation Failure)  653317K->331621K(1035264K), 0.0045660 secs]
189.343: Total time for which application threads were stopped: 0.0047332 seconds, Stopping threads took: 0.0000196 seconds
189.410: [GC (Allocation Failure)  654181K->332133K(1022976K), 0.0046794 secs]
189.415: Total time for which application threads were stopped: 0.0048803 seconds, Stopping threads took: 0.0000212 seconds
189.485: [GC (Allocation Failure)  654693K->339720K(1034752K), 0.0047131 secs]
189.490: Total time for which application threads were stopped: 0.0049075 seconds, Stopping threads took: 0.0000203 seconds
189.560: [GC (Allocation Failure)  661256K->339656K(1034752K), 0.0041429 secs]
189.565: Total time for which application threads were stopped: 0.0043041 seconds, Stopping threads took: 0.0000192 seconds
189.630: [GC (Allocation Failure)  661192K->342472K(1035264K), 0.0048131 secs]
189.635: Total time for which application threads were stopped: 0.0050142 seconds, Stopping threads took: 0.0000270 seconds
189.704: [GC (Allocation Failure)  665032K->347722K(1035264K), 0.0044815 secs]
189.709: Total time for which application threads were stopped: 0.0046572 seconds, Stopping threads took: 0.0000199 seconds
189.777: [GC (Allocation Failure)  670282K->347722K(1035264K), 0.0044452 secs]
189.781: Total time for which application threads were stopped: 0.0046050 seconds, Stopping threads took: 0.0000193 seconds
189.848: [GC (Allocation Failure)  670282K->350666K(1035264K), 0.0049897 secs]
189.854: Total time for which application threads were stopped: 0.0051502 seconds, Stopping threads took: 0.0000188 seconds
189.922: [GC (Allocation Failure)  673226K->355724K(1035264K), 0.0044671 secs]
189.926: Total time for which application threads were stopped: 0.0046282 seconds, Stopping threads took: 0.0000202 seconds
189.993: [GC (Allocation Failure)  678284K->355724K(1035264K), 0.0045783 secs]
189.998: Total time for which application threads were stopped: 0.0047379 seconds, Stopping threads took: 0.0000196 seconds
190.065: [GC (Allocation Failure)  678284K->358820K(1035264K), 0.0051526 secs]
190.070: Total time for which application threads were stopped: 0.0053120 seconds, Stopping threads took: 0.0000191 seconds
190.139: [GC (Allocation Failure)  681380K->363847K(1035264K), 0.0059102 secs]
190.145: Total time for which application threads were stopped: 0.0060813 seconds, Stopping threads took: 0.0000198 seconds
190.215: [GC (Allocation Failure)  686407K->363783K(1035264K), 0.0044010 secs]
190.219: Total time for which application threads were stopped: 0.0045643 seconds, Stopping threads took: 0.0000163 seconds
190.286: [GC (Allocation Failure)  686343K->359012K(1035264K), 0.0025421 secs]
190.288: Total time for which application threads were stopped: 0.0027153 seconds, Stopping threads took: 0.0000191 seconds
190.356: [GC (Allocation Failure)  681572K->363815K(1035264K), 0.0043721 secs]
190.361: Total time for which application threads were stopped: 0.0045427 seconds, Stopping threads took: 0.0000196 seconds
190.429: [GC (Allocation Failure)  686375K->363751K(1035264K), 0.0044304 secs]
190.434: Total time for which application threads were stopped: 0.0045928 seconds, Stopping threads took: 0.0000204 seconds
190.500: [GC (Allocation Failure)  686311K->363332K(1035776K), 0.0042067 secs]
190.505: Total time for which application threads were stopped: 0.0043872 seconds, Stopping threads took: 0.0000266 seconds
190.575: [GC (Allocation Failure)  686916K->363975K(1035776K), 0.0044703 secs]
190.579: Total time for which application threads were stopped: 0.0046520 seconds, Stopping threads took: 0.0000212 seconds
190.648: [GC (Allocation Failure)  687559K->363751K(1035776K), 0.0067366 secs]
190.654: Total time for which application threads were stopped: 0.0069101 seconds, Stopping threads took: 0.0000256 seconds
190.723: [GC (Allocation Failure)  687335K->370628K(1035776K), 0.0077212 secs]
190.731: Total time for which application threads were stopped: 0.0079350 seconds, Stopping threads took: 0.0000298 seconds
190.799: [GC (Allocation Failure)  694212K->366087K(1032704K), 0.0043963 secs]
190.804: Total time for which application threads were stopped: 0.0045544 seconds, Stopping threads took: 0.0000169 seconds
190.871: [GC (Allocation Failure)  686599K->365927K(1034240K), 0.0041631 secs]
190.876: Total time for which application threads were stopped: 0.0043245 seconds, Stopping threads took: 0.0000201 seconds
190.942: [GC (Allocation Failure)  686439K->373996K(1029632K), 0.0084657 secs]
190.950: Total time for which application threads were stopped: 0.0086304 seconds, Stopping threads took: 0.0000193 seconds
191.016: [GC (Allocation Failure)  690412K->368335K(1032192K), 0.0043893 secs]
191.021: Total time for which application threads were stopped: 0.0045694 seconds, Stopping threads took: 0.0000367 seconds
191.086: [GC (Allocation Failure)  684751K->368271K(1033216K), 0.0061026 secs]
191.093: Total time for which application threads were stopped: 0.0062807 seconds, Stopping threads took: 0.0000198 seconds
191.158: [GC (Allocation Failure)  686223K->363788K(1032704K), 0.0025955 secs]
191.161: Total time for which application threads were stopped: 0.0027633 seconds, Stopping threads took: 0.0000199 seconds
191.229: [GC (Allocation Failure)  681740K->368335K(1033728K), 0.0045993 secs]
191.234: Total time for which application threads were stopped: 0.0047690 seconds, Stopping threads took: 0.0000190 seconds
191.300: [GC (Allocation Failure)  687311K->368271K(1033216K), 0.0044644 secs]
191.305: Total time for which application threads were stopped: 0.0046267 seconds, Stopping threads took: 0.0000201 seconds
191.371: [GC (Allocation Failure)  687247K->368423K(1032704K), 0.0046068 secs]
191.376: Total time for which application threads were stopped: 0.0048154 seconds, Stopping threads took: 0.0000284 seconds
191.443: [GC (Allocation Failure)  687911K->376265K(1033728K), 0.0043581 secs]
191.448: Total time for which application threads were stopped: 0.0045299 seconds, Stopping threads took: 0.0000202 seconds
191.515: [GC (Allocation Failure)  695753K->376265K(1034752K), 0.0045095 secs]
191.520: Total time for which application threads were stopped: 0.0047019 seconds, Stopping threads took: 0.0000207 seconds
191.589: [GC (Allocation Failure)  697289K->377193K(1034240K), 0.0046062 secs]
191.593: Total time for which application threads were stopped: 0.0047570 seconds, Stopping threads took: 0.0000154 seconds
191.661: [GC (Allocation Failure)  698217K->384331K(1034240K), 0.0045446 secs]
191.666: Total time for which application threads were stopped: 0.0047230 seconds, Stopping threads took: 0.0000199 seconds
191.733: [GC (Allocation Failure)  704843K->384299K(1034240K), 0.0044154 secs]
191.738: Total time for which application threads were stopped: 0.0045785 seconds, Stopping threads took: 0.0000253 seconds
191.804: [GC (Allocation Failure)  704811K->388011K(1034752K), 0.0063292 secs]
191.811: Total time for which application threads were stopped: 0.0065221 seconds, Stopping threads took: 0.0000200 seconds
191.879: [GC (Allocation Failure)  709547K->392365K(1034752K), 0.0045705 secs]
191.884: Total time for which application threads were stopped: 0.0047455 seconds, Stopping threads took: 0.0000204 seconds
191.950: [GC (Allocation Failure)  713901K->392301K(1035264K), 0.0047055 secs]
191.955: Total time for which application threads were stopped: 0.0048811 seconds, Stopping threads took: 0.0000209 seconds
192.024: [GC (Allocation Failure)  714349K->393645K(1034752K), 0.0048515 secs]
192.029: Total time for which application threads were stopped: 0.0050183 seconds, Stopping threads took: 0.0000190 seconds
192.096: [GC (Allocation Failure)  715693K->400432K(1034752K), 0.0044858 secs]
192.101: Total time for which application threads were stopped: 0.0046497 seconds, Stopping threads took: 0.0000199 seconds
192.168: [GC (Allocation Failure)  721968K->400368K(1034752K), 0.0045512 secs]
192.172: Total time for which application threads were stopped: 0.0047541 seconds, Stopping threads took: 0.0000272 seconds
192.241: [GC (Allocation Failure)  721904K->403432K(1035264K), 0.0052848 secs]
192.246: Total time for which application threads were stopped: 0.0054605 seconds, Stopping threads took: 0.0000195 seconds
192.314: [GC (Allocation Failure)  725992K->408394K(1035264K), 0.0045416 secs]
192.319: Total time for which application threads were stopped: 0.0047216 seconds, Stopping threads took: 0.0000211 seconds
192.388: [GC (Allocation Failure)  730954K->408426K(1035264K), 0.0046601 secs]
192.393: Total time for which application threads were stopped: 0.0048515 seconds, Stopping threads took: 0.0000197 seconds
192.462: [GC (Allocation Failure)  730986K->411658K(1035264K), 0.0052949 secs]
192.467: Total time for which application threads were stopped: 0.0054691 seconds, Stopping threads took: 0.0000162 seconds
192.534: [GC (Allocation Failure)  734218K->416652K(1035264K), 0.0045010 secs]
192.539: Total time for which application threads were stopped: 0.0046600 seconds, Stopping threads took: 0.0000248 seconds
192.608: [GC (Allocation Failure)  739212K->416460K(1035264K), 0.0042306 secs]
192.612: Total time for which application threads were stopped: 0.0044208 seconds, Stopping threads took: 0.0000257 seconds
192.679: [GC (Allocation Failure)  739020K->411818K(1035264K), 0.0027401 secs]
192.681: Total time for which application threads were stopped: 0.0029033 seconds, Stopping threads took: 0.0000199 seconds
192.750: [GC (Allocation Failure)  734378K->416588K(1035264K), 0.0043657 secs]
192.754: Total time for which application threads were stopped: 0.0045373 seconds, Stopping threads took: 0.0000195 seconds
192.822: [GC (Allocation Failure)  739148K->416428K(1035264K), 0.0046536 secs]
192.827: Total time for which application threads were stopped: 0.0048241 seconds, Stopping threads took: 0.0000196 seconds
192.895: [GC (Allocation Failure)  738988K->416138K(1035264K), 0.0044831 secs]
192.900: Total time for which application threads were stopped: 0.0046438 seconds, Stopping threads took: 0.0000192 seconds
192.969: [GC (Allocation Failure)  738698K->416524K(1035776K), 0.0045361 secs]
192.973: Total time for which application threads were stopped: 0.0046974 seconds, Stopping threads took: 0.0000194 seconds
193.043: [GC (Allocation Failure)  740108K->416428K(1035776K), 0.0045809 secs]
193.048: Total time for which application threads were stopped: 0.0047494 seconds, Stopping threads took: 0.0000196 seconds
193.116: [GC (Allocation Failure)  740012K->422442K(1031680K), 0.0077120 secs]
193.123: Total time for which application threads were stopped: 0.0079165 seconds, Stopping threads took: 0.0000257 seconds
193.193: [GC (Allocation Failure)  741930K->417772K(1033728K), 0.0052552 secs]
193.198: Total time for which application threads were stopped: 0.0054269 seconds, Stopping threads took: 0.0000254 seconds
193.268: [GC (Allocation Failure)  737260K->417708K(1034752K), 0.0046276 secs]
193.272: Total time for which application threads were stopped: 0.0047936 seconds, Stopping threads took: 0.0000193 seconds
193.340: [GC (Allocation Failure)  738732K->420394K(1034240K), 0.0055798 secs]
193.345: Total time for which application threads were stopped: 0.0057724 seconds, Stopping threads took: 0.0000184 seconds
193.415: [GC (Allocation Failure)  741418K->417708K(1034752K), 0.0046281 secs]
193.420: Total time for which application threads were stopped: 0.0047778 seconds, Stopping threads took: 0.0000167 seconds
193.488: [GC (Allocation Failure)  738732K->417708K(1034240K), 0.0045941 secs]
193.493: Total time for which application threads were stopped: 0.0047801 seconds, Stopping threads took: 0.0000277 seconds
193.559: [GC (Allocation Failure)  738732K->420074K(1035264K), 0.0057605 secs]
193.565: Total time for which application threads were stopped: 0.0059339 seconds, Stopping threads took: 0.0000197 seconds
193.634: [GC (Allocation Failure)  742634K->417932K(1035264K), 0.0044186 secs]
193.639: Total time for which application threads were stopped: 0.0046066 seconds, Stopping threads took: 0.0000189 seconds
193.708: [GC (Allocation Failure)  740492K->417708K(1035776K), 0.0046099 secs]
193.713: Total time for which application threads were stopped: 0.0047678 seconds, Stopping threads took: 0.0000186 seconds
193.780: [GC (Allocation Failure)  741292K->425362K(1035776K), 0.0084949 secs]
193.789: Total time for which application threads were stopped: 0.0086659 seconds, Stopping threads took: 0.0000197 seconds
193.857: [GC (Allocation Failure)  748946K->420788K(1032704K), 0.0045966 secs]
193.862: Total time for which application threads were stopped: 0.0047593 seconds, Stopping threads took: 0.0000196 seconds
193.930: [GC (Allocation Failure)  741300K->420628K(1034240K), 0.0046027 secs]
193.934: Total time for which application threads were stopped: 0.0047627 seconds, Stopping threads took: 0.0000198 seconds
194.002: [GC (Allocation Failure)  741140K->413138K(1033216K), 0.0016386 secs]
194.003: Total time for which application threads were stopped: 0.0017663 seconds, Stopping threads took: 0.0000190 seconds
194.070: [GC (Allocation Failure)  732626K->420748K(1033728K), 0.0060908 secs]
194.077: Total time for which application threads were stopped: 0.0062940 seconds, Stopping threads took: 0.0000305 seconds
194.145: [GC (Allocation Failure)  740236K->424772K(1034752K), 0.0057459 secs]
194.151: Total time for which application threads were stopped: 0.0059063 seconds, Stopping threads took: 0.0000201 seconds
194.218: [GC (Allocation Failure)  745796K->430306K(1034240K), 0.0070630 secs]
194.225: Total time for which application threads were stopped: 0.0072008 seconds, Stopping threads took: 0.0000144 seconds
194.293: [GC (Allocation Failure)  751330K->424804K(1033216K), 0.0045687 secs]
194.298: Total time for which application threads were stopped: 0.0047466 seconds, Stopping threads took: 0.0000195 seconds
194.365: [GC (Allocation Failure)  744292K->424740K(1033728K), 0.0044181 secs]
194.369: Total time for which application threads were stopped: 0.0045803 seconds, Stopping threads took: 0.0000197 seconds
194.436: [GC (Allocation Failure)  744228K->426946K(1034240K), 0.0054575 secs]
194.442: Total time for which application threads were stopped: 0.0056624 seconds, Stopping threads took: 0.0000286 seconds
194.512: [GC (Allocation Failure)  747458K->425028K(1034240K), 0.0046662 secs]
194.516: Total time for which application threads were stopped: 0.0048149 seconds, Stopping threads took: 0.0000168 seconds
194.585: [GC (Allocation Failure)  745540K->424772K(1035264K), 0.0045645 secs]
194.590: Total time for which application threads were stopped: 0.0047372 seconds, Stopping threads took: 0.0000277 seconds
194.656: [GC (Allocation Failure)  746820K->426626K(1034752K), 0.0054761 secs]
194.661: Total time for which application threads were stopped: 0.0056354 seconds, Stopping threads took: 0.0000193 seconds
194.729: [GC (Allocation Failure)  748674K->424964K(1035264K), 0.0046456 secs]
194.734: Total time for which application threads were stopped: 0.0048155 seconds, Stopping threads took: 0.0000191 seconds
194.803: [GC (Allocation Failure)  747524K->424772K(1035264K), 0.0046753 secs]
194.808: Total time for which application threads were stopped: 0.0048454 seconds, Stopping threads took: 0.0000196 seconds
194.876: [GC (Allocation Failure)  747332K->430346K(1032704K), 0.0071586 secs]
194.883: Total time for which application threads were stopped: 0.0073291 seconds, Stopping threads took: 0.0000274 seconds
194.949: [GC (Allocation Failure)  750858K->425740K(1034240K), 0.0046535 secs]
194.953: Total time for which application threads were stopped: 0.0048227 seconds, Stopping threads took: 0.0000194 seconds
195.021: [GC (Allocation Failure)  746252K->425580K(1034752K), 0.0065220 secs]
195.027: Total time for which application threads were stopped: 0.0066823 seconds, Stopping threads took: 0.0000189 seconds
195.095: [GC (Allocation Failure)  747116K->430442K(1034240K), 0.0066552 secs]
195.102: Total time for which application threads were stopped: 0.0068299 seconds, Stopping threads took: 0.0000196 seconds
195.170: [GC (Allocation Failure)  751978K->425708K(1034240K), 0.0045617 secs]
195.174: Total time for which application threads were stopped: 0.0047608 seconds, Stopping threads took: 0.0000262 seconds
195.246: [GC (Allocation Failure)  746220K->425612K(1034240K), 0.0044409 secs]
195.250: Total time for which application threads were stopped: 0.0046012 seconds, Stopping threads took: 0.0000177 seconds
195.317: [GC (Allocation Failure)  746124K->429578K(1032704K), 0.0062984 secs]
195.324: Total time for which application threads were stopped: 0.0064607 seconds, Stopping threads took: 0.0000191 seconds
195.392: [GC (Allocation Failure)  749066K->425644K(1033728K), 0.0044706 secs]
195.396: Total time for which application threads were stopped: 0.0046943 seconds, Stopping threads took: 0.0000205 seconds
195.464: [GC (Allocation Failure)  745132K->425612K(1034240K), 0.0045141 secs]
195.469: Total time for which application threads were stopped: 0.0046856 seconds, Stopping threads took: 0.0000203 seconds
195.537: [GC (Allocation Failure)  746124K->425674K(1034240K), 0.0065017 secs]
195.544: Total time for which application threads were stopped: 0.0066884 seconds, Stopping threads took: 0.0000282 seconds
195.613: [GC (Allocation Failure)  746186K->425836K(1035264K), 0.0042316 secs]
195.617: Total time for which application threads were stopped: 0.0044000 seconds, Stopping threads took: 0.0000249 seconds
195.685: [GC (Allocation Failure)  747884K->425612K(1034752K), 0.0046398 secs]
195.690: Total time for which application threads were stopped: 0.0047971 seconds, Stopping threads took: 0.0000194 seconds
195.759: [GC (Allocation Failure)  747660K->426922K(1035776K), 0.0051648 secs]
195.764: Total time for which application threads were stopped: 0.0053412 seconds, Stopping threads took: 0.0000186 seconds
195.834: [GC (Allocation Failure)  749994K->425804K(1035264K), 0.0046446 secs]
195.838: Total time for which application threads were stopped: 0.0048047 seconds, Stopping threads took: 0.0000191 seconds
195.904: [GC (Allocation Failure)  748876K->425580K(1036288K), 0.0047212 secs]
195.909: Total time for which application threads were stopped: 0.0049048 seconds, Stopping threads took: 0.0000200 seconds
195.977: [GC (Allocation Failure)  749676K->433746K(1035776K), 0.0089863 secs]
195.986: Total time for which application threads were stopped: 0.0091396 seconds, Stopping threads took: 0.0000190 seconds
196.054: [GC (Allocation Failure)  757842K->429652K(1031680K), 0.0046676 secs]
196.059: Total time for which application threads were stopped: 0.0048419 seconds, Stopping threads took: 0.0000197 seconds
196.126: [GC (Allocation Failure)  749140K->429556K(1033728K), 0.0044175 secs]
196.131: Total time for which application threads were stopped: 0.0045661 seconds, Stopping threads took: 0.0000253 seconds
196.199: [GC (Allocation Failure)  749044K->437354K(1030144K), 0.0112943 secs]
196.210: Total time for which application threads were stopped: 0.0114903 seconds, Stopping threads took: 0.0000259 seconds
196.278: [GC (Allocation Failure)  753770K->431148K(1032192K), 0.0046126 secs]
196.282: Total time for which application threads were stopped: 0.0047789 seconds, Stopping threads took: 0.0000186 seconds
196.349: [GC (Allocation Failure)  747564K->431084K(1032704K), 0.0045499 secs]
196.353: Total time for which application threads were stopped: 0.0047003 seconds, Stopping threads took: 0.0000169 seconds
196.420: [GC (Allocation Failure)  748524K->425802K(1019904K), 0.0036360 secs]
196.423: Total time for which application threads were stopped: 0.0037981 seconds, Stopping threads took: 0.0000194 seconds
196.490: [GC (Allocation Failure)  743242K->431116K(1032704K), 0.0044155 secs]
196.494: Total time for which application threads were stopped: 0.0045929 seconds, Stopping threads took: 0.0000206 seconds
196.563: [GC (Allocation Failure)  748044K->431116K(1032192K), 0.0046575 secs]
196.567: Total time for which application threads were stopped: 0.0048267 seconds, Stopping threads took: 0.0000201 seconds
196.632: [GC (Allocation Failure)  748044K->434100K(1033216K), 0.0052233 secs]
196.637: Total time for which application threads were stopped: 0.0053835 seconds, Stopping threads took: 0.0000259 seconds
196.704: [GC (Allocation Failure)  752564K->439126K(1033216K), 0.0046940 secs]
196.709: Total time for which application threads were stopped: 0.0048780 seconds, Stopping threads took: 0.0000250 seconds
196.776: [GC (Allocation Failure)  757590K->439126K(1034240K), 0.0044999 secs]
196.781: Total time for which application threads were stopped: 0.0046578 seconds, Stopping threads took: 0.0000183 seconds
196.847: [GC (Allocation Failure)  759126K->439766K(1033728K), 0.0048514 secs]
196.852: Total time for which application threads were stopped: 0.0050191 seconds, Stopping threads took: 0.0000188 seconds
196.920: [GC (Allocation Failure)  759766K->447193K(1034240K), 0.0046170 secs]
196.924: Total time for which application threads were stopped: 0.0048097 seconds, Stopping threads took: 0.0000185 seconds
196.991: [GC (Allocation Failure)  767193K->447161K(1033728K), 0.0046383 secs]
196.996: Total time for which application threads were stopped: 0.0047985 seconds, Stopping threads took: 0.0000195 seconds
197.062: [GC (Allocation Failure)  767161K->448473K(1033728K), 0.0049389 secs]
197.067: Total time for which application threads were stopped: 0.0050993 seconds, Stopping threads took: 0.0000192 seconds
197.134: [GC (Allocation Failure)  768985K->455323K(1034240K), 0.0046522 secs]
197.138: Total time for which application threads were stopped: 0.0048169 seconds, Stopping threads took: 0.0000257 seconds
197.207: [GC (Allocation Failure)  775835K->455195K(1034752K), 0.0052700 secs]
197.212: Total time for which application threads were stopped: 0.0054345 seconds, Stopping threads took: 0.0000247 seconds
197.278: [GC (Allocation Failure)  776219K->459299K(1034240K), 0.0056626 secs]
197.284: Total time for which application threads were stopped: 0.0058737 seconds, Stopping threads took: 0.0000177 seconds
197.351: [GC (Allocation Failure)  780323K->463269K(1035264K), 0.0047838 secs]
197.356: Total time for which application threads were stopped: 0.0049522 seconds, Stopping threads took: 0.0000196 seconds
197.422: [GC (Allocation Failure)  785317K->463269K(1034752K), 0.0047515 secs]
197.427: Total time for which application threads were stopped: 0.0049270 seconds, Stopping threads took: 0.0000210 seconds
197.494: [GC (Allocation Failure)  785317K->464989K(1034240K), 0.0050122 secs]
197.499: Total time for which application threads were stopped: 0.0051868 seconds, Stopping threads took: 0.0000194 seconds
197.567: [GC (Allocation Failure)  786525K->471263K(1034752K), 0.0046925 secs]
197.572: Total time for which application threads were stopped: 0.0048605 seconds, Stopping threads took: 0.0000195 seconds
197.638: [GC (Allocation Failure)  792799K->471263K(1035264K), 0.0045385 secs]
197.643: Total time for which application threads were stopped: 0.0047086 seconds, Stopping threads took: 0.0000267 seconds
197.710: [GC (Allocation Failure)  793823K->475223K(1035264K), 0.0069745 secs]
197.717: Total time for which application threads were stopped: 0.0071709 seconds, Stopping threads took: 0.0000283 seconds
197.785: [GC (Allocation Failure)  797783K->479290K(1035264K), 0.0046123 secs]
197.790: Total time for which application threads were stopped: 0.0048158 seconds, Stopping threads took: 0.0000214 seconds
197.860: [GC (Allocation Failure)  801850K->479290K(1035264K), 0.0045484 secs]
197.864: Total time for which application threads were stopped: 0.0047196 seconds, Stopping threads took: 0.0000172 seconds
197.932: [GC (Allocation Failure)  801850K->479354K(1034752K), 0.0049000 secs]
197.937: Total time for which application threads were stopped: 0.0050968 seconds, Stopping threads took: 0.0000167 seconds
198.005: [GC (Allocation Failure)  801914K->487324K(1035264K), 0.0045790 secs]
198.010: Total time for which application threads were stopped: 0.0047543 seconds, Stopping threads took: 0.0000206 seconds
198.079: [GC (Allocation Failure)  809884K->487356K(1035264K), 0.0046789 secs]
198.083: Total time for which application threads were stopped: 0.0048505 seconds, Stopping threads took: 0.0000192 seconds
198.152: [GC (Allocation Failure)  809916K->487620K(1022464K), 0.0047797 secs]
198.157: Total time for which application threads were stopped: 0.0049415 seconds, Stopping threads took: 0.0000257 seconds
198.226: [GC (Allocation Failure)  810180K->495462K(1034752K), 0.0047690 secs]
198.231: Total time for which application threads were stopped: 0.0049352 seconds, Stopping threads took: 0.0000166 seconds
198.301: [GC (Allocation Failure)  816998K->495398K(1034752K), 0.0045784 secs]
198.306: Total time for which application threads were stopped: 0.0047448 seconds, Stopping threads took: 0.0000191 seconds
198.371: [GC (Allocation Failure)  816934K->497894K(1034752K), 0.0053007 secs]
198.376: Total time for which application threads were stopped: 0.0054655 seconds, Stopping threads took: 0.0000188 seconds
198.443: [GC (Allocation Failure)  819430K->503464K(1034752K), 0.0047477 secs]
198.448: Total time for which application threads were stopped: 0.0049107 seconds, Stopping threads took: 0.0000203 seconds
198.515: [GC (Allocation Failure)  825000K->503432K(1034752K), 0.0047592 secs]
198.520: Total time for which application threads were stopped: 0.0049522 seconds, Stopping threads took: 0.0000196 seconds
198.587: [GC (Allocation Failure)  824968K->507144K(1034752K), 0.0056246 secs]
198.593: Total time for which application threads were stopped: 0.0057843 seconds, Stopping threads took: 0.0000166 seconds
198.662: [GC (Allocation Failure)  828680K->511435K(1035264K), 0.0045539 secs]
198.666: Total time for which application threads were stopped: 0.0047249 seconds, Stopping threads took: 0.0000196 seconds
198.735: [GC (Allocation Failure)  833995K->511435K(1035264K), 0.0050186 secs]
198.740: Total time for which application threads were stopped: 0.0051796 seconds, Stopping threads took: 0.0000196 seconds
198.808: [GC (Allocation Failure)  833995K->514371K(1035264K), 0.0054571 secs]
198.813: Total time for which application threads were stopped: 0.0056404 seconds, Stopping threads took: 0.0000196 seconds
198.882: [GC (Allocation Failure)  836931K->519621K(1035264K), 0.0052878 secs]
198.887: Total time for which application threads were stopped: 0.0054626 seconds, Stopping threads took: 0.0000209 seconds
198.955: [GC (Allocation Failure)  842181K->519461K(1035264K), 0.0046001 secs]
198.960: Total time for which application threads were stopped: 0.0047753 seconds, Stopping threads took: 0.0000209 seconds
199.027: [GC (Allocation Failure)  842021K->514531K(1035264K), 0.0028615 secs]
199.030: Total time for which application threads were stopped: 0.0030326 seconds, Stopping threads took: 0.0000193 seconds
199.099: [GC (Allocation Failure)  837091K->519589K(1035264K), 0.0046012 secs]
199.103: Total time for which application threads were stopped: 0.0047752 seconds, Stopping threads took: 0.0000207 seconds
199.173: [GC (Allocation Failure)  842149K->519461K(1035264K), 0.0046157 secs]
199.178: Total time for which application threads were stopped: 0.0047856 seconds, Stopping threads took: 0.0000195 seconds
199.244: [GC (Allocation Failure)  842021K->518851K(1035776K), 0.0047586 secs]
199.249: Total time for which application threads were stopped: 0.0049402 seconds, Stopping threads took: 0.0000194 seconds
199.318: [GC (Allocation Failure)  841923K->519525K(1035264K), 0.0046621 secs]
199.323: Total time for which application threads were stopped: 0.0048344 seconds, Stopping threads took: 0.0000201 seconds
199.392: [GC (Allocation Failure)  842597K->519429K(1035776K), 0.0047521 secs]
199.397: Total time for which application threads were stopped: 0.0049287 seconds, Stopping threads took: 0.0000197 seconds
199.466: [GC (Allocation Failure)  843013K->525163K(1035776K), 0.0075332 secs]
199.474: Total time for which application threads were stopped: 0.0077094 seconds, Stopping threads took: 0.0000187 seconds
199.543: [GC (Allocation Failure)  848747K->520429K(1032704K), 0.0045985 secs]
199.548: Total time for which application threads were stopped: 0.0047678 seconds, Stopping threads took: 0.0000189 seconds
199.615: [GC (Allocation Failure)  840941K->520461K(1034240K), 0.0048304 secs]
199.620: Total time for which application threads were stopped: 0.0050079 seconds, Stopping threads took: 0.0000194 seconds
199.687: [GC (Allocation Failure)  840973K->527371K(1030656K), 0.0079972 secs]
199.695: Total time for which application threads were stopped: 0.0081784 seconds, Stopping threads took: 0.0000196 seconds
199.762: [GC (Allocation Failure)  844811K->521837K(1032704K), 0.0048854 secs]
199.767: Total time for which application threads were stopped: 0.0050500 seconds, Stopping threads took: 0.0000203 seconds
199.834: [GC (Allocation Failure)  839277K->521613K(1033728K), 0.0046933 secs]
199.838: Total time for which application threads were stopped: 0.0048872 seconds, Stopping threads took: 0.0000201 seconds
199.907: [GC (Allocation Failure)  840589K->519019K(1033216K), 0.0038379 secs]
199.911: Total time for which application threads were stopped: 0.0039870 seconds, Stopping threads took: 0.0000161 seconds
199.978: [GC (Allocation Failure)  837995K->521773K(1034752K), 0.0047782 secs]
199.983: Total time for which application threads were stopped: 0.0049911 seconds, Stopping threads took: 0.0000201 seconds
200.053: [GC (Allocation Failure)  842797K->521613K(1034240K), 0.0045064 secs]
200.057: Total time for which application threads were stopped: 0.0046699 seconds, Stopping threads took: 0.0000200 seconds
200.124: [GC (Allocation Failure)  842637K->516715K(1034240K), 0.0028606 secs]
200.127: Total time for which application threads were stopped: 0.0030290 seconds, Stopping threads took: 0.0000200 seconds
200.196: [GC (Allocation Failure)  838251K->521709K(1034752K), 0.0046708 secs]
200.200: Total time for which application threads were stopped: 0.0048328 seconds, Stopping threads took: 0.0000166 seconds
200.269: [GC (Allocation Failure)  843245K->521645K(1035776K), 0.0047390 secs]
200.273: Total time for which application threads were stopped: 0.0049112 seconds, Stopping threads took: 0.0000193 seconds
200.339: [GC (Allocation Failure)  844717K->519467K(1035264K), 0.0038125 secs]
200.343: Total time for which application threads were stopped: 0.0040070 seconds, Stopping threads took: 0.0000193 seconds
200.410: [GC (Allocation Failure)  842539K->521645K(1036288K), 0.0048454 secs]
200.415: Total time for which application threads were stopped: 0.0050303 seconds, Stopping threads took: 0.0000172 seconds
200.486: [GC (Allocation Failure)  845741K->521613K(1035776K), 0.0046857 secs]
200.491: Total time for which application threads were stopped: 0.0048641 seconds, Stopping threads took: 0.0000196 seconds
200.559: [GC (Allocation Failure)  845709K->527299K(1033216K), 0.0076047 secs]
200.567: Total time for which application threads were stopped: 0.0077869 seconds, Stopping threads took: 0.0000199 seconds
200.635: [GC (Allocation Failure)  848835K->523301K(1034752K), 0.0048185 secs]
200.640: Total time for which application threads were stopped: 0.0049819 seconds, Stopping threads took: 0.0000198 seconds
200.707: [GC (Allocation Failure)  844837K->523045K(1035776K), 0.0046934 secs]
200.712: Total time for which application threads were stopped: 0.0048895 seconds, Stopping threads took: 0.0000201 seconds
200.779: [GC (Allocation Failure)  846117K->515235K(1022976K), 0.0016448 secs]
200.781: Total time for which application threads were stopped: 0.0017588 seconds, Stopping threads took: 0.0000160 seconds
200.852: [GC (Allocation Failure)  838307K->523301K(1034752K), 0.0048757 secs]
200.857: Total time for which application threads were stopped: 0.0050584 seconds, Stopping threads took: 0.0000196 seconds
200.924: [GC (Allocation Failure)  844837K->527253K(1034752K), 0.0063960 secs]
200.930: Total time for which application threads were stopped: 0.0065729 seconds, Stopping threads took: 0.0000254 seconds
200.995: [GC (Allocation Failure)  848789K->522067K(1035264K), 0.0028391 secs]
200.998: Total time for which application threads were stopped: 0.0030116 seconds, Stopping threads took: 0.0000203 seconds
201.068: [GC (Allocation Failure)  844627K->527397K(1035264K), 0.0049268 secs]
201.073: Total time for which application threads were stopped: 0.0050844 seconds, Stopping threads took: 0.0000199 seconds
201.143: [GC (Allocation Failure)  849957K->531397K(1035776K), 0.0048086 secs]
201.148: Total time for which application threads were stopped: 0.0049626 seconds, Stopping threads took: 0.0000253 seconds
201.217: [GC (Allocation Failure)  854469K->527459K(1035264K), 0.0035220 secs]
201.220: Total time for which application threads were stopped: 0.0036996 seconds, Stopping threads took: 0.0000167 seconds
201.288: [GC (Allocation Failure)  850531K->531525K(1035776K), 0.0050375 secs]
201.293: Total time for which application threads were stopped: 0.0052297 seconds, Stopping threads took: 0.0000258 seconds
201.362: [GC (Allocation Failure)  855109K->535493K(1035776K), 0.0045864 secs]
201.367: Total time for which application threads were stopped: 0.0047381 seconds, Stopping threads took: 0.0000167 seconds
201.435: [GC (Allocation Failure)  859077K->535461K(1035776K), 0.0049258 secs]
201.440: Total time for which application threads were stopped: 0.0050973 seconds, Stopping threads took: 0.0000203 seconds
201.506: [GC (Allocation Failure)  859045K->535845K(1023488K), 0.0051313 secs]
201.511: Total time for which application threads were stopped: 0.0053231 seconds, Stopping threads took: 0.0000196 seconds
201.580: [GC (Allocation Failure)  859429K->543527K(1035264K), 0.0046794 secs]
201.585: Total time for which application threads were stopped: 0.0048440 seconds, Stopping threads took: 0.0000197 seconds
201.654: [GC (Allocation Failure)  866087K->543559K(1035264K), 0.0045822 secs]
201.658: Total time for which application threads were stopped: 0.0047508 seconds, Stopping threads took: 0.0000259 seconds
201.725: [GC (Allocation Failure)  866119K->544039K(1034240K), 0.0048477 secs]
201.730: Total time for which application threads were stopped: 0.0050176 seconds, Stopping threads took: 0.0000200 seconds
201.797: [GC (Allocation Failure)  865575K->551594K(1034752K), 0.0049043 secs]
201.802: Total time for which application threads were stopped: 0.0050993 seconds, Stopping threads took: 0.0000201 seconds
201.872: [GC (Allocation Failure)  873130K->551562K(1034752K), 0.0046184 secs]
201.876: Total time for which application threads were stopped: 0.0047868 seconds, Stopping threads took: 0.0000168 seconds
201.941: [GC (Allocation Failure)  873098K->551754K(1034752K), 0.0048557 secs]
201.946: Total time for which application threads were stopped: 0.0050484 seconds, Stopping threads took: 0.0000192 seconds
202.015: [GC (Allocation Failure)  873290K->559596K(1034752K), 0.0049422 secs]
202.020: Total time for which application threads were stopped: 0.0051146 seconds, Stopping threads took: 0.0000200 seconds
202.089: [GC (Allocation Failure)  881132K->559628K(1034752K), 0.0065172 secs]
202.095: Total time for which application threads were stopped: 0.0067110 seconds, Stopping threads took: 0.0000200 seconds
202.163: [GC (Allocation Failure)  881164K->559716K(1033728K), 0.0048841 secs]
202.168: Total time for which application threads were stopped: 0.0050338 seconds, Stopping threads took: 0.0000164 seconds
202.237: [GC (Allocation Failure)  880228K->567654K(1034240K), 0.0046772 secs]
202.242: Total time for which application threads were stopped: 0.0048489 seconds, Stopping threads took: 0.0000196 seconds
202.311: [GC (Allocation Failure)  888166K->567654K(1034240K), 0.0047939 secs]
202.316: Total time for which application threads were stopped: 0.0049598 seconds, Stopping threads took: 0.0000199 seconds
202.382: [GC (Allocation Failure)  888166K->567686K(1020416K), 0.0049507 secs]
202.387: Total time for which application threads were stopped: 0.0051164 seconds, Stopping threads took: 0.0000215 seconds
202.454: [GC (Allocation Failure)  888198K->575688K(1033728K), 0.0049996 secs]
202.460: Total time for which application threads were stopped: 0.0051814 seconds, Stopping threads took: 0.0000383 seconds
202.527: [GC (Allocation Failure)  895176K->575624K(1033728K), 0.0046263 secs]
202.532: Total time for which application threads were stopped: 0.0048196 seconds, Stopping threads took: 0.0000194 seconds
202.600: [GC (Allocation Failure)  895112K->575936K(1033728K), 0.0059201 secs]
202.606: Total time for which application threads were stopped: 0.0060686 seconds, Stopping threads took: 0.0000176 seconds
202.674: [GC (Allocation Failure)  895424K->583683K(1033728K), 0.0048028 secs]
202.679: Total time for which application threads were stopped: 0.0049633 seconds, Stopping threads took: 0.0000200 seconds
202.745: [GC (Allocation Failure)  903171K->583683K(1033728K), 0.0047140 secs]
202.750: Total time for which application threads were stopped: 0.0048969 seconds, Stopping threads took: 0.0000201 seconds
202.815: [GC (Allocation Failure)  903171K->583907K(1033728K), 0.0050191 secs]
202.820: Total time for which application threads were stopped: 0.0051890 seconds, Stopping threads took: 0.0000197 seconds
202.885: [GC (Allocation Failure)  903395K->591717K(1033728K), 0.0048295 secs]
202.890: Total time for which application threads were stopped: 0.0049956 seconds, Stopping threads took: 0.0000195 seconds
202.956: [GC (Allocation Failure)  911205K->587811K(1033728K), 0.0037082 secs]
202.960: Total time for which application threads were stopped: 0.0039078 seconds, Stopping threads took: 0.0000189 seconds
203.029: [GC (Allocation Failure)  907299K->591877K(1034752K), 0.0051535 secs]
203.034: Total time for which application threads were stopped: 0.0053035 seconds, Stopping threads took: 0.0000175 seconds
203.101: [GC (Allocation Failure)  912901K->595845K(1034240K), 0.0047241 secs]
203.106: Total time for which application threads were stopped: 0.0049174 seconds, Stopping threads took: 0.0000196 seconds
203.176: [GC (Allocation Failure)  916869K->590083K(1034752K), 0.0026735 secs]
203.179: Total time for which application threads were stopped: 0.0028236 seconds, Stopping threads took: 0.0000165 seconds
203.247: [GC (Allocation Failure)  911619K->595949K(1034752K), 0.0048695 secs]
203.252: Total time for which application threads were stopped: 0.0050209 seconds, Stopping threads took: 0.0000170 seconds
203.318: [GC (Allocation Failure)  917485K->599989K(1035264K), 0.0052887 secs]
203.323: Total time for which application threads were stopped: 0.0054593 seconds, Stopping threads took: 0.0000198 seconds
203.392: [GC (Allocation Failure)  922287K->596083K(1035264K), 0.0035677 secs]
203.396: Total time for which application threads were stopped: 0.0037378 seconds, Stopping threads took: 0.0000205 seconds
203.463: [GC (Allocation Failure)  918643K->600149K(1036288K), 0.0051703 secs]
203.468: Total time for which application threads were stopped: 0.0053456 seconds, Stopping threads took: 0.0000195 seconds
203.537: [GC (Allocation Failure)  924245K->604149K(1035776K), 0.0050134 secs]
203.542: Total time for which application threads were stopped: 0.0051694 seconds, Stopping threads took: 0.0000173 seconds
203.610: [GC (Allocation Failure)  928245K->604149K(1035776K), 0.0048004 secs]
203.614: Total time for which application threads were stopped: 0.0049599 seconds, Stopping threads took: 0.0000173 seconds
203.683: [GC (Allocation Failure)  927733K->604189K(1023488K), 0.0049738 secs]
203.688: Total time for which application threads were stopped: 0.0051742 seconds, Stopping threads took: 0.0000263 seconds
203.757: [GC (Allocation Failure)  927773K->612159K(1035264K), 0.0048211 secs]
203.762: Total time for which application threads were stopped: 0.0049716 seconds, Stopping threads took: 0.0000167 seconds
203.831: [GC (Allocation Failure)  934719K->612159K(1030144K), 0.0050662 secs]
203.836: Total time for which application threads were stopped: 0.0052557 seconds, Stopping threads took: 0.0000197 seconds
203.903: [GC (Allocation Failure)  934719K->612231K(1034752K), 0.0050241 secs]
203.909: Total time for which application threads were stopped: 0.0052102 seconds, Stopping threads took: 0.0000218 seconds
203.976: [GC (Allocation Failure)  933767K->620201K(1029120K), 0.0049209 secs]
203.981: Total time for which application threads were stopped: 0.0050971 seconds, Stopping threads took: 0.0000326 seconds
204.049: [GC (Allocation Failure)  941737K->620201K(1034240K), 0.0049644 secs]
204.054: Total time for which application threads were stopped: 0.0051263 seconds, Stopping threads took: 0.0000200 seconds
204.121: [GC (Allocation Failure)  940713K->620425K(1034240K), 0.0049792 secs]
204.126: Total time for which application threads were stopped: 0.0051401 seconds, Stopping threads took: 0.0000197 seconds
204.194: [GC (Allocation Failure)  940937K->628236K(1034240K), 0.0052444 secs]
204.199: Total time for which application threads were stopped: 0.0054096 seconds, Stopping threads took: 0.0000249 seconds
204.269: [GC (Allocation Failure)  948748K->628268K(1034240K), 0.0046665 secs]
204.273: Total time for which application threads were stopped: 0.0048313 seconds, Stopping threads took: 0.0000197 seconds
204.341: [GC (Allocation Failure)  948780K->628676K(1033216K), 0.0052459 secs]
204.346: Total time for which application threads were stopped: 0.0054137 seconds, Stopping threads took: 0.0000202 seconds
204.413: [GC (Allocation Failure)  948164K->636230K(1033728K), 0.0047936 secs]
204.418: Total time for which application threads were stopped: 0.0049618 seconds, Stopping threads took: 0.0000284 seconds
204.486: [GC (Allocation Failure)  955718K->636230K(1033728K), 0.0070897 secs]
204.493: Total time for which application threads were stopped: 0.0072631 seconds, Stopping threads took: 0.0000265 seconds
204.559: [GC (Allocation Failure)  955718K->636422K(1033728K), 0.0051875 secs]
204.564: Total time for which application threads were stopped: 0.0053823 seconds, Stopping threads took: 0.0000201 seconds
204.634: [GC (Allocation Failure)  955910K->644296K(1033728K), 0.0047565 secs]
204.639: Total time for which application threads were stopped: 0.0049180 seconds, Stopping threads took: 0.0000257 seconds
204.707: [GC (Allocation Failure)  963784K->644328K(1033728K), 0.0048115 secs]
204.712: Total time for which application threads were stopped: 0.0049832 seconds, Stopping threads took: 0.0000197 seconds
204.778: [GC (Allocation Failure)  963816K->644360K(1033728K), 0.0049888 secs]
204.783: Total time for which application threads were stopped: 0.0051696 seconds, Stopping threads took: 0.0000204 seconds
204.851: [GC (Allocation Failure)  963848K->652330K(1027072K), 0.0048730 secs]
204.856: Total time for which application threads were stopped: 0.0050393 seconds, Stopping threads took: 0.0000195 seconds
204.921: [GC (Allocation Failure)  971818K->648456K(1034240K), 0.0040598 secs]
204.925: Total time for which application threads were stopped: 0.0042284 seconds, Stopping threads took: 0.0000192 seconds
204.992: [GC (Allocation Failure)  967944K->652490K(1033216K), 0.0051147 secs]
204.997: Total time for which application threads were stopped: 0.0052928 seconds, Stopping threads took: 0.0000220 seconds
205.066: [GC (Allocation Failure)  971978K->656458K(1034752K), 0.0049451 secs]
205.071: Total time for which application threads were stopped: 0.0051089 seconds, Stopping threads took: 0.0000207 seconds
205.138: [GC (Allocation Failure)  977994K->649672K(1034752K), 0.0023478 secs]
205.140: Total time for which application threads were stopped: 0.0025148 seconds, Stopping threads took: 0.0000268 seconds
205.208: [GC (Allocation Failure)  971208K->656490K(1034752K), 0.0055410 secs]
205.213: Total time for which application threads were stopped: 0.0056878 seconds, Stopping threads took: 0.0000173 seconds
205.279: [GC (Allocation Failure)  978026K->660634K(1034752K), 0.0058577 secs]
205.285: Total time for which application threads were stopped: 0.0060258 seconds, Stopping threads took: 0.0000196 seconds
205.350: [GC (Allocation Failure)  982170K->655064K(1034752K), 0.0031113 secs]
205.354: Total time for which application threads were stopped: 0.0032644 seconds, Stopping threads took: 0.0000190 seconds
205.423: [GC (Allocation Failure)  976600K->660906K(1034752K), 0.0050182 secs]
205.428: Total time for which application threads were stopped: 0.0051981 seconds, Stopping threads took: 0.0000196 seconds
205.496: [GC (Allocation Failure)  982442K->664746K(1034752K), 0.0053860 secs]
205.502: Total time for which application threads were stopped: 0.0055669 seconds, Stopping threads took: 0.0000204 seconds
205.569: [GC (Allocation Failure)  987235K->660840K(1035264K), 0.0037376 secs]
205.572: Total time for which application threads were stopped: 0.0038934 seconds, Stopping threads took: 0.0000268 seconds
205.643: [GC (Allocation Failure)  983400K->664906K(1036288K), 0.0050609 secs]
205.648: Total time for which application threads were stopped: 0.0052413 seconds, Stopping threads took: 0.0000278 seconds
205.716: [GC (Allocation Failure)  989002K->668874K(1035776K), 0.0049743 secs]
205.721: Total time for which application threads were stopped: 0.0051503 seconds, Stopping threads took: 0.0000251 seconds
205.790: [GC (Allocation Failure)  992970K->668874K(1035776K), 0.0050361 secs]
205.795: Total time for which application threads were stopped: 0.0052081 seconds, Stopping threads took: 0.0000278 seconds
205.863: [GC (Allocation Failure)  992458K->668938K(1023488K), 0.0052913 secs]
205.868: Total time for which application threads were stopped: 0.0054709 seconds, Stopping threads took: 0.0000295 seconds
205.935: [GC (Allocation Failure)  992522K->676941K(1035264K), 0.0051127 secs]
205.940: Total time for which application threads were stopped: 0.0052801 seconds, Stopping threads took: 0.0000195 seconds
206.008: [GC (Allocation Failure)  999501K->676941K(1030144K), 0.0047771 secs]
206.012: Total time for which application threads were stopped: 0.0049441 seconds, Stopping threads took: 0.0000194 seconds
206.080: [GC (Allocation Failure)  999501K->676973K(1034752K), 0.0052202 secs]
206.085: Total time for which application threads were stopped: 0.0053846 seconds, Stopping threads took: 0.0000207 seconds
206.153: [GC (Allocation Failure)  998509K->684943K(1029120K), 0.0084367 secs]
206.162: Total time for which application threads were stopped: 0.0086391 seconds, Stopping threads took: 0.0000272 seconds
206.232: [GC (Allocation Failure)  1006479K->684943K(1034240K), 0.0048158 secs]
206.237: Total time for which application threads were stopped: 0.0049685 seconds, Stopping threads took: 0.0000180 seconds
206.304: [GC (Allocation Failure)  1005455K->685191K(1034240K), 0.0052145 secs]
206.309: Total time for which application threads were stopped: 0.0053835 seconds, Stopping threads took: 0.0000193 seconds
206.377: [GC (Allocation Failure)  1005703K->693001K(1034240K), 0.0051108 secs]
206.382: Total time for which application threads were stopped: 0.0052994 seconds, Stopping threads took: 0.0000196 seconds
206.451: [GC (Allocation Failure)  1013513K->692969K(1034240K), 0.0051671 secs]
206.457: Total time for which application threads were stopped: 0.0053152 seconds, Stopping threads took: 0.0000163 seconds
206.525: [GC (Allocation Failure)  1013481K->693417K(1033216K), 0.0054404 secs]
206.531: [Full GC (Ergonomics)  693417K->8905K(1033216K), 0.0144058 secs]
206.545: Total time for which application threads were stopped: 0.0201144 seconds, Stopping threads took: 0.0000196 seconds
206.615: [GC (Allocation Failure)  328393K->17612K(1033728K), 0.0038859 secs]
206.619: Total time for which application threads were stopped: 0.0040316 seconds, Stopping threads took: 0.0000161 seconds
206.688: [GC (Allocation Failure)  337100K->17652K(1033728K), 0.0037049 secs]
206.692: Total time for which application threads were stopped: 0.0038724 seconds, Stopping threads took: 0.0000254 seconds
206.757: [GC (Allocation Failure)  337140K->17788K(1033728K), 0.0040282 secs]
206.761: Total time for which application threads were stopped: 0.0041941 seconds, Stopping threads took: 0.0000260 seconds
206.829: [GC (Allocation Failure)  337276K->25694K(1032704K), 0.0036322 secs]
206.833: Total time for which application threads were stopped: 0.0038014 seconds, Stopping threads took: 0.0000203 seconds
206.898: [GC (Allocation Failure)  344158K->25694K(1033216K), 0.0036263 secs]
206.902: Total time for which application threads were stopped: 0.0038056 seconds, Stopping threads took: 0.0000195 seconds
206.970: [GC (Allocation Failure)  344158K->25726K(1033216K), 0.0039809 secs]
206.974: Total time for which application threads were stopped: 0.0041693 seconds, Stopping threads took: 0.0000277 seconds
207.042: [GC (Allocation Failure)  344190K->33696K(1033216K), 0.0037627 secs]
207.046: Total time for which application threads were stopped: 0.0039230 seconds, Stopping threads took: 0.0000165 seconds
207.113: [GC (Allocation Failure)  352160K->26078K(1033216K), 0.0009343 secs]
207.114: Total time for which application threads were stopped: 0.0010653 seconds, Stopping threads took: 0.0000197 seconds
207.182: [GC (Allocation Failure)  344542K->33952K(1033216K), 0.0038514 secs]
207.186: Total time for which application threads were stopped: 0.0040258 seconds, Stopping threads took: 0.0000283 seconds
207.252: [GC (Allocation Failure)  352416K->37880K(1033216K), 0.0049998 secs]
207.257: Total time for which application threads were stopped: 0.0051979 seconds, Stopping threads took: 0.0000388 seconds
207.323: [GC (Allocation Failure)  356344K->38614K(1033216K), 0.0043307 secs]
207.328: Total time for which application threads were stopped: 0.0045248 seconds, Stopping threads took: 0.0000191 seconds
207.397: [GC (Allocation Failure)  357078K->38072K(1033216K), 0.0040443 secs]
207.402: Total time for which application threads were stopped: 0.0041942 seconds, Stopping threads took: 0.0000170 seconds
207.469: [GC (Allocation Failure)  356536K->37848K(1033216K), 0.0038308 secs]
207.473: Total time for which application threads were stopped: 0.0039902 seconds, Stopping threads took: 0.0000192 seconds
207.540: [GC (Allocation Failure)  356312K->30614K(1033216K), 0.0008595 secs]
207.540: Total time for which application threads were stopped: 0.0009879 seconds, Stopping threads took: 0.0000265 seconds
207.606: [GC (Allocation Failure)  349078K->37976K(1033216K), 0.0040538 secs]
207.610: Total time for which application threads were stopped: 0.0042152 seconds, Stopping threads took: 0.0000194 seconds
207.677: [GC (Allocation Failure)  356440K->37880K(1033216K), 0.0036647 secs]
207.681: Total time for which application threads were stopped: 0.0038584 seconds, Stopping threads took: 0.0000197 seconds
207.749: [GC (Allocation Failure)  356344K->38872K(1033216K), 0.0038790 secs]
207.753: Total time for which application threads were stopped: 0.0040271 seconds, Stopping threads took: 0.0000170 seconds
207.819: [GC (Allocation Failure)  357336K->45947K(1033216K), 0.0039253 secs]
207.823: Total time for which application threads were stopped: 0.0040939 seconds, Stopping threads took: 0.0000202 seconds
207.891: [GC (Allocation Failure)  364411K->45915K(1033216K), 0.0038917 secs]
207.895: Total time for which application threads were stopped: 0.0040710 seconds, Stopping threads took: 0.0000202 seconds
207.961: [GC (Allocation Failure)  364379K->47131K(1033728K), 0.0040819 secs]
207.965: Total time for which application threads were stopped: 0.0042445 seconds, Stopping threads took: 0.0000197 seconds
208.033: [GC (Allocation Failure)  366619K->53917K(1033728K), 0.0038654 secs]
208.037: Total time for which application threads were stopped: 0.0040731 seconds, Stopping threads took: 0.0000201 seconds
208.105: [GC (Allocation Failure)  373405K->53917K(1033728K), 0.0042131 secs]
208.109: Total time for which application threads were stopped: 0.0043837 seconds, Stopping threads took: 0.0000270 seconds
208.176: [GC (Allocation Failure)  373405K->54333K(1033728K), 0.0039383 secs]
208.180: Total time for which application threads were stopped: 0.0041159 seconds, Stopping threads took: 0.0000194 seconds
208.249: [GC (Allocation Failure)  373821K->61951K(1033728K), 0.0038758 secs]
208.253: Total time for which application threads were stopped: 0.0040245 seconds, Stopping threads took: 0.0000168 seconds
208.319: [GC (Allocation Failure)  381439K->61951K(1033728K), 0.0037712 secs]
208.323: Total time for which application threads were stopped: 0.0039433 seconds, Stopping threads took: 0.0000199 seconds
208.389: [GC (Allocation Failure)  381439K->65631K(1034240K), 0.0047661 secs]
208.394: Total time for which application threads were stopped: 0.0049387 seconds, Stopping threads took: 0.0000203 seconds
208.462: [GC (Allocation Failure)  385631K->70017K(1033728K), 0.0038246 secs]
208.465: Total time for which application threads were stopped: 0.0039729 seconds, Stopping threads took: 0.0000171 seconds
208.535: [GC (Allocation Failure)  390017K->70017K(1034240K), 0.0039672 secs]
208.539: Total time for which application threads were stopped: 0.0041449 seconds, Stopping threads took: 0.0000199 seconds
208.607: [GC (Allocation Failure)  390529K->70785K(1034240K), 0.0041408 secs]
208.611: Total time for which application threads were stopped: 0.0043135 seconds, Stopping threads took: 0.0000201 seconds
208.679: [GC (Allocation Failure)  391297K->78116K(1033216K), 0.0039471 secs]
208.683: Total time for which application threads were stopped: 0.0041333 seconds, Stopping threads took: 0.0000254 seconds
208.751: [GC (Allocation Failure)  397604K->78020K(1033728K), 0.0040617 secs]
208.755: Total time for which application threads were stopped: 0.0042400 seconds, Stopping threads took: 0.0000268 seconds
208.822: [GC (Allocation Failure)  397508K->79044K(1033216K), 0.0042874 secs]
208.827: Total time for which application threads were stopped: 0.0044588 seconds, Stopping threads took: 0.0000201 seconds
208.893: [GC (Allocation Failure)  398532K->86086K(1033728K), 0.0040174 secs]
208.897: Total time for which application threads were stopped: 0.0042044 seconds, Stopping threads took: 0.0000253 seconds
208.964: [GC (Allocation Failure)  405574K->86054K(1033728K), 0.0038214 secs]
208.968: Total time for which application threads were stopped: 0.0039932 seconds, Stopping threads took: 0.0000204 seconds
209.033: [GC (Allocation Failure)  405542K->86246K(1033728K), 0.0039159 secs]
209.037: Total time for which application threads were stopped: 0.0041141 seconds, Stopping threads took: 0.0000215 seconds
209.107: [GC (Allocation Failure)  405734K->94152K(1033728K), 0.0041072 secs]
209.111: Total time for which application threads were stopped: 0.0042565 seconds, Stopping threads took: 0.0000169 seconds
209.180: [GC (Allocation Failure)  413640K->94120K(1033728K), 0.0040187 secs]
209.184: Total time for which application threads were stopped: 0.0041795 seconds, Stopping threads took: 0.0000201 seconds
209.252: [GC (Allocation Failure)  413608K->94504K(1033728K), 0.0041665 secs]
209.256: Total time for which application threads were stopped: 0.0043431 seconds, Stopping threads took: 0.0000194 seconds
209.324: [GC (Allocation Failure)  413992K->102186K(1033728K), 0.0038207 secs]
209.328: Total time for which application threads were stopped: 0.0039898 seconds, Stopping threads took: 0.0000198 seconds
209.396: [GC (Allocation Failure)  421674K->102122K(1033728K), 0.0040240 secs]
209.400: Total time for which application threads were stopped: 0.0042336 seconds, Stopping threads took: 0.0000225 seconds
209.467: [GC (Allocation Failure)  421610K->102730K(1033728K), 0.0043730 secs]
209.471: Total time for which application threads were stopped: 0.0045385 seconds, Stopping threads took: 0.0000192 seconds
209.539: [GC (Allocation Failure)  422218K->110221K(1033728K), 0.0041064 secs]
209.543: Total time for which application threads were stopped: 0.0042683 seconds, Stopping threads took: 0.0000196 seconds
209.610: [GC (Allocation Failure)  429709K->110157K(1033728K), 0.0039089 secs]
209.614: Total time for which application threads were stopped: 0.0040650 seconds, Stopping threads took: 0.0000193 seconds
209.679: [GC (Allocation Failure)  429645K->111973K(1033728K), 0.0044064 secs]
209.683: Total time for which application threads were stopped: 0.0045763 seconds, Stopping threads took: 0.0000274 seconds
209.749: [GC (Allocation Failure)  431461K->118215K(1033728K), 0.0040679 secs]
209.753: Total time for which application threads were stopped: 0.0042306 seconds, Stopping threads took: 0.0000208 seconds
209.822: [GC (Allocation Failure)  437703K->118183K(1033728K), 0.0039891 secs]
209.827: Total time for which application threads were stopped: 0.0041653 seconds, Stopping threads took: 0.0000197 seconds
209.892: [GC (Allocation Failure)  437671K->119167K(1033728K), 0.0046536 secs]
209.897: Total time for which application threads were stopped: 0.0048241 seconds, Stopping threads took: 0.0000201 seconds
209.963: [GC (Allocation Failure)  438655K->126273K(1033728K), 0.0053673 secs]
209.968: Total time for which application threads were stopped: 0.0055462 seconds, Stopping threads took: 0.0000209 seconds
210.036: [GC (Allocation Failure)  445761K->126209K(1033728K), 0.0052411 secs]
210.041: Total time for which application threads were stopped: 0.0054210 seconds, Stopping threads took: 0.0000217 seconds
210.106: [GC (Allocation Failure)  445697K->126377K(1033728K), 0.0041579 secs]
210.111: Total time for which application threads were stopped: 0.0043423 seconds, Stopping threads took: 0.0000220 seconds
210.178: [GC (Allocation Failure)  445865K->134347K(1033728K), 0.0040324 secs]
210.182: Total time for which application threads were stopped: 0.0042331 seconds, Stopping threads took: 0.0000271 seconds
210.252: [GC (Allocation Failure)  453835K->134283K(1033728K), 0.0039809 secs]
210.256: Total time for which application threads were stopped: 0.0041540 seconds, Stopping threads took: 0.0000197 seconds
210.321: [GC (Allocation Failure)  453771K->134603K(1033728K), 0.0041827 secs]
210.326: Total time for which application threads were stopped: 0.0043749 seconds, Stopping threads took: 0.0000196 seconds
210.394: [GC (Allocation Failure)  454091K->142350K(1032704K), 0.0040161 secs]
210.399: Total time for which application threads were stopped: 0.0041662 seconds, Stopping threads took: 0.0000165 seconds
210.466: [GC (Allocation Failure)  460814K->142286K(1033216K), 0.0040986 secs]
210.470: Total time for which application threads were stopped: 0.0042686 seconds, Stopping threads took: 0.0000191 seconds
210.536: [GC (Allocation Failure)  460750K->142862K(1033216K), 0.0043216 secs]
210.540: Total time for which application threads were stopped: 0.0044870 seconds, Stopping threads took: 0.0000188 seconds
210.609: [GC (Allocation Failure)  461326K->150352K(1033216K), 0.0039296 secs]
210.613: Total time for which application threads were stopped: 0.0040961 seconds, Stopping threads took: 0.0000196 seconds
210.678: [GC (Allocation Failure)  468816K->150320K(1033216K), 0.0041750 secs]
210.682: Total time for which application threads were stopped: 0.0043461 seconds, Stopping threads took: 0.0000195 seconds
210.749: [GC (Allocation Failure)  468784K->151080K(1033216K), 0.0039917 secs]
210.753: Total time for which application threads were stopped: 0.0041855 seconds, Stopping threads took: 0.0000192 seconds
210.822: [GC (Allocation Failure)  469544K->158378K(1033216K), 0.0041425 secs]
210.826: Total time for which application threads were stopped: 0.0043355 seconds, Stopping threads took: 0.0000190 seconds
210.894: [GC (Allocation Failure)  476842K->158314K(1033216K), 0.0039594 secs]
210.898: Total time for which application threads were stopped: 0.0041106 seconds, Stopping threads took: 0.0000168 seconds
210.962: [GC (Allocation Failure)  476778K->159298K(1033728K), 0.0043896 secs]
210.967: Total time for which application threads were stopped: 0.0045625 seconds, Stopping threads took: 0.0000197 seconds
211.035: [GC (Allocation Failure)  478274K->166405K(1033216K), 0.0040984 secs]
211.040: Total time for which application threads were stopped: 0.0042616 seconds, Stopping threads took: 0.0000200 seconds
211.107: [GC (Allocation Failure)  485381K->166373K(1033728K), 0.0054589 secs]
211.113: Total time for which application threads were stopped: 0.0056204 seconds, Stopping threads took: 0.0000203 seconds
211.181: [GC (Allocation Failure)  485349K->167045K(1033216K), 0.0041997 secs]
211.185: Total time for which application threads were stopped: 0.0043891 seconds, Stopping threads took: 0.0000190 seconds
211.255: [GC (Allocation Failure)  486021K->174471K(1032704K), 0.0042219 secs]
211.259: Total time for which application threads were stopped: 0.0043787 seconds, Stopping threads took: 0.0000193 seconds
211.327: [GC (Allocation Failure)  492935K->174439K(1033216K), 0.0041192 secs]
211.331: Total time for which application threads were stopped: 0.0042792 seconds, Stopping threads took: 0.0000185 seconds
211.396: [GC (Allocation Failure)  492903K->174759K(1033216K), 0.0041718 secs]
211.400: Total time for which application threads were stopped: 0.0043425 seconds, Stopping threads took: 0.0000192 seconds
211.467: [GC (Allocation Failure)  493223K->182409K(1033216K), 0.0041860 secs]
211.471: Total time for which application threads were stopped: 0.0043605 seconds, Stopping threads took: 0.0000252 seconds
211.537: [GC (Allocation Failure)  500873K->182441K(1033216K), 0.0041026 secs]
211.541: Total time for which application threads were stopped: 0.0042599 seconds, Stopping threads took: 0.0000199 seconds
211.607: [GC (Allocation Failure)  500905K->182985K(1033216K), 0.0040460 secs]
211.611: Total time for which application threads were stopped: 0.0042392 seconds, Stopping threads took: 0.0000197 seconds
211.681: [GC (Allocation Failure)  501449K->190475K(1033216K), 0.0041143 secs]
211.685: Total time for which application threads were stopped: 0.0042826 seconds, Stopping threads took: 0.0000265 seconds
211.751: [GC (Allocation Failure)  508939K->190475K(1033216K), 0.0042573 secs]
211.755: Total time for which application threads were stopped: 0.0044176 seconds, Stopping threads took: 0.0000195 seconds
211.820: [GC (Allocation Failure)  508939K->190691K(1033216K), 0.0068848 secs]
211.827: Total time for which application threads were stopped: 0.0070693 seconds, Stopping threads took: 0.0000196 seconds
211.895: [GC (Allocation Failure)  509155K->198534K(1033216K), 0.0042784 secs]
211.899: Total time for which application threads were stopped: 0.0044460 seconds, Stopping threads took: 0.0000194 seconds
211.966: [GC (Allocation Failure)  516998K->198502K(1033216K), 0.0040665 secs]
211.971: Total time for which application threads were stopped: 0.0043758 seconds, Stopping threads took: 0.0000194 seconds
212.036: [GC (Allocation Failure)  516966K->198566K(1033216K), 0.0043763 secs]
212.040: Total time for which application threads were stopped: 0.0045401 seconds, Stopping threads took: 0.0000203 seconds
212.106: [GC (Allocation Failure)  517030K->206536K(1033216K), 0.0048886 secs]
212.111: Total time for which application threads were stopped: 0.0050675 seconds, Stopping threads took: 0.0000197 seconds
212.178: [GC (Allocation Failure)  525000K->206568K(1033216K), 0.0040681 secs]
212.182: Total time for which application threads were stopped: 0.0042396 seconds, Stopping threads took: 0.0000259 seconds
212.250: [GC (Allocation Failure)  525032K->206696K(1033216K), 0.0040401 secs]
212.254: Total time for which application threads were stopped: 0.0043478 seconds, Stopping threads took: 0.0000196 seconds
212.322: [GC (Allocation Failure)  525160K->214538K(1033216K), 0.0040400 secs]
212.326: Total time for which application threads were stopped: 0.0042346 seconds, Stopping threads took: 0.0000189 seconds
212.392: [GC (Allocation Failure)  533002K->210344K(1033728K), 0.0027983 secs]
212.394: Total time for which application threads were stopped: 0.0029490 seconds, Stopping threads took: 0.0000164 seconds
212.461: [GC (Allocation Failure)  529320K->214666K(1033216K), 0.0042773 secs]
212.465: Total time for which application threads were stopped: 0.0044271 seconds, Stopping threads took: 0.0000173 seconds
212.533: [GC (Allocation Failure)  533642K->218738K(1033728K), 0.0040495 secs]
212.537: Total time for which application threads were stopped: 0.0042237 seconds, Stopping threads took: 0.0000209 seconds
212.604: [GC (Allocation Failure)  539250K->225920K(1034240K), 0.0100117 secs]
212.614: Total time for which application threads were stopped: 0.0101757 seconds, Stopping threads took: 0.0000253 seconds
212.682: [GC (Allocation Failure)  546432K->219906K(1030144K), 0.0040388 secs]
212.686: Total time for which application threads were stopped: 0.0042265 seconds, Stopping threads took: 0.0000276 seconds
212.752: [GC (Allocation Failure)  536322K->219650K(1032192K), 0.0041627 secs]
212.756: Total time for which application threads were stopped: 0.0043304 seconds, Stopping threads took: 0.0000198 seconds
212.821: [GC (Allocation Failure)  536066K->216864K(1033216K), 0.0030736 secs]
212.825: Total time for which application threads were stopped: 0.0032372 seconds, Stopping threads took: 0.0000195 seconds
212.892: [GC (Allocation Failure)  534304K->219842K(1032192K), 0.0042638 secs]
212.896: Total time for which application threads were stopped: 0.0044537 seconds, Stopping threads took: 0.0000197 seconds
212.965: [GC (Allocation Failure)  537282K->219650K(1033728K), 0.0041830 secs]
212.970: Total time for which application threads were stopped: 0.0043344 seconds, Stopping threads took: 0.0000166 seconds
213.036: [GC (Allocation Failure)  538626K->223562K(1033216K), 0.0053312 secs]
213.042: Total time for which application threads were stopped: 0.0054967 seconds, Stopping threads took: 0.0000196 seconds
213.109: [GC (Allocation Failure)  542538K->227820K(1034240K), 0.0040236 secs]
213.114: Total time for which application threads were stopped: 0.0041969 seconds, Stopping threads took: 0.0000203 seconds
213.182: [GC (Allocation Failure)  547820K->227692K(1033728K), 0.0040625 secs]
213.186: Total time for which application threads were stopped: 0.0042213 seconds, Stopping threads took: 0.0000266 seconds
213.252: [GC (Allocation Failure)  547692K->231300K(1034752K), 0.0050562 secs]
213.257: Total time for which application threads were stopped: 0.0052074 seconds, Stopping threads took: 0.0000171 seconds
213.325: [GC (Allocation Failure)  552324K->235783K(1034240K), 0.0043691 secs]
213.329: Total time for which application threads were stopped: 0.0045388 seconds, Stopping threads took: 0.0000201 seconds
213.397: [GC (Allocation Failure)  556807K->235719K(1034752K), 0.0040723 secs]
213.401: Total time for which application threads were stopped: 0.0042528 seconds, Stopping threads took: 0.0000198 seconds
213.468: [GC (Allocation Failure)  557255K->239527K(1034752K), 0.0052303 secs]
213.473: Total time for which application threads were stopped: 0.0054209 seconds, Stopping threads took: 0.0000214 seconds
213.541: [GC (Allocation Failure)  561063K->243785K(1035264K), 0.0042325 secs]
213.546: Total time for which application threads were stopped: 0.0044232 seconds, Stopping threads took: 0.0000212 seconds
213.616: [GC (Allocation Failure)  566345K->243753K(1035264K), 0.0043171 secs]
213.620: Total time for which application threads were stopped: 0.0044914 seconds, Stopping threads took: 0.0000204 seconds
213.689: [GC (Allocation Failure)  566313K->246729K(1035264K), 0.0047328 secs]
213.694: Total time for which application threads were stopped: 0.0049070 seconds, Stopping threads took: 0.0000279 seconds
213.762: [GC (Allocation Failure)  569289K->251819K(1035264K), 0.0043382 secs]
213.766: Total time for which application threads were stopped: 0.0045157 seconds, Stopping threads took: 0.0000267 seconds
213.835: [GC (Allocation Failure)  574379K->251787K(1035264K), 0.0042751 secs]
213.839: Total time for which application threads were stopped: 0.0044433 seconds, Stopping threads took: 0.0000200 seconds
213.907: [GC (Allocation Failure)  574347K->254915K(1035264K), 0.0050520 secs]
213.912: Total time for which application threads were stopped: 0.0052086 seconds, Stopping threads took: 0.0000188 seconds
213.979: [GC (Allocation Failure)  577475K->259909K(1035264K), 0.0050558 secs]
213.984: Total time for which application threads were stopped: 0.0052217 seconds, Stopping threads took: 0.0000189 seconds
214.051: [GC (Allocation Failure)  582469K->259813K(1035264K), 0.0043664 secs]
214.055: Total time for which application threads were stopped: 0.0045256 seconds, Stopping threads took: 0.0000196 seconds
214.124: [GC (Allocation Failure)  582373K->255107K(1035776K), 0.0024567 secs]
214.127: Total time for which application threads were stopped: 0.0026119 seconds, Stopping threads took: 0.0000191 seconds
214.196: [GC (Allocation Failure)  578179K->259845K(1035264K), 0.0048950 secs]
214.201: Total time for which application threads were stopped: 0.0050654 seconds, Stopping threads took: 0.0000235 seconds
214.269: [GC (Allocation Failure)  582917K->259813K(1035776K), 0.0042644 secs]
214.274: Total time for which application threads were stopped: 0.0044338 seconds, Stopping threads took: 0.0000197 seconds
214.339: [GC (Allocation Failure)  583397K->261411K(1032704K), 0.0051613 secs]
214.345: Total time for which application threads were stopped: 0.0053325 seconds, Stopping threads took: 0.0000199 seconds
214.413: [GC (Allocation Failure)  584995K->260037K(1035264K), 0.0043532 secs]
214.417: Total time for which application threads were stopped: 0.0045365 seconds, Stopping threads took: 0.0000206 seconds
214.485: [GC (Allocation Failure)  582597K->259845K(1035264K), 0.0041570 secs]
214.490: Total time for which application threads were stopped: 0.0043301 seconds, Stopping threads took: 0.0000210 seconds
214.559: [GC (Allocation Failure)  582405K->266723K(1031168K), 0.0076809 secs]
214.566: Total time for which application threads were stopped: 0.0078410 seconds, Stopping threads took: 0.0000191 seconds
214.634: [GC (Allocation Failure)  585187K->261669K(1033216K), 0.0043699 secs]
214.638: Total time for which application threads were stopped: 0.0045309 seconds, Stopping threads took: 0.0000191 seconds
214.706: [GC (Allocation Failure)  580133K->261509K(1034240K), 0.0042916 secs]
214.710: Total time for which application threads were stopped: 0.0044509 seconds, Stopping threads took: 0.0000198 seconds
214.775: [GC (Allocation Failure)  581509K->261987K(1033728K), 0.0046560 secs]
214.780: Total time for which application threads were stopped: 0.0048161 seconds, Stopping threads took: 0.0000195 seconds
214.849: [GC (Allocation Failure)  581987K->261637K(1035264K), 0.0065085 secs]
214.856: Total time for which application threads were stopped: 0.0066776 seconds, Stopping threads took: 0.0000193 seconds
214.925: [GC (Allocation Failure)  583685K->261477K(1034752K), 0.0041351 secs]
214.929: Total time for which application threads were stopped: 0.0043293 seconds, Stopping threads took: 0.0000195 seconds
214.997: [GC (Allocation Failure)  583525K->262659K(1035776K), 0.0048771 secs]
215.002: Total time for which application threads were stopped: 0.0050565 seconds, Stopping threads took: 0.0000196 seconds
215.070: [GC (Allocation Failure)  586243K->261541K(1035776K), 0.0044908 secs]
215.075: Total time for which application threads were stopped: 0.0046621 seconds, Stopping threads took: 0.0000193 seconds
215.143: [GC (Allocation Failure)  585125K->261477K(1036800K), 0.0043810 secs]
215.148: Total time for which application threads were stopped: 0.0045509 seconds, Stopping threads took: 0.0000192 seconds
215.215: [GC (Allocation Failure)  586597K->255171K(1026560K), 0.0016426 secs]
215.216: Total time for which application threads were stopped: 0.0017657 seconds, Stopping threads took: 0.0000133 seconds
215.285: [GC (Allocation Failure)  580291K->261565K(1036288K), 0.0043385 secs]
215.289: Total time for which application threads were stopped: 0.0045053 seconds, Stopping threads took: 0.0000195 seconds
215.357: [GC (Allocation Failure)  585661K->265629K(1035776K), 0.0048745 secs]
215.362: Total time for which application threads were stopped: 0.0050456 seconds, Stopping threads took: 0.0000209 seconds
215.431: [GC (Allocation Failure)  589725K->265629K(1036800K), 0.0040339 secs]
215.435: Total time for which application threads were stopped: 0.0042067 seconds, Stopping threads took: 0.0000199 seconds
215.501: [GC (Allocation Failure)  590749K->266141K(1025536K), 0.0045012 secs]
215.506: Total time for which application threads were stopped: 0.0046644 seconds, Stopping threads took: 0.0000203 seconds
215.575: [GC (Allocation Failure)  591261K->273696K(1035776K), 0.0044809 secs]
215.580: Total time for which application threads were stopped: 0.0046613 seconds, Stopping threads took: 0.0000203 seconds
215.650: [GC (Allocation Failure)  597280K->273664K(1035776K), 0.0041743 secs]
215.654: Total time for which application threads were stopped: 0.0043342 seconds, Stopping threads took: 0.0000259 seconds
215.723: [GC (Allocation Failure)  597248K->273896K(1034240K), 0.0041641 secs]
215.727: Total time for which application threads were stopped: 0.0043337 seconds, Stopping threads took: 0.0000196 seconds
215.795: [GC (Allocation Failure)  596456K->281706K(1035264K), 0.0041783 secs]
215.799: Total time for which application threads were stopped: 0.0043400 seconds, Stopping threads took: 0.0000192 seconds
215.866: [GC (Allocation Failure)  604266K->281674K(1035776K), 0.0043478 secs]
215.871: Total time for which application threads were stopped: 0.0045129 seconds, Stopping threads took: 0.0000201 seconds
215.938: [GC (Allocation Failure)  604746K->281874K(1035264K), 0.0057451 secs]
215.944: Total time for which application threads were stopped: 0.0059068 seconds, Stopping threads took: 0.0000198 seconds
216.012: [GC (Allocation Failure)  604946K->289780K(1035264K), 0.0046541 secs]
216.017: Total time for which application threads were stopped: 0.0048339 seconds, Stopping threads took: 0.0000206 seconds
216.084: [GC (Allocation Failure)  612340K->289748K(1035264K), 0.0045174 secs]
216.088: Total time for which application threads were stopped: 0.0046873 seconds, Stopping threads took: 0.0000202 seconds
216.155: [GC (Allocation Failure)  612308K->289836K(1034240K), 0.0045277 secs]
216.160: Total time for which application threads were stopped: 0.0047115 seconds, Stopping threads took: 0.0000263 seconds
216.230: [GC (Allocation Failure)  611372K->297774K(1034752K), 0.0042056 secs]
216.235: Total time for which application threads were stopped: 0.0043759 seconds, Stopping threads took: 0.0000200 seconds
216.303: [GC (Allocation Failure)  619310K->297774K(1034752K), 0.0044294 secs]
216.308: Total time for which application threads were stopped: 0.0046001 seconds, Stopping threads took: 0.0000206 seconds
216.373: [GC (Allocation Failure)  619310K->297830K(1021440K), 0.0045005 secs]
216.378: Total time for which application threads were stopped: 0.0046808 seconds, Stopping threads took: 0.0000199 seconds
216.444: [GC (Allocation Failure)  619366K->305833K(1034240K), 0.0042049 secs]
216.449: Total time for which application threads were stopped: 0.0043848 seconds, Stopping threads took: 0.0000374 seconds
216.516: [GC (Allocation Failure)  626345K->305833K(1034240K), 0.0043487 secs]
216.520: Total time for which application threads were stopped: 0.0045422 seconds, Stopping threads took: 0.0000196 seconds
216.589: [GC (Allocation Failure)  626345K->305865K(1034240K), 0.0044201 secs]
216.593: Total time for which application threads were stopped: 0.0045801 seconds, Stopping threads took: 0.0000199 seconds
216.661: [GC (Allocation Failure)  626377K->313867K(1028096K), 0.0042161 secs]
216.666: Total time for which application threads were stopped: 0.0043910 seconds, Stopping threads took: 0.0000276 seconds
216.734: [GC (Allocation Failure)  634379K->313867K(1033728K), 0.0041207 secs]
216.738: Total time for which application threads were stopped: 0.0042785 seconds, Stopping threads took: 0.0000198 seconds
216.804: [GC (Allocation Failure)  633355K->314027K(1033728K), 0.0046206 secs]
216.809: Total time for which application threads were stopped: 0.0047816 seconds, Stopping threads took: 0.0000192 seconds
216.876: [GC (Allocation Failure)  633515K->321869K(1033728K), 0.0042770 secs]
216.881: Total time for which application threads were stopped: 0.0044498 seconds, Stopping threads took: 0.0000195 seconds
216.948: [GC (Allocation Failure)  641357K->321901K(1033728K), 0.0044672 secs]
216.952: Total time for which application threads were stopped: 0.0046294 seconds, Stopping threads took: 0.0000200 seconds
217.020: [GC (Allocation Failure)  641389K->322277K(1033728K), 0.0044408 secs]
217.025: Total time for which application threads were stopped: 0.0046344 seconds, Stopping threads took: 0.0000198 seconds
217.094: [GC (Allocation Failure)  641765K->329896K(1033728K), 0.0041711 secs]
217.099: Total time for which application threads were stopped: 0.0043293 seconds, Stopping threads took: 0.0000167 seconds
217.166: [GC (Allocation Failure)  649384K->329896K(1033728K), 0.0043731 secs]
217.171: Total time for which application threads were stopped: 0.0045474 seconds, Stopping threads took: 0.0000268 seconds
217.239: [GC (Allocation Failure)  649384K->329960K(1033728K), 0.0042428 secs]
217.243: Total time for which application threads were stopped: 0.0044053 seconds, Stopping threads took: 0.0000193 seconds
217.311: [GC (Allocation Failure)  649448K->337962K(1032704K), 0.0044017 secs]
217.315: Total time for which application threads were stopped: 0.0045623 seconds, Stopping threads took: 0.0000256 seconds
217.383: [GC (Allocation Failure)  656426K->337898K(1033216K), 0.0041944 secs]
217.387: Total time for which application threads were stopped: 0.0043740 seconds, Stopping threads took: 0.0000196 seconds
217.452: [GC (Allocation Failure)  656362K->338218K(1033216K), 0.0046405 secs]
217.457: Total time for which application threads were stopped: 0.0048019 seconds, Stopping threads took: 0.0000193 seconds
217.524: [GC (Allocation Failure)  656682K->345932K(1033216K), 0.0043741 secs]
217.528: Total time for which application threads were stopped: 0.0045499 seconds, Stopping threads took: 0.0000202 seconds
217.594: [GC (Allocation Failure)  664396K->345996K(1033216K), 0.0044579 secs]
217.598: Total time for which application threads were stopped: 0.0046286 seconds, Stopping threads took: 0.0000207 seconds
217.664: [GC (Allocation Failure)  664460K->346220K(1033216K), 0.0045994 secs]
217.669: Total time for which application threads were stopped: 0.0047651 seconds, Stopping threads took: 0.0000248 seconds
217.737: [GC (Allocation Failure)  664684K->354030K(1033216K), 0.0045644 secs]
217.741: Total time for which application threads were stopped: 0.0047643 seconds, Stopping threads took: 0.0000282 seconds
217.808: [GC (Allocation Failure)  672494K->347532K(1033216K), 0.0019363 secs]
217.810: Total time for which application threads were stopped: 0.0020652 seconds, Stopping threads took: 0.0000163 seconds
217.880: [GC (Allocation Failure)  665996K->354142K(1033728K), 0.0044524 secs]
217.884: Total time for which application threads were stopped: 0.0046360 seconds, Stopping threads took: 0.0000191 seconds
217.952: [GC (Allocation Failure)  673630K->358150K(1033728K), 0.0051012 secs]
217.957: Total time for which application threads were stopped: 0.0052718 seconds, Stopping threads took: 0.0000198 seconds
218.024: [GC (Allocation Failure)  677638K->362180K(1030656K), 0.0060920 secs]
218.030: Total time for which application threads were stopped: 0.0062680 seconds, Stopping threads took: 0.0000201 seconds
218.095: [GC (Allocation Failure)  678596K->358246K(1032192K), 0.0044919 secs]
218.100: Total time for which application threads were stopped: 0.0046700 seconds, Stopping threads took: 0.0000211 seconds
218.167: [GC (Allocation Failure)  674662K->358150K(1032704K), 0.0043487 secs]
218.171: Total time for which application threads were stopped: 0.0045069 seconds, Stopping threads took: 0.0000272 seconds
218.238: [GC (Allocation Failure)  675590K->361190K(1032704K), 0.0049757 secs]
218.243: Total time for which application threads were stopped: 0.0051688 seconds, Stopping threads took: 0.0000194 seconds
218.311: [GC (Allocation Failure)  678630K->366217K(1033216K), 0.0045701 secs]
218.316: Total time for which application threads were stopped: 0.0047295 seconds, Stopping threads took: 0.0000169 seconds
218.382: [GC (Allocation Failure)  684681K->366185K(1033216K), 0.0045858 secs]
218.387: Total time for which application threads were stopped: 0.0047615 seconds, Stopping threads took: 0.0000239 seconds
218.453: [GC (Allocation Failure)  684649K->368425K(1033728K), 0.0048163 secs]
218.458: Total time for which application threads were stopped: 0.0049964 seconds, Stopping threads took: 0.0000196 seconds
218.525: [GC (Allocation Failure)  687913K->374251K(1033728K), 0.0044420 secs]
218.529: Total time for which application threads were stopped: 0.0046040 seconds, Stopping threads took: 0.0000198 seconds
218.597: [GC (Allocation Failure)  693739K->374251K(1034240K), 0.0043587 secs]
218.601: Total time for which application threads were stopped: 0.0045628 seconds, Stopping threads took: 0.0000192 seconds
218.669: [GC (Allocation Failure)  694251K->376171K(1033728K), 0.0046818 secs]
218.673: Total time for which application threads were stopped: 0.0048512 seconds, Stopping threads took: 0.0000282 seconds
218.741: [GC (Allocation Failure)  696171K->382285K(1034240K), 0.0052979 secs]
218.747: Total time for which application threads were stopped: 0.0054720 seconds, Stopping threads took: 0.0000276 seconds
218.813: [GC (Allocation Failure)  702797K->382253K(1034240K), 0.0044937 secs]
218.818: Total time for which application threads were stopped: 0.0046618 seconds, Stopping threads took: 0.0000192 seconds
218.885: [GC (Allocation Failure)  702765K->385901K(1034752K), 0.0055303 secs]
218.890: Total time for which application threads were stopped: 0.0057318 seconds, Stopping threads took: 0.0000184 seconds
218.957: [GC (Allocation Failure)  706925K->390415K(1034240K), 0.0049895 secs]
218.963: Total time for which application threads were stopped: 0.0051500 seconds, Stopping threads took: 0.0000196 seconds
219.029: [GC (Allocation Failure)  711439K->390319K(1034752K), 0.0045036 secs]
219.034: Total time for which application threads were stopped: 0.0046735 seconds, Stopping threads took: 0.0000196 seconds
219.103: [GC (Allocation Failure)  711855K->394151K(1034752K), 0.0054685 secs]
219.109: Total time for which application threads were stopped: 0.0056490 seconds, Stopping threads took: 0.0000191 seconds
219.177: [GC (Allocation Failure)  715687K->398378K(1034752K), 0.0044623 secs]
219.182: Total time for which application threads were stopped: 0.0046234 seconds, Stopping threads took: 0.0000197 seconds
219.251: [GC (Allocation Failure)  719914K->398346K(1034752K), 0.0043814 secs]
219.256: Total time for which application threads were stopped: 0.0045509 seconds, Stopping threads took: 0.0000199 seconds
219.322: [GC (Allocation Failure)  719882K->399274K(1034240K), 0.0046640 secs]
219.327: Total time for which application threads were stopped: 0.0048280 seconds, Stopping threads took: 0.0000266 seconds
219.395: [GC (Allocation Failure)  720810K->406348K(1034752K), 0.0043829 secs]
219.400: Total time for which application threads were stopped: 0.0045421 seconds, Stopping threads took: 0.0000193 seconds
219.468: [GC (Allocation Failure)  727884K->406348K(1034752K), 0.0044619 secs]
219.473: Total time for which application threads were stopped: 0.0046404 seconds, Stopping threads took: 0.0000196 seconds
219.540: [GC (Allocation Failure)  727884K->408556K(1034752K), 0.0052412 secs]
219.545: Total time for which application threads were stopped: 0.0054159 seconds, Stopping threads took: 0.0000192 seconds
219.613: [GC (Allocation Failure)  730092K->414414K(1034752K), 0.0064817 secs]
219.620: Total time for which application threads were stopped: 0.0066491 seconds, Stopping threads took: 0.0000193 seconds
219.687: [GC (Allocation Failure)  735950K->414382K(1034752K), 0.0045761 secs]
219.692: Total time for which application threads were stopped: 0.0047346 seconds, Stopping threads took: 0.0000189 seconds
219.757: [GC (Allocation Failure)  735918K->417798K(1035264K), 0.0054385 secs]
219.763: Total time for which application threads were stopped: 0.0056095 seconds, Stopping threads took: 0.0000190 seconds
219.831: [GC (Allocation Failure)  739846K->422440K(1034752K), 0.0043645 secs]
219.835: Total time for which application threads were stopped: 0.0045357 seconds, Stopping threads took: 0.0000208 seconds
219.903: [GC (Allocation Failure)  744488K->422376K(1035264K), 0.0042872 secs]
219.908: Total time for which application threads were stopped: 0.0044644 seconds, Stopping threads took: 0.0000202 seconds
219.974: [GC (Allocation Failure)  744936K->425032K(1035264K), 0.0050489 secs]
219.979: Total time for which application threads were stopped: 0.0052152 seconds, Stopping threads took: 0.0000211 seconds
220.046: [GC (Allocation Failure)  747592K->430507K(1035264K), 0.0045467 secs]
220.051: Total time for which application threads were stopped: 0.0047077 seconds, Stopping threads took: 0.0000200 seconds
220.119: [GC (Allocation Failure)  753067K->430443K(1035264K), 0.0047425 secs]
220.124: Total time for which application threads were stopped: 0.0049369 seconds, Stopping threads took: 0.0000194 seconds
220.192: [GC (Allocation Failure)  753003K->433259K(1035264K), 0.0060438 secs]
220.198: Total time for which application threads were stopped: 0.0061872 seconds, Stopping threads took: 0.0000145 seconds
220.267: [GC (Allocation Failure)  755819K->438541K(1035264K), 0.0044095 secs]
220.271: Total time for which application threads were stopped: 0.0045701 seconds, Stopping threads took: 0.0000179 seconds
220.339: [GC (Allocation Failure)  761101K->438477K(1035264K), 0.0047655 secs]
220.344: Total time for which application threads were stopped: 0.0049335 seconds, Stopping threads took: 0.0000193 seconds
220.411: [GC (Allocation Failure)  761037K->441509K(1035264K), 0.0053455 secs]
220.416: Total time for which application threads were stopped: 0.0055153 seconds, Stopping threads took: 0.0000202 seconds
220.484: [GC (Allocation Failure)  764069K->446727K(1035264K), 0.0045153 secs]
220.488: Total time for which application threads were stopped: 0.0046928 seconds, Stopping threads took: 0.0000196 seconds
220.556: [GC (Allocation Failure)  769287K->446503K(1035264K), 0.0047234 secs]
220.561: Total time for which application threads were stopped: 0.0049039 seconds, Stopping threads took: 0.0000328 seconds
220.628: [GC (Allocation Failure)  769063K->441701K(1035264K), 0.0028800 secs]
220.631: Total time for which application threads were stopped: 0.0030461 seconds, Stopping threads took: 0.0000269 seconds
220.702: [GC (Allocation Failure)  764261K->446727K(1035264K), 0.0046372 secs]
220.706: Total time for which application threads were stopped: 0.0048209 seconds, Stopping threads took: 0.0000263 seconds
220.775: [GC (Allocation Failure)  769287K->446503K(1035264K), 0.0044669 secs]
220.779: Total time for which application threads were stopped: 0.0046383 seconds, Stopping threads took: 0.0000205 seconds
220.846: [GC (Allocation Failure)  769063K->445989K(1035264K), 0.0045590 secs]
220.851: Total time for which application threads were stopped: 0.0047291 seconds, Stopping threads took: 0.0000194 seconds
220.919: [GC (Allocation Failure)  768549K->446695K(1035776K), 0.0046777 secs]
220.924: Total time for which application threads were stopped: 0.0048522 seconds, Stopping threads took: 0.0000208 seconds
220.992: [GC (Allocation Failure)  770279K->446503K(1035776K), 0.0047348 secs]
220.996: Total time for which application threads were stopped: 0.0049254 seconds, Stopping threads took: 0.0000208 seconds
221.062: [GC (Allocation Failure)  770087K->452293K(1031680K), 0.0075869 secs]
221.070: Total time for which application threads were stopped: 0.0077595 seconds, Stopping threads took: 0.0000215 seconds
221.137: [GC (Allocation Failure)  771781K->447623K(1033728K), 0.0045998 secs]
221.142: Total time for which application threads were stopped: 0.0047782 seconds, Stopping threads took: 0.0000248 seconds
221.212: [GC (Allocation Failure)  767111K->447591K(1034752K), 0.0045770 secs]
221.217: Total time for which application threads were stopped: 0.0047628 seconds, Stopping threads took: 0.0000275 seconds
221.285: [GC (Allocation Failure)  768615K->449989K(1034240K), 0.0055727 secs]
221.291: Total time for which application threads were stopped: 0.0057581 seconds, Stopping threads took: 0.0000174 seconds
221.359: [GC (Allocation Failure)  771013K->447623K(1034752K), 0.0046626 secs]
221.364: Total time for which application threads were stopped: 0.0048260 seconds, Stopping threads took: 0.0000198 seconds
221.431: [GC (Allocation Failure)  768647K->447559K(1034240K), 0.0045272 secs]
221.436: Total time for which application threads were stopped: 0.0046975 seconds, Stopping threads took: 0.0000196 seconds
221.503: [GC (Allocation Failure)  768583K->449669K(1035264K), 0.0055412 secs]
221.509: Total time for which application threads were stopped: 0.0057196 seconds, Stopping threads took: 0.0000200 seconds
221.578: [GC (Allocation Failure)  772229K->447815K(1035264K), 0.0047289 secs]
221.583: Total time for which application threads were stopped: 0.0049005 seconds, Stopping threads took: 0.0000200 seconds
221.651: [GC (Allocation Failure)  770375K->447559K(1035776K), 0.0043983 secs]
221.655: Total time for which application threads were stopped: 0.0045680 seconds, Stopping threads took: 0.0000260 seconds
221.723: [GC (Allocation Failure)  771143K->454981K(1035776K), 0.0085661 secs]
221.732: Total time for which application threads were stopped: 0.0087432 seconds, Stopping threads took: 0.0000190 seconds
221.801: [GC (Allocation Failure)  778565K->450439K(1032704K), 0.0046548 secs]
221.806: Total time for which application threads were stopped: 0.0048514 seconds, Stopping threads took: 0.0000199 seconds
221.875: [GC (Allocation Failure)  770951K->450247K(1034240K), 0.0048105 secs]
221.880: Total time for which application threads were stopped: 0.0050027 seconds, Stopping threads took: 0.0000196 seconds
221.948: [GC (Allocation Failure)  770759K->442533K(1032704K), 0.0015626 secs]
221.950: Total time for which application threads were stopped: 0.0017106 seconds, Stopping threads took: 0.0000344 seconds
222.019: [GC (Allocation Failure)  762021K->450415K(1033728K), 0.0048131 secs]
222.024: Total time for which application threads were stopped: 0.0049868 seconds, Stopping threads took: 0.0000201 seconds
222.091: [GC (Allocation Failure)  769903K->454359K(1034752K), 0.0060942 secs]
222.097: Total time for which application threads were stopped: 0.0062639 seconds, Stopping threads took: 0.0000204 seconds
222.164: [GC (Allocation Failure)  775383K->459733K(1034240K), 0.0070327 secs]
222.171: Total time for which application threads were stopped: 0.0072229 seconds, Stopping threads took: 0.0000263 seconds
222.241: [GC (Allocation Failure)  780757K->454455K(1033216K), 0.0046263 secs]
222.246: Total time for which application threads were stopped: 0.0047853 seconds, Stopping threads took: 0.0000195 seconds
222.312: [GC (Allocation Failure)  773943K->454423K(1033728K), 0.0044816 secs]
222.317: Total time for which application threads were stopped: 0.0046426 seconds, Stopping threads took: 0.0000196 seconds
222.383: [GC (Allocation Failure)  773911K->456309K(1034240K), 0.0054436 secs]
222.388: Total time for which application threads were stopped: 0.0056144 seconds, Stopping threads took: 0.0000187 seconds
222.456: [GC (Allocation Failure)  776821K->454423K(1034240K), 0.0048438 secs]
222.461: Total time for which application threads were stopped: 0.0050014 seconds, Stopping threads took: 0.0000191 seconds
222.529: [GC (Allocation Failure)  774935K->454423K(1035264K), 0.0047400 secs]
222.534: Total time for which application threads were stopped: 0.0049021 seconds, Stopping threads took: 0.0000196 seconds
222.601: [GC (Allocation Failure)  776471K->455989K(1034752K), 0.0067043 secs]
222.608: Total time for which application threads were stopped: 0.0068548 seconds, Stopping threads took: 0.0000280 seconds
222.676: [GC (Allocation Failure)  778037K->454647K(1035776K), 0.0046276 secs]
222.681: Total time for which application threads were stopped: 0.0047867 seconds, Stopping threads took: 0.0000191 seconds
222.749: [GC (Allocation Failure)  777719K->454391K(1035264K), 0.0052797 secs]
222.754: Total time for which application threads were stopped: 0.0054475 seconds, Stopping threads took: 0.0000196 seconds
222.821: [GC (Allocation Failure)  777463K->460789K(1032192K), 0.0080105 secs]
222.829: Total time for which application threads were stopped: 0.0081767 seconds, Stopping threads took: 0.0000191 seconds
222.896: [GC (Allocation Failure)  781301K->456759K(1034240K), 0.0045863 secs]
222.900: Total time for which application threads were stopped: 0.0047791 seconds, Stopping threads took: 0.0000191 seconds
222.970: [GC (Allocation Failure)  777271K->456567K(1034752K), 0.0045867 secs]
222.975: Total time for which application threads were stopped: 0.0047615 seconds, Stopping threads took: 0.0000207 seconds
223.040: [GC (Allocation Failure)  778103K->462165K(1034752K), 0.0071201 secs]
223.047: Total time for which application threads were stopped: 0.0072902 seconds, Stopping threads took: 0.0000197 seconds
223.114: [GC (Allocation Failure)  783701K->456695K(1032704K), 0.0047319 secs]
223.118: Total time for which application threads were stopped: 0.0048924 seconds, Stopping threads took: 0.0000198 seconds
223.188: [GC (Allocation Failure)  776183K->456567K(1033728K), 0.0089863 secs]
223.197: Total time for which application threads were stopped: 0.0091789 seconds, Stopping threads took: 0.0000204 seconds
223.266: [GC (Allocation Failure)  776055K->459317K(1034240K), 0.0058838 secs]
223.271: Total time for which application threads were stopped: 0.0060530 seconds, Stopping threads took: 0.0000199 seconds
223.338: [GC (Allocation Failure)  779829K->456631K(1034240K), 0.0045654 secs]
223.343: Total time for which application threads were stopped: 0.0047575 seconds, Stopping threads took: 0.0000189 seconds
223.412: [GC (Allocation Failure)  777143K->456599K(1034752K), 0.0045371 secs]
223.417: Total time for which application threads were stopped: 0.0047173 seconds, Stopping threads took: 0.0000200 seconds
223.483: [GC (Allocation Failure)  777623K->457973K(1034240K), 0.0053002 secs]
223.488: Total time for which application threads were stopped: 0.0054474 seconds, Stopping threads took: 0.0000169 seconds
223.557: [GC (Allocation Failure)  778997K->456631K(1035264K), 0.0047418 secs]
223.562: Total time for which application threads were stopped: 0.0049065 seconds, Stopping threads took: 0.0000194 seconds
223.629: [GC (Allocation Failure)  778679K->456567K(1034752K), 0.0044024 secs]
223.634: Total time for which application threads were stopped: 0.0045814 seconds, Stopping threads took: 0.0000191 seconds
223.701: [GC (Allocation Failure)  778615K->459733K(1035264K), 0.0058964 secs]
223.707: Total time for which application threads were stopped: 0.0060589 seconds, Stopping threads took: 0.0000194 seconds
223.775: [GC (Allocation Failure)  782293K->456791K(1035264K), 0.0044044 secs]
223.780: Total time for which application threads were stopped: 0.0045621 seconds, Stopping threads took: 0.0000189 seconds
223.847: [GC (Allocation Failure)  779351K->456599K(1035264K), 0.0052874 secs]
223.852: Total time for which application threads were stopped: 0.0054504 seconds, Stopping threads took: 0.0000195 seconds
223.920: [GC (Allocation Failure)  779159K->463973K(1035264K), 0.0084094 secs]
223.929: Total time for which application threads were stopped: 0.0085804 seconds, Stopping threads took: 0.0000194 seconds
223.996: [GC (Allocation Failure)  786533K->458919K(1032192K), 0.0045220 secs]
224.001: Total time for which application threads were stopped: 0.0046852 seconds, Stopping threads took: 0.0000205 seconds
224.068: [GC (Allocation Failure)  778407K->458727K(1033728K), 0.0045428 secs]
224.072: Total time for which application threads were stopped: 0.0047366 seconds, Stopping threads took: 0.0000199 seconds
224.141: [GC (Allocation Failure)  778215K->464325K(1031168K), 0.0071703 secs]
224.148: Total time for which application threads were stopped: 0.0073474 seconds, Stopping threads took: 0.0000199 seconds
224.217: [GC (Allocation Failure)  781765K->458855K(1032704K), 0.0045434 secs]
224.221: Total time for which application threads were stopped: 0.0047070 seconds, Stopping threads took: 0.0000163 seconds
224.290: [GC (Allocation Failure)  776295K->458759K(1033728K), 0.0044159 secs]
224.295: Total time for which application threads were stopped: 0.0045889 seconds, Stopping threads took: 0.0000200 seconds
224.361: [GC (Allocation Failure)  777735K->454789K(1033216K), 0.0029903 secs]
224.365: Total time for which application threads were stopped: 0.0031904 seconds, Stopping threads took: 0.0000269 seconds
224.434: [GC (Allocation Failure)  773765K->458791K(1033728K), 0.0047760 secs]
224.439: Total time for which application threads were stopped: 0.0049698 seconds, Stopping threads took: 0.0000201 seconds
224.507: [GC (Allocation Failure)  777767K->458759K(1033216K), 0.0045709 secs]
224.512: Total time for which application threads were stopped: 0.0047289 seconds, Stopping threads took: 0.0000201 seconds
224.579: [GC (Allocation Failure)  777735K->460487K(1032192K), 0.0048886 secs]
224.584: Total time for which application threads were stopped: 0.0050588 seconds, Stopping threads took: 0.0000194 seconds
224.651: [GC (Allocation Failure)  778951K->466762K(1033216K), 0.0046748 secs]
224.656: Total time for which application threads were stopped: 0.0048511 seconds, Stopping threads took: 0.0000260 seconds
224.721: [GC (Allocation Failure)  785226K->466762K(1034752K), 0.0046629 secs]
224.726: Total time for which application threads were stopped: 0.0048199 seconds, Stopping threads took: 0.0000198 seconds
224.795: [GC (Allocation Failure)  787786K->467178K(1020928K), 0.0048601 secs]
224.800: Total time for which application threads were stopped: 0.0050226 seconds, Stopping threads took: 0.0000190 seconds
224.867: [GC (Allocation Failure)  788202K->474796K(1034240K), 0.0045375 secs]
224.872: Total time for which application threads were stopped: 0.0047292 seconds, Stopping threads took: 0.0000190 seconds
224.941: [GC (Allocation Failure)  794796K->474796K(1033728K), 0.0047239 secs]
224.946: Total time for which application threads were stopped: 0.0048961 seconds, Stopping threads took: 0.0000198 seconds
225.011: [GC (Allocation Failure)  794796K->476940K(1034752K), 0.0052303 secs]
225.016: Total time for which application threads were stopped: 0.0053956 seconds, Stopping threads took: 0.0000196 seconds
225.085: [GC (Allocation Failure)  798476K->482830K(1034752K), 0.0049271 secs]
225.090: Total time for which application threads were stopped: 0.0050969 seconds, Stopping threads took: 0.0000201 seconds
225.157: [GC (Allocation Failure)  804366K->482862K(1035264K), 0.0046277 secs]
225.162: Total time for which application threads were stopped: 0.0047881 seconds, Stopping threads took: 0.0000264 seconds
225.230: [GC (Allocation Failure)  804910K->486694K(1034752K), 0.0057258 secs]
225.236: Total time for which application threads were stopped: 0.0059101 seconds, Stopping threads took: 0.0000278 seconds
225.304: [GC (Allocation Failure)  808742K->490984K(1035264K), 0.0047895 secs]
225.309: Total time for which application threads were stopped: 0.0049738 seconds, Stopping threads took: 0.0000208 seconds
225.376: [GC (Allocation Failure)  813544K->490856K(1035264K), 0.0046178 secs]
225.381: Total time for which application threads were stopped: 0.0048112 seconds, Stopping threads took: 0.0000202 seconds
225.450: [GC (Allocation Failure)  813416K->494440K(1035264K), 0.0057064 secs]
225.456: Total time for which application threads were stopped: 0.0058950 seconds, Stopping threads took: 0.0000192 seconds
225.525: [GC (Allocation Failure)  817000K->498955K(1035264K), 0.0047558 secs]
225.530: Total time for which application threads were stopped: 0.0049211 seconds, Stopping threads took: 0.0000189 seconds
225.597: [GC (Allocation Failure)  821515K->498859K(1035776K), 0.0048279 secs]
225.602: Total time for which application threads were stopped: 0.0050213 seconds, Stopping threads took: 0.0000195 seconds
225.669: [GC (Allocation Failure)  822443K->491528K(1024000K), 0.0016574 secs]
225.671: Total time for which application threads were stopped: 0.0018297 seconds, Stopping threads took: 0.0000262 seconds
225.740: [GC (Allocation Failure)  815112K->499147K(1035264K), 0.0047758 secs]
225.745: Total time for which application threads were stopped: 0.0049418 seconds, Stopping threads took: 0.0000183 seconds
225.813: [GC (Allocation Failure)  821707K->498891K(1035264K), 0.0047902 secs]
225.817: Total time for which application threads were stopped: 0.0049704 seconds, Stopping threads took: 0.0000197 seconds
225.884: [GC (Allocation Failure)  821451K->496872K(1035776K), 0.0042016 secs]
225.889: Total time for which application threads were stopped: 0.0043784 seconds, Stopping threads took: 0.0000204 seconds
225.957: [GC (Allocation Failure)  819944K->499083K(1035264K), 0.0047881 secs]
225.962: Total time for which application threads were stopped: 0.0049706 seconds, Stopping threads took: 0.0000207 seconds
226.030: [GC (Allocation Failure)  822155K->498891K(1035776K), 0.0045343 secs]
226.034: Total time for which application threads were stopped: 0.0047097 seconds, Stopping threads took: 0.0000262 seconds
226.102: [GC (Allocation Failure)  822475K->503208K(1035776K), 0.0099397 secs]
226.112: Total time for which application threads were stopped: 0.0101211 seconds, Stopping threads took: 0.0000203 seconds
226.183: [GC (Allocation Failure)  826792K->499019K(1033728K), 0.0045035 secs]
226.188: Total time for which application threads were stopped: 0.0046969 seconds, Stopping threads took: 0.0000254 seconds
226.256: [GC (Allocation Failure)  820555K->498891K(1034752K), 0.0048769 secs]
226.261: Total time for which application threads were stopped: 0.0050799 seconds, Stopping threads took: 0.0000195 seconds
226.326: [GC (Allocation Failure)  820427K->506472K(1030144K), 0.0083571 secs]
226.335: Total time for which application threads were stopped: 0.0085310 seconds, Stopping threads took: 0.0000196 seconds
226.401: [GC (Allocation Failure)  823912K->501291K(1032704K), 0.0050470 secs]
226.406: Total time for which application threads were stopped: 0.0052217 seconds, Stopping threads took: 0.0000206 seconds
226.474: [GC (Allocation Failure)  818731K->501227K(1034240K), 0.0045266 secs]
226.478: Total time for which application threads were stopped: 0.0047040 seconds, Stopping threads took: 0.0000204 seconds
226.547: [GC (Allocation Failure)  820715K->499848K(1033216K), 0.0042339 secs]
226.552: Total time for which application threads were stopped: 0.0043995 seconds, Stopping threads took: 0.0000196 seconds
226.619: [GC (Allocation Failure)  819336K->501259K(1034752K), 0.0047021 secs]
226.624: Total time for which application threads were stopped: 0.0048722 seconds, Stopping threads took: 0.0000201 seconds
226.692: [GC (Allocation Failure)  822283K->501227K(1034240K), 0.0046119 secs]
226.696: Total time for which application threads were stopped: 0.0048069 seconds, Stopping threads took: 0.0000201 seconds
226.765: [GC (Allocation Failure)  822251K->497992K(1035264K), 0.0035135 secs]
226.768: Total time for which application threads were stopped: 0.0036800 seconds, Stopping threads took: 0.0000193 seconds
226.836: [GC (Allocation Failure)  820552K->501451K(1035264K), 0.0047081 secs]
226.841: Total time for which application threads were stopped: 0.0048811 seconds, Stopping threads took: 0.0000197 seconds
226.908: [GC (Allocation Failure)  824011K->501259K(1036288K), 0.0045631 secs]
226.913: Total time for which application threads were stopped: 0.0047214 seconds, Stopping threads took: 0.0000195 seconds
226.981: [GC (Allocation Failure)  825355K->503784K(1034240K), 0.0059549 secs]
226.987: Total time for which application threads were stopped: 0.0061144 seconds, Stopping threads took: 0.0000189 seconds
227.055: [GC (Allocation Failure)  827880K->501419K(1035776K), 0.0047303 secs]
227.060: Total time for which application threads were stopped: 0.0048991 seconds, Stopping threads took: 0.0000197 seconds
227.129: [GC (Allocation Failure)  824491K->501227K(1035264K), 0.0047806 secs]
227.134: Total time for which application threads were stopped: 0.0049566 seconds, Stopping threads took: 0.0000215 seconds
227.201: [GC (Allocation Failure)  824299K->494280K(1034240K), 0.0026820 secs]
227.204: Total time for which application threads were stopped: 0.0028321 seconds, Stopping threads took: 0.0000183 seconds
227.273: [GC (Allocation Failure)  816840K->501379K(1035264K), 0.0045744 secs]
227.277: Total time for which application threads were stopped: 0.0047490 seconds, Stopping threads took: 0.0000167 seconds
227.345: [GC (Allocation Failure)  823939K->505403K(1036288K), 0.0056507 secs]
227.351: Total time for which application threads were stopped: 0.0058275 seconds, Stopping threads took: 0.0000204 seconds
227.420: [GC (Allocation Failure)  829498K->501464K(1035776K), 0.0035739 secs]
227.424: Total time for which application threads were stopped: 0.0037196 seconds, Stopping threads took: 0.0000164 seconds
227.494: [GC (Allocation Failure)  825560K->505531K(1036288K), 0.0048734 secs]
227.499: Total time for which application threads were stopped: 0.0050660 seconds, Stopping threads took: 0.0000220 seconds
227.568: [GC (Allocation Failure)  830139K->509531K(1036288K), 0.0046856 secs]
227.573: Total time for which application threads were stopped: 0.0048577 seconds, Stopping threads took: 0.0000224 seconds
227.642: [GC (Allocation Failure)  834139K->509499K(1036288K), 0.0048503 secs]
227.647: Total time for which application threads were stopped: 0.0050293 seconds, Stopping threads took: 0.0000202 seconds
227.715: [GC (Allocation Failure)  834107K->509851K(1024512K), 0.0048270 secs]
227.720: Total time for which application threads were stopped: 0.0050321 seconds, Stopping threads took: 0.0000269 seconds
227.789: [GC (Allocation Failure)  834459K->517565K(1035776K), 0.0047984 secs]
227.794: Total time for which application threads were stopped: 0.0049820 seconds, Stopping threads took: 0.0000202 seconds
227.863: [GC (Allocation Failure)  841149K->517533K(1035776K), 0.0065533 secs]
227.870: Total time for which application threads were stopped: 0.0067295 seconds, Stopping threads took: 0.0000200 seconds
227.937: [GC (Allocation Failure)  841117K->518085K(1034752K), 0.0050673 secs]
227.942: Total time for which application threads were stopped: 0.0052468 seconds, Stopping threads took: 0.0000212 seconds
228.010: [GC (Allocation Failure)  840645K->525575K(1035264K), 0.0054059 secs]
228.016: Total time for which application threads were stopped: 0.0055786 seconds, Stopping threads took: 0.0000193 seconds
228.085: [GC (Allocation Failure)  848135K->525575K(1035264K), 0.0045673 secs]
228.089: Total time for which application threads were stopped: 0.0047261 seconds, Stopping threads took: 0.0000226 seconds
228.159: [GC (Allocation Failure)  848135K->525831K(1022464K), 0.0046764 secs]
228.164: Total time for which application threads were stopped: 0.0048512 seconds, Stopping threads took: 0.0000173 seconds
228.234: [GC (Allocation Failure)  848391K->533609K(1034752K), 0.0049805 secs]
228.239: Total time for which application threads were stopped: 0.0051596 seconds, Stopping threads took: 0.0000198 seconds
228.308: [GC (Allocation Failure)  855145K->533609K(1034752K), 0.0046956 secs]
228.313: Total time for which application threads were stopped: 0.0048616 seconds, Stopping threads took: 0.0000192 seconds
228.378: [GC (Allocation Failure)  855145K->533673K(1033728K), 0.0048183 secs]
228.383: Total time for which application threads were stopped: 0.0049867 seconds, Stopping threads took: 0.0000191 seconds
228.450: [GC (Allocation Failure)  854185K->541644K(1034240K), 0.0048452 secs]
228.455: Total time for which application threads were stopped: 0.0050049 seconds, Stopping threads took: 0.0000195 seconds
228.522: [GC (Allocation Failure)  862156K->541644K(1034240K), 0.0047108 secs]
228.527: Total time for which application threads were stopped: 0.0048763 seconds, Stopping threads took: 0.0000193 seconds
228.594: [GC (Allocation Failure)  862156K->541772K(1034240K), 0.0049301 secs]
228.599: Total time for which application threads were stopped: 0.0050883 seconds, Stopping threads took: 0.0000192 seconds
228.666: [GC (Allocation Failure)  862284K->549710K(1034240K), 0.0048745 secs]
228.671: Total time for which application threads were stopped: 0.0050392 seconds, Stopping threads took: 0.0000196 seconds
228.737: [GC (Allocation Failure)  870222K->549678K(1034240K), 0.0048164 secs]
228.742: Total time for which application threads were stopped: 0.0050028 seconds, Stopping threads took: 0.0000280 seconds
228.808: [GC (Allocation Failure)  870190K->550030K(1033216K), 0.0050031 secs]
228.813: Total time for which application threads were stopped: 0.0051766 seconds, Stopping threads took: 0.0000206 seconds
228.879: [GC (Allocation Failure)  869518K->557744K(1033728K), 0.0049586 secs]
228.884: Total time for which application threads were stopped: 0.0051408 seconds, Stopping threads took: 0.0000202 seconds
228.950: [GC (Allocation Failure)  877232K->557712K(1033728K), 0.0046898 secs]
228.954: Total time for which application threads were stopped: 0.0048604 seconds, Stopping threads took: 0.0000204 seconds
229.019: [GC (Allocation Failure)  877200K->558224K(1033728K), 0.0049113 secs]
229.024: Total time for which application threads were stopped: 0.0050696 seconds, Stopping threads took: 0.0000199 seconds
229.091: [GC (Allocation Failure)  877712K->565746K(1033728K), 0.0049310 secs]
229.096: Total time for which application threads were stopped: 0.0050988 seconds, Stopping threads took: 0.0000169 seconds
229.164: [GC (Allocation Failure)  885234K->565746K(1033728K), 0.0046352 secs]
229.169: Total time for which application threads were stopped: 0.0047983 seconds, Stopping threads took: 0.0000258 seconds
229.235: [GC (Allocation Failure)  885234K->565978K(1033728K), 0.0048529 secs]
229.240: Total time for which application threads were stopped: 0.0050355 seconds, Stopping threads took: 0.0000169 seconds
229.308: [GC (Allocation Failure)  885466K->573821K(1033728K), 0.0048207 secs]
229.313: Total time for which application threads were stopped: 0.0049717 seconds, Stopping threads took: 0.0000166 seconds
229.381: [GC (Allocation Failure)  893309K->573789K(1033728K), 0.0046566 secs]
229.386: Total time for which application threads were stopped: 0.0048176 seconds, Stopping threads took: 0.0000195 seconds
229.451: [GC (Allocation Failure)  893277K->573949K(1033728K), 0.0049320 secs]
229.456: Total time for which application threads were stopped: 0.0051014 seconds, Stopping threads took: 0.0000196 seconds
229.524: [GC (Allocation Failure)  893437K->581855K(1032704K), 0.0048818 secs]
229.529: Total time for which application threads were stopped: 0.0050521 seconds, Stopping threads took: 0.0000199 seconds
229.596: [GC (Allocation Failure)  900319K->581823K(1033216K), 0.0048448 secs]
229.601: Total time for which application threads were stopped: 0.0050210 seconds, Stopping threads took: 0.0000201 seconds
229.666: [GC (Allocation Failure)  900287K->581919K(1033216K), 0.0048156 secs]
229.671: Total time for which application threads were stopped: 0.0049832 seconds, Stopping threads took: 0.0000260 seconds
229.738: [GC (Allocation Failure)  900383K->589889K(1033216K), 0.0047009 secs]
229.742: Total time for which application threads were stopped: 0.0048706 seconds, Stopping threads took: 0.0000195 seconds
229.807: [GC (Allocation Failure)  908353K->583583K(1033728K), 0.0025643 secs]
229.810: Total time for which application threads were stopped: 0.0027269 seconds, Stopping threads took: 0.0000200 seconds
229.879: [GC (Allocation Failure)  902559K->589929K(1033216K), 0.0049793 secs]
229.884: Total time for which application threads were stopped: 0.0051586 seconds, Stopping threads took: 0.0000204 seconds
229.952: [GC (Allocation Failure)  908905K->594009K(1033216K), 0.0052973 secs]
229.958: Total time for which application threads were stopped: 0.0054732 seconds, Stopping threads took: 0.0000285 seconds
230.024: [GC (Allocation Failure)  913497K->598199K(1031168K), 0.0067958 secs]
230.031: Total time for which application threads were stopped: 0.0069690 seconds, Stopping threads took: 0.0000199 seconds
230.097: [GC (Allocation Failure)  917687K->594201K(1032704K), 0.0050176 secs]
230.102: Total time for which application threads were stopped: 0.0051899 seconds, Stopping threads took: 0.0000203 seconds
230.171: [GC (Allocation Failure)  911129K->594009K(1032192K), 0.0046782 secs]
230.176: Total time for which application threads were stopped: 0.0048516 seconds, Stopping threads took: 0.0000249 seconds
230.241: [GC (Allocation Failure)  910937K->588119K(1033216K), 0.0023664 secs]
230.243: Total time for which application threads were stopped: 0.0025098 seconds, Stopping threads took: 0.0000177 seconds
230.310: [GC (Allocation Failure)  906071K->594169K(1032704K), 0.0047544 secs]
230.315: Total time for which application threads were stopped: 0.0049553 seconds, Stopping threads took: 0.0000209 seconds
230.385: [GC (Allocation Failure)  912121K->594041K(1033216K), 0.0050419 secs]
230.390: Total time for which application threads were stopped: 0.0052248 seconds, Stopping threads took: 0.0000174 seconds
230.458: [GC (Allocation Failure)  912505K->595313K(1033216K), 0.0048732 secs]
230.463: Total time for which application threads were stopped: 0.0050229 seconds, Stopping threads took: 0.0000161 seconds
230.529: [GC (Allocation Failure)  913777K->602132K(1033728K), 0.0047546 secs]
230.534: Total time for which application threads were stopped: 0.0049499 seconds, Stopping threads took: 0.0000201 seconds
230.602: [GC (Allocation Failure)  921108K->602036K(1033216K), 0.0046600 secs]
230.607: Total time for which application threads were stopped: 0.0048205 seconds, Stopping threads took: 0.0000191 seconds
230.673: [GC (Allocation Failure)  921012K->604604K(1033728K), 0.0055289 secs]
230.679: Total time for which application threads were stopped: 0.0056858 seconds, Stopping threads took: 0.0000192 seconds
230.746: [GC (Allocation Failure)  924092K->610142K(1033728K), 0.0047131 secs]
230.751: Total time for which application threads were stopped: 0.0048721 seconds, Stopping threads took: 0.0000192 seconds
230.817: [GC (Allocation Failure)  929630K->610078K(1034240K), 0.0050423 secs]
230.822: Total time for which application threads were stopped: 0.0052344 seconds, Stopping threads took: 0.0000203 seconds
230.891: [GC (Allocation Failure)  930078K->612350K(1033728K), 0.0052545 secs]
230.896: Total time for which application threads were stopped: 0.0054146 seconds, Stopping threads took: 0.0000173 seconds
230.961: [GC (Allocation Failure)  932350K->618112K(1034240K), 0.0048782 secs]
230.966: Total time for which application threads were stopped: 0.0050680 seconds, Stopping threads took: 0.0000194 seconds
231.036: [GC (Allocation Failure)  938624K->618112K(1034240K), 0.0048734 secs]
231.041: Total time for which application threads were stopped: 0.0050273 seconds, Stopping threads took: 0.0000170 seconds
231.108: [GC (Allocation Failure)  938624K->622120K(1034752K), 0.0057196 secs]
231.114: Total time for which application threads were stopped: 0.0059145 seconds, Stopping threads took: 0.0000196 seconds
231.183: [GC (Allocation Failure)  943144K->626250K(1034240K), 0.0048404 secs]
231.188: Total time for which application threads were stopped: 0.0049925 seconds, Stopping threads took: 0.0000168 seconds
231.256: [GC (Allocation Failure)  947274K->626186K(1034752K), 0.0050510 secs]
231.261: Total time for which application threads were stopped: 0.0052022 seconds, Stopping threads took: 0.0000170 seconds
231.329: [GC (Allocation Failure)  947722K->626218K(1021440K), 0.0051706 secs]
231.334: Total time for which application threads were stopped: 0.0053402 seconds, Stopping threads took: 0.0000195 seconds
231.400: [GC (Allocation Failure)  947754K->634221K(1034240K), 0.0049476 secs]
231.406: Total time for which application threads were stopped: 0.0051277 seconds, Stopping threads took: 0.0000199 seconds
231.475: [GC (Allocation Failure)  954733K->634189K(1034240K), 0.0048072 secs]
231.480: Total time for which application threads were stopped: 0.0049745 seconds, Stopping threads took: 0.0000201 seconds
231.546: [GC (Allocation Failure)  954701K->637573K(1034752K), 0.0058584 secs]
231.552: Total time for which application threads were stopped: 0.0060534 seconds, Stopping threads took: 0.0000189 seconds
231.620: [GC (Allocation Failure)  958597K->642279K(1034240K), 0.0050158 secs]
231.625: Total time for which application threads were stopped: 0.0051664 seconds, Stopping threads took: 0.0000168 seconds
231.693: [GC (Allocation Failure)  963303K->642215K(1034752K), 0.0050667 secs]
231.698: Total time for which application threads were stopped: 0.0052504 seconds, Stopping threads took: 0.0000258 seconds
231.765: [GC (Allocation Failure)  963751K->645799K(1034752K), 0.0056162 secs]
231.770: Total time for which application threads were stopped: 0.0058131 seconds, Stopping threads took: 0.0000207 seconds
231.841: [GC (Allocation Failure)  967335K->650281K(1034752K), 0.0050307 secs]
231.846: Total time for which application threads were stopped: 0.0051971 seconds, Stopping threads took: 0.0000172 seconds
231.912: [GC (Allocation Failure)  971817K->650249K(1034752K), 0.0049558 secs]
231.917: Total time for which application threads were stopped: 0.0051197 seconds, Stopping threads took: 0.0000204 seconds
231.983: [GC (Allocation Failure)  971785K->650953K(1034240K), 0.0051047 secs]
231.988: Total time for which application threads were stopped: 0.0052756 seconds, Stopping threads took: 0.0000195 seconds
232.054: [GC (Allocation Failure)  972489K->658283K(1034752K), 0.0050531 secs]
232.059: Total time for which application threads were stopped: 0.0052241 seconds, Stopping threads took: 0.0000203 seconds
232.125: [GC (Allocation Failure)  979819K->658283K(1034752K), 0.0050356 secs]
232.131: Total time for which application threads were stopped: 0.0052384 seconds, Stopping threads took: 0.0000205 seconds
232.198: [GC (Allocation Failure)  979819K->660203K(1034752K), 0.0065063 secs]
232.205: Total time for which application threads were stopped: 0.0067101 seconds, Stopping threads took: 0.0000263 seconds
232.272: [GC (Allocation Failure)  981739K->666350K(1034752K), 0.0051039 secs]
232.277: Total time for which application threads were stopped: 0.0052639 seconds, Stopping threads took: 0.0000195 seconds
232.344: [GC (Allocation Failure)  987886K->666318K(1034752K), 0.0048696 secs]
232.349: Total time for which application threads were stopped: 0.0050305 seconds, Stopping threads took: 0.0000194 seconds
232.415: [GC (Allocation Failure)  987854K->669478K(1034752K), 0.0057903 secs]
232.420: Total time for which application threads were stopped: 0.0059490 seconds, Stopping threads took: 0.0000195 seconds
232.489: [GC (Allocation Failure)  991014K->674472K(1034752K), 0.0049119 secs]
232.494: Total time for which application threads were stopped: 0.0050965 seconds, Stopping threads took: 0.0000214 seconds
232.562: [GC (Allocation Failure)  996008K->674344K(1034752K), 0.0049330 secs]
232.567: Total time for which application threads were stopped: 0.0051004 seconds, Stopping threads took: 0.0000256 seconds
232.633: [GC (Allocation Failure)  995880K->674600K(1034752K), 0.0050222 secs]
232.638: Total time for which application threads were stopped: 0.0051961 seconds, Stopping threads took: 0.0000199 seconds
232.709: [GC (Allocation Failure)  996136K->682442K(1033728K), 0.0050150 secs]
232.714: Total time for which application threads were stopped: 0.0051904 seconds, Stopping threads took: 0.0000279 seconds
232.780: [GC (Allocation Failure)  1002954K->682410K(1034240K), 0.0048618 secs]
232.785: Total time for which application threads were stopped: 0.0050402 seconds, Stopping threads took: 0.0000188 seconds
232.852: [GC (Allocation Failure)  1002922K->685898K(1034752K), 0.0060286 secs]
232.858: [Full GC (Ergonomics)  685898K->12019K(1034752K), 0.0180329 secs]
232.876: Total time for which application threads were stopped: 0.0243110 seconds, Stopping threads took: 0.0000203 seconds
232.944: [GC (Allocation Failure)  333043K->20661K(1034240K), 0.0040956 secs]
232.948: Total time for which application threads were stopped: 0.0042609 seconds, Stopping threads took: 0.0000193 seconds
233.015: [GC (Allocation Failure)  341685K->20717K(1034752K), 0.0037505 secs]
233.019: Total time for which application threads were stopped: 0.0039434 seconds, Stopping threads took: 0.0000192 seconds
233.088: [GC (Allocation Failure)  342253K->24461K(1034752K), 0.0047178 secs]
233.092: Total time for which application threads were stopped: 0.0049020 seconds, Stopping threads took: 0.0000169 seconds
233.162: [GC (Allocation Failure)  345997K->28720K(1034752K), 0.0038985 secs]
233.166: Total time for which application threads were stopped: 0.0040609 seconds, Stopping threads took: 0.0000264 seconds
233.234: [GC (Allocation Failure)  350256K->28720K(1034752K), 0.0038627 secs]
233.238: Total time for which application threads were stopped: 0.0040318 seconds, Stopping threads took: 0.0000194 seconds
233.304: [GC (Allocation Failure)  350256K->29584K(1034752K), 0.0037661 secs]
233.307: Total time for which application threads were stopped: 0.0039227 seconds, Stopping threads took: 0.0000193 seconds
233.376: [GC (Allocation Failure)  351120K->36754K(1034752K), 0.0040200 secs]
233.380: Total time for which application threads were stopped: 0.0041882 seconds, Stopping threads took: 0.0000196 seconds
233.447: [GC (Allocation Failure)  358290K->36722K(1034752K), 0.0039973 secs]
233.451: Total time for which application threads were stopped: 0.0041680 seconds, Stopping threads took: 0.0000191 seconds
233.517: [GC (Allocation Failure)  358258K->38858K(1034752K), 0.0042812 secs]
233.521: Total time for which application threads were stopped: 0.0044747 seconds, Stopping threads took: 0.0000202 seconds
233.592: [GC (Allocation Failure)  360394K->44908K(1034752K), 0.0038854 secs]
233.596: Total time for which application threads were stopped: 0.0040604 seconds, Stopping threads took: 0.0000249 seconds
233.664: [GC (Allocation Failure)  366444K->44780K(1034752K), 0.0039040 secs]
233.668: Total time for which application threads were stopped: 0.0040712 seconds, Stopping threads took: 0.0000262 seconds
233.733: [GC (Allocation Failure)  366316K->48108K(1034752K), 0.0047896 secs]
233.738: Total time for which application threads were stopped: 0.0049514 seconds, Stopping threads took: 0.0000200 seconds
233.804: [GC (Allocation Failure)  369644K->52846K(1034752K), 0.0038226 secs]
233.808: Total time for which application threads were stopped: 0.0039982 seconds, Stopping threads took: 0.0000195 seconds
233.875: [GC (Allocation Failure)  374382K->52814K(1034752K), 0.0039961 secs]
233.879: Total time for which application threads were stopped: 0.0041580 seconds, Stopping threads took: 0.0000195 seconds
233.945: [GC (Allocation Failure)  374350K->53254K(1034752K), 0.0041251 secs]
233.949: Total time for which application threads were stopped: 0.0042873 seconds, Stopping threads took: 0.0000188 seconds
234.016: [GC (Allocation Failure)  374790K->60809K(1034752K), 0.0039005 secs]
234.020: Total time for which application threads were stopped: 0.0040593 seconds, Stopping threads took: 0.0000206 seconds
234.088: [GC (Allocation Failure)  382345K->60841K(1034752K), 0.0039170 secs]
234.092: Total time for which application threads were stopped: 0.0040765 seconds, Stopping threads took: 0.0000193 seconds
234.157: [GC (Allocation Failure)  382377K->62505K(1034752K), 0.0041863 secs]
234.161: Total time for which application threads were stopped: 0.0043855 seconds, Stopping threads took: 0.0000272 seconds
234.232: [GC (Allocation Failure)  384041K->68875K(1034752K), 0.0039147 secs]
234.236: Total time for which application threads were stopped: 0.0040983 seconds, Stopping threads took: 0.0000170 seconds
234.306: [GC (Allocation Failure)  390411K->68907K(1034752K), 0.0044280 secs]
234.310: Total time for which application threads were stopped: 0.0045928 seconds, Stopping threads took: 0.0000172 seconds
234.377: [GC (Allocation Failure)  390443K->71787K(1034752K), 0.0044757 secs]
234.381: Total time for which application threads were stopped: 0.0046365 seconds, Stopping threads took: 0.0000169 seconds
234.450: [GC (Allocation Failure)  393323K->76909K(1034752K), 0.0039670 secs]
234.454: Total time for which application threads were stopped: 0.0041421 seconds, Stopping threads took: 0.0000198 seconds
234.522: [GC (Allocation Failure)  398445K->76909K(1034752K), 0.0039743 secs]
234.526: Total time for which application threads were stopped: 0.0041314 seconds, Stopping threads took: 0.0000192 seconds
234.591: [GC (Allocation Failure)  398445K->81061K(1035264K), 0.0051009 secs]
234.597: Total time for which application threads were stopped: 0.0052678 seconds, Stopping threads took: 0.0000192 seconds
234.666: [GC (Allocation Failure)  403109K->85032K(1034752K), 0.0040704 secs]
234.671: Total time for which application threads were stopped: 0.0042494 seconds, Stopping threads took: 0.0000281 seconds
234.739: [GC (Allocation Failure)  407080K->84936K(1035264K), 0.0038901 secs]
234.743: Total time for which application threads were stopped: 0.0040573 seconds, Stopping threads took: 0.0000212 seconds
234.810: [GC (Allocation Failure)  407496K->88296K(1035264K), 0.0045874 secs]
234.815: Total time for which application threads were stopped: 0.0047653 seconds, Stopping threads took: 0.0000200 seconds
234.884: [GC (Allocation Failure)  410856K->93034K(1035264K), 0.0039436 secs]
234.889: Total time for which application threads were stopped: 0.0041086 seconds, Stopping threads took: 0.0000185 seconds
234.957: [GC (Allocation Failure)  415594K->92970K(1035264K), 0.0040695 secs]
234.961: Total time for which application threads were stopped: 0.0042392 seconds, Stopping threads took: 0.0000196 seconds
235.028: [GC (Allocation Failure)  415530K->96490K(1035264K), 0.0046274 secs]
235.033: Total time for which application threads were stopped: 0.0048129 seconds, Stopping threads took: 0.0000275 seconds
235.103: [GC (Allocation Failure)  419050K->101260K(1035264K), 0.0039234 secs]
235.107: Total time for which application threads were stopped: 0.0040962 seconds, Stopping threads took: 0.0000191 seconds
235.175: [GC (Allocation Failure)  423820K->101036K(1035264K), 0.0038470 secs]
235.179: Total time for which application threads were stopped: 0.0040230 seconds, Stopping threads took: 0.0000260 seconds
235.248: [GC (Allocation Failure)  423596K->96682K(1035264K), 0.0022686 secs]
235.251: Total time for which application threads were stopped: 0.0024225 seconds, Stopping threads took: 0.0000197 seconds
235.321: [GC (Allocation Failure)  419242K->101164K(1035264K), 0.0040404 secs]
235.325: Total time for which application threads were stopped: 0.0042026 seconds, Stopping threads took: 0.0000193 seconds
235.393: [GC (Allocation Failure)  423724K->101004K(1035264K), 0.0038886 secs]
235.397: Total time for which application threads were stopped: 0.0040619 seconds, Stopping threads took: 0.0000261 seconds
235.465: [GC (Allocation Failure)  423564K->100970K(1035776K), 0.0038710 secs]
235.469: Total time for which application threads were stopped: 0.0040432 seconds, Stopping threads took: 0.0000197 seconds
235.537: [GC (Allocation Failure)  424042K->101164K(1035264K), 0.0047939 secs]
235.542: Total time for which application threads were stopped: 0.0049766 seconds, Stopping threads took: 0.0000208 seconds
235.610: [GC (Allocation Failure)  424236K->101004K(1035776K), 0.0039260 secs]
235.614: Total time for which application threads were stopped: 0.0040973 seconds, Stopping threads took: 0.0000195 seconds
235.682: [GC (Allocation Failure)  424588K->107306K(1035776K), 0.0068061 secs]
235.689: Total time for which application threads were stopped: 0.0069930 seconds, Stopping threads took: 0.0000283 seconds
235.758: [GC (Allocation Failure)  430890K->102668K(1032704K), 0.0039735 secs]
235.762: Total time for which application threads were stopped: 0.0041349 seconds, Stopping threads took: 0.0000193 seconds
235.830: [GC (Allocation Failure)  423180K->102572K(1034240K), 0.0066454 secs]
235.836: Total time for which application threads were stopped: 0.0068145 seconds, Stopping threads took: 0.0000277 seconds
235.904: [GC (Allocation Failure)  423084K->110090K(1030656K), 0.0073807 secs]
235.912: Total time for which application threads were stopped: 0.0075642 seconds, Stopping threads took: 0.0000192 seconds
235.978: [GC (Allocation Failure)  427530K->104364K(1032704K), 0.0040050 secs]
235.983: Total time for which application threads were stopped: 0.0041988 seconds, Stopping threads took: 0.0000201 seconds
236.052: [GC (Allocation Failure)  421804K->104332K(1033728K), 0.0038693 secs]
236.056: Total time for which application threads were stopped: 0.0040289 seconds, Stopping threads took: 0.0000173 seconds
236.123: [GC (Allocation Failure)  423308K->102346K(1033216K), 0.0030719 secs]
236.126: Total time for which application threads were stopped: 0.0032564 seconds, Stopping threads took: 0.0000207 seconds
236.194: [GC (Allocation Failure)  421322K->104524K(1034240K), 0.0045977 secs]
236.199: Total time for which application threads were stopped: 0.0047594 seconds, Stopping threads took: 0.0000134 seconds
236.268: [GC (Allocation Failure)  424524K->104364K(1033728K), 0.0040066 secs]
236.272: Total time for which application threads were stopped: 0.0041648 seconds, Stopping threads took: 0.0000170 seconds
236.337: [GC (Allocation Failure)  424364K->97962K(1033216K), 0.0012236 secs]
236.338: Total time for which application threads were stopped: 0.0013641 seconds, Stopping threads took: 0.0000346 seconds
236.408: [GC (Allocation Failure)  418474K->104492K(1034240K), 0.0039355 secs]
236.412: Total time for which application threads were stopped: 0.0040853 seconds, Stopping threads took: 0.0000166 seconds
236.480: [GC (Allocation Failure)  425004K->104332K(1035264K), 0.0037336 secs]
236.484: Total time for which application threads were stopped: 0.0039209 seconds, Stopping threads took: 0.0000204 seconds
236.551: [GC (Allocation Failure)  426380K->97642K(1034752K), 0.0012626 secs]
236.552: Total time for which application threads were stopped: 0.0013974 seconds, Stopping threads took: 0.0000194 seconds
236.624: [GC (Allocation Failure)  419690K->104428K(1034752K), 0.0038633 secs]
236.628: Total time for which application threads were stopped: 0.0040337 seconds, Stopping threads took: 0.0000196 seconds
236.696: [GC (Allocation Failure)  425964K->104332K(1034752K), 0.0039774 secs]
236.700: Total time for which application threads were stopped: 0.0041617 seconds, Stopping threads took: 0.0000163 seconds
236.768: [GC (Allocation Failure)  425868K->99370K(1035264K), 0.0018903 secs]
236.770: Total time for which application threads were stopped: 0.0020562 seconds, Stopping threads took: 0.0000244 seconds
236.838: [GC (Allocation Failure)  421930K->104396K(1035264K), 0.0038711 secs]
236.842: Total time for which application threads were stopped: 0.0040328 seconds, Stopping threads took: 0.0000196 seconds
236.910: [GC (Allocation Failure)  426956K->104364K(1035264K), 0.0039445 secs]
236.914: Total time for which application threads were stopped: 0.0041156 seconds, Stopping threads took: 0.0000193 seconds
236.982: [GC (Allocation Failure)  426924K->103690K(1035264K), 0.0038044 secs]
236.986: Total time for which application threads were stopped: 0.0039752 seconds, Stopping threads took: 0.0000189 seconds
237.052: [GC (Allocation Failure)  426250K->104364K(1036288K), 0.0039635 secs]
237.056: Total time for which application threads were stopped: 0.0041472 seconds, Stopping threads took: 0.0000201 seconds
237.125: [GC (Allocation Failure)  428460K->104332K(1035776K), 0.0040298 secs]
237.129: Total time for which application threads were stopped: 0.0041944 seconds, Stopping threads took: 0.0000197 seconds
237.198: [GC (Allocation Failure)  428428K->111010K(1032192K), 0.0185322 secs]
237.216: Total time for which application threads were stopped: 0.0187370 seconds, Stopping threads took: 0.0000253 seconds
237.283: [GC (Allocation Failure)  431522K->107020K(1034240K), 0.0041130 secs]
237.287: Total time for which application threads were stopped: 0.0042934 seconds, Stopping threads took: 0.0000164 seconds
237.356: [GC (Allocation Failure)  427532K->106796K(1035264K), 0.0039821 secs]
237.360: Total time for which application threads were stopped: 0.0041312 seconds, Stopping threads took: 0.0000164 seconds
237.427: [GC (Allocation Failure)  428844K->113162K(1034752K), 0.0067884 secs]
237.434: Total time for which application threads were stopped: 0.0069557 seconds, Stopping threads took: 0.0000194 seconds
237.502: [GC (Allocation Failure)  435210K->108076K(1032704K), 0.0039758 secs]
237.506: Total time for which application threads were stopped: 0.0041667 seconds, Stopping threads took: 0.0000191 seconds
237.575: [GC (Allocation Failure)  427564K->107916K(1033728K), 0.0037772 secs]
237.579: Total time for which application threads were stopped: 0.0039340 seconds, Stopping threads took: 0.0000175 seconds
237.646: [GC (Allocation Failure)  427404K->111946K(1033216K), 0.0055525 secs]
237.651: Total time for which application threads were stopped: 0.0057272 seconds, Stopping threads took: 0.0000253 seconds
237.719: [GC (Allocation Failure)  431434K->108044K(1033728K), 0.0040853 secs]
237.723: Total time for which application threads were stopped: 0.0042633 seconds, Stopping threads took: 0.0000261 seconds
237.790: [GC (Allocation Failure)  427532K->107916K(1034240K), 0.0039207 secs]
237.794: Total time for which application threads were stopped: 0.0040902 seconds, Stopping threads took: 0.0000197 seconds
237.859: [GC (Allocation Failure)  428428K->108106K(1034240K), 0.0040316 secs]
237.863: Total time for which application threads were stopped: 0.0042251 seconds, Stopping threads took: 0.0000195 seconds
237.932: [GC (Allocation Failure)  428618K->107980K(1035264K), 0.0036277 secs]
237.936: Total time for which application threads were stopped: 0.0037897 seconds, Stopping threads took: 0.0000191 seconds
238.005: [GC (Allocation Failure)  430028K->107916K(1034752K), 0.0040378 secs]
238.010: Total time for which application threads were stopped: 0.0042041 seconds, Stopping threads took: 0.0000189 seconds
238.077: [GC (Allocation Failure)  429964K->109322K(1035776K), 0.0046715 secs]
238.082: Total time for which application threads were stopped: 0.0048430 seconds, Stopping threads took: 0.0000192 seconds
238.150: [GC (Allocation Failure)  432906K->108172K(1035776K), 0.0064626 secs]
238.157: Total time for which application threads were stopped: 0.0066269 seconds, Stopping threads took: 0.0000203 seconds
238.227: [GC (Allocation Failure)  431756K->107884K(1036288K), 0.0038282 secs]
238.231: Total time for which application threads were stopped: 0.0040074 seconds, Stopping threads took: 0.0000195 seconds
238.299: [GC (Allocation Failure)  431980K->100810K(1024512K), 0.0009830 secs]
238.300: Total time for which application threads were stopped: 0.0011046 seconds, Stopping threads took: 0.0000200 seconds
238.367: [GC (Allocation Failure)  424906K->108148K(1035776K), 0.0039850 secs]
238.371: Total time for which application threads were stopped: 0.0041496 seconds, Stopping threads took: 0.0000195 seconds
238.440: [GC (Allocation Failure)  431220K->112108K(1035264K), 0.0049511 secs]
238.445: Total time for which application threads were stopped: 0.0051275 seconds, Stopping threads took: 0.0000200 seconds
238.511: [GC (Allocation Failure)  435180K->108170K(1035264K), 0.0027684 secs]
238.513: Total time for which application threads were stopped: 0.0029571 seconds, Stopping threads took: 0.0000202 seconds
238.585: [GC (Allocation Failure)  431754K->112236K(1035776K), 0.0042552 secs]
238.589: Total time for which application threads were stopped: 0.0044050 seconds, Stopping threads took: 0.0000168 seconds
238.658: [GC (Allocation Failure)  435820K->116172K(1036288K), 0.0040069 secs]
238.663: Total time for which application threads were stopped: 0.0041722 seconds, Stopping threads took: 0.0000213 seconds
238.732: [GC (Allocation Failure)  440268K->116204K(1035776K), 0.0041613 secs]
238.736: Total time for which application threads were stopped: 0.0043544 seconds, Stopping threads took: 0.0000284 seconds
238.804: [GC (Allocation Failure)  440300K->116268K(1034240K), 0.0042227 secs]
238.808: Total time for which application threads were stopped: 0.0043839 seconds, Stopping threads took: 0.0000191 seconds
238.875: [GC (Allocation Failure)  438828K->124270K(1035264K), 0.0040612 secs]
238.879: Total time for which application threads were stopped: 0.0042207 seconds, Stopping threads took: 0.0000202 seconds
238.945: [GC (Allocation Failure)  446830K->124238K(1035776K), 0.0041620 secs]
238.950: Total time for which application threads were stopped: 0.0043379 seconds, Stopping threads took: 0.0000204 seconds
239.016: [GC (Allocation Failure)  447822K->124302K(1023488K), 0.0042384 secs]
239.021: Total time for which application threads were stopped: 0.0044126 seconds, Stopping threads took: 0.0000197 seconds
239.087: [GC (Allocation Failure)  447886K->132273K(1035264K), 0.0040985 secs]
239.091: Total time for which application threads were stopped: 0.0042584 seconds, Stopping threads took: 0.0000196 seconds
239.160: [GC (Allocation Failure)  454833K->132273K(1035264K), 0.0043760 secs]
239.165: Total time for which application threads were stopped: 0.0045699 seconds, Stopping threads took: 0.0000283 seconds
239.235: [GC (Allocation Failure)  454833K->132521K(1034240K), 0.0040983 secs]
239.239: Total time for which application threads were stopped: 0.0042470 seconds, Stopping threads took: 0.0000166 seconds
239.307: [GC (Allocation Failure)  454057K->140299K(1034752K), 0.0041634 secs]
239.311: Total time for which application threads were stopped: 0.0043300 seconds, Stopping threads took: 0.0000194 seconds
239.380: [GC (Allocation Failure)  461835K->140299K(1034752K), 0.0041011 secs]
239.384: Total time for which application threads were stopped: 0.0042626 seconds, Stopping threads took: 0.0000198 seconds
239.451: [GC (Allocation Failure)  461835K->140739K(1021440K), 0.0043486 secs]
239.455: Total time for which application threads were stopped: 0.0045274 seconds, Stopping threads took: 0.0000217 seconds
239.523: [GC (Allocation Failure)  462275K->148325K(1034240K), 0.0037685 secs]
239.527: Total time for which application threads were stopped: 0.0039290 seconds, Stopping threads took: 0.0000201 seconds
239.594: [GC (Allocation Failure)  468837K->148357K(1034240K), 0.0040609 secs]
239.599: Total time for which application threads were stopped: 0.0042527 seconds, Stopping threads took: 0.0000194 seconds
239.666: [GC (Allocation Failure)  468869K->148453K(1034240K), 0.0041259 secs]
239.670: Total time for which application threads were stopped: 0.0042909 seconds, Stopping threads took: 0.0000253 seconds
239.738: [GC (Allocation Failure)  468965K->156391K(1034240K), 0.0038400 secs]
239.742: Total time for which application threads were stopped: 0.0040100 seconds, Stopping threads took: 0.0000248 seconds
239.811: [GC (Allocation Failure)  476903K->156391K(1034240K), 0.0042129 secs]
239.815: Total time for which application threads were stopped: 0.0043831 seconds, Stopping threads took: 0.0000204 seconds
239.881: [GC (Allocation Failure)  476903K->156423K(1020416K), 0.0040156 secs]
239.885: Total time for which application threads were stopped: 0.0041783 seconds, Stopping threads took: 0.0000208 seconds
239.954: [GC (Allocation Failure)  476935K->164426K(1033728K), 0.0041470 secs]
239.958: Total time for which application threads were stopped: 0.0043246 seconds, Stopping threads took: 0.0000190 seconds
240.024: [GC (Allocation Failure)  483914K->164362K(1033728K), 0.0042197 secs]
240.028: Total time for which application threads were stopped: 0.0043891 seconds, Stopping threads took: 0.0000203 seconds
240.093: [GC (Allocation Failure)  483850K->164458K(1033728K), 0.0039934 secs]
240.097: Total time for which application threads were stopped: 0.0041554 seconds, Stopping threads took: 0.0000198 seconds
240.164: [GC (Allocation Failure)  483946K->172428K(1033728K), 0.0045068 secs]
240.168: Total time for which application threads were stopped: 0.0046798 seconds, Stopping threads took: 0.0000213 seconds
240.235: [GC (Allocation Failure)  491916K->172396K(1033728K), 0.0039909 secs]
240.239: Total time for which application threads were stopped: 0.0041388 seconds, Stopping threads took: 0.0000167 seconds
240.306: [GC (Allocation Failure)  491884K->172556K(1033728K), 0.0043208 secs]
240.311: Total time for which application threads were stopped: 0.0044756 seconds, Stopping threads took: 0.0000191 seconds
240.378: [GC (Allocation Failure)  492044K->180462K(1033728K), 0.0039492 secs]
240.382: Total time for which application threads were stopped: 0.0041415 seconds, Stopping threads took: 0.0000194 seconds
240.449: [GC (Allocation Failure)  499950K->180462K(1033728K), 0.0040537 secs]
240.453: Total time for which application threads were stopped: 0.0042013 seconds, Stopping threads took: 0.0000160 seconds
240.520: [GC (Allocation Failure)  499950K->180518K(1032704K), 0.0042012 secs]
240.524: Total time for which application threads were stopped: 0.0043711 seconds, Stopping threads took: 0.0000203 seconds
240.589: [GC (Allocation Failure)  498982K->188520K(1033216K), 0.0041526 secs]
240.593: Total time for which application threads were stopped: 0.0043268 seconds, Stopping threads took: 0.0000200 seconds
240.662: [GC (Allocation Failure)  506980K->184614K(1034240K), 0.0029479 secs]
240.665: Total time for which application threads were stopped: 0.0031158 seconds, Stopping threads took: 0.0000271 seconds
240.734: [GC (Allocation Failure)  504102K->188648K(1033216K), 0.0044084 secs]
240.739: Total time for which application threads were stopped: 0.0045695 seconds, Stopping threads took: 0.0000199 seconds
240.806: [GC (Allocation Failure)  508136K->192648K(1034752K), 0.0041962 secs]
240.811: Total time for which application threads were stopped: 0.0043728 seconds, Stopping threads took: 0.0000197 seconds
240.879: [GC (Allocation Failure)  514184K->185862K(1034752K), 0.0013002 secs]
240.881: Total time for which application threads were stopped: 0.0014388 seconds, Stopping threads took: 0.0000273 seconds
240.949: [GC (Allocation Failure)  507398K->192680K(1034752K), 0.0040706 secs]
240.953: Total time for which application threads were stopped: 0.0042375 seconds, Stopping threads took: 0.0000190 seconds
241.020: [GC (Allocation Failure)  514216K->196792K(1034752K), 0.0048974 secs]
241.025: Total time for which application threads were stopped: 0.0050533 seconds, Stopping threads took: 0.0000196 seconds
241.092: [GC (Allocation Failure)  518328K->191222K(1034752K), 0.0019875 secs]
241.094: Total time for which application threads were stopped: 0.0021248 seconds, Stopping threads took: 0.0000197 seconds
241.164: [GC (Allocation Failure)  512758K->197056K(1034752K), 0.0043249 secs]
241.168: Total time for which application threads were stopped: 0.0044946 seconds, Stopping threads took: 0.0000195 seconds
241.236: [GC (Allocation Failure)  518592K->200928K(1035264K), 0.0044769 secs]
241.241: Total time for which application threads were stopped: 0.0046480 seconds, Stopping threads took: 0.0000200 seconds
241.306: [GC (Allocation Failure)  523416K->197022K(1035264K), 0.0028821 secs]
241.309: Total time for which application threads were stopped: 0.0030579 seconds, Stopping threads took: 0.0000200 seconds
241.380: [GC (Allocation Failure)  519582K->201064K(1036288K), 0.0043239 secs]
241.384: Total time for which application threads were stopped: 0.0045014 seconds, Stopping threads took: 0.0000246 seconds
241.453: [GC (Allocation Failure)  525160K->205032K(1035776K), 0.0041775 secs]
241.457: Total time for which application threads were stopped: 0.0043724 seconds, Stopping threads took: 0.0000201 seconds
241.527: [GC (Allocation Failure)  529128K->205032K(1035776K), 0.0040241 secs]
241.531: Total time for which application threads were stopped: 0.0041842 seconds, Stopping threads took: 0.0000172 seconds
241.600: [GC (Allocation Failure)  528616K->205096K(1023488K), 0.0043129 secs]
241.604: Total time for which application threads were stopped: 0.0044701 seconds, Stopping threads took: 0.0000189 seconds
241.674: [GC (Allocation Failure)  528680K->213099K(1035264K), 0.0040729 secs]
241.678: Total time for which application threads were stopped: 0.0042362 seconds, Stopping threads took: 0.0000260 seconds
241.747: [GC (Allocation Failure)  535659K->213067K(1030144K), 0.0039422 secs]
241.751: Total time for which application threads were stopped: 0.0041157 seconds, Stopping threads took: 0.0000200 seconds
241.817: [GC (Allocation Failure)  535627K->213123K(1034752K), 0.0044150 secs]
241.821: Total time for which application threads were stopped: 0.0045769 seconds, Stopping threads took: 0.0000199 seconds
241.889: [GC (Allocation Failure)  534659K->221093K(1029120K), 0.0040971 secs]
241.893: Total time for which application threads were stopped: 0.0042921 seconds, Stopping threads took: 0.0000199 seconds
241.963: [GC (Allocation Failure)  542629K->221093K(1034240K), 0.0041870 secs]
241.968: Total time for which application threads were stopped: 0.0043635 seconds, Stopping threads took: 0.0000274 seconds
242.035: [GC (Allocation Failure)  541605K->221349K(1034240K), 0.0044288 secs]
242.040: Total time for which application threads were stopped: 0.0045960 seconds, Stopping threads took: 0.0000212 seconds
242.108: [GC (Allocation Failure)  541861K->229127K(1034240K), 0.0064593 secs]
242.115: Total time for which application threads were stopped: 0.0066257 seconds, Stopping threads took: 0.0000196 seconds
242.183: [GC (Allocation Failure)  549639K->229159K(1034240K), 0.0039359 secs]
242.187: Total time for which application threads were stopped: 0.0041212 seconds, Stopping threads took: 0.0000278 seconds
242.255: [GC (Allocation Failure)  549671K->229543K(1033216K), 0.0042358 secs]
242.259: Total time for which application threads were stopped: 0.0043966 seconds, Stopping threads took: 0.0000197 seconds
242.326: [GC (Allocation Failure)  549031K->237130K(1033728K), 0.0041401 secs]
242.331: Total time for which application threads were stopped: 0.0043090 seconds, Stopping threads took: 0.0000192 seconds
242.398: [GC (Allocation Failure)  556618K->237194K(1033728K), 0.0043087 secs]
242.403: Total time for which application threads were stopped: 0.0044811 seconds, Stopping threads took: 0.0000191 seconds
242.467: [GC (Allocation Failure)  556682K->237290K(1033728K), 0.0044322 secs]
242.472: Total time for which application threads were stopped: 0.0045925 seconds, Stopping threads took: 0.0000191 seconds
242.539: [GC (Allocation Failure)  556778K->245228K(1033728K), 0.0041078 secs]
242.543: Total time for which application threads were stopped: 0.0042680 seconds, Stopping threads took: 0.0000196 seconds
242.610: [GC (Allocation Failure)  564716K->245228K(1033728K), 0.0039581 secs]
242.614: Total time for which application threads were stopped: 0.0041552 seconds, Stopping threads took: 0.0000192 seconds
242.682: [GC (Allocation Failure)  564716K->245260K(1033728K), 0.0043487 secs]
242.687: Total time for which application threads were stopped: 0.0045039 seconds, Stopping threads took: 0.0000255 seconds
242.753: [GC (Allocation Failure)  564748K->253262K(1027072K), 0.0041005 secs]
242.758: Total time for which application threads were stopped: 0.0042662 seconds, Stopping threads took: 0.0000169 seconds
242.823: [GC (Allocation Failure)  572750K->249324K(1034240K), 0.0030735 secs]
242.826: Total time for which application threads were stopped: 0.0032633 seconds, Stopping threads took: 0.0000202 seconds
242.895: [GC (Allocation Failure)  568812K->253390K(1033216K), 0.0044524 secs]
242.900: Total time for which application threads were stopped: 0.0046115 seconds, Stopping threads took: 0.0000174 seconds
242.970: [GC (Allocation Failure)  572878K->257390K(1034752K), 0.0040423 secs]
242.974: Total time for which application threads were stopped: 0.0042263 seconds, Stopping threads took: 0.0000173 seconds
243.042: [GC (Allocation Failure)  578926K->250604K(1034752K), 0.0014356 secs]
243.043: Total time for which application threads were stopped: 0.0015679 seconds, Stopping threads took: 0.0000189 seconds
243.112: [GC (Allocation Failure)  572140K->257398K(1034752K), 0.0040787 secs]
243.116: Total time for which application threads were stopped: 0.0042616 seconds, Stopping threads took: 0.0000175 seconds
243.185: [GC (Allocation Failure)  578934K->261510K(1034752K), 0.0050143 secs]
243.190: Total time for which application threads were stopped: 0.0051725 seconds, Stopping threads took: 0.0000257 seconds
243.258: [GC (Allocation Failure)  583046K->255972K(1034752K), 0.0021860 secs]
243.260: Total time for which application threads were stopped: 0.0023304 seconds, Stopping threads took: 0.0000188 seconds
243.327: [GC (Allocation Failure)  577508K->261774K(1034752K), 0.0043365 secs]
243.332: Total time for which application threads were stopped: 0.0044963 seconds, Stopping threads took: 0.0000194 seconds
243.400: [GC (Allocation Failure)  583310K->265678K(1034752K), 0.0046903 secs]
243.405: Total time for which application threads were stopped: 0.0048513 seconds, Stopping threads took: 0.0000193 seconds
243.472: [GC (Allocation Failure)  588166K->261740K(1035264K), 0.0030226 secs]
243.475: Total time for which application threads were stopped: 0.0031885 seconds, Stopping threads took: 0.0000195 seconds
243.543: [GC (Allocation Failure)  584300K->265798K(1036288K), 0.0045617 secs]
243.547: Total time for which application threads were stopped: 0.0047285 seconds, Stopping threads took: 0.0000187 seconds
243.616: [GC (Allocation Failure)  589894K->269798K(1035776K), 0.0042499 secs]
243.621: Total time for which application threads were stopped: 0.0044089 seconds, Stopping threads took: 0.0000194 seconds
243.690: [GC (Allocation Failure)  593894K->269766K(1035776K), 0.0040126 secs]
243.694: Total time for which application threads were stopped: 0.0041898 seconds, Stopping threads took: 0.0000262 seconds
243.762: [GC (Allocation Failure)  593350K->269830K(1023488K), 0.0064827 secs]
243.768: Total time for which application threads were stopped: 0.0066543 seconds, Stopping threads took: 0.0000262 seconds
243.836: [GC (Allocation Failure)  593414K->277832K(1035264K), 0.0041808 secs]
243.841: Total time for which application threads were stopped: 0.0043480 seconds, Stopping threads took: 0.0000282 seconds
243.910: [GC (Allocation Failure)  600392K->277768K(1030144K), 0.0039717 secs]
243.914: Total time for which application threads were stopped: 0.0041283 seconds, Stopping threads took: 0.0000199 seconds
243.982: [GC (Allocation Failure)  600328K->277864K(1034752K), 0.0043391 secs]
243.987: Total time for which application threads were stopped: 0.0045253 seconds, Stopping threads took: 0.0000194 seconds
244.056: [GC (Allocation Failure)  599400K->285835K(1034752K), 0.0045475 secs]
244.061: Total time for which application threads were stopped: 0.0047189 seconds, Stopping threads took: 0.0000200 seconds
244.129: [GC (Allocation Failure)  607371K->285835K(1033728K), 0.0041767 secs]
244.133: Total time for which application threads were stopped: 0.0043558 seconds, Stopping threads took: 0.0000201 seconds
244.201: [GC (Allocation Failure)  606347K->286059K(1034240K), 0.0051867 secs]
244.206: Total time for which application threads were stopped: 0.0053644 seconds, Stopping threads took: 0.0000252 seconds
244.274: [GC (Allocation Failure)  606571K->293901K(1034240K), 0.0041313 secs]
244.279: Total time for which application threads were stopped: 0.0042920 seconds, Stopping threads took: 0.0000189 seconds
244.347: [GC (Allocation Failure)  614413K->293869K(1034240K), 0.0044659 secs]
244.351: Total time for which application threads were stopped: 0.0046260 seconds, Stopping threads took: 0.0000199 seconds
244.418: [GC (Allocation Failure)  614381K->294285K(1033216K), 0.0045727 secs]
244.423: Total time for which application threads were stopped: 0.0047635 seconds, Stopping threads took: 0.0000198 seconds
244.492: [GC (Allocation Failure)  613773K->301903K(1033728K), 0.0043684 secs]
244.497: Total time for which application threads were stopped: 0.0045584 seconds, Stopping threads took: 0.0000194 seconds
244.566: [GC (Allocation Failure)  621391K->301935K(1033728K), 0.0043551 secs]
244.570: Total time for which application threads were stopped: 0.0045227 seconds, Stopping threads took: 0.0000211 seconds
244.635: [GC (Allocation Failure)  621423K->302055K(1033728K), 0.0045216 secs]
244.640: Total time for which application threads were stopped: 0.0046933 seconds, Stopping threads took: 0.0000200 seconds
244.709: [GC (Allocation Failure)  621543K->309929K(1033728K), 0.0041070 secs]
244.714: Total time for which application threads were stopped: 0.0042690 seconds, Stopping threads took: 0.0000264 seconds
244.781: [GC (Allocation Failure)  629417K->309929K(1033728K), 0.0043533 secs]
244.785: Total time for which application threads were stopped: 0.0045211 seconds, Stopping threads took: 0.0000272 seconds
244.853: [GC (Allocation Failure)  629417K->309993K(1033728K), 0.0045016 secs]
244.858: Total time for which application threads were stopped: 0.0046586 seconds, Stopping threads took: 0.0000192 seconds
244.925: [GC (Allocation Failure)  629481K->317964K(1027072K), 0.0043405 secs]
244.929: Total time for which application threads were stopped: 0.0045088 seconds, Stopping threads took: 0.0000197 seconds
244.994: [GC (Allocation Failure)  637451K->314057K(1034240K), 0.0032299 secs]
244.997: Total time for which application threads were stopped: 0.0034017 seconds, Stopping threads took: 0.0000208 seconds
245.064: [GC (Allocation Failure)  633545K->318116K(1033216K), 0.0046130 secs]
245.069: Total time for which application threads were stopped: 0.0047832 seconds, Stopping threads took: 0.0000200 seconds
245.136: [GC (Allocation Failure)  637604K->322084K(1034752K), 0.0043623 secs]
245.141: Total time for which application threads were stopped: 0.0045617 seconds, Stopping threads took: 0.0000194 seconds
245.208: [GC (Allocation Failure)  643620K->315297K(1034752K), 0.0064938 secs]
245.215: Total time for which application threads were stopped: 0.0066628 seconds, Stopping threads took: 0.0000192 seconds
245.283: [GC (Allocation Failure)  636833K->322148K(1034752K), 0.0043817 secs]
245.288: Total time for which application threads were stopped: 0.0045510 seconds, Stopping threads took: 0.0000189 seconds
245.354: [GC (Allocation Failure)  643684K->326228K(1034752K), 0.0052162 secs]
245.359: Total time for which application threads were stopped: 0.0053803 seconds, Stopping threads took: 0.0000201 seconds
245.425: [GC (Allocation Failure)  647764K->320657K(1034752K), 0.0021970 secs]
245.427: Total time for which application threads were stopped: 0.0023635 seconds, Stopping threads took: 0.0000199 seconds
245.494: [GC (Allocation Failure)  642193K->326500K(1034752K), 0.0043401 secs]
245.499: Total time for which application threads were stopped: 0.0045016 seconds, Stopping threads took: 0.0000195 seconds
245.566: [GC (Allocation Failure)  648036K->330372K(1034752K), 0.0048982 secs]
245.571: Total time for which application threads were stopped: 0.0050674 seconds, Stopping threads took: 0.0000204 seconds
245.638: [GC (Allocation Failure)  652860K->326465K(1035264K), 0.0032284 secs]
245.641: Total time for which application threads were stopped: 0.0033974 seconds, Stopping threads took: 0.0000194 seconds
245.710: [GC (Allocation Failure)  649025K->330540K(1036288K), 0.0044099 secs]
245.714: Total time for which application threads were stopped: 0.0045976 seconds, Stopping threads took: 0.0000290 seconds
245.784: [GC (Allocation Failure)  654636K->334476K(1035776K), 0.0044854 secs]
245.788: Total time for which application threads were stopped: 0.0046681 seconds, Stopping threads took: 0.0000164 seconds
245.858: [GC (Allocation Failure)  658572K->334508K(1035776K), 0.0043562 secs]
245.862: Total time for which application threads were stopped: 0.0045162 seconds, Stopping threads took: 0.0000196 seconds
245.930: [GC (Allocation Failure)  658092K->334572K(1023488K), 0.0044940 secs]
245.934: Total time for which application threads were stopped: 0.0046552 seconds, Stopping threads took: 0.0000194 seconds
246.000: [GC (Allocation Failure)  658156K->342542K(1035264K), 0.0044084 secs]
246.005: Total time for which application threads were stopped: 0.0045728 seconds, Stopping threads took: 0.0000195 seconds
246.072: [GC (Allocation Failure)  665102K->342542K(1030144K), 0.0042750 secs]
246.077: Total time for which application threads were stopped: 0.0044332 seconds, Stopping threads took: 0.0000192 seconds
246.144: [GC (Allocation Failure)  665102K->342598K(1034752K), 0.0044293 secs]
246.148: Total time for which application threads were stopped: 0.0046395 seconds, Stopping threads took: 0.0000190 seconds
246.219: [GC (Allocation Failure)  664134K->350600K(1034752K), 0.0045617 secs]
246.224: Total time for which application threads were stopped: 0.0047593 seconds, Stopping threads took: 0.0000189 seconds
246.293: [GC (Allocation Failure)  672136K->350568K(1033728K), 0.0042209 secs]
246.298: Total time for which application threads were stopped: 0.0043833 seconds, Stopping threads took: 0.0000179 seconds
246.366: [GC (Allocation Failure)  671080K->350824K(1034240K), 0.0043936 secs]
246.371: Total time for which application threads were stopped: 0.0045592 seconds, Stopping threads took: 0.0000255 seconds
246.439: [GC (Allocation Failure)  671336K->358634K(1034240K), 0.0044418 secs]
246.443: Total time for which application threads were stopped: 0.0046124 seconds, Stopping threads took: 0.0000201 seconds
246.511: [GC (Allocation Failure)  679146K->358602K(1034240K), 0.0043245 secs]
246.516: Total time for which application threads were stopped: 0.0044929 seconds, Stopping threads took: 0.0000195 seconds
246.584: [GC (Allocation Failure)  679114K->359010K(1033216K), 0.0047553 secs]
246.589: Total time for which application threads were stopped: 0.0049483 seconds, Stopping threads took: 0.0000256 seconds
246.657: [GC (Allocation Failure)  678498K->366661K(1033728K), 0.0045235 secs]
246.662: Total time for which application threads were stopped: 0.0046948 seconds, Stopping threads took: 0.0000203 seconds
246.730: [GC (Allocation Failure)  686149K->366629K(1033728K), 0.0044359 secs]
246.735: Total time for which application threads were stopped: 0.0046105 seconds, Stopping threads took: 0.0000253 seconds
246.801: [GC (Allocation Failure)  686117K->366757K(1033728K), 0.0048601 secs]
246.806: Total time for which application threads were stopped: 0.0050270 seconds, Stopping threads took: 0.0000195 seconds
246.874: [GC (Allocation Failure)  686245K->374663K(1033728K), 0.0044803 secs]
246.879: Total time for which application threads were stopped: 0.0046515 seconds, Stopping threads took: 0.0000202 seconds
246.947: [GC (Allocation Failure)  694151K->374663K(1033728K), 0.0044279 secs]
246.951: Total time for which application threads were stopped: 0.0045889 seconds, Stopping threads took: 0.0000204 seconds
247.018: [GC (Allocation Failure)  694151K->374727K(1033728K), 0.0047598 secs]
247.023: Total time for which application threads were stopped: 0.0049223 seconds, Stopping threads took: 0.0000197 seconds
247.089: [GC (Allocation Failure)  694215K->382729K(1027072K), 0.0046770 secs]
247.094: Total time for which application threads were stopped: 0.0048355 seconds, Stopping threads took: 0.0000192 seconds
247.159: [GC (Allocation Failure)  702217K->378759K(1034240K), 0.0044456 secs]
247.163: Total time for which application threads were stopped: 0.0046174 seconds, Stopping threads took: 0.0000197 seconds
247.234: [GC (Allocation Failure)  698247K->382857K(1033216K), 0.0047699 secs]
247.239: Total time for which application threads were stopped: 0.0049623 seconds, Stopping threads took: 0.0000195 seconds
247.308: [GC (Allocation Failure)  702345K->386857K(1034752K), 0.0043995 secs]
247.313: Total time for which application threads were stopped: 0.0045878 seconds, Stopping threads took: 0.0000258 seconds
247.380: [GC (Allocation Failure)  708393K->380071K(1034752K), 0.0017461 secs]
247.382: Total time for which application threads were stopped: 0.0018857 seconds, Stopping threads took: 0.0000205 seconds
247.449: [GC (Allocation Failure)  701607K->386897K(1034752K), 0.0044953 secs]
247.454: Total time for which application threads were stopped: 0.0046660 seconds, Stopping threads took: 0.0000200 seconds
247.520: [GC (Allocation Failure)  708433K->391009K(1034752K), 0.0054331 secs]
247.525: Total time for which application threads were stopped: 0.0056020 seconds, Stopping threads took: 0.0000196 seconds
247.592: [GC (Allocation Failure)  712545K->385439K(1034752K), 0.0024106 secs]
247.594: Total time for which application threads were stopped: 0.0025596 seconds, Stopping threads took: 0.0000192 seconds
247.662: [GC (Allocation Failure)  706975K->391249K(1034752K), 0.0046234 secs]
247.667: Total time for which application threads were stopped: 0.0047840 seconds, Stopping threads took: 0.0000189 seconds
247.734: [GC (Allocation Failure)  712785K->395161K(1035264K), 0.0049695 secs]
247.739: Total time for which application threads were stopped: 0.0051537 seconds, Stopping threads took: 0.0000257 seconds
247.806: [GC (Allocation Failure)  717650K->391191K(1035264K), 0.0054535 secs]
247.812: Total time for which application threads were stopped: 0.0056196 seconds, Stopping threads took: 0.0000196 seconds
247.881: [GC (Allocation Failure)  713751K->395297K(1036288K), 0.0047328 secs]
247.886: Total time for which application threads were stopped: 0.0049039 seconds, Stopping threads took: 0.0000219 seconds
247.953: [GC (Allocation Failure)  719393K->399233K(1035776K), 0.0044581 secs]
247.958: Total time for which application threads were stopped: 0.0046467 seconds, Stopping threads took: 0.0000292 seconds
248.027: [GC (Allocation Failure)  723329K->399265K(1035776K), 0.0058312 secs]
248.033: Total time for which application threads were stopped: 0.0060076 seconds, Stopping threads took: 0.0000206 seconds
248.101: [GC (Allocation Failure)  722849K->399329K(1023488K), 0.0047192 secs]
248.106: Total time for which application threads were stopped: 0.0049055 seconds, Stopping threads took: 0.0000211 seconds
248.173: [GC (Allocation Failure)  722913K->407300K(1035264K), 0.0045689 secs]
248.177: Total time for which application threads were stopped: 0.0047523 seconds, Stopping threads took: 0.0000197 seconds
248.248: [GC (Allocation Failure)  729860K->407300K(1030144K), 0.0044226 secs]
248.252: Total time for which application threads were stopped: 0.0045957 seconds, Stopping threads took: 0.0000201 seconds
248.319: [GC (Allocation Failure)  729860K->407364K(1034752K), 0.0046292 secs]
248.324: Total time for which application threads were stopped: 0.0047998 seconds, Stopping threads took: 0.0000196 seconds
248.391: [GC (Allocation Failure)  728900K->415366K(1029120K), 0.0047614 secs]
248.396: Total time for which application threads were stopped: 0.0049238 seconds, Stopping threads took: 0.0000202 seconds
248.464: [GC (Allocation Failure)  736902K->415334K(1034240K), 0.0042495 secs]
248.468: Total time for which application threads were stopped: 0.0044201 seconds, Stopping threads took: 0.0000196 seconds
248.537: [GC (Allocation Failure)  735846K->415590K(1034240K), 0.0045361 secs]
248.542: Total time for which application threads were stopped: 0.0047281 seconds, Stopping threads took: 0.0000195 seconds
248.611: [GC (Allocation Failure)  736102K->423400K(1034240K), 0.0045896 secs]
248.616: Total time for which application threads were stopped: 0.0047615 seconds, Stopping threads took: 0.0000197 seconds
248.683: [GC (Allocation Failure)  743912K->423368K(1034240K), 0.0044249 secs]
248.688: Total time for which application threads were stopped: 0.0045895 seconds, Stopping threads took: 0.0000256 seconds
248.755: [GC (Allocation Failure)  743880K->423784K(1033216K), 0.0045288 secs]
248.759: Total time for which application threads were stopped: 0.0046909 seconds, Stopping threads took: 0.0000196 seconds
248.827: [GC (Allocation Failure)  743272K->431434K(1033728K), 0.0046791 secs]
248.831: Total time for which application threads were stopped: 0.0048500 seconds, Stopping threads took: 0.0000198 seconds
248.899: [GC (Allocation Failure)  750922K->431402K(1033728K), 0.0046770 secs]
248.904: Total time for which application threads were stopped: 0.0048381 seconds, Stopping threads took: 0.0000203 seconds
248.968: [GC (Allocation Failure)  750890K->431498K(1033728K), 0.0052971 secs]
248.973: Total time for which application threads were stopped: 0.0054642 seconds, Stopping threads took: 0.0000196 seconds
249.041: [GC (Allocation Failure)  750986K->439437K(1033728K), 0.0064894 secs]
249.047: Total time for which application threads were stopped: 0.0066458 seconds, Stopping threads took: 0.0000195 seconds
249.114: [GC (Allocation Failure)  758925K->439437K(1033728K), 0.0046596 secs]
249.119: Total time for which application threads were stopped: 0.0048249 seconds, Stopping threads took: 0.0000186 seconds
249.186: [GC (Allocation Failure)  758925K->439501K(1033728K), 0.0047702 secs]
249.191: Total time for which application threads were stopped: 0.0049429 seconds, Stopping threads took: 0.0000277 seconds
249.258: [GC (Allocation Failure)  758989K->447503K(1027072K), 0.0046680 secs]
249.263: Total time for which application threads were stopped: 0.0048345 seconds, Stopping threads took: 0.0000194 seconds
249.328: [GC (Allocation Failure)  766990K->443565K(1034240K), 0.0034769 secs]
249.331: Total time for which application threads were stopped: 0.0036355 seconds, Stopping threads took: 0.0000194 seconds
249.398: [GC (Allocation Failure)  763053K->447631K(1033216K), 0.0049005 secs]
249.403: Total time for which application threads were stopped: 0.0050605 seconds, Stopping threads took: 0.0000194 seconds
249.470: [GC (Allocation Failure)  767119K->451567K(1034752K), 0.0046193 secs]
249.475: Total time for which application threads were stopped: 0.0047768 seconds, Stopping threads took: 0.0000192 seconds
249.541: [GC (Allocation Failure)  773103K->444845K(1034752K), 0.0019782 secs]
249.544: Total time for which application threads were stopped: 0.0021183 seconds, Stopping threads took: 0.0000195 seconds
249.610: [GC (Allocation Failure)  766381K->451671K(1034752K), 0.0045242 secs]
249.615: Total time for which application threads were stopped: 0.0046847 seconds, Stopping threads took: 0.0000194 seconds
249.681: [GC (Allocation Failure)  773207K->455751K(1034752K), 0.0054675 secs]
249.686: Total time for which application threads were stopped: 0.0056411 seconds, Stopping threads took: 0.0000267 seconds
249.752: [GC (Allocation Failure)  777287K->450213K(1034752K), 0.0026719 secs]
249.754: Total time for which application threads were stopped: 0.0028262 seconds, Stopping threads took: 0.0000194 seconds
249.821: [GC (Allocation Failure)  771749K->456015K(1034752K), 0.0045159 secs]
249.826: Total time for which application threads were stopped: 0.0046868 seconds, Stopping threads took: 0.0000200 seconds
249.893: [GC (Allocation Failure)  777551K->459919K(1034752K), 0.0048522 secs]
249.898: Total time for which application threads were stopped: 0.0050480 seconds, Stopping threads took: 0.0000198 seconds
249.966: [GC (Allocation Failure)  782407K->456013K(1035264K), 0.0065369 secs]
249.972: Total time for which application threads were stopped: 0.0067008 seconds, Stopping threads took: 0.0000169 seconds
250.040: [GC (Allocation Failure)  778573K->460039K(1036288K), 0.0049831 secs]
250.046: Total time for which application threads were stopped: 0.0051621 seconds, Stopping threads took: 0.0000189 seconds
250.114: [GC (Allocation Failure)  784135K->464007K(1035776K), 0.0047339 secs]
250.119: Total time for which application threads were stopped: 0.0049112 seconds, Stopping threads took: 0.0000211 seconds
250.188: [GC (Allocation Failure)  788103K->464007K(1035776K), 0.0091188 secs]
250.197: Total time for which application threads were stopped: 0.0092749 seconds, Stopping threads took: 0.0000248 seconds
250.266: [GC (Allocation Failure)  787591K->464071K(1023488K), 0.0048697 secs]
250.271: Total time for which application threads were stopped: 0.0050377 seconds, Stopping threads took: 0.0000187 seconds
250.337: [GC (Allocation Failure)  787655K->472041K(1035264K), 0.0047317 secs]
250.342: Total time for which application threads were stopped: 0.0049170 seconds, Stopping threads took: 0.0000200 seconds
250.411: [GC (Allocation Failure)  794601K->472073K(1030144K), 0.0043673 secs]
250.415: Total time for which application threads were stopped: 0.0045051 seconds, Stopping threads took: 0.0000167 seconds
250.483: [GC (Allocation Failure)  794633K->472105K(1034752K), 0.0048045 secs]
250.488: Total time for which application threads were stopped: 0.0049963 seconds, Stopping threads took: 0.0000242 seconds
250.557: [GC (Allocation Failure)  793641K->480075K(1034752K), 0.0046742 secs]
250.562: Total time for which application threads were stopped: 0.0048346 seconds, Stopping threads took: 0.0000199 seconds
250.630: [GC (Allocation Failure)  801611K->480075K(1033728K), 0.0045383 secs]
250.634: Total time for which application threads were stopped: 0.0046954 seconds, Stopping threads took: 0.0000193 seconds
250.703: [GC (Allocation Failure)  800587K->480331K(1034240K), 0.0048585 secs]
250.708: Total time for which application threads were stopped: 0.0050610 seconds, Stopping threads took: 0.0000260 seconds
250.777: [GC (Allocation Failure)  800843K->488110K(1034240K), 0.0046398 secs]
250.782: Total time for which application threads were stopped: 0.0048334 seconds, Stopping threads took: 0.0000201 seconds
250.852: [GC (Allocation Failure)  808622K->488110K(1034240K), 0.0048299 secs]
250.857: Total time for which application threads were stopped: 0.0050078 seconds, Stopping threads took: 0.0000190 seconds
250.924: [GC (Allocation Failure)  808622K->488518K(1033216K), 0.0047662 secs]
250.929: Total time for which application threads were stopped: 0.0049386 seconds, Stopping threads took: 0.0000204 seconds
250.997: [GC (Allocation Failure)  808006K->496136K(1033728K), 0.0047641 secs]
251.002: Total time for which application threads were stopped: 0.0049338 seconds, Stopping threads took: 0.0000200 seconds
251.070: [GC (Allocation Failure)  815624K->496136K(1033728K), 0.0046255 secs]
251.074: Total time for which application threads were stopped: 0.0048213 seconds, Stopping threads took: 0.0000204 seconds
251.140: [GC (Allocation Failure)  815624K->496296K(1033728K), 0.0048760 secs]
251.145: Total time for which application threads were stopped: 0.0050341 seconds, Stopping threads took: 0.0000188 seconds
251.213: [GC (Allocation Failure)  815784K->504202K(1033728K), 0.0053255 secs]
251.219: Total time for which application threads were stopped: 0.0055152 seconds, Stopping threads took: 0.0000255 seconds
251.286: [GC (Allocation Failure)  823690K->504170K(1033728K), 0.0048257 secs]
251.291: Total time for which application threads were stopped: 0.0049778 seconds, Stopping threads took: 0.0000176 seconds
251.357: [GC (Allocation Failure)  823658K->504234K(1033728K), 0.0049009 secs]
251.362: Total time for which application threads were stopped: 0.0050749 seconds, Stopping threads took: 0.0000190 seconds
251.431: [GC (Allocation Failure)  823722K->512236K(1027072K), 0.0048590 secs]
251.436: Total time for which application threads were stopped: 0.0050410 seconds, Stopping threads took: 0.0000280 seconds
251.502: [GC (Allocation Failure)  831724K->508298K(1034240K), 0.0038751 secs]
251.506: Total time for which application threads were stopped: 0.0040450 seconds, Stopping threads took: 0.0000174 seconds
251.575: [GC (Allocation Failure)  827786K->512364K(1033216K), 0.0048189 secs]
251.580: Total time for which application threads were stopped: 0.0049679 seconds, Stopping threads took: 0.0000193 seconds
251.648: [GC (Allocation Failure)  831852K->516364K(1034752K), 0.0046702 secs]
251.653: Total time for which application threads were stopped: 0.0048636 seconds, Stopping threads took: 0.0000199 seconds
251.722: [GC (Allocation Failure)  837900K->509578K(1034752K), 0.0020078 secs]
251.724: Total time for which application threads were stopped: 0.0021567 seconds, Stopping threads took: 0.0000261 seconds
251.792: [GC (Allocation Failure)  831114K->516372K(1034752K), 0.0045532 secs]
251.796: Total time for which application threads were stopped: 0.0047415 seconds, Stopping threads took: 0.0000216 seconds
251.862: [GC (Allocation Failure)  837908K->520516K(1034752K), 0.0055657 secs]
251.868: Total time for which application threads were stopped: 0.0057283 seconds, Stopping threads took: 0.0000202 seconds
251.934: [GC (Allocation Failure)  842052K->514946K(1034752K), 0.0028145 secs]
251.937: Total time for which application threads were stopped: 0.0029886 seconds, Stopping threads took: 0.0000196 seconds
252.006: [GC (Allocation Failure)  836482K->520780K(1034752K), 0.0048420 secs]
252.010: Total time for which application threads were stopped: 0.0050222 seconds, Stopping threads took: 0.0000226 seconds
252.077: [GC (Allocation Failure)  842316K->524620K(1035264K), 0.0050906 secs]
252.083: Total time for which application threads were stopped: 0.0052572 seconds, Stopping threads took: 0.0000208 seconds
252.149: [GC (Allocation Failure)  847109K->520714K(1035264K), 0.0036370 secs]
252.153: Total time for which application threads were stopped: 0.0038008 seconds, Stopping threads took: 0.0000204 seconds
252.222: [GC (Allocation Failure)  843274K->524780K(1036288K), 0.0049849 secs]
252.227: Total time for which application threads were stopped: 0.0051623 seconds, Stopping threads took: 0.0000191 seconds
252.294: [GC (Allocation Failure)  848876K->528716K(1035776K), 0.0045302 secs]
252.299: Total time for which application threads were stopped: 0.0047258 seconds, Stopping threads took: 0.0000197 seconds
252.369: [GC (Allocation Failure)  852812K->528748K(1035776K), 0.0047246 secs]
252.373: Total time for which application threads were stopped: 0.0048755 seconds, Stopping threads took: 0.0000174 seconds
252.441: [GC (Allocation Failure)  852332K->528812K(1023488K), 0.0049935 secs]
252.446: Total time for which application threads were stopped: 0.0051717 seconds, Stopping threads took: 0.0000196 seconds
252.512: [GC (Allocation Failure)  852396K->536815K(1035264K), 0.0048904 secs]
252.517: Total time for which application threads were stopped: 0.0051300 seconds, Stopping threads took: 0.0000208 seconds
252.587: [GC (Allocation Failure)  859375K->536783K(1030144K), 0.0045550 secs]
252.592: Total time for which application threads were stopped: 0.0047408 seconds, Stopping threads took: 0.0000199 seconds
252.660: [GC (Allocation Failure)  859343K->536839K(1034752K), 0.0047968 secs]
252.665: Total time for which application threads were stopped: 0.0049575 seconds, Stopping threads took: 0.0000189 seconds
252.734: [GC (Allocation Failure)  858375K->544809K(1034752K), 0.0048177 secs]
252.739: Total time for which application threads were stopped: 0.0050060 seconds, Stopping threads took: 0.0000259 seconds
252.808: [GC (Allocation Failure)  866345K->544809K(1033728K), 0.0077011 secs]
252.816: Total time for which application threads were stopped: 0.0078579 seconds, Stopping threads took: 0.0000193 seconds
252.883: [GC (Allocation Failure)  865321K->545065K(1034240K), 0.0049341 secs]
252.888: Total time for which application threads were stopped: 0.0051074 seconds, Stopping threads took: 0.0000269 seconds
252.957: [GC (Allocation Failure)  865577K->552875K(1034240K), 0.0046751 secs]
252.961: Total time for which application threads were stopped: 0.0048322 seconds, Stopping threads took: 0.0000194 seconds
253.029: [GC (Allocation Failure)  873387K->552843K(1034240K), 0.0046901 secs]
253.034: Total time for which application threads were stopped: 0.0048572 seconds, Stopping threads took: 0.0000196 seconds
253.101: [GC (Allocation Failure)  873355K->553251K(1033216K), 0.0051844 secs]
253.106: Total time for which application threads were stopped: 0.0053592 seconds, Stopping threads took: 0.0000191 seconds
253.175: [GC (Allocation Failure)  872739K->560901K(1033728K), 0.0049133 secs]
253.180: Total time for which application threads were stopped: 0.0050788 seconds, Stopping threads took: 0.0000192 seconds
253.251: [GC (Allocation Failure)  880389K->560901K(1033728K), 0.0047317 secs]
253.256: Total time for which application threads were stopped: 0.0049064 seconds, Stopping threads took: 0.0000199 seconds
253.322: [GC (Allocation Failure)  880389K->561029K(1033728K), 0.0049868 secs]
253.327: Total time for which application threads were stopped: 0.0051484 seconds, Stopping threads took: 0.0000194 seconds
253.394: [GC (Allocation Failure)  880517K->568936K(1033728K), 0.0047367 secs]
253.399: Total time for which application threads were stopped: 0.0049131 seconds, Stopping threads took: 0.0000272 seconds
253.466: [GC (Allocation Failure)  888424K->568904K(1033728K), 0.0065108 secs]
253.472: Total time for which application threads were stopped: 0.0066593 seconds, Stopping threads took: 0.0000194 seconds
253.540: [GC (Allocation Failure)  888392K->568968K(1033728K), 0.0047910 secs]
253.545: Total time for which application threads were stopped: 0.0049777 seconds, Stopping threads took: 0.0000178 seconds
253.614: [GC (Allocation Failure)  888456K->576938K(1027072K), 0.0050535 secs]
253.619: Total time for which application threads were stopped: 0.0052259 seconds, Stopping threads took: 0.0000200 seconds
253.684: [GC (Allocation Failure)  896426K->573000K(1034240K), 0.0039232 secs]
253.688: Total time for which application threads were stopped: 0.0041396 seconds, Stopping threads took: 0.0000268 seconds
253.756: [GC (Allocation Failure)  892488K->577098K(1033216K), 0.0048488 secs]
253.761: Total time for which application threads were stopped: 0.0050155 seconds, Stopping threads took: 0.0000206 seconds
253.829: [GC (Allocation Failure)  896586K->581066K(1034752K), 0.0049185 secs]
253.834: Total time for which application threads were stopped: 0.0050920 seconds, Stopping threads took: 0.0000206 seconds
253.900: [GC (Allocation Failure)  902602K->574312K(1034752K), 0.0023272 secs]
253.903: Total time for which application threads were stopped: 0.0024860 seconds, Stopping threads took: 0.0000202 seconds
253.970: [GC (Allocation Failure)  895848K->581098K(1034752K), 0.0047975 secs]
253.975: Total time for which application threads were stopped: 0.0050111 seconds, Stopping threads took: 0.0000205 seconds
254.041: [GC (Allocation Failure)  902634K->585242K(1034752K), 0.0056393 secs]
254.047: Total time for which application threads were stopped: 0.0058327 seconds, Stopping threads took: 0.0000198 seconds
254.114: [GC (Allocation Failure)  906778K->579640K(1034752K), 0.0027829 secs]
254.117: Total time for which application threads were stopped: 0.0029366 seconds, Stopping threads took: 0.0000190 seconds
254.185: [GC (Allocation Failure)  901176K->585514K(1034752K), 0.0047509 secs]
254.189: Total time for which application threads were stopped: 0.0049126 seconds, Stopping threads took: 0.0000265 seconds
254.258: [GC (Allocation Failure)  907050K->589354K(1035264K), 0.0053168 secs]
254.263: Total time for which application threads were stopped: 0.0054871 seconds, Stopping threads took: 0.0000195 seconds
254.331: [GC (Allocation Failure)  911842K->585448K(1035264K), 0.0037119 secs]
254.334: Total time for which application threads were stopped: 0.0038813 seconds, Stopping threads took: 0.0000195 seconds
254.403: [GC (Allocation Failure)  908008K->589514K(1036288K), 0.0050539 secs]
254.408: Total time for which application threads were stopped: 0.0052133 seconds, Stopping threads took: 0.0000194 seconds
254.476: [GC (Allocation Failure)  913610K->593514K(1035776K), 0.0047043 secs]
254.481: Total time for which application threads were stopped: 0.0048661 seconds, Stopping threads took: 0.0000194 seconds
254.549: [GC (Allocation Failure)  917610K->593450K(1035776K), 0.0049723 secs]
254.555: Total time for which application threads were stopped: 0.0051422 seconds, Stopping threads took: 0.0000200 seconds
254.623: [GC (Allocation Failure)  917034K->593538K(1023488K), 0.0050989 secs]
254.629: Total time for which application threads were stopped: 0.0052711 seconds, Stopping threads took: 0.0000194 seconds
254.695: [GC (Allocation Failure)  917122K->601540K(1035264K), 0.0048359 secs]
254.700: Total time for which application threads were stopped: 0.0050053 seconds, Stopping threads took: 0.0000260 seconds
254.768: [GC (Allocation Failure)  924100K->601508K(1030144K), 0.0048088 secs]
254.773: Total time for which application threads were stopped: 0.0049852 seconds, Stopping threads took: 0.0000274 seconds
254.840: [GC (Allocation Failure)  924068K->601540K(1034752K), 0.0077775 secs]
254.848: Total time for which application threads were stopped: 0.0079396 seconds, Stopping threads took: 0.0000200 seconds
254.917: [GC (Allocation Failure)  923076K->609543K(1029120K), 0.0052362 secs]
254.922: Total time for which application threads were stopped: 0.0054056 seconds, Stopping threads took: 0.0000199 seconds
254.992: [GC (Allocation Failure)  931079K->609575K(1034240K), 0.0047224 secs]
254.997: Total time for which application threads were stopped: 0.0048917 seconds, Stopping threads took: 0.0000196 seconds
255.065: [GC (Allocation Failure)  930087K->609799K(1034240K), 0.0050533 secs]
255.070: Total time for which application threads were stopped: 0.0052181 seconds, Stopping threads took: 0.0000203 seconds
255.139: [GC (Allocation Failure)  930311K->617577K(1034240K), 0.0048878 secs]
255.144: Total time for which application threads were stopped: 0.0050591 seconds, Stopping threads took: 0.0000195 seconds
255.214: [GC (Allocation Failure)  938089K->617577K(1034240K), 0.0069916 secs]
255.221: Total time for which application threads were stopped: 0.0071474 seconds, Stopping threads took: 0.0000252 seconds
255.287: [GC (Allocation Failure)  938089K->617993K(1033216K), 0.0048361 secs]
255.292: Total time for which application threads were stopped: 0.0050173 seconds, Stopping threads took: 0.0000195 seconds
255.362: [GC (Allocation Failure)  937481K->625611K(1033728K), 0.0049859 secs]
255.367: Total time for which application threads were stopped: 0.0051480 seconds, Stopping threads took: 0.0000201 seconds
255.435: [GC (Allocation Failure)  945099K->625611K(1033728K), 0.0049736 secs]
255.440: Total time for which application threads were stopped: 0.0051380 seconds, Stopping threads took: 0.0000204 seconds
255.505: [GC (Allocation Failure)  945099K->625763K(1033728K), 0.0051960 secs]
255.510: Total time for which application threads were stopped: 0.0053771 seconds, Stopping threads took: 0.0000203 seconds
255.578: [GC (Allocation Failure)  945251K->633669K(1033728K), 0.0047303 secs]
255.582: Total time for which application threads were stopped: 0.0048949 seconds, Stopping threads took: 0.0000202 seconds
255.650: [GC (Allocation Failure)  953157K->633637K(1033728K), 0.0050371 secs]
255.655: Total time for which application threads were stopped: 0.0052271 seconds, Stopping threads took: 0.0000199 seconds
255.723: [GC (Allocation Failure)  953125K->633701K(1033728K), 0.0049374 secs]
255.728: Total time for which application threads were stopped: 0.0050873 seconds, Stopping threads took: 0.0000168 seconds
255.795: [GC (Allocation Failure)  953189K->641672K(1027072K), 0.0059766 secs]
255.801: Total time for which application threads were stopped: 0.0061472 seconds, Stopping threads took: 0.0000198 seconds
255.867: [GC (Allocation Failure)  961159K->637765K(1034240K), 0.0041582 secs]
255.871: Total time for which application threads were stopped: 0.0043502 seconds, Stopping threads took: 0.0000200 seconds
255.940: [GC (Allocation Failure)  957253K->641832K(1033216K), 0.0050085 secs]
255.946: Total time for which application threads were stopped: 0.0051996 seconds, Stopping threads took: 0.0000192 seconds
256.015: [GC (Allocation Failure)  961320K->645832K(1034752K), 0.0049546 secs]
256.020: Total time for which application threads were stopped: 0.0051276 seconds, Stopping threads took: 0.0000203 seconds
256.088: [GC (Allocation Failure)  967368K->638981K(1034752K), 0.0033974 secs]
256.091: Total time for which application threads were stopped: 0.0035349 seconds, Stopping threads took: 0.0000171 seconds
256.159: [GC (Allocation Failure)  960517K->645872K(1034752K), 0.0048922 secs]
256.164: Total time for which application threads were stopped: 0.0050710 seconds, Stopping threads took: 0.0000252 seconds
256.231: [GC (Allocation Failure)  967408K->649952K(1034752K), 0.0059607 secs]
256.237: Total time for which application threads were stopped: 0.0061302 seconds, Stopping threads took: 0.0000202 seconds
256.304: [GC (Allocation Failure)  971488K->644381K(1034752K), 0.0030530 secs]
256.307: Total time for which application threads were stopped: 0.0032116 seconds, Stopping threads took: 0.0000197 seconds
256.375: [GC (Allocation Failure)  965917K->650216K(1034752K), 0.0051188 secs]
256.380: Total time for which application threads were stopped: 0.0053034 seconds, Stopping threads took: 0.0000206 seconds
256.448: [GC (Allocation Failure)  971752K->654088K(1035264K), 0.0052999 secs]
256.453: Total time for which application threads were stopped: 0.0054704 seconds, Stopping threads took: 0.0000219 seconds
256.520: [GC (Allocation Failure)  976576K->650181K(1035264K), 0.0037445 secs]
256.524: Total time for which application threads were stopped: 0.0039247 seconds, Stopping threads took: 0.0000194 seconds
256.592: [GC (Allocation Failure)  972741K->654184K(1036288K), 0.0060049 secs]
256.598: Total time for which application threads were stopped: 0.0061908 seconds, Stopping threads took: 0.0000215 seconds
256.665: [GC (Allocation Failure)  978280K->658216K(1035776K), 0.0051191 secs]
256.670: Total time for which application threads were stopped: 0.0053042 seconds, Stopping threads took: 0.0000214 seconds
256.739: [GC (Allocation Failure)  982312K->658216K(1035776K), 0.0049284 secs]
256.744: Total time for which application threads were stopped: 0.0051324 seconds, Stopping threads took: 0.0000283 seconds
256.812: [GC (Allocation Failure)  981800K->658280K(1023488K), 0.0048816 secs]
256.817: Total time for which application threads were stopped: 0.0050536 seconds, Stopping threads took: 0.0000201 seconds
256.884: [GC (Allocation Failure)  981864K->666250K(1035264K), 0.0058101 secs]
256.890: Total time for which application threads were stopped: 0.0059829 seconds, Stopping threads took: 0.0000196 seconds
256.958: [GC (Allocation Failure)  988810K->666250K(1030144K), 0.0047399 secs]
256.963: Total time for which application threads were stopped: 0.0048963 seconds, Stopping threads took: 0.0000191 seconds
257.030: [GC (Allocation Failure)  988810K->666314K(1034752K), 0.0053914 secs]
257.036: Total time for which application threads were stopped: 0.0055662 seconds, Stopping threads took: 0.0000195 seconds
257.103: [GC (Allocation Failure)  987850K->674316K(1029120K), 0.0050201 secs]
257.108: Total time for which application threads were stopped: 0.0051898 seconds, Stopping threads took: 0.0000195 seconds
257.178: [GC (Allocation Failure)  995852K->674284K(1034240K), 0.0047173 secs]
257.182: Total time for which application threads were stopped: 0.0048813 seconds, Stopping threads took: 0.0000209 seconds
257.251: [GC (Allocation Failure)  994796K->674532K(1034240K), 0.0052851 secs]
257.256: Total time for which application threads were stopped: 0.0054639 seconds, Stopping threads took: 0.0000196 seconds
257.325: [GC (Allocation Failure)  995044K->682342K(1034240K), 0.0049575 secs]
257.330: Total time for which application threads were stopped: 0.0051179 seconds, Stopping threads took: 0.0000200 seconds
257.400: [GC (Allocation Failure)  1002854K->682310K(1034240K), 0.0051177 secs]
257.405: Total time for which application threads were stopped: 0.0052845 seconds, Stopping threads took: 0.0000188 seconds
257.473: [GC (Allocation Failure)  1002822K->682758K(1033216K), 0.0052595 secs]
257.478: Total time for which application threads were stopped: 0.0054197 seconds, Stopping threads took: 0.0000192 seconds
257.545: [GC (Allocation Failure)  1002246K->690345K(1033728K), 0.0050791 secs]
257.550: Total time for which application threads were stopped: 0.0052704 seconds, Stopping threads took: 0.0000196 seconds
257.619: [GC (Allocation Failure)  1009833K->690313K(1033728K), 0.0051490 secs]
257.625: Total time for which application threads were stopped: 0.0053187 seconds, Stopping threads took: 0.0000201 seconds
257.689: [GC (Allocation Failure)  1009801K->690473K(1033728K), 0.0049704 secs]
257.695: [Full GC (Ergonomics)  690473K->8595K(1033728K), 0.0126306 secs]
257.707: Total time for which application threads were stopped: 0.0178525 seconds, Stopping threads took: 0.0000262 seconds
257.775: [GC (Allocation Failure)  328083K->16725K(1033728K), 0.0036974 secs]
257.779: Total time for which application threads were stopped: 0.0038602 seconds, Stopping threads took: 0.0000196 seconds
257.845: [GC (Allocation Failure)  336213K->16685K(1033728K), 0.0065090 secs]
257.852: Total time for which application threads were stopped: 0.0066734 seconds, Stopping threads took: 0.0000196 seconds
257.920: [GC (Allocation Failure)  336173K->16773K(1033728K), 0.0038488 secs]
257.924: Total time for which application threads were stopped: 0.0040099 seconds, Stopping threads took: 0.0000197 seconds
257.991: [GC (Allocation Failure)  336261K->24743K(1027072K), 0.0038032 secs]
257.995: Total time for which application threads were stopped: 0.0039618 seconds, Stopping threads took: 0.0000195 seconds
258.060: [GC (Allocation Failure)  344231K->20837K(1034240K), 0.0026355 secs]
258.063: Total time for which application threads were stopped: 0.0027852 seconds, Stopping threads took: 0.0000192 seconds
258.130: [GC (Allocation Failure)  340325K->24903K(1033216K), 0.0065252 secs]
258.137: Total time for which application threads were stopped: 0.0067039 seconds, Stopping threads took: 0.0000190 seconds
258.206: [GC (Allocation Failure)  344391K->28871K(1034752K), 0.0044148 secs]
258.210: Total time for which application threads were stopped: 0.0046031 seconds, Stopping threads took: 0.0000262 seconds
258.277: [GC (Allocation Failure)  350407K->22117K(1034752K), 0.0010498 secs]
258.278: Total time for which application threads were stopped: 0.0011674 seconds, Stopping threads took: 0.0000196 seconds
258.346: [GC (Allocation Failure)  343653K->28943K(1034752K), 0.0039415 secs]
258.350: Total time for which application threads were stopped: 0.0041078 seconds, Stopping threads took: 0.0000189 seconds
258.416: [GC (Allocation Failure)  350479K->33023K(1034752K), 0.0048743 secs]
258.421: Total time for which application threads were stopped: 0.0050434 seconds, Stopping threads took: 0.0000194 seconds
258.488: [GC (Allocation Failure)  354559K->27485K(1034752K), 0.0018128 secs]
258.489: Total time for which application threads were stopped: 0.0019411 seconds, Stopping threads took: 0.0000193 seconds
258.556: [GC (Allocation Failure)  349021K->33319K(1034752K), 0.0038659 secs]
258.560: Total time for which application threads were stopped: 0.0040430 seconds, Stopping threads took: 0.0000185 seconds
258.627: [GC (Allocation Failure)  354855K->37127K(1034752K), 0.0042214 secs]
258.632: Total time for which application threads were stopped: 0.0043988 seconds, Stopping threads took: 0.0000211 seconds
258.700: [GC (Allocation Failure)  359616K->33253K(1035264K), 0.0024739 secs]
258.703: Total time for which application threads were stopped: 0.0026452 seconds, Stopping threads took: 0.0000262 seconds
258.771: [GC (Allocation Failure)  355813K->37327K(1036288K), 0.0042668 secs]
258.775: Total time for which application threads were stopped: 0.0044400 seconds, Stopping threads took: 0.0000199 seconds
258.843: [GC (Allocation Failure)  361423K->41295K(1035776K), 0.0036987 secs]
258.847: Total time for which application threads were stopped: 0.0039188 seconds, Stopping threads took: 0.0000203 seconds
258.916: [GC (Allocation Failure)  365391K->41295K(1035776K), 0.0037102 secs]
258.920: Total time for which application threads were stopped: 0.0038812 seconds, Stopping threads took: 0.0000198 seconds
258.988: [GC (Allocation Failure)  364879K->41351K(1023488K), 0.0039918 secs]
258.992: Total time for which application threads were stopped: 0.0041755 seconds, Stopping threads took: 0.0000214 seconds
259.058: [GC (Allocation Failure)  364935K->49354K(1035264K), 0.0039241 secs]
259.062: Total time for which application threads were stopped: 0.0040967 seconds, Stopping threads took: 0.0000198 seconds
259.130: [GC (Allocation Failure)  371914K->49354K(1030144K), 0.0035227 secs]
259.134: Total time for which application threads were stopped: 0.0037043 seconds, Stopping threads took: 0.0000202 seconds
259.202: [GC (Allocation Failure)  371914K->49354K(1034752K), 0.0047862 secs]
259.207: Total time for which application threads were stopped: 0.0049961 seconds, Stopping threads took: 0.0000288 seconds
259.275: [GC (Allocation Failure)  370890K->57356K(1029120K), 0.0040272 secs]
259.279: Total time for which application threads were stopped: 0.0042099 seconds, Stopping threads took: 0.0000208 seconds
259.347: [GC (Allocation Failure)  378892K->57324K(1034240K), 0.0037560 secs]
259.351: Total time for which application threads were stopped: 0.0039274 seconds, Stopping threads took: 0.0000203 seconds
259.418: [GC (Allocation Failure)  377836K->57572K(1034240K), 0.0040746 secs]
259.422: Total time for which application threads were stopped: 0.0042538 seconds, Stopping threads took: 0.0000196 seconds
259.490: [GC (Allocation Failure)  378084K->65414K(1034240K), 0.0037165 secs]
259.494: Total time for which application threads were stopped: 0.0039047 seconds, Stopping threads took: 0.0000221 seconds
259.562: [GC (Allocation Failure)  385926K->65382K(1034240K), 0.0037780 secs]
259.566: Total time for which application threads were stopped: 0.0039491 seconds, Stopping threads took: 0.0000194 seconds
259.635: [GC (Allocation Failure)  385894K->65838K(1033216K), 0.0041440 secs]
259.639: Total time for which application threads were stopped: 0.0043038 seconds, Stopping threads took: 0.0000195 seconds
259.707: [GC (Allocation Failure)  385326K->73457K(1033728K), 0.0037777 secs]
259.711: Total time for which application threads were stopped: 0.0039500 seconds, Stopping threads took: 0.0000268 seconds
259.779: [GC (Allocation Failure)  392945K->73425K(1033728K), 0.0038322 secs]
259.783: Total time for which application threads were stopped: 0.0040268 seconds, Stopping threads took: 0.0000196 seconds
259.848: [GC (Allocation Failure)  392913K->73545K(1033728K), 0.0040308 secs]
259.853: Total time for which application threads were stopped: 0.0041924 seconds, Stopping threads took: 0.0000198 seconds
259.920: [GC (Allocation Failure)  393033K->81483K(1033728K), 0.0039237 secs]
259.924: Total time for which application threads were stopped: 0.0041012 seconds, Stopping threads took: 0.0000216 seconds
259.991: [GC (Allocation Failure)  400971K->81483K(1033728K), 0.0037619 secs]
259.994: Total time for which application threads were stopped: 0.0039550 seconds, Stopping threads took: 0.0000193 seconds
260.062: [GC (Allocation Failure)  400971K->81507K(1033728K), 0.0042951 secs]
260.067: Total time for which application threads were stopped: 0.0044529 seconds, Stopping threads took: 0.0000171 seconds
260.133: [GC (Allocation Failure)  400995K->89477K(1027072K), 0.0039036 secs]
260.137: Total time for which application threads were stopped: 0.0040618 seconds, Stopping threads took: 0.0000198 seconds
260.203: [GC (Allocation Failure)  408965K->85539K(1034240K), 0.0036817 secs]
260.207: Total time for which application threads were stopped: 0.0038373 seconds, Stopping threads took: 0.0000277 seconds
260.274: [GC (Allocation Failure)  405027K->89645K(1033216K), 0.0040742 secs]
260.278: Total time for which application threads were stopped: 0.0042447 seconds, Stopping threads took: 0.0000198 seconds
260.346: [GC (Allocation Failure)  409133K->93645K(1034752K), 0.0039316 secs]
260.350: Total time for which application threads were stopped: 0.0041011 seconds, Stopping threads took: 0.0000197 seconds
260.416: [GC (Allocation Failure)  415181K->86827K(1034752K), 0.0012722 secs]
260.417: Total time for which application threads were stopped: 0.0013983 seconds, Stopping threads took: 0.0000199 seconds
260.487: [GC (Allocation Failure)  408363K->93677K(1034752K), 0.0038360 secs]
260.491: Total time for which application threads were stopped: 0.0040125 seconds, Stopping threads took: 0.0000219 seconds
260.557: [GC (Allocation Failure)  415213K->97757K(1034752K), 0.0049151 secs]
260.562: Total time for which application threads were stopped: 0.0050962 seconds, Stopping threads took: 0.0000196 seconds
260.627: [GC (Allocation Failure)  419293K->92219K(1034752K), 0.0018157 secs]
260.629: Total time for which application threads were stopped: 0.0019456 seconds, Stopping threads took: 0.0000211 seconds
260.698: [GC (Allocation Failure)  413755K->98029K(1034752K), 0.0039504 secs]
260.702: Total time for which application threads were stopped: 0.0041088 seconds, Stopping threads took: 0.0000257 seconds
260.769: [GC (Allocation Failure)  419565K->101901K(1035264K), 0.0044256 secs]
260.774: Total time for which application threads were stopped: 0.0045900 seconds, Stopping threads took: 0.0000268 seconds
260.842: [GC (Allocation Failure)  424389K->97995K(1035264K), 0.0026058 secs]
260.845: Total time for which application threads were stopped: 0.0027922 seconds, Stopping threads took: 0.0000190 seconds
260.916: [GC (Allocation Failure)  420555K->102053K(1036288K), 0.0042634 secs]
260.921: Total time for which application threads were stopped: 0.0044267 seconds, Stopping threads took: 0.0000202 seconds
260.989: [GC (Allocation Failure)  426149K->106021K(1035776K), 0.0039232 secs]
260.993: Total time for which application threads were stopped: 0.0040904 seconds, Stopping threads took: 0.0000208 seconds
261.062: [GC (Allocation Failure)  430117K->106021K(1035776K), 0.0038209 secs]
261.066: Total time for which application threads were stopped: 0.0039908 seconds, Stopping threads took: 0.0000197 seconds
261.133: [GC (Allocation Failure)  429605K->106077K(1023488K), 0.0040655 secs]
261.138: Total time for which application threads were stopped: 0.0042369 seconds, Stopping threads took: 0.0000200 seconds
261.206: [GC (Allocation Failure)  429661K->114047K(1035264K), 0.0049305 secs]
261.211: Total time for which application threads were stopped: 0.0051102 seconds, Stopping threads took: 0.0000265 seconds
261.279: [GC (Allocation Failure)  436607K->114015K(1030144K), 0.0038779 secs]
261.283: Total time for which application threads were stopped: 0.0040381 seconds, Stopping threads took: 0.0000203 seconds
261.352: [GC (Allocation Failure)  436575K->114087K(1034752K), 0.0040189 secs]
261.356: Total time for which application threads were stopped: 0.0041921 seconds, Stopping threads took: 0.0000192 seconds
261.425: [GC (Allocation Failure)  435623K->122122K(1034752K), 0.0040559 secs]
261.429: Total time for which application threads were stopped: 0.0042504 seconds, Stopping threads took: 0.0000255 seconds
261.499: [GC (Allocation Failure)  443658K->122122K(1033728K), 0.0037392 secs]
261.503: Total time for which application threads were stopped: 0.0039087 seconds, Stopping threads took: 0.0000195 seconds
261.569: [GC (Allocation Failure)  442634K->122338K(1034240K), 0.0042825 secs]
261.574: Total time for which application threads were stopped: 0.0044605 seconds, Stopping threads took: 0.0000193 seconds
261.641: [GC (Allocation Failure)  442850K->130148K(1034240K), 0.0039870 secs]
261.645: Total time for which application threads were stopped: 0.0041592 seconds, Stopping threads took: 0.0000203 seconds
261.713: [GC (Allocation Failure)  450660K->130116K(1034240K), 0.0038651 secs]
261.717: Total time for which application threads were stopped: 0.0040555 seconds, Stopping threads took: 0.0000194 seconds
261.785: [GC (Allocation Failure)  450628K->130524K(1033216K), 0.0041699 secs]
261.790: Total time for which application threads were stopped: 0.0043411 seconds, Stopping threads took: 0.0000164 seconds
261.857: [GC (Allocation Failure)  450012K->138174K(1033728K), 0.0040354 secs]
261.861: Total time for which application threads were stopped: 0.0042027 seconds, Stopping threads took: 0.0000195 seconds
261.928: [GC (Allocation Failure)  457662K->138142K(1033728K), 0.0040087 secs]
261.932: Total time for which application threads were stopped: 0.0041761 seconds, Stopping threads took: 0.0000191 seconds
261.999: [GC (Allocation Failure)  457630K->138278K(1033728K), 0.0042563 secs]
262.003: Total time for which application threads were stopped: 0.0044163 seconds, Stopping threads took: 0.0000198 seconds
262.071: [GC (Allocation Failure)  457766K->146184K(1033728K), 0.0038134 secs]
262.075: Total time for which application threads were stopped: 0.0039691 seconds, Stopping threads took: 0.0000188 seconds
262.142: [GC (Allocation Failure)  465672K->146216K(1033728K), 0.0038733 secs]
262.146: Total time for which application threads were stopped: 0.0040526 seconds, Stopping threads took: 0.0000195 seconds
262.214: [GC (Allocation Failure)  465704K->146216K(1032704K), 0.0039903 secs]
262.218: Total time for which application threads were stopped: 0.0041534 seconds, Stopping threads took: 0.0000255 seconds
262.285: [GC (Allocation Failure)  464680K->154251K(1033216K), 0.0039221 secs]
262.289: Total time for which application threads were stopped: 0.0041191 seconds, Stopping threads took: 0.0000208 seconds
262.357: [GC (Allocation Failure)  472715K->148680K(1033728K), 0.0017376 secs]
262.359: Total time for which application threads were stopped: 0.0018772 seconds, Stopping threads took: 0.0000198 seconds
262.426: [GC (Allocation Failure)  467656K->154507K(1033216K), 0.0039400 secs]
262.430: Total time for which application threads were stopped: 0.0041336 seconds, Stopping threads took: 0.0000199 seconds
262.499: [GC (Allocation Failure)  473483K->158363K(1034240K), 0.0043675 secs]
262.503: Total time for which application threads were stopped: 0.0045341 seconds, Stopping threads took: 0.0000197 seconds
262.570: [GC (Allocation Failure)  478875K->164280K(1034240K), 0.0066643 secs]
262.577: Total time for which application threads were stopped: 0.0068233 seconds, Stopping threads took: 0.0000188 seconds
262.645: [GC (Allocation Failure)  484792K->158523K(1030144K), 0.0041972 secs]
262.649: Total time for which application threads were stopped: 0.0043661 seconds, Stopping threads took: 0.0000195 seconds
262.716: [GC (Allocation Failure)  474939K->158395K(1032192K), 0.0039457 secs]
262.720: Total time for which application threads were stopped: 0.0041631 seconds, Stopping threads took: 0.0000256 seconds
262.788: [GC (Allocation Failure)  474811K->154232K(1033216K), 0.0024364 secs]
262.790: Total time for which application threads were stopped: 0.0025912 seconds, Stopping threads took: 0.0000270 seconds
262.857: [GC (Allocation Failure)  472184K->158491K(1032704K), 0.0039716 secs]
262.862: Total time for which application threads were stopped: 0.0041319 seconds, Stopping threads took: 0.0000197 seconds
262.929: [GC (Allocation Failure)  476443K->158395K(1033728K), 0.0042095 secs]
262.934: Total time for which application threads were stopped: 0.0043684 seconds, Stopping threads took: 0.0000195 seconds
263.000: [GC (Allocation Failure)  477371K->161979K(1033216K), 0.0050500 secs]
263.005: Total time for which application threads were stopped: 0.0052234 seconds, Stopping threads took: 0.0000208 seconds
263.073: [GC (Allocation Failure)  480955K->166461K(1034240K), 0.0040347 secs]
263.077: Total time for which application threads were stopped: 0.0042093 seconds, Stopping threads took: 0.0000212 seconds
263.145: [GC (Allocation Failure)  486461K->166397K(1033728K), 0.0041066 secs]
263.149: Total time for which application threads were stopped: 0.0042760 seconds, Stopping threads took: 0.0000198 seconds
263.215: [GC (Allocation Failure)  486397K->169693K(1034240K), 0.0048839 secs]
263.220: Total time for which application threads were stopped: 0.0050340 seconds, Stopping threads took: 0.0000139 seconds
263.288: [GC (Allocation Failure)  490205K->174431K(1034240K), 0.0039332 secs]
263.292: Total time for which application threads were stopped: 0.0040977 seconds, Stopping threads took: 0.0000198 seconds
263.360: [GC (Allocation Failure)  494943K->174431K(1034752K), 0.0038435 secs]
263.364: Total time for which application threads were stopped: 0.0040051 seconds, Stopping threads took: 0.0000194 seconds
263.430: [GC (Allocation Failure)  495967K->176903K(1034752K), 0.0044120 secs]
263.434: Total time for which application threads were stopped: 0.0045865 seconds, Stopping threads took: 0.0000197 seconds
263.504: [GC (Allocation Failure)  498439K->182505K(1034752K), 0.0041199 secs]
263.508: Total time for which application threads were stopped: 0.0043145 seconds, Stopping threads took: 0.0000198 seconds
263.577: [GC (Allocation Failure)  504041K->182473K(1034752K), 0.0041386 secs]
263.582: Total time for which application threads were stopped: 0.0043072 seconds, Stopping threads took: 0.0000172 seconds
263.649: [GC (Allocation Failure)  504009K->186185K(1035264K), 0.0049758 secs]
263.654: Total time for which application threads were stopped: 0.0051517 seconds, Stopping threads took: 0.0000203 seconds
263.721: [GC (Allocation Failure)  508233K->190540K(1034752K), 0.0043336 secs]
263.726: Total time for which application threads were stopped: 0.0045061 seconds, Stopping threads took: 0.0000200 seconds
263.796: [GC (Allocation Failure)  512588K->190508K(1035264K), 0.0040611 secs]
263.800: Total time for which application threads were stopped: 0.0042209 seconds, Stopping threads took: 0.0000196 seconds
263.868: [GC (Allocation Failure)  513068K->193380K(1035264K), 0.0049060 secs]
263.873: Total time for which application threads were stopped: 0.0050856 seconds, Stopping threads took: 0.0000265 seconds
263.941: [GC (Allocation Failure)  515940K->198662K(1035264K), 0.0039322 secs]
263.945: Total time for which application threads were stopped: 0.0041098 seconds, Stopping threads took: 0.0000192 seconds
264.015: [GC (Allocation Failure)  521222K->198534K(1035264K), 0.0041098 secs]
264.019: Total time for which application threads were stopped: 0.0042944 seconds, Stopping threads took: 0.0000217 seconds
264.086: [GC (Allocation Failure)  521094K->201606K(1035264K), 0.0050528 secs]
264.091: Total time for which application threads were stopped: 0.0052256 seconds, Stopping threads took: 0.0000272 seconds
264.160: [GC (Allocation Failure)  524166K->206600K(1035264K), 0.0041323 secs]
264.164: Total time for which application threads were stopped: 0.0043058 seconds, Stopping threads took: 0.0000196 seconds
264.236: [GC (Allocation Failure)  529160K->206600K(1035264K), 0.0042761 secs]
264.240: Total time for which application threads were stopped: 0.0045910 seconds, Stopping threads took: 0.0000202 seconds
264.308: [GC (Allocation Failure)  529160K->201766K(1035264K), 0.0022955 secs]
264.310: Total time for which application threads were stopped: 0.0024579 seconds, Stopping threads took: 0.0000164 seconds
264.380: [GC (Allocation Failure)  524326K->206792K(1035264K), 0.0049991 secs]
264.385: Total time for which application threads were stopped: 0.0051627 seconds, Stopping threads took: 0.0000205 seconds
264.453: [GC (Allocation Failure)  529352K->206600K(1035264K), 0.0041640 secs]
264.457: Total time for which application threads were stopped: 0.0043464 seconds, Stopping threads took: 0.0000200 seconds
264.526: [GC (Allocation Failure)  529160K->206118K(1035776K), 0.0041784 secs]
264.530: Total time for which application threads were stopped: 0.0043473 seconds, Stopping threads took: 0.0000191 seconds
264.599: [GC (Allocation Failure)  529190K->206760K(1035264K), 0.0041465 secs]
264.603: Total time for which application threads were stopped: 0.0043196 seconds, Stopping threads took: 0.0000193 seconds
264.671: [GC (Allocation Failure)  529832K->206568K(1035776K), 0.0041329 secs]
264.676: Total time for which application threads were stopped: 0.0043029 seconds, Stopping threads took: 0.0000196 seconds
264.744: [GC (Allocation Failure)  530152K->212414K(1035776K), 0.0069943 secs]
264.751: Total time for which application threads were stopped: 0.0071712 seconds, Stopping threads took: 0.0000252 seconds
264.819: [GC (Allocation Failure)  535998K->207840K(1032704K), 0.0042337 secs]
264.823: Total time for which application threads were stopped: 0.0043939 seconds, Stopping threads took: 0.0000197 seconds
264.891: [GC (Allocation Failure)  528352K->207712K(1034240K), 0.0040895 secs]
264.895: Total time for which application threads were stopped: 0.0042582 seconds, Stopping threads took: 0.0000197 seconds
264.964: [GC (Allocation Failure)  528224K->214750K(1030656K), 0.0075498 secs]
264.972: Total time for which application threads were stopped: 0.0077595 seconds, Stopping threads took: 0.0000194 seconds
265.039: [GC (Allocation Failure)  532190K->209088K(1032704K), 0.0043579 secs]
265.044: Total time for which application threads were stopped: 0.0045230 seconds, Stopping threads took: 0.0000198 seconds
265.111: [GC (Allocation Failure)  526528K->208992K(1033728K), 0.0039644 secs]
265.115: Total time for which application threads were stopped: 0.0041294 seconds, Stopping threads took: 0.0000204 seconds
265.182: [GC (Allocation Failure)  527968K->206558K(1033216K), 0.0031412 secs]
265.185: Total time for which application threads were stopped: 0.0033134 seconds, Stopping threads took: 0.0000197 seconds
265.254: [GC (Allocation Failure)  525534K->208992K(1034752K), 0.0039748 secs]
265.259: Total time for which application threads were stopped: 0.0041453 seconds, Stopping threads took: 0.0000197 seconds
265.327: [GC (Allocation Failure)  530016K->209024K(1034240K), 0.0040819 secs]
265.331: Total time for which application threads were stopped: 0.0042452 seconds, Stopping threads took: 0.0000204 seconds
265.397: [GC (Allocation Failure)  530048K->204222K(1034240K), 0.0022949 secs]
265.400: Total time for which application threads were stopped: 0.0024562 seconds, Stopping threads took: 0.0000190 seconds
265.467: [GC (Allocation Failure)  525758K->209216K(1034752K), 0.0041665 secs]
265.472: Total time for which application threads were stopped: 0.0043258 seconds, Stopping threads took: 0.0000191 seconds
265.539: [GC (Allocation Failure)  530752K->209024K(1035776K), 0.0041598 secs]
265.543: Total time for which application threads were stopped: 0.0043306 seconds, Stopping threads took: 0.0000202 seconds
265.610: [GC (Allocation Failure)  532096K->206974K(1035264K), 0.0034217 secs]
265.613: Total time for which application threads were stopped: 0.0035811 seconds, Stopping threads took: 0.0000191 seconds
265.679: [GC (Allocation Failure)  530046K->209184K(1036288K), 0.0041371 secs]
265.684: Total time for which application threads were stopped: 0.0043038 seconds, Stopping threads took: 0.0000201 seconds
265.752: [GC (Allocation Failure)  533280K->208992K(1035776K), 0.0041265 secs]
265.757: Total time for which application threads were stopped: 0.0042956 seconds, Stopping threads took: 0.0000191 seconds
265.826: [GC (Allocation Failure)  533088K->214822K(1032192K), 0.0069991 secs]
265.833: Total time for which application threads were stopped: 0.0071717 seconds, Stopping threads took: 0.0000195 seconds
265.900: [GC (Allocation Failure)  535334K->210728K(1034240K), 0.0043340 secs]
265.905: Total time for which application threads were stopped: 0.0045114 seconds, Stopping threads took: 0.0000201 seconds
265.974: [GC (Allocation Failure)  531240K->210600K(1035264K), 0.0040144 secs]
265.978: Total time for which application threads were stopped: 0.0041724 seconds, Stopping threads took: 0.0000190 seconds
266.045: [GC (Allocation Failure)  533160K->216622K(1035264K), 0.0069215 secs]
266.052: Total time for which application threads were stopped: 0.0070937 seconds, Stopping threads took: 0.0000198 seconds
266.121: [GC (Allocation Failure)  539182K->211376K(1033216K), 0.0041307 secs]
266.125: Total time for which application threads were stopped: 0.0042918 seconds, Stopping threads took: 0.0000190 seconds
266.193: [GC (Allocation Failure)  531888K->211344K(1034240K), 0.0050371 secs]
266.198: Total time for which application threads were stopped: 0.0052373 seconds, Stopping threads took: 0.0000248 seconds
266.267: [GC (Allocation Failure)  531856K->217574K(1031680K), 0.0069785 secs]
266.274: Total time for which application threads were stopped: 0.0071486 seconds, Stopping threads took: 0.0000187 seconds
266.342: [GC (Allocation Failure)  536038K->212040K(1033216K), 0.0043688 secs]
266.346: Total time for which application threads were stopped: 0.0045326 seconds, Stopping threads took: 0.0000194 seconds
266.413: [GC (Allocation Failure)  530504K->211848K(1033728K), 0.0040423 secs]
266.417: Total time for which application threads were stopped: 0.0042060 seconds, Stopping threads took: 0.0000203 seconds
266.483: [GC (Allocation Failure)  531336K->211078K(1033728K), 0.0040765 secs]
266.487: Total time for which application threads were stopped: 0.0042395 seconds, Stopping threads took: 0.0000198 seconds
266.554: [GC (Allocation Failure)  530566K->212040K(1034752K), 0.0041115 secs]
266.558: Total time for which application threads were stopped: 0.0042602 seconds, Stopping threads took: 0.0000204 seconds
266.625: [GC (Allocation Failure)  533064K->211848K(1034240K), 0.0041145 secs]
266.629: Total time for which application threads were stopped: 0.0042836 seconds, Stopping threads took: 0.0000193 seconds
266.694: [GC (Allocation Failure)  532872K->209254K(1034752K), 0.0034547 secs]
266.698: Total time for which application threads were stopped: 0.0036221 seconds, Stopping threads took: 0.0000195 seconds
266.766: [GC (Allocation Failure)  530790K->211944K(1034752K), 0.0041885 secs]
266.770: Total time for which application threads were stopped: 0.0043674 seconds, Stopping threads took: 0.0000201 seconds
266.838: [GC (Allocation Failure)  533480K->211816K(1035776K), 0.0042547 secs]
266.842: Total time for which application threads were stopped: 0.0044504 seconds, Stopping threads took: 0.0000201 seconds
266.909: [GC (Allocation Failure)  534888K->212006K(1035264K), 0.0044554 secs]
266.914: Total time for which application threads were stopped: 0.0046248 seconds, Stopping threads took: 0.0000268 seconds
266.983: [GC (Allocation Failure)  535078K->211880K(1036288K), 0.0042153 secs]
266.987: Total time for which application threads were stopped: 0.0043779 seconds, Stopping threads took: 0.0000190 seconds
267.053: [GC (Allocation Failure)  536488K->211848K(1036288K), 0.0042726 secs]
267.058: Total time for which application threads were stopped: 0.0044308 seconds, Stopping threads took: 0.0000198 seconds
267.123: [GC (Allocation Failure)  536456K->204486K(1034752K), 0.0013313 secs]
267.125: Total time for which application threads were stopped: 0.0014512 seconds, Stopping threads took: 0.0000190 seconds
267.192: [GC (Allocation Failure)  528070K->211864K(1035776K), 0.0061204 secs]
267.198: Total time for which application threads were stopped: 0.0062761 seconds, Stopping threads took: 0.0000143 seconds
267.267: [GC (Allocation Failure)  535448K->215920K(1036288K), 0.0053529 secs]
267.272: Total time for which application threads were stopped: 0.0055214 seconds, Stopping threads took: 0.0000195 seconds
267.341: [GC (Allocation Failure)  540528K->215952K(1036288K), 0.0038907 secs]
267.345: Total time for which application threads were stopped: 0.0040496 seconds, Stopping threads took: 0.0000192 seconds
267.410: [GC (Allocation Failure)  540560K->216200K(1034752K), 0.0042858 secs]
267.415: Total time for which application threads were stopped: 0.0044587 seconds, Stopping threads took: 0.0000193 seconds
267.483: [GC (Allocation Failure)  539784K->223979K(1035776K), 0.0043529 secs]
267.487: Total time for which application threads were stopped: 0.0045214 seconds, Stopping threads took: 0.0000200 seconds
267.555: [GC (Allocation Failure)  547563K->223979K(1036288K), 0.0044472 secs]
267.560: Total time for which application threads were stopped: 0.0046211 seconds, Stopping threads took: 0.0000218 seconds
267.629: [GC (Allocation Failure)  548587K->224203K(1024512K), 0.0064836 secs]
267.636: Total time for which application threads were stopped: 0.0066484 seconds, Stopping threads took: 0.0000195 seconds
267.703: [GC (Allocation Failure)  548811K->232045K(1035776K), 0.0041184 secs]
267.707: Total time for which application threads were stopped: 0.0042889 seconds, Stopping threads took: 0.0000283 seconds
267.774: [GC (Allocation Failure)  555117K->232013K(1035264K), 0.0042029 secs]
267.778: Total time for which application threads were stopped: 0.0043891 seconds, Stopping threads took: 0.0000275 seconds
267.844: [GC (Allocation Failure)  555085K->232173K(1034752K), 0.0044455 secs]
267.848: Total time for which application threads were stopped: 0.0046096 seconds, Stopping threads took: 0.0000201 seconds
267.916: [GC (Allocation Failure)  554733K->240015K(1035264K), 0.0043232 secs]
267.921: Total time for which application threads were stopped: 0.0044977 seconds, Stopping threads took: 0.0000196 seconds
267.989: [GC (Allocation Failure)  562575K->240015K(1035264K), 0.0041519 secs]
267.993: Total time for which application threads were stopped: 0.0043276 seconds, Stopping threads took: 0.0000200 seconds
268.060: [GC (Allocation Failure)  562575K->240167K(1022464K), 0.0042838 secs]
268.064: Total time for which application threads were stopped: 0.0044776 seconds, Stopping threads took: 0.0000214 seconds
268.132: [GC (Allocation Failure)  562727K->248041K(1034752K), 0.0050300 secs]
268.137: Total time for which application threads were stopped: 0.0052091 seconds, Stopping threads took: 0.0000195 seconds
268.205: [GC (Allocation Failure)  569577K->248041K(1034752K), 0.0070509 secs]
268.213: Total time for which application threads were stopped: 0.0072152 seconds, Stopping threads took: 0.0000252 seconds
268.278: [GC (Allocation Failure)  569577K->248353K(1033728K), 0.0064274 secs]
268.284: Total time for which application threads were stopped: 0.0065996 seconds, Stopping threads took: 0.0000195 seconds
268.352: [GC (Allocation Failure)  568865K->256100K(1034240K), 0.0043637 secs]
268.356: Total time for which application threads were stopped: 0.0045524 seconds, Stopping threads took: 0.0000215 seconds
268.424: [GC (Allocation Failure)  576612K->256100K(1034240K), 0.0045257 secs]
268.428: Total time for which application threads were stopped: 0.0047113 seconds, Stopping threads took: 0.0000221 seconds
268.495: [GC (Allocation Failure)  576612K->256612K(1034240K), 0.0044121 secs]
268.500: Total time for which application threads were stopped: 0.0045926 seconds, Stopping threads took: 0.0000200 seconds
268.569: [GC (Allocation Failure)  577124K->264166K(1034240K), 0.0042702 secs]
268.573: Total time for which application threads were stopped: 0.0044383 seconds, Stopping threads took: 0.0000194 seconds
268.640: [GC (Allocation Failure)  584678K->264134K(1034240K), 0.0040782 secs]
268.645: Total time for which application threads were stopped: 0.0042370 seconds, Stopping threads took: 0.0000192 seconds
268.711: [GC (Allocation Failure)  584646K->264326K(1033216K), 0.0043781 secs]
268.716: Total time for which application threads were stopped: 0.0045469 seconds, Stopping threads took: 0.0000279 seconds
268.783: [GC (Allocation Failure)  583814K->272136K(1033728K), 0.0045122 secs]
268.787: Total time for which application threads were stopped: 0.0046984 seconds, Stopping threads took: 0.0000276 seconds
268.854: [GC (Allocation Failure)  591624K->272168K(1033728K), 0.0043576 secs]
268.858: Total time for which application threads were stopped: 0.0045152 seconds, Stopping threads took: 0.0000193 seconds
268.924: [GC (Allocation Failure)  591656K->272328K(1033728K), 0.0041877 secs]
268.928: Total time for which application threads were stopped: 0.0043740 seconds, Stopping threads took: 0.0000271 seconds
268.998: [GC (Allocation Failure)  591816K->280234K(1033728K), 0.0042667 secs]
269.002: Total time for which application threads were stopped: 0.0044244 seconds, Stopping threads took: 0.0000220 seconds
269.071: [GC (Allocation Failure)  599722K->280202K(1033728K), 0.0042264 secs]
269.075: Total time for which application threads were stopped: 0.0043800 seconds, Stopping threads took: 0.0000167 seconds
269.143: [GC (Allocation Failure)  599690K->280258K(1033728K), 0.0045376 secs]
269.147: Total time for which application threads were stopped: 0.0047092 seconds, Stopping threads took: 0.0000274 seconds
269.215: [GC (Allocation Failure)  599746K->288261K(1033728K), 0.0056774 secs]
269.221: Total time for which application threads were stopped: 0.0058378 seconds, Stopping threads took: 0.0000147 seconds
269.288: [GC (Allocation Failure)  607749K->288229K(1033728K), 0.0042111 secs]
269.292: Total time for which application threads were stopped: 0.0043603 seconds, Stopping threads took: 0.0000168 seconds
269.358: [GC (Allocation Failure)  607717K->288549K(1019392K), 0.0044209 secs]
269.363: Total time for which application threads were stopped: 0.0045902 seconds, Stopping threads took: 0.0000213 seconds
269.429: [GC (Allocation Failure)  608037K->296295K(1033216K), 0.0043362 secs]
269.434: Total time for which application threads were stopped: 0.0045096 seconds, Stopping threads took: 0.0000201 seconds
269.502: [GC (Allocation Failure)  614759K->296295K(1033216K), 0.0043142 secs]
269.507: Total time for which application threads were stopped: 0.0045302 seconds, Stopping threads took: 0.0000508 seconds
269.572: [GC (Allocation Failure)  614759K->296519K(1033216K), 0.0043904 secs]
269.577: Total time for which application threads were stopped: 0.0045623 seconds, Stopping threads took: 0.0000194 seconds
269.644: [GC (Allocation Failure)  614983K->304329K(1033216K), 0.0042706 secs]
269.648: Total time for which application threads were stopped: 0.0044468 seconds, Stopping threads took: 0.0000202 seconds
269.715: [GC (Allocation Failure)  622793K->300391K(1034240K), 0.0030435 secs]
269.718: Total time for which application threads were stopped: 0.0032086 seconds, Stopping threads took: 0.0000280 seconds
269.786: [GC (Allocation Failure)  619879K->304457K(1033216K), 0.0045958 secs]
269.791: Total time for which application threads were stopped: 0.0047509 seconds, Stopping threads took: 0.0000190 seconds
269.857: [GC (Allocation Failure)  623945K->308457K(1033728K), 0.0044538 secs]
269.862: Total time for which application threads were stopped: 0.0046119 seconds, Stopping threads took: 0.0000196 seconds
269.930: [GC (Allocation Failure)  628969K->300583K(1034240K), 0.0011395 secs]
269.931: Total time for which application threads were stopped: 0.0012618 seconds, Stopping threads took: 0.0000189 seconds
269.998: [GC (Allocation Failure)  621095K->308521K(1034240K), 0.0044630 secs]
270.003: Total time for which application threads were stopped: 0.0046291 seconds, Stopping threads took: 0.0000190 seconds
270.070: [GC (Allocation Failure)  629033K->312569K(1034240K), 0.0055438 secs]
270.076: Total time for which application threads were stopped: 0.0057057 seconds, Stopping threads took: 0.0000190 seconds
270.142: [GC (Allocation Failure)  633081K->319271K(1029120K), 0.0108265 secs]
270.153: Total time for which application threads were stopped: 0.0109950 seconds, Stopping threads took: 0.0000187 seconds
270.221: [GC (Allocation Failure)  634663K->313265K(1031680K), 0.0042444 secs]
270.226: Total time for which application threads were stopped: 0.0044498 seconds, Stopping threads took: 0.0000169 seconds
270.293: [GC (Allocation Failure)  628657K->313073K(1032192K), 0.0043914 secs]
270.297: Total time for which application threads were stopped: 0.0045669 seconds, Stopping threads took: 0.0000190 seconds
270.362: [GC (Allocation Failure)  628977K->315209K(1031680K), 0.0047890 secs]
270.366: Total time for which application threads were stopped: 0.0049531 seconds, Stopping threads took: 0.0000192 seconds
270.433: [GC (Allocation Failure)  631113K->321131K(1032704K), 0.0048941 secs]
270.438: Total time for which application threads were stopped: 0.0050537 seconds, Stopping threads took: 0.0000199 seconds
270.506: [GC (Allocation Failure)  638571K->321067K(1032704K), 0.0043406 secs]
270.510: Total time for which application threads were stopped: 0.0045108 seconds, Stopping threads took: 0.0000196 seconds
270.577: [GC (Allocation Failure)  638507K->322955K(1033216K), 0.0046495 secs]
270.581: Total time for which application threads were stopped: 0.0048217 seconds, Stopping threads took: 0.0000199 seconds
270.648: [GC (Allocation Failure)  641419K->329230K(1033216K), 0.0044930 secs]
270.653: Total time for which application threads were stopped: 0.0046920 seconds, Stopping threads took: 0.0000202 seconds
270.720: [GC (Allocation Failure)  647694K->329102K(1033728K), 0.0044678 secs]
270.725: Total time for which application threads were stopped: 0.0046317 seconds, Stopping threads took: 0.0000265 seconds
270.792: [GC (Allocation Failure)  648078K->331694K(1033216K), 0.0050193 secs]
270.798: Total time for which application threads were stopped: 0.0051895 seconds, Stopping threads took: 0.0000195 seconds
270.865: [GC (Allocation Failure)  650670K->337200K(1033728K), 0.0043550 secs]
270.870: Total time for which application threads were stopped: 0.0045154 seconds, Stopping threads took: 0.0000205 seconds
270.938: [GC (Allocation Failure)  656688K->337168K(1033728K), 0.0043464 secs]
270.943: Total time for which application threads were stopped: 0.0045133 seconds, Stopping threads took: 0.0000196 seconds
271.009: [GC (Allocation Failure)  656656K->338376K(1033216K), 0.0046557 secs]
271.013: Total time for which application threads were stopped: 0.0048256 seconds, Stopping threads took: 0.0000198 seconds
271.080: [GC (Allocation Failure)  657864K->345194K(1033728K), 0.0041858 secs]
271.084: Total time for which application threads were stopped: 0.0043604 seconds, Stopping threads took: 0.0000202 seconds
271.151: [GC (Allocation Failure)  664682K->345194K(1034240K), 0.0044056 secs]
271.155: Total time for which application threads were stopped: 0.0046005 seconds, Stopping threads took: 0.0000193 seconds
271.224: [GC (Allocation Failure)  665194K->346114K(1033728K), 0.0045164 secs]
271.229: Total time for which application threads were stopped: 0.0046989 seconds, Stopping threads took: 0.0000168 seconds
271.296: [GC (Allocation Failure)  666114K->353221K(1033728K), 0.0046357 secs]
271.301: Total time for which application threads were stopped: 0.0048169 seconds, Stopping threads took: 0.0000174 seconds
271.371: [GC (Allocation Failure)  672709K->353221K(1033728K), 0.0044723 secs]
271.376: Total time for which application threads were stopped: 0.0046394 seconds, Stopping threads took: 0.0000178 seconds
271.444: [GC (Allocation Failure)  672709K->353829K(1033216K), 0.0047067 secs]
271.449: Total time for which application threads were stopped: 0.0049056 seconds, Stopping threads took: 0.0000251 seconds
271.517: [GC (Allocation Failure)  673317K->361223K(1033728K), 0.0044651 secs]
271.521: Total time for which application threads were stopped: 0.0046373 seconds, Stopping threads took: 0.0000204 seconds
271.589: [GC (Allocation Failure)  680711K->361223K(1033728K), 0.0044006 secs]
271.593: Total time for which application threads were stopped: 0.0045700 seconds, Stopping threads took: 0.0000196 seconds
271.658: [GC (Allocation Failure)  680711K->361287K(1033728K), 0.0045111 secs]
271.662: Total time for which application threads were stopped: 0.0046811 seconds, Stopping threads took: 0.0000197 seconds
271.732: [GC (Allocation Failure)  680775K->369321K(1033728K), 0.0046424 secs]
271.737: Total time for which application threads were stopped: 0.0048110 seconds, Stopping threads took: 0.0000264 seconds
271.805: [GC (Allocation Failure)  688809K->369257K(1033728K), 0.0044790 secs]
271.810: Total time for which application threads were stopped: 0.0046438 seconds, Stopping threads took: 0.0000204 seconds
271.875: [GC (Allocation Failure)  688745K->370273K(1033728K), 0.0055375 secs]
271.880: Total time for which application threads were stopped: 0.0057115 seconds, Stopping threads took: 0.0000199 seconds
271.948: [GC (Allocation Failure)  689761K->377347K(1033728K), 0.0045975 secs]
271.953: Total time for which application threads were stopped: 0.0047630 seconds, Stopping threads took: 0.0000210 seconds
272.022: [GC (Allocation Failure)  696835K->377251K(1033728K), 0.0043083 secs]
272.027: Total time for which application threads were stopped: 0.0044724 seconds, Stopping threads took: 0.0000204 seconds
272.091: [GC (Allocation Failure)  696739K->377507K(1033728K), 0.0047549 secs]
272.096: Total time for which application threads were stopped: 0.0049457 seconds, Stopping threads took: 0.0000194 seconds
272.162: [GC (Allocation Failure)  696995K->385382K(1033728K), 0.0045842 secs]
272.166: Total time for which application threads were stopped: 0.0047637 seconds, Stopping threads took: 0.0000204 seconds
272.235: [GC (Allocation Failure)  704870K->385318K(1033728K), 0.0044890 secs]
272.239: Total time for which application threads were stopped: 0.0046491 seconds, Stopping threads took: 0.0000195 seconds
272.304: [GC (Allocation Failure)  704806K->386734K(1033728K), 0.0048866 secs]
272.309: Total time for which application threads were stopped: 0.0050566 seconds, Stopping threads took: 0.0000198 seconds
272.376: [GC (Allocation Failure)  706222K->393424K(1033728K), 0.0045501 secs]
272.381: Total time for which application threads were stopped: 0.0047338 seconds, Stopping threads took: 0.0000210 seconds
272.448: [GC (Allocation Failure)  712912K->393392K(1033728K), 0.0046150 secs]
272.453: Total time for which application threads were stopped: 0.0047816 seconds, Stopping threads took: 0.0000196 seconds
272.517: [GC (Allocation Failure)  712880K->393960K(1033728K), 0.0044283 secs]
272.522: Total time for which application threads were stopped: 0.0046350 seconds, Stopping threads took: 0.0000223 seconds
272.591: [GC (Allocation Failure)  713448K->401482K(1033728K), 0.0044623 secs]
272.596: Total time for which application threads were stopped: 0.0046463 seconds, Stopping threads took: 0.0000164 seconds
272.666: [GC (Allocation Failure)  720970K->401386K(1033728K), 0.0044861 secs]
272.670: Total time for which application threads were stopped: 0.0046601 seconds, Stopping threads took: 0.0000193 seconds
272.737: [GC (Allocation Failure)  720874K->402218K(1033728K), 0.0046793 secs]
272.741: Total time for which application threads were stopped: 0.0048453 seconds, Stopping threads took: 0.0000195 seconds
272.808: [GC (Allocation Failure)  721706K->409484K(1033728K), 0.0045684 secs]
272.813: Total time for which application threads were stopped: 0.0047466 seconds, Stopping threads took: 0.0000193 seconds
272.880: [GC (Allocation Failure)  728972K->409420K(1033728K), 0.0044562 secs]
272.885: Total time for which application threads were stopped: 0.0046227 seconds, Stopping threads took: 0.0000197 seconds
272.950: [GC (Allocation Failure)  728908K->410444K(1033728K), 0.0047668 secs]
272.954: Total time for which application threads were stopped: 0.0049364 seconds, Stopping threads took: 0.0000195 seconds
273.022: [GC (Allocation Failure)  729932K->417455K(1033728K), 0.0046027 secs]
273.027: Total time for which application threads were stopped: 0.0047637 seconds, Stopping threads took: 0.0000200 seconds
273.095: [GC (Allocation Failure)  736943K->417455K(1033728K), 0.0044453 secs]
273.099: Total time for which application threads were stopped: 0.0046344 seconds, Stopping threads took: 0.0000192 seconds
273.166: [GC (Allocation Failure)  736943K->417615K(1033728K), 0.0047229 secs]
273.171: Total time for which application threads were stopped: 0.0048850 seconds, Stopping threads took: 0.0000201 seconds
273.238: [GC (Allocation Failure)  737103K->425521K(1027072K), 0.0045319 secs]
273.242: Total time for which application threads were stopped: 0.0047028 seconds, Stopping threads took: 0.0000197 seconds
273.310: [GC (Allocation Failure)  745009K->425489K(1033728K), 0.0045950 secs]
273.315: Total time for which application threads were stopped: 0.0047747 seconds, Stopping threads took: 0.0000200 seconds
273.382: [GC (Allocation Failure)  744465K->426377K(1033216K), 0.0047726 secs]
273.387: Total time for which application threads were stopped: 0.0049373 seconds, Stopping threads took: 0.0000205 seconds
273.454: [GC (Allocation Failure)  745353K->433547K(1032704K), 0.0043654 secs]
273.458: Total time for which application threads were stopped: 0.0045239 seconds, Stopping threads took: 0.0000197 seconds
273.524: [GC (Allocation Failure)  752011K->433515K(1033216K), 0.0047342 secs]
273.528: Total time for which application threads were stopped: 0.0049041 seconds, Stopping threads took: 0.0000191 seconds
273.593: [GC (Allocation Failure)  751979K->434123K(1033728K), 0.0047199 secs]
273.598: Total time for which application threads were stopped: 0.0049121 seconds, Stopping threads took: 0.0000197 seconds
273.667: [GC (Allocation Failure)  753611K->441549K(1027072K), 0.0046554 secs]
273.672: Total time for which application threads were stopped: 0.0048370 seconds, Stopping threads took: 0.0000173 seconds
273.741: [GC (Allocation Failure)  761037K->441549K(1033728K), 0.0045776 secs]
273.746: Total time for which application threads were stopped: 0.0047455 seconds, Stopping threads took: 0.0000264 seconds
273.812: [GC (Allocation Failure)  760525K->441837K(1033216K), 0.0054871 secs]
273.818: Total time for which application threads were stopped: 0.0056788 seconds, Stopping threads took: 0.0000196 seconds
273.885: [GC (Allocation Failure)  760813K->449616K(1033216K), 0.0043712 secs]
273.890: Total time for which application threads were stopped: 0.0045357 seconds, Stopping threads took: 0.0000205 seconds
273.956: [GC (Allocation Failure)  768080K->449584K(1033216K), 0.0047367 secs]
273.961: Total time for which application threads were stopped: 0.0049204 seconds, Stopping threads took: 0.0000196 seconds
274.027: [GC (Allocation Failure)  768048K->449640K(1033216K), 0.0046086 secs]
274.031: Total time for which application threads were stopped: 0.0047692 seconds, Stopping threads took: 0.0000197 seconds
274.099: [GC (Allocation Failure)  768104K->457610K(1033216K), 0.0045991 secs]
274.104: Total time for which application threads were stopped: 0.0047575 seconds, Stopping threads took: 0.0000175 seconds
274.169: [GC (Allocation Failure)  776074K->457610K(1033216K), 0.0046189 secs]
274.174: Total time for which application threads were stopped: 0.0048133 seconds, Stopping threads took: 0.0000194 seconds
274.243: [GC (Allocation Failure)  776074K->457770K(1033216K), 0.0047901 secs]
274.248: Total time for which application threads were stopped: 0.0049788 seconds, Stopping threads took: 0.0000197 seconds
274.317: [GC (Allocation Failure)  776234K->465676K(1033216K), 0.0045003 secs]
274.322: Total time for which application threads were stopped: 0.0046821 seconds, Stopping threads took: 0.0000169 seconds
274.388: [GC (Allocation Failure)  784140K->465644K(1033216K), 0.0045037 secs]
274.393: Total time for which application threads were stopped: 0.0046625 seconds, Stopping threads took: 0.0000189 seconds
274.457: [GC (Allocation Failure)  784108K->466020K(1033216K), 0.0048356 secs]
274.462: Total time for which application threads were stopped: 0.0050007 seconds, Stopping threads took: 0.0000197 seconds
274.529: [GC (Allocation Failure)  784484K->473671K(1033216K), 0.0045368 secs]
274.534: Total time for which application threads were stopped: 0.0047033 seconds, Stopping threads took: 0.0000195 seconds
274.599: [GC (Allocation Failure)  792135K->473671K(1033216K), 0.0046461 secs]
274.604: Total time for which application threads were stopped: 0.0048059 seconds, Stopping threads took: 0.0000194 seconds
274.670: [GC (Allocation Failure)  792135K->473703K(1033216K), 0.0063710 secs]
274.676: Total time for which application threads were stopped: 0.0065465 seconds, Stopping threads took: 0.0000190 seconds
274.744: [GC (Allocation Failure)  792167K->481737K(1033216K), 0.0047308 secs]
274.749: Total time for which application threads were stopped: 0.0049031 seconds, Stopping threads took: 0.0000278 seconds
274.816: [GC (Allocation Failure)  800201K->481705K(1033216K), 0.0048897 secs]
274.821: Total time for which application threads were stopped: 0.0050620 seconds, Stopping threads took: 0.0000291 seconds
274.886: [GC (Allocation Failure)  800169K->481961K(1033216K), 0.0048315 secs]
274.891: Total time for which application threads were stopped: 0.0049925 seconds, Stopping threads took: 0.0000196 seconds
274.958: [GC (Allocation Failure)  800425K->489707K(1033216K), 0.0047890 secs]
274.962: Total time for which application threads were stopped: 0.0049441 seconds, Stopping threads took: 0.0000190 seconds
275.027: [GC (Allocation Failure)  808171K->485865K(1033728K), 0.0034703 secs]
275.031: Total time for which application threads were stopped: 0.0036370 seconds, Stopping threads took: 0.0000193 seconds
275.097: [GC (Allocation Failure)  804841K->489899K(1033216K), 0.0048351 secs]
275.102: Total time for which application threads were stopped: 0.0049967 seconds, Stopping threads took: 0.0000198 seconds
275.168: [GC (Allocation Failure)  808875K->493899K(1033728K), 0.0048280 secs]
275.173: Total time for which application threads were stopped: 0.0049870 seconds, Stopping threads took: 0.0000198 seconds
275.241: [GC (Allocation Failure)  814411K->501385K(1034240K), 0.0082342 secs]
275.249: Total time for which application threads were stopped: 0.0084272 seconds, Stopping threads took: 0.0000190 seconds
275.317: [GC (Allocation Failure)  821897K->495147K(1029120K), 0.0047204 secs]
275.322: Total time for which application threads were stopped: 0.0048722 seconds, Stopping threads took: 0.0000165 seconds
275.387: [GC (Allocation Failure)  810539K->495083K(1031680K), 0.0047075 secs]
275.392: Total time for which application threads were stopped: 0.0048873 seconds, Stopping threads took: 0.0000194 seconds
275.456: [GC (Allocation Failure)  810475K->490569K(1032704K), 0.0029953 secs]
275.459: Total time for which application threads were stopped: 0.0031794 seconds, Stopping threads took: 0.0000194 seconds
275.526: [GC (Allocation Failure)  807497K->495371K(1032192K), 0.0045035 secs]
275.531: Total time for which application threads were stopped: 0.0046746 seconds, Stopping threads took: 0.0000191 seconds
275.598: [GC (Allocation Failure)  812299K->495115K(1033216K), 0.0047152 secs]
275.602: Total time for which application threads were stopped: 0.0048871 seconds, Stopping threads took: 0.0000201 seconds
275.669: [GC (Allocation Failure)  813067K->495243K(1032704K), 0.0048916 secs]
275.674: Total time for which application threads were stopped: 0.0050635 seconds, Stopping threads took: 0.0000202 seconds
275.743: [GC (Allocation Failure)  813195K->503181K(1033216K), 0.0045915 secs]
275.748: Total time for which application threads were stopped: 0.0047591 seconds, Stopping threads took: 0.0000265 seconds
275.817: [GC (Allocation Failure)  821645K->503149K(1033216K), 0.0047076 secs]
275.822: Total time for which application threads were stopped: 0.0048728 seconds, Stopping threads took: 0.0000251 seconds
275.888: [GC (Allocation Failure)  821613K->507085K(1033728K), 0.0056144 secs]
275.893: Total time for which application threads were stopped: 0.0058099 seconds, Stopping threads took: 0.0000203 seconds
275.962: [GC (Allocation Failure)  826061K->511312K(1033216K), 0.0046437 secs]
275.967: Total time for which application threads were stopped: 0.0048153 seconds, Stopping threads took: 0.0000201 seconds
276.034: [GC (Allocation Failure)  830288K->511184K(1034240K), 0.0049001 secs]
276.039: Total time for which application threads were stopped: 0.0050702 seconds, Stopping threads took: 0.0000196 seconds
276.106: [GC (Allocation Failure)  831184K->513768K(1033728K), 0.0051890 secs]
276.111: Total time for which application threads were stopped: 0.0053688 seconds, Stopping threads took: 0.0000203 seconds
276.179: [GC (Allocation Failure)  833768K->519306K(1034240K), 0.0065962 secs]
276.186: Total time for which application threads were stopped: 0.0067753 seconds, Stopping threads took: 0.0000198 seconds
276.256: [GC (Allocation Failure)  839818K->519210K(1034240K), 0.0047973 secs]
276.260: Total time for which application threads were stopped: 0.0049684 seconds, Stopping threads took: 0.0000193 seconds
276.328: [GC (Allocation Failure)  839722K->519466K(1034240K), 0.0049754 secs]
276.333: Total time for which application threads were stopped: 0.0051569 seconds, Stopping threads took: 0.0000195 seconds
276.401: [GC (Allocation Failure)  839978K->527276K(1034240K), 0.0048092 secs]
276.406: Total time for which application threads were stopped: 0.0049775 seconds, Stopping threads took: 0.0000212 seconds
276.474: [GC (Allocation Failure)  847788K->527244K(1034240K), 0.0048103 secs]
276.479: Total time for which application threads were stopped: 0.0049955 seconds, Stopping threads took: 0.0000196 seconds
276.547: [GC (Allocation Failure)  847756K->529732K(1034240K), 0.0052895 secs]
276.552: Total time for which application threads were stopped: 0.0054555 seconds, Stopping threads took: 0.0000195 seconds
276.620: [GC (Allocation Failure)  850244K->535302K(1034240K), 0.0047252 secs]
276.625: Total time for which application threads were stopped: 0.0049019 seconds, Stopping threads took: 0.0000220 seconds
276.692: [GC (Allocation Failure)  855814K->535270K(1034240K), 0.0046883 secs]
276.697: Total time for which application threads were stopped: 0.0048548 seconds, Stopping threads took: 0.0000192 seconds
276.764: [GC (Allocation Failure)  855782K->535878K(1034240K), 0.0048336 secs]
276.769: Total time for which application threads were stopped: 0.0050107 seconds, Stopping threads took: 0.0000253 seconds
276.837: [GC (Allocation Failure)  856390K->543337K(1034240K), 0.0046339 secs]
276.841: Total time for which application threads were stopped: 0.0048069 seconds, Stopping threads took: 0.0000201 seconds
276.909: [GC (Allocation Failure)  863849K->543305K(1034240K), 0.0066247 secs]
276.915: Total time for which application threads were stopped: 0.0068046 seconds, Stopping threads took: 0.0000218 seconds
276.984: [GC (Allocation Failure)  863817K->546185K(1034240K), 0.0054048 secs]
276.989: Total time for which application threads were stopped: 0.0055635 seconds, Stopping threads took: 0.0000190 seconds
277.057: [GC (Allocation Failure)  866697K->551435K(1034240K), 0.0044708 secs]
277.062: Total time for which application threads were stopped: 0.0046358 seconds, Stopping threads took: 0.0000190 seconds
277.129: [GC (Allocation Failure)  871947K->551339K(1034240K), 0.0046648 secs]
277.134: Total time for which application threads were stopped: 0.0048351 seconds, Stopping threads took: 0.0000195 seconds
277.201: [GC (Allocation Failure)  871851K->552355K(1034240K), 0.0054902 secs]
277.207: Total time for which application threads were stopped: 0.0056317 seconds, Stopping threads took: 0.0000175 seconds
277.275: [GC (Allocation Failure)  872867K->559397K(1034240K), 0.0047606 secs]
277.280: Total time for which application threads were stopped: 0.0049332 seconds, Stopping threads took: 0.0000195 seconds
277.349: [GC (Allocation Failure)  879909K->559365K(1034240K), 0.0048673 secs]
277.354: Total time for which application threads were stopped: 0.0050473 seconds, Stopping threads took: 0.0000195 seconds
277.423: [GC (Allocation Failure)  879877K->559589K(1034240K), 0.0051857 secs]
277.428: Total time for which application threads were stopped: 0.0053592 seconds, Stopping threads took: 0.0000194 seconds
277.496: [GC (Allocation Failure)  880101K->567399K(1034240K), 0.0047733 secs]
277.501: Total time for which application threads were stopped: 0.0049684 seconds, Stopping threads took: 0.0000197 seconds
277.569: [GC (Allocation Failure)  887911K->567431K(1034240K), 0.0049062 secs]
277.574: Total time for which application threads were stopped: 0.0050700 seconds, Stopping threads took: 0.0000197 seconds
277.641: [GC (Allocation Failure)  887943K->568839K(1034240K), 0.0048418 secs]
277.646: Total time for which application threads were stopped: 0.0050020 seconds, Stopping threads took: 0.0000194 seconds
277.715: [GC (Allocation Failure)  889351K->575498K(1034240K), 0.0048179 secs]
277.720: Total time for which application threads were stopped: 0.0049856 seconds, Stopping threads took: 0.0000274 seconds
277.788: [GC (Allocation Failure)  896010K->575434K(1034240K), 0.0047944 secs]
277.793: Total time for which application threads were stopped: 0.0049625 seconds, Stopping threads took: 0.0000196 seconds
277.860: [GC (Allocation Failure)  895946K->575498K(1020416K), 0.0049773 secs]
277.865: Total time for which application threads were stopped: 0.0051585 seconds, Stopping threads took: 0.0000197 seconds
277.934: [GC (Allocation Failure)  896010K->583468K(1033728K), 0.0049033 secs]
277.939: Total time for which application threads were stopped: 0.0050738 seconds, Stopping threads took: 0.0000197 seconds
278.004: [GC (Allocation Failure)  902956K->583436K(1033728K), 0.0049087 secs]
278.009: Total time for which application threads were stopped: 0.0050675 seconds, Stopping threads took: 0.0000201 seconds
278.074: [GC (Allocation Failure)  902924K->583756K(1033728K), 0.0065582 secs]
278.080: Total time for which application threads were stopped: 0.0067521 seconds, Stopping threads took: 0.0000194 seconds
278.148: [GC (Allocation Failure)  903244K->591534K(1033728K), 0.0049593 secs]
278.153: Total time for which application threads were stopped: 0.0051441 seconds, Stopping threads took: 0.0000224 seconds
278.222: [GC (Allocation Failure)  911022K->591502K(1033728K), 0.0047560 secs]
278.226: Total time for which application threads were stopped: 0.0049368 seconds, Stopping threads took: 0.0000260 seconds
278.292: [GC (Allocation Failure)  910990K->592518K(1033728K), 0.0050582 secs]
278.298: Total time for which application threads were stopped: 0.0052165 seconds, Stopping threads took: 0.0000190 seconds
278.367: [GC (Allocation Failure)  912006K->599528K(1033728K), 0.0050215 secs]
278.372: Total time for which application threads were stopped: 0.0051919 seconds, Stopping threads took: 0.0000197 seconds
278.440: [GC (Allocation Failure)  919016K->599496K(1033728K), 0.0049303 secs]
278.445: Total time for which application threads were stopped: 0.0050921 seconds, Stopping threads took: 0.0000200 seconds
278.510: [GC (Allocation Failure)  918984K->599688K(1033728K), 0.0049391 secs]
278.515: Total time for which application threads were stopped: 0.0051335 seconds, Stopping threads took: 0.0000195 seconds
278.582: [GC (Allocation Failure)  919176K->607563K(1033728K), 0.0049944 secs]
278.587: Total time for which application threads were stopped: 0.0051641 seconds, Stopping threads took: 0.0000278 seconds
278.655: [GC (Allocation Failure)  927051K->607563K(1033728K), 0.0050806 secs]
278.660: Total time for which application threads were stopped: 0.0052457 seconds, Stopping threads took: 0.0000199 seconds
278.725: [GC (Allocation Failure)  927051K->608963K(1033728K), 0.0052089 secs]
278.730: Total time for which application threads were stopped: 0.0053995 seconds, Stopping threads took: 0.0000276 seconds
278.797: [GC (Allocation Failure)  928451K->615621K(1033728K), 0.0049688 secs]
278.802: Total time for which application threads were stopped: 0.0051479 seconds, Stopping threads took: 0.0000189 seconds
278.871: [GC (Allocation Failure)  935109K->615621K(1033728K), 0.0049496 secs]
278.876: Total time for which application threads were stopped: 0.0051057 seconds, Stopping threads took: 0.0000195 seconds
278.941: [GC (Allocation Failure)  935109K->616165K(1033728K), 0.0051339 secs]
278.947: Total time for which application threads were stopped: 0.0052915 seconds, Stopping threads took: 0.0000200 seconds
279.014: [GC (Allocation Failure)  935653K->623655K(1033728K), 0.0062949 secs]
279.021: Total time for which application threads were stopped: 0.0064730 seconds, Stopping threads took: 0.0000193 seconds
279.090: [GC (Allocation Failure)  943143K->623591K(1033728K), 0.0047889 secs]
279.094: Total time for which application threads were stopped: 0.0049789 seconds, Stopping threads took: 0.0000197 seconds
279.161: [GC (Allocation Failure)  943079K->624423K(1033728K), 0.0050691 secs]
279.166: Total time for which application threads were stopped: 0.0052249 seconds, Stopping threads took: 0.0000198 seconds
279.236: [GC (Allocation Failure)  943911K->631722K(1033728K), 0.0048929 secs]
279.241: Total time for which application threads were stopped: 0.0050875 seconds, Stopping threads took: 0.0000201 seconds
279.310: [GC (Allocation Failure)  951210K->631658K(1033728K), 0.0046559 secs]
279.315: Total time for which application threads were stopped: 0.0048425 seconds, Stopping threads took: 0.0000179 seconds
279.381: [GC (Allocation Failure)  951146K->632642K(1033728K), 0.0050308 secs]
279.386: Total time for which application threads were stopped: 0.0051872 seconds, Stopping threads took: 0.0000170 seconds
279.452: [GC (Allocation Failure)  952130K->639684K(1033728K), 0.0050239 secs]
279.457: Total time for which application threads were stopped: 0.0051939 seconds, Stopping threads took: 0.0000196 seconds
279.525: [GC (Allocation Failure)  959172K->639684K(1033728K), 0.0047645 secs]
279.530: Total time for which application threads were stopped: 0.0049562 seconds, Stopping threads took: 0.0000203 seconds
279.601: [GC (Allocation Failure)  959172K->639844K(1033728K), 0.0052845 secs]
279.606: Total time for which application threads were stopped: 0.0054593 seconds, Stopping threads took: 0.0000198 seconds
279.672: [GC (Allocation Failure)  959332K->647750K(1032704K), 0.0049798 secs]
279.677: Total time for which application threads were stopped: 0.0051585 seconds, Stopping threads took: 0.0000202 seconds
279.746: [GC (Allocation Failure)  966214K->647718K(1033216K), 0.0049814 secs]
279.751: Total time for which application threads were stopped: 0.0051516 seconds, Stopping threads took: 0.0000203 seconds
279.816: [GC (Allocation Failure)  966182K->648102K(1033216K), 0.0053528 secs]
279.821: Total time for which application threads were stopped: 0.0055257 seconds, Stopping threads took: 0.0000251 seconds
279.889: [GC (Allocation Failure)  966566K->655784K(1033216K), 0.0048774 secs]
279.894: Total time for which application threads were stopped: 0.0050545 seconds, Stopping threads took: 0.0000203 seconds
279.960: [GC (Allocation Failure)  974248K->655752K(1033216K), 0.0053359 secs]
279.965: Total time for which application threads were stopped: 0.0055133 seconds, Stopping threads took: 0.0000216 seconds
280.032: [GC (Allocation Failure)  974216K->656288K(1033216K), 0.0059402 secs]
280.038: Total time for which application threads were stopped: 0.0061005 seconds, Stopping threads took: 0.0000196 seconds
280.104: [GC (Allocation Failure)  974752K->663811K(1033216K), 0.0050196 secs]
280.110: Total time for which application threads were stopped: 0.0051944 seconds, Stopping threads took: 0.0000189 seconds
280.177: [GC (Allocation Failure)  982275K->663811K(1033216K), 0.0047839 secs]
280.181: Total time for which application threads were stopped: 0.0050091 seconds, Stopping threads took: 0.0000200 seconds
280.249: [GC (Allocation Failure)  982275K->664035K(1033216K), 0.0052832 secs]
280.254: Total time for which application threads were stopped: 0.0054530 seconds, Stopping threads took: 0.0000194 seconds
280.321: [GC (Allocation Failure)  982499K->671845K(1033216K), 0.0052216 secs]
280.327: Total time for which application threads were stopped: 0.0054113 seconds, Stopping threads took: 0.0000199 seconds
280.392: [GC (Allocation Failure)  990309K->671813K(1033216K), 0.0051151 secs]
280.397: Total time for which application threads were stopped: 0.0052930 seconds, Stopping threads took: 0.0000198 seconds
280.464: [GC (Allocation Failure)  990277K->671877K(1033216K), 0.0050887 secs]
280.469: Total time for which application threads were stopped: 0.0052704 seconds, Stopping threads took: 0.0000271 seconds
280.538: [GC (Allocation Failure)  990341K->679847K(1033216K), 0.0049065 secs]
280.543: Total time for which application threads were stopped: 0.0050664 seconds, Stopping threads took: 0.0000169 seconds
280.610: [GC (Allocation Failure)  998311K->679815K(1033216K), 0.0050372 secs]
280.615: Total time for which application threads were stopped: 0.0051998 seconds, Stopping threads took: 0.0000204 seconds
280.680: [GC (Allocation Failure)  998279K->680007K(1033216K), 0.0052391 secs]
280.685: Total time for which application threads were stopped: 0.0054019 seconds, Stopping threads took: 0.0000193 seconds
280.754: [GC (Allocation Failure)  998471K->687881K(1033216K), 0.0051835 secs]
280.759: Total time for which application threads were stopped: 0.0053518 seconds, Stopping threads took: 0.0000258 seconds
280.825: [GC (Allocation Failure)  1006345K->687881K(1033216K), 0.0049158 secs]
280.830: Total time for which application threads were stopped: 0.0050782 seconds, Stopping threads took: 0.0000197 seconds
280.895: [GC (Allocation Failure)  1006345K->688193K(1033216K), 0.0060374 secs]
280.901: [Full GC (Ergonomics)  688193K->8813K(1033216K), 0.0131244 secs]
280.914: Total time for which application threads were stopped: 0.0194265 seconds, Stopping threads took: 0.0000197 seconds
280.981: [GC (Allocation Failure)  327277K->17615K(1032192K), 0.0040455 secs]
280.985: Total time for which application threads were stopped: 0.0042154 seconds, Stopping threads took: 0.0000193 seconds
281.052: [GC (Allocation Failure)  335055K->17655K(1032704K), 0.0038832 secs]
281.055: Total time for which application threads were stopped: 0.0040396 seconds, Stopping threads took: 0.0000192 seconds
281.122: [GC (Allocation Failure)  335095K->17911K(1032704K), 0.0037279 secs]
281.126: Total time for which application threads were stopped: 0.0038878 seconds, Stopping threads took: 0.0000192 seconds
281.193: [GC (Allocation Failure)  335351K->25658K(1032704K), 0.0045627 secs]
281.197: Total time for which application threads were stopped: 0.0047509 seconds, Stopping threads took: 0.0000167 seconds
281.265: [GC (Allocation Failure)  343098K->21751K(1033728K), 0.0024359 secs]
281.267: Total time for which application threads were stopped: 0.0026087 seconds, Stopping threads took: 0.0000254 seconds
281.337: [GC (Allocation Failure)  340215K->25810K(1032704K), 0.0037698 secs]
281.341: Total time for which application threads were stopped: 0.0039477 seconds, Stopping threads took: 0.0000253 seconds
281.409: [GC (Allocation Failure)  344274K->29746K(1034240K), 0.0037423 secs]
281.413: Total time for which application threads were stopped: 0.0039086 seconds, Stopping threads took: 0.0000264 seconds
281.479: [GC (Allocation Failure)  350258K->36279K(1034240K), 0.0067810 secs]
281.486: Total time for which application threads were stopped: 0.0069607 seconds, Stopping threads took: 0.0000190 seconds
281.555: [GC (Allocation Failure)  356791K->30042K(1030144K), 0.0040398 secs]
281.559: Total time for which application threads were stopped: 0.0042135 seconds, Stopping threads took: 0.0000203 seconds
281.628: [GC (Allocation Failure)  346458K->29978K(1032192K), 0.0039443 secs]
281.632: Total time for which application threads were stopped: 0.0041507 seconds, Stopping threads took: 0.0000201 seconds
281.697: [GC (Allocation Failure)  346394K->26519K(1033216K), 0.0025556 secs]
281.700: Total time for which application threads were stopped: 0.0027110 seconds, Stopping threads took: 0.0000196 seconds
281.769: [GC (Allocation Failure)  344471K->30266K(1032704K), 0.0036594 secs]
281.772: Total time for which application threads were stopped: 0.0038317 seconds, Stopping threads took: 0.0000269 seconds
281.840: [GC (Allocation Failure)  348218K->30042K(1033728K), 0.0038452 secs]
281.844: Total time for which application threads were stopped: 0.0040181 seconds, Stopping threads took: 0.0000265 seconds
281.911: [GC (Allocation Failure)  349018K->30170K(1033216K), 0.0041047 secs]
281.915: Total time for which application threads were stopped: 0.0042714 seconds, Stopping threads took: 0.0000213 seconds
281.984: [GC (Allocation Failure)  349146K->38108K(1033216K), 0.0039470 secs]
281.988: Total time for which application threads were stopped: 0.0041074 seconds, Stopping threads took: 0.0000192 seconds
282.054: [GC (Allocation Failure)  356572K->38076K(1033216K), 0.0036784 secs]
282.058: Total time for which application threads were stopped: 0.0038722 seconds, Stopping threads took: 0.0000190 seconds
282.126: [GC (Allocation Failure)  356540K->38916K(1033728K), 0.0041164 secs]
282.130: Total time for which application threads were stopped: 0.0042808 seconds, Stopping threads took: 0.0000168 seconds
282.200: [GC (Allocation Failure)  358404K->46214K(1033728K), 0.0045101 secs]
282.205: Total time for which application threads were stopped: 0.0046730 seconds, Stopping threads took: 0.0000254 seconds
282.273: [GC (Allocation Failure)  365702K->46118K(1033728K), 0.0038877 secs]
282.277: Total time for which application threads were stopped: 0.0040582 seconds, Stopping threads took: 0.0000198 seconds
282.342: [GC (Allocation Failure)  365606K->50214K(1033728K), 0.0049235 secs]
282.347: Total time for which application threads were stopped: 0.0050857 seconds, Stopping threads took: 0.0000199 seconds
282.416: [GC (Allocation Failure)  369702K->54184K(1034240K), 0.0040761 secs]
282.420: Total time for which application threads were stopped: 0.0042477 seconds, Stopping threads took: 0.0000190 seconds
282.487: [GC (Allocation Failure)  374696K->54120K(1034240K), 0.0040006 secs]
282.491: Total time for which application threads were stopped: 0.0041730 seconds, Stopping threads took: 0.0000208 seconds
282.558: [GC (Allocation Failure)  374632K->55400K(1034240K), 0.0039127 secs]
282.562: Total time for which application threads were stopped: 0.0040773 seconds, Stopping threads took: 0.0000202 seconds
282.630: [GC (Allocation Failure)  375912K->62155K(1034240K), 0.0036128 secs]
282.633: Total time for which application threads were stopped: 0.0037812 seconds, Stopping threads took: 0.0000195 seconds
282.703: [GC (Allocation Failure)  382667K->62155K(1034240K), 0.0038761 secs]
282.707: Total time for which application threads were stopped: 0.0040547 seconds, Stopping threads took: 0.0000198 seconds
282.774: [GC (Allocation Failure)  382667K->65643K(1034240K), 0.0047243 secs]
282.779: Total time for which application threads were stopped: 0.0048936 seconds, Stopping threads took: 0.0000258 seconds
282.847: [GC (Allocation Failure)  386155K->70189K(1034752K), 0.0038987 secs]
282.851: Total time for which application threads were stopped: 0.0040576 seconds, Stopping threads took: 0.0000192 seconds
282.918: [GC (Allocation Failure)  391725K->70189K(1034752K), 0.0043768 secs]
282.923: Total time for which application threads were stopped: 0.0045386 seconds, Stopping threads took: 0.0000188 seconds
282.988: [GC (Allocation Failure)  391725K->73901K(1034752K), 0.0049788 secs]
282.993: Total time for which application threads were stopped: 0.0051396 seconds, Stopping threads took: 0.0000194 seconds
283.061: [GC (Allocation Failure)  395437K->78255K(1034752K), 0.0040186 secs]
283.065: Total time for which application threads were stopped: 0.0041854 seconds, Stopping threads took: 0.0000193 seconds
283.131: [GC (Allocation Failure)  399791K->78223K(1035264K), 0.0042179 secs]
283.135: Total time for which application threads were stopped: 0.0043915 seconds, Stopping threads took: 0.0000193 seconds
283.203: [GC (Allocation Failure)  400783K->80039K(1024000K), 0.0049686 secs]
283.208: Total time for which application threads were stopped: 0.0051429 seconds, Stopping threads took: 0.0000273 seconds
283.278: [GC (Allocation Failure)  402599K->86378K(1034752K), 0.0039683 secs]
283.282: Total time for which application threads were stopped: 0.0041271 seconds, Stopping threads took: 0.0000253 seconds
283.352: [GC (Allocation Failure)  407914K->86250K(1034752K), 0.0038809 secs]
283.356: Total time for which application threads were stopped: 0.0040481 seconds, Stopping threads took: 0.0000190 seconds
283.422: [GC (Allocation Failure)  407786K->90338K(1035264K), 0.0050111 secs]
283.427: Total time for which application threads were stopped: 0.0051947 seconds, Stopping threads took: 0.0000196 seconds
283.494: [GC (Allocation Failure)  412386K->94308K(1034752K), 0.0038777 secs]
283.498: Total time for which application threads were stopped: 0.0040415 seconds, Stopping threads took: 0.0000206 seconds
283.567: [GC (Allocation Failure)  416356K->94276K(1035264K), 0.0037916 secs]
283.571: Total time for which application threads were stopped: 0.0039564 seconds, Stopping threads took: 0.0000200 seconds
283.638: [GC (Allocation Failure)  416836K->97572K(1035264K), 0.0046675 secs]
283.643: Total time for which application threads were stopped: 0.0048350 seconds, Stopping threads took: 0.0000196 seconds
283.710: [GC (Allocation Failure)  420132K->102342K(1035264K), 0.0039017 secs]
283.714: Total time for which application threads were stopped: 0.0040938 seconds, Stopping threads took: 0.0000194 seconds
283.783: [GC (Allocation Failure)  424902K->102278K(1035264K), 0.0037695 secs]
283.787: Total time for which application threads were stopped: 0.0039376 seconds, Stopping threads took: 0.0000276 seconds
283.855: [GC (Allocation Failure)  424838K->105798K(1035776K), 0.0048365 secs]
283.860: Total time for which application threads were stopped: 0.0050047 seconds, Stopping threads took: 0.0000196 seconds
283.929: [GC (Allocation Failure)  428870K->110376K(1035264K), 0.0038401 secs]
283.933: Total time for which application threads were stopped: 0.0040193 seconds, Stopping threads took: 0.0000192 seconds
283.999: [GC (Allocation Failure)  433448K->110344K(1035776K), 0.0039565 secs]
284.003: Total time for which application threads were stopped: 0.0041209 seconds, Stopping threads took: 0.0000196 seconds
284.071: [GC (Allocation Failure)  433928K->111976K(1025024K), 0.0042262 secs]
284.075: Total time for which application threads were stopped: 0.0044189 seconds, Stopping threads took: 0.0000199 seconds
284.145: [GC (Allocation Failure)  435560K->118539K(1035264K), 0.0039662 secs]
284.149: Total time for which application threads were stopped: 0.0041314 seconds, Stopping threads took: 0.0000203 seconds
284.219: [GC (Allocation Failure)  441099K->118347K(1035264K), 0.0046380 secs]
284.223: Total time for which application threads were stopped: 0.0048156 seconds, Stopping threads took: 0.0000246 seconds
284.290: [GC (Allocation Failure)  440907K->113192K(1035264K), 0.0018283 secs]
284.292: Total time for which application threads were stopped: 0.0019731 seconds, Stopping threads took: 0.0000191 seconds
284.360: [GC (Allocation Failure)  435752K->118507K(1035264K), 0.0038033 secs]
284.364: Total time for which application threads were stopped: 0.0039660 seconds, Stopping threads took: 0.0000195 seconds
284.432: [GC (Allocation Failure)  441067K->118379K(1035264K), 0.0039674 secs]
284.436: Total time for which application threads were stopped: 0.0041457 seconds, Stopping threads took: 0.0000193 seconds
284.505: [GC (Allocation Failure)  440939K->117480K(1035264K), 0.0035904 secs]
284.509: Total time for which application threads were stopped: 0.0037665 seconds, Stopping threads took: 0.0000211 seconds
284.576: [GC (Allocation Failure)  440040K->118443K(1035776K), 0.0039173 secs]
284.580: Total time for which application threads were stopped: 0.0040881 seconds, Stopping threads took: 0.0000193 seconds
284.647: [GC (Allocation Failure)  442027K->118379K(1035776K), 0.0038463 secs]
284.651: Total time for which application threads were stopped: 0.0040209 seconds, Stopping threads took: 0.0000201 seconds
284.717: [GC (Allocation Failure)  441963K->123808K(1031680K), 0.0067803 secs]
284.724: Total time for which application threads were stopped: 0.0069506 seconds, Stopping threads took: 0.0000193 seconds
284.790: [GC (Allocation Failure)  443296K->119331K(1033728K), 0.0040205 secs]
284.794: Total time for which application threads were stopped: 0.0041872 seconds, Stopping threads took: 0.0000199 seconds
284.861: [GC (Allocation Failure)  438819K->119075K(1034752K), 0.0040375 secs]
284.865: Total time for which application threads were stopped: 0.0042260 seconds, Stopping threads took: 0.0000189 seconds
284.933: [GC (Allocation Failure)  440099K->121152K(1034240K), 0.0048381 secs]
284.938: Total time for which application threads were stopped: 0.0049877 seconds, Stopping threads took: 0.0000163 seconds
285.006: [GC (Allocation Failure)  442176K->119235K(1034752K), 0.0045090 secs]
285.010: Total time for which application threads were stopped: 0.0046739 seconds, Stopping threads took: 0.0000194 seconds
285.078: [GC (Allocation Failure)  440259K->119107K(1034240K), 0.0041315 secs]
285.082: Total time for which application threads were stopped: 0.0043226 seconds, Stopping threads took: 0.0000197 seconds
285.151: [GC (Allocation Failure)  440131K->120864K(1035264K), 0.0047250 secs]
285.156: Total time for which application threads were stopped: 0.0049095 seconds, Stopping threads took: 0.0000192 seconds
285.226: [GC (Allocation Failure)  443424K->119235K(1035264K), 0.0039665 secs]
285.230: Total time for which application threads were stopped: 0.0041368 seconds, Stopping threads took: 0.0000192 seconds
285.300: [GC (Allocation Failure)  441795K->119075K(1036288K), 0.0039052 secs]
285.304: Total time for which application threads were stopped: 0.0040853 seconds, Stopping threads took: 0.0000198 seconds
285.372: [GC (Allocation Failure)  443171K->126664K(1035776K), 0.0076159 secs]
285.380: Total time for which application threads were stopped: 0.0077706 seconds, Stopping threads took: 0.0000194 seconds
285.448: [GC (Allocation Failure)  450760K->122539K(1032704K), 0.0040748 secs]
285.453: Total time for which application threads were stopped: 0.0042482 seconds, Stopping threads took: 0.0000193 seconds
285.518: [GC (Allocation Failure)  443051K->122443K(1034240K), 0.0040570 secs]
285.522: Total time for which application threads were stopped: 0.0042108 seconds, Stopping threads took: 0.0000191 seconds
285.590: [GC (Allocation Failure)  442955K->115432K(1032704K), 0.0011771 secs]
285.591: Total time for which application threads were stopped: 0.0012969 seconds, Stopping threads took: 0.0000190 seconds
285.658: [GC (Allocation Failure)  434920K->122515K(1033728K), 0.0037875 secs]
285.662: Total time for which application threads were stopped: 0.0039654 seconds, Stopping threads took: 0.0000279 seconds
285.729: [GC (Allocation Failure)  442003K->126627K(1034752K), 0.0047822 secs]
285.734: Total time for which application threads were stopped: 0.0049475 seconds, Stopping threads took: 0.0000258 seconds
285.803: [GC (Allocation Failure)  447651K->132528K(1034240K), 0.0070227 secs]
285.810: Total time for which application threads were stopped: 0.0071827 seconds, Stopping threads took: 0.0000201 seconds
285.878: [GC (Allocation Failure)  453552K->127027K(1033216K), 0.0041924 secs]
285.882: Total time for which application threads were stopped: 0.0043653 seconds, Stopping threads took: 0.0000196 seconds
285.950: [GC (Allocation Failure)  446515K->126771K(1033728K), 0.0040327 secs]
285.954: Total time for which application threads were stopped: 0.0042011 seconds, Stopping threads took: 0.0000197 seconds
286.020: [GC (Allocation Failure)  446259K->129360K(1034240K), 0.0052763 secs]
286.026: Total time for which application threads were stopped: 0.0054361 seconds, Stopping threads took: 0.0000190 seconds
286.094: [GC (Allocation Failure)  449872K->126963K(1034240K), 0.0040257 secs]
286.098: Total time for which application threads were stopped: 0.0042216 seconds, Stopping threads took: 0.0000193 seconds
286.167: [GC (Allocation Failure)  447475K->126803K(1034752K), 0.0039283 secs]
286.171: Total time for which application threads were stopped: 0.0040879 seconds, Stopping threads took: 0.0000175 seconds
286.240: [GC (Allocation Failure)  448339K->128528K(1034752K), 0.0046615 secs]
286.244: Total time for which application threads were stopped: 0.0048414 seconds, Stopping threads took: 0.0000249 seconds
286.314: [GC (Allocation Failure)  450064K->126931K(1035264K), 0.0040309 secs]
286.318: Total time for which application threads were stopped: 0.0041889 seconds, Stopping threads took: 0.0000252 seconds
286.386: [GC (Allocation Failure)  448979K->126771K(1034752K), 0.0040587 secs]
286.391: Total time for which application threads were stopped: 0.0042309 seconds, Stopping threads took: 0.0000193 seconds
286.458: [GC (Allocation Failure)  448819K->130768K(1033728K), 0.0058074 secs]
286.464: Total time for which application threads were stopped: 0.0059847 seconds, Stopping threads took: 0.0000199 seconds
286.530: [GC (Allocation Failure)  452304K->126867K(1034752K), 0.0040705 secs]
286.534: Total time for which application threads were stopped: 0.0042320 seconds, Stopping threads took: 0.0000199 seconds
286.602: [GC (Allocation Failure)  448403K->126803K(1035264K), 0.0039730 secs]
286.606: Total time for which application threads were stopped: 0.0041360 seconds, Stopping threads took: 0.0000193 seconds
286.673: [GC (Allocation Failure)  449363K->133000K(1035264K), 0.0067527 secs]
286.680: Total time for which application threads were stopped: 0.0069067 seconds, Stopping threads took: 0.0000190 seconds
286.748: [GC (Allocation Failure)  455560K->127787K(1033216K), 0.0040582 secs]
286.752: Total time for which application threads were stopped: 0.0042275 seconds, Stopping threads took: 0.0000194 seconds
286.821: [GC (Allocation Failure)  448299K->127787K(1034240K), 0.0039782 secs]
286.825: Total time for which application threads were stopped: 0.0041339 seconds, Stopping threads took: 0.0000197 seconds
286.894: [GC (Allocation Failure)  448299K->134184K(1031168K), 0.0070464 secs]
286.902: Total time for which application threads were stopped: 0.0072067 seconds, Stopping threads took: 0.0000186 seconds
286.968: [GC (Allocation Failure)  451624K->128107K(1032704K), 0.0041141 secs]
286.972: Total time for which application threads were stopped: 0.0042710 seconds, Stopping threads took: 0.0000189 seconds
287.039: [GC (Allocation Failure)  445547K->127915K(1033728K), 0.0039598 secs]
287.043: Total time for which application threads were stopped: 0.0041233 seconds, Stopping threads took: 0.0000192 seconds
287.110: [GC (Allocation Failure)  446891K->124840K(1033216K), 0.0026863 secs]
287.113: Total time for which application threads were stopped: 0.0028408 seconds, Stopping threads took: 0.0000192 seconds
287.181: [GC (Allocation Failure)  443816K->128075K(1033728K), 0.0040187 secs]
287.185: Total time for which application threads were stopped: 0.0041872 seconds, Stopping threads took: 0.0000198 seconds
287.254: [GC (Allocation Failure)  447051K->127915K(1033216K), 0.0038991 secs]
287.258: Total time for which application threads were stopped: 0.0040746 seconds, Stopping threads took: 0.0000265 seconds
287.325: [GC (Allocation Failure)  446891K->130539K(1033216K), 0.0047248 secs]
287.330: Total time for which application threads were stopped: 0.0048859 seconds, Stopping threads took: 0.0000190 seconds
287.398: [GC (Allocation Failure)  450027K->136077K(1033728K), 0.0040488 secs]
287.402: Total time for which application threads were stopped: 0.0042339 seconds, Stopping threads took: 0.0000278 seconds
287.470: [GC (Allocation Failure)  455565K->135981K(1034752K), 0.0040590 secs]
287.474: Total time for which application threads were stopped: 0.0042175 seconds, Stopping threads took: 0.0000196 seconds
287.541: [GC (Allocation Failure)  457005K->139277K(1034240K), 0.0048705 secs]
287.546: Total time for which application threads were stopped: 0.0050355 seconds, Stopping threads took: 0.0000193 seconds
287.613: [GC (Allocation Failure)  460301K->144047K(1035264K), 0.0039926 secs]
287.617: Total time for which application threads were stopped: 0.0041621 seconds, Stopping threads took: 0.0000199 seconds
287.686: [GC (Allocation Failure)  466095K->144015K(1034752K), 0.0041831 secs]
287.691: Total time for which application threads were stopped: 0.0043595 seconds, Stopping threads took: 0.0000191 seconds
287.759: [GC (Allocation Failure)  466063K->144975K(1034240K), 0.0106759 secs]
287.770: Total time for which application threads were stopped: 0.0108503 seconds, Stopping threads took: 0.0000255 seconds
287.840: [GC (Allocation Failure)  466511K->152017K(1034752K), 0.0040779 secs]
287.844: Total time for which application threads were stopped: 0.0042579 seconds, Stopping threads took: 0.0000257 seconds
287.911: [GC (Allocation Failure)  473553K->152017K(1035264K), 0.0041225 secs]
287.915: Total time for which application threads were stopped: 0.0042921 seconds, Stopping threads took: 0.0000223 seconds
287.983: [GC (Allocation Failure)  474577K->155249K(1035264K), 0.0047638 secs]
287.988: Total time for which application threads were stopped: 0.0049282 seconds, Stopping threads took: 0.0000204 seconds
288.056: [GC (Allocation Failure)  477809K->160276K(1035264K), 0.0039553 secs]
288.060: Total time for which application threads were stopped: 0.0041296 seconds, Stopping threads took: 0.0000204 seconds
288.129: [GC (Allocation Failure)  482836K->160052K(1035264K), 0.0041104 secs]
288.133: Total time for which application threads were stopped: 0.0043010 seconds, Stopping threads took: 0.0000297 seconds
288.199: [GC (Allocation Failure)  482612K->155409K(1034752K), 0.0026940 secs]
288.201: Total time for which application threads were stopped: 0.0028543 seconds, Stopping threads took: 0.0000256 seconds
288.270: [GC (Allocation Failure)  477969K->160180K(1035264K), 0.0041044 secs]
288.275: Total time for which application threads were stopped: 0.0042916 seconds, Stopping threads took: 0.0000264 seconds
288.341: [GC (Allocation Failure)  482740K->160084K(1035776K), 0.0040998 secs]
288.345: Total time for which application threads were stopped: 0.0042898 seconds, Stopping threads took: 0.0000201 seconds
288.414: [GC (Allocation Failure)  483668K->160785K(1035776K), 0.0044953 secs]
288.419: Total time for which application threads were stopped: 0.0046529 seconds, Stopping threads took: 0.0000163 seconds
288.488: [GC (Allocation Failure)  484369K->160148K(1035776K), 0.0039048 secs]
288.492: Total time for which application threads were stopped: 0.0040983 seconds, Stopping threads took: 0.0000189 seconds
288.562: [GC (Allocation Failure)  483732K->160052K(1035776K), 0.0039295 secs]
288.566: Total time for which application threads were stopped: 0.0040762 seconds, Stopping threads took: 0.0000193 seconds
288.635: [GC (Allocation Failure)  483636K->168105K(1030144K), 0.0079920 secs]
288.643: Total time for which application threads were stopped: 0.0081828 seconds, Stopping threads took: 0.0000248 seconds
288.712: [GC (Allocation Failure)  486569K->163948K(1033216K), 0.0041977 secs]
288.717: Total time for which application threads were stopped: 0.0043819 seconds, Stopping threads took: 0.0000164 seconds
288.783: [GC (Allocation Failure)  482412K->163884K(1034752K), 0.0041944 secs]
288.788: Total time for which application threads were stopped: 0.0043743 seconds, Stopping threads took: 0.0000274 seconds
288.855: [GC (Allocation Failure)  484396K->166025K(1033728K), 0.0050995 secs]
288.860: Total time for which application threads were stopped: 0.0052687 seconds, Stopping threads took: 0.0000195 seconds
288.927: [GC (Allocation Failure)  486537K->164140K(1034752K), 0.0040130 secs]
288.931: Total time for which application threads were stopped: 0.0042116 seconds, Stopping threads took: 0.0000203 seconds
288.998: [GC (Allocation Failure)  485164K->163884K(1034240K), 0.0050550 secs]
289.003: Total time for which application threads were stopped: 0.0052304 seconds, Stopping threads took: 0.0000202 seconds
289.070: [GC (Allocation Failure)  484908K->165193K(1035264K), 0.0045673 secs]
289.074: Total time for which application threads were stopped: 0.0047267 seconds, Stopping threads took: 0.0000200 seconds
289.143: [GC (Allocation Failure)  487753K->164108K(1035264K), 0.0041838 secs]
289.147: Total time for which application threads were stopped: 0.0043541 seconds, Stopping threads took: 0.0000192 seconds
289.218: [GC (Allocation Failure)  486668K->163916K(1036288K), 0.0039211 secs]
289.222: Total time for which application threads were stopped: 0.0040724 seconds, Stopping threads took: 0.0000191 seconds
289.290: [GC (Allocation Failure)  488012K->171001K(1035776K), 0.0075180 secs]
289.298: Total time for which application threads were stopped: 0.0076893 seconds, Stopping threads took: 0.0000278 seconds
289.366: [GC (Allocation Failure)  495097K->166908K(1032704K), 0.0041739 secs]
289.370: Total time for which application threads were stopped: 0.0043347 seconds, Stopping threads took: 0.0000199 seconds
289.439: [GC (Allocation Failure)  487420K->166748K(1034240K), 0.0041842 secs]
289.443: Total time for which application threads were stopped: 0.0043448 seconds, Stopping threads took: 0.0000199 seconds
289.511: [GC (Allocation Failure)  487260K->159289K(1032704K), 0.0012143 secs]
289.513: Total time for which application threads were stopped: 0.0013374 seconds, Stopping threads took: 0.0000197 seconds
289.579: [GC (Allocation Failure)  478777K->166892K(1033728K), 0.0041317 secs]
289.583: Total time for which application threads were stopped: 0.0043024 seconds, Stopping threads took: 0.0000213 seconds
289.650: [GC (Allocation Failure)  486380K->170956K(1034752K), 0.0053203 secs]
289.655: Total time for which application threads were stopped: 0.0054818 seconds, Stopping threads took: 0.0000200 seconds
289.722: [GC (Allocation Failure)  491980K->176457K(1034240K), 0.0068164 secs]
289.729: Total time for which application threads were stopped: 0.0069907 seconds, Stopping threads took: 0.0000264 seconds
289.796: [GC (Allocation Failure)  497481K->170956K(1033216K), 0.0042095 secs]
289.800: Total time for which application threads were stopped: 0.0043712 seconds, Stopping threads took: 0.0000204 seconds
289.869: [GC (Allocation Failure)  490444K->170924K(1033728K), 0.0039261 secs]
289.873: Total time for which application threads were stopped: 0.0040922 seconds, Stopping threads took: 0.0000196 seconds
289.940: [GC (Allocation Failure)  490412K->173097K(1034240K), 0.0051064 secs]
289.945: Total time for which application threads were stopped: 0.0052790 seconds, Stopping threads took: 0.0000202 seconds
290.015: [GC (Allocation Failure)  493609K->171180K(1034240K), 0.0041896 secs]
290.020: Total time for which application threads were stopped: 0.0043578 seconds, Stopping threads took: 0.0000206 seconds
290.088: [GC (Allocation Failure)  491692K->170924K(1035264K), 0.0039774 secs]
290.092: Total time for which application threads were stopped: 0.0041414 seconds, Stopping threads took: 0.0000199 seconds
290.158: [GC (Allocation Failure)  492972K->172745K(1034752K), 0.0050318 secs]
290.163: Total time for which application threads were stopped: 0.0052306 seconds, Stopping threads took: 0.0000250 seconds
290.234: [GC (Allocation Failure)  494793K->171116K(1035776K), 0.0038318 secs]
290.238: Total time for which application threads were stopped: 0.0040014 seconds, Stopping threads took: 0.0000265 seconds
290.305: [GC (Allocation Failure)  494188K->170924K(1035264K), 0.0039261 secs]
290.309: Total time for which application threads were stopped: 0.0040880 seconds, Stopping threads took: 0.0000195 seconds
290.375: [GC (Allocation Failure)  493996K->177513K(1032704K), 0.0073154 secs]
290.382: Total time for which application threads were stopped: 0.0075066 seconds, Stopping threads took: 0.0000189 seconds
290.450: [GC (Allocation Failure)  498025K->172908K(1034240K), 0.0042633 secs]
290.454: Total time for which application threads were stopped: 0.0044169 seconds, Stopping threads took: 0.0000172 seconds
290.522: [GC (Allocation Failure)  493420K->172780K(1034752K), 0.0041362 secs]
290.526: Total time for which application threads were stopped: 0.0043279 seconds, Stopping threads took: 0.0000201 seconds
290.595: [GC (Allocation Failure)  493804K->178089K(1034240K), 0.0063786 secs]
290.601: Total time for which application threads were stopped: 0.0065429 seconds, Stopping threads took: 0.0000253 seconds
290.668: [GC (Allocation Failure)  499113K->172876K(1033216K), 0.0043610 secs]
290.673: Total time for which application threads were stopped: 0.0045283 seconds, Stopping threads took: 0.0000193 seconds
290.740: [GC (Allocation Failure)  492364K->172748K(1033728K), 0.0039473 secs]
290.744: Total time for which application threads were stopped: 0.0041219 seconds, Stopping threads took: 0.0000270 seconds
290.810: [GC (Allocation Failure)  492236K->174697K(1034240K), 0.0050815 secs]
290.816: Total time for which application threads were stopped: 0.0052610 seconds, Stopping threads took: 0.0000193 seconds
290.884: [GC (Allocation Failure)  495209K->172780K(1034240K), 0.0053847 secs]
290.889: Total time for which application threads were stopped: 0.0055543 seconds, Stopping threads took: 0.0000195 seconds
290.958: [GC (Allocation Failure)  493292K->172780K(1034752K), 0.0041628 secs]
290.963: Total time for which application threads were stopped: 0.0043331 seconds, Stopping threads took: 0.0000189 seconds
291.030: [GC (Allocation Failure)  494316K->173865K(1034752K), 0.0046685 secs]
291.034: Total time for which application threads were stopped: 0.0048367 seconds, Stopping threads took: 0.0000195 seconds
291.103: [GC (Allocation Failure)  495401K->173004K(1035776K), 0.0041682 secs]
291.107: Total time for which application threads were stopped: 0.0043502 seconds, Stopping threads took: 0.0000196 seconds
291.176: [GC (Allocation Failure)  496076K->172780K(1035264K), 0.0040687 secs]
291.180: Total time for which application threads were stopped: 0.0042405 seconds, Stopping threads took: 0.0000197 seconds
291.247: [GC (Allocation Failure)  495852K->178121K(1032704K), 0.0065513 secs]
291.254: Total time for which application threads were stopped: 0.0067082 seconds, Stopping threads took: 0.0000249 seconds
291.321: [GC (Allocation Failure)  498633K->173548K(1034240K), 0.0039360 secs]
291.325: Total time for which application threads were stopped: 0.0040994 seconds, Stopping threads took: 0.0000252 seconds
291.394: [GC (Allocation Failure)  494060K->173388K(1034752K), 0.0040074 secs]
291.398: Total time for which application threads were stopped: 0.0041899 seconds, Stopping threads took: 0.0000200 seconds
291.466: [GC (Allocation Failure)  494924K->177961K(1033728K), 0.0061724 secs]
291.472: Total time for which application threads were stopped: 0.0063328 seconds, Stopping threads took: 0.0000194 seconds
291.538: [GC (Allocation Failure)  499497K->173452K(1034240K), 0.0041620 secs]
291.543: Total time for which application threads were stopped: 0.0043375 seconds, Stopping threads took: 0.0000189 seconds
291.611: [GC (Allocation Failure)  493964K->173420K(1034240K), 0.0040954 secs]
291.615: Total time for which application threads were stopped: 0.0042664 seconds, Stopping threads took: 0.0000188 seconds
291.683: [GC (Allocation Failure)  493932K->177129K(1033728K), 0.0057460 secs]
291.689: Total time for which application threads were stopped: 0.0059069 seconds, Stopping threads took: 0.0000189 seconds
291.757: [GC (Allocation Failure)  497641K->173452K(1034240K), 0.0038516 secs]
291.761: Total time for which application threads were stopped: 0.0040226 seconds, Stopping threads took: 0.0000275 seconds
291.828: [GC (Allocation Failure)  493964K->173356K(1034752K), 0.0040794 secs]
291.833: Total time for which application threads were stopped: 0.0042572 seconds, Stopping threads took: 0.0000200 seconds
291.899: [GC (Allocation Failure)  494380K->175785K(1034240K), 0.0050792 secs]
291.904: Total time for which application threads were stopped: 0.0052607 seconds, Stopping threads took: 0.0000219 seconds
291.971: [GC (Allocation Failure)  496809K->173420K(1034752K), 0.0040704 secs]
291.975: Total time for which application threads were stopped: 0.0042388 seconds, Stopping threads took: 0.0000188 seconds
292.045: [GC (Allocation Failure)  494956K->173388K(1034752K), 0.0041165 secs]
292.049: Total time for which application threads were stopped: 0.0042855 seconds, Stopping threads took: 0.0000193 seconds
292.116: [GC (Allocation Failure)  494924K->176553K(1034240K), 0.0056154 secs]
292.122: Total time for which application threads were stopped: 0.0057860 seconds, Stopping threads took: 0.0000198 seconds
292.190: [GC (Allocation Failure)  498089K->173612K(1034752K), 0.0071482 secs]
292.198: Total time for which application threads were stopped: 0.0073330 seconds, Stopping threads took: 0.0000278 seconds
292.266: [GC (Allocation Failure)  495148K->173356K(1035264K), 0.0039364 secs]
292.270: Total time for which application threads were stopped: 0.0041047 seconds, Stopping threads took: 0.0000168 seconds
292.339: [GC (Allocation Failure)  495404K->178249K(1034752K), 0.0060941 secs]
292.345: Total time for which application threads were stopped: 0.0062885 seconds, Stopping threads took: 0.0000196 seconds
292.414: [GC (Allocation Failure)  500297K->173580K(1033728K), 0.0038797 secs]
292.418: Total time for which application threads were stopped: 0.0040432 seconds, Stopping threads took: 0.0000172 seconds
292.488: [GC (Allocation Failure)  494092K->173420K(1034240K), 0.0040326 secs]
292.492: Total time for which application threads were stopped: 0.0042237 seconds, Stopping threads took: 0.0000197 seconds
292.561: [GC (Allocation Failure)  493932K->177929K(1032704K), 0.0060143 secs]
292.567: Total time for which application threads were stopped: 0.0061954 seconds, Stopping threads took: 0.0000159 seconds
292.636: [GC (Allocation Failure)  497417K->173484K(1033728K), 0.0040855 secs]
292.640: Total time for which application threads were stopped: 0.0042779 seconds, Stopping threads took: 0.0000201 seconds
292.708: [GC (Allocation Failure)  492972K->173388K(1034240K), 0.0042174 secs]
292.713: Total time for which application threads were stopped: 0.0043618 seconds, Stopping threads took: 0.0000168 seconds
292.781: [GC (Allocation Failure)  493900K->174057K(1034240K), 0.0044685 secs]
292.785: Total time for which application threads were stopped: 0.0046348 seconds, Stopping threads took: 0.0000248 seconds
292.853: [GC (Allocation Failure)  494569K->173452K(1034752K), 0.0041800 secs]
292.857: Total time for which application threads were stopped: 0.0043738 seconds, Stopping threads took: 0.0000289 seconds
292.926: [GC (Allocation Failure)  494988K->173420K(1034752K), 0.0040461 secs]
292.930: Total time for which application threads were stopped: 0.0042157 seconds, Stopping threads took: 0.0000200 seconds
292.995: [GC (Allocation Failure)  494956K->174217K(1035776K), 0.0044998 secs]
293.000: Total time for which application threads were stopped: 0.0046625 seconds, Stopping threads took: 0.0000197 seconds
293.070: [GC (Allocation Failure)  497289K->173644K(1035264K), 0.0043721 secs]
293.074: Total time for which application threads were stopped: 0.0045289 seconds, Stopping threads took: 0.0000198 seconds
293.142: [GC (Allocation Failure)  496716K->173356K(1036288K), 0.0040365 secs]
293.146: Total time for which application threads were stopped: 0.0042041 seconds, Stopping threads took: 0.0000196 seconds
293.216: [GC (Allocation Failure)  497452K->181073K(1035776K), 0.0080104 secs]
293.224: Total time for which application threads were stopped: 0.0081740 seconds, Stopping threads took: 0.0000156 seconds
293.293: [GC (Allocation Failure)  505169K->177044K(1032704K), 0.0041503 secs]
293.297: Total time for which application threads were stopped: 0.0043336 seconds, Stopping threads took: 0.0000194 seconds
293.366: [GC (Allocation Failure)  497556K->176852K(1034240K), 0.0043162 secs]
293.370: Total time for which application threads were stopped: 0.0044655 seconds, Stopping threads took: 0.0000171 seconds
293.437: [GC (Allocation Failure)  497364K->169905K(1032192K), 0.0013267 secs]
293.439: Total time for which application threads were stopped: 0.0014657 seconds, Stopping threads took: 0.0000240 seconds
293.506: [GC (Allocation Failure)  488369K->177020K(1033216K), 0.0041171 secs]
293.510: Total time for which application threads were stopped: 0.0042931 seconds, Stopping threads took: 0.0000285 seconds
293.576: [GC (Allocation Failure)  495484K->180996K(1034240K), 0.0051275 secs]
293.581: Total time for which application threads were stopped: 0.0052916 seconds, Stopping threads took: 0.0000198 seconds
293.646: [GC (Allocation Failure)  500996K->184033K(1033728K), 0.0053599 secs]
293.651: Total time for which application threads were stopped: 0.0055095 seconds, Stopping threads took: 0.0000195 seconds
293.721: [GC (Allocation Failure)  504033K->181092K(1034240K), 0.0042348 secs]
293.725: Total time for which application threads were stopped: 0.0043816 seconds, Stopping threads took: 0.0000167 seconds
293.793: [GC (Allocation Failure)  501092K->181028K(1033728K), 0.0041806 secs]
293.797: Total time for which application threads were stopped: 0.0043567 seconds, Stopping threads took: 0.0000287 seconds
293.862: [GC (Allocation Failure)  501028K->180609K(1035264K), 0.0041905 secs]
293.866: Total time for which application threads were stopped: 0.0043596 seconds, Stopping threads took: 0.0000190 seconds
293.934: [GC (Allocation Failure)  502657K->180996K(1034752K), 0.0041311 secs]
293.938: Total time for which application threads were stopped: 0.0042936 seconds, Stopping threads took: 0.0000194 seconds
294.006: [GC (Allocation Failure)  503044K->180996K(1036288K), 0.0040960 secs]
294.010: Total time for which application threads were stopped: 0.0042560 seconds, Stopping threads took: 0.0000195 seconds
294.076: [GC (Allocation Failure)  505092K->185385K(1035776K), 0.0075046 secs]
294.084: Total time for which application threads were stopped: 0.0076845 seconds, Stopping threads took: 0.0000188 seconds
294.153: [GC (Allocation Failure)  509481K->181388K(1034752K), 0.0041028 secs]
294.157: Total time for which application threads were stopped: 0.0042958 seconds, Stopping threads took: 0.0000221 seconds
294.228: [GC (Allocation Failure)  503948K->181164K(1035264K), 0.0042625 secs]
294.232: Total time for which application threads were stopped: 0.0044356 seconds, Stopping threads took: 0.0000168 seconds
294.298: [GC (Allocation Failure)  503724K->175017K(1033728K), 0.0017125 secs]
294.299: Total time for which application threads were stopped: 0.0018508 seconds, Stopping threads took: 0.0000202 seconds
294.369: [GC (Allocation Failure)  496553K->181356K(1034752K), 0.0041567 secs]
294.374: Total time for which application threads were stopped: 0.0043285 seconds, Stopping threads took: 0.0000206 seconds
294.441: [GC (Allocation Failure)  502892K->185316K(1035776K), 0.0044967 secs]
294.446: Total time for which application threads were stopped: 0.0046663 seconds, Stopping threads took: 0.0000207 seconds
294.511: [GC (Allocation Failure)  508388K->181409K(1035264K), 0.0030589 secs]
294.514: Total time for which application threads were stopped: 0.0032301 seconds, Stopping threads took: 0.0000197 seconds
294.582: [GC (Allocation Failure)  504481K->185468K(1035264K), 0.0042742 secs]
294.586: Total time for which application threads were stopped: 0.0044377 seconds, Stopping threads took: 0.0000200 seconds
294.654: [GC (Allocation Failure)  508028K->189468K(1035264K), 0.0043142 secs]
294.658: Total time for which application threads were stopped: 0.0044863 seconds, Stopping threads took: 0.0000197 seconds
294.723: [GC (Allocation Failure)  511074K->185497K(1035776K), 0.0029934 secs]
294.726: Total time for which application threads were stopped: 0.0031523 seconds, Stopping threads took: 0.0000200 seconds
294.795: [GC (Allocation Failure)  509081K->189596K(1035776K), 0.0042622 secs]
294.800: Total time for which application threads were stopped: 0.0044200 seconds, Stopping threads took: 0.0000260 seconds
294.867: [GC (Allocation Failure)  513180K->193596K(1035776K), 0.0041421 secs]
294.871: Total time for which application threads were stopped: 0.0043172 seconds, Stopping threads took: 0.0000262 seconds
294.940: [GC (Allocation Failure)  517180K->193564K(1035776K), 0.0041577 secs]
294.944: Total time for which application threads were stopped: 0.0043307 seconds, Stopping threads took: 0.0000197 seconds
295.011: [GC (Allocation Failure)  517148K->193636K(1034752K), 0.0042400 secs]
295.016: Total time for which application threads were stopped: 0.0044033 seconds, Stopping threads took: 0.0000208 seconds
295.083: [GC (Allocation Failure)  516196K->201638K(1035264K), 0.0056140 secs]
295.089: Total time for which application threads were stopped: 0.0057873 seconds, Stopping threads took: 0.0000209 seconds
295.158: [GC (Allocation Failure)  524198K->201606K(1035264K), 0.0040408 secs]
295.162: Total time for which application threads were stopped: 0.0042130 seconds, Stopping threads took: 0.0000222 seconds
295.230: [GC (Allocation Failure)  524166K->201638K(1022464K), 0.0042742 secs]
295.234: Total time for which application threads were stopped: 0.0044249 seconds, Stopping threads took: 0.0000173 seconds
295.302: [GC (Allocation Failure)  524198K->209672K(1034752K), 0.0043162 secs]
295.306: Total time for which application threads were stopped: 0.0044861 seconds, Stopping threads took: 0.0000200 seconds
295.373: [GC (Allocation Failure)  531208K->209640K(1034752K), 0.0040030 secs]
295.377: Total time for which application threads were stopped: 0.0041855 seconds, Stopping threads took: 0.0000202 seconds
295.444: [GC (Allocation Failure)  531176K->209864K(1034752K), 0.0041776 secs]
295.449: Total time for which application threads were stopped: 0.0043488 seconds, Stopping threads took: 0.0000199 seconds
295.519: [GC (Allocation Failure)  531400K->217674K(1029120K), 0.0041260 secs]
295.523: Total time for which application threads were stopped: 0.0043224 seconds, Stopping threads took: 0.0000202 seconds
295.592: [GC (Allocation Failure)  539210K->217674K(1034240K), 0.0042454 secs]
295.597: Total time for which application threads were stopped: 0.0044385 seconds, Stopping threads took: 0.0000199 seconds
295.665: [GC (Allocation Failure)  538186K->218082K(1034240K), 0.0044875 secs]
295.670: Total time for which application threads were stopped: 0.0046589 seconds, Stopping threads took: 0.0000202 seconds
295.738: [GC (Allocation Failure)  538594K->225733K(1034240K), 0.0040904 secs]
295.742: Total time for which application threads were stopped: 0.0042578 seconds, Stopping threads took: 0.0000260 seconds
295.809: [GC (Allocation Failure)  546245K->225701K(1034240K), 0.0042306 secs]
295.814: Total time for which application threads were stopped: 0.0044210 seconds, Stopping threads took: 0.0000219 seconds
295.881: [GC (Allocation Failure)  546213K->225829K(1034240K), 0.0044801 secs]
295.885: Total time for which application threads were stopped: 0.0046671 seconds, Stopping threads took: 0.0000215 seconds
295.953: [GC (Allocation Failure)  546341K->233735K(1028096K), 0.0041956 secs]
295.957: Total time for which application threads were stopped: 0.0043918 seconds, Stopping threads took: 0.0000208 seconds
296.026: [GC (Allocation Failure)  554247K->233767K(1033728K), 0.0041868 secs]
296.030: Total time for which application threads were stopped: 0.0043463 seconds, Stopping threads took: 0.0000250 seconds
296.097: [GC (Allocation Failure)  553255K->233799K(1033728K), 0.0041836 secs]
296.102: Total time for which application threads were stopped: 0.0043793 seconds, Stopping threads took: 0.0000206 seconds
296.169: [GC (Allocation Failure)  553287K->241769K(1033728K), 0.0043005 secs]
296.174: Total time for which application threads were stopped: 0.0044489 seconds, Stopping threads took: 0.0000168 seconds
296.242: [GC (Allocation Failure)  561257K->241769K(1033728K), 0.0042787 secs]
296.246: Total time for which application threads were stopped: 0.0044454 seconds, Stopping threads took: 0.0000281 seconds
296.313: [GC (Allocation Failure)  561257K->242025K(1033728K), 0.0043800 secs]
296.317: Total time for which application threads were stopped: 0.0045724 seconds, Stopping threads took: 0.0000196 seconds
296.384: [GC (Allocation Failure)  561513K->249803K(1033728K), 0.0043222 secs]
296.389: Total time for which application threads were stopped: 0.0046309 seconds, Stopping threads took: 0.0000196 seconds
296.457: [GC (Allocation Failure)  569291K->245897K(1034240K), 0.0031508 secs]
296.460: Total time for which application threads were stopped: 0.0033111 seconds, Stopping threads took: 0.0000192 seconds
296.528: [GC (Allocation Failure)  565897K->249899K(1033728K), 0.0050378 secs]
296.533: Total time for which application threads were stopped: 0.0052104 seconds, Stopping threads took: 0.0000196 seconds
296.601: [GC (Allocation Failure)  569899K->253963K(1034752K), 0.0042885 secs]
296.605: Total time for which application threads were stopped: 0.0044617 seconds, Stopping threads took: 0.0000197 seconds
296.673: [GC (Allocation Failure)  575499K->248169K(1034752K), 0.0020096 secs]
296.675: Total time for which application threads were stopped: 0.0021391 seconds, Stopping threads took: 0.0000167 seconds
296.743: [GC (Allocation Failure)  569705K->254003K(1035264K), 0.0041355 secs]
296.747: Total time for which application threads were stopped: 0.0042931 seconds, Stopping threads took: 0.0000256 seconds
296.815: [GC (Allocation Failure)  576051K->258107K(1034752K), 0.0045791 secs]
296.820: Total time for which application threads were stopped: 0.0047349 seconds, Stopping threads took: 0.0000193 seconds
296.889: [GC (Allocation Failure)  579894K->254169K(1035776K), 0.0031130 secs]
296.892: Total time for which application threads were stopped: 0.0032697 seconds, Stopping threads took: 0.0000193 seconds
296.960: [GC (Allocation Failure)  577241K->258243K(1035264K), 0.0044588 secs]
296.964: Total time for which application threads were stopped: 0.0046309 seconds, Stopping threads took: 0.0000199 seconds
297.032: [GC (Allocation Failure)  581315K->262211K(1035264K), 0.0041393 secs]
297.036: Total time for which application threads were stopped: 0.0043125 seconds, Stopping threads took: 0.0000207 seconds
297.106: [GC (Allocation Failure)  585795K->262243K(1035776K), 0.0043530 secs]
297.110: Total time for which application threads were stopped: 0.0045151 seconds, Stopping threads took: 0.0000197 seconds
297.178: [GC (Allocation Failure)  585827K->262267K(1034752K), 0.0045555 secs]
297.183: Total time for which application threads were stopped: 0.0047620 seconds, Stopping threads took: 0.0000632 seconds
297.254: [GC (Allocation Failure)  584827K->270270K(1035264K), 0.0041074 secs]
297.258: Total time for which application threads were stopped: 0.0042842 seconds, Stopping threads took: 0.0000194 seconds
297.326: [GC (Allocation Failure)  592830K->270238K(1034240K), 0.0043547 secs]
297.330: Total time for which application threads were stopped: 0.0045492 seconds, Stopping threads took: 0.0000200 seconds
297.399: [GC (Allocation Failure)  591774K->270302K(1034752K), 0.0046186 secs]
297.403: Total time for which application threads were stopped: 0.0047821 seconds, Stopping threads took: 0.0000200 seconds
297.470: [GC (Allocation Failure)  591838K->278272K(1033728K), 0.0045194 secs]
297.474: Total time for which application threads were stopped: 0.0046896 seconds, Stopping threads took: 0.0000195 seconds
297.542: [GC (Allocation Failure)  598784K->278304K(1034240K), 0.0041951 secs]
297.547: Total time for which application threads were stopped: 0.0043745 seconds, Stopping threads took: 0.0000203 seconds
297.613: [GC (Allocation Failure)  598816K->278536K(1034240K), 0.0043364 secs]
297.617: Total time for which application threads were stopped: 0.0044997 seconds, Stopping threads took: 0.0000202 seconds
297.683: [GC (Allocation Failure)  599048K->286346K(1034240K), 0.0043493 secs]
297.687: Total time for which application threads were stopped: 0.0045557 seconds, Stopping threads took: 0.0000198 seconds
297.754: [GC (Allocation Failure)  606858K->286282K(1034240K), 0.0043503 secs]
297.758: Total time for which application threads were stopped: 0.0045131 seconds, Stopping threads took: 0.0000260 seconds
297.825: [GC (Allocation Failure)  606794K->286762K(1020416K), 0.0064661 secs]
297.832: Total time for which application threads were stopped: 0.0066378 seconds, Stopping threads took: 0.0000201 seconds
297.900: [GC (Allocation Failure)  607274K->294381K(1033728K), 0.0044509 secs]
297.904: Total time for which application threads were stopped: 0.0046243 seconds, Stopping threads took: 0.0000194 seconds
297.973: [GC (Allocation Failure)  613869K->294349K(1033728K), 0.0040933 secs]
297.977: Total time for which application threads were stopped: 0.0042553 seconds, Stopping threads took: 0.0000209 seconds
298.043: [GC (Allocation Failure)  613837K->294501K(1033728K), 0.0044513 secs]
298.048: Total time for which application threads were stopped: 0.0046000 seconds, Stopping threads took: 0.0000170 seconds
298.115: [GC (Allocation Failure)  613989K->302375K(1033728K), 0.0043452 secs]
298.119: Total time for which application threads were stopped: 0.0045154 seconds, Stopping threads took: 0.0000197 seconds
298.187: [GC (Allocation Failure)  621861K->298469K(1034240K), 0.0031572 secs]
298.191: Total time for which application threads were stopped: 0.0033236 seconds, Stopping threads took: 0.0000200 seconds
298.261: [GC (Allocation Failure)  618469K->302535K(1033728K), 0.0045949 secs]
298.265: Total time for which application threads were stopped: 0.0047643 seconds, Stopping threads took: 0.0000281 seconds
298.331: [GC (Allocation Failure)  622535K->306535K(1034752K), 0.0044248 secs]
298.335: Total time for which application threads were stopped: 0.0046055 seconds, Stopping threads took: 0.0000254 seconds
298.404: [GC (Allocation Failure)  628071K->300773K(1034752K), 0.0021602 secs]
298.406: Total time for which application threads were stopped: 0.0023065 seconds, Stopping threads took: 0.0000162 seconds
298.476: [GC (Allocation Failure)  622309K->306567K(1035776K), 0.0042458 secs]
298.480: Total time for which application threads were stopped: 0.0044046 seconds, Stopping threads took: 0.0000172 seconds
298.548: [GC (Allocation Failure)  629127K->310679K(1034752K), 0.0047533 secs]
298.553: Total time for which application threads were stopped: 0.0049131 seconds, Stopping threads took: 0.0000192 seconds
298.619: [GC (Allocation Failure)  632977K->306741K(1035776K), 0.0031560 secs]
298.622: Total time for which application threads were stopped: 0.0033124 seconds, Stopping threads took: 0.0000194 seconds
298.692: [GC (Allocation Failure)  629813K->310807K(1035264K), 0.0045243 secs]
298.697: Total time for which application threads were stopped: 0.0046940 seconds, Stopping threads took: 0.0000192 seconds
298.764: [GC (Allocation Failure)  633879K->314775K(1035264K), 0.0043531 secs]
298.769: Total time for which application threads were stopped: 0.0045322 seconds, Stopping threads took: 0.0000195 seconds
298.837: [GC (Allocation Failure)  638359K->314775K(1035776K), 0.0042458 secs]
298.841: Total time for which application threads were stopped: 0.0044132 seconds, Stopping threads took: 0.0000194 seconds
298.908: [GC (Allocation Failure)  638359K->314831K(1034752K), 0.0043979 secs]
298.913: Total time for which application threads were stopped: 0.0045746 seconds, Stopping threads took: 0.0000273 seconds
298.982: [GC (Allocation Failure)  637391K->322801K(1035264K), 0.0045439 secs]
298.987: Total time for which application threads were stopped: 0.0047121 seconds, Stopping threads took: 0.0000192 seconds
299.053: [GC (Allocation Failure)  645361K->322769K(1034240K), 0.0042468 secs]
299.058: Total time for which application threads were stopped: 0.0044059 seconds, Stopping threads took: 0.0000190 seconds
299.124: [GC (Allocation Failure)  644305K->322857K(1034752K), 0.0044457 secs]
299.129: Total time for which application threads were stopped: 0.0046099 seconds, Stopping threads took: 0.0000197 seconds
299.195: [GC (Allocation Failure)  644393K->330827K(1034752K), 0.0044199 secs]
299.199: Total time for which application threads were stopped: 0.0045946 seconds, Stopping threads took: 0.0000250 seconds
299.270: [GC (Allocation Failure)  652363K->330827K(1029120K), 0.0041264 secs]
299.274: Total time for which application threads were stopped: 0.0043242 seconds, Stopping threads took: 0.0000274 seconds
299.340: [GC (Allocation Failure)  652363K->331075K(1034240K), 0.0046683 secs]
299.345: Total time for which application threads were stopped: 0.0048350 seconds, Stopping threads took: 0.0000193 seconds
299.413: [GC (Allocation Failure)  651587K->338822K(1034240K), 0.0043571 secs]
299.417: Total time for which application threads were stopped: 0.0045339 seconds, Stopping threads took: 0.0000189 seconds
299.485: [GC (Allocation Failure)  659334K->338854K(1034240K), 0.0042914 secs]
299.489: Total time for which application threads were stopped: 0.0044589 seconds, Stopping threads took: 0.0000200 seconds
299.556: [GC (Allocation Failure)  659366K->339270K(1034240K), 0.0046321 secs]
299.560: Total time for which application threads were stopped: 0.0048036 seconds, Stopping threads took: 0.0000202 seconds
299.626: [GC (Allocation Failure)  659782K->346920K(1033216K), 0.0064864 secs]
299.633: Total time for which application threads were stopped: 0.0066587 seconds, Stopping threads took: 0.0000218 seconds
299.700: [GC (Allocation Failure)  666408K->346888K(1033728K), 0.0046452 secs]
299.705: Total time for which application threads were stopped: 0.0048196 seconds, Stopping threads took: 0.0000206 seconds
299.769: [GC (Allocation Failure)  666376K->347048K(1033728K), 0.0043266 secs]
299.774: Total time for which application threads were stopped: 0.0045015 seconds, Stopping threads took: 0.0000267 seconds
299.841: [GC (Allocation Failure)  666536K->354954K(1033728K), 0.0043378 secs]
299.845: Total time for which application threads were stopped: 0.0044987 seconds, Stopping threads took: 0.0000196 seconds
299.912: [GC (Allocation Failure)  674442K->354890K(1033728K), 0.0043845 secs]
299.917: Total time for which application threads were stopped: 0.0045564 seconds, Stopping threads took: 0.0000191 seconds
299.985: [GC (Allocation Failure)  674378K->354986K(1033728K), 0.0045442 secs]
299.990: Total time for which application threads were stopped: 0.0047076 seconds, Stopping threads took: 0.0000190 seconds
300.057: [GC (Allocation Failure)  674474K->362956K(1032704K), 0.0045620 secs]
300.061: Total time for which application threads were stopped: 0.0047204 seconds, Stopping threads took: 0.0000196 seconds
300.128: [GC (Allocation Failure)  681420K->357418K(1033216K), 0.0024736 secs]
300.131: Total time for which application threads were stopped: 0.0026223 seconds, Stopping threads took: 0.0000190 seconds
300.199: [GC (Allocation Failure)  675882K->363212K(1034752K), 0.0051422 secs]
300.205: Total time for which application threads were stopped: 0.0053733 seconds, Stopping threads took: 0.0000165 seconds
300.273: [GC (Allocation Failure)  683724K->367100K(1033728K), 0.0044385 secs]
300.277: Total time for which application threads were stopped: 0.0046038 seconds, Stopping threads took: 0.0000281 seconds
300.344: [GC (Allocation Failure)  687612K->373986K(1029120K), 0.0075500 secs]
300.352: Total time for which application threads were stopped: 0.0077392 seconds, Stopping threads took: 0.0000186 seconds
300.420: [GC (Allocation Failure)  689378K->367924K(1031680K), 0.0044721 secs]
300.424: Total time for which application threads were stopped: 0.0046215 seconds, Stopping threads took: 0.0000171 seconds
300.489: [GC (Allocation Failure)  683316K->367764K(1032704K), 0.0045843 secs]
300.494: Total time for which application threads were stopped: 0.0047511 seconds, Stopping threads took: 0.0000198 seconds
300.558: [GC (Allocation Failure)  684692K->371124K(1032192K), 0.0053048 secs]
300.563: Total time for which application threads were stopped: 0.0054741 seconds, Stopping threads took: 0.0000194 seconds
300.630: [GC (Allocation Failure)  688052K->375895K(1033216K), 0.0044946 secs]
300.634: Total time for which application threads were stopped: 0.0046734 seconds, Stopping threads took: 0.0000203 seconds
300.701: [GC (Allocation Failure)  693847K->375767K(1032704K), 0.0043679 secs]
300.706: Total time for which application threads were stopped: 0.0045403 seconds, Stopping threads took: 0.0000206 seconds
300.772: [GC (Allocation Failure)  693719K->376823K(1033216K), 0.0044549 secs]
300.777: Total time for which application threads were stopped: 0.0046554 seconds, Stopping threads took: 0.0000191 seconds
300.846: [GC (Allocation Failure)  695287K->383801K(1033216K), 0.0044582 secs]
300.851: Total time for which application threads were stopped: 0.0046409 seconds, Stopping threads took: 0.0000168 seconds
300.920: [GC (Allocation Failure)  702265K->383769K(1033728K), 0.0045803 secs]
300.925: Total time for which application threads were stopped: 0.0047572 seconds, Stopping threads took: 0.0000201 seconds
300.992: [GC (Allocation Failure)  702745K->385497K(1033216K), 0.0045309 secs]
300.996: Total time for which application threads were stopped: 0.0047243 seconds, Stopping threads took: 0.0000196 seconds
301.066: [GC (Allocation Failure)  704473K->391899K(1033728K), 0.0043493 secs]
301.070: Total time for which application threads were stopped: 0.0045166 seconds, Stopping threads took: 0.0000197 seconds
301.136: [GC (Allocation Failure)  711387K->391835K(1033728K), 0.0046381 secs]
301.141: Total time for which application threads were stopped: 0.0048058 seconds, Stopping threads took: 0.0000315 seconds
301.210: [GC (Allocation Failure)  711323K->392147K(1033728K), 0.0056452 secs]
301.215: Total time for which application threads were stopped: 0.0057978 seconds, Stopping threads took: 0.0000256 seconds
301.283: [GC (Allocation Failure)  711635K->399893K(1033728K), 0.0046666 secs]
301.288: Total time for which application threads were stopped: 0.0048414 seconds, Stopping threads took: 0.0000266 seconds
301.355: [GC (Allocation Failure)  719381K->399861K(1033728K), 0.0044765 secs]
301.360: Total time for which application threads were stopped: 0.0046592 seconds, Stopping threads took: 0.0000206 seconds
301.426: [GC (Allocation Failure)  719349K->403517K(1033728K), 0.0055964 secs]
301.432: Total time for which application threads were stopped: 0.0057611 seconds, Stopping threads took: 0.0000199 seconds
301.500: [GC (Allocation Failure)  723005K->408000K(1034240K), 0.0045528 secs]
301.505: Total time for which application threads were stopped: 0.0047315 seconds, Stopping threads took: 0.0000200 seconds
301.572: [GC (Allocation Failure)  728512K->407936K(1034240K), 0.0045138 secs]
301.576: Total time for which application threads were stopped: 0.0046812 seconds, Stopping threads took: 0.0000211 seconds
301.643: [GC (Allocation Failure)  728448K->408648K(1034240K), 0.0046204 secs]
301.648: Total time for which application threads were stopped: 0.0047979 seconds, Stopping threads took: 0.0000214 seconds
301.716: [GC (Allocation Failure)  729160K->415978K(1034240K), 0.0043967 secs]
301.720: Total time for which application threads were stopped: 0.0046096 seconds, Stopping threads took: 0.0000209 seconds
301.790: [GC (Allocation Failure)  736490K->415946K(1034240K), 0.0044431 secs]
301.795: Total time for which application threads were stopped: 0.0046065 seconds, Stopping threads took: 0.0000256 seconds
301.862: [GC (Allocation Failure)  736458K->416898K(1034240K), 0.0048055 secs]
301.867: Total time for which application threads were stopped: 0.0049889 seconds, Stopping threads took: 0.0000196 seconds
301.936: [GC (Allocation Failure)  737410K->423940K(1034240K), 0.0044823 secs]
301.940: Total time for which application threads were stopped: 0.0046517 seconds, Stopping threads took: 0.0000250 seconds
302.007: [GC (Allocation Failure)  744452K->423972K(1034240K), 0.0045719 secs]
302.012: Total time for which application threads were stopped: 0.0047233 seconds, Stopping threads took: 0.0000195 seconds
302.079: [GC (Allocation Failure)  744484K->425124K(1034240K), 0.0049658 secs]
302.084: Total time for which application threads were stopped: 0.0051389 seconds, Stopping threads took: 0.0000190 seconds
302.151: [GC (Allocation Failure)  745636K->432071K(1034240K), 0.0045815 secs]
302.156: Total time for which application threads were stopped: 0.0047428 seconds, Stopping threads took: 0.0000191 seconds
302.224: [GC (Allocation Failure)  752583K->432007K(1034240K), 0.0046103 secs]
302.229: Total time for which application threads were stopped: 0.0047688 seconds, Stopping threads took: 0.0000187 seconds
302.297: [GC (Allocation Failure)  752519K->432327K(1020416K), 0.0045622 secs]
302.302: Total time for which application threads were stopped: 0.0047284 seconds, Stopping threads took: 0.0000257 seconds
302.369: [GC (Allocation Failure)  752839K->440137K(1033728K), 0.0048474 secs]
302.374: Total time for which application threads were stopped: 0.0050134 seconds, Stopping threads took: 0.0000195 seconds
302.441: [GC (Allocation Failure)  759625K->440009K(1033728K), 0.0046900 secs]
302.445: Total time for which application threads were stopped: 0.0048813 seconds, Stopping threads took: 0.0000188 seconds
302.513: [GC (Allocation Failure)  759497K->440585K(1033728K), 0.0046346 secs]
302.518: Total time for which application threads were stopped: 0.0047854 seconds, Stopping threads took: 0.0000167 seconds
302.585: [GC (Allocation Failure)  760073K->448139K(1033728K), 0.0045262 secs]
302.589: Total time for which application threads were stopped: 0.0046873 seconds, Stopping threads took: 0.0000203 seconds
302.656: [GC (Allocation Failure)  767627K->448075K(1033728K), 0.0045560 secs]
302.661: Total time for which application threads were stopped: 0.0047138 seconds, Stopping threads took: 0.0000193 seconds
302.727: [GC (Allocation Failure)  767563K->448803K(1033728K), 0.0049191 secs]
302.732: Total time for which application threads were stopped: 0.0050879 seconds, Stopping threads took: 0.0000195 seconds
302.801: [GC (Allocation Failure)  768291K->456069K(1033728K), 0.0046354 secs]
302.806: Total time for which application threads were stopped: 0.0048085 seconds, Stopping threads took: 0.0000209 seconds
302.873: [GC (Allocation Failure)  775557K->456101K(1033728K), 0.0046606 secs]
302.878: Total time for which application threads were stopped: 0.0048410 seconds, Stopping threads took: 0.0000203 seconds
302.945: [GC (Allocation Failure)  775589K->458117K(1033728K), 0.0050722 secs]
302.950: Total time for which application threads were stopped: 0.0052357 seconds, Stopping threads took: 0.0000204 seconds
303.018: [GC (Allocation Failure)  777605K->464104K(1033728K), 0.0053098 secs]
303.023: Total time for which application threads were stopped: 0.0054819 seconds, Stopping threads took: 0.0000199 seconds
303.090: [GC (Allocation Failure)  783592K->464168K(1033728K), 0.0047491 secs]
303.095: Total time for which application threads were stopped: 0.0049227 seconds, Stopping threads took: 0.0000204 seconds
303.162: [GC (Allocation Failure)  783656K->465288K(1033728K), 0.0047479 secs]
303.166: Total time for which application threads were stopped: 0.0049157 seconds, Stopping threads took: 0.0000189 seconds
303.236: [GC (Allocation Failure)  784776K->472202K(1033728K), 0.0047305 secs]
303.241: Total time for which application threads were stopped: 0.0048960 seconds, Stopping threads took: 0.0000197 seconds
303.308: [GC (Allocation Failure)  791690K->472170K(1033728K), 0.0045688 secs]
303.312: Total time for which application threads were stopped: 0.0047567 seconds, Stopping threads took: 0.0000202 seconds
303.378: [GC (Allocation Failure)  791658K->472482K(1033728K), 0.0049275 secs]
303.383: Total time for which application threads were stopped: 0.0051035 seconds, Stopping threads took: 0.0000216 seconds
303.450: [GC (Allocation Failure)  791970K->480260K(1033728K), 0.0045212 secs]
303.455: Total time for which application threads were stopped: 0.0046967 seconds, Stopping threads took: 0.0000204 seconds
303.522: [GC (Allocation Failure)  799748K->480196K(1033728K), 0.0046876 secs]
303.527: Total time for which application threads were stopped: 0.0048478 seconds, Stopping threads took: 0.0000203 seconds
303.592: [GC (Allocation Failure)  799684K->480708K(1033728K), 0.0050544 secs]
303.598: Total time for which application threads were stopped: 0.0052232 seconds, Stopping threads took: 0.0000191 seconds
303.665: [GC (Allocation Failure)  800196K->488262K(1033728K), 0.0046251 secs]
303.669: Total time for which application threads were stopped: 0.0047945 seconds, Stopping threads took: 0.0000195 seconds
303.738: [GC (Allocation Failure)  807750K->488262K(1033728K), 0.0046889 secs]
303.743: Total time for which application threads were stopped: 0.0048583 seconds, Stopping threads took: 0.0000202 seconds
303.810: [GC (Allocation Failure)  807750K->488966K(1033728K), 0.0049151 secs]
303.815: Total time for which application threads were stopped: 0.0050916 seconds, Stopping threads took: 0.0000210 seconds
303.884: [GC (Allocation Failure)  808454K->496297K(1033728K), 0.0046260 secs]
303.889: Total time for which application threads were stopped: 0.0047991 seconds, Stopping threads took: 0.0000206 seconds
303.957: [GC (Allocation Failure)  815785K->496265K(1033728K), 0.0047398 secs]
303.962: Total time for which application threads were stopped: 0.0049006 seconds, Stopping threads took: 0.0000193 seconds
304.028: [GC (Allocation Failure)  815753K->497185K(1033728K), 0.0048618 secs]
304.033: Total time for which application threads were stopped: 0.0050340 seconds, Stopping threads took: 0.0000196 seconds
304.100: [GC (Allocation Failure)  816673K->504323K(1033728K), 0.0048083 secs]
304.105: Total time for which application threads were stopped: 0.0049769 seconds, Stopping threads took: 0.0000202 seconds
304.172: [GC (Allocation Failure)  823811K->504323K(1033728K), 0.0047172 secs]
304.176: Total time for which application threads were stopped: 0.0048844 seconds, Stopping threads took: 0.0000273 seconds
304.243: [GC (Allocation Failure)  823811K->504387K(1032704K), 0.0047412 secs]
304.248: Total time for which application threads were stopped: 0.0049170 seconds, Stopping threads took: 0.0000257 seconds
304.315: [GC (Allocation Failure)  822851K->512357K(1033216K), 0.0045360 secs]
304.320: Total time for which application threads were stopped: 0.0047084 seconds, Stopping threads took: 0.0000201 seconds
304.386: [GC (Allocation Failure)  830821K->512325K(1033216K), 0.0047627 secs]
304.390: Total time for which application threads were stopped: 0.0049330 seconds, Stopping threads took: 0.0000190 seconds
304.455: [GC (Allocation Failure)  830789K->512645K(1033216K), 0.0050730 secs]
304.460: Total time for which application threads were stopped: 0.0052456 seconds, Stopping threads took: 0.0000196 seconds
304.525: [GC (Allocation Failure)  831109K->520359K(1033216K), 0.0046652 secs]
304.530: Total time for which application threads were stopped: 0.0048337 seconds, Stopping threads took: 0.0000200 seconds
304.595: [GC (Allocation Failure)  838823K->520359K(1033216K), 0.0047406 secs]
304.600: Total time for which application threads were stopped: 0.0049045 seconds, Stopping threads took: 0.0000199 seconds
304.666: [GC (Allocation Failure)  838823K->520839K(1033216K), 0.0049272 secs]
304.671: Total time for which application threads were stopped: 0.0050882 seconds, Stopping threads took: 0.0000194 seconds
304.739: [GC (Allocation Failure)  839303K->528426K(1033216K), 0.0048576 secs]
304.744: Total time for which application threads were stopped: 0.0050206 seconds, Stopping threads took: 0.0000196 seconds
304.809: [GC (Allocation Failure)  846890K->528394K(1033216K), 0.0047264 secs]
304.814: Total time for which application threads were stopped: 0.0048881 seconds, Stopping threads took: 0.0000199 seconds
304.878: [GC (Allocation Failure)  846858K->528586K(1033216K), 0.0052119 secs]
304.883: Total time for which application threads were stopped: 0.0053730 seconds, Stopping threads took: 0.0000189 seconds
304.950: [GC (Allocation Failure)  847050K->536428K(1033216K), 0.0048028 secs]
304.955: Total time for which application threads were stopped: 0.0049893 seconds, Stopping threads took: 0.0000204 seconds
305.024: [GC (Allocation Failure)  854892K->536460K(1033216K), 0.0049865 secs]
305.029: Total time for which application threads were stopped: 0.0051775 seconds, Stopping threads took: 0.0000199 seconds
305.094: [GC (Allocation Failure)  854924K->536580K(1033216K), 0.0064467 secs]
305.101: Total time for which application threads were stopped: 0.0067522 seconds, Stopping threads took: 0.0000197 seconds
305.169: [GC (Allocation Failure)  855044K->544486K(1033216K), 0.0046390 secs]
305.173: Total time for which application threads were stopped: 0.0048130 seconds, Stopping threads took: 0.0000195 seconds
305.242: [GC (Allocation Failure)  862950K->544486K(1033216K), 0.0048296 secs]
305.247: Total time for which application threads were stopped: 0.0050270 seconds, Stopping threads took: 0.0000207 seconds
305.313: [GC (Allocation Failure)  862950K->544518K(1033216K), 0.0048942 secs]
305.318: Total time for which application threads were stopped: 0.0050448 seconds, Stopping threads took: 0.0000170 seconds
305.383: [GC (Allocation Failure)  862982K->552489K(1033216K), 0.0047886 secs]
305.388: Total time for which application threads were stopped: 0.0049585 seconds, Stopping threads took: 0.0000201 seconds
305.455: [GC (Allocation Failure)  870953K->552457K(1033216K), 0.0047748 secs]
305.460: Total time for which application threads were stopped: 0.0049459 seconds, Stopping threads took: 0.0000205 seconds
305.524: [GC (Allocation Failure)  870921K->552745K(1033216K), 0.0049970 secs]
305.529: Total time for which application threads were stopped: 0.0051652 seconds, Stopping threads took: 0.0000197 seconds
305.596: [GC (Allocation Failure)  871209K->560491K(1033216K), 0.0047860 secs]
305.601: Total time for which application threads were stopped: 0.0049661 seconds, Stopping threads took: 0.0000345 seconds
305.666: [GC (Allocation Failure)  878955K->560491K(1033216K), 0.0047351 secs]
305.671: Total time for which application threads were stopped: 0.0049049 seconds, Stopping threads took: 0.0000196 seconds
305.737: [GC (Allocation Failure)  878955K->560771K(1033216K), 0.0049650 secs]
305.742: Total time for which application threads were stopped: 0.0051352 seconds, Stopping threads took: 0.0000199 seconds
305.809: [GC (Allocation Failure)  879235K->568549K(1033216K), 0.0048004 secs]
305.814: Total time for which application threads were stopped: 0.0049778 seconds, Stopping threads took: 0.0000199 seconds
305.881: [GC (Allocation Failure)  887013K->562659K(1033216K), 0.0026112 secs]
305.883: Total time for which application threads were stopped: 0.0027659 seconds, Stopping threads took: 0.0000201 seconds
305.951: [GC (Allocation Failure)  881123K->568701K(1034240K), 0.0048390 secs]
305.956: Total time for which application threads were stopped: 0.0050339 seconds, Stopping threads took: 0.0000198 seconds
306.024: [GC (Allocation Failure)  888701K->572685K(1033728K), 0.0054464 secs]
306.030: Total time for which application threads were stopped: 0.0056278 seconds, Stopping threads took: 0.0000168 seconds
306.096: [GC (Allocation Failure)  892685K->578283K(1029632K), 0.0073953 secs]
306.104: Total time for which application threads were stopped: 0.0075575 seconds, Stopping threads took: 0.0000192 seconds
306.170: [GC (Allocation Failure)  893675K->572749K(1031680K), 0.0050461 secs]
306.175: Total time for which application threads were stopped: 0.0052066 seconds, Stopping threads took: 0.0000199 seconds
306.243: [GC (Allocation Failure)  888141K->572653K(1032704K), 0.0047131 secs]
306.248: Total time for which application threads were stopped: 0.0048882 seconds, Stopping threads took: 0.0000282 seconds
306.312: [GC (Allocation Failure)  889581K->574725K(1032192K), 0.0052777 secs]
306.317: Total time for which application threads were stopped: 0.0054419 seconds, Stopping threads took: 0.0000198 seconds
306.384: [GC (Allocation Failure)  891653K->580711K(1033216K), 0.0048304 secs]
306.389: Total time for which application threads were stopped: 0.0050088 seconds, Stopping threads took: 0.0000210 seconds
306.456: [GC (Allocation Failure)  898663K->580743K(1032704K), 0.0047011 secs]
306.461: Total time for which application threads were stopped: 0.0048857 seconds, Stopping threads took: 0.0000196 seconds
306.525: [GC (Allocation Failure)  898695K->584487K(1033728K), 0.0058511 secs]
306.531: Total time for which application threads were stopped: 0.0060243 seconds, Stopping threads took: 0.0000197 seconds
306.601: [GC (Allocation Failure)  903463K->588778K(1033216K), 0.0046735 secs]
306.605: Total time for which application threads were stopped: 0.0048461 seconds, Stopping threads took: 0.0000196 seconds
306.674: [GC (Allocation Failure)  907754K->588746K(1034240K), 0.0049813 secs]
306.679: Total time for which application threads were stopped: 0.0051478 seconds, Stopping threads took: 0.0000191 seconds
306.744: [GC (Allocation Failure)  908746K->591170K(1033728K), 0.0052179 secs]
306.750: Total time for which application threads were stopped: 0.0053772 seconds, Stopping threads took: 0.0000255 seconds
306.815: [GC (Allocation Failure)  911170K->596836K(1034240K), 0.0050033 secs]
306.820: Total time for which application threads were stopped: 0.0051648 seconds, Stopping threads took: 0.0000200 seconds
306.890: [GC (Allocation Failure)  917348K->596772K(1034240K), 0.0048018 secs]
306.895: Total time for which application threads were stopped: 0.0049611 seconds, Stopping threads took: 0.0000188 seconds
306.963: [GC (Allocation Failure)  917284K->596836K(1033216K), 0.0051021 secs]
306.969: Total time for which application threads were stopped: 0.0052692 seconds, Stopping threads took: 0.0000193 seconds
307.036: [GC (Allocation Failure)  916324K->604902K(1033728K), 0.0049330 secs]
307.041: Total time for which application threads were stopped: 0.0050921 seconds, Stopping threads took: 0.0000196 seconds
307.108: [GC (Allocation Failure)  924390K->604806K(1034240K), 0.0078454 secs]
307.116: Total time for which application threads were stopped: 0.0080195 seconds, Stopping threads took: 0.0000196 seconds
307.184: [GC (Allocation Failure)  924806K->608646K(1033728K), 0.0057881 secs]
307.190: Total time for which application threads were stopped: 0.0059571 seconds, Stopping threads took: 0.0000273 seconds
307.257: [GC (Allocation Failure)  928646K->612904K(1034240K), 0.0047748 secs]
307.262: Total time for which application threads were stopped: 0.0049338 seconds, Stopping threads took: 0.0000257 seconds
307.329: [GC (Allocation Failure)  933416K->612840K(1034240K), 0.0048975 secs]
307.334: Total time for which application threads were stopped: 0.0050576 seconds, Stopping threads took: 0.0000189 seconds
307.401: [GC (Allocation Failure)  933352K->614336K(1033728K), 0.0050710 secs]
307.406: Total time for which application threads were stopped: 0.0052363 seconds, Stopping threads took: 0.0000250 seconds
307.474: [GC (Allocation Failure)  934848K->620867K(1034240K), 0.0048854 secs]
307.479: Total time for which application threads were stopped: 0.0050456 seconds, Stopping threads took: 0.0000196 seconds
307.546: [GC (Allocation Failure)  941379K->620867K(1034752K), 0.0049839 secs]
307.551: Total time for which application threads were stopped: 0.0051777 seconds, Stopping threads took: 0.0000190 seconds
307.618: [GC (Allocation Failure)  941891K->621027K(1034240K), 0.0051261 secs]
307.623: Total time for which application threads were stopped: 0.0052761 seconds, Stopping threads took: 0.0000169 seconds
307.690: [GC (Allocation Failure)  942051K->628901K(1034240K), 0.0048072 secs]
307.695: Total time for which application threads were stopped: 0.0049805 seconds, Stopping threads took: 0.0000198 seconds
307.764: [GC (Allocation Failure)  949413K->628933K(1034240K), 0.0049222 secs]
307.769: Total time for which application threads were stopped: 0.0050800 seconds, Stopping threads took: 0.0000251 seconds
307.836: [GC (Allocation Failure)  949445K->631845K(1034240K), 0.0057513 secs]
307.842: Total time for which application threads were stopped: 0.0059209 seconds, Stopping threads took: 0.0000272 seconds
307.910: [GC (Allocation Failure)  952357K->636967K(1034240K), 0.0048672 secs]
307.915: Total time for which application threads were stopped: 0.0050280 seconds, Stopping threads took: 0.0000191 seconds
307.984: [GC (Allocation Failure)  957479K->636935K(1034752K), 0.0052096 secs]
307.989: Total time for which application threads were stopped: 0.0053751 seconds, Stopping threads took: 0.0000185 seconds
308.056: [GC (Allocation Failure)  957959K->638535K(1034240K), 0.0050945 secs]
308.061: Total time for which application threads were stopped: 0.0052710 seconds, Stopping threads took: 0.0000193 seconds
308.129: [GC (Allocation Failure)  959559K->645065K(1034240K), 0.0049344 secs]
308.134: Total time for which application threads were stopped: 0.0051173 seconds, Stopping threads took: 0.0000263 seconds
308.200: [GC (Allocation Failure)  965577K->644937K(1034240K), 0.0059117 secs]
308.206: Total time for which application threads were stopped: 0.0060824 seconds, Stopping threads took: 0.0000251 seconds
308.274: [GC (Allocation Failure)  965449K->645225K(1034240K), 0.0050931 secs]
308.280: Total time for which application threads were stopped: 0.0052524 seconds, Stopping threads took: 0.0000253 seconds
308.348: [GC (Allocation Failure)  965737K->653068K(1034240K), 0.0048866 secs]
308.353: Total time for which application threads were stopped: 0.0050570 seconds, Stopping threads took: 0.0000199 seconds
308.421: [GC (Allocation Failure)  973580K->653004K(1034240K), 0.0051366 secs]
308.426: Total time for which application threads were stopped: 0.0053070 seconds, Stopping threads took: 0.0000195 seconds
308.493: [GC (Allocation Failure)  973516K->653476K(1034240K), 0.0050981 secs]
308.498: Total time for which application threads were stopped: 0.0052591 seconds, Stopping threads took: 0.0000200 seconds
308.566: [GC (Allocation Failure)  973988K->660998K(1033216K), 0.0051280 secs]
308.572: Total time for which application threads were stopped: 0.0052888 seconds, Stopping threads took: 0.0000199 seconds
308.639: [GC (Allocation Failure)  980486K->660998K(1033728K), 0.0051558 secs]
308.644: Total time for which application threads were stopped: 0.0053368 seconds, Stopping threads took: 0.0000201 seconds
308.710: [GC (Allocation Failure)  980486K->661710K(1033216K), 0.0053073 secs]
308.716: Total time for which application threads were stopped: 0.0054781 seconds, Stopping threads took: 0.0000202 seconds
308.784: [GC (Allocation Failure)  981198K->669104K(1033728K), 0.0084902 secs]
308.792: Total time for which application threads were stopped: 0.0087016 seconds, Stopping threads took: 0.0000266 seconds
308.861: [GC (Allocation Failure)  988592K->669072K(1033728K), 0.0052292 secs]
308.866: Total time for which application threads were stopped: 0.0054175 seconds, Stopping threads took: 0.0000219 seconds
308.933: [GC (Allocation Failure)  988560K->670960K(1033728K), 0.0053616 secs]
308.939: Total time for which application threads were stopped: 0.0055472 seconds, Stopping threads took: 0.0000203 seconds
309.007: [GC (Allocation Failure)  990448K->677107K(1033216K), 0.0049205 secs]
309.012: Total time for which application threads were stopped: 0.0051031 seconds, Stopping threads took: 0.0000201 seconds
309.080: [GC (Allocation Failure)  996595K->677107K(1033728K), 0.0051833 secs]
309.085: Total time for which application threads were stopped: 0.0053457 seconds, Stopping threads took: 0.0000200 seconds
309.151: [GC (Allocation Failure)  996595K->678187K(1034240K), 0.0057029 secs]
309.157: Total time for which application threads were stopped: 0.0058704 seconds, Stopping threads took: 0.0000194 seconds
309.226: [GC (Allocation Failure)  998699K->685133K(1028096K), 0.0048860 secs]
309.230: Total time for which application threads were stopped: 0.0050349 seconds, Stopping threads took: 0.0000166 seconds
309.297: [GC (Allocation Failure)  1005645K->685165K(1033728K), 0.0049906 secs]
309.303: Total time for which application threads were stopped: 0.0051486 seconds, Stopping threads took: 0.0000192 seconds
309.369: [GC (Allocation Failure)  1004653K->685389K(1033728K), 0.0051808 secs]
309.374: [Full GC (Ergonomics)  685389K->8714K(1033728K), 0.0125283 secs]
309.386: Total time for which application threads were stopped: 0.0179875 seconds, Stopping threads took: 0.0000201 seconds
309.454: [GC (Allocation Failure)  328202K->18668K(1032704K), 0.0043479 secs]
309.459: Total time for which application threads were stopped: 0.0044959 seconds, Stopping threads took: 0.0000170 seconds
309.527: [GC (Allocation Failure)  337132K->18676K(1033216K), 0.0042505 secs]
309.532: Total time for which application threads were stopped: 0.0044184 seconds, Stopping threads took: 0.0000198 seconds
309.596: [GC (Allocation Failure)  337140K->19092K(1033216K), 0.0040610 secs]
309.600: Total time for which application threads were stopped: 0.0042367 seconds, Stopping threads took: 0.0000196 seconds
309.666: [GC (Allocation Failure)  337556K->26711K(1033216K), 0.0038894 secs]
309.670: Total time for which application threads were stopped: 0.0040523 seconds, Stopping threads took: 0.0000194 seconds
309.735: [GC (Allocation Failure)  345175K->26711K(1033216K), 0.0038380 secs]
309.739: Total time for which application threads were stopped: 0.0040106 seconds, Stopping threads took: 0.0000210 seconds
309.806: [GC (Allocation Failure)  345175K->27351K(1033216K), 0.0038804 secs]
309.810: Total time for which application threads were stopped: 0.0040532 seconds, Stopping threads took: 0.0000280 seconds
309.877: [GC (Allocation Failure)  345815K->34713K(1033216K), 0.0038933 secs]
309.881: Total time for which application threads were stopped: 0.0040713 seconds, Stopping threads took: 0.0000204 seconds
309.947: [GC (Allocation Failure)  353177K->34745K(1033216K), 0.0038427 secs]
309.951: Total time for which application threads were stopped: 0.0040416 seconds, Stopping threads took: 0.0000205 seconds
310.016: [GC (Allocation Failure)  353209K->35577K(1033216K), 0.0041653 secs]
310.020: Total time for which application threads were stopped: 0.0043285 seconds, Stopping threads took: 0.0000204 seconds
310.089: [GC (Allocation Failure)  354041K->42779K(1033216K), 0.0039145 secs]
310.093: Total time for which application threads were stopped: 0.0040927 seconds, Stopping threads took: 0.0000222 seconds
310.160: [GC (Allocation Failure)  361243K->42747K(1033216K), 0.0038853 secs]
310.164: Total time for which application threads were stopped: 0.0040495 seconds, Stopping threads took: 0.0000208 seconds
310.230: [GC (Allocation Failure)  361211K->43803K(1033216K), 0.0040468 secs]
310.234: Total time for which application threads were stopped: 0.0042088 seconds, Stopping threads took: 0.0000195 seconds
310.300: [GC (Allocation Failure)  362267K->50781K(1033216K), 0.0038001 secs]
310.304: Total time for which application threads were stopped: 0.0039702 seconds, Stopping threads took: 0.0000284 seconds
310.369: [GC (Allocation Failure)  369245K->50813K(1033216K), 0.0040122 secs]
310.373: Total time for which application threads were stopped: 0.0041812 seconds, Stopping threads took: 0.0000197 seconds
310.440: [GC (Allocation Failure)  369277K->51037K(1032704K), 0.0039649 secs]
310.444: Total time for which application threads were stopped: 0.0041594 seconds, Stopping threads took: 0.0000202 seconds
310.511: [GC (Allocation Failure)  369501K->58816K(1033216K), 0.0038483 secs]
310.515: Total time for which application threads were stopped: 0.0039987 seconds, Stopping threads took: 0.0000168 seconds
310.581: [GC (Allocation Failure)  377280K->58816K(1033216K), 0.0037024 secs]
310.585: Total time for which application threads were stopped: 0.0038543 seconds, Stopping threads took: 0.0000255 seconds
310.651: [GC (Allocation Failure)  377280K->59272K(1033216K), 0.0039191 secs]
310.655: Total time for which application threads were stopped: 0.0040815 seconds, Stopping threads took: 0.0000201 seconds
310.723: [GC (Allocation Failure)  377736K->66890K(1033216K), 0.0038065 secs]
310.727: Total time for which application threads were stopped: 0.0039774 seconds, Stopping threads took: 0.0000201 seconds
310.794: [GC (Allocation Failure)  385354K->66858K(1033216K), 0.0039238 secs]
310.798: Total time for which application threads were stopped: 0.0040923 seconds, Stopping threads took: 0.0000262 seconds
310.862: [GC (Allocation Failure)  385322K->67018K(1033216K), 0.0040373 secs]
310.867: Total time for which application threads were stopped: 0.0042023 seconds, Stopping threads took: 0.0000199 seconds
310.934: [GC (Allocation Failure)  385482K->74892K(1033216K), 0.0040485 secs]
310.938: Total time for which application threads were stopped: 0.0042115 seconds, Stopping threads took: 0.0000202 seconds
311.007: [GC (Allocation Failure)  393356K->74892K(1033216K), 0.0038062 secs]
311.011: Total time for which application threads were stopped: 0.0040005 seconds, Stopping threads took: 0.0000199 seconds
311.077: [GC (Allocation Failure)  393356K->74948K(1033216K), 0.0040852 secs]
311.081: Total time for which application threads were stopped: 0.0042655 seconds, Stopping threads took: 0.0000164 seconds
311.149: [GC (Allocation Failure)  393412K->82919K(1033216K), 0.0039208 secs]
311.153: Total time for which application threads were stopped: 0.0041011 seconds, Stopping threads took: 0.0000164 seconds
311.222: [GC (Allocation Failure)  401383K->82919K(1033216K), 0.0038718 secs]
311.226: Total time for which application threads were stopped: 0.0040159 seconds, Stopping threads took: 0.0000174 seconds
311.294: [GC (Allocation Failure)  401383K->82983K(1033216K), 0.0040346 secs]
311.298: Total time for which application threads were stopped: 0.0042017 seconds, Stopping threads took: 0.0000208 seconds
311.363: [GC (Allocation Failure)  401447K->90985K(1033216K), 0.0040919 secs]
311.367: Total time for which application threads were stopped: 0.0042605 seconds, Stopping threads took: 0.0000194 seconds
311.435: [GC (Allocation Failure)  409449K->90985K(1033216K), 0.0038737 secs]
311.438: Total time for which application threads were stopped: 0.0040383 seconds, Stopping threads took: 0.0000189 seconds
311.503: [GC (Allocation Failure)  409449K->91145K(1033216K), 0.0038323 secs]
311.507: Total time for which application threads were stopped: 0.0040205 seconds, Stopping threads took: 0.0000194 seconds
311.576: [GC (Allocation Failure)  409609K->98987K(1033216K), 0.0038497 secs]
311.580: Total time for which application threads were stopped: 0.0040212 seconds, Stopping threads took: 0.0000196 seconds
311.646: [GC (Allocation Failure)  417451K->98987K(1033216K), 0.0038423 secs]
311.650: Total time for which application threads were stopped: 0.0040219 seconds, Stopping threads took: 0.0000209 seconds
311.715: [GC (Allocation Failure)  417451K->99147K(1033216K), 0.0042396 secs]
311.719: Total time for which application threads were stopped: 0.0044107 seconds, Stopping threads took: 0.0000217 seconds
311.787: [GC (Allocation Failure)  417611K->107021K(1033216K), 0.0038658 secs]
311.791: Total time for which application threads were stopped: 0.0040308 seconds, Stopping threads took: 0.0000261 seconds
311.858: [GC (Allocation Failure)  425485K->100011K(1033216K), 0.0010453 secs]
311.859: Total time for which application threads were stopped: 0.0011754 seconds, Stopping threads took: 0.0000276 seconds
311.927: [GC (Allocation Failure)  418475K->107101K(1033216K), 0.0051870 secs]
311.932: Total time for which application threads were stopped: 0.0053652 seconds, Stopping threads took: 0.0000202 seconds
311.998: [GC (Allocation Failure)  425565K->111173K(1032704K), 0.0050381 secs]
312.004: Total time for which application threads were stopped: 0.0052069 seconds, Stopping threads took: 0.0000199 seconds
312.069: [GC (Allocation Failure)  429637K->112547K(1027584K), 0.0046704 secs]
312.073: Total time for which application threads were stopped: 0.0048304 seconds, Stopping threads took: 0.0000191 seconds
312.141: [GC (Allocation Failure)  431011K->111429K(1033216K), 0.0037779 secs]
312.145: Total time for which application threads were stopped: 0.0039520 seconds, Stopping threads took: 0.0000263 seconds
312.214: [GC (Allocation Failure)  429381K->111173K(1032704K), 0.0068110 secs]
312.221: Total time for which application threads were stopped: 0.0069851 seconds, Stopping threads took: 0.0000244 seconds
312.288: [GC (Allocation Failure)  429125K->103555K(1033216K), 0.0007902 secs]
312.289: Total time for which application threads were stopped: 0.0009195 seconds, Stopping threads took: 0.0000262 seconds
312.359: [GC (Allocation Failure)  422019K->111365K(1033216K), 0.0040518 secs]
312.363: Total time for which application threads were stopped: 0.0042481 seconds, Stopping threads took: 0.0000195 seconds
312.433: [GC (Allocation Failure)  429829K->111205K(1033216K), 0.0038699 secs]
312.437: Total time for which application threads were stopped: 0.0040326 seconds, Stopping threads took: 0.0000201 seconds
312.502: [GC (Allocation Failure)  429669K->111781K(1033216K), 0.0042337 secs]
312.506: Total time for which application threads were stopped: 0.0044083 seconds, Stopping threads took: 0.0000206 seconds
312.574: [GC (Allocation Failure)  430245K->119208K(1033216K), 0.0039852 secs]
312.578: Total time for which application threads were stopped: 0.0041759 seconds, Stopping threads took: 0.0000202 seconds
312.646: [GC (Allocation Failure)  437672K->119208K(1033216K), 0.0040393 secs]
312.650: Total time for which application threads were stopped: 0.0042112 seconds, Stopping threads took: 0.0000191 seconds
312.718: [GC (Allocation Failure)  437672K->120008K(1033216K), 0.0040220 secs]
312.722: Total time for which application threads were stopped: 0.0041800 seconds, Stopping threads took: 0.0000183 seconds
312.790: [GC (Allocation Failure)  438472K->127338K(1033216K), 0.0041697 secs]
312.794: Total time for which application threads were stopped: 0.0043388 seconds, Stopping threads took: 0.0000278 seconds
312.860: [GC (Allocation Failure)  445802K->127242K(1033216K), 0.0040615 secs]
312.864: Total time for which application threads were stopped: 0.0042222 seconds, Stopping threads took: 0.0000193 seconds
312.928: [GC (Allocation Failure)  445706K->128226K(1033216K), 0.0043003 secs]
312.932: Total time for which application threads were stopped: 0.0044913 seconds, Stopping threads took: 0.0000188 seconds
313.001: [GC (Allocation Failure)  446690K->135300K(1033216K), 0.0040465 secs]
313.005: Total time for which application threads were stopped: 0.0042169 seconds, Stopping threads took: 0.0000198 seconds
313.071: [GC (Allocation Failure)  453764K->135332K(1033216K), 0.0040232 secs]
313.076: Total time for which application threads were stopped: 0.0042196 seconds, Stopping threads took: 0.0000203 seconds
313.142: [GC (Allocation Failure)  453796K->136484K(1033728K), 0.0042020 secs]
313.146: Total time for which application threads were stopped: 0.0043643 seconds, Stopping threads took: 0.0000165 seconds
313.216: [GC (Allocation Failure)  455972K->143302K(1033728K), 0.0039232 secs]
313.220: Total time for which application threads were stopped: 0.0040586 seconds, Stopping threads took: 0.0000144 seconds
313.288: [GC (Allocation Failure)  462790K->143302K(1033728K), 0.0039739 secs]
313.292: Total time for which application threads were stopped: 0.0041575 seconds, Stopping threads took: 0.0000273 seconds
313.358: [GC (Allocation Failure)  462790K->143654K(1033728K), 0.0042124 secs]
313.362: Total time for which application threads were stopped: 0.0043745 seconds, Stopping threads took: 0.0000196 seconds
313.430: [GC (Allocation Failure)  463142K->151337K(1033728K), 0.0039290 secs]
313.434: Total time for which application threads were stopped: 0.0041015 seconds, Stopping threads took: 0.0000203 seconds
313.501: [GC (Allocation Failure)  470825K->151337K(1033728K), 0.0040469 secs]
313.506: Total time for which application threads were stopped: 0.0042057 seconds, Stopping threads took: 0.0000207 seconds
313.572: [GC (Allocation Failure)  470825K->151401K(1032704K), 0.0043206 secs]
313.576: Total time for which application threads were stopped: 0.0044834 seconds, Stopping threads took: 0.0000198 seconds
313.645: [GC (Allocation Failure)  469865K->159435K(1033216K), 0.0041579 secs]
313.649: Total time for which application threads were stopped: 0.0043187 seconds, Stopping threads took: 0.0000191 seconds
313.716: [GC (Allocation Failure)  477899K->159371K(1033216K), 0.0041456 secs]
313.721: Total time for which application threads were stopped: 0.0043119 seconds, Stopping threads took: 0.0000198 seconds
313.786: [GC (Allocation Failure)  477835K->159627K(1033216K), 0.0042496 secs]
313.790: Total time for which application threads were stopped: 0.0044165 seconds, Stopping threads took: 0.0000275 seconds
313.859: [GC (Allocation Failure)  478091K->167469K(1033216K), 0.0042862 secs]
313.863: Total time for which application threads were stopped: 0.0044471 seconds, Stopping threads took: 0.0000195 seconds
313.930: [GC (Allocation Failure)  485933K->167405K(1033216K), 0.0052698 secs]
313.936: Total time for which application threads were stopped: 0.0054639 seconds, Stopping threads took: 0.0000206 seconds
314.003: [GC (Allocation Failure)  485869K->167461K(1033216K), 0.0042762 secs]
314.008: Total time for which application threads were stopped: 0.0044337 seconds, Stopping threads took: 0.0000191 seconds
314.073: [GC (Allocation Failure)  485925K->175463K(1033216K), 0.0041263 secs]
314.077: Total time for which application threads were stopped: 0.0042861 seconds, Stopping threads took: 0.0000200 seconds
314.143: [GC (Allocation Failure)  493927K->175463K(1033216K), 0.0042650 secs]
314.147: Total time for which application threads were stopped: 0.0044349 seconds, Stopping threads took: 0.0000192 seconds
314.213: [GC (Allocation Failure)  493927K->175551K(1033216K), 0.0054909 secs]
314.218: Total time for which application threads were stopped: 0.0056438 seconds, Stopping threads took: 0.0000247 seconds
314.286: [GC (Allocation Failure)  494015K->183490K(1033216K), 0.0041409 secs]
314.290: Total time for which application threads were stopped: 0.0043096 seconds, Stopping threads took: 0.0000280 seconds
314.355: [GC (Allocation Failure)  501954K->183490K(1033216K), 0.0042017 secs]
314.359: Total time for which application threads were stopped: 0.0043650 seconds, Stopping threads took: 0.0000187 seconds
314.425: [GC (Allocation Failure)  501954K->183810K(1033216K), 0.0043953 secs]
314.430: Total time for which application threads were stopped: 0.0045557 seconds, Stopping threads took: 0.0000191 seconds
314.497: [GC (Allocation Failure)  502274K->191492K(1033216K), 0.0041855 secs]
314.501: Total time for which application threads were stopped: 0.0043773 seconds, Stopping threads took: 0.0000200 seconds
314.570: [GC (Allocation Failure)  509956K->191492K(1033216K), 0.0044023 secs]
314.575: Total time for which application threads were stopped: 0.0045656 seconds, Stopping threads took: 0.0000249 seconds
314.639: [GC (Allocation Failure)  509956K->192068K(1033216K), 0.0044432 secs]
314.644: Total time for which application threads were stopped: 0.0046073 seconds, Stopping threads took: 0.0000196 seconds
314.711: [GC (Allocation Failure)  510532K->199558K(1033216K), 0.0043121 secs]
314.716: Total time for which application threads were stopped: 0.0044812 seconds, Stopping threads took: 0.0000207 seconds
314.783: [GC (Allocation Failure)  518022K->199558K(1033216K), 0.0042225 secs]
314.787: Total time for which application threads were stopped: 0.0043930 seconds, Stopping threads took: 0.0000272 seconds
314.854: [GC (Allocation Failure)  518022K->200262K(1033216K), 0.0043698 secs]
314.858: Total time for which application threads were stopped: 0.0045595 seconds, Stopping threads took: 0.0000190 seconds
314.927: [GC (Allocation Failure)  518726K->207593K(1033216K), 0.0054273 secs]
314.933: Total time for which application threads were stopped: 0.0056104 seconds, Stopping threads took: 0.0000169 seconds
314.999: [GC (Allocation Failure)  526057K->207561K(1033216K), 0.0041270 secs]
315.004: Total time for which application threads were stopped: 0.0042885 seconds, Stopping threads took: 0.0000197 seconds
315.072: [GC (Allocation Failure)  526025K->208521K(1033216K), 0.0042779 secs]
315.077: Total time for which application threads were stopped: 0.0044788 seconds, Stopping threads took: 0.0000188 seconds
315.146: [GC (Allocation Failure)  526985K->215595K(1033216K), 0.0040471 secs]
315.150: Total time for which application threads were stopped: 0.0042078 seconds, Stopping threads took: 0.0000196 seconds
315.219: [GC (Allocation Failure)  534059K->215627K(1033216K), 0.0038438 secs]
315.222: Total time for which application threads were stopped: 0.0039958 seconds, Stopping threads took: 0.0000186 seconds
315.289: [GC (Allocation Failure)  534091K->215691K(1033216K), 0.0043979 secs]
315.293: Total time for which application threads were stopped: 0.0045974 seconds, Stopping threads took: 0.0000278 seconds
315.362: [GC (Allocation Failure)  534155K->223597K(1033216K), 0.0042716 secs]
315.367: Total time for which application threads were stopped: 0.0044477 seconds, Stopping threads took: 0.0000202 seconds
315.434: [GC (Allocation Failure)  542061K->223629K(1033216K), 0.0041467 secs]
315.438: Total time for which application threads were stopped: 0.0043575 seconds, Stopping threads took: 0.0000283 seconds
315.504: [GC (Allocation Failure)  542093K->223949K(1033216K), 0.0043838 secs]
315.509: Total time for which application threads were stopped: 0.0045494 seconds, Stopping threads took: 0.0000197 seconds
315.574: [GC (Allocation Failure)  542413K->231695K(1033216K), 0.0043702 secs]
315.579: Total time for which application threads were stopped: 0.0045387 seconds, Stopping threads took: 0.0000192 seconds
315.646: [GC (Allocation Failure)  550159K->231663K(1033216K), 0.0043190 secs]
315.650: Total time for which application threads were stopped: 0.0044880 seconds, Stopping threads took: 0.0000195 seconds
315.719: [GC (Allocation Failure)  550127K->232167K(1033216K), 0.0041097 secs]
315.723: Total time for which application threads were stopped: 0.0042739 seconds, Stopping threads took: 0.0000198 seconds
315.789: [GC (Allocation Failure)  550631K->239722K(1033216K), 0.0041144 secs]
315.793: Total time for which application threads were stopped: 0.0042747 seconds, Stopping threads took: 0.0000260 seconds
315.859: [GC (Allocation Failure)  558186K->239722K(1033216K), 0.0043127 secs]
315.864: Total time for which application threads were stopped: 0.0044855 seconds, Stopping threads took: 0.0000246 seconds
315.929: [GC (Allocation Failure)  558186K->239882K(1033216K), 0.0044765 secs]
315.934: Total time for which application threads were stopped: 0.0047788 seconds, Stopping threads took: 0.0000196 seconds
316.001: [GC (Allocation Failure)  558346K->247724K(1033216K), 0.0042160 secs]
316.005: Total time for which application threads were stopped: 0.0043829 seconds, Stopping threads took: 0.0000192 seconds
316.070: [GC (Allocation Failure)  566188K->247724K(1033216K), 0.0042293 secs]
316.075: Total time for which application threads were stopped: 0.0043918 seconds, Stopping threads took: 0.0000202 seconds
316.139: [GC (Allocation Failure)  566188K->247876K(1033216K), 0.0062033 secs]
316.145: Total time for which application threads were stopped: 0.0063632 seconds, Stopping threads took: 0.0000191 seconds
316.213: [GC (Allocation Failure)  566340K->255750K(1033216K), 0.0070732 secs]
316.220: Total time for which application threads were stopped: 0.0072511 seconds, Stopping threads took: 0.0000173 seconds
316.288: [GC (Allocation Failure)  574214K->249252K(1033216K), 0.0015117 secs]
316.289: Total time for which application threads were stopped: 0.0016543 seconds, Stopping threads took: 0.0000250 seconds
316.359: [GC (Allocation Failure)  567716K->255830K(1033216K), 0.0043013 secs]
316.364: Total time for which application threads were stopped: 0.0044612 seconds, Stopping threads took: 0.0000176 seconds
316.429: [GC (Allocation Failure)  574294K->259870K(1033728K), 0.0051245 secs]
316.434: Total time for which application threads were stopped: 0.0053196 seconds, Stopping threads took: 0.0000204 seconds
316.503: [GC (Allocation Failure)  579358K->262780K(1030144K), 0.0054776 secs]
316.508: Total time for which application threads were stopped: 0.0056266 seconds, Stopping threads took: 0.0000172 seconds
316.577: [GC (Allocation Failure)  582268K->260158K(1032704K), 0.0042924 secs]
316.581: Total time for which application threads were stopped: 0.0044613 seconds, Stopping threads took: 0.0000198 seconds
316.649: [GC (Allocation Failure)  577598K->259902K(1032704K), 0.0043703 secs]
316.653: Total time for which application threads were stopped: 0.0045336 seconds, Stopping threads took: 0.0000210 seconds
316.721: [GC (Allocation Failure)  577342K->253788K(1033216K), 0.0017954 secs]
316.723: Total time for which application threads were stopped: 0.0019360 seconds, Stopping threads took: 0.0000193 seconds
316.790: [GC (Allocation Failure)  572252K->260062K(1033216K), 0.0043166 secs]
316.795: Total time for which application threads were stopped: 0.0045038 seconds, Stopping threads took: 0.0000284 seconds
316.862: [GC (Allocation Failure)  578526K->259870K(1033216K), 0.0043542 secs]
316.866: Total time for which application threads were stopped: 0.0045210 seconds, Stopping threads took: 0.0000196 seconds
316.931: [GC (Allocation Failure)  578334K->262038K(1033216K), 0.0068497 secs]
316.938: Total time for which application threads were stopped: 0.0070225 seconds, Stopping threads took: 0.0000187 seconds
317.006: [GC (Allocation Failure)  580502K->267928K(1033728K), 0.0043043 secs]
317.010: Total time for which application threads were stopped: 0.0044634 seconds, Stopping threads took: 0.0000194 seconds
317.078: [GC (Allocation Failure)  587416K->267928K(1033728K), 0.0042640 secs]
317.082: Total time for which application threads were stopped: 0.0044241 seconds, Stopping threads took: 0.0000193 seconds
317.149: [GC (Allocation Failure)  587416K->268216K(1033728K), 0.0044034 secs]
317.153: Total time for which application threads were stopped: 0.0045776 seconds, Stopping threads took: 0.0000198 seconds
317.221: [GC (Allocation Failure)  587704K->276059K(1033728K), 0.0042666 secs]
317.226: Total time for which application threads were stopped: 0.0044618 seconds, Stopping threads took: 0.0000195 seconds
317.295: [GC (Allocation Failure)  595547K->275963K(1033728K), 0.0042329 secs]
317.299: Total time for which application threads were stopped: 0.0044135 seconds, Stopping threads took: 0.0000171 seconds
317.366: [GC (Allocation Failure)  595451K->279507K(1033728K), 0.0053858 secs]
317.372: Total time for which application threads were stopped: 0.0055798 seconds, Stopping threads took: 0.0000200 seconds
317.441: [GC (Allocation Failure)  598995K->284021K(1034240K), 0.0044675 secs]
317.446: Total time for which application threads were stopped: 0.0046390 seconds, Stopping threads took: 0.0000201 seconds
317.513: [GC (Allocation Failure)  604533K->284021K(1034240K), 0.0044280 secs]
317.518: Total time for which application threads were stopped: 0.0045895 seconds, Stopping threads took: 0.0000196 seconds
317.586: [GC (Allocation Failure)  604533K->284685K(1034240K), 0.0044336 secs]
317.590: Total time for which application threads were stopped: 0.0045987 seconds, Stopping threads took: 0.0000197 seconds
317.658: [GC (Allocation Failure)  605197K->292015K(1034240K), 0.0042173 secs]
317.663: Total time for which application threads were stopped: 0.0043794 seconds, Stopping threads took: 0.0000196 seconds
317.731: [GC (Allocation Failure)  612527K->291983K(1034240K), 0.0043782 secs]
317.735: Total time for which application threads were stopped: 0.0045531 seconds, Stopping threads took: 0.0000196 seconds
317.803: [GC (Allocation Failure)  612495K->294951K(1034240K), 0.0049464 secs]
317.808: Total time for which application threads were stopped: 0.0051394 seconds, Stopping threads took: 0.0000188 seconds
317.878: [GC (Allocation Failure)  615463K->300105K(1034240K), 0.0042397 secs]
317.882: Total time for which application threads were stopped: 0.0043905 seconds, Stopping threads took: 0.0000168 seconds
317.950: [GC (Allocation Failure)  620617K->300073K(1034240K), 0.0043437 secs]
317.954: Total time for which application threads were stopped: 0.0045439 seconds, Stopping threads took: 0.0000201 seconds
318.023: [GC (Allocation Failure)  620585K->301129K(1034240K), 0.0046005 secs]
318.028: Total time for which application threads were stopped: 0.0047785 seconds, Stopping threads took: 0.0000196 seconds
318.097: [GC (Allocation Failure)  621641K->308172K(1034240K), 0.0041161 secs]
318.101: Total time for which application threads were stopped: 0.0042909 seconds, Stopping threads took: 0.0000201 seconds
318.170: [GC (Allocation Failure)  628684K->308076K(1034240K), 0.0044227 secs]
318.174: Total time for which application threads were stopped: 0.0045833 seconds, Stopping threads took: 0.0000194 seconds
318.243: [GC (Allocation Failure)  628588K->311404K(1034240K), 0.0052831 secs]
318.248: Total time for which application threads were stopped: 0.0054449 seconds, Stopping threads took: 0.0000191 seconds
318.317: [GC (Allocation Failure)  631916K->316206K(1034752K), 0.0042162 secs]
318.321: Total time for which application threads were stopped: 0.0044079 seconds, Stopping threads took: 0.0000282 seconds
318.389: [GC (Allocation Failure)  637742K->316110K(1034752K), 0.0045223 secs]
318.394: Total time for which application threads were stopped: 0.0047066 seconds, Stopping threads took: 0.0000202 seconds
318.459: [GC (Allocation Failure)  637646K->319622K(1034752K), 0.0052726 secs]
318.465: Total time for which application threads were stopped: 0.0054551 seconds, Stopping threads took: 0.0000201 seconds
318.532: [GC (Allocation Failure)  641158K->324168K(1034752K), 0.0046211 secs]
318.537: Total time for which application threads were stopped: 0.0047937 seconds, Stopping threads took: 0.0000202 seconds
318.604: [GC (Allocation Failure)  645704K->324168K(1034752K), 0.0048871 secs]
318.609: Total time for which application threads were stopped: 0.0050536 seconds, Stopping threads took: 0.0000214 seconds
318.674: [GC (Allocation Failure)  645704K->324840K(1034752K), 0.0045102 secs]
318.679: Total time for which application threads were stopped: 0.0046708 seconds, Stopping threads took: 0.0000193 seconds
318.749: [GC (Allocation Failure)  646376K->332203K(1034752K), 0.0043924 secs]
318.753: Total time for which application threads were stopped: 0.0045537 seconds, Stopping threads took: 0.0000198 seconds
318.821: [GC (Allocation Failure)  653739K->332171K(1034752K), 0.0043582 secs]
318.825: Total time for which application threads were stopped: 0.0045302 seconds, Stopping threads took: 0.0000207 seconds
318.891: [GC (Allocation Failure)  653707K->334059K(1034752K), 0.0048175 secs]
318.896: Total time for which application threads were stopped: 0.0049838 seconds, Stopping threads took: 0.0000211 seconds
318.964: [GC (Allocation Failure)  655595K->340205K(1034752K), 0.0050151 secs]
318.970: Total time for which application threads were stopped: 0.0051863 seconds, Stopping threads took: 0.0000201 seconds
319.037: [GC (Allocation Failure)  661741K->340205K(1034752K), 0.0044200 secs]
319.041: Total time for which application threads were stopped: 0.0045920 seconds, Stopping threads took: 0.0000282 seconds
319.107: [GC (Allocation Failure)  661741K->343349K(1034752K), 0.0052800 secs]
319.112: Total time for which application threads were stopped: 0.0054554 seconds, Stopping threads took: 0.0000199 seconds
319.181: [GC (Allocation Failure)  664885K->348343K(1034752K), 0.0044361 secs]
319.185: Total time for which application threads were stopped: 0.0045996 seconds, Stopping threads took: 0.0000205 seconds
319.254: [GC (Allocation Failure)  669879K->348247K(1034752K), 0.0044709 secs]
319.258: Total time for which application threads were stopped: 0.0046205 seconds, Stopping threads took: 0.0000199 seconds
319.324: [GC (Allocation Failure)  669783K->348503K(1033728K), 0.0043745 secs]
319.329: Total time for which application threads were stopped: 0.0045444 seconds, Stopping threads took: 0.0000165 seconds
319.397: [GC (Allocation Failure)  669015K->356313K(1034240K), 0.0044772 secs]
319.401: Total time for which application threads were stopped: 0.0046451 seconds, Stopping threads took: 0.0000194 seconds
319.469: [GC (Allocation Failure)  676825K->356281K(1034240K), 0.0044245 secs]
319.474: Total time for which application threads were stopped: 0.0046173 seconds, Stopping threads took: 0.0000337 seconds
319.540: [GC (Allocation Failure)  676793K->358777K(1034240K), 0.0049335 secs]
319.545: Total time for which application threads were stopped: 0.0051168 seconds, Stopping threads took: 0.0000200 seconds
319.613: [GC (Allocation Failure)  679289K->364316K(1034752K), 0.0044776 secs]
319.617: Total time for which application threads were stopped: 0.0046362 seconds, Stopping threads took: 0.0000189 seconds
319.685: [GC (Allocation Failure)  685852K->364348K(1034752K), 0.0045242 secs]
319.690: Total time for which application threads were stopped: 0.0047146 seconds, Stopping threads took: 0.0000185 seconds
319.757: [GC (Allocation Failure)  685884K->367076K(1034752K), 0.0053196 secs]
319.762: Total time for which application threads were stopped: 0.0054736 seconds, Stopping threads took: 0.0000170 seconds
319.830: [GC (Allocation Failure)  688612K->372422K(1034752K), 0.0044425 secs]
319.835: Total time for which application threads were stopped: 0.0046376 seconds, Stopping threads took: 0.0000196 seconds
319.904: [GC (Allocation Failure)  693958K->372390K(1034752K), 0.0045945 secs]
319.908: Total time for which application threads were stopped: 0.0047445 seconds, Stopping threads took: 0.0000162 seconds
319.974: [GC (Allocation Failure)  693926K->376286K(1034752K), 0.0055466 secs]
319.979: Total time for which application threads were stopped: 0.0057237 seconds, Stopping threads took: 0.0000201 seconds
320.048: [GC (Allocation Failure)  697822K->380384K(1035264K), 0.0045235 secs]
320.052: Total time for which application threads were stopped: 0.0046963 seconds, Stopping threads took: 0.0000199 seconds
320.121: [GC (Allocation Failure)  702944K->380384K(1035264K), 0.0046221 secs]
320.125: Total time for which application threads were stopped: 0.0047964 seconds, Stopping threads took: 0.0000205 seconds
320.193: [GC (Allocation Failure)  702944K->383488K(1035264K), 0.0065018 secs]
320.200: Total time for which application threads were stopped: 0.0066653 seconds, Stopping threads took: 0.0000165 seconds
320.269: [GC (Allocation Failure)  706048K->388482K(1035264K), 0.0043961 secs]
320.273: Total time for which application threads were stopped: 0.0045661 seconds, Stopping threads took: 0.0000264 seconds
320.341: [GC (Allocation Failure)  711042K->388386K(1035264K), 0.0044701 secs]
320.345: Total time for which application threads were stopped: 0.0046349 seconds, Stopping threads took: 0.0000262 seconds
320.413: [GC (Allocation Failure)  710946K->391714K(1035264K), 0.0052777 secs]
320.418: Total time for which application threads were stopped: 0.0054486 seconds, Stopping threads took: 0.0000197 seconds
320.485: [GC (Allocation Failure)  714274K->396453K(1035264K), 0.0053309 secs]
320.490: Total time for which application threads were stopped: 0.0054965 seconds, Stopping threads took: 0.0000193 seconds
320.558: [GC (Allocation Failure)  719013K->396485K(1035264K), 0.0044747 secs]
320.563: Total time for which application threads were stopped: 0.0046423 seconds, Stopping threads took: 0.0000189 seconds
320.629: [GC (Allocation Failure)  719045K->399965K(1035264K), 0.0064126 secs]
320.635: Total time for which application threads were stopped: 0.0065715 seconds, Stopping threads took: 0.0000189 seconds
320.703: [GC (Allocation Failure)  722525K->404479K(1035264K), 0.0046747 secs]
320.708: Total time for which application threads were stopped: 0.0048513 seconds, Stopping threads took: 0.0000194 seconds
320.775: [GC (Allocation Failure)  727039K->404511K(1035264K), 0.0044112 secs]
320.779: Total time for which application threads were stopped: 0.0045788 seconds, Stopping threads took: 0.0000266 seconds
320.847: [GC (Allocation Failure)  727071K->408223K(1035264K), 0.0053163 secs]
320.852: Total time for which application threads were stopped: 0.0055127 seconds, Stopping threads took: 0.0000251 seconds
320.923: [GC (Allocation Failure)  730783K->412705K(1035776K), 0.0046435 secs]
320.927: Total time for which application threads were stopped: 0.0048165 seconds, Stopping threads took: 0.0000201 seconds
320.995: [GC (Allocation Failure)  736289K->412545K(1035776K), 0.0045813 secs]
321.000: Total time for which application threads were stopped: 0.0047537 seconds, Stopping threads took: 0.0000201 seconds
321.068: [GC (Allocation Failure)  736129K->406367K(1034752K), 0.0020201 secs]
321.070: Total time for which application threads were stopped: 0.0021772 seconds, Stopping threads took: 0.0000193 seconds
321.138: [GC (Allocation Failure)  728927K->412641K(1035264K), 0.0045682 secs]
321.142: Total time for which application threads were stopped: 0.0047384 seconds, Stopping threads took: 0.0000214 seconds
321.211: [GC (Allocation Failure)  735201K->412513K(1035264K), 0.0056114 secs]
321.217: Total time for which application threads were stopped: 0.0057703 seconds, Stopping threads took: 0.0000267 seconds
321.284: [GC (Allocation Failure)  735073K->410655K(1035264K), 0.0038420 secs]
321.288: Total time for which application threads were stopped: 0.0040125 seconds, Stopping threads took: 0.0000188 seconds
321.357: [GC (Allocation Failure)  733215K->412577K(1035776K), 0.0044708 secs]
321.362: Total time for which application threads were stopped: 0.0046412 seconds, Stopping threads took: 0.0000190 seconds
321.430: [GC (Allocation Failure)  736161K->412513K(1035776K), 0.0045659 secs]
321.435: Total time for which application threads were stopped: 0.0047269 seconds, Stopping threads took: 0.0000196 seconds
321.501: [GC (Allocation Failure)  736097K->416991K(1032704K), 0.0064625 secs]
321.507: Total time for which application threads were stopped: 0.0066502 seconds, Stopping threads took: 0.0000276 seconds
321.575: [GC (Allocation Failure)  737503K->412513K(1034240K), 0.0045470 secs]
321.580: Total time for which application threads were stopped: 0.0047089 seconds, Stopping threads took: 0.0000191 seconds
321.649: [GC (Allocation Failure)  733025K->412513K(1035264K), 0.0045110 secs]
321.653: Total time for which application threads were stopped: 0.0046724 seconds, Stopping threads took: 0.0000198 seconds
321.721: [GC (Allocation Failure)  734561K->416671K(1033728K), 0.0063698 secs]
321.727: Total time for which application threads were stopped: 0.0065356 seconds, Stopping threads took: 0.0000268 seconds
321.795: [GC (Allocation Failure)  738719K->412705K(1034752K), 0.0068380 secs]
321.802: Total time for which application threads were stopped: 0.0070063 seconds, Stopping threads took: 0.0000275 seconds
321.869: [GC (Allocation Failure)  733729K->412545K(1034240K), 0.0043814 secs]
321.874: Total time for which application threads were stopped: 0.0045494 seconds, Stopping threads took: 0.0000276 seconds
321.940: [GC (Allocation Failure)  733569K->417375K(1032192K), 0.0068362 secs]
321.947: Total time for which application threads were stopped: 0.0070027 seconds, Stopping threads took: 0.0000193 seconds
322.013: [GC (Allocation Failure)  736863K->412673K(1033728K), 0.0044205 secs]
322.018: Total time for which application threads were stopped: 0.0045806 seconds, Stopping threads took: 0.0000196 seconds
322.084: [GC (Allocation Failure)  732161K->412513K(1034752K), 0.0046621 secs]
322.089: Total time for which application threads were stopped: 0.0048244 seconds, Stopping threads took: 0.0000201 seconds
322.156: [GC (Allocation Failure)  733537K->414047K(1034240K), 0.0065827 secs]
322.163: Total time for which application threads were stopped: 0.0067930 seconds, Stopping threads took: 0.0000342 seconds
322.233: [GC (Allocation Failure)  735071K->412641K(1035264K), 0.0045169 secs]
322.238: Total time for which application threads were stopped: 0.0046976 seconds, Stopping threads took: 0.0000200 seconds
322.307: [GC (Allocation Failure)  734689K->412513K(1034752K), 0.0045506 secs]
322.311: Total time for which application threads were stopped: 0.0047010 seconds, Stopping threads took: 0.0000254 seconds
322.378: [GC (Allocation Failure)  734561K->415743K(1034752K), 0.0061690 secs]
322.385: Total time for which application threads were stopped: 0.0063368 seconds, Stopping threads took: 0.0000190 seconds
322.452: [GC (Allocation Failure)  738303K->412577K(1035264K), 0.0043588 secs]
322.457: Total time for which application threads were stopped: 0.0045451 seconds, Stopping threads took: 0.0000194 seconds
322.524: [GC (Allocation Failure)  735137K->412513K(1035776K), 0.0044723 secs]
322.529: Total time for which application threads were stopped: 0.0046445 seconds, Stopping threads took: 0.0000205 seconds
322.597: [GC (Allocation Failure)  735585K->420519K(1035264K), 0.0099860 secs]
322.607: Total time for which application threads were stopped: 0.0101532 seconds, Stopping threads took: 0.0000187 seconds
322.676: [GC (Allocation Failure)  743591K->415817K(1032192K), 0.0047303 secs]
322.680: Total time for which application threads were stopped: 0.0049017 seconds, Stopping threads took: 0.0000194 seconds
322.748: [GC (Allocation Failure)  735305K->415785K(1033728K), 0.0046257 secs]
322.753: Total time for which application threads were stopped: 0.0047866 seconds, Stopping threads took: 0.0000198 seconds
322.820: [GC (Allocation Failure)  735273K->422447K(1031168K), 0.0074102 secs]
322.828: Total time for which application threads were stopped: 0.0075912 seconds, Stopping threads took: 0.0000190 seconds
322.895: [GC (Allocation Failure)  739887K->416369K(1032704K), 0.0047797 secs]
322.900: Total time for which application threads were stopped: 0.0049484 seconds, Stopping threads took: 0.0000190 seconds
322.966: [GC (Allocation Failure)  733809K->416177K(1033216K), 0.0044935 secs]
322.971: Total time for which application threads were stopped: 0.0046615 seconds, Stopping threads took: 0.0000203 seconds
323.037: [GC (Allocation Failure)  734129K->412335K(1032704K), 0.0030605 secs]
323.040: Total time for which application threads were stopped: 0.0032315 seconds, Stopping threads took: 0.0000195 seconds
323.109: [GC (Allocation Failure)  730287K->416337K(1033216K), 0.0047334 secs]
323.114: Total time for which application threads were stopped: 0.0049375 seconds, Stopping threads took: 0.0000221 seconds
323.182: [GC (Allocation Failure)  734289K->416177K(1032704K), 0.0045714 secs]
323.187: Total time for which application threads were stopped: 0.0047359 seconds, Stopping threads took: 0.0000199 seconds
323.254: [GC (Allocation Failure)  734129K->419017K(1033728K), 0.0050785 secs]
323.259: Total time for which application threads were stopped: 0.0052484 seconds, Stopping threads took: 0.0000194 seconds
323.327: [GC (Allocation Failure)  738505K->424299K(1033728K), 0.0044685 secs]
323.331: Total time for which application threads were stopped: 0.0046455 seconds, Stopping threads took: 0.0000261 seconds
323.398: [GC (Allocation Failure)  743787K->424235K(1034752K), 0.0045045 secs]
323.403: Total time for which application threads were stopped: 0.0046695 seconds, Stopping threads took: 0.0000189 seconds
323.470: [GC (Allocation Failure)  745259K->427819K(1034240K), 0.0055339 secs]
323.476: Total time for which application threads were stopped: 0.0057128 seconds, Stopping threads took: 0.0000196 seconds
323.543: [GC (Allocation Failure)  748843K->432270K(1034752K), 0.0045506 secs]
323.547: Total time for which application threads were stopped: 0.0047181 seconds, Stopping threads took: 0.0000193 seconds
323.615: [GC (Allocation Failure)  753806K->432238K(1034752K), 0.0046228 secs]
323.620: Total time for which application threads were stopped: 0.0047920 seconds, Stopping threads took: 0.0000196 seconds
323.685: [GC (Allocation Failure)  753774K->432430K(1034240K), 0.0047958 secs]
323.690: Total time for which application threads were stopped: 0.0049893 seconds, Stopping threads took: 0.0000200 seconds
323.760: [GC (Allocation Failure)  753966K->440304K(1034752K), 0.0047329 secs]
323.765: Total time for which application threads were stopped: 0.0048881 seconds, Stopping threads took: 0.0000173 seconds
323.831: [GC (Allocation Failure)  761840K->440304K(1035264K), 0.0047513 secs]
323.836: Total time for which application threads were stopped: 0.0049631 seconds, Stopping threads took: 0.0000202 seconds
323.904: [GC (Allocation Failure)  762352K->442192K(1034752K), 0.0048544 secs]
323.909: Total time for which application threads were stopped: 0.0050474 seconds, Stopping threads took: 0.0000281 seconds
323.977: [GC (Allocation Failure)  764240K->448370K(1035264K), 0.0046601 secs]
323.982: Total time for which application threads were stopped: 0.0048217 seconds, Stopping threads took: 0.0000199 seconds
324.050: [GC (Allocation Failure)  770418K->448338K(1034752K), 0.0044874 secs]
324.054: Total time for which application threads were stopped: 0.0046519 seconds, Stopping threads took: 0.0000206 seconds
324.121: [GC (Allocation Failure)  770386K->448906K(1034240K), 0.0049218 secs]
324.126: Total time for which application threads were stopped: 0.0050812 seconds, Stopping threads took: 0.0000194 seconds
324.197: [GC (Allocation Failure)  770442K->456492K(1034752K), 0.0054720 secs]
324.202: Total time for which application threads were stopped: 0.0056608 seconds, Stopping threads took: 0.0000250 seconds
324.270: [GC (Allocation Failure)  778028K->456364K(1034752K), 0.0046192 secs]
324.275: Total time for which application threads were stopped: 0.0047808 seconds, Stopping threads took: 0.0000250 seconds
324.341: [GC (Allocation Failure)  777900K->458188K(1034752K), 0.0049859 secs]
324.346: Total time for which application threads were stopped: 0.0051505 seconds, Stopping threads took: 0.0000255 seconds
324.414: [GC (Allocation Failure)  779724K->464463K(1034752K), 0.0048379 secs]
324.419: Total time for which application threads were stopped: 0.0050323 seconds, Stopping threads took: 0.0000203 seconds
324.488: [GC (Allocation Failure)  785999K->464367K(1034752K), 0.0046939 secs]
324.492: Total time for which application threads were stopped: 0.0048488 seconds, Stopping threads took: 0.0000167 seconds
324.558: [GC (Allocation Failure)  785903K->467431K(1034752K), 0.0054666 secs]
324.563: Total time for which application threads were stopped: 0.0056361 seconds, Stopping threads took: 0.0000195 seconds
324.631: [GC (Allocation Failure)  788967K->472457K(1034752K), 0.0047556 secs]
324.635: Total time for which application threads were stopped: 0.0049263 seconds, Stopping threads took: 0.0000196 seconds
324.703: [GC (Allocation Failure)  793993K->472361K(1035264K), 0.0047897 secs]
324.708: Total time for which application threads were stopped: 0.0049682 seconds, Stopping threads took: 0.0000223 seconds
324.775: [GC (Allocation Failure)  794409K->465031K(1034752K), 0.0016057 secs]
324.777: Total time for which application threads were stopped: 0.0017513 seconds, Stopping threads took: 0.0000272 seconds
324.846: [GC (Allocation Failure)  787079K->472617K(1034752K), 0.0046899 secs]
324.851: Total time for which application threads were stopped: 0.0048586 seconds, Stopping threads took: 0.0000190 seconds
324.918: [GC (Allocation Failure)  794153K->472393K(1034752K), 0.0046331 secs]
324.923: Total time for which application threads were stopped: 0.0048421 seconds, Stopping threads took: 0.0000206 seconds
324.990: [GC (Allocation Failure)  793929K->466791K(1034752K), 0.0024755 secs]
324.992: Total time for which application threads were stopped: 0.0026376 seconds, Stopping threads took: 0.0000274 seconds
325.061: [GC (Allocation Failure)  788327K->472585K(1034752K), 0.0046806 secs]
325.066: Total time for which application threads were stopped: 0.0048453 seconds, Stopping threads took: 0.0000207 seconds
325.133: [GC (Allocation Failure)  794121K->472393K(1034752K), 0.0046663 secs]
325.138: Total time for which application threads were stopped: 0.0048293 seconds, Stopping threads took: 0.0000199 seconds
325.204: [GC (Allocation Failure)  793929K->467975K(1034752K), 0.0037425 secs]
325.207: Total time for which application threads were stopped: 0.0039409 seconds, Stopping threads took: 0.0000269 seconds
325.277: [GC (Allocation Failure)  789511K->472521K(1034752K), 0.0045564 secs]
325.281: Total time for which application threads were stopped: 0.0047234 seconds, Stopping threads took: 0.0000254 seconds
325.350: [GC (Allocation Failure)  794057K->472361K(1034752K), 0.0046577 secs]
325.354: Total time for which application threads were stopped: 0.0048309 seconds, Stopping threads took: 0.0000185 seconds
325.420: [GC (Allocation Failure)  793897K->469223K(1035264K), 0.0044439 secs]
325.424: Total time for which application threads were stopped: 0.0046182 seconds, Stopping threads took: 0.0000192 seconds
325.492: [GC (Allocation Failure)  791783K->472489K(1035264K), 0.0046754 secs]
325.497: Total time for which application threads were stopped: 0.0048452 seconds, Stopping threads took: 0.0000190 seconds
325.565: [GC (Allocation Failure)  795049K->472393K(1035264K), 0.0045655 secs]
325.569: Total time for which application threads were stopped: 0.0047499 seconds, Stopping threads took: 0.0000195 seconds
325.637: [GC (Allocation Failure)  794953K->473511K(1035264K), 0.0072855 secs]
325.644: Total time for which application threads were stopped: 0.0074584 seconds, Stopping threads took: 0.0000192 seconds
325.712: [GC (Allocation Failure)  796071K->472425K(1035264K), 0.0046194 secs]
325.717: Total time for which application threads were stopped: 0.0048061 seconds, Stopping threads took: 0.0000214 seconds
325.785: [GC (Allocation Failure)  794985K->472361K(1035264K), 0.0045144 secs]
325.790: Total time for which application threads were stopped: 0.0046912 seconds, Stopping threads took: 0.0000258 seconds
325.855: [GC (Allocation Failure)  794921K->477791K(1031680K), 0.0071446 secs]
325.862: Total time for which application threads were stopped: 0.0073314 seconds, Stopping threads took: 0.0000272 seconds
325.929: [GC (Allocation Failure)  797279K->473281K(1033728K), 0.0048887 secs]
325.934: Total time for which application threads were stopped: 0.0050468 seconds, Stopping threads took: 0.0000194 seconds
326.002: [GC (Allocation Failure)  792769K->473089K(1034752K), 0.0046427 secs]
326.007: Total time for which application threads were stopped: 0.0048050 seconds, Stopping threads took: 0.0000195 seconds
326.072: [GC (Allocation Failure)  794113K->475135K(1034240K), 0.0057201 secs]
326.078: Total time for which application threads were stopped: 0.0058828 seconds, Stopping threads took: 0.0000199 seconds
326.146: [GC (Allocation Failure)  796159K->473185K(1035264K), 0.0055252 secs]
326.152: Total time for which application threads were stopped: 0.0057066 seconds, Stopping threads took: 0.0000205 seconds
326.221: [GC (Allocation Failure)  795233K->473057K(1034752K), 0.0045650 secs]
326.226: Total time for which application threads were stopped: 0.0047067 seconds, Stopping threads took: 0.0000162 seconds
326.296: [GC (Allocation Failure)  795105K->476863K(1033728K), 0.0061574 secs]
326.302: Total time for which application threads were stopped: 0.0063569 seconds, Stopping threads took: 0.0000268 seconds
326.370: [GC (Allocation Failure)  798399K->473153K(1034752K), 0.0047055 secs]
326.375: Total time for which application threads were stopped: 0.0048543 seconds, Stopping threads took: 0.0000168 seconds
326.441: [GC (Allocation Failure)  794689K->473089K(1035776K), 0.0065184 secs]
326.448: Total time for which application threads were stopped: 0.0066814 seconds, Stopping threads took: 0.0000201 seconds
