Java HotSpot(TM) 64-Bit Server VM (25.171-b11) for linux-amd64 JRE (1.8.0_171-b11), built on Mar 28 2018 17:07:08 by "java_re" with gcc 4.3.0 20080428 (Red Hat 4.3.0-8)
Memory: 4k page, physical 32883000k(29305000k free), swap 8000508k(8000508k free)
CommandLine flags: -XX:InitialHeapSize=1073741824 -XX:MaxHeapSize=1073741824 -XX:+PrintGC -XX:+PrintGCApplicationStoppedTime -XX:+PrintGCTimeStamps -XX:+UseCompressedClassPointers -XX:+UseCompressedOops -XX:+UseParallelGC 
0.282: [GC (Allocation Failure)  262144K->10348K(1005056K), 0.0053881 secs]
0.287: Total time for which application threads were stopped: 0.0056116 seconds, Stopping threads took: 0.0000175 seconds
0.351: [GC (Allocation Failure)  272492K->8690K(1005056K), 0.0036477 secs]
0.354: Total time for which application threads were stopped: 0.0038785 seconds, Stopping threads took: 0.0000836 seconds
0.409: [GC (Allocation Failure)  270834K->8594K(1005056K), 0.0031054 secs]
0.412: Total time for which application threads were stopped: 0.0032790 seconds, Stopping threads took: 0.0000211 seconds
0.470: [GC (Allocation Failure)  270738K->8562K(1005056K), 0.0036916 secs]
0.474: Total time for which application threads were stopped: 0.0038525 seconds, Stopping threads took: 0.0000328 seconds
0.530: [GC (Allocation Failure)  270706K->8722K(1005056K), 0.0034119 secs]
0.533: Total time for which application threads were stopped: 0.0035842 seconds, Stopping threads took: 0.0000195 seconds
0.591: [GC (Allocation Failure)  270866K->8594K(1038336K), 0.0044980 secs]
0.595: Total time for which application threads were stopped: 0.0046803 seconds, Stopping threads took: 0.0000206 seconds
0.673: [GC (Allocation Failure)  336786K->8576K(1037824K), 0.0040450 secs]
0.677: Total time for which application threads were stopped: 0.0042085 seconds, Stopping threads took: 0.0000185 seconds
0.748: [GC (Allocation Failure)  336768K->8640K(1038336K), 0.0037849 secs]
0.751: Total time for which application threads were stopped: 0.0039520 seconds, Stopping threads took: 0.0000265 seconds
0.821: [GC (Allocation Failure)  337344K->8608K(1038336K), 0.0036560 secs]
0.825: Total time for which application threads were stopped: 0.0038238 seconds, Stopping threads took: 0.0000191 seconds
0.892: [GC (Allocation Failure)  337312K->10272K(1037312K), 0.0033396 secs]
0.896: Total time for which application threads were stopped: 0.0035317 seconds, Stopping threads took: 0.0000196 seconds
0.967: [GC (Allocation Failure)  337952K->8576K(1037824K), 0.0034299 secs]
0.970: Total time for which application threads were stopped: 0.0035946 seconds, Stopping threads took: 0.0000197 seconds
1.038: [GC (Allocation Failure)  336256K->8576K(1037824K), 0.0036276 secs]
1.042: Total time for which application threads were stopped: 0.0037969 seconds, Stopping threads took: 0.0000204 seconds
1.109: [GC (Allocation Failure)  336256K->9512K(1028096K), 0.0043611 secs]
1.113: Total time for which application threads were stopped: 0.0045365 seconds, Stopping threads took: 0.0000207 seconds
1.182: [GC (Allocation Failure)  337192K->16874K(1037312K), 0.0036065 secs]
1.186: Total time for which application threads were stopped: 0.0037593 seconds, Stopping threads took: 0.0000192 seconds
1.255: [GC (Allocation Failure)  343018K->16618K(1036800K), 0.0034883 secs]
1.258: Total time for which application threads were stopped: 0.0036538 seconds, Stopping threads took: 0.0000278 seconds
1.327: [GC (Allocation Failure)  342762K->21960K(1034240K), 0.0066591 secs]
1.334: Total time for which application threads were stopped: 0.0068375 seconds, Stopping threads took: 0.0000196 seconds
1.403: [GC (Allocation Failure)  345544K->18922K(1035776K), 0.0039065 secs]
1.407: Total time for which application threads were stopped: 0.0040692 seconds, Stopping threads took: 0.0000195 seconds
1.475: [GC (Allocation Failure)  342506K->18762K(1036288K), 0.0040189 secs]
1.479: Total time for which application threads were stopped: 0.0041865 seconds, Stopping threads took: 0.0000198 seconds
1.546: [GC (Allocation Failure)  342855K->14856K(1035776K), 0.0023839 secs]
1.549: Total time for which application threads were stopped: 0.0025696 seconds, Stopping threads took: 0.0000204 seconds
1.618: [GC (Allocation Failure)  338952K->18890K(1035776K), 0.0046762 secs]
1.623: Total time for which application threads were stopped: 0.0048236 seconds, Stopping threads took: 0.0000253 seconds
1.692: [GC (Allocation Failure)  342474K->22890K(1035776K), 0.0036691 secs]
1.695: Total time for which application threads were stopped: 0.0038445 seconds, Stopping threads took: 0.0000281 seconds
1.762: [GC (Allocation Failure)  346474K->22858K(1036288K), 0.0037508 secs]
1.766: Total time for which application threads were stopped: 0.0039066 seconds, Stopping threads took: 0.0000194 seconds
1.835: [GC (Allocation Failure)  347466K->23242K(1024512K), 0.0046590 secs]
1.839: Total time for which application threads were stopped: 0.0048229 seconds, Stopping threads took: 0.0000197 seconds
1.907: [GC (Allocation Failure)  347850K->30956K(1035776K), 0.0035985 secs]
1.911: Total time for which application threads were stopped: 0.0037605 seconds, Stopping threads took: 0.0000199 seconds
1.979: [GC (Allocation Failure)  354540K->30924K(1035776K), 0.0038134 secs]
1.983: Total time for which application threads were stopped: 0.0039906 seconds, Stopping threads took: 0.0000200 seconds
2.052: [GC (Allocation Failure)  354508K->31468K(1034752K), 0.0045469 secs]
2.056: Total time for which application threads were stopped: 0.0047010 seconds, Stopping threads took: 0.0000195 seconds
2.125: [GC (Allocation Failure)  354028K->38958K(1035264K), 0.0034399 secs]
2.128: Total time for which application threads were stopped: 0.0036342 seconds, Stopping threads took: 0.0000198 seconds
2.198: [GC (Allocation Failure)  361518K->38958K(1035264K), 0.0035283 secs]
2.202: Total time for which application threads were stopped: 0.0036896 seconds, Stopping threads took: 0.0000252 seconds
2.270: [GC (Allocation Failure)  361518K->39214K(1022464K), 0.0046876 secs]
2.274: Total time for which application threads were stopped: 0.0048555 seconds, Stopping threads took: 0.0000251 seconds
2.343: [GC (Allocation Failure)  361774K->46993K(1034752K), 0.0039830 secs]
2.347: Total time for which application threads were stopped: 0.0041456 seconds, Stopping threads took: 0.0000206 seconds
2.415: [GC (Allocation Failure)  368529K->46993K(1034752K), 0.0037929 secs]
2.419: Total time for which application threads were stopped: 0.0039604 seconds, Stopping threads took: 0.0000198 seconds
2.484: [GC (Allocation Failure)  368529K->47017K(1034240K), 0.0047074 secs]
2.489: Total time for which application threads were stopped: 0.0048650 seconds, Stopping threads took: 0.0000203 seconds
2.559: [GC (Allocation Failure)  368553K->55051K(1034752K), 0.0038362 secs]
2.563: Total time for which application threads were stopped: 0.0040007 seconds, Stopping threads took: 0.0000214 seconds
2.634: [GC (Allocation Failure)  376587K->55051K(1034752K), 0.0037301 secs]
2.638: Total time for which application threads were stopped: 0.0038898 seconds, Stopping threads took: 0.0000167 seconds
2.704: [GC (Allocation Failure)  376587K->55147K(1021440K), 0.0046348 secs]
2.708: Total time for which application threads were stopped: 0.0048194 seconds, Stopping threads took: 0.0000267 seconds
2.777: [GC (Allocation Failure)  376683K->63085K(1034240K), 0.0038743 secs]
2.781: Total time for which application threads were stopped: 0.0040362 seconds, Stopping threads took: 0.0000205 seconds
2.847: [GC (Allocation Failure)  383597K->63053K(1034240K), 0.0038241 secs]
2.851: Total time for which application threads were stopped: 0.0039914 seconds, Stopping threads took: 0.0000203 seconds
2.916: [GC (Allocation Failure)  383565K->63405K(1034240K), 0.0045158 secs]
2.920: Total time for which application threads were stopped: 0.0047095 seconds, Stopping threads took: 0.0000203 seconds
2.990: [GC (Allocation Failure)  383917K->71119K(1034240K), 0.0042434 secs]
2.994: Total time for which application threads were stopped: 0.0044090 seconds, Stopping threads took: 0.0000195 seconds
3.061: [GC (Allocation Failure)  391631K->71087K(1034240K), 0.0038561 secs]
3.065: Total time for which application threads were stopped: 0.0040241 seconds, Stopping threads took: 0.0000202 seconds
3.132: [GC (Allocation Failure)  391599K->71631K(1020928K), 0.0046813 secs]
3.137: Total time for which application threads were stopped: 0.0048585 seconds, Stopping threads took: 0.0000196 seconds
3.205: [GC (Allocation Failure)  392143K->79122K(1033728K), 0.0037981 secs]
3.209: Total time for which application threads were stopped: 0.0039752 seconds, Stopping threads took: 0.0000304 seconds
3.275: [GC (Allocation Failure)  398610K->79122K(1033728K), 0.0039417 secs]
3.279: Total time for which application threads were stopped: 0.0041097 seconds, Stopping threads took: 0.0000200 seconds
3.343: [GC (Allocation Failure)  398610K->79370K(1033728K), 0.0046607 secs]
3.348: Total time for which application threads were stopped: 0.0048210 seconds, Stopping threads took: 0.0000201 seconds
3.415: [GC (Allocation Failure)  398858K->87148K(1033728K), 0.0038486 secs]
3.419: Total time for which application threads were stopped: 0.0040185 seconds, Stopping threads took: 0.0000204 seconds
3.486: [GC (Allocation Failure)  406636K->87180K(1033728K), 0.0039438 secs]
3.490: Total time for which application threads were stopped: 0.0041210 seconds, Stopping threads took: 0.0000201 seconds
3.555: [GC (Allocation Failure)  406668K->87308K(1033728K), 0.0045378 secs]
3.559: Total time for which application threads were stopped: 0.0047341 seconds, Stopping threads took: 0.0000205 seconds
3.629: [GC (Allocation Failure)  406796K->95214K(1033728K), 0.0040853 secs]
3.634: Total time for which application threads were stopped: 0.0042584 seconds, Stopping threads took: 0.0000258 seconds
3.702: [GC (Allocation Failure)  414702K->95214K(1033728K), 0.0035434 secs]
3.705: Total time for which application threads were stopped: 0.0037094 seconds, Stopping threads took: 0.0000280 seconds
3.772: [GC (Allocation Failure)  414702K->95310K(1032704K), 0.0045680 secs]
3.777: Total time for which application threads were stopped: 0.0047575 seconds, Stopping threads took: 0.0000193 seconds
3.846: [GC (Allocation Failure)  413774K->103217K(1033216K), 0.0039994 secs]
3.850: Total time for which application threads were stopped: 0.0041524 seconds, Stopping threads took: 0.0000165 seconds
3.917: [GC (Allocation Failure)  421681K->103249K(1033216K), 0.0037060 secs]
3.921: Total time for which application threads were stopped: 0.0038710 seconds, Stopping threads took: 0.0000201 seconds
3.985: [GC (Allocation Failure)  421713K->103241K(1033216K), 0.0047065 secs]
3.990: Total time for which application threads were stopped: 0.0048659 seconds, Stopping threads took: 0.0000197 seconds
4.055: Total time for which application threads were stopped: 0.0001271 seconds, Stopping threads took: 0.0000577 seconds
4.057: [GC (Allocation Failure)  421705K->111275K(1033216K), 0.0038937 secs]
4.061: Total time for which application threads were stopped: 0.0040545 seconds, Stopping threads took: 0.0000126 seconds
4.127: [GC (Allocation Failure)  429739K->105161K(1033216K), 0.0014176 secs]
4.128: Total time for which application threads were stopped: 0.0015480 seconds, Stopping threads took: 0.0000191 seconds
4.196: [GC (Allocation Failure)  423625K->111475K(1034240K), 0.0039845 secs]
4.200: Total time for which application threads were stopped: 0.0041530 seconds, Stopping threads took: 0.0000255 seconds
4.267: [GC (Allocation Failure)  431475K->115387K(1033728K), 0.0043205 secs]
4.271: Total time for which application threads were stopped: 0.0044904 seconds, Stopping threads took: 0.0000204 seconds
4.337: [GC (Allocation Failure)  435387K->120761K(1029632K), 0.0062228 secs]
4.343: Total time for which application threads were stopped: 0.0063928 seconds, Stopping threads took: 0.0000205 seconds
4.410: [GC (Allocation Failure)  436153K->115547K(1031680K), 0.0040866 secs]
4.414: Total time for which application threads were stopped: 0.0042549 seconds, Stopping threads took: 0.0000200 seconds
4.481: [GC (Allocation Failure)  430939K->115387K(1032704K), 0.0039125 secs]
4.485: Total time for which application threads were stopped: 0.0040849 seconds, Stopping threads took: 0.0000201 seconds
4.549: [GC (Allocation Failure)  432315K->117251K(1032192K), 0.0049253 secs]
4.554: Total time for which application threads were stopped: 0.0050995 seconds, Stopping threads took: 0.0000210 seconds
4.622: [GC (Allocation Failure)  434179K->123525K(1032704K), 0.0065073 secs]
4.629: Total time for which application threads were stopped: 0.0066918 seconds, Stopping threads took: 0.0000254 seconds
4.695: [GC (Allocation Failure)  440965K->123461K(1032704K), 0.0037116 secs]
4.699: Total time for which application threads were stopped: 0.0038676 seconds, Stopping threads took: 0.0000252 seconds
4.766: [GC (Allocation Failure)  440901K->125989K(1033216K), 0.0049925 secs]
4.771: Total time for which application threads were stopped: 0.0051526 seconds, Stopping threads took: 0.0000254 seconds
4.840: [GC (Allocation Failure)  444453K->131495K(1033216K), 0.0039781 secs]
4.844: Total time for which application threads were stopped: 0.0041249 seconds, Stopping threads took: 0.0000167 seconds
4.912: [GC (Allocation Failure)  449959K->131495K(1033728K), 0.0040609 secs]
4.916: Total time for which application threads were stopped: 0.0042277 seconds, Stopping threads took: 0.0000194 seconds
4.983: [GC (Allocation Failure)  450983K->135271K(1033728K), 0.0049509 secs]
4.988: Total time for which application threads were stopped: 0.0051355 seconds, Stopping threads took: 0.0000198 seconds
5.056: [GC (Allocation Failure)  454759K->139498K(1034240K), 0.0039775 secs]
5.060: Total time for which application threads were stopped: 0.0041428 seconds, Stopping threads took: 0.0000197 seconds
5.127: [GC (Allocation Failure)  460010K->139498K(1034240K), 0.0038795 secs]
5.131: Total time for which application threads were stopped: 0.0040390 seconds, Stopping threads took: 0.0000200 seconds
5.199: [GC (Allocation Failure)  460010K->140426K(1034240K), 0.0047552 secs]
5.204: Total time for which application threads were stopped: 0.0049199 seconds, Stopping threads took: 0.0000277 seconds
5.272: [GC (Allocation Failure)  460938K->147564K(1034240K), 0.0038285 secs]
5.276: Total time for which application threads were stopped: 0.0040089 seconds, Stopping threads took: 0.0000172 seconds
5.345: [GC (Allocation Failure)  468076K->147532K(1034240K), 0.0040396 secs]
5.349: Total time for which application threads were stopped: 0.0041856 seconds, Stopping threads took: 0.0000168 seconds
5.416: [GC (Allocation Failure)  468044K->150700K(1034240K), 0.0048115 secs]
5.421: Total time for which application threads were stopped: 0.0049799 seconds, Stopping threads took: 0.0000205 seconds
5.490: [GC (Allocation Failure)  471212K->155566K(1034752K), 0.0038159 secs]
5.493: Total time for which application threads were stopped: 0.0040024 seconds, Stopping threads took: 0.0000373 seconds
5.561: [GC (Allocation Failure)  477102K->155598K(1034752K), 0.0039991 secs]
5.565: Total time for which application threads were stopped: 0.0041612 seconds, Stopping threads took: 0.0000212 seconds
5.631: [GC (Allocation Failure)  477134K->158926K(1034752K), 0.0050097 secs]
5.636: Total time for which application threads were stopped: 0.0051643 seconds, Stopping threads took: 0.0000195 seconds
5.704: [GC (Allocation Failure)  480462K->163696K(1034752K), 0.0039747 secs]
5.708: Total time for which application threads were stopped: 0.0041425 seconds, Stopping threads took: 0.0000278 seconds
5.774: [GC (Allocation Failure)  485232K->163632K(1034752K), 0.0041534 secs]
5.779: Total time for which application threads were stopped: 0.0043197 seconds, Stopping threads took: 0.0000275 seconds
5.844: [GC (Allocation Failure)  485168K->164072K(1034752K), 0.0047336 secs]
5.849: Total time for which application threads were stopped: 0.0049257 seconds, Stopping threads took: 0.0000196 seconds
5.919: [GC (Allocation Failure)  485608K->171627K(1034752K), 0.0039782 secs]
5.923: Total time for which application threads were stopped: 0.0041609 seconds, Stopping threads took: 0.0000170 seconds
5.991: [GC (Allocation Failure)  493163K->171627K(1034752K), 0.0045049 secs]
5.996: Total time for which application threads were stopped: 0.0046662 seconds, Stopping threads took: 0.0000186 seconds
6.061: [GC (Allocation Failure)  493163K->173355K(1034752K), 0.0050592 secs]
6.066: Total time for which application threads were stopped: 0.0052148 seconds, Stopping threads took: 0.0000188 seconds
6.136: [GC (Allocation Failure)  494891K->179693K(1034752K), 0.0042342 secs]
6.140: Total time for which application threads were stopped: 0.0043925 seconds, Stopping threads took: 0.0000196 seconds
6.208: [GC (Allocation Failure)  501229K->179661K(1034752K), 0.0050092 secs]
6.213: Total time for which application threads were stopped: 0.0051689 seconds, Stopping threads took: 0.0000190 seconds
6.278: [GC (Allocation Failure)  501197K->182597K(1034752K), 0.0051437 secs]
6.284: Total time for which application threads were stopped: 0.0053075 seconds, Stopping threads took: 0.0000212 seconds
6.354: [GC (Allocation Failure)  504133K->187751K(1034752K), 0.0042543 secs]
6.358: Total time for which application threads were stopped: 0.0044309 seconds, Stopping threads took: 0.0000287 seconds
6.425: [GC (Allocation Failure)  509287K->187719K(1034752K), 0.0041938 secs]
6.429: Total time for which application threads were stopped: 0.0043644 seconds, Stopping threads took: 0.0000198 seconds
6.495: [GC (Allocation Failure)  509255K->187751K(1033728K), 0.0049751 secs]
6.500: Total time for which application threads were stopped: 0.0051525 seconds, Stopping threads took: 0.0000199 seconds
6.569: [GC (Allocation Failure)  508263K->195849K(1034240K), 0.0041426 secs]
6.573: Total time for which application threads were stopped: 0.0043117 seconds, Stopping threads took: 0.0000203 seconds
6.642: [GC (Allocation Failure)  516361K->195753K(1034240K), 0.0039333 secs]
6.646: Total time for which application threads were stopped: 0.0041098 seconds, Stopping threads took: 0.0000199 seconds
6.714: [GC (Allocation Failure)  516265K->198057K(1034240K), 0.0047080 secs]
6.719: Total time for which application threads were stopped: 0.0048750 seconds, Stopping threads took: 0.0000272 seconds
6.787: [GC (Allocation Failure)  518569K->203788K(1034240K), 0.0040010 secs]
6.791: Total time for which application threads were stopped: 0.0041619 seconds, Stopping threads took: 0.0000256 seconds
6.860: [GC (Allocation Failure)  524300K->203756K(1034240K), 0.0039668 secs]
6.864: Total time for which application threads were stopped: 0.0041247 seconds, Stopping threads took: 0.0000197 seconds
6.933: [GC (Allocation Failure)  524268K->204204K(1034240K), 0.0048305 secs]
6.938: Total time for which application threads were stopped: 0.0049848 seconds, Stopping threads took: 0.0000195 seconds
7.007: [GC (Allocation Failure)  524716K->211790K(1034240K), 0.0042268 secs]
7.012: Total time for which application threads were stopped: 0.0043911 seconds, Stopping threads took: 0.0000198 seconds
7.079: [GC (Allocation Failure)  532302K->211790K(1034240K), 0.0042346 secs]
7.084: Total time for which application threads were stopped: 0.0044123 seconds, Stopping threads took: 0.0000290 seconds
7.150: [GC (Allocation Failure)  532302K->214510K(1034240K), 0.0050438 secs]
7.155: Total time for which application threads were stopped: 0.0052219 seconds, Stopping threads took: 0.0000190 seconds
7.225: [GC (Allocation Failure)  535022K->219856K(1034240K), 0.0039967 secs]
7.229: Total time for which application threads were stopped: 0.0041773 seconds, Stopping threads took: 0.0000253 seconds
7.297: [GC (Allocation Failure)  540368K->219856K(1034240K), 0.0040533 secs]
7.302: Total time for which application threads were stopped: 0.0042484 seconds, Stopping threads took: 0.0000206 seconds
7.369: [GC (Allocation Failure)  540368K->220712K(1034240K), 0.0049771 secs]
7.374: Total time for which application threads were stopped: 0.0051435 seconds, Stopping threads took: 0.0000194 seconds
7.442: [GC (Allocation Failure)  541224K->227883K(1034240K), 0.0040090 secs]
7.446: Total time for which application threads were stopped: 0.0042154 seconds, Stopping threads took: 0.0000200 seconds
7.515: [GC (Allocation Failure)  548395K->227883K(1034240K), 0.0042556 secs]
7.519: Total time for which application threads were stopped: 0.0044443 seconds, Stopping threads took: 0.0000189 seconds
7.588: [GC (Allocation Failure)  548395K->230987K(1034240K), 0.0064925 secs]
7.594: Total time for which application threads were stopped: 0.0066410 seconds, Stopping threads took: 0.0000166 seconds
7.666: [GC (Allocation Failure)  551499K->235981K(1033728K), 0.0038951 secs]
7.670: Total time for which application threads were stopped: 0.0040428 seconds, Stopping threads took: 0.0000171 seconds
7.738: [GC (Allocation Failure)  556493K->235885K(1034240K), 0.0041228 secs]
7.743: Total time for which application threads were stopped: 0.0042908 seconds, Stopping threads took: 0.0000280 seconds
7.810: [GC (Allocation Failure)  556397K->237197K(1033728K), 0.0049626 secs]
7.815: Total time for which application threads were stopped: 0.0051314 seconds, Stopping threads took: 0.0000285 seconds
7.883: [GC (Allocation Failure)  557709K->243983K(1034240K), 0.0040710 secs]
7.887: Total time for which application threads were stopped: 0.0042385 seconds, Stopping threads took: 0.0000199 seconds
7.955: [GC (Allocation Failure)  564495K->243951K(1034240K), 0.0040768 secs]
7.959: Total time for which application threads were stopped: 0.0042691 seconds, Stopping threads took: 0.0000199 seconds
8.028: [GC (Allocation Failure)  564463K->244367K(1034240K), 0.0051410 secs]
8.033: Total time for which application threads were stopped: 0.0052986 seconds, Stopping threads took: 0.0000194 seconds
8.100: [GC (Allocation Failure)  564879K->251953K(1034240K), 0.0043112 secs]
8.105: Total time for which application threads were stopped: 0.0044693 seconds, Stopping threads took: 0.0000199 seconds
8.174: [GC (Allocation Failure)  572465K->251953K(1034240K), 0.0041560 secs]
8.178: Total time for which application threads were stopped: 0.0043354 seconds, Stopping threads took: 0.0000199 seconds
8.248: [GC (Allocation Failure)  572465K->253641K(1034240K), 0.0068689 secs]
8.255: Total time for which application threads were stopped: 0.0070257 seconds, Stopping threads took: 0.0000259 seconds
8.323: [GC (Allocation Failure)  574153K->259980K(1034240K), 0.0044631 secs]
8.328: Total time for which application threads were stopped: 0.0046288 seconds, Stopping threads took: 0.0000194 seconds
8.395: [GC (Allocation Failure)  580492K->260012K(1034240K), 0.0043363 secs]
8.400: Total time for which application threads were stopped: 0.0045285 seconds, Stopping threads took: 0.0000192 seconds
8.468: [GC (Allocation Failure)  580524K->260036K(1020416K), 0.0050260 secs]
8.473: Total time for which application threads were stopped: 0.0052056 seconds, Stopping threads took: 0.0000174 seconds
8.543: [GC (Allocation Failure)  580548K->268038K(1033728K), 0.0042830 secs]
8.547: Total time for which application threads were stopped: 0.0044561 seconds, Stopping threads took: 0.0000195 seconds
8.615: [GC (Allocation Failure)  587526K->268006K(1033728K), 0.0048304 secs]
8.620: Total time for which application threads were stopped: 0.0049853 seconds, Stopping threads took: 0.0000285 seconds
8.687: [GC (Allocation Failure)  587494K->268078K(1033728K), 0.0052201 secs]
8.692: Total time for which application threads were stopped: 0.0053814 seconds, Stopping threads took: 0.0000192 seconds
8.759: [GC (Allocation Failure)  587566K->276080K(1033728K), 0.0041853 secs]
8.764: Total time for which application threads were stopped: 0.0043501 seconds, Stopping threads took: 0.0000188 seconds
8.831: [GC (Allocation Failure)  595568K->276048K(1033728K), 0.0043863 secs]
8.835: Total time for which application threads were stopped: 0.0045625 seconds, Stopping threads took: 0.0000200 seconds
8.903: [GC (Allocation Failure)  595536K->276296K(1033728K), 0.0050328 secs]
8.908: Total time for which application threads were stopped: 0.0052072 seconds, Stopping threads took: 0.0000195 seconds
8.975: [GC (Allocation Failure)  595784K->284074K(1033728K), 0.0042799 secs]
8.980: Total time for which application threads were stopped: 0.0044447 seconds, Stopping threads took: 0.0000200 seconds
9.046: [GC (Allocation Failure)  603562K->284074K(1033728K), 0.0040945 secs]
9.051: Total time for which application threads were stopped: 0.0042868 seconds, Stopping threads took: 0.0000198 seconds
9.117: [GC (Allocation Failure)  603562K->284522K(1033728K), 0.0049939 secs]
9.123: Total time for which application threads were stopped: 0.0051504 seconds, Stopping threads took: 0.0000167 seconds
9.190: [GC (Allocation Failure)  604010K->292141K(1027072K), 0.0043411 secs]
9.194: Total time for which application threads were stopped: 0.0045121 seconds, Stopping threads took: 0.0000199 seconds
9.262: [GC (Allocation Failure)  611629K->292141K(1033216K), 0.0043539 secs]
9.267: Total time for which application threads were stopped: 0.0045390 seconds, Stopping threads took: 0.0000211 seconds
9.335: [GC (Allocation Failure)  610605K->292781K(1033216K), 0.0051603 secs]
9.340: Total time for which application threads were stopped: 0.0053407 seconds, Stopping threads took: 0.0000196 seconds
9.407: [GC (Allocation Failure)  611245K->300175K(1032704K), 0.0041550 secs]
9.412: Total time for which application threads were stopped: 0.0043140 seconds, Stopping threads took: 0.0000192 seconds
9.478: [GC (Allocation Failure)  618639K->300143K(1033216K), 0.0042679 secs]
9.482: Total time for which application threads were stopped: 0.0044631 seconds, Stopping threads took: 0.0000199 seconds
9.549: [GC (Allocation Failure)  618607K->300975K(1033728K), 0.0051278 secs]
9.554: Total time for which application threads were stopped: 0.0052839 seconds, Stopping threads took: 0.0000194 seconds
9.622: [GC (Allocation Failure)  619951K->308209K(1033216K), 0.0069298 secs]
9.629: Total time for which application threads were stopped: 0.0070906 seconds, Stopping threads took: 0.0000257 seconds
9.697: [GC (Allocation Failure)  627185K->308177K(1033216K), 0.0042780 secs]
9.702: Total time for which application threads were stopped: 0.0044461 seconds, Stopping threads took: 0.0000276 seconds
9.767: [GC (Allocation Failure)  626641K->309193K(1033216K), 0.0051914 secs]
9.772: Total time for which application threads were stopped: 0.0053481 seconds, Stopping threads took: 0.0000190 seconds
9.840: [GC (Allocation Failure)  627657K->316203K(1033728K), 0.0043423 secs]
9.844: Total time for which application threads were stopped: 0.0045057 seconds, Stopping threads took: 0.0000200 seconds
9.912: [GC (Allocation Failure)  635691K->316235K(1033728K), 0.0043792 secs]
9.917: Total time for which application threads were stopped: 0.0045573 seconds, Stopping threads took: 0.0000201 seconds
9.984: [GC (Allocation Failure)  635723K->316459K(1032704K), 0.0051163 secs]
9.989: Total time for which application threads were stopped: 0.0052870 seconds, Stopping threads took: 0.0000185 seconds
10.058: [GC (Allocation Failure)  634923K->324238K(1033216K), 0.0043047 secs]
10.062: Total time for which application threads were stopped: 0.0045125 seconds, Stopping threads took: 0.0000204 seconds
10.130: [GC (Allocation Failure)  642702K->324270K(1033216K), 0.0044092 secs]
10.134: Total time for which application threads were stopped: 0.0045842 seconds, Stopping threads took: 0.0000196 seconds
10.199: [GC (Allocation Failure)  642734K->324686K(1033216K), 0.0051576 secs]
10.204: Total time for which application threads were stopped: 0.0053129 seconds, Stopping threads took: 0.0000254 seconds
10.272: [GC (Allocation Failure)  643150K->332272K(1033216K), 0.0043044 secs]
10.276: Total time for which application threads were stopped: 0.0044738 seconds, Stopping threads took: 0.0000276 seconds
10.342: [GC (Allocation Failure)  650736K->332272K(1033216K), 0.0042987 secs]
10.346: Total time for which application threads were stopped: 0.0044751 seconds, Stopping threads took: 0.0000215 seconds
10.414: [GC (Allocation Failure)  650736K->332904K(1033216K), 0.0051307 secs]
10.420: Total time for which application threads were stopped: 0.0053505 seconds, Stopping threads took: 0.0000202 seconds
10.488: [GC (Allocation Failure)  651368K->340330K(1033216K), 0.0043394 secs]
10.492: Total time for which application threads were stopped: 0.0045189 seconds, Stopping threads took: 0.0000194 seconds
10.558: [GC (Allocation Failure)  658794K->340298K(1033216K), 0.0044533 secs]
10.563: Total time for which application threads were stopped: 0.0046361 seconds, Stopping threads took: 0.0000196 seconds
10.631: [GC (Allocation Failure)  658762K->340362K(1033216K), 0.0050542 secs]
10.636: Total time for which application threads were stopped: 0.0052450 seconds, Stopping threads took: 0.0000192 seconds
10.703: [GC (Allocation Failure)  658826K->348333K(1033216K), 0.0043847 secs]
10.708: Total time for which application threads were stopped: 0.0045606 seconds, Stopping threads took: 0.0000255 seconds
10.775: [GC (Allocation Failure)  666797K->348365K(1033216K), 0.0041892 secs]
10.779: Total time for which application threads were stopped: 0.0043405 seconds, Stopping threads took: 0.0000171 seconds
10.844: [GC (Allocation Failure)  666829K->348397K(1033216K), 0.0052193 secs]
10.849: Total time for which application threads were stopped: 0.0054135 seconds, Stopping threads took: 0.0000197 seconds
10.918: [GC (Allocation Failure)  666861K->356367K(1033216K), 0.0045898 secs]
10.922: Total time for which application threads were stopped: 0.0047566 seconds, Stopping threads took: 0.0000191 seconds
10.990: [GC (Allocation Failure)  674831K->356367K(1033216K), 0.0042459 secs]
10.994: Total time for which application threads were stopped: 0.0044060 seconds, Stopping threads took: 0.0000199 seconds
11.059: [GC (Allocation Failure)  674831K->356591K(1033216K), 0.0052085 secs]
11.064: Total time for which application threads were stopped: 0.0053781 seconds, Stopping threads took: 0.0000200 seconds
11.131: [GC (Allocation Failure)  675055K->364433K(1033216K), 0.0043728 secs]
11.136: Total time for which application threads were stopped: 0.0045442 seconds, Stopping threads took: 0.0000203 seconds
11.202: [GC (Allocation Failure)  682897K->364369K(1033216K), 0.0043880 secs]
11.206: Total time for which application threads were stopped: 0.0045536 seconds, Stopping threads took: 0.0000260 seconds
11.273: [GC (Allocation Failure)  682833K->364841K(1033216K), 0.0052927 secs]
11.278: Total time for which application threads were stopped: 0.0054727 seconds, Stopping threads took: 0.0000198 seconds
11.345: [GC (Allocation Failure)  683305K->372395K(1033216K), 0.0051569 secs]
11.351: Total time for which application threads were stopped: 0.0053213 seconds, Stopping threads took: 0.0000200 seconds
11.416: [GC (Allocation Failure)  690859K->372459K(1033216K), 0.0043085 secs]
11.421: Total time for which application threads were stopped: 0.0044788 seconds, Stopping threads took: 0.0000201 seconds
11.485: [GC (Allocation Failure)  690923K->372491K(1033216K), 0.0053917 secs]
11.491: Total time for which application threads were stopped: 0.0055772 seconds, Stopping threads took: 0.0000195 seconds
11.558: [GC (Allocation Failure)  690955K->380462K(1033216K), 0.0065713 secs]
11.565: Total time for which application threads were stopped: 0.0067501 seconds, Stopping threads took: 0.0000197 seconds
11.632: [GC (Allocation Failure)  698926K->376523K(1033216K), 0.0034295 secs]
11.636: Total time for which application threads were stopped: 0.0035828 seconds, Stopping threads took: 0.0000173 seconds
11.704: [GC (Allocation Failure)  694987K->380622K(1034752K), 0.0049351 secs]
11.709: Total time for which application threads were stopped: 0.0051119 seconds, Stopping threads took: 0.0000280 seconds
11.776: [GC (Allocation Failure)  701134K->384558K(1033728K), 0.0043610 secs]
11.780: Total time for which application threads were stopped: 0.0045209 seconds, Stopping threads took: 0.0000192 seconds
11.848: [GC (Allocation Failure)  705070K->376747K(1034240K), 0.0014112 secs]
11.849: Total time for which application threads were stopped: 0.0015355 seconds, Stopping threads took: 0.0000194 seconds
11.917: [GC (Allocation Failure)  697259K->384694K(1034240K), 0.0046563 secs]
11.921: Total time for which application threads were stopped: 0.0048564 seconds, Stopping threads took: 0.0000194 seconds
11.989: [GC (Allocation Failure)  705206K->388750K(1033216K), 0.0062317 secs]
11.996: Total time for which application threads were stopped: 0.0064099 seconds, Stopping threads took: 0.0000195 seconds
12.062: [GC (Allocation Failure)  708238K->394475K(1032704K), 0.0069183 secs]
12.069: Total time for which application threads were stopped: 0.0070894 seconds, Stopping threads took: 0.0000203 seconds
12.137: [GC (Allocation Failure)  713963K->389006K(1031680K), 0.0046401 secs]
12.142: Total time for which application threads were stopped: 0.0048090 seconds, Stopping threads took: 0.0000202 seconds
12.209: [GC (Allocation Failure)  705422K->388782K(1032192K), 0.0043566 secs]
12.213: Total time for which application threads were stopped: 0.0045156 seconds, Stopping threads took: 0.0000277 seconds
12.279: [GC (Allocation Failure)  705198K->383403K(1032704K), 0.0034552 secs]
12.283: Total time for which application threads were stopped: 0.0036163 seconds, Stopping threads took: 0.0000198 seconds
12.351: [GC (Allocation Failure)  700843K->388942K(1032704K), 0.0045194 secs]
12.355: Total time for which application threads were stopped: 0.0046938 seconds, Stopping threads took: 0.0000195 seconds
12.424: [GC (Allocation Failure)  706382K->388750K(1033216K), 0.0045788 secs]
12.429: Total time for which application threads were stopped: 0.0047706 seconds, Stopping threads took: 0.0000184 seconds
12.496: [GC (Allocation Failure)  706702K->389102K(1032704K), 0.0051697 secs]
12.502: Total time for which application threads were stopped: 0.0053272 seconds, Stopping threads took: 0.0000171 seconds
12.569: [GC (Allocation Failure)  707054K->396912K(1033216K), 0.0044971 secs]
12.574: Total time for which application threads were stopped: 0.0046658 seconds, Stopping threads took: 0.0000194 seconds
12.641: [GC (Allocation Failure)  715376K->396784K(1033216K), 0.0044477 secs]
12.646: Total time for which application threads were stopped: 0.0046040 seconds, Stopping threads took: 0.0000161 seconds
12.712: [GC (Allocation Failure)  715248K->400904K(1033728K), 0.0055664 secs]
12.717: Total time for which application threads were stopped: 0.0057276 seconds, Stopping threads took: 0.0000256 seconds
12.784: [GC (Allocation Failure)  719880K->404906K(1033216K), 0.0043590 secs]
12.788: Total time for which application threads were stopped: 0.0045223 seconds, Stopping threads took: 0.0000248 seconds
12.855: [GC (Allocation Failure)  723882K->404810K(1034240K), 0.0044882 secs]
12.860: Total time for which application threads were stopped: 0.0046550 seconds, Stopping threads took: 0.0000191 seconds
12.928: [GC (Allocation Failure)  724810K->407626K(1033728K), 0.0054146 secs]
12.933: Total time for which application threads were stopped: 0.0055868 seconds, Stopping threads took: 0.0000206 seconds
13.000: [GC (Allocation Failure)  727626K->412908K(1034240K), 0.0044784 secs]
13.005: Total time for which application threads were stopped: 0.0046489 seconds, Stopping threads took: 0.0000198 seconds
13.074: [GC (Allocation Failure)  733420K->412844K(1034240K), 0.0044926 secs]
13.079: Total time for which application threads were stopped: 0.0046531 seconds, Stopping threads took: 0.0000199 seconds
13.147: [GC (Allocation Failure)  733356K->413292K(1034240K), 0.0051747 secs]
13.152: Total time for which application threads were stopped: 0.0053350 seconds, Stopping threads took: 0.0000200 seconds
13.220: [GC (Allocation Failure)  733804K->420879K(1034240K), 0.0045375 secs]
13.225: Total time for which application threads were stopped: 0.0047026 seconds, Stopping threads took: 0.0000257 seconds
13.292: [GC (Allocation Failure)  741391K->420911K(1034240K), 0.0043485 secs]
13.297: Total time for which application threads were stopped: 0.0045156 seconds, Stopping threads took: 0.0000261 seconds
13.365: [GC (Allocation Failure)  741423K->423567K(1034240K), 0.0053365 secs]
13.371: Total time for which application threads were stopped: 0.0055299 seconds, Stopping threads took: 0.0000202 seconds
13.440: [GC (Allocation Failure)  744079K->428945K(1034240K), 0.0044782 secs]
13.445: Total time for which application threads were stopped: 0.0046508 seconds, Stopping threads took: 0.0000199 seconds
13.514: [GC (Allocation Failure)  749457K->428913K(1034240K), 0.0044330 secs]
13.518: Total time for which application threads were stopped: 0.0046027 seconds, Stopping threads took: 0.0000195 seconds
13.585: [GC (Allocation Failure)  749425K->429737K(1033728K), 0.0054824 secs]
13.590: Total time for which application threads were stopped: 0.0056560 seconds, Stopping threads took: 0.0000200 seconds
13.659: [GC (Allocation Failure)  750249K->437067K(1034240K), 0.0043168 secs]
13.664: Total time for which application threads were stopped: 0.0045118 seconds, Stopping threads took: 0.0000195 seconds
13.733: [GC (Allocation Failure)  757579K->436971K(1034240K), 0.0045730 secs]
13.738: Total time for which application threads were stopped: 0.0047641 seconds, Stopping threads took: 0.0000248 seconds
13.807: [GC (Allocation Failure)  757483K->440043K(1034240K), 0.0054515 secs]
13.812: Total time for which application threads were stopped: 0.0056329 seconds, Stopping threads took: 0.0000174 seconds
13.882: [GC (Allocation Failure)  760555K->445069K(1034752K), 0.0044313 secs]
13.886: Total time for which application threads were stopped: 0.0045966 seconds, Stopping threads took: 0.0000262 seconds
13.954: [GC (Allocation Failure)  766605K->444973K(1034752K), 0.0045070 secs]
13.958: Total time for which application threads were stopped: 0.0046640 seconds, Stopping threads took: 0.0000194 seconds
14.023: [GC (Allocation Failure)  766509K->448277K(1034752K), 0.0057426 secs]
14.029: Total time for which application threads were stopped: 0.0059068 seconds, Stopping threads took: 0.0000187 seconds
14.097: [GC (Allocation Failure)  769813K->453048K(1034752K), 0.0047247 secs]
14.102: Total time for which application threads were stopped: 0.0048806 seconds, Stopping threads took: 0.0000196 seconds
14.170: [GC (Allocation Failure)  774584K->453016K(1034752K), 0.0045665 secs]
14.175: Total time for which application threads were stopped: 0.0047345 seconds, Stopping threads took: 0.0000197 seconds
14.241: [GC (Allocation Failure)  774552K->453472K(1034752K), 0.0053815 secs]
14.246: Total time for which application threads were stopped: 0.0055480 seconds, Stopping threads took: 0.0000191 seconds
14.314: [GC (Allocation Failure)  775008K->461058K(1034752K), 0.0047275 secs]
14.319: Total time for which application threads were stopped: 0.0049018 seconds, Stopping threads took: 0.0000195 seconds
14.388: [GC (Allocation Failure)  782594K->461058K(1034752K), 0.0045488 secs]
14.392: Total time for which application threads were stopped: 0.0047098 seconds, Stopping threads took: 0.0000202 seconds
14.457: [GC (Allocation Failure)  782594K->462698K(1034752K), 0.0055080 secs]
14.463: Total time for which application threads were stopped: 0.0056749 seconds, Stopping threads took: 0.0000192 seconds
14.531: [GC (Allocation Failure)  784234K->469100K(1029120K), 0.0046749 secs]
14.536: Total time for which application threads were stopped: 0.0048426 seconds, Stopping threads took: 0.0000203 seconds
14.601: [GC (Allocation Failure)  790636K->469100K(1034752K), 0.0105778 secs]
14.612: Total time for which application threads were stopped: 0.0107336 seconds, Stopping threads took: 0.0000277 seconds
14.680: [GC (Allocation Failure)  790124K->471468K(1034240K), 0.0053895 secs]
14.686: Total time for which application threads were stopped: 0.0055489 seconds, Stopping threads took: 0.0000193 seconds
14.755: [GC (Allocation Failure)  792492K->477262K(1034752K), 0.0045259 secs]
14.760: Total time for which application threads were stopped: 0.0047121 seconds, Stopping threads took: 0.0000282 seconds
14.827: [GC (Allocation Failure)  798798K->477134K(1034752K), 0.0046332 secs]
14.832: Total time for which application threads were stopped: 0.0047911 seconds, Stopping threads took: 0.0000198 seconds
14.899: [GC (Allocation Failure)  798670K->480206K(1034752K), 0.0054766 secs]
14.905: Total time for which application threads were stopped: 0.0056546 seconds, Stopping threads took: 0.0000276 seconds
14.971: [GC (Allocation Failure)  801742K->485201K(1034752K), 0.0046581 secs]
14.976: Total time for which application threads were stopped: 0.0048254 seconds, Stopping threads took: 0.0000200 seconds
15.042: [GC (Allocation Failure)  806737K->485137K(1034752K), 0.0046278 secs]
15.047: Total time for which application threads were stopped: 0.0048154 seconds, Stopping threads took: 0.0000196 seconds
15.112: [GC (Allocation Failure)  806673K->485385K(1021440K), 0.0055323 secs]
15.118: Total time for which application threads were stopped: 0.0057057 seconds, Stopping threads took: 0.0000201 seconds
15.188: [GC (Allocation Failure)  806921K->493195K(1034240K), 0.0047262 secs]
15.192: Total time for which application threads were stopped: 0.0048932 seconds, Stopping threads took: 0.0000213 seconds
15.262: [GC (Allocation Failure)  813707K->493227K(1034240K), 0.0046212 secs]
15.267: Total time for which application threads were stopped: 0.0048145 seconds, Stopping threads took: 0.0000199 seconds
15.335: [GC (Allocation Failure)  813739K->496619K(1034752K), 0.0056049 secs]
15.341: Total time for which application threads were stopped: 0.0057613 seconds, Stopping threads took: 0.0000191 seconds
15.406: [GC (Allocation Failure)  817643K->501357K(1034240K), 0.0046333 secs]
15.411: Total time for which application threads were stopped: 0.0047910 seconds, Stopping threads took: 0.0000200 seconds
15.478: [GC (Allocation Failure)  822381K->501197K(1034752K), 0.0044561 secs]
15.483: Total time for which application threads were stopped: 0.0046209 seconds, Stopping threads took: 0.0000191 seconds
15.549: [GC (Allocation Failure)  822733K->504837K(1034752K), 0.0058429 secs]
15.555: Total time for which application threads were stopped: 0.0060284 seconds, Stopping threads took: 0.0000192 seconds
15.624: [GC (Allocation Failure)  826373K->509352K(1034752K), 0.0055784 secs]
15.629: Total time for which application threads were stopped: 0.0057536 seconds, Stopping threads took: 0.0000279 seconds
15.697: [GC (Allocation Failure)  830888K->509288K(1034752K), 0.0053820 secs]
15.703: Total time for which application threads were stopped: 0.0055482 seconds, Stopping threads took: 0.0000194 seconds
15.770: [GC (Allocation Failure)  830824K->509960K(1034752K), 0.0054856 secs]
15.775: Total time for which application threads were stopped: 0.0056535 seconds, Stopping threads took: 0.0000196 seconds
15.845: [GC (Allocation Failure)  831496K->517322K(1034752K), 0.0047449 secs]
15.850: Total time for which application threads were stopped: 0.0049178 seconds, Stopping threads took: 0.0000205 seconds
15.918: [GC (Allocation Failure)  838858K->517290K(1034752K), 0.0043438 secs]
15.923: Total time for which application threads were stopped: 0.0045148 seconds, Stopping threads took: 0.0000199 seconds
15.989: [GC (Allocation Failure)  838826K->519210K(1034752K), 0.0056402 secs]
15.995: Total time for which application threads were stopped: 0.0058332 seconds, Stopping threads took: 0.0000195 seconds
16.064: [GC (Allocation Failure)  840746K->525356K(1034752K), 0.0047164 secs]
16.069: Total time for which application threads were stopped: 0.0049080 seconds, Stopping threads took: 0.0000197 seconds
16.139: [GC (Allocation Failure)  846892K->525356K(1034752K), 0.0043894 secs]
16.144: Total time for which application threads were stopped: 0.0045639 seconds, Stopping threads took: 0.0000198 seconds
16.213: [GC (Allocation Failure)  846892K->528492K(1034752K), 0.0056283 secs]
16.218: Total time for which application threads were stopped: 0.0057999 seconds, Stopping threads took: 0.0000261 seconds
16.286: [GC (Allocation Failure)  850028K->533486K(1034752K), 0.0049101 secs]
16.291: Total time for which application threads were stopped: 0.0050801 seconds, Stopping threads took: 0.0000199 seconds
16.359: [GC (Allocation Failure)  855022K->533358K(1034752K), 0.0047272 secs]
16.364: Total time for which application threads were stopped: 0.0048980 seconds, Stopping threads took: 0.0000198 seconds
16.430: [GC (Allocation Failure)  854894K->533614K(1034752K), 0.0056300 secs]
16.436: Total time for which application threads were stopped: 0.0057901 seconds, Stopping threads took: 0.0000266 seconds
16.503: [GC (Allocation Failure)  855150K->541457K(1033728K), 0.0048481 secs]
16.508: Total time for which application threads were stopped: 0.0050124 seconds, Stopping threads took: 0.0000193 seconds
16.575: [GC (Allocation Failure)  861969K->541425K(1034240K), 0.0045134 secs]
16.580: Total time for which application threads were stopped: 0.0046868 seconds, Stopping threads took: 0.0000197 seconds
16.649: [GC (Allocation Failure)  861937K->544969K(1034752K), 0.0057148 secs]
16.655: Total time for which application threads were stopped: 0.0058876 seconds, Stopping threads took: 0.0000200 seconds
16.723: [GC (Allocation Failure)  865993K->549451K(1034240K), 0.0046825 secs]
16.728: Total time for which application threads were stopped: 0.0048883 seconds, Stopping threads took: 0.0000263 seconds
16.795: [GC (Allocation Failure)  870475K->549419K(1034752K), 0.0046435 secs]
16.800: Total time for which application threads were stopped: 0.0048415 seconds, Stopping threads took: 0.0000206 seconds
16.867: [GC (Allocation Failure)  870955K->553163K(1034752K), 0.0058762 secs]
16.873: Total time for which application threads were stopped: 0.0060403 seconds, Stopping threads took: 0.0000197 seconds
16.942: [GC (Allocation Failure)  874699K->557485K(1035264K), 0.0049235 secs]
16.947: Total time for which application threads were stopped: 0.0051011 seconds, Stopping threads took: 0.0000199 seconds
17.015: [GC (Allocation Failure)  880045K->557453K(1035264K), 0.0046937 secs]
17.020: Total time for which application threads were stopped: 0.0048870 seconds, Stopping threads took: 0.0000192 seconds
17.088: [GC (Allocation Failure)  880013K->560365K(1035264K), 0.0057394 secs]
17.094: Total time for which application threads were stopped: 0.0059094 seconds, Stopping threads took: 0.0000191 seconds
17.161: [GC (Allocation Failure)  882925K->565551K(1035264K), 0.0046783 secs]
17.166: Total time for which application threads were stopped: 0.0048559 seconds, Stopping threads took: 0.0000190 seconds
17.234: [GC (Allocation Failure)  888111K->565487K(1035264K), 0.0046846 secs]
17.239: Total time for which application threads were stopped: 0.0048562 seconds, Stopping threads took: 0.0000262 seconds
17.306: [GC (Allocation Failure)  888047K->568655K(1035264K), 0.0055932 secs]
17.311: Total time for which application threads were stopped: 0.0057525 seconds, Stopping threads took: 0.0000192 seconds
17.379: [GC (Allocation Failure)  891215K->573682K(1035264K), 0.0045877 secs]
17.384: Total time for which application threads were stopped: 0.0047597 seconds, Stopping threads took: 0.0000194 seconds
17.453: [GC (Allocation Failure)  896242K->573554K(1035264K), 0.0046475 secs]
17.458: Total time for which application threads were stopped: 0.0048044 seconds, Stopping threads took: 0.0000169 seconds
17.524: [GC (Allocation Failure)  896114K->576906K(1035264K), 0.0066208 secs]
17.531: Total time for which application threads were stopped: 0.0067944 seconds, Stopping threads took: 0.0000206 seconds
17.599: [GC (Allocation Failure)  899466K->581580K(1035264K), 0.0046665 secs]
17.604: Total time for which application threads were stopped: 0.0048361 seconds, Stopping threads took: 0.0000200 seconds
17.672: [GC (Allocation Failure)  904140K->581548K(1035264K), 0.0049245 secs]
17.677: Total time for which application threads were stopped: 0.0051018 seconds, Stopping threads took: 0.0000196 seconds
17.745: [GC (Allocation Failure)  904108K->585100K(1035264K), 0.0057457 secs]
17.751: Total time for which application threads were stopped: 0.0059435 seconds, Stopping threads took: 0.0000262 seconds
17.820: [GC (Allocation Failure)  907660K->589582K(1035264K), 0.0046290 secs]
17.825: Total time for which application threads were stopped: 0.0048039 seconds, Stopping threads took: 0.0000168 seconds
17.893: [GC (Allocation Failure)  912142K->589550K(1035264K), 0.0048838 secs]
17.898: Total time for which application threads were stopped: 0.0050449 seconds, Stopping threads took: 0.0000198 seconds
17.965: [GC (Allocation Failure)  912110K->593326K(1035776K), 0.0060800 secs]
17.971: Total time for which application threads were stopped: 0.0062631 seconds, Stopping threads took: 0.0000256 seconds
18.038: [GC (Allocation Failure)  916910K->597872K(1035776K), 0.0049012 secs]
18.043: Total time for which application threads were stopped: 0.0050750 seconds, Stopping threads took: 0.0000201 seconds
18.112: [GC (Allocation Failure)  921456K->597616K(1035776K), 0.0050461 secs]
18.118: Total time for which application threads were stopped: 0.0051943 seconds, Stopping threads took: 0.0000171 seconds
18.186: [GC (Allocation Failure)  921200K->596590K(1035776K), 0.0064031 secs]
18.192: Total time for which application threads were stopped: 0.0065625 seconds, Stopping threads took: 0.0000194 seconds
18.262: [GC (Allocation Failure)  920174K->597776K(1036288K), 0.0047259 secs]
18.267: Total time for which application threads were stopped: 0.0048921 seconds, Stopping threads took: 0.0000217 seconds
18.335: [GC (Allocation Failure)  922384K->597616K(1036288K), 0.0045877 secs]
18.340: Total time for which application threads were stopped: 0.0047604 seconds, Stopping threads took: 0.0000196 seconds
18.407: [GC (Allocation Failure)  922224K->589646K(1035264K), 0.0017579 secs]
18.409: Total time for which application threads were stopped: 0.0018982 seconds, Stopping threads took: 0.0000192 seconds
18.477: [GC (Allocation Failure)  913230K->597768K(1031680K), 0.0050063 secs]
18.482: Total time for which application threads were stopped: 0.0051911 seconds, Stopping threads took: 0.0000214 seconds
18.550: [GC (Allocation Failure)  921352K->601760K(1035776K), 0.0065529 secs]
18.557: Total time for which application threads were stopped: 0.0067523 seconds, Stopping threads took: 0.0000202 seconds
18.624: [GC (Allocation Failure)  924832K->597822K(1035264K), 0.0054720 secs]
18.630: Total time for which application threads were stopped: 0.0056304 seconds, Stopping threads took: 0.0000264 seconds
18.698: [GC (Allocation Failure)  920894K->601928K(1035776K), 0.0052625 secs]
18.703: Total time for which application threads were stopped: 0.0054154 seconds, Stopping threads took: 0.0000187 seconds
18.772: [GC (Allocation Failure)  925512K->605864K(1035776K), 0.0047148 secs]
18.776: Total time for which application threads were stopped: 0.0048820 seconds, Stopping threads took: 0.0000193 seconds
18.845: [GC (Allocation Failure)  929448K->605928K(1035776K), 0.0049072 secs]
18.850: Total time for which application threads were stopped: 0.0050772 seconds, Stopping threads took: 0.0000206 seconds
18.916: [GC (Allocation Failure)  929512K->606248K(1023488K), 0.0056196 secs]
18.921: Total time for which application threads were stopped: 0.0057887 seconds, Stopping threads took: 0.0000191 seconds
18.990: [GC (Allocation Failure)  929832K->613963K(1035264K), 0.0049295 secs]
18.995: Total time for which application threads were stopped: 0.0050948 seconds, Stopping threads took: 0.0000187 seconds
19.064: [GC (Allocation Failure)  936523K->613931K(1035264K), 0.0048082 secs]
19.069: Total time for which application threads were stopped: 0.0049833 seconds, Stopping threads took: 0.0000190 seconds
19.137: [GC (Allocation Failure)  936491K->614443K(1034240K), 0.0057256 secs]
19.143: Total time for which application threads were stopped: 0.0058863 seconds, Stopping threads took: 0.0000195 seconds
19.212: [GC (Allocation Failure)  935979K->622029K(1034752K), 0.0050719 secs]
19.218: Total time for which application threads were stopped: 0.0052385 seconds, Stopping threads took: 0.0000260 seconds
19.286: [GC (Allocation Failure)  943565K->621997K(1034752K), 0.0048202 secs]
19.291: Total time for which application threads were stopped: 0.0049880 seconds, Stopping threads took: 0.0000194 seconds
19.356: [GC (Allocation Failure)  943533K->622125K(1034752K), 0.0057480 secs]
19.362: Total time for which application threads were stopped: 0.0059188 seconds, Stopping threads took: 0.0000202 seconds
19.430: [GC (Allocation Failure)  943661K->630031K(1033728K), 0.0048670 secs]
19.435: Total time for which application threads were stopped: 0.0050542 seconds, Stopping threads took: 0.0000259 seconds
19.503: [GC (Allocation Failure)  950543K->629999K(1034240K), 0.0048284 secs]
19.508: Total time for which application threads were stopped: 0.0049974 seconds, Stopping threads took: 0.0000199 seconds
19.575: [GC (Allocation Failure)  950511K->630159K(1034240K), 0.0055912 secs]
19.581: Total time for which application threads were stopped: 0.0057603 seconds, Stopping threads took: 0.0000200 seconds
19.651: [GC (Allocation Failure)  950671K->638034K(1034240K), 0.0050419 secs]
19.656: Total time for which application threads were stopped: 0.0052328 seconds, Stopping threads took: 0.0000199 seconds
19.724: [GC (Allocation Failure)  958546K->638034K(1034240K), 0.0049298 secs]
19.729: Total time for which application threads were stopped: 0.0051098 seconds, Stopping threads took: 0.0000272 seconds
19.796: [GC (Allocation Failure)  958546K->638090K(1020416K), 0.0056677 secs]
19.802: Total time for which application threads were stopped: 0.0058519 seconds, Stopping threads took: 0.0000196 seconds
19.869: [GC (Allocation Failure)  958602K->646092K(1033728K), 0.0049244 secs]
19.874: Total time for which application threads were stopped: 0.0050903 seconds, Stopping threads took: 0.0000192 seconds
19.941: [GC (Allocation Failure)  965580K->646092K(1033728K), 0.0050740 secs]
19.946: Total time for which application threads were stopped: 0.0052470 seconds, Stopping threads took: 0.0000191 seconds
20.011: [GC (Allocation Failure)  965580K->646348K(1033728K), 0.0057528 secs]
20.017: Total time for which application threads were stopped: 0.0059104 seconds, Stopping threads took: 0.0000188 seconds
20.085: [GC (Allocation Failure)  965836K->654126K(1033728K), 0.0048327 secs]
20.090: Total time for which application threads were stopped: 0.0049979 seconds, Stopping threads took: 0.0000186 seconds
20.157: [GC (Allocation Failure)  973614K->654094K(1033728K), 0.0050734 secs]
20.163: Total time for which application threads were stopped: 0.0052547 seconds, Stopping threads took: 0.0000203 seconds
20.229: [GC (Allocation Failure)  973582K->654318K(1033728K), 0.0082968 secs]
20.237: Total time for which application threads were stopped: 0.0084666 seconds, Stopping threads took: 0.0000274 seconds
20.305: [GC (Allocation Failure)  973806K->662160K(1032704K), 0.0050751 secs]
20.310: Total time for which application threads were stopped: 0.0052683 seconds, Stopping threads took: 0.0000219 seconds
20.379: [GC (Allocation Failure)  980624K->658222K(1033216K), 0.0039007 secs]
20.383: Total time for which application threads were stopped: 0.0040749 seconds, Stopping threads took: 0.0000211 seconds
20.450: [GC (Allocation Failure)  976686K->662280K(1034752K), 0.0053327 secs]
20.456: Total time for which application threads were stopped: 0.0055118 seconds, Stopping threads took: 0.0000195 seconds
20.525: [GC (Allocation Failure)  983304K->666280K(1034240K), 0.0049872 secs]
20.530: Total time for which application threads were stopped: 0.0051671 seconds, Stopping threads took: 0.0000197 seconds
20.596: [GC (Allocation Failure)  987304K->659462K(1034752K), 0.0024255 secs]
20.599: Total time for which application threads were stopped: 0.0025845 seconds, Stopping threads took: 0.0000201 seconds
20.671: [GC (Allocation Failure)  980998K->666320K(1034752K), 0.0049047 secs]
20.676: Total time for which application threads were stopped: 0.0050982 seconds, Stopping threads took: 0.0000197 seconds
20.745: [GC (Allocation Failure)  987856K->670400K(1034752K), 0.0059588 secs]
20.751: Total time for which application threads were stopped: 0.0061414 seconds, Stopping threads took: 0.0000281 seconds
20.818: [GC (Allocation Failure)  991936K->664830K(1034752K), 0.0030139 secs]
20.821: Total time for which application threads were stopped: 0.0031884 seconds, Stopping threads took: 0.0000197 seconds
20.891: [GC (Allocation Failure)  986366K->670640K(1035776K), 0.0052239 secs]
20.897: Total time for which application threads were stopped: 0.0053939 seconds, Stopping threads took: 0.0000201 seconds
20.965: [GC (Allocation Failure)  993200K->674544K(1034752K), 0.0053710 secs]
20.970: Total time for which application threads were stopped: 0.0055347 seconds, Stopping threads took: 0.0000198 seconds
21.038: [GC (Allocation Failure)  997104K->670638K(1035776K), 0.0038967 secs]
21.042: Total time for which application threads were stopped: 0.0040601 seconds, Stopping threads took: 0.0000198 seconds
21.110: [GC (Allocation Failure)  993710K->674704K(1035264K), 0.0053599 secs]
21.115: Total time for which application threads were stopped: 0.0055289 seconds, Stopping threads took: 0.0000194 seconds
21.184: [GC (Allocation Failure)  997776K->678672K(1035264K), 0.0049449 secs]
21.189: Total time for which application threads were stopped: 0.0051009 seconds, Stopping threads took: 0.0000188 seconds
21.257: [GC (Allocation Failure)  1002256K->678672K(1035776K), 0.0046990 secs]
21.262: Total time for which application threads were stopped: 0.0048787 seconds, Stopping threads took: 0.0000201 seconds
21.330: [GC (Allocation Failure)  1002256K->678728K(1034752K), 0.0056260 secs]
21.335: Total time for which application threads were stopped: 0.0057827 seconds, Stopping threads took: 0.0000166 seconds
21.403: [GC (Allocation Failure)  1001288K->686699K(1035264K), 0.0050549 secs]
21.408: Total time for which application threads were stopped: 0.0052463 seconds, Stopping threads took: 0.0000190 seconds
21.477: [GC (Allocation Failure)  1009259K->686731K(1034240K), 0.0050522 secs]
21.482: Total time for which application threads were stopped: 0.0052006 seconds, Stopping threads took: 0.0000170 seconds
21.549: [GC (Allocation Failure)  1008267K->686763K(1034752K), 0.0058856 secs]
21.555: [Full GC (Ergonomics)  686763K->8521K(1034752K), 0.0155465 secs]
21.570: Total time for which application threads were stopped: 0.0216875 seconds, Stopping threads took: 0.0000195 seconds
21.640: [GC (Allocation Failure)  330057K->16619K(1034752K), 0.0038897 secs]
21.644: Total time for which application threads were stopped: 0.0040583 seconds, Stopping threads took: 0.0000205 seconds
21.712: [GC (Allocation Failure)  338155K->16603K(1029120K), 0.0034452 secs]
21.716: Total time for which application threads were stopped: 0.0036018 seconds, Stopping threads took: 0.0000260 seconds
21.784: [GC (Allocation Failure)  338139K->16859K(1034240K), 0.0036727 secs]
21.788: Total time for which application threads were stopped: 0.0038430 seconds, Stopping threads took: 0.0000263 seconds
21.856: [GC (Allocation Failure)  337371K->24638K(1034240K), 0.0035372 secs]
21.859: Total time for which application threads were stopped: 0.0037060 seconds, Stopping threads took: 0.0000199 seconds
21.927: [GC (Allocation Failure)  345150K->24606K(1034240K), 0.0039078 secs]
21.931: Total time for which application threads were stopped: 0.0040771 seconds, Stopping threads took: 0.0000200 seconds
21.999: [GC (Allocation Failure)  345118K->25054K(1034240K), 0.0044755 secs]
22.004: Total time for which application threads were stopped: 0.0046440 seconds, Stopping threads took: 0.0000196 seconds
22.071: [GC (Allocation Failure)  345566K->32704K(1033216K), 0.0038481 secs]
22.075: Total time for which application threads were stopped: 0.0040437 seconds, Stopping threads took: 0.0000199 seconds
22.143: [GC (Allocation Failure)  352192K->32640K(1033728K), 0.0036365 secs]
22.147: Total time for which application threads were stopped: 0.0038215 seconds, Stopping threads took: 0.0000163 seconds
22.217: [GC (Allocation Failure)  352128K->32808K(1033728K), 0.0037557 secs]
22.221: Total time for which application threads were stopped: 0.0039343 seconds, Stopping threads took: 0.0000194 seconds
22.288: [GC (Allocation Failure)  352296K->40746K(1033728K), 0.0038649 secs]
22.292: Total time for which application threads were stopped: 0.0040238 seconds, Stopping threads took: 0.0000202 seconds
22.361: [GC (Allocation Failure)  360234K->40714K(1033728K), 0.0036917 secs]
22.365: Total time for which application threads were stopped: 0.0038637 seconds, Stopping threads took: 0.0000204 seconds
22.432: [GC (Allocation Failure)  360202K->40786K(1033728K), 0.0041368 secs]
22.436: Total time for which application threads were stopped: 0.0043057 seconds, Stopping threads took: 0.0000196 seconds
22.503: [GC (Allocation Failure)  360274K->48757K(1032704K), 0.0038901 secs]
22.507: Total time for which application threads were stopped: 0.0040588 seconds, Stopping threads took: 0.0000201 seconds
22.575: [GC (Allocation Failure)  367221K->43186K(1033216K), 0.0016320 secs]
22.577: Total time for which application threads were stopped: 0.0017594 seconds, Stopping threads took: 0.0000189 seconds
22.647: [GC (Allocation Failure)  361650K->49021K(1034752K), 0.0039487 secs]
22.651: Total time for which application threads were stopped: 0.0041060 seconds, Stopping threads took: 0.0000172 seconds
22.719: [GC (Allocation Failure)  369533K->52901K(1033728K), 0.0038603 secs]
22.722: Total time for which application threads were stopped: 0.0040448 seconds, Stopping threads took: 0.0000267 seconds
22.791: [GC (Allocation Failure)  373413K->59786K(1029120K), 0.0066200 secs]
22.798: Total time for which application threads were stopped: 0.0068128 seconds, Stopping threads took: 0.0000203 seconds
22.867: [GC (Allocation Failure)  375178K->53677K(1031680K), 0.0038058 secs]
22.871: Total time for which application threads were stopped: 0.0039869 seconds, Stopping threads took: 0.0000165 seconds
22.937: [GC (Allocation Failure)  369069K->53517K(1032704K), 0.0037341 secs]
22.941: Total time for which application threads were stopped: 0.0038943 seconds, Stopping threads took: 0.0000186 seconds
23.005: [GC (Allocation Failure)  370445K->56941K(1032192K), 0.0044304 secs]
23.010: Total time for which application threads were stopped: 0.0045883 seconds, Stopping threads took: 0.0000193 seconds
23.077: [GC (Allocation Failure)  373869K->61679K(1033216K), 0.0038845 secs]
23.081: Total time for which application threads were stopped: 0.0040515 seconds, Stopping threads took: 0.0000193 seconds
23.148: [GC (Allocation Failure)  379631K->61519K(1032704K), 0.0038058 secs]
23.152: Total time for which application threads were stopped: 0.0040016 seconds, Stopping threads took: 0.0000190 seconds
23.220: [GC (Allocation Failure)  379471K->62583K(1033216K), 0.0038150 secs]
23.224: Total time for which application threads were stopped: 0.0039694 seconds, Stopping threads took: 0.0000252 seconds
23.292: [GC (Allocation Failure)  381047K->69625K(1033216K), 0.0037524 secs]
23.296: Total time for which application threads were stopped: 0.0039165 seconds, Stopping threads took: 0.0000256 seconds
23.363: [GC (Allocation Failure)  388089K->69593K(1033728K), 0.0039255 secs]
23.367: Total time for which application threads were stopped: 0.0040880 seconds, Stopping threads took: 0.0000197 seconds
23.434: [GC (Allocation Failure)  388569K->71289K(1033216K), 0.0039319 secs]
23.438: Total time for which application threads were stopped: 0.0040914 seconds, Stopping threads took: 0.0000195 seconds
23.504: [GC (Allocation Failure)  390265K->77691K(1033728K), 0.0044354 secs]
23.509: Total time for which application threads were stopped: 0.0045905 seconds, Stopping threads took: 0.0000187 seconds
23.578: [GC (Allocation Failure)  397179K->77627K(1033728K), 0.0037815 secs]
23.582: Total time for which application threads were stopped: 0.0039421 seconds, Stopping threads took: 0.0000199 seconds
23.651: [GC (Allocation Failure)  397115K->77987K(1033728K), 0.0039500 secs]
23.655: Total time for which application threads were stopped: 0.0041159 seconds, Stopping threads took: 0.0000195 seconds
23.722: [GC (Allocation Failure)  397475K->85702K(1033728K), 0.0038597 secs]
23.726: Total time for which application threads were stopped: 0.0040275 seconds, Stopping threads took: 0.0000273 seconds
23.794: [GC (Allocation Failure)  405190K->85670K(1033728K), 0.0036444 secs]
23.797: Total time for which application threads were stopped: 0.0038383 seconds, Stopping threads took: 0.0000200 seconds
23.866: [GC (Allocation Failure)  405158K->89262K(1033728K), 0.0047073 secs]
23.871: Total time for which application threads were stopped: 0.0048566 seconds, Stopping threads took: 0.0000163 seconds
23.939: [GC (Allocation Failure)  408750K->93776K(1034240K), 0.0040748 secs]
23.943: Total time for which application threads were stopped: 0.0042435 seconds, Stopping threads took: 0.0000195 seconds
24.011: [GC (Allocation Failure)  414288K->93712K(1034240K), 0.0037417 secs]
24.015: Total time for which application threads were stopped: 0.0039015 seconds, Stopping threads took: 0.0000204 seconds
24.082: [GC (Allocation Failure)  414224K->94440K(1034240K), 0.0038331 secs]
24.086: Total time for which application threads were stopped: 0.0039939 seconds, Stopping threads took: 0.0000202 seconds
24.153: [GC (Allocation Failure)  414952K->101738K(1034240K), 0.0040164 secs]
24.158: Total time for which application threads were stopped: 0.0042018 seconds, Stopping threads took: 0.0000206 seconds
24.225: [GC (Allocation Failure)  422250K->101770K(1034240K), 0.0037354 secs]
24.229: Total time for which application threads were stopped: 0.0039044 seconds, Stopping threads took: 0.0000276 seconds
24.296: [GC (Allocation Failure)  422282K->102666K(1034240K), 0.0040288 secs]
24.300: Total time for which application threads were stopped: 0.0041904 seconds, Stopping threads took: 0.0000200 seconds
24.367: [GC (Allocation Failure)  423178K->109804K(1034240K), 0.0040256 secs]
24.372: Total time for which application threads were stopped: 0.0041848 seconds, Stopping threads took: 0.0000205 seconds
24.439: [GC (Allocation Failure)  430316K->109772K(1034240K), 0.0038986 secs]
24.443: Total time for which application threads were stopped: 0.0040659 seconds, Stopping threads took: 0.0000193 seconds
24.510: [GC (Allocation Failure)  430284K->110924K(1034240K), 0.0041744 secs]
24.514: Total time for which application threads were stopped: 0.0043534 seconds, Stopping threads took: 0.0000195 seconds
24.582: [GC (Allocation Failure)  431436K->117807K(1034240K), 0.0040365 secs]
24.586: Total time for which application threads were stopped: 0.0042033 seconds, Stopping threads took: 0.0000195 seconds
24.654: [GC (Allocation Failure)  438319K->117807K(1034240K), 0.0039614 secs]
24.658: Total time for which application threads were stopped: 0.0041307 seconds, Stopping threads took: 0.0000192 seconds
24.727: [GC (Allocation Failure)  438319K->118119K(1020416K), 0.0038824 secs]
24.731: Total time for which application threads were stopped: 0.0040335 seconds, Stopping threads took: 0.0000251 seconds
24.799: [GC (Allocation Failure)  438631K->125897K(1033728K), 0.0040522 secs]
24.803: Total time for which application threads were stopped: 0.0042115 seconds, Stopping threads took: 0.0000196 seconds
24.872: [GC (Allocation Failure)  445385K->125833K(1033728K), 0.0039494 secs]
24.876: Total time for which application threads were stopped: 0.0041168 seconds, Stopping threads took: 0.0000198 seconds
24.941: [GC (Allocation Failure)  445321K->126377K(1033728K), 0.0039812 secs]
24.946: Total time for which application threads were stopped: 0.0042017 seconds, Stopping threads took: 0.0000192 seconds
25.013: [GC (Allocation Failure)  445865K->133899K(1033728K), 0.0040057 secs]
25.018: Total time for which application threads were stopped: 0.0041876 seconds, Stopping threads took: 0.0000166 seconds
25.085: [GC (Allocation Failure)  453387K->133899K(1033728K), 0.0039922 secs]
25.089: Total time for which application threads were stopped: 0.0041599 seconds, Stopping threads took: 0.0000192 seconds
25.154: [GC (Allocation Failure)  453387K->134603K(1033728K), 0.0039992 secs]
25.159: Total time for which application threads were stopped: 0.0041799 seconds, Stopping threads took: 0.0000204 seconds
25.226: [GC (Allocation Failure)  454091K->141901K(1033728K), 0.0044791 secs]
25.231: Total time for which application threads were stopped: 0.0046529 seconds, Stopping threads took: 0.0000198 seconds
25.298: [GC (Allocation Failure)  461389K->141933K(1033728K), 0.0038102 secs]
25.302: Total time for which application threads were stopped: 0.0040111 seconds, Stopping threads took: 0.0000274 seconds
25.370: [GC (Allocation Failure)  461421K->143917K(1033728K), 0.0041170 secs]
25.374: Total time for which application threads were stopped: 0.0042732 seconds, Stopping threads took: 0.0000169 seconds
25.442: [GC (Allocation Failure)  463405K->149936K(1033728K), 0.0038067 secs]
25.446: Total time for which application threads were stopped: 0.0040144 seconds, Stopping threads took: 0.0000190 seconds
25.514: [GC (Allocation Failure)  469424K->149936K(1033728K), 0.0040830 secs]
25.518: Total time for which application threads were stopped: 0.0042536 seconds, Stopping threads took: 0.0000206 seconds
25.584: [GC (Allocation Failure)  469424K->151048K(1033728K), 0.0040170 secs]
25.588: Total time for which application threads were stopped: 0.0041770 seconds, Stopping threads took: 0.0000201 seconds
25.656: [GC (Allocation Failure)  470536K->157962K(1033728K), 0.0040396 secs]
25.661: Total time for which application threads were stopped: 0.0042093 seconds, Stopping threads took: 0.0000195 seconds
25.728: [GC (Allocation Failure)  477450K->157962K(1033728K), 0.0039619 secs]
25.732: Total time for which application threads were stopped: 0.0041362 seconds, Stopping threads took: 0.0000266 seconds
25.797: [GC (Allocation Failure)  477450K->158314K(1033728K), 0.0041114 secs]
25.801: Total time for which application threads were stopped: 0.0042829 seconds, Stopping threads took: 0.0000193 seconds
25.871: [GC (Allocation Failure)  477802K->166028K(1033728K), 0.0039902 secs]
25.875: Total time for which application threads were stopped: 0.0041479 seconds, Stopping threads took: 0.0000196 seconds
25.942: [GC (Allocation Failure)  485516K->165996K(1033728K), 0.0040541 secs]
25.946: Total time for which application threads were stopped: 0.0042517 seconds, Stopping threads took: 0.0000248 seconds
26.012: [GC (Allocation Failure)  485484K->166548K(1033728K), 0.0052367 secs]
26.017: Total time for which application threads were stopped: 0.0054172 seconds, Stopping threads took: 0.0000192 seconds
26.086: [GC (Allocation Failure)  486036K->174070K(1033728K), 0.0039763 secs]
26.090: Total time for which application threads were stopped: 0.0041675 seconds, Stopping threads took: 0.0000192 seconds
26.159: [GC (Allocation Failure)  493558K->174038K(1033728K), 0.0041928 secs]
26.163: Total time for which application threads were stopped: 0.0043385 seconds, Stopping threads took: 0.0000171 seconds
26.229: [GC (Allocation Failure)  493526K->174766K(1033728K), 0.0040241 secs]
26.233: Total time for which application threads were stopped: 0.0041848 seconds, Stopping threads took: 0.0000262 seconds
26.301: [GC (Allocation Failure)  494254K->182065K(1033728K), 0.0039525 secs]
26.305: Total time for which application threads were stopped: 0.0041159 seconds, Stopping threads took: 0.0000204 seconds
26.372: [GC (Allocation Failure)  501553K->182065K(1033728K), 0.0039612 secs]
26.376: Total time for which application threads were stopped: 0.0041339 seconds, Stopping threads took: 0.0000197 seconds
26.442: [GC (Allocation Failure)  501553K->182993K(1033728K), 0.0048400 secs]
26.446: Total time for which application threads were stopped: 0.0050153 seconds, Stopping threads took: 0.0000334 seconds
26.514: [GC (Allocation Failure)  502481K->190099K(1033728K), 0.0039348 secs]
26.518: Total time for which application threads were stopped: 0.0041047 seconds, Stopping threads took: 0.0000202 seconds
26.585: [GC (Allocation Failure)  509587K->190099K(1033728K), 0.0040211 secs]
26.589: Total time for which application threads were stopped: 0.0041897 seconds, Stopping threads took: 0.0000196 seconds
26.656: [GC (Allocation Failure)  509587K->190187K(1033728K), 0.0041138 secs]
26.660: Total time for which application threads were stopped: 0.0042973 seconds, Stopping threads took: 0.0000189 seconds
26.728: [GC (Allocation Failure)  509675K->198093K(1027072K), 0.0048719 secs]
26.733: Total time for which application threads were stopped: 0.0050331 seconds, Stopping threads took: 0.0000255 seconds
26.799: [GC (Allocation Failure)  517581K->198125K(1033216K), 0.0047595 secs]
26.804: Total time for which application threads were stopped: 0.0049180 seconds, Stopping threads took: 0.0000189 seconds
26.873: [GC (Allocation Failure)  516589K->198477K(1033216K), 0.0039491 secs]
26.877: Total time for which application threads were stopped: 0.0041079 seconds, Stopping threads took: 0.0000191 seconds
26.944: [GC (Allocation Failure)  516941K->206160K(1033216K), 0.0040716 secs]
26.948: Total time for which application threads were stopped: 0.0042423 seconds, Stopping threads took: 0.0000203 seconds
27.014: [GC (Allocation Failure)  524624K->206160K(1033216K), 0.0042524 secs]
27.019: Total time for which application threads were stopped: 0.0044226 seconds, Stopping threads took: 0.0000194 seconds
27.084: [GC (Allocation Failure)  524624K->206696K(1033216K), 0.0038972 secs]
27.088: Total time for which application threads were stopped: 0.0040496 seconds, Stopping threads took: 0.0000198 seconds
27.154: [GC (Allocation Failure)  525160K->214186K(1033216K), 0.0041563 secs]
27.158: Total time for which application threads were stopped: 0.0043048 seconds, Stopping threads took: 0.0000170 seconds
27.227: [GC (Allocation Failure)  532650K->214186K(1033216K), 0.0038587 secs]
27.231: Total time for which application threads were stopped: 0.0040288 seconds, Stopping threads took: 0.0000260 seconds
27.295: [GC (Allocation Failure)  532650K->214378K(1033216K), 0.0048303 secs]
27.300: Total time for which application threads were stopped: 0.0050038 seconds, Stopping threads took: 0.0000200 seconds
27.366: [GC (Allocation Failure)  532842K->222220K(1033216K), 0.0041587 secs]
27.370: Total time for which application threads were stopped: 0.0043156 seconds, Stopping threads took: 0.0000190 seconds
27.438: [GC (Allocation Failure)  540684K->222220K(1033216K), 0.0039754 secs]
27.442: Total time for which application threads were stopped: 0.0041358 seconds, Stopping threads took: 0.0000192 seconds
27.509: [GC (Allocation Failure)  540684K->222380K(1033216K), 0.0042553 secs]
27.513: Total time for which application threads were stopped: 0.0044291 seconds, Stopping threads took: 0.0000206 seconds
27.580: [GC (Allocation Failure)  540844K->230286K(1033216K), 0.0041212 secs]
27.585: Total time for which application threads were stopped: 0.0042933 seconds, Stopping threads took: 0.0000198 seconds
27.652: [GC (Allocation Failure)  548750K->230286K(1033216K), 0.0043109 secs]
27.657: Total time for which application threads were stopped: 0.0044608 seconds, Stopping threads took: 0.0000170 seconds
27.721: [GC (Allocation Failure)  548750K->230310K(1033216K), 0.0040142 secs]
27.725: Total time for which application threads were stopped: 0.0041873 seconds, Stopping threads took: 0.0000272 seconds
27.795: [GC (Allocation Failure)  548774K->238249K(1033216K), 0.0039965 secs]
27.799: Total time for which application threads were stopped: 0.0041779 seconds, Stopping threads took: 0.0000164 seconds
27.867: [GC (Allocation Failure)  556713K->238281K(1033216K), 0.0041830 secs]
27.871: Total time for which application threads were stopped: 0.0043371 seconds, Stopping threads took: 0.0000163 seconds
27.936: [GC (Allocation Failure)  556745K->238537K(1033216K), 0.0042168 secs]
27.940: Total time for which application threads were stopped: 0.0043791 seconds, Stopping threads took: 0.0000195 seconds
28.007: [GC (Allocation Failure)  557001K->246315K(1033216K), 0.0041632 secs]
28.011: Total time for which application threads were stopped: 0.0043577 seconds, Stopping threads took: 0.0000194 seconds
28.080: [GC (Allocation Failure)  564779K->246347K(1033216K), 0.0041045 secs]
28.084: Total time for which application threads were stopped: 0.0042774 seconds, Stopping threads took: 0.0000198 seconds
28.150: [GC (Allocation Failure)  564811K->246571K(1033216K), 0.0042058 secs]
28.154: Total time for which application threads were stopped: 0.0043767 seconds, Stopping threads took: 0.0000166 seconds
28.222: [GC (Allocation Failure)  565035K->254381K(1033216K), 0.0040963 secs]
28.226: Total time for which application threads were stopped: 0.0042572 seconds, Stopping threads took: 0.0000265 seconds
28.293: [GC (Allocation Failure)  572845K->250475K(1033216K), 0.0029953 secs]
28.296: Total time for which application threads were stopped: 0.0032342 seconds, Stopping threads took: 0.0000199 seconds
28.362: [GC (Allocation Failure)  568939K->254509K(1034752K), 0.0044723 secs]
28.366: Total time for which application threads were stopped: 0.0046369 seconds, Stopping threads took: 0.0000201 seconds
28.435: [GC (Allocation Failure)  575021K->258477K(1033728K), 0.0041510 secs]
28.440: Total time for which application threads were stopped: 0.0043332 seconds, Stopping threads took: 0.0000201 seconds
28.508: [GC (Allocation Failure)  578989K->250667K(1034240K), 0.0011339 secs]
28.509: Total time for which application threads were stopped: 0.0012498 seconds, Stopping threads took: 0.0000189 seconds
28.580: [GC (Allocation Failure)  571179K->258573K(1034240K), 0.0041795 secs]
28.584: Total time for which application threads were stopped: 0.0043384 seconds, Stopping threads took: 0.0000194 seconds
28.652: [GC (Allocation Failure)  579085K->262621K(1033216K), 0.0057935 secs]
28.658: Total time for which application threads were stopped: 0.0059595 seconds, Stopping threads took: 0.0000194 seconds
28.726: [GC (Allocation Failure)  582109K->268315K(1032704K), 0.0065258 secs]
28.733: Total time for which application threads were stopped: 0.0066821 seconds, Stopping threads took: 0.0000250 seconds
28.800: [GC (Allocation Failure)  587803K->262877K(1031680K), 0.0041033 secs]
28.804: Total time for which application threads were stopped: 0.0042764 seconds, Stopping threads took: 0.0000252 seconds
28.873: [GC (Allocation Failure)  579293K->262621K(1032192K), 0.0040708 secs]
28.877: Total time for which application threads were stopped: 0.0042451 seconds, Stopping threads took: 0.0000201 seconds
28.943: [GC (Allocation Failure)  579037K->257275K(1032704K), 0.0019920 secs]
28.945: Total time for which application threads were stopped: 0.0021403 seconds, Stopping threads took: 0.0000191 seconds
29.011: [GC (Allocation Failure)  574715K->262813K(1032704K), 0.0041302 secs]
29.016: Total time for which application threads were stopped: 0.0042876 seconds, Stopping threads took: 0.0000193 seconds
29.084: [GC (Allocation Failure)  580253K->262621K(1033216K), 0.0043749 secs]
29.089: Total time for which application threads were stopped: 0.0045331 seconds, Stopping threads took: 0.0000191 seconds
29.155: [GC (Allocation Failure)  580573K->262981K(1032704K), 0.0043642 secs]
29.159: Total time for which application threads were stopped: 0.0045344 seconds, Stopping threads took: 0.0000192 seconds
29.226: [GC (Allocation Failure)  580933K->270663K(1033216K), 0.0040548 secs]
29.230: Total time for which application threads were stopped: 0.0042148 seconds, Stopping threads took: 0.0000261 seconds
29.298: [GC (Allocation Failure)  589127K->270663K(1033216K), 0.0041826 secs]
29.302: Total time for which application threads were stopped: 0.0043397 seconds, Stopping threads took: 0.0000192 seconds
29.367: [GC (Allocation Failure)  589127K->274791K(1033728K), 0.0050832 secs]
29.372: Total time for which application threads were stopped: 0.0052577 seconds, Stopping threads took: 0.0000200 seconds
29.440: [GC (Allocation Failure)  593767K->278762K(1033216K), 0.0038818 secs]
29.444: Total time for which application threads were stopped: 0.0040769 seconds, Stopping threads took: 0.0000201 seconds
29.513: [GC (Allocation Failure)  597738K->278698K(1034240K), 0.0042603 secs]
29.517: Total time for which application threads were stopped: 0.0044423 seconds, Stopping threads took: 0.0000171 seconds
29.586: [GC (Allocation Failure)  599210K->282026K(1034240K), 0.0049477 secs]
29.591: Total time for which application threads were stopped: 0.0051091 seconds, Stopping threads took: 0.0000193 seconds
29.660: [GC (Allocation Failure)  602538K->286764K(1034240K), 0.0041074 secs]
29.664: Total time for which application threads were stopped: 0.0042765 seconds, Stopping threads took: 0.0000202 seconds
29.732: [GC (Allocation Failure)  607276K->286732K(1034240K), 0.0040930 secs]
29.736: Total time for which application threads were stopped: 0.0042552 seconds, Stopping threads took: 0.0000255 seconds
29.802: [GC (Allocation Failure)  607244K->288204K(1033728K), 0.0043076 secs]
29.807: Total time for which application threads were stopped: 0.0044994 seconds, Stopping threads took: 0.0000190 seconds
29.876: [GC (Allocation Failure)  608716K->294766K(1034240K), 0.0043303 secs]
29.881: Total time for which application threads were stopped: 0.0044799 seconds, Stopping threads took: 0.0000174 seconds
29.948: [GC (Allocation Failure)  615278K->294798K(1034752K), 0.0041642 secs]
29.953: Total time for which application threads were stopped: 0.0043322 seconds, Stopping threads took: 0.0000190 seconds
30.019: [GC (Allocation Failure)  615822K->294894K(1034240K), 0.0044207 secs]
30.023: Total time for which application threads were stopped: 0.0045932 seconds, Stopping threads took: 0.0000197 seconds
30.090: [GC (Allocation Failure)  615918K->302832K(1034240K), 0.0040852 secs]
30.094: Total time for which application threads were stopped: 0.0042567 seconds, Stopping threads took: 0.0000195 seconds
30.160: [GC (Allocation Failure)  623344K->302832K(1034240K), 0.0044057 secs]
30.165: Total time for which application threads were stopped: 0.0046065 seconds, Stopping threads took: 0.0000262 seconds
30.234: [GC (Allocation Failure)  623344K->305672K(1034240K), 0.0046161 secs]
30.238: Total time for which application threads were stopped: 0.0047773 seconds, Stopping threads took: 0.0000199 seconds
30.308: [GC (Allocation Failure)  626184K->310955K(1034240K), 0.0040830 secs]
30.312: Total time for which application threads were stopped: 0.0042553 seconds, Stopping threads took: 0.0000196 seconds
30.381: [GC (Allocation Failure)  631467K->310827K(1034752K), 0.0041802 secs]
30.385: Total time for which application threads were stopped: 0.0043577 seconds, Stopping threads took: 0.0000200 seconds
30.453: [GC (Allocation Failure)  631851K->312395K(1034240K), 0.0044286 secs]
30.458: Total time for which application threads were stopped: 0.0045918 seconds, Stopping threads took: 0.0000199 seconds
30.525: [GC (Allocation Failure)  633419K->318925K(1034240K), 0.0043110 secs]
30.530: Total time for which application threads were stopped: 0.0044992 seconds, Stopping threads took: 0.0000206 seconds
30.597: [GC (Allocation Failure)  639437K->318861K(1034240K), 0.0041141 secs]
30.601: Total time for which application threads were stopped: 0.0042918 seconds, Stopping threads took: 0.0000209 seconds
30.670: [GC (Allocation Failure)  639373K->319117K(1034240K), 0.0041663 secs]
30.674: Total time for which application threads were stopped: 0.0043345 seconds, Stopping threads took: 0.0000201 seconds
30.742: [GC (Allocation Failure)  639629K->326895K(1034240K), 0.0043758 secs]
30.746: Total time for which application threads were stopped: 0.0045518 seconds, Stopping threads took: 0.0000277 seconds
30.814: [GC (Allocation Failure)  647407K->326895K(1034240K), 0.0042461 secs]
30.818: Total time for which application threads were stopped: 0.0044388 seconds, Stopping threads took: 0.0000200 seconds
30.887: [GC (Allocation Failure)  647407K->329351K(1034240K), 0.0045582 secs]
30.891: Total time for which application threads were stopped: 0.0047095 seconds, Stopping threads took: 0.0000171 seconds
30.959: [GC (Allocation Failure)  649863K->334954K(1034240K), 0.0044687 secs]
30.964: Total time for which application threads were stopped: 0.0046266 seconds, Stopping threads took: 0.0000196 seconds
31.031: [GC (Allocation Failure)  655466K->334922K(1034240K), 0.0043543 secs]
31.036: Total time for which application threads were stopped: 0.0045233 seconds, Stopping threads took: 0.0000199 seconds
31.102: [GC (Allocation Failure)  655434K->335530K(1034240K), 0.0043549 secs]
31.107: Total time for which application threads were stopped: 0.0045231 seconds, Stopping threads took: 0.0000204 seconds
31.175: [GC (Allocation Failure)  656042K->342988K(1034240K), 0.0044615 secs]
31.179: Total time for which application threads were stopped: 0.0046194 seconds, Stopping threads took: 0.0000199 seconds
31.247: [GC (Allocation Failure)  663500K->342956K(1034240K), 0.0047097 secs]
31.252: Total time for which application threads were stopped: 0.0048737 seconds, Stopping threads took: 0.0000191 seconds
31.320: [GC (Allocation Failure)  663468K->343788K(1034240K), 0.0043408 secs]
31.325: Total time for which application threads were stopped: 0.0044923 seconds, Stopping threads took: 0.0000175 seconds
31.393: [GC (Allocation Failure)  664300K->351086K(1034240K), 0.0046242 secs]
31.397: Total time for which application threads were stopped: 0.0048173 seconds, Stopping threads took: 0.0000195 seconds
31.465: [GC (Allocation Failure)  671598K->350990K(1034240K), 0.0044147 secs]
31.470: Total time for which application threads were stopped: 0.0045793 seconds, Stopping threads took: 0.0000205 seconds
31.537: [GC (Allocation Failure)  671502K->352014K(1034240K), 0.0044397 secs]
31.541: Total time for which application threads were stopped: 0.0046327 seconds, Stopping threads took: 0.0000200 seconds
31.612: [GC (Allocation Failure)  672526K->359056K(1028096K), 0.0053171 secs]
31.617: Total time for which application threads were stopped: 0.0054899 seconds, Stopping threads took: 0.0000259 seconds
31.685: [GC (Allocation Failure)  679568K->359024K(1033728K), 0.0044580 secs]
31.690: Total time for which application threads were stopped: 0.0046358 seconds, Stopping threads took: 0.0000199 seconds
31.758: [GC (Allocation Failure)  678512K->359248K(1033728K), 0.0044163 secs]
31.763: Total time for which application threads were stopped: 0.0045966 seconds, Stopping threads took: 0.0000290 seconds
31.832: [GC (Allocation Failure)  678736K->367123K(1033728K), 0.0042815 secs]
31.836: Total time for which application threads were stopped: 0.0044475 seconds, Stopping threads took: 0.0000201 seconds
31.903: [GC (Allocation Failure)  686611K->367059K(1033728K), 0.0044006 secs]
31.908: Total time for which application threads were stopped: 0.0045595 seconds, Stopping threads took: 0.0000193 seconds
31.974: [GC (Allocation Failure)  686547K->368491K(1033728K), 0.0043824 secs]
31.978: Total time for which application threads were stopped: 0.0045415 seconds, Stopping threads took: 0.0000195 seconds
32.047: [GC (Allocation Failure)  687979K->375117K(1033728K), 0.0044342 secs]
32.052: Total time for which application threads were stopped: 0.0046158 seconds, Stopping threads took: 0.0000196 seconds
32.120: [GC (Allocation Failure)  694605K->375053K(1033728K), 0.0042889 secs]
32.124: Total time for which application threads were stopped: 0.0044609 seconds, Stopping threads took: 0.0000188 seconds
32.192: [GC (Allocation Failure)  694541K->375725K(1033728K), 0.0045940 secs]
32.196: Total time for which application threads were stopped: 0.0047495 seconds, Stopping threads took: 0.0000167 seconds
32.264: [GC (Allocation Failure)  695213K->383119K(1033728K), 0.0042381 secs]
32.269: Total time for which application threads were stopped: 0.0044054 seconds, Stopping threads took: 0.0000263 seconds
32.335: [GC (Allocation Failure)  702607K->383087K(1033728K), 0.0042370 secs]
32.340: Total time for which application threads were stopped: 0.0044183 seconds, Stopping threads took: 0.0000258 seconds
32.405: [GC (Allocation Failure)  702575K->383175K(1033728K), 0.0043065 secs]
32.410: Total time for which application threads were stopped: 0.0044741 seconds, Stopping threads took: 0.0000198 seconds
32.477: [GC (Allocation Failure)  702663K->391145K(1033728K), 0.0043891 secs]
32.482: Total time for which application threads were stopped: 0.0045581 seconds, Stopping threads took: 0.0000196 seconds
32.548: [GC (Allocation Failure)  710633K->391145K(1033728K), 0.0044811 secs]
32.553: Total time for which application threads were stopped: 0.0046498 seconds, Stopping threads took: 0.0000197 seconds
32.619: [GC (Allocation Failure)  710633K->392161K(1033728K), 0.0053770 secs]
32.625: Total time for which application threads were stopped: 0.0055714 seconds, Stopping threads took: 0.0000258 seconds
32.694: [GC (Allocation Failure)  711649K->399140K(1033728K), 0.0042885 secs]
32.698: Total time for which application threads were stopped: 0.0044382 seconds, Stopping threads took: 0.0000167 seconds
32.766: [GC (Allocation Failure)  718628K->399140K(1033728K), 0.0041763 secs]
32.770: Total time for which application threads were stopped: 0.0043390 seconds, Stopping threads took: 0.0000199 seconds
32.837: [GC (Allocation Failure)  718628K->399396K(1033728K), 0.0046146 secs]
32.842: Total time for which application threads were stopped: 0.0047991 seconds, Stopping threads took: 0.0000200 seconds
32.909: [GC (Allocation Failure)  718884K->407206K(1033728K), 0.0045287 secs]
32.914: Total time for which application threads were stopped: 0.0047183 seconds, Stopping threads took: 0.0000216 seconds
32.981: [GC (Allocation Failure)  726694K->407238K(1033728K), 0.0052804 secs]
32.987: Total time for which application threads were stopped: 0.0054557 seconds, Stopping threads took: 0.0000219 seconds
33.053: [GC (Allocation Failure)  726726K->407630K(1019392K), 0.0045708 secs]
33.058: Total time for which application threads were stopped: 0.0047407 seconds, Stopping threads took: 0.0000191 seconds
33.127: [GC (Allocation Failure)  727118K->415248K(1033216K), 0.0043224 secs]
33.132: Total time for which application threads were stopped: 0.0044826 seconds, Stopping threads took: 0.0000198 seconds
33.199: [GC (Allocation Failure)  733712K->415280K(1033216K), 0.0043708 secs]
33.203: Total time for which application threads were stopped: 0.0045428 seconds, Stopping threads took: 0.0000187 seconds
33.270: [GC (Allocation Failure)  733744K->415848K(1033216K), 0.0045572 secs]
33.275: Total time for which application threads were stopped: 0.0047264 seconds, Stopping threads took: 0.0000259 seconds
33.341: [GC (Allocation Failure)  734312K->423306K(1033216K), 0.0043051 secs]
33.345: Total time for which application threads were stopped: 0.0045021 seconds, Stopping threads took: 0.0000202 seconds
33.413: [GC (Allocation Failure)  741770K->423274K(1033216K), 0.0046166 secs]
33.418: Total time for which application threads were stopped: 0.0048178 seconds, Stopping threads took: 0.0000190 seconds
33.484: [GC (Allocation Failure)  741738K->424106K(1033216K), 0.0046721 secs]
33.488: Total time for which application threads were stopped: 0.0048371 seconds, Stopping threads took: 0.0000190 seconds
33.556: [GC (Allocation Failure)  742570K->431309K(1033216K), 0.0044290 secs]
33.560: Total time for which application threads were stopped: 0.0046069 seconds, Stopping threads took: 0.0000191 seconds
33.627: [GC (Allocation Failure)  749773K->431309K(1033216K), 0.0050732 secs]
33.632: Total time for which application threads were stopped: 0.0052345 seconds, Stopping threads took: 0.0000165 seconds
33.698: [GC (Allocation Failure)  749773K->432325K(1033728K), 0.0049178 secs]
33.703: Total time for which application threads were stopped: 0.0050912 seconds, Stopping threads took: 0.0000197 seconds
33.772: [GC (Allocation Failure)  751301K->439367K(1033216K), 0.0045452 secs]
33.776: Total time for which application threads were stopped: 0.0047128 seconds, Stopping threads took: 0.0000191 seconds
33.843: [GC (Allocation Failure)  758343K->439367K(1033216K), 0.0044812 secs]
33.848: Total time for which application threads were stopped: 0.0046444 seconds, Stopping threads took: 0.0000197 seconds
33.912: [GC (Allocation Failure)  757831K->439495K(1033216K), 0.0044162 secs]
33.917: Total time for which application threads were stopped: 0.0045904 seconds, Stopping threads took: 0.0000193 seconds
33.986: [GC (Allocation Failure)  757959K->447369K(1033216K), 0.0047377 secs]
33.991: Total time for which application threads were stopped: 0.0049227 seconds, Stopping threads took: 0.0000194 seconds
34.057: [GC (Allocation Failure)  765833K->447337K(1033216K), 0.0044734 secs]
34.061: Total time for which application threads were stopped: 0.0046372 seconds, Stopping threads took: 0.0000199 seconds
34.126: [GC (Allocation Failure)  765801K->447785K(1033216K), 0.0045027 secs]
34.131: Total time for which application threads were stopped: 0.0046726 seconds, Stopping threads took: 0.0000194 seconds
34.198: [GC (Allocation Failure)  766249K->455404K(1033216K), 0.0044504 secs]
34.203: Total time for which application threads were stopped: 0.0046446 seconds, Stopping threads took: 0.0000198 seconds
34.271: [GC (Allocation Failure)  773868K->455404K(1033216K), 0.0044221 secs]
34.275: Total time for which application threads were stopped: 0.0046237 seconds, Stopping threads took: 0.0000269 seconds
34.341: [GC (Allocation Failure)  773868K->455468K(1033216K), 0.0044319 secs]
34.346: Total time for which application threads were stopped: 0.0046237 seconds, Stopping threads took: 0.0000191 seconds
34.413: [GC (Allocation Failure)  773932K->463470K(1033216K), 0.0046093 secs]
34.417: Total time for which application threads were stopped: 0.0047929 seconds, Stopping threads took: 0.0000188 seconds
34.485: [GC (Allocation Failure)  781934K->463438K(1033216K), 0.0044793 secs]
34.489: Total time for which application threads were stopped: 0.0046432 seconds, Stopping threads took: 0.0000194 seconds
34.554: [GC (Allocation Failure)  781902K->463694K(1033216K), 0.0045834 secs]
34.558: Total time for which application threads were stopped: 0.0047624 seconds, Stopping threads took: 0.0000203 seconds
34.628: [GC (Allocation Failure)  782158K->471472K(1033216K), 0.0046550 secs]
34.633: Total time for which application threads were stopped: 0.0048183 seconds, Stopping threads took: 0.0000164 seconds
34.699: [GC (Allocation Failure)  789936K->471472K(1033216K), 0.0047654 secs]
34.704: Total time for which application threads were stopped: 0.0049327 seconds, Stopping threads took: 0.0000195 seconds
34.771: [GC (Allocation Failure)  789936K->471528K(1033216K), 0.0044267 secs]
34.776: Total time for which application threads were stopped: 0.0046041 seconds, Stopping threads took: 0.0000276 seconds
34.843: [GC (Allocation Failure)  789992K->479498K(1033216K), 0.0046773 secs]
34.848: Total time for which application threads were stopped: 0.0048389 seconds, Stopping threads took: 0.0000201 seconds
34.914: [GC (Allocation Failure)  797962K->479466K(1033216K), 0.0046109 secs]
34.918: Total time for which application threads were stopped: 0.0047763 seconds, Stopping threads took: 0.0000191 seconds
34.983: [GC (Allocation Failure)  797930K->479658K(1033216K), 0.0046743 secs]
34.988: Total time for which application threads were stopped: 0.0048338 seconds, Stopping threads took: 0.0000192 seconds
35.057: [GC (Allocation Failure)  798122K->487533K(1033216K), 0.0045891 secs]
35.062: Total time for which application threads were stopped: 0.0048116 seconds, Stopping threads took: 0.0000602 seconds
35.128: [GC (Allocation Failure)  805997K->480266K(1033216K), 0.0018273 secs]
35.130: Total time for which application threads were stopped: 0.0019630 seconds, Stopping threads took: 0.0000193 seconds
35.198: [GC (Allocation Failure)  798730K->487597K(1033216K), 0.0046975 secs]
35.203: Total time for which application threads were stopped: 0.0048804 seconds, Stopping threads took: 0.0000202 seconds
35.269: [GC (Allocation Failure)  806061K->491685K(1033216K), 0.0056674 secs]
35.275: Total time for which application threads were stopped: 0.0058365 seconds, Stopping threads took: 0.0000285 seconds
35.342: [GC (Allocation Failure)  810149K->492802K(1027072K), 0.0050900 secs]
35.348: Total time for which application threads were stopped: 0.0052543 seconds, Stopping threads took: 0.0000196 seconds
35.416: [GC (Allocation Failure)  811266K->491717K(1033216K), 0.0046196 secs]
35.420: Total time for which application threads were stopped: 0.0047831 seconds, Stopping threads took: 0.0000198 seconds
35.488: [GC (Allocation Failure)  809669K->491717K(1032704K), 0.0044095 secs]
35.492: Total time for which application threads were stopped: 0.0045818 seconds, Stopping threads took: 0.0000202 seconds
35.558: [GC (Allocation Failure)  809669K->483810K(1033216K), 0.0014378 secs]
35.560: Total time for which application threads were stopped: 0.0015824 seconds, Stopping threads took: 0.0000274 seconds
35.628: [GC (Allocation Failure)  802274K->491909K(1033216K), 0.0045706 secs]
35.632: Total time for which application threads were stopped: 0.0047292 seconds, Stopping threads took: 0.0000145 seconds
35.699: [GC (Allocation Failure)  810373K->491685K(1033216K), 0.0044542 secs]
35.703: Total time for which application threads were stopped: 0.0046492 seconds, Stopping threads took: 0.0000200 seconds
35.768: [GC (Allocation Failure)  810149K->492037K(1033216K), 0.0048748 secs]
35.773: Total time for which application threads were stopped: 0.0050518 seconds, Stopping threads took: 0.0000271 seconds
35.841: [GC (Allocation Failure)  810501K->499751K(1033216K), 0.0047905 secs]
35.845: Total time for which application threads were stopped: 0.0049718 seconds, Stopping threads took: 0.0000198 seconds
35.911: [GC (Allocation Failure)  818215K->499719K(1033216K), 0.0048035 secs]
35.916: Total time for which application threads were stopped: 0.0049618 seconds, Stopping threads took: 0.0000196 seconds
35.980: [GC (Allocation Failure)  818183K->500263K(1033216K), 0.0045949 secs]
35.985: Total time for which application threads were stopped: 0.0047585 seconds, Stopping threads took: 0.0000196 seconds
36.053: [GC (Allocation Failure)  818727K->507849K(1033216K), 0.0046613 secs]
36.058: Total time for which application threads were stopped: 0.0048289 seconds, Stopping threads took: 0.0000195 seconds
36.125: [GC (Allocation Failure)  826313K->507753K(1033216K), 0.0045558 secs]
36.130: Total time for which application threads were stopped: 0.0047459 seconds, Stopping threads took: 0.0000196 seconds
36.194: [GC (Allocation Failure)  826217K->508521K(1033216K), 0.0047540 secs]
36.199: Total time for which application threads were stopped: 0.0049263 seconds, Stopping threads took: 0.0000193 seconds
36.267: [GC (Allocation Failure)  826985K->515851K(1033216K), 0.0045987 secs]
36.272: Total time for which application threads were stopped: 0.0047724 seconds, Stopping threads took: 0.0000263 seconds
36.339: [GC (Allocation Failure)  834315K->515787K(1033216K), 0.0049846 secs]
36.344: Total time for which application threads were stopped: 0.0051460 seconds, Stopping threads took: 0.0000198 seconds
36.413: [GC (Allocation Failure)  834251K->516771K(1033216K), 0.0048233 secs]
36.418: Total time for which application threads were stopped: 0.0050150 seconds, Stopping threads took: 0.0000197 seconds
36.484: [GC (Allocation Failure)  835235K->523846K(1033216K), 0.0047620 secs]
36.489: Total time for which application threads were stopped: 0.0049405 seconds, Stopping threads took: 0.0000194 seconds
36.555: [GC (Allocation Failure)  842310K->523814K(1033216K), 0.0046284 secs]
36.560: Total time for which application threads were stopped: 0.0048228 seconds, Stopping threads took: 0.0000196 seconds
36.627: [GC (Allocation Failure)  842278K->524958K(1033216K), 0.0077056 secs]
36.635: Total time for which application threads were stopped: 0.0078759 seconds, Stopping threads took: 0.0000194 seconds
36.704: [GC (Allocation Failure)  843422K->531936K(1032704K), 0.0046583 secs]
36.708: Total time for which application threads were stopped: 0.0048142 seconds, Stopping threads took: 0.0000170 seconds
36.775: [GC (Allocation Failure)  850400K->531840K(1033216K), 0.0046820 secs]
36.780: Total time for which application threads were stopped: 0.0048501 seconds, Stopping threads took: 0.0000267 seconds
36.845: [GC (Allocation Failure)  850304K->533216K(1033728K), 0.0080327 secs]
36.853: Total time for which application threads were stopped: 0.0082014 seconds, Stopping threads took: 0.0000199 seconds
36.923: [GC (Allocation Failure)  852704K->539938K(1033728K), 0.0047904 secs]
36.927: Total time for which application threads were stopped: 0.0049721 seconds, Stopping threads took: 0.0000252 seconds
36.995: [GC (Allocation Failure)  859426K->539874K(1033728K), 0.0045473 secs]
37.000: Total time for which application threads were stopped: 0.0046972 seconds, Stopping threads took: 0.0000176 seconds
37.065: [GC (Allocation Failure)  859362K->540426K(1033728K), 0.0047268 secs]
37.070: Total time for which application threads were stopped: 0.0049179 seconds, Stopping threads took: 0.0000192 seconds
37.138: [GC (Allocation Failure)  859914K->547948K(1033728K), 0.0054924 secs]
37.144: Total time for which application threads were stopped: 0.0056837 seconds, Stopping threads took: 0.0000191 seconds
37.213: [GC (Allocation Failure)  867436K->547916K(1033728K), 0.0047363 secs]
37.218: Total time for which application threads were stopped: 0.0048964 seconds, Stopping threads took: 0.0000192 seconds
37.283: [GC (Allocation Failure)  867404K->548164K(1033728K), 0.0046957 secs]
37.287: Total time for which application threads were stopped: 0.0048951 seconds, Stopping threads took: 0.0000266 seconds
37.355: [GC (Allocation Failure)  867652K->555975K(1027072K), 0.0047448 secs]
37.360: Total time for which application threads were stopped: 0.0049158 seconds, Stopping threads took: 0.0000202 seconds
37.428: [GC (Allocation Failure)  875463K->555943K(1033216K), 0.0046795 secs]
37.432: Total time for which application threads were stopped: 0.0048511 seconds, Stopping threads took: 0.0000196 seconds
37.499: [GC (Allocation Failure)  874407K->557927K(1033216K), 0.0050569 secs]
37.504: Total time for which application threads were stopped: 0.0052284 seconds, Stopping threads took: 0.0000203 seconds
37.572: [GC (Allocation Failure)  876391K->564073K(1033728K), 0.0047150 secs]
37.576: Total time for which application threads were stopped: 0.0048983 seconds, Stopping threads took: 0.0000195 seconds
37.648: [GC (Allocation Failure)  883561K->563977K(1033728K), 0.0046114 secs]
37.653: Total time for which application threads were stopped: 0.0048022 seconds, Stopping threads took: 0.0000192 seconds
37.721: [GC (Allocation Failure)  883465K->564105K(1033728K), 0.0047434 secs]
37.725: Total time for which application threads were stopped: 0.0049108 seconds, Stopping threads took: 0.0000191 seconds
37.791: [GC (Allocation Failure)  883593K->572011K(1033728K), 0.0048996 secs]
37.796: Total time for which application threads were stopped: 0.0050606 seconds, Stopping threads took: 0.0000192 seconds
37.862: [GC (Allocation Failure)  891499K->572043K(1033728K), 0.0047754 secs]
37.867: Total time for which application threads were stopped: 0.0049380 seconds, Stopping threads took: 0.0000190 seconds
37.933: [GC (Allocation Failure)  891531K->572331K(1019392K), 0.0048599 secs]
37.938: Total time for which application threads were stopped: 0.0050186 seconds, Stopping threads took: 0.0000194 seconds
38.007: [GC (Allocation Failure)  891819K->580046K(1033216K), 0.0047203 secs]
38.012: Total time for which application threads were stopped: 0.0050097 seconds, Stopping threads took: 0.0000187 seconds
38.080: [GC (Allocation Failure)  898510K->580046K(1033216K), 0.0046300 secs]
38.084: Total time for which application threads were stopped: 0.0047913 seconds, Stopping threads took: 0.0000193 seconds
38.151: [GC (Allocation Failure)  898510K->580550K(1033216K), 0.0047861 secs]
38.156: Total time for which application threads were stopped: 0.0049446 seconds, Stopping threads took: 0.0000194 seconds
38.222: [GC (Allocation Failure)  899014K->588104K(1033216K), 0.0050437 secs]
38.227: Total time for which application threads were stopped: 0.0052282 seconds, Stopping threads took: 0.0000197 seconds
38.293: [GC (Allocation Failure)  906568K->588072K(1033216K), 0.0049879 secs]
38.298: Total time for which application threads were stopped: 0.0051502 seconds, Stopping threads took: 0.0000202 seconds
38.362: [GC (Allocation Failure)  906536K->588808K(1033216K), 0.0048681 secs]
38.367: Total time for which application threads were stopped: 0.0051074 seconds, Stopping threads took: 0.0000195 seconds
38.435: [GC (Allocation Failure)  907272K->596138K(1033216K), 0.0049571 secs]
38.440: Total time for which application threads were stopped: 0.0051396 seconds, Stopping threads took: 0.0000201 seconds
38.506: [GC (Allocation Failure)  914602K->596138K(1033216K), 0.0049994 secs]
38.511: Total time for which application threads were stopped: 0.0051614 seconds, Stopping threads took: 0.0000193 seconds
38.576: [GC (Allocation Failure)  914602K->597034K(1033216K), 0.0049325 secs]
38.581: Total time for which application threads were stopped: 0.0051036 seconds, Stopping threads took: 0.0000194 seconds
38.649: [GC (Allocation Failure)  915498K->604172K(1033216K), 0.0047076 secs]
38.654: Total time for which application threads were stopped: 0.0048774 seconds, Stopping threads took: 0.0000193 seconds
38.721: [GC (Allocation Failure)  922636K->604140K(1033216K), 0.0049034 secs]
38.726: Total time for which application threads were stopped: 0.0050868 seconds, Stopping threads took: 0.0000197 seconds
38.791: [GC (Allocation Failure)  922604K->604204K(1033216K), 0.0047749 secs]
38.796: Total time for which application threads were stopped: 0.0049484 seconds, Stopping threads took: 0.0000279 seconds
38.865: [GC (Allocation Failure)  922668K->612207K(1033216K), 0.0048030 secs]
38.870: Total time for which application threads were stopped: 0.0049504 seconds, Stopping threads took: 0.0000164 seconds
38.936: [GC (Allocation Failure)  930671K->612175K(1033216K), 0.0050174 secs]
38.941: Total time for which application threads were stopped: 0.0051862 seconds, Stopping threads took: 0.0000191 seconds
39.008: [GC (Allocation Failure)  930639K->612487K(1033216K), 0.0048962 secs]
39.013: Total time for which application threads were stopped: 0.0050627 seconds, Stopping threads took: 0.0000197 seconds
39.080: [GC (Allocation Failure)  930951K->620233K(1033216K), 0.0048484 secs]
39.085: Total time for which application threads were stopped: 0.0050064 seconds, Stopping threads took: 0.0000188 seconds
39.150: [GC (Allocation Failure)  938697K->620233K(1033216K), 0.0048064 secs]
39.155: Total time for which application threads were stopped: 0.0049984 seconds, Stopping threads took: 0.0000189 seconds
39.221: [GC (Allocation Failure)  938697K->620713K(1033216K), 0.0049913 secs]
39.226: Total time for which application threads were stopped: 0.0051717 seconds, Stopping threads took: 0.0000194 seconds
39.293: [GC (Allocation Failure)  939177K->628235K(1033216K), 0.0048207 secs]
39.298: Total time for which application threads were stopped: 0.0050151 seconds, Stopping threads took: 0.0000257 seconds
39.364: [GC (Allocation Failure)  946699K->628203K(1033216K), 0.0056495 secs]
39.370: Total time for which application threads were stopped: 0.0058418 seconds, Stopping threads took: 0.0000199 seconds
39.434: [GC (Allocation Failure)  946667K->628419K(1033216K), 0.0050929 secs]
39.439: Total time for which application threads were stopped: 0.0052698 seconds, Stopping threads took: 0.0000215 seconds
39.508: [GC (Allocation Failure)  946883K->636261K(1033216K), 0.0049998 secs]
39.513: Total time for which application threads were stopped: 0.0051638 seconds, Stopping threads took: 0.0000204 seconds
39.582: [GC (Allocation Failure)  954725K->636261K(1033216K), 0.0046267 secs]
39.587: Total time for which application threads were stopped: 0.0047971 seconds, Stopping threads took: 0.0000197 seconds
39.652: [GC (Allocation Failure)  954725K->636389K(1033216K), 0.0050075 secs]
39.657: Total time for which application threads were stopped: 0.0051687 seconds, Stopping threads took: 0.0000196 seconds
39.724: [GC (Allocation Failure)  954853K->644296K(1033216K), 0.0051017 secs]
39.729: Total time for which application threads were stopped: 0.0052660 seconds, Stopping threads took: 0.0000192 seconds
39.794: [GC (Allocation Failure)  962760K->637797K(1033216K), 0.0023890 secs]
39.797: Total time for which application threads were stopped: 0.0025382 seconds, Stopping threads took: 0.0000195 seconds
39.864: [GC (Allocation Failure)  956261K->644320K(1033728K), 0.0048405 secs]
39.869: Total time for which application threads were stopped: 0.0050249 seconds, Stopping threads took: 0.0000194 seconds
39.937: [GC (Allocation Failure)  963296K->648440K(1033216K), 0.0056218 secs]
39.943: Total time for which application threads were stopped: 0.0057839 seconds, Stopping threads took: 0.0000201 seconds
40.011: [GC (Allocation Failure)  967416K->651317K(1031680K), 0.0060545 secs]
40.017: Total time for which application threads were stopped: 0.0062092 seconds, Stopping threads took: 0.0000193 seconds
40.085: [GC (Allocation Failure)  968757K->648632K(1032704K), 0.0048507 secs]
40.090: Total time for which application threads were stopped: 0.0050181 seconds, Stopping threads took: 0.0000193 seconds
40.158: [GC (Allocation Failure)  966072K->648440K(1033216K), 0.0050251 secs]
40.163: Total time for which application threads were stopped: 0.0052065 seconds, Stopping threads took: 0.0000281 seconds
40.227: [GC (Allocation Failure)  966392K->640757K(1032704K), 0.0021335 secs]
40.230: Total time for which application threads were stopped: 0.0022772 seconds, Stopping threads took: 0.0000190 seconds
40.298: [GC (Allocation Failure)  958709K->648600K(1033216K), 0.0049387 secs]
40.303: Total time for which application threads were stopped: 0.0051086 seconds, Stopping threads took: 0.0000222 seconds
40.372: [GC (Allocation Failure)  966552K->648440K(1032704K), 0.0048627 secs]
40.377: Total time for which application threads were stopped: 0.0050530 seconds, Stopping threads took: 0.0000196 seconds
40.443: [GC (Allocation Failure)  966392K->651608K(1033728K), 0.0055633 secs]
40.448: Total time for which application threads were stopped: 0.0057153 seconds, Stopping threads took: 0.0000165 seconds
40.515: [GC (Allocation Failure)  970584K->656570K(1033216K), 0.0050585 secs]
40.520: Total time for which application threads were stopped: 0.0052231 seconds, Stopping threads took: 0.0000200 seconds
40.588: [GC (Allocation Failure)  975546K->656506K(1033728K), 0.0065050 secs]
40.594: Total time for which application threads were stopped: 0.0066696 seconds, Stopping threads took: 0.0000211 seconds
40.662: [GC (Allocation Failure)  975994K->657754K(1033728K), 0.0051487 secs]
40.668: Total time for which application threads were stopped: 0.0053156 seconds, Stopping threads took: 0.0000273 seconds
40.735: [GC (Allocation Failure)  977242K->664540K(1033728K), 0.0048394 secs]
40.740: Total time for which application threads were stopped: 0.0050024 seconds, Stopping threads took: 0.0000260 seconds
40.809: [GC (Allocation Failure)  984028K->664508K(1033728K), 0.0049065 secs]
40.814: Total time for which application threads were stopped: 0.0051029 seconds, Stopping threads took: 0.0000264 seconds
40.881: [GC (Allocation Failure)  983996K->664956K(1033728K), 0.0052569 secs]
40.886: Total time for which application threads were stopped: 0.0054275 seconds, Stopping threads took: 0.0000194 seconds
40.954: [GC (Allocation Failure)  984444K->672574K(1033728K), 0.0050235 secs]
40.959: Total time for which application threads were stopped: 0.0051842 seconds, Stopping threads took: 0.0000197 seconds
41.027: [GC (Allocation Failure)  992062K->672542K(1033728K), 0.0048716 secs]
41.032: Total time for which application threads were stopped: 0.0050324 seconds, Stopping threads took: 0.0000192 seconds
41.099: [GC (Allocation Failure)  992030K->676294K(1033728K), 0.0059530 secs]
41.105: Total time for which application threads were stopped: 0.0061457 seconds, Stopping threads took: 0.0000196 seconds
41.173: [GC (Allocation Failure)  995782K->680617K(1034240K), 0.0048747 secs]
41.178: Total time for which application threads were stopped: 0.0050236 seconds, Stopping threads took: 0.0000167 seconds
41.245: [GC (Allocation Failure)  1001129K->680585K(1034240K), 0.0070334 secs]
41.252: Total time for which application threads were stopped: 0.0072007 seconds, Stopping threads took: 0.0000276 seconds
41.320: [GC (Allocation Failure)  1001097K->681481K(1034240K), 0.0051768 secs]
41.325: Total time for which application threads were stopped: 0.0053606 seconds, Stopping threads took: 0.0000211 seconds
41.393: [GC (Allocation Failure)  1001993K->688619K(1034240K), 0.0048821 secs]
41.398: Total time for which application threads were stopped: 0.0050602 seconds, Stopping threads took: 0.0000223 seconds
41.466: [GC (Allocation Failure)  1009131K->688651K(1034240K), 0.0049307 secs]
41.471: Total time for which application threads were stopped: 0.0050970 seconds, Stopping threads took: 0.0000208 seconds
41.538: [GC (Allocation Failure)  1009163K->691755K(1034240K), 0.0058270 secs]
41.544: [Full GC (Ergonomics)  691755K->11587K(1034240K), 0.0174875 secs]
41.562: Total time for which application threads were stopped: 0.0235724 seconds, Stopping threads took: 0.0000200 seconds
41.631: [GC (Allocation Failure)  332099K->20774K(1034240K), 0.0037514 secs]
41.635: Total time for which application threads were stopped: 0.0039183 seconds, Stopping threads took: 0.0000193 seconds
41.702: [GC (Allocation Failure)  341286K->20718K(1034240K), 0.0038669 secs]
41.706: Total time for which application threads were stopped: 0.0040340 seconds, Stopping threads took: 0.0000199 seconds
41.776: [GC (Allocation Failure)  341230K->21966K(1034240K), 0.0037484 secs]
41.780: Total time for which application threads were stopped: 0.0039438 seconds, Stopping threads took: 0.0000264 seconds
41.849: [GC (Allocation Failure)  342478K->28752K(1034240K), 0.0036187 secs]
41.853: Total time for which application threads were stopped: 0.0038124 seconds, Stopping threads took: 0.0000199 seconds
41.922: [GC (Allocation Failure)  349264K->28720K(1034240K), 0.0037341 secs]
41.926: Total time for which application threads were stopped: 0.0038946 seconds, Stopping threads took: 0.0000201 seconds
41.993: [GC (Allocation Failure)  349232K->29160K(1034240K), 0.0038541 secs]
41.997: Total time for which application threads were stopped: 0.0040177 seconds, Stopping threads took: 0.0000205 seconds
42.067: [GC (Allocation Failure)  349672K->36778K(1033216K), 0.0038588 secs]
42.071: Total time for which application threads were stopped: 0.0040361 seconds, Stopping threads took: 0.0000226 seconds
42.138: [GC (Allocation Failure)  356266K->36746K(1033728K), 0.0035048 secs]
42.142: Total time for which application threads were stopped: 0.0036791 seconds, Stopping threads took: 0.0000202 seconds
42.208: [GC (Allocation Failure)  356234K->36906K(1033216K), 0.0046556 secs]
42.213: Total time for which application threads were stopped: 0.0048278 seconds, Stopping threads took: 0.0000200 seconds
42.281: [GC (Allocation Failure)  356394K->44845K(1033728K), 0.0037608 secs]
42.285: Total time for which application threads were stopped: 0.0039240 seconds, Stopping threads took: 0.0000197 seconds
42.351: [GC (Allocation Failure)  364333K->44813K(1033728K), 0.0064357 secs]
42.358: Total time for which application threads were stopped: 0.0066057 seconds, Stopping threads took: 0.0000195 seconds
42.426: [GC (Allocation Failure)  364301K->45645K(1033728K), 0.0040854 secs]
42.430: Total time for which application threads were stopped: 0.0042530 seconds, Stopping threads took: 0.0000197 seconds
42.497: [GC (Allocation Failure)  365133K->52879K(1033728K), 0.0038917 secs]
42.501: Total time for which application threads were stopped: 0.0040982 seconds, Stopping threads took: 0.0000212 seconds
42.567: [GC (Allocation Failure)  372367K->52815K(1033728K), 0.0038105 secs]
42.571: Total time for which application threads were stopped: 0.0039829 seconds, Stopping threads took: 0.0000199 seconds
42.638: [GC (Allocation Failure)  372303K->54919K(1033728K), 0.0040396 secs]
42.642: Total time for which application threads were stopped: 0.0041891 seconds, Stopping threads took: 0.0000173 seconds
42.710: [GC (Allocation Failure)  374407K->60841K(1033728K), 0.0039815 secs]
42.714: Total time for which application threads were stopped: 0.0041906 seconds, Stopping threads took: 0.0000396 seconds
42.781: [GC (Allocation Failure)  380329K->60873K(1033728K), 0.0037555 secs]
42.785: Total time for which application threads were stopped: 0.0039355 seconds, Stopping threads took: 0.0000285 seconds
42.851: [GC (Allocation Failure)  380361K->62121K(1033728K), 0.0039180 secs]
42.855: Total time for which application threads were stopped: 0.0040798 seconds, Stopping threads took: 0.0000203 seconds
42.922: [GC (Allocation Failure)  381609K->68875K(1033728K), 0.0038929 secs]
42.926: Total time for which application threads were stopped: 0.0040637 seconds, Stopping threads took: 0.0000197 seconds
42.993: [GC (Allocation Failure)  388363K->68875K(1033728K), 0.0038733 secs]
42.996: Total time for which application threads were stopped: 0.0040421 seconds, Stopping threads took: 0.0000196 seconds
43.062: [GC (Allocation Failure)  388363K->69323K(1033216K), 0.0038389 secs]
43.066: Total time for which application threads were stopped: 0.0040165 seconds, Stopping threads took: 0.0000209 seconds
43.134: [GC (Allocation Failure)  388811K->76942K(1033728K), 0.0038879 secs]
43.138: Total time for which application threads were stopped: 0.0040526 seconds, Stopping threads took: 0.0000200 seconds
43.205: [GC (Allocation Failure)  396430K->76910K(1033728K), 0.0038065 secs]
43.208: Total time for which application threads were stopped: 0.0039712 seconds, Stopping threads took: 0.0000213 seconds
43.276: [GC (Allocation Failure)  396398K->77070K(1033728K), 0.0037906 secs]
43.280: Total time for which application threads were stopped: 0.0039804 seconds, Stopping threads took: 0.0000270 seconds
43.349: [GC (Allocation Failure)  396558K->84976K(1033728K), 0.0039222 secs]
43.353: Total time for which application threads were stopped: 0.0040893 seconds, Stopping threads took: 0.0000256 seconds
43.420: [GC (Allocation Failure)  404464K->84944K(1033728K), 0.0039423 secs]
43.424: Total time for which application threads were stopped: 0.0041119 seconds, Stopping threads took: 0.0000199 seconds
43.490: [GC (Allocation Failure)  404432K->85800K(1033728K), 0.0037728 secs]
43.494: Total time for which application threads were stopped: 0.0039700 seconds, Stopping threads took: 0.0000203 seconds
43.563: [GC (Allocation Failure)  405288K->92970K(1033728K), 0.0037795 secs]
43.567: Total time for which application threads were stopped: 0.0039314 seconds, Stopping threads took: 0.0000172 seconds
43.635: [GC (Allocation Failure)  412458K->93002K(1033728K), 0.0038668 secs]
43.639: Total time for which application threads were stopped: 0.0040554 seconds, Stopping threads took: 0.0000183 seconds
43.707: [GC (Allocation Failure)  412490K->93986K(1033728K), 0.0042966 secs]
43.711: Total time for which application threads were stopped: 0.0044793 seconds, Stopping threads took: 0.0000171 seconds
43.781: [GC (Allocation Failure)  413474K->100964K(1033728K), 0.0038146 secs]
43.785: Total time for which application threads were stopped: 0.0039929 seconds, Stopping threads took: 0.0000277 seconds
43.852: [GC (Allocation Failure)  420452K->101028K(1033728K), 0.0038781 secs]
43.856: Total time for which application threads were stopped: 0.0040564 seconds, Stopping threads took: 0.0000193 seconds
43.921: [GC (Allocation Failure)  420516K->101260K(1033728K), 0.0039556 secs]
43.925: Total time for which application threads were stopped: 0.0041513 seconds, Stopping threads took: 0.0000201 seconds
43.995: [GC (Allocation Failure)  420748K->109071K(1033728K), 0.0038312 secs]
43.999: Total time for which application threads were stopped: 0.0040354 seconds, Stopping threads took: 0.0000203 seconds
44.068: [GC (Allocation Failure)  428559K->109039K(1033728K), 0.0039799 secs]
44.072: Total time for which application threads were stopped: 0.0041386 seconds, Stopping threads took: 0.0000168 seconds
44.138: [GC (Allocation Failure)  428527K->109447K(1033728K), 0.0038741 secs]
44.142: Total time for which application threads were stopped: 0.0040370 seconds, Stopping threads took: 0.0000191 seconds
44.210: [GC (Allocation Failure)  428935K->117065K(1032704K), 0.0039790 secs]
44.214: Total time for which application threads were stopped: 0.0041500 seconds, Stopping threads took: 0.0000202 seconds
44.284: [GC (Allocation Failure)  435529K->117065K(1033216K), 0.0039084 secs]
44.288: Total time for which application threads were stopped: 0.0040956 seconds, Stopping threads took: 0.0000264 seconds
44.355: [GC (Allocation Failure)  435529K->117705K(1033216K), 0.0039592 secs]
44.359: Total time for which application threads were stopped: 0.0041363 seconds, Stopping threads took: 0.0000197 seconds
44.426: [GC (Allocation Failure)  436169K->125099K(1033216K), 0.0039220 secs]
44.430: Total time for which application threads were stopped: 0.0040817 seconds, Stopping threads took: 0.0000190 seconds
44.495: [GC (Allocation Failure)  443563K->125131K(1033216K), 0.0039258 secs]
44.499: Total time for which application threads were stopped: 0.0041035 seconds, Stopping threads took: 0.0000196 seconds
44.565: [GC (Allocation Failure)  443595K->125931K(1033216K), 0.0040856 secs]
44.569: Total time for which application threads were stopped: 0.0042543 seconds, Stopping threads took: 0.0000192 seconds
44.638: [GC (Allocation Failure)  444395K->133101K(1032704K), 0.0039624 secs]
44.642: Total time for which application threads were stopped: 0.0041332 seconds, Stopping threads took: 0.0000203 seconds
44.708: [GC (Allocation Failure)  451565K->133133K(1033216K), 0.0040628 secs]
44.712: Total time for which application threads were stopped: 0.0042365 seconds, Stopping threads took: 0.0000200 seconds
44.779: [GC (Allocation Failure)  451597K->133189K(1033216K), 0.0038581 secs]
44.783: Total time for which application threads were stopped: 0.0040403 seconds, Stopping threads took: 0.0000278 seconds
44.850: [GC (Allocation Failure)  451653K->141192K(1033216K), 0.0039095 secs]
44.854: Total time for which application threads were stopped: 0.0040739 seconds, Stopping threads took: 0.0000254 seconds
44.921: [GC (Allocation Failure)  459656K->141160K(1033216K), 0.0040982 secs]
44.926: Total time for which application threads were stopped: 0.0042649 seconds, Stopping threads took: 0.0000204 seconds
44.992: [GC (Allocation Failure)  459624K->141320K(1033216K), 0.0038615 secs]
44.996: Total time for which application threads were stopped: 0.0040430 seconds, Stopping threads took: 0.0000221 seconds
45.064: [GC (Allocation Failure)  459784K->149194K(1033216K), 0.0039319 secs]
45.068: Total time for which application threads were stopped: 0.0041040 seconds, Stopping threads took: 0.0000210 seconds
45.135: [GC (Allocation Failure)  467658K->149226K(1033216K), 0.0040374 secs]
45.139: Total time for which application threads were stopped: 0.0042223 seconds, Stopping threads took: 0.0000172 seconds
45.206: [GC (Allocation Failure)  467690K->149578K(1033216K), 0.0038653 secs]
45.210: Total time for which application threads were stopped: 0.0040594 seconds, Stopping threads took: 0.0000194 seconds
45.279: [GC (Allocation Failure)  468042K->157260K(1033216K), 0.0039982 secs]
45.283: Total time for which application threads were stopped: 0.0041585 seconds, Stopping threads took: 0.0000191 seconds
45.349: [GC (Allocation Failure)  475724K->157196K(1033216K), 0.0037204 secs]
45.353: Total time for which application threads were stopped: 0.0039053 seconds, Stopping threads took: 0.0000193 seconds
45.422: [GC (Allocation Failure)  475660K->157292K(1033216K), 0.0040267 secs]
45.426: Total time for which application threads were stopped: 0.0041899 seconds, Stopping threads took: 0.0000194 seconds
45.493: [GC (Allocation Failure)  475756K->165295K(1033216K), 0.0040071 secs]
45.498: Total time for which application threads were stopped: 0.0041843 seconds, Stopping threads took: 0.0000195 seconds
45.563: [GC (Allocation Failure)  483759K->165295K(1033216K), 0.0037172 secs]
45.567: Total time for which application threads were stopped: 0.0039091 seconds, Stopping threads took: 0.0000276 seconds
45.633: [GC (Allocation Failure)  483759K->165511K(1033216K), 0.0041152 secs]
45.637: Total time for which application threads were stopped: 0.0043021 seconds, Stopping threads took: 0.0000189 seconds
45.705: [GC (Allocation Failure)  483975K->173321K(1033216K), 0.0043264 secs]
45.709: Total time for which application threads were stopped: 0.0045013 seconds, Stopping threads took: 0.0000196 seconds
45.776: [GC (Allocation Failure)  491785K->167623K(1033728K), 0.0017779 secs]
45.778: Total time for which application threads were stopped: 0.0019369 seconds, Stopping threads took: 0.0000255 seconds
45.846: [GC (Allocation Failure)  486599K->173497K(1033216K), 0.0039494 secs]
45.850: Total time for which application threads were stopped: 0.0041207 seconds, Stopping threads took: 0.0000209 seconds
45.919: [GC (Allocation Failure)  492473K->177433K(1034240K), 0.0042110 secs]
45.923: Total time for which application threads were stopped: 0.0043776 seconds, Stopping threads took: 0.0000192 seconds
45.990: [GC (Allocation Failure)  497945K->183255K(1034240K), 0.0063452 secs]
45.996: Total time for which application threads were stopped: 0.0065116 seconds, Stopping threads took: 0.0000187 seconds
46.064: [GC (Allocation Failure)  503767K->177561K(1030144K), 0.0039540 secs]
46.068: Total time for which application threads were stopped: 0.0041480 seconds, Stopping threads took: 0.0000196 seconds
46.136: [GC (Allocation Failure)  493977K->177433K(1032192K), 0.0039653 secs]
46.140: Total time for which application threads were stopped: 0.0041253 seconds, Stopping threads took: 0.0000172 seconds
46.209: [GC (Allocation Failure)  493849K->173207K(1033216K), 0.0023981 secs]
46.211: Total time for which application threads were stopped: 0.0025640 seconds, Stopping threads took: 0.0000157 seconds
46.279: [GC (Allocation Failure)  491159K->177497K(1032704K), 0.0042443 secs]
46.284: Total time for which application threads were stopped: 0.0044137 seconds, Stopping threads took: 0.0000197 seconds
46.350: [GC (Allocation Failure)  495449K->177465K(1033728K), 0.0040785 secs]
46.355: Total time for which application threads were stopped: 0.0042394 seconds, Stopping threads took: 0.0000203 seconds
46.422: [GC (Allocation Failure)  496441K->180953K(1033216K), 0.0046754 secs]
46.427: Total time for which application threads were stopped: 0.0048405 seconds, Stopping threads took: 0.0000198 seconds
46.494: [GC (Allocation Failure)  499929K->185531K(1034240K), 0.0041347 secs]
46.498: Total time for which application threads were stopped: 0.0043020 seconds, Stopping threads took: 0.0000190 seconds
46.564: [GC (Allocation Failure)  505531K->185499K(1033728K), 0.0040291 secs]
46.568: Total time for which application threads were stopped: 0.0041891 seconds, Stopping threads took: 0.0000195 seconds
46.634: [GC (Allocation Failure)  505499K->188691K(1034240K), 0.0045950 secs]
46.638: Total time for which application threads were stopped: 0.0047650 seconds, Stopping threads took: 0.0000182 seconds
46.706: [GC (Allocation Failure)  509203K->193557K(1034240K), 0.0040743 secs]
46.710: Total time for which application threads were stopped: 0.0042473 seconds, Stopping threads took: 0.0000192 seconds
46.778: [GC (Allocation Failure)  514069K->193493K(1034752K), 0.0041873 secs]
46.783: Total time for which application threads were stopped: 0.0043582 seconds, Stopping threads took: 0.0000279 seconds
46.849: [GC (Allocation Failure)  514517K->195373K(1034240K), 0.0042305 secs]
46.853: Total time for which application threads were stopped: 0.0043907 seconds, Stopping threads took: 0.0000195 seconds
46.920: [GC (Allocation Failure)  516397K->201552K(1034752K), 0.0042383 secs]
46.924: Total time for which application threads were stopped: 0.0044013 seconds, Stopping threads took: 0.0000196 seconds
46.992: [GC (Allocation Failure)  523088K->201552K(1034752K), 0.0040472 secs]
46.996: Total time for which application threads were stopped: 0.0042073 seconds, Stopping threads took: 0.0000194 seconds
47.061: [GC (Allocation Failure)  523088K->204072K(1034752K), 0.0057419 secs]
47.067: Total time for which application threads were stopped: 0.0059351 seconds, Stopping threads took: 0.0000188 seconds
47.137: [GC (Allocation Failure)  525608K->209610K(1034752K), 0.0038976 secs]
47.141: Total time for which application threads were stopped: 0.0040705 seconds, Stopping threads took: 0.0000171 seconds
47.208: [GC (Allocation Failure)  531146K->209546K(1034752K), 0.0056256 secs]
47.214: Total time for which application threads were stopped: 0.0058107 seconds, Stopping threads took: 0.0000191 seconds
47.281: [GC (Allocation Failure)  531082K->213354K(1034752K), 0.0050459 secs]
47.286: Total time for which application threads were stopped: 0.0052527 seconds, Stopping threads took: 0.0000268 seconds
47.355: [GC (Allocation Failure)  534890K->217612K(1035264K), 0.0039312 secs]
47.359: Total time for which application threads were stopped: 0.0040837 seconds, Stopping threads took: 0.0000173 seconds
47.428: [GC (Allocation Failure)  540172K->217612K(1035264K), 0.0040001 secs]
47.432: Total time for which application threads were stopped: 0.0041682 seconds, Stopping threads took: 0.0000192 seconds
47.499: [GC (Allocation Failure)  540172K->220556K(1035264K), 0.0065809 secs]
47.506: Total time for which application threads were stopped: 0.0067533 seconds, Stopping threads took: 0.0000195 seconds
47.575: [GC (Allocation Failure)  543116K->225614K(1035264K), 0.0042636 secs]
47.579: Total time for which application threads were stopped: 0.0044472 seconds, Stopping threads took: 0.0000219 seconds
47.648: [GC (Allocation Failure)  548174K->225646K(1035264K), 0.0043217 secs]
47.652: Total time for which application threads were stopped: 0.0044929 seconds, Stopping threads took: 0.0000206 seconds
47.719: [GC (Allocation Failure)  548206K->228710K(1035264K), 0.0047164 secs]
47.724: Total time for which application threads were stopped: 0.0049165 seconds, Stopping threads took: 0.0000197 seconds
47.795: [GC (Allocation Failure)  551270K->233769K(1035264K), 0.0040843 secs]
47.799: Total time for which application threads were stopped: 0.0042507 seconds, Stopping threads took: 0.0000253 seconds
47.867: [GC (Allocation Failure)  556329K->233641K(1035264K), 0.0041544 secs]
47.871: Total time for which application threads were stopped: 0.0043202 seconds, Stopping threads took: 0.0000265 seconds
47.939: [GC (Allocation Failure)  556201K->228902K(1035264K), 0.0021433 secs]
47.941: Total time for which application threads were stopped: 0.0023173 seconds, Stopping threads took: 0.0000201 seconds
48.011: [GC (Allocation Failure)  551462K->233705K(1035264K), 0.0040439 secs]
48.015: Total time for which application threads were stopped: 0.0042134 seconds, Stopping threads took: 0.0000276 seconds
48.083: [GC (Allocation Failure)  556265K->233641K(1035264K), 0.0041864 secs]
48.087: Total time for which application threads were stopped: 0.0043544 seconds, Stopping threads took: 0.0000190 seconds
48.154: [GC (Allocation Failure)  556201K->233190K(1035264K), 0.0040482 secs]
48.158: Total time for which application threads were stopped: 0.0042160 seconds, Stopping threads took: 0.0000194 seconds
48.224: [GC (Allocation Failure)  555750K->233897K(1035776K), 0.0041481 secs]
48.228: Total time for which application threads were stopped: 0.0043096 seconds, Stopping threads took: 0.0000187 seconds
48.296: [GC (Allocation Failure)  557481K->233609K(1035776K), 0.0042203 secs]
48.300: Total time for which application threads were stopped: 0.0043885 seconds, Stopping threads took: 0.0000196 seconds
48.368: [GC (Allocation Failure)  557193K->239518K(1031680K), 0.0066763 secs]
48.374: Total time for which application threads were stopped: 0.0068596 seconds, Stopping threads took: 0.0000263 seconds
48.441: [GC (Allocation Failure)  559006K->234945K(1033728K), 0.0042262 secs]
48.446: Total time for which application threads were stopped: 0.0043990 seconds, Stopping threads took: 0.0000201 seconds
48.515: [GC (Allocation Failure)  554433K->234753K(1034752K), 0.0039729 secs]
48.519: Total time for which application threads were stopped: 0.0041422 seconds, Stopping threads took: 0.0000195 seconds
48.584: [GC (Allocation Failure)  555777K->237310K(1034240K), 0.0051143 secs]
48.589: Total time for which application threads were stopped: 0.0052828 seconds, Stopping threads took: 0.0000194 seconds
48.660: [GC (Allocation Failure)  558334K->234913K(1034752K), 0.0042640 secs]
48.665: Total time for which application threads were stopped: 0.0044142 seconds, Stopping threads took: 0.0000170 seconds
48.734: [GC (Allocation Failure)  555937K->234753K(1034240K), 0.0042619 secs]
48.738: Total time for which application threads were stopped: 0.0044297 seconds, Stopping threads took: 0.0000192 seconds
48.806: [GC (Allocation Failure)  555777K->237022K(1035264K), 0.0050178 secs]
48.811: Total time for which application threads were stopped: 0.0051896 seconds, Stopping threads took: 0.0000259 seconds
48.881: [GC (Allocation Failure)  559582K->234849K(1035264K), 0.0039684 secs]
48.885: Total time for which application threads were stopped: 0.0041400 seconds, Stopping threads took: 0.0000194 seconds
48.952: [GC (Allocation Failure)  557409K->234785K(1035776K), 0.0042585 secs]
48.956: Total time for which application threads were stopped: 0.0044326 seconds, Stopping threads took: 0.0000213 seconds
49.023: [GC (Allocation Failure)  558369K->242310K(1035776K), 0.0078368 secs]
49.031: Total time for which application threads were stopped: 0.0080063 seconds, Stopping threads took: 0.0000198 seconds
49.099: [GC (Allocation Failure)  565894K->237609K(1032704K), 0.0043334 secs]
49.104: Total time for which application threads were stopped: 0.0045228 seconds, Stopping threads took: 0.0000197 seconds
49.174: [GC (Allocation Failure)  558121K->237577K(1034240K), 0.0040286 secs]
49.178: Total time for which application threads were stopped: 0.0042207 seconds, Stopping threads took: 0.0000405 seconds
49.246: [GC (Allocation Failure)  558089K->229990K(1033216K), 0.0009561 secs]
49.247: Total time for which application threads were stopped: 0.0010766 seconds, Stopping threads took: 0.0000196 seconds
49.316: [GC (Allocation Failure)  549478K->237817K(1033728K), 0.0041227 secs]
49.320: Total time for which application threads were stopped: 0.0042808 seconds, Stopping threads took: 0.0000188 seconds
49.387: [GC (Allocation Failure)  557305K->241713K(1034752K), 0.0053949 secs]
49.392: Total time for which application threads were stopped: 0.0055613 seconds, Stopping threads took: 0.0000189 seconds
49.459: [GC (Allocation Failure)  562737K->247118K(1034240K), 0.0064961 secs]
49.465: Total time for which application threads were stopped: 0.0066749 seconds, Stopping threads took: 0.0000193 seconds
49.534: [GC (Allocation Failure)  568142K->241873K(1033216K), 0.0042675 secs]
49.538: Total time for which application threads were stopped: 0.0044381 seconds, Stopping threads took: 0.0000199 seconds
49.605: [GC (Allocation Failure)  561361K->241681K(1033728K), 0.0047985 secs]
49.610: Total time for which application threads were stopped: 0.0049711 seconds, Stopping threads took: 0.0000279 seconds
49.677: [GC (Allocation Failure)  561169K->243758K(1034240K), 0.0050953 secs]
49.682: Total time for which application threads were stopped: 0.0052562 seconds, Stopping threads took: 0.0000194 seconds
49.752: [GC (Allocation Failure)  564270K->241809K(1034240K), 0.0041634 secs]
49.756: Total time for which application threads were stopped: 0.0043501 seconds, Stopping threads took: 0.0000200 seconds
49.824: [GC (Allocation Failure)  562321K->241713K(1035264K), 0.0039058 secs]
49.828: Total time for which application threads were stopped: 0.0040662 seconds, Stopping threads took: 0.0000196 seconds
49.894: [GC (Allocation Failure)  563761K->243406K(1034752K), 0.0048806 secs]
49.899: Total time for which application threads were stopped: 0.0050407 seconds, Stopping threads took: 0.0000192 seconds
49.966: [GC (Allocation Failure)  565454K->241777K(1035776K), 0.0037928 secs]
49.970: Total time for which application threads were stopped: 0.0039599 seconds, Stopping threads took: 0.0000193 seconds
50.039: [GC (Allocation Failure)  564849K->241745K(1035264K), 0.0041194 secs]
50.043: Total time for which application threads were stopped: 0.0042843 seconds, Stopping threads took: 0.0000190 seconds
50.109: [GC (Allocation Failure)  564817K->248198K(1032704K), 0.0073428 secs]
50.116: Total time for which application threads were stopped: 0.0075108 seconds, Stopping threads took: 0.0000190 seconds
50.183: [GC (Allocation Failure)  568710K->243465K(1034240K), 0.0044022 secs]
50.188: Total time for which application threads were stopped: 0.0045697 seconds, Stopping threads took: 0.0000195 seconds
50.256: [GC (Allocation Failure)  563977K->243465K(1034752K), 0.0064671 secs]
50.262: Total time for which application threads were stopped: 0.0066140 seconds, Stopping threads took: 0.0000201 seconds
50.330: [GC (Allocation Failure)  564489K->248646K(1033728K), 0.0063700 secs]
50.337: Total time for which application threads were stopped: 0.0065258 seconds, Stopping threads took: 0.0000166 seconds
50.404: [GC (Allocation Failure)  569670K->243657K(1033728K), 0.0043552 secs]
50.409: Total time for which application threads were stopped: 0.0045520 seconds, Stopping threads took: 0.0000197 seconds
50.477: [GC (Allocation Failure)  563145K->243465K(1033728K), 0.0042739 secs]
50.481: Total time for which application threads were stopped: 0.0044685 seconds, Stopping threads took: 0.0000191 seconds
50.549: [GC (Allocation Failure)  562953K->245254K(1034240K), 0.0047383 secs]
50.554: Total time for which application threads were stopped: 0.0049311 seconds, Stopping threads took: 0.0000190 seconds
50.625: [GC (Allocation Failure)  565766K->243593K(1034240K), 0.0050746 secs]
50.630: Total time for which application threads were stopped: 0.0052198 seconds, Stopping threads took: 0.0000254 seconds
50.698: [GC (Allocation Failure)  564105K->243465K(1035264K), 0.0042328 secs]
50.702: Total time for which application threads were stopped: 0.0043887 seconds, Stopping threads took: 0.0000188 seconds
50.768: [GC (Allocation Failure)  565513K->244934K(1034752K), 0.0047960 secs]
50.773: Total time for which application threads were stopped: 0.0049628 seconds, Stopping threads took: 0.0000276 seconds
50.841: [GC (Allocation Failure)  566982K->243561K(1035264K), 0.0043259 secs]
50.846: Total time for which application threads were stopped: 0.0044952 seconds, Stopping threads took: 0.0000190 seconds
50.913: [GC (Allocation Failure)  566121K->243497K(1035264K), 0.0041658 secs]
50.917: Total time for which application threads were stopped: 0.0043597 seconds, Stopping threads took: 0.0000195 seconds
50.985: [GC (Allocation Failure)  566057K->248686K(1032704K), 0.0064460 secs]
50.991: Total time for which application threads were stopped: 0.0066267 seconds, Stopping threads took: 0.0000206 seconds
51.057: [GC (Allocation Failure)  569198K->244017K(1034240K), 0.0041864 secs]
51.061: Total time for which application threads were stopped: 0.0043522 seconds, Stopping threads took: 0.0000188 seconds
51.131: [GC (Allocation Failure)  564529K->243953K(1034752K), 0.0040489 secs]
51.135: Total time for which application threads were stopped: 0.0042270 seconds, Stopping threads took: 0.0000196 seconds
51.203: [GC (Allocation Failure)  565489K->248398K(1033728K), 0.0060177 secs]
51.209: Total time for which application threads were stopped: 0.0061733 seconds, Stopping threads took: 0.0000163 seconds
51.276: [GC (Allocation Failure)  569934K->244177K(1034240K), 0.0049000 secs]
51.281: Total time for which application threads were stopped: 0.0050592 seconds, Stopping threads took: 0.0000190 seconds
51.348: [GC (Allocation Failure)  564689K->243985K(1034240K), 0.0041070 secs]
51.353: Total time for which application threads were stopped: 0.0042781 seconds, Stopping threads took: 0.0000200 seconds
51.420: [GC (Allocation Failure)  564497K->247566K(1033728K), 0.0056591 secs]
51.426: Total time for which application threads were stopped: 0.0058308 seconds, Stopping threads took: 0.0000198 seconds
51.494: [GC (Allocation Failure)  568078K->244145K(1034240K), 0.0043531 secs]
51.499: Total time for which application threads were stopped: 0.0045236 seconds, Stopping threads took: 0.0000196 seconds
51.566: [GC (Allocation Failure)  564657K->243985K(1034752K), 0.0041461 secs]
51.571: Total time for which application threads were stopped: 0.0043278 seconds, Stopping threads took: 0.0000291 seconds
51.638: [GC (Allocation Failure)  565009K->246254K(1034240K), 0.0051722 secs]
51.643: Total time for which application threads were stopped: 0.0053285 seconds, Stopping threads took: 0.0000157 seconds
51.710: [GC (Allocation Failure)  567278K->244113K(1034752K), 0.0042663 secs]
51.714: Total time for which application threads were stopped: 0.0044407 seconds, Stopping threads took: 0.0000200 seconds
51.785: [GC (Allocation Failure)  565649K->243953K(1034752K), 0.0039259 secs]
51.789: Total time for which application threads were stopped: 0.0040903 seconds, Stopping threads took: 0.0000264 seconds
51.854: [GC (Allocation Failure)  565489K->246958K(1034240K), 0.0055472 secs]
51.860: Total time for which application threads were stopped: 0.0057122 seconds, Stopping threads took: 0.0000196 seconds
51.928: [GC (Allocation Failure)  568494K->244017K(1034752K), 0.0043387 secs]
51.933: Total time for which application threads were stopped: 0.0045106 seconds, Stopping threads took: 0.0000285 seconds
51.999: [GC (Allocation Failure)  565553K->243985K(1035264K), 0.0040986 secs]
52.003: Total time for which application threads were stopped: 0.0042809 seconds, Stopping threads took: 0.0000199 seconds
52.073: [GC (Allocation Failure)  566545K->249214K(1035264K), 0.0064693 secs]
52.080: Total time for which application threads were stopped: 0.0066417 seconds, Stopping threads took: 0.0000198 seconds
52.149: [GC (Allocation Failure)  571774K->244017K(1033216K), 0.0043220 secs]
52.153: Total time for which application threads were stopped: 0.0044971 seconds, Stopping threads took: 0.0000195 seconds
52.220: [GC (Allocation Failure)  564529K->243953K(1034240K), 0.0038711 secs]
52.224: Total time for which application threads were stopped: 0.0040622 seconds, Stopping threads took: 0.0000200 seconds
52.293: [GC (Allocation Failure)  564465K->249422K(1031680K), 0.0065216 secs]
52.300: Total time for which application threads were stopped: 0.0066941 seconds, Stopping threads took: 0.0000265 seconds
52.365: [GC (Allocation Failure)  567886K->244209K(1033216K), 0.0043599 secs]
52.369: Total time for which application threads were stopped: 0.0045319 seconds, Stopping threads took: 0.0000197 seconds
52.436: [GC (Allocation Failure)  562673K->244017K(1034240K), 0.0041263 secs]
52.440: Total time for which application threads were stopped: 0.0042876 seconds, Stopping threads took: 0.0000192 seconds
52.505: [GC (Allocation Failure)  564017K->242958K(1033728K), 0.0037864 secs]
52.509: Total time for which application threads were stopped: 0.0039634 seconds, Stopping threads took: 0.0000198 seconds
52.574: [GC (Allocation Failure)  562958K->244177K(1034240K), 0.0041542 secs]
52.578: Total time for which application threads were stopped: 0.0043138 seconds, Stopping threads took: 0.0000198 seconds
52.646: [GC (Allocation Failure)  564689K->243985K(1034240K), 0.0042788 secs]
52.650: Total time for which application threads were stopped: 0.0044566 seconds, Stopping threads took: 0.0000192 seconds
52.719: [GC (Allocation Failure)  564497K->240622K(1034752K), 0.0027118 secs]
52.722: Total time for which application threads were stopped: 0.0028875 seconds, Stopping threads took: 0.0000197 seconds
52.792: [GC (Allocation Failure)  562158K->244113K(1034752K), 0.0041878 secs]
52.796: Total time for which application threads were stopped: 0.0043527 seconds, Stopping threads took: 0.0000248 seconds
52.862: [GC (Allocation Failure)  565649K->244017K(1035264K), 0.0042162 secs]
52.867: Total time for which application threads were stopped: 0.0043873 seconds, Stopping threads took: 0.0000247 seconds
52.935: [GC (Allocation Failure)  566065K->242350K(1034752K), 0.0036208 secs]
52.939: Total time for which application threads were stopped: 0.0037828 seconds, Stopping threads took: 0.0000191 seconds
53.007: [GC (Allocation Failure)  564398K->244081K(1035776K), 0.0039228 secs]
53.011: Total time for which application threads were stopped: 0.0040829 seconds, Stopping threads took: 0.0000197 seconds
53.079: [GC (Allocation Failure)  567153K->244017K(1035264K), 0.0042342 secs]
53.083: Total time for which application threads were stopped: 0.0044052 seconds, Stopping threads took: 0.0000195 seconds
53.149: [GC (Allocation Failure)  567089K->247150K(1035264K), 0.0056269 secs]
53.155: Total time for which application threads were stopped: 0.0058088 seconds, Stopping threads took: 0.0000197 seconds
53.223: [GC (Allocation Failure)  570734K->243985K(1035776K), 0.0045321 secs]
53.228: Total time for which application threads were stopped: 0.0046810 seconds, Stopping threads took: 0.0000166 seconds
53.298: [GC (Allocation Failure)  567569K->244017K(1036288K), 0.0038388 secs]
53.302: Total time for which application threads were stopped: 0.0040098 seconds, Stopping threads took: 0.0000199 seconds
53.370: [GC (Allocation Failure)  568113K->238670K(1035776K), 0.0021525 secs]
53.372: Total time for which application threads were stopped: 0.0023043 seconds, Stopping threads took: 0.0000199 seconds
53.440: [GC (Allocation Failure)  562766K->244233K(1035776K), 0.0041729 secs]
53.444: Total time for which application threads were stopped: 0.0043493 seconds, Stopping threads took: 0.0000195 seconds
53.512: [GC (Allocation Failure)  567817K->248161K(1035776K), 0.0040970 secs]
53.516: Total time for which application threads were stopped: 0.0042930 seconds, Stopping threads took: 0.0000214 seconds
53.584: [GC (Allocation Failure)  571745K->248161K(1036288K), 0.0042117 secs]
53.588: Total time for which application threads were stopped: 0.0043744 seconds, Stopping threads took: 0.0000200 seconds
53.658: [GC (Allocation Failure)  572769K->248193K(1024512K), 0.0040928 secs]
53.662: Total time for which application threads were stopped: 0.0042559 seconds, Stopping threads took: 0.0000201 seconds
53.729: [GC (Allocation Failure)  572801K->256163K(1035776K), 0.0042026 secs]
53.733: Total time for which application threads were stopped: 0.0043724 seconds, Stopping threads took: 0.0000200 seconds
53.800: [GC (Allocation Failure)  579235K->256195K(1035264K), 0.0040868 secs]
53.805: Total time for which application threads were stopped: 0.0042617 seconds, Stopping threads took: 0.0000280 seconds
53.871: [GC (Allocation Failure)  579267K->256331K(1034752K), 0.0042321 secs]
53.876: Total time for which application threads were stopped: 0.0044004 seconds, Stopping threads took: 0.0000187 seconds
53.943: [GC (Allocation Failure)  578891K->264237K(1035264K), 0.0041071 secs]
53.948: Total time for which application threads were stopped: 0.0042736 seconds, Stopping threads took: 0.0000189 seconds
54.016: [GC (Allocation Failure)  586797K->264205K(1035264K), 0.0042042 secs]
54.020: Total time for which application threads were stopped: 0.0043856 seconds, Stopping threads took: 0.0000203 seconds
54.087: [GC (Allocation Failure)  586765K->264549K(1022464K), 0.0042292 secs]
54.091: Total time for which application threads were stopped: 0.0043978 seconds, Stopping threads took: 0.0000192 seconds
54.159: [GC (Allocation Failure)  587109K->272231K(1034752K), 0.0041196 secs]
54.163: Total time for which application threads were stopped: 0.0042812 seconds, Stopping threads took: 0.0000192 seconds
54.231: [GC (Allocation Failure)  593767K->272231K(1034752K), 0.0040202 secs]
54.235: Total time for which application threads were stopped: 0.0041796 seconds, Stopping threads took: 0.0000196 seconds
54.303: [GC (Allocation Failure)  593767K->272263K(1034752K), 0.0041958 secs]
54.307: Total time for which application threads were stopped: 0.0043554 seconds, Stopping threads took: 0.0000198 seconds
54.373: [GC (Allocation Failure)  593799K->280234K(1034752K), 0.0041981 secs]
54.377: Total time for which application threads were stopped: 0.0043911 seconds, Stopping threads took: 0.0000191 seconds
54.446: [GC (Allocation Failure)  601770K->280266K(1034752K), 0.0043043 secs]
54.450: Total time for which application threads were stopped: 0.0044757 seconds, Stopping threads took: 0.0000200 seconds
54.517: [GC (Allocation Failure)  601802K->280522K(1021440K), 0.0041952 secs]
54.521: Total time for which application threads were stopped: 0.0044024 seconds, Stopping threads took: 0.0000201 seconds
54.587: [GC (Allocation Failure)  602058K->288268K(1034240K), 0.0043469 secs]
54.592: Total time for which application threads were stopped: 0.0045091 seconds, Stopping threads took: 0.0000197 seconds
54.659: [GC (Allocation Failure)  608780K->288300K(1034240K), 0.0042830 secs]
54.664: Total time for which application threads were stopped: 0.0044447 seconds, Stopping threads took: 0.0000196 seconds
54.730: [GC (Allocation Failure)  608812K->288356K(1034240K), 0.0041456 secs]
54.735: Total time for which application threads were stopped: 0.0043448 seconds, Stopping threads took: 0.0000204 seconds
54.805: [GC (Allocation Failure)  608868K->296326K(1034240K), 0.0042149 secs]
54.809: Total time for which application threads were stopped: 0.0043816 seconds, Stopping threads took: 0.0000266 seconds
54.877: [GC (Allocation Failure)  616838K->296294K(1034240K), 0.0043012 secs]
54.882: Total time for which application threads were stopped: 0.0044908 seconds, Stopping threads took: 0.0000197 seconds
54.950: [GC (Allocation Failure)  616806K->296486K(1020416K), 0.0041779 secs]
54.954: Total time for which application threads were stopped: 0.0043397 seconds, Stopping threads took: 0.0000207 seconds
55.024: [GC (Allocation Failure)  616998K->304361K(1033728K), 0.0040524 secs]
55.028: Total time for which application threads were stopped: 0.0042153 seconds, Stopping threads took: 0.0000201 seconds
55.094: [GC (Allocation Failure)  623849K->304393K(1033728K), 0.0040875 secs]
55.098: Total time for which application threads were stopped: 0.0042667 seconds, Stopping threads took: 0.0000203 seconds
55.164: [GC (Allocation Failure)  623881K->304713K(1033728K), 0.0042098 secs]
55.169: Total time for which application threads were stopped: 0.0043726 seconds, Stopping threads took: 0.0000200 seconds
55.235: [GC (Allocation Failure)  624201K->312363K(1033728K), 0.0043917 secs]
55.240: Total time for which application threads were stopped: 0.0045613 seconds, Stopping threads took: 0.0000197 seconds
55.307: [GC (Allocation Failure)  631851K->312395K(1033728K), 0.0042595 secs]
55.311: Total time for which application threads were stopped: 0.0044238 seconds, Stopping threads took: 0.0000195 seconds
55.377: [GC (Allocation Failure)  631883K->312963K(1033728K), 0.0045198 secs]
55.382: Total time for which application threads were stopped: 0.0047151 seconds, Stopping threads took: 0.0000201 seconds
55.451: [GC (Allocation Failure)  632451K->320421K(1033728K), 0.0045226 secs]
55.456: Total time for which application threads were stopped: 0.0046736 seconds, Stopping threads took: 0.0000169 seconds
55.523: [GC (Allocation Failure)  639909K->320421K(1033728K), 0.0042623 secs]
55.527: Total time for which application threads were stopped: 0.0044514 seconds, Stopping threads took: 0.0000195 seconds
55.595: [GC (Allocation Failure)  639909K->320645K(1033728K), 0.0042414 secs]
55.600: Total time for which application threads were stopped: 0.0044260 seconds, Stopping threads took: 0.0000168 seconds
55.669: [GC (Allocation Failure)  640133K->328455K(1027072K), 0.0041993 secs]
55.674: Total time for which application threads were stopped: 0.0043650 seconds, Stopping threads took: 0.0000174 seconds
55.743: [GC (Allocation Failure)  647943K->328455K(1033216K), 0.0054781 secs]
55.748: Total time for which application threads were stopped: 0.0056361 seconds, Stopping threads took: 0.0000194 seconds
55.814: [GC (Allocation Failure)  646919K->328615K(1033216K), 0.0043655 secs]
55.819: Total time for which application threads were stopped: 0.0045447 seconds, Stopping threads took: 0.0000199 seconds
55.887: [GC (Allocation Failure)  647079K->336490K(1033216K), 0.0043634 secs]
55.892: Total time for which application threads were stopped: 0.0045467 seconds, Stopping threads took: 0.0000198 seconds
55.956: [GC (Allocation Failure)  654954K->330023K(1033216K), 0.0017567 secs]
55.958: Total time for which application threads were stopped: 0.0018986 seconds, Stopping threads took: 0.0000200 seconds
56.026: [GC (Allocation Failure)  648487K->336578K(1034240K), 0.0043058 secs]
56.031: Total time for which application threads were stopped: 0.0044652 seconds, Stopping threads took: 0.0000190 seconds
56.097: [GC (Allocation Failure)  656578K->340626K(1033728K), 0.0048527 secs]
56.102: Total time for which application threads were stopped: 0.0050467 seconds, Stopping threads took: 0.0000199 seconds
56.169: [GC (Allocation Failure)  660626K->345583K(1030656K), 0.0064557 secs]
56.175: Total time for which application threads were stopped: 0.0066055 seconds, Stopping threads took: 0.0000170 seconds
56.242: [GC (Allocation Failure)  661999K->340658K(1032192K), 0.0043036 secs]
56.246: Total time for which application threads were stopped: 0.0044749 seconds, Stopping threads took: 0.0000198 seconds
56.312: [GC (Allocation Failure)  657074K->340626K(1032704K), 0.0042695 secs]
56.317: Total time for which application threads were stopped: 0.0044452 seconds, Stopping threads took: 0.0000252 seconds
56.383: [GC (Allocation Failure)  657554K->344138K(1032192K), 0.0051308 secs]
56.388: Total time for which application threads were stopped: 0.0052957 seconds, Stopping threads took: 0.0000201 seconds
56.455: [GC (Allocation Failure)  661066K->348652K(1033216K), 0.0043483 secs]
56.460: Total time for which application threads were stopped: 0.0045413 seconds, Stopping threads took: 0.0000199 seconds
56.527: [GC (Allocation Failure)  667116K->348620K(1033216K), 0.0043130 secs]
56.531: Total time for which application threads were stopped: 0.0044818 seconds, Stopping threads took: 0.0000194 seconds
56.595: [GC (Allocation Failure)  667084K->350828K(1033728K), 0.0044893 secs]
56.600: Total time for which application threads were stopped: 0.0046842 seconds, Stopping threads took: 0.0000189 seconds
56.669: [GC (Allocation Failure)  670316K->356718K(1033728K), 0.0043511 secs]
56.673: Total time for which application threads were stopped: 0.0045012 seconds, Stopping threads took: 0.0000172 seconds
56.741: [GC (Allocation Failure)  676206K->356686K(1034240K), 0.0043184 secs]
56.745: Total time for which application threads were stopped: 0.0045144 seconds, Stopping threads took: 0.0000199 seconds
56.814: [GC (Allocation Failure)  676686K->358542K(1033728K), 0.0047158 secs]
56.819: Total time for which application threads were stopped: 0.0048900 seconds, Stopping threads took: 0.0000262 seconds
56.887: [GC (Allocation Failure)  678542K->364848K(1034240K), 0.0044021 secs]
56.891: Total time for which application threads were stopped: 0.0045970 seconds, Stopping threads took: 0.0000203 seconds
56.960: [GC (Allocation Failure)  685360K->364720K(1034240K), 0.0042477 secs]
56.964: Total time for which application threads were stopped: 0.0044068 seconds, Stopping threads took: 0.0000186 seconds
57.032: [GC (Allocation Failure)  685232K->368296K(1034240K), 0.0051990 secs]
57.038: Total time for which application threads were stopped: 0.0053617 seconds, Stopping threads took: 0.0000192 seconds
57.105: [GC (Allocation Failure)  688808K->372779K(1034240K), 0.0041013 secs]
57.109: Total time for which application threads were stopped: 0.0042737 seconds, Stopping threads took: 0.0000198 seconds
57.179: [GC (Allocation Failure)  693291K->372747K(1034752K), 0.0044663 secs]
57.184: Total time for which application threads were stopped: 0.0046532 seconds, Stopping threads took: 0.0000219 seconds
57.251: [GC (Allocation Failure)  694283K->375499K(1034752K), 0.0047111 secs]
57.256: Total time for which application threads were stopped: 0.0048778 seconds, Stopping threads took: 0.0000194 seconds
57.325: [GC (Allocation Failure)  697035K->380781K(1034752K), 0.0046184 secs]
57.330: Total time for which application threads were stopped: 0.0047919 seconds, Stopping threads took: 0.0000208 seconds
57.397: [GC (Allocation Failure)  702317K->380781K(1034752K), 0.0045891 secs]
57.402: Total time for which application threads were stopped: 0.0047819 seconds, Stopping threads took: 0.0000188 seconds
57.468: [GC (Allocation Failure)  702317K->384773K(1035264K), 0.0053846 secs]
57.473: Total time for which application threads were stopped: 0.0055592 seconds, Stopping threads took: 0.0000205 seconds
57.542: [GC (Allocation Failure)  706821K->388871K(1034752K), 0.0044825 secs]
57.546: Total time for which application threads were stopped: 0.0046446 seconds, Stopping threads took: 0.0000198 seconds
57.614: [GC (Allocation Failure)  710919K->388807K(1035264K), 0.0051844 secs]
57.620: Total time for which application threads were stopped: 0.0053565 seconds, Stopping threads took: 0.0000258 seconds
57.688: [GC (Allocation Failure)  711367K->391975K(1035264K), 0.0051704 secs]
57.693: Total time for which application threads were stopped: 0.0053524 seconds, Stopping threads took: 0.0000198 seconds
57.762: [GC (Allocation Failure)  714535K->396841K(1035264K), 0.0041952 secs]
57.767: Total time for which application threads were stopped: 0.0043658 seconds, Stopping threads took: 0.0000202 seconds
57.835: [GC (Allocation Failure)  719401K->396841K(1035264K), 0.0043889 secs]
57.839: Total time for which application threads were stopped: 0.0045553 seconds, Stopping threads took: 0.0000199 seconds
57.906: [GC (Allocation Failure)  719401K->400233K(1035264K), 0.0051780 secs]
57.911: Total time for which application threads were stopped: 0.0053518 seconds, Stopping threads took: 0.0000202 seconds
57.981: [GC (Allocation Failure)  722793K->404972K(1035264K), 0.0045442 secs]
57.986: Total time for which application threads were stopped: 0.0047169 seconds, Stopping threads took: 0.0000201 seconds
58.054: [GC (Allocation Failure)  727532K->404876K(1035264K), 0.0044568 secs]
58.058: Total time for which application threads were stopped: 0.0046337 seconds, Stopping threads took: 0.0000187 seconds
58.127: [GC (Allocation Failure)  727436K->408460K(1035264K), 0.0051704 secs]
58.132: Total time for which application threads were stopped: 0.0053398 seconds, Stopping threads took: 0.0000212 seconds
58.200: [GC (Allocation Failure)  731020K->412942K(1035776K), 0.0046094 secs]
58.205: Total time for which application threads were stopped: 0.0047791 seconds, Stopping threads took: 0.0000195 seconds
58.275: [GC (Allocation Failure)  736526K->412910K(1035776K), 0.0043644 secs]
58.280: Total time for which application threads were stopped: 0.0045297 seconds, Stopping threads took: 0.0000257 seconds
58.346: [GC (Allocation Failure)  736494K->406572K(1034752K), 0.0018938 secs]
58.348: Total time for which application threads were stopped: 0.0020542 seconds, Stopping threads took: 0.0000254 seconds
58.417: [GC (Allocation Failure)  729132K->413166K(1035264K), 0.0045340 secs]
58.421: Total time for which application threads were stopped: 0.0047147 seconds, Stopping threads took: 0.0000217 seconds
58.489: [GC (Allocation Failure)  735726K->412910K(1035264K), 0.0044077 secs]
58.493: Total time for which application threads were stopped: 0.0045782 seconds, Stopping threads took: 0.0000221 seconds
58.560: [GC (Allocation Failure)  735470K->410892K(1035264K), 0.0065473 secs]
58.567: Total time for which application threads were stopped: 0.0067204 seconds, Stopping threads took: 0.0000195 seconds
58.636: [GC (Allocation Failure)  733452K->413102K(1035776K), 0.0045831 secs]
58.640: Total time for which application threads were stopped: 0.0047639 seconds, Stopping threads took: 0.0000189 seconds
58.709: [GC (Allocation Failure)  736686K->412910K(1035776K), 0.0047171 secs]
58.714: Total time for which application threads were stopped: 0.0048979 seconds, Stopping threads took: 0.0000171 seconds
58.783: [GC (Allocation Failure)  736494K->417260K(1032704K), 0.0061484 secs]
58.789: Total time for which application threads were stopped: 0.0063106 seconds, Stopping threads took: 0.0000243 seconds
58.858: [GC (Allocation Failure)  737772K->413038K(1034240K), 0.0044148 secs]
58.862: Total time for which application threads were stopped: 0.0045708 seconds, Stopping threads took: 0.0000172 seconds
58.930: [GC (Allocation Failure)  733550K->412942K(1035264K), 0.0043520 secs]
58.935: Total time for which application threads were stopped: 0.0045764 seconds, Stopping threads took: 0.0000266 seconds
59.003: [GC (Allocation Failure)  734990K->416940K(1033728K), 0.0062392 secs]
59.009: Total time for which application threads were stopped: 0.0064443 seconds, Stopping threads took: 0.0000202 seconds
59.077: [GC (Allocation Failure)  738988K->412974K(1034752K), 0.0053396 secs]
59.083: Total time for which application threads were stopped: 0.0055037 seconds, Stopping threads took: 0.0000191 seconds
59.150: [GC (Allocation Failure)  733998K->412910K(1034240K), 0.0044684 secs]
59.154: Total time for which application threads were stopped: 0.0046367 seconds, Stopping threads took: 0.0000196 seconds
59.220: [GC (Allocation Failure)  733934K->417644K(1032192K), 0.0062955 secs]
59.227: Total time for which application threads were stopped: 0.0064578 seconds, Stopping threads took: 0.0000199 seconds
59.296: [GC (Allocation Failure)  737132K->412942K(1033728K), 0.0043890 secs]
59.300: Total time for which application threads were stopped: 0.0045736 seconds, Stopping threads took: 0.0000273 seconds
59.367: [GC (Allocation Failure)  732430K->412910K(1034752K), 0.0044165 secs]
59.372: Total time for which application threads were stopped: 0.0045740 seconds, Stopping threads took: 0.0000191 seconds
59.440: [GC (Allocation Failure)  733934K->414284K(1034240K), 0.0051472 secs]
59.446: Total time for which application threads were stopped: 0.0053296 seconds, Stopping threads took: 0.0000190 seconds
59.512: [GC (Allocation Failure)  735308K->413166K(1035264K), 0.0043879 secs]
59.517: Total time for which application threads were stopped: 0.0045808 seconds, Stopping threads took: 0.0000201 seconds
59.585: [GC (Allocation Failure)  735214K->412878K(1034752K), 0.0044785 secs]
59.590: Total time for which application threads were stopped: 0.0046348 seconds, Stopping threads took: 0.0000175 seconds
59.656: [GC (Allocation Failure)  734926K->415980K(1034752K), 0.0058472 secs]
59.662: Total time for which application threads were stopped: 0.0060151 seconds, Stopping threads took: 0.0000185 seconds
59.729: [GC (Allocation Failure)  738540K->413102K(1035264K), 0.0044397 secs]
59.734: Total time for which application threads were stopped: 0.0046202 seconds, Stopping threads took: 0.0000200 seconds
59.803: [GC (Allocation Failure)  735662K->412910K(1035776K), 0.0044019 secs]
59.808: Total time for which application threads were stopped: 0.0045781 seconds, Stopping threads took: 0.0000261 seconds
59.874: [GC (Allocation Failure)  736494K->404940K(1023488K), 0.0014043 secs]
59.875: Total time for which application threads were stopped: 0.0015290 seconds, Stopping threads took: 0.0000193 seconds
59.945: [GC (Allocation Failure)  728524K->413054K(1035264K), 0.0043929 secs]
59.950: Total time for which application threads were stopped: 0.0045653 seconds, Stopping threads took: 0.0000197 seconds
60.017: [GC (Allocation Failure)  735102K->417030K(1034752K), 0.0056280 secs]
60.023: Total time for which application threads were stopped: 0.0058439 seconds, Stopping threads took: 0.0000209 seconds
60.092: [GC (Allocation Failure)  739078K->413156K(1035776K), 0.0034898 secs]
60.096: Total time for which application threads were stopped: 0.0036610 seconds, Stopping threads took: 0.0000199 seconds
60.164: [GC (Allocation Failure)  736740K->417222K(1027584K), 0.0047925 secs]
60.169: Total time for which application threads were stopped: 0.0049683 seconds, Stopping threads took: 0.0000205 seconds
60.238: [GC (Allocation Failure)  740806K->421190K(1035776K), 0.0046235 secs]
60.243: Total time for which application threads were stopped: 0.0047888 seconds, Stopping threads took: 0.0000201 seconds
60.312: [GC (Allocation Failure)  744262K->421190K(1035264K), 0.0045662 secs]
60.317: Total time for which application threads were stopped: 0.0047356 seconds, Stopping threads took: 0.0000202 seconds
60.385: [GC (Allocation Failure)  744262K->421254K(1034752K), 0.0047437 secs]
60.390: Total time for which application threads were stopped: 0.0049089 seconds, Stopping threads took: 0.0000198 seconds
60.458: [GC (Allocation Failure)  743814K->429224K(1035264K), 0.0045130 secs]
60.463: Total time for which application threads were stopped: 0.0046916 seconds, Stopping threads took: 0.0000249 seconds
60.529: [GC (Allocation Failure)  751784K->429224K(1035264K), 0.0065671 secs]
60.536: Total time for which application threads were stopped: 0.0067369 seconds, Stopping threads took: 0.0000198 seconds
60.603: [GC (Allocation Failure)  751784K->429280K(1022464K), 0.0075623 secs]
60.611: Total time for which application threads were stopped: 0.0077739 seconds, Stopping threads took: 0.0000201 seconds
60.680: [GC (Allocation Failure)  751840K->437251K(1034752K), 0.0044664 secs]
60.685: Total time for which application threads were stopped: 0.0046249 seconds, Stopping threads took: 0.0000191 seconds
60.752: [GC (Allocation Failure)  758787K->437219K(1034752K), 0.0060643 secs]
60.759: Total time for which application threads were stopped: 0.0062425 seconds, Stopping threads took: 0.0000280 seconds
60.827: [GC (Allocation Failure)  758755K->437483K(1034240K), 0.0047102 secs]
60.831: Total time for which application threads were stopped: 0.0048782 seconds, Stopping threads took: 0.0000220 seconds
60.898: [GC (Allocation Failure)  759019K->445293K(1034752K), 0.0045225 secs]
60.903: Total time for which application threads were stopped: 0.0046915 seconds, Stopping threads took: 0.0000193 seconds
60.970: [GC (Allocation Failure)  766829K->445293K(1034752K), 0.0045260 secs]
60.974: Total time for which application threads were stopped: 0.0046895 seconds, Stopping threads took: 0.0000204 seconds
61.039: [GC (Allocation Failure)  766829K->445733K(1021440K), 0.0048471 secs]
61.044: Total time for which application threads were stopped: 0.0050185 seconds, Stopping threads took: 0.0000204 seconds
61.112: [GC (Allocation Failure)  767269K->453351K(1034240K), 0.0043704 secs]
61.116: Total time for which application threads were stopped: 0.0045391 seconds, Stopping threads took: 0.0000187 seconds
61.185: [GC (Allocation Failure)  773863K->453319K(1034240K), 0.0044518 secs]
61.190: Total time for which application threads were stopped: 0.0046209 seconds, Stopping threads took: 0.0000202 seconds
61.257: [GC (Allocation Failure)  773831K->453407K(1034240K), 0.0069021 secs]
61.264: Total time for which application threads were stopped: 0.0070785 seconds, Stopping threads took: 0.0000197 seconds
61.332: [GC (Allocation Failure)  773919K->461345K(1034240K), 0.0045317 secs]
61.337: Total time for which application threads were stopped: 0.0046946 seconds, Stopping threads took: 0.0000197 seconds
61.404: [GC (Allocation Failure)  781857K->461377K(1034240K), 0.0045245 secs]
61.409: Total time for which application threads were stopped: 0.0046932 seconds, Stopping threads took: 0.0000213 seconds
61.474: [GC (Allocation Failure)  781889K->461417K(1020416K), 0.0047767 secs]
61.479: Total time for which application threads were stopped: 0.0049556 seconds, Stopping threads took: 0.0000200 seconds
61.547: [GC (Allocation Failure)  781929K->469388K(1033728K), 0.0044447 secs]
61.551: Total time for which application threads were stopped: 0.0046162 seconds, Stopping threads took: 0.0000204 seconds
61.618: [GC (Allocation Failure)  788876K->469356K(1033728K), 0.0051655 secs]
61.623: Total time for which application threads were stopped: 0.0053394 seconds, Stopping threads took: 0.0000199 seconds
61.689: [GC (Allocation Failure)  788844K->469444K(1033728K), 0.0046290 secs]
61.693: Total time for which application threads were stopped: 0.0048240 seconds, Stopping threads took: 0.0000197 seconds
61.761: [GC (Allocation Failure)  788932K->477382K(1033728K), 0.0046283 secs]
61.766: Total time for which application threads were stopped: 0.0047949 seconds, Stopping threads took: 0.0000253 seconds
61.831: [GC (Allocation Failure)  796870K->477446K(1033728K), 0.0047834 secs]
61.836: Total time for which application threads were stopped: 0.0049451 seconds, Stopping threads took: 0.0000187 seconds
61.903: [GC (Allocation Failure)  796934K->477638K(1033728K), 0.0045608 secs]
61.907: Total time for which application threads were stopped: 0.0047304 seconds, Stopping threads took: 0.0000195 seconds
61.973: [GC (Allocation Failure)  797126K->485416K(1033728K), 0.0045061 secs]
61.977: Total time for which application threads were stopped: 0.0046987 seconds, Stopping threads took: 0.0000193 seconds
62.043: [GC (Allocation Failure)  804904K->481542K(1033728K), 0.0035240 secs]
62.047: Total time for which application threads were stopped: 0.0036704 seconds, Stopping threads took: 0.0000166 seconds
62.114: [GC (Allocation Failure)  801030K->485608K(1034752K), 0.0048238 secs]
62.119: Total time for which application threads were stopped: 0.0049971 seconds, Stopping threads took: 0.0000200 seconds
62.186: [GC (Allocation Failure)  806632K->489576K(1034240K), 0.0051140 secs]
62.191: Total time for which application threads were stopped: 0.0053004 seconds, Stopping threads took: 0.0000288 seconds
62.257: [GC (Allocation Failure)  810600K->483814K(1034752K), 0.0025388 secs]
62.259: Total time for which application threads were stopped: 0.0026900 seconds, Stopping threads took: 0.0000193 seconds
62.326: [GC (Allocation Failure)  805350K->489608K(1034752K), 0.0064015 secs]
62.333: Total time for which application threads were stopped: 0.0065722 seconds, Stopping threads took: 0.0000193 seconds
62.400: [GC (Allocation Failure)  811144K->493712K(1035264K), 0.0050041 secs]
62.405: Total time for which application threads were stopped: 0.0051933 seconds, Stopping threads took: 0.0000203 seconds
62.473: [GC (Allocation Failure)  816010K->489838K(1035264K), 0.0032460 secs]
62.476: Total time for which application threads were stopped: 0.0034223 seconds, Stopping threads took: 0.0000188 seconds
62.545: [GC (Allocation Failure)  812398K->493872K(1036288K), 0.0047492 secs]
62.550: Total time for which application threads were stopped: 0.0049317 seconds, Stopping threads took: 0.0000205 seconds
62.619: [GC (Allocation Failure)  817968K->497808K(1035776K), 0.0052975 secs]
62.624: Total time for which application threads were stopped: 0.0054786 seconds, Stopping threads took: 0.0000253 seconds
62.692: [GC (Allocation Failure)  821904K->497840K(1035776K), 0.0046309 secs]
62.697: Total time for which application threads were stopped: 0.0048291 seconds, Stopping threads took: 0.0000206 seconds
62.766: [GC (Allocation Failure)  821424K->497896K(1023488K), 0.0046230 secs]
62.770: Total time for which application threads were stopped: 0.0047956 seconds, Stopping threads took: 0.0000265 seconds
62.838: [GC (Allocation Failure)  821480K->505898K(1035264K), 0.0047801 secs]
62.843: Total time for which application threads were stopped: 0.0049477 seconds, Stopping threads took: 0.0000188 seconds
62.913: [GC (Allocation Failure)  828458K->505866K(1030144K), 0.0046122 secs]
62.918: Total time for which application threads were stopped: 0.0047740 seconds, Stopping threads took: 0.0000186 seconds
62.985: [GC (Allocation Failure)  828426K->505930K(1034752K), 0.0046917 secs]
62.990: Total time for which application threads were stopped: 0.0048661 seconds, Stopping threads took: 0.0000195 seconds
63.060: [GC (Allocation Failure)  827466K->513933K(1029120K), 0.0048355 secs]
63.065: Total time for which application threads were stopped: 0.0050009 seconds, Stopping threads took: 0.0000189 seconds
63.133: [GC (Allocation Failure)  835469K->513901K(1034240K), 0.0047050 secs]
63.137: Total time for which application threads were stopped: 0.0048688 seconds, Stopping threads took: 0.0000199 seconds
63.205: [GC (Allocation Failure)  834413K->514149K(1034240K), 0.0047468 secs]
63.209: Total time for which application threads were stopped: 0.0049088 seconds, Stopping threads took: 0.0000199 seconds
63.277: [GC (Allocation Failure)  834661K->521927K(1034240K), 0.0046313 secs]
63.282: Total time for which application threads were stopped: 0.0048074 seconds, Stopping threads took: 0.0000252 seconds
63.350: [GC (Allocation Failure)  842439K->521895K(1034240K), 0.0047896 secs]
63.355: Total time for which application threads were stopped: 0.0049630 seconds, Stopping threads took: 0.0000209 seconds
63.422: [GC (Allocation Failure)  842407K->522375K(1033216K), 0.0045930 secs]
63.426: Total time for which application threads were stopped: 0.0047565 seconds, Stopping threads took: 0.0000207 seconds
63.493: [GC (Allocation Failure)  841863K->529961K(1033728K), 0.0049466 secs]
63.498: Total time for which application threads were stopped: 0.0051260 seconds, Stopping threads took: 0.0000200 seconds
63.565: [GC (Allocation Failure)  849449K->529929K(1033728K), 0.0057890 secs]
63.571: Total time for which application threads were stopped: 0.0059475 seconds, Stopping threads took: 0.0000199 seconds
63.637: [GC (Allocation Failure)  849417K->530089K(1033728K), 0.0046420 secs]
63.641: Total time for which application threads were stopped: 0.0048194 seconds, Stopping threads took: 0.0000191 seconds
63.709: [GC (Allocation Failure)  849577K->537995K(1033728K), 0.0048859 secs]
63.714: Total time for which application threads were stopped: 0.0050812 seconds, Stopping threads took: 0.0000195 seconds
63.781: [GC (Allocation Failure)  857483K->537995K(1033728K), 0.0047865 secs]
63.786: Total time for which application threads were stopped: 0.0049455 seconds, Stopping threads took: 0.0000199 seconds
63.852: [GC (Allocation Failure)  857483K->538059K(1033728K), 0.0048551 secs]
63.857: Total time for which application threads were stopped: 0.0050168 seconds, Stopping threads took: 0.0000195 seconds
63.923: [GC (Allocation Failure)  857547K->545998K(1027072K), 0.0048455 secs]
63.928: Total time for which application threads were stopped: 0.0050390 seconds, Stopping threads took: 0.0000195 seconds
63.994: [GC (Allocation Failure)  865485K->542123K(1034240K), 0.0037834 secs]
63.998: Total time for which application threads were stopped: 0.0039321 seconds, Stopping threads took: 0.0000169 seconds
64.069: [GC (Allocation Failure)  861611K->546190K(1033216K), 0.0046088 secs]
64.074: Total time for which application threads were stopped: 0.0048077 seconds, Stopping threads took: 0.0000206 seconds
64.143: [GC (Allocation Failure)  865678K->550126K(1034752K), 0.0047919 secs]
64.148: Total time for which application threads were stopped: 0.0049708 seconds, Stopping threads took: 0.0000173 seconds
64.216: [GC (Allocation Failure)  871662K->543403K(1034752K), 0.0021308 secs]
64.219: Total time for which application threads were stopped: 0.0022806 seconds, Stopping threads took: 0.0000193 seconds
64.286: [GC (Allocation Failure)  864939K->550222K(1034752K), 0.0045856 secs]
64.291: Total time for which application threads were stopped: 0.0047635 seconds, Stopping threads took: 0.0000272 seconds
64.357: [GC (Allocation Failure)  871758K->554326K(1034752K), 0.0056902 secs]
64.363: Total time for which application threads were stopped: 0.0058635 seconds, Stopping threads took: 0.0000195 seconds
64.429: [GC (Allocation Failure)  875862K->548723K(1034752K), 0.0028409 secs]
64.432: Total time for which application threads were stopped: 0.0030058 seconds, Stopping threads took: 0.0000203 seconds
64.499: [GC (Allocation Failure)  870259K->554566K(1034752K), 0.0046685 secs]
64.504: Total time for which application threads were stopped: 0.0048303 seconds, Stopping threads took: 0.0000194 seconds
64.571: [GC (Allocation Failure)  876102K->558470K(1034752K), 0.0049816 secs]
64.576: Total time for which application threads were stopped: 0.0051429 seconds, Stopping threads took: 0.0000205 seconds
64.645: [GC (Allocation Failure)  880958K->554563K(1035264K), 0.0034474 secs]
64.648: Total time for which application threads were stopped: 0.0036062 seconds, Stopping threads took: 0.0000200 seconds
64.716: [GC (Allocation Failure)  877123K->558606K(1036288K), 0.0048963 secs]
64.721: Total time for which application threads were stopped: 0.0050548 seconds, Stopping threads took: 0.0000190 seconds
64.789: [GC (Allocation Failure)  882702K->562574K(1035776K), 0.0045190 secs]
64.793: Total time for which application threads were stopped: 0.0046930 seconds, Stopping threads took: 0.0000253 seconds
64.863: [GC (Allocation Failure)  886670K->562574K(1035776K), 0.0047802 secs]
64.868: Total time for which application threads were stopped: 0.0049519 seconds, Stopping threads took: 0.0000195 seconds
64.935: [GC (Allocation Failure)  886158K->562638K(1023488K), 0.0047302 secs]
64.940: Total time for which application threads were stopped: 0.0048922 seconds, Stopping threads took: 0.0000205 seconds
65.006: [GC (Allocation Failure)  886222K->570640K(1035264K), 0.0048176 secs]
65.011: Total time for which application threads were stopped: 0.0049798 seconds, Stopping threads took: 0.0000192 seconds
65.079: [GC (Allocation Failure)  893200K->570576K(1030144K), 0.0046258 secs]
65.083: Total time for which application threads were stopped: 0.0048158 seconds, Stopping threads took: 0.0000191 seconds
65.152: [GC (Allocation Failure)  893136K->570664K(1034752K), 0.0047588 secs]
65.157: Total time for which application threads were stopped: 0.0049163 seconds, Stopping threads took: 0.0000175 seconds
65.224: [GC (Allocation Failure)  892200K->578634K(1034752K), 0.0048892 secs]
65.229: Total time for which application threads were stopped: 0.0050773 seconds, Stopping threads took: 0.0000265 seconds
65.297: [GC (Allocation Failure)  900170K->578634K(1033728K), 0.0045240 secs]
65.302: Total time for which application threads were stopped: 0.0046943 seconds, Stopping threads took: 0.0000255 seconds
65.369: [GC (Allocation Failure)  899146K->578890K(1034240K), 0.0046048 secs]
65.373: Total time for which application threads were stopped: 0.0048064 seconds, Stopping threads took: 0.0000211 seconds
65.443: [GC (Allocation Failure)  899402K->586668K(1034240K), 0.0047609 secs]
65.448: Total time for which application threads were stopped: 0.0049468 seconds, Stopping threads took: 0.0000204 seconds
65.516: [GC (Allocation Failure)  907180K->586668K(1034240K), 0.0047496 secs]
65.521: Total time for which application threads were stopped: 0.0049265 seconds, Stopping threads took: 0.0000214 seconds
65.589: [GC (Allocation Failure)  907180K->587084K(1033216K), 0.0049303 secs]
65.594: Total time for which application threads were stopped: 0.0051041 seconds, Stopping threads took: 0.0000199 seconds
65.662: [GC (Allocation Failure)  906572K->594735K(1033728K), 0.0046750 secs]
65.667: Total time for which application threads were stopped: 0.0048697 seconds, Stopping threads took: 0.0000195 seconds
65.736: [GC (Allocation Failure)  914223K->594671K(1033728K), 0.0049840 secs]
65.741: Total time for which application threads were stopped: 0.0051210 seconds, Stopping threads took: 0.0000174 seconds
65.806: [GC (Allocation Failure)  914159K->594823K(1033728K), 0.0046330 secs]
65.810: Total time for which application threads were stopped: 0.0048079 seconds, Stopping threads took: 0.0000278 seconds
65.880: [GC (Allocation Failure)  914311K->602729K(1033728K), 0.0047189 secs]
65.885: Total time for which application threads were stopped: 0.0048694 seconds, Stopping threads took: 0.0000169 seconds
65.952: [GC (Allocation Failure)  922217K->602729K(1033728K), 0.0047362 secs]
65.957: Total time for which application threads were stopped: 0.0048988 seconds, Stopping threads took: 0.0000193 seconds
66.024: [GC (Allocation Failure)  922217K->602793K(1033728K), 0.0047562 secs]
66.029: Total time for which application threads were stopped: 0.0049464 seconds, Stopping threads took: 0.0000280 seconds
66.097: [GC (Allocation Failure)  922281K->610763K(1027072K), 0.0050653 secs]
66.102: Total time for which application threads were stopped: 0.0052173 seconds, Stopping threads took: 0.0000171 seconds
66.168: [GC (Allocation Failure)  930251K->606857K(1034240K), 0.0037504 secs]
66.171: Total time for which application threads were stopped: 0.0039109 seconds, Stopping threads took: 0.0000194 seconds
66.239: [GC (Allocation Failure)  926345K->610851K(1033216K), 0.0057931 secs]
66.245: Total time for which application threads were stopped: 0.0059725 seconds, Stopping threads took: 0.0000214 seconds
66.315: [GC (Allocation Failure)  930339K->614915K(1034752K), 0.0047111 secs]
66.320: Total time for which application threads were stopped: 0.0049168 seconds, Stopping threads took: 0.0000281 seconds
66.386: [GC (Allocation Failure)  936451K->608097K(1034752K), 0.0023320 secs]
66.389: Total time for which application threads were stopped: 0.0024776 seconds, Stopping threads took: 0.0000258 seconds
66.455: [GC (Allocation Failure)  929633K->614987K(1034752K), 0.0048120 secs]
66.460: Total time for which application threads were stopped: 0.0049717 seconds, Stopping threads took: 0.0000199 seconds
66.529: [GC (Allocation Failure)  936523K->619035K(1034752K), 0.0056757 secs]
66.535: Total time for which application threads were stopped: 0.0058418 seconds, Stopping threads took: 0.0000199 seconds
66.601: [GC (Allocation Failure)  940571K->613465K(1034752K), 0.0029981 secs]
66.604: Total time for which application threads were stopped: 0.0031705 seconds, Stopping threads took: 0.0000193 seconds
66.672: [GC (Allocation Failure)  935001K->619307K(1034752K), 0.0047451 secs]
66.677: Total time for which application threads were stopped: 0.0049132 seconds, Stopping threads took: 0.0000195 seconds
66.744: [GC (Allocation Failure)  940843K->623203K(1035264K), 0.0051007 secs]
66.749: Total time for which application threads were stopped: 0.0052872 seconds, Stopping threads took: 0.0000201 seconds
66.817: [GC (Allocation Failure)  945692K->619265K(1035264K), 0.0036365 secs]
66.821: Total time for which application threads were stopped: 0.0038075 seconds, Stopping threads took: 0.0000263 seconds
66.889: [GC (Allocation Failure)  941825K->623307K(1036288K), 0.0049359 secs]
66.894: Total time for which application threads were stopped: 0.0051204 seconds, Stopping threads took: 0.0000195 seconds
66.963: [GC (Allocation Failure)  947403K->627339K(1035776K), 0.0049344 secs]
66.968: Total time for which application threads were stopped: 0.0050941 seconds, Stopping threads took: 0.0000202 seconds
67.038: [GC (Allocation Failure)  951435K->627339K(1035776K), 0.0048128 secs]
67.042: Total time for which application threads were stopped: 0.0049896 seconds, Stopping threads took: 0.0000353 seconds
67.110: [GC (Allocation Failure)  950923K->627403K(1023488K), 0.0048891 secs]
67.115: Total time for which application threads were stopped: 0.0050945 seconds, Stopping threads took: 0.0000200 seconds
67.183: [GC (Allocation Failure)  950987K->635374K(1035264K), 0.0047444 secs]
67.188: Total time for which application threads were stopped: 0.0049290 seconds, Stopping threads took: 0.0000168 seconds
67.258: [GC (Allocation Failure)  957934K->635342K(1030144K), 0.0047502 secs]
67.263: Total time for which application threads were stopped: 0.0049175 seconds, Stopping threads took: 0.0000169 seconds
67.330: [GC (Allocation Failure)  957902K->635398K(1034752K), 0.0049714 secs]
67.335: Total time for which application threads were stopped: 0.0051402 seconds, Stopping threads took: 0.0000197 seconds
67.403: [GC (Allocation Failure)  956934K->643400K(1029120K), 0.0050338 secs]
67.408: Total time for which application threads were stopped: 0.0052141 seconds, Stopping threads took: 0.0000191 seconds
67.477: [GC (Allocation Failure)  964936K->643400K(1034240K), 0.0046723 secs]
67.481: Total time for which application threads were stopped: 0.0048219 seconds, Stopping threads took: 0.0000173 seconds
67.549: [GC (Allocation Failure)  963912K->643624K(1034240K), 0.0047743 secs]
67.553: Total time for which application threads were stopped: 0.0049378 seconds, Stopping threads took: 0.0000256 seconds
67.624: [GC (Allocation Failure)  964136K->651402K(1034240K), 0.0065353 secs]
67.630: Total time for which application threads were stopped: 0.0066797 seconds, Stopping threads took: 0.0000254 seconds
67.698: [GC (Allocation Failure)  971914K->651402K(1034240K), 0.0050614 secs]
67.703: Total time for which application threads were stopped: 0.0052191 seconds, Stopping threads took: 0.0000193 seconds
67.771: [GC (Allocation Failure)  971914K->651850K(1033216K), 0.0048290 secs]
67.776: Total time for which application threads were stopped: 0.0050043 seconds, Stopping threads took: 0.0000279 seconds
67.844: [GC (Allocation Failure)  971338K->659468K(1033728K), 0.0049306 secs]
67.849: Total time for which application threads were stopped: 0.0051099 seconds, Stopping threads took: 0.0000277 seconds
67.916: [GC (Allocation Failure)  978956K->659436K(1033728K), 0.0049368 secs]
67.921: Total time for which application threads were stopped: 0.0050956 seconds, Stopping threads took: 0.0000195 seconds
67.986: [GC (Allocation Failure)  978924K->659556K(1033728K), 0.0049000 secs]
67.991: Total time for which application threads were stopped: 0.0051049 seconds, Stopping threads took: 0.0000319 seconds
68.060: [GC (Allocation Failure)  979044K->667463K(1033728K), 0.0048550 secs]
68.064: Total time for which application threads were stopped: 0.0050059 seconds, Stopping threads took: 0.0000171 seconds
68.131: [GC (Allocation Failure)  986951K->667495K(1033728K), 0.0048576 secs]
68.136: Total time for which application threads were stopped: 0.0050170 seconds, Stopping threads took: 0.0000195 seconds
68.203: [GC (Allocation Failure)  986983K->667527K(1033728K), 0.0049731 secs]
68.208: Total time for which application threads were stopped: 0.0051350 seconds, Stopping threads took: 0.0000197 seconds
68.277: [GC (Allocation Failure)  987015K->675529K(1027072K), 0.0050751 secs]
68.282: Total time for which application threads were stopped: 0.0052475 seconds, Stopping threads took: 0.0000261 seconds
68.347: [GC (Allocation Failure)  995016K->671591K(1034240K), 0.0040272 secs]
68.351: Total time for which application threads were stopped: 0.0041905 seconds, Stopping threads took: 0.0000196 seconds
68.418: [GC (Allocation Failure)  991079K->675657K(1033216K), 0.0050825 secs]
68.424: Total time for which application threads were stopped: 0.0052425 seconds, Stopping threads took: 0.0000192 seconds
68.491: [GC (Allocation Failure)  995145K->679625K(1034752K), 0.0063939 secs]
68.498: Total time for which application threads were stopped: 0.0065558 seconds, Stopping threads took: 0.0000198 seconds
68.566: [GC (Allocation Failure)  1001161K->672839K(1034752K), 0.0023815 secs]
68.568: Total time for which application threads were stopped: 0.0025427 seconds, Stopping threads took: 0.0000202 seconds
68.637: [GC (Allocation Failure)  994375K->679697K(1034752K), 0.0048284 secs]
68.642: Total time for which application threads were stopped: 0.0049798 seconds, Stopping threads took: 0.0000179 seconds
68.709: [GC (Allocation Failure)  1001233K->683777K(1034752K), 0.0058453 secs]
68.714: Total time for which application threads were stopped: 0.0060148 seconds, Stopping threads took: 0.0000194 seconds
68.780: [GC (Allocation Failure)  1005313K->678207K(1034752K), 0.0029939 secs]
68.783: Total time for which application threads were stopped: 0.0031508 seconds, Stopping threads took: 0.0000264 seconds
68.850: [GC (Allocation Failure)  999743K->684041K(1034752K), 0.0049982 secs]
68.855: Total time for which application threads were stopped: 0.0051779 seconds, Stopping threads took: 0.0000250 seconds
68.924: [GC (Allocation Failure)  1005577K->687945K(1035264K), 0.0052995 secs]
68.930: Total time for which application threads were stopped: 0.0054700 seconds, Stopping threads took: 0.0000198 seconds
68.998: [GC (Allocation Failure)  1010433K->684007K(1035264K), 0.0037513 secs]
69.001: Total time for which application threads were stopped: 0.0039428 seconds, Stopping threads took: 0.0000188 seconds
69.069: [GC (Allocation Failure)  1006567K->688073K(1036288K), 0.0051912 secs]
69.074: Total time for which application threads were stopped: 0.0053664 seconds, Stopping threads took: 0.0000205 seconds
69.142: [GC (Allocation Failure)  1012169K->692041K(1035776K), 0.0047948 secs]
69.147: Total time for which application threads were stopped: 0.0049753 seconds, Stopping threads took: 0.0000209 seconds
69.217: [GC (Allocation Failure)  1016137K->692073K(1035776K), 0.0048840 secs]
69.222: Total time for which application threads were stopped: 0.0050497 seconds, Stopping threads took: 0.0000245 seconds
69.290: [GC (Allocation Failure)  1015657K->692105K(1023488K), 0.0051297 secs]
69.296: [Full GC (Ergonomics)  692105K->8531K(1023488K), 0.0132920 secs]
69.309: Total time for which application threads were stopped: 0.0187459 seconds, Stopping threads took: 0.0000256 seconds
69.376: [GC (Allocation Failure)  332115K->16821K(1034240K), 0.0038087 secs]
69.380: Total time for which application threads were stopped: 0.0039695 seconds, Stopping threads took: 0.0000166 seconds
69.448: [GC (Allocation Failure)  338357K->16821K(1034752K), 0.0037260 secs]
69.452: Total time for which application threads were stopped: 0.0038959 seconds, Stopping threads took: 0.0000196 seconds
69.519: [GC (Allocation Failure)  338357K->16845K(1034752K), 0.0040721 secs]
69.523: Total time for which application threads were stopped: 0.0042426 seconds, Stopping threads took: 0.0000200 seconds
69.591: [GC (Allocation Failure)  338381K->24880K(1029120K), 0.0036293 secs]
69.595: Total time for which application threads were stopped: 0.0038250 seconds, Stopping threads took: 0.0000198 seconds
69.665: [GC (Allocation Failure)  346416K->24880K(1034240K), 0.0036055 secs]
69.669: Total time for which application threads were stopped: 0.0037672 seconds, Stopping threads took: 0.0000195 seconds
69.735: [GC (Allocation Failure)  345392K->25096K(1034240K), 0.0037739 secs]
69.739: Total time for which application threads were stopped: 0.0039347 seconds, Stopping threads took: 0.0000201 seconds
69.809: [GC (Allocation Failure)  345608K->32874K(1034240K), 0.0037446 secs]
69.813: Total time for which application threads were stopped: 0.0039023 seconds, Stopping threads took: 0.0000254 seconds
69.881: [GC (Allocation Failure)  353386K->32842K(1028096K), 0.0037006 secs]
69.885: Total time for which application threads were stopped: 0.0038589 seconds, Stopping threads took: 0.0000195 seconds
69.952: [GC (Allocation Failure)  353354K->33322K(1033728K), 0.0039457 secs]
69.956: Total time for which application threads were stopped: 0.0041070 seconds, Stopping threads took: 0.0000199 seconds
70.025: [GC (Allocation Failure)  352810K->40908K(1033728K), 0.0037082 secs]
70.029: Total time for which application threads were stopped: 0.0038769 seconds, Stopping threads took: 0.0000187 seconds
70.096: [GC (Allocation Failure)  360396K->40908K(1033728K), 0.0036742 secs]
70.100: Total time for which application threads were stopped: 0.0038374 seconds, Stopping threads took: 0.0000206 seconds
70.164: [GC (Allocation Failure)  360396K->41060K(1033728K), 0.0038766 secs]
70.168: Total time for which application threads were stopped: 0.0040363 seconds, Stopping threads took: 0.0000200 seconds
70.238: [GC (Allocation Failure)  360548K->48902K(1033728K), 0.0038255 secs]
70.241: Total time for which application threads were stopped: 0.0040027 seconds, Stopping threads took: 0.0000359 seconds
70.308: [GC (Allocation Failure)  368389K->45028K(1033728K), 0.0023988 secs]
70.311: Total time for which application threads were stopped: 0.0025544 seconds, Stopping threads took: 0.0000276 seconds
70.381: [GC (Allocation Failure)  364516K->49094K(1034752K), 0.0040023 secs]
70.385: Total time for which application threads were stopped: 0.0041746 seconds, Stopping threads took: 0.0000204 seconds
70.453: [GC (Allocation Failure)  370118K->53094K(1034240K), 0.0036743 secs]
70.457: Total time for which application threads were stopped: 0.0038433 seconds, Stopping threads took: 0.0000213 seconds
70.524: [GC (Allocation Failure)  374118K->47300K(1034752K), 0.0014014 secs]
70.525: Total time for which application threads were stopped: 0.0015332 seconds, Stopping threads took: 0.0000190 seconds
70.593: [GC (Allocation Failure)  368836K->53126K(1034752K), 0.0054290 secs]
70.598: Total time for which application threads were stopped: 0.0056016 seconds, Stopping threads took: 0.0000200 seconds
70.669: [GC (Allocation Failure)  374662K->57198K(1034752K), 0.0042413 secs]
70.673: Total time for which application threads were stopped: 0.0044054 seconds, Stopping threads took: 0.0000180 seconds
70.741: [GC (Allocation Failure)  379496K->53292K(1035264K), 0.0024282 secs]
70.743: Total time for which application threads were stopped: 0.0025885 seconds, Stopping threads took: 0.0000250 seconds
70.812: [GC (Allocation Failure)  375852K->57358K(1036288K), 0.0039280 secs]
70.816: Total time for which application threads were stopped: 0.0041107 seconds, Stopping threads took: 0.0000194 seconds
70.886: [GC (Allocation Failure)  381454K->61326K(1035776K), 0.0036868 secs]
70.890: Total time for which application threads were stopped: 0.0038736 seconds, Stopping threads took: 0.0000200 seconds
70.956: [GC (Allocation Failure)  385422K->61326K(1035776K), 0.0036940 secs]
70.960: Total time for which application threads were stopped: 0.0038548 seconds, Stopping threads took: 0.0000200 seconds
71.027: [GC (Allocation Failure)  384910K->61382K(1023488K), 0.0039157 secs]
71.031: Total time for which application threads were stopped: 0.0040754 seconds, Stopping threads took: 0.0000194 seconds
71.099: [GC (Allocation Failure)  384966K->69385K(1035264K), 0.0038035 secs]
71.103: Total time for which application threads were stopped: 0.0039964 seconds, Stopping threads took: 0.0000191 seconds
71.173: [GC (Allocation Failure)  391945K->69353K(1030144K), 0.0035857 secs]
71.177: Total time for which application threads were stopped: 0.0037431 seconds, Stopping threads took: 0.0000164 seconds
71.244: [GC (Allocation Failure)  391913K->69385K(1034752K), 0.0064453 secs]
71.251: Total time for which application threads were stopped: 0.0066395 seconds, Stopping threads took: 0.0000193 seconds
71.320: [GC (Allocation Failure)  390921K->77387K(1029120K), 0.0040147 secs]
71.324: Total time for which application threads were stopped: 0.0041811 seconds, Stopping threads took: 0.0000253 seconds
71.392: [GC (Allocation Failure)  398923K->77355K(1034240K), 0.0038284 secs]
71.396: Total time for which application threads were stopped: 0.0039886 seconds, Stopping threads took: 0.0000195 seconds
71.463: [GC (Allocation Failure)  397867K->77635K(1034240K), 0.0040386 secs]
71.467: Total time for which application threads were stopped: 0.0041996 seconds, Stopping threads took: 0.0000199 seconds
71.535: [GC (Allocation Failure)  398147K->85445K(1034240K), 0.0038524 secs]
71.539: Total time for which application threads were stopped: 0.0040164 seconds, Stopping threads took: 0.0000200 seconds
71.607: [GC (Allocation Failure)  405957K->85413K(1034240K), 0.0046681 secs]
71.612: Total time for which application threads were stopped: 0.0048737 seconds, Stopping threads took: 0.0000186 seconds
71.680: [GC (Allocation Failure)  405925K->85861K(1033216K), 0.0040143 secs]
71.685: Total time for which application threads were stopped: 0.0041700 seconds, Stopping threads took: 0.0000192 seconds
71.751: [GC (Allocation Failure)  405349K->93479K(1033728K), 0.0040238 secs]
71.755: Total time for which application threads were stopped: 0.0041978 seconds, Stopping threads took: 0.0000200 seconds
71.825: [GC (Allocation Failure)  412967K->93447K(1033728K), 0.0036488 secs]
71.829: Total time for which application threads were stopped: 0.0038032 seconds, Stopping threads took: 0.0000165 seconds
71.896: [GC (Allocation Failure)  412935K->93575K(1033728K), 0.0036937 secs]
71.899: Total time for which application threads were stopped: 0.0038455 seconds, Stopping threads took: 0.0000171 seconds
71.968: [GC (Allocation Failure)  413063K->101482K(1033728K), 0.0038588 secs]
71.972: Total time for which application threads were stopped: 0.0040264 seconds, Stopping threads took: 0.0000193 seconds
72.041: [GC (Allocation Failure)  420970K->101450K(1033728K), 0.0037206 secs]
72.045: Total time for which application threads were stopped: 0.0038888 seconds, Stopping threads took: 0.0000198 seconds
72.111: [GC (Allocation Failure)  420938K->101546K(1033728K), 0.0038065 secs]
72.115: Total time for which application threads were stopped: 0.0039888 seconds, Stopping threads took: 0.0000213 seconds
72.182: [GC (Allocation Failure)  421034K->109516K(1027072K), 0.0039032 secs]
72.186: Total time for which application threads were stopped: 0.0040978 seconds, Stopping threads took: 0.0000202 seconds
72.252: [GC (Allocation Failure)  429004K->105610K(1034240K), 0.0027697 secs]
72.255: Total time for which application threads were stopped: 0.0029329 seconds, Stopping threads took: 0.0000191 seconds
72.323: [GC (Allocation Failure)  425098K->109676K(1033216K), 0.0038768 secs]
72.327: Total time for which application threads were stopped: 0.0040241 seconds, Stopping threads took: 0.0000192 seconds
72.395: [GC (Allocation Failure)  429164K->113644K(1034752K), 0.0037215 secs]
72.399: Total time for which application threads were stopped: 0.0038822 seconds, Stopping threads took: 0.0000200 seconds
72.467: [GC (Allocation Failure)  435180K->106858K(1034752K), 0.0011392 secs]
72.468: Total time for which application threads were stopped: 0.0012752 seconds, Stopping threads took: 0.0000193 seconds
72.535: [GC (Allocation Failure)  428394K->113708K(1034752K), 0.0037239 secs]
72.539: Total time for which application threads were stopped: 0.0039032 seconds, Stopping threads took: 0.0000207 seconds
72.605: [GC (Allocation Failure)  435244K->117780K(1034752K), 0.0059821 secs]
72.612: Total time for which application threads were stopped: 0.0061813 seconds, Stopping threads took: 0.0000241 seconds
72.678: [GC (Allocation Failure)  439316K->112274K(1034752K), 0.0017677 secs]
72.680: Total time for which application threads were stopped: 0.0019186 seconds, Stopping threads took: 0.0000187 seconds
72.749: [GC (Allocation Failure)  433810K->118076K(1034752K), 0.0039133 secs]
72.753: Total time for which application threads were stopped: 0.0041037 seconds, Stopping threads took: 0.0000167 seconds
72.823: [GC (Allocation Failure)  439612K->121940K(1034752K), 0.0042858 secs]
72.827: Total time for which application threads were stopped: 0.0044595 seconds, Stopping threads took: 0.0000264 seconds
72.894: [GC (Allocation Failure)  444428K->118002K(1035264K), 0.0026062 secs]
72.897: Total time for which application threads were stopped: 0.0027723 seconds, Stopping threads took: 0.0000198 seconds
72.965: [GC (Allocation Failure)  440562K->122060K(1036288K), 0.0040374 secs]
72.969: Total time for which application threads were stopped: 0.0042163 seconds, Stopping threads took: 0.0000189 seconds
73.037: [GC (Allocation Failure)  446156K->126028K(1035776K), 0.0037700 secs]
73.041: Total time for which application threads were stopped: 0.0039326 seconds, Stopping threads took: 0.0000198 seconds
73.111: [GC (Allocation Failure)  450124K->126028K(1035776K), 0.0037764 secs]
73.115: Total time for which application threads were stopped: 0.0039350 seconds, Stopping threads took: 0.0000198 seconds
73.182: [GC (Allocation Failure)  449612K->126092K(1023488K), 0.0038716 secs]
73.186: Total time for which application threads were stopped: 0.0040387 seconds, Stopping threads took: 0.0000196 seconds
73.252: [GC (Allocation Failure)  449676K->134094K(1035264K), 0.0053304 secs]
73.258: Total time for which application threads were stopped: 0.0055033 seconds, Stopping threads took: 0.0000188 seconds
73.326: [GC (Allocation Failure)  456654K->134062K(1030144K), 0.0036503 secs]
73.330: Total time for which application threads were stopped: 0.0038595 seconds, Stopping threads took: 0.0000276 seconds
73.399: [GC (Allocation Failure)  456622K->134086K(1034752K), 0.0038516 secs]
73.402: Total time for which application threads were stopped: 0.0040115 seconds, Stopping threads took: 0.0000192 seconds
73.470: [GC (Allocation Failure)  455622K->142121K(1029120K), 0.0041717 secs]
73.474: Total time for which application threads were stopped: 0.0043424 seconds, Stopping threads took: 0.0000194 seconds
73.542: [GC (Allocation Failure)  463657K->142089K(1034240K), 0.0038958 secs]
73.546: Total time for which application threads were stopped: 0.0040773 seconds, Stopping threads took: 0.0000199 seconds
73.613: [GC (Allocation Failure)  462601K->142345K(1034240K), 0.0038899 secs]
73.617: Total time for which application threads were stopped: 0.0040836 seconds, Stopping threads took: 0.0000252 seconds
73.685: [GC (Allocation Failure)  462857K->150155K(1034240K), 0.0037592 secs]
73.689: Total time for which application threads were stopped: 0.0039412 seconds, Stopping threads took: 0.0000192 seconds
73.757: [GC (Allocation Failure)  470667K->150091K(1034240K), 0.0038185 secs]
73.761: Total time for which application threads were stopped: 0.0039999 seconds, Stopping threads took: 0.0000206 seconds
73.829: [GC (Allocation Failure)  470603K->150571K(1033216K), 0.0038620 secs]
73.833: Total time for which application threads were stopped: 0.0040218 seconds, Stopping threads took: 0.0000168 seconds
73.902: [GC (Allocation Failure)  470059K->158157K(1033728K), 0.0040486 secs]
73.906: Total time for which application threads were stopped: 0.0042114 seconds, Stopping threads took: 0.0000198 seconds
73.973: [GC (Allocation Failure)  477645K->158157K(1033728K), 0.0039949 secs]
73.977: Total time for which application threads were stopped: 0.0041788 seconds, Stopping threads took: 0.0000192 seconds
74.042: [GC (Allocation Failure)  477645K->158285K(1033728K), 0.0041106 secs]
74.046: Total time for which application threads were stopped: 0.0042804 seconds, Stopping threads took: 0.0000219 seconds
74.115: [GC (Allocation Failure)  477773K->166223K(1033728K), 0.0039644 secs]
74.119: Total time for which application threads were stopped: 0.0041275 seconds, Stopping threads took: 0.0000207 seconds
74.186: [GC (Allocation Failure)  485711K->166191K(1033728K), 0.0039794 secs]
74.190: Total time for which application threads were stopped: 0.0041390 seconds, Stopping threads took: 0.0000198 seconds
74.257: [GC (Allocation Failure)  485679K->166247K(1033728K), 0.0038526 secs]
74.261: Total time for which application threads were stopped: 0.0040503 seconds, Stopping threads took: 0.0000197 seconds
74.329: [GC (Allocation Failure)  485735K->174186K(1027072K), 0.0042393 secs]
74.334: Total time for which application threads were stopped: 0.0044234 seconds, Stopping threads took: 0.0000286 seconds
74.399: [GC (Allocation Failure)  493673K->170311K(1034240K), 0.0028105 secs]
74.402: Total time for which application threads were stopped: 0.0029807 seconds, Stopping threads took: 0.0000209 seconds
74.469: [GC (Allocation Failure)  489799K->174378K(1033216K), 0.0039501 secs]
74.473: Total time for which application threads were stopped: 0.0041116 seconds, Stopping threads took: 0.0000197 seconds
74.541: [GC (Allocation Failure)  493866K->178346K(1034752K), 0.0040799 secs]
74.545: Total time for which application threads were stopped: 0.0042399 seconds, Stopping threads took: 0.0000195 seconds
74.612: [GC (Allocation Failure)  499882K->171527K(1034752K), 0.0016204 secs]
74.614: Total time for which application threads were stopped: 0.0017542 seconds, Stopping threads took: 0.0000251 seconds
74.682: [GC (Allocation Failure)  493063K->178410K(1034752K), 0.0037535 secs]
74.686: Total time for which application threads were stopped: 0.0039384 seconds, Stopping threads took: 0.0000193 seconds
74.753: [GC (Allocation Failure)  499946K->182522K(1034752K), 0.0049542 secs]
74.758: Total time for which application threads were stopped: 0.0051010 seconds, Stopping threads took: 0.0000168 seconds
74.825: [GC (Allocation Failure)  504058K->176919K(1034752K), 0.0017835 secs]
74.827: Total time for which application threads were stopped: 0.0019295 seconds, Stopping threads took: 0.0000328 seconds
74.895: [GC (Allocation Failure)  498455K->182762K(1034752K), 0.0040171 secs]
74.899: Total time for which application threads were stopped: 0.0042060 seconds, Stopping threads took: 0.0000250 seconds
74.967: [GC (Allocation Failure)  504298K->186666K(1035264K), 0.0044464 secs]
74.972: Total time for which application threads were stopped: 0.0046157 seconds, Stopping threads took: 0.0000221 seconds
75.038: [GC (Allocation Failure)  509154K->182759K(1035264K), 0.0027828 secs]
75.041: Total time for which application threads were stopped: 0.0029724 seconds, Stopping threads took: 0.0000199 seconds
75.111: [GC (Allocation Failure)  505319K->186794K(1036288K), 0.0039492 secs]
75.115: Total time for which application threads were stopped: 0.0041384 seconds, Stopping threads took: 0.0000172 seconds
75.182: [GC (Allocation Failure)  510890K->190762K(1035776K), 0.0039048 secs]
75.186: Total time for which application threads were stopped: 0.0040737 seconds, Stopping threads took: 0.0000199 seconds
75.255: [GC (Allocation Failure)  514858K->190762K(1035776K), 0.0040638 secs]
75.259: Total time for which application threads were stopped: 0.0042338 seconds, Stopping threads took: 0.0000203 seconds
75.327: [GC (Allocation Failure)  514346K->190826K(1023488K), 0.0041700 secs]
75.331: Total time for which application threads were stopped: 0.0043467 seconds, Stopping threads took: 0.0000257 seconds
75.397: [GC (Allocation Failure)  514410K->198828K(1035264K), 0.0040045 secs]
75.401: Total time for which application threads were stopped: 0.0041530 seconds, Stopping threads took: 0.0000168 seconds
75.469: [GC (Allocation Failure)  521388K->198828K(1030144K), 0.0039754 secs]
75.473: Total time for which application threads were stopped: 0.0041299 seconds, Stopping threads took: 0.0000191 seconds
75.541: [GC (Allocation Failure)  521388K->198860K(1034752K), 0.0041185 secs]
75.546: Total time for which application threads were stopped: 0.0042840 seconds, Stopping threads took: 0.0000168 seconds
75.613: [GC (Allocation Failure)  520396K->206830K(1029120K), 0.0049479 secs]
75.618: Total time for which application threads were stopped: 0.0051495 seconds, Stopping threads took: 0.0000273 seconds
75.687: [GC (Allocation Failure)  528366K->206830K(1034240K), 0.0040643 secs]
75.691: Total time for which application threads were stopped: 0.0042334 seconds, Stopping threads took: 0.0000196 seconds
75.758: [GC (Allocation Failure)  527342K->207054K(1034240K), 0.0042543 secs]
75.763: Total time for which application threads were stopped: 0.0044246 seconds, Stopping threads took: 0.0000201 seconds
75.832: [GC (Allocation Failure)  527566K->214864K(1034240K), 0.0041239 secs]
75.836: Total time for which application threads were stopped: 0.0043056 seconds, Stopping threads took: 0.0000290 seconds
75.904: [GC (Allocation Failure)  535376K->214896K(1034240K), 0.0042505 secs]
75.908: Total time for which application threads were stopped: 0.0044219 seconds, Stopping threads took: 0.0000203 seconds
75.975: [GC (Allocation Failure)  535408K->215304K(1033216K), 0.0042513 secs]
75.979: Total time for which application threads were stopped: 0.0044202 seconds, Stopping threads took: 0.0000201 seconds
76.047: [GC (Allocation Failure)  534792K->222891K(1033728K), 0.0039689 secs]
76.051: Total time for which application threads were stopped: 0.0041630 seconds, Stopping threads took: 0.0000196 seconds
76.120: [GC (Allocation Failure)  542379K->222891K(1033728K), 0.0040583 secs]
76.124: Total time for which application threads were stopped: 0.0042079 seconds, Stopping threads took: 0.0000173 seconds
76.189: [GC (Allocation Failure)  542379K->223019K(1033728K), 0.0040212 secs]
76.193: Total time for which application threads were stopped: 0.0042147 seconds, Stopping threads took: 0.0000192 seconds
76.262: [GC (Allocation Failure)  542507K->230957K(1033728K), 0.0039870 secs]
76.266: Total time for which application threads were stopped: 0.0041448 seconds, Stopping threads took: 0.0000254 seconds
76.334: [GC (Allocation Failure)  550445K->230925K(1033728K), 0.0041682 secs]
76.338: Total time for which application threads were stopped: 0.0043282 seconds, Stopping threads took: 0.0000260 seconds
76.407: [GC (Allocation Failure)  550413K->230989K(1033728K), 0.0043503 secs]
76.411: Total time for which application threads were stopped: 0.0045124 seconds, Stopping threads took: 0.0000202 seconds
76.479: [GC (Allocation Failure)  550477K->238959K(1027072K), 0.0042851 secs]
76.484: Total time for which application threads were stopped: 0.0044550 seconds, Stopping threads took: 0.0000197 seconds
76.548: [GC (Allocation Failure)  558447K->235053K(1034240K), 0.0030637 secs]
76.552: Total time for which application threads were stopped: 0.0032294 seconds, Stopping threads took: 0.0000200 seconds
76.619: [GC (Allocation Failure)  554541K->239063K(1033216K), 0.0049180 secs]
76.624: Total time for which application threads were stopped: 0.0050760 seconds, Stopping threads took: 0.0000275 seconds
76.693: [GC (Allocation Failure)  558551K->243127K(1034752K), 0.0042657 secs]
76.698: Total time for which application threads were stopped: 0.0044424 seconds, Stopping threads took: 0.0000193 seconds
76.764: [GC (Allocation Failure)  564663K->236309K(1034752K), 0.0013913 secs]
76.766: Total time for which application threads were stopped: 0.0015142 seconds, Stopping threads took: 0.0000192 seconds
76.836: [GC (Allocation Failure)  557845K->243159K(1034752K), 0.0040193 secs]
76.840: Total time for which application threads were stopped: 0.0042041 seconds, Stopping threads took: 0.0000253 seconds
76.908: [GC (Allocation Failure)  564695K->247239K(1034752K), 0.0050198 secs]
76.913: Total time for which application threads were stopped: 0.0051786 seconds, Stopping threads took: 0.0000195 seconds
76.979: [GC (Allocation Failure)  568775K->241701K(1034752K), 0.0019591 secs]
76.981: Total time for which application threads were stopped: 0.0021033 seconds, Stopping threads took: 0.0000191 seconds
77.047: [GC (Allocation Failure)  563237K->247471K(1034752K), 0.0042385 secs]
77.052: Total time for which application threads were stopped: 0.0043975 seconds, Stopping threads took: 0.0000189 seconds
77.119: [GC (Allocation Failure)  569007K->251375K(1034752K), 0.0045176 secs]
77.123: Total time for which application threads were stopped: 0.0046788 seconds, Stopping threads took: 0.0000195 seconds
77.190: [GC (Allocation Failure)  573863K->247469K(1035264K), 0.0029609 secs]
77.193: Total time for which application threads were stopped: 0.0031313 seconds, Stopping threads took: 0.0000196 seconds
77.261: [GC (Allocation Failure)  570029K->251495K(1036288K), 0.0061307 secs]
77.267: Total time for which application threads were stopped: 0.0063310 seconds, Stopping threads took: 0.0000208 seconds
77.336: [GC (Allocation Failure)  575591K->255495K(1035776K), 0.0041403 secs]
77.340: Total time for which application threads were stopped: 0.0043139 seconds, Stopping threads took: 0.0000267 seconds
77.409: [GC (Allocation Failure)  579591K->255495K(1035776K), 0.0039652 secs]
77.413: Total time for which application threads were stopped: 0.0041235 seconds, Stopping threads took: 0.0000169 seconds
77.480: [GC (Allocation Failure)  579079K->255559K(1023488K), 0.0043298 secs]
77.485: Total time for which application threads were stopped: 0.0044997 seconds, Stopping threads took: 0.0000193 seconds
77.551: [GC (Allocation Failure)  579143K->263561K(1035264K), 0.0041508 secs]
77.555: Total time for which application threads were stopped: 0.0043297 seconds, Stopping threads took: 0.0000194 seconds
77.624: [GC (Allocation Failure)  586121K->263529K(1030144K), 0.0051583 secs]
77.629: Total time for which application threads were stopped: 0.0053184 seconds, Stopping threads took: 0.0000278 seconds
77.696: [GC (Allocation Failure)  586089K->263593K(1034752K), 0.0040942 secs]
77.700: Total time for which application threads were stopped: 0.0042527 seconds, Stopping threads took: 0.0000188 seconds
77.767: [GC (Allocation Failure)  585129K->271564K(1034752K), 0.0043738 secs]
77.772: Total time for which application threads were stopped: 0.0045688 seconds, Stopping threads took: 0.0000193 seconds
77.842: [GC (Allocation Failure)  593100K->271564K(1033728K), 0.0041839 secs]
77.847: Total time for which application threads were stopped: 0.0043391 seconds, Stopping threads took: 0.0000244 seconds
77.914: [GC (Allocation Failure)  592076K->271820K(1034240K), 0.0043464 secs]
77.918: Total time for which application threads were stopped: 0.0045166 seconds, Stopping threads took: 0.0000202 seconds
77.987: [GC (Allocation Failure)  592332K->279630K(1034240K), 0.0040141 secs]
77.991: Total time for which application threads were stopped: 0.0041862 seconds, Stopping threads took: 0.0000200 seconds
78.059: [GC (Allocation Failure)  600142K->279598K(1034240K), 0.0043368 secs]
78.063: Total time for which application threads were stopped: 0.0045097 seconds, Stopping threads took: 0.0000205 seconds
78.132: [GC (Allocation Failure)  600110K->280046K(1033216K), 0.0044002 secs]
78.136: Total time for which application threads were stopped: 0.0045820 seconds, Stopping threads took: 0.0000200 seconds
78.204: [GC (Allocation Failure)  599534K->287664K(1033728K), 0.0041747 secs]
78.208: Total time for which application threads were stopped: 0.0043561 seconds, Stopping threads took: 0.0000203 seconds
78.276: [GC (Allocation Failure)  607152K->287632K(1033728K), 0.0042076 secs]
78.280: Total time for which application threads were stopped: 0.0043897 seconds, Stopping threads took: 0.0000195 seconds
78.347: [GC (Allocation Failure)  607120K->287760K(1033728K), 0.0066344 secs]
78.353: Total time for which application threads were stopped: 0.0068069 seconds, Stopping threads took: 0.0000195 seconds
78.422: [GC (Allocation Failure)  607248K->295698K(1033728K), 0.0043784 secs]
78.427: Total time for which application threads were stopped: 0.0045757 seconds, Stopping threads took: 0.0000192 seconds
78.495: [GC (Allocation Failure)  615186K->295698K(1033728K), 0.0042781 secs]
78.500: Total time for which application threads were stopped: 0.0044417 seconds, Stopping threads took: 0.0000206 seconds
78.566: [GC (Allocation Failure)  615186K->295722K(1033728K), 0.0042745 secs]
78.570: Total time for which application threads were stopped: 0.0044325 seconds, Stopping threads took: 0.0000189 seconds
78.638: [GC (Allocation Failure)  615210K->303661K(1027072K), 0.0042292 secs]
78.642: Total time for which application threads were stopped: 0.0044241 seconds, Stopping threads took: 0.0000195 seconds
78.708: [GC (Allocation Failure)  623148K->299754K(1034240K), 0.0031294 secs]
78.712: Total time for which application threads were stopped: 0.0032762 seconds, Stopping threads took: 0.0000172 seconds
78.779: [GC (Allocation Failure)  619242K->303853K(1033216K), 0.0041894 secs]
78.783: Total time for which application threads were stopped: 0.0043889 seconds, Stopping threads took: 0.0000190 seconds
78.853: [GC (Allocation Failure)  623341K->307789K(1034752K), 0.0043384 secs]
78.857: Total time for which application threads were stopped: 0.0045258 seconds, Stopping threads took: 0.0000208 seconds
78.924: [GC (Allocation Failure)  629325K->301034K(1034752K), 0.0015039 secs]
78.925: Total time for which application threads were stopped: 0.0016292 seconds, Stopping threads took: 0.0000204 seconds
78.994: [GC (Allocation Failure)  622570K->307893K(1034752K), 0.0042034 secs]
78.998: Total time for which application threads were stopped: 0.0043900 seconds, Stopping threads took: 0.0000251 seconds
79.066: [GC (Allocation Failure)  629429K->311973K(1034752K), 0.0050428 secs]
79.071: Total time for which application threads were stopped: 0.0052359 seconds, Stopping threads took: 0.0000195 seconds
79.139: [GC (Allocation Failure)  633509K->306402K(1034752K), 0.0021565 secs]
79.141: Total time for which application threads were stopped: 0.0022940 seconds, Stopping threads took: 0.0000162 seconds
79.208: [GC (Allocation Failure)  627938K->312205K(1034752K), 0.0041860 secs]
79.212: Total time for which application threads were stopped: 0.0043497 seconds, Stopping threads took: 0.0000197 seconds
79.280: [GC (Allocation Failure)  633741K->316141K(1034752K), 0.0045691 secs]
79.285: Total time for which application threads were stopped: 0.0047373 seconds, Stopping threads took: 0.0000265 seconds
79.351: [GC (Allocation Failure)  638629K->312202K(1035264K), 0.0031390 secs]
79.355: Total time for which application threads were stopped: 0.0033054 seconds, Stopping threads took: 0.0000253 seconds
79.423: [GC (Allocation Failure)  634762K->316269K(1036288K), 0.0041662 secs]
79.427: Total time for which application threads were stopped: 0.0043239 seconds, Stopping threads took: 0.0000171 seconds
79.495: [GC (Allocation Failure)  640365K->320237K(1035776K), 0.0041071 secs]
79.499: Total time for which application threads were stopped: 0.0042830 seconds, Stopping threads took: 0.0000193 seconds
79.569: [GC (Allocation Failure)  644333K->320237K(1035776K), 0.0040939 secs]
79.573: Total time for which application threads were stopped: 0.0042434 seconds, Stopping threads took: 0.0000168 seconds
79.643: [GC (Allocation Failure)  643821K->320301K(1023488K), 0.0050528 secs]
79.648: Total time for which application threads were stopped: 0.0052346 seconds, Stopping threads took: 0.0000191 seconds
79.714: [GC (Allocation Failure)  643885K->328271K(1035264K), 0.0043866 secs]
79.719: Total time for which application threads were stopped: 0.0045464 seconds, Stopping threads took: 0.0000191 seconds
79.787: [GC (Allocation Failure)  650831K->328239K(1030144K), 0.0041153 secs]
79.791: Total time for which application threads were stopped: 0.0042832 seconds, Stopping threads took: 0.0000255 seconds
79.859: [GC (Allocation Failure)  650799K->328327K(1034752K), 0.0043375 secs]
79.864: Total time for which application threads were stopped: 0.0045085 seconds, Stopping threads took: 0.0000199 seconds
79.933: [GC (Allocation Failure)  649863K->336329K(1034752K), 0.0043229 secs]
79.937: Total time for which application threads were stopped: 0.0044811 seconds, Stopping threads took: 0.0000194 seconds
80.005: [GC (Allocation Failure)  657865K->336297K(1033728K), 0.0041926 secs]
80.009: Total time for which application threads were stopped: 0.0043649 seconds, Stopping threads took: 0.0000192 seconds
80.078: [GC (Allocation Failure)  656809K->336553K(1034240K), 0.0042373 secs]
80.082: Total time for which application threads were stopped: 0.0044279 seconds, Stopping threads took: 0.0000199 seconds
80.151: [GC (Allocation Failure)  657065K->344332K(1034240K), 0.0042227 secs]
80.155: Total time for which application threads were stopped: 0.0043793 seconds, Stopping threads took: 0.0000166 seconds
80.224: [GC (Allocation Failure)  664844K->344332K(1034240K), 0.0043683 secs]
80.228: Total time for which application threads were stopped: 0.0045291 seconds, Stopping threads took: 0.0000201 seconds
80.297: [GC (Allocation Failure)  664844K->344748K(1033216K), 0.0041825 secs]
80.301: Total time for which application threads were stopped: 0.0043437 seconds, Stopping threads took: 0.0000265 seconds
80.368: [GC (Allocation Failure)  664236K->352366K(1033728K), 0.0042218 secs]
80.372: Total time for which application threads were stopped: 0.0043855 seconds, Stopping threads took: 0.0000250 seconds
80.440: [GC (Allocation Failure)  671854K->352366K(1033728K), 0.0042904 secs]
80.444: Total time for which application threads were stopped: 0.0044593 seconds, Stopping threads took: 0.0000201 seconds
80.509: [GC (Allocation Failure)  671854K->352494K(1033728K), 0.0044585 secs]
80.513: Total time for which application threads were stopped: 0.0046360 seconds, Stopping threads took: 0.0000258 seconds
80.580: [GC (Allocation Failure)  671982K->360432K(1033728K), 0.0042818 secs]
80.585: Total time for which application threads were stopped: 0.0044524 seconds, Stopping threads took: 0.0000204 seconds
80.652: [GC (Allocation Failure)  679920K->360400K(1033728K), 0.0042485 secs]
80.657: Total time for which application threads were stopped: 0.0044167 seconds, Stopping threads took: 0.0000195 seconds
80.725: [GC (Allocation Failure)  679888K->360456K(1033728K), 0.0044200 secs]
80.729: Total time for which application threads were stopped: 0.0046337 seconds, Stopping threads took: 0.0000207 seconds
80.798: [GC (Allocation Failure)  679944K->368426K(1027072K), 0.0043211 secs]
80.802: Total time for which application threads were stopped: 0.0045306 seconds, Stopping threads took: 0.0000280 seconds
80.869: [GC (Allocation Failure)  687914K->364520K(1034240K), 0.0034720 secs]
80.872: Total time for which application threads were stopped: 0.0036619 seconds, Stopping threads took: 0.0000193 seconds
80.942: [GC (Allocation Failure)  684008K->368586K(1033216K), 0.0042747 secs]
80.946: Total time for which application threads were stopped: 0.0044687 seconds, Stopping threads took: 0.0000279 seconds
81.016: [GC (Allocation Failure)  688074K->372554K(1034752K), 0.0048358 secs]
81.021: Total time for which application threads were stopped: 0.0049846 seconds, Stopping threads took: 0.0000173 seconds
81.088: [GC (Allocation Failure)  694090K->365768K(1034752K), 0.0017620 secs]
81.090: Total time for which application threads were stopped: 0.0018932 seconds, Stopping threads took: 0.0000195 seconds
81.157: [GC (Allocation Failure)  687304K->372626K(1034752K), 0.0041538 secs]
81.161: Total time for which application threads were stopped: 0.0043149 seconds, Stopping threads took: 0.0000194 seconds
81.227: [GC (Allocation Failure)  694162K->376706K(1034752K), 0.0054047 secs]
81.232: Total time for which application threads were stopped: 0.0055741 seconds, Stopping threads took: 0.0000201 seconds
81.298: [GC (Allocation Failure)  698242K->371104K(1034752K), 0.0024153 secs]
81.300: Total time for which application threads were stopped: 0.0025772 seconds, Stopping threads took: 0.0000190 seconds
81.370: [GC (Allocation Failure)  692640K->376978K(1034752K), 0.0043872 secs]
81.374: Total time for which application threads were stopped: 0.0045456 seconds, Stopping threads took: 0.0000175 seconds
81.441: [GC (Allocation Failure)  698514K->380882K(1035264K), 0.0047189 secs]
81.446: Total time for which application threads were stopped: 0.0048900 seconds, Stopping threads took: 0.0000169 seconds
81.514: [GC (Allocation Failure)  703371K->376944K(1035264K), 0.0032216 secs]
81.517: Total time for which application threads were stopped: 0.0033844 seconds, Stopping threads took: 0.0000254 seconds
81.587: [GC (Allocation Failure)  699504K->381002K(1036288K), 0.0045016 secs]
81.592: Total time for which application threads were stopped: 0.0046638 seconds, Stopping threads took: 0.0000195 seconds
81.662: [GC (Allocation Failure)  705098K->384970K(1035776K), 0.0042687 secs]
81.666: Total time for which application threads were stopped: 0.0044410 seconds, Stopping threads took: 0.0000198 seconds
81.735: [GC (Allocation Failure)  709066K->384970K(1035776K), 0.0041928 secs]
81.739: Total time for which application threads were stopped: 0.0043506 seconds, Stopping threads took: 0.0000192 seconds
81.808: [GC (Allocation Failure)  708554K->385034K(1023488K), 0.0043784 secs]
81.812: Total time for which application threads were stopped: 0.0045388 seconds, Stopping threads took: 0.0000260 seconds
81.879: [GC (Allocation Failure)  708618K->393037K(1035264K), 0.0045816 secs]
81.883: Total time for which application threads were stopped: 0.0047779 seconds, Stopping threads took: 0.0000252 seconds
81.952: [GC (Allocation Failure)  715597K->393005K(1030144K), 0.0041758 secs]
81.957: Total time for which application threads were stopped: 0.0043735 seconds, Stopping threads took: 0.0000254 seconds
82.025: [GC (Allocation Failure)  715565K->393069K(1034752K), 0.0044837 secs]
82.029: Total time for which application threads were stopped: 0.0046416 seconds, Stopping threads took: 0.0000200 seconds
82.098: [GC (Allocation Failure)  714605K->401039K(1029120K), 0.0044761 secs]
82.103: Total time for which application threads were stopped: 0.0046471 seconds, Stopping threads took: 0.0000189 seconds
82.171: [GC (Allocation Failure)  722575K->401039K(1034240K), 0.0042996 secs]
82.175: Total time for which application threads were stopped: 0.0044800 seconds, Stopping threads took: 0.0000197 seconds
82.244: [GC (Allocation Failure)  721551K->401255K(1034240K), 0.0043850 secs]
82.249: Total time for which application threads were stopped: 0.0045567 seconds, Stopping threads took: 0.0000201 seconds
82.317: [GC (Allocation Failure)  721767K->409097K(1034240K), 0.0043573 secs]
82.321: Total time for which application threads were stopped: 0.0045277 seconds, Stopping threads took: 0.0000265 seconds
82.390: [GC (Allocation Failure)  729609K->409065K(1034240K), 0.0046923 secs]
82.394: Total time for which application threads were stopped: 0.0048593 seconds, Stopping threads took: 0.0000200 seconds
82.462: [GC (Allocation Failure)  729577K->409513K(1033216K), 0.0043697 secs]
82.466: Total time for which application threads were stopped: 0.0045572 seconds, Stopping threads took: 0.0000201 seconds
82.534: [GC (Allocation Failure)  729001K->417131K(1033728K), 0.0044464 secs]
82.538: Total time for which application threads were stopped: 0.0046244 seconds, Stopping threads took: 0.0000207 seconds
82.606: [GC (Allocation Failure)  736619K->417099K(1033728K), 0.0051865 secs]
82.612: Total time for which application threads were stopped: 0.0053991 seconds, Stopping threads took: 0.0000256 seconds
82.678: [GC (Allocation Failure)  736587K->417227K(1033728K), 0.0045637 secs]
82.682: Total time for which application threads were stopped: 0.0047278 seconds, Stopping threads took: 0.0000186 seconds
82.749: [GC (Allocation Failure)  736715K->425166K(1033728K), 0.0043914 secs]
82.754: Total time for which application threads were stopped: 0.0045514 seconds, Stopping threads took: 0.0000200 seconds
82.821: [GC (Allocation Failure)  744654K->425134K(1033728K), 0.0045456 secs]
82.826: Total time for which application threads were stopped: 0.0048422 seconds, Stopping threads took: 0.0000197 seconds
82.892: [GC (Allocation Failure)  744622K->425198K(1033728K), 0.0045914 secs]
82.897: Total time for which application threads were stopped: 0.0047527 seconds, Stopping threads took: 0.0000192 seconds
82.963: [GC (Allocation Failure)  744686K->433168K(1027072K), 0.0047606 secs]
82.968: Total time for which application threads were stopped: 0.0049512 seconds, Stopping threads took: 0.0000189 seconds
83.034: [GC (Allocation Failure)  752655K->429262K(1034240K), 0.0035251 secs]
83.038: Total time for which application threads were stopped: 0.0036809 seconds, Stopping threads took: 0.0000166 seconds
83.105: [GC (Allocation Failure)  748750K->433328K(1033216K), 0.0045757 secs]
83.110: Total time for which application threads were stopped: 0.0047773 seconds, Stopping threads took: 0.0000260 seconds
83.177: [GC (Allocation Failure)  752816K->437296K(1034752K), 0.0046754 secs]
83.182: Total time for which application threads were stopped: 0.0048593 seconds, Stopping threads took: 0.0000201 seconds
83.248: [GC (Allocation Failure)  758832K->430510K(1034752K), 0.0018950 secs]
83.250: Total time for which application threads were stopped: 0.0020352 seconds, Stopping threads took: 0.0000213 seconds
83.317: [GC (Allocation Failure)  752046K->437360K(1034752K), 0.0044198 secs]
83.322: Total time for which application threads were stopped: 0.0046076 seconds, Stopping threads took: 0.0000255 seconds
83.388: [GC (Allocation Failure)  758896K->441472K(1034752K), 0.0053017 secs]
83.393: Total time for which application threads were stopped: 0.0054950 seconds, Stopping threads took: 0.0000200 seconds
83.460: [GC (Allocation Failure)  763008K->435870K(1034752K), 0.0023641 secs]
83.463: Total time for which application threads were stopped: 0.0025058 seconds, Stopping threads took: 0.0000175 seconds
83.530: [GC (Allocation Failure)  757406K->441712K(1034752K), 0.0045866 secs]
83.535: Total time for which application threads were stopped: 0.0047557 seconds, Stopping threads took: 0.0000195 seconds
83.602: [GC (Allocation Failure)  763248K->445616K(1035264K), 0.0087042 secs]
83.611: Total time for which application threads were stopped: 0.0088615 seconds, Stopping threads took: 0.0000192 seconds
83.679: [GC (Allocation Failure)  768104K->441678K(1035264K), 0.0035460 secs]
83.682: Total time for which application threads were stopped: 0.0037145 seconds, Stopping threads took: 0.0000198 seconds
83.750: [GC (Allocation Failure)  764238K->445744K(1036288K), 0.0046551 secs]
83.755: Total time for which application threads were stopped: 0.0048267 seconds, Stopping threads took: 0.0000203 seconds
83.824: [GC (Allocation Failure)  769840K->449680K(1035776K), 0.0043704 secs]
83.828: Total time for which application threads were stopped: 0.0045379 seconds, Stopping threads took: 0.0000265 seconds
83.897: [GC (Allocation Failure)  773776K->449744K(1035776K), 0.0044674 secs]
83.902: Total time for which application threads were stopped: 0.0046641 seconds, Stopping threads took: 0.0000261 seconds
83.971: [GC (Allocation Failure)  773328K->449768K(1023488K), 0.0044705 secs]
83.976: Total time for which application threads were stopped: 0.0046540 seconds, Stopping threads took: 0.0000166 seconds
84.043: [GC (Allocation Failure)  773352K->457738K(1035264K), 0.0047199 secs]
84.048: Total time for which application threads were stopped: 0.0048883 seconds, Stopping threads took: 0.0000191 seconds
84.116: [GC (Allocation Failure)  780298K->457770K(1030144K), 0.0043164 secs]
84.120: Total time for which application threads were stopped: 0.0044832 seconds, Stopping threads took: 0.0000189 seconds
84.187: [GC (Allocation Failure)  780330K->457802K(1034752K), 0.0047883 secs]
84.192: Total time for which application threads were stopped: 0.0049479 seconds, Stopping threads took: 0.0000200 seconds
84.259: [GC (Allocation Failure)  779338K->465804K(1029120K), 0.0048298 secs]
84.264: Total time for which application threads were stopped: 0.0049927 seconds, Stopping threads took: 0.0000195 seconds
84.332: [GC (Allocation Failure)  787340K->465772K(1034240K), 0.0045266 secs]
84.337: Total time for which application threads were stopped: 0.0047040 seconds, Stopping threads took: 0.0000260 seconds
84.403: [GC (Allocation Failure)  786284K->466028K(1034240K), 0.0046595 secs]
84.408: Total time for which application threads were stopped: 0.0048566 seconds, Stopping threads took: 0.0000203 seconds
84.477: [GC (Allocation Failure)  786540K->473807K(1034240K), 0.0068830 secs]
84.484: Total time for which application threads were stopped: 0.0070319 seconds, Stopping threads took: 0.0000168 seconds
84.552: [GC (Allocation Failure)  794319K->473807K(1034240K), 0.0045667 secs]
84.557: Total time for which application threads were stopped: 0.0047332 seconds, Stopping threads took: 0.0000197 seconds
84.624: [GC (Allocation Failure)  794319K->474215K(1033216K), 0.0058089 secs]
84.630: Total time for which application threads were stopped: 0.0059679 seconds, Stopping threads took: 0.0000257 seconds
84.699: [GC (Allocation Failure)  793703K->481833K(1033728K), 0.0044637 secs]
84.704: Total time for which application threads were stopped: 0.0046258 seconds, Stopping threads took: 0.0000193 seconds
84.772: [GC (Allocation Failure)  801321K->481833K(1033728K), 0.0046143 secs]
84.776: Total time for which application threads were stopped: 0.0047779 seconds, Stopping threads took: 0.0000196 seconds
84.842: [GC (Allocation Failure)  801321K->481961K(1033728K), 0.0045961 secs]
84.847: Total time for which application threads were stopped: 0.0047646 seconds, Stopping threads took: 0.0000257 seconds
84.916: [GC (Allocation Failure)  801449K->489899K(1033728K), 0.0044244 secs]
84.921: Total time for which application threads were stopped: 0.0045869 seconds, Stopping threads took: 0.0000207 seconds
84.990: [GC (Allocation Failure)  809387K->489867K(1033728K), 0.0045822 secs]
84.994: Total time for which application threads were stopped: 0.0047488 seconds, Stopping threads took: 0.0000207 seconds
85.061: [GC (Allocation Failure)  809355K->489931K(1033728K), 0.0045670 secs]
85.066: Total time for which application threads were stopped: 0.0047262 seconds, Stopping threads took: 0.0000192 seconds
85.135: [GC (Allocation Failure)  809419K->497902K(1027072K), 0.0045901 secs]
85.139: Total time for which application threads were stopped: 0.0047687 seconds, Stopping threads took: 0.0000194 seconds
85.204: [GC (Allocation Failure)  817389K->493963K(1034240K), 0.0036958 secs]
85.208: Total time for which application threads were stopped: 0.0038677 seconds, Stopping threads took: 0.0000191 seconds
85.276: [GC (Allocation Failure)  813451K->498054K(1033216K), 0.0051223 secs]
85.281: Total time for which application threads were stopped: 0.0052944 seconds, Stopping threads took: 0.0000191 seconds
85.349: [GC (Allocation Failure)  817542K->501990K(1034752K), 0.0045709 secs]
85.354: Total time for which application threads were stopped: 0.0047566 seconds, Stopping threads took: 0.0000275 seconds
85.421: [GC (Allocation Failure)  823526K->495235K(1034752K), 0.0019411 secs]
85.423: Total time for which application threads were stopped: 0.0020949 seconds, Stopping threads took: 0.0000195 seconds
85.492: [GC (Allocation Failure)  816771K->502086K(1034752K), 0.0043591 secs]
85.497: Total time for which application threads were stopped: 0.0045435 seconds, Stopping threads took: 0.0000167 seconds
85.564: [GC (Allocation Failure)  823622K->506166K(1034752K), 0.0054224 secs]
85.570: Total time for which application threads were stopped: 0.0056157 seconds, Stopping threads took: 0.0000193 seconds
85.637: [GC (Allocation Failure)  827702K->500659K(1034752K), 0.0025225 secs]
85.640: Total time for which application threads were stopped: 0.0026624 seconds, Stopping threads took: 0.0000155 seconds
85.707: [GC (Allocation Failure)  822195K->506438K(1034752K), 0.0045490 secs]
85.711: Total time for which application threads were stopped: 0.0047097 seconds, Stopping threads took: 0.0000194 seconds
85.778: [GC (Allocation Failure)  827974K->510278K(1034752K), 0.0050114 secs]
85.783: Total time for which application threads were stopped: 0.0051757 seconds, Stopping threads took: 0.0000278 seconds
85.852: [GC (Allocation Failure)  832766K->506403K(1035264K), 0.0033668 secs]
85.855: Total time for which application threads were stopped: 0.0035312 seconds, Stopping threads took: 0.0000192 seconds
85.924: [GC (Allocation Failure)  828963K->510478K(1036288K), 0.0046812 secs]
85.928: Total time for which application threads were stopped: 0.0048527 seconds, Stopping threads took: 0.0000192 seconds
85.997: [GC (Allocation Failure)  834574K->514478K(1035776K), 0.0045266 secs]
86.002: Total time for which application threads were stopped: 0.0047208 seconds, Stopping threads took: 0.0000189 seconds
86.073: [GC (Allocation Failure)  838574K->514446K(1035776K), 0.0045880 secs]
86.078: Total time for which application threads were stopped: 0.0047813 seconds, Stopping threads took: 0.0000193 seconds
86.147: [GC (Allocation Failure)  838030K->514502K(1023488K), 0.0047478 secs]
86.152: Total time for which application threads were stopped: 0.0049093 seconds, Stopping threads took: 0.0000164 seconds
86.220: [GC (Allocation Failure)  838086K->522504K(1035264K), 0.0046441 secs]
86.224: Total time for which application threads were stopped: 0.0048213 seconds, Stopping threads took: 0.0000194 seconds
86.294: [GC (Allocation Failure)  845064K->522472K(1030144K), 0.0043481 secs]
86.299: Total time for which application threads were stopped: 0.0045223 seconds, Stopping threads took: 0.0000260 seconds
86.366: [GC (Allocation Failure)  845032K->522536K(1034752K), 0.0046169 secs]
86.371: Total time for which application threads were stopped: 0.0047921 seconds, Stopping threads took: 0.0000256 seconds
86.440: [GC (Allocation Failure)  844072K->530506K(1034752K), 0.0047883 secs]
86.445: Total time for which application threads were stopped: 0.0049706 seconds, Stopping threads took: 0.0000197 seconds
86.515: [GC (Allocation Failure)  852042K->530506K(1033728K), 0.0045801 secs]
86.519: Total time for which application threads were stopped: 0.0047529 seconds, Stopping threads took: 0.0000208 seconds
86.586: [GC (Allocation Failure)  851018K->530762K(1034240K), 0.0045930 secs]
86.591: Total time for which application threads were stopped: 0.0047644 seconds, Stopping threads took: 0.0000199 seconds
86.660: [GC (Allocation Failure)  851274K->538572K(1034240K), 0.0045862 secs]
86.664: Total time for which application threads were stopped: 0.0047840 seconds, Stopping threads took: 0.0000201 seconds
86.734: [GC (Allocation Failure)  859084K->538572K(1034240K), 0.0047706 secs]
86.739: Total time for which application threads were stopped: 0.0049390 seconds, Stopping threads took: 0.0000197 seconds
86.807: [GC (Allocation Failure)  859084K->538956K(1033216K), 0.0047419 secs]
86.812: Total time for which application threads were stopped: 0.0049133 seconds, Stopping threads took: 0.0000267 seconds
86.881: [GC (Allocation Failure)  858444K->546607K(1033728K), 0.0047935 secs]
86.886: Total time for which application threads were stopped: 0.0049854 seconds, Stopping threads took: 0.0000200 seconds
86.953: [GC (Allocation Failure)  866095K->546575K(1033728K), 0.0047893 secs]
86.958: Total time for which application threads were stopped: 0.0049585 seconds, Stopping threads took: 0.0000197 seconds
87.022: [GC (Allocation Failure)  866063K->546711K(1033728K), 0.0048167 secs]
87.027: Total time for which application threads were stopped: 0.0050076 seconds, Stopping threads took: 0.0000187 seconds
87.096: [GC (Allocation Failure)  866199K->554649K(1033728K), 0.0046147 secs]
87.101: Total time for which application threads were stopped: 0.0047767 seconds, Stopping threads took: 0.0000165 seconds
87.169: [GC (Allocation Failure)  874137K->554617K(1033728K), 0.0047260 secs]
87.174: Total time for which application threads were stopped: 0.0049060 seconds, Stopping threads took: 0.0000200 seconds
87.241: [GC (Allocation Failure)  874105K->554673K(1033728K), 0.0048155 secs]
87.246: Total time for which application threads were stopped: 0.0049890 seconds, Stopping threads took: 0.0000205 seconds
87.313: [GC (Allocation Failure)  874161K->562643K(1027072K), 0.0047336 secs]
87.318: Total time for which application threads were stopped: 0.0049196 seconds, Stopping threads took: 0.0000213 seconds
87.384: [GC (Allocation Failure)  882131K->558737K(1034240K), 0.0036702 secs]
87.388: Total time for which application threads were stopped: 0.0038290 seconds, Stopping threads took: 0.0000254 seconds
87.456: [GC (Allocation Failure)  878225K->562811K(1033216K), 0.0047712 secs]
87.461: Total time for which application threads were stopped: 0.0049437 seconds, Stopping threads took: 0.0000198 seconds
87.528: [GC (Allocation Failure)  882299K->566811K(1034752K), 0.0046829 secs]
87.533: Total time for which application threads were stopped: 0.0048463 seconds, Stopping threads took: 0.0000207 seconds
87.600: [GC (Allocation Failure)  888347K->559993K(1034752K), 0.0020433 secs]
87.602: Total time for which application threads were stopped: 0.0021954 seconds, Stopping threads took: 0.0000196 seconds
87.671: [GC (Allocation Failure)  881529K->566883K(1034752K), 0.0044522 secs]
87.675: Total time for which application threads were stopped: 0.0046146 seconds, Stopping threads took: 0.0000193 seconds
87.741: [GC (Allocation Failure)  888419K->570963K(1034752K), 0.0057308 secs]
87.747: Total time for which application threads were stopped: 0.0059098 seconds, Stopping threads took: 0.0000193 seconds
87.812: [GC (Allocation Failure)  892499K->565393K(1034752K), 0.0026226 secs]
87.815: Total time for which application threads were stopped: 0.0027903 seconds, Stopping threads took: 0.0000273 seconds
87.884: [GC (Allocation Failure)  886929K->571235K(1034752K), 0.0045673 secs]
87.888: Total time for which application threads were stopped: 0.0047628 seconds, Stopping threads took: 0.0000165 seconds
87.955: [GC (Allocation Failure)  892771K->575075K(1035264K), 0.0050624 secs]
87.961: Total time for which application threads were stopped: 0.0052338 seconds, Stopping threads took: 0.0000199 seconds
88.027: [GC (Allocation Failure)  897563K->571169K(1035264K), 0.0036784 secs]
88.031: Total time for which application threads were stopped: 0.0038480 seconds, Stopping threads took: 0.0000196 seconds
88.099: [GC (Allocation Failure)  893729K->575243K(1036288K), 0.0047341 secs]
88.104: Total time for which application threads were stopped: 0.0049060 seconds, Stopping threads took: 0.0000203 seconds
88.173: [GC (Allocation Failure)  899339K->579211K(1035776K), 0.0046877 secs]
88.178: Total time for which application threads were stopped: 0.0048591 seconds, Stopping threads took: 0.0000198 seconds
88.248: [GC (Allocation Failure)  903307K->579243K(1035776K), 0.0047076 secs]
88.253: Total time for which application threads were stopped: 0.0049082 seconds, Stopping threads took: 0.0000194 seconds
88.323: [GC (Allocation Failure)  902827K->579275K(1023488K), 0.0047699 secs]
88.327: Total time for which application threads were stopped: 0.0049475 seconds, Stopping threads took: 0.0000250 seconds
88.394: [GC (Allocation Failure)  902859K->587277K(1035264K), 0.0047419 secs]
88.399: Total time for which application threads were stopped: 0.0049050 seconds, Stopping threads took: 0.0000198 seconds
88.467: [GC (Allocation Failure)  909837K->587245K(1030144K), 0.0044940 secs]
88.471: Total time for which application threads were stopped: 0.0046631 seconds, Stopping threads took: 0.0000195 seconds
88.539: [GC (Allocation Failure)  909805K->587309K(1034752K), 0.0046551 secs]
88.543: Total time for which application threads were stopped: 0.0048501 seconds, Stopping threads took: 0.0000200 seconds
88.613: [GC (Allocation Failure)  908845K->595280K(1029120K), 0.0056886 secs]
88.619: Total time for which application threads were stopped: 0.0059038 seconds, Stopping threads took: 0.0000271 seconds
88.687: [GC (Allocation Failure)  916816K->595280K(1034240K), 0.0046473 secs]
88.692: Total time for which application threads were stopped: 0.0048056 seconds, Stopping threads took: 0.0000193 seconds
88.759: [GC (Allocation Failure)  915792K->595528K(1034240K), 0.0046475 secs]
88.764: Total time for which application threads were stopped: 0.0048092 seconds, Stopping threads took: 0.0000196 seconds
88.833: [GC (Allocation Failure)  916040K->603306K(1034240K), 0.0045378 secs]
88.837: Total time for which application threads were stopped: 0.0046994 seconds, Stopping threads took: 0.0000264 seconds
88.906: [GC (Allocation Failure)  923818K->603306K(1034240K), 0.0046849 secs]
88.910: Total time for which application threads were stopped: 0.0048845 seconds, Stopping threads took: 0.0000197 seconds
88.979: [GC (Allocation Failure)  923818K->603746K(1033216K), 0.0049235 secs]
88.984: Total time for which application threads were stopped: 0.0051223 seconds, Stopping threads took: 0.0000211 seconds
89.053: [GC (Allocation Failure)  923234K->611364K(1033728K), 0.0046809 secs]
89.058: Total time for which application threads were stopped: 0.0048529 seconds, Stopping threads took: 0.0000196 seconds
89.125: [GC (Allocation Failure)  930852K->611332K(1033728K), 0.0048246 secs]
89.130: Total time for which application threads were stopped: 0.0050198 seconds, Stopping threads took: 0.0000205 seconds
89.196: [GC (Allocation Failure)  930820K->611468K(1033728K), 0.0049634 secs]
89.201: Total time for which application threads were stopped: 0.0051284 seconds, Stopping threads took: 0.0000164 seconds
89.270: [GC (Allocation Failure)  930956K->619406K(1033728K), 0.0045965 secs]
89.275: Total time for which application threads were stopped: 0.0047584 seconds, Stopping threads took: 0.0000193 seconds
89.342: [GC (Allocation Failure)  938894K->619374K(1033728K), 0.0048613 secs]
89.347: Total time for which application threads were stopped: 0.0050457 seconds, Stopping threads took: 0.0000276 seconds
89.413: [GC (Allocation Failure)  938862K->619430K(1033728K), 0.0049157 secs]
89.418: Total time for which application threads were stopped: 0.0050734 seconds, Stopping threads took: 0.0000190 seconds
89.486: [GC (Allocation Failure)  938918K->627369K(1027072K), 0.0050151 secs]
89.491: Total time for which application threads were stopped: 0.0051823 seconds, Stopping threads took: 0.0000193 seconds
89.557: [GC (Allocation Failure)  946856K->623494K(1034240K), 0.0038711 secs]
89.561: Total time for which application threads were stopped: 0.0040412 seconds, Stopping threads took: 0.0000189 seconds
89.629: [GC (Allocation Failure)  942982K->627561K(1033216K), 0.0046772 secs]
89.634: Total time for which application threads were stopped: 0.0048678 seconds, Stopping threads took: 0.0000162 seconds
89.703: [GC (Allocation Failure)  947049K->631529K(1034752K), 0.0046726 secs]
89.707: Total time for which application threads were stopped: 0.0048461 seconds, Stopping threads took: 0.0000214 seconds
89.774: [GC (Allocation Failure)  953065K->624742K(1034752K), 0.0022998 secs]
89.776: Total time for which application threads were stopped: 0.0024668 seconds, Stopping threads took: 0.0000203 seconds
89.846: [GC (Allocation Failure)  946278K->631593K(1034752K), 0.0047423 secs]
89.850: Total time for which application threads were stopped: 0.0049203 seconds, Stopping threads took: 0.0000211 seconds
89.916: [GC (Allocation Failure)  953129K->635673K(1034752K), 0.0056061 secs]
89.922: Total time for which application threads were stopped: 0.0057976 seconds, Stopping threads took: 0.0000197 seconds
89.989: [GC (Allocation Failure)  957209K->630134K(1034752K), 0.0027597 secs]
89.992: Total time for which application threads were stopped: 0.0029100 seconds, Stopping threads took: 0.0000167 seconds
90.059: [GC (Allocation Failure)  951670K->635945K(1034752K), 0.0047372 secs]
90.064: Total time for which application threads were stopped: 0.0049016 seconds, Stopping threads took: 0.0000200 seconds
90.131: [GC (Allocation Failure)  957481K->639849K(1034752K), 0.0051763 secs]
90.136: Total time for which application threads were stopped: 0.0053466 seconds, Stopping threads took: 0.0000202 seconds
90.203: [GC (Allocation Failure)  962337K->635910K(1035264K), 0.0037818 secs]
90.207: Total time for which application threads were stopped: 0.0039418 seconds, Stopping threads took: 0.0000193 seconds
90.275: [GC (Allocation Failure)  958470K->639945K(1036288K), 0.0049957 secs]
90.280: Total time for which application threads were stopped: 0.0051584 seconds, Stopping threads took: 0.0000200 seconds
90.348: [GC (Allocation Failure)  964041K->643945K(1035776K), 0.0047541 secs]
90.353: Total time for which application threads were stopped: 0.0049467 seconds, Stopping threads took: 0.0000273 seconds
90.422: [GC (Allocation Failure)  968041K->643945K(1035776K), 0.0049108 secs]
90.427: Total time for which application threads were stopped: 0.0050832 seconds, Stopping threads took: 0.0000197 seconds
90.495: [GC (Allocation Failure)  967529K->644009K(1023488K), 0.0065338 secs]
90.501: Total time for which application threads were stopped: 0.0067156 seconds, Stopping threads took: 0.0000206 seconds
90.569: [GC (Allocation Failure)  967593K->652011K(1035264K), 0.0049410 secs]
90.574: Total time for which application threads were stopped: 0.0051160 seconds, Stopping threads took: 0.0000198 seconds
90.643: [GC (Allocation Failure)  974571K->651979K(1030144K), 0.0047233 secs]
90.647: Total time for which application threads were stopped: 0.0048809 seconds, Stopping threads took: 0.0000175 seconds
90.715: [GC (Allocation Failure)  974539K->652035K(1034752K), 0.0051456 secs]
90.720: Total time for which application threads were stopped: 0.0053150 seconds, Stopping threads took: 0.0000197 seconds
90.788: [GC (Allocation Failure)  973571K->660037K(1029120K), 0.0049880 secs]
90.793: Total time for which application threads were stopped: 0.0051595 seconds, Stopping threads took: 0.0000204 seconds
90.861: [GC (Allocation Failure)  981573K->659973K(1034240K), 0.0045570 secs]
90.866: Total time for which application threads were stopped: 0.0047498 seconds, Stopping threads took: 0.0000199 seconds
90.934: [GC (Allocation Failure)  980485K->660261K(1034240K), 0.0051390 secs]
90.939: Total time for which application threads were stopped: 0.0053134 seconds, Stopping threads took: 0.0000193 seconds
91.007: [GC (Allocation Failure)  980773K->668072K(1034240K), 0.0046461 secs]
91.012: Total time for which application threads were stopped: 0.0048249 seconds, Stopping threads took: 0.0000203 seconds
91.080: [GC (Allocation Failure)  988584K->668008K(1034240K), 0.0047754 secs]
91.085: Total time for which application threads were stopped: 0.0049479 seconds, Stopping threads took: 0.0000199 seconds
91.152: [GC (Allocation Failure)  988520K->668488K(1033216K), 0.0047380 secs]
91.157: Total time for which application threads were stopped: 0.0049346 seconds, Stopping threads took: 0.0000198 seconds
91.225: [GC (Allocation Failure)  987976K->676074K(1033728K), 0.0049124 secs]
91.230: Total time for which application threads were stopped: 0.0051053 seconds, Stopping threads took: 0.0000192 seconds
91.300: [GC (Allocation Failure)  995562K->676074K(1033728K), 0.0047335 secs]
91.304: Total time for which application threads were stopped: 0.0048938 seconds, Stopping threads took: 0.0000259 seconds
91.370: [GC (Allocation Failure)  995562K->676202K(1033728K), 0.0049344 secs]
91.375: Total time for which application threads were stopped: 0.0051440 seconds, Stopping threads took: 0.0000451 seconds
91.442: [GC (Allocation Failure)  995690K->684108K(1033728K), 0.0049695 secs]
91.447: Total time for which application threads were stopped: 0.0051483 seconds, Stopping threads took: 0.0000196 seconds
91.514: [GC (Allocation Failure)  1003596K->684076K(1033728K), 0.0048300 secs]
91.519: Total time for which application threads were stopped: 0.0049907 seconds, Stopping threads took: 0.0000202 seconds
91.585: [GC (Allocation Failure)  1003564K->684164K(1033728K), 0.0049863 secs]
91.590: Total time for which application threads were stopped: 0.0051564 seconds, Stopping threads took: 0.0000191 seconds
91.658: [GC (Allocation Failure)  1003652K->692102K(1027072K), 0.0052470 secs]
91.663: Total time for which application threads were stopped: 0.0054143 seconds, Stopping threads took: 0.0000192 seconds
91.728: [GC (Allocation Failure)  1011590K->688228K(1034240K), 0.0039678 secs]
91.732: Total time for which application threads were stopped: 0.0041257 seconds, Stopping threads took: 0.0000190 seconds
91.799: [GC (Allocation Failure)  1007716K->692294K(1033216K), 0.0050451 secs]
91.805: [Full GC (Ergonomics)  692294K->8609K(1033216K), 0.0161729 secs]
91.821: Total time for which application threads were stopped: 0.0214780 seconds, Stopping threads took: 0.0000271 seconds
91.889: [GC (Allocation Failure)  328097K->16707K(1034752K), 0.0037756 secs]
91.893: Total time for which application threads were stopped: 0.0039538 seconds, Stopping threads took: 0.0000213 seconds
91.962: [GC (Allocation Failure)  338243K->10001K(1034752K), 0.0009426 secs]
91.963: Total time for which application threads were stopped: 0.0010594 seconds, Stopping threads took: 0.0000196 seconds
92.034: [GC (Allocation Failure)  331537K->16795K(1034752K), 0.0038160 secs]
92.038: Total time for which application threads were stopped: 0.0039785 seconds, Stopping threads took: 0.0000199 seconds
92.104: [GC (Allocation Failure)  338331K->20899K(1034752K), 0.0048079 secs]
92.109: Total time for which application threads were stopped: 0.0049918 seconds, Stopping threads took: 0.0000223 seconds
92.175: [GC (Allocation Failure)  342435K->15329K(1034752K), 0.0015746 secs]
92.176: Total time for which application threads were stopped: 0.0017293 seconds, Stopping threads took: 0.0000222 seconds
92.245: [GC (Allocation Failure)  336865K->21139K(1034752K), 0.0038300 secs]
92.249: Total time for which application threads were stopped: 0.0040113 seconds, Stopping threads took: 0.0000194 seconds
92.316: [GC (Allocation Failure)  342675K->25043K(1034752K), 0.0039654 secs]
92.320: Total time for which application threads were stopped: 0.0041350 seconds, Stopping threads took: 0.0000269 seconds
92.387: [GC (Allocation Failure)  347532K->21105K(1035264K), 0.0022029 secs]
92.389: Total time for which application threads were stopped: 0.0023930 seconds, Stopping threads took: 0.0000246 seconds
92.459: [GC (Allocation Failure)  343665K->25163K(1036288K), 0.0039607 secs]
92.464: Total time for which application threads were stopped: 0.0041113 seconds, Stopping threads took: 0.0000165 seconds
92.533: [GC (Allocation Failure)  349259K->29131K(1035776K), 0.0038186 secs]
92.537: Total time for which application threads were stopped: 0.0039959 seconds, Stopping threads took: 0.0000275 seconds
92.606: [GC (Allocation Failure)  353227K->29131K(1035776K), 0.0045296 secs]
92.610: Total time for which application threads were stopped: 0.0047055 seconds, Stopping threads took: 0.0000243 seconds
92.679: [GC (Allocation Failure)  352715K->29187K(1023488K), 0.0038058 secs]
92.683: Total time for which application threads were stopped: 0.0039974 seconds, Stopping threads took: 0.0000193 seconds
92.751: [GC (Allocation Failure)  352771K->37158K(1035264K), 0.0037596 secs]
92.755: Total time for which application threads were stopped: 0.0039062 seconds, Stopping threads took: 0.0000163 seconds
92.823: [GC (Allocation Failure)  359718K->37158K(1030144K), 0.0035639 secs]
92.827: Total time for which application threads were stopped: 0.0037373 seconds, Stopping threads took: 0.0000269 seconds
92.894: [GC (Allocation Failure)  359718K->37214K(1034752K), 0.0038596 secs]
92.898: Total time for which application threads were stopped: 0.0040421 seconds, Stopping threads took: 0.0000195 seconds
92.967: [GC (Allocation Failure)  358750K->45216K(1034752K), 0.0039590 secs]
92.971: Total time for which application threads were stopped: 0.0041439 seconds, Stopping threads took: 0.0000205 seconds
93.039: [GC (Allocation Failure)  366752K->45184K(1033728K), 0.0036821 secs]
93.043: Total time for which application threads were stopped: 0.0038636 seconds, Stopping threads took: 0.0000203 seconds
93.111: [GC (Allocation Failure)  365696K->45448K(1034240K), 0.0036555 secs]
93.115: Total time for which application threads were stopped: 0.0038145 seconds, Stopping threads took: 0.0000191 seconds
93.182: [GC (Allocation Failure)  365960K->53226K(1034240K), 0.0037115 secs]
93.186: Total time for which application threads were stopped: 0.0038711 seconds, Stopping threads took: 0.0000194 seconds
93.254: [GC (Allocation Failure)  373738K->53258K(1034240K), 0.0038917 secs]
93.258: Total time for which application threads were stopped: 0.0040565 seconds, Stopping threads took: 0.0000209 seconds
93.326: [GC (Allocation Failure)  373770K->53674K(1033216K), 0.0036655 secs]
93.329: Total time for which application threads were stopped: 0.0038599 seconds, Stopping threads took: 0.0000199 seconds
93.399: [GC (Allocation Failure)  373162K->61260K(1033728K), 0.0038515 secs]
93.403: Total time for which application threads were stopped: 0.0040227 seconds, Stopping threads took: 0.0000195 seconds
93.471: [GC (Allocation Failure)  380748K->61228K(1033728K), 0.0037601 secs]
93.475: Total time for which application threads were stopped: 0.0039296 seconds, Stopping threads took: 0.0000194 seconds
93.540: [GC (Allocation Failure)  380716K->61420K(1033728K), 0.0038870 secs]
93.544: Total time for which application threads were stopped: 0.0040630 seconds, Stopping threads took: 0.0000188 seconds
93.613: [GC (Allocation Failure)  380908K->69295K(1033728K), 0.0035702 secs]
93.617: Total time for which application threads were stopped: 0.0037475 seconds, Stopping threads took: 0.0000196 seconds
93.685: [GC (Allocation Failure)  388783K->69263K(1033728K), 0.0036982 secs]
93.689: Total time for which application threads were stopped: 0.0038468 seconds, Stopping threads took: 0.0000164 seconds
93.755: [GC (Allocation Failure)  388751K->69351K(1033728K), 0.0039164 secs]
93.759: Total time for which application threads were stopped: 0.0040868 seconds, Stopping threads took: 0.0000192 seconds
93.828: [GC (Allocation Failure)  388839K->77321K(1027072K), 0.0039717 secs]
93.832: Total time for which application threads were stopped: 0.0041384 seconds, Stopping threads took: 0.0000189 seconds
93.897: [GC (Allocation Failure)  396808K->73447K(1034240K), 0.0025382 secs]
93.899: Total time for which application threads were stopped: 0.0027109 seconds, Stopping threads took: 0.0000195 seconds
93.969: [GC (Allocation Failure)  392935K->77481K(1033216K), 0.0037667 secs]
93.972: Total time for which application threads were stopped: 0.0039184 seconds, Stopping threads took: 0.0000172 seconds
94.040: [GC (Allocation Failure)  396969K->81449K(1034752K), 0.0039114 secs]
94.044: Total time for which application threads were stopped: 0.0040713 seconds, Stopping threads took: 0.0000188 seconds
94.111: [GC (Allocation Failure)  402985K->74663K(1034752K), 0.0011827 secs]
94.113: Total time for which application threads were stopped: 0.0013030 seconds, Stopping threads took: 0.0000192 seconds
94.181: [GC (Allocation Failure)  396199K->81481K(1034752K), 0.0056648 secs]
94.186: Total time for which application threads were stopped: 0.0058064 seconds, Stopping threads took: 0.0000240 seconds
94.253: [GC (Allocation Failure)  403017K->85625K(1034752K), 0.0063798 secs]
94.259: Total time for which application threads were stopped: 0.0065812 seconds, Stopping threads took: 0.0000250 seconds
94.325: [GC (Allocation Failure)  407161K->80023K(1034752K), 0.0066475 secs]
94.332: Total time for which application threads were stopped: 0.0068377 seconds, Stopping threads took: 0.0000248 seconds
94.400: [GC (Allocation Failure)  401559K->85889K(1034752K), 0.0044126 secs]
94.409: Total time for which application threads were stopped: 0.0098457 seconds, Stopping threads took: 0.0000162 seconds
94.477: [GC (Allocation Failure)  407425K->89697K(1034752K), 0.0041519 secs]
94.481: Total time for which application threads were stopped: 0.0043276 seconds, Stopping threads took: 0.0000198 seconds
94.547: [GC (Allocation Failure)  412185K->85823K(1035264K), 0.0025458 secs]
94.550: Total time for which application threads were stopped: 0.0026993 seconds, Stopping threads took: 0.0000190 seconds
94.620: [GC (Allocation Failure)  408383K->89857K(1036288K), 0.0045407 secs]
94.625: Total time for which application threads were stopped: 0.0047473 seconds, Stopping threads took: 0.0000255 seconds
94.694: [GC (Allocation Failure)  413953K->93857K(1035776K), 0.0036688 secs]
94.698: Total time for which application threads were stopped: 0.0038179 seconds, Stopping threads took: 0.0000166 seconds
94.766: [GC (Allocation Failure)  417953K->93857K(1035776K), 0.0037012 secs]
94.770: Total time for which application threads were stopped: 0.0038944 seconds, Stopping threads took: 0.0000187 seconds
94.840: [GC (Allocation Failure)  417441K->93929K(1023488K), 0.0038095 secs]
94.844: Total time for which application threads were stopped: 0.0039781 seconds, Stopping threads took: 0.0000261 seconds
94.911: [GC (Allocation Failure)  417513K->101899K(1035264K), 0.0039835 secs]
94.915: Total time for which application threads were stopped: 0.0041547 seconds, Stopping threads took: 0.0000199 seconds
94.983: [GC (Allocation Failure)  424459K->101899K(1030144K), 0.0036098 secs]
94.987: Total time for which application threads were stopped: 0.0037762 seconds, Stopping threads took: 0.0000197 seconds
95.055: [GC (Allocation Failure)  424459K->101923K(1034752K), 0.0044590 secs]
95.059: Total time for which application threads were stopped: 0.0046527 seconds, Stopping threads took: 0.0000249 seconds
95.127: [GC (Allocation Failure)  423459K->109893K(1034752K), 0.0038318 secs]
95.131: Total time for which application threads were stopped: 0.0039796 seconds, Stopping threads took: 0.0000162 seconds
95.199: [GC (Allocation Failure)  431429K->109925K(1033728K), 0.0045047 secs]
95.204: Total time for which application threads were stopped: 0.0046723 seconds, Stopping threads took: 0.0000193 seconds
95.272: [GC (Allocation Failure)  430437K->110181K(1034240K), 0.0040026 secs]
95.276: Total time for which application threads were stopped: 0.0041673 seconds, Stopping threads took: 0.0000202 seconds
95.346: [GC (Allocation Failure)  430693K->117992K(1034240K), 0.0043322 secs]
95.350: Total time for which application threads were stopped: 0.0045489 seconds, Stopping threads took: 0.0000450 seconds
95.418: [GC (Allocation Failure)  438504K->117992K(1034240K), 0.0039390 secs]
95.422: Total time for which application threads were stopped: 0.0041059 seconds, Stopping threads took: 0.0000193 seconds
95.489: [GC (Allocation Failure)  438504K->118408K(1033216K), 0.0039716 secs]
95.493: Total time for which application threads were stopped: 0.0041304 seconds, Stopping threads took: 0.0000195 seconds
95.560: [GC (Allocation Failure)  437896K->126058K(1033728K), 0.0041090 secs]
95.564: Total time for which application threads were stopped: 0.0042682 seconds, Stopping threads took: 0.0000187 seconds
95.633: [GC (Allocation Failure)  445546K->125994K(1033728K), 0.0039287 secs]
95.637: Total time for which application threads were stopped: 0.0040879 seconds, Stopping threads took: 0.0000198 seconds
95.702: [GC (Allocation Failure)  445482K->126154K(1033728K), 0.0039664 secs]
95.706: Total time for which application threads were stopped: 0.0041617 seconds, Stopping threads took: 0.0000199 seconds
95.773: [GC (Allocation Failure)  445642K->134060K(1033728K), 0.0038976 secs]
95.777: Total time for which application threads were stopped: 0.0040571 seconds, Stopping threads took: 0.0000193 seconds
95.847: [GC (Allocation Failure)  453548K->134028K(1033728K), 0.0037466 secs]
95.851: Total time for which application threads were stopped: 0.0039196 seconds, Stopping threads took: 0.0000257 seconds
95.918: [GC (Allocation Failure)  453516K->134092K(1033728K), 0.0040486 secs]
95.922: Total time for which application threads were stopped: 0.0042206 seconds, Stopping threads took: 0.0000200 seconds
95.990: [GC (Allocation Failure)  453580K->142063K(1027072K), 0.0039912 secs]
95.995: Total time for which application threads were stopped: 0.0041634 seconds, Stopping threads took: 0.0000216 seconds
96.061: [GC (Allocation Failure)  461550K->138156K(1034240K), 0.0029158 secs]
96.064: Total time for which application threads were stopped: 0.0030911 seconds, Stopping threads took: 0.0000190 seconds
96.132: [GC (Allocation Failure)  457644K->142223K(1033216K), 0.0040698 secs]
96.136: Total time for which application threads were stopped: 0.0042344 seconds, Stopping threads took: 0.0000197 seconds
96.205: [GC (Allocation Failure)  461711K->146223K(1034752K), 0.0038236 secs]
96.209: Total time for which application threads were stopped: 0.0039928 seconds, Stopping threads took: 0.0000192 seconds
96.275: [GC (Allocation Failure)  467759K->139372K(1034752K), 0.0012561 secs]
96.276: Total time for which application threads were stopped: 0.0014020 seconds, Stopping threads took: 0.0000214 seconds
96.343: [GC (Allocation Failure)  460908K->146287K(1034752K), 0.0039126 secs]
96.347: Total time for which application threads were stopped: 0.0040884 seconds, Stopping threads took: 0.0000194 seconds
96.413: [GC (Allocation Failure)  467823K->150335K(1034752K), 0.0047761 secs]
96.418: Total time for which application threads were stopped: 0.0049321 seconds, Stopping threads took: 0.0000191 seconds
96.483: [GC (Allocation Failure)  471871K->144796K(1034752K), 0.0018281 secs]
96.485: Total time for which application threads were stopped: 0.0019929 seconds, Stopping threads took: 0.0000196 seconds
96.554: [GC (Allocation Failure)  466332K->150607K(1034752K), 0.0039270 secs]
96.558: Total time for which application threads were stopped: 0.0040973 seconds, Stopping threads took: 0.0000214 seconds
96.627: [GC (Allocation Failure)  472143K->154479K(1035264K), 0.0139650 secs]
96.641: Total time for which application threads were stopped: 0.0141205 seconds, Stopping threads took: 0.0000355 seconds
96.711: [GC (Allocation Failure)  476967K->150572K(1035264K), 0.0025424 secs]
96.714: Total time for which application threads were stopped: 0.0027161 seconds, Stopping threads took: 0.0000196 seconds
96.784: [GC (Allocation Failure)  473132K->154639K(1036288K), 0.0040563 secs]
96.788: Total time for which application threads were stopped: 0.0042147 seconds, Stopping threads took: 0.0000189 seconds
96.856: [GC (Allocation Failure)  478735K->158607K(1035776K), 0.0038174 secs]
96.860: Total time for which application threads were stopped: 0.0039890 seconds, Stopping threads took: 0.0000284 seconds
96.928: [GC (Allocation Failure)  482703K->158607K(1035776K), 0.0038957 secs]
96.932: Total time for which application threads were stopped: 0.0040513 seconds, Stopping threads took: 0.0000186 seconds
97.001: [GC (Allocation Failure)  482191K->158663K(1023488K), 0.0041802 secs]
97.005: Total time for which application threads were stopped: 0.0043369 seconds, Stopping threads took: 0.0000188 seconds
97.071: [GC (Allocation Failure)  482247K->166633K(1035264K), 0.0039780 secs]
97.075: Total time for which application threads were stopped: 0.0041582 seconds, Stopping threads took: 0.0000217 seconds
97.145: [GC (Allocation Failure)  489193K->166633K(1030144K), 0.0039658 secs]
97.149: Total time for which application threads were stopped: 0.0041344 seconds, Stopping threads took: 0.0000195 seconds
97.217: [GC (Allocation Failure)  489193K->166697K(1034752K), 0.0040356 secs]
97.221: Total time for which application threads were stopped: 0.0042063 seconds, Stopping threads took: 0.0000198 seconds
97.288: [GC (Allocation Failure)  488233K->174667K(1034752K), 0.0041808 secs]
97.293: Total time for which application threads were stopped: 0.0043729 seconds, Stopping threads took: 0.0000202 seconds
97.362: [GC (Allocation Failure)  496203K->174667K(1033728K), 0.0039995 secs]
97.366: Total time for which application threads were stopped: 0.0041691 seconds, Stopping threads took: 0.0000195 seconds
97.433: [GC (Allocation Failure)  495179K->174923K(1034240K), 0.0040073 secs]
97.437: Total time for which application threads were stopped: 0.0041858 seconds, Stopping threads took: 0.0000212 seconds
97.507: [GC (Allocation Failure)  495435K->182701K(1034240K), 0.0039580 secs]
97.511: Total time for which application threads were stopped: 0.0041338 seconds, Stopping threads took: 0.0000216 seconds
97.579: [GC (Allocation Failure)  503213K->182701K(1034240K), 0.0039042 secs]
97.583: Total time for which application threads were stopped: 0.0040876 seconds, Stopping threads took: 0.0000201 seconds
97.651: [GC (Allocation Failure)  503213K->183149K(1033216K), 0.0041035 secs]
97.655: Total time for which application threads were stopped: 0.0042681 seconds, Stopping threads took: 0.0000197 seconds
97.724: [GC (Allocation Failure)  502637K->190768K(1033728K), 0.0041193 secs]
97.729: Total time for which application threads were stopped: 0.0042991 seconds, Stopping threads took: 0.0000198 seconds
97.798: [GC (Allocation Failure)  510256K->190736K(1033728K), 0.0038250 secs]
97.802: Total time for which application threads were stopped: 0.0039817 seconds, Stopping threads took: 0.0000257 seconds
97.867: [GC (Allocation Failure)  510224K->190856K(1033728K), 0.0041423 secs]
97.871: Total time for which application threads were stopped: 0.0043126 seconds, Stopping threads took: 0.0000196 seconds
97.940: [GC (Allocation Failure)  510344K->198794K(1033728K), 0.0040789 secs]
97.944: Total time for which application threads were stopped: 0.0042390 seconds, Stopping threads took: 0.0000191 seconds
98.011: [GC (Allocation Failure)  518282K->198762K(1033728K), 0.0039741 secs]
98.015: Total time for which application threads were stopped: 0.0041329 seconds, Stopping threads took: 0.0000198 seconds
98.081: [GC (Allocation Failure)  518250K->198826K(1033728K), 0.0041313 secs]
98.085: Total time for which application threads were stopped: 0.0043014 seconds, Stopping threads took: 0.0000193 seconds
98.154: [GC (Allocation Failure)  518314K->206764K(1027072K), 0.0042141 secs]
98.158: Total time for which application threads were stopped: 0.0043836 seconds, Stopping threads took: 0.0000201 seconds
98.224: [GC (Allocation Failure)  526252K->202858K(1034240K), 0.0063706 secs]
98.230: Total time for which application threads were stopped: 0.0065251 seconds, Stopping threads took: 0.0000194 seconds
98.299: [GC (Allocation Failure)  522346K->206956K(1033216K), 0.0040333 secs]
98.303: Total time for which application threads were stopped: 0.0041956 seconds, Stopping threads took: 0.0000254 seconds
98.371: [GC (Allocation Failure)  526444K->210924K(1034752K), 0.0063223 secs]
98.377: Total time for which application threads were stopped: 0.0065059 seconds, Stopping threads took: 0.0000292 seconds
98.445: [GC (Allocation Failure)  532460K->204138K(1034752K), 0.0013450 secs]
98.447: Total time for which application threads were stopped: 0.0014791 seconds, Stopping threads took: 0.0000192 seconds
98.516: [GC (Allocation Failure)  525674K->210996K(1034752K), 0.0039351 secs]
98.520: Total time for which application threads were stopped: 0.0041369 seconds, Stopping threads took: 0.0000206 seconds
98.589: [GC (Allocation Failure)  532532K->215076K(1034752K), 0.0049318 secs]
98.594: Total time for which application threads were stopped: 0.0050887 seconds, Stopping threads took: 0.0000169 seconds
98.661: [GC (Allocation Failure)  536612K->209538K(1034752K), 0.0019076 secs]
98.663: Total time for which application threads were stopped: 0.0020504 seconds, Stopping threads took: 0.0000196 seconds
98.730: [GC (Allocation Failure)  531074K->215380K(1034752K), 0.0041247 secs]
98.734: Total time for which application threads were stopped: 0.0043212 seconds, Stopping threads took: 0.0000202 seconds
98.803: [GC (Allocation Failure)  536916K->219220K(1034752K), 0.0042568 secs]
98.807: Total time for which application threads were stopped: 0.0044254 seconds, Stopping threads took: 0.0000274 seconds
98.874: [GC (Allocation Failure)  541708K->215346K(1035264K), 0.0028260 secs]
98.877: Total time for which application threads were stopped: 0.0030147 seconds, Stopping threads took: 0.0000192 seconds
98.947: [GC (Allocation Failure)  537906K->219348K(1036288K), 0.0043340 secs]
98.951: Total time for which application threads were stopped: 0.0045013 seconds, Stopping threads took: 0.0000165 seconds
99.020: [GC (Allocation Failure)  543444K->223348K(1035776K), 0.0039383 secs]
99.024: Total time for which application threads were stopped: 0.0041115 seconds, Stopping threads took: 0.0000195 seconds
99.093: [GC (Allocation Failure)  547444K->223348K(1035776K), 0.0040396 secs]
99.097: Total time for which application threads were stopped: 0.0042125 seconds, Stopping threads took: 0.0000200 seconds
99.164: [GC (Allocation Failure)  546932K->223404K(1023488K), 0.0041538 secs]
99.168: Total time for which application threads were stopped: 0.0043277 seconds, Stopping threads took: 0.0000209 seconds
99.236: [GC (Allocation Failure)  546988K->231374K(1035264K), 0.0041966 secs]
99.240: Total time for which application threads were stopped: 0.0043565 seconds, Stopping threads took: 0.0000192 seconds
99.310: [GC (Allocation Failure)  553934K->231406K(1030144K), 0.0038850 secs]
99.314: Total time for which application threads were stopped: 0.0040270 seconds, Stopping threads took: 0.0000179 seconds
99.381: [GC (Allocation Failure)  553966K->231438K(1034752K), 0.0041256 secs]
99.386: Total time for which application threads were stopped: 0.0042952 seconds, Stopping threads took: 0.0000220 seconds
99.453: [GC (Allocation Failure)  552974K->239409K(1034752K), 0.0043427 secs]
99.458: Total time for which application threads were stopped: 0.0045439 seconds, Stopping threads took: 0.0000212 seconds
99.526: [GC (Allocation Failure)  560945K->239409K(1033728K), 0.0039621 secs]
99.530: Total time for which application threads were stopped: 0.0041161 seconds, Stopping threads took: 0.0000186 seconds
99.597: [GC (Allocation Failure)  559921K->239657K(1034240K), 0.0041216 secs]
99.602: Total time for which application threads were stopped: 0.0042931 seconds, Stopping threads took: 0.0000206 seconds
99.671: [GC (Allocation Failure)  560169K->247467K(1034240K), 0.0041873 secs]
99.675: Total time for which application threads were stopped: 0.0043584 seconds, Stopping threads took: 0.0000200 seconds
99.744: [GC (Allocation Failure)  567979K->247435K(1034240K), 0.0040653 secs]
99.749: Total time for which application threads were stopped: 0.0042452 seconds, Stopping threads took: 0.0000202 seconds
99.816: [GC (Allocation Failure)  567947K->247883K(1033216K), 0.0040920 secs]
99.821: Total time for which application threads were stopped: 0.0043006 seconds, Stopping threads took: 0.0000280 seconds
99.889: [GC (Allocation Failure)  567371K->255501K(1033728K), 0.0042997 secs]
99.894: Total time for which application threads were stopped: 0.0044941 seconds, Stopping threads took: 0.0000196 seconds
99.963: [GC (Allocation Failure)  574989K->255501K(1033728K), 0.0041565 secs]
99.967: Total time for which application threads were stopped: 0.0043207 seconds, Stopping threads took: 0.0000172 seconds
100.034: [GC (Allocation Failure)  574989K->255589K(1033728K), 0.0042901 secs]
100.038: Total time for which application threads were stopped: 0.0044442 seconds, Stopping threads took: 0.0000166 seconds
100.106: [GC (Allocation Failure)  575077K->263559K(1033728K), 0.0041276 secs]
100.110: Total time for which application threads were stopped: 0.0044363 seconds, Stopping threads took: 0.0000199 seconds
100.177: [GC (Allocation Failure)  583047K->263527K(1033728K), 0.0042328 secs]
100.181: Total time for which application threads were stopped: 0.0044070 seconds, Stopping threads took: 0.0000187 seconds
100.248: [GC (Allocation Failure)  583015K->263559K(1032704K), 0.0040488 secs]
100.252: Total time for which application threads were stopped: 0.0042076 seconds, Stopping threads took: 0.0000190 seconds
100.320: [GC (Allocation Failure)  582023K->271530K(1033216K), 0.0041913 secs]
100.324: Total time for which application threads were stopped: 0.0043586 seconds, Stopping threads took: 0.0000261 seconds
100.391: [GC (Allocation Failure)  589994K->265991K(1033728K), 0.0021919 secs]
100.393: Total time for which application threads were stopped: 0.0023615 seconds, Stopping threads took: 0.0000199 seconds
100.460: [GC (Allocation Failure)  584967K->271778K(1033216K), 0.0053557 secs]
100.466: Total time for which application threads were stopped: 0.0055255 seconds, Stopping threads took: 0.0000194 seconds
100.533: [GC (Allocation Failure)  590754K->275698K(1034240K), 0.0043312 secs]
100.538: Total time for which application threads were stopped: 0.0044990 seconds, Stopping threads took: 0.0000182 seconds
100.605: [GC (Allocation Failure)  596210K->281551K(1034240K), 0.0120606 secs]
100.617: Total time for which application threads were stopped: 0.0122788 seconds, Stopping threads took: 0.0000285 seconds
100.686: [GC (Allocation Failure)  602063K->275826K(1030144K), 0.0043671 secs]
100.690: Total time for which application threads were stopped: 0.0045489 seconds, Stopping threads took: 0.0000195 seconds
100.759: [GC (Allocation Failure)  592242K->275698K(1032192K), 0.0041169 secs]
100.764: Total time for which application threads were stopped: 0.0042898 seconds, Stopping threads took: 0.0000285 seconds
100.831: [GC (Allocation Failure)  592114K->271535K(1033216K), 0.0024174 secs]
100.833: Total time for which application threads were stopped: 0.0025756 seconds, Stopping threads took: 0.0000260 seconds
100.901: [GC (Allocation Failure)  589487K->275794K(1032704K), 0.0042635 secs]
100.906: Total time for which application threads were stopped: 0.0044497 seconds, Stopping threads took: 0.0000201 seconds
100.971: [GC (Allocation Failure)  593746K->275698K(1033728K), 0.0041010 secs]
100.975: Total time for which application threads were stopped: 0.0043020 seconds, Stopping threads took: 0.0000214 seconds
101.042: [GC (Allocation Failure)  594674K->279274K(1033216K), 0.0050845 secs]
101.047: Total time for which application threads were stopped: 0.0052502 seconds, Stopping threads took: 0.0000188 seconds
101.114: [GC (Allocation Failure)  598250K->283756K(1034240K), 0.0041574 secs]
101.119: Total time for which application threads were stopped: 0.0043260 seconds, Stopping threads took: 0.0000198 seconds
101.186: [GC (Allocation Failure)  603756K->283692K(1033728K), 0.0043540 secs]
101.191: Total time for which application threads were stopped: 0.0045230 seconds, Stopping threads took: 0.0000197 seconds
101.257: [GC (Allocation Failure)  603692K->286988K(1034240K), 0.0051021 secs]
101.263: Total time for which application threads were stopped: 0.0052747 seconds, Stopping threads took: 0.0000203 seconds
101.331: [GC (Allocation Failure)  607500K->291694K(1034240K), 0.0064003 secs]
101.337: Total time for which application threads were stopped: 0.0065663 seconds, Stopping threads took: 0.0000279 seconds
101.405: [GC (Allocation Failure)  612206K->291726K(1034752K), 0.0040229 secs]
101.409: Total time for which application threads were stopped: 0.0041903 seconds, Stopping threads took: 0.0000192 seconds
101.474: [GC (Allocation Failure)  613262K->294190K(1034752K), 0.0048478 secs]
101.479: Total time for which application threads were stopped: 0.0050146 seconds, Stopping threads took: 0.0000185 seconds
101.547: [GC (Allocation Failure)  615726K->299792K(1034752K), 0.0042820 secs]
101.551: Total time for which application threads were stopped: 0.0044416 seconds, Stopping threads took: 0.0000197 seconds
101.619: [GC (Allocation Failure)  621328K->299760K(1034752K), 0.0047576 secs]
101.624: Total time for which application threads were stopped: 0.0049527 seconds, Stopping threads took: 0.0000254 seconds
101.691: [GC (Allocation Failure)  621296K->303464K(1035264K), 0.0051733 secs]
101.696: Total time for which application threads were stopped: 0.0053895 seconds, Stopping threads took: 0.0000196 seconds
101.764: [GC (Allocation Failure)  625512K->307819K(1034752K), 0.0043761 secs]
101.768: Total time for which application threads were stopped: 0.0045500 seconds, Stopping threads took: 0.0000203 seconds
101.839: [GC (Allocation Failure)  629867K->307819K(1035264K), 0.0039353 secs]
101.843: Total time for which application threads were stopped: 0.0040856 seconds, Stopping threads took: 0.0000165 seconds
101.910: [GC (Allocation Failure)  630379K->310667K(1035264K), 0.0047324 secs]
101.915: Total time for which application threads were stopped: 0.0049283 seconds, Stopping threads took: 0.0000250 seconds
101.984: [GC (Allocation Failure)  633227K->315917K(1035264K), 0.0042086 secs]
101.988: Total time for which application threads were stopped: 0.0043791 seconds, Stopping threads took: 0.0000199 seconds
102.056: [GC (Allocation Failure)  638477K->315853K(1035264K), 0.0041495 secs]
102.061: Total time for which application threads were stopped: 0.0043155 seconds, Stopping threads took: 0.0000190 seconds
102.127: [GC (Allocation Failure)  638413K->318893K(1035264K), 0.0047734 secs]
102.132: Total time for which application threads were stopped: 0.0049318 seconds, Stopping threads took: 0.0000186 seconds
102.200: [GC (Allocation Failure)  641453K->323919K(1035264K), 0.0041721 secs]
102.204: Total time for which application threads were stopped: 0.0043320 seconds, Stopping threads took: 0.0000188 seconds
102.272: [GC (Allocation Failure)  646479K->323855K(1035264K), 0.0044955 secs]
102.277: Total time for which application threads were stopped: 0.0046682 seconds, Stopping threads took: 0.0000196 seconds
102.343: [GC (Allocation Failure)  646415K->319085K(1035264K), 0.0064603 secs]
102.350: Total time for which application threads were stopped: 0.0066111 seconds, Stopping threads took: 0.0000188 seconds
102.418: [GC (Allocation Failure)  641645K->324143K(1035264K), 0.0040800 secs]
102.423: Total time for which application threads were stopped: 0.0042712 seconds, Stopping threads took: 0.0000191 seconds
102.492: [GC (Allocation Failure)  646703K->323855K(1035264K), 0.0040774 secs]
102.496: Total time for which application threads were stopped: 0.0042374 seconds, Stopping threads took: 0.0000171 seconds
102.564: [GC (Allocation Failure)  646415K->323405K(1035776K), 0.0041371 secs]
102.569: Total time for which application threads were stopped: 0.0043017 seconds, Stopping threads took: 0.0000189 seconds
102.637: [GC (Allocation Failure)  646477K->324079K(1035264K), 0.0040775 secs]
102.641: Total time for which application threads were stopped: 0.0042614 seconds, Stopping threads took: 0.0000199 seconds
102.709: [GC (Allocation Failure)  647151K->323855K(1035776K), 0.0042854 secs]
102.713: Total time for which application threads were stopped: 0.0044460 seconds, Stopping threads took: 0.0000190 seconds
102.780: [GC (Allocation Failure)  647439K->329709K(1035776K), 0.0069250 secs]
102.788: Total time for which application threads were stopped: 0.0070958 seconds, Stopping threads took: 0.0000181 seconds
102.858: [GC (Allocation Failure)  653293K->325103K(1032704K), 0.0042651 secs]
102.863: Total time for which application threads were stopped: 0.0044277 seconds, Stopping threads took: 0.0000200 seconds
102.930: [GC (Allocation Failure)  645615K->324975K(1034240K), 0.0043213 secs]
102.935: Total time for which application threads were stopped: 0.0045156 seconds, Stopping threads took: 0.0000200 seconds
103.003: [GC (Allocation Failure)  645487K->332045K(1030656K), 0.0074007 secs]
103.011: Total time for which application threads were stopped: 0.0075632 seconds, Stopping threads took: 0.0000200 seconds
103.078: [GC (Allocation Failure)  649485K->326383K(1032704K), 0.0045452 secs]
103.083: Total time for which application threads were stopped: 0.0047104 seconds, Stopping threads took: 0.0000195 seconds
103.150: [GC (Allocation Failure)  643823K->326255K(1033728K), 0.0042938 secs]
103.154: Total time for which application threads were stopped: 0.0044683 seconds, Stopping threads took: 0.0000198 seconds
103.221: [GC (Allocation Failure)  645231K->323853K(1033216K), 0.0032837 secs]
103.224: Total time for which application threads were stopped: 0.0034489 seconds, Stopping threads took: 0.0000205 seconds
103.291: [GC (Allocation Failure)  642829K->326319K(1034752K), 0.0049392 secs]
103.297: Total time for which application threads were stopped: 0.0051117 seconds, Stopping threads took: 0.0000201 seconds
103.365: [GC (Allocation Failure)  647343K->326287K(1034240K), 0.0054556 secs]
103.370: Total time for which application threads were stopped: 0.0056301 seconds, Stopping threads took: 0.0000263 seconds
103.438: [GC (Allocation Failure)  647311K->321517K(1034240K), 0.0024903 secs]
103.440: Total time for which application threads were stopped: 0.0026728 seconds, Stopping threads took: 0.0000212 seconds
103.510: [GC (Allocation Failure)  643053K->326543K(1034752K), 0.0064240 secs]
103.516: Total time for which application threads were stopped: 0.0065847 seconds, Stopping threads took: 0.0000168 seconds
103.585: [GC (Allocation Failure)  648079K->326287K(1035776K), 0.0044447 secs]
103.590: Total time for which application threads were stopped: 0.0046284 seconds, Stopping threads took: 0.0000217 seconds
103.656: [GC (Allocation Failure)  649359K->324237K(1035264K), 0.0035064 secs]
103.660: Total time for which application threads were stopped: 0.0036713 seconds, Stopping threads took: 0.0000162 seconds
103.726: [GC (Allocation Failure)  647309K->326479K(1036288K), 0.0043023 secs]
103.730: Total time for which application threads were stopped: 0.0044738 seconds, Stopping threads took: 0.0000198 seconds
103.800: [GC (Allocation Failure)  650575K->326287K(1035776K), 0.0041675 secs]
103.804: Total time for which application threads were stopped: 0.0043309 seconds, Stopping threads took: 0.0000196 seconds
103.873: [GC (Allocation Failure)  650383K->332101K(1032192K), 0.0068754 secs]
103.880: Total time for which application threads were stopped: 0.0070369 seconds, Stopping threads took: 0.0000251 seconds
103.947: [GC (Allocation Failure)  652613K->328039K(1034240K), 0.0043160 secs]
103.951: Total time for which application threads were stopped: 0.0044819 seconds, Stopping threads took: 0.0000192 seconds
104.019: [GC (Allocation Failure)  648551K->327879K(1035264K), 0.0042453 secs]
104.023: Total time for which application threads were stopped: 0.0044142 seconds, Stopping threads took: 0.0000197 seconds
104.090: [GC (Allocation Failure)  650439K->333893K(1035264K), 0.0070264 secs]
104.097: Total time for which application threads were stopped: 0.0071867 seconds, Stopping threads took: 0.0000192 seconds
104.164: [GC (Allocation Failure)  656453K->328711K(1033216K), 0.0043231 secs]
104.168: Total time for which application threads were stopped: 0.0045041 seconds, Stopping threads took: 0.0000197 seconds
104.236: [GC (Allocation Failure)  649223K->328647K(1034240K), 0.0055886 secs]
104.241: Total time for which application threads were stopped: 0.0057849 seconds, Stopping threads took: 0.0000201 seconds
104.310: [GC (Allocation Failure)  649159K->334845K(1031680K), 0.0068913 secs]
104.317: Total time for which application threads were stopped: 0.0070664 seconds, Stopping threads took: 0.0000251 seconds
104.385: [GC (Allocation Failure)  653309K->329359K(1033216K), 0.0044827 secs]
104.390: Total time for which application threads were stopped: 0.0046486 seconds, Stopping threads took: 0.0000264 seconds
104.456: [GC (Allocation Failure)  647823K->329071K(1033728K), 0.0041209 secs]
104.461: Total time for which application threads were stopped: 0.0042954 seconds, Stopping threads took: 0.0000205 seconds
104.526: [GC (Allocation Failure)  648559K->328333K(1033728K), 0.0064289 secs]
104.532: Total time for which application threads were stopped: 0.0066105 seconds, Stopping threads took: 0.0000280 seconds
104.600: [GC (Allocation Failure)  647821K->329295K(1034752K), 0.0042658 secs]
104.605: Total time for which application threads were stopped: 0.0044367 seconds, Stopping threads took: 0.0000219 seconds
104.672: [GC (Allocation Failure)  650319K->329135K(1034240K), 0.0043415 secs]
104.677: Total time for which application threads were stopped: 0.0045017 seconds, Stopping threads took: 0.0000198 seconds
104.742: [GC (Allocation Failure)  650159K->326541K(1034752K), 0.0033469 secs]
104.745: Total time for which application threads were stopped: 0.0035233 seconds, Stopping threads took: 0.0000196 seconds
104.814: [GC (Allocation Failure)  648077K->329231K(1034752K), 0.0049413 secs]
104.819: Total time for which application threads were stopped: 0.0051182 seconds, Stopping threads took: 0.0000264 seconds
104.885: [GC (Allocation Failure)  650767K->329135K(1035776K), 0.0042616 secs]
104.890: Total time for which application threads were stopped: 0.0044404 seconds, Stopping threads took: 0.0000217 seconds
104.955: [GC (Allocation Failure)  652207K->329293K(1035264K), 0.0045480 secs]
104.960: Total time for which application threads were stopped: 0.0047249 seconds, Stopping threads took: 0.0000211 seconds
105.029: [GC (Allocation Failure)  652365K->329167K(1036288K), 0.0049070 secs]
105.034: Total time for which application threads were stopped: 0.0050789 seconds, Stopping threads took: 0.0000194 seconds
105.102: [GC (Allocation Failure)  653775K->329103K(1036288K), 0.0042497 secs]
105.107: Total time for which application threads were stopped: 0.0044159 seconds, Stopping threads took: 0.0000210 seconds
105.172: [GC (Allocation Failure)  653711K->321773K(1034752K), 0.0015118 secs]
105.174: Total time for which application threads were stopped: 0.0016411 seconds, Stopping threads took: 0.0000205 seconds
105.243: [GC (Allocation Failure)  645357K->329151K(1035776K), 0.0042349 secs]
105.248: Total time for which application threads were stopped: 0.0043949 seconds, Stopping threads took: 0.0000200 seconds
105.316: [GC (Allocation Failure)  652735K->333271K(1036288K), 0.0053530 secs]
105.321: Total time for which application threads were stopped: 0.0055373 seconds, Stopping threads took: 0.0000256 seconds
105.391: [GC (Allocation Failure)  657879K->333239K(1036288K), 0.0042860 secs]
105.395: Total time for which application threads were stopped: 0.0044432 seconds, Stopping threads took: 0.0000167 seconds
105.462: [GC (Allocation Failure)  657847K->333495K(1034752K), 0.0043140 secs]
105.466: Total time for which application threads were stopped: 0.0045097 seconds, Stopping threads took: 0.0000207 seconds
105.536: [GC (Allocation Failure)  657079K->341274K(1035776K), 0.0043051 secs]
105.540: Total time for which application threads were stopped: 0.0044628 seconds, Stopping threads took: 0.0000168 seconds
105.609: [GC (Allocation Failure)  664858K->341274K(1036288K), 0.0043952 secs]
105.614: Total time for which application threads were stopped: 0.0045623 seconds, Stopping threads took: 0.0000173 seconds
105.682: [GC (Allocation Failure)  665370K->341498K(1024000K), 0.0046337 secs]
105.687: Total time for which application threads were stopped: 0.0048005 seconds, Stopping threads took: 0.0000197 seconds
105.755: [GC (Allocation Failure)  665594K->349308K(1035776K), 0.0042208 secs]
105.759: Total time for which application threads were stopped: 0.0043830 seconds, Stopping threads took: 0.0000188 seconds
105.828: [GC (Allocation Failure)  672380K->349308K(1035264K), 0.0042313 secs]
105.832: Total time for which application threads were stopped: 0.0043891 seconds, Stopping threads took: 0.0000262 seconds
105.898: [GC (Allocation Failure)  672380K->349476K(1034752K), 0.0042799 secs]
105.903: Total time for which application threads were stopped: 0.0044509 seconds, Stopping threads took: 0.0000199 seconds
105.971: [GC (Allocation Failure)  672036K->357350K(1035264K), 0.0044060 secs]
105.975: Total time for which application threads were stopped: 0.0046013 seconds, Stopping threads took: 0.0000194 seconds
106.045: [GC (Allocation Failure)  679910K->357382K(1035264K), 0.0043957 secs]
106.050: Total time for which application threads were stopped: 0.0045592 seconds, Stopping threads took: 0.0000196 seconds
106.117: [GC (Allocation Failure)  679942K->357438K(1022464K), 0.0050972 secs]
106.123: Total time for which application threads were stopped: 0.0053001 seconds, Stopping threads took: 0.0000202 seconds
106.192: [GC (Allocation Failure)  679998K->365376K(1034752K), 0.0043283 secs]
106.196: Total time for which application threads were stopped: 0.0045095 seconds, Stopping threads took: 0.0000312 seconds
106.264: [GC (Allocation Failure)  686912K->365376K(1034752K), 0.0044090 secs]
106.268: Total time for which application threads were stopped: 0.0045762 seconds, Stopping threads took: 0.0000200 seconds
106.333: [GC (Allocation Failure)  686912K->365704K(1033728K), 0.0043653 secs]
106.338: Total time for which application threads were stopped: 0.0045679 seconds, Stopping threads took: 0.0000278 seconds
106.406: [GC (Allocation Failure)  686216K->373419K(1034240K), 0.0043841 secs]
106.410: Total time for which application threads were stopped: 0.0045496 seconds, Stopping threads took: 0.0000259 seconds
106.478: [GC (Allocation Failure)  693931K->373451K(1034240K), 0.0043747 secs]
106.482: Total time for which application threads were stopped: 0.0045311 seconds, Stopping threads took: 0.0000196 seconds
106.551: [GC (Allocation Failure)  693963K->373963K(1034240K), 0.0044106 secs]
106.556: Total time for which application threads were stopped: 0.0045722 seconds, Stopping threads took: 0.0000194 seconds
106.625: [GC (Allocation Failure)  694475K->381421K(1034240K), 0.0073361 secs]
106.632: Total time for which application threads were stopped: 0.0074975 seconds, Stopping threads took: 0.0000261 seconds
106.701: [GC (Allocation Failure)  701933K->381421K(1034240K), 0.0045571 secs]
106.706: Total time for which application threads were stopped: 0.0047265 seconds, Stopping threads took: 0.0000195 seconds
106.772: [GC (Allocation Failure)  701933K->381677K(1033216K), 0.0043419 secs]
106.777: Total time for which application threads were stopped: 0.0045281 seconds, Stopping threads took: 0.0000203 seconds
106.844: [GC (Allocation Failure)  701165K->389487K(1033728K), 0.0043410 secs]
106.848: Total time for which application threads were stopped: 0.0045267 seconds, Stopping threads took: 0.0000208 seconds
106.916: [GC (Allocation Failure)  708975K->389487K(1033728K), 0.0043523 secs]
106.921: Total time for which application threads were stopped: 0.0045185 seconds, Stopping threads took: 0.0000200 seconds
106.987: [GC (Allocation Failure)  708975K->389607K(1033728K), 0.0050642 secs]
106.992: Total time for which application threads were stopped: 0.0052425 seconds, Stopping threads took: 0.0000200 seconds
107.058: [GC (Allocation Failure)  709095K->397545K(1033728K), 0.0045719 secs]
107.063: Total time for which application threads were stopped: 0.0047321 seconds, Stopping threads took: 0.0000197 seconds
107.132: [GC (Allocation Failure)  717033K->397513K(1033728K), 0.0043015 secs]
107.136: Total time for which application threads were stopped: 0.0044713 seconds, Stopping threads took: 0.0000197 seconds
107.202: [GC (Allocation Failure)  717001K->397577K(1033728K), 0.0044948 secs]
107.207: Total time for which application threads were stopped: 0.0046557 seconds, Stopping threads took: 0.0000197 seconds
107.273: [GC (Allocation Failure)  717065K->405548K(1033728K), 0.0044473 secs]
107.278: Total time for which application threads were stopped: 0.0046184 seconds, Stopping threads took: 0.0000194 seconds
107.346: [GC (Allocation Failure)  725036K->405548K(1033728K), 0.0042330 secs]
107.350: Total time for which application threads were stopped: 0.0043919 seconds, Stopping threads took: 0.0000200 seconds
107.416: [GC (Allocation Failure)  725036K->405868K(1019392K), 0.0044927 secs]
107.421: Total time for which application threads were stopped: 0.0046681 seconds, Stopping threads took: 0.0000196 seconds
107.489: [GC (Allocation Failure)  725356K->413582K(1033216K), 0.0047413 secs]
107.494: Total time for which application threads were stopped: 0.0049006 seconds, Stopping threads took: 0.0000170 seconds
107.562: [GC (Allocation Failure)  732046K->413582K(1033216K), 0.0046254 secs]
107.566: Total time for which application threads were stopped: 0.0047989 seconds, Stopping threads took: 0.0000203 seconds
107.633: [GC (Allocation Failure)  732046K->413838K(1033216K), 0.0044559 secs]
107.638: Total time for which application threads were stopped: 0.0046225 seconds, Stopping threads took: 0.0000176 seconds
107.706: [GC (Allocation Failure)  732302K->421616K(1033216K), 0.0046151 secs]
107.711: Total time for which application threads were stopped: 0.0048157 seconds, Stopping threads took: 0.0000205 seconds
107.777: [GC (Allocation Failure)  740080K->416750K(1033728K), 0.0030604 secs]
107.781: Total time for which application threads were stopped: 0.0032500 seconds, Stopping threads took: 0.0000188 seconds
107.849: [GC (Allocation Failure)  735726K->421792K(1033216K), 0.0045118 secs]
107.854: Total time for which application threads were stopped: 0.0046794 seconds, Stopping threads took: 0.0000261 seconds
107.921: [GC (Allocation Failure)  740768K->425784K(1034752K), 0.0044802 secs]
107.926: Total time for which application threads were stopped: 0.0046729 seconds, Stopping threads took: 0.0000199 seconds
107.993: [GC (Allocation Failure)  747320K->433326K(1034752K), 0.0080310 secs]
108.001: Total time for which application threads were stopped: 0.0081976 seconds, Stopping threads took: 0.0000165 seconds
108.070: [GC (Allocation Failure)  754862K->427664K(1029632K), 0.0044634 secs]
108.074: Total time for which application threads were stopped: 0.0046248 seconds, Stopping threads took: 0.0000189 seconds
108.141: [GC (Allocation Failure)  744080K->427568K(1032192K), 0.0043727 secs]
108.146: Total time for which application threads were stopped: 0.0045410 seconds, Stopping threads took: 0.0000283 seconds
108.211: [GC (Allocation Failure)  743984K->426190K(1033216K), 0.0041552 secs]
108.216: Total time for which application threads were stopped: 0.0043178 seconds, Stopping threads took: 0.0000191 seconds
108.281: [GC (Allocation Failure)  744142K->427568K(1032704K), 0.0058462 secs]
108.287: Total time for which application threads were stopped: 0.0060298 seconds, Stopping threads took: 0.0000204 seconds
108.356: [GC (Allocation Failure)  745520K->427568K(1034240K), 0.0042073 secs]
108.360: Total time for which application threads were stopped: 0.0044243 seconds, Stopping threads took: 0.0000253 seconds
108.428: [GC (Allocation Failure)  747568K->430856K(1033728K), 0.0052561 secs]
108.433: Total time for which application threads were stopped: 0.0054145 seconds, Stopping threads took: 0.0000194 seconds
108.499: [GC (Allocation Failure)  750856K->435818K(1034240K), 0.0064558 secs]
108.505: Total time for which application threads were stopped: 0.0066164 seconds, Stopping threads took: 0.0000197 seconds
108.573: [GC (Allocation Failure)  756330K->435626K(1034240K), 0.0045125 secs]
108.578: Total time for which application threads were stopped: 0.0046961 seconds, Stopping threads took: 0.0000191 seconds
108.647: [GC (Allocation Failure)  756138K->436482K(1033728K), 0.0045225 secs]
108.652: Total time for which application threads were stopped: 0.0046909 seconds, Stopping threads took: 0.0000193 seconds
108.719: [GC (Allocation Failure)  756994K->443717K(1034240K), 0.0044196 secs]
108.723: Total time for which application threads were stopped: 0.0046145 seconds, Stopping threads took: 0.0000208 seconds
108.793: [GC (Allocation Failure)  764229K->443621K(1034752K), 0.0044565 secs]
108.797: Total time for which application threads were stopped: 0.0046151 seconds, Stopping threads took: 0.0000171 seconds
108.864: [GC (Allocation Failure)  764645K->447309K(1034240K), 0.0052765 secs]
108.869: Total time for which application threads were stopped: 0.0054408 seconds, Stopping threads took: 0.0000268 seconds
108.936: [GC (Allocation Failure)  768333K->451823K(1034752K), 0.0045159 secs]
108.941: Total time for which application threads were stopped: 0.0046887 seconds, Stopping threads took: 0.0000207 seconds
109.008: [GC (Allocation Failure)  773359K->451663K(1034752K), 0.0045795 secs]
109.013: Total time for which application threads were stopped: 0.0047584 seconds, Stopping threads took: 0.0000196 seconds
109.078: [GC (Allocation Failure)  773199K->451911K(1033728K), 0.0044006 secs]
109.083: Total time for which application threads were stopped: 0.0046062 seconds, Stopping threads took: 0.0000218 seconds
109.152: [GC (Allocation Failure)  772423K->459753K(1034240K), 0.0043792 secs]
109.157: Total time for which application threads were stopped: 0.0045388 seconds, Stopping threads took: 0.0000175 seconds
109.225: [GC (Allocation Failure)  780265K->459689K(1034752K), 0.0047506 secs]
109.230: Total time for which application threads were stopped: 0.0049234 seconds, Stopping threads took: 0.0000205 seconds
109.295: [GC (Allocation Failure)  781225K->463241K(1034752K), 0.0052438 secs]
109.300: Total time for which application threads were stopped: 0.0054087 seconds, Stopping threads took: 0.0000198 seconds
109.369: [GC (Allocation Failure)  784777K->467724K(1034752K), 0.0044511 secs]
109.374: Total time for which application threads were stopped: 0.0046409 seconds, Stopping threads took: 0.0000197 seconds
109.443: [GC (Allocation Failure)  789260K->467724K(1034752K), 0.0043691 secs]
109.448: Total time for which application threads were stopped: 0.0045642 seconds, Stopping threads took: 0.0000195 seconds
109.514: [GC (Allocation Failure)  789260K->468428K(1034752K), 0.0045911 secs]
109.519: Total time for which application threads were stopped: 0.0047921 seconds, Stopping threads took: 0.0000263 seconds
109.589: [GC (Allocation Failure)  789964K->475982K(1034752K), 0.0064913 secs]
109.596: Total time for which application threads were stopped: 0.0066509 seconds, Stopping threads took: 0.0000192 seconds
109.664: [GC (Allocation Failure)  797518K->475790K(1034752K), 0.0046155 secs]
109.669: Total time for which application threads were stopped: 0.0047915 seconds, Stopping threads took: 0.0000201 seconds
109.735: [GC (Allocation Failure)  797326K->477670K(1034752K), 0.0052509 secs]
109.740: Total time for which application threads were stopped: 0.0054290 seconds, Stopping threads took: 0.0000202 seconds
109.809: [GC (Allocation Failure)  799206K->483944K(1034752K), 0.0047300 secs]
109.813: Total time for which application threads were stopped: 0.0048994 seconds, Stopping threads took: 0.0000199 seconds
109.881: [GC (Allocation Failure)  805480K->483784K(1034752K), 0.0044223 secs]
109.885: Total time for which application threads were stopped: 0.0046182 seconds, Stopping threads took: 0.0000198 seconds
109.953: [GC (Allocation Failure)  805320K->486920K(1034752K), 0.0053055 secs]
109.958: Total time for which application threads were stopped: 0.0054960 seconds, Stopping threads took: 0.0000189 seconds
110.025: [GC (Allocation Failure)  808456K->491882K(1034752K), 0.0045347 secs]
110.030: Total time for which application threads were stopped: 0.0047139 seconds, Stopping threads took: 0.0000193 seconds
110.097: [GC (Allocation Failure)  813418K->491786K(1034752K), 0.0047140 secs]
110.102: Total time for which application threads were stopped: 0.0048638 seconds, Stopping threads took: 0.0000170 seconds
110.167: [GC (Allocation Failure)  813322K->484040K(1021440K), 0.0015195 secs]
110.168: Total time for which application threads were stopped: 0.0016551 seconds, Stopping threads took: 0.0000207 seconds
110.238: [GC (Allocation Failure)  805576K->491882K(1034240K), 0.0048493 secs]
110.243: Total time for which application threads were stopped: 0.0050079 seconds, Stopping threads took: 0.0000192 seconds
110.309: [GC (Allocation Failure)  812394K->491818K(1034240K), 0.0048313 secs]
110.314: Total time for which application threads were stopped: 0.0050054 seconds, Stopping threads took: 0.0000200 seconds
110.383: [GC (Allocation Failure)  812330K->495370K(1034752K), 0.0052335 secs]
110.388: Total time for which application threads were stopped: 0.0053888 seconds, Stopping threads took: 0.0000193 seconds
110.455: [GC (Allocation Failure)  816394K->499853K(1034240K), 0.0046162 secs]
110.460: Total time for which application threads were stopped: 0.0047942 seconds, Stopping threads took: 0.0000191 seconds
110.529: [GC (Allocation Failure)  820877K->499821K(1034752K), 0.0044918 secs]
110.533: Total time for which application threads were stopped: 0.0046676 seconds, Stopping threads took: 0.0000198 seconds
110.601: [GC (Allocation Failure)  821357K->503589K(1034752K), 0.0097611 secs]
110.611: Total time for which application threads were stopped: 0.0099206 seconds, Stopping threads took: 0.0000201 seconds
110.678: [GC (Allocation Failure)  825125K->508103K(1034240K), 0.0046051 secs]
110.683: Total time for which application threads were stopped: 0.0047731 seconds, Stopping threads took: 0.0000193 seconds
110.749: [GC (Allocation Failure)  829639K->507879K(1034752K), 0.0047419 secs]
110.754: Total time for which application threads were stopped: 0.0049333 seconds, Stopping threads took: 0.0000197 seconds
110.821: [GC (Allocation Failure)  829415K->500677K(1034240K), 0.0017464 secs]
110.823: Total time for which application threads were stopped: 0.0018892 seconds, Stopping threads took: 0.0000268 seconds
110.888: [GC (Allocation Failure)  822213K->508039K(1034752K), 0.0048360 secs]
110.893: Total time for which application threads were stopped: 0.0049957 seconds, Stopping threads took: 0.0000191 seconds
110.960: [GC (Allocation Failure)  829575K->507879K(1034752K), 0.0047952 secs]
110.965: Total time for which application threads were stopped: 0.0049749 seconds, Stopping threads took: 0.0000204 seconds
111.030: [GC (Allocation Failure)  829415K->501925K(1034752K), 0.0064477 secs]
111.036: Total time for which application threads were stopped: 0.0065932 seconds, Stopping threads took: 0.0000183 seconds
111.104: [GC (Allocation Failure)  823461K->507975K(1034752K), 0.0048230 secs]
111.109: Total time for which application threads were stopped: 0.0049941 seconds, Stopping threads took: 0.0000202 seconds
111.176: [GC (Allocation Failure)  829511K->507879K(1034752K), 0.0046559 secs]
111.181: Total time for which application threads were stopped: 0.0048325 seconds, Stopping threads took: 0.0000206 seconds
111.246: [GC (Allocation Failure)  829415K->503141K(1034752K), 0.0026671 secs]
111.249: Total time for which application threads were stopped: 0.0028580 seconds, Stopping threads took: 0.0000190 seconds
111.319: [GC (Allocation Failure)  824677K->507943K(1034752K), 0.0046009 secs]
111.324: Total time for which application threads were stopped: 0.0047580 seconds, Stopping threads took: 0.0000247 seconds
111.391: [GC (Allocation Failure)  829479K->507847K(1034752K), 0.0045806 secs]
111.395: Total time for which application threads were stopped: 0.0047355 seconds, Stopping threads took: 0.0000197 seconds
111.462: [GC (Allocation Failure)  829383K->504389K(1034752K), 0.0033652 secs]
111.466: Total time for which application threads were stopped: 0.0035244 seconds, Stopping threads took: 0.0000172 seconds
111.536: [GC (Allocation Failure)  825925K->508103K(1035264K), 0.0048240 secs]
111.541: Total time for which application threads were stopped: 0.0050130 seconds, Stopping threads took: 0.0000197 seconds
111.609: [GC (Allocation Failure)  830663K->507879K(1035264K), 0.0056364 secs]
111.614: Total time for which application threads were stopped: 0.0058022 seconds, Stopping threads took: 0.0000249 seconds
111.682: [GC (Allocation Failure)  830439K->507653K(1035264K), 0.0045133 secs]
111.687: Total time for which application threads were stopped: 0.0047022 seconds, Stopping threads took: 0.0000189 seconds
111.756: [GC (Allocation Failure)  830213K->508039K(1035264K), 0.0045391 secs]
111.760: Total time for which application threads were stopped: 0.0047095 seconds, Stopping threads took: 0.0000195 seconds
111.828: [GC (Allocation Failure)  830599K->507911K(1035776K), 0.0046984 secs]
111.833: Total time for which application threads were stopped: 0.0048791 seconds, Stopping threads took: 0.0000272 seconds
111.901: [GC (Allocation Failure)  831495K->512933K(1035776K), 0.0069291 secs]
111.908: Total time for which application threads were stopped: 0.0070829 seconds, Stopping threads took: 0.0000169 seconds
111.978: [GC (Allocation Failure)  836517K->508327K(1032704K), 0.0047857 secs]
111.982: Total time for which application threads were stopped: 0.0049614 seconds, Stopping threads took: 0.0000319 seconds
112.050: [GC (Allocation Failure)  828839K->508199K(1034240K), 0.0044080 secs]
112.054: Total time for which application threads were stopped: 0.0045699 seconds, Stopping threads took: 0.0000205 seconds
112.123: [GC (Allocation Failure)  828711K->514477K(1031680K), 0.0075072 secs]
112.131: Total time for which application threads were stopped: 0.0076742 seconds, Stopping threads took: 0.0000191 seconds
112.199: [GC (Allocation Failure)  832941K->508815K(1033216K), 0.0044612 secs]
112.204: Total time for which application threads were stopped: 0.0046557 seconds, Stopping threads took: 0.0000198 seconds
112.272: [GC (Allocation Failure)  827279K->508719K(1034240K), 0.0047468 secs]
112.277: Total time for which application threads were stopped: 0.0049446 seconds, Stopping threads took: 0.0000203 seconds
112.343: [GC (Allocation Failure)  828719K->508589K(1033728K), 0.0047434 secs]
112.348: Total time for which application threads were stopped: 0.0049099 seconds, Stopping threads took: 0.0000188 seconds
112.416: [GC (Allocation Failure)  828589K->508751K(1035264K), 0.0048508 secs]
112.421: Total time for which application threads were stopped: 0.0050115 seconds, Stopping threads took: 0.0000200 seconds
112.488: [GC (Allocation Failure)  830799K->508719K(1034752K), 0.0049732 secs]
112.493: Total time for which application threads were stopped: 0.0051388 seconds, Stopping threads took: 0.0000193 seconds
112.560: [GC (Allocation Failure)  830767K->509293K(1035776K), 0.0049735 secs]
112.565: Total time for which application threads were stopped: 0.0051368 seconds, Stopping threads took: 0.0000195 seconds
112.634: [GC (Allocation Failure)  832877K->508943K(1035776K), 0.0047619 secs]
112.639: Total time for which application threads were stopped: 0.0049268 seconds, Stopping threads took: 0.0000189 seconds
112.707: [GC (Allocation Failure)  832527K->508719K(1036800K), 0.0046930 secs]
112.712: Total time for which application threads were stopped: 0.0048615 seconds, Stopping threads took: 0.0000186 seconds
112.778: [GC (Allocation Failure)  833839K->501773K(1026048K), 0.0018909 secs]
112.780: Total time for which application threads were stopped: 0.0020326 seconds, Stopping threads took: 0.0000196 seconds
112.848: [GC (Allocation Failure)  826893K->508879K(1036288K), 0.0048507 secs]
112.853: Total time for which application threads were stopped: 0.0050297 seconds, Stopping threads took: 0.0000255 seconds
112.921: [GC (Allocation Failure)  832975K->512823K(1035776K), 0.0056541 secs]
112.926: Total time for which application threads were stopped: 0.0058309 seconds, Stopping threads took: 0.0000202 seconds
112.994: [GC (Allocation Failure)  836919K->512823K(1036800K), 0.0048005 secs]
112.999: Total time for which application threads were stopped: 0.0049700 seconds, Stopping threads took: 0.0000194 seconds
113.065: [GC (Allocation Failure)  837943K->513007K(1025024K), 0.0051408 secs]
113.070: Total time for which application threads were stopped: 0.0053025 seconds, Stopping threads took: 0.0000199 seconds
113.136: [GC (Allocation Failure)  838127K->520913K(1035776K), 0.0047002 secs]
113.141: Total time for which application threads were stopped: 0.0048582 seconds, Stopping threads took: 0.0000191 seconds
113.209: [GC (Allocation Failure)  844497K->520913K(1035776K), 0.0048486 secs]
113.214: Total time for which application threads were stopped: 0.0050321 seconds, Stopping threads took: 0.0000188 seconds
113.282: [GC (Allocation Failure)  844497K->521017K(1034240K), 0.0052814 secs]
113.287: Total time for which application threads were stopped: 0.0054383 seconds, Stopping threads took: 0.0000192 seconds
113.355: [GC (Allocation Failure)  843577K->528923K(1035264K), 0.0047045 secs]
113.360: Total time for which application threads were stopped: 0.0050268 seconds, Stopping threads took: 0.0000198 seconds
113.427: [GC (Allocation Failure)  851483K->528955K(1035776K), 0.0046626 secs]
113.431: Total time for which application threads were stopped: 0.0048234 seconds, Stopping threads took: 0.0000190 seconds
113.499: [GC (Allocation Failure)  852027K->529243K(1035264K), 0.0047248 secs]
113.503: Total time for which application threads were stopped: 0.0048885 seconds, Stopping threads took: 0.0000191 seconds
113.569: [GC (Allocation Failure)  852315K->536990K(1035264K), 0.0046800 secs]
113.574: Total time for which application threads were stopped: 0.0048409 seconds, Stopping threads took: 0.0000193 seconds
113.643: [GC (Allocation Failure)  859550K->536958K(1035264K), 0.0045740 secs]
113.648: Total time for which application threads were stopped: 0.0047746 seconds, Stopping threads took: 0.0000183 seconds
113.714: [GC (Allocation Failure)  859518K->537022K(1034240K), 0.0047915 secs]
113.719: Total time for which application threads were stopped: 0.0049706 seconds, Stopping threads took: 0.0000199 seconds
113.787: [GC (Allocation Failure)  858558K->544992K(1034752K), 0.0053781 secs]
113.792: Total time for which application threads were stopped: 0.0055483 seconds, Stopping threads took: 0.0000195 seconds
113.861: [GC (Allocation Failure)  866528K->544960K(1034752K), 0.0048306 secs]
113.866: Total time for which application threads were stopped: 0.0050201 seconds, Stopping threads took: 0.0000270 seconds
113.931: [GC (Allocation Failure)  866496K->545224K(1021440K), 0.0047310 secs]
113.935: Total time for which application threads were stopped: 0.0049055 seconds, Stopping threads took: 0.0000203 seconds
114.001: [GC (Allocation Failure)  866760K->553034K(1034240K), 0.0055516 secs]
114.007: Total time for which application threads were stopped: 0.0057124 seconds, Stopping threads took: 0.0000194 seconds
114.074: [GC (Allocation Failure)  873546K->553034K(1034240K), 0.0047586 secs]
114.079: Total time for which application threads were stopped: 0.0049368 seconds, Stopping threads took: 0.0000206 seconds
114.147: [GC (Allocation Failure)  873546K->553450K(1034240K), 0.0046374 secs]
114.152: Total time for which application threads were stopped: 0.0048079 seconds, Stopping threads took: 0.0000219 seconds
114.220: [GC (Allocation Failure)  873962K->561068K(1034240K), 0.0048811 secs]
114.225: Total time for which application threads were stopped: 0.0050447 seconds, Stopping threads took: 0.0000203 seconds
114.293: [GC (Allocation Failure)  881580K->561036K(1034240K), 0.0050975 secs]
114.298: Total time for which application threads were stopped: 0.0053154 seconds, Stopping threads took: 0.0000410 seconds
114.367: [GC (Allocation Failure)  881548K->561132K(1020416K), 0.0046995 secs]
114.372: Total time for which application threads were stopped: 0.0048596 seconds, Stopping threads took: 0.0000253 seconds
114.440: [GC (Allocation Failure)  881644K->569071K(1033728K), 0.0046798 secs]
114.444: Total time for which application threads were stopped: 0.0048850 seconds, Stopping threads took: 0.0000205 seconds
114.513: [GC (Allocation Failure)  888559K->569135K(1033728K), 0.0047403 secs]
114.518: Total time for which application threads were stopped: 0.0049364 seconds, Stopping threads took: 0.0000203 seconds
114.583: [GC (Allocation Failure)  888623K->569159K(1033728K), 0.0048607 secs]
114.588: Total time for which application threads were stopped: 0.0050295 seconds, Stopping threads took: 0.0000199 seconds
114.656: [GC (Allocation Failure)  888647K->577129K(1033728K), 0.0047554 secs]
114.661: Total time for which application threads were stopped: 0.0049256 seconds, Stopping threads took: 0.0000193 seconds
114.727: [GC (Allocation Failure)  896617K->577161K(1033728K), 0.0049010 secs]
114.732: Total time for which application threads were stopped: 0.0050797 seconds, Stopping threads took: 0.0000186 seconds
114.798: [GC (Allocation Failure)  896649K->577161K(1033728K), 0.0054811 secs]
114.804: Total time for which application threads were stopped: 0.0056458 seconds, Stopping threads took: 0.0000194 seconds
114.872: [GC (Allocation Failure)  896649K->585163K(1032704K), 0.0046160 secs]
114.876: Total time for which application threads were stopped: 0.0047860 seconds, Stopping threads took: 0.0000274 seconds
114.944: [GC (Allocation Failure)  903627K->585163K(1033216K), 0.0047798 secs]
114.949: Total time for which application threads were stopped: 0.0049510 seconds, Stopping threads took: 0.0000202 seconds
115.013: [GC (Allocation Failure)  903627K->585323K(1033216K), 0.0048640 secs]
115.018: Total time for which application threads were stopped: 0.0050351 seconds, Stopping threads took: 0.0000196 seconds
115.083: [GC (Allocation Failure)  903787K->593198K(1033216K), 0.0048879 secs]
115.088: Total time for which application threads were stopped: 0.0050594 seconds, Stopping threads took: 0.0000194 seconds
115.153: [GC (Allocation Failure)  911662K->593230K(1033216K), 0.0046835 secs]
115.158: Total time for which application threads were stopped: 0.0048840 seconds, Stopping threads took: 0.0000252 seconds
115.225: [GC (Allocation Failure)  911694K->593318K(1033216K), 0.0047231 secs]
115.229: Total time for which application threads were stopped: 0.0048795 seconds, Stopping threads took: 0.0000166 seconds
115.297: [GC (Allocation Failure)  911782K->601256K(1033216K), 0.0047961 secs]
115.302: Total time for which application threads were stopped: 0.0049730 seconds, Stopping threads took: 0.0000189 seconds
115.367: [GC (Allocation Failure)  919720K->596230K(1033216K), 0.0029748 secs]
115.370: Total time for which application threads were stopped: 0.0031616 seconds, Stopping threads took: 0.0000257 seconds
115.438: [GC (Allocation Failure)  914694K->601296K(1034752K), 0.0050004 secs]
115.443: Total time for which application threads were stopped: 0.0051470 seconds, Stopping threads took: 0.0000167 seconds
115.511: [GC (Allocation Failure)  921808K->605368K(1033728K), 0.0049968 secs]
115.516: Total time for which application threads were stopped: 0.0051563 seconds, Stopping threads took: 0.0000197 seconds
115.583: [GC (Allocation Failure)  925880K->612838K(1029120K), 0.0080599 secs]
115.591: Total time for which application threads were stopped: 0.0082255 seconds, Stopping threads took: 0.0000194 seconds
115.659: [GC (Allocation Failure)  928230K->606824K(1031680K), 0.0050820 secs]
115.664: Total time for which application threads were stopped: 0.0052543 seconds, Stopping threads took: 0.0000197 seconds
115.731: [GC (Allocation Failure)  922216K->606568K(1032192K), 0.0047875 secs]
115.735: Total time for which application threads were stopped: 0.0049582 seconds, Stopping threads took: 0.0000202 seconds
115.802: [GC (Allocation Failure)  922984K->610024K(1032192K), 0.0055965 secs]
115.808: Total time for which application threads were stopped: 0.0057580 seconds, Stopping threads took: 0.0000194 seconds
115.873: [GC (Allocation Failure)  926440K->614666K(1033216K), 0.0049376 secs]
115.878: Total time for which application threads were stopped: 0.0051109 seconds, Stopping threads took: 0.0000196 seconds
115.947: [GC (Allocation Failure)  932618K->614634K(1032704K), 0.0047289 secs]
115.952: Total time for which application threads were stopped: 0.0048877 seconds, Stopping threads took: 0.0000166 seconds
116.017: [GC (Allocation Failure)  932586K->615178K(1033216K), 0.0069630 secs]
116.024: Total time for which application threads were stopped: 0.0071346 seconds, Stopping threads took: 0.0000280 seconds
116.091: [GC (Allocation Failure)  933642K->622796K(1033216K), 0.0047267 secs]
116.096: Total time for which application threads were stopped: 0.0049046 seconds, Stopping threads took: 0.0000199 seconds
116.164: [GC (Allocation Failure)  941260K->622636K(1033728K), 0.0046040 secs]
116.169: Total time for which application threads were stopped: 0.0047752 seconds, Stopping threads took: 0.0000198 seconds
116.235: [GC (Allocation Failure)  941612K->623948K(1033216K), 0.0049073 secs]
116.240: Total time for which application threads were stopped: 0.0050827 seconds, Stopping threads took: 0.0000201 seconds
116.309: [GC (Allocation Failure)  942924K->630767K(1033728K), 0.0047566 secs]
116.314: Total time for which application threads were stopped: 0.0049368 seconds, Stopping threads took: 0.0000211 seconds
116.382: [GC (Allocation Failure)  949743K->630671K(1033216K), 0.0046939 secs]
116.387: Total time for which application threads were stopped: 0.0048668 seconds, Stopping threads took: 0.0000195 seconds
116.453: [GC (Allocation Failure)  949647K->633743K(1034240K), 0.0056513 secs]
116.459: Total time for which application threads were stopped: 0.0058113 seconds, Stopping threads took: 0.0000197 seconds
116.525: [GC (Allocation Failure)  953743K->638705K(1033728K), 0.0049716 secs]
116.530: Total time for which application threads were stopped: 0.0051659 seconds, Stopping threads took: 0.0000203 seconds
116.598: [GC (Allocation Failure)  958705K->638673K(1034240K), 0.0049256 secs]
116.603: Total time for which application threads were stopped: 0.0050881 seconds, Stopping threads took: 0.0000174 seconds
116.672: [GC (Allocation Failure)  959185K->638857K(1020416K), 0.0050031 secs]
116.677: Total time for which application threads were stopped: 0.0051768 seconds, Stopping threads took: 0.0000192 seconds
116.745: [GC (Allocation Failure)  959369K->646763K(1033728K), 0.0047821 secs]
116.750: Total time for which application threads were stopped: 0.0049390 seconds, Stopping threads took: 0.0000200 seconds
116.816: [GC (Allocation Failure)  966251K->646731K(1033728K), 0.0050180 secs]
116.821: Total time for which application threads were stopped: 0.0051828 seconds, Stopping threads took: 0.0000189 seconds
116.887: [GC (Allocation Failure)  966219K->647083K(1033216K), 0.0048520 secs]
116.892: Total time for which application threads were stopped: 0.0050256 seconds, Stopping threads took: 0.0000197 seconds
116.960: [GC (Allocation Failure)  966571K->654797K(1033728K), 0.0049300 secs]
116.965: Total time for which application threads were stopped: 0.0050964 seconds, Stopping threads took: 0.0000191 seconds
117.032: [GC (Allocation Failure)  974285K->654765K(1033728K), 0.0046418 secs]
117.037: Total time for which application threads were stopped: 0.0048356 seconds, Stopping threads took: 0.0000200 seconds
117.105: [GC (Allocation Failure)  974253K->654829K(1033728K), 0.0050261 secs]
117.110: Total time for which application threads were stopped: 0.0051900 seconds, Stopping threads took: 0.0000198 seconds
117.178: [GC (Allocation Failure)  974317K->662864K(1033728K), 0.0050592 secs]
117.183: Total time for which application threads were stopped: 0.0052224 seconds, Stopping threads took: 0.0000208 seconds
117.250: [GC (Allocation Failure)  982352K->662768K(1033728K), 0.0048377 secs]
117.255: Total time for which application threads were stopped: 0.0050049 seconds, Stopping threads took: 0.0000194 seconds
117.322: [GC (Allocation Failure)  982256K->663560K(1033728K), 0.0049585 secs]
117.327: Total time for which application threads were stopped: 0.0051188 seconds, Stopping threads took: 0.0000188 seconds
117.395: [GC (Allocation Failure)  983048K->670890K(1033728K), 0.0049855 secs]
117.400: Total time for which application threads were stopped: 0.0051520 seconds, Stopping threads took: 0.0000247 seconds
117.468: [GC (Allocation Failure)  990378K->670858K(1033728K), 0.0061578 secs]
117.474: Total time for which application threads were stopped: 0.0063287 seconds, Stopping threads took: 0.0000197 seconds
117.541: [GC (Allocation Failure)  990346K->672842K(1033728K), 0.0053915 secs]
117.546: Total time for which application threads were stopped: 0.0055658 seconds, Stopping threads took: 0.0000219 seconds
117.614: [GC (Allocation Failure)  992330K->678924K(1033728K), 0.0058572 secs]
117.620: Total time for which application threads were stopped: 0.0060655 seconds, Stopping threads took: 0.0000190 seconds
117.688: [GC (Allocation Failure)  998412K->678860K(1033728K), 0.0049789 secs]
117.693: Total time for which application threads were stopped: 0.0051499 seconds, Stopping threads took: 0.0000195 seconds
117.760: [GC (Allocation Failure)  998348K->680068K(1033728K), 0.0052835 secs]
117.765: Total time for which application threads were stopped: 0.0054574 seconds, Stopping threads took: 0.0000207 seconds
117.833: [GC (Allocation Failure)  999556K->686950K(1033728K), 0.0049263 secs]
117.838: Total time for which application threads were stopped: 0.0050882 seconds, Stopping threads took: 0.0000191 seconds
117.905: [GC (Allocation Failure)  1006438K->686854K(1033728K), 0.0050847 secs]
117.910: Total time for which application threads were stopped: 0.0052621 seconds, Stopping threads took: 0.0000194 seconds
117.977: [GC (Allocation Failure)  1006342K->687238K(1033728K), 0.0050250 secs]
117.982: [Full GC (Ergonomics)  687238K->8836K(1033728K), 0.0127310 secs]
117.995: Total time for which application threads were stopped: 0.0180287 seconds, Stopping threads took: 0.0000198 seconds
118.064: [GC (Allocation Failure)  328324K->20678K(1030656K), 0.0052210 secs]
118.070: Total time for which application threads were stopped: 0.0053985 seconds, Stopping threads took: 0.0000198 seconds
118.138: [GC (Allocation Failure)  337094K->20702K(1032192K), 0.0050155 secs]
118.143: Total time for which application threads were stopped: 0.0051776 seconds, Stopping threads took: 0.0000201 seconds
118.210: [GC (Allocation Failure)  337118K->21286K(1032704K), 0.0039716 secs]
118.214: Total time for which application threads were stopped: 0.0041430 seconds, Stopping threads took: 0.0000201 seconds
118.280: [GC (Allocation Failure)  338726K->28776K(1032704K), 0.0037682 secs]
118.284: Total time for which application threads were stopped: 0.0039352 seconds, Stopping threads took: 0.0000212 seconds
118.352: [GC (Allocation Failure)  346216K->28744K(1032704K), 0.0036646 secs]
118.355: Total time for which application threads were stopped: 0.0038358 seconds, Stopping threads took: 0.0000274 seconds
118.421: [GC (Allocation Failure)  346184K->29512K(1032704K), 0.0038841 secs]
118.425: Total time for which application threads were stopped: 0.0040595 seconds, Stopping threads took: 0.0000191 seconds
118.494: [GC (Allocation Failure)  346952K->36810K(1032704K), 0.0038544 secs]
118.498: Total time for which application threads were stopped: 0.0040108 seconds, Stopping threads took: 0.0000162 seconds
118.565: [GC (Allocation Failure)  354250K->36810K(1032704K), 0.0035290 secs]
118.569: Total time for which application threads were stopped: 0.0036903 seconds, Stopping threads took: 0.0000200 seconds
118.636: [GC (Allocation Failure)  354250K->37770K(1033216K), 0.0039453 secs]
118.640: Total time for which application threads were stopped: 0.0041136 seconds, Stopping threads took: 0.0000194 seconds
118.705: [GC (Allocation Failure)  356234K->44845K(1033216K), 0.0038379 secs]
118.709: Total time for which application threads were stopped: 0.0040152 seconds, Stopping threads took: 0.0000201 seconds
118.776: [GC (Allocation Failure)  363309K->44845K(1033216K), 0.0037911 secs]
118.779: Total time for which application threads were stopped: 0.0039415 seconds, Stopping threads took: 0.0000170 seconds
118.845: [GC (Allocation Failure)  363309K->44973K(1033216K), 0.0036952 secs]
118.848: Total time for which application threads were stopped: 0.0038742 seconds, Stopping threads took: 0.0000259 seconds
118.916: [GC (Allocation Failure)  363437K->52879K(1033216K), 0.0038325 secs]
118.920: Total time for which application threads were stopped: 0.0040117 seconds, Stopping threads took: 0.0000221 seconds
118.985: [GC (Allocation Failure)  371343K->52847K(1033216K), 0.0039079 secs]
118.989: Total time for which application threads were stopped: 0.0040784 seconds, Stopping threads took: 0.0000202 seconds
119.056: [GC (Allocation Failure)  371311K->53191K(1033216K), 0.0037708 secs]
119.060: Total time for which application threads were stopped: 0.0039333 seconds, Stopping threads took: 0.0000199 seconds
119.127: [GC (Allocation Failure)  371655K->60905K(1033216K), 0.0037350 secs]
119.130: Total time for which application threads were stopped: 0.0038954 seconds, Stopping threads took: 0.0000194 seconds
119.198: [GC (Allocation Failure)  379369K->60873K(1033216K), 0.0037370 secs]
119.201: Total time for which application threads were stopped: 0.0039162 seconds, Stopping threads took: 0.0000193 seconds
119.268: [GC (Allocation Failure)  379337K->61417K(1033216K), 0.0038503 secs]
119.272: Total time for which application threads were stopped: 0.0040117 seconds, Stopping threads took: 0.0000195 seconds
119.339: [GC (Allocation Failure)  379881K->68907K(1033216K), 0.0038199 secs]
119.343: Total time for which application threads were stopped: 0.0040006 seconds, Stopping threads took: 0.0000191 seconds
119.411: [GC (Allocation Failure)  387371K->68907K(1033216K), 0.0037162 secs]
119.415: Total time for which application threads were stopped: 0.0039003 seconds, Stopping threads took: 0.0000198 seconds
119.481: [GC (Allocation Failure)  387371K->69155K(1033216K), 0.0041228 secs]
119.485: Total time for which application threads were stopped: 0.0042963 seconds, Stopping threads took: 0.0000205 seconds
119.551: [GC (Allocation Failure)  387619K->76934K(1033216K), 0.0039348 secs]
119.555: Total time for which application threads were stopped: 0.0041085 seconds, Stopping threads took: 0.0000196 seconds
119.626: [GC (Allocation Failure)  395398K->76934K(1033216K), 0.0045274 secs]
119.630: Total time for which application threads were stopped: 0.0046950 seconds, Stopping threads took: 0.0000276 seconds
119.696: [GC (Allocation Failure)  395398K->77006K(1033216K), 0.0038382 secs]
119.700: Total time for which application threads were stopped: 0.0039961 seconds, Stopping threads took: 0.0000189 seconds
119.766: [GC (Allocation Failure)  395470K->85008K(1033216K), 0.0038302 secs]
119.770: Total time for which application threads were stopped: 0.0040221 seconds, Stopping threads took: 0.0000196 seconds
119.838: [GC (Allocation Failure)  403472K->84976K(1033216K), 0.0035018 secs]
119.841: Total time for which application threads were stopped: 0.0036862 seconds, Stopping threads took: 0.0000266 seconds
119.907: [GC (Allocation Failure)  403440K->85128K(1033216K), 0.0039450 secs]
119.911: Total time for which application threads were stopped: 0.0041072 seconds, Stopping threads took: 0.0000200 seconds
119.978: [GC (Allocation Failure)  403592K->93002K(1033216K), 0.0040257 secs]
119.982: Total time for which application threads were stopped: 0.0042032 seconds, Stopping threads took: 0.0000200 seconds
120.049: [GC (Allocation Failure)  411466K->85672K(1033216K), 0.0008911 secs]
120.050: Total time for which application threads were stopped: 0.0010152 seconds, Stopping threads took: 0.0000195 seconds
120.121: [GC (Allocation Failure)  404136K->93058K(1033216K), 0.0038123 secs]
120.125: Total time for which application threads were stopped: 0.0039809 seconds, Stopping threads took: 0.0000189 seconds
120.191: [GC (Allocation Failure)  411522K->97146K(1033216K), 0.0049394 secs]
120.197: Total time for which application threads were stopped: 0.0050993 seconds, Stopping threads took: 0.0000193 seconds
120.263: [GC (Allocation Failure)  415610K->98232K(1027072K), 0.0045459 secs]
120.267: Total time for which application threads were stopped: 0.0047140 seconds, Stopping threads took: 0.0000184 seconds
120.335: [GC (Allocation Failure)  416696K->97370K(1033216K), 0.0040010 secs]
120.339: Total time for which application threads were stopped: 0.0041793 seconds, Stopping threads took: 0.0000279 seconds
120.407: [GC (Allocation Failure)  415322K->97146K(1032704K), 0.0037665 secs]
120.411: Total time for which application threads were stopped: 0.0039253 seconds, Stopping threads took: 0.0000194 seconds
120.475: [GC (Allocation Failure)  415098K->89240K(1033216K), 0.0007482 secs]
120.476: Total time for which application threads were stopped: 0.0008769 seconds, Stopping threads took: 0.0000265 seconds
120.546: [GC (Allocation Failure)  407704K->97306K(1033216K), 0.0038069 secs]
120.550: Total time for which application threads were stopped: 0.0039782 seconds, Stopping threads took: 0.0000196 seconds
120.617: [GC (Allocation Failure)  415770K->97178K(1033216K), 0.0043905 secs]
120.622: Total time for which application threads were stopped: 0.0046057 seconds, Stopping threads took: 0.0000270 seconds
120.687: [GC (Allocation Failure)  415642K->97498K(1033216K), 0.0039366 secs]
120.691: Total time for which application threads were stopped: 0.0041086 seconds, Stopping threads took: 0.0000193 seconds
120.760: [GC (Allocation Failure)  415962K->105277K(1033216K), 0.0039407 secs]
120.764: Total time for which application threads were stopped: 0.0041087 seconds, Stopping threads took: 0.0000197 seconds
120.830: [GC (Allocation Failure)  423741K->105213K(1033216K), 0.0036628 secs]
120.834: Total time for which application threads were stopped: 0.0038427 seconds, Stopping threads took: 0.0000190 seconds
120.901: [GC (Allocation Failure)  423677K->105725K(1033216K), 0.0038421 secs]
120.905: Total time for which application threads were stopped: 0.0040148 seconds, Stopping threads took: 0.0000196 seconds
120.973: [GC (Allocation Failure)  424189K->113311K(1033216K), 0.0041663 secs]
120.977: Total time for which application threads were stopped: 0.0043388 seconds, Stopping threads took: 0.0000197 seconds
121.045: [GC (Allocation Failure)  431775K->113247K(1033216K), 0.0039369 secs]
121.049: Total time for which application threads were stopped: 0.0041078 seconds, Stopping threads took: 0.0000195 seconds
121.114: [GC (Allocation Failure)  431711K->113959K(1033216K), 0.0042217 secs]
121.119: Total time for which application threads were stopped: 0.0043821 seconds, Stopping threads took: 0.0000192 seconds
121.188: [GC (Allocation Failure)  432423K->121289K(1033216K), 0.0038852 secs]
121.192: Total time for which application threads were stopped: 0.0040507 seconds, Stopping threads took: 0.0000200 seconds
121.257: [GC (Allocation Failure)  439753K->121257K(1033216K), 0.0041410 secs]
121.262: Total time for which application threads were stopped: 0.0043374 seconds, Stopping threads took: 0.0000203 seconds
121.328: [GC (Allocation Failure)  439721K->122185K(1033216K), 0.0038806 secs]
121.332: Total time for which application threads were stopped: 0.0040507 seconds, Stopping threads took: 0.0000275 seconds
121.397: [GC (Allocation Failure)  440649K->129291K(1033216K), 0.0047732 secs]
121.402: Total time for which application threads were stopped: 0.0049578 seconds, Stopping threads took: 0.0000262 seconds
121.470: [GC (Allocation Failure)  447755K->129323K(1033216K), 0.0037969 secs]
121.474: Total time for which application threads were stopped: 0.0039797 seconds, Stopping threads took: 0.0000222 seconds
121.539: [GC (Allocation Failure)  447787K->130411K(1033216K), 0.0040548 secs]
121.543: Total time for which application threads were stopped: 0.0042320 seconds, Stopping threads took: 0.0000203 seconds
121.613: [GC (Allocation Failure)  448875K->137326K(1033728K), 0.0046759 secs]
121.617: Total time for which application threads were stopped: 0.0048726 seconds, Stopping threads took: 0.0000265 seconds
121.686: [GC (Allocation Failure)  456814K->137294K(1033728K), 0.0038684 secs]
121.690: Total time for which application threads were stopped: 0.0040386 seconds, Stopping threads took: 0.0000204 seconds
121.757: [GC (Allocation Failure)  456782K->137582K(1032704K), 0.0041912 secs]
121.761: Total time for which application threads were stopped: 0.0043581 seconds, Stopping threads took: 0.0000194 seconds
121.829: [GC (Allocation Failure)  456046K->145392K(1033216K), 0.0039342 secs]
121.833: Total time for which application threads were stopped: 0.0041004 seconds, Stopping threads took: 0.0000183 seconds
121.899: [GC (Allocation Failure)  463856K->145360K(1033216K), 0.0039589 secs]
121.903: Total time for which application threads were stopped: 0.0041319 seconds, Stopping threads took: 0.0000191 seconds
121.969: [GC (Allocation Failure)  463824K->145800K(1033216K), 0.0040993 secs]
121.973: Total time for which application threads were stopped: 0.0042598 seconds, Stopping threads took: 0.0000195 seconds
122.041: [GC (Allocation Failure)  464264K->153418K(1033216K), 0.0039221 secs]
122.045: Total time for which application threads were stopped: 0.0040829 seconds, Stopping threads took: 0.0000196 seconds
122.114: [GC (Allocation Failure)  471882K->153386K(1033216K), 0.0039605 secs]
122.118: Total time for which application threads were stopped: 0.0041204 seconds, Stopping threads took: 0.0000199 seconds
122.184: [GC (Allocation Failure)  471850K->153546K(1033216K), 0.0041642 secs]
122.188: Total time for which application threads were stopped: 0.0043243 seconds, Stopping threads took: 0.0000186 seconds
122.255: [GC (Allocation Failure)  472010K->161452K(1033216K), 0.0041089 secs]
122.259: Total time for which application threads were stopped: 0.0042847 seconds, Stopping threads took: 0.0000195 seconds
122.326: [GC (Allocation Failure)  479916K->161420K(1033216K), 0.0067148 secs]
122.332: Total time for which application threads were stopped: 0.0068725 seconds, Stopping threads took: 0.0000196 seconds
122.399: [GC (Allocation Failure)  479884K->162244K(1033216K), 0.0042925 secs]
122.403: Total time for which application threads were stopped: 0.0044672 seconds, Stopping threads took: 0.0000203 seconds
122.470: [GC (Allocation Failure)  480708K->169479K(1033216K), 0.0040554 secs]
122.474: Total time for which application threads were stopped: 0.0042328 seconds, Stopping threads took: 0.0000187 seconds
122.540: [GC (Allocation Failure)  487943K->169447K(1033216K), 0.0041925 secs]
122.544: Total time for which application threads were stopped: 0.0043678 seconds, Stopping threads took: 0.0000330 seconds
122.611: [GC (Allocation Failure)  487911K->170511K(1033216K), 0.0059619 secs]
122.617: Total time for which application threads were stopped: 0.0061250 seconds, Stopping threads took: 0.0000244 seconds
122.684: [GC (Allocation Failure)  488975K->177521K(1033216K), 0.0039047 secs]
122.688: Total time for which application threads were stopped: 0.0040646 seconds, Stopping threads took: 0.0000199 seconds
122.755: [GC (Allocation Failure)  495985K->177489K(1033216K), 0.0041547 secs]
122.759: Total time for which application threads were stopped: 0.0043149 seconds, Stopping threads took: 0.0000195 seconds
122.826: [GC (Allocation Failure)  495953K->177705K(1033216K), 0.0041442 secs]
122.830: Total time for which application threads were stopped: 0.0043252 seconds, Stopping threads took: 0.0000281 seconds
122.897: [GC (Allocation Failure)  496169K->185547K(1033216K), 0.0042206 secs]
122.902: Total time for which application threads were stopped: 0.0043935 seconds, Stopping threads took: 0.0000202 seconds
122.969: [GC (Allocation Failure)  504011K->185515K(1033216K), 0.0039917 secs]
122.973: Total time for which application threads were stopped: 0.0041624 seconds, Stopping threads took: 0.0000214 seconds
123.039: [GC (Allocation Failure)  503979K->185963K(1033216K), 0.0042430 secs]
123.043: Total time for which application threads were stopped: 0.0044142 seconds, Stopping threads took: 0.0000202 seconds
123.110: [GC (Allocation Failure)  504427K->193581K(1033216K), 0.0038652 secs]
123.114: Total time for which application threads were stopped: 0.0040604 seconds, Stopping threads took: 0.0000198 seconds
123.182: [GC (Allocation Failure)  512045K->193549K(1033216K), 0.0042278 secs]
123.186: Total time for which application threads were stopped: 0.0043779 seconds, Stopping threads took: 0.0000165 seconds
123.251: [GC (Allocation Failure)  512013K->193677K(1033216K), 0.0039453 secs]
123.255: Total time for which application threads were stopped: 0.0041224 seconds, Stopping threads took: 0.0000199 seconds
123.324: [GC (Allocation Failure)  512141K->201616K(1033216K), 0.0043510 secs]
123.328: Total time for which application threads were stopped: 0.0045264 seconds, Stopping threads took: 0.0000213 seconds
123.394: [GC (Allocation Failure)  520080K->201616K(1033216K), 0.0040444 secs]
123.398: Total time for which application threads were stopped: 0.0042646 seconds, Stopping threads took: 0.0000199 seconds
123.464: [GC (Allocation Failure)  520080K->201640K(1033216K), 0.0039244 secs]
123.468: Total time for which application threads were stopped: 0.0040850 seconds, Stopping threads took: 0.0000192 seconds
123.535: [GC (Allocation Failure)  520104K->209642K(1033216K), 0.0040243 secs]
123.539: Total time for which application threads were stopped: 0.0042174 seconds, Stopping threads took: 0.0000195 seconds
123.608: [GC (Allocation Failure)  528106K->209610K(1033216K), 0.0046727 secs]
123.613: Total time for which application threads were stopped: 0.0048269 seconds, Stopping threads took: 0.0000226 seconds
123.678: [GC (Allocation Failure)  528074K->209674K(1033216K), 0.0041017 secs]
123.682: Total time for which application threads were stopped: 0.0042926 seconds, Stopping threads took: 0.0000197 seconds
123.751: [GC (Allocation Failure)  528138K->217644K(1033216K), 0.0041121 secs]
123.755: Total time for which application threads were stopped: 0.0042639 seconds, Stopping threads took: 0.0000170 seconds
123.821: [GC (Allocation Failure)  536108K->217644K(1033216K), 0.0041586 secs]
123.825: Total time for which application threads were stopped: 0.0043266 seconds, Stopping threads took: 0.0000202 seconds
123.892: [GC (Allocation Failure)  536108K->217860K(1033216K), 0.0043279 secs]
123.897: Total time for which application threads were stopped: 0.0045022 seconds, Stopping threads took: 0.0000199 seconds
123.963: [GC (Allocation Failure)  536324K->225734K(1033216K), 0.0043798 secs]
123.968: Total time for which application threads were stopped: 0.0045792 seconds, Stopping threads took: 0.0000197 seconds
124.036: [GC (Allocation Failure)  544198K->225670K(1033216K), 0.0040778 secs]
124.040: Total time for which application threads were stopped: 0.0042341 seconds, Stopping threads took: 0.0000194 seconds
124.105: [GC (Allocation Failure)  544134K->225830K(1033216K), 0.0040923 secs]
124.109: Total time for which application threads were stopped: 0.0042610 seconds, Stopping threads took: 0.0000193 seconds
124.176: [GC (Allocation Failure)  544294K->233705K(1033216K), 0.0040089 secs]
124.180: Total time for which application threads were stopped: 0.0041742 seconds, Stopping threads took: 0.0000196 seconds
124.245: [GC (Allocation Failure)  552169K->229798K(1033216K), 0.0031257 secs]
124.249: Total time for which application threads were stopped: 0.0032943 seconds, Stopping threads took: 0.0000197 seconds
124.318: [GC (Allocation Failure)  548262K->233865K(1034240K), 0.0065383 secs]
124.324: Total time for which application threads were stopped: 0.0067025 seconds, Stopping threads took: 0.0000207 seconds
124.392: [GC (Allocation Failure)  553865K->237833K(1033728K), 0.0040862 secs]
124.396: Total time for which application threads were stopped: 0.0042561 seconds, Stopping threads took: 0.0000282 seconds
124.462: [GC (Allocation Failure)  557833K->245350K(1028096K), 0.0075991 secs]
124.470: Total time for which application threads were stopped: 0.0077839 seconds, Stopping threads took: 0.0000205 seconds
124.538: [GC (Allocation Failure)  559718K->239113K(1031168K), 0.0043613 secs]
124.542: Total time for which application threads were stopped: 0.0045338 seconds, Stopping threads took: 0.0000204 seconds
124.609: [GC (Allocation Failure)  553481K->239081K(1032192K), 0.0047880 secs]
124.614: Total time for which application threads were stopped: 0.0049633 seconds, Stopping threads took: 0.0000245 seconds
124.681: [GC (Allocation Failure)  554985K->240001K(1031680K), 0.0049587 secs]
124.686: Total time for which application threads were stopped: 0.0051232 seconds, Stopping threads took: 0.0000206 seconds
124.753: [GC (Allocation Failure)  555905K->247107K(1032704K), 0.0042098 secs]
124.758: Total time for which application threads were stopped: 0.0043859 seconds, Stopping threads took: 0.0000206 seconds
124.825: [GC (Allocation Failure)  564035K->247107K(1032192K), 0.0042584 secs]
124.829: Total time for which application threads were stopped: 0.0044430 seconds, Stopping threads took: 0.0000208 seconds
124.896: [GC (Allocation Failure)  564035K->250859K(1033216K), 0.0047935 secs]
124.901: Total time for which application threads were stopped: 0.0049642 seconds, Stopping threads took: 0.0000204 seconds
124.968: [GC (Allocation Failure)  568811K->255181K(1032704K), 0.0042577 secs]
124.973: Total time for which application threads were stopped: 0.0044249 seconds, Stopping threads took: 0.0000194 seconds
125.040: [GC (Allocation Failure)  573133K->255149K(1033728K), 0.0043247 secs]
125.045: Total time for which application threads were stopped: 0.0044897 seconds, Stopping threads took: 0.0000203 seconds
125.112: [GC (Allocation Failure)  574637K->259085K(1033728K), 0.0051183 secs]
125.117: Total time for which application threads were stopped: 0.0052830 seconds, Stopping threads took: 0.0000198 seconds
125.185: [GC (Allocation Failure)  578573K->263344K(1034240K), 0.0041430 secs]
125.189: Total time for which application threads were stopped: 0.0043074 seconds, Stopping threads took: 0.0000203 seconds
125.257: [GC (Allocation Failure)  583856K->263216K(1034240K), 0.0043206 secs]
125.261: Total time for which application threads were stopped: 0.0045187 seconds, Stopping threads took: 0.0000203 seconds
125.328: [GC (Allocation Failure)  583728K->264232K(1034240K), 0.0043770 secs]
125.332: Total time for which application threads were stopped: 0.0045445 seconds, Stopping threads took: 0.0000189 seconds
125.400: [GC (Allocation Failure)  584744K->271274K(1034240K), 0.0040974 secs]
125.404: Total time for which application threads were stopped: 0.0042715 seconds, Stopping threads took: 0.0000210 seconds
125.473: [GC (Allocation Failure)  591786K->271242K(1034240K), 0.0044185 secs]
125.477: Total time for which application threads were stopped: 0.0045839 seconds, Stopping threads took: 0.0000206 seconds
125.544: [GC (Allocation Failure)  591754K->274506K(1034240K), 0.0049714 secs]
125.549: Total time for which application threads were stopped: 0.0051419 seconds, Stopping threads took: 0.0000218 seconds
125.618: [GC (Allocation Failure)  595018K->279244K(1034752K), 0.0040151 secs]
125.622: Total time for which application threads were stopped: 0.0041637 seconds, Stopping threads took: 0.0000258 seconds
125.690: [GC (Allocation Failure)  600780K->279276K(1034752K), 0.0042517 secs]
125.695: Total time for which application threads were stopped: 0.0044144 seconds, Stopping threads took: 0.0000198 seconds
125.760: [GC (Allocation Failure)  600812K->282724K(1034752K), 0.0061989 secs]
125.766: Total time for which application threads were stopped: 0.0063777 seconds, Stopping threads took: 0.0000204 seconds
125.835: [GC (Allocation Failure)  604260K->287334K(1034752K), 0.0043826 secs]
125.839: Total time for which application threads were stopped: 0.0045499 seconds, Stopping threads took: 0.0000191 seconds
125.907: [GC (Allocation Failure)  608870K->287270K(1035264K), 0.0045628 secs]
125.911: Total time for which application threads were stopped: 0.0047340 seconds, Stopping threads took: 0.0000195 seconds
125.979: [GC (Allocation Failure)  609318K->288422K(1034752K), 0.0044685 secs]
125.983: Total time for which application threads were stopped: 0.0046381 seconds, Stopping threads took: 0.0000203 seconds
126.052: [GC (Allocation Failure)  610470K->295369K(1034752K), 0.0042127 secs]
126.057: Total time for which application threads were stopped: 0.0043811 seconds, Stopping threads took: 0.0000197 seconds
126.123: [GC (Allocation Failure)  616905K->295305K(1034752K), 0.0042265 secs]
126.127: Total time for which application threads were stopped: 0.0043984 seconds, Stopping threads took: 0.0000194 seconds
126.193: [GC (Allocation Failure)  616841K->298217K(1034752K), 0.0048305 secs]
126.197: Total time for which application threads were stopped: 0.0050118 seconds, Stopping threads took: 0.0000190 seconds
126.264: [GC (Allocation Failure)  619753K->303435K(1034752K), 0.0043380 secs]
126.268: Total time for which application threads were stopped: 0.0045088 seconds, Stopping threads took: 0.0000199 seconds
126.334: [GC (Allocation Failure)  624971K->303339K(1034752K), 0.0042651 secs]
126.339: Total time for which application threads were stopped: 0.0044418 seconds, Stopping threads took: 0.0000275 seconds
126.404: [GC (Allocation Failure)  624875K->307435K(1034752K), 0.0052188 secs]
126.410: Total time for which application threads were stopped: 0.0054147 seconds, Stopping threads took: 0.0000255 seconds
126.477: [GC (Allocation Failure)  628971K->311437K(1035264K), 0.0041873 secs]
126.481: Total time for which application threads were stopped: 0.0043250 seconds, Stopping threads took: 0.0000169 seconds
126.550: [GC (Allocation Failure)  633997K->311373K(1035264K), 0.0040695 secs]
126.554: Total time for which application threads were stopped: 0.0042318 seconds, Stopping threads took: 0.0000195 seconds
126.624: [GC (Allocation Failure)  633933K->314661K(1035264K), 0.0064086 secs]
126.630: Total time for which application threads were stopped: 0.0065630 seconds, Stopping threads took: 0.0000250 seconds
126.698: [GC (Allocation Failure)  637221K->319431K(1035264K), 0.0041733 secs]
126.702: Total time for which application threads were stopped: 0.0043406 seconds, Stopping threads took: 0.0000199 seconds
126.768: [GC (Allocation Failure)  641991K->319399K(1035264K), 0.0043126 secs]
126.773: Total time for which application threads were stopped: 0.0044810 seconds, Stopping threads took: 0.0000190 seconds
126.840: [GC (Allocation Failure)  641959K->322879K(1035264K), 0.0061692 secs]
126.846: Total time for which application threads were stopped: 0.0063438 seconds, Stopping threads took: 0.0000262 seconds
126.915: [GC (Allocation Failure)  645439K->327426K(1034752K), 0.0044521 secs]
126.919: Total time for which application threads were stopped: 0.0046210 seconds, Stopping threads took: 0.0000200 seconds
126.987: [GC (Allocation Failure)  649986K->327426K(1035264K), 0.0041455 secs]
126.991: Total time for which application threads were stopped: 0.0043085 seconds, Stopping threads took: 0.0000196 seconds
127.057: [GC (Allocation Failure)  649986K->331114K(1035776K), 0.0052313 secs]
127.062: Total time for which application threads were stopped: 0.0054034 seconds, Stopping threads took: 0.0000196 seconds
127.130: [GC (Allocation Failure)  654698K->335468K(1035776K), 0.0043221 secs]
127.134: Total time for which application threads were stopped: 0.0045249 seconds, Stopping threads took: 0.0000195 seconds
127.202: [GC (Allocation Failure)  659052K->335500K(1035776K), 0.0045077 secs]
127.207: Total time for which application threads were stopped: 0.0046674 seconds, Stopping threads took: 0.0000199 seconds
127.274: [GC (Allocation Failure)  659084K->338340K(1035776K), 0.0048611 secs]
127.279: Total time for which application threads were stopped: 0.0050315 seconds, Stopping threads took: 0.0000187 seconds
127.348: [GC (Allocation Failure)  661924K->343526K(1035776K), 0.0041219 secs]
127.352: Total time for which application threads were stopped: 0.0042805 seconds, Stopping threads took: 0.0000186 seconds
127.419: [GC (Allocation Failure)  667110K->343526K(1035776K), 0.0043742 secs]
127.424: Total time for which application threads were stopped: 0.0045344 seconds, Stopping threads took: 0.0000190 seconds
127.491: [GC (Allocation Failure)  667110K->337444K(1034752K), 0.0020892 secs]
127.493: Total time for which application threads were stopped: 0.0022339 seconds, Stopping threads took: 0.0000189 seconds
127.561: [GC (Allocation Failure)  660004K->343526K(1035264K), 0.0043043 secs]
127.566: Total time for which application threads were stopped: 0.0044912 seconds, Stopping threads took: 0.0000216 seconds
127.634: [GC (Allocation Failure)  666086K->343494K(1035264K), 0.0041139 secs]
127.639: Total time for which application threads were stopped: 0.0042715 seconds, Stopping threads took: 0.0000192 seconds
127.704: [GC (Allocation Failure)  666054K->341764K(1035264K), 0.0036740 secs]
127.708: Total time for which application threads were stopped: 0.0038472 seconds, Stopping threads took: 0.0000196 seconds
127.775: [GC (Allocation Failure)  664324K->343718K(1035264K), 0.0041883 secs]
127.779: Total time for which application threads were stopped: 0.0043499 seconds, Stopping threads took: 0.0000193 seconds
127.848: [GC (Allocation Failure)  667302K->343526K(1035776K), 0.0041114 secs]
127.852: Total time for which application threads were stopped: 0.0043003 seconds, Stopping threads took: 0.0000276 seconds
127.920: [GC (Allocation Failure)  667110K->348100K(1032704K), 0.0062767 secs]
127.926: Total time for which application threads were stopped: 0.0064361 seconds, Stopping threads took: 0.0000194 seconds
127.994: [GC (Allocation Failure)  668612K->343654K(1034240K), 0.0042483 secs]
127.998: Total time for which application threads were stopped: 0.0044184 seconds, Stopping threads took: 0.0000200 seconds
128.065: [GC (Allocation Failure)  664166K->343526K(1035264K), 0.0042858 secs]
128.070: Total time for which application threads were stopped: 0.0044567 seconds, Stopping threads took: 0.0000201 seconds
128.137: [GC (Allocation Failure)  665574K->347780K(1034240K), 0.0061535 secs]
128.143: Total time for which application threads were stopped: 0.0063300 seconds, Stopping threads took: 0.0000213 seconds
128.211: [GC (Allocation Failure)  669828K->343590K(1034752K), 0.0044814 secs]
128.215: Total time for which application threads were stopped: 0.0046509 seconds, Stopping threads took: 0.0000198 seconds
128.283: [GC (Allocation Failure)  664614K->343494K(1034240K), 0.0044577 secs]
128.287: Total time for which application threads were stopped: 0.0046270 seconds, Stopping threads took: 0.0000199 seconds
128.352: [GC (Allocation Failure)  664518K->348516K(1032192K), 0.0065146 secs]
128.359: Total time for which application threads were stopped: 0.0066936 seconds, Stopping threads took: 0.0000260 seconds
128.425: [GC (Allocation Failure)  668004K->343558K(1033728K), 0.0043467 secs]
128.430: Total time for which application threads were stopped: 0.0045164 seconds, Stopping threads took: 0.0000169 seconds
128.497: [GC (Allocation Failure)  663046K->343494K(1034752K), 0.0043378 secs]
128.501: Total time for which application threads were stopped: 0.0045135 seconds, Stopping threads took: 0.0000197 seconds
128.569: [GC (Allocation Failure)  664518K->345124K(1034240K), 0.0078306 secs]
128.577: Total time for which application threads were stopped: 0.0080225 seconds, Stopping threads took: 0.0000278 seconds
128.646: [GC (Allocation Failure)  666148K->343718K(1035264K), 0.0044145 secs]
128.651: Total time for which application threads were stopped: 0.0045800 seconds, Stopping threads took: 0.0000206 seconds
128.719: [GC (Allocation Failure)  665766K->343526K(1034752K), 0.0043592 secs]
128.723: Total time for which application threads were stopped: 0.0045402 seconds, Stopping threads took: 0.0000202 seconds
128.791: [GC (Allocation Failure)  665574K->346884K(1033728K), 0.0058208 secs]
128.797: Total time for which application threads were stopped: 0.0059907 seconds, Stopping threads took: 0.0000194 seconds
128.866: [GC (Allocation Failure)  668420K->343686K(1034752K), 0.0042180 secs]
128.870: Total time for which application threads were stopped: 0.0043815 seconds, Stopping threads took: 0.0000262 seconds
128.938: [GC (Allocation Failure)  665222K->343526K(1035776K), 0.0045517 secs]
128.943: Total time for which application threads were stopped: 0.0047183 seconds, Stopping threads took: 0.0000188 seconds
129.008: [GC (Allocation Failure)  666598K->349572K(1035264K), 0.0074156 secs]
129.015: Total time for which application threads were stopped: 0.0076097 seconds, Stopping threads took: 0.0000191 seconds
129.085: [GC (Allocation Failure)  672644K->344998K(1033216K), 0.0043600 secs]
129.090: Total time for which application threads were stopped: 0.0045538 seconds, Stopping threads took: 0.0000197 seconds
129.156: [GC (Allocation Failure)  665510K->344838K(1034240K), 0.0042963 secs]
129.161: Total time for which application threads were stopped: 0.0044967 seconds, Stopping threads took: 0.0000224 seconds
129.229: [GC (Allocation Failure)  665350K->351652K(1030656K), 0.0073445 secs]
129.237: Total time for which application threads were stopped: 0.0074967 seconds, Stopping threads took: 0.0000167 seconds
129.305: [GC (Allocation Failure)  669092K->345958K(1032704K), 0.0043114 secs]
129.309: Total time for which application threads were stopped: 0.0044760 seconds, Stopping threads took: 0.0000194 seconds
129.376: [GC (Allocation Failure)  663398K->345926K(1033728K), 0.0043519 secs]
129.381: Total time for which application threads were stopped: 0.0045278 seconds, Stopping threads took: 0.0000256 seconds
129.447: [GC (Allocation Failure)  664902K->343204K(1033216K), 0.0033938 secs]
129.451: Total time for which application threads were stopped: 0.0035658 seconds, Stopping threads took: 0.0000200 seconds
129.520: [GC (Allocation Failure)  662180K->345926K(1033728K), 0.0042620 secs]
129.524: Total time for which application threads were stopped: 0.0044360 seconds, Stopping threads took: 0.0000278 seconds
129.592: [GC (Allocation Failure)  664902K->345926K(1033216K), 0.0041483 secs]
129.596: Total time for which application threads were stopped: 0.0043294 seconds, Stopping threads took: 0.0000199 seconds
129.664: [GC (Allocation Failure)  664902K->348902K(1033216K), 0.0049297 secs]
129.669: Total time for which application threads were stopped: 0.0050942 seconds, Stopping threads took: 0.0000177 seconds
129.737: [GC (Allocation Failure)  668390K->354152K(1033728K), 0.0045377 secs]
129.742: Total time for which application threads were stopped: 0.0047183 seconds, Stopping threads took: 0.0000283 seconds
129.809: [GC (Allocation Failure)  673640K->353928K(1035264K), 0.0042385 secs]
129.813: Total time for which application threads were stopped: 0.0044202 seconds, Stopping threads took: 0.0000200 seconds
129.883: [GC (Allocation Failure)  675464K->354056K(1034240K), 0.0042348 secs]
129.887: Total time for which application threads were stopped: 0.0043979 seconds, Stopping threads took: 0.0000186 seconds
129.955: [GC (Allocation Failure)  675592K->362027K(1034752K), 0.0043826 secs]
129.959: Total time for which application threads were stopped: 0.0045443 seconds, Stopping threads took: 0.0000201 seconds
130.027: [GC (Allocation Failure)  683051K->361995K(1034240K), 0.0044399 secs]
130.032: Total time for which application threads were stopped: 0.0046279 seconds, Stopping threads took: 0.0000186 seconds
130.100: [GC (Allocation Failure)  683019K->362283K(1033728K), 0.0043769 secs]
130.104: Total time for which application threads were stopped: 0.0045316 seconds, Stopping threads took: 0.0000166 seconds
130.171: [GC (Allocation Failure)  682795K->370093K(1034240K), 0.0045666 secs]
130.176: Total time for which application threads were stopped: 0.0047359 seconds, Stopping threads took: 0.0000195 seconds
130.244: [GC (Allocation Failure)  690605K->370029K(1034752K), 0.0046741 secs]
130.248: Total time for which application threads were stopped: 0.0048789 seconds, Stopping threads took: 0.0000201 seconds
130.315: [GC (Allocation Failure)  691565K->373605K(1034752K), 0.0050995 secs]
130.320: Total time for which application threads were stopped: 0.0052846 seconds, Stopping threads took: 0.0000170 seconds
130.391: [GC (Allocation Failure)  695141K->378087K(1035264K), 0.0043479 secs]
130.395: Total time for which application threads were stopped: 0.0045537 seconds, Stopping threads took: 0.0000196 seconds
130.465: [GC (Allocation Failure)  700135K->378023K(1034752K), 0.0060455 secs]
130.471: Total time for which application threads were stopped: 0.0062109 seconds, Stopping threads took: 0.0000196 seconds
130.539: [GC (Allocation Failure)  700071K->379783K(1034240K), 0.0044317 secs]
130.544: Total time for which application threads were stopped: 0.0046316 seconds, Stopping threads took: 0.0000264 seconds
130.614: [GC (Allocation Failure)  701319K->386058K(1034752K), 0.0074583 secs]
130.621: Total time for which application threads were stopped: 0.0076246 seconds, Stopping threads took: 0.0000190 seconds
130.689: [GC (Allocation Failure)  707594K->386058K(1035264K), 0.0044192 secs]
130.693: Total time for which application threads were stopped: 0.0045928 seconds, Stopping threads took: 0.0000262 seconds
130.761: [GC (Allocation Failure)  708618K->390058K(1035264K), 0.0053346 secs]
130.766: Total time for which application threads were stopped: 0.0055204 seconds, Stopping threads took: 0.0000250 seconds
130.835: [GC (Allocation Failure)  712618K->394284K(1035264K), 0.0044881 secs]
130.840: Total time for which application threads were stopped: 0.0046687 seconds, Stopping threads took: 0.0000275 seconds
130.908: [GC (Allocation Failure)  716844K->394092K(1035264K), 0.0040944 secs]
130.912: Total time for which application threads were stopped: 0.0042908 seconds, Stopping threads took: 0.0000201 seconds
130.979: [GC (Allocation Failure)  716652K->390250K(1035776K), 0.0029204 secs]
130.982: Total time for which application threads were stopped: 0.0031152 seconds, Stopping threads took: 0.0000261 seconds
131.052: [GC (Allocation Failure)  713322K->394252K(1035264K), 0.0043681 secs]
131.056: Total time for which application threads were stopped: 0.0045242 seconds, Stopping threads took: 0.0000168 seconds
131.123: [GC (Allocation Failure)  717324K->394092K(1035776K), 0.0046027 secs]
131.127: Total time for which application threads were stopped: 0.0047647 seconds, Stopping threads took: 0.0000201 seconds
131.197: [GC (Allocation Failure)  717676K->396586K(1033728K), 0.0053399 secs]
131.202: Total time for which application threads were stopped: 0.0054983 seconds, Stopping threads took: 0.0000185 seconds
131.271: [GC (Allocation Failure)  720170K->394220K(1035264K), 0.0042294 secs]
131.275: Total time for which application threads were stopped: 0.0043919 seconds, Stopping threads took: 0.0000191 seconds
131.345: [GC (Allocation Failure)  716268K->394092K(1034752K), 0.0042666 secs]
131.349: Total time for which application threads were stopped: 0.0044409 seconds, Stopping threads took: 0.0000277 seconds
131.416: [GC (Allocation Failure)  716140K->400874K(1031168K), 0.0072961 secs]
131.424: Total time for which application threads were stopped: 0.0074883 seconds, Stopping threads took: 0.0000184 seconds
131.492: [GC (Allocation Failure)  719338K->395692K(1033216K), 0.0045395 secs]
131.497: Total time for which application threads were stopped: 0.0047010 seconds, Stopping threads took: 0.0000257 seconds
131.563: [GC (Allocation Failure)  714156K->395660K(1034752K), 0.0045230 secs]
131.568: Total time for which application threads were stopped: 0.0047011 seconds, Stopping threads took: 0.0000192 seconds
131.638: [GC (Allocation Failure)  716172K->396522K(1033728K), 0.0049919 secs]
131.643: Total time for which application threads were stopped: 0.0051501 seconds, Stopping threads took: 0.0000175 seconds
131.710: [GC (Allocation Failure)  717034K->395852K(1035264K), 0.0043411 secs]
131.715: Total time for which application threads were stopped: 0.0045178 seconds, Stopping threads took: 0.0000189 seconds
131.784: [GC (Allocation Failure)  717900K->395660K(1034752K), 0.0045598 secs]
131.789: Total time for which application threads were stopped: 0.0047271 seconds, Stopping threads took: 0.0000190 seconds
131.857: [GC (Allocation Failure)  717708K->397738K(1034752K), 0.0051088 secs]
131.862: Total time for which application threads were stopped: 0.0052700 seconds, Stopping threads took: 0.0000261 seconds
131.931: [GC (Allocation Failure)  720298K->395820K(1035264K), 0.0043456 secs]
131.936: Total time for which application threads were stopped: 0.0045104 seconds, Stopping threads took: 0.0000193 seconds
132.003: [GC (Allocation Failure)  718380K->395628K(1036288K), 0.0042616 secs]
132.007: Total time for which application threads were stopped: 0.0044212 seconds, Stopping threads took: 0.0000191 seconds
132.077: [GC (Allocation Failure)  719724K->403530K(1035776K), 0.0082715 secs]
132.085: Total time for which application threads were stopped: 0.0084378 seconds, Stopping threads took: 0.0000265 seconds
132.153: [GC (Allocation Failure)  727626K->399468K(1032704K), 0.0045604 secs]
132.158: Total time for which application threads were stopped: 0.0047500 seconds, Stopping threads took: 0.0000195 seconds
132.223: [GC (Allocation Failure)  719980K->399340K(1034240K), 0.0043988 secs]
132.228: Total time for which application threads were stopped: 0.0045640 seconds, Stopping threads took: 0.0000200 seconds
132.294: [GC (Allocation Failure)  719852K->392586K(1032704K), 0.0018587 secs]
132.296: Total time for which application threads were stopped: 0.0019985 seconds, Stopping threads took: 0.0000206 seconds
132.366: [GC (Allocation Failure)  712074K->399460K(1033728K), 0.0044927 secs]
132.370: Total time for which application threads were stopped: 0.0046519 seconds, Stopping threads took: 0.0000193 seconds
132.439: [GC (Allocation Failure)  718948K->403452K(1034752K), 0.0052683 secs]
132.445: Total time for which application threads were stopped: 0.0054336 seconds, Stopping threads took: 0.0000199 seconds
132.512: [GC (Allocation Failure)  724476K->409690K(1034240K), 0.0070521 secs]
132.519: Total time for which application threads were stopped: 0.0072463 seconds, Stopping threads took: 0.0000199 seconds
132.587: [GC (Allocation Failure)  730714K->403932K(1033216K), 0.0045265 secs]
132.592: Total time for which application threads were stopped: 0.0048446 seconds, Stopping threads took: 0.0000196 seconds
132.660: [GC (Allocation Failure)  723420K->403932K(1033728K), 0.0043427 secs]
132.664: Total time for which application threads were stopped: 0.0045168 seconds, Stopping threads took: 0.0000194 seconds
132.732: [GC (Allocation Failure)  723420K->406842K(1033216K), 0.0055209 secs]
132.738: Total time for which application threads were stopped: 0.0057121 seconds, Stopping threads took: 0.0000186 seconds
132.804: [GC (Allocation Failure)  726330K->404188K(1033728K), 0.0046557 secs]
132.809: Total time for which application threads were stopped: 0.0048277 seconds, Stopping threads took: 0.0000194 seconds
132.876: [GC (Allocation Failure)  723676K->403900K(1034752K), 0.0042860 secs]
132.881: Total time for which application threads were stopped: 0.0044986 seconds, Stopping threads took: 0.0000280 seconds
132.949: [GC (Allocation Failure)  724924K->403482K(1034240K), 0.0044351 secs]
132.953: Total time for which application threads were stopped: 0.0046042 seconds, Stopping threads took: 0.0000172 seconds
133.021: [GC (Allocation Failure)  724506K->404092K(1035264K), 0.0044943 secs]
133.026: Total time for which application threads were stopped: 0.0046567 seconds, Stopping threads took: 0.0000191 seconds
133.093: [GC (Allocation Failure)  726140K->403932K(1034752K), 0.0043799 secs]
133.098: Total time for which application threads were stopped: 0.0045363 seconds, Stopping threads took: 0.0000190 seconds
133.165: [GC (Allocation Failure)  725980K->405178K(1035776K), 0.0048753 secs]
133.170: Total time for which application threads were stopped: 0.0050440 seconds, Stopping threads took: 0.0000185 seconds
133.239: [GC (Allocation Failure)  728762K->404092K(1035776K), 0.0044978 secs]
133.244: Total time for which application threads were stopped: 0.0046703 seconds, Stopping threads took: 0.0000201 seconds
133.312: [GC (Allocation Failure)  727676K->403964K(1036288K), 0.0043603 secs]
133.316: Total time for which application threads were stopped: 0.0045417 seconds, Stopping threads took: 0.0000202 seconds
133.386: [GC (Allocation Failure)  728572K->397210K(1025536K), 0.0017502 secs]
133.388: Total time for which application threads were stopped: 0.0019033 seconds, Stopping threads took: 0.0000197 seconds
133.457: [GC (Allocation Failure)  721818K->404036K(1035776K), 0.0044235 secs]
133.461: Total time for which application threads were stopped: 0.0045936 seconds, Stopping threads took: 0.0000202 seconds
133.531: [GC (Allocation Failure)  727620K->408076K(1035776K), 0.0052226 secs]
133.537: Total time for which application threads were stopped: 0.0054258 seconds, Stopping threads took: 0.0000216 seconds
133.607: [GC (Allocation Failure)  731660K->408076K(1036800K), 0.0050772 secs]
133.612: Total time for which application threads were stopped: 0.0052455 seconds, Stopping threads took: 0.0000246 seconds
133.682: [GC (Allocation Failure)  733196K->408140K(1025024K), 0.0043658 secs]
133.686: Total time for which application threads were stopped: 0.0045256 seconds, Stopping threads took: 0.0000192 seconds
133.755: [GC (Allocation Failure)  733260K->416110K(1035776K), 0.0043223 secs]
133.760: Total time for which application threads were stopped: 0.0044906 seconds, Stopping threads took: 0.0000200 seconds
133.828: [GC (Allocation Failure)  739694K->416142K(1035776K), 0.0043277 secs]
133.833: Total time for which application threads were stopped: 0.0044910 seconds, Stopping threads took: 0.0000187 seconds
133.901: [GC (Allocation Failure)  739726K->416358K(1034752K), 0.0047037 secs]
133.906: Total time for which application threads were stopped: 0.0048621 seconds, Stopping threads took: 0.0000192 seconds
133.974: [GC (Allocation Failure)  738918K->424168K(1035264K), 0.0045984 secs]
133.979: Total time for which application threads were stopped: 0.0047727 seconds, Stopping threads took: 0.0000199 seconds
134.047: [GC (Allocation Failure)  746728K->424168K(1035264K), 0.0042955 secs]
134.051: Total time for which application threads were stopped: 0.0044898 seconds, Stopping threads took: 0.0000199 seconds
134.120: [GC (Allocation Failure)  746728K->424616K(1035264K), 0.0046663 secs]
134.124: Total time for which application threads were stopped: 0.0048364 seconds, Stopping threads took: 0.0000193 seconds
134.192: [GC (Allocation Failure)  747176K->432203K(1035264K), 0.0046660 secs]
134.196: Total time for which application threads were stopped: 0.0048391 seconds, Stopping threads took: 0.0000192 seconds
134.264: [GC (Allocation Failure)  754763K->432171K(1035264K), 0.0043326 secs]
134.269: Total time for which application threads were stopped: 0.0044922 seconds, Stopping threads took: 0.0000195 seconds
134.335: [GC (Allocation Failure)  754731K->432323K(1034240K), 0.0045664 secs]
134.340: Total time for which application threads were stopped: 0.0047344 seconds, Stopping threads took: 0.0000196 seconds
134.408: [GC (Allocation Failure)  753859K->440229K(1034752K), 0.0046683 secs]
134.412: Total time for which application threads were stopped: 0.0048637 seconds, Stopping threads took: 0.0000194 seconds
134.478: [GC (Allocation Failure)  761765K->440197K(1034752K), 0.0045198 secs]
134.483: Total time for which application threads were stopped: 0.0046797 seconds, Stopping threads took: 0.0000206 seconds
134.548: [GC (Allocation Failure)  761733K->440325K(1021440K), 0.0061239 secs]
134.554: Total time for which application threads were stopped: 0.0062753 seconds, Stopping threads took: 0.0000197 seconds
134.623: [GC (Allocation Failure)  761861K->448231K(1034240K), 0.0053570 secs]
134.629: Total time for which application threads were stopped: 0.0055220 seconds, Stopping threads took: 0.0000250 seconds
134.696: [GC (Allocation Failure)  768743K->448231K(1034240K), 0.0045467 secs]
134.701: Total time for which application threads were stopped: 0.0047308 seconds, Stopping threads took: 0.0000175 seconds
134.770: [GC (Allocation Failure)  768743K->448295K(1034240K), 0.0043820 secs]
134.774: Total time for which application threads were stopped: 0.0045395 seconds, Stopping threads took: 0.0000167 seconds
134.844: [GC (Allocation Failure)  768807K->456265K(1034240K), 0.0043432 secs]
134.848: Total time for which application threads were stopped: 0.0045290 seconds, Stopping threads took: 0.0000190 seconds
134.917: [GC (Allocation Failure)  776777K->456233K(1034240K), 0.0045107 secs]
134.922: Total time for which application threads were stopped: 0.0046740 seconds, Stopping threads took: 0.0000201 seconds
134.991: [GC (Allocation Failure)  776745K->456521K(1020416K), 0.0045814 secs]
134.995: Total time for which application threads were stopped: 0.0047632 seconds, Stopping threads took: 0.0000282 seconds
135.063: [GC (Allocation Failure)  777033K->464332K(1033728K), 0.0045023 secs]
135.068: Total time for which application threads were stopped: 0.0046613 seconds, Stopping threads took: 0.0000189 seconds
135.136: [GC (Allocation Failure)  783820K->464300K(1033728K), 0.0045545 secs]
135.141: Total time for which application threads were stopped: 0.0047218 seconds, Stopping threads took: 0.0000197 seconds
135.206: [GC (Allocation Failure)  783788K->464748K(1033728K), 0.0046059 secs]
135.211: Total time for which application threads were stopped: 0.0047681 seconds, Stopping threads took: 0.0000196 seconds
135.278: [GC (Allocation Failure)  784236K->472366K(1033728K), 0.0044799 secs]
135.282: Total time for which application threads were stopped: 0.0046379 seconds, Stopping threads took: 0.0000195 seconds
135.349: [GC (Allocation Failure)  791854K->472334K(1033728K), 0.0043485 secs]
135.353: Total time for which application threads were stopped: 0.0045197 seconds, Stopping threads took: 0.0000264 seconds
135.419: [GC (Allocation Failure)  791822K->472494K(1033728K), 0.0063222 secs]
135.426: Total time for which application threads were stopped: 0.0065034 seconds, Stopping threads took: 0.0000260 seconds
135.494: [GC (Allocation Failure)  791982K->480336K(1033728K), 0.0045623 secs]
135.498: Total time for which application threads were stopped: 0.0047343 seconds, Stopping threads took: 0.0000210 seconds
135.565: [GC (Allocation Failure)  799824K->480400K(1033728K), 0.0047191 secs]
135.570: Total time for which application threads were stopped: 0.0048959 seconds, Stopping threads took: 0.0000214 seconds
135.636: [GC (Allocation Failure)  799888K->480424K(1032704K), 0.0044013 secs]
135.641: Total time for which application threads were stopped: 0.0045849 seconds, Stopping threads took: 0.0000167 seconds
135.710: [GC (Allocation Failure)  798888K->488458K(1033216K), 0.0045120 secs]
135.714: Total time for which application threads were stopped: 0.0046784 seconds, Stopping threads took: 0.0000166 seconds
135.780: [GC (Allocation Failure)  806922K->488426K(1033216K), 0.0046964 secs]
135.785: Total time for which application threads were stopped: 0.0048779 seconds, Stopping threads took: 0.0000201 seconds
135.851: [GC (Allocation Failure)  806890K->488426K(1033216K), 0.0045093 secs]
135.855: Total time for which application threads were stopped: 0.0046708 seconds, Stopping threads took: 0.0000261 seconds
135.922: [GC (Allocation Failure)  806890K->496429K(1033216K), 0.0044394 secs]
135.926: Total time for which application threads were stopped: 0.0046114 seconds, Stopping threads took: 0.0000197 seconds
135.991: [GC (Allocation Failure)  814893K->491082K(1033216K), 0.0027100 secs]
135.994: Total time for which application threads were stopped: 0.0028837 seconds, Stopping threads took: 0.0000205 seconds
136.059: [GC (Allocation Failure)  809546K->496661K(1034752K), 0.0046400 secs]
136.064: Total time for which application threads were stopped: 0.0048123 seconds, Stopping threads took: 0.0000194 seconds
136.131: [GC (Allocation Failure)  817173K->500597K(1033728K), 0.0047450 secs]
136.136: Total time for which application threads were stopped: 0.0049081 seconds, Stopping threads took: 0.0000208 seconds
136.202: [GC (Allocation Failure)  821109K->507682K(1029120K), 0.0077241 secs]
136.210: Total time for which application threads were stopped: 0.0079178 seconds, Stopping threads took: 0.0000200 seconds
136.278: [GC (Allocation Failure)  823074K->501573K(1031680K), 0.0048354 secs]
136.283: Total time for which application threads were stopped: 0.0050341 seconds, Stopping threads took: 0.0000278 seconds
136.350: [GC (Allocation Failure)  816965K->501445K(1032192K), 0.0045210 secs]
136.355: Total time for which application threads were stopped: 0.0046727 seconds, Stopping threads took: 0.0000254 seconds
136.421: [GC (Allocation Failure)  817861K->504557K(1032192K), 0.0055219 secs]
136.427: Total time for which application threads were stopped: 0.0056936 seconds, Stopping threads took: 0.0000200 seconds
136.494: [GC (Allocation Failure)  820973K->509551K(1033216K), 0.0046663 secs]
136.499: Total time for which application threads were stopped: 0.0048386 seconds, Stopping threads took: 0.0000202 seconds
136.566: [GC (Allocation Failure)  827503K->509455K(1032704K), 0.0047009 secs]
136.571: Total time for which application threads were stopped: 0.0048638 seconds, Stopping threads took: 0.0000202 seconds
136.637: [GC (Allocation Failure)  827407K->509703K(1033216K), 0.0046762 secs]
136.641: Total time for which application threads were stopped: 0.0048445 seconds, Stopping threads took: 0.0000191 seconds
136.709: [GC (Allocation Failure)  828167K->517481K(1033216K), 0.0048259 secs]
136.714: Total time for which application threads were stopped: 0.0050145 seconds, Stopping threads took: 0.0000201 seconds
136.782: [GC (Allocation Failure)  835945K->517513K(1033728K), 0.0045732 secs]
136.787: Total time for which application threads were stopped: 0.0047665 seconds, Stopping threads took: 0.0000198 seconds
136.854: [GC (Allocation Failure)  836489K->518473K(1033216K), 0.0047426 secs]
136.859: Total time for which application threads were stopped: 0.0049129 seconds, Stopping threads took: 0.0000261 seconds
136.927: [GC (Allocation Failure)  837449K->525548K(1033728K), 0.0044947 secs]
136.931: Total time for which application threads were stopped: 0.0046579 seconds, Stopping threads took: 0.0000247 seconds
136.999: [GC (Allocation Failure)  844524K->525516K(1033216K), 0.0048804 secs]
137.004: Total time for which application threads were stopped: 0.0050741 seconds, Stopping threads took: 0.0000197 seconds
137.072: [GC (Allocation Failure)  844492K->528204K(1033728K), 0.0050381 secs]
137.077: Total time for which application threads were stopped: 0.0052313 seconds, Stopping threads took: 0.0000198 seconds
137.146: [GC (Allocation Failure)  847692K->533582K(1033728K), 0.0047489 secs]
137.150: Total time for which application threads were stopped: 0.0048973 seconds, Stopping threads took: 0.0000165 seconds
137.217: [GC (Allocation Failure)  853070K->533582K(1034240K), 0.0045321 secs]
137.222: Total time for which application threads were stopped: 0.0047263 seconds, Stopping threads took: 0.0000193 seconds
137.290: [GC (Allocation Failure)  853582K->535942K(1033728K), 0.0051850 secs]
137.295: Total time for which application threads were stopped: 0.0053586 seconds, Stopping threads took: 0.0000190 seconds
137.363: [GC (Allocation Failure)  855942K->541704K(1034240K), 0.0045699 secs]
137.368: Total time for which application threads were stopped: 0.0047449 seconds, Stopping threads took: 0.0000197 seconds
137.437: [GC (Allocation Failure)  862216K->541576K(1034240K), 0.0046239 secs]
137.442: Total time for which application threads were stopped: 0.0048134 seconds, Stopping threads took: 0.0000168 seconds
137.509: [GC (Allocation Failure)  862088K->541640K(1033216K), 0.0045607 secs]
137.514: Total time for which application threads were stopped: 0.0047341 seconds, Stopping threads took: 0.0000204 seconds
137.581: [GC (Allocation Failure)  861128K->549642K(1033728K), 0.0045972 secs]
137.586: Total time for which application threads were stopped: 0.0047709 seconds, Stopping threads took: 0.0000197 seconds
137.656: [GC (Allocation Failure)  869130K->549610K(1034240K), 0.0046795 secs]
137.661: Total time for which application threads were stopped: 0.0048754 seconds, Stopping threads took: 0.0000197 seconds
137.728: [GC (Allocation Failure)  869610K->549866K(1033728K), 0.0046207 secs]
137.733: Total time for which application threads were stopped: 0.0047826 seconds, Stopping threads took: 0.0000198 seconds
137.798: [GC (Allocation Failure)  869866K->557677K(1033728K), 0.0049398 secs]
137.803: Total time for which application threads were stopped: 0.0051068 seconds, Stopping threads took: 0.0000194 seconds
137.871: [GC (Allocation Failure)  877165K->557645K(1033728K), 0.0045602 secs]
137.876: Total time for which application threads were stopped: 0.0047541 seconds, Stopping threads took: 0.0000264 seconds
137.944: [GC (Allocation Failure)  877133K->558093K(1033728K), 0.0047360 secs]
137.949: Total time for which application threads were stopped: 0.0048984 seconds, Stopping threads took: 0.0000198 seconds
138.016: [GC (Allocation Failure)  877581K->565711K(1033728K), 0.0046107 secs]
138.021: Total time for which application threads were stopped: 0.0047705 seconds, Stopping threads took: 0.0000193 seconds
138.092: [GC (Allocation Failure)  885199K->565711K(1033728K), 0.0047093 secs]
138.096: Total time for which application threads were stopped: 0.0048787 seconds, Stopping threads took: 0.0000190 seconds
138.163: [GC (Allocation Failure)  885199K->566311K(1033728K), 0.0048730 secs]
138.168: Total time for which application threads were stopped: 0.0050440 seconds, Stopping threads took: 0.0000193 seconds
138.236: [GC (Allocation Failure)  885799K->573705K(1033728K), 0.0049514 secs]
138.241: Total time for which application threads were stopped: 0.0051189 seconds, Stopping threads took: 0.0000262 seconds
138.308: [GC (Allocation Failure)  893193K->573737K(1033728K), 0.0046371 secs]
138.313: Total time for which application threads were stopped: 0.0048329 seconds, Stopping threads took: 0.0000203 seconds
138.380: [GC (Allocation Failure)  893225K->575561K(1033728K), 0.0050660 secs]
138.386: Total time for which application threads were stopped: 0.0052706 seconds, Stopping threads took: 0.0000258 seconds
138.452: [GC (Allocation Failure)  895049K->581771K(1033728K), 0.0048057 secs]
138.457: Total time for which application threads were stopped: 0.0049916 seconds, Stopping threads took: 0.0000273 seconds
138.524: [GC (Allocation Failure)  901259K->581739K(1033728K), 0.0048564 secs]
138.529: Total time for which application threads were stopped: 0.0050557 seconds, Stopping threads took: 0.0000200 seconds
138.596: [GC (Allocation Failure)  901227K->582763K(1033728K), 0.0049144 secs]
138.601: Total time for which application threads were stopped: 0.0050887 seconds, Stopping threads took: 0.0000210 seconds
138.667: [GC (Allocation Failure)  902251K->589806K(1033728K), 0.0048456 secs]
138.672: Total time for which application threads were stopped: 0.0050399 seconds, Stopping threads took: 0.0000197 seconds
138.741: [GC (Allocation Failure)  909294K->589774K(1033728K), 0.0048108 secs]
138.746: Total time for which application threads were stopped: 0.0049857 seconds, Stopping threads took: 0.0000191 seconds
138.811: [GC (Allocation Failure)  909262K->589990K(1033728K), 0.0048512 secs]
138.816: Total time for which application threads were stopped: 0.0050136 seconds, Stopping threads took: 0.0000192 seconds
138.885: [GC (Allocation Failure)  909478K->597832K(1033728K), 0.0048314 secs]
138.890: Total time for which application threads were stopped: 0.0049936 seconds, Stopping threads took: 0.0000259 seconds
138.958: [GC (Allocation Failure)  917320K->597800K(1033728K), 0.0048038 secs]
138.963: Total time for which application threads were stopped: 0.0049838 seconds, Stopping threads took: 0.0000251 seconds
139.029: [GC (Allocation Failure)  917288K->598216K(1033728K), 0.0049753 secs]
139.034: Total time for which application threads were stopped: 0.0051393 seconds, Stopping threads took: 0.0000191 seconds
139.101: [GC (Allocation Failure)  917704K->605866K(1033728K), 0.0046783 secs]
139.106: Total time for which application threads were stopped: 0.0048457 seconds, Stopping threads took: 0.0000195 seconds
139.173: [GC (Allocation Failure)  925354K->605834K(1033728K), 0.0050355 secs]
139.179: Total time for which application threads were stopped: 0.0052432 seconds, Stopping threads took: 0.0000193 seconds
139.245: [GC (Allocation Failure)  925322K->606442K(1033728K), 0.0049776 secs]
139.250: Total time for which application threads were stopped: 0.0051387 seconds, Stopping threads took: 0.0000166 seconds
139.315: [GC (Allocation Failure)  925930K->613900K(1027072K), 0.0064818 secs]
139.322: Total time for which application threads were stopped: 0.0066462 seconds, Stopping threads took: 0.0000201 seconds
139.390: [GC (Allocation Failure)  933388K->613868K(1033728K), 0.0049850 secs]
139.395: Total time for which application threads were stopped: 0.0051642 seconds, Stopping threads took: 0.0000268 seconds
139.461: [GC (Allocation Failure)  932844K->614188K(1033216K), 0.0049803 secs]
139.466: Total time for which application threads were stopped: 0.0051579 seconds, Stopping threads took: 0.0000265 seconds
139.535: [GC (Allocation Failure)  933164K->621903K(1033216K), 0.0049550 secs]
139.540: Total time for which application threads were stopped: 0.0051252 seconds, Stopping threads took: 0.0000198 seconds
139.608: [GC (Allocation Failure)  940367K->621871K(1033216K), 0.0068967 secs]
139.615: Total time for which application threads were stopped: 0.0070829 seconds, Stopping threads took: 0.0000246 seconds
139.681: [GC (Allocation Failure)  940335K->622919K(1033728K), 0.0049414 secs]
139.686: Total time for which application threads were stopped: 0.0051335 seconds, Stopping threads took: 0.0000198 seconds
139.755: [GC (Allocation Failure)  941895K->629961K(1033216K), 0.0048452 secs]
139.760: Total time for which application threads were stopped: 0.0050299 seconds, Stopping threads took: 0.0000172 seconds
139.828: [GC (Allocation Failure)  948937K->629929K(1033728K), 0.0049191 secs]
139.833: Total time for which application threads were stopped: 0.0050764 seconds, Stopping threads took: 0.0000191 seconds
139.900: [GC (Allocation Failure)  948905K->630633K(1033216K), 0.0047246 secs]
139.905: Total time for which application threads were stopped: 0.0049155 seconds, Stopping threads took: 0.0000195 seconds
139.974: [GC (Allocation Failure)  949609K->637963K(1032704K), 0.0049732 secs]
139.979: Total time for which application threads were stopped: 0.0051575 seconds, Stopping threads took: 0.0000356 seconds
140.044: [GC (Allocation Failure)  956427K->637963K(1033216K), 0.0049250 secs]
140.049: Total time for which application threads were stopped: 0.0050980 seconds, Stopping threads took: 0.0000200 seconds
140.114: [GC (Allocation Failure)  956427K->638339K(1032704K), 0.0050869 secs]
140.119: Total time for which application threads were stopped: 0.0052847 seconds, Stopping threads took: 0.0000197 seconds
140.188: [GC (Allocation Failure)  956803K->645990K(1033216K), 0.0050519 secs]
140.193: Total time for which application threads were stopped: 0.0052104 seconds, Stopping threads took: 0.0000169 seconds
140.258: [GC (Allocation Failure)  964454K->645990K(1033216K), 0.0051583 secs]
140.264: Total time for which application threads were stopped: 0.0053302 seconds, Stopping threads took: 0.0000199 seconds
140.328: [GC (Allocation Failure)  964454K->646054K(1033216K), 0.0049788 secs]
140.333: Total time for which application threads were stopped: 0.0051690 seconds, Stopping threads took: 0.0000208 seconds
140.401: [GC (Allocation Failure)  964518K->654024K(1033216K), 0.0046290 secs]
140.406: Total time for which application threads were stopped: 0.0048376 seconds, Stopping threads took: 0.0000205 seconds
140.473: [GC (Allocation Failure)  972488K->654024K(1033216K), 0.0049088 secs]
140.479: Total time for which application threads were stopped: 0.0051034 seconds, Stopping threads took: 0.0000168 seconds
140.545: [GC (Allocation Failure)  972488K->654304K(1033216K), 0.0068749 secs]
140.551: Total time for which application threads were stopped: 0.0070263 seconds, Stopping threads took: 0.0000188 seconds
140.618: [GC (Allocation Failure)  972768K->662050K(1033216K), 0.0056759 secs]
140.624: Total time for which application threads were stopped: 0.0058868 seconds, Stopping threads took: 0.0000247 seconds
140.693: [GC (Allocation Failure)  980514K->662050K(1033216K), 0.0048549 secs]
140.698: Total time for which application threads were stopped: 0.0050176 seconds, Stopping threads took: 0.0000196 seconds
140.763: [GC (Allocation Failure)  980514K->662122K(1033216K), 0.0047716 secs]
140.768: Total time for which application threads were stopped: 0.0049442 seconds, Stopping threads took: 0.0000215 seconds
140.833: [GC (Allocation Failure)  980586K->670124K(1033216K), 0.0049848 secs]
140.838: Total time for which application threads were stopped: 0.0051806 seconds, Stopping threads took: 0.0000195 seconds
140.906: [GC (Allocation Failure)  988588K->670092K(1033216K), 0.0050517 secs]
140.911: Total time for which application threads were stopped: 0.0052246 seconds, Stopping threads took: 0.0000162 seconds
140.976: [GC (Allocation Failure)  988556K->670156K(1033216K), 0.0050395 secs]
140.981: Total time for which application threads were stopped: 0.0052106 seconds, Stopping threads took: 0.0000200 seconds
141.049: [GC (Allocation Failure)  988620K->678159K(1033216K), 0.0050239 secs]
141.054: Total time for which application threads were stopped: 0.0051966 seconds, Stopping threads took: 0.0000196 seconds
141.122: [GC (Allocation Failure)  996623K->678159K(1033216K), 0.0050017 secs]
141.127: Total time for which application threads were stopped: 0.0051717 seconds, Stopping threads took: 0.0000198 seconds
141.193: [GC (Allocation Failure)  996623K->678415K(1033216K), 0.0082192 secs]
141.201: Total time for which application threads were stopped: 0.0083919 seconds, Stopping threads took: 0.0000190 seconds
141.269: [GC (Allocation Failure)  996879K->686161K(1033216K), 0.0050733 secs]
141.275: Total time for which application threads were stopped: 0.0052433 seconds, Stopping threads took: 0.0000199 seconds
141.339: [GC (Allocation Failure)  1004625K->679023K(1033216K), 0.0021426 secs]
141.341: Total time for which application threads were stopped: 0.0022969 seconds, Stopping threads took: 0.0000196 seconds
141.410: [GC (Allocation Failure)  997487K->686377K(1033216K), 0.0049482 secs]
141.415: Total time for which application threads were stopped: 0.0051330 seconds, Stopping threads took: 0.0000268 seconds
141.483: [GC (Allocation Failure)  1004841K->690321K(1033216K), 0.0061043 secs]
141.489: Total time for which application threads were stopped: 0.0062698 seconds, Stopping threads took: 0.0000200 seconds
141.556: [GC (Allocation Failure)  1008785K->691599K(1032192K), 0.0055036 secs]
141.561: Total time for which application threads were stopped: 0.0056771 seconds, Stopping threads took: 0.0000199 seconds
141.630: [GC (Allocation Failure)  1009039K->690449K(1032704K), 0.0049433 secs]
141.635: Total time for which application threads were stopped: 0.0051112 seconds, Stopping threads took: 0.0000187 seconds
141.703: [GC (Allocation Failure)  1007889K->690289K(1033216K), 0.0050905 secs]
141.708: Total time for which application threads were stopped: 0.0052652 seconds, Stopping threads took: 0.0000202 seconds
141.774: [GC (Allocation Failure)  1008753K->693705K(1033216K), 0.0056898 secs]
141.780: [Full GC (Ergonomics)  693705K->11819K(1033216K), 0.0180332 secs]
141.798: Total time for which application threads were stopped: 0.0239899 seconds, Stopping threads took: 0.0000195 seconds
141.866: [GC (Allocation Failure)  330283K->20750K(1032704K), 0.0037118 secs]
141.870: Total time for which application threads were stopped: 0.0038972 seconds, Stopping threads took: 0.0000276 seconds
141.938: [GC (Allocation Failure)  339214K->20694K(1033216K), 0.0038291 secs]
141.942: Total time for which application threads were stopped: 0.0040322 seconds, Stopping threads took: 0.0000195 seconds
142.006: [GC (Allocation Failure)  339158K->24238K(1033728K), 0.0046251 secs]
142.011: Total time for which application threads were stopped: 0.0048015 seconds, Stopping threads took: 0.0000207 seconds
142.078: [GC (Allocation Failure)  343726K->28752K(1033728K), 0.0038831 secs]
142.082: Total time for which application threads were stopped: 0.0040614 seconds, Stopping threads took: 0.0000198 seconds
142.151: [GC (Allocation Failure)  348240K->28752K(1034240K), 0.0038695 secs]
142.155: Total time for which application threads were stopped: 0.0040515 seconds, Stopping threads took: 0.0000170 seconds
142.223: [GC (Allocation Failure)  349264K->32456K(1034240K), 0.0045946 secs]
142.227: Total time for which application threads were stopped: 0.0047521 seconds, Stopping threads took: 0.0000252 seconds
142.295: [GC (Allocation Failure)  352968K->36778K(1034752K), 0.0038983 secs]
142.299: Total time for which application threads were stopped: 0.0040789 seconds, Stopping threads took: 0.0000197 seconds
142.367: [GC (Allocation Failure)  357802K->36746K(1034240K), 0.0036354 secs]
142.371: Total time for which application threads were stopped: 0.0037990 seconds, Stopping threads took: 0.0000262 seconds
142.439: [GC (Allocation Failure)  357770K->39690K(1034752K), 0.0043630 secs]
142.443: Total time for which application threads were stopped: 0.0045287 seconds, Stopping threads took: 0.0000188 seconds
142.511: [GC (Allocation Failure)  361226K->44812K(1034752K), 0.0037943 secs]
142.515: Total time for which application threads were stopped: 0.0039656 seconds, Stopping threads took: 0.0000203 seconds
142.582: [GC (Allocation Failure)  366348K->44780K(1034752K), 0.0039933 secs]
142.586: Total time for which application threads were stopped: 0.0041605 seconds, Stopping threads took: 0.0000191 seconds
142.653: [GC (Allocation Failure)  366316K->44844K(1034752K), 0.0039253 secs]
142.657: Total time for which application threads were stopped: 0.0040969 seconds, Stopping threads took: 0.0000195 seconds
142.723: [GC (Allocation Failure)  366380K->52911K(1033728K), 0.0038999 secs]
142.727: Total time for which application threads were stopped: 0.0040736 seconds, Stopping threads took: 0.0000206 seconds
142.795: [GC (Allocation Failure)  373423K->52847K(1034240K), 0.0037094 secs]
142.799: Total time for which application threads were stopped: 0.0038803 seconds, Stopping threads took: 0.0000191 seconds
142.866: [GC (Allocation Failure)  373359K->56135K(1034752K), 0.0043021 secs]
142.871: Total time for which application threads were stopped: 0.0044664 seconds, Stopping threads took: 0.0000276 seconds
142.937: [GC (Allocation Failure)  377671K->60873K(1034752K), 0.0037150 secs]
142.941: Total time for which application threads were stopped: 0.0038913 seconds, Stopping threads took: 0.0000261 seconds
143.009: [GC (Allocation Failure)  382409K->60873K(1034752K), 0.0038131 secs]
143.013: Total time for which application threads were stopped: 0.0039691 seconds, Stopping threads took: 0.0000186 seconds
143.079: [GC (Allocation Failure)  382409K->61289K(1034752K), 0.0039092 secs]
143.083: Total time for which application threads were stopped: 0.0040702 seconds, Stopping threads took: 0.0000196 seconds
143.149: [GC (Allocation Failure)  382825K->68875K(1033728K), 0.0038860 secs]
143.153: Total time for which application threads were stopped: 0.0040433 seconds, Stopping threads took: 0.0000195 seconds
143.220: [GC (Allocation Failure)  389387K->68875K(1034240K), 0.0038018 secs]
143.224: Total time for which application threads were stopped: 0.0039799 seconds, Stopping threads took: 0.0000201 seconds
143.291: [GC (Allocation Failure)  389387K->72619K(1034752K), 0.0046563 secs]
143.295: Total time for which application threads were stopped: 0.0048289 seconds, Stopping threads took: 0.0000201 seconds
143.362: [GC (Allocation Failure)  394155K->76909K(1034752K), 0.0037574 secs]
143.366: Total time for which application threads were stopped: 0.0039313 seconds, Stopping threads took: 0.0000271 seconds
143.432: [GC (Allocation Failure)  398445K->76909K(1034752K), 0.0039746 secs]
143.436: Total time for which application threads were stopped: 0.0041673 seconds, Stopping threads took: 0.0000190 seconds
143.504: [GC (Allocation Failure)  398445K->77805K(1034752K), 0.0038490 secs]
143.508: Total time for which application threads were stopped: 0.0039988 seconds, Stopping threads took: 0.0000170 seconds
143.576: [GC (Allocation Failure)  399341K->84976K(1034752K), 0.0059414 secs]
143.582: Total time for which application threads were stopped: 0.0061064 seconds, Stopping threads took: 0.0000205 seconds
143.651: [GC (Allocation Failure)  406512K->84944K(1034752K), 0.0038834 secs]
143.655: Total time for which application threads were stopped: 0.0040470 seconds, Stopping threads took: 0.0000194 seconds
143.720: [GC (Allocation Failure)  406480K->87048K(1034752K), 0.0039622 secs]
143.724: Total time for which application threads were stopped: 0.0041337 seconds, Stopping threads took: 0.0000193 seconds
143.794: [GC (Allocation Failure)  408584K->93066K(1034752K), 0.0039048 secs]
143.798: Total time for which application threads were stopped: 0.0040744 seconds, Stopping threads took: 0.0000191 seconds
143.866: [GC (Allocation Failure)  414602K->93002K(1034752K), 0.0039831 secs]
143.871: Total time for which application threads were stopped: 0.0041426 seconds, Stopping threads took: 0.0000200 seconds
143.937: [GC (Allocation Failure)  414538K->96298K(1034752K), 0.0048036 secs]
143.942: Total time for which application threads were stopped: 0.0049757 seconds, Stopping threads took: 0.0000192 seconds
144.012: [GC (Allocation Failure)  417834K->101036K(1034752K), 0.0040920 secs]
144.016: Total time for which application threads were stopped: 0.0042829 seconds, Stopping threads took: 0.0000188 seconds
144.085: [GC (Allocation Failure)  422572K->101036K(1034752K), 0.0040694 secs]
144.090: Total time for which application threads were stopped: 0.0042557 seconds, Stopping threads took: 0.0000202 seconds
144.156: [GC (Allocation Failure)  422572K->101452K(1034752K), 0.0040482 secs]
144.161: Total time for which application threads were stopped: 0.0042165 seconds, Stopping threads took: 0.0000192 seconds
144.228: [GC (Allocation Failure)  422988K->109038K(1034752K), 0.0039432 secs]
144.233: Total time for which application threads were stopped: 0.0041042 seconds, Stopping threads took: 0.0000199 seconds
144.298: [GC (Allocation Failure)  430574K->109070K(1034752K), 0.0039684 secs]
144.302: Total time for which application threads were stopped: 0.0041519 seconds, Stopping threads took: 0.0000247 seconds
144.368: [GC (Allocation Failure)  430606K->110726K(1034752K), 0.0040791 secs]
144.372: Total time for which application threads were stopped: 0.0042493 seconds, Stopping threads took: 0.0000266 seconds
144.438: [GC (Allocation Failure)  432262K->117097K(1033728K), 0.0039169 secs]
144.442: Total time for which application threads were stopped: 0.0041024 seconds, Stopping threads took: 0.0000272 seconds
144.509: [GC (Allocation Failure)  437609K->117097K(1034240K), 0.0039866 secs]
144.513: Total time for which application threads were stopped: 0.0041454 seconds, Stopping threads took: 0.0000199 seconds
144.581: [GC (Allocation Failure)  437609K->117929K(1034240K), 0.0040753 secs]
144.585: Total time for which application threads were stopped: 0.0042426 seconds, Stopping threads took: 0.0000273 seconds
144.654: [GC (Allocation Failure)  438441K->125259K(1034240K), 0.0038494 secs]
144.658: Total time for which application threads were stopped: 0.0040191 seconds, Stopping threads took: 0.0000198 seconds
144.727: [GC (Allocation Failure)  445771K->125099K(1034240K), 0.0038111 secs]
144.731: Total time for which application threads were stopped: 0.0039779 seconds, Stopping threads took: 0.0000193 seconds
144.797: [GC (Allocation Failure)  445611K->128235K(1034240K), 0.0046675 secs]
144.802: Total time for which application threads were stopped: 0.0048398 seconds, Stopping threads took: 0.0000201 seconds
144.870: [GC (Allocation Failure)  448747K->133229K(1033728K), 0.0037592 secs]
144.874: Total time for which application threads were stopped: 0.0039257 seconds, Stopping threads took: 0.0000264 seconds
144.942: [GC (Allocation Failure)  453741K->133133K(1034240K), 0.0037927 secs]
144.946: Total time for which application threads were stopped: 0.0039594 seconds, Stopping threads took: 0.0000264 seconds
145.013: [GC (Allocation Failure)  453645K->134373K(1033728K), 0.0040864 secs]
145.017: Total time for which application threads were stopped: 0.0042713 seconds, Stopping threads took: 0.0000213 seconds
145.085: [GC (Allocation Failure)  454885K->141192K(1034240K), 0.0039938 secs]
145.090: Total time for which application threads were stopped: 0.0041825 seconds, Stopping threads took: 0.0000205 seconds
145.157: [GC (Allocation Failure)  461704K->141192K(1034240K), 0.0039025 secs]
145.161: Total time for which application threads were stopped: 0.0040791 seconds, Stopping threads took: 0.0000218 seconds
145.228: [GC (Allocation Failure)  461704K->144680K(1034240K), 0.0046269 secs]
145.232: Total time for which application threads were stopped: 0.0048076 seconds, Stopping threads took: 0.0000193 seconds
145.300: [GC (Allocation Failure)  465192K->149258K(1034752K), 0.0041357 secs]
145.304: Total time for which application threads were stopped: 0.0043074 seconds, Stopping threads took: 0.0000199 seconds
145.372: [GC (Allocation Failure)  470794K->149194K(1034752K), 0.0038135 secs]
145.376: Total time for which application threads were stopped: 0.0039821 seconds, Stopping threads took: 0.0000258 seconds
145.441: [GC (Allocation Failure)  470730K->152906K(1034752K), 0.0049995 secs]
145.446: Total time for which application threads were stopped: 0.0051716 seconds, Stopping threads took: 0.0000245 seconds
145.512: [GC (Allocation Failure)  474442K->157292K(1034752K), 0.0039840 secs]
145.516: Total time for which application threads were stopped: 0.0041622 seconds, Stopping threads took: 0.0000259 seconds
145.582: [GC (Allocation Failure)  478828K->157228K(1035264K), 0.0041464 secs]
145.586: Total time for which application threads were stopped: 0.0043100 seconds, Stopping threads took: 0.0000204 seconds
145.654: [GC (Allocation Failure)  479276K->158540K(1034752K), 0.0043000 secs]
145.658: Total time for which application threads were stopped: 0.0044685 seconds, Stopping threads took: 0.0000187 seconds
145.726: [GC (Allocation Failure)  480588K->165390K(1034752K), 0.0040092 secs]
145.730: Total time for which application threads were stopped: 0.0041805 seconds, Stopping threads took: 0.0000198 seconds
145.797: [GC (Allocation Failure)  486926K->165262K(1034752K), 0.0039821 secs]
145.801: Total time for which application threads were stopped: 0.0041792 seconds, Stopping threads took: 0.0000202 seconds
145.868: [GC (Allocation Failure)  486798K->168358K(1034752K), 0.0045550 secs]
145.873: Total time for which application threads were stopped: 0.0047030 seconds, Stopping threads took: 0.0000246 seconds
145.941: [GC (Allocation Failure)  489894K->173385K(1034752K), 0.0038867 secs]
145.945: Total time for which application threads were stopped: 0.0040506 seconds, Stopping threads took: 0.0000256 seconds
146.013: [GC (Allocation Failure)  494921K->173321K(1034752K), 0.0073956 secs]
146.020: Total time for which application threads were stopped: 0.0075646 seconds, Stopping threads took: 0.0000196 seconds
146.087: [GC (Allocation Failure)  494857K->173513K(1034752K), 0.0041553 secs]
146.092: Total time for which application threads were stopped: 0.0043237 seconds, Stopping threads took: 0.0000204 seconds
146.161: [GC (Allocation Failure)  495049K->181323K(1034752K), 0.0041725 secs]
146.166: Total time for which application threads were stopped: 0.0043662 seconds, Stopping threads took: 0.0000193 seconds
146.231: [GC (Allocation Failure)  502859K->181355K(1034752K), 0.0041219 secs]
146.236: Total time for which application threads were stopped: 0.0042859 seconds, Stopping threads took: 0.0000196 seconds
146.300: [GC (Allocation Failure)  502891K->182731K(1034752K), 0.0041776 secs]
146.305: Total time for which application threads were stopped: 0.0043798 seconds, Stopping threads took: 0.0000267 seconds
146.372: [GC (Allocation Failure)  504267K->189389K(1029120K), 0.0040185 secs]
146.376: Total time for which application threads were stopped: 0.0041816 seconds, Stopping threads took: 0.0000206 seconds
146.442: [GC (Allocation Failure)  510925K->189357K(1034240K), 0.0052251 secs]
146.447: Total time for which application threads were stopped: 0.0053896 seconds, Stopping threads took: 0.0000193 seconds
146.513: [GC (Allocation Failure)  509869K->191021K(1034240K), 0.0042469 secs]
146.518: Total time for which application threads were stopped: 0.0044172 seconds, Stopping threads took: 0.0000197 seconds
146.585: [GC (Allocation Failure)  511533K->197391K(1034240K), 0.0041086 secs]
146.589: Total time for which application threads were stopped: 0.0042906 seconds, Stopping threads took: 0.0000206 seconds
146.658: [GC (Allocation Failure)  517903K->197391K(1034240K), 0.0040300 secs]
146.662: Total time for which application threads were stopped: 0.0042223 seconds, Stopping threads took: 0.0000195 seconds
146.731: [GC (Allocation Failure)  517903K->201287K(1034752K), 0.0049688 secs]
146.736: Total time for which application threads were stopped: 0.0051519 seconds, Stopping threads took: 0.0000170 seconds
146.806: [GC (Allocation Failure)  522311K->205514K(1034240K), 0.0040271 secs]
146.810: Total time for which application threads were stopped: 0.0042093 seconds, Stopping threads took: 0.0000421 seconds
146.878: [GC (Allocation Failure)  526538K->205450K(1034752K), 0.0040606 secs]
146.882: Total time for which application threads were stopped: 0.0042388 seconds, Stopping threads took: 0.0000192 seconds
146.949: [GC (Allocation Failure)  526986K->209546K(1034752K), 0.0051177 secs]
146.954: Total time for which application threads were stopped: 0.0052908 seconds, Stopping threads took: 0.0000196 seconds
147.023: [GC (Allocation Failure)  531082K->213516K(1035264K), 0.0040168 secs]
147.027: Total time for which application threads were stopped: 0.0041918 seconds, Stopping threads took: 0.0000204 seconds
147.096: [GC (Allocation Failure)  536076K->213420K(1035264K), 0.0040903 secs]
147.100: Total time for which application threads were stopped: 0.0042621 seconds, Stopping threads took: 0.0000200 seconds
147.167: [GC (Allocation Failure)  535980K->216716K(1035264K), 0.0046617 secs]
147.171: Total time for which application threads were stopped: 0.0048359 seconds, Stopping threads took: 0.0000197 seconds
147.239: [GC (Allocation Failure)  539276K->221518K(1035264K), 0.0040673 secs]
147.243: Total time for which application threads were stopped: 0.0042690 seconds, Stopping threads took: 0.0000206 seconds
147.313: [GC (Allocation Failure)  544078K->221486K(1035264K), 0.0041503 secs]
147.317: Total time for which application threads were stopped: 0.0043229 seconds, Stopping threads took: 0.0000189 seconds
147.384: [GC (Allocation Failure)  544046K->224934K(1035264K), 0.0047705 secs]
147.389: Total time for which application threads were stopped: 0.0049399 seconds, Stopping threads took: 0.0000191 seconds
147.457: [GC (Allocation Failure)  547494K->229704K(1035264K), 0.0041351 secs]
147.461: Total time for which application threads were stopped: 0.0042961 seconds, Stopping threads took: 0.0000189 seconds
147.529: [GC (Allocation Failure)  552264K->229544K(1035264K), 0.0054047 secs]
147.534: Total time for which application threads were stopped: 0.0055764 seconds, Stopping threads took: 0.0000205 seconds
147.601: [GC (Allocation Failure)  552104K->225126K(1035776K), 0.0025235 secs]
147.604: Total time for which application threads were stopped: 0.0027046 seconds, Stopping threads took: 0.0000212 seconds
147.674: [GC (Allocation Failure)  548198K->229672K(1035264K), 0.0040896 secs]
147.678: Total time for which application threads were stopped: 0.0042612 seconds, Stopping threads took: 0.0000193 seconds
147.745: [GC (Allocation Failure)  552744K->229544K(1035776K), 0.0041328 secs]
147.749: Total time for which application threads were stopped: 0.0043280 seconds, Stopping threads took: 0.0000193 seconds
147.816: [GC (Allocation Failure)  552616K->230982K(1035264K), 0.0049024 secs]
147.821: Total time for which application threads were stopped: 0.0050955 seconds, Stopping threads took: 0.0000187 seconds
147.891: [GC (Allocation Failure)  554054K->229608K(1035264K), 0.0041167 secs]
147.896: Total time for which application threads were stopped: 0.0042828 seconds, Stopping threads took: 0.0000246 seconds
147.963: [GC (Allocation Failure)  552168K->229544K(1035264K), 0.0039088 secs]
147.967: Total time for which application threads were stopped: 0.0040918 seconds, Stopping threads took: 0.0000172 seconds
148.037: [GC (Allocation Failure)  552104K->235750K(1031168K), 0.0072587 secs]
148.044: Total time for which application threads were stopped: 0.0074296 seconds, Stopping threads took: 0.0000187 seconds
148.112: [GC (Allocation Failure)  554214K->230536K(1033216K), 0.0042545 secs]
148.116: Total time for which application threads were stopped: 0.0044234 seconds, Stopping threads took: 0.0000205 seconds
148.183: [GC (Allocation Failure)  549000K->230504K(1034752K), 0.0040604 secs]
148.187: Total time for which application threads were stopped: 0.0042265 seconds, Stopping threads took: 0.0000200 seconds
148.255: [GC (Allocation Failure)  551528K->231366K(1034240K), 0.0044314 secs]
148.259: Total time for which application threads were stopped: 0.0045866 seconds, Stopping threads took: 0.0000250 seconds
148.327: [GC (Allocation Failure)  552390K->230728K(1035264K), 0.0040951 secs]
148.331: Total time for which application threads were stopped: 0.0042609 seconds, Stopping threads took: 0.0000197 seconds
148.399: [GC (Allocation Failure)  552776K->230536K(1034752K), 0.0043441 secs]
148.404: Total time for which application threads were stopped: 0.0045147 seconds, Stopping threads took: 0.0000195 seconds
148.471: [GC (Allocation Failure)  552584K->233126K(1034752K), 0.0052350 secs]
148.477: Total time for which application threads were stopped: 0.0054058 seconds, Stopping threads took: 0.0000193 seconds
148.544: [GC (Allocation Failure)  555686K->230696K(1035264K), 0.0041740 secs]
148.548: Total time for which application threads were stopped: 0.0043565 seconds, Stopping threads took: 0.0000198 seconds
148.616: [GC (Allocation Failure)  553256K->230504K(1036288K), 0.0047037 secs]
148.621: Total time for which application threads were stopped: 0.0049036 seconds, Stopping threads took: 0.0000279 seconds
148.690: [GC (Allocation Failure)  554600K->222534K(1024000K), 0.0009904 secs]
148.691: Total time for which application threads were stopped: 0.0011259 seconds, Stopping threads took: 0.0000192 seconds
148.760: [GC (Allocation Failure)  546630K->230656K(1035264K), 0.0040536 secs]
148.765: Total time for which application threads were stopped: 0.0042494 seconds, Stopping threads took: 0.0000197 seconds
148.834: [GC (Allocation Failure)  553216K->234680K(1035264K), 0.0055077 secs]
148.839: Total time for which application threads were stopped: 0.0056744 seconds, Stopping threads took: 0.0000169 seconds
148.909: [GC (Allocation Failure)  557240K->230774K(1035776K), 0.0028546 secs]
148.912: Total time for which application threads were stopped: 0.0030191 seconds, Stopping threads took: 0.0000254 seconds
148.980: [GC (Allocation Failure)  554358K->234800K(1035776K), 0.0041774 secs]
148.984: Total time for which application threads were stopped: 0.0043740 seconds, Stopping threads took: 0.0000197 seconds
149.053: [GC (Allocation Failure)  558384K->238736K(1035776K), 0.0040923 secs]
149.058: Total time for which application threads were stopped: 0.0042745 seconds, Stopping threads took: 0.0000199 seconds
149.127: [GC (Allocation Failure)  562320K->238736K(1035776K), 0.0042470 secs]
149.131: Total time for which application threads were stopped: 0.0044426 seconds, Stopping threads took: 0.0000205 seconds
149.198: [GC (Allocation Failure)  562320K->238824K(1034752K), 0.0041553 secs]
149.202: Total time for which application threads were stopped: 0.0043159 seconds, Stopping threads took: 0.0000197 seconds
149.270: [GC (Allocation Failure)  561384K->246827K(1035264K), 0.0041290 secs]
149.274: Total time for which application threads were stopped: 0.0042927 seconds, Stopping threads took: 0.0000207 seconds
149.341: [GC (Allocation Failure)  569387K->246795K(1035264K), 0.0042841 secs]
149.345: Total time for which application threads were stopped: 0.0044626 seconds, Stopping threads took: 0.0000209 seconds
149.413: [GC (Allocation Failure)  569355K->246859K(1022464K), 0.0040789 secs]
149.417: Total time for which application threads were stopped: 0.0042489 seconds, Stopping threads took: 0.0000262 seconds
149.486: [GC (Allocation Failure)  569419K->254861K(1034752K), 0.0043221 secs]
149.490: Total time for which application threads were stopped: 0.0045027 seconds, Stopping threads took: 0.0000218 seconds
149.560: [GC (Allocation Failure)  576397K->254829K(1034752K), 0.0038965 secs]
149.564: Total time for which application threads were stopped: 0.0040651 seconds, Stopping threads took: 0.0000191 seconds
149.632: [GC (Allocation Failure)  576365K->255085K(1034752K), 0.0043027 secs]
149.636: Total time for which application threads were stopped: 0.0044675 seconds, Stopping threads took: 0.0000161 seconds
149.703: [GC (Allocation Failure)  576621K->262895K(1034752K), 0.0042187 secs]
149.707: Total time for which application threads were stopped: 0.0043796 seconds, Stopping threads took: 0.0000192 seconds
149.775: [GC (Allocation Failure)  584431K->262863K(1034752K), 0.0041448 secs]
149.779: Total time for which application threads were stopped: 0.0043110 seconds, Stopping threads took: 0.0000192 seconds
149.844: [GC (Allocation Failure)  584399K->263303K(1021440K), 0.0040952 secs]
149.848: Total time for which application threads were stopped: 0.0042664 seconds, Stopping threads took: 0.0000197 seconds
149.916: [GC (Allocation Failure)  584839K->270890K(1034240K), 0.0042122 secs]
149.920: Total time for which application threads were stopped: 0.0043852 seconds, Stopping threads took: 0.0000198 seconds
149.990: [GC (Allocation Failure)  591402K->270890K(1034240K), 0.0039674 secs]
149.995: Total time for which application threads were stopped: 0.0041338 seconds, Stopping threads took: 0.0000168 seconds
150.063: [GC (Allocation Failure)  591402K->271018K(1034240K), 0.0041866 secs]
150.067: Total time for which application threads were stopped: 0.0043442 seconds, Stopping threads took: 0.0000186 seconds
150.134: [GC (Allocation Failure)  591530K->278892K(1034240K), 0.0043078 secs]
150.139: Total time for which application threads were stopped: 0.0044706 seconds, Stopping threads took: 0.0000198 seconds
150.206: [GC (Allocation Failure)  599404K->278924K(1034240K), 0.0040567 secs]
150.210: Total time for which application threads were stopped: 0.0042380 seconds, Stopping threads took: 0.0000202 seconds
150.277: [GC (Allocation Failure)  599436K->278988K(1020416K), 0.0043252 secs]
150.281: Total time for which application threads were stopped: 0.0045013 seconds, Stopping threads took: 0.0000198 seconds
150.349: [GC (Allocation Failure)  599500K->286958K(1033728K), 0.0041452 secs]
150.353: Total time for which application threads were stopped: 0.0043068 seconds, Stopping threads took: 0.0000202 seconds
150.419: [GC (Allocation Failure)  606446K->286958K(1033728K), 0.0040477 secs]
150.423: Total time for which application threads were stopped: 0.0042253 seconds, Stopping threads took: 0.0000280 seconds
150.487: [GC (Allocation Failure)  606446K->287022K(1033728K), 0.0042316 secs]
150.492: Total time for which application threads were stopped: 0.0044283 seconds, Stopping threads took: 0.0000207 seconds
150.560: [GC (Allocation Failure)  606510K->294992K(1033728K), 0.0042320 secs]
150.565: Total time for which application threads were stopped: 0.0043933 seconds, Stopping threads took: 0.0000255 seconds
150.632: [GC (Allocation Failure)  614480K->294992K(1033728K), 0.0043066 secs]
150.636: Total time for which application threads were stopped: 0.0044673 seconds, Stopping threads took: 0.0000192 seconds
150.703: [GC (Allocation Failure)  614480K->295208K(1033728K), 0.0043233 secs]
150.708: Total time for which application threads were stopped: 0.0044948 seconds, Stopping threads took: 0.0000191 seconds
150.774: [GC (Allocation Failure)  614696K->303019K(1032704K), 0.0041257 secs]
150.779: Total time for which application threads were stopped: 0.0043166 seconds, Stopping threads took: 0.0000192 seconds
150.846: [GC (Allocation Failure)  621482K->299112K(1033216K), 0.0029176 secs]
150.849: Total time for which application threads were stopped: 0.0030733 seconds, Stopping threads took: 0.0000164 seconds
150.917: [GC (Allocation Failure)  617576K->303147K(1034752K), 0.0043002 secs]
150.922: Total time for which application threads were stopped: 0.0044881 seconds, Stopping threads took: 0.0000263 seconds
150.989: [GC (Allocation Failure)  624171K->307147K(1034240K), 0.0043257 secs]
150.994: Total time for which application threads were stopped: 0.0045084 seconds, Stopping threads took: 0.0000205 seconds
151.061: [GC (Allocation Failure)  628171K->300392K(1034752K), 0.0015972 secs]
151.063: Total time for which application threads were stopped: 0.0017491 seconds, Stopping threads took: 0.0000196 seconds
151.130: [GC (Allocation Failure)  621928K->307187K(1034752K), 0.0043685 secs]
151.134: Total time for which application threads were stopped: 0.0045392 seconds, Stopping threads took: 0.0000196 seconds
151.200: [GC (Allocation Failure)  628723K->311323K(1034752K), 0.0074309 secs]
151.208: Total time for which application threads were stopped: 0.0075899 seconds, Stopping threads took: 0.0000195 seconds
151.276: [GC (Allocation Failure)  632859K->305720K(1034752K), 0.0022965 secs]
151.278: Total time for which application threads were stopped: 0.0024622 seconds, Stopping threads took: 0.0000214 seconds
151.346: [GC (Allocation Failure)  627256K->311563K(1035776K), 0.0043997 secs]
151.350: Total time for which application threads were stopped: 0.0045612 seconds, Stopping threads took: 0.0000186 seconds
151.419: [GC (Allocation Failure)  634123K->315427K(1034752K), 0.0044944 secs]
151.424: Total time for which application threads were stopped: 0.0046739 seconds, Stopping threads took: 0.0000281 seconds
151.492: [GC (Allocation Failure)  637915K->311552K(1035776K), 0.0030747 secs]
151.495: Total time for which application threads were stopped: 0.0032455 seconds, Stopping threads took: 0.0000279 seconds
151.564: [GC (Allocation Failure)  634624K->315595K(1035264K), 0.0044260 secs]
151.568: Total time for which application threads were stopped: 0.0046026 seconds, Stopping threads took: 0.0000190 seconds
151.639: [GC (Allocation Failure)  638667K->319595K(1035264K), 0.0044610 secs]
151.644: Total time for which application threads were stopped: 0.0046206 seconds, Stopping threads took: 0.0000196 seconds
151.712: [GC (Allocation Failure)  643179K->319563K(1035776K), 0.0040523 secs]
151.716: Total time for which application threads were stopped: 0.0042327 seconds, Stopping threads took: 0.0000200 seconds
151.784: [GC (Allocation Failure)  643147K->319627K(1034752K), 0.0041913 secs]
151.788: Total time for which application threads were stopped: 0.0043656 seconds, Stopping threads took: 0.0000198 seconds
151.856: [GC (Allocation Failure)  642187K->327597K(1035264K), 0.0041795 secs]
151.860: Total time for which application threads were stopped: 0.0043505 seconds, Stopping threads took: 0.0000195 seconds
151.929: [GC (Allocation Failure)  650157K->327597K(1034240K), 0.0042698 secs]
151.933: Total time for which application threads were stopped: 0.0044386 seconds, Stopping threads took: 0.0000257 seconds
152.000: [GC (Allocation Failure)  649133K->327661K(1034752K), 0.0043835 secs]
152.005: Total time for which application threads were stopped: 0.0045589 seconds, Stopping threads took: 0.0000211 seconds
152.075: [GC (Allocation Failure)  649197K->335663K(1034752K), 0.0041891 secs]
152.080: Total time for which application threads were stopped: 0.0043675 seconds, Stopping threads took: 0.0000194 seconds
152.148: [GC (Allocation Failure)  657199K->335631K(1029120K), 0.0039488 secs]
152.152: Total time for which application threads were stopped: 0.0041430 seconds, Stopping threads took: 0.0000199 seconds
152.221: [GC (Allocation Failure)  657167K->335887K(1034240K), 0.0043112 secs]
152.225: Total time for which application threads were stopped: 0.0044684 seconds, Stopping threads took: 0.0000167 seconds
152.293: [GC (Allocation Failure)  656399K->343665K(1034240K), 0.0043180 secs]
152.297: Total time for which application threads were stopped: 0.0044789 seconds, Stopping threads took: 0.0000197 seconds
152.365: [GC (Allocation Failure)  664177K->343665K(1034240K), 0.0041467 secs]
152.370: Total time for which application threads were stopped: 0.0043123 seconds, Stopping threads took: 0.0000261 seconds
152.438: [GC (Allocation Failure)  664177K->344105K(1034240K), 0.0044326 secs]
152.442: Total time for which application threads were stopped: 0.0045969 seconds, Stopping threads took: 0.0000198 seconds
152.510: [GC (Allocation Failure)  664617K->351692K(1033216K), 0.0042141 secs]
152.514: Total time for which application threads were stopped: 0.0043841 seconds, Stopping threads took: 0.0000207 seconds
152.582: [GC (Allocation Failure)  671180K->351692K(1033728K), 0.0043601 secs]
152.586: Total time for which application threads were stopped: 0.0045327 seconds, Stopping threads took: 0.0000200 seconds
152.652: [GC (Allocation Failure)  671180K->351820K(1033728K), 0.0042543 secs]
152.657: Total time for which application threads were stopped: 0.0044168 seconds, Stopping threads took: 0.0000167 seconds
152.725: [GC (Allocation Failure)  671308K->359726K(1033728K), 0.0041988 secs]
152.729: Total time for which application threads were stopped: 0.0043752 seconds, Stopping threads took: 0.0000198 seconds
152.797: [GC (Allocation Failure)  679214K->359726K(1033728K), 0.0043732 secs]
152.802: Total time for which application threads were stopped: 0.0045303 seconds, Stopping threads took: 0.0000191 seconds
152.869: [GC (Allocation Failure)  679214K->359790K(1033728K), 0.0043888 secs]
152.874: Total time for which application threads were stopped: 0.0045579 seconds, Stopping threads took: 0.0000274 seconds
152.941: [GC (Allocation Failure)  679278K->367760K(1032704K), 0.0042300 secs]
152.945: Total time for which application threads were stopped: 0.0044101 seconds, Stopping threads took: 0.0000271 seconds
153.012: [GC (Allocation Failure)  686224K->362190K(1033216K), 0.0022477 secs]
153.014: Total time for which application threads were stopped: 0.0023959 seconds, Stopping threads took: 0.0000190 seconds
153.082: [GC (Allocation Failure)  680654K->367984K(1034752K), 0.0044922 secs]
153.086: Total time for which application threads were stopped: 0.0046718 seconds, Stopping threads took: 0.0000195 seconds
153.155: [GC (Allocation Failure)  688496K->371936K(1033728K), 0.0046038 secs]
153.160: Total time for which application threads were stopped: 0.0047642 seconds, Stopping threads took: 0.0000195 seconds
153.227: [GC (Allocation Failure)  692448K->378798K(1029120K), 0.0073666 secs]
153.234: Total time for which application threads were stopped: 0.0075340 seconds, Stopping threads took: 0.0000193 seconds
153.301: [GC (Allocation Failure)  694190K->372688K(1031680K), 0.0044298 secs]
153.305: Total time for which application threads were stopped: 0.0046071 seconds, Stopping threads took: 0.0000198 seconds
153.370: [GC (Allocation Failure)  688080K->372560K(1032704K), 0.0042888 secs]
153.374: Total time for which application threads were stopped: 0.0044459 seconds, Stopping threads took: 0.0000259 seconds
153.439: [GC (Allocation Failure)  689488K->375944K(1032192K), 0.0052217 secs]
153.444: Total time for which application threads were stopped: 0.0053914 seconds, Stopping threads took: 0.0000189 seconds
153.510: [GC (Allocation Failure)  692872K->380650K(1033216K), 0.0043374 secs]
153.515: Total time for which application threads were stopped: 0.0045279 seconds, Stopping threads took: 0.0000198 seconds
153.584: [GC (Allocation Failure)  698602K->380554K(1032704K), 0.0045515 secs]
153.588: Total time for which application threads were stopped: 0.0047087 seconds, Stopping threads took: 0.0000173 seconds
153.656: [GC (Allocation Failure)  698506K->381578K(1033216K), 0.0044349 secs]
153.660: Total time for which application threads were stopped: 0.0046100 seconds, Stopping threads took: 0.0000203 seconds
153.727: [GC (Allocation Failure)  700042K->388621K(1033216K), 0.0044427 secs]
153.732: Total time for which application threads were stopped: 0.0046120 seconds, Stopping threads took: 0.0000197 seconds
153.799: [GC (Allocation Failure)  707085K->388621K(1033728K), 0.0043811 secs]
153.803: Total time for which application threads were stopped: 0.0045437 seconds, Stopping threads took: 0.0000199 seconds
153.870: [GC (Allocation Failure)  707597K->390277K(1033216K), 0.0046691 secs]
153.874: Total time for which application threads were stopped: 0.0048414 seconds, Stopping threads took: 0.0000252 seconds
153.944: [GC (Allocation Failure)  709253K->396679K(1033728K), 0.0044253 secs]
153.949: Total time for which application threads were stopped: 0.0046064 seconds, Stopping threads took: 0.0000190 seconds
154.015: [GC (Allocation Failure)  716167K->396583K(1033728K), 0.0046209 secs]
154.020: Total time for which application threads were stopped: 0.0047871 seconds, Stopping threads took: 0.0000193 seconds
154.087: [GC (Allocation Failure)  716071K->396967K(1033728K), 0.0044844 secs]
154.091: Total time for which application threads were stopped: 0.0046561 seconds, Stopping threads took: 0.0000196 seconds
154.158: [GC (Allocation Failure)  716455K->404681K(1033728K), 0.0045980 secs]
154.163: Total time for which application threads were stopped: 0.0047704 seconds, Stopping threads took: 0.0000199 seconds
154.231: [GC (Allocation Failure)  724169K->404649K(1033728K), 0.0042105 secs]
154.235: Total time for which application threads were stopped: 0.0043726 seconds, Stopping threads took: 0.0000207 seconds
154.301: [GC (Allocation Failure)  724137K->408257K(1033728K), 0.0072007 secs]
154.308: Total time for which application threads were stopped: 0.0073597 seconds, Stopping threads took: 0.0000188 seconds
154.377: [GC (Allocation Failure)  727745K->412739K(1034240K), 0.0053899 secs]
154.382: Total time for which application threads were stopped: 0.0055659 seconds, Stopping threads took: 0.0000261 seconds
154.449: [GC (Allocation Failure)  733251K->412675K(1034240K), 0.0044152 secs]
154.454: Total time for which application threads were stopped: 0.0046021 seconds, Stopping threads took: 0.0000200 seconds
154.520: [GC (Allocation Failure)  733187K->413419K(1034240K), 0.0045824 secs]
154.525: Total time for which application threads were stopped: 0.0047554 seconds, Stopping threads took: 0.0000215 seconds
154.594: [GC (Allocation Failure)  733931K->420750K(1034240K), 0.0043248 secs]
154.599: Total time for which application threads were stopped: 0.0044978 seconds, Stopping threads took: 0.0000207 seconds
154.667: [GC (Allocation Failure)  741262K->420750K(1034240K), 0.0043726 secs]
154.672: Total time for which application threads were stopped: 0.0045473 seconds, Stopping threads took: 0.0000198 seconds
154.739: [GC (Allocation Failure)  741262K->421646K(1034240K), 0.0047889 secs]
154.744: Total time for which application threads were stopped: 0.0049619 seconds, Stopping threads took: 0.0000204 seconds
154.812: [GC (Allocation Failure)  742158K->428752K(1034240K), 0.0046045 secs]
154.817: Total time for which application threads were stopped: 0.0047782 seconds, Stopping threads took: 0.0000206 seconds
154.885: [GC (Allocation Failure)  749264K->428752K(1034240K), 0.0044851 secs]
154.890: Total time for which application threads were stopped: 0.0046547 seconds, Stopping threads took: 0.0000262 seconds
154.957: [GC (Allocation Failure)  749264K->429896K(1034240K), 0.0046557 secs]
154.962: Total time for which application threads were stopped: 0.0048496 seconds, Stopping threads took: 0.0000194 seconds
155.031: [GC (Allocation Failure)  750408K->436842K(1034240K), 0.0046722 secs]
155.036: Total time for which application threads were stopped: 0.0048554 seconds, Stopping threads took: 0.0000202 seconds
155.104: [GC (Allocation Failure)  757354K->436778K(1034240K), 0.0047075 secs]
155.109: Total time for which application threads were stopped: 0.0048789 seconds, Stopping threads took: 0.0000200 seconds
155.176: [GC (Allocation Failure)  757290K->437098K(1020416K), 0.0045600 secs]
155.181: Total time for which application threads were stopped: 0.0047357 seconds, Stopping threads took: 0.0000212 seconds
155.248: [GC (Allocation Failure)  757610K->444845K(1033728K), 0.0046403 secs]
155.253: Total time for which application threads were stopped: 0.0048116 seconds, Stopping threads took: 0.0000198 seconds
155.319: [GC (Allocation Failure)  764333K->444813K(1033728K), 0.0045397 secs]
155.324: Total time for which application threads were stopped: 0.0047161 seconds, Stopping threads took: 0.0000198 seconds
155.396: [GC (Allocation Failure)  764301K->445349K(1033728K), 0.0045696 secs]
155.400: Total time for which application threads were stopped: 0.0047391 seconds, Stopping threads took: 0.0000257 seconds
155.468: [GC (Allocation Failure)  764837K->452903K(1033728K), 0.0046869 secs]
155.472: Total time for which application threads were stopped: 0.0048565 seconds, Stopping threads took: 0.0000195 seconds
155.539: [GC (Allocation Failure)  772391K->452871K(1033728K), 0.0045856 secs]
155.544: Total time for which application threads were stopped: 0.0047565 seconds, Stopping threads took: 0.0000202 seconds
155.611: [GC (Allocation Failure)  772359K->453583K(1033728K), 0.0054625 secs]
155.616: Total time for which application threads were stopped: 0.0056250 seconds, Stopping threads took: 0.0000185 seconds
155.685: [GC (Allocation Failure)  773071K->460881K(1033728K), 0.0045986 secs]
155.689: Total time for which application threads were stopped: 0.0047582 seconds, Stopping threads took: 0.0000192 seconds
155.757: [GC (Allocation Failure)  780369K->460881K(1033728K), 0.0044566 secs]
155.761: Total time for which application threads were stopped: 0.0046613 seconds, Stopping threads took: 0.0000281 seconds
155.829: [GC (Allocation Failure)  780369K->462889K(1033728K), 0.0049650 secs]
155.834: Total time for which application threads were stopped: 0.0051594 seconds, Stopping threads took: 0.0000192 seconds
155.903: [GC (Allocation Failure)  782377K->468939K(1033728K), 0.0045276 secs]
155.907: Total time for which application threads were stopped: 0.0046978 seconds, Stopping threads took: 0.0000201 seconds
155.974: [GC (Allocation Failure)  788427K->468907K(1033728K), 0.0046759 secs]
155.979: Total time for which application threads were stopped: 0.0048450 seconds, Stopping threads took: 0.0000203 seconds
156.045: [GC (Allocation Failure)  788395K->470051K(1033728K), 0.0048168 secs]
156.050: Total time for which application threads were stopped: 0.0049757 seconds, Stopping threads took: 0.0000196 seconds
156.119: [GC (Allocation Failure)  789539K->476966K(1033728K), 0.0047015 secs]
156.124: Total time for which application threads were stopped: 0.0048729 seconds, Stopping threads took: 0.0000193 seconds
156.191: [GC (Allocation Failure)  796454K->476966K(1033728K), 0.0046317 secs]
156.195: Total time for which application threads were stopped: 0.0048069 seconds, Stopping threads took: 0.0000197 seconds
156.261: [GC (Allocation Failure)  796454K->477262K(1033728K), 0.0046808 secs]
156.266: Total time for which application threads were stopped: 0.0048482 seconds, Stopping threads took: 0.0000215 seconds
156.333: [GC (Allocation Failure)  796750K->485008K(1033728K), 0.0045313 secs]
156.338: Total time for which application threads were stopped: 0.0046941 seconds, Stopping threads took: 0.0000196 seconds
156.405: [GC (Allocation Failure)  804496K->484976K(1033728K), 0.0045635 secs]
156.410: Total time for which application threads were stopped: 0.0047413 seconds, Stopping threads took: 0.0000285 seconds
156.475: [GC (Allocation Failure)  804464K->485512K(1033728K), 0.0046681 secs]
156.480: Total time for which application threads were stopped: 0.0048278 seconds, Stopping threads took: 0.0000194 seconds
156.549: [GC (Allocation Failure)  805000K->493002K(1033728K), 0.0046919 secs]
156.554: Total time for which application threads were stopped: 0.0048546 seconds, Stopping threads took: 0.0000198 seconds
156.621: [GC (Allocation Failure)  812490K->492970K(1033728K), 0.0066225 secs]
156.628: Total time for which application threads were stopped: 0.0068163 seconds, Stopping threads took: 0.0000250 seconds
156.694: [GC (Allocation Failure)  812458K->493738K(1033728K), 0.0048703 secs]
156.699: Total time for which application threads were stopped: 0.0050285 seconds, Stopping threads took: 0.0000188 seconds
156.766: [GC (Allocation Failure)  813226K->501036K(1033728K), 0.0045362 secs]
156.771: Total time for which application threads were stopped: 0.0047295 seconds, Stopping threads took: 0.0000194 seconds
156.839: [GC (Allocation Failure)  820524K->501004K(1033728K), 0.0049006 secs]
156.844: Total time for which application threads were stopped: 0.0050662 seconds, Stopping threads took: 0.0000201 seconds
156.911: [GC (Allocation Failure)  820492K->501964K(1033728K), 0.0047084 secs]
156.916: Total time for which application threads were stopped: 0.0048803 seconds, Stopping threads took: 0.0000269 seconds
156.984: [GC (Allocation Failure)  821452K->509135K(1033728K), 0.0045574 secs]
156.988: Total time for which application threads were stopped: 0.0047224 seconds, Stopping threads took: 0.0000200 seconds
157.055: [GC (Allocation Failure)  828623K->509071K(1033728K), 0.0046243 secs]
157.060: Total time for which application threads were stopped: 0.0047899 seconds, Stopping threads took: 0.0000186 seconds
157.126: [GC (Allocation Failure)  828559K->509167K(1033728K), 0.0047976 secs]
157.131: Total time for which application threads were stopped: 0.0049595 seconds, Stopping threads took: 0.0000191 seconds
157.200: [GC (Allocation Failure)  828655K->517073K(1027072K), 0.0059991 secs]
157.206: Total time for which application threads were stopped: 0.0061683 seconds, Stopping threads took: 0.0000196 seconds
157.273: [GC (Allocation Failure)  836561K->517105K(1033216K), 0.0048960 secs]
157.278: Total time for which application threads were stopped: 0.0050785 seconds, Stopping threads took: 0.0000186 seconds
157.344: [GC (Allocation Failure)  835569K->517417K(1033216K), 0.0046052 secs]
157.349: Total time for which application threads were stopped: 0.0047778 seconds, Stopping threads took: 0.0000196 seconds
157.416: [GC (Allocation Failure)  835881K->525131K(1033216K), 0.0046337 secs]
157.421: Total time for which application threads were stopped: 0.0048223 seconds, Stopping threads took: 0.0000215 seconds
157.486: [GC (Allocation Failure)  843595K->525131K(1033216K), 0.0048923 secs]
157.491: Total time for which application threads were stopped: 0.0050564 seconds, Stopping threads took: 0.0000200 seconds
157.556: [GC (Allocation Failure)  843595K->525675K(1033216K), 0.0047884 secs]
157.561: Total time for which application threads were stopped: 0.0049604 seconds, Stopping threads took: 0.0000272 seconds
157.627: [GC (Allocation Failure)  844139K->533165K(1033216K), 0.0075083 secs]
157.634: Total time for which application threads were stopped: 0.0077000 seconds, Stopping threads took: 0.0000249 seconds
157.702: [GC (Allocation Failure)  851629K->533133K(1033216K), 0.0044379 secs]
157.707: Total time for which application threads were stopped: 0.0045896 seconds, Stopping threads took: 0.0000172 seconds
157.771: [GC (Allocation Failure)  851597K->533357K(1033216K), 0.0048235 secs]
157.776: Total time for which application threads were stopped: 0.0049928 seconds, Stopping threads took: 0.0000193 seconds
157.842: [GC (Allocation Failure)  851821K->541200K(1033216K), 0.0047956 secs]
157.847: Total time for which application threads were stopped: 0.0049907 seconds, Stopping threads took: 0.0000202 seconds
157.914: [GC (Allocation Failure)  859664K->541232K(1033216K), 0.0046828 secs]
157.919: Total time for which application threads were stopped: 0.0049019 seconds, Stopping threads took: 0.0000509 seconds
157.986: [GC (Allocation Failure)  859696K->541352K(1033216K), 0.0047532 secs]
157.991: Total time for which application threads were stopped: 0.0049176 seconds, Stopping threads took: 0.0000204 seconds
158.058: [GC (Allocation Failure)  859816K->549194K(1033216K), 0.0048891 secs]
158.063: Total time for which application threads were stopped: 0.0050470 seconds, Stopping threads took: 0.0000174 seconds
158.129: [GC (Allocation Failure)  867658K->549258K(1033216K), 0.0048243 secs]
158.134: Total time for which application threads were stopped: 0.0049936 seconds, Stopping threads took: 0.0000198 seconds
158.198: [GC (Allocation Failure)  867722K->549282K(1033216K), 0.0049564 secs]
158.204: Total time for which application threads were stopped: 0.0051353 seconds, Stopping threads took: 0.0000199 seconds
158.271: [GC (Allocation Failure)  867746K->557252K(1033216K), 0.0047745 secs]
158.276: Total time for which application threads were stopped: 0.0049450 seconds, Stopping threads took: 0.0000196 seconds
158.341: [GC (Allocation Failure)  875716K->557252K(1033216K), 0.0047105 secs]
158.346: Total time for which application threads were stopped: 0.0049142 seconds, Stopping threads took: 0.0000198 seconds
158.411: [GC (Allocation Failure)  875716K->557516K(1033216K), 0.0047849 secs]
158.416: Total time for which application threads were stopped: 0.0049670 seconds, Stopping threads took: 0.0000216 seconds
158.482: [GC (Allocation Failure)  875980K->565295K(1033216K), 0.0046600 secs]
158.486: Total time for which application threads were stopped: 0.0048194 seconds, Stopping threads took: 0.0000195 seconds
158.555: [GC (Allocation Failure)  883759K->565295K(1033216K), 0.0045620 secs]
158.560: Total time for which application threads were stopped: 0.0047526 seconds, Stopping threads took: 0.0000193 seconds
158.627: [GC (Allocation Failure)  883759K->565511K(1033216K), 0.0060064 secs]
158.633: Total time for which application threads were stopped: 0.0061634 seconds, Stopping threads took: 0.0000164 seconds
158.698: [GC (Allocation Failure)  883975K->573321K(1033216K), 0.0048586 secs]
158.703: Total time for which application threads were stopped: 0.0050270 seconds, Stopping threads took: 0.0000200 seconds
158.768: [GC (Allocation Failure)  891785K->569415K(1033216K), 0.0037294 secs]
158.771: Total time for which application threads were stopped: 0.0038975 seconds, Stopping threads took: 0.0000257 seconds
158.838: [GC (Allocation Failure)  887879K->573481K(1034752K), 0.0047367 secs]
158.842: Total time for which application threads were stopped: 0.0049186 seconds, Stopping threads took: 0.0000260 seconds
158.912: [GC (Allocation Failure)  893993K->577449K(1033728K), 0.0044393 secs]
158.917: Total time for which application threads were stopped: 0.0046239 seconds, Stopping threads took: 0.0000281 seconds
158.984: [GC (Allocation Failure)  897961K->569607K(1034240K), 0.0018461 secs]
158.986: Total time for which application threads were stopped: 0.0019747 seconds, Stopping threads took: 0.0000198 seconds
159.054: [GC (Allocation Failure)  890119K->577521K(1034240K), 0.0046570 secs]
159.058: Total time for which application threads were stopped: 0.0048183 seconds, Stopping threads took: 0.0000195 seconds
159.125: [GC (Allocation Failure)  898033K->581569K(1033216K), 0.0063381 secs]
159.132: Total time for which application threads were stopped: 0.0065074 seconds, Stopping threads took: 0.0000197 seconds
159.199: [GC (Allocation Failure)  901057K->587359K(1032704K), 0.0102400 secs]
159.209: Total time for which application threads were stopped: 0.0104369 seconds, Stopping threads took: 0.0000197 seconds
159.277: [GC (Allocation Failure)  906847K->581857K(1031680K), 0.0048340 secs]
159.282: Total time for which application threads were stopped: 0.0050170 seconds, Stopping threads took: 0.0000170 seconds
159.351: [GC (Allocation Failure)  898273K->581633K(1032192K), 0.0047732 secs]
159.356: Total time for which application threads were stopped: 0.0049424 seconds, Stopping threads took: 0.0000204 seconds
159.420: [GC (Allocation Failure)  898049K->576255K(1032704K), 0.0026049 secs]
159.423: Total time for which application threads were stopped: 0.0027553 seconds, Stopping threads took: 0.0000185 seconds
159.490: [GC (Allocation Failure)  893695K->581793K(1032704K), 0.0056500 secs]
159.496: Total time for which application threads were stopped: 0.0057991 seconds, Stopping threads took: 0.0000165 seconds
159.563: [GC (Allocation Failure)  899233K->581633K(1033216K), 0.0049624 secs]
159.568: Total time for which application threads were stopped: 0.0051235 seconds, Stopping threads took: 0.0000197 seconds
159.635: [GC (Allocation Failure)  899585K->581961K(1032704K), 0.0048430 secs]
159.640: Total time for which application threads were stopped: 0.0049936 seconds, Stopping threads took: 0.0000174 seconds
159.708: [GC (Allocation Failure)  899913K->589643K(1033216K), 0.0049202 secs]
159.713: Total time for which application threads were stopped: 0.0050791 seconds, Stopping threads took: 0.0000190 seconds
159.782: [GC (Allocation Failure)  908107K->589675K(1033216K), 0.0048314 secs]
159.787: Total time for which application threads were stopped: 0.0050277 seconds, Stopping threads took: 0.0000215 seconds
159.852: [GC (Allocation Failure)  908139K->593803K(1033728K), 0.0058370 secs]
159.857: Total time for which application threads were stopped: 0.0060329 seconds, Stopping threads took: 0.0000203 seconds
159.925: [GC (Allocation Failure)  912779K->597741K(1033216K), 0.0045804 secs]
159.930: Total time for which application threads were stopped: 0.0047673 seconds, Stopping threads took: 0.0000264 seconds
160.000: [GC (Allocation Failure)  916717K->597677K(1034240K), 0.0045811 secs]
160.005: Total time for which application threads were stopped: 0.0047299 seconds, Stopping threads took: 0.0000169 seconds
160.070: [GC (Allocation Failure)  917677K->600461K(1033728K), 0.0055589 secs]
160.075: Total time for which application threads were stopped: 0.0057137 seconds, Stopping threads took: 0.0000191 seconds
160.144: [GC (Allocation Failure)  920461K->605744K(1034240K), 0.0051284 secs]
160.149: Total time for which application threads were stopped: 0.0052986 seconds, Stopping threads took: 0.0000201 seconds
160.216: [GC (Allocation Failure)  926256K->605712K(1034240K), 0.0045798 secs]
160.221: Total time for which application threads were stopped: 0.0047521 seconds, Stopping threads took: 0.0000200 seconds
160.288: [GC (Allocation Failure)  926224K->606152K(1034240K), 0.0048429 secs]
160.293: Total time for which application threads were stopped: 0.0050129 seconds, Stopping threads took: 0.0000204 seconds
160.360: [GC (Allocation Failure)  926664K->613738K(1034240K), 0.0048635 secs]
160.365: Total time for which application threads were stopped: 0.0050665 seconds, Stopping threads took: 0.0000206 seconds
160.435: [GC (Allocation Failure)  934250K->613738K(1034240K), 0.0047574 secs]
160.439: Total time for which application threads were stopped: 0.0049264 seconds, Stopping threads took: 0.0000254 seconds
160.507: [GC (Allocation Failure)  934250K->616426K(1034240K), 0.0053297 secs]
160.512: Total time for which application threads were stopped: 0.0054976 seconds, Stopping threads took: 0.0000255 seconds
160.580: [GC (Allocation Failure)  936938K->621772K(1034240K), 0.0048739 secs]
160.585: Total time for which application threads were stopped: 0.0050367 seconds, Stopping threads took: 0.0000200 seconds
160.654: [GC (Allocation Failure)  942284K->621740K(1034240K), 0.0049852 secs]
160.659: Total time for which application threads were stopped: 0.0051513 seconds, Stopping threads took: 0.0000182 seconds
160.728: [GC (Allocation Failure)  942252K->622604K(1033728K), 0.0047935 secs]
160.733: Total time for which application threads were stopped: 0.0049730 seconds, Stopping threads took: 0.0000286 seconds
160.802: [GC (Allocation Failure)  943116K->629902K(1034240K), 0.0047147 secs]
160.807: Total time for which application threads were stopped: 0.0048814 seconds, Stopping threads took: 0.0000193 seconds
160.874: [GC (Allocation Failure)  950414K->629806K(1034240K), 0.0048601 secs]
160.879: Total time for which application threads were stopped: 0.0050279 seconds, Stopping threads took: 0.0000191 seconds
160.946: [GC (Allocation Failure)  950318K->632902K(1034240K), 0.0055172 secs]
160.951: Total time for which application threads were stopped: 0.0057101 seconds, Stopping threads took: 0.0000190 seconds
161.021: [GC (Allocation Failure)  953414K->637865K(1034752K), 0.0048437 secs]
161.026: Total time for which application threads were stopped: 0.0049950 seconds, Stopping threads took: 0.0000177 seconds
161.093: [GC (Allocation Failure)  959401K->637801K(1034752K), 0.0067863 secs]
161.100: Total time for which application threads were stopped: 0.0069629 seconds, Stopping threads took: 0.0000202 seconds
161.167: [GC (Allocation Failure)  959337K->641161K(1034752K), 0.0055569 secs]
161.172: Total time for which application threads were stopped: 0.0057078 seconds, Stopping threads took: 0.0000171 seconds
161.241: [GC (Allocation Failure)  962697K->645867K(1034752K), 0.0050534 secs]
161.246: Total time for which application threads were stopped: 0.0052181 seconds, Stopping threads took: 0.0000203 seconds
161.314: [GC (Allocation Failure)  967403K->645867K(1034752K), 0.0050508 secs]
161.320: Total time for which application threads were stopped: 0.0052175 seconds, Stopping threads took: 0.0000156 seconds
161.385: [GC (Allocation Failure)  967403K->646283K(1034752K), 0.0046900 secs]
161.390: Total time for which application threads were stopped: 0.0048535 seconds, Stopping threads took: 0.0000258 seconds
161.460: [GC (Allocation Failure)  967819K->653901K(1034752K), 0.0051010 secs]
161.465: Total time for which application threads were stopped: 0.0052664 seconds, Stopping threads took: 0.0000198 seconds
161.532: [GC (Allocation Failure)  975437K->653901K(1034752K), 0.0050093 secs]
161.537: Total time for which application threads were stopped: 0.0051874 seconds, Stopping threads took: 0.0000196 seconds
161.602: [GC (Allocation Failure)  975437K->655557K(1034752K), 0.0050804 secs]
161.607: Total time for which application threads were stopped: 0.0052394 seconds, Stopping threads took: 0.0000189 seconds
161.676: [GC (Allocation Failure)  977093K->661959K(1034752K), 0.0049273 secs]
161.681: Total time for which application threads were stopped: 0.0050771 seconds, Stopping threads took: 0.0000169 seconds
161.747: [GC (Allocation Failure)  983495K->661927K(1034752K), 0.0050362 secs]
161.752: Total time for which application threads were stopped: 0.0052011 seconds, Stopping threads took: 0.0000202 seconds
161.817: [GC (Allocation Failure)  983463K->664807K(1034752K), 0.0054145 secs]
161.822: Total time for which application threads were stopped: 0.0055884 seconds, Stopping threads took: 0.0000203 seconds
161.889: [GC (Allocation Failure)  986343K->670058K(1034752K), 0.0049103 secs]
161.894: Total time for which application threads were stopped: 0.0050739 seconds, Stopping threads took: 0.0000265 seconds
161.959: [GC (Allocation Failure)  991594K->669994K(1034752K), 0.0058007 secs]
161.965: Total time for which application threads were stopped: 0.0059821 seconds, Stopping threads took: 0.0000206 seconds
162.030: [GC (Allocation Failure)  991530K->674058K(1035264K), 0.0059793 secs]
162.036: Total time for which application threads were stopped: 0.0061458 seconds, Stopping threads took: 0.0000192 seconds
162.103: [GC (Allocation Failure)  996106K->677996K(1034752K), 0.0049646 secs]
162.108: Total time for which application threads were stopped: 0.0051251 seconds, Stopping threads took: 0.0000200 seconds
162.176: [GC (Allocation Failure)  1000044K->678028K(1035264K), 0.0049935 secs]
162.181: Total time for which application threads were stopped: 0.0051870 seconds, Stopping threads took: 0.0000189 seconds
162.249: [GC (Allocation Failure)  1000588K->681292K(1035264K), 0.0056736 secs]
162.255: Total time for which application threads were stopped: 0.0058350 seconds, Stopping threads took: 0.0000167 seconds
162.322: [GC (Allocation Failure)  1003852K->686062K(1035264K), 0.0048870 secs]
162.327: Total time for which application threads were stopped: 0.0050588 seconds, Stopping threads took: 0.0000203 seconds
162.395: [GC (Allocation Failure)  1008622K->686030K(1035264K), 0.0047610 secs]
162.400: Total time for which application threads were stopped: 0.0049333 seconds, Stopping threads took: 0.0000259 seconds
162.469: [GC (Allocation Failure)  1008590K->689478K(1035264K), 0.0056947 secs]
162.474: [Full GC (Ergonomics)  689478K->11945K(1035264K), 0.0175564 secs]
162.492: Total time for which application threads were stopped: 0.0235301 seconds, Stopping threads took: 0.0000163 seconds
162.561: [GC (Allocation Failure)  334505K->20747K(1035264K), 0.0034791 secs]
162.565: Total time for which application threads were stopped: 0.0036280 seconds, Stopping threads took: 0.0000164 seconds
162.633: [GC (Allocation Failure)  343307K->20651K(1035264K), 0.0036404 secs]
162.637: Total time for which application threads were stopped: 0.0038215 seconds, Stopping threads took: 0.0000193 seconds
162.706: [GC (Allocation Failure)  343211K->24363K(1035264K), 0.0045743 secs]
162.711: Total time for which application threads were stopped: 0.0047769 seconds, Stopping threads took: 0.0000196 seconds
162.779: [GC (Allocation Failure)  346923K->28717K(1035264K), 0.0038788 secs]
162.783: Total time for which application threads were stopped: 0.0040607 seconds, Stopping threads took: 0.0000197 seconds
162.851: [GC (Allocation Failure)  351277K->28717K(1035264K), 0.0034961 secs]
162.855: Total time for which application threads were stopped: 0.0036620 seconds, Stopping threads took: 0.0000204 seconds
162.922: [GC (Allocation Failure)  351277K->32621K(1035776K), 0.0047017 secs]
162.927: Total time for which application threads were stopped: 0.0048639 seconds, Stopping threads took: 0.0000261 seconds
162.995: [GC (Allocation Failure)  355693K->36816K(1035264K), 0.0037148 secs]
162.999: Total time for which application threads were stopped: 0.0038776 seconds, Stopping threads took: 0.0000198 seconds
163.069: [GC (Allocation Failure)  359888K->36784K(1035776K), 0.0037811 secs]
163.073: Total time for which application threads were stopped: 0.0039547 seconds, Stopping threads took: 0.0000209 seconds
163.140: [GC (Allocation Failure)  360368K->38792K(1025536K), 0.0040180 secs]
163.144: Total time for which application threads were stopped: 0.0041971 seconds, Stopping threads took: 0.0000190 seconds
163.214: [GC (Allocation Failure)  362376K->44842K(1035264K), 0.0036644 secs]
163.218: Total time for which application threads were stopped: 0.0038276 seconds, Stopping threads took: 0.0000196 seconds
163.286: [GC (Allocation Failure)  367402K->44778K(1035264K), 0.0035304 secs]
163.289: Total time for which application threads were stopped: 0.0037003 seconds, Stopping threads took: 0.0000202 seconds
163.356: [GC (Allocation Failure)  367338K->39976K(1035264K), 0.0018604 secs]
163.358: Total time for which application threads were stopped: 0.0020090 seconds, Stopping threads took: 0.0000198 seconds
163.427: [GC (Allocation Failure)  362536K->45034K(1035264K), 0.0037152 secs]
163.431: Total time for which application threads were stopped: 0.0038769 seconds, Stopping threads took: 0.0000263 seconds
163.498: [GC (Allocation Failure)  367594K->44778K(1035264K), 0.0063345 secs]
163.505: Total time for which application threads were stopped: 0.0065301 seconds, Stopping threads took: 0.0000204 seconds
163.574: [GC (Allocation Failure)  367338K->44328K(1035264K), 0.0035106 secs]
163.577: Total time for which application threads were stopped: 0.0036914 seconds, Stopping threads took: 0.0000164 seconds
163.647: [GC (Allocation Failure)  366888K->45002K(1035776K), 0.0037293 secs]
163.651: Total time for which application threads were stopped: 0.0038889 seconds, Stopping threads took: 0.0000194 seconds
163.718: [GC (Allocation Failure)  368586K->44778K(1035776K), 0.0037596 secs]
163.722: Total time for which application threads were stopped: 0.0039359 seconds, Stopping threads took: 0.0000197 seconds
163.788: [GC (Allocation Failure)  368362K->50600K(1031680K), 0.0066054 secs]
163.795: Total time for which application threads were stopped: 0.0067969 seconds, Stopping threads took: 0.0000185 seconds
163.862: [GC (Allocation Failure)  370088K->45994K(1033728K), 0.0037412 secs]
163.866: Total time for which application threads were stopped: 0.0039251 seconds, Stopping threads took: 0.0000166 seconds
163.935: [GC (Allocation Failure)  365482K->45834K(1034752K), 0.0037686 secs]
163.939: Total time for which application threads were stopped: 0.0039463 seconds, Stopping threads took: 0.0000254 seconds
164.006: [GC (Allocation Failure)  366858K->48328K(1034240K), 0.0046716 secs]
164.011: Total time for which application threads were stopped: 0.0048689 seconds, Stopping threads took: 0.0000255 seconds
164.081: [GC (Allocation Failure)  369352K->45962K(1034752K), 0.0038209 secs]
164.085: Total time for which application threads were stopped: 0.0040061 seconds, Stopping threads took: 0.0000164 seconds
164.153: [GC (Allocation Failure)  366986K->45898K(1034240K), 0.0037687 secs]
164.157: Total time for which application threads were stopped: 0.0039292 seconds, Stopping threads took: 0.0000200 seconds
164.224: [GC (Allocation Failure)  366922K->48072K(1035264K), 0.0045783 secs]
164.229: Total time for which application threads were stopped: 0.0047799 seconds, Stopping threads took: 0.0000203 seconds
164.298: [GC (Allocation Failure)  370632K->45898K(1035264K), 0.0036141 secs]
164.301: Total time for which application threads were stopped: 0.0037977 seconds, Stopping threads took: 0.0000165 seconds
164.371: [GC (Allocation Failure)  368458K->45866K(1035776K), 0.0038636 secs]
164.375: Total time for which application threads were stopped: 0.0040206 seconds, Stopping threads took: 0.0000174 seconds
164.442: [GC (Allocation Failure)  369450K->53328K(1035776K), 0.0072284 secs]
164.450: Total time for which application threads were stopped: 0.0074223 seconds, Stopping threads took: 0.0000256 seconds
164.519: [GC (Allocation Failure)  376912K->48786K(1032704K), 0.0038058 secs]
164.522: Total time for which application threads were stopped: 0.0039561 seconds, Stopping threads took: 0.0000194 seconds
164.592: [GC (Allocation Failure)  369298K->48626K(1034240K), 0.0038405 secs]
164.596: Total time for which application threads were stopped: 0.0039972 seconds, Stopping threads took: 0.0000171 seconds
164.665: [GC (Allocation Failure)  369138K->40912K(1032704K), 0.0006328 secs]
164.665: Total time for which application threads were stopped: 0.0007672 seconds, Stopping threads took: 0.0000194 seconds
164.734: [GC (Allocation Failure)  360400K->48802K(1033728K), 0.0038488 secs]
164.738: Total time for which application threads were stopped: 0.0040137 seconds, Stopping threads took: 0.0000199 seconds
164.805: [GC (Allocation Failure)  368290K->52778K(1034752K), 0.0051047 secs]
164.810: Total time for which application threads were stopped: 0.0052721 seconds, Stopping threads took: 0.0000199 seconds
164.876: [GC (Allocation Failure)  373802K->58088K(1034240K), 0.0062099 secs]
164.883: Total time for which application threads were stopped: 0.0063788 seconds, Stopping threads took: 0.0000193 seconds
164.950: [GC (Allocation Failure)  379112K->52874K(1033216K), 0.0037366 secs]
164.954: Total time for which application threads were stopped: 0.0039235 seconds, Stopping threads took: 0.0000197 seconds
165.020: [GC (Allocation Failure)  372362K->52746K(1033728K), 0.0038697 secs]
165.024: Total time for which application threads were stopped: 0.0040415 seconds, Stopping threads took: 0.0000198 seconds
165.093: [GC (Allocation Failure)  372234K->54728K(1034240K), 0.0044604 secs]
165.097: Total time for which application threads were stopped: 0.0046236 seconds, Stopping threads took: 0.0000188 seconds
165.166: [GC (Allocation Failure)  375240K->52842K(1034240K), 0.0039859 secs]
165.170: Total time for which application threads were stopped: 0.0041761 seconds, Stopping threads took: 0.0000217 seconds
165.239: [GC (Allocation Failure)  373354K->52746K(1035264K), 0.0038080 secs]
165.243: Total time for which application threads were stopped: 0.0039750 seconds, Stopping threads took: 0.0000197 seconds
165.309: [GC (Allocation Failure)  374794K->54376K(1034752K), 0.0044292 secs]
165.313: Total time for which application threads were stopped: 0.0045967 seconds, Stopping threads took: 0.0000187 seconds
165.383: [GC (Allocation Failure)  376424K->52778K(1035776K), 0.0036790 secs]
165.386: Total time for which application threads were stopped: 0.0038400 seconds, Stopping threads took: 0.0000257 seconds
165.455: [GC (Allocation Failure)  375850K->52746K(1035264K), 0.0038532 secs]
165.459: Total time for which application threads were stopped: 0.0040152 seconds, Stopping threads took: 0.0000196 seconds
165.526: [GC (Allocation Failure)  375818K->59176K(1032704K), 0.0068135 secs]
165.533: Total time for which application threads were stopped: 0.0069943 seconds, Stopping threads took: 0.0000194 seconds
165.602: [GC (Allocation Failure)  379688K->54666K(1034240K), 0.0091272 secs]
165.611: Total time for which application threads were stopped: 0.0092921 seconds, Stopping threads took: 0.0000207 seconds
165.679: [GC (Allocation Failure)  375178K->54442K(1034752K), 0.0037418 secs]
165.683: Total time for which application threads were stopped: 0.0039178 seconds, Stopping threads took: 0.0000194 seconds
165.749: [GC (Allocation Failure)  375978K->60104K(1034752K), 0.0061642 secs]
165.755: Total time for which application threads were stopped: 0.0063300 seconds, Stopping threads took: 0.0000212 seconds
165.821: [GC (Allocation Failure)  381640K->54634K(1032704K), 0.0037810 secs]
165.825: Total time for which application threads were stopped: 0.0039419 seconds, Stopping threads took: 0.0000194 seconds
165.894: [GC (Allocation Failure)  374122K->54442K(1033728K), 0.0036982 secs]
165.898: Total time for which application threads were stopped: 0.0038803 seconds, Stopping threads took: 0.0000284 seconds
165.967: [GC (Allocation Failure)  373930K->57224K(1034240K), 0.0049611 secs]
165.972: Total time for which application threads were stopped: 0.0051496 seconds, Stopping threads took: 0.0000277 seconds
166.040: [GC (Allocation Failure)  377736K->54538K(1034240K), 0.0037764 secs]
166.044: Total time for which application threads were stopped: 0.0039377 seconds, Stopping threads took: 0.0000193 seconds
166.111: [GC (Allocation Failure)  375050K->54410K(1034752K), 0.0038386 secs]
166.115: Total time for which application threads were stopped: 0.0040343 seconds, Stopping threads took: 0.0000205 seconds
166.184: [GC (Allocation Failure)  375434K->55912K(1034240K), 0.0044008 secs]
166.189: Total time for which application threads were stopped: 0.0045848 seconds, Stopping threads took: 0.0000281 seconds
166.257: [GC (Allocation Failure)  376936K->54474K(1035264K), 0.0037648 secs]
166.261: Total time for which application threads were stopped: 0.0039454 seconds, Stopping threads took: 0.0000196 seconds
166.328: [GC (Allocation Failure)  376522K->54474K(1034752K), 0.0036731 secs]
166.331: Total time for which application threads were stopped: 0.0038589 seconds, Stopping threads took: 0.0000214 seconds
166.400: [GC (Allocation Failure)  376522K->57608K(1034240K), 0.0049474 secs]
166.405: Total time for which application threads were stopped: 0.0051256 seconds, Stopping threads took: 0.0000254 seconds
166.473: [GC (Allocation Failure)  379144K->54666K(1034752K), 0.0039514 secs]
166.477: Total time for which application threads were stopped: 0.0041428 seconds, Stopping threads took: 0.0000187 seconds
166.545: [GC (Allocation Failure)  376202K->54442K(1035264K), 0.0037874 secs]
166.549: Total time for which application threads were stopped: 0.0039580 seconds, Stopping threads took: 0.0000170 seconds
166.617: [GC (Allocation Failure)  377002K->59816K(1035264K), 0.0079561 secs]
166.625: Total time for which application threads were stopped: 0.0081263 seconds, Stopping threads took: 0.0000187 seconds
166.694: [GC (Allocation Failure)  382376K->54778K(1033216K), 0.0037774 secs]
166.697: Total time for which application threads were stopped: 0.0039515 seconds, Stopping threads took: 0.0000164 seconds
166.766: [GC (Allocation Failure)  375290K->54586K(1034240K), 0.0037120 secs]
166.770: Total time for which application threads were stopped: 0.0038755 seconds, Stopping threads took: 0.0000195 seconds
166.837: [GC (Allocation Failure)  375098K->60216K(1032704K), 0.0062689 secs]
166.844: Total time for which application threads were stopped: 0.0064462 seconds, Stopping threads took: 0.0000265 seconds
166.912: [GC (Allocation Failure)  379704K->54746K(1033728K), 0.0037964 secs]
166.916: Total time for which application threads were stopped: 0.0039715 seconds, Stopping threads took: 0.0000261 seconds
166.983: [GC (Allocation Failure)  374234K->54554K(1034240K), 0.0037656 secs]
166.987: Total time for which application threads were stopped: 0.0039373 seconds, Stopping threads took: 0.0000256 seconds
167.055: [GC (Allocation Failure)  374554K->55800K(1033728K), 0.0042222 secs]
167.059: Total time for which application threads were stopped: 0.0044130 seconds, Stopping threads took: 0.0000194 seconds
167.127: [GC (Allocation Failure)  375800K->54682K(1034752K), 0.0040200 secs]
167.131: Total time for which application threads were stopped: 0.0041842 seconds, Stopping threads took: 0.0000206 seconds
167.200: [GC (Allocation Failure)  375706K->54618K(1034240K), 0.0049569 secs]
167.205: Total time for which application threads were stopped: 0.0051260 seconds, Stopping threads took: 0.0000200 seconds
167.272: [GC (Allocation Failure)  375642K->54456K(1035264K), 0.0037200 secs]
167.276: Total time for which application threads were stopped: 0.0039020 seconds, Stopping threads took: 0.0000207 seconds
167.344: [GC (Allocation Failure)  376504K->54650K(1034752K), 0.0064795 secs]
167.350: Total time for which application threads were stopped: 0.0066497 seconds, Stopping threads took: 0.0000197 seconds
167.420: [GC (Allocation Failure)  376698K->54618K(1035776K), 0.0038429 secs]
167.424: Total time for which application threads were stopped: 0.0040184 seconds, Stopping threads took: 0.0000255 seconds
167.489: [GC (Allocation Failure)  377690K->58232K(1035264K), 0.0052335 secs]
167.495: Total time for which application threads were stopped: 0.0054041 seconds, Stopping threads took: 0.0000189 seconds
167.560: [GC (Allocation Failure)  381304K->54810K(1035264K), 0.0037922 secs]
167.564: Total time for which application threads were stopped: 0.0039637 seconds, Stopping threads took: 0.0000197 seconds
167.633: [GC (Allocation Failure)  377370K->54586K(1035264K), 0.0037731 secs]
167.637: Total time for which application threads were stopped: 0.0039550 seconds, Stopping threads took: 0.0000166 seconds
167.704: [GC (Allocation Failure)  377146K->46680K(1032704K), 0.0005116 secs]
167.705: Total time for which application threads were stopped: 0.0006324 seconds, Stopping threads took: 0.0000198 seconds
167.772: [GC (Allocation Failure)  367192K->54786K(1034240K), 0.0038561 secs]
167.776: Total time for which application threads were stopped: 0.0040171 seconds, Stopping threads took: 0.0000194 seconds
167.843: [GC (Allocation Failure)  375298K->58706K(1035264K), 0.0052774 secs]
167.848: Total time for which application threads were stopped: 0.0054454 seconds, Stopping threads took: 0.0000197 seconds
167.916: [GC (Allocation Failure)  380754K->66872K(1034752K), 0.0074290 secs]
167.924: Total time for which application threads were stopped: 0.0075985 seconds, Stopping threads took: 0.0000276 seconds
167.991: [GC (Allocation Failure)  388920K->61778K(1032704K), 0.0038426 secs]
167.995: Total time for which application threads were stopped: 0.0040382 seconds, Stopping threads took: 0.0000190 seconds
168.064: [GC (Allocation Failure)  381266K->61650K(1033728K), 0.0037379 secs]
168.068: Total time for which application threads were stopped: 0.0038961 seconds, Stopping threads took: 0.0000169 seconds
168.136: [GC (Allocation Failure)  381138K->67472K(1031680K), 0.0063252 secs]
168.142: Total time for which application threads were stopped: 0.0064993 seconds, Stopping threads took: 0.0000200 seconds
168.210: [GC (Allocation Failure)  384912K->61746K(1032704K), 0.0036379 secs]
168.213: Total time for which application threads were stopped: 0.0038147 seconds, Stopping threads took: 0.0000199 seconds
168.281: [GC (Allocation Failure)  379186K->61650K(1033728K), 0.0038707 secs]
168.285: Total time for which application threads were stopped: 0.0040472 seconds, Stopping threads took: 0.0000214 seconds
168.352: [GC (Allocation Failure)  380626K->57904K(1033216K), 0.0021967 secs]
168.354: Total time for which application threads were stopped: 0.0023883 seconds, Stopping threads took: 0.0000206 seconds
168.423: [GC (Allocation Failure)  376880K->61650K(1033728K), 0.0036240 secs]
168.427: Total time for which application threads were stopped: 0.0038300 seconds, Stopping threads took: 0.0000257 seconds
168.496: [GC (Allocation Failure)  380626K->61682K(1033216K), 0.0035475 secs]
168.499: Total time for which application threads were stopped: 0.0036945 seconds, Stopping threads took: 0.0000168 seconds
168.568: [GC (Allocation Failure)  380658K->63626K(1033216K), 0.0041270 secs]
168.572: Total time for which application threads were stopped: 0.0042997 seconds, Stopping threads took: 0.0000192 seconds
168.641: [GC (Allocation Failure)  383114K->69708K(1033728K), 0.0038505 secs]
168.645: Total time for which application threads were stopped: 0.0040206 seconds, Stopping threads took: 0.0000187 seconds
168.712: [GC (Allocation Failure)  389196K->69676K(1034752K), 0.0041284 secs]
168.716: Total time for which application threads were stopped: 0.0043070 seconds, Stopping threads took: 0.0000201 seconds
168.783: [GC (Allocation Failure)  390700K->72364K(1034240K), 0.0041367 secs]
168.787: Total time for which application threads were stopped: 0.0042982 seconds, Stopping threads took: 0.0000198 seconds
168.855: [GC (Allocation Failure)  393388K->77710K(1034752K), 0.0043967 secs]
168.859: Total time for which application threads were stopped: 0.0045579 seconds, Stopping threads took: 0.0000200 seconds
168.928: [GC (Allocation Failure)  399246K->77710K(1034752K), 0.0040140 secs]
168.932: Total time for which application threads were stopped: 0.0041740 seconds, Stopping threads took: 0.0000194 seconds
168.997: [GC (Allocation Failure)  399246K->81126K(1035264K), 0.0045095 secs]
169.002: Total time for which application threads were stopped: 0.0046880 seconds, Stopping threads took: 0.0000213 seconds
169.069: [GC (Allocation Failure)  403686K->85865K(1035264K), 0.0039857 secs]
169.073: Total time for which application threads were stopped: 0.0041745 seconds, Stopping threads took: 0.0000214 seconds
169.141: [GC (Allocation Failure)  408425K->85737K(1035776K), 0.0039263 secs]
169.145: Total time for which application threads were stopped: 0.0041070 seconds, Stopping threads took: 0.0000227 seconds
169.213: [GC (Allocation Failure)  408809K->89865K(1035264K), 0.0046050 secs]
169.217: Total time for which application threads were stopped: 0.0048032 seconds, Stopping threads took: 0.0000195 seconds
169.286: [GC (Allocation Failure)  412937K->93835K(1035776K), 0.0039584 secs]
169.290: Total time for which application threads were stopped: 0.0041289 seconds, Stopping threads took: 0.0000194 seconds
169.360: [GC (Allocation Failure)  417419K->93803K(1035776K), 0.0036411 secs]
169.364: Total time for which application threads were stopped: 0.0038012 seconds, Stopping threads took: 0.0000190 seconds
169.432: [GC (Allocation Failure)  417387K->92585K(1036288K), 0.0034284 secs]
169.435: Total time for which application threads were stopped: 0.0036008 seconds, Stopping threads took: 0.0000279 seconds
169.503: [GC (Allocation Failure)  416681K->93771K(1035776K), 0.0037814 secs]
169.507: Total time for which application threads were stopped: 0.0039775 seconds, Stopping threads took: 0.0000199 seconds
169.576: [GC (Allocation Failure)  417867K->93739K(1036800K), 0.0039487 secs]
169.580: Total time for which application threads were stopped: 0.0041207 seconds, Stopping threads took: 0.0000197 seconds
169.651: [GC (Allocation Failure)  419371K->86665K(1026048K), 0.0009252 secs]
169.652: Total time for which application threads were stopped: 0.0010358 seconds, Stopping threads took: 0.0000166 seconds
169.720: [GC (Allocation Failure)  412297K->94003K(1036288K), 0.0038667 secs]
169.724: Total time for which application threads were stopped: 0.0040397 seconds, Stopping threads took: 0.0000194 seconds
169.792: [GC (Allocation Failure)  418611K->97915K(1036288K), 0.0052175 secs]
169.797: Total time for which application threads were stopped: 0.0054141 seconds, Stopping threads took: 0.0000200 seconds
169.866: [GC (Allocation Failure)  422523K->97915K(1036288K), 0.0038197 secs]
169.870: Total time for which application threads were stopped: 0.0040157 seconds, Stopping threads took: 0.0000206 seconds
169.938: [GC (Allocation Failure)  422523K->98147K(1024512K), 0.0038358 secs]
169.942: Total time for which application threads were stopped: 0.0040017 seconds, Stopping threads took: 0.0000263 seconds
170.010: [GC (Allocation Failure)  422755K->105989K(1035776K), 0.0039120 secs]
170.014: Total time for which application threads were stopped: 0.0040865 seconds, Stopping threads took: 0.0000272 seconds
170.082: [GC (Allocation Failure)  429573K->105957K(1035776K), 0.0036757 secs]
170.086: Total time for which application threads were stopped: 0.0038720 seconds, Stopping threads took: 0.0000203 seconds
170.155: [GC (Allocation Failure)  429541K->106125K(1034752K), 0.0039283 secs]
170.159: Total time for which application threads were stopped: 0.0041121 seconds, Stopping threads took: 0.0000169 seconds
170.229: [GC (Allocation Failure)  428685K->113999K(1035264K), 0.0041095 secs]
170.233: Total time for which application threads were stopped: 0.0042798 seconds, Stopping threads took: 0.0000194 seconds
170.301: [GC (Allocation Failure)  436559K->113999K(1035264K), 0.0038953 secs]
170.305: Total time for which application threads were stopped: 0.0040763 seconds, Stopping threads took: 0.0000213 seconds
170.372: [GC (Allocation Failure)  436559K->114055K(1022464K), 0.0046087 secs]
170.377: Total time for which application threads were stopped: 0.0047808 seconds, Stopping threads took: 0.0000197 seconds
170.446: [GC (Allocation Failure)  436615K->122026K(1034752K), 0.0038879 secs]
170.450: Total time for which application threads were stopped: 0.0040667 seconds, Stopping threads took: 0.0000187 seconds
170.518: [GC (Allocation Failure)  443562K->122058K(1034752K), 0.0036732 secs]
170.521: Total time for which application threads were stopped: 0.0038639 seconds, Stopping threads took: 0.0000275 seconds
170.586: [GC (Allocation Failure)  443594K->122314K(1033728K), 0.0037925 secs]
170.590: Total time for which application threads were stopped: 0.0039614 seconds, Stopping threads took: 0.0000198 seconds
170.659: [GC (Allocation Failure)  442826K->130092K(1034240K), 0.0039146 secs]
170.663: Total time for which application threads were stopped: 0.0040714 seconds, Stopping threads took: 0.0000192 seconds
170.730: [GC (Allocation Failure)  450604K->130060K(1034240K), 0.0036400 secs]
170.734: Total time for which application threads were stopped: 0.0037979 seconds, Stopping threads took: 0.0000191 seconds
170.800: [GC (Allocation Failure)  450572K->130564K(1034240K), 0.0041979 secs]
170.805: Total time for which application threads were stopped: 0.0043598 seconds, Stopping threads took: 0.0000201 seconds
170.872: [GC (Allocation Failure)  451076K->138118K(1034240K), 0.0041169 secs]
170.876: Total time for which application threads were stopped: 0.0042859 seconds, Stopping threads took: 0.0000193 seconds
170.944: [GC (Allocation Failure)  458630K->138086K(1034240K), 0.0037446 secs]
170.948: Total time for which application threads were stopped: 0.0039018 seconds, Stopping threads took: 0.0000193 seconds
171.015: [GC (Allocation Failure)  458598K->138254K(1033216K), 0.0040193 secs]
171.019: Total time for which application threads were stopped: 0.0041811 seconds, Stopping threads took: 0.0000196 seconds
171.085: [GC (Allocation Failure)  457742K->146129K(1033728K), 0.0037680 secs]
171.089: Total time for which application threads were stopped: 0.0039489 seconds, Stopping threads took: 0.0000195 seconds
171.156: [GC (Allocation Failure)  465617K->146097K(1033728K), 0.0041259 secs]
171.160: Total time for which application threads were stopped: 0.0042995 seconds, Stopping threads took: 0.0000186 seconds
171.226: [GC (Allocation Failure)  465585K->146281K(1033728K), 0.0040456 secs]
171.230: Total time for which application threads were stopped: 0.0042398 seconds, Stopping threads took: 0.0000190 seconds
171.298: [GC (Allocation Failure)  465769K->154155K(1033728K), 0.0039644 secs]
171.302: Total time for which application threads were stopped: 0.0041153 seconds, Stopping threads took: 0.0000171 seconds
171.370: [GC (Allocation Failure)  473643K->154187K(1033728K), 0.0039354 secs]
171.374: Total time for which application threads were stopped: 0.0041132 seconds, Stopping threads took: 0.0000196 seconds
171.440: [GC (Allocation Failure)  473675K->154219K(1033728K), 0.0039902 secs]
171.444: Total time for which application threads were stopped: 0.0041596 seconds, Stopping threads took: 0.0000200 seconds
171.510: [GC (Allocation Failure)  473707K->162221K(1027072K), 0.0041942 secs]
171.515: Total time for which application threads were stopped: 0.0043557 seconds, Stopping threads took: 0.0000194 seconds
171.584: [GC (Allocation Failure)  481709K->162189K(1033728K), 0.0039295 secs]
171.588: Total time for which application threads were stopped: 0.0040875 seconds, Stopping threads took: 0.0000191 seconds
171.654: [GC (Allocation Failure)  481165K->162469K(1033216K), 0.0046878 secs]
171.659: Total time for which application threads were stopped: 0.0048348 seconds, Stopping threads took: 0.0000165 seconds
171.728: [GC (Allocation Failure)  481445K->170215K(1033216K), 0.0039171 secs]
171.732: Total time for which application threads were stopped: 0.0041190 seconds, Stopping threads took: 0.0000222 seconds
171.798: [GC (Allocation Failure)  488679K->166341K(1033216K), 0.0027106 secs]
171.800: Total time for which application threads were stopped: 0.0028543 seconds, Stopping threads took: 0.0000168 seconds
171.868: [GC (Allocation Failure)  484805K->170351K(1034752K), 0.0041413 secs]
171.872: Total time for which application threads were stopped: 0.0043129 seconds, Stopping threads took: 0.0000212 seconds
171.939: [GC (Allocation Failure)  491375K->174351K(1034240K), 0.0040926 secs]
171.944: Total time for which application threads were stopped: 0.0042655 seconds, Stopping threads took: 0.0000280 seconds
172.009: [GC (Allocation Failure)  495375K->167565K(1034752K), 0.0014258 secs]
172.011: Total time for which application threads were stopped: 0.0015727 seconds, Stopping threads took: 0.0000204 seconds
172.078: [GC (Allocation Failure)  489101K->174415K(1034752K), 0.0038052 secs]
172.082: Total time for which application threads were stopped: 0.0040015 seconds, Stopping threads took: 0.0000201 seconds
172.150: [GC (Allocation Failure)  495951K->178495K(1034752K), 0.0048966 secs]
172.155: Total time for which application threads were stopped: 0.0050548 seconds, Stopping threads took: 0.0000173 seconds
172.221: [GC (Allocation Failure)  500031K->172957K(1034752K), 0.0017756 secs]
172.223: Total time for which application threads were stopped: 0.0019227 seconds, Stopping threads took: 0.0000196 seconds
172.291: [GC (Allocation Failure)  494493K->178799K(1035264K), 0.0039764 secs]
172.295: Total time for which application threads were stopped: 0.0041362 seconds, Stopping threads took: 0.0000188 seconds
172.361: [GC (Allocation Failure)  500847K->182607K(1034752K), 0.0041004 secs]
172.365: Total time for which application threads were stopped: 0.0042934 seconds, Stopping threads took: 0.0000199 seconds
172.434: [GC (Allocation Failure)  504584K->178733K(1035776K), 0.0029022 secs]
172.437: Total time for which application threads were stopped: 0.0030768 seconds, Stopping threads took: 0.0000202 seconds
172.505: [GC (Allocation Failure)  501805K->182799K(1035264K), 0.0042974 secs]
172.510: Total time for which application threads were stopped: 0.0044841 seconds, Stopping threads took: 0.0000197 seconds
172.580: [GC (Allocation Failure)  505871K->186767K(1035264K), 0.0041087 secs]
172.584: Total time for which application threads were stopped: 0.0042796 seconds, Stopping threads took: 0.0000214 seconds
172.654: [GC (Allocation Failure)  510351K->186799K(1035776K), 0.0039169 secs]
172.658: Total time for which application threads were stopped: 0.0040949 seconds, Stopping threads took: 0.0000196 seconds
172.725: [GC (Allocation Failure)  510383K->186823K(1034752K), 0.0041265 secs]
172.729: Total time for which application threads were stopped: 0.0042921 seconds, Stopping threads took: 0.0000200 seconds
172.797: [GC (Allocation Failure)  509383K->194794K(1035264K), 0.0037574 secs]
172.801: Total time for which application threads were stopped: 0.0039362 seconds, Stopping threads took: 0.0000187 seconds
172.870: [GC (Allocation Failure)  517354K->194794K(1034240K), 0.0045084 secs]
172.874: Total time for which application threads were stopped: 0.0046694 seconds, Stopping threads took: 0.0000204 seconds
172.942: [GC (Allocation Failure)  516330K->194858K(1034752K), 0.0039659 secs]
172.946: Total time for which application threads were stopped: 0.0041423 seconds, Stopping threads took: 0.0000273 seconds
173.015: [GC (Allocation Failure)  516394K->202828K(1034752K), 0.0039936 secs]
173.019: Total time for which application threads were stopped: 0.0041538 seconds, Stopping threads took: 0.0000187 seconds
173.088: [GC (Allocation Failure)  524364K->202828K(1029120K), 0.0038313 secs]
173.092: Total time for which application threads were stopped: 0.0039911 seconds, Stopping threads took: 0.0000193 seconds
173.158: [GC (Allocation Failure)  524364K->203084K(1034240K), 0.0042363 secs]
173.163: Total time for which application threads were stopped: 0.0043996 seconds, Stopping threads took: 0.0000207 seconds
173.230: [GC (Allocation Failure)  523596K->210894K(1034240K), 0.0040248 secs]
173.234: Total time for which application threads were stopped: 0.0041853 seconds, Stopping threads took: 0.0000287 seconds
173.304: [GC (Allocation Failure)  531406K->210862K(1034240K), 0.0041755 secs]
173.308: Total time for which application threads were stopped: 0.0043326 seconds, Stopping threads took: 0.0000196 seconds
173.376: [GC (Allocation Failure)  531374K->211302K(1020416K), 0.0042077 secs]
173.381: Total time for which application threads were stopped: 0.0043733 seconds, Stopping threads took: 0.0000195 seconds
173.449: [GC (Allocation Failure)  531814K->218920K(1033728K), 0.0040570 secs]
173.453: Total time for which application threads were stopped: 0.0042598 seconds, Stopping threads took: 0.0000192 seconds
173.520: [GC (Allocation Failure)  538408K->218888K(1033728K), 0.0040355 secs]
173.524: Total time for which application threads were stopped: 0.0041982 seconds, Stopping threads took: 0.0000190 seconds
173.589: [GC (Allocation Failure)  538376K->219016K(1033728K), 0.0041069 secs]
173.593: Total time for which application threads were stopped: 0.0042708 seconds, Stopping threads took: 0.0000196 seconds
173.662: [GC (Allocation Failure)  538504K->226923K(1033728K), 0.0040343 secs]
173.666: Total time for which application threads were stopped: 0.0041985 seconds, Stopping threads took: 0.0000194 seconds
173.734: [GC (Allocation Failure)  546411K->226923K(1033728K), 0.0040396 secs]
173.738: Total time for which application threads were stopped: 0.0042060 seconds, Stopping threads took: 0.0000198 seconds
173.804: [GC (Allocation Failure)  546411K->226987K(1033728K), 0.0041172 secs]
173.808: Total time for which application threads were stopped: 0.0043159 seconds, Stopping threads took: 0.0000196 seconds
173.877: [GC (Allocation Failure)  546475K->234957K(1032704K), 0.0039733 secs]
173.881: Total time for which application threads were stopped: 0.0041670 seconds, Stopping threads took: 0.0000169 seconds
173.949: [GC (Allocation Failure)  553421K->229387K(1033216K), 0.0018266 secs]
173.951: Total time for which application threads were stopped: 0.0019932 seconds, Stopping threads took: 0.0000252 seconds
174.018: [GC (Allocation Failure)  547851K->235213K(1034752K), 0.0040223 secs]
174.022: Total time for which application threads were stopped: 0.0041931 seconds, Stopping threads took: 0.0000203 seconds
174.090: [GC (Allocation Failure)  555725K->239101K(1033728K), 0.0043088 secs]
174.095: Total time for which application threads were stopped: 0.0044781 seconds, Stopping threads took: 0.0000201 seconds
174.162: [GC (Allocation Failure)  559613K->245995K(1029120K), 0.0070346 secs]
174.169: Total time for which application threads were stopped: 0.0071984 seconds, Stopping threads took: 0.0000202 seconds
174.237: [GC (Allocation Failure)  561387K->239917K(1031680K), 0.0043295 secs]
174.241: Total time for which application threads were stopped: 0.0044929 seconds, Stopping threads took: 0.0000200 seconds
174.308: [GC (Allocation Failure)  555309K->239725K(1032704K), 0.0041778 secs]
174.312: Total time for which application threads were stopped: 0.0043384 seconds, Stopping threads took: 0.0000200 seconds
174.376: [GC (Allocation Failure)  556653K->243141K(1032192K), 0.0049968 secs]
174.381: Total time for which application threads were stopped: 0.0051866 seconds, Stopping threads took: 0.0000266 seconds
174.448: [GC (Allocation Failure)  560069K->247847K(1033216K), 0.0041514 secs]
174.452: Total time for which application threads were stopped: 0.0043211 seconds, Stopping threads took: 0.0000277 seconds
174.519: [GC (Allocation Failure)  565799K->247719K(1032704K), 0.0042474 secs]
174.524: Total time for which application threads were stopped: 0.0044117 seconds, Stopping threads took: 0.0000204 seconds
174.590: [GC (Allocation Failure)  565671K->248799K(1033216K), 0.0043415 secs]
174.594: Total time for which application threads were stopped: 0.0045108 seconds, Stopping threads took: 0.0000188 seconds
174.664: [GC (Allocation Failure)  567263K->255777K(1033216K), 0.0043437 secs]
174.668: Total time for which application threads were stopped: 0.0045112 seconds, Stopping threads took: 0.0000192 seconds
174.735: [GC (Allocation Failure)  574241K->255809K(1033728K), 0.0041068 secs]
174.739: Total time for which application threads were stopped: 0.0042983 seconds, Stopping threads took: 0.0000189 seconds
174.805: [GC (Allocation Failure)  575297K->257993K(1033728K), 0.0044154 secs]
174.809: Total time for which application threads were stopped: 0.0045861 seconds, Stopping threads took: 0.0000198 seconds
174.876: [GC (Allocation Failure)  577481K->263916K(1033728K), 0.0043055 secs]
174.880: Total time for which application threads were stopped: 0.0044663 seconds, Stopping threads took: 0.0000198 seconds
174.949: [GC (Allocation Failure)  583404K->263852K(1033728K), 0.0041271 secs]
174.953: Total time for which application threads were stopped: 0.0042889 seconds, Stopping threads took: 0.0000190 seconds
175.019: [GC (Allocation Failure)  583340K->265196K(1033216K), 0.0044070 secs]
175.024: Total time for which application threads were stopped: 0.0045824 seconds, Stopping threads took: 0.0000249 seconds
175.091: [GC (Allocation Failure)  584684K->271822K(1033728K), 0.0041437 secs]
175.095: Total time for which application threads were stopped: 0.0043228 seconds, Stopping threads took: 0.0000200 seconds
175.162: [GC (Allocation Failure)  591310K->271854K(1034240K), 0.0041456 secs]
175.167: Total time for which application threads were stopped: 0.0043185 seconds, Stopping threads took: 0.0000203 seconds
175.232: [GC (Allocation Failure)  592366K->273414K(1034240K), 0.0044433 secs]
175.236: Total time for which application threads were stopped: 0.0046361 seconds, Stopping threads took: 0.0000208 seconds
175.305: [GC (Allocation Failure)  593926K->279976K(1034240K), 0.0057267 secs]
175.310: Total time for which application threads were stopped: 0.0058908 seconds, Stopping threads took: 0.0000210 seconds
175.379: [GC (Allocation Failure)  600488K->279848K(1034240K), 0.0040974 secs]
175.383: Total time for which application threads were stopped: 0.0042779 seconds, Stopping threads took: 0.0000224 seconds
175.450: [GC (Allocation Failure)  600360K->283720K(1034752K), 0.0050860 secs]
175.455: Total time for which application threads were stopped: 0.0052671 seconds, Stopping threads took: 0.0000268 seconds
175.525: [GC (Allocation Failure)  604744K->287915K(1034240K), 0.0048316 secs]
175.530: Total time for which application threads were stopped: 0.0050031 seconds, Stopping threads took: 0.0000203 seconds
175.596: [GC (Allocation Failure)  608939K->287947K(1034752K), 0.0040721 secs]
175.601: Total time for which application threads were stopped: 0.0042470 seconds, Stopping threads took: 0.0000209 seconds
175.669: [GC (Allocation Failure)  609483K->291947K(1034752K), 0.0051745 secs]
175.674: Total time for which application threads were stopped: 0.0053446 seconds, Stopping threads took: 0.0000199 seconds
175.742: [GC (Allocation Failure)  613483K->295981K(1034752K), 0.0040672 secs]
175.746: Total time for which application threads were stopped: 0.0042619 seconds, Stopping threads took: 0.0000198 seconds
175.814: [GC (Allocation Failure)  617517K->295949K(1034752K), 0.0040868 secs]
175.819: Total time for which application threads were stopped: 0.0042365 seconds, Stopping threads took: 0.0000171 seconds
175.884: [GC (Allocation Failure)  617485K->297101K(1034240K), 0.0043150 secs]
175.888: Total time for which application threads were stopped: 0.0044846 seconds, Stopping threads took: 0.0000190 seconds
175.956: [GC (Allocation Failure)  618637K->304047K(1034752K), 0.0041586 secs]
175.960: Total time for which application threads were stopped: 0.0043200 seconds, Stopping threads took: 0.0000204 seconds
176.027: [GC (Allocation Failure)  625583K->303983K(1034752K), 0.0042986 secs]
176.031: Total time for which application threads were stopped: 0.0044828 seconds, Stopping threads took: 0.0000270 seconds
176.098: [GC (Allocation Failure)  625519K->306375K(1034752K), 0.0046206 secs]
176.103: Total time for which application threads were stopped: 0.0048000 seconds, Stopping threads took: 0.0000192 seconds
176.169: [GC (Allocation Failure)  627911K->312105K(1034752K), 0.0043310 secs]
176.173: Total time for which application threads were stopped: 0.0045010 seconds, Stopping threads took: 0.0000192 seconds
176.239: [GC (Allocation Failure)  633641K->312009K(1034752K), 0.0052174 secs]
176.244: Total time for which application threads were stopped: 0.0053780 seconds, Stopping threads took: 0.0000192 seconds
176.309: [GC (Allocation Failure)  633545K->315593K(1035264K), 0.0051223 secs]
176.315: Total time for which application threads were stopped: 0.0052802 seconds, Stopping threads took: 0.0000188 seconds
176.382: [GC (Allocation Failure)  637641K->320076K(1034752K), 0.0045342 secs]
176.386: Total time for which application threads were stopped: 0.0046940 seconds, Stopping threads took: 0.0000196 seconds
176.455: [GC (Allocation Failure)  642124K->320044K(1035264K), 0.0042441 secs]
176.459: Total time for which application threads were stopped: 0.0044112 seconds, Stopping threads took: 0.0000272 seconds
176.525: [GC (Allocation Failure)  642604K->322828K(1035264K), 0.0047843 secs]
176.530: Total time for which application threads were stopped: 0.0049417 seconds, Stopping threads took: 0.0000187 seconds
176.600: [GC (Allocation Failure)  645388K->328110K(1035264K), 0.0042961 secs]
176.604: Total time for which application threads were stopped: 0.0044585 seconds, Stopping threads took: 0.0000198 seconds
176.673: [GC (Allocation Failure)  650670K->328046K(1035264K), 0.0043804 secs]
176.678: Total time for which application threads were stopped: 0.0045493 seconds, Stopping threads took: 0.0000191 seconds
176.745: [GC (Allocation Failure)  650606K->331046K(1035264K), 0.0048981 secs]
176.750: Total time for which application threads were stopped: 0.0050562 seconds, Stopping threads took: 0.0000192 seconds
176.818: [GC (Allocation Failure)  653606K->336136K(1035264K), 0.0042509 secs]
176.822: Total time for which application threads were stopped: 0.0044195 seconds, Stopping threads took: 0.0000197 seconds
176.890: [GC (Allocation Failure)  658696K->336104K(1035264K), 0.0044842 secs]
176.894: Total time for which application threads were stopped: 0.0046556 seconds, Stopping threads took: 0.0000199 seconds
176.963: [GC (Allocation Failure)  658664K->339336K(1035264K), 0.0049861 secs]
176.968: Total time for which application threads were stopped: 0.0051510 seconds, Stopping threads took: 0.0000197 seconds
177.036: [GC (Allocation Failure)  661896K->344170K(1035264K), 0.0041732 secs]
177.040: Total time for which application threads were stopped: 0.0043492 seconds, Stopping threads took: 0.0000205 seconds
177.110: [GC (Allocation Failure)  666730K->344170K(1035264K), 0.0044155 secs]
177.115: Total time for which application threads were stopped: 0.0045772 seconds, Stopping threads took: 0.0000194 seconds
177.182: [GC (Allocation Failure)  666730K->347562K(1035264K), 0.0049381 secs]
177.187: Total time for which application threads were stopped: 0.0051121 seconds, Stopping threads took: 0.0000200 seconds
177.255: [GC (Allocation Failure)  670122K->352269K(1035264K), 0.0042831 secs]
177.259: Total time for which application threads were stopped: 0.0044545 seconds, Stopping threads took: 0.0000205 seconds
177.328: [GC (Allocation Failure)  674829K->352205K(1035264K), 0.0043245 secs]
177.332: Total time for which application threads were stopped: 0.0044876 seconds, Stopping threads took: 0.0000197 seconds
177.399: [GC (Allocation Failure)  674765K->355757K(1035264K), 0.0049853 secs]
177.404: Total time for which application threads were stopped: 0.0051551 seconds, Stopping threads took: 0.0000265 seconds
177.473: [GC (Allocation Failure)  678317K->360239K(1035776K), 0.0068999 secs]
177.480: Total time for which application threads were stopped: 0.0070739 seconds, Stopping threads took: 0.0000195 seconds
177.549: [GC (Allocation Failure)  683823K->360239K(1035776K), 0.0060315 secs]
177.555: Total time for which application threads were stopped: 0.0062330 seconds, Stopping threads took: 0.0000217 seconds
177.622: [GC (Allocation Failure)  683823K->353901K(1034752K), 0.0023112 secs]
177.625: Total time for which application threads were stopped: 0.0024886 seconds, Stopping threads took: 0.0000240 seconds
177.694: [GC (Allocation Failure)  676461K->360207K(1035264K), 0.0041963 secs]
177.698: Total time for which application threads were stopped: 0.0043904 seconds, Stopping threads took: 0.0000189 seconds
177.767: [GC (Allocation Failure)  682767K->360271K(1035264K), 0.0042690 secs]
177.772: Total time for which application threads were stopped: 0.0044392 seconds, Stopping threads took: 0.0000166 seconds
177.841: [GC (Allocation Failure)  682831K->358221K(1035264K), 0.0036877 secs]
177.845: Total time for which application threads were stopped: 0.0038485 seconds, Stopping threads took: 0.0000163 seconds
177.914: [GC (Allocation Failure)  680781K->360399K(1035776K), 0.0042625 secs]
177.919: Total time for which application threads were stopped: 0.0044275 seconds, Stopping threads took: 0.0000250 seconds
177.988: [GC (Allocation Failure)  683983K->360239K(1035776K), 0.0044020 secs]
177.992: Total time for which application threads were stopped: 0.0045867 seconds, Stopping threads took: 0.0000262 seconds
178.060: [GC (Allocation Failure)  683823K->364589K(1032704K), 0.0063703 secs]
178.067: Total time for which application threads were stopped: 0.0065409 seconds, Stopping threads took: 0.0000188 seconds
178.135: [GC (Allocation Failure)  685101K->360335K(1034240K), 0.0043557 secs]
178.140: Total time for which application threads were stopped: 0.0045275 seconds, Stopping threads took: 0.0000199 seconds
178.207: [GC (Allocation Failure)  680847K->360207K(1035264K), 0.0042558 secs]
178.212: Total time for which application threads were stopped: 0.0044351 seconds, Stopping threads took: 0.0000200 seconds
178.279: [GC (Allocation Failure)  682255K->364301K(1033728K), 0.0063010 secs]
178.286: Total time for which application threads were stopped: 0.0064585 seconds, Stopping threads took: 0.0000199 seconds
178.355: [GC (Allocation Failure)  686349K->360303K(1034752K), 0.0043813 secs]
178.359: Total time for which application threads were stopped: 0.0045477 seconds, Stopping threads took: 0.0000190 seconds
178.428: [GC (Allocation Failure)  680815K->360207K(1033728K), 0.0042547 secs]
178.432: Total time for which application threads were stopped: 0.0044328 seconds, Stopping threads took: 0.0000273 seconds
178.499: [GC (Allocation Failure)  680719K->363917K(1033216K), 0.0058884 secs]
178.505: Total time for which application threads were stopped: 0.0060524 seconds, Stopping threads took: 0.0000198 seconds
178.573: [GC (Allocation Failure)  684429K->360239K(1034240K), 0.0047176 secs]
178.578: Total time for which application threads were stopped: 0.0048906 seconds, Stopping threads took: 0.0000199 seconds
178.647: [GC (Allocation Failure)  680751K->360239K(1035264K), 0.0043162 secs]
178.651: Total time for which application threads were stopped: 0.0044677 seconds, Stopping threads took: 0.0000173 seconds
178.719: [GC (Allocation Failure)  682287K->363629K(1034752K), 0.0056884 secs]
178.724: Total time for which application threads were stopped: 0.0058820 seconds, Stopping threads took: 0.0000199 seconds
178.794: [GC (Allocation Failure)  685677K->360463K(1034752K), 0.0042960 secs]
178.798: Total time for which application threads were stopped: 0.0044497 seconds, Stopping threads took: 0.0000157 seconds
178.867: [GC (Allocation Failure)  681999K->360207K(1034752K), 0.0043563 secs]
178.871: Total time for which application threads were stopped: 0.0045276 seconds, Stopping threads took: 0.0000202 seconds
178.938: [GC (Allocation Failure)  681743K->365389K(1033216K), 0.0065698 secs]
178.945: Total time for which application threads were stopped: 0.0067403 seconds, Stopping threads took: 0.0000275 seconds
179.012: [GC (Allocation Failure)  685901K->360399K(1034240K), 0.0043747 secs]
179.017: Total time for which application threads were stopped: 0.0045345 seconds, Stopping threads took: 0.0000194 seconds
179.084: [GC (Allocation Failure)  680911K->360239K(1034752K), 0.0043900 secs]
179.089: Total time for which application threads were stopped: 0.0045722 seconds, Stopping threads took: 0.0000197 seconds
179.155: [GC (Allocation Failure)  681263K->364013K(1034240K), 0.0060488 secs]
179.161: Total time for which application threads were stopped: 0.0062213 seconds, Stopping threads took: 0.0000199 seconds
179.228: [GC (Allocation Failure)  685037K->360335K(1034240K), 0.0057917 secs]
179.234: Total time for which application threads were stopped: 0.0059569 seconds, Stopping threads took: 0.0000194 seconds
179.301: [GC (Allocation Failure)  680847K->360207K(1034240K), 0.0044229 secs]
179.306: Total time for which application threads were stopped: 0.0046190 seconds, Stopping threads took: 0.0000195 seconds
179.375: [GC (Allocation Failure)  680719K->362701K(1034752K), 0.0053231 secs]
179.380: Total time for which application threads were stopped: 0.0054749 seconds, Stopping threads took: 0.0000165 seconds
179.448: [GC (Allocation Failure)  684237K->360303K(1034752K), 0.0043711 secs]
179.453: Total time for which application threads were stopped: 0.0045718 seconds, Stopping threads took: 0.0000262 seconds
179.522: [GC (Allocation Failure)  681839K->360207K(1035264K), 0.0043499 secs]
179.526: Total time for which application threads were stopped: 0.0045002 seconds, Stopping threads took: 0.0000170 seconds
179.596: [GC (Allocation Failure)  682255K->364429K(1033728K), 0.0061274 secs]
179.602: Total time for which application threads were stopped: 0.0062938 seconds, Stopping threads took: 0.0000203 seconds
179.670: [GC (Allocation Failure)  686477K->360239K(1034752K), 0.0043666 secs]
179.675: Total time for which application threads were stopped: 0.0045263 seconds, Stopping threads took: 0.0000195 seconds
179.742: [GC (Allocation Failure)  681263K->360207K(1034240K), 0.0043420 secs]
179.746: Total time for which application threads were stopped: 0.0044987 seconds, Stopping threads took: 0.0000189 seconds
179.813: [GC (Allocation Failure)  681231K->365197K(1032704K), 0.0063682 secs]
179.819: Total time for which application threads were stopped: 0.0065345 seconds, Stopping threads took: 0.0000269 seconds
179.887: [GC (Allocation Failure)  684685K->360431K(1033728K), 0.0044329 secs]
179.892: Total time for which application threads were stopped: 0.0046045 seconds, Stopping threads took: 0.0000199 seconds
179.960: [GC (Allocation Failure)  679919K->360207K(1034240K), 0.0045080 secs]
179.964: Total time for which application threads were stopped: 0.0046671 seconds, Stopping threads took: 0.0000193 seconds
180.030: [GC (Allocation Failure)  680719K->361261K(1034240K), 0.0049383 secs]
180.035: Total time for which application threads were stopped: 0.0051016 seconds, Stopping threads took: 0.0000197 seconds
180.102: [GC (Allocation Failure)  681773K->360399K(1035264K), 0.0045133 secs]
180.107: Total time for which application threads were stopped: 0.0046810 seconds, Stopping threads took: 0.0000203 seconds
180.175: [GC (Allocation Failure)  682447K->360239K(1034752K), 0.0043622 secs]
180.179: Total time for which application threads were stopped: 0.0045251 seconds, Stopping threads took: 0.0000197 seconds
180.247: [GC (Allocation Failure)  682287K->362477K(1035264K), 0.0066484 secs]
180.253: Total time for which application threads were stopped: 0.0068047 seconds, Stopping threads took: 0.0000164 seconds
180.322: [GC (Allocation Failure)  685037K->360335K(1035264K), 0.0043927 secs]
180.326: Total time for which application threads were stopped: 0.0045865 seconds, Stopping threads took: 0.0000199 seconds
180.396: [GC (Allocation Failure)  682895K->360207K(1035776K), 0.0041325 secs]
180.400: Total time for which application threads were stopped: 0.0042809 seconds, Stopping threads took: 0.0000169 seconds
180.467: [GC (Allocation Failure)  683791K->367773K(1035776K), 0.0079897 secs]
180.476: Total time for which application threads were stopped: 0.0081842 seconds, Stopping threads took: 0.0000191 seconds
180.545: [GC (Allocation Failure)  691357K->363135K(1031680K), 0.0045439 secs]
180.549: Total time for which application threads were stopped: 0.0047070 seconds, Stopping threads took: 0.0000197 seconds
180.617: [GC (Allocation Failure)  682623K->363071K(1033728K), 0.0042599 secs]
180.621: Total time for which application threads were stopped: 0.0044368 seconds, Stopping threads took: 0.0000199 seconds
180.689: [GC (Allocation Failure)  682559K->369773K(1031168K), 0.0072144 secs]
180.696: Total time for which application threads were stopped: 0.0073747 seconds, Stopping threads took: 0.0000193 seconds
180.763: [GC (Allocation Failure)  687213K->363567K(1032704K), 0.0044172 secs]
180.767: Total time for which application threads were stopped: 0.0045876 seconds, Stopping threads took: 0.0000195 seconds
180.834: [GC (Allocation Failure)  681007K->363535K(1033216K), 0.0042844 secs]
180.839: Total time for which application threads were stopped: 0.0044451 seconds, Stopping threads took: 0.0000204 seconds
180.904: [GC (Allocation Failure)  681487K->359725K(1032704K), 0.0030163 secs]
180.907: Total time for which application threads were stopped: 0.0031836 seconds, Stopping threads took: 0.0000272 seconds
180.974: [GC (Allocation Failure)  677677K->363727K(1033216K), 0.0044324 secs]
180.978: Total time for which application threads were stopped: 0.0045957 seconds, Stopping threads took: 0.0000206 seconds
181.045: [GC (Allocation Failure)  681679K->363503K(1032704K), 0.0067337 secs]
181.052: Total time for which application threads were stopped: 0.0069008 seconds, Stopping threads took: 0.0000194 seconds
181.118: [GC (Allocation Failure)  681455K->366439K(1032704K), 0.0050673 secs]
181.123: Total time for which application threads were stopped: 0.0052412 seconds, Stopping threads took: 0.0000199 seconds
181.192: [GC (Allocation Failure)  684903K->371561K(1033216K), 0.0042818 secs]
181.196: Total time for which application threads were stopped: 0.0044481 seconds, Stopping threads took: 0.0000203 seconds
181.263: [GC (Allocation Failure)  690025K->371529K(1034752K), 0.0045162 secs]
181.268: Total time for which application threads were stopped: 0.0046798 seconds, Stopping threads took: 0.0000195 seconds
181.334: [GC (Allocation Failure)  692553K->373161K(1034240K), 0.0046985 secs]
181.339: Total time for which application threads were stopped: 0.0048621 seconds, Stopping threads took: 0.0000199 seconds
181.407: [GC (Allocation Failure)  694185K->379691K(1034240K), 0.0045356 secs]
181.411: Total time for which application threads were stopped: 0.0046972 seconds, Stopping threads took: 0.0000196 seconds
181.479: [GC (Allocation Failure)  700203K->379563K(1034240K), 0.0046219 secs]
181.483: Total time for which application threads were stopped: 0.0047952 seconds, Stopping threads took: 0.0000250 seconds
181.550: [GC (Allocation Failure)  700075K->379811K(1033728K), 0.0046503 secs]
181.555: Total time for which application threads were stopped: 0.0048315 seconds, Stopping threads took: 0.0000197 seconds
181.625: [GC (Allocation Failure)  700323K->387654K(1034240K), 0.0058185 secs]
181.631: Total time for which application threads were stopped: 0.0060084 seconds, Stopping threads took: 0.0000251 seconds
181.699: [GC (Allocation Failure)  708166K->387590K(1034752K), 0.0044001 secs]
181.703: Total time for which application threads were stopped: 0.0045726 seconds, Stopping threads took: 0.0000203 seconds
181.770: [GC (Allocation Failure)  709126K->391110K(1034752K), 0.0051337 secs]
181.776: Total time for which application threads were stopped: 0.0053076 seconds, Stopping threads took: 0.0000195 seconds
181.843: [GC (Allocation Failure)  712646K->395656K(1035264K), 0.0045279 secs]
181.848: Total time for which application threads were stopped: 0.0046767 seconds, Stopping threads took: 0.0000173 seconds
181.917: [GC (Allocation Failure)  717704K->395624K(1034752K), 0.0041779 secs]
181.921: Total time for which application threads were stopped: 0.0043377 seconds, Stopping threads took: 0.0000255 seconds
181.989: [GC (Allocation Failure)  717672K->397320K(1034240K), 0.0045718 secs]
181.993: Total time for which application threads were stopped: 0.0047440 seconds, Stopping threads took: 0.0000243 seconds
182.062: [GC (Allocation Failure)  718856K->403690K(1034752K), 0.0046066 secs]
182.067: Total time for which application threads were stopped: 0.0047740 seconds, Stopping threads took: 0.0000198 seconds
182.134: [GC (Allocation Failure)  725226K->403626K(1035264K), 0.0044445 secs]
182.139: Total time for which application threads were stopped: 0.0046386 seconds, Stopping threads took: 0.0000194 seconds
182.207: [GC (Allocation Failure)  726186K->407626K(1035264K), 0.0053517 secs]
182.213: Total time for which application threads were stopped: 0.0055255 seconds, Stopping threads took: 0.0000184 seconds
182.282: [GC (Allocation Failure)  730186K->411693K(1035264K), 0.0044214 secs]
182.286: Total time for which application threads were stopped: 0.0046051 seconds, Stopping threads took: 0.0000204 seconds
182.356: [GC (Allocation Failure)  734253K->411693K(1035264K), 0.0043676 secs]
182.361: Total time for which application threads were stopped: 0.0045512 seconds, Stopping threads took: 0.0000167 seconds
182.428: [GC (Allocation Failure)  734253K->411757K(1033728K), 0.0044080 secs]
182.433: Total time for which application threads were stopped: 0.0045832 seconds, Stopping threads took: 0.0000250 seconds
182.501: [GC (Allocation Failure)  733293K->419823K(1034752K), 0.0044332 secs]
182.506: Total time for which application threads were stopped: 0.0046209 seconds, Stopping threads took: 0.0000209 seconds
182.573: [GC (Allocation Failure)  741359K->419759K(1035264K), 0.0046907 secs]
182.578: Total time for which application threads were stopped: 0.0048605 seconds, Stopping threads took: 0.0000280 seconds
182.646: [GC (Allocation Failure)  741807K->421479K(1034752K), 0.0045652 secs]
182.650: Total time for which application threads were stopped: 0.0047155 seconds, Stopping threads took: 0.0000165 seconds
182.719: [GC (Allocation Failure)  743527K->427785K(1034752K), 0.0043659 secs]
182.723: Total time for which application threads were stopped: 0.0045608 seconds, Stopping threads took: 0.0000192 seconds
182.791: [GC (Allocation Failure)  749321K->427753K(1034752K), 0.0045987 secs]
182.796: Total time for which application threads were stopped: 0.0047645 seconds, Stopping threads took: 0.0000189 seconds
182.861: [GC (Allocation Failure)  749289K->431273K(1035264K), 0.0053281 secs]
182.866: Total time for which application threads were stopped: 0.0055000 seconds, Stopping threads took: 0.0000196 seconds
182.934: [GC (Allocation Failure)  753321K->436043K(1034752K), 0.0045301 secs]
182.939: Total time for which application threads were stopped: 0.0047016 seconds, Stopping threads took: 0.0000277 seconds
183.007: [GC (Allocation Failure)  758091K->435787K(1035264K), 0.0053899 secs]
183.012: Total time for which application threads were stopped: 0.0055595 seconds, Stopping threads took: 0.0000209 seconds
183.079: [GC (Allocation Failure)  758347K->430473K(1035264K), 0.0024600 secs]
183.081: Total time for which application threads were stopped: 0.0026469 seconds, Stopping threads took: 0.0000209 seconds
183.148: [GC (Allocation Failure)  753033K->435979K(1035264K), 0.0043866 secs]
183.153: Total time for which application threads were stopped: 0.0045760 seconds, Stopping threads took: 0.0000200 seconds
183.221: [GC (Allocation Failure)  758539K->435787K(1035264K), 0.0044186 secs]
183.225: Total time for which application threads were stopped: 0.0045908 seconds, Stopping threads took: 0.0000197 seconds
183.292: [GC (Allocation Failure)  758347K->434761K(1035776K), 0.0041326 secs]
183.296: Total time for which application threads were stopped: 0.0043022 seconds, Stopping threads took: 0.0000193 seconds
183.364: [GC (Allocation Failure)  757833K->435915K(1035264K), 0.0045865 secs]
183.369: Total time for which application threads were stopped: 0.0047472 seconds, Stopping threads took: 0.0000184 seconds
183.436: [GC (Allocation Failure)  758987K->435787K(1035776K), 0.0062714 secs]
183.443: Total time for which application threads were stopped: 0.0064587 seconds, Stopping threads took: 0.0000278 seconds
183.510: [GC (Allocation Failure)  759371K->441057K(1035776K), 0.0070578 secs]
183.517: Total time for which application threads were stopped: 0.0072346 seconds, Stopping threads took: 0.0000271 seconds
183.587: [GC (Allocation Failure)  764641K->436387K(1032704K), 0.0045224 secs]
183.591: Total time for which application threads were stopped: 0.0047156 seconds, Stopping threads took: 0.0000195 seconds
183.662: [GC (Allocation Failure)  756899K->436291K(1034240K), 0.0043986 secs]
183.667: Total time for which application threads were stopped: 0.0045901 seconds, Stopping threads took: 0.0000197 seconds
183.735: [GC (Allocation Failure)  756803K->442825K(1030656K), 0.0072763 secs]
183.742: Total time for which application threads were stopped: 0.0074562 seconds, Stopping threads took: 0.0000191 seconds
183.809: [GC (Allocation Failure)  760265K->437099K(1032704K), 0.0044625 secs]
183.814: Total time for which application threads were stopped: 0.0046450 seconds, Stopping threads took: 0.0000190 seconds
183.882: [GC (Allocation Failure)  754539K->437067K(1034240K), 0.0045651 secs]
183.887: Total time for which application threads were stopped: 0.0047343 seconds, Stopping threads took: 0.0000167 seconds
183.952: [GC (Allocation Failure)  757067K->435113K(1033728K), 0.0037731 secs]
183.956: Total time for which application threads were stopped: 0.0039792 seconds, Stopping threads took: 0.0000285 seconds
184.024: [GC (Allocation Failure)  755113K->437291K(1034752K), 0.0045760 secs]
184.028: Total time for which application threads were stopped: 0.0047760 seconds, Stopping threads took: 0.0000287 seconds
184.099: [GC (Allocation Failure)  758315K->437131K(1034240K), 0.0044621 secs]
184.103: Total time for which application threads were stopped: 0.0046324 seconds, Stopping threads took: 0.0000176 seconds
184.172: [GC (Allocation Failure)  758155K->433737K(1035264K), 0.0031749 secs]
184.175: Total time for which application threads were stopped: 0.0033406 seconds, Stopping threads took: 0.0000259 seconds
184.243: [GC (Allocation Failure)  756297K->437259K(1035264K), 0.0045267 secs]
184.247: Total time for which application threads were stopped: 0.0046909 seconds, Stopping threads took: 0.0000190 seconds
184.314: [GC (Allocation Failure)  759819K->437067K(1035776K), 0.0047597 secs]
184.318: Total time for which application threads were stopped: 0.0049519 seconds, Stopping threads took: 0.0000354 seconds
184.385: [GC (Allocation Failure)  760651K->439113K(1035776K), 0.0054814 secs]
184.391: Total time for which application threads were stopped: 0.0056500 seconds, Stopping threads took: 0.0000190 seconds
184.461: [GC (Allocation Failure)  762697K->437195K(1036288K), 0.0041754 secs]
184.465: Total time for which application threads were stopped: 0.0043359 seconds, Stopping threads took: 0.0000189 seconds
184.533: [GC (Allocation Failure)  761291K->437035K(1035776K), 0.0044203 secs]
184.538: Total time for which application threads were stopped: 0.0045811 seconds, Stopping threads took: 0.0000194 seconds
184.605: [GC (Allocation Failure)  761131K->431049K(1035264K), 0.0029566 secs]
184.608: Total time for which application threads were stopped: 0.0031266 seconds, Stopping threads took: 0.0000262 seconds
184.675: [GC (Allocation Failure)  754633K->437155K(1035776K), 0.0045459 secs]
184.680: Total time for which application threads were stopped: 0.0047165 seconds, Stopping threads took: 0.0000193 seconds
184.748: [GC (Allocation Failure)  760739K->441171K(1036288K), 0.0048659 secs]
184.753: Total time for which application threads were stopped: 0.0050359 seconds, Stopping threads took: 0.0000201 seconds
184.822: [GC (Allocation Failure)  765779K->441203K(1036288K), 0.0046555 secs]
184.826: Total time for which application threads were stopped: 0.0048224 seconds, Stopping threads took: 0.0000201 seconds
184.892: [GC (Allocation Failure)  765811K->441259K(1035264K), 0.0045901 secs]
184.897: Total time for which application threads were stopped: 0.0047668 seconds, Stopping threads took: 0.0000195 seconds
184.966: [GC (Allocation Failure)  764843K->449230K(1035776K), 0.0043794 secs]
184.971: Total time for which application threads were stopped: 0.0045805 seconds, Stopping threads took: 0.0000262 seconds
185.041: [GC (Allocation Failure)  772814K->449198K(1035776K), 0.0044415 secs]
185.046: Total time for which application threads were stopped: 0.0045817 seconds, Stopping threads took: 0.0000167 seconds
185.114: [GC (Allocation Failure)  772782K->449286K(1023488K), 0.0045908 secs]
185.118: Total time for which application threads were stopped: 0.0047594 seconds, Stopping threads took: 0.0000191 seconds
185.187: [GC (Allocation Failure)  772870K->457256K(1035264K), 0.0046468 secs]
185.192: Total time for which application threads were stopped: 0.0048187 seconds, Stopping threads took: 0.0000195 seconds
185.260: [GC (Allocation Failure)  779816K->457256K(1035264K), 0.0061793 secs]
185.267: Total time for which application threads were stopped: 0.0063492 seconds, Stopping threads took: 0.0000201 seconds
185.334: [GC (Allocation Failure)  779816K->457480K(1034240K), 0.0044175 secs]
185.339: Total time for which application threads were stopped: 0.0045847 seconds, Stopping threads took: 0.0000209 seconds
185.407: [GC (Allocation Failure)  779016K->465354K(1034752K), 0.0044716 secs]
185.411: Total time for which application threads were stopped: 0.0046365 seconds, Stopping threads took: 0.0000273 seconds
185.479: [GC (Allocation Failure)  786890K->465322K(1034752K), 0.0045588 secs]
185.484: Total time for which application threads were stopped: 0.0047082 seconds, Stopping threads took: 0.0000169 seconds
185.549: [GC (Allocation Failure)  786858K->465706K(1034752K), 0.0044788 secs]
185.554: Total time for which application threads were stopped: 0.0046450 seconds, Stopping threads took: 0.0000192 seconds
185.620: [GC (Allocation Failure)  787242K->473324K(1034752K), 0.0061963 secs]
185.627: Total time for which application threads were stopped: 0.0063434 seconds, Stopping threads took: 0.0000249 seconds
185.694: [GC (Allocation Failure)  794860K->473324K(1034752K), 0.0044444 secs]
185.699: Total time for which application threads were stopped: 0.0046011 seconds, Stopping threads took: 0.0000172 seconds
185.764: [GC (Allocation Failure)  794860K->473388K(1033728K), 0.0045797 secs]
185.769: Total time for which application threads were stopped: 0.0047509 seconds, Stopping threads took: 0.0000195 seconds
185.836: [GC (Allocation Failure)  793900K->481327K(1034240K), 0.0048217 secs]
185.841: Total time for which application threads were stopped: 0.0050019 seconds, Stopping threads took: 0.0000198 seconds
185.909: [GC (Allocation Failure)  801839K->481359K(1034240K), 0.0045141 secs]
185.914: Total time for which application threads were stopped: 0.0046841 seconds, Stopping threads took: 0.0000269 seconds
185.981: [GC (Allocation Failure)  801871K->481671K(1034240K), 0.0046866 secs]
185.986: Total time for which application threads were stopped: 0.0048732 seconds, Stopping threads took: 0.0000259 seconds
186.054: [GC (Allocation Failure)  802183K->489417K(1033216K), 0.0045511 secs]
186.059: Total time for which application threads were stopped: 0.0047143 seconds, Stopping threads took: 0.0000197 seconds
186.126: [GC (Allocation Failure)  808905K->489385K(1033728K), 0.0053328 secs]
186.131: Total time for which application threads were stopped: 0.0055048 seconds, Stopping threads took: 0.0000197 seconds
186.198: [GC (Allocation Failure)  808873K->489449K(1033728K), 0.0046196 secs]
186.202: Total time for which application threads were stopped: 0.0047978 seconds, Stopping threads took: 0.0000201 seconds
186.271: [GC (Allocation Failure)  808937K->497419K(1033728K), 0.0046577 secs]
186.275: Total time for which application threads were stopped: 0.0048303 seconds, Stopping threads took: 0.0000197 seconds
186.342: [GC (Allocation Failure)  816907K->497451K(1033728K), 0.0047708 secs]
186.347: Total time for which application threads were stopped: 0.0049485 seconds, Stopping threads took: 0.0000202 seconds
186.413: [GC (Allocation Failure)  816939K->497643K(1033728K), 0.0045119 secs]
186.418: Total time for which application threads were stopped: 0.0046825 seconds, Stopping threads took: 0.0000259 seconds
186.486: [GC (Allocation Failure)  817131K->505453K(1033728K), 0.0046255 secs]
186.490: Total time for which application threads were stopped: 0.0048342 seconds, Stopping threads took: 0.0000212 seconds
186.557: [GC (Allocation Failure)  824941K->505453K(1033728K), 0.0046888 secs]
186.562: Total time for which application threads were stopped: 0.0048658 seconds, Stopping threads took: 0.0000204 seconds
186.629: [GC (Allocation Failure)  824941K->505869K(1033728K), 0.0045679 secs]
186.633: Total time for which application threads were stopped: 0.0047569 seconds, Stopping threads took: 0.0000165 seconds
186.700: [GC (Allocation Failure)  825357K->513488K(1033728K), 0.0047550 secs]
186.705: Total time for which application threads were stopped: 0.0049065 seconds, Stopping threads took: 0.0000171 seconds
186.772: [GC (Allocation Failure)  832976K->513456K(1033728K), 0.0054474 secs]
186.777: Total time for which application threads were stopped: 0.0056127 seconds, Stopping threads took: 0.0000195 seconds
186.843: [GC (Allocation Failure)  832944K->513544K(1019392K), 0.0046457 secs]
186.848: Total time for which application threads were stopped: 0.0048237 seconds, Stopping threads took: 0.0000199 seconds
186.917: [GC (Allocation Failure)  833032K->521514K(1033216K), 0.0045960 secs]
186.922: Total time for which application threads were stopped: 0.0047662 seconds, Stopping threads took: 0.0000276 seconds
186.989: [GC (Allocation Failure)  839978K->517608K(1033216K), 0.0036786 secs]
186.992: Total time for which application threads were stopped: 0.0038424 seconds, Stopping threads took: 0.0000251 seconds
187.058: [GC (Allocation Failure)  836072K->521674K(1034752K), 0.0048191 secs]
187.063: Total time for which application threads were stopped: 0.0049998 seconds, Stopping threads took: 0.0000197 seconds
187.130: [GC (Allocation Failure)  842698K->525642K(1034240K), 0.0045020 secs]
187.135: Total time for which application threads were stopped: 0.0046644 seconds, Stopping threads took: 0.0000200 seconds
187.200: [GC (Allocation Failure)  846666K->518888K(1034752K), 0.0021330 secs]
187.202: Total time for which application threads were stopped: 0.0022816 seconds, Stopping threads took: 0.0000203 seconds
187.269: [GC (Allocation Failure)  840424K->525706K(1034752K), 0.0047508 secs]
187.274: Total time for which application threads were stopped: 0.0049279 seconds, Stopping threads took: 0.0000208 seconds
187.340: [GC (Allocation Failure)  847242K->529794K(1034752K), 0.0077806 secs]
187.347: Total time for which application threads were stopped: 0.0079396 seconds, Stopping threads took: 0.0000197 seconds
187.414: [GC (Allocation Failure)  851330K->524256K(1034752K), 0.0027466 secs]
187.417: Total time for which application threads were stopped: 0.0029099 seconds, Stopping threads took: 0.0000254 seconds
187.484: [GC (Allocation Failure)  845792K->530074K(1035264K), 0.0046948 secs]
187.489: Total time for which application threads were stopped: 0.0048554 seconds, Stopping threads took: 0.0000191 seconds
187.555: [GC (Allocation Failure)  852122K->533946K(1034752K), 0.0051017 secs]
187.560: Total time for which application threads were stopped: 0.0052963 seconds, Stopping threads took: 0.0000198 seconds
187.630: [GC (Allocation Failure)  855922K->530040K(1035776K), 0.0034133 secs]
187.633: Total time for which application threads were stopped: 0.0035926 seconds, Stopping threads took: 0.0000141 seconds
187.702: [GC (Allocation Failure)  853112K->534106K(1035264K), 0.0045732 secs]
187.706: Total time for which application threads were stopped: 0.0047249 seconds, Stopping threads took: 0.0000168 seconds
187.775: [GC (Allocation Failure)  857178K->538106K(1035264K), 0.0049553 secs]
187.780: Total time for which application threads were stopped: 0.0051249 seconds, Stopping threads took: 0.0000194 seconds
187.848: [GC (Allocation Failure)  861690K->538074K(1035776K), 0.0046230 secs]
187.853: Total time for which application threads were stopped: 0.0047959 seconds, Stopping threads took: 0.0000199 seconds
187.922: [GC (Allocation Failure)  861658K->538138K(1034752K), 0.0046312 secs]
187.927: Total time for which application threads were stopped: 0.0048001 seconds, Stopping threads took: 0.0000189 seconds
187.996: [GC (Allocation Failure)  860698K->546108K(1035264K), 0.0044927 secs]
188.000: Total time for which application threads were stopped: 0.0046953 seconds, Stopping threads took: 0.0000278 seconds
188.070: [GC (Allocation Failure)  868668K->546108K(1034240K), 0.0044451 secs]
188.074: Total time for which application threads were stopped: 0.0046054 seconds, Stopping threads took: 0.0000200 seconds
188.139: [GC (Allocation Failure)  867644K->546172K(1034752K), 0.0048912 secs]
188.144: Total time for which application threads were stopped: 0.0050689 seconds, Stopping threads took: 0.0000192 seconds
188.212: [GC (Allocation Failure)  867708K->554175K(1033728K), 0.0045247 secs]
188.216: Total time for which application threads were stopped: 0.0047195 seconds, Stopping threads took: 0.0000190 seconds
188.284: [GC (Allocation Failure)  874687K->554175K(1034240K), 0.0048061 secs]
188.289: Total time for which application threads were stopped: 0.0049563 seconds, Stopping threads took: 0.0000177 seconds
188.355: [GC (Allocation Failure)  874687K->554407K(1034240K), 0.0048907 secs]
188.360: Total time for which application threads were stopped: 0.0050682 seconds, Stopping threads took: 0.0000201 seconds
188.430: [GC (Allocation Failure)  874919K->562217K(1034240K), 0.0046787 secs]
188.435: Total time for which application threads were stopped: 0.0048481 seconds, Stopping threads took: 0.0000258 seconds
188.503: [GC (Allocation Failure)  882729K->562217K(1034240K), 0.0048188 secs]
188.508: Total time for which application threads were stopped: 0.0049944 seconds, Stopping threads took: 0.0000264 seconds
188.575: [GC (Allocation Failure)  882729K->562633K(1020416K), 0.0045940 secs]
188.580: Total time for which application threads were stopped: 0.0048044 seconds, Stopping threads took: 0.0000250 seconds
188.650: [GC (Allocation Failure)  883145K->570219K(1033728K), 0.0045899 secs]
188.654: Total time for which application threads were stopped: 0.0047517 seconds, Stopping threads took: 0.0000200 seconds
188.722: [GC (Allocation Failure)  889707K->570219K(1033728K), 0.0049602 secs]
188.727: Total time for which application threads were stopped: 0.0051627 seconds, Stopping threads took: 0.0000191 seconds
188.793: [GC (Allocation Failure)  889707K->570339K(1033728K), 0.0050260 secs]
188.798: Total time for which application threads were stopped: 0.0052023 seconds, Stopping threads took: 0.0000281 seconds
188.865: [GC (Allocation Failure)  889827K->578245K(1033728K), 0.0046694 secs]
188.870: Total time for which application threads were stopped: 0.0048497 seconds, Stopping threads took: 0.0000195 seconds
188.938: [GC (Allocation Failure)  897732K->574371K(1034240K), 0.0036720 secs]
188.942: Total time for which application threads were stopped: 0.0038468 seconds, Stopping threads took: 0.0000276 seconds
189.011: [GC (Allocation Failure)  894371K->578413K(1033728K), 0.0047157 secs]
189.016: Total time for which application threads were stopped: 0.0048744 seconds, Stopping threads took: 0.0000197 seconds
189.081: [GC (Allocation Failure)  898413K->582381K(1034752K), 0.0046871 secs]
189.086: Total time for which application threads were stopped: 0.0048480 seconds, Stopping threads took: 0.0000196 seconds
189.153: [GC (Allocation Failure)  903917K->576619K(1034752K), 0.0027474 secs]
189.156: Total time for which application threads were stopped: 0.0028965 seconds, Stopping threads took: 0.0000190 seconds
189.224: [GC (Allocation Failure)  898155K->582421K(1035776K), 0.0048107 secs]
189.228: Total time for which application threads were stopped: 0.0050052 seconds, Stopping threads took: 0.0000194 seconds
189.297: [GC (Allocation Failure)  904981K->586565K(1034752K), 0.0049868 secs]
189.302: Total time for which application threads were stopped: 0.0051626 seconds, Stopping threads took: 0.0000251 seconds
189.369: [GC (Allocation Failure)  908863K->582659K(1035776K), 0.0038226 secs]
189.373: Total time for which application threads were stopped: 0.0039829 seconds, Stopping threads took: 0.0000198 seconds
189.441: [GC (Allocation Failure)  905731K->586701K(1035264K), 0.0047425 secs]
189.446: Total time for which application threads were stopped: 0.0049286 seconds, Stopping threads took: 0.0000258 seconds
189.514: [GC (Allocation Failure)  909773K->590669K(1035264K), 0.0046998 secs]
189.518: Total time for which application threads were stopped: 0.0048734 seconds, Stopping threads took: 0.0000266 seconds
189.586: [GC (Allocation Failure)  914253K->590669K(1035776K), 0.0048587 secs]
189.591: Total time for which application threads were stopped: 0.0050306 seconds, Stopping threads took: 0.0000205 seconds
189.658: [GC (Allocation Failure)  914253K->590725K(1034752K), 0.0049964 secs]
189.663: Total time for which application threads were stopped: 0.0051749 seconds, Stopping threads took: 0.0000198 seconds
189.731: [GC (Allocation Failure)  913285K->598696K(1035264K), 0.0046782 secs]
189.736: Total time for which application threads were stopped: 0.0048524 seconds, Stopping threads took: 0.0000195 seconds
189.805: [GC (Allocation Failure)  921256K->598728K(1034240K), 0.0046924 secs]
189.810: Total time for which application threads were stopped: 0.0048623 seconds, Stopping threads took: 0.0000195 seconds
189.878: [GC (Allocation Failure)  920264K->598760K(1034752K), 0.0047917 secs]
189.883: Total time for which application threads were stopped: 0.0049561 seconds, Stopping threads took: 0.0000208 seconds
189.950: [GC (Allocation Failure)  920296K->606762K(1033728K), 0.0046617 secs]
189.954: Total time for which application threads were stopped: 0.0048309 seconds, Stopping threads took: 0.0000278 seconds
190.022: [GC (Allocation Failure)  927274K->606730K(1034240K), 0.0046650 secs]
190.027: Total time for which application threads were stopped: 0.0048292 seconds, Stopping threads took: 0.0000205 seconds
190.093: [GC (Allocation Failure)  927242K->606978K(1034240K), 0.0052785 secs]
190.098: Total time for which application threads were stopped: 0.0054633 seconds, Stopping threads took: 0.0000209 seconds
190.164: [GC (Allocation Failure)  927490K->614788K(1034240K), 0.0049353 secs]
190.169: Total time for which application threads were stopped: 0.0051165 seconds, Stopping threads took: 0.0000206 seconds
190.235: [GC (Allocation Failure)  935300K->614724K(1034240K), 0.0047315 secs]
190.239: Total time for which application threads were stopped: 0.0048814 seconds, Stopping threads took: 0.0000202 seconds
190.308: [GC (Allocation Failure)  935236K->615204K(1020416K), 0.0049815 secs]
190.313: Total time for which application threads were stopped: 0.0051668 seconds, Stopping threads took: 0.0000172 seconds
190.381: [GC (Allocation Failure)  935716K->622822K(1033728K), 0.0048099 secs]
190.386: Total time for which application threads were stopped: 0.0049698 seconds, Stopping threads took: 0.0000199 seconds
190.454: [GC (Allocation Failure)  942310K->622790K(1033728K), 0.0047661 secs]
190.459: Total time for which application threads were stopped: 0.0049656 seconds, Stopping threads took: 0.0000263 seconds
190.525: [GC (Allocation Failure)  942278K->622918K(1033728K), 0.0048947 secs]
190.530: Total time for which application threads were stopped: 0.0050742 seconds, Stopping threads took: 0.0000186 seconds
190.599: [GC (Allocation Failure)  942406K->630825K(1033728K), 0.0049171 secs]
190.604: Total time for which application threads were stopped: 0.0051010 seconds, Stopping threads took: 0.0000201 seconds
190.672: [GC (Allocation Failure)  950311K->626950K(1034240K), 0.0037848 secs]
190.675: Total time for which application threads were stopped: 0.0039531 seconds, Stopping threads took: 0.0000190 seconds
190.743: [GC (Allocation Failure)  946950K->630985K(1033728K), 0.0049413 secs]
190.748: Total time for which application threads were stopped: 0.0051255 seconds, Stopping threads took: 0.0000283 seconds
190.815: [GC (Allocation Failure)  950985K->634953K(1034752K), 0.0047807 secs]
190.820: Total time for which application threads were stopped: 0.0049442 seconds, Stopping threads took: 0.0000201 seconds
190.887: [GC (Allocation Failure)  956489K->629190K(1034752K), 0.0029341 secs]
190.890: Total time for which application threads were stopped: 0.0030879 seconds, Stopping threads took: 0.0000191 seconds
190.961: [GC (Allocation Failure)  950726K->635025K(1035776K), 0.0048189 secs]
190.966: Total time for which application threads were stopped: 0.0049908 seconds, Stopping threads took: 0.0000281 seconds
191.034: [GC (Allocation Failure)  957585K->639105K(1034752K), 0.0052074 secs]
191.039: Total time for which application threads were stopped: 0.0053807 seconds, Stopping threads took: 0.0000200 seconds
191.106: [GC (Allocation Failure)  961402K->635198K(1035776K), 0.0039782 secs]
191.110: Total time for which application threads were stopped: 0.0041674 seconds, Stopping threads took: 0.0000202 seconds
191.179: [GC (Allocation Failure)  958270K->639273K(1035264K), 0.0049087 secs]
191.184: Total time for which application threads were stopped: 0.0050719 seconds, Stopping threads took: 0.0000192 seconds
191.251: [GC (Allocation Failure)  962345K->643273K(1035264K), 0.0049107 secs]
191.256: Total time for which application threads were stopped: 0.0050736 seconds, Stopping threads took: 0.0000200 seconds
191.324: [GC (Allocation Failure)  966857K->643241K(1035776K), 0.0049254 secs]
191.329: Total time for which application threads were stopped: 0.0050994 seconds, Stopping threads took: 0.0000194 seconds
191.394: [GC (Allocation Failure)  966825K->643305K(1034752K), 0.0047322 secs]
191.399: Total time for which application threads were stopped: 0.0048921 seconds, Stopping threads took: 0.0000191 seconds
191.467: [GC (Allocation Failure)  965865K->651243K(1035264K), 0.0049175 secs]
191.472: Total time for which application threads were stopped: 0.0051043 seconds, Stopping threads took: 0.0000274 seconds
191.539: [GC (Allocation Failure)  973803K->651243K(1034240K), 0.0049304 secs]
191.544: Total time for which application threads were stopped: 0.0050901 seconds, Stopping threads took: 0.0000191 seconds
191.611: [GC (Allocation Failure)  972779K->651299K(1034752K), 0.0058682 secs]
191.617: Total time for which application threads were stopped: 0.0060722 seconds, Stopping threads took: 0.0000250 seconds
191.684: [GC (Allocation Failure)  972835K->659333K(1034752K), 0.0049727 secs]
191.689: Total time for which application threads were stopped: 0.0051454 seconds, Stopping threads took: 0.0000198 seconds
191.756: [GC (Allocation Failure)  980869K->659333K(1029120K), 0.0046724 secs]
191.761: Total time for which application threads were stopped: 0.0048362 seconds, Stopping threads took: 0.0000200 seconds
191.826: [GC (Allocation Failure)  980869K->659565K(1034240K), 0.0048547 secs]
191.831: Total time for which application threads were stopped: 0.0050239 seconds, Stopping threads took: 0.0000260 seconds
191.899: [GC (Allocation Failure)  980077K->667375K(1034240K), 0.0049680 secs]
191.904: Total time for which application threads were stopped: 0.0051882 seconds, Stopping threads took: 0.0000201 seconds
191.975: [GC (Allocation Failure)  987887K->667343K(1034240K), 0.0047338 secs]
191.980: Total time for which application threads were stopped: 0.0048992 seconds, Stopping threads took: 0.0000256 seconds
192.047: [GC (Allocation Failure)  987855K->667783K(1020416K), 0.0049920 secs]
192.052: Total time for which application threads were stopped: 0.0051564 seconds, Stopping threads took: 0.0000205 seconds
192.119: [GC (Allocation Failure)  988295K->675370K(1033728K), 0.0049006 secs]
192.124: Total time for which application threads were stopped: 0.0050719 seconds, Stopping threads took: 0.0000196 seconds
192.191: [GC (Allocation Failure)  994858K->675370K(1033728K), 0.0050650 secs]
192.196: Total time for which application threads were stopped: 0.0052253 seconds, Stopping threads took: 0.0000197 seconds
192.261: [GC (Allocation Failure)  994858K->675498K(1033728K), 0.0047887 secs]
192.266: Total time for which application threads were stopped: 0.0049497 seconds, Stopping threads took: 0.0000191 seconds
192.333: [GC (Allocation Failure)  994986K->683468K(1033728K), 0.0048823 secs]
192.338: Total time for which application threads were stopped: 0.0050416 seconds, Stopping threads took: 0.0000192 seconds
192.405: [GC (Allocation Failure)  1002956K->683404K(1033728K), 0.0052463 secs]
192.410: Total time for which application threads were stopped: 0.0054123 seconds, Stopping threads took: 0.0000197 seconds
192.476: [GC (Allocation Failure)  1002892K->683460K(1033728K), 0.0051748 secs]
192.482: Total time for which application threads were stopped: 0.0053943 seconds, Stopping threads took: 0.0000202 seconds
192.550: [GC (Allocation Failure)  1002948K->691430K(1032704K), 0.0051660 secs]
192.555: Total time for which application threads were stopped: 0.0053254 seconds, Stopping threads took: 0.0000168 seconds
192.622: [GC (Allocation Failure)  1009894K->685860K(1033216K), 0.0050718 secs]
192.628: Total time for which application threads were stopped: 0.0052825 seconds, Stopping threads took: 0.0000252 seconds
192.696: [GC (Allocation Failure)  1004324K->691686K(1034752K), 0.0051040 secs]
192.702: Total time for which application threads were stopped: 0.0052712 seconds, Stopping threads took: 0.0000170 seconds
192.769: [GC (Allocation Failure)  1012198K->695574K(1033728K), 0.0050618 secs]
192.774: [Full GC (Ergonomics)  695574K->8516K(1033728K), 0.0122675 secs]
192.787: Total time for which application threads were stopped: 0.0176038 seconds, Stopping threads took: 0.0000196 seconds
192.855: [GC (Allocation Failure)  329028K->23468K(1029120K), 0.0067049 secs]
192.861: Total time for which application threads were stopped: 0.0068507 seconds, Stopping threads took: 0.0000162 seconds
192.929: [GC (Allocation Failure)  338860K->17374K(1031680K), 0.0035060 secs]
192.933: Total time for which application threads were stopped: 0.0036632 seconds, Stopping threads took: 0.0000266 seconds
192.999: [GC (Allocation Failure)  332766K->17246K(1032704K), 0.0037914 secs]
193.003: Total time for which application threads were stopped: 0.0039598 seconds, Stopping threads took: 0.0000276 seconds
193.067: [GC (Allocation Failure)  334174K->20614K(1032192K), 0.0045254 secs]
193.071: Total time for which application threads were stopped: 0.0046974 seconds, Stopping threads took: 0.0000196 seconds
193.138: [GC (Allocation Failure)  337542K->25384K(1033216K), 0.0035852 secs]
193.142: Total time for which application threads were stopped: 0.0037781 seconds, Stopping threads took: 0.0000198 seconds
193.211: [GC (Allocation Failure)  343336K->25256K(1032704K), 0.0038721 secs]
193.215: Total time for which application threads were stopped: 0.0040296 seconds, Stopping threads took: 0.0000171 seconds
193.281: [GC (Allocation Failure)  343208K->26280K(1033216K), 0.0039158 secs]
193.285: Total time for which application threads were stopped: 0.0040877 seconds, Stopping threads took: 0.0000198 seconds
193.352: [GC (Allocation Failure)  344744K->33323K(1033216K), 0.0038001 secs]
193.356: Total time for which application threads were stopped: 0.0039988 seconds, Stopping threads took: 0.0000202 seconds
193.423: [GC (Allocation Failure)  351787K->33259K(1033728K), 0.0036942 secs]
193.427: Total time for which application threads were stopped: 0.0038721 seconds, Stopping threads took: 0.0000280 seconds
193.493: [GC (Allocation Failure)  352235K->34955K(1033216K), 0.0053428 secs]
193.499: Total time for which application threads were stopped: 0.0055318 seconds, Stopping threads took: 0.0000202 seconds
193.567: [GC (Allocation Failure)  353931K->41389K(1033728K), 0.0038483 secs]
193.571: Total time for which application threads were stopped: 0.0040280 seconds, Stopping threads took: 0.0000218 seconds
193.638: [GC (Allocation Failure)  360877K->41325K(1033728K), 0.0039610 secs]
193.642: Total time for which application threads were stopped: 0.0041208 seconds, Stopping threads took: 0.0000177 seconds
193.708: [GC (Allocation Failure)  360813K->41677K(1033728K), 0.0037739 secs]
193.712: Total time for which application threads were stopped: 0.0039334 seconds, Stopping threads took: 0.0000191 seconds
193.780: [GC (Allocation Failure)  361165K->49359K(1033728K), 0.0039152 secs]
193.784: Total time for which application threads were stopped: 0.0040757 seconds, Stopping threads took: 0.0000192 seconds
193.852: [GC (Allocation Failure)  368847K->49359K(1033728K), 0.0035870 secs]
193.856: Total time for which application threads were stopped: 0.0037476 seconds, Stopping threads took: 0.0000189 seconds
193.922: [GC (Allocation Failure)  368847K->52967K(1033728K), 0.0044266 secs]
193.927: Total time for which application threads were stopped: 0.0045898 seconds, Stopping threads took: 0.0000259 seconds
193.996: [GC (Allocation Failure)  372455K->57481K(1034240K), 0.0038765 secs]
194.000: Total time for which application threads were stopped: 0.0040366 seconds, Stopping threads took: 0.0000174 seconds
194.068: [GC (Allocation Failure)  377993K->57417K(1034240K), 0.0036433 secs]
194.071: Total time for which application threads were stopped: 0.0038143 seconds, Stopping threads took: 0.0000199 seconds
194.138: [GC (Allocation Failure)  377929K->58121K(1034240K), 0.0038197 secs]
194.142: Total time for which application threads were stopped: 0.0040155 seconds, Stopping threads took: 0.0000197 seconds
194.211: [GC (Allocation Failure)  378633K->65452K(1034240K), 0.0036614 secs]
194.215: Total time for which application threads were stopped: 0.0038193 seconds, Stopping threads took: 0.0000198 seconds
194.282: [GC (Allocation Failure)  385964K->65420K(1034240K), 0.0035966 secs]
194.286: Total time for which application threads were stopped: 0.0037623 seconds, Stopping threads took: 0.0000187 seconds
194.352: [GC (Allocation Failure)  385932K->66372K(1034240K), 0.0055903 secs]
194.358: Total time for which application threads were stopped: 0.0057667 seconds, Stopping threads took: 0.0000198 seconds
194.427: [GC (Allocation Failure)  386884K->73478K(1034240K), 0.0037730 secs]
194.431: Total time for which application threads were stopped: 0.0039355 seconds, Stopping threads took: 0.0000263 seconds
194.499: [GC (Allocation Failure)  393990K->73478K(1034240K), 0.0039063 secs]
194.503: Total time for which application threads were stopped: 0.0040969 seconds, Stopping threads took: 0.0000290 seconds
194.570: [GC (Allocation Failure)  393990K->74598K(1034240K), 0.0040552 secs]
194.574: Total time for which application threads were stopped: 0.0042360 seconds, Stopping threads took: 0.0000283 seconds
194.642: [GC (Allocation Failure)  395110K->81512K(1034240K), 0.0045953 secs]
194.647: Total time for which application threads were stopped: 0.0047617 seconds, Stopping threads took: 0.0000192 seconds
194.714: [GC (Allocation Failure)  402024K->81512K(1034240K), 0.0039411 secs]
194.718: Total time for which application threads were stopped: 0.0041113 seconds, Stopping threads took: 0.0000197 seconds
194.785: [GC (Allocation Failure)  402024K->81832K(1020416K), 0.0039187 secs]
194.789: Total time for which application threads were stopped: 0.0040861 seconds, Stopping threads took: 0.0000190 seconds
194.857: [GC (Allocation Failure)  402344K->89546K(1033728K), 0.0040801 secs]
194.861: Total time for which application threads were stopped: 0.0042475 seconds, Stopping threads took: 0.0000201 seconds
194.928: [GC (Allocation Failure)  409034K->89514K(1033728K), 0.0037731 secs]
194.932: Total time for which application threads were stopped: 0.0039413 seconds, Stopping threads took: 0.0000256 seconds
194.998: [GC (Allocation Failure)  409002K->90058K(1033728K), 0.0039100 secs]
195.002: Total time for which application threads were stopped: 0.0040772 seconds, Stopping threads took: 0.0000259 seconds
195.071: [GC (Allocation Failure)  409546K->97613K(1033728K), 0.0038528 secs]
195.075: Total time for which application threads were stopped: 0.0040237 seconds, Stopping threads took: 0.0000203 seconds
195.142: [GC (Allocation Failure)  417101K->97549K(1033728K), 0.0039074 secs]
195.146: Total time for which application threads were stopped: 0.0040686 seconds, Stopping threads took: 0.0000198 seconds
195.212: [GC (Allocation Failure)  417037K->98285K(1033728K), 0.0038201 secs]
195.216: Total time for which application threads were stopped: 0.0039820 seconds, Stopping threads took: 0.0000197 seconds
195.284: [GC (Allocation Failure)  417773K->105583K(1033728K), 0.0040201 secs]
195.288: Total time for which application threads were stopped: 0.0041870 seconds, Stopping threads took: 0.0000186 seconds
195.355: [GC (Allocation Failure)  425071K->105583K(1033728K), 0.0040450 secs]
195.359: Total time for which application threads were stopped: 0.0042257 seconds, Stopping threads took: 0.0000201 seconds
195.426: [GC (Allocation Failure)  425071K->107591K(1033728K), 0.0041006 secs]
195.430: Total time for which application threads were stopped: 0.0042745 seconds, Stopping threads took: 0.0000260 seconds
195.498: [GC (Allocation Failure)  427079K->113609K(1033728K), 0.0038106 secs]
195.502: Total time for which application threads were stopped: 0.0039764 seconds, Stopping threads took: 0.0000260 seconds
195.570: [GC (Allocation Failure)  433097K->113641K(1033728K), 0.0039332 secs]
195.574: Total time for which application threads were stopped: 0.0040990 seconds, Stopping threads took: 0.0000215 seconds
195.643: [GC (Allocation Failure)  433129K->114729K(1033728K), 0.0041173 secs]
195.648: Total time for which application threads were stopped: 0.0042877 seconds, Stopping threads took: 0.0000200 seconds
195.715: [GC (Allocation Failure)  434217K->121675K(1033728K), 0.0040134 secs]
195.719: Total time for which application threads were stopped: 0.0041700 seconds, Stopping threads took: 0.0000194 seconds
195.788: [GC (Allocation Failure)  441163K->121643K(1033728K), 0.0039292 secs]
195.792: Total time for which application threads were stopped: 0.0041074 seconds, Stopping threads took: 0.0000277 seconds
195.859: [GC (Allocation Failure)  441131K->121995K(1033728K), 0.0040290 secs]
195.863: Total time for which application threads were stopped: 0.0041929 seconds, Stopping threads took: 0.0000202 seconds
195.931: [GC (Allocation Failure)  441483K->129710K(1033728K), 0.0037459 secs]
195.934: Total time for which application threads were stopped: 0.0039076 seconds, Stopping threads took: 0.0000189 seconds
196.002: [GC (Allocation Failure)  449198K->129678K(1033728K), 0.0045741 secs]
196.007: Total time for which application threads were stopped: 0.0047476 seconds, Stopping threads took: 0.0000202 seconds
196.074: [GC (Allocation Failure)  449166K->130214K(1033728K), 0.0039628 secs]
196.078: Total time for which application threads were stopped: 0.0041311 seconds, Stopping threads took: 0.0000220 seconds
196.145: [GC (Allocation Failure)  449702K->137736K(1033728K), 0.0039696 secs]
196.149: Total time for which application threads were stopped: 0.0041377 seconds, Stopping threads took: 0.0000203 seconds
196.216: [GC (Allocation Failure)  457224K->137736K(1033728K), 0.0040004 secs]
196.220: Total time for which application threads were stopped: 0.0041690 seconds, Stopping threads took: 0.0000190 seconds
196.288: [GC (Allocation Failure)  457224K->138440K(1033728K), 0.0041879 secs]
196.292: Total time for which application threads were stopped: 0.0043587 seconds, Stopping threads took: 0.0000188 seconds
196.360: [GC (Allocation Failure)  457928K->145738K(1033728K), 0.0037335 secs]
196.363: Total time for which application threads were stopped: 0.0038837 seconds, Stopping threads took: 0.0000167 seconds
196.431: [GC (Allocation Failure)  465226K->145738K(1033728K), 0.0039227 secs]
196.435: Total time for which application threads were stopped: 0.0040832 seconds, Stopping threads took: 0.0000191 seconds
196.501: [GC (Allocation Failure)  465226K->146634K(1033728K), 0.0048016 secs]
196.506: Total time for which application threads were stopped: 0.0049740 seconds, Stopping threads took: 0.0000200 seconds
196.576: [GC (Allocation Failure)  466122K->153772K(1033728K), 0.0038880 secs]
196.580: Total time for which application threads were stopped: 0.0040583 seconds, Stopping threads took: 0.0000193 seconds
196.647: [GC (Allocation Failure)  473260K->153772K(1033728K), 0.0039589 secs]
196.651: Total time for which application threads were stopped: 0.0041097 seconds, Stopping threads took: 0.0000167 seconds
196.717: [GC (Allocation Failure)  473260K->153868K(1033728K), 0.0040799 secs]
196.721: Total time for which application threads were stopped: 0.0042559 seconds, Stopping threads took: 0.0000193 seconds
196.788: [GC (Allocation Failure)  473356K->161839K(1027072K), 0.0040238 secs]
196.793: Total time for which application threads were stopped: 0.0041924 seconds, Stopping threads took: 0.0000195 seconds
196.859: [GC (Allocation Failure)  481327K->161807K(1033216K), 0.0041799 secs]
196.863: Total time for which application threads were stopped: 0.0043382 seconds, Stopping threads took: 0.0000190 seconds
196.930: [GC (Allocation Failure)  480271K->162119K(1033216K), 0.0039341 secs]
196.934: Total time for which application threads were stopped: 0.0040900 seconds, Stopping threads took: 0.0000188 seconds
197.003: [GC (Allocation Failure)  480583K->169833K(1033216K), 0.0040755 secs]
197.007: Total time for which application threads were stopped: 0.0042245 seconds, Stopping threads took: 0.0000172 seconds
197.073: [GC (Allocation Failure)  488297K->169833K(1033216K), 0.0042805 secs]
197.077: Total time for which application threads were stopped: 0.0044783 seconds, Stopping threads took: 0.0000199 seconds
197.143: [GC (Allocation Failure)  488297K->170377K(1033216K), 0.0041539 secs]
197.148: Total time for which application threads were stopped: 0.0043388 seconds, Stopping threads took: 0.0000171 seconds
197.215: [GC (Allocation Failure)  488841K->177835K(1033216K), 0.0041341 secs]
197.219: Total time for which application threads were stopped: 0.0043077 seconds, Stopping threads took: 0.0000196 seconds
197.287: [GC (Allocation Failure)  496299K->177899K(1033216K), 0.0040370 secs]
197.291: Total time for which application threads were stopped: 0.0042242 seconds, Stopping threads took: 0.0000199 seconds
197.356: [GC (Allocation Failure)  496363K->178091K(1033216K), 0.0040014 secs]
197.360: Total time for which application threads were stopped: 0.0041952 seconds, Stopping threads took: 0.0000200 seconds
197.427: [GC (Allocation Failure)  496555K->185934K(1033216K), 0.0039496 secs]
197.431: Total time for which application threads were stopped: 0.0041097 seconds, Stopping threads took: 0.0000190 seconds
197.496: [GC (Allocation Failure)  504398K->185902K(1033216K), 0.0039186 secs]
197.500: Total time for which application threads were stopped: 0.0040778 seconds, Stopping threads took: 0.0000190 seconds
197.566: [GC (Allocation Failure)  504366K->186022K(1033216K), 0.0040459 secs]
197.570: Total time for which application threads were stopped: 0.0042140 seconds, Stopping threads took: 0.0000185 seconds
197.638: [GC (Allocation Failure)  504486K->193960K(1033216K), 0.0042646 secs]
197.642: Total time for which application threads were stopped: 0.0044333 seconds, Stopping threads took: 0.0000192 seconds
197.708: [GC (Allocation Failure)  512424K->193928K(1033216K), 0.0041161 secs]
197.712: Total time for which application threads were stopped: 0.0043087 seconds, Stopping threads took: 0.0000199 seconds
197.777: [GC (Allocation Failure)  512392K->193992K(1033216K), 0.0040736 secs]
197.782: Total time for which application threads were stopped: 0.0042309 seconds, Stopping threads took: 0.0000171 seconds
197.849: [GC (Allocation Failure)  512456K->201994K(1033216K), 0.0041237 secs]
197.853: Total time for which application threads were stopped: 0.0043272 seconds, Stopping threads took: 0.0000211 seconds
197.920: [GC (Allocation Failure)  520458K->201930K(1033216K), 0.0039395 secs]
197.924: Total time for which application threads were stopped: 0.0041132 seconds, Stopping threads took: 0.0000260 seconds
197.989: [GC (Allocation Failure)  520394K->202282K(1033216K), 0.0041807 secs]
197.993: Total time for which application threads were stopped: 0.0043452 seconds, Stopping threads took: 0.0000187 seconds
198.059: [GC (Allocation Failure)  520746K->210028K(1033216K), 0.0042905 secs]
198.063: Total time for which application threads were stopped: 0.0044827 seconds, Stopping threads took: 0.0000192 seconds
198.131: [GC (Allocation Failure)  528492K->209996K(1033216K), 0.0039614 secs]
198.135: Total time for which application threads were stopped: 0.0041094 seconds, Stopping threads took: 0.0000170 seconds
198.200: [GC (Allocation Failure)  528460K->210244K(1033216K), 0.0043758 secs]
198.205: Total time for which application threads were stopped: 0.0045447 seconds, Stopping threads took: 0.0000192 seconds
198.271: [GC (Allocation Failure)  528708K->217991K(1033216K), 0.0041259 secs]
198.275: Total time for which application threads were stopped: 0.0042884 seconds, Stopping threads took: 0.0000202 seconds
198.340: [GC (Allocation Failure)  536455K->214116K(1033216K), 0.0061368 secs]
198.346: Total time for which application threads were stopped: 0.0063204 seconds, Stopping threads took: 0.0000243 seconds
198.414: [GC (Allocation Failure)  532580K->218191K(1034752K), 0.0042286 secs]
198.418: Total time for which application threads were stopped: 0.0044041 seconds, Stopping threads took: 0.0000204 seconds
198.487: [GC (Allocation Failure)  538703K->222127K(1033728K), 0.0040372 secs]
198.492: Total time for which application threads were stopped: 0.0042307 seconds, Stopping threads took: 0.0000196 seconds
198.560: [GC (Allocation Failure)  542639K->214316K(1034240K), 0.0010370 secs]
198.561: Total time for which application threads were stopped: 0.0011483 seconds, Stopping threads took: 0.0000171 seconds
198.632: [GC (Allocation Failure)  534828K->222223K(1034240K), 0.0040879 secs]
198.636: Total time for which application threads were stopped: 0.0042437 seconds, Stopping threads took: 0.0000181 seconds
198.703: [GC (Allocation Failure)  542735K->226271K(1034240K), 0.0056656 secs]
198.709: Total time for which application threads were stopped: 0.0058820 seconds, Stopping threads took: 0.0000294 seconds
198.777: [GC (Allocation Failure)  546783K->232996K(1034240K), 0.0070839 secs]
198.784: Total time for which application threads were stopped: 0.0072383 seconds, Stopping threads took: 0.0000173 seconds
198.853: [GC (Allocation Failure)  553508K->226983K(1029120K), 0.0042750 secs]
198.858: Total time for which application threads were stopped: 0.0044608 seconds, Stopping threads took: 0.0000197 seconds
198.925: [GC (Allocation Failure)  542375K->226759K(1031680K), 0.0040248 secs]
198.929: Total time for which application threads were stopped: 0.0042122 seconds, Stopping threads took: 0.0000273 seconds
198.995: [GC (Allocation Failure)  542151K->221380K(1032704K), 0.0020390 secs]
198.997: Total time for which application threads were stopped: 0.0021997 seconds, Stopping threads took: 0.0000249 seconds
199.067: [GC (Allocation Failure)  538308K->226919K(1032192K), 0.0042874 secs]
199.072: Total time for which application threads were stopped: 0.0044692 seconds, Stopping threads took: 0.0000218 seconds
199.138: [GC (Allocation Failure)  543847K->226759K(1033216K), 0.0042982 secs]
199.142: Total time for which application threads were stopped: 0.0044672 seconds, Stopping threads took: 0.0000195 seconds
199.209: [GC (Allocation Failure)  544711K->230151K(1032704K), 0.0049536 secs]
199.214: Total time for which application threads were stopped: 0.0051267 seconds, Stopping threads took: 0.0000198 seconds
199.282: [GC (Allocation Failure)  548103K->234921K(1033728K), 0.0041842 secs]
199.286: Total time for which application threads were stopped: 0.0043574 seconds, Stopping threads took: 0.0000201 seconds
199.353: [GC (Allocation Failure)  553897K->234793K(1033216K), 0.0042110 secs]
199.357: Total time for which application threads were stopped: 0.0043863 seconds, Stopping threads took: 0.0000196 seconds
199.424: [GC (Allocation Failure)  553769K->238857K(1034240K), 0.0049822 secs]
199.429: Total time for which application threads were stopped: 0.0051423 seconds, Stopping threads took: 0.0000192 seconds
199.497: [GC (Allocation Failure)  558857K->242859K(1033728K), 0.0069701 secs]
199.504: Total time for which application threads were stopped: 0.0071384 seconds, Stopping threads took: 0.0000206 seconds
199.571: [GC (Allocation Failure)  562859K->242763K(1034752K), 0.0041709 secs]
199.576: Total time for which application threads were stopped: 0.0043520 seconds, Stopping threads took: 0.0000213 seconds
199.644: [GC (Allocation Failure)  563787K->244587K(1034240K), 0.0043416 secs]
199.648: Total time for which application threads were stopped: 0.0045342 seconds, Stopping threads took: 0.0000252 seconds
199.718: [GC (Allocation Failure)  565611K->250861K(1034240K), 0.0040465 secs]
199.722: Total time for which application threads were stopped: 0.0042113 seconds, Stopping threads took: 0.0000176 seconds
199.789: [GC (Allocation Failure)  571373K->250861K(1034240K), 0.0040103 secs]
199.793: Total time for which application threads were stopped: 0.0041886 seconds, Stopping threads took: 0.0000194 seconds
199.861: [GC (Allocation Failure)  571373K->251277K(1033728K), 0.0041516 secs]
199.865: Total time for which application threads were stopped: 0.0043082 seconds, Stopping threads took: 0.0000188 seconds
199.933: [GC (Allocation Failure)  571789K->258896K(1034240K), 0.0040121 secs]
199.937: Total time for which application threads were stopped: 0.0041723 seconds, Stopping threads took: 0.0000262 seconds
200.006: [GC (Allocation Failure)  579408K->258864K(1034240K), 0.0041431 secs]
200.010: Total time for which application threads were stopped: 0.0043185 seconds, Stopping threads took: 0.0000202 seconds
200.079: [GC (Allocation Failure)  579376K->261544K(1034240K), 0.0046104 secs]
200.083: Total time for which application threads were stopped: 0.0048050 seconds, Stopping threads took: 0.0000199 seconds
200.152: [GC (Allocation Failure)  582056K->266922K(1034752K), 0.0041969 secs]
200.156: Total time for which application threads were stopped: 0.0043471 seconds, Stopping threads took: 0.0000171 seconds
200.224: [GC (Allocation Failure)  588458K->266922K(1034752K), 0.0043849 secs]
200.229: Total time for which application threads were stopped: 0.0045632 seconds, Stopping threads took: 0.0000193 seconds
200.294: [GC (Allocation Failure)  588458K->269770K(1034752K), 0.0046188 secs]
200.299: Total time for which application threads were stopped: 0.0048155 seconds, Stopping threads took: 0.0000249 seconds
200.369: [GC (Allocation Failure)  591306K->275020K(1034752K), 0.0042587 secs]
200.373: Total time for which application threads were stopped: 0.0044155 seconds, Stopping threads took: 0.0000171 seconds
200.441: [GC (Allocation Failure)  596556K->274924K(1034752K), 0.0041757 secs]
200.445: Total time for which application threads were stopped: 0.0043711 seconds, Stopping threads took: 0.0000191 seconds
200.512: [GC (Allocation Failure)  596460K->279052K(1034752K), 0.0053507 secs]
200.518: Total time for which application threads were stopped: 0.0055260 seconds, Stopping threads took: 0.0000195 seconds
200.585: [GC (Allocation Failure)  600588K->283022K(1035264K), 0.0042863 secs]
200.590: Total time for which application threads were stopped: 0.0044727 seconds, Stopping threads took: 0.0000198 seconds
200.659: [GC (Allocation Failure)  605582K->282958K(1035264K), 0.0043157 secs]
200.663: Total time for which application threads were stopped: 0.0044829 seconds, Stopping threads took: 0.0000191 seconds
200.731: [GC (Allocation Failure)  605518K->286214K(1035264K), 0.0049519 secs]
200.736: Total time for which application threads were stopped: 0.0051486 seconds, Stopping threads took: 0.0000201 seconds
200.806: [GC (Allocation Failure)  608774K->290985K(1035264K), 0.0042048 secs]
200.810: Total time for which application threads were stopped: 0.0043732 seconds, Stopping threads took: 0.0000271 seconds
200.877: [GC (Allocation Failure)  613545K->291017K(1035264K), 0.0044148 secs]
200.882: Total time for which application threads were stopped: 0.0045942 seconds, Stopping threads took: 0.0000198 seconds
200.950: [GC (Allocation Failure)  613577K->294473K(1035264K), 0.0050022 secs]
200.955: Total time for which application threads were stopped: 0.0052084 seconds, Stopping threads took: 0.0000260 seconds
201.023: [GC (Allocation Failure)  617033K->299051K(1035264K), 0.0045076 secs]
201.028: Total time for which application threads were stopped: 0.0046807 seconds, Stopping threads took: 0.0000201 seconds
201.095: [GC (Allocation Failure)  621611K->299019K(1035264K), 0.0042379 secs]
201.100: Total time for which application threads were stopped: 0.0044026 seconds, Stopping threads took: 0.0000185 seconds
201.165: [GC (Allocation Failure)  621579K->302691K(1035776K), 0.0050913 secs]
201.170: Total time for which application threads were stopped: 0.0052806 seconds, Stopping threads took: 0.0000186 seconds
201.239: [GC (Allocation Failure)  625763K->307077K(1035264K), 0.0042490 secs]
201.243: Total time for which application threads were stopped: 0.0044005 seconds, Stopping threads took: 0.0000177 seconds
201.310: [GC (Allocation Failure)  630149K->307077K(1035776K), 0.0042840 secs]
201.314: Total time for which application threads were stopped: 0.0044759 seconds, Stopping threads took: 0.0000194 seconds
201.383: [GC (Allocation Failure)  630661K->308877K(1025024K), 0.0045373 secs]
201.388: Total time for which application threads were stopped: 0.0047267 seconds, Stopping threads took: 0.0000165 seconds
201.458: [GC (Allocation Failure)  632461K->315184K(1035264K), 0.0064457 secs]
201.465: Total time for which application threads were stopped: 0.0066137 seconds, Stopping threads took: 0.0000278 seconds
201.533: [GC (Allocation Failure)  637744K->315120K(1035264K), 0.0042713 secs]
201.537: Total time for which application threads were stopped: 0.0044655 seconds, Stopping threads took: 0.0000196 seconds
201.606: [GC (Allocation Failure)  637680K->310093K(1035264K), 0.0054482 secs]
201.611: Total time for which application threads were stopped: 0.0056420 seconds, Stopping threads took: 0.0000220 seconds
201.679: [GC (Allocation Failure)  632653K->315152K(1035264K), 0.0043048 secs]
201.683: Total time for which application threads were stopped: 0.0045013 seconds, Stopping threads took: 0.0000197 seconds
201.753: [GC (Allocation Failure)  637712K->315088K(1035264K), 0.0042417 secs]
201.758: Total time for which application threads were stopped: 0.0043920 seconds, Stopping threads took: 0.0000174 seconds
201.826: [GC (Allocation Failure)  637648K->314445K(1035264K), 0.0041627 secs]
201.830: Total time for which application threads were stopped: 0.0043387 seconds, Stopping threads took: 0.0000194 seconds
201.899: [GC (Allocation Failure)  637005K->315344K(1035776K), 0.0044396 secs]
201.904: Total time for which application threads were stopped: 0.0046307 seconds, Stopping threads took: 0.0000207 seconds
201.974: [GC (Allocation Failure)  638928K->315088K(1035776K), 0.0040916 secs]
201.978: Total time for which application threads were stopped: 0.0042434 seconds, Stopping threads took: 0.0000177 seconds
202.043: [GC (Allocation Failure)  638672K->320717K(1031680K), 0.0069088 secs]
202.050: Total time for which application threads were stopped: 0.0071085 seconds, Stopping threads took: 0.0000207 seconds
202.117: [GC (Allocation Failure)  640205K->316208K(1033728K), 0.0044027 secs]
202.121: Total time for which application threads were stopped: 0.0046047 seconds, Stopping threads took: 0.0000203 seconds
202.189: [GC (Allocation Failure)  635696K->315984K(1034752K), 0.0043475 secs]
202.194: Total time for which application threads were stopped: 0.0044968 seconds, Stopping threads took: 0.0000171 seconds
202.260: [GC (Allocation Failure)  637008K->318317K(1034240K), 0.0054359 secs]
202.266: Total time for which application threads were stopped: 0.0056077 seconds, Stopping threads took: 0.0000190 seconds
202.333: [GC (Allocation Failure)  639341K->316112K(1034752K), 0.0040147 secs]
202.337: Total time for which application threads were stopped: 0.0041865 seconds, Stopping threads took: 0.0000208 seconds
202.404: [GC (Allocation Failure)  637136K->316016K(1034240K), 0.0043165 secs]
202.409: Total time for which application threads were stopped: 0.0044866 seconds, Stopping threads took: 0.0000199 seconds
202.476: [GC (Allocation Failure)  637040K->317965K(1035264K), 0.0051166 secs]
202.481: Total time for which application threads were stopped: 0.0052845 seconds, Stopping threads took: 0.0000194 seconds
202.548: [GC (Allocation Failure)  640525K->316112K(1035264K), 0.0040369 secs]
202.553: Total time for which application threads were stopped: 0.0042276 seconds, Stopping threads took: 0.0000186 seconds
202.624: [GC (Allocation Failure)  638672K->315952K(1036288K), 0.0047167 secs]
202.629: Total time for which application threads were stopped: 0.0048771 seconds, Stopping threads took: 0.0000187 seconds
202.697: [GC (Allocation Failure)  640048K->323757K(1035776K), 0.0078868 secs]
202.705: Total time for which application threads were stopped: 0.0080843 seconds, Stopping threads took: 0.0000199 seconds
202.775: [GC (Allocation Failure)  647853K->319568K(1032704K), 0.0044872 secs]
202.779: Total time for which application threads were stopped: 0.0046834 seconds, Stopping threads took: 0.0000194 seconds
202.847: [GC (Allocation Failure)  640080K->319504K(1034240K), 0.0042245 secs]
202.851: Total time for which application threads were stopped: 0.0044154 seconds, Stopping threads took: 0.0000196 seconds
202.919: [GC (Allocation Failure)  640016K->312717K(1033216K), 0.0015219 secs]
202.920: Total time for which application threads were stopped: 0.0016414 seconds, Stopping threads took: 0.0000174 seconds
202.988: [GC (Allocation Failure)  632205K->319792K(1033728K), 0.0040681 secs]
202.992: Total time for which application threads were stopped: 0.0042264 seconds, Stopping threads took: 0.0000251 seconds
203.059: [GC (Allocation Failure)  639280K->323672K(1034752K), 0.0052392 secs]
203.065: Total time for which application threads were stopped: 0.0054110 seconds, Stopping threads took: 0.0000253 seconds
203.131: [GC (Allocation Failure)  644696K->329805K(1034240K), 0.0071036 secs]
203.138: Total time for which application threads were stopped: 0.0072690 seconds, Stopping threads took: 0.0000199 seconds
203.206: [GC (Allocation Failure)  650829K->324240K(1033216K), 0.0043295 secs]
203.211: Total time for which application threads were stopped: 0.0045327 seconds, Stopping threads took: 0.0000203 seconds
203.279: [GC (Allocation Failure)  643728K->324048K(1033728K), 0.0043644 secs]
203.284: Total time for which application threads were stopped: 0.0045309 seconds, Stopping threads took: 0.0000197 seconds
203.349: [GC (Allocation Failure)  643536K->326861K(1033216K), 0.0054761 secs]
203.355: Total time for which application threads were stopped: 0.0056559 seconds, Stopping threads took: 0.0000260 seconds
203.421: [GC (Allocation Failure)  646349K->324176K(1033728K), 0.0042335 secs]
203.426: Total time for which application threads were stopped: 0.0044438 seconds, Stopping threads took: 0.0000194 seconds
203.495: [GC (Allocation Failure)  643664K->324080K(1034752K), 0.0042376 secs]
203.499: Total time for which application threads were stopped: 0.0044210 seconds, Stopping threads took: 0.0000173 seconds
203.568: [GC (Allocation Failure)  645104K->323437K(1034240K), 0.0041989 secs]
203.572: Total time for which application threads were stopped: 0.0043718 seconds, Stopping threads took: 0.0000163 seconds
203.643: [GC (Allocation Failure)  644461K->324144K(1035264K), 0.0042065 secs]
203.647: Total time for which application threads were stopped: 0.0043841 seconds, Stopping threads took: 0.0000272 seconds
203.716: [GC (Allocation Failure)  646704K->324080K(1035264K), 0.0043335 secs]
203.720: Total time for which application threads were stopped: 0.0045093 seconds, Stopping threads took: 0.0000203 seconds
203.788: [GC (Allocation Failure)  646640K->326221K(1035776K), 0.0051070 secs]
203.793: Total time for which application threads were stopped: 0.0052668 seconds, Stopping threads took: 0.0000188 seconds
203.862: [GC (Allocation Failure)  649805K->324080K(1035776K), 0.0043359 secs]
203.866: Total time for which application threads were stopped: 0.0044949 seconds, Stopping threads took: 0.0000192 seconds
203.932: [GC (Allocation Failure)  647664K->324048K(1036288K), 0.0043388 secs]
203.937: Total time for which application threads were stopped: 0.0044979 seconds, Stopping threads took: 0.0000255 seconds
204.004: [GC (Allocation Failure)  648144K->317741K(1025536K), 0.0017196 secs]
204.006: Total time for which application threads were stopped: 0.0018805 seconds, Stopping threads took: 0.0000195 seconds
204.073: [GC (Allocation Failure)  641837K->324272K(1035776K), 0.0043907 secs]
204.077: Total time for which application threads were stopped: 0.0045865 seconds, Stopping threads took: 0.0000189 seconds
204.147: [GC (Allocation Failure)  647344K->328232K(1035264K), 0.0048068 secs]
204.152: Total time for which application threads were stopped: 0.0049627 seconds, Stopping threads took: 0.0000171 seconds
204.219: [GC (Allocation Failure)  651304K->328200K(1036288K), 0.0042482 secs]
204.223: Total time for which application threads were stopped: 0.0044061 seconds, Stopping threads took: 0.0000189 seconds
204.288: [GC (Allocation Failure)  652808K->328424K(1024512K), 0.0042916 secs]
204.293: Total time for which application threads were stopped: 0.0044534 seconds, Stopping threads took: 0.0000201 seconds
204.362: [GC (Allocation Failure)  653032K->336266K(1035776K), 0.0042104 secs]
204.366: Total time for which application threads were stopped: 0.0043794 seconds, Stopping threads took: 0.0000190 seconds
204.435: [GC (Allocation Failure)  659850K->336266K(1035776K), 0.0040352 secs]
204.439: Total time for which application threads were stopped: 0.0042034 seconds, Stopping threads took: 0.0000257 seconds
204.506: [GC (Allocation Failure)  659850K->336394K(1034752K), 0.0042434 secs]
204.511: Total time for which application threads were stopped: 0.0044143 seconds, Stopping threads took: 0.0000195 seconds
204.578: [GC (Allocation Failure)  658954K->344300K(1035264K), 0.0044092 secs]
204.582: Total time for which application threads were stopped: 0.0045758 seconds, Stopping threads took: 0.0000206 seconds
204.651: [GC (Allocation Failure)  666860K->344268K(1035264K), 0.0041213 secs]
204.655: Total time for which application threads were stopped: 0.0042853 seconds, Stopping threads took: 0.0000245 seconds
204.723: [GC (Allocation Failure)  666828K->344620K(1022464K), 0.0044186 secs]
204.727: Total time for which application threads were stopped: 0.0045804 seconds, Stopping threads took: 0.0000203 seconds
204.795: [GC (Allocation Failure)  667180K->352302K(1034752K), 0.0043977 secs]
204.800: Total time for which application threads were stopped: 0.0045867 seconds, Stopping threads took: 0.0000272 seconds
204.870: [GC (Allocation Failure)  673838K->352302K(1034752K), 0.0043279 secs]
204.875: Total time for which application threads were stopped: 0.0044980 seconds, Stopping threads took: 0.0000196 seconds
204.941: [GC (Allocation Failure)  673838K->352366K(1034240K), 0.0042583 secs]
204.945: Total time for which application threads were stopped: 0.0044263 seconds, Stopping threads took: 0.0000263 seconds
205.012: [GC (Allocation Failure)  673902K->360369K(1034752K), 0.0045824 secs]
205.017: Total time for which application threads were stopped: 0.0047552 seconds, Stopping threads took: 0.0000196 seconds
205.084: [GC (Allocation Failure)  681905K->360305K(1034752K), 0.0044848 secs]
205.089: Total time for which application threads were stopped: 0.0046499 seconds, Stopping threads took: 0.0000198 seconds
205.154: [GC (Allocation Failure)  681841K->360601K(1021440K), 0.0066077 secs]
205.161: Total time for which application threads were stopped: 0.0067979 seconds, Stopping threads took: 0.0000194 seconds
205.228: [GC (Allocation Failure)  682137K->368379K(1034240K), 0.0043740 secs]
205.233: Total time for which application threads were stopped: 0.0045697 seconds, Stopping threads took: 0.0000193 seconds
205.301: [GC (Allocation Failure)  688891K->368379K(1034240K), 0.0042797 secs]
205.306: Total time for which application threads were stopped: 0.0044360 seconds, Stopping threads took: 0.0000168 seconds
205.374: [GC (Allocation Failure)  688891K->368443K(1034240K), 0.0050121 secs]
205.379: Total time for which application threads were stopped: 0.0051750 seconds, Stopping threads took: 0.0000202 seconds
205.447: [GC (Allocation Failure)  688955K->376413K(1034240K), 0.0043542 secs]
205.452: Total time for which application threads were stopped: 0.0045353 seconds, Stopping threads took: 0.0000266 seconds
205.521: [GC (Allocation Failure)  696925K->376381K(1034240K), 0.0042921 secs]
205.525: Total time for which application threads were stopped: 0.0044543 seconds, Stopping threads took: 0.0000260 seconds
205.594: [GC (Allocation Failure)  696893K->376573K(1020416K), 0.0043962 secs]
205.598: Total time for which application threads were stopped: 0.0045683 seconds, Stopping threads took: 0.0000193 seconds
205.667: [GC (Allocation Failure)  697085K->384479K(1033728K), 0.0045230 secs]
205.672: Total time for which application threads were stopped: 0.0047148 seconds, Stopping threads took: 0.0000256 seconds
205.739: [GC (Allocation Failure)  703967K->384447K(1033728K), 0.0044911 secs]
205.744: Total time for which application threads were stopped: 0.0046675 seconds, Stopping threads took: 0.0000199 seconds
205.810: [GC (Allocation Failure)  703935K->384807K(1033728K), 0.0044899 secs]
205.814: Total time for which application threads were stopped: 0.0046653 seconds, Stopping threads took: 0.0000214 seconds
205.881: [GC (Allocation Failure)  704295K->392490K(1033728K), 0.0044843 secs]
205.886: Total time for which application threads were stopped: 0.0046472 seconds, Stopping threads took: 0.0000190 seconds
205.954: [GC (Allocation Failure)  711978K->392490K(1033728K), 0.0041101 secs]
205.958: Total time for which application threads were stopped: 0.0042807 seconds, Stopping threads took: 0.0000260 seconds
206.026: [GC (Allocation Failure)  711978K->393034K(1033728K), 0.0044152 secs]
206.030: Total time for which application threads were stopped: 0.0045794 seconds, Stopping threads took: 0.0000194 seconds
206.099: [GC (Allocation Failure)  712522K->400524K(1033728K), 0.0042540 secs]
206.103: Total time for which application threads were stopped: 0.0044231 seconds, Stopping threads took: 0.0000244 seconds
206.170: [GC (Allocation Failure)  720012K->400524K(1033728K), 0.0045557 secs]
206.175: Total time for which application threads were stopped: 0.0047195 seconds, Stopping threads took: 0.0000200 seconds
206.241: [GC (Allocation Failure)  720012K->400748K(1033728K), 0.0051893 secs]
206.246: Total time for which application threads were stopped: 0.0053513 seconds, Stopping threads took: 0.0000193 seconds
206.314: [GC (Allocation Failure)  720236K->408590K(1027072K), 0.0043445 secs]
206.319: Total time for which application threads were stopped: 0.0045080 seconds, Stopping threads took: 0.0000195 seconds
206.386: [GC (Allocation Failure)  728078K->408526K(1033216K), 0.0044614 secs]
206.390: Total time for which application threads were stopped: 0.0046346 seconds, Stopping threads took: 0.0000198 seconds
206.458: [GC (Allocation Failure)  726990K->408750K(1033216K), 0.0045317 secs]
206.462: Total time for which application threads were stopped: 0.0046915 seconds, Stopping threads took: 0.0000183 seconds
206.530: [GC (Allocation Failure)  727214K->416592K(1033216K), 0.0045080 secs]
206.534: Total time for which application threads were stopped: 0.0046987 seconds, Stopping threads took: 0.0000197 seconds
206.599: [GC (Allocation Failure)  735056K->409134K(1033216K), 0.0015385 secs]
206.601: Total time for which application threads were stopped: 0.0016726 seconds, Stopping threads took: 0.0000212 seconds
206.670: [GC (Allocation Failure)  727598K->416712K(1033216K), 0.0043776 secs]
206.675: Total time for which application threads were stopped: 0.0045711 seconds, Stopping threads took: 0.0000196 seconds
206.741: [GC (Allocation Failure)  735176K->420736K(1033216K), 0.0073992 secs]
206.749: Total time for which application threads were stopped: 0.0075611 seconds, Stopping threads took: 0.0000195 seconds
206.815: [GC (Allocation Failure)  739200K->421630K(1033216K), 0.0049266 secs]
206.820: Total time for which application threads were stopped: 0.0050884 seconds, Stopping threads took: 0.0000189 seconds
206.887: [GC (Allocation Failure)  740094K->420800K(1033216K), 0.0045736 secs]
206.892: Total time for which application threads were stopped: 0.0047444 seconds, Stopping threads took: 0.0000196 seconds
206.959: [GC (Allocation Failure)  739264K->420736K(1033216K), 0.0045558 secs]
206.964: Total time for which application threads were stopped: 0.0047097 seconds, Stopping threads took: 0.0000256 seconds
207.028: [GC (Allocation Failure)  739200K->413662K(1033216K), 0.0016944 secs]
207.030: Total time for which application threads were stopped: 0.0018291 seconds, Stopping threads took: 0.0000192 seconds
207.099: [GC (Allocation Failure)  732126K->420960K(1033216K), 0.0045265 secs]
207.103: Total time for which application threads were stopped: 0.0046968 seconds, Stopping threads took: 0.0000193 seconds
207.170: [GC (Allocation Failure)  739424K->420736K(1033216K), 0.0045243 secs]
207.174: Total time for which application threads were stopped: 0.0047072 seconds, Stopping threads took: 0.0000200 seconds
207.239: [GC (Allocation Failure)  739200K->421928K(1033728K), 0.0046011 secs]
207.243: Total time for which application threads were stopped: 0.0047753 seconds, Stopping threads took: 0.0000203 seconds
207.311: [GC (Allocation Failure)  741416K->428843K(1033728K), 0.0045401 secs]
207.315: Total time for which application threads were stopped: 0.0047004 seconds, Stopping threads took: 0.0000200 seconds
207.383: [GC (Allocation Failure)  748331K->428811K(1033728K), 0.0044436 secs]
207.387: Total time for which application threads were stopped: 0.0046014 seconds, Stopping threads took: 0.0000194 seconds
207.452: [GC (Allocation Failure)  748299K->429131K(1033728K), 0.0043922 secs]
207.457: Total time for which application threads were stopped: 0.0045605 seconds, Stopping threads took: 0.0000259 seconds
207.522: [GC (Allocation Failure)  748619K->436909K(1032704K), 0.0046590 secs]
207.527: Total time for which application threads were stopped: 0.0048570 seconds, Stopping threads took: 0.0000256 seconds
207.596: [GC (Allocation Failure)  755373K->436845K(1033216K), 0.0043621 secs]
207.600: Total time for which application threads were stopped: 0.0045144 seconds, Stopping threads took: 0.0000169 seconds
207.666: [GC (Allocation Failure)  755309K->438381K(1033728K), 0.0047127 secs]
207.671: Total time for which application threads were stopped: 0.0049068 seconds, Stopping threads took: 0.0000196 seconds
207.739: [GC (Allocation Failure)  757869K->444911K(1033728K), 0.0045080 secs]
207.744: Total time for which application threads were stopped: 0.0046712 seconds, Stopping threads took: 0.0000198 seconds
207.811: [GC (Allocation Failure)  764399K->444847K(1033728K), 0.0045326 secs]
207.815: Total time for which application threads were stopped: 0.0047057 seconds, Stopping threads took: 0.0000193 seconds
207.883: [GC (Allocation Failure)  764335K->445575K(1033728K), 0.0046478 secs]
207.888: Total time for which application threads were stopped: 0.0048414 seconds, Stopping threads took: 0.0000189 seconds
207.957: [GC (Allocation Failure)  765063K->452874K(1033728K), 0.0047218 secs]
207.962: Total time for which application threads were stopped: 0.0048997 seconds, Stopping threads took: 0.0000282 seconds
208.027: [GC (Allocation Failure)  772362K->452874K(1033728K), 0.0045967 secs]
208.032: Total time for which application threads were stopped: 0.0047728 seconds, Stopping threads took: 0.0000201 seconds
208.100: [GC (Allocation Failure)  772362K->456866K(1034240K), 0.0052807 secs]
208.106: Total time for which application threads were stopped: 0.0054433 seconds, Stopping threads took: 0.0000253 seconds
208.174: [GC (Allocation Failure)  776866K->460900K(1033728K), 0.0046163 secs]
208.178: Total time for which application threads were stopped: 0.0047903 seconds, Stopping threads took: 0.0000202 seconds
208.246: [GC (Allocation Failure)  780900K->460900K(1034240K), 0.0047108 secs]
208.251: Total time for which application threads were stopped: 0.0048769 seconds, Stopping threads took: 0.0000203 seconds
208.318: [GC (Allocation Failure)  781412K->462028K(1034240K), 0.0047877 secs]
208.323: Total time for which application threads were stopped: 0.0049615 seconds, Stopping threads took: 0.0000203 seconds
208.391: [GC (Allocation Failure)  782540K->468974K(1034240K), 0.0045309 secs]
208.395: Total time for which application threads were stopped: 0.0046968 seconds, Stopping threads took: 0.0000206 seconds
208.464: [GC (Allocation Failure)  789486K->468942K(1034240K), 0.0043363 secs]
208.468: Total time for which application threads were stopped: 0.0045067 seconds, Stopping threads took: 0.0000259 seconds
208.537: [GC (Allocation Failure)  789454K->469262K(1034240K), 0.0045371 secs]
208.542: Total time for which application threads were stopped: 0.0046975 seconds, Stopping threads took: 0.0000193 seconds
208.612: [GC (Allocation Failure)  789774K->477072K(1028096K), 0.0060497 secs]
208.618: Total time for which application threads were stopped: 0.0062487 seconds, Stopping threads took: 0.0000258 seconds
208.687: [GC (Allocation Failure)  797584K->476976K(1033728K), 0.0046693 secs]
208.692: Total time for which application threads were stopped: 0.0048376 seconds, Stopping threads took: 0.0000192 seconds
208.759: [GC (Allocation Failure)  796464K->477480K(1033728K), 0.0046061 secs]
208.764: Total time for which application threads were stopped: 0.0047655 seconds, Stopping threads took: 0.0000194 seconds
208.830: [GC (Allocation Failure)  796968K->485067K(1033728K), 0.0044694 secs]
208.835: Total time for which application threads were stopped: 0.0046291 seconds, Stopping threads took: 0.0000186 seconds
208.901: [GC (Allocation Failure)  804555K->485003K(1033728K), 0.0047252 secs]
208.906: Total time for which application threads were stopped: 0.0049101 seconds, Stopping threads took: 0.0000199 seconds
208.975: [GC (Allocation Failure)  804491K->485227K(1033728K), 0.0045669 secs]
208.979: Total time for which application threads were stopped: 0.0047373 seconds, Stopping threads took: 0.0000191 seconds
209.047: [GC (Allocation Failure)  804715K->493101K(1033728K), 0.0045567 secs]
209.052: Total time for which application threads were stopped: 0.0047229 seconds, Stopping threads took: 0.0000200 seconds
209.118: [GC (Allocation Failure)  812589K->493069K(1033728K), 0.0046866 secs]
209.123: Total time for which application threads were stopped: 0.0048698 seconds, Stopping threads took: 0.0000198 seconds
209.189: [GC (Allocation Failure)  812557K->493965K(1033728K), 0.0064578 secs]
209.196: Total time for which application threads were stopped: 0.0066602 seconds, Stopping threads took: 0.0000199 seconds
209.264: [GC (Allocation Failure)  813453K->501103K(1033728K), 0.0047034 secs]
209.269: Total time for which application threads were stopped: 0.0048628 seconds, Stopping threads took: 0.0000186 seconds
209.336: [GC (Allocation Failure)  820591K->501039K(1033728K), 0.0054038 secs]
209.341: Total time for which application threads were stopped: 0.0055834 seconds, Stopping threads took: 0.0000193 seconds
209.408: [GC (Allocation Failure)  820527K->501127K(1033728K), 0.0046285 secs]
209.413: Total time for which application threads were stopped: 0.0048217 seconds, Stopping threads took: 0.0000188 seconds
209.482: [GC (Allocation Failure)  820615K->509097K(1027072K), 0.0044929 secs]
209.487: Total time for which application threads were stopped: 0.0046721 seconds, Stopping threads took: 0.0000273 seconds
209.556: [GC (Allocation Failure)  828585K->509129K(1033728K), 0.0047792 secs]
209.561: Total time for which application threads were stopped: 0.0049432 seconds, Stopping threads took: 0.0000195 seconds
209.627: [GC (Allocation Failure)  828105K->509897K(1033216K), 0.0064473 secs]
209.633: Total time for which application threads were stopped: 0.0066215 seconds, Stopping threads took: 0.0000176 seconds
209.702: [GC (Allocation Failure)  828873K->517164K(1032704K), 0.0045554 secs]
209.707: Total time for which application threads were stopped: 0.0047042 seconds, Stopping threads took: 0.0000169 seconds
209.773: [GC (Allocation Failure)  835628K->517164K(1033216K), 0.0046682 secs]
209.778: Total time for which application threads were stopped: 0.0048461 seconds, Stopping threads took: 0.0000200 seconds
209.842: [GC (Allocation Failure)  835628K->518668K(1033728K), 0.0048300 secs]
209.847: Total time for which application threads were stopped: 0.0050024 seconds, Stopping threads took: 0.0000215 seconds
209.915: [GC (Allocation Failure)  837644K->525198K(1033216K), 0.0047840 secs]
209.920: Total time for which application threads were stopped: 0.0049540 seconds, Stopping threads took: 0.0000188 seconds
209.989: [GC (Allocation Failure)  844174K->525166K(1033728K), 0.0046349 secs]
209.994: Total time for which application threads were stopped: 0.0047967 seconds, Stopping threads took: 0.0000203 seconds
210.060: [GC (Allocation Failure)  844654K->525894K(1033728K), 0.0049336 secs]
210.065: Total time for which application threads were stopped: 0.0051010 seconds, Stopping threads took: 0.0000192 seconds
210.133: [GC (Allocation Failure)  845382K->533224K(1033728K), 0.0047024 secs]
210.138: Total time for which application threads were stopped: 0.0048876 seconds, Stopping threads took: 0.0000276 seconds
210.206: [GC (Allocation Failure)  852712K->533224K(1033728K), 0.0046266 secs]
210.210: Total time for which application threads were stopped: 0.0047966 seconds, Stopping threads took: 0.0000196 seconds
210.277: [GC (Allocation Failure)  852712K->534088K(1033728K), 0.0049108 secs]
210.282: Total time for which application threads were stopped: 0.0050835 seconds, Stopping threads took: 0.0000199 seconds
210.349: [GC (Allocation Failure)  853576K->541258K(1033728K), 0.0046236 secs]
210.354: Total time for which application threads were stopped: 0.0047859 seconds, Stopping threads took: 0.0000204 seconds
210.421: [GC (Allocation Failure)  860746K->541226K(1033728K), 0.0047606 secs]
210.426: Total time for which application threads were stopped: 0.0049223 seconds, Stopping threads took: 0.0000189 seconds
210.493: [GC (Allocation Failure)  860714K->541290K(1019392K), 0.0045462 secs]
210.497: Total time for which application threads were stopped: 0.0047164 seconds, Stopping threads took: 0.0000195 seconds
210.566: [GC (Allocation Failure)  860778K->549293K(1033216K), 0.0047512 secs]
210.571: Total time for which application threads were stopped: 0.0049077 seconds, Stopping threads took: 0.0000171 seconds
210.639: [GC (Allocation Failure)  867757K->549261K(1033216K), 0.0049341 secs]
210.644: Total time for which application threads were stopped: 0.0051042 seconds, Stopping threads took: 0.0000192 seconds
210.709: [GC (Allocation Failure)  867725K->549581K(1033216K), 0.0047973 secs]
210.713: Total time for which application threads were stopped: 0.0049711 seconds, Stopping threads took: 0.0000203 seconds
210.782: [GC (Allocation Failure)  868045K->557295K(1033216K), 0.0048504 secs]
210.787: Total time for which application threads were stopped: 0.0050281 seconds, Stopping threads took: 0.0000194 seconds
210.852: [GC (Allocation Failure)  875759K->557295K(1033216K), 0.0048518 secs]
210.857: Total time for which application threads were stopped: 0.0050232 seconds, Stopping threads took: 0.0000198 seconds
210.921: [GC (Allocation Failure)  875759K->557799K(1033216K), 0.0046439 secs]
210.926: Total time for which application threads were stopped: 0.0048133 seconds, Stopping threads took: 0.0000194 seconds
210.993: [GC (Allocation Failure)  876263K->565321K(1033216K), 0.0049399 secs]
210.998: Total time for which application threads were stopped: 0.0051217 seconds, Stopping threads took: 0.0000260 seconds
211.064: [GC (Allocation Failure)  883785K->565321K(1033216K), 0.0050513 secs]
211.069: Total time for which application threads were stopped: 0.0052180 seconds, Stopping threads took: 0.0000188 seconds
211.135: [GC (Allocation Failure)  883785K->565481K(1033216K), 0.0046322 secs]
211.139: Total time for which application threads were stopped: 0.0047955 seconds, Stopping threads took: 0.0000186 seconds
211.205: [GC (Allocation Failure)  883945K->573388K(1033216K), 0.0047264 secs]
211.210: Total time for which application threads were stopped: 0.0048937 seconds, Stopping threads took: 0.0000197 seconds
211.277: [GC (Allocation Failure)  891852K->573356K(1033216K), 0.0048112 secs]
211.282: Total time for which application threads were stopped: 0.0049717 seconds, Stopping threads took: 0.0000192 seconds
211.347: [GC (Allocation Failure)  891820K->573516K(1033216K), 0.0048441 secs]
211.352: Total time for which application threads were stopped: 0.0050083 seconds, Stopping threads took: 0.0000193 seconds
211.419: [GC (Allocation Failure)  891980K->581422K(1033216K), 0.0050036 secs]
211.424: Total time for which application threads were stopped: 0.0051690 seconds, Stopping threads took: 0.0000198 seconds
211.490: [GC (Allocation Failure)  899886K->581422K(1033216K), 0.0055213 secs]
211.496: Total time for which application threads were stopped: 0.0057036 seconds, Stopping threads took: 0.0000264 seconds
211.564: [GC (Allocation Failure)  899886K->581454K(1033216K), 0.0049290 secs]
211.569: Total time for which application threads were stopped: 0.0050995 seconds, Stopping threads took: 0.0000199 seconds
211.636: [GC (Allocation Failure)  899918K->589424K(1033216K), 0.0048112 secs]
211.641: Total time for which application threads were stopped: 0.0049625 seconds, Stopping threads took: 0.0000161 seconds
211.706: [GC (Allocation Failure)  907888K->589424K(1033216K), 0.0049368 secs]
211.711: Total time for which application threads were stopped: 0.0051089 seconds, Stopping threads took: 0.0000192 seconds
211.776: [GC (Allocation Failure)  907888K->589704K(1033216K), 0.0047659 secs]
211.780: Total time for which application threads were stopped: 0.0049479 seconds, Stopping threads took: 0.0000199 seconds
211.847: [GC (Allocation Failure)  908168K->597450K(1033216K), 0.0054399 secs]
211.853: Total time for which application threads were stopped: 0.0056120 seconds, Stopping threads took: 0.0000199 seconds
211.918: [GC (Allocation Failure)  915914K->597482K(1033216K), 0.0047315 secs]
211.923: Total time for which application threads were stopped: 0.0049112 seconds, Stopping threads took: 0.0000211 seconds
211.987: [GC (Allocation Failure)  915946K->597674K(1033216K), 0.0047178 secs]
211.992: Total time for which application threads were stopped: 0.0048915 seconds, Stopping threads took: 0.0000262 seconds
212.058: [GC (Allocation Failure)  916138K->605453K(1033216K), 0.0048540 secs]
212.062: Total time for which application threads were stopped: 0.0050163 seconds, Stopping threads took: 0.0000202 seconds
212.129: [GC (Allocation Failure)  923916K->601578K(1033728K), 0.0037504 secs]
212.133: Total time for which application threads were stopped: 0.0039506 seconds, Stopping threads took: 0.0000190 seconds
212.202: [GC (Allocation Failure)  920554K->605645K(1033216K), 0.0049364 secs]
212.207: Total time for which application threads were stopped: 0.0050865 seconds, Stopping threads took: 0.0000166 seconds
212.274: [GC (Allocation Failure)  924621K->609645K(1033728K), 0.0047258 secs]
212.279: Total time for which application threads were stopped: 0.0049066 seconds, Stopping threads took: 0.0000201 seconds
212.348: [GC (Allocation Failure)  930157K->617130K(1034240K), 0.0080638 secs]
212.356: Total time for which application threads were stopped: 0.0082346 seconds, Stopping threads took: 0.0000201 seconds
212.423: [GC (Allocation Failure)  937642K->610925K(1029120K), 0.0048220 secs]
212.428: Total time for which application threads were stopped: 0.0049815 seconds, Stopping threads took: 0.0000195 seconds
212.495: [GC (Allocation Failure)  926317K->610893K(1031680K), 0.0060715 secs]
212.501: Total time for which application threads were stopped: 0.0062320 seconds, Stopping threads took: 0.0000170 seconds
212.569: [GC (Allocation Failure)  926285K->606346K(1032704K), 0.0030111 secs]
212.572: Total time for which application threads were stopped: 0.0031701 seconds, Stopping threads took: 0.0000192 seconds
212.639: [GC (Allocation Failure)  923274K->611117K(1032192K), 0.0048393 secs]
212.644: Total time for which application threads were stopped: 0.0049959 seconds, Stopping threads took: 0.0000164 seconds
212.711: [GC (Allocation Failure)  928045K->610861K(1033216K), 0.0049908 secs]
212.716: Total time for which application threads were stopped: 0.0051500 seconds, Stopping threads took: 0.0000194 seconds
212.784: [GC (Allocation Failure)  928813K->611013K(1032704K), 0.0049471 secs]
212.789: Total time for which application threads were stopped: 0.0051597 seconds, Stopping threads took: 0.0000275 seconds
212.858: [GC (Allocation Failure)  928965K->618951K(1033216K), 0.0048838 secs]
212.863: Total time for which application threads were stopped: 0.0050409 seconds, Stopping threads took: 0.0000170 seconds
212.930: [GC (Allocation Failure)  937415K->618855K(1033216K), 0.0054244 secs]
212.935: Total time for which application threads were stopped: 0.0055821 seconds, Stopping threads took: 0.0000188 seconds
213.000: [GC (Allocation Failure)  937319K->622855K(1033728K), 0.0058755 secs]
213.006: Total time for which application threads were stopped: 0.0060697 seconds, Stopping threads took: 0.0000198 seconds
213.072: [GC (Allocation Failure)  941831K->627049K(1033216K), 0.0048043 secs]
213.077: Total time for which application threads were stopped: 0.0049629 seconds, Stopping threads took: 0.0000199 seconds
213.144: [GC (Allocation Failure)  946025K->626953K(1034240K), 0.0047101 secs]
213.149: Total time for which application threads were stopped: 0.0048866 seconds, Stopping threads took: 0.0000183 seconds
213.213: [GC (Allocation Failure)  946953K->629513K(1033728K), 0.0076078 secs]
213.221: Total time for which application threads were stopped: 0.0078215 seconds, Stopping threads took: 0.0000202 seconds
213.290: [GC (Allocation Failure)  949513K->635019K(1034240K), 0.0050114 secs]
213.295: Total time for which application threads were stopped: 0.0051947 seconds, Stopping threads took: 0.0000173 seconds
213.364: [GC (Allocation Failure)  955531K->634955K(1034240K), 0.0046554 secs]
213.369: Total time for which application threads were stopped: 0.0048104 seconds, Stopping threads took: 0.0000165 seconds
213.436: [GC (Allocation Failure)  955467K->635211K(1034240K), 0.0047702 secs]
213.441: Total time for which application threads were stopped: 0.0049315 seconds, Stopping threads took: 0.0000265 seconds
213.510: [GC (Allocation Failure)  955723K->643022K(1034240K), 0.0049253 secs]
213.515: Total time for which application threads were stopped: 0.0051010 seconds, Stopping threads took: 0.0000200 seconds
213.583: [GC (Allocation Failure)  963534K->642990K(1034240K), 0.0048348 secs]
213.588: Total time for which application threads were stopped: 0.0049992 seconds, Stopping threads took: 0.0000200 seconds
213.656: [GC (Allocation Failure)  963502K->645478K(1034240K), 0.0065869 secs]
213.663: Total time for which application threads were stopped: 0.0067581 seconds, Stopping threads took: 0.0000196 seconds
213.731: [GC (Allocation Failure)  965990K->651016K(1034240K), 0.0048735 secs]
213.736: Total time for which application threads were stopped: 0.0050563 seconds, Stopping threads took: 0.0000217 seconds
213.805: [GC (Allocation Failure)  971528K->650984K(1034240K), 0.0047233 secs]
213.810: Total time for which application threads were stopped: 0.0048821 seconds, Stopping threads took: 0.0000169 seconds
213.879: [GC (Allocation Failure)  971496K->651656K(1034240K), 0.0049474 secs]
213.884: Total time for which application threads were stopped: 0.0051188 seconds, Stopping threads took: 0.0000200 seconds
213.953: [GC (Allocation Failure)  972168K->659050K(1034240K), 0.0048000 secs]
213.958: Total time for which application threads were stopped: 0.0049665 seconds, Stopping threads took: 0.0000259 seconds
214.026: [GC (Allocation Failure)  979562K->659082K(1034240K), 0.0050850 secs]
214.031: Total time for which application threads were stopped: 0.0052452 seconds, Stopping threads took: 0.0000195 seconds
214.098: [GC (Allocation Failure)  979594K->661930K(1034240K), 0.0054647 secs]
214.103: Total time for which application threads were stopped: 0.0056337 seconds, Stopping threads took: 0.0000199 seconds
214.171: [GC (Allocation Failure)  982442K->667212K(1034240K), 0.0046099 secs]
214.176: Total time for which application threads were stopped: 0.0047693 seconds, Stopping threads took: 0.0000192 seconds
214.243: [GC (Allocation Failure)  987724K->667084K(1034240K), 0.0050425 secs]
214.248: Total time for which application threads were stopped: 0.0052139 seconds, Stopping threads took: 0.0000203 seconds
214.315: [GC (Allocation Failure)  987596K->668108K(1033728K), 0.0050853 secs]
214.320: Total time for which application threads were stopped: 0.0052488 seconds, Stopping threads took: 0.0000193 seconds
214.388: [GC (Allocation Failure)  988620K->675151K(1034240K), 0.0050291 secs]
214.393: Total time for which application threads were stopped: 0.0051936 seconds, Stopping threads took: 0.0000203 seconds
214.460: [GC (Allocation Failure)  995663K->675119K(1034240K), 0.0057445 secs]
214.466: Total time for which application threads were stopped: 0.0059087 seconds, Stopping threads took: 0.0000262 seconds
214.533: [GC (Allocation Failure)  995631K->675343K(1034240K), 0.0048537 secs]
214.538: Total time for which application threads were stopped: 0.0050141 seconds, Stopping threads took: 0.0000193 seconds
214.606: [GC (Allocation Failure)  995855K->683121K(1034240K), 0.0116469 secs]
214.618: Total time for which application threads were stopped: 0.0117959 seconds, Stopping threads took: 0.0000168 seconds
214.686: [GC (Allocation Failure)  1003633K->683185K(1034240K), 0.0050510 secs]
214.692: Total time for which application threads were stopped: 0.0052116 seconds, Stopping threads took: 0.0000201 seconds
214.759: [GC (Allocation Failure)  1003697K->684553K(1034240K), 0.0050993 secs]
214.764: [Full GC (Ergonomics)  684553K->9898K(1034240K), 0.0148127 secs]
214.779: Total time for which application threads were stopped: 0.0201839 seconds, Stopping threads took: 0.0000194 seconds
214.847: [GC (Allocation Failure)  330410K->20748K(1031168K), 0.0048002 secs]
214.852: Total time for which application threads were stopped: 0.0049705 seconds, Stopping threads took: 0.0000199 seconds
214.919: [GC (Allocation Failure)  341260K->20700K(1033216K), 0.0042663 secs]
214.923: Total time for which application threads were stopped: 0.0044440 seconds, Stopping threads took: 0.0000191 seconds
214.990: [GC (Allocation Failure)  339164K->22356K(1033216K), 0.0037873 secs]
214.993: Total time for which application threads were stopped: 0.0039615 seconds, Stopping threads took: 0.0000266 seconds
215.060: [GC (Allocation Failure)  340820K->28726K(1033216K), 0.0035131 secs]
215.064: Total time for which application threads were stopped: 0.0036740 seconds, Stopping threads took: 0.0000193 seconds
215.129: [GC (Allocation Failure)  347190K->28726K(1033216K), 0.0037631 secs]
215.133: Total time for which application threads were stopped: 0.0039247 seconds, Stopping threads took: 0.0000196 seconds
215.197: [GC (Allocation Failure)  347190K->30582K(1033728K), 0.0041201 secs]
215.201: Total time for which application threads were stopped: 0.0043257 seconds, Stopping threads took: 0.0000197 seconds
215.271: [GC (Allocation Failure)  350070K->36761K(1033728K), 0.0035155 secs]
215.274: Total time for which application threads were stopped: 0.0036792 seconds, Stopping threads took: 0.0000164 seconds
215.344: [GC (Allocation Failure)  356249K->36761K(1033728K), 0.0036710 secs]
215.348: Total time for which application threads were stopped: 0.0038542 seconds, Stopping threads took: 0.0000258 seconds
215.415: [GC (Allocation Failure)  356249K->37753K(1033728K), 0.0038154 secs]
215.419: Total time for which application threads were stopped: 0.0039831 seconds, Stopping threads took: 0.0000191 seconds
215.485: [GC (Allocation Failure)  357241K->44795K(1033728K), 0.0037485 secs]
215.489: Total time for which application threads were stopped: 0.0039243 seconds, Stopping threads took: 0.0000203 seconds
215.557: [GC (Allocation Failure)  364283K->44795K(1033728K), 0.0035672 secs]
215.561: Total time for which application threads were stopped: 0.0037487 seconds, Stopping threads took: 0.0000249 seconds
215.628: [GC (Allocation Failure)  364283K->44955K(1033728K), 0.0037736 secs]
215.632: Total time for which application threads were stopped: 0.0039457 seconds, Stopping threads took: 0.0000232 seconds
215.698: [GC (Allocation Failure)  364443K->52829K(1033728K), 0.0039595 secs]
215.702: Total time for which application threads were stopped: 0.0041246 seconds, Stopping threads took: 0.0000202 seconds
215.769: [GC (Allocation Failure)  372317K->52829K(1033728K), 0.0038042 secs]
215.773: Total time for which application threads were stopped: 0.0039975 seconds, Stopping threads took: 0.0000187 seconds
215.839: [GC (Allocation Failure)  372317K->53173K(1033728K), 0.0039691 secs]
215.843: Total time for which application threads were stopped: 0.0041180 seconds, Stopping threads took: 0.0000165 seconds
215.910: [GC (Allocation Failure)  372661K->60887K(1033728K), 0.0037884 secs]
215.914: Total time for which application threads were stopped: 0.0039567 seconds, Stopping threads took: 0.0000277 seconds
215.982: [GC (Allocation Failure)  380375K->60887K(1033728K), 0.0039114 secs]
215.986: Total time for which application threads were stopped: 0.0040909 seconds, Stopping threads took: 0.0000192 seconds
216.053: [GC (Allocation Failure)  380375K->61439K(1033728K), 0.0039771 secs]
216.057: Total time for which application threads were stopped: 0.0041396 seconds, Stopping threads took: 0.0000193 seconds
216.126: [GC (Allocation Failure)  380927K->68930K(1033728K), 0.0038344 secs]
216.130: Total time for which application threads were stopped: 0.0040133 seconds, Stopping threads took: 0.0000223 seconds
216.198: [GC (Allocation Failure)  388418K->68930K(1033728K), 0.0039543 secs]
216.202: Total time for which application threads were stopped: 0.0041522 seconds, Stopping threads took: 0.0000206 seconds
216.268: [GC (Allocation Failure)  388418K->69674K(1033728K), 0.0039535 secs]
216.272: Total time for which application threads were stopped: 0.0041113 seconds, Stopping threads took: 0.0000163 seconds
216.340: [GC (Allocation Failure)  389162K->76972K(1033728K), 0.0039462 secs]
216.344: Total time for which application threads were stopped: 0.0041048 seconds, Stopping threads took: 0.0000196 seconds
216.413: [GC (Allocation Failure)  396460K->76972K(1033728K), 0.0037091 secs]
216.416: Total time for which application threads were stopped: 0.0039038 seconds, Stopping threads took: 0.0000195 seconds
216.483: [GC (Allocation Failure)  396460K->77924K(1033728K), 0.0041428 secs]
216.487: Total time for which application threads were stopped: 0.0043348 seconds, Stopping threads took: 0.0000192 seconds
216.555: [GC (Allocation Failure)  397412K->84966K(1033728K), 0.0039401 secs]
216.559: Total time for which application threads were stopped: 0.0040992 seconds, Stopping threads took: 0.0000170 seconds
216.628: [GC (Allocation Failure)  404454K->84934K(1033728K), 0.0045940 secs]
216.632: Total time for which application threads were stopped: 0.0047419 seconds, Stopping threads took: 0.0000143 seconds
216.697: [GC (Allocation Failure)  404422K->85126K(1033728K), 0.0047521 secs]
216.702: Total time for which application threads were stopped: 0.0049462 seconds, Stopping threads took: 0.0000198 seconds
216.769: [GC (Allocation Failure)  404614K->93000K(1032704K), 0.0039231 secs]
216.773: Total time for which application threads were stopped: 0.0040740 seconds, Stopping threads took: 0.0000169 seconds
216.840: [GC (Allocation Failure)  411464K->93032K(1033216K), 0.0040582 secs]
216.844: Total time for which application threads were stopped: 0.0042416 seconds, Stopping threads took: 0.0000212 seconds
216.909: [GC (Allocation Failure)  411496K->93352K(1033216K), 0.0038332 secs]
216.913: Total time for which application threads were stopped: 0.0040102 seconds, Stopping threads took: 0.0000211 seconds
216.980: [GC (Allocation Failure)  411816K->101067K(1033216K), 0.0040739 secs]
216.985: Total time for which application threads were stopped: 0.0042493 seconds, Stopping threads took: 0.0000263 seconds
217.050: [GC (Allocation Failure)  419531K->101035K(1033216K), 0.0041554 secs]
217.054: Total time for which application threads were stopped: 0.0043333 seconds, Stopping threads took: 0.0000198 seconds
217.118: [GC (Allocation Failure)  419499K->101571K(1033216K), 0.0039652 secs]
217.122: Total time for which application threads were stopped: 0.0041420 seconds, Stopping threads took: 0.0000206 seconds
217.189: [GC (Allocation Failure)  420035K->109093K(1033216K), 0.0039356 secs]
217.193: Total time for which application threads were stopped: 0.0041374 seconds, Stopping threads took: 0.0000273 seconds
217.262: [GC (Allocation Failure)  427557K->109061K(1033216K), 0.0038896 secs]
217.266: Total time for which application threads were stopped: 0.0040410 seconds, Stopping threads took: 0.0000169 seconds
217.330: [GC (Allocation Failure)  427525K->109317K(1033216K), 0.0040505 secs]
217.334: Total time for which application threads were stopped: 0.0042204 seconds, Stopping threads took: 0.0000194 seconds
217.403: [GC (Allocation Failure)  427781K->117095K(1033216K), 0.0039607 secs]
217.407: Total time for which application threads were stopped: 0.0041243 seconds, Stopping threads took: 0.0000197 seconds
217.473: [GC (Allocation Failure)  435559K->117127K(1033216K), 0.0038817 secs]
217.477: Total time for which application threads were stopped: 0.0040534 seconds, Stopping threads took: 0.0000282 seconds
217.543: [GC (Allocation Failure)  435591K->117159K(1033216K), 0.0040085 secs]
217.547: Total time for which application threads were stopped: 0.0042027 seconds, Stopping threads took: 0.0000194 seconds
217.616: [GC (Allocation Failure)  435623K->125130K(1033216K), 0.0046878 secs]
217.621: Total time for which application threads were stopped: 0.0048471 seconds, Stopping threads took: 0.0000253 seconds
217.687: [GC (Allocation Failure)  443594K->125130K(1033216K), 0.0041982 secs]
217.691: Total time for which application threads were stopped: 0.0043681 seconds, Stopping threads took: 0.0000200 seconds
217.755: [GC (Allocation Failure)  443594K->125290K(1033216K), 0.0040662 secs]
217.759: Total time for which application threads were stopped: 0.0042379 seconds, Stopping threads took: 0.0000200 seconds
217.829: [GC (Allocation Failure)  443754K->133132K(1033216K), 0.0039664 secs]
217.833: Total time for which application threads were stopped: 0.0041359 seconds, Stopping threads took: 0.0000196 seconds
217.898: [GC (Allocation Failure)  451596K->133164K(1033216K), 0.0039857 secs]
217.902: Total time for which application threads were stopped: 0.0041451 seconds, Stopping threads took: 0.0000184 seconds
217.969: [GC (Allocation Failure)  451628K->133516K(1033216K), 0.0038403 secs]
217.973: Total time for which application threads were stopped: 0.0040068 seconds, Stopping threads took: 0.0000257 seconds
218.040: [GC (Allocation Failure)  451980K->141230K(1033216K), 0.0041151 secs]
218.044: Total time for which application threads were stopped: 0.0042807 seconds, Stopping threads took: 0.0000260 seconds
218.111: [GC (Allocation Failure)  459694K->141198K(1033216K), 0.0039291 secs]
218.115: Total time for which application threads were stopped: 0.0040943 seconds, Stopping threads took: 0.0000193 seconds
218.181: [GC (Allocation Failure)  459662K->141478K(1033216K), 0.0040486 secs]
218.186: Total time for which application threads were stopped: 0.0042440 seconds, Stopping threads took: 0.0000188 seconds
218.254: [GC (Allocation Failure)  459942K->149224K(1033216K), 0.0039830 secs]
218.259: Total time for which application threads were stopped: 0.0041501 seconds, Stopping threads took: 0.0000200 seconds
218.324: [GC (Allocation Failure)  467688K->143366K(1033728K), 0.0017488 secs]
218.326: Total time for which application threads were stopped: 0.0018901 seconds, Stopping threads took: 0.0000190 seconds
218.392: [GC (Allocation Failure)  462342K->149440K(1033216K), 0.0041214 secs]
218.397: Total time for which application threads were stopped: 0.0042944 seconds, Stopping threads took: 0.0000208 seconds
218.465: [GC (Allocation Failure)  468416K->153400K(1033216K), 0.0040329 secs]
218.469: Total time for which application threads were stopped: 0.0042060 seconds, Stopping threads took: 0.0000286 seconds
218.535: [GC (Allocation Failure)  472888K->157974K(1031680K), 0.0075561 secs]
218.543: Total time for which application threads were stopped: 0.0077272 seconds, Stopping threads took: 0.0000195 seconds
218.611: [GC (Allocation Failure)  477462K->153496K(1032704K), 0.0048048 secs]
218.616: Total time for which application threads were stopped: 0.0049601 seconds, Stopping threads took: 0.0000254 seconds
218.684: [GC (Allocation Failure)  470424K->153368K(1032192K), 0.0037552 secs]
218.687: Total time for which application threads were stopped: 0.0039477 seconds, Stopping threads took: 0.0000200 seconds
218.751: [GC (Allocation Failure)  470296K->147926K(1033216K), 0.0018618 secs]
218.753: Total time for which application threads were stopped: 0.0020149 seconds, Stopping threads took: 0.0000204 seconds
218.823: [GC (Allocation Failure)  465878K->153432K(1032704K), 0.0039194 secs]
218.827: Total time for which application threads were stopped: 0.0040985 seconds, Stopping threads took: 0.0000192 seconds
218.894: [GC (Allocation Failure)  471384K->153368K(1033728K), 0.0041588 secs]
218.898: Total time for which application threads were stopped: 0.0043398 seconds, Stopping threads took: 0.0000202 seconds
218.965: [GC (Allocation Failure)  472344K->155672K(1033216K), 0.0041407 secs]
218.969: Total time for which application threads were stopped: 0.0043019 seconds, Stopping threads took: 0.0000270 seconds
219.037: [GC (Allocation Failure)  474648K->161403K(1033728K), 0.0042043 secs]
219.041: Total time for which application threads were stopped: 0.0043678 seconds, Stopping threads took: 0.0000204 seconds
219.109: [GC (Allocation Failure)  480891K->161403K(1033728K), 0.0041041 secs]
219.113: Total time for which application threads were stopped: 0.0042637 seconds, Stopping threads took: 0.0000200 seconds
219.180: [GC (Allocation Failure)  480891K->162331K(1033728K), 0.0041652 secs]
219.184: Total time for which application threads were stopped: 0.0043449 seconds, Stopping threads took: 0.0000189 seconds
219.253: [GC (Allocation Failure)  481819K->169437K(1033728K), 0.0066336 secs]
219.260: Total time for which application threads were stopped: 0.0067988 seconds, Stopping threads took: 0.0000193 seconds
219.328: [GC (Allocation Failure)  488925K->169437K(1033728K), 0.0039810 secs]
219.332: Total time for which application threads were stopped: 0.0041386 seconds, Stopping threads took: 0.0000192 seconds
219.398: [GC (Allocation Failure)  488925K->173565K(1033728K), 0.0050661 secs]
219.404: Total time for which application threads were stopped: 0.0052737 seconds, Stopping threads took: 0.0000521 seconds
219.471: [GC (Allocation Failure)  493053K->177535K(1034240K), 0.0040311 secs]
219.475: Total time for which application threads were stopped: 0.0042483 seconds, Stopping threads took: 0.0000277 seconds
219.544: [GC (Allocation Failure)  498047K->177471K(1034240K), 0.0040130 secs]
219.548: Total time for which application threads were stopped: 0.0041783 seconds, Stopping threads took: 0.0000195 seconds
219.615: [GC (Allocation Failure)  497983K->178711K(1033728K), 0.0047919 secs]
219.620: Total time for which application threads were stopped: 0.0050020 seconds, Stopping threads took: 0.0000196 seconds
219.688: [GC (Allocation Failure)  499223K->185497K(1034240K), 0.0039594 secs]
219.692: Total time for which application threads were stopped: 0.0041268 seconds, Stopping threads took: 0.0000196 seconds
219.760: [GC (Allocation Failure)  506009K->185497K(1034752K), 0.0040904 secs]
219.765: Total time for which application threads were stopped: 0.0042474 seconds, Stopping threads took: 0.0000194 seconds
219.832: [GC (Allocation Failure)  506521K->189529K(1034240K), 0.0050622 secs]
219.837: Total time for which application threads were stopped: 0.0052336 seconds, Stopping threads took: 0.0000191 seconds
219.905: [GC (Allocation Failure)  510553K->193532K(1034752K), 0.0041677 secs]
219.910: Total time for which application threads were stopped: 0.0043569 seconds, Stopping threads took: 0.0000204 seconds
219.978: [GC (Allocation Failure)  515068K->193532K(1034752K), 0.0040109 secs]
219.982: Total time for which application threads were stopped: 0.0041791 seconds, Stopping threads took: 0.0000195 seconds
220.048: [GC (Allocation Failure)  515068K->194180K(1034752K), 0.0043619 secs]
220.052: Total time for which application threads were stopped: 0.0045458 seconds, Stopping threads took: 0.0000259 seconds
220.118: [GC (Allocation Failure)  515716K->201638K(1034752K), 0.0041326 secs]
220.123: Total time for which application threads were stopped: 0.0043085 seconds, Stopping threads took: 0.0000204 seconds
220.191: [GC (Allocation Failure)  523174K->201574K(1034752K), 0.0041730 secs]
220.195: Total time for which application threads were stopped: 0.0043356 seconds, Stopping threads took: 0.0000199 seconds
220.260: [GC (Allocation Failure)  523110K->203438K(1034752K), 0.0043109 secs]
220.265: Total time for which application threads were stopped: 0.0044925 seconds, Stopping threads took: 0.0000255 seconds
220.332: [GC (Allocation Failure)  524974K->209712K(1034752K), 0.0043197 secs]
220.336: Total time for which application threads were stopped: 0.0044884 seconds, Stopping threads took: 0.0000199 seconds
220.403: [GC (Allocation Failure)  531248K->209616K(1034752K), 0.0041875 secs]
220.407: Total time for which application threads were stopped: 0.0043468 seconds, Stopping threads took: 0.0000198 seconds
220.474: [GC (Allocation Failure)  531152K->212680K(1034752K), 0.0045229 secs]
220.479: Total time for which application threads were stopped: 0.0047213 seconds, Stopping threads took: 0.0000190 seconds
220.548: [GC (Allocation Failure)  534216K->217642K(1034752K), 0.0040815 secs]
220.553: Total time for which application threads were stopped: 0.0042758 seconds, Stopping threads took: 0.0000253 seconds
220.623: [GC (Allocation Failure)  539178K->217610K(1034752K), 0.0054587 secs]
220.628: Total time for which application threads were stopped: 0.0056012 seconds, Stopping threads took: 0.0000180 seconds
220.694: [GC (Allocation Failure)  539146K->217802K(1034752K), 0.0041862 secs]
220.698: Total time for which application threads were stopped: 0.0043564 seconds, Stopping threads took: 0.0000188 seconds
220.766: [GC (Allocation Failure)  539338K->225709K(1033728K), 0.0041309 secs]
220.771: Total time for which application threads were stopped: 0.0043104 seconds, Stopping threads took: 0.0000200 seconds
220.838: [GC (Allocation Failure)  546221K->225677K(1034240K), 0.0041831 secs]
220.843: Total time for which application threads were stopped: 0.0043979 seconds, Stopping threads took: 0.0000205 seconds
220.909: [GC (Allocation Failure)  546189K->229101K(1034752K), 0.0049460 secs]
220.914: Total time for which application threads were stopped: 0.0051165 seconds, Stopping threads took: 0.0000204 seconds
220.983: [GC (Allocation Failure)  550125K->233711K(1034240K), 0.0037799 secs]
220.987: Total time for which application threads were stopped: 0.0039471 seconds, Stopping threads took: 0.0000260 seconds
221.054: [GC (Allocation Failure)  554735K->233711K(1034752K), 0.0041322 secs]
221.058: Total time for which application threads were stopped: 0.0043103 seconds, Stopping threads took: 0.0000195 seconds
221.127: [GC (Allocation Failure)  555247K->237383K(1034752K), 0.0050324 secs]
221.132: Total time for which application threads were stopped: 0.0052005 seconds, Stopping threads took: 0.0000193 seconds
221.200: [GC (Allocation Failure)  558919K->241833K(1034240K), 0.0055251 secs]
221.206: Total time for which application threads were stopped: 0.0058356 seconds, Stopping threads took: 0.0000199 seconds
221.273: [GC (Allocation Failure)  563369K->241737K(1034752K), 0.0041171 secs]
221.277: Total time for which application threads were stopped: 0.0042799 seconds, Stopping threads took: 0.0000186 seconds
221.342: [GC (Allocation Failure)  563273K->242505K(1034240K), 0.0042405 secs]
221.347: Total time for which application threads were stopped: 0.0044062 seconds, Stopping threads took: 0.0000198 seconds
221.415: [GC (Allocation Failure)  564041K->249804K(1034752K), 0.0040158 secs]
221.419: Total time for which application threads were stopped: 0.0041769 seconds, Stopping threads took: 0.0000194 seconds
221.488: [GC (Allocation Failure)  571340K->249772K(1034752K), 0.0041770 secs]
221.492: Total time for which application threads were stopped: 0.0043714 seconds, Stopping threads took: 0.0000194 seconds
221.558: [GC (Allocation Failure)  571308K->251748K(1034752K), 0.0044825 secs]
221.563: Total time for which application threads were stopped: 0.0046539 seconds, Stopping threads took: 0.0000197 seconds
221.632: [GC (Allocation Failure)  573284K->257798K(1034752K), 0.0042335 secs]
221.636: Total time for which application threads were stopped: 0.0043846 seconds, Stopping threads took: 0.0000174 seconds
221.702: [GC (Allocation Failure)  579334K->257798K(1034752K), 0.0042475 secs]
221.706: Total time for which application threads were stopped: 0.0044094 seconds, Stopping threads took: 0.0000202 seconds
221.772: [GC (Allocation Failure)  579334K->261022K(1034752K), 0.0059918 secs]
221.778: Total time for which application threads were stopped: 0.0061724 seconds, Stopping threads took: 0.0000188 seconds
221.843: [GC (Allocation Failure)  582558K->265888K(1034752K), 0.0043084 secs]
221.848: Total time for which application threads were stopped: 0.0044670 seconds, Stopping threads took: 0.0000198 seconds
221.914: [GC (Allocation Failure)  587424K->265824K(1034752K), 0.0042708 secs]
221.918: Total time for which application threads were stopped: 0.0044507 seconds, Stopping threads took: 0.0000192 seconds
221.984: [GC (Allocation Failure)  587360K->266184K(1034752K), 0.0041268 secs]
221.988: Total time for which application threads were stopped: 0.0043130 seconds, Stopping threads took: 0.0000266 seconds
222.054: [GC (Allocation Failure)  587720K->273866K(1034752K), 0.0043547 secs]
222.058: Total time for which application threads were stopped: 0.0045161 seconds, Stopping threads took: 0.0000198 seconds
222.125: [GC (Allocation Failure)  595402K->273866K(1034752K), 0.0042201 secs]
222.130: Total time for which application threads were stopped: 0.0043926 seconds, Stopping threads took: 0.0000190 seconds
222.195: [GC (Allocation Failure)  595402K->275466K(1034752K), 0.0044307 secs]
222.199: Total time for which application threads were stopped: 0.0045926 seconds, Stopping threads took: 0.0000197 seconds
222.268: [GC (Allocation Failure)  597002K->281997K(1029120K), 0.0044598 secs]
222.272: Total time for which application threads were stopped: 0.0046290 seconds, Stopping threads took: 0.0000192 seconds
222.339: [GC (Allocation Failure)  603533K->281901K(1034240K), 0.0045156 secs]
222.343: Total time for which application threads were stopped: 0.0046944 seconds, Stopping threads took: 0.0000186 seconds
222.409: [GC (Allocation Failure)  602413K->283693K(1034240K), 0.0053062 secs]
222.415: Total time for which application threads were stopped: 0.0054788 seconds, Stopping threads took: 0.0000193 seconds
222.483: [GC (Allocation Failure)  604205K->289999K(1034240K), 0.0042708 secs]
222.487: Total time for which application threads were stopped: 0.0044337 seconds, Stopping threads took: 0.0000200 seconds
222.555: [GC (Allocation Failure)  610511K->289935K(1034240K), 0.0044533 secs]
222.559: Total time for which application threads were stopped: 0.0046133 seconds, Stopping threads took: 0.0000199 seconds
222.625: [GC (Allocation Failure)  610447K->293871K(1034752K), 0.0073212 secs]
222.633: Total time for which application threads were stopped: 0.0074891 seconds, Stopping threads took: 0.0000197 seconds
222.700: [GC (Allocation Failure)  614895K->297969K(1034240K), 0.0042654 secs]
222.704: Total time for which application threads were stopped: 0.0044372 seconds, Stopping threads took: 0.0000208 seconds
222.770: [GC (Allocation Failure)  618993K->297969K(1034752K), 0.0044689 secs]
222.774: Total time for which application threads were stopped: 0.0046296 seconds, Stopping threads took: 0.0000195 seconds
222.843: [GC (Allocation Failure)  619505K->302089K(1034752K), 0.0052358 secs]
222.848: Total time for which application threads were stopped: 0.0053949 seconds, Stopping threads took: 0.0000190 seconds
222.915: [GC (Allocation Failure)  623625K->306091K(1035264K), 0.0042890 secs]
222.920: Total time for which application threads were stopped: 0.0044637 seconds, Stopping threads took: 0.0000282 seconds
222.988: [GC (Allocation Failure)  628651K->306027K(1035264K), 0.0043926 secs]
222.993: Total time for which application threads were stopped: 0.0045640 seconds, Stopping threads took: 0.0000192 seconds
223.058: [GC (Allocation Failure)  628587K->309323K(1035264K), 0.0049064 secs]
223.063: Total time for which application threads were stopped: 0.0050789 seconds, Stopping threads took: 0.0000203 seconds
223.131: [GC (Allocation Failure)  631883K->314062K(1035264K), 0.0044556 secs]
223.135: Total time for which application threads were stopped: 0.0046257 seconds, Stopping threads took: 0.0000204 seconds
223.202: [GC (Allocation Failure)  636622K->314030K(1035264K), 0.0064253 secs]
223.208: Total time for which application threads were stopped: 0.0065832 seconds, Stopping threads took: 0.0000187 seconds
223.274: [GC (Allocation Failure)  636590K->317542K(1035264K), 0.0053116 secs]
223.280: Total time for which application threads were stopped: 0.0054811 seconds, Stopping threads took: 0.0000212 seconds
223.348: [GC (Allocation Failure)  640102K->322056K(1035264K), 0.0042427 secs]
223.352: Total time for which application threads were stopped: 0.0044232 seconds, Stopping threads took: 0.0000197 seconds
223.421: [GC (Allocation Failure)  644616K->322088K(1035264K), 0.0043635 secs]
223.425: Total time for which application threads were stopped: 0.0045591 seconds, Stopping threads took: 0.0000200 seconds
223.493: [GC (Allocation Failure)  644648K->325768K(1035776K), 0.0050670 secs]
223.499: Total time for which application threads were stopped: 0.0052484 seconds, Stopping threads took: 0.0000277 seconds
223.568: [GC (Allocation Failure)  648840K->330250K(1035264K), 0.0042228 secs]
223.573: Total time for which application threads were stopped: 0.0043914 seconds, Stopping threads took: 0.0000251 seconds
223.641: [GC (Allocation Failure)  653322K->330122K(1035776K), 0.0045007 secs]
223.646: Total time for which application threads were stopped: 0.0046700 seconds, Stopping threads took: 0.0000192 seconds
223.715: [GC (Allocation Failure)  653706K->328008K(1035776K), 0.0035831 secs]
223.719: Total time for which application threads were stopped: 0.0037603 seconds, Stopping threads took: 0.0000185 seconds
223.787: [GC (Allocation Failure)  651592K->330218K(1036288K), 0.0044025 secs]
223.792: Total time for which application threads were stopped: 0.0045953 seconds, Stopping threads took: 0.0000190 seconds
223.862: [GC (Allocation Failure)  654826K->330122K(1036288K), 0.0042683 secs]
223.867: Total time for which application threads were stopped: 0.0044493 seconds, Stopping threads took: 0.0000253 seconds
223.934: [GC (Allocation Failure)  654730K->337416K(1031168K), 0.0079247 secs]
223.942: Total time for which application threads were stopped: 0.0081191 seconds, Stopping threads took: 0.0000195 seconds
224.011: [GC (Allocation Failure)  656904K->333226K(1033728K), 0.0044321 secs]
224.015: Total time for which application threads were stopped: 0.0046067 seconds, Stopping threads took: 0.0000261 seconds
224.081: [GC (Allocation Failure)  652714K->333226K(1034752K), 0.0044022 secs]
224.085: Total time for which application threads were stopped: 0.0045741 seconds, Stopping threads took: 0.0000194 seconds
224.152: [GC (Allocation Failure)  654250K->337160K(1032704K), 0.0059228 secs]
224.158: Total time for which application threads were stopped: 0.0060958 seconds, Stopping threads took: 0.0000192 seconds
224.224: [GC (Allocation Failure)  658184K->333194K(1034240K), 0.0044525 secs]
224.228: Total time for which application threads were stopped: 0.0046530 seconds, Stopping threads took: 0.0000207 seconds
224.297: [GC (Allocation Failure)  653194K->333194K(1033728K), 0.0041673 secs]
224.302: Total time for which application threads were stopped: 0.0043202 seconds, Stopping threads took: 0.0000177 seconds
224.367: [GC (Allocation Failure)  653194K->334792K(1034752K), 0.0050287 secs]
224.372: Total time for which application threads were stopped: 0.0052070 seconds, Stopping threads took: 0.0000198 seconds
224.440: [GC (Allocation Failure)  656328K->333418K(1034752K), 0.0043857 secs]
224.445: Total time for which application threads were stopped: 0.0045572 seconds, Stopping threads took: 0.0000196 seconds
224.513: [GC (Allocation Failure)  654954K->333194K(1035776K), 0.0042202 secs]
224.517: Total time for which application threads were stopped: 0.0043919 seconds, Stopping threads took: 0.0000262 seconds
224.583: [GC (Allocation Failure)  656266K->337576K(1035264K), 0.0062163 secs]
224.590: Total time for which application threads were stopped: 0.0063971 seconds, Stopping threads took: 0.0000214 seconds
224.658: [GC (Allocation Failure)  660648K->333354K(1035264K), 0.0044161 secs]
224.663: Total time for which application threads were stopped: 0.0045793 seconds, Stopping threads took: 0.0000190 seconds
224.731: [GC (Allocation Failure)  655914K->333194K(1035264K), 0.0042455 secs]
224.736: Total time for which application threads were stopped: 0.0044189 seconds, Stopping threads took: 0.0000202 seconds
224.804: [GC (Allocation Failure)  655754K->325992K(1034240K), 0.0014150 secs]
224.805: Total time for which application threads were stopped: 0.0015446 seconds, Stopping threads took: 0.0000196 seconds
224.873: [GC (Allocation Failure)  647528K->333330K(1034752K), 0.0042724 secs]
224.878: Total time for which application threads were stopped: 0.0044374 seconds, Stopping threads took: 0.0000200 seconds
224.946: [GC (Allocation Failure)  654866K->337370K(1035264K), 0.0055082 secs]
224.952: Total time for which application threads were stopped: 0.0056835 seconds, Stopping threads took: 0.0000211 seconds
225.019: [GC (Allocation Failure)  659930K->332344K(1035264K), 0.0026372 secs]
225.022: Total time for which application threads were stopped: 0.0028127 seconds, Stopping threads took: 0.0000206 seconds
225.090: [GC (Allocation Failure)  654904K->337458K(1035264K), 0.0043579 secs]
225.094: Total time for which application threads were stopped: 0.0045173 seconds, Stopping threads took: 0.0000191 seconds
225.162: [GC (Allocation Failure)  660018K->341482K(1035264K), 0.0044605 secs]
225.166: Total time for which application threads were stopped: 0.0046183 seconds, Stopping threads took: 0.0000190 seconds
225.231: [GC (Allocation Failure)  664042K->337544K(1035776K), 0.0031543 secs]
225.234: Total time for which application threads were stopped: 0.0033186 seconds, Stopping threads took: 0.0000186 seconds
225.303: [GC (Allocation Failure)  661128K->341642K(1035776K), 0.0044728 secs]
225.307: Total time for which application threads were stopped: 0.0046415 seconds, Stopping threads took: 0.0000197 seconds
225.375: [GC (Allocation Failure)  665226K->345642K(1035776K), 0.0043697 secs]
225.380: Total time for which application threads were stopped: 0.0045277 seconds, Stopping threads took: 0.0000195 seconds
225.448: [GC (Allocation Failure)  669226K->345610K(1035776K), 0.0043975 secs]
225.452: Total time for which application threads were stopped: 0.0045638 seconds, Stopping threads took: 0.0000194 seconds
225.519: [GC (Allocation Failure)  669194K->345674K(1034752K), 0.0042184 secs]
225.524: Total time for which application threads were stopped: 0.0043981 seconds, Stopping threads took: 0.0000197 seconds
225.591: [GC (Allocation Failure)  668234K->353644K(1035264K), 0.0050079 secs]
225.597: Total time for which application threads were stopped: 0.0051778 seconds, Stopping threads took: 0.0000191 seconds
225.664: [GC (Allocation Failure)  676204K->353644K(1035264K), 0.0046257 secs]
225.668: Total time for which application threads were stopped: 0.0047954 seconds, Stopping threads took: 0.0000198 seconds
225.735: [GC (Allocation Failure)  676204K->353708K(1022464K), 0.0043557 secs]
225.739: Total time for which application threads were stopped: 0.0045142 seconds, Stopping threads took: 0.0000194 seconds
225.807: [GC (Allocation Failure)  676268K->361679K(1034752K), 0.0042954 secs]
225.811: Total time for which application threads were stopped: 0.0044520 seconds, Stopping threads took: 0.0000186 seconds
225.881: [GC (Allocation Failure)  683215K->361679K(1034752K), 0.0041768 secs]
225.885: Total time for which application threads were stopped: 0.0043443 seconds, Stopping threads took: 0.0000188 seconds
225.952: [GC (Allocation Failure)  683215K->361927K(1034752K), 0.0042408 secs]
225.957: Total time for which application threads were stopped: 0.0044097 seconds, Stopping threads took: 0.0000250 seconds
226.024: [GC (Allocation Failure)  683463K->369673K(1029120K), 0.0044290 secs]
226.029: Total time for which application threads were stopped: 0.0045980 seconds, Stopping threads took: 0.0000185 seconds
226.096: [GC (Allocation Failure)  691209K->369737K(1034240K), 0.0045557 secs]
226.101: Total time for which application threads were stopped: 0.0047176 seconds, Stopping threads took: 0.0000196 seconds
226.167: [GC (Allocation Failure)  690249K->370153K(1034240K), 0.0044936 secs]
226.172: Total time for which application threads were stopped: 0.0046549 seconds, Stopping threads took: 0.0000192 seconds
226.238: [GC (Allocation Failure)  690665K->377739K(1034240K), 0.0043036 secs]
226.243: Total time for which application threads were stopped: 0.0044825 seconds, Stopping threads took: 0.0000200 seconds
226.310: [GC (Allocation Failure)  698251K->377771K(1034240K), 0.0041656 secs]
226.314: Total time for which application threads were stopped: 0.0043368 seconds, Stopping threads took: 0.0000198 seconds
226.381: [GC (Allocation Failure)  698283K->377867K(1034240K), 0.0044764 secs]
226.385: Total time for which application threads were stopped: 0.0046520 seconds, Stopping threads took: 0.0000209 seconds
226.452: [GC (Allocation Failure)  698379K->385774K(1028096K), 0.0042747 secs]
226.456: Total time for which application threads were stopped: 0.0044334 seconds, Stopping threads took: 0.0000264 seconds
226.522: [GC (Allocation Failure)  706286K->385774K(1033728K), 0.0044069 secs]
226.527: Total time for which application threads were stopped: 0.0045703 seconds, Stopping threads took: 0.0000198 seconds
226.593: [GC (Allocation Failure)  705262K->385798K(1033728K), 0.0073170 secs]
226.600: Total time for which application threads were stopped: 0.0074917 seconds, Stopping threads took: 0.0000192 seconds
226.669: [GC (Allocation Failure)  705286K->393832K(1033728K), 0.0046406 secs]
226.673: Total time for which application threads were stopped: 0.0048067 seconds, Stopping threads took: 0.0000194 seconds
226.739: [GC (Allocation Failure)  713320K->393768K(1033728K), 0.0044550 secs]
226.743: Total time for which application threads were stopped: 0.0046733 seconds, Stopping threads took: 0.0000271 seconds
226.811: [GC (Allocation Failure)  713256K->394056K(1033728K), 0.0045189 secs]
226.816: Total time for which application threads were stopped: 0.0046825 seconds, Stopping threads took: 0.0000181 seconds
226.882: [GC (Allocation Failure)  713544K->401866K(1033728K), 0.0044162 secs]
226.886: Total time for which application threads were stopped: 0.0045863 seconds, Stopping threads took: 0.0000194 seconds
226.951: [GC (Allocation Failure)  721354K->397928K(1034240K), 0.0033967 secs]
226.954: Total time for which application threads were stopped: 0.0035631 seconds, Stopping threads took: 0.0000192 seconds
227.022: [GC (Allocation Failure)  717928K->401994K(1033728K), 0.0045481 secs]
227.026: Total time for which application threads were stopped: 0.0047168 seconds, Stopping threads took: 0.0000196 seconds
227.094: [GC (Allocation Failure)  721994K->405962K(1034752K), 0.0046394 secs]
227.099: Total time for which application threads were stopped: 0.0048113 seconds, Stopping threads took: 0.0000195 seconds
227.166: [GC (Allocation Failure)  727498K->400232K(1034752K), 0.0024137 secs]
227.169: Total time for which application threads were stopped: 0.0025551 seconds, Stopping threads took: 0.0000186 seconds
227.235: [GC (Allocation Failure)  721768K->406026K(1035264K), 0.0044873 secs]
227.240: Total time for which application threads were stopped: 0.0046450 seconds, Stopping threads took: 0.0000188 seconds
227.310: [GC (Allocation Failure)  728074K->410098K(1034752K), 0.0047679 secs]
227.315: Total time for which application threads were stopped: 0.0049541 seconds, Stopping threads took: 0.0000191 seconds
227.382: [GC (Allocation Failure)  731884K->406192K(1035776K), 0.0033419 secs]
227.386: Total time for which application threads were stopped: 0.0035199 seconds, Stopping threads took: 0.0000200 seconds
227.453: [GC (Allocation Failure)  729264K->410250K(1035264K), 0.0043165 secs]
227.458: Total time for which application threads were stopped: 0.0044932 seconds, Stopping threads took: 0.0000283 seconds
227.527: [GC (Allocation Failure)  733322K->414186K(1035264K), 0.0043046 secs]
227.531: Total time for which application threads were stopped: 0.0044684 seconds, Stopping threads took: 0.0000199 seconds
227.600: [GC (Allocation Failure)  737770K->414218K(1035776K), 0.0044952 secs]
227.604: Total time for which application threads were stopped: 0.0046782 seconds, Stopping threads took: 0.0000200 seconds
227.674: [GC (Allocation Failure)  737802K->414282K(1034752K), 0.0045602 secs]
227.678: Total time for which application threads were stopped: 0.0047262 seconds, Stopping threads took: 0.0000192 seconds
227.746: [GC (Allocation Failure)  736842K->422252K(1035264K), 0.0044783 secs]
227.750: Total time for which application threads were stopped: 0.0046469 seconds, Stopping threads took: 0.0000192 seconds
227.816: [GC (Allocation Failure)  744812K->422252K(1034240K), 0.0045481 secs]
227.821: Total time for which application threads were stopped: 0.0047289 seconds, Stopping threads took: 0.0000190 seconds
227.889: [GC (Allocation Failure)  743788K->422308K(1034752K), 0.0046739 secs]
227.894: Total time for which application threads were stopped: 0.0048249 seconds, Stopping threads took: 0.0000165 seconds
227.960: [GC (Allocation Failure)  743844K->430279K(1034752K), 0.0045285 secs]
227.964: Total time for which application threads were stopped: 0.0046929 seconds, Stopping threads took: 0.0000252 seconds
228.032: [GC (Allocation Failure)  751815K->430279K(1029120K), 0.0046220 secs]
228.036: Total time for which application threads were stopped: 0.0048017 seconds, Stopping threads took: 0.0000249 seconds
228.101: [GC (Allocation Failure)  751815K->430527K(1034240K), 0.0044260 secs]
228.106: Total time for which application threads were stopped: 0.0046248 seconds, Stopping threads took: 0.0000198 seconds
228.176: [GC (Allocation Failure)  751039K->438273K(1034240K), 0.0044339 secs]
228.180: Total time for which application threads were stopped: 0.0046345 seconds, Stopping threads took: 0.0000172 seconds
228.248: [GC (Allocation Failure)  758785K->438305K(1034240K), 0.0046101 secs]
228.253: Total time for which application threads were stopped: 0.0047855 seconds, Stopping threads took: 0.0000202 seconds
228.321: [GC (Allocation Failure)  758817K->438761K(1034240K), 0.0046390 secs]
228.326: Total time for which application threads were stopped: 0.0048204 seconds, Stopping threads took: 0.0000199 seconds
228.392: [GC (Allocation Failure)  759273K->446379K(1033216K), 0.0044701 secs]
228.396: Total time for which application threads were stopped: 0.0046514 seconds, Stopping threads took: 0.0000194 seconds
228.465: [GC (Allocation Failure)  765867K->446347K(1033728K), 0.0043983 secs]
228.469: Total time for which application threads were stopped: 0.0045696 seconds, Stopping threads took: 0.0000259 seconds
228.534: [GC (Allocation Failure)  765835K->446475K(1033728K), 0.0045633 secs]
228.539: Total time for which application threads were stopped: 0.0047239 seconds, Stopping threads took: 0.0000192 seconds
228.606: [GC (Allocation Failure)  765963K->454381K(1033728K), 0.0169044 secs]
228.623: Total time for which application threads were stopped: 0.0170657 seconds, Stopping threads took: 0.0000221 seconds
228.691: [GC (Allocation Failure)  773869K->454381K(1033728K), 0.0044568 secs]
228.696: Total time for which application threads were stopped: 0.0046458 seconds, Stopping threads took: 0.0000203 seconds
228.763: [GC (Allocation Failure)  773869K->454445K(1033728K), 0.0047439 secs]
228.768: Total time for which application threads were stopped: 0.0049170 seconds, Stopping threads took: 0.0000199 seconds
228.836: [GC (Allocation Failure)  773933K->462448K(1032704K), 0.0045677 secs]
228.841: Total time for which application threads were stopped: 0.0047303 seconds, Stopping threads took: 0.0000197 seconds
228.909: [GC (Allocation Failure)  780912K->456813K(1033216K), 0.0024902 secs]
228.911: Total time for which application threads were stopped: 0.0026456 seconds, Stopping threads took: 0.0000193 seconds
228.978: [GC (Allocation Failure)  775277K->462640K(1034752K), 0.0044827 secs]
228.983: Total time for which application threads were stopped: 0.0046606 seconds, Stopping threads took: 0.0000279 seconds
229.052: [GC (Allocation Failure)  783152K->466528K(1033728K), 0.0047501 secs]
229.057: Total time for which application threads were stopped: 0.0049554 seconds, Stopping threads took: 0.0000194 seconds
229.124: [GC (Allocation Failure)  787040K->473445K(1029120K), 0.0076018 secs]
229.132: Total time for which application threads were stopped: 0.0077905 seconds, Stopping threads took: 0.0000271 seconds
229.199: [GC (Allocation Failure)  788837K->467368K(1031680K), 0.0047245 secs]
229.204: Total time for which application threads were stopped: 0.0048929 seconds, Stopping threads took: 0.0000205 seconds
229.268: [GC (Allocation Failure)  782760K->467144K(1032704K), 0.0068138 secs]
229.275: Total time for which application threads were stopped: 0.0069830 seconds, Stopping threads took: 0.0000204 seconds
229.341: [GC (Allocation Failure)  784072K->470568K(1032192K), 0.0054249 secs]
229.346: Total time for which application threads were stopped: 0.0056217 seconds, Stopping threads took: 0.0000296 seconds
229.414: [GC (Allocation Failure)  787496K->475338K(1033216K), 0.0045625 secs]
229.418: Total time for which application threads were stopped: 0.0047621 seconds, Stopping threads took: 0.0000222 seconds
229.488: [GC (Allocation Failure)  793290K->475210K(1032704K), 0.0045739 secs]
229.493: Total time for which application threads were stopped: 0.0047417 seconds, Stopping threads took: 0.0000173 seconds
229.560: [GC (Allocation Failure)  793162K->476234K(1033216K), 0.0048880 secs]
229.565: Total time for which application threads were stopped: 0.0050696 seconds, Stopping threads took: 0.0000193 seconds
229.634: [GC (Allocation Failure)  794698K->483276K(1033216K), 0.0046968 secs]
229.639: Total time for which application threads were stopped: 0.0048555 seconds, Stopping threads took: 0.0000199 seconds
229.706: [GC (Allocation Failure)  801740K->483244K(1033728K), 0.0046501 secs]
229.711: Total time for which application threads were stopped: 0.0048123 seconds, Stopping threads took: 0.0000195 seconds
229.778: [GC (Allocation Failure)  802220K->484908K(1033216K), 0.0048208 secs]
229.783: Total time for which application threads were stopped: 0.0050117 seconds, Stopping threads took: 0.0000285 seconds
229.852: [GC (Allocation Failure)  803884K->491374K(1033728K), 0.0048252 secs]
229.857: Total time for which application threads were stopped: 0.0050034 seconds, Stopping threads took: 0.0000217 seconds
229.924: [GC (Allocation Failure)  810862K->491278K(1033728K), 0.0047607 secs]
229.929: Total time for which application threads were stopped: 0.0049250 seconds, Stopping threads took: 0.0000199 seconds
229.995: [GC (Allocation Failure)  810766K->491598K(1033728K), 0.0045877 secs]
230.000: Total time for which application threads were stopped: 0.0047942 seconds, Stopping threads took: 0.0000258 seconds
230.068: [GC (Allocation Failure)  811086K->499313K(1033728K), 0.0049856 secs]
230.073: Total time for which application threads were stopped: 0.0051795 seconds, Stopping threads took: 0.0000197 seconds
230.142: [GC (Allocation Failure)  818801K->499313K(1033728K), 0.0044020 secs]
230.146: Total time for which application threads were stopped: 0.0045731 seconds, Stopping threads took: 0.0000292 seconds
230.212: [GC (Allocation Failure)  818801K->502921K(1033728K), 0.0055392 secs]
230.217: Total time for which application threads were stopped: 0.0057332 seconds, Stopping threads took: 0.0000192 seconds
230.285: [GC (Allocation Failure)  822409K->507435K(1034240K), 0.0047497 secs]
230.290: Total time for which application threads were stopped: 0.0049104 seconds, Stopping threads took: 0.0000199 seconds
230.359: [GC (Allocation Failure)  827947K->507371K(1034240K), 0.0045930 secs]
230.364: Total time for which application threads were stopped: 0.0047423 seconds, Stopping threads took: 0.0000165 seconds
230.430: [GC (Allocation Failure)  827883K->508075K(1034240K), 0.0045703 secs]
230.435: Total time for which application threads were stopped: 0.0047467 seconds, Stopping threads took: 0.0000200 seconds
230.504: [GC (Allocation Failure)  828587K->515405K(1034240K), 0.0047203 secs]
230.509: Total time for which application threads were stopped: 0.0048885 seconds, Stopping threads took: 0.0000280 seconds
230.576: [GC (Allocation Failure)  835917K->515373K(1034240K), 0.0044227 secs]
230.581: Total time for which application threads were stopped: 0.0045826 seconds, Stopping threads took: 0.0000196 seconds
230.650: [GC (Allocation Failure)  835885K->516301K(1034240K), 0.0048134 secs]
230.655: Total time for which application threads were stopped: 0.0049820 seconds, Stopping threads took: 0.0000200 seconds
230.724: [GC (Allocation Failure)  836813K->523440K(1034240K), 0.0047992 secs]
230.729: Total time for which application threads were stopped: 0.0049674 seconds, Stopping threads took: 0.0000191 seconds
230.796: [GC (Allocation Failure)  843952K->523440K(1034240K), 0.0047295 secs]
230.801: Total time for which application threads were stopped: 0.0049093 seconds, Stopping threads took: 0.0000202 seconds
230.870: [GC (Allocation Failure)  843952K->524552K(1034240K), 0.0046488 secs]
230.875: Total time for which application threads were stopped: 0.0048289 seconds, Stopping threads took: 0.0000199 seconds
230.943: [GC (Allocation Failure)  845064K->531466K(1034240K), 0.0047357 secs]
230.948: Total time for which application threads were stopped: 0.0048923 seconds, Stopping threads took: 0.0000202 seconds
231.017: [GC (Allocation Failure)  851978K->531434K(1034240K), 0.0046692 secs]
231.022: Total time for which application threads were stopped: 0.0048364 seconds, Stopping threads took: 0.0000258 seconds
231.090: [GC (Allocation Failure)  851946K->531786K(1020416K), 0.0048202 secs]
231.095: Total time for which application threads were stopped: 0.0049975 seconds, Stopping threads took: 0.0000218 seconds
231.163: [GC (Allocation Failure)  852298K->539468K(1033728K), 0.0047553 secs]
231.168: Total time for which application threads were stopped: 0.0049372 seconds, Stopping threads took: 0.0000200 seconds
231.235: [GC (Allocation Failure)  858956K->539500K(1033728K), 0.0046841 secs]
231.239: Total time for which application threads were stopped: 0.0048648 seconds, Stopping threads took: 0.0000196 seconds
231.306: [GC (Allocation Failure)  858988K->540020K(1033728K), 0.0065438 secs]
231.313: Total time for which application threads were stopped: 0.0067075 seconds, Stopping threads took: 0.0000195 seconds
231.380: [GC (Allocation Failure)  859508K->547606K(1033728K), 0.0048119 secs]
231.385: Total time for which application threads were stopped: 0.0049833 seconds, Stopping threads took: 0.0000218 seconds
231.452: [GC (Allocation Failure)  867094K->547510K(1033728K), 0.0046746 secs]
231.457: Total time for which application threads were stopped: 0.0048337 seconds, Stopping threads took: 0.0000200 seconds
231.525: [GC (Allocation Failure)  866998K->548238K(1033728K), 0.0048169 secs]
231.529: Total time for which application threads were stopped: 0.0050013 seconds, Stopping threads took: 0.0000272 seconds
231.598: [GC (Allocation Failure)  867726K->555537K(1033728K), 0.0047162 secs]
231.603: Total time for which application threads were stopped: 0.0048801 seconds, Stopping threads took: 0.0000194 seconds
231.671: [GC (Allocation Failure)  875025K->555537K(1033728K), 0.0047955 secs]
231.676: Total time for which application threads were stopped: 0.0049878 seconds, Stopping threads took: 0.0000191 seconds
231.742: [GC (Allocation Failure)  875025K->557513K(1033728K), 0.0050209 secs]
231.748: Total time for which application threads were stopped: 0.0052052 seconds, Stopping threads took: 0.0000197 seconds
231.817: [GC (Allocation Failure)  877001K->563563K(1033728K), 0.0046330 secs]
231.821: Total time for which application threads were stopped: 0.0047844 seconds, Stopping threads took: 0.0000166 seconds
231.888: [GC (Allocation Failure)  883051K->563595K(1033728K), 0.0047311 secs]
231.893: Total time for which application threads were stopped: 0.0048922 seconds, Stopping threads took: 0.0000202 seconds
231.961: [GC (Allocation Failure)  883083K->564715K(1033728K), 0.0047307 secs]
231.966: Total time for which application threads were stopped: 0.0048970 seconds, Stopping threads took: 0.0000273 seconds
232.035: [GC (Allocation Failure)  884203K->571629K(1033728K), 0.0048808 secs]
232.040: Total time for which application threads were stopped: 0.0050427 seconds, Stopping threads took: 0.0000199 seconds
232.108: [GC (Allocation Failure)  891117K->571629K(1033728K), 0.0045784 secs]
232.113: Total time for which application threads were stopped: 0.0047630 seconds, Stopping threads took: 0.0000210 seconds
232.179: [GC (Allocation Failure)  891117K->571909K(1033728K), 0.0047740 secs]
232.184: Total time for which application threads were stopped: 0.0049492 seconds, Stopping threads took: 0.0000225 seconds
232.251: [GC (Allocation Failure)  891397K->579655K(1033728K), 0.0047043 secs]
232.256: Total time for which application threads were stopped: 0.0048663 seconds, Stopping threads took: 0.0000197 seconds
232.325: [GC (Allocation Failure)  899143K->579591K(1033728K), 0.0046639 secs]
232.329: Total time for which application threads were stopped: 0.0048254 seconds, Stopping threads took: 0.0000204 seconds
232.396: [GC (Allocation Failure)  899079K->580167K(1033728K), 0.0049151 secs]
232.401: Total time for which application threads were stopped: 0.0051065 seconds, Stopping threads took: 0.0000213 seconds
232.469: [GC (Allocation Failure)  899655K->587690K(1033728K), 0.0047150 secs]
232.473: Total time for which application threads were stopped: 0.0049044 seconds, Stopping threads took: 0.0000254 seconds
232.542: [GC (Allocation Failure)  907178K->587690K(1033728K), 0.0047031 secs]
232.546: Total time for which application threads were stopped: 0.0048620 seconds, Stopping threads took: 0.0000274 seconds
232.614: [GC (Allocation Failure)  907178K->588354K(1033728K), 0.0057927 secs]
232.620: Total time for which application threads were stopped: 0.0060089 seconds, Stopping threads took: 0.0000266 seconds
232.689: [GC (Allocation Failure)  907842K->595716K(1033728K), 0.0047801 secs]
232.694: Total time for which application threads were stopped: 0.0049541 seconds, Stopping threads took: 0.0000285 seconds
232.761: [GC (Allocation Failure)  915204K->595684K(1033728K), 0.0048075 secs]
232.766: Total time for which application threads were stopped: 0.0049942 seconds, Stopping threads took: 0.0000249 seconds
232.832: [GC (Allocation Failure)  915172K->596620K(1033728K), 0.0049510 secs]
232.837: Total time for which application threads were stopped: 0.0051375 seconds, Stopping threads took: 0.0000201 seconds
232.905: [GC (Allocation Failure)  916108K->603758K(1033728K), 0.0049006 secs]
232.910: Total time for which application threads were stopped: 0.0050934 seconds, Stopping threads took: 0.0000198 seconds
232.978: [GC (Allocation Failure)  923246K->603726K(1033728K), 0.0047003 secs]
232.983: Total time for which application threads were stopped: 0.0048629 seconds, Stopping threads took: 0.0000190 seconds
233.050: [GC (Allocation Failure)  923214K->603814K(1032704K), 0.0048638 secs]
233.055: Total time for which application threads were stopped: 0.0050331 seconds, Stopping threads took: 0.0000253 seconds
233.122: [GC (Allocation Failure)  922278K->611752K(1033216K), 0.0044941 secs]
233.127: Total time for which application threads were stopped: 0.0046698 seconds, Stopping threads took: 0.0000204 seconds
233.193: [GC (Allocation Failure)  930216K->611752K(1033216K), 0.0049363 secs]
233.198: Total time for which application threads were stopped: 0.0051013 seconds, Stopping threads took: 0.0000199 seconds
233.263: [GC (Allocation Failure)  930216K->612072K(1033216K), 0.0049975 secs]
233.268: Total time for which application threads were stopped: 0.0051934 seconds, Stopping threads took: 0.0000288 seconds
233.334: [GC (Allocation Failure)  930536K->619787K(1033216K), 0.0047949 secs]
233.339: Total time for which application threads were stopped: 0.0049729 seconds, Stopping threads took: 0.0000200 seconds
233.405: [GC (Allocation Failure)  938251K->619787K(1033216K), 0.0049771 secs]
233.410: Total time for which application threads were stopped: 0.0051474 seconds, Stopping threads took: 0.0000192 seconds
233.475: [GC (Allocation Failure)  938251K->620299K(1033216K), 0.0047151 secs]
233.480: Total time for which application threads were stopped: 0.0048898 seconds, Stopping threads took: 0.0000258 seconds
233.548: [GC (Allocation Failure)  938763K->627789K(1033216K), 0.0070568 secs]
233.556: Total time for which application threads were stopped: 0.0072264 seconds, Stopping threads took: 0.0000193 seconds
233.622: [GC (Allocation Failure)  946253K->627853K(1033216K), 0.0068859 secs]
233.629: Total time for which application threads were stopped: 0.0070577 seconds, Stopping threads took: 0.0000348 seconds
233.695: [GC (Allocation Failure)  946317K->628037K(1033216K), 0.0049286 secs]
233.700: Total time for which application threads were stopped: 0.0050903 seconds, Stopping threads took: 0.0000191 seconds
233.767: [GC (Allocation Failure)  946501K->635879K(1033216K), 0.0050182 secs]
233.772: Total time for which application threads were stopped: 0.0051914 seconds, Stopping threads took: 0.0000194 seconds
233.841: [GC (Allocation Failure)  954343K->635847K(1033216K), 0.0050293 secs]
233.846: Total time for which application threads were stopped: 0.0052113 seconds, Stopping threads took: 0.0000197 seconds
233.912: [GC (Allocation Failure)  954311K->636007K(1033216K), 0.0049829 secs]
233.917: Total time for which application threads were stopped: 0.0051603 seconds, Stopping threads took: 0.0000214 seconds
233.985: [GC (Allocation Failure)  954471K->643881K(1033216K), 0.0046956 secs]
233.989: Total time for which application threads were stopped: 0.0048614 seconds, Stopping threads took: 0.0000260 seconds
234.057: [GC (Allocation Failure)  962345K->643849K(1033216K), 0.0050070 secs]
234.062: Total time for which application threads were stopped: 0.0051585 seconds, Stopping threads took: 0.0000171 seconds
234.128: [GC (Allocation Failure)  962313K->643945K(1033216K), 0.0049480 secs]
234.133: Total time for which application threads were stopped: 0.0051216 seconds, Stopping threads took: 0.0000200 seconds
234.199: [GC (Allocation Failure)  962409K->651916K(1033216K), 0.0049793 secs]
234.204: Total time for which application threads were stopped: 0.0051533 seconds, Stopping threads took: 0.0000204 seconds
234.270: [GC (Allocation Failure)  970380K->651916K(1033216K), 0.0047534 secs]
234.275: Total time for which application threads were stopped: 0.0049150 seconds, Stopping threads took: 0.0000205 seconds
234.339: [GC (Allocation Failure)  970380K->652204K(1033216K), 0.0049662 secs]
234.344: Total time for which application threads were stopped: 0.0051224 seconds, Stopping threads took: 0.0000191 seconds
234.412: [GC (Allocation Failure)  970668K->659950K(1033216K), 0.0048209 secs]
234.417: Total time for which application threads were stopped: 0.0049924 seconds, Stopping threads took: 0.0000199 seconds
234.483: [GC (Allocation Failure)  978414K->659950K(1033216K), 0.0047970 secs]
234.487: Total time for which application threads were stopped: 0.0049814 seconds, Stopping threads took: 0.0000287 seconds
234.552: [GC (Allocation Failure)  978414K->660198K(1033216K), 0.0049334 secs]
234.557: Total time for which application threads were stopped: 0.0051456 seconds, Stopping threads took: 0.0000243 seconds
234.626: [GC (Allocation Failure)  978662K->667944K(1033216K), 0.0058832 secs]
234.632: Total time for which application threads were stopped: 0.0060734 seconds, Stopping threads took: 0.0000247 seconds
234.700: [GC (Allocation Failure)  986408K->662086K(1033216K), 0.0028350 secs]
234.703: Total time for which application threads were stopped: 0.0029947 seconds, Stopping threads took: 0.0000190 seconds
234.769: [GC (Allocation Failure)  980550K->668168K(1034240K), 0.0051337 secs]
234.775: Total time for which application threads were stopped: 0.0053060 seconds, Stopping threads took: 0.0000200 seconds
234.841: [GC (Allocation Failure)  988168K->672120K(1033728K), 0.0056287 secs]
234.847: Total time for which application threads were stopped: 0.0058009 seconds, Stopping threads took: 0.0000198 seconds
234.912: [GC (Allocation Failure)  992120K->677686K(1029632K), 0.0075788 secs]
234.920: Total time for which application threads were stopped: 0.0077539 seconds, Stopping threads took: 0.0000254 seconds
234.986: [GC (Allocation Failure)  993078K->672216K(1031680K), 0.0050588 secs]
234.991: Total time for which application threads were stopped: 0.0052396 seconds, Stopping threads took: 0.0000287 seconds
235.058: [GC (Allocation Failure)  987608K->672120K(1032704K), 0.0049615 secs]
235.063: Total time for which application threads were stopped: 0.0051337 seconds, Stopping threads took: 0.0000205 seconds
235.127: [GC (Allocation Failure)  989048K->674168K(1032192K), 0.0052285 secs]
235.132: Total time for which application threads were stopped: 0.0054087 seconds, Stopping threads took: 0.0000200 seconds
235.201: [GC (Allocation Failure)  991096K->680187K(1032704K), 0.0050073 secs]
235.207: Total time for which application threads were stopped: 0.0051859 seconds, Stopping threads took: 0.0000197 seconds
235.273: [GC (Allocation Failure)  997627K->680187K(1032704K), 0.0051426 secs]
235.279: Total time for which application threads were stopped: 0.0053231 seconds, Stopping threads took: 0.0000199 seconds
235.345: [GC (Allocation Failure)  997627K->682899K(1033216K), 0.0068070 secs]
235.352: Total time for which application threads were stopped: 0.0069909 seconds, Stopping threads took: 0.0000198 seconds
235.418: [GC (Allocation Failure)  1001363K->688213K(1033216K), 0.0051294 secs]
235.423: Total time for which application threads were stopped: 0.0053050 seconds, Stopping threads took: 0.0000214 seconds
235.491: [GC (Allocation Failure)  1006677K->688181K(1033728K), 0.0051210 secs]
235.497: Total time for which application threads were stopped: 0.0053316 seconds, Stopping threads took: 0.0000196 seconds
235.563: [GC (Allocation Failure)  1007669K->692077K(1033728K), 0.0060852 secs]
235.570: [Full GC (Ergonomics)  692077K->12382K(1033728K), 0.0179120 secs]
235.588: Total time for which application threads were stopped: 0.0242661 seconds, Stopping threads took: 0.0000197 seconds
235.657: [GC (Allocation Failure)  331870K->20768K(1034240K), 0.0039069 secs]
235.661: Total time for which application threads were stopped: 0.0040762 seconds, Stopping threads took: 0.0000202 seconds
235.728: [GC (Allocation Failure)  341280K->20688K(1034240K), 0.0039737 secs]
235.732: Total time for which application threads were stopped: 0.0041336 seconds, Stopping threads took: 0.0000206 seconds
235.798: [GC (Allocation Failure)  341200K->21736K(1034240K), 0.0036660 secs]
235.801: Total time for which application threads were stopped: 0.0038881 seconds, Stopping threads took: 0.0000198 seconds
235.871: [GC (Allocation Failure)  342248K->28778K(1034240K), 0.0036266 secs]
235.875: Total time for which application threads were stopped: 0.0038199 seconds, Stopping threads took: 0.0000201 seconds
235.944: [GC (Allocation Failure)  349290K->28746K(1034240K), 0.0037740 secs]
235.948: Total time for which application threads were stopped: 0.0039330 seconds, Stopping threads took: 0.0000170 seconds
236.013: [GC (Allocation Failure)  349258K->32010K(1034240K), 0.0055697 secs]
236.019: Total time for which application threads were stopped: 0.0057470 seconds, Stopping threads took: 0.0000275 seconds
236.088: [GC (Allocation Failure)  352522K->36749K(1034752K), 0.0037440 secs]
236.091: Total time for which application threads were stopped: 0.0039276 seconds, Stopping threads took: 0.0000205 seconds
236.159: [GC (Allocation Failure)  358285K->36781K(1034752K), 0.0038597 secs]
236.163: Total time for which application threads were stopped: 0.0040404 seconds, Stopping threads took: 0.0000197 seconds
236.228: [GC (Allocation Failure)  358317K->40269K(1034752K), 0.0046315 secs]
236.233: Total time for which application threads were stopped: 0.0048113 seconds, Stopping threads took: 0.0000205 seconds
236.300: [GC (Allocation Failure)  361805K->44847K(1034752K), 0.0037755 secs]
236.303: Total time for which application threads were stopped: 0.0039444 seconds, Stopping threads took: 0.0000217 seconds
236.370: [GC (Allocation Failure)  366383K->44815K(1034752K), 0.0037588 secs]
236.374: Total time for which application threads were stopped: 0.0039471 seconds, Stopping threads took: 0.0000197 seconds
236.439: [GC (Allocation Failure)  366351K->45415K(1034752K), 0.0039365 secs]
236.443: Total time for which application threads were stopped: 0.0041366 seconds, Stopping threads took: 0.0000210 seconds
236.513: [GC (Allocation Failure)  366951K->52809K(1034752K), 0.0035965 secs]
236.517: Total time for which application threads were stopped: 0.0037692 seconds, Stopping threads took: 0.0000274 seconds
236.583: [GC (Allocation Failure)  374345K->52841K(1034752K), 0.0036569 secs]
236.587: Total time for which application threads were stopped: 0.0038327 seconds, Stopping threads took: 0.0000262 seconds
236.655: [GC (Allocation Failure)  374377K->54665K(1034752K), 0.0039919 secs]
236.660: Total time for which application threads were stopped: 0.0041735 seconds, Stopping threads took: 0.0000168 seconds
236.728: [GC (Allocation Failure)  376201K->60972K(1034752K), 0.0038443 secs]
236.732: Total time for which application threads were stopped: 0.0040061 seconds, Stopping threads took: 0.0000201 seconds
236.800: [GC (Allocation Failure)  382508K->60844K(1034752K), 0.0038916 secs]
236.803: Total time for which application threads were stopped: 0.0040555 seconds, Stopping threads took: 0.0000201 seconds
236.869: [GC (Allocation Failure)  382380K->63916K(1034752K), 0.0045180 secs]
236.874: Total time for which application threads were stopped: 0.0046825 seconds, Stopping threads took: 0.0000202 seconds
236.942: [GC (Allocation Failure)  385452K->68910K(1034752K), 0.0038481 secs]
236.946: Total time for which application threads were stopped: 0.0040093 seconds, Stopping threads took: 0.0000211 seconds
237.014: [GC (Allocation Failure)  390446K->68878K(1034752K), 0.0036664 secs]
237.018: Total time for which application threads were stopped: 0.0038620 seconds, Stopping threads took: 0.0000192 seconds
237.084: [GC (Allocation Failure)  390414K->69094K(1034752K), 0.0040220 secs]
237.088: Total time for which application threads were stopped: 0.0041907 seconds, Stopping threads took: 0.0000192 seconds
237.154: [GC (Allocation Failure)  390630K->76904K(1029120K), 0.0040646 secs]
237.158: Total time for which application threads were stopped: 0.0042417 seconds, Stopping threads took: 0.0000162 seconds
237.225: [GC (Allocation Failure)  398440K->76936K(1034752K), 0.0040055 secs]
237.229: Total time for which application threads were stopped: 0.0041710 seconds, Stopping threads took: 0.0000207 seconds
237.296: [GC (Allocation Failure)  397960K->77832K(1034240K), 0.0039555 secs]
237.300: Total time for which application threads were stopped: 0.0041301 seconds, Stopping threads took: 0.0000194 seconds
237.366: [GC (Allocation Failure)  398856K->85002K(1034240K), 0.0065044 secs]
237.373: Total time for which application threads were stopped: 0.0066762 seconds, Stopping threads took: 0.0000204 seconds
237.441: [GC (Allocation Failure)  405514K->84938K(1034240K), 0.0040347 secs]
237.445: Total time for which application threads were stopped: 0.0042115 seconds, Stopping threads took: 0.0000202 seconds
237.513: [GC (Allocation Failure)  405450K->88618K(1034752K), 0.0046234 secs]
237.518: Total time for which application threads were stopped: 0.0047964 seconds, Stopping threads took: 0.0000274 seconds
237.585: [GC (Allocation Failure)  409642K->92973K(1034240K), 0.0037223 secs]
237.589: Total time for which application threads were stopped: 0.0039190 seconds, Stopping threads took: 0.0000256 seconds
237.659: [GC (Allocation Failure)  413997K->93005K(1034752K), 0.0037926 secs]
237.663: Total time for which application threads were stopped: 0.0039540 seconds, Stopping threads took: 0.0000191 seconds
237.730: [GC (Allocation Failure)  414541K->96869K(1034752K), 0.0047449 secs]
237.734: Total time for which application threads were stopped: 0.0049133 seconds, Stopping threads took: 0.0000192 seconds
237.802: [GC (Allocation Failure)  418405K->101095K(1034752K), 0.0039251 secs]
237.806: Total time for which application threads were stopped: 0.0040845 seconds, Stopping threads took: 0.0000190 seconds
237.872: [GC (Allocation Failure)  422631K->100999K(1034752K), 0.0040230 secs]
237.876: Total time for which application threads were stopped: 0.0041908 seconds, Stopping threads took: 0.0000195 seconds
237.941: [GC (Allocation Failure)  422535K->102023K(1034240K), 0.0038861 secs]
237.945: Total time for which application threads were stopped: 0.0040535 seconds, Stopping threads took: 0.0000183 seconds
238.012: [GC (Allocation Failure)  423559K->109065K(1034752K), 0.0038270 secs]
238.016: Total time for which application threads were stopped: 0.0040036 seconds, Stopping threads took: 0.0000261 seconds
238.081: [GC (Allocation Failure)  430601K->109001K(1034752K), 0.0041925 secs]
238.086: Total time for which application threads were stopped: 0.0043687 seconds, Stopping threads took: 0.0000258 seconds
238.151: [GC (Allocation Failure)  430537K->111265K(1034752K), 0.0043504 secs]
238.155: Total time for which application threads were stopped: 0.0045328 seconds, Stopping threads took: 0.0000197 seconds
238.221: [GC (Allocation Failure)  432801K->117059K(1034752K), 0.0042385 secs]
238.225: Total time for which application threads were stopped: 0.0044211 seconds, Stopping threads took: 0.0000202 seconds
238.292: [GC (Allocation Failure)  438595K->117059K(1034752K), 0.0041168 secs]
238.296: Total time for which application threads were stopped: 0.0042986 seconds, Stopping threads took: 0.0000197 seconds
238.363: [GC (Allocation Failure)  438595K->120523K(1035264K), 0.0047275 secs]
238.368: Total time for which application threads were stopped: 0.0049189 seconds, Stopping threads took: 0.0000202 seconds
238.435: [GC (Allocation Failure)  442571K->125134K(1034752K), 0.0040504 secs]
238.439: Total time for which application threads were stopped: 0.0042201 seconds, Stopping threads took: 0.0000195 seconds
238.508: [GC (Allocation Failure)  447182K->125070K(1035264K), 0.0039268 secs]
238.512: Total time for which application threads were stopped: 0.0041126 seconds, Stopping threads took: 0.0000274 seconds
238.580: [GC (Allocation Failure)  447118K->127214K(1034752K), 0.0043358 secs]
238.585: Total time for which application threads were stopped: 0.0045087 seconds, Stopping threads took: 0.0000254 seconds
238.654: [GC (Allocation Failure)  449262K->133264K(1034240K), 0.0037701 secs]
238.658: Total time for which application threads were stopped: 0.0039647 seconds, Stopping threads took: 0.0000201 seconds
238.726: [GC (Allocation Failure)  454800K->133136K(1034752K), 0.0045834 secs]
238.730: Total time for which application threads were stopped: 0.0047311 seconds, Stopping threads took: 0.0000170 seconds
238.797: [GC (Allocation Failure)  454672K->137000K(1035264K), 0.0047538 secs]
238.802: Total time for which application threads were stopped: 0.0049215 seconds, Stopping threads took: 0.0000213 seconds
238.870: [GC (Allocation Failure)  459048K->141194K(1034752K), 0.0040077 secs]
238.874: Total time for which application threads were stopped: 0.0041876 seconds, Stopping threads took: 0.0000192 seconds
238.944: [GC (Allocation Failure)  463242K->141162K(1035264K), 0.0038040 secs]
238.948: Total time for which application threads were stopped: 0.0039799 seconds, Stopping threads took: 0.0000207 seconds
239.014: [GC (Allocation Failure)  463722K->144202K(1035264K), 0.0045925 secs]
239.019: Total time for which application threads were stopped: 0.0047624 seconds, Stopping threads took: 0.0000278 seconds
239.086: [GC (Allocation Failure)  466762K->149196K(1035264K), 0.0039513 secs]
239.090: Total time for which application threads were stopped: 0.0041126 seconds, Stopping threads took: 0.0000187 seconds
239.158: [GC (Allocation Failure)  471756K->149196K(1035264K), 0.0040846 secs]
239.162: Total time for which application threads were stopped: 0.0042378 seconds, Stopping threads took: 0.0000184 seconds
239.229: [GC (Allocation Failure)  471756K->152460K(1035264K), 0.0044540 secs]
239.233: Total time for which application threads were stopped: 0.0046460 seconds, Stopping threads took: 0.0000190 seconds
239.302: [GC (Allocation Failure)  475020K->157263K(1035264K), 0.0037430 secs]
239.306: Total time for which application threads were stopped: 0.0038905 seconds, Stopping threads took: 0.0000171 seconds
239.374: [GC (Allocation Failure)  479823K->157231K(1035264K), 0.0065213 secs]
239.381: Total time for which application threads were stopped: 0.0066908 seconds, Stopping threads took: 0.0000196 seconds
239.448: [GC (Allocation Failure)  479791K->160711K(1035264K), 0.0048809 secs]
239.453: Total time for which application threads were stopped: 0.0050556 seconds, Stopping threads took: 0.0000197 seconds
239.521: [GC (Allocation Failure)  483271K->165449K(1034752K), 0.0038539 secs]
239.525: Total time for which application threads were stopped: 0.0040207 seconds, Stopping threads took: 0.0000261 seconds
239.592: [GC (Allocation Failure)  488009K->165289K(1035264K), 0.0040615 secs]
239.596: Total time for which application threads were stopped: 0.0042244 seconds, Stopping threads took: 0.0000200 seconds
239.665: [GC (Allocation Failure)  487849K->160871K(1035776K), 0.0022972 secs]
239.667: Total time for which application threads were stopped: 0.0024694 seconds, Stopping threads took: 0.0000190 seconds
239.737: [GC (Allocation Failure)  483943K->165353K(1035264K), 0.0039748 secs]
239.741: Total time for which application threads were stopped: 0.0041564 seconds, Stopping threads took: 0.0000201 seconds
239.807: [GC (Allocation Failure)  488425K->165257K(1035776K), 0.0039037 secs]
239.811: Total time for which application threads were stopped: 0.0040775 seconds, Stopping threads took: 0.0000195 seconds
239.880: [GC (Allocation Failure)  488841K->167207K(1033216K), 0.0048280 secs]
239.885: Total time for which application threads were stopped: 0.0050306 seconds, Stopping threads took: 0.0000514 seconds
239.953: [GC (Allocation Failure)  490791K->165353K(1035264K), 0.0038331 secs]
239.957: Total time for which application threads were stopped: 0.0039952 seconds, Stopping threads took: 0.0000196 seconds
240.026: [GC (Allocation Failure)  487401K->165257K(1034752K), 0.0036622 secs]
240.029: Total time for which application threads were stopped: 0.0038489 seconds, Stopping threads took: 0.0000396 seconds
240.096: [GC (Allocation Failure)  487305K->171463K(1031168K), 0.0065798 secs]
240.103: Total time for which application threads were stopped: 0.0067423 seconds, Stopping threads took: 0.0000193 seconds
240.171: [GC (Allocation Failure)  489927K->166249K(1033216K), 0.0041859 secs]
240.175: Total time for which application threads were stopped: 0.0043512 seconds, Stopping threads took: 0.0000199 seconds
240.241: [GC (Allocation Failure)  484713K->166249K(1034752K), 0.0038226 secs]
240.245: Total time for which application threads were stopped: 0.0039957 seconds, Stopping threads took: 0.0000191 seconds
240.314: [GC (Allocation Failure)  487273K->167047K(1034240K), 0.0044998 secs]
240.318: Total time for which application threads were stopped: 0.0046817 seconds, Stopping threads took: 0.0000168 seconds
240.388: [GC (Allocation Failure)  488071K->166441K(1035264K), 0.0041301 secs]
240.392: Total time for which application threads were stopped: 0.0042819 seconds, Stopping threads took: 0.0000165 seconds
240.460: [GC (Allocation Failure)  488489K->166217K(1034752K), 0.0040274 secs]
240.464: Total time for which application threads were stopped: 0.0041869 seconds, Stopping threads took: 0.0000199 seconds
240.532: [GC (Allocation Failure)  488265K->168775K(1034752K), 0.0049108 secs]
240.537: Total time for which application threads were stopped: 0.0050786 seconds, Stopping threads took: 0.0000191 seconds
240.605: [GC (Allocation Failure)  491335K->166377K(1035264K), 0.0063290 secs]
240.611: Total time for which application threads were stopped: 0.0065001 seconds, Stopping threads took: 0.0000266 seconds
240.680: [GC (Allocation Failure)  488937K->166217K(1036288K), 0.0040787 secs]
240.684: Total time for which application threads were stopped: 0.0042420 seconds, Stopping threads took: 0.0000198 seconds
240.752: [GC (Allocation Failure)  490313K->158247K(1024000K), 0.0008226 secs]
240.753: Total time for which application threads were stopped: 0.0009435 seconds, Stopping threads took: 0.0000193 seconds
240.825: [GC (Allocation Failure)  482343K->166345K(1035264K), 0.0042279 secs]
240.829: Total time for which application threads were stopped: 0.0043853 seconds, Stopping threads took: 0.0000183 seconds
240.898: [GC (Allocation Failure)  488905K->170369K(1035264K), 0.0055115 secs]
240.903: Total time for which application threads were stopped: 0.0056767 seconds, Stopping threads took: 0.0000191 seconds
240.970: [GC (Allocation Failure)  492929K->166463K(1035776K), 0.0027606 secs]
240.973: Total time for which application threads were stopped: 0.0029271 seconds, Stopping threads took: 0.0000255 seconds
241.041: [GC (Allocation Failure)  490047K->170537K(1035776K), 0.0040894 secs]
241.045: Total time for which application threads were stopped: 0.0042592 seconds, Stopping threads took: 0.0000195 seconds
241.112: [GC (Allocation Failure)  494121K->174505K(1035776K), 0.0041201 secs]
241.116: Total time for which application threads were stopped: 0.0042843 seconds, Stopping threads took: 0.0000204 seconds
241.184: [GC (Allocation Failure)  498089K->174505K(1035776K), 0.0042345 secs]
241.188: Total time for which application threads were stopped: 0.0044058 seconds, Stopping threads took: 0.0000200 seconds
241.254: [GC (Allocation Failure)  498089K->174569K(1034752K), 0.0039003 secs]
241.258: Total time for which application threads were stopped: 0.0040616 seconds, Stopping threads took: 0.0000202 seconds
241.325: [GC (Allocation Failure)  497129K->182539K(1035264K), 0.0040037 secs]
241.329: Total time for which application threads were stopped: 0.0041704 seconds, Stopping threads took: 0.0000209 seconds
241.395: [GC (Allocation Failure)  505099K->182507K(1035264K), 0.0047706 secs]
241.400: Total time for which application threads were stopped: 0.0049303 seconds, Stopping threads took: 0.0000196 seconds
241.467: [GC (Allocation Failure)  505067K->182595K(1022464K), 0.0042906 secs]
241.471: Total time for which application threads were stopped: 0.0044586 seconds, Stopping threads took: 0.0000194 seconds
241.539: [GC (Allocation Failure)  505155K->190598K(1034752K), 0.0041007 secs]
241.543: Total time for which application threads were stopped: 0.0042717 seconds, Stopping threads took: 0.0000199 seconds
241.611: [GC (Allocation Failure)  512134K->190566K(1034752K), 0.0042749 secs]
241.616: Total time for which application threads were stopped: 0.0044287 seconds, Stopping threads took: 0.0000265 seconds
241.683: [GC (Allocation Failure)  512102K->190798K(1034752K), 0.0040838 secs]
241.688: Total time for which application threads were stopped: 0.0042741 seconds, Stopping threads took: 0.0000196 seconds
241.756: [GC (Allocation Failure)  512334K->198608K(1034752K), 0.0041726 secs]
241.761: Total time for which application threads were stopped: 0.0043520 seconds, Stopping threads took: 0.0000166 seconds
241.829: [GC (Allocation Failure)  520144K->198608K(1034752K), 0.0041180 secs]
241.833: Total time for which application threads were stopped: 0.0042674 seconds, Stopping threads took: 0.0000168 seconds
241.899: [GC (Allocation Failure)  520144K->199048K(1021440K), 0.0040892 secs]
241.903: Total time for which application threads were stopped: 0.0042610 seconds, Stopping threads took: 0.0000196 seconds
241.973: [GC (Allocation Failure)  520584K->206634K(1034240K), 0.0039258 secs]
241.977: Total time for which application threads were stopped: 0.0040931 seconds, Stopping threads took: 0.0000255 seconds
242.046: [GC (Allocation Failure)  527146K->206634K(1034240K), 0.0038985 secs]
242.050: Total time for which application threads were stopped: 0.0040695 seconds, Stopping threads took: 0.0000204 seconds
242.117: [GC (Allocation Failure)  527146K->206762K(1034240K), 0.0040924 secs]
242.122: Total time for which application threads were stopped: 0.0042985 seconds, Stopping threads took: 0.0000202 seconds
242.189: [GC (Allocation Failure)  527274K->214668K(1034240K), 0.0058833 secs]
242.195: Total time for which application threads were stopped: 0.0060729 seconds, Stopping threads took: 0.0000214 seconds
242.264: [GC (Allocation Failure)  535180K->214700K(1034240K), 0.0038518 secs]
242.267: Total time for which application threads were stopped: 0.0040273 seconds, Stopping threads took: 0.0000202 seconds
242.333: [GC (Allocation Failure)  535212K->214724K(1020416K), 0.0041391 secs]
242.337: Total time for which application threads were stopped: 0.0043188 seconds, Stopping threads took: 0.0000203 seconds
242.405: [GC (Allocation Failure)  535236K->222727K(1033728K), 0.0041887 secs]
242.409: Total time for which application threads were stopped: 0.0043588 seconds, Stopping threads took: 0.0000191 seconds
242.475: [GC (Allocation Failure)  542215K->222695K(1033728K), 0.0038689 secs]
242.479: Total time for which application threads were stopped: 0.0040358 seconds, Stopping threads took: 0.0000271 seconds
242.545: [GC (Allocation Failure)  542183K->222727K(1033728K), 0.0047870 secs]
242.550: Total time for which application threads were stopped: 0.0049593 seconds, Stopping threads took: 0.0000198 seconds
242.618: [GC (Allocation Failure)  542215K->230761K(1033728K), 0.0047905 secs]
242.622: Total time for which application threads were stopped: 0.0049509 seconds, Stopping threads took: 0.0000178 seconds
242.689: [GC (Allocation Failure)  550249K->230761K(1033728K), 0.0042451 secs]
242.693: Total time for which application threads were stopped: 0.0044150 seconds, Stopping threads took: 0.0000197 seconds
242.762: [GC (Allocation Failure)  550249K->230953K(1033728K), 0.0040514 secs]
242.766: Total time for which application threads were stopped: 0.0042052 seconds, Stopping threads took: 0.0000190 seconds
242.833: [GC (Allocation Failure)  550441K->238795K(1032704K), 0.0041980 secs]
242.837: Total time for which application threads were stopped: 0.0043780 seconds, Stopping threads took: 0.0000200 seconds
242.903: [GC (Allocation Failure)  557259K->234825K(1033216K), 0.0027193 secs]
242.906: Total time for which application threads were stopped: 0.0028861 seconds, Stopping threads took: 0.0000201 seconds
242.973: [GC (Allocation Failure)  553289K->238923K(1034752K), 0.0040435 secs]
242.977: Total time for which application threads were stopped: 0.0042114 seconds, Stopping threads took: 0.0000255 seconds
243.045: [GC (Allocation Failure)  559947K->242891K(1034240K), 0.0041891 secs]
243.049: Total time for which application threads were stopped: 0.0043919 seconds, Stopping threads took: 0.0000218 seconds
243.116: [GC (Allocation Failure)  563915K->236105K(1034752K), 0.0014462 secs]
243.117: Total time for which application threads were stopped: 0.0015586 seconds, Stopping threads took: 0.0000165 seconds
243.185: [GC (Allocation Failure)  557641K->242995K(1034752K), 0.0042880 secs]
243.190: Total time for which application threads were stopped: 0.0044570 seconds, Stopping threads took: 0.0000192 seconds
243.255: [GC (Allocation Failure)  564531K->247011K(1034752K), 0.0048542 secs]
243.260: Total time for which application threads were stopped: 0.0050179 seconds, Stopping threads took: 0.0000200 seconds
243.325: [GC (Allocation Failure)  568547K->241505K(1034752K), 0.0020155 secs]
243.327: Total time for which application threads were stopped: 0.0021725 seconds, Stopping threads took: 0.0000205 seconds
243.394: [GC (Allocation Failure)  563041K->247347K(1035776K), 0.0066533 secs]
243.401: Total time for which application threads were stopped: 0.0068343 seconds, Stopping threads took: 0.0000222 seconds
243.469: [GC (Allocation Failure)  569907K->251155K(1034752K), 0.0045746 secs]
243.474: Total time for which application threads were stopped: 0.0047340 seconds, Stopping threads took: 0.0000197 seconds
243.543: [GC (Allocation Failure)  573643K->247281K(1035776K), 0.0029704 secs]
243.546: Total time for which application threads were stopped: 0.0031577 seconds, Stopping threads took: 0.0000200 seconds
243.618: [GC (Allocation Failure)  570353K->251283K(1035264K), 0.0048384 secs]
243.623: Total time for which application threads were stopped: 0.0049825 seconds, Stopping threads took: 0.0000245 seconds
243.691: [GC (Allocation Failure)  574355K->255315K(1035264K), 0.0044810 secs]
243.696: Total time for which application threads were stopped: 0.0046498 seconds, Stopping threads took: 0.0000195 seconds
243.765: [GC (Allocation Failure)  578899K->255315K(1035776K), 0.0038825 secs]
243.769: Total time for which application threads were stopped: 0.0040384 seconds, Stopping threads took: 0.0000197 seconds
243.836: [GC (Allocation Failure)  578899K->255371K(1034752K), 0.0043205 secs]
243.840: Total time for which application threads were stopped: 0.0044797 seconds, Stopping threads took: 0.0000192 seconds
243.909: [GC (Allocation Failure)  577931K->263341K(1035264K), 0.0038802 secs]
243.913: Total time for which application threads were stopped: 0.0040567 seconds, Stopping threads took: 0.0000198 seconds
243.982: [GC (Allocation Failure)  585901K->263373K(1034240K), 0.0038093 secs]
243.986: Total time for which application threads were stopped: 0.0040133 seconds, Stopping threads took: 0.0000257 seconds
244.052: [GC (Allocation Failure)  584909K->263405K(1034752K), 0.0042606 secs]
244.057: Total time for which application threads were stopped: 0.0044563 seconds, Stopping threads took: 0.0000203 seconds
244.126: [GC (Allocation Failure)  584941K->271376K(1034752K), 0.0041333 secs]
244.130: Total time for which application threads were stopped: 0.0043146 seconds, Stopping threads took: 0.0000169 seconds
244.201: [GC (Allocation Failure)  592912K->271376K(1029120K), 0.0040412 secs]
244.205: Total time for which application threads were stopped: 0.0042101 seconds, Stopping threads took: 0.0000191 seconds
244.273: [GC (Allocation Failure)  592912K->271624K(1034240K), 0.0043018 secs]
244.277: Total time for which application threads were stopped: 0.0044819 seconds, Stopping threads took: 0.0000197 seconds
244.344: [GC (Allocation Failure)  592136K->279434K(1034240K), 0.0045017 secs]
244.349: Total time for which application threads were stopped: 0.0046737 seconds, Stopping threads took: 0.0000219 seconds
244.418: [GC (Allocation Failure)  599946K->279402K(1034240K), 0.0041086 secs]
244.422: Total time for which application threads were stopped: 0.0043024 seconds, Stopping threads took: 0.0000194 seconds
244.490: [GC (Allocation Failure)  599914K->279850K(1020416K), 0.0042059 secs]
244.495: Total time for which application threads were stopped: 0.0043732 seconds, Stopping threads took: 0.0000194 seconds
244.564: [GC (Allocation Failure)  600362K->287436K(1033728K), 0.0053214 secs]
244.570: Total time for which application threads were stopped: 0.0054803 seconds, Stopping threads took: 0.0000171 seconds
244.638: [GC (Allocation Failure)  606924K->287436K(1033728K), 0.0040444 secs]
244.642: Total time for which application threads were stopped: 0.0042125 seconds, Stopping threads took: 0.0000196 seconds
244.707: [GC (Allocation Failure)  606924K->287564K(1033728K), 0.0042217 secs]
244.711: Total time for which application threads were stopped: 0.0044033 seconds, Stopping threads took: 0.0000193 seconds
244.779: [GC (Allocation Failure)  607052K->295470K(1033728K), 0.0040369 secs]
244.783: Total time for which application threads were stopped: 0.0042087 seconds, Stopping threads took: 0.0000200 seconds
244.852: [GC (Allocation Failure)  614958K->295470K(1033728K), 0.0042255 secs]
244.856: Total time for which application threads were stopped: 0.0043957 seconds, Stopping threads took: 0.0000199 seconds
244.922: [GC (Allocation Failure)  614958K->295534K(1033728K), 0.0043409 secs]
244.926: Total time for which application threads were stopped: 0.0045101 seconds, Stopping threads took: 0.0000187 seconds
244.995: [GC (Allocation Failure)  615022K->303505K(1032704K), 0.0040764 secs]
244.999: Total time for which application threads were stopped: 0.0042613 seconds, Stopping threads took: 0.0000292 seconds
245.065: [GC (Allocation Failure)  621969K->297934K(1033216K), 0.0021561 secs]
245.068: Total time for which application threads were stopped: 0.0023152 seconds, Stopping threads took: 0.0000192 seconds
245.135: [GC (Allocation Failure)  616398K->303785K(1034752K), 0.0041886 secs]
245.139: Total time for which application threads were stopped: 0.0043570 seconds, Stopping threads took: 0.0000211 seconds
245.206: [GC (Allocation Failure)  624297K->307641K(1033728K), 0.0043941 secs]
245.211: Total time for which application threads were stopped: 0.0045532 seconds, Stopping threads took: 0.0000200 seconds
245.278: [GC (Allocation Failure)  628153K->314526K(1029120K), 0.0074064 secs]
245.285: Total time for which application threads were stopped: 0.0075871 seconds, Stopping threads took: 0.0000373 seconds
245.352: [GC (Allocation Failure)  629918K->308417K(1031680K), 0.0042877 secs]
245.356: Total time for which application threads were stopped: 0.0044925 seconds, Stopping threads took: 0.0000282 seconds
245.423: [GC (Allocation Failure)  623809K->308257K(1032704K), 0.0042360 secs]
245.427: Total time for which application threads were stopped: 0.0044325 seconds, Stopping threads took: 0.0000249 seconds
245.494: [GC (Allocation Failure)  625185K->311689K(1032192K), 0.0049025 secs]
245.499: Total time for which application threads were stopped: 0.0050637 seconds, Stopping threads took: 0.0000257 seconds
245.566: [GC (Allocation Failure)  628617K->316395K(1033216K), 0.0042414 secs]
245.571: Total time for which application threads were stopped: 0.0044147 seconds, Stopping threads took: 0.0000287 seconds
245.639: [GC (Allocation Failure)  634347K->316299K(1032704K), 0.0043106 secs]
245.644: Total time for which application threads were stopped: 0.0045064 seconds, Stopping threads took: 0.0000186 seconds
245.711: [GC (Allocation Failure)  634251K->317315K(1033216K), 0.0045983 secs]
245.715: Total time for which application threads were stopped: 0.0047795 seconds, Stopping threads took: 0.0000192 seconds
245.783: [GC (Allocation Failure)  635779K->324357K(1033216K), 0.0044668 secs]
245.787: Total time for which application threads were stopped: 0.0046608 seconds, Stopping threads took: 0.0000192 seconds
245.856: [GC (Allocation Failure)  642821K->324325K(1033728K), 0.0043614 secs]
245.860: Total time for which application threads were stopped: 0.0045210 seconds, Stopping threads took: 0.0000197 seconds
245.927: [GC (Allocation Failure)  643301K->325997K(1033216K), 0.0043292 secs]
245.931: Total time for which application threads were stopped: 0.0044983 seconds, Stopping threads took: 0.0000194 seconds
245.999: [GC (Allocation Failure)  644973K->332399K(1033728K), 0.0042321 secs]
246.003: Total time for which application threads were stopped: 0.0044016 seconds, Stopping threads took: 0.0000261 seconds
246.071: [GC (Allocation Failure)  651887K->332399K(1033728K), 0.0045264 secs]
246.076: Total time for which application threads were stopped: 0.0046863 seconds, Stopping threads took: 0.0000189 seconds
246.142: [GC (Allocation Failure)  651887K->332679K(1033728K), 0.0043550 secs]
246.146: Total time for which application threads were stopped: 0.0045381 seconds, Stopping threads took: 0.0000198 seconds
246.213: [GC (Allocation Failure)  652167K->340394K(1033728K), 0.0046219 secs]
246.218: Total time for which application threads were stopped: 0.0048104 seconds, Stopping threads took: 0.0000208 seconds
246.287: [GC (Allocation Failure)  659882K->340362K(1033728K), 0.0043681 secs]
246.292: Total time for which application threads were stopped: 0.0045269 seconds, Stopping threads took: 0.0000193 seconds
246.358: [GC (Allocation Failure)  659850K->344042K(1033728K), 0.0052216 secs]
246.363: Total time for which application threads were stopped: 0.0053932 seconds, Stopping threads took: 0.0000203 seconds
246.431: [GC (Allocation Failure)  663530K->348492K(1034240K), 0.0045055 secs]
246.436: Total time for which application threads were stopped: 0.0046682 seconds, Stopping threads took: 0.0000191 seconds
246.503: [GC (Allocation Failure)  669004K->348428K(1034240K), 0.0041530 secs]
246.508: Total time for which application threads were stopped: 0.0043211 seconds, Stopping threads took: 0.0000205 seconds
246.576: [GC (Allocation Failure)  668940K->349188K(1034240K), 0.0044688 secs]
246.580: Total time for which application threads were stopped: 0.0046509 seconds, Stopping threads took: 0.0000280 seconds
246.650: [GC (Allocation Failure)  669700K->356486K(1034240K), 0.0043721 secs]
246.654: Total time for which application threads were stopped: 0.0045434 seconds, Stopping threads took: 0.0000199 seconds
246.722: [GC (Allocation Failure)  676998K->356486K(1034240K), 0.0042715 secs]
246.726: Total time for which application threads were stopped: 0.0044332 seconds, Stopping threads took: 0.0000204 seconds
246.795: [GC (Allocation Failure)  676998K->357382K(1034240K), 0.0045582 secs]
246.799: Total time for which application threads were stopped: 0.0047174 seconds, Stopping threads took: 0.0000195 seconds
246.867: [GC (Allocation Failure)  677894K->364521K(1034240K), 0.0044889 secs]
246.872: Total time for which application threads were stopped: 0.0046675 seconds, Stopping threads took: 0.0000201 seconds
246.940: [GC (Allocation Failure)  685033K->364521K(1034240K), 0.0044222 secs]
246.944: Total time for which application threads were stopped: 0.0045840 seconds, Stopping threads took: 0.0000166 seconds
247.012: [GC (Allocation Failure)  685033K->365641K(1034240K), 0.0044326 secs]
247.016: Total time for which application threads were stopped: 0.0045882 seconds, Stopping threads took: 0.0000266 seconds
247.085: [GC (Allocation Failure)  686153K->372555K(1034240K), 0.0043833 secs]
247.090: Total time for which application threads were stopped: 0.0045414 seconds, Stopping threads took: 0.0000167 seconds
247.157: [GC (Allocation Failure)  693067K->372555K(1034240K), 0.0044462 secs]
247.161: Total time for which application threads were stopped: 0.0046256 seconds, Stopping threads took: 0.0000197 seconds
247.228: [GC (Allocation Failure)  693067K->372875K(1020416K), 0.0042649 secs]
247.232: Total time for which application threads were stopped: 0.0044252 seconds, Stopping threads took: 0.0000194 seconds
247.300: [GC (Allocation Failure)  693387K->380589K(1033728K), 0.0046528 secs]
247.305: Total time for which application threads were stopped: 0.0048323 seconds, Stopping threads took: 0.0000220 seconds
247.371: [GC (Allocation Failure)  700077K->380557K(1033728K), 0.0063819 secs]
247.377: Total time for which application threads were stopped: 0.0065855 seconds, Stopping threads took: 0.0000192 seconds
247.444: [GC (Allocation Failure)  700045K->381101K(1033728K), 0.0044724 secs]
247.448: Total time for which application threads were stopped: 0.0046328 seconds, Stopping threads took: 0.0000191 seconds
247.516: [GC (Allocation Failure)  700589K->388655K(1033728K), 0.0065513 secs]
247.522: Total time for which application threads were stopped: 0.0067228 seconds, Stopping threads took: 0.0000195 seconds
247.590: [GC (Allocation Failure)  708143K->388591K(1033728K), 0.0043708 secs]
247.594: Total time for which application threads were stopped: 0.0045422 seconds, Stopping threads took: 0.0000337 seconds
247.661: [GC (Allocation Failure)  708079K->389319K(1033728K), 0.0044528 secs]
247.665: Total time for which application threads were stopped: 0.0046314 seconds, Stopping threads took: 0.0000200 seconds
247.735: [GC (Allocation Failure)  708807K->396618K(1033728K), 0.0044318 secs]
247.739: Total time for which application threads were stopped: 0.0046169 seconds, Stopping threads took: 0.0000167 seconds
247.808: [GC (Allocation Failure)  716106K->396618K(1033728K), 0.0046155 secs]
247.812: Total time for which application threads were stopped: 0.0048001 seconds, Stopping threads took: 0.0000169 seconds
247.880: [GC (Allocation Failure)  716106K->398634K(1033728K), 0.0047949 secs]
247.885: Total time for which application threads were stopped: 0.0049664 seconds, Stopping threads took: 0.0000196 seconds
247.953: [GC (Allocation Failure)  718122K->404652K(1033728K), 0.0044801 secs]
247.957: Total time for which application threads were stopped: 0.0046658 seconds, Stopping threads took: 0.0000191 seconds
248.025: [GC (Allocation Failure)  724140K->404684K(1033728K), 0.0042008 secs]
248.029: Total time for which application threads were stopped: 0.0044160 seconds, Stopping threads took: 0.0000261 seconds
248.096: [GC (Allocation Failure)  724172K->405804K(1033728K), 0.0046198 secs]
248.101: Total time for which application threads were stopped: 0.0047885 seconds, Stopping threads took: 0.0000195 seconds
248.168: [GC (Allocation Failure)  725292K->412686K(1033728K), 0.0044003 secs]
248.173: Total time for which application threads were stopped: 0.0045930 seconds, Stopping threads took: 0.0000189 seconds
248.241: [GC (Allocation Failure)  732174K->412686K(1033728K), 0.0044084 secs]
248.245: Total time for which application threads were stopped: 0.0045607 seconds, Stopping threads took: 0.0000171 seconds
248.311: [GC (Allocation Failure)  732174K->412998K(1033728K), 0.0045892 secs]
248.316: Total time for which application threads were stopped: 0.0047602 seconds, Stopping threads took: 0.0000193 seconds
248.383: [GC (Allocation Failure)  732486K->420744K(1033728K), 0.0043228 secs]
248.388: Total time for which application threads were stopped: 0.0045163 seconds, Stopping threads took: 0.0000193 seconds
248.456: [GC (Allocation Failure)  740232K->420712K(1033728K), 0.0045521 secs]
248.461: Total time for which application threads were stopped: 0.0047346 seconds, Stopping threads took: 0.0000171 seconds
248.529: [GC (Allocation Failure)  740200K->421224K(1033728K), 0.0043460 secs]
248.534: Total time for which application threads were stopped: 0.0045285 seconds, Stopping threads took: 0.0000258 seconds
248.601: [GC (Allocation Failure)  740712K->428779K(1033728K), 0.0095072 secs]
248.611: Total time for which application threads were stopped: 0.0096650 seconds, Stopping threads took: 0.0000202 seconds
248.679: [GC (Allocation Failure)  748267K->428747K(1033728K), 0.0046423 secs]
248.684: Total time for which application threads were stopped: 0.0048375 seconds, Stopping threads took: 0.0000192 seconds
248.751: [GC (Allocation Failure)  748235K->429483K(1033728K), 0.0046046 secs]
248.756: Total time for which application threads were stopped: 0.0047767 seconds, Stopping threads took: 0.0000191 seconds
248.823: [GC (Allocation Failure)  748971K->436781K(1033728K), 0.0044263 secs]
248.828: Total time for which application threads were stopped: 0.0046185 seconds, Stopping threads took: 0.0000193 seconds
248.896: [GC (Allocation Failure)  756269K->436781K(1033728K), 0.0044975 secs]
248.901: Total time for which application threads were stopped: 0.0046830 seconds, Stopping threads took: 0.0000168 seconds
248.968: [GC (Allocation Failure)  756269K->437709K(1033728K), 0.0047398 secs]
248.973: Total time for which application threads were stopped: 0.0049158 seconds, Stopping threads took: 0.0000199 seconds
249.043: [GC (Allocation Failure)  757197K->444815K(1033728K), 0.0045457 secs]
249.047: Total time for which application threads were stopped: 0.0047156 seconds, Stopping threads took: 0.0000261 seconds
249.115: [GC (Allocation Failure)  764303K->444847K(1033728K), 0.0045538 secs]
249.120: Total time for which application threads were stopped: 0.0047196 seconds, Stopping threads took: 0.0000208 seconds
249.186: [GC (Allocation Failure)  764335K->444935K(1033728K), 0.0044037 secs]
249.191: Total time for which application threads were stopped: 0.0045738 seconds, Stopping threads took: 0.0000195 seconds
249.258: [GC (Allocation Failure)  764423K->452841K(1027072K), 0.0043982 secs]
249.263: Total time for which application threads were stopped: 0.0045714 seconds, Stopping threads took: 0.0000198 seconds
249.330: [GC (Allocation Failure)  772329K->452841K(1033216K), 0.0046509 secs]
249.335: Total time for which application threads were stopped: 0.0048249 seconds, Stopping threads took: 0.0000197 seconds
249.402: [GC (Allocation Failure)  771305K->453161K(1033216K), 0.0044862 secs]
249.407: Total time for which application threads were stopped: 0.0046676 seconds, Stopping threads took: 0.0000199 seconds
249.474: [GC (Allocation Failure)  771625K->460876K(1033216K), 0.0044560 secs]
249.478: Total time for which application threads were stopped: 0.0046212 seconds, Stopping threads took: 0.0000198 seconds
249.545: [GC (Allocation Failure)  779340K->460908K(1033216K), 0.0045621 secs]
249.550: Total time for which application threads were stopped: 0.0047640 seconds, Stopping threads took: 0.0000273 seconds
249.615: [GC (Allocation Failure)  779372K->461356K(1033216K), 0.0080704 secs]
249.623: Total time for which application threads were stopped: 0.0082719 seconds, Stopping threads took: 0.0000200 seconds
249.689: [GC (Allocation Failure)  779820K->468910K(1033216K), 0.0045362 secs]
249.694: Total time for which application threads were stopped: 0.0047061 seconds, Stopping threads took: 0.0000195 seconds
249.763: [GC (Allocation Failure)  787374K->468910K(1033216K), 0.0044919 secs]
249.767: Total time for which application threads were stopped: 0.0046628 seconds, Stopping threads took: 0.0000190 seconds
249.832: [GC (Allocation Failure)  787374K->469134K(1033216K), 0.0047037 secs]
249.836: Total time for which application threads were stopped: 0.0048679 seconds, Stopping threads took: 0.0000199 seconds
249.904: [GC (Allocation Failure)  787598K->476944K(1033216K), 0.0045037 secs]
249.908: Total time for which application threads were stopped: 0.0046800 seconds, Stopping threads took: 0.0000202 seconds
249.976: [GC (Allocation Failure)  795408K->476944K(1033216K), 0.0047501 secs]
249.980: Total time for which application threads were stopped: 0.0049055 seconds, Stopping threads took: 0.0000166 seconds
250.047: [GC (Allocation Failure)  795408K->477096K(1033216K), 0.0044396 secs]
250.052: Total time for which application threads were stopped: 0.0046349 seconds, Stopping threads took: 0.0000197 seconds
250.120: [GC (Allocation Failure)  795560K->484971K(1033216K), 0.0046412 secs]
250.125: Total time for which application threads were stopped: 0.0048112 seconds, Stopping threads took: 0.0000190 seconds
250.190: [GC (Allocation Failure)  803435K->485003K(1033216K), 0.0045225 secs]
250.195: Total time for which application threads were stopped: 0.0046834 seconds, Stopping threads took: 0.0000199 seconds
250.259: [GC (Allocation Failure)  803467K->485027K(1033216K), 0.0048753 secs]
250.264: Total time for which application threads were stopped: 0.0050644 seconds, Stopping threads took: 0.0000188 seconds
250.332: [GC (Allocation Failure)  803491K->493029K(1033216K), 0.0046426 secs]
250.337: Total time for which application threads were stopped: 0.0048011 seconds, Stopping threads took: 0.0000164 seconds
250.404: [GC (Allocation Failure)  811493K->492997K(1033216K), 0.0047238 secs]
250.409: Total time for which application threads were stopped: 0.0049058 seconds, Stopping threads took: 0.0000198 seconds
250.474: [GC (Allocation Failure)  811461K->493325K(1033216K), 0.0046462 secs]
250.479: Total time for which application threads were stopped: 0.0048187 seconds, Stopping threads took: 0.0000195 seconds
250.545: [GC (Allocation Failure)  811789K->501071K(1033216K), 0.0045007 secs]
250.550: Total time for which application threads were stopped: 0.0046799 seconds, Stopping threads took: 0.0000264 seconds
250.618: [GC (Allocation Failure)  819535K->501039K(1033216K), 0.0052377 secs]
250.623: Total time for which application threads were stopped: 0.0054009 seconds, Stopping threads took: 0.0000169 seconds
250.689: [GC (Allocation Failure)  819503K->501287K(1033216K), 0.0048208 secs]
250.694: Total time for which application threads were stopped: 0.0050150 seconds, Stopping threads took: 0.0000196 seconds
250.760: [GC (Allocation Failure)  819751K->509065K(1033216K), 0.0045691 secs]
250.765: Total time for which application threads were stopped: 0.0047634 seconds, Stopping threads took: 0.0000193 seconds
250.830: [GC (Allocation Failure)  827529K->505159K(1033216K), 0.0036387 secs]
250.834: Total time for which application threads were stopped: 0.0038011 seconds, Stopping threads took: 0.0000193 seconds
250.900: [GC (Allocation Failure)  823623K->509225K(1034752K), 0.0047614 secs]
250.905: Total time for which application threads were stopped: 0.0049357 seconds, Stopping threads took: 0.0000209 seconds
250.974: [GC (Allocation Failure)  829737K->513225K(1033728K), 0.0043566 secs]
250.978: Total time for which application threads were stopped: 0.0045269 seconds, Stopping threads took: 0.0000196 seconds
251.046: [GC (Allocation Failure)  833737K->505351K(1034240K), 0.0016235 secs]
251.047: Total time for which application threads were stopped: 0.0017589 seconds, Stopping threads took: 0.0000278 seconds
251.115: [GC (Allocation Failure)  825863K->513233K(1034240K), 0.0045851 secs]
251.119: Total time for which application threads were stopped: 0.0047565 seconds, Stopping threads took: 0.0000199 seconds
251.186: [GC (Allocation Failure)  833745K->517377K(1033216K), 0.0060044 secs]
251.192: Total time for which application threads were stopped: 0.0061617 seconds, Stopping threads took: 0.0000202 seconds
251.259: [GC (Allocation Failure)  836865K->523039K(1032704K), 0.0091559 secs]
251.268: Total time for which application threads were stopped: 0.0093348 seconds, Stopping threads took: 0.0000201 seconds
251.335: [GC (Allocation Failure)  842527K->517569K(1031680K), 0.0047734 secs]
251.340: Total time for which application threads were stopped: 0.0049531 seconds, Stopping threads took: 0.0000216 seconds
251.407: [GC (Allocation Failure)  833985K->517345K(1032192K), 0.0046677 secs]
251.412: Total time for which application threads were stopped: 0.0048473 seconds, Stopping threads took: 0.0000200 seconds
251.477: [GC (Allocation Failure)  833761K->511999K(1032704K), 0.0024708 secs]
251.479: Total time for which application threads were stopped: 0.0026333 seconds, Stopping threads took: 0.0000193 seconds
251.547: [GC (Allocation Failure)  829439K->517537K(1032704K), 0.0045194 secs]
251.552: Total time for which application threads were stopped: 0.0046810 seconds, Stopping threads took: 0.0000256 seconds
251.619: [GC (Allocation Failure)  834977K->517345K(1033216K), 0.0056403 secs]
251.624: Total time for which application threads were stopped: 0.0058235 seconds, Stopping threads took: 0.0000247 seconds
251.690: [GC (Allocation Failure)  835297K->517705K(1032704K), 0.0046236 secs]
251.695: Total time for which application threads were stopped: 0.0048176 seconds, Stopping threads took: 0.0000198 seconds
251.763: [GC (Allocation Failure)  835657K->525388K(1033216K), 0.0046526 secs]
251.767: Total time for which application threads were stopped: 0.0048097 seconds, Stopping threads took: 0.0000172 seconds
251.834: [GC (Allocation Failure)  843852K->525388K(1033216K), 0.0047728 secs]
251.839: Total time for which application threads were stopped: 0.0049715 seconds, Stopping threads took: 0.0000196 seconds
251.904: [GC (Allocation Failure)  843852K->529476K(1033728K), 0.0058798 secs]
251.910: Total time for which application threads were stopped: 0.0060509 seconds, Stopping threads took: 0.0000197 seconds
251.977: [GC (Allocation Failure)  848452K->533478K(1033216K), 0.0048831 secs]
251.982: Total time for which application threads were stopped: 0.0050510 seconds, Stopping threads took: 0.0000201 seconds
252.049: [GC (Allocation Failure)  852454K->533414K(1034240K), 0.0045530 secs]
252.054: Total time for which application threads were stopped: 0.0047357 seconds, Stopping threads took: 0.0000279 seconds
252.122: [GC (Allocation Failure)  853926K->536742K(1034240K), 0.0053382 secs]
252.127: Total time for which application threads were stopped: 0.0055095 seconds, Stopping threads took: 0.0000195 seconds
252.194: [GC (Allocation Failure)  857254K->541480K(1034240K), 0.0044888 secs]
252.199: Total time for which application threads were stopped: 0.0046850 seconds, Stopping threads took: 0.0000202 seconds
252.268: [GC (Allocation Failure)  861992K->541448K(1034240K), 0.0046740 secs]
252.273: Total time for which application threads were stopped: 0.0048327 seconds, Stopping threads took: 0.0000169 seconds
252.341: [GC (Allocation Failure)  861960K->542920K(1033728K), 0.0046964 secs]
252.346: Total time for which application threads were stopped: 0.0048899 seconds, Stopping threads took: 0.0000199 seconds
252.416: [GC (Allocation Failure)  863432K->549546K(1034240K), 0.0045833 secs]
252.420: Total time for which application threads were stopped: 0.0047339 seconds, Stopping threads took: 0.0000173 seconds
252.489: [GC (Allocation Failure)  870058K->549482K(1034752K), 0.0048384 secs]
252.494: Total time for which application threads were stopped: 0.0050511 seconds, Stopping threads took: 0.0000257 seconds
252.561: [GC (Allocation Failure)  870506K->549602K(1034240K), 0.0048370 secs]
252.566: Total time for which application threads were stopped: 0.0050012 seconds, Stopping threads took: 0.0000191 seconds
252.634: [GC (Allocation Failure)  870626K->557573K(1034240K), 0.0046838 secs]
252.639: Total time for which application threads were stopped: 0.0048600 seconds, Stopping threads took: 0.0000200 seconds
252.706: [GC (Allocation Failure)  878085K->557477K(1034240K), 0.0048754 secs]
252.711: Total time for which application threads were stopped: 0.0050323 seconds, Stopping threads took: 0.0000190 seconds
252.779: [GC (Allocation Failure)  877989K->560397K(1034240K), 0.0051890 secs]
252.785: Total time for which application threads were stopped: 0.0053573 seconds, Stopping threads took: 0.0000190 seconds
252.852: [GC (Allocation Failure)  880909K->565647K(1034240K), 0.0046141 secs]
252.857: Total time for which application threads were stopped: 0.0047825 seconds, Stopping threads took: 0.0000199 seconds
252.924: [GC (Allocation Failure)  886159K->565551K(1034752K), 0.0049285 secs]
252.930: Total time for which application threads were stopped: 0.0051339 seconds, Stopping threads took: 0.0000199 seconds
252.997: [GC (Allocation Failure)  886575K->567111K(1034240K), 0.0048359 secs]
253.002: Total time for which application threads were stopped: 0.0050359 seconds, Stopping threads took: 0.0000271 seconds
253.069: [GC (Allocation Failure)  888135K->573641K(1034240K), 0.0047218 secs]
253.074: Total time for which application threads were stopped: 0.0048796 seconds, Stopping threads took: 0.0000171 seconds
253.140: [GC (Allocation Failure)  894153K->573577K(1034240K), 0.0046504 secs]
253.145: Total time for which application threads were stopped: 0.0048282 seconds, Stopping threads took: 0.0000199 seconds
253.213: [GC (Allocation Failure)  894089K->573801K(1034240K), 0.0048218 secs]
253.218: Total time for which application threads were stopped: 0.0049880 seconds, Stopping threads took: 0.0000248 seconds
253.286: [GC (Allocation Failure)  894313K->581643K(1034240K), 0.0047254 secs]
253.291: Total time for which application threads were stopped: 0.0048996 seconds, Stopping threads took: 0.0000203 seconds
253.359: [GC (Allocation Failure)  902155K->581643K(1034240K), 0.0048000 secs]
253.364: Total time for which application threads were stopped: 0.0049665 seconds, Stopping threads took: 0.0000201 seconds
253.431: [GC (Allocation Failure)  902155K->584107K(1034240K), 0.0053782 secs]
253.436: Total time for which application threads were stopped: 0.0055546 seconds, Stopping threads took: 0.0000201 seconds
253.505: [GC (Allocation Failure)  904619K->589678K(1034240K), 0.0047467 secs]
253.510: Total time for which application threads were stopped: 0.0049198 seconds, Stopping threads took: 0.0000264 seconds
253.577: [GC (Allocation Failure)  910190K->589646K(1034240K), 0.0046583 secs]
253.582: Total time for which application threads were stopped: 0.0048704 seconds, Stopping threads took: 0.0000204 seconds
253.652: [GC (Allocation Failure)  910158K->590246K(1034240K), 0.0050197 secs]
253.657: Total time for which application threads were stopped: 0.0051978 seconds, Stopping threads took: 0.0000199 seconds
253.726: [GC (Allocation Failure)  910758K->597704K(1034240K), 0.0048017 secs]
253.731: Total time for which application threads were stopped: 0.0049941 seconds, Stopping threads took: 0.0000201 seconds
253.801: [GC (Allocation Failure)  918216K->597672K(1034240K), 0.0045100 secs]
253.805: Total time for which application threads were stopped: 0.0046740 seconds, Stopping threads took: 0.0000168 seconds
253.874: [GC (Allocation Failure)  918184K->598504K(1034240K), 0.0048859 secs]
253.879: Total time for which application threads were stopped: 0.0050445 seconds, Stopping threads took: 0.0000249 seconds
253.947: [GC (Allocation Failure)  919016K->605802K(1033216K), 0.0049027 secs]
253.952: Total time for which application threads were stopped: 0.0050676 seconds, Stopping threads took: 0.0000199 seconds
254.020: [GC (Allocation Failure)  925290K->605738K(1033728K), 0.0048107 secs]
254.025: Total time for which application threads were stopped: 0.0050128 seconds, Stopping threads took: 0.0000259 seconds
254.092: [GC (Allocation Failure)  925226K->606762K(1033216K), 0.0049812 secs]
254.097: Total time for which application threads were stopped: 0.0051410 seconds, Stopping threads took: 0.0000197 seconds
254.163: [GC (Allocation Failure)  926250K->613805K(1033728K), 0.0048632 secs]
254.168: Total time for which application threads were stopped: 0.0050235 seconds, Stopping threads took: 0.0000194 seconds
254.235: [GC (Allocation Failure)  933293K->613741K(1033728K), 0.0066030 secs]
254.241: Total time for which application threads were stopped: 0.0067691 seconds, Stopping threads took: 0.0000189 seconds
254.308: [GC (Allocation Failure)  933229K->613965K(1033728K), 0.0048807 secs]
254.313: Total time for which application threads were stopped: 0.0050392 seconds, Stopping threads took: 0.0000193 seconds
254.380: [GC (Allocation Failure)  933453K->621839K(1033728K), 0.0046560 secs]
254.385: Total time for which application threads were stopped: 0.0048671 seconds, Stopping threads took: 0.0000193 seconds
254.451: [GC (Allocation Failure)  941327K->621743K(1033728K), 0.0050015 secs]
254.456: Total time for which application threads were stopped: 0.0051785 seconds, Stopping threads took: 0.0000192 seconds
254.523: [GC (Allocation Failure)  941231K->623207K(1033728K), 0.0049256 secs]
254.528: Total time for which application threads were stopped: 0.0050994 seconds, Stopping threads took: 0.0000191 seconds
254.597: [GC (Allocation Failure)  942695K->629833K(1033728K), 0.0047917 secs]
254.602: Total time for which application threads were stopped: 0.0049768 seconds, Stopping threads took: 0.0000163 seconds
254.670: [GC (Allocation Failure)  949321K->629801K(1033728K), 0.0048347 secs]
254.675: Total time for which application threads were stopped: 0.0049962 seconds, Stopping threads took: 0.0000200 seconds
254.741: [GC (Allocation Failure)  949289K->630441K(1033728K), 0.0047975 secs]
254.746: Total time for which application threads were stopped: 0.0049619 seconds, Stopping threads took: 0.0000199 seconds
254.814: [GC (Allocation Failure)  949929K->637899K(1033728K), 0.0049276 secs]
254.819: Total time for which application threads were stopped: 0.0051040 seconds, Stopping threads took: 0.0000206 seconds
254.886: [GC (Allocation Failure)  957387K->637835K(1033728K), 0.0048305 secs]
254.891: Total time for which application threads were stopped: 0.0049904 seconds, Stopping threads took: 0.0000202 seconds
254.958: [GC (Allocation Failure)  957323K->637899K(1033728K), 0.0049097 secs]
254.963: Total time for which application threads were stopped: 0.0050987 seconds, Stopping threads took: 0.0000190 seconds
255.030: [GC (Allocation Failure)  957387K->645870K(1033728K), 0.0048803 secs]
255.035: Total time for which application threads were stopped: 0.0050423 seconds, Stopping threads took: 0.0000259 seconds
255.103: [GC (Allocation Failure)  965358K->645838K(1033728K), 0.0049127 secs]
255.108: Total time for which application threads were stopped: 0.0051062 seconds, Stopping threads took: 0.0000266 seconds
255.174: [GC (Allocation Failure)  965326K->646862K(1033728K), 0.0060581 secs]
255.180: Total time for which application threads were stopped: 0.0062308 seconds, Stopping threads took: 0.0000200 seconds
255.248: [GC (Allocation Failure)  966350K->653968K(1033728K), 0.0049349 secs]
255.253: Total time for which application threads were stopped: 0.0051080 seconds, Stopping threads took: 0.0000199 seconds
255.320: [GC (Allocation Failure)  973456K->653904K(1033728K), 0.0049412 secs]
255.325: Total time for which application threads were stopped: 0.0051085 seconds, Stopping threads took: 0.0000204 seconds
255.392: [GC (Allocation Failure)  973392K->654024K(1032704K), 0.0049433 secs]
255.397: Total time for which application threads were stopped: 0.0051096 seconds, Stopping threads took: 0.0000199 seconds
255.464: [GC (Allocation Failure)  972488K->661962K(1033216K), 0.0088044 secs]
255.473: Total time for which application threads were stopped: 0.0089730 seconds, Stopping threads took: 0.0000198 seconds
255.540: [GC (Allocation Failure)  980426K->661930K(1033216K), 0.0048329 secs]
255.545: Total time for which application threads were stopped: 0.0050205 seconds, Stopping threads took: 0.0000273 seconds
255.612: [GC (Allocation Failure)  980394K->662250K(1033216K), 0.0060643 secs]
255.618: Total time for which application threads were stopped: 0.0062689 seconds, Stopping threads took: 0.0000265 seconds
255.685: [GC (Allocation Failure)  980714K->669996K(1033216K), 0.0050538 secs]
255.690: Total time for which application threads were stopped: 0.0052105 seconds, Stopping threads took: 0.0000169 seconds
255.757: [GC (Allocation Failure)  988460K->669964K(1033216K), 0.0049654 secs]
255.762: Total time for which application threads were stopped: 0.0051419 seconds, Stopping threads took: 0.0000213 seconds
255.829: [GC (Allocation Failure)  988428K->670508K(1033216K), 0.0051866 secs]
255.834: Total time for which application threads were stopped: 0.0053693 seconds, Stopping threads took: 0.0000202 seconds
255.903: [GC (Allocation Failure)  988972K->677999K(1033216K), 0.0047534 secs]
255.908: Total time for which application threads were stopped: 0.0049238 seconds, Stopping threads took: 0.0000199 seconds
255.975: [GC (Allocation Failure)  996463K->677999K(1033216K), 0.0048798 secs]
255.980: Total time for which application threads were stopped: 0.0050514 seconds, Stopping threads took: 0.0000195 seconds
256.047: [GC (Allocation Failure)  996463K->678727K(1033216K), 0.0051103 secs]
256.052: Total time for which application threads were stopped: 0.0052917 seconds, Stopping threads took: 0.0000196 seconds
256.119: [GC (Allocation Failure)  997191K->686057K(1033216K), 0.0050430 secs]
256.124: Total time for which application threads were stopped: 0.0052403 seconds, Stopping threads took: 0.0000206 seconds
256.191: [GC (Allocation Failure)  1004521K->686025K(1033216K), 0.0050130 secs]
256.196: Total time for which application threads were stopped: 0.0051624 seconds, Stopping threads took: 0.0000167 seconds
256.261: [GC (Allocation Failure)  1004489K->686177K(1033216K), 0.0090724 secs]
256.270: [Full GC (Ergonomics)  686177K->8628K(1033216K), 0.0129965 secs]
256.283: Total time for which application threads were stopped: 0.0223478 seconds, Stopping threads took: 0.0000191 seconds
256.351: [GC (Allocation Failure)  327092K->16823K(1033216K), 0.0038514 secs]
256.355: Total time for which application threads were stopped: 0.0040181 seconds, Stopping threads took: 0.0000249 seconds
256.422: [GC (Allocation Failure)  335287K->16847K(1033216K), 0.0038012 secs]
256.426: Total time for which application threads were stopped: 0.0039600 seconds, Stopping threads took: 0.0000194 seconds
256.492: [GC (Allocation Failure)  335311K->16903K(1033216K), 0.0039319 secs]
256.496: Total time for which application threads were stopped: 0.0041037 seconds, Stopping threads took: 0.0000264 seconds
256.561: [GC (Allocation Failure)  335367K->24873K(1033216K), 0.0039254 secs]
256.565: Total time for which application threads were stopped: 0.0040942 seconds, Stopping threads took: 0.0000192 seconds
256.631: [GC (Allocation Failure)  343337K->24905K(1033216K), 0.0036066 secs]
256.635: Total time for which application threads were stopped: 0.0037640 seconds, Stopping threads took: 0.0000185 seconds
256.701: [GC (Allocation Failure)  343369K->25193K(1033216K), 0.0037888 secs]
256.705: Total time for which application threads were stopped: 0.0039582 seconds, Stopping threads took: 0.0000194 seconds
256.770: [GC (Allocation Failure)  343657K->32939K(1033216K), 0.0038548 secs]
256.774: Total time for which application threads were stopped: 0.0040242 seconds, Stopping threads took: 0.0000191 seconds
256.842: [GC (Allocation Failure)  351403K->32939K(1033216K), 0.0039411 secs]
256.846: Total time for which application threads were stopped: 0.0041009 seconds, Stopping threads took: 0.0000189 seconds
256.912: [GC (Allocation Failure)  351403K->33419K(1033216K), 0.0038094 secs]
256.916: Total time for which application threads were stopped: 0.0039766 seconds, Stopping threads took: 0.0000193 seconds
256.983: [GC (Allocation Failure)  351883K->40909K(1033216K), 0.0037223 secs]
256.987: Total time for which application threads were stopped: 0.0038816 seconds, Stopping threads took: 0.0000192 seconds
257.052: [GC (Allocation Failure)  359373K->40941K(1033216K), 0.0037261 secs]
257.056: Total time for which application threads were stopped: 0.0038890 seconds, Stopping threads took: 0.0000198 seconds
257.121: [GC (Allocation Failure)  359405K->41165K(1033216K), 0.0038747 secs]
257.124: Total time for which application threads were stopped: 0.0040698 seconds, Stopping threads took: 0.0000194 seconds
257.192: [GC (Allocation Failure)  359629K->48976K(1033216K), 0.0037322 secs]
257.196: Total time for which application threads were stopped: 0.0039019 seconds, Stopping threads took: 0.0000169 seconds
257.262: [GC (Allocation Failure)  367439K->45101K(1033728K), 0.0025035 secs]
257.265: Total time for which application threads were stopped: 0.0026939 seconds, Stopping threads took: 0.0000189 seconds
257.334: [GC (Allocation Failure)  364077K->49136K(1033216K), 0.0039711 secs]
257.338: Total time for which application threads were stopped: 0.0041323 seconds, Stopping threads took: 0.0000194 seconds
257.406: [GC (Allocation Failure)  368112K->53104K(1033728K), 0.0037948 secs]
257.410: Total time for which application threads were stopped: 0.0039541 seconds, Stopping threads took: 0.0000191 seconds
257.477: [GC (Allocation Failure)  373616K->60645K(1034240K), 0.0071846 secs]
257.484: Total time for which application threads were stopped: 0.0073482 seconds, Stopping threads took: 0.0000269 seconds
257.552: [GC (Allocation Failure)  381157K->54440K(1029120K), 0.0039348 secs]
257.556: Total time for which application threads were stopped: 0.0041050 seconds, Stopping threads took: 0.0000273 seconds
257.622: [GC (Allocation Failure)  369832K->54344K(1031680K), 0.0060192 secs]
257.628: Total time for which application threads were stopped: 0.0061609 seconds, Stopping threads took: 0.0000174 seconds
257.692: [GC (Allocation Failure)  369736K->49861K(1032704K), 0.0018745 secs]
257.694: Total time for which application threads were stopped: 0.0020215 seconds, Stopping threads took: 0.0000190 seconds
257.761: [GC (Allocation Failure)  366789K->54600K(1032192K), 0.0037300 secs]
257.765: Total time for which application threads were stopped: 0.0039112 seconds, Stopping threads took: 0.0000192 seconds
257.832: [GC (Allocation Failure)  371528K->54376K(1033216K), 0.0040314 secs]
257.836: Total time for which application threads were stopped: 0.0041960 seconds, Stopping threads took: 0.0000198 seconds
257.902: [GC (Allocation Failure)  372840K->55016K(1033216K), 0.0039520 secs]
257.906: Total time for which application threads were stopped: 0.0041235 seconds, Stopping threads took: 0.0000200 seconds
257.973: [GC (Allocation Failure)  373480K->62474K(1033216K), 0.0038750 secs]
257.977: Total time for which application threads were stopped: 0.0040339 seconds, Stopping threads took: 0.0000194 seconds
258.045: [GC (Allocation Failure)  380938K->62410K(1033216K), 0.0037890 secs]
258.049: Total time for which application threads were stopped: 0.0039832 seconds, Stopping threads took: 0.0000199 seconds
258.117: [GC (Allocation Failure)  380874K->63242K(1032704K), 0.0037486 secs]
258.120: Total time for which application threads were stopped: 0.0039336 seconds, Stopping threads took: 0.0000161 seconds
258.190: [GC (Allocation Failure)  381706K->70604K(1033216K), 0.0038529 secs]
258.194: Total time for which application threads were stopped: 0.0040119 seconds, Stopping threads took: 0.0000248 seconds
258.261: [GC (Allocation Failure)  389068K->70444K(1033728K), 0.0036652 secs]
258.265: Total time for which application threads were stopped: 0.0038285 seconds, Stopping threads took: 0.0000206 seconds
258.331: [GC (Allocation Failure)  389420K->72012K(1033216K), 0.0040692 secs]
258.336: Total time for which application threads were stopped: 0.0042373 seconds, Stopping threads took: 0.0000192 seconds
258.403: [GC (Allocation Failure)  390988K->78543K(1033728K), 0.0037216 secs]
258.407: Total time for which application threads were stopped: 0.0039014 seconds, Stopping threads took: 0.0000200 seconds
258.476: [GC (Allocation Failure)  398031K->78479K(1033728K), 0.0038654 secs]
258.480: Total time for which application threads were stopped: 0.0040216 seconds, Stopping threads took: 0.0000184 seconds
258.548: [GC (Allocation Failure)  397967K->78695K(1033728K), 0.0038422 secs]
258.552: Total time for which application threads were stopped: 0.0040016 seconds, Stopping threads took: 0.0000249 seconds
258.620: [GC (Allocation Failure)  398183K->86505K(1033728K), 0.0047960 secs]
258.625: Total time for which application threads were stopped: 0.0049723 seconds, Stopping threads took: 0.0000256 seconds
258.692: [GC (Allocation Failure)  405993K->86505K(1033728K), 0.0040267 secs]
258.696: Total time for which application threads were stopped: 0.0041838 seconds, Stopping threads took: 0.0000168 seconds
258.762: [GC (Allocation Failure)  405993K->86953K(1033728K), 0.0037300 secs]
258.765: Total time for which application threads were stopped: 0.0039264 seconds, Stopping threads took: 0.0000291 seconds
258.834: [GC (Allocation Failure)  406441K->94571K(1033728K), 0.0037411 secs]
258.837: Total time for which application threads were stopped: 0.0039102 seconds, Stopping threads took: 0.0000281 seconds
258.904: [GC (Allocation Failure)  414059K->94539K(1033728K), 0.0038336 secs]
258.908: Total time for which application threads were stopped: 0.0039994 seconds, Stopping threads took: 0.0000209 seconds
258.975: [GC (Allocation Failure)  414027K->95179K(1033728K), 0.0039486 secs]
258.979: Total time for which application threads were stopped: 0.0041199 seconds, Stopping threads took: 0.0000196 seconds
259.046: [GC (Allocation Failure)  414667K->102637K(1033728K), 0.0039209 secs]
259.050: Total time for which application threads were stopped: 0.0041109 seconds, Stopping threads took: 0.0000282 seconds
259.117: [GC (Allocation Failure)  422125K->102573K(1033728K), 0.0041460 secs]
259.121: Total time for which application threads were stopped: 0.0043254 seconds, Stopping threads took: 0.0000206 seconds
259.190: [GC (Allocation Failure)  422061K->104421K(1033728K), 0.0040989 secs]
259.194: Total time for which application threads were stopped: 0.0042674 seconds, Stopping threads took: 0.0000192 seconds
259.264: [GC (Allocation Failure)  423909K->110664K(1033728K), 0.0038995 secs]
259.268: Total time for which application threads were stopped: 0.0040615 seconds, Stopping threads took: 0.0000194 seconds
259.333: [GC (Allocation Failure)  430152K->110568K(1033728K), 0.0040769 secs]
259.338: Total time for which application threads were stopped: 0.0042799 seconds, Stopping threads took: 0.0000192 seconds
259.405: [GC (Allocation Failure)  430056K->111624K(1033728K), 0.0040427 secs]
259.409: Total time for which application threads were stopped: 0.0042141 seconds, Stopping threads took: 0.0000197 seconds
259.477: [GC (Allocation Failure)  431112K->118666K(1033728K), 0.0041621 secs]
259.481: Total time for which application threads were stopped: 0.0043425 seconds, Stopping threads took: 0.0000193 seconds
259.547: [GC (Allocation Failure)  438154K->118634K(1033728K), 0.0064860 secs]
259.554: Total time for which application threads were stopped: 0.0066602 seconds, Stopping threads took: 0.0000204 seconds
259.622: [GC (Allocation Failure)  438122K->118826K(1033728K), 0.0063590 secs]
259.628: Total time for which application threads were stopped: 0.0065436 seconds, Stopping threads took: 0.0000257 seconds
259.695: [GC (Allocation Failure)  438314K->126700K(1033728K), 0.0038024 secs]
259.699: Total time for which application threads were stopped: 0.0039865 seconds, Stopping threads took: 0.0000162 seconds
259.767: [GC (Allocation Failure)  446188K->126668K(1033728K), 0.0037458 secs]
259.771: Total time for which application threads were stopped: 0.0038967 seconds, Stopping threads took: 0.0000176 seconds
259.837: [GC (Allocation Failure)  446156K->127084K(1033728K), 0.0040722 secs]
259.842: Total time for which application threads were stopped: 0.0042860 seconds, Stopping threads took: 0.0000192 seconds
259.907: [GC (Allocation Failure)  446572K->134734K(1033728K), 0.0038709 secs]
259.911: Total time for which application threads were stopped: 0.0040341 seconds, Stopping threads took: 0.0000198 seconds
259.977: [GC (Allocation Failure)  454222K->134734K(1033728K), 0.0040573 secs]
259.981: Total time for which application threads were stopped: 0.0042301 seconds, Stopping threads took: 0.0000196 seconds
260.049: [GC (Allocation Failure)  454222K->135302K(1033728K), 0.0039686 secs]
260.053: Total time for which application threads were stopped: 0.0041467 seconds, Stopping threads took: 0.0000271 seconds
260.118: [GC (Allocation Failure)  454790K->142793K(1032704K), 0.0039830 secs]
260.122: Total time for which application threads were stopped: 0.0041519 seconds, Stopping threads took: 0.0000195 seconds
260.189: [GC (Allocation Failure)  461257K->142729K(1033216K), 0.0039848 secs]
260.193: Total time for which application threads were stopped: 0.0041737 seconds, Stopping threads took: 0.0000277 seconds
260.258: [GC (Allocation Failure)  461193K->143561K(1033728K), 0.0040271 secs]
260.262: Total time for which application threads were stopped: 0.0042069 seconds, Stopping threads took: 0.0000286 seconds
260.329: [GC (Allocation Failure)  463049K->150763K(1033728K), 0.0037315 secs]
260.333: Total time for which application threads were stopped: 0.0038935 seconds, Stopping threads took: 0.0000194 seconds
260.399: [GC (Allocation Failure)  470251K->150763K(1033728K), 0.0041596 secs]
260.403: Total time for which application threads were stopped: 0.0043201 seconds, Stopping threads took: 0.0000192 seconds
260.470: [GC (Allocation Failure)  470251K->151787K(1033728K), 0.0063980 secs]
260.476: Total time for which application threads were stopped: 0.0065587 seconds, Stopping threads took: 0.0000197 seconds
260.544: [GC (Allocation Failure)  471275K->158797K(1033728K), 0.0053942 secs]
260.549: Total time for which application threads were stopped: 0.0055739 seconds, Stopping threads took: 0.0000196 seconds
260.616: [GC (Allocation Failure)  478285K->158797K(1033728K), 0.0056376 secs]
260.621: Total time for which application threads were stopped: 0.0058343 seconds, Stopping threads took: 0.0000192 seconds
260.688: [GC (Allocation Failure)  478285K->158981K(1032704K), 0.0040280 secs]
260.692: Total time for which application threads were stopped: 0.0041901 seconds, Stopping threads took: 0.0000201 seconds
260.759: [GC (Allocation Failure)  477445K->166855K(1033216K), 0.0039197 secs]
260.763: Total time for which application threads were stopped: 0.0041103 seconds, Stopping threads took: 0.0000194 seconds
260.832: [GC (Allocation Failure)  485319K->166823K(1033216K), 0.0040872 secs]
260.837: Total time for which application threads were stopped: 0.0042519 seconds, Stopping threads took: 0.0000199 seconds
260.901: [GC (Allocation Failure)  485287K->167239K(1033216K), 0.0039162 secs]
260.905: Total time for which application threads were stopped: 0.0040882 seconds, Stopping threads took: 0.0000196 seconds
260.974: [GC (Allocation Failure)  485703K->174890K(1033216K), 0.0042298 secs]
260.979: Total time for which application threads were stopped: 0.0044016 seconds, Stopping threads took: 0.0000199 seconds
261.046: [GC (Allocation Failure)  493354K->174858K(1033216K), 0.0039230 secs]
261.050: Total time for which application threads were stopped: 0.0040922 seconds, Stopping threads took: 0.0000192 seconds
261.116: [GC (Allocation Failure)  493322K->175370K(1033216K), 0.0039433 secs]
261.120: Total time for which application threads were stopped: 0.0041133 seconds, Stopping threads took: 0.0000198 seconds
261.187: [GC (Allocation Failure)  493834K->182892K(1033216K), 0.0038919 secs]
261.191: Total time for which application threads were stopped: 0.0040538 seconds, Stopping threads took: 0.0000196 seconds
261.258: [GC (Allocation Failure)  501356K->182892K(1033216K), 0.0064544 secs]
261.265: Total time for which application threads were stopped: 0.0066251 seconds, Stopping threads took: 0.0000193 seconds
261.331: [GC (Allocation Failure)  501356K->183116K(1033216K), 0.0039135 secs]
261.335: Total time for which application threads were stopped: 0.0040998 seconds, Stopping threads took: 0.0000197 seconds
261.405: [GC (Allocation Failure)  501580K->190926K(1033216K), 0.0040993 secs]
261.409: Total time for which application threads were stopped: 0.0042778 seconds, Stopping threads took: 0.0000209 seconds
261.475: [GC (Allocation Failure)  509390K->190926K(1033216K), 0.0040612 secs]
261.480: Total time for which application threads were stopped: 0.0042438 seconds, Stopping threads took: 0.0000203 seconds
261.546: [GC (Allocation Failure)  509390K->191086K(1033216K), 0.0041050 secs]
261.551: Total time for which application threads were stopped: 0.0042983 seconds, Stopping threads took: 0.0000198 seconds
261.621: [GC (Allocation Failure)  509550K->198961K(1033216K), 0.0039874 secs]
261.625: Total time for which application threads were stopped: 0.0041837 seconds, Stopping threads took: 0.0000249 seconds
261.692: [GC (Allocation Failure)  517425K->198961K(1033216K), 0.0039798 secs]
261.696: Total time for which application threads were stopped: 0.0041612 seconds, Stopping threads took: 0.0000199 seconds
261.763: [GC (Allocation Failure)  517425K->199017K(1033216K), 0.0041560 secs]
261.767: Total time for which application threads were stopped: 0.0043414 seconds, Stopping threads took: 0.0000200 seconds
261.836: [GC (Allocation Failure)  517481K->207019K(1033216K), 0.0041356 secs]
261.840: Total time for which application threads were stopped: 0.0043067 seconds, Stopping threads took: 0.0000197 seconds
261.906: [GC (Allocation Failure)  525483K->207019K(1033216K), 0.0042771 secs]
261.910: Total time for which application threads were stopped: 0.0044667 seconds, Stopping threads took: 0.0000392 seconds
261.974: [GC (Allocation Failure)  525483K->207299K(1033216K), 0.0040614 secs]
261.978: Total time for which application threads were stopped: 0.0042248 seconds, Stopping threads took: 0.0000196 seconds
262.044: [GC (Allocation Failure)  525763K->215013K(1033216K), 0.0040541 secs]
262.048: Total time for which application threads were stopped: 0.0042314 seconds, Stopping threads took: 0.0000259 seconds
262.115: [GC (Allocation Failure)  533477K->215045K(1033216K), 0.0041412 secs]
262.119: Total time for which application threads were stopped: 0.0043101 seconds, Stopping threads took: 0.0000193 seconds
262.184: [GC (Allocation Failure)  533509K->215269K(1033216K), 0.0041277 secs]
262.188: Total time for which application threads were stopped: 0.0042993 seconds, Stopping threads took: 0.0000199 seconds
262.254: [GC (Allocation Failure)  533733K->223047K(1033216K), 0.0064543 secs]
262.261: Total time for which application threads were stopped: 0.0066225 seconds, Stopping threads took: 0.0000190 seconds
262.326: [GC (Allocation Failure)  541511K->218181K(1033216K), 0.0023917 secs]
262.328: Total time for which application threads were stopped: 0.0025603 seconds, Stopping threads took: 0.0000218 seconds
262.395: [GC (Allocation Failure)  536645K->223247K(1034752K), 0.0042672 secs]
262.400: Total time for which application threads were stopped: 0.0044425 seconds, Stopping threads took: 0.0000215 seconds
262.467: [GC (Allocation Failure)  543759K->227191K(1033728K), 0.0039347 secs]
262.471: Total time for which application threads were stopped: 0.0041052 seconds, Stopping threads took: 0.0000202 seconds
262.539: [GC (Allocation Failure)  547703K->234765K(1029120K), 0.0074843 secs]
262.546: Total time for which application threads were stopped: 0.0076541 seconds, Stopping threads took: 0.0000193 seconds
262.613: [GC (Allocation Failure)  550157K->228559K(1031680K), 0.0047889 secs]
262.618: Total time for which application threads were stopped: 0.0049631 seconds, Stopping threads took: 0.0000272 seconds
262.683: [GC (Allocation Failure)  543951K->228495K(1032192K), 0.0041200 secs]
262.687: Total time for which application threads were stopped: 0.0042887 seconds, Stopping threads took: 0.0000190 seconds
262.753: [GC (Allocation Failure)  544399K->231527K(1031680K), 0.0046780 secs]
262.757: Total time for which application threads were stopped: 0.0048460 seconds, Stopping threads took: 0.0000192 seconds
262.824: [GC (Allocation Failure)  547431K->236554K(1033216K), 0.0041477 secs]
262.828: Total time for which application threads were stopped: 0.0043080 seconds, Stopping threads took: 0.0000197 seconds
262.895: [GC (Allocation Failure)  554506K->236554K(1032704K), 0.0040862 secs]
262.899: Total time for which application threads were stopped: 0.0042668 seconds, Stopping threads took: 0.0000188 seconds
262.967: [GC (Allocation Failure)  554506K->240298K(1033728K), 0.0050640 secs]
262.972: Total time for which application threads were stopped: 0.0052388 seconds, Stopping threads took: 0.0000195 seconds
263.038: [GC (Allocation Failure)  559274K->244588K(1033216K), 0.0042913 secs]
263.043: Total time for which application threads were stopped: 0.0044734 seconds, Stopping threads took: 0.0000197 seconds
263.110: [GC (Allocation Failure)  563564K->244588K(1034240K), 0.0042255 secs]
263.115: Total time for which application threads were stopped: 0.0043948 seconds, Stopping threads took: 0.0000281 seconds
263.182: [GC (Allocation Failure)  564588K->246948K(1033728K), 0.0070690 secs]
263.189: Total time for which application threads were stopped: 0.0072346 seconds, Stopping threads took: 0.0000206 seconds
263.255: [GC (Allocation Failure)  566948K->252646K(1034240K), 0.0043479 secs]
263.259: Total time for which application threads were stopped: 0.0045207 seconds, Stopping threads took: 0.0000201 seconds
263.327: [GC (Allocation Failure)  573158K->252550K(1034240K), 0.0041022 secs]
263.331: Total time for which application threads were stopped: 0.0042692 seconds, Stopping threads took: 0.0000201 seconds
263.398: [GC (Allocation Failure)  573062K->252654K(1034240K), 0.0043314 secs]
263.403: Total time for which application threads were stopped: 0.0045109 seconds, Stopping threads took: 0.0000192 seconds
263.470: [GC (Allocation Failure)  573166K->260752K(1034240K), 0.0041813 secs]
263.475: Total time for which application threads were stopped: 0.0043472 seconds, Stopping threads took: 0.0000195 seconds
263.543: [GC (Allocation Failure)  581264K->260656K(1034240K), 0.0064069 secs]
263.550: Total time for which application threads were stopped: 0.0065918 seconds, Stopping threads took: 0.0000277 seconds
263.618: [GC (Allocation Failure)  581168K->262928K(1034240K), 0.0055825 secs]
263.623: Total time for which application threads were stopped: 0.0057921 seconds, Stopping threads took: 0.0000259 seconds
263.692: [GC (Allocation Failure)  583440K->268691K(1034240K), 0.0039832 secs]
263.696: Total time for which application threads were stopped: 0.0041554 seconds, Stopping threads took: 0.0000202 seconds
263.764: [GC (Allocation Failure)  589203K->268659K(1034240K), 0.0043343 secs]
263.768: Total time for which application threads were stopped: 0.0045077 seconds, Stopping threads took: 0.0000204 seconds
263.835: [GC (Allocation Failure)  589171K->269131K(1034240K), 0.0043500 secs]
263.840: Total time for which application threads were stopped: 0.0045241 seconds, Stopping threads took: 0.0000203 seconds
263.908: [GC (Allocation Failure)  589643K->276653K(1034240K), 0.0039882 secs]
263.912: Total time for which application threads were stopped: 0.0041524 seconds, Stopping threads took: 0.0000201 seconds
263.980: [GC (Allocation Failure)  597165K->276653K(1034240K), 0.0043481 secs]
263.984: Total time for which application threads were stopped: 0.0045133 seconds, Stopping threads took: 0.0000199 seconds
264.051: [GC (Allocation Failure)  597165K->279405K(1034240K), 0.0058139 secs]
264.057: Total time for which application threads were stopped: 0.0059857 seconds, Stopping threads took: 0.0000188 seconds
264.126: [GC (Allocation Failure)  599917K->284751K(1034240K), 0.0043264 secs]
264.131: Total time for which application threads were stopped: 0.0045025 seconds, Stopping threads took: 0.0000215 seconds
264.199: [GC (Allocation Failure)  605263K->284719K(1034240K), 0.0040889 secs]
264.203: Total time for which application threads were stopped: 0.0042535 seconds, Stopping threads took: 0.0000189 seconds
264.270: [GC (Allocation Failure)  605231K->285583K(1034240K), 0.0044899 secs]
264.275: Total time for which application threads were stopped: 0.0046610 seconds, Stopping threads took: 0.0000202 seconds
264.343: [GC (Allocation Failure)  606095K->292785K(1034240K), 0.0042816 secs]
264.347: Total time for which application threads were stopped: 0.0044425 seconds, Stopping threads took: 0.0000196 seconds
264.415: [GC (Allocation Failure)  613297K->292753K(1034240K), 0.0048762 secs]
264.420: Total time for which application threads were stopped: 0.0050380 seconds, Stopping threads took: 0.0000197 seconds
264.487: [GC (Allocation Failure)  613265K->295881K(1034240K), 0.0049879 secs]
264.492: Total time for which application threads were stopped: 0.0052040 seconds, Stopping threads took: 0.0000203 seconds
264.562: [GC (Allocation Failure)  616393K->300908K(1034752K), 0.0065708 secs]
264.569: Total time for which application threads were stopped: 0.0067447 seconds, Stopping threads took: 0.0000203 seconds
264.638: [GC (Allocation Failure)  622444K->300780K(1034752K), 0.0044646 secs]
264.642: Total time for which application threads were stopped: 0.0046253 seconds, Stopping threads took: 0.0000197 seconds
264.710: [GC (Allocation Failure)  622316K->304108K(1034752K), 0.0050013 secs]
264.715: Total time for which application threads were stopped: 0.0051668 seconds, Stopping threads took: 0.0000212 seconds
264.783: [GC (Allocation Failure)  625644K->308910K(1034752K), 0.0043093 secs]
264.787: Total time for which application threads were stopped: 0.0044759 seconds, Stopping threads took: 0.0000190 seconds
264.854: [GC (Allocation Failure)  630446K->308846K(1034752K), 0.0043042 secs]
264.859: Total time for which application threads were stopped: 0.0044749 seconds, Stopping threads took: 0.0000195 seconds
264.924: [GC (Allocation Failure)  630382K->309254K(1034752K), 0.0045023 secs]
264.929: Total time for which application threads were stopped: 0.0046658 seconds, Stopping threads took: 0.0000192 seconds
264.998: [GC (Allocation Failure)  630790K->316808K(1033728K), 0.0041677 secs]
265.002: Total time for which application threads were stopped: 0.0043285 seconds, Stopping threads took: 0.0000194 seconds
265.069: [GC (Allocation Failure)  637320K->316872K(1034240K), 0.0044503 secs]
265.074: Total time for which application threads were stopped: 0.0046371 seconds, Stopping threads took: 0.0000200 seconds
265.142: [GC (Allocation Failure)  637384K->320584K(1034752K), 0.0051616 secs]
265.148: Total time for which application threads were stopped: 0.0053425 seconds, Stopping threads took: 0.0000222 seconds
265.217: [GC (Allocation Failure)  642120K->324971K(1034752K), 0.0045193 secs]
265.222: Total time for which application threads were stopped: 0.0046892 seconds, Stopping threads took: 0.0000204 seconds
265.288: [GC (Allocation Failure)  646507K->324875K(1034752K), 0.0044431 secs]
265.293: Total time for which application threads were stopped: 0.0046203 seconds, Stopping threads took: 0.0000190 seconds
265.358: [GC (Allocation Failure)  646411K->325707K(1034752K), 0.0044790 secs]
265.363: Total time for which application threads were stopped: 0.0046510 seconds, Stopping threads took: 0.0000197 seconds
265.431: [GC (Allocation Failure)  647243K->332909K(1034752K), 0.0044659 secs]
265.435: Total time for which application threads were stopped: 0.0046327 seconds, Stopping threads took: 0.0000198 seconds
265.502: [GC (Allocation Failure)  654445K->332909K(1034752K), 0.0044080 secs]
265.506: Total time for which application threads were stopped: 0.0045908 seconds, Stopping threads took: 0.0000256 seconds
265.571: [GC (Allocation Failure)  654445K->335021K(1034752K), 0.0045927 secs]
265.576: Total time for which application threads were stopped: 0.0047667 seconds, Stopping threads took: 0.0000202 seconds
265.643: [GC (Allocation Failure)  656557K->341039K(1034752K), 0.0044130 secs]
265.647: Total time for which application threads were stopped: 0.0045710 seconds, Stopping threads took: 0.0000172 seconds
265.713: [GC (Allocation Failure)  662575K->340975K(1034752K), 0.0042461 secs]
265.718: Total time for which application threads were stopped: 0.0044093 seconds, Stopping threads took: 0.0000196 seconds
265.785: [GC (Allocation Failure)  662511K->344263K(1034752K), 0.0051065 secs]
265.790: Total time for which application threads were stopped: 0.0052756 seconds, Stopping threads took: 0.0000210 seconds
265.857: [GC (Allocation Failure)  665799K->349033K(1034752K), 0.0044434 secs]
265.861: Total time for which application threads were stopped: 0.0046133 seconds, Stopping threads took: 0.0000193 seconds
265.928: [GC (Allocation Failure)  670569K->348969K(1034752K), 0.0043475 secs]
265.932: Total time for which application threads were stopped: 0.0045159 seconds, Stopping threads took: 0.0000210 seconds
265.998: [GC (Allocation Failure)  670505K->349385K(1034752K), 0.0051546 secs]
266.003: Total time for which application threads were stopped: 0.0053607 seconds, Stopping threads took: 0.0000199 seconds
266.072: [GC (Allocation Failure)  670921K->357036K(1029120K), 0.0042039 secs]
266.076: Total time for which application threads were stopped: 0.0043629 seconds, Stopping threads took: 0.0000197 seconds
266.143: [GC (Allocation Failure)  678572K->357004K(1034752K), 0.0050183 secs]
266.148: Total time for which application threads were stopped: 0.0051877 seconds, Stopping threads took: 0.0000193 seconds
266.216: [GC (Allocation Failure)  678028K->358156K(1034240K), 0.0048729 secs]
266.221: Total time for which application threads were stopped: 0.0050591 seconds, Stopping threads took: 0.0000216 seconds
266.289: [GC (Allocation Failure)  679180K->365102K(1034240K), 0.0044664 secs]
266.294: Total time for which application threads were stopped: 0.0046381 seconds, Stopping threads took: 0.0000203 seconds
266.360: [GC (Allocation Failure)  685614K->365038K(1034240K), 0.0044551 secs]
266.365: Total time for which application threads were stopped: 0.0046251 seconds, Stopping threads took: 0.0000196 seconds
266.432: [GC (Allocation Failure)  685550K->368974K(1034752K), 0.0052034 secs]
266.437: Total time for which application threads were stopped: 0.0053768 seconds, Stopping threads took: 0.0000205 seconds
266.505: [GC (Allocation Failure)  689998K->373168K(1034240K), 0.0042342 secs]
266.509: Total time for which application threads were stopped: 0.0044041 seconds, Stopping threads took: 0.0000274 seconds
266.577: [GC (Allocation Failure)  694192K->373072K(1034752K), 0.0044261 secs]
266.581: Total time for which application threads were stopped: 0.0045922 seconds, Stopping threads took: 0.0000259 seconds
266.649: [GC (Allocation Failure)  694608K->377192K(1034752K), 0.0053497 secs]
266.654: Total time for which application threads were stopped: 0.0055118 seconds, Stopping threads took: 0.0000199 seconds
266.720: [GC (Allocation Failure)  698728K->381194K(1035264K), 0.0046455 secs]
266.725: Total time for which application threads were stopped: 0.0048175 seconds, Stopping threads took: 0.0000202 seconds
266.793: [GC (Allocation Failure)  703754K->381066K(1035264K), 0.0041002 secs]
266.797: Total time for which application threads were stopped: 0.0042586 seconds, Stopping threads took: 0.0000194 seconds
266.864: [GC (Allocation Failure)  703626K->384426K(1035264K), 0.0051560 secs]
266.869: Total time for which application threads were stopped: 0.0053183 seconds, Stopping threads took: 0.0000188 seconds
266.937: [GC (Allocation Failure)  706986K->389133K(1035264K), 0.0050557 secs]
266.942: Total time for which application threads were stopped: 0.0052169 seconds, Stopping threads took: 0.0000196 seconds
267.009: [GC (Allocation Failure)  711693K->389133K(1035264K), 0.0045907 secs]
267.014: Total time for which application threads were stopped: 0.0047696 seconds, Stopping threads took: 0.0000190 seconds
267.082: [GC (Allocation Failure)  711693K->392645K(1035264K), 0.0053026 secs]
267.087: Total time for which application threads were stopped: 0.0054872 seconds, Stopping threads took: 0.0000174 seconds
267.157: [GC (Allocation Failure)  715205K->397191K(1035264K), 0.0045498 secs]
267.162: Total time for which application threads were stopped: 0.0047144 seconds, Stopping threads took: 0.0000172 seconds
267.232: [GC (Allocation Failure)  719751K->397191K(1035264K), 0.0044123 secs]
267.236: Total time for which application threads were stopped: 0.0045753 seconds, Stopping threads took: 0.0000194 seconds
267.302: [GC (Allocation Failure)  719751K->400871K(1035776K), 0.0052626 secs]
267.307: Total time for which application threads were stopped: 0.0054271 seconds, Stopping threads took: 0.0000197 seconds
267.376: [GC (Allocation Failure)  723943K->405193K(1035264K), 0.0044289 secs]
267.380: Total time for which application threads were stopped: 0.0045952 seconds, Stopping threads took: 0.0000191 seconds
267.448: [GC (Allocation Failure)  728265K->405193K(1035776K), 0.0044578 secs]
267.453: Total time for which application threads were stopped: 0.0046464 seconds, Stopping threads took: 0.0000216 seconds
267.521: [GC (Allocation Failure)  728777K->407049K(1025024K), 0.0044843 secs]
267.526: Total time for which application threads were stopped: 0.0046578 seconds, Stopping threads took: 0.0000197 seconds
267.595: [GC (Allocation Failure)  730633K->413355K(1035264K), 0.0043212 secs]
267.599: Total time for which application threads were stopped: 0.0045268 seconds, Stopping threads took: 0.0000267 seconds
267.669: [GC (Allocation Failure)  735915K->413259K(1035264K), 0.0045152 secs]
267.674: Total time for which application threads were stopped: 0.0046767 seconds, Stopping threads took: 0.0000192 seconds
267.740: [GC (Allocation Failure)  735819K->416331K(1035264K), 0.0051285 secs]
267.745: Total time for which application threads were stopped: 0.0053020 seconds, Stopping threads took: 0.0000270 seconds
267.813: [GC (Allocation Failure)  738891K->421326K(1035264K), 0.0042960 secs]
267.817: Total time for which application threads were stopped: 0.0044658 seconds, Stopping threads took: 0.0000196 seconds
267.885: [GC (Allocation Failure)  743886K->421262K(1035264K), 0.0046474 secs]
267.890: Total time for which application threads were stopped: 0.0048261 seconds, Stopping threads took: 0.0000221 seconds
267.956: [GC (Allocation Failure)  743822K->416491K(1035264K), 0.0027215 secs]
267.959: Total time for which application threads were stopped: 0.0029029 seconds, Stopping threads took: 0.0000293 seconds
268.027: [GC (Allocation Failure)  739051K->421518K(1035264K), 0.0043577 secs]
268.032: Total time for which application threads were stopped: 0.0045359 seconds, Stopping threads took: 0.0000262 seconds
268.100: [GC (Allocation Failure)  744078K->421262K(1035264K), 0.0051622 secs]
268.105: Total time for which application threads were stopped: 0.0053412 seconds, Stopping threads took: 0.0000205 seconds
268.171: [GC (Allocation Failure)  743822K->420811K(1035776K), 0.0043891 secs]
268.176: Total time for which application threads were stopped: 0.0045509 seconds, Stopping threads took: 0.0000196 seconds
268.244: [GC (Allocation Failure)  743883K->421486K(1035264K), 0.0042655 secs]
268.248: Total time for which application threads were stopped: 0.0044324 seconds, Stopping threads took: 0.0000196 seconds
268.315: [GC (Allocation Failure)  744558K->421230K(1035776K), 0.0044084 secs]
268.320: Total time for which application threads were stopped: 0.0045688 seconds, Stopping threads took: 0.0000195 seconds
268.387: [GC (Allocation Failure)  744814K->427099K(1035776K), 0.0091340 secs]
268.396: Total time for which application threads were stopped: 0.0093081 seconds, Stopping threads took: 0.0000185 seconds
268.464: [GC (Allocation Failure)  750683K->422526K(1032704K), 0.0045036 secs]
268.469: Total time for which application threads were stopped: 0.0046731 seconds, Stopping threads took: 0.0000196 seconds
268.537: [GC (Allocation Failure)  743038K->422366K(1034240K), 0.0044870 secs]
268.541: Total time for which application threads were stopped: 0.0046477 seconds, Stopping threads took: 0.0000199 seconds
268.608: [GC (Allocation Failure)  742878K->429443K(1030656K), 0.0103918 secs]
268.619: Total time for which application threads were stopped: 0.0105997 seconds, Stopping threads took: 0.0000164 seconds
268.686: [GC (Allocation Failure)  746883K->423814K(1032704K), 0.0047062 secs]
268.691: Total time for which application threads were stopped: 0.0048675 seconds, Stopping threads took: 0.0000186 seconds
268.759: [GC (Allocation Failure)  741254K->423686K(1033728K), 0.0044546 secs]
268.763: Total time for which application threads were stopped: 0.0046153 seconds, Stopping threads took: 0.0000192 seconds
268.830: [GC (Allocation Failure)  742662K->421283K(1033216K), 0.0034932 secs]
268.833: Total time for which application threads were stopped: 0.0036617 seconds, Stopping threads took: 0.0000188 seconds
268.900: [GC (Allocation Failure)  740259K->423718K(1034752K), 0.0045267 secs]
268.905: Total time for which application threads were stopped: 0.0046966 seconds, Stopping threads took: 0.0000197 seconds
268.972: [GC (Allocation Failure)  744742K->423686K(1034240K), 0.0042963 secs]
268.976: Total time for which application threads were stopped: 0.0044558 seconds, Stopping threads took: 0.0000193 seconds
269.043: [GC (Allocation Failure)  744710K->418915K(1034240K), 0.0026268 secs]
269.046: Total time for which application threads were stopped: 0.0027835 seconds, Stopping threads took: 0.0000191 seconds
269.113: [GC (Allocation Failure)  740451K->423910K(1034752K), 0.0045032 secs]
269.118: Total time for which application threads were stopped: 0.0046720 seconds, Stopping threads took: 0.0000189 seconds
269.185: [GC (Allocation Failure)  745446K->423718K(1035776K), 0.0045967 secs]
269.190: Total time for which application threads were stopped: 0.0048106 seconds, Stopping threads took: 0.0000201 seconds
269.257: [GC (Allocation Failure)  746790K->421667K(1035264K), 0.0035984 secs]
269.260: Total time for which application threads were stopped: 0.0037580 seconds, Stopping threads took: 0.0000159 seconds
269.327: [GC (Allocation Failure)  744739K->423878K(1036288K), 0.0047557 secs]
269.332: Total time for which application threads were stopped: 0.0049273 seconds, Stopping threads took: 0.0000194 seconds
269.400: [GC (Allocation Failure)  747974K->423686K(1035776K), 0.0042925 secs]
269.405: Total time for which application threads were stopped: 0.0044656 seconds, Stopping threads took: 0.0000200 seconds
269.473: [GC (Allocation Failure)  747782K->429507K(1032192K), 0.0071770 secs]
269.480: Total time for which application threads were stopped: 0.0073483 seconds, Stopping threads took: 0.0000194 seconds
269.548: [GC (Allocation Failure)  750019K->425414K(1034240K), 0.0060166 secs]
269.554: Total time for which application threads were stopped: 0.0062164 seconds, Stopping threads took: 0.0000263 seconds
269.624: [GC (Allocation Failure)  745926K->425286K(1035264K), 0.0073290 secs]
269.631: Total time for which application threads were stopped: 0.0074826 seconds, Stopping threads took: 0.0000255 seconds
269.699: [GC (Allocation Failure)  747846K->431307K(1035264K), 0.0072704 secs]
269.706: Total time for which application threads were stopped: 0.0074306 seconds, Stopping threads took: 0.0000190 seconds
269.774: [GC (Allocation Failure)  753867K->426094K(1033216K), 0.0045035 secs]
269.778: Total time for which application threads were stopped: 0.0046915 seconds, Stopping threads took: 0.0000430 seconds
269.845: [GC (Allocation Failure)  746606K->426062K(1034240K), 0.0044986 secs]
269.850: Total time for which application threads were stopped: 0.0046936 seconds, Stopping threads took: 0.0000201 seconds
269.919: [GC (Allocation Failure)  746574K->432267K(1031680K), 0.0073433 secs]
269.926: Total time for which application threads were stopped: 0.0075121 seconds, Stopping threads took: 0.0000189 seconds
269.993: [GC (Allocation Failure)  750731K->426734K(1033216K), 0.0045844 secs]
269.998: Total time for which application threads were stopped: 0.0047435 seconds, Stopping threads took: 0.0000192 seconds
270.066: [GC (Allocation Failure)  745198K->426510K(1033728K), 0.0045690 secs]
270.070: Total time for which application threads were stopped: 0.0047624 seconds, Stopping threads took: 0.0000275 seconds
270.138: [GC (Allocation Failure)  745998K->425803K(1033728K), 0.0042705 secs]
270.142: Total time for which application threads were stopped: 0.0044519 seconds, Stopping threads took: 0.0000359 seconds
270.209: [GC (Allocation Failure)  745291K->426670K(1034752K), 0.0044592 secs]
270.213: Total time for which application threads were stopped: 0.0046271 seconds, Stopping threads took: 0.0000216 seconds
270.279: [GC (Allocation Failure)  747694K->426510K(1034240K), 0.0045915 secs]
270.284: Total time for which application threads were stopped: 0.0047590 seconds, Stopping threads took: 0.0000195 seconds
270.349: [GC (Allocation Failure)  747534K->423915K(1034752K), 0.0034499 secs]
270.353: Total time for which application threads were stopped: 0.0036170 seconds, Stopping threads took: 0.0000183 seconds
270.421: [GC (Allocation Failure)  745451K->426670K(1034752K), 0.0044760 secs]
270.425: Total time for which application threads were stopped: 0.0046364 seconds, Stopping threads took: 0.0000191 seconds
270.492: [GC (Allocation Failure)  748206K->426542K(1035776K), 0.0045236 secs]
270.496: Total time for which application threads were stopped: 0.0046949 seconds, Stopping threads took: 0.0000200 seconds
270.563: [GC (Allocation Failure)  749614K->426731K(1035264K), 0.0045958 secs]
270.568: Total time for which application threads were stopped: 0.0047830 seconds, Stopping threads took: 0.0000326 seconds
270.637: [GC (Allocation Failure)  749803K->426574K(1036288K), 0.0047212 secs]
270.642: Total time for which application threads were stopped: 0.0049035 seconds, Stopping threads took: 0.0000193 seconds
270.711: [GC (Allocation Failure)  751182K->426510K(1036288K), 0.0046244 secs]
270.716: Total time for which application threads were stopped: 0.0047858 seconds, Stopping threads took: 0.0000198 seconds
270.782: [GC (Allocation Failure)  751118K->419179K(1034752K), 0.0016450 secs]
270.784: Total time for which application threads were stopped: 0.0017858 seconds, Stopping threads took: 0.0000279 seconds
270.852: [GC (Allocation Failure)  742763K->426558K(1035776K), 0.0045421 secs]
270.856: Total time for which application threads were stopped: 0.0047248 seconds, Stopping threads took: 0.0000199 seconds
270.926: [GC (Allocation Failure)  750142K->430678K(1036288K), 0.0054765 secs]
270.932: Total time for which application threads were stopped: 0.0056348 seconds, Stopping threads took: 0.0000191 seconds
271.000: [GC (Allocation Failure)  755286K->430646K(1036288K), 0.0046975 secs]
271.005: Total time for which application threads were stopped: 0.0048637 seconds, Stopping threads took: 0.0000197 seconds
271.071: [GC (Allocation Failure)  755254K->430894K(1034752K), 0.0046203 secs]
271.075: Total time for which application threads were stopped: 0.0047923 seconds, Stopping threads took: 0.0000291 seconds
271.144: [GC (Allocation Failure)  754478K->438672K(1035776K), 0.0044842 secs]
271.148: Total time for which application threads were stopped: 0.0046807 seconds, Stopping threads took: 0.0000195 seconds
271.218: [GC (Allocation Failure)  762256K->438672K(1036288K), 0.0046012 secs]
271.223: Total time for which application threads were stopped: 0.0047573 seconds, Stopping threads took: 0.0000169 seconds
271.290: [GC (Allocation Failure)  762768K->438920K(1024000K), 0.0045668 secs]
271.295: Total time for which application threads were stopped: 0.0047482 seconds, Stopping threads took: 0.0000198 seconds
271.364: [GC (Allocation Failure)  763016K->446666K(1035776K), 0.0045077 secs]
271.369: Total time for which application threads were stopped: 0.0046572 seconds, Stopping threads took: 0.0000161 seconds
271.437: [GC (Allocation Failure)  769738K->446698K(1035264K), 0.0046095 secs]
271.441: Total time for which application threads were stopped: 0.0047930 seconds, Stopping threads took: 0.0000199 seconds
271.507: [GC (Allocation Failure)  769770K->446858K(1034752K), 0.0043975 secs]
271.511: Total time for which application threads were stopped: 0.0045581 seconds, Stopping threads took: 0.0000257 seconds
271.580: [GC (Allocation Failure)  769418K->454733K(1035264K), 0.0052170 secs]
271.585: Total time for which application threads were stopped: 0.0054006 seconds, Stopping threads took: 0.0000278 seconds
271.654: [GC (Allocation Failure)  777293K->454733K(1035264K), 0.0045396 secs]
271.659: Total time for which application threads were stopped: 0.0047063 seconds, Stopping threads took: 0.0000200 seconds
271.726: [GC (Allocation Failure)  777293K->454861K(1022464K), 0.0045865 secs]
271.731: Total time for which application threads were stopped: 0.0047529 seconds, Stopping threads took: 0.0000191 seconds
271.798: [GC (Allocation Failure)  777421K->462799K(1034752K), 0.0047109 secs]
271.803: Total time for which application threads were stopped: 0.0049045 seconds, Stopping threads took: 0.0000187 seconds
271.871: [GC (Allocation Failure)  784335K->462767K(1034752K), 0.0045896 secs]
271.875: Total time for which application threads were stopped: 0.0047680 seconds, Stopping threads took: 0.0000186 seconds
271.942: [GC (Allocation Failure)  784303K->463111K(1033728K), 0.0046417 secs]
271.947: Total time for which application threads were stopped: 0.0048111 seconds, Stopping threads took: 0.0000195 seconds
272.014: [GC (Allocation Failure)  783623K->470793K(1034240K), 0.0044753 secs]
272.019: Total time for which application threads were stopped: 0.0046340 seconds, Stopping threads took: 0.0000189 seconds
272.087: [GC (Allocation Failure)  791305K->470793K(1034240K), 0.0044860 secs]
272.091: Total time for which application threads were stopped: 0.0046676 seconds, Stopping threads took: 0.0000195 seconds
272.160: [GC (Allocation Failure)  791305K->471305K(1034240K), 0.0044883 secs]
272.164: Total time for which application threads were stopped: 0.0046487 seconds, Stopping threads took: 0.0000171 seconds
272.233: [GC (Allocation Failure)  791817K->478827K(1034240K), 0.0069872 secs]
272.240: Total time for which application threads were stopped: 0.0071576 seconds, Stopping threads took: 0.0000197 seconds
272.309: [GC (Allocation Failure)  799339K->478827K(1034240K), 0.0044247 secs]
272.313: Total time for which application threads were stopped: 0.0045851 seconds, Stopping threads took: 0.0000199 seconds
272.382: [GC (Allocation Failure)  799339K->479051K(1033216K), 0.0047363 secs]
272.387: Total time for which application threads were stopped: 0.0050535 seconds, Stopping threads took: 0.0000199 seconds
272.454: [GC (Allocation Failure)  798539K->486862K(1033728K), 0.0048609 secs]
272.459: Total time for which application threads were stopped: 0.0050272 seconds, Stopping threads took: 0.0000191 seconds
272.526: [GC (Allocation Failure)  806350K->486862K(1033728K), 0.0045638 secs]
272.531: Total time for which application threads were stopped: 0.0047304 seconds, Stopping threads took: 0.0000274 seconds
272.597: [GC (Allocation Failure)  806350K->487022K(1033728K), 0.0044905 secs]
272.602: Total time for which application threads were stopped: 0.0046503 seconds, Stopping threads took: 0.0000199 seconds
272.670: [GC (Allocation Failure)  806510K->494928K(1033728K), 0.0051382 secs]
272.675: Total time for which application threads were stopped: 0.0052984 seconds, Stopping threads took: 0.0000197 seconds
272.744: [GC (Allocation Failure)  814416K->494896K(1033728K), 0.0046574 secs]
272.749: Total time for which application threads were stopped: 0.0048421 seconds, Stopping threads took: 0.0000217 seconds
272.815: [GC (Allocation Failure)  814384K->494952K(1033728K), 0.0044919 secs]
272.819: Total time for which application threads were stopped: 0.0046478 seconds, Stopping threads took: 0.0000196 seconds
272.886: [GC (Allocation Failure)  814440K->502922K(1033728K), 0.0046917 secs]
272.890: Total time for which application threads were stopped: 0.0048630 seconds, Stopping threads took: 0.0000203 seconds
272.958: [GC (Allocation Failure)  822410K->502922K(1033728K), 0.0048232 secs]
272.963: Total time for which application threads were stopped: 0.0049728 seconds, Stopping threads took: 0.0000170 seconds
273.029: [GC (Allocation Failure)  822410K->503242K(1019392K), 0.0046781 secs]
273.034: Total time for which application threads were stopped: 0.0048625 seconds, Stopping threads took: 0.0000202 seconds
273.100: [GC (Allocation Failure)  822730K->510956K(1033216K), 0.0046848 secs]
273.105: Total time for which application threads were stopped: 0.0048546 seconds, Stopping threads took: 0.0000199 seconds
273.172: [GC (Allocation Failure)  829420K->510956K(1033216K), 0.0046792 secs]
273.177: Total time for which application threads were stopped: 0.0048713 seconds, Stopping threads took: 0.0000194 seconds
273.243: [GC (Allocation Failure)  829420K->511204K(1033216K), 0.0046976 secs]
273.248: Total time for which application threads were stopped: 0.0048438 seconds, Stopping threads took: 0.0000159 seconds
273.314: [GC (Allocation Failure)  829668K->518983K(1033216K), 0.0045786 secs]
273.319: Total time for which application threads were stopped: 0.0047396 seconds, Stopping threads took: 0.0000199 seconds
273.384: [GC (Allocation Failure)  837447K->514148K(1033728K), 0.0029343 secs]
273.387: Total time for which application threads were stopped: 0.0030995 seconds, Stopping threads took: 0.0000203 seconds
273.454: [GC (Allocation Failure)  833124K->519183K(1033216K), 0.0047774 secs]
273.459: Total time for which application threads were stopped: 0.0049398 seconds, Stopping threads took: 0.0000198 seconds
273.527: [GC (Allocation Failure)  838159K->523119K(1034752K), 0.0044926 secs]
273.532: Total time for which application threads were stopped: 0.0046629 seconds, Stopping threads took: 0.0000262 seconds
273.597: [GC (Allocation Failure)  844655K->530700K(1034752K), 0.0136717 secs]
273.611: Total time for which application threads were stopped: 0.0138698 seconds, Stopping threads took: 0.0000197 seconds
273.681: [GC (Allocation Failure)  852236K->525007K(1029632K), 0.0049310 secs]
273.686: Total time for which application threads were stopped: 0.0051043 seconds, Stopping threads took: 0.0000197 seconds
273.754: [GC (Allocation Failure)  841423K->524975K(1032192K), 0.0045699 secs]
273.758: Total time for which application threads were stopped: 0.0047460 seconds, Stopping threads took: 0.0000196 seconds
273.823: [GC (Allocation Failure)  841391K->523532K(1033216K), 0.0043292 secs]
273.827: Total time for which application threads were stopped: 0.0044971 seconds, Stopping threads took: 0.0000266 seconds
273.893: [GC (Allocation Failure)  841484K->524975K(1032704K), 0.0046646 secs]
273.897: Total time for which application threads were stopped: 0.0048702 seconds, Stopping threads took: 0.0000215 seconds
273.965: [GC (Allocation Failure)  842927K->524943K(1034240K), 0.0047666 secs]
273.970: Total time for which application threads were stopped: 0.0049605 seconds, Stopping threads took: 0.0000194 seconds
274.039: [GC (Allocation Failure)  844943K->528231K(1033728K), 0.0051856 secs]
274.044: Total time for which application threads were stopped: 0.0053477 seconds, Stopping threads took: 0.0000198 seconds
274.111: [GC (Allocation Failure)  848231K->533225K(1034240K), 0.0047716 secs]
274.115: Total time for which application threads were stopped: 0.0049534 seconds, Stopping threads took: 0.0000206 seconds
274.183: [GC (Allocation Failure)  853737K->532969K(1034240K), 0.0065317 secs]
274.189: Total time for which application threads were stopped: 0.0066961 seconds, Stopping threads took: 0.0000200 seconds
274.257: [GC (Allocation Failure)  853481K->533865K(1033728K), 0.0047012 secs]
274.262: Total time for which application threads were stopped: 0.0048913 seconds, Stopping threads took: 0.0000285 seconds
274.330: [GC (Allocation Failure)  854377K->541035K(1034240K), 0.0045031 secs]
274.334: Total time for which application threads were stopped: 0.0046903 seconds, Stopping threads took: 0.0000272 seconds
274.402: [GC (Allocation Failure)  861547K->541035K(1034752K), 0.0049355 secs]
274.408: Total time for which application threads were stopped: 0.0051084 seconds, Stopping threads took: 0.0000204 seconds
274.474: [GC (Allocation Failure)  862059K->544651K(1034240K), 0.0053909 secs]
274.480: Total time for which application threads were stopped: 0.0055522 seconds, Stopping threads took: 0.0000197 seconds
274.547: [GC (Allocation Failure)  865675K->549197K(1034752K), 0.0046209 secs]
274.552: Total time for which application threads were stopped: 0.0047921 seconds, Stopping threads took: 0.0000280 seconds
274.621: [GC (Allocation Failure)  870733K->549069K(1034752K), 0.0047685 secs]
274.626: Total time for which application threads were stopped: 0.0049753 seconds, Stopping threads took: 0.0000251 seconds
274.692: [GC (Allocation Failure)  870605K->549293K(1033728K), 0.0046234 secs]
274.697: Total time for which application threads were stopped: 0.0048232 seconds, Stopping threads took: 0.0000194 seconds
274.764: [GC (Allocation Failure)  869805K->557136K(1034240K), 0.0046703 secs]
274.769: Total time for which application threads were stopped: 0.0048416 seconds, Stopping threads took: 0.0000200 seconds
274.836: [GC (Allocation Failure)  877648K->557104K(1034752K), 0.0045930 secs]
274.841: Total time for which application threads were stopped: 0.0047516 seconds, Stopping threads took: 0.0000197 seconds
274.906: [GC (Allocation Failure)  878640K->560616K(1034752K), 0.0053634 secs]
274.911: Total time for which application threads were stopped: 0.0055218 seconds, Stopping threads took: 0.0000197 seconds
274.982: [GC (Allocation Failure)  882152K->565130K(1034752K), 0.0049880 secs]
274.987: Total time for which application threads were stopped: 0.0051763 seconds, Stopping threads took: 0.0000362 seconds
275.055: [GC (Allocation Failure)  886666K->565098K(1034752K), 0.0047671 secs]
275.060: Total time for which application threads were stopped: 0.0049258 seconds, Stopping threads took: 0.0000191 seconds
275.126: [GC (Allocation Failure)  886634K->565802K(1034752K), 0.0050124 secs]
275.131: Total time for which application threads were stopped: 0.0052034 seconds, Stopping threads took: 0.0000184 seconds
275.201: [GC (Allocation Failure)  887338K->573356K(1034752K), 0.0047920 secs]
275.206: Total time for which application threads were stopped: 0.0049466 seconds, Stopping threads took: 0.0000199 seconds
275.273: [GC (Allocation Failure)  894892K->573132K(1034752K), 0.0049664 secs]
275.278: Total time for which application threads were stopped: 0.0051404 seconds, Stopping threads took: 0.0000204 seconds
275.343: [GC (Allocation Failure)  894668K->575052K(1034752K), 0.0049809 secs]
275.348: Total time for which application threads were stopped: 0.0051705 seconds, Stopping threads took: 0.0000194 seconds
275.416: [GC (Allocation Failure)  896588K->581358K(1034752K), 0.0049747 secs]
275.421: Total time for which application threads were stopped: 0.0051490 seconds, Stopping threads took: 0.0000251 seconds
275.488: [GC (Allocation Failure)  902894K->581166K(1034752K), 0.0047046 secs]
275.493: Total time for which application threads were stopped: 0.0049013 seconds, Stopping threads took: 0.0000200 seconds
275.560: [GC (Allocation Failure)  902702K->584334K(1034752K), 0.0053901 secs]
275.565: Total time for which application threads were stopped: 0.0055661 seconds, Stopping threads took: 0.0000176 seconds
275.633: [GC (Allocation Failure)  905870K->589297K(1034752K), 0.0047984 secs]
275.638: Total time for which application threads were stopped: 0.0049682 seconds, Stopping threads took: 0.0000197 seconds
275.704: [GC (Allocation Failure)  910833K->589233K(1034752K), 0.0047264 secs]
275.709: Total time for which application threads were stopped: 0.0048928 seconds, Stopping threads took: 0.0000198 seconds
275.774: [GC (Allocation Failure)  910769K->581422K(1021440K), 0.0016588 secs]
275.776: Total time for which application threads were stopped: 0.0017920 seconds, Stopping threads took: 0.0000262 seconds
275.842: [GC (Allocation Failure)  902958K->589297K(1034240K), 0.0046992 secs]
275.847: Total time for which application threads were stopped: 0.0048557 seconds, Stopping threads took: 0.0000190 seconds
275.914: [GC (Allocation Failure)  909809K->589201K(1034240K), 0.0047193 secs]
275.919: Total time for which application threads were stopped: 0.0048802 seconds, Stopping threads took: 0.0000191 seconds
275.986: [GC (Allocation Failure)  909713K->592745K(1034752K), 0.0056630 secs]
275.992: Total time for which application threads were stopped: 0.0058337 seconds, Stopping threads took: 0.0000195 seconds
276.061: [GC (Allocation Failure)  913769K->597227K(1034240K), 0.0047245 secs]
276.066: Total time for which application threads were stopped: 0.0049199 seconds, Stopping threads took: 0.0000201 seconds
276.135: [GC (Allocation Failure)  918251K->597227K(1034752K), 0.0046681 secs]
276.140: Total time for which application threads were stopped: 0.0048253 seconds, Stopping threads took: 0.0000171 seconds
276.207: [GC (Allocation Failure)  918763K->600971K(1034752K), 0.0057621 secs]
276.213: Total time for which application threads were stopped: 0.0059287 seconds, Stopping threads took: 0.0000267 seconds
276.280: [GC (Allocation Failure)  922507K->605485K(1034240K), 0.0049304 secs]
276.285: Total time for which application threads were stopped: 0.0050937 seconds, Stopping threads took: 0.0000190 seconds
276.351: [GC (Allocation Failure)  927021K->605261K(1034752K), 0.0048615 secs]
276.356: Total time for which application threads were stopped: 0.0050402 seconds, Stopping threads took: 0.0000193 seconds
276.421: [GC (Allocation Failure)  926797K->598059K(1034240K), 0.0019215 secs]
276.423: Total time for which application threads were stopped: 0.0020756 seconds, Stopping threads took: 0.0000190 seconds
276.491: [GC (Allocation Failure)  919595K->605421K(1034752K), 0.0048662 secs]
276.495: Total time for which application threads were stopped: 0.0050335 seconds, Stopping threads took: 0.0000188 seconds
276.563: [GC (Allocation Failure)  926957K->605293K(1034752K), 0.0046056 secs]
276.568: Total time for which application threads were stopped: 0.0047966 seconds, Stopping threads took: 0.0000262 seconds
276.636: [GC (Allocation Failure)  926829K->599307K(1034752K), 0.0024420 secs]
276.638: Total time for which application threads were stopped: 0.0026313 seconds, Stopping threads took: 0.0000264 seconds
276.709: [GC (Allocation Failure)  920843K->605357K(1034752K), 0.0048375 secs]
276.714: Total time for which application threads were stopped: 0.0049904 seconds, Stopping threads took: 0.0000171 seconds
276.781: [GC (Allocation Failure)  926893K->605261K(1034752K), 0.0048489 secs]
276.786: Total time for which application threads were stopped: 0.0050166 seconds, Stopping threads took: 0.0000192 seconds
276.852: [GC (Allocation Failure)  926797K->600555K(1034752K), 0.0064013 secs]
276.858: Total time for which application threads were stopped: 0.0065777 seconds, Stopping threads took: 0.0000198 seconds
276.927: [GC (Allocation Failure)  922091K->605293K(1034752K), 0.0048126 secs]
276.932: Total time for which application threads were stopped: 0.0049815 seconds, Stopping threads took: 0.0000276 seconds
276.999: [GC (Allocation Failure)  926829K->605261K(1034752K), 0.0047806 secs]
277.004: Total time for which application threads were stopped: 0.0049744 seconds, Stopping threads took: 0.0000197 seconds
277.071: [GC (Allocation Failure)  926797K->601771K(1034752K), 0.0035420 secs]
277.075: Total time for which application threads were stopped: 0.0037323 seconds, Stopping threads took: 0.0000205 seconds
277.143: [GC (Allocation Failure)  923307K->605517K(1035264K), 0.0049614 secs]
277.148: Total time for which application threads were stopped: 0.0051485 seconds, Stopping threads took: 0.0000219 seconds
277.218: [GC (Allocation Failure)  928077K->605261K(1035264K), 0.0046497 secs]
277.223: Total time for which application threads were stopped: 0.0048143 seconds, Stopping threads took: 0.0000198 seconds
277.292: [GC (Allocation Failure)  927821K->605067K(1035264K), 0.0047020 secs]
277.297: Total time for which application threads were stopped: 0.0048808 seconds, Stopping threads took: 0.0000194 seconds
277.366: [GC (Allocation Failure)  927627K->605421K(1035264K), 0.0049592 secs]
277.372: Total time for which application threads were stopped: 0.0051197 seconds, Stopping threads took: 0.0000194 seconds
277.439: [GC (Allocation Failure)  927981K->605293K(1035776K), 0.0048110 secs]
277.444: Total time for which application threads were stopped: 0.0049716 seconds, Stopping threads took: 0.0000200 seconds
277.511: [GC (Allocation Failure)  928877K->610315K(1035776K), 0.0072307 secs]
277.519: Total time for which application threads were stopped: 0.0074039 seconds, Stopping threads took: 0.0000193 seconds
277.587: [GC (Allocation Failure)  933899K->605709K(1032704K), 0.0049459 secs]
277.592: Total time for which application threads were stopped: 0.0051192 seconds, Stopping threads took: 0.0000203 seconds
277.661: [GC (Allocation Failure)  926221K->605581K(1034240K), 0.0047475 secs]
277.666: Total time for which application threads were stopped: 0.0049104 seconds, Stopping threads took: 0.0000197 seconds
277.733: [GC (Allocation Failure)  926093K->611875K(1031680K), 0.0076471 secs]
277.741: Total time for which application threads were stopped: 0.0078440 seconds, Stopping threads took: 0.0000194 seconds
277.810: [GC (Allocation Failure)  930339K->606213K(1033216K), 0.0050219 secs]
277.815: Total time for which application threads were stopped: 0.0051816 seconds, Stopping threads took: 0.0000168 seconds
277.882: [GC (Allocation Failure)  924677K->606149K(1034240K), 0.0047946 secs]
277.887: Total time for which application threads were stopped: 0.0049878 seconds, Stopping threads took: 0.0000199 seconds
277.953: [GC (Allocation Failure)  926149K->606019K(1033728K), 0.0048341 secs]
277.958: Total time for which application threads were stopped: 0.0050101 seconds, Stopping threads took: 0.0000278 seconds
278.026: [GC (Allocation Failure)  926019K->606149K(1035264K), 0.0046307 secs]
278.031: Total time for which application threads were stopped: 0.0048092 seconds, Stopping threads took: 0.0000194 seconds
278.100: [GC (Allocation Failure)  928197K->606117K(1034752K), 0.0046931 secs]
278.105: Total time for which application threads were stopped: 0.0048438 seconds, Stopping threads took: 0.0000175 seconds
278.172: [GC (Allocation Failure)  928165K->606691K(1035776K), 0.0052228 secs]
278.178: Total time for which application threads were stopped: 0.0053965 seconds, Stopping threads took: 0.0000265 seconds
278.246: [GC (Allocation Failure)  930275K->606341K(1035776K), 0.0065190 secs]
278.253: Total time for which application threads were stopped: 0.0066898 seconds, Stopping threads took: 0.0000193 seconds
278.322: [GC (Allocation Failure)  929925K->606149K(1036800K), 0.0045916 secs]
278.326: Total time for which application threads were stopped: 0.0047602 seconds, Stopping threads took: 0.0000201 seconds
278.393: [GC (Allocation Failure)  931269K->599235K(1026048K), 0.0022005 secs]
278.395: Total time for which application threads were stopped: 0.0023671 seconds, Stopping threads took: 0.0000191 seconds
278.466: [GC (Allocation Failure)  924355K->606285K(1036288K), 0.0049090 secs]
278.471: Total time for which application threads were stopped: 0.0050795 seconds, Stopping threads took: 0.0000210 seconds
278.540: [GC (Allocation Failure)  930381K->610261K(1035776K), 0.0056163 secs]
278.545: Total time for which application threads were stopped: 0.0057864 seconds, Stopping threads took: 0.0000275 seconds
278.614: [GC (Allocation Failure)  934357K->610293K(1036800K), 0.0056812 secs]
278.619: Total time for which application threads were stopped: 0.0058810 seconds, Stopping threads took: 0.0000272 seconds
278.686: [GC (Allocation Failure)  935413K->610413K(1025024K), 0.0049708 secs]
278.691: Total time for which application threads were stopped: 0.0051684 seconds, Stopping threads took: 0.0000197 seconds
278.758: [GC (Allocation Failure)  935533K->618320K(1035776K), 0.0050046 secs]
278.763: Total time for which application threads were stopped: 0.0051852 seconds, Stopping threads took: 0.0000197 seconds
278.832: [GC (Allocation Failure)  941904K->618288K(1035776K), 0.0047232 secs]
278.837: Total time for which application threads were stopped: 0.0049278 seconds, Stopping threads took: 0.0000200 seconds
278.905: [GC (Allocation Failure)  941872K->618408K(1034240K), 0.0049014 secs]
278.910: Total time for which application threads were stopped: 0.0050643 seconds, Stopping threads took: 0.0000185 seconds
278.978: [GC (Allocation Failure)  940968K->626346K(1035264K), 0.0048039 secs]
278.983: Total time for which application threads were stopped: 0.0049727 seconds, Stopping threads took: 0.0000186 seconds
279.050: [GC (Allocation Failure)  948906K->626314K(1035776K), 0.0048438 secs]
279.055: Total time for which application threads were stopped: 0.0050060 seconds, Stopping threads took: 0.0000201 seconds
279.122: [GC (Allocation Failure)  949386K->626634K(1035264K), 0.0048825 secs]
279.127: Total time for which application threads were stopped: 0.0050452 seconds, Stopping threads took: 0.0000186 seconds
279.193: [GC (Allocation Failure)  949706K->634348K(1035264K), 0.0051082 secs]
279.198: Total time for which application threads were stopped: 0.0052637 seconds, Stopping threads took: 0.0000190 seconds
279.268: [GC (Allocation Failure)  956908K->634348K(1035264K), 0.0047610 secs]
279.273: Total time for which application threads were stopped: 0.0049358 seconds, Stopping threads took: 0.0000192 seconds
279.340: [GC (Allocation Failure)  956908K->634412K(1034240K), 0.0049047 secs]
279.345: Total time for which application threads were stopped: 0.0050623 seconds, Stopping threads took: 0.0000192 seconds
279.414: [GC (Allocation Failure)  955948K->642382K(1034752K), 0.0050356 secs]
279.419: Total time for which application threads were stopped: 0.0052113 seconds, Stopping threads took: 0.0000196 seconds
279.485: [GC (Allocation Failure)  963918K->642382K(1034752K), 0.0048545 secs]
279.490: Total time for which application threads were stopped: 0.0050231 seconds, Stopping threads took: 0.0000192 seconds
279.555: [GC (Allocation Failure)  963918K->642606K(1021440K), 0.0050427 secs]
279.560: Total time for which application threads were stopped: 0.0052089 seconds, Stopping threads took: 0.0000194 seconds
279.627: [GC (Allocation Failure)  964142K->650417K(1034240K), 0.0047270 secs]
279.632: Total time for which application threads were stopped: 0.0049124 seconds, Stopping threads took: 0.0000168 seconds
279.699: [GC (Allocation Failure)  970929K->650417K(1034240K), 0.0049084 secs]
279.704: Total time for which application threads were stopped: 0.0050774 seconds, Stopping threads took: 0.0000196 seconds
279.771: [GC (Allocation Failure)  970929K->650825K(1034240K), 0.0049635 secs]
279.776: Total time for which application threads were stopped: 0.0051348 seconds, Stopping threads took: 0.0000201 seconds
279.844: [GC (Allocation Failure)  971337K->658475K(1034240K), 0.0047886 secs]
279.849: Total time for which application threads were stopped: 0.0049619 seconds, Stopping threads took: 0.0000206 seconds
279.916: [GC (Allocation Failure)  978987K->658443K(1034240K), 0.0050431 secs]
279.921: Total time for which application threads were stopped: 0.0052170 seconds, Stopping threads took: 0.0000205 seconds
279.989: [GC (Allocation Failure)  978955K->658507K(1020416K), 0.0048973 secs]
279.994: Total time for which application threads were stopped: 0.0050748 seconds, Stopping threads took: 0.0000200 seconds
280.064: [GC (Allocation Failure)  979019K->666509K(1033728K), 0.0050362 secs]
280.069: Total time for which application threads were stopped: 0.0052123 seconds, Stopping threads took: 0.0000266 seconds
280.136: [GC (Allocation Failure)  985997K->666477K(1033728K), 0.0048850 secs]
280.141: Total time for which application threads were stopped: 0.0050538 seconds, Stopping threads took: 0.0000193 seconds
280.207: [GC (Allocation Failure)  985965K->666541K(1033728K), 0.0050345 secs]
280.212: Total time for which application threads were stopped: 0.0052159 seconds, Stopping threads took: 0.0000199 seconds
280.279: [GC (Allocation Failure)  986029K->674511K(1033728K), 0.0050756 secs]
280.284: Total time for which application threads were stopped: 0.0052406 seconds, Stopping threads took: 0.0000200 seconds
280.350: [GC (Allocation Failure)  993999K->674479K(1033728K), 0.0049456 secs]
280.355: Total time for which application threads were stopped: 0.0051166 seconds, Stopping threads took: 0.0000200 seconds
280.421: [GC (Allocation Failure)  993967K->674567K(1033728K), 0.0050153 secs]
280.426: Total time for which application threads were stopped: 0.0051784 seconds, Stopping threads took: 0.0000200 seconds
280.494: [GC (Allocation Failure)  994055K->682538K(1032704K), 0.0064161 secs]
280.500: Total time for which application threads were stopped: 0.0065988 seconds, Stopping threads took: 0.0000282 seconds
280.570: [GC (Allocation Failure)  1001002K->682570K(1033216K), 0.0047115 secs]
280.574: Total time for which application threads were stopped: 0.0049196 seconds, Stopping threads took: 0.0000217 seconds
280.640: [GC (Allocation Failure)  1001034K->682730K(1033216K), 0.0049679 secs]
280.645: [Full GC (Ergonomics)  682730K->8664K(1033216K), 0.0126935 secs]
280.658: Total time for which application threads were stopped: 0.0179307 seconds, Stopping threads took: 0.0000175 seconds
280.724: [GC (Allocation Failure)  327128K->17627K(1033216K), 0.0038717 secs]
280.728: Total time for which application threads were stopped: 0.0040413 seconds, Stopping threads took: 0.0000196 seconds
280.795: [GC (Allocation Failure)  336091K->17619K(1033216K), 0.0038748 secs]
280.799: Total time for which application threads were stopped: 0.0040457 seconds, Stopping threads took: 0.0000196 seconds
280.863: [GC (Allocation Failure)  336083K->17771K(1033216K), 0.0037530 secs]
280.867: Total time for which application threads were stopped: 0.0039248 seconds, Stopping threads took: 0.0000197 seconds
280.934: [GC (Allocation Failure)  336235K->25613K(1033216K), 0.0037453 secs]
280.938: Total time for which application threads were stopped: 0.0039137 seconds, Stopping threads took: 0.0000196 seconds
281.002: [GC (Allocation Failure)  344077K->20683K(1033216K), 0.0018760 secs]
281.004: Total time for which application threads were stopped: 0.0020226 seconds, Stopping threads took: 0.0000190 seconds
281.070: [GC (Allocation Failure)  339147K->25749K(1034240K), 0.0036811 secs]
281.074: Total time for which application threads were stopped: 0.0038508 seconds, Stopping threads took: 0.0000189 seconds
281.141: [GC (Allocation Failure)  345749K->29829K(1033728K), 0.0037284 secs]
281.144: Total time for which application threads were stopped: 0.0038983 seconds, Stopping threads took: 0.0000202 seconds
281.211: [GC (Allocation Failure)  349829K->36235K(1029120K), 0.0064343 secs]
281.217: Total time for which application threads were stopped: 0.0066037 seconds, Stopping threads took: 0.0000168 seconds
281.283: [GC (Allocation Failure)  351627K->30189K(1031680K), 0.0036651 secs]
281.287: Total time for which application threads were stopped: 0.0038355 seconds, Stopping threads took: 0.0000198 seconds
281.353: [GC (Allocation Failure)  345581K->29965K(1032704K), 0.0037692 secs]
281.357: Total time for which application threads were stopped: 0.0039494 seconds, Stopping threads took: 0.0000194 seconds
281.423: [GC (Allocation Failure)  346893K->32901K(1032192K), 0.0045819 secs]
281.428: Total time for which application threads were stopped: 0.0047533 seconds, Stopping threads took: 0.0000214 seconds
281.495: [GC (Allocation Failure)  349829K->38055K(1033216K), 0.0038252 secs]
281.499: Total time for which application threads were stopped: 0.0039852 seconds, Stopping threads took: 0.0000197 seconds
281.566: [GC (Allocation Failure)  356007K->38023K(1032704K), 0.0038809 secs]
281.570: Total time for which application threads were stopped: 0.0040485 seconds, Stopping threads took: 0.0000273 seconds
281.636: [GC (Allocation Failure)  355975K->38599K(1033216K), 0.0037294 secs]
281.639: Total time for which application threads were stopped: 0.0038862 seconds, Stopping threads took: 0.0000195 seconds
281.708: [GC (Allocation Failure)  357063K->46185K(1033216K), 0.0037230 secs]
281.712: Total time for which application threads were stopped: 0.0038750 seconds, Stopping threads took: 0.0000169 seconds
281.779: [GC (Allocation Failure)  364649K->46057K(1033728K), 0.0039221 secs]
281.783: Total time for which application threads were stopped: 0.0041142 seconds, Stopping threads took: 0.0000187 seconds
281.851: [GC (Allocation Failure)  365033K->47337K(1033216K), 0.0040732 secs]
281.855: Total time for which application threads were stopped: 0.0042293 seconds, Stopping threads took: 0.0000172 seconds
281.923: [GC (Allocation Failure)  366313K->54092K(1033728K), 0.0037236 secs]
281.927: Total time for which application threads were stopped: 0.0038924 seconds, Stopping threads took: 0.0000276 seconds
281.994: [GC (Allocation Failure)  373580K->54060K(1033728K), 0.0036871 secs]
281.997: Total time for which application threads were stopped: 0.0039180 seconds, Stopping threads took: 0.0000199 seconds
282.065: [GC (Allocation Failure)  373548K->58124K(1034240K), 0.0047401 secs]
282.070: Total time for which application threads were stopped: 0.0049492 seconds, Stopping threads took: 0.0000264 seconds
282.139: [GC (Allocation Failure)  378124K->62094K(1033728K), 0.0039217 secs]
282.143: Total time for which application threads were stopped: 0.0040830 seconds, Stopping threads took: 0.0000192 seconds
282.209: [GC (Allocation Failure)  382094K->62126K(1034240K), 0.0039829 secs]
282.213: Total time for which application threads were stopped: 0.0041556 seconds, Stopping threads took: 0.0000204 seconds
282.280: [GC (Allocation Failure)  382638K->63302K(1034240K), 0.0040277 secs]
282.284: Total time for which application threads were stopped: 0.0042010 seconds, Stopping threads took: 0.0000200 seconds
282.352: [GC (Allocation Failure)  383814K->70152K(1034240K), 0.0038484 secs]
282.356: Total time for which application threads were stopped: 0.0040387 seconds, Stopping threads took: 0.0000205 seconds
282.423: [GC (Allocation Failure)  390664K->70152K(1034240K), 0.0039959 secs]
282.427: Total time for which application threads were stopped: 0.0041759 seconds, Stopping threads took: 0.0000199 seconds
282.496: [GC (Allocation Failure)  390664K->73568K(1034752K), 0.0064635 secs]
282.502: Total time for which application threads were stopped: 0.0066261 seconds, Stopping threads took: 0.0000181 seconds
282.571: [GC (Allocation Failure)  394592K->78178K(1034240K), 0.0035717 secs]
282.575: Total time for which application threads were stopped: 0.0037453 seconds, Stopping threads took: 0.0000262 seconds
282.643: [GC (Allocation Failure)  399202K->78146K(1034752K), 0.0040644 secs]
282.647: Total time for which application threads were stopped: 0.0042277 seconds, Stopping threads took: 0.0000173 seconds
282.714: [GC (Allocation Failure)  399682K->81794K(1034752K), 0.0049602 secs]
282.719: Total time for which application threads were stopped: 0.0051305 seconds, Stopping threads took: 0.0000192 seconds
282.788: [GC (Allocation Failure)  403330K->86309K(1034752K), 0.0039893 secs]
282.792: Total time for which application threads were stopped: 0.0041518 seconds, Stopping threads took: 0.0000201 seconds
282.859: [GC (Allocation Failure)  407845K->86181K(1034752K), 0.0038583 secs]
282.863: Total time for which application threads were stopped: 0.0040512 seconds, Stopping threads took: 0.0000198 seconds
282.930: [GC (Allocation Failure)  407717K->86957K(1034240K), 0.0039825 secs]
282.934: Total time for which application threads were stopped: 0.0041458 seconds, Stopping threads took: 0.0000192 seconds
283.003: [GC (Allocation Failure)  408493K->94287K(1034752K), 0.0039953 secs]
283.007: Total time for which application threads were stopped: 0.0041603 seconds, Stopping threads took: 0.0000204 seconds
283.074: [GC (Allocation Failure)  415823K->94223K(1034752K), 0.0037781 secs]
283.078: Total time for which application threads were stopped: 0.0039557 seconds, Stopping threads took: 0.0000262 seconds
283.144: [GC (Allocation Failure)  415759K->96231K(1034752K), 0.0041868 secs]
283.149: Total time for which application threads were stopped: 0.0043770 seconds, Stopping threads took: 0.0000189 seconds
283.216: [GC (Allocation Failure)  417767K->102249K(1034752K), 0.0040025 secs]
283.220: Total time for which application threads were stopped: 0.0041720 seconds, Stopping threads took: 0.0000197 seconds
283.286: [GC (Allocation Failure)  423785K->102249K(1034752K), 0.0037517 secs]
283.289: Total time for which application threads were stopped: 0.0039309 seconds, Stopping threads took: 0.0000187 seconds
283.356: [GC (Allocation Failure)  423785K->105481K(1034752K), 0.0046431 secs]
283.361: Total time for which application threads were stopped: 0.0048133 seconds, Stopping threads took: 0.0000193 seconds
283.426: [GC (Allocation Failure)  427017K->110283K(1034752K), 0.0038193 secs]
283.430: Total time for which application threads were stopped: 0.0040153 seconds, Stopping threads took: 0.0000202 seconds
283.498: [GC (Allocation Failure)  431819K->110315K(1034752K), 0.0039919 secs]
283.502: Total time for which application threads were stopped: 0.0041822 seconds, Stopping threads took: 0.0000199 seconds
283.571: [GC (Allocation Failure)  431851K->110635K(1034752K), 0.0039071 secs]
283.575: Total time for which application threads were stopped: 0.0040698 seconds, Stopping threads took: 0.0000258 seconds
283.645: [GC (Allocation Failure)  432171K->118350K(1034752K), 0.0038841 secs]
283.648: Total time for which application threads were stopped: 0.0040462 seconds, Stopping threads took: 0.0000199 seconds
283.716: [GC (Allocation Failure)  439886K->118350K(1034752K), 0.0038770 secs]
283.720: Total time for which application threads were stopped: 0.0040484 seconds, Stopping threads took: 0.0000279 seconds
283.785: [GC (Allocation Failure)  439886K->119918K(1034752K), 0.0040314 secs]
283.789: Total time for which application threads were stopped: 0.0042034 seconds, Stopping threads took: 0.0000194 seconds
283.859: [GC (Allocation Failure)  441454K->126480K(1029632K), 0.0039056 secs]
283.863: Total time for which application threads were stopped: 0.0040753 seconds, Stopping threads took: 0.0000201 seconds
283.929: [GC (Allocation Failure)  448016K->126384K(1034240K), 0.0038979 secs]
283.933: Total time for which application threads were stopped: 0.0040653 seconds, Stopping threads took: 0.0000200 seconds
283.999: [GC (Allocation Failure)  446896K->128136K(1034240K), 0.0040997 secs]
284.004: Total time for which application threads were stopped: 0.0042796 seconds, Stopping threads took: 0.0000301 seconds
284.074: [GC (Allocation Failure)  448648K->134410K(1034240K), 0.0039740 secs]
284.078: Total time for which application threads were stopped: 0.0041429 seconds, Stopping threads took: 0.0000259 seconds
284.146: [GC (Allocation Failure)  454922K->134378K(1034240K), 0.0037662 secs]
284.150: Total time for which application threads were stopped: 0.0039360 seconds, Stopping threads took: 0.0000212 seconds
284.217: [GC (Allocation Failure)  454890K->138442K(1034752K), 0.0048742 secs]
284.222: Total time for which application threads were stopped: 0.0050380 seconds, Stopping threads took: 0.0000196 seconds
284.289: [GC (Allocation Failure)  459466K->142412K(1034240K), 0.0039462 secs]
284.293: Total time for which application threads were stopped: 0.0041426 seconds, Stopping threads took: 0.0000282 seconds
284.360: [GC (Allocation Failure)  463436K->142412K(1034752K), 0.0038346 secs]
284.364: Total time for which application threads were stopped: 0.0040325 seconds, Stopping threads took: 0.0000203 seconds
284.434: [GC (Allocation Failure)  463948K->142572K(1034752K), 0.0040678 secs]
284.438: Total time for which application threads were stopped: 0.0042185 seconds, Stopping threads took: 0.0000167 seconds
284.507: [GC (Allocation Failure)  464108K->150447K(1034752K), 0.0039332 secs]
284.511: Total time for which application threads were stopped: 0.0040981 seconds, Stopping threads took: 0.0000200 seconds
284.579: [GC (Allocation Failure)  471983K->150447K(1034752K), 0.0040040 secs]
284.583: Total time for which application threads were stopped: 0.0041696 seconds, Stopping threads took: 0.0000263 seconds
284.650: [GC (Allocation Failure)  471983K->151751K(1033728K), 0.0041353 secs]
284.654: Total time for which application threads were stopped: 0.0043139 seconds, Stopping threads took: 0.0000197 seconds
284.723: [GC (Allocation Failure)  472263K->158537K(1034240K), 0.0041737 secs]
284.727: Total time for which application threads were stopped: 0.0043359 seconds, Stopping threads took: 0.0000201 seconds
284.794: [GC (Allocation Failure)  479049K->158473K(1034240K), 0.0040130 secs]
284.798: Total time for which application threads were stopped: 0.0041831 seconds, Stopping threads took: 0.0000198 seconds
284.864: [GC (Allocation Failure)  478985K->162057K(1034240K), 0.0048441 secs]
284.869: Total time for which application threads were stopped: 0.0050065 seconds, Stopping threads took: 0.0000196 seconds
284.936: [GC (Allocation Failure)  482569K->166539K(1034752K), 0.0041407 secs]
284.940: Total time for which application threads were stopped: 0.0043018 seconds, Stopping threads took: 0.0000198 seconds
285.008: [GC (Allocation Failure)  488075K->166507K(1034752K), 0.0039355 secs]
285.012: Total time for which application threads were stopped: 0.0041055 seconds, Stopping threads took: 0.0000202 seconds
285.079: [GC (Allocation Failure)  488043K->170283K(1035264K), 0.0049121 secs]
285.084: Total time for which application threads were stopped: 0.0050674 seconds, Stopping threads took: 0.0000166 seconds
285.151: [GC (Allocation Failure)  492331K->174542K(1034752K), 0.0040010 secs]
285.155: Total time for which application threads were stopped: 0.0041720 seconds, Stopping threads took: 0.0000199 seconds
285.223: [GC (Allocation Failure)  496590K->174574K(1035264K), 0.0040978 secs]
285.227: Total time for which application threads were stopped: 0.0042698 seconds, Stopping threads took: 0.0000195 seconds
285.294: [GC (Allocation Failure)  497134K->177478K(1035264K), 0.0046831 secs]
285.299: Total time for which application threads were stopped: 0.0048528 seconds, Stopping threads took: 0.0000195 seconds
285.366: [GC (Allocation Failure)  500038K->182632K(1035264K), 0.0038903 secs]
285.370: Total time for which application threads were stopped: 0.0040556 seconds, Stopping threads took: 0.0000205 seconds
285.437: [GC (Allocation Failure)  505192K->182536K(1035264K), 0.0046678 secs]
285.442: Total time for which application threads were stopped: 0.0048342 seconds, Stopping threads took: 0.0000186 seconds
285.509: [GC (Allocation Failure)  505096K->185736K(1035264K), 0.0045040 secs]
285.514: Total time for which application threads were stopped: 0.0046616 seconds, Stopping threads took: 0.0000185 seconds
285.581: [GC (Allocation Failure)  508296K->190730K(1035264K), 0.0047570 secs]
285.586: Total time for which application threads were stopped: 0.0049304 seconds, Stopping threads took: 0.0000192 seconds
285.657: [GC (Allocation Failure)  513290K->190602K(1035264K), 0.0040877 secs]
285.661: Total time for which application threads were stopped: 0.0042495 seconds, Stopping threads took: 0.0000192 seconds
285.730: [GC (Allocation Failure)  513162K->193962K(1035264K), 0.0047236 secs]
285.734: Total time for which application threads were stopped: 0.0049167 seconds, Stopping threads took: 0.0000190 seconds
285.804: [GC (Allocation Failure)  516522K->198732K(1035264K), 0.0041813 secs]
285.809: Total time for which application threads were stopped: 0.0043342 seconds, Stopping threads took: 0.0000174 seconds
285.876: [GC (Allocation Failure)  521292K->198668K(1035264K), 0.0038862 secs]
285.880: Total time for which application threads were stopped: 0.0040857 seconds, Stopping threads took: 0.0000251 seconds
285.949: [GC (Allocation Failure)  521228K->202180K(1035264K), 0.0047910 secs]
285.954: Total time for which application threads were stopped: 0.0049422 seconds, Stopping threads took: 0.0000163 seconds
286.023: [GC (Allocation Failure)  524740K->206663K(1035264K), 0.0039973 secs]
286.027: Total time for which application threads were stopped: 0.0041705 seconds, Stopping threads took: 0.0000261 seconds
286.095: [GC (Allocation Failure)  529223K->206695K(1035264K), 0.0040464 secs]
286.099: Total time for which application threads were stopped: 0.0042097 seconds, Stopping threads took: 0.0000196 seconds
286.166: [GC (Allocation Failure)  529255K->210415K(1035264K), 0.0050793 secs]
286.171: Total time for which application threads were stopped: 0.0052508 seconds, Stopping threads took: 0.0000202 seconds
286.239: [GC (Allocation Failure)  532975K->214929K(1035776K), 0.0041710 secs]
286.243: Total time for which application threads were stopped: 0.0043364 seconds, Stopping threads took: 0.0000188 seconds
286.311: [GC (Allocation Failure)  538513K->214705K(1035776K), 0.0041867 secs]
286.315: Total time for which application threads were stopped: 0.0043770 seconds, Stopping threads took: 0.0000196 seconds
286.383: [GC (Allocation Failure)  538289K->208527K(1034752K), 0.0016789 secs]
286.385: Total time for which application threads were stopped: 0.0018121 seconds, Stopping threads took: 0.0000187 seconds
286.454: [GC (Allocation Failure)  531087K->214897K(1035264K), 0.0043081 secs]
286.459: Total time for which application threads were stopped: 0.0044782 seconds, Stopping threads took: 0.0000193 seconds
286.526: [GC (Allocation Failure)  537457K->214737K(1035264K), 0.0039904 secs]
286.530: Total time for which application threads were stopped: 0.0041543 seconds, Stopping threads took: 0.0000198 seconds
286.599: [GC (Allocation Failure)  537297K->212847K(1035264K), 0.0032702 secs]
286.603: Total time for which application threads were stopped: 0.0034175 seconds, Stopping threads took: 0.0000163 seconds
286.673: [GC (Allocation Failure)  535407K->214801K(1035776K), 0.0041495 secs]
286.677: Total time for which application threads were stopped: 0.0043227 seconds, Stopping threads took: 0.0000194 seconds
286.745: [GC (Allocation Failure)  538385K->214737K(1035776K), 0.0039092 secs]
286.749: Total time for which application threads were stopped: 0.0041163 seconds, Stopping threads took: 0.0000278 seconds
286.816: [GC (Allocation Failure)  538321K->219247K(1032704K), 0.0061121 secs]
286.822: Total time for which application threads were stopped: 0.0062964 seconds, Stopping threads took: 0.0000207 seconds
286.890: [GC (Allocation Failure)  539759K->214737K(1034240K), 0.0042222 secs]
286.894: Total time for which application threads were stopped: 0.0043930 seconds, Stopping threads took: 0.0000193 seconds
286.962: [GC (Allocation Failure)  535249K->214705K(1035264K), 0.0040816 secs]
286.966: Total time for which application threads were stopped: 0.0042460 seconds, Stopping threads took: 0.0000201 seconds
287.034: [GC (Allocation Failure)  536753K->218927K(1033728K), 0.0056784 secs]
287.040: Total time for which application threads were stopped: 0.0058559 seconds, Stopping threads took: 0.0000278 seconds
287.109: [GC (Allocation Failure)  540975K->214737K(1034752K), 0.0040717 secs]
287.113: Total time for which application threads were stopped: 0.0042385 seconds, Stopping threads took: 0.0000197 seconds
287.182: [GC (Allocation Failure)  535249K->214705K(1033728K), 0.0038709 secs]
287.186: Total time for which application threads were stopped: 0.0040479 seconds, Stopping threads took: 0.0000205 seconds
287.253: [GC (Allocation Failure)  535217K->218639K(1033216K), 0.0057902 secs]
287.259: Total time for which application threads were stopped: 0.0059744 seconds, Stopping threads took: 0.0000199 seconds
287.326: [GC (Allocation Failure)  539151K->214897K(1034240K), 0.0042271 secs]
287.330: Total time for which application threads were stopped: 0.0044238 seconds, Stopping threads took: 0.0000207 seconds
287.400: [GC (Allocation Failure)  535409K->214705K(1035264K), 0.0039946 secs]
287.404: Total time for which application threads were stopped: 0.0041575 seconds, Stopping threads took: 0.0000203 seconds
287.472: [GC (Allocation Failure)  536753K->218287K(1033216K), 0.0056655 secs]
287.477: Total time for which application threads were stopped: 0.0058370 seconds, Stopping threads took: 0.0000193 seconds
287.547: [GC (Allocation Failure)  540335K->214897K(1034752K), 0.0039792 secs]
287.551: Total time for which application threads were stopped: 0.0041494 seconds, Stopping threads took: 0.0000197 seconds
287.620: [GC (Allocation Failure)  535921K->214737K(1034240K), 0.0047910 secs]
287.625: Total time for which application threads were stopped: 0.0049749 seconds, Stopping threads took: 0.0000352 seconds
287.692: [GC (Allocation Failure)  535761K->219023K(1033216K), 0.0057492 secs]
287.698: Total time for which application threads were stopped: 0.0059576 seconds, Stopping threads took: 0.0000245 seconds
287.765: [GC (Allocation Failure)  539535K->214801K(1034240K), 0.0041563 secs]
287.769: Total time for which application threads were stopped: 0.0043586 seconds, Stopping threads took: 0.0000253 seconds
287.839: [GC (Allocation Failure)  535313K->214705K(1035264K), 0.0040799 secs]
287.843: Total time for which application threads were stopped: 0.0042387 seconds, Stopping threads took: 0.0000197 seconds
287.910: [GC (Allocation Failure)  536753K->218703K(1033728K), 0.0057339 secs]
287.916: Total time for which application threads were stopped: 0.0059047 seconds, Stopping threads took: 0.0000193 seconds
287.983: [GC (Allocation Failure)  540751K->214737K(1034752K), 0.0040269 secs]
287.988: Total time for which application threads were stopped: 0.0041878 seconds, Stopping threads took: 0.0000196 seconds
288.055: [GC (Allocation Failure)  535761K->214673K(1034240K), 0.0039868 secs]
288.059: Total time for which application threads were stopped: 0.0041479 seconds, Stopping threads took: 0.0000198 seconds
288.125: [GC (Allocation Failure)  535697K->219407K(1032704K), 0.0058626 secs]
288.131: Total time for which application threads were stopped: 0.0060182 seconds, Stopping threads took: 0.0000188 seconds
288.197: [GC (Allocation Failure)  538895K->214961K(1033728K), 0.0041865 secs]
288.202: Total time for which application threads were stopped: 0.0043552 seconds, Stopping threads took: 0.0000188 seconds
288.268: [GC (Allocation Failure)  534449K->214737K(1034752K), 0.0043411 secs]
288.272: Total time for which application threads were stopped: 0.0045144 seconds, Stopping threads took: 0.0000188 seconds
288.339: [GC (Allocation Failure)  535761K->216015K(1034240K), 0.0045432 secs]
288.344: Total time for which application threads were stopped: 0.0047029 seconds, Stopping threads took: 0.0000187 seconds
288.411: [GC (Allocation Failure)  537039K->214897K(1035264K), 0.0041262 secs]
288.415: Total time for which application threads were stopped: 0.0042960 seconds, Stopping threads took: 0.0000191 seconds
288.482: [GC (Allocation Failure)  536945K->214705K(1034752K), 0.0041299 secs]
288.486: Total time for which application threads were stopped: 0.0043117 seconds, Stopping threads took: 0.0000200 seconds
288.554: [GC (Allocation Failure)  536753K->217775K(1035264K), 0.0054337 secs]
288.560: Total time for which application threads were stopped: 0.0055939 seconds, Stopping threads took: 0.0000193 seconds
288.629: [GC (Allocation Failure)  540335K->214865K(1035264K), 0.0069407 secs]
288.636: Total time for which application threads were stopped: 0.0071198 seconds, Stopping threads took: 0.0000122 seconds
288.704: [GC (Allocation Failure)  537425K->214705K(1035264K), 0.0040866 secs]
288.708: Total time for which application threads were stopped: 0.0042381 seconds, Stopping threads took: 0.0000167 seconds
288.776: [GC (Allocation Failure)  537265K->222023K(1035264K), 0.0075566 secs]
288.783: Total time for which application threads were stopped: 0.0077262 seconds, Stopping threads took: 0.0000189 seconds
288.851: [GC (Allocation Failure)  544583K->216873K(1032192K), 0.0040570 secs]
288.855: Total time for which application threads were stopped: 0.0042296 seconds, Stopping threads took: 0.0000199 seconds
288.924: [GC (Allocation Failure)  536361K->216777K(1033728K), 0.0039642 secs]
288.928: Total time for which application threads were stopped: 0.0041362 seconds, Stopping threads took: 0.0000203 seconds
288.995: [GC (Allocation Failure)  536265K->222311K(1032192K), 0.0063614 secs]
289.002: Total time for which application threads were stopped: 0.0065309 seconds, Stopping threads took: 0.0000191 seconds
289.069: [GC (Allocation Failure)  540775K->216841K(1033216K), 0.0041898 secs]
289.073: Total time for which application threads were stopped: 0.0043924 seconds, Stopping threads took: 0.0000165 seconds
289.140: [GC (Allocation Failure)  535305K->216777K(1033728K), 0.0040194 secs]
289.144: Total time for which application threads were stopped: 0.0041898 seconds, Stopping threads took: 0.0000198 seconds
289.212: [GC (Allocation Failure)  535753K->214791K(1033216K), 0.0034341 secs]
289.216: Total time for which application threads were stopped: 0.0036055 seconds, Stopping threads took: 0.0000194 seconds
289.285: [GC (Allocation Failure)  533767K->217033K(1033728K), 0.0042052 secs]
289.289: Total time for which application threads were stopped: 0.0044027 seconds, Stopping threads took: 0.0000197 seconds
289.356: [GC (Allocation Failure)  536521K->216777K(1033728K), 0.0041832 secs]
289.360: Total time for which application threads were stopped: 0.0043650 seconds, Stopping threads took: 0.0000201 seconds
289.427: [GC (Allocation Failure)  536265K->209383K(1032192K), 0.0011651 secs]
289.428: Total time for which application threads were stopped: 0.0012946 seconds, Stopping threads took: 0.0000197 seconds
289.498: [GC (Allocation Failure)  527847K->217001K(1033216K), 0.0041501 secs]
289.503: Total time for which application threads were stopped: 0.0043146 seconds, Stopping threads took: 0.0000196 seconds
289.570: [GC (Allocation Failure)  535465K->216809K(1034752K), 0.0041479 secs]
289.574: Total time for which application threads were stopped: 0.0043504 seconds, Stopping threads took: 0.0000268 seconds
289.643: [GC (Allocation Failure)  537833K->220201K(1034240K), 0.0049208 secs]
289.648: Total time for which application threads were stopped: 0.0050958 seconds, Stopping threads took: 0.0000247 seconds
289.717: [GC (Allocation Failure)  541225K->224939K(1034752K), 0.0040487 secs]
289.721: Total time for which application threads were stopped: 0.0042093 seconds, Stopping threads took: 0.0000195 seconds
289.789: [GC (Allocation Failure)  545963K->224843K(1034240K), 0.0041470 secs]
289.793: Total time for which application threads were stopped: 0.0043292 seconds, Stopping threads took: 0.0000202 seconds
289.859: [GC (Allocation Failure)  545867K->227915K(1035264K), 0.0048194 secs]
289.864: Total time for which application threads were stopped: 0.0049892 seconds, Stopping threads took: 0.0000174 seconds
289.935: [GC (Allocation Failure)  550475K->232909K(1035264K), 0.0040293 secs]
289.939: Total time for which application threads were stopped: 0.0041998 seconds, Stopping threads took: 0.0000197 seconds
290.007: [GC (Allocation Failure)  555469K->232877K(1035776K), 0.0044127 secs]
290.011: Total time for which application threads were stopped: 0.0045937 seconds, Stopping threads took: 0.0000197 seconds
290.080: [GC (Allocation Failure)  555949K->236645K(1035264K), 0.0049837 secs]
290.085: Total time for which application threads were stopped: 0.0051501 seconds, Stopping threads took: 0.0000192 seconds
290.152: [GC (Allocation Failure)  559717K->240904K(1035776K), 0.0041861 secs]
290.157: Total time for which application threads were stopped: 0.0043796 seconds, Stopping threads took: 0.0000188 seconds
290.225: [GC (Allocation Failure)  563976K->240872K(1035264K), 0.0041447 secs]
290.229: Total time for which application threads were stopped: 0.0043504 seconds, Stopping threads took: 0.0000195 seconds
290.295: [GC (Allocation Failure)  563944K->238341K(1036288K), 0.0029755 secs]
290.298: Total time for which application threads were stopped: 0.0031314 seconds, Stopping threads took: 0.0000161 seconds
290.366: [GC (Allocation Failure)  562437K->241064K(1035776K), 0.0063581 secs]
290.372: Total time for which application threads were stopped: 0.0065178 seconds, Stopping threads took: 0.0000190 seconds
290.441: [GC (Allocation Failure)  565160K->240872K(1036288K), 0.0041123 secs]
290.445: Total time for which application threads were stopped: 0.0042813 seconds, Stopping threads took: 0.0000197 seconds
290.513: [GC (Allocation Failure)  565480K->247757K(1036288K), 0.0074792 secs]
290.520: Total time for which application threads were stopped: 0.0076539 seconds, Stopping threads took: 0.0000217 seconds
290.589: [GC (Allocation Failure)  572365K->243696K(1033216K), 0.0043862 secs]
290.594: Total time for which application threads were stopped: 0.0045516 seconds, Stopping threads took: 0.0000196 seconds
290.660: [GC (Allocation Failure)  565232K->243536K(1034752K), 0.0042110 secs]
290.665: Total time for which application threads were stopped: 0.0043714 seconds, Stopping threads took: 0.0000192 seconds
290.730: [GC (Allocation Failure)  565072K->238349K(1034240K), 0.0022637 secs]
290.732: Total time for which application threads were stopped: 0.0024567 seconds, Stopping threads took: 0.0000201 seconds
290.798: [GC (Allocation Failure)  559885K->243640K(1034752K), 0.0050003 secs]
290.803: Total time for which application threads were stopped: 0.0052009 seconds, Stopping threads took: 0.0000238 seconds
290.868: [GC (Allocation Failure)  565176K->247672K(1035264K), 0.0042315 secs]
290.873: Total time for which application threads were stopped: 0.0044204 seconds, Stopping threads took: 0.0000222 seconds
290.939: [GC (Allocation Failure)  569719K->243765K(1034752K), 0.0027914 secs]
290.942: Total time for which application threads were stopped: 0.0029485 seconds, Stopping threads took: 0.0000200 seconds
291.010: [GC (Allocation Failure)  565813K->247832K(1035264K), 0.0042802 secs]
291.015: Total time for which application threads were stopped: 0.0044541 seconds, Stopping threads took: 0.0000200 seconds
291.084: [GC (Allocation Failure)  570392K->251832K(1035264K), 0.0040170 secs]
291.088: Total time for which application threads were stopped: 0.0041655 seconds, Stopping threads took: 0.0000201 seconds
291.156: [GC (Allocation Failure)  573438K->247893K(1035776K), 0.0027967 secs]
291.159: Total time for which application threads were stopped: 0.0029690 seconds, Stopping threads took: 0.0000187 seconds
291.228: [GC (Allocation Failure)  571477K->251952K(1035776K), 0.0041481 secs]
291.233: Total time for which application threads were stopped: 0.0043399 seconds, Stopping threads took: 0.0000186 seconds
291.301: [GC (Allocation Failure)  575536K->255920K(1035776K), 0.0041979 secs]
291.306: Total time for which application threads were stopped: 0.0043791 seconds, Stopping threads took: 0.0000191 seconds
291.374: [GC (Allocation Failure)  579504K->255920K(1035776K), 0.0041517 secs]
291.378: Total time for which application threads were stopped: 0.0043100 seconds, Stopping threads took: 0.0000192 seconds
291.448: [GC (Allocation Failure)  579504K->255976K(1034752K), 0.0042200 secs]
291.452: Total time for which application threads were stopped: 0.0043825 seconds, Stopping threads took: 0.0000193 seconds
291.519: [GC (Allocation Failure)  578536K->263946K(1035264K), 0.0043049 secs]
291.524: Total time for which application threads were stopped: 0.0044700 seconds, Stopping threads took: 0.0000200 seconds
291.593: [GC (Allocation Failure)  586506K->263946K(1035264K), 0.0041509 secs]
291.597: Total time for which application threads were stopped: 0.0043271 seconds, Stopping threads took: 0.0000261 seconds
291.665: [GC (Allocation Failure)  586506K->264010K(1022464K), 0.0041996 secs]
291.669: Total time for which application threads were stopped: 0.0043602 seconds, Stopping threads took: 0.0000198 seconds
291.738: [GC (Allocation Failure)  586570K->272012K(1034752K), 0.0043859 secs]
291.742: Total time for which application threads were stopped: 0.0045631 seconds, Stopping threads took: 0.0000199 seconds
291.810: [GC (Allocation Failure)  593548K->271948K(1034752K), 0.0041697 secs]
291.814: Total time for which application threads were stopped: 0.0043410 seconds, Stopping threads took: 0.0000201 seconds
291.881: [GC (Allocation Failure)  593484K->272204K(1033728K), 0.0042737 secs]
291.886: Total time for which application threads were stopped: 0.0044641 seconds, Stopping threads took: 0.0000215 seconds
291.953: [GC (Allocation Failure)  592716K->280014K(1034240K), 0.0041881 secs]
291.957: Total time for which application threads were stopped: 0.0043810 seconds, Stopping threads took: 0.0000207 seconds
292.027: [GC (Allocation Failure)  600526K->280046K(1034240K), 0.0042026 secs]
292.031: Total time for which application threads were stopped: 0.0043721 seconds, Stopping threads took: 0.0000167 seconds
292.099: [GC (Allocation Failure)  600558K->280454K(1034240K), 0.0043996 secs]
292.104: Total time for which application threads were stopped: 0.0045575 seconds, Stopping threads took: 0.0000187 seconds
292.171: [GC (Allocation Failure)  600966K->288041K(1034240K), 0.0040321 secs]
292.175: Total time for which application threads were stopped: 0.0042047 seconds, Stopping threads took: 0.0000206 seconds
292.244: [GC (Allocation Failure)  608553K->288041K(1034240K), 0.0041355 secs]
292.249: Total time for which application threads were stopped: 0.0043304 seconds, Stopping threads took: 0.0000194 seconds
292.317: [GC (Allocation Failure)  608553K->288169K(1033216K), 0.0041165 secs]
292.321: Total time for which application threads were stopped: 0.0042682 seconds, Stopping threads took: 0.0000169 seconds
292.388: [GC (Allocation Failure)  607657K->296107K(1033728K), 0.0043474 secs]
292.392: Total time for which application threads were stopped: 0.0045391 seconds, Stopping threads took: 0.0000199 seconds
292.461: [GC (Allocation Failure)  615595K->296107K(1033728K), 0.0042066 secs]
292.465: Total time for which application threads were stopped: 0.0043658 seconds, Stopping threads took: 0.0000172 seconds
292.533: [GC (Allocation Failure)  615595K->296139K(1033728K), 0.0041480 secs]
292.537: Total time for which application threads were stopped: 0.0043140 seconds, Stopping threads took: 0.0000264 seconds
292.603: [GC (Allocation Failure)  615627K->304141K(1033728K), 0.0099966 secs]
292.614: Total time for which application threads were stopped: 0.0102091 seconds, Stopping threads took: 0.0000345 seconds
292.680: [GC (Allocation Failure)  623629K->304109K(1033728K), 0.0040178 secs]
292.684: Total time for which application threads were stopped: 0.0042072 seconds, Stopping threads took: 0.0000181 seconds
292.750: [GC (Allocation Failure)  623597K->304357K(1033728K), 0.0045233 secs]
292.755: Total time for which application threads were stopped: 0.0046805 seconds, Stopping threads took: 0.0000167 seconds
292.822: [GC (Allocation Failure)  623845K->312136K(1033728K), 0.0043466 secs]
292.826: Total time for which application threads were stopped: 0.0045217 seconds, Stopping threads took: 0.0000209 seconds
292.893: [GC (Allocation Failure)  631624K->307781K(1034240K), 0.0049113 secs]
292.898: Total time for which application threads were stopped: 0.0050985 seconds, Stopping threads took: 0.0000204 seconds
292.969: [GC (Allocation Failure)  627781K->312368K(1033728K), 0.0043832 secs]
292.973: Total time for which application threads were stopped: 0.0045461 seconds, Stopping threads took: 0.0000210 seconds
293.041: [GC (Allocation Failure)  632368K->316304K(1034752K), 0.0043602 secs]
293.045: Total time for which application threads were stopped: 0.0045232 seconds, Stopping threads took: 0.0000193 seconds
293.110: [GC (Allocation Failure)  637840K->310093K(1034752K), 0.0020390 secs]
293.112: Total time for which application threads were stopped: 0.0021826 seconds, Stopping threads took: 0.0000200 seconds
293.180: [GC (Allocation Failure)  631629K->316416K(1035264K), 0.0043788 secs]
293.185: Total time for which application threads were stopped: 0.0045584 seconds, Stopping threads took: 0.0000215 seconds
293.254: [GC (Allocation Failure)  638464K->320416K(1034752K), 0.0048977 secs]
293.259: Total time for which application threads were stopped: 0.0050685 seconds, Stopping threads took: 0.0000203 seconds
293.326: [GC (Allocation Failure)  642464K->316477K(1035264K), 0.0029920 secs]
293.329: Total time for which application threads were stopped: 0.0031594 seconds, Stopping threads took: 0.0000201 seconds
293.399: [GC (Allocation Failure)  638525K->320520K(1034752K), 0.0046672 secs]
293.403: Total time for which application threads were stopped: 0.0048288 seconds, Stopping threads took: 0.0000199 seconds
293.473: [GC (Allocation Failure)  642568K->324568K(1035776K), 0.0045247 secs]
293.478: Total time for which application threads were stopped: 0.0046825 seconds, Stopping threads took: 0.0000196 seconds
293.547: [GC (Allocation Failure)  648152K->324568K(1031168K), 0.0041702 secs]
293.551: Total time for which application threads were stopped: 0.0043313 seconds, Stopping threads took: 0.0000189 seconds
293.619: [GC (Allocation Failure)  648152K->324592K(1035264K), 0.0049602 secs]
293.625: Total time for which application threads were stopped: 0.0051588 seconds, Stopping threads took: 0.0000247 seconds
293.692: [GC (Allocation Failure)  647152K->332594K(1030144K), 0.0042932 secs]
293.697: Total time for which application threads were stopped: 0.0044652 seconds, Stopping threads took: 0.0000197 seconds
293.765: [GC (Allocation Failure)  655154K->332562K(1034752K), 0.0044115 secs]
293.769: Total time for which application threads were stopped: 0.0045778 seconds, Stopping threads took: 0.0000199 seconds
293.836: [GC (Allocation Failure)  654098K->332650K(1034752K), 0.0043202 secs]
293.841: Total time for which application threads were stopped: 0.0044895 seconds, Stopping threads took: 0.0000198 seconds
293.908: [GC (Allocation Failure)  654186K->340620K(1033728K), 0.0045606 secs]
293.913: Total time for which application threads were stopped: 0.0047318 seconds, Stopping threads took: 0.0000198 seconds
293.981: [GC (Allocation Failure)  661132K->340652K(1034240K), 0.0041355 secs]
293.985: Total time for which application threads were stopped: 0.0043275 seconds, Stopping threads took: 0.0000195 seconds
294.055: [GC (Allocation Failure)  661164K->340844K(1034240K), 0.0042197 secs]
294.059: Total time for which application threads were stopped: 0.0043804 seconds, Stopping threads took: 0.0000249 seconds
294.128: [GC (Allocation Failure)  661356K->348686K(1034240K), 0.0057313 secs]
294.134: Total time for which application threads were stopped: 0.0059148 seconds, Stopping threads took: 0.0000275 seconds
294.204: [GC (Allocation Failure)  669198K->348686K(1033216K), 0.0043148 secs]
294.209: Total time for which application threads were stopped: 0.0044808 seconds, Stopping threads took: 0.0000189 seconds
294.275: [GC (Allocation Failure)  668174K->348806K(1033728K), 0.0042832 secs]
294.279: Total time for which application threads were stopped: 0.0044428 seconds, Stopping threads took: 0.0000198 seconds
294.346: [GC (Allocation Failure)  668294K->356681K(1033728K), 0.0042774 secs]
294.350: Total time for which application threads were stopped: 0.0044537 seconds, Stopping threads took: 0.0000193 seconds
294.417: [GC (Allocation Failure)  676169K->352806K(1033728K), 0.0033192 secs]
294.421: Total time for which application threads were stopped: 0.0035052 seconds, Stopping threads took: 0.0000193 seconds
294.490: [GC (Allocation Failure)  672294K->356849K(1035264K), 0.0045335 secs]
294.494: Total time for which application threads were stopped: 0.0047026 seconds, Stopping threads took: 0.0000170 seconds
294.564: [GC (Allocation Failure)  678385K->360817K(1034240K), 0.0042554 secs]
294.569: Total time for which application threads were stopped: 0.0044645 seconds, Stopping threads took: 0.0000267 seconds
294.638: [GC (Allocation Failure)  682353K->356078K(1035264K), 0.0026812 secs]
294.641: Total time for which application threads were stopped: 0.0028696 seconds, Stopping threads took: 0.0000185 seconds
294.711: [GC (Allocation Failure)  678126K->360881K(1034752K), 0.0044414 secs]
294.715: Total time for which application threads were stopped: 0.0046239 seconds, Stopping threads took: 0.0000168 seconds
294.785: [GC (Allocation Failure)  682929K->364945K(1035776K), 0.0045839 secs]
294.789: Total time for which application threads were stopped: 0.0047505 seconds, Stopping threads took: 0.0000194 seconds
294.855: [GC (Allocation Failure)  688266K->361038K(1035776K), 0.0031596 secs]
294.859: Total time for which application threads were stopped: 0.0033486 seconds, Stopping threads took: 0.0000191 seconds
294.929: [GC (Allocation Failure)  684622K->365097K(1036800K), 0.0045247 secs]
294.933: Total time for which application threads were stopped: 0.0046873 seconds, Stopping threads took: 0.0000195 seconds
295.001: [GC (Allocation Failure)  690217K->369065K(1036288K), 0.0045080 secs]
295.006: Total time for which application threads were stopped: 0.0047020 seconds, Stopping threads took: 0.0000199 seconds
295.077: [GC (Allocation Failure)  694185K->369065K(1035264K), 0.0041395 secs]
295.081: Total time for which application threads were stopped: 0.0043032 seconds, Stopping threads took: 0.0000254 seconds
295.148: [GC (Allocation Failure)  692649K->369129K(1035776K), 0.0042464 secs]
295.152: Total time for which application threads were stopped: 0.0044041 seconds, Stopping threads took: 0.0000197 seconds
295.222: [GC (Allocation Failure)  692713K->377131K(1034752K), 0.0042408 secs]
295.226: Total time for which application threads were stopped: 0.0044113 seconds, Stopping threads took: 0.0000195 seconds
295.296: [GC (Allocation Failure)  699691K->377099K(1035264K), 0.0043243 secs]
295.300: Total time for which application threads were stopped: 0.0045004 seconds, Stopping threads took: 0.0000213 seconds
295.369: [GC (Allocation Failure)  699659K->377131K(1034240K), 0.0042402 secs]
295.373: Total time for which application threads were stopped: 0.0044088 seconds, Stopping threads took: 0.0000197 seconds
295.440: [GC (Allocation Failure)  698667K->385165K(1034752K), 0.0044865 secs]
295.444: Total time for which application threads were stopped: 0.0046656 seconds, Stopping threads took: 0.0000192 seconds
295.512: [GC (Allocation Failure)  706701K->385133K(1033728K), 0.0045443 secs]
295.517: Total time for which application threads were stopped: 0.0047088 seconds, Stopping threads took: 0.0000196 seconds
295.584: [GC (Allocation Failure)  705645K->385389K(1034240K), 0.0044817 secs]
295.589: Total time for which application threads were stopped: 0.0046584 seconds, Stopping threads took: 0.0000263 seconds
295.656: [GC (Allocation Failure)  705901K->393199K(1034240K), 0.0046836 secs]
295.661: Total time for which application threads were stopped: 0.0048544 seconds, Stopping threads took: 0.0000199 seconds
295.729: [GC (Allocation Failure)  713711K->393167K(1034240K), 0.0043681 secs]
295.733: Total time for which application threads were stopped: 0.0045282 seconds, Stopping threads took: 0.0000200 seconds
295.800: [GC (Allocation Failure)  713679K->393607K(1034240K), 0.0045050 secs]
295.805: Total time for which application threads were stopped: 0.0046751 seconds, Stopping threads took: 0.0000201 seconds
295.873: [GC (Allocation Failure)  714119K->401194K(1028096K), 0.0044901 secs]
295.878: Total time for which application threads were stopped: 0.0046652 seconds, Stopping threads took: 0.0000196 seconds
295.944: [GC (Allocation Failure)  721706K->401194K(1033728K), 0.0044034 secs]
295.949: Total time for which application threads were stopped: 0.0045671 seconds, Stopping threads took: 0.0000200 seconds
296.016: [GC (Allocation Failure)  720682K->401290K(1033728K), 0.0067671 secs]
296.023: Total time for which application threads were stopped: 0.0069472 seconds, Stopping threads took: 0.0000191 seconds
296.092: [GC (Allocation Failure)  720778K->409196K(1033728K), 0.0061577 secs]
296.098: Total time for which application threads were stopped: 0.0063302 seconds, Stopping threads took: 0.0000254 seconds
296.167: [GC (Allocation Failure)  728684K->409228K(1033728K), 0.0042198 secs]
296.171: Total time for which application threads were stopped: 0.0043917 seconds, Stopping threads took: 0.0000226 seconds
296.238: [GC (Allocation Failure)  728716K->409292K(1033728K), 0.0043590 secs]
296.242: Total time for which application threads were stopped: 0.0045298 seconds, Stopping threads took: 0.0000198 seconds
296.309: [GC (Allocation Failure)  728780K->417262K(1027072K), 0.0045889 secs]
296.314: Total time for which application threads were stopped: 0.0047551 seconds, Stopping threads took: 0.0000196 seconds
296.380: [GC (Allocation Failure)  736750K->417230K(1033216K), 0.0052212 secs]
296.385: Total time for which application threads were stopped: 0.0053877 seconds, Stopping threads took: 0.0000196 seconds
296.452: [GC (Allocation Failure)  735694K->417518K(1033216K), 0.0046378 secs]
296.457: Total time for which application threads were stopped: 0.0047986 seconds, Stopping threads took: 0.0000192 seconds
296.524: [GC (Allocation Failure)  735982K->425296K(1033216K), 0.0043594 secs]
296.529: Total time for which application threads were stopped: 0.0045553 seconds, Stopping threads took: 0.0000193 seconds
296.595: [GC (Allocation Failure)  743760K->418926K(1033216K), 0.0019861 secs]
296.597: Total time for which application threads were stopped: 0.0021378 seconds, Stopping threads took: 0.0000280 seconds
296.668: [GC (Allocation Failure)  737390K->425496K(1034240K), 0.0046053 secs]
296.673: Total time for which application threads were stopped: 0.0047653 seconds, Stopping threads took: 0.0000191 seconds
296.740: [GC (Allocation Failure)  745496K->429440K(1033728K), 0.0052804 secs]
296.745: Total time for which application threads were stopped: 0.0054568 seconds, Stopping threads took: 0.0000191 seconds
296.812: [GC (Allocation Failure)  749440K->434526K(1030656K), 0.0066708 secs]
296.818: Total time for which application threads were stopped: 0.0068679 seconds, Stopping threads took: 0.0000195 seconds
296.885: [GC (Allocation Failure)  750942K->429568K(1032192K), 0.0046509 secs]
296.890: Total time for which application threads were stopped: 0.0048095 seconds, Stopping threads took: 0.0000174 seconds
296.955: [GC (Allocation Failure)  745984K->429440K(1032704K), 0.0043831 secs]
296.959: Total time for which application threads were stopped: 0.0045780 seconds, Stopping threads took: 0.0000193 seconds
297.027: [GC (Allocation Failure)  746368K->433064K(1032192K), 0.0052628 secs]
297.032: Total time for which application threads were stopped: 0.0054376 seconds, Stopping threads took: 0.0000199 seconds
297.100: [GC (Allocation Failure)  749992K->437547K(1033216K), 0.0043828 secs]
297.104: Total time for which application threads were stopped: 0.0045637 seconds, Stopping threads took: 0.0000282 seconds
297.170: [GC (Allocation Failure)  756011K->437483K(1033216K), 0.0044799 secs]
297.175: Total time for which application threads were stopped: 0.0046534 seconds, Stopping threads took: 0.0000264 seconds
297.240: [GC (Allocation Failure)  755947K->439747K(1033728K), 0.0068418 secs]
297.247: Total time for which application threads were stopped: 0.0070042 seconds, Stopping threads took: 0.0000191 seconds
297.316: [GC (Allocation Failure)  759235K->445509K(1033728K), 0.0047020 secs]
297.320: Total time for which application threads were stopped: 0.0048974 seconds, Stopping threads took: 0.0000224 seconds
297.388: [GC (Allocation Failure)  764997K->445509K(1033728K), 0.0045345 secs]
297.393: Total time for which application threads were stopped: 0.0047035 seconds, Stopping threads took: 0.0000213 seconds
297.458: [GC (Allocation Failure)  764997K->446925K(1033728K), 0.0046716 secs]
297.463: Total time for which application threads were stopped: 0.0048353 seconds, Stopping threads took: 0.0000198 seconds
297.531: [GC (Allocation Failure)  766413K->453551K(1033728K), 0.0043593 secs]
297.535: Total time for which application threads were stopped: 0.0045273 seconds, Stopping threads took: 0.0000201 seconds
297.604: [GC (Allocation Failure)  773039K->453551K(1033728K), 0.0073534 secs]
297.611: Total time for which application threads were stopped: 0.0075018 seconds, Stopping threads took: 0.0000200 seconds
297.677: [GC (Allocation Failure)  773039K->454151K(1033216K), 0.0044828 secs]
297.682: Total time for which application threads were stopped: 0.0046487 seconds, Stopping threads took: 0.0000195 seconds
297.748: [GC (Allocation Failure)  773639K->461610K(1033728K), 0.0046417 secs]
297.752: Total time for which application threads were stopped: 0.0048110 seconds, Stopping threads took: 0.0000198 seconds
297.820: [GC (Allocation Failure)  781098K->461610K(1034240K), 0.0045430 secs]
297.825: Total time for which application threads were stopped: 0.0047100 seconds, Stopping threads took: 0.0000199 seconds
297.892: [GC (Allocation Failure)  781610K->461866K(1033728K), 0.0046075 secs]
297.896: Total time for which application threads were stopped: 0.0047975 seconds, Stopping threads took: 0.0000204 seconds
297.964: [GC (Allocation Failure)  781866K->469676K(1033728K), 0.0047333 secs]
297.969: Total time for which application threads were stopped: 0.0049046 seconds, Stopping threads took: 0.0000196 seconds
298.035: [GC (Allocation Failure)  789164K->469612K(1033728K), 0.0047132 secs]
298.040: Total time for which application threads were stopped: 0.0049254 seconds, Stopping threads took: 0.0000203 seconds
298.105: [GC (Allocation Failure)  789100K->473708K(1034240K), 0.0054685 secs]
298.110: Total time for which application threads were stopped: 0.0056240 seconds, Stopping threads took: 0.0000191 seconds
298.180: [GC (Allocation Failure)  793708K->477678K(1033728K), 0.0043476 secs]
298.184: Total time for which application threads were stopped: 0.0045392 seconds, Stopping threads took: 0.0000198 seconds
298.253: [GC (Allocation Failure)  797678K->477614K(1034240K), 0.0054002 secs]
298.259: Total time for which application threads were stopped: 0.0055713 seconds, Stopping threads took: 0.0000169 seconds
298.326: [GC (Allocation Failure)  798126K->478854K(1034240K), 0.0048162 secs]
298.331: Total time for which application threads were stopped: 0.0049887 seconds, Stopping threads took: 0.0000199 seconds
298.399: [GC (Allocation Failure)  799366K->485704K(1034240K), 0.0044349 secs]
298.404: Total time for which application threads were stopped: 0.0045993 seconds, Stopping threads took: 0.0000204 seconds
298.471: [GC (Allocation Failure)  806216K->485672K(1034240K), 0.0065971 secs]
298.478: Total time for which application threads were stopped: 0.0067555 seconds, Stopping threads took: 0.0000196 seconds
298.546: [GC (Allocation Failure)  806184K->486088K(1034240K), 0.0046353 secs]
298.551: Total time for which application threads were stopped: 0.0048143 seconds, Stopping threads took: 0.0000260 seconds
298.620: [GC (Allocation Failure)  806600K->493739K(1034240K), 0.0069398 secs]
298.627: Total time for which application threads were stopped: 0.0071440 seconds, Stopping threads took: 0.0000258 seconds
298.696: [GC (Allocation Failure)  814251K->493707K(1034240K), 0.0044784 secs]
298.701: Total time for which application threads were stopped: 0.0046624 seconds, Stopping threads took: 0.0000170 seconds
298.769: [GC (Allocation Failure)  814219K->495371K(1034240K), 0.0048599 secs]
298.774: Total time for which application threads were stopped: 0.0050208 seconds, Stopping threads took: 0.0000197 seconds
298.841: [GC (Allocation Failure)  815883K->501869K(1034240K), 0.0048341 secs]
298.846: Total time for which application threads were stopped: 0.0050134 seconds, Stopping threads took: 0.0000196 seconds
298.915: [GC (Allocation Failure)  822381K->501773K(1034240K), 0.0045507 secs]
298.920: Total time for which application threads were stopped: 0.0047163 seconds, Stopping threads took: 0.0000205 seconds
298.986: [GC (Allocation Failure)  822285K->502021K(1033216K), 0.0047885 secs]
298.991: Total time for which application threads were stopped: 0.0049634 seconds, Stopping threads took: 0.0000202 seconds
299.058: [GC (Allocation Failure)  821509K->509767K(1033728K), 0.0047824 secs]
299.063: Total time for which application threads were stopped: 0.0049438 seconds, Stopping threads took: 0.0000195 seconds
299.129: [GC (Allocation Failure)  829255K->509767K(1033728K), 0.0046011 secs]
299.134: Total time for which application threads were stopped: 0.0047674 seconds, Stopping threads took: 0.0000191 seconds
299.200: [GC (Allocation Failure)  829255K->510759K(1033728K), 0.0047415 secs]
299.205: Total time for which application threads were stopped: 0.0049019 seconds, Stopping threads took: 0.0000199 seconds
299.272: [GC (Allocation Failure)  830247K->517801K(1033728K), 0.0046643 secs]
299.276: Total time for which application threads were stopped: 0.0048351 seconds, Stopping threads took: 0.0000194 seconds
299.344: [GC (Allocation Failure)  837289K->517801K(1033728K), 0.0047589 secs]
299.348: Total time for which application threads were stopped: 0.0049313 seconds, Stopping threads took: 0.0000198 seconds
299.414: [GC (Allocation Failure)  837289K->517953K(1033728K), 0.0048120 secs]
299.419: Total time for which application threads were stopped: 0.0049963 seconds, Stopping threads took: 0.0000270 seconds
299.486: [GC (Allocation Failure)  837441K->525828K(1033728K), 0.0048665 secs]
299.491: Total time for which application threads were stopped: 0.0050315 seconds, Stopping threads took: 0.0000201 seconds
299.559: [GC (Allocation Failure)  845316K->525828K(1033728K), 0.0043936 secs]
299.563: Total time for which application threads were stopped: 0.0045593 seconds, Stopping threads took: 0.0000276 seconds
299.632: [GC (Allocation Failure)  845316K->527236K(1033728K), 0.0049886 secs]
299.637: Total time for which application threads were stopped: 0.0051570 seconds, Stopping threads took: 0.0000193 seconds
299.704: [GC (Allocation Failure)  846724K->533862K(1033728K), 0.0046430 secs]
299.709: Total time for which application threads were stopped: 0.0048195 seconds, Stopping threads took: 0.0000199 seconds
299.776: [GC (Allocation Failure)  853350K->533862K(1033728K), 0.0046805 secs]
299.781: Total time for which application threads were stopped: 0.0048460 seconds, Stopping threads took: 0.0000201 seconds
299.847: [GC (Allocation Failure)  853350K->534438K(1033728K), 0.0048874 secs]
299.852: Total time for which application threads were stopped: 0.0050601 seconds, Stopping threads took: 0.0000206 seconds
299.921: [GC (Allocation Failure)  853926K->541928K(1033728K), 0.0048039 secs]
299.925: Total time for which application threads were stopped: 0.0049994 seconds, Stopping threads took: 0.0000198 seconds
299.993: [GC (Allocation Failure)  861416K->541896K(1033728K), 0.0047682 secs]
299.998: Total time for which application threads were stopped: 0.0049469 seconds, Stopping threads took: 0.0000220 seconds
300.064: [GC (Allocation Failure)  861384K->542152K(1033728K), 0.0047666 secs]
300.069: Total time for which application threads were stopped: 0.0049324 seconds, Stopping threads took: 0.0000259 seconds
300.135: [GC (Allocation Failure)  861640K->549994K(1033728K), 0.0046959 secs]
300.140: Total time for which application threads were stopped: 0.0048585 seconds, Stopping threads took: 0.0000197 seconds
300.207: [GC (Allocation Failure)  869482K->549930K(1033728K), 0.0065214 secs]
300.214: Total time for which application threads were stopped: 0.0066926 seconds, Stopping threads took: 0.0000186 seconds
300.280: [GC (Allocation Failure)  869418K->550922K(1033728K), 0.0048834 secs]
300.285: Total time for which application threads were stopped: 0.0050794 seconds, Stopping threads took: 0.0000199 seconds
300.354: [GC (Allocation Failure)  870410K->558029K(1033728K), 0.0048155 secs]
300.359: Total time for which application threads were stopped: 0.0049742 seconds, Stopping threads took: 0.0000167 seconds
300.426: [GC (Allocation Failure)  877517K->557965K(1033728K), 0.0047702 secs]
300.431: Total time for which application threads were stopped: 0.0049403 seconds, Stopping threads took: 0.0000201 seconds
300.499: [GC (Allocation Failure)  877453K->558125K(1019392K), 0.0047911 secs]
300.504: Total time for which application threads were stopped: 0.0049556 seconds, Stopping threads took: 0.0000199 seconds
300.571: [GC (Allocation Failure)  877613K->565999K(1033216K), 0.0045846 secs]
300.576: Total time for which application threads were stopped: 0.0047587 seconds, Stopping threads took: 0.0000258 seconds
300.645: [GC (Allocation Failure)  884463K->566031K(1033216K), 0.0045861 secs]
300.650: Total time for which application threads were stopped: 0.0047635 seconds, Stopping threads took: 0.0000192 seconds
300.715: [GC (Allocation Failure)  884495K->566343K(1033216K), 0.0048266 secs]
300.720: Total time for which application threads were stopped: 0.0050226 seconds, Stopping threads took: 0.0000186 seconds
300.788: [GC (Allocation Failure)  884807K->574025K(1033216K), 0.0049664 secs]
300.793: Total time for which application threads were stopped: 0.0051227 seconds, Stopping threads took: 0.0000187 seconds
300.858: [GC (Allocation Failure)  892489K->574057K(1033216K), 0.0047795 secs]
300.863: Total time for which application threads were stopped: 0.0049465 seconds, Stopping threads took: 0.0000188 seconds
300.929: [GC (Allocation Failure)  892521K->574569K(1033216K), 0.0048566 secs]
300.934: Total time for which application threads were stopped: 0.0050380 seconds, Stopping threads took: 0.0000200 seconds
301.001: [GC (Allocation Failure)  893033K->582092K(1033216K), 0.0047412 secs]
301.006: Total time for which application threads were stopped: 0.0049012 seconds, Stopping threads took: 0.0000188 seconds
301.073: [GC (Allocation Failure)  900556K->582060K(1033216K), 0.0047275 secs]
301.078: Total time for which application threads were stopped: 0.0049257 seconds, Stopping threads took: 0.0000259 seconds
301.145: [GC (Allocation Failure)  900524K->582828K(1033216K), 0.0046648 secs]
301.150: Total time for which application threads were stopped: 0.0048354 seconds, Stopping threads took: 0.0000254 seconds
301.217: [GC (Allocation Failure)  901292K->590126K(1033216K), 0.0049118 secs]
301.222: Total time for which application threads were stopped: 0.0050708 seconds, Stopping threads took: 0.0000165 seconds
301.288: [GC (Allocation Failure)  908590K->590094K(1033216K), 0.0047766 secs]
301.293: Total time for which application threads were stopped: 0.0049846 seconds, Stopping threads took: 0.0000512 seconds
301.359: [GC (Allocation Failure)  908558K->590150K(1033216K), 0.0048631 secs]
301.364: Total time for which application threads were stopped: 0.0050332 seconds, Stopping threads took: 0.0000202 seconds
301.429: [GC (Allocation Failure)  908614K->598120K(1033216K), 0.0050075 secs]
301.434: Total time for which application threads were stopped: 0.0051773 seconds, Stopping threads took: 0.0000198 seconds
301.500: [GC (Allocation Failure)  916584K->598120K(1033216K), 0.0048520 secs]
301.505: Total time for which application threads were stopped: 0.0050112 seconds, Stopping threads took: 0.0000195 seconds
301.571: [GC (Allocation Failure)  916584K->598280K(1033216K), 0.0046566 secs]
301.576: Total time for which application threads were stopped: 0.0048279 seconds, Stopping threads took: 0.0000273 seconds
301.644: [GC (Allocation Failure)  916744K->606154K(1033216K), 0.0050114 secs]
301.650: Total time for which application threads were stopped: 0.0052045 seconds, Stopping threads took: 0.0000195 seconds
301.715: [GC (Allocation Failure)  924618K->606154K(1033216K), 0.0047544 secs]
301.720: Total time for which application threads were stopped: 0.0049309 seconds, Stopping threads took: 0.0000192 seconds
301.785: [GC (Allocation Failure)  924618K->606506K(1033216K), 0.0047399 secs]
301.790: Total time for which application threads were stopped: 0.0049417 seconds, Stopping threads took: 0.0000281 seconds
301.859: [GC (Allocation Failure)  924970K->614221K(1033216K), 0.0048564 secs]
301.864: Total time for which application threads were stopped: 0.0050127 seconds, Stopping threads took: 0.0000189 seconds
301.933: [GC (Allocation Failure)  932685K->614189K(1033216K), 0.0048442 secs]
301.938: Total time for which application threads were stopped: 0.0050056 seconds, Stopping threads took: 0.0000198 seconds
302.002: [GC (Allocation Failure)  932653K->614733K(1033216K), 0.0049858 secs]
302.008: Total time for which application threads were stopped: 0.0051498 seconds, Stopping threads took: 0.0000199 seconds
302.073: [GC (Allocation Failure)  933197K->622255K(1033216K), 0.0048024 secs]
302.078: Total time for which application threads were stopped: 0.0049858 seconds, Stopping threads took: 0.0000189 seconds
302.145: [GC (Allocation Failure)  940719K->622255K(1033216K), 0.0049019 secs]
302.150: Total time for which application threads were stopped: 0.0050684 seconds, Stopping threads took: 0.0000191 seconds
302.216: [GC (Allocation Failure)  940719K->622471K(1033216K), 0.0050019 secs]
302.221: Total time for which application threads were stopped: 0.0051785 seconds, Stopping threads took: 0.0000271 seconds
302.286: [GC (Allocation Failure)  940935K->630281K(1033216K), 0.0047407 secs]
302.291: Total time for which application threads were stopped: 0.0048986 seconds, Stopping threads took: 0.0000190 seconds
302.358: [GC (Allocation Failure)  948745K->626343K(1033216K), 0.0039859 secs]
302.362: Total time for which application threads were stopped: 0.0041432 seconds, Stopping threads took: 0.0000193 seconds
302.429: [GC (Allocation Failure)  944807K->630409K(1034752K), 0.0051355 secs]
302.434: Total time for which application threads were stopped: 0.0052961 seconds, Stopping threads took: 0.0000188 seconds
302.503: [GC (Allocation Failure)  950921K->634377K(1033728K), 0.0048101 secs]
302.508: Total time for which application threads were stopped: 0.0051194 seconds, Stopping threads took: 0.0001475 seconds
302.577: [GC (Allocation Failure)  954889K->626535K(1034240K), 0.0018421 secs]
302.579: Total time for which application threads were stopped: 0.0019795 seconds, Stopping threads took: 0.0000188 seconds
302.650: [GC (Allocation Failure)  947047K->634441K(1034240K), 0.0050259 secs]
302.655: Total time for which application threads were stopped: 0.0052201 seconds, Stopping threads took: 0.0000198 seconds
302.723: [GC (Allocation Failure)  954953K->638553K(1033216K), 0.0062022 secs]
302.730: Total time for which application threads were stopped: 0.0063939 seconds, Stopping threads took: 0.0000191 seconds
302.797: [GC (Allocation Failure)  958041K->644279K(1032704K), 0.0074444 secs]
302.805: Total time for which application threads were stopped: 0.0076056 seconds, Stopping threads took: 0.0000191 seconds
302.872: [GC (Allocation Failure)  963767K->638745K(1031680K), 0.0051134 secs]
302.877: Total time for which application threads were stopped: 0.0052946 seconds, Stopping threads took: 0.0000202 seconds
302.945: [GC (Allocation Failure)  955161K->638521K(1032192K), 0.0050427 secs]
302.950: Total time for which application threads were stopped: 0.0052074 seconds, Stopping threads took: 0.0000202 seconds
303.016: [GC (Allocation Failure)  954937K->633207K(1032704K), 0.0029052 secs]
303.019: Total time for which application threads were stopped: 0.0030915 seconds, Stopping threads took: 0.0000365 seconds
303.087: [GC (Allocation Failure)  950647K->638713K(1032704K), 0.0050773 secs]
303.092: Total time for which application threads were stopped: 0.0052507 seconds, Stopping threads took: 0.0000196 seconds
303.160: [GC (Allocation Failure)  956153K->638521K(1033216K), 0.0065638 secs]
303.166: Total time for which application threads were stopped: 0.0067317 seconds, Stopping threads took: 0.0000260 seconds
303.233: [GC (Allocation Failure)  956985K->639353K(1033216K), 0.0050413 secs]
303.239: Total time for which application threads were stopped: 0.0052345 seconds, Stopping threads took: 0.0000195 seconds
303.306: [GC (Allocation Failure)  957817K->646683K(1033216K), 0.0049983 secs]
303.311: Total time for which application threads were stopped: 0.0051744 seconds, Stopping threads took: 0.0000214 seconds
303.378: [GC (Allocation Failure)  965147K->646523K(1033216K), 0.0047159 secs]
303.383: Total time for which application threads were stopped: 0.0048933 seconds, Stopping threads took: 0.0000209 seconds
303.449: [GC (Allocation Failure)  964987K->647611K(1032704K), 0.0050466 secs]
303.454: Total time for which application threads were stopped: 0.0052271 seconds, Stopping threads took: 0.0000192 seconds
303.522: [GC (Allocation Failure)  966075K->654686K(1033216K), 0.0049436 secs]
303.527: Total time for which application threads were stopped: 0.0051355 seconds, Stopping threads took: 0.0000195 seconds
303.596: [GC (Allocation Failure)  973150K->654622K(1033728K), 0.0049712 secs]
303.601: Total time for which application threads were stopped: 0.0051477 seconds, Stopping threads took: 0.0000263 seconds
303.667: [GC (Allocation Failure)  974110K->656902K(1033728K), 0.0052955 secs]
303.673: Total time for which application threads were stopped: 0.0054539 seconds, Stopping threads took: 0.0000172 seconds
303.740: [GC (Allocation Failure)  976390K->662664K(1033728K), 0.0047056 secs]
303.745: Total time for which application threads were stopped: 0.0048745 seconds, Stopping threads took: 0.0000197 seconds
303.811: [GC (Allocation Failure)  982152K->662664K(1033728K), 0.0049861 secs]
303.816: Total time for which application threads were stopped: 0.0051574 seconds, Stopping threads took: 0.0000199 seconds
303.880: [GC (Allocation Failure)  982152K->664104K(1033728K), 0.0051202 secs]
303.885: Total time for which application threads were stopped: 0.0053219 seconds, Stopping threads took: 0.0000197 seconds
303.953: [GC (Allocation Failure)  983592K->670666K(1033728K), 0.0050321 secs]
303.958: Total time for which application threads were stopped: 0.0052043 seconds, Stopping threads took: 0.0000208 seconds
304.025: [GC (Allocation Failure)  990154K->670698K(1034240K), 0.0051200 secs]
304.031: Total time for which application threads were stopped: 0.0052951 seconds, Stopping threads took: 0.0000201 seconds
304.097: [GC (Allocation Failure)  991210K->672322K(1034240K), 0.0050899 secs]
304.103: Total time for which application threads were stopped: 0.0052515 seconds, Stopping threads took: 0.0000262 seconds
304.170: [GC (Allocation Failure)  992834K->678724K(1034240K), 0.0050383 secs]
304.175: Total time for which application threads were stopped: 0.0052353 seconds, Stopping threads took: 0.0000205 seconds
304.244: [GC (Allocation Failure)  999236K->678692K(1034240K), 0.0050873 secs]
304.250: Total time for which application threads were stopped: 0.0052507 seconds, Stopping threads took: 0.0000171 seconds
304.317: [GC (Allocation Failure)  999204K->678764K(1033216K), 0.0050724 secs]
304.322: Total time for which application threads were stopped: 0.0052457 seconds, Stopping threads took: 0.0000204 seconds
304.390: [GC (Allocation Failure)  998252K->686831K(1033728K), 0.0050562 secs]
304.395: Total time for which application threads were stopped: 0.0052281 seconds, Stopping threads took: 0.0000200 seconds
304.462: [GC (Allocation Failure)  1006319K->686735K(1033728K), 0.0049002 secs]
304.467: Total time for which application threads were stopped: 0.0050725 seconds, Stopping threads took: 0.0000191 seconds
304.534: [GC (Allocation Failure)  1006223K->687783K(1033728K), 0.0053302 secs]
304.539: [Full GC (Ergonomics)  687783K->9509K(1033728K), 0.0138719 secs]
304.553: Total time for which application threads were stopped: 0.0194660 seconds, Stopping threads took: 0.0000202 seconds
304.621: [GC (Allocation Failure)  328997K->18695K(1032704K), 0.0045347 secs]
304.626: Total time for which application threads were stopped: 0.0046923 seconds, Stopping threads took: 0.0000251 seconds
304.693: [GC (Allocation Failure)  337159K->18679K(1033216K), 0.0036227 secs]
304.697: Total time for which application threads were stopped: 0.0037863 seconds, Stopping threads took: 0.0000202 seconds
304.761: [GC (Allocation Failure)  337143K->18871K(1032704K), 0.0036498 secs]
304.765: Total time for which application threads were stopped: 0.0038194 seconds, Stopping threads took: 0.0000222 seconds
304.830: [GC (Allocation Failure)  337335K->26745K(1033216K), 0.0038452 secs]
304.834: Total time for which application threads were stopped: 0.0040376 seconds, Stopping threads took: 0.0000190 seconds
304.902: [GC (Allocation Failure)  345209K->26681K(1033728K), 0.0037714 secs]
304.905: Total time for which application threads were stopped: 0.0039386 seconds, Stopping threads took: 0.0000169 seconds
304.971: [GC (Allocation Failure)  345657K->27609K(1033216K), 0.0040879 secs]
304.975: Total time for which application threads were stopped: 0.0042719 seconds, Stopping threads took: 0.0000209 seconds
305.044: [GC (Allocation Failure)  346585K->34779K(1032704K), 0.0037244 secs]
305.048: Total time for which application threads were stopped: 0.0038932 seconds, Stopping threads took: 0.0000197 seconds
305.114: [GC (Allocation Failure)  353243K->34747K(1033216K), 0.0036105 secs]
305.118: Total time for which application threads were stopped: 0.0037902 seconds, Stopping threads took: 0.0000198 seconds
305.182: [GC (Allocation Failure)  353211K->36355K(1033728K), 0.0040507 secs]
305.187: Total time for which application threads were stopped: 0.0042303 seconds, Stopping threads took: 0.0000204 seconds
305.254: [GC (Allocation Failure)  355843K->42854K(1033728K), 0.0037744 secs]
305.258: Total time for which application threads were stopped: 0.0039747 seconds, Stopping threads took: 0.0000217 seconds
305.327: [GC (Allocation Failure)  362342K->42726K(1033728K), 0.0038665 secs]
305.331: Total time for which application threads were stopped: 0.0040437 seconds, Stopping threads took: 0.0000198 seconds
305.397: [GC (Allocation Failure)  362214K->43590K(1033728K), 0.0039394 secs]
305.401: Total time for which application threads were stopped: 0.0041461 seconds, Stopping threads took: 0.0000278 seconds
305.469: [GC (Allocation Failure)  363078K->50792K(1033728K), 0.0038394 secs]
305.473: Total time for which application threads were stopped: 0.0039962 seconds, Stopping threads took: 0.0000174 seconds
305.540: [GC (Allocation Failure)  370280K->50792K(1033728K), 0.0037113 secs]
305.544: Total time for which application threads were stopped: 0.0039023 seconds, Stopping threads took: 0.0000196 seconds
305.611: [GC (Allocation Failure)  370280K->51784K(1033728K), 0.0038401 secs]
305.615: Total time for which application threads were stopped: 0.0040268 seconds, Stopping threads took: 0.0000147 seconds
305.682: [GC (Allocation Failure)  371272K->58826K(1033728K), 0.0038116 secs]
305.686: Total time for which application threads were stopped: 0.0040122 seconds, Stopping threads took: 0.0000194 seconds
305.753: [GC (Allocation Failure)  378314K->58826K(1033728K), 0.0038337 secs]
305.757: Total time for which application threads were stopped: 0.0040106 seconds, Stopping threads took: 0.0000187 seconds
305.822: [GC (Allocation Failure)  378314K->59018K(1033728K), 0.0061594 secs]
305.828: Total time for which application threads were stopped: 0.0063355 seconds, Stopping threads took: 0.0000200 seconds
305.896: [GC (Allocation Failure)  378506K->66893K(1033728K), 0.0038380 secs]
305.900: Total time for which application threads were stopped: 0.0040193 seconds, Stopping threads took: 0.0000226 seconds
305.968: [GC (Allocation Failure)  386381K->66861K(1033728K), 0.0039158 secs]
305.972: Total time for which application threads were stopped: 0.0040972 seconds, Stopping threads took: 0.0000287 seconds
306.037: [GC (Allocation Failure)  386349K->67277K(1033728K), 0.0037400 secs]
306.041: Total time for which application threads were stopped: 0.0039375 seconds, Stopping threads took: 0.0000196 seconds
306.110: [GC (Allocation Failure)  386765K->74895K(1027072K), 0.0037934 secs]
306.114: Total time for which application threads were stopped: 0.0039543 seconds, Stopping threads took: 0.0000247 seconds
306.183: [GC (Allocation Failure)  394383K->74927K(1033728K), 0.0038633 secs]
306.187: Total time for which application threads were stopped: 0.0040335 seconds, Stopping threads took: 0.0000191 seconds
306.253: [GC (Allocation Failure)  393903K->74983K(1033216K), 0.0037295 secs]
306.257: Total time for which application threads were stopped: 0.0039175 seconds, Stopping threads took: 0.0000272 seconds
306.323: [GC (Allocation Failure)  393959K->82985K(1033216K), 0.0036677 secs]
306.327: Total time for which application threads were stopped: 0.0038362 seconds, Stopping threads took: 0.0000186 seconds
306.392: [GC (Allocation Failure)  401449K->82921K(1033216K), 0.0038631 secs]
306.396: Total time for which application threads were stopped: 0.0040556 seconds, Stopping threads took: 0.0000193 seconds
306.462: [GC (Allocation Failure)  401385K->83753K(1033216K), 0.0038844 secs]
306.466: Total time for which application threads were stopped: 0.0040499 seconds, Stopping threads took: 0.0000247 seconds
306.533: [GC (Allocation Failure)  402217K->90987K(1033216K), 0.0039954 secs]
306.537: Total time for which application threads were stopped: 0.0041640 seconds, Stopping threads took: 0.0000198 seconds
306.603: [GC (Allocation Failure)  409451K->90955K(1033216K), 0.0080943 secs]
306.611: Total time for which application threads were stopped: 0.0082944 seconds, Stopping threads took: 0.0000276 seconds
306.679: [GC (Allocation Failure)  409419K->91051K(1033216K), 0.0037697 secs]
306.683: Total time for which application threads were stopped: 0.0039365 seconds, Stopping threads took: 0.0000193 seconds
306.751: [GC (Allocation Failure)  409515K->99022K(1033216K), 0.0039256 secs]
306.755: Total time for which application threads were stopped: 0.0040844 seconds, Stopping threads took: 0.0000167 seconds
306.821: [GC (Allocation Failure)  417486K->98958K(1033216K), 0.0040856 secs]
306.825: Total time for which application threads were stopped: 0.0042628 seconds, Stopping threads took: 0.0000250 seconds
306.890: [GC (Allocation Failure)  417422K->99142K(1033216K), 0.0039015 secs]
306.894: Total time for which application threads were stopped: 0.0040642 seconds, Stopping threads took: 0.0000189 seconds
306.962: [GC (Allocation Failure)  417606K->107048K(1033216K), 0.0039456 secs]
306.966: Total time for which application threads were stopped: 0.0041096 seconds, Stopping threads took: 0.0000198 seconds
307.032: [GC (Allocation Failure)  425512K->107016K(1033216K), 0.0036958 secs]
307.036: Total time for which application threads were stopped: 0.0038919 seconds, Stopping threads took: 0.0000289 seconds
307.101: [GC (Allocation Failure)  425480K->107360K(1033216K), 0.0049046 secs]
307.106: Total time for which application threads were stopped: 0.0050766 seconds, Stopping threads took: 0.0000256 seconds
307.173: [GC (Allocation Failure)  425824K->115042K(1033216K), 0.0040331 secs]
307.177: Total time for which application threads were stopped: 0.0041975 seconds, Stopping threads took: 0.0000192 seconds
307.245: [GC (Allocation Failure)  433506K->115074K(1033216K), 0.0037078 secs]
307.249: Total time for which application threads were stopped: 0.0038770 seconds, Stopping threads took: 0.0000199 seconds
307.314: [GC (Allocation Failure)  433538K->115114K(1033216K), 0.0040495 secs]
307.318: Total time for which application threads were stopped: 0.0042218 seconds, Stopping threads took: 0.0000196 seconds
307.385: [GC (Allocation Failure)  433578K->123116K(1033216K), 0.0039632 secs]
307.389: Total time for which application threads were stopped: 0.0041341 seconds, Stopping threads took: 0.0000197 seconds
307.457: [GC (Allocation Failure)  441580K->123084K(1033216K), 0.0038701 secs]
307.461: Total time for which application threads were stopped: 0.0040459 seconds, Stopping threads took: 0.0000214 seconds
307.527: [GC (Allocation Failure)  441548K->123332K(1033216K), 0.0041711 secs]
307.532: Total time for which application threads were stopped: 0.0043765 seconds, Stopping threads took: 0.0000212 seconds
307.599: [GC (Allocation Failure)  441796K->131143K(1033216K), 0.0041302 secs]
307.603: Total time for which application threads were stopped: 0.0042981 seconds, Stopping threads took: 0.0000267 seconds
307.671: [GC (Allocation Failure)  449606K->127236K(1033216K), 0.0027938 secs]
307.673: Total time for which application threads were stopped: 0.0029574 seconds, Stopping threads took: 0.0000192 seconds
307.741: [GC (Allocation Failure)  445700K->131279K(1034752K), 0.0040622 secs]
307.745: Total time for which application threads were stopped: 0.0042360 seconds, Stopping threads took: 0.0000195 seconds
307.813: [GC (Allocation Failure)  451791K->135279K(1033728K), 0.0039413 secs]
307.817: Total time for which application threads were stopped: 0.0041169 seconds, Stopping threads took: 0.0000208 seconds
307.884: [GC (Allocation Failure)  455791K->127436K(1034240K), 0.0008443 secs]
307.885: Total time for which application threads were stopped: 0.0009607 seconds, Stopping threads took: 0.0000194 seconds
307.954: [GC (Allocation Failure)  447948K->135343K(1034240K), 0.0040098 secs]
307.959: Total time for which application threads were stopped: 0.0041669 seconds, Stopping threads took: 0.0000173 seconds
308.026: [GC (Allocation Failure)  455855K->139423K(1033216K), 0.0052934 secs]
308.032: Total time for which application threads were stopped: 0.0054863 seconds, Stopping threads took: 0.0000194 seconds
308.099: [GC (Allocation Failure)  458911K->145116K(1032704K), 0.0064437 secs]
308.106: Total time for which application threads were stopped: 0.0066467 seconds, Stopping threads took: 0.0000269 seconds
308.173: [GC (Allocation Failure)  464604K->139647K(1031680K), 0.0041268 secs]
308.177: Total time for which application threads were stopped: 0.0043204 seconds, Stopping threads took: 0.0000195 seconds
308.243: [GC (Allocation Failure)  456063K->139391K(1032192K), 0.0039623 secs]
308.247: Total time for which application threads were stopped: 0.0041370 seconds, Stopping threads took: 0.0000205 seconds
308.311: [GC (Allocation Failure)  455807K->134012K(1032704K), 0.0018062 secs]
308.313: Total time for which application threads were stopped: 0.0019564 seconds, Stopping threads took: 0.0000201 seconds
308.380: [GC (Allocation Failure)  451452K->139583K(1032704K), 0.0064082 secs]
308.386: Total time for which application threads were stopped: 0.0065944 seconds, Stopping threads took: 0.0000192 seconds
308.454: [GC (Allocation Failure)  457023K->139423K(1033216K), 0.0038358 secs]
308.458: Total time for which application threads were stopped: 0.0040214 seconds, Stopping threads took: 0.0000215 seconds
308.524: [GC (Allocation Failure)  457375K->139751K(1032704K), 0.0038999 secs]
308.528: Total time for which application threads were stopped: 0.0040773 seconds, Stopping threads took: 0.0000199 seconds
308.597: [GC (Allocation Failure)  457703K->147529K(1033216K), 0.0039304 secs]
308.601: Total time for which application threads were stopped: 0.0040995 seconds, Stopping threads took: 0.0000277 seconds
308.671: [GC (Allocation Failure)  465993K->147433K(1033216K), 0.0039622 secs]
308.676: Total time for which application threads were stopped: 0.0041395 seconds, Stopping threads took: 0.0000199 seconds
308.742: [GC (Allocation Failure)  465897K->151561K(1033728K), 0.0050472 secs]
308.747: Total time for which application threads were stopped: 0.0052256 seconds, Stopping threads took: 0.0000192 seconds
308.815: [GC (Allocation Failure)  470537K->155563K(1033216K), 0.0039217 secs]
308.819: Total time for which application threads were stopped: 0.0042137 seconds, Stopping threads took: 0.0000196 seconds
308.886: [GC (Allocation Failure)  474539K->155467K(1034240K), 0.0043301 secs]
308.890: Total time for which application threads were stopped: 0.0045130 seconds, Stopping threads took: 0.0000192 seconds
308.959: [GC (Allocation Failure)  475467K->158275K(1033728K), 0.0046562 secs]
308.963: Total time for which application threads were stopped: 0.0048166 seconds, Stopping threads took: 0.0000200 seconds
309.030: [GC (Allocation Failure)  478275K->163525K(1034240K), 0.0042835 secs]
309.034: Total time for which application threads were stopped: 0.0044807 seconds, Stopping threads took: 0.0000206 seconds
309.104: [GC (Allocation Failure)  484037K->163493K(1034240K), 0.0039019 secs]
309.108: Total time for which application threads were stopped: 0.0040814 seconds, Stopping threads took: 0.0000251 seconds
309.177: [GC (Allocation Failure)  484005K->163941K(1034240K), 0.0039511 secs]
309.181: Total time for which application threads were stopped: 0.0041353 seconds, Stopping threads took: 0.0000167 seconds
309.251: [GC (Allocation Failure)  484453K->171560K(1034240K), 0.0037382 secs]
309.255: Total time for which application threads were stopped: 0.0039191 seconds, Stopping threads took: 0.0000166 seconds
309.324: [GC (Allocation Failure)  492072K->171560K(1034240K), 0.0040553 secs]
309.328: Total time for which application threads were stopped: 0.0042508 seconds, Stopping threads took: 0.0000199 seconds
309.396: [GC (Allocation Failure)  492072K->174216K(1034240K), 0.0042650 secs]
309.401: Total time for which application threads were stopped: 0.0044149 seconds, Stopping threads took: 0.0000175 seconds
309.468: [GC (Allocation Failure)  494728K->179626K(1034240K), 0.0040934 secs]
309.473: Total time for which application threads were stopped: 0.0042656 seconds, Stopping threads took: 0.0000204 seconds
309.540: [GC (Allocation Failure)  500138K->179562K(1034240K), 0.0041137 secs]
309.544: Total time for which application threads were stopped: 0.0042931 seconds, Stopping threads took: 0.0000205 seconds
309.612: [GC (Allocation Failure)  500074K->180354K(1033728K), 0.0054061 secs]
309.617: Total time for which application threads were stopped: 0.0055821 seconds, Stopping threads took: 0.0000190 seconds
309.686: [GC (Allocation Failure)  500866K->187684K(1034240K), 0.0041354 secs]
309.691: Total time for which application threads were stopped: 0.0043026 seconds, Stopping threads took: 0.0000198 seconds
309.759: [GC (Allocation Failure)  508196K->187588K(1034240K), 0.0038839 secs]
309.763: Total time for which application threads were stopped: 0.0040545 seconds, Stopping threads took: 0.0000198 seconds
309.830: [GC (Allocation Failure)  508100K->190692K(1034240K), 0.0047487 secs]
309.835: Total time for which application threads were stopped: 0.0049238 seconds, Stopping threads took: 0.0000198 seconds
309.903: [GC (Allocation Failure)  511204K->195686K(1034752K), 0.0042206 secs]
309.907: Total time for which application threads were stopped: 0.0043918 seconds, Stopping threads took: 0.0000206 seconds
309.976: [GC (Allocation Failure)  517222K->195654K(1034752K), 0.0040714 secs]
309.980: Total time for which application threads were stopped: 0.0042442 seconds, Stopping threads took: 0.0000199 seconds
310.045: [GC (Allocation Failure)  517190K->198950K(1034752K), 0.0046633 secs]
310.050: Total time for which application threads were stopped: 0.0048362 seconds, Stopping threads took: 0.0000200 seconds
310.120: [GC (Allocation Failure)  520486K->203689K(1034752K), 0.0038199 secs]
310.124: Total time for which application threads were stopped: 0.0039877 seconds, Stopping threads took: 0.0000178 seconds
310.192: [GC (Allocation Failure)  525225K->203657K(1034752K), 0.0041252 secs]
310.196: Total time for which application threads were stopped: 0.0042874 seconds, Stopping threads took: 0.0000191 seconds
310.263: [GC (Allocation Failure)  525193K->204073K(1034752K), 0.0041642 secs]
310.267: Total time for which application threads were stopped: 0.0043360 seconds, Stopping threads took: 0.0000191 seconds
310.336: [GC (Allocation Failure)  525609K->211691K(1034752K), 0.0040902 secs]
310.341: Total time for which application threads were stopped: 0.0042504 seconds, Stopping threads took: 0.0000199 seconds
310.408: [GC (Allocation Failure)  533227K->211691K(1034752K), 0.0040054 secs]
310.412: Total time for which application threads were stopped: 0.0041767 seconds, Stopping threads took: 0.0000217 seconds
310.477: [GC (Allocation Failure)  533227K->213323K(1034752K), 0.0042171 secs]
310.482: Total time for which application threads were stopped: 0.0043870 seconds, Stopping threads took: 0.0000192 seconds
310.550: [GC (Allocation Failure)  534859K->219725K(1029120K), 0.0044194 secs]
310.555: Total time for which application threads were stopped: 0.0045873 seconds, Stopping threads took: 0.0000257 seconds
310.622: [GC (Allocation Failure)  541261K->219757K(1034752K), 0.0047735 secs]
310.627: Total time for which application threads were stopped: 0.0049698 seconds, Stopping threads took: 0.0000180 seconds
310.694: [GC (Allocation Failure)  540781K->222085K(1034240K), 0.0045389 secs]
310.699: Total time for which application threads were stopped: 0.0047437 seconds, Stopping threads took: 0.0000195 seconds
310.768: [GC (Allocation Failure)  543109K->227848K(1034752K), 0.0039638 secs]
310.772: Total time for which application threads were stopped: 0.0041523 seconds, Stopping threads took: 0.0000276 seconds
310.840: [GC (Allocation Failure)  549384K->227752K(1034752K), 0.0040455 secs]
310.844: Total time for which application threads were stopped: 0.0042109 seconds, Stopping threads took: 0.0000189 seconds
310.909: [GC (Allocation Failure)  549288K->230824K(1034752K), 0.0047758 secs]
310.914: Total time for which application threads were stopped: 0.0049657 seconds, Stopping threads took: 0.0000200 seconds
310.979: [GC (Allocation Failure)  552360K->235818K(1034752K), 0.0042495 secs]
310.984: Total time for which application threads were stopped: 0.0044110 seconds, Stopping threads took: 0.0000197 seconds
311.049: [GC (Allocation Failure)  557354K->235786K(1034752K), 0.0043129 secs]
311.054: Total time for which application threads were stopped: 0.0044769 seconds, Stopping threads took: 0.0000190 seconds
311.119: [GC (Allocation Failure)  557322K->235970K(1021440K), 0.0043521 secs]
311.123: Total time for which application threads were stopped: 0.0045095 seconds, Stopping threads took: 0.0000188 seconds
311.193: [GC (Allocation Failure)  557506K->243844K(1034240K), 0.0041526 secs]
311.197: Total time for which application threads were stopped: 0.0043158 seconds, Stopping threads took: 0.0000199 seconds
311.265: [GC (Allocation Failure)  564356K->243812K(1034240K), 0.0042123 secs]
311.270: Total time for which application threads were stopped: 0.0043854 seconds, Stopping threads took: 0.0000201 seconds
311.339: [GC (Allocation Failure)  564324K->247244K(1034752K), 0.0048869 secs]
311.344: Total time for which application threads were stopped: 0.0050813 seconds, Stopping threads took: 0.0000200 seconds
311.413: [GC (Allocation Failure)  568268K->251950K(1034240K), 0.0041124 secs]
311.417: Total time for which application threads were stopped: 0.0042734 seconds, Stopping threads took: 0.0000196 seconds
311.485: [GC (Allocation Failure)  572974K->251886K(1034752K), 0.0042150 secs]
311.489: Total time for which application threads were stopped: 0.0043864 seconds, Stopping threads took: 0.0000189 seconds
311.556: [GC (Allocation Failure)  573422K->255470K(1034752K), 0.0048902 secs]
311.561: Total time for which application threads were stopped: 0.0050541 seconds, Stopping threads took: 0.0000258 seconds
311.630: [GC (Allocation Failure)  577006K->259953K(1034752K), 0.0041768 secs]
311.634: Total time for which application threads were stopped: 0.0043426 seconds, Stopping threads took: 0.0000178 seconds
311.701: [GC (Allocation Failure)  581489K->259889K(1034752K), 0.0043769 secs]
311.705: Total time for which application threads were stopped: 0.0045356 seconds, Stopping threads took: 0.0000189 seconds
311.772: [GC (Allocation Failure)  581425K->260585K(1034752K), 0.0043141 secs]
311.776: Total time for which application threads were stopped: 0.0044790 seconds, Stopping threads took: 0.0000262 seconds
311.844: [GC (Allocation Failure)  582121K->267979K(1034752K), 0.0042860 secs]
311.849: Total time for which application threads were stopped: 0.0044645 seconds, Stopping threads took: 0.0000200 seconds
311.915: [GC (Allocation Failure)  589515K->267915K(1034752K), 0.0041950 secs]
311.920: Total time for which application threads were stopped: 0.0043635 seconds, Stopping threads took: 0.0000193 seconds
311.985: [GC (Allocation Failure)  589451K->269835K(1034752K), 0.0045191 secs]
311.989: Total time for which application threads were stopped: 0.0047209 seconds, Stopping threads took: 0.0000183 seconds
312.056: [GC (Allocation Failure)  591371K->276013K(1034752K), 0.0042255 secs]
312.061: Total time for which application threads were stopped: 0.0043936 seconds, Stopping threads took: 0.0000277 seconds
312.129: [GC (Allocation Failure)  597549K->275981K(1034752K), 0.0040297 secs]
312.133: Total time for which application threads were stopped: 0.0041783 seconds, Stopping threads took: 0.0000188 seconds
312.201: [GC (Allocation Failure)  597517K->279109K(1034752K), 0.0048477 secs]
312.206: Total time for which application threads were stopped: 0.0050027 seconds, Stopping threads took: 0.0000163 seconds
312.275: [GC (Allocation Failure)  600645K->284103K(1034752K), 0.0042431 secs]
312.279: Total time for which application threads were stopped: 0.0044356 seconds, Stopping threads took: 0.0000217 seconds
312.346: [GC (Allocation Failure)  605639K->283975K(1034752K), 0.0042834 secs]
312.351: Total time for which application threads were stopped: 0.0044547 seconds, Stopping threads took: 0.0000194 seconds
312.416: [GC (Allocation Failure)  605511K->284231K(1021440K), 0.0044147 secs]
312.420: Total time for which application threads were stopped: 0.0045921 seconds, Stopping threads took: 0.0000192 seconds
312.487: [GC (Allocation Failure)  605767K->292074K(1034240K), 0.0049945 secs]
312.492: Total time for which application threads were stopped: 0.0051844 seconds, Stopping threads took: 0.0000243 seconds
312.559: [GC (Allocation Failure)  612586K->292010K(1034240K), 0.0042709 secs]
312.564: Total time for which application threads were stopped: 0.0044400 seconds, Stopping threads took: 0.0000272 seconds
312.633: [GC (Allocation Failure)  612522K->295562K(1034752K), 0.0050221 secs]
312.638: Total time for which application threads were stopped: 0.0052040 seconds, Stopping threads took: 0.0000163 seconds
312.706: [GC (Allocation Failure)  616586K->300044K(1034240K), 0.0042336 secs]
312.710: Total time for which application threads were stopped: 0.0044280 seconds, Stopping threads took: 0.0000202 seconds
312.778: [GC (Allocation Failure)  621068K->300044K(1034752K), 0.0040833 secs]
312.783: Total time for which application threads were stopped: 0.0042449 seconds, Stopping threads took: 0.0000167 seconds
312.849: [GC (Allocation Failure)  621580K->303852K(1034752K), 0.0052774 secs]
312.855: Total time for which application threads were stopped: 0.0054505 seconds, Stopping threads took: 0.0000201 seconds
312.923: [GC (Allocation Failure)  625388K->308110K(1035264K), 0.0041464 secs]
312.927: Total time for which application threads were stopped: 0.0043087 seconds, Stopping threads took: 0.0000199 seconds
312.994: [GC (Allocation Failure)  630670K->308110K(1035264K), 0.0044225 secs]
312.999: Total time for which application threads were stopped: 0.0045904 seconds, Stopping threads took: 0.0000191 seconds
313.065: [GC (Allocation Failure)  630670K->311046K(1035264K), 0.0047246 secs]
313.070: Total time for which application threads were stopped: 0.0048845 seconds, Stopping threads took: 0.0000258 seconds
313.137: [GC (Allocation Failure)  633606K->316136K(1035264K), 0.0041620 secs]
313.142: Total time for which application threads were stopped: 0.0043231 seconds, Stopping threads took: 0.0000198 seconds
313.212: [GC (Allocation Failure)  638696K->316104K(1035264K), 0.0057562 secs]
313.218: Total time for which application threads were stopped: 0.0059270 seconds, Stopping threads took: 0.0000186 seconds
313.285: [GC (Allocation Failure)  638664K->319272K(1035264K), 0.0048913 secs]
313.290: Total time for which application threads were stopped: 0.0050497 seconds, Stopping threads took: 0.0000170 seconds
313.359: [GC (Allocation Failure)  641832K->324235K(1035264K), 0.0042568 secs]
313.363: Total time for which application threads were stopped: 0.0044559 seconds, Stopping threads took: 0.0000204 seconds
313.433: [GC (Allocation Failure)  646795K->324139K(1035264K), 0.0041107 secs]
313.437: Total time for which application threads were stopped: 0.0042892 seconds, Stopping threads took: 0.0000191 seconds
313.505: [GC (Allocation Failure)  646699K->327499K(1035264K), 0.0051581 secs]
313.510: Total time for which application threads were stopped: 0.0053323 seconds, Stopping threads took: 0.0000195 seconds
313.578: [GC (Allocation Failure)  650059K->332237K(1035264K), 0.0042615 secs]
313.583: Total time for which application threads were stopped: 0.0044275 seconds, Stopping threads took: 0.0000258 seconds
313.652: [GC (Allocation Failure)  654797K->332205K(1035264K), 0.0043587 secs]
313.656: Total time for which application threads were stopped: 0.0045277 seconds, Stopping threads took: 0.0000191 seconds
313.725: [GC (Allocation Failure)  654765K->335725K(1035264K), 0.0050660 secs]
313.730: Total time for which application threads were stopped: 0.0052316 seconds, Stopping threads took: 0.0000193 seconds
313.797: [GC (Allocation Failure)  658285K->340239K(1034752K), 0.0042482 secs]
313.801: Total time for which application threads were stopped: 0.0044277 seconds, Stopping threads took: 0.0000197 seconds
313.869: [GC (Allocation Failure)  662799K->340239K(1035264K), 0.0043587 secs]
313.874: Total time for which application threads were stopped: 0.0045413 seconds, Stopping threads took: 0.0000204 seconds
313.940: [GC (Allocation Failure)  662799K->343943K(1035776K), 0.0051017 secs]
313.946: Total time for which application threads were stopped: 0.0052686 seconds, Stopping threads took: 0.0000188 seconds
314.012: [GC (Allocation Failure)  667527K->348426K(1035776K), 0.0044620 secs]
314.016: Total time for which application threads were stopped: 0.0046430 seconds, Stopping threads took: 0.0000198 seconds
314.084: [GC (Allocation Failure)  672010K->348266K(1035776K), 0.0048858 secs]
314.089: Total time for which application threads were stopped: 0.0050515 seconds, Stopping threads took: 0.0000259 seconds
314.157: [GC (Allocation Failure)  671850K->347207K(1035776K), 0.0050599 secs]
314.162: Total time for which application threads were stopped: 0.0052163 seconds, Stopping threads took: 0.0000186 seconds
314.230: [GC (Allocation Failure)  670791K->348426K(1036288K), 0.0044015 secs]
314.234: Total time for which application threads were stopped: 0.0045720 seconds, Stopping threads took: 0.0000196 seconds
314.305: [GC (Allocation Failure)  673034K->348234K(1036288K), 0.0043483 secs]
314.309: Total time for which application threads were stopped: 0.0045080 seconds, Stopping threads took: 0.0000193 seconds
314.375: [GC (Allocation Failure)  672842K->340263K(1035264K), 0.0011959 secs]
314.377: Total time for which application threads were stopped: 0.0013270 seconds, Stopping threads took: 0.0000195 seconds
314.448: [GC (Allocation Failure)  663847K->348370K(1031168K), 0.0043767 secs]
314.452: Total time for which application threads were stopped: 0.0045452 seconds, Stopping threads took: 0.0000208 seconds
314.521: [GC (Allocation Failure)  671954K->352418K(1035776K), 0.0057293 secs]
314.527: Total time for which application threads were stopped: 0.0059134 seconds, Stopping threads took: 0.0000202 seconds
314.593: [GC (Allocation Failure)  675489K->348447K(1035264K), 0.0033169 secs]
314.596: Total time for which application threads were stopped: 0.0034979 seconds, Stopping threads took: 0.0000278 seconds
314.665: [GC (Allocation Failure)  671519K->352554K(1035776K), 0.0045743 secs]
314.670: Total time for which application threads were stopped: 0.0047447 seconds, Stopping threads took: 0.0000192 seconds
314.738: [GC (Allocation Failure)  676138K->356554K(1035776K), 0.0043345 secs]
314.742: Total time for which application threads were stopped: 0.0044960 seconds, Stopping threads took: 0.0000200 seconds
314.810: [GC (Allocation Failure)  680138K->356522K(1035776K), 0.0041251 secs]
314.814: Total time for which application threads were stopped: 0.0042880 seconds, Stopping threads took: 0.0000206 seconds
314.879: [GC (Allocation Failure)  680106K->356874K(1023488K), 0.0047347 secs]
314.884: Total time for which application threads were stopped: 0.0048997 seconds, Stopping threads took: 0.0000202 seconds
314.952: [GC (Allocation Failure)  680458K->364588K(1035264K), 0.0044854 secs]
314.956: Total time for which application threads were stopped: 0.0046557 seconds, Stopping threads took: 0.0000193 seconds
315.024: [GC (Allocation Failure)  687148K->364556K(1035264K), 0.0043750 secs]
315.029: Total time for which application threads were stopped: 0.0045506 seconds, Stopping threads took: 0.0000189 seconds
315.099: [GC (Allocation Failure)  687116K->365036K(1034240K), 0.0043693 secs]
315.103: Total time for which application threads were stopped: 0.0045446 seconds, Stopping threads took: 0.0000255 seconds
315.171: [GC (Allocation Failure)  686572K->372622K(1034752K), 0.0044325 secs]
315.175: Total time for which application threads were stopped: 0.0045985 seconds, Stopping threads took: 0.0000252 seconds
315.244: [GC (Allocation Failure)  694158K->372590K(1034752K), 0.0043031 secs]
315.248: Total time for which application threads were stopped: 0.0044597 seconds, Stopping threads took: 0.0000191 seconds
315.314: [GC (Allocation Failure)  694126K->372742K(1034752K), 0.0045035 secs]
315.318: Total time for which application threads were stopped: 0.0046698 seconds, Stopping threads took: 0.0000203 seconds
315.386: [GC (Allocation Failure)  694278K->380616K(1033728K), 0.0044172 secs]
315.391: Total time for which application threads were stopped: 0.0045870 seconds, Stopping threads took: 0.0000194 seconds
315.460: [GC (Allocation Failure)  701128K->380584K(1034240K), 0.0042981 secs]
315.464: Total time for which application threads were stopped: 0.0044948 seconds, Stopping threads took: 0.0000206 seconds
315.532: [GC (Allocation Failure)  701096K->380744K(1034240K), 0.0044420 secs]
315.537: Total time for which application threads were stopped: 0.0045925 seconds, Stopping threads took: 0.0000169 seconds
315.604: [GC (Allocation Failure)  701256K->388651K(1034240K), 0.0052820 secs]
315.610: Total time for which application threads were stopped: 0.0054628 seconds, Stopping threads took: 0.0000268 seconds
315.677: [GC (Allocation Failure)  709163K->388683K(1034240K), 0.0046066 secs]
315.681: Total time for which application threads were stopped: 0.0047789 seconds, Stopping threads took: 0.0000197 seconds
315.748: [GC (Allocation Failure)  709195K->388723K(1020416K), 0.0043400 secs]
315.753: Total time for which application threads were stopped: 0.0045108 seconds, Stopping threads took: 0.0000251 seconds
315.820: [GC (Allocation Failure)  709235K->396725K(1033728K), 0.0044749 secs]
315.825: Total time for which application threads were stopped: 0.0046587 seconds, Stopping threads took: 0.0000200 seconds
315.892: [GC (Allocation Failure)  716213K->396693K(1033728K), 0.0043782 secs]
315.896: Total time for which application threads were stopped: 0.0045716 seconds, Stopping threads took: 0.0000199 seconds
315.963: [GC (Allocation Failure)  716181K->396941K(1033728K), 0.0045024 secs]
315.967: Total time for which application threads were stopped: 0.0046772 seconds, Stopping threads took: 0.0000198 seconds
316.036: [GC (Allocation Failure)  716429K->404719K(1033728K), 0.0045712 secs]
316.040: Total time for which application threads were stopped: 0.0047454 seconds, Stopping threads took: 0.0000196 seconds
316.110: [GC (Allocation Failure)  724207K->404719K(1033728K), 0.0044252 secs]
316.115: Total time for which application threads were stopped: 0.0045993 seconds, Stopping threads took: 0.0000279 seconds
316.183: [GC (Allocation Failure)  724207K->404935K(1033728K), 0.0045156 secs]
316.187: Total time for which application threads were stopped: 0.0046786 seconds, Stopping threads took: 0.0000199 seconds
316.254: [GC (Allocation Failure)  724423K->412745K(1033728K), 0.0046031 secs]
316.259: Total time for which application threads were stopped: 0.0047680 seconds, Stopping threads took: 0.0000192 seconds
316.324: [GC (Allocation Failure)  732233K->408807K(1033728K), 0.0035458 secs]
316.327: Total time for which application threads were stopped: 0.0037091 seconds, Stopping threads took: 0.0000186 seconds
316.395: [GC (Allocation Failure)  728295K->412873K(1034752K), 0.0045295 secs]
316.399: Total time for which application threads were stopped: 0.0047215 seconds, Stopping threads took: 0.0000192 seconds
316.469: [GC (Allocation Failure)  733897K->416873K(1034240K), 0.0043195 secs]
316.473: Total time for which application threads were stopped: 0.0044854 seconds, Stopping threads took: 0.0000173 seconds
316.541: [GC (Allocation Failure)  737897K->411143K(1034752K), 0.0022168 secs]
316.543: Total time for which application threads were stopped: 0.0023559 seconds, Stopping threads took: 0.0000165 seconds
316.612: [GC (Allocation Failure)  732679K->416961K(1034752K), 0.0053080 secs]
316.617: Total time for which application threads were stopped: 0.0054724 seconds, Stopping threads took: 0.0000255 seconds
316.684: [GC (Allocation Failure)  738497K->421033K(1035264K), 0.0047600 secs]
316.689: Total time for which application threads were stopped: 0.0049458 seconds, Stopping threads took: 0.0000199 seconds
316.757: [GC (Allocation Failure)  743331K->417127K(1035264K), 0.0032879 secs]
316.760: Total time for which application threads were stopped: 0.0034628 seconds, Stopping threads took: 0.0000197 seconds
316.829: [GC (Allocation Failure)  739687K->421161K(1036288K), 0.0043869 secs]
316.834: Total time for which application threads were stopped: 0.0046109 seconds, Stopping threads took: 0.0000191 seconds
316.903: [GC (Allocation Failure)  745257K->425129K(1035776K), 0.0046711 secs]
316.908: Total time for which application threads were stopped: 0.0048551 seconds, Stopping threads took: 0.0000163 seconds
316.975: [GC (Allocation Failure)  749225K->425129K(1035776K), 0.0043070 secs]
316.979: Total time for which application threads were stopped: 0.0044699 seconds, Stopping threads took: 0.0000195 seconds
317.046: [GC (Allocation Failure)  748713K->425193K(1023488K), 0.0043939 secs]
317.051: Total time for which application threads were stopped: 0.0045877 seconds, Stopping threads took: 0.0000199 seconds
317.121: [GC (Allocation Failure)  748777K->433196K(1035264K), 0.0043635 secs]
317.126: Total time for which application threads were stopped: 0.0045322 seconds, Stopping threads took: 0.0000260 seconds
317.194: [GC (Allocation Failure)  755756K->433132K(1030144K), 0.0044740 secs]
317.199: Total time for which application threads were stopped: 0.0046653 seconds, Stopping threads took: 0.0000196 seconds
317.268: [GC (Allocation Failure)  755692K->433196K(1034752K), 0.0044206 secs]
317.273: Total time for which application threads were stopped: 0.0045855 seconds, Stopping threads took: 0.0000200 seconds
317.341: [GC (Allocation Failure)  754732K->441198K(1029120K), 0.0044063 secs]
317.346: Total time for which application threads were stopped: 0.0045738 seconds, Stopping threads took: 0.0000198 seconds
317.413: [GC (Allocation Failure)  762734K->441230K(1034240K), 0.0046775 secs]
317.418: Total time for which application threads were stopped: 0.0048707 seconds, Stopping threads took: 0.0000189 seconds
317.484: [GC (Allocation Failure)  761742K->441446K(1034240K), 0.0046940 secs]
317.489: Total time for which application threads were stopped: 0.0048769 seconds, Stopping threads took: 0.0000196 seconds
317.558: [GC (Allocation Failure)  761958K->449256K(1034240K), 0.0049286 secs]
317.563: Total time for which application threads were stopped: 0.0050928 seconds, Stopping threads took: 0.0000194 seconds
317.632: [GC (Allocation Failure)  769768K->449224K(1034240K), 0.0043984 secs]
317.636: Total time for which application threads were stopped: 0.0045548 seconds, Stopping threads took: 0.0000194 seconds
317.703: [GC (Allocation Failure)  769736K->449640K(1033216K), 0.0052640 secs]
317.709: Total time for which application threads were stopped: 0.0054251 seconds, Stopping threads took: 0.0000198 seconds
317.776: [GC (Allocation Failure)  769128K->457290K(1033728K), 0.0045819 secs]
317.780: Total time for which application threads were stopped: 0.0047532 seconds, Stopping threads took: 0.0000196 seconds
317.848: [GC (Allocation Failure)  776778K->457258K(1033728K), 0.0047276 secs]
317.853: Total time for which application threads were stopped: 0.0048953 seconds, Stopping threads took: 0.0000199 seconds
317.918: [GC (Allocation Failure)  776746K->457418K(1033728K), 0.0048772 secs]
317.923: Total time for which application threads were stopped: 0.0050718 seconds, Stopping threads took: 0.0000201 seconds
317.991: [GC (Allocation Failure)  776906K->465325K(1033728K), 0.0044816 secs]
317.996: Total time for which application threads were stopped: 0.0046329 seconds, Stopping threads took: 0.0000166 seconds
318.064: [GC (Allocation Failure)  784813K->465261K(1033728K), 0.0043285 secs]
318.069: Total time for which application threads were stopped: 0.0044879 seconds, Stopping threads took: 0.0000189 seconds
318.135: [GC (Allocation Failure)  784749K->465349K(1033728K), 0.0048232 secs]
318.140: Total time for which application threads were stopped: 0.0050005 seconds, Stopping threads took: 0.0000270 seconds
318.207: [GC (Allocation Failure)  784837K->473319K(1027072K), 0.0064913 secs]
318.214: Total time for which application threads were stopped: 0.0066632 seconds, Stopping threads took: 0.0000197 seconds
318.280: [GC (Allocation Failure)  792807K->469413K(1034240K), 0.0033880 secs]
318.283: Total time for which application threads were stopped: 0.0035872 seconds, Stopping threads took: 0.0000215 seconds
318.353: [GC (Allocation Failure)  788901K->473479K(1033216K), 0.0047877 secs]
318.358: Total time for which application threads were stopped: 0.0050010 seconds, Stopping threads took: 0.0000195 seconds
318.427: [GC (Allocation Failure)  792967K->477447K(1034752K), 0.0047163 secs]
318.432: Total time for which application threads were stopped: 0.0048929 seconds, Stopping threads took: 0.0000202 seconds
318.500: [GC (Allocation Failure)  798983K->470661K(1034752K), 0.0020472 secs]
318.502: Total time for which application threads were stopped: 0.0021843 seconds, Stopping threads took: 0.0000166 seconds
318.573: [GC (Allocation Failure)  792197K->477479K(1034752K), 0.0043976 secs]
318.577: Total time for which application threads were stopped: 0.0045564 seconds, Stopping threads took: 0.0000188 seconds
318.644: [GC (Allocation Failure)  799015K->481591K(1034752K), 0.0055462 secs]
318.650: Total time for which application threads were stopped: 0.0056970 seconds, Stopping threads took: 0.0000179 seconds
318.715: [GC (Allocation Failure)  803127K->476053K(1034752K), 0.0026172 secs]
318.718: Total time for which application threads were stopped: 0.0027726 seconds, Stopping threads took: 0.0000201 seconds
318.787: [GC (Allocation Failure)  797589K->481903K(1034752K), 0.0046388 secs]
318.792: Total time for which application threads were stopped: 0.0048187 seconds, Stopping threads took: 0.0000213 seconds
318.859: [GC (Allocation Failure)  803439K->485711K(1034752K), 0.0049077 secs]
318.864: Total time for which application threads were stopped: 0.0050833 seconds, Stopping threads took: 0.0000205 seconds
318.931: [GC (Allocation Failure)  808199K->481837K(1035264K), 0.0034756 secs]
318.935: Total time for which application threads were stopped: 0.0036675 seconds, Stopping threads took: 0.0000192 seconds
319.005: [GC (Allocation Failure)  804397K->485895K(1036288K), 0.0048520 secs]
319.010: Total time for which application threads were stopped: 0.0050148 seconds, Stopping threads took: 0.0000165 seconds
319.079: [GC (Allocation Failure)  809991K->489863K(1035776K), 0.0045347 secs]
319.084: Total time for which application threads were stopped: 0.0047058 seconds, Stopping threads took: 0.0000259 seconds
319.154: [GC (Allocation Failure)  813959K->489895K(1035776K), 0.0045978 secs]
319.158: Total time for which application threads were stopped: 0.0047558 seconds, Stopping threads took: 0.0000168 seconds
319.226: [GC (Allocation Failure)  813479K->489927K(1023488K), 0.0047472 secs]
319.231: Total time for which application threads were stopped: 0.0049210 seconds, Stopping threads took: 0.0000251 seconds
319.297: [GC (Allocation Failure)  813511K->497929K(1035264K), 0.0046648 secs]
319.302: Total time for which application threads were stopped: 0.0048235 seconds, Stopping threads took: 0.0000190 seconds
319.369: [GC (Allocation Failure)  820489K->497929K(1030144K), 0.0045854 secs]
319.374: Total time for which application threads were stopped: 0.0047658 seconds, Stopping threads took: 0.0000284 seconds
319.441: [GC (Allocation Failure)  820489K->497961K(1034752K), 0.0046519 secs]
319.446: Total time for which application threads were stopped: 0.0048215 seconds, Stopping threads took: 0.0000191 seconds
319.513: [GC (Allocation Failure)  819497K->505932K(1029120K), 0.0076560 secs]
319.521: Total time for which application threads were stopped: 0.0078266 seconds, Stopping threads took: 0.0000194 seconds
319.590: [GC (Allocation Failure)  827468K->505932K(1034240K), 0.0043501 secs]
319.595: Total time for which application threads were stopped: 0.0045188 seconds, Stopping threads took: 0.0000275 seconds
319.662: [GC (Allocation Failure)  826444K->506188K(1034240K), 0.0048233 secs]
319.667: Total time for which application threads were stopped: 0.0049927 seconds, Stopping threads took: 0.0000196 seconds
319.735: [GC (Allocation Failure)  826700K->513998K(1034240K), 0.0046426 secs]
319.739: Total time for which application threads were stopped: 0.0048254 seconds, Stopping threads took: 0.0000199 seconds
319.807: [GC (Allocation Failure)  834510K->513966K(1034240K), 0.0055086 secs]
319.813: Total time for which application threads were stopped: 0.0056650 seconds, Stopping threads took: 0.0000192 seconds
319.879: [GC (Allocation Failure)  834478K->514414K(1033216K), 0.0047964 secs]
319.884: Total time for which application threads were stopped: 0.0049712 seconds, Stopping threads took: 0.0000196 seconds
319.951: [GC (Allocation Failure)  833902K->522032K(1033728K), 0.0047544 secs]
319.956: Total time for which application threads were stopped: 0.0049250 seconds, Stopping threads took: 0.0000193 seconds
320.026: [GC (Allocation Failure)  841520K->522032K(1033728K), 0.0047258 secs]
320.030: Total time for which application threads were stopped: 0.0049072 seconds, Stopping threads took: 0.0000278 seconds
320.096: [GC (Allocation Failure)  841520K->522120K(1033728K), 0.0047731 secs]
320.101: Total time for which application threads were stopped: 0.0049492 seconds, Stopping threads took: 0.0000264 seconds
320.168: [GC (Allocation Failure)  841608K->530058K(1033728K), 0.0045429 secs]
320.173: Total time for which application threads were stopped: 0.0047098 seconds, Stopping threads took: 0.0000206 seconds
320.240: [GC (Allocation Failure)  849546K->529994K(1033728K), 0.0065013 secs]
320.247: Total time for which application threads were stopped: 0.0066710 seconds, Stopping threads took: 0.0000199 seconds
320.315: [GC (Allocation Failure)  849482K->530090K(1033728K), 0.0046612 secs]
320.320: Total time for which application threads were stopped: 0.0048630 seconds, Stopping threads took: 0.0000216 seconds
320.388: [GC (Allocation Failure)  849578K->538029K(1027072K), 0.0047830 secs]
320.393: Total time for which application threads were stopped: 0.0049488 seconds, Stopping threads took: 0.0000198 seconds
320.458: [GC (Allocation Failure)  857516K->534122K(1034240K), 0.0037013 secs]
320.461: Total time for which application threads were stopped: 0.0038660 seconds, Stopping threads took: 0.0000184 seconds
320.529: [GC (Allocation Failure)  853610K->538221K(1033216K), 0.0046730 secs]
320.533: Total time for which application threads were stopped: 0.0048433 seconds, Stopping threads took: 0.0000213 seconds
320.601: [GC (Allocation Failure)  857709K->542221K(1034752K), 0.0094386 secs]
320.611: Total time for which application threads were stopped: 0.0096026 seconds, Stopping threads took: 0.0000276 seconds
320.678: [GC (Allocation Failure)  863757K->535434K(1034752K), 0.0020445 secs]
320.680: Total time for which application threads were stopped: 0.0021872 seconds, Stopping threads took: 0.0000188 seconds
320.747: [GC (Allocation Failure)  856970K->542293K(1034752K), 0.0047783 secs]
320.752: Total time for which application threads were stopped: 0.0049431 seconds, Stopping threads took: 0.0000196 seconds
320.817: [GC (Allocation Failure)  863829K->546309K(1034752K), 0.0057786 secs]
320.823: Total time for which application threads were stopped: 0.0059414 seconds, Stopping threads took: 0.0000200 seconds
320.890: [GC (Allocation Failure)  867845K->540770K(1034752K), 0.0028360 secs]
320.893: Total time for which application threads were stopped: 0.0030040 seconds, Stopping threads took: 0.0000208 seconds
320.960: [GC (Allocation Failure)  862306K->546613K(1034752K), 0.0047602 secs]
320.965: Total time for which application threads were stopped: 0.0049231 seconds, Stopping threads took: 0.0000200 seconds
321.033: [GC (Allocation Failure)  868149K->550485K(1034752K), 0.0051745 secs]
321.038: Total time for which application threads were stopped: 0.0053377 seconds, Stopping threads took: 0.0000195 seconds
321.108: [GC (Allocation Failure)  872973K->546610K(1035264K), 0.0034950 secs]
321.112: Total time for which application threads were stopped: 0.0036610 seconds, Stopping threads took: 0.0000249 seconds
321.180: [GC (Allocation Failure)  869170K->550637K(1036288K), 0.0049900 secs]
321.185: Total time for which application threads were stopped: 0.0051945 seconds, Stopping threads took: 0.0000214 seconds
321.254: [GC (Allocation Failure)  874733K->554637K(1035776K), 0.0047193 secs]
321.259: Total time for which application threads were stopped: 0.0048808 seconds, Stopping threads took: 0.0000193 seconds
321.327: [GC (Allocation Failure)  878733K->554605K(1035776K), 0.0048215 secs]
321.332: Total time for which application threads were stopped: 0.0050009 seconds, Stopping threads took: 0.0000193 seconds
321.400: [GC (Allocation Failure)  878189K->554669K(1023488K), 0.0046753 secs]
321.405: Total time for which application threads were stopped: 0.0048480 seconds, Stopping threads took: 0.0000197 seconds
321.471: [GC (Allocation Failure)  878253K->562671K(1035264K), 0.0048459 secs]
321.476: Total time for which application threads were stopped: 0.0050039 seconds, Stopping threads took: 0.0000192 seconds
321.543: [GC (Allocation Failure)  885231K->562639K(1030144K), 0.0047104 secs]
321.548: Total time for which application threads were stopped: 0.0049064 seconds, Stopping threads took: 0.0000186 seconds
321.618: [GC (Allocation Failure)  885199K->562671K(1034752K), 0.0054962 secs]
321.623: Total time for which application threads were stopped: 0.0056316 seconds, Stopping threads took: 0.0000180 seconds
321.692: [GC (Allocation Failure)  884207K->570673K(1029120K), 0.0047871 secs]
321.696: Total time for which application threads were stopped: 0.0049473 seconds, Stopping threads took: 0.0000191 seconds
321.765: [GC (Allocation Failure)  892209K->570673K(1034240K), 0.0045411 secs]
321.769: Total time for which application threads were stopped: 0.0047111 seconds, Stopping threads took: 0.0000201 seconds
321.837: [GC (Allocation Failure)  891185K->570921K(1034240K), 0.0048352 secs]
321.842: Total time for which application threads were stopped: 0.0050223 seconds, Stopping threads took: 0.0000199 seconds
321.909: [GC (Allocation Failure)  891433K->578731K(1034240K), 0.0048030 secs]
321.914: Total time for which application threads were stopped: 0.0049706 seconds, Stopping threads took: 0.0000204 seconds
321.983: [GC (Allocation Failure)  899243K->578699K(1034240K), 0.0047399 secs]
321.987: Total time for which application threads were stopped: 0.0049066 seconds, Stopping threads took: 0.0000254 seconds
322.054: [GC (Allocation Failure)  899211K->579107K(1033216K), 0.0058032 secs]
322.060: Total time for which application threads were stopped: 0.0059763 seconds, Stopping threads took: 0.0000200 seconds
322.128: [GC (Allocation Failure)  898595K->586726K(1033728K), 0.0047116 secs]
322.133: Total time for which application threads were stopped: 0.0048786 seconds, Stopping threads took: 0.0000206 seconds
322.201: [GC (Allocation Failure)  906214K->586726K(1033728K), 0.0048971 secs]
322.206: Total time for which application threads were stopped: 0.0050763 seconds, Stopping threads took: 0.0000205 seconds
322.271: [GC (Allocation Failure)  906214K->586862K(1033728K), 0.0049516 secs]
322.276: Total time for which application threads were stopped: 0.0051440 seconds, Stopping threads took: 0.0000212 seconds
322.345: [GC (Allocation Failure)  906350K->594800K(1033728K), 0.0047134 secs]
322.350: Total time for which application threads were stopped: 0.0048762 seconds, Stopping threads took: 0.0000193 seconds
322.416: [GC (Allocation Failure)  914288K->594768K(1033728K), 0.0047602 secs]
322.421: Total time for which application threads were stopped: 0.0049222 seconds, Stopping threads took: 0.0000192 seconds
322.488: [GC (Allocation Failure)  914256K->594832K(1033728K), 0.0106785 secs]
322.498: Total time for which application threads were stopped: 0.0108728 seconds, Stopping threads took: 0.0000192 seconds
322.567: [GC (Allocation Failure)  914320K->602770K(1027072K), 0.0134511 secs]
322.580: Total time for which application threads were stopped: 0.0136527 seconds, Stopping threads took: 0.0000341 seconds
322.646: [GC (Allocation Failure)  922258K->598928K(1034240K), 0.0039596 secs]
322.650: Total time for which application threads were stopped: 0.0041429 seconds, Stopping threads took: 0.0000211 seconds
322.719: [GC (Allocation Failure)  918416K->602954K(1033216K), 0.0050521 secs]
322.724: Total time for which application threads were stopped: 0.0052257 seconds, Stopping threads took: 0.0000205 seconds
322.792: [GC (Allocation Failure)  922442K->606954K(1034752K), 0.0047094 secs]
322.797: Total time for which application threads were stopped: 0.0048734 seconds, Stopping threads took: 0.0000200 seconds
322.864: [GC (Allocation Failure)  928490K->600168K(1034752K), 0.0021703 secs]
322.866: Total time for which application threads were stopped: 0.0023262 seconds, Stopping threads took: 0.0000195 seconds
322.935: [GC (Allocation Failure)  921704K->607018K(1034752K), 0.0048701 secs]
322.940: Total time for which application threads were stopped: 0.0050376 seconds, Stopping threads took: 0.0000188 seconds
323.005: [GC (Allocation Failure)  928554K->611066K(1034752K), 0.0056430 secs]
323.011: Total time for which application threads were stopped: 0.0058351 seconds, Stopping threads took: 0.0000188 seconds
323.078: [GC (Allocation Failure)  932602K->605528K(1034752K), 0.0027350 secs]
323.081: Total time for which application threads were stopped: 0.0028955 seconds, Stopping threads took: 0.0000250 seconds
323.148: [GC (Allocation Failure)  927064K->611338K(1034752K), 0.0047965 secs]
323.153: Total time for which application threads were stopped: 0.0049892 seconds, Stopping threads took: 0.0000196 seconds
323.221: [GC (Allocation Failure)  932874K->615210K(1034752K), 0.0051909 secs]
323.227: Total time for which application threads were stopped: 0.0053763 seconds, Stopping threads took: 0.0000179 seconds
323.295: [GC (Allocation Failure)  937698K->611304K(1035264K), 0.0038702 secs]
323.298: Total time for which application threads were stopped: 0.0040388 seconds, Stopping threads took: 0.0000198 seconds
323.367: [GC (Allocation Failure)  933864K->615370K(1036288K), 0.0048014 secs]
323.372: Total time for which application threads were stopped: 0.0049782 seconds, Stopping threads took: 0.0000199 seconds
323.440: [GC (Allocation Failure)  939466K->619306K(1035776K), 0.0047001 secs]
323.445: Total time for which application threads were stopped: 0.0048970 seconds, Stopping threads took: 0.0000190 seconds
323.514: [GC (Allocation Failure)  943402K->619338K(1035776K), 0.0047311 secs]
323.519: Total time for which application threads were stopped: 0.0048917 seconds, Stopping threads took: 0.0000197 seconds
323.587: [GC (Allocation Failure)  942922K->619402K(1023488K), 0.0047418 secs]
323.592: Total time for which application threads were stopped: 0.0049103 seconds, Stopping threads took: 0.0000280 seconds
323.660: [GC (Allocation Failure)  942986K->627404K(1035264K), 0.0048345 secs]
323.665: Total time for which application threads were stopped: 0.0050043 seconds, Stopping threads took: 0.0000192 seconds
323.733: [GC (Allocation Failure)  949964K->627404K(1030144K), 0.0048158 secs]
323.738: Total time for which application threads were stopped: 0.0050101 seconds, Stopping threads took: 0.0000194 seconds
323.807: [GC (Allocation Failure)  949964K->627428K(1034752K), 0.0050526 secs]
323.812: Total time for which application threads were stopped: 0.0052133 seconds, Stopping threads took: 0.0000173 seconds
323.880: [GC (Allocation Failure)  948964K->635431K(1029120K), 0.0050370 secs]
323.885: Total time for which application threads were stopped: 0.0052175 seconds, Stopping threads took: 0.0000265 seconds
323.953: [GC (Allocation Failure)  956967K->635399K(1034240K), 0.0046364 secs]
323.958: Total time for which application threads were stopped: 0.0048021 seconds, Stopping threads took: 0.0000187 seconds
324.025: [GC (Allocation Failure)  955911K->635655K(1034240K), 0.0049244 secs]
324.030: Total time for which application threads were stopped: 0.0050908 seconds, Stopping threads took: 0.0000194 seconds
324.098: [GC (Allocation Failure)  956167K->643465K(1034240K), 0.0046571 secs]
324.103: Total time for which application threads were stopped: 0.0048301 seconds, Stopping threads took: 0.0000270 seconds
324.173: [GC (Allocation Failure)  963977K->643465K(1034240K), 0.0048313 secs]
324.178: Total time for which application threads were stopped: 0.0050296 seconds, Stopping threads took: 0.0000165 seconds
324.245: [GC (Allocation Failure)  963977K->643849K(1033216K), 0.0049583 secs]
324.250: Total time for which application threads were stopped: 0.0051626 seconds, Stopping threads took: 0.0000198 seconds
324.317: [GC (Allocation Failure)  963337K->651499K(1033728K), 0.0050230 secs]
324.323: Total time for which application threads were stopped: 0.0051953 seconds, Stopping threads took: 0.0000198 seconds
324.390: [GC (Allocation Failure)  970987K->651499K(1033728K), 0.0049575 secs]
324.395: Total time for which application threads were stopped: 0.0051272 seconds, Stopping threads took: 0.0000201 seconds
324.459: [GC (Allocation Failure)  970987K->651595K(1033728K), 0.0050067 secs]
324.464: Total time for which application threads were stopped: 0.0051794 seconds, Stopping threads took: 0.0000197 seconds
324.532: [GC (Allocation Failure)  971083K->659502K(1033728K), 0.0048515 secs]
324.537: Total time for which application threads were stopped: 0.0050192 seconds, Stopping threads took: 0.0000196 seconds
324.604: [GC (Allocation Failure)  978990K->659470K(1033728K), 0.0078297 secs]
324.612: Total time for which application threads were stopped: 0.0079960 seconds, Stopping threads took: 0.0000258 seconds
324.679: [GC (Allocation Failure)  978958K->659566K(1033728K), 0.0049852 secs]
324.684: Total time for which application threads were stopped: 0.0051375 seconds, Stopping threads took: 0.0000172 seconds
324.753: [GC (Allocation Failure)  979054K->667536K(1027072K), 0.0050395 secs]
324.758: Total time for which application threads were stopped: 0.0052091 seconds, Stopping threads took: 0.0000196 seconds
324.823: [GC (Allocation Failure)  987023K->663630K(1034240K), 0.0040970 secs]
324.827: Total time for which application threads were stopped: 0.0042591 seconds, Stopping threads took: 0.0000201 seconds
324.895: [GC (Allocation Failure)  983118K->667688K(1033216K), 0.0051660 secs]
324.900: Total time for which application threads were stopped: 0.0053468 seconds, Stopping threads took: 0.0000203 seconds
324.967: [GC (Allocation Failure)  987176K->671656K(1034752K), 0.0048655 secs]
324.972: Total time for which application threads were stopped: 0.0050380 seconds, Stopping threads took: 0.0000204 seconds
325.039: [GC (Allocation Failure)  993192K->664902K(1034752K), 0.0023724 secs]
325.042: Total time for which application threads were stopped: 0.0025197 seconds, Stopping threads took: 0.0000204 seconds
325.109: [GC (Allocation Failure)  986438K->671720K(1034752K), 0.0049408 secs]
325.114: Total time for which application threads were stopped: 0.0051256 seconds, Stopping threads took: 0.0000268 seconds
325.180: [GC (Allocation Failure)  993256K->675800K(1034752K), 0.0058796 secs]
325.186: Total time for which application threads were stopped: 0.0060764 seconds, Stopping threads took: 0.0000204 seconds
325.253: [GC (Allocation Failure)  997336K->670262K(1034752K), 0.0029884 secs]
325.256: Total time for which application threads were stopped: 0.0031490 seconds, Stopping threads took: 0.0000256 seconds
325.324: [GC (Allocation Failure)  991798K->676072K(1034752K), 0.0049990 secs]
325.329: Total time for which application threads were stopped: 0.0051822 seconds, Stopping threads took: 0.0000255 seconds
325.396: [GC (Allocation Failure)  997608K->679968K(1034752K), 0.0052113 secs]
325.402: Total time for which application threads were stopped: 0.0053878 seconds, Stopping threads took: 0.0000274 seconds
325.469: [GC (Allocation Failure)  1002456K->675998K(1035264K), 0.0041045 secs]
325.473: Total time for which application threads were stopped: 0.0042882 seconds, Stopping threads took: 0.0000193 seconds
325.542: [GC (Allocation Failure)  998558K->680096K(1036288K), 0.0049373 secs]
325.547: Total time for which application threads were stopped: 0.0051293 seconds, Stopping threads took: 0.0000184 seconds
325.618: [GC (Allocation Failure)  1004192K->684064K(1035776K), 0.0058401 secs]
325.624: Total time for which application threads were stopped: 0.0060395 seconds, Stopping threads took: 0.0000257 seconds
