Java HotSpot(TM) 64-Bit Server VM (25.171-b11) for linux-amd64 JRE (1.8.0_171-b11), built on Mar 28 2018 17:07:08 by "java_re" with gcc 4.3.0 20080428 (Red Hat 4.3.0-8)
Memory: 4k page, physical 32883000k(29302064k free), swap 8000508k(8000508k free)
CommandLine flags: -XX:InitialHeapSize=1073741824 -XX:MaxHeapSize=1073741824 -XX:+PrintGC -XX:+PrintGCApplicationStoppedTime -XX:+PrintGCTimeStamps -XX:+UseCompressedClassPointers -XX:+UseCompressedOops -XX:+UseParallelGC 
0.284: [GC (Allocation Failure)  262144K->10348K(1005056K), 0.0054355 secs]
0.290: Total time for which application threads were stopped: 0.0056664 seconds, Stopping threads took: 0.0000171 seconds
0.353: [GC (Allocation Failure)  272492K->8674K(1005056K), 0.0046432 secs]
0.358: Total time for which application threads were stopped: 0.0049081 seconds, Stopping threads took: 0.0001134 seconds
0.413: [GC (Allocation Failure)  270818K->8626K(1005056K), 0.0028381 secs]
0.416: Total time for which application threads were stopped: 0.0029999 seconds, Stopping threads took: 0.0000196 seconds
0.473: [GC (Allocation Failure)  270770K->8594K(1005056K), 0.0041571 secs]
0.477: Total time for which application threads were stopped: 0.0043175 seconds, Stopping threads took: 0.0000299 seconds
0.533: [GC (Allocation Failure)  270738K->8754K(1005056K), 0.0033433 secs]
0.536: Total time for which application threads were stopped: 0.0035088 seconds, Stopping threads took: 0.0000203 seconds
0.592: [GC (Allocation Failure)  270898K->8594K(1038336K), 0.0044249 secs]
0.596: Total time for which application threads were stopped: 0.0045986 seconds, Stopping threads took: 0.0000203 seconds
0.674: [GC (Allocation Failure)  336786K->8588K(1037824K), 0.0040248 secs]
0.678: Total time for which application threads were stopped: 0.0042159 seconds, Stopping threads took: 0.0000197 seconds
0.748: [GC (Allocation Failure)  336780K->8652K(1038336K), 0.0039547 secs]
0.752: Total time for which application threads were stopped: 0.0041359 seconds, Stopping threads took: 0.0000223 seconds
0.823: [GC (Allocation Failure)  337356K->8620K(1038336K), 0.0036053 secs]
0.826: Total time for which application threads were stopped: 0.0037638 seconds, Stopping threads took: 0.0000206 seconds
0.895: [GC (Allocation Failure)  337324K->10284K(1037312K), 0.0035111 secs]
0.898: Total time for which application threads were stopped: 0.0036560 seconds, Stopping threads took: 0.0000176 seconds
0.969: [GC (Allocation Failure)  337964K->8588K(1037824K), 0.0036876 secs]
0.973: Total time for which application threads were stopped: 0.0038582 seconds, Stopping threads took: 0.0000208 seconds
1.040: [GC (Allocation Failure)  336268K->8588K(1037824K), 0.0035723 secs]
1.044: Total time for which application threads were stopped: 0.0037408 seconds, Stopping threads took: 0.0000202 seconds
1.110: [GC (Allocation Failure)  336268K->9508K(1028096K), 0.0045179 secs]
1.115: Total time for which application threads were stopped: 0.0046909 seconds, Stopping threads took: 0.0000202 seconds
1.183: [GC (Allocation Failure)  337188K->16838K(1037312K), 0.0037404 secs]
1.187: Total time for which application threads were stopped: 0.0039177 seconds, Stopping threads took: 0.0000201 seconds
1.255: [GC (Allocation Failure)  342982K->16614K(1036800K), 0.0036044 secs]
1.259: Total time for which application threads were stopped: 0.0037747 seconds, Stopping threads took: 0.0000214 seconds
1.325: [GC (Allocation Failure)  342758K->21964K(1034240K), 0.0063084 secs]
1.332: Total time for which application threads were stopped: 0.0064626 seconds, Stopping threads took: 0.0000259 seconds
1.399: [GC (Allocation Failure)  345548K->18926K(1035776K), 0.0036012 secs]
1.403: Total time for which application threads were stopped: 0.0037673 seconds, Stopping threads took: 0.0000200 seconds
1.470: [GC (Allocation Failure)  342510K->18734K(1036288K), 0.0039119 secs]
1.474: Total time for which application threads were stopped: 0.0040807 seconds, Stopping threads took: 0.0000209 seconds
1.541: [GC (Allocation Failure)  342827K->14860K(1035776K), 0.0023694 secs]
1.543: Total time for which application threads were stopped: 0.0025576 seconds, Stopping threads took: 0.0000214 seconds
1.611: [GC (Allocation Failure)  338956K->18926K(1035776K), 0.0040263 secs]
1.616: Total time for which application threads were stopped: 0.0041954 seconds, Stopping threads took: 0.0000197 seconds
1.685: [GC (Allocation Failure)  342510K->22894K(1035776K), 0.0037592 secs]
1.689: Total time for which application threads were stopped: 0.0039379 seconds, Stopping threads took: 0.0000202 seconds
1.756: [GC (Allocation Failure)  346478K->22894K(1036288K), 0.0036665 secs]
1.759: Total time for which application threads were stopped: 0.0038310 seconds, Stopping threads took: 0.0000281 seconds
1.827: [GC (Allocation Failure)  347502K->23238K(1024512K), 0.0044421 secs]
1.831: Total time for which application threads were stopped: 0.0045974 seconds, Stopping threads took: 0.0000261 seconds
1.900: [GC (Allocation Failure)  347846K->30920K(1035776K), 0.0036724 secs]
1.903: Total time for which application threads were stopped: 0.0038376 seconds, Stopping threads took: 0.0000192 seconds
1.972: [GC (Allocation Failure)  354504K->30920K(1035776K), 0.0035553 secs]
1.976: Total time for which application threads were stopped: 0.0037471 seconds, Stopping threads took: 0.0000200 seconds
2.044: [GC (Allocation Failure)  354504K->31464K(1034752K), 0.0045928 secs]
2.049: Total time for which application threads were stopped: 0.0047382 seconds, Stopping threads took: 0.0000172 seconds
2.117: [GC (Allocation Failure)  354024K->38954K(1035264K), 0.0036729 secs]
2.121: Total time for which application threads were stopped: 0.0038426 seconds, Stopping threads took: 0.0000203 seconds
2.189: [GC (Allocation Failure)  361514K->38954K(1035264K), 0.0038011 secs]
2.193: Total time for which application threads were stopped: 0.0039661 seconds, Stopping threads took: 0.0000197 seconds
2.261: [GC (Allocation Failure)  361514K->39210K(1022464K), 0.0045406 secs]
2.265: Total time for which application threads were stopped: 0.0046967 seconds, Stopping threads took: 0.0000198 seconds
2.336: [GC (Allocation Failure)  361770K->46989K(1034752K), 0.0045774 secs]
2.340: Total time for which application threads were stopped: 0.0047409 seconds, Stopping threads took: 0.0000273 seconds
2.409: [GC (Allocation Failure)  368525K->47021K(1034752K), 0.0038076 secs]
2.413: Total time for which application threads were stopped: 0.0039699 seconds, Stopping threads took: 0.0000206 seconds
2.479: [GC (Allocation Failure)  368557K->47061K(1034240K), 0.0064453 secs]
2.485: Total time for which application threads were stopped: 0.0066097 seconds, Stopping threads took: 0.0000199 seconds
2.554: [GC (Allocation Failure)  368597K->55031K(1034752K), 0.0039083 secs]
2.558: Total time for which application threads were stopped: 0.0040737 seconds, Stopping threads took: 0.0000191 seconds
2.626: [GC (Allocation Failure)  376567K->55031K(1034752K), 0.0038394 secs]
2.630: Total time for which application threads were stopped: 0.0039937 seconds, Stopping threads took: 0.0000202 seconds
2.697: [GC (Allocation Failure)  376567K->55183K(1021440K), 0.0045906 secs]
2.701: Total time for which application threads were stopped: 0.0047478 seconds, Stopping threads took: 0.0000197 seconds
2.769: [GC (Allocation Failure)  376719K->63057K(1034240K), 0.0041570 secs]
2.773: Total time for which application threads were stopped: 0.0043327 seconds, Stopping threads took: 0.0000195 seconds
2.841: [GC (Allocation Failure)  383569K->63057K(1034240K), 0.0064582 secs]
2.848: Total time for which application threads were stopped: 0.0066054 seconds, Stopping threads took: 0.0000196 seconds
2.914: [GC (Allocation Failure)  383569K->63401K(1034240K), 0.0045503 secs]
2.918: Total time for which application threads were stopped: 0.0047042 seconds, Stopping threads took: 0.0000170 seconds
2.986: [GC (Allocation Failure)  383913K->71083K(1034240K), 0.0040472 secs]
2.991: Total time for which application threads were stopped: 0.0042250 seconds, Stopping threads took: 0.0000203 seconds
3.058: [GC (Allocation Failure)  391595K->71083K(1034240K), 0.0037288 secs]
3.062: Total time for which application threads were stopped: 0.0038997 seconds, Stopping threads took: 0.0000203 seconds
3.131: [GC (Allocation Failure)  391595K->71627K(1020928K), 0.0046801 secs]
3.136: Total time for which application threads were stopped: 0.0048448 seconds, Stopping threads took: 0.0000164 seconds
3.204: [GC (Allocation Failure)  392139K->79150K(1033728K), 0.0038492 secs]
3.208: Total time for which application threads were stopped: 0.0040067 seconds, Stopping threads took: 0.0000197 seconds
3.275: [GC (Allocation Failure)  398638K->79118K(1033728K), 0.0038190 secs]
3.278: Total time for which application threads were stopped: 0.0039842 seconds, Stopping threads took: 0.0000203 seconds
3.345: [GC (Allocation Failure)  398606K->79334K(1033728K), 0.0046226 secs]
3.350: Total time for which application threads were stopped: 0.0047921 seconds, Stopping threads took: 0.0000210 seconds
3.417: [GC (Allocation Failure)  398822K->87144K(1033728K), 0.0038726 secs]
3.421: Total time for which application threads were stopped: 0.0040415 seconds, Stopping threads took: 0.0000199 seconds
3.488: [GC (Allocation Failure)  406632K->87144K(1033728K), 0.0039252 secs]
3.492: Total time for which application threads were stopped: 0.0040964 seconds, Stopping threads took: 0.0000206 seconds
3.557: [GC (Allocation Failure)  406632K->87304K(1033728K), 0.0045787 secs]
3.562: Total time for which application threads were stopped: 0.0047429 seconds, Stopping threads took: 0.0000201 seconds
3.628: [GC (Allocation Failure)  406792K->95178K(1033728K), 0.0039760 secs]
3.632: Total time for which application threads were stopped: 0.0041301 seconds, Stopping threads took: 0.0000194 seconds
3.703: [GC (Allocation Failure)  414666K->95210K(1033728K), 0.0035999 secs]
3.706: Total time for which application threads were stopped: 0.0037663 seconds, Stopping threads took: 0.0000194 seconds
3.772: [GC (Allocation Failure)  414698K->95274K(1032704K), 0.0045965 secs]
3.776: Total time for which application threads were stopped: 0.0047632 seconds, Stopping threads took: 0.0000201 seconds
3.846: [GC (Allocation Failure)  413738K->103213K(1033216K), 0.0044878 secs]
3.850: Total time for which application threads were stopped: 0.0046567 seconds, Stopping threads took: 0.0000239 seconds
3.919: [GC (Allocation Failure)  421677K->103213K(1033216K), 0.0036249 secs]
3.923: Total time for which application threads were stopped: 0.0037805 seconds, Stopping threads took: 0.0000177 seconds
3.990: [GC (Allocation Failure)  421677K->103245K(1033216K), 0.0047690 secs]
3.994: Total time for which application threads were stopped: 0.0049410 seconds, Stopping threads took: 0.0000204 seconds
4.055: Total time for which application threads were stopped: 0.0001366 seconds, Stopping threads took: 0.0000577 seconds
4.063: [GC (Allocation Failure)  421709K->111279K(1033216K), 0.0038344 secs]
4.067: Total time for which application threads were stopped: 0.0040009 seconds, Stopping threads took: 0.0000196 seconds
4.132: [GC (Allocation Failure)  429743K->105165K(1033216K), 0.0014370 secs]
4.134: Total time for which application threads were stopped: 0.0015787 seconds, Stopping threads took: 0.0000206 seconds
4.203: [GC (Allocation Failure)  423629K->111519K(1034240K), 0.0040712 secs]
4.207: Total time for which application threads were stopped: 0.0042445 seconds, Stopping threads took: 0.0000213 seconds
4.274: [GC (Allocation Failure)  431519K->115431K(1033728K), 0.0044490 secs]
4.278: Total time for which application threads were stopped: 0.0046204 seconds, Stopping threads took: 0.0000207 seconds
4.343: [GC (Allocation Failure)  435431K->120773K(1029632K), 0.0060680 secs]
4.350: Total time for which application threads were stopped: 0.0062515 seconds, Stopping threads took: 0.0000270 seconds
4.418: [GC (Allocation Failure)  436165K->115527K(1031680K), 0.0039451 secs]
4.422: Total time for which application threads were stopped: 0.0041085 seconds, Stopping threads took: 0.0000203 seconds
4.490: [GC (Allocation Failure)  430919K->115431K(1032704K), 0.0037503 secs]
4.494: Total time for which application threads were stopped: 0.0039490 seconds, Stopping threads took: 0.0000214 seconds
4.560: [GC (Allocation Failure)  432359K->117255K(1032192K), 0.0046882 secs]
4.565: Total time for which application threads were stopped: 0.0048341 seconds, Stopping threads took: 0.0000167 seconds
4.634: [GC (Allocation Failure)  434183K->123561K(1032704K), 0.0040176 secs]
4.638: Total time for which application threads were stopped: 0.0041744 seconds, Stopping threads took: 0.0000196 seconds
4.705: [GC (Allocation Failure)  441001K->123465K(1032704K), 0.0037162 secs]
4.709: Total time for which application threads were stopped: 0.0038923 seconds, Stopping threads took: 0.0000197 seconds
4.777: [GC (Allocation Failure)  440905K->125993K(1033216K), 0.0046413 secs]
4.782: Total time for which application threads were stopped: 0.0048018 seconds, Stopping threads took: 0.0000193 seconds
4.851: [GC (Allocation Failure)  444457K->131467K(1033216K), 0.0067916 secs]
4.858: Total time for which application threads were stopped: 0.0069765 seconds, Stopping threads took: 0.0000203 seconds
4.923: [GC (Allocation Failure)  449931K->131467K(1033728K), 0.0039262 secs]
4.927: Total time for which application threads were stopped: 0.0040899 seconds, Stopping threads took: 0.0000189 seconds
4.994: [GC (Allocation Failure)  450955K->135275K(1033728K), 0.0050412 secs]
4.999: Total time for which application threads were stopped: 0.0052323 seconds, Stopping threads took: 0.0000193 seconds
5.068: [GC (Allocation Failure)  454763K->139534K(1034240K), 0.0040010 secs]
5.072: Total time for which application threads were stopped: 0.0041706 seconds, Stopping threads took: 0.0000210 seconds
5.139: [GC (Allocation Failure)  460046K->139502K(1034240K), 0.0038029 secs]
5.143: Total time for which application threads were stopped: 0.0039618 seconds, Stopping threads took: 0.0000198 seconds
5.210: [GC (Allocation Failure)  460014K->140430K(1034240K), 0.0047228 secs]
5.215: Total time for which application threads were stopped: 0.0048863 seconds, Stopping threads took: 0.0000194 seconds
5.283: [GC (Allocation Failure)  460942K->147600K(1034240K), 0.0040261 secs]
5.287: Total time for which application threads were stopped: 0.0041998 seconds, Stopping threads took: 0.0000209 seconds
5.358: [GC (Allocation Failure)  468112K->147568K(1034240K), 0.0037364 secs]
5.362: Total time for which application threads were stopped: 0.0038933 seconds, Stopping threads took: 0.0000292 seconds
5.430: [GC (Allocation Failure)  468080K->150696K(1034240K), 0.0049125 secs]
5.435: Total time for which application threads were stopped: 0.0050865 seconds, Stopping threads took: 0.0000220 seconds
5.503: [GC (Allocation Failure)  471208K->155562K(1034752K), 0.0037836 secs]
5.507: Total time for which application threads were stopped: 0.0039440 seconds, Stopping threads took: 0.0000207 seconds
5.573: [GC (Allocation Failure)  477098K->155562K(1034752K), 0.0040569 secs]
5.577: Total time for which application threads were stopped: 0.0042104 seconds, Stopping threads took: 0.0000201 seconds
5.644: [GC (Allocation Failure)  477098K->158922K(1034752K), 0.0050153 secs]
5.649: Total time for which application threads were stopped: 0.0051958 seconds, Stopping threads took: 0.0000172 seconds
5.715: [GC (Allocation Failure)  480458K->163692K(1034752K), 0.0040418 secs]
5.719: Total time for which application threads were stopped: 0.0042106 seconds, Stopping threads took: 0.0000206 seconds
5.785: [GC (Allocation Failure)  485228K->163628K(1034752K), 0.0042247 secs]
5.789: Total time for which application threads were stopped: 0.0043866 seconds, Stopping threads took: 0.0000195 seconds
5.855: [GC (Allocation Failure)  485164K->164044K(1034752K), 0.0056242 secs]
5.861: Total time for which application threads were stopped: 0.0057844 seconds, Stopping threads took: 0.0000187 seconds
5.930: [GC (Allocation Failure)  485580K->171663K(1034752K), 0.0039984 secs]
5.934: Total time for which application threads were stopped: 0.0041669 seconds, Stopping threads took: 0.0000206 seconds
6.001: [GC (Allocation Failure)  493199K->171631K(1034752K), 0.0040400 secs]
6.005: Total time for which application threads were stopped: 0.0042338 seconds, Stopping threads took: 0.0000205 seconds
6.072: [GC (Allocation Failure)  493167K->173359K(1034752K), 0.0046836 secs]
6.076: Total time for which application threads were stopped: 0.0048376 seconds, Stopping threads took: 0.0000175 seconds
6.145: [GC (Allocation Failure)  494895K->179697K(1034752K), 0.0042090 secs]
6.149: Total time for which application threads were stopped: 0.0043666 seconds, Stopping threads took: 0.0000208 seconds
6.216: [GC (Allocation Failure)  501233K->179697K(1034752K), 0.0041076 secs]
6.220: Total time for which application threads were stopped: 0.0042942 seconds, Stopping threads took: 0.0000196 seconds
6.287: [GC (Allocation Failure)  501233K->182601K(1034752K), 0.0049484 secs]
6.292: Total time for which application threads were stopped: 0.0051036 seconds, Stopping threads took: 0.0000172 seconds
6.361: [GC (Allocation Failure)  504137K->187755K(1034752K), 0.0039978 secs]
6.365: Total time for which application threads were stopped: 0.0041700 seconds, Stopping threads took: 0.0000266 seconds
6.431: [GC (Allocation Failure)  509291K->187691K(1034752K), 0.0040017 secs]
6.435: Total time for which application threads were stopped: 0.0041706 seconds, Stopping threads took: 0.0000204 seconds
6.501: [GC (Allocation Failure)  509227K->187755K(1033728K), 0.0049219 secs]
6.506: Total time for which application threads were stopped: 0.0050831 seconds, Stopping threads took: 0.0000207 seconds
6.573: [GC (Allocation Failure)  508267K->195853K(1034240K), 0.0040906 secs]
6.577: Total time for which application threads were stopped: 0.0042839 seconds, Stopping threads took: 0.0000206 seconds
6.646: [GC (Allocation Failure)  516365K->195693K(1034240K), 0.0040034 secs]
6.651: Total time for which application threads were stopped: 0.0041685 seconds, Stopping threads took: 0.0000256 seconds
6.718: [GC (Allocation Failure)  516205K->198029K(1034240K), 0.0073425 secs]
6.725: Total time for which application threads were stopped: 0.0075356 seconds, Stopping threads took: 0.0000204 seconds
6.794: [GC (Allocation Failure)  518541K->203824K(1034240K), 0.0041384 secs]
6.798: Total time for which application threads were stopped: 0.0043367 seconds, Stopping threads took: 0.0000215 seconds
6.869: [GC (Allocation Failure)  524336K->203792K(1034240K), 0.0038026 secs]
6.873: Total time for which application threads were stopped: 0.0039411 seconds, Stopping threads took: 0.0000160 seconds
6.943: [GC (Allocation Failure)  524304K->204200K(1034240K), 0.0048756 secs]
6.948: Total time for which application threads were stopped: 0.0050649 seconds, Stopping threads took: 0.0000200 seconds
7.017: [GC (Allocation Failure)  524712K->211786K(1034240K), 0.0041020 secs]
7.021: Total time for which application threads were stopped: 0.0042696 seconds, Stopping threads took: 0.0000196 seconds
7.089: [GC (Allocation Failure)  532298K->211754K(1034240K), 0.0042031 secs]
7.093: Total time for which application threads were stopped: 0.0043833 seconds, Stopping threads took: 0.0000193 seconds
7.160: [GC (Allocation Failure)  532266K->214506K(1034240K), 0.0049868 secs]
7.165: Total time for which application threads were stopped: 0.0051508 seconds, Stopping threads took: 0.0000197 seconds
7.233: [GC (Allocation Failure)  535018K->219852K(1034240K), 0.0041073 secs]
7.237: Total time for which application threads were stopped: 0.0042732 seconds, Stopping threads took: 0.0000195 seconds
7.306: [GC (Allocation Failure)  540364K->219820K(1034240K), 0.0041280 secs]
7.311: Total time for which application threads were stopped: 0.0043011 seconds, Stopping threads took: 0.0000198 seconds
7.379: [GC (Allocation Failure)  540332K->220708K(1034240K), 0.0049034 secs]
7.384: Total time for which application threads were stopped: 0.0050708 seconds, Stopping threads took: 0.0000264 seconds
7.453: [GC (Allocation Failure)  541220K->227847K(1034240K), 0.0040604 secs]
7.457: Total time for which application threads were stopped: 0.0042482 seconds, Stopping threads took: 0.0000260 seconds
7.525: [GC (Allocation Failure)  548359K->227847K(1034240K), 0.0053157 secs]
7.530: Total time for which application threads were stopped: 0.0054831 seconds, Stopping threads took: 0.0000204 seconds
7.598: [GC (Allocation Failure)  548359K->230983K(1034240K), 0.0048862 secs]
7.603: Total time for which application threads were stopped: 0.0050509 seconds, Stopping threads took: 0.0000197 seconds
7.671: [GC (Allocation Failure)  551495K->236009K(1033728K), 0.0040296 secs]
7.675: Total time for which application threads were stopped: 0.0042286 seconds, Stopping threads took: 0.0000225 seconds
7.744: [GC (Allocation Failure)  556521K->235913K(1034240K), 0.0040905 secs]
7.748: Total time for which application threads were stopped: 0.0042547 seconds, Stopping threads took: 0.0000194 seconds
7.815: [GC (Allocation Failure)  556425K->237161K(1033728K), 0.0049365 secs]
7.820: Total time for which application threads were stopped: 0.0050945 seconds, Stopping threads took: 0.0000202 seconds
7.889: [GC (Allocation Failure)  557673K->243947K(1034240K), 0.0040682 secs]
7.893: Total time for which application threads were stopped: 0.0042242 seconds, Stopping threads took: 0.0000171 seconds
7.960: [GC (Allocation Failure)  564459K->243915K(1034240K), 0.0039069 secs]
7.964: Total time for which application threads were stopped: 0.0040761 seconds, Stopping threads took: 0.0000206 seconds
8.031: [GC (Allocation Failure)  564427K->244363K(1034240K), 0.0049814 secs]
8.036: Total time for which application threads were stopped: 0.0051407 seconds, Stopping threads took: 0.0000206 seconds
8.104: [GC (Allocation Failure)  564875K->251949K(1034240K), 0.0042125 secs]
8.108: Total time for which application threads were stopped: 0.0043722 seconds, Stopping threads took: 0.0000208 seconds
8.178: [GC (Allocation Failure)  572461K->251981K(1034240K), 0.0042363 secs]
8.182: Total time for which application threads were stopped: 0.0043941 seconds, Stopping threads took: 0.0000196 seconds
8.250: [GC (Allocation Failure)  572493K->253645K(1034240K), 0.0050635 secs]
8.256: Total time for which application threads were stopped: 0.0052472 seconds, Stopping threads took: 0.0000451 seconds
8.324: [GC (Allocation Failure)  574157K->259984K(1034240K), 0.0041573 secs]
8.328: Total time for which application threads were stopped: 0.0043160 seconds, Stopping threads took: 0.0000195 seconds
8.396: [GC (Allocation Failure)  580496K->259984K(1034240K), 0.0040165 secs]
8.400: Total time for which application threads were stopped: 0.0042154 seconds, Stopping threads took: 0.0000254 seconds
8.468: [GC (Allocation Failure)  580496K->260040K(1020416K), 0.0048832 secs]
8.473: Total time for which application threads were stopped: 0.0050383 seconds, Stopping threads took: 0.0000174 seconds
8.541: [GC (Allocation Failure)  580552K->268074K(1033728K), 0.0044018 secs]
8.545: Total time for which application threads were stopped: 0.0045793 seconds, Stopping threads took: 0.0000194 seconds
8.612: [GC (Allocation Failure)  587562K->268010K(1033728K), 0.0040463 secs]
8.617: Total time for which application threads were stopped: 0.0042162 seconds, Stopping threads took: 0.0000203 seconds
8.683: [GC (Allocation Failure)  587498K->268074K(1033728K), 0.0050832 secs]
8.688: Total time for which application threads were stopped: 0.0052535 seconds, Stopping threads took: 0.0000205 seconds
8.757: [GC (Allocation Failure)  587562K->276076K(1033728K), 0.0041207 secs]
8.761: Total time for which application threads were stopped: 0.0042917 seconds, Stopping threads took: 0.0000208 seconds
8.829: [GC (Allocation Failure)  595564K->276076K(1033728K), 0.0042207 secs]
8.834: Total time for which application threads were stopped: 0.0043852 seconds, Stopping threads took: 0.0000263 seconds
8.900: [GC (Allocation Failure)  595564K->276300K(1033728K), 0.0049921 secs]
8.906: Total time for which application threads were stopped: 0.0051656 seconds, Stopping threads took: 0.0000174 seconds
8.973: [GC (Allocation Failure)  595788K->284110K(1033728K), 0.0040487 secs]
8.977: Total time for which application threads were stopped: 0.0042136 seconds, Stopping threads took: 0.0000282 seconds
9.044: [GC (Allocation Failure)  603598K->284110K(1033728K), 0.0042778 secs]
9.049: Total time for which application threads were stopped: 0.0044443 seconds, Stopping threads took: 0.0000205 seconds
9.115: [GC (Allocation Failure)  603598K->284526K(1033728K), 0.0051120 secs]
9.120: Total time for which application threads were stopped: 0.0052889 seconds, Stopping threads took: 0.0000199 seconds
9.187: [GC (Allocation Failure)  604014K->292177K(1027072K), 0.0040211 secs]
9.191: Total time for which application threads were stopped: 0.0042150 seconds, Stopping threads took: 0.0000192 seconds
9.259: [GC (Allocation Failure)  611665K->292113K(1033216K), 0.0041568 secs]
9.264: Total time for which application threads were stopped: 0.0043098 seconds, Stopping threads took: 0.0000175 seconds
9.331: [GC (Allocation Failure)  610577K->292745K(1033216K), 0.0049088 secs]
9.336: Total time for which application threads were stopped: 0.0050857 seconds, Stopping threads took: 0.0000277 seconds
9.401: [GC (Allocation Failure)  611209K->300171K(1033216K), 0.0042885 secs]
9.406: Total time for which application threads were stopped: 0.0044573 seconds, Stopping threads took: 0.0000198 seconds
9.472: [GC (Allocation Failure)  618635K->300139K(1033216K), 0.0043752 secs]
9.477: Total time for which application threads were stopped: 0.0045472 seconds, Stopping threads took: 0.0000289 seconds
9.542: [GC (Allocation Failure)  618603K->301003K(1033728K), 0.0049318 secs]
9.547: Total time for which application threads were stopped: 0.0050873 seconds, Stopping threads took: 0.0000172 seconds
9.615: [GC (Allocation Failure)  619979K->308205K(1033216K), 0.0065644 secs]
9.621: Total time for which application threads were stopped: 0.0067135 seconds, Stopping threads took: 0.0000203 seconds
9.689: [GC (Allocation Failure)  627181K->308205K(1033216K), 0.0041610 secs]
9.694: Total time for which application threads were stopped: 0.0043262 seconds, Stopping threads took: 0.0000195 seconds
9.758: [GC (Allocation Failure)  626669K->309189K(1033216K), 0.0049771 secs]
9.763: Total time for which application threads were stopped: 0.0051700 seconds, Stopping threads took: 0.0000193 seconds
9.833: [GC (Allocation Failure)  627653K->316231K(1032704K), 0.0041152 secs]
9.837: Total time for which application threads were stopped: 0.0042644 seconds, Stopping threads took: 0.0000253 seconds
9.903: [GC (Allocation Failure)  634695K->316199K(1033216K), 0.0042888 secs]
9.908: Total time for which application threads were stopped: 0.0044489 seconds, Stopping threads took: 0.0000196 seconds
9.972: [GC (Allocation Failure)  634663K->316455K(1032704K), 0.0051214 secs]
9.977: Total time for which application threads were stopped: 0.0052980 seconds, Stopping threads took: 0.0000292 seconds
10.044: [GC (Allocation Failure)  634919K->324266K(1033216K), 0.0044163 secs]
10.049: Total time for which application threads were stopped: 0.0045882 seconds, Stopping threads took: 0.0000205 seconds
10.118: [GC (Allocation Failure)  642730K->324234K(1033216K), 0.0043258 secs]
10.123: Total time for which application threads were stopped: 0.0045040 seconds, Stopping threads took: 0.0000197 seconds
10.189: [GC (Allocation Failure)  642698K->324682K(1033216K), 0.0049786 secs]
10.194: Total time for which application threads were stopped: 0.0051493 seconds, Stopping threads took: 0.0000196 seconds
10.262: [GC (Allocation Failure)  643146K->332268K(1033216K), 0.0041045 secs]
10.266: Total time for which application threads were stopped: 0.0042600 seconds, Stopping threads took: 0.0000202 seconds
10.332: [GC (Allocation Failure)  650732K->332268K(1033216K), 0.0043571 secs]
10.337: Total time for which application threads were stopped: 0.0045257 seconds, Stopping threads took: 0.0000265 seconds
10.403: [GC (Allocation Failure)  650732K->332908K(1033216K), 0.0052068 secs]
10.409: Total time for which application threads were stopped: 0.0054266 seconds, Stopping threads took: 0.0000201 seconds
10.476: [GC (Allocation Failure)  651372K->340302K(1033216K), 0.0041909 secs]
10.481: Total time for which application threads were stopped: 0.0043705 seconds, Stopping threads took: 0.0000173 seconds
10.548: [GC (Allocation Failure)  658766K->340334K(1033216K), 0.0043044 secs]
10.552: Total time for which application threads were stopped: 0.0044735 seconds, Stopping threads took: 0.0000193 seconds
10.616: [GC (Allocation Failure)  658798K->340366K(1033216K), 0.0049817 secs]
10.622: Total time for which application threads were stopped: 0.0051560 seconds, Stopping threads took: 0.0000200 seconds
10.690: [GC (Allocation Failure)  658830K->348336K(1033216K), 0.0042858 secs]
10.694: Total time for which application threads were stopped: 0.0044302 seconds, Stopping threads took: 0.0000161 seconds
10.761: [GC (Allocation Failure)  666800K->348336K(1033216K), 0.0043220 secs]
10.765: Total time for which application threads were stopped: 0.0044854 seconds, Stopping threads took: 0.0000173 seconds
10.830: [GC (Allocation Failure)  666800K->348392K(1033216K), 0.0049001 secs]
10.835: Total time for which application threads were stopped: 0.0050675 seconds, Stopping threads took: 0.0000273 seconds
10.904: [GC (Allocation Failure)  666856K->356395K(1033216K), 0.0045767 secs]
10.908: Total time for which application threads were stopped: 0.0047451 seconds, Stopping threads took: 0.0000196 seconds
10.976: [GC (Allocation Failure)  674859K->356363K(1033216K), 0.0043918 secs]
10.980: Total time for which application threads were stopped: 0.0045632 seconds, Stopping threads took: 0.0000198 seconds
11.046: [GC (Allocation Failure)  674827K->356587K(1033216K), 0.0051581 secs]
11.052: Total time for which application threads were stopped: 0.0053483 seconds, Stopping threads took: 0.0000199 seconds
11.120: [GC (Allocation Failure)  675051K->364429K(1033216K), 0.0044493 secs]
11.125: Total time for which application threads were stopped: 0.0046181 seconds, Stopping threads took: 0.0000200 seconds
11.192: [GC (Allocation Failure)  682893K->364365K(1033216K), 0.0042819 secs]
11.196: Total time for which application threads were stopped: 0.0044529 seconds, Stopping threads took: 0.0000202 seconds
11.261: [GC (Allocation Failure)  682829K->364813K(1033216K), 0.0050539 secs]
11.266: Total time for which application threads were stopped: 0.0052449 seconds, Stopping threads took: 0.0000206 seconds
11.336: [GC (Allocation Failure)  683277K->372431K(1033216K), 0.0043620 secs]
11.340: Total time for which application threads were stopped: 0.0045331 seconds, Stopping threads took: 0.0000199 seconds
11.407: [GC (Allocation Failure)  690895K->372463K(1033216K), 0.0064020 secs]
11.414: Total time for which application threads were stopped: 0.0065719 seconds, Stopping threads took: 0.0000288 seconds
11.481: [GC (Allocation Failure)  690927K->372495K(1033216K), 0.0052046 secs]
11.486: Total time for which application threads were stopped: 0.0053813 seconds, Stopping threads took: 0.0000198 seconds
11.554: [GC (Allocation Failure)  690959K->380466K(1033216K), 0.0043530 secs]
11.559: Total time for which application threads were stopped: 0.0045029 seconds, Stopping threads took: 0.0000193 seconds
11.625: [GC (Allocation Failure)  698930K->375663K(1033216K), 0.0028113 secs]
11.628: Total time for which application threads were stopped: 0.0030051 seconds, Stopping threads took: 0.0000215 seconds
11.695: [GC (Allocation Failure)  694127K->380778K(1034752K), 0.0045163 secs]
11.700: Total time for which application threads were stopped: 0.0046922 seconds, Stopping threads took: 0.0000281 seconds
11.767: [GC (Allocation Failure)  701290K->384602K(1033728K), 0.0044821 secs]
11.772: Total time for which application threads were stopped: 0.0046544 seconds, Stopping threads took: 0.0000203 seconds
11.840: [GC (Allocation Failure)  705114K->392295K(1029120K), 0.0091681 secs]
11.849: Total time for which application threads were stopped: 0.0093329 seconds, Stopping threads took: 0.0000272 seconds
11.917: [GC (Allocation Failure)  707687K->386250K(1031680K), 0.0044514 secs]
11.922: Total time for which application threads were stopped: 0.0046597 seconds, Stopping threads took: 0.0000202 seconds
11.987: [GC (Allocation Failure)  701642K->386026K(1032192K), 0.0042283 secs]
11.991: Total time for which application threads were stopped: 0.0044237 seconds, Stopping threads took: 0.0000209 seconds
12.058: [GC (Allocation Failure)  701930K->389194K(1031680K), 0.0053824 secs]
12.064: Total time for which application threads were stopped: 0.0055482 seconds, Stopping threads took: 0.0000202 seconds
12.131: [GC (Allocation Failure)  705098K->394060K(1032704K), 0.0042347 secs]
12.135: Total time for which application threads were stopped: 0.0043953 seconds, Stopping threads took: 0.0000199 seconds
12.202: [GC (Allocation Failure)  711500K->394060K(1032704K), 0.0045321 secs]
12.206: Total time for which application threads were stopped: 0.0046928 seconds, Stopping threads took: 0.0000197 seconds
12.274: [GC (Allocation Failure)  711500K->396900K(1033216K), 0.0052997 secs]
12.280: Total time for which application threads were stopped: 0.0054696 seconds, Stopping threads took: 0.0000194 seconds
12.346: [GC (Allocation Failure)  715364K->402182K(1033216K), 0.0043447 secs]
12.350: Total time for which application threads were stopped: 0.0045061 seconds, Stopping threads took: 0.0000199 seconds
12.417: [GC (Allocation Failure)  720646K->402118K(1033728K), 0.0042967 secs]
12.421: Total time for which application threads were stopped: 0.0044765 seconds, Stopping threads took: 0.0000270 seconds
12.488: [GC (Allocation Failure)  721606K->406182K(1033728K), 0.0056931 secs]
12.494: Total time for which application threads were stopped: 0.0058879 seconds, Stopping threads took: 0.0000202 seconds
12.563: [GC (Allocation Failure)  725670K->410152K(1034240K), 0.0044978 secs]
12.568: Total time for which application threads were stopped: 0.0046655 seconds, Stopping threads took: 0.0000195 seconds
12.635: [GC (Allocation Failure)  730664K->410120K(1034240K), 0.0045254 secs]
12.640: Total time for which application threads were stopped: 0.0046933 seconds, Stopping threads took: 0.0000198 seconds
12.709: [GC (Allocation Failure)  730632K->411336K(1033728K), 0.0053073 secs]
12.714: Total time for which application threads were stopped: 0.0054774 seconds, Stopping threads took: 0.0000199 seconds
12.782: [GC (Allocation Failure)  731848K->418155K(1034240K), 0.0045693 secs]
12.787: Total time for which application threads were stopped: 0.0047641 seconds, Stopping threads took: 0.0000206 seconds
12.858: [GC (Allocation Failure)  738667K->418155K(1034752K), 0.0042732 secs]
12.863: Total time for which application threads were stopped: 0.0044560 seconds, Stopping threads took: 0.0000262 seconds
12.930: [GC (Allocation Failure)  739179K->422091K(1034240K), 0.0056420 secs]
12.936: Total time for which application threads were stopped: 0.0058332 seconds, Stopping threads took: 0.0000196 seconds
13.003: [GC (Allocation Failure)  743115K->426285K(1034752K), 0.0045108 secs]
13.008: Total time for which application threads were stopped: 0.0046888 seconds, Stopping threads took: 0.0000196 seconds
13.075: [GC (Allocation Failure)  747821K->426189K(1034752K), 0.0043777 secs]
13.080: Total time for which application threads were stopped: 0.0045673 seconds, Stopping threads took: 0.0000201 seconds
13.148: [GC (Allocation Failure)  747725K->426725K(1034752K), 0.0051921 secs]
13.153: Total time for which application threads were stopped: 0.0053761 seconds, Stopping threads took: 0.0000173 seconds
13.223: [GC (Allocation Failure)  748261K->434279K(1034752K), 0.0044386 secs]
13.227: Total time for which application threads were stopped: 0.0045966 seconds, Stopping threads took: 0.0000180 seconds
13.296: [GC (Allocation Failure)  755815K->434215K(1034752K), 0.0045299 secs]
13.300: Total time for which application threads were stopped: 0.0047053 seconds, Stopping threads took: 0.0000213 seconds
13.368: [GC (Allocation Failure)  755751K->435975K(1034752K), 0.0053709 secs]
13.374: Total time for which application threads were stopped: 0.0055613 seconds, Stopping threads took: 0.0000285 seconds
13.443: [GC (Allocation Failure)  757511K->442281K(1034752K), 0.0044267 secs]
13.448: Total time for which application threads were stopped: 0.0045838 seconds, Stopping threads took: 0.0000261 seconds
13.515: [GC (Allocation Failure)  763817K->442281K(1034752K), 0.0046257 secs]
13.520: Total time for which application threads were stopped: 0.0047834 seconds, Stopping threads took: 0.0000204 seconds
13.588: [GC (Allocation Failure)  763817K->445257K(1034752K), 0.0052899 secs]
13.593: Total time for which application threads were stopped: 0.0054509 seconds, Stopping threads took: 0.0000206 seconds
13.663: [GC (Allocation Failure)  766793K->450316K(1034752K), 0.0046743 secs]
13.668: Total time for which application threads were stopped: 0.0048676 seconds, Stopping threads took: 0.0000205 seconds
13.736: [GC (Allocation Failure)  771852K->450316K(1034752K), 0.0045737 secs]
13.741: Total time for which application threads were stopped: 0.0047648 seconds, Stopping threads took: 0.0000207 seconds
13.808: [GC (Allocation Failure)  771852K->450404K(1021440K), 0.0055029 secs]
13.814: Total time for which application threads were stopped: 0.0056644 seconds, Stopping threads took: 0.0000199 seconds
13.882: [GC (Allocation Failure)  771940K->458342K(1034240K), 0.0046263 secs]
13.887: Total time for which application threads were stopped: 0.0047945 seconds, Stopping threads took: 0.0000207 seconds
13.954: [GC (Allocation Failure)  778854K->458310K(1034240K), 0.0044535 secs]
13.959: Total time for which application threads were stopped: 0.0046455 seconds, Stopping threads took: 0.0000203 seconds
14.027: [GC (Allocation Failure)  778822K->461670K(1034752K), 0.0056422 secs]
14.033: Total time for which application threads were stopped: 0.0057967 seconds, Stopping threads took: 0.0000193 seconds
14.100: [GC (Allocation Failure)  782694K->466440K(1034240K), 0.0046827 secs]
14.105: Total time for which application threads were stopped: 0.0048437 seconds, Stopping threads took: 0.0000195 seconds
14.172: [GC (Allocation Failure)  787464K->466376K(1034752K), 0.0046097 secs]
14.177: Total time for which application threads were stopped: 0.0047883 seconds, Stopping threads took: 0.0000278 seconds
14.244: [GC (Allocation Failure)  787912K->469928K(1034752K), 0.0056908 secs]
14.250: Total time for which application threads were stopped: 0.0058612 seconds, Stopping threads took: 0.0000209 seconds
14.318: [GC (Allocation Failure)  791464K->474442K(1034752K), 0.0045118 secs]
14.322: Total time for which application threads were stopped: 0.0046789 seconds, Stopping threads took: 0.0000202 seconds
14.389: [GC (Allocation Failure)  795978K->474378K(1034752K), 0.0044779 secs]
14.393: Total time for which application threads were stopped: 0.0046463 seconds, Stopping threads took: 0.0000280 seconds
14.458: [GC (Allocation Failure)  795914K->475114K(1034752K), 0.0062941 secs]
14.465: Total time for which application threads were stopped: 0.0064764 seconds, Stopping threads took: 0.0000267 seconds
14.531: [GC (Allocation Failure)  796650K->482413K(1034752K), 0.0046007 secs]
14.535: Total time for which application threads were stopped: 0.0047621 seconds, Stopping threads took: 0.0000202 seconds
14.601: [GC (Allocation Failure)  803949K->482445K(1034752K), 0.0046712 secs]
14.606: Total time for which application threads were stopped: 0.0048454 seconds, Stopping threads took: 0.0000252 seconds
14.671: [GC (Allocation Failure)  803981K->484397K(1034752K), 0.0055729 secs]
14.677: Total time for which application threads were stopped: 0.0057509 seconds, Stopping threads took: 0.0000202 seconds
14.743: [GC (Allocation Failure)  805933K->490447K(1034752K), 0.0045910 secs]
14.747: Total time for which application threads were stopped: 0.0047616 seconds, Stopping threads took: 0.0000199 seconds
14.814: [GC (Allocation Failure)  811983K->490447K(1034752K), 0.0065524 secs]
14.821: Total time for which application threads were stopped: 0.0067207 seconds, Stopping threads took: 0.0000198 seconds
14.887: [GC (Allocation Failure)  811983K->493615K(1034752K), 0.0055080 secs]
14.893: Total time for which application threads were stopped: 0.0056826 seconds, Stopping threads took: 0.0000201 seconds
14.961: [GC (Allocation Failure)  815151K->498481K(1034752K), 0.0044673 secs]
14.966: Total time for which application threads were stopped: 0.0046365 seconds, Stopping threads took: 0.0000206 seconds
15.035: [GC (Allocation Failure)  820017K->498481K(1034752K), 0.0046012 secs]
15.040: Total time for which application threads were stopped: 0.0047704 seconds, Stopping threads took: 0.0000289 seconds
15.107: [GC (Allocation Failure)  820017K->498793K(1034752K), 0.0052695 secs]
15.112: Total time for which application threads were stopped: 0.0054659 seconds, Stopping threads took: 0.0000207 seconds
15.182: [GC (Allocation Failure)  820329K->506572K(1034752K), 0.0046586 secs]
15.187: Total time for which application threads were stopped: 0.0048266 seconds, Stopping threads took: 0.0000205 seconds
15.254: [GC (Allocation Failure)  828108K->506508K(1034752K), 0.0047054 secs]
15.259: Total time for which application threads were stopped: 0.0048679 seconds, Stopping threads took: 0.0000200 seconds
15.326: [GC (Allocation Failure)  828044K->508012K(1033728K), 0.0052804 secs]
15.331: Total time for which application threads were stopped: 0.0054461 seconds, Stopping threads took: 0.0000179 seconds
15.399: [GC (Allocation Failure)  828524K->514542K(1034240K), 0.0043348 secs]
15.403: Total time for which application threads were stopped: 0.0045254 seconds, Stopping threads took: 0.0000204 seconds
15.473: [GC (Allocation Failure)  835054K->514542K(1034240K), 0.0045465 secs]
15.478: Total time for which application threads were stopped: 0.0047007 seconds, Stopping threads took: 0.0000167 seconds
15.545: [GC (Allocation Failure)  835054K->518310K(1034240K), 0.0058758 secs]
15.551: Total time for which application threads were stopped: 0.0060385 seconds, Stopping threads took: 0.0000208 seconds
15.620: [GC (Allocation Failure)  838822K->522568K(1034752K), 0.0048578 secs]
15.625: Total time for which application threads were stopped: 0.0050542 seconds, Stopping threads took: 0.0000206 seconds
15.695: [GC (Allocation Failure)  844104K->522600K(1034752K), 0.0044297 secs]
15.699: Total time for which application threads were stopped: 0.0045805 seconds, Stopping threads took: 0.0000178 seconds
15.766: [GC (Allocation Failure)  844136K->526496K(1035264K), 0.0082105 secs]
15.774: Total time for which application threads were stopped: 0.0083719 seconds, Stopping threads took: 0.0000205 seconds
15.844: [GC (Allocation Failure)  848544K->530658K(1034752K), 0.0053648 secs]
15.849: Total time for which application threads were stopped: 0.0055308 seconds, Stopping threads took: 0.0000265 seconds
15.919: [GC (Allocation Failure)  852706K->530594K(1035264K), 0.0047100 secs]
15.924: Total time for which application threads were stopped: 0.0048812 seconds, Stopping threads took: 0.0000201 seconds
15.992: [GC (Allocation Failure)  853154K->533770K(1035264K), 0.0055225 secs]
15.997: Total time for which application threads were stopped: 0.0056947 seconds, Stopping threads took: 0.0000208 seconds
16.065: [GC (Allocation Failure)  856330K->538765K(1035264K), 0.0047853 secs]
16.069: Total time for which application threads were stopped: 0.0049808 seconds, Stopping threads took: 0.0000206 seconds
16.139: [GC (Allocation Failure)  861325K->538637K(1035264K), 0.0045388 secs]
16.143: Total time for which application threads were stopped: 0.0047174 seconds, Stopping threads took: 0.0000177 seconds
16.212: [GC (Allocation Failure)  861197K->541989K(1035264K), 0.0058235 secs]
16.218: Total time for which application threads were stopped: 0.0059916 seconds, Stopping threads took: 0.0000202 seconds
16.286: [GC (Allocation Failure)  864549K->546727K(1035264K), 0.0048390 secs]
16.291: Total time for which application threads were stopped: 0.0050482 seconds, Stopping threads took: 0.0000207 seconds
16.362: [GC (Allocation Failure)  869287K->546695K(1035264K), 0.0046669 secs]
16.367: Total time for which application threads were stopped: 0.0048236 seconds, Stopping threads took: 0.0000164 seconds
16.434: [GC (Allocation Failure)  869255K->550215K(1035264K), 0.0057398 secs]
16.440: Total time for which application threads were stopped: 0.0059203 seconds, Stopping threads took: 0.0000195 seconds
16.508: [GC (Allocation Failure)  872775K->554729K(1035264K), 0.0046507 secs]
16.513: Total time for which application threads were stopped: 0.0048172 seconds, Stopping threads took: 0.0000214 seconds
16.582: [GC (Allocation Failure)  877289K->554697K(1035264K), 0.0047275 secs]
16.587: Total time for which application threads were stopped: 0.0048854 seconds, Stopping threads took: 0.0000200 seconds
16.656: [GC (Allocation Failure)  877257K->558473K(1035776K), 0.0058695 secs]
16.662: Total time for which application threads were stopped: 0.0060424 seconds, Stopping threads took: 0.0000199 seconds
16.731: [GC (Allocation Failure)  881545K->562987K(1035264K), 0.0046864 secs]
16.736: Total time for which application threads were stopped: 0.0048524 seconds, Stopping threads took: 0.0000193 seconds
16.804: [GC (Allocation Failure)  886059K->562731K(1035776K), 0.0048801 secs]
16.809: Total time for which application threads were stopped: 0.0050394 seconds, Stopping threads took: 0.0000201 seconds
16.879: [GC (Allocation Failure)  886315K->560713K(1035776K), 0.0040085 secs]
16.883: Total time for which application threads were stopped: 0.0041727 seconds, Stopping threads took: 0.0000267 seconds
16.953: [GC (Allocation Failure)  884297K->562891K(1036288K), 0.0048957 secs]
16.958: Total time for which application threads were stopped: 0.0050735 seconds, Stopping threads took: 0.0000196 seconds
17.027: [GC (Allocation Failure)  887499K->562763K(1036288K), 0.0048898 secs]
17.032: Total time for which application threads were stopped: 0.0050632 seconds, Stopping threads took: 0.0000198 seconds
17.099: [GC (Allocation Failure)  887371K->570089K(1031168K), 0.0084714 secs]
17.107: Total time for which application threads were stopped: 0.0086322 seconds, Stopping threads took: 0.0000194 seconds
17.175: [GC (Allocation Failure)  889577K->565963K(1033728K), 0.0047453 secs]
17.180: Total time for which application threads were stopped: 0.0049258 seconds, Stopping threads took: 0.0000203 seconds
17.245: [GC (Allocation Failure)  885451K->565899K(1034752K), 0.0046912 secs]
17.250: Total time for which application threads were stopped: 0.0048546 seconds, Stopping threads took: 0.0000211 seconds
17.318: [GC (Allocation Failure)  886923K->569865K(1032704K), 0.0062583 secs]
17.324: Total time for which application threads were stopped: 0.0064248 seconds, Stopping threads took: 0.0000197 seconds
17.390: [GC (Allocation Failure)  890889K->565931K(1034240K), 0.0055617 secs]
17.396: Total time for which application threads were stopped: 0.0057205 seconds, Stopping threads took: 0.0000199 seconds
17.464: [GC (Allocation Failure)  885931K->565867K(1033728K), 0.0047837 secs]
17.469: Total time for which application threads were stopped: 0.0049503 seconds, Stopping threads took: 0.0000171 seconds
17.536: [GC (Allocation Failure)  885867K->567561K(1034752K), 0.0056248 secs]
17.541: Total time for which application threads were stopped: 0.0057932 seconds, Stopping threads took: 0.0000190 seconds
17.611: [GC (Allocation Failure)  889097K->565899K(1034752K), 0.0047029 secs]
17.616: Total time for which application threads were stopped: 0.0048697 seconds, Stopping threads took: 0.0000203 seconds
17.683: [GC (Allocation Failure)  887435K->565867K(1035776K), 0.0047903 secs]
17.688: Total time for which application threads were stopped: 0.0049653 seconds, Stopping threads took: 0.0000201 seconds
17.753: [GC (Allocation Failure)  888939K->570249K(1035264K), 0.0065924 secs]
17.760: Total time for which application threads were stopped: 0.0067599 seconds, Stopping threads took: 0.0000189 seconds
17.826: [GC (Allocation Failure)  893321K->566059K(1034240K), 0.0056234 secs]
17.832: Total time for which application threads were stopped: 0.0058070 seconds, Stopping threads took: 0.0000195 seconds
17.900: [GC (Allocation Failure)  887595K->565899K(1034752K), 0.0047674 secs]
17.905: Total time for which application threads were stopped: 0.0049460 seconds, Stopping threads took: 0.0000208 seconds
17.972: [GC (Allocation Failure)  887435K->573001K(1031168K), 0.0082257 secs]
17.980: Total time for which application threads were stopped: 0.0083942 seconds, Stopping threads took: 0.0000206 seconds
18.047: [GC (Allocation Failure)  891465K->567915K(1033216K), 0.0049529 secs]
18.052: Total time for which application threads were stopped: 0.0051217 seconds, Stopping threads took: 0.0000197 seconds
18.119: [GC (Allocation Failure)  886379K->567723K(1034240K), 0.0047244 secs]
18.124: Total time for which application threads were stopped: 0.0048934 seconds, Stopping threads took: 0.0000203 seconds
18.190: [GC (Allocation Failure)  887723K->568457K(1033728K), 0.0052058 secs]
18.195: Total time for which application threads were stopped: 0.0053808 seconds, Stopping threads took: 0.0000199 seconds
18.265: [GC (Allocation Failure)  888457K->567851K(1034752K), 0.0047825 secs]
18.269: Total time for which application threads were stopped: 0.0049612 seconds, Stopping threads took: 0.0000286 seconds
18.337: [GC (Allocation Failure)  889387K->567787K(1034752K), 0.0047184 secs]
18.342: Total time for which application threads were stopped: 0.0048772 seconds, Stopping threads took: 0.0000268 seconds
18.407: [GC (Allocation Failure)  889323K->568169K(1035776K), 0.0051054 secs]
18.412: Total time for which application threads were stopped: 0.0052763 seconds, Stopping threads took: 0.0000257 seconds
18.480: [GC (Allocation Failure)  891241K->567819K(1035264K), 0.0046130 secs]
18.485: Total time for which application threads were stopped: 0.0047740 seconds, Stopping threads took: 0.0000206 seconds
18.552: [GC (Allocation Failure)  890891K->567755K(1036288K), 0.0046264 secs]
18.557: Total time for which application threads were stopped: 0.0047860 seconds, Stopping threads took: 0.0000200 seconds
18.625: [GC (Allocation Failure)  891851K->574985K(1035776K), 0.0080969 secs]
18.633: Total time for which application threads were stopped: 0.0082789 seconds, Stopping threads took: 0.0000265 seconds
18.702: [GC (Allocation Failure)  899081K->570987K(1032704K), 0.0047407 secs]
18.707: Total time for which application threads were stopped: 0.0049230 seconds, Stopping threads took: 0.0000167 seconds
18.777: [GC (Allocation Failure)  891499K->570763K(1034240K), 0.0048627 secs]
18.782: Total time for which application threads were stopped: 0.0050299 seconds, Stopping threads took: 0.0000200 seconds
18.850: [GC (Allocation Failure)  891275K->563401K(1032704K), 0.0018156 secs]
18.852: Total time for which application threads were stopped: 0.0019613 seconds, Stopping threads took: 0.0000267 seconds
18.919: [GC (Allocation Failure)  882889K->570987K(1033728K), 0.0047842 secs]
18.924: Total time for which application threads were stopped: 0.0049748 seconds, Stopping threads took: 0.0000190 seconds
18.993: [GC (Allocation Failure)  890475K->574947K(1034752K), 0.0058740 secs]
18.999: Total time for which application threads were stopped: 0.0060389 seconds, Stopping threads took: 0.0000183 seconds
19.067: [GC (Allocation Failure)  895971K->580513K(1034240K), 0.0071508 secs]
19.074: Total time for which application threads were stopped: 0.0073184 seconds, Stopping threads took: 0.0000273 seconds
19.140: [GC (Allocation Failure)  901537K->575043K(1033216K), 0.0047879 secs]
19.145: Total time for which application threads were stopped: 0.0049681 seconds, Stopping threads took: 0.0000204 seconds
19.211: [GC (Allocation Failure)  894531K->574947K(1033728K), 0.0048671 secs]
19.216: Total time for which application threads were stopped: 0.0050297 seconds, Stopping threads took: 0.0000200 seconds
19.283: [GC (Allocation Failure)  894435K->577121K(1034240K), 0.0055891 secs]
19.289: Total time for which application threads were stopped: 0.0057593 seconds, Stopping threads took: 0.0000197 seconds
19.356: [GC (Allocation Failure)  897633K->575011K(1034240K), 0.0048289 secs]
19.361: Total time for which application threads were stopped: 0.0049988 seconds, Stopping threads took: 0.0000259 seconds
19.429: [GC (Allocation Failure)  895523K->574915K(1034752K), 0.0045296 secs]
19.434: Total time for which application threads were stopped: 0.0046930 seconds, Stopping threads took: 0.0000196 seconds
19.499: [GC (Allocation Failure)  896451K->576321K(1034752K), 0.0053437 secs]
19.505: Total time for which application threads were stopped: 0.0055233 seconds, Stopping threads took: 0.0000280 seconds
19.573: [GC (Allocation Failure)  897857K->574947K(1035264K), 0.0049012 secs]
19.578: Total time for which application threads were stopped: 0.0050645 seconds, Stopping threads took: 0.0000205 seconds
19.647: [GC (Allocation Failure)  897507K->574883K(1035264K), 0.0048005 secs]
19.652: Total time for which application threads were stopped: 0.0049704 seconds, Stopping threads took: 0.0000198 seconds
19.719: [GC (Allocation Failure)  897443K->579585K(1033728K), 0.0084908 secs]
19.728: Total time for which application threads were stopped: 0.0086583 seconds, Stopping threads took: 0.0000191 seconds
19.797: [GC (Allocation Failure)  901121K->575139K(1034752K), 0.0048166 secs]
19.801: Total time for which application threads were stopped: 0.0049714 seconds, Stopping threads took: 0.0000196 seconds
19.869: [GC (Allocation Failure)  896675K->574915K(1035264K), 0.0049146 secs]
19.874: Total time for which application threads were stopped: 0.0050834 seconds, Stopping threads took: 0.0000203 seconds
19.942: [GC (Allocation Failure)  896963K->581289K(1034752K), 0.0076973 secs]
19.950: Total time for which application threads were stopped: 0.0078669 seconds, Stopping threads took: 0.0000270 seconds
20.018: [GC (Allocation Failure)  903337K->576203K(1032704K), 0.0046916 secs]
20.023: Total time for which application threads were stopped: 0.0048698 seconds, Stopping threads took: 0.0000197 seconds
20.092: [GC (Allocation Failure)  895691K->576043K(1033728K), 0.0046758 secs]
20.096: Total time for which application threads were stopped: 0.0048422 seconds, Stopping threads took: 0.0000201 seconds
20.163: [GC (Allocation Failure)  895531K->580105K(1033216K), 0.0064161 secs]
20.169: Total time for which application threads were stopped: 0.0065761 seconds, Stopping threads took: 0.0000198 seconds
20.237: [GC (Allocation Failure)  899593K->576139K(1033728K), 0.0048832 secs]
20.242: Total time for which application threads were stopped: 0.0050640 seconds, Stopping threads took: 0.0000287 seconds
20.310: [GC (Allocation Failure)  895627K->576043K(1034240K), 0.0047302 secs]
20.315: Total time for which application threads were stopped: 0.0048982 seconds, Stopping threads took: 0.0000198 seconds
20.384: [GC (Allocation Failure)  896043K->575689K(1033728K), 0.0045546 secs]
20.389: Total time for which application threads were stopped: 0.0047231 seconds, Stopping threads took: 0.0000273 seconds
20.455: [GC (Allocation Failure)  895689K->576107K(1034752K), 0.0050153 secs]
20.460: Total time for which application threads were stopped: 0.0051883 seconds, Stopping threads took: 0.0000255 seconds
20.529: [GC (Allocation Failure)  897131K->576043K(1034240K), 0.0047863 secs]
20.534: Total time for which application threads were stopped: 0.0049589 seconds, Stopping threads took: 0.0000210 seconds
20.601: [GC (Allocation Failure)  897067K->574377K(1035264K), 0.0043554 secs]
20.605: Total time for which application threads were stopped: 0.0045161 seconds, Stopping threads took: 0.0000196 seconds
20.673: [GC (Allocation Failure)  896937K->576043K(1035264K), 0.0047293 secs]
20.678: Total time for which application threads were stopped: 0.0048961 seconds, Stopping threads took: 0.0000279 seconds
20.748: [GC (Allocation Failure)  898603K->576043K(1035776K), 0.0046913 secs]
20.753: Total time for which application threads were stopped: 0.0048501 seconds, Stopping threads took: 0.0000192 seconds
20.821: [GC (Allocation Failure)  899115K->579177K(1035264K), 0.0059748 secs]
20.827: Total time for which application threads were stopped: 0.0061328 seconds, Stopping threads took: 0.0000194 seconds
20.897: [GC (Allocation Failure)  902249K->576235K(1035776K), 0.0048165 secs]
20.901: Total time for which application threads were stopped: 0.0049863 seconds, Stopping threads took: 0.0000193 seconds
20.971: [GC (Allocation Failure)  899307K->576043K(1035264K), 0.0049460 secs]
20.976: Total time for which application threads were stopped: 0.0051084 seconds, Stopping threads took: 0.0000205 seconds
21.045: [GC (Allocation Failure)  899115K->568585K(1033728K), 0.0019203 secs]
21.047: Total time for which application threads were stopped: 0.0020535 seconds, Stopping threads took: 0.0000193 seconds
21.115: [GC (Allocation Failure)  890121K->576203K(1034752K), 0.0049572 secs]
21.120: Total time for which application threads were stopped: 0.0051269 seconds, Stopping threads took: 0.0000204 seconds
21.187: [GC (Allocation Failure)  897739K->580187K(1035776K), 0.0064020 secs]
21.193: Total time for which application threads were stopped: 0.0065754 seconds, Stopping threads took: 0.0000213 seconds
21.261: [GC (Allocation Failure)  903259K->575513K(1035264K), 0.0032098 secs]
21.264: Total time for which application threads were stopped: 0.0033729 seconds, Stopping threads took: 0.0000193 seconds
21.332: [GC (Allocation Failure)  898585K->580331K(1035776K), 0.0051726 secs]
21.337: Total time for which application threads were stopped: 0.0053482 seconds, Stopping threads took: 0.0000195 seconds
21.404: [GC (Allocation Failure)  903403K->584331K(1035264K), 0.0064944 secs]
21.411: Total time for which application threads were stopped: 0.0066635 seconds, Stopping threads took: 0.0000207 seconds
21.480: [GC (Allocation Failure)  907403K->584331K(1036288K), 0.0064386 secs]
21.486: Total time for which application threads were stopped: 0.0066339 seconds, Stopping threads took: 0.0000199 seconds
21.555: [GC (Allocation Failure)  908427K->584395K(1024000K), 0.0056118 secs]
21.560: Total time for which application threads were stopped: 0.0057774 seconds, Stopping threads took: 0.0000219 seconds
21.631: [GC (Allocation Failure)  908491K->592366K(1035264K), 0.0045546 secs]
21.636: Total time for which application threads were stopped: 0.0047236 seconds, Stopping threads took: 0.0000199 seconds
21.702: [GC (Allocation Failure)  914926K->592366K(1035264K), 0.0049310 secs]
21.707: Total time for which application threads were stopped: 0.0050974 seconds, Stopping threads took: 0.0000199 seconds
21.775: [GC (Allocation Failure)  914926K->592614K(1034752K), 0.0056332 secs]
21.781: Total time for which application threads were stopped: 0.0057870 seconds, Stopping threads took: 0.0000198 seconds
21.849: [GC (Allocation Failure)  915174K->600392K(1035264K), 0.0060936 secs]
21.855: Total time for which application threads were stopped: 0.0062860 seconds, Stopping threads took: 0.0000186 seconds
21.924: [GC (Allocation Failure)  922952K->600392K(1035264K), 0.0045563 secs]
21.929: Total time for which application threads were stopped: 0.0047104 seconds, Stopping threads took: 0.0000197 seconds
21.995: [GC (Allocation Failure)  922952K->600456K(1022464K), 0.0054657 secs]
22.000: Total time for which application threads were stopped: 0.0056347 seconds, Stopping threads took: 0.0000195 seconds
22.068: [GC (Allocation Failure)  923016K->608458K(1034752K), 0.0049821 secs]
22.074: Total time for which application threads were stopped: 0.0051515 seconds, Stopping threads took: 0.0000198 seconds
22.142: [GC (Allocation Failure)  929994K->608426K(1034752K), 0.0046107 secs]
22.147: Total time for which application threads were stopped: 0.0047736 seconds, Stopping threads took: 0.0000201 seconds
22.212: [GC (Allocation Failure)  929962K->608586K(1033728K), 0.0056716 secs]
22.218: Total time for which application threads were stopped: 0.0058302 seconds, Stopping threads took: 0.0000203 seconds
22.286: [GC (Allocation Failure)  929098K->616492K(1034240K), 0.0048334 secs]
22.291: Total time for which application threads were stopped: 0.0050515 seconds, Stopping threads took: 0.0000196 seconds
22.361: [GC (Allocation Failure)  937004K->616492K(1034240K), 0.0047319 secs]
22.366: Total time for which application threads were stopped: 0.0049231 seconds, Stopping threads took: 0.0000196 seconds
22.435: [GC (Allocation Failure)  937004K->616812K(1034240K), 0.0057009 secs]
22.441: Total time for which application threads were stopped: 0.0058507 seconds, Stopping threads took: 0.0000170 seconds
22.509: [GC (Allocation Failure)  937324K->624495K(1034240K), 0.0046938 secs]
22.514: Total time for which application threads were stopped: 0.0048648 seconds, Stopping threads took: 0.0000286 seconds
22.582: [GC (Allocation Failure)  945007K->624495K(1034240K), 0.0048896 secs]
22.587: Total time for which application threads were stopped: 0.0050558 seconds, Stopping threads took: 0.0000193 seconds
22.654: [GC (Allocation Failure)  945007K->624559K(1033216K), 0.0057765 secs]
22.660: Total time for which application threads were stopped: 0.0059471 seconds, Stopping threads took: 0.0000198 seconds
22.727: [GC (Allocation Failure)  944047K->632529K(1033728K), 0.0056662 secs]
22.733: Total time for which application threads were stopped: 0.0058388 seconds, Stopping threads took: 0.0000204 seconds
22.800: [GC (Allocation Failure)  952017K->632561K(1033728K), 0.0046701 secs]
22.805: Total time for which application threads were stopped: 0.0048360 seconds, Stopping threads took: 0.0000198 seconds
22.874: [GC (Allocation Failure)  952049K->632777K(1033728K), 0.0054718 secs]
22.879: Total time for which application threads were stopped: 0.0056130 seconds, Stopping threads took: 0.0000160 seconds
22.947: [GC (Allocation Failure)  952265K->640587K(1033728K), 0.0048303 secs]
22.952: Total time for which application threads were stopped: 0.0049926 seconds, Stopping threads took: 0.0000204 seconds
23.021: [GC (Allocation Failure)  960075K->640555K(1033728K), 0.0049976 secs]
23.027: Total time for which application threads were stopped: 0.0051883 seconds, Stopping threads took: 0.0000193 seconds
23.093: [GC (Allocation Failure)  960043K->640779K(1033728K), 0.0057240 secs]
23.099: Total time for which application threads were stopped: 0.0059039 seconds, Stopping threads took: 0.0000172 seconds
23.167: [GC (Allocation Failure)  960267K->648558K(1033728K), 0.0048344 secs]
23.172: Total time for which application threads were stopped: 0.0049967 seconds, Stopping threads took: 0.0000207 seconds
23.239: [GC (Allocation Failure)  968046K->644683K(1034240K), 0.0039135 secs]
23.243: Total time for which application threads were stopped: 0.0040745 seconds, Stopping threads took: 0.0000197 seconds
23.310: [GC (Allocation Failure)  964683K->648750K(1033728K), 0.0052001 secs]
23.316: Total time for which application threads were stopped: 0.0054065 seconds, Stopping threads took: 0.0000200 seconds
23.386: [GC (Allocation Failure)  968750K->652718K(1034752K), 0.0047157 secs]
23.391: Total time for which application threads were stopped: 0.0048966 seconds, Stopping threads took: 0.0000164 seconds
23.460: [GC (Allocation Failure)  974254K->646955K(1034752K), 0.0028711 secs]
23.463: Total time for which application threads were stopped: 0.0030218 seconds, Stopping threads took: 0.0000200 seconds
23.530: [GC (Allocation Failure)  968491K->652790K(1035264K), 0.0051026 secs]
23.535: Total time for which application threads were stopped: 0.0052688 seconds, Stopping threads took: 0.0000197 seconds
23.603: [GC (Allocation Failure)  974838K->656838K(1034752K), 0.0052569 secs]
23.608: Total time for which application threads were stopped: 0.0054214 seconds, Stopping threads took: 0.0000214 seconds
23.674: [GC (Allocation Failure)  978624K->652963K(1035776K), 0.0039767 secs]
23.678: Total time for which application threads were stopped: 0.0041349 seconds, Stopping threads took: 0.0000210 seconds
23.749: [GC (Allocation Failure)  976035K->657038K(1035264K), 0.0054157 secs]
23.754: Total time for which application threads were stopped: 0.0055835 seconds, Stopping threads took: 0.0000186 seconds
23.824: [GC (Allocation Failure)  980110K->661038K(1035264K), 0.0049177 secs]
23.829: Total time for which application threads were stopped: 0.0050777 seconds, Stopping threads took: 0.0000198 seconds
23.899: [GC (Allocation Failure)  984622K->661006K(1035776K), 0.0048963 secs]
23.904: Total time for which application threads were stopped: 0.0050507 seconds, Stopping threads took: 0.0000193 seconds
23.970: [GC (Allocation Failure)  984590K->661134K(1034752K), 0.0058389 secs]
23.976: Total time for which application threads were stopped: 0.0060313 seconds, Stopping threads took: 0.0000198 seconds
24.045: [GC (Allocation Failure)  983694K->669008K(1035264K), 0.0058300 secs]
24.050: Total time for which application threads were stopped: 0.0060142 seconds, Stopping threads took: 0.0000201 seconds
24.117: [GC (Allocation Failure)  991568K->669040K(1034240K), 0.0050506 secs]
24.122: Total time for which application threads were stopped: 0.0052282 seconds, Stopping threads took: 0.0000208 seconds
24.190: [GC (Allocation Failure)  990576K->669096K(1034752K), 0.0055567 secs]
24.196: Total time for which application threads were stopped: 0.0057504 seconds, Stopping threads took: 0.0000207 seconds
24.262: [GC (Allocation Failure)  990632K->677098K(1034752K), 0.0047788 secs]
24.267: Total time for which application threads were stopped: 0.0049729 seconds, Stopping threads took: 0.0000196 seconds
24.336: [GC (Allocation Failure)  998634K->677066K(1029120K), 0.0049683 secs]
24.341: Total time for which application threads were stopped: 0.0051242 seconds, Stopping threads took: 0.0000175 seconds
24.406: [GC (Allocation Failure)  998602K->677322K(1034240K), 0.0058338 secs]
24.412: Total time for which application threads were stopped: 0.0060036 seconds, Stopping threads took: 0.0000201 seconds
24.481: [GC (Allocation Failure)  997834K->685100K(1034240K), 0.0050268 secs]
24.486: Total time for which application threads were stopped: 0.0051886 seconds, Stopping threads took: 0.0000203 seconds
24.554: [GC (Allocation Failure)  1005612K->685100K(1034240K), 0.0048596 secs]
24.559: Total time for which application threads were stopped: 0.0050280 seconds, Stopping threads took: 0.0000198 seconds
24.626: [GC (Allocation Failure)  1005612K->685548K(1020416K), 0.0057590 secs]
24.632: [Full GC (Ergonomics)  685548K->8915K(1020416K), 0.0163687 secs]
24.648: Total time for which application threads were stopped: 0.0223830 seconds, Stopping threads took: 0.0000291 seconds
24.715: [GC (Allocation Failure)  329427K->17589K(1033728K), 0.0065403 secs]
24.722: Total time for which application threads were stopped: 0.0066921 seconds, Stopping threads took: 0.0000165 seconds
24.789: [GC (Allocation Failure)  337077K->17629K(1033728K), 0.0037271 secs]
24.793: Total time for which application threads were stopped: 0.0038938 seconds, Stopping threads took: 0.0000227 seconds
24.859: [GC (Allocation Failure)  337117K->17717K(1033728K), 0.0055091 secs]
24.865: Total time for which application threads were stopped: 0.0056729 seconds, Stopping threads took: 0.0000260 seconds
24.932: [GC (Allocation Failure)  337205K->25688K(1027072K), 0.0037140 secs]
24.936: Total time for which application threads were stopped: 0.0038650 seconds, Stopping threads took: 0.0000179 seconds
25.003: [GC (Allocation Failure)  345176K->25688K(1033216K), 0.0036134 secs]
25.007: Total time for which application threads were stopped: 0.0037735 seconds, Stopping threads took: 0.0000201 seconds
25.073: [GC (Allocation Failure)  344152K->25720K(1033216K), 0.0036340 secs]
25.077: Total time for which application threads were stopped: 0.0038133 seconds, Stopping threads took: 0.0000258 seconds
25.146: [GC (Allocation Failure)  344184K->33722K(1033216K), 0.0035686 secs]
25.149: Total time for which application threads were stopped: 0.0037295 seconds, Stopping threads took: 0.0000201 seconds
25.216: [GC (Allocation Failure)  352186K->26104K(1033216K), 0.0007013 secs]
25.216: Total time for which application threads were stopped: 0.0008525 seconds, Stopping threads took: 0.0000214 seconds
25.284: [GC (Allocation Failure)  344568K->33946K(1033216K), 0.0039188 secs]
25.288: Total time for which application threads were stopped: 0.0042287 seconds, Stopping threads took: 0.0000214 seconds
25.357: [GC (Allocation Failure)  352410K->37842K(1033216K), 0.0049875 secs]
25.362: Total time for which application threads were stopped: 0.0051565 seconds, Stopping threads took: 0.0000199 seconds
25.427: [GC (Allocation Failure)  356306K->38640K(1033216K), 0.0041554 secs]
25.431: Total time for which application threads were stopped: 0.0043112 seconds, Stopping threads took: 0.0000190 seconds
25.501: [GC (Allocation Failure)  357104K->38002K(1033216K), 0.0037756 secs]
25.505: Total time for which application threads were stopped: 0.0040753 seconds, Stopping threads took: 0.0000191 seconds
25.572: [GC (Allocation Failure)  356466K->37874K(1033216K), 0.0038593 secs]
25.576: Total time for which application threads were stopped: 0.0040267 seconds, Stopping threads took: 0.0000195 seconds
25.644: [GC (Allocation Failure)  356338K->30640K(1033216K), 0.0008686 secs]
25.645: Total time for which application threads were stopped: 0.0009985 seconds, Stopping threads took: 0.0000195 seconds
25.710: [GC (Allocation Failure)  349104K->37970K(1033216K), 0.0037488 secs]
25.714: Total time for which application threads were stopped: 0.0039165 seconds, Stopping threads took: 0.0000198 seconds
25.780: [GC (Allocation Failure)  356434K->37842K(1033216K), 0.0037867 secs]
25.784: Total time for which application threads were stopped: 0.0039724 seconds, Stopping threads took: 0.0000224 seconds
25.849: [GC (Allocation Failure)  356306K->38858K(1033216K), 0.0045282 secs]
25.853: Total time for which application threads were stopped: 0.0046813 seconds, Stopping threads took: 0.0000253 seconds
25.921: [GC (Allocation Failure)  357322K->45900K(1033216K), 0.0063854 secs]
25.928: Total time for which application threads were stopped: 0.0065541 seconds, Stopping threads took: 0.0000201 seconds
25.994: [GC (Allocation Failure)  364364K->45868K(1033728K), 0.0037617 secs]
25.998: Total time for which application threads were stopped: 0.0039284 seconds, Stopping threads took: 0.0000199 seconds
26.064: [GC (Allocation Failure)  364844K->47628K(1033216K), 0.0039845 secs]
26.068: Total time for which application threads were stopped: 0.0041541 seconds, Stopping threads took: 0.0000200 seconds
26.135: [GC (Allocation Failure)  366604K->53934K(1033728K), 0.0036410 secs]
26.139: Total time for which application threads were stopped: 0.0038104 seconds, Stopping threads took: 0.0000201 seconds
26.205: [GC (Allocation Failure)  373422K->53934K(1033728K), 0.0037858 secs]
26.209: Total time for which application threads were stopped: 0.0039653 seconds, Stopping threads took: 0.0000202 seconds
26.275: [GC (Allocation Failure)  373422K->54350K(1033728K), 0.0038459 secs]
26.279: Total time for which application threads were stopped: 0.0039948 seconds, Stopping threads took: 0.0000202 seconds
26.348: [GC (Allocation Failure)  373838K->61937K(1033728K), 0.0037116 secs]
26.352: Total time for which application threads were stopped: 0.0038652 seconds, Stopping threads took: 0.0000258 seconds
26.419: [GC (Allocation Failure)  381425K->61905K(1033728K), 0.0038954 secs]
26.423: Total time for which application threads were stopped: 0.0040603 seconds, Stopping threads took: 0.0000197 seconds
26.489: [GC (Allocation Failure)  381393K->65617K(1033728K), 0.0065908 secs]
26.496: Total time for which application threads were stopped: 0.0067817 seconds, Stopping threads took: 0.0000195 seconds
26.564: [GC (Allocation Failure)  385105K->70003K(1034240K), 0.0038694 secs]
26.568: Total time for which application threads were stopped: 0.0040379 seconds, Stopping threads took: 0.0000198 seconds
26.635: [GC (Allocation Failure)  390515K->69971K(1034240K), 0.0038045 secs]
26.639: Total time for which application threads were stopped: 0.0039602 seconds, Stopping threads took: 0.0000199 seconds
26.708: [GC (Allocation Failure)  390483K->70795K(1034240K), 0.0038025 secs]
26.712: Total time for which application threads were stopped: 0.0039862 seconds, Stopping threads took: 0.0000204 seconds
26.780: [GC (Allocation Failure)  391307K->78061K(1034240K), 0.0036210 secs]
26.784: Total time for which application threads were stopped: 0.0037951 seconds, Stopping threads took: 0.0000206 seconds
26.853: [GC (Allocation Failure)  398573K->78029K(1034240K), 0.0046936 secs]
26.857: Total time for which application threads were stopped: 0.0048559 seconds, Stopping threads took: 0.0000208 seconds
26.925: [GC (Allocation Failure)  398541K->81069K(1034240K), 0.0046330 secs]
26.930: Total time for which application threads were stopped: 0.0048076 seconds, Stopping threads took: 0.0000195 seconds
26.998: [GC (Allocation Failure)  401581K->86096K(1034240K), 0.0036696 secs]
27.002: Total time for which application threads were stopped: 0.0038398 seconds, Stopping threads took: 0.0000202 seconds
27.070: [GC (Allocation Failure)  406608K->86064K(1034240K), 0.0040443 secs]
27.074: Total time for which application threads were stopped: 0.0042325 seconds, Stopping threads took: 0.0000228 seconds
27.141: [GC (Allocation Failure)  406576K->87280K(1034240K), 0.0048765 secs]
27.146: Total time for which application threads were stopped: 0.0050628 seconds, Stopping threads took: 0.0000229 seconds
27.215: [GC (Allocation Failure)  407792K->94066K(1034240K), 0.0038577 secs]
27.219: Total time for which application threads were stopped: 0.0040182 seconds, Stopping threads took: 0.0000205 seconds
27.289: [GC (Allocation Failure)  414578K->94098K(1034240K), 0.0037428 secs]
27.292: Total time for which application threads were stopped: 0.0039171 seconds, Stopping threads took: 0.0000206 seconds
27.360: [GC (Allocation Failure)  414610K->94482K(1034240K), 0.0039684 secs]
27.364: Total time for which application threads were stopped: 0.0041552 seconds, Stopping threads took: 0.0000289 seconds
27.432: [GC (Allocation Failure)  414994K->102164K(1034240K), 0.0037756 secs]
27.436: Total time for which application threads were stopped: 0.0039323 seconds, Stopping threads took: 0.0000266 seconds
27.506: [GC (Allocation Failure)  422676K->102132K(1034240K), 0.0038870 secs]
27.510: Total time for which application threads were stopped: 0.0040542 seconds, Stopping threads took: 0.0000198 seconds
27.577: [GC (Allocation Failure)  422644K->103724K(1034240K), 0.0038973 secs]
27.581: Total time for which application threads were stopped: 0.0040919 seconds, Stopping threads took: 0.0000208 seconds
27.650: [GC (Allocation Failure)  424236K->110158K(1034240K), 0.0040279 secs]
27.654: Total time for which application threads were stopped: 0.0041890 seconds, Stopping threads took: 0.0000205 seconds
27.723: [GC (Allocation Failure)  430670K->110158K(1034240K), 0.0038573 secs]
27.727: Total time for which application threads were stopped: 0.0040229 seconds, Stopping threads took: 0.0000216 seconds
27.796: [GC (Allocation Failure)  430670K->110438K(1020416K), 0.0039225 secs]
27.800: Total time for which application threads were stopped: 0.0040815 seconds, Stopping threads took: 0.0000197 seconds
27.871: [GC (Allocation Failure)  430950K->118217K(1033728K), 0.0040319 secs]
27.875: Total time for which application threads were stopped: 0.0041887 seconds, Stopping threads took: 0.0000184 seconds
27.941: [GC (Allocation Failure)  437705K->118153K(1033728K), 0.0039228 secs]
27.945: Total time for which application threads were stopped: 0.0040809 seconds, Stopping threads took: 0.0000199 seconds
28.012: [GC (Allocation Failure)  437641K->118313K(1033728K), 0.0038766 secs]
28.015: Total time for which application threads were stopped: 0.0040360 seconds, Stopping threads took: 0.0000198 seconds
28.085: [GC (Allocation Failure)  437801K->126251K(1033728K), 0.0037668 secs]
28.089: Total time for which application threads were stopped: 0.0039281 seconds, Stopping threads took: 0.0000200 seconds
28.156: [GC (Allocation Failure)  445739K->126155K(1033728K), 0.0040395 secs]
28.160: Total time for which application threads were stopped: 0.0042305 seconds, Stopping threads took: 0.0000195 seconds
28.228: [GC (Allocation Failure)  445643K->126243K(1033728K), 0.0039278 secs]
28.232: Total time for which application threads were stopped: 0.0041111 seconds, Stopping threads took: 0.0000176 seconds
28.302: [GC (Allocation Failure)  445731K->134213K(1033728K), 0.0038852 secs]
28.306: Total time for which application threads were stopped: 0.0040780 seconds, Stopping threads took: 0.0000200 seconds
28.377: [GC (Allocation Failure)  453701K->134213K(1033728K), 0.0038030 secs]
28.381: Total time for which application threads were stopped: 0.0039609 seconds, Stopping threads took: 0.0000261 seconds
28.448: [GC (Allocation Failure)  453701K->134533K(1033728K), 0.0040327 secs]
28.452: Total time for which application threads were stopped: 0.0042047 seconds, Stopping threads took: 0.0000265 seconds
28.520: [GC (Allocation Failure)  454021K->142247K(1027072K), 0.0037387 secs]
28.524: Total time for which application threads were stopped: 0.0039333 seconds, Stopping threads took: 0.0000202 seconds
28.591: [GC (Allocation Failure)  461735K->142247K(1033216K), 0.0039071 secs]
28.595: Total time for which application threads were stopped: 0.0040696 seconds, Stopping threads took: 0.0000199 seconds
28.661: [GC (Allocation Failure)  460711K->142759K(1033216K), 0.0039382 secs]
28.665: Total time for which application threads were stopped: 0.0041042 seconds, Stopping threads took: 0.0000190 seconds
28.733: [GC (Allocation Failure)  461223K->150314K(1033216K), 0.0040262 secs]
28.737: Total time for which application threads were stopped: 0.0041877 seconds, Stopping threads took: 0.0000192 seconds
28.803: [GC (Allocation Failure)  468778K->150282K(1033216K), 0.0039496 secs]
28.807: Total time for which application threads were stopped: 0.0041584 seconds, Stopping threads took: 0.0000358 seconds
28.873: [GC (Allocation Failure)  468746K->150986K(1033216K), 0.0040626 secs]
28.878: Total time for which application threads were stopped: 0.0042450 seconds, Stopping threads took: 0.0000172 seconds
28.946: [GC (Allocation Failure)  469450K->158348K(1033216K), 0.0039928 secs]
28.951: Total time for which application threads were stopped: 0.0041597 seconds, Stopping threads took: 0.0000260 seconds
29.018: [GC (Allocation Failure)  476812K->158348K(1033216K), 0.0038505 secs]
29.022: Total time for which application threads were stopped: 0.0040461 seconds, Stopping threads took: 0.0000207 seconds
29.089: [GC (Allocation Failure)  476812K->159244K(1033216K), 0.0039958 secs]
29.093: Total time for which application threads were stopped: 0.0041625 seconds, Stopping threads took: 0.0000165 seconds
29.161: [GC (Allocation Failure)  477708K->166350K(1033216K), 0.0038279 secs]
29.165: Total time for which application threads were stopped: 0.0040087 seconds, Stopping threads took: 0.0000200 seconds
29.233: [GC (Allocation Failure)  484814K->166350K(1033216K), 0.0041334 secs]
29.237: Total time for which application threads were stopped: 0.0043025 seconds, Stopping threads took: 0.0000219 seconds
29.304: [GC (Allocation Failure)  484814K->166406K(1033216K), 0.0040753 secs]
29.308: Total time for which application threads were stopped: 0.0042506 seconds, Stopping threads took: 0.0000199 seconds
29.376: [GC (Allocation Failure)  484870K->174440K(1033216K), 0.0041379 secs]
29.381: Total time for which application threads were stopped: 0.0042972 seconds, Stopping threads took: 0.0000198 seconds
29.448: [GC (Allocation Failure)  492904K->174408K(1033216K), 0.0040070 secs]
29.452: Total time for which application threads were stopped: 0.0041730 seconds, Stopping threads took: 0.0000188 seconds
29.517: [GC (Allocation Failure)  492872K->174664K(1033216K), 0.0043313 secs]
29.522: Total time for which application threads were stopped: 0.0045083 seconds, Stopping threads took: 0.0000188 seconds
29.590: [GC (Allocation Failure)  493128K->182443K(1033216K), 0.0042126 secs]
29.594: Total time for which application threads were stopped: 0.0043718 seconds, Stopping threads took: 0.0000203 seconds
29.660: [GC (Allocation Failure)  500907K->182443K(1033216K), 0.0041786 secs]
29.664: Total time for which application threads were stopped: 0.0043417 seconds, Stopping threads took: 0.0000194 seconds
29.729: [GC (Allocation Failure)  500907K->182859K(1033216K), 0.0040722 secs]
29.733: Total time for which application threads were stopped: 0.0042480 seconds, Stopping threads took: 0.0000190 seconds
29.800: [GC (Allocation Failure)  501323K->190445K(1033216K), 0.0039336 secs]
29.804: Total time for which application threads were stopped: 0.0040929 seconds, Stopping threads took: 0.0000196 seconds
29.872: [GC (Allocation Failure)  508909K->190445K(1033216K), 0.0039122 secs]
29.876: Total time for which application threads were stopped: 0.0040780 seconds, Stopping threads took: 0.0000195 seconds
29.941: [GC (Allocation Failure)  508909K->190597K(1033216K), 0.0042187 secs]
29.945: Total time for which application threads were stopped: 0.0043768 seconds, Stopping threads took: 0.0000199 seconds
30.012: [GC (Allocation Failure)  509061K->198503K(1033216K), 0.0041812 secs]
30.016: Total time for which application threads were stopped: 0.0043588 seconds, Stopping threads took: 0.0000193 seconds
30.082: [GC (Allocation Failure)  516967K->198471K(1033216K), 0.0041294 secs]
30.086: Total time for which application threads were stopped: 0.0042900 seconds, Stopping threads took: 0.0000192 seconds
30.152: [GC (Allocation Failure)  516935K->198599K(1033216K), 0.0040486 secs]
30.156: Total time for which application threads were stopped: 0.0042174 seconds, Stopping threads took: 0.0000204 seconds
30.223: [GC (Allocation Failure)  517063K->206538K(1033216K), 0.0040186 secs]
30.227: Total time for which application threads were stopped: 0.0041873 seconds, Stopping threads took: 0.0000203 seconds
30.293: [GC (Allocation Failure)  525002K->206506K(1033216K), 0.0042367 secs]
30.298: Total time for which application threads were stopped: 0.0044168 seconds, Stopping threads took: 0.0000207 seconds
30.362: [GC (Allocation Failure)  524970K->206570K(1033216K), 0.0040036 secs]
30.367: Total time for which application threads were stopped: 0.0041669 seconds, Stopping threads took: 0.0000190 seconds
30.436: [GC (Allocation Failure)  525034K->214540K(1033216K), 0.0038264 secs]
30.440: Total time for which application threads were stopped: 0.0039824 seconds, Stopping threads took: 0.0000175 seconds
30.506: [GC (Allocation Failure)  533004K->214540K(1033216K), 0.0040566 secs]
30.510: Total time for which application threads were stopped: 0.0042327 seconds, Stopping threads took: 0.0000187 seconds
30.575: [GC (Allocation Failure)  533004K->214796K(1033216K), 0.0040997 secs]
30.580: Total time for which application threads were stopped: 0.0042571 seconds, Stopping threads took: 0.0000173 seconds
30.648: [GC (Allocation Failure)  533260K->222606K(1033216K), 0.0040903 secs]
30.652: Total time for which application threads were stopped: 0.0042593 seconds, Stopping threads took: 0.0000200 seconds
30.720: [GC (Allocation Failure)  541070K->222574K(1033216K), 0.0039682 secs]
30.724: Total time for which application threads were stopped: 0.0041609 seconds, Stopping threads took: 0.0000198 seconds
30.790: [GC (Allocation Failure)  541038K->222790K(1033216K), 0.0041272 secs]
30.794: Total time for which application threads were stopped: 0.0043192 seconds, Stopping threads took: 0.0000194 seconds
30.864: [GC (Allocation Failure)  541254K->230568K(1033216K), 0.0046344 secs]
30.868: Total time for which application threads were stopped: 0.0047912 seconds, Stopping threads took: 0.0000178 seconds
30.935: [GC (Allocation Failure)  549032K->224646K(1033216K), 0.0019217 secs]
30.937: Total time for which application threads were stopped: 0.0020647 seconds, Stopping threads took: 0.0000191 seconds
31.006: [GC (Allocation Failure)  543110K->230736K(1034240K), 0.0042116 secs]
31.010: Total time for which application threads were stopped: 0.0043799 seconds, Stopping threads took: 0.0000194 seconds
31.077: [GC (Allocation Failure)  550224K->234776K(1033216K), 0.0045023 secs]
31.082: Total time for which application threads were stopped: 0.0046699 seconds, Stopping threads took: 0.0000220 seconds
31.149: [GC (Allocation Failure)  554264K->239286K(1030656K), 0.0059618 secs]
31.155: Total time for which application threads were stopped: 0.0061487 seconds, Stopping threads took: 0.0000282 seconds
31.221: [GC (Allocation Failure)  555702K->234808K(1032192K), 0.0043533 secs]
31.225: Total time for which application threads were stopped: 0.0045223 seconds, Stopping threads took: 0.0000201 seconds
31.290: [GC (Allocation Failure)  551224K->234744K(1032704K), 0.0042981 secs]
31.295: Total time for which application threads were stopped: 0.0044717 seconds, Stopping threads took: 0.0000203 seconds
31.360: [GC (Allocation Failure)  552184K->238264K(1032704K), 0.0047638 secs]
31.365: Total time for which application threads were stopped: 0.0049311 seconds, Stopping threads took: 0.0000259 seconds
31.432: [GC (Allocation Failure)  555704K->242779K(1033216K), 0.0041327 secs]
31.436: Total time for which application threads were stopped: 0.0042926 seconds, Stopping threads took: 0.0000201 seconds
31.501: [GC (Allocation Failure)  561243K->242779K(1033216K), 0.0042043 secs]
31.506: Total time for which application threads were stopped: 0.0043949 seconds, Stopping threads took: 0.0000190 seconds
31.572: [GC (Allocation Failure)  561243K->245499K(1033728K), 0.0045993 secs]
31.576: Total time for which application threads were stopped: 0.0047594 seconds, Stopping threads took: 0.0000173 seconds
31.644: [GC (Allocation Failure)  564987K->250845K(1033728K), 0.0043600 secs]
31.649: Total time for which application threads were stopped: 0.0045304 seconds, Stopping threads took: 0.0000202 seconds
31.717: [GC (Allocation Failure)  570333K->250813K(1034240K), 0.0041704 secs]
31.722: Total time for which application threads were stopped: 0.0043331 seconds, Stopping threads took: 0.0000202 seconds
31.788: [GC (Allocation Failure)  570813K->253213K(1033728K), 0.0044552 secs]
31.793: Total time for which application threads were stopped: 0.0046111 seconds, Stopping threads took: 0.0000192 seconds
31.864: [GC (Allocation Failure)  573213K->258815K(1034240K), 0.0047747 secs]
31.869: Total time for which application threads were stopped: 0.0050179 seconds, Stopping threads took: 0.0000496 seconds
31.940: [GC (Allocation Failure)  579327K->258815K(1034240K), 0.0041822 secs]
31.944: Total time for which application threads were stopped: 0.0043580 seconds, Stopping threads took: 0.0000198 seconds
32.012: [GC (Allocation Failure)  579327K->263015K(1034752K), 0.0051202 secs]
32.017: Total time for which application threads were stopped: 0.0052836 seconds, Stopping threads took: 0.0000199 seconds
32.084: [GC (Allocation Failure)  584039K->266985K(1034240K), 0.0039687 secs]
32.088: Total time for which application threads were stopped: 0.0041638 seconds, Stopping threads took: 0.0000210 seconds
32.157: [GC (Allocation Failure)  588009K->266921K(1034752K), 0.0042874 secs]
32.161: Total time for which application threads were stopped: 0.0044436 seconds, Stopping threads took: 0.0000190 seconds
32.228: [GC (Allocation Failure)  588457K->267145K(1034752K), 0.0042528 secs]
32.232: Total time for which application threads were stopped: 0.0044309 seconds, Stopping threads took: 0.0000205 seconds
32.300: [GC (Allocation Failure)  588681K->274956K(1034752K), 0.0043852 secs]
32.305: Total time for which application threads were stopped: 0.0045515 seconds, Stopping threads took: 0.0000200 seconds
32.372: [GC (Allocation Failure)  596492K->274924K(1034752K), 0.0039923 secs]
32.376: Total time for which application threads were stopped: 0.0041825 seconds, Stopping threads took: 0.0000285 seconds
32.443: [GC (Allocation Failure)  596460K->276396K(1033728K), 0.0043469 secs]
32.447: Total time for which application threads were stopped: 0.0045027 seconds, Stopping threads took: 0.0000171 seconds
32.514: [GC (Allocation Failure)  596908K->282958K(1034240K), 0.0041043 secs]
32.518: Total time for which application threads were stopped: 0.0042854 seconds, Stopping threads took: 0.0000201 seconds
32.586: [GC (Allocation Failure)  603470K->282990K(1034752K), 0.0040978 secs]
32.590: Total time for which application threads were stopped: 0.0042653 seconds, Stopping threads took: 0.0000204 seconds
32.656: [GC (Allocation Failure)  604014K->283078K(1034240K), 0.0043000 secs]
32.661: Total time for which application threads were stopped: 0.0044567 seconds, Stopping threads took: 0.0000195 seconds
32.728: [GC (Allocation Failure)  604102K->291016K(1034240K), 0.0042284 secs]
32.732: Total time for which application threads were stopped: 0.0043943 seconds, Stopping threads took: 0.0000199 seconds
32.799: [GC (Allocation Failure)  611528K->291016K(1034240K), 0.0042100 secs]
32.803: Total time for which application threads were stopped: 0.0043771 seconds, Stopping threads took: 0.0000202 seconds
32.871: [GC (Allocation Failure)  611528K->293896K(1034240K), 0.0047555 secs]
32.876: Total time for which application threads were stopped: 0.0050431 seconds, Stopping threads took: 0.0001386 seconds
32.946: [GC (Allocation Failure)  614408K->299146K(1034240K), 0.0042905 secs]
32.951: Total time for which application threads were stopped: 0.0044591 seconds, Stopping threads took: 0.0000198 seconds
33.018: [GC (Allocation Failure)  619658K->299050K(1034240K), 0.0040560 secs]
33.023: Total time for which application threads were stopped: 0.0042258 seconds, Stopping threads took: 0.0000285 seconds
33.092: [GC (Allocation Failure)  619562K->300074K(1034240K), 0.0044590 secs]
33.096: Total time for which application threads were stopped: 0.0046356 seconds, Stopping threads took: 0.0000216 seconds
33.165: [GC (Allocation Failure)  620586K->307117K(1034240K), 0.0042717 secs]
33.169: Total time for which application threads were stopped: 0.0044426 seconds, Stopping threads took: 0.0000207 seconds
33.237: [GC (Allocation Failure)  627629K->307053K(1034240K), 0.0042012 secs]
33.241: Total time for which application threads were stopped: 0.0043857 seconds, Stopping threads took: 0.0000211 seconds
33.309: [GC (Allocation Failure)  627565K->310381K(1034752K), 0.0050066 secs]
33.315: Total time for which application threads were stopped: 0.0051716 seconds, Stopping threads took: 0.0000191 seconds
33.382: [GC (Allocation Failure)  631405K->315119K(1034240K), 0.0041502 secs]
33.386: Total time for which application threads were stopped: 0.0043178 seconds, Stopping threads took: 0.0000283 seconds
33.453: [GC (Allocation Failure)  636143K->315087K(1034752K), 0.0040754 secs]
33.457: Total time for which application threads were stopped: 0.0042617 seconds, Stopping threads took: 0.0000280 seconds
33.527: [GC (Allocation Failure)  636623K->318631K(1034752K), 0.0050213 secs]
33.532: Total time for which application threads were stopped: 0.0051922 seconds, Stopping threads took: 0.0000202 seconds
33.600: [GC (Allocation Failure)  640167K->323145K(1034752K), 0.0049801 secs]
33.605: Total time for which application threads were stopped: 0.0051703 seconds, Stopping threads took: 0.0000211 seconds
33.673: [GC (Allocation Failure)  644681K->323113K(1034752K), 0.0044419 secs]
33.677: Total time for which application threads were stopped: 0.0045988 seconds, Stopping threads took: 0.0000199 seconds
33.744: [GC (Allocation Failure)  644649K->323753K(1034752K), 0.0044106 secs]
33.749: Total time for which application threads were stopped: 0.0045664 seconds, Stopping threads took: 0.0000198 seconds
33.817: [GC (Allocation Failure)  645289K->331180K(1034752K), 0.0043267 secs]
33.821: Total time for which application threads were stopped: 0.0044938 seconds, Stopping threads took: 0.0000202 seconds
33.888: [GC (Allocation Failure)  652716K->331180K(1034752K), 0.0042621 secs]
33.893: Total time for which application threads were stopped: 0.0044138 seconds, Stopping threads took: 0.0000184 seconds
33.959: [GC (Allocation Failure)  652716K->333004K(1034752K), 0.0043833 secs]
33.963: Total time for which application threads were stopped: 0.0045767 seconds, Stopping threads took: 0.0000196 seconds
34.031: [GC (Allocation Failure)  654540K->339310K(1034752K), 0.0044947 secs]
34.035: Total time for which application threads were stopped: 0.0046938 seconds, Stopping threads took: 0.0000173 seconds
34.104: [GC (Allocation Failure)  660846K->339182K(1034752K), 0.0043579 secs]
34.108: Total time for which application threads were stopped: 0.0045304 seconds, Stopping threads took: 0.0000213 seconds
34.175: [GC (Allocation Failure)  660718K->342222K(1034752K), 0.0048851 secs]
34.180: Total time for which application threads were stopped: 0.0050757 seconds, Stopping threads took: 0.0000191 seconds
34.250: [GC (Allocation Failure)  663758K->347248K(1034752K), 0.0040281 secs]
34.254: Total time for which application threads were stopped: 0.0041785 seconds, Stopping threads took: 0.0000170 seconds
34.322: [GC (Allocation Failure)  668784K->347216K(1034752K), 0.0042037 secs]
34.326: Total time for which application threads were stopped: 0.0043865 seconds, Stopping threads took: 0.0000203 seconds
34.394: [GC (Allocation Failure)  668752K->347368K(1021440K), 0.0043303 secs]
34.398: Total time for which application threads were stopped: 0.0045383 seconds, Stopping threads took: 0.0000255 seconds
34.467: [GC (Allocation Failure)  668904K->355242K(1034240K), 0.0044728 secs]
34.472: Total time for which application threads were stopped: 0.0046434 seconds, Stopping threads took: 0.0000209 seconds
34.540: [GC (Allocation Failure)  675754K->355242K(1034240K), 0.0064894 secs]
34.546: Total time for which application threads were stopped: 0.0066523 seconds, Stopping threads took: 0.0000203 seconds
34.614: [GC (Allocation Failure)  675754K->358666K(1034752K), 0.0049756 secs]
34.619: Total time for which application threads were stopped: 0.0051548 seconds, Stopping threads took: 0.0000199 seconds
34.688: [GC (Allocation Failure)  679690K->363277K(1034240K), 0.0039990 secs]
34.692: Total time for which application threads were stopped: 0.0041853 seconds, Stopping threads took: 0.0000257 seconds
34.759: [GC (Allocation Failure)  684301K->363277K(1034752K), 0.0042019 secs]
34.763: Total time for which application threads were stopped: 0.0043648 seconds, Stopping threads took: 0.0000199 seconds
34.830: [GC (Allocation Failure)  684813K->366925K(1034752K), 0.0051736 secs]
34.835: Total time for which application threads were stopped: 0.0053441 seconds, Stopping threads took: 0.0000198 seconds
34.904: [GC (Allocation Failure)  688461K->371407K(1034752K), 0.0044970 secs]
34.909: Total time for which application threads were stopped: 0.0046698 seconds, Stopping threads took: 0.0000201 seconds
34.977: [GC (Allocation Failure)  692943K->371343K(1034752K), 0.0044503 secs]
34.982: Total time for which application threads were stopped: 0.0046068 seconds, Stopping threads took: 0.0000199 seconds
35.048: [GC (Allocation Failure)  692879K->372071K(1034752K), 0.0044300 secs]
35.053: Total time for which application threads were stopped: 0.0045878 seconds, Stopping threads took: 0.0000189 seconds
35.121: [GC (Allocation Failure)  693607K->379369K(1034752K), 0.0044060 secs]
35.125: Total time for which application threads were stopped: 0.0045638 seconds, Stopping threads took: 0.0000198 seconds
35.194: [GC (Allocation Failure)  700905K->379337K(1034752K), 0.0042996 secs]
35.198: Total time for which application threads were stopped: 0.0044718 seconds, Stopping threads took: 0.0000205 seconds
35.266: [GC (Allocation Failure)  700873K->381353K(1034752K), 0.0046867 secs]
35.271: Total time for which application threads were stopped: 0.0048559 seconds, Stopping threads took: 0.0000196 seconds
35.339: [GC (Allocation Failure)  702889K->387371K(1034752K), 0.0042606 secs]
35.343: Total time for which application threads were stopped: 0.0044357 seconds, Stopping threads took: 0.0000205 seconds
35.411: [GC (Allocation Failure)  708907K->387403K(1034752K), 0.0042953 secs]
35.415: Total time for which application threads were stopped: 0.0044434 seconds, Stopping threads took: 0.0000170 seconds
35.481: [GC (Allocation Failure)  708939K->390603K(1034752K), 0.0050053 secs]
35.486: Total time for which application threads were stopped: 0.0051865 seconds, Stopping threads took: 0.0000252 seconds
35.553: [GC (Allocation Failure)  712139K->395438K(1034752K), 0.0044818 secs]
35.557: Total time for which application threads were stopped: 0.0046760 seconds, Stopping threads took: 0.0000207 seconds
35.625: [GC (Allocation Failure)  716974K->395406K(1034752K), 0.0045636 secs]
35.629: Total time for which application threads were stopped: 0.0047346 seconds, Stopping threads took: 0.0000195 seconds
35.694: [GC (Allocation Failure)  716942K->395758K(1034752K), 0.0043364 secs]
35.699: Total time for which application threads were stopped: 0.0045255 seconds, Stopping threads took: 0.0000205 seconds
35.765: [GC (Allocation Failure)  717294K->403408K(1034752K), 0.0045830 secs]
35.769: Total time for which application threads were stopped: 0.0047505 seconds, Stopping threads took: 0.0000201 seconds
35.836: [GC (Allocation Failure)  724944K->403408K(1034752K), 0.0044741 secs]
35.841: Total time for which application threads were stopped: 0.0046350 seconds, Stopping threads took: 0.0000198 seconds
35.907: [GC (Allocation Failure)  724944K->405000K(1034752K), 0.0045923 secs]
35.911: Total time for which application threads were stopped: 0.0047522 seconds, Stopping threads took: 0.0000199 seconds
35.982: [GC (Allocation Failure)  726536K->411562K(1029120K), 0.0044502 secs]
35.986: Total time for which application threads were stopped: 0.0046207 seconds, Stopping threads took: 0.0000201 seconds
36.053: [GC (Allocation Failure)  733098K->411466K(1034240K), 0.0046121 secs]
36.058: Total time for which application threads were stopped: 0.0047824 seconds, Stopping threads took: 0.0000205 seconds
36.126: [GC (Allocation Failure)  731978K->413218K(1034240K), 0.0048093 secs]
36.131: Total time for which application threads were stopped: 0.0049709 seconds, Stopping threads took: 0.0000200 seconds
36.199: [GC (Allocation Failure)  733730K->419524K(1034240K), 0.0047035 secs]
36.203: Total time for which application threads were stopped: 0.0048822 seconds, Stopping threads took: 0.0000207 seconds
36.271: [GC (Allocation Failure)  740036K->419492K(1034240K), 0.0044017 secs]
36.276: Total time for which application threads were stopped: 0.0045816 seconds, Stopping threads took: 0.0000196 seconds
36.341: [GC (Allocation Failure)  740004K->423436K(1034752K), 0.0054034 secs]
36.346: Total time for which application threads were stopped: 0.0055748 seconds, Stopping threads took: 0.0000198 seconds
36.414: [GC (Allocation Failure)  744460K->427535K(1034240K), 0.0044244 secs]
36.419: Total time for which application threads were stopped: 0.0046015 seconds, Stopping threads took: 0.0000266 seconds
36.485: [GC (Allocation Failure)  748559K->427503K(1034752K), 0.0053746 secs]
36.490: Total time for which application threads were stopped: 0.0055673 seconds, Stopping threads took: 0.0000196 seconds
36.557: [GC (Allocation Failure)  749039K->431655K(1034752K), 0.0054646 secs]
36.563: Total time for which application threads were stopped: 0.0056483 seconds, Stopping threads took: 0.0000227 seconds
36.632: [GC (Allocation Failure)  753191K->435657K(1035264K), 0.0046161 secs]
36.637: Total time for which application threads were stopped: 0.0047791 seconds, Stopping threads took: 0.0000205 seconds
36.705: [GC (Allocation Failure)  758217K->435625K(1035264K), 0.0045499 secs]
36.710: Total time for which application threads were stopped: 0.0047156 seconds, Stopping threads took: 0.0000199 seconds
36.776: [GC (Allocation Failure)  758185K->438889K(1035264K), 0.0050601 secs]
36.781: Total time for which application threads were stopped: 0.0052302 seconds, Stopping threads took: 0.0000202 seconds
36.849: [GC (Allocation Failure)  761449K->443627K(1035264K), 0.0048588 secs]
36.854: Total time for which application threads were stopped: 0.0050765 seconds, Stopping threads took: 0.0000284 seconds
36.921: [GC (Allocation Failure)  766187K->443595K(1035264K), 0.0045900 secs]
36.925: Total time for which application threads were stopped: 0.0047799 seconds, Stopping threads took: 0.0000192 seconds
36.992: [GC (Allocation Failure)  766155K->447115K(1035264K), 0.0052390 secs]
36.998: Total time for which application threads were stopped: 0.0054215 seconds, Stopping threads took: 0.0000200 seconds
37.066: [GC (Allocation Failure)  769675K->451662K(1035264K), 0.0045264 secs]
37.071: Total time for which application threads were stopped: 0.0046912 seconds, Stopping threads took: 0.0000203 seconds
37.140: [GC (Allocation Failure)  774222K->451630K(1035264K), 0.0046911 secs]
37.144: Total time for which application threads were stopped: 0.0048840 seconds, Stopping threads took: 0.0000212 seconds
37.210: [GC (Allocation Failure)  774190K->455342K(1035776K), 0.0054554 secs]
37.216: Total time for which application threads were stopped: 0.0056290 seconds, Stopping threads took: 0.0000207 seconds
37.284: [GC (Allocation Failure)  778414K->459824K(1035264K), 0.0046079 secs]
37.289: Total time for which application threads were stopped: 0.0048044 seconds, Stopping threads took: 0.0000209 seconds
37.359: [GC (Allocation Failure)  782896K->459664K(1035776K), 0.0045211 secs]
37.364: Total time for which application threads were stopped: 0.0046853 seconds, Stopping threads took: 0.0000197 seconds
37.433: [GC (Allocation Failure)  783248K->457582K(1035776K), 0.0036282 secs]
37.437: Total time for which application threads were stopped: 0.0037936 seconds, Stopping threads took: 0.0000276 seconds
37.505: [GC (Allocation Failure)  781166K->459824K(1036288K), 0.0046701 secs]
37.510: Total time for which application threads were stopped: 0.0048643 seconds, Stopping threads took: 0.0000192 seconds
37.579: [GC (Allocation Failure)  784432K->459664K(1036288K), 0.0043957 secs]
37.584: Total time for which application threads were stopped: 0.0045944 seconds, Stopping threads took: 0.0000215 seconds
37.652: [GC (Allocation Failure)  784272K->466990K(1031168K), 0.0079273 secs]
37.660: Total time for which application threads were stopped: 0.0080896 seconds, Stopping threads took: 0.0000165 seconds
37.729: [GC (Allocation Failure)  786478K->462832K(1033728K), 0.0045209 secs]
37.733: Total time for which application threads were stopped: 0.0046711 seconds, Stopping threads took: 0.0000168 seconds
37.799: [GC (Allocation Failure)  782320K->462800K(1034752K), 0.0044943 secs]
37.804: Total time for which application threads were stopped: 0.0046568 seconds, Stopping threads took: 0.0000209 seconds
37.873: [GC (Allocation Failure)  783824K->466734K(1032704K), 0.0060239 secs]
37.879: Total time for which application threads were stopped: 0.0062188 seconds, Stopping threads took: 0.0000264 seconds
37.945: [GC (Allocation Failure)  787758K->462800K(1034240K), 0.0045408 secs]
37.950: Total time for which application threads were stopped: 0.0047106 seconds, Stopping threads took: 0.0000197 seconds
38.018: [GC (Allocation Failure)  782800K->462800K(1033728K), 0.0046072 secs]
38.022: Total time for which application threads were stopped: 0.0047777 seconds, Stopping threads took: 0.0000198 seconds
38.088: [GC (Allocation Failure)  782800K->464366K(1034752K), 0.0053709 secs]
38.093: Total time for which application threads were stopped: 0.0055385 seconds, Stopping threads took: 0.0000270 seconds
38.163: [GC (Allocation Failure)  785902K->463024K(1034752K), 0.0046009 secs]
38.168: Total time for which application threads were stopped: 0.0047695 seconds, Stopping threads took: 0.0000197 seconds
38.235: [GC (Allocation Failure)  784560K->462800K(1035776K), 0.0044446 secs]
38.239: Total time for which application threads were stopped: 0.0046192 seconds, Stopping threads took: 0.0000212 seconds
38.306: [GC (Allocation Failure)  785872K->467150K(1035264K), 0.0064806 secs]
38.313: Total time for which application threads were stopped: 0.0066530 seconds, Stopping threads took: 0.0000203 seconds
38.381: [GC (Allocation Failure)  790222K->462960K(1035264K), 0.0044061 secs]
38.385: Total time for which application threads were stopped: 0.0045771 seconds, Stopping threads took: 0.0000280 seconds
38.453: [GC (Allocation Failure)  785520K->462768K(1035264K), 0.0045803 secs]
38.458: Total time for which application threads were stopped: 0.0047660 seconds, Stopping threads took: 0.0000199 seconds
38.525: [GC (Allocation Failure)  785328K->455566K(1034240K), 0.0016728 secs]
38.527: Total time for which application threads were stopped: 0.0018012 seconds, Stopping threads took: 0.0000199 seconds
38.595: [GC (Allocation Failure)  777102K->462944K(1034752K), 0.0044536 secs]
38.599: Total time for which application threads were stopped: 0.0046475 seconds, Stopping threads took: 0.0000200 seconds
38.668: [GC (Allocation Failure)  784480K->466888K(1035264K), 0.0056358 secs]
38.674: Total time for which application threads were stopped: 0.0057925 seconds, Stopping threads took: 0.0000171 seconds
38.741: [GC (Allocation Failure)  789448K->461958K(1035264K), 0.0028697 secs]
38.744: Total time for which application threads were stopped: 0.0030429 seconds, Stopping threads took: 0.0000197 seconds
38.812: [GC (Allocation Failure)  784518K->467008K(1035264K), 0.0046465 secs]
38.817: Total time for which application threads were stopped: 0.0048244 seconds, Stopping threads took: 0.0000196 seconds
38.885: [GC (Allocation Failure)  789568K->471072K(1035264K), 0.0044377 secs]
38.890: Total time for which application threads were stopped: 0.0046240 seconds, Stopping threads took: 0.0000178 seconds
38.956: [GC (Allocation Failure)  793631K->467166K(1035776K), 0.0035092 secs]
38.960: Total time for which application threads were stopped: 0.0036585 seconds, Stopping threads took: 0.0000170 seconds
39.029: [GC (Allocation Failure)  790750K->471192K(1035776K), 0.0047260 secs]
39.034: Total time for which application threads were stopped: 0.0048887 seconds, Stopping threads took: 0.0000196 seconds
39.102: [GC (Allocation Failure)  794776K->475224K(1035776K), 0.0045837 secs]
39.107: Total time for which application threads were stopped: 0.0047816 seconds, Stopping threads took: 0.0000209 seconds
39.175: [GC (Allocation Failure)  798808K->475224K(1035776K), 0.0045121 secs]
39.180: Total time for which application threads were stopped: 0.0046821 seconds, Stopping threads took: 0.0000208 seconds
39.247: [GC (Allocation Failure)  798808K->475256K(1034752K), 0.0045786 secs]
39.252: Total time for which application threads were stopped: 0.0047507 seconds, Stopping threads took: 0.0000206 seconds
39.322: [GC (Allocation Failure)  797816K->483258K(1035264K), 0.0045176 secs]
39.326: Total time for which application threads were stopped: 0.0046980 seconds, Stopping threads took: 0.0000201 seconds
39.393: [GC (Allocation Failure)  805818K->483226K(1035264K), 0.0045669 secs]
39.398: Total time for which application threads were stopped: 0.0047362 seconds, Stopping threads took: 0.0000283 seconds
39.464: [GC (Allocation Failure)  805786K->483290K(1022464K), 0.0046724 secs]
39.469: Total time for which application threads were stopped: 0.0048426 seconds, Stopping threads took: 0.0000200 seconds
39.537: [GC (Allocation Failure)  805850K->491260K(1034752K), 0.0047705 secs]
39.542: Total time for which application threads were stopped: 0.0049412 seconds, Stopping threads took: 0.0000202 seconds
39.610: [GC (Allocation Failure)  812796K->491260K(1034752K), 0.0044341 secs]
39.614: Total time for which application threads were stopped: 0.0046057 seconds, Stopping threads took: 0.0000208 seconds
39.681: [GC (Allocation Failure)  812796K->491524K(1034752K), 0.0047260 secs]
39.686: Total time for which application threads were stopped: 0.0048924 seconds, Stopping threads took: 0.0000210 seconds
39.753: [GC (Allocation Failure)  813060K->499335K(1029120K), 0.0045478 secs]
39.758: Total time for which application threads were stopped: 0.0047194 seconds, Stopping threads took: 0.0000193 seconds
39.825: [GC (Allocation Failure)  820871K->499303K(1034240K), 0.0045401 secs]
39.830: Total time for which application threads were stopped: 0.0046999 seconds, Stopping threads took: 0.0000211 seconds
39.900: [GC (Allocation Failure)  819815K->499751K(1034240K), 0.0048393 secs]
39.905: Total time for which application threads were stopped: 0.0050128 seconds, Stopping threads took: 0.0000207 seconds
39.973: [GC (Allocation Failure)  820263K->507337K(1034240K), 0.0045287 secs]
39.977: Total time for which application threads were stopped: 0.0047291 seconds, Stopping threads took: 0.0000194 seconds
40.046: [GC (Allocation Failure)  827849K->507305K(1034240K), 0.0046003 secs]
40.050: Total time for which application threads were stopped: 0.0047974 seconds, Stopping threads took: 0.0000207 seconds
40.118: [GC (Allocation Failure)  827817K->507465K(1034240K), 0.0046657 secs]
40.123: Total time for which application threads were stopped: 0.0048143 seconds, Stopping threads took: 0.0000167 seconds
40.190: [GC (Allocation Failure)  827977K->515403K(1028096K), 0.0046048 secs]
40.195: Total time for which application threads were stopped: 0.0048015 seconds, Stopping threads took: 0.0000279 seconds
40.262: [GC (Allocation Failure)  835915K->515371K(1033728K), 0.0046298 secs]
40.267: Total time for which application threads were stopped: 0.0047953 seconds, Stopping threads took: 0.0000266 seconds
40.334: [GC (Allocation Failure)  834859K->515435K(1033728K), 0.0047416 secs]
40.338: Total time for which application threads were stopped: 0.0049146 seconds, Stopping threads took: 0.0000194 seconds
40.405: [GC (Allocation Failure)  834923K->523437K(1033728K), 0.0054111 secs]
40.410: Total time for which application threads were stopped: 0.0055723 seconds, Stopping threads took: 0.0000198 seconds
40.476: [GC (Allocation Failure)  842925K->523437K(1033728K), 0.0046933 secs]
40.481: Total time for which application threads were stopped: 0.0048699 seconds, Stopping threads took: 0.0000277 seconds
40.548: [GC (Allocation Failure)  842925K->523653K(1033728K), 0.0049135 secs]
40.553: Total time for which application threads were stopped: 0.0050832 seconds, Stopping threads took: 0.0000197 seconds
40.619: [GC (Allocation Failure)  843141K->531432K(1033728K), 0.0046557 secs]
40.624: Total time for which application threads were stopped: 0.0048181 seconds, Stopping threads took: 0.0000200 seconds
40.688: [GC (Allocation Failure)  850919K->527525K(1034240K), 0.0035212 secs]
40.692: Total time for which application threads were stopped: 0.0036875 seconds, Stopping threads took: 0.0000198 seconds
40.759: [GC (Allocation Failure)  847525K->531592K(1033728K), 0.0046827 secs]
40.764: Total time for which application threads were stopped: 0.0048775 seconds, Stopping threads took: 0.0000211 seconds
40.834: [GC (Allocation Failure)  851592K->535560K(1034752K), 0.0056797 secs]
40.839: Total time for which application threads were stopped: 0.0058483 seconds, Stopping threads took: 0.0000205 seconds
40.908: [GC (Allocation Failure)  857096K->529829K(1034752K), 0.0026032 secs]
40.910: Total time for which application threads were stopped: 0.0027661 seconds, Stopping threads took: 0.0000201 seconds
40.978: [GC (Allocation Failure)  851365K->535632K(1035264K), 0.0047870 secs]
40.983: Total time for which application threads were stopped: 0.0049564 seconds, Stopping threads took: 0.0000199 seconds
41.051: [GC (Allocation Failure)  857680K->539712K(1034752K), 0.0049762 secs]
41.056: Total time for which application threads were stopped: 0.0051477 seconds, Stopping threads took: 0.0000203 seconds
41.125: [GC (Allocation Failure)  861498K->535805K(1035776K), 0.0036451 secs]
41.129: Total time for which application threads were stopped: 0.0038099 seconds, Stopping threads took: 0.0000197 seconds
41.196: [GC (Allocation Failure)  858877K->539880K(1035264K), 0.0050219 secs]
41.201: Total time for which application threads were stopped: 0.0051902 seconds, Stopping threads took: 0.0000199 seconds
41.268: [GC (Allocation Failure)  862952K->543848K(1035264K), 0.0046547 secs]
41.273: Total time for which application threads were stopped: 0.0048466 seconds, Stopping threads took: 0.0000202 seconds
41.343: [GC (Allocation Failure)  867432K->543848K(1035776K), 0.0049347 secs]
41.348: Total time for which application threads were stopped: 0.0050904 seconds, Stopping threads took: 0.0000170 seconds
41.416: [GC (Allocation Failure)  867432K->543912K(1034752K), 0.0048929 secs]
41.421: Total time for which application threads were stopped: 0.0050787 seconds, Stopping threads took: 0.0000265 seconds
41.489: [GC (Allocation Failure)  866472K->551914K(1035264K), 0.0047194 secs]
41.494: Total time for which application threads were stopped: 0.0048936 seconds, Stopping threads took: 0.0000201 seconds
41.561: [GC (Allocation Failure)  874474K->551882K(1034240K), 0.0047945 secs]
41.566: Total time for which application threads were stopped: 0.0049416 seconds, Stopping threads took: 0.0000168 seconds
41.634: [GC (Allocation Failure)  873418K->551946K(1034752K), 0.0048148 secs]
41.639: Total time for which application threads were stopped: 0.0049927 seconds, Stopping threads took: 0.0000202 seconds
41.705: [GC (Allocation Failure)  873482K->559916K(1034752K), 0.0047957 secs]
41.710: Total time for which application threads were stopped: 0.0049819 seconds, Stopping threads took: 0.0000224 seconds
41.777: [GC (Allocation Failure)  881452K->559948K(1029120K), 0.0047635 secs]
41.782: Total time for which application threads were stopped: 0.0049340 seconds, Stopping threads took: 0.0000207 seconds
41.848: [GC (Allocation Failure)  881484K->560108K(1034240K), 0.0059993 secs]
41.854: Total time for which application threads were stopped: 0.0062105 seconds, Stopping threads took: 0.0000261 seconds
41.922: [GC (Allocation Failure)  880620K->567918K(1034240K), 0.0045430 secs]
41.926: Total time for which application threads were stopped: 0.0047203 seconds, Stopping threads took: 0.0000197 seconds
41.994: [GC (Allocation Failure)  888430K->567950K(1034240K), 0.0048696 secs]
41.999: Total time for which application threads were stopped: 0.0050508 seconds, Stopping threads took: 0.0000199 seconds
42.066: [GC (Allocation Failure)  888462K->568398K(1020416K), 0.0049414 secs]
42.071: Total time for which application threads were stopped: 0.0051029 seconds, Stopping threads took: 0.0000196 seconds
42.139: [GC (Allocation Failure)  888910K->575985K(1033728K), 0.0046828 secs]
42.143: Total time for which application threads were stopped: 0.0048408 seconds, Stopping threads took: 0.0000194 seconds
42.212: [GC (Allocation Failure)  895473K->576017K(1033728K), 0.0046634 secs]
42.216: Total time for which application threads were stopped: 0.0048220 seconds, Stopping threads took: 0.0000200 seconds
42.281: [GC (Allocation Failure)  895505K->576105K(1033728K), 0.0048281 secs]
42.286: Total time for which application threads were stopped: 0.0050203 seconds, Stopping threads took: 0.0000198 seconds
42.354: [GC (Allocation Failure)  895593K->584043K(1033728K), 0.0047667 secs]
42.359: Total time for which application threads were stopped: 0.0049367 seconds, Stopping threads took: 0.0000207 seconds
42.426: [GC (Allocation Failure)  903531K->584043K(1033728K), 0.0047722 secs]
42.431: Total time for which application threads were stopped: 0.0049446 seconds, Stopping threads took: 0.0000211 seconds
42.498: [GC (Allocation Failure)  903531K->584075K(1033728K), 0.0048067 secs]
42.502: Total time for which application threads were stopped: 0.0049823 seconds, Stopping threads took: 0.0000209 seconds
42.572: [GC (Allocation Failure)  903563K->592045K(1032704K), 0.0047352 secs]
42.576: Total time for which application threads were stopped: 0.0048948 seconds, Stopping threads took: 0.0000201 seconds
42.644: [GC (Allocation Failure)  910509K->586475K(1033216K), 0.0028362 secs]
42.646: Total time for which application threads were stopped: 0.0030178 seconds, Stopping threads took: 0.0000214 seconds
42.714: [GC (Allocation Failure)  904939K->592293K(1034752K), 0.0082819 secs]
42.722: Total time for which application threads were stopped: 0.0084644 seconds, Stopping threads took: 0.0000261 seconds
42.791: [GC (Allocation Failure)  912805K->596221K(1033728K), 0.0051774 secs]
42.797: Total time for which application threads were stopped: 0.0053607 seconds, Stopping threads took: 0.0000235 seconds
42.865: [GC (Allocation Failure)  916733K->603083K(1029120K), 0.0077459 secs]
42.873: Total time for which application threads were stopped: 0.0079276 seconds, Stopping threads took: 0.0000144 seconds
42.941: [GC (Allocation Failure)  918475K->596973K(1031680K), 0.0049977 secs]
42.946: Total time for which application threads were stopped: 0.0051606 seconds, Stopping threads took: 0.0000201 seconds
43.011: [GC (Allocation Failure)  912365K->596813K(1032704K), 0.0048106 secs]
43.016: Total time for which application threads were stopped: 0.0049723 seconds, Stopping threads took: 0.0000207 seconds
43.080: [GC (Allocation Failure)  913741K->600237K(1032192K), 0.0053704 secs]
43.086: Total time for which application threads were stopped: 0.0055459 seconds, Stopping threads took: 0.0000338 seconds
43.153: [GC (Allocation Failure)  917165K->604975K(1033216K), 0.0048412 secs]
43.158: Total time for which application threads were stopped: 0.0050051 seconds, Stopping threads took: 0.0000201 seconds
43.227: [GC (Allocation Failure)  922927K->604847K(1032704K), 0.0048725 secs]
43.231: Total time for which application threads were stopped: 0.0050690 seconds, Stopping threads took: 0.0000201 seconds
43.299: [GC (Allocation Failure)  922799K->605863K(1033216K), 0.0049592 secs]
43.304: Total time for which application threads were stopped: 0.0051311 seconds, Stopping threads took: 0.0000200 seconds
43.374: [GC (Allocation Failure)  924327K->612874K(1033216K), 0.0047673 secs]
43.379: Total time for which application threads were stopped: 0.0049199 seconds, Stopping threads took: 0.0000175 seconds
43.447: [GC (Allocation Failure)  931338K->612874K(1033728K), 0.0048765 secs]
43.452: Total time for which application threads were stopped: 0.0050378 seconds, Stopping threads took: 0.0000199 seconds
43.521: [GC (Allocation Failure)  931850K->614530K(1033216K), 0.0052015 secs]
43.526: Total time for which application threads were stopped: 0.0053603 seconds, Stopping threads took: 0.0000194 seconds
43.593: [GC (Allocation Failure)  933506K->620964K(1033728K), 0.0047245 secs]
43.598: Total time for which application threads were stopped: 0.0048939 seconds, Stopping threads took: 0.0000199 seconds
43.665: [GC (Allocation Failure)  940452K->620932K(1033728K), 0.0050169 secs]
43.670: Total time for which application threads were stopped: 0.0051844 seconds, Stopping threads took: 0.0000190 seconds
43.736: [GC (Allocation Failure)  940420K->621220K(1033728K), 0.0049648 secs]
43.741: Total time for which application threads were stopped: 0.0051329 seconds, Stopping threads took: 0.0000197 seconds
43.808: [GC (Allocation Failure)  940708K->628934K(1033728K), 0.0063628 secs]
43.815: Total time for which application threads were stopped: 0.0065234 seconds, Stopping threads took: 0.0000197 seconds
43.884: [GC (Allocation Failure)  948422K->628934K(1033728K), 0.0048568 secs]
43.889: Total time for which application threads were stopped: 0.0050286 seconds, Stopping threads took: 0.0000206 seconds
43.956: [GC (Allocation Failure)  948422K->632582K(1033728K), 0.0057677 secs]
43.962: Total time for which application threads were stopped: 0.0059485 seconds, Stopping threads took: 0.0000170 seconds
44.032: [GC (Allocation Failure)  952070K->637033K(1034240K), 0.0049978 secs]
44.037: Total time for which application threads were stopped: 0.0051671 seconds, Stopping threads took: 0.0000199 seconds
44.104: [GC (Allocation Failure)  957545K->636969K(1034240K), 0.0047041 secs]
44.109: Total time for which application threads were stopped: 0.0048974 seconds, Stopping threads took: 0.0000201 seconds
44.176: [GC (Allocation Failure)  957481K->637705K(1034240K), 0.0048095 secs]
44.181: Total time for which application threads were stopped: 0.0049858 seconds, Stopping threads took: 0.0000194 seconds
44.251: [GC (Allocation Failure)  958217K->645035K(1034240K), 0.0047934 secs]
44.256: Total time for which application threads were stopped: 0.0049883 seconds, Stopping threads took: 0.0000203 seconds
44.325: [GC (Allocation Failure)  965547K->645035K(1034240K), 0.0047427 secs]
44.330: Total time for which application threads were stopped: 0.0049328 seconds, Stopping threads took: 0.0000198 seconds
44.399: [GC (Allocation Failure)  965547K->645931K(1034240K), 0.0051144 secs]
44.404: Total time for which application threads were stopped: 0.0052844 seconds, Stopping threads took: 0.0000267 seconds
44.472: [GC (Allocation Failure)  966443K->653037K(1034240K), 0.0049479 secs]
44.477: Total time for which application threads were stopped: 0.0051068 seconds, Stopping threads took: 0.0000202 seconds
44.544: [GC (Allocation Failure)  973549K->653037K(1034240K), 0.0048810 secs]
44.549: Total time for which application threads were stopped: 0.0050395 seconds, Stopping threads took: 0.0000193 seconds
44.616: [GC (Allocation Failure)  973549K->654189K(1034240K), 0.0050512 secs]
44.621: Total time for which application threads were stopped: 0.0051993 seconds, Stopping threads took: 0.0000195 seconds
44.690: [GC (Allocation Failure)  974701K->661103K(1034240K), 0.0050956 secs]
44.695: Total time for which application threads were stopped: 0.0052445 seconds, Stopping threads took: 0.0000167 seconds
44.762: [GC (Allocation Failure)  981615K->661103K(1034240K), 0.0049937 secs]
44.768: Total time for which application threads were stopped: 0.0051669 seconds, Stopping threads took: 0.0000202 seconds
44.834: [GC (Allocation Failure)  981615K->661423K(1020416K), 0.0050012 secs]
44.839: Total time for which application threads were stopped: 0.0051874 seconds, Stopping threads took: 0.0000373 seconds
44.910: [GC (Allocation Failure)  981935K->669202K(1033728K), 0.0050096 secs]
44.915: Total time for which application threads were stopped: 0.0051657 seconds, Stopping threads took: 0.0000172 seconds
44.982: [GC (Allocation Failure)  988690K->669138K(1033728K), 0.0051738 secs]
44.987: Total time for which application threads were stopped: 0.0053438 seconds, Stopping threads took: 0.0000202 seconds
45.054: [GC (Allocation Failure)  988626K->669642K(1033728K), 0.0050870 secs]
45.059: Total time for which application threads were stopped: 0.0052775 seconds, Stopping threads took: 0.0000205 seconds
45.126: [GC (Allocation Failure)  989130K->677196K(1033728K), 0.0051513 secs]
45.131: Total time for which application threads were stopped: 0.0053246 seconds, Stopping threads took: 0.0000196 seconds
45.199: [GC (Allocation Failure)  996684K->677132K(1033728K), 0.0047671 secs]
45.203: Total time for which application threads were stopped: 0.0049469 seconds, Stopping threads took: 0.0000216 seconds
45.271: [GC (Allocation Failure)  996620K->677868K(1033728K), 0.0049597 secs]
45.276: Total time for which application threads were stopped: 0.0051257 seconds, Stopping threads took: 0.0000199 seconds
45.343: [GC (Allocation Failure)  997356K->685166K(1033728K), 0.0051800 secs]
45.349: Total time for which application threads were stopped: 0.0053600 seconds, Stopping threads took: 0.0000204 seconds
45.417: [GC (Allocation Failure)  1004654K->685166K(1033728K), 0.0048597 secs]
45.422: Total time for which application threads were stopped: 0.0050205 seconds, Stopping threads took: 0.0000260 seconds
45.488: [GC (Allocation Failure)  1004654K->687182K(1033728K), 0.0053215 secs]
45.493: [Full GC (Ergonomics)  687182K->10444K(1033728K), 0.0149319 secs]
45.508: Total time for which application threads were stopped: 0.0205383 seconds, Stopping threads took: 0.0000201 seconds
45.576: [GC (Allocation Failure)  329932K->20718K(1029632K), 0.0041422 secs]
45.580: Total time for which application threads were stopped: 0.0042989 seconds, Stopping threads took: 0.0000171 seconds
45.647: [GC (Allocation Failure)  340206K->20710K(1033216K), 0.0042893 secs]
45.652: Total time for which application threads were stopped: 0.0044582 seconds, Stopping threads took: 0.0000200 seconds
45.719: [GC (Allocation Failure)  339174K->20846K(1033216K), 0.0036317 secs]
45.722: Total time for which application threads were stopped: 0.0038188 seconds, Stopping threads took: 0.0000206 seconds
45.788: [GC (Allocation Failure)  339310K->28752K(1033216K), 0.0043952 secs]
45.792: Total time for which application threads were stopped: 0.0045856 seconds, Stopping threads took: 0.0000205 seconds
45.859: [GC (Allocation Failure)  347216K->28720K(1033216K), 0.0046664 secs]
45.864: Total time for which application threads were stopped: 0.0048745 seconds, Stopping threads took: 0.0000247 seconds
45.930: [GC (Allocation Failure)  347184K->29064K(1033216K), 0.0065346 secs]
45.936: Total time for which application threads were stopped: 0.0066840 seconds, Stopping threads took: 0.0000172 seconds
46.004: [GC (Allocation Failure)  347528K->36843K(1033216K), 0.0035905 secs]
46.007: Total time for which application threads were stopped: 0.0037838 seconds, Stopping threads took: 0.0000195 seconds
46.077: [GC (Allocation Failure)  355307K->36779K(1033216K), 0.0037930 secs]
46.081: Total time for which application threads were stopped: 0.0039502 seconds, Stopping threads took: 0.0000193 seconds
46.147: [GC (Allocation Failure)  355243K->37323K(1033216K), 0.0038051 secs]
46.151: Total time for which application threads were stopped: 0.0039736 seconds, Stopping threads took: 0.0000192 seconds
46.219: [GC (Allocation Failure)  355787K->44813K(1033216K), 0.0037575 secs]
46.223: Total time for which application threads were stopped: 0.0039175 seconds, Stopping threads took: 0.0000200 seconds
46.288: [GC (Allocation Failure)  363277K->44813K(1033216K), 0.0038261 secs]
46.292: Total time for which application threads were stopped: 0.0039936 seconds, Stopping threads took: 0.0000191 seconds
46.360: [GC (Allocation Failure)  363277K->45541K(1033216K), 0.0040660 secs]
46.364: Total time for which application threads were stopped: 0.0042452 seconds, Stopping threads took: 0.0000202 seconds
46.432: [GC (Allocation Failure)  364005K->52839K(1033216K), 0.0036898 secs]
46.435: Total time for which application threads were stopped: 0.0038615 seconds, Stopping threads took: 0.0000203 seconds
46.501: [GC (Allocation Failure)  371303K->52839K(1033216K), 0.0039223 secs]
46.505: Total time for which application threads were stopped: 0.0040875 seconds, Stopping threads took: 0.0000202 seconds
46.571: [GC (Allocation Failure)  371303K->53767K(1033216K), 0.0041165 secs]
46.576: Total time for which application threads were stopped: 0.0043109 seconds, Stopping threads took: 0.0000200 seconds
46.645: [GC (Allocation Failure)  372231K->60906K(1033216K), 0.0037114 secs]
46.649: Total time for which application threads were stopped: 0.0038632 seconds, Stopping threads took: 0.0000177 seconds
46.714: [GC (Allocation Failure)  379370K->60874K(1033216K), 0.0036625 secs]
46.718: Total time for which application threads were stopped: 0.0038338 seconds, Stopping threads took: 0.0000280 seconds
46.783: [GC (Allocation Failure)  379338K->60938K(1033216K), 0.0037575 secs]
46.787: Total time for which application threads were stopped: 0.0039217 seconds, Stopping threads took: 0.0000199 seconds
46.855: [GC (Allocation Failure)  379402K->68940K(1033216K), 0.0046524 secs]
46.860: Total time for which application threads were stopped: 0.0048318 seconds, Stopping threads took: 0.0000171 seconds
46.928: [GC (Allocation Failure)  387404K->68940K(1033216K), 0.0038576 secs]
46.932: Total time for which application threads were stopped: 0.0040264 seconds, Stopping threads took: 0.0000200 seconds
46.998: [GC (Allocation Failure)  387404K->69228K(1033216K), 0.0037084 secs]
47.002: Total time for which application threads were stopped: 0.0038691 seconds, Stopping threads took: 0.0000201 seconds
47.071: [GC (Allocation Failure)  387692K->76974K(1033216K), 0.0037883 secs]
47.075: Total time for which application threads were stopped: 0.0039437 seconds, Stopping threads took: 0.0000186 seconds
47.142: [GC (Allocation Failure)  395438K->76942K(1033216K), 0.0039289 secs]
47.146: Total time for which application threads were stopped: 0.0040874 seconds, Stopping threads took: 0.0000196 seconds
47.212: [GC (Allocation Failure)  395406K->77454K(1033216K), 0.0038005 secs]
47.216: Total time for which application threads were stopped: 0.0039663 seconds, Stopping threads took: 0.0000195 seconds
47.283: [GC (Allocation Failure)  395918K->85008K(1033216K), 0.0038590 secs]
47.287: Total time for which application threads were stopped: 0.0040428 seconds, Stopping threads took: 0.0000195 seconds
47.354: [GC (Allocation Failure)  403472K->84944K(1033216K), 0.0038621 secs]
47.358: Total time for which application threads were stopped: 0.0040722 seconds, Stopping threads took: 0.0000200 seconds
47.425: [GC (Allocation Failure)  403408K->85096K(1033216K), 0.0037873 secs]
47.429: Total time for which application threads were stopped: 0.0039741 seconds, Stopping threads took: 0.0000267 seconds
47.496: [GC (Allocation Failure)  403560K->93035K(1033216K), 0.0038467 secs]
47.500: Total time for which application threads were stopped: 0.0040111 seconds, Stopping threads took: 0.0000202 seconds
47.567: [GC (Allocation Failure)  411499K->93035K(1033216K), 0.0037950 secs]
47.571: Total time for which application threads were stopped: 0.0039818 seconds, Stopping threads took: 0.0000203 seconds
47.639: [GC (Allocation Failure)  411499K->93067K(1033216K), 0.0038239 secs]
47.643: Total time for which application threads were stopped: 0.0039797 seconds, Stopping threads took: 0.0000192 seconds
47.711: [GC (Allocation Failure)  411531K->101069K(1033216K), 0.0037845 secs]
47.715: Total time for which application threads were stopped: 0.0039764 seconds, Stopping threads took: 0.0000195 seconds
47.784: [GC (Allocation Failure)  419533K->101069K(1033216K), 0.0035507 secs]
47.788: Total time for which application threads were stopped: 0.0037054 seconds, Stopping threads took: 0.0000179 seconds
47.855: [GC (Allocation Failure)  419533K->101285K(1033216K), 0.0044679 secs]
47.859: Total time for which application threads were stopped: 0.0046308 seconds, Stopping threads took: 0.0000250 seconds
47.927: [GC (Allocation Failure)  419749K->109095K(1033216K), 0.0041931 secs]
47.931: Total time for which application threads were stopped: 0.0043524 seconds, Stopping threads took: 0.0000203 seconds
47.999: [GC (Allocation Failure)  427559K->102661K(1033216K), 0.0014157 secs]
48.001: Total time for which application threads were stopped: 0.0015677 seconds, Stopping threads took: 0.0000220 seconds
48.068: [GC (Allocation Failure)  421125K->109247K(1033728K), 0.0039005 secs]
48.072: Total time for which application threads were stopped: 0.0040826 seconds, Stopping threads took: 0.0000199 seconds
48.141: [GC (Allocation Failure)  428223K->113191K(1033216K), 0.0043654 secs]
48.145: Total time for which application threads were stopped: 0.0045309 seconds, Stopping threads took: 0.0000209 seconds
48.212: [GC (Allocation Failure)  432167K->116197K(1031680K), 0.0049646 secs]
48.217: Total time for which application threads were stopped: 0.0051261 seconds, Stopping threads took: 0.0000201 seconds
48.286: [GC (Allocation Failure)  433637K->113319K(1032704K), 0.0037045 secs]
48.289: Total time for which application threads were stopped: 0.0038836 seconds, Stopping threads took: 0.0000197 seconds
48.358: [GC (Allocation Failure)  430759K->113191K(1033216K), 0.0037362 secs]
48.361: Total time for which application threads were stopped: 0.0039006 seconds, Stopping threads took: 0.0000206 seconds
48.428: [GC (Allocation Failure)  431143K->105669K(1032704K), 0.0007779 secs]
48.429: Total time for which application threads were stopped: 0.0009026 seconds, Stopping threads took: 0.0000199 seconds
48.496: [GC (Allocation Failure)  423621K->113255K(1033216K), 0.0038351 secs]
48.500: Total time for which application threads were stopped: 0.0040061 seconds, Stopping threads took: 0.0000280 seconds
48.567: [GC (Allocation Failure)  431207K->113191K(1032704K), 0.0037374 secs]
48.570: Total time for which application threads were stopped: 0.0039074 seconds, Stopping threads took: 0.0000202 seconds
48.636: [GC (Allocation Failure)  431143K->116487K(1033728K), 0.0045134 secs]
48.641: Total time for which application threads were stopped: 0.0046861 seconds, Stopping threads took: 0.0000194 seconds
48.710: [GC (Allocation Failure)  435463K->121225K(1033216K), 0.0039210 secs]
48.714: Total time for which application threads were stopped: 0.0040935 seconds, Stopping threads took: 0.0000204 seconds
48.781: [GC (Allocation Failure)  440201K->121257K(1033728K), 0.0052600 secs]
48.787: Total time for which application threads were stopped: 0.0054319 seconds, Stopping threads took: 0.0000202 seconds
48.854: [GC (Allocation Failure)  440745K->122657K(1033728K), 0.0048028 secs]
48.859: Total time for which application threads were stopped: 0.0050201 seconds, Stopping threads took: 0.0000289 seconds
48.926: [GC (Allocation Failure)  442145K->129316K(1033728K), 0.0038930 secs]
48.930: Total time for which application threads were stopped: 0.0040494 seconds, Stopping threads took: 0.0000202 seconds
48.998: [GC (Allocation Failure)  448804K->129252K(1033728K), 0.0038953 secs]
49.002: Total time for which application threads were stopped: 0.0040784 seconds, Stopping threads took: 0.0000172 seconds
49.070: [GC (Allocation Failure)  448740K->129868K(1033728K), 0.0038930 secs]
49.074: Total time for which application threads were stopped: 0.0040635 seconds, Stopping threads took: 0.0000199 seconds
49.142: [GC (Allocation Failure)  449356K->137326K(1033728K), 0.0039430 secs]
49.146: Total time for which application threads were stopped: 0.0041245 seconds, Stopping threads took: 0.0000221 seconds
49.215: [GC (Allocation Failure)  456814K->137326K(1033728K), 0.0039578 secs]
49.219: Total time for which application threads were stopped: 0.0041087 seconds, Stopping threads took: 0.0000170 seconds
49.286: [GC (Allocation Failure)  456814K->141198K(1033728K), 0.0049308 secs]
49.291: Total time for which application threads were stopped: 0.0051067 seconds, Stopping threads took: 0.0000209 seconds
49.359: [GC (Allocation Failure)  460686K->145424K(1034240K), 0.0040472 secs]
49.363: Total time for which application threads were stopped: 0.0042118 seconds, Stopping threads took: 0.0000207 seconds
49.430: [GC (Allocation Failure)  465936K->145360K(1034240K), 0.0038640 secs]
49.434: Total time for which application threads were stopped: 0.0040331 seconds, Stopping threads took: 0.0000266 seconds
49.501: [GC (Allocation Failure)  465872K->146312K(1034240K), 0.0039720 secs]
49.505: Total time for which application threads were stopped: 0.0041436 seconds, Stopping threads took: 0.0000201 seconds
49.574: [GC (Allocation Failure)  466824K->153418K(1034240K), 0.0038207 secs]
49.578: Total time for which application threads were stopped: 0.0039930 seconds, Stopping threads took: 0.0000210 seconds
49.645: [GC (Allocation Failure)  473930K->153386K(1034240K), 0.0042066 secs]
49.650: Total time for which application threads were stopped: 0.0043857 seconds, Stopping threads took: 0.0000202 seconds
49.717: [GC (Allocation Failure)  473898K->156618K(1034240K), 0.0068722 secs]
49.724: Total time for which application threads were stopped: 0.0070306 seconds, Stopping threads took: 0.0000204 seconds
49.793: [GC (Allocation Failure)  477130K->161389K(1034752K), 0.0040129 secs]
49.797: Total time for which application threads were stopped: 0.0041805 seconds, Stopping threads took: 0.0000204 seconds
49.865: [GC (Allocation Failure)  482925K->161389K(1034752K), 0.0045101 secs]
49.870: Total time for which application threads were stopped: 0.0046829 seconds, Stopping threads took: 0.0000171 seconds
49.935: [GC (Allocation Failure)  482925K->164885K(1034752K), 0.0050240 secs]
49.940: Total time for which application threads were stopped: 0.0051910 seconds, Stopping threads took: 0.0000199 seconds
50.009: [GC (Allocation Failure)  486421K->169463K(1034752K), 0.0041473 secs]
50.013: Total time for which application threads were stopped: 0.0043083 seconds, Stopping threads took: 0.0000203 seconds
50.080: [GC (Allocation Failure)  490999K->169463K(1034752K), 0.0041703 secs]
50.084: Total time for which application threads were stopped: 0.0043344 seconds, Stopping threads took: 0.0000200 seconds
50.149: [GC (Allocation Failure)  490999K->170039K(1034752K), 0.0041668 secs]
50.154: Total time for which application threads were stopped: 0.0043601 seconds, Stopping threads took: 0.0000202 seconds
50.224: [GC (Allocation Failure)  491575K->177465K(1034752K), 0.0041455 secs]
50.228: Total time for which application threads were stopped: 0.0043044 seconds, Stopping threads took: 0.0000170 seconds
50.296: [GC (Allocation Failure)  499001K->177497K(1034752K), 0.0040160 secs]
50.300: Total time for which application threads were stopped: 0.0041888 seconds, Stopping threads took: 0.0000197 seconds
50.366: [GC (Allocation Failure)  499033K->179289K(1034752K), 0.0042538 secs]
50.371: Total time for which application threads were stopped: 0.0044293 seconds, Stopping threads took: 0.0000214 seconds
50.436: [GC (Allocation Failure)  500825K->185564K(1034752K), 0.0040817 secs]
50.441: Total time for which application threads were stopped: 0.0042449 seconds, Stopping threads took: 0.0000206 seconds
50.506: [GC (Allocation Failure)  507100K->185500K(1034752K), 0.0041124 secs]
50.511: Total time for which application threads were stopped: 0.0042813 seconds, Stopping threads took: 0.0000204 seconds
50.576: [GC (Allocation Failure)  507036K->188572K(1034752K), 0.0047224 secs]
50.581: Total time for which application threads were stopped: 0.0048854 seconds, Stopping threads took: 0.0000208 seconds
50.647: [GC (Allocation Failure)  510108K->193566K(1034752K), 0.0040808 secs]
50.651: Total time for which application threads were stopped: 0.0042526 seconds, Stopping threads took: 0.0000284 seconds
50.716: [GC (Allocation Failure)  515102K->193566K(1034752K), 0.0040460 secs]
50.721: Total time for which application threads were stopped: 0.0041922 seconds, Stopping threads took: 0.0000197 seconds
50.787: [GC (Allocation Failure)  515102K->193702K(1033728K), 0.0039408 secs]
50.791: Total time for which application threads were stopped: 0.0040907 seconds, Stopping threads took: 0.0000172 seconds
50.860: [GC (Allocation Failure)  514214K->201608K(1034240K), 0.0050867 secs]
50.865: Total time for which application threads were stopped: 0.0052946 seconds, Stopping threads took: 0.0000258 seconds
50.934: [GC (Allocation Failure)  522120K->201576K(1034240K), 0.0041836 secs]
50.938: Total time for which application threads were stopped: 0.0043431 seconds, Stopping threads took: 0.0000195 seconds
51.006: [GC (Allocation Failure)  522088K->204040K(1034240K), 0.0043937 secs]
51.011: Total time for which application threads were stopped: 0.0045924 seconds, Stopping threads took: 0.0000216 seconds
51.080: [GC (Allocation Failure)  524552K->209642K(1034752K), 0.0040998 secs]
51.084: Total time for which application threads were stopped: 0.0042514 seconds, Stopping threads took: 0.0000172 seconds
51.150: [GC (Allocation Failure)  531178K->209610K(1034752K), 0.0041036 secs]
51.155: Total time for which application threads were stopped: 0.0043160 seconds, Stopping threads took: 0.0000203 seconds
51.221: [GC (Allocation Failure)  531146K->212234K(1034752K), 0.0045993 secs]
51.226: Total time for which application threads were stopped: 0.0047612 seconds, Stopping threads took: 0.0000199 seconds
51.292: [GC (Allocation Failure)  533770K->217773K(1034752K), 0.0040031 secs]
51.296: Total time for which application threads were stopped: 0.0041637 seconds, Stopping threads took: 0.0000198 seconds
51.362: [GC (Allocation Failure)  539309K->217677K(1034752K), 0.0041513 secs]
51.366: Total time for which application threads were stopped: 0.0043143 seconds, Stopping threads took: 0.0000205 seconds
51.432: [GC (Allocation Failure)  539213K->221485K(1034752K), 0.0048872 secs]
51.437: Total time for which application threads were stopped: 0.0050872 seconds, Stopping threads took: 0.0000283 seconds
51.504: [GC (Allocation Failure)  543021K->225743K(1034752K), 0.0041059 secs]
51.509: Total time for which application threads were stopped: 0.0042560 seconds, Stopping threads took: 0.0000179 seconds
51.576: [GC (Allocation Failure)  547279K->225679K(1034752K), 0.0040497 secs]
51.580: Total time for which application threads were stopped: 0.0042290 seconds, Stopping threads took: 0.0000202 seconds
51.647: [GC (Allocation Failure)  547215K->226671K(1034752K), 0.0041791 secs]
51.651: Total time for which application threads were stopped: 0.0043379 seconds, Stopping threads took: 0.0000197 seconds
51.721: [GC (Allocation Failure)  548207K->233745K(1034752K), 0.0039946 secs]
51.725: Total time for which application threads were stopped: 0.0041839 seconds, Stopping threads took: 0.0000196 seconds
51.793: [GC (Allocation Failure)  555281K->233745K(1034752K), 0.0040925 secs]
51.797: Total time for which application threads were stopped: 0.0042767 seconds, Stopping threads took: 0.0000172 seconds
51.865: [GC (Allocation Failure)  555281K->235921K(1034752K), 0.0054770 secs]
51.871: Total time for which application threads were stopped: 0.0056452 seconds, Stopping threads took: 0.0000280 seconds
51.939: [GC (Allocation Failure)  557457K->241779K(1034752K), 0.0040152 secs]
51.943: Total time for which application threads were stopped: 0.0041867 seconds, Stopping threads took: 0.0000203 seconds
52.010: [GC (Allocation Failure)  563315K->241779K(1034752K), 0.0042732 secs]
52.015: Total time for which application threads were stopped: 0.0044811 seconds, Stopping threads took: 0.0000206 seconds
52.082: [GC (Allocation Failure)  563315K->245195K(1034752K), 0.0047836 secs]
52.087: Total time for which application threads were stopped: 0.0049453 seconds, Stopping threads took: 0.0000202 seconds
52.156: [GC (Allocation Failure)  566731K->249774K(1034752K), 0.0041670 secs]
52.160: Total time for which application threads were stopped: 0.0043463 seconds, Stopping threads took: 0.0000208 seconds
52.227: [GC (Allocation Failure)  571310K->249806K(1034752K), 0.0041894 secs]
52.232: Total time for which application threads were stopped: 0.0043710 seconds, Stopping threads took: 0.0000283 seconds
52.298: [GC (Allocation Failure)  571342K->250350K(1034752K), 0.0042611 secs]
52.303: Total time for which application threads were stopped: 0.0044238 seconds, Stopping threads took: 0.0000202 seconds
52.369: [GC (Allocation Failure)  571886K->257872K(1034752K), 0.0050392 secs]
52.374: Total time for which application threads were stopped: 0.0052273 seconds, Stopping threads took: 0.0000207 seconds
52.442: [GC (Allocation Failure)  579408K->257840K(1034752K), 0.0042490 secs]
52.446: Total time for which application threads were stopped: 0.0044180 seconds, Stopping threads took: 0.0000201 seconds
52.511: [GC (Allocation Failure)  579376K->259592K(1034752K), 0.0042625 secs]
52.515: Total time for which application threads were stopped: 0.0044348 seconds, Stopping threads took: 0.0000206 seconds
52.583: [GC (Allocation Failure)  581128K->265898K(1034752K), 0.0043610 secs]
52.588: Total time for which application threads were stopped: 0.0045281 seconds, Stopping threads took: 0.0000196 seconds
52.654: [GC (Allocation Failure)  587434K->265834K(1034752K), 0.0041943 secs]
52.658: Total time for which application threads were stopped: 0.0043654 seconds, Stopping threads took: 0.0000196 seconds
52.724: [GC (Allocation Failure)  587370K->268842K(1034752K), 0.0048652 secs]
52.729: Total time for which application threads were stopped: 0.0050364 seconds, Stopping threads took: 0.0000216 seconds
52.797: [GC (Allocation Failure)  590378K->273900K(1034752K), 0.0043788 secs]
52.802: Total time for which application threads were stopped: 0.0045546 seconds, Stopping threads took: 0.0000203 seconds
52.871: [GC (Allocation Failure)  595436K->273868K(1034752K), 0.0041077 secs]
52.876: Total time for which application threads were stopped: 0.0042534 seconds, Stopping threads took: 0.0000170 seconds
52.942: [GC (Allocation Failure)  595404K->274028K(1033728K), 0.0040935 secs]
52.946: Total time for which application threads were stopped: 0.0042687 seconds, Stopping threads took: 0.0000196 seconds
53.013: [GC (Allocation Failure)  594540K->281967K(1034240K), 0.0041289 secs]
53.017: Total time for which application threads were stopped: 0.0042972 seconds, Stopping threads took: 0.0000198 seconds
53.088: [GC (Allocation Failure)  602479K->281903K(1034240K), 0.0042394 secs]
53.092: Total time for which application threads were stopped: 0.0044129 seconds, Stopping threads took: 0.0000204 seconds
53.160: [GC (Allocation Failure)  602415K->284295K(1034240K), 0.0045843 secs]
53.164: Total time for which application threads were stopped: 0.0047484 seconds, Stopping threads took: 0.0000201 seconds
53.232: [GC (Allocation Failure)  604807K->289929K(1034752K), 0.0042070 secs]
53.237: Total time for which application threads were stopped: 0.0043705 seconds, Stopping threads took: 0.0000202 seconds
53.303: [GC (Allocation Failure)  611465K->289961K(1034752K), 0.0043603 secs]
53.307: Total time for which application threads were stopped: 0.0045393 seconds, Stopping threads took: 0.0000200 seconds
53.373: [GC (Allocation Failure)  611497K->292553K(1034752K), 0.0044563 secs]
53.378: Total time for which application threads were stopped: 0.0046135 seconds, Stopping threads took: 0.0000263 seconds
53.447: [GC (Allocation Failure)  614089K->298059K(1034752K), 0.0044441 secs]
53.452: Total time for which application threads were stopped: 0.0046149 seconds, Stopping threads took: 0.0000208 seconds
53.519: [GC (Allocation Failure)  619595K->297963K(1034752K), 0.0042447 secs]
53.523: Total time for which application threads were stopped: 0.0044099 seconds, Stopping threads took: 0.0000208 seconds
53.589: [GC (Allocation Failure)  619499K->301771K(1034752K), 0.0051250 secs]
53.594: Total time for which application threads were stopped: 0.0052933 seconds, Stopping threads took: 0.0000206 seconds
53.663: [GC (Allocation Failure)  623307K->306030K(1034752K), 0.0042664 secs]
53.667: Total time for which application threads were stopped: 0.0044372 seconds, Stopping threads took: 0.0000203 seconds
53.735: [GC (Allocation Failure)  627566K->306030K(1034752K), 0.0064460 secs]
53.741: Total time for which application threads were stopped: 0.0066172 seconds, Stopping threads took: 0.0000289 seconds
53.808: [GC (Allocation Failure)  627566K->306958K(1034752K), 0.0043432 secs]
53.812: Total time for which application threads were stopped: 0.0045192 seconds, Stopping threads took: 0.0000263 seconds
53.882: [GC (Allocation Failure)  628494K->314032K(1034752K), 0.0042910 secs]
53.886: Total time for which application threads were stopped: 0.0044509 seconds, Stopping threads took: 0.0000267 seconds
53.955: [GC (Allocation Failure)  635568K->314064K(1034752K), 0.0044155 secs]
53.960: Total time for which application threads were stopped: 0.0045733 seconds, Stopping threads took: 0.0000201 seconds
54.027: [GC (Allocation Failure)  635600K->316200K(1034752K), 0.0043773 secs]
54.031: Total time for which application threads were stopped: 0.0045685 seconds, Stopping threads took: 0.0000195 seconds
54.100: [GC (Allocation Failure)  637736K->322122K(1034752K), 0.0044538 secs]
54.105: Total time for which application threads were stopped: 0.0046214 seconds, Stopping threads took: 0.0000202 seconds
54.171: [GC (Allocation Failure)  643658K->322026K(1034752K), 0.0042575 secs]
54.175: Total time for which application threads were stopped: 0.0044360 seconds, Stopping threads took: 0.0000203 seconds
54.241: [GC (Allocation Failure)  643562K->325450K(1034752K), 0.0050596 secs]
54.246: Total time for which application threads were stopped: 0.0052633 seconds, Stopping threads took: 0.0000221 seconds
54.314: [GC (Allocation Failure)  646986K->330220K(1034752K), 0.0042235 secs]
54.318: Total time for which application threads were stopped: 0.0043921 seconds, Stopping threads took: 0.0000262 seconds
54.385: [GC (Allocation Failure)  651756K->330092K(1034752K), 0.0041837 secs]
54.389: Total time for which application threads were stopped: 0.0043551 seconds, Stopping threads took: 0.0000270 seconds
54.456: [GC (Allocation Failure)  651628K->330628K(1034752K), 0.0044806 secs]
54.460: Total time for which application threads were stopped: 0.0046493 seconds, Stopping threads took: 0.0000277 seconds
54.528: [GC (Allocation Failure)  652164K->338151K(1034752K), 0.0042909 secs]
54.532: Total time for which application threads were stopped: 0.0044547 seconds, Stopping threads took: 0.0000205 seconds
54.599: [GC (Allocation Failure)  659687K->338087K(1034752K), 0.0041224 secs]
54.603: Total time for which application threads were stopped: 0.0043626 seconds, Stopping threads took: 0.0000252 seconds
54.670: [GC (Allocation Failure)  659623K->339879K(1034752K), 0.0045473 secs]
54.674: Total time for which application threads were stopped: 0.0047281 seconds, Stopping threads took: 0.0000173 seconds
54.744: [GC (Allocation Failure)  661415K->346185K(1034752K), 0.0042334 secs]
54.748: Total time for which application threads were stopped: 0.0044055 seconds, Stopping threads took: 0.0000212 seconds
54.816: [GC (Allocation Failure)  667721K->346185K(1034752K), 0.0043256 secs]
54.820: Total time for which application threads were stopped: 0.0044898 seconds, Stopping threads took: 0.0000211 seconds
54.887: [GC (Allocation Failure)  667721K->349161K(1034752K), 0.0047282 secs]
54.892: Total time for which application threads were stopped: 0.0048812 seconds, Stopping threads took: 0.0000259 seconds
54.961: [GC (Allocation Failure)  670697K->354219K(1034752K), 0.0043119 secs]
54.966: Total time for which application threads were stopped: 0.0044744 seconds, Stopping threads took: 0.0000207 seconds
55.033: [GC (Allocation Failure)  675755K->354187K(1034752K), 0.0044365 secs]
55.037: Total time for which application threads were stopped: 0.0046003 seconds, Stopping threads took: 0.0000210 seconds
55.103: [GC (Allocation Failure)  675723K->354315K(1033728K), 0.0042552 secs]
55.107: Total time for which application threads were stopped: 0.0044356 seconds, Stopping threads took: 0.0000204 seconds
55.176: [GC (Allocation Failure)  674827K->362253K(1034240K), 0.0045313 secs]
55.181: Total time for which application threads were stopped: 0.0046961 seconds, Stopping threads took: 0.0000205 seconds
55.249: [GC (Allocation Failure)  682765K->362221K(1034240K), 0.0041753 secs]
55.253: Total time for which application threads were stopped: 0.0043689 seconds, Stopping threads took: 0.0000193 seconds
55.322: [GC (Allocation Failure)  682733K->364589K(1034240K), 0.0045473 secs]
55.327: Total time for which application threads were stopped: 0.0047197 seconds, Stopping threads took: 0.0000203 seconds
55.395: [GC (Allocation Failure)  685101K->370352K(1033728K), 0.0041873 secs]
55.399: Total time for which application threads were stopped: 0.0043696 seconds, Stopping threads took: 0.0000274 seconds
55.468: [GC (Allocation Failure)  690864K->370256K(1034240K), 0.0041993 secs]
55.472: Total time for which application threads were stopped: 0.0043663 seconds, Stopping threads took: 0.0000260 seconds
55.540: [GC (Allocation Failure)  690768K->370760K(1034240K), 0.0042422 secs]
55.544: Total time for which application threads were stopped: 0.0044073 seconds, Stopping threads took: 0.0000207 seconds
55.612: [GC (Allocation Failure)  691272K->378346K(1034240K), 0.0044044 secs]
55.616: Total time for which application threads were stopped: 0.0045768 seconds, Stopping threads took: 0.0000201 seconds
55.685: [GC (Allocation Failure)  698858K->378314K(1034240K), 0.0044544 secs]
55.689: Total time for which application threads were stopped: 0.0046189 seconds, Stopping threads took: 0.0000209 seconds
55.756: [GC (Allocation Failure)  698826K->381034K(1034240K), 0.0049950 secs]
55.761: Total time for which application threads were stopped: 0.0051665 seconds, Stopping threads took: 0.0000200 seconds
55.831: [GC (Allocation Failure)  701546K->386316K(1034240K), 0.0043722 secs]
55.835: Total time for which application threads were stopped: 0.0045330 seconds, Stopping threads took: 0.0000204 seconds
55.907: [GC (Allocation Failure)  706828K->386316K(1034240K), 0.0043717 secs]
55.911: Total time for which application threads were stopped: 0.0045521 seconds, Stopping threads took: 0.0000202 seconds
55.978: [GC (Allocation Failure)  706828K->387236K(1034240K), 0.0044233 secs]
55.983: Total time for which application threads were stopped: 0.0045846 seconds, Stopping threads took: 0.0000201 seconds
56.051: [GC (Allocation Failure)  707748K->394342K(1034240K), 0.0044588 secs]
56.055: Total time for which application threads were stopped: 0.0046263 seconds, Stopping threads took: 0.0000166 seconds
56.125: [GC (Allocation Failure)  714854K->394342K(1034240K), 0.0043693 secs]
56.129: Total time for which application threads were stopped: 0.0045334 seconds, Stopping threads took: 0.0000209 seconds
56.198: [GC (Allocation Failure)  714854K->397510K(1034240K), 0.0051128 secs]
56.203: Total time for which application threads were stopped: 0.0052818 seconds, Stopping threads took: 0.0000209 seconds
56.271: [GC (Allocation Failure)  718022K->402377K(1034752K), 0.0044704 secs]
56.275: Total time for which application threads were stopped: 0.0046526 seconds, Stopping threads took: 0.0000201 seconds
56.343: [GC (Allocation Failure)  723913K->402409K(1034752K), 0.0044068 secs]
56.347: Total time for which application threads were stopped: 0.0045780 seconds, Stopping threads took: 0.0000208 seconds
56.413: [GC (Allocation Failure)  723945K->405769K(1034752K), 0.0051077 secs]
56.419: Total time for which application threads were stopped: 0.0052985 seconds, Stopping threads took: 0.0000270 seconds
56.488: [GC (Allocation Failure)  727305K->410475K(1034752K), 0.0044663 secs]
56.493: Total time for which application threads were stopped: 0.0046347 seconds, Stopping threads took: 0.0000173 seconds
56.560: [GC (Allocation Failure)  732011K->410443K(1034752K), 0.0042831 secs]
56.564: Total time for which application threads were stopped: 0.0044456 seconds, Stopping threads took: 0.0000204 seconds
56.630: [GC (Allocation Failure)  731979K->410923K(1034752K), 0.0045200 secs]
56.634: Total time for which application threads were stopped: 0.0046983 seconds, Stopping threads took: 0.0000194 seconds
56.703: [GC (Allocation Failure)  732459K->418509K(1033728K), 0.0045062 secs]
56.707: Total time for which application threads were stopped: 0.0046768 seconds, Stopping threads took: 0.0000206 seconds
56.775: [GC (Allocation Failure)  739021K->418477K(1034240K), 0.0044653 secs]
56.779: Total time for which application threads were stopped: 0.0046387 seconds, Stopping threads took: 0.0000206 seconds
56.847: [GC (Allocation Failure)  738989K->422221K(1034752K), 0.0053618 secs]
56.852: Total time for which application threads were stopped: 0.0055348 seconds, Stopping threads took: 0.0000177 seconds
56.920: [GC (Allocation Failure)  743245K->426543K(1034240K), 0.0043851 secs]
56.925: Total time for which application threads were stopped: 0.0045687 seconds, Stopping threads took: 0.0000278 seconds
56.994: [GC (Allocation Failure)  747567K->426479K(1034752K), 0.0046478 secs]
56.999: Total time for which application threads were stopped: 0.0048204 seconds, Stopping threads took: 0.0000252 seconds
57.066: [GC (Allocation Failure)  748015K->430471K(1034752K), 0.0053685 secs]
57.071: Total time for which application threads were stopped: 0.0055445 seconds, Stopping threads took: 0.0000220 seconds
57.140: [GC (Allocation Failure)  752007K->434570K(1035264K), 0.0047047 secs]
57.145: Total time for which application threads were stopped: 0.0048822 seconds, Stopping threads took: 0.0000202 seconds
57.213: [GC (Allocation Failure)  757130K->434506K(1035264K), 0.0046598 secs]
57.217: Total time for which application threads were stopped: 0.0048325 seconds, Stopping threads took: 0.0000203 seconds
57.284: [GC (Allocation Failure)  757066K->437674K(1035264K), 0.0051443 secs]
57.290: Total time for which application threads were stopped: 0.0053076 seconds, Stopping threads took: 0.0000201 seconds
57.358: [GC (Allocation Failure)  760234K->442668K(1035264K), 0.0046809 secs]
57.363: Total time for which application threads were stopped: 0.0048591 seconds, Stopping threads took: 0.0000195 seconds
57.432: [GC (Allocation Failure)  765228K->442572K(1035264K), 0.0051486 secs]
57.437: Total time for which application threads were stopped: 0.0053298 seconds, Stopping threads took: 0.0000271 seconds
57.504: [GC (Allocation Failure)  765132K->445932K(1035264K), 0.0051272 secs]
57.510: Total time for which application threads were stopped: 0.0053265 seconds, Stopping threads took: 0.0000247 seconds
57.578: [GC (Allocation Failure)  768492K->450638K(1035264K), 0.0044716 secs]
57.583: Total time for which application threads were stopped: 0.0046699 seconds, Stopping threads took: 0.0000214 seconds
57.652: [GC (Allocation Failure)  773198K->450606K(1035264K), 0.0045137 secs]
57.657: Total time for which application threads were stopped: 0.0046744 seconds, Stopping threads took: 0.0000193 seconds
57.723: [GC (Allocation Failure)  773166K->454118K(1035264K), 0.0052800 secs]
57.729: Total time for which application threads were stopped: 0.0054719 seconds, Stopping threads took: 0.0000192 seconds
57.798: [GC (Allocation Failure)  776678K->458601K(1035264K), 0.0044755 secs]
57.803: Total time for which application threads were stopped: 0.0046402 seconds, Stopping threads took: 0.0000318 seconds
57.871: [GC (Allocation Failure)  781161K->458601K(1035776K), 0.0043505 secs]
57.876: Total time for which application threads were stopped: 0.0044985 seconds, Stopping threads took: 0.0000167 seconds
57.944: [GC (Allocation Failure)  781673K->450758K(1035264K), 0.0014894 secs]
57.946: Total time for which application threads were stopped: 0.0016244 seconds, Stopping threads took: 0.0000191 seconds
58.012: [GC (Allocation Failure)  773830K->458793K(1034240K), 0.0045421 secs]
58.017: Total time for which application threads were stopped: 0.0047117 seconds, Stopping threads took: 0.0000219 seconds
58.086: [GC (Allocation Failure)  780329K->458601K(1034752K), 0.0047074 secs]
58.091: Total time for which application threads were stopped: 0.0048643 seconds, Stopping threads took: 0.0000176 seconds
58.157: [GC (Allocation Failure)  780137K->453478K(1035264K), 0.0025675 secs]
58.159: Total time for which application threads were stopped: 0.0027293 seconds, Stopping threads took: 0.0000269 seconds
58.228: [GC (Allocation Failure)  775526K->458761K(1034752K), 0.0044573 secs]
58.232: Total time for which application threads were stopped: 0.0046287 seconds, Stopping threads took: 0.0000290 seconds
58.301: [GC (Allocation Failure)  780809K->458601K(1035264K), 0.0045437 secs]
58.305: Total time for which application threads were stopped: 0.0047079 seconds, Stopping threads took: 0.0000215 seconds
58.373: [GC (Allocation Failure)  781161K->456806K(1035264K), 0.0041200 secs]
58.378: Total time for which application threads were stopped: 0.0042989 seconds, Stopping threads took: 0.0000197 seconds
58.446: [GC (Allocation Failure)  779366K->458729K(1035776K), 0.0045512 secs]
58.451: Total time for which application threads were stopped: 0.0047229 seconds, Stopping threads took: 0.0000195 seconds
58.521: [GC (Allocation Failure)  782313K->458665K(1035776K), 0.0047546 secs]
58.526: Total time for which application threads were stopped: 0.0049635 seconds, Stopping threads took: 0.0000223 seconds
58.593: [GC (Allocation Failure)  782249K->463142K(1032704K), 0.0064657 secs]
58.599: Total time for which application threads were stopped: 0.0066287 seconds, Stopping threads took: 0.0000196 seconds
58.666: [GC (Allocation Failure)  783654K->458665K(1034240K), 0.0046181 secs]
58.671: Total time for which application threads were stopped: 0.0048019 seconds, Stopping threads took: 0.0000330 seconds
58.739: [GC (Allocation Failure)  779177K->458569K(1034752K), 0.0043828 secs]
58.743: Total time for which application threads were stopped: 0.0045434 seconds, Stopping threads took: 0.0000203 seconds
58.808: [GC (Allocation Failure)  780105K->462278K(1032704K), 0.0061737 secs]
58.814: Total time for which application threads were stopped: 0.0063774 seconds, Stopping threads took: 0.0000266 seconds
58.883: [GC (Allocation Failure)  783814K->458601K(1034752K), 0.0045075 secs]
58.887: Total time for which application threads were stopped: 0.0046633 seconds, Stopping threads took: 0.0000254 seconds
58.957: [GC (Allocation Failure)  779113K->458601K(1033728K), 0.0044016 secs]
58.962: Total time for which application threads were stopped: 0.0045541 seconds, Stopping threads took: 0.0000173 seconds
59.029: [GC (Allocation Failure)  779113K->461478K(1034240K), 0.0057393 secs]
59.035: Total time for which application threads were stopped: 0.0059469 seconds, Stopping threads took: 0.0000206 seconds
59.105: [GC (Allocation Failure)  783014K->458857K(1034752K), 0.0046850 secs]
59.109: Total time for which application threads were stopped: 0.0048446 seconds, Stopping threads took: 0.0000258 seconds
59.177: [GC (Allocation Failure)  780393K->458665K(1035264K), 0.0046581 secs]
59.182: Total time for which application threads were stopped: 0.0048298 seconds, Stopping threads took: 0.0000204 seconds
59.249: [GC (Allocation Failure)  781225K->463718K(1035264K), 0.0067486 secs]
59.256: Total time for which application threads were stopped: 0.0069304 seconds, Stopping threads took: 0.0000197 seconds
59.325: [GC (Allocation Failure)  786278K->458793K(1034240K), 0.0045120 secs]
59.329: Total time for which application threads were stopped: 0.0046833 seconds, Stopping threads took: 0.0000194 seconds
59.398: [GC (Allocation Failure)  780329K->458601K(1034752K), 0.0042118 secs]
59.403: Total time for which application threads were stopped: 0.0043943 seconds, Stopping threads took: 0.0000265 seconds
59.468: [GC (Allocation Failure)  780137K->465926K(1031680K), 0.0077884 secs]
59.476: Total time for which application threads were stopped: 0.0079529 seconds, Stopping threads took: 0.0000246 seconds
59.544: [GC (Allocation Failure)  784390K->460265K(1033216K), 0.0047612 secs]
59.549: Total time for which application threads were stopped: 0.0049350 seconds, Stopping threads took: 0.0000201 seconds
59.615: [GC (Allocation Failure)  778729K->460169K(1033728K), 0.0045390 secs]
59.620: Total time for which application threads were stopped: 0.0047031 seconds, Stopping threads took: 0.0000208 seconds
59.686: [GC (Allocation Failure)  779145K->460070K(1033216K), 0.0046149 secs]
59.691: Total time for which application threads were stopped: 0.0047942 seconds, Stopping threads took: 0.0000396 seconds
59.760: [GC (Allocation Failure)  779046K->460233K(1034752K), 0.0042259 secs]
59.764: Total time for which application threads were stopped: 0.0043919 seconds, Stopping threads took: 0.0000192 seconds
59.831: [GC (Allocation Failure)  781257K->460169K(1034240K), 0.0046317 secs]
59.836: Total time for which application threads were stopped: 0.0048009 seconds, Stopping threads took: 0.0000223 seconds
59.904: [GC (Allocation Failure)  781193K->457670K(1034752K), 0.0035714 secs]
59.907: Total time for which application threads were stopped: 0.0037384 seconds, Stopping threads took: 0.0000264 seconds
59.975: [GC (Allocation Failure)  779206K->460393K(1034752K), 0.0045908 secs]
59.980: Total time for which application threads were stopped: 0.0047775 seconds, Stopping threads took: 0.0000207 seconds
60.046: [GC (Allocation Failure)  781929K->460201K(1035776K), 0.0045917 secs]
60.050: Total time for which application threads were stopped: 0.0047650 seconds, Stopping threads took: 0.0000210 seconds
60.116: [GC (Allocation Failure)  783273K->460486K(1035264K), 0.0047440 secs]
60.121: Total time for which application threads were stopped: 0.0049162 seconds, Stopping threads took: 0.0000269 seconds
60.189: [GC (Allocation Failure)  783558K->460361K(1036288K), 0.0045274 secs]
60.194: Total time for which application threads were stopped: 0.0047211 seconds, Stopping threads took: 0.0000188 seconds
60.263: [GC (Allocation Failure)  784969K->460169K(1036288K), 0.0046269 secs]
60.267: Total time for which application threads were stopped: 0.0047851 seconds, Stopping threads took: 0.0000198 seconds
60.334: [GC (Allocation Failure)  784777K->452966K(1034752K), 0.0018402 secs]
60.336: Total time for which application threads were stopped: 0.0019697 seconds, Stopping threads took: 0.0000207 seconds
60.406: [GC (Allocation Failure)  776550K->460313K(1035776K), 0.0044707 secs]
60.411: Total time for which application threads were stopped: 0.0046495 seconds, Stopping threads took: 0.0000280 seconds
60.479: [GC (Allocation Failure)  783897K->464321K(1036288K), 0.0054473 secs]
60.485: Total time for which application threads were stopped: 0.0056283 seconds, Stopping threads took: 0.0000208 seconds
60.554: [GC (Allocation Failure)  788929K->464321K(1036288K), 0.0045109 secs]
60.558: Total time for which application threads were stopped: 0.0046911 seconds, Stopping threads took: 0.0000212 seconds
60.625: [GC (Allocation Failure)  788929K->464457K(1034752K), 0.0047153 secs]
60.629: Total time for which application threads were stopped: 0.0048884 seconds, Stopping threads took: 0.0000198 seconds
60.697: [GC (Allocation Failure)  788041K->472395K(1035776K), 0.0045570 secs]
60.702: Total time for which application threads were stopped: 0.0047273 seconds, Stopping threads took: 0.0000202 seconds
60.771: [GC (Allocation Failure)  795979K->472363K(1036288K), 0.0045769 secs]
60.776: Total time for which application threads were stopped: 0.0047464 seconds, Stopping threads took: 0.0000200 seconds
60.843: [GC (Allocation Failure)  796459K->472683K(1024000K), 0.0052973 secs]
60.849: Total time for which application threads were stopped: 0.0054599 seconds, Stopping threads took: 0.0000173 seconds
60.918: [GC (Allocation Failure)  796779K->480397K(1035776K), 0.0045154 secs]
60.923: Total time for which application threads were stopped: 0.0046894 seconds, Stopping threads took: 0.0000334 seconds
60.992: [GC (Allocation Failure)  803469K->480365K(1035264K), 0.0045358 secs]
60.996: Total time for which application threads were stopped: 0.0047042 seconds, Stopping threads took: 0.0000196 seconds
61.062: [GC (Allocation Failure)  803437K->480453K(1034752K), 0.0043986 secs]
61.067: Total time for which application threads were stopped: 0.0045619 seconds, Stopping threads took: 0.0000206 seconds
61.135: [GC (Allocation Failure)  803013K->488423K(1035264K), 0.0046218 secs]
61.139: Total time for which application threads were stopped: 0.0047826 seconds, Stopping threads took: 0.0000199 seconds
61.207: [GC (Allocation Failure)  810983K->488423K(1035264K), 0.0046102 secs]
61.212: Total time for which application threads were stopped: 0.0047821 seconds, Stopping threads took: 0.0000209 seconds
61.279: [GC (Allocation Failure)  810983K->488647K(1022464K), 0.0043850 secs]
61.283: Total time for which application threads were stopped: 0.0045807 seconds, Stopping threads took: 0.0000204 seconds
61.353: [GC (Allocation Failure)  811207K->496490K(1034752K), 0.0047604 secs]
61.358: Total time for which application threads were stopped: 0.0049523 seconds, Stopping threads took: 0.0000195 seconds
61.427: [GC (Allocation Failure)  818026K->496490K(1034752K), 0.0045396 secs]
61.432: Total time for which application threads were stopped: 0.0047152 seconds, Stopping threads took: 0.0000260 seconds
61.499: [GC (Allocation Failure)  818026K->496906K(1033728K), 0.0046740 secs]
61.504: Total time for which application threads were stopped: 0.0048451 seconds, Stopping threads took: 0.0000205 seconds
61.573: [GC (Allocation Failure)  817418K->504492K(1034240K), 0.0048077 secs]
61.578: Total time for which application threads were stopped: 0.0049786 seconds, Stopping threads took: 0.0000203 seconds
61.645: [GC (Allocation Failure)  825004K->504492K(1034240K), 0.0043127 secs]
61.650: Total time for which application threads were stopped: 0.0044755 seconds, Stopping threads took: 0.0000201 seconds
61.719: [GC (Allocation Failure)  825004K->504620K(1034240K), 0.0045684 secs]
61.724: Total time for which application threads were stopped: 0.0047376 seconds, Stopping threads took: 0.0000204 seconds
61.792: [GC (Allocation Failure)  825132K->512526K(1034240K), 0.0044859 secs]
61.796: Total time for which application threads were stopped: 0.0046441 seconds, Stopping threads took: 0.0000196 seconds
61.865: [GC (Allocation Failure)  833038K->512526K(1034240K), 0.0049779 secs]
61.870: Total time for which application threads were stopped: 0.0051709 seconds, Stopping threads took: 0.0000263 seconds
61.938: [GC (Allocation Failure)  833038K->512558K(1033216K), 0.0063836 secs]
61.944: Total time for which application threads were stopped: 0.0065573 seconds, Stopping threads took: 0.0000199 seconds
62.011: [GC (Allocation Failure)  832046K->520592K(1033728K), 0.0046868 secs]
62.016: Total time for which application threads were stopped: 0.0048654 seconds, Stopping threads took: 0.0000209 seconds
62.085: [GC (Allocation Failure)  840080K->520560K(1033728K), 0.0044919 secs]
62.089: Total time for which application threads were stopped: 0.0046468 seconds, Stopping threads took: 0.0000171 seconds
62.156: [GC (Allocation Failure)  840048K->520616K(1033728K), 0.0045487 secs]
62.160: Total time for which application threads were stopped: 0.0047208 seconds, Stopping threads took: 0.0000198 seconds
62.229: [GC (Allocation Failure)  840104K->528587K(1033728K), 0.0045677 secs]
62.234: Total time for which application threads were stopped: 0.0047364 seconds, Stopping threads took: 0.0000195 seconds
62.303: [GC (Allocation Failure)  848075K->528587K(1033728K), 0.0047379 secs]
62.308: Total time for which application threads were stopped: 0.0049023 seconds, Stopping threads took: 0.0000204 seconds
62.375: [GC (Allocation Failure)  848075K->528803K(1033728K), 0.0048582 secs]
62.380: Total time for which application threads were stopped: 0.0050295 seconds, Stopping threads took: 0.0000201 seconds
62.449: [GC (Allocation Failure)  848291K->536613K(1027072K), 0.0046754 secs]
62.453: Total time for which application threads were stopped: 0.0048603 seconds, Stopping threads took: 0.0000287 seconds
62.521: [GC (Allocation Failure)  856101K->536613K(1033216K), 0.0046934 secs]
62.526: Total time for which application threads were stopped: 0.0048834 seconds, Stopping threads took: 0.0000196 seconds
62.594: [GC (Allocation Failure)  855077K->537061K(1033216K), 0.0046543 secs]
62.598: Total time for which application threads were stopped: 0.0048753 seconds, Stopping threads took: 0.0000532 seconds
62.665: [GC (Allocation Failure)  855525K->544647K(1033216K), 0.0047163 secs]
62.670: Total time for which application threads were stopped: 0.0048942 seconds, Stopping threads took: 0.0000196 seconds
62.737: [GC (Allocation Failure)  863111K->544647K(1033216K), 0.0048156 secs]
62.742: Total time for which application threads were stopped: 0.0050023 seconds, Stopping threads took: 0.0000355 seconds
62.808: [GC (Allocation Failure)  863111K->544711K(1033216K), 0.0046763 secs]
62.813: Total time for which application threads were stopped: 0.0048457 seconds, Stopping threads took: 0.0000191 seconds
62.881: [GC (Allocation Failure)  863175K->552681K(1033216K), 0.0050729 secs]
62.886: Total time for which application threads were stopped: 0.0052305 seconds, Stopping threads took: 0.0000196 seconds
62.953: [GC (Allocation Failure)  871145K->545863K(1033728K), 0.0021271 secs]
62.955: Total time for which application threads were stopped: 0.0022966 seconds, Stopping threads took: 0.0000219 seconds
63.022: [GC (Allocation Failure)  864839K->552713K(1033216K), 0.0054124 secs]
63.028: Total time for which application threads were stopped: 0.0055896 seconds, Stopping threads took: 0.0000221 seconds
63.095: [GC (Allocation Failure)  871689K->556857K(1033728K), 0.0057412 secs]
63.101: Total time for which application threads were stopped: 0.0059002 seconds, Stopping threads took: 0.0000200 seconds
63.167: [GC (Allocation Failure)  876345K->560471K(1030656K), 0.0061369 secs]
63.174: Total time for which application threads were stopped: 0.0062924 seconds, Stopping threads took: 0.0000190 seconds
63.241: [GC (Allocation Failure)  879959K->557049K(1032704K), 0.0045422 secs]
63.245: Total time for which application threads were stopped: 0.0047130 seconds, Stopping threads took: 0.0000197 seconds
63.313: [GC (Allocation Failure)  873977K->556857K(1032192K), 0.0046128 secs]
63.317: Total time for which application threads were stopped: 0.0048215 seconds, Stopping threads took: 0.0000360 seconds
63.385: [GC (Allocation Failure)  873785K->550359K(1032704K), 0.0021004 secs]
63.387: Total time for which application threads were stopped: 0.0022433 seconds, Stopping threads took: 0.0000193 seconds
63.456: [GC (Allocation Failure)  867799K->557081K(1032704K), 0.0049644 secs]
63.461: Total time for which application threads were stopped: 0.0051222 seconds, Stopping threads took: 0.0000171 seconds
63.528: [GC (Allocation Failure)  874521K->556825K(1033216K), 0.0046011 secs]
63.533: Total time for which application threads were stopped: 0.0047948 seconds, Stopping threads took: 0.0000204 seconds
63.599: [GC (Allocation Failure)  875289K->560561K(1033216K), 0.0056436 secs]
63.605: Total time for which application threads were stopped: 0.0058018 seconds, Stopping threads took: 0.0000170 seconds
63.672: [GC (Allocation Failure)  879025K->564884K(1033728K), 0.0048834 secs]
63.676: Total time for which application threads were stopped: 0.0050506 seconds, Stopping threads took: 0.0000200 seconds
63.744: [GC (Allocation Failure)  884372K->564852K(1033728K), 0.0045966 secs]
63.749: Total time for which application threads were stopped: 0.0047570 seconds, Stopping threads took: 0.0000196 seconds
63.814: [GC (Allocation Failure)  884340K->566732K(1033728K), 0.0092462 secs]
63.823: Total time for which application threads were stopped: 0.0094324 seconds, Stopping threads took: 0.0000203 seconds
63.893: [GC (Allocation Failure)  886220K->572878K(1033728K), 0.0046668 secs]
63.898: Total time for which application threads were stopped: 0.0048366 seconds, Stopping threads took: 0.0000197 seconds
63.965: [GC (Allocation Failure)  892366K->572910K(1034240K), 0.0045833 secs]
63.970: Total time for which application threads were stopped: 0.0047522 seconds, Stopping threads took: 0.0000194 seconds
64.037: [GC (Allocation Failure)  893422K->574950K(1034240K), 0.0048792 secs]
64.042: Total time for which application threads were stopped: 0.0050594 seconds, Stopping threads took: 0.0000205 seconds
64.108: [GC (Allocation Failure)  895462K->580968K(1034240K), 0.0046686 secs]
64.113: Total time for which application threads were stopped: 0.0048528 seconds, Stopping threads took: 0.0000169 seconds
64.181: [GC (Allocation Failure)  901480K->580904K(1034240K), 0.0048250 secs]
64.186: Total time for which application threads were stopped: 0.0049986 seconds, Stopping threads took: 0.0000200 seconds
64.253: [GC (Allocation Failure)  901416K->581160K(1034240K), 0.0049243 secs]
64.258: Total time for which application threads were stopped: 0.0050969 seconds, Stopping threads took: 0.0000200 seconds
64.326: [GC (Allocation Failure)  901672K->589003K(1034240K), 0.0049169 secs]
64.331: Total time for which application threads were stopped: 0.0050904 seconds, Stopping threads took: 0.0000214 seconds
64.399: [GC (Allocation Failure)  909515K->588971K(1034240K), 0.0046698 secs]
64.404: Total time for which application threads were stopped: 0.0048440 seconds, Stopping threads took: 0.0000286 seconds
64.471: [GC (Allocation Failure)  909483K->591427K(1034240K), 0.0054661 secs]
64.477: Total time for which application threads were stopped: 0.0056707 seconds, Stopping threads took: 0.0000287 seconds
64.546: [GC (Allocation Failure)  911939K->596997K(1034240K), 0.0046395 secs]
64.551: Total time for which application threads were stopped: 0.0048117 seconds, Stopping threads took: 0.0000255 seconds
64.619: [GC (Allocation Failure)  917509K->596965K(1034240K), 0.0047581 secs]
64.624: Total time for which application threads were stopped: 0.0049206 seconds, Stopping threads took: 0.0000192 seconds
64.691: [GC (Allocation Failure)  917477K->597605K(1034240K), 0.0050544 secs]
64.696: Total time for which application threads were stopped: 0.0052331 seconds, Stopping threads took: 0.0000196 seconds
64.765: [GC (Allocation Failure)  918117K->604999K(1034240K), 0.0059322 secs]
64.771: Total time for which application threads were stopped: 0.0060905 seconds, Stopping threads took: 0.0000204 seconds
64.839: [GC (Allocation Failure)  925511K->604999K(1034240K), 0.0109110 secs]
64.850: Total time for which application threads were stopped: 0.0110589 seconds, Stopping threads took: 0.0000196 seconds
64.919: [GC (Allocation Failure)  925511K->607879K(1034240K), 0.0051937 secs]
64.924: Total time for which application threads were stopped: 0.0053626 seconds, Stopping threads took: 0.0000281 seconds
64.992: [GC (Allocation Failure)  928391K->613129K(1034240K), 0.0047232 secs]
64.997: Total time for which application threads were stopped: 0.0049036 seconds, Stopping threads took: 0.0000199 seconds
65.065: [GC (Allocation Failure)  933641K->613065K(1034240K), 0.0047866 secs]
65.070: Total time for which application threads were stopped: 0.0049625 seconds, Stopping threads took: 0.0000200 seconds
65.138: [GC (Allocation Failure)  933577K->614057K(1034240K), 0.0049236 secs]
65.143: Total time for which application threads were stopped: 0.0050919 seconds, Stopping threads took: 0.0000283 seconds
65.212: [GC (Allocation Failure)  934569K->621132K(1034240K), 0.0054037 secs]
65.217: Total time for which application threads were stopped: 0.0055635 seconds, Stopping threads took: 0.0000199 seconds
65.287: [GC (Allocation Failure)  941644K->621068K(1034240K), 0.0049510 secs]
65.292: Total time for which application threads were stopped: 0.0051514 seconds, Stopping threads took: 0.0000212 seconds
65.361: [GC (Allocation Failure)  941580K->624332K(1034240K), 0.0054170 secs]
65.366: Total time for which application threads were stopped: 0.0055850 seconds, Stopping threads took: 0.0000197 seconds
65.435: [GC (Allocation Failure)  944844K->629102K(1034752K), 0.0064434 secs]
65.441: Total time for which application threads were stopped: 0.0066136 seconds, Stopping threads took: 0.0000286 seconds
65.509: [GC (Allocation Failure)  950638K->629134K(1034752K), 0.0050311 secs]
65.514: Total time for which application threads were stopped: 0.0051894 seconds, Stopping threads took: 0.0000196 seconds
65.581: [GC (Allocation Failure)  950670K->632558K(1034752K), 0.0054695 secs]
65.587: Total time for which application threads were stopped: 0.0056509 seconds, Stopping threads took: 0.0000197 seconds
65.656: [GC (Allocation Failure)  954094K->637136K(1034752K), 0.0049951 secs]
65.661: Total time for which application threads were stopped: 0.0051512 seconds, Stopping threads took: 0.0000177 seconds
65.728: [GC (Allocation Failure)  958672K->637136K(1034752K), 0.0051757 secs]
65.733: Total time for which application threads were stopped: 0.0053452 seconds, Stopping threads took: 0.0000197 seconds
65.798: [GC (Allocation Failure)  958672K->637768K(1034752K), 0.0050336 secs]
65.803: Total time for which application threads were stopped: 0.0052048 seconds, Stopping threads took: 0.0000203 seconds
65.874: [GC (Allocation Failure)  959304K->645194K(1034752K), 0.0048272 secs]
65.879: Total time for which application threads were stopped: 0.0049783 seconds, Stopping threads took: 0.0000179 seconds
65.947: [GC (Allocation Failure)  966730K->645194K(1034752K), 0.0048489 secs]
65.952: Total time for which application threads were stopped: 0.0050182 seconds, Stopping threads took: 0.0000263 seconds
66.018: [GC (Allocation Failure)  966730K->646978K(1034752K), 0.0051783 secs]
66.023: Total time for which application threads were stopped: 0.0053524 seconds, Stopping threads took: 0.0000201 seconds
66.090: [GC (Allocation Failure)  968514K->653285K(1034752K), 0.0051146 secs]
66.095: Total time for which application threads were stopped: 0.0052902 seconds, Stopping threads took: 0.0000213 seconds
66.161: [GC (Allocation Failure)  974821K->653189K(1034752K), 0.0050321 secs]
66.166: Total time for which application threads were stopped: 0.0052184 seconds, Stopping threads took: 0.0000208 seconds
66.233: [GC (Allocation Failure)  974725K->656269K(1034752K), 0.0055292 secs]
66.239: Total time for which application threads were stopped: 0.0056878 seconds, Stopping threads took: 0.0000200 seconds
66.306: [GC (Allocation Failure)  977805K->661263K(1034752K), 0.0049675 secs]
66.311: Total time for which application threads were stopped: 0.0051591 seconds, Stopping threads took: 0.0000207 seconds
66.378: [GC (Allocation Failure)  982799K->661231K(1034752K), 0.0048275 secs]
66.383: Total time for which application threads were stopped: 0.0049973 seconds, Stopping threads took: 0.0000203 seconds
66.448: [GC (Allocation Failure)  982767K->661415K(1033728K), 0.0048837 secs]
66.453: Total time for which application threads were stopped: 0.0050836 seconds, Stopping threads took: 0.0000195 seconds
66.520: [GC (Allocation Failure)  981927K->669257K(1034240K), 0.0082481 secs]
66.528: Total time for which application threads were stopped: 0.0084189 seconds, Stopping threads took: 0.0000201 seconds
66.596: [GC (Allocation Failure)  989769K->669289K(1034240K), 0.0049809 secs]
66.601: Total time for which application threads were stopped: 0.0051487 seconds, Stopping threads took: 0.0000269 seconds
66.668: [GC (Allocation Failure)  989801K->671721K(1034240K), 0.0053968 secs]
66.673: Total time for which application threads were stopped: 0.0055707 seconds, Stopping threads took: 0.0000258 seconds
66.741: [GC (Allocation Failure)  992233K->677355K(1033728K), 0.0049239 secs]
66.746: Total time for which application threads were stopped: 0.0051209 seconds, Stopping threads took: 0.0000207 seconds
66.815: [GC (Allocation Failure)  997867K->677323K(1034240K), 0.0048081 secs]
66.820: Total time for which application threads were stopped: 0.0049584 seconds, Stopping threads took: 0.0000170 seconds
66.888: [GC (Allocation Failure)  997835K->677899K(1033728K), 0.0048115 secs]
66.893: Total time for which application threads were stopped: 0.0049602 seconds, Stopping threads took: 0.0000169 seconds
66.961: [GC (Allocation Failure)  998411K->685326K(1034240K), 0.0049605 secs]
66.966: Total time for which application threads were stopped: 0.0051549 seconds, Stopping threads took: 0.0000200 seconds
67.035: [GC (Allocation Failure)  1005838K->685326K(1034240K), 0.0047880 secs]
67.040: Total time for which application threads were stopped: 0.0049699 seconds, Stopping threads took: 0.0000173 seconds
67.108: [GC (Allocation Failure)  1005838K->688174K(1034240K), 0.0055314 secs]
67.114: [Full GC (Ergonomics)  688174K->11291K(1034240K), 0.0178720 secs]
67.132: Total time for which application threads were stopped: 0.0236993 seconds, Stopping threads took: 0.0000281 seconds
67.201: [GC (Allocation Failure)  331803K->20766K(1032704K), 0.0039657 secs]
67.205: Total time for which application threads were stopped: 0.0041167 seconds, Stopping threads took: 0.0000178 seconds
67.272: [GC (Allocation Failure)  340254K->20694K(1033728K), 0.0038317 secs]
67.276: Total time for which application threads were stopped: 0.0040122 seconds, Stopping threads took: 0.0000198 seconds
67.342: [GC (Allocation Failure)  340182K->21694K(1033216K), 0.0038412 secs]
67.346: Total time for which application threads were stopped: 0.0040129 seconds, Stopping threads took: 0.0000202 seconds
67.413: [GC (Allocation Failure)  341182K->28736K(1033728K), 0.0037507 secs]
67.417: Total time for which application threads were stopped: 0.0039107 seconds, Stopping threads took: 0.0000266 seconds
67.485: [GC (Allocation Failure)  348224K->28704K(1034240K), 0.0054987 secs]
67.490: Total time for which application threads were stopped: 0.0056787 seconds, Stopping threads took: 0.0000254 seconds
67.559: [GC (Allocation Failure)  348704K->29416K(1033728K), 0.0038317 secs]
67.563: Total time for which application threads were stopped: 0.0040042 seconds, Stopping threads took: 0.0000205 seconds
67.630: [GC (Allocation Failure)  349416K->36810K(1033728K), 0.0039140 secs]
67.634: Total time for which application threads were stopped: 0.0040827 seconds, Stopping threads took: 0.0000220 seconds
67.701: [GC (Allocation Failure)  356298K->36746K(1033728K), 0.0036458 secs]
67.705: Total time for which application threads were stopped: 0.0038454 seconds, Stopping threads took: 0.0000221 seconds
67.773: [GC (Allocation Failure)  356234K->37130K(1033728K), 0.0037350 secs]
67.777: Total time for which application threads were stopped: 0.0038904 seconds, Stopping threads took: 0.0000171 seconds
67.844: [GC (Allocation Failure)  356618K->44812K(1033728K), 0.0042122 secs]
67.849: Total time for which application threads were stopped: 0.0043740 seconds, Stopping threads took: 0.0000245 seconds
67.917: [GC (Allocation Failure)  364300K->44780K(1033728K), 0.0035865 secs]
67.921: Total time for which application threads were stopped: 0.0037672 seconds, Stopping threads took: 0.0000254 seconds
67.986: [GC (Allocation Failure)  364268K->46380K(1033728K), 0.0039881 secs]
67.990: Total time for which application threads were stopped: 0.0041515 seconds, Stopping threads took: 0.0000204 seconds
68.057: [GC (Allocation Failure)  365868K->52847K(1033728K), 0.0036070 secs]
68.061: Total time for which application threads were stopped: 0.0038015 seconds, Stopping threads took: 0.0000198 seconds
68.130: [GC (Allocation Failure)  372335K->52815K(1033728K), 0.0035737 secs]
68.134: Total time for which application threads were stopped: 0.0037231 seconds, Stopping threads took: 0.0000166 seconds
68.199: [GC (Allocation Failure)  372303K->53607K(1033728K), 0.0038226 secs]
68.203: Total time for which application threads were stopped: 0.0039868 seconds, Stopping threads took: 0.0000267 seconds
68.271: [GC (Allocation Failure)  373095K->60905K(1033728K), 0.0038983 secs]
68.275: Total time for which application threads were stopped: 0.0040646 seconds, Stopping threads took: 0.0000191 seconds
68.343: [GC (Allocation Failure)  380393K->60841K(1033728K), 0.0036512 secs]
68.346: Total time for which application threads were stopped: 0.0038307 seconds, Stopping threads took: 0.0000218 seconds
68.415: [GC (Allocation Failure)  380329K->60905K(1033728K), 0.0036617 secs]
68.419: Total time for which application threads were stopped: 0.0038225 seconds, Stopping threads took: 0.0000258 seconds
68.485: [GC (Allocation Failure)  380393K->68907K(1033728K), 0.0038238 secs]
68.489: Total time for which application threads were stopped: 0.0039937 seconds, Stopping threads took: 0.0000281 seconds
68.556: [GC (Allocation Failure)  388395K->68907K(1033728K), 0.0037720 secs]
68.560: Total time for which application threads were stopped: 0.0039413 seconds, Stopping threads took: 0.0000202 seconds
68.626: [GC (Allocation Failure)  388395K->69035K(1033728K), 0.0038585 secs]
68.630: Total time for which application threads were stopped: 0.0040410 seconds, Stopping threads took: 0.0000201 seconds
68.700: [GC (Allocation Failure)  388523K->76941K(1027072K), 0.0038892 secs]
68.704: Total time for which application threads were stopped: 0.0040706 seconds, Stopping threads took: 0.0000202 seconds
68.773: [GC (Allocation Failure)  396429K->76909K(1033728K), 0.0037367 secs]
68.777: Total time for which application threads were stopped: 0.0039073 seconds, Stopping threads took: 0.0000205 seconds
68.845: [GC (Allocation Failure)  395885K->77773K(1033216K), 0.0046528 secs]
68.850: Total time for which application threads were stopped: 0.0048179 seconds, Stopping threads took: 0.0000240 seconds
68.918: [GC (Allocation Failure)  396749K->84976K(1032704K), 0.0038666 secs]
68.922: Total time for which application threads were stopped: 0.0040363 seconds, Stopping threads took: 0.0000281 seconds
68.988: [GC (Allocation Failure)  403440K->84976K(1033216K), 0.0039862 secs]
68.992: Total time for which application threads were stopped: 0.0041485 seconds, Stopping threads took: 0.0000203 seconds
69.057: [GC (Allocation Failure)  403440K->85480K(1032704K), 0.0037820 secs]
69.061: Total time for which application threads were stopped: 0.0039523 seconds, Stopping threads took: 0.0000197 seconds
69.127: [GC (Allocation Failure)  403944K->92938K(1033216K), 0.0039272 secs]
69.131: Total time for which application threads were stopped: 0.0041045 seconds, Stopping threads took: 0.0000204 seconds
69.198: [GC (Allocation Failure)  411402K->92970K(1033216K), 0.0036856 secs]
69.202: Total time for which application threads were stopped: 0.0038677 seconds, Stopping threads took: 0.0000275 seconds
69.268: [GC (Allocation Failure)  411434K->93730K(1033216K), 0.0040704 secs]
69.272: Total time for which application threads were stopped: 0.0042377 seconds, Stopping threads took: 0.0000197 seconds
69.339: [GC (Allocation Failure)  412194K->101028K(1032704K), 0.0039951 secs]
69.343: Total time for which application threads were stopped: 0.0041453 seconds, Stopping threads took: 0.0000200 seconds
69.411: [GC (Allocation Failure)  419492K->101028K(1033216K), 0.0039886 secs]
69.415: Total time for which application threads were stopped: 0.0041482 seconds, Stopping threads took: 0.0000193 seconds
69.480: [GC (Allocation Failure)  419492K->101964K(1033728K), 0.0038868 secs]
69.484: Total time for which application threads were stopped: 0.0040401 seconds, Stopping threads took: 0.0000191 seconds
69.551: [GC (Allocation Failure)  420940K->109071K(1033216K), 0.0036533 secs]
69.555: Total time for which application threads were stopped: 0.0038496 seconds, Stopping threads took: 0.0000273 seconds
69.625: [GC (Allocation Failure)  428047K->109039K(1033728K), 0.0039798 secs]
69.629: Total time for which application threads were stopped: 0.0041424 seconds, Stopping threads took: 0.0000189 seconds
69.696: [GC (Allocation Failure)  428015K->109679K(1033216K), 0.0040210 secs]
69.700: Total time for which application threads were stopped: 0.0042217 seconds, Stopping threads took: 0.0000289 seconds
69.769: [GC (Allocation Failure)  428655K->117105K(1032704K), 0.0038095 secs]
69.773: Total time for which application threads were stopped: 0.0039907 seconds, Stopping threads took: 0.0000281 seconds
69.839: [GC (Allocation Failure)  435569K->117073K(1033216K), 0.0082352 secs]
69.848: Total time for which application threads were stopped: 0.0084164 seconds, Stopping threads took: 0.0000164 seconds
69.915: [GC (Allocation Failure)  435537K->117417K(1033216K), 0.0037471 secs]
69.918: Total time for which application threads were stopped: 0.0039660 seconds, Stopping threads took: 0.0000267 seconds
69.988: [GC (Allocation Failure)  435881K->125099K(1033216K), 0.0039373 secs]
69.992: Total time for which application threads were stopped: 0.0041161 seconds, Stopping threads took: 0.0000167 seconds
70.059: [GC (Allocation Failure)  443563K->125131K(1033216K), 0.0040708 secs]
70.063: Total time for which application threads were stopped: 0.0042260 seconds, Stopping threads took: 0.0000194 seconds
70.127: [GC (Allocation Failure)  443595K->125643K(1033216K), 0.0039853 secs]
70.132: Total time for which application threads were stopped: 0.0041506 seconds, Stopping threads took: 0.0000189 seconds
70.199: [GC (Allocation Failure)  444107K->133165K(1033216K), 0.0041145 secs]
70.203: Total time for which application threads were stopped: 0.0042737 seconds, Stopping threads took: 0.0000197 seconds
70.272: [GC (Allocation Failure)  451629K->133133K(1033216K), 0.0040058 secs]
70.276: Total time for which application threads were stopped: 0.0041741 seconds, Stopping threads took: 0.0000193 seconds
70.341: [GC (Allocation Failure)  451597K->133381K(1033216K), 0.0039728 secs]
70.345: Total time for which application threads were stopped: 0.0041419 seconds, Stopping threads took: 0.0000201 seconds
70.413: [GC (Allocation Failure)  451845K->141192K(1033216K), 0.0039353 secs]
70.417: Total time for which application threads were stopped: 0.0041116 seconds, Stopping threads took: 0.0000281 seconds
70.484: [GC (Allocation Failure)  459656K->141160K(1033216K), 0.0040534 secs]
70.489: Total time for which application threads were stopped: 0.0042206 seconds, Stopping threads took: 0.0000192 seconds
70.554: [GC (Allocation Failure)  459624K->141224K(1033216K), 0.0038504 secs]
70.557: Total time for which application threads were stopped: 0.0040199 seconds, Stopping threads took: 0.0000207 seconds
70.624: [GC (Allocation Failure)  459688K->149226K(1033216K), 0.0039878 secs]
70.628: Total time for which application threads were stopped: 0.0041551 seconds, Stopping threads took: 0.0000198 seconds
70.694: [GC (Allocation Failure)  467690K->149226K(1033216K), 0.0039265 secs]
70.698: Total time for which application threads were stopped: 0.0041659 seconds, Stopping threads took: 0.0000201 seconds
70.765: [GC (Allocation Failure)  467690K->149322K(1033216K), 0.0040283 secs]
70.769: Total time for which application threads were stopped: 0.0041916 seconds, Stopping threads took: 0.0000203 seconds
70.836: [GC (Allocation Failure)  467786K->157196K(1033216K), 0.0041746 secs]
70.841: Total time for which application threads were stopped: 0.0043870 seconds, Stopping threads took: 0.0000202 seconds
70.908: [GC (Allocation Failure)  475660K->150922K(1033216K), 0.0013634 secs]
70.910: Total time for which application threads were stopped: 0.0015291 seconds, Stopping threads took: 0.0000286 seconds
70.978: [GC (Allocation Failure)  469386K->157276K(1033216K), 0.0038917 secs]
70.982: Total time for which application threads were stopped: 0.0040405 seconds, Stopping threads took: 0.0000163 seconds
71.051: [GC (Allocation Failure)  475740K->161372K(1033728K), 0.0044081 secs]
71.055: Total time for which application threads were stopped: 0.0045726 seconds, Stopping threads took: 0.0000258 seconds
71.124: [GC (Allocation Failure)  480860K->164506K(1030144K), 0.0052998 secs]
71.129: Total time for which application threads were stopped: 0.0054550 seconds, Stopping threads took: 0.0000188 seconds
71.198: [GC (Allocation Failure)  483994K->161596K(1032704K), 0.0038788 secs]
71.202: Total time for which application threads were stopped: 0.0040508 seconds, Stopping threads took: 0.0000194 seconds
71.271: [GC (Allocation Failure)  479036K->161404K(1032704K), 0.0039784 secs]
71.275: Total time for which application threads were stopped: 0.0041390 seconds, Stopping threads took: 0.0000200 seconds
71.342: [GC (Allocation Failure)  478844K->155482K(1033216K), 0.0016933 secs]
71.343: Total time for which application threads were stopped: 0.0018272 seconds, Stopping threads took: 0.0000195 seconds
71.411: [GC (Allocation Failure)  473946K->161532K(1033216K), 0.0039774 secs]
71.415: Total time for which application threads were stopped: 0.0041461 seconds, Stopping threads took: 0.0000278 seconds
71.482: [GC (Allocation Failure)  479996K->161372K(1033728K), 0.0039389 secs]
71.486: Total time for which application threads were stopped: 0.0041111 seconds, Stopping threads took: 0.0000258 seconds
71.553: [GC (Allocation Failure)  480348K->164284K(1033216K), 0.0064278 secs]
71.559: Total time for which application threads were stopped: 0.0066136 seconds, Stopping threads took: 0.0000288 seconds
71.628: [GC (Allocation Failure)  483260K->169534K(1033728K), 0.0039538 secs]
71.632: Total time for which application threads were stopped: 0.0041303 seconds, Stopping threads took: 0.0000189 seconds
71.699: [GC (Allocation Failure)  489022K->169438K(1033728K), 0.0040542 secs]
71.703: Total time for which application threads were stopped: 0.0042206 seconds, Stopping threads took: 0.0000210 seconds
71.769: [GC (Allocation Failure)  488926K->170982K(1033216K), 0.0044393 secs]
71.774: Total time for which application threads were stopped: 0.0046132 seconds, Stopping threads took: 0.0000209 seconds
71.841: [GC (Allocation Failure)  490470K->177481K(1033728K), 0.0045967 secs]
71.845: Total time for which application threads were stopped: 0.0047626 seconds, Stopping threads took: 0.0000208 seconds
71.914: [GC (Allocation Failure)  496969K->177449K(1034240K), 0.0039387 secs]
71.918: Total time for which application threads were stopped: 0.0041077 seconds, Stopping threads took: 0.0000274 seconds
71.983: [GC (Allocation Failure)  497961K->179209K(1034240K), 0.0043282 secs]
71.987: Total time for which application threads were stopped: 0.0044947 seconds, Stopping threads took: 0.0000207 seconds
72.055: [GC (Allocation Failure)  499721K->185483K(1034240K), 0.0040426 secs]
72.059: Total time for which application threads were stopped: 0.0042378 seconds, Stopping threads took: 0.0000202 seconds
72.129: [GC (Allocation Failure)  505995K->185483K(1034240K), 0.0038977 secs]
72.133: Total time for which application threads were stopped: 0.0040530 seconds, Stopping threads took: 0.0000173 seconds
72.200: [GC (Allocation Failure)  505995K->189483K(1034752K), 0.0048198 secs]
72.205: Total time for which application threads were stopped: 0.0050001 seconds, Stopping threads took: 0.0000203 seconds
72.273: [GC (Allocation Failure)  510507K->193517K(1034240K), 0.0039088 secs]
72.277: Total time for which application threads were stopped: 0.0040753 seconds, Stopping threads took: 0.0000206 seconds
72.344: [GC (Allocation Failure)  514541K->193517K(1034752K), 0.0040440 secs]
72.348: Total time for which application threads were stopped: 0.0042286 seconds, Stopping threads took: 0.0000200 seconds
72.417: [GC (Allocation Failure)  515053K->193605K(1021440K), 0.0040399 secs]
72.421: Total time for which application threads were stopped: 0.0042396 seconds, Stopping threads took: 0.0000260 seconds
72.490: [GC (Allocation Failure)  515141K->201575K(1034240K), 0.0038158 secs]
72.494: Total time for which application threads were stopped: 0.0040110 seconds, Stopping threads took: 0.0000206 seconds
72.564: [GC (Allocation Failure)  522087K->201575K(1034240K), 0.0039943 secs]
72.568: Total time for which application threads were stopped: 0.0041533 seconds, Stopping threads took: 0.0000170 seconds
72.634: [GC (Allocation Failure)  522087K->204967K(1034752K), 0.0048695 secs]
72.639: Total time for which application threads were stopped: 0.0050443 seconds, Stopping threads took: 0.0000200 seconds
72.709: [GC (Allocation Failure)  525991K->209706K(1034240K), 0.0039783 secs]
72.713: Total time for which application threads were stopped: 0.0041498 seconds, Stopping threads took: 0.0000221 seconds
72.780: [GC (Allocation Failure)  530730K->209578K(1034752K), 0.0040477 secs]
72.784: Total time for which application threads were stopped: 0.0042369 seconds, Stopping threads took: 0.0000193 seconds
72.853: [GC (Allocation Failure)  531114K->213162K(1034752K), 0.0045714 secs]
72.858: Total time for which application threads were stopped: 0.0047479 seconds, Stopping threads took: 0.0000202 seconds
72.927: [GC (Allocation Failure)  534698K->217644K(1034752K), 0.0040274 secs]
72.932: Total time for which application threads were stopped: 0.0041964 seconds, Stopping threads took: 0.0000259 seconds
72.999: [GC (Allocation Failure)  539180K->217612K(1034752K), 0.0042794 secs]
73.003: Total time for which application threads were stopped: 0.0044521 seconds, Stopping threads took: 0.0000257 seconds
73.069: [GC (Allocation Failure)  539148K->218348K(1034752K), 0.0042273 secs]
73.073: Total time for which application threads were stopped: 0.0043974 seconds, Stopping threads took: 0.0000215 seconds
73.142: [GC (Allocation Failure)  539884K->225646K(1034752K), 0.0042363 secs]
73.146: Total time for which application threads were stopped: 0.0044110 seconds, Stopping threads took: 0.0000210 seconds
73.213: [GC (Allocation Failure)  547182K->225614K(1034752K), 0.0042697 secs]
73.217: Total time for which application threads were stopped: 0.0044427 seconds, Stopping threads took: 0.0000208 seconds
73.283: [GC (Allocation Failure)  547150K->227590K(1034752K), 0.0044140 secs]
73.287: Total time for which application threads were stopped: 0.0045895 seconds, Stopping threads took: 0.0000200 seconds
73.359: [GC (Allocation Failure)  549126K->233737K(1034752K), 0.0040197 secs]
73.363: Total time for which application threads were stopped: 0.0041781 seconds, Stopping threads took: 0.0000253 seconds
73.429: [GC (Allocation Failure)  555273K->233673K(1034752K), 0.0040075 secs]
73.434: Total time for which application threads were stopped: 0.0041739 seconds, Stopping threads took: 0.0000263 seconds
73.500: [GC (Allocation Failure)  555209K->236841K(1034752K), 0.0064829 secs]
73.506: Total time for which application threads were stopped: 0.0066789 seconds, Stopping threads took: 0.0000251 seconds
73.573: [GC (Allocation Failure)  558377K->241707K(1034752K), 0.0042758 secs]
73.578: Total time for which application threads were stopped: 0.0044527 seconds, Stopping threads took: 0.0000207 seconds
73.644: [GC (Allocation Failure)  563243K->241739K(1034752K), 0.0040328 secs]
73.648: Total time for which application threads were stopped: 0.0042098 seconds, Stopping threads took: 0.0000206 seconds
73.714: [GC (Allocation Failure)  563275K->242019K(1034752K), 0.0042671 secs]
73.718: Total time for which application threads were stopped: 0.0044476 seconds, Stopping threads took: 0.0000204 seconds
73.785: [GC (Allocation Failure)  563555K->249829K(1033728K), 0.0041573 secs]
73.789: Total time for which application threads were stopped: 0.0043180 seconds, Stopping threads took: 0.0000199 seconds
73.857: [GC (Allocation Failure)  570341K->249701K(1034240K), 0.0050646 secs]
73.862: Total time for which application threads were stopped: 0.0052245 seconds, Stopping threads took: 0.0000258 seconds
73.930: [GC (Allocation Failure)  570213K->253317K(1034752K), 0.0049746 secs]
73.935: Total time for which application threads were stopped: 0.0051545 seconds, Stopping threads took: 0.0000281 seconds
74.001: [GC (Allocation Failure)  574853K->257799K(1034752K), 0.0041242 secs]
74.006: Total time for which application threads were stopped: 0.0043067 seconds, Stopping threads took: 0.0000207 seconds
74.072: [GC (Allocation Failure)  579335K->257735K(1034752K), 0.0041945 secs]
74.076: Total time for which application threads were stopped: 0.0043581 seconds, Stopping threads took: 0.0000202 seconds
74.143: [GC (Allocation Failure)  579271K->258471K(1034752K), 0.0042112 secs]
74.147: Total time for which application threads were stopped: 0.0043743 seconds, Stopping threads took: 0.0000204 seconds
74.215: [GC (Allocation Failure)  580007K->265898K(1034752K), 0.0040884 secs]
74.219: Total time for which application threads were stopped: 0.0042623 seconds, Stopping threads took: 0.0000219 seconds
74.287: [GC (Allocation Failure)  587434K->265802K(1034752K), 0.0040423 secs]
74.291: Total time for which application threads were stopped: 0.0042023 seconds, Stopping threads took: 0.0000199 seconds
74.359: [GC (Allocation Failure)  587338K->267650K(1034752K), 0.0055254 secs]
74.364: Total time for which application threads were stopped: 0.0056847 seconds, Stopping threads took: 0.0000209 seconds
74.432: [GC (Allocation Failure)  589186K->273828K(1034752K), 0.0043254 secs]
74.436: Total time for which application threads were stopped: 0.0044972 seconds, Stopping threads took: 0.0000264 seconds
74.503: [GC (Allocation Failure)  595364K->273860K(1034752K), 0.0043651 secs]
74.507: Total time for which application threads were stopped: 0.0045397 seconds, Stopping threads took: 0.0000201 seconds
74.574: [GC (Allocation Failure)  595396K->276972K(1034752K), 0.0048066 secs]
74.579: Total time for which application threads were stopped: 0.0049665 seconds, Stopping threads took: 0.0000200 seconds
74.646: [GC (Allocation Failure)  598508K->281934K(1034752K), 0.0039712 secs]
74.651: Total time for which application threads were stopped: 0.0041637 seconds, Stopping threads took: 0.0000209 seconds
74.720: [GC (Allocation Failure)  603470K->281870K(1034752K), 0.0040404 secs]
74.724: Total time for which application threads were stopped: 0.0041980 seconds, Stopping threads took: 0.0000172 seconds
74.792: [GC (Allocation Failure)  603406K->282086K(1033728K), 0.0042448 secs]
74.797: Total time for which application threads were stopped: 0.0044145 seconds, Stopping threads took: 0.0000196 seconds
74.865: [GC (Allocation Failure)  602598K->289896K(1034240K), 0.0041937 secs]
74.869: Total time for which application threads were stopped: 0.0043596 seconds, Stopping threads took: 0.0000174 seconds
74.938: [GC (Allocation Failure)  610408K->289864K(1034240K), 0.0042199 secs]
74.943: Total time for which application threads were stopped: 0.0043871 seconds, Stopping threads took: 0.0000264 seconds
75.010: [GC (Allocation Failure)  610376K->292392K(1034240K), 0.0045097 secs]
75.015: Total time for which application threads were stopped: 0.0047116 seconds, Stopping threads took: 0.0000287 seconds
75.084: [GC (Allocation Failure)  612904K->297963K(1034752K), 0.0042790 secs]
75.089: Total time for which application threads were stopped: 0.0044468 seconds, Stopping threads took: 0.0000200 seconds
75.156: [GC (Allocation Failure)  619499K->297931K(1034752K), 0.0041997 secs]
75.160: Total time for which application threads were stopped: 0.0043587 seconds, Stopping threads took: 0.0000202 seconds
75.227: [GC (Allocation Failure)  619467K->300619K(1034752K), 0.0045775 secs]
75.231: Total time for which application threads were stopped: 0.0047643 seconds, Stopping threads took: 0.0000206 seconds
75.300: [GC (Allocation Failure)  622155K->306029K(1034752K), 0.0043524 secs]
75.304: Total time for which application threads were stopped: 0.0045487 seconds, Stopping threads took: 0.0000213 seconds
75.373: [GC (Allocation Failure)  627565K->305997K(1034752K), 0.0040451 secs]
75.377: Total time for which application threads were stopped: 0.0042386 seconds, Stopping threads took: 0.0000204 seconds
75.444: [GC (Allocation Failure)  627533K->309869K(1034752K), 0.0051335 secs]
75.449: Total time for which application threads were stopped: 0.0053063 seconds, Stopping threads took: 0.0000209 seconds
75.517: [GC (Allocation Failure)  631405K->314127K(1034752K), 0.0044379 secs]
75.522: Total time for which application threads were stopped: 0.0046112 seconds, Stopping threads took: 0.0000205 seconds
75.589: [GC (Allocation Failure)  635663K->314031K(1034752K), 0.0042309 secs]
75.593: Total time for which application threads were stopped: 0.0044249 seconds, Stopping threads took: 0.0000203 seconds
75.660: [GC (Allocation Failure)  635567K->315079K(1034752K), 0.0044027 secs]
75.665: Total time for which application threads were stopped: 0.0045564 seconds, Stopping threads took: 0.0000176 seconds
75.731: [GC (Allocation Failure)  636615K->322089K(1034752K), 0.0041908 secs]
75.735: Total time for which application threads were stopped: 0.0043638 seconds, Stopping threads took: 0.0000207 seconds
75.802: [GC (Allocation Failure)  643625K->322025K(1034752K), 0.0044183 secs]
75.806: Total time for which application threads were stopped: 0.0046188 seconds, Stopping threads took: 0.0000206 seconds
75.874: [GC (Allocation Failure)  643561K->324329K(1034752K), 0.0046236 secs]
75.879: Total time for which application threads were stopped: 0.0047846 seconds, Stopping threads took: 0.0000206 seconds
75.946: [GC (Allocation Failure)  645865K->330060K(1034752K), 0.0043457 secs]
75.951: Total time for which application threads were stopped: 0.0045182 seconds, Stopping threads took: 0.0000281 seconds
76.017: [GC (Allocation Failure)  651596K->330060K(1034752K), 0.0044249 secs]
76.022: Total time for which application threads were stopped: 0.0045937 seconds, Stopping threads took: 0.0000202 seconds
76.088: [GC (Allocation Failure)  651596K->333580K(1035264K), 0.0049697 secs]
76.093: Total time for which application threads were stopped: 0.0051401 seconds, Stopping threads took: 0.0000199 seconds
76.162: [GC (Allocation Failure)  655628K->338126K(1034752K), 0.0040706 secs]
76.166: Total time for which application threads were stopped: 0.0042313 seconds, Stopping threads took: 0.0000206 seconds
76.234: [GC (Allocation Failure)  660174K->338094K(1035264K), 0.0041489 secs]
76.238: Total time for which application threads were stopped: 0.0043393 seconds, Stopping threads took: 0.0000199 seconds
76.307: [GC (Allocation Failure)  660142K->340262K(1034752K), 0.0045835 secs]
76.311: Total time for which application threads were stopped: 0.0047442 seconds, Stopping threads took: 0.0000195 seconds
76.379: [GC (Allocation Failure)  662310K->346280K(1034752K), 0.0042972 secs]
76.384: Total time for which application threads were stopped: 0.0044579 seconds, Stopping threads took: 0.0000199 seconds
76.452: [GC (Allocation Failure)  667816K->346120K(1034752K), 0.0043535 secs]
76.456: Total time for which application threads were stopped: 0.0045203 seconds, Stopping threads took: 0.0000271 seconds
76.521: [GC (Allocation Failure)  667656K->350024K(1035264K), 0.0051598 secs]
76.527: Total time for which application threads were stopped: 0.0053434 seconds, Stopping threads took: 0.0000266 seconds
76.596: [GC (Allocation Failure)  672072K->354251K(1034752K), 0.0043738 secs]
76.601: Total time for which application threads were stopped: 0.0045451 seconds, Stopping threads took: 0.0000201 seconds
76.669: [GC (Allocation Failure)  676299K->354187K(1035264K), 0.0044288 secs]
76.673: Total time for which application threads were stopped: 0.0046023 seconds, Stopping threads took: 0.0000211 seconds
76.742: [GC (Allocation Failure)  676747K->349224K(1035264K), 0.0023306 secs]
76.744: Total time for which application threads were stopped: 0.0025013 seconds, Stopping threads took: 0.0000195 seconds
76.813: [GC (Allocation Failure)  671784K->354187K(1035264K), 0.0044591 secs]
76.818: Total time for which application threads were stopped: 0.0046203 seconds, Stopping threads took: 0.0000199 seconds
76.887: [GC (Allocation Failure)  676747K->354155K(1035264K), 0.0043567 secs]
76.891: Total time for which application threads were stopped: 0.0045485 seconds, Stopping threads took: 0.0000197 seconds
76.960: [GC (Allocation Failure)  676715K->353480K(1035776K), 0.0041684 secs]
76.965: Total time for which application threads were stopped: 0.0043276 seconds, Stopping threads took: 0.0000171 seconds
77.033: [GC (Allocation Failure)  676552K->354187K(1035264K), 0.0044043 secs]
77.037: Total time for which application threads were stopped: 0.0045980 seconds, Stopping threads took: 0.0000199 seconds
77.107: [GC (Allocation Failure)  677259K->354155K(1035776K), 0.0043476 secs]
77.112: Total time for which application threads were stopped: 0.0045091 seconds, Stopping threads took: 0.0000199 seconds
77.180: [GC (Allocation Failure)  677739K->359792K(1035776K), 0.0067595 secs]
77.187: Total time for which application threads were stopped: 0.0069275 seconds, Stopping threads took: 0.0000199 seconds
77.255: [GC (Allocation Failure)  683376K->355283K(1032704K), 0.0043587 secs]
77.260: Total time for which application threads were stopped: 0.0045204 seconds, Stopping threads took: 0.0000198 seconds
77.327: [GC (Allocation Failure)  675795K->355059K(1034240K), 0.0040994 secs]
77.332: Total time for which application threads were stopped: 0.0042963 seconds, Stopping threads took: 0.0000201 seconds
77.400: [GC (Allocation Failure)  675571K->361928K(1030656K), 0.0071251 secs]
77.408: Total time for which application threads were stopped: 0.0072922 seconds, Stopping threads took: 0.0000256 seconds
77.474: [GC (Allocation Failure)  679368K->356331K(1032704K), 0.0044791 secs]
77.479: Total time for which application threads were stopped: 0.0046509 seconds, Stopping threads took: 0.0000205 seconds
77.546: [GC (Allocation Failure)  673771K->356203K(1034240K), 0.0042555 secs]
77.550: Total time for which application threads were stopped: 0.0044283 seconds, Stopping threads took: 0.0000204 seconds
77.616: [GC (Allocation Failure)  675691K->354088K(1033216K), 0.0046266 secs]
77.621: Total time for which application threads were stopped: 0.0047856 seconds, Stopping threads took: 0.0000193 seconds
77.687: [GC (Allocation Failure)  673576K->356299K(1034752K), 0.0041966 secs]
77.692: Total time for which application threads were stopped: 0.0044055 seconds, Stopping threads took: 0.0000249 seconds
77.760: [GC (Allocation Failure)  677323K->356171K(1034240K), 0.0040755 secs]
77.764: Total time for which application threads were stopped: 0.0042333 seconds, Stopping threads took: 0.0000174 seconds
77.831: [GC (Allocation Failure)  677195K->352200K(1035264K), 0.0026307 secs]
77.834: Total time for which application threads were stopped: 0.0028316 seconds, Stopping threads took: 0.0000275 seconds
77.905: [GC (Allocation Failure)  674760K->356235K(1035264K), 0.0043069 secs]
77.910: Total time for which application threads were stopped: 0.0044823 seconds, Stopping threads took: 0.0000265 seconds
77.977: [GC (Allocation Failure)  678795K->356203K(1035776K), 0.0042913 secs]
77.982: Total time for which application threads were stopped: 0.0044633 seconds, Stopping threads took: 0.0000202 seconds
78.050: [GC (Allocation Failure)  679275K->357064K(1035264K), 0.0046997 secs]
78.054: Total time for which application threads were stopped: 0.0048941 seconds, Stopping threads took: 0.0000200 seconds
78.123: [GC (Allocation Failure)  680136K->356427K(1036288K), 0.0043653 secs]
78.128: Total time for which application threads were stopped: 0.0045257 seconds, Stopping threads took: 0.0000198 seconds
78.196: [GC (Allocation Failure)  680523K->356171K(1035776K), 0.0043615 secs]
78.200: Total time for which application threads were stopped: 0.0045263 seconds, Stopping threads took: 0.0000206 seconds
78.268: [GC (Allocation Failure)  680267K->348552K(1034752K), 0.0012324 secs]
78.269: Total time for which application threads were stopped: 0.0013561 seconds, Stopping threads took: 0.0000196 seconds
78.338: [GC (Allocation Failure)  672136K->356427K(1035776K), 0.0043059 secs]
78.342: Total time for which application threads were stopped: 0.0045058 seconds, Stopping threads took: 0.0000280 seconds
78.411: [GC (Allocation Failure)  680011K->360355K(1036288K), 0.0055733 secs]
78.416: Total time for which application threads were stopped: 0.0057222 seconds, Stopping threads took: 0.0000165 seconds
78.485: [GC (Allocation Failure)  684451K->360291K(1035776K), 0.0042361 secs]
78.489: Total time for which application threads were stopped: 0.0044300 seconds, Stopping threads took: 0.0000249 seconds
78.557: [GC (Allocation Failure)  684387K->360523K(1035264K), 0.0045512 secs]
78.562: Total time for which application threads were stopped: 0.0047167 seconds, Stopping threads took: 0.0000197 seconds
78.629: [GC (Allocation Failure)  684107K->368397K(1035776K), 0.0042288 secs]
78.634: Total time for which application threads were stopped: 0.0044223 seconds, Stopping threads took: 0.0000194 seconds
78.701: [GC (Allocation Failure)  691981K->368365K(1035776K), 0.0043089 secs]
78.706: Total time for which application threads were stopped: 0.0045004 seconds, Stopping threads took: 0.0000200 seconds
78.775: [GC (Allocation Failure)  691949K->368741K(1023488K), 0.0043771 secs]
78.779: Total time for which application threads were stopped: 0.0045553 seconds, Stopping threads took: 0.0000260 seconds
78.848: [GC (Allocation Failure)  692325K->376391K(1035264K), 0.0049290 secs]
78.853: Total time for which application threads were stopped: 0.0050841 seconds, Stopping threads took: 0.0000251 seconds
78.922: [GC (Allocation Failure)  698951K->376359K(1035264K), 0.0043023 secs]
78.926: Total time for which application threads were stopped: 0.0045021 seconds, Stopping threads took: 0.0000269 seconds
78.994: [GC (Allocation Failure)  698919K->376455K(1034240K), 0.0043235 secs]
78.999: Total time for which application threads were stopped: 0.0044818 seconds, Stopping threads took: 0.0000179 seconds
79.067: [GC (Allocation Failure)  697991K->384425K(1034752K), 0.0043273 secs]
79.071: Total time for which application threads were stopped: 0.0045062 seconds, Stopping threads took: 0.0000199 seconds
79.138: [GC (Allocation Failure)  705961K->384457K(1034752K), 0.0043098 secs]
79.142: Total time for which application threads were stopped: 0.0044898 seconds, Stopping threads took: 0.0000212 seconds
79.209: [GC (Allocation Failure)  705993K->384681K(1034752K), 0.0045632 secs]
79.213: Total time for which application threads were stopped: 0.0047320 seconds, Stopping threads took: 0.0000207 seconds
79.282: [GC (Allocation Failure)  706217K->392492K(1034752K), 0.0045135 secs]
79.287: Total time for which application threads were stopped: 0.0046815 seconds, Stopping threads took: 0.0000204 seconds
79.353: [GC (Allocation Failure)  714028K->392492K(1034752K), 0.0042367 secs]
79.357: Total time for which application threads were stopped: 0.0044004 seconds, Stopping threads took: 0.0000198 seconds
79.423: [GC (Allocation Failure)  714028K->392524K(1033728K), 0.0042595 secs]
79.427: Total time for which application threads were stopped: 0.0044321 seconds, Stopping threads took: 0.0000293 seconds
79.494: [GC (Allocation Failure)  713036K->400494K(1034240K), 0.0042934 secs]
79.498: Total time for which application threads were stopped: 0.0045113 seconds, Stopping threads took: 0.0000249 seconds
79.566: [GC (Allocation Failure)  721006K->400494K(1034240K), 0.0043873 secs]
79.570: Total time for which application threads were stopped: 0.0045609 seconds, Stopping threads took: 0.0000212 seconds
79.637: [GC (Allocation Failure)  721006K->400654K(1034240K), 0.0043835 secs]
79.642: Total time for which application threads were stopped: 0.0045457 seconds, Stopping threads took: 0.0000203 seconds
79.709: [GC (Allocation Failure)  721166K->408560K(1033216K), 0.0043928 secs]
79.714: Total time for which application threads were stopped: 0.0045525 seconds, Stopping threads took: 0.0000199 seconds
79.781: [GC (Allocation Failure)  728048K->408496K(1033728K), 0.0044154 secs]
79.785: Total time for which application threads were stopped: 0.0045738 seconds, Stopping threads took: 0.0000193 seconds
79.853: [GC (Allocation Failure)  727984K->408872K(1033728K), 0.0054746 secs]
79.858: Total time for which application threads were stopped: 0.0056822 seconds, Stopping threads took: 0.0000194 seconds
79.925: [GC (Allocation Failure)  728360K->416554K(1033728K), 0.0044294 secs]
79.930: Total time for which application threads were stopped: 0.0045949 seconds, Stopping threads took: 0.0000259 seconds
79.998: [GC (Allocation Failure)  736042K->416554K(1033728K), 0.0043093 secs]
80.002: Total time for which application threads were stopped: 0.0044903 seconds, Stopping threads took: 0.0000190 seconds
80.068: [GC (Allocation Failure)  736042K->416618K(1033728K), 0.0044979 secs]
80.073: Total time for which application threads were stopped: 0.0046756 seconds, Stopping threads took: 0.0000198 seconds
80.142: [GC (Allocation Failure)  736106K->424621K(1033728K), 0.0045101 secs]
80.147: Total time for which application threads were stopped: 0.0046657 seconds, Stopping threads took: 0.0000191 seconds
80.214: [GC (Allocation Failure)  744109K->424589K(1033728K), 0.0045386 secs]
80.218: Total time for which application threads were stopped: 0.0046994 seconds, Stopping threads took: 0.0000201 seconds
80.285: [GC (Allocation Failure)  744077K->424845K(1033728K), 0.0045093 secs]
80.290: Total time for which application threads were stopped: 0.0046726 seconds, Stopping threads took: 0.0000201 seconds
80.358: [GC (Allocation Failure)  744333K->432623K(1027072K), 0.0045133 secs]
80.363: Total time for which application threads were stopped: 0.0046790 seconds, Stopping threads took: 0.0000203 seconds
80.429: [GC (Allocation Failure)  752111K->428717K(1034240K), 0.0032082 secs]
80.432: Total time for which application threads were stopped: 0.0033670 seconds, Stopping threads took: 0.0000199 seconds
80.500: [GC (Allocation Failure)  748205K->432719K(1033216K), 0.0053447 secs]
80.505: Total time for which application threads were stopped: 0.0055211 seconds, Stopping threads took: 0.0000262 seconds
80.572: [GC (Allocation Failure)  752207K->436719K(1034752K), 0.0042942 secs]
80.576: Total time for which application threads were stopped: 0.0044729 seconds, Stopping threads took: 0.0000215 seconds
80.642: [GC (Allocation Failure)  758255K->429997K(1034752K), 0.0019408 secs]
80.644: Total time for which application threads were stopped: 0.0020865 seconds, Stopping threads took: 0.0000200 seconds
80.712: [GC (Allocation Failure)  751533K->436823K(1034752K), 0.0042794 secs]
80.716: Total time for which application threads were stopped: 0.0044443 seconds, Stopping threads took: 0.0000210 seconds
80.782: [GC (Allocation Failure)  758359K->440903K(1034752K), 0.0054680 secs]
80.788: Total time for which application threads were stopped: 0.0056591 seconds, Stopping threads took: 0.0000206 seconds
80.854: [GC (Allocation Failure)  762439K->435333K(1034752K), 0.0083813 secs]
80.863: Total time for which application threads were stopped: 0.0085432 seconds, Stopping threads took: 0.0000262 seconds
80.930: [GC (Allocation Failure)  756869K->441175K(1034752K), 0.0043607 secs]
80.935: Total time for which application threads were stopped: 0.0045311 seconds, Stopping threads took: 0.0000201 seconds
81.002: [GC (Allocation Failure)  762711K->445079K(1034752K), 0.0048897 secs]
81.007: Total time for which application threads were stopped: 0.0050690 seconds, Stopping threads took: 0.0000201 seconds
81.074: [GC (Allocation Failure)  767567K->441109K(1035264K), 0.0041725 secs]
81.078: Total time for which application threads were stopped: 0.0043293 seconds, Stopping threads took: 0.0000198 seconds
81.148: [GC (Allocation Failure)  763669K->445207K(1036288K), 0.0045847 secs]
81.153: Total time for which application threads were stopped: 0.0047602 seconds, Stopping threads took: 0.0000198 seconds
81.220: [GC (Allocation Failure)  769303K->449175K(1035776K), 0.0044307 secs]
81.225: Total time for which application threads were stopped: 0.0046001 seconds, Stopping threads took: 0.0000284 seconds
81.295: [GC (Allocation Failure)  773271K->449207K(1035776K), 0.0042798 secs]
81.299: Total time for which application threads were stopped: 0.0044401 seconds, Stopping threads took: 0.0000195 seconds
81.367: [GC (Allocation Failure)  772791K->449239K(1023488K), 0.0045027 secs]
81.372: Total time for which application threads were stopped: 0.0046803 seconds, Stopping threads took: 0.0000202 seconds
81.440: [GC (Allocation Failure)  772823K->457209K(1035264K), 0.0047902 secs]
81.445: Total time for which application threads were stopped: 0.0049584 seconds, Stopping threads took: 0.0000282 seconds
81.512: [GC (Allocation Failure)  779769K->457209K(1030144K), 0.0041939 secs]
81.517: Total time for which application threads were stopped: 0.0043861 seconds, Stopping threads took: 0.0000283 seconds
81.586: [GC (Allocation Failure)  779769K->457273K(1034752K), 0.0045499 secs]
81.591: Total time for which application threads were stopped: 0.0047124 seconds, Stopping threads took: 0.0000199 seconds
81.659: [GC (Allocation Failure)  778809K->465243K(1034752K), 0.0065095 secs]
81.666: Total time for which application threads were stopped: 0.0066806 seconds, Stopping threads took: 0.0000207 seconds
81.734: [GC (Allocation Failure)  786779K->465243K(1033728K), 0.0043184 secs]
81.738: Total time for which application threads were stopped: 0.0045163 seconds, Stopping threads took: 0.0000228 seconds
81.807: [GC (Allocation Failure)  785755K->465475K(1034240K), 0.0045960 secs]
81.812: Total time for which application threads were stopped: 0.0048016 seconds, Stopping threads took: 0.0000235 seconds
81.882: [GC (Allocation Failure)  785987K->473318K(1034240K), 0.0046409 secs]
81.886: Total time for which application threads were stopped: 0.0048113 seconds, Stopping threads took: 0.0000202 seconds
81.954: [GC (Allocation Failure)  793830K->473286K(1034240K), 0.0044191 secs]
81.959: Total time for which application threads were stopped: 0.0045953 seconds, Stopping threads took: 0.0000198 seconds
82.026: [GC (Allocation Failure)  793798K->473742K(1033216K), 0.0044256 secs]
82.030: Total time for which application threads were stopped: 0.0046188 seconds, Stopping threads took: 0.0000196 seconds
82.099: [GC (Allocation Failure)  793230K->481328K(1033728K), 0.0045982 secs]
82.104: Total time for which application threads were stopped: 0.0047794 seconds, Stopping threads took: 0.0000168 seconds
82.174: [GC (Allocation Failure)  800816K->481328K(1033728K), 0.0045358 secs]
82.178: Total time for which application threads were stopped: 0.0047012 seconds, Stopping threads took: 0.0000205 seconds
82.244: [GC (Allocation Failure)  800816K->481448K(1033728K), 0.0047142 secs]
82.248: Total time for which application threads were stopped: 0.0048961 seconds, Stopping threads took: 0.0000216 seconds
82.316: [GC (Allocation Failure)  800936K->489354K(1033728K), 0.0043763 secs]
82.321: Total time for which application threads were stopped: 0.0045460 seconds, Stopping threads took: 0.0000206 seconds
82.389: [GC (Allocation Failure)  808842K->489322K(1033728K), 0.0045460 secs]
82.393: Total time for which application threads were stopped: 0.0047141 seconds, Stopping threads took: 0.0000200 seconds
82.461: [GC (Allocation Failure)  808810K->489418K(1033728K), 0.0044432 secs]
82.465: Total time for which application threads were stopped: 0.0046145 seconds, Stopping threads took: 0.0000258 seconds
82.534: [GC (Allocation Failure)  808906K->497389K(1027072K), 0.0047652 secs]
82.539: Total time for which application threads were stopped: 0.0049434 seconds, Stopping threads took: 0.0000276 seconds
82.603: [GC (Allocation Failure)  816876K->493514K(1034240K), 0.0036021 secs]
82.607: Total time for which application threads were stopped: 0.0038049 seconds, Stopping threads took: 0.0000193 seconds
82.676: [GC (Allocation Failure)  813002K->497549K(1033216K), 0.0046358 secs]
82.681: Total time for which application threads were stopped: 0.0048029 seconds, Stopping threads took: 0.0000189 seconds
82.749: [GC (Allocation Failure)  817037K->501517K(1034752K), 0.0045791 secs]
82.753: Total time for which application threads were stopped: 0.0047389 seconds, Stopping threads took: 0.0000204 seconds
82.820: [GC (Allocation Failure)  823053K->494730K(1034752K), 0.0020273 secs]
82.822: Total time for which application threads were stopped: 0.0021899 seconds, Stopping threads took: 0.0000205 seconds
82.893: [GC (Allocation Failure)  816266K->501621K(1034752K), 0.0044226 secs]
82.897: Total time for which application threads were stopped: 0.0045723 seconds, Stopping threads took: 0.0000171 seconds
82.965: [GC (Allocation Failure)  823157K->505669K(1034752K), 0.0056240 secs]
82.971: Total time for which application threads were stopped: 0.0057972 seconds, Stopping threads took: 0.0000267 seconds
83.037: [GC (Allocation Failure)  827205K->500130K(1034752K), 0.0026168 secs]
83.039: Total time for which application threads were stopped: 0.0027729 seconds, Stopping threads took: 0.0000205 seconds
83.107: [GC (Allocation Failure)  821666K->505973K(1034752K), 0.0047211 secs]
83.112: Total time for which application threads were stopped: 0.0048904 seconds, Stopping threads took: 0.0000201 seconds
83.179: [GC (Allocation Failure)  827509K->509813K(1034752K), 0.0047726 secs]
83.184: Total time for which application threads were stopped: 0.0049591 seconds, Stopping threads took: 0.0000266 seconds
83.251: [GC (Allocation Failure)  832301K->505906K(1035264K), 0.0034358 secs]
83.254: Total time for which application threads were stopped: 0.0036166 seconds, Stopping threads took: 0.0000207 seconds
83.323: [GC (Allocation Failure)  828466K->509965K(1036288K), 0.0047444 secs]
83.327: Total time for which application threads were stopped: 0.0049133 seconds, Stopping threads took: 0.0000195 seconds
83.395: [GC (Allocation Failure)  834061K->513965K(1035776K), 0.0043835 secs]
83.400: Total time for which application threads were stopped: 0.0045321 seconds, Stopping threads took: 0.0000198 seconds
83.469: [GC (Allocation Failure)  838061K->513965K(1035776K), 0.0043816 secs]
83.474: Total time for which application threads were stopped: 0.0045298 seconds, Stopping threads took: 0.0000171 seconds
83.541: [GC (Allocation Failure)  837549K->513997K(1023488K), 0.0045832 secs]
83.546: Total time for which application threads were stopped: 0.0047655 seconds, Stopping threads took: 0.0000200 seconds
83.614: [GC (Allocation Failure)  837581K->521999K(1035264K), 0.0046027 secs]
83.619: Total time for which application threads were stopped: 0.0047867 seconds, Stopping threads took: 0.0000172 seconds
83.688: [GC (Allocation Failure)  844559K->521935K(1030144K), 0.0044557 secs]
83.692: Total time for which application threads were stopped: 0.0046124 seconds, Stopping threads took: 0.0000177 seconds
83.760: [GC (Allocation Failure)  844495K->522023K(1034752K), 0.0045675 secs]
83.765: Total time for which application threads were stopped: 0.0047600 seconds, Stopping threads took: 0.0000201 seconds
83.833: [GC (Allocation Failure)  843559K->529993K(1034752K), 0.0046494 secs]
83.838: Total time for which application threads were stopped: 0.0048280 seconds, Stopping threads took: 0.0000192 seconds
83.909: [GC (Allocation Failure)  851529K->529993K(1033728K), 0.0043965 secs]
83.913: Total time for which application threads were stopped: 0.0045667 seconds, Stopping threads took: 0.0000301 seconds
83.981: [GC (Allocation Failure)  850505K->530249K(1034240K), 0.0045572 secs]
83.985: Total time for which application threads were stopped: 0.0047299 seconds, Stopping threads took: 0.0000209 seconds
84.053: [GC (Allocation Failure)  850761K->538059K(1034240K), 0.0043997 secs]
84.058: Total time for which application threads were stopped: 0.0045935 seconds, Stopping threads took: 0.0000203 seconds
84.127: [GC (Allocation Failure)  858571K->538059K(1034240K), 0.0047581 secs]
84.131: Total time for which application threads were stopped: 0.0049189 seconds, Stopping threads took: 0.0000200 seconds
84.198: [GC (Allocation Failure)  858571K->538475K(1033216K), 0.0048224 secs]
84.203: Total time for which application threads were stopped: 0.0049807 seconds, Stopping threads took: 0.0000200 seconds
84.272: [GC (Allocation Failure)  857963K->546094K(1033728K), 0.0045333 secs]
84.277: Total time for which application threads were stopped: 0.0046823 seconds, Stopping threads took: 0.0000169 seconds
84.347: [GC (Allocation Failure)  865582K->546094K(1033728K), 0.0045443 secs]
84.351: Total time for which application threads were stopped: 0.0047136 seconds, Stopping threads took: 0.0000196 seconds
84.417: [GC (Allocation Failure)  865582K->546190K(1033728K), 0.0047168 secs]
84.421: Total time for which application threads were stopped: 0.0048856 seconds, Stopping threads took: 0.0000275 seconds
84.489: [GC (Allocation Failure)  865678K->554096K(1033728K), 0.0046146 secs]
84.494: Total time for which application threads were stopped: 0.0047938 seconds, Stopping threads took: 0.0000198 seconds
84.561: [GC (Allocation Failure)  873584K->554096K(1033728K), 0.0046359 secs]
84.566: Total time for which application threads were stopped: 0.0048065 seconds, Stopping threads took: 0.0000283 seconds
84.633: [GC (Allocation Failure)  873584K->554120K(1033728K), 0.0053916 secs]
84.638: Total time for which application threads were stopped: 0.0055733 seconds, Stopping threads took: 0.0000203 seconds
84.705: [GC (Allocation Failure)  873608K->562122K(1027072K), 0.0047841 secs]
84.710: Total time for which application threads were stopped: 0.0049951 seconds, Stopping threads took: 0.0000216 seconds
84.777: [GC (Allocation Failure)  881610K->558216K(1034240K), 0.0037680 secs]
84.781: Total time for which application threads were stopped: 0.0039333 seconds, Stopping threads took: 0.0000204 seconds
84.849: [GC (Allocation Failure)  877704K->562242K(1033216K), 0.0068392 secs]
84.856: Total time for which application threads were stopped: 0.0070540 seconds, Stopping threads took: 0.0000264 seconds
84.924: [GC (Allocation Failure)  881730K->566242K(1034752K), 0.0044991 secs]
84.929: Total time for which application threads were stopped: 0.0046585 seconds, Stopping threads took: 0.0000271 seconds
84.996: [GC (Allocation Failure)  887778K->559488K(1034752K), 0.0021404 secs]
84.998: Total time for which application threads were stopped: 0.0022958 seconds, Stopping threads took: 0.0000248 seconds
85.067: [GC (Allocation Failure)  881024K->566314K(1034752K), 0.0046325 secs]
85.072: Total time for which application threads were stopped: 0.0048148 seconds, Stopping threads took: 0.0000201 seconds
85.139: [GC (Allocation Failure)  887850K->570394K(1034752K), 0.0055943 secs]
85.145: Total time for which application threads were stopped: 0.0057548 seconds, Stopping threads took: 0.0000197 seconds
85.212: [GC (Allocation Failure)  891930K->564824K(1034752K), 0.0027505 secs]
85.215: Total time for which application threads were stopped: 0.0029045 seconds, Stopping threads took: 0.0000204 seconds
85.282: [GC (Allocation Failure)  886360K->570666K(1034752K), 0.0046883 secs]
85.287: Total time for which application threads were stopped: 0.0048589 seconds, Stopping threads took: 0.0000192 seconds
85.356: [GC (Allocation Failure)  892202K->574538K(1034752K), 0.0055456 secs]
85.362: Total time for which application threads were stopped: 0.0057269 seconds, Stopping threads took: 0.0000174 seconds
85.430: [GC (Allocation Failure)  897026K->570600K(1035264K), 0.0034214 secs]
85.434: Total time for which application threads were stopped: 0.0035938 seconds, Stopping threads took: 0.0000270 seconds
85.502: [GC (Allocation Failure)  893160K->574666K(1036288K), 0.0047498 secs]
85.507: Total time for which application threads were stopped: 0.0049431 seconds, Stopping threads took: 0.0000195 seconds
85.575: [GC (Allocation Failure)  898762K->578698K(1035776K), 0.0045473 secs]
85.580: Total time for which application threads were stopped: 0.0047267 seconds, Stopping threads took: 0.0000170 seconds
85.650: [GC (Allocation Failure)  902794K->578666K(1035776K), 0.0046539 secs]
85.655: Total time for which application threads were stopped: 0.0048163 seconds, Stopping threads took: 0.0000208 seconds
85.723: [GC (Allocation Failure)  902250K->578730K(1023488K), 0.0048042 secs]
85.728: Total time for which application threads were stopped: 0.0049847 seconds, Stopping threads took: 0.0000202 seconds
85.794: [GC (Allocation Failure)  902314K->586668K(1035264K), 0.0047350 secs]
85.799: Total time for which application threads were stopped: 0.0049428 seconds, Stopping threads took: 0.0000429 seconds
85.870: [GC (Allocation Failure)  909228K->586700K(1030144K), 0.0045538 secs]
85.875: Total time for which application threads were stopped: 0.0047084 seconds, Stopping threads took: 0.0000196 seconds
85.944: [GC (Allocation Failure)  909260K->586764K(1034752K), 0.0045319 secs]
85.948: Total time for which application threads were stopped: 0.0047306 seconds, Stopping threads took: 0.0000277 seconds
86.017: [GC (Allocation Failure)  908300K->594735K(1034752K), 0.0048801 secs]
86.022: Total time for which application threads were stopped: 0.0050306 seconds, Stopping threads took: 0.0000175 seconds
86.090: [GC (Allocation Failure)  916271K->594735K(1033728K), 0.0046305 secs]
86.095: Total time for which application threads were stopped: 0.0048117 seconds, Stopping threads took: 0.0000208 seconds
86.162: [GC (Allocation Failure)  915247K->594983K(1034240K), 0.0046404 secs]
86.166: Total time for which application threads were stopped: 0.0048403 seconds, Stopping threads took: 0.0000215 seconds
86.236: [GC (Allocation Failure)  915495K->602761K(1034240K), 0.0047349 secs]
86.241: Total time for which application threads were stopped: 0.0048932 seconds, Stopping threads took: 0.0000173 seconds
86.309: [GC (Allocation Failure)  923273K->602761K(1034240K), 0.0047548 secs]
86.314: Total time for which application threads were stopped: 0.0049156 seconds, Stopping threads took: 0.0000203 seconds
86.382: [GC (Allocation Failure)  923273K->603177K(1033216K), 0.0048571 secs]
86.387: Total time for which application threads were stopped: 0.0050281 seconds, Stopping threads took: 0.0000203 seconds
86.455: [GC (Allocation Failure)  922665K->610827K(1033728K), 0.0048858 secs]
86.460: Total time for which application threads were stopped: 0.0050825 seconds, Stopping threads took: 0.0000260 seconds
86.528: [GC (Allocation Failure)  930315K->610763K(1033728K), 0.0047779 secs]
86.533: Total time for which application threads were stopped: 0.0049393 seconds, Stopping threads took: 0.0000203 seconds
86.598: [GC (Allocation Failure)  930251K->610923K(1033728K), 0.0048471 secs]
86.603: Total time for which application threads were stopped: 0.0050177 seconds, Stopping threads took: 0.0000281 seconds
86.670: [GC (Allocation Failure)  930411K->618829K(1033728K), 0.0045636 secs]
86.675: Total time for which application threads were stopped: 0.0047404 seconds, Stopping threads took: 0.0000203 seconds
86.742: [GC (Allocation Failure)  938317K->618829K(1033728K), 0.0048797 secs]
86.747: Total time for which application threads were stopped: 0.0050430 seconds, Stopping threads took: 0.0000211 seconds
86.814: [GC (Allocation Failure)  938317K->618885K(1033728K), 0.0048797 secs]
86.819: Total time for which application threads were stopped: 0.0050653 seconds, Stopping threads took: 0.0000212 seconds
86.887: [GC (Allocation Failure)  938373K->626856K(1027072K), 0.0047515 secs]
86.892: Total time for which application threads were stopped: 0.0049209 seconds, Stopping threads took: 0.0000202 seconds
86.957: [GC (Allocation Failure)  946343K->622949K(1034240K), 0.0037232 secs]
86.961: Total time for which application threads were stopped: 0.0038905 seconds, Stopping threads took: 0.0000290 seconds
87.028: [GC (Allocation Failure)  942437K->627016K(1033216K), 0.0049541 secs]
87.034: Total time for which application threads were stopped: 0.0051461 seconds, Stopping threads took: 0.0000202 seconds
87.101: [GC (Allocation Failure)  946504K->630952K(1034752K), 0.0046128 secs]
87.106: Total time for which application threads were stopped: 0.0047936 seconds, Stopping threads took: 0.0000201 seconds
87.173: [GC (Allocation Failure)  952488K->624229K(1034752K), 0.0021748 secs]
87.175: Total time for which application threads were stopped: 0.0023280 seconds, Stopping threads took: 0.0000206 seconds
87.242: [GC (Allocation Failure)  945765K->631056K(1034752K), 0.0046922 secs]
87.247: Total time for which application threads were stopped: 0.0048571 seconds, Stopping threads took: 0.0000200 seconds
87.313: [GC (Allocation Failure)  952592K->635168K(1034752K), 0.0057145 secs]
87.319: Total time for which application threads were stopped: 0.0059094 seconds, Stopping threads took: 0.0000206 seconds
87.387: [GC (Allocation Failure)  956704K->629597K(1034752K), 0.0027545 secs]
87.389: Total time for which application threads were stopped: 0.0029275 seconds, Stopping threads took: 0.0000259 seconds
87.459: [GC (Allocation Failure)  951133K->635408K(1034752K), 0.0046869 secs]
87.464: Total time for which application threads were stopped: 0.0048497 seconds, Stopping threads took: 0.0000200 seconds
87.531: [GC (Allocation Failure)  956944K->639312K(1034752K), 0.0050669 secs]
87.536: Total time for which application threads were stopped: 0.0052293 seconds, Stopping threads took: 0.0000207 seconds
87.605: [GC (Allocation Failure)  961800K->635341K(1035264K), 0.0037470 secs]
87.609: Total time for which application threads were stopped: 0.0039223 seconds, Stopping threads took: 0.0000192 seconds
87.677: [GC (Allocation Failure)  957901K->639432K(1036288K), 0.0051086 secs]
87.682: Total time for which application threads were stopped: 0.0052713 seconds, Stopping threads took: 0.0000204 seconds
87.750: [GC (Allocation Failure)  963528K->643432K(1035776K), 0.0048093 secs]
87.755: Total time for which application threads were stopped: 0.0049726 seconds, Stopping threads took: 0.0000202 seconds
87.824: [GC (Allocation Failure)  967528K->643432K(1035776K), 0.0046419 secs]
87.828: Total time for which application threads were stopped: 0.0048435 seconds, Stopping threads took: 0.0000218 seconds
87.899: [GC (Allocation Failure)  967016K->643464K(1023488K), 0.0049021 secs]
87.904: Total time for which application threads were stopped: 0.0050738 seconds, Stopping threads took: 0.0000200 seconds
87.971: [GC (Allocation Failure)  967048K->651466K(1035264K), 0.0048380 secs]
87.976: Total time for which application threads were stopped: 0.0050072 seconds, Stopping threads took: 0.0000192 seconds
88.045: [GC (Allocation Failure)  974026K->651434K(1030144K), 0.0047868 secs]
88.050: Total time for which application threads were stopped: 0.0049578 seconds, Stopping threads took: 0.0000204 seconds
88.117: [GC (Allocation Failure)  973994K->651498K(1034752K), 0.0048357 secs]
88.122: Total time for which application threads were stopped: 0.0050117 seconds, Stopping threads took: 0.0000285 seconds
88.191: [GC (Allocation Failure)  973034K->659468K(1029120K), 0.0049951 secs]
88.196: Total time for which application threads were stopped: 0.0052004 seconds, Stopping threads took: 0.0000511 seconds
88.264: [GC (Allocation Failure)  981004K->659468K(1034240K), 0.0045290 secs]
88.268: Total time for which application threads were stopped: 0.0046902 seconds, Stopping threads took: 0.0000201 seconds
88.335: [GC (Allocation Failure)  979980K->659684K(1034240K), 0.0058332 secs]
88.341: Total time for which application threads were stopped: 0.0060128 seconds, Stopping threads took: 0.0000202 seconds
88.411: [GC (Allocation Failure)  980196K->667494K(1034240K), 0.0050147 secs]
88.416: Total time for which application threads were stopped: 0.0051925 seconds, Stopping threads took: 0.0000225 seconds
88.484: [GC (Allocation Failure)  988006K->667494K(1034240K), 0.0050482 secs]
88.489: Total time for which application threads were stopped: 0.0052119 seconds, Stopping threads took: 0.0000206 seconds
88.556: [GC (Allocation Failure)  988006K->667942K(1033216K), 0.0048455 secs]
88.561: Total time for which application threads were stopped: 0.0050055 seconds, Stopping threads took: 0.0000205 seconds
88.629: [GC (Allocation Failure)  987430K->675529K(1033728K), 0.0049903 secs]
88.634: Total time for which application threads were stopped: 0.0051692 seconds, Stopping threads took: 0.0000196 seconds
88.702: [GC (Allocation Failure)  995017K->675529K(1033728K), 0.0048830 secs]
88.707: Total time for which application threads were stopped: 0.0050434 seconds, Stopping threads took: 0.0000196 seconds
88.772: [GC (Allocation Failure)  995017K->675657K(1033728K), 0.0049642 secs]
88.777: Total time for which application threads were stopped: 0.0051362 seconds, Stopping threads took: 0.0000201 seconds
88.844: [GC (Allocation Failure)  995145K->683563K(1033728K), 0.0057034 secs]
88.850: Total time for which application threads were stopped: 0.0058712 seconds, Stopping threads took: 0.0000264 seconds
88.918: [GC (Allocation Failure)  1003051K->683563K(1033728K), 0.0047858 secs]
88.923: Total time for which application threads were stopped: 0.0049425 seconds, Stopping threads took: 0.0000203 seconds
88.989: [GC (Allocation Failure)  1003051K->683587K(1033728K), 0.0057252 secs]
88.995: Total time for which application threads were stopped: 0.0059158 seconds, Stopping threads took: 0.0000200 seconds
89.065: [GC (Allocation Failure)  1003075K->691621K(1027072K), 0.0049549 secs]
89.070: Total time for which application threads were stopped: 0.0051150 seconds, Stopping threads took: 0.0000196 seconds
89.135: [GC (Allocation Failure)  1011109K->687683K(1034240K), 0.0038996 secs]
89.139: Total time for which application threads were stopped: 0.0040717 seconds, Stopping threads took: 0.0000200 seconds
89.208: [GC (Allocation Failure)  1007171K->691725K(1033216K), 0.0049990 secs]
89.213: [Full GC (Ergonomics)  691725K->8609K(1033216K), 0.0125719 secs]
89.226: Total time for which application threads were stopped: 0.0178451 seconds, Stopping threads took: 0.0000200 seconds
89.294: [GC (Allocation Failure)  328097K->16675K(1034752K), 0.0044384 secs]
89.299: Total time for which application threads were stopped: 0.0046392 seconds, Stopping threads took: 0.0000279 seconds
89.366: [GC (Allocation Failure)  338211K->9961K(1034752K), 0.0010176 secs]
89.367: Total time for which application threads were stopped: 0.0011590 seconds, Stopping threads took: 0.0000214 seconds
89.435: [GC (Allocation Failure)  331497K->16755K(1034752K), 0.0036507 secs]
89.438: Total time for which application threads were stopped: 0.0038628 seconds, Stopping threads took: 0.0000286 seconds
89.505: [GC (Allocation Failure)  338291K->20899K(1034752K), 0.0045897 secs]
89.509: Total time for which application threads were stopped: 0.0047597 seconds, Stopping threads took: 0.0000202 seconds
89.575: [GC (Allocation Failure)  342435K->15329K(1034752K), 0.0015246 secs]
89.577: Total time for which application threads were stopped: 0.0016611 seconds, Stopping threads took: 0.0000208 seconds
89.644: [GC (Allocation Failure)  336865K->21163K(1034752K), 0.0036500 secs]
89.648: Total time for which application threads were stopped: 0.0038215 seconds, Stopping threads took: 0.0000206 seconds
89.717: [GC (Allocation Failure)  342699K->25003K(1035264K), 0.0041521 secs]
89.721: Total time for which application threads were stopped: 0.0043260 seconds, Stopping threads took: 0.0000210 seconds
89.788: [GC (Allocation Failure)  347492K->21097K(1035264K), 0.0022062 secs]
89.790: Total time for which application threads were stopped: 0.0023661 seconds, Stopping threads took: 0.0000198 seconds
89.860: [GC (Allocation Failure)  343657K->25131K(1036288K), 0.0043562 secs]
89.865: Total time for which application threads were stopped: 0.0045552 seconds, Stopping threads took: 0.0000211 seconds
89.933: [GC (Allocation Failure)  349227K->29131K(1035776K), 0.0037782 secs]
89.936: Total time for which application threads were stopped: 0.0039478 seconds, Stopping threads took: 0.0000206 seconds
90.005: [GC (Allocation Failure)  353227K->29131K(1035776K), 0.0034736 secs]
90.009: Total time for which application threads were stopped: 0.0036435 seconds, Stopping threads took: 0.0000200 seconds
90.076: [GC (Allocation Failure)  352715K->29195K(1023488K), 0.0036624 secs]
90.080: Total time for which application threads were stopped: 0.0038345 seconds, Stopping threads took: 0.0000203 seconds
90.147: [GC (Allocation Failure)  352779K->37166K(1035264K), 0.0036642 secs]
90.151: Total time for which application threads were stopped: 0.0038594 seconds, Stopping threads took: 0.0000207 seconds
90.221: [GC (Allocation Failure)  359726K->37134K(1030144K), 0.0034808 secs]
90.224: Total time for which application threads were stopped: 0.0036375 seconds, Stopping threads took: 0.0000174 seconds
90.292: [GC (Allocation Failure)  359694K->37222K(1034752K), 0.0036859 secs]
90.296: Total time for which application threads were stopped: 0.0038600 seconds, Stopping threads took: 0.0000268 seconds
90.365: [GC (Allocation Failure)  358758K->45192K(1034752K), 0.0037565 secs]
90.368: Total time for which application threads were stopped: 0.0039172 seconds, Stopping threads took: 0.0000200 seconds
90.438: [GC (Allocation Failure)  366728K->45192K(1033728K), 0.0034481 secs]
90.441: Total time for which application threads were stopped: 0.0036269 seconds, Stopping threads took: 0.0000206 seconds
90.508: [GC (Allocation Failure)  365704K->45448K(1034240K), 0.0037715 secs]
90.512: Total time for which application threads were stopped: 0.0039492 seconds, Stopping threads took: 0.0000202 seconds
90.581: [GC (Allocation Failure)  365960K->53226K(1034240K), 0.0037569 secs]
90.585: Total time for which application threads were stopped: 0.0039338 seconds, Stopping threads took: 0.0000271 seconds
90.653: [GC (Allocation Failure)  373738K->53258K(1034240K), 0.0036935 secs]
90.657: Total time for which application threads were stopped: 0.0038588 seconds, Stopping threads took: 0.0000195 seconds
90.723: [GC (Allocation Failure)  373770K->53666K(1033216K), 0.0039834 secs]
90.727: Total time for which application threads were stopped: 0.0041567 seconds, Stopping threads took: 0.0000205 seconds
90.796: [GC (Allocation Failure)  373154K->61316K(1033728K), 0.0036358 secs]
90.800: Total time for which application threads were stopped: 0.0037950 seconds, Stopping threads took: 0.0000176 seconds
90.869: [GC (Allocation Failure)  380804K->61284K(1033728K), 0.0036852 secs]
90.872: Total time for which application threads were stopped: 0.0038725 seconds, Stopping threads took: 0.0000204 seconds
90.938: [GC (Allocation Failure)  380772K->61420K(1033728K), 0.0037536 secs]
90.942: Total time for which application threads were stopped: 0.0039362 seconds, Stopping threads took: 0.0000288 seconds
91.010: [GC (Allocation Failure)  380908K->69327K(1033728K), 0.0035437 secs]
91.013: Total time for which application threads were stopped: 0.0037391 seconds, Stopping threads took: 0.0000211 seconds
91.083: [GC (Allocation Failure)  388815K->69327K(1033728K), 0.0037613 secs]
91.087: Total time for which application threads were stopped: 0.0039407 seconds, Stopping threads took: 0.0000171 seconds
91.155: [GC (Allocation Failure)  388815K->69359K(1032704K), 0.0036860 secs]
91.159: Total time for which application threads were stopped: 0.0038442 seconds, Stopping threads took: 0.0000192 seconds
91.228: [GC (Allocation Failure)  387823K->77329K(1033216K), 0.0037208 secs]
91.232: Total time for which application threads were stopped: 0.0038900 seconds, Stopping threads took: 0.0000196 seconds
91.299: [GC (Allocation Failure)  395793K->71791K(1033728K), 0.0015778 secs]
91.301: Total time for which application threads were stopped: 0.0017275 seconds, Stopping threads took: 0.0000193 seconds
91.367: [GC (Allocation Failure)  390767K->77577K(1033216K), 0.0038692 secs]
91.371: Total time for which application threads were stopped: 0.0040609 seconds, Stopping threads took: 0.0000195 seconds
91.441: [GC (Allocation Failure)  396553K->81465K(1033728K), 0.0040964 secs]
91.445: Total time for which application threads were stopped: 0.0042965 seconds, Stopping threads took: 0.0000266 seconds
91.512: [GC (Allocation Failure)  401977K->87383K(1034240K), 0.0062479 secs]
91.519: Total time for which application threads were stopped: 0.0064189 seconds, Stopping threads took: 0.0000199 seconds
91.587: [GC (Allocation Failure)  407895K->81625K(1030144K), 0.0038917 secs]
91.591: Total time for which application threads were stopped: 0.0040774 seconds, Stopping threads took: 0.0000270 seconds
91.658: [GC (Allocation Failure)  398041K->81497K(1032192K), 0.0053228 secs]
91.663: Total time for which application threads were stopped: 0.0055057 seconds, Stopping threads took: 0.0000216 seconds
91.731: [GC (Allocation Failure)  397913K->77335K(1033216K), 0.0021658 secs]
91.733: Total time for which application threads were stopped: 0.0023612 seconds, Stopping threads took: 0.0000213 seconds
91.803: [GC (Allocation Failure)  395287K->81593K(1032704K), 0.0038524 secs]
91.807: Total time for which application threads were stopped: 0.0040138 seconds, Stopping threads took: 0.0000197 seconds
91.875: [GC (Allocation Failure)  399545K->81465K(1033728K), 0.0039604 secs]
91.879: Total time for which application threads were stopped: 0.0041340 seconds, Stopping threads took: 0.0000187 seconds
91.946: [GC (Allocation Failure)  400441K->85081K(1033216K), 0.0046599 secs]
91.951: Total time for which application threads were stopped: 0.0048345 seconds, Stopping threads took: 0.0000258 seconds
92.018: [GC (Allocation Failure)  404057K->89563K(1034240K), 0.0037746 secs]
92.022: Total time for which application threads were stopped: 0.0039703 seconds, Stopping threads took: 0.0000209 seconds
92.089: [GC (Allocation Failure)  409563K->89499K(1033728K), 0.0039209 secs]
92.093: Total time for which application threads were stopped: 0.0040705 seconds, Stopping threads took: 0.0000176 seconds
92.158: [GC (Allocation Failure)  409499K->92795K(1034240K), 0.0044068 secs]
92.163: Total time for which application threads were stopped: 0.0045988 seconds, Stopping threads took: 0.0000197 seconds
92.232: [GC (Allocation Failure)  413307K->97533K(1034240K), 0.0038602 secs]
92.236: Total time for which application threads were stopped: 0.0040196 seconds, Stopping threads took: 0.0000204 seconds
92.304: [GC (Allocation Failure)  418045K->97533K(1034752K), 0.0037913 secs]
92.308: Total time for which application threads were stopped: 0.0039675 seconds, Stopping threads took: 0.0000192 seconds
92.373: [GC (Allocation Failure)  419069K->100037K(1034752K), 0.0043273 secs]
92.377: Total time for which application threads were stopped: 0.0044953 seconds, Stopping threads took: 0.0000196 seconds
92.446: [GC (Allocation Failure)  421573K->105608K(1034752K), 0.0039585 secs]
92.450: Total time for which application threads were stopped: 0.0041364 seconds, Stopping threads took: 0.0000287 seconds
92.517: [GC (Allocation Failure)  427144K->105576K(1034752K), 0.0037864 secs]
92.521: Total time for which application threads were stopped: 0.0039460 seconds, Stopping threads took: 0.0000202 seconds
92.586: [GC (Allocation Failure)  427112K->109288K(1035264K), 0.0045279 secs]
92.591: Total time for which application threads were stopped: 0.0047291 seconds, Stopping threads took: 0.0000277 seconds
92.660: [GC (Allocation Failure)  431336K->113642K(1034752K), 0.0039037 secs]
92.664: Total time for which application threads were stopped: 0.0040621 seconds, Stopping threads took: 0.0000180 seconds
92.732: [GC (Allocation Failure)  435690K->113610K(1035264K), 0.0038584 secs]
92.736: Total time for which application threads were stopped: 0.0040561 seconds, Stopping threads took: 0.0000196 seconds
92.803: [GC (Allocation Failure)  436170K->116482K(1035264K), 0.0045265 secs]
92.808: Total time for which application threads were stopped: 0.0046947 seconds, Stopping threads took: 0.0000213 seconds
92.876: [GC (Allocation Failure)  439042K->121732K(1035264K), 0.0036627 secs]
92.880: Total time for which application threads were stopped: 0.0038239 seconds, Stopping threads took: 0.0000194 seconds
92.949: [GC (Allocation Failure)  444292K->121636K(1035264K), 0.0039083 secs]
92.953: Total time for which application threads were stopped: 0.0040716 seconds, Stopping threads took: 0.0000204 seconds
93.021: [GC (Allocation Failure)  444196K->124716K(1035264K), 0.0046027 secs]
93.026: Total time for which application threads were stopped: 0.0047737 seconds, Stopping threads took: 0.0000199 seconds
93.095: [GC (Allocation Failure)  447276K->129711K(1035264K), 0.0038730 secs]
93.098: Total time for which application threads were stopped: 0.0040542 seconds, Stopping threads took: 0.0000204 seconds
93.168: [GC (Allocation Failure)  452271K->129679K(1035264K), 0.0040790 secs]
93.173: Total time for which application threads were stopped: 0.0042476 seconds, Stopping threads took: 0.0000201 seconds
93.240: [GC (Allocation Failure)  452239K->124908K(1035264K), 0.0020039 secs]
93.242: Total time for which application threads were stopped: 0.0021710 seconds, Stopping threads took: 0.0000197 seconds
93.310: [GC (Allocation Failure)  447468K->129903K(1035264K), 0.0039243 secs]
93.314: Total time for which application threads were stopped: 0.0040874 seconds, Stopping threads took: 0.0000195 seconds
93.384: [GC (Allocation Failure)  452463K->129679K(1035264K), 0.0039689 secs]
93.388: Total time for which application threads were stopped: 0.0041546 seconds, Stopping threads took: 0.0000223 seconds
93.456: [GC (Allocation Failure)  452239K->129228K(1035776K), 0.0037613 secs]
93.460: Total time for which application threads were stopped: 0.0039398 seconds, Stopping threads took: 0.0000257 seconds
93.528: [GC (Allocation Failure)  452300K->129871K(1035264K), 0.0039100 secs]
93.532: Total time for which application threads were stopped: 0.0041065 seconds, Stopping threads took: 0.0000206 seconds
93.601: [GC (Allocation Failure)  452943K->129679K(1035776K), 0.0038811 secs]
93.605: Total time for which application threads were stopped: 0.0040615 seconds, Stopping threads took: 0.0000199 seconds
93.674: [GC (Allocation Failure)  453263K->135532K(1035776K), 0.0064987 secs]
93.681: Total time for which application threads were stopped: 0.0066525 seconds, Stopping threads took: 0.0000186 seconds
93.749: [GC (Allocation Failure)  459116K->130927K(1032704K), 0.0040070 secs]
93.753: Total time for which application threads were stopped: 0.0041658 seconds, Stopping threads took: 0.0000195 seconds
93.820: [GC (Allocation Failure)  451439K->130831K(1034240K), 0.0039522 secs]
93.824: Total time for which application threads were stopped: 0.0041107 seconds, Stopping threads took: 0.0000203 seconds
93.894: [GC (Allocation Failure)  451343K->137860K(1030656K), 0.0071650 secs]
93.901: Total time for which application threads were stopped: 0.0073357 seconds, Stopping threads took: 0.0000199 seconds
93.970: [GC (Allocation Failure)  455300K->132199K(1032704K), 0.0039110 secs]
93.974: Total time for which application threads were stopped: 0.0040892 seconds, Stopping threads took: 0.0000272 seconds
94.041: [GC (Allocation Failure)  449639K->132071K(1033728K), 0.0036619 secs]
94.044: Total time for which application threads were stopped: 0.0038186 seconds, Stopping threads took: 0.0000198 seconds
94.113: [GC (Allocation Failure)  451047K->129668K(1033216K), 0.0028461 secs]
94.116: Total time for which application threads were stopped: 0.0030137 seconds, Stopping threads took: 0.0000197 seconds
94.183: [GC (Allocation Failure)  448644K->132135K(1034752K), 0.0038935 secs]
94.187: Total time for which application threads were stopped: 0.0040580 seconds, Stopping threads took: 0.0000202 seconds
94.255: [GC (Allocation Failure)  453159K->132103K(1034240K), 0.0037699 secs]
94.259: Total time for which application threads were stopped: 0.0039607 seconds, Stopping threads took: 0.0000203 seconds
94.327: [GC (Allocation Failure)  453127K->127332K(1034240K), 0.0019661 secs]
94.329: Total time for which application threads were stopped: 0.0021244 seconds, Stopping threads took: 0.0000275 seconds
94.397: [GC (Allocation Failure)  448868K->132327K(1034752K), 0.0037732 secs]
94.401: Total time for which application threads were stopped: 0.0039555 seconds, Stopping threads took: 0.0000208 seconds
94.469: [GC (Allocation Failure)  453863K->132135K(1035776K), 0.0040163 secs]
94.473: Total time for which application threads were stopped: 0.0041866 seconds, Stopping threads took: 0.0000274 seconds
94.540: [GC (Allocation Failure)  455207K->130116K(1035264K), 0.0031636 secs]
94.543: Total time for which application threads were stopped: 0.0033399 seconds, Stopping threads took: 0.0000279 seconds
94.611: [GC (Allocation Failure)  453188K->132263K(1036288K), 0.0040403 secs]
94.615: Total time for which application threads were stopped: 0.0042007 seconds, Stopping threads took: 0.0000197 seconds
94.683: [GC (Allocation Failure)  456359K->132103K(1035776K), 0.0038461 secs]
94.687: Total time for which application threads were stopped: 0.0040236 seconds, Stopping threads took: 0.0000201 seconds
94.757: [GC (Allocation Failure)  456199K->137924K(1033216K), 0.0064455 secs]
94.764: Total time for which application threads were stopped: 0.0065991 seconds, Stopping threads took: 0.0000191 seconds
94.832: [GC (Allocation Failure)  459460K->133831K(1034752K), 0.0041242 secs]
94.837: Total time for which application threads were stopped: 0.0043179 seconds, Stopping threads took: 0.0000200 seconds
94.906: [GC (Allocation Failure)  455367K->133671K(1035264K), 0.0046987 secs]
94.911: Total time for which application threads were stopped: 0.0048927 seconds, Stopping threads took: 0.0000202 seconds
94.981: [GC (Allocation Failure)  456231K->141772K(1035264K), 0.0076161 secs]
94.988: Total time for which application threads were stopped: 0.0077829 seconds, Stopping threads took: 0.0000261 seconds
95.057: [GC (Allocation Failure)  464332K->136623K(1032192K), 0.0039704 secs]
95.061: Total time for which application threads were stopped: 0.0041446 seconds, Stopping threads took: 0.0000203 seconds
95.127: [GC (Allocation Failure)  456111K->136527K(1033728K), 0.0037812 secs]
95.131: Total time for which application threads were stopped: 0.0039604 seconds, Stopping threads took: 0.0000201 seconds
95.197: [GC (Allocation Failure)  456015K->142764K(1031680K), 0.0064639 secs]
95.203: Total time for which application threads were stopped: 0.0066265 seconds, Stopping threads took: 0.0000195 seconds
95.270: [GC (Allocation Failure)  460204K->136559K(1032704K), 0.0041507 secs]
95.274: Total time for which application threads were stopped: 0.0043338 seconds, Stopping threads took: 0.0000208 seconds
95.340: [GC (Allocation Failure)  453999K->136559K(1033216K), 0.0039399 secs]
95.344: Total time for which application threads were stopped: 0.0041034 seconds, Stopping threads took: 0.0000203 seconds
95.410: [GC (Allocation Failure)  454511K->132268K(1032704K), 0.0022837 secs]
95.412: Total time for which application threads were stopped: 0.0024475 seconds, Stopping threads took: 0.0000191 seconds
95.480: [GC (Allocation Failure)  450220K->136783K(1033728K), 0.0039371 secs]
95.484: Total time for which application threads were stopped: 0.0040985 seconds, Stopping threads took: 0.0000260 seconds
95.550: [GC (Allocation Failure)  455759K->136495K(1033216K), 0.0045333 secs]
95.555: Total time for which application threads were stopped: 0.0047053 seconds, Stopping threads took: 0.0000266 seconds
95.622: [GC (Allocation Failure)  455471K->136903K(1032192K), 0.0039840 secs]
95.626: Total time for which application threads were stopped: 0.0041575 seconds, Stopping threads took: 0.0000195 seconds
95.694: [GC (Allocation Failure)  455367K->144617K(1033216K), 0.0039387 secs]
95.698: Total time for which application threads were stopped: 0.0041247 seconds, Stopping threads took: 0.0000218 seconds
95.764: [GC (Allocation Failure)  463081K->144521K(1034240K), 0.0065420 secs]
95.771: Total time for which application threads were stopped: 0.0067184 seconds, Stopping threads took: 0.0000189 seconds
95.837: [GC (Allocation Failure)  464521K->146665K(1033728K), 0.0040726 secs]
95.841: Total time for which application threads were stopped: 0.0042343 seconds, Stopping threads took: 0.0000205 seconds
95.910: [GC (Allocation Failure)  466665K->152683K(1034240K), 0.0038086 secs]
95.914: Total time for which application threads were stopped: 0.0039785 seconds, Stopping threads took: 0.0000199 seconds
95.981: [GC (Allocation Failure)  473195K->152555K(1034240K), 0.0038557 secs]
95.985: Total time for which application threads were stopped: 0.0040576 seconds, Stopping threads took: 0.0000289 seconds
96.053: [GC (Allocation Failure)  473067K->156459K(1034752K), 0.0047693 secs]
96.058: Total time for which application threads were stopped: 0.0049191 seconds, Stopping threads took: 0.0000172 seconds
96.124: [GC (Allocation Failure)  477995K->160685K(1034752K), 0.0038469 secs]
96.128: Total time for which application threads were stopped: 0.0040420 seconds, Stopping threads took: 0.0000204 seconds
96.196: [GC (Allocation Failure)  482221K->160621K(1035264K), 0.0040842 secs]
96.200: Total time for which application threads were stopped: 0.0042361 seconds, Stopping threads took: 0.0000176 seconds
96.268: [GC (Allocation Failure)  483181K->162605K(1035264K), 0.0043345 secs]
96.272: Total time for which application threads were stopped: 0.0044977 seconds, Stopping threads took: 0.0000196 seconds
96.340: [GC (Allocation Failure)  485165K->168688K(1035264K), 0.0039950 secs]
96.344: Total time for which application threads were stopped: 0.0041696 seconds, Stopping threads took: 0.0000209 seconds
96.414: [GC (Allocation Failure)  491248K->168656K(1035264K), 0.0041083 secs]
96.418: Total time for which application threads were stopped: 0.0042797 seconds, Stopping threads took: 0.0000201 seconds
96.484: [GC (Allocation Failure)  491216K->170856K(1035264K), 0.0041544 secs]
96.488: Total time for which application threads were stopped: 0.0043159 seconds, Stopping threads took: 0.0000198 seconds
96.556: [GC (Allocation Failure)  493416K->176714K(1035264K), 0.0040321 secs]
96.560: Total time for which application threads were stopped: 0.0041900 seconds, Stopping threads took: 0.0000201 seconds
96.629: [GC (Allocation Failure)  499274K->176714K(1035264K), 0.0038277 secs]
96.633: Total time for which application threads were stopped: 0.0039888 seconds, Stopping threads took: 0.0000198 seconds
96.701: [GC (Allocation Failure)  499274K->179082K(1035264K), 0.0043618 secs]
96.705: Total time for which application threads were stopped: 0.0045299 seconds, Stopping threads took: 0.0000198 seconds
96.774: [GC (Allocation Failure)  501642K->184876K(1035264K), 0.0041931 secs]
96.778: Total time for which application threads were stopped: 0.0043636 seconds, Stopping threads took: 0.0000198 seconds
96.847: [GC (Allocation Failure)  507436K->184748K(1035264K), 0.0043616 secs]
96.851: Total time for which application threads were stopped: 0.0045199 seconds, Stopping threads took: 0.0000254 seconds
96.918: [GC (Allocation Failure)  507308K->179274K(1035264K), 0.0019052 secs]
96.920: Total time for which application threads were stopped: 0.0020642 seconds, Stopping threads took: 0.0000203 seconds
96.988: [GC (Allocation Failure)  501834K->184812K(1035264K), 0.0037822 secs]
96.992: Total time for which application threads were stopped: 0.0039528 seconds, Stopping threads took: 0.0000199 seconds
97.060: [GC (Allocation Failure)  507372K->184748K(1035264K), 0.0039644 secs]
97.064: Total time for which application threads were stopped: 0.0041597 seconds, Stopping threads took: 0.0000209 seconds
97.133: [GC (Allocation Failure)  507308K->183562K(1035264K), 0.0036725 secs]
97.137: Total time for which application threads were stopped: 0.0038216 seconds, Stopping threads took: 0.0000169 seconds
97.203: [GC (Allocation Failure)  506122K->184780K(1035776K), 0.0041022 secs]
97.208: Total time for which application threads were stopped: 0.0042980 seconds, Stopping threads took: 0.0000193 seconds
97.277: [GC (Allocation Failure)  508364K->184716K(1035776K), 0.0039968 secs]
97.281: Total time for which application threads were stopped: 0.0041920 seconds, Stopping threads took: 0.0000201 seconds
97.350: [GC (Allocation Failure)  508300K->189882K(1032704K), 0.0062008 secs]
97.357: Total time for which application threads were stopped: 0.0063855 seconds, Stopping threads took: 0.0000167 seconds
97.426: [GC (Allocation Failure)  510394K->185404K(1034240K), 0.0040293 secs]
97.430: Total time for which application threads were stopped: 0.0041957 seconds, Stopping threads took: 0.0000258 seconds
97.498: [GC (Allocation Failure)  505916K->185148K(1035264K), 0.0039299 secs]
97.502: Total time for which application threads were stopped: 0.0040941 seconds, Stopping threads took: 0.0000201 seconds
97.570: [GC (Allocation Failure)  507196K->190074K(1034752K), 0.0060382 secs]
97.576: Total time for which application threads were stopped: 0.0062141 seconds, Stopping threads took: 0.0000281 seconds
97.645: [GC (Allocation Failure)  512122K->185340K(1033728K), 0.0042006 secs]
97.650: Total time for which application threads were stopped: 0.0043721 seconds, Stopping threads took: 0.0000200 seconds
97.717: [GC (Allocation Failure)  505852K->185148K(1034240K), 0.0037401 secs]
97.721: Total time for which application threads were stopped: 0.0039080 seconds, Stopping threads took: 0.0000203 seconds
97.788: [GC (Allocation Failure)  505660K->189722K(1032704K), 0.0057083 secs]
97.793: Total time for which application threads were stopped: 0.0058856 seconds, Stopping threads took: 0.0000276 seconds
97.861: [GC (Allocation Failure)  509210K->185276K(1033728K), 0.0051494 secs]
97.866: Total time for which application threads were stopped: 0.0053093 seconds, Stopping threads took: 0.0000281 seconds
97.933: [GC (Allocation Failure)  504764K->185116K(1034752K), 0.0038204 secs]
97.936: Total time for which application threads were stopped: 0.0039792 seconds, Stopping threads took: 0.0000269 seconds
98.003: [GC (Allocation Failure)  506140K->186362K(1034240K), 0.0045245 secs]
98.007: Total time for which application threads were stopped: 0.0046847 seconds, Stopping threads took: 0.0000191 seconds
98.077: [GC (Allocation Failure)  507386K->185244K(1035264K), 0.0038610 secs]
98.081: Total time for which application threads were stopped: 0.0040202 seconds, Stopping threads took: 0.0000188 seconds
98.150: [GC (Allocation Failure)  507292K->185180K(1034752K), 0.0041705 secs]
98.155: Total time for which application threads were stopped: 0.0043663 seconds, Stopping threads took: 0.0000205 seconds
98.224: [GC (Allocation Failure)  507228K->188058K(1034752K), 0.0051841 secs]
98.229: Total time for which application threads were stopped: 0.0053426 seconds, Stopping threads took: 0.0000170 seconds
98.297: [GC (Allocation Failure)  510618K->185180K(1035264K), 0.0040113 secs]
98.301: Total time for which application threads were stopped: 0.0041825 seconds, Stopping threads took: 0.0000205 seconds
98.369: [GC (Allocation Failure)  507740K->185148K(1035776K), 0.0040286 secs]
98.373: Total time for which application threads were stopped: 0.0041945 seconds, Stopping threads took: 0.0000208 seconds
98.443: [GC (Allocation Failure)  508220K->192874K(1035264K), 0.0076213 secs]
98.450: Total time for which application threads were stopped: 0.0077808 seconds, Stopping threads took: 0.0000265 seconds
98.520: [GC (Allocation Failure)  515946K->188396K(1032192K), 0.0040555 secs]
98.524: Total time for which application threads were stopped: 0.0042157 seconds, Stopping threads took: 0.0000179 seconds
98.591: [GC (Allocation Failure)  507884K->188140K(1033728K), 0.0038103 secs]
98.595: Total time for which application threads were stopped: 0.0039859 seconds, Stopping threads took: 0.0000205 seconds
98.664: [GC (Allocation Failure)  507628K->194514K(1031168K), 0.0067362 secs]
98.671: Total time for which application threads were stopped: 0.0068995 seconds, Stopping threads took: 0.0000168 seconds
98.739: [GC (Allocation Failure)  511954K->188436K(1032704K), 0.0038884 secs]
98.743: Total time for which application threads were stopped: 0.0040918 seconds, Stopping threads took: 0.0000198 seconds
98.811: [GC (Allocation Failure)  505876K->188244K(1033216K), 0.0041441 secs]
98.815: Total time for which application threads were stopped: 0.0043485 seconds, Stopping threads took: 0.0000195 seconds
98.881: [GC (Allocation Failure)  506708K->184626K(1033216K), 0.0026085 secs]
98.883: Total time for which application threads were stopped: 0.0027967 seconds, Stopping threads took: 0.0000195 seconds
98.954: [GC (Allocation Failure)  503090K->188372K(1033728K), 0.0041276 secs]
98.958: Total time for which application threads were stopped: 0.0043031 seconds, Stopping threads took: 0.0000260 seconds
99.026: [GC (Allocation Failure)  507348K->188244K(1033216K), 0.0040000 secs]
99.030: Total time for which application threads were stopped: 0.0042060 seconds, Stopping threads took: 0.0000353 seconds
99.098: [GC (Allocation Failure)  507220K->189772K(1032192K), 0.0043361 secs]
99.103: Total time for which application threads were stopped: 0.0045104 seconds, Stopping threads took: 0.0000207 seconds
99.170: [GC (Allocation Failure)  508236K->196366K(1033216K), 0.0038689 secs]
99.174: Total time for which application threads were stopped: 0.0040347 seconds, Stopping threads took: 0.0000202 seconds
99.240: [GC (Allocation Failure)  514830K->196238K(1034752K), 0.0040780 secs]
99.244: Total time for which application threads were stopped: 0.0042574 seconds, Stopping threads took: 0.0000281 seconds
99.313: [GC (Allocation Failure)  517262K->196486K(1020928K), 0.0041273 secs]
99.317: Total time for which application threads were stopped: 0.0042919 seconds, Stopping threads took: 0.0000204 seconds
99.386: [GC (Allocation Failure)  517510K->204297K(1034240K), 0.0041097 secs]
99.390: Total time for which application threads were stopped: 0.0043074 seconds, Stopping threads took: 0.0000214 seconds
99.460: [GC (Allocation Failure)  524297K->204297K(1033728K), 0.0038571 secs]
99.464: Total time for which application threads were stopped: 0.0040190 seconds, Stopping threads took: 0.0000200 seconds
99.529: [GC (Allocation Failure)  524297K->206249K(1033728K), 0.0043458 secs]
99.533: Total time for which application threads were stopped: 0.0045145 seconds, Stopping threads took: 0.0000201 seconds
99.600: [GC (Allocation Failure)  526761K->212331K(1034240K), 0.0042299 secs]
99.604: Total time for which application threads were stopped: 0.0044001 seconds, Stopping threads took: 0.0000200 seconds
99.673: [GC (Allocation Failure)  532843K->212299K(1034752K), 0.0038854 secs]
99.677: Total time for which application threads were stopped: 0.0040532 seconds, Stopping threads took: 0.0000203 seconds
99.742: [GC (Allocation Failure)  533835K->213451K(1034752K), 0.0041884 secs]
99.747: Total time for which application threads were stopped: 0.0043707 seconds, Stopping threads took: 0.0000202 seconds
99.815: [GC (Allocation Failure)  534987K->220365K(1034752K), 0.0040223 secs]
99.819: Total time for which application threads were stopped: 0.0041858 seconds, Stopping threads took: 0.0000205 seconds
99.887: [GC (Allocation Failure)  541901K->220365K(1034752K), 0.0039907 secs]
99.891: Total time for which application threads were stopped: 0.0041463 seconds, Stopping threads took: 0.0000171 seconds
99.959: [GC (Allocation Failure)  541901K->222725K(1034752K), 0.0045653 secs]
99.963: Total time for which application threads were stopped: 0.0047445 seconds, Stopping threads took: 0.0000282 seconds
100.032: [GC (Allocation Failure)  544261K->228487K(1034752K), 0.0040780 secs]
100.036: Total time for which application threads were stopped: 0.0042738 seconds, Stopping threads took: 0.0000207 seconds
100.105: [GC (Allocation Failure)  550023K->228423K(1034752K), 0.0040060 secs]
100.109: Total time for which application threads were stopped: 0.0041798 seconds, Stopping threads took: 0.0000258 seconds
100.176: [GC (Allocation Failure)  549959K->231975K(1034752K), 0.0049327 secs]
100.181: Total time for which application threads were stopped: 0.0051094 seconds, Stopping threads took: 0.0000277 seconds
100.249: [GC (Allocation Failure)  553511K->236458K(1035264K), 0.0059557 secs]
100.255: Total time for which application threads were stopped: 0.0061181 seconds, Stopping threads took: 0.0000279 seconds
100.325: [GC (Allocation Failure)  559018K->236394K(1035264K), 0.0042500 secs]
100.329: Total time for which application threads were stopped: 0.0044167 seconds, Stopping threads took: 0.0000278 seconds
100.397: [GC (Allocation Failure)  558954K->239210K(1035264K), 0.0045286 secs]
100.401: Total time for which application threads were stopped: 0.0046969 seconds, Stopping threads took: 0.0000199 seconds
100.470: [GC (Allocation Failure)  561770K->244460K(1035264K), 0.0042407 secs]
100.475: Total time for which application threads were stopped: 0.0044222 seconds, Stopping threads took: 0.0000207 seconds
100.542: [GC (Allocation Failure)  567020K->244492K(1035264K), 0.0041200 secs]
100.547: Total time for which application threads were stopped: 0.0042841 seconds, Stopping threads took: 0.0000199 seconds
100.614: [GC (Allocation Failure)  567052K->247428K(1035264K), 0.0045438 secs]
100.619: Total time for which application threads were stopped: 0.0047403 seconds, Stopping threads took: 0.0000226 seconds
100.685: [GC (Allocation Failure)  569988K->252678K(1035264K), 0.0042653 secs]
100.690: Total time for which application threads were stopped: 0.0044392 seconds, Stopping threads took: 0.0000205 seconds
100.758: [GC (Allocation Failure)  575238K->252486K(1035264K), 0.0042530 secs]
100.763: Total time for which application threads were stopped: 0.0044381 seconds, Stopping threads took: 0.0000209 seconds
100.829: [GC (Allocation Failure)  575046K->247588K(1035264K), 0.0021978 secs]
100.832: Total time for which application threads were stopped: 0.0023575 seconds, Stopping threads took: 0.0000267 seconds
100.901: [GC (Allocation Failure)  570148K->252614K(1035264K), 0.0042159 secs]
100.905: Total time for which application threads were stopped: 0.0043760 seconds, Stopping threads took: 0.0000196 seconds
100.971: [GC (Allocation Failure)  575174K->252486K(1035264K), 0.0041560 secs]
100.975: Total time for which application threads were stopped: 0.0043257 seconds, Stopping threads took: 0.0000204 seconds
101.043: [GC (Allocation Failure)  575046K->251908K(1035264K), 0.0039362 secs]
101.047: Total time for which application threads were stopped: 0.0041026 seconds, Stopping threads took: 0.0000252 seconds
101.113: [GC (Allocation Failure)  574468K->252582K(1035776K), 0.0041530 secs]
101.117: Total time for which application threads were stopped: 0.0043527 seconds, Stopping threads took: 0.0000202 seconds
101.186: [GC (Allocation Failure)  576166K->252486K(1035776K), 0.0039575 secs]
101.190: Total time for which application threads were stopped: 0.0041383 seconds, Stopping threads took: 0.0000174 seconds
101.260: [GC (Allocation Failure)  576070K->258212K(1031680K), 0.0065332 secs]
101.267: Total time for which application threads were stopped: 0.0067067 seconds, Stopping threads took: 0.0000202 seconds
101.336: [GC (Allocation Failure)  577700K->253510K(1033728K), 0.0041272 secs]
101.340: Total time for which application threads were stopped: 0.0043014 seconds, Stopping threads took: 0.0000272 seconds
101.408: [GC (Allocation Failure)  572998K->253510K(1034752K), 0.0063679 secs]
101.414: Total time for which application threads were stopped: 0.0065615 seconds, Stopping threads took: 0.0000207 seconds
101.483: [GC (Allocation Failure)  574534K->255844K(1034240K), 0.0049262 secs]
101.488: Total time for which application threads were stopped: 0.0051133 seconds, Stopping threads took: 0.0000267 seconds
101.558: [GC (Allocation Failure)  576868K->253702K(1034752K), 0.0043126 secs]
101.562: Total time for which application threads were stopped: 0.0044632 seconds, Stopping threads took: 0.0000174 seconds
101.630: [GC (Allocation Failure)  575238K->253478K(1034752K), 0.0040089 secs]
101.634: Total time for which application threads were stopped: 0.0041884 seconds, Stopping threads took: 0.0000200 seconds
101.701: [GC (Allocation Failure)  575014K->256580K(1034240K), 0.0053821 secs]
101.707: Total time for which application threads were stopped: 0.0055465 seconds, Stopping threads took: 0.0000198 seconds
101.775: [GC (Allocation Failure)  578116K->253670K(1034752K), 0.0040950 secs]
101.779: Total time for which application threads were stopped: 0.0042596 seconds, Stopping threads took: 0.0000207 seconds
101.847: [GC (Allocation Failure)  575206K->253478K(1035776K), 0.0041565 secs]
101.851: Total time for which application threads were stopped: 0.0043584 seconds, Stopping threads took: 0.0000255 seconds
101.919: [GC (Allocation Failure)  576550K->259300K(1035264K), 0.0068887 secs]
101.926: Total time for which application threads were stopped: 0.0070668 seconds, Stopping threads took: 0.0000285 seconds
101.993: [GC (Allocation Failure)  582372K->254694K(1034240K), 0.0042897 secs]
101.997: Total time for which application threads were stopped: 0.0044838 seconds, Stopping threads took: 0.0000267 seconds
102.064: [GC (Allocation Failure)  576230K->254566K(1034752K), 0.0041548 secs]
102.069: Total time for which application threads were stopped: 0.0043272 seconds, Stopping threads took: 0.0000211 seconds
102.134: [GC (Allocation Failure)  576102K->246788K(1032704K), 0.0011600 secs]
102.135: Total time for which application threads were stopped: 0.0012876 seconds, Stopping threads took: 0.0000203 seconds
102.203: [GC (Allocation Failure)  566276K->254654K(1033728K), 0.0042547 secs]
102.207: Total time for which application threads were stopped: 0.0044287 seconds, Stopping threads took: 0.0000205 seconds
102.275: [GC (Allocation Failure)  574142K->258710K(1035264K), 0.0054815 secs]
102.281: Total time for which application threads were stopped: 0.0056463 seconds, Stopping threads took: 0.0000204 seconds
102.349: [GC (Allocation Failure)  580758K->264868K(1034752K), 0.0067535 secs]
102.356: Total time for which application threads were stopped: 0.0069432 seconds, Stopping threads took: 0.0000285 seconds
102.425: [GC (Allocation Failure)  586916K->259814K(1032704K), 0.0044458 secs]
102.430: Total time for which application threads were stopped: 0.0046143 seconds, Stopping threads took: 0.0000204 seconds
102.498: [GC (Allocation Failure)  579302K->259622K(1033728K), 0.0038835 secs]
102.502: Total time for which application threads were stopped: 0.0040605 seconds, Stopping threads took: 0.0000219 seconds
102.569: [GC (Allocation Failure)  579110K->263460K(1033216K), 0.0055691 secs]
102.574: Total time for which application threads were stopped: 0.0057394 seconds, Stopping threads took: 0.0000200 seconds
102.639: [GC (Allocation Failure)  582948K->259750K(1033728K), 0.0040938 secs]
102.644: Total time for which application threads were stopped: 0.0042913 seconds, Stopping threads took: 0.0000201 seconds
102.713: [GC (Allocation Failure)  579238K->259622K(1034752K), 0.0038543 secs]
102.717: Total time for which application threads were stopped: 0.0040386 seconds, Stopping threads took: 0.0000174 seconds
102.785: [GC (Allocation Failure)  580646K->260100K(1034240K), 0.0042420 secs]
102.790: Total time for which application threads were stopped: 0.0043972 seconds, Stopping threads took: 0.0000165 seconds
102.858: [GC (Allocation Failure)  581124K->259686K(1035264K), 0.0053326 secs]
102.864: Total time for which application threads were stopped: 0.0055028 seconds, Stopping threads took: 0.0000259 seconds
102.933: [GC (Allocation Failure)  582246K->259622K(1035264K), 0.0040018 secs]
102.937: Total time for which application threads were stopped: 0.0041679 seconds, Stopping threads took: 0.0000188 seconds
103.005: [GC (Allocation Failure)  582182K->262884K(1034752K), 0.0054640 secs]
103.010: Total time for which application threads were stopped: 0.0056414 seconds, Stopping threads took: 0.0000190 seconds
103.080: [GC (Allocation Failure)  585444K->259654K(1035264K), 0.0041397 secs]
103.084: Total time for which application threads were stopped: 0.0043097 seconds, Stopping threads took: 0.0000195 seconds
103.152: [GC (Allocation Failure)  582214K->259622K(1035776K), 0.0042293 secs]
103.157: Total time for which application threads were stopped: 0.0044184 seconds, Stopping threads took: 0.0000300 seconds
103.224: [GC (Allocation Failure)  582694K->267628K(1035264K), 0.0079417 secs]
103.232: Total time for which application threads were stopped: 0.0081349 seconds, Stopping threads took: 0.0000188 seconds
103.302: [GC (Allocation Failure)  590700K->263150K(1032192K), 0.0042863 secs]
103.306: Total time for which application threads were stopped: 0.0044567 seconds, Stopping threads took: 0.0000197 seconds
103.373: [GC (Allocation Failure)  582638K->262894K(1033728K), 0.0041194 secs]
103.377: Total time for which application threads were stopped: 0.0043018 seconds, Stopping threads took: 0.0000213 seconds
103.442: [GC (Allocation Failure)  582382K->269548K(1031168K), 0.0070188 secs]
103.449: Total time for which application threads were stopped: 0.0071752 seconds, Stopping threads took: 0.0000258 seconds
103.517: [GC (Allocation Failure)  586988K->263502K(1032704K), 0.0040991 secs]
103.522: Total time for which application threads were stopped: 0.0042726 seconds, Stopping threads took: 0.0000269 seconds
103.588: [GC (Allocation Failure)  580942K->263278K(1033216K), 0.0043205 secs]
103.593: Total time for which application threads were stopped: 0.0045004 seconds, Stopping threads took: 0.0000203 seconds
103.660: [GC (Allocation Failure)  581230K->259404K(1032704K), 0.0027143 secs]
103.663: Total time for which application threads were stopped: 0.0028826 seconds, Stopping threads took: 0.0000205 seconds
103.729: [GC (Allocation Failure)  577356K->263438K(1033216K), 0.0041085 secs]
103.733: Total time for which application threads were stopped: 0.0043011 seconds, Stopping threads took: 0.0000201 seconds
103.801: [GC (Allocation Failure)  581390K->263278K(1032704K), 0.0042490 secs]
103.805: Total time for which application threads were stopped: 0.0043994 seconds, Stopping threads took: 0.0000176 seconds
103.872: [GC (Allocation Failure)  581230K->266126K(1032704K), 0.0046837 secs]
103.877: Total time for which application threads were stopped: 0.0048542 seconds, Stopping threads took: 0.0000199 seconds
103.944: [GC (Allocation Failure)  584590K->271408K(1033216K), 0.0039295 secs]
103.948: Total time for which application threads were stopped: 0.0040961 seconds, Stopping threads took: 0.0000212 seconds
104.015: [GC (Allocation Failure)  589872K->271312K(1034752K), 0.0041780 secs]
104.019: Total time for which application threads were stopped: 0.0043339 seconds, Stopping threads took: 0.0000251 seconds
104.085: [GC (Allocation Failure)  592336K->272840K(1034240K), 0.0042913 secs]
104.089: Total time for which application threads were stopped: 0.0044624 seconds, Stopping threads took: 0.0000203 seconds
104.156: [GC (Allocation Failure)  593864K->279339K(1034752K), 0.0043302 secs]
104.161: Total time for which application threads were stopped: 0.0045013 seconds, Stopping threads took: 0.0000202 seconds
104.230: [GC (Allocation Failure)  600363K->279371K(1034240K), 0.0042028 secs]
104.234: Total time for which application threads were stopped: 0.0043755 seconds, Stopping threads took: 0.0000208 seconds
104.302: [GC (Allocation Failure)  600395K->280523K(1033728K), 0.0042119 secs]
104.306: Total time for which application threads were stopped: 0.0043900 seconds, Stopping threads took: 0.0000222 seconds
104.375: [GC (Allocation Failure)  601035K->287405K(1034240K), 0.0041331 secs]
104.379: Total time for which application threads were stopped: 0.0043032 seconds, Stopping threads took: 0.0000208 seconds
104.447: [GC (Allocation Failure)  607917K->287341K(1035264K), 0.0040810 secs]
104.452: Total time for which application threads were stopped: 0.0042424 seconds, Stopping threads took: 0.0000275 seconds
104.519: [GC (Allocation Failure)  609389K->288261K(1034752K), 0.0043402 secs]
104.524: Total time for which application threads were stopped: 0.0044995 seconds, Stopping threads took: 0.0000196 seconds
104.592: [GC (Allocation Failure)  610309K->295431K(1034752K), 0.0041697 secs]
104.596: Total time for which application threads were stopped: 0.0043366 seconds, Stopping threads took: 0.0000274 seconds
104.665: [GC (Allocation Failure)  616967K->295431K(1034752K), 0.0041896 secs]
104.669: Total time for which application threads were stopped: 0.0043517 seconds, Stopping threads took: 0.0000209 seconds
104.734: [GC (Allocation Failure)  616967K->298015K(1034752K), 0.0058310 secs]
104.740: Total time for which application threads were stopped: 0.0060023 seconds, Stopping threads took: 0.0000200 seconds
104.809: [GC (Allocation Failure)  619551K->303554K(1034752K), 0.0042729 secs]
104.813: Total time for which application threads were stopped: 0.0044340 seconds, Stopping threads took: 0.0000204 seconds
104.882: [GC (Allocation Failure)  625090K->303426K(1035264K), 0.0042509 secs]
104.886: Total time for which application threads were stopped: 0.0044169 seconds, Stopping threads took: 0.0000209 seconds
104.953: [GC (Allocation Failure)  625474K->303722K(1034752K), 0.0042978 secs]
104.958: Total time for which application threads were stopped: 0.0044764 seconds, Stopping threads took: 0.0000260 seconds
105.028: [GC (Allocation Failure)  625770K->311532K(1034752K), 0.0042824 secs]
105.033: Total time for which application threads were stopped: 0.0044524 seconds, Stopping threads took: 0.0000223 seconds
105.099: [GC (Allocation Failure)  633068K->311468K(1034752K), 0.0044014 secs]
105.104: Total time for which application threads were stopped: 0.0045726 seconds, Stopping threads took: 0.0000199 seconds
105.169: [GC (Allocation Failure)  633004K->313484K(1034752K), 0.0044614 secs]
105.174: Total time for which application threads were stopped: 0.0046361 seconds, Stopping threads took: 0.0000210 seconds
105.240: [GC (Allocation Failure)  635020K->319502K(1034752K), 0.0042808 secs]
105.244: Total time for which application threads were stopped: 0.0044512 seconds, Stopping threads took: 0.0000199 seconds
105.310: [GC (Allocation Failure)  641038K->319502K(1034752K), 0.0042421 secs]
105.315: Total time for which application threads were stopped: 0.0044386 seconds, Stopping threads took: 0.0000208 seconds
105.382: [GC (Allocation Failure)  641038K->322758K(1034752K), 0.0048991 secs]
105.387: Total time for which application threads were stopped: 0.0050508 seconds, Stopping threads took: 0.0000173 seconds
105.456: [GC (Allocation Failure)  644294K->327528K(1034752K), 0.0040782 secs]
105.460: Total time for which application threads were stopped: 0.0042412 seconds, Stopping threads took: 0.0000278 seconds
105.528: [GC (Allocation Failure)  649064K->327528K(1034752K), 0.0042081 secs]
105.532: Total time for which application threads were stopped: 0.0043798 seconds, Stopping threads took: 0.0000293 seconds
105.598: [GC (Allocation Failure)  649064K->327880K(1034752K), 0.0041973 secs]
105.602: Total time for which application threads were stopped: 0.0043602 seconds, Stopping threads took: 0.0000209 seconds
105.671: [GC (Allocation Failure)  649416K->335595K(1034752K), 0.0042941 secs]
105.675: Total time for which application threads were stopped: 0.0044865 seconds, Stopping threads took: 0.0000205 seconds
105.744: [GC (Allocation Failure)  657131K->335563K(1034752K), 0.0041407 secs]
105.748: Total time for which application threads were stopped: 0.0043052 seconds, Stopping threads took: 0.0000204 seconds
105.813: [GC (Allocation Failure)  657099K->337163K(1034752K), 0.0046101 secs]
105.818: Total time for which application threads were stopped: 0.0047757 seconds, Stopping threads took: 0.0000209 seconds
105.889: [GC (Allocation Failure)  658699K->343693K(1034752K), 0.0043102 secs]
105.893: Total time for which application threads were stopped: 0.0044692 seconds, Stopping threads took: 0.0000195 seconds
105.962: [GC (Allocation Failure)  665229K->343629K(1034752K), 0.0042494 secs]
105.967: Total time for which application threads were stopped: 0.0044112 seconds, Stopping threads took: 0.0000213 seconds
106.032: [GC (Allocation Failure)  665165K->346413K(1034752K), 0.0049836 secs]
106.037: Total time for which application threads were stopped: 0.0051566 seconds, Stopping threads took: 0.0000194 seconds
106.105: [GC (Allocation Failure)  667949K->351663K(1034752K), 0.0042543 secs]
106.109: Total time for which application threads were stopped: 0.0044467 seconds, Stopping threads took: 0.0000202 seconds
106.175: [GC (Allocation Failure)  673199K->351663K(1034752K), 0.0042823 secs]
106.180: Total time for which application threads were stopped: 0.0044430 seconds, Stopping threads took: 0.0000203 seconds
106.245: [GC (Allocation Failure)  673199K->355687K(1034752K), 0.0053189 secs]
106.250: Total time for which application threads were stopped: 0.0055136 seconds, Stopping threads took: 0.0000204 seconds
106.318: [GC (Allocation Failure)  677223K->359913K(1034240K), 0.0044485 secs]
106.323: Total time for which application threads were stopped: 0.0046005 seconds, Stopping threads took: 0.0000173 seconds
106.390: [GC (Allocation Failure)  681449K->359625K(1034752K), 0.0045415 secs]
106.394: Total time for which application threads were stopped: 0.0047232 seconds, Stopping threads took: 0.0000198 seconds
106.461: [GC (Allocation Failure)  681161K->352807K(1034240K), 0.0015169 secs]
106.462: Total time for which application threads were stopped: 0.0016649 seconds, Stopping threads took: 0.0000262 seconds
106.530: [GC (Allocation Failure)  674343K->359849K(1034752K), 0.0045168 secs]
106.535: Total time for which application threads were stopped: 0.0046792 seconds, Stopping threads took: 0.0000202 seconds
106.604: [GC (Allocation Failure)  681385K->359657K(1034752K), 0.0045283 secs]
106.609: Total time for which application threads were stopped: 0.0046892 seconds, Stopping threads took: 0.0000199 seconds
106.676: [GC (Allocation Failure)  681193K->353991K(1034752K), 0.0022390 secs]
106.678: Total time for which application threads were stopped: 0.0023830 seconds, Stopping threads took: 0.0000198 seconds
106.748: [GC (Allocation Failure)  675527K->359817K(1034752K), 0.0045587 secs]
106.753: Total time for which application threads were stopped: 0.0047195 seconds, Stopping threads took: 0.0000200 seconds
106.820: [GC (Allocation Failure)  681353K->359721K(1034752K), 0.0044678 secs]
106.824: Total time for which application threads were stopped: 0.0046373 seconds, Stopping threads took: 0.0000208 seconds
106.890: [GC (Allocation Failure)  681257K->355239K(1034752K), 0.0026427 secs]
106.893: Total time for which application threads were stopped: 0.0028306 seconds, Stopping threads took: 0.0000198 seconds
106.964: [GC (Allocation Failure)  676775K->359721K(1034752K), 0.0044676 secs]
106.968: Total time for which application threads were stopped: 0.0046696 seconds, Stopping threads took: 0.0000262 seconds
107.038: [GC (Allocation Failure)  681257K->359657K(1035264K), 0.0043812 secs]
107.042: Total time for which application threads were stopped: 0.0045536 seconds, Stopping threads took: 0.0000265 seconds
107.110: [GC (Allocation Failure)  681705K->356999K(1034752K), 0.0037087 secs]
107.114: Total time for which application threads were stopped: 0.0038666 seconds, Stopping threads took: 0.0000281 seconds
107.184: [GC (Allocation Failure)  679047K->359689K(1035776K), 0.0043882 secs]
107.188: Total time for which application threads were stopped: 0.0045453 seconds, Stopping threads took: 0.0000169 seconds
107.256: [GC (Allocation Failure)  683273K->359689K(1035776K), 0.0043158 secs]
107.261: Total time for which application threads were stopped: 0.0044945 seconds, Stopping threads took: 0.0000260 seconds
107.330: [GC (Allocation Failure)  683273K->362823K(1033728K), 0.0054756 secs]
107.336: Total time for which application threads were stopped: 0.0056419 seconds, Stopping threads took: 0.0000243 seconds
107.404: [GC (Allocation Failure)  684359K->359881K(1034752K), 0.0045166 secs]
107.408: Total time for which application threads were stopped: 0.0046891 seconds, Stopping threads took: 0.0000203 seconds
107.475: [GC (Allocation Failure)  681417K->359689K(1035264K), 0.0042130 secs]
107.479: Total time for which application threads were stopped: 0.0043843 seconds, Stopping threads took: 0.0000286 seconds
107.547: [GC (Allocation Failure)  681737K->364551K(1034752K), 0.0063266 secs]
107.553: Total time for which application threads were stopped: 0.0064948 seconds, Stopping threads took: 0.0000275 seconds
107.621: [GC (Allocation Failure)  686599K->359881K(1033728K), 0.0104840 secs]
107.632: Total time for which application threads were stopped: 0.0106322 seconds, Stopping threads took: 0.0000194 seconds
107.701: [GC (Allocation Failure)  680393K->359657K(1034240K), 0.0043992 secs]
107.706: Total time for which application threads were stopped: 0.0045608 seconds, Stopping threads took: 0.0000205 seconds
107.773: [GC (Allocation Failure)  680169K->364263K(1032704K), 0.0061333 secs]
107.779: Total time for which application threads were stopped: 0.0062864 seconds, Stopping threads took: 0.0000190 seconds
107.846: [GC (Allocation Failure)  683751K->359785K(1033728K), 0.0129433 secs]
107.859: Total time for which application threads were stopped: 0.0131450 seconds, Stopping threads took: 0.0000235 seconds
107.926: [GC (Allocation Failure)  679273K->359657K(1034752K), 0.0043557 secs]
107.931: Total time for which application threads were stopped: 0.0045266 seconds, Stopping threads took: 0.0000198 seconds
107.997: [GC (Allocation Failure)  680681K->360871K(1034240K), 0.0047438 secs]
108.002: Total time for which application threads were stopped: 0.0049137 seconds, Stopping threads took: 0.0000276 seconds
108.069: [GC (Allocation Failure)  681895K->359721K(1035264K), 0.0044179 secs]
108.074: Total time for which application threads were stopped: 0.0045811 seconds, Stopping threads took: 0.0000191 seconds
108.141: [GC (Allocation Failure)  681769K->359657K(1034752K), 0.0042840 secs]
108.145: Total time for which application threads were stopped: 0.0044504 seconds, Stopping threads took: 0.0000197 seconds
108.215: [GC (Allocation Failure)  681705K->362599K(1034752K), 0.0055840 secs]
108.220: Total time for which application threads were stopped: 0.0057632 seconds, Stopping threads took: 0.0000201 seconds
108.289: [GC (Allocation Failure)  685159K->359689K(1035264K), 0.0041583 secs]
108.293: Total time for which application threads were stopped: 0.0043246 seconds, Stopping threads took: 0.0000188 seconds
108.360: [GC (Allocation Failure)  682249K->359657K(1035776K), 0.0042662 secs]
108.365: Total time for which application threads were stopped: 0.0044348 seconds, Stopping threads took: 0.0000206 seconds
108.432: [GC (Allocation Failure)  682729K->367367K(1035264K), 0.0093357 secs]
108.441: Total time for which application threads were stopped: 0.0094949 seconds, Stopping threads took: 0.0000200 seconds
108.510: [GC (Allocation Failure)  690439K->362857K(1032192K), 0.0044796 secs]
108.515: Total time for which application threads were stopped: 0.0046599 seconds, Stopping threads took: 0.0000280 seconds
108.583: [GC (Allocation Failure)  682345K->362633K(1033728K), 0.0044974 secs]
108.587: Total time for which application threads were stopped: 0.0046789 seconds, Stopping threads took: 0.0000213 seconds
108.654: [GC (Allocation Failure)  682121K->368999K(1031168K), 0.0069000 secs]
108.661: Total time for which application threads were stopped: 0.0070702 seconds, Stopping threads took: 0.0000285 seconds
108.728: [GC (Allocation Failure)  686439K->362905K(1032704K), 0.0044245 secs]
108.733: Total time for which application threads were stopped: 0.0045874 seconds, Stopping threads took: 0.0000193 seconds
108.799: [GC (Allocation Failure)  680345K->362745K(1033728K), 0.0043209 secs]
108.804: Total time for which application threads were stopped: 0.0044941 seconds, Stopping threads took: 0.0000207 seconds
108.871: [GC (Allocation Failure)  681721K->359639K(1033216K), 0.0031322 secs]
108.875: Total time for which application threads were stopped: 0.0032965 seconds, Stopping threads took: 0.0000187 seconds
108.942: [GC (Allocation Failure)  678615K->362873K(1033728K), 0.0042389 secs]
108.947: Total time for which application threads were stopped: 0.0044067 seconds, Stopping threads took: 0.0000184 seconds
109.016: [GC (Allocation Failure)  681849K->362745K(1033216K), 0.0041828 secs]
109.020: Total time for which application threads were stopped: 0.0043436 seconds, Stopping threads took: 0.0000194 seconds
109.086: [GC (Allocation Failure)  681721K->365329K(1033216K), 0.0047817 secs]
109.091: Total time for which application threads were stopped: 0.0049407 seconds, Stopping threads took: 0.0000197 seconds
109.158: [GC (Allocation Failure)  684817K->370868K(1033728K), 0.0045381 secs]
109.162: Total time for which application threads were stopped: 0.0046997 seconds, Stopping threads took: 0.0000202 seconds
109.229: [GC (Allocation Failure)  690356K->370772K(1034752K), 0.0043311 secs]
109.233: Total time for which application threads were stopped: 0.0044925 seconds, Stopping threads took: 0.0000203 seconds
109.301: [GC (Allocation Failure)  691796K->374060K(1034240K), 0.0051104 secs]
109.306: Total time for which application threads were stopped: 0.0052816 seconds, Stopping threads took: 0.0000199 seconds
109.376: [GC (Allocation Failure)  695084K->378798K(1035264K), 0.0044725 secs]
109.381: Total time for which application threads were stopped: 0.0046355 seconds, Stopping threads took: 0.0000203 seconds
109.449: [GC (Allocation Failure)  700846K->378830K(1034752K), 0.0043949 secs]
109.453: Total time for which application threads were stopped: 0.0045616 seconds, Stopping threads took: 0.0000272 seconds
109.521: [GC (Allocation Failure)  700878K->379718K(1034240K), 0.0044221 secs]
109.525: Total time for which application threads were stopped: 0.0046288 seconds, Stopping threads took: 0.0000288 seconds
109.595: [GC (Allocation Failure)  701254K->386984K(1034752K), 0.0040958 secs]
109.599: Total time for which application threads were stopped: 0.0042571 seconds, Stopping threads took: 0.0000196 seconds
109.666: [GC (Allocation Failure)  708520K->386856K(1035264K), 0.0044670 secs]
109.670: Total time for which application threads were stopped: 0.0046286 seconds, Stopping threads took: 0.0000209 seconds
109.739: [GC (Allocation Failure)  709416K->390024K(1035264K), 0.0049107 secs]
109.744: Total time for which application threads were stopped: 0.0050864 seconds, Stopping threads took: 0.0000204 seconds
109.814: [GC (Allocation Failure)  712584K->394986K(1035264K), 0.0043701 secs]
109.818: Total time for which application threads were stopped: 0.0045656 seconds, Stopping threads took: 0.0000197 seconds
109.889: [GC (Allocation Failure)  717546K->394858K(1035264K), 0.0042493 secs]
109.894: Total time for which application threads were stopped: 0.0044094 seconds, Stopping threads took: 0.0000176 seconds
109.961: [GC (Allocation Failure)  717418K->390152K(1034752K), 0.0024641 secs]
109.964: Total time for which application threads were stopped: 0.0026318 seconds, Stopping threads took: 0.0000275 seconds
110.031: [GC (Allocation Failure)  712712K->394858K(1035264K), 0.0042290 secs]
110.036: Total time for which application threads were stopped: 0.0043881 seconds, Stopping threads took: 0.0000204 seconds
110.104: [GC (Allocation Failure)  717418K->394890K(1035776K), 0.0043759 secs]
110.108: Total time for which application threads were stopped: 0.0045319 seconds, Stopping threads took: 0.0000194 seconds
110.175: [GC (Allocation Failure)  718474K->395464K(1035776K), 0.0047461 secs]
110.180: Total time for which application threads were stopped: 0.0049069 seconds, Stopping threads took: 0.0000196 seconds
110.248: [GC (Allocation Failure)  719048K->395082K(1035776K), 0.0054217 secs]
110.254: Total time for which application threads were stopped: 0.0055868 seconds, Stopping threads took: 0.0000195 seconds
110.322: [GC (Allocation Failure)  718666K->394890K(1035776K), 0.0044880 secs]
110.327: Total time for which application threads were stopped: 0.0046616 seconds, Stopping threads took: 0.0000285 seconds
110.395: [GC (Allocation Failure)  718474K->402792K(1030656K), 0.0081981 secs]
110.403: Total time for which application threads were stopped: 0.0083699 seconds, Stopping threads took: 0.0000199 seconds
110.471: [GC (Allocation Failure)  721256K->398218K(1033216K), 0.0042858 secs]
110.475: Total time for which application threads were stopped: 0.0044600 seconds, Stopping threads took: 0.0000275 seconds
110.542: [GC (Allocation Failure)  716682K->398026K(1034752K), 0.0042677 secs]
110.546: Total time for which application threads were stopped: 0.0044536 seconds, Stopping threads took: 0.0000204 seconds
110.612: [GC (Allocation Failure)  718538K->400104K(1033728K), 0.0053060 secs]
110.618: Total time for which application threads were stopped: 0.0054692 seconds, Stopping threads took: 0.0000195 seconds
110.685: [GC (Allocation Failure)  720616K->398186K(1034752K), 0.0043350 secs]
110.689: Total time for which application threads were stopped: 0.0045131 seconds, Stopping threads took: 0.0000208 seconds
110.756: [GC (Allocation Failure)  719210K->398090K(1034240K), 0.0043747 secs]
110.761: Total time for which application threads were stopped: 0.0045409 seconds, Stopping threads took: 0.0000201 seconds
110.829: [GC (Allocation Failure)  719114K->399240K(1035264K), 0.0047613 secs]
110.834: Total time for which application threads were stopped: 0.0049156 seconds, Stopping threads took: 0.0000172 seconds
110.903: [GC (Allocation Failure)  721800K->398154K(1035264K), 0.0044998 secs]
110.908: Total time for which application threads were stopped: 0.0046628 seconds, Stopping threads took: 0.0000196 seconds
110.977: [GC (Allocation Failure)  720714K->398090K(1036288K), 0.0043907 secs]
110.981: Total time for which application threads were stopped: 0.0045666 seconds, Stopping threads took: 0.0000264 seconds
111.049: [GC (Allocation Failure)  722186K->405064K(1035776K), 0.0076006 secs]
111.057: Total time for which application threads were stopped: 0.0077788 seconds, Stopping threads took: 0.0000200 seconds
111.126: [GC (Allocation Failure)  729160K->400842K(1032704K), 0.0046100 secs]
111.130: Total time for which application threads were stopped: 0.0048094 seconds, Stopping threads took: 0.0000202 seconds
111.199: [GC (Allocation Failure)  721354K->400874K(1034240K), 0.0046289 secs]
111.204: Total time for which application threads were stopped: 0.0048083 seconds, Stopping threads took: 0.0000208 seconds
111.271: [GC (Allocation Failure)  721386K->393256K(1032704K), 0.0014071 secs]
111.272: Total time for which application threads were stopped: 0.0015388 seconds, Stopping threads took: 0.0000225 seconds
111.341: [GC (Allocation Failure)  712744K->401090K(1033728K), 0.0044704 secs]
111.345: Total time for which application threads were stopped: 0.0046376 seconds, Stopping threads took: 0.0000190 seconds
111.413: [GC (Allocation Failure)  720578K->404986K(1035264K), 0.0056250 secs]
111.419: Total time for which application threads were stopped: 0.0058466 seconds, Stopping threads took: 0.0000205 seconds
111.487: [GC (Allocation Failure)  726522K->410880K(1034240K), 0.0090812 secs]
111.496: Total time for which application threads were stopped: 0.0092396 seconds, Stopping threads took: 0.0000268 seconds
111.563: [GC (Allocation Failure)  732416K->405818K(1033216K), 0.0046476 secs]
111.568: Total time for which application threads were stopped: 0.0048114 seconds, Stopping threads took: 0.0000193 seconds
111.635: [GC (Allocation Failure)  725306K->405658K(1033728K), 0.0043489 secs]
111.639: Total time for which application threads were stopped: 0.0045190 seconds, Stopping threads took: 0.0000199 seconds
111.706: [GC (Allocation Failure)  725146K->408696K(1034240K), 0.0056399 secs]
111.712: Total time for which application threads were stopped: 0.0057973 seconds, Stopping threads took: 0.0000191 seconds
111.778: [GC (Allocation Failure)  729208K->405786K(1034240K), 0.0044286 secs]
111.783: Total time for which application threads were stopped: 0.0046064 seconds, Stopping threads took: 0.0000196 seconds
111.850: [GC (Allocation Failure)  726298K->405690K(1034752K), 0.0052614 secs]
111.856: Total time for which application threads were stopped: 0.0054570 seconds, Stopping threads took: 0.0000191 seconds
111.923: [GC (Allocation Failure)  726714K->407384K(1034240K), 0.0049847 secs]
111.928: Total time for which application threads were stopped: 0.0051674 seconds, Stopping threads took: 0.0000166 seconds
111.998: [GC (Allocation Failure)  728408K->405722K(1035264K), 0.0041375 secs]
112.002: Total time for which application threads were stopped: 0.0042839 seconds, Stopping threads took: 0.0000251 seconds
112.070: [GC (Allocation Failure)  727770K->405690K(1034752K), 0.0046166 secs]
112.075: Total time for which application threads were stopped: 0.0047888 seconds, Stopping threads took: 0.0000202 seconds
112.142: [GC (Allocation Failure)  727738K->409112K(1033728K), 0.0056800 secs]
112.148: Total time for which application threads were stopped: 0.0058527 seconds, Stopping threads took: 0.0000215 seconds
112.215: [GC (Allocation Failure)  730648K->405658K(1034752K), 0.0044771 secs]
112.220: Total time for which application threads were stopped: 0.0046521 seconds, Stopping threads took: 0.0000208 seconds
112.285: [GC (Allocation Failure)  727194K->405690K(1035776K), 0.0045941 secs]
112.290: Total time for which application threads were stopped: 0.0047672 seconds, Stopping threads took: 0.0000206 seconds
112.356: [GC (Allocation Failure)  728762K->411816K(1035264K), 0.0073091 secs]
112.363: Total time for which application threads were stopped: 0.0074714 seconds, Stopping threads took: 0.0000211 seconds
112.433: [GC (Allocation Failure)  734888K->407274K(1033216K), 0.0047495 secs]
112.438: Total time for which application threads were stopped: 0.0049208 seconds, Stopping threads took: 0.0000195 seconds
112.506: [GC (Allocation Failure)  727786K->407114K(1034240K), 0.0045779 secs]
112.510: Total time for which application threads were stopped: 0.0047444 seconds, Stopping threads took: 0.0000198 seconds
112.578: [GC (Allocation Failure)  727626K->413960K(1030656K), 0.0075504 secs]
112.586: Total time for which application threads were stopped: 0.0077180 seconds, Stopping threads took: 0.0000273 seconds
112.653: [GC (Allocation Failure)  731400K->408330K(1032704K), 0.0044698 secs]
112.658: Total time for which application threads were stopped: 0.0046362 seconds, Stopping threads took: 0.0000194 seconds
112.725: [GC (Allocation Failure)  725770K->408234K(1033728K), 0.0043732 secs]
112.729: Total time for which application threads were stopped: 0.0045319 seconds, Stopping threads took: 0.0000196 seconds
112.796: [GC (Allocation Failure)  727210K->405608K(1033216K), 0.0033387 secs]
112.800: Total time for which application threads were stopped: 0.0034981 seconds, Stopping threads took: 0.0000189 seconds
112.869: [GC (Allocation Failure)  724584K->408330K(1033728K), 0.0043571 secs]
112.874: Total time for which application threads were stopped: 0.0045316 seconds, Stopping threads took: 0.0000194 seconds
112.942: [GC (Allocation Failure)  727306K->408170K(1033216K), 0.0045966 secs]
112.947: Total time for which application threads were stopped: 0.0047554 seconds, Stopping threads took: 0.0000166 seconds
113.013: [GC (Allocation Failure)  727146K->411306K(1033216K), 0.0049113 secs]
113.018: Total time for which application threads were stopped: 0.0051081 seconds, Stopping threads took: 0.0000208 seconds
113.087: [GC (Allocation Failure)  730794K->416301K(1033728K), 0.0045429 secs]
113.091: Total time for which application threads were stopped: 0.0047372 seconds, Stopping threads took: 0.0000198 seconds
113.160: [GC (Allocation Failure)  735789K->416237K(1034752K), 0.0046886 secs]
113.164: Total time for which application threads were stopped: 0.0048591 seconds, Stopping threads took: 0.0000203 seconds
113.232: [GC (Allocation Failure)  737261K->420013K(1034240K), 0.0051731 secs]
113.238: Total time for which application threads were stopped: 0.0053433 seconds, Stopping threads took: 0.0000206 seconds
113.305: [GC (Allocation Failure)  741037K->424271K(1035264K), 0.0043080 secs]
113.310: Total time for which application threads were stopped: 0.0044753 seconds, Stopping threads took: 0.0000196 seconds
113.377: [GC (Allocation Failure)  746319K->424303K(1034752K), 0.0045850 secs]
113.381: Total time for which application threads were stopped: 0.0047825 seconds, Stopping threads took: 0.0000207 seconds
113.451: [GC (Allocation Failure)  746351K->425703K(1034752K), 0.0044692 secs]
113.455: Total time for which application threads were stopped: 0.0046324 seconds, Stopping threads took: 0.0000260 seconds
113.523: [GC (Allocation Failure)  748263K->432489K(1035264K), 0.0043228 secs]
113.528: Total time for which application threads were stopped: 0.0044720 seconds, Stopping threads took: 0.0000177 seconds
113.595: [GC (Allocation Failure)  755049K->432329K(1035264K), 0.0043349 secs]
113.600: Total time for which application threads were stopped: 0.0044932 seconds, Stopping threads took: 0.0000192 seconds
113.667: [GC (Allocation Failure)  754889K->425895K(1035264K), 0.0019097 secs]
113.669: Total time for which application threads were stopped: 0.0020549 seconds, Stopping threads took: 0.0000198 seconds
113.737: [GC (Allocation Failure)  748455K->432457K(1035264K), 0.0047702 secs]
113.742: Total time for which application threads were stopped: 0.0049306 seconds, Stopping threads took: 0.0000200 seconds
113.811: [GC (Allocation Failure)  755017K->432329K(1035264K), 0.0044803 secs]
113.816: Total time for which application threads were stopped: 0.0046503 seconds, Stopping threads took: 0.0000197 seconds
113.884: [GC (Allocation Failure)  754889K->430215K(1035776K), 0.0036161 secs]
113.887: Total time for which application threads were stopped: 0.0037836 seconds, Stopping threads took: 0.0000198 seconds
113.955: [GC (Allocation Failure)  753287K->432425K(1035264K), 0.0043448 secs]
113.960: Total time for which application threads were stopped: 0.0045134 seconds, Stopping threads took: 0.0000270 seconds
114.027: [GC (Allocation Failure)  755497K->432297K(1036288K), 0.0044518 secs]
114.032: Total time for which application threads were stopped: 0.0046230 seconds, Stopping threads took: 0.0000208 seconds
114.099: [GC (Allocation Failure)  756393K->436999K(1035776K), 0.0063845 secs]
114.105: Total time for which application threads were stopped: 0.0065686 seconds, Stopping threads took: 0.0000201 seconds
114.175: [GC (Allocation Failure)  761095K->432809K(1033728K), 0.0046154 secs]
114.179: Total time for which application threads were stopped: 0.0047870 seconds, Stopping threads took: 0.0000201 seconds
114.247: [GC (Allocation Failure)  754345K->432777K(1034752K), 0.0043979 secs]
114.252: Total time for which application threads were stopped: 0.0045994 seconds, Stopping threads took: 0.0000209 seconds
114.317: [GC (Allocation Failure)  754313K->424903K(1034240K), 0.0013833 secs]
114.319: Total time for which application threads were stopped: 0.0015144 seconds, Stopping threads took: 0.0000201 seconds
114.387: [GC (Allocation Failure)  746439K->433017K(1034752K), 0.0044718 secs]
114.392: Total time for which application threads were stopped: 0.0046692 seconds, Stopping threads took: 0.0000212 seconds
114.461: [GC (Allocation Failure)  754553K->436953K(1035264K), 0.0057111 secs]
114.466: Total time for which application threads were stopped: 0.0058930 seconds, Stopping threads took: 0.0000276 seconds
114.534: [GC (Allocation Failure)  759001K->430775K(1034752K), 0.0022389 secs]
114.537: Total time for which application threads were stopped: 0.0023999 seconds, Stopping threads took: 0.0000201 seconds
114.605: [GC (Allocation Failure)  752823K->437137K(1035264K), 0.0046286 secs]
114.610: Total time for which application threads were stopped: 0.0048073 seconds, Stopping threads took: 0.0000223 seconds
114.678: [GC (Allocation Failure)  759185K->441065K(1034752K), 0.0048978 secs]
114.683: Total time for which application threads were stopped: 0.0050746 seconds, Stopping threads took: 0.0000208 seconds
114.752: [GC (Allocation Failure)  763113K->437159K(1035776K), 0.0036429 secs]
114.756: Total time for which application threads were stopped: 0.0038305 seconds, Stopping threads took: 0.0000292 seconds
114.824: [GC (Allocation Failure)  760743K->441225K(1035776K), 0.0046057 secs]
114.828: Total time for which application threads were stopped: 0.0047807 seconds, Stopping threads took: 0.0000210 seconds
114.897: [GC (Allocation Failure)  764809K->445193K(1035776K), 0.0045703 secs]
114.902: Total time for which application threads were stopped: 0.0047450 seconds, Stopping threads took: 0.0000179 seconds
114.970: [GC (Allocation Failure)  768777K->445225K(1035776K), 0.0045712 secs]
114.974: Total time for which application threads were stopped: 0.0047401 seconds, Stopping threads took: 0.0000283 seconds
115.040: [GC (Allocation Failure)  768809K->445257K(1034752K), 0.0043979 secs]
115.044: Total time for which application threads were stopped: 0.0045541 seconds, Stopping threads took: 0.0000204 seconds
115.114: [GC (Allocation Failure)  767817K->453260K(1035264K), 0.0044647 secs]
115.118: Total time for which application threads were stopped: 0.0046261 seconds, Stopping threads took: 0.0000192 seconds
115.185: [GC (Allocation Failure)  775820K->453196K(1035264K), 0.0045704 secs]
115.189: Total time for which application threads were stopped: 0.0047395 seconds, Stopping threads took: 0.0000205 seconds
115.256: [GC (Allocation Failure)  775756K->453284K(1022464K), 0.0048141 secs]
115.261: Total time for which application threads were stopped: 0.0049758 seconds, Stopping threads took: 0.0000201 seconds
115.330: [GC (Allocation Failure)  775844K->461254K(1034752K), 0.0045178 secs]
115.334: Total time for which application threads were stopped: 0.0047026 seconds, Stopping threads took: 0.0000291 seconds
115.403: [GC (Allocation Failure)  782790K->461222K(1034752K), 0.0043193 secs]
115.407: Total time for which application threads were stopped: 0.0045017 seconds, Stopping threads took: 0.0000210 seconds
115.475: [GC (Allocation Failure)  782758K->461502K(1034752K), 0.0065672 secs]
115.481: Total time for which application threads were stopped: 0.0067509 seconds, Stopping threads took: 0.0000209 seconds
115.551: [GC (Allocation Failure)  783038K->469280K(1029120K), 0.0044552 secs]
115.555: Total time for which application threads were stopped: 0.0046114 seconds, Stopping threads took: 0.0000204 seconds
115.624: [GC (Allocation Failure)  790816K->469312K(1034240K), 0.0046835 secs]
115.629: Total time for which application threads were stopped: 0.0048406 seconds, Stopping threads took: 0.0000201 seconds
115.697: [GC (Allocation Failure)  789824K->469728K(1034240K), 0.0045778 secs]
115.702: Total time for which application threads were stopped: 0.0047369 seconds, Stopping threads took: 0.0000192 seconds
115.769: [GC (Allocation Failure)  790240K->477346K(1034240K), 0.0044172 secs]
115.774: Total time for which application threads were stopped: 0.0045925 seconds, Stopping threads took: 0.0000198 seconds
115.842: [GC (Allocation Failure)  797858K->477314K(1034240K), 0.0051122 secs]
115.848: Total time for which application threads were stopped: 0.0052662 seconds, Stopping threads took: 0.0000233 seconds
115.916: [GC (Allocation Failure)  797826K->477450K(1033216K), 0.0047587 secs]
115.921: Total time for which application threads were stopped: 0.0049517 seconds, Stopping threads took: 0.0000197 seconds
115.989: [GC (Allocation Failure)  796938K->485389K(1033728K), 0.0044780 secs]
115.994: Total time for which application threads were stopped: 0.0046461 seconds, Stopping threads took: 0.0000202 seconds
116.061: [GC (Allocation Failure)  804877K->485357K(1033728K), 0.0045905 secs]
116.065: Total time for which application threads were stopped: 0.0047865 seconds, Stopping threads took: 0.0000202 seconds
116.131: [GC (Allocation Failure)  804845K->485421K(1033728K), 0.0047493 secs]
116.136: Total time for which application threads were stopped: 0.0049070 seconds, Stopping threads took: 0.0000172 seconds
116.204: [GC (Allocation Failure)  804909K->493359K(1033728K), 0.0062566 secs]
116.211: Total time for which application threads were stopped: 0.0064262 seconds, Stopping threads took: 0.0000204 seconds
116.277: [GC (Allocation Failure)  812847K->493423K(1033728K), 0.0045155 secs]
116.281: Total time for which application threads were stopped: 0.0046859 seconds, Stopping threads took: 0.0000208 seconds
116.346: [GC (Allocation Failure)  812911K->493647K(1033728K), 0.0045791 secs]
116.351: Total time for which application threads were stopped: 0.0047558 seconds, Stopping threads took: 0.0000202 seconds
116.420: [GC (Allocation Failure)  813135K->501457K(1033728K), 0.0045263 secs]
116.425: Total time for which application threads were stopped: 0.0046863 seconds, Stopping threads took: 0.0000201 seconds
116.491: [GC (Allocation Failure)  820945K->497551K(1034240K), 0.0035191 secs]
116.495: Total time for which application threads were stopped: 0.0036841 seconds, Stopping threads took: 0.0000281 seconds
116.563: [GC (Allocation Failure)  817551K->501577K(1033728K), 0.0045132 secs]
116.567: Total time for which application threads were stopped: 0.0047077 seconds, Stopping threads took: 0.0000198 seconds
116.637: [GC (Allocation Failure)  821577K->505545K(1034752K), 0.0047116 secs]
116.642: Total time for which application threads were stopped: 0.0048819 seconds, Stopping threads took: 0.0000211 seconds
116.709: [GC (Allocation Failure)  827081K->499783K(1034752K), 0.0025567 secs]
116.712: Total time for which application threads were stopped: 0.0027095 seconds, Stopping threads took: 0.0000201 seconds
116.779: [GC (Allocation Failure)  821319K->505641K(1035264K), 0.0047002 secs]
116.784: Total time for which application threads were stopped: 0.0048818 seconds, Stopping threads took: 0.0000204 seconds
116.854: [GC (Allocation Failure)  827689K->509721K(1034752K), 0.0067689 secs]
116.861: Total time for which application threads were stopped: 0.0069737 seconds, Stopping threads took: 0.0000197 seconds
116.928: [GC (Allocation Failure)  831507K->505783K(1035776K), 0.0035110 secs]
116.932: Total time for which application threads were stopped: 0.0036682 seconds, Stopping threads took: 0.0000197 seconds
117.002: [GC (Allocation Failure)  828855K->509849K(1035264K), 0.0049428 secs]
117.007: Total time for which application threads were stopped: 0.0051017 seconds, Stopping threads took: 0.0000261 seconds
117.074: [GC (Allocation Failure)  832921K->513849K(1035264K), 0.0046466 secs]
117.079: Total time for which application threads were stopped: 0.0048175 seconds, Stopping threads took: 0.0000204 seconds
117.148: [GC (Allocation Failure)  837433K->513849K(1035776K), 0.0045246 secs]
117.152: Total time for which application threads were stopped: 0.0046867 seconds, Stopping threads took: 0.0000206 seconds
117.220: [GC (Allocation Failure)  837433K->513881K(1034752K), 0.0046876 secs]
117.225: Total time for which application threads were stopped: 0.0048519 seconds, Stopping threads took: 0.0000203 seconds
117.292: [GC (Allocation Failure)  836441K->521883K(1035264K), 0.0045264 secs]
117.297: Total time for which application threads were stopped: 0.0047030 seconds, Stopping threads took: 0.0000203 seconds
117.366: [GC (Allocation Failure)  844443K->521883K(1034240K), 0.0046224 secs]
117.370: Total time for which application threads were stopped: 0.0047915 seconds, Stopping threads took: 0.0000260 seconds
117.438: [GC (Allocation Failure)  843419K->521915K(1034752K), 0.0047964 secs]
117.443: Total time for which application threads were stopped: 0.0049577 seconds, Stopping threads took: 0.0000205 seconds
117.513: [GC (Allocation Failure)  843451K->529886K(1033728K), 0.0045864 secs]
117.517: Total time for which application threads were stopped: 0.0047974 seconds, Stopping threads took: 0.0000268 seconds
117.587: [GC (Allocation Failure)  850398K->529886K(1034240K), 0.0048236 secs]
117.592: Total time for which application threads were stopped: 0.0049764 seconds, Stopping threads took: 0.0000176 seconds
117.658: [GC (Allocation Failure)  850398K->530134K(1034240K), 0.0047021 secs]
117.663: Total time for which application threads were stopped: 0.0048749 seconds, Stopping threads took: 0.0000206 seconds
117.728: [GC (Allocation Failure)  850646K->537944K(1034240K), 0.0048975 secs]
117.733: Total time for which application threads were stopped: 0.0050832 seconds, Stopping threads took: 0.0000204 seconds
117.799: [GC (Allocation Failure)  858456K->537912K(1034240K), 0.0047961 secs]
117.804: Total time for which application threads were stopped: 0.0049593 seconds, Stopping threads took: 0.0000207 seconds
117.872: [GC (Allocation Failure)  858424K->538328K(1020416K), 0.0047268 secs]
117.876: Total time for which application threads were stopped: 0.0048969 seconds, Stopping threads took: 0.0000199 seconds
117.945: [GC (Allocation Failure)  858840K->545978K(1033728K), 0.0048465 secs]
117.950: Total time for which application threads were stopped: 0.0050165 seconds, Stopping threads took: 0.0000206 seconds
118.017: [GC (Allocation Failure)  865466K->545946K(1033728K), 0.0044851 secs]
118.021: Total time for which application threads were stopped: 0.0046802 seconds, Stopping threads took: 0.0000199 seconds
118.088: [GC (Allocation Failure)  865434K->546074K(1033728K), 0.0047850 secs]
118.093: Total time for which application threads were stopped: 0.0049551 seconds, Stopping threads took: 0.0000201 seconds
118.161: [GC (Allocation Failure)  865562K->553980K(1033728K), 0.0046657 secs]
118.166: Total time for which application threads were stopped: 0.0048618 seconds, Stopping threads took: 0.0000200 seconds
118.234: [GC (Allocation Failure)  873467K->550106K(1034240K), 0.0036106 secs]
118.237: Total time for which application threads were stopped: 0.0037735 seconds, Stopping threads took: 0.0000178 seconds
118.306: [GC (Allocation Failure)  870106K->554140K(1033728K), 0.0047046 secs]
118.311: Total time for which application threads were stopped: 0.0048664 seconds, Stopping threads took: 0.0000173 seconds
118.379: [GC (Allocation Failure)  874140K->558140K(1034752K), 0.0045971 secs]
118.383: Total time for which application threads were stopped: 0.0047675 seconds, Stopping threads took: 0.0000207 seconds
118.450: [GC (Allocation Failure)  879676K->552378K(1034752K), 0.0026785 secs]
118.453: Total time for which application threads were stopped: 0.0028435 seconds, Stopping threads took: 0.0000200 seconds
118.521: [GC (Allocation Failure)  873914K->558172K(1035776K), 0.0047771 secs]
118.526: Total time for which application threads were stopped: 0.0049464 seconds, Stopping threads took: 0.0000222 seconds
118.594: [GC (Allocation Failure)  880732K->562276K(1034752K), 0.0048941 secs]
118.599: Total time for which application threads were stopped: 0.0050771 seconds, Stopping threads took: 0.0000194 seconds
118.671: [GC (Allocation Failure)  884574K->558338K(1035776K), 0.0038332 secs]
118.675: Total time for which application threads were stopped: 0.0040010 seconds, Stopping threads took: 0.0000205 seconds
118.742: [GC (Allocation Failure)  881410K->562404K(1035264K), 0.0058423 secs]
118.748: Total time for which application threads were stopped: 0.0060451 seconds, Stopping threads took: 0.0000382 seconds
118.816: [GC (Allocation Failure)  885476K->566372K(1035264K), 0.0045758 secs]
118.821: Total time for which application threads were stopped: 0.0047569 seconds, Stopping threads took: 0.0000197 seconds
118.890: [GC (Allocation Failure)  889956K->566404K(1035776K), 0.0045453 secs]
118.895: Total time for which application threads were stopped: 0.0047139 seconds, Stopping threads took: 0.0000202 seconds
118.961: [GC (Allocation Failure)  889988K->566444K(1034752K), 0.0046055 secs]
118.966: Total time for which application threads were stopped: 0.0047790 seconds, Stopping threads took: 0.0000194 seconds
119.035: [GC (Allocation Failure)  889004K->574415K(1035264K), 0.0047688 secs]
119.040: Total time for which application threads were stopped: 0.0049346 seconds, Stopping threads took: 0.0000261 seconds
119.107: [GC (Allocation Failure)  896975K->574415K(1034240K), 0.0045530 secs]
119.111: Total time for which application threads were stopped: 0.0047233 seconds, Stopping threads took: 0.0000204 seconds
119.179: [GC (Allocation Failure)  895951K->574471K(1034752K), 0.0045843 secs]
119.184: Total time for which application threads were stopped: 0.0047784 seconds, Stopping threads took: 0.0000202 seconds
119.251: [GC (Allocation Failure)  896007K->582441K(1033728K), 0.0045929 secs]
119.256: Total time for which application threads were stopped: 0.0047668 seconds, Stopping threads took: 0.0000203 seconds
119.325: [GC (Allocation Failure)  902953K->582441K(1034240K), 0.0047126 secs]
119.330: Total time for which application threads were stopped: 0.0048726 seconds, Stopping threads took: 0.0000198 seconds
119.396: [GC (Allocation Failure)  902953K->582697K(1034240K), 0.0047254 secs]
119.401: Total time for which application threads were stopped: 0.0048884 seconds, Stopping threads took: 0.0000208 seconds
119.467: [GC (Allocation Failure)  903209K->590507K(1034240K), 0.0046225 secs]
119.471: Total time for which application threads were stopped: 0.0047843 seconds, Stopping threads took: 0.0000279 seconds
119.537: [GC (Allocation Failure)  911019K->590475K(1034240K), 0.0046256 secs]
119.542: Total time for which application threads were stopped: 0.0048029 seconds, Stopping threads took: 0.0000249 seconds
119.609: [GC (Allocation Failure)  910987K->590923K(1020416K), 0.0048495 secs]
119.614: Total time for which application threads were stopped: 0.0050257 seconds, Stopping threads took: 0.0000221 seconds
119.680: [GC (Allocation Failure)  911435K->598542K(1033728K), 0.0046902 secs]
119.685: Total time for which application threads were stopped: 0.0048615 seconds, Stopping threads took: 0.0000206 seconds
119.754: [GC (Allocation Failure)  918030K->598542K(1033728K), 0.0047408 secs]
119.759: Total time for which application threads were stopped: 0.0049334 seconds, Stopping threads took: 0.0000204 seconds
119.824: [GC (Allocation Failure)  918030K->598638K(1033728K), 0.0048453 secs]
119.829: Total time for which application threads were stopped: 0.0050033 seconds, Stopping threads took: 0.0000197 seconds
119.897: [GC (Allocation Failure)  918126K->606544K(1033728K), 0.0049181 secs]
119.902: Total time for which application threads were stopped: 0.0050850 seconds, Stopping threads took: 0.0000197 seconds
119.969: [GC (Allocation Failure)  926030K->602670K(1034240K), 0.0039008 secs]
119.973: Total time for which application threads were stopped: 0.0040614 seconds, Stopping threads took: 0.0000259 seconds
120.041: [GC (Allocation Failure)  922670K->606664K(1033728K), 0.0049435 secs]
120.046: Total time for which application threads were stopped: 0.0051100 seconds, Stopping threads took: 0.0000286 seconds
120.113: [GC (Allocation Failure)  926664K->610664K(1034752K), 0.0046613 secs]
120.118: Total time for which application threads were stopped: 0.0048521 seconds, Stopping threads took: 0.0000197 seconds
120.186: [GC (Allocation Failure)  932200K->604934K(1034752K), 0.0027220 secs]
120.189: Total time for which application threads were stopped: 0.0028971 seconds, Stopping threads took: 0.0000205 seconds
120.258: [GC (Allocation Failure)  926470K->610736K(1035776K), 0.0094464 secs]
120.267: Total time for which application threads were stopped: 0.0096095 seconds, Stopping threads took: 0.0000291 seconds
120.337: [GC (Allocation Failure)  933296K->614808K(1034752K), 0.0052653 secs]
120.343: Total time for which application threads were stopped: 0.0054354 seconds, Stopping threads took: 0.0000200 seconds
120.410: [GC (Allocation Failure)  937105K->610902K(1035776K), 0.0037127 secs]
120.414: Total time for which application threads were stopped: 0.0039046 seconds, Stopping threads took: 0.0000211 seconds
120.484: [GC (Allocation Failure)  933974K->614960K(1035264K), 0.0048320 secs]
120.489: Total time for which application threads were stopped: 0.0049952 seconds, Stopping threads took: 0.0000247 seconds
120.556: [GC (Allocation Failure)  938032K->618960K(1035264K), 0.0047345 secs]
120.561: Total time for which application threads were stopped: 0.0049145 seconds, Stopping threads took: 0.0000175 seconds
120.630: [GC (Allocation Failure)  942544K->618928K(1035776K), 0.0047962 secs]
120.634: Total time for which application threads were stopped: 0.0049556 seconds, Stopping threads took: 0.0000193 seconds
120.702: [GC (Allocation Failure)  942512K->618984K(1034752K), 0.0048890 secs]
120.707: Total time for which application threads were stopped: 0.0050761 seconds, Stopping threads took: 0.0000222 seconds
120.776: [GC (Allocation Failure)  941544K->626954K(1035264K), 0.0049771 secs]
120.781: Total time for which application threads were stopped: 0.0051553 seconds, Stopping threads took: 0.0000212 seconds
120.848: [GC (Allocation Failure)  949514K->626954K(1034240K), 0.0068276 secs]
120.855: Total time for which application threads were stopped: 0.0070412 seconds, Stopping threads took: 0.0000274 seconds
120.923: [GC (Allocation Failure)  948490K->627018K(1034752K), 0.0048262 secs]
120.928: Total time for which application threads were stopped: 0.0049963 seconds, Stopping threads took: 0.0000184 seconds
120.993: [GC (Allocation Failure)  948554K->634988K(1034752K), 0.0046712 secs]
120.998: Total time for which application threads were stopped: 0.0048384 seconds, Stopping threads took: 0.0000260 seconds
121.065: [GC (Allocation Failure)  956524K->634988K(1029120K), 0.0048100 secs]
121.070: Total time for which application threads were stopped: 0.0049708 seconds, Stopping threads took: 0.0000200 seconds
121.135: [GC (Allocation Failure)  956524K->635236K(1034240K), 0.0051256 secs]
121.140: Total time for which application threads were stopped: 0.0052837 seconds, Stopping threads took: 0.0000196 seconds
121.210: [GC (Allocation Failure)  955748K->643047K(1034240K), 0.0047739 secs]
121.215: Total time for which application threads were stopped: 0.0049371 seconds, Stopping threads took: 0.0000196 seconds
121.283: [GC (Allocation Failure)  963559K->643047K(1034240K), 0.0046550 secs]
121.288: Total time for which application threads were stopped: 0.0048216 seconds, Stopping threads took: 0.0000205 seconds
121.355: [GC (Allocation Failure)  963559K->643463K(1020416K), 0.0047818 secs]
121.360: Total time for which application threads were stopped: 0.0049648 seconds, Stopping threads took: 0.0000203 seconds
121.426: [GC (Allocation Failure)  963975K->651049K(1033728K), 0.0077217 secs]
121.433: Total time for which application threads were stopped: 0.0078947 seconds, Stopping threads took: 0.0000208 seconds
121.503: [GC (Allocation Failure)  970537K->651049K(1033728K), 0.0049364 secs]
121.508: Total time for which application threads were stopped: 0.0051199 seconds, Stopping threads took: 0.0000285 seconds
121.573: [GC (Allocation Failure)  970537K->651177K(1033728K), 0.0049073 secs]
121.578: Total time for which application threads were stopped: 0.0050747 seconds, Stopping threads took: 0.0000192 seconds
121.645: [GC (Allocation Failure)  970665K->659115K(1033728K), 0.0049982 secs]
121.651: Total time for which application threads were stopped: 0.0051604 seconds, Stopping threads took: 0.0000206 seconds
121.718: [GC (Allocation Failure)  978603K->659083K(1033728K), 0.0065830 secs]
121.725: Total time for which application threads were stopped: 0.0067484 seconds, Stopping threads took: 0.0000199 seconds
121.792: [GC (Allocation Failure)  978571K->659147K(1033728K), 0.0047766 secs]
121.796: Total time for which application threads were stopped: 0.0049461 seconds, Stopping threads took: 0.0000190 seconds
121.864: [GC (Allocation Failure)  978635K->667117K(1032704K), 0.0058733 secs]
121.870: Total time for which application threads were stopped: 0.0060392 seconds, Stopping threads took: 0.0000192 seconds
121.938: [GC (Allocation Failure)  985581K->661547K(1033216K), 0.0030318 secs]
121.941: Total time for which application threads were stopped: 0.0031778 seconds, Stopping threads took: 0.0000175 seconds
122.010: [GC (Allocation Failure)  980011K->667405K(1034240K), 0.0048093 secs]
122.015: Total time for which application threads were stopped: 0.0049791 seconds, Stopping threads took: 0.0000261 seconds
122.082: [GC (Allocation Failure)  987405K->671293K(1033728K), 0.0052653 secs]
122.087: Total time for which application threads were stopped: 0.0054363 seconds, Stopping threads took: 0.0000221 seconds
122.152: [GC (Allocation Failure)  991293K->677179K(1030144K), 0.0074270 secs]
122.160: Total time for which application threads were stopped: 0.0075937 seconds, Stopping threads took: 0.0000212 seconds
122.227: [GC (Allocation Failure)  993595K->671421K(1032192K), 0.0047768 secs]
122.232: Total time for which application threads were stopped: 0.0049648 seconds, Stopping threads took: 0.0000197 seconds
122.297: [GC (Allocation Failure)  987837K->671261K(1032704K), 0.0050499 secs]
122.302: Total time for which application threads were stopped: 0.0052143 seconds, Stopping threads took: 0.0000207 seconds
122.369: [GC (Allocation Failure)  988189K->663547K(1032192K), 0.0018385 secs]
122.371: Total time for which application threads were stopped: 0.0019806 seconds, Stopping threads took: 0.0000194 seconds
122.438: [GC (Allocation Failure)  980475K->671389K(1032704K), 0.0049400 secs]
122.443: Total time for which application threads were stopped: 0.0051025 seconds, Stopping threads took: 0.0000202 seconds
122.511: [GC (Allocation Failure)  988829K->671229K(1032704K), 0.0048737 secs]
122.516: Total time for which application threads were stopped: 0.0050793 seconds, Stopping threads took: 0.0000279 seconds
122.585: [GC (Allocation Failure)  988669K->672293K(1033216K), 0.0052959 secs]
122.590: Total time for which application threads were stopped: 0.0054623 seconds, Stopping threads took: 0.0000205 seconds
122.658: [GC (Allocation Failure)  990757K->679336K(1033216K), 0.0051492 secs]
122.663: Total time for which application threads were stopped: 0.0053224 seconds, Stopping threads took: 0.0000209 seconds
122.730: [GC (Allocation Failure)  997800K->679336K(1033216K), 0.0049052 secs]
122.735: Total time for which application threads were stopped: 0.0050886 seconds, Stopping threads took: 0.0000206 seconds
122.801: [GC (Allocation Failure)  997800K->680488K(1033216K), 0.0051954 secs]
122.806: Total time for which application threads were stopped: 0.0053789 seconds, Stopping threads took: 0.0000202 seconds
122.875: [GC (Allocation Failure)  998952K->687370K(1033216K), 0.0049421 secs]
122.880: Total time for which application threads were stopped: 0.0051214 seconds, Stopping threads took: 0.0000201 seconds
122.947: [GC (Allocation Failure)  1005834K->687370K(1033216K), 0.0049603 secs]
122.952: Total time for which application threads were stopped: 0.0051204 seconds, Stopping threads took: 0.0000206 seconds
123.020: [GC (Allocation Failure)  1005834K->688714K(1033728K), 0.0050680 secs]
123.026: [Full GC (Ergonomics)  688714K->9838K(1033728K), 0.0146511 secs]
123.040: Total time for which application threads were stopped: 0.0199997 seconds, Stopping threads took: 0.0000205 seconds
123.108: [GC (Allocation Failure)  329326K->18608K(1028096K), 0.0035976 secs]
123.112: Total time for which application threads were stopped: 0.0037616 seconds, Stopping threads took: 0.0000186 seconds
123.179: [GC (Allocation Failure)  338096K->18672K(1033216K), 0.0038078 secs]
123.183: Total time for which application threads were stopped: 0.0039794 seconds, Stopping threads took: 0.0000201 seconds
123.250: [GC (Allocation Failure)  337136K->19176K(1033216K), 0.0038335 secs]
123.254: Total time for which application threads were stopped: 0.0039962 seconds, Stopping threads took: 0.0000194 seconds
123.321: [GC (Allocation Failure)  337640K->26762K(1033216K), 0.0050754 secs]
123.327: Total time for which application threads were stopped: 0.0052334 seconds, Stopping threads took: 0.0000193 seconds
123.394: [GC (Allocation Failure)  345226K->26698K(1033216K), 0.0035103 secs]
123.397: Total time for which application threads were stopped: 0.0036799 seconds, Stopping threads took: 0.0000196 seconds
123.464: [GC (Allocation Failure)  345162K->26890K(1032704K), 0.0037428 secs]
123.468: Total time for which application threads were stopped: 0.0039030 seconds, Stopping threads took: 0.0000195 seconds
123.536: [GC (Allocation Failure)  345354K->34701K(1033216K), 0.0038064 secs]
123.539: Total time for which application threads were stopped: 0.0039929 seconds, Stopping threads took: 0.0000289 seconds
123.605: [GC (Allocation Failure)  353165K->34701K(1033216K), 0.0038482 secs]
123.609: Total time for which application threads were stopped: 0.0040377 seconds, Stopping threads took: 0.0000196 seconds
123.674: [GC (Allocation Failure)  353165K->34765K(1033216K), 0.0039218 secs]
123.678: Total time for which application threads were stopped: 0.0040943 seconds, Stopping threads took: 0.0000208 seconds
123.747: [GC (Allocation Failure)  353229K->42767K(1033216K), 0.0040014 secs]
123.751: Total time for which application threads were stopped: 0.0041779 seconds, Stopping threads took: 0.0000203 seconds
123.818: [GC (Allocation Failure)  361231K->42767K(1033216K), 0.0037456 secs]
123.822: Total time for which application threads were stopped: 0.0039262 seconds, Stopping threads took: 0.0000229 seconds
123.888: [GC (Allocation Failure)  361231K->42855K(1033216K), 0.0037851 secs]
123.892: Total time for which application threads were stopped: 0.0039361 seconds, Stopping threads took: 0.0000177 seconds
123.957: [GC (Allocation Failure)  361319K->50793K(1033216K), 0.0036480 secs]
123.961: Total time for which application threads were stopped: 0.0038150 seconds, Stopping threads took: 0.0000274 seconds
124.027: [GC (Allocation Failure)  369257K->50793K(1033216K), 0.0036759 secs]
124.030: Total time for which application threads were stopped: 0.0038411 seconds, Stopping threads took: 0.0000206 seconds
124.099: [GC (Allocation Failure)  369257K->51113K(1033216K), 0.0038373 secs]
124.103: Total time for which application threads were stopped: 0.0039984 seconds, Stopping threads took: 0.0000196 seconds
124.172: [GC (Allocation Failure)  369577K->58795K(1033216K), 0.0039402 secs]
124.176: Total time for which application threads were stopped: 0.0041095 seconds, Stopping threads took: 0.0000211 seconds
124.242: [GC (Allocation Failure)  377259K->58795K(1033216K), 0.0039244 secs]
124.246: Total time for which application threads were stopped: 0.0040842 seconds, Stopping threads took: 0.0000205 seconds
124.311: [GC (Allocation Failure)  377259K->59331K(1033216K), 0.0039182 secs]
124.315: Total time for which application threads were stopped: 0.0040787 seconds, Stopping threads took: 0.0000195 seconds
124.384: [GC (Allocation Failure)  377795K->66886K(1033216K), 0.0039590 secs]
124.388: Total time for which application threads were stopped: 0.0041317 seconds, Stopping threads took: 0.0000202 seconds
124.453: [GC (Allocation Failure)  385350K->66822K(1033216K), 0.0041429 secs]
124.457: Total time for which application threads were stopped: 0.0043070 seconds, Stopping threads took: 0.0000208 seconds
124.522: [GC (Allocation Failure)  385286K->67558K(1033216K), 0.0039951 secs]
124.527: Total time for which application threads were stopped: 0.0041865 seconds, Stopping threads took: 0.0000319 seconds
124.594: [GC (Allocation Failure)  386022K->74888K(1033216K), 0.0036346 secs]
124.598: Total time for which application threads were stopped: 0.0037989 seconds, Stopping threads took: 0.0000210 seconds
124.665: [GC (Allocation Failure)  393352K->74824K(1033216K), 0.0039296 secs]
124.669: Total time for which application threads were stopped: 0.0041009 seconds, Stopping threads took: 0.0000196 seconds
124.735: [GC (Allocation Failure)  393288K->75784K(1033216K), 0.0037342 secs]
124.739: Total time for which application threads were stopped: 0.0039252 seconds, Stopping threads took: 0.0000194 seconds
124.806: [GC (Allocation Failure)  394248K->82890K(1033216K), 0.0045209 secs]
124.811: Total time for which application threads were stopped: 0.0046699 seconds, Stopping threads took: 0.0000175 seconds
124.877: [GC (Allocation Failure)  401354K->82890K(1033216K), 0.0039314 secs]
124.881: Total time for which application threads were stopped: 0.0040989 seconds, Stopping threads took: 0.0000191 seconds
124.948: [GC (Allocation Failure)  401354K->82994K(1033216K), 0.0040087 secs]
124.952: Total time for which application threads were stopped: 0.0041679 seconds, Stopping threads took: 0.0000194 seconds
125.020: [GC (Allocation Failure)  401458K->90933K(1033216K), 0.0037004 secs]
125.024: Total time for which application threads were stopped: 0.0038678 seconds, Stopping threads took: 0.0000260 seconds
125.089: [GC (Allocation Failure)  409397K->90933K(1033216K), 0.0037276 secs]
125.093: Total time for which application threads were stopped: 0.0039344 seconds, Stopping threads took: 0.0000192 seconds
125.159: [GC (Allocation Failure)  409397K->91245K(1033216K), 0.0038686 secs]
125.163: Total time for which application threads were stopped: 0.0040632 seconds, Stopping threads took: 0.0000207 seconds
125.232: [GC (Allocation Failure)  409709K->98959K(1033216K), 0.0037992 secs]
125.236: Total time for which application threads were stopped: 0.0039601 seconds, Stopping threads took: 0.0000192 seconds
125.303: [GC (Allocation Failure)  417423K->98927K(1033216K), 0.0039161 secs]
125.307: Total time for which application threads were stopped: 0.0040736 seconds, Stopping threads took: 0.0000199 seconds
125.372: [GC (Allocation Failure)  417391K->99495K(1033216K), 0.0038331 secs]
125.376: Total time for which application threads were stopped: 0.0039988 seconds, Stopping threads took: 0.0000200 seconds
125.443: [GC (Allocation Failure)  417959K->106985K(1033216K), 0.0064491 secs]
125.450: Total time for which application threads were stopped: 0.0066190 seconds, Stopping threads took: 0.0000192 seconds
125.518: [GC (Allocation Failure)  425449K->107017K(1033216K), 0.0037366 secs]
125.522: Total time for which application threads were stopped: 0.0039169 seconds, Stopping threads took: 0.0000282 seconds
125.588: [GC (Allocation Failure)  425481K->107105K(1033216K), 0.0040554 secs]
125.593: Total time for which application threads were stopped: 0.0042243 seconds, Stopping threads took: 0.0000222 seconds
125.659: [GC (Allocation Failure)  425569K->115011K(1033216K), 0.0037486 secs]
125.663: Total time for which application threads were stopped: 0.0039089 seconds, Stopping threads took: 0.0000193 seconds
125.731: [GC (Allocation Failure)  433475K->115011K(1033216K), 0.0037269 secs]
125.734: Total time for which application threads were stopped: 0.0039025 seconds, Stopping threads took: 0.0000199 seconds
125.801: [GC (Allocation Failure)  433475K->115075K(1033216K), 0.0041146 secs]
125.805: Total time for which application threads were stopped: 0.0042849 seconds, Stopping threads took: 0.0000200 seconds
125.874: [GC (Allocation Failure)  433539K->123046K(1033216K), 0.0039428 secs]
125.878: Total time for which application threads were stopped: 0.0041033 seconds, Stopping threads took: 0.0000199 seconds
125.945: [GC (Allocation Failure)  441510K->123014K(1033216K), 0.0037420 secs]
125.949: Total time for which application threads were stopped: 0.0039030 seconds, Stopping threads took: 0.0000198 seconds
126.016: [GC (Allocation Failure)  441478K->123310K(1033216K), 0.0039424 secs]
126.020: Total time for which application threads were stopped: 0.0041483 seconds, Stopping threads took: 0.0000277 seconds
126.089: [GC (Allocation Failure)  441774K->131120K(1033216K), 0.0038948 secs]
126.093: Total time for which application threads were stopped: 0.0040583 seconds, Stopping threads took: 0.0000170 seconds
126.161: [GC (Allocation Failure)  449584K->124654K(1033216K), 0.0012708 secs]
126.162: Total time for which application threads were stopped: 0.0013990 seconds, Stopping threads took: 0.0000196 seconds
126.229: [GC (Allocation Failure)  443118K->131280K(1033216K), 0.0038498 secs]
126.233: Total time for which application threads were stopped: 0.0040210 seconds, Stopping threads took: 0.0000196 seconds
126.302: [GC (Allocation Failure)  449744K->135232K(1033728K), 0.0047330 secs]
126.307: Total time for which application threads were stopped: 0.0049005 seconds, Stopping threads took: 0.0000198 seconds
126.374: [GC (Allocation Failure)  454720K->138238K(1030144K), 0.0064802 secs]
126.380: Total time for which application threads were stopped: 0.0066521 seconds, Stopping threads took: 0.0000269 seconds
126.448: [GC (Allocation Failure)  457726K->135328K(1032704K), 0.0039506 secs]
126.452: Total time for which application threads were stopped: 0.0041122 seconds, Stopping threads took: 0.0000201 seconds
126.519: [GC (Allocation Failure)  452768K->135232K(1032704K), 0.0037863 secs]
126.523: Total time for which application threads were stopped: 0.0039610 seconds, Stopping threads took: 0.0000203 seconds
126.589: [GC (Allocation Failure)  452672K->129246K(1033216K), 0.0014762 secs]
126.591: Total time for which application threads were stopped: 0.0016341 seconds, Stopping threads took: 0.0000258 seconds
126.661: [GC (Allocation Failure)  447710K->135296K(1033216K), 0.0037517 secs]
126.664: Total time for which application threads were stopped: 0.0039173 seconds, Stopping threads took: 0.0000168 seconds
126.732: [GC (Allocation Failure)  453760K->135232K(1033728K), 0.0041565 secs]
126.737: Total time for which application threads were stopped: 0.0043301 seconds, Stopping threads took: 0.0000197 seconds
126.802: [GC (Allocation Failure)  454208K->138024K(1033216K), 0.0043623 secs]
126.807: Total time for which application threads were stopped: 0.0045385 seconds, Stopping threads took: 0.0000187 seconds
126.877: [GC (Allocation Failure)  457000K->143306K(1033728K), 0.0039388 secs]
126.881: Total time for which application threads were stopped: 0.0041332 seconds, Stopping threads took: 0.0000197 seconds
126.950: [GC (Allocation Failure)  462794K->143306K(1033728K), 0.0039976 secs]
126.954: Total time for which application threads were stopped: 0.0041689 seconds, Stopping threads took: 0.0000199 seconds
127.021: [GC (Allocation Failure)  462794K->144714K(1033728K), 0.0040529 secs]
127.025: Total time for which application threads were stopped: 0.0042325 seconds, Stopping threads took: 0.0000281 seconds
127.092: [GC (Allocation Failure)  464202K->151308K(1033728K), 0.0042108 secs]
127.096: Total time for which application threads were stopped: 0.0043862 seconds, Stopping threads took: 0.0000206 seconds
127.163: [GC (Allocation Failure)  470796K->151308K(1034240K), 0.0039576 secs]
127.168: Total time for which application threads were stopped: 0.0041523 seconds, Stopping threads took: 0.0000204 seconds
127.233: [GC (Allocation Failure)  471820K->152940K(1034240K), 0.0041928 secs]
127.237: Total time for which application threads were stopped: 0.0043599 seconds, Stopping threads took: 0.0000204 seconds
127.305: [GC (Allocation Failure)  473452K->159375K(1034240K), 0.0038268 secs]
127.309: Total time for which application threads were stopped: 0.0039902 seconds, Stopping threads took: 0.0000212 seconds
127.377: [GC (Allocation Failure)  479887K->159343K(1034240K), 0.0040372 secs]
127.381: Total time for which application threads were stopped: 0.0042001 seconds, Stopping threads took: 0.0000199 seconds
127.448: [GC (Allocation Failure)  479855K->163207K(1034752K), 0.0065005 secs]
127.455: Total time for which application threads were stopped: 0.0066973 seconds, Stopping threads took: 0.0000198 seconds
127.523: [GC (Allocation Failure)  484231K->167433K(1034240K), 0.0039405 secs]
127.527: Total time for which application threads were stopped: 0.0041184 seconds, Stopping threads took: 0.0000255 seconds
127.595: [GC (Allocation Failure)  488457K->167369K(1034752K), 0.0038979 secs]
127.599: Total time for which application threads were stopped: 0.0040738 seconds, Stopping threads took: 0.0000261 seconds
127.666: [GC (Allocation Failure)  488905K->171465K(1034752K), 0.0047883 secs]
127.671: Total time for which application threads were stopped: 0.0049821 seconds, Stopping threads took: 0.0000281 seconds
127.741: [GC (Allocation Failure)  493001K->175435K(1034752K), 0.0042052 secs]
127.745: Total time for which application threads were stopped: 0.0043765 seconds, Stopping threads took: 0.0000199 seconds
127.812: [GC (Allocation Failure)  496971K->175403K(1034752K), 0.0040341 secs]
127.816: Total time for which application threads were stopped: 0.0042022 seconds, Stopping threads took: 0.0000201 seconds
127.884: [GC (Allocation Failure)  496939K->176619K(1034240K), 0.0041259 secs]
127.888: Total time for which application threads were stopped: 0.0042877 seconds, Stopping threads took: 0.0000205 seconds
127.957: [GC (Allocation Failure)  498155K->183469K(1034752K), 0.0042124 secs]
127.961: Total time for which application threads were stopped: 0.0043826 seconds, Stopping threads took: 0.0000202 seconds
128.030: [GC (Allocation Failure)  505005K->183437K(1034752K), 0.0040948 secs]
128.034: Total time for which application threads were stopped: 0.0042464 seconds, Stopping threads took: 0.0000200 seconds
128.100: [GC (Allocation Failure)  504973K->185901K(1034752K), 0.0043778 secs]
128.105: Total time for which application threads were stopped: 0.0045503 seconds, Stopping threads took: 0.0000204 seconds
128.171: [GC (Allocation Failure)  507437K->191536K(1034752K), 0.0041734 secs]
128.175: Total time for which application threads were stopped: 0.0043483 seconds, Stopping threads took: 0.0000207 seconds
128.243: [GC (Allocation Failure)  513072K->191472K(1034752K), 0.0039938 secs]
128.247: Total time for which application threads were stopped: 0.0041613 seconds, Stopping threads took: 0.0000201 seconds
128.312: [GC (Allocation Failure)  513008K->195144K(1035264K), 0.0049233 secs]
128.317: Total time for which application threads were stopped: 0.0051027 seconds, Stopping threads took: 0.0000199 seconds
128.384: [GC (Allocation Failure)  517192K->199530K(1034752K), 0.0039918 secs]
128.388: Total time for which application threads were stopped: 0.0041846 seconds, Stopping threads took: 0.0000197 seconds
128.458: [GC (Allocation Failure)  521578K->199530K(1035264K), 0.0041422 secs]
128.462: Total time for which application threads were stopped: 0.0042907 seconds, Stopping threads took: 0.0000171 seconds
128.529: [GC (Allocation Failure)  522090K->202314K(1035264K), 0.0043577 secs]
128.533: Total time for which application threads were stopped: 0.0045290 seconds, Stopping threads took: 0.0000171 seconds
128.601: [GC (Allocation Failure)  524874K->207628K(1035264K), 0.0040847 secs]
128.605: Total time for which application threads were stopped: 0.0042734 seconds, Stopping threads took: 0.0000260 seconds
128.674: [GC (Allocation Failure)  530188K->207532K(1035264K), 0.0038721 secs]
128.677: Total time for which application threads were stopped: 0.0040357 seconds, Stopping threads took: 0.0000213 seconds
128.745: [GC (Allocation Failure)  530092K->210596K(1035264K), 0.0046473 secs]
128.749: Total time for which application threads were stopped: 0.0048085 seconds, Stopping threads took: 0.0000199 seconds
128.818: [GC (Allocation Failure)  533156K->215559K(1035264K), 0.0042367 secs]
128.822: Total time for which application threads were stopped: 0.0043988 seconds, Stopping threads took: 0.0000198 seconds
128.891: [GC (Allocation Failure)  538119K->215591K(1035264K), 0.0040744 secs]
128.895: Total time for which application threads were stopped: 0.0042469 seconds, Stopping threads took: 0.0000203 seconds
128.962: [GC (Allocation Failure)  538151K->218791K(1035264K), 0.0074868 secs]
128.970: Total time for which application threads were stopped: 0.0076861 seconds, Stopping threads took: 0.0000362 seconds
129.039: [GC (Allocation Failure)  541351K->223785K(1035264K), 0.0040814 secs]
129.043: Total time for which application threads were stopped: 0.0042428 seconds, Stopping threads took: 0.0000205 seconds
129.112: [GC (Allocation Failure)  546345K->223625K(1035264K), 0.0041300 secs]
129.116: Total time for which application threads were stopped: 0.0042913 seconds, Stopping threads took: 0.0000200 seconds
129.184: [GC (Allocation Failure)  546185K->219015K(1035264K), 0.0025036 secs]
129.187: Total time for which application threads were stopped: 0.0026583 seconds, Stopping threads took: 0.0000195 seconds
129.255: [GC (Allocation Failure)  541575K->223753K(1035264K), 0.0040805 secs]
129.259: Total time for which application threads were stopped: 0.0042496 seconds, Stopping threads took: 0.0000202 seconds
129.327: [GC (Allocation Failure)  546313K->223625K(1035264K), 0.0041251 secs]
129.331: Total time for which application threads were stopped: 0.0042876 seconds, Stopping threads took: 0.0000199 seconds
129.398: [GC (Allocation Failure)  546185K->223303K(1035264K), 0.0038710 secs]
129.402: Total time for which application threads were stopped: 0.0040314 seconds, Stopping threads took: 0.0000195 seconds
129.470: [GC (Allocation Failure)  545863K->223721K(1035776K), 0.0037791 secs]
129.474: Total time for which application threads were stopped: 0.0039544 seconds, Stopping threads took: 0.0000264 seconds
129.541: [GC (Allocation Failure)  547305K->223593K(1035776K), 0.0097307 secs]
129.551: Total time for which application threads were stopped: 0.0098918 seconds, Stopping threads took: 0.0000281 seconds
129.619: [GC (Allocation Failure)  547177K->229607K(1031680K), 0.0067864 secs]
129.626: Total time for which application threads were stopped: 0.0069540 seconds, Stopping threads took: 0.0000248 seconds
129.693: [GC (Allocation Failure)  549095K->224969K(1033728K), 0.0039787 secs]
129.697: Total time for which application threads were stopped: 0.0041408 seconds, Stopping threads took: 0.0000202 seconds
129.764: [GC (Allocation Failure)  544457K->224873K(1034752K), 0.0042012 secs]
129.768: Total time for which application threads were stopped: 0.0043591 seconds, Stopping threads took: 0.0000205 seconds
129.835: [GC (Allocation Failure)  545897K->227559K(1034240K), 0.0050315 secs]
129.840: Total time for which application threads were stopped: 0.0051911 seconds, Stopping threads took: 0.0000192 seconds
129.909: [GC (Allocation Failure)  548583K->224905K(1034752K), 0.0043515 secs]
129.913: Total time for which application threads were stopped: 0.0045207 seconds, Stopping threads took: 0.0000198 seconds
129.980: [GC (Allocation Failure)  545929K->224905K(1034240K), 0.0040315 secs]
129.984: Total time for which application threads were stopped: 0.0042063 seconds, Stopping threads took: 0.0000262 seconds
130.051: [GC (Allocation Failure)  545929K->227239K(1035264K), 0.0050339 secs]
130.056: Total time for which application threads were stopped: 0.0052135 seconds, Stopping threads took: 0.0000356 seconds
130.124: [GC (Allocation Failure)  549799K->225097K(1035264K), 0.0040907 secs]
130.128: Total time for which application threads were stopped: 0.0042642 seconds, Stopping threads took: 0.0000206 seconds
130.196: [GC (Allocation Failure)  547657K->224873K(1035776K), 0.0041606 secs]
130.200: Total time for which application threads were stopped: 0.0043363 seconds, Stopping threads took: 0.0000222 seconds
130.268: [GC (Allocation Failure)  547945K->232015K(1035264K), 0.0073595 secs]
130.275: Total time for which application threads were stopped: 0.0075400 seconds, Stopping threads took: 0.0000199 seconds
130.344: [GC (Allocation Failure)  555087K->227473K(1033216K), 0.0042639 secs]
130.348: Total time for which application threads were stopped: 0.0044601 seconds, Stopping threads took: 0.0000202 seconds
130.417: [GC (Allocation Failure)  547985K->227313K(1034240K), 0.0043372 secs]
130.422: Total time for which application threads were stopped: 0.0045218 seconds, Stopping threads took: 0.0000176 seconds
130.491: [GC (Allocation Failure)  547825K->235143K(1030656K), 0.0075577 secs]
130.499: Total time for which application threads were stopped: 0.0077312 seconds, Stopping threads took: 0.0000198 seconds
130.566: [GC (Allocation Failure)  552583K->229513K(1032704K), 0.0042973 secs]
130.570: Total time for which application threads were stopped: 0.0044932 seconds, Stopping threads took: 0.0000203 seconds
130.639: [GC (Allocation Failure)  546953K->229385K(1033216K), 0.0039987 secs]
130.643: Total time for which application threads were stopped: 0.0041478 seconds, Stopping threads took: 0.0000172 seconds
130.710: [GC (Allocation Failure)  547337K->226727K(1032704K), 0.0031371 secs]
130.714: Total time for which application threads were stopped: 0.0033182 seconds, Stopping threads took: 0.0000278 seconds
130.783: [GC (Allocation Failure)  544679K->229449K(1033728K), 0.0042617 secs]
130.787: Total time for which application threads were stopped: 0.0044412 seconds, Stopping threads took: 0.0000222 seconds
130.853: [GC (Allocation Failure)  548425K->229385K(1033216K), 0.0046867 secs]
130.858: Total time for which application threads were stopped: 0.0048862 seconds, Stopping threads took: 0.0000282 seconds
130.925: [GC (Allocation Failure)  548361K->231433K(1033216K), 0.0043853 secs]
130.930: Total time for which application threads were stopped: 0.0045647 seconds, Stopping threads took: 0.0000192 seconds
130.997: [GC (Allocation Failure)  550921K->237387K(1033728K), 0.0050946 secs]
131.002: Total time for which application threads were stopped: 0.0052752 seconds, Stopping threads took: 0.0000260 seconds
131.070: [GC (Allocation Failure)  556875K->237451K(1034752K), 0.0042492 secs]
131.074: Total time for which application threads were stopped: 0.0044236 seconds, Stopping threads took: 0.0000203 seconds
131.142: [GC (Allocation Failure)  558475K->240107K(1034240K), 0.0044591 secs]
131.147: Total time for which application threads were stopped: 0.0046230 seconds, Stopping threads took: 0.0000195 seconds
131.214: [GC (Allocation Failure)  561131K->245453K(1034752K), 0.0041089 secs]
131.218: Total time for which application threads were stopped: 0.0042980 seconds, Stopping threads took: 0.0000228 seconds
131.285: [GC (Allocation Failure)  566477K->245421K(1034240K), 0.0042850 secs]
131.290: Total time for which application threads were stopped: 0.0044542 seconds, Stopping threads took: 0.0000203 seconds
131.357: [GC (Allocation Failure)  566445K->247853K(1034240K), 0.0044966 secs]
131.361: Total time for which application threads were stopped: 0.0046700 seconds, Stopping threads took: 0.0000197 seconds
131.429: [GC (Allocation Failure)  569389K->253488K(1034752K), 0.0040679 secs]
131.433: Total time for which application threads were stopped: 0.0042571 seconds, Stopping threads took: 0.0000233 seconds
131.500: [GC (Allocation Failure)  575024K->253488K(1035264K), 0.0040978 secs]
131.504: Total time for which application threads were stopped: 0.0042968 seconds, Stopping threads took: 0.0000202 seconds
131.573: [GC (Allocation Failure)  576048K->254024K(1022976K), 0.0042147 secs]
131.577: Total time for which application threads were stopped: 0.0043747 seconds, Stopping threads took: 0.0000195 seconds
131.645: [GC (Allocation Failure)  576584K->261610K(1035264K), 0.0042083 secs]
131.649: Total time for which application threads were stopped: 0.0043997 seconds, Stopping threads took: 0.0000194 seconds
131.719: [GC (Allocation Failure)  583658K->261514K(1034752K), 0.0065602 secs]
131.726: Total time for which application threads were stopped: 0.0067313 seconds, Stopping threads took: 0.0000207 seconds
131.792: [GC (Allocation Failure)  583562K->265322K(1035264K), 0.0051499 secs]
131.797: Total time for which application threads were stopped: 0.0053414 seconds, Stopping threads took: 0.0000202 seconds
131.866: [GC (Allocation Failure)  587882K->269548K(1035264K), 0.0039954 secs]
131.871: Total time for which application threads were stopped: 0.0041757 seconds, Stopping threads took: 0.0000147 seconds
131.938: [GC (Allocation Failure)  592108K->269580K(1035264K), 0.0041168 secs]
131.943: Total time for which application threads were stopped: 0.0042869 seconds, Stopping threads took: 0.0000201 seconds
132.009: [GC (Allocation Failure)  592140K->265514K(1035264K), 0.0024916 secs]
132.012: Total time for which application threads were stopped: 0.0026565 seconds, Stopping threads took: 0.0000269 seconds
132.080: [GC (Allocation Failure)  588074K->269772K(1035776K), 0.0040515 secs]
132.084: Total time for which application threads were stopped: 0.0042178 seconds, Stopping threads took: 0.0000203 seconds
132.152: [GC (Allocation Failure)  593356K->269580K(1035776K), 0.0043359 secs]
132.157: Total time for which application threads were stopped: 0.0045057 seconds, Stopping threads took: 0.0000206 seconds
132.225: [GC (Allocation Failure)  593164K->271882K(1033728K), 0.0051094 secs]
132.230: Total time for which application threads were stopped: 0.0052994 seconds, Stopping threads took: 0.0000199 seconds
132.300: [GC (Allocation Failure)  593418K->269708K(1034752K), 0.0040964 secs]
132.305: Total time for which application threads were stopped: 0.0042699 seconds, Stopping threads took: 0.0000203 seconds
132.372: [GC (Allocation Failure)  591244K->269548K(1035776K), 0.0042595 secs]
132.377: Total time for which application threads were stopped: 0.0044737 seconds, Stopping threads took: 0.0000207 seconds
132.443: [GC (Allocation Failure)  592620K->274594K(1035264K), 0.0086517 secs]
132.452: Total time for which application threads were stopped: 0.0088202 seconds, Stopping threads took: 0.0000197 seconds
132.519: [GC (Allocation Failure)  597666K->269956K(1034240K), 0.0042698 secs]
132.524: Total time for which application threads were stopped: 0.0044411 seconds, Stopping threads took: 0.0000194 seconds
132.591: [GC (Allocation Failure)  591492K->269860K(1034752K), 0.0043298 secs]
132.595: Total time for which application threads were stopped: 0.0045238 seconds, Stopping threads took: 0.0000203 seconds
132.662: [GC (Allocation Failure)  591396K->277674K(1030144K), 0.0079173 secs]
132.670: Total time for which application threads were stopped: 0.0081056 seconds, Stopping threads took: 0.0000180 seconds
132.737: [GC (Allocation Failure)  595114K->272460K(1032704K), 0.0041679 secs]
132.741: Total time for which application threads were stopped: 0.0043663 seconds, Stopping threads took: 0.0000200 seconds
132.810: [GC (Allocation Failure)  589900K->272428K(1033728K), 0.0039118 secs]
132.814: Total time for which application threads were stopped: 0.0040702 seconds, Stopping threads took: 0.0000172 seconds
132.882: [GC (Allocation Failure)  591404K->270730K(1033216K), 0.0036035 secs]
132.886: Total time for which application threads were stopped: 0.0038001 seconds, Stopping threads took: 0.0000201 seconds
132.955: [GC (Allocation Failure)  589706K->272684K(1034752K), 0.0040983 secs]
132.959: Total time for which application threads were stopped: 0.0042593 seconds, Stopping threads took: 0.0000198 seconds
133.028: [GC (Allocation Failure)  593196K->272460K(1033728K), 0.0041721 secs]
133.032: Total time for which application threads were stopped: 0.0043416 seconds, Stopping threads took: 0.0000285 seconds
133.099: [GC (Allocation Failure)  592972K->267370K(1034240K), 0.0020559 secs]
133.101: Total time for which application threads were stopped: 0.0022350 seconds, Stopping threads took: 0.0000207 seconds
133.171: [GC (Allocation Failure)  588906K->272652K(1034752K), 0.0041293 secs]
133.176: Total time for which application threads were stopped: 0.0042936 seconds, Stopping threads took: 0.0000203 seconds
133.243: [GC (Allocation Failure)  594188K->272428K(1035264K), 0.0043487 secs]
133.248: Total time for which application threads were stopped: 0.0045314 seconds, Stopping threads took: 0.0000211 seconds
133.315: [GC (Allocation Failure)  594988K->269610K(1035264K), 0.0031758 secs]
133.319: Total time for which application threads were stopped: 0.0033348 seconds, Stopping threads took: 0.0000189 seconds
133.388: [GC (Allocation Failure)  592170K->272588K(1035776K), 0.0040447 secs]
133.393: Total time for which application threads were stopped: 0.0042171 seconds, Stopping threads took: 0.0000200 seconds
133.460: [GC (Allocation Failure)  596172K->272428K(1035776K), 0.0040342 secs]
133.464: Total time for which application threads were stopped: 0.0041967 seconds, Stopping threads took: 0.0000202 seconds
133.532: [GC (Allocation Failure)  596012K->275978K(1034240K), 0.0054649 secs]
133.537: Total time for which application threads were stopped: 0.0056390 seconds, Stopping threads took: 0.0000256 seconds
133.605: [GC (Allocation Failure)  598538K->272524K(1035264K), 0.0044604 secs]
133.609: Total time for which application threads were stopped: 0.0046335 seconds, Stopping threads took: 0.0000202 seconds
133.676: [GC (Allocation Failure)  595084K->272460K(1036288K), 0.0041992 secs]
133.681: Total time for which application threads were stopped: 0.0043768 seconds, Stopping threads took: 0.0000196 seconds
133.750: [GC (Allocation Failure)  596556K->265386K(1024512K), 0.0015066 secs]
133.752: Total time for which application threads were stopped: 0.0016517 seconds, Stopping threads took: 0.0000202 seconds
133.822: [GC (Allocation Failure)  589482K->272492K(1035776K), 0.0042245 secs]
133.826: Total time for which application threads were stopped: 0.0043911 seconds, Stopping threads took: 0.0000207 seconds
133.897: [GC (Allocation Failure)  595564K->276572K(1035264K), 0.0050862 secs]
133.902: Total time for which application threads were stopped: 0.0052472 seconds, Stopping threads took: 0.0000206 seconds
133.967: [GC (Allocation Failure)  599644K->272666K(1035264K), 0.0032814 secs]
133.970: Total time for which application threads were stopped: 0.0034560 seconds, Stopping threads took: 0.0000197 seconds
134.039: [GC (Allocation Failure)  596250K->276740K(1035776K), 0.0044157 secs]
134.044: Total time for which application threads were stopped: 0.0045874 seconds, Stopping threads took: 0.0000220 seconds
134.112: [GC (Allocation Failure)  600324K->280676K(1036288K), 0.0040566 secs]
134.116: Total time for which application threads were stopped: 0.0042208 seconds, Stopping threads took: 0.0000207 seconds
134.184: [GC (Allocation Failure)  604772K->280740K(1035776K), 0.0042346 secs]
134.188: Total time for which application threads were stopped: 0.0043998 seconds, Stopping threads took: 0.0000207 seconds
134.256: [GC (Allocation Failure)  604836K->280780K(1035264K), 0.0040662 secs]
134.260: Total time for which application threads were stopped: 0.0042355 seconds, Stopping threads took: 0.0000197 seconds
134.326: [GC (Allocation Failure)  604364K->288782K(1035776K), 0.0043740 secs]
134.331: Total time for which application threads were stopped: 0.0045500 seconds, Stopping threads took: 0.0000205 seconds
134.398: [GC (Allocation Failure)  612366K->288750K(1035776K), 0.0042818 secs]
134.403: Total time for which application threads were stopped: 0.0044428 seconds, Stopping threads took: 0.0000206 seconds
134.469: [GC (Allocation Failure)  612334K->288806K(1023488K), 0.0040566 secs]
134.473: Total time for which application threads were stopped: 0.0042216 seconds, Stopping threads took: 0.0000260 seconds
134.541: [GC (Allocation Failure)  612390K->296777K(1035264K), 0.0041152 secs]
134.545: Total time for which application threads were stopped: 0.0042811 seconds, Stopping threads took: 0.0000252 seconds
134.612: [GC (Allocation Failure)  619337K->296745K(1035264K), 0.0042176 secs]
134.616: Total time for which application threads were stopped: 0.0043849 seconds, Stopping threads took: 0.0000204 seconds
134.683: [GC (Allocation Failure)  619305K->297001K(1034240K), 0.0042233 secs]
134.688: Total time for which application threads were stopped: 0.0043721 seconds, Stopping threads took: 0.0000175 seconds
134.756: [GC (Allocation Failure)  618537K->304811K(1034752K), 0.0044183 secs]
134.760: Total time for which application threads were stopped: 0.0045871 seconds, Stopping threads took: 0.0000201 seconds
134.828: [GC (Allocation Failure)  626347K->304779K(1034752K), 0.0041329 secs]
134.832: Total time for which application threads were stopped: 0.0043075 seconds, Stopping threads took: 0.0000273 seconds
134.898: [GC (Allocation Failure)  626315K->305259K(1021440K), 0.0040653 secs]
134.902: Total time for which application threads were stopped: 0.0042180 seconds, Stopping threads took: 0.0000182 seconds
134.970: [GC (Allocation Failure)  626795K->312845K(1034240K), 0.0040231 secs]
134.974: Total time for which application threads were stopped: 0.0041817 seconds, Stopping threads took: 0.0000263 seconds
135.042: [GC (Allocation Failure)  633357K->312813K(1034240K), 0.0055784 secs]
135.048: Total time for which application threads were stopped: 0.0057547 seconds, Stopping threads took: 0.0000206 seconds
135.114: [GC (Allocation Failure)  633325K->312973K(1034240K), 0.0044080 secs]
135.118: Total time for which application threads were stopped: 0.0045738 seconds, Stopping threads took: 0.0000194 seconds
135.186: [GC (Allocation Failure)  633485K->320911K(1034240K), 0.0042625 secs]
135.190: Total time for which application threads were stopped: 0.0044241 seconds, Stopping threads took: 0.0000205 seconds
135.257: [GC (Allocation Failure)  641423K->320879K(1034240K), 0.0047883 secs]
135.262: Total time for which application threads were stopped: 0.0049743 seconds, Stopping threads took: 0.0000201 seconds
135.327: [GC (Allocation Failure)  641391K->320935K(1020416K), 0.0041201 secs]
135.331: Total time for which application threads were stopped: 0.0042823 seconds, Stopping threads took: 0.0000202 seconds
135.401: [GC (Allocation Failure)  641447K->328906K(1033728K), 0.0041442 secs]
135.405: Total time for which application threads were stopped: 0.0043162 seconds, Stopping threads took: 0.0000209 seconds
135.472: [GC (Allocation Failure)  648394K->328906K(1033728K), 0.0041016 secs]
135.476: Total time for which application threads were stopped: 0.0042691 seconds, Stopping threads took: 0.0000261 seconds
135.541: [GC (Allocation Failure)  648394K->328970K(1033728K), 0.0042931 secs]
135.545: Total time for which application threads were stopped: 0.0044554 seconds, Stopping threads took: 0.0000200 seconds
135.611: [GC (Allocation Failure)  648458K->336908K(1033728K), 0.0042581 secs]
135.615: Total time for which application threads were stopped: 0.0044238 seconds, Stopping threads took: 0.0000198 seconds
135.681: [GC (Allocation Failure)  656396K->336972K(1033728K), 0.0044765 secs]
135.686: Total time for which application threads were stopped: 0.0046506 seconds, Stopping threads took: 0.0000206 seconds
135.753: [GC (Allocation Failure)  656460K->337164K(1033728K), 0.0043781 secs]
135.757: Total time for which application threads were stopped: 0.0045623 seconds, Stopping threads took: 0.0000213 seconds
135.823: [GC (Allocation Failure)  656652K->344974K(1032704K), 0.0043060 secs]
135.827: Total time for which application threads were stopped: 0.0044717 seconds, Stopping threads took: 0.0000199 seconds
135.896: [GC (Allocation Failure)  663438K->345006K(1033216K), 0.0044410 secs]
135.900: Total time for which application threads were stopped: 0.0046340 seconds, Stopping threads took: 0.0000209 seconds
135.967: [GC (Allocation Failure)  663470K->345166K(1033216K), 0.0045344 secs]
135.971: Total time for which application threads were stopped: 0.0046856 seconds, Stopping threads took: 0.0000166 seconds
136.039: [GC (Allocation Failure)  663630K->353009K(1033216K), 0.0042609 secs]
136.043: Total time for which application threads were stopped: 0.0044291 seconds, Stopping threads took: 0.0000200 seconds
136.108: [GC (Allocation Failure)  671473K->349102K(1034240K), 0.0030425 secs]
136.112: Total time for which application threads were stopped: 0.0032034 seconds, Stopping threads took: 0.0000205 seconds
136.180: [GC (Allocation Failure)  668590K->353129K(1033216K), 0.0044036 secs]
136.184: Total time for which application threads were stopped: 0.0046042 seconds, Stopping threads took: 0.0000205 seconds
136.252: [GC (Allocation Failure)  672617K->357129K(1034752K), 0.0043856 secs]
136.257: Total time for which application threads were stopped: 0.0045550 seconds, Stopping threads took: 0.0000204 seconds
136.326: [GC (Allocation Failure)  678665K->350342K(1034752K), 0.0016142 secs]
136.327: Total time for which application threads were stopped: 0.0017658 seconds, Stopping threads took: 0.0000206 seconds
136.396: [GC (Allocation Failure)  671878K->357161K(1034752K), 0.0043099 secs]
136.400: Total time for which application threads were stopped: 0.0044611 seconds, Stopping threads took: 0.0000179 seconds
136.466: [GC (Allocation Failure)  678697K->361273K(1034752K), 0.0051524 secs]
136.471: Total time for which application threads were stopped: 0.0053201 seconds, Stopping threads took: 0.0000198 seconds
136.537: [GC (Allocation Failure)  682809K->355702K(1034752K), 0.0022703 secs]
136.539: Total time for which application threads were stopped: 0.0024206 seconds, Stopping threads took: 0.0000208 seconds
136.607: [GC (Allocation Failure)  677238K->361545K(1034752K), 0.0044397 secs]
136.611: Total time for which application threads were stopped: 0.0046127 seconds, Stopping threads took: 0.0000205 seconds
136.678: [GC (Allocation Failure)  683081K->365417K(1035264K), 0.0045851 secs]
136.683: Total time for which application threads were stopped: 0.0047830 seconds, Stopping threads took: 0.0000222 seconds
136.749: [GC (Allocation Failure)  687905K->361542K(1035264K), 0.0030738 secs]
136.753: Total time for which application threads were stopped: 0.0032317 seconds, Stopping threads took: 0.0000199 seconds
136.821: [GC (Allocation Failure)  684102K->365585K(1036288K), 0.0044216 secs]
136.825: Total time for which application threads were stopped: 0.0045927 seconds, Stopping threads took: 0.0000197 seconds
136.894: [GC (Allocation Failure)  689681K->369585K(1035776K), 0.0042782 secs]
136.898: Total time for which application threads were stopped: 0.0044431 seconds, Stopping threads took: 0.0000199 seconds
136.966: [GC (Allocation Failure)  693681K->369553K(1035776K), 0.0042778 secs]
136.971: Total time for which application threads were stopped: 0.0044586 seconds, Stopping threads took: 0.0000206 seconds
137.039: [GC (Allocation Failure)  693137K->369617K(1023488K), 0.0049951 secs]
137.044: Total time for which application threads were stopped: 0.0051684 seconds, Stopping threads took: 0.0000263 seconds
137.110: [GC (Allocation Failure)  693201K->377587K(1035264K), 0.0044689 secs]
137.115: Total time for which application threads were stopped: 0.0046460 seconds, Stopping threads took: 0.0000199 seconds
137.182: [GC (Allocation Failure)  700147K->377587K(1030144K), 0.0041239 secs]
137.187: Total time for which application threads were stopped: 0.0043022 seconds, Stopping threads took: 0.0000196 seconds
137.254: [GC (Allocation Failure)  700147K->377643K(1034752K), 0.0042922 secs]
137.258: Total time for which application threads were stopped: 0.0044600 seconds, Stopping threads took: 0.0000198 seconds
137.325: [GC (Allocation Failure)  699179K->385613K(1034752K), 0.0046781 secs]
137.330: Total time for which application threads were stopped: 0.0048558 seconds, Stopping threads took: 0.0000191 seconds
137.398: [GC (Allocation Failure)  707149K->385613K(1033728K), 0.0042749 secs]
137.402: Total time for which application threads were stopped: 0.0044852 seconds, Stopping threads took: 0.0000198 seconds
137.471: [GC (Allocation Failure)  706125K->385869K(1034240K), 0.0045452 secs]
137.476: Total time for which application threads were stopped: 0.0046960 seconds, Stopping threads took: 0.0000168 seconds
137.544: [GC (Allocation Failure)  706381K->393679K(1034240K), 0.0044423 secs]
137.548: Total time for which application threads were stopped: 0.0046123 seconds, Stopping threads took: 0.0000196 seconds
137.616: [GC (Allocation Failure)  714191K->393679K(1034240K), 0.0044380 secs]
137.621: Total time for which application threads were stopped: 0.0046285 seconds, Stopping threads took: 0.0000205 seconds
137.690: [GC (Allocation Failure)  714191K->394055K(1033216K), 0.0042836 secs]
137.694: Total time for which application threads were stopped: 0.0044429 seconds, Stopping threads took: 0.0000203 seconds
137.763: [GC (Allocation Failure)  713543K->401674K(1033728K), 0.0045949 secs]
137.767: Total time for which application threads were stopped: 0.0047543 seconds, Stopping threads took: 0.0000199 seconds
137.836: [GC (Allocation Failure)  721162K->401642K(1033728K), 0.0044218 secs]
137.841: Total time for which application threads were stopped: 0.0045879 seconds, Stopping threads took: 0.0000191 seconds
137.906: [GC (Allocation Failure)  721130K->401802K(1033728K), 0.0044363 secs]
137.911: Total time for which application threads were stopped: 0.0045935 seconds, Stopping threads took: 0.0000192 seconds
137.978: [GC (Allocation Failure)  721290K->409740K(1033728K), 0.0042780 secs]
137.983: Total time for which application threads were stopped: 0.0044680 seconds, Stopping threads took: 0.0000450 seconds
138.050: [GC (Allocation Failure)  729228K->409708K(1033728K), 0.0044659 secs]
138.054: Total time for which application threads were stopped: 0.0046497 seconds, Stopping threads took: 0.0000200 seconds
138.121: [GC (Allocation Failure)  729196K->409764K(1033728K), 0.0045184 secs]
138.125: Total time for which application threads were stopped: 0.0046871 seconds, Stopping threads took: 0.0000186 seconds
138.192: [GC (Allocation Failure)  729252K->417734K(1027072K), 0.0046176 secs]
138.197: Total time for which application threads were stopped: 0.0047918 seconds, Stopping threads took: 0.0000209 seconds
138.262: [GC (Allocation Failure)  737222K->413828K(1034240K), 0.0033625 secs]
138.265: Total time for which application threads were stopped: 0.0035318 seconds, Stopping threads took: 0.0000288 seconds
138.332: [GC (Allocation Failure)  733316K->417902K(1033216K), 0.0047812 secs]
138.337: Total time for which application threads were stopped: 0.0049602 seconds, Stopping threads took: 0.0000197 seconds
138.407: [GC (Allocation Failure)  737390K->421838K(1034752K), 0.0044427 secs]
138.412: Total time for which application threads were stopped: 0.0046008 seconds, Stopping threads took: 0.0000173 seconds
138.479: [GC (Allocation Failure)  743374K->415084K(1034752K), 0.0017307 secs]
138.481: Total time for which application threads were stopped: 0.0018777 seconds, Stopping threads took: 0.0000263 seconds
138.548: [GC (Allocation Failure)  736620K->421942K(1034752K), 0.0042331 secs]
138.552: Total time for which application threads were stopped: 0.0044307 seconds, Stopping threads took: 0.0000261 seconds
138.620: [GC (Allocation Failure)  743478K->426022K(1034752K), 0.0054463 secs]
138.626: Total time for which application threads were stopped: 0.0056188 seconds, Stopping threads took: 0.0000173 seconds
138.693: [GC (Allocation Failure)  747558K->420484K(1034752K), 0.0023520 secs]
138.695: Total time for which application threads were stopped: 0.0024929 seconds, Stopping threads took: 0.0000167 seconds
138.763: [GC (Allocation Failure)  742020K->426286K(1034752K), 0.0045391 secs]
138.767: Total time for which application threads were stopped: 0.0047203 seconds, Stopping threads took: 0.0000204 seconds
138.835: [GC (Allocation Failure)  747822K->430158K(1034752K), 0.0048499 secs]
138.840: Total time for which application threads were stopped: 0.0050322 seconds, Stopping threads took: 0.0000208 seconds
138.908: [GC (Allocation Failure)  752646K->426252K(1035264K), 0.0032826 secs]
138.912: Total time for which application threads were stopped: 0.0034510 seconds, Stopping threads took: 0.0000203 seconds
138.981: [GC (Allocation Failure)  748812K->430318K(1036288K), 0.0046204 secs]
138.986: Total time for which application threads were stopped: 0.0047940 seconds, Stopping threads took: 0.0000263 seconds
139.053: [GC (Allocation Failure)  754414K->434318K(1035776K), 0.0045021 secs]
139.058: Total time for which application threads were stopped: 0.0046927 seconds, Stopping threads took: 0.0000204 seconds
139.128: [GC (Allocation Failure)  758414K->434318K(1035776K), 0.0045229 secs]
139.133: Total time for which application threads were stopped: 0.0046940 seconds, Stopping threads took: 0.0000210 seconds
139.201: [GC (Allocation Failure)  757902K->434350K(1023488K), 0.0047778 secs]
139.205: Total time for which application threads were stopped: 0.0049745 seconds, Stopping threads took: 0.0000207 seconds
139.273: [GC (Allocation Failure)  757934K->442320K(1035264K), 0.0045642 secs]
139.278: Total time for which application threads were stopped: 0.0047247 seconds, Stopping threads took: 0.0000199 seconds
139.345: [GC (Allocation Failure)  764880K->442320K(1030144K), 0.0043465 secs]
139.350: Total time for which application threads were stopped: 0.0045269 seconds, Stopping threads took: 0.0000337 seconds
139.417: [GC (Allocation Failure)  764880K->442344K(1034752K), 0.0045869 secs]
139.421: Total time for which application threads were stopped: 0.0047672 seconds, Stopping threads took: 0.0000198 seconds
139.489: [GC (Allocation Failure)  763880K->450347K(1034752K), 0.0044797 secs]
139.493: Total time for which application threads were stopped: 0.0046708 seconds, Stopping threads took: 0.0000267 seconds
139.563: [GC (Allocation Failure)  771883K->450379K(1033728K), 0.0043557 secs]
139.567: Total time for which application threads were stopped: 0.0045073 seconds, Stopping threads took: 0.0000177 seconds
139.634: [GC (Allocation Failure)  770891K->450603K(1034240K), 0.0047074 secs]
139.639: Total time for which application threads were stopped: 0.0048790 seconds, Stopping threads took: 0.0000201 seconds
139.706: [GC (Allocation Failure)  771115K->458349K(1034240K), 0.0044280 secs]
139.711: Total time for which application threads were stopped: 0.0046029 seconds, Stopping threads took: 0.0000206 seconds
139.778: [GC (Allocation Failure)  778861K->458381K(1034240K), 0.0045999 secs]
139.783: Total time for which application threads were stopped: 0.0048031 seconds, Stopping threads took: 0.0000412 seconds
139.850: [GC (Allocation Failure)  778893K->458821K(1033216K), 0.0054117 secs]
139.856: Total time for which application threads were stopped: 0.0056091 seconds, Stopping threads took: 0.0000191 seconds
139.924: [GC (Allocation Failure)  778309K->466407K(1033728K), 0.0045746 secs]
139.929: Total time for which application threads were stopped: 0.0047466 seconds, Stopping threads took: 0.0000171 seconds
139.997: [GC (Allocation Failure)  785895K->466407K(1033728K), 0.0043908 secs]
140.002: Total time for which application threads were stopped: 0.0045613 seconds, Stopping threads took: 0.0000276 seconds
140.068: [GC (Allocation Failure)  785895K->466503K(1033728K), 0.0051839 secs]
140.073: Total time for which application threads were stopped: 0.0053599 seconds, Stopping threads took: 0.0000265 seconds
140.141: [GC (Allocation Failure)  785991K->474473K(1033728K), 0.0045054 secs]
140.145: Total time for which application threads were stopped: 0.0046823 seconds, Stopping threads took: 0.0000206 seconds
140.213: [GC (Allocation Failure)  793961K->474473K(1033728K), 0.0047188 secs]
140.218: Total time for which application threads were stopped: 0.0048889 seconds, Stopping threads took: 0.0000206 seconds
140.285: [GC (Allocation Failure)  793961K->474505K(1033728K), 0.0043864 secs]
140.290: Total time for which application threads were stopped: 0.0045595 seconds, Stopping threads took: 0.0000200 seconds
140.356: [GC (Allocation Failure)  793993K->482476K(1027072K), 0.0047206 secs]
140.361: Total time for which application threads were stopped: 0.0048926 seconds, Stopping threads took: 0.0000205 seconds
140.426: [GC (Allocation Failure)  801963K->478569K(1034240K), 0.0036515 secs]
140.430: Total time for which application threads were stopped: 0.0038137 seconds, Stopping threads took: 0.0000206 seconds
140.500: [GC (Allocation Failure)  798057K->482596K(1033216K), 0.0048157 secs]
140.505: Total time for which application threads were stopped: 0.0049835 seconds, Stopping threads took: 0.0000190 seconds
140.573: [GC (Allocation Failure)  802084K->486596K(1034752K), 0.0044294 secs]
140.577: Total time for which application threads were stopped: 0.0045876 seconds, Stopping threads took: 0.0000203 seconds
140.644: [GC (Allocation Failure)  808132K->479809K(1034752K), 0.0021452 secs]
140.646: Total time for which application threads were stopped: 0.0022855 seconds, Stopping threads took: 0.0000197 seconds
140.713: [GC (Allocation Failure)  801345K->486668K(1034752K), 0.0043337 secs]
140.718: Total time for which application threads were stopped: 0.0045083 seconds, Stopping threads took: 0.0000195 seconds
140.784: [GC (Allocation Failure)  808204K->490748K(1034752K), 0.0054076 secs]
140.789: Total time for which application threads were stopped: 0.0055767 seconds, Stopping threads took: 0.0000207 seconds
140.856: [GC (Allocation Failure)  812284K->485209K(1034752K), 0.0034210 secs]
140.859: Total time for which application threads were stopped: 0.0035718 seconds, Stopping threads took: 0.0000195 seconds
140.927: [GC (Allocation Failure)  806745K->491012K(1034752K), 0.0045969 secs]
140.932: Total time for which application threads were stopped: 0.0047915 seconds, Stopping threads took: 0.0000202 seconds
141.001: [GC (Allocation Failure)  812548K->494916K(1034752K), 0.0049547 secs]
141.006: Total time for which application threads were stopped: 0.0051308 seconds, Stopping threads took: 0.0000288 seconds
141.073: [GC (Allocation Failure)  817404K->490977K(1035264K), 0.0033181 secs]
141.076: Total time for which application threads were stopped: 0.0035375 seconds, Stopping threads took: 0.0000202 seconds
141.145: [GC (Allocation Failure)  813537K->495052K(1036288K), 0.0044870 secs]
141.150: Total time for which application threads were stopped: 0.0046385 seconds, Stopping threads took: 0.0000177 seconds
141.219: [GC (Allocation Failure)  819148K->499020K(1035776K), 0.0046847 secs]
141.224: Total time for which application threads were stopped: 0.0048666 seconds, Stopping threads took: 0.0000203 seconds
141.292: [GC (Allocation Failure)  823116K->499052K(1035776K), 0.0044347 secs]
141.297: Total time for which application threads were stopped: 0.0046047 seconds, Stopping threads took: 0.0000199 seconds
141.365: [GC (Allocation Failure)  822636K->499084K(1023488K), 0.0045792 secs]
141.369: Total time for which application threads were stopped: 0.0047614 seconds, Stopping threads took: 0.0000208 seconds
141.438: [GC (Allocation Failure)  822668K->507054K(1035264K), 0.0046571 secs]
141.443: Total time for which application threads were stopped: 0.0048285 seconds, Stopping threads took: 0.0000204 seconds
141.511: [GC (Allocation Failure)  829614K->507054K(1030144K), 0.0044339 secs]
141.516: Total time for which application threads were stopped: 0.0046095 seconds, Stopping threads took: 0.0000302 seconds
141.584: [GC (Allocation Failure)  829614K->507118K(1034752K), 0.0063730 secs]
141.590: Total time for which application threads were stopped: 0.0065330 seconds, Stopping threads took: 0.0000196 seconds
141.659: [GC (Allocation Failure)  828654K->515120K(1029120K), 0.0047920 secs]
141.664: Total time for which application threads were stopped: 0.0049604 seconds, Stopping threads took: 0.0000221 seconds
141.731: [GC (Allocation Failure)  836656K->515120K(1034240K), 0.0043730 secs]
141.736: Total time for which application threads were stopped: 0.0045392 seconds, Stopping threads took: 0.0000197 seconds
141.805: [GC (Allocation Failure)  835632K->515336K(1034240K), 0.0046898 secs]
141.810: Total time for which application threads were stopped: 0.0048604 seconds, Stopping threads took: 0.0000203 seconds
141.879: [GC (Allocation Failure)  835848K->523115K(1034240K), 0.0045580 secs]
141.883: Total time for which application threads were stopped: 0.0047191 seconds, Stopping threads took: 0.0000199 seconds
141.953: [GC (Allocation Failure)  843627K->523115K(1034240K), 0.0045368 secs]
141.958: Total time for which application threads were stopped: 0.0047288 seconds, Stopping threads took: 0.0000200 seconds
142.027: [GC (Allocation Failure)  843627K->523555K(1033216K), 0.0046034 secs]
142.032: Total time for which application threads were stopped: 0.0047846 seconds, Stopping threads took: 0.0000177 seconds
142.101: [GC (Allocation Failure)  843043K->531173K(1033728K), 0.0048506 secs]
142.106: Total time for which application threads were stopped: 0.0050417 seconds, Stopping threads took: 0.0000192 seconds
142.174: [GC (Allocation Failure)  850661K->531141K(1033728K), 0.0045171 secs]
142.178: Total time for which application threads were stopped: 0.0046919 seconds, Stopping threads took: 0.0000205 seconds
142.243: [GC (Allocation Failure)  850629K->531277K(1033728K), 0.0045646 secs]
142.248: Total time for which application threads were stopped: 0.0047428 seconds, Stopping threads took: 0.0000217 seconds
142.315: [GC (Allocation Failure)  850765K->539183K(1033728K), 0.0046658 secs]
142.320: Total time for which application threads were stopped: 0.0048353 seconds, Stopping threads took: 0.0000202 seconds
142.386: [GC (Allocation Failure)  858671K->539215K(1033728K), 0.0047631 secs]
142.391: Total time for which application threads were stopped: 0.0049353 seconds, Stopping threads took: 0.0000207 seconds
142.460: [GC (Allocation Failure)  858703K->539239K(1033728K), 0.0046464 secs]
142.464: Total time for which application threads were stopped: 0.0048105 seconds, Stopping threads took: 0.0000203 seconds
142.533: [GC (Allocation Failure)  858727K->547209K(1027072K), 0.0046727 secs]
142.538: Total time for which application threads were stopped: 0.0048428 seconds, Stopping threads took: 0.0000264 seconds
142.603: [GC (Allocation Failure)  866697K->543303K(1034240K), 0.0037547 secs]
142.607: Total time for which application threads were stopped: 0.0039222 seconds, Stopping threads took: 0.0000196 seconds
142.674: [GC (Allocation Failure)  862791K->547361K(1033216K), 0.0049161 secs]
142.679: Total time for which application threads were stopped: 0.0050798 seconds, Stopping threads took: 0.0000205 seconds
142.746: [GC (Allocation Failure)  866849K->551329K(1034752K), 0.0047154 secs]
142.751: Total time for which application threads were stopped: 0.0048957 seconds, Stopping threads took: 0.0000391 seconds
142.818: [GC (Allocation Failure)  872865K->544543K(1034752K), 0.0021655 secs]
142.820: Total time for which application threads were stopped: 0.0023067 seconds, Stopping threads took: 0.0000196 seconds
142.889: [GC (Allocation Failure)  866079K->551393K(1034752K), 0.0046533 secs]
142.893: Total time for which application threads were stopped: 0.0048158 seconds, Stopping threads took: 0.0000204 seconds
142.959: [GC (Allocation Failure)  872929K->555441K(1034752K), 0.0055301 secs]
142.965: Total time for which application threads were stopped: 0.0057072 seconds, Stopping threads took: 0.0000211 seconds
143.030: [GC (Allocation Failure)  876977K->549935K(1034752K), 0.0028832 secs]
143.033: Total time for which application threads were stopped: 0.0030573 seconds, Stopping threads took: 0.0000282 seconds
143.100: [GC (Allocation Failure)  871471K->555737K(1034752K), 0.0048008 secs]
143.105: Total time for which application threads were stopped: 0.0049901 seconds, Stopping threads took: 0.0000224 seconds
143.172: [GC (Allocation Failure)  877273K->559609K(1034752K), 0.0049596 secs]
143.177: Total time for which application threads were stopped: 0.0051305 seconds, Stopping threads took: 0.0000209 seconds
143.244: [GC (Allocation Failure)  882098K->555703K(1035264K), 0.0034831 secs]
143.247: Total time for which application threads were stopped: 0.0036758 seconds, Stopping threads took: 0.0000202 seconds
143.318: [GC (Allocation Failure)  878263K->559777K(1036288K), 0.0047882 secs]
143.322: Total time for which application threads were stopped: 0.0049599 seconds, Stopping threads took: 0.0000197 seconds
143.390: [GC (Allocation Failure)  883873K->563777K(1035776K), 0.0045914 secs]
143.395: Total time for which application threads were stopped: 0.0047549 seconds, Stopping threads took: 0.0000203 seconds
143.464: [GC (Allocation Failure)  887873K->563713K(1035776K), 0.0046073 secs]
143.468: Total time for which application threads were stopped: 0.0047733 seconds, Stopping threads took: 0.0000207 seconds
143.537: [GC (Allocation Failure)  887297K->563817K(1023488K), 0.0047489 secs]
143.542: Total time for which application threads were stopped: 0.0049288 seconds, Stopping threads took: 0.0000276 seconds
143.608: [GC (Allocation Failure)  887401K->571820K(1035264K), 0.0061861 secs]
143.615: Total time for which application threads were stopped: 0.0063508 seconds, Stopping threads took: 0.0000202 seconds
143.683: [GC (Allocation Failure)  894380K->571756K(1030144K), 0.0068236 secs]
143.690: Total time for which application threads were stopped: 0.0070244 seconds, Stopping threads took: 0.0000207 seconds
143.759: [GC (Allocation Failure)  894316K->571852K(1034752K), 0.0046207 secs]
143.763: Total time for which application threads were stopped: 0.0047891 seconds, Stopping threads took: 0.0000178 seconds
143.831: [GC (Allocation Failure)  893388K->579854K(1034752K), 0.0048071 secs]
143.836: Total time for which application threads were stopped: 0.0050000 seconds, Stopping threads took: 0.0000206 seconds
143.906: [GC (Allocation Failure)  901390K->579790K(1033728K), 0.0045661 secs]
143.911: Total time for which application threads were stopped: 0.0047411 seconds, Stopping threads took: 0.0000360 seconds
143.978: [GC (Allocation Failure)  900302K->580078K(1034240K), 0.0048902 secs]
143.983: Total time for which application threads were stopped: 0.0050576 seconds, Stopping threads took: 0.0000197 seconds
144.050: [GC (Allocation Failure)  900590K->587856K(1034240K), 0.0047001 secs]
144.055: Total time for which application threads were stopped: 0.0049138 seconds, Stopping threads took: 0.0000202 seconds
144.124: [GC (Allocation Failure)  908368K->587856K(1034240K), 0.0048618 secs]
144.129: Total time for which application threads were stopped: 0.0050275 seconds, Stopping threads took: 0.0000204 seconds
144.197: [GC (Allocation Failure)  908368K->588296K(1034240K), 0.0046974 secs]
144.201: Total time for which application threads were stopped: 0.0048650 seconds, Stopping threads took: 0.0000208 seconds
144.269: [GC (Allocation Failure)  908808K->595914K(1028096K), 0.0047756 secs]
144.274: Total time for which application threads were stopped: 0.0049549 seconds, Stopping threads took: 0.0000208 seconds
144.341: [GC (Allocation Failure)  916426K->595882K(1033728K), 0.0046304 secs]
144.346: Total time for which application threads were stopped: 0.0047903 seconds, Stopping threads took: 0.0000199 seconds
144.410: [GC (Allocation Failure)  915370K->596042K(1033728K), 0.0049151 secs]
144.415: Total time for which application threads were stopped: 0.0050847 seconds, Stopping threads took: 0.0000203 seconds
144.483: [GC (Allocation Failure)  915530K->603917K(1033728K), 0.0064150 secs]
144.489: Total time for which application threads were stopped: 0.0065755 seconds, Stopping threads took: 0.0000195 seconds
144.557: [GC (Allocation Failure)  923405K->603949K(1033728K), 0.0045647 secs]
144.562: Total time for which application threads were stopped: 0.0047576 seconds, Stopping threads took: 0.0000195 seconds
144.629: [GC (Allocation Failure)  923437K->603981K(1033728K), 0.0049415 secs]
144.634: Total time for which application threads were stopped: 0.0051945 seconds, Stopping threads took: 0.0000203 seconds
144.699: [GC (Allocation Failure)  923469K->611951K(1027072K), 0.0049810 secs]
144.704: Total time for which application threads were stopped: 0.0051416 seconds, Stopping threads took: 0.0000206 seconds
144.769: [GC (Allocation Failure)  931438K->608045K(1034240K), 0.0037562 secs]
144.773: Total time for which application threads were stopped: 0.0039112 seconds, Stopping threads took: 0.0000172 seconds
144.840: [GC (Allocation Failure)  927533K->612079K(1033216K), 0.0081304 secs]
144.848: Total time for which application threads were stopped: 0.0083259 seconds, Stopping threads took: 0.0000188 seconds
144.917: [GC (Allocation Failure)  931567K->616047K(1034752K), 0.0049483 secs]
144.922: Total time for which application threads were stopped: 0.0051185 seconds, Stopping threads took: 0.0000202 seconds
144.989: [GC (Allocation Failure)  937583K->609293K(1034752K), 0.0022911 secs]
144.992: Total time for which application threads were stopped: 0.0024436 seconds, Stopping threads took: 0.0000262 seconds
145.059: [GC (Allocation Failure)  930829K->616151K(1034752K), 0.0046478 secs]
145.064: Total time for which application threads were stopped: 0.0048118 seconds, Stopping threads took: 0.0000258 seconds
145.130: [GC (Allocation Failure)  937687K->620231K(1034752K), 0.0058338 secs]
145.136: Total time for which application threads were stopped: 0.0059966 seconds, Stopping threads took: 0.0000206 seconds
145.202: [GC (Allocation Failure)  941767K->614693K(1034752K), 0.0029129 secs]
145.205: Total time for which application threads were stopped: 0.0030793 seconds, Stopping threads took: 0.0000201 seconds
145.272: [GC (Allocation Failure)  936229K->620503K(1034752K), 0.0050423 secs]
145.278: Total time for which application threads were stopped: 0.0052291 seconds, Stopping threads took: 0.0000224 seconds
145.345: [GC (Allocation Failure)  942039K->624383K(1034752K), 0.0051741 secs]
145.350: Total time for which application threads were stopped: 0.0053441 seconds, Stopping threads took: 0.0000211 seconds
145.418: [GC (Allocation Failure)  946871K->620477K(1035264K), 0.0038177 secs]
145.422: Total time for which application threads were stopped: 0.0039816 seconds, Stopping threads took: 0.0000211 seconds
145.491: [GC (Allocation Failure)  943037K->624551K(1036288K), 0.0049026 secs]
145.496: Total time for which application threads were stopped: 0.0050740 seconds, Stopping threads took: 0.0000287 seconds
145.564: [GC (Allocation Failure)  948647K->628519K(1035776K), 0.0056375 secs]
145.570: Total time for which application threads were stopped: 0.0058149 seconds, Stopping threads took: 0.0000269 seconds
145.639: [GC (Allocation Failure)  952615K->628519K(1035776K), 0.0049118 secs]
145.644: Total time for which application threads were stopped: 0.0050904 seconds, Stopping threads took: 0.0000223 seconds
145.712: [GC (Allocation Failure)  952103K->628583K(1023488K), 0.0049117 secs]
145.717: Total time for which application threads were stopped: 0.0050947 seconds, Stopping threads took: 0.0000207 seconds
145.784: [GC (Allocation Failure)  952167K->636553K(1035264K), 0.0058891 secs]
145.790: Total time for which application threads were stopped: 0.0060628 seconds, Stopping threads took: 0.0000203 seconds
145.858: [GC (Allocation Failure)  959113K->636521K(1030144K), 0.0068233 secs]
145.865: Total time for which application threads were stopped: 0.0070191 seconds, Stopping threads took: 0.0000280 seconds
145.933: [GC (Allocation Failure)  959081K->636617K(1034752K), 0.0047737 secs]
145.938: Total time for which application threads were stopped: 0.0049436 seconds, Stopping threads took: 0.0000198 seconds
146.006: [GC (Allocation Failure)  958153K->644587K(1034752K), 0.0058729 secs]
146.012: Total time for which application threads were stopped: 0.0060398 seconds, Stopping threads took: 0.0000279 seconds
146.080: [GC (Allocation Failure)  966123K->644619K(1033728K), 0.0047533 secs]
146.085: Total time for which application threads were stopped: 0.0049326 seconds, Stopping threads took: 0.0000255 seconds
146.154: [GC (Allocation Failure)  965131K->644843K(1034240K), 0.0048569 secs]
146.158: Total time for which application threads were stopped: 0.0050249 seconds, Stopping threads took: 0.0000261 seconds
146.226: [GC (Allocation Failure)  965355K->652622K(1034240K), 0.0047274 secs]
146.231: Total time for which application threads were stopped: 0.0049117 seconds, Stopping threads took: 0.0000207 seconds
146.299: [GC (Allocation Failure)  973134K->652654K(1034240K), 0.0048118 secs]
146.304: Total time for which application threads were stopped: 0.0050087 seconds, Stopping threads took: 0.0000210 seconds
146.373: [GC (Allocation Failure)  973166K->653062K(1033216K), 0.0049731 secs]
146.378: Total time for which application threads were stopped: 0.0051232 seconds, Stopping threads took: 0.0000174 seconds
146.446: [GC (Allocation Failure)  972550K->660680K(1033728K), 0.0050422 secs]
146.451: Total time for which application threads were stopped: 0.0052032 seconds, Stopping threads took: 0.0000200 seconds
146.520: [GC (Allocation Failure)  980168K->660648K(1033728K), 0.0047604 secs]
146.525: Total time for which application threads were stopped: 0.0049321 seconds, Stopping threads took: 0.0000272 seconds
146.591: [GC (Allocation Failure)  980136K->660776K(1033728K), 0.0048964 secs]
146.596: Total time for which application threads were stopped: 0.0050579 seconds, Stopping threads took: 0.0000198 seconds
146.663: [GC (Allocation Failure)  980264K->668714K(1033728K), 0.0048483 secs]
146.668: Total time for which application threads were stopped: 0.0050114 seconds, Stopping threads took: 0.0000205 seconds
146.734: [GC (Allocation Failure)  988202K->668682K(1033728K), 0.0065485 secs]
146.741: Total time for which application threads were stopped: 0.0067505 seconds, Stopping threads took: 0.0000277 seconds
146.809: [GC (Allocation Failure)  988170K->668746K(1033728K), 0.0047861 secs]
146.814: Total time for which application threads were stopped: 0.0049359 seconds, Stopping threads took: 0.0000166 seconds
146.882: [GC (Allocation Failure)  988234K->676684K(1027072K), 0.0050635 secs]
146.887: Total time for which application threads were stopped: 0.0052383 seconds, Stopping threads took: 0.0000201 seconds
146.953: [GC (Allocation Failure)  996172K->672810K(1034240K), 0.0040889 secs]
146.957: Total time for which application threads were stopped: 0.0042730 seconds, Stopping threads took: 0.0000172 seconds
147.027: [GC (Allocation Failure)  992298K->676876K(1033216K), 0.0049032 secs]
147.032: Total time for which application threads were stopped: 0.0050619 seconds, Stopping threads took: 0.0000254 seconds
147.100: [GC (Allocation Failure)  996364K->680844K(1034752K), 0.0048467 secs]
147.105: Total time for which application threads were stopped: 0.0050185 seconds, Stopping threads took: 0.0000258 seconds
147.171: [GC (Allocation Failure)  1002380K->674090K(1034752K), 0.0024716 secs]
147.174: Total time for which application threads were stopped: 0.0026240 seconds, Stopping threads took: 0.0000207 seconds
147.241: [GC (Allocation Failure)  995626K->680908K(1034752K), 0.0052651 secs]
147.247: Total time for which application threads were stopped: 0.0054446 seconds, Stopping threads took: 0.0000205 seconds
147.313: [GC (Allocation Failure)  1002444K->684988K(1034752K), 0.0060387 secs]
147.319: Total time for which application threads were stopped: 0.0062108 seconds, Stopping threads took: 0.0000206 seconds
147.386: [GC (Allocation Failure)  1006524K->679450K(1034752K), 0.0030897 secs]
147.389: Total time for which application threads were stopped: 0.0032487 seconds, Stopping threads took: 0.0000202 seconds
147.456: [GC (Allocation Failure)  1000986K->685260K(1034752K), 0.0048770 secs]
147.461: Total time for which application threads were stopped: 0.0050401 seconds, Stopping threads took: 0.0000207 seconds
147.529: [GC (Allocation Failure)  1006796K->689092K(1034752K), 0.0066780 secs]
147.536: Total time for which application threads were stopped: 0.0068485 seconds, Stopping threads took: 0.0000272 seconds
147.604: [GC (Allocation Failure)  1011581K->685218K(1035264K), 0.0038657 secs]
147.608: Total time for which application threads were stopped: 0.0040361 seconds, Stopping threads took: 0.0000219 seconds
147.676: [GC (Allocation Failure)  1007778K->689292K(1036288K), 0.0052049 secs]
147.681: Total time for which application threads were stopped: 0.0053788 seconds, Stopping threads took: 0.0000210 seconds
147.749: [GC (Allocation Failure)  1013388K->693260K(1035776K), 0.0049635 secs]
147.754: Total time for which application threads were stopped: 0.0051227 seconds, Stopping threads took: 0.0000196 seconds
147.824: [GC (Allocation Failure)  1017356K->693260K(1035776K), 0.0048390 secs]
147.829: Total time for which application threads were stopped: 0.0050319 seconds, Stopping threads took: 0.0000197 seconds
147.899: [GC (Allocation Failure)  1016844K->693324K(1023488K), 0.0052490 secs]
147.904: [Full GC (Ergonomics)  693324K->8558K(1023488K), 0.0138381 secs]
147.918: Total time for which application threads were stopped: 0.0193726 seconds, Stopping threads took: 0.0000174 seconds
147.985: [GC (Allocation Failure)  332142K->16848K(1035264K), 0.0040733 secs]
147.989: Total time for which application threads were stopped: 0.0042386 seconds, Stopping threads took: 0.0000198 seconds
148.056: [GC (Allocation Failure)  339408K->16880K(1030144K), 0.0035001 secs]
148.060: Total time for which application threads were stopped: 0.0036596 seconds, Stopping threads took: 0.0000212 seconds
148.127: [GC (Allocation Failure)  339440K->16904K(1034752K), 0.0037433 secs]
148.131: Total time for which application threads were stopped: 0.0039015 seconds, Stopping threads took: 0.0000193 seconds
148.200: [GC (Allocation Failure)  338440K->24875K(1029120K), 0.0038047 secs]
148.204: Total time for which application threads were stopped: 0.0039740 seconds, Stopping threads took: 0.0000200 seconds
148.272: [GC (Allocation Failure)  346411K->24875K(1034240K), 0.0034400 secs]
148.276: Total time for which application threads were stopped: 0.0035987 seconds, Stopping threads took: 0.0000198 seconds
148.343: [GC (Allocation Failure)  345387K->25123K(1034240K), 0.0035947 secs]
148.347: Total time for which application threads were stopped: 0.0037606 seconds, Stopping threads took: 0.0000209 seconds
148.415: [GC (Allocation Failure)  345635K->32901K(1034240K), 0.0036885 secs]
148.418: Total time for which application threads were stopped: 0.0038713 seconds, Stopping threads took: 0.0000214 seconds
148.487: [GC (Allocation Failure)  353413K->32901K(1034240K), 0.0035647 secs]
148.490: Total time for which application threads were stopped: 0.0037427 seconds, Stopping threads took: 0.0000263 seconds
148.557: [GC (Allocation Failure)  353413K->33357K(1033216K), 0.0037298 secs]
148.561: Total time for which application threads were stopped: 0.0038939 seconds, Stopping threads took: 0.0000201 seconds
148.630: [GC (Allocation Failure)  352845K->41007K(1033728K), 0.0037515 secs]
148.633: Total time for which application threads were stopped: 0.0039198 seconds, Stopping threads took: 0.0000200 seconds
148.701: [GC (Allocation Failure)  360495K->40975K(1033728K), 0.0036778 secs]
148.705: Total time for which application threads were stopped: 0.0038370 seconds, Stopping threads took: 0.0000199 seconds
148.769: [GC (Allocation Failure)  360463K->41063K(1033728K), 0.0038867 secs]
148.773: Total time for which application threads were stopped: 0.0040808 seconds, Stopping threads took: 0.0000194 seconds
148.842: [GC (Allocation Failure)  360551K->48970K(1033728K), 0.0041360 secs]
148.847: Total time for which application threads were stopped: 0.0043398 seconds, Stopping threads took: 0.0000245 seconds
148.914: [GC (Allocation Failure)  368458K->48970K(1033728K), 0.0036772 secs]
148.918: Total time for which application threads were stopped: 0.0038503 seconds, Stopping threads took: 0.0000193 seconds
148.987: [GC (Allocation Failure)  368458K->49034K(1033728K), 0.0035850 secs]
148.991: Total time for which application threads were stopped: 0.0037440 seconds, Stopping threads took: 0.0000196 seconds
149.058: [GC (Allocation Failure)  368522K->57004K(1027072K), 0.0038842 secs]
149.062: Total time for which application threads were stopped: 0.0040440 seconds, Stopping threads took: 0.0000204 seconds
149.127: [GC (Allocation Failure)  376491K->53130K(1034240K), 0.0026583 secs]
149.130: Total time for which application threads were stopped: 0.0028188 seconds, Stopping threads took: 0.0000202 seconds
149.198: [GC (Allocation Failure)  372618K->57164K(1033216K), 0.0039648 secs]
149.202: Total time for which application threads were stopped: 0.0041266 seconds, Stopping threads took: 0.0000200 seconds
149.269: [GC (Allocation Failure)  376652K->61132K(1034752K), 0.0044120 secs]
149.274: Total time for which application threads were stopped: 0.0045701 seconds, Stopping threads took: 0.0000197 seconds
149.342: [GC (Allocation Failure)  382668K->54314K(1034752K), 0.0012111 secs]
149.343: Total time for which application threads were stopped: 0.0013310 seconds, Stopping threads took: 0.0000197 seconds
149.414: [GC (Allocation Failure)  375850K->61196K(1034752K), 0.0037434 secs]
149.418: Total time for which application threads were stopped: 0.0039335 seconds, Stopping threads took: 0.0000205 seconds
149.485: [GC (Allocation Failure)  382732K->65276K(1034752K), 0.0047061 secs]
149.489: Total time for which application threads were stopped: 0.0048684 seconds, Stopping threads took: 0.0000213 seconds
149.555: [GC (Allocation Failure)  386812K->59738K(1034752K), 0.0015504 secs]
149.557: Total time for which application threads were stopped: 0.0016923 seconds, Stopping threads took: 0.0000197 seconds
149.626: [GC (Allocation Failure)  381274K->65548K(1034752K), 0.0038428 secs]
149.630: Total time for which application threads were stopped: 0.0040138 seconds, Stopping threads took: 0.0000214 seconds
149.699: [GC (Allocation Failure)  387084K->69420K(1034752K), 0.0040345 secs]
149.703: Total time for which application threads were stopped: 0.0041960 seconds, Stopping threads took: 0.0000205 seconds
149.770: [GC (Allocation Failure)  391908K->65514K(1035264K), 0.0025248 secs]
149.773: Total time for which application threads were stopped: 0.0026961 seconds, Stopping threads took: 0.0000207 seconds
149.843: [GC (Allocation Failure)  388074K->69540K(1036288K), 0.0046274 secs]
149.848: Total time for which application threads were stopped: 0.0047996 seconds, Stopping threads took: 0.0000266 seconds
149.917: [GC (Allocation Failure)  393636K->73572K(1035776K), 0.0038724 secs]
149.921: Total time for which application threads were stopped: 0.0040506 seconds, Stopping threads took: 0.0000200 seconds
149.990: [GC (Allocation Failure)  397668K->73572K(1035776K), 0.0035006 secs]
149.994: Total time for which application threads were stopped: 0.0036828 seconds, Stopping threads took: 0.0000198 seconds
150.061: [GC (Allocation Failure)  397156K->73604K(1023488K), 0.0039685 secs]
150.065: Total time for which application threads were stopped: 0.0041423 seconds, Stopping threads took: 0.0000205 seconds
150.133: [GC (Allocation Failure)  397188K->81638K(1035264K), 0.0038130 secs]
150.137: Total time for which application threads were stopped: 0.0039936 seconds, Stopping threads took: 0.0000203 seconds
150.205: [GC (Allocation Failure)  404198K->81574K(1030144K), 0.0037724 secs]
150.209: Total time for which application threads were stopped: 0.0039274 seconds, Stopping threads took: 0.0000195 seconds
150.277: [GC (Allocation Failure)  404134K->81606K(1034752K), 0.0038727 secs]
150.281: Total time for which application threads were stopped: 0.0040418 seconds, Stopping threads took: 0.0000199 seconds
150.349: [GC (Allocation Failure)  403142K->89640K(1029120K), 0.0038505 secs]
150.353: Total time for which application threads were stopped: 0.0040453 seconds, Stopping threads took: 0.0000208 seconds
150.422: [GC (Allocation Failure)  411176K->89608K(1034240K), 0.0036895 secs]
150.426: Total time for which application threads were stopped: 0.0038827 seconds, Stopping threads took: 0.0000201 seconds
150.495: [GC (Allocation Failure)  410120K->89832K(1034240K), 0.0037348 secs]
150.499: Total time for which application threads were stopped: 0.0039225 seconds, Stopping threads took: 0.0000260 seconds
150.568: [GC (Allocation Failure)  410344K->97643K(1034240K), 0.0038601 secs]
150.572: Total time for which application threads were stopped: 0.0040260 seconds, Stopping threads took: 0.0000250 seconds
150.641: [GC (Allocation Failure)  418155K->97643K(1034240K), 0.0038865 secs]
150.645: Total time for which application threads were stopped: 0.0040660 seconds, Stopping threads took: 0.0000204 seconds
150.712: [GC (Allocation Failure)  418155K->98091K(1033216K), 0.0038569 secs]
150.716: Total time for which application threads were stopped: 0.0040196 seconds, Stopping threads took: 0.0000201 seconds
150.783: [GC (Allocation Failure)  417579K->105709K(1033728K), 0.0039218 secs]
150.787: Total time for which application threads were stopped: 0.0040929 seconds, Stopping threads took: 0.0000198 seconds
150.856: [GC (Allocation Failure)  425197K->105645K(1033728K), 0.0047432 secs]
150.860: Total time for which application threads were stopped: 0.0048869 seconds, Stopping threads took: 0.0000173 seconds
150.926: [GC (Allocation Failure)  425133K->105829K(1033728K), 0.0038981 secs]
150.930: Total time for which application threads were stopped: 0.0040782 seconds, Stopping threads took: 0.0000200 seconds
150.998: [GC (Allocation Failure)  425317K->113703K(1033728K), 0.0037719 secs]
151.002: Total time for which application threads were stopped: 0.0039497 seconds, Stopping threads took: 0.0000262 seconds
151.069: [GC (Allocation Failure)  433191K->113703K(1033728K), 0.0038589 secs]
151.073: Total time for which application threads were stopped: 0.0040406 seconds, Stopping threads took: 0.0000252 seconds
151.140: [GC (Allocation Failure)  433191K->113735K(1033728K), 0.0044667 secs]
151.145: Total time for which application threads were stopped: 0.0046418 seconds, Stopping threads took: 0.0000200 seconds
151.212: [GC (Allocation Failure)  433223K->121737K(1027072K), 0.0039111 secs]
151.216: Total time for which application threads were stopped: 0.0040818 seconds, Stopping threads took: 0.0000228 seconds
151.281: [GC (Allocation Failure)  441225K->117831K(1034240K), 0.0026724 secs]
151.284: Total time for which application threads were stopped: 0.0028875 seconds, Stopping threads took: 0.0000197 seconds
151.352: [GC (Allocation Failure)  437319K->121897K(1033216K), 0.0041386 secs]
151.356: Total time for which application threads were stopped: 0.0043041 seconds, Stopping threads took: 0.0000205 seconds
151.424: [GC (Allocation Failure)  441385K->125865K(1034752K), 0.0039038 secs]
151.428: Total time for which application threads were stopped: 0.0040821 seconds, Stopping threads took: 0.0000214 seconds
151.495: [GC (Allocation Failure)  447401K->119079K(1034752K), 0.0010909 secs]
151.497: Total time for which application threads were stopped: 0.0012133 seconds, Stopping threads took: 0.0000268 seconds
151.566: [GC (Allocation Failure)  440615K->125937K(1034752K), 0.0037064 secs]
151.570: Total time for which application threads were stopped: 0.0038744 seconds, Stopping threads took: 0.0000173 seconds
151.637: [GC (Allocation Failure)  447473K->130017K(1034752K), 0.0047836 secs]
151.642: Total time for which application threads were stopped: 0.0049326 seconds, Stopping threads took: 0.0000177 seconds
151.707: [GC (Allocation Failure)  451553K->124447K(1034752K), 0.0018231 secs]
151.709: Total time for which application threads were stopped: 0.0019630 seconds, Stopping threads took: 0.0000203 seconds
151.776: [GC (Allocation Failure)  445983K->130289K(1034752K), 0.0040939 secs]
151.780: Total time for which application threads were stopped: 0.0042628 seconds, Stopping threads took: 0.0000217 seconds
151.847: [GC (Allocation Failure)  451825K->134161K(1034752K), 0.0056894 secs]
151.853: Total time for which application threads were stopped: 0.0058433 seconds, Stopping threads took: 0.0000270 seconds
151.920: [GC (Allocation Failure)  456650K->130255K(1035264K), 0.0027000 secs]
151.923: Total time for which application threads were stopped: 0.0028655 seconds, Stopping threads took: 0.0000203 seconds
151.991: [GC (Allocation Failure)  452815K->134313K(1036288K), 0.0039349 secs]
151.995: Total time for which application threads were stopped: 0.0041039 seconds, Stopping threads took: 0.0000301 seconds
152.064: [GC (Allocation Failure)  458409K->138281K(1035776K), 0.0038900 secs]
152.068: Total time for which application threads were stopped: 0.0040581 seconds, Stopping threads took: 0.0000174 seconds
152.139: [GC (Allocation Failure)  462377K->138281K(1035776K), 0.0038042 secs]
152.143: Total time for which application threads were stopped: 0.0039603 seconds, Stopping threads took: 0.0000248 seconds
152.211: [GC (Allocation Failure)  461865K->138345K(1023488K), 0.0040003 secs]
152.215: Total time for which application threads were stopped: 0.0041638 seconds, Stopping threads took: 0.0000198 seconds
152.282: [GC (Allocation Failure)  461929K->146316K(1035264K), 0.0046822 secs]
152.286: Total time for which application threads were stopped: 0.0048776 seconds, Stopping threads took: 0.0000202 seconds
152.355: [GC (Allocation Failure)  468876K->146316K(1030144K), 0.0038899 secs]
152.359: Total time for which application threads were stopped: 0.0040559 seconds, Stopping threads took: 0.0000193 seconds
152.428: [GC (Allocation Failure)  468876K->146380K(1034752K), 0.0039393 secs]
152.432: Total time for which application threads were stopped: 0.0040985 seconds, Stopping threads took: 0.0000197 seconds
152.502: [GC (Allocation Failure)  467916K->154350K(1034752K), 0.0039150 secs]
152.506: Total time for which application threads were stopped: 0.0041046 seconds, Stopping threads took: 0.0000266 seconds
152.575: [GC (Allocation Failure)  475886K->154350K(1033728K), 0.0038876 secs]
152.579: Total time for which application threads were stopped: 0.0040680 seconds, Stopping threads took: 0.0000207 seconds
152.646: [GC (Allocation Failure)  474862K->154566K(1034240K), 0.0040710 secs]
152.650: Total time for which application threads were stopped: 0.0042331 seconds, Stopping threads took: 0.0000202 seconds
152.717: [GC (Allocation Failure)  475078K->162408K(1034240K), 0.0037913 secs]
152.721: Total time for which application threads were stopped: 0.0039549 seconds, Stopping threads took: 0.0000259 seconds
152.789: [GC (Allocation Failure)  482920K->162408K(1034240K), 0.0041134 secs]
152.793: Total time for which application threads were stopped: 0.0042700 seconds, Stopping threads took: 0.0000199 seconds
152.862: [GC (Allocation Failure)  482920K->162792K(1033216K), 0.0052946 secs]
152.868: Total time for which application threads were stopped: 0.0054730 seconds, Stopping threads took: 0.0000248 seconds
152.936: [GC (Allocation Failure)  482280K->170442K(1033728K), 0.0041946 secs]
152.940: Total time for which application threads were stopped: 0.0043751 seconds, Stopping threads took: 0.0000196 seconds
153.008: [GC (Allocation Failure)  489930K->170442K(1033728K), 0.0037563 secs]
153.012: Total time for which application threads were stopped: 0.0039195 seconds, Stopping threads took: 0.0000266 seconds
153.079: [GC (Allocation Failure)  489930K->170538K(1033728K), 0.0041431 secs]
153.083: Total time for which application threads were stopped: 0.0043135 seconds, Stopping threads took: 0.0000199 seconds
153.151: [GC (Allocation Failure)  490026K->178445K(1033728K), 0.0040115 secs]
153.155: Total time for which application threads were stopped: 0.0041913 seconds, Stopping threads took: 0.0000220 seconds
153.222: [GC (Allocation Failure)  497933K->178477K(1033728K), 0.0040508 secs]
153.226: Total time for which application threads were stopped: 0.0042686 seconds, Stopping threads took: 0.0000220 seconds
153.294: [GC (Allocation Failure)  497965K->178509K(1032704K), 0.0041496 secs]
153.299: Total time for which application threads were stopped: 0.0043200 seconds, Stopping threads took: 0.0000312 seconds
153.366: [GC (Allocation Failure)  496973K->186511K(1033216K), 0.0039832 secs]
153.370: Total time for which application threads were stopped: 0.0041775 seconds, Stopping threads took: 0.0000206 seconds
153.437: [GC (Allocation Failure)  504975K->180941K(1033728K), 0.0018825 secs]
153.439: Total time for which application threads were stopped: 0.0020360 seconds, Stopping threads took: 0.0000170 seconds
153.506: [GC (Allocation Failure)  499917K->186735K(1033216K), 0.0039982 secs]
153.510: Total time for which application threads were stopped: 0.0041714 seconds, Stopping threads took: 0.0000266 seconds
153.577: [GC (Allocation Failure)  505711K->190623K(1034240K), 0.0043137 secs]
153.582: Total time for which application threads were stopped: 0.0044833 seconds, Stopping threads took: 0.0000201 seconds
153.650: [GC (Allocation Failure)  511135K->196541K(1034240K), 0.0065556 secs]
153.657: Total time for which application threads were stopped: 0.0067360 seconds, Stopping threads took: 0.0000281 seconds
153.725: [GC (Allocation Failure)  517053K->190815K(1030144K), 0.0042457 secs]
153.730: Total time for which application threads were stopped: 0.0044425 seconds, Stopping threads took: 0.0000204 seconds
153.798: [GC (Allocation Failure)  507231K->190655K(1032192K), 0.0041489 secs]
153.802: Total time for which application threads were stopped: 0.0043173 seconds, Stopping threads took: 0.0000200 seconds
153.869: [GC (Allocation Failure)  507071K->186493K(1033216K), 0.0023288 secs]
153.871: Total time for which application threads were stopped: 0.0024974 seconds, Stopping threads took: 0.0000244 seconds
153.938: [GC (Allocation Failure)  504445K->190719K(1032704K), 0.0039461 secs]
153.942: Total time for which application threads were stopped: 0.0041198 seconds, Stopping threads took: 0.0000270 seconds
154.008: [GC (Allocation Failure)  508671K->190623K(1033728K), 0.0039844 secs]
154.012: Total time for which application threads were stopped: 0.0041558 seconds, Stopping threads took: 0.0000262 seconds
154.079: [GC (Allocation Failure)  509599K->194239K(1033216K), 0.0047304 secs]
154.084: Total time for which application threads were stopped: 0.0048798 seconds, Stopping threads took: 0.0000169 seconds
154.151: [GC (Allocation Failure)  513215K->198721K(1034240K), 0.0040334 secs]
154.155: Total time for which application threads were stopped: 0.0042029 seconds, Stopping threads took: 0.0000199 seconds
154.221: [GC (Allocation Failure)  518721K->198657K(1033728K), 0.0041756 secs]
154.225: Total time for which application threads were stopped: 0.0043396 seconds, Stopping threads took: 0.0000212 seconds
154.290: [GC (Allocation Failure)  518657K->201953K(1034240K), 0.0046644 secs]
154.295: Total time for which application threads were stopped: 0.0048375 seconds, Stopping threads took: 0.0000201 seconds
154.362: [GC (Allocation Failure)  522465K->206724K(1034240K), 0.0047058 secs]
154.367: Total time for which application threads were stopped: 0.0048774 seconds, Stopping threads took: 0.0000211 seconds
154.435: [GC (Allocation Failure)  527236K->206724K(1034752K), 0.0039322 secs]
154.439: Total time for which application threads were stopped: 0.0041134 seconds, Stopping threads took: 0.0000221 seconds
154.504: [GC (Allocation Failure)  528260K->209188K(1034752K), 0.0045743 secs]
154.509: Total time for which application threads were stopped: 0.0047344 seconds, Stopping threads took: 0.0000271 seconds
154.577: [GC (Allocation Failure)  530724K->214758K(1034752K), 0.0040566 secs]
154.581: Total time for which application threads were stopped: 0.0042284 seconds, Stopping threads took: 0.0000199 seconds
154.650: [GC (Allocation Failure)  536294K->214758K(1034752K), 0.0041743 secs]
154.654: Total time for which application threads were stopped: 0.0043585 seconds, Stopping threads took: 0.0000231 seconds
154.721: [GC (Allocation Failure)  536294K->218406K(1035264K), 0.0049824 secs]
154.726: Total time for which application threads were stopped: 0.0051388 seconds, Stopping threads took: 0.0000187 seconds
154.793: [GC (Allocation Failure)  540454K->222824K(1034752K), 0.0041065 secs]
154.797: Total time for which application threads were stopped: 0.0042779 seconds, Stopping threads took: 0.0000204 seconds
154.866: [GC (Allocation Failure)  544872K->222760K(1035264K), 0.0039751 secs]
154.870: Total time for which application threads were stopped: 0.0041523 seconds, Stopping threads took: 0.0000142 seconds
154.937: [GC (Allocation Failure)  545320K->225640K(1035264K), 0.0046064 secs]
154.942: Total time for which application threads were stopped: 0.0048101 seconds, Stopping threads took: 0.0000201 seconds
155.011: [GC (Allocation Failure)  548200K->230922K(1035264K), 0.0039454 secs]
155.015: Total time for which application threads were stopped: 0.0041249 seconds, Stopping threads took: 0.0000267 seconds
155.085: [GC (Allocation Failure)  553482K->230794K(1035264K), 0.0039378 secs]
155.089: Total time for which application threads were stopped: 0.0041101 seconds, Stopping threads took: 0.0000208 seconds
155.156: [GC (Allocation Failure)  553354K->233866K(1035264K), 0.0046408 secs]
155.161: Total time for which application threads were stopped: 0.0048034 seconds, Stopping threads took: 0.0000201 seconds
155.229: [GC (Allocation Failure)  556426K->238861K(1035264K), 0.0042352 secs]
155.234: Total time for which application threads were stopped: 0.0043970 seconds, Stopping threads took: 0.0000198 seconds
155.304: [GC (Allocation Failure)  561421K->238829K(1035264K), 0.0043010 secs]
155.308: Total time for which application threads were stopped: 0.0044792 seconds, Stopping threads took: 0.0000221 seconds
155.377: [GC (Allocation Failure)  561389K->234058K(1035264K), 0.0022526 secs]
155.379: Total time for which application threads were stopped: 0.0024199 seconds, Stopping threads took: 0.0000191 seconds
155.447: [GC (Allocation Failure)  556618K->239085K(1035264K), 0.0041564 secs]
155.451: Total time for which application threads were stopped: 0.0043234 seconds, Stopping threads took: 0.0000208 seconds
155.519: [GC (Allocation Failure)  561645K->238861K(1035264K), 0.0039181 secs]
155.523: Total time for which application threads were stopped: 0.0041007 seconds, Stopping threads took: 0.0000204 seconds
155.591: [GC (Allocation Failure)  561421K->238378K(1035776K), 0.0040179 secs]
155.595: Total time for which application threads were stopped: 0.0041837 seconds, Stopping threads took: 0.0000204 seconds
155.665: [GC (Allocation Failure)  561450K->239053K(1035264K), 0.0040489 secs]
155.669: Total time for which application threads were stopped: 0.0042254 seconds, Stopping threads took: 0.0000214 seconds
155.738: [GC (Allocation Failure)  562125K->238829K(1035776K), 0.0040930 secs]
155.742: Total time for which application threads were stopped: 0.0042919 seconds, Stopping threads took: 0.0000201 seconds
155.812: [GC (Allocation Failure)  562413K->244674K(1035776K), 0.0067704 secs]
155.819: Total time for which application threads were stopped: 0.0069349 seconds, Stopping threads took: 0.0000196 seconds
155.889: [GC (Allocation Failure)  568258K->240101K(1032704K), 0.0042312 secs]
155.893: Total time for which application threads were stopped: 0.0043926 seconds, Stopping threads took: 0.0000169 seconds
155.961: [GC (Allocation Failure)  560613K->239941K(1034240K), 0.0042599 secs]
155.965: Total time for which application threads were stopped: 0.0044323 seconds, Stopping threads took: 0.0000202 seconds
156.033: [GC (Allocation Failure)  560453K->247018K(1030656K), 0.0071581 secs]
156.041: Total time for which application threads were stopped: 0.0073296 seconds, Stopping threads took: 0.0000282 seconds
156.108: [GC (Allocation Failure)  564458K->241357K(1032704K), 0.0043616 secs]
156.112: Total time for which application threads were stopped: 0.0045322 seconds, Stopping threads took: 0.0000275 seconds
156.180: [GC (Allocation Failure)  558797K->241261K(1033728K), 0.0040261 secs]
156.184: Total time for which application threads were stopped: 0.0041915 seconds, Stopping threads took: 0.0000262 seconds
156.251: [GC (Allocation Failure)  560237K->238826K(1033216K), 0.0032407 secs]
156.254: Total time for which application threads were stopped: 0.0034300 seconds, Stopping threads took: 0.0000272 seconds
156.323: [GC (Allocation Failure)  557802K->241325K(1034752K), 0.0040652 secs]
156.327: Total time for which application threads were stopped: 0.0042270 seconds, Stopping threads took: 0.0000197 seconds
156.395: [GC (Allocation Failure)  562349K->241229K(1034240K), 0.0040605 secs]
156.399: Total time for which application threads were stopped: 0.0042204 seconds, Stopping threads took: 0.0000194 seconds
156.467: [GC (Allocation Failure)  562253K->236490K(1034240K), 0.0022145 secs]
156.470: Total time for which application threads were stopped: 0.0023843 seconds, Stopping threads took: 0.0000195 seconds
156.539: [GC (Allocation Failure)  558026K->241485K(1034752K), 0.0064599 secs]
156.546: Total time for which application threads were stopped: 0.0066268 seconds, Stopping threads took: 0.0000264 seconds
156.614: [GC (Allocation Failure)  563021K->241229K(1035776K), 0.0043567 secs]
156.619: Total time for which application threads were stopped: 0.0045281 seconds, Stopping threads took: 0.0000208 seconds
156.686: [GC (Allocation Failure)  564301K->239242K(1035264K), 0.0033630 secs]
156.689: Total time for which application threads were stopped: 0.0035346 seconds, Stopping threads took: 0.0000214 seconds
156.755: [GC (Allocation Failure)  562314K->241453K(1036288K), 0.0042907 secs]
156.760: Total time for which application threads were stopped: 0.0044720 seconds, Stopping threads took: 0.0000200 seconds
156.828: [GC (Allocation Failure)  565549K->241293K(1035776K), 0.0040727 secs]
156.832: Total time for which application threads were stopped: 0.0042694 seconds, Stopping threads took: 0.0000207 seconds
156.903: [GC (Allocation Failure)  565389K->247074K(1033216K), 0.0067549 secs]
156.909: Total time for which application threads were stopped: 0.0069191 seconds, Stopping threads took: 0.0000269 seconds
156.978: [GC (Allocation Failure)  568610K->242981K(1034752K), 0.0042973 secs]
156.983: Total time for which application threads were stopped: 0.0044922 seconds, Stopping threads took: 0.0000196 seconds
157.052: [GC (Allocation Failure)  564517K->242853K(1035264K), 0.0041234 secs]
157.056: Total time for which application threads were stopped: 0.0042843 seconds, Stopping threads took: 0.0000201 seconds
157.123: [GC (Allocation Failure)  565413K->250922K(1035264K), 0.0079302 secs]
157.131: Total time for which application threads were stopped: 0.0081200 seconds, Stopping threads took: 0.0000186 seconds
157.200: [GC (Allocation Failure)  573482K->245773K(1032192K), 0.0043029 secs]
157.205: Total time for which application threads were stopped: 0.0044702 seconds, Stopping threads took: 0.0000247 seconds
157.271: [GC (Allocation Failure)  565261K->245709K(1033728K), 0.0041286 secs]
157.276: Total time for which application threads were stopped: 0.0043058 seconds, Stopping threads took: 0.0000261 seconds
157.340: [GC (Allocation Failure)  565197K->251946K(1031680K), 0.0067756 secs]
157.347: Total time for which application threads were stopped: 0.0069336 seconds, Stopping threads took: 0.0000203 seconds
157.415: [GC (Allocation Failure)  569386K->245709K(1032704K), 0.0043086 secs]
157.420: Total time for which application threads were stopped: 0.0044856 seconds, Stopping threads took: 0.0000275 seconds
157.486: [GC (Allocation Failure)  563149K->245677K(1033216K), 0.0052079 secs]
157.491: Total time for which application threads were stopped: 0.0053640 seconds, Stopping threads took: 0.0000199 seconds
157.559: [GC (Allocation Failure)  563629K->241418K(1032704K), 0.0024395 secs]
157.562: Total time for which application threads were stopped: 0.0025951 seconds, Stopping threads took: 0.0000191 seconds
157.631: [GC (Allocation Failure)  559370K->245901K(1033728K), 0.0043391 secs]
157.635: Total time for which application threads were stopped: 0.0045100 seconds, Stopping threads took: 0.0000196 seconds
157.701: [GC (Allocation Failure)  564877K->245677K(1033216K), 0.0042835 secs]
157.705: Total time for which application threads were stopped: 0.0044780 seconds, Stopping threads took: 0.0000202 seconds
157.774: [GC (Allocation Failure)  564653K->246093K(1032192K), 0.0043175 secs]
157.778: Total time for which application threads were stopped: 0.0045059 seconds, Stopping threads took: 0.0000190 seconds
157.847: [GC (Allocation Failure)  564557K->253743K(1033216K), 0.0056699 secs]
157.853: Total time for which application threads were stopped: 0.0058671 seconds, Stopping threads took: 0.0000246 seconds
157.920: [GC (Allocation Failure)  572207K->253711K(1034240K), 0.0042784 secs]
157.925: Total time for which application threads were stopped: 0.0044402 seconds, Stopping threads took: 0.0000188 seconds
157.990: [GC (Allocation Failure)  573711K->255815K(1033728K), 0.0043172 secs]
157.995: Total time for which application threads were stopped: 0.0044788 seconds, Stopping threads took: 0.0000202 seconds
158.063: [GC (Allocation Failure)  575815K->261865K(1034240K), 0.0043125 secs]
158.068: Total time for which application threads were stopped: 0.0044758 seconds, Stopping threads took: 0.0000208 seconds
158.135: [GC (Allocation Failure)  582377K->261737K(1034240K), 0.0040073 secs]
158.139: Total time for which application threads were stopped: 0.0041908 seconds, Stopping threads took: 0.0000207 seconds
158.206: [GC (Allocation Failure)  582249K->265577K(1034752K), 0.0048972 secs]
158.211: Total time for which application threads were stopped: 0.0050929 seconds, Stopping threads took: 0.0000421 seconds
158.278: [GC (Allocation Failure)  587113K->269835K(1034752K), 0.0041902 secs]
158.282: Total time for which application threads were stopped: 0.0043844 seconds, Stopping threads took: 0.0000207 seconds
158.350: [GC (Allocation Failure)  591371K->269803K(1035264K), 0.0040879 secs]
158.354: Total time for which application threads were stopped: 0.0042598 seconds, Stopping threads took: 0.0000202 seconds
158.423: [GC (Allocation Failure)  592363K->271779K(1035264K), 0.0043706 secs]
158.427: Total time for which application threads were stopped: 0.0045522 seconds, Stopping threads took: 0.0000194 seconds
158.495: [GC (Allocation Failure)  594339K->277798K(1035264K), 0.0044037 secs]
158.500: Total time for which application threads were stopped: 0.0045663 seconds, Stopping threads took: 0.0000207 seconds
158.568: [GC (Allocation Failure)  600358K->277798K(1035264K), 0.0042610 secs]
158.573: Total time for which application threads were stopped: 0.0044750 seconds, Stopping threads took: 0.0000195 seconds
158.639: [GC (Allocation Failure)  600358K->280014K(1035264K), 0.0046875 secs]
158.644: Total time for which application threads were stopped: 0.0048566 seconds, Stopping threads took: 0.0000193 seconds
158.713: [GC (Allocation Failure)  602574K->285872K(1035264K), 0.0043245 secs]
158.717: Total time for which application threads were stopped: 0.0044864 seconds, Stopping threads took: 0.0000208 seconds
158.785: [GC (Allocation Failure)  608432K->285872K(1035264K), 0.0040894 secs]
158.789: Total time for which application threads were stopped: 0.0042492 seconds, Stopping threads took: 0.0000197 seconds
158.857: [GC (Allocation Failure)  608432K->288240K(1035264K), 0.0081145 secs]
158.865: Total time for which application threads were stopped: 0.0082752 seconds, Stopping threads took: 0.0000261 seconds
158.934: [GC (Allocation Failure)  610800K->294002K(1035264K), 0.0044859 secs]
158.939: Total time for which application threads were stopped: 0.0046660 seconds, Stopping threads took: 0.0000197 seconds
159.009: [GC (Allocation Failure)  616562K->293906K(1035264K), 0.0039611 secs]
159.013: Total time for which application threads were stopped: 0.0041294 seconds, Stopping threads took: 0.0000196 seconds
159.079: [GC (Allocation Failure)  616466K->288432K(1035264K), 0.0021493 secs]
159.081: Total time for which application threads were stopped: 0.0022979 seconds, Stopping threads took: 0.0000187 seconds
159.149: [GC (Allocation Failure)  610992K->293938K(1035264K), 0.0043213 secs]
159.154: Total time for which application threads were stopped: 0.0044853 seconds, Stopping threads took: 0.0000201 seconds
159.221: [GC (Allocation Failure)  616498K->293874K(1035264K), 0.0042253 secs]
159.226: Total time for which application threads were stopped: 0.0043978 seconds, Stopping threads took: 0.0000210 seconds
159.293: [GC (Allocation Failure)  616434K->292752K(1035264K), 0.0039633 secs]
159.298: Total time for which application threads were stopped: 0.0041571 seconds, Stopping threads took: 0.0000200 seconds
159.365: [GC (Allocation Failure)  615312K->293906K(1035776K), 0.0044706 secs]
159.370: Total time for which application threads were stopped: 0.0046322 seconds, Stopping threads took: 0.0000189 seconds
159.437: [GC (Allocation Failure)  617490K->293906K(1035776K), 0.0040759 secs]
159.441: Total time for which application threads were stopped: 0.0042668 seconds, Stopping threads took: 0.0000204 seconds
159.511: [GC (Allocation Failure)  617490K->299040K(1032704K), 0.0064243 secs]
159.518: Total time for which application threads were stopped: 0.0065847 seconds, Stopping threads took: 0.0000265 seconds
159.585: [GC (Allocation Failure)  619552K->294530K(1034240K), 0.0042531 secs]
159.590: Total time for which application threads were stopped: 0.0044535 seconds, Stopping threads took: 0.0000205 seconds
159.659: [GC (Allocation Failure)  615042K->294338K(1035264K), 0.0041902 secs]
159.664: Total time for which application threads were stopped: 0.0043415 seconds, Stopping threads took: 0.0000178 seconds
159.731: [GC (Allocation Failure)  616386K->299232K(1034752K), 0.0061999 secs]
159.738: Total time for which application threads were stopped: 0.0063712 seconds, Stopping threads took: 0.0000195 seconds
159.807: [GC (Allocation Failure)  621280K->294466K(1033728K), 0.0042531 secs]
159.811: Total time for which application threads were stopped: 0.0044195 seconds, Stopping threads took: 0.0000205 seconds
159.879: [GC (Allocation Failure)  614978K->294306K(1034240K), 0.0040976 secs]
159.884: Total time for which application threads were stopped: 0.0042590 seconds, Stopping threads took: 0.0000202 seconds
159.952: [GC (Allocation Failure)  614818K->298912K(1032704K), 0.0059333 secs]
159.958: Total time for which application threads were stopped: 0.0060920 seconds, Stopping threads took: 0.0000282 seconds
160.027: [GC (Allocation Failure)  618400K->294434K(1033728K), 0.0042144 secs]
160.032: Total time for which application threads were stopped: 0.0043753 seconds, Stopping threads took: 0.0000264 seconds
160.099: [GC (Allocation Failure)  613922K->294306K(1034752K), 0.0043435 secs]
160.104: Total time for which application threads were stopped: 0.0045178 seconds, Stopping threads took: 0.0000205 seconds
160.172: [GC (Allocation Failure)  615330K->295520K(1034240K), 0.0046467 secs]
160.176: Total time for which application threads were stopped: 0.0048215 seconds, Stopping threads took: 0.0000269 seconds
160.244: [GC (Allocation Failure)  616544K->294434K(1035264K), 0.0040989 secs]
160.248: Total time for which application threads were stopped: 0.0042753 seconds, Stopping threads took: 0.0000198 seconds
160.316: [GC (Allocation Failure)  616482K->294338K(1034752K), 0.0044770 secs]
160.320: Total time for which application threads were stopped: 0.0046445 seconds, Stopping threads took: 0.0000197 seconds
160.387: [GC (Allocation Failure)  616386K->297248K(1034752K), 0.0052687 secs]
160.393: Total time for which application threads were stopped: 0.0054314 seconds, Stopping threads took: 0.0000193 seconds
160.460: [GC (Allocation Failure)  619808K->294338K(1035264K), 0.0043928 secs]
160.464: Total time for which application threads were stopped: 0.0045660 seconds, Stopping threads took: 0.0000203 seconds
160.533: [GC (Allocation Failure)  616898K->294306K(1035776K), 0.0042861 secs]
160.538: Total time for which application threads were stopped: 0.0044836 seconds, Stopping threads took: 0.0000270 seconds
160.605: [GC (Allocation Failure)  617378K->302024K(1035264K), 0.0077396 secs]
160.613: Total time for which application threads were stopped: 0.0078971 seconds, Stopping threads took: 0.0000193 seconds
160.682: [GC (Allocation Failure)  625096K->297514K(1032192K), 0.0049617 secs]
160.687: Total time for which application threads were stopped: 0.0051557 seconds, Stopping threads took: 0.0000244 seconds
160.754: [GC (Allocation Failure)  617002K->297322K(1033728K), 0.0042108 secs]
160.758: Total time for which application threads were stopped: 0.0043660 seconds, Stopping threads took: 0.0000194 seconds
160.825: [GC (Allocation Failure)  616810K->303664K(1031168K), 0.0069220 secs]
160.832: Total time for which application threads were stopped: 0.0071054 seconds, Stopping threads took: 0.0000196 seconds
160.900: [GC (Allocation Failure)  621104K->297594K(1032704K), 0.0041670 secs]
160.905: Total time for which application threads were stopped: 0.0043411 seconds, Stopping threads took: 0.0000199 seconds
160.972: [GC (Allocation Failure)  615034K->297466K(1033216K), 0.0043835 secs]
160.976: Total time for which application threads were stopped: 0.0045767 seconds, Stopping threads took: 0.0000203 seconds
161.044: [GC (Allocation Failure)  615930K->293784K(1033216K), 0.0027936 secs]
161.047: Total time for which application threads were stopped: 0.0029584 seconds, Stopping threads took: 0.0000253 seconds
161.115: [GC (Allocation Failure)  612248K->297530K(1033728K), 0.0042611 secs]
161.119: Total time for which application threads were stopped: 0.0044387 seconds, Stopping threads took: 0.0000254 seconds
161.188: [GC (Allocation Failure)  616506K->297434K(1033216K), 0.0041952 secs]
161.192: Total time for which application threads were stopped: 0.0043535 seconds, Stopping threads took: 0.0000193 seconds
161.260: [GC (Allocation Failure)  616410K->298970K(1032192K), 0.0043043 secs]
161.265: Total time for which application threads were stopped: 0.0044653 seconds, Stopping threads took: 0.0000198 seconds
161.333: [GC (Allocation Failure)  617434K->305532K(1033216K), 0.0043702 secs]
161.337: Total time for which application threads were stopped: 0.0045375 seconds, Stopping threads took: 0.0000192 seconds
161.403: [GC (Allocation Failure)  623996K->305468K(1034752K), 0.0041186 secs]
161.407: Total time for which application threads were stopped: 0.0042777 seconds, Stopping threads took: 0.0000191 seconds
161.474: [GC (Allocation Failure)  626492K->305660K(1020928K), 0.0050812 secs]
161.479: Total time for which application threads were stopped: 0.0052641 seconds, Stopping threads took: 0.0000195 seconds
161.549: [GC (Allocation Failure)  626684K->313503K(1034240K), 0.0064703 secs]
161.555: Total time for which application threads were stopped: 0.0066722 seconds, Stopping threads took: 0.0000276 seconds
161.624: [GC (Allocation Failure)  633503K->313503K(1033728K), 0.0042064 secs]
161.628: Total time for which application threads were stopped: 0.0043652 seconds, Stopping threads took: 0.0000176 seconds
161.694: [GC (Allocation Failure)  633503K->315463K(1033728K), 0.0045266 secs]
161.698: Total time for which application threads were stopped: 0.0046854 seconds, Stopping threads took: 0.0000200 seconds
161.767: [GC (Allocation Failure)  635975K->321577K(1034240K), 0.0044800 secs]
161.771: Total time for which application threads were stopped: 0.0046313 seconds, Stopping threads took: 0.0000176 seconds
161.839: [GC (Allocation Failure)  642089K->321577K(1034752K), 0.0090875 secs]
161.848: Total time for which application threads were stopped: 0.0092846 seconds, Stopping threads took: 0.0000199 seconds
161.915: [GC (Allocation Failure)  643113K->322665K(1034752K), 0.0044324 secs]
161.919: Total time for which application threads were stopped: 0.0046103 seconds, Stopping threads took: 0.0000253 seconds
161.987: [GC (Allocation Failure)  644201K->329611K(1034752K), 0.0042614 secs]
161.992: Total time for which application threads were stopped: 0.0045447 seconds, Stopping threads took: 0.0000282 seconds
162.059: [GC (Allocation Failure)  651147K->329611K(1034752K), 0.0041674 secs]
162.064: Total time for which application threads were stopped: 0.0043339 seconds, Stopping threads took: 0.0000202 seconds
162.129: [GC (Allocation Failure)  651147K->331915K(1034752K), 0.0049166 secs]
162.134: Total time for which application threads were stopped: 0.0050793 seconds, Stopping threads took: 0.0000202 seconds
162.202: [GC (Allocation Failure)  653451K->337678K(1034752K), 0.0043283 secs]
162.206: Total time for which application threads were stopped: 0.0044952 seconds, Stopping threads took: 0.0000198 seconds
162.273: [GC (Allocation Failure)  659214K->337614K(1034752K), 0.0043864 secs]
162.277: Total time for which application threads were stopped: 0.0045620 seconds, Stopping threads took: 0.0000220 seconds
162.342: [GC (Allocation Failure)  659150K->341222K(1034752K), 0.0049999 secs]
162.348: Total time for which application threads were stopped: 0.0051960 seconds, Stopping threads took: 0.0000204 seconds
162.417: [GC (Allocation Failure)  662758K->345672K(1035264K), 0.0043320 secs]
162.422: Total time for which application threads were stopped: 0.0044909 seconds, Stopping threads took: 0.0000177 seconds
162.490: [GC (Allocation Failure)  668232K->345672K(1035264K), 0.0042434 secs]
162.494: Total time for which application threads were stopped: 0.0044095 seconds, Stopping threads took: 0.0000198 seconds
162.562: [GC (Allocation Failure)  668232K->348392K(1035264K), 0.0048334 secs]
162.567: Total time for which application threads were stopped: 0.0050124 seconds, Stopping threads took: 0.0000274 seconds
162.636: [GC (Allocation Failure)  670952K->353674K(1035264K), 0.0043957 secs]
162.641: Total time for which application threads were stopped: 0.0045879 seconds, Stopping threads took: 0.0000195 seconds
162.709: [GC (Allocation Failure)  676234K->353706K(1035264K), 0.0044483 secs]
162.714: Total time for which application threads were stopped: 0.0046176 seconds, Stopping threads took: 0.0000195 seconds
162.781: [GC (Allocation Failure)  676266K->356642K(1035264K), 0.0049943 secs]
162.786: Total time for which application threads were stopped: 0.0051642 seconds, Stopping threads took: 0.0000195 seconds
162.854: [GC (Allocation Failure)  679202K->361892K(1035264K), 0.0064802 secs]
162.861: Total time for which application threads were stopped: 0.0067114 seconds, Stopping threads took: 0.0000432 seconds
162.931: [GC (Allocation Failure)  684452K->361700K(1035264K), 0.0044919 secs]
162.935: Total time for which application threads were stopped: 0.0046509 seconds, Stopping threads took: 0.0000173 seconds
163.002: [GC (Allocation Failure)  684260K->356802K(1035264K), 0.0025673 secs]
163.005: Total time for which application threads were stopped: 0.0027546 seconds, Stopping threads took: 0.0000273 seconds
163.076: [GC (Allocation Failure)  679362K->361828K(1035264K), 0.0045272 secs]
163.080: Total time for which application threads were stopped: 0.0046885 seconds, Stopping threads took: 0.0000198 seconds
163.147: [GC (Allocation Failure)  684388K->361732K(1035264K), 0.0044731 secs]
163.151: Total time for which application threads were stopped: 0.0046383 seconds, Stopping threads took: 0.0000206 seconds
163.219: [GC (Allocation Failure)  684292K->361122K(1035264K), 0.0042654 secs]
163.223: Total time for which application threads were stopped: 0.0044440 seconds, Stopping threads took: 0.0000208 seconds
163.289: [GC (Allocation Failure)  683682K->361796K(1035776K), 0.0045179 secs]
163.294: Total time for which application threads were stopped: 0.0046919 seconds, Stopping threads took: 0.0000191 seconds
163.363: [GC (Allocation Failure)  685380K->361700K(1035776K), 0.0044474 secs]
163.368: Total time for which application threads were stopped: 0.0045850 seconds, Stopping threads took: 0.0000174 seconds
163.437: [GC (Allocation Failure)  685284K->367434K(1031680K), 0.0068629 secs]
163.444: Total time for which application threads were stopped: 0.0070283 seconds, Stopping threads took: 0.0000262 seconds
163.511: [GC (Allocation Failure)  686922K->362732K(1033728K), 0.0044679 secs]
163.516: Total time for which application threads were stopped: 0.0046450 seconds, Stopping threads took: 0.0000278 seconds
163.583: [GC (Allocation Failure)  682220K->362668K(1034752K), 0.0043332 secs]
163.587: Total time for which application threads were stopped: 0.0045264 seconds, Stopping threads took: 0.0000202 seconds
163.656: [GC (Allocation Failure)  683692K->365130K(1034240K), 0.0052062 secs]
163.661: Total time for which application threads were stopped: 0.0053681 seconds, Stopping threads took: 0.0000164 seconds
163.731: [GC (Allocation Failure)  686154K->362956K(1034752K), 0.0045271 secs]
163.736: Total time for which application threads were stopped: 0.0046825 seconds, Stopping threads took: 0.0000172 seconds
163.806: [GC (Allocation Failure)  683980K->362700K(1034240K), 0.0043029 secs]
163.810: Total time for which application threads were stopped: 0.0044526 seconds, Stopping threads took: 0.0000172 seconds
163.877: [GC (Allocation Failure)  683724K->364778K(1035264K), 0.0054185 secs]
163.882: Total time for which application threads were stopped: 0.0056075 seconds, Stopping threads took: 0.0000189 seconds
163.951: [GC (Allocation Failure)  687338K->362860K(1035264K), 0.0042958 secs]
163.955: Total time for which application threads were stopped: 0.0044648 seconds, Stopping threads took: 0.0000272 seconds
164.024: [GC (Allocation Failure)  685420K->362700K(1036288K), 0.0042123 secs]
164.028: Total time for which application threads were stopped: 0.0043907 seconds, Stopping threads took: 0.0000272 seconds
164.096: [GC (Allocation Failure)  686796K->370570K(1035776K), 0.0079762 secs]
164.105: Total time for which application threads were stopped: 0.0081607 seconds, Stopping threads took: 0.0000254 seconds
164.174: [GC (Allocation Failure)  694666K->366444K(1032704K), 0.0052348 secs]
164.179: Total time for which application threads were stopped: 0.0054065 seconds, Stopping threads took: 0.0000200 seconds
164.246: [GC (Allocation Failure)  686956K->366380K(1034240K), 0.0044246 secs]
164.251: Total time for which application threads were stopped: 0.0046076 seconds, Stopping threads took: 0.0000389 seconds
164.318: [GC (Allocation Failure)  686892K->359594K(1033216K), 0.0018372 secs]
164.320: Total time for which application threads were stopped: 0.0019953 seconds, Stopping threads took: 0.0000382 seconds
164.388: [GC (Allocation Failure)  679082K->366460K(1033728K), 0.0042671 secs]
164.392: Total time for which application threads were stopped: 0.0044451 seconds, Stopping threads took: 0.0000244 seconds
164.460: [GC (Allocation Failure)  685948K->370516K(1034752K), 0.0051236 secs]
164.465: Total time for which application threads were stopped: 0.0053198 seconds, Stopping threads took: 0.0000205 seconds
164.534: [GC (Allocation Failure)  691540K->376690K(1034240K), 0.0069785 secs]
164.541: Total time for which application threads were stopped: 0.0071439 seconds, Stopping threads took: 0.0000193 seconds
164.611: [GC (Allocation Failure)  697714K->370964K(1033216K), 0.0045030 secs]
164.615: Total time for which application threads were stopped: 0.0046643 seconds, Stopping threads took: 0.0000173 seconds
164.681: [GC (Allocation Failure)  690452K->370932K(1033728K), 0.0043951 secs]
164.685: Total time for which application threads were stopped: 0.0045617 seconds, Stopping threads took: 0.0000208 seconds
164.752: [GC (Allocation Failure)  690420K->373810K(1033216K), 0.0054614 secs]
164.757: Total time for which application threads were stopped: 0.0056427 seconds, Stopping threads took: 0.0000202 seconds
164.827: [GC (Allocation Failure)  693298K->371156K(1033728K), 0.0044994 secs]
164.831: Total time for which application threads were stopped: 0.0046702 seconds, Stopping threads took: 0.0000202 seconds
164.899: [GC (Allocation Failure)  690644K->370932K(1034752K), 0.0045054 secs]
164.903: Total time for which application threads were stopped: 0.0046743 seconds, Stopping threads took: 0.0000199 seconds
164.972: [GC (Allocation Failure)  691956K->370418K(1034240K), 0.0040683 secs]
164.976: Total time for which application threads were stopped: 0.0042568 seconds, Stopping threads took: 0.0000188 seconds
165.044: [GC (Allocation Failure)  691442K->371060K(1035264K), 0.0044355 secs]
165.049: Total time for which application threads were stopped: 0.0046348 seconds, Stopping threads took: 0.0000261 seconds
165.118: [GC (Allocation Failure)  693108K->370964K(1034752K), 0.0043370 secs]
165.122: Total time for which application threads were stopped: 0.0044943 seconds, Stopping threads took: 0.0000178 seconds
165.189: [GC (Allocation Failure)  693012K->372178K(1035776K), 0.0047686 secs]
165.194: Total time for which application threads were stopped: 0.0049258 seconds, Stopping threads took: 0.0000188 seconds
165.262: [GC (Allocation Failure)  695762K->371060K(1035776K), 0.0044833 secs]
165.267: Total time for which application threads were stopped: 0.0046477 seconds, Stopping threads took: 0.0000194 seconds
165.335: [GC (Allocation Failure)  694644K->370900K(1036288K), 0.0043845 secs]
165.339: Total time for which application threads were stopped: 0.0045635 seconds, Stopping threads took: 0.0000201 seconds
165.409: [GC (Allocation Failure)  695508K->364146K(1025536K), 0.0016961 secs]
165.410: Total time for which application threads were stopped: 0.0018514 seconds, Stopping threads took: 0.0000200 seconds
165.481: [GC (Allocation Failure)  688754K->370996K(1035776K), 0.0059807 secs]
165.487: Total time for which application threads were stopped: 0.0061600 seconds, Stopping threads took: 0.0000209 seconds
165.558: [GC (Allocation Failure)  694580K->375044K(1035776K), 0.0052622 secs]
165.563: Total time for which application threads were stopped: 0.0054302 seconds, Stopping threads took: 0.0000197 seconds
165.633: [GC (Allocation Failure)  698628K->375044K(1036800K), 0.0044598 secs]
165.637: Total time for which application threads were stopped: 0.0046217 seconds, Stopping threads took: 0.0000256 seconds
165.705: [GC (Allocation Failure)  700164K->375620K(1025536K), 0.0046857 secs]
165.710: Total time for which application threads were stopped: 0.0048515 seconds, Stopping threads took: 0.0000209 seconds
165.779: [GC (Allocation Failure)  700740K->383111K(1035776K), 0.0043973 secs]
165.783: Total time for which application threads were stopped: 0.0046035 seconds, Stopping threads took: 0.0000202 seconds
165.854: [GC (Allocation Failure)  706695K->383079K(1035776K), 0.0063184 secs]
165.861: Total time for which application threads were stopped: 0.0065481 seconds, Stopping threads took: 0.0000419 seconds
165.929: [GC (Allocation Failure)  706663K->383359K(1034240K), 0.0043819 secs]
165.934: Total time for which application threads were stopped: 0.0045581 seconds, Stopping threads took: 0.0000196 seconds
166.002: [GC (Allocation Failure)  705919K->391137K(1035264K), 0.0044810 secs]
166.007: Total time for which application threads were stopped: 0.0046681 seconds, Stopping threads took: 0.0000203 seconds
166.076: [GC (Allocation Failure)  713697K->391137K(1035776K), 0.0044070 secs]
166.080: Total time for which application threads were stopped: 0.0045740 seconds, Stopping threads took: 0.0000252 seconds
166.148: [GC (Allocation Failure)  714209K->391209K(1035264K), 0.0043562 secs]
166.152: Total time for which application threads were stopped: 0.0045287 seconds, Stopping threads took: 0.0000206 seconds
166.219: [GC (Allocation Failure)  714281K->399147K(1035264K), 0.0045016 secs]
166.223: Total time for which application threads were stopped: 0.0046653 seconds, Stopping threads took: 0.0000204 seconds
166.291: [GC (Allocation Failure)  721707K->399211K(1035264K), 0.0044201 secs]
166.296: Total time for which application threads were stopped: 0.0046078 seconds, Stopping threads took: 0.0000247 seconds
166.362: [GC (Allocation Failure)  721771K->399315K(1034240K), 0.0044383 secs]
166.367: Total time for which application threads were stopped: 0.0046197 seconds, Stopping threads took: 0.0000292 seconds
166.435: [GC (Allocation Failure)  720851K->407221K(1034752K), 0.0044478 secs]
166.440: Total time for which application threads were stopped: 0.0046425 seconds, Stopping threads took: 0.0000201 seconds
166.507: [GC (Allocation Failure)  728757K->407221K(1034752K), 0.0045096 secs]
166.512: Total time for which application threads were stopped: 0.0046680 seconds, Stopping threads took: 0.0000171 seconds
166.577: [GC (Allocation Failure)  728757K->407285K(1021440K), 0.0063432 secs]
166.584: Total time for which application threads were stopped: 0.0065035 seconds, Stopping threads took: 0.0000200 seconds
166.652: [GC (Allocation Failure)  728821K->415288K(1034240K), 0.0045950 secs]
166.657: Total time for which application threads were stopped: 0.0047628 seconds, Stopping threads took: 0.0000211 seconds
166.725: [GC (Allocation Failure)  735800K->415288K(1034240K), 0.0045759 secs]
166.729: Total time for which application threads were stopped: 0.0047418 seconds, Stopping threads took: 0.0000208 seconds
166.797: [GC (Allocation Failure)  735800K->415320K(1034240K), 0.0043244 secs]
166.801: Total time for which application threads were stopped: 0.0044878 seconds, Stopping threads took: 0.0000207 seconds
166.870: [GC (Allocation Failure)  735832K->423290K(1034240K), 0.0075698 secs]
166.878: Total time for which application threads were stopped: 0.0077387 seconds, Stopping threads took: 0.0000181 seconds
166.946: [GC (Allocation Failure)  743802K->423290K(1034240K), 0.0042613 secs]
166.951: Total time for which application threads were stopped: 0.0044504 seconds, Stopping threads took: 0.0000225 seconds
167.020: [GC (Allocation Failure)  743802K->423514K(1020416K), 0.0044353 secs]
167.025: Total time for which application threads were stopped: 0.0046065 seconds, Stopping threads took: 0.0000281 seconds
167.092: [GC (Allocation Failure)  744026K->431324K(1033728K), 0.0051956 secs]
167.098: Total time for which application threads were stopped: 0.0053534 seconds, Stopping threads took: 0.0000194 seconds
167.164: [GC (Allocation Failure)  750812K->431324K(1033728K), 0.0047028 secs]
167.169: Total time for which application threads were stopped: 0.0048774 seconds, Stopping threads took: 0.0000227 seconds
167.235: [GC (Allocation Failure)  750812K->431780K(1033728K), 0.0046507 secs]
167.240: Total time for which application threads were stopped: 0.0048221 seconds, Stopping threads took: 0.0000205 seconds
167.306: [GC (Allocation Failure)  751268K->439398K(1033728K), 0.0044167 secs]
167.311: Total time for which application threads were stopped: 0.0046101 seconds, Stopping threads took: 0.0000197 seconds
167.378: [GC (Allocation Failure)  758886K->439366K(1033728K), 0.0046801 secs]
167.382: Total time for which application threads were stopped: 0.0048910 seconds, Stopping threads took: 0.0000197 seconds
167.448: [GC (Allocation Failure)  758854K->439462K(1033728K), 0.0052547 secs]
167.454: Total time for which application threads were stopped: 0.0054136 seconds, Stopping threads took: 0.0000196 seconds
167.521: [GC (Allocation Failure)  758950K->447433K(1032704K), 0.0061132 secs]
167.527: Total time for which application threads were stopped: 0.0062889 seconds, Stopping threads took: 0.0000262 seconds
167.595: [GC (Allocation Failure)  765897K->447401K(1033216K), 0.0045162 secs]
167.599: Total time for which application threads were stopped: 0.0046748 seconds, Stopping threads took: 0.0000196 seconds
167.664: [GC (Allocation Failure)  765865K->447425K(1032704K), 0.0061839 secs]
167.670: Total time for which application threads were stopped: 0.0063561 seconds, Stopping threads took: 0.0000198 seconds
167.736: [GC (Allocation Failure)  765889K->455427K(1033216K), 0.0046702 secs]
167.741: Total time for which application threads were stopped: 0.0048311 seconds, Stopping threads took: 0.0000198 seconds
167.809: [GC (Allocation Failure)  773891K->455427K(1033216K), 0.0045452 secs]
167.813: Total time for which application threads were stopped: 0.0047188 seconds, Stopping threads took: 0.0000211 seconds
167.879: [GC (Allocation Failure)  773891K->455691K(1033216K), 0.0046453 secs]
167.884: Total time for which application threads were stopped: 0.0048156 seconds, Stopping threads took: 0.0000192 seconds
167.953: [GC (Allocation Failure)  774155K->463469K(1033216K), 0.0046841 secs]
167.957: Total time for which application threads were stopped: 0.0048523 seconds, Stopping threads took: 0.0000194 seconds
168.022: [GC (Allocation Failure)  781933K->457067K(1033216K), 0.0020494 secs]
168.024: Total time for which application threads were stopped: 0.0022043 seconds, Stopping threads took: 0.0000266 seconds
168.094: [GC (Allocation Failure)  775531K->463661K(1033728K), 0.0045281 secs]
168.098: Total time for which application threads were stopped: 0.0047018 seconds, Stopping threads took: 0.0000184 seconds
168.168: [GC (Allocation Failure)  783149K->467613K(1033728K), 0.0054059 secs]
168.173: Total time for which application threads were stopped: 0.0055817 seconds, Stopping threads took: 0.0000227 seconds
168.240: [GC (Allocation Failure)  787101K->471643K(1030656K), 0.0062523 secs]
168.246: Total time for which application threads were stopped: 0.0064128 seconds, Stopping threads took: 0.0000193 seconds
168.311: [GC (Allocation Failure)  788059K->467709K(1032192K), 0.0046570 secs]
168.316: Total time for which application threads were stopped: 0.0048275 seconds, Stopping threads took: 0.0000198 seconds
168.382: [GC (Allocation Failure)  784125K->467613K(1032704K), 0.0046415 secs]
168.386: Total time for which application threads were stopped: 0.0048323 seconds, Stopping threads took: 0.0000202 seconds
168.452: [GC (Allocation Failure)  785053K->470677K(1032704K), 0.0064018 secs]
168.458: Total time for which application threads were stopped: 0.0065716 seconds, Stopping threads took: 0.0000192 seconds
168.525: [GC (Allocation Failure)  788117K->475703K(1033216K), 0.0044460 secs]
168.529: Total time for which application threads were stopped: 0.0046146 seconds, Stopping threads took: 0.0000263 seconds
168.595: [GC (Allocation Failure)  794167K->475671K(1033216K), 0.0044848 secs]
168.599: Total time for which application threads were stopped: 0.0046555 seconds, Stopping threads took: 0.0000194 seconds
168.665: [GC (Allocation Failure)  794135K->477871K(1033728K), 0.0049130 secs]
168.670: Total time for which application threads were stopped: 0.0050757 seconds, Stopping threads took: 0.0000200 seconds
168.739: [GC (Allocation Failure)  797359K->483666K(1033728K), 0.0046388 secs]
168.744: Total time for which application threads were stopped: 0.0048190 seconds, Stopping threads took: 0.0000198 seconds
168.811: [GC (Allocation Failure)  803154K->483666K(1034240K), 0.0044867 secs]
168.816: Total time for which application threads were stopped: 0.0046493 seconds, Stopping threads took: 0.0000198 seconds
168.884: [GC (Allocation Failure)  803666K->485610K(1033728K), 0.0046475 secs]
168.889: Total time for which application threads were stopped: 0.0048428 seconds, Stopping threads took: 0.0000201 seconds
168.958: [GC (Allocation Failure)  805610K->491692K(1034240K), 0.0046617 secs]
168.962: Total time for which application threads were stopped: 0.0048532 seconds, Stopping threads took: 0.0000200 seconds
169.031: [GC (Allocation Failure)  812204K->491692K(1034240K), 0.0044396 secs]
169.035: Total time for which application threads were stopped: 0.0046059 seconds, Stopping threads took: 0.0000262 seconds
169.102: [GC (Allocation Failure)  812204K->495372K(1034752K), 0.0053401 secs]
169.108: Total time for which application threads were stopped: 0.0055041 seconds, Stopping threads took: 0.0000198 seconds
169.174: [GC (Allocation Failure)  816396K->499758K(1034240K), 0.0046914 secs]
169.179: Total time for which application threads were stopped: 0.0048785 seconds, Stopping threads took: 0.0000363 seconds
169.246: [GC (Allocation Failure)  820782K->499694K(1034752K), 0.0045595 secs]
169.251: Total time for which application threads were stopped: 0.0047346 seconds, Stopping threads took: 0.0000195 seconds
169.318: [GC (Allocation Failure)  821230K->503590K(1034752K), 0.0054293 secs]
169.323: Total time for which application threads were stopped: 0.0055901 seconds, Stopping threads took: 0.0000202 seconds
169.391: [GC (Allocation Failure)  825126K->507849K(1034752K), 0.0047860 secs]
169.396: Total time for which application threads were stopped: 0.0049546 seconds, Stopping threads took: 0.0000196 seconds
169.463: [GC (Allocation Failure)  829385K->507785K(1034752K), 0.0046693 secs]
169.468: Total time for which application threads were stopped: 0.0048595 seconds, Stopping threads took: 0.0000195 seconds
169.534: [GC (Allocation Failure)  829321K->508777K(1034240K), 0.0046555 secs]
169.539: Total time for which application threads were stopped: 0.0048064 seconds, Stopping threads took: 0.0000251 seconds
169.607: [GC (Allocation Failure)  830313K->515819K(1034752K), 0.0047818 secs]
169.612: Total time for which application threads were stopped: 0.0049784 seconds, Stopping threads took: 0.0000248 seconds
169.679: [GC (Allocation Failure)  837355K->515787K(1034752K), 0.0048227 secs]
169.684: Total time for which application threads were stopped: 0.0049926 seconds, Stopping threads took: 0.0000207 seconds
169.751: [GC (Allocation Failure)  837323K->518027K(1034752K), 0.0048886 secs]
169.756: Total time for which application threads were stopped: 0.0050482 seconds, Stopping threads took: 0.0000169 seconds
169.822: [GC (Allocation Failure)  839563K->523853K(1034752K), 0.0048235 secs]
169.827: Total time for which application threads were stopped: 0.0050139 seconds, Stopping threads took: 0.0000377 seconds
169.895: [GC (Allocation Failure)  845389K->523821K(1034752K), 0.0046580 secs]
169.899: Total time for which application threads were stopped: 0.0048089 seconds, Stopping threads took: 0.0000174 seconds
169.965: [GC (Allocation Failure)  845357K->527301K(1035264K), 0.0056504 secs]
169.970: Total time for which application threads were stopped: 0.0058467 seconds, Stopping threads took: 0.0000199 seconds
170.040: [GC (Allocation Failure)  849349K->531911K(1034752K), 0.0045684 secs]
170.044: Total time for which application threads were stopped: 0.0047489 seconds, Stopping threads took: 0.0000261 seconds
170.114: [GC (Allocation Failure)  853959K->531815K(1035264K), 0.0048668 secs]
170.119: Total time for which application threads were stopped: 0.0050367 seconds, Stopping threads took: 0.0000199 seconds
170.185: [GC (Allocation Failure)  854375K->534471K(1035264K), 0.0050719 secs]
170.190: Total time for which application threads were stopped: 0.0052651 seconds, Stopping threads took: 0.0000195 seconds
170.259: [GC (Allocation Failure)  857031K->540042K(1035264K), 0.0048407 secs]
170.264: Total time for which application threads were stopped: 0.0050418 seconds, Stopping threads took: 0.0000203 seconds
170.334: [GC (Allocation Failure)  862602K->539882K(1035264K), 0.0046207 secs]
170.339: Total time for which application threads were stopped: 0.0048140 seconds, Stopping threads took: 0.0000202 seconds
170.407: [GC (Allocation Failure)  862442K->542730K(1035264K), 0.0052327 secs]
170.412: Total time for which application threads were stopped: 0.0053928 seconds, Stopping threads took: 0.0000165 seconds
170.482: [GC (Allocation Failure)  865290K->547980K(1035264K), 0.0048462 secs]
170.487: Total time for which application threads were stopped: 0.0050288 seconds, Stopping threads took: 0.0000203 seconds
170.555: [GC (Allocation Failure)  870540K->547916K(1035264K), 0.0045189 secs]
170.559: Total time for which application threads were stopped: 0.0046872 seconds, Stopping threads took: 0.0000282 seconds
170.626: [GC (Allocation Failure)  870476K->550980K(1035264K), 0.0065551 secs]
170.633: Total time for which application threads were stopped: 0.0067546 seconds, Stopping threads took: 0.0000196 seconds
170.702: [GC (Allocation Failure)  873540K->555974K(1035264K), 0.0048237 secs]
170.707: Total time for which application threads were stopped: 0.0050071 seconds, Stopping threads took: 0.0000174 seconds
170.777: [GC (Allocation Failure)  878534K->555942K(1035264K), 0.0045598 secs]
170.782: Total time for which application threads were stopped: 0.0047412 seconds, Stopping threads took: 0.0000170 seconds
170.851: [GC (Allocation Failure)  878502K->551140K(1035264K), 0.0037450 secs]
170.855: Total time for which application threads were stopped: 0.0039593 seconds, Stopping threads took: 0.0000268 seconds
170.923: [GC (Allocation Failure)  873700K->556166K(1035264K), 0.0048209 secs]
170.928: Total time for which application threads were stopped: 0.0049708 seconds, Stopping threads took: 0.0000170 seconds
170.996: [GC (Allocation Failure)  878726K->555974K(1035264K), 0.0047015 secs]
171.001: Total time for which application threads were stopped: 0.0048698 seconds, Stopping threads took: 0.0000200 seconds
171.068: [GC (Allocation Failure)  878534K->555460K(1035264K), 0.0046947 secs]
171.073: Total time for which application threads were stopped: 0.0048881 seconds, Stopping threads took: 0.0000191 seconds
171.142: [GC (Allocation Failure)  878020K->556102K(1035776K), 0.0044698 secs]
171.146: Total time for which application threads were stopped: 0.0046314 seconds, Stopping threads took: 0.0000177 seconds
171.216: [GC (Allocation Failure)  879686K->555942K(1035776K), 0.0047629 secs]
171.221: Total time for which application threads were stopped: 0.0049635 seconds, Stopping threads took: 0.0000200 seconds
171.287: [GC (Allocation Failure)  879526K->561756K(1031680K), 0.0073475 secs]
171.295: Total time for which application threads were stopped: 0.0075343 seconds, Stopping threads took: 0.0000271 seconds
171.362: [GC (Allocation Failure)  881244K->557118K(1033728K), 0.0050069 secs]
171.367: Total time for which application threads were stopped: 0.0051682 seconds, Stopping threads took: 0.0000197 seconds
171.434: [GC (Allocation Failure)  876606K->557054K(1034752K), 0.0047067 secs]
171.438: Total time for which application threads were stopped: 0.0048639 seconds, Stopping threads took: 0.0000195 seconds
171.507: [GC (Allocation Failure)  878078K->559484K(1034240K), 0.0070502 secs]
171.514: Total time for which application threads were stopped: 0.0072218 seconds, Stopping threads took: 0.0000196 seconds
171.582: [GC (Allocation Failure)  880508K->557054K(1034752K), 0.0046015 secs]
171.587: Total time for which application threads were stopped: 0.0047759 seconds, Stopping threads took: 0.0000278 seconds
171.654: [GC (Allocation Failure)  878078K->557022K(1034240K), 0.0048722 secs]
171.659: Total time for which application threads were stopped: 0.0050498 seconds, Stopping threads took: 0.0000202 seconds
171.727: [GC (Allocation Failure)  878046K->559164K(1035264K), 0.0057110 secs]
171.732: Total time for which application threads were stopped: 0.0058749 seconds, Stopping threads took: 0.0000198 seconds
171.800: [GC (Allocation Failure)  881724K->557054K(1035264K), 0.0045878 secs]
171.805: Total time for which application threads were stopped: 0.0047700 seconds, Stopping threads took: 0.0000207 seconds
171.874: [GC (Allocation Failure)  879614K->557022K(1035776K), 0.0053667 secs]
171.879: Total time for which application threads were stopped: 0.0055260 seconds, Stopping threads took: 0.0000202 seconds
171.945: [GC (Allocation Failure)  880606K->564468K(1035776K), 0.0084741 secs]
171.954: Total time for which application threads were stopped: 0.0086449 seconds, Stopping threads took: 0.0000199 seconds
172.023: [GC (Allocation Failure)  888052K->559926K(1032704K), 0.0045720 secs]
172.028: Total time for which application threads were stopped: 0.0047493 seconds, Stopping threads took: 0.0000256 seconds
172.096: [GC (Allocation Failure)  880438K->559766K(1034240K), 0.0046655 secs]
172.100: Total time for which application threads were stopped: 0.0048307 seconds, Stopping threads took: 0.0000207 seconds
172.168: [GC (Allocation Failure)  880278K->552020K(1032704K), 0.0018082 secs]
172.169: Total time for which application threads were stopped: 0.0019421 seconds, Stopping threads took: 0.0000203 seconds
172.236: [GC (Allocation Failure)  871508K->559918K(1033728K), 0.0047767 secs]
172.241: Total time for which application threads were stopped: 0.0049503 seconds, Stopping threads took: 0.0000209 seconds
172.308: [GC (Allocation Failure)  879406K->563878K(1034752K), 0.0060023 secs]
172.314: Total time for which application threads were stopped: 0.0062050 seconds, Stopping threads took: 0.0000253 seconds
172.381: [GC (Allocation Failure)  884902K->569220K(1034240K), 0.0069272 secs]
172.388: Total time for which application threads were stopped: 0.0070963 seconds, Stopping threads took: 0.0000197 seconds
172.456: [GC (Allocation Failure)  890244K->564006K(1033216K), 0.0049426 secs]
172.461: Total time for which application threads were stopped: 0.0051236 seconds, Stopping threads took: 0.0000196 seconds
172.529: [GC (Allocation Failure)  883494K->563878K(1033728K), 0.0046072 secs]
172.534: Total time for which application threads were stopped: 0.0047874 seconds, Stopping threads took: 0.0000285 seconds
172.600: [GC (Allocation Failure)  883366K->565828K(1034240K), 0.0054380 secs]
172.606: Total time for which application threads were stopped: 0.0056231 seconds, Stopping threads took: 0.0000262 seconds
172.673: [GC (Allocation Failure)  886340K->563910K(1034240K), 0.0070396 secs]
172.681: Total time for which application threads were stopped: 0.0072234 seconds, Stopping threads took: 0.0000206 seconds
172.749: [GC (Allocation Failure)  884422K->563910K(1035264K), 0.0047769 secs]
172.754: Total time for which application threads were stopped: 0.0049521 seconds, Stopping threads took: 0.0000204 seconds
172.819: [GC (Allocation Failure)  885958K->565508K(1034752K), 0.0054430 secs]
172.825: Total time for which application threads were stopped: 0.0056132 seconds, Stopping threads took: 0.0000198 seconds
172.894: [GC (Allocation Failure)  887556K->564134K(1035776K), 0.0045776 secs]
172.898: Total time for which application threads were stopped: 0.0047691 seconds, Stopping threads took: 0.0000203 seconds
172.967: [GC (Allocation Failure)  887206K->563878K(1035264K), 0.0048168 secs]
172.972: Total time for which application threads were stopped: 0.0050083 seconds, Stopping threads took: 0.0000204 seconds
173.039: [GC (Allocation Failure)  886950K->570276K(1032704K), 0.0077300 secs]
173.047: Total time for which application threads were stopped: 0.0078898 seconds, Stopping threads took: 0.0000192 seconds
173.114: [GC (Allocation Failure)  890788K->565766K(1034240K), 0.0049628 secs]
173.119: Total time for which application threads were stopped: 0.0051476 seconds, Stopping threads took: 0.0000329 seconds
173.187: [GC (Allocation Failure)  886278K->565574K(1034752K), 0.0046659 secs]
173.192: Total time for which application threads were stopped: 0.0048444 seconds, Stopping threads took: 0.0000208 seconds
173.258: [GC (Allocation Failure)  887110K->571172K(1034752K), 0.0072902 secs]
173.266: Total time for which application threads were stopped: 0.0074613 seconds, Stopping threads took: 0.0000197 seconds
173.334: [GC (Allocation Failure)  892708K->565702K(1032704K), 0.0048533 secs]
173.339: Total time for which application threads were stopped: 0.0050504 seconds, Stopping threads took: 0.0000207 seconds
173.407: [GC (Allocation Failure)  885190K->565542K(1033728K), 0.0048338 secs]
173.412: Total time for which application threads were stopped: 0.0050001 seconds, Stopping threads took: 0.0000194 seconds
173.479: [GC (Allocation Failure)  885030K->568260K(1034240K), 0.0057667 secs]
173.484: Total time for which application threads were stopped: 0.0059403 seconds, Stopping threads took: 0.0000193 seconds
173.553: [GC (Allocation Failure)  888772K->565638K(1034240K), 0.0047858 secs]
173.558: Total time for which application threads were stopped: 0.0049823 seconds, Stopping threads took: 0.0000185 seconds
173.627: [GC (Allocation Failure)  886150K->565542K(1034752K), 0.0046255 secs]
173.632: Total time for which application threads were stopped: 0.0048052 seconds, Stopping threads took: 0.0000172 seconds
173.701: [GC (Allocation Failure)  886566K->566948K(1034240K), 0.0051631 secs]
173.706: Total time for which application threads were stopped: 0.0053232 seconds, Stopping threads took: 0.0000279 seconds
173.774: [GC (Allocation Failure)  887972K->565574K(1035264K), 0.0047187 secs]
173.778: Total time for which application threads were stopped: 0.0048837 seconds, Stopping threads took: 0.0000203 seconds
173.848: [GC (Allocation Failure)  887622K->565542K(1034752K), 0.0063951 secs]
173.854: Total time for which application threads were stopped: 0.0065873 seconds, Stopping threads took: 0.0000278 seconds
173.922: [GC (Allocation Failure)  887590K->568740K(1034240K), 0.0060963 secs]
173.928: Total time for which application threads were stopped: 0.0062648 seconds, Stopping threads took: 0.0000198 seconds
173.998: [GC (Allocation Failure)  890276K->565766K(1034752K), 0.0049012 secs]
174.003: Total time for which application threads were stopped: 0.0050733 seconds, Stopping threads took: 0.0000196 seconds
174.069: [GC (Allocation Failure)  887302K->565574K(1035264K), 0.0047844 secs]
174.074: Total time for which application threads were stopped: 0.0049574 seconds, Stopping threads took: 0.0000266 seconds
174.141: [GC (Allocation Failure)  888134K->570908K(1035264K), 0.0071114 secs]
174.148: Total time for which application threads were stopped: 0.0072790 seconds, Stopping threads took: 0.0000193 seconds
174.216: [GC (Allocation Failure)  893468K->565838K(1033216K), 0.0048984 secs]
174.221: Total time for which application threads were stopped: 0.0050620 seconds, Stopping threads took: 0.0000198 seconds
174.288: [GC (Allocation Failure)  886350K->565678K(1034240K), 0.0045380 secs]
174.293: Total time for which application threads were stopped: 0.0046985 seconds, Stopping threads took: 0.0000204 seconds
174.361: [GC (Allocation Failure)  886190K->571308K(1032704K), 0.0071993 secs]
174.369: Total time for which application threads were stopped: 0.0073687 seconds, Stopping threads took: 0.0000195 seconds
174.436: [GC (Allocation Failure)  890796K->565806K(1033728K), 0.0047480 secs]
174.440: Total time for which application threads were stopped: 0.0049438 seconds, Stopping threads took: 0.0000198 seconds
174.509: [GC (Allocation Failure)  885294K->565710K(1034240K), 0.0047202 secs]
174.514: Total time for which application threads were stopped: 0.0048778 seconds, Stopping threads took: 0.0000178 seconds
174.582: [GC (Allocation Failure)  885710K->566892K(1033728K), 0.0052423 secs]
174.587: Total time for which application threads were stopped: 0.0054232 seconds, Stopping threads took: 0.0000260 seconds
174.657: [GC (Allocation Failure)  886892K->565742K(1034752K), 0.0047080 secs]
174.661: Total time for which application threads were stopped: 0.0048716 seconds, Stopping threads took: 0.0000176 seconds
174.729: [GC (Allocation Failure)  887278K->565678K(1034752K), 0.0047989 secs]
174.734: Total time for which application threads were stopped: 0.0049750 seconds, Stopping threads took: 0.0000206 seconds
174.799: [GC (Allocation Failure)  887214K->566572K(1035264K), 0.0052133 secs]
174.805: Total time for which application threads were stopped: 0.0053798 seconds, Stopping threads took: 0.0000207 seconds
174.873: [GC (Allocation Failure)  888620K->565678K(1034752K), 0.0048907 secs]
174.878: Total time for which application threads were stopped: 0.0050648 seconds, Stopping threads took: 0.0000200 seconds
174.946: [GC (Allocation Failure)  887726K->565678K(1035776K), 0.0045596 secs]
174.951: Total time for which application threads were stopped: 0.0047552 seconds, Stopping threads took: 0.0000208 seconds
175.021: [GC (Allocation Failure)  889262K->570828K(1035776K), 0.0067853 secs]
175.028: Total time for which application threads were stopped: 0.0069518 seconds, Stopping threads took: 0.0000189 seconds
175.097: [GC (Allocation Failure)  894412K->566286K(1033728K), 0.0049714 secs]
175.102: Total time for which application threads were stopped: 0.0051451 seconds, Stopping threads took: 0.0000200 seconds
175.171: [GC (Allocation Failure)  887822K->566094K(1034752K), 0.0045355 secs]
175.175: Total time for which application threads were stopped: 0.0047080 seconds, Stopping threads took: 0.0000208 seconds
175.241: [GC (Allocation Failure)  887630K->558124K(1032192K), 0.0016149 secs]
175.242: Total time for which application threads were stopped: 0.0017570 seconds, Stopping threads took: 0.0000203 seconds
175.312: [GC (Allocation Failure)  877612K->566254K(1033728K), 0.0048544 secs]
175.317: Total time for which application threads were stopped: 0.0050490 seconds, Stopping threads took: 0.0000197 seconds
175.386: [GC (Allocation Failure)  885742K->570238K(1035264K), 0.0060051 secs]
175.392: Total time for which application threads were stopped: 0.0061728 seconds, Stopping threads took: 0.0000285 seconds
175.459: [GC (Allocation Failure)  892286K->576300K(1034752K), 0.0074514 secs]
175.467: Total time for which application threads were stopped: 0.0076211 seconds, Stopping threads took: 0.0000196 seconds
175.535: [GC (Allocation Failure)  898348K->571150K(1032704K), 0.0046472 secs]
175.540: Total time for which application threads were stopped: 0.0048227 seconds, Stopping threads took: 0.0000263 seconds
175.608: [GC (Allocation Failure)  890638K->571054K(1033728K), 0.0047032 secs]
175.613: Total time for which application threads were stopped: 0.0048709 seconds, Stopping threads took: 0.0000188 seconds
175.678: [GC (Allocation Failure)  890542K->574700K(1033216K), 0.0062284 secs]
175.684: Total time for which application threads were stopped: 0.0063990 seconds, Stopping threads took: 0.0000197 seconds
175.750: [GC (Allocation Failure)  894188K->571278K(1033728K), 0.0048974 secs]
175.755: Total time for which application threads were stopped: 0.0050728 seconds, Stopping threads took: 0.0000201 seconds
175.823: [GC (Allocation Failure)  890766K->571054K(1034752K), 0.0065107 secs]
175.830: Total time for which application threads were stopped: 0.0066932 seconds, Stopping threads took: 0.0000274 seconds
175.899: [GC (Allocation Failure)  892078K->571308K(1034240K), 0.0050390 secs]
175.905: Total time for which application threads were stopped: 0.0052125 seconds, Stopping threads took: 0.0000197 seconds
175.974: [GC (Allocation Failure)  892332K->571246K(1035264K), 0.0046384 secs]
175.979: Total time for which application threads were stopped: 0.0047907 seconds, Stopping threads took: 0.0000175 seconds
176.046: [GC (Allocation Failure)  893294K->571022K(1034752K), 0.0045904 secs]
176.051: Total time for which application threads were stopped: 0.0047665 seconds, Stopping threads took: 0.0000273 seconds
176.120: [GC (Allocation Failure)  893070K->573068K(1035776K), 0.0056715 secs]
176.126: Total time for which application threads were stopped: 0.0058457 seconds, Stopping threads took: 0.0000197 seconds
176.195: [GC (Allocation Failure)  896652K->571150K(1035776K), 0.0048099 secs]
176.200: Total time for which application threads were stopped: 0.0050164 seconds, Stopping threads took: 0.0000201 seconds
176.268: [GC (Allocation Failure)  894734K->571022K(1036288K), 0.0048052 secs]
176.273: Total time for which application threads were stopped: 0.0049826 seconds, Stopping threads took: 0.0000208 seconds
176.340: [GC (Allocation Failure)  895118K->564556K(1025536K), 0.0023545 secs]
176.343: Total time for which application threads were stopped: 0.0025008 seconds, Stopping threads took: 0.0000199 seconds
176.411: [GC (Allocation Failure)  888652K->571110K(1035776K), 0.0064713 secs]
176.418: Total time for which application threads were stopped: 0.0066638 seconds, Stopping threads took: 0.0000197 seconds
176.487: [GC (Allocation Failure)  894182K->575238K(1035264K), 0.0056612 secs]
176.493: Total time for which application threads were stopped: 0.0058447 seconds, Stopping threads took: 0.0000174 seconds
176.562: [GC (Allocation Failure)  898310K->575174K(1036288K), 0.0046152 secs]
176.566: Total time for which application threads were stopped: 0.0047898 seconds, Stopping threads took: 0.0000204 seconds
176.634: [GC (Allocation Failure)  899270K->575174K(1024000K), 0.0049476 secs]
176.639: Total time for which application threads were stopped: 0.0051340 seconds, Stopping threads took: 0.0000201 seconds
176.708: [GC (Allocation Failure)  899270K->583304K(1035776K), 0.0048379 secs]
176.713: Total time for which application threads were stopped: 0.0050021 seconds, Stopping threads took: 0.0000198 seconds
176.781: [GC (Allocation Failure)  906376K->583272K(1035264K), 0.0046658 secs]
176.786: Total time for which application threads were stopped: 0.0048386 seconds, Stopping threads took: 0.0000202 seconds
176.852: [GC (Allocation Failure)  906344K->583272K(1034752K), 0.0056512 secs]
176.858: Total time for which application threads were stopped: 0.0058206 seconds, Stopping threads took: 0.0000276 seconds
176.927: [GC (Allocation Failure)  905832K->591275K(1035264K), 0.0047774 secs]
176.931: Total time for which application threads were stopped: 0.0049521 seconds, Stopping threads took: 0.0000201 seconds
177.000: [GC (Allocation Failure)  913835K->591275K(1035264K), 0.0048502 secs]
177.005: Total time for which application threads were stopped: 0.0050282 seconds, Stopping threads took: 0.0000208 seconds
177.073: [GC (Allocation Failure)  913835K->591467K(1022464K), 0.0046455 secs]
177.078: Total time for which application threads were stopped: 0.0048214 seconds, Stopping threads took: 0.0000199 seconds
177.145: [GC (Allocation Failure)  914027K->599341K(1034752K), 0.0047853 secs]
177.150: Total time for which application threads were stopped: 0.0049808 seconds, Stopping threads took: 0.0000201 seconds
177.219: [GC (Allocation Failure)  920877K->599309K(1034752K), 0.0048330 secs]
177.224: Total time for which application threads were stopped: 0.0049824 seconds, Stopping threads took: 0.0000177 seconds
177.290: [GC (Allocation Failure)  920845K->599725K(1034752K), 0.0048613 secs]
177.295: Total time for which application threads were stopped: 0.0050382 seconds, Stopping threads took: 0.0000201 seconds
177.364: [GC (Allocation Failure)  921261K->607375K(1034752K), 0.0048768 secs]
177.369: Total time for which application threads were stopped: 0.0050549 seconds, Stopping threads took: 0.0000195 seconds
177.435: [GC (Allocation Failure)  928911K->607375K(1034752K), 0.0049976 secs]
177.440: Total time for which application threads were stopped: 0.0051886 seconds, Stopping threads took: 0.0000199 seconds
177.507: [GC (Allocation Failure)  928911K->607399K(1021440K), 0.0049098 secs]
177.512: Total time for which application threads were stopped: 0.0050696 seconds, Stopping threads took: 0.0000177 seconds
177.579: [GC (Allocation Failure)  928935K->615369K(1034240K), 0.0049517 secs]
177.584: Total time for which application threads were stopped: 0.0051209 seconds, Stopping threads took: 0.0000267 seconds
177.651: [GC (Allocation Failure)  935881K->615401K(1034240K), 0.0049350 secs]
177.656: Total time for which application threads were stopped: 0.0051125 seconds, Stopping threads took: 0.0000250 seconds
177.723: [GC (Allocation Failure)  935913K->615657K(1034240K), 0.0050204 secs]
177.728: Total time for which application threads were stopped: 0.0052009 seconds, Stopping threads took: 0.0000202 seconds
177.798: [GC (Allocation Failure)  936169K->623436K(1034240K), 0.0048084 secs]
177.802: Total time for which application threads were stopped: 0.0049857 seconds, Stopping threads took: 0.0000210 seconds
177.872: [GC (Allocation Failure)  943948K->623404K(1034240K), 0.0047862 secs]
177.877: Total time for which application threads were stopped: 0.0049545 seconds, Stopping threads took: 0.0000195 seconds
177.944: [GC (Allocation Failure)  943916K->623468K(1020416K), 0.0049421 secs]
177.949: Total time for which application threads were stopped: 0.0051151 seconds, Stopping threads took: 0.0000207 seconds
178.019: [GC (Allocation Failure)  943980K->631438K(1033728K), 0.0050261 secs]
178.024: Total time for which application threads were stopped: 0.0051934 seconds, Stopping threads took: 0.0000202 seconds
178.091: [GC (Allocation Failure)  950926K->631438K(1033728K), 0.0048470 secs]
178.096: Total time for which application threads were stopped: 0.0050155 seconds, Stopping threads took: 0.0000215 seconds
178.163: [GC (Allocation Failure)  950926K->631598K(1033728K), 0.0049702 secs]
178.168: Total time for which application threads were stopped: 0.0051606 seconds, Stopping threads took: 0.0000189 seconds
178.236: [GC (Allocation Failure)  951086K->639504K(1033728K), 0.0050432 secs]
178.241: Total time for which application threads were stopped: 0.0052453 seconds, Stopping threads took: 0.0000194 seconds
178.309: [GC (Allocation Failure)  958992K->639472K(1033728K), 0.0050235 secs]
178.315: Total time for which application threads were stopped: 0.0051967 seconds, Stopping threads took: 0.0000203 seconds
178.380: [GC (Allocation Failure)  958960K->639848K(1033728K), 0.0049235 secs]
178.386: Total time for which application threads were stopped: 0.0051212 seconds, Stopping threads took: 0.0000208 seconds
178.455: [GC (Allocation Failure)  959336K->647499K(1033728K), 0.0048332 secs]
178.460: Total time for which application threads were stopped: 0.0050128 seconds, Stopping threads took: 0.0000175 seconds
178.528: [GC (Allocation Failure)  966987K->647499K(1033728K), 0.0049727 secs]
178.534: Total time for which application threads were stopped: 0.0051269 seconds, Stopping threads took: 0.0000253 seconds
178.601: [GC (Allocation Failure)  966987K->647563K(1032704K), 0.0047617 secs]
178.606: Total time for which application threads were stopped: 0.0049211 seconds, Stopping threads took: 0.0000195 seconds
178.673: [GC (Allocation Failure)  966027K->655565K(1033216K), 0.0050160 secs]
178.678: Total time for which application threads were stopped: 0.0051768 seconds, Stopping threads took: 0.0000194 seconds
178.742: [GC (Allocation Failure)  974029K->651627K(1034240K), 0.0040564 secs]
178.747: Total time for which application threads were stopped: 0.0042178 seconds, Stopping threads took: 0.0000196 seconds
178.814: [GC (Allocation Failure)  971115K->655685K(1033216K), 0.0051846 secs]
178.820: Total time for which application threads were stopped: 0.0053537 seconds, Stopping threads took: 0.0000195 seconds
178.888: [GC (Allocation Failure)  975173K->659621K(1034752K), 0.0048896 secs]
178.893: Total time for which application threads were stopped: 0.0050611 seconds, Stopping threads took: 0.0000198 seconds
178.959: [GC (Allocation Failure)  981157K->652899K(1034752K), 0.0023945 secs]
178.961: Total time for which application threads were stopped: 0.0025418 seconds, Stopping threads took: 0.0000198 seconds
179.028: [GC (Allocation Failure)  974435K->659757K(1034752K), 0.0047565 secs]
179.033: Total time for which application threads were stopped: 0.0049269 seconds, Stopping threads took: 0.0000200 seconds
179.103: [GC (Allocation Failure)  981293K->663805K(1034752K), 0.0057262 secs]
179.109: Total time for which application threads were stopped: 0.0058882 seconds, Stopping threads took: 0.0000204 seconds
179.175: [GC (Allocation Failure)  985341K->658235K(1034752K), 0.0029422 secs]
179.178: Total time for which application threads were stopped: 0.0031080 seconds, Stopping threads took: 0.0000198 seconds
179.245: [GC (Allocation Failure)  979771K->664109K(1034752K), 0.0049990 secs]
179.250: Total time for which application threads were stopped: 0.0051794 seconds, Stopping threads took: 0.0000201 seconds
179.319: [GC (Allocation Failure)  985645K->667981K(1035264K), 0.0051645 secs]
179.324: Total time for which application threads were stopped: 0.0053235 seconds, Stopping threads took: 0.0000199 seconds
179.390: [GC (Allocation Failure)  990469K->664043K(1035264K), 0.0039025 secs]
179.394: Total time for which application threads were stopped: 0.0040604 seconds, Stopping threads took: 0.0000196 seconds
179.462: [GC (Allocation Failure)  986603K->668109K(1036288K), 0.0051611 secs]
179.467: Total time for which application threads were stopped: 0.0053343 seconds, Stopping threads took: 0.0000195 seconds
179.535: [GC (Allocation Failure)  992205K->672109K(1035776K), 0.0047512 secs]
179.540: Total time for which application threads were stopped: 0.0049260 seconds, Stopping threads took: 0.0000264 seconds
179.608: [GC (Allocation Failure)  996205K->672109K(1035776K), 0.0049184 secs]
179.613: Total time for which application threads were stopped: 0.0050890 seconds, Stopping threads took: 0.0000268 seconds
179.681: [GC (Allocation Failure)  995693K->672141K(1023488K), 0.0060664 secs]
179.687: Total time for which application threads were stopped: 0.0062415 seconds, Stopping threads took: 0.0000203 seconds
179.753: [GC (Allocation Failure)  995725K->680111K(1035264K), 0.0059886 secs]
179.759: Total time for which application threads were stopped: 0.0061716 seconds, Stopping threads took: 0.0000219 seconds
179.826: [GC (Allocation Failure)  1002671K->680143K(1030144K), 0.0048714 secs]
179.831: Total time for which application threads were stopped: 0.0050776 seconds, Stopping threads took: 0.0000409 seconds
179.900: [GC (Allocation Failure)  1002703K->680167K(1034752K), 0.0050909 secs]
179.905: Total time for which application threads were stopped: 0.0054413 seconds, Stopping threads took: 0.0001653 seconds
179.973: [GC (Allocation Failure)  1001703K->688137K(1029120K), 0.0050069 secs]
179.978: Total time for which application threads were stopped: 0.0051663 seconds, Stopping threads took: 0.0000193 seconds
180.049: [GC (Allocation Failure)  1009673K->688137K(1034240K), 0.0047835 secs]
180.053: Total time for which application threads were stopped: 0.0049475 seconds, Stopping threads took: 0.0000257 seconds
180.121: [GC (Allocation Failure)  1008649K->688393K(1034240K), 0.0050233 secs]
180.126: [Full GC (Ergonomics)  688393K->8704K(1034240K), 0.0127706 secs]
180.139: Total time for which application threads were stopped: 0.0180807 seconds, Stopping threads took: 0.0000200 seconds
180.207: [GC (Allocation Failure)  329216K->17602K(1033216K), 0.0035847 secs]
180.211: Total time for which application threads were stopped: 0.0037456 seconds, Stopping threads took: 0.0000201 seconds
180.279: [GC (Allocation Failure)  337090K->17650K(1033728K), 0.0036567 secs]
180.283: Total time for which application threads were stopped: 0.0038633 seconds, Stopping threads took: 0.0000198 seconds
180.348: [GC (Allocation Failure)  337138K->18058K(1033728K), 0.0036752 secs]
180.351: Total time for which application threads were stopped: 0.0038829 seconds, Stopping threads took: 0.0000525 seconds
180.418: [GC (Allocation Failure)  337546K->25645K(1033728K), 0.0039097 secs]
180.422: Total time for which application threads were stopped: 0.0040871 seconds, Stopping threads took: 0.0000202 seconds
180.491: [GC (Allocation Failure)  345133K->25677K(1033728K), 0.0041479 secs]
180.496: Total time for which application threads were stopped: 0.0043179 seconds, Stopping threads took: 0.0000198 seconds
180.561: [GC (Allocation Failure)  345165K->25773K(1033728K), 0.0037356 secs]
180.565: Total time for which application threads were stopped: 0.0039128 seconds, Stopping threads took: 0.0000263 seconds
180.633: [GC (Allocation Failure)  345261K->33711K(1032704K), 0.0037199 secs]
180.636: Total time for which application threads were stopped: 0.0038917 seconds, Stopping threads took: 0.0000202 seconds
180.700: [GC (Allocation Failure)  352173K->29773K(1033216K), 0.0026128 secs]
180.703: Total time for which application threads were stopped: 0.0027650 seconds, Stopping threads took: 0.0000197 seconds
180.770: [GC (Allocation Failure)  348237K->33839K(1034752K), 0.0037717 secs]
180.773: Total time for which application threads were stopped: 0.0039381 seconds, Stopping threads took: 0.0000272 seconds
180.840: [GC (Allocation Failure)  354863K->37775K(1034240K), 0.0043755 secs]
180.845: Total time for which application threads were stopped: 0.0045345 seconds, Stopping threads took: 0.0000212 seconds
180.913: [GC (Allocation Failure)  358799K->31021K(1034752K), 0.0009388 secs]
180.914: Total time for which application threads were stopped: 0.0010570 seconds, Stopping threads took: 0.0000202 seconds
180.983: [GC (Allocation Failure)  352557K->37879K(1034752K), 0.0036529 secs]
180.986: Total time for which application threads were stopped: 0.0038079 seconds, Stopping threads took: 0.0000175 seconds
181.053: [GC (Allocation Failure)  359415K->41959K(1034752K), 0.0045717 secs]
181.057: Total time for which application threads were stopped: 0.0047399 seconds, Stopping threads took: 0.0000290 seconds
181.124: [GC (Allocation Failure)  363495K->36389K(1034752K), 0.0014357 secs]
181.125: Total time for which application threads were stopped: 0.0015874 seconds, Stopping threads took: 0.0000205 seconds
181.194: [GC (Allocation Failure)  357925K->42231K(1035776K), 0.0037838 secs]
181.198: Total time for which application threads were stopped: 0.0039353 seconds, Stopping threads took: 0.0000176 seconds
181.266: [GC (Allocation Failure)  364791K->46103K(1034752K), 0.0041097 secs]
181.270: Total time for which application threads were stopped: 0.0043145 seconds, Stopping threads took: 0.0000230 seconds
181.338: [GC (Allocation Failure)  368591K->42229K(1035776K), 0.0024382 secs]
181.341: Total time for which application threads were stopped: 0.0025936 seconds, Stopping threads took: 0.0000210 seconds
181.410: [GC (Allocation Failure)  365301K->46255K(1035264K), 0.0038308 secs]
181.414: Total time for which application threads were stopped: 0.0039977 seconds, Stopping threads took: 0.0000274 seconds
181.482: [GC (Allocation Failure)  369327K->50255K(1035264K), 0.0039918 secs]
181.486: Total time for which application threads were stopped: 0.0041634 seconds, Stopping threads took: 0.0000208 seconds
181.555: [GC (Allocation Failure)  373839K->50223K(1035776K), 0.0034316 secs]
181.559: Total time for which application threads were stopped: 0.0036070 seconds, Stopping threads took: 0.0000275 seconds
181.626: [GC (Allocation Failure)  373807K->50287K(1034752K), 0.0044274 secs]
181.630: Total time for which application threads were stopped: 0.0046346 seconds, Stopping threads took: 0.0000201 seconds
181.699: [GC (Allocation Failure)  372847K->58257K(1035264K), 0.0036139 secs]
181.702: Total time for which application threads were stopped: 0.0037976 seconds, Stopping threads took: 0.0000225 seconds
181.772: [GC (Allocation Failure)  380817K->58257K(1034240K), 0.0036170 secs]
181.776: Total time for which application threads were stopped: 0.0037844 seconds, Stopping threads took: 0.0000196 seconds
181.843: [GC (Allocation Failure)  379793K->58281K(1034752K), 0.0046008 secs]
181.848: Total time for which application threads were stopped: 0.0047615 seconds, Stopping threads took: 0.0000252 seconds
181.916: [GC (Allocation Failure)  379817K->66283K(1034752K), 0.0037078 secs]
181.920: Total time for which application threads were stopped: 0.0038939 seconds, Stopping threads took: 0.0000213 seconds
181.989: [GC (Allocation Failure)  387819K->66283K(1029120K), 0.0035117 secs]
181.992: Total time for which application threads were stopped: 0.0036796 seconds, Stopping threads took: 0.0000208 seconds
182.059: [GC (Allocation Failure)  387819K->66507K(1034240K), 0.0039320 secs]
182.063: Total time for which application threads were stopped: 0.0041037 seconds, Stopping threads took: 0.0000288 seconds
182.131: [GC (Allocation Failure)  387019K->74286K(1034240K), 0.0036510 secs]
182.134: Total time for which application threads were stopped: 0.0038151 seconds, Stopping threads took: 0.0000202 seconds
182.202: [GC (Allocation Failure)  394798K->74318K(1034240K), 0.0037504 secs]
182.206: Total time for which application threads were stopped: 0.0039141 seconds, Stopping threads took: 0.0000205 seconds
182.273: [GC (Allocation Failure)  394830K->74766K(1034240K), 0.0038656 secs]
182.277: Total time for which application threads were stopped: 0.0040422 seconds, Stopping threads took: 0.0000202 seconds
182.347: [GC (Allocation Failure)  395278K->82384K(1033216K), 0.0037158 secs]
182.351: Total time for which application threads were stopped: 0.0038938 seconds, Stopping threads took: 0.0000254 seconds
182.420: [GC (Allocation Failure)  401872K->82384K(1033728K), 0.0036003 secs]
182.423: Total time for which application threads were stopped: 0.0037754 seconds, Stopping threads took: 0.0000190 seconds
182.488: [GC (Allocation Failure)  401872K->82472K(1033728K), 0.0039117 secs]
182.492: Total time for which application threads were stopped: 0.0040782 seconds, Stopping threads took: 0.0000200 seconds
182.562: [GC (Allocation Failure)  401960K->90378K(1033728K), 0.0035959 secs]
182.565: Total time for which application threads were stopped: 0.0037585 seconds, Stopping threads took: 0.0000200 seconds
182.633: [GC (Allocation Failure)  409866K->90378K(1033728K), 0.0036554 secs]
182.637: Total time for which application threads were stopped: 0.0038394 seconds, Stopping threads took: 0.0000295 seconds
182.704: [GC (Allocation Failure)  409866K->90442K(1033728K), 0.0039948 secs]
182.708: Total time for which application threads were stopped: 0.0041656 seconds, Stopping threads took: 0.0000202 seconds
182.777: [GC (Allocation Failure)  409930K->98413K(1032704K), 0.0036788 secs]
182.780: Total time for which application threads were stopped: 0.0038419 seconds, Stopping threads took: 0.0000205 seconds
182.847: [GC (Allocation Failure)  416877K->92842K(1033216K), 0.0020825 secs]
182.849: Total time for which application threads were stopped: 0.0022619 seconds, Stopping threads took: 0.0000256 seconds
182.917: [GC (Allocation Failure)  411306K->98669K(1034752K), 0.0037107 secs]
182.921: Total time for which application threads were stopped: 0.0038953 seconds, Stopping threads took: 0.0000175 seconds
182.990: [GC (Allocation Failure)  419181K->102589K(1033728K), 0.0041048 secs]
182.994: Total time for which application threads were stopped: 0.0042617 seconds, Stopping threads took: 0.0000176 seconds
183.064: [GC (Allocation Failure)  423101K->109450K(1029120K), 0.0066348 secs]
183.071: Total time for which application threads were stopped: 0.0067925 seconds, Stopping threads took: 0.0000255 seconds
183.138: [GC (Allocation Failure)  424842K->103341K(1031680K), 0.0039898 secs]
183.142: Total time for which application threads were stopped: 0.0041473 seconds, Stopping threads took: 0.0000176 seconds
183.207: [GC (Allocation Failure)  418733K->103181K(1032704K), 0.0038943 secs]
183.211: Total time for which application threads were stopped: 0.0040598 seconds, Stopping threads took: 0.0000211 seconds
183.276: [GC (Allocation Failure)  420109K->106597K(1032192K), 0.0047736 secs]
183.281: Total time for which application threads were stopped: 0.0049482 seconds, Stopping threads took: 0.0000205 seconds
183.348: [GC (Allocation Failure)  423525K->111303K(1033216K), 0.0039472 secs]
183.352: Total time for which application threads were stopped: 0.0041243 seconds, Stopping threads took: 0.0000215 seconds
183.419: [GC (Allocation Failure)  429255K->111239K(1032704K), 0.0039940 secs]
183.423: Total time for which application threads were stopped: 0.0041665 seconds, Stopping threads took: 0.0000205 seconds
183.490: [GC (Allocation Failure)  429191K->112231K(1033216K), 0.0040122 secs]
183.494: Total time for which application threads were stopped: 0.0041969 seconds, Stopping threads took: 0.0000202 seconds
183.561: [GC (Allocation Failure)  430695K->119241K(1033216K), 0.0039903 secs]
183.565: Total time for which application threads were stopped: 0.0041630 seconds, Stopping threads took: 0.0000264 seconds
183.635: [GC (Allocation Failure)  437705K->119241K(1033728K), 0.0038035 secs]
183.639: Total time for which application threads were stopped: 0.0039656 seconds, Stopping threads took: 0.0000196 seconds
183.707: [GC (Allocation Failure)  438217K->120937K(1033216K), 0.0041294 secs]
183.711: Total time for which application threads were stopped: 0.0042997 seconds, Stopping threads took: 0.0000202 seconds
183.779: [GC (Allocation Failure)  439913K->127339K(1033728K), 0.0037161 secs]
183.782: Total time for which application threads were stopped: 0.0039070 seconds, Stopping threads took: 0.0000206 seconds
183.849: [GC (Allocation Failure)  446827K->127243K(1033728K), 0.0067176 secs]
183.856: Total time for which application threads were stopped: 0.0069314 seconds, Stopping threads took: 0.0000255 seconds
183.922: [GC (Allocation Failure)  446731K->127619K(1033728K), 0.0039857 secs]
183.926: Total time for which application threads were stopped: 0.0041821 seconds, Stopping threads took: 0.0000199 seconds
183.995: [GC (Allocation Failure)  447107K->135334K(1033728K), 0.0040234 secs]
183.999: Total time for which application threads were stopped: 0.0042065 seconds, Stopping threads took: 0.0000167 seconds
184.069: [GC (Allocation Failure)  454822K->135302K(1033728K), 0.0036167 secs]
184.072: Total time for which application threads were stopped: 0.0037894 seconds, Stopping threads took: 0.0000283 seconds
184.140: [GC (Allocation Failure)  454790K->138958K(1033728K), 0.0047368 secs]
184.145: Total time for which application threads were stopped: 0.0048987 seconds, Stopping threads took: 0.0000195 seconds
184.212: [GC (Allocation Failure)  458446K->143440K(1034240K), 0.0039887 secs]
184.216: Total time for which application threads were stopped: 0.0041485 seconds, Stopping threads took: 0.0000197 seconds
184.283: [GC (Allocation Failure)  463952K->143376K(1034240K), 0.0040125 secs]
184.287: Total time for which application threads were stopped: 0.0041932 seconds, Stopping threads took: 0.0000208 seconds
184.355: [GC (Allocation Failure)  463888K->144072K(1034240K), 0.0040111 secs]
184.359: Total time for which application threads were stopped: 0.0041807 seconds, Stopping threads took: 0.0000216 seconds
184.427: [GC (Allocation Failure)  464584K->151402K(1034240K), 0.0039433 secs]
184.431: Total time for which application threads were stopped: 0.0041018 seconds, Stopping threads took: 0.0000199 seconds
184.499: [GC (Allocation Failure)  471914K->151370K(1034240K), 0.0039746 secs]
184.503: Total time for which application threads were stopped: 0.0041571 seconds, Stopping threads took: 0.0000204 seconds
184.571: [GC (Allocation Failure)  471882K->152290K(1034240K), 0.0039210 secs]
184.575: Total time for which application threads were stopped: 0.0041211 seconds, Stopping threads took: 0.0000267 seconds
184.645: [GC (Allocation Failure)  472802K->159428K(1034240K), 0.0040033 secs]
184.650: Total time for which application threads were stopped: 0.0041712 seconds, Stopping threads took: 0.0000174 seconds
184.717: [GC (Allocation Failure)  479940K->159396K(1034240K), 0.0039873 secs]
184.721: Total time for which application threads were stopped: 0.0041592 seconds, Stopping threads took: 0.0000205 seconds
184.789: [GC (Allocation Failure)  479908K->160556K(1034240K), 0.0040902 secs]
184.793: Total time for which application threads were stopped: 0.0042951 seconds, Stopping threads took: 0.0000292 seconds
184.862: [GC (Allocation Failure)  481068K->167471K(1034240K), 0.0039873 secs]
184.866: Total time for which application threads were stopped: 0.0041740 seconds, Stopping threads took: 0.0000285 seconds
184.934: [GC (Allocation Failure)  487983K->167439K(1034240K), 0.0039352 secs]
184.938: Total time for which application threads were stopped: 0.0041688 seconds, Stopping threads took: 0.0000202 seconds
185.007: [GC (Allocation Failure)  487951K->167751K(1020416K), 0.0038912 secs]
185.011: Total time for which application threads were stopped: 0.0040604 seconds, Stopping threads took: 0.0000200 seconds
185.079: [GC (Allocation Failure)  488263K->175529K(1033728K), 0.0041738 secs]
185.083: Total time for which application threads were stopped: 0.0043334 seconds, Stopping threads took: 0.0000200 seconds
185.152: [GC (Allocation Failure)  495017K->175465K(1033728K), 0.0039814 secs]
185.156: Total time for which application threads were stopped: 0.0041769 seconds, Stopping threads took: 0.0000211 seconds
185.224: [GC (Allocation Failure)  494953K->176009K(1033728K), 0.0039260 secs]
185.228: Total time for which application threads were stopped: 0.0040835 seconds, Stopping threads took: 0.0000167 seconds
185.295: [GC (Allocation Failure)  495497K->183563K(1033728K), 0.0040913 secs]
185.299: Total time for which application threads were stopped: 0.0042514 seconds, Stopping threads took: 0.0000195 seconds
185.366: [GC (Allocation Failure)  503051K->183499K(1033728K), 0.0040396 secs]
185.370: Total time for which application threads were stopped: 0.0042004 seconds, Stopping threads took: 0.0000201 seconds
185.437: [GC (Allocation Failure)  502987K->184235K(1033728K), 0.0041059 secs]
185.441: Total time for which application threads were stopped: 0.0042837 seconds, Stopping threads took: 0.0000261 seconds
185.509: [GC (Allocation Failure)  503723K->191565K(1033728K), 0.0040201 secs]
185.513: Total time for which application threads were stopped: 0.0042165 seconds, Stopping threads took: 0.0000206 seconds
185.582: [GC (Allocation Failure)  511053K->191565K(1033728K), 0.0039117 secs]
185.586: Total time for which application threads were stopped: 0.0040815 seconds, Stopping threads took: 0.0000262 seconds
185.653: [GC (Allocation Failure)  511053K->193509K(1033728K), 0.0042511 secs]
185.657: Total time for which application threads were stopped: 0.0044441 seconds, Stopping threads took: 0.0000201 seconds
185.726: [GC (Allocation Failure)  512997K->199560K(1033728K), 0.0038535 secs]
185.730: Total time for which application threads were stopped: 0.0040477 seconds, Stopping threads took: 0.0000202 seconds
185.798: [GC (Allocation Failure)  519048K->199560K(1033728K), 0.0039856 secs]
185.802: Total time for which application threads were stopped: 0.0041542 seconds, Stopping threads took: 0.0000208 seconds
185.869: [GC (Allocation Failure)  519048K->200712K(1033728K), 0.0040731 secs]
185.873: Total time for which application threads were stopped: 0.0042412 seconds, Stopping threads took: 0.0000195 seconds
185.940: [GC (Allocation Failure)  520200K->207626K(1033728K), 0.0039753 secs]
185.944: Total time for which application threads were stopped: 0.0041396 seconds, Stopping threads took: 0.0000206 seconds
186.011: [GC (Allocation Failure)  527114K->207626K(1033728K), 0.0040537 secs]
186.015: Total time for which application threads were stopped: 0.0042231 seconds, Stopping threads took: 0.0000207 seconds
186.082: [GC (Allocation Failure)  527114K->207914K(1033728K), 0.0042077 secs]
186.086: Total time for which application threads were stopped: 0.0043769 seconds, Stopping threads took: 0.0000279 seconds
186.153: [GC (Allocation Failure)  527402K->215660K(1033728K), 0.0041157 secs]
186.157: Total time for which application threads were stopped: 0.0042720 seconds, Stopping threads took: 0.0000194 seconds
186.226: [GC (Allocation Failure)  535148K->215628K(1033728K), 0.0041457 secs]
186.230: Total time for which application threads were stopped: 0.0043153 seconds, Stopping threads took: 0.0000198 seconds
186.296: [GC (Allocation Failure)  535116K->216140K(1033728K), 0.0042612 secs]
186.301: Total time for which application threads were stopped: 0.0044455 seconds, Stopping threads took: 0.0000218 seconds
186.370: [GC (Allocation Failure)  535628K->223694K(1033728K), 0.0042336 secs]
186.374: Total time for which application threads were stopped: 0.0044167 seconds, Stopping threads took: 0.0000225 seconds
186.442: [GC (Allocation Failure)  543182K->223662K(1033728K), 0.0043495 secs]
186.447: Total time for which application threads were stopped: 0.0045491 seconds, Stopping threads took: 0.0000208 seconds
186.513: [GC (Allocation Failure)  543150K->224390K(1033728K), 0.0043527 secs]
186.518: Total time for which application threads were stopped: 0.0045199 seconds, Stopping threads took: 0.0000205 seconds
186.586: [GC (Allocation Failure)  543878K->231689K(1033728K), 0.0045601 secs]
186.590: Total time for which application threads were stopped: 0.0047291 seconds, Stopping threads took: 0.0000270 seconds
186.658: [GC (Allocation Failure)  551177K->231657K(1033728K), 0.0047584 secs]
186.662: Total time for which application threads were stopped: 0.0049491 seconds, Stopping threads took: 0.0000202 seconds
186.729: [GC (Allocation Failure)  551145K->232625K(1033728K), 0.0042530 secs]
186.733: Total time for which application threads were stopped: 0.0044219 seconds, Stopping threads took: 0.0000221 seconds
186.802: [GC (Allocation Failure)  552113K->239731K(1033728K), 0.0040291 secs]
186.806: Total time for which application threads were stopped: 0.0042063 seconds, Stopping threads took: 0.0000214 seconds
186.874: [GC (Allocation Failure)  559219K->239763K(1033728K), 0.0040993 secs]
186.878: Total time for which application threads were stopped: 0.0042779 seconds, Stopping threads took: 0.0000197 seconds
186.944: [GC (Allocation Failure)  559251K->239851K(1033728K), 0.0041764 secs]
186.948: Total time for which application threads were stopped: 0.0043551 seconds, Stopping threads took: 0.0000229 seconds
187.016: [GC (Allocation Failure)  559339K->247757K(1027072K), 0.0040972 secs]
187.020: Total time for which application threads were stopped: 0.0042584 seconds, Stopping threads took: 0.0000200 seconds
187.089: [GC (Allocation Failure)  567245K->247757K(1033216K), 0.0041970 secs]
187.093: Total time for which application threads were stopped: 0.0043604 seconds, Stopping threads took: 0.0000166 seconds
187.160: [GC (Allocation Failure)  566221K->248069K(1033216K), 0.0042132 secs]
187.164: Total time for which application threads were stopped: 0.0043852 seconds, Stopping threads took: 0.0000200 seconds
187.232: [GC (Allocation Failure)  566533K->255816K(1033216K), 0.0041624 secs]
187.236: Total time for which application threads were stopped: 0.0043299 seconds, Stopping threads took: 0.0000201 seconds
187.302: [GC (Allocation Failure)  574280K->255816K(1033216K), 0.0042224 secs]
187.307: Total time for which application threads were stopped: 0.0043935 seconds, Stopping threads took: 0.0000191 seconds
187.372: [GC (Allocation Failure)  574280K->256328K(1033216K), 0.0042442 secs]
187.376: Total time for which application threads were stopped: 0.0044131 seconds, Stopping threads took: 0.0000197 seconds
187.443: [GC (Allocation Failure)  574792K->263786K(1033216K), 0.0042958 secs]
187.447: Total time for which application threads were stopped: 0.0044571 seconds, Stopping threads took: 0.0000202 seconds
187.514: [GC (Allocation Failure)  582250K->263818K(1033216K), 0.0042966 secs]
187.519: Total time for which application threads were stopped: 0.0044610 seconds, Stopping threads took: 0.0000199 seconds
187.584: [GC (Allocation Failure)  582282K->264042K(1033216K), 0.0040180 secs]
187.589: Total time for which application threads were stopped: 0.0041890 seconds, Stopping threads took: 0.0000281 seconds
187.655: [GC (Allocation Failure)  582506K->271852K(1033216K), 0.0042054 secs]
187.659: Total time for which application threads were stopped: 0.0043878 seconds, Stopping threads took: 0.0000188 seconds
187.726: [GC (Allocation Failure)  590316K->271884K(1033216K), 0.0042264 secs]
187.731: Total time for which application threads were stopped: 0.0043879 seconds, Stopping threads took: 0.0000202 seconds
187.797: [GC (Allocation Failure)  590348K->272012K(1033216K), 0.0042823 secs]
187.801: Total time for which application threads were stopped: 0.0044397 seconds, Stopping threads took: 0.0000190 seconds
187.871: [GC (Allocation Failure)  590476K->279886K(1033216K), 0.0043354 secs]
187.875: Total time for which application threads were stopped: 0.0044941 seconds, Stopping threads took: 0.0000186 seconds
187.941: [GC (Allocation Failure)  598350K->279918K(1033216K), 0.0044629 secs]
187.946: Total time for which application threads were stopped: 0.0046314 seconds, Stopping threads took: 0.0000187 seconds
188.010: [GC (Allocation Failure)  598382K->279942K(1033216K), 0.0042984 secs]
188.014: Total time for which application threads were stopped: 0.0044862 seconds, Stopping threads took: 0.0000202 seconds
188.082: [GC (Allocation Failure)  598406K->287945K(1033216K), 0.0043294 secs]
188.086: Total time for which application threads were stopped: 0.0044958 seconds, Stopping threads took: 0.0000276 seconds
188.151: [GC (Allocation Failure)  606409K->287913K(1033216K), 0.0041991 secs]
188.156: Total time for which application threads were stopped: 0.0043583 seconds, Stopping threads took: 0.0000194 seconds
188.220: [GC (Allocation Failure)  606377K->288201K(1033216K), 0.0065489 secs]
188.227: Total time for which application threads were stopped: 0.0067055 seconds, Stopping threads took: 0.0000199 seconds
188.292: [GC (Allocation Failure)  606665K->295947K(1033216K), 0.0041252 secs]
188.297: Total time for which application threads were stopped: 0.0043026 seconds, Stopping threads took: 0.0000190 seconds
188.364: [GC (Allocation Failure)  614411K->295979K(1033216K), 0.0040251 secs]
188.368: Total time for which application threads were stopped: 0.0041933 seconds, Stopping threads took: 0.0000202 seconds
188.432: [GC (Allocation Failure)  614443K->296203K(1033216K), 0.0043500 secs]
188.437: Total time for which application threads were stopped: 0.0045212 seconds, Stopping threads took: 0.0000199 seconds
188.502: [GC (Allocation Failure)  614667K->303981K(1033216K), 0.0042882 secs]
188.506: Total time for which application threads were stopped: 0.0044502 seconds, Stopping threads took: 0.0000204 seconds
188.574: [GC (Allocation Failure)  622445K->300075K(1033216K), 0.0032964 secs]
188.577: Total time for which application threads were stopped: 0.0034641 seconds, Stopping threads took: 0.0000282 seconds
188.644: [GC (Allocation Failure)  618539K->304141K(1034752K), 0.0041324 secs]
188.648: Total time for which application threads were stopped: 0.0043252 seconds, Stopping threads took: 0.0000194 seconds
188.718: [GC (Allocation Failure)  624653K->308141K(1033728K), 0.0041217 secs]
188.722: Total time for which application threads were stopped: 0.0042836 seconds, Stopping threads took: 0.0000202 seconds
188.790: [GC (Allocation Failure)  628653K->300267K(1034240K), 0.0011589 secs]
188.791: Total time for which application threads were stopped: 0.0012888 seconds, Stopping threads took: 0.0000197 seconds
188.860: [GC (Allocation Failure)  620779K->308205K(1034240K), 0.0051486 secs]
188.865: Total time for which application threads were stopped: 0.0053335 seconds, Stopping threads took: 0.0000259 seconds
188.932: [GC (Allocation Failure)  628717K->312253K(1033216K), 0.0058603 secs]
188.938: Total time for which application threads were stopped: 0.0060296 seconds, Stopping threads took: 0.0000197 seconds
189.004: [GC (Allocation Failure)  631741K->317947K(1032704K), 0.0064735 secs]
189.011: Total time for which application threads were stopped: 0.0066310 seconds, Stopping threads took: 0.0000191 seconds
189.078: [GC (Allocation Failure)  637435K->312477K(1031680K), 0.0041643 secs]
189.082: Total time for which application threads were stopped: 0.0043359 seconds, Stopping threads took: 0.0000285 seconds
189.149: [GC (Allocation Failure)  628893K->312253K(1032192K), 0.0042283 secs]
189.153: Total time for which application threads were stopped: 0.0044105 seconds, Stopping threads took: 0.0000196 seconds
189.219: [GC (Allocation Failure)  628669K->306907K(1032704K), 0.0021134 secs]
189.221: Total time for which application threads were stopped: 0.0022608 seconds, Stopping threads took: 0.0000190 seconds
189.290: [GC (Allocation Failure)  624347K->312445K(1032704K), 0.0042577 secs]
189.294: Total time for which application threads were stopped: 0.0044166 seconds, Stopping threads took: 0.0000196 seconds
189.361: [GC (Allocation Failure)  629885K->312253K(1033216K), 0.0043957 secs]
189.365: Total time for which application threads were stopped: 0.0045602 seconds, Stopping threads took: 0.0000200 seconds
189.431: [GC (Allocation Failure)  630205K->312613K(1032704K), 0.0044045 secs]
189.436: Total time for which application threads were stopped: 0.0045757 seconds, Stopping threads took: 0.0000197 seconds
189.502: [GC (Allocation Failure)  630565K->320295K(1033216K), 0.0048618 secs]
189.507: Total time for which application threads were stopped: 0.0050386 seconds, Stopping threads took: 0.0000202 seconds
189.576: [GC (Allocation Failure)  638759K->320295K(1033216K), 0.0041670 secs]
189.580: Total time for which application threads were stopped: 0.0043370 seconds, Stopping threads took: 0.0000261 seconds
189.646: [GC (Allocation Failure)  638759K->324423K(1033728K), 0.0052101 secs]
189.651: Total time for which application threads were stopped: 0.0053710 seconds, Stopping threads took: 0.0000191 seconds
189.718: [GC (Allocation Failure)  643399K->328426K(1033216K), 0.0040848 secs]
189.723: Total time for which application threads were stopped: 0.0042504 seconds, Stopping threads took: 0.0000278 seconds
189.790: [GC (Allocation Failure)  647402K->328362K(1034240K), 0.0043254 secs]
189.794: Total time for which application threads were stopped: 0.0044872 seconds, Stopping threads took: 0.0000196 seconds
189.859: [GC (Allocation Failure)  648362K->331106K(1033728K), 0.0070321 secs]
189.867: Total time for which application threads were stopped: 0.0072150 seconds, Stopping threads took: 0.0000264 seconds
189.935: [GC (Allocation Failure)  651106K->336388K(1034240K), 0.0044000 secs]
189.939: Total time for which application threads were stopped: 0.0045484 seconds, Stopping threads took: 0.0000163 seconds
190.007: [GC (Allocation Failure)  656900K->336356K(1034240K), 0.0042727 secs]
190.012: Total time for which application threads were stopped: 0.0044360 seconds, Stopping threads took: 0.0000203 seconds
190.079: [GC (Allocation Failure)  656868K->336812K(1034240K), 0.0042822 secs]
190.084: Total time for which application threads were stopped: 0.0044644 seconds, Stopping threads took: 0.0000272 seconds
190.154: [GC (Allocation Failure)  657324K->344430K(1034240K), 0.0041791 secs]
190.158: Total time for which application threads were stopped: 0.0043454 seconds, Stopping threads took: 0.0000254 seconds
190.226: [GC (Allocation Failure)  664942K->344398K(1034240K), 0.0041455 secs]
190.230: Total time for which application threads were stopped: 0.0043172 seconds, Stopping threads took: 0.0000202 seconds
190.298: [GC (Allocation Failure)  664910K->347078K(1034240K), 0.0047574 secs]
190.303: Total time for which application threads were stopped: 0.0049401 seconds, Stopping threads took: 0.0000286 seconds
190.372: [GC (Allocation Failure)  667590K->352456K(1034240K), 0.0042995 secs]
190.377: Total time for which application threads were stopped: 0.0044618 seconds, Stopping threads took: 0.0000203 seconds
190.444: [GC (Allocation Failure)  672968K->352424K(1034240K), 0.0043790 secs]
190.449: Total time for which application threads were stopped: 0.0045748 seconds, Stopping threads took: 0.0000197 seconds
190.517: [GC (Allocation Failure)  672936K->353256K(1033728K), 0.0044435 secs]
190.522: Total time for which application threads were stopped: 0.0045972 seconds, Stopping threads took: 0.0000171 seconds
190.591: [GC (Allocation Failure)  673768K->360587K(1034240K), 0.0041094 secs]
190.595: Total time for which application threads were stopped: 0.0043076 seconds, Stopping threads took: 0.0000265 seconds
190.665: [GC (Allocation Failure)  681099K->360491K(1034240K), 0.0045431 secs]
190.670: Total time for which application threads were stopped: 0.0047138 seconds, Stopping threads took: 0.0000203 seconds
190.738: [GC (Allocation Failure)  681003K->363563K(1034240K), 0.0048566 secs]
190.743: Total time for which application threads were stopped: 0.0050320 seconds, Stopping threads took: 0.0000205 seconds
190.813: [GC (Allocation Failure)  684075K->368557K(1034752K), 0.0043374 secs]
190.817: Total time for which application threads were stopped: 0.0045068 seconds, Stopping threads took: 0.0000202 seconds
190.886: [GC (Allocation Failure)  690093K->368525K(1034752K), 0.0042942 secs]
190.891: Total time for which application threads were stopped: 0.0044664 seconds, Stopping threads took: 0.0000201 seconds
190.957: [GC (Allocation Failure)  690061K->371789K(1034752K), 0.0051155 secs]
190.963: Total time for which application threads were stopped: 0.0052795 seconds, Stopping threads took: 0.0000207 seconds
191.032: [GC (Allocation Failure)  693325K->376527K(1034752K), 0.0046662 secs]
191.037: Total time for which application threads were stopped: 0.0048481 seconds, Stopping threads took: 0.0000286 seconds
191.104: [GC (Allocation Failure)  698063K->376559K(1034752K), 0.0043229 secs]
191.109: Total time for which application threads were stopped: 0.0045015 seconds, Stopping threads took: 0.0000198 seconds
191.174: [GC (Allocation Failure)  698095K->376967K(1034752K), 0.0043660 secs]
191.178: Total time for which application threads were stopped: 0.0045475 seconds, Stopping threads took: 0.0000206 seconds
191.246: [GC (Allocation Failure)  698503K->384586K(1034752K), 0.0046071 secs]
191.251: Total time for which application threads were stopped: 0.0047688 seconds, Stopping threads took: 0.0000200 seconds
191.318: [GC (Allocation Failure)  706122K->384554K(1034752K), 0.0044030 secs]
191.322: Total time for which application threads were stopped: 0.0045711 seconds, Stopping threads took: 0.0000195 seconds
191.387: [GC (Allocation Failure)  706090K->386218K(1034752K), 0.0045430 secs]
191.392: Total time for which application threads were stopped: 0.0047157 seconds, Stopping threads took: 0.0000203 seconds
191.460: [GC (Allocation Failure)  707754K->392620K(1029120K), 0.0045746 secs]
191.465: Total time for which application threads were stopped: 0.0047506 seconds, Stopping threads took: 0.0000209 seconds
191.530: [GC (Allocation Failure)  714156K->392588K(1034752K), 0.0045426 secs]
191.535: Total time for which application threads were stopped: 0.0047488 seconds, Stopping threads took: 0.0000226 seconds
191.602: [GC (Allocation Failure)  713612K->394956K(1034240K), 0.0047398 secs]
191.607: Total time for which application threads were stopped: 0.0049093 seconds, Stopping threads took: 0.0000194 seconds
191.675: [GC (Allocation Failure)  715980K->400750K(1034752K), 0.0044092 secs]
191.679: Total time for which application threads were stopped: 0.0045800 seconds, Stopping threads took: 0.0000204 seconds
191.747: [GC (Allocation Failure)  722286K->400622K(1034752K), 0.0045502 secs]
191.752: Total time for which application threads were stopped: 0.0047188 seconds, Stopping threads took: 0.0000198 seconds
191.817: [GC (Allocation Failure)  722158K->403694K(1034752K), 0.0048945 secs]
191.822: Total time for which application threads were stopped: 0.0050571 seconds, Stopping threads took: 0.0000209 seconds
191.890: [GC (Allocation Failure)  725230K->408720K(1034752K), 0.0044217 secs]
191.894: Total time for which application threads were stopped: 0.0045832 seconds, Stopping threads took: 0.0000201 seconds
191.961: [GC (Allocation Failure)  730256K->408656K(1034752K), 0.0044923 secs]
191.965: Total time for which application threads were stopped: 0.0046503 seconds, Stopping threads took: 0.0000201 seconds
192.032: [GC (Allocation Failure)  730192K->408840K(1021440K), 0.0044436 secs]
192.036: Total time for which application threads were stopped: 0.0046108 seconds, Stopping threads took: 0.0000202 seconds
192.105: [GC (Allocation Failure)  730376K->416715K(1034240K), 0.0044203 secs]
192.109: Total time for which application threads were stopped: 0.0045879 seconds, Stopping threads took: 0.0000280 seconds
192.178: [GC (Allocation Failure)  737227K->416683K(1034240K), 0.0044219 secs]
192.182: Total time for which application threads were stopped: 0.0047385 seconds, Stopping threads took: 0.0000199 seconds
192.248: [GC (Allocation Failure)  737195K->420107K(1034752K), 0.0052221 secs]
192.253: Total time for which application threads were stopped: 0.0053848 seconds, Stopping threads took: 0.0000195 seconds
192.319: [GC (Allocation Failure)  741131K->424813K(1034240K), 0.0047304 secs]
192.324: Total time for which application threads were stopped: 0.0049068 seconds, Stopping threads took: 0.0000202 seconds
192.393: [GC (Allocation Failure)  745837K->424685K(1034752K), 0.0045476 secs]
192.397: Total time for which application threads were stopped: 0.0047089 seconds, Stopping threads took: 0.0000196 seconds
192.466: [GC (Allocation Failure)  746221K->428301K(1034752K), 0.0052442 secs]
192.472: Total time for which application threads were stopped: 0.0054250 seconds, Stopping threads took: 0.0000365 seconds
192.540: [GC (Allocation Failure)  749837K->432815K(1034752K), 0.0044817 secs]
192.545: Total time for which application threads were stopped: 0.0046758 seconds, Stopping threads took: 0.0000201 seconds
192.613: [GC (Allocation Failure)  754351K->432783K(1034752K), 0.0043082 secs]
192.617: Total time for which application threads were stopped: 0.0044720 seconds, Stopping threads took: 0.0000205 seconds
192.684: [GC (Allocation Failure)  754319K->433447K(1034752K), 0.0045524 secs]
192.689: Total time for which application threads were stopped: 0.0047163 seconds, Stopping threads took: 0.0000201 seconds
192.757: [GC (Allocation Failure)  754983K->440777K(1034752K), 0.0047332 secs]
192.762: Total time for which application threads were stopped: 0.0048987 seconds, Stopping threads took: 0.0000213 seconds
192.829: [GC (Allocation Failure)  762313K->440777K(1034752K), 0.0045794 secs]
192.834: Total time for which application threads were stopped: 0.0047452 seconds, Stopping threads took: 0.0000209 seconds
192.900: [GC (Allocation Failure)  762313K->442729K(1034752K), 0.0047956 secs]
192.905: Total time for which application threads were stopped: 0.0049683 seconds, Stopping threads took: 0.0000206 seconds
192.973: [GC (Allocation Failure)  764265K->448876K(1034752K), 0.0045358 secs]
192.977: Total time for which application threads were stopped: 0.0047099 seconds, Stopping threads took: 0.0000208 seconds
193.046: [GC (Allocation Failure)  770412K->448812K(1034752K), 0.0042220 secs]
193.050: Total time for which application threads were stopped: 0.0043860 seconds, Stopping threads took: 0.0000254 seconds
193.117: [GC (Allocation Failure)  770348K->451980K(1034752K), 0.0051163 secs]
193.122: Total time for which application threads were stopped: 0.0052984 seconds, Stopping threads took: 0.0000208 seconds
193.191: [GC (Allocation Failure)  773516K->456974K(1034752K), 0.0046216 secs]
193.196: Total time for which application threads were stopped: 0.0048018 seconds, Stopping threads took: 0.0000208 seconds
193.263: [GC (Allocation Failure)  778510K->456878K(1034752K), 0.0044651 secs]
193.267: Total time for which application threads were stopped: 0.0046284 seconds, Stopping threads took: 0.0000207 seconds
193.333: [GC (Allocation Failure)  778414K->457102K(1034752K), 0.0045322 secs]
193.338: Total time for which application threads were stopped: 0.0047237 seconds, Stopping threads took: 0.0000199 seconds
193.405: [GC (Allocation Failure)  778638K->464944K(1033728K), 0.0046251 secs]
193.410: Total time for which application threads were stopped: 0.0047979 seconds, Stopping threads took: 0.0000212 seconds
193.476: [GC (Allocation Failure)  785456K->464880K(1034240K), 0.0045604 secs]
193.481: Total time for which application threads were stopped: 0.0047197 seconds, Stopping threads took: 0.0000191 seconds
193.548: [GC (Allocation Failure)  785392K->468424K(1034752K), 0.0051325 secs]
193.553: Total time for which application threads were stopped: 0.0052901 seconds, Stopping threads took: 0.0000256 seconds
193.620: [GC (Allocation Failure)  789448K->472938K(1034240K), 0.0046595 secs]
193.625: Total time for which application threads were stopped: 0.0048704 seconds, Stopping threads took: 0.0000202 seconds
193.693: [GC (Allocation Failure)  793962K->472906K(1034752K), 0.0047865 secs]
193.698: Total time for which application threads were stopped: 0.0049586 seconds, Stopping threads took: 0.0000203 seconds
193.765: [GC (Allocation Failure)  794442K->476682K(1034752K), 0.0053717 secs]
193.771: Total time for which application threads were stopped: 0.0055709 seconds, Stopping threads took: 0.0000206 seconds
193.840: [GC (Allocation Failure)  798218K->480973K(1035264K), 0.0076204 secs]
193.848: Total time for which application threads were stopped: 0.0077699 seconds, Stopping threads took: 0.0000176 seconds
193.916: [GC (Allocation Failure)  803533K->480973K(1035264K), 0.0044258 secs]
193.921: Total time for which application threads were stopped: 0.0045806 seconds, Stopping threads took: 0.0000193 seconds
193.988: [GC (Allocation Failure)  803533K->483885K(1035264K), 0.0051189 secs]
193.993: Total time for which application threads were stopped: 0.0052787 seconds, Stopping threads took: 0.0000196 seconds
194.061: [GC (Allocation Failure)  806445K->489007K(1035264K), 0.0043215 secs]
194.066: Total time for which application threads were stopped: 0.0044829 seconds, Stopping threads took: 0.0000274 seconds
194.134: [GC (Allocation Failure)  811567K->488975K(1035264K), 0.0044114 secs]
194.139: Total time for which application threads were stopped: 0.0045740 seconds, Stopping threads took: 0.0000192 seconds
194.206: [GC (Allocation Failure)  811535K->492135K(1035264K), 0.0050756 secs]
194.211: Total time for which application threads were stopped: 0.0052629 seconds, Stopping threads took: 0.0000205 seconds
194.279: [GC (Allocation Failure)  814695K->497129K(1035264K), 0.0046789 secs]
194.284: Total time for which application threads were stopped: 0.0048471 seconds, Stopping threads took: 0.0000216 seconds
194.352: [GC (Allocation Failure)  819689K->496969K(1035264K), 0.0045320 secs]
194.357: Total time for which application threads were stopped: 0.0046941 seconds, Stopping threads took: 0.0000205 seconds
194.424: [GC (Allocation Failure)  819529K->500361K(1035264K), 0.0051348 secs]
194.429: Total time for which application threads were stopped: 0.0053030 seconds, Stopping threads took: 0.0000200 seconds
194.497: [GC (Allocation Failure)  822921K->505100K(1035264K), 0.0047071 secs]
194.502: Total time for which application threads were stopped: 0.0048740 seconds, Stopping threads took: 0.0000196 seconds
194.570: [GC (Allocation Failure)  827660K->505004K(1035264K), 0.0054057 secs]
194.576: Total time for which application threads were stopped: 0.0055695 seconds, Stopping threads took: 0.0000260 seconds
194.643: [GC (Allocation Failure)  827564K->508620K(1035264K), 0.0052024 secs]
194.649: Total time for which application threads were stopped: 0.0053679 seconds, Stopping threads took: 0.0000279 seconds
194.716: [GC (Allocation Failure)  831180K->513070K(1035776K), 0.0045973 secs]
194.721: Total time for which application threads were stopped: 0.0047738 seconds, Stopping threads took: 0.0000198 seconds
194.790: [GC (Allocation Failure)  836654K->513070K(1035776K), 0.0046670 secs]
194.794: Total time for which application threads were stopped: 0.0048880 seconds, Stopping threads took: 0.0000285 seconds
194.862: [GC (Allocation Failure)  836654K->506732K(1034752K), 0.0022445 secs]
194.864: Total time for which application threads were stopped: 0.0024099 seconds, Stopping threads took: 0.0000415 seconds
194.932: [GC (Allocation Failure)  829292K->513262K(1035264K), 0.0047690 secs]
194.937: Total time for which application threads were stopped: 0.0049415 seconds, Stopping threads took: 0.0000197 seconds
195.004: [GC (Allocation Failure)  835822K->513070K(1035264K), 0.0043761 secs]
195.009: Total time for which application threads were stopped: 0.0045727 seconds, Stopping threads took: 0.0000213 seconds
195.078: [GC (Allocation Failure)  835630K->510988K(1035264K), 0.0037375 secs]
195.082: Total time for which application threads were stopped: 0.0039104 seconds, Stopping threads took: 0.0000198 seconds
195.150: [GC (Allocation Failure)  833548K->513230K(1035776K), 0.0045431 secs]
195.155: Total time for which application threads were stopped: 0.0047182 seconds, Stopping threads took: 0.0000208 seconds
195.223: [GC (Allocation Failure)  836814K->513070K(1035776K), 0.0047367 secs]
195.228: Total time for which application threads were stopped: 0.0048982 seconds, Stopping threads took: 0.0000203 seconds
195.294: [GC (Allocation Failure)  836654K->517388K(1032704K), 0.0063807 secs]
195.300: Total time for which application threads were stopped: 0.0065672 seconds, Stopping threads took: 0.0000196 seconds
195.369: [GC (Allocation Failure)  837900K->513198K(1034240K), 0.0044174 secs]
195.374: Total time for which application threads were stopped: 0.0045678 seconds, Stopping threads took: 0.0000174 seconds
195.441: [GC (Allocation Failure)  833710K->513070K(1035264K), 0.0046505 secs]
195.446: Total time for which application threads were stopped: 0.0048195 seconds, Stopping threads took: 0.0000201 seconds
195.515: [GC (Allocation Failure)  835118K->517068K(1033728K), 0.0061053 secs]
195.521: Total time for which application threads were stopped: 0.0062971 seconds, Stopping threads took: 0.0000193 seconds
195.591: [GC (Allocation Failure)  839116K->513102K(1034752K), 0.0046558 secs]
195.596: Total time for which application threads were stopped: 0.0048134 seconds, Stopping threads took: 0.0000254 seconds
195.664: [GC (Allocation Failure)  833614K->513102K(1033728K), 0.0044979 secs]
195.669: Total time for which application threads were stopped: 0.0046935 seconds, Stopping threads took: 0.0000207 seconds
195.737: [GC (Allocation Failure)  833614K->516748K(1033216K), 0.0061716 secs]
195.743: Total time for which application threads were stopped: 0.0063281 seconds, Stopping threads took: 0.0000194 seconds
195.811: [GC (Allocation Failure)  837260K->513326K(1034240K), 0.0048253 secs]
195.816: Total time for which application threads were stopped: 0.0049748 seconds, Stopping threads took: 0.0000203 seconds
195.886: [GC (Allocation Failure)  833838K->513070K(1035264K), 0.0044463 secs]
195.890: Total time for which application threads were stopped: 0.0046251 seconds, Stopping threads took: 0.0000206 seconds
195.959: [GC (Allocation Failure)  835118K->516460K(1034752K), 0.0058747 secs]
195.965: Total time for which application threads were stopped: 0.0060479 seconds, Stopping threads took: 0.0000201 seconds
196.034: [GC (Allocation Failure)  838508K->513262K(1035264K), 0.0043923 secs]
196.039: Total time for which application threads were stopped: 0.0045722 seconds, Stopping threads took: 0.0000196 seconds
196.108: [GC (Allocation Failure)  835310K->513102K(1034752K), 0.0044671 secs]
196.112: Total time for which application threads were stopped: 0.0046501 seconds, Stopping threads took: 0.0000268 seconds
196.180: [GC (Allocation Failure)  835150K->519180K(1032192K), 0.0073000 secs]
196.188: Total time for which application threads were stopped: 0.0074724 seconds, Stopping threads took: 0.0000284 seconds
196.255: [GC (Allocation Failure)  838668K->514062K(1033728K), 0.0047735 secs]
196.259: Total time for which application threads were stopped: 0.0049493 seconds, Stopping threads took: 0.0000205 seconds
196.327: [GC (Allocation Failure)  833550K->513966K(1034752K), 0.0045111 secs]
196.331: Total time for which application threads were stopped: 0.0046895 seconds, Stopping threads took: 0.0000285 seconds
196.398: [GC (Allocation Failure)  834990K->516652K(1034240K), 0.0057849 secs]
196.404: Total time for which application threads were stopped: 0.0059450 seconds, Stopping threads took: 0.0000184 seconds
196.472: [GC (Allocation Failure)  837676K->513998K(1034752K), 0.0045921 secs]
196.476: Total time for which application threads were stopped: 0.0047877 seconds, Stopping threads took: 0.0000207 seconds
196.545: [GC (Allocation Failure)  835022K->513934K(1034240K), 0.0045336 secs]
196.550: Total time for which application threads were stopped: 0.0046834 seconds, Stopping threads took: 0.0000174 seconds
196.617: [GC (Allocation Failure)  834958K->516364K(1034752K), 0.0081952 secs]
196.625: Total time for which application threads were stopped: 0.0083626 seconds, Stopping threads took: 0.0000271 seconds
196.694: [GC (Allocation Failure)  837900K->514190K(1034752K), 0.0047342 secs]
196.699: Total time for which application threads were stopped: 0.0049237 seconds, Stopping threads took: 0.0000383 seconds
196.767: [GC (Allocation Failure)  835726K->513934K(1035264K), 0.0047174 secs]
196.772: Total time for which application threads were stopped: 0.0048913 seconds, Stopping threads took: 0.0000212 seconds
196.840: [GC (Allocation Failure)  836494K->518572K(1034752K), 0.0091745 secs]
196.849: Total time for which application threads were stopped: 0.0093324 seconds, Stopping threads took: 0.0000208 seconds
196.916: [GC (Allocation Failure)  841132K->514158K(1034752K), 0.0045852 secs]
196.921: Total time for which application threads were stopped: 0.0047563 seconds, Stopping threads took: 0.0000202 seconds
196.989: [GC (Allocation Failure)  835694K->513934K(1034752K), 0.0045238 secs]
196.994: Total time for which application threads were stopped: 0.0046897 seconds, Stopping threads took: 0.0000209 seconds
197.060: [GC (Allocation Failure)  835470K->520812K(1031680K), 0.0076808 secs]
197.067: Total time for which application threads were stopped: 0.0078479 seconds, Stopping threads took: 0.0000265 seconds
197.136: [GC (Allocation Failure)  839276K->515214K(1033216K), 0.0044928 secs]
197.140: Total time for which application threads were stopped: 0.0046597 seconds, Stopping threads took: 0.0000190 seconds
197.207: [GC (Allocation Failure)  833678K->515054K(1033728K), 0.0047027 secs]
197.212: Total time for which application threads were stopped: 0.0048912 seconds, Stopping threads took: 0.0000195 seconds
197.281: [GC (Allocation Failure)  834542K->514988K(1033728K), 0.0046277 secs]
197.286: Total time for which application threads were stopped: 0.0048176 seconds, Stopping threads took: 0.0000190 seconds
197.354: [GC (Allocation Failure)  834476K->515150K(1034240K), 0.0045511 secs]
197.359: Total time for which application threads were stopped: 0.0047123 seconds, Stopping threads took: 0.0000197 seconds
197.426: [GC (Allocation Failure)  835662K->515086K(1034240K), 0.0047877 secs]
197.430: Total time for which application threads were stopped: 0.0049497 seconds, Stopping threads took: 0.0000201 seconds
197.497: [GC (Allocation Failure)  835598K->512108K(1033728K), 0.0036346 secs]
197.501: Total time for which application threads were stopped: 0.0038014 seconds, Stopping threads took: 0.0000196 seconds
197.569: [GC (Allocation Failure)  832620K->515118K(1034240K), 0.0044120 secs]
197.573: Total time for which application threads were stopped: 0.0045809 seconds, Stopping threads took: 0.0000268 seconds
197.641: [GC (Allocation Failure)  835630K->515054K(1035264K), 0.0045275 secs]
197.646: Total time for which application threads were stopped: 0.0047235 seconds, Stopping threads took: 0.0000208 seconds
197.714: [GC (Allocation Failure)  837102K->511820K(1034752K), 0.0032924 secs]
197.718: Total time for which application threads were stopped: 0.0034429 seconds, Stopping threads took: 0.0000175 seconds
197.785: [GC (Allocation Failure)  833868K->515310K(1035776K), 0.0046482 secs]
197.790: Total time for which application threads were stopped: 0.0048103 seconds, Stopping threads took: 0.0000202 seconds
197.861: [GC (Allocation Failure)  838382K->515054K(1035264K), 0.0058903 secs]
197.867: Total time for which application threads were stopped: 0.0060377 seconds, Stopping threads took: 0.0000262 seconds
197.932: [GC (Allocation Failure)  838126K->516588K(1035776K), 0.0054027 secs]
197.938: Total time for which application threads were stopped: 0.0055836 seconds, Stopping threads took: 0.0000283 seconds
198.006: [GC (Allocation Failure)  840172K->515246K(1035776K), 0.0045443 secs]
198.010: Total time for which application threads were stopped: 0.0047084 seconds, Stopping threads took: 0.0000199 seconds
198.079: [GC (Allocation Failure)  838830K->515022K(1036800K), 0.0044190 secs]
198.084: Total time for which application threads were stopped: 0.0045840 seconds, Stopping threads took: 0.0000264 seconds
198.152: [GC (Allocation Failure)  840142K->509132K(1027072K), 0.0024783 secs]
198.154: Total time for which application threads were stopped: 0.0026285 seconds, Stopping threads took: 0.0000196 seconds
198.223: [GC (Allocation Failure)  834252K->515182K(1036288K), 0.0047359 secs]
198.227: Total time for which application threads were stopped: 0.0049140 seconds, Stopping threads took: 0.0000283 seconds
198.295: [GC (Allocation Failure)  839278K->519206K(1035776K), 0.0049438 secs]
198.300: Total time for which application threads were stopped: 0.0051117 seconds, Stopping threads took: 0.0000202 seconds
198.367: [GC (Allocation Failure)  843302K->519206K(1036800K), 0.0046908 secs]
198.372: Total time for which application threads were stopped: 0.0048563 seconds, Stopping threads took: 0.0000202 seconds
198.438: [GC (Allocation Failure)  844326K->519342K(1025024K), 0.0045652 secs]
198.443: Total time for which application threads were stopped: 0.0047596 seconds, Stopping threads took: 0.0000206 seconds
198.512: [GC (Allocation Failure)  844462K->527248K(1035776K), 0.0047816 secs]
198.517: Total time for which application threads were stopped: 0.0049463 seconds, Stopping threads took: 0.0000177 seconds
198.588: [GC (Allocation Failure)  850832K->527280K(1035776K), 0.0045959 secs]
198.593: Total time for which application threads were stopped: 0.0047691 seconds, Stopping threads took: 0.0000269 seconds
198.660: [GC (Allocation Failure)  850864K->527304K(1034240K), 0.0047298 secs]
198.665: Total time for which application threads were stopped: 0.0049047 seconds, Stopping threads took: 0.0000270 seconds
198.733: [GC (Allocation Failure)  849864K->535274K(1035264K), 0.0044670 secs]
198.737: Total time for which application threads were stopped: 0.0046316 seconds, Stopping threads took: 0.0000200 seconds
198.805: [GC (Allocation Failure)  857834K->535274K(1035264K), 0.0047067 secs]
198.810: Total time for which application threads were stopped: 0.0048738 seconds, Stopping threads took: 0.0000203 seconds
198.878: [GC (Allocation Failure)  857834K->535562K(1022464K), 0.0047364 secs]
198.883: Total time for which application threads were stopped: 0.0049282 seconds, Stopping threads took: 0.0000203 seconds
198.952: [GC (Allocation Failure)  858122K->543309K(1034752K), 0.0047056 secs]
198.957: Total time for which application threads were stopped: 0.0048833 seconds, Stopping threads took: 0.0000197 seconds
199.025: [GC (Allocation Failure)  864845K->543309K(1034752K), 0.0049410 secs]
199.030: Total time for which application threads were stopped: 0.0051108 seconds, Stopping threads took: 0.0000206 seconds
199.097: [GC (Allocation Failure)  864845K->543365K(1034240K), 0.0049012 secs]
199.102: Total time for which application threads were stopped: 0.0050740 seconds, Stopping threads took: 0.0000204 seconds
199.169: [GC (Allocation Failure)  864901K->551367K(1034752K), 0.0048291 secs]
199.174: Total time for which application threads were stopped: 0.0050052 seconds, Stopping threads took: 0.0000260 seconds
199.241: [GC (Allocation Failure)  872903K->551367K(1034752K), 0.0071111 secs]
199.249: Total time for which application threads were stopped: 0.0072593 seconds, Stopping threads took: 0.0000206 seconds
199.316: [GC (Allocation Failure)  872903K->551495K(1021440K), 0.0045369 secs]
199.320: Total time for which application threads were stopped: 0.0046947 seconds, Stopping threads took: 0.0000196 seconds
199.387: [GC (Allocation Failure)  873031K->559369K(1034240K), 0.0047640 secs]
199.392: Total time for which application threads were stopped: 0.0049288 seconds, Stopping threads took: 0.0000193 seconds
199.459: [GC (Allocation Failure)  879881K->559401K(1034240K), 0.0046238 secs]
199.464: Total time for which application threads were stopped: 0.0048036 seconds, Stopping threads took: 0.0000195 seconds
199.530: [GC (Allocation Failure)  879913K->559721K(1034240K), 0.0049585 secs]
199.535: Total time for which application threads were stopped: 0.0051244 seconds, Stopping threads took: 0.0000209 seconds
199.603: [GC (Allocation Failure)  880233K->567435K(1034240K), 0.0049276 secs]
199.608: Total time for which application threads were stopped: 0.0051002 seconds, Stopping threads took: 0.0000203 seconds
199.676: [GC (Allocation Failure)  887947K->567403K(1034240K), 0.0046262 secs]
199.681: Total time for which application threads were stopped: 0.0047977 seconds, Stopping threads took: 0.0000261 seconds
199.748: [GC (Allocation Failure)  887915K->567915K(1020928K), 0.0047922 secs]
199.752: Total time for which application threads were stopped: 0.0049532 seconds, Stopping threads took: 0.0000200 seconds
199.820: [GC (Allocation Failure)  888427K->575438K(1033728K), 0.0049640 secs]
199.825: Total time for which application threads were stopped: 0.0051460 seconds, Stopping threads took: 0.0000203 seconds
199.893: [GC (Allocation Failure)  894926K->575438K(1033728K), 0.0046251 secs]
199.897: Total time for which application threads were stopped: 0.0047870 seconds, Stopping threads took: 0.0000204 seconds
199.963: [GC (Allocation Failure)  894926K->575654K(1033728K), 0.0049323 secs]
199.968: Total time for which application threads were stopped: 0.0051121 seconds, Stopping threads took: 0.0000202 seconds
200.035: [GC (Allocation Failure)  895142K->583464K(1033728K), 0.0045040 secs]
200.040: Total time for which application threads were stopped: 0.0046863 seconds, Stopping threads took: 0.0000203 seconds
200.107: [GC (Allocation Failure)  902952K->583464K(1033728K), 0.0048915 secs]
200.112: Total time for which application threads were stopped: 0.0050695 seconds, Stopping threads took: 0.0000269 seconds
200.178: [GC (Allocation Failure)  902952K->583528K(1033728K), 0.0046481 secs]
200.183: Total time for which application threads were stopped: 0.0048409 seconds, Stopping threads took: 0.0000203 seconds
200.253: [GC (Allocation Failure)  903016K->591498K(1033728K), 0.0046153 secs]
200.258: Total time for which application threads were stopped: 0.0047671 seconds, Stopping threads took: 0.0000199 seconds
200.325: [GC (Allocation Failure)  910986K->591530K(1033728K), 0.0045842 secs]
200.330: Total time for which application threads were stopped: 0.0047546 seconds, Stopping threads took: 0.0000284 seconds
200.396: [GC (Allocation Failure)  911018K->591626K(1032704K), 0.0049983 secs]
200.401: Total time for which application threads were stopped: 0.0051569 seconds, Stopping threads took: 0.0000196 seconds
200.470: [GC (Allocation Failure)  910090K->599564K(1033216K), 0.0048565 secs]
200.475: Total time for which application threads were stopped: 0.0050354 seconds, Stopping threads took: 0.0000214 seconds
200.540: [GC (Allocation Failure)  918028K->599532K(1033216K), 0.0045631 secs]
200.545: Total time for which application threads were stopped: 0.0047254 seconds, Stopping threads took: 0.0000203 seconds
200.610: [GC (Allocation Failure)  917996K->599596K(1033216K), 0.0048174 secs]
200.615: Total time for which application threads were stopped: 0.0049869 seconds, Stopping threads took: 0.0000256 seconds
200.682: [GC (Allocation Failure)  918060K->607567K(1033216K), 0.0049745 secs]
200.687: Total time for which application threads were stopped: 0.0051516 seconds, Stopping threads took: 0.0000209 seconds
200.753: [GC (Allocation Failure)  926031K->602476K(1033216K), 0.0066153 secs]
200.760: Total time for which application threads were stopped: 0.0067783 seconds, Stopping threads took: 0.0000190 seconds
200.826: [GC (Allocation Failure)  920940K->607783K(1034752K), 0.0047251 secs]
200.831: Total time for which application threads were stopped: 0.0048985 seconds, Stopping threads took: 0.0000194 seconds
200.901: [GC (Allocation Failure)  928295K->611695K(1033728K), 0.0047020 secs]
200.906: Total time for which application threads were stopped: 0.0048612 seconds, Stopping threads took: 0.0000174 seconds
200.974: [GC (Allocation Failure)  932207K->619100K(1029120K), 0.0142123 secs]
200.988: Total time for which application threads were stopped: 0.0143879 seconds, Stopping threads took: 0.0000202 seconds
201.056: [GC (Allocation Failure)  934492K->613023K(1031680K), 0.0047626 secs]
201.061: Total time for which application threads were stopped: 0.0049286 seconds, Stopping threads took: 0.0000259 seconds
201.126: [GC (Allocation Failure)  928415K->612831K(1032704K), 0.0048294 secs]
201.131: Total time for which application threads were stopped: 0.0050119 seconds, Stopping threads took: 0.0000219 seconds
201.195: [GC (Allocation Failure)  929759K->616775K(1032192K), 0.0058011 secs]
201.201: Total time for which application threads were stopped: 0.0059711 seconds, Stopping threads took: 0.0000203 seconds
201.270: [GC (Allocation Failure)  933703K->621001K(1033216K), 0.0048633 secs]
201.275: Total time for which application threads were stopped: 0.0050274 seconds, Stopping threads took: 0.0000203 seconds
201.343: [GC (Allocation Failure)  938953K->620873K(1032704K), 0.0047660 secs]
201.347: Total time for which application threads were stopped: 0.0049387 seconds, Stopping threads took: 0.0000201 seconds
201.415: [GC (Allocation Failure)  938825K->622441K(1032704K), 0.0048804 secs]
201.420: Total time for which application threads were stopped: 0.0050620 seconds, Stopping threads took: 0.0000203 seconds
201.487: [GC (Allocation Failure)  940905K->628971K(1033216K), 0.0048175 secs]
201.492: Total time for which application threads were stopped: 0.0049820 seconds, Stopping threads took: 0.0000207 seconds
201.560: [GC (Allocation Failure)  947435K->628907K(1033728K), 0.0049529 secs]
201.565: Total time for which application threads were stopped: 0.0051331 seconds, Stopping threads took: 0.0000266 seconds
201.632: [GC (Allocation Failure)  948395K->631691K(1033728K), 0.0052429 secs]
201.637: Total time for which application threads were stopped: 0.0054176 seconds, Stopping threads took: 0.0000206 seconds
201.706: [GC (Allocation Failure)  951179K->636942K(1034240K), 0.0049123 secs]
201.711: Total time for which application threads were stopped: 0.0050764 seconds, Stopping threads took: 0.0000202 seconds
201.778: [GC (Allocation Failure)  956942K->636974K(1033728K), 0.0048542 secs]
201.783: Total time for which application threads were stopped: 0.0050335 seconds, Stopping threads took: 0.0000224 seconds
201.849: [GC (Allocation Failure)  956974K->639918K(1034240K), 0.0068367 secs]
201.856: Total time for which application threads were stopped: 0.0070447 seconds, Stopping threads took: 0.0000260 seconds
201.923: [GC (Allocation Failure)  960430K->644976K(1034240K), 0.0046632 secs]
201.928: Total time for which application threads were stopped: 0.0048161 seconds, Stopping threads took: 0.0000179 seconds
201.995: [GC (Allocation Failure)  965488K->644976K(1034752K), 0.0048914 secs]
202.000: Total time for which application threads were stopped: 0.0050605 seconds, Stopping threads took: 0.0000199 seconds
202.066: [GC (Allocation Failure)  966512K->647144K(1034752K), 0.0050085 secs]
202.071: Total time for which application threads were stopped: 0.0051710 seconds, Stopping threads took: 0.0000261 seconds
202.139: [GC (Allocation Failure)  968680K->653034K(1034752K), 0.0047085 secs]
202.144: Total time for which application threads were stopped: 0.0048717 seconds, Stopping threads took: 0.0000265 seconds
202.210: [GC (Allocation Failure)  974570K->652970K(1034752K), 0.0069447 secs]
202.217: Total time for which application threads were stopped: 0.0071083 seconds, Stopping threads took: 0.0000209 seconds
202.282: [GC (Allocation Failure)  974506K->656394K(1034752K), 0.0056904 secs]
202.288: Total time for which application threads were stopped: 0.0058484 seconds, Stopping threads took: 0.0000197 seconds
202.356: [GC (Allocation Failure)  977930K->661132K(1034752K), 0.0049525 secs]
202.361: Total time for which application threads were stopped: 0.0051238 seconds, Stopping threads took: 0.0000204 seconds
202.429: [GC (Allocation Failure)  982668K->661036K(1035264K), 0.0049851 secs]
202.434: Total time for which application threads were stopped: 0.0052064 seconds, Stopping threads took: 0.0000211 seconds
202.503: [GC (Allocation Failure)  983084K->662060K(1034752K), 0.0049985 secs]
202.508: Total time for which application threads were stopped: 0.0051594 seconds, Stopping threads took: 0.0000194 seconds
202.578: [GC (Allocation Failure)  984108K->669103K(1034752K), 0.0047445 secs]
202.583: Total time for which application threads were stopped: 0.0049198 seconds, Stopping threads took: 0.0000274 seconds
202.648: [GC (Allocation Failure)  990639K->669071K(1034752K), 0.0050757 secs]
202.654: Total time for which application threads were stopped: 0.0052588 seconds, Stopping threads took: 0.0000204 seconds
202.721: [GC (Allocation Failure)  990607K->671847K(1034752K), 0.0055097 secs]
202.726: Total time for which application threads were stopped: 0.0056823 seconds, Stopping threads took: 0.0000194 seconds
202.795: [GC (Allocation Failure)  993383K->677097K(1034752K), 0.0051160 secs]
202.800: Total time for which application threads were stopped: 0.0053088 seconds, Stopping threads took: 0.0000210 seconds
202.871: [GC (Allocation Failure)  998633K->677129K(1034752K), 0.0048144 secs]
202.876: Total time for which application threads were stopped: 0.0049978 seconds, Stopping threads took: 0.0000156 seconds
202.941: [GC (Allocation Failure)  998665K->681097K(1034752K), 0.0058764 secs]
202.947: Total time for which application threads were stopped: 0.0060346 seconds, Stopping threads took: 0.0000173 seconds
203.016: [GC (Allocation Failure)  1002633K->685163K(1035264K), 0.0048859 secs]
203.021: Total time for which application threads were stopped: 0.0050808 seconds, Stopping threads took: 0.0000213 seconds
203.091: [GC (Allocation Failure)  1007723K->685131K(1035264K), 0.0047647 secs]
203.096: Total time for which application threads were stopped: 0.0049343 seconds, Stopping threads took: 0.0000281 seconds
203.163: [GC (Allocation Failure)  1007691K->688291K(1035264K), 0.0056162 secs]
203.169: [Full GC (Ergonomics)  688291K->11628K(1035264K), 0.0169428 secs]
203.186: Total time for which application threads were stopped: 0.0228400 seconds, Stopping threads took: 0.0000194 seconds
203.254: [GC (Allocation Failure)  334188K->20686K(1031168K), 0.0038908 secs]
203.258: Total time for which application threads were stopped: 0.0040478 seconds, Stopping threads took: 0.0000172 seconds
203.327: [GC (Allocation Failure)  343246K->20718K(1035264K), 0.0039132 secs]
203.331: Total time for which application threads were stopped: 0.0040742 seconds, Stopping threads took: 0.0000196 seconds
203.397: [GC (Allocation Failure)  342766K->23526K(1034752K), 0.0044618 secs]
203.402: Total time for which application threads were stopped: 0.0046325 seconds, Stopping threads took: 0.0000223 seconds
203.469: [GC (Allocation Failure)  345574K->28808K(1035264K), 0.0037576 secs]
203.473: Total time for which application threads were stopped: 0.0039280 seconds, Stopping threads took: 0.0000207 seconds
203.541: [GC (Allocation Failure)  351368K->28712K(1035264K), 0.0037408 secs]
203.544: Total time for which application threads were stopped: 0.0039371 seconds, Stopping threads took: 0.0000202 seconds
203.614: [GC (Allocation Failure)  351272K->31240K(1035264K), 0.0043541 secs]
203.618: Total time for which application threads were stopped: 0.0045323 seconds, Stopping threads took: 0.0000259 seconds
203.686: [GC (Allocation Failure)  353800K->36779K(1035264K), 0.0038063 secs]
203.690: Total time for which application threads were stopped: 0.0039977 seconds, Stopping threads took: 0.0000208 seconds
203.758: [GC (Allocation Failure)  359339K->36747K(1035264K), 0.0037778 secs]
203.762: Total time for which application threads were stopped: 0.0039596 seconds, Stopping threads took: 0.0000276 seconds
203.831: [GC (Allocation Failure)  359307K->39499K(1035264K), 0.0042543 secs]
203.835: Total time for which application threads were stopped: 0.0044347 seconds, Stopping threads took: 0.0000222 seconds
203.903: [GC (Allocation Failure)  362059K->45005K(1035264K), 0.0037183 secs]
203.907: Total time for which application threads were stopped: 0.0039205 seconds, Stopping threads took: 0.0000206 seconds
203.975: [GC (Allocation Failure)  367565K->44813K(1035264K), 0.0035662 secs]
203.979: Total time for which application threads were stopped: 0.0037344 seconds, Stopping threads took: 0.0000204 seconds
204.045: [GC (Allocation Failure)  367373K->39659K(1035264K), 0.0017346 secs]
204.047: Total time for which application threads were stopped: 0.0018889 seconds, Stopping threads took: 0.0000194 seconds
204.117: [GC (Allocation Failure)  362219K->44973K(1035264K), 0.0037657 secs]
204.121: Total time for which application threads were stopped: 0.0039163 seconds, Stopping threads took: 0.0000174 seconds
204.189: [GC (Allocation Failure)  367533K->44781K(1035264K), 0.0037025 secs]
204.193: Total time for which application threads were stopped: 0.0038973 seconds, Stopping threads took: 0.0000199 seconds
204.261: [GC (Allocation Failure)  367341K->44011K(1035264K), 0.0035497 secs]
204.265: Total time for which application threads were stopped: 0.0037213 seconds, Stopping threads took: 0.0000203 seconds
204.333: [GC (Allocation Failure)  366571K->44909K(1035776K), 0.0035529 secs]
204.337: Total time for which application threads were stopped: 0.0037286 seconds, Stopping threads took: 0.0000197 seconds
204.406: [GC (Allocation Failure)  368493K->44781K(1035776K), 0.0035902 secs]
204.409: Total time for which application threads were stopped: 0.0037475 seconds, Stopping threads took: 0.0000166 seconds
204.475: [GC (Allocation Failure)  368365K->50283K(1031680K), 0.0062877 secs]
204.482: Total time for which application threads were stopped: 0.0065978 seconds, Stopping threads took: 0.0000202 seconds
204.550: [GC (Allocation Failure)  369771K->45645K(1033728K), 0.0039350 secs]
204.554: Total time for which application threads were stopped: 0.0041195 seconds, Stopping threads took: 0.0000277 seconds
204.621: [GC (Allocation Failure)  365133K->45549K(1034752K), 0.0036370 secs]
204.624: Total time for which application threads were stopped: 0.0038140 seconds, Stopping threads took: 0.0000202 seconds
204.691: [GC (Allocation Failure)  366573K->47723K(1034240K), 0.0045676 secs]
204.695: Total time for which application threads were stopped: 0.0047642 seconds, Stopping threads took: 0.0000201 seconds
204.765: [GC (Allocation Failure)  368747K->45581K(1034752K), 0.0035351 secs]
204.768: Total time for which application threads were stopped: 0.0036862 seconds, Stopping threads took: 0.0000177 seconds
204.837: [GC (Allocation Failure)  366605K->45581K(1034240K), 0.0038916 secs]
204.841: Total time for which application threads were stopped: 0.0040829 seconds, Stopping threads took: 0.0000200 seconds
204.910: [GC (Allocation Failure)  366605K->47403K(1035264K), 0.0045084 secs]
204.915: Total time for which application threads were stopped: 0.0047017 seconds, Stopping threads took: 0.0000191 seconds
204.984: [GC (Allocation Failure)  369963K->45741K(1035264K), 0.0037864 secs]
204.988: Total time for which application threads were stopped: 0.0039389 seconds, Stopping threads took: 0.0000175 seconds
205.056: [GC (Allocation Failure)  368301K->45581K(1036288K), 0.0035764 secs]
205.060: Total time for which application threads were stopped: 0.0037508 seconds, Stopping threads took: 0.0000262 seconds
205.128: [GC (Allocation Failure)  369677K->53219K(1035776K), 0.0074065 secs]
205.136: Total time for which application threads were stopped: 0.0075657 seconds, Stopping threads took: 0.0000193 seconds
205.204: [GC (Allocation Failure)  377315K->49157K(1032704K), 0.0038123 secs]
205.208: Total time for which application threads were stopped: 0.0039727 seconds, Stopping threads took: 0.0000198 seconds
205.275: [GC (Allocation Failure)  369669K->48997K(1034240K), 0.0037791 secs]
205.279: Total time for which application threads were stopped: 0.0039695 seconds, Stopping threads took: 0.0000199 seconds
205.348: [GC (Allocation Failure)  369509K->42019K(1032704K), 0.0008961 secs]
205.349: Total time for which application threads were stopped: 0.0010129 seconds, Stopping threads took: 0.0000196 seconds
205.419: [GC (Allocation Failure)  361507K->49101K(1033728K), 0.0037515 secs]
205.423: Total time for which application threads were stopped: 0.0039200 seconds, Stopping threads took: 0.0000172 seconds
205.491: [GC (Allocation Failure)  368589K->53173K(1034752K), 0.0045955 secs]
205.496: Total time for which application threads were stopped: 0.0047605 seconds, Stopping threads took: 0.0000202 seconds
205.562: [GC (Allocation Failure)  374197K->59147K(1034240K), 0.0062630 secs]
205.569: Total time for which application threads were stopped: 0.0064506 seconds, Stopping threads took: 0.0000395 seconds
205.636: [GC (Allocation Failure)  380171K->53421K(1033216K), 0.0039846 secs]
205.640: Total time for which application threads were stopped: 0.0041466 seconds, Stopping threads took: 0.0000203 seconds
205.707: [GC (Allocation Failure)  372909K->53389K(1033728K), 0.0035892 secs]
205.711: Total time for which application threads were stopped: 0.0037641 seconds, Stopping threads took: 0.0000342 seconds
205.777: [GC (Allocation Failure)  372877K->56043K(1033216K), 0.0060512 secs]
205.783: Total time for which application threads were stopped: 0.0062091 seconds, Stopping threads took: 0.0000193 seconds
205.850: [GC (Allocation Failure)  375531K->53421K(1033728K), 0.0038132 secs]
205.854: Total time for which application threads were stopped: 0.0040059 seconds, Stopping threads took: 0.0000184 seconds
205.922: [GC (Allocation Failure)  372909K->53389K(1034752K), 0.0034978 secs]
205.925: Total time for which application threads were stopped: 0.0036920 seconds, Stopping threads took: 0.0000200 seconds
205.994: [GC (Allocation Failure)  374413K->52651K(1034240K), 0.0033932 secs]
205.997: Total time for which application threads were stopped: 0.0035724 seconds, Stopping threads took: 0.0000279 seconds
206.065: [GC (Allocation Failure)  373675K->53581K(1035776K), 0.0036348 secs]
206.069: Total time for which application threads were stopped: 0.0038002 seconds, Stopping threads took: 0.0000250 seconds
206.139: [GC (Allocation Failure)  376653K->53357K(1035264K), 0.0037010 secs]
206.143: Total time for which application threads were stopped: 0.0038602 seconds, Stopping threads took: 0.0000196 seconds
206.209: [GC (Allocation Failure)  376429K->56459K(1034752K), 0.0049425 secs]
206.214: Total time for which application threads were stopped: 0.0051186 seconds, Stopping threads took: 0.0000189 seconds
206.281: [GC (Allocation Failure)  379019K->53549K(1035264K), 0.0038782 secs]
206.285: Total time for which application threads were stopped: 0.0040482 seconds, Stopping threads took: 0.0000196 seconds
206.352: [GC (Allocation Failure)  376109K->53421K(1035776K), 0.0037741 secs]
206.356: Total time for which application threads were stopped: 0.0039325 seconds, Stopping threads took: 0.0000199 seconds
206.421: [GC (Allocation Failure)  377005K->45387K(1023488K), 0.0006434 secs]
206.422: Total time for which application threads were stopped: 0.0007712 seconds, Stopping threads took: 0.0000270 seconds
206.491: [GC (Allocation Failure)  368971K->53477K(1035264K), 0.0036807 secs]
206.494: Total time for which application threads were stopped: 0.0038536 seconds, Stopping threads took: 0.0000203 seconds
206.562: [GC (Allocation Failure)  375525K->57525K(1034752K), 0.0052215 secs]
206.568: Total time for which application threads were stopped: 0.0054009 seconds, Stopping threads took: 0.0000286 seconds
206.635: [GC (Allocation Failure)  379573K->53651K(1035776K), 0.0025093 secs]
206.637: Total time for which application threads were stopped: 0.0026776 seconds, Stopping threads took: 0.0000260 seconds
206.708: [GC (Allocation Failure)  377235K->57685K(1035776K), 0.0040427 secs]
206.712: Total time for which application threads were stopped: 0.0042098 seconds, Stopping threads took: 0.0000191 seconds
206.780: [GC (Allocation Failure)  381269K->61653K(1035776K), 0.0038445 secs]
206.784: Total time for which application threads were stopped: 0.0040173 seconds, Stopping threads took: 0.0000201 seconds
206.851: [GC (Allocation Failure)  385237K->61653K(1035776K), 0.0066857 secs]
206.858: Total time for which application threads were stopped: 0.0068519 seconds, Stopping threads took: 0.0000197 seconds
206.925: [GC (Allocation Failure)  385237K->61709K(1034752K), 0.0038027 secs]
206.929: Total time for which application threads were stopped: 0.0039749 seconds, Stopping threads took: 0.0000203 seconds
206.997: [GC (Allocation Failure)  384269K->69679K(1035264K), 0.0037713 secs]
207.001: Total time for which application threads were stopped: 0.0039628 seconds, Stopping threads took: 0.0000207 seconds
207.069: [GC (Allocation Failure)  392239K->69679K(1035264K), 0.0038366 secs]
207.073: Total time for which application threads were stopped: 0.0040120 seconds, Stopping threads took: 0.0000269 seconds
207.139: [GC (Allocation Failure)  392239K->69735K(1022464K), 0.0038032 secs]
207.143: Total time for which application threads were stopped: 0.0039839 seconds, Stopping threads took: 0.0000209 seconds
207.211: [GC (Allocation Failure)  392295K->77769K(1034752K), 0.0037663 secs]
207.215: Total time for which application threads were stopped: 0.0039242 seconds, Stopping threads took: 0.0000194 seconds
207.285: [GC (Allocation Failure)  399305K->77705K(1034752K), 0.0035044 secs]
207.289: Total time for which application threads were stopped: 0.0036668 seconds, Stopping threads took: 0.0000206 seconds
207.356: [GC (Allocation Failure)  399241K->77961K(1034240K), 0.0037847 secs]
207.360: Total time for which application threads were stopped: 0.0039466 seconds, Stopping threads took: 0.0000202 seconds
207.428: [GC (Allocation Failure)  399497K->85740K(1034752K), 0.0039868 secs]
207.432: Total time for which application threads were stopped: 0.0041565 seconds, Stopping threads took: 0.0000205 seconds
207.499: [GC (Allocation Failure)  407276K->85740K(1034752K), 0.0039281 secs]
207.503: Total time for which application threads were stopped: 0.0040904 seconds, Stopping threads took: 0.0000201 seconds
207.569: [GC (Allocation Failure)  407276K->86188K(1021440K), 0.0037007 secs]
207.573: Total time for which application threads were stopped: 0.0038762 seconds, Stopping threads took: 0.0000302 seconds
207.643: [GC (Allocation Failure)  407724K->93774K(1034240K), 0.0039049 secs]
207.647: Total time for which application threads were stopped: 0.0040763 seconds, Stopping threads took: 0.0000202 seconds
207.715: [GC (Allocation Failure)  414286K->93774K(1034240K), 0.0036427 secs]
207.719: Total time for which application threads were stopped: 0.0038158 seconds, Stopping threads took: 0.0000205 seconds
207.786: [GC (Allocation Failure)  414286K->93894K(1034240K), 0.0037580 secs]
207.790: Total time for which application threads were stopped: 0.0039193 seconds, Stopping threads took: 0.0000203 seconds
207.858: [GC (Allocation Failure)  414406K->101768K(1034240K), 0.0037071 secs]
207.862: Total time for which application threads were stopped: 0.0039008 seconds, Stopping threads took: 0.0000259 seconds
207.930: [GC (Allocation Failure)  422280K->101800K(1034240K), 0.0036050 secs]
207.934: Total time for which application threads were stopped: 0.0038136 seconds, Stopping threads took: 0.0000171 seconds
207.999: [GC (Allocation Failure)  422312K->101864K(1020416K), 0.0037341 secs]
208.003: Total time for which application threads were stopped: 0.0038957 seconds, Stopping threads took: 0.0000208 seconds
208.071: [GC (Allocation Failure)  422376K->109867K(1033728K), 0.0036951 secs]
208.075: Total time for which application threads were stopped: 0.0038628 seconds, Stopping threads took: 0.0000262 seconds
208.141: [GC (Allocation Failure)  429355K->109867K(1033728K), 0.0037460 secs]
208.145: Total time for which application threads were stopped: 0.0039190 seconds, Stopping threads took: 0.0000200 seconds
208.210: [GC (Allocation Failure)  429355K->109899K(1033728K), 0.0038935 secs]
208.214: Total time for which application threads were stopped: 0.0040872 seconds, Stopping threads took: 0.0000330 seconds
208.281: [GC (Allocation Failure)  429387K->117901K(1033728K), 0.0040666 secs]
208.286: Total time for which application threads were stopped: 0.0042288 seconds, Stopping threads took: 0.0000202 seconds
208.352: [GC (Allocation Failure)  437389K->117901K(1033728K), 0.0039555 secs]
208.356: Total time for which application threads were stopped: 0.0041334 seconds, Stopping threads took: 0.0000281 seconds
208.423: [GC (Allocation Failure)  437389K->118093K(1033728K), 0.0063760 secs]
208.429: Total time for which application threads were stopped: 0.0065394 seconds, Stopping threads took: 0.0000200 seconds
208.496: [GC (Allocation Failure)  437581K->125935K(1032704K), 0.0040670 secs]
208.500: Total time for which application threads were stopped: 0.0042503 seconds, Stopping threads took: 0.0000230 seconds
208.567: [GC (Allocation Failure)  444399K->121997K(1033216K), 0.0024217 secs]
208.569: Total time for which application threads were stopped: 0.0025913 seconds, Stopping threads took: 0.0000268 seconds
208.637: [GC (Allocation Failure)  440461K->126063K(1034752K), 0.0041066 secs]
208.641: Total time for which application threads were stopped: 0.0042819 seconds, Stopping threads took: 0.0000256 seconds
208.709: [GC (Allocation Failure)  447087K->130031K(1034240K), 0.0039358 secs]
208.713: Total time for which application threads were stopped: 0.0041070 seconds, Stopping threads took: 0.0000209 seconds
208.779: [GC (Allocation Failure)  451055K->123277K(1034752K), 0.0012614 secs]
208.780: Total time for which application threads were stopped: 0.0013966 seconds, Stopping threads took: 0.0000202 seconds
208.849: [GC (Allocation Failure)  444813K->130063K(1034752K), 0.0060520 secs]
208.856: Total time for which application threads were stopped: 0.0062531 seconds, Stopping threads took: 0.0000256 seconds
208.923: [GC (Allocation Failure)  451599K->134175K(1034752K), 0.0046323 secs]
208.928: Total time for which application threads were stopped: 0.0048116 seconds, Stopping threads took: 0.0000205 seconds
208.995: [GC (Allocation Failure)  455711K->128605K(1034752K), 0.0018655 secs]
208.997: Total time for which application threads were stopped: 0.0020150 seconds, Stopping threads took: 0.0000209 seconds
209.066: [GC (Allocation Failure)  450141K->134447K(1035776K), 0.0039609 secs]
209.070: Total time for which application threads were stopped: 0.0041143 seconds, Stopping threads took: 0.0000165 seconds
209.138: [GC (Allocation Failure)  457007K->138351K(1034752K), 0.0040784 secs]
209.143: Total time for which application threads were stopped: 0.0042440 seconds, Stopping threads took: 0.0000267 seconds
209.210: [GC (Allocation Failure)  460839K->134413K(1035776K), 0.0025977 secs]
209.212: Total time for which application threads were stopped: 0.0027554 seconds, Stopping threads took: 0.0000205 seconds
209.281: [GC (Allocation Failure)  457485K->138447K(1035264K), 0.0039014 secs]
209.285: Total time for which application threads were stopped: 0.0040983 seconds, Stopping threads took: 0.0000203 seconds
209.353: [GC (Allocation Failure)  461519K->142447K(1035264K), 0.0039311 secs]
209.358: Total time for which application threads were stopped: 0.0040920 seconds, Stopping threads took: 0.0000195 seconds
209.426: [GC (Allocation Failure)  466031K->142447K(1035776K), 0.0038387 secs]
209.430: Total time for which application threads were stopped: 0.0040000 seconds, Stopping threads took: 0.0000197 seconds
209.498: [GC (Allocation Failure)  466031K->142535K(1034752K), 0.0039674 secs]
209.502: Total time for which application threads were stopped: 0.0041303 seconds, Stopping threads took: 0.0000198 seconds
209.572: [GC (Allocation Failure)  465095K->150473K(1035264K), 0.0036432 secs]
209.576: Total time for which application threads were stopped: 0.0038120 seconds, Stopping threads took: 0.0000274 seconds
209.644: [GC (Allocation Failure)  473033K->150473K(1034240K), 0.0036407 secs]
209.648: Total time for which application threads were stopped: 0.0038031 seconds, Stopping threads took: 0.0000201 seconds
209.714: [GC (Allocation Failure)  472009K->150505K(1034752K), 0.0040393 secs]
209.718: Total time for which application threads were stopped: 0.0042201 seconds, Stopping threads took: 0.0000198 seconds
209.786: [GC (Allocation Failure)  472041K->158508K(1034752K), 0.0039693 secs]
209.790: Total time for which application threads were stopped: 0.0041459 seconds, Stopping threads took: 0.0000225 seconds
209.859: [GC (Allocation Failure)  480044K->158508K(1029120K), 0.0042564 secs]
209.863: Total time for which application threads were stopped: 0.0044048 seconds, Stopping threads took: 0.0000257 seconds
209.930: [GC (Allocation Failure)  480044K->158732K(1034240K), 0.0047261 secs]
209.935: Total time for which application threads were stopped: 0.0049008 seconds, Stopping threads took: 0.0000198 seconds
210.003: [GC (Allocation Failure)  479244K->166542K(1034240K), 0.0040218 secs]
210.007: Total time for which application threads were stopped: 0.0042036 seconds, Stopping threads took: 0.0000219 seconds
210.075: [GC (Allocation Failure)  487054K->166574K(1034240K), 0.0037387 secs]
210.079: Total time for which application threads were stopped: 0.0038932 seconds, Stopping threads took: 0.0000268 seconds
210.147: [GC (Allocation Failure)  487086K->166958K(1020416K), 0.0040701 secs]
210.151: Total time for which application threads were stopped: 0.0042395 seconds, Stopping threads took: 0.0000279 seconds
210.219: [GC (Allocation Failure)  487470K->174608K(1033728K), 0.0040649 secs]
210.223: Total time for which application threads were stopped: 0.0042324 seconds, Stopping threads took: 0.0000198 seconds
210.290: [GC (Allocation Failure)  494096K->174576K(1033728K), 0.0038974 secs]
210.294: Total time for which application threads were stopped: 0.0041110 seconds, Stopping threads took: 0.0000200 seconds
210.361: [GC (Allocation Failure)  494064K->174696K(1033728K), 0.0039726 secs]
210.365: Total time for which application threads were stopped: 0.0041280 seconds, Stopping threads took: 0.0000168 seconds
210.434: [GC (Allocation Failure)  494184K->182634K(1033728K), 0.0038170 secs]
210.438: Total time for which application threads were stopped: 0.0040136 seconds, Stopping threads took: 0.0000208 seconds
210.507: [GC (Allocation Failure)  502122K->182634K(1033728K), 0.0038223 secs]
210.511: Total time for which application threads were stopped: 0.0039862 seconds, Stopping threads took: 0.0000200 seconds
210.578: [GC (Allocation Failure)  502122K->182666K(1033728K), 0.0038520 secs]
210.582: Total time for which application threads were stopped: 0.0040290 seconds, Stopping threads took: 0.0000281 seconds
210.651: [GC (Allocation Failure)  502154K->190669K(1032704K), 0.0040276 secs]
210.655: Total time for which application threads were stopped: 0.0041989 seconds, Stopping threads took: 0.0000203 seconds
210.721: [GC (Allocation Failure)  509133K->185098K(1033216K), 0.0018802 secs]
210.723: Total time for which application threads were stopped: 0.0020125 seconds, Stopping threads took: 0.0000191 seconds
210.793: [GC (Allocation Failure)  503562K->190885K(1034752K), 0.0041803 secs]
210.798: Total time for which application threads were stopped: 0.0043401 seconds, Stopping threads took: 0.0000170 seconds
210.867: [GC (Allocation Failure)  511397K->194805K(1033728K), 0.0043514 secs]
210.872: Total time for which application threads were stopped: 0.0045233 seconds, Stopping threads took: 0.0000201 seconds
210.939: [GC (Allocation Failure)  515317K->201674K(1029120K), 0.0069713 secs]
210.946: Total time for which application threads were stopped: 0.0071442 seconds, Stopping threads took: 0.0000203 seconds
211.013: [GC (Allocation Failure)  517066K->195565K(1031680K), 0.0044670 secs]
211.018: Total time for which application threads were stopped: 0.0046410 seconds, Stopping threads took: 0.0000207 seconds
211.084: [GC (Allocation Failure)  510957K->195405K(1032704K), 0.0039220 secs]
211.088: Total time for which application threads were stopped: 0.0040869 seconds, Stopping threads took: 0.0000265 seconds
211.152: [GC (Allocation Failure)  512333K->198797K(1032192K), 0.0049561 secs]
211.157: Total time for which application threads were stopped: 0.0051554 seconds, Stopping threads took: 0.0000191 seconds
211.226: [GC (Allocation Failure)  515725K->203535K(1033216K), 0.0040323 secs]
211.230: Total time for which application threads were stopped: 0.0041963 seconds, Stopping threads took: 0.0000203 seconds
211.297: [GC (Allocation Failure)  521487K->203439K(1032704K), 0.0040705 secs]
211.301: Total time for which application threads were stopped: 0.0042287 seconds, Stopping threads took: 0.0000175 seconds
211.369: [GC (Allocation Failure)  521391K->204455K(1033216K), 0.0041581 secs]
211.374: Total time for which application threads were stopped: 0.0043280 seconds, Stopping threads took: 0.0000191 seconds
211.443: [GC (Allocation Failure)  522919K->211465K(1033216K), 0.0042880 secs]
211.448: Total time for which application threads were stopped: 0.0044524 seconds, Stopping threads took: 0.0000199 seconds
211.515: [GC (Allocation Failure)  529929K->211433K(1033728K), 0.0039913 secs]
211.519: Total time for which application threads were stopped: 0.0041541 seconds, Stopping threads took: 0.0000198 seconds
211.587: [GC (Allocation Failure)  530409K->213161K(1033216K), 0.0040851 secs]
211.591: Total time for which application threads were stopped: 0.0042515 seconds, Stopping threads took: 0.0000263 seconds
211.659: [GC (Allocation Failure)  532137K->219595K(1033728K), 0.0038965 secs]
211.663: Total time for which application threads were stopped: 0.0040759 seconds, Stopping threads took: 0.0000208 seconds
211.731: [GC (Allocation Failure)  539083K->219531K(1033728K), 0.0042607 secs]
211.735: Total time for which application threads were stopped: 0.0044194 seconds, Stopping threads took: 0.0000191 seconds
211.801: [GC (Allocation Failure)  539019K->219851K(1033728K), 0.0041622 secs]
211.805: Total time for which application threads were stopped: 0.0043197 seconds, Stopping threads took: 0.0000195 seconds
211.873: [GC (Allocation Failure)  539339K->227534K(1033728K), 0.0042759 secs]
211.877: Total time for which application threads were stopped: 0.0044459 seconds, Stopping threads took: 0.0000200 seconds
211.947: [GC (Allocation Failure)  547022K->227534K(1033728K), 0.0038765 secs]
211.951: Total time for which application threads were stopped: 0.0040703 seconds, Stopping threads took: 0.0000198 seconds
212.019: [GC (Allocation Failure)  547022K->231182K(1033728K), 0.0049145 secs]
212.024: Total time for which application threads were stopped: 0.0050748 seconds, Stopping threads took: 0.0000195 seconds
212.093: [GC (Allocation Failure)  550670K->235632K(1034240K), 0.0043103 secs]
212.097: Total time for which application threads were stopped: 0.0044777 seconds, Stopping threads took: 0.0000273 seconds
212.164: [GC (Allocation Failure)  556144K->235600K(1034240K), 0.0041994 secs]
212.168: Total time for which application threads were stopped: 0.0043621 seconds, Stopping threads took: 0.0000202 seconds
212.235: [GC (Allocation Failure)  556112K->236296K(1034240K), 0.0042152 secs]
212.239: Total time for which application threads were stopped: 0.0043874 seconds, Stopping threads took: 0.0000208 seconds
212.307: [GC (Allocation Failure)  556808K->243594K(1034240K), 0.0047677 secs]
212.311: Total time for which application threads were stopped: 0.0049281 seconds, Stopping threads took: 0.0000207 seconds
212.379: [GC (Allocation Failure)  564106K->243594K(1034240K), 0.0040480 secs]
212.383: Total time for which application threads were stopped: 0.0042374 seconds, Stopping threads took: 0.0000198 seconds
212.451: [GC (Allocation Failure)  564106K->244546K(1034240K), 0.0044269 secs]
212.456: Total time for which application threads were stopped: 0.0045894 seconds, Stopping threads took: 0.0000196 seconds
212.524: [GC (Allocation Failure)  565058K->251653K(1034240K), 0.0041356 secs]
212.528: Total time for which application threads were stopped: 0.0043075 seconds, Stopping threads took: 0.0000203 seconds
212.596: [GC (Allocation Failure)  572165K->251653K(1034240K), 0.0040409 secs]
212.600: Total time for which application threads were stopped: 0.0042023 seconds, Stopping threads took: 0.0000267 seconds
212.667: [GC (Allocation Failure)  572165K->252773K(1034240K), 0.0065724 secs]
212.674: Total time for which application threads were stopped: 0.0067370 seconds, Stopping threads took: 0.0000263 seconds
212.742: [GC (Allocation Failure)  573285K->259655K(1034240K), 0.0044045 secs]
212.746: Total time for which application threads were stopped: 0.0045815 seconds, Stopping threads took: 0.0000202 seconds
212.814: [GC (Allocation Failure)  580167K->259655K(1034240K), 0.0041656 secs]
212.818: Total time for which application threads were stopped: 0.0043424 seconds, Stopping threads took: 0.0000193 seconds
212.886: [GC (Allocation Failure)  580167K->259975K(1020416K), 0.0041834 secs]
212.890: Total time for which application threads were stopped: 0.0043466 seconds, Stopping threads took: 0.0000196 seconds
212.958: [GC (Allocation Failure)  580487K->267753K(1033728K), 0.0043141 secs]
212.962: Total time for which application threads were stopped: 0.0044780 seconds, Stopping threads took: 0.0000198 seconds
213.029: [GC (Allocation Failure)  587241K->267689K(1033728K), 0.0042580 secs]
213.033: Total time for which application threads were stopped: 0.0044552 seconds, Stopping threads took: 0.0000201 seconds
213.101: [GC (Allocation Failure)  587177K->268233K(1033728K), 0.0040889 secs]
213.105: Total time for which application threads were stopped: 0.0042528 seconds, Stopping threads took: 0.0000271 seconds
213.173: [GC (Allocation Failure)  587721K->275787K(1033728K), 0.0042714 secs]
213.177: Total time for which application threads were stopped: 0.0044481 seconds, Stopping threads took: 0.0000215 seconds
213.244: [GC (Allocation Failure)  595275K->275723K(1033728K), 0.0042682 secs]
213.248: Total time for which application threads were stopped: 0.0044326 seconds, Stopping threads took: 0.0000205 seconds
213.315: [GC (Allocation Failure)  595211K->276459K(1033728K), 0.0042532 secs]
213.319: Total time for which application threads were stopped: 0.0044225 seconds, Stopping threads took: 0.0000209 seconds
213.387: [GC (Allocation Failure)  595947K->283758K(1033728K), 0.0040623 secs]
213.391: Total time for which application threads were stopped: 0.0042247 seconds, Stopping threads took: 0.0000196 seconds
213.458: [GC (Allocation Failure)  603246K->283790K(1033728K), 0.0042191 secs]
213.463: Total time for which application threads were stopped: 0.0044056 seconds, Stopping threads took: 0.0000196 seconds
213.529: [GC (Allocation Failure)  603278K->285774K(1033728K), 0.0045804 secs]
213.534: Total time for which application threads were stopped: 0.0047504 seconds, Stopping threads took: 0.0000218 seconds
213.602: [GC (Allocation Failure)  605262K->291792K(1033728K), 0.0041096 secs]
213.606: Total time for which application threads were stopped: 0.0042846 seconds, Stopping threads took: 0.0000215 seconds
213.673: [GC (Allocation Failure)  611280K->291824K(1033728K), 0.0042182 secs]
213.677: Total time for which application threads were stopped: 0.0043965 seconds, Stopping threads took: 0.0000260 seconds
213.744: [GC (Allocation Failure)  611312K->292936K(1033728K), 0.0041725 secs]
213.748: Total time for which application threads were stopped: 0.0043407 seconds, Stopping threads took: 0.0000205 seconds
213.816: [GC (Allocation Failure)  612424K->299850K(1033728K), 0.0043490 secs]
213.820: Total time for which application threads were stopped: 0.0045282 seconds, Stopping threads took: 0.0000192 seconds
213.888: [GC (Allocation Failure)  619338K->299818K(1033728K), 0.0042334 secs]
213.892: Total time for which application threads were stopped: 0.0043884 seconds, Stopping threads took: 0.0000183 seconds
213.958: [GC (Allocation Failure)  619306K->300106K(1033728K), 0.0049814 secs]
213.964: Total time for which application threads were stopped: 0.0051538 seconds, Stopping threads took: 0.0000207 seconds
214.033: [GC (Allocation Failure)  619594K->307884K(1033728K), 0.0043563 secs]
214.038: Total time for which application threads were stopped: 0.0045319 seconds, Stopping threads took: 0.0000212 seconds
214.105: [GC (Allocation Failure)  627372K->307852K(1033728K), 0.0043154 secs]
214.110: Total time for which application threads were stopped: 0.0044894 seconds, Stopping threads took: 0.0000266 seconds
214.176: [GC (Allocation Failure)  627340K->308356K(1033728K), 0.0045994 secs]
214.181: Total time for which application threads were stopped: 0.0047620 seconds, Stopping threads took: 0.0000200 seconds
214.249: [GC (Allocation Failure)  627844K->315911K(1033728K), 0.0041925 secs]
214.254: Total time for which application threads were stopped: 0.0043578 seconds, Stopping threads took: 0.0000203 seconds
214.320: [GC (Allocation Failure)  635399K->315911K(1033728K), 0.0042993 secs]
214.325: Total time for which application threads were stopped: 0.0044998 seconds, Stopping threads took: 0.0000220 seconds
214.393: [GC (Allocation Failure)  635399K->316583K(1033728K), 0.0045040 secs]
214.397: Total time for which application threads were stopped: 0.0046960 seconds, Stopping threads took: 0.0000197 seconds
214.467: [GC (Allocation Failure)  636071K->323913K(1033728K), 0.0051265 secs]
214.472: Total time for which application threads were stopped: 0.0052866 seconds, Stopping threads took: 0.0000171 seconds
214.539: [GC (Allocation Failure)  643401K->323913K(1033728K), 0.0044011 secs]
214.544: Total time for which application threads were stopped: 0.0045676 seconds, Stopping threads took: 0.0000199 seconds
214.611: [GC (Allocation Failure)  643401K->324841K(1033728K), 0.0043973 secs]
214.615: Total time for which application threads were stopped: 0.0045894 seconds, Stopping threads took: 0.0000281 seconds
214.683: [GC (Allocation Failure)  644329K->331947K(1033728K), 0.0042853 secs]
214.688: Total time for which application threads were stopped: 0.0044593 seconds, Stopping threads took: 0.0000299 seconds
214.755: [GC (Allocation Failure)  651435K->331947K(1033728K), 0.0043518 secs]
214.759: Total time for which application threads were stopped: 0.0045156 seconds, Stopping threads took: 0.0000201 seconds
214.826: [GC (Allocation Failure)  651435K->332043K(1033728K), 0.0044018 secs]
214.830: Total time for which application threads were stopped: 0.0045750 seconds, Stopping threads took: 0.0000199 seconds
214.899: [GC (Allocation Failure)  651531K->339949K(1027072K), 0.0043256 secs]
214.904: Total time for which application threads were stopped: 0.0044952 seconds, Stopping threads took: 0.0000205 seconds
214.971: [GC (Allocation Failure)  659437K->339981K(1033216K), 0.0042946 secs]
214.975: Total time for which application threads were stopped: 0.0044661 seconds, Stopping threads took: 0.0000203 seconds
215.042: [GC (Allocation Failure)  658445K->340301K(1033216K), 0.0042975 secs]
215.047: Total time for which application threads were stopped: 0.0044722 seconds, Stopping threads took: 0.0000199 seconds
215.116: [GC (Allocation Failure)  658765K->348048K(1033216K), 0.0043663 secs]
215.120: Total time for which application threads were stopped: 0.0045360 seconds, Stopping threads took: 0.0000200 seconds
215.187: [GC (Allocation Failure)  666512K->348048K(1033216K), 0.0042633 secs]
215.192: Total time for which application threads were stopped: 0.0044323 seconds, Stopping threads took: 0.0000200 seconds
215.256: [GC (Allocation Failure)  666512K->348552K(1033216K), 0.0043742 secs]
215.261: Total time for which application threads were stopped: 0.0045331 seconds, Stopping threads took: 0.0000199 seconds
215.328: [GC (Allocation Failure)  667016K->356042K(1033216K), 0.0045095 secs]
215.333: Total time for which application threads were stopped: 0.0047024 seconds, Stopping threads took: 0.0000195 seconds
215.403: [GC (Allocation Failure)  674506K->356074K(1033216K), 0.0043454 secs]
215.407: Total time for which application threads were stopped: 0.0045110 seconds, Stopping threads took: 0.0000189 seconds
215.472: [GC (Allocation Failure)  674538K->356234K(1033216K), 0.0043484 secs]
215.477: Total time for which application threads were stopped: 0.0045179 seconds, Stopping threads took: 0.0000199 seconds
215.543: [GC (Allocation Failure)  674698K->364108K(1033216K), 0.0044834 secs]
215.547: Total time for which application threads were stopped: 0.0046546 seconds, Stopping threads took: 0.0000195 seconds
215.613: [GC (Allocation Failure)  682572K->364076K(1033216K), 0.0043118 secs]
215.618: Total time for which application threads were stopped: 0.0044806 seconds, Stopping threads took: 0.0000258 seconds
215.685: [GC (Allocation Failure)  682540K->364228K(1033216K), 0.0046459 secs]
215.689: Total time for which application threads were stopped: 0.0048114 seconds, Stopping threads took: 0.0000208 seconds
215.756: [GC (Allocation Failure)  682692K->372135K(1033216K), 0.0043878 secs]
215.761: Total time for which application threads were stopped: 0.0045503 seconds, Stopping threads took: 0.0000195 seconds
215.827: [GC (Allocation Failure)  690599K->372103K(1033216K), 0.0043178 secs]
215.831: Total time for which application threads were stopped: 0.0044796 seconds, Stopping threads took: 0.0000199 seconds
215.897: [GC (Allocation Failure)  690567K->372167K(1033216K), 0.0044010 secs]
215.902: Total time for which application threads were stopped: 0.0045720 seconds, Stopping threads took: 0.0000198 seconds
215.969: [GC (Allocation Failure)  690631K->380169K(1033216K), 0.0044625 secs]
215.974: Total time for which application threads were stopped: 0.0046361 seconds, Stopping threads took: 0.0000200 seconds
216.040: [GC (Allocation Failure)  698633K->380169K(1033216K), 0.0043787 secs]
216.044: Total time for which application threads were stopped: 0.0045434 seconds, Stopping threads took: 0.0000206 seconds
216.110: [GC (Allocation Failure)  698633K->380457K(1033216K), 0.0043725 secs]
216.114: Total time for which application threads were stopped: 0.0045440 seconds, Stopping threads took: 0.0000267 seconds
216.180: [GC (Allocation Failure)  698921K->388171K(1033216K), 0.0043919 secs]
216.184: Total time for which application threads were stopped: 0.0045905 seconds, Stopping threads took: 0.0000250 seconds
216.253: [GC (Allocation Failure)  706635K->388203K(1033216K), 0.0041713 secs]
216.257: Total time for which application threads were stopped: 0.0043365 seconds, Stopping threads took: 0.0000196 seconds
216.322: [GC (Allocation Failure)  706667K->388395K(1033216K), 0.0043217 secs]
216.326: Total time for which application threads were stopped: 0.0044913 seconds, Stopping threads took: 0.0000192 seconds
216.391: [GC (Allocation Failure)  706859K->396205K(1033216K), 0.0043145 secs]
216.396: Total time for which application threads were stopped: 0.0045088 seconds, Stopping threads took: 0.0000199 seconds
216.462: [GC (Allocation Failure)  714669K->392299K(1033216K), 0.0033505 secs]
216.465: Total time for which application threads were stopped: 0.0035147 seconds, Stopping threads took: 0.0000186 seconds
216.534: [GC (Allocation Failure)  710763K->396357K(1034240K), 0.0044951 secs]
216.539: Total time for which application threads were stopped: 0.0046700 seconds, Stopping threads took: 0.0000212 seconds
216.607: [GC (Allocation Failure)  716357K->400357K(1033728K), 0.0043358 secs]
216.612: Total time for which application threads were stopped: 0.0045067 seconds, Stopping threads took: 0.0000263 seconds
216.677: [GC (Allocation Failure)  720357K->407851K(1028096K), 0.0077114 secs]
216.685: Total time for which application threads were stopped: 0.0078918 seconds, Stopping threads took: 0.0000200 seconds
216.752: [GC (Allocation Failure)  722219K->401645K(1031168K), 0.0046161 secs]
216.756: Total time for which application threads were stopped: 0.0047797 seconds, Stopping threads took: 0.0000207 seconds
216.823: [GC (Allocation Failure)  716013K->401613K(1032192K), 0.0043496 secs]
216.828: Total time for which application threads were stopped: 0.0045136 seconds, Stopping threads took: 0.0000201 seconds
216.895: [GC (Allocation Failure)  717517K->402541K(1031680K), 0.0046007 secs]
216.899: Total time for which application threads were stopped: 0.0047957 seconds, Stopping threads took: 0.0000206 seconds
216.968: [GC (Allocation Failure)  718445K->409616K(1032704K), 0.0044746 secs]
216.973: Total time for which application threads were stopped: 0.0046433 seconds, Stopping threads took: 0.0000198 seconds
217.039: [GC (Allocation Failure)  726544K->409616K(1032192K), 0.0043495 secs]
217.043: Total time for which application threads were stopped: 0.0045234 seconds, Stopping threads took: 0.0000202 seconds
217.110: [GC (Allocation Failure)  726544K->413352K(1033216K), 0.0052803 secs]
217.115: Total time for which application threads were stopped: 0.0054522 seconds, Stopping threads took: 0.0000265 seconds
217.182: [GC (Allocation Failure)  731304K->417706K(1032704K), 0.0045504 secs]
217.187: Total time for which application threads were stopped: 0.0047281 seconds, Stopping threads took: 0.0000212 seconds
217.256: [GC (Allocation Failure)  735658K->417642K(1033728K), 0.0043717 secs]
217.260: Total time for which application threads were stopped: 0.0045400 seconds, Stopping threads took: 0.0000216 seconds
217.325: [GC (Allocation Failure)  737130K->421578K(1033728K), 0.0054112 secs]
217.331: Total time for which application threads were stopped: 0.0056065 seconds, Stopping threads took: 0.0000200 seconds
217.398: [GC (Allocation Failure)  741066K->425772K(1034240K), 0.0044678 secs]
217.402: Total time for which application threads were stopped: 0.0046276 seconds, Stopping threads took: 0.0000194 seconds
217.469: [GC (Allocation Failure)  746284K->425676K(1034240K), 0.0044842 secs]
217.474: Total time for which application threads were stopped: 0.0046774 seconds, Stopping threads took: 0.0000196 seconds
217.542: [GC (Allocation Failure)  746188K->426724K(1034240K), 0.0048569 secs]
217.547: Total time for which application threads were stopped: 0.0050156 seconds, Stopping threads took: 0.0000177 seconds
217.615: [GC (Allocation Failure)  747236K->433766K(1034240K), 0.0044760 secs]
217.620: Total time for which application threads were stopped: 0.0046464 seconds, Stopping threads took: 0.0000274 seconds
217.687: [GC (Allocation Failure)  754278K->433734K(1034240K), 0.0045547 secs]
217.692: Total time for which application threads were stopped: 0.0047338 seconds, Stopping threads took: 0.0000211 seconds
217.759: [GC (Allocation Failure)  754246K->437006K(1034240K), 0.0050656 secs]
217.764: Total time for which application threads were stopped: 0.0052305 seconds, Stopping threads took: 0.0000208 seconds
217.832: [GC (Allocation Failure)  757518K->441777K(1034752K), 0.0045927 secs]
217.836: Total time for which application threads were stopped: 0.0047593 seconds, Stopping threads took: 0.0000203 seconds
217.905: [GC (Allocation Failure)  763313K->441777K(1034752K), 0.0046797 secs]
217.910: Total time for which application threads were stopped: 0.0048727 seconds, Stopping threads took: 0.0000196 seconds
217.977: [GC (Allocation Failure)  763313K->445273K(1034752K), 0.0052272 secs]
217.982: Total time for which application threads were stopped: 0.0053784 seconds, Stopping threads took: 0.0000176 seconds
218.050: [GC (Allocation Failure)  766809K->449819K(1034752K), 0.0045726 secs]
218.055: Total time for which application threads were stopped: 0.0047376 seconds, Stopping threads took: 0.0000201 seconds
218.123: [GC (Allocation Failure)  771355K->449787K(1035264K), 0.0044996 secs]
218.127: Total time for which application threads were stopped: 0.0046705 seconds, Stopping threads took: 0.0000273 seconds
218.194: [GC (Allocation Failure)  771835K->450939K(1034752K), 0.0046997 secs]
218.199: Total time for which application threads were stopped: 0.0048771 seconds, Stopping threads took: 0.0000205 seconds
218.269: [GC (Allocation Failure)  772987K->457853K(1034752K), 0.0045887 secs]
218.274: Total time for which application threads were stopped: 0.0047670 seconds, Stopping threads took: 0.0000281 seconds
218.340: [GC (Allocation Failure)  779389K->457821K(1034752K), 0.0044921 secs]
218.344: Total time for which application threads were stopped: 0.0046554 seconds, Stopping threads took: 0.0000205 seconds
218.410: [GC (Allocation Failure)  779357K->460701K(1034752K), 0.0051516 secs]
218.415: Total time for which application threads were stopped: 0.0053640 seconds, Stopping threads took: 0.0000208 seconds
218.482: [GC (Allocation Failure)  782237K->465951K(1034752K), 0.0044260 secs]
218.486: Total time for which application threads were stopped: 0.0046035 seconds, Stopping threads took: 0.0000202 seconds
218.553: [GC (Allocation Failure)  787487K->465887K(1034752K), 0.0051634 secs]
218.558: Total time for which application threads were stopped: 0.0053458 seconds, Stopping threads took: 0.0000202 seconds
218.626: [GC (Allocation Failure)  787423K->469959K(1034752K), 0.0054097 secs]
218.631: Total time for which application threads were stopped: 0.0055728 seconds, Stopping threads took: 0.0000262 seconds
218.698: [GC (Allocation Failure)  791495K->473962K(1035264K), 0.0044754 secs]
218.702: Total time for which application threads were stopped: 0.0046564 seconds, Stopping threads took: 0.0000208 seconds
218.772: [GC (Allocation Failure)  796522K->473898K(1035264K), 0.0046810 secs]
218.777: Total time for which application threads were stopped: 0.0048722 seconds, Stopping threads took: 0.0000227 seconds
218.844: [GC (Allocation Failure)  796458K->477226K(1035264K), 0.0058155 secs]
218.850: Total time for which application threads were stopped: 0.0059953 seconds, Stopping threads took: 0.0000184 seconds
218.919: [GC (Allocation Failure)  799786K->481932K(1035264K), 0.0046225 secs]
218.924: Total time for which application threads were stopped: 0.0048110 seconds, Stopping threads took: 0.0000197 seconds
218.992: [GC (Allocation Failure)  804492K->481964K(1035264K), 0.0046862 secs]
218.997: Total time for which application threads were stopped: 0.0048441 seconds, Stopping threads took: 0.0000170 seconds
219.064: [GC (Allocation Failure)  804524K->485452K(1035264K), 0.0051689 secs]
219.070: Total time for which application threads were stopped: 0.0053631 seconds, Stopping threads took: 0.0000199 seconds
219.140: [GC (Allocation Failure)  808012K->489966K(1035776K), 0.0045137 secs]
219.145: Total time for which application threads were stopped: 0.0046803 seconds, Stopping threads took: 0.0000268 seconds
219.213: [GC (Allocation Failure)  813550K->489966K(1035776K), 0.0047152 secs]
219.218: Total time for which application threads were stopped: 0.0048863 seconds, Stopping threads took: 0.0000198 seconds
219.285: [GC (Allocation Failure)  813550K->491622K(1034752K), 0.0048208 secs]
219.290: Total time for which application threads were stopped: 0.0050218 seconds, Stopping threads took: 0.0000251 seconds
219.360: [GC (Allocation Failure)  814182K->497993K(1035264K), 0.0044338 secs]
219.364: Total time for which application threads were stopped: 0.0046029 seconds, Stopping threads took: 0.0000206 seconds
219.432: [GC (Allocation Failure)  820553K->497993K(1035264K), 0.0044871 secs]
219.437: Total time for which application threads were stopped: 0.0046809 seconds, Stopping threads took: 0.0000193 seconds
219.504: [GC (Allocation Failure)  820553K->499849K(1035264K), 0.0048344 secs]
219.509: Total time for which application threads were stopped: 0.0049930 seconds, Stopping threads took: 0.0000177 seconds
219.577: [GC (Allocation Failure)  822409K->506123K(1035264K), 0.0045659 secs]
219.581: Total time for which application threads were stopped: 0.0047509 seconds, Stopping threads took: 0.0000272 seconds
219.650: [GC (Allocation Failure)  828683K->506091K(1035264K), 0.0048451 secs]
219.655: Total time for which application threads were stopped: 0.0050352 seconds, Stopping threads took: 0.0000203 seconds
219.721: [GC (Allocation Failure)  828651K->508067K(1035264K), 0.0049642 secs]
219.726: Total time for which application threads were stopped: 0.0051456 seconds, Stopping threads took: 0.0000208 seconds
219.794: [GC (Allocation Failure)  830627K->514085K(1035264K), 0.0046790 secs]
219.799: Total time for which application threads were stopped: 0.0048753 seconds, Stopping threads took: 0.0000199 seconds
219.870: [GC (Allocation Failure)  836645K->514053K(1035264K), 0.0044166 secs]
219.874: Total time for which application threads were stopped: 0.0046098 seconds, Stopping threads took: 0.0000196 seconds
219.944: [GC (Allocation Failure)  836613K->508259K(1035264K), 0.0022938 secs]
219.946: Total time for which application threads were stopped: 0.0024510 seconds, Stopping threads took: 0.0000168 seconds
220.015: [GC (Allocation Failure)  830819K->514309K(1034240K), 0.0046679 secs]
220.020: Total time for which application threads were stopped: 0.0048505 seconds, Stopping threads took: 0.0000208 seconds
220.090: [GC (Allocation Failure)  835845K->514053K(1034752K), 0.0043230 secs]
220.095: Total time for which application threads were stopped: 0.0045343 seconds, Stopping threads took: 0.0000266 seconds
220.162: [GC (Allocation Failure)  835589K->510499K(1035264K), 0.0034208 secs]
220.166: Total time for which application threads were stopped: 0.0035683 seconds, Stopping threads took: 0.0000166 seconds
220.234: [GC (Allocation Failure)  832547K->514245K(1034752K), 0.0046232 secs]
220.239: Total time for which application threads were stopped: 0.0047979 seconds, Stopping threads took: 0.0000214 seconds
220.308: [GC (Allocation Failure)  836293K->514021K(1035264K), 0.0045626 secs]
220.313: Total time for which application threads were stopped: 0.0047569 seconds, Stopping threads took: 0.0000201 seconds
220.381: [GC (Allocation Failure)  836581K->513795K(1035264K), 0.0045318 secs]
220.385: Total time for which application threads were stopped: 0.0047248 seconds, Stopping threads took: 0.0000195 seconds
220.454: [GC (Allocation Failure)  836355K->514213K(1035776K), 0.0046363 secs]
220.459: Total time for which application threads were stopped: 0.0047979 seconds, Stopping threads took: 0.0000172 seconds
220.527: [GC (Allocation Failure)  837285K->514085K(1035264K), 0.0046039 secs]
220.532: Total time for which application threads were stopped: 0.0047685 seconds, Stopping threads took: 0.0000207 seconds
220.598: [GC (Allocation Failure)  837157K->519067K(1032704K), 0.0067949 secs]
220.604: Total time for which application threads were stopped: 0.0069720 seconds, Stopping threads took: 0.0000272 seconds
220.672: [GC (Allocation Failure)  839579K->514461K(1034240K), 0.0047956 secs]
220.677: Total time for which application threads were stopped: 0.0049614 seconds, Stopping threads took: 0.0000203 seconds
220.744: [GC (Allocation Failure)  834973K->514365K(1034752K), 0.0044031 secs]
220.749: Total time for which application threads were stopped: 0.0045686 seconds, Stopping threads took: 0.0000201 seconds
220.815: [GC (Allocation Failure)  835389K->518043K(1032192K), 0.0062212 secs]
220.822: Total time for which application threads were stopped: 0.0063927 seconds, Stopping threads took: 0.0000196 seconds
220.889: [GC (Allocation Failure)  839067K->514365K(1034752K), 0.0043809 secs]
220.894: Total time for which application threads were stopped: 0.0045327 seconds, Stopping threads took: 0.0000170 seconds
220.961: [GC (Allocation Failure)  834877K->514333K(1033728K), 0.0046172 secs]
220.965: Total time for which application threads were stopped: 0.0047869 seconds, Stopping threads took: 0.0000203 seconds
221.032: [GC (Allocation Failure)  834845K->516731K(1034240K), 0.0056724 secs]
221.038: Total time for which application threads were stopped: 0.0058718 seconds, Stopping threads took: 0.0000197 seconds
221.108: [GC (Allocation Failure)  838267K->514589K(1034752K), 0.0046001 secs]
221.113: Total time for which application threads were stopped: 0.0047593 seconds, Stopping threads took: 0.0000171 seconds
221.180: [GC (Allocation Failure)  836125K->514333K(1035776K), 0.0048008 secs]
221.185: Total time for which application threads were stopped: 0.0049834 seconds, Stopping threads took: 0.0000212 seconds
221.251: [GC (Allocation Failure)  837405K->519435K(1035264K), 0.0068467 secs]
221.258: Total time for which application threads were stopped: 0.0070148 seconds, Stopping threads took: 0.0000198 seconds
221.324: [GC (Allocation Failure)  842507K->514893K(1034240K), 0.0047896 secs]
221.329: Total time for which application threads were stopped: 0.0049533 seconds, Stopping threads took: 0.0000200 seconds
221.396: [GC (Allocation Failure)  836429K->514733K(1034752K), 0.0048696 secs]
221.401: Total time for which application threads were stopped: 0.0050280 seconds, Stopping threads took: 0.0000200 seconds
221.467: [GC (Allocation Failure)  836269K->522571K(1030144K), 0.0082196 secs]
221.476: Total time for which application threads were stopped: 0.0083908 seconds, Stopping threads took: 0.0000204 seconds
221.542: [GC (Allocation Failure)  840011K->517453K(1032704K), 0.0047069 secs]
221.547: Total time for which application threads were stopped: 0.0048765 seconds, Stopping threads took: 0.0000201 seconds
221.615: [GC (Allocation Failure)  834893K->517325K(1033728K), 0.0044548 secs]
221.620: Total time for which application threads were stopped: 0.0046258 seconds, Stopping threads took: 0.0000201 seconds
221.686: [GC (Allocation Failure)  836301K->515691K(1033216K), 0.0039476 secs]
221.690: Total time for which application threads were stopped: 0.0041333 seconds, Stopping threads took: 0.0000350 seconds
221.758: [GC (Allocation Failure)  834667K->517357K(1034240K), 0.0096714 secs]
221.768: Total time for which application threads were stopped: 0.0098337 seconds, Stopping threads took: 0.0000197 seconds
221.835: [GC (Allocation Failure)  837357K->517357K(1033728K), 0.0047094 secs]
221.840: Total time for which application threads were stopped: 0.0049192 seconds, Stopping threads took: 0.0000249 seconds
221.907: [GC (Allocation Failure)  837357K->511275K(1032704K), 0.0023109 secs]
221.909: Total time for which application threads were stopped: 0.0024598 seconds, Stopping threads took: 0.0000199 seconds
221.977: [GC (Allocation Failure)  830763K->517325K(1033728K), 0.0045617 secs]
221.982: Total time for which application threads were stopped: 0.0047561 seconds, Stopping threads took: 0.0000202 seconds
222.050: [GC (Allocation Failure)  836813K->517357K(1035264K), 0.0057131 secs]
222.055: Total time for which application threads were stopped: 0.0059025 seconds, Stopping threads took: 0.0000206 seconds
222.123: [GC (Allocation Failure)  839405K->521069K(1034752K), 0.0052882 secs]
222.128: Total time for which application threads were stopped: 0.0054721 seconds, Stopping threads took: 0.0000266 seconds
222.197: [GC (Allocation Failure)  843117K->525583K(1035264K), 0.0046888 secs]
222.202: Total time for which application threads were stopped: 0.0048841 seconds, Stopping threads took: 0.0000198 seconds
222.271: [GC (Allocation Failure)  847631K->525391K(1034752K), 0.0046078 secs]
222.275: Total time for which application threads were stopped: 0.0047684 seconds, Stopping threads took: 0.0000206 seconds
222.342: [GC (Allocation Failure)  847439K->519725K(1034752K), 0.0025513 secs]
222.345: Total time for which application threads were stopped: 0.0027385 seconds, Stopping threads took: 0.0000312 seconds
222.415: [GC (Allocation Failure)  842285K->525519K(1035264K), 0.0048616 secs]
222.420: Total time for which application threads were stopped: 0.0050187 seconds, Stopping threads took: 0.0000195 seconds
222.489: [GC (Allocation Failure)  848079K->525359K(1035776K), 0.0047137 secs]
222.494: Total time for which application threads were stopped: 0.0048758 seconds, Stopping threads took: 0.0000206 seconds
222.562: [GC (Allocation Failure)  848431K->524557K(1035264K), 0.0044601 secs]
222.566: Total time for which application threads were stopped: 0.0046712 seconds, Stopping threads took: 0.0000200 seconds
222.635: [GC (Allocation Failure)  847629K->525455K(1036288K), 0.0045675 secs]
222.640: Total time for which application threads were stopped: 0.0047270 seconds, Stopping threads took: 0.0000164 seconds
222.708: [GC (Allocation Failure)  850063K->525359K(1036288K), 0.0047732 secs]
222.713: Total time for which application threads were stopped: 0.0049363 seconds, Stopping threads took: 0.0000199 seconds
222.779: [GC (Allocation Failure)  849967K->533421K(1030656K), 0.0086233 secs]
222.788: Total time for which application threads were stopped: 0.0087883 seconds, Stopping threads took: 0.0000205 seconds
222.857: [GC (Allocation Failure)  852909K->529743K(1033728K), 0.0081172 secs]
222.865: Total time for which application threads were stopped: 0.0082635 seconds, Stopping threads took: 0.0000271 seconds
222.933: [GC (Allocation Failure)  849231K->529743K(1034752K), 0.0045173 secs]
222.938: Total time for which application threads were stopped: 0.0046986 seconds, Stopping threads took: 0.0000196 seconds
223.003: [GC (Allocation Failure)  850767K->534445K(1033216K), 0.0065460 secs]
223.009: Total time for which application threads were stopped: 0.0066996 seconds, Stopping threads took: 0.0000194 seconds
223.079: [GC (Allocation Failure)  855469K->529999K(1034240K), 0.0046534 secs]
223.084: Total time for which application threads were stopped: 0.0048238 seconds, Stopping threads took: 0.0000262 seconds
223.151: [GC (Allocation Failure)  849999K->529679K(1033728K), 0.0044716 secs]
223.156: Total time for which application threads were stopped: 0.0046316 seconds, Stopping threads took: 0.0000198 seconds
223.223: [GC (Allocation Failure)  849679K->532077K(1034752K), 0.0055984 secs]
223.229: Total time for which application threads were stopped: 0.0057785 seconds, Stopping threads took: 0.0000207 seconds
223.297: [GC (Allocation Failure)  853613K->529903K(1034752K), 0.0055370 secs]
223.303: Total time for which application threads were stopped: 0.0057156 seconds, Stopping threads took: 0.0000289 seconds
223.370: [GC (Allocation Failure)  851439K->529711K(1035264K), 0.0047197 secs]
223.375: Total time for which application threads were stopped: 0.0049122 seconds, Stopping threads took: 0.0000175 seconds
223.443: [GC (Allocation Failure)  851759K->533805K(1033728K), 0.0080940 secs]
223.451: Total time for which application threads were stopped: 0.0082742 seconds, Stopping threads took: 0.0000278 seconds
223.521: [GC (Allocation Failure)  855853K->529871K(1034752K), 0.0048673 secs]
223.526: Total time for which application threads were stopped: 0.0050418 seconds, Stopping threads took: 0.0000207 seconds
223.593: [GC (Allocation Failure)  850895K->529711K(1034240K), 0.0045154 secs]
223.598: Total time for which application threads were stopped: 0.0046970 seconds, Stopping threads took: 0.0000204 seconds
223.665: [GC (Allocation Failure)  850735K->534509K(1033216K), 0.0065548 secs]
223.672: Total time for which application threads were stopped: 0.0067312 seconds, Stopping threads took: 0.0000216 seconds
223.738: [GC (Allocation Failure)  855021K->529807K(1034240K), 0.0047918 secs]
223.743: Total time for which application threads were stopped: 0.0049584 seconds, Stopping threads took: 0.0000202 seconds
223.811: [GC (Allocation Failure)  850319K->529711K(1034752K), 0.0044941 secs]
223.815: Total time for which application threads were stopped: 0.0046602 seconds, Stopping threads took: 0.0000208 seconds
223.883: [GC (Allocation Failure)  850735K->533197K(1034240K), 0.0060164 secs]
223.889: Total time for which application threads were stopped: 0.0061894 seconds, Stopping threads took: 0.0000201 seconds
223.956: [GC (Allocation Failure)  854221K->529775K(1034240K), 0.0047645 secs]
223.961: Total time for which application threads were stopped: 0.0049383 seconds, Stopping threads took: 0.0000207 seconds
224.028: [GC (Allocation Failure)  850287K->529711K(1034240K), 0.0047113 secs]
224.032: Total time for which application threads were stopped: 0.0048724 seconds, Stopping threads took: 0.0000200 seconds
224.100: [GC (Allocation Failure)  850223K->531885K(1034752K), 0.0055282 secs]
224.105: Total time for which application threads were stopped: 0.0056981 seconds, Stopping threads took: 0.0000265 seconds
224.173: [GC (Allocation Failure)  853421K->529967K(1034752K), 0.0047720 secs]
224.178: Total time for which application threads were stopped: 0.0049441 seconds, Stopping threads took: 0.0000207 seconds
224.245: [GC (Allocation Failure)  851503K->529743K(1035264K), 0.0046835 secs]
224.249: Total time for which application threads were stopped: 0.0048782 seconds, Stopping threads took: 0.0000202 seconds
224.318: [GC (Allocation Failure)  852303K->534093K(1034752K), 0.0064892 secs]
224.325: Total time for which application threads were stopped: 0.0066468 seconds, Stopping threads took: 0.0000175 seconds
224.393: [GC (Allocation Failure)  856653K->529935K(1034752K), 0.0061045 secs]
224.399: Total time for which application threads were stopped: 0.0062738 seconds, Stopping threads took: 0.0000281 seconds
224.467: [GC (Allocation Failure)  851471K->529679K(1034752K), 0.0048379 secs]
224.472: Total time for which application threads were stopped: 0.0050159 seconds, Stopping threads took: 0.0000224 seconds
224.539: [GC (Allocation Failure)  851215K->536301K(1031680K), 0.0077864 secs]
224.547: Total time for which application threads were stopped: 0.0079812 seconds, Stopping threads took: 0.0000202 seconds
224.616: [GC (Allocation Failure)  854765K->530671K(1033216K), 0.0046561 secs]
224.621: Total time for which application threads were stopped: 0.0048258 seconds, Stopping threads took: 0.0000195 seconds
224.689: [GC (Allocation Failure)  849135K->530543K(1033728K), 0.0046478 secs]
224.694: Total time for which application threads were stopped: 0.0048068 seconds, Stopping threads took: 0.0000193 seconds
224.761: [GC (Allocation Failure)  850031K->530221K(1033728K), 0.0047117 secs]
224.765: Total time for which application threads were stopped: 0.0048795 seconds, Stopping threads took: 0.0000193 seconds
224.833: [GC (Allocation Failure)  849709K->530639K(1034240K), 0.0046657 secs]
224.838: Total time for which application threads were stopped: 0.0048242 seconds, Stopping threads took: 0.0000200 seconds
224.906: [GC (Allocation Failure)  851151K->530543K(1034240K), 0.0046149 secs]
224.911: Total time for which application threads were stopped: 0.0047852 seconds, Stopping threads took: 0.0000195 seconds
224.978: [GC (Allocation Failure)  851055K->527341K(1033728K), 0.0034393 secs]
224.981: Total time for which application threads were stopped: 0.0035996 seconds, Stopping threads took: 0.0000196 seconds
225.049: [GC (Allocation Failure)  847853K->530543K(1034240K), 0.0045974 secs]
225.054: Total time for which application threads were stopped: 0.0047557 seconds, Stopping threads took: 0.0000198 seconds
225.123: [GC (Allocation Failure)  851055K->530543K(1035264K), 0.0044985 secs]
225.128: Total time for which application threads were stopped: 0.0046765 seconds, Stopping threads took: 0.0000284 seconds
225.195: [GC (Allocation Failure)  852591K->527021K(1034752K), 0.0032532 secs]
225.199: Total time for which application threads were stopped: 0.0034218 seconds, Stopping threads took: 0.0000271 seconds
225.267: [GC (Allocation Failure)  849069K->530767K(1035776K), 0.0047922 secs]
225.272: Total time for which application threads were stopped: 0.0049551 seconds, Stopping threads took: 0.0000201 seconds
225.340: [GC (Allocation Failure)  853839K->530543K(1035264K), 0.0046542 secs]
225.345: Total time for which application threads were stopped: 0.0048389 seconds, Stopping threads took: 0.0000202 seconds
225.413: [GC (Allocation Failure)  853615K->531821K(1035776K), 0.0054185 secs]
225.419: Total time for which application threads were stopped: 0.0055893 seconds, Stopping threads took: 0.0000197 seconds
225.489: [GC (Allocation Failure)  855405K->530735K(1035776K), 0.0046971 secs]
225.493: Total time for which application threads were stopped: 0.0048686 seconds, Stopping threads took: 0.0000199 seconds
225.561: [GC (Allocation Failure)  854319K->530543K(1036800K), 0.0048436 secs]
225.566: Total time for which application threads were stopped: 0.0050262 seconds, Stopping threads took: 0.0000201 seconds
225.635: [GC (Allocation Failure)  855663K->524333K(1026560K), 0.0023201 secs]
225.637: Total time for which application threads were stopped: 0.0024902 seconds, Stopping threads took: 0.0000253 seconds
225.706: [GC (Allocation Failure)  849453K->530695K(1036288K), 0.0045365 secs]
225.710: Total time for which application threads were stopped: 0.0047212 seconds, Stopping threads took: 0.0000208 seconds
225.778: [GC (Allocation Failure)  854791K->534695K(1035776K), 0.0054241 secs]
225.783: Total time for which application threads were stopped: 0.0055856 seconds, Stopping threads took: 0.0000200 seconds
225.851: [GC (Allocation Failure)  858791K->534663K(1036800K), 0.0114089 secs]
225.863: Total time for which application threads were stopped: 0.0116063 seconds, Stopping threads took: 0.0000202 seconds
225.930: [GC (Allocation Failure)  859783K->534791K(1025024K), 0.0044866 secs]
225.935: Total time for which application threads were stopped: 0.0046388 seconds, Stopping threads took: 0.0000173 seconds
226.003: [GC (Allocation Failure)  859911K->542730K(1035776K), 0.0044934 secs]
226.008: Total time for which application threads were stopped: 0.0046878 seconds, Stopping threads took: 0.0000200 seconds
226.078: [GC (Allocation Failure)  866314K->542730K(1035776K), 0.0046085 secs]
226.083: Total time for which application threads were stopped: 0.0047644 seconds, Stopping threads took: 0.0000168 seconds
226.151: [GC (Allocation Failure)  866314K->543050K(1034240K), 0.0047424 secs]
226.156: Total time for which application threads were stopped: 0.0049147 seconds, Stopping threads took: 0.0000201 seconds
226.223: [GC (Allocation Failure)  865610K->550796K(1035264K), 0.0047797 secs]
226.228: Total time for which application threads were stopped: 0.0049490 seconds, Stopping threads took: 0.0000219 seconds
226.296: [GC (Allocation Failure)  873356K->550796K(1035776K), 0.0059981 secs]
226.302: Total time for which application threads were stopped: 0.0061751 seconds, Stopping threads took: 0.0000196 seconds
226.371: [GC (Allocation Failure)  873868K->550828K(1035264K), 0.0047860 secs]
226.376: Total time for which application threads were stopped: 0.0049538 seconds, Stopping threads took: 0.0000216 seconds
226.445: [GC (Allocation Failure)  873900K->558766K(1035264K), 0.0048361 secs]
226.450: Total time for which application threads were stopped: 0.0050044 seconds, Stopping threads took: 0.0000199 seconds
226.518: [GC (Allocation Failure)  881326K->558798K(1035264K), 0.0046777 secs]
226.522: Total time for which application threads were stopped: 0.0048495 seconds, Stopping threads took: 0.0000207 seconds
226.589: [GC (Allocation Failure)  881358K->559014K(1034240K), 0.0047227 secs]
226.594: Total time for which application threads were stopped: 0.0048907 seconds, Stopping threads took: 0.0000265 seconds
226.662: [GC (Allocation Failure)  880550K->566856K(1034752K), 0.0048753 secs]
226.667: Total time for which application threads were stopped: 0.0050408 seconds, Stopping threads took: 0.0000206 seconds
226.733: [GC (Allocation Failure)  888392K->566856K(1034752K), 0.0049184 secs]
226.738: Total time for which application threads were stopped: 0.0050906 seconds, Stopping threads took: 0.0000208 seconds
226.803: [GC (Allocation Failure)  888392K->566984K(1021440K), 0.0048262 secs]
226.808: Total time for which application threads were stopped: 0.0049975 seconds, Stopping threads took: 0.0000215 seconds
226.874: [GC (Allocation Failure)  888520K->574891K(1034240K), 0.0049032 secs]
226.879: Total time for which application threads were stopped: 0.0050862 seconds, Stopping threads took: 0.0000199 seconds
226.946: [GC (Allocation Failure)  895403K->574827K(1034240K), 0.0049258 secs]
226.951: Total time for which application threads were stopped: 0.0050870 seconds, Stopping threads took: 0.0000203 seconds
227.018: [GC (Allocation Failure)  895339K->574915K(1034240K), 0.0055898 secs]
227.024: Total time for which application threads were stopped: 0.0057542 seconds, Stopping threads took: 0.0000197 seconds
227.092: [GC (Allocation Failure)  895427K->582917K(1028096K), 0.0046808 secs]
227.096: Total time for which application threads were stopped: 0.0048481 seconds, Stopping threads took: 0.0000263 seconds
227.164: [GC (Allocation Failure)  903429K->582885K(1033728K), 0.0048751 secs]
227.169: Total time for which application threads were stopped: 0.0050559 seconds, Stopping threads took: 0.0000202 seconds
227.235: [GC (Allocation Failure)  902373K->583213K(1033728K), 0.0049103 secs]
227.240: Total time for which application threads were stopped: 0.0051129 seconds, Stopping threads took: 0.0000203 seconds
227.307: [GC (Allocation Failure)  902701K->590927K(1033728K), 0.0048962 secs]
227.312: Total time for which application threads were stopped: 0.0050891 seconds, Stopping threads took: 0.0000205 seconds
227.380: [GC (Allocation Failure)  910415K->590927K(1033728K), 0.0048990 secs]
227.385: Total time for which application threads were stopped: 0.0050781 seconds, Stopping threads took: 0.0000254 seconds
227.452: [GC (Allocation Failure)  910415K->591431K(1033728K), 0.0047644 secs]
227.457: Total time for which application threads were stopped: 0.0049485 seconds, Stopping threads took: 0.0000210 seconds
227.525: [GC (Allocation Failure)  910919K->598985K(1033728K), 0.0050046 secs]
227.530: Total time for which application threads were stopped: 0.0051693 seconds, Stopping threads took: 0.0000198 seconds
227.597: [GC (Allocation Failure)  918473K->598985K(1033728K), 0.0048399 secs]
227.602: Total time for which application threads were stopped: 0.0050105 seconds, Stopping threads took: 0.0000259 seconds
227.668: [GC (Allocation Failure)  918473K->599145K(1033728K), 0.0048921 secs]
227.673: Total time for which application threads were stopped: 0.0050753 seconds, Stopping threads took: 0.0000262 seconds
227.741: [GC (Allocation Failure)  918633K->606988K(1033728K), 0.0045651 secs]
227.746: Total time for which application threads were stopped: 0.0047302 seconds, Stopping threads took: 0.0000206 seconds
227.814: [GC (Allocation Failure)  926476K->607020K(1033728K), 0.0047701 secs]
227.819: Total time for which application threads were stopped: 0.0049312 seconds, Stopping threads took: 0.0000201 seconds
227.886: [GC (Allocation Failure)  926508K->607140K(1032704K), 0.0048448 secs]
227.891: Total time for which application threads were stopped: 0.0050312 seconds, Stopping threads took: 0.0000180 seconds
227.959: [GC (Allocation Failure)  925604K->615046K(1033216K), 0.0046381 secs]
227.964: Total time for which application threads were stopped: 0.0047976 seconds, Stopping threads took: 0.0000168 seconds
228.030: [GC (Allocation Failure)  933510K->615014K(1033216K), 0.0050830 secs]
228.035: Total time for which application threads were stopped: 0.0052547 seconds, Stopping threads took: 0.0000200 seconds
228.100: [GC (Allocation Failure)  933478K->615086K(1033216K), 0.0048086 secs]
228.105: Total time for which application threads were stopped: 0.0049805 seconds, Stopping threads took: 0.0000194 seconds
228.172: [GC (Allocation Failure)  933550K->623056K(1033216K), 0.0049876 secs]
228.177: Total time for which application threads were stopped: 0.0051601 seconds, Stopping threads took: 0.0000202 seconds
228.243: [GC (Allocation Failure)  941520K->618798K(1033216K), 0.0036065 secs]
228.247: Total time for which application threads were stopped: 0.0037768 seconds, Stopping threads took: 0.0000210 seconds
228.312: [GC (Allocation Failure)  937262K->623296K(1034752K), 0.0050757 secs]
228.317: Total time for which application threads were stopped: 0.0052531 seconds, Stopping threads took: 0.0000202 seconds
228.386: [GC (Allocation Failure)  943808K->627200K(1033728K), 0.0049260 secs]
228.391: Total time for which application threads were stopped: 0.0051190 seconds, Stopping threads took: 0.0000205 seconds
228.460: [GC (Allocation Failure)  947712K->635398K(1028096K), 0.0085578 secs]
228.469: Total time for which application threads were stopped: 0.0087325 seconds, Stopping threads took: 0.0000202 seconds
228.535: [GC (Allocation Failure)  949766K->629352K(1031168K), 0.0048613 secs]
228.539: Total time for which application threads were stopped: 0.0050578 seconds, Stopping threads took: 0.0000201 seconds
228.608: [GC (Allocation Failure)  943720K->629128K(1032192K), 0.0047695 secs]
228.613: Total time for which application threads were stopped: 0.0049430 seconds, Stopping threads took: 0.0000281 seconds
228.680: [GC (Allocation Failure)  945032K->630760K(1031680K), 0.0049937 secs]
228.685: Total time for which application threads were stopped: 0.0051758 seconds, Stopping threads took: 0.0000201 seconds
228.752: [GC (Allocation Failure)  946664K->637290K(1032704K), 0.0048477 secs]
228.757: Total time for which application threads were stopped: 0.0050175 seconds, Stopping threads took: 0.0000199 seconds
228.823: [GC (Allocation Failure)  954218K->637194K(1032192K), 0.0049518 secs]
228.828: Total time for which application threads were stopped: 0.0051445 seconds, Stopping threads took: 0.0000207 seconds
228.895: [GC (Allocation Failure)  954122K->637418K(1032704K), 0.0049505 secs]
228.900: Total time for which application threads were stopped: 0.0051486 seconds, Stopping threads took: 0.0000204 seconds
228.968: [GC (Allocation Failure)  954858K->645293K(1032704K), 0.0049220 secs]
228.973: Total time for which application threads were stopped: 0.0050765 seconds, Stopping threads took: 0.0000178 seconds
229.041: [GC (Allocation Failure)  962733K->645197K(1033216K), 0.0046866 secs]
229.045: Total time for which application threads were stopped: 0.0048658 seconds, Stopping threads took: 0.0000203 seconds
229.112: [GC (Allocation Failure)  963149K->647205K(1032704K), 0.0051783 secs]
229.117: Total time for which application threads were stopped: 0.0053532 seconds, Stopping threads took: 0.0000275 seconds
229.184: [GC (Allocation Failure)  965157K->653255K(1033216K), 0.0048722 secs]
229.189: Total time for which application threads were stopped: 0.0050652 seconds, Stopping threads took: 0.0000206 seconds
229.257: [GC (Allocation Failure)  971719K->653223K(1033216K), 0.0049973 secs]
229.262: Total time for which application threads were stopped: 0.0051572 seconds, Stopping threads took: 0.0000192 seconds
229.329: [GC (Allocation Failure)  971687K->654983K(1033728K), 0.0050714 secs]
229.334: Total time for which application threads were stopped: 0.0052392 seconds, Stopping threads took: 0.0000194 seconds
229.402: [GC (Allocation Failure)  974471K->661257K(1033728K), 0.0048017 secs]
229.406: Total time for which application threads were stopped: 0.0049608 seconds, Stopping threads took: 0.0000204 seconds
229.475: [GC (Allocation Failure)  980745K->661257K(1033728K), 0.0048002 secs]
229.480: Total time for which application threads were stopped: 0.0049616 seconds, Stopping threads took: 0.0000204 seconds
229.547: [GC (Allocation Failure)  980745K->662153K(1033728K), 0.0050511 secs]
229.552: Total time for which application threads were stopped: 0.0052308 seconds, Stopping threads took: 0.0000198 seconds
229.620: [GC (Allocation Failure)  981641K->669292K(1033728K), 0.0104166 secs]
229.631: Total time for which application threads were stopped: 0.0105806 seconds, Stopping threads took: 0.0000197 seconds
229.699: [GC (Allocation Failure)  988780K->669292K(1033728K), 0.0051919 secs]
229.704: Total time for which application threads were stopped: 0.0053588 seconds, Stopping threads took: 0.0000195 seconds
229.769: [GC (Allocation Failure)  988780K->669356K(1033728K), 0.0048998 secs]
229.774: Total time for which application threads were stopped: 0.0050921 seconds, Stopping threads took: 0.0000205 seconds
229.842: [GC (Allocation Failure)  988844K->677358K(1033728K), 0.0059384 secs]
229.848: Total time for which application threads were stopped: 0.0061039 seconds, Stopping threads took: 0.0000273 seconds
229.915: [GC (Allocation Failure)  996846K->677358K(1033728K), 0.0047803 secs]
229.920: Total time for which application threads were stopped: 0.0049570 seconds, Stopping threads took: 0.0000197 seconds
229.985: [GC (Allocation Failure)  996846K->677582K(1033728K), 0.0050300 secs]
229.990: Total time for which application threads were stopped: 0.0052114 seconds, Stopping threads took: 0.0000200 seconds
230.060: [GC (Allocation Failure)  997070K->685424K(1033728K), 0.0049978 secs]
230.065: Total time for which application threads were stopped: 0.0051789 seconds, Stopping threads took: 0.0000215 seconds
230.132: [GC (Allocation Failure)  1004912K->685360K(1033728K), 0.0049308 secs]
230.137: Total time for which application threads were stopped: 0.0051109 seconds, Stopping threads took: 0.0000286 seconds
230.202: [GC (Allocation Failure)  1004848K->685832K(1033728K), 0.0052071 secs]
230.208: [Full GC (Ergonomics)  685832K->8935K(1033728K), 0.0130243 secs]
230.221: Total time for which application threads were stopped: 0.0184955 seconds, Stopping threads took: 0.0000214 seconds
230.290: [GC (Allocation Failure)  328423K->18665K(1029120K), 0.0038883 secs]
230.294: Total time for which application threads were stopped: 0.0040493 seconds, Stopping threads took: 0.0000197 seconds
230.359: [GC (Allocation Failure)  338153K->18649K(1033216K), 0.0040519 secs]
230.364: Total time for which application threads were stopped: 0.0042216 seconds, Stopping threads took: 0.0000196 seconds
230.429: [GC (Allocation Failure)  336601K->18809K(1032704K), 0.0037225 secs]
230.432: Total time for which application threads were stopped: 0.0038855 seconds, Stopping threads took: 0.0000202 seconds
230.500: [GC (Allocation Failure)  336761K->26715K(1033216K), 0.0037571 secs]
230.504: Total time for which application threads were stopped: 0.0039207 seconds, Stopping threads took: 0.0000201 seconds
230.571: [GC (Allocation Failure)  344667K->26715K(1032704K), 0.0036641 secs]
230.575: Total time for which application threads were stopped: 0.0038666 seconds, Stopping threads took: 0.0000214 seconds
230.641: [GC (Allocation Failure)  344667K->27579K(1033216K), 0.0038847 secs]
230.645: Total time for which application threads were stopped: 0.0040569 seconds, Stopping threads took: 0.0000282 seconds
230.712: [GC (Allocation Failure)  346043K->34685K(1033216K), 0.0035764 secs]
230.716: Total time for which application threads were stopped: 0.0037465 seconds, Stopping threads took: 0.0000201 seconds
230.783: [GC (Allocation Failure)  353149K->34717K(1033216K), 0.0037699 secs]
230.787: Total time for which application threads were stopped: 0.0039616 seconds, Stopping threads took: 0.0000194 seconds
230.853: [GC (Allocation Failure)  353181K->35773K(1033216K), 0.0045554 secs]
230.858: Total time for which application threads were stopped: 0.0047499 seconds, Stopping threads took: 0.0000190 seconds
230.925: [GC (Allocation Failure)  354237K->42752K(1033216K), 0.0036106 secs]
230.929: Total time for which application threads were stopped: 0.0037808 seconds, Stopping threads took: 0.0000194 seconds
230.994: [GC (Allocation Failure)  361216K->42720K(1033216K), 0.0037077 secs]
230.998: Total time for which application threads were stopped: 0.0038852 seconds, Stopping threads took: 0.0000200 seconds
231.065: [GC (Allocation Failure)  361184K->43016K(1033216K), 0.0039024 secs]
231.069: Total time for which application threads were stopped: 0.0040867 seconds, Stopping threads took: 0.0000216 seconds
231.136: [GC (Allocation Failure)  361480K->50762K(1033216K), 0.0045605 secs]
231.140: Total time for which application threads were stopped: 0.0047284 seconds, Stopping threads took: 0.0000194 seconds
231.206: [GC (Allocation Failure)  369226K->50826K(1033216K), 0.0036836 secs]
231.210: Total time for which application threads were stopped: 0.0038422 seconds, Stopping threads took: 0.0000192 seconds
231.275: [GC (Allocation Failure)  369290K->51242K(1033216K), 0.0039107 secs]
231.279: Total time for which application threads were stopped: 0.0040879 seconds, Stopping threads took: 0.0000205 seconds
231.346: [GC (Allocation Failure)  369706K->58828K(1033216K), 0.0035613 secs]
231.350: Total time for which application threads were stopped: 0.0037215 seconds, Stopping threads took: 0.0000204 seconds
231.415: [GC (Allocation Failure)  377292K->58828K(1033216K), 0.0040024 secs]
231.419: Total time for which application threads were stopped: 0.0041623 seconds, Stopping threads took: 0.0000185 seconds
231.484: [GC (Allocation Failure)  377292K->58956K(1033216K), 0.0037820 secs]
231.488: Total time for which application threads were stopped: 0.0039538 seconds, Stopping threads took: 0.0000197 seconds
231.554: [GC (Allocation Failure)  377420K->66862K(1033216K), 0.0039340 secs]
231.558: Total time for which application threads were stopped: 0.0041037 seconds, Stopping threads took: 0.0000193 seconds
231.625: [GC (Allocation Failure)  385326K->66894K(1033216K), 0.0038445 secs]
231.629: Total time for which application threads were stopped: 0.0040219 seconds, Stopping threads took: 0.0000258 seconds
231.696: [GC (Allocation Failure)  385358K->67110K(1033216K), 0.0039448 secs]
231.700: Total time for which application threads were stopped: 0.0041162 seconds, Stopping threads took: 0.0000207 seconds
231.767: [GC (Allocation Failure)  385574K->74889K(1033216K), 0.0038408 secs]
231.771: Total time for which application threads were stopped: 0.0040115 seconds, Stopping threads took: 0.0000201 seconds
231.837: [GC (Allocation Failure)  393353K->74889K(1033216K), 0.0037119 secs]
231.841: Total time for which application threads were stopped: 0.0038832 seconds, Stopping threads took: 0.0000199 seconds
231.907: [GC (Allocation Failure)  393353K->74913K(1033216K), 0.0046118 secs]
231.912: Total time for which application threads were stopped: 0.0047638 seconds, Stopping threads took: 0.0000178 seconds
231.979: [GC (Allocation Failure)  393377K->82947K(1033216K), 0.0039128 secs]
231.983: Total time for which application threads were stopped: 0.0040829 seconds, Stopping threads took: 0.0000200 seconds
232.052: [GC (Allocation Failure)  401411K->82947K(1033216K), 0.0038706 secs]
232.056: Total time for which application threads were stopped: 0.0040492 seconds, Stopping threads took: 0.0000222 seconds
232.123: [GC (Allocation Failure)  401411K->83067K(1033216K), 0.0036466 secs]
232.127: Total time for which application threads were stopped: 0.0038518 seconds, Stopping threads took: 0.0000262 seconds
232.196: [GC (Allocation Failure)  401531K->90941K(1033216K), 0.0036296 secs]
232.199: Total time for which application threads were stopped: 0.0038241 seconds, Stopping threads took: 0.0000189 seconds
232.268: [GC (Allocation Failure)  409405K->90941K(1033216K), 0.0037147 secs]
232.272: Total time for which application threads were stopped: 0.0038806 seconds, Stopping threads took: 0.0000203 seconds
232.338: [GC (Allocation Failure)  409405K->91005K(1033216K), 0.0039744 secs]
232.342: Total time for which application threads were stopped: 0.0041424 seconds, Stopping threads took: 0.0000196 seconds
232.411: [GC (Allocation Failure)  409469K->98975K(1033216K), 0.0037937 secs]
232.415: Total time for which application threads were stopped: 0.0039625 seconds, Stopping threads took: 0.0000214 seconds
232.482: [GC (Allocation Failure)  417439K->94941K(1033728K), 0.0023729 secs]
232.485: Total time for which application threads were stopped: 0.0025491 seconds, Stopping threads took: 0.0000204 seconds
232.551: [GC (Allocation Failure)  413917K->99279K(1033216K), 0.0041477 secs]
232.556: Total time for which application threads were stopped: 0.0043301 seconds, Stopping threads took: 0.0000224 seconds
232.624: [GC (Allocation Failure)  418255K->103151K(1033728K), 0.0037452 secs]
232.628: Total time for which application threads were stopped: 0.0039348 seconds, Stopping threads took: 0.0000269 seconds
232.697: [GC (Allocation Failure)  423663K->110541K(1034240K), 0.0070234 secs]
232.704: Total time for which application threads were stopped: 0.0072055 seconds, Stopping threads took: 0.0000165 seconds
232.772: [GC (Allocation Failure)  431053K->104495K(1029120K), 0.0040659 secs]
232.776: Total time for which application threads were stopped: 0.0042256 seconds, Stopping threads took: 0.0000193 seconds
232.841: [GC (Allocation Failure)  419887K->104271K(1031680K), 0.0068297 secs]
232.848: Total time for which application threads were stopped: 0.0069959 seconds, Stopping threads took: 0.0000203 seconds
232.912: [GC (Allocation Failure)  419663K->99661K(1032704K), 0.0021520 secs]
232.914: Total time for which application threads were stopped: 0.0023031 seconds, Stopping threads took: 0.0000195 seconds
232.982: [GC (Allocation Failure)  416589K->104399K(1032192K), 0.0039878 secs]
232.986: Total time for which application threads were stopped: 0.0041506 seconds, Stopping threads took: 0.0000198 seconds
233.052: [GC (Allocation Failure)  421327K->104303K(1033216K), 0.0037266 secs]
233.055: Total time for which application threads were stopped: 0.0038985 seconds, Stopping threads took: 0.0000194 seconds
233.122: [GC (Allocation Failure)  422255K->108391K(1032704K), 0.0046923 secs]
233.127: Total time for which application threads were stopped: 0.0048606 seconds, Stopping threads took: 0.0000260 seconds
233.196: [GC (Allocation Failure)  426343K->112362K(1033728K), 0.0040001 secs]
233.200: Total time for which application threads were stopped: 0.0041897 seconds, Stopping threads took: 0.0000213 seconds
233.269: [GC (Allocation Failure)  431850K->112298K(1033728K), 0.0039252 secs]
233.273: Total time for which application threads were stopped: 0.0041211 seconds, Stopping threads took: 0.0000200 seconds
233.339: [GC (Allocation Failure)  431786K->114090K(1034240K), 0.0041466 secs]
233.343: Total time for which application threads were stopped: 0.0043188 seconds, Stopping threads took: 0.0000204 seconds
233.410: [GC (Allocation Failure)  434602K->120332K(1034240K), 0.0039712 secs]
233.415: Total time for which application threads were stopped: 0.0041523 seconds, Stopping threads took: 0.0000210 seconds
233.485: [GC (Allocation Failure)  440844K->120332K(1034240K), 0.0038963 secs]
233.489: Total time for which application threads were stopped: 0.0040733 seconds, Stopping threads took: 0.0000282 seconds
233.556: [GC (Allocation Failure)  440844K->124364K(1034240K), 0.0047827 secs]
233.561: Total time for which application threads were stopped: 0.0049716 seconds, Stopping threads took: 0.0000251 seconds
233.630: [GC (Allocation Failure)  444876K->128398K(1034752K), 0.0036858 secs]
233.634: Total time for which application threads were stopped: 0.0038498 seconds, Stopping threads took: 0.0000271 seconds
233.701: [GC (Allocation Failure)  449934K->128398K(1034752K), 0.0038184 secs]
233.705: Total time for which application threads were stopped: 0.0039913 seconds, Stopping threads took: 0.0000201 seconds
233.771: [GC (Allocation Failure)  449934K->128486K(1033728K), 0.0040602 secs]
233.776: Total time for which application threads were stopped: 0.0042329 seconds, Stopping threads took: 0.0000208 seconds
233.843: [GC (Allocation Failure)  448998K->136457K(1034240K), 0.0045525 secs]
233.848: Total time for which application threads were stopped: 0.0047511 seconds, Stopping threads took: 0.0000251 seconds
233.917: [GC (Allocation Failure)  456969K->136425K(1034752K), 0.0039527 secs]
233.921: Total time for which application threads were stopped: 0.0041242 seconds, Stopping threads took: 0.0000203 seconds
233.988: [GC (Allocation Failure)  457449K->139273K(1034240K), 0.0045193 secs]
233.993: Total time for which application threads were stopped: 0.0047009 seconds, Stopping threads took: 0.0000198 seconds
234.060: [GC (Allocation Failure)  460297K->144555K(1034752K), 0.0040118 secs]
234.064: Total time for which application threads were stopped: 0.0041846 seconds, Stopping threads took: 0.0000206 seconds
234.132: [GC (Allocation Failure)  466091K->144427K(1034752K), 0.0039233 secs]
234.136: Total time for which application threads were stopped: 0.0040908 seconds, Stopping threads took: 0.0000202 seconds
234.202: [GC (Allocation Failure)  465963K->148043K(1034752K), 0.0047599 secs]
234.207: Total time for which application threads were stopped: 0.0049324 seconds, Stopping threads took: 0.0000206 seconds
234.277: [GC (Allocation Failure)  469579K->152525K(1034752K), 0.0040888 secs]
234.281: Total time for which application threads were stopped: 0.0042524 seconds, Stopping threads took: 0.0000206 seconds
234.349: [GC (Allocation Failure)  474061K->152461K(1035264K), 0.0039584 secs]
234.353: Total time for which application threads were stopped: 0.0041324 seconds, Stopping threads took: 0.0000195 seconds
234.422: [GC (Allocation Failure)  474509K->153669K(1034752K), 0.0040360 secs]
234.426: Total time for which application threads were stopped: 0.0042048 seconds, Stopping threads took: 0.0000195 seconds
234.493: [GC (Allocation Failure)  475717K->160487K(1034752K), 0.0036971 secs]
234.497: Total time for which application threads were stopped: 0.0038653 seconds, Stopping threads took: 0.0000198 seconds
234.563: [GC (Allocation Failure)  482023K->160455K(1034752K), 0.0039838 secs]
234.567: Total time for which application threads were stopped: 0.0041602 seconds, Stopping threads took: 0.0000203 seconds
234.635: [GC (Allocation Failure)  481991K->163463K(1034752K), 0.0044733 secs]
234.639: Total time for which application threads were stopped: 0.0046500 seconds, Stopping threads took: 0.0000274 seconds
234.705: [GC (Allocation Failure)  484999K->168522K(1034752K), 0.0039364 secs]
234.709: Total time for which application threads were stopped: 0.0041090 seconds, Stopping threads took: 0.0000201 seconds
234.775: [GC (Allocation Failure)  490058K->168522K(1035264K), 0.0041201 secs]
234.779: Total time for which application threads were stopped: 0.0042978 seconds, Stopping threads took: 0.0000210 seconds
234.848: [GC (Allocation Failure)  490570K->169130K(1034752K), 0.0050816 secs]
234.853: Total time for which application threads were stopped: 0.0052638 seconds, Stopping threads took: 0.0000261 seconds
234.922: [GC (Allocation Failure)  491178K->176588K(1034752K), 0.0041475 secs]
234.926: Total time for which application threads were stopped: 0.0043276 seconds, Stopping threads took: 0.0000202 seconds
234.997: [GC (Allocation Failure)  498124K->176556K(1034752K), 0.0039492 secs]
235.001: Total time for which application threads were stopped: 0.0041304 seconds, Stopping threads took: 0.0000208 seconds
235.069: [GC (Allocation Failure)  498092K->178892K(1034752K), 0.0044267 secs]
235.074: Total time for which application threads were stopped: 0.0046238 seconds, Stopping threads took: 0.0000207 seconds
235.143: [GC (Allocation Failure)  500428K->184654K(1034752K), 0.0038435 secs]
235.147: Total time for which application threads were stopped: 0.0040135 seconds, Stopping threads took: 0.0000292 seconds
235.215: [GC (Allocation Failure)  506190K->184590K(1034752K), 0.0039346 secs]
235.219: Total time for which application threads were stopped: 0.0040940 seconds, Stopping threads took: 0.0000201 seconds
235.284: [GC (Allocation Failure)  506126K->188142K(1034752K), 0.0048252 secs]
235.289: Total time for which application threads were stopped: 0.0049949 seconds, Stopping threads took: 0.0000193 seconds
235.358: [GC (Allocation Failure)  509678K->192688K(1034752K), 0.0041510 secs]
235.362: Total time for which application threads were stopped: 0.0043246 seconds, Stopping threads took: 0.0000205 seconds
235.429: [GC (Allocation Failure)  514224K->192624K(1034752K), 0.0040192 secs]
235.433: Total time for which application threads were stopped: 0.0041931 seconds, Stopping threads took: 0.0000231 seconds
235.499: [GC (Allocation Failure)  514160K->193360K(1034752K), 0.0064723 secs]
235.505: Total time for which application threads were stopped: 0.0066406 seconds, Stopping threads took: 0.0000201 seconds
235.572: [GC (Allocation Failure)  514896K->200691K(1034752K), 0.0041256 secs]
235.576: Total time for which application threads were stopped: 0.0042941 seconds, Stopping threads took: 0.0000198 seconds
235.643: [GC (Allocation Failure)  522227K->200659K(1034752K), 0.0047060 secs]
235.648: Total time for which application threads were stopped: 0.0048806 seconds, Stopping threads took: 0.0000199 seconds
235.713: [GC (Allocation Failure)  522195K->202571K(1034752K), 0.0042706 secs]
235.718: Total time for which application threads were stopped: 0.0044423 seconds, Stopping threads took: 0.0000200 seconds
235.784: [GC (Allocation Failure)  524107K->208749K(1034752K), 0.0038993 secs]
235.788: Total time for which application threads were stopped: 0.0040621 seconds, Stopping threads took: 0.0000206 seconds
235.855: [GC (Allocation Failure)  530285K->208653K(1034752K), 0.0062474 secs]
235.861: Total time for which application threads were stopped: 0.0064448 seconds, Stopping threads took: 0.0000170 seconds
235.927: [GC (Allocation Failure)  530189K->211853K(1034752K), 0.0048595 secs]
235.932: Total time for which application threads were stopped: 0.0050235 seconds, Stopping threads took: 0.0000197 seconds
236.000: [GC (Allocation Failure)  533389K->216847K(1034752K), 0.0047414 secs]
236.005: Total time for which application threads were stopped: 0.0049025 seconds, Stopping threads took: 0.0000199 seconds
236.072: [GC (Allocation Failure)  538383K->216751K(1034752K), 0.0040334 secs]
236.076: Total time for which application threads were stopped: 0.0042312 seconds, Stopping threads took: 0.0000251 seconds
236.144: [GC (Allocation Failure)  538287K->216999K(1034752K), 0.0039636 secs]
236.148: Total time for which application threads were stopped: 0.0041231 seconds, Stopping threads took: 0.0000259 seconds
236.217: [GC (Allocation Failure)  538535K->224841K(1033728K), 0.0040585 secs]
236.221: Total time for which application threads were stopped: 0.0042555 seconds, Stopping threads took: 0.0000206 seconds
236.290: [GC (Allocation Failure)  545353K->224777K(1034240K), 0.0042429 secs]
236.295: Total time for which application threads were stopped: 0.0044104 seconds, Stopping threads took: 0.0000196 seconds
236.363: [GC (Allocation Failure)  545289K->228329K(1034752K), 0.0048759 secs]
236.368: Total time for which application threads were stopped: 0.0050445 seconds, Stopping threads took: 0.0000197 seconds
236.435: [GC (Allocation Failure)  549353K->232780K(1034240K), 0.0040175 secs]
236.439: Total time for which application threads were stopped: 0.0041777 seconds, Stopping threads took: 0.0000206 seconds
236.508: [GC (Allocation Failure)  553804K->232780K(1034752K), 0.0041437 secs]
236.512: Total time for which application threads were stopped: 0.0043074 seconds, Stopping threads took: 0.0000197 seconds
236.579: [GC (Allocation Failure)  554316K->236556K(1034752K), 0.0049866 secs]
236.584: Total time for which application threads were stopped: 0.0051489 seconds, Stopping threads took: 0.0000201 seconds
236.653: [GC (Allocation Failure)  558092K->240846K(1035264K), 0.0042493 secs]
236.657: Total time for which application threads were stopped: 0.0044206 seconds, Stopping threads took: 0.0000292 seconds
236.724: [GC (Allocation Failure)  563406K->240814K(1035264K), 0.0041462 secs]
236.729: Total time for which application threads were stopped: 0.0043061 seconds, Stopping threads took: 0.0000200 seconds
236.795: [GC (Allocation Failure)  563374K->243758K(1035264K), 0.0063867 secs]
236.802: Total time for which application threads were stopped: 0.0065798 seconds, Stopping threads took: 0.0000201 seconds
236.872: [GC (Allocation Failure)  566318K->248976K(1035264K), 0.0038920 secs]
236.876: Total time for which application threads were stopped: 0.0040413 seconds, Stopping threads took: 0.0000176 seconds
236.944: [GC (Allocation Failure)  571536K->248848K(1035264K), 0.0040712 secs]
236.948: Total time for which application threads were stopped: 0.0042676 seconds, Stopping threads took: 0.0000199 seconds
237.016: [GC (Allocation Failure)  571408K->243950K(1035264K), 0.0022194 secs]
237.018: Total time for which application threads were stopped: 0.0023612 seconds, Stopping threads took: 0.0000165 seconds
237.086: [GC (Allocation Failure)  566510K->248944K(1035264K), 0.0040583 secs]
237.090: Total time for which application threads were stopped: 0.0042486 seconds, Stopping threads took: 0.0000192 seconds
237.159: [GC (Allocation Failure)  571504K->248816K(1035264K), 0.0039976 secs]
237.163: Total time for which application threads were stopped: 0.0041635 seconds, Stopping threads took: 0.0000270 seconds
237.230: [GC (Allocation Failure)  571376K->248238K(1035776K), 0.0040472 secs]
237.234: Total time for which application threads were stopped: 0.0042336 seconds, Stopping threads took: 0.0000204 seconds
237.303: [GC (Allocation Failure)  571310K->248880K(1035264K), 0.0041752 secs]
237.307: Total time for which application threads were stopped: 0.0043488 seconds, Stopping threads took: 0.0000205 seconds
237.375: [GC (Allocation Failure)  571952K->248848K(1035776K), 0.0041846 secs]
237.379: Total time for which application threads were stopped: 0.0043853 seconds, Stopping threads took: 0.0000210 seconds
237.447: [GC (Allocation Failure)  572432K->254558K(1035776K), 0.0068420 secs]
237.454: Total time for which application threads were stopped: 0.0070174 seconds, Stopping threads took: 0.0000215 seconds
237.522: [GC (Allocation Failure)  578142K->249856K(1032704K), 0.0041378 secs]
237.527: Total time for which application threads were stopped: 0.0043125 seconds, Stopping threads took: 0.0000328 seconds
237.595: [GC (Allocation Failure)  570368K->249824K(1034240K), 0.0047917 secs]
237.600: Total time for which application threads were stopped: 0.0049509 seconds, Stopping threads took: 0.0000198 seconds
237.667: [GC (Allocation Failure)  570336K->256742K(1030656K), 0.0072584 secs]
237.675: Total time for which application threads were stopped: 0.0074490 seconds, Stopping threads took: 0.0000292 seconds
237.743: [GC (Allocation Failure)  574182K->251208K(1032704K), 0.0044498 secs]
237.747: Total time for which application threads were stopped: 0.0046312 seconds, Stopping threads took: 0.0000200 seconds
237.816: [GC (Allocation Failure)  568648K->250984K(1033728K), 0.0039208 secs]
237.820: Total time for which application threads were stopped: 0.0040904 seconds, Stopping threads took: 0.0000206 seconds
237.888: [GC (Allocation Failure)  569960K->248422K(1033216K), 0.0030751 secs]
237.891: Total time for which application threads were stopped: 0.0032454 seconds, Stopping threads took: 0.0000195 seconds
237.959: [GC (Allocation Failure)  567398K->251112K(1034752K), 0.0041736 secs]
237.963: Total time for which application threads were stopped: 0.0043519 seconds, Stopping threads took: 0.0000207 seconds
238.030: [GC (Allocation Failure)  572136K->250984K(1034240K), 0.0041877 secs]
238.035: Total time for which application threads were stopped: 0.0043818 seconds, Stopping threads took: 0.0000208 seconds
238.103: [GC (Allocation Failure)  572008K->246086K(1034240K), 0.0024352 secs]
238.105: Total time for which application threads were stopped: 0.0025959 seconds, Stopping threads took: 0.0000247 seconds
238.176: [GC (Allocation Failure)  567622K->251080K(1034752K), 0.0041456 secs]
238.180: Total time for which application threads were stopped: 0.0043100 seconds, Stopping threads took: 0.0000200 seconds
238.247: [GC (Allocation Failure)  572616K->250984K(1035776K), 0.0043064 secs]
238.252: Total time for which application threads were stopped: 0.0044785 seconds, Stopping threads took: 0.0000208 seconds
238.317: [GC (Allocation Failure)  574056K->248838K(1035264K), 0.0034062 secs]
238.321: Total time for which application threads were stopped: 0.0035871 seconds, Stopping threads took: 0.0000201 seconds
238.389: [GC (Allocation Failure)  571910K->251080K(1036288K), 0.0041279 secs]
238.393: Total time for which application threads were stopped: 0.0043015 seconds, Stopping threads took: 0.0000201 seconds
238.463: [GC (Allocation Failure)  575176K->251016K(1035776K), 0.0039562 secs]
238.468: Total time for which application threads were stopped: 0.0041201 seconds, Stopping threads took: 0.0000273 seconds
238.536: [GC (Allocation Failure)  575112K->256678K(1033216K), 0.0066516 secs]
238.543: Total time for which application threads were stopped: 0.0068167 seconds, Stopping threads took: 0.0000275 seconds
238.610: [GC (Allocation Failure)  578214K->252712K(1034752K), 0.0043267 secs]
238.615: Total time for which application threads were stopped: 0.0044980 seconds, Stopping threads took: 0.0000256 seconds
238.682: [GC (Allocation Failure)  574248K->252488K(1035776K), 0.0040572 secs]
238.686: Total time for which application threads were stopped: 0.0042176 seconds, Stopping threads took: 0.0000206 seconds
238.752: [GC (Allocation Failure)  575560K->244582K(1022976K), 0.0011155 secs]
238.753: Total time for which application threads were stopped: 0.0012344 seconds, Stopping threads took: 0.0000194 seconds
238.821: [GC (Allocation Failure)  567654K->252672K(1034752K), 0.0041911 secs]
238.825: Total time for which application threads were stopped: 0.0043602 seconds, Stopping threads took: 0.0000204 seconds
238.892: [GC (Allocation Failure)  574208K->256600K(1034752K), 0.0056461 secs]
238.898: Total time for which application threads were stopped: 0.0058398 seconds, Stopping threads took: 0.0000196 seconds
238.964: [GC (Allocation Failure)  578136K->251478K(1035264K), 0.0022448 secs]
238.967: Total time for which application threads were stopped: 0.0023856 seconds, Stopping threads took: 0.0000169 seconds
239.034: [GC (Allocation Failure)  574038K->256768K(1035264K), 0.0043935 secs]
239.039: Total time for which application threads were stopped: 0.0045641 seconds, Stopping threads took: 0.0000200 seconds
239.107: [GC (Allocation Failure)  579328K->260776K(1035776K), 0.0043421 secs]
239.112: Total time for which application threads were stopped: 0.0045115 seconds, Stopping threads took: 0.0000285 seconds
239.178: [GC (Allocation Failure)  583848K->256806K(1035264K), 0.0028832 secs]
239.181: Total time for which application threads were stopped: 0.0030875 seconds, Stopping threads took: 0.0000334 seconds
239.251: [GC (Allocation Failure)  579878K->260904K(1035776K), 0.0043994 secs]
239.256: Total time for which application threads were stopped: 0.0045495 seconds, Stopping threads took: 0.0000170 seconds
239.324: [GC (Allocation Failure)  584488K->264904K(1035776K), 0.0040520 secs]
239.329: Total time for which application threads were stopped: 0.0042144 seconds, Stopping threads took: 0.0000198 seconds
239.397: [GC (Allocation Failure)  588488K->264872K(1035776K), 0.0041398 secs]
239.401: Total time for which application threads were stopped: 0.0043091 seconds, Stopping threads took: 0.0000198 seconds
239.467: [GC (Allocation Failure)  588456K->265224K(1023488K), 0.0042919 secs]
239.471: Total time for which application threads were stopped: 0.0044834 seconds, Stopping threads took: 0.0000192 seconds
239.541: [GC (Allocation Failure)  588808K->272907K(1035264K), 0.0042636 secs]
239.545: Total time for which application threads were stopped: 0.0044226 seconds, Stopping threads took: 0.0000191 seconds
239.614: [GC (Allocation Failure)  595467K->272907K(1035264K), 0.0039856 secs]
239.618: Total time for which application threads were stopped: 0.0041523 seconds, Stopping threads took: 0.0000196 seconds
239.685: [GC (Allocation Failure)  595467K->273419K(1034240K), 0.0042118 secs]
239.689: Total time for which application threads were stopped: 0.0044019 seconds, Stopping threads took: 0.0000197 seconds
239.758: [GC (Allocation Failure)  594955K->280973K(1034752K), 0.0043165 secs]
239.762: Total time for which application threads were stopped: 0.0045020 seconds, Stopping threads took: 0.0000179 seconds
239.831: [GC (Allocation Failure)  602509K->280941K(1034752K), 0.0038107 secs]
239.835: Total time for which application threads were stopped: 0.0039601 seconds, Stopping threads took: 0.0000187 seconds
239.902: [GC (Allocation Failure)  602477K->281093K(1034752K), 0.0041884 secs]
239.906: Total time for which application threads were stopped: 0.0043491 seconds, Stopping threads took: 0.0000200 seconds
239.973: [GC (Allocation Failure)  602629K->288967K(1034752K), 0.0043328 secs]
239.978: Total time for which application threads were stopped: 0.0044963 seconds, Stopping threads took: 0.0000202 seconds
240.046: [GC (Allocation Failure)  610503K->288967K(1034752K), 0.0041814 secs]
240.051: Total time for which application threads were stopped: 0.0043414 seconds, Stopping threads took: 0.0000194 seconds
240.118: [GC (Allocation Failure)  610503K->289127K(1033728K), 0.0042327 secs]
240.122: Total time for which application threads were stopped: 0.0044000 seconds, Stopping threads took: 0.0000279 seconds
240.189: [GC (Allocation Failure)  609639K->297001K(1034240K), 0.0041865 secs]
240.194: Total time for which application threads were stopped: 0.0043477 seconds, Stopping threads took: 0.0000196 seconds
240.262: [GC (Allocation Failure)  617513K->297033K(1034240K), 0.0040308 secs]
240.266: Total time for which application threads were stopped: 0.0042004 seconds, Stopping threads took: 0.0000278 seconds
240.333: [GC (Allocation Failure)  617545K->297065K(1020416K), 0.0043056 secs]
240.337: Total time for which application threads were stopped: 0.0044739 seconds, Stopping threads took: 0.0000200 seconds
240.404: [GC (Allocation Failure)  617577K->305068K(1033728K), 0.0042767 secs]
240.409: Total time for which application threads were stopped: 0.0044575 seconds, Stopping threads took: 0.0000202 seconds
240.476: [GC (Allocation Failure)  624556K->305004K(1033728K), 0.0040896 secs]
240.480: Total time for which application threads were stopped: 0.0042534 seconds, Stopping threads took: 0.0000201 seconds
240.546: [GC (Allocation Failure)  624492K->305316K(1033728K), 0.0046212 secs]
240.551: Total time for which application threads were stopped: 0.0047942 seconds, Stopping threads took: 0.0000212 seconds
240.616: [GC (Allocation Failure)  624804K->313094K(1033728K), 0.0043215 secs]
240.621: Total time for which application threads were stopped: 0.0044890 seconds, Stopping threads took: 0.0000264 seconds
240.687: [GC (Allocation Failure)  632582K->313062K(1033728K), 0.0041609 secs]
240.691: Total time for which application threads were stopped: 0.0043286 seconds, Stopping threads took: 0.0000197 seconds
240.756: [GC (Allocation Failure)  632550K->313286K(1033728K), 0.0042393 secs]
240.760: Total time for which application threads were stopped: 0.0044388 seconds, Stopping threads took: 0.0000214 seconds
240.827: [GC (Allocation Failure)  632774K->321128K(1033728K), 0.0042239 secs]
240.832: Total time for which application threads were stopped: 0.0044167 seconds, Stopping threads took: 0.0000255 seconds
240.901: [GC (Allocation Failure)  640616K->317190K(1033728K), 0.0031896 secs]
240.904: Total time for which application threads were stopped: 0.0033663 seconds, Stopping threads took: 0.0000210 seconds
240.972: [GC (Allocation Failure)  636678K->321224K(1034752K), 0.0044669 secs]
240.976: Total time for which application threads were stopped: 0.0046373 seconds, Stopping threads took: 0.0000194 seconds
241.044: [GC (Allocation Failure)  642248K->325224K(1034240K), 0.0042601 secs]
241.049: Total time for which application threads were stopped: 0.0044305 seconds, Stopping threads took: 0.0000204 seconds
241.118: [GC (Allocation Failure)  646248K->319494K(1034752K), 0.0019875 secs]
241.120: Total time for which application threads were stopped: 0.0021445 seconds, Stopping threads took: 0.0000303 seconds
241.188: [GC (Allocation Failure)  641030K->325296K(1034752K), 0.0043684 secs]
241.192: Total time for which application threads were stopped: 0.0045336 seconds, Stopping threads took: 0.0000202 seconds
241.258: [GC (Allocation Failure)  646832K->329368K(1035264K), 0.0045557 secs]
241.263: Total time for which application threads were stopped: 0.0047176 seconds, Stopping threads took: 0.0000210 seconds
241.330: [GC (Allocation Failure)  651666K->325494K(1035264K), 0.0030797 secs]
241.334: Total time for which application threads were stopped: 0.0032735 seconds, Stopping threads took: 0.0000355 seconds
241.403: [GC (Allocation Failure)  648054K->329520K(1036288K), 0.0042502 secs]
241.407: Total time for which application threads were stopped: 0.0044342 seconds, Stopping threads took: 0.0000205 seconds
241.475: [GC (Allocation Failure)  653616K->333488K(1035776K), 0.0043347 secs]
241.479: Total time for which application threads were stopped: 0.0044970 seconds, Stopping threads took: 0.0000200 seconds
241.545: [GC (Allocation Failure)  657584K->333520K(1035776K), 0.0043009 secs]
241.550: Total time for which application threads were stopped: 0.0044830 seconds, Stopping threads took: 0.0000200 seconds
241.618: [GC (Allocation Failure)  657104K->333544K(1023488K), 0.0041982 secs]
241.622: Total time for which application threads were stopped: 0.0043677 seconds, Stopping threads took: 0.0000196 seconds
241.689: [GC (Allocation Failure)  657128K->341546K(1035264K), 0.0041603 secs]
241.694: Total time for which application threads were stopped: 0.0043225 seconds, Stopping threads took: 0.0000199 seconds
241.762: [GC (Allocation Failure)  664106K->341514K(1030144K), 0.0043783 secs]
241.766: Total time for which application threads were stopped: 0.0046028 seconds, Stopping threads took: 0.0000520 seconds
241.833: [GC (Allocation Failure)  664074K->341578K(1034752K), 0.0043099 secs]
241.838: Total time for which application threads were stopped: 0.0045048 seconds, Stopping threads took: 0.0000208 seconds
241.907: [GC (Allocation Failure)  663114K->349549K(1029120K), 0.0042782 secs]
241.911: Total time for which application threads were stopped: 0.0044417 seconds, Stopping threads took: 0.0000206 seconds
241.981: [GC (Allocation Failure)  671085K->349581K(1034240K), 0.0044137 secs]
241.985: Total time for which application threads were stopped: 0.0045870 seconds, Stopping threads took: 0.0000206 seconds
242.054: [GC (Allocation Failure)  670093K->349805K(1034240K), 0.0045149 secs]
242.058: Total time for which application threads were stopped: 0.0047006 seconds, Stopping threads took: 0.0000205 seconds
242.128: [GC (Allocation Failure)  670317K->357583K(1034240K), 0.0044140 secs]
242.132: Total time for which application threads were stopped: 0.0045928 seconds, Stopping threads took: 0.0000284 seconds
242.200: [GC (Allocation Failure)  678095K->357615K(1034240K), 0.0041785 secs]
242.204: Total time for which application threads were stopped: 0.0043489 seconds, Stopping threads took: 0.0000254 seconds
242.271: [GC (Allocation Failure)  678127K->357991K(1033216K), 0.0042523 secs]
242.275: Total time for which application threads were stopped: 0.0044219 seconds, Stopping threads took: 0.0000201 seconds
242.342: [GC (Allocation Failure)  677479K->365641K(1033728K), 0.0043824 secs]
242.346: Total time for which application threads were stopped: 0.0045722 seconds, Stopping threads took: 0.0000203 seconds
242.416: [GC (Allocation Failure)  685129K->365609K(1033728K), 0.0042206 secs]
242.421: Total time for which application threads were stopped: 0.0043852 seconds, Stopping threads took: 0.0000210 seconds
242.486: [GC (Allocation Failure)  685097K->365737K(1033728K), 0.0044212 secs]
242.490: Total time for which application threads were stopped: 0.0045862 seconds, Stopping threads took: 0.0000204 seconds
242.558: [GC (Allocation Failure)  685225K->373675K(1033728K), 0.0042218 secs]
242.563: Total time for which application threads were stopped: 0.0044091 seconds, Stopping threads took: 0.0000203 seconds
242.632: [GC (Allocation Failure)  693163K->373643K(1033728K), 0.0040829 secs]
242.636: Total time for which application threads were stopped: 0.0042445 seconds, Stopping threads took: 0.0000267 seconds
242.702: [GC (Allocation Failure)  693131K->373707K(1033728K), 0.0042829 secs]
242.707: Total time for which application threads were stopped: 0.0044534 seconds, Stopping threads took: 0.0000253 seconds
242.774: [GC (Allocation Failure)  693195K->381678K(1027072K), 0.0042907 secs]
242.778: Total time for which application threads were stopped: 0.0044763 seconds, Stopping threads took: 0.0000209 seconds
242.845: [GC (Allocation Failure)  701165K->377771K(1034240K), 0.0037887 secs]
242.849: Total time for which application threads were stopped: 0.0039497 seconds, Stopping threads took: 0.0000259 seconds
242.917: [GC (Allocation Failure)  697259K->381838K(1033216K), 0.0044722 secs]
242.922: Total time for which application threads were stopped: 0.0046317 seconds, Stopping threads took: 0.0000200 seconds
242.991: [GC (Allocation Failure)  701326K->385806K(1034752K), 0.0044278 secs]
242.995: Total time for which application threads were stopped: 0.0045966 seconds, Stopping threads took: 0.0000205 seconds
243.062: [GC (Allocation Failure)  707342K->379019K(1034752K), 0.0017953 secs]
243.064: Total time for which application threads were stopped: 0.0019473 seconds, Stopping threads took: 0.0000205 seconds
243.132: [GC (Allocation Failure)  700555K->385870K(1034752K), 0.0041730 secs]
243.136: Total time for which application threads were stopped: 0.0043552 seconds, Stopping threads took: 0.0000260 seconds
243.203: [GC (Allocation Failure)  707406K->389950K(1034752K), 0.0052837 secs]
243.209: Total time for which application threads were stopped: 0.0054537 seconds, Stopping threads took: 0.0000209 seconds
243.274: [GC (Allocation Failure)  711486K->384411K(1034752K), 0.0073798 secs]
243.282: Total time for which application threads were stopped: 0.0075352 seconds, Stopping threads took: 0.0000194 seconds
243.351: [GC (Allocation Failure)  705947K->390222K(1034752K), 0.0044581 secs]
243.355: Total time for which application threads were stopped: 0.0046298 seconds, Stopping threads took: 0.0000200 seconds
243.424: [GC (Allocation Failure)  711758K->394094K(1034752K), 0.0049097 secs]
243.429: Total time for which application threads were stopped: 0.0050728 seconds, Stopping threads took: 0.0000210 seconds
243.497: [GC (Allocation Failure)  716582K->390187K(1035264K), 0.0032380 secs]
243.501: Total time for which application threads were stopped: 0.0034444 seconds, Stopping threads took: 0.0000287 seconds
243.571: [GC (Allocation Failure)  712747K->394222K(1036288K), 0.0043339 secs]
243.575: Total time for which application threads were stopped: 0.0044917 seconds, Stopping threads took: 0.0000166 seconds
243.644: [GC (Allocation Failure)  718318K->398222K(1035776K), 0.0044073 secs]
243.649: Total time for which application threads were stopped: 0.0045860 seconds, Stopping threads took: 0.0000281 seconds
243.719: [GC (Allocation Failure)  722318K->398222K(1035776K), 0.0042236 secs]
243.723: Total time for which application threads were stopped: 0.0044047 seconds, Stopping threads took: 0.0000207 seconds
243.792: [GC (Allocation Failure)  721806K->398278K(1023488K), 0.0043829 secs]
243.796: Total time for which application threads were stopped: 0.0045550 seconds, Stopping threads took: 0.0000203 seconds
243.863: [GC (Allocation Failure)  721862K->406248K(1035264K), 0.0075304 secs]
243.871: Total time for which application threads were stopped: 0.0077059 seconds, Stopping threads took: 0.0000282 seconds
243.939: [GC (Allocation Failure)  728808K->406248K(1030144K), 0.0043296 secs]
243.943: Total time for which application threads were stopped: 0.0045232 seconds, Stopping threads took: 0.0000201 seconds
244.012: [GC (Allocation Failure)  728808K->406312K(1034752K), 0.0045081 secs]
244.017: Total time for which application threads were stopped: 0.0046826 seconds, Stopping threads took: 0.0000205 seconds
244.086: [GC (Allocation Failure)  727848K->414314K(1029120K), 0.0045760 secs]
244.090: Total time for which application threads were stopped: 0.0047756 seconds, Stopping threads took: 0.0000295 seconds
244.160: [GC (Allocation Failure)  735850K->414282K(1034240K), 0.0041816 secs]
244.164: Total time for which application threads were stopped: 0.0043386 seconds, Stopping threads took: 0.0000261 seconds
244.232: [GC (Allocation Failure)  734794K->414538K(1034240K), 0.0044614 secs]
244.237: Total time for which application threads were stopped: 0.0046593 seconds, Stopping threads took: 0.0000266 seconds
244.306: [GC (Allocation Failure)  735050K->422317K(1034240K), 0.0043990 secs]
244.310: Total time for which application threads were stopped: 0.0045599 seconds, Stopping threads took: 0.0000194 seconds
244.381: [GC (Allocation Failure)  742829K->422317K(1034240K), 0.0044007 secs]
244.385: Total time for which application threads were stopped: 0.0045968 seconds, Stopping threads took: 0.0000298 seconds
244.452: [GC (Allocation Failure)  742829K->422725K(1033216K), 0.0065561 secs]
244.459: Total time for which application threads were stopped: 0.0067262 seconds, Stopping threads took: 0.0000201 seconds
244.527: [GC (Allocation Failure)  742213K->430343K(1033728K), 0.0045758 secs]
244.532: Total time for which application threads were stopped: 0.0047397 seconds, Stopping threads took: 0.0000197 seconds
244.600: [GC (Allocation Failure)  749831K->430343K(1033728K), 0.0044253 secs]
244.604: Total time for which application threads were stopped: 0.0045957 seconds, Stopping threads took: 0.0000199 seconds
244.669: [GC (Allocation Failure)  749831K->430471K(1033728K), 0.0045365 secs]
244.674: Total time for which application threads were stopped: 0.0047557 seconds, Stopping threads took: 0.0000193 seconds
244.742: [GC (Allocation Failure)  749959K->438409K(1033728K), 0.0043714 secs]
244.746: Total time for which application threads were stopped: 0.0045678 seconds, Stopping threads took: 0.0000205 seconds
244.815: [GC (Allocation Failure)  757897K->438345K(1033728K), 0.0045028 secs]
244.819: Total time for which application threads were stopped: 0.0046583 seconds, Stopping threads took: 0.0000162 seconds
244.888: [GC (Allocation Failure)  757833K->438441K(1033728K), 0.0045291 secs]
244.892: Total time for which application threads were stopped: 0.0047239 seconds, Stopping threads took: 0.0000207 seconds
244.960: [GC (Allocation Failure)  757929K->446379K(1027072K), 0.0044796 secs]
244.964: Total time for which application threads were stopped: 0.0046402 seconds, Stopping threads took: 0.0000199 seconds
245.031: [GC (Allocation Failure)  765867K->442505K(1034240K), 0.0035530 secs]
245.035: Total time for which application threads were stopped: 0.0037108 seconds, Stopping threads took: 0.0000194 seconds
245.103: [GC (Allocation Failure)  761993K->446571K(1033216K), 0.0044231 secs]
245.107: Total time for which application threads were stopped: 0.0045799 seconds, Stopping threads took: 0.0000191 seconds
245.177: [GC (Allocation Failure)  766059K->450507K(1034752K), 0.0045157 secs]
245.181: Total time for which application threads were stopped: 0.0046839 seconds, Stopping threads took: 0.0000253 seconds
245.248: [GC (Allocation Failure)  772043K->443785K(1034752K), 0.0018351 secs]
245.250: Total time for which application threads were stopped: 0.0019760 seconds, Stopping threads took: 0.0000203 seconds
245.317: [GC (Allocation Failure)  765321K->450611K(1034752K), 0.0043499 secs]
245.322: Total time for which application threads were stopped: 0.0045154 seconds, Stopping threads took: 0.0000202 seconds
245.388: [GC (Allocation Failure)  772147K->454651K(1034752K), 0.0067201 secs]
245.395: Total time for which application threads were stopped: 0.0068942 seconds, Stopping threads took: 0.0000209 seconds
245.461: [GC (Allocation Failure)  776187K->449145K(1034752K), 0.0025997 secs]
245.464: Total time for which application threads were stopped: 0.0028055 seconds, Stopping threads took: 0.0000227 seconds
245.531: [GC (Allocation Failure)  770681K->454955K(1034752K), 0.0047245 secs]
245.536: Total time for which application threads were stopped: 0.0048854 seconds, Stopping threads took: 0.0000204 seconds
245.604: [GC (Allocation Failure)  776491K->458835K(1034752K), 0.0047648 secs]
245.608: Total time for which application threads were stopped: 0.0049218 seconds, Stopping threads took: 0.0000250 seconds
245.676: [GC (Allocation Failure)  781324K->454929K(1035264K), 0.0033517 secs]
245.679: Total time for which application threads were stopped: 0.0035164 seconds, Stopping threads took: 0.0000195 seconds
245.748: [GC (Allocation Failure)  777489K->458987K(1036288K), 0.0046477 secs]
245.753: Total time for which application threads were stopped: 0.0048171 seconds, Stopping threads took: 0.0000200 seconds
245.820: [GC (Allocation Failure)  783083K->462955K(1035776K), 0.0043882 secs]
245.825: Total time for which application threads were stopped: 0.0045509 seconds, Stopping threads took: 0.0000202 seconds
245.895: [GC (Allocation Failure)  787051K->462923K(1035776K), 0.0045305 secs]
245.900: Total time for which application threads were stopped: 0.0047154 seconds, Stopping threads took: 0.0000204 seconds
245.968: [GC (Allocation Failure)  786507K->463011K(1023488K), 0.0046376 secs]
245.972: Total time for which application threads were stopped: 0.0047992 seconds, Stopping threads took: 0.0000200 seconds
246.039: [GC (Allocation Failure)  786595K->470982K(1035264K), 0.0046671 secs]
246.044: Total time for which application threads were stopped: 0.0048365 seconds, Stopping threads took: 0.0000202 seconds
246.112: [GC (Allocation Failure)  793542K->470982K(1030144K), 0.0043642 secs]
246.116: Total time for which application threads were stopped: 0.0045551 seconds, Stopping threads took: 0.0000260 seconds
246.185: [GC (Allocation Failure)  793542K->471054K(1034752K), 0.0045399 secs]
246.189: Total time for which application threads were stopped: 0.0047058 seconds, Stopping threads took: 0.0000194 seconds
246.256: [GC (Allocation Failure)  792590K->479024K(1034752K), 0.0048457 secs]
246.261: Total time for which application threads were stopped: 0.0050229 seconds, Stopping threads took: 0.0000199 seconds
246.329: [GC (Allocation Failure)  800560K->479024K(1033728K), 0.0044241 secs]
246.334: Total time for which application threads were stopped: 0.0045925 seconds, Stopping threads took: 0.0000198 seconds
246.402: [GC (Allocation Failure)  799536K->479272K(1034240K), 0.0045824 secs]
246.407: Total time for which application threads were stopped: 0.0047388 seconds, Stopping threads took: 0.0000197 seconds
246.476: [GC (Allocation Failure)  799784K->487050K(1034240K), 0.0045227 secs]
246.481: Total time for which application threads were stopped: 0.0046829 seconds, Stopping threads took: 0.0000194 seconds
246.548: [GC (Allocation Failure)  807562K->487050K(1034240K), 0.0047226 secs]
246.553: Total time for which application threads were stopped: 0.0048792 seconds, Stopping threads took: 0.0000199 seconds
246.620: [GC (Allocation Failure)  807562K->487458K(1034240K), 0.0047376 secs]
246.625: Total time for which application threads were stopped: 0.0048989 seconds, Stopping threads took: 0.0000196 seconds
246.692: [GC (Allocation Failure)  807970K->495108K(1028096K), 0.0045908 secs]
246.697: Total time for which application threads were stopped: 0.0047921 seconds, Stopping threads took: 0.0000279 seconds
246.763: [GC (Allocation Failure)  815620K->495076K(1033728K), 0.0046460 secs]
246.767: Total time for which application threads were stopped: 0.0048354 seconds, Stopping threads took: 0.0000172 seconds
246.834: [GC (Allocation Failure)  814564K->495212K(1033728K), 0.0046867 secs]
246.839: Total time for which application threads were stopped: 0.0048469 seconds, Stopping threads took: 0.0000171 seconds
246.907: [GC (Allocation Failure)  814700K->503119K(1033728K), 0.0044006 secs]
246.912: Total time for which application threads were stopped: 0.0045932 seconds, Stopping threads took: 0.0000197 seconds
246.982: [GC (Allocation Failure)  822607K->503151K(1033728K), 0.0044637 secs]
246.986: Total time for which application threads were stopped: 0.0046234 seconds, Stopping threads took: 0.0000172 seconds
247.054: [GC (Allocation Failure)  822639K->503175K(1033728K), 0.0046958 secs]
247.059: Total time for which application threads were stopped: 0.0048865 seconds, Stopping threads took: 0.0000212 seconds
247.125: [GC (Allocation Failure)  822663K->511145K(1027072K), 0.0046368 secs]
247.130: Total time for which application threads were stopped: 0.0048055 seconds, Stopping threads took: 0.0000285 seconds
247.195: [GC (Allocation Failure)  830632K->507239K(1034240K), 0.0035558 secs]
247.198: Total time for which application threads were stopped: 0.0037559 seconds, Stopping threads took: 0.0000197 seconds
247.268: [GC (Allocation Failure)  826727K->511305K(1033216K), 0.0048662 secs]
247.273: Total time for which application threads were stopped: 0.0050241 seconds, Stopping threads took: 0.0000169 seconds
247.341: [GC (Allocation Failure)  830793K->515273K(1034752K), 0.0046322 secs]
247.346: Total time for which application threads were stopped: 0.0048015 seconds, Stopping threads took: 0.0000200 seconds
247.413: [GC (Allocation Failure)  836809K->508519K(1034752K), 0.0021502 secs]
247.415: Total time for which application threads were stopped: 0.0023010 seconds, Stopping threads took: 0.0000201 seconds
247.482: [GC (Allocation Failure)  830055K->515337K(1034752K), 0.0044444 secs]
247.487: Total time for which application threads were stopped: 0.0046307 seconds, Stopping threads took: 0.0000209 seconds
247.553: [GC (Allocation Failure)  836873K->519417K(1034752K), 0.0055956 secs]
247.558: Total time for which application threads were stopped: 0.0057659 seconds, Stopping threads took: 0.0000208 seconds
247.624: [GC (Allocation Failure)  840953K->513879K(1034752K), 0.0025615 secs]
247.627: Total time for which application threads were stopped: 0.0027305 seconds, Stopping threads took: 0.0000276 seconds
247.694: [GC (Allocation Failure)  835415K->519721K(1034752K), 0.0047818 secs]
247.699: Total time for which application threads were stopped: 0.0049424 seconds, Stopping threads took: 0.0000202 seconds
247.766: [GC (Allocation Failure)  841257K->523529K(1034752K), 0.0050159 secs]
247.771: Total time for which application threads were stopped: 0.0051829 seconds, Stopping threads took: 0.0000201 seconds
247.837: [GC (Allocation Failure)  846017K->519655K(1035264K), 0.0035280 secs]
247.841: Total time for which application threads were stopped: 0.0037102 seconds, Stopping threads took: 0.0000199 seconds
247.910: [GC (Allocation Failure)  842215K->523729K(1036288K), 0.0046279 secs]
247.914: Total time for which application threads were stopped: 0.0047976 seconds, Stopping threads took: 0.0000203 seconds
247.982: [GC (Allocation Failure)  847825K->527697K(1035776K), 0.0047163 secs]
247.987: Total time for which application threads were stopped: 0.0048768 seconds, Stopping threads took: 0.0000202 seconds
248.055: [GC (Allocation Failure)  851793K->527729K(1035776K), 0.0045044 secs]
248.060: Total time for which application threads were stopped: 0.0046749 seconds, Stopping threads took: 0.0000203 seconds
248.127: [GC (Allocation Failure)  851313K->527753K(1023488K), 0.0045131 secs]
248.132: Total time for which application threads were stopped: 0.0046914 seconds, Stopping threads took: 0.0000205 seconds
248.200: [GC (Allocation Failure)  851337K->535723K(1035264K), 0.0045501 secs]
248.205: Total time for which application threads were stopped: 0.0047095 seconds, Stopping threads took: 0.0000180 seconds
248.273: [GC (Allocation Failure)  858283K->535723K(1030144K), 0.0046454 secs]
248.277: Total time for which application threads were stopped: 0.0048246 seconds, Stopping threads took: 0.0000212 seconds
248.345: [GC (Allocation Failure)  858283K->535787K(1034752K), 0.0047800 secs]
248.350: Total time for which application threads were stopped: 0.0049568 seconds, Stopping threads took: 0.0000217 seconds
248.417: [GC (Allocation Failure)  857323K->543789K(1029120K), 0.0046143 secs]
248.422: Total time for which application threads were stopped: 0.0048132 seconds, Stopping threads took: 0.0000208 seconds
248.492: [GC (Allocation Failure)  865325K->543757K(1034240K), 0.0045754 secs]
248.497: Total time for which application threads were stopped: 0.0047393 seconds, Stopping threads took: 0.0000205 seconds
248.564: [GC (Allocation Failure)  864269K->544005K(1034240K), 0.0048368 secs]
248.569: Total time for which application threads were stopped: 0.0050321 seconds, Stopping threads took: 0.0000202 seconds
248.637: [GC (Allocation Failure)  864517K->551816K(1034240K), 0.0045636 secs]
248.642: Total time for which application threads were stopped: 0.0047635 seconds, Stopping threads took: 0.0000283 seconds
248.711: [GC (Allocation Failure)  872328K->551784K(1034240K), 0.0048924 secs]
248.716: Total time for which application threads were stopped: 0.0050497 seconds, Stopping threads took: 0.0000193 seconds
248.783: [GC (Allocation Failure)  872296K->552232K(1033216K), 0.0045509 secs]
248.787: Total time for which application threads were stopped: 0.0047445 seconds, Stopping threads took: 0.0000198 seconds
248.856: [GC (Allocation Failure)  871720K->559786K(1033728K), 0.0055309 secs]
248.862: Total time for which application threads were stopped: 0.0057304 seconds, Stopping threads took: 0.0000262 seconds
248.930: [GC (Allocation Failure)  879274K->559850K(1033728K), 0.0047507 secs]
248.934: Total time for which application threads were stopped: 0.0049247 seconds, Stopping threads took: 0.0000194 seconds
248.999: [GC (Allocation Failure)  879338K->559946K(1033728K), 0.0047743 secs]
249.004: Total time for which application threads were stopped: 0.0049535 seconds, Stopping threads took: 0.0000200 seconds
249.073: [GC (Allocation Failure)  879434K->567852K(1033728K), 0.0045303 secs]
249.077: Total time for which application threads were stopped: 0.0047285 seconds, Stopping threads took: 0.0000212 seconds
249.146: [GC (Allocation Failure)  887340K->567820K(1033728K), 0.0048407 secs]
249.151: Total time for which application threads were stopped: 0.0050033 seconds, Stopping threads took: 0.0000204 seconds
249.218: [GC (Allocation Failure)  887308K->567908K(1033728K), 0.0049997 secs]
249.223: Total time for which application threads were stopped: 0.0051583 seconds, Stopping threads took: 0.0000191 seconds
249.292: [GC (Allocation Failure)  887396K->575878K(1027072K), 0.0048870 secs]
249.297: Total time for which application threads were stopped: 0.0050571 seconds, Stopping threads took: 0.0000201 seconds
249.362: [GC (Allocation Failure)  895366K->571972K(1034240K), 0.0038875 secs]
249.366: Total time for which application threads were stopped: 0.0040570 seconds, Stopping threads took: 0.0000191 seconds
249.433: [GC (Allocation Failure)  891460K->576038K(1033216K), 0.0049201 secs]
249.438: Total time for which application threads were stopped: 0.0051317 seconds, Stopping threads took: 0.0000194 seconds
249.507: [GC (Allocation Failure)  895526K->580006K(1034752K), 0.0045132 secs]
249.512: Total time for which application threads were stopped: 0.0046958 seconds, Stopping threads took: 0.0000179 seconds
249.580: [GC (Allocation Failure)  901542K->573220K(1034752K), 0.0023424 secs]
249.582: Total time for which application threads were stopped: 0.0025015 seconds, Stopping threads took: 0.0000195 seconds
249.650: [GC (Allocation Failure)  894756K->580070K(1034752K), 0.0046806 secs]
249.654: Total time for which application threads were stopped: 0.0048436 seconds, Stopping threads took: 0.0000205 seconds
249.720: [GC (Allocation Failure)  901606K->584174K(1034752K), 0.0057667 secs]
249.726: Total time for which application threads were stopped: 0.0059275 seconds, Stopping threads took: 0.0000205 seconds
249.791: [GC (Allocation Failure)  905710K->578636K(1034752K), 0.0027849 secs]
249.794: Total time for which application threads were stopped: 0.0029479 seconds, Stopping threads took: 0.0000204 seconds
249.862: [GC (Allocation Failure)  900172K->584406K(1034752K), 0.0077452 secs]
249.870: Total time for which application threads were stopped: 0.0079112 seconds, Stopping threads took: 0.0000261 seconds
249.937: [GC (Allocation Failure)  905942K->588286K(1034752K), 0.0051026 secs]
249.943: Total time for which application threads were stopped: 0.0052694 seconds, Stopping threads took: 0.0000199 seconds
250.010: [GC (Allocation Failure)  910775K->584380K(1035264K), 0.0036967 secs]
250.013: Total time for which application threads were stopped: 0.0038554 seconds, Stopping threads took: 0.0000197 seconds
250.082: [GC (Allocation Failure)  906940K->588438K(1036288K), 0.0047335 secs]
250.087: Total time for which application threads were stopped: 0.0049295 seconds, Stopping threads took: 0.0000198 seconds
250.156: [GC (Allocation Failure)  912534K->592406K(1035776K), 0.0046307 secs]
250.161: Total time for which application threads were stopped: 0.0048328 seconds, Stopping threads took: 0.0000280 seconds
250.231: [GC (Allocation Failure)  916502K->592406K(1035776K), 0.0047080 secs]
250.235: Total time for which application threads were stopped: 0.0048749 seconds, Stopping threads took: 0.0000203 seconds
250.303: [GC (Allocation Failure)  915990K->592470K(1023488K), 0.0047868 secs]
250.308: Total time for which application threads were stopped: 0.0049892 seconds, Stopping threads took: 0.0000279 seconds
250.376: [GC (Allocation Failure)  916054K->600473K(1035264K), 0.0048394 secs]
250.381: Total time for which application threads were stopped: 0.0049905 seconds, Stopping threads took: 0.0000173 seconds
250.449: [GC (Allocation Failure)  923033K->600441K(1030144K), 0.0047630 secs]
250.453: Total time for which application threads were stopped: 0.0049417 seconds, Stopping threads took: 0.0000201 seconds
250.522: [GC (Allocation Failure)  923001K->600505K(1034752K), 0.0047255 secs]
250.526: Total time for which application threads were stopped: 0.0048891 seconds, Stopping threads took: 0.0000200 seconds
250.596: [GC (Allocation Failure)  922041K->608475K(1034752K), 0.0048071 secs]
250.601: Total time for which application threads were stopped: 0.0050031 seconds, Stopping threads took: 0.0000209 seconds
250.671: [GC (Allocation Failure)  930011K->608443K(1033728K), 0.0045086 secs]
250.676: Total time for which application threads were stopped: 0.0046708 seconds, Stopping threads took: 0.0000263 seconds
250.743: [GC (Allocation Failure)  928955K->608731K(1034240K), 0.0048491 secs]
250.748: Total time for which application threads were stopped: 0.0050138 seconds, Stopping threads took: 0.0000205 seconds
250.815: [GC (Allocation Failure)  929243K->616509K(1034240K), 0.0047967 secs]
250.820: Total time for which application threads were stopped: 0.0049704 seconds, Stopping threads took: 0.0000200 seconds
250.889: [GC (Allocation Failure)  937021K->616509K(1034240K), 0.0049464 secs]
250.894: Total time for which application threads were stopped: 0.0051330 seconds, Stopping threads took: 0.0000200 seconds
250.961: [GC (Allocation Failure)  937021K->616965K(1034240K), 0.0048940 secs]
250.966: Total time for which application threads were stopped: 0.0050938 seconds, Stopping threads took: 0.0000204 seconds
251.035: [GC (Allocation Failure)  937477K->624552K(1028096K), 0.0049163 secs]
251.040: Total time for which application threads were stopped: 0.0051079 seconds, Stopping threads took: 0.0000198 seconds
251.107: [GC (Allocation Failure)  945064K->624584K(1033728K), 0.0048608 secs]
251.112: Total time for which application threads were stopped: 0.0050289 seconds, Stopping threads took: 0.0000195 seconds
251.177: [GC (Allocation Failure)  944072K->624712K(1033728K), 0.0048687 secs]
251.182: Total time for which application threads were stopped: 0.0050375 seconds, Stopping threads took: 0.0000196 seconds
251.249: [GC (Allocation Failure)  944200K->632618K(1033728K), 0.0046588 secs]
251.254: Total time for which application threads were stopped: 0.0048281 seconds, Stopping threads took: 0.0000198 seconds
251.321: [GC (Allocation Failure)  952106K->632618K(1033728K), 0.0046821 secs]
251.326: Total time for which application threads were stopped: 0.0048466 seconds, Stopping threads took: 0.0000207 seconds
251.392: [GC (Allocation Failure)  952106K->632642K(1033728K), 0.0051765 secs]
251.397: Total time for which application threads were stopped: 0.0053474 seconds, Stopping threads took: 0.0000206 seconds
251.462: [GC (Allocation Failure)  952130K->640612K(1027072K), 0.0049735 secs]
251.467: Total time for which application threads were stopped: 0.0051343 seconds, Stopping threads took: 0.0000208 seconds
251.531: [GC (Allocation Failure)  960100K->636706K(1034240K), 0.0039455 secs]
251.536: Total time for which application threads were stopped: 0.0041198 seconds, Stopping threads took: 0.0000191 seconds
251.605: [GC (Allocation Failure)  956194K->640780K(1033216K), 0.0048948 secs]
251.610: Total time for which application threads were stopped: 0.0050659 seconds, Stopping threads took: 0.0000258 seconds
251.678: [GC (Allocation Failure)  960268K->644748K(1034752K), 0.0047917 secs]
251.683: Total time for which application threads were stopped: 0.0049862 seconds, Stopping threads took: 0.0000201 seconds
251.751: [GC (Allocation Failure)  966284K->637962K(1034752K), 0.0024202 secs]
251.753: Total time for which application threads were stopped: 0.0025678 seconds, Stopping threads took: 0.0000200 seconds
251.820: [GC (Allocation Failure)  959498K->644820K(1034752K), 0.0049126 secs]
251.825: Total time for which application threads were stopped: 0.0050722 seconds, Stopping threads took: 0.0000198 seconds
251.892: [GC (Allocation Failure)  966356K->648900K(1034752K), 0.0058240 secs]
251.898: Total time for which application threads were stopped: 0.0060193 seconds, Stopping threads took: 0.0000203 seconds
251.964: [GC (Allocation Failure)  970436K->643362K(1034752K), 0.0028480 secs]
251.967: Total time for which application threads were stopped: 0.0030010 seconds, Stopping threads took: 0.0000167 seconds
252.034: [GC (Allocation Failure)  964898K->649204K(1034752K), 0.0049884 secs]
252.039: Total time for which application threads were stopped: 0.0051676 seconds, Stopping threads took: 0.0000198 seconds
252.106: [GC (Allocation Failure)  970740K->653044K(1035264K), 0.0055246 secs]
252.112: Total time for which application threads were stopped: 0.0056999 seconds, Stopping threads took: 0.0000208 seconds
252.178: [GC (Allocation Failure)  975532K->649138K(1035264K), 0.0037481 secs]
252.182: Total time for which application threads were stopped: 0.0039528 seconds, Stopping threads took: 0.0000209 seconds
252.252: [GC (Allocation Failure)  971698K->653164K(1036288K), 0.0047927 secs]
252.257: Total time for which application threads were stopped: 0.0049439 seconds, Stopping threads took: 0.0000173 seconds
252.325: [GC (Allocation Failure)  977260K->657164K(1035776K), 0.0048629 secs]
252.330: Total time for which application threads were stopped: 0.0050592 seconds, Stopping threads took: 0.0000203 seconds
252.400: [GC (Allocation Failure)  981260K->657164K(1035776K), 0.0048839 secs]
252.405: Total time for which application threads were stopped: 0.0050367 seconds, Stopping threads took: 0.0000181 seconds
252.474: [GC (Allocation Failure)  980748K->657228K(1023488K), 0.0049713 secs]
252.479: Total time for which application threads were stopped: 0.0051362 seconds, Stopping threads took: 0.0000209 seconds
252.545: [GC (Allocation Failure)  980812K->665198K(1035264K), 0.0050398 secs]
252.551: Total time for which application threads were stopped: 0.0052120 seconds, Stopping threads took: 0.0000199 seconds
252.619: [GC (Allocation Failure)  987758K->665198K(1030144K), 0.0046587 secs]
252.624: Total time for which application threads were stopped: 0.0048283 seconds, Stopping threads took: 0.0000280 seconds
252.692: [GC (Allocation Failure)  987758K->665262K(1034752K), 0.0051449 secs]
252.697: Total time for which application threads were stopped: 0.0053083 seconds, Stopping threads took: 0.0000202 seconds
252.766: [GC (Allocation Failure)  986798K->673233K(1034752K), 0.0050374 secs]
252.771: Total time for which application threads were stopped: 0.0052195 seconds, Stopping threads took: 0.0000198 seconds
252.839: [GC (Allocation Failure)  994769K->673233K(1033728K), 0.0088018 secs]
252.848: Total time for which application threads were stopped: 0.0089638 seconds, Stopping threads took: 0.0000197 seconds
252.915: [GC (Allocation Failure)  993745K->673481K(1034240K), 0.0049286 secs]
252.920: Total time for which application threads were stopped: 0.0051256 seconds, Stopping threads took: 0.0000200 seconds
252.990: [GC (Allocation Failure)  993993K->681291K(1034240K), 0.0047219 secs]
252.995: Total time for which application threads were stopped: 0.0048740 seconds, Stopping threads took: 0.0000163 seconds
253.063: [GC (Allocation Failure)  1001803K->681291K(1034240K), 0.0050832 secs]
253.068: Total time for which application threads were stopped: 0.0052489 seconds, Stopping threads took: 0.0000201 seconds
253.136: [GC (Allocation Failure)  1001803K->681707K(1033216K), 0.0049050 secs]
253.141: Total time for which application threads were stopped: 0.0050818 seconds, Stopping threads took: 0.0000269 seconds
253.208: [GC (Allocation Failure)  1001195K->689325K(1033728K), 0.0049734 secs]
253.213: Total time for which application threads were stopped: 0.0051395 seconds, Stopping threads took: 0.0000202 seconds
253.281: [GC (Allocation Failure)  1008813K->689261K(1033728K), 0.0048917 secs]
253.286: Total time for which application threads were stopped: 0.0050709 seconds, Stopping threads took: 0.0000200 seconds
253.351: [GC (Allocation Failure)  1008749K->689381K(1033728K), 0.0059557 secs]
253.357: [Full GC (Ergonomics)  689381K->8595K(1033728K), 0.0121768 secs]
253.369: Total time for which application threads were stopped: 0.0184045 seconds, Stopping threads took: 0.0000200 seconds
253.437: [GC (Allocation Failure)  328083K->16725K(1033728K), 0.0037859 secs]
253.441: Total time for which application threads were stopped: 0.0039635 seconds, Stopping threads took: 0.0000197 seconds
253.508: [GC (Allocation Failure)  336213K->16709K(1033728K), 0.0036825 secs]
253.512: Total time for which application threads were stopped: 0.0038520 seconds, Stopping threads took: 0.0000203 seconds
253.578: [GC (Allocation Failure)  336197K->16781K(1033728K), 0.0038340 secs]
253.582: Total time for which application threads were stopped: 0.0039978 seconds, Stopping threads took: 0.0000211 seconds
253.649: [GC (Allocation Failure)  336269K->24751K(1027072K), 0.0038258 secs]
253.653: Total time for which application threads were stopped: 0.0039940 seconds, Stopping threads took: 0.0000287 seconds
253.720: [GC (Allocation Failure)  344239K->20877K(1034240K), 0.0025610 secs]
253.723: Total time for which application threads were stopped: 0.0027249 seconds, Stopping threads took: 0.0000197 seconds
253.793: [GC (Allocation Failure)  340365K->24911K(1033216K), 0.0036634 secs]
253.797: Total time for which application threads were stopped: 0.0038235 seconds, Stopping threads took: 0.0000195 seconds
253.866: [GC (Allocation Failure)  344399K->28879K(1034752K), 0.0036245 secs]
253.869: Total time for which application threads were stopped: 0.0037730 seconds, Stopping threads took: 0.0000155 seconds
253.936: [GC (Allocation Failure)  350415K->22093K(1034752K), 0.0009910 secs]
253.937: Total time for which application threads were stopped: 0.0011342 seconds, Stopping threads took: 0.0000205 seconds
254.004: [GC (Allocation Failure)  343629K->28975K(1034752K), 0.0035695 secs]
254.007: Total time for which application threads were stopped: 0.0037491 seconds, Stopping threads took: 0.0000226 seconds
254.073: [GC (Allocation Failure)  350511K->33023K(1034752K), 0.0045417 secs]
254.077: Total time for which application threads were stopped: 0.0047037 seconds, Stopping threads took: 0.0000202 seconds
254.143: [GC (Allocation Failure)  354559K->27485K(1034752K), 0.0015581 secs]
254.145: Total time for which application threads were stopped: 0.0017082 seconds, Stopping threads took: 0.0000282 seconds
254.211: [GC (Allocation Failure)  349021K->33295K(1034752K), 0.0038346 secs]
254.215: Total time for which application threads were stopped: 0.0040044 seconds, Stopping threads took: 0.0000202 seconds
254.282: [GC (Allocation Failure)  354831K->37167K(1035264K), 0.0040839 secs]
254.287: Total time for which application threads were stopped: 0.0042798 seconds, Stopping threads took: 0.0000207 seconds
254.355: [GC (Allocation Failure)  359656K->33261K(1035264K), 0.0022670 secs]
254.357: Total time for which application threads were stopped: 0.0024414 seconds, Stopping threads took: 0.0000173 seconds
254.427: [GC (Allocation Failure)  355821K->37327K(1036288K), 0.0038002 secs]
254.431: Total time for which application threads were stopped: 0.0039585 seconds, Stopping threads took: 0.0000168 seconds
254.499: [GC (Allocation Failure)  361423K->41327K(1035776K), 0.0037499 secs]
254.503: Total time for which application threads were stopped: 0.0039221 seconds, Stopping threads took: 0.0000208 seconds
254.572: [GC (Allocation Failure)  365423K->41263K(1035776K), 0.0036504 secs]
254.575: Total time for which application threads were stopped: 0.0038239 seconds, Stopping threads took: 0.0000203 seconds
254.643: [GC (Allocation Failure)  364847K->41351K(1023488K), 0.0038304 secs]
254.647: Total time for which application threads were stopped: 0.0040097 seconds, Stopping threads took: 0.0000199 seconds
254.714: [GC (Allocation Failure)  364935K->49354K(1035264K), 0.0038528 secs]
254.718: Total time for which application threads were stopped: 0.0040198 seconds, Stopping threads took: 0.0000207 seconds
254.786: [GC (Allocation Failure)  371914K->49322K(1030144K), 0.0036693 secs]
254.790: Total time for which application threads were stopped: 0.0038524 seconds, Stopping threads took: 0.0000203 seconds
254.861: [GC (Allocation Failure)  371882K->49354K(1034752K), 0.0046951 secs]
254.865: Total time for which application threads were stopped: 0.0048878 seconds, Stopping threads took: 0.0000255 seconds
254.934: [GC (Allocation Failure)  370890K->57388K(1029120K), 0.0038986 secs]
254.938: Total time for which application threads were stopped: 0.0040882 seconds, Stopping threads took: 0.0000201 seconds
255.008: [GC (Allocation Failure)  378924K->57324K(1034240K), 0.0034508 secs]
255.011: Total time for which application threads were stopped: 0.0036130 seconds, Stopping threads took: 0.0000263 seconds
255.078: [GC (Allocation Failure)  377836K->57580K(1034240K), 0.0039328 secs]
255.082: Total time for which application threads were stopped: 0.0041242 seconds, Stopping threads took: 0.0000386 seconds
255.151: [GC (Allocation Failure)  378092K->65422K(1034240K), 0.0035638 secs]
255.154: Total time for which application threads were stopped: 0.0037367 seconds, Stopping threads took: 0.0000269 seconds
255.223: [GC (Allocation Failure)  385934K->65422K(1034240K), 0.0036705 secs]
255.226: Total time for which application threads were stopped: 0.0038542 seconds, Stopping threads took: 0.0000220 seconds
255.294: [GC (Allocation Failure)  385934K->65838K(1033216K), 0.0037777 secs]
255.297: Total time for which application threads were stopped: 0.0039532 seconds, Stopping threads took: 0.0000217 seconds
255.365: [GC (Allocation Failure)  385326K->73457K(1033728K), 0.0039910 secs]
255.369: Total time for which application threads were stopped: 0.0041652 seconds, Stopping threads took: 0.0000205 seconds
255.437: [GC (Allocation Failure)  392945K->73393K(1033728K), 0.0037537 secs]
255.441: Total time for which application threads were stopped: 0.0039268 seconds, Stopping threads took: 0.0000208 seconds
255.506: [GC (Allocation Failure)  392881K->73545K(1033728K), 0.0038261 secs]
255.510: Total time for which application threads were stopped: 0.0040235 seconds, Stopping threads took: 0.0000198 seconds
255.580: [GC (Allocation Failure)  393033K->81483K(1033728K), 0.0037810 secs]
255.584: Total time for which application threads were stopped: 0.0039509 seconds, Stopping threads took: 0.0000170 seconds
255.652: [GC (Allocation Failure)  400971K->81451K(1033728K), 0.0037418 secs]
255.656: Total time for which application threads were stopped: 0.0039089 seconds, Stopping threads took: 0.0000284 seconds
255.723: [GC (Allocation Failure)  400939K->81515K(1033728K), 0.0036742 secs]
255.727: Total time for which application threads were stopped: 0.0038679 seconds, Stopping threads took: 0.0000195 seconds
255.796: [GC (Allocation Failure)  401003K->89453K(1027072K), 0.0038938 secs]
255.799: Total time for which application threads were stopped: 0.0040505 seconds, Stopping threads took: 0.0000171 seconds
255.865: [GC (Allocation Failure)  408941K->85579K(1034240K), 0.0026015 secs]
255.868: Total time for which application threads were stopped: 0.0027418 seconds, Stopping threads took: 0.0000155 seconds
255.938: [GC (Allocation Failure)  405067K->89645K(1033216K), 0.0037807 secs]
255.942: Total time for which application threads were stopped: 0.0039465 seconds, Stopping threads took: 0.0000202 seconds
256.010: [GC (Allocation Failure)  409133K->93613K(1034752K), 0.0038690 secs]
256.014: Total time for which application threads were stopped: 0.0040334 seconds, Stopping threads took: 0.0000205 seconds
256.081: [GC (Allocation Failure)  415149K->86827K(1034752K), 0.0011159 secs]
256.082: Total time for which application threads were stopped: 0.0012529 seconds, Stopping threads took: 0.0000204 seconds
256.149: [GC (Allocation Failure)  408363K->93685K(1034752K), 0.0037538 secs]
256.153: Total time for which application threads were stopped: 0.0039377 seconds, Stopping threads took: 0.0000206 seconds
256.219: [GC (Allocation Failure)  415221K->97765K(1034752K), 0.0048410 secs]
256.224: Total time for which application threads were stopped: 0.0050138 seconds, Stopping threads took: 0.0000208 seconds
256.290: [GC (Allocation Failure)  419301K->92227K(1034752K), 0.0016996 secs]
256.292: Total time for which application threads were stopped: 0.0018552 seconds, Stopping threads took: 0.0000204 seconds
256.359: [GC (Allocation Failure)  413763K->97997K(1034752K), 0.0045519 secs]
256.364: Total time for which application threads were stopped: 0.0047291 seconds, Stopping threads took: 0.0000290 seconds
256.431: [GC (Allocation Failure)  419533K->101933K(1034752K), 0.0063568 secs]
256.437: Total time for which application threads were stopped: 0.0065394 seconds, Stopping threads took: 0.0000207 seconds
256.505: [GC (Allocation Failure)  424421K->97995K(1035264K), 0.0025083 secs]
256.508: Total time for which application threads were stopped: 0.0026860 seconds, Stopping threads took: 0.0000216 seconds
256.578: [GC (Allocation Failure)  420555K->102061K(1036288K), 0.0038529 secs]
256.582: Total time for which application threads were stopped: 0.0040494 seconds, Stopping threads took: 0.0000211 seconds
256.652: [GC (Allocation Failure)  426157K->106029K(1035776K), 0.0037696 secs]
256.655: Total time for which application threads were stopped: 0.0039365 seconds, Stopping threads took: 0.0000256 seconds
256.724: [GC (Allocation Failure)  430125K->106029K(1035776K), 0.0037434 secs]
256.728: Total time for which application threads were stopped: 0.0039131 seconds, Stopping threads took: 0.0000208 seconds
256.797: [GC (Allocation Failure)  429613K->106093K(1023488K), 0.0039268 secs]
256.801: Total time for which application threads were stopped: 0.0040947 seconds, Stopping threads took: 0.0000190 seconds
256.869: [GC (Allocation Failure)  429677K->114063K(1035264K), 0.0039559 secs]
256.873: Total time for which application threads were stopped: 0.0041173 seconds, Stopping threads took: 0.0000190 seconds
256.943: [GC (Allocation Failure)  436623K->114031K(1030144K), 0.0037797 secs]
256.946: Total time for which application threads were stopped: 0.0039668 seconds, Stopping threads took: 0.0000203 seconds
257.014: [GC (Allocation Failure)  436591K->114087K(1034752K), 0.0037560 secs]
257.018: Total time for which application threads were stopped: 0.0039491 seconds, Stopping threads took: 0.0000203 seconds
257.087: [GC (Allocation Failure)  435623K->122122K(1034752K), 0.0039176 secs]
257.091: Total time for which application threads were stopped: 0.0040789 seconds, Stopping threads took: 0.0000199 seconds
257.159: [GC (Allocation Failure)  443658K->122090K(1033728K), 0.0037503 secs]
257.163: Total time for which application threads were stopped: 0.0039176 seconds, Stopping threads took: 0.0000205 seconds
257.232: [GC (Allocation Failure)  442602K->122346K(1034240K), 0.0038880 secs]
257.236: Total time for which application threads were stopped: 0.0040571 seconds, Stopping threads took: 0.0000202 seconds
257.303: [GC (Allocation Failure)  442858K->130156K(1034240K), 0.0038506 secs]
257.307: Total time for which application threads were stopped: 0.0040190 seconds, Stopping threads took: 0.0000201 seconds
257.375: [GC (Allocation Failure)  450668K->130124K(1034240K), 0.0038291 secs]
257.379: Total time for which application threads were stopped: 0.0039980 seconds, Stopping threads took: 0.0000202 seconds
257.445: [GC (Allocation Failure)  450636K->130572K(1033216K), 0.0041975 secs]
257.450: Total time for which application threads were stopped: 0.0043748 seconds, Stopping threads took: 0.0000222 seconds
257.517: [GC (Allocation Failure)  450060K->138158K(1033728K), 0.0040262 secs]
257.521: Total time for which application threads were stopped: 0.0042155 seconds, Stopping threads took: 0.0000225 seconds
257.590: [GC (Allocation Failure)  457646K->138158K(1033728K), 0.0036928 secs]
257.594: Total time for which application threads were stopped: 0.0038450 seconds, Stopping threads took: 0.0000171 seconds
257.659: [GC (Allocation Failure)  457646K->138318K(1033728K), 0.0065436 secs]
257.666: Total time for which application threads were stopped: 0.0067137 seconds, Stopping threads took: 0.0000199 seconds
257.734: [GC (Allocation Failure)  457806K->146192K(1033728K), 0.0037744 secs]
257.737: Total time for which application threads were stopped: 0.0039439 seconds, Stopping threads took: 0.0000208 seconds
257.804: [GC (Allocation Failure)  465680K->146192K(1033728K), 0.0039368 secs]
257.808: Total time for which application threads were stopped: 0.0041063 seconds, Stopping threads took: 0.0000202 seconds
257.878: [GC (Allocation Failure)  465680K->146248K(1033728K), 0.0038643 secs]
257.882: Total time for which application threads were stopped: 0.0040243 seconds, Stopping threads took: 0.0000198 seconds
257.949: [GC (Allocation Failure)  465736K->154219K(1027072K), 0.0040739 secs]
257.953: Total time for which application threads were stopped: 0.0042526 seconds, Stopping threads took: 0.0000218 seconds
258.018: [GC (Allocation Failure)  473706K->150344K(1034240K), 0.0029702 secs]
258.022: Total time for which application threads were stopped: 0.0031359 seconds, Stopping threads took: 0.0000200 seconds
258.089: [GC (Allocation Failure)  469832K->154379K(1033216K), 0.0041322 secs]
258.094: Total time for which application threads were stopped: 0.0043047 seconds, Stopping threads took: 0.0000226 seconds
258.162: [GC (Allocation Failure)  473867K->158347K(1034752K), 0.0037595 secs]
258.166: Total time for which application threads were stopped: 0.0039285 seconds, Stopping threads took: 0.0000265 seconds
258.233: [GC (Allocation Failure)  479883K->151528K(1034752K), 0.0013967 secs]
258.234: Total time for which application threads were stopped: 0.0015337 seconds, Stopping threads took: 0.0000262 seconds
258.302: [GC (Allocation Failure)  473064K->158451K(1034752K), 0.0037664 secs]
258.306: Total time for which application threads were stopped: 0.0039396 seconds, Stopping threads took: 0.0000195 seconds
258.372: [GC (Allocation Failure)  479987K->162499K(1034752K), 0.0049043 secs]
258.377: Total time for which application threads were stopped: 0.0050791 seconds, Stopping threads took: 0.0000211 seconds
258.443: [GC (Allocation Failure)  484035K->156960K(1034752K), 0.0018345 secs]
258.445: Total time for which application threads were stopped: 0.0019764 seconds, Stopping threads took: 0.0000208 seconds
258.512: [GC (Allocation Failure)  478496K->162771K(1034752K), 0.0041529 secs]
258.517: Total time for which application threads were stopped: 0.0043228 seconds, Stopping threads took: 0.0000222 seconds
258.584: [GC (Allocation Failure)  484307K->166683K(1034752K), 0.0041909 secs]
258.588: Total time for which application threads were stopped: 0.0043517 seconds, Stopping threads took: 0.0000203 seconds
258.655: [GC (Allocation Failure)  489171K->162744K(1035264K), 0.0026319 secs]
258.658: Total time for which application threads were stopped: 0.0028009 seconds, Stopping threads took: 0.0000257 seconds
258.725: [GC (Allocation Failure)  485304K->166811K(1036288K), 0.0040734 secs]
258.730: Total time for which application threads were stopped: 0.0042338 seconds, Stopping threads took: 0.0000199 seconds
258.797: [GC (Allocation Failure)  490907K->170811K(1035776K), 0.0039738 secs]
258.801: Total time for which application threads were stopped: 0.0041371 seconds, Stopping threads took: 0.0000202 seconds
258.870: [GC (Allocation Failure)  494907K->170779K(1035776K), 0.0036800 secs]
258.874: Total time for which application threads were stopped: 0.0038344 seconds, Stopping threads took: 0.0000167 seconds
258.942: [GC (Allocation Failure)  494363K->170851K(1023488K), 0.0040128 secs]
258.946: Total time for which application threads were stopped: 0.0042003 seconds, Stopping threads took: 0.0000181 seconds
259.012: [GC (Allocation Failure)  494435K->178821K(1035264K), 0.0041913 secs]
259.016: Total time for which application threads were stopped: 0.0043800 seconds, Stopping threads took: 0.0000207 seconds
259.084: [GC (Allocation Failure)  501381K->178821K(1030144K), 0.0038184 secs]
259.088: Total time for which application threads were stopped: 0.0039891 seconds, Stopping threads took: 0.0000205 seconds
259.156: [GC (Allocation Failure)  501381K->178885K(1034752K), 0.0040852 secs]
259.160: Total time for which application threads were stopped: 0.0042659 seconds, Stopping threads took: 0.0000283 seconds
259.229: [GC (Allocation Failure)  500421K->186855K(1034752K), 0.0041912 secs]
259.234: Total time for which application threads were stopped: 0.0043535 seconds, Stopping threads took: 0.0000201 seconds
259.302: [GC (Allocation Failure)  508391K->186855K(1033728K), 0.0037695 secs]
259.306: Total time for which application threads were stopped: 0.0039479 seconds, Stopping threads took: 0.0000203 seconds
259.373: [GC (Allocation Failure)  507367K->187111K(1034240K), 0.0042746 secs]
259.377: Total time for which application threads were stopped: 0.0044387 seconds, Stopping threads took: 0.0000207 seconds
259.445: [GC (Allocation Failure)  507623K->194921K(1034240K), 0.0038551 secs]
259.449: Total time for which application threads were stopped: 0.0040363 seconds, Stopping threads took: 0.0000283 seconds
259.518: [GC (Allocation Failure)  515433K->194921K(1034240K), 0.0041067 secs]
259.523: Total time for which application threads were stopped: 0.0042579 seconds, Stopping threads took: 0.0000171 seconds
259.590: [GC (Allocation Failure)  515433K->195305K(1033216K), 0.0042230 secs]
259.594: Total time for which application threads were stopped: 0.0044092 seconds, Stopping threads took: 0.0000207 seconds
259.664: [GC (Allocation Failure)  514793K->202956K(1033728K), 0.0040765 secs]
259.669: Total time for which application threads were stopped: 0.0042445 seconds, Stopping threads took: 0.0000195 seconds
259.737: [GC (Allocation Failure)  522444K->202924K(1033728K), 0.0064947 secs]
259.743: Total time for which application threads were stopped: 0.0066840 seconds, Stopping threads took: 0.0000197 seconds
259.809: [GC (Allocation Failure)  522412K->203052K(1033728K), 0.0042359 secs]
259.814: Total time for which application threads were stopped: 0.0043980 seconds, Stopping threads took: 0.0000196 seconds
259.882: [GC (Allocation Failure)  522540K->210990K(1033728K), 0.0038542 secs]
259.886: Total time for which application threads were stopped: 0.0040183 seconds, Stopping threads took: 0.0000200 seconds
259.953: [GC (Allocation Failure)  530478K->210926K(1033728K), 0.0039419 secs]
259.957: Total time for which application threads were stopped: 0.0041095 seconds, Stopping threads took: 0.0000201 seconds
260.024: [GC (Allocation Failure)  530414K->211014K(1033728K), 0.0041543 secs]
260.029: Total time for which application threads were stopped: 0.0043452 seconds, Stopping threads took: 0.0000198 seconds
260.097: [GC (Allocation Failure)  530502K->219016K(1027072K), 0.0041935 secs]
260.101: Total time for which application threads were stopped: 0.0043627 seconds, Stopping threads took: 0.0000204 seconds
260.167: [GC (Allocation Failure)  538504K->215078K(1034240K), 0.0028499 secs]
260.170: Total time for which application threads were stopped: 0.0030154 seconds, Stopping threads took: 0.0000265 seconds
260.238: [GC (Allocation Failure)  534566K->219112K(1033216K), 0.0043524 secs]
260.243: Total time for which application threads were stopped: 0.0045297 seconds, Stopping threads took: 0.0000214 seconds
260.311: [GC (Allocation Failure)  538600K->223144K(1034752K), 0.0039627 secs]
260.315: Total time for which application threads were stopped: 0.0041330 seconds, Stopping threads took: 0.0000202 seconds
260.382: [GC (Allocation Failure)  544680K->216326K(1034752K), 0.0015382 secs]
260.383: Total time for which application threads were stopped: 0.0016821 seconds, Stopping threads took: 0.0000208 seconds
260.452: [GC (Allocation Failure)  537862K->223176K(1034752K), 0.0040227 secs]
260.456: Total time for which application threads were stopped: 0.0041885 seconds, Stopping threads took: 0.0000193 seconds
260.522: [GC (Allocation Failure)  544712K->227256K(1034752K), 0.0049247 secs]
260.527: Total time for which application threads were stopped: 0.0051172 seconds, Stopping threads took: 0.0000203 seconds
260.593: [GC (Allocation Failure)  548792K->221718K(1034752K), 0.0020448 secs]
260.595: Total time for which application threads were stopped: 0.0021785 seconds, Stopping threads took: 0.0000171 seconds
260.662: [GC (Allocation Failure)  543254K->227528K(1034752K), 0.0042428 secs]
260.667: Total time for which application threads were stopped: 0.0044223 seconds, Stopping threads took: 0.0000271 seconds
260.734: [GC (Allocation Failure)  549064K->231392K(1035264K), 0.0044924 secs]
260.738: Total time for which application threads were stopped: 0.0046899 seconds, Stopping threads took: 0.0000213 seconds
260.805: [GC (Allocation Failure)  553881K->227486K(1035264K), 0.0028060 secs]
260.808: Total time for which application threads were stopped: 0.0029597 seconds, Stopping threads took: 0.0000197 seconds
260.877: [GC (Allocation Failure)  550046K->231520K(1036288K), 0.0044246 secs]
260.881: Total time for which application threads were stopped: 0.0045951 seconds, Stopping threads took: 0.0000195 seconds
260.949: [GC (Allocation Failure)  555616K->235520K(1035776K), 0.0051646 secs]
260.954: Total time for which application threads were stopped: 0.0053593 seconds, Stopping threads took: 0.0000199 seconds
261.024: [GC (Allocation Failure)  559616K->235520K(1035776K), 0.0039117 secs]
261.028: Total time for which application threads were stopped: 0.0040633 seconds, Stopping threads took: 0.0000170 seconds
261.096: [GC (Allocation Failure)  559104K->235592K(1023488K), 0.0041883 secs]
261.100: Total time for which application threads were stopped: 0.0043723 seconds, Stopping threads took: 0.0000203 seconds
261.167: [GC (Allocation Failure)  559176K->243595K(1035264K), 0.0041748 secs]
261.171: Total time for which application threads were stopped: 0.0043715 seconds, Stopping threads took: 0.0000264 seconds
261.241: [GC (Allocation Failure)  566155K->243563K(1030144K), 0.0038619 secs]
261.245: Total time for which application threads were stopped: 0.0040218 seconds, Stopping threads took: 0.0000256 seconds
261.313: [GC (Allocation Failure)  566123K->243595K(1034752K), 0.0040232 secs]
261.317: Total time for which application threads were stopped: 0.0041842 seconds, Stopping threads took: 0.0000199 seconds
261.384: [GC (Allocation Failure)  565131K->251597K(1029120K), 0.0043837 secs]
261.389: Total time for which application threads were stopped: 0.0045641 seconds, Stopping threads took: 0.0000202 seconds
261.458: [GC (Allocation Failure)  573133K->251629K(1034240K), 0.0039536 secs]
261.462: Total time for which application threads were stopped: 0.0041141 seconds, Stopping threads took: 0.0000203 seconds
261.529: [GC (Allocation Failure)  572141K->251821K(1034240K), 0.0060489 secs]
261.535: Total time for which application threads were stopped: 0.0062094 seconds, Stopping threads took: 0.0000203 seconds
261.604: [GC (Allocation Failure)  572333K->259631K(1034240K), 0.0040575 secs]
261.608: Total time for which application threads were stopped: 0.0042327 seconds, Stopping threads took: 0.0000246 seconds
261.677: [GC (Allocation Failure)  580143K->259631K(1034240K), 0.0041394 secs]
261.681: Total time for which application threads were stopped: 0.0042982 seconds, Stopping threads took: 0.0000175 seconds
261.749: [GC (Allocation Failure)  580143K->260047K(1033216K), 0.0042043 secs]
261.753: Total time for which application threads were stopped: 0.0043683 seconds, Stopping threads took: 0.0000202 seconds
261.821: [GC (Allocation Failure)  579535K->267665K(1033728K), 0.0042185 secs]
261.825: Total time for which application threads were stopped: 0.0044144 seconds, Stopping threads took: 0.0000206 seconds
261.896: [GC (Allocation Failure)  587153K->267697K(1033728K), 0.0040722 secs]
261.900: Total time for which application threads were stopped: 0.0042345 seconds, Stopping threads took: 0.0000195 seconds
261.966: [GC (Allocation Failure)  587185K->267785K(1033728K), 0.0042403 secs]
261.970: Total time for which application threads were stopped: 0.0044117 seconds, Stopping threads took: 0.0000202 seconds
262.038: [GC (Allocation Failure)  587273K->275724K(1033728K), 0.0042601 secs]
262.042: Total time for which application threads were stopped: 0.0044315 seconds, Stopping threads took: 0.0000207 seconds
262.109: [GC (Allocation Failure)  595212K->275724K(1033728K), 0.0043060 secs]
262.114: Total time for which application threads were stopped: 0.0044986 seconds, Stopping threads took: 0.0000199 seconds
262.183: [GC (Allocation Failure)  595212K->275756K(1032704K), 0.0040914 secs]
262.187: Total time for which application threads were stopped: 0.0042549 seconds, Stopping threads took: 0.0000200 seconds
262.254: [GC (Allocation Failure)  594220K->283726K(1033216K), 0.0042335 secs]
262.258: Total time for which application threads were stopped: 0.0044249 seconds, Stopping threads took: 0.0000197 seconds
262.325: [GC (Allocation Failure)  602190K->278188K(1033728K), 0.0023104 secs]
262.327: Total time for which application threads were stopped: 0.0024596 seconds, Stopping threads took: 0.0000202 seconds
262.395: [GC (Allocation Failure)  597164K->283982K(1033216K), 0.0040348 secs]
262.400: Total time for which application threads were stopped: 0.0042294 seconds, Stopping threads took: 0.0000195 seconds
262.469: [GC (Allocation Failure)  602958K->287902K(1034240K), 0.0045612 secs]
262.474: Total time for which application threads were stopped: 0.0047207 seconds, Stopping threads took: 0.0000176 seconds
262.543: [GC (Allocation Failure)  608414K->293788K(1034240K), 0.0066130 secs]
262.550: Total time for which application threads were stopped: 0.0067896 seconds, Stopping threads took: 0.0000277 seconds
262.618: [GC (Allocation Failure)  614300K->288030K(1030144K), 0.0044484 secs]
262.622: Total time for which application threads were stopped: 0.0046255 seconds, Stopping threads took: 0.0000210 seconds
262.691: [GC (Allocation Failure)  604446K->287838K(1032192K), 0.0041672 secs]
262.695: Total time for which application threads were stopped: 0.0043300 seconds, Stopping threads took: 0.0000260 seconds
262.763: [GC (Allocation Failure)  604254K->283740K(1033216K), 0.0027627 secs]
262.766: Total time for which application threads were stopped: 0.0029367 seconds, Stopping threads took: 0.0000195 seconds
262.836: [GC (Allocation Failure)  601692K->287998K(1032704K), 0.0042599 secs]
262.841: Total time for which application threads were stopped: 0.0044374 seconds, Stopping threads took: 0.0000203 seconds
262.908: [GC (Allocation Failure)  605950K->287870K(1033728K), 0.0043496 secs]
262.913: Total time for which application threads were stopped: 0.0045360 seconds, Stopping threads took: 0.0000171 seconds
262.980: [GC (Allocation Failure)  606846K->291494K(1033216K), 0.0049539 secs]
262.985: Total time for which application threads were stopped: 0.0051026 seconds, Stopping threads took: 0.0000170 seconds
263.053: [GC (Allocation Failure)  610470K->295944K(1034240K), 0.0042259 secs]
263.057: Total time for which application threads were stopped: 0.0043929 seconds, Stopping threads took: 0.0000192 seconds
263.123: [GC (Allocation Failure)  615944K->295880K(1033728K), 0.0063980 secs]
263.130: Total time for which application threads were stopped: 0.0065793 seconds, Stopping threads took: 0.0000281 seconds
263.195: [GC (Allocation Failure)  615880K->299208K(1034240K), 0.0049166 secs]
263.200: Total time for which application threads were stopped: 0.0050908 seconds, Stopping threads took: 0.0000210 seconds
263.268: [GC (Allocation Failure)  619720K->303946K(1034240K), 0.0043175 secs]
263.272: Total time for which application threads were stopped: 0.0045032 seconds, Stopping threads took: 0.0000209 seconds
263.341: [GC (Allocation Failure)  624458K->303946K(1034752K), 0.0041487 secs]
263.346: Total time for which application threads were stopped: 0.0043239 seconds, Stopping threads took: 0.0000209 seconds
263.411: [GC (Allocation Failure)  625482K->306410K(1034752K), 0.0046447 secs]
263.415: Total time for which application threads were stopped: 0.0048089 seconds, Stopping threads took: 0.0000201 seconds
263.483: [GC (Allocation Failure)  627946K->312013K(1034752K), 0.0043160 secs]
263.488: Total time for which application threads were stopped: 0.0044889 seconds, Stopping threads took: 0.0000207 seconds
263.555: [GC (Allocation Failure)  633549K->312013K(1034752K), 0.0043116 secs]
263.559: Total time for which application threads were stopped: 0.0045228 seconds, Stopping threads took: 0.0000207 seconds
263.624: [GC (Allocation Failure)  633549K->315661K(1035264K), 0.0049189 secs]
263.629: Total time for which application threads were stopped: 0.0050917 seconds, Stopping threads took: 0.0000278 seconds
263.697: [GC (Allocation Failure)  637709K->320047K(1034752K), 0.0043586 secs]
263.702: Total time for which application threads were stopped: 0.0045285 seconds, Stopping threads took: 0.0000260 seconds
263.770: [GC (Allocation Failure)  642095K->320015K(1035264K), 0.0040251 secs]
263.774: Total time for which application threads were stopped: 0.0042209 seconds, Stopping threads took: 0.0000205 seconds
263.842: [GC (Allocation Failure)  642575K->322855K(1035264K), 0.0057179 secs]
263.848: Total time for which application threads were stopped: 0.0058690 seconds, Stopping threads took: 0.0000225 seconds
263.916: [GC (Allocation Failure)  645415K->328169K(1035264K), 0.0041820 secs]
263.920: Total time for which application threads were stopped: 0.0043555 seconds, Stopping threads took: 0.0000203 seconds
263.988: [GC (Allocation Failure)  650729K->328041K(1035264K), 0.0043298 secs]
263.993: Total time for which application threads were stopped: 0.0044943 seconds, Stopping threads took: 0.0000211 seconds
264.059: [GC (Allocation Failure)  650601K->331113K(1035264K), 0.0049587 secs]
264.064: Total time for which application threads were stopped: 0.0051182 seconds, Stopping threads took: 0.0000198 seconds
264.133: [GC (Allocation Failure)  653673K->336139K(1035264K), 0.0041650 secs]
264.137: Total time for which application threads were stopped: 0.0043252 seconds, Stopping threads took: 0.0000267 seconds
264.206: [GC (Allocation Failure)  658699K->336075K(1035264K), 0.0041890 secs]
264.210: Total time for which application threads were stopped: 0.0043865 seconds, Stopping threads took: 0.0000259 seconds
264.279: [GC (Allocation Failure)  658635K->331337K(1035264K), 0.0024575 secs]
264.281: Total time for which application threads were stopped: 0.0026247 seconds, Stopping threads took: 0.0000203 seconds
264.350: [GC (Allocation Failure)  653897K->336331K(1035264K), 0.0043127 secs]
264.354: Total time for which application threads were stopped: 0.0044713 seconds, Stopping threads took: 0.0000194 seconds
264.423: [GC (Allocation Failure)  658891K->336075K(1035264K), 0.0041831 secs]
264.427: Total time for which application threads were stopped: 0.0043394 seconds, Stopping threads took: 0.0000196 seconds
264.497: [GC (Allocation Failure)  658635K->335593K(1035776K), 0.0056084 secs]
264.503: Total time for which application threads were stopped: 0.0057637 seconds, Stopping threads took: 0.0000191 seconds
264.571: [GC (Allocation Failure)  658665K->336267K(1035264K), 0.0042212 secs]
264.576: Total time for which application threads were stopped: 0.0044139 seconds, Stopping threads took: 0.0000203 seconds
264.646: [GC (Allocation Failure)  659339K->336075K(1035776K), 0.0041104 secs]
264.650: Total time for which application threads were stopped: 0.0042731 seconds, Stopping threads took: 0.0000266 seconds
264.719: [GC (Allocation Failure)  659659K->341921K(1035776K), 0.0069144 secs]
264.726: Total time for which application threads were stopped: 0.0071102 seconds, Stopping threads took: 0.0000247 seconds
264.795: [GC (Allocation Failure)  665505K->337347K(1032704K), 0.0042838 secs]
264.800: Total time for which application threads were stopped: 0.0044716 seconds, Stopping threads took: 0.0000279 seconds
264.868: [GC (Allocation Failure)  657859K->337187K(1034240K), 0.0043537 secs]
264.873: Total time for which application threads were stopped: 0.0045316 seconds, Stopping threads took: 0.0000201 seconds
264.942: [GC (Allocation Failure)  657699K->344265K(1030656K), 0.0074785 secs]
264.949: Total time for which application threads were stopped: 0.0076483 seconds, Stopping threads took: 0.0000209 seconds
265.017: [GC (Allocation Failure)  661705K->338603K(1032704K), 0.0043947 secs]
265.022: Total time for which application threads were stopped: 0.0045600 seconds, Stopping threads took: 0.0000195 seconds
265.088: [GC (Allocation Failure)  656043K->338539K(1033728K), 0.0042383 secs]
265.093: Total time for which application threads were stopped: 0.0044002 seconds, Stopping threads took: 0.0000193 seconds
265.162: [GC (Allocation Failure)  657515K->336073K(1033216K), 0.0033278 secs]
265.165: Total time for which application threads were stopped: 0.0035033 seconds, Stopping threads took: 0.0000256 seconds
265.232: [GC (Allocation Failure)  655049K->338539K(1034752K), 0.0042781 secs]
265.237: Total time for which application threads were stopped: 0.0044360 seconds, Stopping threads took: 0.0000193 seconds
265.304: [GC (Allocation Failure)  659563K->338539K(1034240K), 0.0042235 secs]
265.309: Total time for which application threads were stopped: 0.0044041 seconds, Stopping threads took: 0.0000201 seconds
265.376: [GC (Allocation Failure)  659563K->333737K(1034240K), 0.0025187 secs]
265.379: Total time for which application threads were stopped: 0.0026734 seconds, Stopping threads took: 0.0000194 seconds
265.447: [GC (Allocation Failure)  655273K->338763K(1034752K), 0.0043849 secs]
265.451: Total time for which application threads were stopped: 0.0046914 seconds, Stopping threads took: 0.0000395 seconds
265.518: [GC (Allocation Failure)  660299K->338507K(1035776K), 0.0044816 secs]
265.523: Total time for which application threads were stopped: 0.0046508 seconds, Stopping threads took: 0.0000201 seconds
265.590: [GC (Allocation Failure)  661579K->336457K(1035264K), 0.0036604 secs]
265.594: Total time for which application threads were stopped: 0.0038425 seconds, Stopping threads took: 0.0000217 seconds
265.663: [GC (Allocation Failure)  659529K->338731K(1036288K), 0.0043352 secs]
265.667: Total time for which application threads were stopped: 0.0045102 seconds, Stopping threads took: 0.0000274 seconds
265.736: [GC (Allocation Failure)  662827K->338539K(1035776K), 0.0063721 secs]
265.743: Total time for which application threads were stopped: 0.0065397 seconds, Stopping threads took: 0.0000202 seconds
265.812: [GC (Allocation Failure)  662635K->344329K(1032192K), 0.0068749 secs]
265.819: Total time for which application threads were stopped: 0.0070340 seconds, Stopping threads took: 0.0000196 seconds
265.887: [GC (Allocation Failure)  664841K->340235K(1034240K), 0.0044566 secs]
265.892: Total time for which application threads were stopped: 0.0046068 seconds, Stopping threads took: 0.0000174 seconds
265.960: [GC (Allocation Failure)  660747K->340107K(1035264K), 0.0041587 secs]
265.965: Total time for which application threads were stopped: 0.0043263 seconds, Stopping threads took: 0.0000198 seconds
266.031: [GC (Allocation Failure)  662667K->346129K(1035264K), 0.0069254 secs]
266.038: Total time for which application threads were stopped: 0.0071064 seconds, Stopping threads took: 0.0000195 seconds
266.105: [GC (Allocation Failure)  668689K->340947K(1033216K), 0.0043203 secs]
266.110: Total time for which application threads were stopped: 0.0044830 seconds, Stopping threads took: 0.0000196 seconds
266.180: [GC (Allocation Failure)  661459K->340883K(1034240K), 0.0043129 secs]
266.185: Total time for which application threads were stopped: 0.0044896 seconds, Stopping threads took: 0.0000280 seconds
266.252: [GC (Allocation Failure)  661395K->347081K(1031680K), 0.0069960 secs]
266.259: Total time for which application threads were stopped: 0.0071664 seconds, Stopping threads took: 0.0000281 seconds
266.327: [GC (Allocation Failure)  665545K->341547K(1033216K), 0.0045959 secs]
266.332: Total time for which application threads were stopped: 0.0047603 seconds, Stopping threads took: 0.0000201 seconds
266.399: [GC (Allocation Failure)  660011K->341355K(1033728K), 0.0042951 secs]
266.403: Total time for which application threads were stopped: 0.0044878 seconds, Stopping threads took: 0.0000201 seconds
266.470: [GC (Allocation Failure)  660843K->340585K(1033728K), 0.0040500 secs]
266.474: Total time for which application threads were stopped: 0.0042180 seconds, Stopping threads took: 0.0000194 seconds
266.541: [GC (Allocation Failure)  660073K->341515K(1034752K), 0.0042909 secs]
266.545: Total time for which application threads were stopped: 0.0044613 seconds, Stopping threads took: 0.0000205 seconds
266.611: [GC (Allocation Failure)  662539K->341355K(1034240K), 0.0043255 secs]
266.615: Total time for which application threads were stopped: 0.0045040 seconds, Stopping threads took: 0.0000202 seconds
266.681: [GC (Allocation Failure)  662379K->338761K(1034752K), 0.0032149 secs]
266.684: Total time for which application threads were stopped: 0.0033868 seconds, Stopping threads took: 0.0000252 seconds
266.752: [GC (Allocation Failure)  660297K->341483K(1034752K), 0.0043197 secs]
266.756: Total time for which application threads were stopped: 0.0044790 seconds, Stopping threads took: 0.0000194 seconds
266.822: [GC (Allocation Failure)  663019K->341323K(1035776K), 0.0043572 secs]
266.826: Total time for which application threads were stopped: 0.0045189 seconds, Stopping threads took: 0.0000209 seconds
266.893: [GC (Allocation Failure)  664395K->341481K(1035264K), 0.0057483 secs]
266.899: Total time for which application threads were stopped: 0.0059204 seconds, Stopping threads took: 0.0000197 seconds
266.967: [GC (Allocation Failure)  664553K->341419K(1036288K), 0.0043489 secs]
266.971: Total time for which application threads were stopped: 0.0045056 seconds, Stopping threads took: 0.0000193 seconds
267.038: [GC (Allocation Failure)  666027K->341323K(1036288K), 0.0044439 secs]
267.042: Total time for which application threads were stopped: 0.0046204 seconds, Stopping threads took: 0.0000199 seconds
267.108: [GC (Allocation Failure)  665931K->333993K(1034752K), 0.0015767 secs]
267.110: Total time for which application threads were stopped: 0.0017050 seconds, Stopping threads took: 0.0000199 seconds
267.178: [GC (Allocation Failure)  657577K->341411K(1035776K), 0.0043649 secs]
267.183: Total time for which application threads were stopped: 0.0045479 seconds, Stopping threads took: 0.0000266 seconds
267.253: [GC (Allocation Failure)  664995K->345443K(1036288K), 0.0054287 secs]
267.258: Total time for which application threads were stopped: 0.0056109 seconds, Stopping threads took: 0.0000173 seconds
267.329: [GC (Allocation Failure)  670051K->345475K(1036288K), 0.0042790 secs]
267.333: Total time for which application threads were stopped: 0.0044477 seconds, Stopping threads took: 0.0000199 seconds
267.400: [GC (Allocation Failure)  670083K->345731K(1034752K), 0.0045080 secs]
267.405: Total time for which application threads were stopped: 0.0047257 seconds, Stopping threads took: 0.0000519 seconds
267.475: [GC (Allocation Failure)  669315K->353478K(1035776K), 0.0043616 secs]
267.479: Total time for which application threads were stopped: 0.0045235 seconds, Stopping threads took: 0.0000198 seconds
267.547: [GC (Allocation Failure)  677062K->353542K(1036288K), 0.0043933 secs]
267.552: Total time for which application threads were stopped: 0.0045522 seconds, Stopping threads took: 0.0000199 seconds
267.619: [GC (Allocation Failure)  678150K->353734K(1024512K), 0.0042658 secs]
267.624: Total time for which application threads were stopped: 0.0044250 seconds, Stopping threads took: 0.0000194 seconds
267.691: [GC (Allocation Failure)  678342K->361512K(1035776K), 0.0050604 secs]
267.696: Total time for which application threads were stopped: 0.0052422 seconds, Stopping threads took: 0.0000287 seconds
267.763: [GC (Allocation Failure)  684584K->361512K(1035264K), 0.0044715 secs]
267.767: Total time for which application threads were stopped: 0.0046397 seconds, Stopping threads took: 0.0000197 seconds
267.835: [GC (Allocation Failure)  684584K->361704K(1034752K), 0.0042832 secs]
267.839: Total time for which application threads were stopped: 0.0044406 seconds, Stopping threads took: 0.0000198 seconds
267.908: [GC (Allocation Failure)  684264K->369578K(1035264K), 0.0042549 secs]
267.913: Total time for which application threads were stopped: 0.0044127 seconds, Stopping threads took: 0.0000190 seconds
267.982: [GC (Allocation Failure)  692138K->369610K(1035264K), 0.0044652 secs]
267.987: Total time for which application threads were stopped: 0.0046500 seconds, Stopping threads took: 0.0000197 seconds
268.054: [GC (Allocation Failure)  692170K->369706K(1022464K), 0.0044377 secs]
268.059: Total time for which application threads were stopped: 0.0046044 seconds, Stopping threads took: 0.0000212 seconds
268.129: [GC (Allocation Failure)  692266K->377645K(1034752K), 0.0045073 secs]
268.133: Total time for which application threads were stopped: 0.0046693 seconds, Stopping threads took: 0.0000200 seconds
268.201: [GC (Allocation Failure)  699181K->377613K(1034752K), 0.0045720 secs]
268.206: Total time for which application threads were stopped: 0.0047421 seconds, Stopping threads took: 0.0000206 seconds
268.272: [GC (Allocation Failure)  699149K->377925K(1033728K), 0.0046373 secs]
268.276: Total time for which application threads were stopped: 0.0048102 seconds, Stopping threads took: 0.0000207 seconds
268.344: [GC (Allocation Failure)  698437K->385639K(1034240K), 0.0044437 secs]
268.348: Total time for which application threads were stopped: 0.0046160 seconds, Stopping threads took: 0.0000206 seconds
268.416: [GC (Allocation Failure)  706151K->385607K(1034240K), 0.0047274 secs]
268.421: Total time for which application threads were stopped: 0.0048973 seconds, Stopping threads took: 0.0000200 seconds
268.488: [GC (Allocation Failure)  706119K->386151K(1034240K), 0.0042945 secs]
268.493: Total time for which application threads were stopped: 0.0044582 seconds, Stopping threads took: 0.0000206 seconds
268.561: [GC (Allocation Failure)  706663K->393705K(1034240K), 0.0043994 secs]
268.565: Total time for which application threads were stopped: 0.0045612 seconds, Stopping threads took: 0.0000199 seconds
268.634: [GC (Allocation Failure)  714217K->393705K(1034240K), 0.0041396 secs]
268.638: Total time for which application threads were stopped: 0.0043176 seconds, Stopping threads took: 0.0000280 seconds
268.705: [GC (Allocation Failure)  714217K->393897K(1033216K), 0.0045046 secs]
268.710: Total time for which application threads were stopped: 0.0046804 seconds, Stopping threads took: 0.0000258 seconds
268.777: [GC (Allocation Failure)  713385K->401739K(1033728K), 0.0046516 secs]
268.782: Total time for which application threads were stopped: 0.0048154 seconds, Stopping threads took: 0.0000200 seconds
268.849: [GC (Allocation Failure)  721227K->401739K(1033728K), 0.0052042 secs]
268.854: Total time for which application threads were stopped: 0.0054289 seconds, Stopping threads took: 0.0000272 seconds
268.921: [GC (Allocation Failure)  721227K->401867K(1033728K), 0.0044978 secs]
268.926: Total time for which application threads were stopped: 0.0046894 seconds, Stopping threads took: 0.0000195 seconds
268.994: [GC (Allocation Failure)  721355K->409774K(1033728K), 0.0043252 secs]
268.998: Total time for which application threads were stopped: 0.0044925 seconds, Stopping threads took: 0.0000168 seconds
269.068: [GC (Allocation Failure)  729262K->409774K(1033728K), 0.0043841 secs]
269.072: Total time for which application threads were stopped: 0.0045579 seconds, Stopping threads took: 0.0000203 seconds
269.139: [GC (Allocation Failure)  729262K->409806K(1033728K), 0.0044935 secs]
269.143: Total time for which application threads were stopped: 0.0046683 seconds, Stopping threads took: 0.0000294 seconds
269.212: [GC (Allocation Failure)  729294K->417840K(1027072K), 0.0045350 secs]
269.217: Total time for which application threads were stopped: 0.0047025 seconds, Stopping threads took: 0.0000172 seconds
269.286: [GC (Allocation Failure)  737328K->417776K(1033216K), 0.0045578 secs]
269.291: Total time for which application threads were stopped: 0.0047280 seconds, Stopping threads took: 0.0000202 seconds
269.357: [GC (Allocation Failure)  736240K->418088K(1033216K), 0.0045392 secs]
269.362: Total time for which application threads were stopped: 0.0047096 seconds, Stopping threads took: 0.0000202 seconds
269.428: [GC (Allocation Failure)  736552K->425802K(1033216K), 0.0045269 secs]
269.433: Total time for which application threads were stopped: 0.0046882 seconds, Stopping threads took: 0.0000200 seconds
269.498: [GC (Allocation Failure)  744266K->425834K(1033216K), 0.0043521 secs]
269.503: Total time for which application threads were stopped: 0.0045208 seconds, Stopping threads took: 0.0000199 seconds
269.567: [GC (Allocation Failure)  744298K->426058K(1033216K), 0.0045081 secs]
269.572: Total time for which application threads were stopped: 0.0046647 seconds, Stopping threads took: 0.0000186 seconds
269.638: [GC (Allocation Failure)  744522K->433868K(1033216K), 0.0046228 secs]
269.643: Total time for which application threads were stopped: 0.0047876 seconds, Stopping threads took: 0.0000266 seconds
269.710: [GC (Allocation Failure)  752332K->427946K(1033728K), 0.0023566 secs]
269.712: Total time for which application threads were stopped: 0.0025175 seconds, Stopping threads took: 0.0000197 seconds
269.779: [GC (Allocation Failure)  746922K->433996K(1033216K), 0.0045215 secs]
269.783: Total time for which application threads were stopped: 0.0047178 seconds, Stopping threads took: 0.0000197 seconds
269.853: [GC (Allocation Failure)  752972K->437932K(1034240K), 0.0075799 secs]
269.861: Total time for which application threads were stopped: 0.0077770 seconds, Stopping threads took: 0.0000200 seconds
269.929: [GC (Allocation Failure)  758444K->443562K(1033728K), 0.0066664 secs]
269.935: Total time for which application threads were stopped: 0.0068159 seconds, Stopping threads took: 0.0000173 seconds
270.004: [GC (Allocation Failure)  764074K->438060K(1030656K), 0.0045565 secs]
270.009: Total time for which application threads were stopped: 0.0047249 seconds, Stopping threads took: 0.0000195 seconds
270.075: [GC (Allocation Failure)  754476K->437964K(1032192K), 0.0044051 secs]
270.080: Total time for which application threads were stopped: 0.0045541 seconds, Stopping threads took: 0.0000198 seconds
270.148: [GC (Allocation Failure)  754380K->433450K(1033216K), 0.0025508 secs]
270.150: Total time for which application threads were stopped: 0.0026984 seconds, Stopping threads took: 0.0000248 seconds
270.218: [GC (Allocation Failure)  751402K->437996K(1032704K), 0.0046680 secs]
270.222: Total time for which application threads were stopped: 0.0048478 seconds, Stopping threads took: 0.0000194 seconds
270.289: [GC (Allocation Failure)  755948K->437964K(1033728K), 0.0045303 secs]
270.294: Total time for which application threads were stopped: 0.0046938 seconds, Stopping threads took: 0.0000202 seconds
270.360: [GC (Allocation Failure)  756940K->441196K(1033216K), 0.0053131 secs]
270.365: Total time for which application threads were stopped: 0.0054950 seconds, Stopping threads took: 0.0000200 seconds
270.432: [GC (Allocation Failure)  760172K->446031K(1034240K), 0.0043698 secs]
270.437: Total time for which application threads were stopped: 0.0045497 seconds, Stopping threads took: 0.0000200 seconds
270.504: [GC (Allocation Failure)  766031K->445999K(1033728K), 0.0045247 secs]
270.508: Total time for which application threads were stopped: 0.0046886 seconds, Stopping threads took: 0.0000204 seconds
270.574: [GC (Allocation Failure)  765999K->448903K(1034240K), 0.0050685 secs]
270.579: Total time for which application threads were stopped: 0.0052335 seconds, Stopping threads took: 0.0000202 seconds
270.647: [GC (Allocation Failure)  769415K->454153K(1034240K), 0.0044971 secs]
270.652: Total time for which application threads were stopped: 0.0046670 seconds, Stopping threads took: 0.0000264 seconds
270.719: [GC (Allocation Failure)  774665K->454057K(1034752K), 0.0045367 secs]
270.723: Total time for which application threads were stopped: 0.0047030 seconds, Stopping threads took: 0.0000246 seconds
270.790: [GC (Allocation Failure)  775081K->455593K(1034240K), 0.0045664 secs]
270.794: Total time for which application threads were stopped: 0.0047736 seconds, Stopping threads took: 0.0000203 seconds
270.863: [GC (Allocation Failure)  776617K->462123K(1034240K), 0.0064008 secs]
270.870: Total time for which application threads were stopped: 0.0065821 seconds, Stopping threads took: 0.0000278 seconds
270.937: [GC (Allocation Failure)  782635K->462059K(1034240K), 0.0044251 secs]
270.942: Total time for which application threads were stopped: 0.0045963 seconds, Stopping threads took: 0.0000195 seconds
271.007: [GC (Allocation Failure)  782571K->462283K(1033728K), 0.0044675 secs]
271.012: Total time for which application threads were stopped: 0.0046447 seconds, Stopping threads took: 0.0000214 seconds
271.080: [GC (Allocation Failure)  782795K->470093K(1034240K), 0.0045367 secs]
271.084: Total time for which application threads were stopped: 0.0047081 seconds, Stopping threads took: 0.0000284 seconds
271.152: [GC (Allocation Failure)  790605K->470093K(1034240K), 0.0045172 secs]
271.157: Total time for which application threads were stopped: 0.0046876 seconds, Stopping threads took: 0.0000267 seconds
271.224: [GC (Allocation Failure)  790605K->472589K(1034240K), 0.0049378 secs]
271.229: Total time for which application threads were stopped: 0.0051169 seconds, Stopping threads took: 0.0000281 seconds
271.297: [GC (Allocation Failure)  793101K->478160K(1034240K), 0.0045148 secs]
271.302: Total time for which application threads were stopped: 0.0046954 seconds, Stopping threads took: 0.0000204 seconds
271.370: [GC (Allocation Failure)  798672K->478128K(1034240K), 0.0046801 secs]
271.374: Total time for which application threads were stopped: 0.0048626 seconds, Stopping threads took: 0.0000225 seconds
271.441: [GC (Allocation Failure)  798640K->478736K(1033728K), 0.0070047 secs]
271.449: Total time for which application threads were stopped: 0.0071826 seconds, Stopping threads took: 0.0000209 seconds
271.518: [GC (Allocation Failure)  799248K->486162K(1034240K), 0.0045521 secs]
271.522: Total time for which application threads were stopped: 0.0047331 seconds, Stopping threads took: 0.0000225 seconds
271.591: [GC (Allocation Failure)  806674K->486162K(1034240K), 0.0045691 secs]
271.596: Total time for which application threads were stopped: 0.0047415 seconds, Stopping threads took: 0.0000204 seconds
271.663: [GC (Allocation Failure)  806674K->489034K(1034240K), 0.0051244 secs]
271.668: Total time for which application threads were stopped: 0.0052968 seconds, Stopping threads took: 0.0000272 seconds
271.736: [GC (Allocation Failure)  809546K->494284K(1033728K), 0.0045519 secs]
271.740: Total time for which application threads were stopped: 0.0047129 seconds, Stopping threads took: 0.0000203 seconds
271.808: [GC (Allocation Failure)  814796K->494188K(1034240K), 0.0044569 secs]
271.812: Total time for which application threads were stopped: 0.0046192 seconds, Stopping threads took: 0.0000202 seconds
271.880: [GC (Allocation Failure)  814700K->495212K(1033728K), 0.0047324 secs]
271.885: Total time for which application threads were stopped: 0.0049087 seconds, Stopping threads took: 0.0000274 seconds
271.953: [GC (Allocation Failure)  815724K->502255K(1034240K), 0.0045925 secs]
271.957: Total time for which application threads were stopped: 0.0047519 seconds, Stopping threads took: 0.0000195 seconds
272.025: [GC (Allocation Failure)  822767K->502255K(1034240K), 0.0044707 secs]
272.030: Total time for which application threads were stopped: 0.0046399 seconds, Stopping threads took: 0.0000203 seconds
272.096: [GC (Allocation Failure)  822767K->505511K(1034240K), 0.0053695 secs]
272.102: Total time for which application threads were stopped: 0.0055440 seconds, Stopping threads took: 0.0000206 seconds
272.170: [GC (Allocation Failure)  826023K->510217K(1034752K), 0.0052949 secs]
272.175: Total time for which application threads were stopped: 0.0054626 seconds, Stopping threads took: 0.0000262 seconds
272.243: [GC (Allocation Failure)  831753K->510281K(1034752K), 0.0046343 secs]
272.248: Total time for which application threads were stopped: 0.0048027 seconds, Stopping threads took: 0.0000280 seconds
272.316: [GC (Allocation Failure)  831817K->513737K(1034752K), 0.0053679 secs]
272.322: Total time for which application threads were stopped: 0.0055390 seconds, Stopping threads took: 0.0000205 seconds
272.390: [GC (Allocation Failure)  835273K->518347K(1034752K), 0.0047665 secs]
272.395: Total time for which application threads were stopped: 0.0049304 seconds, Stopping threads took: 0.0000198 seconds
272.461: [GC (Allocation Failure)  839883K->518315K(1034752K), 0.0047361 secs]
272.465: Total time for which application threads were stopped: 0.0048976 seconds, Stopping threads took: 0.0000194 seconds
272.531: [GC (Allocation Failure)  839851K->518891K(1034752K), 0.0047281 secs]
272.535: Total time for which application threads were stopped: 0.0048934 seconds, Stopping threads took: 0.0000196 seconds
272.601: [GC (Allocation Failure)  840427K->526285K(1034752K), 0.0047862 secs]
272.606: Total time for which application threads were stopped: 0.0049566 seconds, Stopping threads took: 0.0000203 seconds
272.672: [GC (Allocation Failure)  847821K->526349K(1034752K), 0.0045559 secs]
272.677: Total time for which application threads were stopped: 0.0047450 seconds, Stopping threads took: 0.0000263 seconds
272.743: [GC (Allocation Failure)  847885K->528141K(1034752K), 0.0046795 secs]
272.748: Total time for which application threads were stopped: 0.0048394 seconds, Stopping threads took: 0.0000175 seconds
272.814: [GC (Allocation Failure)  849677K->534416K(1034752K), 0.0066768 secs]
272.821: Total time for which application threads were stopped: 0.0068473 seconds, Stopping threads took: 0.0000207 seconds
272.889: [GC (Allocation Failure)  855952K->534352K(1034752K), 0.0047892 secs]
272.894: Total time for which application threads were stopped: 0.0049917 seconds, Stopping threads took: 0.0000224 seconds
272.962: [GC (Allocation Failure)  855888K->537352K(1034752K), 0.0052092 secs]
272.968: Total time for which application threads were stopped: 0.0053920 seconds, Stopping threads took: 0.0000170 seconds
273.037: [GC (Allocation Failure)  858888K->542378K(1034752K), 0.0044857 secs]
273.041: Total time for which application threads were stopped: 0.0046769 seconds, Stopping threads took: 0.0000206 seconds
273.111: [GC (Allocation Failure)  863914K->542378K(1034752K), 0.0048260 secs]
273.116: Total time for which application threads were stopped: 0.0049875 seconds, Stopping threads took: 0.0000173 seconds
273.186: [GC (Allocation Failure)  863914K->542538K(1033728K), 0.0045669 secs]
273.191: Total time for which application threads were stopped: 0.0047292 seconds, Stopping threads took: 0.0000255 seconds
273.259: [GC (Allocation Failure)  863050K->550412K(1034240K), 0.0047291 secs]
273.264: Total time for which application threads were stopped: 0.0048908 seconds, Stopping threads took: 0.0000201 seconds
273.332: [GC (Allocation Failure)  870924K->550444K(1034240K), 0.0048163 secs]
273.337: Total time for which application threads were stopped: 0.0049882 seconds, Stopping threads took: 0.0000197 seconds
273.404: [GC (Allocation Failure)  870956K->552804K(1034240K), 0.0062438 secs]
273.410: Total time for which application threads were stopped: 0.0064182 seconds, Stopping threads took: 0.0000203 seconds
273.479: [GC (Allocation Failure)  873316K->558438K(1034752K), 0.0047896 secs]
273.484: Total time for which application threads were stopped: 0.0049859 seconds, Stopping threads took: 0.0000209 seconds
273.553: [GC (Allocation Failure)  879974K->558406K(1034752K), 0.0072744 secs]
273.561: Total time for which application threads were stopped: 0.0074489 seconds, Stopping threads took: 0.0000205 seconds
273.629: [GC (Allocation Failure)  879942K->561062K(1034752K), 0.0051153 secs]
273.634: Total time for which application threads were stopped: 0.0053073 seconds, Stopping threads took: 0.0000196 seconds
273.703: [GC (Allocation Failure)  882598K->566601K(1034752K), 0.0049204 secs]
273.708: Total time for which application threads were stopped: 0.0051036 seconds, Stopping threads took: 0.0000217 seconds
273.775: [GC (Allocation Failure)  888137K->566441K(1034752K), 0.0047762 secs]
273.779: Total time for which application threads were stopped: 0.0049352 seconds, Stopping threads took: 0.0000175 seconds
273.845: [GC (Allocation Failure)  887977K->570313K(1034752K), 0.0070730 secs]
273.852: Total time for which application threads were stopped: 0.0072375 seconds, Stopping threads took: 0.0000254 seconds
273.921: [GC (Allocation Failure)  891849K->574539K(1034752K), 0.0050331 secs]
273.926: Total time for which application threads were stopped: 0.0052044 seconds, Stopping threads took: 0.0000204 seconds
273.993: [GC (Allocation Failure)  896075K->574507K(1034752K), 0.0048623 secs]
273.998: Total time for which application threads were stopped: 0.0050273 seconds, Stopping threads took: 0.0000205 seconds
274.064: [GC (Allocation Failure)  896043K->575499K(1034752K), 0.0050433 secs]
274.069: Total time for which application threads were stopped: 0.0052173 seconds, Stopping threads took: 0.0000204 seconds
274.137: [GC (Allocation Failure)  897035K->582573K(1034752K), 0.0047256 secs]
274.142: Total time for which application threads were stopped: 0.0049021 seconds, Stopping threads took: 0.0000264 seconds
274.210: [GC (Allocation Failure)  904109K->582541K(1034752K), 0.0048706 secs]
274.215: Total time for which application threads were stopped: 0.0050676 seconds, Stopping threads took: 0.0000268 seconds
274.282: [GC (Allocation Failure)  904077K->584749K(1034752K), 0.0051021 secs]
274.287: Total time for which application threads were stopped: 0.0052523 seconds, Stopping threads took: 0.0000173 seconds
274.356: [GC (Allocation Failure)  906285K->590671K(1034752K), 0.0046963 secs]
274.360: Total time for which application threads were stopped: 0.0048924 seconds, Stopping threads took: 0.0000204 seconds
274.428: [GC (Allocation Failure)  912207K->590543K(1034752K), 0.0048604 secs]
274.433: Total time for which application threads were stopped: 0.0050530 seconds, Stopping threads took: 0.0000199 seconds
274.498: [GC (Allocation Failure)  912079K->594031K(1034752K), 0.0065212 secs]
274.505: Total time for which application threads were stopped: 0.0066975 seconds, Stopping threads took: 0.0000204 seconds
274.571: [GC (Allocation Failure)  915567K->598642K(1034752K), 0.0049544 secs]
274.577: Total time for which application threads were stopped: 0.0051318 seconds, Stopping threads took: 0.0000218 seconds
274.643: [GC (Allocation Failure)  920178K->598610K(1034752K), 0.0046299 secs]
274.647: Total time for which application threads were stopped: 0.0048208 seconds, Stopping threads took: 0.0000261 seconds
274.713: [GC (Allocation Failure)  920146K->599146K(1034752K), 0.0047449 secs]
274.717: Total time for which application threads were stopped: 0.0049077 seconds, Stopping threads took: 0.0000262 seconds
274.785: [GC (Allocation Failure)  920682K->606732K(1034752K), 0.0047971 secs]
274.790: Total time for which application threads were stopped: 0.0049640 seconds, Stopping threads took: 0.0000215 seconds
274.859: [GC (Allocation Failure)  928268K->606636K(1034752K), 0.0056024 secs]
274.865: Total time for which application threads were stopped: 0.0057492 seconds, Stopping threads took: 0.0000266 seconds
274.932: [GC (Allocation Failure)  928172K->608428K(1034752K), 0.0049879 secs]
274.937: Total time for which application threads were stopped: 0.0051579 seconds, Stopping threads took: 0.0000271 seconds
275.005: [GC (Allocation Failure)  929964K->614702K(1034752K), 0.0049551 secs]
275.010: Total time for which application threads were stopped: 0.0051203 seconds, Stopping threads took: 0.0000207 seconds
275.078: [GC (Allocation Failure)  936238K->614670K(1034752K), 0.0047695 secs]
275.083: Total time for which application threads were stopped: 0.0049455 seconds, Stopping threads took: 0.0000201 seconds
275.149: [GC (Allocation Failure)  936206K->617670K(1034752K), 0.0053947 secs]
275.155: Total time for which application threads were stopped: 0.0055549 seconds, Stopping threads took: 0.0000200 seconds
275.223: [GC (Allocation Failure)  939206K->622728K(1034752K), 0.0048799 secs]
275.228: Total time for which application threads were stopped: 0.0050486 seconds, Stopping threads took: 0.0000207 seconds
275.295: [GC (Allocation Failure)  944264K->622696K(1034752K), 0.0049928 secs]
275.300: Total time for which application threads were stopped: 0.0051881 seconds, Stopping threads took: 0.0000201 seconds
275.366: [GC (Allocation Failure)  944232K->622824K(1033728K), 0.0048138 secs]
275.371: Total time for which application threads were stopped: 0.0050033 seconds, Stopping threads took: 0.0000175 seconds
275.440: [GC (Allocation Failure)  943336K->630763K(1034240K), 0.0048126 secs]
275.445: Total time for which application threads were stopped: 0.0049828 seconds, Stopping threads took: 0.0000256 seconds
275.513: [GC (Allocation Failure)  951275K->630731K(1034240K), 0.0047027 secs]
275.518: Total time for which application threads were stopped: 0.0048763 seconds, Stopping threads took: 0.0000207 seconds
275.586: [GC (Allocation Failure)  951243K->633099K(1034240K), 0.0051586 secs]
275.591: Total time for which application threads were stopped: 0.0053564 seconds, Stopping threads took: 0.0000203 seconds
275.661: [GC (Allocation Failure)  953611K->638893K(1033728K), 0.0048796 secs]
275.666: Total time for which application threads were stopped: 0.0050567 seconds, Stopping threads took: 0.0000281 seconds
275.734: [GC (Allocation Failure)  959405K->638797K(1034240K), 0.0046989 secs]
275.738: Total time for which application threads were stopped: 0.0048744 seconds, Stopping threads took: 0.0000198 seconds
275.805: [GC (Allocation Failure)  959309K->639301K(1034240K), 0.0049197 secs]
275.810: Total time for which application threads were stopped: 0.0050815 seconds, Stopping threads took: 0.0000195 seconds
275.879: [GC (Allocation Failure)  959813K->646855K(1034240K), 0.0048424 secs]
275.884: Total time for which application threads were stopped: 0.0049960 seconds, Stopping threads took: 0.0000180 seconds
275.952: [GC (Allocation Failure)  967367K->646791K(1034240K), 0.0049716 secs]
275.957: Total time for which application threads were stopped: 0.0051417 seconds, Stopping threads took: 0.0000200 seconds
276.024: [GC (Allocation Failure)  967303K->649575K(1034240K), 0.0053691 secs]
276.029: Total time for which application threads were stopped: 0.0055346 seconds, Stopping threads took: 0.0000197 seconds
276.097: [GC (Allocation Failure)  970087K->654826K(1034240K), 0.0048153 secs]
276.102: Total time for which application threads were stopped: 0.0049910 seconds, Stopping threads took: 0.0000206 seconds
276.172: [GC (Allocation Failure)  975338K->654826K(1034240K), 0.0045903 secs]
276.176: Total time for which application threads were stopped: 0.0047458 seconds, Stopping threads took: 0.0000165 seconds
276.245: [GC (Allocation Failure)  975338K->655786K(1034240K), 0.0049038 secs]
276.249: Total time for which application threads were stopped: 0.0050667 seconds, Stopping threads took: 0.0000197 seconds
276.317: [GC (Allocation Failure)  976298K->662892K(1034240K), 0.0049774 secs]
276.322: Total time for which application threads were stopped: 0.0051389 seconds, Stopping threads took: 0.0000204 seconds
276.389: [GC (Allocation Failure)  983404K->662860K(1034240K), 0.0047225 secs]
276.394: Total time for which application threads were stopped: 0.0048936 seconds, Stopping threads took: 0.0000193 seconds
276.461: [GC (Allocation Failure)  983372K->666028K(1034240K), 0.0085436 secs]
276.470: Total time for which application threads were stopped: 0.0087137 seconds, Stopping threads took: 0.0000195 seconds
276.539: [GC (Allocation Failure)  986540K->670926K(1034752K), 0.0050314 secs]
276.544: Total time for which application threads were stopped: 0.0051986 seconds, Stopping threads took: 0.0000194 seconds
276.612: [GC (Allocation Failure)  992462K->670894K(1034752K), 0.0048295 secs]
276.617: Total time for which application threads were stopped: 0.0049991 seconds, Stopping threads took: 0.0000202 seconds
276.682: [GC (Allocation Failure)  992430K->674278K(1034752K), 0.0055328 secs]
276.687: Total time for which application threads were stopped: 0.0056944 seconds, Stopping threads took: 0.0000201 seconds
276.758: [GC (Allocation Failure)  995814K->679048K(1034752K), 0.0078135 secs]
276.766: Total time for which application threads were stopped: 0.0079894 seconds, Stopping threads took: 0.0000208 seconds
276.834: [GC (Allocation Failure)  1000584K->678952K(1034752K), 0.0047837 secs]
276.839: Total time for which application threads were stopped: 0.0049641 seconds, Stopping threads took: 0.0000219 seconds
276.906: [GC (Allocation Failure)  1000488K->679432K(1034752K), 0.0050124 secs]
276.911: Total time for which application threads were stopped: 0.0051823 seconds, Stopping threads took: 0.0000199 seconds
276.979: [GC (Allocation Failure)  1000968K->687019K(1033728K), 0.0050272 secs]
276.984: Total time for which application threads were stopped: 0.0051981 seconds, Stopping threads took: 0.0000200 seconds
277.051: [GC (Allocation Failure)  1007531K->686987K(1034240K), 0.0049781 secs]
277.057: Total time for which application threads were stopped: 0.0051347 seconds, Stopping threads took: 0.0000191 seconds
277.124: [GC (Allocation Failure)  1007499K->690763K(1034752K), 0.0056936 secs]
277.129: [Full GC (Ergonomics)  690763K->12258K(1034752K), 0.0187048 secs]
277.148: Total time for which application threads were stopped: 0.0246762 seconds, Stopping threads took: 0.0000194 seconds
277.215: [GC (Allocation Failure)  333282K->20709K(1034240K), 0.0038484 secs]
277.219: Total time for which application threads were stopped: 0.0039971 seconds, Stopping threads took: 0.0000180 seconds
277.286: [GC (Allocation Failure)  341733K->20685K(1034752K), 0.0037458 secs]
277.290: Total time for which application threads were stopped: 0.0039162 seconds, Stopping threads took: 0.0000202 seconds
277.359: [GC (Allocation Failure)  342221K->24685K(1034752K), 0.0045435 secs]
277.364: Total time for which application threads were stopped: 0.0046945 seconds, Stopping threads took: 0.0000177 seconds
277.432: [GC (Allocation Failure)  346221K->28751K(1035264K), 0.0039390 secs]
277.436: Total time for which application threads were stopped: 0.0040981 seconds, Stopping threads took: 0.0000200 seconds
277.504: [GC (Allocation Failure)  351311K->28719K(1035264K), 0.0037988 secs]
277.508: Total time for which application threads were stopped: 0.0039686 seconds, Stopping threads took: 0.0000200 seconds
277.575: [GC (Allocation Failure)  351279K->31879K(1035264K), 0.0042272 secs]
277.579: Total time for which application threads were stopped: 0.0043983 seconds, Stopping threads took: 0.0000194 seconds
277.646: [GC (Allocation Failure)  354439K->36745K(1035264K), 0.0037459 secs]
277.650: Total time for which application threads were stopped: 0.0039062 seconds, Stopping threads took: 0.0000199 seconds
277.721: [GC (Allocation Failure)  359305K->36745K(1035264K), 0.0036054 secs]
277.724: Total time for which application threads were stopped: 0.0037761 seconds, Stopping threads took: 0.0000198 seconds
277.791: [GC (Allocation Failure)  359305K->40137K(1035264K), 0.0044377 secs]
277.795: Total time for which application threads were stopped: 0.0046168 seconds, Stopping threads took: 0.0000197 seconds
277.864: [GC (Allocation Failure)  362697K->44843K(1035264K), 0.0048287 secs]
277.869: Total time for which application threads were stopped: 0.0049749 seconds, Stopping threads took: 0.0000269 seconds
277.937: [GC (Allocation Failure)  367403K->44779K(1035264K), 0.0039618 secs]
277.941: Total time for which application threads were stopped: 0.0041309 seconds, Stopping threads took: 0.0000195 seconds
278.008: [GC (Allocation Failure)  367339K->48363K(1035776K), 0.0045439 secs]
278.012: Total time for which application threads were stopped: 0.0047040 seconds, Stopping threads took: 0.0000193 seconds
278.080: [GC (Allocation Failure)  371435K->52846K(1035264K), 0.0036989 secs]
278.084: Total time for which application threads were stopped: 0.0038918 seconds, Stopping threads took: 0.0000207 seconds
278.154: [GC (Allocation Failure)  375918K->52782K(1035776K), 0.0037852 secs]
278.157: Total time for which application threads were stopped: 0.0039467 seconds, Stopping threads took: 0.0000259 seconds
278.226: [GC (Allocation Failure)  376366K->46507K(1025024K), 0.0012315 secs]
278.227: Total time for which application threads were stopped: 0.0013625 seconds, Stopping threads took: 0.0000255 seconds
278.296: [GC (Allocation Failure)  370091K->53070K(1035264K), 0.0039282 secs]
278.300: Total time for which application threads were stopped: 0.0040988 seconds, Stopping threads took: 0.0000199 seconds
278.368: [GC (Allocation Failure)  375630K->52846K(1035264K), 0.0039922 secs]
278.372: Total time for which application threads were stopped: 0.0041519 seconds, Stopping threads took: 0.0000198 seconds
278.440: [GC (Allocation Failure)  375406K->51819K(1035776K), 0.0035352 secs]
278.443: Total time for which application threads were stopped: 0.0037099 seconds, Stopping threads took: 0.0000264 seconds
278.511: [GC (Allocation Failure)  374891K->52974K(1035264K), 0.0037800 secs]
278.515: Total time for which application threads were stopped: 0.0039391 seconds, Stopping threads took: 0.0000190 seconds
278.582: [GC (Allocation Failure)  376046K->52814K(1035776K), 0.0036034 secs]
278.586: Total time for which application threads were stopped: 0.0037635 seconds, Stopping threads took: 0.0000201 seconds
278.654: [GC (Allocation Failure)  376398K->58123K(1035776K), 0.0059919 secs]
278.660: Total time for which application threads were stopped: 0.0061683 seconds, Stopping threads took: 0.0000277 seconds
278.728: [GC (Allocation Failure)  381707K->53518K(1032704K), 0.0038280 secs]
278.732: Total time for which application threads were stopped: 0.0039967 seconds, Stopping threads took: 0.0000193 seconds
278.799: [GC (Allocation Failure)  374030K->53422K(1034240K), 0.0038350 secs]
278.803: Total time for which application threads were stopped: 0.0039935 seconds, Stopping threads took: 0.0000203 seconds
278.872: [GC (Allocation Failure)  373934K->59947K(1030656K), 0.0065121 secs]
278.879: Total time for which application threads were stopped: 0.0066919 seconds, Stopping threads took: 0.0000182 seconds
278.945: [GC (Allocation Failure)  377387K->54286K(1032704K), 0.0039473 secs]
278.949: Total time for which application threads were stopped: 0.0041173 seconds, Stopping threads took: 0.0000196 seconds
279.016: [GC (Allocation Failure)  371726K->54190K(1034240K), 0.0036420 secs]
279.020: Total time for which application threads were stopped: 0.0038317 seconds, Stopping threads took: 0.0000198 seconds
279.086: [GC (Allocation Failure)  374190K->52267K(1033728K), 0.0031147 secs]
279.090: Total time for which application threads were stopped: 0.0032856 seconds, Stopping threads took: 0.0000201 seconds
279.155: [GC (Allocation Failure)  372267K->54190K(1034752K), 0.0037018 secs]
279.159: Total time for which application threads were stopped: 0.0038715 seconds, Stopping threads took: 0.0000265 seconds
279.227: [GC (Allocation Failure)  375214K->54190K(1034240K), 0.0037248 secs]
279.231: Total time for which application threads were stopped: 0.0038945 seconds, Stopping threads took: 0.0000202 seconds
279.300: [GC (Allocation Failure)  375214K->50923K(1035264K), 0.0024280 secs]
279.302: Total time for which application threads were stopped: 0.0026447 seconds, Stopping threads took: 0.0000216 seconds
279.372: [GC (Allocation Failure)  373483K->54414K(1035264K), 0.0037723 secs]
279.376: Total time for which application threads were stopped: 0.0039341 seconds, Stopping threads took: 0.0000193 seconds
279.442: [GC (Allocation Failure)  376974K->54190K(1036288K), 0.0036234 secs]
279.446: Total time for which application threads were stopped: 0.0039050 seconds, Stopping threads took: 0.0000203 seconds
279.514: [GC (Allocation Failure)  378286K->56779K(1034240K), 0.0048106 secs]
279.519: Total time for which application threads were stopped: 0.0049777 seconds, Stopping threads took: 0.0000193 seconds
279.587: [GC (Allocation Failure)  380875K->54382K(1035776K), 0.0037439 secs]
279.590: Total time for which application threads were stopped: 0.0039214 seconds, Stopping threads took: 0.0000189 seconds
279.659: [GC (Allocation Failure)  377454K->54190K(1035264K), 0.0033750 secs]
279.662: Total time for which application threads were stopped: 0.0035354 seconds, Stopping threads took: 0.0000272 seconds
279.728: [GC (Allocation Failure)  377262K->47243K(1035264K), 0.0009555 secs]
279.729: Total time for which application threads were stopped: 0.0010763 seconds, Stopping threads took: 0.0000195 seconds
279.796: [GC (Allocation Failure)  370827K->54358K(1035776K), 0.0038230 secs]
279.800: Total time for which application threads were stopped: 0.0040176 seconds, Stopping threads took: 0.0000193 seconds
279.871: [GC (Allocation Failure)  377942K->58326K(1036288K), 0.0046163 secs]
279.875: Total time for which application threads were stopped: 0.0047831 seconds, Stopping threads took: 0.0000173 seconds
279.943: [GC (Allocation Failure)  382422K->58326K(1035776K), 0.0035714 secs]
279.947: Total time for which application threads were stopped: 0.0037483 seconds, Stopping threads took: 0.0000199 seconds
280.016: [GC (Allocation Failure)  382422K->58446K(1035264K), 0.0039007 secs]
280.020: Total time for which application threads were stopped: 0.0040736 seconds, Stopping threads took: 0.0000193 seconds
280.089: [GC (Allocation Failure)  382030K->66384K(1035776K), 0.0039012 secs]
280.093: Total time for which application threads were stopped: 0.0040724 seconds, Stopping threads took: 0.0000202 seconds
280.159: [GC (Allocation Failure)  389968K->66352K(1035776K), 0.0036036 secs]
280.163: Total time for which application threads were stopped: 0.0037712 seconds, Stopping threads took: 0.0000279 seconds
280.230: [GC (Allocation Failure)  389936K->66408K(1023488K), 0.0035961 secs]
280.234: Total time for which application threads were stopped: 0.0037576 seconds, Stopping threads took: 0.0000198 seconds
280.303: [GC (Allocation Failure)  389992K->74378K(1035264K), 0.0037837 secs]
280.307: Total time for which application threads were stopped: 0.0039449 seconds, Stopping threads took: 0.0000195 seconds
280.374: [GC (Allocation Failure)  396938K->74410K(1035264K), 0.0035733 secs]
280.378: Total time for which application threads were stopped: 0.0037642 seconds, Stopping threads took: 0.0000197 seconds
280.446: [GC (Allocation Failure)  396970K->74634K(1034240K), 0.0037204 secs]
280.450: Total time for which application threads were stopped: 0.0038798 seconds, Stopping threads took: 0.0000172 seconds
280.518: [GC (Allocation Failure)  396170K->82412K(1034752K), 0.0037165 secs]
280.522: Total time for which application threads were stopped: 0.0038774 seconds, Stopping threads took: 0.0000200 seconds
280.588: [GC (Allocation Failure)  403948K->82412K(1034752K), 0.0040335 secs]
280.593: Total time for which application threads were stopped: 0.0042030 seconds, Stopping threads took: 0.0000203 seconds
280.658: [GC (Allocation Failure)  403948K->82892K(1034752K), 0.0036744 secs]
280.662: Total time for which application threads were stopped: 0.0038815 seconds, Stopping threads took: 0.0000202 seconds
280.730: [GC (Allocation Failure)  404428K->90479K(1034752K), 0.0038038 secs]
280.734: Total time for which application threads were stopped: 0.0040029 seconds, Stopping threads took: 0.0000267 seconds
280.802: [GC (Allocation Failure)  412015K->90447K(1034752K), 0.0038074 secs]
280.805: Total time for which application threads were stopped: 0.0039736 seconds, Stopping threads took: 0.0000203 seconds
280.872: [GC (Allocation Failure)  411983K->90599K(1033728K), 0.0038539 secs]
280.876: Total time for which application threads were stopped: 0.0040161 seconds, Stopping threads took: 0.0000199 seconds
280.944: [GC (Allocation Failure)  411111K->98473K(1034240K), 0.0037895 secs]
280.947: Total time for which application threads were stopped: 0.0039828 seconds, Stopping threads took: 0.0000199 seconds
281.017: [GC (Allocation Failure)  418985K->98473K(1034240K), 0.0038684 secs]
281.021: Total time for which application threads were stopped: 0.0040323 seconds, Stopping threads took: 0.0000200 seconds
281.088: [GC (Allocation Failure)  418985K->98537K(1034240K), 0.0037253 secs]
281.091: Total time for which application threads were stopped: 0.0039393 seconds, Stopping threads took: 0.0000200 seconds
281.159: [GC (Allocation Failure)  419049K->106507K(1033216K), 0.0038025 secs]
281.163: Total time for which application threads were stopped: 0.0039663 seconds, Stopping threads took: 0.0000198 seconds
281.230: [GC (Allocation Failure)  425995K->106507K(1033728K), 0.0038215 secs]
281.234: Total time for which application threads were stopped: 0.0040133 seconds, Stopping threads took: 0.0000188 seconds
281.301: [GC (Allocation Failure)  425995K->106563K(1033728K), 0.0039551 secs]
281.305: Total time for which application threads were stopped: 0.0041270 seconds, Stopping threads took: 0.0000202 seconds
281.371: [GC (Allocation Failure)  426051K->114534K(1033728K), 0.0039214 secs]
281.375: Total time for which application threads were stopped: 0.0041180 seconds, Stopping threads took: 0.0000200 seconds
281.445: [GC (Allocation Failure)  434022K->114566K(1033728K), 0.0043911 secs]
281.450: Total time for which application threads were stopped: 0.0045877 seconds, Stopping threads took: 0.0000197 seconds
281.517: [GC (Allocation Failure)  434054K->114790K(1033728K), 0.0039995 secs]
281.521: Total time for which application threads were stopped: 0.0041735 seconds, Stopping threads took: 0.0000200 seconds
281.590: [GC (Allocation Failure)  434278K->122600K(1033728K), 0.0037758 secs]
281.594: Total time for which application threads were stopped: 0.0039352 seconds, Stopping threads took: 0.0000165 seconds
281.661: [GC (Allocation Failure)  442088K->122600K(1033728K), 0.0036186 secs]
281.665: Total time for which application threads were stopped: 0.0037833 seconds, Stopping threads took: 0.0000270 seconds
281.733: [GC (Allocation Failure)  442088K->122760K(1033728K), 0.0037339 secs]
281.737: Total time for which application threads were stopped: 0.0038935 seconds, Stopping threads took: 0.0000173 seconds
281.804: [GC (Allocation Failure)  442248K->130634K(1027072K), 0.0064817 secs]
281.811: Total time for which application threads were stopped: 0.0066538 seconds, Stopping threads took: 0.0000212 seconds
281.880: [GC (Allocation Failure)  450122K->130602K(1033216K), 0.0038480 secs]
281.884: Total time for which application threads were stopped: 0.0040218 seconds, Stopping threads took: 0.0000203 seconds
281.951: [GC (Allocation Failure)  449066K->130730K(1033216K), 0.0039997 secs]
281.955: Total time for which application threads were stopped: 0.0041709 seconds, Stopping threads took: 0.0000198 seconds
282.022: [GC (Allocation Failure)  449194K->138604K(1033216K), 0.0037834 secs]
282.026: Total time for which application threads were stopped: 0.0039512 seconds, Stopping threads took: 0.0000220 seconds
282.091: [GC (Allocation Failure)  457068K->130730K(1033216K), 0.0008614 secs]
282.092: Total time for which application threads were stopped: 0.0009889 seconds, Stopping threads took: 0.0000198 seconds
282.159: [GC (Allocation Failure)  449194K->138860K(1033216K), 0.0039341 secs]
282.163: Total time for which application threads were stopped: 0.0041275 seconds, Stopping threads took: 0.0000271 seconds
282.230: [GC (Allocation Failure)  457324K->142788K(1033216K), 0.0054238 secs]
282.236: Total time for which application threads were stopped: 0.0056071 seconds, Stopping threads took: 0.0000250 seconds
282.302: [GC (Allocation Failure)  461252K->143298K(1033216K), 0.0040745 secs]
282.306: Total time for which application threads were stopped: 0.0042563 seconds, Stopping threads took: 0.0000172 seconds
282.375: [GC (Allocation Failure)  461762K->142916K(1033216K), 0.0039312 secs]
282.379: Total time for which application threads were stopped: 0.0040845 seconds, Stopping threads took: 0.0000171 seconds
282.446: [GC (Allocation Failure)  461380K->142788K(1033216K), 0.0039017 secs]
282.450: Total time for which application threads were stopped: 0.0040656 seconds, Stopping threads took: 0.0000198 seconds
282.516: [GC (Allocation Failure)  461252K->135330K(1033216K), 0.0008814 secs]
282.517: Total time for which application threads were stopped: 0.0010086 seconds, Stopping threads took: 0.0000276 seconds
282.583: [GC (Allocation Failure)  453794K->142884K(1033216K), 0.0037995 secs]
282.587: Total time for which application threads were stopped: 0.0039823 seconds, Stopping threads took: 0.0000168 seconds
282.656: [GC (Allocation Failure)  461348K->142820K(1033216K), 0.0039355 secs]
282.660: Total time for which application threads were stopped: 0.0041032 seconds, Stopping threads took: 0.0000259 seconds
282.726: [GC (Allocation Failure)  461284K->143532K(1033216K), 0.0040458 secs]
282.730: Total time for which application threads were stopped: 0.0042562 seconds, Stopping threads took: 0.0000519 seconds
282.797: [GC (Allocation Failure)  461996K->150863K(1033216K), 0.0040191 secs]
282.801: Total time for which application threads were stopped: 0.0041901 seconds, Stopping threads took: 0.0000204 seconds
282.869: [GC (Allocation Failure)  469327K->150863K(1033216K), 0.0037397 secs]
282.873: Total time for which application threads were stopped: 0.0039076 seconds, Stopping threads took: 0.0000178 seconds
282.937: [GC (Allocation Failure)  469327K->151751K(1033216K), 0.0039215 secs]
282.941: Total time for which application threads were stopped: 0.0041075 seconds, Stopping threads took: 0.0000201 seconds
283.010: [GC (Allocation Failure)  470215K->158857K(1033216K), 0.0038208 secs]
283.014: Total time for which application threads were stopped: 0.0039815 seconds, Stopping threads took: 0.0000170 seconds
283.079: [GC (Allocation Failure)  477321K->158857K(1033216K), 0.0040968 secs]
283.083: Total time for which application threads were stopped: 0.0042787 seconds, Stopping threads took: 0.0000218 seconds
283.150: [GC (Allocation Failure)  477321K->160009K(1033728K), 0.0038984 secs]
283.154: Total time for which application threads were stopped: 0.0040609 seconds, Stopping threads took: 0.0000255 seconds
283.221: [GC (Allocation Failure)  479497K->166955K(1033728K), 0.0037511 secs]
283.225: Total time for which application threads were stopped: 0.0039132 seconds, Stopping threads took: 0.0000197 seconds
283.295: [GC (Allocation Failure)  486443K->166891K(1033728K), 0.0041911 secs]
283.299: Total time for which application threads were stopped: 0.0043680 seconds, Stopping threads took: 0.0000201 seconds
283.364: [GC (Allocation Failure)  486379K->167243K(1033728K), 0.0040427 secs]
283.369: Total time for which application threads were stopped: 0.0042170 seconds, Stopping threads took: 0.0000222 seconds
283.437: [GC (Allocation Failure)  486731K->175053K(1032704K), 0.0041690 secs]
283.441: Total time for which application threads were stopped: 0.0043493 seconds, Stopping threads took: 0.0000198 seconds
283.509: [GC (Allocation Failure)  493517K->174925K(1033216K), 0.0068692 secs]
283.516: Total time for which application threads were stopped: 0.0070419 seconds, Stopping threads took: 0.0000197 seconds
283.581: [GC (Allocation Failure)  493389K->176525K(1033728K), 0.0041183 secs]
283.585: Total time for which application threads were stopped: 0.0042941 seconds, Stopping threads took: 0.0000217 seconds
283.654: [GC (Allocation Failure)  496013K->182992K(1033728K), 0.0038525 secs]
283.658: Total time for which application threads were stopped: 0.0040302 seconds, Stopping threads took: 0.0000263 seconds
283.724: [GC (Allocation Failure)  502480K->182960K(1033728K), 0.0055025 secs]
283.729: Total time for which application threads were stopped: 0.0057158 seconds, Stopping threads took: 0.0000263 seconds
283.797: [GC (Allocation Failure)  502448K->183688K(1033728K), 0.0039648 secs]
283.801: Total time for which application threads were stopped: 0.0041550 seconds, Stopping threads took: 0.0000221 seconds
283.870: [GC (Allocation Failure)  503176K->191050K(1033728K), 0.0039876 secs]
283.874: Total time for which application threads were stopped: 0.0041452 seconds, Stopping threads took: 0.0000162 seconds
283.941: [GC (Allocation Failure)  510538K->190986K(1033728K), 0.0039774 secs]
283.946: Total time for which application threads were stopped: 0.0041454 seconds, Stopping threads took: 0.0000198 seconds
284.013: [GC (Allocation Failure)  510474K->191146K(1033728K), 0.0041893 secs]
284.017: Total time for which application threads were stopped: 0.0043603 seconds, Stopping threads took: 0.0000205 seconds
284.083: [GC (Allocation Failure)  510634K->199052K(1027072K), 0.0040465 secs]
284.087: Total time for which application threads were stopped: 0.0042266 seconds, Stopping threads took: 0.0000196 seconds
284.154: [GC (Allocation Failure)  518540K->199020K(1033728K), 0.0041667 secs]
284.158: Total time for which application threads were stopped: 0.0043531 seconds, Stopping threads took: 0.0000268 seconds
284.225: [GC (Allocation Failure)  517996K->199660K(1033216K), 0.0039668 secs]
284.229: Total time for which application threads were stopped: 0.0041360 seconds, Stopping threads took: 0.0000266 seconds
284.298: [GC (Allocation Failure)  518636K->207054K(1032704K), 0.0040787 secs]
284.302: Total time for which application threads were stopped: 0.0042404 seconds, Stopping threads took: 0.0000201 seconds
284.368: [GC (Allocation Failure)  525518K->207054K(1033216K), 0.0040735 secs]
284.372: Total time for which application threads were stopped: 0.0042393 seconds, Stopping threads took: 0.0000205 seconds
284.436: [GC (Allocation Failure)  525518K->207366K(1032704K), 0.0042468 secs]
284.440: Total time for which application threads were stopped: 0.0044144 seconds, Stopping threads took: 0.0000201 seconds
284.506: [GC (Allocation Failure)  525830K->215081K(1033216K), 0.0055201 secs]
284.511: Total time for which application threads were stopped: 0.0056895 seconds, Stopping threads took: 0.0000195 seconds
284.578: [GC (Allocation Failure)  533545K->215081K(1033216K), 0.0041769 secs]
284.582: Total time for which application threads were stopped: 0.0043706 seconds, Stopping threads took: 0.0000201 seconds
284.651: [GC (Allocation Failure)  533545K->215593K(1033216K), 0.0039906 secs]
284.655: Total time for which application threads were stopped: 0.0041533 seconds, Stopping threads took: 0.0000306 seconds
284.722: [GC (Allocation Failure)  534057K->223115K(1033216K), 0.0039492 secs]
284.726: Total time for which application threads were stopped: 0.0041623 seconds, Stopping threads took: 0.0000167 seconds
284.792: [GC (Allocation Failure)  541579K->223115K(1033216K), 0.0040621 secs]
284.797: Total time for which application threads were stopped: 0.0042289 seconds, Stopping threads took: 0.0000246 seconds
284.862: [GC (Allocation Failure)  541579K->223787K(1033216K), 0.0069781 secs]
284.869: Total time for which application threads were stopped: 0.0071244 seconds, Stopping threads took: 0.0000255 seconds
284.938: [GC (Allocation Failure)  542251K->231181K(1033216K), 0.0039864 secs]
284.942: Total time for which application threads were stopped: 0.0041839 seconds, Stopping threads took: 0.0000207 seconds
285.010: [GC (Allocation Failure)  549645K->231149K(1033216K), 0.0042130 secs]
285.015: Total time for which application threads were stopped: 0.0043862 seconds, Stopping threads took: 0.0000262 seconds
285.079: [GC (Allocation Failure)  549613K->232045K(1033216K), 0.0043235 secs]
285.084: Total time for which application threads were stopped: 0.0044838 seconds, Stopping threads took: 0.0000193 seconds
285.149: [GC (Allocation Failure)  550509K->239216K(1033216K), 0.0042748 secs]
285.153: Total time for which application threads were stopped: 0.0044406 seconds, Stopping threads took: 0.0000195 seconds
285.220: [GC (Allocation Failure)  557680K->239216K(1033216K), 0.0038281 secs]
285.224: Total time for which application threads were stopped: 0.0039991 seconds, Stopping threads took: 0.0000202 seconds
285.289: [GC (Allocation Failure)  557680K->239240K(1033216K), 0.0039627 secs]
285.293: Total time for which application threads were stopped: 0.0041493 seconds, Stopping threads took: 0.0000199 seconds
285.358: [GC (Allocation Failure)  557704K->247242K(1033216K), 0.0042975 secs]
285.363: Total time for which application threads were stopped: 0.0044844 seconds, Stopping threads took: 0.0000209 seconds
285.428: [GC (Allocation Failure)  565706K->247242K(1033216K), 0.0041646 secs]
285.432: Total time for which application threads were stopped: 0.0043340 seconds, Stopping threads took: 0.0000212 seconds
285.499: [GC (Allocation Failure)  565706K->247530K(1033216K), 0.0041668 secs]
285.503: Total time for which application threads were stopped: 0.0043435 seconds, Stopping threads took: 0.0000199 seconds
285.570: [GC (Allocation Failure)  565994K->255212K(1033216K), 0.0070886 secs]
285.577: Total time for which application threads were stopped: 0.0072634 seconds, Stopping threads took: 0.0000195 seconds
285.644: [GC (Allocation Failure)  573676K->255244K(1033216K), 0.0042457 secs]
285.648: Total time for which application threads were stopped: 0.0044366 seconds, Stopping threads took: 0.0000208 seconds
285.715: [GC (Allocation Failure)  573708K->255748K(1033216K), 0.0040539 secs]
285.719: Total time for which application threads were stopped: 0.0042131 seconds, Stopping threads took: 0.0000173 seconds
285.788: [GC (Allocation Failure)  574212K->263270K(1033216K), 0.0041950 secs]
285.792: Total time for which application threads were stopped: 0.0043672 seconds, Stopping threads took: 0.0000196 seconds
285.860: [GC (Allocation Failure)  581734K->263270K(1033216K), 0.0052773 secs]
285.866: Total time for which application threads were stopped: 0.0054377 seconds, Stopping threads took: 0.0000256 seconds
285.930: [GC (Allocation Failure)  581734K->263430K(1033216K), 0.0041287 secs]
285.934: Total time for which application threads were stopped: 0.0043163 seconds, Stopping threads took: 0.0000278 seconds
286.000: [GC (Allocation Failure)  581894K->271305K(1033216K), 0.0042011 secs]
286.004: Total time for which application threads were stopped: 0.0043989 seconds, Stopping threads took: 0.0000213 seconds
286.073: [GC (Allocation Failure)  589769K->271305K(1033216K), 0.0041010 secs]
286.077: Total time for which application threads were stopped: 0.0042575 seconds, Stopping threads took: 0.0000169 seconds
286.142: [GC (Allocation Failure)  589769K->271433K(1033216K), 0.0040671 secs]
286.146: Total time for which application threads were stopped: 0.0042460 seconds, Stopping threads took: 0.0000200 seconds
286.213: [GC (Allocation Failure)  589897K->279339K(1033216K), 0.0042139 secs]
286.217: Total time for which application threads were stopped: 0.0043875 seconds, Stopping threads took: 0.0000296 seconds
286.283: [GC (Allocation Failure)  597803K->279339K(1033216K), 0.0042539 secs]
286.287: Total time for which application threads were stopped: 0.0044354 seconds, Stopping threads took: 0.0000281 seconds
286.354: [GC (Allocation Failure)  597803K->279403K(1033216K), 0.0042010 secs]
286.358: Total time for which application threads were stopped: 0.0043658 seconds, Stopping threads took: 0.0000200 seconds
286.425: [GC (Allocation Failure)  597867K->287373K(1033216K), 0.0042141 secs]
286.429: Total time for which application threads were stopped: 0.0043852 seconds, Stopping threads took: 0.0000219 seconds
286.495: [GC (Allocation Failure)  605837K->287341K(1033216K), 0.0040110 secs]
286.499: Total time for which application threads were stopped: 0.0041855 seconds, Stopping threads took: 0.0000202 seconds
286.565: [GC (Allocation Failure)  605805K->287629K(1033216K), 0.0042599 secs]
286.569: Total time for which application threads were stopped: 0.0044195 seconds, Stopping threads took: 0.0000169 seconds
286.637: [GC (Allocation Failure)  606093K->295407K(1033216K), 0.0098164 secs]
286.647: Total time for which application threads were stopped: 0.0099801 seconds, Stopping threads took: 0.0000207 seconds
286.713: [GC (Allocation Failure)  613871K->288269K(1033216K), 0.0013585 secs]
286.714: Total time for which application threads were stopped: 0.0014959 seconds, Stopping threads took: 0.0000265 seconds
286.783: [GC (Allocation Failure)  606733K->295607K(1033216K), 0.0043779 secs]
286.787: Total time for which application threads were stopped: 0.0045805 seconds, Stopping threads took: 0.0000220 seconds
286.855: [GC (Allocation Failure)  614071K->299551K(1033216K), 0.0066830 secs]
286.861: Total time for which application threads were stopped: 0.0068708 seconds, Stopping threads took: 0.0000250 seconds
286.929: [GC (Allocation Failure)  618015K->300797K(1027584K), 0.0048136 secs]
286.934: Total time for which application threads were stopped: 0.0049738 seconds, Stopping threads took: 0.0000196 seconds
287.001: [GC (Allocation Failure)  619261K->299679K(1033216K), 0.0042995 secs]
287.006: Total time for which application threads were stopped: 0.0044711 seconds, Stopping threads took: 0.0000201 seconds
287.073: [GC (Allocation Failure)  617631K->299551K(1032704K), 0.0041929 secs]
287.077: Total time for which application threads were stopped: 0.0043660 seconds, Stopping threads took: 0.0000205 seconds
287.143: [GC (Allocation Failure)  617503K->291805K(1033216K), 0.0010870 secs]
287.144: Total time for which application threads were stopped: 0.0012288 seconds, Stopping threads took: 0.0000275 seconds
287.215: [GC (Allocation Failure)  610269K->299583K(1033216K), 0.0043629 secs]
287.219: Total time for which application threads were stopped: 0.0045373 seconds, Stopping threads took: 0.0000209 seconds
287.286: [GC (Allocation Failure)  618047K->299551K(1033216K), 0.0042902 secs]
287.291: Total time for which application threads were stopped: 0.0044602 seconds, Stopping threads took: 0.0000200 seconds
287.356: [GC (Allocation Failure)  618015K->300007K(1033216K), 0.0042967 secs]
287.360: Total time for which application threads were stopped: 0.0044597 seconds, Stopping threads took: 0.0000199 seconds
287.429: [GC (Allocation Failure)  618471K->307594K(1033216K), 0.0043219 secs]
287.433: Total time for which application threads were stopped: 0.0045240 seconds, Stopping threads took: 0.0000227 seconds
287.500: [GC (Allocation Failure)  626058K->307594K(1033216K), 0.0042614 secs]
287.505: Total time for which application threads were stopped: 0.0044316 seconds, Stopping threads took: 0.0000197 seconds
287.569: [GC (Allocation Failure)  626058K->308266K(1033216K), 0.0044529 secs]
287.574: Total time for which application threads were stopped: 0.0046372 seconds, Stopping threads took: 0.0000198 seconds
287.642: [GC (Allocation Failure)  626730K->315660K(1033216K), 0.0043292 secs]
287.646: Total time for which application threads were stopped: 0.0044932 seconds, Stopping threads took: 0.0000204 seconds
287.714: [GC (Allocation Failure)  634124K->315660K(1033216K), 0.0040919 secs]
287.718: Total time for which application threads were stopped: 0.0042556 seconds, Stopping threads took: 0.0000206 seconds
287.783: [GC (Allocation Failure)  634124K->316516K(1033216K), 0.0045653 secs]
287.787: Total time for which application threads were stopped: 0.0047245 seconds, Stopping threads took: 0.0000196 seconds
287.857: [GC (Allocation Failure)  634980K->323686K(1033216K), 0.0070720 secs]
287.864: Total time for which application threads were stopped: 0.0072520 seconds, Stopping threads took: 0.0000261 seconds
287.931: [GC (Allocation Failure)  642150K->323686K(1033216K), 0.0044096 secs]
287.936: Total time for which application threads were stopped: 0.0045893 seconds, Stopping threads took: 0.0000194 seconds
288.003: [GC (Allocation Failure)  642150K->324750K(1033728K), 0.0043365 secs]
288.007: Total time for which application threads were stopped: 0.0044999 seconds, Stopping threads took: 0.0000198 seconds
288.074: [GC (Allocation Failure)  643726K->331792K(1033216K), 0.0042255 secs]
288.078: Total time for which application threads were stopped: 0.0043948 seconds, Stopping threads took: 0.0000203 seconds
288.145: [GC (Allocation Failure)  650768K->331696K(1033728K), 0.0042335 secs]
288.149: Total time for which application threads were stopped: 0.0044062 seconds, Stopping threads took: 0.0000200 seconds
288.217: [GC (Allocation Failure)  650672K->332488K(1033216K), 0.0043303 secs]
288.221: Total time for which application threads were stopped: 0.0045319 seconds, Stopping threads took: 0.0000263 seconds
288.290: [GC (Allocation Failure)  651464K->339787K(1033728K), 0.0043135 secs]
288.295: Total time for which application threads were stopped: 0.0045199 seconds, Stopping threads took: 0.0000200 seconds
288.361: [GC (Allocation Failure)  659275K->339691K(1033728K), 0.0042861 secs]
288.366: Total time for which application threads were stopped: 0.0044785 seconds, Stopping threads took: 0.0000204 seconds
288.434: [GC (Allocation Failure)  659179K->341195K(1033728K), 0.0044045 secs]
288.439: Total time for which application threads were stopped: 0.0045562 seconds, Stopping threads took: 0.0000176 seconds
288.506: [GC (Allocation Failure)  660683K->347789K(1033728K), 0.0043415 secs]
288.511: Total time for which application threads were stopped: 0.0045217 seconds, Stopping threads took: 0.0000227 seconds
288.578: [GC (Allocation Failure)  667277K->347757K(1033728K), 0.0044530 secs]
288.582: Total time for which application threads were stopped: 0.0046399 seconds, Stopping threads took: 0.0000216 seconds
288.650: [GC (Allocation Failure)  667245K->348429K(1033728K), 0.0045508 secs]
288.654: Total time for which application threads were stopped: 0.0047369 seconds, Stopping threads took: 0.0000232 seconds
288.722: [GC (Allocation Failure)  667917K->355823K(1033728K), 0.0043126 secs]
288.726: Total time for which application threads were stopped: 0.0044822 seconds, Stopping threads took: 0.0000199 seconds
288.793: [GC (Allocation Failure)  675311K->355791K(1033728K), 0.0043815 secs]
288.797: Total time for which application threads were stopped: 0.0045505 seconds, Stopping threads took: 0.0000202 seconds
288.864: [GC (Allocation Failure)  675279K->355879K(1033728K), 0.0070949 secs]
288.871: Total time for which application threads were stopped: 0.0072705 seconds, Stopping threads took: 0.0000341 seconds
288.939: [GC (Allocation Failure)  675367K->363849K(1027072K), 0.0049204 secs]
288.944: Total time for which application threads were stopped: 0.0050961 seconds, Stopping threads took: 0.0000202 seconds
289.010: [GC (Allocation Failure)  683337K->363785K(1033728K), 0.0042524 secs]
289.015: Total time for which application threads were stopped: 0.0044141 seconds, Stopping threads took: 0.0000207 seconds
289.081: [GC (Allocation Failure)  682761K->364361K(1033216K), 0.0045546 secs]
289.086: Total time for which application threads were stopped: 0.0047342 seconds, Stopping threads took: 0.0000214 seconds
289.153: [GC (Allocation Failure)  683337K->371884K(1032704K), 0.0045091 secs]
289.157: Total time for which application threads were stopped: 0.0046686 seconds, Stopping threads took: 0.0000193 seconds
289.223: [GC (Allocation Failure)  690348K->371884K(1033216K), 0.0043775 secs]
289.227: Total time for which application threads were stopped: 0.0045567 seconds, Stopping threads took: 0.0000208 seconds
289.293: [GC (Allocation Failure)  690348K->372108K(1033216K), 0.0043891 secs]
289.298: Total time for which application threads were stopped: 0.0045652 seconds, Stopping threads took: 0.0000212 seconds
289.365: [GC (Allocation Failure)  690572K->379918K(1033216K), 0.0045966 secs]
289.369: Total time for which application threads were stopped: 0.0047682 seconds, Stopping threads took: 0.0000207 seconds
289.435: [GC (Allocation Failure)  698382K->379918K(1033216K), 0.0042823 secs]
289.439: Total time for which application threads were stopped: 0.0044622 seconds, Stopping threads took: 0.0000192 seconds
289.505: [GC (Allocation Failure)  698382K->380326K(1033216K), 0.0065221 secs]
289.512: Total time for which application threads were stopped: 0.0066968 seconds, Stopping threads took: 0.0000188 seconds
289.580: [GC (Allocation Failure)  698790K->387912K(1033216K), 0.0045411 secs]
289.585: Total time for which application threads were stopped: 0.0047138 seconds, Stopping threads took: 0.0000194 seconds
289.651: [GC (Allocation Failure)  706376K->387880K(1033216K), 0.0046426 secs]
289.656: Total time for which application threads were stopped: 0.0047985 seconds, Stopping threads took: 0.0000189 seconds
289.723: [GC (Allocation Failure)  706344K->388552K(1033216K), 0.0044516 secs]
289.727: Total time for which application threads were stopped: 0.0046538 seconds, Stopping threads took: 0.0000273 seconds
289.794: [GC (Allocation Failure)  707016K->395947K(1033216K), 0.0045500 secs]
289.798: Total time for which application threads were stopped: 0.0047331 seconds, Stopping threads took: 0.0000198 seconds
289.868: [GC (Allocation Failure)  714411K->395947K(1033216K), 0.0043788 secs]
289.873: Total time for which application threads were stopped: 0.0045260 seconds, Stopping threads took: 0.0000166 seconds
289.938: [GC (Allocation Failure)  714411K->396779K(1033216K), 0.0045326 secs]
289.943: Total time for which application threads were stopped: 0.0047114 seconds, Stopping threads took: 0.0000351 seconds
290.011: [GC (Allocation Failure)  715243K->404013K(1033216K), 0.0043315 secs]
290.015: Total time for which application threads were stopped: 0.0045057 seconds, Stopping threads took: 0.0000199 seconds
290.082: [GC (Allocation Failure)  722477K->403981K(1033216K), 0.0044893 secs]
290.087: Total time for which application threads were stopped: 0.0046562 seconds, Stopping threads took: 0.0000191 seconds
290.153: [GC (Allocation Failure)  722445K->404045K(1033216K), 0.0048765 secs]
290.158: Total time for which application threads were stopped: 0.0050693 seconds, Stopping threads took: 0.0000196 seconds
290.227: [GC (Allocation Failure)  722509K->412047K(1033216K), 0.0042942 secs]
290.231: Total time for which application threads were stopped: 0.0044774 seconds, Stopping threads took: 0.0000173 seconds
290.298: [GC (Allocation Failure)  730511K->411983K(1033216K), 0.0043376 secs]
290.303: Total time for which application threads were stopped: 0.0045038 seconds, Stopping threads took: 0.0000197 seconds
290.368: [GC (Allocation Failure)  730447K->412263K(1033216K), 0.0043333 secs]
290.372: Total time for which application threads were stopped: 0.0045042 seconds, Stopping threads took: 0.0000200 seconds
290.441: [GC (Allocation Failure)  730727K->420073K(1033216K), 0.0045434 secs]
290.445: Total time for which application threads were stopped: 0.0047143 seconds, Stopping threads took: 0.0000203 seconds
290.511: [GC (Allocation Failure)  738537K->420009K(1033216K), 0.0045960 secs]
290.516: Total time for which application threads were stopped: 0.0047576 seconds, Stopping threads took: 0.0000201 seconds
290.581: [GC (Allocation Failure)  738473K->420457K(1033216K), 0.0043623 secs]
290.585: Total time for which application threads were stopped: 0.0045242 seconds, Stopping threads took: 0.0000193 seconds
290.651: [GC (Allocation Failure)  738921K->428108K(1033216K), 0.0049104 secs]
290.656: Total time for which application threads were stopped: 0.0050710 seconds, Stopping threads took: 0.0000194 seconds
290.724: [GC (Allocation Failure)  746572K->428108K(1033216K), 0.0045131 secs]
290.728: Total time for which application threads were stopped: 0.0046801 seconds, Stopping threads took: 0.0000199 seconds
290.794: [GC (Allocation Failure)  746572K->428204K(1033216K), 0.0045362 secs]
290.799: Total time for which application threads were stopped: 0.0047216 seconds, Stopping threads took: 0.0000208 seconds
290.867: [GC (Allocation Failure)  746668K->436110K(1033216K), 0.0045158 secs]
290.871: Total time for which application threads were stopped: 0.0046798 seconds, Stopping threads took: 0.0000169 seconds
290.936: [GC (Allocation Failure)  754574K->436142K(1033216K), 0.0044344 secs]
290.941: Total time for which application threads were stopped: 0.0046241 seconds, Stopping threads took: 0.0000196 seconds
291.009: [GC (Allocation Failure)  754606K->436174K(1033216K), 0.0044594 secs]
291.013: Total time for which application threads were stopped: 0.0046059 seconds, Stopping threads took: 0.0000162 seconds
291.080: [GC (Allocation Failure)  754638K->444144K(1033216K), 0.0046957 secs]
291.084: Total time for which application threads were stopped: 0.0048651 seconds, Stopping threads took: 0.0000199 seconds
291.150: [GC (Allocation Failure)  762608K->444144K(1033216K), 0.0043609 secs]
291.154: Total time for which application threads were stopped: 0.0045324 seconds, Stopping threads took: 0.0000203 seconds
291.219: [GC (Allocation Failure)  762608K->444392K(1033216K), 0.0045457 secs]
291.224: Total time for which application threads were stopped: 0.0047410 seconds, Stopping threads took: 0.0000205 seconds
291.295: [GC (Allocation Failure)  762856K->452170K(1033216K), 0.0047198 secs]
291.300: Total time for which application threads were stopped: 0.0048902 seconds, Stopping threads took: 0.0000198 seconds
291.365: [GC (Allocation Failure)  770634K->444712K(1033216K), 0.0016030 secs]
291.366: Total time for which application threads were stopped: 0.0017343 seconds, Stopping threads took: 0.0000203 seconds
291.434: [GC (Allocation Failure)  763176K->452354K(1033216K), 0.0042984 secs]
291.439: Total time for which application threads were stopped: 0.0045029 seconds, Stopping threads took: 0.0000280 seconds
291.506: [GC (Allocation Failure)  770818K->456354K(1033216K), 0.0057751 secs]
291.512: Total time for which application threads were stopped: 0.0059468 seconds, Stopping threads took: 0.0000204 seconds
291.578: [GC (Allocation Failure)  774818K->457280K(1032192K), 0.0050505 secs]
291.583: Total time for which application threads were stopped: 0.0052281 seconds, Stopping threads took: 0.0000187 seconds
291.649: [GC (Allocation Failure)  774720K->456418K(1032704K), 0.0045787 secs]
291.654: Total time for which application threads were stopped: 0.0047752 seconds, Stopping threads took: 0.0000194 seconds
291.722: [GC (Allocation Failure)  773858K->456354K(1033216K), 0.0046272 secs]
291.727: Total time for which application threads were stopped: 0.0048118 seconds, Stopping threads took: 0.0000178 seconds
291.794: [GC (Allocation Failure)  774306K->458890K(1032704K), 0.0049813 secs]
291.799: Total time for which application threads were stopped: 0.0051488 seconds, Stopping threads took: 0.0000169 seconds
291.867: [GC (Allocation Failure)  776842K->464429K(1033728K), 0.0045676 secs]
291.872: Total time for which application threads were stopped: 0.0047608 seconds, Stopping threads took: 0.0000171 seconds
291.939: [GC (Allocation Failure)  783405K->464365K(1033216K), 0.0046709 secs]
291.944: Total time for which application threads were stopped: 0.0048647 seconds, Stopping threads took: 0.0000204 seconds
292.013: [GC (Allocation Failure)  783341K->467629K(1033728K), 0.0051404 secs]
292.018: Total time for which application threads were stopped: 0.0053066 seconds, Stopping threads took: 0.0000189 seconds
292.085: [GC (Allocation Failure)  787117K->472399K(1033728K), 0.0045660 secs]
292.089: Total time for which application threads were stopped: 0.0047355 seconds, Stopping threads took: 0.0000199 seconds
292.157: [GC (Allocation Failure)  791887K->472431K(1034240K), 0.0046797 secs]
292.161: Total time for which application threads were stopped: 0.0048481 seconds, Stopping threads took: 0.0000194 seconds
292.226: [GC (Allocation Failure)  792943K->475879K(1034240K), 0.0054069 secs]
292.232: Total time for which application threads were stopped: 0.0055741 seconds, Stopping threads took: 0.0000196 seconds
292.299: [GC (Allocation Failure)  796391K->480489K(1034240K), 0.0045436 secs]
292.304: Total time for which application threads were stopped: 0.0047057 seconds, Stopping threads took: 0.0000202 seconds
292.373: [GC (Allocation Failure)  801001K->480425K(1034240K), 0.0044739 secs]
292.377: Total time for which application threads were stopped: 0.0046563 seconds, Stopping threads took: 0.0000205 seconds
292.444: [GC (Allocation Failure)  800937K->482057K(1033728K), 0.0046482 secs]
292.449: Total time for which application threads were stopped: 0.0048470 seconds, Stopping threads took: 0.0000202 seconds
292.518: [GC (Allocation Failure)  802569K->488491K(1034240K), 0.0044117 secs]
292.523: Total time for which application threads were stopped: 0.0045910 seconds, Stopping threads took: 0.0000280 seconds
292.591: [GC (Allocation Failure)  809003K->488459K(1034752K), 0.0046460 secs]
292.596: Total time for which application threads were stopped: 0.0048361 seconds, Stopping threads took: 0.0000265 seconds
292.663: [GC (Allocation Failure)  809995K->489259K(1021952K), 0.0044315 secs]
292.668: Total time for which application threads were stopped: 0.0046009 seconds, Stopping threads took: 0.0000267 seconds
292.738: [GC (Allocation Failure)  810795K->496558K(1034240K), 0.0072584 secs]
292.745: Total time for which application threads were stopped: 0.0074336 seconds, Stopping threads took: 0.0000202 seconds
292.814: [GC (Allocation Failure)  817070K->496526K(1034240K), 0.0044647 secs]
292.818: Total time for which application threads were stopped: 0.0046315 seconds, Stopping threads took: 0.0000210 seconds
292.889: [GC (Allocation Failure)  817038K->500582K(1034752K), 0.0056512 secs]
292.895: Total time for which application threads were stopped: 0.0058259 seconds, Stopping threads took: 0.0000202 seconds
292.962: [GC (Allocation Failure)  821606K->504552K(1034240K), 0.0044199 secs]
292.967: Total time for which application threads were stopped: 0.0045782 seconds, Stopping threads took: 0.0000202 seconds
293.034: [GC (Allocation Failure)  825576K->504520K(1034752K), 0.0047376 secs]
293.039: Total time for which application threads were stopped: 0.0049294 seconds, Stopping threads took: 0.0000198 seconds
293.108: [GC (Allocation Failure)  826056K->504712K(1021440K), 0.0045868 secs]
293.113: Total time for which application threads were stopped: 0.0047442 seconds, Stopping threads took: 0.0000167 seconds
293.181: [GC (Allocation Failure)  826248K->512586K(1034240K), 0.0044556 secs]
293.186: Total time for which application threads were stopped: 0.0046179 seconds, Stopping threads took: 0.0000201 seconds
293.254: [GC (Allocation Failure)  833098K->512586K(1034240K), 0.0047254 secs]
293.259: Total time for which application threads were stopped: 0.0049203 seconds, Stopping threads took: 0.0000209 seconds
293.327: [GC (Allocation Failure)  833098K->516010K(1034752K), 0.0052785 secs]
293.332: Total time for which application threads were stopped: 0.0054698 seconds, Stopping threads took: 0.0000202 seconds
293.399: [GC (Allocation Failure)  837034K->520685K(1034240K), 0.0046315 secs]
293.404: Total time for which application threads were stopped: 0.0048273 seconds, Stopping threads took: 0.0000201 seconds
293.472: [GC (Allocation Failure)  841709K->520589K(1034752K), 0.0045514 secs]
293.477: Total time for which application threads were stopped: 0.0047301 seconds, Stopping threads took: 0.0000164 seconds
293.546: [GC (Allocation Failure)  842125K->524261K(1034752K), 0.0054825 secs]
293.551: Total time for which application threads were stopped: 0.0056764 seconds, Stopping threads took: 0.0000266 seconds
293.621: [GC (Allocation Failure)  845797K->528743K(1034240K), 0.0048241 secs]
293.626: Total time for which application threads were stopped: 0.0049895 seconds, Stopping threads took: 0.0000203 seconds
293.694: [GC (Allocation Failure)  850279K->528615K(1034752K), 0.0130532 secs]
293.707: Total time for which application threads were stopped: 0.0132158 seconds, Stopping threads took: 0.0000274 seconds
293.772: [GC (Allocation Failure)  850151K->529415K(1034240K), 0.0047266 secs]
293.777: Total time for which application threads were stopped: 0.0048891 seconds, Stopping threads took: 0.0000168 seconds
293.846: [GC (Allocation Failure)  850951K->536777K(1034752K), 0.0048863 secs]
293.851: Total time for which application threads were stopped: 0.0050583 seconds, Stopping threads took: 0.0000244 seconds
293.920: [GC (Allocation Failure)  858313K->536681K(1034752K), 0.0048057 secs]
293.925: Total time for which application threads were stopped: 0.0049685 seconds, Stopping threads took: 0.0000198 seconds
293.991: [GC (Allocation Failure)  858217K->538633K(1034752K), 0.0049239 secs]
293.996: Total time for which application threads were stopped: 0.0050777 seconds, Stopping threads took: 0.0000202 seconds
294.066: [GC (Allocation Failure)  860169K->544683K(1034752K), 0.0048297 secs]
294.071: Total time for which application threads were stopped: 0.0050087 seconds, Stopping threads took: 0.0000202 seconds
294.137: [GC (Allocation Failure)  866219K->544683K(1034752K), 0.0046480 secs]
294.142: Total time for which application threads were stopped: 0.0048143 seconds, Stopping threads took: 0.0000197 seconds
294.207: [GC (Allocation Failure)  866219K->547915K(1034752K), 0.0053069 secs]
294.213: Total time for which application threads were stopped: 0.0054691 seconds, Stopping threads took: 0.0000266 seconds
294.279: [GC (Allocation Failure)  869451K->552750K(1034752K), 0.0047366 secs]
294.284: Total time for which application threads were stopped: 0.0048996 seconds, Stopping threads took: 0.0000263 seconds
294.350: [GC (Allocation Failure)  874286K->552718K(1034752K), 0.0047994 secs]
294.355: Total time for which application threads were stopped: 0.0049807 seconds, Stopping threads took: 0.0000203 seconds
294.422: [GC (Allocation Failure)  874254K->553070K(1034752K), 0.0048746 secs]
294.427: Total time for which application threads were stopped: 0.0050427 seconds, Stopping threads took: 0.0000206 seconds
294.494: [GC (Allocation Failure)  874606K->560816K(1034752K), 0.0046821 secs]
294.499: Total time for which application threads were stopped: 0.0048526 seconds, Stopping threads took: 0.0000218 seconds
294.566: [GC (Allocation Failure)  882352K->560784K(1034752K), 0.0045983 secs]
294.571: Total time for which application threads were stopped: 0.0047790 seconds, Stopping threads took: 0.0000207 seconds
294.637: [GC (Allocation Failure)  882320K->562344K(1034752K), 0.0047876 secs]
294.641: Total time for which application threads were stopped: 0.0049840 seconds, Stopping threads took: 0.0000202 seconds
294.711: [GC (Allocation Failure)  883880K->568906K(1029632K), 0.0048632 secs]
294.716: Total time for which application threads were stopped: 0.0050590 seconds, Stopping threads took: 0.0000258 seconds
294.783: [GC (Allocation Failure)  890442K->568778K(1034240K), 0.0066096 secs]
294.790: Total time for which application threads were stopped: 0.0067658 seconds, Stopping threads took: 0.0000197 seconds
294.857: [GC (Allocation Failure)  889290K->570562K(1034240K), 0.0047477 secs]
294.862: Total time for which application threads were stopped: 0.0049445 seconds, Stopping threads took: 0.0000258 seconds
294.930: [GC (Allocation Failure)  891074K->576868K(1034240K), 0.0047159 secs]
294.934: Total time for which application threads were stopped: 0.0048913 seconds, Stopping threads took: 0.0000196 seconds
295.002: [GC (Allocation Failure)  897380K->576804K(1034240K), 0.0044140 secs]
295.006: Total time for which application threads were stopped: 0.0046231 seconds, Stopping threads took: 0.0000202 seconds
295.074: [GC (Allocation Failure)  897316K->580876K(1034752K), 0.0057510 secs]
295.080: Total time for which application threads were stopped: 0.0059283 seconds, Stopping threads took: 0.0000174 seconds
295.147: [GC (Allocation Failure)  901900K->584815K(1034240K), 0.0048495 secs]
295.152: Total time for which application threads were stopped: 0.0050190 seconds, Stopping threads took: 0.0000203 seconds
295.219: [GC (Allocation Failure)  905839K->584847K(1034752K), 0.0048662 secs]
295.224: Total time for which application threads were stopped: 0.0050386 seconds, Stopping threads took: 0.0000272 seconds
295.291: [GC (Allocation Failure)  906383K->585007K(1034752K), 0.0046774 secs]
295.296: Total time for which application threads were stopped: 0.0048745 seconds, Stopping threads took: 0.0000198 seconds
295.364: [GC (Allocation Failure)  906543K->592881K(1033728K), 0.0047794 secs]
295.369: Total time for which application threads were stopped: 0.0049305 seconds, Stopping threads took: 0.0000181 seconds
295.437: [GC (Allocation Failure)  913393K->592913K(1034240K), 0.0047721 secs]
295.442: Total time for which application threads were stopped: 0.0049681 seconds, Stopping threads took: 0.0000257 seconds
295.511: [GC (Allocation Failure)  913425K->596297K(1034752K), 0.0053972 secs]
295.517: Total time for which application threads were stopped: 0.0055487 seconds, Stopping threads took: 0.0000174 seconds
295.583: [GC (Allocation Failure)  917833K->600939K(1034752K), 0.0046411 secs]
295.588: Total time for which application threads were stopped: 0.0048035 seconds, Stopping threads took: 0.0000172 seconds
295.654: [GC (Allocation Failure)  922475K->600907K(1034752K), 0.0048237 secs]
295.659: Total time for which application threads were stopped: 0.0049865 seconds, Stopping threads took: 0.0000206 seconds
295.726: [GC (Allocation Failure)  922443K->601451K(1034752K), 0.0048610 secs]
295.731: Total time for which application threads were stopped: 0.0050321 seconds, Stopping threads took: 0.0000270 seconds
295.797: [GC (Allocation Failure)  922987K->609037K(1033728K), 0.0048515 secs]
295.802: Total time for which application threads were stopped: 0.0050232 seconds, Stopping threads took: 0.0000226 seconds
295.870: [GC (Allocation Failure)  929549K->608941K(1034240K), 0.0045383 secs]
295.875: Total time for which application threads were stopped: 0.0047062 seconds, Stopping threads took: 0.0000194 seconds
295.942: [GC (Allocation Failure)  929453K->612781K(1034752K), 0.0057621 secs]
295.948: Total time for which application threads were stopped: 0.0059339 seconds, Stopping threads took: 0.0000205 seconds
296.016: [GC (Allocation Failure)  933805K->617008K(1034240K), 0.0049207 secs]
296.021: Total time for which application threads were stopped: 0.0050893 seconds, Stopping threads took: 0.0000199 seconds
296.089: [GC (Allocation Failure)  938032K->616976K(1034752K), 0.0048713 secs]
296.093: Total time for which application threads were stopped: 0.0050480 seconds, Stopping threads took: 0.0000198 seconds
296.161: [GC (Allocation Failure)  938512K->621000K(1034752K), 0.0057285 secs]
296.167: Total time for which application threads were stopped: 0.0058893 seconds, Stopping threads took: 0.0000197 seconds
296.234: [GC (Allocation Failure)  942536K->625002K(1035264K), 0.0048447 secs]
296.239: Total time for which application threads were stopped: 0.0050479 seconds, Stopping threads took: 0.0000226 seconds
296.308: [GC (Allocation Failure)  947562K->625034K(1035264K), 0.0048389 secs]
296.313: Total time for which application threads were stopped: 0.0050166 seconds, Stopping threads took: 0.0000201 seconds
296.380: [GC (Allocation Failure)  947594K->628202K(1035264K), 0.0054551 secs]
296.386: Total time for which application threads were stopped: 0.0056308 seconds, Stopping threads took: 0.0000194 seconds
296.453: [GC (Allocation Failure)  950762K->633068K(1035264K), 0.0049898 secs]
296.458: Total time for which application threads were stopped: 0.0051703 seconds, Stopping threads took: 0.0000203 seconds
296.527: [GC (Allocation Failure)  955628K->633068K(1035264K), 0.0048098 secs]
296.532: Total time for which application threads were stopped: 0.0049812 seconds, Stopping threads took: 0.0000197 seconds
296.598: [GC (Allocation Failure)  955628K->636452K(1035264K), 0.0056518 secs]
296.604: Total time for which application threads were stopped: 0.0058617 seconds, Stopping threads took: 0.0000208 seconds
296.673: [GC (Allocation Failure)  959012K->641031K(1035264K), 0.0062111 secs]
296.679: Total time for which application threads were stopped: 0.0063804 seconds, Stopping threads took: 0.0000267 seconds
296.749: [GC (Allocation Failure)  963591K->641063K(1035264K), 0.0049031 secs]
296.754: Total time for which application threads were stopped: 0.0050610 seconds, Stopping threads took: 0.0000178 seconds
296.821: [GC (Allocation Failure)  963623K->644679K(1035776K), 0.0056957 secs]
296.827: Total time for which application threads were stopped: 0.0058595 seconds, Stopping threads took: 0.0000194 seconds
296.896: [GC (Allocation Failure)  967751K->649161K(1035264K), 0.0046838 secs]
296.901: Total time for which application threads were stopped: 0.0048786 seconds, Stopping threads took: 0.0000199 seconds
296.971: [GC (Allocation Failure)  972233K->649097K(1035776K), 0.0047643 secs]
296.976: Total time for which application threads were stopped: 0.0049410 seconds, Stopping threads took: 0.0000196 seconds
297.043: [GC (Allocation Failure)  972681K->646919K(1035776K), 0.0040163 secs]
297.047: Total time for which application threads were stopped: 0.0042069 seconds, Stopping threads took: 0.0000194 seconds
297.115: [GC (Allocation Failure)  970503K->649129K(1036288K), 0.0047949 secs]
297.120: Total time for which application threads were stopped: 0.0049629 seconds, Stopping threads took: 0.0000195 seconds
297.189: [GC (Allocation Failure)  973737K->649097K(1036288K), 0.0047365 secs]
297.193: Total time for which application threads were stopped: 0.0049188 seconds, Stopping threads took: 0.0000285 seconds
297.259: [GC (Allocation Failure)  973705K->656319K(1031168K), 0.0086416 secs]
297.268: Total time for which application threads were stopped: 0.0088128 seconds, Stopping threads took: 0.0000194 seconds
297.335: [GC (Allocation Failure)  975807K->652353K(1033728K), 0.0051290 secs]
297.341: Total time for which application threads were stopped: 0.0052903 seconds, Stopping threads took: 0.0000204 seconds
297.408: [GC (Allocation Failure)  971841K->652097K(1034752K), 0.0063348 secs]
297.414: Total time for which application threads were stopped: 0.0065116 seconds, Stopping threads took: 0.0000201 seconds
297.482: [GC (Allocation Failure)  973121K->655999K(1032704K), 0.0065564 secs]
297.489: Total time for which application threads were stopped: 0.0067314 seconds, Stopping threads took: 0.0000197 seconds
297.555: [GC (Allocation Failure)  977023K->652257K(1034240K), 0.0049880 secs]
297.560: Total time for which application threads were stopped: 0.0051653 seconds, Stopping threads took: 0.0000213 seconds
297.628: [GC (Allocation Failure)  972257K->652129K(1033728K), 0.0048007 secs]
297.633: Total time for which application threads were stopped: 0.0049920 seconds, Stopping threads took: 0.0000204 seconds
297.699: [GC (Allocation Failure)  972129K->653567K(1034752K), 0.0055148 secs]
297.705: Total time for which application threads were stopped: 0.0056634 seconds, Stopping threads took: 0.0000163 seconds
297.773: [GC (Allocation Failure)  975103K->652193K(1034752K), 0.0051033 secs]
297.779: Total time for which application threads were stopped: 0.0052662 seconds, Stopping threads took: 0.0000199 seconds
297.846: [GC (Allocation Failure)  973729K->652097K(1035776K), 0.0077752 secs]
297.854: Total time for which application threads were stopped: 0.0079855 seconds, Stopping threads took: 0.0000245 seconds
297.921: [GC (Allocation Failure)  975169K->656351K(1035264K), 0.0065505 secs]
297.927: Total time for which application threads were stopped: 0.0067352 seconds, Stopping threads took: 0.0000200 seconds
297.995: [GC (Allocation Failure)  979423K->652193K(1035264K), 0.0049930 secs]
298.000: Total time for which application threads were stopped: 0.0051591 seconds, Stopping threads took: 0.0000199 seconds
298.068: [GC (Allocation Failure)  974753K->652129K(1035264K), 0.0046941 secs]
298.073: Total time for which application threads were stopped: 0.0048719 seconds, Stopping threads took: 0.0000198 seconds
298.141: [GC (Allocation Failure)  974689K->644767K(1034240K), 0.0021532 secs]
298.143: Total time for which application threads were stopped: 0.0023033 seconds, Stopping threads took: 0.0000198 seconds
298.211: [GC (Allocation Failure)  966303K->652121K(1034752K), 0.0047733 secs]
298.216: Total time for which application threads were stopped: 0.0049428 seconds, Stopping threads took: 0.0000196 seconds
298.283: [GC (Allocation Failure)  973657K->656233K(1035264K), 0.0061107 secs]
298.289: Total time for which application threads were stopped: 0.0062812 seconds, Stopping threads took: 0.0000205 seconds
298.358: [GC (Allocation Failure)  978793K->651175K(1035264K), 0.0032801 secs]
298.361: Total time for which application threads were stopped: 0.0034402 seconds, Stopping threads took: 0.0000203 seconds
298.430: [GC (Allocation Failure)  973735K->656505K(1035264K), 0.0049680 secs]
298.435: Total time for which application threads were stopped: 0.0051524 seconds, Stopping threads took: 0.0000175 seconds
298.504: [GC (Allocation Failure)  979065K->660369K(1035264K), 0.0052859 secs]
298.509: Total time for which application threads were stopped: 0.0054491 seconds, Stopping threads took: 0.0000201 seconds
298.574: [GC (Allocation Failure)  982928K->656463K(1035776K), 0.0037923 secs]
298.578: Total time for which application threads were stopped: 0.0039534 seconds, Stopping threads took: 0.0000198 seconds
298.647: [GC (Allocation Failure)  980047K->660521K(1035776K), 0.0050080 secs]
298.652: Total time for which application threads were stopped: 0.0051822 seconds, Stopping threads took: 0.0000200 seconds
298.720: [GC (Allocation Failure)  984105K->664521K(1035776K), 0.0048743 secs]
298.725: Total time for which application threads were stopped: 0.0050477 seconds, Stopping threads took: 0.0000205 seconds
298.792: [GC (Allocation Failure)  988105K->664489K(1035776K), 0.0048581 secs]
298.797: Total time for which application threads were stopped: 0.0050291 seconds, Stopping threads took: 0.0000203 seconds
298.868: [GC (Allocation Failure)  988073K->664553K(1034752K), 0.0049155 secs]
298.873: Total time for which application threads were stopped: 0.0050656 seconds, Stopping threads took: 0.0000153 seconds
298.941: [GC (Allocation Failure)  987113K->672555K(1035264K), 0.0050385 secs]
298.946: Total time for which application threads were stopped: 0.0052007 seconds, Stopping threads took: 0.0000198 seconds
299.012: [GC (Allocation Failure)  995115K->672523K(1035264K), 0.0050480 secs]
299.017: Total time for which application threads were stopped: 0.0052284 seconds, Stopping threads took: 0.0000285 seconds
299.084: [GC (Allocation Failure)  995083K->672579K(1022464K), 0.0052242 secs]
299.089: Total time for which application threads were stopped: 0.0053907 seconds, Stopping threads took: 0.0000200 seconds
299.157: [GC (Allocation Failure)  995139K->680549K(1034752K), 0.0049429 secs]
299.162: Total time for which application threads were stopped: 0.0051085 seconds, Stopping threads took: 0.0000192 seconds
299.232: [GC (Allocation Failure)  1002085K->680517K(1034752K), 0.0046008 secs]
299.236: Total time for which application threads were stopped: 0.0047592 seconds, Stopping threads took: 0.0000257 seconds
299.304: [GC (Allocation Failure)  1002053K->680813K(1034752K), 0.0051097 secs]
299.309: Total time for which application threads were stopped: 0.0052743 seconds, Stopping threads took: 0.0000203 seconds
299.377: [GC (Allocation Failure)  1002349K->688624K(1029120K), 0.0050006 secs]
299.382: Total time for which application threads were stopped: 0.0051978 seconds, Stopping threads took: 0.0000207 seconds
299.451: [GC (Allocation Failure)  1010160K->688592K(1034752K), 0.0050473 secs]
299.457: Total time for which application threads were stopped: 0.0052221 seconds, Stopping threads took: 0.0000204 seconds
299.524: [GC (Allocation Failure)  1009616K->688648K(1034240K), 0.0049434 secs]
299.529: [Full GC (Ergonomics)  688648K->8523K(1034240K), 0.0118813 secs]
299.541: Total time for which application threads were stopped: 0.0170846 seconds, Stopping threads took: 0.0000215 seconds
299.607: [GC (Allocation Failure)  329547K->16749K(1034240K), 0.0038093 secs]
299.611: Total time for which application threads were stopped: 0.0039930 seconds, Stopping threads took: 0.0000262 seconds
299.682: [GC (Allocation Failure)  337261K->16717K(1034240K), 0.0034973 secs]
299.685: Total time for which application threads were stopped: 0.0036678 seconds, Stopping threads took: 0.0000280 seconds
299.753: [GC (Allocation Failure)  337229K->16845K(1033216K), 0.0037531 secs]
299.757: Total time for which application threads were stopped: 0.0039162 seconds, Stopping threads took: 0.0000203 seconds
299.825: [GC (Allocation Failure)  336333K->24752K(1033728K), 0.0038521 secs]
299.829: Total time for which application threads were stopped: 0.0040185 seconds, Stopping threads took: 0.0000193 seconds
299.898: [GC (Allocation Failure)  344240K->24784K(1033728K), 0.0033427 secs]
299.901: Total time for which application threads were stopped: 0.0035020 seconds, Stopping threads took: 0.0000176 seconds
299.967: [GC (Allocation Failure)  344272K->24808K(1033728K), 0.0036918 secs]
299.971: Total time for which application threads were stopped: 0.0038901 seconds, Stopping threads took: 0.0000209 seconds
300.038: [GC (Allocation Failure)  344296K->32778K(1033728K), 0.0039302 secs]
300.042: Total time for which application threads were stopped: 0.0040909 seconds, Stopping threads took: 0.0000203 seconds
300.107: [GC (Allocation Failure)  352266K->32778K(1033728K), 0.0043305 secs]
300.112: Total time for which application threads were stopped: 0.0044777 seconds, Stopping threads took: 0.0000198 seconds
300.178: [GC (Allocation Failure)  352266K->33034K(1033728K), 0.0035687 secs]
300.182: Total time for which application threads were stopped: 0.0037242 seconds, Stopping threads took: 0.0000167 seconds
300.249: [GC (Allocation Failure)  352522K->40780K(1033728K), 0.0064966 secs]
300.255: Total time for which application threads were stopped: 0.0066783 seconds, Stopping threads took: 0.0000202 seconds
300.322: [GC (Allocation Failure)  360268K->36938K(1034240K), 0.0023369 secs]
300.324: Total time for which application threads were stopped: 0.0025056 seconds, Stopping threads took: 0.0000187 seconds
300.394: [GC (Allocation Failure)  356938K->40972K(1033728K), 0.0037018 secs]
300.397: Total time for which application threads were stopped: 0.0038488 seconds, Stopping threads took: 0.0000178 seconds
300.466: [GC (Allocation Failure)  360972K->44940K(1034752K), 0.0037632 secs]
300.470: Total time for which application threads were stopped: 0.0039217 seconds, Stopping threads took: 0.0000197 seconds
300.536: [GC (Allocation Failure)  366476K->39178K(1034752K), 0.0013714 secs]
300.538: Total time for which application threads were stopped: 0.0015011 seconds, Stopping threads took: 0.0000198 seconds
300.605: [GC (Allocation Failure)  360714K->45044K(1035264K), 0.0037172 secs]
300.609: Total time for which application threads were stopped: 0.0038842 seconds, Stopping threads took: 0.0000197 seconds
300.677: [GC (Allocation Failure)  367092K->49084K(1034752K), 0.0040228 secs]
300.681: Total time for which application threads were stopped: 0.0042285 seconds, Stopping threads took: 0.0000268 seconds
300.750: [GC (Allocation Failure)  370870K->45178K(1035776K), 0.0024697 secs]
300.752: Total time for which application threads were stopped: 0.0026382 seconds, Stopping threads took: 0.0000205 seconds
300.819: [GC (Allocation Failure)  368250K->49252K(1035264K), 0.0038780 secs]
300.823: Total time for which application threads were stopped: 0.0040531 seconds, Stopping threads took: 0.0000209 seconds
300.894: [GC (Allocation Failure)  372324K->53220K(1035264K), 0.0038714 secs]
300.898: Total time for which application threads were stopped: 0.0040528 seconds, Stopping threads took: 0.0000199 seconds
300.967: [GC (Allocation Failure)  376804K->53220K(1035776K), 0.0037334 secs]
300.970: Total time for which application threads were stopped: 0.0039193 seconds, Stopping threads took: 0.0000207 seconds
301.040: [GC (Allocation Failure)  376804K->53292K(1034752K), 0.0038231 secs]
301.044: Total time for which application threads were stopped: 0.0039949 seconds, Stopping threads took: 0.0000203 seconds
301.111: [GC (Allocation Failure)  375852K->61262K(1035264K), 0.0037973 secs]
301.115: Total time for which application threads were stopped: 0.0039682 seconds, Stopping threads took: 0.0000199 seconds
301.181: [GC (Allocation Failure)  383822K->61294K(1034240K), 0.0036608 secs]
301.185: Total time for which application threads were stopped: 0.0038277 seconds, Stopping threads took: 0.0000267 seconds
301.252: [GC (Allocation Failure)  382830K->61286K(1034752K), 0.0037248 secs]
301.256: Total time for which application threads were stopped: 0.0038985 seconds, Stopping threads took: 0.0000263 seconds
301.324: [GC (Allocation Failure)  382822K->69321K(1033728K), 0.0039521 secs]
301.328: Total time for which application threads were stopped: 0.0041226 seconds, Stopping threads took: 0.0000203 seconds
301.396: [GC (Allocation Failure)  389833K->69321K(1034240K), 0.0065474 secs]
301.403: Total time for which application threads were stopped: 0.0067201 seconds, Stopping threads took: 0.0000206 seconds
301.471: [GC (Allocation Failure)  389833K->69545K(1034240K), 0.0039094 secs]
301.475: Total time for which application threads were stopped: 0.0040919 seconds, Stopping threads took: 0.0000287 seconds
301.540: [GC (Allocation Failure)  390057K->77355K(1034240K), 0.0038593 secs]
301.544: Total time for which application threads were stopped: 0.0040434 seconds, Stopping threads took: 0.0000216 seconds
301.611: [GC (Allocation Failure)  397867K->77323K(1034240K), 0.0038254 secs]
301.615: Total time for which application threads were stopped: 0.0040343 seconds, Stopping threads took: 0.0000265 seconds
301.683: [GC (Allocation Failure)  397835K->77731K(1020416K), 0.0040142 secs]
301.687: Total time for which application threads were stopped: 0.0041833 seconds, Stopping threads took: 0.0000262 seconds
301.754: [GC (Allocation Failure)  398243K->85349K(1033728K), 0.0040336 secs]
301.759: Total time for which application threads were stopped: 0.0042130 seconds, Stopping threads took: 0.0000284 seconds
301.826: [GC (Allocation Failure)  404837K->85317K(1033728K), 0.0036359 secs]
301.830: Total time for which application threads were stopped: 0.0038136 seconds, Stopping threads took: 0.0000201 seconds
301.896: [GC (Allocation Failure)  404805K->85477K(1033728K), 0.0040701 secs]
301.900: Total time for which application threads were stopped: 0.0042401 seconds, Stopping threads took: 0.0000206 seconds
301.967: [GC (Allocation Failure)  404965K->93447K(1033728K), 0.0038239 secs]
301.971: Total time for which application threads were stopped: 0.0039925 seconds, Stopping threads took: 0.0000207 seconds
302.037: [GC (Allocation Failure)  412934K->89477K(1034240K), 0.0024663 secs]
302.040: Total time for which application threads were stopped: 0.0026442 seconds, Stopping threads took: 0.0000202 seconds
302.109: [GC (Allocation Failure)  409477K->93551K(1033728K), 0.0038691 secs]
302.113: Total time for which application threads were stopped: 0.0040632 seconds, Stopping threads took: 0.0000202 seconds
302.181: [GC (Allocation Failure)  413551K->97551K(1034752K), 0.0036995 secs]
302.185: Total time for which application threads were stopped: 0.0038989 seconds, Stopping threads took: 0.0000267 seconds
302.253: [GC (Allocation Failure)  419087K->91757K(1034752K), 0.0014768 secs]
302.255: Total time for which application threads were stopped: 0.0016004 seconds, Stopping threads took: 0.0000178 seconds
302.325: [GC (Allocation Failure)  413293K->97623K(1035264K), 0.0038285 secs]
302.329: Total time for which application threads were stopped: 0.0040090 seconds, Stopping threads took: 0.0000200 seconds
302.396: [GC (Allocation Failure)  419671K->101703K(1034752K), 0.0042324 secs]
302.400: Total time for which application threads were stopped: 0.0043963 seconds, Stopping threads took: 0.0000206 seconds
302.465: [GC (Allocation Failure)  423489K->97765K(1035776K), 0.0027668 secs]
302.468: Total time for which application threads were stopped: 0.0029323 seconds, Stopping threads took: 0.0000203 seconds
302.538: [GC (Allocation Failure)  420837K->101831K(1035264K), 0.0040570 secs]
302.542: Total time for which application threads were stopped: 0.0042379 seconds, Stopping threads took: 0.0000204 seconds
302.610: [GC (Allocation Failure)  424903K->105799K(1035264K), 0.0037556 secs]
302.614: Total time for which application threads were stopped: 0.0039301 seconds, Stopping threads took: 0.0000230 seconds
302.683: [GC (Allocation Failure)  429383K->105831K(1035776K), 0.0036688 secs]
302.687: Total time for which application threads were stopped: 0.0038354 seconds, Stopping threads took: 0.0000270 seconds
302.755: [GC (Allocation Failure)  429415K->105863K(1034752K), 0.0037843 secs]
302.759: Total time for which application threads were stopped: 0.0039577 seconds, Stopping threads took: 0.0000246 seconds
302.827: [GC (Allocation Failure)  428423K->113866K(1035264K), 0.0038866 secs]
302.831: Total time for which application threads were stopped: 0.0040933 seconds, Stopping threads took: 0.0000250 seconds
302.900: [GC (Allocation Failure)  436426K->113866K(1034240K), 0.0038970 secs]
302.904: Total time for which application threads were stopped: 0.0040642 seconds, Stopping threads took: 0.0000173 seconds
302.973: [GC (Allocation Failure)  435402K->113866K(1034752K), 0.0038461 secs]
302.977: Total time for which application threads were stopped: 0.0040293 seconds, Stopping threads took: 0.0000174 seconds
303.044: [GC (Allocation Failure)  435402K->121900K(1033728K), 0.0038688 secs]
303.048: Total time for which application threads were stopped: 0.0040194 seconds, Stopping threads took: 0.0000179 seconds
303.118: [GC (Allocation Failure)  442412K->121868K(1034240K), 0.0038048 secs]
303.122: Total time for which application threads were stopped: 0.0039784 seconds, Stopping threads took: 0.0000209 seconds
303.190: [GC (Allocation Failure)  442380K->122124K(1034240K), 0.0039260 secs]
303.194: Total time for which application threads were stopped: 0.0040986 seconds, Stopping threads took: 0.0000292 seconds
303.259: [GC (Allocation Failure)  442636K->129934K(1034240K), 0.0038890 secs]
303.263: Total time for which application threads were stopped: 0.0040574 seconds, Stopping threads took: 0.0000264 seconds
303.329: [GC (Allocation Failure)  450446K->129902K(1033216K), 0.0039523 secs]
303.333: Total time for which application threads were stopped: 0.0041083 seconds, Stopping threads took: 0.0000190 seconds
303.400: [GC (Allocation Failure)  449390K->130086K(1033728K), 0.0039547 secs]
303.405: Total time for which application threads were stopped: 0.0041117 seconds, Stopping threads took: 0.0000191 seconds
303.472: [GC (Allocation Failure)  449574K->137928K(1033728K), 0.0039659 secs]
303.476: Total time for which application threads were stopped: 0.0041289 seconds, Stopping threads took: 0.0000195 seconds
303.544: [GC (Allocation Failure)  457416K->137928K(1033728K), 0.0037787 secs]
303.548: Total time for which application threads were stopped: 0.0039518 seconds, Stopping threads took: 0.0000197 seconds
303.613: [GC (Allocation Failure)  457416K->138056K(1033728K), 0.0053834 secs]
303.618: Total time for which application threads were stopped: 0.0055606 seconds, Stopping threads took: 0.0000206 seconds
303.687: [GC (Allocation Failure)  457544K->145995K(1033728K), 0.0039967 secs]
303.691: Total time for which application threads were stopped: 0.0041645 seconds, Stopping threads took: 0.0000261 seconds
303.758: [GC (Allocation Failure)  465481K->142088K(1034240K), 0.0028136 secs]
303.761: Total time for which application threads were stopped: 0.0030303 seconds, Stopping threads took: 0.0000219 seconds
303.828: [GC (Allocation Failure)  462088K->146123K(1033728K), 0.0039745 secs]
303.832: Total time for which application threads were stopped: 0.0041351 seconds, Stopping threads took: 0.0000197 seconds
303.899: [GC (Allocation Failure)  466123K->150091K(1034752K), 0.0038204 secs]
303.903: Total time for which application threads were stopped: 0.0040154 seconds, Stopping threads took: 0.0000210 seconds
303.973: [GC (Allocation Failure)  471627K->144328K(1034752K), 0.0017954 secs]
303.975: Total time for which application threads were stopped: 0.0019231 seconds, Stopping threads took: 0.0000168 seconds
304.044: [GC (Allocation Failure)  465864K->150155K(1035264K), 0.0041431 secs]
304.048: Total time for which application threads were stopped: 0.0043139 seconds, Stopping threads took: 0.0000205 seconds
304.114: [GC (Allocation Failure)  472203K->154235K(1034752K), 0.0043006 secs]
304.118: Total time for which application threads were stopped: 0.0044624 seconds, Stopping threads took: 0.0000203 seconds
304.184: [GC (Allocation Failure)  476021K->150328K(1035776K), 0.0028591 secs]
304.187: Total time for which application threads were stopped: 0.0030307 seconds, Stopping threads took: 0.0000285 seconds
304.254: [GC (Allocation Failure)  473400K->154403K(1035264K), 0.0039700 secs]
304.258: Total time for which application threads were stopped: 0.0041652 seconds, Stopping threads took: 0.0000195 seconds
304.327: [GC (Allocation Failure)  477475K->158371K(1035264K), 0.0038800 secs]
304.331: Total time for which application threads were stopped: 0.0040457 seconds, Stopping threads took: 0.0000171 seconds
304.402: [GC (Allocation Failure)  481955K->158403K(1035776K), 0.0039634 secs]
304.406: Total time for which application threads were stopped: 0.0041145 seconds, Stopping threads took: 0.0000172 seconds
304.473: [GC (Allocation Failure)  481987K->158435K(1034752K), 0.0042963 secs]
304.478: Total time for which application threads were stopped: 0.0044917 seconds, Stopping threads took: 0.0000199 seconds
304.547: [GC (Allocation Failure)  480995K->166405K(1035264K), 0.0039756 secs]
304.551: Total time for which application threads were stopped: 0.0041563 seconds, Stopping threads took: 0.0000171 seconds
304.619: [GC (Allocation Failure)  488965K->166373K(1034240K), 0.0038393 secs]
304.623: Total time for which application threads were stopped: 0.0040079 seconds, Stopping threads took: 0.0000196 seconds
304.690: [GC (Allocation Failure)  487909K->166477K(1034752K), 0.0038029 secs]
304.694: Total time for which application threads were stopped: 0.0040107 seconds, Stopping threads took: 0.0000263 seconds
304.762: [GC (Allocation Failure)  488013K->174447K(1033728K), 0.0041253 secs]
304.766: Total time for which application threads were stopped: 0.0042761 seconds, Stopping threads took: 0.0000180 seconds
304.834: [GC (Allocation Failure)  494959K->174479K(1034240K), 0.0041092 secs]
304.838: Total time for which application threads were stopped: 0.0042827 seconds, Stopping threads took: 0.0000196 seconds
304.905: [GC (Allocation Failure)  494991K->174695K(1034240K), 0.0040114 secs]
304.909: Total time for which application threads were stopped: 0.0041949 seconds, Stopping threads took: 0.0000200 seconds
304.975: [GC (Allocation Failure)  495207K->182474K(1034240K), 0.0040440 secs]
304.979: Total time for which application threads were stopped: 0.0042447 seconds, Stopping threads took: 0.0000216 seconds
305.047: [GC (Allocation Failure)  502986K->182506K(1034240K), 0.0040659 secs]
305.051: Total time for which application threads were stopped: 0.0042269 seconds, Stopping threads took: 0.0000203 seconds
305.118: [GC (Allocation Failure)  503018K->182922K(1020416K), 0.0039269 secs]
305.122: Total time for which application threads were stopped: 0.0041031 seconds, Stopping threads took: 0.0000193 seconds
305.191: [GC (Allocation Failure)  503434K->190540K(1033728K), 0.0040186 secs]
305.196: Total time for which application threads were stopped: 0.0041956 seconds, Stopping threads took: 0.0000275 seconds
305.263: [GC (Allocation Failure)  510028K->190508K(1033728K), 0.0037540 secs]
305.266: Total time for which application threads were stopped: 0.0039184 seconds, Stopping threads took: 0.0000254 seconds
305.331: [GC (Allocation Failure)  509996K->190668K(1033728K), 0.0039539 secs]
305.335: Total time for which application threads were stopped: 0.0041434 seconds, Stopping threads took: 0.0000245 seconds
305.402: [GC (Allocation Failure)  510156K->198574K(1033728K), 0.0040660 secs]
305.407: Total time for which application threads were stopped: 0.0042578 seconds, Stopping threads took: 0.0000197 seconds
305.475: [GC (Allocation Failure)  518060K->194636K(1034240K), 0.0027545 secs]
305.478: Total time for which application threads were stopped: 0.0029088 seconds, Stopping threads took: 0.0000174 seconds
305.546: [GC (Allocation Failure)  514636K->198702K(1033728K), 0.0057165 secs]
305.551: Total time for which application threads were stopped: 0.0058761 seconds, Stopping threads took: 0.0000227 seconds
305.618: [GC (Allocation Failure)  518702K->202670K(1034752K), 0.0042269 secs]
305.623: Total time for which application threads were stopped: 0.0044118 seconds, Stopping threads took: 0.0000211 seconds
305.692: [GC (Allocation Failure)  524206K->196908K(1034752K), 0.0017819 secs]
305.693: Total time for which application threads were stopped: 0.0019240 seconds, Stopping threads took: 0.0000197 seconds
305.763: [GC (Allocation Failure)  518444K->202742K(1035776K), 0.0040901 secs]
305.767: Total time for which application threads were stopped: 0.0042605 seconds, Stopping threads took: 0.0000208 seconds
305.835: [GC (Allocation Failure)  525302K->206814K(1034752K), 0.0044297 secs]
305.840: Total time for which application threads were stopped: 0.0046101 seconds, Stopping threads took: 0.0000196 seconds
305.907: [GC (Allocation Failure)  529112K->202908K(1035776K), 0.0037128 secs]
305.911: Total time for which application threads were stopped: 0.0038687 seconds, Stopping threads took: 0.0000192 seconds
305.981: [GC (Allocation Failure)  525980K->206982K(1035264K), 0.0042771 secs]
305.985: Total time for which application threads were stopped: 0.0044450 seconds, Stopping threads took: 0.0000192 seconds
306.053: [GC (Allocation Failure)  530054K->210950K(1035264K), 0.0040384 secs]
306.057: Total time for which application threads were stopped: 0.0041888 seconds, Stopping threads took: 0.0000173 seconds
306.126: [GC (Allocation Failure)  534534K->210950K(1035776K), 0.0039532 secs]
306.130: Total time for which application threads were stopped: 0.0041118 seconds, Stopping threads took: 0.0000199 seconds
306.196: [GC (Allocation Failure)  534534K->211014K(1034752K), 0.0041553 secs]
306.200: Total time for which application threads were stopped: 0.0043308 seconds, Stopping threads took: 0.0000256 seconds
306.269: [GC (Allocation Failure)  533574K->218984K(1035264K), 0.0040335 secs]
306.273: Total time for which application threads were stopped: 0.0042282 seconds, Stopping threads took: 0.0000198 seconds
306.340: [GC (Allocation Failure)  541544K->218984K(1034240K), 0.0041398 secs]
306.345: Total time for which application threads were stopped: 0.0042983 seconds, Stopping threads took: 0.0000194 seconds
306.413: [GC (Allocation Failure)  540520K->219048K(1034752K), 0.0041415 secs]
306.418: Total time for which application threads were stopped: 0.0043004 seconds, Stopping threads took: 0.0000205 seconds
306.484: [GC (Allocation Failure)  540584K->227051K(1033728K), 0.0039663 secs]
306.488: Total time for which application threads were stopped: 0.0041381 seconds, Stopping threads took: 0.0000197 seconds
306.556: [GC (Allocation Failure)  547563K->227019K(1034240K), 0.0039859 secs]
306.560: Total time for which application threads were stopped: 0.0041574 seconds, Stopping threads took: 0.0000204 seconds
306.627: [GC (Allocation Failure)  547531K->227267K(1034240K), 0.0043249 secs]
306.631: Total time for which application threads were stopped: 0.0044931 seconds, Stopping threads took: 0.0000202 seconds
306.697: [GC (Allocation Failure)  547779K->235045K(1034240K), 0.0041431 secs]
306.702: Total time for which application threads were stopped: 0.0043131 seconds, Stopping threads took: 0.0000284 seconds
306.768: [GC (Allocation Failure)  555557K->235045K(1034240K), 0.0039701 secs]
306.772: Total time for which application threads were stopped: 0.0041428 seconds, Stopping threads took: 0.0000199 seconds
306.839: [GC (Allocation Failure)  555557K->235493K(1020416K), 0.0092185 secs]
306.848: Total time for which application threads were stopped: 0.0093749 seconds, Stopping threads took: 0.0000205 seconds
306.917: [GC (Allocation Failure)  556005K->243111K(1033728K), 0.0041118 secs]
306.921: Total time for which application threads were stopped: 0.0042730 seconds, Stopping threads took: 0.0000192 seconds
306.988: [GC (Allocation Failure)  562599K->243079K(1033728K), 0.0041521 secs]
306.992: Total time for which application threads were stopped: 0.0043130 seconds, Stopping threads took: 0.0000197 seconds
307.057: [GC (Allocation Failure)  562567K->243207K(1033728K), 0.0040920 secs]
307.061: Total time for which application threads were stopped: 0.0042686 seconds, Stopping threads took: 0.0000278 seconds
307.129: [GC (Allocation Failure)  562695K->251113K(1033728K), 0.0042265 secs]
307.133: Total time for which application threads were stopped: 0.0044114 seconds, Stopping threads took: 0.0000207 seconds
307.201: [GC (Allocation Failure)  570600K->247207K(1034240K), 0.0029533 secs]
307.204: Total time for which application threads were stopped: 0.0031632 seconds, Stopping threads took: 0.0000277 seconds
307.271: [GC (Allocation Failure)  567207K->251273K(1033728K), 0.0041731 secs]
307.275: Total time for which application threads were stopped: 0.0043505 seconds, Stopping threads took: 0.0000261 seconds
307.343: [GC (Allocation Failure)  571273K->255241K(1034752K), 0.0042242 secs]
307.347: Total time for which application threads were stopped: 0.0043818 seconds, Stopping threads took: 0.0000177 seconds
307.414: [GC (Allocation Failure)  576777K->249511K(1034752K), 0.0020630 secs]
307.416: Total time for which application threads were stopped: 0.0022102 seconds, Stopping threads took: 0.0000199 seconds
307.484: [GC (Allocation Failure)  571047K->255305K(1035776K), 0.0044619 secs]
307.489: Total time for which application threads were stopped: 0.0046400 seconds, Stopping threads took: 0.0000201 seconds
307.559: [GC (Allocation Failure)  577865K->259385K(1034752K), 0.0045188 secs]
307.563: Total time for which application threads were stopped: 0.0046863 seconds, Stopping threads took: 0.0000196 seconds
307.630: [GC (Allocation Failure)  581683K->255479K(1035776K), 0.0028595 secs]
307.633: Total time for which application threads were stopped: 0.0030490 seconds, Stopping threads took: 0.0000208 seconds
307.702: [GC (Allocation Failure)  578551K->259553K(1035264K), 0.0043921 secs]
307.707: Total time for which application threads were stopped: 0.0046058 seconds, Stopping threads took: 0.0000281 seconds
307.776: [GC (Allocation Failure)  582625K->263521K(1035264K), 0.0042558 secs]
307.780: Total time for which application threads were stopped: 0.0044357 seconds, Stopping threads took: 0.0000200 seconds
307.848: [GC (Allocation Failure)  587105K->263489K(1035776K), 0.0048225 secs]
307.853: Total time for which application threads were stopped: 0.0049783 seconds, Stopping threads took: 0.0000188 seconds
307.919: [GC (Allocation Failure)  587073K->263593K(1034752K), 0.0041083 secs]
307.923: Total time for which application threads were stopped: 0.0043028 seconds, Stopping threads took: 0.0000202 seconds
307.993: [GC (Allocation Failure)  586153K->271596K(1035264K), 0.0042453 secs]
307.997: Total time for which application threads were stopped: 0.0044153 seconds, Stopping threads took: 0.0000197 seconds
308.063: [GC (Allocation Failure)  594156K->271564K(1034240K), 0.0040251 secs]
308.067: Total time for which application threads were stopped: 0.0041733 seconds, Stopping threads took: 0.0000165 seconds
308.135: [GC (Allocation Failure)  593100K->271628K(1034752K), 0.0041654 secs]
308.139: Total time for which application threads were stopped: 0.0043328 seconds, Stopping threads took: 0.0000195 seconds
308.205: [GC (Allocation Failure)  593164K->279630K(1033728K), 0.0041521 secs]
308.209: Total time for which application threads were stopped: 0.0043215 seconds, Stopping threads took: 0.0000268 seconds
308.277: [GC (Allocation Failure)  600142K->279566K(1034240K), 0.0039151 secs]
308.281: Total time for which application threads were stopped: 0.0040871 seconds, Stopping threads took: 0.0000203 seconds
308.349: [GC (Allocation Failure)  600078K->279854K(1034240K), 0.0043977 secs]
308.353: Total time for which application threads were stopped: 0.0045613 seconds, Stopping threads took: 0.0000198 seconds
308.419: [GC (Allocation Failure)  600366K->287664K(1034240K), 0.0044161 secs]
308.424: Total time for which application threads were stopped: 0.0045889 seconds, Stopping threads took: 0.0000200 seconds
308.490: [GC (Allocation Failure)  608176K->287664K(1034240K), 0.0042071 secs]
308.495: Total time for which application threads were stopped: 0.0043916 seconds, Stopping threads took: 0.0000269 seconds
308.562: [GC (Allocation Failure)  608176K->288072K(1020416K), 0.0041828 secs]
308.566: Total time for which application threads were stopped: 0.0043315 seconds, Stopping threads took: 0.0000203 seconds
308.635: [GC (Allocation Failure)  608584K->295690K(1033728K), 0.0042337 secs]
308.639: Total time for which application threads were stopped: 0.0044059 seconds, Stopping threads took: 0.0000289 seconds
308.706: [GC (Allocation Failure)  615178K->295658K(1033728K), 0.0042929 secs]
308.711: Total time for which application threads were stopped: 0.0045172 seconds, Stopping threads took: 0.0000502 seconds
308.778: [GC (Allocation Failure)  615146K->295786K(1033728K), 0.0043849 secs]
308.782: Total time for which application threads were stopped: 0.0045627 seconds, Stopping threads took: 0.0000191 seconds
308.852: [GC (Allocation Failure)  615274K->303661K(1033728K), 0.0049827 secs]
308.857: Total time for which application threads were stopped: 0.0051781 seconds, Stopping threads took: 0.0000206 seconds
308.924: [GC (Allocation Failure)  623147K->299754K(1034240K), 0.0030353 secs]
308.927: Total time for which application threads were stopped: 0.0031924 seconds, Stopping threads took: 0.0000199 seconds
308.994: [GC (Allocation Failure)  619754K->303853K(1033728K), 0.0042311 secs]
308.998: Total time for which application threads were stopped: 0.0044129 seconds, Stopping threads took: 0.0000212 seconds
309.064: [GC (Allocation Failure)  623853K->307821K(1034752K), 0.0043558 secs]
309.068: Total time for which application threads were stopped: 0.0045281 seconds, Stopping threads took: 0.0000209 seconds
309.137: [GC (Allocation Failure)  629357K->302058K(1034752K), 0.0020070 secs]
309.139: Total time for which application threads were stopped: 0.0021521 seconds, Stopping threads took: 0.0000192 seconds
309.209: [GC (Allocation Failure)  623594K->307885K(1035776K), 0.0043246 secs]
309.213: Total time for which application threads were stopped: 0.0045012 seconds, Stopping threads took: 0.0000267 seconds
309.281: [GC (Allocation Failure)  630445K->311957K(1034752K), 0.0046056 secs]
309.286: Total time for which application threads were stopped: 0.0047872 seconds, Stopping threads took: 0.0000205 seconds
309.354: [GC (Allocation Failure)  634254K->308018K(1035776K), 0.0031871 secs]
309.357: Total time for which application threads were stopped: 0.0033587 seconds, Stopping threads took: 0.0000210 seconds
309.425: [GC (Allocation Failure)  631090K->312109K(1035264K), 0.0044788 secs]
309.430: Total time for which application threads were stopped: 0.0046522 seconds, Stopping threads took: 0.0000203 seconds
309.498: [GC (Allocation Failure)  635181K->316077K(1035264K), 0.0042595 secs]
309.502: Total time for which application threads were stopped: 0.0044521 seconds, Stopping threads took: 0.0000364 seconds
309.570: [GC (Allocation Failure)  639661K->316077K(1035776K), 0.0040593 secs]
309.574: Total time for which application threads were stopped: 0.0042421 seconds, Stopping threads took: 0.0000198 seconds
309.641: [GC (Allocation Failure)  639661K->316141K(1034752K), 0.0043757 secs]
309.646: Total time for which application threads were stopped: 0.0045637 seconds, Stopping threads took: 0.0000213 seconds
309.714: [GC (Allocation Failure)  638701K->324143K(1035264K), 0.0043811 secs]
309.719: Total time for which application threads were stopped: 0.0045749 seconds, Stopping threads took: 0.0000462 seconds
309.787: [GC (Allocation Failure)  646703K->324143K(1034240K), 0.0041646 secs]
309.792: Total time for which application threads were stopped: 0.0043320 seconds, Stopping threads took: 0.0000196 seconds
309.861: [GC (Allocation Failure)  645679K->324143K(1034752K), 0.0060903 secs]
309.867: Total time for which application threads were stopped: 0.0062521 seconds, Stopping threads took: 0.0000262 seconds
309.933: [GC (Allocation Failure)  645679K->332145K(1033728K), 0.0044132 secs]
309.938: Total time for which application threads were stopped: 0.0045733 seconds, Stopping threads took: 0.0000199 seconds
310.006: [GC (Allocation Failure)  652657K->332177K(1034240K), 0.0041227 secs]
310.010: Total time for which application threads were stopped: 0.0043115 seconds, Stopping threads took: 0.0000199 seconds
310.078: [GC (Allocation Failure)  652689K->332361K(1034240K), 0.0043046 secs]
310.082: Total time for which application threads were stopped: 0.0044708 seconds, Stopping threads took: 0.0000173 seconds
310.149: [GC (Allocation Failure)  652873K->340172K(1034240K), 0.0044518 secs]
310.153: Total time for which application threads were stopped: 0.0046310 seconds, Stopping threads took: 0.0000218 seconds
310.220: [GC (Allocation Failure)  660684K->340172K(1034240K), 0.0049485 secs]
310.225: Total time for which application threads were stopped: 0.0051493 seconds, Stopping threads took: 0.0000268 seconds
310.294: [GC (Allocation Failure)  660684K->340620K(1020416K), 0.0043891 secs]
310.298: Total time for which application threads were stopped: 0.0045679 seconds, Stopping threads took: 0.0000197 seconds
310.365: [GC (Allocation Failure)  661132K->348206K(1033728K), 0.0044958 secs]
310.370: Total time for which application threads were stopped: 0.0046642 seconds, Stopping threads took: 0.0000205 seconds
310.437: [GC (Allocation Failure)  667694K->348238K(1033728K), 0.0044398 secs]
310.441: Total time for which application threads were stopped: 0.0046102 seconds, Stopping threads took: 0.0000195 seconds
310.507: [GC (Allocation Failure)  667726K->348334K(1033728K), 0.0044309 secs]
310.512: Total time for which application threads were stopped: 0.0045915 seconds, Stopping threads took: 0.0000196 seconds
310.580: [GC (Allocation Failure)  667822K->356240K(1033728K), 0.0042490 secs]
310.584: Total time for which application threads were stopped: 0.0044423 seconds, Stopping threads took: 0.0000196 seconds
310.652: [GC (Allocation Failure)  675726K->352334K(1034240K), 0.0033311 secs]
310.655: Total time for which application threads were stopped: 0.0034895 seconds, Stopping threads took: 0.0000195 seconds
310.723: [GC (Allocation Failure)  672334K->356400K(1033728K), 0.0042525 secs]
310.728: Total time for which application threads were stopped: 0.0044486 seconds, Stopping threads took: 0.0000288 seconds
310.795: [GC (Allocation Failure)  676400K->360368K(1034752K), 0.0043995 secs]
310.800: Total time for which application threads were stopped: 0.0045941 seconds, Stopping threads took: 0.0000201 seconds
310.870: [GC (Allocation Failure)  681904K->354606K(1034752K), 0.0021251 secs]
310.872: Total time for which application threads were stopped: 0.0022805 seconds, Stopping threads took: 0.0000186 seconds
310.941: [GC (Allocation Failure)  676142K->360456K(1035264K), 0.0044104 secs]
310.945: Total time for which application threads were stopped: 0.0045721 seconds, Stopping threads took: 0.0000201 seconds
311.011: [GC (Allocation Failure)  682504K->364504K(1034752K), 0.0046220 secs]
311.016: Total time for which application threads were stopped: 0.0048164 seconds, Stopping threads took: 0.0000205 seconds
311.083: [GC (Allocation Failure)  686290K->360598K(1035776K), 0.0034829 secs]
311.086: Total time for which application threads were stopped: 0.0036490 seconds, Stopping threads took: 0.0000201 seconds
311.154: [GC (Allocation Failure)  683670K->364656K(1035264K), 0.0046280 secs]
311.159: Total time for which application threads were stopped: 0.0047989 seconds, Stopping threads took: 0.0000196 seconds
311.227: [GC (Allocation Failure)  687728K->368624K(1035264K), 0.0042845 secs]
311.231: Total time for which application threads were stopped: 0.0044877 seconds, Stopping threads took: 0.0000285 seconds
311.301: [GC (Allocation Failure)  692208K->368624K(1035776K), 0.0045578 secs]
311.305: Total time for which application threads were stopped: 0.0047227 seconds, Stopping threads took: 0.0000194 seconds
311.373: [GC (Allocation Failure)  692208K->368680K(1034752K), 0.0042573 secs]
311.377: Total time for which application threads were stopped: 0.0044200 seconds, Stopping threads took: 0.0000193 seconds
311.444: [GC (Allocation Failure)  691240K->376650K(1035264K), 0.0044048 secs]
311.449: Total time for which application threads were stopped: 0.0045651 seconds, Stopping threads took: 0.0000196 seconds
311.517: [GC (Allocation Failure)  699210K->376650K(1034240K), 0.0043439 secs]
311.521: Total time for which application threads were stopped: 0.0045261 seconds, Stopping threads took: 0.0000207 seconds
311.589: [GC (Allocation Failure)  698186K->376682K(1034752K), 0.0052126 secs]
311.594: Total time for which application threads were stopped: 0.0053866 seconds, Stopping threads took: 0.0000202 seconds
311.660: [GC (Allocation Failure)  698218K->384717K(1033728K), 0.0046522 secs]
311.665: Total time for which application threads were stopped: 0.0048405 seconds, Stopping threads took: 0.0000221 seconds
311.733: [GC (Allocation Failure)  705229K->384717K(1034240K), 0.0045075 secs]
311.738: Total time for which application threads were stopped: 0.0047022 seconds, Stopping threads took: 0.0000261 seconds
311.804: [GC (Allocation Failure)  705229K->384901K(1034240K), 0.0046018 secs]
311.809: Total time for which application threads were stopped: 0.0047671 seconds, Stopping threads took: 0.0000216 seconds
311.878: [GC (Allocation Failure)  705413K->392711K(1034240K), 0.0045821 secs]
311.882: Total time for which application threads were stopped: 0.0047605 seconds, Stopping threads took: 0.0000206 seconds
311.949: [GC (Allocation Failure)  713223K->392711K(1034240K), 0.0043185 secs]
311.953: Total time for which application threads were stopped: 0.0045216 seconds, Stopping threads took: 0.0000286 seconds
312.022: [GC (Allocation Failure)  713223K->393159K(1020416K), 0.0044348 secs]
312.026: Total time for which application threads were stopped: 0.0046147 seconds, Stopping threads took: 0.0000191 seconds
312.095: [GC (Allocation Failure)  713671K->400777K(1033728K), 0.0044378 secs]
312.100: Total time for which application threads were stopped: 0.0046150 seconds, Stopping threads took: 0.0000189 seconds
312.167: [GC (Allocation Failure)  720265K->400745K(1033728K), 0.0042217 secs]
312.171: Total time for which application threads were stopped: 0.0044121 seconds, Stopping threads took: 0.0000192 seconds
312.237: [GC (Allocation Failure)  720233K->400873K(1033728K), 0.0044568 secs]
312.242: Total time for which application threads were stopped: 0.0046653 seconds, Stopping threads took: 0.0000254 seconds
312.311: [GC (Allocation Failure)  720361K->408811K(1033728K), 0.0045747 secs]
312.316: Total time for which application threads were stopped: 0.0047326 seconds, Stopping threads took: 0.0000175 seconds
312.383: [GC (Allocation Failure)  728298K->404873K(1034240K), 0.0031914 secs]
312.386: Total time for which application threads were stopped: 0.0033602 seconds, Stopping threads took: 0.0000200 seconds
312.455: [GC (Allocation Failure)  724873K->408939K(1033728K), 0.0045937 secs]
312.459: Total time for which application threads were stopped: 0.0047676 seconds, Stopping threads took: 0.0000202 seconds
312.525: [GC (Allocation Failure)  728939K->412875K(1034752K), 0.0045953 secs]
312.530: Total time for which application threads were stopped: 0.0047760 seconds, Stopping threads took: 0.0000204 seconds
312.598: [GC (Allocation Failure)  734411K->407177K(1034752K), 0.0022456 secs]
312.600: Total time for which application threads were stopped: 0.0023975 seconds, Stopping threads took: 0.0000206 seconds
312.668: [GC (Allocation Failure)  728713K->413003K(1035776K), 0.0044832 secs]
312.673: Total time for which application threads were stopped: 0.0046494 seconds, Stopping threads took: 0.0000205 seconds
312.742: [GC (Allocation Failure)  735563K->417043K(1034752K), 0.0077106 secs]
312.750: Total time for which application threads were stopped: 0.0078971 seconds, Stopping threads took: 0.0000263 seconds
312.818: [GC (Allocation Failure)  739341K->413169K(1035776K), 0.0034893 secs]
312.822: Total time for which application threads were stopped: 0.0036580 seconds, Stopping threads took: 0.0000200 seconds
312.894: [GC (Allocation Failure)  736241K->417163K(1035264K), 0.0045712 secs]
312.899: Total time for which application threads were stopped: 0.0047227 seconds, Stopping threads took: 0.0000166 seconds
312.968: [GC (Allocation Failure)  740235K->421163K(1035264K), 0.0045441 secs]
312.972: Total time for which application threads were stopped: 0.0047208 seconds, Stopping threads took: 0.0000203 seconds
313.040: [GC (Allocation Failure)  744747K->421163K(1035776K), 0.0044141 secs]
313.045: Total time for which application threads were stopped: 0.0045850 seconds, Stopping threads took: 0.0000199 seconds
313.112: [GC (Allocation Failure)  744747K->421227K(1034752K), 0.0044950 secs]
313.116: Total time for which application threads were stopped: 0.0046543 seconds, Stopping threads took: 0.0000198 seconds
313.184: [GC (Allocation Failure)  743787K->429198K(1035264K), 0.0044882 secs]
313.189: Total time for which application threads were stopped: 0.0046665 seconds, Stopping threads took: 0.0000261 seconds
313.255: [GC (Allocation Failure)  751758K->429166K(1034240K), 0.0044910 secs]
313.260: Total time for which application threads were stopped: 0.0046538 seconds, Stopping threads took: 0.0000202 seconds
313.327: [GC (Allocation Failure)  750702K->429254K(1034752K), 0.0045010 secs]
313.331: Total time for which application threads were stopped: 0.0046677 seconds, Stopping threads took: 0.0000210 seconds
313.397: [GC (Allocation Failure)  750790K->437224K(1034752K), 0.0044855 secs]
313.402: Total time for which application threads were stopped: 0.0046439 seconds, Stopping threads took: 0.0000197 seconds
313.469: [GC (Allocation Failure)  758760K->437224K(1029120K), 0.0044263 secs]
313.473: Total time for which application threads were stopped: 0.0046291 seconds, Stopping threads took: 0.0000508 seconds
313.539: [GC (Allocation Failure)  758760K->437448K(1034240K), 0.0064006 secs]
313.545: Total time for which application threads were stopped: 0.0065702 seconds, Stopping threads took: 0.0000209 seconds
313.613: [GC (Allocation Failure)  757960K->445258K(1034240K), 0.0044503 secs]
313.618: Total time for which application threads were stopped: 0.0046204 seconds, Stopping threads took: 0.0000225 seconds
313.687: [GC (Allocation Failure)  765770K->445258K(1034240K), 0.0041749 secs]
313.691: Total time for which application threads were stopped: 0.0043548 seconds, Stopping threads took: 0.0000220 seconds
313.759: [GC (Allocation Failure)  765770K->445674K(1020416K), 0.0046276 secs]
313.764: Total time for which application threads were stopped: 0.0047873 seconds, Stopping threads took: 0.0000198 seconds
313.830: [GC (Allocation Failure)  766186K->453324K(1033728K), 0.0046334 secs]
313.834: Total time for which application threads were stopped: 0.0048220 seconds, Stopping threads took: 0.0000199 seconds
313.904: [GC (Allocation Failure)  772812K->453292K(1033728K), 0.0045658 secs]
313.908: Total time for which application threads were stopped: 0.0047251 seconds, Stopping threads took: 0.0000200 seconds
313.973: [GC (Allocation Failure)  772780K->453420K(1033728K), 0.0046044 secs]
313.978: Total time for which application threads were stopped: 0.0047743 seconds, Stopping threads took: 0.0000203 seconds
314.045: [GC (Allocation Failure)  772908K->461327K(1033728K), 0.0053093 secs]
314.050: Total time for which application threads were stopped: 0.0054942 seconds, Stopping threads took: 0.0000203 seconds
314.118: [GC (Allocation Failure)  780815K->461327K(1033728K), 0.0046731 secs]
314.123: Total time for which application threads were stopped: 0.0048891 seconds, Stopping threads took: 0.0000227 seconds
314.191: [GC (Allocation Failure)  780815K->461383K(1033728K), 0.0045006 secs]
314.196: Total time for which application threads were stopped: 0.0046701 seconds, Stopping threads took: 0.0000198 seconds
314.263: [GC (Allocation Failure)  780871K->469353K(1032704K), 0.0047313 secs]
314.268: Total time for which application threads were stopped: 0.0048923 seconds, Stopping threads took: 0.0000205 seconds
314.335: [GC (Allocation Failure)  787817K->463783K(1033216K), 0.0026293 secs]
314.337: Total time for which application threads were stopped: 0.0027829 seconds, Stopping threads took: 0.0000201 seconds
314.406: [GC (Allocation Failure)  782247K->469609K(1034752K), 0.0046849 secs]
314.411: Total time for which application threads were stopped: 0.0048754 seconds, Stopping threads took: 0.0000265 seconds
314.479: [GC (Allocation Failure)  790121K->473497K(1033728K), 0.0046847 secs]
314.483: Total time for which application threads were stopped: 0.0049022 seconds, Stopping threads took: 0.0000266 seconds
314.552: [GC (Allocation Failure)  794009K->480391K(1029120K), 0.0074811 secs]
314.560: Total time for which application threads were stopped: 0.0076526 seconds, Stopping threads took: 0.0000203 seconds
314.627: [GC (Allocation Failure)  795783K->474281K(1031680K), 0.0045826 secs]
314.631: Total time for which application threads were stopped: 0.0047543 seconds, Stopping threads took: 0.0000212 seconds
314.698: [GC (Allocation Failure)  789673K->474153K(1032704K), 0.0046355 secs]
314.702: Total time for which application threads were stopped: 0.0047964 seconds, Stopping threads took: 0.0000205 seconds
314.767: [GC (Allocation Failure)  791081K->477513K(1032192K), 0.0052568 secs]
314.772: Total time for which application threads were stopped: 0.0054212 seconds, Stopping threads took: 0.0000208 seconds
314.840: [GC (Allocation Failure)  794441K->482283K(1033216K), 0.0105995 secs]
314.850: Total time for which application threads were stopped: 0.0107966 seconds, Stopping threads took: 0.0000202 seconds
314.919: [GC (Allocation Failure)  800235K->482155K(1032704K), 0.0046981 secs]
314.924: Total time for which application threads were stopped: 0.0048654 seconds, Stopping threads took: 0.0000182 seconds
314.990: [GC (Allocation Failure)  800107K->483179K(1033216K), 0.0047726 secs]
314.995: Total time for which application threads were stopped: 0.0049407 seconds, Stopping threads took: 0.0000188 seconds
315.062: [GC (Allocation Failure)  801643K->490222K(1033216K), 0.0044162 secs]
315.067: Total time for which application threads were stopped: 0.0046185 seconds, Stopping threads took: 0.0000222 seconds
315.136: [GC (Allocation Failure)  808686K->490190K(1033728K), 0.0046663 secs]
315.141: Total time for which application threads were stopped: 0.0048428 seconds, Stopping threads took: 0.0000195 seconds
315.208: [GC (Allocation Failure)  809166K->491854K(1033216K), 0.0047623 secs]
315.213: Total time for which application threads were stopped: 0.0049275 seconds, Stopping threads took: 0.0000268 seconds
315.281: [GC (Allocation Failure)  810830K->498288K(1033728K), 0.0046514 secs]
315.286: Total time for which application threads were stopped: 0.0048231 seconds, Stopping threads took: 0.0000257 seconds
315.354: [GC (Allocation Failure)  817776K->498192K(1033728K), 0.0046310 secs]
315.359: Total time for which application threads were stopped: 0.0048160 seconds, Stopping threads took: 0.0000202 seconds
315.425: [GC (Allocation Failure)  817680K->498568K(1033728K), 0.0047736 secs]
315.430: Total time for which application threads were stopped: 0.0049494 seconds, Stopping threads took: 0.0000205 seconds
315.497: [GC (Allocation Failure)  818056K->506250K(1033728K), 0.0047588 secs]
315.502: Total time for which application threads were stopped: 0.0049579 seconds, Stopping threads took: 0.0000215 seconds
315.571: [GC (Allocation Failure)  825738K->506250K(1033728K), 0.0045292 secs]
315.576: Total time for which application threads were stopped: 0.0047092 seconds, Stopping threads took: 0.0000169 seconds
315.643: [GC (Allocation Failure)  825738K->509866K(1033728K), 0.0054064 secs]
315.649: Total time for which application threads were stopped: 0.0055665 seconds, Stopping threads took: 0.0000194 seconds
315.717: [GC (Allocation Failure)  829354K->514348K(1034240K), 0.0082288 secs]
315.725: Total time for which application threads were stopped: 0.0083858 seconds, Stopping threads took: 0.0000280 seconds
315.793: [GC (Allocation Failure)  834860K->514316K(1034240K), 0.0046864 secs]
315.797: Total time for which application threads were stopped: 0.0048348 seconds, Stopping threads took: 0.0000176 seconds
315.867: [GC (Allocation Failure)  834828K->515012K(1034240K), 0.0048682 secs]
315.872: Total time for which application threads were stopped: 0.0050287 seconds, Stopping threads took: 0.0000196 seconds
315.940: [GC (Allocation Failure)  835524K->522311K(1034240K), 0.0048490 secs]
315.945: Total time for which application threads were stopped: 0.0050172 seconds, Stopping threads took: 0.0000202 seconds
316.013: [GC (Allocation Failure)  842823K->522343K(1034240K), 0.0045068 secs]
316.017: Total time for which application threads were stopped: 0.0046675 seconds, Stopping threads took: 0.0000199 seconds
316.084: [GC (Allocation Failure)  842855K->523271K(1034240K), 0.0046033 secs]
316.089: Total time for which application threads were stopped: 0.0047758 seconds, Stopping threads took: 0.0000206 seconds
316.157: [GC (Allocation Failure)  843783K->530377K(1034240K), 0.0046907 secs]
316.162: Total time for which application threads were stopped: 0.0048694 seconds, Stopping threads took: 0.0000196 seconds
316.231: [GC (Allocation Failure)  850889K->530377K(1034240K), 0.0053409 secs]
316.236: Total time for which application threads were stopped: 0.0055044 seconds, Stopping threads took: 0.0000207 seconds
316.303: [GC (Allocation Failure)  850889K->531497K(1034240K), 0.0048421 secs]
316.308: Total time for which application threads were stopped: 0.0050141 seconds, Stopping threads took: 0.0000202 seconds
316.376: [GC (Allocation Failure)  852009K->538411K(1034240K), 0.0050198 secs]
316.381: Total time for which application threads were stopped: 0.0052043 seconds, Stopping threads took: 0.0000201 seconds
316.451: [GC (Allocation Failure)  858923K->538411K(1034240K), 0.0045821 secs]
316.456: Total time for which application threads were stopped: 0.0047364 seconds, Stopping threads took: 0.0000155 seconds
316.523: [GC (Allocation Failure)  858923K->538691K(1020416K), 0.0048479 secs]
316.528: Total time for which application threads were stopped: 0.0050193 seconds, Stopping threads took: 0.0000208 seconds
316.596: [GC (Allocation Failure)  859203K->546469K(1033728K), 0.0048291 secs]
316.601: Total time for which application threads were stopped: 0.0050034 seconds, Stopping threads took: 0.0000209 seconds
316.668: [GC (Allocation Failure)  865957K->546437K(1033728K), 0.0047008 secs]
316.673: Total time for which application threads were stopped: 0.0048625 seconds, Stopping threads took: 0.0000202 seconds
316.739: [GC (Allocation Failure)  865925K->546949K(1033728K), 0.0048185 secs]
316.744: Total time for which application threads were stopped: 0.0049832 seconds, Stopping threads took: 0.0000208 seconds
316.812: [GC (Allocation Failure)  866437K->554504K(1033728K), 0.0047459 secs]
316.817: Total time for which application threads were stopped: 0.0049169 seconds, Stopping threads took: 0.0000207 seconds
316.885: [GC (Allocation Failure)  873992K->554472K(1033728K), 0.0045287 secs]
316.890: Total time for which application threads were stopped: 0.0046975 seconds, Stopping threads took: 0.0000197 seconds
316.956: [GC (Allocation Failure)  873960K->555176K(1033728K), 0.0048267 secs]
316.961: Total time for which application threads were stopped: 0.0049981 seconds, Stopping threads took: 0.0000202 seconds
317.029: [GC (Allocation Failure)  874664K->562506K(1033728K), 0.0048540 secs]
317.034: Total time for which application threads were stopped: 0.0050241 seconds, Stopping threads took: 0.0000199 seconds
317.101: [GC (Allocation Failure)  881994K->562474K(1033728K), 0.0048039 secs]
317.106: Total time for which application threads were stopped: 0.0049988 seconds, Stopping threads took: 0.0000198 seconds
317.173: [GC (Allocation Failure)  881962K->564490K(1033728K), 0.0052191 secs]
317.178: Total time for which application threads were stopped: 0.0054016 seconds, Stopping threads took: 0.0000196 seconds
317.246: [GC (Allocation Failure)  883978K->570508K(1033728K), 0.0045755 secs]
317.251: Total time for which application threads were stopped: 0.0047428 seconds, Stopping threads took: 0.0000282 seconds
317.317: [GC (Allocation Failure)  889996K->570508K(1033728K), 0.0047587 secs]
317.322: Total time for which application threads were stopped: 0.0049426 seconds, Stopping threads took: 0.0000259 seconds
317.388: [GC (Allocation Failure)  889996K->571628K(1033728K), 0.0059044 secs]
317.394: Total time for which application threads were stopped: 0.0060776 seconds, Stopping threads took: 0.0000206 seconds
317.461: [GC (Allocation Failure)  891116K->578542K(1033728K), 0.0070100 secs]
317.468: Total time for which application threads were stopped: 0.0071837 seconds, Stopping threads took: 0.0000200 seconds
317.536: [GC (Allocation Failure)  898030K->578574K(1033728K), 0.0047318 secs]
317.541: Total time for which application threads were stopped: 0.0049429 seconds, Stopping threads took: 0.0000223 seconds
317.608: [GC (Allocation Failure)  898062K->578854K(1033728K), 0.0048494 secs]
317.613: Total time for which application threads were stopped: 0.0050083 seconds, Stopping threads took: 0.0000171 seconds
317.682: [GC (Allocation Failure)  898342K->586601K(1033728K), 0.0064875 secs]
317.688: Total time for which application threads were stopped: 0.0066441 seconds, Stopping threads took: 0.0000197 seconds
317.757: [GC (Allocation Failure)  906089K->586569K(1033728K), 0.0046805 secs]
317.761: Total time for which application threads were stopped: 0.0048527 seconds, Stopping threads took: 0.0000199 seconds
317.828: [GC (Allocation Failure)  906057K->587081K(1033728K), 0.0068041 secs]
317.835: Total time for which application threads were stopped: 0.0070046 seconds, Stopping threads took: 0.0000264 seconds
317.906: [GC (Allocation Failure)  906569K->594635K(1033728K), 0.0047289 secs]
317.911: Total time for which application threads were stopped: 0.0048913 seconds, Stopping threads took: 0.0000198 seconds
317.978: [GC (Allocation Failure)  914123K->594603K(1033728K), 0.0049943 secs]
317.983: Total time for which application threads were stopped: 0.0051590 seconds, Stopping threads took: 0.0000198 seconds
318.050: [GC (Allocation Failure)  914091K->595339K(1033728K), 0.0049251 secs]
318.055: Total time for which application threads were stopped: 0.0050894 seconds, Stopping threads took: 0.0000202 seconds
318.123: [GC (Allocation Failure)  914827K->602637K(1033728K), 0.0045608 secs]
318.127: Total time for which application threads were stopped: 0.0047552 seconds, Stopping threads took: 0.0000206 seconds
318.195: [GC (Allocation Failure)  922125K->602637K(1033728K), 0.0047922 secs]
318.200: Total time for which application threads were stopped: 0.0049876 seconds, Stopping threads took: 0.0000190 seconds
318.267: [GC (Allocation Failure)  922125K->603557K(1033728K), 0.0049377 secs]
318.272: Total time for which application threads were stopped: 0.0051318 seconds, Stopping threads took: 0.0000196 seconds
318.341: [GC (Allocation Failure)  923045K->610663K(1033728K), 0.0049809 secs]
318.346: Total time for which application threads were stopped: 0.0051420 seconds, Stopping threads took: 0.0000172 seconds
318.413: [GC (Allocation Failure)  930151K->610695K(1033728K), 0.0048126 secs]
318.418: Total time for which application threads were stopped: 0.0050114 seconds, Stopping threads took: 0.0000199 seconds
318.485: [GC (Allocation Failure)  930183K->610759K(1033728K), 0.0047206 secs]
318.490: Total time for which application threads were stopped: 0.0048915 seconds, Stopping threads took: 0.0000200 seconds
318.557: [GC (Allocation Failure)  930247K->618698K(1027072K), 0.0048126 secs]
318.562: Total time for which application threads were stopped: 0.0049908 seconds, Stopping threads took: 0.0000194 seconds
318.629: [GC (Allocation Failure)  938186K->618666K(1033216K), 0.0069799 secs]
318.636: Total time for which application threads were stopped: 0.0071387 seconds, Stopping threads took: 0.0000192 seconds
318.704: [GC (Allocation Failure)  937130K->619018K(1033216K), 0.0046886 secs]
318.709: Total time for which application threads were stopped: 0.0048624 seconds, Stopping threads took: 0.0000163 seconds
318.777: [GC (Allocation Failure)  937482K->626764K(1033216K), 0.0048530 secs]
318.782: Total time for which application threads were stopped: 0.0050211 seconds, Stopping threads took: 0.0000196 seconds
318.848: [GC (Allocation Failure)  945228K->626732K(1033216K), 0.0064095 secs]
318.854: Total time for which application threads were stopped: 0.0066153 seconds, Stopping threads took: 0.0000248 seconds
318.920: [GC (Allocation Failure)  945196K->627244K(1033216K), 0.0048573 secs]
318.925: Total time for which application threads were stopped: 0.0050260 seconds, Stopping threads took: 0.0000201 seconds
318.990: [GC (Allocation Failure)  945708K->634766K(1033216K), 0.0049221 secs]
318.995: Total time for which application threads were stopped: 0.0051077 seconds, Stopping threads took: 0.0000198 seconds
319.063: [GC (Allocation Failure)  953230K->634798K(1033216K), 0.0046572 secs]
319.067: Total time for which application threads were stopped: 0.0048202 seconds, Stopping threads took: 0.0000193 seconds
319.132: [GC (Allocation Failure)  953262K->634950K(1033216K), 0.0047985 secs]
319.137: Total time for which application threads were stopped: 0.0049651 seconds, Stopping threads took: 0.0000200 seconds
319.203: [GC (Allocation Failure)  953414K->642793K(1033216K), 0.0047524 secs]
319.208: Total time for which application threads were stopped: 0.0049213 seconds, Stopping threads took: 0.0000258 seconds
319.275: [GC (Allocation Failure)  961257K->642825K(1033216K), 0.0052032 secs]
319.280: Total time for which application threads were stopped: 0.0053794 seconds, Stopping threads took: 0.0000262 seconds
319.348: [GC (Allocation Failure)  961289K->642953K(1033216K), 0.0049477 secs]
319.353: Total time for which application threads were stopped: 0.0051326 seconds, Stopping threads took: 0.0000202 seconds
319.420: [GC (Allocation Failure)  961417K->650827K(1033216K), 0.0051128 secs]
319.425: Total time for which application threads were stopped: 0.0052998 seconds, Stopping threads took: 0.0000216 seconds
319.492: [GC (Allocation Failure)  969291K->650827K(1033216K), 0.0048754 secs]
319.497: Total time for which application threads were stopped: 0.0050381 seconds, Stopping threads took: 0.0000198 seconds
319.562: [GC (Allocation Failure)  969291K->650891K(1033216K), 0.0050697 secs]
319.567: Total time for which application threads were stopped: 0.0052388 seconds, Stopping threads took: 0.0000201 seconds
319.634: [GC (Allocation Failure)  969355K->658861K(1033216K), 0.0078392 secs]
319.642: Total time for which application threads were stopped: 0.0080101 seconds, Stopping threads took: 0.0000198 seconds
319.708: [GC (Allocation Failure)  977325K->658861K(1033216K), 0.0049588 secs]
319.713: Total time for which application threads were stopped: 0.0051348 seconds, Stopping threads took: 0.0000296 seconds
319.778: [GC (Allocation Failure)  977325K->659141K(1033216K), 0.0050395 secs]
319.783: Total time for which application threads were stopped: 0.0053505 seconds, Stopping threads took: 0.0000282 seconds
319.849: [GC (Allocation Failure)  977605K->666887K(1033216K), 0.0064114 secs]
319.855: Total time for which application threads were stopped: 0.0066101 seconds, Stopping threads took: 0.0000275 seconds
319.923: [GC (Allocation Failure)  985351K->666919K(1033216K), 0.0049097 secs]
319.928: Total time for which application threads were stopped: 0.0052069 seconds, Stopping threads took: 0.0000201 seconds
319.992: [GC (Allocation Failure)  985383K->667143K(1033216K), 0.0047902 secs]
319.997: Total time for which application threads were stopped: 0.0049568 seconds, Stopping threads took: 0.0000198 seconds
320.062: [GC (Allocation Failure)  985607K->674890K(1033216K), 0.0048723 secs]
320.067: Total time for which application threads were stopped: 0.0050399 seconds, Stopping threads took: 0.0000193 seconds
320.132: [GC (Allocation Failure)  993354K->671047K(1033216K), 0.0041347 secs]
320.136: Total time for which application threads were stopped: 0.0043002 seconds, Stopping threads took: 0.0000199 seconds
320.204: [GC (Allocation Failure)  989511K->675082K(1034752K), 0.0049504 secs]
320.209: Total time for which application threads were stopped: 0.0051244 seconds, Stopping threads took: 0.0000253 seconds
320.277: [GC (Allocation Failure)  995594K->679050K(1033728K), 0.0048101 secs]
320.282: Total time for which application threads were stopped: 0.0050041 seconds, Stopping threads took: 0.0000202 seconds
320.350: [GC (Allocation Failure)  999562K->671207K(1034240K), 0.0019904 secs]
320.352: Total time for which application threads were stopped: 0.0021417 seconds, Stopping threads took: 0.0000211 seconds
320.420: [GC (Allocation Failure)  991719K->679074K(1034240K), 0.0048266 secs]
320.425: Total time for which application threads were stopped: 0.0050226 seconds, Stopping threads took: 0.0000201 seconds
320.494: [GC (Allocation Failure)  999586K->683186K(1033216K), 0.0062155 secs]
320.500: Total time for which application threads were stopped: 0.0063638 seconds, Stopping threads took: 0.0000168 seconds
320.567: [GC (Allocation Failure)  1002674K->688911K(1032704K), 0.0075073 secs]
320.575: Total time for which application threads were stopped: 0.0076775 seconds, Stopping threads took: 0.0000198 seconds
320.642: [GC (Allocation Failure)  1008399K->683442K(1031680K), 0.0049193 secs]
320.647: Total time for which application threads were stopped: 0.0051140 seconds, Stopping threads took: 0.0000198 seconds
320.716: [GC (Allocation Failure)  999858K->683186K(1032192K), 0.0049770 secs]
320.721: Total time for which application threads were stopped: 0.0051437 seconds, Stopping threads took: 0.0000200 seconds
320.785: [GC (Allocation Failure)  999602K->677807K(1032704K), 0.0029681 secs]
320.788: Total time for which application threads were stopped: 0.0031216 seconds, Stopping threads took: 0.0000199 seconds
320.854: [GC (Allocation Failure)  995247K->683410K(1032704K), 0.0072379 secs]
320.862: Total time for which application threads were stopped: 0.0073892 seconds, Stopping threads took: 0.0000180 seconds
320.929: [GC (Allocation Failure)  1000850K->683186K(1033216K), 0.0051373 secs]
320.934: Total time for which application threads were stopped: 0.0053040 seconds, Stopping threads took: 0.0000195 seconds
320.999: [GC (Allocation Failure)  1001138K->683546K(1032704K), 0.0053423 secs]
321.005: Total time for which application threads were stopped: 0.0055059 seconds, Stopping threads took: 0.0000191 seconds
321.071: [GC (Allocation Failure)  1001498K->691228K(1033216K), 0.0047937 secs]
321.076: Total time for which application threads were stopped: 0.0049566 seconds, Stopping threads took: 0.0000201 seconds
321.143: [GC (Allocation Failure)  1009692K->691260K(1033216K), 0.0050179 secs]
321.148: Total time for which application threads were stopped: 0.0051819 seconds, Stopping threads took: 0.0000200 seconds
321.213: [GC (Allocation Failure)  1009724K->695348K(1033728K), 0.0073949 secs]
321.220: [Full GC (Ergonomics)  695348K->12595K(1033728K), 0.0182415 secs]
321.239: Total time for which application threads were stopped: 0.0259249 seconds, Stopping threads took: 0.0000254 seconds
321.306: [GC (Allocation Failure)  331571K->20757K(1033216K), 0.0034147 secs]
321.309: Total time for which application threads were stopped: 0.0035803 seconds, Stopping threads took: 0.0000202 seconds
321.379: [GC (Allocation Failure)  339733K->20685K(1034240K), 0.0036197 secs]
321.382: Total time for which application threads were stopped: 0.0037986 seconds, Stopping threads took: 0.0000200 seconds
321.447: [GC (Allocation Failure)  340685K->23469K(1033728K), 0.0043283 secs]
321.452: Total time for which application threads were stopped: 0.0044950 seconds, Stopping threads took: 0.0000213 seconds
321.521: [GC (Allocation Failure)  343469K->28751K(1034240K), 0.0038692 secs]
321.525: Total time for which application threads were stopped: 0.0040340 seconds, Stopping threads took: 0.0000211 seconds
321.593: [GC (Allocation Failure)  349263K->28719K(1034240K), 0.0037812 secs]
321.597: Total time for which application threads were stopped: 0.0039515 seconds, Stopping threads took: 0.0000201 seconds
321.665: [GC (Allocation Failure)  349231K->29127K(1034240K), 0.0037186 secs]
321.668: Total time for which application threads were stopped: 0.0038937 seconds, Stopping threads took: 0.0000212 seconds
321.737: [GC (Allocation Failure)  349639K->36778K(1034240K), 0.0036984 secs]
321.741: Total time for which application threads were stopped: 0.0038628 seconds, Stopping threads took: 0.0000204 seconds
321.809: [GC (Allocation Failure)  357290K->36746K(1034240K), 0.0036376 secs]
321.813: Total time for which application threads were stopped: 0.0038017 seconds, Stopping threads took: 0.0000201 seconds
321.881: [GC (Allocation Failure)  357258K->39434K(1034240K), 0.0042428 secs]
321.886: Total time for which application threads were stopped: 0.0044052 seconds, Stopping threads took: 0.0000197 seconds
321.954: [GC (Allocation Failure)  359946K->44844K(1034240K), 0.0036111 secs]
321.958: Total time for which application threads were stopped: 0.0038161 seconds, Stopping threads took: 0.0000219 seconds
322.025: [GC (Allocation Failure)  365356K->44812K(1034240K), 0.0038704 secs]
322.029: Total time for which application threads were stopped: 0.0040319 seconds, Stopping threads took: 0.0000203 seconds
322.097: [GC (Allocation Failure)  365324K->45604K(1033728K), 0.0040294 secs]
322.101: Total time for which application threads were stopped: 0.0041938 seconds, Stopping threads took: 0.0000201 seconds
322.169: [GC (Allocation Failure)  366116K->52934K(1034240K), 0.0037378 secs]
322.173: Total time for which application threads were stopped: 0.0039080 seconds, Stopping threads took: 0.0000200 seconds
322.244: [GC (Allocation Failure)  373446K->52838K(1034240K), 0.0038567 secs]
322.248: Total time for which application threads were stopped: 0.0040221 seconds, Stopping threads took: 0.0000197 seconds
322.315: [GC (Allocation Failure)  373350K->55878K(1034240K), 0.0043573 secs]
322.319: Total time for which application threads were stopped: 0.0045163 seconds, Stopping threads took: 0.0000194 seconds
322.389: [GC (Allocation Failure)  376390K->60904K(1034752K), 0.0036031 secs]
322.392: Total time for which application threads were stopped: 0.0037743 seconds, Stopping threads took: 0.0000201 seconds
322.460: [GC (Allocation Failure)  382440K->60840K(1034752K), 0.0037332 secs]
322.464: Total time for which application threads were stopped: 0.0038994 seconds, Stopping threads took: 0.0000193 seconds
322.529: [GC (Allocation Failure)  382376K->64104K(1034752K), 0.0044190 secs]
322.533: Total time for which application threads were stopped: 0.0045795 seconds, Stopping threads took: 0.0000202 seconds
322.601: [GC (Allocation Failure)  385640K->68907K(1034752K), 0.0038039 secs]
322.605: Total time for which application threads were stopped: 0.0039838 seconds, Stopping threads took: 0.0000201 seconds
322.674: [GC (Allocation Failure)  390443K->68875K(1034752K), 0.0039664 secs]
322.678: Total time for which application threads were stopped: 0.0041374 seconds, Stopping threads took: 0.0000204 seconds
322.746: [GC (Allocation Failure)  390411K->69323K(1034752K), 0.0037282 secs]
322.750: Total time for which application threads were stopped: 0.0038891 seconds, Stopping threads took: 0.0000268 seconds
322.819: [GC (Allocation Failure)  390859K->76941K(1033728K), 0.0039533 secs]
322.823: Total time for which application threads were stopped: 0.0041573 seconds, Stopping threads took: 0.0000236 seconds
322.893: [GC (Allocation Failure)  397453K->76909K(1034240K), 0.0038568 secs]
322.897: Total time for which application threads were stopped: 0.0040273 seconds, Stopping threads took: 0.0000204 seconds
322.964: [GC (Allocation Failure)  397421K->80621K(1034752K), 0.0046134 secs]
322.968: Total time for which application threads were stopped: 0.0048079 seconds, Stopping threads took: 0.0000188 seconds
323.038: [GC (Allocation Failure)  402157K->84975K(1034752K), 0.0038182 secs]
323.042: Total time for which application threads were stopped: 0.0039917 seconds, Stopping threads took: 0.0000209 seconds
323.108: [GC (Allocation Failure)  406511K->84943K(1034752K), 0.0036792 secs]
323.112: Total time for which application threads were stopped: 0.0038528 seconds, Stopping threads took: 0.0000209 seconds
323.177: [GC (Allocation Failure)  406479K->85767K(1034752K), 0.0040039 secs]
323.181: Total time for which application threads were stopped: 0.0041897 seconds, Stopping threads took: 0.0000210 seconds
323.252: [GC (Allocation Failure)  407303K->93066K(1034752K), 0.0036286 secs]
323.256: Total time for which application threads were stopped: 0.0038165 seconds, Stopping threads took: 0.0000175 seconds
323.324: [GC (Allocation Failure)  414602K->92970K(1034752K), 0.0038343 secs]
323.328: Total time for which application threads were stopped: 0.0040090 seconds, Stopping threads took: 0.0000256 seconds
323.394: [GC (Allocation Failure)  414506K->95018K(1034752K), 0.0041550 secs]
323.398: Total time for which application threads were stopped: 0.0043226 seconds, Stopping threads took: 0.0000214 seconds
323.465: [GC (Allocation Failure)  416554K->101036K(1034752K), 0.0064883 secs]
323.471: Total time for which application threads were stopped: 0.0066666 seconds, Stopping threads took: 0.0000285 seconds
323.538: [GC (Allocation Failure)  422572K->101004K(1034752K), 0.0039484 secs]
323.542: Total time for which application threads were stopped: 0.0041259 seconds, Stopping threads took: 0.0000227 seconds
323.608: [GC (Allocation Failure)  422540K->104268K(1034752K), 0.0047072 secs]
323.612: Total time for which application threads were stopped: 0.0048778 seconds, Stopping threads took: 0.0000221 seconds
323.679: [GC (Allocation Failure)  425804K->109038K(1034752K), 0.0039334 secs]
323.683: Total time for which application threads were stopped: 0.0041078 seconds, Stopping threads took: 0.0000205 seconds
323.751: [GC (Allocation Failure)  430574K->109070K(1034752K), 0.0040114 secs]
323.755: Total time for which application threads were stopped: 0.0041755 seconds, Stopping threads took: 0.0000283 seconds
323.821: [GC (Allocation Failure)  430606K->109446K(1034752K), 0.0038093 secs]
323.825: Total time for which application threads were stopped: 0.0039701 seconds, Stopping threads took: 0.0000174 seconds
323.896: [GC (Allocation Failure)  430982K->117128K(1029120K), 0.0039625 secs]
323.900: Total time for which application threads were stopped: 0.0041362 seconds, Stopping threads took: 0.0000205 seconds
323.967: [GC (Allocation Failure)  438664K->117064K(1034752K), 0.0040464 secs]
323.971: Total time for which application threads were stopped: 0.0042172 seconds, Stopping threads took: 0.0000207 seconds
324.039: [GC (Allocation Failure)  438088K->118184K(1034240K), 0.0040838 secs]
324.043: Total time for which application threads were stopped: 0.0042575 seconds, Stopping threads took: 0.0000201 seconds
324.112: [GC (Allocation Failure)  439208K->125131K(1034240K), 0.0039655 secs]
324.116: Total time for which application threads were stopped: 0.0041406 seconds, Stopping threads took: 0.0000207 seconds
324.183: [GC (Allocation Failure)  445643K->125099K(1034240K), 0.0038397 secs]
324.187: Total time for which application threads were stopped: 0.0040135 seconds, Stopping threads took: 0.0000207 seconds
324.254: [GC (Allocation Failure)  445611K->128971K(1034752K), 0.0046165 secs]
324.259: Total time for which application threads were stopped: 0.0047894 seconds, Stopping threads took: 0.0000207 seconds
324.327: [GC (Allocation Failure)  449995K->133229K(1034240K), 0.0040899 secs]
324.331: Total time for which application threads were stopped: 0.0042652 seconds, Stopping threads took: 0.0000206 seconds
324.398: [GC (Allocation Failure)  454253K->133165K(1034752K), 0.0038074 secs]
324.402: Total time for which application threads were stopped: 0.0039826 seconds, Stopping threads took: 0.0000200 seconds
324.469: [GC (Allocation Failure)  454701K->137229K(1034752K), 0.0047611 secs]
324.474: Total time for which application threads were stopped: 0.0049225 seconds, Stopping threads took: 0.0000203 seconds
324.540: [GC (Allocation Failure)  458765K->141199K(1035264K), 0.0039215 secs]
324.544: Total time for which application threads were stopped: 0.0040927 seconds, Stopping threads took: 0.0000198 seconds
324.614: [GC (Allocation Failure)  463759K->141199K(1035264K), 0.0038758 secs]
324.618: Total time for which application threads were stopped: 0.0040365 seconds, Stopping threads took: 0.0000196 seconds
324.687: [GC (Allocation Failure)  463759K->144455K(1035264K), 0.0046440 secs]
324.692: Total time for which application threads were stopped: 0.0048569 seconds, Stopping threads took: 0.0000192 seconds
324.762: [GC (Allocation Failure)  467015K->149225K(1035264K), 0.0040076 secs]
324.766: Total time for which application threads were stopped: 0.0041758 seconds, Stopping threads took: 0.0000198 seconds
324.832: [GC (Allocation Failure)  471785K->149161K(1035264K), 0.0040587 secs]
324.836: Total time for which application threads were stopped: 0.0042324 seconds, Stopping threads took: 0.0000203 seconds
324.904: [GC (Allocation Failure)  471721K->152649K(1035264K), 0.0048396 secs]
324.909: Total time for which application threads were stopped: 0.0050123 seconds, Stopping threads took: 0.0000199 seconds
324.979: [GC (Allocation Failure)  475209K->157292K(1035264K), 0.0039448 secs]
324.983: Total time for which application threads were stopped: 0.0041394 seconds, Stopping threads took: 0.0000204 seconds
325.053: [GC (Allocation Failure)  479852K->157228K(1035264K), 0.0040478 secs]
325.057: Total time for which application threads were stopped: 0.0042041 seconds, Stopping threads took: 0.0000165 seconds
325.123: [GC (Allocation Failure)  479788K->160876K(1035776K), 0.0049310 secs]
325.128: Total time for which application threads were stopped: 0.0051379 seconds, Stopping threads took: 0.0000202 seconds
325.197: [GC (Allocation Failure)  483948K->165358K(1035264K), 0.0064077 secs]
325.203: Total time for which application threads were stopped: 0.0065778 seconds, Stopping threads took: 0.0000201 seconds
325.271: [GC (Allocation Failure)  488430K->165262K(1035776K), 0.0039620 secs]
325.275: Total time for which application threads were stopped: 0.0041220 seconds, Stopping threads took: 0.0000195 seconds
325.341: [GC (Allocation Failure)  488334K->166574K(1035264K), 0.0042763 secs]
325.345: Total time for which application threads were stopped: 0.0044431 seconds, Stopping threads took: 0.0000205 seconds
325.411: [GC (Allocation Failure)  489646K->173328K(1035264K), 0.0047259 secs]
325.416: Total time for which application threads were stopped: 0.0049000 seconds, Stopping threads took: 0.0000199 seconds
325.486: [GC (Allocation Failure)  495888K->173328K(1035264K), 0.0040507 secs]
325.490: Total time for which application threads were stopped: 0.0042110 seconds, Stopping threads took: 0.0000201 seconds
325.559: [GC (Allocation Failure)  495888K->175272K(1035264K), 0.0041313 secs]
325.563: Total time for which application threads were stopped: 0.0042964 seconds, Stopping threads took: 0.0000203 seconds
325.631: [GC (Allocation Failure)  497832K->181354K(1035264K), 0.0038356 secs]
325.635: Total time for which application threads were stopped: 0.0040066 seconds, Stopping threads took: 0.0000193 seconds
325.701: [GC (Allocation Failure)  503914K->181354K(1035264K), 0.0039171 secs]
325.705: Total time for which application threads were stopped: 0.0040989 seconds, Stopping threads took: 0.0000261 seconds
325.773: [GC (Allocation Failure)  503914K->175496K(1035264K), 0.0015917 secs]
325.774: Total time for which application threads were stopped: 0.0017339 seconds, Stopping threads took: 0.0000248 seconds
325.843: [GC (Allocation Failure)  498056K->181546K(1034240K), 0.0051015 secs]
325.848: Total time for which application threads were stopped: 0.0052707 seconds, Stopping threads took: 0.0000250 seconds
