Java HotSpot(TM) 64-Bit Server VM (25.171-b11) for linux-amd64 JRE (1.8.0_171-b11), built on Mar 28 2018 17:07:08 by "java_re" with gcc 4.3.0 20080428 (Red Hat 4.3.0-8)
Memory: 4k page, physical 32883000k(29297460k free), swap 8000508k(8000508k free)
CommandLine flags: -XX:InitialHeapSize=1073741824 -XX:MaxHeapSize=1073741824 -XX:+PrintGC -XX:+PrintGCApplicationStoppedTime -XX:+PrintGCTimeStamps -XX:+UseCompressedClassPointers -XX:+UseCompressedOops -XX:+UseParallelGC 
0.276: [GC (Allocation Failure)  262144K->10380K(1005056K), 0.0051686 secs]
0.282: Total time for which application threads were stopped: 0.0053637 seconds, Stopping threads took: 0.0000174 seconds
0.345: [GC (Allocation Failure)  272524K->8690K(1005056K), 0.0035151 secs]
0.349: Total time for which application threads were stopped: 0.0037323 seconds, Stopping threads took: 0.0000752 seconds
0.405: [GC (Allocation Failure)  270834K->8594K(1005056K), 0.0028189 secs]
0.408: Total time for which application threads were stopped: 0.0029911 seconds, Stopping threads took: 0.0000200 seconds
0.464: [GC (Allocation Failure)  270738K->8562K(1005056K), 0.0041786 secs]
0.468: Total time for which application threads were stopped: 0.0043328 seconds, Stopping threads took: 0.0000270 seconds
0.523: [GC (Allocation Failure)  270706K->8754K(1005056K), 0.0034427 secs]
0.527: Total time for which application threads were stopped: 0.0036086 seconds, Stopping threads took: 0.0000198 seconds
0.583: [GC (Allocation Failure)  270898K->8594K(1038336K), 0.0044643 secs]
0.587: Total time for which application threads were stopped: 0.0046403 seconds, Stopping threads took: 0.0000208 seconds
0.664: [GC (Allocation Failure)  336786K->8588K(1037824K), 0.0038498 secs]
0.668: Total time for which application threads were stopped: 0.0040075 seconds, Stopping threads took: 0.0000191 seconds
0.739: [GC (Allocation Failure)  336780K->8652K(1038336K), 0.0037384 secs]
0.743: Total time for which application threads were stopped: 0.0038967 seconds, Stopping threads took: 0.0000201 seconds
0.816: [GC (Allocation Failure)  337356K->8588K(1038336K), 0.0035834 secs]
0.819: Total time for which application threads were stopped: 0.0037498 seconds, Stopping threads took: 0.0000277 seconds
0.888: [GC (Allocation Failure)  337292K->10284K(1037312K), 0.0035098 secs]
0.892: Total time for which application threads were stopped: 0.0036766 seconds, Stopping threads took: 0.0000198 seconds
0.962: [GC (Allocation Failure)  337964K->8588K(1037824K), 0.0034155 secs]
0.965: Total time for which application threads were stopped: 0.0035964 seconds, Stopping threads took: 0.0000178 seconds
1.034: [GC (Allocation Failure)  336268K->8588K(1037824K), 0.0036870 secs]
1.038: Total time for which application threads were stopped: 0.0038551 seconds, Stopping threads took: 0.0000199 seconds
1.105: [GC (Allocation Failure)  336268K->9548K(1028096K), 0.0044376 secs]
1.110: Total time for which application threads were stopped: 0.0045944 seconds, Stopping threads took: 0.0000200 seconds
1.178: [GC (Allocation Failure)  337228K->16814K(1037312K), 0.0038684 secs]
1.182: Total time for which application threads were stopped: 0.0040328 seconds, Stopping threads took: 0.0000188 seconds
1.251: [GC (Allocation Failure)  342958K->16622K(1036800K), 0.0036571 secs]
1.255: Total time for which application threads were stopped: 0.0038085 seconds, Stopping threads took: 0.0000197 seconds
1.321: [GC (Allocation Failure)  342766K->21964K(1034240K), 0.0065745 secs]
1.328: Total time for which application threads were stopped: 0.0067395 seconds, Stopping threads took: 0.0000186 seconds
1.396: [GC (Allocation Failure)  345548K->18926K(1035776K), 0.0037172 secs]
1.400: Total time for which application threads were stopped: 0.0038805 seconds, Stopping threads took: 0.0000193 seconds
1.468: [GC (Allocation Failure)  342510K->18798K(1036288K), 0.0039417 secs]
1.472: Total time for which application threads were stopped: 0.0040954 seconds, Stopping threads took: 0.0000197 seconds
1.539: [GC (Allocation Failure)  342891K->14828K(1035776K), 0.0024324 secs]
1.542: Total time for which application threads were stopped: 0.0026249 seconds, Stopping threads took: 0.0000192 seconds
1.610: [GC (Allocation Failure)  338924K->18926K(1035776K), 0.0039697 secs]
1.614: Total time for which application threads were stopped: 0.0041361 seconds, Stopping threads took: 0.0000196 seconds
1.682: [GC (Allocation Failure)  342510K->22926K(1035776K), 0.0036766 secs]
1.686: Total time for which application threads were stopped: 0.0038468 seconds, Stopping threads took: 0.0000211 seconds
1.753: [GC (Allocation Failure)  346510K->22926K(1036288K), 0.0037936 secs]
1.757: Total time for which application threads were stopped: 0.0039613 seconds, Stopping threads took: 0.0000201 seconds
1.824: [GC (Allocation Failure)  347534K->23246K(1024512K), 0.0044555 secs]
1.829: Total time for which application threads were stopped: 0.0046473 seconds, Stopping threads took: 0.0000224 seconds
1.897: [GC (Allocation Failure)  347854K->30960K(1035776K), 0.0091373 secs]
1.906: Total time for which application threads were stopped: 0.0093188 seconds, Stopping threads took: 0.0000167 seconds
1.976: [GC (Allocation Failure)  354544K->30928K(1035776K), 0.0035202 secs]
1.980: Total time for which application threads were stopped: 0.0037173 seconds, Stopping threads took: 0.0000171 seconds
2.047: [GC (Allocation Failure)  354512K->31472K(1034752K), 0.0044207 secs]
2.051: Total time for which application threads were stopped: 0.0045800 seconds, Stopping threads took: 0.0000205 seconds
2.120: [GC (Allocation Failure)  354032K->38994K(1035264K), 0.0036617 secs]
2.123: Total time for which application threads were stopped: 0.0038194 seconds, Stopping threads took: 0.0000202 seconds
2.191: [GC (Allocation Failure)  361554K->38962K(1035264K), 0.0046135 secs]
2.196: Total time for which application threads were stopped: 0.0047749 seconds, Stopping threads took: 0.0000195 seconds
2.264: [GC (Allocation Failure)  361522K->39210K(1022464K), 0.0044286 secs]
2.268: Total time for which application threads were stopped: 0.0045840 seconds, Stopping threads took: 0.0000261 seconds
2.337: [GC (Allocation Failure)  361770K->46989K(1034752K), 0.0045475 secs]
2.342: Total time for which application threads were stopped: 0.0047220 seconds, Stopping threads took: 0.0000252 seconds
2.410: [GC (Allocation Failure)  368525K->47021K(1034752K), 0.0037916 secs]
2.414: Total time for which application threads were stopped: 0.0039810 seconds, Stopping threads took: 0.0000199 seconds
2.481: [GC (Allocation Failure)  368557K->47021K(1034240K), 0.0045704 secs]
2.485: Total time for which application threads were stopped: 0.0047311 seconds, Stopping threads took: 0.0000178 seconds
2.555: [GC (Allocation Failure)  368557K->55023K(1034752K), 0.0038019 secs]
2.559: Total time for which application threads were stopped: 0.0039675 seconds, Stopping threads took: 0.0000194 seconds
2.627: [GC (Allocation Failure)  376559K->55023K(1034752K), 0.0044385 secs]
2.631: Total time for which application threads were stopped: 0.0045839 seconds, Stopping threads took: 0.0000197 seconds
2.698: [GC (Allocation Failure)  376559K->55183K(1021440K), 0.0044519 secs]
2.703: Total time for which application threads were stopped: 0.0046171 seconds, Stopping threads took: 0.0000196 seconds
2.772: [GC (Allocation Failure)  376719K->63057K(1034240K), 0.0039067 secs]
2.776: Total time for which application threads were stopped: 0.0040741 seconds, Stopping threads took: 0.0000197 seconds
2.842: [GC (Allocation Failure)  383569K->63057K(1034240K), 0.0037882 secs]
2.846: Total time for which application threads were stopped: 0.0039489 seconds, Stopping threads took: 0.0000203 seconds
2.913: [GC (Allocation Failure)  383569K->63369K(1034240K), 0.0052610 secs]
2.918: Total time for which application threads were stopped: 0.0054578 seconds, Stopping threads took: 0.0000260 seconds
2.987: [GC (Allocation Failure)  383881K->71115K(1034240K), 0.0038947 secs]
2.991: Total time for which application threads were stopped: 0.0040535 seconds, Stopping threads took: 0.0000204 seconds
3.060: [GC (Allocation Failure)  391627K->71083K(1034240K), 0.0038168 secs]
3.063: Total time for which application threads were stopped: 0.0039775 seconds, Stopping threads took: 0.0000199 seconds
3.132: [GC (Allocation Failure)  391595K->71627K(1020928K), 0.0047512 secs]
3.137: Total time for which application threads were stopped: 0.0049472 seconds, Stopping threads took: 0.0000414 seconds
3.205: [GC (Allocation Failure)  392139K->79150K(1033728K), 0.0040279 secs]
3.209: Total time for which application threads were stopped: 0.0041974 seconds, Stopping threads took: 0.0000207 seconds
3.275: [GC (Allocation Failure)  398638K->79150K(1033728K), 0.0038253 secs]
3.279: Total time for which application threads were stopped: 0.0040020 seconds, Stopping threads took: 0.0000259 seconds
3.345: [GC (Allocation Failure)  398638K->79334K(1033728K), 0.0047998 secs]
3.350: Total time for which application threads were stopped: 0.0049632 seconds, Stopping threads took: 0.0000168 seconds
3.419: [GC (Allocation Failure)  398822K->87144K(1033728K), 0.0039179 secs]
3.423: Total time for which application threads were stopped: 0.0040888 seconds, Stopping threads took: 0.0000200 seconds
3.491: [GC (Allocation Failure)  406632K->87144K(1033728K), 0.0037806 secs]
3.495: Total time for which application threads were stopped: 0.0039425 seconds, Stopping threads took: 0.0000205 seconds
3.560: [GC (Allocation Failure)  406632K->87304K(1033728K), 0.0044821 secs]
3.565: Total time for which application threads were stopped: 0.0046602 seconds, Stopping threads took: 0.0000203 seconds
3.632: [GC (Allocation Failure)  406792K->95210K(1033728K), 0.0039959 secs]
3.636: Total time for which application threads were stopped: 0.0041865 seconds, Stopping threads took: 0.0000195 seconds
3.705: [GC (Allocation Failure)  414698K->95178K(1033728K), 0.0035045 secs]
3.709: Total time for which application threads were stopped: 0.0036796 seconds, Stopping threads took: 0.0000201 seconds
3.775: [GC (Allocation Failure)  414666K->95274K(1032704K), 0.0044452 secs]
3.779: Total time for which application threads were stopped: 0.0046156 seconds, Stopping threads took: 0.0000274 seconds
3.848: [GC (Allocation Failure)  413738K->103181K(1033216K), 0.0038695 secs]
3.852: Total time for which application threads were stopped: 0.0040267 seconds, Stopping threads took: 0.0000167 seconds
3.923: [GC (Allocation Failure)  421645K->103213K(1033216K), 0.0035098 secs]
3.926: Total time for which application threads were stopped: 0.0036561 seconds, Stopping threads took: 0.0000191 seconds
3.992: [GC (Allocation Failure)  421677K->103245K(1033216K), 0.0046511 secs]
3.997: Total time for which application threads were stopped: 0.0048023 seconds, Stopping threads took: 0.0000173 seconds
4.055: Total time for which application threads were stopped: 0.0001313 seconds, Stopping threads took: 0.0000588 seconds
4.066: [GC (Allocation Failure)  421709K->111247K(1033216K), 0.0038403 secs]
4.070: Total time for which application threads were stopped: 0.0040026 seconds, Stopping threads took: 0.0000199 seconds
4.136: [GC (Allocation Failure)  429711K->105133K(1033216K), 0.0015459 secs]
4.137: Total time for which application threads were stopped: 0.0016901 seconds, Stopping threads took: 0.0000197 seconds
4.206: [GC (Allocation Failure)  423597K->111519K(1034240K), 0.0039460 secs]
4.210: Total time for which application threads were stopped: 0.0041373 seconds, Stopping threads took: 0.0000193 seconds
4.278: [GC (Allocation Failure)  431519K->115431K(1033728K), 0.0044699 secs]
4.282: Total time for which application threads were stopped: 0.0046310 seconds, Stopping threads took: 0.0000249 seconds
4.348: [GC (Allocation Failure)  435431K->120805K(1029632K), 0.0062469 secs]
4.355: Total time for which application threads were stopped: 0.0064187 seconds, Stopping threads took: 0.0000271 seconds
4.423: [GC (Allocation Failure)  436197K->115559K(1031680K), 0.0038157 secs]
4.427: Total time for which application threads were stopped: 0.0040010 seconds, Stopping threads took: 0.0000217 seconds
4.494: [GC (Allocation Failure)  430951K->115399K(1032704K), 0.0038517 secs]
4.498: Total time for which application threads were stopped: 0.0040165 seconds, Stopping threads took: 0.0000210 seconds
4.562: [GC (Allocation Failure)  432327K->117255K(1032192K), 0.0047601 secs]
4.567: Total time for which application threads were stopped: 0.0049233 seconds, Stopping threads took: 0.0000202 seconds
4.635: [GC (Allocation Failure)  434183K->123529K(1032704K), 0.0040183 secs]
4.639: Total time for which application threads were stopped: 0.0041881 seconds, Stopping threads took: 0.0000209 seconds
4.706: [GC (Allocation Failure)  440969K->123433K(1032704K), 0.0037804 secs]
4.710: Total time for which application threads were stopped: 0.0039711 seconds, Stopping threads took: 0.0000255 seconds
4.777: [GC (Allocation Failure)  440873K->126025K(1033216K), 0.0046543 secs]
4.782: Total time for which application threads were stopped: 0.0048153 seconds, Stopping threads took: 0.0000261 seconds
4.850: [GC (Allocation Failure)  444489K->131499K(1033216K), 0.0039625 secs]
4.854: Total time for which application threads were stopped: 0.0041243 seconds, Stopping threads took: 0.0000245 seconds
4.922: [GC (Allocation Failure)  449963K->131467K(1033728K), 0.0039536 secs]
4.927: Total time for which application threads were stopped: 0.0041232 seconds, Stopping threads took: 0.0000172 seconds
4.996: [GC (Allocation Failure)  450955K->135243K(1033728K), 0.0049585 secs]
5.001: Total time for which application threads were stopped: 0.0051147 seconds, Stopping threads took: 0.0000257 seconds
5.069: [GC (Allocation Failure)  454731K->139534K(1034240K), 0.0037944 secs]
5.073: Total time for which application threads were stopped: 0.0039882 seconds, Stopping threads took: 0.0000202 seconds
5.142: [GC (Allocation Failure)  460046K->139502K(1034240K), 0.0038565 secs]
5.146: Total time for which application threads were stopped: 0.0040187 seconds, Stopping threads took: 0.0000193 seconds
5.212: [GC (Allocation Failure)  460014K->140430K(1034240K), 0.0048153 secs]
5.217: Total time for which application threads were stopped: 0.0049829 seconds, Stopping threads took: 0.0000202 seconds
5.287: [GC (Allocation Failure)  460942K->147600K(1034240K), 0.0038986 secs]
5.291: Total time for which application threads were stopped: 0.0040531 seconds, Stopping threads took: 0.0000257 seconds
5.360: [GC (Allocation Failure)  468112K->147536K(1034240K), 0.0038015 secs]
5.364: Total time for which application threads were stopped: 0.0039743 seconds, Stopping threads took: 0.0000199 seconds
5.431: [GC (Allocation Failure)  468048K->150664K(1034240K), 0.0048642 secs]
5.436: Total time for which application threads were stopped: 0.0050335 seconds, Stopping threads took: 0.0000222 seconds
5.504: [GC (Allocation Failure)  471176K->155562K(1034752K), 0.0039039 secs]
5.508: Total time for which application threads were stopped: 0.0040666 seconds, Stopping threads took: 0.0000207 seconds
5.575: [GC (Allocation Failure)  477098K->155562K(1034752K), 0.0046372 secs]
5.580: Total time for which application threads were stopped: 0.0048193 seconds, Stopping threads took: 0.0000209 seconds
5.646: [GC (Allocation Failure)  477098K->158922K(1034752K), 0.0051510 secs]
5.651: Total time for which application threads were stopped: 0.0053295 seconds, Stopping threads took: 0.0000222 seconds
5.717: [GC (Allocation Failure)  480458K->163660K(1034752K), 0.0041350 secs]
5.721: Total time for which application threads were stopped: 0.0043051 seconds, Stopping threads took: 0.0000204 seconds
5.790: [GC (Allocation Failure)  485196K->163596K(1034752K), 0.0040172 secs]
5.794: Total time for which application threads were stopped: 0.0042213 seconds, Stopping threads took: 0.0000257 seconds
5.861: [GC (Allocation Failure)  485132K->164108K(1034752K), 0.0046588 secs]
5.866: Total time for which application threads were stopped: 0.0048166 seconds, Stopping threads took: 0.0000200 seconds
5.936: [GC (Allocation Failure)  485644K->171663K(1034752K), 0.0040924 secs]
5.940: Total time for which application threads were stopped: 0.0042605 seconds, Stopping threads took: 0.0000206 seconds
6.007: [GC (Allocation Failure)  493199K->171631K(1034752K), 0.0040545 secs]
6.011: Total time for which application threads were stopped: 0.0042480 seconds, Stopping threads took: 0.0000203 seconds
6.078: [GC (Allocation Failure)  493167K->173359K(1034752K), 0.0049406 secs]
6.083: Total time for which application threads were stopped: 0.0051171 seconds, Stopping threads took: 0.0000200 seconds
6.153: [GC (Allocation Failure)  494895K->179665K(1034752K), 0.0041690 secs]
6.157: Total time for which application threads were stopped: 0.0043457 seconds, Stopping threads took: 0.0000203 seconds
6.225: [GC (Allocation Failure)  501201K->179665K(1034752K), 0.0047780 secs]
6.229: Total time for which application threads were stopped: 0.0049472 seconds, Stopping threads took: 0.0000198 seconds
6.296: [GC (Allocation Failure)  501201K->182601K(1034752K), 0.0049198 secs]
6.301: Total time for which application threads were stopped: 0.0050744 seconds, Stopping threads took: 0.0000166 seconds
6.370: [GC (Allocation Failure)  504137K->187755K(1034752K), 0.0042674 secs]
6.374: Total time for which application threads were stopped: 0.0044372 seconds, Stopping threads took: 0.0000210 seconds
6.441: [GC (Allocation Failure)  509291K->187691K(1034752K), 0.0040112 secs]
6.445: Total time for which application threads were stopped: 0.0041806 seconds, Stopping threads took: 0.0000200 seconds
6.510: [GC (Allocation Failure)  509227K->187755K(1033728K), 0.0047830 secs]
6.515: Total time for which application threads were stopped: 0.0049511 seconds, Stopping threads took: 0.0000197 seconds
6.582: [GC (Allocation Failure)  508267K->195853K(1034240K), 0.0041191 secs]
6.587: Total time for which application threads were stopped: 0.0043115 seconds, Stopping threads took: 0.0000209 seconds
6.656: [GC (Allocation Failure)  516365K->195757K(1034240K), 0.0039724 secs]
6.660: Total time for which application threads were stopped: 0.0041305 seconds, Stopping threads took: 0.0000250 seconds
6.729: [GC (Allocation Failure)  516269K->198061K(1034240K), 0.0050091 secs]
6.734: Total time for which application threads were stopped: 0.0051670 seconds, Stopping threads took: 0.0000197 seconds
6.804: [GC (Allocation Failure)  518573K->203824K(1034240K), 0.0039361 secs]
6.808: Total time for which application threads were stopped: 0.0040981 seconds, Stopping threads took: 0.0000262 seconds
6.876: [GC (Allocation Failure)  524336K->203760K(1034240K), 0.0039339 secs]
6.880: Total time for which application threads were stopped: 0.0041400 seconds, Stopping threads took: 0.0000199 seconds
6.950: [GC (Allocation Failure)  524272K->204200K(1034240K), 0.0049384 secs]
6.955: Total time for which application threads were stopped: 0.0051021 seconds, Stopping threads took: 0.0000194 seconds
7.022: [GC (Allocation Failure)  524712K->211818K(1034240K), 0.0041640 secs]
7.027: Total time for which application threads were stopped: 0.0043219 seconds, Stopping threads took: 0.0000200 seconds
7.094: [GC (Allocation Failure)  532330K->211786K(1034240K), 0.0040663 secs]
7.099: Total time for which application threads were stopped: 0.0042257 seconds, Stopping threads took: 0.0000202 seconds
7.167: [GC (Allocation Failure)  532298K->214506K(1034240K), 0.0049985 secs]
7.172: Total time for which application threads were stopped: 0.0051773 seconds, Stopping threads took: 0.0000194 seconds
7.241: [GC (Allocation Failure)  535018K->219820K(1034240K), 0.0040185 secs]
7.245: Total time for which application threads were stopped: 0.0041808 seconds, Stopping threads took: 0.0000209 seconds
7.314: [GC (Allocation Failure)  540332K->219820K(1034240K), 0.0040127 secs]
7.318: Total time for which application threads were stopped: 0.0041842 seconds, Stopping threads took: 0.0000188 seconds
7.386: [GC (Allocation Failure)  540332K->220708K(1034240K), 0.0049684 secs]
7.392: Total time for which application threads were stopped: 0.0051305 seconds, Stopping threads took: 0.0000253 seconds
7.460: [GC (Allocation Failure)  541220K->227879K(1034240K), 0.0040209 secs]
7.464: Total time for which application threads were stopped: 0.0042141 seconds, Stopping threads took: 0.0000200 seconds
7.532: [GC (Allocation Failure)  548391K->227847K(1034240K), 0.0043355 secs]
7.537: Total time for which application threads were stopped: 0.0045200 seconds, Stopping threads took: 0.0000208 seconds
7.604: [GC (Allocation Failure)  548359K->230983K(1034240K), 0.0050358 secs]
7.609: Total time for which application threads were stopped: 0.0052413 seconds, Stopping threads took: 0.0000420 seconds
7.678: [GC (Allocation Failure)  551495K->235977K(1033728K), 0.0039373 secs]
7.682: Total time for which application threads were stopped: 0.0040992 seconds, Stopping threads took: 0.0000208 seconds
7.750: [GC (Allocation Failure)  556489K->235881K(1034240K), 0.0041242 secs]
7.754: Total time for which application threads were stopped: 0.0043001 seconds, Stopping threads took: 0.0000199 seconds
7.822: [GC (Allocation Failure)  556393K->237193K(1033728K), 0.0048409 secs]
7.827: Total time for which application threads were stopped: 0.0050263 seconds, Stopping threads took: 0.0000281 seconds
7.897: [GC (Allocation Failure)  557705K->243947K(1034240K), 0.0069385 secs]
7.904: Total time for which application threads were stopped: 0.0070886 seconds, Stopping threads took: 0.0000227 seconds
7.973: [GC (Allocation Failure)  564459K->243947K(1034240K), 0.0040480 secs]
7.977: Total time for which application threads were stopped: 0.0042363 seconds, Stopping threads took: 0.0000198 seconds
8.046: [GC (Allocation Failure)  564459K->244363K(1034240K), 0.0049225 secs]
8.051: Total time for which application threads were stopped: 0.0051131 seconds, Stopping threads took: 0.0000197 seconds
8.120: [GC (Allocation Failure)  564875K->251949K(1034240K), 0.0042229 secs]
8.124: Total time for which application threads were stopped: 0.0043889 seconds, Stopping threads took: 0.0000188 seconds
8.195: [GC (Allocation Failure)  572461K->251949K(1034240K), 0.0043028 secs]
8.199: Total time for which application threads were stopped: 0.0044748 seconds, Stopping threads took: 0.0000168 seconds
8.268: [GC (Allocation Failure)  572461K->253605K(1034240K), 0.0049184 secs]
8.273: Total time for which application threads were stopped: 0.0050833 seconds, Stopping threads took: 0.0000265 seconds
8.341: [GC (Allocation Failure)  574117K->260008K(1034240K), 0.0042911 secs]
8.345: Total time for which application threads were stopped: 0.0044529 seconds, Stopping threads took: 0.0000204 seconds
8.413: [GC (Allocation Failure)  580520K->260008K(1034240K), 0.0041896 secs]
8.417: Total time for which application threads were stopped: 0.0043786 seconds, Stopping threads took: 0.0000191 seconds
8.485: [GC (Allocation Failure)  580520K->260040K(1020416K), 0.0049215 secs]
8.490: Total time for which application threads were stopped: 0.0050879 seconds, Stopping threads took: 0.0000176 seconds
8.558: [GC (Allocation Failure)  580552K->268042K(1033728K), 0.0042965 secs]
8.563: Total time for which application threads were stopped: 0.0044568 seconds, Stopping threads took: 0.0000199 seconds
8.629: [GC (Allocation Failure)  587530K->268010K(1033728K), 0.0042493 secs]
8.634: Total time for which application threads were stopped: 0.0044216 seconds, Stopping threads took: 0.0000209 seconds
8.702: [GC (Allocation Failure)  587498K->268074K(1033728K), 0.0049638 secs]
8.707: Total time for which application threads were stopped: 0.0051091 seconds, Stopping threads took: 0.0000169 seconds
8.775: [GC (Allocation Failure)  587562K->276044K(1033728K), 0.0039244 secs]
8.779: Total time for which application threads were stopped: 0.0040877 seconds, Stopping threads took: 0.0000203 seconds
8.846: [GC (Allocation Failure)  595532K->276044K(1033728K), 0.0043940 secs]
8.850: Total time for which application threads were stopped: 0.0045627 seconds, Stopping threads took: 0.0000254 seconds
8.918: [GC (Allocation Failure)  595532K->276268K(1033728K), 0.0072593 secs]
8.925: Total time for which application threads were stopped: 0.0074524 seconds, Stopping threads took: 0.0000223 seconds
8.993: [GC (Allocation Failure)  595756K->284110K(1033728K), 0.0040845 secs]
8.997: Total time for which application threads were stopped: 0.0042412 seconds, Stopping threads took: 0.0000174 seconds
9.065: [GC (Allocation Failure)  603598K->284078K(1033728K), 0.0043620 secs]
9.069: Total time for which application threads were stopped: 0.0045310 seconds, Stopping threads took: 0.0000203 seconds
9.136: [GC (Allocation Failure)  603566K->284526K(1033728K), 0.0050902 secs]
9.141: Total time for which application threads were stopped: 0.0052602 seconds, Stopping threads took: 0.0000206 seconds
9.209: [GC (Allocation Failure)  604014K->292177K(1027072K), 0.0040531 secs]
9.213: Total time for which application threads were stopped: 0.0042363 seconds, Stopping threads took: 0.0000210 seconds
9.280: [GC (Allocation Failure)  611665K->292113K(1033216K), 0.0047291 secs]
9.285: Total time for which application threads were stopped: 0.0049008 seconds, Stopping threads took: 0.0000267 seconds
9.353: [GC (Allocation Failure)  610577K->292777K(1033216K), 0.0049610 secs]
9.358: Total time for which application threads were stopped: 0.0051279 seconds, Stopping threads took: 0.0000202 seconds
9.423: [GC (Allocation Failure)  611241K->300171K(1032704K), 0.0043204 secs]
9.427: Total time for which application threads were stopped: 0.0044904 seconds, Stopping threads took: 0.0000203 seconds
9.493: [GC (Allocation Failure)  618635K->300171K(1033216K), 0.0042213 secs]
9.498: Total time for which application threads were stopped: 0.0044144 seconds, Stopping threads took: 0.0000282 seconds
9.564: [GC (Allocation Failure)  618635K->301003K(1033728K), 0.0051035 secs]
9.569: Total time for which application threads were stopped: 0.0052812 seconds, Stopping threads took: 0.0000169 seconds
9.638: [GC (Allocation Failure)  619979K->308237K(1033216K), 0.0042726 secs]
9.642: Total time for which application threads were stopped: 0.0044288 seconds, Stopping threads took: 0.0000167 seconds
9.710: [GC (Allocation Failure)  627213K->308173K(1033216K), 0.0041269 secs]
9.714: Total time for which application threads were stopped: 0.0043384 seconds, Stopping threads took: 0.0000204 seconds
9.780: [GC (Allocation Failure)  626637K->309221K(1033216K), 0.0050766 secs]
9.785: Total time for which application threads were stopped: 0.0052448 seconds, Stopping threads took: 0.0000280 seconds
9.853: [GC (Allocation Failure)  627685K->316231K(1032704K), 0.0043995 secs]
9.857: Total time for which application threads were stopped: 0.0045645 seconds, Stopping threads took: 0.0000198 seconds
9.923: [GC (Allocation Failure)  634695K->316199K(1033216K), 0.0043431 secs]
9.928: Total time for which application threads were stopped: 0.0045145 seconds, Stopping threads took: 0.0000246 seconds
9.992: [GC (Allocation Failure)  634663K->316455K(1032704K), 0.0050143 secs]
9.997: Total time for which application threads were stopped: 0.0051796 seconds, Stopping threads took: 0.0000195 seconds
10.064: [GC (Allocation Failure)  634919K->324266K(1033216K), 0.0045580 secs]
10.069: Total time for which application threads were stopped: 0.0047251 seconds, Stopping threads took: 0.0000189 seconds
10.136: [GC (Allocation Failure)  642730K->324234K(1033216K), 0.0042160 secs]
10.140: Total time for which application threads were stopped: 0.0043850 seconds, Stopping threads took: 0.0000193 seconds
10.205: [GC (Allocation Failure)  642698K->324682K(1033216K), 0.0049855 secs]
10.210: Total time for which application threads were stopped: 0.0051635 seconds, Stopping threads took: 0.0000219 seconds
10.277: [GC (Allocation Failure)  643146K->332268K(1033216K), 0.0041313 secs]
10.281: Total time for which application threads were stopped: 0.0043002 seconds, Stopping threads took: 0.0000284 seconds
10.347: [GC (Allocation Failure)  650732K->332300K(1033216K), 0.0044212 secs]
10.351: Total time for which application threads were stopped: 0.0046055 seconds, Stopping threads took: 0.0000203 seconds
10.418: [GC (Allocation Failure)  650764K->332908K(1033216K), 0.0049082 secs]
10.423: Total time for which application threads were stopped: 0.0051105 seconds, Stopping threads took: 0.0000200 seconds
10.488: [GC (Allocation Failure)  651372K->340270K(1033216K), 0.0057889 secs]
10.494: Total time for which application threads were stopped: 0.0059455 seconds, Stopping threads took: 0.0000200 seconds
10.560: [GC (Allocation Failure)  658734K->340334K(1033216K), 0.0043561 secs]
10.564: Total time for which application threads were stopped: 0.0045404 seconds, Stopping threads took: 0.0000217 seconds
10.629: [GC (Allocation Failure)  658798K->340366K(1033216K), 0.0053070 secs]
10.634: Total time for which application threads were stopped: 0.0054749 seconds, Stopping threads took: 0.0000220 seconds
10.701: [GC (Allocation Failure)  658830K->348369K(1033216K), 0.0065545 secs]
10.708: Total time for which application threads were stopped: 0.0067106 seconds, Stopping threads took: 0.0000203 seconds
10.775: [GC (Allocation Failure)  666833K->348337K(1033216K), 0.0043133 secs]
10.780: Total time for which application threads were stopped: 0.0044787 seconds, Stopping threads took: 0.0000262 seconds
10.844: [GC (Allocation Failure)  666801K->348393K(1033216K), 0.0052186 secs]
10.850: Total time for which application threads were stopped: 0.0053808 seconds, Stopping threads took: 0.0000196 seconds
10.918: [GC (Allocation Failure)  666857K->356363K(1033216K), 0.0072024 secs]
10.925: Total time for which application threads were stopped: 0.0073839 seconds, Stopping threads took: 0.0000172 seconds
10.993: [GC (Allocation Failure)  674827K->356395K(1033216K), 0.0044271 secs]
10.997: Total time for which application threads were stopped: 0.0045997 seconds, Stopping threads took: 0.0000197 seconds
11.063: [GC (Allocation Failure)  674859K->356587K(1033216K), 0.0050936 secs]
11.068: Total time for which application threads were stopped: 0.0052703 seconds, Stopping threads took: 0.0000215 seconds
11.135: [GC (Allocation Failure)  675051K->364397K(1033216K), 0.0042168 secs]
11.139: Total time for which application threads were stopped: 0.0043791 seconds, Stopping threads took: 0.0000206 seconds
11.206: [GC (Allocation Failure)  682861K->364365K(1033216K), 0.0042657 secs]
11.210: Total time for which application threads were stopped: 0.0044435 seconds, Stopping threads took: 0.0000200 seconds
11.275: [GC (Allocation Failure)  682829K->364813K(1033216K), 0.0049819 secs]
11.280: Total time for which application threads were stopped: 0.0051374 seconds, Stopping threads took: 0.0000260 seconds
11.347: [GC (Allocation Failure)  683277K->372463K(1033216K), 0.0043522 secs]
11.352: Total time for which application threads were stopped: 0.0045212 seconds, Stopping threads took: 0.0000192 seconds
11.418: [GC (Allocation Failure)  690927K->372431K(1033216K), 0.0043060 secs]
11.423: Total time for which application threads were stopped: 0.0044803 seconds, Stopping threads took: 0.0000194 seconds
11.491: [GC (Allocation Failure)  690895K->372495K(1033216K), 0.0054299 secs]
11.496: Total time for which application threads were stopped: 0.0056087 seconds, Stopping threads took: 0.0000202 seconds
11.565: [GC (Allocation Failure)  690959K->380498K(1033216K), 0.0042563 secs]
11.569: Total time for which application threads were stopped: 0.0044199 seconds, Stopping threads took: 0.0000200 seconds
11.634: [GC (Allocation Failure)  698962K->375663K(1033216K), 0.0028217 secs]
11.637: Total time for which application threads were stopped: 0.0029919 seconds, Stopping threads took: 0.0000195 seconds
11.704: [GC (Allocation Failure)  694127K->380754K(1034752K), 0.0047234 secs]
11.709: Total time for which application threads were stopped: 0.0048885 seconds, Stopping threads took: 0.0000189 seconds
11.776: [GC (Allocation Failure)  701266K->384642K(1033728K), 0.0043601 secs]
11.781: Total time for which application threads were stopped: 0.0045207 seconds, Stopping threads took: 0.0000264 seconds
11.848: [GC (Allocation Failure)  705154K->392303K(1028096K), 0.0078973 secs]
11.856: Total time for which application threads were stopped: 0.0080669 seconds, Stopping threads took: 0.0000250 seconds
11.924: [GC (Allocation Failure)  706671K->386226K(1031168K), 0.0046064 secs]
11.928: Total time for which application threads were stopped: 0.0047665 seconds, Stopping threads took: 0.0000205 seconds
11.995: [GC (Allocation Failure)  700594K->386034K(1032192K), 0.0042103 secs]
11.999: Total time for which application threads were stopped: 0.0043749 seconds, Stopping threads took: 0.0000200 seconds
12.066: [GC (Allocation Failure)  701938K->387146K(1031680K), 0.0051973 secs]
12.071: Total time for which application threads were stopped: 0.0053688 seconds, Stopping threads took: 0.0000227 seconds
12.138: [GC (Allocation Failure)  703050K->394060K(1032704K), 0.0043341 secs]
12.143: Total time for which application threads were stopped: 0.0045159 seconds, Stopping threads took: 0.0000209 seconds
12.209: [GC (Allocation Failure)  710988K->394060K(1032192K), 0.0042685 secs]
12.214: Total time for which application threads were stopped: 0.0044368 seconds, Stopping threads took: 0.0000202 seconds
12.278: [GC (Allocation Failure)  710988K->397932K(1033216K), 0.0055048 secs]
12.284: Total time for which application threads were stopped: 0.0056721 seconds, Stopping threads took: 0.0000270 seconds
12.352: [GC (Allocation Failure)  715884K->402158K(1032704K), 0.0043754 secs]
12.356: Total time for which application threads were stopped: 0.0045792 seconds, Stopping threads took: 0.0000211 seconds
12.424: [GC (Allocation Failure)  720110K->402126K(1033728K), 0.0041245 secs]
12.428: Total time for which application threads were stopped: 0.0042962 seconds, Stopping threads took: 0.0000203 seconds
12.495: [GC (Allocation Failure)  721614K->406190K(1033728K), 0.0058658 secs]
12.501: Total time for which application threads were stopped: 0.0060446 seconds, Stopping threads took: 0.0000196 seconds
12.569: [GC (Allocation Failure)  725678K->410192K(1034240K), 0.0043418 secs]
12.574: Total time for which application threads were stopped: 0.0045042 seconds, Stopping threads took: 0.0000195 seconds
12.641: [GC (Allocation Failure)  730704K->410160K(1034240K), 0.0042952 secs]
12.646: Total time for which application threads were stopped: 0.0044875 seconds, Stopping threads took: 0.0000201 seconds
12.714: [GC (Allocation Failure)  730672K->411336K(1034240K), 0.0050395 secs]
12.719: Total time for which application threads were stopped: 0.0051900 seconds, Stopping threads took: 0.0000174 seconds
12.788: [GC (Allocation Failure)  731848K->418187K(1034240K), 0.0043466 secs]
12.792: Total time for which application threads were stopped: 0.0045128 seconds, Stopping threads took: 0.0000258 seconds
12.860: [GC (Allocation Failure)  738699K->418187K(1034240K), 0.0046879 secs]
12.865: Total time for which application threads were stopped: 0.0048508 seconds, Stopping threads took: 0.0000200 seconds
12.934: [GC (Allocation Failure)  738699K->421643K(1034240K), 0.0056657 secs]
12.939: Total time for which application threads were stopped: 0.0058377 seconds, Stopping threads took: 0.0000197 seconds
13.008: [GC (Allocation Failure)  742155K->426253K(1034752K), 0.0042960 secs]
13.012: Total time for which application threads were stopped: 0.0045024 seconds, Stopping threads took: 0.0000215 seconds
13.081: [GC (Allocation Failure)  747789K->426189K(1034752K), 0.0045589 secs]
13.086: Total time for which application threads were stopped: 0.0047389 seconds, Stopping threads took: 0.0000209 seconds
13.151: [GC (Allocation Failure)  747725K->429869K(1035264K), 0.0056576 secs]
13.157: Total time for which application threads were stopped: 0.0058479 seconds, Stopping threads took: 0.0000193 seconds
13.226: [GC (Allocation Failure)  751917K->434319K(1034752K), 0.0042296 secs]
13.230: Total time for which application threads were stopped: 0.0043869 seconds, Stopping threads took: 0.0000177 seconds
13.298: [GC (Allocation Failure)  756367K->434255K(1035264K), 0.0044649 secs]
13.303: Total time for which application threads were stopped: 0.0046461 seconds, Stopping threads took: 0.0000195 seconds
13.371: [GC (Allocation Failure)  756815K->437071K(1035264K), 0.0055458 secs]
13.377: Total time for which application threads were stopped: 0.0057158 seconds, Stopping threads took: 0.0000197 seconds
13.445: [GC (Allocation Failure)  759631K->442321K(1035264K), 0.0047493 secs]
13.450: Total time for which application threads were stopped: 0.0049460 seconds, Stopping threads took: 0.0000210 seconds
13.520: [GC (Allocation Failure)  764881K->442257K(1035264K), 0.0045883 secs]
13.525: Total time for which application threads were stopped: 0.0047405 seconds, Stopping threads took: 0.0000164 seconds
13.592: [GC (Allocation Failure)  764817K->445321K(1035264K), 0.0054302 secs]
13.597: Total time for which application threads were stopped: 0.0056048 seconds, Stopping threads took: 0.0000215 seconds
13.667: [GC (Allocation Failure)  767881K->450316K(1035264K), 0.0046112 secs]
13.672: Total time for which application threads were stopped: 0.0047826 seconds, Stopping threads took: 0.0000208 seconds
13.740: [GC (Allocation Failure)  772876K->450284K(1035264K), 0.0076509 secs]
13.748: Total time for which application threads were stopped: 0.0078268 seconds, Stopping threads took: 0.0000206 seconds
13.817: [GC (Allocation Failure)  772844K->453548K(1035264K), 0.0055115 secs]
13.822: Total time for which application threads were stopped: 0.0056901 seconds, Stopping threads took: 0.0000225 seconds
13.890: [GC (Allocation Failure)  776108K->458350K(1035264K), 0.0043926 secs]
13.895: Total time for which application threads were stopped: 0.0045598 seconds, Stopping threads took: 0.0000208 seconds
13.963: [GC (Allocation Failure)  780910K->458318K(1035264K), 0.0043426 secs]
13.967: Total time for which application threads were stopped: 0.0044973 seconds, Stopping threads took: 0.0000168 seconds
14.035: [GC (Allocation Failure)  780878K->461742K(1035776K), 0.0056151 secs]
14.040: Total time for which application threads were stopped: 0.0057945 seconds, Stopping threads took: 0.0000198 seconds
14.109: [GC (Allocation Failure)  784814K->466384K(1035264K), 0.0047143 secs]
14.113: Total time for which application threads were stopped: 0.0048769 seconds, Stopping threads took: 0.0000209 seconds
14.182: [GC (Allocation Failure)  789456K->466384K(1035776K), 0.0046309 secs]
14.187: Total time for which application threads were stopped: 0.0048015 seconds, Stopping threads took: 0.0000207 seconds
14.254: [GC (Allocation Failure)  789968K->467944K(1025024K), 0.0053764 secs]
14.260: Total time for which application threads were stopped: 0.0055365 seconds, Stopping threads took: 0.0000203 seconds
14.329: [GC (Allocation Failure)  791528K->474475K(1035264K), 0.0045385 secs]
14.334: Total time for which application threads were stopped: 0.0046976 seconds, Stopping threads took: 0.0000199 seconds
14.401: [GC (Allocation Failure)  797035K->474411K(1035264K), 0.0045894 secs]
14.406: Total time for which application threads were stopped: 0.0047543 seconds, Stopping threads took: 0.0000202 seconds
14.473: [GC (Allocation Failure)  796971K->477227K(1035264K), 0.0054459 secs]
14.478: Total time for which application threads were stopped: 0.0056516 seconds, Stopping threads took: 0.0000334 seconds
14.547: [GC (Allocation Failure)  799787K->482477K(1035264K), 0.0044483 secs]
14.552: Total time for which application threads were stopped: 0.0046293 seconds, Stopping threads took: 0.0000167 seconds
14.622: [GC (Allocation Failure)  805037K->482413K(1035264K), 0.0046042 secs]
14.627: Total time for which application threads were stopped: 0.0047548 seconds, Stopping threads took: 0.0000179 seconds
14.694: [GC (Allocation Failure)  804973K->477387K(1035264K), 0.0026681 secs]
14.697: Total time for which application threads were stopped: 0.0028228 seconds, Stopping threads took: 0.0000191 seconds
14.767: [GC (Allocation Failure)  799947K->482413K(1035264K), 0.0046479 secs]
14.771: Total time for which application threads were stopped: 0.0048282 seconds, Stopping threads took: 0.0000199 seconds
14.841: [GC (Allocation Failure)  804973K->482445K(1035264K), 0.0044175 secs]
14.846: Total time for which application threads were stopped: 0.0045814 seconds, Stopping threads took: 0.0000207 seconds
14.914: [GC (Allocation Failure)  805005K->481707K(1035776K), 0.0070134 secs]
14.921: Total time for which application threads were stopped: 0.0071767 seconds, Stopping threads took: 0.0000248 seconds
14.990: [GC (Allocation Failure)  804779K->482637K(1035264K), 0.0045432 secs]
14.995: Total time for which application threads were stopped: 0.0047117 seconds, Stopping threads took: 0.0000218 seconds
15.063: [GC (Allocation Failure)  805709K->482413K(1035776K), 0.0047276 secs]
15.068: Total time for which application threads were stopped: 0.0048919 seconds, Stopping threads took: 0.0000205 seconds
15.136: [GC (Allocation Failure)  805997K->488011K(1035776K), 0.0070378 secs]
15.143: Total time for which application threads were stopped: 0.0072308 seconds, Stopping threads took: 0.0000197 seconds
15.213: [GC (Allocation Failure)  811595K->483469K(1032704K), 0.0048989 secs]
15.218: Total time for which application threads were stopped: 0.0050672 seconds, Stopping threads took: 0.0000203 seconds
15.288: [GC (Allocation Failure)  803981K->483277K(1034240K), 0.0042214 secs]
15.292: Total time for which application threads were stopped: 0.0043898 seconds, Stopping threads took: 0.0000270 seconds
15.360: [GC (Allocation Failure)  803789K->490099K(1030656K), 0.0076885 secs]
15.367: Total time for which application threads were stopped: 0.0078615 seconds, Stopping threads took: 0.0000199 seconds
15.435: [GC (Allocation Failure)  807539K->484437K(1032704K), 0.0046711 secs]
15.440: Total time for which application threads were stopped: 0.0048391 seconds, Stopping threads took: 0.0000210 seconds
15.507: [GC (Allocation Failure)  801877K->484341K(1034240K), 0.0046930 secs]
15.512: Total time for which application threads were stopped: 0.0048672 seconds, Stopping threads took: 0.0000201 seconds
15.579: [GC (Allocation Failure)  803829K->482163K(1033216K), 0.0037693 secs]
15.583: Total time for which application threads were stopped: 0.0039477 seconds, Stopping threads took: 0.0000161 seconds
15.652: [GC (Allocation Failure)  801651K->484373K(1034752K), 0.0046560 secs]
15.657: Total time for which application threads were stopped: 0.0048129 seconds, Stopping threads took: 0.0000172 seconds
15.724: [GC (Allocation Failure)  805397K->484373K(1034240K), 0.0044663 secs]
15.729: Total time for which application threads were stopped: 0.0046204 seconds, Stopping threads took: 0.0000192 seconds
15.797: [GC (Allocation Failure)  805397K->480339K(1035264K), 0.0030104 secs]
15.800: Total time for which application threads were stopped: 0.0031704 seconds, Stopping threads took: 0.0000252 seconds
15.868: [GC (Allocation Failure)  802899K->484597K(1035264K), 0.0046844 secs]
15.873: Total time for which application threads were stopped: 0.0048830 seconds, Stopping threads took: 0.0000199 seconds
15.943: [GC (Allocation Failure)  807157K->484341K(1035776K), 0.0047701 secs]
15.948: Total time for which application threads were stopped: 0.0049389 seconds, Stopping threads took: 0.0000201 seconds
16.016: [GC (Allocation Failure)  807413K->485171K(1035264K), 0.0048206 secs]
16.021: Total time for which application threads were stopped: 0.0049913 seconds, Stopping threads took: 0.0000198 seconds
16.089: [GC (Allocation Failure)  808243K->484533K(1036288K), 0.0045967 secs]
16.094: Total time for which application threads were stopped: 0.0047770 seconds, Stopping threads took: 0.0000209 seconds
16.162: [GC (Allocation Failure)  808629K->484373K(1035776K), 0.0046994 secs]
16.166: Total time for which application threads were stopped: 0.0048687 seconds, Stopping threads took: 0.0000207 seconds
16.233: [GC (Allocation Failure)  808469K->476627K(1034752K), 0.0016545 secs]
16.235: Total time for which application threads were stopped: 0.0017934 seconds, Stopping threads took: 0.0000201 seconds
16.306: [GC (Allocation Failure)  800211K->484509K(1035776K), 0.0046783 secs]
16.311: Total time for which application threads were stopped: 0.0048507 seconds, Stopping threads took: 0.0000260 seconds
16.378: [GC (Allocation Failure)  808093K->488485K(1036288K), 0.0061415 secs]
16.384: Total time for which application threads were stopped: 0.0062889 seconds, Stopping threads took: 0.0000175 seconds
16.454: [GC (Allocation Failure)  812581K->488517K(1035776K), 0.0046445 secs]
16.459: Total time for which application threads were stopped: 0.0048144 seconds, Stopping threads took: 0.0000200 seconds
16.526: [GC (Allocation Failure)  812613K->488645K(1035264K), 0.0053959 secs]
16.531: Total time for which application threads were stopped: 0.0055538 seconds, Stopping threads took: 0.0000196 seconds
16.601: [GC (Allocation Failure)  812229K->496551K(1035776K), 0.0046351 secs]
16.606: Total time for which application threads were stopped: 0.0048145 seconds, Stopping threads took: 0.0000204 seconds
16.674: [GC (Allocation Failure)  820135K->496519K(1035776K), 0.0045639 secs]
16.679: Total time for which application threads were stopped: 0.0047413 seconds, Stopping threads took: 0.0000203 seconds
16.746: [GC (Allocation Failure)  820103K->496871K(1023488K), 0.0054840 secs]
16.752: Total time for which application threads were stopped: 0.0056454 seconds, Stopping threads took: 0.0000205 seconds
16.822: [GC (Allocation Failure)  820455K->504553K(1035264K), 0.0043991 secs]
16.827: Total time for which application threads were stopped: 0.0045687 seconds, Stopping threads took: 0.0000280 seconds
16.895: [GC (Allocation Failure)  827113K->504585K(1035264K), 0.0054723 secs]
16.900: Total time for which application threads were stopped: 0.0056357 seconds, Stopping threads took: 0.0000199 seconds
16.968: [GC (Allocation Failure)  827145K->505097K(1034240K), 0.0052372 secs]
16.974: Total time for which application threads were stopped: 0.0053858 seconds, Stopping threads took: 0.0000172 seconds
17.042: [GC (Allocation Failure)  826633K->512620K(1034752K), 0.0045884 secs]
17.046: Total time for which application threads were stopped: 0.0047605 seconds, Stopping threads took: 0.0000201 seconds
17.115: [GC (Allocation Failure)  834156K->512620K(1034752K), 0.0044227 secs]
17.119: Total time for which application threads were stopped: 0.0045794 seconds, Stopping threads took: 0.0000255 seconds
17.185: [GC (Allocation Failure)  834156K->512844K(1034752K), 0.0055958 secs]
17.191: Total time for which application threads were stopped: 0.0057626 seconds, Stopping threads took: 0.0000199 seconds
17.258: [GC (Allocation Failure)  834380K->520654K(1034752K), 0.0059864 secs]
17.265: Total time for which application threads were stopped: 0.0061477 seconds, Stopping threads took: 0.0000203 seconds
17.333: [GC (Allocation Failure)  842190K->520654K(1034752K), 0.0045556 secs]
17.337: Total time for which application threads were stopped: 0.0047226 seconds, Stopping threads took: 0.0000285 seconds
17.403: [GC (Allocation Failure)  842190K->520686K(1033728K), 0.0056202 secs]
17.408: Total time for which application threads were stopped: 0.0057857 seconds, Stopping threads took: 0.0000198 seconds
17.477: [GC (Allocation Failure)  841198K->528688K(1034240K), 0.0045155 secs]
17.482: Total time for which application threads were stopped: 0.0046888 seconds, Stopping threads took: 0.0000199 seconds
17.550: [GC (Allocation Failure)  849200K->528624K(1034240K), 0.0045597 secs]
17.554: Total time for which application threads were stopped: 0.0047144 seconds, Stopping threads took: 0.0000189 seconds
17.623: [GC (Allocation Failure)  849136K->528776K(1034240K), 0.0053164 secs]
17.628: Total time for which application threads were stopped: 0.0054833 seconds, Stopping threads took: 0.0000199 seconds
17.696: [GC (Allocation Failure)  849288K->536714K(1033216K), 0.0047093 secs]
17.701: Total time for which application threads were stopped: 0.0049025 seconds, Stopping threads took: 0.0000200 seconds
17.769: [GC (Allocation Failure)  856202K->536682K(1033728K), 0.0047113 secs]
17.774: Total time for which application threads were stopped: 0.0048883 seconds, Stopping threads took: 0.0000173 seconds
17.842: [GC (Allocation Failure)  856170K->537034K(1033728K), 0.0054356 secs]
17.847: Total time for which application threads were stopped: 0.0056046 seconds, Stopping threads took: 0.0000168 seconds
17.916: [GC (Allocation Failure)  856522K->544717K(1033728K), 0.0057741 secs]
17.921: Total time for which application threads were stopped: 0.0059359 seconds, Stopping threads took: 0.0000252 seconds
17.988: [GC (Allocation Failure)  864205K->544717K(1033728K), 0.0046203 secs]
17.993: Total time for which application threads were stopped: 0.0047893 seconds, Stopping threads took: 0.0000201 seconds
18.059: [GC (Allocation Failure)  864205K->545229K(1033728K), 0.0055074 secs]
18.065: Total time for which application threads were stopped: 0.0056792 seconds, Stopping threads took: 0.0000201 seconds
18.132: [GC (Allocation Failure)  864717K->552751K(1033728K), 0.0048219 secs]
18.137: Total time for which application threads were stopped: 0.0049948 seconds, Stopping threads took: 0.0000219 seconds
18.204: [GC (Allocation Failure)  872239K->552751K(1033728K), 0.0046904 secs]
18.209: Total time for which application threads were stopped: 0.0048865 seconds, Stopping threads took: 0.0000208 seconds
18.276: [GC (Allocation Failure)  872239K->552975K(1033728K), 0.0054884 secs]
18.282: Total time for which application threads were stopped: 0.0056618 seconds, Stopping threads took: 0.0000193 seconds
18.349: [GC (Allocation Failure)  872463K->560785K(1033728K), 0.0046043 secs]
18.354: Total time for which application threads were stopped: 0.0047739 seconds, Stopping threads took: 0.0000253 seconds
18.420: [GC (Allocation Failure)  880273K->556879K(1034240K), 0.0038127 secs]
18.424: Total time for which application threads were stopped: 0.0039831 seconds, Stopping threads took: 0.0000209 seconds
18.491: [GC (Allocation Failure)  876879K->560945K(1033728K), 0.0049327 secs]
18.496: Total time for which application threads were stopped: 0.0051014 seconds, Stopping threads took: 0.0000200 seconds
18.564: [GC (Allocation Failure)  880945K->564945K(1034752K), 0.0047375 secs]
18.569: Total time for which application threads were stopped: 0.0049062 seconds, Stopping threads took: 0.0000200 seconds
18.636: [GC (Allocation Failure)  886481K->559151K(1034752K), 0.0026755 secs]
18.639: Total time for which application threads were stopped: 0.0028502 seconds, Stopping threads took: 0.0000199 seconds
18.706: [GC (Allocation Failure)  880687K->564977K(1035264K), 0.0067731 secs]
18.713: Total time for which application threads were stopped: 0.0069348 seconds, Stopping threads took: 0.0000207 seconds
18.784: [GC (Allocation Failure)  887025K->569025K(1034752K), 0.0049611 secs]
18.789: Total time for which application threads were stopped: 0.0051243 seconds, Stopping threads took: 0.0000269 seconds
18.856: [GC (Allocation Failure)  890812K->565151K(1035776K), 0.0037646 secs]
18.860: Total time for which application threads were stopped: 0.0039863 seconds, Stopping threads took: 0.0000288 seconds
18.932: [GC (Allocation Failure)  888223K->569225K(1035264K), 0.0049349 secs]
18.937: Total time for which application threads were stopped: 0.0051257 seconds, Stopping threads took: 0.0000196 seconds
19.007: [GC (Allocation Failure)  892297K->573225K(1035264K), 0.0046731 secs]
19.012: Total time for which application threads were stopped: 0.0048410 seconds, Stopping threads took: 0.0000202 seconds
19.080: [GC (Allocation Failure)  896809K->573193K(1035776K), 0.0046682 secs]
19.085: Total time for which application threads were stopped: 0.0048344 seconds, Stopping threads took: 0.0000279 seconds
19.150: [GC (Allocation Failure)  896777K->573249K(1034752K), 0.0074293 secs]
19.157: Total time for which application threads were stopped: 0.0076009 seconds, Stopping threads took: 0.0000207 seconds
19.226: [GC (Allocation Failure)  895809K->581251K(1035264K), 0.0046632 secs]
19.231: Total time for which application threads were stopped: 0.0048297 seconds, Stopping threads took: 0.0000199 seconds
19.297: [GC (Allocation Failure)  903811K->581219K(1034240K), 0.0046698 secs]
19.302: Total time for which application threads were stopped: 0.0048552 seconds, Stopping threads took: 0.0000271 seconds
19.369: [GC (Allocation Failure)  902755K->581291K(1034752K), 0.0057489 secs]
19.375: Total time for which application threads were stopped: 0.0059114 seconds, Stopping threads took: 0.0000204 seconds
19.441: [GC (Allocation Failure)  902827K->589294K(1033728K), 0.0047789 secs]
19.446: Total time for which application threads were stopped: 0.0049637 seconds, Stopping threads took: 0.0000199 seconds
19.513: [GC (Allocation Failure)  909806K->589294K(1034240K), 0.0046780 secs]
19.518: Total time for which application threads were stopped: 0.0048353 seconds, Stopping threads took: 0.0000193 seconds
19.584: [GC (Allocation Failure)  909806K->589510K(1034240K), 0.0056172 secs]
19.590: Total time for which application threads were stopped: 0.0057714 seconds, Stopping threads took: 0.0000191 seconds
19.657: [GC (Allocation Failure)  910022K->597320K(1034240K), 0.0048860 secs]
19.662: Total time for which application threads were stopped: 0.0050474 seconds, Stopping threads took: 0.0000196 seconds
19.728: [GC (Allocation Failure)  917832K->597320K(1033216K), 0.0047199 secs]
19.733: Total time for which application threads were stopped: 0.0048839 seconds, Stopping threads took: 0.0000205 seconds
19.799: [GC (Allocation Failure)  916808K->597448K(1033728K), 0.0055075 secs]
19.805: Total time for which application threads were stopped: 0.0056772 seconds, Stopping threads took: 0.0000269 seconds
19.872: [GC (Allocation Failure)  916936K->605354K(1033728K), 0.0047007 secs]
19.877: Total time for which application threads were stopped: 0.0048708 seconds, Stopping threads took: 0.0000174 seconds
19.946: [GC (Allocation Failure)  924842K->605290K(1033728K), 0.0045964 secs]
19.950: Total time for which application threads were stopped: 0.0047541 seconds, Stopping threads took: 0.0000200 seconds
20.018: [GC (Allocation Failure)  924778K->605450K(1033728K), 0.0056697 secs]
20.024: Total time for which application threads were stopped: 0.0058383 seconds, Stopping threads took: 0.0000194 seconds
20.092: [GC (Allocation Failure)  924938K->613356K(1033728K), 0.0048404 secs]
20.097: Total time for which application threads were stopped: 0.0050032 seconds, Stopping threads took: 0.0000200 seconds
20.164: [GC (Allocation Failure)  932843K->609450K(1034240K), 0.0037765 secs]
20.168: Total time for which application threads were stopped: 0.0039925 seconds, Stopping threads took: 0.0000393 seconds
20.235: [GC (Allocation Failure)  929450K->613516K(1033728K), 0.0051414 secs]
20.241: Total time for which application threads were stopped: 0.0053573 seconds, Stopping threads took: 0.0000251 seconds
20.308: [GC (Allocation Failure)  933516K->617484K(1034752K), 0.0046923 secs]
20.313: Total time for which application threads were stopped: 0.0048521 seconds, Stopping threads took: 0.0000274 seconds
20.381: [GC (Allocation Failure)  939020K->611722K(1034752K), 0.0027114 secs]
20.384: Total time for which application threads were stopped: 0.0028754 seconds, Stopping threads took: 0.0000204 seconds
20.452: [GC (Allocation Failure)  933258K->617548K(1035264K), 0.0048654 secs]
20.457: Total time for which application threads were stopped: 0.0050580 seconds, Stopping threads took: 0.0000206 seconds
20.525: [GC (Allocation Failure)  939596K->621620K(1034752K), 0.0053559 secs]
20.530: Total time for which application threads were stopped: 0.0055275 seconds, Stopping threads took: 0.0000209 seconds
20.596: [GC (Allocation Failure)  943406K->617682K(1035776K), 0.0038236 secs]
20.600: Total time for which application threads were stopped: 0.0039793 seconds, Stopping threads took: 0.0000197 seconds
20.668: [GC (Allocation Failure)  940754K->621772K(1035264K), 0.0052321 secs]
20.673: Total time for which application threads were stopped: 0.0054127 seconds, Stopping threads took: 0.0000201 seconds
20.741: [GC (Allocation Failure)  944844K->625772K(1035264K), 0.0048500 secs]
20.746: Total time for which application threads were stopped: 0.0050243 seconds, Stopping threads took: 0.0000219 seconds
20.815: [GC (Allocation Failure)  949356K->625740K(1035776K), 0.0049828 secs]
20.820: Total time for which application threads were stopped: 0.0051591 seconds, Stopping threads took: 0.0000262 seconds
20.888: [GC (Allocation Failure)  949324K->625796K(1034752K), 0.0055895 secs]
20.894: Total time for which application threads were stopped: 0.0057841 seconds, Stopping threads took: 0.0000199 seconds
20.964: [GC (Allocation Failure)  948356K->633767K(1035264K), 0.0048972 secs]
20.969: Total time for which application threads were stopped: 0.0050587 seconds, Stopping threads took: 0.0000203 seconds
21.035: [GC (Allocation Failure)  956327K->633735K(1034240K), 0.0049054 secs]
21.040: Total time for which application threads were stopped: 0.0050787 seconds, Stopping threads took: 0.0000204 seconds
21.110: [GC (Allocation Failure)  955271K->633831K(1034752K), 0.0055944 secs]
21.115: Total time for which application threads were stopped: 0.0057555 seconds, Stopping threads took: 0.0000201 seconds
21.183: [GC (Allocation Failure)  955367K->641769K(1034752K), 0.0049655 secs]
21.188: Total time for which application threads were stopped: 0.0051225 seconds, Stopping threads took: 0.0000200 seconds
21.255: [GC (Allocation Failure)  963305K->641833K(1029120K), 0.0049969 secs]
21.260: Total time for which application threads were stopped: 0.0051744 seconds, Stopping threads took: 0.0000192 seconds
21.328: [GC (Allocation Failure)  963369K->642049K(1034240K), 0.0056366 secs]
21.334: Total time for which application threads were stopped: 0.0058049 seconds, Stopping threads took: 0.0000201 seconds
21.402: [GC (Allocation Failure)  962561K->649795K(1034240K), 0.0048929 secs]
21.406: Total time for which application threads were stopped: 0.0050593 seconds, Stopping threads took: 0.0000198 seconds
21.475: [GC (Allocation Failure)  970307K->649859K(1034240K), 0.0050299 secs]
21.480: Total time for which application threads were stopped: 0.0051972 seconds, Stopping threads took: 0.0000193 seconds
21.547: [GC (Allocation Failure)  970371K->650283K(1020416K), 0.0056980 secs]
21.553: Total time for which application threads were stopped: 0.0058667 seconds, Stopping threads took: 0.0000195 seconds
21.619: [GC (Allocation Failure)  970795K->657902K(1033728K), 0.0049584 secs]
21.624: Total time for which application threads were stopped: 0.0051170 seconds, Stopping threads took: 0.0000195 seconds
21.691: [GC (Allocation Failure)  977390K->657838K(1033728K), 0.0057293 secs]
21.697: Total time for which application threads were stopped: 0.0059192 seconds, Stopping threads took: 0.0000201 seconds
21.763: [GC (Allocation Failure)  977326K->657966K(1033728K), 0.0056956 secs]
21.768: Total time for which application threads were stopped: 0.0058659 seconds, Stopping threads took: 0.0000194 seconds
21.836: [GC (Allocation Failure)  977454K->665904K(1033728K), 0.0049005 secs]
21.841: Total time for which application threads were stopped: 0.0050898 seconds, Stopping threads took: 0.0000189 seconds
21.909: [GC (Allocation Failure)  985392K->665872K(1033728K), 0.0063301 secs]
21.916: Total time for which application threads were stopped: 0.0064711 seconds, Stopping threads took: 0.0000253 seconds
21.982: [GC (Allocation Failure)  985360K->665968K(1033728K), 0.0057363 secs]
21.987: Total time for which application threads were stopped: 0.0059053 seconds, Stopping threads took: 0.0000196 seconds
22.055: [GC (Allocation Failure)  985456K->673970K(1032704K), 0.0049721 secs]
22.061: Total time for which application threads were stopped: 0.0051508 seconds, Stopping threads took: 0.0000285 seconds
22.130: [GC (Allocation Failure)  992434K->668368K(1033216K), 0.0028803 secs]
22.133: Total time for which application threads were stopped: 0.0030560 seconds, Stopping threads took: 0.0000220 seconds
22.202: [GC (Allocation Failure)  986832K->674186K(1034752K), 0.0051594 secs]
22.207: Total time for which application threads were stopped: 0.0053309 seconds, Stopping threads took: 0.0000210 seconds
22.274: [GC (Allocation Failure)  994698K->678074K(1033728K), 0.0054584 secs]
22.280: Total time for which application threads were stopped: 0.0056541 seconds, Stopping threads took: 0.0000205 seconds
22.347: [GC (Allocation Failure)  998586K->684968K(1029120K), 0.0079776 secs]
22.355: Total time for which application threads were stopped: 0.0081385 seconds, Stopping threads took: 0.0000198 seconds
22.422: [GC (Allocation Failure)  1000360K->678922K(1031680K), 0.0052079 secs]
22.427: Total time for which application threads were stopped: 0.0053759 seconds, Stopping threads took: 0.0000207 seconds
22.492: [GC (Allocation Failure)  994314K->678698K(1032704K), 0.0047929 secs]
22.497: Total time for which application threads were stopped: 0.0049618 seconds, Stopping threads took: 0.0000207 seconds
22.561: [GC (Allocation Failure)  995626K->682090K(1032192K), 0.0062305 secs]
22.568: Total time for which application threads were stopped: 0.0063960 seconds, Stopping threads took: 0.0000198 seconds
22.635: [GC (Allocation Failure)  999018K->686860K(1033216K), 0.0049322 secs]
22.640: Total time for which application threads were stopped: 0.0051000 seconds, Stopping threads took: 0.0000199 seconds
22.707: [GC (Allocation Failure)  1004812K->686732K(1032704K), 0.0050957 secs]
22.712: Total time for which application threads were stopped: 0.0052663 seconds, Stopping threads took: 0.0000204 seconds
22.778: [GC (Allocation Failure)  1004684K->687756K(1033216K), 0.0057187 secs]
22.784: [Full GC (Ergonomics)  687756K->9515K(1033216K), 0.0182155 secs]
22.802: Total time for which application threads were stopped: 0.0241774 seconds, Stopping threads took: 0.0000202 seconds
22.871: [GC (Allocation Failure)  327979K->18637K(1033216K), 0.0037681 secs]
22.875: Total time for which application threads were stopped: 0.0039515 seconds, Stopping threads took: 0.0000175 seconds
22.945: [GC (Allocation Failure)  337101K->18653K(1033216K), 0.0039694 secs]
22.949: Total time for which application threads were stopped: 0.0041390 seconds, Stopping threads took: 0.0000191 seconds
23.015: [GC (Allocation Failure)  337117K->19837K(1033216K), 0.0039442 secs]
23.019: Total time for which application threads were stopped: 0.0041207 seconds, Stopping threads took: 0.0000201 seconds
23.087: [GC (Allocation Failure)  338301K->26719K(1033216K), 0.0035287 secs]
23.091: Total time for which application threads were stopped: 0.0037099 seconds, Stopping threads took: 0.0000168 seconds
23.158: [GC (Allocation Failure)  345183K->26719K(1033216K), 0.0036977 secs]
23.162: Total time for which application threads were stopped: 0.0038588 seconds, Stopping threads took: 0.0000197 seconds
23.228: [GC (Allocation Failure)  345183K->28071K(1033728K), 0.0041153 secs]
23.232: Total time for which application threads were stopped: 0.0042906 seconds, Stopping threads took: 0.0000277 seconds
23.302: [GC (Allocation Failure)  347559K->34730K(1033728K), 0.0036634 secs]
23.306: Total time for which application threads were stopped: 0.0038482 seconds, Stopping threads took: 0.0000267 seconds
23.374: [GC (Allocation Failure)  354218K->34730K(1033728K), 0.0038097 secs]
23.378: Total time for which application threads were stopped: 0.0039876 seconds, Stopping threads took: 0.0000290 seconds
23.444: [GC (Allocation Failure)  354218K->35274K(1033728K), 0.0038580 secs]
23.448: Total time for which application threads were stopped: 0.0040385 seconds, Stopping threads took: 0.0000200 seconds
23.515: [GC (Allocation Failure)  354762K->42828K(1033728K), 0.0037594 secs]
23.519: Total time for which application threads were stopped: 0.0039344 seconds, Stopping threads took: 0.0000212 seconds
23.587: [GC (Allocation Failure)  362316K->42796K(1033728K), 0.0036283 secs]
23.591: Total time for which application threads were stopped: 0.0037994 seconds, Stopping threads took: 0.0000201 seconds
23.655: [GC (Allocation Failure)  362284K->43020K(1033728K), 0.0037568 secs]
23.659: Total time for which application threads were stopped: 0.0039180 seconds, Stopping threads took: 0.0000202 seconds
23.725: [GC (Allocation Failure)  362508K->50830K(1033728K), 0.0037542 secs]
23.728: Total time for which application threads were stopped: 0.0039266 seconds, Stopping threads took: 0.0000195 seconds
23.798: [GC (Allocation Failure)  370318K->50830K(1033728K), 0.0036216 secs]
23.802: Total time for which application threads were stopped: 0.0037881 seconds, Stopping threads took: 0.0000197 seconds
23.867: [GC (Allocation Failure)  370318K->51750K(1033728K), 0.0039948 secs]
23.871: Total time for which application threads were stopped: 0.0041633 seconds, Stopping threads took: 0.0000197 seconds
23.941: [GC (Allocation Failure)  371238K->58824K(1033728K), 0.0039344 secs]
23.945: Total time for which application threads were stopped: 0.0040946 seconds, Stopping threads took: 0.0000195 seconds
24.013: [GC (Allocation Failure)  378312K->58824K(1033728K), 0.0037340 secs]
24.016: Total time for which application threads were stopped: 0.0038993 seconds, Stopping threads took: 0.0000200 seconds
24.081: [GC (Allocation Failure)  378312K->58984K(1033728K), 0.0038109 secs]
24.085: Total time for which application threads were stopped: 0.0039676 seconds, Stopping threads took: 0.0000193 seconds
24.153: [GC (Allocation Failure)  378472K->66891K(1033728K), 0.0038258 secs]
24.157: Total time for which application threads were stopped: 0.0040264 seconds, Stopping threads took: 0.0000200 seconds
24.226: [GC (Allocation Failure)  386379K->66891K(1033728K), 0.0036951 secs]
24.229: Total time for which application threads were stopped: 0.0038505 seconds, Stopping threads took: 0.0000173 seconds
24.295: [GC (Allocation Failure)  386379K->68203K(1033728K), 0.0037973 secs]
24.299: Total time for which application threads were stopped: 0.0039548 seconds, Stopping threads took: 0.0000268 seconds
24.365: [GC (Allocation Failure)  387691K->74925K(1033728K), 0.0038735 secs]
24.369: Total time for which application threads were stopped: 0.0040346 seconds, Stopping threads took: 0.0000193 seconds
24.436: [GC (Allocation Failure)  394413K->74893K(1033728K), 0.0039580 secs]
24.440: Total time for which application threads were stopped: 0.0041200 seconds, Stopping threads took: 0.0000166 seconds
24.505: [GC (Allocation Failure)  394381K->75437K(1033728K), 0.0039852 secs]
24.509: Total time for which application threads were stopped: 0.0041830 seconds, Stopping threads took: 0.0000216 seconds
24.578: [GC (Allocation Failure)  394925K->82991K(1033728K), 0.0038125 secs]
24.581: Total time for which application threads were stopped: 0.0040076 seconds, Stopping threads took: 0.0000196 seconds
24.651: [GC (Allocation Failure)  402479K->82927K(1033728K), 0.0039007 secs]
24.655: Total time for which application threads were stopped: 0.0040491 seconds, Stopping threads took: 0.0000165 seconds
24.721: [GC (Allocation Failure)  402415K->83175K(1033728K), 0.0038096 secs]
24.725: Total time for which application threads were stopped: 0.0039706 seconds, Stopping threads took: 0.0000200 seconds
24.793: [GC (Allocation Failure)  402663K->90985K(1032704K), 0.0036810 secs]
24.796: Total time for which application threads were stopped: 0.0038399 seconds, Stopping threads took: 0.0000271 seconds
24.864: [GC (Allocation Failure)  409449K->90953K(1033216K), 0.0037497 secs]
24.868: Total time for which application threads were stopped: 0.0039552 seconds, Stopping threads took: 0.0000253 seconds
24.934: [GC (Allocation Failure)  409417K->91881K(1033728K), 0.0039884 secs]
24.939: Total time for which application threads were stopped: 0.0041536 seconds, Stopping threads took: 0.0000197 seconds
25.006: [GC (Allocation Failure)  410857K->99052K(1033216K), 0.0038863 secs]
25.009: Total time for which application threads were stopped: 0.0040485 seconds, Stopping threads took: 0.0000204 seconds
25.078: [GC (Allocation Failure)  418028K->99020K(1033728K), 0.0038223 secs]
25.082: Total time for which application threads were stopped: 0.0039968 seconds, Stopping threads took: 0.0000201 seconds
25.151: [GC (Allocation Failure)  417996K->99532K(1033216K), 0.0040317 secs]
25.155: Total time for which application threads were stopped: 0.0042103 seconds, Stopping threads took: 0.0000218 seconds
25.223: [GC (Allocation Failure)  418508K->107054K(1033216K), 0.0038932 secs]
25.227: Total time for which application threads were stopped: 0.0040532 seconds, Stopping threads took: 0.0000203 seconds
25.296: [GC (Allocation Failure)  425518K->106990K(1033216K), 0.0038481 secs]
25.300: Total time for which application threads were stopped: 0.0040072 seconds, Stopping threads took: 0.0000256 seconds
25.367: [GC (Allocation Failure)  425454K->107238K(1033216K), 0.0040516 secs]
25.371: Total time for which application threads were stopped: 0.0042152 seconds, Stopping threads took: 0.0000194 seconds
25.439: [GC (Allocation Failure)  425702K->115080K(1033216K), 0.0037435 secs]
25.443: Total time for which application threads were stopped: 0.0039132 seconds, Stopping threads took: 0.0000195 seconds
25.511: [GC (Allocation Failure)  433544K->115080K(1033216K), 0.0038897 secs]
25.515: Total time for which application threads were stopped: 0.0040554 seconds, Stopping threads took: 0.0000197 seconds
25.581: [GC (Allocation Failure)  433544K->115496K(1033216K), 0.0037454 secs]
25.585: Total time for which application threads were stopped: 0.0039084 seconds, Stopping threads took: 0.0000191 seconds
25.652: [GC (Allocation Failure)  433960K->123051K(1033216K), 0.0040225 secs]
25.656: Total time for which application threads were stopped: 0.0041875 seconds, Stopping threads took: 0.0000194 seconds
25.723: [GC (Allocation Failure)  441515K->123083K(1033216K), 0.0039353 secs]
25.727: Total time for which application threads were stopped: 0.0040930 seconds, Stopping threads took: 0.0000191 seconds
25.793: [GC (Allocation Failure)  441547K->123219K(1033216K), 0.0064064 secs]
25.800: Total time for which application threads were stopped: 0.0065893 seconds, Stopping threads took: 0.0000261 seconds
25.868: [GC (Allocation Failure)  441683K->131157K(1033216K), 0.0038113 secs]
25.872: Total time for which application threads were stopped: 0.0040073 seconds, Stopping threads took: 0.0000254 seconds
25.940: [GC (Allocation Failure)  449621K->131125K(1033216K), 0.0040605 secs]
25.944: Total time for which application threads were stopped: 0.0042513 seconds, Stopping threads took: 0.0000205 seconds
26.009: [GC (Allocation Failure)  449589K->131189K(1033216K), 0.0038006 secs]
26.013: Total time for which application threads were stopped: 0.0039777 seconds, Stopping threads took: 0.0000279 seconds
26.082: [GC (Allocation Failure)  449653K->139191K(1033216K), 0.0039362 secs]
26.086: Total time for which application threads were stopped: 0.0041096 seconds, Stopping threads took: 0.0000201 seconds
26.154: [GC (Allocation Failure)  457655K->139191K(1033216K), 0.0039961 secs]
26.158: Total time for which application threads were stopped: 0.0041560 seconds, Stopping threads took: 0.0000199 seconds
26.223: [GC (Allocation Failure)  457655K->139223K(1033216K), 0.0040496 secs]
26.227: Total time for which application threads were stopped: 0.0042211 seconds, Stopping threads took: 0.0000202 seconds
26.293: [GC (Allocation Failure)  457687K->147193K(1033216K), 0.0046201 secs]
26.298: Total time for which application threads were stopped: 0.0047875 seconds, Stopping threads took: 0.0000284 seconds
26.364: [GC (Allocation Failure)  465657K->147225K(1033216K), 0.0038274 secs]
26.368: Total time for which application threads were stopped: 0.0039993 seconds, Stopping threads took: 0.0000213 seconds
26.435: [GC (Allocation Failure)  465689K->147377K(1033216K), 0.0056418 secs]
26.441: Total time for which application threads were stopped: 0.0058060 seconds, Stopping threads took: 0.0000201 seconds
26.510: [GC (Allocation Failure)  465841K->155252K(1033216K), 0.0039952 secs]
26.514: Total time for which application threads were stopped: 0.0041553 seconds, Stopping threads took: 0.0000196 seconds
26.580: [GC (Allocation Failure)  473716K->155220K(1033216K), 0.0042480 secs]
26.584: Total time for which application threads were stopped: 0.0044205 seconds, Stopping threads took: 0.0000202 seconds
26.649: [GC (Allocation Failure)  473684K->155636K(1033216K), 0.0040967 secs]
26.653: Total time for which application threads were stopped: 0.0042749 seconds, Stopping threads took: 0.0000194 seconds
26.721: [GC (Allocation Failure)  474100K->163254K(1033216K), 0.0046432 secs]
26.726: Total time for which application threads were stopped: 0.0048195 seconds, Stopping threads took: 0.0000190 seconds
26.793: [GC (Allocation Failure)  481718K->163222K(1033216K), 0.0037499 secs]
26.797: Total time for which application threads were stopped: 0.0039172 seconds, Stopping threads took: 0.0000285 seconds
26.862: [GC (Allocation Failure)  481686K->163318K(1033216K), 0.0040813 secs]
26.866: Total time for which application threads were stopped: 0.0042302 seconds, Stopping threads took: 0.0000206 seconds
26.936: [GC (Allocation Failure)  481782K->171288K(1033216K), 0.0040132 secs]
26.940: Total time for which application threads were stopped: 0.0041925 seconds, Stopping threads took: 0.0000198 seconds
27.005: [GC (Allocation Failure)  489752K->163382K(1033216K), 0.0009649 secs]
27.006: Total time for which application threads were stopped: 0.0011015 seconds, Stopping threads took: 0.0000199 seconds
27.076: [GC (Allocation Failure)  481846K->171480K(1032192K), 0.0040747 secs]
27.080: Total time for which application threads were stopped: 0.0042262 seconds, Stopping threads took: 0.0000174 seconds
27.148: [GC (Allocation Failure)  488920K->175448K(1032704K), 0.0054598 secs]
27.153: Total time for which application threads were stopped: 0.0056186 seconds, Stopping threads took: 0.0000200 seconds
27.220: [GC (Allocation Failure)  492888K->173846K(1033728K), 0.0034911 secs]
27.223: Total time for which application threads were stopped: 0.0036593 seconds, Stopping threads took: 0.0000196 seconds
27.291: [GC (Allocation Failure)  492310K->175608K(1032704K), 0.0040387 secs]
27.295: Total time for which application threads were stopped: 0.0042018 seconds, Stopping threads took: 0.0000253 seconds
27.362: [GC (Allocation Failure)  494072K->175480K(1033728K), 0.0038753 secs]
27.365: Total time for which application threads were stopped: 0.0040371 seconds, Stopping threads took: 0.0000200 seconds
27.432: [GC (Allocation Failure)  494968K->179056K(1033728K), 0.0047782 secs]
27.436: Total time for which application threads were stopped: 0.0049342 seconds, Stopping threads took: 0.0000187 seconds
27.502: [GC (Allocation Failure)  498544K->183538K(1034240K), 0.0064658 secs]
27.508: Total time for which application threads were stopped: 0.0066280 seconds, Stopping threads took: 0.0000192 seconds
27.576: [GC (Allocation Failure)  504050K->183506K(1034240K), 0.0040383 secs]
27.580: Total time for which application threads were stopped: 0.0042277 seconds, Stopping threads took: 0.0000292 seconds
27.648: [GC (Allocation Failure)  504018K->184202K(1033216K), 0.0042006 secs]
27.653: Total time for which application threads were stopped: 0.0043667 seconds, Stopping threads took: 0.0000194 seconds
27.719: [GC (Allocation Failure)  503690K->191533K(1033728K), 0.0040488 secs]
27.723: Total time for which application threads were stopped: 0.0042207 seconds, Stopping threads took: 0.0000205 seconds
27.790: [GC (Allocation Failure)  511021K->191533K(1034240K), 0.0040055 secs]
27.795: Total time for which application threads were stopped: 0.0041696 seconds, Stopping threads took: 0.0000260 seconds
27.861: [GC (Allocation Failure)  511533K->191949K(1033728K), 0.0040070 secs]
27.865: Total time for which application threads were stopped: 0.0041893 seconds, Stopping threads took: 0.0000194 seconds
27.934: [GC (Allocation Failure)  511949K->199567K(1033728K), 0.0041285 secs]
27.938: Total time for which application threads were stopped: 0.0042873 seconds, Stopping threads took: 0.0000195 seconds
28.006: [GC (Allocation Failure)  519055K->199567K(1033728K), 0.0041384 secs]
28.010: Total time for which application threads were stopped: 0.0042986 seconds, Stopping threads took: 0.0000197 seconds
28.077: [GC (Allocation Failure)  519055K->199655K(1033728K), 0.0040699 secs]
28.081: Total time for which application threads were stopped: 0.0042622 seconds, Stopping threads took: 0.0000201 seconds
28.148: [GC (Allocation Failure)  519143K->207561K(1033728K), 0.0040087 secs]
28.152: Total time for which application threads were stopped: 0.0042122 seconds, Stopping threads took: 0.0000177 seconds
28.220: [GC (Allocation Failure)  527049K->207561K(1033728K), 0.0039540 secs]
28.224: Total time for which application threads were stopped: 0.0041144 seconds, Stopping threads took: 0.0000198 seconds
28.290: [GC (Allocation Failure)  527049K->210953K(1033728K), 0.0048087 secs]
28.295: Total time for which application threads were stopped: 0.0049776 seconds, Stopping threads took: 0.0000274 seconds
28.363: [GC (Allocation Failure)  530441K->215691K(1034240K), 0.0040762 secs]
28.368: Total time for which application threads were stopped: 0.0042333 seconds, Stopping threads took: 0.0000194 seconds
28.437: [GC (Allocation Failure)  536203K->215595K(1034240K), 0.0041211 secs]
28.441: Total time for which application threads were stopped: 0.0042810 seconds, Stopping threads took: 0.0000203 seconds
28.509: [GC (Allocation Failure)  536107K->216139K(1033216K), 0.0041023 secs]
28.514: Total time for which application threads were stopped: 0.0042591 seconds, Stopping threads took: 0.0000173 seconds
28.581: [GC (Allocation Failure)  535627K->223726K(1033728K), 0.0039464 secs]
28.585: Total time for which application threads were stopped: 0.0041150 seconds, Stopping threads took: 0.0000205 seconds
28.653: [GC (Allocation Failure)  543214K->223630K(1033728K), 0.0040129 secs]
28.657: Total time for which application threads were stopped: 0.0041823 seconds, Stopping threads took: 0.0000195 seconds
28.722: [GC (Allocation Failure)  543118K->227470K(1033728K), 0.0048987 secs]
28.727: Total time for which application threads were stopped: 0.0050690 seconds, Stopping threads took: 0.0000203 seconds
28.796: [GC (Allocation Failure)  546958K->231696K(1034240K), 0.0039788 secs]
28.800: Total time for which application threads were stopped: 0.0041279 seconds, Stopping threads took: 0.0000249 seconds
28.868: [GC (Allocation Failure)  552208K->231664K(1034240K), 0.0040660 secs]
28.872: Total time for which application threads were stopped: 0.0042488 seconds, Stopping threads took: 0.0000212 seconds
28.941: [GC (Allocation Failure)  552176K->232584K(1034240K), 0.0042526 secs]
28.946: Total time for which application threads were stopped: 0.0044310 seconds, Stopping threads took: 0.0000200 seconds
29.015: [GC (Allocation Failure)  553096K->239690K(1034240K), 0.0039774 secs]
29.019: Total time for which application threads were stopped: 0.0041751 seconds, Stopping threads took: 0.0000207 seconds
29.089: [GC (Allocation Failure)  560202K->239690K(1034240K), 0.0039992 secs]
29.093: Total time for which application threads were stopped: 0.0041928 seconds, Stopping threads took: 0.0000199 seconds
29.162: [GC (Allocation Failure)  560202K->242890K(1034240K), 0.0047818 secs]
29.167: Total time for which application threads were stopped: 0.0049719 seconds, Stopping threads took: 0.0000165 seconds
29.236: [GC (Allocation Failure)  563402K->247724K(1034752K), 0.0042589 secs]
29.240: Total time for which application threads were stopped: 0.0044050 seconds, Stopping threads took: 0.0000202 seconds
29.311: [GC (Allocation Failure)  569260K->247724K(1034752K), 0.0041968 secs]
29.315: Total time for which application threads were stopped: 0.0043595 seconds, Stopping threads took: 0.0000257 seconds
29.380: [GC (Allocation Failure)  569260K->251116K(1034752K), 0.0049208 secs]
29.385: Total time for which application threads were stopped: 0.0050924 seconds, Stopping threads took: 0.0000260 seconds
29.453: [GC (Allocation Failure)  572652K->255887K(1034752K), 0.0039750 secs]
29.457: Total time for which application threads were stopped: 0.0041381 seconds, Stopping threads took: 0.0000214 seconds
29.531: [GC (Allocation Failure)  577423K->255759K(1034752K), 0.0040233 secs]
29.535: Total time for which application threads were stopped: 0.0041829 seconds, Stopping threads took: 0.0000201 seconds
29.602: [GC (Allocation Failure)  577295K->256263K(1034752K), 0.0044134 secs]
29.606: Total time for which application threads were stopped: 0.0045866 seconds, Stopping threads took: 0.0000188 seconds
29.677: [GC (Allocation Failure)  577799K->263817K(1034752K), 0.0040706 secs]
29.681: Total time for which application threads were stopped: 0.0042288 seconds, Stopping threads took: 0.0000195 seconds
29.750: [GC (Allocation Failure)  585353K->263785K(1034752K), 0.0042063 secs]
29.754: Total time for which application threads were stopped: 0.0043766 seconds, Stopping threads took: 0.0000198 seconds
29.820: [GC (Allocation Failure)  585321K->265545K(1034752K), 0.0042331 secs]
29.824: Total time for which application threads were stopped: 0.0044136 seconds, Stopping threads took: 0.0000255 seconds
29.890: [GC (Allocation Failure)  587081K->271851K(1029120K), 0.0042444 secs]
29.894: Total time for which application threads were stopped: 0.0044155 seconds, Stopping threads took: 0.0000261 seconds
29.961: [GC (Allocation Failure)  593387K->271851K(1034752K), 0.0042956 secs]
29.966: Total time for which application threads were stopped: 0.0044640 seconds, Stopping threads took: 0.0000200 seconds
30.035: [GC (Allocation Failure)  592875K->274283K(1034240K), 0.0045741 secs]
30.039: Total time for which application threads were stopped: 0.0047332 seconds, Stopping threads took: 0.0000194 seconds
30.108: [GC (Allocation Failure)  595307K->279854K(1034752K), 0.0042243 secs]
30.112: Total time for which application threads were stopped: 0.0043839 seconds, Stopping threads took: 0.0000200 seconds
30.180: [GC (Allocation Failure)  601390K->279854K(1034752K), 0.0041448 secs]
30.184: Total time for which application threads were stopped: 0.0043305 seconds, Stopping threads took: 0.0000205 seconds
30.250: [GC (Allocation Failure)  601390K->283022K(1034752K), 0.0050165 secs]
30.255: Total time for which application threads were stopped: 0.0052032 seconds, Stopping threads took: 0.0000213 seconds
30.322: [GC (Allocation Failure)  604558K->287888K(1034752K), 0.0041822 secs]
30.326: Total time for which application threads were stopped: 0.0043663 seconds, Stopping threads took: 0.0000272 seconds
30.392: [GC (Allocation Failure)  609424K->287856K(1034752K), 0.0043394 secs]
30.397: Total time for which application threads were stopped: 0.0045276 seconds, Stopping threads took: 0.0000193 seconds
30.464: [GC (Allocation Failure)  609392K->288200K(1034752K), 0.0042929 secs]
30.469: Total time for which application threads were stopped: 0.0044501 seconds, Stopping threads took: 0.0000173 seconds
30.538: [GC (Allocation Failure)  609736K->295978K(1033728K), 0.0042902 secs]
30.543: Total time for which application threads were stopped: 0.0044929 seconds, Stopping threads took: 0.0000220 seconds
30.612: [GC (Allocation Failure)  616490K->295946K(1034240K), 0.0042034 secs]
30.616: Total time for which application threads were stopped: 0.0043631 seconds, Stopping threads took: 0.0000199 seconds
30.683: [GC (Allocation Failure)  616458K->299498K(1034752K), 0.0050298 secs]
30.688: Total time for which application threads were stopped: 0.0051898 seconds, Stopping threads took: 0.0000192 seconds
30.755: [GC (Allocation Failure)  620522K->303980K(1034240K), 0.0042624 secs]
30.759: Total time for which application threads were stopped: 0.0044392 seconds, Stopping threads took: 0.0000194 seconds
30.827: [GC (Allocation Failure)  625004K->303916K(1034752K), 0.0042559 secs]
30.831: Total time for which application threads were stopped: 0.0044224 seconds, Stopping threads took: 0.0000263 seconds
30.899: [GC (Allocation Failure)  625452K->307764K(1034752K), 0.0084837 secs]
30.907: Total time for which application threads were stopped: 0.0086856 seconds, Stopping threads took: 0.0000251 seconds
30.975: [GC (Allocation Failure)  629300K->312023K(1035264K), 0.0042613 secs]
30.979: Total time for which application threads were stopped: 0.0044176 seconds, Stopping threads took: 0.0000175 seconds
31.047: [GC (Allocation Failure)  634583K->312023K(1035264K), 0.0042893 secs]
31.051: Total time for which application threads were stopped: 0.0044676 seconds, Stopping threads took: 0.0000208 seconds
31.119: [GC (Allocation Failure)  634583K->314935K(1035264K), 0.0046876 secs]
31.124: Total time for which application threads were stopped: 0.0048790 seconds, Stopping threads took: 0.0000189 seconds
31.193: [GC (Allocation Failure)  637495K->320057K(1035264K), 0.0042528 secs]
31.197: Total time for which application threads were stopped: 0.0044027 seconds, Stopping threads took: 0.0000174 seconds
31.265: [GC (Allocation Failure)  642617K->320057K(1035264K), 0.0043822 secs]
31.270: Total time for which application threads were stopped: 0.0045748 seconds, Stopping threads took: 0.0000193 seconds
31.339: [GC (Allocation Failure)  642617K->323153K(1035264K), 0.0047402 secs]
31.344: Total time for which application threads were stopped: 0.0049191 seconds, Stopping threads took: 0.0000257 seconds
31.413: [GC (Allocation Failure)  645713K->328147K(1035264K), 0.0041472 secs]
31.417: Total time for which application threads were stopped: 0.0043049 seconds, Stopping threads took: 0.0000174 seconds
31.485: [GC (Allocation Failure)  650707K->328051K(1035264K), 0.0043751 secs]
31.490: Total time for which application threads were stopped: 0.0045344 seconds, Stopping threads took: 0.0000199 seconds
31.556: [GC (Allocation Failure)  650611K->331435K(1035264K), 0.0064194 secs]
31.563: Total time for which application threads were stopped: 0.0065808 seconds, Stopping threads took: 0.0000191 seconds
31.633: [GC (Allocation Failure)  653995K->336173K(1035264K), 0.0044347 secs]
31.637: Total time for which application threads were stopped: 0.0046092 seconds, Stopping threads took: 0.0000204 seconds
31.705: [GC (Allocation Failure)  658733K->336109K(1035264K), 0.0044246 secs]
31.710: Total time for which application threads were stopped: 0.0045987 seconds, Stopping threads took: 0.0000207 seconds
31.777: [GC (Allocation Failure)  658669K->339629K(1035264K), 0.0051162 secs]
31.783: Total time for which application threads were stopped: 0.0052922 seconds, Stopping threads took: 0.0000216 seconds
31.851: [GC (Allocation Failure)  662189K->344144K(1035264K), 0.0042954 secs]
31.856: Total time for which application threads were stopped: 0.0044625 seconds, Stopping threads took: 0.0000271 seconds
31.925: [GC (Allocation Failure)  666704K->344144K(1035264K), 0.0040977 secs]
31.930: Total time for which application threads were stopped: 0.0042688 seconds, Stopping threads took: 0.0000190 seconds
31.996: [GC (Allocation Failure)  666704K->347880K(1035776K), 0.0051354 secs]
32.002: Total time for which application threads were stopped: 0.0053274 seconds, Stopping threads took: 0.0000193 seconds
32.072: [GC (Allocation Failure)  671464K->352362K(1035776K), 0.0043375 secs]
32.076: Total time for which application threads were stopped: 0.0044983 seconds, Stopping threads took: 0.0000170 seconds
32.143: [GC (Allocation Failure)  675946K->352138K(1035776K), 0.0044130 secs]
32.148: Total time for which application threads were stopped: 0.0045824 seconds, Stopping threads took: 0.0000197 seconds
32.216: [GC (Allocation Failure)  675722K->347016K(1035776K), 0.0024141 secs]
32.218: Total time for which application threads were stopped: 0.0025952 seconds, Stopping threads took: 0.0000274 seconds
32.288: [GC (Allocation Failure)  670600K->352330K(1034752K), 0.0044654 secs]
32.292: Total time for which application threads were stopped: 0.0046399 seconds, Stopping threads took: 0.0000200 seconds
32.360: [GC (Allocation Failure)  674890K->352138K(1035264K), 0.0044129 secs]
32.365: Total time for which application threads were stopped: 0.0045787 seconds, Stopping threads took: 0.0000226 seconds
32.431: [GC (Allocation Failure)  674698K->352392K(1035776K), 0.0044879 secs]
32.436: Total time for which application threads were stopped: 0.0046410 seconds, Stopping threads took: 0.0000187 seconds
32.506: [GC (Allocation Failure)  675976K->352266K(1035776K), 0.0044418 secs]
32.511: Total time for which application threads were stopped: 0.0046069 seconds, Stopping threads took: 0.0000192 seconds
32.578: [GC (Allocation Failure)  675850K->352170K(1035776K), 0.0042965 secs]
32.582: Total time for which application threads were stopped: 0.0044572 seconds, Stopping threads took: 0.0000198 seconds
32.651: [GC (Allocation Failure)  675754K->359688K(1035776K), 0.0077959 secs]
32.658: Total time for which application threads were stopped: 0.0079549 seconds, Stopping threads took: 0.0000188 seconds
32.728: [GC (Allocation Failure)  683272K->355018K(1031680K), 0.0043768 secs]
32.732: Total time for which application threads were stopped: 0.0045724 seconds, Stopping threads took: 0.0000204 seconds
32.799: [GC (Allocation Failure)  674506K->354954K(1033728K), 0.0040678 secs]
32.804: Total time for which application threads were stopped: 0.0042299 seconds, Stopping threads took: 0.0000256 seconds
32.870: [GC (Allocation Failure)  674442K->361688K(1031168K), 0.0071774 secs]
32.878: Total time for which application threads were stopped: 0.0073549 seconds, Stopping threads took: 0.0000283 seconds
32.947: [GC (Allocation Failure)  679128K->355450K(1032704K), 0.0045567 secs]
32.951: Total time for which application threads were stopped: 0.0047289 seconds, Stopping threads took: 0.0000205 seconds
33.019: [GC (Allocation Failure)  672890K->355418K(1033728K), 0.0041433 secs]
33.023: Total time for which application threads were stopped: 0.0043076 seconds, Stopping threads took: 0.0000208 seconds
33.090: [GC (Allocation Failure)  674394K->352664K(1033216K), 0.0033953 secs]
33.094: Total time for which application threads were stopped: 0.0035522 seconds, Stopping threads took: 0.0000192 seconds
33.163: [GC (Allocation Failure)  671640K->355642K(1034240K), 0.0044224 secs]
33.167: Total time for which application threads were stopped: 0.0045812 seconds, Stopping threads took: 0.0000195 seconds
33.235: [GC (Allocation Failure)  675642K->355450K(1033728K), 0.0040273 secs]
33.239: Total time for which application threads were stopped: 0.0041987 seconds, Stopping threads took: 0.0000205 seconds
33.304: [GC (Allocation Failure)  675450K->348216K(1033728K), 0.0014391 secs]
33.305: Total time for which application threads were stopped: 0.0015872 seconds, Stopping threads took: 0.0000280 seconds
33.373: [GC (Allocation Failure)  668728K->355578K(1034240K), 0.0043415 secs]
33.377: Total time for which application threads were stopped: 0.0045171 seconds, Stopping threads took: 0.0000226 seconds
33.445: [GC (Allocation Failure)  676090K->355418K(1035264K), 0.0042766 secs]
33.450: Total time for which application threads were stopped: 0.0044721 seconds, Stopping threads took: 0.0000206 seconds
33.519: [GC (Allocation Failure)  677466K->347960K(1022464K), 0.0013515 secs]
33.520: Total time for which application threads were stopped: 0.0014750 seconds, Stopping threads took: 0.0000253 seconds
33.590: [GC (Allocation Failure)  670008K->355514K(1034752K), 0.0044270 secs]
33.595: Total time for which application threads were stopped: 0.0046365 seconds, Stopping threads took: 0.0000537 seconds
33.662: [GC (Allocation Failure)  676538K->355418K(1034240K), 0.0044093 secs]
33.666: Total time for which application threads were stopped: 0.0045785 seconds, Stopping threads took: 0.0000202 seconds
33.734: [GC (Allocation Failure)  676442K->348600K(1034752K), 0.0016665 secs]
33.736: Total time for which application threads were stopped: 0.0018183 seconds, Stopping threads took: 0.0000199 seconds
33.807: [GC (Allocation Failure)  670136K->355642K(1034752K), 0.0041186 secs]
33.811: Total time for which application threads were stopped: 0.0042750 seconds, Stopping threads took: 0.0000254 seconds
33.880: [GC (Allocation Failure)  677178K->355450K(1034752K), 0.0041925 secs]
33.884: Total time for which application threads were stopped: 0.0043600 seconds, Stopping threads took: 0.0000163 seconds
33.953: [GC (Allocation Failure)  676986K->349848K(1034752K), 0.0022572 secs]
33.955: Total time for which application threads were stopped: 0.0024032 seconds, Stopping threads took: 0.0000248 seconds
34.026: [GC (Allocation Failure)  671384K->355610K(1034752K), 0.0043060 secs]
34.030: Total time for which application threads were stopped: 0.0045041 seconds, Stopping threads took: 0.0000194 seconds
34.099: [GC (Allocation Failure)  677146K->355418K(1034752K), 0.0044486 secs]
34.103: Total time for which application threads were stopped: 0.0046081 seconds, Stopping threads took: 0.0000205 seconds
34.170: [GC (Allocation Failure)  676954K->351032K(1035264K), 0.0025594 secs]
34.173: Total time for which application threads were stopped: 0.0027274 seconds, Stopping threads took: 0.0000198 seconds
34.240: [GC (Allocation Failure)  673080K->355546K(1034752K), 0.0044322 secs]
34.245: Total time for which application threads were stopped: 0.0045947 seconds, Stopping threads took: 0.0000204 seconds
34.316: [GC (Allocation Failure)  677594K->355386K(1035264K), 0.0041614 secs]
34.320: Total time for which application threads were stopped: 0.0043371 seconds, Stopping threads took: 0.0000283 seconds
34.388: [GC (Allocation Failure)  677946K->354360K(1035264K), 0.0039155 secs]
34.392: Total time for which application threads were stopped: 0.0040739 seconds, Stopping threads took: 0.0000191 seconds
34.459: [GC (Allocation Failure)  676920K->355514K(1035776K), 0.0043340 secs]
34.463: Total time for which application threads were stopped: 0.0045255 seconds, Stopping threads took: 0.0000198 seconds
34.532: [GC (Allocation Failure)  679098K->355450K(1035776K), 0.0044356 secs]
34.537: Total time for which application threads were stopped: 0.0046439 seconds, Stopping threads took: 0.0000188 seconds
34.606: [GC (Allocation Failure)  679034K->360648K(1032704K), 0.0065882 secs]
34.613: Total time for which application threads were stopped: 0.0067810 seconds, Stopping threads took: 0.0000193 seconds
34.681: [GC (Allocation Failure)  681160K->355978K(1034240K), 0.0045385 secs]
34.685: Total time for which application threads were stopped: 0.0046981 seconds, Stopping threads took: 0.0000175 seconds
34.753: [GC (Allocation Failure)  676490K->355882K(1035264K), 0.0042061 secs]
34.758: Total time for which application threads were stopped: 0.0043997 seconds, Stopping threads took: 0.0000206 seconds
34.828: [GC (Allocation Failure)  677930K->360872K(1034752K), 0.0063987 secs]
34.834: Total time for which application threads were stopped: 0.0065969 seconds, Stopping threads took: 0.0000257 seconds
34.903: [GC (Allocation Failure)  682920K->356138K(1033728K), 0.0052793 secs]
34.909: Total time for which application threads were stopped: 0.0054920 seconds, Stopping threads took: 0.0000260 seconds
34.977: [GC (Allocation Failure)  676650K->355914K(1034240K), 0.0041428 secs]
34.981: Total time for which application threads were stopped: 0.0043220 seconds, Stopping threads took: 0.0000195 seconds
35.050: [GC (Allocation Failure)  676426K->360552K(1032704K), 0.0062481 secs]
35.057: Total time for which application threads were stopped: 0.0064081 seconds, Stopping threads took: 0.0000192 seconds
35.123: [GC (Allocation Failure)  680040K->356106K(1033728K), 0.0045989 secs]
35.128: Total time for which application threads were stopped: 0.0047797 seconds, Stopping threads took: 0.0000195 seconds
35.195: [GC (Allocation Failure)  675594K->355914K(1034752K), 0.0041810 secs]
35.200: Total time for which application threads were stopped: 0.0043516 seconds, Stopping threads took: 0.0000199 seconds
35.266: [GC (Allocation Failure)  676938K->357192K(1034240K), 0.0049219 secs]
35.271: Total time for which application threads were stopped: 0.0050888 seconds, Stopping threads took: 0.0000195 seconds
35.341: [GC (Allocation Failure)  678216K->356042K(1035264K), 0.0041828 secs]
35.345: Total time for which application threads were stopped: 0.0043492 seconds, Stopping threads took: 0.0000260 seconds
35.412: [GC (Allocation Failure)  678090K->355946K(1034752K), 0.0044618 secs]
35.417: Total time for which application threads were stopped: 0.0046236 seconds, Stopping threads took: 0.0000256 seconds
35.484: [GC (Allocation Failure)  677994K->358888K(1034752K), 0.0064717 secs]
35.491: Total time for which application threads were stopped: 0.0066329 seconds, Stopping threads took: 0.0000188 seconds
35.558: [GC (Allocation Failure)  681448K->356010K(1035264K), 0.0048468 secs]
35.563: Total time for which application threads were stopped: 0.0050195 seconds, Stopping threads took: 0.0000197 seconds
35.631: [GC (Allocation Failure)  678570K->355914K(1035776K), 0.0044356 secs]
35.635: Total time for which application threads were stopped: 0.0046095 seconds, Stopping threads took: 0.0000214 seconds
35.703: [GC (Allocation Failure)  678986K->363688K(1035264K), 0.0078226 secs]
35.711: Total time for which application threads were stopped: 0.0080188 seconds, Stopping threads took: 0.0000199 seconds
35.781: [GC (Allocation Failure)  686760K->358986K(1032192K), 0.0042081 secs]
35.785: Total time for which application threads were stopped: 0.0043946 seconds, Stopping threads took: 0.0000178 seconds
35.854: [GC (Allocation Failure)  678474K->358954K(1033728K), 0.0042451 secs]
35.859: Total time for which application threads were stopped: 0.0044263 seconds, Stopping threads took: 0.0000275 seconds
35.927: [GC (Allocation Failure)  678442K->365384K(1031168K), 0.0070080 secs]
35.934: Total time for which application threads were stopped: 0.0071838 seconds, Stopping threads took: 0.0000191 seconds
36.001: [GC (Allocation Failure)  682824K->359338K(1032704K), 0.0043425 secs]
36.006: Total time for which application threads were stopped: 0.0045346 seconds, Stopping threads took: 0.0000202 seconds
36.074: [GC (Allocation Failure)  676778K->359114K(1033216K), 0.0044522 secs]
36.079: Total time for which application threads were stopped: 0.0046007 seconds, Stopping threads took: 0.0000173 seconds
36.143: [GC (Allocation Failure)  677578K->355560K(1033216K), 0.0030322 secs]
36.146: Total time for which application threads were stopped: 0.0031962 seconds, Stopping threads took: 0.0000199 seconds
36.214: [GC (Allocation Failure)  674024K->359274K(1033728K), 0.0043386 secs]
36.218: Total time for which application threads were stopped: 0.0045181 seconds, Stopping threads took: 0.0000198 seconds
36.287: [GC (Allocation Failure)  678250K->359146K(1033216K), 0.0042076 secs]
36.291: Total time for which application threads were stopped: 0.0043701 seconds, Stopping threads took: 0.0000200 seconds
36.358: [GC (Allocation Failure)  678122K->360714K(1032192K), 0.0045119 secs]
36.363: Total time for which application threads were stopped: 0.0046874 seconds, Stopping threads took: 0.0000256 seconds
36.430: [GC (Allocation Failure)  679178K->367276K(1033216K), 0.0044038 secs]
36.435: Total time for which application threads were stopped: 0.0045896 seconds, Stopping threads took: 0.0000179 seconds
36.500: [GC (Allocation Failure)  685740K->367148K(1034752K), 0.0043824 secs]
36.505: Total time for which application threads were stopped: 0.0045746 seconds, Stopping threads took: 0.0000202 seconds
36.573: [GC (Allocation Failure)  688172K->367404K(1020928K), 0.0044647 secs]
36.577: Total time for which application threads were stopped: 0.0046395 seconds, Stopping threads took: 0.0000214 seconds
36.645: [GC (Allocation Failure)  688428K->375246K(1034240K), 0.0043154 secs]
36.650: Total time for which application threads were stopped: 0.0045043 seconds, Stopping threads took: 0.0000198 seconds
36.720: [GC (Allocation Failure)  695246K->375182K(1033728K), 0.0041039 secs]
36.724: Total time for which application threads were stopped: 0.0042939 seconds, Stopping threads took: 0.0000196 seconds
36.791: [GC (Allocation Failure)  695182K->377198K(1033728K), 0.0049176 secs]
36.796: Total time for which application threads were stopped: 0.0050647 seconds, Stopping threads took: 0.0000176 seconds
36.863: [GC (Allocation Failure)  697710K->383249K(1034240K), 0.0043661 secs]
36.868: Total time for which application threads were stopped: 0.0045664 seconds, Stopping threads took: 0.0000200 seconds
36.937: [GC (Allocation Failure)  703761K->383249K(1034752K), 0.0041483 secs]
36.942: Total time for which application threads were stopped: 0.0043003 seconds, Stopping threads took: 0.0000173 seconds
37.007: [GC (Allocation Failure)  704785K->384401K(1034752K), 0.0059831 secs]
37.013: Total time for which application threads were stopped: 0.0061550 seconds, Stopping threads took: 0.0000200 seconds
37.082: [GC (Allocation Failure)  705937K->391283K(1034752K), 0.0044663 secs]
37.087: Total time for which application threads were stopped: 0.0046416 seconds, Stopping threads took: 0.0000216 seconds
37.154: [GC (Allocation Failure)  712819K->391251K(1034752K), 0.0044420 secs]
37.159: Total time for which application threads were stopped: 0.0045986 seconds, Stopping threads took: 0.0000200 seconds
37.225: [GC (Allocation Failure)  712787K->393651K(1034752K), 0.0050105 secs]
37.230: Total time for which application threads were stopped: 0.0053104 seconds, Stopping threads took: 0.0000188 seconds
37.299: [GC (Allocation Failure)  715187K->399317K(1034752K), 0.0042566 secs]
37.303: Total time for which application threads were stopped: 0.0044171 seconds, Stopping threads took: 0.0000203 seconds
37.370: [GC (Allocation Failure)  720853K->399317K(1034752K), 0.0044231 secs]
37.375: Total time for which application threads were stopped: 0.0045983 seconds, Stopping threads took: 0.0000193 seconds
37.440: [GC (Allocation Failure)  720853K->402933K(1034752K), 0.0053314 secs]
37.445: Total time for which application threads were stopped: 0.0055257 seconds, Stopping threads took: 0.0000194 seconds
37.515: [GC (Allocation Failure)  724469K->407448K(1035264K), 0.0104268 secs]
37.525: Total time for which application threads were stopped: 0.0105770 seconds, Stopping threads took: 0.0000178 seconds
37.594: [GC (Allocation Failure)  730008K->407320K(1035264K), 0.0046591 secs]
37.599: Total time for which application threads were stopped: 0.0048534 seconds, Stopping threads took: 0.0000194 seconds
37.668: [GC (Allocation Failure)  729880K->410168K(1035264K), 0.0047389 secs]
37.673: Total time for which application threads were stopped: 0.0048900 seconds, Stopping threads took: 0.0000176 seconds
37.743: [GC (Allocation Failure)  732728K->415418K(1035264K), 0.0045803 secs]
37.747: Total time for which application threads were stopped: 0.0047507 seconds, Stopping threads took: 0.0000207 seconds
37.815: [GC (Allocation Failure)  737978K->415354K(1035264K), 0.0043921 secs]
37.819: Total time for which application threads were stopped: 0.0045529 seconds, Stopping threads took: 0.0000204 seconds
37.887: [GC (Allocation Failure)  737914K->418354K(1035264K), 0.0073684 secs]
37.894: Total time for which application threads were stopped: 0.0075476 seconds, Stopping threads took: 0.0000281 seconds
37.961: [GC (Allocation Failure)  740914K->423636K(1035264K), 0.0046269 secs]
37.966: Total time for which application threads were stopped: 0.0047943 seconds, Stopping threads took: 0.0000199 seconds
38.034: [GC (Allocation Failure)  746196K->423380K(1035264K), 0.0044867 secs]
38.039: Total time for which application threads were stopped: 0.0046420 seconds, Stopping threads took: 0.0000194 seconds
38.104: [GC (Allocation Failure)  745940K->418546K(1035264K), 0.0025791 secs]
38.107: Total time for which application threads were stopped: 0.0027330 seconds, Stopping threads took: 0.0000194 seconds
38.178: [GC (Allocation Failure)  741106K->423572K(1035264K), 0.0045595 secs]
38.182: Total time for which application threads were stopped: 0.0047296 seconds, Stopping threads took: 0.0000196 seconds
38.249: [GC (Allocation Failure)  746132K->423348K(1035264K), 0.0045343 secs]
38.254: Total time for which application threads were stopped: 0.0046927 seconds, Stopping threads took: 0.0000193 seconds
38.323: [GC (Allocation Failure)  745908K->422866K(1035264K), 0.0041711 secs]
38.327: Total time for which application threads were stopped: 0.0043488 seconds, Stopping threads took: 0.0000273 seconds
38.393: [GC (Allocation Failure)  745426K->423540K(1035776K), 0.0045161 secs]
38.398: Total time for which application threads were stopped: 0.0046885 seconds, Stopping threads took: 0.0000200 seconds
38.465: [GC (Allocation Failure)  747124K->423380K(1035776K), 0.0044573 secs]
38.470: Total time for which application threads were stopped: 0.0046444 seconds, Stopping threads took: 0.0000209 seconds
38.538: [GC (Allocation Failure)  746964K->429162K(1031680K), 0.0070934 secs]
38.545: Total time for which application threads were stopped: 0.0072662 seconds, Stopping threads took: 0.0000198 seconds
38.614: [GC (Allocation Failure)  748650K->424524K(1033728K), 0.0046393 secs]
38.619: Total time for which application threads were stopped: 0.0048099 seconds, Stopping threads took: 0.0000195 seconds
38.687: [GC (Allocation Failure)  744012K->424428K(1034752K), 0.0044838 secs]
38.692: Total time for which application threads were stopped: 0.0046534 seconds, Stopping threads took: 0.0000207 seconds
38.759: [GC (Allocation Failure)  745452K->426858K(1034240K), 0.0053622 secs]
38.765: Total time for which application threads were stopped: 0.0055322 seconds, Stopping threads took: 0.0000205 seconds
38.833: [GC (Allocation Failure)  747882K->424428K(1035264K), 0.0045243 secs]
38.838: Total time for which application threads were stopped: 0.0046930 seconds, Stopping threads took: 0.0000259 seconds
38.907: [GC (Allocation Failure)  745964K->424396K(1034240K), 0.0050782 secs]
38.912: Total time for which application threads were stopped: 0.0052510 seconds, Stopping threads took: 0.0000274 seconds
38.978: [GC (Allocation Failure)  745932K->427562K(1033728K), 0.0058206 secs]
38.984: Total time for which application threads were stopped: 0.0060035 seconds, Stopping threads took: 0.0000161 seconds
39.054: [GC (Allocation Failure)  749098K->424652K(1034752K), 0.0045335 secs]
39.058: Total time for which application threads were stopped: 0.0046939 seconds, Stopping threads took: 0.0000195 seconds
39.124: [GC (Allocation Failure)  746188K->424460K(1035776K), 0.0045939 secs]
39.129: Total time for which application threads were stopped: 0.0047609 seconds, Stopping threads took: 0.0000200 seconds
39.195: [GC (Allocation Failure)  747532K->430322K(1035264K), 0.0109786 secs]
39.206: Total time for which application threads were stopped: 0.0111725 seconds, Stopping threads took: 0.0000193 seconds
39.272: [GC (Allocation Failure)  753394K->425748K(1034240K), 0.0046206 secs]
39.277: Total time for which application threads were stopped: 0.0047900 seconds, Stopping threads took: 0.0000202 seconds
39.345: [GC (Allocation Failure)  747284K->425588K(1034752K), 0.0044470 secs]
39.349: Total time for which application threads were stopped: 0.0046159 seconds, Stopping threads took: 0.0000199 seconds
39.415: [GC (Allocation Failure)  747124K->417874K(1032704K), 0.0015260 secs]
39.416: Total time for which application threads were stopped: 0.0016668 seconds, Stopping threads took: 0.0000256 seconds
39.483: [GC (Allocation Failure)  737362K->425732K(1033728K), 0.0045283 secs]
39.488: Total time for which application threads were stopped: 0.0047392 seconds, Stopping threads took: 0.0000219 seconds
39.555: [GC (Allocation Failure)  745220K->429740K(1035264K), 0.0058723 secs]
39.561: Total time for which application threads were stopped: 0.0060491 seconds, Stopping threads took: 0.0000223 seconds
39.630: [GC (Allocation Failure)  751788K->436010K(1034752K), 0.0071927 secs]
39.637: Total time for which application threads were stopped: 0.0073650 seconds, Stopping threads took: 0.0000197 seconds
39.705: [GC (Allocation Failure)  758058K->430828K(1032704K), 0.0047705 secs]
39.710: Total time for which application threads were stopped: 0.0049405 seconds, Stopping threads took: 0.0000202 seconds
39.777: [GC (Allocation Failure)  750316K->430796K(1033728K), 0.0045468 secs]
39.782: Total time for which application threads were stopped: 0.0047084 seconds, Stopping threads took: 0.0000195 seconds
39.850: [GC (Allocation Failure)  750284K->434730K(1033216K), 0.0059866 secs]
39.856: Total time for which application threads were stopped: 0.0061521 seconds, Stopping threads took: 0.0000255 seconds
39.924: [GC (Allocation Failure)  754218K->430796K(1033728K), 0.0043788 secs]
39.928: Total time for which application threads were stopped: 0.0045267 seconds, Stopping threads took: 0.0000167 seconds
39.995: [GC (Allocation Failure)  750284K->430796K(1034752K), 0.0047275 secs]
40.000: Total time for which application threads were stopped: 0.0049195 seconds, Stopping threads took: 0.0000191 seconds
40.069: [GC (Allocation Failure)  751820K->431338K(1034240K), 0.0049319 secs]
40.074: Total time for which application threads were stopped: 0.0051061 seconds, Stopping threads took: 0.0000207 seconds
40.142: [GC (Allocation Failure)  752362K->430988K(1035264K), 0.0042609 secs]
40.146: Total time for which application threads were stopped: 0.0044308 seconds, Stopping threads took: 0.0000198 seconds
40.214: [GC (Allocation Failure)  753036K->430796K(1034752K), 0.0046601 secs]
40.219: Total time for which application threads were stopped: 0.0048380 seconds, Stopping threads took: 0.0000205 seconds
40.285: [GC (Allocation Failure)  752844K->433066K(1034752K), 0.0055416 secs]
40.291: Total time for which application threads were stopped: 0.0057199 seconds, Stopping threads took: 0.0000274 seconds
40.359: [GC (Allocation Failure)  755626K->430924K(1035264K), 0.0045140 secs]
40.364: Total time for which application threads were stopped: 0.0046895 seconds, Stopping threads took: 0.0000261 seconds
40.432: [GC (Allocation Failure)  753484K->430764K(1036288K), 0.0043989 secs]
40.436: Total time for which application threads were stopped: 0.0045888 seconds, Stopping threads took: 0.0000204 seconds
40.505: [GC (Allocation Failure)  754860K->438874K(1035776K), 0.0107976 secs]
40.516: Total time for which application threads were stopped: 0.0109871 seconds, Stopping threads took: 0.0000293 seconds
40.585: [GC (Allocation Failure)  762970K->434780K(1031680K), 0.0045781 secs]
40.589: Total time for which application threads were stopped: 0.0047495 seconds, Stopping threads took: 0.0000194 seconds
40.656: [GC (Allocation Failure)  754268K->434652K(1033728K), 0.0042651 secs]
40.661: Total time for which application threads were stopped: 0.0044256 seconds, Stopping threads took: 0.0000195 seconds
40.727: [GC (Allocation Failure)  754140K->442450K(1030144K), 0.0079808 secs]
40.735: Total time for which application threads were stopped: 0.0081358 seconds, Stopping threads took: 0.0000185 seconds
40.801: [GC (Allocation Failure)  758866K->436212K(1032192K), 0.0044432 secs]
40.806: Total time for which application threads were stopped: 0.0046002 seconds, Stopping threads took: 0.0000267 seconds
40.872: [GC (Allocation Failure)  752628K->436212K(1032704K), 0.0045231 secs]
40.876: Total time for which application threads were stopped: 0.0047142 seconds, Stopping threads took: 0.0000195 seconds
40.942: [GC (Allocation Failure)  753652K->430898K(1019904K), 0.0022827 secs]
40.944: Total time for which application threads were stopped: 0.0024256 seconds, Stopping threads took: 0.0000167 seconds
41.013: [GC (Allocation Failure)  748338K->436404K(1033216K), 0.0046054 secs]
41.018: Total time for which application threads were stopped: 0.0047842 seconds, Stopping threads took: 0.0000218 seconds
41.085: [GC (Allocation Failure)  753844K->436180K(1032192K), 0.0046285 secs]
41.090: Total time for which application threads were stopped: 0.0048192 seconds, Stopping threads took: 0.0000201 seconds
41.158: [GC (Allocation Failure)  753620K->440172K(1032704K), 0.0054204 secs]
41.164: Total time for which application threads were stopped: 0.0057152 seconds, Stopping threads took: 0.0000196 seconds
41.231: [GC (Allocation Failure)  758636K->444238K(1033216K), 0.0046752 secs]
41.236: Total time for which application threads were stopped: 0.0048322 seconds, Stopping threads took: 0.0000192 seconds
41.301: [GC (Allocation Failure)  762702K->444206K(1034752K), 0.0044947 secs]
41.306: Total time for which application threads were stopped: 0.0046655 seconds, Stopping threads took: 0.0000339 seconds
41.373: [GC (Allocation Failure)  765230K->446854K(1034240K), 0.0049107 secs]
41.378: Total time for which application threads were stopped: 0.0050942 seconds, Stopping threads took: 0.0000247 seconds
41.446: [GC (Allocation Failure)  767878K->452233K(1034752K), 0.0046227 secs]
41.450: Total time for which application threads were stopped: 0.0047798 seconds, Stopping threads took: 0.0000202 seconds
41.518: [GC (Allocation Failure)  773257K->452233K(1034240K), 0.0044422 secs]
41.522: Total time for which application threads were stopped: 0.0046147 seconds, Stopping threads took: 0.0000195 seconds
41.587: [GC (Allocation Failure)  773257K->454569K(1034240K), 0.0048945 secs]
41.592: Total time for which application threads were stopped: 0.0050551 seconds, Stopping threads took: 0.0000196 seconds
41.663: [GC (Allocation Failure)  776105K->460363K(1034752K), 0.0045495 secs]
41.667: Total time for which application threads were stopped: 0.0047099 seconds, Stopping threads took: 0.0000208 seconds
41.734: [GC (Allocation Failure)  781899K->460267K(1035264K), 0.0046280 secs]
41.739: Total time for which application threads were stopped: 0.0047975 seconds, Stopping threads took: 0.0000191 seconds
41.806: [GC (Allocation Failure)  782827K->460779K(1022976K), 0.0045346 secs]
41.811: Total time for which application threads were stopped: 0.0047066 seconds, Stopping threads took: 0.0000194 seconds
41.880: [GC (Allocation Failure)  783339K->468301K(1034752K), 0.0053955 secs]
41.885: Total time for which application threads were stopped: 0.0055693 seconds, Stopping threads took: 0.0000258 seconds
41.955: [GC (Allocation Failure)  789837K->468301K(1034752K), 0.0044142 secs]
41.959: Total time for which application threads were stopped: 0.0045818 seconds, Stopping threads took: 0.0000197 seconds
42.025: [GC (Allocation Failure)  789837K->471053K(1035264K), 0.0051141 secs]
42.030: Total time for which application threads were stopped: 0.0052873 seconds, Stopping threads took: 0.0000193 seconds
42.099: [GC (Allocation Failure)  793613K->476335K(1035264K), 0.0047450 secs]
42.104: Total time for which application threads were stopped: 0.0049109 seconds, Stopping threads took: 0.0000199 seconds
42.172: [GC (Allocation Failure)  798895K->476303K(1035264K), 0.0045350 secs]
42.177: Total time for which application threads were stopped: 0.0047242 seconds, Stopping threads took: 0.0000194 seconds
42.245: [GC (Allocation Failure)  798863K->479303K(1035264K), 0.0051713 secs]
42.250: Total time for which application threads were stopped: 0.0053379 seconds, Stopping threads took: 0.0000254 seconds
42.319: [GC (Allocation Failure)  801863K->484394K(1035264K), 0.0044692 secs]
42.323: Total time for which application threads were stopped: 0.0046337 seconds, Stopping threads took: 0.0000199 seconds
42.394: [GC (Allocation Failure)  806954K->484362K(1035264K), 0.0047332 secs]
42.398: Total time for which application threads were stopped: 0.0048988 seconds, Stopping threads took: 0.0000195 seconds
42.465: [GC (Allocation Failure)  806922K->487466K(1035264K), 0.0064543 secs]
42.471: Total time for which application threads were stopped: 0.0066378 seconds, Stopping threads took: 0.0000244 seconds
42.540: [GC (Allocation Failure)  810026K->492460K(1035264K), 0.0051748 secs]
42.545: Total time for which application threads were stopped: 0.0053558 seconds, Stopping threads took: 0.0000255 seconds
42.612: [GC (Allocation Failure)  815020K->492364K(1035264K), 0.0068687 secs]
42.619: Total time for which application threads were stopped: 0.0070499 seconds, Stopping threads took: 0.0000248 seconds
42.686: [GC (Allocation Failure)  814924K->487658K(1035264K), 0.0041310 secs]
42.690: Total time for which application threads were stopped: 0.0043168 seconds, Stopping threads took: 0.0000248 seconds
42.757: [GC (Allocation Failure)  810218K->492428K(1035776K), 0.0044125 secs]
42.762: Total time for which application threads were stopped: 0.0046063 seconds, Stopping threads took: 0.0000199 seconds
42.832: [GC (Allocation Failure)  816012K->492396K(1035776K), 0.0044019 secs]
42.837: Total time for which application threads were stopped: 0.0045685 seconds, Stopping threads took: 0.0000259 seconds
42.906: [GC (Allocation Failure)  815980K->494026K(1034752K), 0.0067933 secs]
42.912: Total time for which application threads were stopped: 0.0070024 seconds, Stopping threads took: 0.0000199 seconds
42.981: [GC (Allocation Failure)  816586K->492620K(1035264K), 0.0046431 secs]
42.986: Total time for which application threads were stopped: 0.0048038 seconds, Stopping threads took: 0.0000202 seconds
43.052: [GC (Allocation Failure)  815180K->492364K(1035264K), 0.0047017 secs]
43.057: Total time for which application threads were stopped: 0.0048686 seconds, Stopping threads took: 0.0000200 seconds
43.124: [GC (Allocation Failure)  814924K->498282K(1035264K), 0.0072175 secs]
43.132: Total time for which application threads were stopped: 0.0073756 seconds, Stopping threads took: 0.0000195 seconds
43.199: [GC (Allocation Failure)  820842K->493228K(1033216K), 0.0048454 secs]
43.204: Total time for which application threads were stopped: 0.0050026 seconds, Stopping threads took: 0.0000193 seconds
43.273: [GC (Allocation Failure)  813740K->493036K(1034240K), 0.0043707 secs]
43.277: Total time for which application threads were stopped: 0.0045392 seconds, Stopping threads took: 0.0000202 seconds
43.344: [GC (Allocation Failure)  813548K->499106K(1031680K), 0.0071650 secs]
43.352: Total time for which application threads were stopped: 0.0073458 seconds, Stopping threads took: 0.0000198 seconds
43.419: [GC (Allocation Failure)  817570K->493444K(1033216K), 0.0051923 secs]
43.425: Total time for which application threads were stopped: 0.0053376 seconds, Stopping threads took: 0.0000257 seconds
43.492: [GC (Allocation Failure)  811908K->493348K(1034240K), 0.0043598 secs]
43.496: Total time for which application threads were stopped: 0.0045108 seconds, Stopping threads took: 0.0000178 seconds
43.566: [GC (Allocation Failure)  813348K->493058K(1033728K), 0.0043805 secs]
43.570: Total time for which application threads were stopped: 0.0045475 seconds, Stopping threads took: 0.0000191 seconds
43.638: [GC (Allocation Failure)  813058K->493444K(1035264K), 0.0045828 secs]
43.643: Total time for which application threads were stopped: 0.0047796 seconds, Stopping threads took: 0.0000197 seconds
43.712: [GC (Allocation Failure)  815492K->493348K(1034752K), 0.0056098 secs]
43.718: Total time for which application threads were stopped: 0.0057881 seconds, Stopping threads took: 0.0000168 seconds
43.785: [GC (Allocation Failure)  815396K->493698K(1035776K), 0.0046562 secs]
43.790: Total time for which application threads were stopped: 0.0048178 seconds, Stopping threads took: 0.0000199 seconds
43.858: [GC (Allocation Failure)  816770K->493380K(1035264K), 0.0044124 secs]
43.863: Total time for which application threads were stopped: 0.0046070 seconds, Stopping threads took: 0.0000204 seconds
43.933: [GC (Allocation Failure)  816452K->493348K(1036800K), 0.0046705 secs]
43.937: Total time for which application threads were stopped: 0.0048185 seconds, Stopping threads took: 0.0000174 seconds
44.005: [GC (Allocation Failure)  818468K->501578K(1036288K), 0.0086237 secs]
44.014: Total time for which application threads were stopped: 0.0087934 seconds, Stopping threads took: 0.0000200 seconds
44.084: [GC (Allocation Failure)  826698K->498092K(1032192K), 0.0048892 secs]
44.089: Total time for which application threads were stopped: 0.0050515 seconds, Stopping threads took: 0.0000208 seconds
44.157: [GC (Allocation Failure)  818604K->497836K(1034240K), 0.0047669 secs]
44.162: Total time for which application threads were stopped: 0.0049403 seconds, Stopping threads took: 0.0000204 seconds
44.229: [GC (Allocation Failure)  818348K->492490K(1033728K), 0.0026945 secs]
44.232: Total time for which application threads were stopped: 0.0028574 seconds, Stopping threads took: 0.0000194 seconds
44.300: [GC (Allocation Failure)  813002K->498028K(1034240K), 0.0073220 secs]
44.307: Total time for which application threads were stopped: 0.0074841 seconds, Stopping threads took: 0.0000206 seconds
44.377: [GC (Allocation Failure)  818540K->502012K(1034752K), 0.0048872 secs]
44.382: Total time for which application threads were stopped: 0.0050703 seconds, Stopping threads took: 0.0000256 seconds
44.449: [GC (Allocation Failure)  823036K->495290K(1034240K), 0.0025850 secs]
44.451: Total time for which application threads were stopped: 0.0027423 seconds, Stopping threads took: 0.0000203 seconds
44.518: [GC (Allocation Failure)  816314K->502148K(1034752K), 0.0046728 secs]
44.523: Total time for which application threads were stopped: 0.0048651 seconds, Stopping threads took: 0.0000230 seconds
44.592: [GC (Allocation Failure)  823172K->506156K(1034240K), 0.0055679 secs]
44.597: Total time for which application threads were stopped: 0.0057292 seconds, Stopping threads took: 0.0000207 seconds
44.665: [GC (Allocation Failure)  827180K->499146K(1034240K), 0.0019578 secs]
44.667: Total time for which application threads were stopped: 0.0020805 seconds, Stopping threads took: 0.0000192 seconds
44.736: [GC (Allocation Failure)  820682K->506276K(1034752K), 0.0049031 secs]
44.741: Total time for which application threads were stopped: 0.0050702 seconds, Stopping threads took: 0.0000200 seconds
44.807: [GC (Allocation Failure)  827812K->510340K(1035264K), 0.0056151 secs]
44.813: Total time for which application threads were stopped: 0.0057787 seconds, Stopping threads took: 0.0000196 seconds
44.882: [GC (Allocation Failure)  832900K->505538K(1035264K), 0.0029874 secs]
44.885: Total time for which application threads were stopped: 0.0031663 seconds, Stopping threads took: 0.0000168 seconds
44.955: [GC (Allocation Failure)  828098K->510340K(1035776K), 0.0047162 secs]
44.960: Total time for which application threads were stopped: 0.0048877 seconds, Stopping threads took: 0.0000197 seconds
45.028: [GC (Allocation Failure)  833412K->514444K(1035264K), 0.0048662 secs]
45.033: Total time for which application threads were stopped: 0.0050359 seconds, Stopping threads took: 0.0000199 seconds
45.100: [GC (Allocation Failure)  837516K->514444K(1035776K), 0.0046183 secs]
45.105: Total time for which application threads were stopped: 0.0048100 seconds, Stopping threads took: 0.0000289 seconds
45.174: [GC (Allocation Failure)  838028K->514708K(1023488K), 0.0047618 secs]
45.179: Total time for which application threads were stopped: 0.0049404 seconds, Stopping threads took: 0.0000288 seconds
45.248: [GC (Allocation Failure)  838292K->522518K(1035264K), 0.0048132 secs]
45.253: Total time for which application threads were stopped: 0.0049813 seconds, Stopping threads took: 0.0000205 seconds
45.321: [GC (Allocation Failure)  845078K->522454K(1035264K), 0.0046353 secs]
45.326: Total time for which application threads were stopped: 0.0048101 seconds, Stopping threads took: 0.0000261 seconds
45.393: [GC (Allocation Failure)  845014K->522710K(1034240K), 0.0046316 secs]
45.398: Total time for which application threads were stopped: 0.0048061 seconds, Stopping threads took: 0.0000206 seconds
45.467: [GC (Allocation Failure)  844246K->530552K(1034752K), 0.0046619 secs]
45.472: Total time for which application threads were stopped: 0.0048242 seconds, Stopping threads took: 0.0000192 seconds
45.538: [GC (Allocation Failure)  852088K->530520K(1034752K), 0.0047002 secs]
45.542: Total time for which application threads were stopped: 0.0048678 seconds, Stopping threads took: 0.0000197 seconds
45.609: [GC (Allocation Failure)  852056K->530904K(1034752K), 0.0045866 secs]
45.614: Total time for which application threads were stopped: 0.0047529 seconds, Stopping threads took: 0.0000195 seconds
45.682: [GC (Allocation Failure)  852440K->538555K(1033728K), 0.0044816 secs]
45.686: Total time for which application threads were stopped: 0.0046637 seconds, Stopping threads took: 0.0000247 seconds
45.754: [GC (Allocation Failure)  859067K->538555K(1034240K), 0.0047605 secs]
45.758: Total time for which application threads were stopped: 0.0049198 seconds, Stopping threads took: 0.0000198 seconds
45.826: [GC (Allocation Failure)  859067K->538619K(1034240K), 0.0046753 secs]
45.831: Total time for which application threads were stopped: 0.0048403 seconds, Stopping threads took: 0.0000257 seconds
45.899: [GC (Allocation Failure)  859131K->546557K(1034240K), 0.0075153 secs]
45.906: Total time for which application threads were stopped: 0.0077061 seconds, Stopping threads took: 0.0000247 seconds
45.975: [GC (Allocation Failure)  867069K->546589K(1034240K), 0.0045401 secs]
45.980: Total time for which application threads were stopped: 0.0047030 seconds, Stopping threads took: 0.0000199 seconds
46.047: [GC (Allocation Failure)  867101K->546917K(1020416K), 0.0048129 secs]
46.052: Total time for which application threads were stopped: 0.0049856 seconds, Stopping threads took: 0.0000201 seconds
46.120: [GC (Allocation Failure)  867429K->554663K(1033728K), 0.0048060 secs]
46.124: Total time for which application threads were stopped: 0.0049791 seconds, Stopping threads took: 0.0000206 seconds
46.192: [GC (Allocation Failure)  874151K->554663K(1033728K), 0.0049879 secs]
46.197: Total time for which application threads were stopped: 0.0051669 seconds, Stopping threads took: 0.0000203 seconds
46.263: [GC (Allocation Failure)  874151K->554887K(1033728K), 0.0048959 secs]
46.268: Total time for which application threads were stopped: 0.0050734 seconds, Stopping threads took: 0.0000215 seconds
46.336: [GC (Allocation Failure)  874375K->562698K(1033728K), 0.0047280 secs]
46.340: Total time for which application threads were stopped: 0.0048982 seconds, Stopping threads took: 0.0000277 seconds
46.406: [GC (Allocation Failure)  882186K->558759K(1034240K), 0.0036237 secs]
46.410: Total time for which application threads were stopped: 0.0038165 seconds, Stopping threads took: 0.0000207 seconds
46.480: [GC (Allocation Failure)  878759K->562826K(1033728K), 0.0049011 secs]
46.484: Total time for which application threads were stopped: 0.0050519 seconds, Stopping threads took: 0.0000176 seconds
46.553: [GC (Allocation Failure)  882826K->566826K(1034752K), 0.0046113 secs]
46.558: Total time for which application threads were stopped: 0.0047869 seconds, Stopping threads took: 0.0000201 seconds
46.625: [GC (Allocation Failure)  888362K->561031K(1034752K), 0.0026701 secs]
46.628: Total time for which application threads were stopped: 0.0028363 seconds, Stopping threads took: 0.0000203 seconds
46.696: [GC (Allocation Failure)  882567K->566866K(1035776K), 0.0049021 secs]
46.701: Total time for which application threads were stopped: 0.0050824 seconds, Stopping threads took: 0.0000192 seconds
46.769: [GC (Allocation Failure)  889426K->570946K(1034752K), 0.0050430 secs]
46.774: Total time for which application threads were stopped: 0.0052127 seconds, Stopping threads took: 0.0000209 seconds
46.839: [GC (Allocation Failure)  893244K->567039K(1035776K), 0.0037539 secs]
46.843: Total time for which application threads were stopped: 0.0039206 seconds, Stopping threads took: 0.0000196 seconds
46.912: [GC (Allocation Failure)  890111K->571074K(1035264K), 0.0073301 secs]
46.919: Total time for which application threads were stopped: 0.0075003 seconds, Stopping threads took: 0.0000261 seconds
46.987: [GC (Allocation Failure)  894146K->575074K(1035264K), 0.0047796 secs]
46.992: Total time for which application threads were stopped: 0.0049558 seconds, Stopping threads took: 0.0000200 seconds
47.063: [GC (Allocation Failure)  898658K->575074K(1035776K), 0.0048925 secs]
47.068: Total time for which application threads were stopped: 0.0050623 seconds, Stopping threads took: 0.0000204 seconds
47.136: [GC (Allocation Failure)  898658K->575138K(1034752K), 0.0046603 secs]
47.141: Total time for which application threads were stopped: 0.0048183 seconds, Stopping threads took: 0.0000205 seconds
47.209: [GC (Allocation Failure)  897698K->583108K(1035264K), 0.0048390 secs]
47.214: Total time for which application threads were stopped: 0.0050103 seconds, Stopping threads took: 0.0000202 seconds
47.280: [GC (Allocation Failure)  905668K->583140K(1034240K), 0.0048093 secs]
47.285: Total time for which application threads were stopped: 0.0049712 seconds, Stopping threads took: 0.0000202 seconds
47.353: [GC (Allocation Failure)  904676K->583172K(1034752K), 0.0048751 secs]
47.358: Total time for which application threads were stopped: 0.0050735 seconds, Stopping threads took: 0.0000257 seconds
47.426: [GC (Allocation Failure)  904708K->591110K(1034752K), 0.0050296 secs]
47.431: Total time for which application threads were stopped: 0.0051899 seconds, Stopping threads took: 0.0000196 seconds
47.498: [GC (Allocation Failure)  912646K->591110K(1029120K), 0.0047198 secs]
47.503: Total time for which application threads were stopped: 0.0049097 seconds, Stopping threads took: 0.0000188 seconds
47.570: [GC (Allocation Failure)  912646K->591398K(1034240K), 0.0048156 secs]
47.575: Total time for which application threads were stopped: 0.0049664 seconds, Stopping threads took: 0.0000170 seconds
47.643: [GC (Allocation Failure)  911910K->599176K(1034240K), 0.0048309 secs]
47.648: Total time for which application threads were stopped: 0.0049946 seconds, Stopping threads took: 0.0000203 seconds
47.716: [GC (Allocation Failure)  919688K->599208K(1034240K), 0.0048815 secs]
47.721: Total time for which application threads were stopped: 0.0050529 seconds, Stopping threads took: 0.0000198 seconds
47.788: [GC (Allocation Failure)  919720K->599624K(1034240K), 0.0065354 secs]
47.795: Total time for which application threads were stopped: 0.0067073 seconds, Stopping threads took: 0.0000202 seconds
47.862: [GC (Allocation Failure)  920136K->607243K(1033216K), 0.0048023 secs]
47.867: Total time for which application threads were stopped: 0.0049662 seconds, Stopping threads took: 0.0000264 seconds
47.935: [GC (Allocation Failure)  926731K->607243K(1033728K), 0.0046417 secs]
47.940: Total time for which application threads were stopped: 0.0047959 seconds, Stopping threads took: 0.0000190 seconds
48.005: [GC (Allocation Failure)  926731K->607339K(1033728K), 0.0048137 secs]
48.010: Total time for which application threads were stopped: 0.0050113 seconds, Stopping threads took: 0.0000208 seconds
48.079: [GC (Allocation Failure)  926827K->615277K(1033728K), 0.0046075 secs]
48.084: Total time for which application threads were stopped: 0.0048001 seconds, Stopping threads took: 0.0000195 seconds
48.153: [GC (Allocation Failure)  934765K->615213K(1033728K), 0.0048301 secs]
48.157: Total time for which application threads were stopped: 0.0049852 seconds, Stopping threads took: 0.0000199 seconds
48.225: [GC (Allocation Failure)  934701K->615309K(1033728K), 0.0049031 secs]
48.230: Total time for which application threads were stopped: 0.0050812 seconds, Stopping threads took: 0.0000192 seconds
48.297: [GC (Allocation Failure)  934797K->623247K(1032704K), 0.0046631 secs]
48.302: Total time for which application threads were stopped: 0.0048268 seconds, Stopping threads took: 0.0000194 seconds
48.369: [GC (Allocation Failure)  941711K->617709K(1033216K), 0.0029042 secs]
48.372: Total time for which application threads were stopped: 0.0030685 seconds, Stopping threads took: 0.0000280 seconds
48.440: [GC (Allocation Failure)  936173K->623527K(1034752K), 0.0047318 secs]
48.444: Total time for which application threads were stopped: 0.0049015 seconds, Stopping threads took: 0.0000190 seconds
48.512: [GC (Allocation Failure)  944039K->627415K(1033728K), 0.0051515 secs]
48.518: Total time for which application threads were stopped: 0.0053085 seconds, Stopping threads took: 0.0000190 seconds
48.585: [GC (Allocation Failure)  947927K->634309K(1029120K), 0.0078517 secs]
48.593: Total time for which application threads were stopped: 0.0080057 seconds, Stopping threads took: 0.0000193 seconds
48.660: [GC (Allocation Failure)  949701K->628231K(1031680K), 0.0050348 secs]
48.665: Total time for which application threads were stopped: 0.0052088 seconds, Stopping threads took: 0.0000343 seconds
48.731: [GC (Allocation Failure)  943623K->628039K(1032704K), 0.0065671 secs]
48.737: Total time for which application threads were stopped: 0.0067354 seconds, Stopping threads took: 0.0000207 seconds
48.803: [GC (Allocation Failure)  944967K->631463K(1032192K), 0.0056383 secs]
48.808: Total time for which application threads were stopped: 0.0058223 seconds, Stopping threads took: 0.0000201 seconds
48.876: [GC (Allocation Failure)  948391K->636201K(1033216K), 0.0049244 secs]
48.881: Total time for which application threads were stopped: 0.0050991 seconds, Stopping threads took: 0.0000279 seconds
48.950: [GC (Allocation Failure)  954153K->636105K(1032704K), 0.0049986 secs]
48.955: Total time for which application threads were stopped: 0.0051608 seconds, Stopping threads took: 0.0000200 seconds
49.022: [GC (Allocation Failure)  954057K->637097K(1033216K), 0.0050705 secs]
49.027: Total time for which application threads were stopped: 0.0052376 seconds, Stopping threads took: 0.0000205 seconds
49.095: [GC (Allocation Failure)  955561K->644140K(1033216K), 0.0049791 secs]
49.100: Total time for which application threads were stopped: 0.0051522 seconds, Stopping threads took: 0.0000201 seconds
49.167: [GC (Allocation Failure)  962604K->644140K(1033728K), 0.0047127 secs]
49.172: Total time for which application threads were stopped: 0.0048861 seconds, Stopping threads took: 0.0000195 seconds
49.240: [GC (Allocation Failure)  963116K->645796K(1033216K), 0.0051920 secs]
49.245: Total time for which application threads were stopped: 0.0053680 seconds, Stopping threads took: 0.0000175 seconds
49.313: [GC (Allocation Failure)  964772K->652198K(1033728K), 0.0048377 secs]
49.318: Total time for which application threads were stopped: 0.0050131 seconds, Stopping threads took: 0.0000270 seconds
49.385: [GC (Allocation Failure)  971686K->652134K(1033728K), 0.0051206 secs]
49.391: Total time for which application threads were stopped: 0.0052897 seconds, Stopping threads took: 0.0000205 seconds
49.457: [GC (Allocation Failure)  971622K->652494K(1033728K), 0.0050680 secs]
49.462: Total time for which application threads were stopped: 0.0052484 seconds, Stopping threads took: 0.0000203 seconds
49.529: [GC (Allocation Failure)  971982K->660176K(1033728K), 0.0064748 secs]
49.536: Total time for which application threads were stopped: 0.0066518 seconds, Stopping threads took: 0.0000204 seconds
49.604: [GC (Allocation Failure)  979664K->660176K(1033728K), 0.0056133 secs]
49.610: Total time for which application threads were stopped: 0.0057757 seconds, Stopping threads took: 0.0000205 seconds
49.676: [GC (Allocation Failure)  979664K->663784K(1033728K), 0.0055520 secs]
49.682: Total time for which application threads were stopped: 0.0057116 seconds, Stopping threads took: 0.0000196 seconds
49.751: [GC (Allocation Failure)  983272K->668266K(1034240K), 0.0068279 secs]
49.758: Total time for which application threads were stopped: 0.0069936 seconds, Stopping threads took: 0.0000209 seconds
49.826: [GC (Allocation Failure)  988778K->668202K(1034240K), 0.0048488 secs]
49.831: Total time for which application threads were stopped: 0.0050316 seconds, Stopping threads took: 0.0000286 seconds
49.899: [GC (Allocation Failure)  988714K->668938K(1034240K), 0.0059322 secs]
49.905: Total time for which application threads were stopped: 0.0060956 seconds, Stopping threads took: 0.0000245 seconds
49.974: [GC (Allocation Failure)  989450K->676269K(1034240K), 0.0047963 secs]
49.979: Total time for which application threads were stopped: 0.0049585 seconds, Stopping threads took: 0.0000207 seconds
50.047: [GC (Allocation Failure)  996781K->676269K(1034240K), 0.0048853 secs]
50.052: Total time for which application threads were stopped: 0.0050574 seconds, Stopping threads took: 0.0000201 seconds
50.118: [GC (Allocation Failure)  996781K->677189K(1034240K), 0.0050102 secs]
50.123: Total time for which application threads were stopped: 0.0052075 seconds, Stopping threads took: 0.0000212 seconds
50.193: [GC (Allocation Failure)  997701K->684295K(1034240K), 0.0050387 secs]
50.198: Total time for which application threads were stopped: 0.0052080 seconds, Stopping threads took: 0.0000202 seconds
50.266: [GC (Allocation Failure)  1004807K->684263K(1034240K), 0.0049064 secs]
50.271: Total time for which application threads were stopped: 0.0050671 seconds, Stopping threads took: 0.0000194 seconds
50.339: [GC (Allocation Failure)  1004775K->685383K(1034240K), 0.0049319 secs]
50.344: [Full GC (Ergonomics)  685383K->9634K(1034240K), 0.0134764 secs]
50.357: Total time for which application threads were stopped: 0.0186988 seconds, Stopping threads took: 0.0000254 seconds
50.426: [GC (Allocation Failure)  330146K->20740K(1031168K), 0.0048024 secs]
50.430: Total time for which application threads were stopped: 0.0049942 seconds, Stopping threads took: 0.0000201 seconds
50.500: [GC (Allocation Failure)  341252K->20684K(1033216K), 0.0048060 secs]
50.505: Total time for which application threads were stopped: 0.0049570 seconds, Stopping threads took: 0.0000167 seconds
50.571: [GC (Allocation Failure)  338636K->21580K(1032704K), 0.0054671 secs]
50.577: Total time for which application threads were stopped: 0.0056171 seconds, Stopping threads took: 0.0000201 seconds
50.646: [GC (Allocation Failure)  339532K->28846K(1033216K), 0.0037098 secs]
50.649: Total time for which application threads were stopped: 0.0038678 seconds, Stopping threads took: 0.0000200 seconds
50.719: [GC (Allocation Failure)  347310K->28750K(1033216K), 0.0037304 secs]
50.723: Total time for which application threads were stopped: 0.0039028 seconds, Stopping threads took: 0.0000204 seconds
50.788: [GC (Allocation Failure)  347214K->29286K(1033216K), 0.0036773 secs]
50.792: Total time for which application threads were stopped: 0.0038412 seconds, Stopping threads took: 0.0000203 seconds
50.860: [GC (Allocation Failure)  347750K->36841K(1033216K), 0.0036577 secs]
50.863: Total time for which application threads were stopped: 0.0038378 seconds, Stopping threads took: 0.0000286 seconds
50.931: [GC (Allocation Failure)  355305K->36777K(1033216K), 0.0037961 secs]
50.935: Total time for which application threads were stopped: 0.0039439 seconds, Stopping threads took: 0.0000169 seconds
51.000: [GC (Allocation Failure)  355241K->37513K(1033216K), 0.0038827 secs]
51.004: Total time for which application threads were stopped: 0.0040875 seconds, Stopping threads took: 0.0000202 seconds
51.072: [GC (Allocation Failure)  355977K->44875K(1033216K), 0.0036742 secs]
51.076: Total time for which application threads were stopped: 0.0038471 seconds, Stopping threads took: 0.0000203 seconds
51.144: [GC (Allocation Failure)  363339K->44779K(1033216K), 0.0036269 secs]
51.148: Total time for which application threads were stopped: 0.0038288 seconds, Stopping threads took: 0.0000199 seconds
51.213: [GC (Allocation Failure)  363243K->45763K(1033728K), 0.0039804 secs]
51.217: Total time for which application threads were stopped: 0.0041424 seconds, Stopping threads took: 0.0000200 seconds
51.285: [GC (Allocation Failure)  365251K->52901K(1033728K), 0.0037322 secs]
51.289: Total time for which application threads were stopped: 0.0039156 seconds, Stopping threads took: 0.0000290 seconds
51.357: [GC (Allocation Failure)  372389K->52805K(1033728K), 0.0036930 secs]
51.361: Total time for which application threads were stopped: 0.0038620 seconds, Stopping threads took: 0.0000275 seconds
51.426: [GC (Allocation Failure)  372293K->52965K(1019392K), 0.0038980 secs]
51.430: Total time for which application threads were stopped: 0.0040668 seconds, Stopping threads took: 0.0000202 seconds
51.496: [GC (Allocation Failure)  372453K->60871K(1033216K), 0.0050274 secs]
51.501: Total time for which application threads were stopped: 0.0052080 seconds, Stopping threads took: 0.0000195 seconds
51.570: [GC (Allocation Failure)  379335K->60871K(1033216K), 0.0038638 secs]
51.574: Total time for which application threads were stopped: 0.0040353 seconds, Stopping threads took: 0.0000223 seconds
51.639: [GC (Allocation Failure)  379335K->61191K(1033216K), 0.0037563 secs]
51.643: Total time for which application threads were stopped: 0.0039202 seconds, Stopping threads took: 0.0000200 seconds
51.711: [GC (Allocation Failure)  379655K->68906K(1033216K), 0.0037508 secs]
51.715: Total time for which application threads were stopped: 0.0039435 seconds, Stopping threads took: 0.0000194 seconds
51.782: [GC (Allocation Failure)  387370K->68938K(1033216K), 0.0064908 secs]
51.789: Total time for which application threads were stopped: 0.0066485 seconds, Stopping threads took: 0.0000199 seconds
51.855: [GC (Allocation Failure)  387402K->69450K(1033216K), 0.0039075 secs]
51.859: Total time for which application threads were stopped: 0.0040761 seconds, Stopping threads took: 0.0000279 seconds
51.927: [GC (Allocation Failure)  387914K->76972K(1033216K), 0.0037616 secs]
51.931: Total time for which application threads were stopped: 0.0039461 seconds, Stopping threads took: 0.0000166 seconds
52.000: [GC (Allocation Failure)  395436K->76908K(1033216K), 0.0039184 secs]
52.004: Total time for which application threads were stopped: 0.0040668 seconds, Stopping threads took: 0.0000166 seconds
52.069: [GC (Allocation Failure)  395372K->77668K(1033216K), 0.0039514 secs]
52.073: Total time for which application threads were stopped: 0.0041431 seconds, Stopping threads took: 0.0000199 seconds
52.142: [GC (Allocation Failure)  396132K->84998K(1033216K), 0.0038893 secs]
52.146: Total time for which application threads were stopped: 0.0040555 seconds, Stopping threads took: 0.0000198 seconds
52.211: [GC (Allocation Failure)  403462K->84966K(1033216K), 0.0037126 secs]
52.215: Total time for which application threads were stopped: 0.0038880 seconds, Stopping threads took: 0.0000195 seconds
52.283: [GC (Allocation Failure)  403430K->85126K(1033216K), 0.0037448 secs]
52.286: Total time for which application threads were stopped: 0.0039132 seconds, Stopping threads took: 0.0000197 seconds
52.354: [GC (Allocation Failure)  403590K->93033K(1033216K), 0.0040313 secs]
52.358: Total time for which application threads were stopped: 0.0042079 seconds, Stopping threads took: 0.0000263 seconds
52.423: [GC (Allocation Failure)  411497K->93001K(1033216K), 0.0036791 secs]
52.427: Total time for which application threads were stopped: 0.0038788 seconds, Stopping threads took: 0.0000208 seconds
52.495: [GC (Allocation Failure)  411465K->93065K(1033216K), 0.0037927 secs]
52.499: Total time for which application threads were stopped: 0.0039547 seconds, Stopping threads took: 0.0000168 seconds
52.567: [GC (Allocation Failure)  411529K->101035K(1033216K), 0.0037512 secs]
52.571: Total time for which application threads were stopped: 0.0039254 seconds, Stopping threads took: 0.0000206 seconds
52.636: [GC (Allocation Failure)  419499K->101035K(1033216K), 0.0039976 secs]
52.640: Total time for which application threads were stopped: 0.0041814 seconds, Stopping threads took: 0.0000203 seconds
52.706: [GC (Allocation Failure)  419499K->101291K(1033216K), 0.0040772 secs]
52.710: Total time for which application threads were stopped: 0.0042620 seconds, Stopping threads took: 0.0000213 seconds
52.778: [GC (Allocation Failure)  419755K->109069K(1033216K), 0.0039584 secs]
52.782: Total time for which application threads were stopped: 0.0041189 seconds, Stopping threads took: 0.0000202 seconds
52.849: [GC (Allocation Failure)  427533K->109069K(1033216K), 0.0036466 secs]
52.853: Total time for which application threads were stopped: 0.0038152 seconds, Stopping threads took: 0.0000278 seconds
52.921: [GC (Allocation Failure)  427533K->109549K(1033216K), 0.0039645 secs]
52.925: Total time for which application threads were stopped: 0.0041320 seconds, Stopping threads took: 0.0000185 seconds
52.993: [GC (Allocation Failure)  428013K->117103K(1033216K), 0.0038869 secs]
52.997: Total time for which application threads were stopped: 0.0040638 seconds, Stopping threads took: 0.0000194 seconds
53.066: [GC (Allocation Failure)  435567K->117103K(1033216K), 0.0038744 secs]
53.070: Total time for which application threads were stopped: 0.0040696 seconds, Stopping threads took: 0.0000217 seconds
53.136: [GC (Allocation Failure)  435567K->117255K(1033216K), 0.0037904 secs]
53.140: Total time for which application threads were stopped: 0.0039771 seconds, Stopping threads took: 0.0000222 seconds
53.207: [GC (Allocation Failure)  435719K->125162K(1033216K), 0.0039382 secs]
53.211: Total time for which application threads were stopped: 0.0041099 seconds, Stopping threads took: 0.0000205 seconds
53.276: [GC (Allocation Failure)  443626K->121223K(1033216K), 0.0029698 secs]
53.279: Total time for which application threads were stopped: 0.0031527 seconds, Stopping threads took: 0.0000411 seconds
53.347: [GC (Allocation Failure)  439687K->125290K(1034752K), 0.0039268 secs]
53.351: Total time for which application threads were stopped: 0.0041001 seconds, Stopping threads took: 0.0000203 seconds
53.418: [GC (Allocation Failure)  445802K->129258K(1033728K), 0.0040425 secs]
53.422: Total time for which application threads were stopped: 0.0042113 seconds, Stopping threads took: 0.0000203 seconds
53.490: [GC (Allocation Failure)  449770K->121415K(1034240K), 0.0008240 secs]
53.491: Total time for which application threads were stopped: 0.0009492 seconds, Stopping threads took: 0.0000198 seconds
53.560: [GC (Allocation Failure)  441927K->129322K(1034240K), 0.0041475 secs]
53.564: Total time for which application threads were stopped: 0.0043042 seconds, Stopping threads took: 0.0000169 seconds
53.633: [GC (Allocation Failure)  449834K->133402K(1033216K), 0.0053597 secs]
53.638: Total time for which application threads were stopped: 0.0055246 seconds, Stopping threads took: 0.0000199 seconds
53.704: [GC (Allocation Failure)  452890K->139127K(1032704K), 0.0062621 secs]
53.711: Total time for which application threads were stopped: 0.0064393 seconds, Stopping threads took: 0.0000189 seconds
53.778: [GC (Allocation Failure)  458615K->133626K(1031680K), 0.0039772 secs]
53.782: Total time for which application threads were stopped: 0.0041444 seconds, Stopping threads took: 0.0000197 seconds
53.848: [GC (Allocation Failure)  450042K->133402K(1032192K), 0.0039366 secs]
53.852: Total time for which application threads were stopped: 0.0041269 seconds, Stopping threads took: 0.0000284 seconds
53.921: [GC (Allocation Failure)  449818K->128023K(1032704K), 0.0016735 secs]
53.923: Total time for which application threads were stopped: 0.0018210 seconds, Stopping threads took: 0.0000157 seconds
53.992: [GC (Allocation Failure)  445463K->133562K(1032704K), 0.0041767 secs]
53.997: Total time for which application threads were stopped: 0.0043381 seconds, Stopping threads took: 0.0000204 seconds
54.064: [GC (Allocation Failure)  451002K->133402K(1033216K), 0.0039180 secs]
54.068: Total time for which application threads were stopped: 0.0041107 seconds, Stopping threads took: 0.0000203 seconds
54.136: [GC (Allocation Failure)  451866K->134226K(1033216K), 0.0040242 secs]
54.140: Total time for which application threads were stopped: 0.0041838 seconds, Stopping threads took: 0.0000191 seconds
54.207: [GC (Allocation Failure)  452690K->141556K(1033216K), 0.0038331 secs]
54.211: Total time for which application threads were stopped: 0.0039933 seconds, Stopping threads took: 0.0000198 seconds
54.278: [GC (Allocation Failure)  460020K->141428K(1033216K), 0.0036561 secs]
54.281: Total time for which application threads were stopped: 0.0038256 seconds, Stopping threads took: 0.0000197 seconds
54.348: [GC (Allocation Failure)  459892K->142508K(1032704K), 0.0041183 secs]
54.352: Total time for which application threads were stopped: 0.0043127 seconds, Stopping threads took: 0.0000198 seconds
54.421: [GC (Allocation Failure)  460972K->149550K(1033216K), 0.0040955 secs]
54.425: Total time for which application threads were stopped: 0.0042518 seconds, Stopping threads took: 0.0000174 seconds
54.492: [GC (Allocation Failure)  468014K->149454K(1033728K), 0.0041356 secs]
54.496: Total time for which application threads were stopped: 0.0043148 seconds, Stopping threads took: 0.0000202 seconds
54.564: [GC (Allocation Failure)  468942K->151750K(1033728K), 0.0043779 secs]
54.568: Total time for which application threads were stopped: 0.0045516 seconds, Stopping threads took: 0.0000207 seconds
54.637: [GC (Allocation Failure)  471238K->157480K(1033728K), 0.0039597 secs]
54.641: Total time for which application threads were stopped: 0.0041428 seconds, Stopping threads took: 0.0000224 seconds
54.706: [GC (Allocation Failure)  476968K->157480K(1033728K), 0.0040278 secs]
54.711: Total time for which application threads were stopped: 0.0042102 seconds, Stopping threads took: 0.0000177 seconds
54.776: [GC (Allocation Failure)  476968K->158920K(1033216K), 0.0040466 secs]
54.780: Total time for which application threads were stopped: 0.0042584 seconds, Stopping threads took: 0.0000191 seconds
54.851: [GC (Allocation Failure)  478408K->165547K(1033728K), 0.0038932 secs]
54.855: Total time for which application threads were stopped: 0.0040494 seconds, Stopping threads took: 0.0000176 seconds
54.924: [GC (Allocation Failure)  485035K->165547K(1034240K), 0.0040071 secs]
54.928: Total time for which application threads were stopped: 0.0041597 seconds, Stopping threads took: 0.0000195 seconds
54.994: [GC (Allocation Failure)  486059K->167179K(1034240K), 0.0042363 secs]
54.999: Total time for which application threads were stopped: 0.0044087 seconds, Stopping threads took: 0.0000198 seconds
55.067: [GC (Allocation Failure)  487691K->173613K(1034240K), 0.0040645 secs]
55.071: Total time for which application threads were stopped: 0.0042420 seconds, Stopping threads took: 0.0000206 seconds
55.140: [GC (Allocation Failure)  494125K->173549K(1034240K), 0.0041121 secs]
55.144: Total time for which application threads were stopped: 0.0043005 seconds, Stopping threads took: 0.0000196 seconds
55.211: [GC (Allocation Failure)  494061K->173613K(1033216K), 0.0041626 secs]
55.215: Total time for which application threads were stopped: 0.0043319 seconds, Stopping threads took: 0.0000223 seconds
55.282: [GC (Allocation Failure)  493101K->181679K(1033728K), 0.0040884 secs]
55.286: Total time for which application threads were stopped: 0.0042518 seconds, Stopping threads took: 0.0000196 seconds
55.355: [GC (Allocation Failure)  501167K->181615K(1033728K), 0.0037426 secs]
55.359: Total time for which application threads were stopped: 0.0039078 seconds, Stopping threads took: 0.0000166 seconds
55.425: [GC (Allocation Failure)  501103K->182599K(1033728K), 0.0039173 secs]
55.429: Total time for which application threads were stopped: 0.0040891 seconds, Stopping threads took: 0.0000255 seconds
55.497: [GC (Allocation Failure)  502087K->189641K(1033728K), 0.0042098 secs]
55.501: Total time for which application threads were stopped: 0.0043724 seconds, Stopping threads took: 0.0000198 seconds
55.569: [GC (Allocation Failure)  509129K->189641K(1033728K), 0.0038138 secs]
55.573: Total time for which application threads were stopped: 0.0039949 seconds, Stopping threads took: 0.0000290 seconds
55.642: [GC (Allocation Failure)  509129K->189833K(1033728K), 0.0040830 secs]
55.646: Total time for which application threads were stopped: 0.0042467 seconds, Stopping threads took: 0.0000206 seconds
55.713: [GC (Allocation Failure)  509321K->197676K(1033728K), 0.0039841 secs]
55.717: Total time for which application threads were stopped: 0.0041465 seconds, Stopping threads took: 0.0000192 seconds
55.784: [GC (Allocation Failure)  517164K->197644K(1033728K), 0.0042223 secs]
55.788: Total time for which application threads were stopped: 0.0044293 seconds, Stopping threads took: 0.0000214 seconds
55.855: [GC (Allocation Failure)  517132K->199116K(1033728K), 0.0064385 secs]
55.861: Total time for which application threads were stopped: 0.0066157 seconds, Stopping threads took: 0.0000202 seconds
55.930: [GC (Allocation Failure)  518604K->205710K(1033728K), 0.0042510 secs]
55.934: Total time for which application threads were stopped: 0.0044273 seconds, Stopping threads took: 0.0000283 seconds
56.001: [GC (Allocation Failure)  525198K->205710K(1033728K), 0.0040189 secs]
56.006: Total time for which application threads were stopped: 0.0041792 seconds, Stopping threads took: 0.0000207 seconds
56.072: [GC (Allocation Failure)  525198K->206310K(1033728K), 0.0041856 secs]
56.076: Total time for which application threads were stopped: 0.0043497 seconds, Stopping threads took: 0.0000199 seconds
56.143: [GC (Allocation Failure)  525798K->213736K(1033728K), 0.0042455 secs]
56.147: Total time for which application threads were stopped: 0.0044284 seconds, Stopping threads took: 0.0000199 seconds
56.214: [GC (Allocation Failure)  533224K->213704K(1033728K), 0.0042793 secs]
56.219: Total time for which application threads were stopped: 0.0044574 seconds, Stopping threads took: 0.0000201 seconds
56.285: [GC (Allocation Failure)  533192K->213768K(1033728K), 0.0040323 secs]
56.289: Total time for which application threads were stopped: 0.0042029 seconds, Stopping threads took: 0.0000206 seconds
56.356: [GC (Allocation Failure)  533256K->221770K(1033728K), 0.0040098 secs]
56.360: Total time for which application threads were stopped: 0.0041875 seconds, Stopping threads took: 0.0000285 seconds
56.428: [GC (Allocation Failure)  541258K->221738K(1033728K), 0.0038231 secs]
56.432: Total time for which application threads were stopped: 0.0039895 seconds, Stopping threads took: 0.0000214 seconds
56.498: [GC (Allocation Failure)  541226K->222762K(1033728K), 0.0041860 secs]
56.502: Total time for which application threads were stopped: 0.0043786 seconds, Stopping threads took: 0.0000250 seconds
56.570: [GC (Allocation Failure)  542250K->229837K(1033728K), 0.0041505 secs]
56.574: Total time for which application threads were stopped: 0.0043225 seconds, Stopping threads took: 0.0000199 seconds
56.641: [GC (Allocation Failure)  549325K->229773K(1033728K), 0.0041363 secs]
56.645: Total time for which application threads were stopped: 0.0043081 seconds, Stopping threads took: 0.0000207 seconds
56.712: [GC (Allocation Failure)  549261K->229861K(1019392K), 0.0040173 secs]
56.717: Total time for which application threads were stopped: 0.0041747 seconds, Stopping threads took: 0.0000172 seconds
56.784: [GC (Allocation Failure)  549349K->237799K(1033216K), 0.0041553 secs]
56.789: Total time for which application threads were stopped: 0.0043248 seconds, Stopping threads took: 0.0000197 seconds
56.857: [GC (Allocation Failure)  556263K->237767K(1033216K), 0.0041299 secs]
56.861: Total time for which application threads were stopped: 0.0043323 seconds, Stopping threads took: 0.0000255 seconds
56.929: [GC (Allocation Failure)  556231K->238151K(1033216K), 0.0042080 secs]
56.934: Total time for which application threads were stopped: 0.0043902 seconds, Stopping threads took: 0.0000175 seconds
57.003: [GC (Allocation Failure)  556615K->245833K(1033216K), 0.0040287 secs]
57.007: Total time for which application threads were stopped: 0.0041762 seconds, Stopping threads took: 0.0000170 seconds
57.075: [GC (Allocation Failure)  564297K->245833K(1033216K), 0.0041369 secs]
57.079: Total time for which application threads were stopped: 0.0043065 seconds, Stopping threads took: 0.0000195 seconds
57.146: [GC (Allocation Failure)  564297K->246377K(1033216K), 0.0042903 secs]
57.150: Total time for which application threads were stopped: 0.0044596 seconds, Stopping threads took: 0.0000201 seconds
57.218: [GC (Allocation Failure)  564841K->253868K(1033216K), 0.0038961 secs]
57.222: Total time for which application threads were stopped: 0.0040725 seconds, Stopping threads took: 0.0000271 seconds
57.289: [GC (Allocation Failure)  572332K->253868K(1033216K), 0.0042649 secs]
57.293: Total time for which application threads were stopped: 0.0044457 seconds, Stopping threads took: 0.0000199 seconds
57.361: [GC (Allocation Failure)  572332K->254596K(1033216K), 0.0041515 secs]
57.365: Total time for which application threads were stopped: 0.0043208 seconds, Stopping threads took: 0.0000277 seconds
57.433: [GC (Allocation Failure)  573060K->261926K(1033216K), 0.0041059 secs]
57.437: Total time for which application threads were stopped: 0.0042696 seconds, Stopping threads took: 0.0000203 seconds
57.503: [GC (Allocation Failure)  580390K->261894K(1033216K), 0.0048004 secs]
57.508: Total time for which application threads were stopped: 0.0049598 seconds, Stopping threads took: 0.0000203 seconds
57.574: [GC (Allocation Failure)  580358K->262054K(1033216K), 0.0042730 secs]
57.579: Total time for which application threads were stopped: 0.0044442 seconds, Stopping threads took: 0.0000203 seconds
57.646: [GC (Allocation Failure)  580518K->269928K(1033216K), 0.0044284 secs]
57.650: Total time for which application threads were stopped: 0.0045931 seconds, Stopping threads took: 0.0000200 seconds
57.718: [GC (Allocation Failure)  588392K->269928K(1033216K), 0.0040509 secs]
57.722: Total time for which application threads were stopped: 0.0042284 seconds, Stopping threads took: 0.0000205 seconds
57.788: [GC (Allocation Failure)  588392K->269992K(1033216K), 0.0041351 secs]
57.793: Total time for which application threads were stopped: 0.0042909 seconds, Stopping threads took: 0.0000166 seconds
57.860: [GC (Allocation Failure)  588456K->277994K(1033216K), 0.0041260 secs]
57.864: Total time for which application threads were stopped: 0.0043122 seconds, Stopping threads took: 0.0000255 seconds
57.931: [GC (Allocation Failure)  596458K->277962K(1033216K), 0.0041372 secs]
57.936: Total time for which application threads were stopped: 0.0043297 seconds, Stopping threads took: 0.0000193 seconds
58.003: [GC (Allocation Failure)  596426K->278282K(1033216K), 0.0040550 secs]
58.008: Total time for which application threads were stopped: 0.0042496 seconds, Stopping threads took: 0.0000198 seconds
58.074: [GC (Allocation Failure)  596746K->285997K(1033216K), 0.0043823 secs]
58.079: Total time for which application threads were stopped: 0.0045670 seconds, Stopping threads took: 0.0000174 seconds
58.146: [GC (Allocation Failure)  604461K->286029K(1033216K), 0.0042677 secs]
58.151: Total time for which application threads were stopped: 0.0044559 seconds, Stopping threads took: 0.0000284 seconds
58.216: [GC (Allocation Failure)  604493K->286509K(1033216K), 0.0041285 secs]
58.220: Total time for which application threads were stopped: 0.0043172 seconds, Stopping threads took: 0.0000199 seconds
58.288: [GC (Allocation Failure)  604973K->294031K(1033216K), 0.0041668 secs]
58.292: Total time for which application threads were stopped: 0.0043188 seconds, Stopping threads took: 0.0000170 seconds
58.359: [GC (Allocation Failure)  612495K->294031K(1033216K), 0.0040355 secs]
58.363: Total time for which application threads were stopped: 0.0041991 seconds, Stopping threads took: 0.0000261 seconds
58.429: [GC (Allocation Failure)  612495K->294215K(1033216K), 0.0040366 secs]
58.433: Total time for which application threads were stopped: 0.0042176 seconds, Stopping threads took: 0.0000173 seconds
58.501: [GC (Allocation Failure)  612679K->302057K(1033216K), 0.0046637 secs]
58.506: Total time for which application threads were stopped: 0.0048456 seconds, Stopping threads took: 0.0000243 seconds
58.574: [GC (Allocation Failure)  620521K->302057K(1033216K), 0.0041506 secs]
58.578: Total time for which application threads were stopped: 0.0043188 seconds, Stopping threads took: 0.0000193 seconds
58.643: [GC (Allocation Failure)  620521K->302185K(1033216K), 0.0042084 secs]
58.647: Total time for which application threads were stopped: 0.0043787 seconds, Stopping threads took: 0.0000199 seconds
58.714: [GC (Allocation Failure)  620649K->310091K(1033216K), 0.0043112 secs]
58.718: Total time for which application threads were stopped: 0.0044909 seconds, Stopping threads took: 0.0000202 seconds
58.784: [GC (Allocation Failure)  628555K->302505K(1033216K), 0.0012769 secs]
58.786: Total time for which application threads were stopped: 0.0014011 seconds, Stopping threads took: 0.0000196 seconds
58.853: [GC (Allocation Failure)  620969K->310155K(1033216K), 0.0043564 secs]
58.858: Total time for which application threads were stopped: 0.0045329 seconds, Stopping threads took: 0.0000199 seconds
58.924: [GC (Allocation Failure)  628619K->314259K(1033216K), 0.0082808 secs]
58.932: Total time for which application threads were stopped: 0.0084405 seconds, Stopping threads took: 0.0000192 seconds
58.997: [GC (Allocation Failure)  632723K->315057K(1027072K), 0.0046292 secs]
59.002: Total time for which application threads were stopped: 0.0048079 seconds, Stopping threads took: 0.0000208 seconds
59.069: [GC (Allocation Failure)  633521K->314483K(1032704K), 0.0043620 secs]
59.074: Total time for which application threads were stopped: 0.0045591 seconds, Stopping threads took: 0.0000207 seconds
59.140: [GC (Allocation Failure)  631923K->314195K(1032704K), 0.0048015 secs]
59.145: Total time for which application threads were stopped: 0.0049654 seconds, Stopping threads took: 0.0000206 seconds
59.211: [GC (Allocation Failure)  631635K->317163K(1033216K), 0.0047871 secs]
59.216: Total time for which application threads were stopped: 0.0049595 seconds, Stopping threads took: 0.0000197 seconds
59.284: [GC (Allocation Failure)  635627K->322318K(1033216K), 0.0044361 secs]
59.288: Total time for which application threads were stopped: 0.0046080 seconds, Stopping threads took: 0.0000197 seconds
59.354: [GC (Allocation Failure)  640782K->322254K(1033728K), 0.0044422 secs]
59.359: Total time for which application threads were stopped: 0.0046063 seconds, Stopping threads took: 0.0000258 seconds
59.427: [GC (Allocation Failure)  641742K->322318K(1033728K), 0.0044006 secs]
59.432: Total time for which application threads were stopped: 0.0045717 seconds, Stopping threads took: 0.0000202 seconds
59.499: [GC (Allocation Failure)  641806K->330416K(1033728K), 0.0042512 secs]
59.504: Total time for which application threads were stopped: 0.0044214 seconds, Stopping threads took: 0.0000201 seconds
59.571: [GC (Allocation Failure)  649904K->330288K(1033728K), 0.0042537 secs]
59.575: Total time for which application threads were stopped: 0.0044171 seconds, Stopping threads took: 0.0000205 seconds
59.640: [GC (Allocation Failure)  649776K->333640K(1033728K), 0.0050698 secs]
59.645: Total time for which application threads were stopped: 0.0052405 seconds, Stopping threads took: 0.0000195 seconds
59.713: [GC (Allocation Failure)  653128K->338410K(1033728K), 0.0044158 secs]
59.717: Total time for which application threads were stopped: 0.0045900 seconds, Stopping threads took: 0.0000200 seconds
59.785: [GC (Allocation Failure)  657898K->338314K(1034240K), 0.0044442 secs]
59.790: Total time for which application threads were stopped: 0.0046133 seconds, Stopping threads took: 0.0000258 seconds
59.858: [GC (Allocation Failure)  658826K->341866K(1034240K), 0.0052333 secs]
59.864: Total time for which application threads were stopped: 0.0054093 seconds, Stopping threads took: 0.0000264 seconds
59.934: [GC (Allocation Failure)  662378K->346380K(1034240K), 0.0039828 secs]
59.938: Total time for which application threads were stopped: 0.0041431 seconds, Stopping threads took: 0.0000199 seconds
60.005: [GC (Allocation Failure)  666892K->346380K(1034240K), 0.0044305 secs]
60.010: Total time for which application threads were stopped: 0.0045977 seconds, Stopping threads took: 0.0000192 seconds
60.077: [GC (Allocation Failure)  666892K->348012K(1033728K), 0.0045752 secs]
60.081: Total time for which application threads were stopped: 0.0047445 seconds, Stopping threads took: 0.0000199 seconds
60.151: [GC (Allocation Failure)  668524K->354543K(1034240K), 0.0042284 secs]
60.155: Total time for which application threads were stopped: 0.0044133 seconds, Stopping threads took: 0.0000281 seconds
60.223: [GC (Allocation Failure)  675055K->354383K(1034240K), 0.0042939 secs]
60.227: Total time for which application threads were stopped: 0.0044579 seconds, Stopping threads took: 0.0000210 seconds
60.292: [GC (Allocation Failure)  674895K->358247K(1034240K), 0.0052947 secs]
60.297: Total time for which application threads were stopped: 0.0054674 seconds, Stopping threads took: 0.0000206 seconds
60.366: [GC (Allocation Failure)  678759K->362505K(1034752K), 0.0043920 secs]
60.370: Total time for which application threads were stopped: 0.0045768 seconds, Stopping threads took: 0.0000289 seconds
60.438: [GC (Allocation Failure)  684041K->362409K(1034752K), 0.0043269 secs]
60.443: Total time for which application threads were stopped: 0.0045040 seconds, Stopping threads took: 0.0000201 seconds
60.509: [GC (Allocation Failure)  683945K->366473K(1035264K), 0.0055121 secs]
60.515: Total time for which application threads were stopped: 0.0056827 seconds, Stopping threads took: 0.0000194 seconds
60.584: [GC (Allocation Failure)  688521K->370475K(1034752K), 0.0041889 secs]
60.589: Total time for which application threads were stopped: 0.0043853 seconds, Stopping threads took: 0.0000205 seconds
60.658: [GC (Allocation Failure)  692523K->370443K(1035264K), 0.0043936 secs]
60.663: Total time for which application threads were stopped: 0.0047318 seconds, Stopping threads took: 0.0000192 seconds
60.728: [GC (Allocation Failure)  693003K->373739K(1035264K), 0.0050750 secs]
60.733: Total time for which application threads were stopped: 0.0052368 seconds, Stopping threads took: 0.0000197 seconds
60.802: [GC (Allocation Failure)  696299K->378510K(1035264K), 0.0045656 secs]
60.806: Total time for which application threads were stopped: 0.0047247 seconds, Stopping threads took: 0.0000199 seconds
60.874: [GC (Allocation Failure)  701070K->378510K(1035264K), 0.0044699 secs]
60.878: Total time for which application threads were stopped: 0.0046264 seconds, Stopping threads took: 0.0000194 seconds
60.948: [GC (Allocation Failure)  701070K->381934K(1035264K), 0.0049484 secs]
60.953: Total time for which application threads were stopped: 0.0051603 seconds, Stopping threads took: 0.0000204 seconds
61.022: [GC (Allocation Failure)  704494K->386544K(1035264K), 0.0044916 secs]
61.026: Total time for which application threads were stopped: 0.0046494 seconds, Stopping threads took: 0.0000179 seconds
61.095: [GC (Allocation Failure)  709104K->386544K(1035264K), 0.0044378 secs]
61.099: Total time for which application threads were stopped: 0.0045967 seconds, Stopping threads took: 0.0000194 seconds
61.165: [GC (Allocation Failure)  709104K->390152K(1035264K), 0.0051124 secs]
61.170: Total time for which application threads were stopped: 0.0052812 seconds, Stopping threads took: 0.0000195 seconds
61.238: [GC (Allocation Failure)  712712K->394634K(1035776K), 0.0044257 secs]
61.243: Total time for which application threads were stopped: 0.0045953 seconds, Stopping threads took: 0.0000201 seconds
61.313: [GC (Allocation Failure)  718218K->394538K(1035776K), 0.0046594 secs]
61.317: Total time for which application threads were stopped: 0.0048277 seconds, Stopping threads took: 0.0000196 seconds
61.391: [GC (Allocation Failure)  718122K->396330K(1034752K), 0.0044731 secs]
61.395: Total time for which application threads were stopped: 0.0046511 seconds, Stopping threads took: 0.0000214 seconds
61.463: [GC (Allocation Failure)  718890K->402668K(1035264K), 0.0043835 secs]
61.467: Total time for which application threads were stopped: 0.0045661 seconds, Stopping threads took: 0.0000249 seconds
61.537: [GC (Allocation Failure)  725228K->402572K(1035264K), 0.0044861 secs]
61.541: Total time for which application threads were stopped: 0.0046679 seconds, Stopping threads took: 0.0000212 seconds
61.610: [GC (Allocation Failure)  725132K->396522K(1035264K), 0.0020315 secs]
61.612: Total time for which application threads were stopped: 0.0022011 seconds, Stopping threads took: 0.0000191 seconds
61.682: [GC (Allocation Failure)  719082K->402572K(1035264K), 0.0043330 secs]
61.686: Total time for which application threads were stopped: 0.0044932 seconds, Stopping threads took: 0.0000191 seconds
61.755: [GC (Allocation Failure)  725132K->402572K(1035264K), 0.0043809 secs]
61.759: Total time for which application threads were stopped: 0.0045397 seconds, Stopping threads took: 0.0000211 seconds
61.826: [GC (Allocation Failure)  725132K->400810K(1035776K), 0.0050141 secs]
61.831: Total time for which application threads were stopped: 0.0051847 seconds, Stopping threads took: 0.0000197 seconds
61.899: [GC (Allocation Failure)  723882K->402796K(1035264K), 0.0050614 secs]
61.904: Total time for which application threads were stopped: 0.0052280 seconds, Stopping threads took: 0.0000245 seconds
61.973: [GC (Allocation Failure)  725868K->402572K(1035776K), 0.0045849 secs]
61.977: Total time for which application threads were stopped: 0.0047745 seconds, Stopping threads took: 0.0000201 seconds
62.047: [GC (Allocation Failure)  726156K->407178K(1035776K), 0.0064315 secs]
62.053: Total time for which application threads were stopped: 0.0066007 seconds, Stopping threads took: 0.0000173 seconds
62.122: [GC (Allocation Failure)  730762K->402764K(1033728K), 0.0045866 secs]
62.126: Total time for which application threads were stopped: 0.0047641 seconds, Stopping threads took: 0.0000201 seconds
62.195: [GC (Allocation Failure)  724300K->402604K(1034752K), 0.0043931 secs]
62.200: Total time for which application threads were stopped: 0.0045760 seconds, Stopping threads took: 0.0000174 seconds
62.267: [GC (Allocation Failure)  724140K->410418K(1030656K), 0.0080648 secs]
62.275: Total time for which application threads were stopped: 0.0082471 seconds, Stopping threads took: 0.0000169 seconds
62.343: [GC (Allocation Failure)  727858K->404756K(1032704K), 0.0043914 secs]
62.347: Total time for which application threads were stopped: 0.0045575 seconds, Stopping threads took: 0.0000276 seconds
62.414: [GC (Allocation Failure)  722196K->404628K(1033728K), 0.0045004 secs]
62.419: Total time for which application threads were stopped: 0.0046594 seconds, Stopping threads took: 0.0000198 seconds
62.487: [GC (Allocation Failure)  723604K->403026K(1033216K), 0.0039197 secs]
62.491: Total time for which application threads were stopped: 0.0040899 seconds, Stopping threads took: 0.0000185 seconds
62.558: [GC (Allocation Failure)  722002K->404692K(1034752K), 0.0046411 secs]
62.563: Total time for which application threads were stopped: 0.0048189 seconds, Stopping threads took: 0.0000203 seconds
62.631: [GC (Allocation Failure)  725716K->404660K(1034240K), 0.0044681 secs]
62.635: Total time for which application threads were stopped: 0.0046473 seconds, Stopping threads took: 0.0000235 seconds
62.702: [GC (Allocation Failure)  725684K->400658K(1035264K), 0.0065547 secs]
62.709: Total time for which application threads were stopped: 0.0067248 seconds, Stopping threads took: 0.0000199 seconds
62.778: [GC (Allocation Failure)  723218K->404916K(1035264K), 0.0042473 secs]
62.782: Total time for which application threads were stopped: 0.0044305 seconds, Stopping threads took: 0.0000168 seconds
62.852: [GC (Allocation Failure)  727476K->404660K(1035776K), 0.0042195 secs]
62.856: Total time for which application threads were stopped: 0.0043901 seconds, Stopping threads took: 0.0000281 seconds
62.927: [GC (Allocation Failure)  727732K->405490K(1035264K), 0.0048384 secs]
62.932: Total time for which application threads were stopped: 0.0050000 seconds, Stopping threads took: 0.0000190 seconds
63.002: [GC (Allocation Failure)  728562K->404852K(1036288K), 0.0046238 secs]
63.007: Total time for which application threads were stopped: 0.0048074 seconds, Stopping threads took: 0.0000215 seconds
63.076: [GC (Allocation Failure)  728948K->404628K(1035776K), 0.0044980 secs]
63.081: Total time for which application threads were stopped: 0.0046570 seconds, Stopping threads took: 0.0000196 seconds
63.148: [GC (Allocation Failure)  728724K->396946K(1034752K), 0.0014535 secs]
63.149: Total time for which application threads were stopped: 0.0015771 seconds, Stopping threads took: 0.0000190 seconds
63.218: [GC (Allocation Failure)  720530K->404860K(1035776K), 0.0046505 secs]
63.222: Total time for which application threads were stopped: 0.0048150 seconds, Stopping threads took: 0.0000194 seconds
63.289: [GC (Allocation Failure)  728444K->408836K(1036288K), 0.0056165 secs]
63.294: Total time for which application threads were stopped: 0.0057772 seconds, Stopping threads took: 0.0000198 seconds
63.362: [GC (Allocation Failure)  732932K->408836K(1035776K), 0.0041469 secs]
63.366: Total time for which application threads were stopped: 0.0043104 seconds, Stopping threads took: 0.0000277 seconds
63.434: [GC (Allocation Failure)  732932K->408972K(1035264K), 0.0045284 secs]
63.439: Total time for which application threads were stopped: 0.0047120 seconds, Stopping threads took: 0.0000171 seconds
63.508: [GC (Allocation Failure)  732556K->416879K(1035776K), 0.0065006 secs]
63.515: Total time for which application threads were stopped: 0.0066771 seconds, Stopping threads took: 0.0000204 seconds
63.582: [GC (Allocation Failure)  740463K->416879K(1035776K), 0.0042804 secs]
63.587: Total time for which application threads were stopped: 0.0044461 seconds, Stopping threads took: 0.0000260 seconds
63.655: [GC (Allocation Failure)  740463K->417191K(1023488K), 0.0043490 secs]
63.659: Total time for which application threads were stopped: 0.0045122 seconds, Stopping threads took: 0.0000205 seconds
63.728: [GC (Allocation Failure)  740775K->424873K(1035264K), 0.0044478 secs]
63.732: Total time for which application threads were stopped: 0.0046193 seconds, Stopping threads took: 0.0000204 seconds
63.802: [GC (Allocation Failure)  747433K->424905K(1035264K), 0.0044728 secs]
63.806: Total time for which application threads were stopped: 0.0046418 seconds, Stopping threads took: 0.0000205 seconds
63.873: [GC (Allocation Failure)  747465K->425417K(1034240K), 0.0045710 secs]
63.878: Total time for which application threads were stopped: 0.0047457 seconds, Stopping threads took: 0.0000262 seconds
63.948: [GC (Allocation Failure)  746953K->432907K(1034752K), 0.0044094 secs]
63.953: Total time for which application threads were stopped: 0.0045680 seconds, Stopping threads took: 0.0000197 seconds
64.019: [GC (Allocation Failure)  754443K->432907K(1034752K), 0.0047881 secs]
64.024: Total time for which application threads were stopped: 0.0049819 seconds, Stopping threads took: 0.0000204 seconds
64.090: [GC (Allocation Failure)  754443K->433131K(1034752K), 0.0045971 secs]
64.094: Total time for which application threads were stopped: 0.0047965 seconds, Stopping threads took: 0.0000221 seconds
64.162: [GC (Allocation Failure)  754667K->440973K(1034752K), 0.0047198 secs]
64.167: Total time for which application threads were stopped: 0.0048945 seconds, Stopping threads took: 0.0000248 seconds
64.233: [GC (Allocation Failure)  762509K->440909K(1034752K), 0.0047257 secs]
64.238: Total time for which application threads were stopped: 0.0048958 seconds, Stopping threads took: 0.0000205 seconds
64.304: [GC (Allocation Failure)  762445K->440973K(1033728K), 0.0065319 secs]
64.311: Total time for which application threads were stopped: 0.0067331 seconds, Stopping threads took: 0.0000527 seconds
64.378: [GC (Allocation Failure)  761485K->449008K(1034240K), 0.0046134 secs]
64.383: Total time for which application threads were stopped: 0.0047734 seconds, Stopping threads took: 0.0000196 seconds
64.451: [GC (Allocation Failure)  769520K->448976K(1034240K), 0.0046483 secs]
64.456: Total time for which application threads were stopped: 0.0048134 seconds, Stopping threads took: 0.0000200 seconds
64.523: [GC (Allocation Failure)  769488K->449096K(1034240K), 0.0045220 secs]
64.528: Total time for which application threads were stopped: 0.0046896 seconds, Stopping threads took: 0.0000191 seconds
64.596: [GC (Allocation Failure)  769608K->457002K(1033216K), 0.0044272 secs]
64.601: Total time for which application threads were stopped: 0.0045927 seconds, Stopping threads took: 0.0000191 seconds
64.668: [GC (Allocation Failure)  776490K->457002K(1033728K), 0.0044947 secs]
64.672: Total time for which application threads were stopped: 0.0046884 seconds, Stopping threads took: 0.0000193 seconds
64.740: [GC (Allocation Failure)  776490K->457354K(1033728K), 0.0044793 secs]
64.745: Total time for which application threads were stopped: 0.0046382 seconds, Stopping threads took: 0.0000173 seconds
64.812: [GC (Allocation Failure)  776842K->465004K(1033728K), 0.0047800 secs]
64.817: Total time for which application threads were stopped: 0.0049611 seconds, Stopping threads took: 0.0000215 seconds
64.884: [GC (Allocation Failure)  784492K->465036K(1033728K), 0.0054047 secs]
64.890: Total time for which application threads were stopped: 0.0055847 seconds, Stopping threads took: 0.0000212 seconds
64.959: [GC (Allocation Failure)  784524K->465548K(1033728K), 0.0045945 secs]
64.964: Total time for which application threads were stopped: 0.0047667 seconds, Stopping threads took: 0.0000197 seconds
65.032: [GC (Allocation Failure)  785036K->473070K(1033728K), 0.0044421 secs]
65.037: Total time for which application threads were stopped: 0.0045891 seconds, Stopping threads took: 0.0000196 seconds
65.105: [GC (Allocation Failure)  792558K->473070K(1033728K), 0.0045389 secs]
65.110: Total time for which application threads were stopped: 0.0047324 seconds, Stopping threads took: 0.0000203 seconds
65.177: [GC (Allocation Failure)  792558K->473286K(1033728K), 0.0044497 secs]
65.182: Total time for which application threads were stopped: 0.0046064 seconds, Stopping threads took: 0.0000174 seconds
65.249: [GC (Allocation Failure)  792774K->481097K(1033728K), 0.0045929 secs]
65.254: Total time for which application threads were stopped: 0.0047714 seconds, Stopping threads took: 0.0000208 seconds
65.321: [GC (Allocation Failure)  800585K->477222K(1034240K), 0.0033148 secs]
65.325: Total time for which application threads were stopped: 0.0034699 seconds, Stopping threads took: 0.0000177 seconds
65.395: [GC (Allocation Failure)  797222K->481257K(1033728K), 0.0046860 secs]
65.400: Total time for which application threads were stopped: 0.0048637 seconds, Stopping threads took: 0.0000267 seconds
65.468: [GC (Allocation Failure)  801257K->485225K(1034752K), 0.0043314 secs]
65.472: Total time for which application threads were stopped: 0.0045143 seconds, Stopping threads took: 0.0000205 seconds
65.543: [GC (Allocation Failure)  806761K->479462K(1034752K), 0.0023989 secs]
65.545: Total time for which application threads were stopped: 0.0025518 seconds, Stopping threads took: 0.0000200 seconds
65.613: [GC (Allocation Failure)  800998K->485265K(1035264K), 0.0047303 secs]
65.618: Total time for which application threads were stopped: 0.0049070 seconds, Stopping threads took: 0.0000202 seconds
65.687: [GC (Allocation Failure)  807313K->489361K(1034752K), 0.0049165 secs]
65.692: Total time for which application threads were stopped: 0.0050787 seconds, Stopping threads took: 0.0000201 seconds
65.758: [GC (Allocation Failure)  811147K->485422K(1035776K), 0.0034772 secs]
65.762: Total time for which application threads were stopped: 0.0036360 seconds, Stopping threads took: 0.0000194 seconds
65.830: [GC (Allocation Failure)  808494K->489481K(1035264K), 0.0065379 secs]
65.836: Total time for which application threads were stopped: 0.0067101 seconds, Stopping threads took: 0.0000206 seconds
65.906: [GC (Allocation Failure)  812553K->493481K(1035264K), 0.0052632 secs]
65.912: Total time for which application threads were stopped: 0.0054867 seconds, Stopping threads took: 0.0000293 seconds
65.981: [GC (Allocation Failure)  817065K->493481K(1035776K), 0.0044686 secs]
65.986: Total time for which application threads were stopped: 0.0046158 seconds, Stopping threads took: 0.0000169 seconds
66.051: [GC (Allocation Failure)  817065K->493545K(1034752K), 0.0046140 secs]
66.056: Total time for which application threads were stopped: 0.0048323 seconds, Stopping threads took: 0.0000204 seconds
66.127: [GC (Allocation Failure)  816105K->501547K(1035264K), 0.0045575 secs]
66.131: Total time for which application threads were stopped: 0.0047057 seconds, Stopping threads took: 0.0000166 seconds
66.199: [GC (Allocation Failure)  824107K->501515K(1034240K), 0.0047794 secs]
66.204: Total time for which application threads were stopped: 0.0049467 seconds, Stopping threads took: 0.0000198 seconds
66.271: [GC (Allocation Failure)  823051K->501579K(1034752K), 0.0045991 secs]
66.276: Total time for which application threads were stopped: 0.0047678 seconds, Stopping threads took: 0.0000205 seconds
66.342: [GC (Allocation Failure)  823115K->509581K(1033728K), 0.0046031 secs]
66.346: Total time for which application threads were stopped: 0.0047622 seconds, Stopping threads took: 0.0000261 seconds
66.414: [GC (Allocation Failure)  830093K->509549K(1034240K), 0.0045609 secs]
66.419: Total time for which application threads were stopped: 0.0047323 seconds, Stopping threads took: 0.0000203 seconds
66.485: [GC (Allocation Failure)  830061K->509805K(1034240K), 0.0046906 secs]
66.490: Total time for which application threads were stopped: 0.0048976 seconds, Stopping threads took: 0.0000203 seconds
66.556: [GC (Allocation Failure)  830317K->517552K(1034240K), 0.0073823 secs]
66.563: Total time for which application threads were stopped: 0.0075514 seconds, Stopping threads took: 0.0000198 seconds
66.630: [GC (Allocation Failure)  838064K->517584K(1034240K), 0.0046279 secs]
66.635: Total time for which application threads were stopped: 0.0047839 seconds, Stopping threads took: 0.0000195 seconds
66.701: [GC (Allocation Failure)  838096K->518024K(1020416K), 0.0046423 secs]
66.706: Total time for which application threads were stopped: 0.0048007 seconds, Stopping threads took: 0.0000195 seconds
66.775: [GC (Allocation Failure)  838536K->525610K(1033728K), 0.0045439 secs]
66.780: Total time for which application threads were stopped: 0.0047126 seconds, Stopping threads took: 0.0000195 seconds
66.848: [GC (Allocation Failure)  845098K->525642K(1033728K), 0.0048112 secs]
66.852: Total time for which application threads were stopped: 0.0049702 seconds, Stopping threads took: 0.0000200 seconds
66.919: [GC (Allocation Failure)  845130K->525770K(1033728K), 0.0045198 secs]
66.923: Total time for which application threads were stopped: 0.0046927 seconds, Stopping threads took: 0.0000144 seconds
66.991: [GC (Allocation Failure)  845258K->533644K(1033728K), 0.0047794 secs]
66.996: Total time for which application threads were stopped: 0.0049731 seconds, Stopping threads took: 0.0000210 seconds
67.064: [GC (Allocation Failure)  853130K->529706K(1034240K), 0.0036332 secs]
67.068: Total time for which application threads were stopped: 0.0037977 seconds, Stopping threads took: 0.0000173 seconds
67.138: [GC (Allocation Failure)  849706K->533804K(1033728K), 0.0046083 secs]
67.143: Total time for which application threads were stopped: 0.0047656 seconds, Stopping threads took: 0.0000203 seconds
67.210: [GC (Allocation Failure)  853804K->537772K(1034752K), 0.0047249 secs]
67.214: Total time for which application threads were stopped: 0.0048689 seconds, Stopping threads took: 0.0000168 seconds
67.284: [GC (Allocation Failure)  859308K->532042K(1034752K), 0.0025878 secs]
67.286: Total time for which application threads were stopped: 0.0027351 seconds, Stopping threads took: 0.0000168 seconds
67.355: [GC (Allocation Failure)  853578K->537868K(1035776K), 0.0045911 secs]
67.359: Total time for which application threads were stopped: 0.0047683 seconds, Stopping threads took: 0.0000280 seconds
67.428: [GC (Allocation Failure)  860428K->541948K(1034752K), 0.0051337 secs]
67.433: Total time for which application threads were stopped: 0.0053024 seconds, Stopping threads took: 0.0000196 seconds
67.501: [GC (Allocation Failure)  864246K->538010K(1035776K), 0.0037791 secs]
67.504: Total time for which application threads were stopped: 0.0039414 seconds, Stopping threads took: 0.0000197 seconds
67.572: [GC (Allocation Failure)  861082K->542076K(1035264K), 0.0047557 secs]
67.576: Total time for which application threads were stopped: 0.0049266 seconds, Stopping threads took: 0.0000202 seconds
67.644: [GC (Allocation Failure)  865148K->546044K(1035264K), 0.0045670 secs]
67.648: Total time for which application threads were stopped: 0.0047385 seconds, Stopping threads took: 0.0000199 seconds
67.718: [GC (Allocation Failure)  869628K->546044K(1035776K), 0.0046641 secs]
67.723: Total time for which application threads were stopped: 0.0048426 seconds, Stopping threads took: 0.0000190 seconds
67.789: [GC (Allocation Failure)  869628K->546100K(1034752K), 0.0047326 secs]
67.794: Total time for which application threads were stopped: 0.0048971 seconds, Stopping threads took: 0.0000205 seconds
67.862: [GC (Allocation Failure)  868660K->554038K(1035264K), 0.0048598 secs]
67.867: Total time for which application threads were stopped: 0.0050527 seconds, Stopping threads took: 0.0000261 seconds
67.935: [GC (Allocation Failure)  876598K->554038K(1034240K), 0.0047403 secs]
67.940: Total time for which application threads were stopped: 0.0049001 seconds, Stopping threads took: 0.0000199 seconds
68.007: [GC (Allocation Failure)  875574K->554134K(1034752K), 0.0048486 secs]
68.012: Total time for which application threads were stopped: 0.0050234 seconds, Stopping threads took: 0.0000202 seconds
68.080: [GC (Allocation Failure)  875670K->562105K(1034752K), 0.0045297 secs]
68.084: Total time for which application threads were stopped: 0.0047192 seconds, Stopping threads took: 0.0000248 seconds
68.153: [GC (Allocation Failure)  883641K->562137K(1029120K), 0.0047078 secs]
68.158: Total time for which application threads were stopped: 0.0048756 seconds, Stopping threads took: 0.0000194 seconds
68.223: [GC (Allocation Failure)  883673K->562361K(1034240K), 0.0047560 secs]
68.228: Total time for which application threads were stopped: 0.0049171 seconds, Stopping threads took: 0.0000199 seconds
68.296: [GC (Allocation Failure)  882873K->570139K(1034240K), 0.0048771 secs]
68.301: Total time for which application threads were stopped: 0.0050505 seconds, Stopping threads took: 0.0000201 seconds
68.368: [GC (Allocation Failure)  890651K->570171K(1034240K), 0.0051928 secs]
68.374: Total time for which application threads were stopped: 0.0053670 seconds, Stopping threads took: 0.0000276 seconds
68.442: [GC (Allocation Failure)  890683K->570587K(1020416K), 0.0047614 secs]
68.447: Total time for which application threads were stopped: 0.0049115 seconds, Stopping threads took: 0.0000175 seconds
68.514: [GC (Allocation Failure)  891099K->578205K(1033728K), 0.0048078 secs]
68.519: Total time for which application threads were stopped: 0.0049638 seconds, Stopping threads took: 0.0000187 seconds
68.586: [GC (Allocation Failure)  897693K->578173K(1033728K), 0.0047177 secs]
68.591: Total time for which application threads were stopped: 0.0048864 seconds, Stopping threads took: 0.0000204 seconds
68.655: [GC (Allocation Failure)  897661K->578301K(1033728K), 0.0046261 secs]
68.660: Total time for which application threads were stopped: 0.0047962 seconds, Stopping threads took: 0.0000204 seconds
68.727: [GC (Allocation Failure)  897789K->586239K(1033728K), 0.0048956 secs]
68.732: Total time for which application threads were stopped: 0.0050793 seconds, Stopping threads took: 0.0000199 seconds
68.801: [GC (Allocation Failure)  905727K->586239K(1033728K), 0.0047525 secs]
68.806: Total time for which application threads were stopped: 0.0049138 seconds, Stopping threads took: 0.0000205 seconds
68.873: [GC (Allocation Failure)  905727K->586279K(1019392K), 0.0046411 secs]
68.877: Total time for which application threads were stopped: 0.0048176 seconds, Stopping threads took: 0.0000192 seconds
68.945: [GC (Allocation Failure)  905767K->594282K(1033216K), 0.0049420 secs]
68.950: Total time for which application threads were stopped: 0.0051105 seconds, Stopping threads took: 0.0000199 seconds
69.019: [GC (Allocation Failure)  912746K->588679K(1033216K), 0.0027377 secs]
69.021: Total time for which application threads were stopped: 0.0028897 seconds, Stopping threads took: 0.0000194 seconds
69.089: [GC (Allocation Failure)  907143K->594506K(1034240K), 0.0049128 secs]
69.094: Total time for which application threads were stopped: 0.0050830 seconds, Stopping threads took: 0.0000200 seconds
69.161: [GC (Allocation Failure)  914506K->598394K(1033728K), 0.0048923 secs]
69.166: Total time for which application threads were stopped: 0.0050601 seconds, Stopping threads took: 0.0000198 seconds
69.231: [GC (Allocation Failure)  918394K->604279K(1030144K), 0.0072391 secs]
69.238: Total time for which application threads were stopped: 0.0074143 seconds, Stopping threads took: 0.0000186 seconds
69.306: [GC (Allocation Failure)  920695K->598554K(1032192K), 0.0048375 secs]
69.311: Total time for which application threads were stopped: 0.0050096 seconds, Stopping threads took: 0.0000213 seconds
69.377: [GC (Allocation Failure)  914970K->598394K(1032704K), 0.0048187 secs]
69.381: Total time for which application threads were stopped: 0.0049883 seconds, Stopping threads took: 0.0000201 seconds
69.448: [GC (Allocation Failure)  915322K->590679K(1032192K), 0.0017880 secs]
69.450: Total time for which application threads were stopped: 0.0019332 seconds, Stopping threads took: 0.0000206 seconds
69.518: [GC (Allocation Failure)  907607K->598522K(1032704K), 0.0046583 secs]
69.523: Total time for which application threads were stopped: 0.0048210 seconds, Stopping threads took: 0.0000203 seconds
69.589: [GC (Allocation Failure)  915962K->598394K(1032704K), 0.0050909 secs]
69.594: Total time for which application threads were stopped: 0.0052651 seconds, Stopping threads took: 0.0000196 seconds
69.660: [GC (Allocation Failure)  915834K->599426K(1032192K), 0.0051486 secs]
69.666: Total time for which application threads were stopped: 0.0053376 seconds, Stopping threads took: 0.0000199 seconds
69.732: [GC (Allocation Failure)  916866K->606532K(1032704K), 0.0049096 secs]
69.737: Total time for which application threads were stopped: 0.0051027 seconds, Stopping threads took: 0.0000205 seconds
69.806: [GC (Allocation Failure)  923972K->606468K(1033216K), 0.0048032 secs]
69.811: Total time for which application threads were stopped: 0.0049674 seconds, Stopping threads took: 0.0000210 seconds
69.876: [GC (Allocation Failure)  924932K->609732K(1033216K), 0.0056878 secs]
69.882: Total time for which application threads were stopped: 0.0058644 seconds, Stopping threads took: 0.0000259 seconds
69.950: [GC (Allocation Failure)  928196K->614470K(1033728K), 0.0046921 secs]
69.955: Total time for which application threads were stopped: 0.0048629 seconds, Stopping threads took: 0.0000169 seconds
70.022: [GC (Allocation Failure)  933958K->614470K(1033728K), 0.0048748 secs]
70.027: Total time for which application threads were stopped: 0.0050596 seconds, Stopping threads took: 0.0000252 seconds
70.094: [GC (Allocation Failure)  933958K->615910K(1033728K), 0.0050694 secs]
70.099: Total time for which application threads were stopped: 0.0052418 seconds, Stopping threads took: 0.0000202 seconds
70.167: [GC (Allocation Failure)  935398K->622536K(1033728K), 0.0049749 secs]
70.172: Total time for which application threads were stopped: 0.0051620 seconds, Stopping threads took: 0.0000199 seconds
70.239: [GC (Allocation Failure)  942024K->622536K(1034240K), 0.0050260 secs]
70.244: Total time for which application threads were stopped: 0.0052135 seconds, Stopping threads took: 0.0000218 seconds
70.313: [GC (Allocation Failure)  942536K->623624K(1033728K), 0.0048087 secs]
70.318: Total time for which application threads were stopped: 0.0049875 seconds, Stopping threads took: 0.0000201 seconds
70.384: [GC (Allocation Failure)  943624K->630571K(1033728K), 0.0047557 secs]
70.389: Total time for which application threads were stopped: 0.0049385 seconds, Stopping threads took: 0.0000260 seconds
70.457: [GC (Allocation Failure)  950059K->630571K(1033728K), 0.0064809 secs]
70.463: Total time for which application threads were stopped: 0.0066523 seconds, Stopping threads took: 0.0000251 seconds
70.530: [GC (Allocation Failure)  950059K->631363K(1033216K), 0.0052016 secs]
70.536: Total time for which application threads were stopped: 0.0054022 seconds, Stopping threads took: 0.0000203 seconds
70.605: [GC (Allocation Failure)  950851K->638565K(1033728K), 0.0050422 secs]
70.610: Total time for which application threads were stopped: 0.0052114 seconds, Stopping threads took: 0.0000197 seconds
70.678: [GC (Allocation Failure)  958053K->638565K(1033728K), 0.0047766 secs]
70.683: Total time for which application threads were stopped: 0.0049472 seconds, Stopping threads took: 0.0000203 seconds
70.749: [GC (Allocation Failure)  958053K->638637K(1033728K), 0.0050144 secs]
70.754: Total time for which application threads were stopped: 0.0051842 seconds, Stopping threads took: 0.0000199 seconds
70.822: [GC (Allocation Failure)  958125K->646639K(1033728K), 0.0051021 secs]
70.827: Total time for which application threads were stopped: 0.0052730 seconds, Stopping threads took: 0.0000204 seconds
70.893: [GC (Allocation Failure)  966127K->646607K(1033728K), 0.0093775 secs]
70.902: Total time for which application threads were stopped: 0.0095378 seconds, Stopping threads took: 0.0000198 seconds
70.968: [GC (Allocation Failure)  966095K->646791K(1033728K), 0.0049815 secs]
70.973: Total time for which application threads were stopped: 0.0051509 seconds, Stopping threads took: 0.0000196 seconds
71.040: [GC (Allocation Failure)  966279K->654698K(1033728K), 0.0049920 secs]
71.045: Total time for which application threads were stopped: 0.0051604 seconds, Stopping threads took: 0.0000195 seconds
71.111: [GC (Allocation Failure)  974186K->654634K(1033728K), 0.0049392 secs]
71.116: Total time for which application threads were stopped: 0.0051002 seconds, Stopping threads took: 0.0000197 seconds
71.181: [GC (Allocation Failure)  974122K->655050K(1033728K), 0.0049624 secs]
71.186: Total time for which application threads were stopped: 0.0051408 seconds, Stopping threads took: 0.0000200 seconds
71.255: [GC (Allocation Failure)  974538K->662700K(1033728K), 0.0047929 secs]
71.260: Total time for which application threads were stopped: 0.0049621 seconds, Stopping threads took: 0.0000207 seconds
71.327: [GC (Allocation Failure)  982188K->662668K(1033728K), 0.0050594 secs]
71.332: Total time for which application threads were stopped: 0.0052324 seconds, Stopping threads took: 0.0000202 seconds
71.398: [GC (Allocation Failure)  982156K->664300K(1033728K), 0.0050317 secs]
71.404: Total time for which application threads were stopped: 0.0052149 seconds, Stopping threads took: 0.0000291 seconds
71.473: [GC (Allocation Failure)  983788K->670734K(1033728K), 0.0048589 secs]
71.478: Total time for which application threads were stopped: 0.0050319 seconds, Stopping threads took: 0.0000203 seconds
71.544: [GC (Allocation Failure)  990222K->670702K(1033728K), 0.0050249 secs]
71.549: Total time for which application threads were stopped: 0.0052247 seconds, Stopping threads took: 0.0000207 seconds
71.616: [GC (Allocation Failure)  990190K->671534K(1033728K), 0.0051441 secs]
71.621: Total time for which application threads were stopped: 0.0053300 seconds, Stopping threads took: 0.0000207 seconds
71.690: [GC (Allocation Failure)  991022K->678800K(1033728K), 0.0049723 secs]
71.696: Total time for which application threads were stopped: 0.0051330 seconds, Stopping threads took: 0.0000200 seconds
71.762: [GC (Allocation Failure)  998288K->678704K(1033728K), 0.0051097 secs]
71.767: Total time for which application threads were stopped: 0.0052828 seconds, Stopping threads took: 0.0000198 seconds
71.832: [GC (Allocation Failure)  998192K->679752K(1033728K), 0.0050835 secs]
71.837: Total time for which application threads were stopped: 0.0052720 seconds, Stopping threads took: 0.0000199 seconds
71.907: [GC (Allocation Failure)  999240K->686827K(1033728K), 0.0048969 secs]
71.912: Total time for which application threads were stopped: 0.0050811 seconds, Stopping threads took: 0.0000204 seconds
71.979: [GC (Allocation Failure)  1006315K->686763K(1033728K), 0.0049579 secs]
71.984: Total time for which application threads were stopped: 0.0051729 seconds, Stopping threads took: 0.0000278 seconds
72.049: [GC (Allocation Failure)  1006251K->686923K(1033728K), 0.0049973 secs]
72.054: [Full GC (Ergonomics)  686923K->8615K(1033728K), 0.0133529 secs]
72.068: Total time for which application threads were stopped: 0.0186308 seconds, Stopping threads took: 0.0000201 seconds
72.135: [GC (Allocation Failure)  328103K->17065K(1032704K), 0.0037167 secs]
72.139: Total time for which application threads were stopped: 0.0038779 seconds, Stopping threads took: 0.0000207 seconds
72.206: [GC (Allocation Failure)  335529K->17113K(1033216K), 0.0038074 secs]
72.210: Total time for which application threads were stopped: 0.0040000 seconds, Stopping threads took: 0.0000284 seconds
72.276: [GC (Allocation Failure)  335577K->17457K(1033216K), 0.0039193 secs]
72.280: Total time for which application threads were stopped: 0.0040862 seconds, Stopping threads took: 0.0000188 seconds
72.346: [GC (Allocation Failure)  335921K->25107K(1033216K), 0.0035956 secs]
72.350: Total time for which application threads were stopped: 0.0037703 seconds, Stopping threads took: 0.0000263 seconds
72.415: [GC (Allocation Failure)  343571K->25107K(1033216K), 0.0037879 secs]
72.419: Total time for which application threads were stopped: 0.0039865 seconds, Stopping threads took: 0.0000258 seconds
72.485: [GC (Allocation Failure)  343571K->25707K(1033216K), 0.0037212 secs]
72.489: Total time for which application threads were stopped: 0.0038788 seconds, Stopping threads took: 0.0000174 seconds
72.557: [GC (Allocation Failure)  344171K->33133K(1033216K), 0.0037275 secs]
72.561: Total time for which application threads were stopped: 0.0039009 seconds, Stopping threads took: 0.0000198 seconds
72.628: [GC (Allocation Failure)  351597K->33165K(1033216K), 0.0037491 secs]
72.632: Total time for which application threads were stopped: 0.0039382 seconds, Stopping threads took: 0.0000366 seconds
72.698: [GC (Allocation Failure)  351629K->33893K(1033216K), 0.0039233 secs]
72.702: Total time for which application threads were stopped: 0.0040861 seconds, Stopping threads took: 0.0000191 seconds
72.769: [GC (Allocation Failure)  352357K->41160K(1033216K), 0.0037386 secs]
72.772: Total time for which application threads were stopped: 0.0039287 seconds, Stopping threads took: 0.0000196 seconds
72.841: [GC (Allocation Failure)  359624K->41192K(1033216K), 0.0037035 secs]
72.845: Total time for which application threads were stopped: 0.0038712 seconds, Stopping threads took: 0.0000173 seconds
72.911: [GC (Allocation Failure)  359656K->41232K(1033216K), 0.0045659 secs]
72.915: Total time for which application threads were stopped: 0.0047268 seconds, Stopping threads took: 0.0000259 seconds
72.981: [GC (Allocation Failure)  359696K->49202K(1033216K), 0.0038481 secs]
72.985: Total time for which application threads were stopped: 0.0040035 seconds, Stopping threads took: 0.0000192 seconds
73.052: [GC (Allocation Failure)  367666K->49202K(1033216K), 0.0037375 secs]
73.056: Total time for which application threads were stopped: 0.0039256 seconds, Stopping threads took: 0.0000199 seconds
73.123: [GC (Allocation Failure)  367666K->49354K(1033216K), 0.0036857 secs]
73.127: Total time for which application threads were stopped: 0.0038453 seconds, Stopping threads took: 0.0000195 seconds
73.194: [GC (Allocation Failure)  367818K->57260K(1033216K), 0.0039307 secs]
73.198: Total time for which application threads were stopped: 0.0041018 seconds, Stopping threads took: 0.0000195 seconds
73.264: [GC (Allocation Failure)  375724K->57228K(1033216K), 0.0039923 secs]
73.268: Total time for which application threads were stopped: 0.0041487 seconds, Stopping threads took: 0.0000194 seconds
73.333: [GC (Allocation Failure)  375692K->57580K(1033216K), 0.0045554 secs]
73.337: Total time for which application threads were stopped: 0.0047150 seconds, Stopping threads took: 0.0000198 seconds
73.406: [GC (Allocation Failure)  376044K->65295K(1033216K), 0.0044850 secs]
73.410: Total time for which application threads were stopped: 0.0046547 seconds, Stopping threads took: 0.0000282 seconds
73.476: [GC (Allocation Failure)  383759K->65263K(1033216K), 0.0044764 secs]
73.481: Total time for which application threads were stopped: 0.0046571 seconds, Stopping threads took: 0.0000260 seconds
73.547: [GC (Allocation Failure)  383727K->65831K(1033216K), 0.0039941 secs]
73.551: Total time for which application threads were stopped: 0.0041649 seconds, Stopping threads took: 0.0000200 seconds
73.617: [GC (Allocation Failure)  384295K->73289K(1033216K), 0.0036834 secs]
73.621: Total time for which application threads were stopped: 0.0038505 seconds, Stopping threads took: 0.0000192 seconds
73.688: [GC (Allocation Failure)  391753K->73321K(1033216K), 0.0036482 secs]
73.692: Total time for which application threads were stopped: 0.0038218 seconds, Stopping threads took: 0.0000207 seconds
73.758: [GC (Allocation Failure)  391785K->73545K(1033216K), 0.0039512 secs]
73.763: Total time for which application threads were stopped: 0.0041292 seconds, Stopping threads took: 0.0000226 seconds
73.828: [GC (Allocation Failure)  392009K->81323K(1033216K), 0.0038744 secs]
73.832: Total time for which application threads were stopped: 0.0041004 seconds, Stopping threads took: 0.0000503 seconds
73.898: [GC (Allocation Failure)  399787K->77417K(1033216K), 0.0035191 secs]
73.902: Total time for which application threads were stopped: 0.0037285 seconds, Stopping threads took: 0.0000247 seconds
73.971: [GC (Allocation Failure)  395881K->81483K(1034752K), 0.0039786 secs]
73.975: Total time for which application threads were stopped: 0.0041498 seconds, Stopping threads took: 0.0000199 seconds
74.044: [GC (Allocation Failure)  401995K->85451K(1033728K), 0.0037518 secs]
74.048: Total time for which application threads were stopped: 0.0039142 seconds, Stopping threads took: 0.0000205 seconds
74.117: [GC (Allocation Failure)  405963K->77609K(1034240K), 0.0006776 secs]
74.118: Total time for which application threads were stopped: 0.0007994 seconds, Stopping threads took: 0.0000194 seconds
74.185: [GC (Allocation Failure)  398121K->85547K(1034240K), 0.0039841 secs]
74.189: Total time for which application threads were stopped: 0.0041442 seconds, Stopping threads took: 0.0000197 seconds
74.259: [GC (Allocation Failure)  406059K->89635K(1033216K), 0.0053725 secs]
74.264: Total time for which application threads were stopped: 0.0055373 seconds, Stopping threads took: 0.0000203 seconds
74.331: [GC (Allocation Failure)  409123K->95361K(1032704K), 0.0061851 secs]
74.338: Total time for which application threads were stopped: 0.0063432 seconds, Stopping threads took: 0.0000186 seconds
74.406: [GC (Allocation Failure)  414849K->89859K(1031680K), 0.0039554 secs]
74.411: Total time for which application threads were stopped: 0.0041189 seconds, Stopping threads took: 0.0000205 seconds
74.477: [GC (Allocation Failure)  406275K->89603K(1032192K), 0.0045879 secs]
74.482: Total time for which application threads were stopped: 0.0047692 seconds, Stopping threads took: 0.0000293 seconds
74.548: [GC (Allocation Failure)  406019K->84225K(1032704K), 0.0016753 secs]
74.550: Total time for which application threads were stopped: 0.0018418 seconds, Stopping threads took: 0.0000215 seconds
74.619: [GC (Allocation Failure)  401665K->89795K(1032704K), 0.0040529 secs]
74.623: Total time for which application threads were stopped: 0.0042156 seconds, Stopping threads took: 0.0000206 seconds
74.690: [GC (Allocation Failure)  407235K->89603K(1033216K), 0.0041565 secs]
74.694: Total time for which application threads were stopped: 0.0043274 seconds, Stopping threads took: 0.0000208 seconds
74.760: [GC (Allocation Failure)  407555K->89963K(1032704K), 0.0040670 secs]
74.765: Total time for which application threads were stopped: 0.0042383 seconds, Stopping threads took: 0.0000198 seconds
74.832: [GC (Allocation Failure)  407915K->97773K(1033216K), 0.0040053 secs]
74.836: Total time for which application threads were stopped: 0.0041858 seconds, Stopping threads took: 0.0000223 seconds
74.904: [GC (Allocation Failure)  416237K->97613K(1033216K), 0.0059445 secs]
74.910: Total time for which application threads were stopped: 0.0061123 seconds, Stopping threads took: 0.0000261 seconds
74.978: [GC (Allocation Failure)  416077K->101765K(1033728K), 0.0049056 secs]
74.983: Total time for which application threads were stopped: 0.0051049 seconds, Stopping threads took: 0.0000210 seconds
75.051: [GC (Allocation Failure)  420741K->105736K(1033216K), 0.0038353 secs]
75.055: Total time for which application threads were stopped: 0.0040255 seconds, Stopping threads took: 0.0000199 seconds
75.123: [GC (Allocation Failure)  424712K->105672K(1034240K), 0.0037707 secs]
75.127: Total time for which application threads were stopped: 0.0039514 seconds, Stopping threads took: 0.0000177 seconds
75.195: [GC (Allocation Failure)  425672K->108456K(1033728K), 0.0043460 secs]
75.200: Total time for which application threads were stopped: 0.0045119 seconds, Stopping threads took: 0.0000200 seconds
75.267: [GC (Allocation Failure)  428456K->113770K(1034240K), 0.0039012 secs]
75.271: Total time for which application threads were stopped: 0.0041159 seconds, Stopping threads took: 0.0000206 seconds
75.339: [GC (Allocation Failure)  434282K->113706K(1034240K), 0.0040217 secs]
75.343: Total time for which application threads were stopped: 0.0041794 seconds, Stopping threads took: 0.0000197 seconds
75.412: [GC (Allocation Failure)  434218K->114114K(1034240K), 0.0047510 secs]
75.417: Total time for which application threads were stopped: 0.0049183 seconds, Stopping threads took: 0.0000195 seconds
75.485: [GC (Allocation Failure)  434626K->121764K(1034240K), 0.0040213 secs]
75.489: Total time for which application threads were stopped: 0.0041778 seconds, Stopping threads took: 0.0000196 seconds
75.557: [GC (Allocation Failure)  442276K->121732K(1034240K), 0.0036947 secs]
75.561: Total time for which application threads were stopped: 0.0038831 seconds, Stopping threads took: 0.0000189 seconds
75.630: [GC (Allocation Failure)  442244K->124428K(1034240K), 0.0044901 secs]
75.635: Total time for which application threads were stopped: 0.0046465 seconds, Stopping threads took: 0.0000167 seconds
75.703: [GC (Allocation Failure)  444940K->129806K(1034240K), 0.0038637 secs]
75.707: Total time for which application threads were stopped: 0.0040445 seconds, Stopping threads took: 0.0000206 seconds
75.775: [GC (Allocation Failure)  450318K->129774K(1034240K), 0.0050741 secs]
75.780: Total time for which application threads were stopped: 0.0052380 seconds, Stopping threads took: 0.0000203 seconds
75.848: [GC (Allocation Failure)  450286K->130598K(1033728K), 0.0038695 secs]
75.852: Total time for which application threads were stopped: 0.0040346 seconds, Stopping threads took: 0.0000255 seconds
75.921: [GC (Allocation Failure)  451110K->137929K(1034240K), 0.0036838 secs]
75.925: Total time for which application threads were stopped: 0.0038546 seconds, Stopping threads took: 0.0000186 seconds
75.993: [GC (Allocation Failure)  458441K->137833K(1034240K), 0.0039647 secs]
75.997: Total time for which application threads were stopped: 0.0041352 seconds, Stopping threads took: 0.0000202 seconds
76.063: [GC (Allocation Failure)  458345K->140905K(1034240K), 0.0043963 secs]
76.068: Total time for which application threads were stopped: 0.0045569 seconds, Stopping threads took: 0.0000191 seconds
76.136: [GC (Allocation Failure)  461417K->145867K(1034752K), 0.0038783 secs]
76.140: Total time for which application threads were stopped: 0.0040350 seconds, Stopping threads took: 0.0000196 seconds
76.207: [GC (Allocation Failure)  467403K->145867K(1034752K), 0.0039265 secs]
76.211: Total time for which application threads were stopped: 0.0041209 seconds, Stopping threads took: 0.0000200 seconds
76.278: [GC (Allocation Failure)  467403K->149131K(1034752K), 0.0045905 secs]
76.283: Total time for which application threads were stopped: 0.0047475 seconds, Stopping threads took: 0.0000169 seconds
76.352: [GC (Allocation Failure)  470667K->153869K(1034752K), 0.0039711 secs]
76.356: Total time for which application threads were stopped: 0.0041558 seconds, Stopping threads took: 0.0000264 seconds
76.423: [GC (Allocation Failure)  475405K->153869K(1034752K), 0.0039443 secs]
76.427: Total time for which application threads were stopped: 0.0041454 seconds, Stopping threads took: 0.0000258 seconds
76.494: [GC (Allocation Failure)  475405K->154309K(1034752K), 0.0040309 secs]
76.498: Total time for which application threads were stopped: 0.0041816 seconds, Stopping threads took: 0.0000170 seconds
76.567: [GC (Allocation Failure)  475845K->161895K(1034752K), 0.0039301 secs]
76.571: Total time for which application threads were stopped: 0.0041002 seconds, Stopping threads took: 0.0000201 seconds
76.638: [GC (Allocation Failure)  483431K->161895K(1034752K), 0.0039358 secs]
76.642: Total time for which application threads were stopped: 0.0040975 seconds, Stopping threads took: 0.0000201 seconds
76.708: [GC (Allocation Failure)  483431K->163527K(1034752K), 0.0040540 secs]
76.712: Total time for which application threads were stopped: 0.0042188 seconds, Stopping threads took: 0.0000198 seconds
76.780: [GC (Allocation Failure)  485063K->169930K(1029120K), 0.0039834 secs]
76.784: Total time for which application threads were stopped: 0.0041478 seconds, Stopping threads took: 0.0000204 seconds
76.851: [GC (Allocation Failure)  491466K->169930K(1034752K), 0.0039018 secs]
76.855: Total time for which application threads were stopped: 0.0040496 seconds, Stopping threads took: 0.0000247 seconds
76.924: [GC (Allocation Failure)  490954K->172298K(1034240K), 0.0043099 secs]
76.928: Total time for which application threads were stopped: 0.0045027 seconds, Stopping threads took: 0.0000196 seconds
76.998: [GC (Allocation Failure)  493322K->178060K(1034752K), 0.0038149 secs]
77.001: Total time for which application threads were stopped: 0.0039792 seconds, Stopping threads took: 0.0000212 seconds
77.071: [GC (Allocation Failure)  499596K->177964K(1034752K), 0.0038789 secs]
77.075: Total time for which application threads were stopped: 0.0040363 seconds, Stopping threads took: 0.0000197 seconds
77.142: [GC (Allocation Failure)  499500K->181028K(1034752K), 0.0046483 secs]
77.147: Total time for which application threads were stopped: 0.0048389 seconds, Stopping threads took: 0.0000198 seconds
77.214: [GC (Allocation Failure)  502564K->186054K(1034752K), 0.0040299 secs]
77.219: Total time for which application threads were stopped: 0.0041877 seconds, Stopping threads took: 0.0000194 seconds
77.284: [GC (Allocation Failure)  507590K->185990K(1034752K), 0.0040532 secs]
77.289: Total time for which application threads were stopped: 0.0042283 seconds, Stopping threads took: 0.0000256 seconds
77.354: [GC (Allocation Failure)  507526K->186150K(1021440K), 0.0040868 secs]
77.358: Total time for which application threads were stopped: 0.0042841 seconds, Stopping threads took: 0.0000261 seconds
77.428: [GC (Allocation Failure)  507686K->193993K(1034240K), 0.0040284 secs]
77.432: Total time for which application threads were stopped: 0.0041798 seconds, Stopping threads took: 0.0000175 seconds
77.499: [GC (Allocation Failure)  514505K->194057K(1034240K), 0.0040682 secs]
77.503: Total time for which application threads were stopped: 0.0042448 seconds, Stopping threads took: 0.0000179 seconds
77.570: [GC (Allocation Failure)  514569K->197449K(1034752K), 0.0048028 secs]
77.575: Total time for which application threads were stopped: 0.0049793 seconds, Stopping threads took: 0.0000260 seconds
77.640: [GC (Allocation Failure)  518473K->202155K(1034240K), 0.0040439 secs]
77.645: Total time for which application threads were stopped: 0.0042379 seconds, Stopping threads took: 0.0000207 seconds
77.714: [GC (Allocation Failure)  523179K->202027K(1034752K), 0.0041606 secs]
77.718: Total time for which application threads were stopped: 0.0043189 seconds, Stopping threads took: 0.0000168 seconds
77.786: [GC (Allocation Failure)  523563K->205675K(1034752K), 0.0046810 secs]
77.791: Total time for which application threads were stopped: 0.0048533 seconds, Stopping threads took: 0.0000199 seconds
77.859: [GC (Allocation Failure)  527211K->210157K(1034752K), 0.0039479 secs]
77.863: Total time for which application threads were stopped: 0.0041357 seconds, Stopping threads took: 0.0000265 seconds
77.934: [GC (Allocation Failure)  531693K->210093K(1034752K), 0.0040583 secs]
77.938: Total time for which application threads were stopped: 0.0042210 seconds, Stopping threads took: 0.0000201 seconds
78.005: [GC (Allocation Failure)  531629K->210797K(1034752K), 0.0039823 secs]
78.009: Total time for which application threads were stopped: 0.0041767 seconds, Stopping threads took: 0.0000198 seconds
78.079: [GC (Allocation Failure)  532333K->218159K(1034752K), 0.0041373 secs]
78.083: Total time for which application threads were stopped: 0.0042990 seconds, Stopping threads took: 0.0000206 seconds
78.151: [GC (Allocation Failure)  539695K->218095K(1034752K), 0.0039799 secs]
78.155: Total time for which application threads were stopped: 0.0041500 seconds, Stopping threads took: 0.0000199 seconds
78.221: [GC (Allocation Failure)  539631K->220039K(1034752K), 0.0043529 secs]
78.226: Total time for which application threads were stopped: 0.0045235 seconds, Stopping threads took: 0.0000201 seconds
78.293: [GC (Allocation Failure)  541575K->226186K(1034752K), 0.0039721 secs]
78.297: Total time for which application threads were stopped: 0.0041429 seconds, Stopping threads took: 0.0000201 seconds
78.365: [GC (Allocation Failure)  547722K->226154K(1034752K), 0.0037962 secs]
78.369: Total time for which application threads were stopped: 0.0039655 seconds, Stopping threads took: 0.0000264 seconds
78.436: [GC (Allocation Failure)  547690K->229322K(1034752K), 0.0047779 secs]
78.441: Total time for which application threads were stopped: 0.0049535 seconds, Stopping threads took: 0.0000206 seconds
78.510: [GC (Allocation Failure)  550858K->234284K(1034752K), 0.0043134 secs]
78.514: Total time for which application threads were stopped: 0.0044921 seconds, Stopping threads took: 0.0000224 seconds
78.584: [GC (Allocation Failure)  555820K->234220K(1034752K), 0.0039457 secs]
78.588: Total time for which application threads were stopped: 0.0041127 seconds, Stopping threads took: 0.0000203 seconds
78.653: [GC (Allocation Failure)  555756K->234436K(1034752K), 0.0041116 secs]
78.657: Total time for which application threads were stopped: 0.0042621 seconds, Stopping threads took: 0.0000175 seconds
78.723: [GC (Allocation Failure)  555972K->242278K(1033728K), 0.0041515 secs]
78.727: Total time for which application threads were stopped: 0.0043126 seconds, Stopping threads took: 0.0000201 seconds
78.796: [GC (Allocation Failure)  562790K->242214K(1034240K), 0.0040337 secs]
78.800: Total time for which application threads were stopped: 0.0042090 seconds, Stopping threads took: 0.0000210 seconds
78.869: [GC (Allocation Failure)  562726K->245766K(1034752K), 0.0047621 secs]
78.874: Total time for which application threads were stopped: 0.0049294 seconds, Stopping threads took: 0.0000262 seconds
78.943: [GC (Allocation Failure)  566790K->250312K(1034240K), 0.0041034 secs]
78.947: Total time for which application threads were stopped: 0.0042628 seconds, Stopping threads took: 0.0000205 seconds
79.015: [GC (Allocation Failure)  571336K->250248K(1034752K), 0.0043049 secs]
79.019: Total time for which application threads were stopped: 0.0044718 seconds, Stopping threads took: 0.0000196 seconds
79.087: [GC (Allocation Failure)  571784K->253992K(1034752K), 0.0049347 secs]
79.092: Total time for which application threads were stopped: 0.0051138 seconds, Stopping threads took: 0.0000255 seconds
79.161: [GC (Allocation Failure)  575528K->258283K(1035264K), 0.0042224 secs]
79.165: Total time for which application threads were stopped: 0.0043912 seconds, Stopping threads took: 0.0000202 seconds
79.233: [GC (Allocation Failure)  580843K->258315K(1035264K), 0.0041205 secs]
79.237: Total time for which application threads were stopped: 0.0042801 seconds, Stopping threads took: 0.0000196 seconds
79.303: [GC (Allocation Failure)  580875K->261227K(1035264K), 0.0046480 secs]
79.308: Total time for which application threads were stopped: 0.0048308 seconds, Stopping threads took: 0.0000194 seconds
79.376: [GC (Allocation Failure)  583787K->266317K(1035264K), 0.0041126 secs]
79.380: Total time for which application threads were stopped: 0.0042884 seconds, Stopping threads took: 0.0000284 seconds
79.448: [GC (Allocation Failure)  588877K->266317K(1035264K), 0.0040732 secs]
79.452: Total time for which application threads were stopped: 0.0042272 seconds, Stopping threads took: 0.0000190 seconds
79.521: [GC (Allocation Failure)  588877K->269445K(1035264K), 0.0048361 secs]
79.525: Total time for which application threads were stopped: 0.0050329 seconds, Stopping threads took: 0.0000205 seconds
79.596: [GC (Allocation Failure)  592005K->274439K(1035264K), 0.0042492 secs]
79.600: Total time for which application threads were stopped: 0.0044076 seconds, Stopping threads took: 0.0000176 seconds
79.669: [GC (Allocation Failure)  596999K->274343K(1035264K), 0.0042451 secs]
79.673: Total time for which application threads were stopped: 0.0044142 seconds, Stopping threads took: 0.0000195 seconds
79.741: [GC (Allocation Failure)  596903K->277679K(1035264K), 0.0047818 secs]
79.746: Total time for which application threads were stopped: 0.0049620 seconds, Stopping threads took: 0.0000287 seconds
79.814: [GC (Allocation Failure)  600239K->282449K(1035264K), 0.0040263 secs]
79.818: Total time for which application threads were stopped: 0.0041947 seconds, Stopping threads took: 0.0000204 seconds
79.886: [GC (Allocation Failure)  605009K->282385K(1035264K), 0.0041558 secs]
79.890: Total time for which application threads were stopped: 0.0043297 seconds, Stopping threads took: 0.0000206 seconds
79.958: [GC (Allocation Failure)  604945K->285929K(1035264K), 0.0049434 secs]
79.963: Total time for which application threads were stopped: 0.0051042 seconds, Stopping threads took: 0.0000198 seconds
80.033: [GC (Allocation Failure)  608489K->290412K(1035264K), 0.0041375 secs]
80.037: Total time for which application threads were stopped: 0.0043002 seconds, Stopping threads took: 0.0000205 seconds
80.106: [GC (Allocation Failure)  612972K->290412K(1035264K), 0.0042599 secs]
80.110: Total time for which application threads were stopped: 0.0044225 seconds, Stopping threads took: 0.0000203 seconds
80.177: [GC (Allocation Failure)  612972K->294156K(1035776K), 0.0049754 secs]
80.182: Total time for which application threads were stopped: 0.0051678 seconds, Stopping threads took: 0.0000289 seconds
80.249: [GC (Allocation Failure)  617740K->298638K(1035776K), 0.0049758 secs]
80.254: Total time for which application threads were stopped: 0.0051486 seconds, Stopping threads took: 0.0000204 seconds
80.322: [GC (Allocation Failure)  622222K->298446K(1035776K), 0.0043519 secs]
80.326: Total time for which application threads were stopped: 0.0045163 seconds, Stopping threads took: 0.0000229 seconds
80.396: [GC (Allocation Failure)  622030K->297452K(1035776K), 0.0036668 secs]
80.399: Total time for which application threads were stopped: 0.0038267 seconds, Stopping threads took: 0.0000190 seconds
80.467: [GC (Allocation Failure)  621036K->298606K(1036288K), 0.0039430 secs]
80.472: Total time for which application threads were stopped: 0.0041030 seconds, Stopping threads took: 0.0000199 seconds
80.540: [GC (Allocation Failure)  623214K->298478K(1036288K), 0.0041583 secs]
80.544: Total time for which application threads were stopped: 0.0043333 seconds, Stopping threads took: 0.0000194 seconds
80.610: [GC (Allocation Failure)  623086K->290476K(1034240K), 0.0010992 secs]
80.611: Total time for which application threads were stopped: 0.0012175 seconds, Stopping threads took: 0.0000190 seconds
80.681: [GC (Allocation Failure)  613036K->298606K(1035264K), 0.0043251 secs]
80.685: Total time for which application threads were stopped: 0.0045058 seconds, Stopping threads took: 0.0000200 seconds
80.755: [GC (Allocation Failure)  621166K->302630K(1035264K), 0.0056320 secs]
80.761: Total time for which application threads were stopped: 0.0057980 seconds, Stopping threads took: 0.0000211 seconds
80.829: [GC (Allocation Failure)  625190K->298724K(1035264K), 0.0029183 secs]
80.832: Total time for which application threads were stopped: 0.0030858 seconds, Stopping threads took: 0.0000204 seconds
80.901: [GC (Allocation Failure)  621284K->302694K(1035776K), 0.0049970 secs]
80.907: Total time for which application threads were stopped: 0.0051983 seconds, Stopping threads took: 0.0000231 seconds
80.975: [GC (Allocation Failure)  626278K->306758K(1035776K), 0.0042144 secs]
80.979: Total time for which application threads were stopped: 0.0044071 seconds, Stopping threads took: 0.0000200 seconds
81.048: [GC (Allocation Failure)  630342K->306726K(1035776K), 0.0039051 secs]
81.052: Total time for which application threads were stopped: 0.0041048 seconds, Stopping threads took: 0.0000169 seconds
81.120: [GC (Allocation Failure)  630310K->306790K(1023488K), 0.0043929 secs]
81.124: Total time for which application threads were stopped: 0.0045562 seconds, Stopping threads took: 0.0000191 seconds
81.192: [GC (Allocation Failure)  630374K->314760K(1035264K), 0.0044407 secs]
81.197: Total time for which application threads were stopped: 0.0046103 seconds, Stopping threads took: 0.0000214 seconds
81.265: [GC (Allocation Failure)  637320K->314792K(1035264K), 0.0040490 secs]
81.270: Total time for which application threads were stopped: 0.0042277 seconds, Stopping threads took: 0.0000201 seconds
81.337: [GC (Allocation Failure)  637352K->314824K(1034240K), 0.0042992 secs]
81.341: Total time for which application threads were stopped: 0.0044752 seconds, Stopping threads took: 0.0000208 seconds
81.409: [GC (Allocation Failure)  636360K->322794K(1034752K), 0.0042930 secs]
81.414: Total time for which application threads were stopped: 0.0044538 seconds, Stopping threads took: 0.0000262 seconds
81.481: [GC (Allocation Failure)  644330K->322762K(1034752K), 0.0043114 secs]
81.486: Total time for which application threads were stopped: 0.0044746 seconds, Stopping threads took: 0.0000203 seconds
81.552: [GC (Allocation Failure)  644298K->323042K(1021440K), 0.0065385 secs]
81.559: Total time for which application threads were stopped: 0.0067131 seconds, Stopping threads took: 0.0000210 seconds
81.627: [GC (Allocation Failure)  644578K->330821K(1034240K), 0.0105966 secs]
81.637: Total time for which application threads were stopped: 0.0107482 seconds, Stopping threads took: 0.0000202 seconds
81.706: [GC (Allocation Failure)  651333K->330821K(1034240K), 0.0040702 secs]
81.710: Total time for which application threads were stopped: 0.0042310 seconds, Stopping threads took: 0.0000197 seconds
81.776: [GC (Allocation Failure)  651333K->331277K(1034240K), 0.0045087 secs]
81.780: Total time for which application threads were stopped: 0.0046811 seconds, Stopping threads took: 0.0000203 seconds
81.850: [GC (Allocation Failure)  651789K->338895K(1034240K), 0.0064978 secs]
81.856: Total time for which application threads were stopped: 0.0066969 seconds, Stopping threads took: 0.0000200 seconds
81.925: [GC (Allocation Failure)  659407K->338863K(1034240K), 0.0041366 secs]
81.929: Total time for which application threads were stopped: 0.0043020 seconds, Stopping threads took: 0.0000196 seconds
81.996: [GC (Allocation Failure)  659375K->338983K(1020416K), 0.0041246 secs]
82.000: Total time for which application threads were stopped: 0.0043333 seconds, Stopping threads took: 0.0000339 seconds
82.069: [GC (Allocation Failure)  659495K->346889K(1033728K), 0.0043213 secs]
82.073: Total time for which application threads were stopped: 0.0045054 seconds, Stopping threads took: 0.0000171 seconds
82.142: [GC (Allocation Failure)  666377K->346921K(1033728K), 0.0043555 secs]
82.147: Total time for which application threads were stopped: 0.0045038 seconds, Stopping threads took: 0.0000171 seconds
82.212: [GC (Allocation Failure)  666409K->346953K(1033728K), 0.0044349 secs]
82.217: Total time for which application threads were stopped: 0.0046156 seconds, Stopping threads took: 0.0000206 seconds
82.284: [GC (Allocation Failure)  666441K->354956K(1033728K), 0.0043167 secs]
82.288: Total time for which application threads were stopped: 0.0045036 seconds, Stopping threads took: 0.0000279 seconds
82.355: [GC (Allocation Failure)  674444K->354956K(1033728K), 0.0042049 secs]
82.359: Total time for which application threads were stopped: 0.0043750 seconds, Stopping threads took: 0.0000198 seconds
82.426: [GC (Allocation Failure)  674444K->355180K(1033728K), 0.0042635 secs]
82.430: Total time for which application threads were stopped: 0.0044376 seconds, Stopping threads took: 0.0000201 seconds
82.497: [GC (Allocation Failure)  674668K->362990K(1032704K), 0.0044482 secs]
82.502: Total time for which application threads were stopped: 0.0046138 seconds, Stopping threads took: 0.0000196 seconds
82.569: [GC (Allocation Failure)  681454K->358636K(1033216K), 0.0029762 secs]
82.572: Total time for which application threads were stopped: 0.0031290 seconds, Stopping threads took: 0.0000191 seconds
82.637: [GC (Allocation Failure)  677100K->363198K(1034752K), 0.0044230 secs]
82.642: Total time for which application threads were stopped: 0.0046103 seconds, Stopping threads took: 0.0000199 seconds
82.710: [GC (Allocation Failure)  684222K->367102K(1034240K), 0.0042409 secs]
82.714: Total time for which application threads were stopped: 0.0044339 seconds, Stopping threads took: 0.0000200 seconds
82.783: [GC (Allocation Failure)  688126K->359900K(1034752K), 0.0014411 secs]
82.785: Total time for which application threads were stopped: 0.0015594 seconds, Stopping threads took: 0.0000172 seconds
82.853: [GC (Allocation Failure)  681436K->367246K(1034752K), 0.0041948 secs]
82.857: Total time for which application threads were stopped: 0.0043740 seconds, Stopping threads took: 0.0000277 seconds
82.926: [GC (Allocation Failure)  688782K->371278K(1033728K), 0.0056309 secs]
82.932: Total time for which application threads were stopped: 0.0058080 seconds, Stopping threads took: 0.0000199 seconds
83.000: [GC (Allocation Failure)  691790K->364268K(1034240K), 0.0016435 secs]
83.002: Total time for which application threads were stopped: 0.0018045 seconds, Stopping threads took: 0.0000194 seconds
83.072: [GC (Allocation Failure)  684780K->371334K(1034752K), 0.0042599 secs]
83.077: Total time for which application threads were stopped: 0.0044322 seconds, Stopping threads took: 0.0000201 seconds
83.144: [GC (Allocation Failure)  692870K->375390K(1029120K), 0.0053561 secs]
83.150: Total time for which application threads were stopped: 0.0055707 seconds, Stopping threads took: 0.0000202 seconds
83.216: [GC (Allocation Failure)  696926K->368572K(1034752K), 0.0016813 secs]
83.217: Total time for which application threads were stopped: 0.0018283 seconds, Stopping threads took: 0.0000202 seconds
83.285: [GC (Allocation Failure)  689596K->375454K(1034240K), 0.0043046 secs]
83.290: Total time for which application threads were stopped: 0.0044752 seconds, Stopping threads took: 0.0000219 seconds
83.358: [GC (Allocation Failure)  696478K->379558K(1034752K), 0.0052755 secs]
83.363: Total time for which application threads were stopped: 0.0054630 seconds, Stopping threads took: 0.0000262 seconds
83.431: [GC (Allocation Failure)  701094K->372932K(1034752K), 0.0017396 secs]
83.433: Total time for which application threads were stopped: 0.0018861 seconds, Stopping threads took: 0.0000201 seconds
83.503: [GC (Allocation Failure)  694468K->379758K(1034752K), 0.0045334 secs]
83.507: Total time for which application threads were stopped: 0.0047054 seconds, Stopping threads took: 0.0000202 seconds
83.573: [GC (Allocation Failure)  701294K->383662K(1034752K), 0.0050318 secs]
83.578: Total time for which application threads were stopped: 0.0052042 seconds, Stopping threads took: 0.0000205 seconds
83.644: [GC (Allocation Failure)  705198K->378284K(1034752K), 0.0052812 secs]
83.649: Total time for which application threads were stopped: 0.0054450 seconds, Stopping threads took: 0.0000201 seconds
83.715: [GC (Allocation Failure)  699820K->383886K(1034752K), 0.0043323 secs]
83.719: Total time for which application threads were stopped: 0.0044929 seconds, Stopping threads took: 0.0000200 seconds
83.785: [GC (Allocation Failure)  705422K->387846K(1034752K), 0.0045161 secs]
83.790: Total time for which application threads were stopped: 0.0046768 seconds, Stopping threads took: 0.0000199 seconds
83.857: [GC (Allocation Failure)  710406K->383908K(1035264K), 0.0040179 secs]
83.861: Total time for which application threads were stopped: 0.0041731 seconds, Stopping threads took: 0.0000264 seconds
83.931: [GC (Allocation Failure)  706468K->387982K(1036288K), 0.0044856 secs]
83.935: Total time for which application threads were stopped: 0.0046463 seconds, Stopping threads took: 0.0000194 seconds
84.003: [GC (Allocation Failure)  712078K->391982K(1035776K), 0.0045529 secs]
84.008: Total time for which application threads were stopped: 0.0047117 seconds, Stopping threads took: 0.0000198 seconds
84.077: [GC (Allocation Failure)  716078K->391950K(1035776K), 0.0044609 secs]
84.081: Total time for which application threads were stopped: 0.0046374 seconds, Stopping threads took: 0.0000195 seconds
84.148: [GC (Allocation Failure)  715534K->392006K(1023488K), 0.0045556 secs]
84.153: Total time for which application threads were stopped: 0.0047225 seconds, Stopping threads took: 0.0000196 seconds
84.219: [GC (Allocation Failure)  715590K->400008K(1035264K), 0.0044709 secs]
84.223: Total time for which application threads were stopped: 0.0046630 seconds, Stopping threads took: 0.0000203 seconds
84.293: [GC (Allocation Failure)  722568K->399976K(1035264K), 0.0041584 secs]
84.297: Total time for which application threads were stopped: 0.0043247 seconds, Stopping threads took: 0.0000198 seconds
84.365: [GC (Allocation Failure)  722536K->400040K(1034240K), 0.0043093 secs]
84.369: Total time for which application threads were stopped: 0.0044803 seconds, Stopping threads took: 0.0000262 seconds
84.436: [GC (Allocation Failure)  721576K->408010K(1034752K), 0.0043853 secs]
84.441: Total time for which application threads were stopped: 0.0045712 seconds, Stopping threads took: 0.0000196 seconds
84.508: [GC (Allocation Failure)  729546K->408010K(1033728K), 0.0057322 secs]
84.514: Total time for which application threads were stopped: 0.0059085 seconds, Stopping threads took: 0.0000205 seconds
84.581: [GC (Allocation Failure)  728522K->408266K(1034240K), 0.0046252 secs]
84.585: Total time for which application threads were stopped: 0.0047822 seconds, Stopping threads took: 0.0000195 seconds
84.654: [GC (Allocation Failure)  728778K->416045K(1034240K), 0.0045594 secs]
84.659: Total time for which application threads were stopped: 0.0047285 seconds, Stopping threads took: 0.0000195 seconds
84.727: [GC (Allocation Failure)  736557K->416045K(1034240K), 0.0045571 secs]
84.732: Total time for which application threads were stopped: 0.0047273 seconds, Stopping threads took: 0.0000202 seconds
84.798: [GC (Allocation Failure)  736557K->416493K(1034240K), 0.0044265 secs]
84.803: Total time for which application threads were stopped: 0.0045833 seconds, Stopping threads took: 0.0000190 seconds
84.870: [GC (Allocation Failure)  737005K->424079K(1028096K), 0.0051627 secs]
84.876: Total time for which application threads were stopped: 0.0053316 seconds, Stopping threads took: 0.0000279 seconds
84.944: [GC (Allocation Failure)  744591K->424079K(1033728K), 0.0050641 secs]
84.949: Total time for which application threads were stopped: 0.0052348 seconds, Stopping threads took: 0.0000198 seconds
85.017: [GC (Allocation Failure)  743567K->424199K(1033728K), 0.0043438 secs]
85.021: Total time for which application threads were stopped: 0.0045154 seconds, Stopping threads took: 0.0000201 seconds
85.088: [GC (Allocation Failure)  743687K->432105K(1033728K), 0.0044463 secs]
85.093: Total time for which application threads were stopped: 0.0046267 seconds, Stopping threads took: 0.0000213 seconds
85.162: [GC (Allocation Failure)  751593K->432105K(1033728K), 0.0045639 secs]
85.167: Total time for which application threads were stopped: 0.0047132 seconds, Stopping threads took: 0.0000171 seconds
85.234: [GC (Allocation Failure)  751593K->432169K(1033728K), 0.0045917 secs]
85.239: Total time for which application threads were stopped: 0.0047613 seconds, Stopping threads took: 0.0000198 seconds
85.305: [GC (Allocation Failure)  751657K->440139K(1027072K), 0.0045755 secs]
85.309: Total time for which application threads were stopped: 0.0047368 seconds, Stopping threads took: 0.0000206 seconds
85.375: [GC (Allocation Failure)  759627K->436233K(1034240K), 0.0033104 secs]
85.378: Total time for which application threads were stopped: 0.0034730 seconds, Stopping threads took: 0.0000267 seconds
85.446: [GC (Allocation Failure)  755721K->440299K(1033216K), 0.0043733 secs]
85.451: Total time for which application threads were stopped: 0.0045541 seconds, Stopping threads took: 0.0000284 seconds
85.519: [GC (Allocation Failure)  759787K->444299K(1034752K), 0.0046180 secs]
85.524: Total time for which application threads were stopped: 0.0047817 seconds, Stopping threads took: 0.0000206 seconds
85.591: [GC (Allocation Failure)  765835K->437481K(1034752K), 0.0046865 secs]
85.596: Total time for which application threads were stopped: 0.0048274 seconds, Stopping threads took: 0.0000205 seconds
85.663: [GC (Allocation Failure)  759017K->444363K(1034752K), 0.0042415 secs]
85.668: Total time for which application threads were stopped: 0.0044384 seconds, Stopping threads took: 0.0000304 seconds
85.735: [GC (Allocation Failure)  765899K->448411K(1034752K), 0.0054091 secs]
85.740: Total time for which application threads were stopped: 0.0055697 seconds, Stopping threads took: 0.0000211 seconds
85.806: [GC (Allocation Failure)  769947K->442841K(1034752K), 0.0023343 secs]
85.808: Total time for which application threads were stopped: 0.0025169 seconds, Stopping threads took: 0.0000279 seconds
85.875: [GC (Allocation Failure)  764377K->448683K(1034752K), 0.0043170 secs]
85.880: Total time for which application threads were stopped: 0.0044750 seconds, Stopping threads took: 0.0000257 seconds
85.948: [GC (Allocation Failure)  770219K->452555K(1034752K), 0.0048277 secs]
85.953: Total time for which application threads were stopped: 0.0049878 seconds, Stopping threads took: 0.0000205 seconds
86.019: [GC (Allocation Failure)  775044K->448649K(1035264K), 0.0032127 secs]
86.023: Total time for which application threads were stopped: 0.0033801 seconds, Stopping threads took: 0.0000197 seconds
86.092: [GC (Allocation Failure)  771209K->452683K(1036288K), 0.0046634 secs]
86.097: Total time for which application threads were stopped: 0.0048348 seconds, Stopping threads took: 0.0000197 seconds
86.165: [GC (Allocation Failure)  776779K->456683K(1035776K), 0.0044726 secs]
86.169: Total time for which application threads were stopped: 0.0046530 seconds, Stopping threads took: 0.0000211 seconds
86.240: [GC (Allocation Failure)  780779K->456715K(1035776K), 0.0044667 secs]
86.244: Total time for which application threads were stopped: 0.0046295 seconds, Stopping threads took: 0.0000199 seconds
86.312: [GC (Allocation Failure)  780299K->456747K(1023488K), 0.0047059 secs]
86.317: Total time for which application threads were stopped: 0.0048740 seconds, Stopping threads took: 0.0000192 seconds
86.384: [GC (Allocation Failure)  780331K->464718K(1035264K), 0.0044420 secs]
86.389: Total time for which application threads were stopped: 0.0046332 seconds, Stopping threads took: 0.0000271 seconds
86.457: [GC (Allocation Failure)  787278K->464686K(1030144K), 0.0043447 secs]
86.461: Total time for which application threads were stopped: 0.0045214 seconds, Stopping threads took: 0.0000261 seconds
86.531: [GC (Allocation Failure)  787246K->464774K(1034752K), 0.0044440 secs]
86.536: Total time for which application threads were stopped: 0.0046078 seconds, Stopping threads took: 0.0000195 seconds
86.604: [GC (Allocation Failure)  786310K->472744K(1034752K), 0.0045221 secs]
86.608: Total time for which application threads were stopped: 0.0046908 seconds, Stopping threads took: 0.0000196 seconds
86.677: [GC (Allocation Failure)  794280K->472744K(1033728K), 0.0043942 secs]
86.681: Total time for which application threads were stopped: 0.0045638 seconds, Stopping threads took: 0.0000218 seconds
86.748: [GC (Allocation Failure)  793256K->473000K(1034240K), 0.0045026 secs]
86.753: Total time for which application threads were stopped: 0.0046753 seconds, Stopping threads took: 0.0000199 seconds
86.822: [GC (Allocation Failure)  793512K->480778K(1034240K), 0.0044856 secs]
86.827: Total time for which application threads were stopped: 0.0046480 seconds, Stopping threads took: 0.0000195 seconds
86.895: [GC (Allocation Failure)  801290K->480778K(1034240K), 0.0071681 secs]
86.902: Total time for which application threads were stopped: 0.0073398 seconds, Stopping threads took: 0.0000282 seconds
86.970: [GC (Allocation Failure)  801290K->481226K(1034240K), 0.0044332 secs]
86.974: Total time for which application threads were stopped: 0.0046015 seconds, Stopping threads took: 0.0000203 seconds
87.041: [GC (Allocation Failure)  801738K->488812K(1028096K), 0.0045331 secs]
87.046: Total time for which application threads were stopped: 0.0047162 seconds, Stopping threads took: 0.0000245 seconds
87.114: [GC (Allocation Failure)  809324K->488780K(1033728K), 0.0044788 secs]
87.118: Total time for which application threads were stopped: 0.0046472 seconds, Stopping threads took: 0.0000178 seconds
87.184: [GC (Allocation Failure)  808268K->488964K(1033728K), 0.0047509 secs]
87.188: Total time for which application threads were stopped: 0.0049125 seconds, Stopping threads took: 0.0000201 seconds
87.256: [GC (Allocation Failure)  808452K->496839K(1033728K), 0.0043408 secs]
87.261: Total time for which application threads were stopped: 0.0045046 seconds, Stopping threads took: 0.0000196 seconds
87.329: [GC (Allocation Failure)  816327K->496871K(1033728K), 0.0044957 secs]
87.333: Total time for which application threads were stopped: 0.0046562 seconds, Stopping threads took: 0.0000211 seconds
87.402: [GC (Allocation Failure)  816359K->496903K(1033728K), 0.0045015 secs]
87.406: Total time for which application threads were stopped: 0.0046692 seconds, Stopping threads took: 0.0000286 seconds
87.472: [GC (Allocation Failure)  816391K->504873K(1027072K), 0.0046762 secs]
87.476: Total time for which application threads were stopped: 0.0048372 seconds, Stopping threads took: 0.0000199 seconds
87.541: [GC (Allocation Failure)  824361K->500967K(1034240K), 0.0035402 secs]
87.545: Total time for which application threads were stopped: 0.0037126 seconds, Stopping threads took: 0.0000287 seconds
87.614: [GC (Allocation Failure)  820455K->505033K(1033216K), 0.0046568 secs]
87.618: Total time for which application threads were stopped: 0.0048126 seconds, Stopping threads took: 0.0000174 seconds
87.686: [GC (Allocation Failure)  824521K->509001K(1034752K), 0.0045570 secs]
87.690: Total time for which application threads were stopped: 0.0047270 seconds, Stopping threads took: 0.0000201 seconds
87.757: [GC (Allocation Failure)  830537K->502183K(1034752K), 0.0019177 secs]
87.759: Total time for which application threads were stopped: 0.0020697 seconds, Stopping threads took: 0.0000243 seconds
87.826: [GC (Allocation Failure)  823719K->509065K(1034752K), 0.0044849 secs]
87.831: Total time for which application threads were stopped: 0.0046632 seconds, Stopping threads took: 0.0000289 seconds
87.899: [GC (Allocation Failure)  830601K->513169K(1034752K), 0.0059102 secs]
87.905: Total time for which application threads were stopped: 0.0060796 seconds, Stopping threads took: 0.0000250 seconds
87.972: [GC (Allocation Failure)  834705K->507567K(1034752K), 0.0026460 secs]
87.975: Total time for which application threads were stopped: 0.0028196 seconds, Stopping threads took: 0.0000200 seconds
88.044: [GC (Allocation Failure)  829103K->513433K(1034752K), 0.0045989 secs]
88.048: Total time for which application threads were stopped: 0.0047676 seconds, Stopping threads took: 0.0000192 seconds
88.117: [GC (Allocation Failure)  834969K->517273K(1035264K), 0.0049873 secs]
88.122: Total time for which application threads were stopped: 0.0051516 seconds, Stopping threads took: 0.0000209 seconds
88.189: [GC (Allocation Failure)  839761K->513335K(1035264K), 0.0032907 secs]
88.193: Total time for which application threads were stopped: 0.0034485 seconds, Stopping threads took: 0.0000203 seconds
88.262: [GC (Allocation Failure)  835895K->517433K(1036288K), 0.0047196 secs]
88.267: Total time for which application threads were stopped: 0.0048779 seconds, Stopping threads took: 0.0000195 seconds
88.335: [GC (Allocation Failure)  841529K->521433K(1035776K), 0.0047069 secs]
88.340: Total time for which application threads were stopped: 0.0048733 seconds, Stopping threads took: 0.0000196 seconds
88.409: [GC (Allocation Failure)  845529K->521401K(1035776K), 0.0045068 secs]
88.414: Total time for which application threads were stopped: 0.0046657 seconds, Stopping threads took: 0.0000199 seconds
88.481: [GC (Allocation Failure)  844985K->521465K(1023488K), 0.0046212 secs]
88.486: Total time for which application threads were stopped: 0.0047784 seconds, Stopping threads took: 0.0000207 seconds
88.554: [GC (Allocation Failure)  845049K->529435K(1035264K), 0.0046072 secs]
88.559: Total time for which application threads were stopped: 0.0047566 seconds, Stopping threads took: 0.0000170 seconds
88.626: [GC (Allocation Failure)  851995K->529435K(1030144K), 0.0057923 secs]
88.632: Total time for which application threads were stopped: 0.0059672 seconds, Stopping threads took: 0.0000203 seconds
88.701: [GC (Allocation Failure)  851995K->529499K(1034752K), 0.0045750 secs]
88.706: Total time for which application threads were stopped: 0.0047381 seconds, Stopping threads took: 0.0000179 seconds
88.775: [GC (Allocation Failure)  851035K->537470K(1029120K), 0.0048098 secs]
88.780: Total time for which application threads were stopped: 0.0049719 seconds, Stopping threads took: 0.0000169 seconds
88.849: [GC (Allocation Failure)  859006K->537470K(1034240K), 0.0044910 secs]
88.854: Total time for which application threads were stopped: 0.0046588 seconds, Stopping threads took: 0.0000198 seconds
88.922: [GC (Allocation Failure)  857982K->537734K(1034240K), 0.0047329 secs]
88.927: Total time for which application threads were stopped: 0.0049209 seconds, Stopping threads took: 0.0000161 seconds
88.994: [GC (Allocation Failure)  858246K->545544K(1034240K), 0.0045122 secs]
88.999: Total time for which application threads were stopped: 0.0046837 seconds, Stopping threads took: 0.0000202 seconds
89.069: [GC (Allocation Failure)  866056K->545512K(1034240K), 0.0047456 secs]
89.074: Total time for which application threads were stopped: 0.0049122 seconds, Stopping threads took: 0.0000195 seconds
89.141: [GC (Allocation Failure)  866024K->545960K(1033216K), 0.0048383 secs]
89.145: Total time for which application threads were stopped: 0.0049982 seconds, Stopping threads took: 0.0000197 seconds
89.213: [GC (Allocation Failure)  865448K->553578K(1033728K), 0.0046818 secs]
89.218: Total time for which application threads were stopped: 0.0048606 seconds, Stopping threads took: 0.0000196 seconds
89.286: [GC (Allocation Failure)  873066K->553514K(1033728K), 0.0044960 secs]
89.291: Total time for which application threads were stopped: 0.0046592 seconds, Stopping threads took: 0.0000212 seconds
89.356: [GC (Allocation Failure)  873002K->553674K(1033728K), 0.0049452 secs]
89.361: Total time for which application threads were stopped: 0.0051109 seconds, Stopping threads took: 0.0000198 seconds
89.429: [GC (Allocation Failure)  873162K->561612K(1033728K), 0.0045998 secs]
89.434: Total time for which application threads were stopped: 0.0047611 seconds, Stopping threads took: 0.0000201 seconds
89.501: [GC (Allocation Failure)  881100K->561548K(1033728K), 0.0045737 secs]
89.506: Total time for which application threads were stopped: 0.0047677 seconds, Stopping threads took: 0.0000203 seconds
89.574: [GC (Allocation Failure)  881036K->561644K(1033728K), 0.0046850 secs]
89.579: Total time for which application threads were stopped: 0.0048793 seconds, Stopping threads took: 0.0000196 seconds
89.647: [GC (Allocation Failure)  881132K->569583K(1027072K), 0.0046066 secs]
89.652: Total time for which application threads were stopped: 0.0047641 seconds, Stopping threads took: 0.0000170 seconds
89.717: [GC (Allocation Failure)  889070K->565708K(1034240K), 0.0037107 secs]
89.721: Total time for which application threads were stopped: 0.0038680 seconds, Stopping threads took: 0.0000200 seconds
89.788: [GC (Allocation Failure)  885196K->569735K(1033216K), 0.0048005 secs]
89.793: Total time for which application threads were stopped: 0.0049768 seconds, Stopping threads took: 0.0000211 seconds
89.860: [GC (Allocation Failure)  889223K->573735K(1034752K), 0.0047097 secs]
89.865: Total time for which application threads were stopped: 0.0049024 seconds, Stopping threads took: 0.0000199 seconds
89.934: [GC (Allocation Failure)  895271K->566948K(1034752K), 0.0021929 secs]
89.936: Total time for which application threads were stopped: 0.0023420 seconds, Stopping threads took: 0.0000172 seconds
90.006: [GC (Allocation Failure)  888484K->573799K(1034752K), 0.0044905 secs]
90.011: Total time for which application threads were stopped: 0.0046792 seconds, Stopping threads took: 0.0000225 seconds
90.078: [GC (Allocation Failure)  895335K->577911K(1034752K), 0.0056925 secs]
90.084: Total time for which application threads were stopped: 0.0058645 seconds, Stopping threads took: 0.0000207 seconds
90.151: [GC (Allocation Failure)  899447K->572340K(1034752K), 0.0027093 secs]
90.154: Total time for which application threads were stopped: 0.0028770 seconds, Stopping threads took: 0.0000201 seconds
90.223: [GC (Allocation Failure)  893876K->578183K(1034752K), 0.0047033 secs]
90.228: Total time for which application threads were stopped: 0.0048670 seconds, Stopping threads took: 0.0000199 seconds
90.297: [GC (Allocation Failure)  899719K->582023K(1035264K), 0.0050162 secs]
90.302: Total time for which application threads were stopped: 0.0051863 seconds, Stopping threads took: 0.0000207 seconds
90.369: [GC (Allocation Failure)  904511K->578084K(1035264K), 0.0034793 secs]
90.373: Total time for which application threads were stopped: 0.0036547 seconds, Stopping threads took: 0.0000258 seconds
90.441: [GC (Allocation Failure)  900644K->582191K(1036288K), 0.0048661 secs]
90.446: Total time for which application threads were stopped: 0.0050344 seconds, Stopping threads took: 0.0000266 seconds
90.514: [GC (Allocation Failure)  906287K->586159K(1035776K), 0.0056503 secs]
90.520: Total time for which application threads were stopped: 0.0058087 seconds, Stopping threads took: 0.0000196 seconds
90.589: [GC (Allocation Failure)  910255K->586191K(1035776K), 0.0046714 secs]
90.594: Total time for which application threads were stopped: 0.0048533 seconds, Stopping threads took: 0.0000193 seconds
90.662: [GC (Allocation Failure)  909775K->586215K(1023488K), 0.0049318 secs]
90.667: Total time for which application threads were stopped: 0.0050877 seconds, Stopping threads took: 0.0000201 seconds
90.735: [GC (Allocation Failure)  909799K->594217K(1035264K), 0.0046474 secs]
90.740: Total time for which application threads were stopped: 0.0048078 seconds, Stopping threads took: 0.0000199 seconds
90.809: [GC (Allocation Failure)  916777K->594153K(1030144K), 0.0045572 secs]
90.814: Total time for which application threads were stopped: 0.0047304 seconds, Stopping threads took: 0.0000199 seconds
90.881: [GC (Allocation Failure)  916713K->594249K(1034752K), 0.0047545 secs]
90.886: Total time for which application threads were stopped: 0.0049171 seconds, Stopping threads took: 0.0000259 seconds
90.955: [GC (Allocation Failure)  915785K->602219K(1034752K), 0.0049085 secs]
90.960: Total time for which application threads were stopped: 0.0050927 seconds, Stopping threads took: 0.0000199 seconds
91.029: [GC (Allocation Failure)  923755K->602219K(1033728K), 0.0046258 secs]
91.033: Total time for which application threads were stopped: 0.0047979 seconds, Stopping threads took: 0.0000197 seconds
91.102: [GC (Allocation Failure)  922731K->602475K(1034240K), 0.0049335 secs]
91.107: Total time for which application threads were stopped: 0.0051047 seconds, Stopping threads took: 0.0000203 seconds
91.175: [GC (Allocation Failure)  922987K->610285K(1034240K), 0.0046738 secs]
91.180: Total time for which application threads were stopped: 0.0048455 seconds, Stopping threads took: 0.0000204 seconds
91.248: [GC (Allocation Failure)  930797K->610285K(1034240K), 0.0048327 secs]
91.253: Total time for which application threads were stopped: 0.0050145 seconds, Stopping threads took: 0.0000205 seconds
91.322: [GC (Allocation Failure)  930797K->610701K(1033216K), 0.0047440 secs]
91.326: Total time for which application threads were stopped: 0.0049151 seconds, Stopping threads took: 0.0000197 seconds
91.394: [GC (Allocation Failure)  930189K->618320K(1033728K), 0.0046640 secs]
91.399: Total time for which application threads were stopped: 0.0048311 seconds, Stopping threads took: 0.0000262 seconds
91.467: [GC (Allocation Failure)  937808K->618288K(1033728K), 0.0047598 secs]
91.471: Total time for which application threads were stopped: 0.0049233 seconds, Stopping threads took: 0.0000265 seconds
91.536: [GC (Allocation Failure)  937776K->618408K(1033728K), 0.0047743 secs]
91.541: Total time for which application threads were stopped: 0.0049426 seconds, Stopping threads took: 0.0000199 seconds
91.608: [GC (Allocation Failure)  937896K->626346K(1033728K), 0.0047090 secs]
91.613: Total time for which application threads were stopped: 0.0048691 seconds, Stopping threads took: 0.0000195 seconds
91.682: [GC (Allocation Failure)  945834K->626314K(1033728K), 0.0048837 secs]
91.687: Total time for which application threads were stopped: 0.0050462 seconds, Stopping threads took: 0.0000203 seconds
91.754: [GC (Allocation Failure)  945802K->626378K(1033728K), 0.0065601 secs]
91.761: Total time for which application threads were stopped: 0.0067329 seconds, Stopping threads took: 0.0000209 seconds
91.829: [GC (Allocation Failure)  945866K->634348K(1027072K), 0.0047881 secs]
91.834: Total time for which application threads were stopped: 0.0049624 seconds, Stopping threads took: 0.0000204 seconds
91.900: [GC (Allocation Failure)  953836K->630442K(1034240K), 0.0050469 secs]
91.905: Total time for which application threads were stopped: 0.0052100 seconds, Stopping threads took: 0.0000255 seconds
91.974: [GC (Allocation Failure)  949930K->634508K(1033216K), 0.0049124 secs]
91.979: Total time for which application threads were stopped: 0.0050810 seconds, Stopping threads took: 0.0000197 seconds
92.046: [GC (Allocation Failure)  953996K->638444K(1034752K), 0.0046183 secs]
92.051: Total time for which application threads were stopped: 0.0047811 seconds, Stopping threads took: 0.0000204 seconds
92.118: [GC (Allocation Failure)  959980K->631690K(1034752K), 0.0022084 secs]
92.120: Total time for which application threads were stopped: 0.0023534 seconds, Stopping threads took: 0.0000199 seconds
92.187: [GC (Allocation Failure)  953226K->638548K(1034752K), 0.0046438 secs]
92.192: Total time for which application threads were stopped: 0.0048199 seconds, Stopping threads took: 0.0000205 seconds
92.258: [GC (Allocation Failure)  960084K->642620K(1034752K), 0.0057355 secs]
92.264: Total time for which application threads were stopped: 0.0059160 seconds, Stopping threads took: 0.0000218 seconds
92.330: [GC (Allocation Failure)  964156K->637050K(1034752K), 0.0028001 secs]
92.333: Total time for which application threads were stopped: 0.0029629 seconds, Stopping threads took: 0.0000189 seconds
92.403: [GC (Allocation Failure)  958586K->642924K(1034752K), 0.0046398 secs]
92.408: Total time for which application threads were stopped: 0.0047973 seconds, Stopping threads took: 0.0000255 seconds
92.475: [GC (Allocation Failure)  964460K->646764K(1035264K), 0.0050055 secs]
92.480: Total time for which application threads were stopped: 0.0051757 seconds, Stopping threads took: 0.0000281 seconds
92.546: [GC (Allocation Failure)  969253K->642826K(1035264K), 0.0036431 secs]
92.550: Total time for which application threads were stopped: 0.0038116 seconds, Stopping threads took: 0.0000200 seconds
92.618: [GC (Allocation Failure)  965386K->646924K(1036288K), 0.0047441 secs]
92.623: Total time for which application threads were stopped: 0.0049164 seconds, Stopping threads took: 0.0000200 seconds
92.690: [GC (Allocation Failure)  971020K->650924K(1035776K), 0.0046414 secs]
92.695: Total time for which application threads were stopped: 0.0048048 seconds, Stopping threads took: 0.0000214 seconds
92.763: [GC (Allocation Failure)  975020K->650892K(1035776K), 0.0048747 secs]
92.768: Total time for which application threads were stopped: 0.0050581 seconds, Stopping threads took: 0.0000199 seconds
92.835: [GC (Allocation Failure)  974476K->650956K(1023488K), 0.0048335 secs]
92.840: Total time for which application threads were stopped: 0.0049965 seconds, Stopping threads took: 0.0000209 seconds
92.910: [GC (Allocation Failure)  974540K->658926K(1035264K), 0.0074137 secs]
92.918: Total time for which application threads were stopped: 0.0076222 seconds, Stopping threads took: 0.0000185 seconds
92.986: [GC (Allocation Failure)  981486K->658926K(1030144K), 0.0047207 secs]
92.991: Total time for which application threads were stopped: 0.0048944 seconds, Stopping threads took: 0.0000196 seconds
93.060: [GC (Allocation Failure)  981486K->658982K(1034752K), 0.0048135 secs]
93.065: Total time for which application threads were stopped: 0.0049739 seconds, Stopping threads took: 0.0000205 seconds
93.134: [GC (Allocation Failure)  980518K->666953K(1034752K), 0.0049451 secs]
93.139: Total time for which application threads were stopped: 0.0051253 seconds, Stopping threads took: 0.0000197 seconds
93.207: [GC (Allocation Failure)  988489K->666985K(1033728K), 0.0048069 secs]
93.212: Total time for which application threads were stopped: 0.0049787 seconds, Stopping threads took: 0.0000205 seconds
93.280: [GC (Allocation Failure)  987497K->667209K(1034240K), 0.0048252 secs]
93.284: Total time for which application threads were stopped: 0.0050135 seconds, Stopping threads took: 0.0000197 seconds
93.354: [GC (Allocation Failure)  987721K->674987K(1034240K), 0.0048139 secs]
93.358: Total time for which application threads were stopped: 0.0049827 seconds, Stopping threads took: 0.0000204 seconds
93.428: [GC (Allocation Failure)  995499K->674987K(1034240K), 0.0047922 secs]
93.433: Total time for which application threads were stopped: 0.0049719 seconds, Stopping threads took: 0.0000267 seconds
93.501: [GC (Allocation Failure)  995499K->675427K(1033216K), 0.0051121 secs]
93.507: Total time for which application threads were stopped: 0.0052785 seconds, Stopping threads took: 0.0000267 seconds
93.575: [GC (Allocation Failure)  994915K->683013K(1033728K), 0.0049741 secs]
93.580: Total time for which application threads were stopped: 0.0051475 seconds, Stopping threads took: 0.0000206 seconds
93.648: [GC (Allocation Failure)  1002501K->682981K(1033728K), 0.0049194 secs]
93.653: Total time for which application threads were stopped: 0.0050895 seconds, Stopping threads took: 0.0000203 seconds
93.718: [GC (Allocation Failure)  1002469K->683141K(1033728K), 0.0049961 secs]
93.723: Total time for which application threads were stopped: 0.0051993 seconds, Stopping threads took: 0.0000203 seconds
93.792: [GC (Allocation Failure)  1002629K->691080K(1033728K), 0.0048179 secs]
93.797: Total time for which application threads were stopped: 0.0049866 seconds, Stopping threads took: 0.0000196 seconds
93.866: [GC (Allocation Failure)  1010568K->691080K(1033728K), 0.0050151 secs]
93.871: Total time for which application threads were stopped: 0.0051760 seconds, Stopping threads took: 0.0000198 seconds
93.939: [GC (Allocation Failure)  1010568K->691112K(1033728K), 0.0052260 secs]
93.944: [Full GC (Ergonomics)  691112K->8540K(1033728K), 0.0123506 secs]
93.957: Total time for which application threads were stopped: 0.0178278 seconds, Stopping threads took: 0.0000196 seconds
94.024: [GC (Allocation Failure)  328028K->16703K(1027072K), 0.0038565 secs]
94.028: Total time for which application threads were stopped: 0.0040267 seconds, Stopping threads took: 0.0000198 seconds
94.093: [GC (Allocation Failure)  336190K->12852K(1034240K), 0.0025396 secs]
94.095: Total time for which application threads were stopped: 0.0026979 seconds, Stopping threads took: 0.0000198 seconds
94.163: [GC (Allocation Failure)  332340K->16879K(1033216K), 0.0037652 secs]
94.167: Total time for which application threads were stopped: 0.0039321 seconds, Stopping threads took: 0.0000194 seconds
94.237: [GC (Allocation Failure)  336367K->20847K(1034752K), 0.0035945 secs]
94.240: Total time for which application threads were stopped: 0.0037640 seconds, Stopping threads took: 0.0000197 seconds
94.308: [GC (Allocation Failure)  342383K->14060K(1034752K), 0.0012439 secs]
94.309: Total time for which application threads were stopped: 0.0013741 seconds, Stopping threads took: 0.0000271 seconds
94.377: [GC (Allocation Failure)  335596K->20911K(1034752K), 0.0034872 secs]
94.380: Total time for which application threads were stopped: 0.0036625 seconds, Stopping threads took: 0.0000258 seconds
94.446: [GC (Allocation Failure)  342447K->24991K(1034752K), 0.0047179 secs]
94.451: Total time for which application threads were stopped: 0.0048837 seconds, Stopping threads took: 0.0000199 seconds
94.517: [GC (Allocation Failure)  346527K->19452K(1034752K), 0.0016956 secs]
94.519: Total time for which application threads were stopped: 0.0018291 seconds, Stopping threads took: 0.0000195 seconds
94.586: [GC (Allocation Failure)  340988K->25295K(1034752K), 0.0036681 secs]
94.590: Total time for which application threads were stopped: 0.0038523 seconds, Stopping threads took: 0.0000213 seconds
94.657: [GC (Allocation Failure)  346831K->29167K(1035264K), 0.0040446 secs]
94.661: Total time for which application threads were stopped: 0.0042089 seconds, Stopping threads took: 0.0000211 seconds
94.728: [GC (Allocation Failure)  351655K->25260K(1035264K), 0.0023136 secs]
94.731: Total time for which application threads were stopped: 0.0024856 seconds, Stopping threads took: 0.0000199 seconds
94.801: [GC (Allocation Failure)  347820K->29263K(1036288K), 0.0038591 secs]
94.804: Total time for which application threads were stopped: 0.0040677 seconds, Stopping threads took: 0.0000297 seconds
94.873: [GC (Allocation Failure)  353359K->33231K(1035776K), 0.0034988 secs]
94.876: Total time for which application threads were stopped: 0.0036790 seconds, Stopping threads took: 0.0000289 seconds
94.946: [GC (Allocation Failure)  357327K->33263K(1035776K), 0.0035208 secs]
94.950: Total time for which application threads were stopped: 0.0036708 seconds, Stopping threads took: 0.0000178 seconds
95.018: [GC (Allocation Failure)  356847K->33327K(1023488K), 0.0037079 secs]
95.022: Total time for which application threads were stopped: 0.0038848 seconds, Stopping threads took: 0.0000241 seconds
95.089: [GC (Allocation Failure)  356911K->41329K(1035264K), 0.0037999 secs]
95.093: Total time for which application threads were stopped: 0.0039573 seconds, Stopping threads took: 0.0000195 seconds
95.161: [GC (Allocation Failure)  363889K->41297K(1030144K), 0.0037115 secs]
95.165: Total time for which application threads were stopped: 0.0038721 seconds, Stopping threads took: 0.0000199 seconds
95.233: [GC (Allocation Failure)  363857K->41353K(1034752K), 0.0038303 secs]
95.237: Total time for which application threads were stopped: 0.0039934 seconds, Stopping threads took: 0.0000211 seconds
95.304: [GC (Allocation Failure)  362889K->49323K(1034752K), 0.0039863 secs]
95.308: Total time for which application threads were stopped: 0.0041632 seconds, Stopping threads took: 0.0000197 seconds
95.377: [GC (Allocation Failure)  370859K->49323K(1033728K), 0.0034724 secs]
95.381: Total time for which application threads were stopped: 0.0036370 seconds, Stopping threads took: 0.0000277 seconds
95.448: [GC (Allocation Failure)  369835K->49579K(1034240K), 0.0037571 secs]
95.452: Total time for which application threads were stopped: 0.0039525 seconds, Stopping threads took: 0.0000245 seconds
95.521: [GC (Allocation Failure)  370091K->57389K(1034240K), 0.0036239 secs]
95.525: Total time for which application threads were stopped: 0.0038245 seconds, Stopping threads took: 0.0000272 seconds
95.595: [GC (Allocation Failure)  377901K->57357K(1034240K), 0.0038136 secs]
95.599: Total time for which application threads were stopped: 0.0040093 seconds, Stopping threads took: 0.0000208 seconds
95.667: [GC (Allocation Failure)  377869K->57805K(1033216K), 0.0038434 secs]
95.671: Total time for which application threads were stopped: 0.0040011 seconds, Stopping threads took: 0.0000180 seconds
95.739: [GC (Allocation Failure)  377293K->65424K(1033728K), 0.0039647 secs]
95.743: Total time for which application threads were stopped: 0.0041330 seconds, Stopping threads took: 0.0000196 seconds
95.811: [GC (Allocation Failure)  384912K->65424K(1033728K), 0.0037352 secs]
95.815: Total time for which application threads were stopped: 0.0039056 seconds, Stopping threads took: 0.0000202 seconds
95.880: [GC (Allocation Failure)  384912K->65512K(1033728K), 0.0036743 secs]
95.884: Total time for which application threads were stopped: 0.0038432 seconds, Stopping threads took: 0.0000266 seconds
95.952: [GC (Allocation Failure)  385000K->73450K(1033728K), 0.0037826 secs]
95.956: Total time for which application threads were stopped: 0.0039394 seconds, Stopping threads took: 0.0000170 seconds
96.023: [GC (Allocation Failure)  392938K->73386K(1033728K), 0.0039532 secs]
96.027: Total time for which application threads were stopped: 0.0041237 seconds, Stopping threads took: 0.0000197 seconds
96.094: [GC (Allocation Failure)  392874K->73482K(1033728K), 0.0038234 secs]
96.098: Total time for which application threads were stopped: 0.0040166 seconds, Stopping threads took: 0.0000203 seconds
96.167: [GC (Allocation Failure)  392970K->81452K(1027072K), 0.0040195 secs]
96.171: Total time for which application threads were stopped: 0.0041878 seconds, Stopping threads took: 0.0000200 seconds
96.237: [GC (Allocation Failure)  400940K->77546K(1034240K), 0.0025571 secs]
96.239: Total time for which application threads were stopped: 0.0027087 seconds, Stopping threads took: 0.0000193 seconds
96.307: [GC (Allocation Failure)  397034K->81612K(1033216K), 0.0037999 secs]
96.311: Total time for which application threads were stopped: 0.0039934 seconds, Stopping threads took: 0.0000199 seconds
96.380: [GC (Allocation Failure)  401100K->85548K(1034752K), 0.0036787 secs]
96.384: Total time for which application threads were stopped: 0.0038542 seconds, Stopping threads took: 0.0000254 seconds
96.450: [GC (Allocation Failure)  407084K->78826K(1034752K), 0.0011668 secs]
96.451: Total time for which application threads were stopped: 0.0013081 seconds, Stopping threads took: 0.0000264 seconds
96.522: [GC (Allocation Failure)  400362K->85684K(1034752K), 0.0036961 secs]
96.525: Total time for which application threads were stopped: 0.0038804 seconds, Stopping threads took: 0.0000242 seconds
96.592: [GC (Allocation Failure)  407220K->89724K(1034752K), 0.0046430 secs]
96.596: Total time for which application threads were stopped: 0.0048241 seconds, Stopping threads took: 0.0000209 seconds
96.663: [GC (Allocation Failure)  411260K->84186K(1034752K), 0.0017704 secs]
96.665: Total time for which application threads were stopped: 0.0019133 seconds, Stopping threads took: 0.0000203 seconds
96.734: [GC (Allocation Failure)  405722K->89988K(1034752K), 0.0037421 secs]
96.738: Total time for which application threads were stopped: 0.0039197 seconds, Stopping threads took: 0.0000195 seconds
96.807: [GC (Allocation Failure)  411524K->93900K(1034752K), 0.0040530 secs]
96.811: Total time for which application threads were stopped: 0.0042137 seconds, Stopping threads took: 0.0000205 seconds
96.880: [GC (Allocation Failure)  416388K->89994K(1035264K), 0.0024177 secs]
96.882: Total time for which application threads were stopped: 0.0025772 seconds, Stopping threads took: 0.0000274 seconds
96.951: [GC (Allocation Failure)  412554K->94028K(1036288K), 0.0039134 secs]
96.955: Total time for which application threads were stopped: 0.0040751 seconds, Stopping threads took: 0.0000200 seconds
97.024: [GC (Allocation Failure)  418124K->98028K(1035776K), 0.0038154 secs]
97.028: Total time for which application threads were stopped: 0.0039794 seconds, Stopping threads took: 0.0000206 seconds
97.097: [GC (Allocation Failure)  422124K->97996K(1035776K), 0.0037771 secs]
97.101: Total time for which application threads were stopped: 0.0039409 seconds, Stopping threads took: 0.0000209 seconds
97.171: [GC (Allocation Failure)  421580K->98060K(1023488K), 0.0039919 secs]
97.175: Total time for which application threads were stopped: 0.0041521 seconds, Stopping threads took: 0.0000200 seconds
97.241: [GC (Allocation Failure)  421644K->106030K(1035264K), 0.0047511 secs]
97.246: Total time for which application threads were stopped: 0.0049116 seconds, Stopping threads took: 0.0000204 seconds
97.314: [GC (Allocation Failure)  428590K->105998K(1030144K), 0.0035211 secs]
97.318: Total time for which application threads were stopped: 0.0037118 seconds, Stopping threads took: 0.0000200 seconds
97.387: [GC (Allocation Failure)  428558K->106086K(1034752K), 0.0038521 secs]
97.391: Total time for which application threads were stopped: 0.0040217 seconds, Stopping threads took: 0.0000279 seconds
97.459: [GC (Allocation Failure)  427622K->114089K(1034752K), 0.0039425 secs]
97.463: Total time for which application threads were stopped: 0.0041143 seconds, Stopping threads took: 0.0000292 seconds
97.533: [GC (Allocation Failure)  435625K->114025K(1033728K), 0.0037900 secs]
97.537: Total time for which application threads were stopped: 0.0039588 seconds, Stopping threads took: 0.0000199 seconds
97.604: [GC (Allocation Failure)  434537K->114313K(1034240K), 0.0039662 secs]
97.608: Total time for which application threads were stopped: 0.0041423 seconds, Stopping threads took: 0.0000208 seconds
97.675: [GC (Allocation Failure)  434825K->122091K(1034240K), 0.0038963 secs]
97.679: Total time for which application threads were stopped: 0.0040618 seconds, Stopping threads took: 0.0000193 seconds
97.747: [GC (Allocation Failure)  442603K->122091K(1034240K), 0.0039602 secs]
97.751: Total time for which application threads were stopped: 0.0041460 seconds, Stopping threads took: 0.0000204 seconds
97.818: [GC (Allocation Failure)  442603K->122539K(1034240K), 0.0039268 secs]
97.822: Total time for which application threads were stopped: 0.0041009 seconds, Stopping threads took: 0.0000205 seconds
97.892: [GC (Allocation Failure)  443051K->130125K(1028096K), 0.0095324 secs]
97.901: Total time for which application threads were stopped: 0.0097040 seconds, Stopping threads took: 0.0000260 seconds
97.968: [GC (Allocation Failure)  450637K->130125K(1033728K), 0.0043815 secs]
97.973: Total time for which application threads were stopped: 0.0045735 seconds, Stopping threads took: 0.0000202 seconds
98.039: [GC (Allocation Failure)  449613K->130245K(1033728K), 0.0040055 secs]
98.043: Total time for which application threads were stopped: 0.0041980 seconds, Stopping threads took: 0.0000196 seconds
98.112: [GC (Allocation Failure)  449733K->138151K(1033728K), 0.0038639 secs]
98.116: Total time for which application threads were stopped: 0.0040482 seconds, Stopping threads took: 0.0000196 seconds
98.185: [GC (Allocation Failure)  457639K->138151K(1033728K), 0.0037868 secs]
98.189: Total time for which application threads were stopped: 0.0039370 seconds, Stopping threads took: 0.0000172 seconds
98.255: [GC (Allocation Failure)  457639K->138215K(1033728K), 0.0037449 secs]
98.259: Total time for which application threads were stopped: 0.0039125 seconds, Stopping threads took: 0.0000256 seconds
98.324: [GC (Allocation Failure)  457703K->146186K(1027072K), 0.0039854 secs]
98.329: Total time for which application threads were stopped: 0.0041563 seconds, Stopping threads took: 0.0000199 seconds
98.393: [GC (Allocation Failure)  465673K->142279K(1034240K), 0.0027150 secs]
98.396: Total time for which application threads were stopped: 0.0029045 seconds, Stopping threads took: 0.0000300 seconds
98.466: [GC (Allocation Failure)  461767K->146346K(1033216K), 0.0041156 secs]
98.470: Total time for which application threads were stopped: 0.0042731 seconds, Stopping threads took: 0.0000168 seconds
98.538: [GC (Allocation Failure)  465834K->150346K(1034752K), 0.0039266 secs]
98.542: Total time for which application threads were stopped: 0.0040919 seconds, Stopping threads took: 0.0000205 seconds
98.610: [GC (Allocation Failure)  471882K->143527K(1034752K), 0.0013194 secs]
98.612: Total time for which application threads were stopped: 0.0014482 seconds, Stopping threads took: 0.0000200 seconds
98.679: [GC (Allocation Failure)  465063K->150386K(1034752K), 0.0039959 secs]
98.683: Total time for which application threads were stopped: 0.0041703 seconds, Stopping threads took: 0.0000206 seconds
98.750: [GC (Allocation Failure)  471922K->154466K(1034752K), 0.0048174 secs]
98.755: Total time for which application threads were stopped: 0.0049832 seconds, Stopping threads took: 0.0000208 seconds
98.820: [GC (Allocation Failure)  476002K->148895K(1034752K), 0.0017584 secs]
98.822: Total time for which application threads were stopped: 0.0019319 seconds, Stopping threads took: 0.0000197 seconds
98.890: [GC (Allocation Failure)  470431K->154738K(1034752K), 0.0039885 secs]
98.894: Total time for which application threads were stopped: 0.0041717 seconds, Stopping threads took: 0.0000310 seconds
98.964: [GC (Allocation Failure)  476274K->158602K(1034752K), 0.0041701 secs]
98.968: Total time for which application threads were stopped: 0.0043369 seconds, Stopping threads took: 0.0000198 seconds
99.035: [GC (Allocation Failure)  481090K->154695K(1035264K), 0.0026915 secs]
99.037: Total time for which application threads were stopped: 0.0028539 seconds, Stopping threads took: 0.0000203 seconds
99.105: [GC (Allocation Failure)  477255K->158762K(1036288K), 0.0040312 secs]
99.109: Total time for which application threads were stopped: 0.0042018 seconds, Stopping threads took: 0.0000199 seconds
99.179: [GC (Allocation Failure)  482858K->162730K(1035776K), 0.0040135 secs]
99.183: Total time for which application threads were stopped: 0.0041880 seconds, Stopping threads took: 0.0000203 seconds
99.252: [GC (Allocation Failure)  486826K->162762K(1035776K), 0.0039362 secs]
99.256: Total time for which application threads were stopped: 0.0041096 seconds, Stopping threads took: 0.0000286 seconds
99.324: [GC (Allocation Failure)  486346K->162794K(1023488K), 0.0040519 secs]
99.329: Total time for which application threads were stopped: 0.0042200 seconds, Stopping threads took: 0.0000193 seconds
99.396: [GC (Allocation Failure)  486378K->170764K(1035264K), 0.0039525 secs]
99.400: Total time for which application threads were stopped: 0.0041209 seconds, Stopping threads took: 0.0000262 seconds
99.468: [GC (Allocation Failure)  493324K->170796K(1030144K), 0.0038622 secs]
99.472: Total time for which application threads were stopped: 0.0040560 seconds, Stopping threads took: 0.0000205 seconds
99.540: [GC (Allocation Failure)  493356K->170828K(1034752K), 0.0039565 secs]
99.544: Total time for which application threads were stopped: 0.0041192 seconds, Stopping threads took: 0.0000201 seconds
99.612: [GC (Allocation Failure)  492364K->178830K(1029120K), 0.0041861 secs]
99.616: Total time for which application threads were stopped: 0.0043515 seconds, Stopping threads took: 0.0000207 seconds
99.684: [GC (Allocation Failure)  500366K->178798K(1034240K), 0.0038231 secs]
99.688: Total time for which application threads were stopped: 0.0039931 seconds, Stopping threads took: 0.0000221 seconds
99.756: [GC (Allocation Failure)  499310K->179022K(1034240K), 0.0047340 secs]
99.760: Total time for which application threads were stopped: 0.0049094 seconds, Stopping threads took: 0.0000281 seconds
99.828: [GC (Allocation Failure)  499534K->186865K(1034240K), 0.0037892 secs]
99.832: Total time for which application threads were stopped: 0.0039477 seconds, Stopping threads took: 0.0000187 seconds
99.901: [GC (Allocation Failure)  507377K->186833K(1034240K), 0.0050882 secs]
99.906: Total time for which application threads were stopped: 0.0052460 seconds, Stopping threads took: 0.0000252 seconds
99.974: [GC (Allocation Failure)  507345K->187273K(1033216K), 0.0038861 secs]
99.978: Total time for which application threads were stopped: 0.0040948 seconds, Stopping threads took: 0.0000210 seconds
100.045: [GC (Allocation Failure)  506761K->194923K(1033728K), 0.0039855 secs]
100.049: Total time for which application threads were stopped: 0.0041355 seconds, Stopping threads took: 0.0000171 seconds
100.117: [GC (Allocation Failure)  514411K->194859K(1033728K), 0.0038138 secs]
100.121: Total time for which application threads were stopped: 0.0039721 seconds, Stopping threads took: 0.0000204 seconds
100.185: [GC (Allocation Failure)  514347K->194987K(1033728K), 0.0042385 secs]
100.190: Total time for which application threads were stopped: 0.0044083 seconds, Stopping threads took: 0.0000200 seconds
100.257: [GC (Allocation Failure)  514475K->202893K(1033728K), 0.0040503 secs]
100.261: Total time for which application threads were stopped: 0.0042193 seconds, Stopping threads took: 0.0000196 seconds
100.328: [GC (Allocation Failure)  522381K->202861K(1033728K), 0.0040645 secs]
100.332: Total time for which application threads were stopped: 0.0042205 seconds, Stopping threads took: 0.0000192 seconds
100.399: [GC (Allocation Failure)  522349K->202957K(1033728K), 0.0039815 secs]
100.403: Total time for which application threads were stopped: 0.0041444 seconds, Stopping threads took: 0.0000196 seconds
100.470: [GC (Allocation Failure)  522445K->210895K(1027072K), 0.0039794 secs]
100.474: Total time for which application threads were stopped: 0.0041477 seconds, Stopping threads took: 0.0000200 seconds
100.539: [GC (Allocation Failure)  530383K->207021K(1034240K), 0.0065281 secs]
100.546: Total time for which application threads were stopped: 0.0067028 seconds, Stopping threads took: 0.0000279 seconds
100.614: [GC (Allocation Failure)  526509K->211087K(1033216K), 0.0042011 secs]
100.618: Total time for which application threads were stopped: 0.0043888 seconds, Stopping threads took: 0.0000217 seconds
100.687: [GC (Allocation Failure)  530575K->215055K(1034752K), 0.0039361 secs]
100.691: Total time for which application threads were stopped: 0.0040989 seconds, Stopping threads took: 0.0000203 seconds
100.759: [GC (Allocation Failure)  536591K->208269K(1034752K), 0.0014242 secs]
100.760: Total time for which application threads were stopped: 0.0015592 seconds, Stopping threads took: 0.0000216 seconds
100.827: [GC (Allocation Failure)  529805K->215119K(1034752K), 0.0039831 secs]
100.832: Total time for which application threads were stopped: 0.0041518 seconds, Stopping threads took: 0.0000214 seconds
100.898: [GC (Allocation Failure)  536655K->219199K(1034752K), 0.0053753 secs]
100.904: Total time for which application threads were stopped: 0.0055478 seconds, Stopping threads took: 0.0000230 seconds
100.971: [GC (Allocation Failure)  540735K->213629K(1034752K), 0.0020297 secs]
100.973: Total time for which application threads were stopped: 0.0021762 seconds, Stopping threads took: 0.0000198 seconds
101.040: [GC (Allocation Failure)  535165K->219439K(1034752K), 0.0039455 secs]
101.044: Total time for which application threads were stopped: 0.0041046 seconds, Stopping threads took: 0.0000165 seconds
101.112: [GC (Allocation Failure)  540975K->223351K(1034752K), 0.0044278 secs]
101.117: Total time for which application threads were stopped: 0.0046011 seconds, Stopping threads took: 0.0000206 seconds
101.185: [GC (Allocation Failure)  545840K->219413K(1035264K), 0.0026583 secs]
101.188: Total time for which application threads were stopped: 0.0028453 seconds, Stopping threads took: 0.0000199 seconds
101.258: [GC (Allocation Failure)  541973K->223503K(1036288K), 0.0043717 secs]
101.262: Total time for which application threads were stopped: 0.0045416 seconds, Stopping threads took: 0.0000203 seconds
101.330: [GC (Allocation Failure)  547599K->227471K(1035776K), 0.0041767 secs]
101.334: Total time for which application threads were stopped: 0.0043405 seconds, Stopping threads took: 0.0000198 seconds
101.403: [GC (Allocation Failure)  551567K->227471K(1035776K), 0.0038129 secs]
101.407: Total time for which application threads were stopped: 0.0039810 seconds, Stopping threads took: 0.0000276 seconds
101.474: [GC (Allocation Failure)  551055K->227535K(1023488K), 0.0040083 secs]
101.478: Total time for which application threads were stopped: 0.0041806 seconds, Stopping threads took: 0.0000205 seconds
101.548: [GC (Allocation Failure)  551119K->235506K(1035264K), 0.0041877 secs]
101.552: Total time for which application threads were stopped: 0.0043701 seconds, Stopping threads took: 0.0000200 seconds
101.621: [GC (Allocation Failure)  558066K->235474K(1030144K), 0.0039426 secs]
101.625: Total time for which application threads were stopped: 0.0041104 seconds, Stopping threads took: 0.0000282 seconds
101.693: [GC (Allocation Failure)  558034K->235562K(1034752K), 0.0041409 secs]
101.697: Total time for which application threads were stopped: 0.0043046 seconds, Stopping threads took: 0.0000205 seconds
101.766: [GC (Allocation Failure)  557098K->243564K(1034752K), 0.0043714 secs]
101.770: Total time for which application threads were stopped: 0.0045456 seconds, Stopping threads took: 0.0000209 seconds
101.838: [GC (Allocation Failure)  565100K->243532K(1033728K), 0.0038162 secs]
101.842: Total time for which application threads were stopped: 0.0040098 seconds, Stopping threads took: 0.0000204 seconds
101.912: [GC (Allocation Failure)  564044K->243748K(1034240K), 0.0048064 secs]
101.916: Total time for which application threads were stopped: 0.0049741 seconds, Stopping threads took: 0.0000189 seconds
101.984: [GC (Allocation Failure)  564260K->251558K(1034240K), 0.0040396 secs]
101.988: Total time for which application threads were stopped: 0.0042095 seconds, Stopping threads took: 0.0000200 seconds
102.057: [GC (Allocation Failure)  572070K->251558K(1034240K), 0.0042067 secs]
102.061: Total time for which application threads were stopped: 0.0043767 seconds, Stopping threads took: 0.0000198 seconds
102.128: [GC (Allocation Failure)  572070K->252014K(1033216K), 0.0042064 secs]
102.132: Total time for which application threads were stopped: 0.0043977 seconds, Stopping threads took: 0.0000291 seconds
102.200: [GC (Allocation Failure)  571502K->259632K(1033728K), 0.0043544 secs]
102.204: Total time for which application threads were stopped: 0.0045321 seconds, Stopping threads took: 0.0000216 seconds
102.272: [GC (Allocation Failure)  579120K->259600K(1033728K), 0.0041035 secs]
102.277: Total time for which application threads were stopped: 0.0042937 seconds, Stopping threads took: 0.0000203 seconds
102.344: [GC (Allocation Failure)  579088K->259720K(1033728K), 0.0040601 secs]
102.348: Total time for which application threads were stopped: 0.0042310 seconds, Stopping threads took: 0.0000216 seconds
102.416: [GC (Allocation Failure)  579208K->267659K(1033728K), 0.0039084 secs]
102.420: Total time for which application threads were stopped: 0.0040783 seconds, Stopping threads took: 0.0000198 seconds
102.489: [GC (Allocation Failure)  587147K->267627K(1033728K), 0.0041113 secs]
102.493: Total time for which application threads were stopped: 0.0042591 seconds, Stopping threads took: 0.0000168 seconds
102.559: [GC (Allocation Failure)  587115K->267691K(1033728K), 0.0043413 secs]
102.564: Total time for which application threads were stopped: 0.0045201 seconds, Stopping threads took: 0.0000207 seconds
102.631: [GC (Allocation Failure)  587179K->275629K(1027072K), 0.0043536 secs]
102.635: Total time for which application threads were stopped: 0.0045374 seconds, Stopping threads took: 0.0000201 seconds
102.700: [GC (Allocation Failure)  595116K->271755K(1034240K), 0.0030369 secs]
102.703: Total time for which application threads were stopped: 0.0032076 seconds, Stopping threads took: 0.0000201 seconds
102.770: [GC (Allocation Failure)  591243K->275789K(1033216K), 0.0041756 secs]
102.775: Total time for which application threads were stopped: 0.0043568 seconds, Stopping threads took: 0.0000202 seconds
102.842: [GC (Allocation Failure)  595277K->279789K(1034752K), 0.0043236 secs]
102.846: Total time for which application threads were stopped: 0.0044931 seconds, Stopping threads took: 0.0000197 seconds
102.914: [GC (Allocation Failure)  601325K->272971K(1034752K), 0.0018695 secs]
102.916: Total time for which application threads were stopped: 0.0020039 seconds, Stopping threads took: 0.0000248 seconds
102.983: [GC (Allocation Failure)  594507K->279853K(1034752K), 0.0040427 secs]
102.987: Total time for which application threads were stopped: 0.0041938 seconds, Stopping threads took: 0.0000172 seconds
103.054: [GC (Allocation Failure)  601389K->283965K(1034752K), 0.0051824 secs]
103.059: Total time for which application threads were stopped: 0.0053528 seconds, Stopping threads took: 0.0000200 seconds
103.125: [GC (Allocation Failure)  605501K->278395K(1034752K), 0.0019960 secs]
103.127: Total time for which application threads were stopped: 0.0021329 seconds, Stopping threads took: 0.0000194 seconds
103.196: [GC (Allocation Failure)  599931K->284237K(1034752K), 0.0041356 secs]
103.200: Total time for which application threads were stopped: 0.0043107 seconds, Stopping threads took: 0.0000196 seconds
103.267: [GC (Allocation Failure)  605773K->288077K(1035264K), 0.0044212 secs]
103.272: Total time for which application threads were stopped: 0.0045969 seconds, Stopping threads took: 0.0000212 seconds
103.338: [GC (Allocation Failure)  610565K->284171K(1035264K), 0.0027872 secs]
103.341: Total time for which application threads were stopped: 0.0029848 seconds, Stopping threads took: 0.0000217 seconds
103.412: [GC (Allocation Failure)  606731K->288237K(1036288K), 0.0041915 secs]
103.416: Total time for which application threads were stopped: 0.0043688 seconds, Stopping threads took: 0.0000263 seconds
103.485: [GC (Allocation Failure)  612333K->292205K(1035776K), 0.0040198 secs]
103.489: Total time for which application threads were stopped: 0.0041990 seconds, Stopping threads took: 0.0000254 seconds
103.558: [GC (Allocation Failure)  616301K->292173K(1035776K), 0.0042254 secs]
103.563: Total time for which application threads were stopped: 0.0043964 seconds, Stopping threads took: 0.0000209 seconds
103.630: [GC (Allocation Failure)  615757K->292261K(1023488K), 0.0043427 secs]
103.635: Total time for which application threads were stopped: 0.0045128 seconds, Stopping threads took: 0.0000203 seconds
103.701: [GC (Allocation Failure)  615845K->300199K(1035264K), 0.0042748 secs]
103.706: Total time for which application threads were stopped: 0.0044462 seconds, Stopping threads took: 0.0000204 seconds
103.774: [GC (Allocation Failure)  622759K->300199K(1030144K), 0.0041274 secs]
103.778: Total time for which application threads were stopped: 0.0042949 seconds, Stopping threads took: 0.0000202 seconds
103.846: [GC (Allocation Failure)  622759K->300295K(1034752K), 0.0043051 secs]
103.850: Total time for which application threads were stopped: 0.0044637 seconds, Stopping threads took: 0.0000195 seconds
103.920: [GC (Allocation Failure)  621831K->308297K(1034752K), 0.0042672 secs]
103.925: Total time for which application threads were stopped: 0.0044298 seconds, Stopping threads took: 0.0000169 seconds
103.993: [GC (Allocation Failure)  629833K->308265K(1033728K), 0.0040858 secs]
103.998: Total time for which application threads were stopped: 0.0042750 seconds, Stopping threads took: 0.0000196 seconds
104.066: [GC (Allocation Failure)  628777K->308521K(1034240K), 0.0042155 secs]
104.070: Total time for which application threads were stopped: 0.0043652 seconds, Stopping threads took: 0.0000180 seconds
104.138: [GC (Allocation Failure)  629033K->316332K(1034240K), 0.0041822 secs]
104.142: Total time for which application threads were stopped: 0.0043502 seconds, Stopping threads took: 0.0000198 seconds
104.210: [GC (Allocation Failure)  636844K->316332K(1034240K), 0.0042979 secs]
104.214: Total time for which application threads were stopped: 0.0044945 seconds, Stopping threads took: 0.0000206 seconds
104.283: [GC (Allocation Failure)  636844K->316740K(1033216K), 0.0044425 secs]
104.288: Total time for which application threads were stopped: 0.0046022 seconds, Stopping threads took: 0.0000172 seconds
104.356: [GC (Allocation Failure)  636228K->324326K(1033728K), 0.0041960 secs]
104.360: Total time for which application threads were stopped: 0.0043606 seconds, Stopping threads took: 0.0000199 seconds
104.429: [GC (Allocation Failure)  643814K->324358K(1033728K), 0.0041611 secs]
104.433: Total time for which application threads were stopped: 0.0043391 seconds, Stopping threads took: 0.0000204 seconds
104.498: [GC (Allocation Failure)  643846K->324462K(1033728K), 0.0043860 secs]
104.502: Total time for which application threads were stopped: 0.0045523 seconds, Stopping threads took: 0.0000192 seconds
104.570: [GC (Allocation Failure)  643950K->332400K(1033728K), 0.0041676 secs]
104.574: Total time for which application threads were stopped: 0.0043279 seconds, Stopping threads took: 0.0000196 seconds
104.643: [GC (Allocation Failure)  651888K->332368K(1033728K), 0.0045095 secs]
104.647: Total time for which application threads were stopped: 0.0046882 seconds, Stopping threads took: 0.0000200 seconds
104.714: [GC (Allocation Failure)  651856K->332424K(1033728K), 0.0043180 secs]
104.718: Total time for which application threads were stopped: 0.0044985 seconds, Stopping threads took: 0.0000192 seconds
104.785: [GC (Allocation Failure)  651912K->340395K(1027072K), 0.0042424 secs]
104.789: Total time for which application threads were stopped: 0.0044375 seconds, Stopping threads took: 0.0000201 seconds
104.856: [GC (Allocation Failure)  659882K->336488K(1034240K), 0.0032261 secs]
104.860: Total time for which application threads were stopped: 0.0033750 seconds, Stopping threads took: 0.0000173 seconds
104.931: [GC (Allocation Failure)  655976K->340555K(1033216K), 0.0044006 secs]
104.935: Total time for which application threads were stopped: 0.0045764 seconds, Stopping threads took: 0.0000210 seconds
105.003: [GC (Allocation Failure)  660043K->344555K(1034752K), 0.0043503 secs]
105.008: Total time for which application threads were stopped: 0.0045157 seconds, Stopping threads took: 0.0000203 seconds
105.075: [GC (Allocation Failure)  666091K->337736K(1034752K), 0.0016338 secs]
105.077: Total time for which application threads were stopped: 0.0017766 seconds, Stopping threads took: 0.0000203 seconds
105.146: [GC (Allocation Failure)  659272K->344627K(1034752K), 0.0040395 secs]
105.150: Total time for which application threads were stopped: 0.0041997 seconds, Stopping threads took: 0.0000197 seconds
105.216: [GC (Allocation Failure)  666163K->348699K(1034752K), 0.0051946 secs]
105.221: Total time for which application threads were stopped: 0.0053874 seconds, Stopping threads took: 0.0000205 seconds
105.289: [GC (Allocation Failure)  670235K->343128K(1034752K), 0.0021779 secs]
105.291: Total time for which application threads were stopped: 0.0023382 seconds, Stopping threads took: 0.0000195 seconds
105.360: [GC (Allocation Failure)  664664K->348971K(1034752K), 0.0045049 secs]
105.365: Total time for which application threads were stopped: 0.0046969 seconds, Stopping threads took: 0.0000198 seconds
105.433: [GC (Allocation Failure)  670507K->352811K(1035264K), 0.0044838 secs]
105.438: Total time for which application threads were stopped: 0.0046408 seconds, Stopping threads took: 0.0000177 seconds
105.505: [GC (Allocation Failure)  675299K->348904K(1035264K), 0.0029710 secs]
105.508: Total time for which application threads were stopped: 0.0031390 seconds, Stopping threads took: 0.0000200 seconds
105.576: [GC (Allocation Failure)  671464K->352971K(1036288K), 0.0044060 secs]
105.580: Total time for which application threads were stopped: 0.0045781 seconds, Stopping threads took: 0.0000201 seconds
105.648: [GC (Allocation Failure)  677067K->356939K(1035776K), 0.0041628 secs]
105.652: Total time for which application threads were stopped: 0.0043461 seconds, Stopping threads took: 0.0000213 seconds
105.720: [GC (Allocation Failure)  681035K->356939K(1035776K), 0.0042755 secs]
105.725: Total time for which application threads were stopped: 0.0044379 seconds, Stopping threads took: 0.0000200 seconds
105.792: [GC (Allocation Failure)  680523K->357003K(1023488K), 0.0044376 secs]
105.797: Total time for which application threads were stopped: 0.0046087 seconds, Stopping threads took: 0.0000200 seconds
105.863: [GC (Allocation Failure)  680587K->364973K(1035264K), 0.0042649 secs]
105.867: Total time for which application threads were stopped: 0.0044347 seconds, Stopping threads took: 0.0000205 seconds
105.937: [GC (Allocation Failure)  687533K->364973K(1030144K), 0.0040556 secs]
105.941: Total time for which application threads were stopped: 0.0042048 seconds, Stopping threads took: 0.0000175 seconds
106.010: [GC (Allocation Failure)  687533K->365037K(1034752K), 0.0045442 secs]
106.015: Total time for which application threads were stopped: 0.0047067 seconds, Stopping threads took: 0.0000199 seconds
106.082: [GC (Allocation Failure)  686573K->373039K(1029120K), 0.0045206 secs]
106.087: Total time for which application threads were stopped: 0.0047195 seconds, Stopping threads took: 0.0000196 seconds
106.155: [GC (Allocation Failure)  694575K->373007K(1034240K), 0.0040739 secs]
106.160: Total time for which application threads were stopped: 0.0042376 seconds, Stopping threads took: 0.0000204 seconds
106.227: [GC (Allocation Failure)  693519K->373223K(1034240K), 0.0043731 secs]
106.231: Total time for which application threads were stopped: 0.0045468 seconds, Stopping threads took: 0.0000202 seconds
106.301: [GC (Allocation Failure)  693735K->381033K(1034240K), 0.0042087 secs]
106.305: Total time for which application threads were stopped: 0.0043853 seconds, Stopping threads took: 0.0000202 seconds
106.378: [GC (Allocation Failure)  701545K->381033K(1034240K), 0.0045549 secs]
106.382: Total time for which application threads were stopped: 0.0047298 seconds, Stopping threads took: 0.0000201 seconds
106.449: [GC (Allocation Failure)  701545K->381481K(1033216K), 0.0044236 secs]
106.454: Total time for which application threads were stopped: 0.0045826 seconds, Stopping threads took: 0.0000200 seconds
106.521: [GC (Allocation Failure)  700969K->389100K(1033728K), 0.0044397 secs]
106.525: Total time for which application threads were stopped: 0.0046009 seconds, Stopping threads took: 0.0000196 seconds
106.593: [GC (Allocation Failure)  708588K->389068K(1033728K), 0.0041725 secs]
106.597: Total time for which application threads were stopped: 0.0043319 seconds, Stopping threads took: 0.0000206 seconds
106.662: [GC (Allocation Failure)  708556K->389156K(1033728K), 0.0050984 secs]
106.667: Total time for which application threads were stopped: 0.0052691 seconds, Stopping threads took: 0.0000190 seconds
106.734: [GC (Allocation Failure)  708644K->397126K(1033728K), 0.0043539 secs]
106.739: Total time for which application threads were stopped: 0.0045315 seconds, Stopping threads took: 0.0000206 seconds
106.807: [GC (Allocation Failure)  716614K->397094K(1033728K), 0.0044578 secs]
106.811: Total time for which application threads were stopped: 0.0046291 seconds, Stopping threads took: 0.0000206 seconds
106.879: [GC (Allocation Failure)  716582K->397158K(1033728K), 0.0046299 secs]
106.884: Total time for which application threads were stopped: 0.0047996 seconds, Stopping threads took: 0.0000201 seconds
106.951: [GC (Allocation Failure)  716646K->405128K(1027072K), 0.0043422 secs]
106.956: Total time for which application threads were stopped: 0.0044945 seconds, Stopping threads took: 0.0000172 seconds
107.021: [GC (Allocation Failure)  724616K->401222K(1034240K), 0.0033054 secs]
107.024: Total time for which application threads were stopped: 0.0034813 seconds, Stopping threads took: 0.0000194 seconds
107.091: [GC (Allocation Failure)  720710K->405264K(1033216K), 0.0045067 secs]
107.096: Total time for which application threads were stopped: 0.0046747 seconds, Stopping threads took: 0.0000201 seconds
107.163: [GC (Allocation Failure)  724752K->409264K(1034752K), 0.0044433 secs]
107.168: Total time for which application threads were stopped: 0.0046018 seconds, Stopping threads took: 0.0000200 seconds
107.234: [GC (Allocation Failure)  730800K->402478K(1034752K), 0.0022624 secs]
107.237: Total time for which application threads were stopped: 0.0024169 seconds, Stopping threads took: 0.0000201 seconds
107.303: [GC (Allocation Failure)  724014K->409336K(1034752K), 0.0041901 secs]
107.308: Total time for which application threads were stopped: 0.0043608 seconds, Stopping threads took: 0.0000200 seconds
107.373: [GC (Allocation Failure)  730872K->413416K(1034752K), 0.0053255 secs]
107.379: Total time for which application threads were stopped: 0.0055077 seconds, Stopping threads took: 0.0000202 seconds
107.445: [GC (Allocation Failure)  734952K->407878K(1034752K), 0.0022926 secs]
107.448: Total time for which application threads were stopped: 0.0024529 seconds, Stopping threads took: 0.0000285 seconds
107.515: [GC (Allocation Failure)  729414K->413688K(1034752K), 0.0046537 secs]
107.519: Total time for which application threads were stopped: 0.0048304 seconds, Stopping threads took: 0.0000262 seconds
107.586: [GC (Allocation Failure)  735224K->417528K(1034752K), 0.0047260 secs]
107.591: Total time for which application threads were stopped: 0.0049061 seconds, Stopping threads took: 0.0000202 seconds
107.659: [GC (Allocation Failure)  740016K->413654K(1035264K), 0.0033399 secs]
107.663: Total time for which application threads were stopped: 0.0035026 seconds, Stopping threads took: 0.0000205 seconds
107.731: [GC (Allocation Failure)  736214K->417712K(1036288K), 0.0046478 secs]
107.735: Total time for which application threads were stopped: 0.0048207 seconds, Stopping threads took: 0.0000206 seconds
107.805: [GC (Allocation Failure)  741808K->421680K(1035776K), 0.0044120 secs]
107.810: Total time for which application threads were stopped: 0.0045686 seconds, Stopping threads took: 0.0000207 seconds
107.880: [GC (Allocation Failure)  745776K->421680K(1035776K), 0.0043978 secs]
107.884: Total time for which application threads were stopped: 0.0045533 seconds, Stopping threads took: 0.0000192 seconds
107.953: [GC (Allocation Failure)  745264K->421736K(1023488K), 0.0045107 secs]
107.957: Total time for which application threads were stopped: 0.0046751 seconds, Stopping threads took: 0.0000199 seconds
108.023: [GC (Allocation Failure)  745320K->429738K(1035264K), 0.0043966 secs]
108.028: Total time for which application threads were stopped: 0.0045963 seconds, Stopping threads took: 0.0000197 seconds
108.097: [GC (Allocation Failure)  752298K->429738K(1030144K), 0.0041650 secs]
108.102: Total time for which application threads were stopped: 0.0043215 seconds, Stopping threads took: 0.0000175 seconds
108.169: [GC (Allocation Failure)  752298K->429770K(1034752K), 0.0043304 secs]
108.173: Total time for which application threads were stopped: 0.0044910 seconds, Stopping threads took: 0.0000198 seconds
108.243: [GC (Allocation Failure)  751306K->437741K(1029120K), 0.0046501 secs]
108.247: Total time for which application threads were stopped: 0.0048422 seconds, Stopping threads took: 0.0000197 seconds
108.317: [GC (Allocation Failure)  759277K->437741K(1034240K), 0.0044090 secs]
108.321: Total time for which application threads were stopped: 0.0045658 seconds, Stopping threads took: 0.0000192 seconds
108.388: [GC (Allocation Failure)  758253K->437989K(1034240K), 0.0044659 secs]
108.393: Total time for which application threads were stopped: 0.0046437 seconds, Stopping threads took: 0.0000265 seconds
108.460: [GC (Allocation Failure)  758501K->445799K(1034240K), 0.0044398 secs]
108.465: Total time for which application threads were stopped: 0.0046231 seconds, Stopping threads took: 0.0000191 seconds
108.534: [GC (Allocation Failure)  766311K->445767K(1034240K), 0.0044557 secs]
108.539: Total time for which application threads were stopped: 0.0046236 seconds, Stopping threads took: 0.0000199 seconds
108.606: [GC (Allocation Failure)  766279K->446215K(1033216K), 0.0045352 secs]
108.610: Total time for which application threads were stopped: 0.0047052 seconds, Stopping threads took: 0.0000202 seconds
108.678: [GC (Allocation Failure)  765703K->453801K(1033728K), 0.0053305 secs]
108.683: Total time for which application threads were stopped: 0.0055017 seconds, Stopping threads took: 0.0000195 seconds
108.751: [GC (Allocation Failure)  773289K->453769K(1033728K), 0.0044822 secs]
108.755: Total time for which application threads were stopped: 0.0046426 seconds, Stopping threads took: 0.0000201 seconds
108.820: [GC (Allocation Failure)  773257K->453929K(1033728K), 0.0046547 secs]
108.825: Total time for which application threads were stopped: 0.0048279 seconds, Stopping threads took: 0.0000251 seconds
108.892: [GC (Allocation Failure)  773417K->461835K(1033728K), 0.0092750 secs]
108.901: Total time for which application threads were stopped: 0.0094722 seconds, Stopping threads took: 0.0000260 seconds
108.970: [GC (Allocation Failure)  781323K->461835K(1033728K), 0.0046762 secs]
108.975: Total time for which application threads were stopped: 0.0048251 seconds, Stopping threads took: 0.0000171 seconds
109.042: [GC (Allocation Failure)  781323K->461867K(1033728K), 0.0046279 secs]
109.046: Total time for which application threads were stopped: 0.0047923 seconds, Stopping threads took: 0.0000198 seconds
109.114: [GC (Allocation Failure)  781355K->469838K(1027072K), 0.0045090 secs]
109.119: Total time for which application threads were stopped: 0.0046793 seconds, Stopping threads took: 0.0000206 seconds
109.184: [GC (Allocation Failure)  789325K->465995K(1034240K), 0.0034958 secs]
109.188: Total time for which application threads were stopped: 0.0036551 seconds, Stopping threads took: 0.0000196 seconds
109.255: [GC (Allocation Failure)  785483K->470022K(1033216K), 0.0047091 secs]
109.260: Total time for which application threads were stopped: 0.0049181 seconds, Stopping threads took: 0.0000202 seconds
109.330: [GC (Allocation Failure)  789510K->474022K(1034752K), 0.0043008 secs]
109.334: Total time for which application threads were stopped: 0.0044666 seconds, Stopping threads took: 0.0000167 seconds
109.403: [GC (Allocation Failure)  795558K->467203K(1034752K), 0.0018229 secs]
109.404: Total time for which application threads were stopped: 0.0019758 seconds, Stopping threads took: 0.0000281 seconds
109.473: [GC (Allocation Failure)  788739K->474054K(1034752K), 0.0044951 secs]
109.478: Total time for which application threads were stopped: 0.0046429 seconds, Stopping threads took: 0.0000173 seconds
109.544: [GC (Allocation Failure)  795590K->478134K(1034752K), 0.0056231 secs]
109.549: Total time for which application threads were stopped: 0.0057953 seconds, Stopping threads took: 0.0000200 seconds
109.615: [GC (Allocation Failure)  799670K->472595K(1034752K), 0.0024716 secs]
109.617: Total time for which application threads were stopped: 0.0026289 seconds, Stopping threads took: 0.0000204 seconds
109.684: [GC (Allocation Failure)  794131K->478398K(1034752K), 0.0044444 secs]
109.689: Total time for which application threads were stopped: 0.0046129 seconds, Stopping threads took: 0.0000195 seconds
109.756: [GC (Allocation Failure)  799934K->482270K(1034752K), 0.0047930 secs]
109.761: Total time for which application threads were stopped: 0.0049635 seconds, Stopping threads took: 0.0000205 seconds
109.827: [GC (Allocation Failure)  804758K->478363K(1035264K), 0.0033022 secs]
109.831: Total time for which application threads were stopped: 0.0034817 seconds, Stopping threads took: 0.0000194 seconds
109.899: [GC (Allocation Failure)  800923K->482366K(1036288K), 0.0061062 secs]
109.905: Total time for which application threads were stopped: 0.0062702 seconds, Stopping threads took: 0.0000255 seconds
109.974: [GC (Allocation Failure)  806462K->486398K(1035776K), 0.0045079 secs]
109.978: Total time for which application threads were stopped: 0.0046710 seconds, Stopping threads took: 0.0000204 seconds
110.047: [GC (Allocation Failure)  810494K->486430K(1035776K), 0.0044841 secs]
110.051: Total time for which application threads were stopped: 0.0046797 seconds, Stopping threads took: 0.0000198 seconds
110.120: [GC (Allocation Failure)  810014K->486462K(1023488K), 0.0044038 secs]
110.125: Total time for which application threads were stopped: 0.0045961 seconds, Stopping threads took: 0.0000260 seconds
110.193: [GC (Allocation Failure)  810046K->494464K(1035264K), 0.0044334 secs]
110.198: Total time for which application threads were stopped: 0.0045987 seconds, Stopping threads took: 0.0000171 seconds
110.267: [GC (Allocation Failure)  817024K->494432K(1030144K), 0.0044572 secs]
110.272: Total time for which application threads were stopped: 0.0046465 seconds, Stopping threads took: 0.0000195 seconds
110.340: [GC (Allocation Failure)  816992K->494504K(1034752K), 0.0044137 secs]
110.345: Total time for which application threads were stopped: 0.0045959 seconds, Stopping threads took: 0.0000171 seconds
110.414: [GC (Allocation Failure)  816040K->502506K(1029120K), 0.0046408 secs]
110.419: Total time for which application threads were stopped: 0.0047992 seconds, Stopping threads took: 0.0000254 seconds
110.487: [GC (Allocation Failure)  824042K->502474K(1034240K), 0.0045394 secs]
110.492: Total time for which application threads were stopped: 0.0047018 seconds, Stopping threads took: 0.0000201 seconds
110.559: [GC (Allocation Failure)  822986K->502698K(1034240K), 0.0060522 secs]
110.565: Total time for which application threads were stopped: 0.0062189 seconds, Stopping threads took: 0.0000207 seconds
110.634: [GC (Allocation Failure)  823210K->510509K(1034240K), 0.0043885 secs]
110.638: Total time for which application threads were stopped: 0.0045652 seconds, Stopping threads took: 0.0000211 seconds
110.706: [GC (Allocation Failure)  831021K->510509K(1034240K), 0.0048630 secs]
110.711: Total time for which application threads were stopped: 0.0050392 seconds, Stopping threads took: 0.0000215 seconds
110.779: [GC (Allocation Failure)  831021K->510949K(1033216K), 0.0047868 secs]
110.784: Total time for which application threads were stopped: 0.0049834 seconds, Stopping threads took: 0.0000202 seconds
110.852: [GC (Allocation Failure)  830437K->518567K(1033728K), 0.0046903 secs]
110.857: Total time for which application threads were stopped: 0.0048412 seconds, Stopping threads took: 0.0000165 seconds
110.926: [GC (Allocation Failure)  838055K->518535K(1033728K), 0.0045528 secs]
110.931: Total time for which application threads were stopped: 0.0047009 seconds, Stopping threads took: 0.0000178 seconds
110.997: [GC (Allocation Failure)  838023K->518663K(1033728K), 0.0046517 secs]
111.002: Total time for which application threads were stopped: 0.0048221 seconds, Stopping threads took: 0.0000195 seconds
111.069: [GC (Allocation Failure)  838151K->526569K(1033728K), 0.0044330 secs]
111.073: Total time for which application threads were stopped: 0.0046067 seconds, Stopping threads took: 0.0000199 seconds
111.142: [GC (Allocation Failure)  846057K->526569K(1033728K), 0.0046568 secs]
111.147: Total time for which application threads were stopped: 0.0048265 seconds, Stopping threads took: 0.0000197 seconds
111.213: [GC (Allocation Failure)  846057K->526633K(1033728K), 0.0047450 secs]
111.218: Total time for which application threads were stopped: 0.0049207 seconds, Stopping threads took: 0.0000191 seconds
111.285: [GC (Allocation Failure)  846121K->534635K(1027072K), 0.0047444 secs]
111.290: Total time for which application threads were stopped: 0.0049069 seconds, Stopping threads took: 0.0000202 seconds
111.355: [GC (Allocation Failure)  854123K->530697K(1034240K), 0.0037113 secs]
111.359: Total time for which application threads were stopped: 0.0039068 seconds, Stopping threads took: 0.0000205 seconds
111.428: [GC (Allocation Failure)  850185K->534763K(1033216K), 0.0046389 secs]
111.433: Total time for which application threads were stopped: 0.0048103 seconds, Stopping threads took: 0.0000259 seconds
111.502: [GC (Allocation Failure)  854251K->538731K(1034752K), 0.0046133 secs]
111.507: Total time for which application threads were stopped: 0.0047645 seconds, Stopping threads took: 0.0000165 seconds
111.573: [GC (Allocation Failure)  860267K->531945K(1034752K), 0.0021090 secs]
111.575: Total time for which application threads were stopped: 0.0022653 seconds, Stopping threads took: 0.0000196 seconds
111.644: [GC (Allocation Failure)  853481K->538803K(1034752K), 0.0045879 secs]
111.649: Total time for which application threads were stopped: 0.0047572 seconds, Stopping threads took: 0.0000170 seconds
111.715: [GC (Allocation Failure)  860339K->542883K(1034752K), 0.0054148 secs]
111.720: Total time for which application threads were stopped: 0.0055857 seconds, Stopping threads took: 0.0000205 seconds
111.785: [GC (Allocation Failure)  864419K->537377K(1034752K), 0.0026228 secs]
111.788: Total time for which application threads were stopped: 0.0027958 seconds, Stopping threads took: 0.0000193 seconds
111.855: [GC (Allocation Failure)  858913K->543179K(1034752K), 0.0046914 secs]
111.860: Total time for which application threads were stopped: 0.0048668 seconds, Stopping threads took: 0.0000198 seconds
111.928: [GC (Allocation Failure)  864715K->547019K(1035264K), 0.0048689 secs]
111.933: Total time for which application threads were stopped: 0.0050290 seconds, Stopping threads took: 0.0000198 seconds
112.001: [GC (Allocation Failure)  869508K->543113K(1035264K), 0.0035161 secs]
112.005: Total time for which application threads were stopped: 0.0036739 seconds, Stopping threads took: 0.0000190 seconds
112.074: [GC (Allocation Failure)  865673K->547179K(1036288K), 0.0048897 secs]
112.079: Total time for which application threads were stopped: 0.0050648 seconds, Stopping threads took: 0.0000206 seconds
112.147: [GC (Allocation Failure)  871275K->551147K(1035776K), 0.0046336 secs]
112.151: Total time for which application threads were stopped: 0.0048056 seconds, Stopping threads took: 0.0000199 seconds
112.222: [GC (Allocation Failure)  875243K->551147K(1035776K), 0.0046436 secs]
112.226: Total time for which application threads were stopped: 0.0048020 seconds, Stopping threads took: 0.0000176 seconds
112.294: [GC (Allocation Failure)  874731K->551211K(1023488K), 0.0048256 secs]
112.299: Total time for which application threads were stopped: 0.0049980 seconds, Stopping threads took: 0.0000210 seconds
112.367: [GC (Allocation Failure)  874795K->559214K(1035264K), 0.0047803 secs]
112.372: Total time for which application threads were stopped: 0.0049416 seconds, Stopping threads took: 0.0000205 seconds
112.440: [GC (Allocation Failure)  881774K->559182K(1030144K), 0.0044562 secs]
112.445: Total time for which application threads were stopped: 0.0046178 seconds, Stopping threads took: 0.0000264 seconds
112.513: [GC (Allocation Failure)  881742K->559238K(1034752K), 0.0048950 secs]
112.518: Total time for which application threads were stopped: 0.0050673 seconds, Stopping threads took: 0.0000265 seconds
112.586: [GC (Allocation Failure)  880774K->567208K(1034752K), 0.0049366 secs]
112.591: Total time for which application threads were stopped: 0.0051021 seconds, Stopping threads took: 0.0000203 seconds
112.659: [GC (Allocation Failure)  888744K->567208K(1033728K), 0.0045785 secs]
112.664: Total time for which application threads were stopped: 0.0047575 seconds, Stopping threads took: 0.0000205 seconds
112.731: [GC (Allocation Failure)  887720K->567464K(1034240K), 0.0048035 secs]
112.736: Total time for which application threads were stopped: 0.0049990 seconds, Stopping threads took: 0.0000202 seconds
112.805: [GC (Allocation Failure)  887976K->575274K(1034240K), 0.0044739 secs]
112.810: Total time for which application threads were stopped: 0.0046338 seconds, Stopping threads took: 0.0000197 seconds
112.877: [GC (Allocation Failure)  895786K->575274K(1034240K), 0.0065183 secs]
112.884: Total time for which application threads were stopped: 0.0067076 seconds, Stopping threads took: 0.0000219 seconds
112.952: [GC (Allocation Failure)  895786K->575690K(1033216K), 0.0048001 secs]
112.957: Total time for which application threads were stopped: 0.0049756 seconds, Stopping threads took: 0.0000199 seconds
113.024: [GC (Allocation Failure)  895178K->583308K(1033728K), 0.0048835 secs]
113.029: Total time for which application threads were stopped: 0.0050620 seconds, Stopping threads took: 0.0000198 seconds
113.097: [GC (Allocation Failure)  902796K->583244K(1033728K), 0.0045370 secs]
113.101: Total time for which application threads were stopped: 0.0047184 seconds, Stopping threads took: 0.0000204 seconds
113.168: [GC (Allocation Failure)  902732K->583396K(1033728K), 0.0049250 secs]
113.173: Total time for which application threads were stopped: 0.0050947 seconds, Stopping threads took: 0.0000195 seconds
113.241: [GC (Allocation Failure)  902884K->591335K(1033728K), 0.0047592 secs]
113.246: Total time for which application threads were stopped: 0.0049484 seconds, Stopping threads took: 0.0000282 seconds
113.314: [GC (Allocation Failure)  910823K->591271K(1033728K), 0.0048285 secs]
113.319: Total time for which application threads were stopped: 0.0050202 seconds, Stopping threads took: 0.0000202 seconds
113.387: [GC (Allocation Failure)  910759K->591375K(1033728K), 0.0052454 secs]
113.393: Total time for which application threads were stopped: 0.0054345 seconds, Stopping threads took: 0.0000204 seconds
113.460: [GC (Allocation Failure)  910863K->599345K(1027072K), 0.0047700 secs]
113.465: Total time for which application threads were stopped: 0.0049337 seconds, Stopping threads took: 0.0000201 seconds
113.531: [GC (Allocation Failure)  918832K->595439K(1034240K), 0.0038841 secs]
113.535: Total time for which application threads were stopped: 0.0040483 seconds, Stopping threads took: 0.0000208 seconds
113.602: [GC (Allocation Failure)  914927K->599497K(1033216K), 0.0050480 secs]
113.608: Total time for which application threads were stopped: 0.0052120 seconds, Stopping threads took: 0.0000199 seconds
113.676: [GC (Allocation Failure)  918985K->603465K(1034752K), 0.0048179 secs]
113.681: Total time for which application threads were stopped: 0.0049908 seconds, Stopping threads took: 0.0000207 seconds
113.749: [GC (Allocation Failure)  925001K->596679K(1034752K), 0.0021427 secs]
113.751: Total time for which application threads were stopped: 0.0022871 seconds, Stopping threads took: 0.0000195 seconds
113.820: [GC (Allocation Failure)  918215K->603529K(1034752K), 0.0047657 secs]
113.825: Total time for which application threads were stopped: 0.0049609 seconds, Stopping threads took: 0.0000195 seconds
113.892: [GC (Allocation Failure)  925065K->607609K(1034752K), 0.0055070 secs]
113.898: Total time for which application threads were stopped: 0.0056618 seconds, Stopping threads took: 0.0000259 seconds
113.965: [GC (Allocation Failure)  929145K->602071K(1034752K), 0.0027413 secs]
113.967: Total time for which application threads were stopped: 0.0029088 seconds, Stopping threads took: 0.0000205 seconds
114.035: [GC (Allocation Failure)  923607K->607881K(1034752K), 0.0048161 secs]
114.040: Total time for which application threads were stopped: 0.0049857 seconds, Stopping threads took: 0.0000217 seconds
114.107: [GC (Allocation Failure)  929417K->611753K(1034752K), 0.0049796 secs]
114.112: Total time for which application threads were stopped: 0.0051723 seconds, Stopping threads took: 0.0000199 seconds
114.181: [GC (Allocation Failure)  934241K->607847K(1035264K), 0.0037731 secs]
114.185: Total time for which application threads were stopped: 0.0039647 seconds, Stopping threads took: 0.0000203 seconds
114.255: [GC (Allocation Failure)  930407K->611913K(1036288K), 0.0048918 secs]
114.260: Total time for which application threads were stopped: 0.0050530 seconds, Stopping threads took: 0.0000171 seconds
114.328: [GC (Allocation Failure)  936009K->615881K(1035776K), 0.0047545 secs]
114.333: Total time for which application threads were stopped: 0.0049456 seconds, Stopping threads took: 0.0000198 seconds
114.404: [GC (Allocation Failure)  939977K->615913K(1035776K), 0.0046516 secs]
114.409: Total time for which application threads were stopped: 0.0048248 seconds, Stopping threads took: 0.0000281 seconds
114.477: [GC (Allocation Failure)  939497K->615945K(1023488K), 0.0048884 secs]
114.482: Total time for which application threads were stopped: 0.0050664 seconds, Stopping threads took: 0.0000189 seconds
114.550: [GC (Allocation Failure)  939529K->623947K(1035264K), 0.0047519 secs]
114.555: Total time for which application threads were stopped: 0.0049113 seconds, Stopping threads took: 0.0000200 seconds
114.623: [GC (Allocation Failure)  946507K->623883K(1030144K), 0.0046106 secs]
114.628: Total time for which application threads were stopped: 0.0047713 seconds, Stopping threads took: 0.0000202 seconds
114.695: [GC (Allocation Failure)  946443K->623979K(1034752K), 0.0047824 secs]
114.700: Total time for which application threads were stopped: 0.0049501 seconds, Stopping threads took: 0.0000199 seconds
114.768: [GC (Allocation Failure)  945515K->631949K(1034752K), 0.0049902 secs]
114.773: Total time for which application threads were stopped: 0.0051522 seconds, Stopping threads took: 0.0000193 seconds
114.841: [GC (Allocation Failure)  953485K->631949K(1033728K), 0.0047475 secs]
114.846: Total time for which application threads were stopped: 0.0049624 seconds, Stopping threads took: 0.0000201 seconds
114.914: [GC (Allocation Failure)  952461K->632141K(1034240K), 0.0060316 secs]
114.920: Total time for which application threads were stopped: 0.0061803 seconds, Stopping threads took: 0.0000189 seconds
114.988: [GC (Allocation Failure)  952653K->639984K(1034240K), 0.0046067 secs]
114.993: Total time for which application threads were stopped: 0.0047822 seconds, Stopping threads took: 0.0000195 seconds
115.060: [GC (Allocation Failure)  960496K->639984K(1034240K), 0.0048787 secs]
115.065: Total time for which application threads were stopped: 0.0050717 seconds, Stopping threads took: 0.0000200 seconds
115.134: [GC (Allocation Failure)  960496K->640424K(1033216K), 0.0048782 secs]
115.139: Total time for which application threads were stopped: 0.0050607 seconds, Stopping threads took: 0.0000175 seconds
115.208: [GC (Allocation Failure)  959912K->648042K(1033728K), 0.0049511 secs]
115.213: Total time for which application threads were stopped: 0.0051197 seconds, Stopping threads took: 0.0000202 seconds
115.282: [GC (Allocation Failure)  967530K->648010K(1033728K), 0.0046760 secs]
115.287: Total time for which application threads were stopped: 0.0048687 seconds, Stopping threads took: 0.0000199 seconds
115.353: [GC (Allocation Failure)  967498K->648138K(1033728K), 0.0048818 secs]
115.358: Total time for which application threads were stopped: 0.0050666 seconds, Stopping threads took: 0.0000170 seconds
115.428: [GC (Allocation Failure)  967626K->656044K(1033728K), 0.0047414 secs]
115.433: Total time for which application threads were stopped: 0.0049312 seconds, Stopping threads took: 0.0000262 seconds
115.500: [GC (Allocation Failure)  975532K->656012K(1033728K), 0.0048977 secs]
115.505: Total time for which application threads were stopped: 0.0050566 seconds, Stopping threads took: 0.0000206 seconds
115.572: [GC (Allocation Failure)  975500K->656100K(1033728K), 0.0049547 secs]
115.577: Total time for which application threads were stopped: 0.0051478 seconds, Stopping threads took: 0.0000201 seconds
115.644: [GC (Allocation Failure)  975588K->664039K(1027072K), 0.0048466 secs]
115.649: Total time for which application threads were stopped: 0.0050070 seconds, Stopping threads took: 0.0000192 seconds
115.715: [GC (Allocation Failure)  983526K->660164K(1034240K), 0.0038436 secs]
115.719: Total time for which application threads were stopped: 0.0040154 seconds, Stopping threads took: 0.0000199 seconds
115.788: [GC (Allocation Failure)  979652K->664207K(1033216K), 0.0049820 secs]
115.793: Total time for which application threads were stopped: 0.0051549 seconds, Stopping threads took: 0.0000205 seconds
115.861: [GC (Allocation Failure)  983695K->668175K(1034752K), 0.0047297 secs]
115.866: Total time for which application threads were stopped: 0.0049261 seconds, Stopping threads took: 0.0000207 seconds
115.935: [GC (Allocation Failure)  989711K->661388K(1034752K), 0.0023802 secs]
115.937: Total time for which application threads were stopped: 0.0025259 seconds, Stopping threads took: 0.0000196 seconds
116.006: [GC (Allocation Failure)  982924K->668303K(1034752K), 0.0047750 secs]
116.011: Total time for which application threads were stopped: 0.0049449 seconds, Stopping threads took: 0.0000195 seconds
116.079: [GC (Allocation Failure)  989839K->672351K(1034752K), 0.0059376 secs]
116.085: Total time for which application threads were stopped: 0.0060980 seconds, Stopping threads took: 0.0000203 seconds
116.151: [GC (Allocation Failure)  993887K->666780K(1034752K), 0.0030511 secs]
116.154: Total time for which application threads were stopped: 0.0032280 seconds, Stopping threads took: 0.0000197 seconds
116.221: [GC (Allocation Failure)  988316K->672623K(1034752K), 0.0048295 secs]
116.226: Total time for which application threads were stopped: 0.0050046 seconds, Stopping threads took: 0.0000201 seconds
116.293: [GC (Allocation Failure)  994159K->676519K(1034752K), 0.0051397 secs]
116.298: Total time for which application threads were stopped: 0.0053013 seconds, Stopping threads took: 0.0000202 seconds
116.365: [GC (Allocation Failure)  999007K->672580K(1035264K), 0.0038862 secs]
116.369: Total time for which application threads were stopped: 0.0040452 seconds, Stopping threads took: 0.0000201 seconds
116.439: [GC (Allocation Failure)  995140K->676655K(1036288K), 0.0048674 secs]
116.444: Total time for which application threads were stopped: 0.0050706 seconds, Stopping threads took: 0.0000198 seconds
116.513: [GC (Allocation Failure)  1000751K->680655K(1035776K), 0.0047562 secs]
116.518: Total time for which application threads were stopped: 0.0049149 seconds, Stopping threads took: 0.0000174 seconds
116.586: [GC (Allocation Failure)  1004751K->680655K(1035776K), 0.0049373 secs]
116.591: Total time for which application threads were stopped: 0.0051066 seconds, Stopping threads took: 0.0000201 seconds
116.659: [GC (Allocation Failure)  1004239K->680751K(1023488K), 0.0066607 secs]
116.665: Total time for which application threads were stopped: 0.0068342 seconds, Stopping threads took: 0.0000202 seconds
116.733: [GC (Allocation Failure)  1004335K->688721K(1035264K), 0.0051587 secs]
116.739: Total time for which application threads were stopped: 0.0053381 seconds, Stopping threads took: 0.0000227 seconds
116.807: [GC (Allocation Failure)  1011281K->688657K(1030144K), 0.0046777 secs]
116.811: Total time for which application threads were stopped: 0.0048386 seconds, Stopping threads took: 0.0000201 seconds
116.880: [GC (Allocation Failure)  1011217K->688713K(1034752K), 0.0050383 secs]
116.885: [Full GC (Ergonomics)  688713K->8520K(1034752K), 0.0125063 secs]
116.898: Total time for which application threads were stopped: 0.0177837 seconds, Stopping threads took: 0.0000195 seconds
116.966: [GC (Allocation Failure)  330056K->16650K(1029120K), 0.0037799 secs]
116.970: Total time for which application threads were stopped: 0.0039300 seconds, Stopping threads took: 0.0000168 seconds
117.038: [GC (Allocation Failure)  338186K->16602K(1034240K), 0.0034460 secs]
117.041: Total time for which application threads were stopped: 0.0036153 seconds, Stopping threads took: 0.0000199 seconds
117.108: [GC (Allocation Failure)  337114K->16866K(1034240K), 0.0037691 secs]
117.112: Total time for which application threads were stopped: 0.0039638 seconds, Stopping threads took: 0.0000204 seconds
117.182: [GC (Allocation Failure)  337378K->24644K(1034240K), 0.0036382 secs]
117.185: Total time for which application threads were stopped: 0.0037944 seconds, Stopping threads took: 0.0000174 seconds
117.253: [GC (Allocation Failure)  345156K->24612K(1034240K), 0.0037536 secs]
117.257: Total time for which application threads were stopped: 0.0039158 seconds, Stopping threads took: 0.0000206 seconds
117.324: [GC (Allocation Failure)  345124K->25100K(1033216K), 0.0039083 secs]
117.328: Total time for which application threads were stopped: 0.0040725 seconds, Stopping threads took: 0.0000207 seconds
117.396: [GC (Allocation Failure)  344588K->32687K(1033728K), 0.0035847 secs]
117.399: Total time for which application threads were stopped: 0.0037470 seconds, Stopping threads took: 0.0000256 seconds
117.468: [GC (Allocation Failure)  352175K->32687K(1033728K), 0.0035374 secs]
117.472: Total time for which application threads were stopped: 0.0036883 seconds, Stopping threads took: 0.0000179 seconds
117.537: [GC (Allocation Failure)  352175K->32807K(1033728K), 0.0036621 secs]
117.541: Total time for which application threads were stopped: 0.0038676 seconds, Stopping threads took: 0.0000255 seconds
117.610: [GC (Allocation Failure)  352295K->40745K(1033728K), 0.0037527 secs]
117.614: Total time for which application threads were stopped: 0.0039003 seconds, Stopping threads took: 0.0000165 seconds
117.682: [GC (Allocation Failure)  360233K->40713K(1033728K), 0.0036771 secs]
117.685: Total time for which application threads were stopped: 0.0038420 seconds, Stopping threads took: 0.0000189 seconds
117.753: [GC (Allocation Failure)  360201K->40777K(1033728K), 0.0037622 secs]
117.756: Total time for which application threads were stopped: 0.0039606 seconds, Stopping threads took: 0.0000200 seconds
117.824: [GC (Allocation Failure)  360265K->48747K(1027072K), 0.0038422 secs]
117.828: Total time for which application threads were stopped: 0.0040302 seconds, Stopping threads took: 0.0000221 seconds
117.893: [GC (Allocation Failure)  368235K->44873K(1034240K), 0.0085887 secs]
117.901: Total time for which application threads were stopped: 0.0087503 seconds, Stopping threads took: 0.0000204 seconds
117.970: [GC (Allocation Failure)  364361K->48907K(1033216K), 0.0038921 secs]
117.974: Total time for which application threads were stopped: 0.0040503 seconds, Stopping threads took: 0.0000195 seconds
118.042: [GC (Allocation Failure)  368395K->52843K(1034752K), 0.0043705 secs]
118.046: Total time for which application threads were stopped: 0.0045299 seconds, Stopping threads took: 0.0000203 seconds
118.113: [GC (Allocation Failure)  374379K->46089K(1034752K), 0.0013127 secs]
118.115: Total time for which application threads were stopped: 0.0014399 seconds, Stopping threads took: 0.0000202 seconds
118.182: [GC (Allocation Failure)  367625K->52979K(1034752K), 0.0037142 secs]
118.186: Total time for which application threads were stopped: 0.0038876 seconds, Stopping threads took: 0.0000206 seconds
118.252: [GC (Allocation Failure)  374515K->57019K(1034752K), 0.0046592 secs]
118.257: Total time for which application threads were stopped: 0.0048280 seconds, Stopping threads took: 0.0000263 seconds
118.323: [GC (Allocation Failure)  378555K->51481K(1034752K), 0.0015304 secs]
118.324: Total time for which application threads were stopped: 0.0016713 seconds, Stopping threads took: 0.0000203 seconds
118.392: [GC (Allocation Failure)  373017K->57283K(1034752K), 0.0040327 secs]
118.396: Total time for which application threads were stopped: 0.0042071 seconds, Stopping threads took: 0.0000208 seconds
118.465: [GC (Allocation Failure)  378819K->61147K(1034752K), 0.0041123 secs]
118.470: Total time for which application threads were stopped: 0.0042925 seconds, Stopping threads took: 0.0000205 seconds
118.537: [GC (Allocation Failure)  383635K->57241K(1035264K), 0.0023035 secs]
118.539: Total time for which application threads were stopped: 0.0024561 seconds, Stopping threads took: 0.0000197 seconds
118.607: [GC (Allocation Failure)  379801K->61307K(1036288K), 0.0039614 secs]
118.611: Total time for which application threads were stopped: 0.0041348 seconds, Stopping threads took: 0.0000204 seconds
118.679: [GC (Allocation Failure)  385403K->65307K(1035776K), 0.0036356 secs]
118.683: Total time for which application threads were stopped: 0.0038094 seconds, Stopping threads took: 0.0000208 seconds
118.752: [GC (Allocation Failure)  389403K->65307K(1035776K), 0.0035114 secs]
118.755: Total time for which application threads were stopped: 0.0036827 seconds, Stopping threads took: 0.0000204 seconds
118.823: [GC (Allocation Failure)  388891K->65339K(1023488K), 0.0039361 secs]
118.827: Total time for which application threads were stopped: 0.0041094 seconds, Stopping threads took: 0.0000207 seconds
118.894: [GC (Allocation Failure)  388923K->73341K(1035264K), 0.0044748 secs]
118.898: Total time for which application threads were stopped: 0.0046726 seconds, Stopping threads took: 0.0000212 seconds
118.969: [GC (Allocation Failure)  395901K->73309K(1030144K), 0.0036275 secs]
118.973: Total time for which application threads were stopped: 0.0038002 seconds, Stopping threads took: 0.0000203 seconds
119.041: [GC (Allocation Failure)  395869K->73349K(1034752K), 0.0037569 secs]
119.045: Total time for which application threads were stopped: 0.0039310 seconds, Stopping threads took: 0.0000187 seconds
119.114: [GC (Allocation Failure)  394885K->81352K(1029120K), 0.0040371 secs]
119.118: Total time for which application threads were stopped: 0.0041833 seconds, Stopping threads took: 0.0000171 seconds
119.189: [GC (Allocation Failure)  402888K->81352K(1034240K), 0.0036724 secs]
119.192: Total time for which application threads were stopped: 0.0038443 seconds, Stopping threads took: 0.0000204 seconds
119.262: [GC (Allocation Failure)  401864K->81576K(1034240K), 0.0038320 secs]
119.266: Total time for which application threads were stopped: 0.0040093 seconds, Stopping threads took: 0.0000220 seconds
119.334: [GC (Allocation Failure)  402088K->89418K(1034240K), 0.0036344 secs]
119.338: Total time for which application threads were stopped: 0.0038098 seconds, Stopping threads took: 0.0000205 seconds
119.406: [GC (Allocation Failure)  409930K->89418K(1034240K), 0.0037115 secs]
119.410: Total time for which application threads were stopped: 0.0038928 seconds, Stopping threads took: 0.0000290 seconds
119.476: [GC (Allocation Failure)  409930K->89834K(1033216K), 0.0040289 secs]
119.481: Total time for which application threads were stopped: 0.0041926 seconds, Stopping threads took: 0.0000205 seconds
119.548: [GC (Allocation Failure)  409322K->97452K(1033728K), 0.0040270 secs]
119.552: Total time for which application threads were stopped: 0.0042081 seconds, Stopping threads took: 0.0000222 seconds
119.619: [GC (Allocation Failure)  416940K->97388K(1033728K), 0.0036756 secs]
119.623: Total time for which application threads were stopped: 0.0038557 seconds, Stopping threads took: 0.0000205 seconds
119.688: [GC (Allocation Failure)  416876K->97548K(1033728K), 0.0037725 secs]
119.692: Total time for which application threads were stopped: 0.0039583 seconds, Stopping threads took: 0.0000226 seconds
119.762: [GC (Allocation Failure)  417036K->105486K(1033728K), 0.0038604 secs]
119.766: Total time for which application threads were stopped: 0.0040271 seconds, Stopping threads took: 0.0000192 seconds
119.833: [GC (Allocation Failure)  424974K->105454K(1033728K), 0.0036828 secs]
119.837: Total time for which application threads were stopped: 0.0038456 seconds, Stopping threads took: 0.0000201 seconds
119.904: [GC (Allocation Failure)  424942K->105478K(1033728K), 0.0045504 secs]
119.909: Total time for which application threads were stopped: 0.0047373 seconds, Stopping threads took: 0.0000247 seconds
119.976: [GC (Allocation Failure)  424966K->113513K(1027072K), 0.0040005 secs]
119.980: Total time for which application threads were stopped: 0.0041758 seconds, Stopping threads took: 0.0000198 seconds
120.045: [GC (Allocation Failure)  433000K->109542K(1034240K), 0.0028501 secs]
120.048: Total time for which application threads were stopped: 0.0030071 seconds, Stopping threads took: 0.0000190 seconds
120.115: [GC (Allocation Failure)  429030K->113649K(1033216K), 0.0040181 secs]
120.119: Total time for which application threads were stopped: 0.0041792 seconds, Stopping threads took: 0.0000199 seconds
120.187: [GC (Allocation Failure)  433137K->117649K(1034752K), 0.0037823 secs]
120.190: Total time for which application threads were stopped: 0.0039604 seconds, Stopping threads took: 0.0000200 seconds
120.258: [GC (Allocation Failure)  439185K->110798K(1034752K), 0.0012901 secs]
120.260: Total time for which application threads were stopped: 0.0013985 seconds, Stopping threads took: 0.0000167 seconds
120.327: [GC (Allocation Failure)  432334K->117689K(1034752K), 0.0038322 secs]
120.331: Total time for which application threads were stopped: 0.0040207 seconds, Stopping threads took: 0.0000167 seconds
120.398: [GC (Allocation Failure)  439225K->121769K(1034752K), 0.0046614 secs]
120.403: Total time for which application threads were stopped: 0.0048331 seconds, Stopping threads took: 0.0000280 seconds
120.470: [GC (Allocation Failure)  443305K->116230K(1034752K), 0.0016822 secs]
120.472: Total time for which application threads were stopped: 0.0018269 seconds, Stopping threads took: 0.0000169 seconds
120.542: [GC (Allocation Failure)  437766K->122041K(1034752K), 0.0039724 secs]
120.546: Total time for which application threads were stopped: 0.0041690 seconds, Stopping threads took: 0.0000248 seconds
120.616: [GC (Allocation Failure)  443577K->125913K(1035264K), 0.0042868 secs]
120.620: Total time for which application threads were stopped: 0.0044388 seconds, Stopping threads took: 0.0000158 seconds
120.687: [GC (Allocation Failure)  448401K->122006K(1035264K), 0.0028408 secs]
120.690: Total time for which application threads were stopped: 0.0030060 seconds, Stopping threads took: 0.0000201 seconds
120.757: [GC (Allocation Failure)  444566K->126073K(1036288K), 0.0040279 secs]
120.762: Total time for which application threads were stopped: 0.0042054 seconds, Stopping threads took: 0.0000210 seconds
120.831: [GC (Allocation Failure)  450169K->130041K(1035776K), 0.0038997 secs]
120.835: Total time for which application threads were stopped: 0.0040578 seconds, Stopping threads took: 0.0000172 seconds
120.905: [GC (Allocation Failure)  454137K->130041K(1035776K), 0.0044565 secs]
120.909: Total time for which application threads were stopped: 0.0046283 seconds, Stopping threads took: 0.0000265 seconds
120.978: [GC (Allocation Failure)  453625K->130105K(1023488K), 0.0039972 secs]
120.982: Total time for which application threads were stopped: 0.0041489 seconds, Stopping threads took: 0.0000175 seconds
121.049: [GC (Allocation Failure)  453689K->138107K(1035264K), 0.0039964 secs]
121.053: Total time for which application threads were stopped: 0.0041631 seconds, Stopping threads took: 0.0000194 seconds
121.121: [GC (Allocation Failure)  460667K->138075K(1030144K), 0.0036263 secs]
121.125: Total time for which application threads were stopped: 0.0038215 seconds, Stopping threads took: 0.0000205 seconds
121.193: [GC (Allocation Failure)  460635K->138107K(1034752K), 0.0039952 secs]
121.198: Total time for which application threads were stopped: 0.0041648 seconds, Stopping threads took: 0.0000196 seconds
121.265: [GC (Allocation Failure)  459643K->146141K(1029120K), 0.0040069 secs]
121.269: Total time for which application threads were stopped: 0.0041880 seconds, Stopping threads took: 0.0000196 seconds
121.339: [GC (Allocation Failure)  467677K->146077K(1034240K), 0.0036594 secs]
121.343: Total time for which application threads were stopped: 0.0038199 seconds, Stopping threads took: 0.0000191 seconds
121.410: [GC (Allocation Failure)  466589K->146333K(1034240K), 0.0040829 secs]
121.414: Total time for which application threads were stopped: 0.0042454 seconds, Stopping threads took: 0.0000207 seconds
121.481: [GC (Allocation Failure)  466845K->154175K(1034240K), 0.0037696 secs]
121.485: Total time for which application threads were stopped: 0.0039404 seconds, Stopping threads took: 0.0000204 seconds
121.553: [GC (Allocation Failure)  474687K->154175K(1034240K), 0.0040807 secs]
121.557: Total time for which application threads were stopped: 0.0042515 seconds, Stopping threads took: 0.0000206 seconds
121.624: [GC (Allocation Failure)  474687K->154551K(1033216K), 0.0047346 secs]
121.629: Total time for which application threads were stopped: 0.0049038 seconds, Stopping threads took: 0.0000208 seconds
121.696: [GC (Allocation Failure)  474039K->162170K(1033728K), 0.0038746 secs]
121.700: Total time for which application threads were stopped: 0.0040989 seconds, Stopping threads took: 0.0000212 seconds
121.770: [GC (Allocation Failure)  481658K->162170K(1033728K), 0.0038230 secs]
121.774: Total time for which application threads were stopped: 0.0039877 seconds, Stopping threads took: 0.0000211 seconds
121.839: [GC (Allocation Failure)  481658K->162298K(1033728K), 0.0040147 secs]
121.843: Total time for which application threads were stopped: 0.0041791 seconds, Stopping threads took: 0.0000198 seconds
121.911: [GC (Allocation Failure)  481786K->170236K(1033728K), 0.0045834 secs]
121.916: Total time for which application threads were stopped: 0.0047890 seconds, Stopping threads took: 0.0000255 seconds
121.983: [GC (Allocation Failure)  489724K->170204K(1033728K), 0.0040255 secs]
121.987: Total time for which application threads were stopped: 0.0041930 seconds, Stopping threads took: 0.0000196 seconds
122.054: [GC (Allocation Failure)  489692K->170276K(1033728K), 0.0041468 secs]
122.059: Total time for which application threads were stopped: 0.0043295 seconds, Stopping threads took: 0.0000201 seconds
122.126: [GC (Allocation Failure)  489764K->178278K(1027072K), 0.0042858 secs]
122.130: Total time for which application threads were stopped: 0.0044635 seconds, Stopping threads took: 0.0000207 seconds
122.195: [GC (Allocation Failure)  497766K->174340K(1034240K), 0.0028891 secs]
122.198: Total time for which application threads were stopped: 0.0030857 seconds, Stopping threads took: 0.0000225 seconds
122.267: [GC (Allocation Failure)  493828K->178382K(1033216K), 0.0039046 secs]
122.271: Total time for which application threads were stopped: 0.0040552 seconds, Stopping threads took: 0.0000166 seconds
122.339: [GC (Allocation Failure)  497870K->182382K(1034752K), 0.0038174 secs]
122.343: Total time for which application threads were stopped: 0.0039749 seconds, Stopping threads took: 0.0000199 seconds
122.411: [GC (Allocation Failure)  503918K->175596K(1034752K), 0.0012030 secs]
122.412: Total time for which application threads were stopped: 0.0013254 seconds, Stopping threads took: 0.0000259 seconds
122.479: [GC (Allocation Failure)  497132K->182422K(1034752K), 0.0038233 secs]
122.483: Total time for which application threads were stopped: 0.0039881 seconds, Stopping threads took: 0.0000193 seconds
122.549: [GC (Allocation Failure)  503958K->186534K(1034752K), 0.0049270 secs]
122.554: Total time for which application threads were stopped: 0.0051215 seconds, Stopping threads took: 0.0000202 seconds
122.621: [GC (Allocation Failure)  508070K->181028K(1034752K), 0.0017380 secs]
122.622: Total time for which application threads were stopped: 0.0018808 seconds, Stopping threads took: 0.0000172 seconds
122.689: [GC (Allocation Failure)  502564K->186814K(1034752K), 0.0039158 secs]
122.693: Total time for which application threads were stopped: 0.0041109 seconds, Stopping threads took: 0.0000200 seconds
122.762: [GC (Allocation Failure)  508350K->190718K(1034752K), 0.0043888 secs]
122.767: Total time for which application threads were stopped: 0.0045743 seconds, Stopping threads took: 0.0000196 seconds
122.835: [GC (Allocation Failure)  513207K->186748K(1035264K), 0.0026131 secs]
122.838: Total time for which application threads were stopped: 0.0027791 seconds, Stopping threads took: 0.0000204 seconds
122.907: [GC (Allocation Failure)  509308K->190774K(1036288K), 0.0047118 secs]
122.911: Total time for which application threads were stopped: 0.0049159 seconds, Stopping threads took: 0.0000281 seconds
122.980: [GC (Allocation Failure)  514870K->194806K(1035776K), 0.0039026 secs]
122.984: Total time for which application threads were stopped: 0.0040728 seconds, Stopping threads took: 0.0000210 seconds
123.055: [GC (Allocation Failure)  518902K->194806K(1035776K), 0.0040480 secs]
123.059: Total time for which application threads were stopped: 0.0042297 seconds, Stopping threads took: 0.0000201 seconds
123.128: [GC (Allocation Failure)  518390K->194870K(1023488K), 0.0041427 secs]
123.132: Total time for which application threads were stopped: 0.0043196 seconds, Stopping threads took: 0.0000194 seconds
123.198: [GC (Allocation Failure)  518454K->202841K(1035264K), 0.0041223 secs]
123.202: Total time for which application threads were stopped: 0.0042940 seconds, Stopping threads took: 0.0000206 seconds
123.272: [GC (Allocation Failure)  525401K->202841K(1030144K), 0.0038987 secs]
123.276: Total time for which application threads were stopped: 0.0040701 seconds, Stopping threads took: 0.0000204 seconds
123.343: [GC (Allocation Failure)  525401K->202905K(1034752K), 0.0040986 secs]
123.347: Total time for which application threads were stopped: 0.0042613 seconds, Stopping threads took: 0.0000196 seconds
123.415: [GC (Allocation Failure)  524441K->210907K(1029120K), 0.0039975 secs]
123.419: Total time for which application threads were stopped: 0.0041906 seconds, Stopping threads took: 0.0000262 seconds
123.489: [GC (Allocation Failure)  532443K->210875K(1034240K), 0.0037643 secs]
123.492: Total time for which application threads were stopped: 0.0039390 seconds, Stopping threads took: 0.0000202 seconds
123.562: [GC (Allocation Failure)  531387K->211139K(1034240K), 0.0040910 secs]
123.566: Total time for which application threads were stopped: 0.0043030 seconds, Stopping threads took: 0.0000174 seconds
123.635: [GC (Allocation Failure)  531651K->218917K(1034240K), 0.0039848 secs]
123.639: Total time for which application threads were stopped: 0.0041449 seconds, Stopping threads took: 0.0000195 seconds
123.707: [GC (Allocation Failure)  539429K->218917K(1034240K), 0.0039919 secs]
123.711: Total time for which application threads were stopped: 0.0041613 seconds, Stopping threads took: 0.0000201 seconds
123.778: [GC (Allocation Failure)  539429K->219365K(1033216K), 0.0043490 secs]
123.782: Total time for which application threads were stopped: 0.0045189 seconds, Stopping threads took: 0.0000203 seconds
123.850: [GC (Allocation Failure)  538853K->226951K(1033728K), 0.0042374 secs]
123.854: Total time for which application threads were stopped: 0.0044136 seconds, Stopping threads took: 0.0000197 seconds
123.923: [GC (Allocation Failure)  546439K->226983K(1033728K), 0.0040483 secs]
123.928: Total time for which application threads were stopped: 0.0042324 seconds, Stopping threads took: 0.0000198 seconds
123.994: [GC (Allocation Failure)  546471K->227079K(1033728K), 0.0040906 secs]
123.999: Total time for which application threads were stopped: 0.0042701 seconds, Stopping threads took: 0.0000269 seconds
124.066: [GC (Allocation Failure)  546567K->235018K(1033728K), 0.0040082 secs]
124.071: Total time for which application threads were stopped: 0.0041913 seconds, Stopping threads took: 0.0000205 seconds
124.138: [GC (Allocation Failure)  554506K->234986K(1033728K), 0.0040903 secs]
124.142: Total time for which application threads were stopped: 0.0042591 seconds, Stopping threads took: 0.0000200 seconds
124.209: [GC (Allocation Failure)  554474K->235050K(1033728K), 0.0042145 secs]
124.214: Total time for which application threads were stopped: 0.0043868 seconds, Stopping threads took: 0.0000205 seconds
124.281: [GC (Allocation Failure)  554538K->243020K(1027072K), 0.0042893 secs]
124.285: Total time for which application threads were stopped: 0.0044767 seconds, Stopping threads took: 0.0000211 seconds
124.353: [GC (Allocation Failure)  562507K->239114K(1034240K), 0.0030668 secs]
124.356: Total time for which application threads were stopped: 0.0032329 seconds, Stopping threads took: 0.0000202 seconds
124.425: [GC (Allocation Failure)  558602K->243180K(1033216K), 0.0041229 secs]
124.429: Total time for which application threads were stopped: 0.0042805 seconds, Stopping threads took: 0.0000257 seconds
124.497: [GC (Allocation Failure)  562668K->247148K(1034752K), 0.0042101 secs]
124.501: Total time for which application threads were stopped: 0.0043879 seconds, Stopping threads took: 0.0000222 seconds
124.568: [GC (Allocation Failure)  568684K->240394K(1034752K), 0.0023829 secs]
124.570: Total time for which application threads were stopped: 0.0025237 seconds, Stopping threads took: 0.0000204 seconds
124.637: [GC (Allocation Failure)  561930K->247212K(1034752K), 0.0040983 secs]
124.641: Total time for which application threads were stopped: 0.0042894 seconds, Stopping threads took: 0.0000215 seconds
124.709: [GC (Allocation Failure)  568748K->251292K(1034752K), 0.0051107 secs]
124.715: Total time for which application threads were stopped: 0.0052933 seconds, Stopping threads took: 0.0000216 seconds
124.781: [GC (Allocation Failure)  572828K->245754K(1034752K), 0.0021852 secs]
124.783: Total time for which application threads were stopped: 0.0023563 seconds, Stopping threads took: 0.0000201 seconds
124.853: [GC (Allocation Failure)  567290K->251564K(1034752K), 0.0040788 secs]
124.857: Total time for which application threads were stopped: 0.0042526 seconds, Stopping threads took: 0.0000202 seconds
124.926: [GC (Allocation Failure)  573100K->255436K(1034752K), 0.0044638 secs]
124.930: Total time for which application threads were stopped: 0.0046119 seconds, Stopping threads took: 0.0000172 seconds
124.998: [GC (Allocation Failure)  577924K->251530K(1035264K), 0.0028719 secs]
125.001: Total time for which application threads were stopped: 0.0030262 seconds, Stopping threads took: 0.0000200 seconds
125.072: [GC (Allocation Failure)  574090K->255596K(1036288K), 0.0042439 secs]
125.076: Total time for which application threads were stopped: 0.0044053 seconds, Stopping threads took: 0.0000199 seconds
125.146: [GC (Allocation Failure)  579692K->259564K(1035776K), 0.0041482 secs]
125.150: Total time for which application threads were stopped: 0.0043129 seconds, Stopping threads took: 0.0000204 seconds
125.218: [GC (Allocation Failure)  583660K->259596K(1035776K), 0.0040881 secs]
125.223: Total time for which application threads were stopped: 0.0042493 seconds, Stopping threads took: 0.0000198 seconds
125.292: [GC (Allocation Failure)  583180K->259628K(1023488K), 0.0042849 secs]
125.296: Total time for which application threads were stopped: 0.0044638 seconds, Stopping threads took: 0.0000213 seconds
125.363: [GC (Allocation Failure)  583212K->267598K(1035264K), 0.0041950 secs]
125.367: Total time for which application threads were stopped: 0.0043830 seconds, Stopping threads took: 0.0000202 seconds
125.436: [GC (Allocation Failure)  590158K->267598K(1030144K), 0.0039897 secs]
125.440: Total time for which application threads were stopped: 0.0041559 seconds, Stopping threads took: 0.0000264 seconds
125.508: [GC (Allocation Failure)  590158K->267662K(1034752K), 0.0040542 secs]
125.512: Total time for which application threads were stopped: 0.0042507 seconds, Stopping threads took: 0.0000214 seconds
125.585: [GC (Allocation Failure)  589198K->275600K(1034752K), 0.0043317 secs]
125.589: Total time for which application threads were stopped: 0.0044939 seconds, Stopping threads took: 0.0000200 seconds
125.657: [GC (Allocation Failure)  597136K->275632K(1033728K), 0.0040982 secs]
125.661: Total time for which application threads were stopped: 0.0042589 seconds, Stopping threads took: 0.0000201 seconds
125.728: [GC (Allocation Failure)  596144K->275880K(1034240K), 0.0042073 secs]
125.732: Total time for which application threads were stopped: 0.0043806 seconds, Stopping threads took: 0.0000200 seconds
125.800: [GC (Allocation Failure)  596392K->283659K(1034240K), 0.0040050 secs]
125.804: Total time for which application threads were stopped: 0.0041601 seconds, Stopping threads took: 0.0000198 seconds
125.872: [GC (Allocation Failure)  604171K->283659K(1034240K), 0.0040649 secs]
125.876: Total time for which application threads were stopped: 0.0042371 seconds, Stopping threads took: 0.0000251 seconds
125.945: [GC (Allocation Failure)  604171K->284099K(1034240K), 0.0041219 secs]
125.949: Total time for which application threads were stopped: 0.0042925 seconds, Stopping threads took: 0.0000206 seconds
126.016: [GC (Allocation Failure)  604611K->291717K(1028096K), 0.0041778 secs]
126.020: Total time for which application threads were stopped: 0.0043499 seconds, Stopping threads took: 0.0000210 seconds
126.086: [GC (Allocation Failure)  612229K->291685K(1033728K), 0.0042285 secs]
126.090: Total time for which application threads were stopped: 0.0044074 seconds, Stopping threads took: 0.0000224 seconds
126.157: [GC (Allocation Failure)  611173K->291821K(1033728K), 0.0044015 secs]
126.162: Total time for which application threads were stopped: 0.0045636 seconds, Stopping threads took: 0.0000200 seconds
126.229: [GC (Allocation Failure)  611309K->299759K(1033728K), 0.0041204 secs]
126.234: Total time for which application threads were stopped: 0.0043148 seconds, Stopping threads took: 0.0000210 seconds
126.303: [GC (Allocation Failure)  619247K->299759K(1033728K), 0.0042604 secs]
126.307: Total time for which application threads were stopped: 0.0044191 seconds, Stopping threads took: 0.0000197 seconds
126.373: [GC (Allocation Failure)  619247K->299783K(1033728K), 0.0041347 secs]
126.377: Total time for which application threads were stopped: 0.0042922 seconds, Stopping threads took: 0.0000197 seconds
126.443: [GC (Allocation Failure)  619271K->307785K(1027072K), 0.0043688 secs]
126.447: Total time for which application threads were stopped: 0.0045502 seconds, Stopping threads took: 0.0000286 seconds
126.512: [GC (Allocation Failure)  627273K->303847K(1034240K), 0.0031708 secs]
126.515: Total time for which application threads were stopped: 0.0033389 seconds, Stopping threads took: 0.0000203 seconds
126.582: [GC (Allocation Failure)  623335K->307913K(1033216K), 0.0043683 secs]
126.587: Total time for which application threads were stopped: 0.0045265 seconds, Stopping threads took: 0.0000195 seconds
126.656: [GC (Allocation Failure)  627401K->311881K(1034752K), 0.0042314 secs]
126.660: Total time for which application threads were stopped: 0.0044106 seconds, Stopping threads took: 0.0000198 seconds
126.727: [GC (Allocation Failure)  633417K->305095K(1034752K), 0.0015060 secs]
126.729: Total time for which application threads were stopped: 0.0016644 seconds, Stopping threads took: 0.0000220 seconds
126.798: [GC (Allocation Failure)  626631K->311953K(1034752K), 0.0039998 secs]
126.802: Total time for which application threads were stopped: 0.0041557 seconds, Stopping threads took: 0.0000169 seconds
126.868: [GC (Allocation Failure)  633489K->316065K(1034752K), 0.0051721 secs]
126.874: Total time for which application threads were stopped: 0.0053281 seconds, Stopping threads took: 0.0000205 seconds
126.942: [GC (Allocation Failure)  637601K->310495K(1034752K), 0.0023519 secs]
126.944: Total time for which application threads were stopped: 0.0025054 seconds, Stopping threads took: 0.0000196 seconds
127.013: [GC (Allocation Failure)  632031K->316305K(1034752K), 0.0043169 secs]
127.017: Total time for which application threads were stopped: 0.0044775 seconds, Stopping threads took: 0.0000192 seconds
127.085: [GC (Allocation Failure)  637841K->320177K(1035264K), 0.0045261 secs]
127.089: Total time for which application threads were stopped: 0.0046866 seconds, Stopping threads took: 0.0000200 seconds
127.158: [GC (Allocation Failure)  642666K->316271K(1035264K), 0.0031256 secs]
127.161: Total time for which application threads were stopped: 0.0032952 seconds, Stopping threads took: 0.0000199 seconds
127.230: [GC (Allocation Failure)  638831K->320329K(1036288K), 0.0042184 secs]
127.234: Total time for which application threads were stopped: 0.0043838 seconds, Stopping threads took: 0.0000192 seconds
127.303: [GC (Allocation Failure)  644425K->324297K(1035776K), 0.0041009 secs]
127.308: Total time for which application threads were stopped: 0.0042951 seconds, Stopping threads took: 0.0000206 seconds
127.378: [GC (Allocation Failure)  648393K->324329K(1035776K), 0.0042609 secs]
127.382: Total time for which application threads were stopped: 0.0044306 seconds, Stopping threads took: 0.0000199 seconds
127.450: [GC (Allocation Failure)  647913K->324361K(1023488K), 0.0041922 secs]
127.454: Total time for which application threads were stopped: 0.0043598 seconds, Stopping threads took: 0.0000214 seconds
127.523: [GC (Allocation Failure)  647945K->332364K(1035264K), 0.0041929 secs]
127.527: Total time for which application threads were stopped: 0.0043572 seconds, Stopping threads took: 0.0000251 seconds
127.595: [GC (Allocation Failure)  654924K->332300K(1030144K), 0.0040092 secs]
127.599: Total time for which application threads were stopped: 0.0042002 seconds, Stopping threads took: 0.0000194 seconds
127.667: [GC (Allocation Failure)  654860K->332396K(1034752K), 0.0043034 secs]
127.672: Total time for which application threads were stopped: 0.0044665 seconds, Stopping threads took: 0.0000201 seconds
127.740: [GC (Allocation Failure)  653932K->340366K(1034752K), 0.0045542 secs]
127.744: Total time for which application threads were stopped: 0.0047424 seconds, Stopping threads took: 0.0000199 seconds
127.813: [GC (Allocation Failure)  661902K->340398K(1033728K), 0.0041571 secs]
127.817: Total time for which application threads were stopped: 0.0043334 seconds, Stopping threads took: 0.0000202 seconds
127.885: [GC (Allocation Failure)  660910K->340622K(1034240K), 0.0044129 secs]
127.890: Total time for which application threads were stopped: 0.0046081 seconds, Stopping threads took: 0.0000195 seconds
127.960: [GC (Allocation Failure)  661134K->348400K(1034240K), 0.0042672 secs]
127.964: Total time for which application threads were stopped: 0.0044530 seconds, Stopping threads took: 0.0000204 seconds
128.032: [GC (Allocation Failure)  668912K->348400K(1034240K), 0.0051066 secs]
128.037: Total time for which application threads were stopped: 0.0052784 seconds, Stopping threads took: 0.0000208 seconds
128.104: [GC (Allocation Failure)  668912K->348840K(1033216K), 0.0042327 secs]
128.108: Total time for which application threads were stopped: 0.0044354 seconds, Stopping threads took: 0.0000211 seconds
128.178: [GC (Allocation Failure)  668328K->356427K(1033728K), 0.0042133 secs]
128.182: Total time for which application threads were stopped: 0.0043701 seconds, Stopping threads took: 0.0000169 seconds
128.250: [GC (Allocation Failure)  675915K->356427K(1033728K), 0.0042466 secs]
128.255: Total time for which application threads were stopped: 0.0044125 seconds, Stopping threads took: 0.0000198 seconds
128.320: [GC (Allocation Failure)  675915K->356555K(1033728K), 0.0044209 secs]
128.324: Total time for which application threads were stopped: 0.0045833 seconds, Stopping threads took: 0.0000206 seconds
128.392: [GC (Allocation Failure)  676043K->364493K(1033728K), 0.0043659 secs]
128.396: Total time for which application threads were stopped: 0.0045348 seconds, Stopping threads took: 0.0000202 seconds
128.464: [GC (Allocation Failure)  683981K->364461K(1033728K), 0.0043798 secs]
128.468: Total time for which application threads were stopped: 0.0045392 seconds, Stopping threads took: 0.0000202 seconds
128.535: [GC (Allocation Failure)  683949K->364525K(1033728K), 0.0042417 secs]
128.540: Total time for which application threads were stopped: 0.0044022 seconds, Stopping threads took: 0.0000191 seconds
128.606: [GC (Allocation Failure)  684013K->372527K(1027072K), 0.0059137 secs]
128.612: Total time for which application threads were stopped: 0.0060730 seconds, Stopping threads took: 0.0000200 seconds
128.678: [GC (Allocation Failure)  692015K->368589K(1034240K), 0.0033799 secs]
128.682: Total time for which application threads were stopped: 0.0035618 seconds, Stopping threads took: 0.0000224 seconds
128.749: [GC (Allocation Failure)  688077K->372655K(1033216K), 0.0043895 secs]
128.754: Total time for which application threads were stopped: 0.0045570 seconds, Stopping threads took: 0.0000206 seconds
128.821: [GC (Allocation Failure)  692143K->376591K(1034752K), 0.0042372 secs]
128.826: Total time for which application threads were stopped: 0.0043997 seconds, Stopping threads took: 0.0000198 seconds
128.892: [GC (Allocation Failure)  698127K->369837K(1034752K), 0.0021584 secs]
128.895: Total time for which application threads were stopped: 0.0022954 seconds, Stopping threads took: 0.0000201 seconds
128.963: [GC (Allocation Failure)  691373K->376687K(1034752K), 0.0044207 secs]
128.967: Total time for which application threads were stopped: 0.0046029 seconds, Stopping threads took: 0.0000206 seconds
129.034: [GC (Allocation Failure)  698223K->380767K(1034752K), 0.0053298 secs]
129.040: Total time for which application threads were stopped: 0.0055228 seconds, Stopping threads took: 0.0000208 seconds
129.107: [GC (Allocation Failure)  702303K->375229K(1034752K), 0.0022330 secs]
129.109: Total time for which application threads were stopped: 0.0023752 seconds, Stopping threads took: 0.0000177 seconds
129.176: [GC (Allocation Failure)  696765K->381007K(1034752K), 0.0046991 secs]
129.181: Total time for which application threads were stopped: 0.0048749 seconds, Stopping threads took: 0.0000211 seconds
129.248: [GC (Allocation Failure)  702543K->384943K(1034752K), 0.0048257 secs]
129.253: Total time for which application threads were stopped: 0.0050000 seconds, Stopping threads took: 0.0000206 seconds
129.319: [GC (Allocation Failure)  707431K->381005K(1035264K), 0.0031074 secs]
129.323: Total time for which application threads were stopped: 0.0032547 seconds, Stopping threads took: 0.0000175 seconds
129.391: [GC (Allocation Failure)  703565K->385039K(1036288K), 0.0044507 secs]
129.395: Total time for which application threads were stopped: 0.0046089 seconds, Stopping threads took: 0.0000203 seconds
129.465: [GC (Allocation Failure)  709135K->389071K(1035776K), 0.0041948 secs]
129.470: Total time for which application threads were stopped: 0.0043565 seconds, Stopping threads took: 0.0000254 seconds
129.539: [GC (Allocation Failure)  713167K->389039K(1035776K), 0.0043909 secs]
129.543: Total time for which application threads were stopped: 0.0045732 seconds, Stopping threads took: 0.0000206 seconds
129.611: [GC (Allocation Failure)  712623K->389095K(1023488K), 0.0044000 secs]
129.615: Total time for which application threads were stopped: 0.0045596 seconds, Stopping threads took: 0.0000201 seconds
129.682: [GC (Allocation Failure)  712679K->397065K(1035264K), 0.0045180 secs]
129.687: Total time for which application threads were stopped: 0.0046738 seconds, Stopping threads took: 0.0000194 seconds
129.755: [GC (Allocation Failure)  719625K->397065K(1030144K), 0.0043611 secs]
129.759: Total time for which application threads were stopped: 0.0045268 seconds, Stopping threads took: 0.0000198 seconds
129.827: [GC (Allocation Failure)  719625K->397129K(1034752K), 0.0044390 secs]
129.831: Total time for which application threads were stopped: 0.0046299 seconds, Stopping threads took: 0.0000191 seconds
129.902: [GC (Allocation Failure)  718665K->405132K(1029120K), 0.0056831 secs]
129.908: Total time for which application threads were stopped: 0.0058595 seconds, Stopping threads took: 0.0000169 seconds
129.977: [GC (Allocation Failure)  726668K->405132K(1034240K), 0.0041825 secs]
129.981: Total time for which application threads were stopped: 0.0043552 seconds, Stopping threads took: 0.0000201 seconds
130.048: [GC (Allocation Failure)  725644K->405348K(1034240K), 0.0043264 secs]
130.053: Total time for which application threads were stopped: 0.0045155 seconds, Stopping threads took: 0.0000198 seconds
130.121: [GC (Allocation Failure)  725860K->413158K(1034240K), 0.0044191 secs]
130.125: Total time for which application threads were stopped: 0.0046001 seconds, Stopping threads took: 0.0000210 seconds
130.193: [GC (Allocation Failure)  733670K->413158K(1034240K), 0.0047068 secs]
130.198: Total time for which application threads were stopped: 0.0048817 seconds, Stopping threads took: 0.0000212 seconds
130.266: [GC (Allocation Failure)  733670K->413550K(1033216K), 0.0046402 secs]
130.271: Total time for which application threads were stopped: 0.0048131 seconds, Stopping threads took: 0.0000206 seconds
130.339: [GC (Allocation Failure)  733038K->421200K(1033728K), 0.0046016 secs]
130.344: Total time for which application threads were stopped: 0.0047670 seconds, Stopping threads took: 0.0000200 seconds
130.413: [GC (Allocation Failure)  740688K->421200K(1033728K), 0.0043792 secs]
130.417: Total time for which application threads were stopped: 0.0045488 seconds, Stopping threads took: 0.0000198 seconds
130.482: [GC (Allocation Failure)  740688K->421288K(1033728K), 0.0044246 secs]
130.486: Total time for which application threads were stopped: 0.0045958 seconds, Stopping threads took: 0.0000192 seconds
130.557: [GC (Allocation Failure)  740776K->429226K(1033728K), 0.0042981 secs]
130.561: Total time for which application threads were stopped: 0.0044613 seconds, Stopping threads took: 0.0000200 seconds
130.628: [GC (Allocation Failure)  748714K->429226K(1033728K), 0.0045855 secs]
130.633: Total time for which application threads were stopped: 0.0047664 seconds, Stopping threads took: 0.0000210 seconds
130.701: [GC (Allocation Failure)  748714K->429258K(1032704K), 0.0045514 secs]
130.705: Total time for which application threads were stopped: 0.0047255 seconds, Stopping threads took: 0.0000209 seconds
130.772: [GC (Allocation Failure)  747722K->437229K(1033216K), 0.0063406 secs]
130.779: Total time for which application threads were stopped: 0.0065094 seconds, Stopping threads took: 0.0000203 seconds
130.846: [GC (Allocation Failure)  755693K->431658K(1033728K), 0.0024996 secs]
130.849: Total time for which application threads were stopped: 0.0026484 seconds, Stopping threads took: 0.0000192 seconds
130.916: [GC (Allocation Failure)  750634K->437485K(1033216K), 0.0063633 secs]
130.922: Total time for which application threads were stopped: 0.0065175 seconds, Stopping threads took: 0.0000254 seconds
130.989: [GC (Allocation Failure)  756461K->441373K(1034240K), 0.0048256 secs]
130.994: Total time for which application threads were stopped: 0.0049857 seconds, Stopping threads took: 0.0000201 seconds
131.061: [GC (Allocation Failure)  761885K->447322K(1034240K), 0.0069965 secs]
131.069: Total time for which application threads were stopped: 0.0072003 seconds, Stopping threads took: 0.0000277 seconds
131.138: [GC (Allocation Failure)  767834K->441565K(1030144K), 0.0047438 secs]
131.142: Total time for which application threads were stopped: 0.0049143 seconds, Stopping threads took: 0.0000200 seconds
131.209: [GC (Allocation Failure)  757981K->441405K(1032192K), 0.0045465 secs]
131.214: Total time for which application threads were stopped: 0.0047388 seconds, Stopping threads took: 0.0000206 seconds
131.281: [GC (Allocation Failure)  757821K->437242K(1033216K), 0.0027984 secs]
131.284: Total time for which application threads were stopped: 0.0029539 seconds, Stopping threads took: 0.0000171 seconds
131.352: [GC (Allocation Failure)  755194K->441469K(1032704K), 0.0043829 secs]
131.357: Total time for which application threads were stopped: 0.0045762 seconds, Stopping threads took: 0.0000201 seconds
131.424: [GC (Allocation Failure)  759421K->441373K(1033728K), 0.0045736 secs]
131.429: Total time for which application threads were stopped: 0.0047621 seconds, Stopping threads took: 0.0000260 seconds
131.495: [GC (Allocation Failure)  760349K->444997K(1033216K), 0.0053657 secs]
131.500: Total time for which application threads were stopped: 0.0055377 seconds, Stopping threads took: 0.0000188 seconds
131.569: [GC (Allocation Failure)  763973K->449447K(1034240K), 0.0044620 secs]
131.573: Total time for which application threads were stopped: 0.0046206 seconds, Stopping threads took: 0.0000171 seconds
131.639: [GC (Allocation Failure)  769447K->449415K(1033728K), 0.0045898 secs]
131.644: Total time for which application threads were stopped: 0.0047602 seconds, Stopping threads took: 0.0000192 seconds
131.708: [GC (Allocation Failure)  769415K->452711K(1034240K), 0.0051930 secs]
131.714: Total time for which application threads were stopped: 0.0053654 seconds, Stopping threads took: 0.0000207 seconds
131.781: [GC (Allocation Failure)  773223K->457481K(1034240K), 0.0043911 secs]
131.786: Total time for which application threads were stopped: 0.0045695 seconds, Stopping threads took: 0.0000264 seconds
131.853: [GC (Allocation Failure)  777993K->457449K(1034752K), 0.0044428 secs]
131.858: Total time for which application threads were stopped: 0.0046216 seconds, Stopping threads took: 0.0000260 seconds
131.924: [GC (Allocation Failure)  778985K->459937K(1034752K), 0.0061397 secs]
131.930: Total time for which application threads were stopped: 0.0063296 seconds, Stopping threads took: 0.0000159 seconds
131.998: [GC (Allocation Failure)  781473K->465475K(1034752K), 0.0044577 secs]
132.003: Total time for which application threads were stopped: 0.0046263 seconds, Stopping threads took: 0.0000211 seconds
132.070: [GC (Allocation Failure)  787011K->465475K(1034752K), 0.0045158 secs]
132.075: Total time for which application threads were stopped: 0.0046888 seconds, Stopping threads took: 0.0000200 seconds
132.142: [GC (Allocation Failure)  787011K->469195K(1035264K), 0.0054796 secs]
132.147: Total time for which application threads were stopped: 0.0056433 seconds, Stopping threads took: 0.0000203 seconds
132.215: [GC (Allocation Failure)  791243K->473550K(1034752K), 0.0046984 secs]
132.220: Total time for which application threads were stopped: 0.0048804 seconds, Stopping threads took: 0.0000210 seconds
132.288: [GC (Allocation Failure)  795598K->473550K(1035264K), 0.0043432 secs]
132.292: Total time for which application threads were stopped: 0.0045517 seconds, Stopping threads took: 0.0000202 seconds
132.359: [GC (Allocation Failure)  796110K->476390K(1035264K), 0.0052226 secs]
132.364: Total time for which application threads were stopped: 0.0053918 seconds, Stopping threads took: 0.0000202 seconds
132.433: [GC (Allocation Failure)  798950K->481640K(1035264K), 0.0045043 secs]
132.437: Total time for which application threads were stopped: 0.0046746 seconds, Stopping threads took: 0.0000168 seconds
132.506: [GC (Allocation Failure)  804200K->481544K(1035264K), 0.0045641 secs]
132.510: Total time for which application threads were stopped: 0.0047340 seconds, Stopping threads took: 0.0000199 seconds
132.577: [GC (Allocation Failure)  804104K->484616K(1035264K), 0.0051990 secs]
132.582: Total time for which application threads were stopped: 0.0053817 seconds, Stopping threads took: 0.0000211 seconds
132.652: [GC (Allocation Failure)  807176K->489610K(1035264K), 0.0045377 secs]
132.657: Total time for which application threads were stopped: 0.0047019 seconds, Stopping threads took: 0.0000163 seconds
132.725: [GC (Allocation Failure)  812170K->489578K(1035264K), 0.0047526 secs]
132.730: Total time for which application threads were stopped: 0.0049161 seconds, Stopping threads took: 0.0000206 seconds
132.797: [GC (Allocation Failure)  812138K->484808K(1035264K), 0.0028123 secs]
132.800: Total time for which application threads were stopped: 0.0030029 seconds, Stopping threads took: 0.0000198 seconds
132.870: [GC (Allocation Failure)  807368K->489802K(1035264K), 0.0045848 secs]
132.875: Total time for which application threads were stopped: 0.0047539 seconds, Stopping threads took: 0.0000198 seconds
132.943: [GC (Allocation Failure)  812362K->489578K(1035264K), 0.0045659 secs]
132.948: Total time for which application threads were stopped: 0.0047402 seconds, Stopping threads took: 0.0000204 seconds
133.016: [GC (Allocation Failure)  812138K->489096K(1035776K), 0.0043532 secs]
133.021: Total time for which application threads were stopped: 0.0045120 seconds, Stopping threads took: 0.0000164 seconds
133.089: [GC (Allocation Failure)  812168K->489738K(1035264K), 0.0045496 secs]
133.093: Total time for which application threads were stopped: 0.0047459 seconds, Stopping threads took: 0.0000208 seconds
133.163: [GC (Allocation Failure)  812810K->489546K(1035776K), 0.0046998 secs]
133.168: Total time for which application threads were stopped: 0.0048895 seconds, Stopping threads took: 0.0000204 seconds
133.237: [GC (Allocation Failure)  813130K->495416K(1035776K), 0.0071354 secs]
133.245: Total time for which application threads were stopped: 0.0072863 seconds, Stopping threads took: 0.0000150 seconds
133.313: [GC (Allocation Failure)  819000K->490842K(1032704K), 0.0045875 secs]
133.318: Total time for which application threads were stopped: 0.0047479 seconds, Stopping threads took: 0.0000200 seconds
133.386: [GC (Allocation Failure)  811354K->490682K(1034240K), 0.0046861 secs]
133.391: Total time for which application threads were stopped: 0.0048453 seconds, Stopping threads took: 0.0000199 seconds
133.459: [GC (Allocation Failure)  811194K->497744K(1030656K), 0.0075737 secs]
133.467: Total time for which application threads were stopped: 0.0077436 seconds, Stopping threads took: 0.0000257 seconds
133.535: [GC (Allocation Failure)  815184K->492050K(1032704K), 0.0047159 secs]
133.540: Total time for which application threads were stopped: 0.0048813 seconds, Stopping threads took: 0.0000255 seconds
133.607: [GC (Allocation Failure)  809490K->491986K(1033728K), 0.0045146 secs]
133.612: Total time for which application threads were stopped: 0.0047098 seconds, Stopping threads took: 0.0000206 seconds
133.680: [GC (Allocation Failure)  810962K->489584K(1033216K), 0.0037703 secs]
133.684: Total time for which application threads were stopped: 0.0039370 seconds, Stopping threads took: 0.0000191 seconds
133.751: [GC (Allocation Failure)  808560K->492050K(1034752K), 0.0044110 secs]
133.755: Total time for which application threads were stopped: 0.0045783 seconds, Stopping threads took: 0.0000190 seconds
133.822: [GC (Allocation Failure)  813074K->491986K(1034240K), 0.0045405 secs]
133.827: Total time for which application threads were stopped: 0.0047388 seconds, Stopping threads took: 0.0000204 seconds
133.895: [GC (Allocation Failure)  813010K->487216K(1034240K), 0.0027877 secs]
133.898: Total time for which application threads were stopped: 0.0029339 seconds, Stopping threads took: 0.0000171 seconds
133.966: [GC (Allocation Failure)  808752K->492210K(1034752K), 0.0045397 secs]
133.971: Total time for which application threads were stopped: 0.0047374 seconds, Stopping threads took: 0.0000201 seconds
134.038: [GC (Allocation Failure)  813746K->491986K(1035776K), 0.0047140 secs]
134.043: Total time for which application threads were stopped: 0.0048785 seconds, Stopping threads took: 0.0000206 seconds
134.109: [GC (Allocation Failure)  815058K->489936K(1035264K), 0.0039887 secs]
134.113: Total time for which application threads were stopped: 0.0041599 seconds, Stopping threads took: 0.0000195 seconds
134.179: [GC (Allocation Failure)  813008K->492178K(1036288K), 0.0045713 secs]
134.183: Total time for which application threads were stopped: 0.0047424 seconds, Stopping threads took: 0.0000205 seconds
134.252: [GC (Allocation Failure)  816274K->492018K(1035776K), 0.0045826 secs]
134.256: Total time for which application threads were stopped: 0.0047539 seconds, Stopping threads took: 0.0000202 seconds
134.325: [GC (Allocation Failure)  816114K->497808K(1033216K), 0.0073129 secs]
134.332: Total time for which application threads were stopped: 0.0074988 seconds, Stopping threads took: 0.0000195 seconds
134.400: [GC (Allocation Failure)  819344K->493714K(1034752K), 0.0048726 secs]
134.405: Total time for which application threads were stopped: 0.0050419 seconds, Stopping threads took: 0.0000200 seconds
134.472: [GC (Allocation Failure)  815250K->493618K(1035264K), 0.0045519 secs]
134.477: Total time for which application threads were stopped: 0.0047290 seconds, Stopping threads took: 0.0000289 seconds
134.544: [GC (Allocation Failure)  816178K->501672K(1035264K), 0.0084235 secs]
134.553: Total time for which application threads were stopped: 0.0086104 seconds, Stopping threads took: 0.0000273 seconds
134.621: [GC (Allocation Failure)  824232K->496490K(1032192K), 0.0045996 secs]
134.626: Total time for which application threads were stopped: 0.0047953 seconds, Stopping threads took: 0.0000205 seconds
134.694: [GC (Allocation Failure)  815978K->496394K(1033728K), 0.0044215 secs]
134.699: Total time for which application threads were stopped: 0.0045897 seconds, Stopping threads took: 0.0000172 seconds
134.764: [GC (Allocation Failure)  815882K->502728K(1030656K), 0.0072086 secs]
134.771: Total time for which application threads were stopped: 0.0074033 seconds, Stopping threads took: 0.0000196 seconds
134.839: [GC (Allocation Failure)  819144K->496426K(1032192K), 0.0049116 secs]
134.844: Total time for which application threads were stopped: 0.0050932 seconds, Stopping threads took: 0.0000256 seconds
134.912: [GC (Allocation Failure)  812842K->496426K(1033216K), 0.0060443 secs]
134.918: Total time for which application threads were stopped: 0.0062393 seconds, Stopping threads took: 0.0000205 seconds
134.985: [GC (Allocation Failure)  814378K->490120K(1032704K), 0.0021439 secs]
134.987: Total time for which application threads were stopped: 0.0022992 seconds, Stopping threads took: 0.0000194 seconds
135.057: [GC (Allocation Failure)  808072K->496650K(1033216K), 0.0048383 secs]
135.062: Total time for which application threads were stopped: 0.0050058 seconds, Stopping threads took: 0.0000197 seconds
135.129: [GC (Allocation Failure)  814602K->496426K(1032704K), 0.0044865 secs]
135.133: Total time for which application threads were stopped: 0.0046439 seconds, Stopping threads took: 0.0000200 seconds
135.200: [GC (Allocation Failure)  814378K->496778K(1032704K), 0.0045960 secs]
135.204: Total time for which application threads were stopped: 0.0047698 seconds, Stopping threads took: 0.0000192 seconds
135.274: [GC (Allocation Failure)  815242K->504493K(1033216K), 0.0046762 secs]
135.279: Total time for which application threads were stopped: 0.0048508 seconds, Stopping threads took: 0.0000197 seconds
135.346: [GC (Allocation Failure)  822957K->504461K(1034240K), 0.0046307 secs]
135.351: Total time for which application threads were stopped: 0.0047985 seconds, Stopping threads took: 0.0000191 seconds
135.417: [GC (Allocation Failure)  824461K->506605K(1033728K), 0.0046910 secs]
135.422: Total time for which application threads were stopped: 0.0048524 seconds, Stopping threads took: 0.0000197 seconds
135.490: [GC (Allocation Failure)  826605K->512591K(1034240K), 0.0045406 secs]
135.495: Total time for which application threads were stopped: 0.0047081 seconds, Stopping threads took: 0.0000198 seconds
135.562: [GC (Allocation Failure)  832591K->512495K(1033728K), 0.0046359 secs]
135.567: Total time for which application threads were stopped: 0.0047996 seconds, Stopping threads took: 0.0000199 seconds
135.632: [GC (Allocation Failure)  832495K->515303K(1034752K), 0.0051610 secs]
135.637: Total time for which application threads were stopped: 0.0053226 seconds, Stopping threads took: 0.0000195 seconds
135.706: [GC (Allocation Failure)  836839K->520585K(1034752K), 0.0047728 secs]
135.710: Total time for which application threads were stopped: 0.0049521 seconds, Stopping threads took: 0.0000207 seconds
135.779: [GC (Allocation Failure)  842121K->520553K(1035264K), 0.0046943 secs]
135.784: Total time for which application threads were stopped: 0.0048643 seconds, Stopping threads took: 0.0000199 seconds
135.851: [GC (Allocation Failure)  842601K->520969K(1034752K), 0.0048489 secs]
135.856: Total time for which application threads were stopped: 0.0050209 seconds, Stopping threads took: 0.0000203 seconds
135.925: [GC (Allocation Failure)  843017K->528555K(1034752K), 0.0045031 secs]
135.930: Total time for which application threads were stopped: 0.0046804 seconds, Stopping threads took: 0.0000203 seconds
135.997: [GC (Allocation Failure)  850091K->528555K(1034752K), 0.0047255 secs]
136.002: Total time for which application threads were stopped: 0.0049365 seconds, Stopping threads took: 0.0000635 seconds
136.067: [GC (Allocation Failure)  850091K->530755K(1034752K), 0.0051877 secs]
136.072: Total time for which application threads were stopped: 0.0053474 seconds, Stopping threads took: 0.0000200 seconds
136.140: [GC (Allocation Failure)  852291K->536582K(1034752K), 0.0047822 secs]
136.145: Total time for which application threads were stopped: 0.0049925 seconds, Stopping threads took: 0.0000556 seconds
136.211: [GC (Allocation Failure)  858118K->536582K(1034752K), 0.0046518 secs]
136.216: Total time for which application threads were stopped: 0.0048091 seconds, Stopping threads took: 0.0000192 seconds
136.281: [GC (Allocation Failure)  858118K->539998K(1034752K), 0.0067022 secs]
136.288: Total time for which application threads were stopped: 0.0068682 seconds, Stopping threads took: 0.0000196 seconds
136.354: [GC (Allocation Failure)  861534K->544640K(1035264K), 0.0047625 secs]
136.358: Total time for which application threads were stopped: 0.0049212 seconds, Stopping threads took: 0.0000200 seconds
136.427: [GC (Allocation Failure)  867200K->544640K(1035264K), 0.0047417 secs]
136.432: Total time for which application threads were stopped: 0.0049212 seconds, Stopping threads took: 0.0000282 seconds
136.499: [GC (Allocation Failure)  867200K->547208K(1035264K), 0.0050775 secs]
136.504: Total time for which application threads were stopped: 0.0052629 seconds, Stopping threads took: 0.0000256 seconds
136.572: [GC (Allocation Failure)  869768K->552714K(1035264K), 0.0047220 secs]
136.577: Total time for which application threads were stopped: 0.0048861 seconds, Stopping threads took: 0.0000203 seconds
136.643: [GC (Allocation Failure)  875274K->552714K(1035264K), 0.0048100 secs]
136.648: Total time for which application threads were stopped: 0.0049891 seconds, Stopping threads took: 0.0000202 seconds
136.717: [GC (Allocation Failure)  875274K->555434K(1035264K), 0.0053155 secs]
136.722: Total time for which application threads were stopped: 0.0054861 seconds, Stopping threads took: 0.0000283 seconds
136.790: [GC (Allocation Failure)  877994K->560748K(1035264K), 0.0045798 secs]
136.795: Total time for which application threads were stopped: 0.0047365 seconds, Stopping threads took: 0.0000204 seconds
136.863: [GC (Allocation Failure)  883308K->560684K(1035264K), 0.0047309 secs]
136.868: Total time for which application threads were stopped: 0.0048998 seconds, Stopping threads took: 0.0000202 seconds
136.936: [GC (Allocation Failure)  883244K->563692K(1035264K), 0.0054165 secs]
136.941: Total time for which application threads were stopped: 0.0055777 seconds, Stopping threads took: 0.0000195 seconds
137.010: [GC (Allocation Failure)  886252K->568943K(1035264K), 0.0048047 secs]
137.014: Total time for which application threads were stopped: 0.0049716 seconds, Stopping threads took: 0.0000207 seconds
137.081: [GC (Allocation Failure)  891503K->568751K(1035264K), 0.0049820 secs]
137.086: Total time for which application threads were stopped: 0.0051550 seconds, Stopping threads took: 0.0000207 seconds
137.154: [GC (Allocation Failure)  891311K->563884K(1035264K), 0.0028995 secs]
137.157: Total time for which application threads were stopped: 0.0030724 seconds, Stopping threads took: 0.0000198 seconds
137.228: [GC (Allocation Failure)  886444K->568911K(1035264K), 0.0049075 secs]
137.233: Total time for which application threads were stopped: 0.0050781 seconds, Stopping threads took: 0.0000174 seconds
137.301: [GC (Allocation Failure)  891471K->568719K(1035264K), 0.0047973 secs]
137.306: Total time for which application threads were stopped: 0.0049717 seconds, Stopping threads took: 0.0000216 seconds
137.372: [GC (Allocation Failure)  891279K->568204K(1035776K), 0.0046353 secs]
137.377: Total time for which application threads were stopped: 0.0048199 seconds, Stopping threads took: 0.0000195 seconds
137.447: [GC (Allocation Failure)  891276K->568847K(1035264K), 0.0047373 secs]
137.452: Total time for which application threads were stopped: 0.0049362 seconds, Stopping threads took: 0.0000281 seconds
137.521: [GC (Allocation Failure)  891919K->568719K(1035776K), 0.0047512 secs]
137.526: Total time for which application threads were stopped: 0.0049110 seconds, Stopping threads took: 0.0000176 seconds
137.594: [GC (Allocation Failure)  892303K->574484K(1035776K), 0.0073872 secs]
137.601: Total time for which application threads were stopped: 0.0075647 seconds, Stopping threads took: 0.0000197 seconds
137.670: [GC (Allocation Failure)  898068K->569847K(1032704K), 0.0048813 secs]
137.675: Total time for which application threads were stopped: 0.0050433 seconds, Stopping threads took: 0.0000197 seconds
137.742: [GC (Allocation Failure)  890359K->569751K(1034240K), 0.0045009 secs]
137.747: Total time for which application threads were stopped: 0.0046936 seconds, Stopping threads took: 0.0000197 seconds
137.816: [GC (Allocation Failure)  890263K->576748K(1030656K), 0.0078350 secs]
137.823: Total time for which application threads were stopped: 0.0080061 seconds, Stopping threads took: 0.0000196 seconds
137.891: [GC (Allocation Failure)  894188K->570991K(1032704K), 0.0047289 secs]
137.895: Total time for which application threads were stopped: 0.0048898 seconds, Stopping threads took: 0.0000205 seconds
137.964: [GC (Allocation Failure)  888431K->571055K(1033728K), 0.0045813 secs]
137.968: Total time for which application threads were stopped: 0.0047476 seconds, Stopping threads took: 0.0000201 seconds
138.035: [GC (Allocation Failure)  890031K->568492K(1033216K), 0.0038740 secs]
138.039: Total time for which application threads were stopped: 0.0040342 seconds, Stopping threads took: 0.0000194 seconds
138.107: [GC (Allocation Failure)  887468K->571247K(1034752K), 0.0046857 secs]
138.112: Total time for which application threads were stopped: 0.0048589 seconds, Stopping threads took: 0.0000204 seconds
138.180: [GC (Allocation Failure)  892271K->571023K(1034240K), 0.0049137 secs]
138.185: Total time for which application threads were stopped: 0.0050967 seconds, Stopping threads took: 0.0000205 seconds
138.251: [GC (Allocation Failure)  892047K->566156K(1034240K), 0.0030356 secs]
138.254: Total time for which application threads were stopped: 0.0032065 seconds, Stopping threads took: 0.0000201 seconds
138.322: [GC (Allocation Failure)  887692K->571151K(1034752K), 0.0049881 secs]
138.327: Total time for which application threads were stopped: 0.0051612 seconds, Stopping threads took: 0.0000204 seconds
138.396: [GC (Allocation Failure)  892687K->570991K(1035776K), 0.0047294 secs]
138.401: Total time for which application threads were stopped: 0.0049249 seconds, Stopping threads took: 0.0000211 seconds
138.468: [GC (Allocation Failure)  894063K->568908K(1035264K), 0.0040012 secs]
138.472: Total time for which application threads were stopped: 0.0041713 seconds, Stopping threads took: 0.0000275 seconds
138.538: [GC (Allocation Failure)  891980K->571087K(1036288K), 0.0048466 secs]
138.543: Total time for which application threads were stopped: 0.0050167 seconds, Stopping threads took: 0.0000200 seconds
138.611: [GC (Allocation Failure)  895183K->570991K(1035776K), 0.0046018 secs]
138.616: Total time for which application threads were stopped: 0.0047616 seconds, Stopping threads took: 0.0000201 seconds
138.684: [GC (Allocation Failure)  895087K->576740K(1033216K), 0.0073708 secs]
138.691: Total time for which application threads were stopped: 0.0075398 seconds, Stopping threads took: 0.0000187 seconds
138.759: [GC (Allocation Failure)  898276K->572583K(1034752K), 0.0045705 secs]
138.763: Total time for which application threads were stopped: 0.0047654 seconds, Stopping threads took: 0.0000208 seconds
138.832: [GC (Allocation Failure)  894119K->572519K(1035264K), 0.0049620 secs]
138.837: Total time for which application threads were stopped: 0.0051320 seconds, Stopping threads took: 0.0000200 seconds
138.905: [GC (Allocation Failure)  895079K->580548K(1035264K), 0.0111079 secs]
138.916: Total time for which application threads were stopped: 0.0113240 seconds, Stopping threads took: 0.0000163 seconds
138.984: [GC (Allocation Failure)  903108K->575303K(1032192K), 0.0047952 secs]
138.989: Total time for which application threads were stopped: 0.0049648 seconds, Stopping threads took: 0.0000200 seconds
139.056: [GC (Allocation Failure)  894791K->575303K(1033728K), 0.0049574 secs]
139.061: Total time for which application threads were stopped: 0.0051310 seconds, Stopping threads took: 0.0000217 seconds
139.126: [GC (Allocation Failure)  894791K->581476K(1031680K), 0.0076300 secs]
139.133: Total time for which application threads were stopped: 0.0077993 seconds, Stopping threads took: 0.0000200 seconds
139.200: [GC (Allocation Failure)  898916K->575495K(1032704K), 0.0048323 secs]
139.205: Total time for which application threads were stopped: 0.0049971 seconds, Stopping threads took: 0.0000198 seconds
139.271: [GC (Allocation Failure)  892935K->575303K(1033216K), 0.0046642 secs]
139.276: Total time for which application threads were stopped: 0.0048592 seconds, Stopping threads took: 0.0000195 seconds
139.344: [GC (Allocation Failure)  893767K->571428K(1033216K), 0.0031590 secs]
139.348: Total time for which application threads were stopped: 0.0033190 seconds, Stopping threads took: 0.0000173 seconds
139.417: [GC (Allocation Failure)  889892K->575399K(1033728K), 0.0048372 secs]
139.422: Total time for which application threads were stopped: 0.0050390 seconds, Stopping threads took: 0.0000214 seconds
139.491: [GC (Allocation Failure)  894375K->575271K(1033216K), 0.0045120 secs]
139.495: Total time for which application threads were stopped: 0.0046718 seconds, Stopping threads took: 0.0000195 seconds
139.562: [GC (Allocation Failure)  894247K->576591K(1033216K), 0.0050050 secs]
139.567: Total time for which application threads were stopped: 0.0051749 seconds, Stopping threads took: 0.0000268 seconds
139.634: [GC (Allocation Failure)  896079K->583345K(1033728K), 0.0047068 secs]
139.639: Total time for which application threads were stopped: 0.0049069 seconds, Stopping threads took: 0.0000200 seconds
139.706: [GC (Allocation Failure)  902833K->583345K(1034752K), 0.0048644 secs]
139.711: Total time for which application threads were stopped: 0.0050293 seconds, Stopping threads took: 0.0000198 seconds
139.777: [GC (Allocation Failure)  904369K->585321K(1034240K), 0.0049207 secs]
139.782: Total time for which application threads were stopped: 0.0050808 seconds, Stopping threads took: 0.0000196 seconds
139.850: [GC (Allocation Failure)  906345K->591371K(1034752K), 0.0049899 secs]
139.855: Total time for which application threads were stopped: 0.0051620 seconds, Stopping threads took: 0.0000203 seconds
139.923: [GC (Allocation Failure)  912395K->591403K(1034240K), 0.0050124 secs]
139.928: Total time for which application threads were stopped: 0.0051935 seconds, Stopping threads took: 0.0000146 seconds
139.993: [GC (Allocation Failure)  912427K->593035K(1034752K), 0.0048360 secs]
139.998: Total time for which application threads were stopped: 0.0050365 seconds, Stopping threads took: 0.0000278 seconds
140.068: [GC (Allocation Failure)  914571K->599437K(1034752K), 0.0047993 secs]
140.073: Total time for which application threads were stopped: 0.0049515 seconds, Stopping threads took: 0.0000175 seconds
140.139: [GC (Allocation Failure)  920973K->599405K(1035264K), 0.0046747 secs]
140.144: Total time for which application threads were stopped: 0.0048400 seconds, Stopping threads took: 0.0000205 seconds
140.212: [GC (Allocation Failure)  921453K->602829K(1034752K), 0.0053968 secs]
140.218: Total time for which application threads were stopped: 0.0055701 seconds, Stopping threads took: 0.0000213 seconds
140.286: [GC (Allocation Failure)  924877K->607600K(1035264K), 0.0047996 secs]
140.291: Total time for which application threads were stopped: 0.0049733 seconds, Stopping threads took: 0.0000208 seconds
140.360: [GC (Allocation Failure)  930160K->607440K(1035264K), 0.0049233 secs]
140.365: Total time for which application threads were stopped: 0.0050986 seconds, Stopping threads took: 0.0000215 seconds
140.432: [GC (Allocation Failure)  930000K->610536K(1035264K), 0.0052713 secs]
140.437: Total time for which application threads were stopped: 0.0054383 seconds, Stopping threads took: 0.0000277 seconds
140.506: [GC (Allocation Failure)  933096K->615530K(1035264K), 0.0048528 secs]
140.511: Total time for which application threads were stopped: 0.0050108 seconds, Stopping threads took: 0.0000199 seconds
140.579: [GC (Allocation Failure)  938090K->615498K(1035264K), 0.0055562 secs]
140.584: Total time for which application threads were stopped: 0.0057370 seconds, Stopping threads took: 0.0000204 seconds
140.652: [GC (Allocation Failure)  938058K->610696K(1035264K), 0.0029273 secs]
140.655: Total time for which application threads were stopped: 0.0030863 seconds, Stopping threads took: 0.0000277 seconds
140.722: [GC (Allocation Failure)  933256K->615498K(1035776K), 0.0047381 secs]
140.727: Total time for which application threads were stopped: 0.0049092 seconds, Stopping threads took: 0.0000200 seconds
140.796: [GC (Allocation Failure)  938570K->615466K(1035264K), 0.0047541 secs]
140.801: Total time for which application threads were stopped: 0.0049393 seconds, Stopping threads took: 0.0000208 seconds
140.869: [GC (Allocation Failure)  938538K->616072K(1035776K), 0.0049822 secs]
140.875: Total time for which application threads were stopped: 0.0051412 seconds, Stopping threads took: 0.0000196 seconds
140.946: [GC (Allocation Failure)  939656K->615690K(1035776K), 0.0048531 secs]
140.951: Total time for which application threads were stopped: 0.0050206 seconds, Stopping threads took: 0.0000197 seconds
141.019: [GC (Allocation Failure)  939274K->615466K(1035776K), 0.0048110 secs]
141.024: Total time for which application threads were stopped: 0.0049769 seconds, Stopping threads took: 0.0000197 seconds
141.091: [GC (Allocation Failure)  939050K->623400K(1035776K), 0.0085721 secs]
141.100: Total time for which application threads were stopped: 0.0087716 seconds, Stopping threads took: 0.0000189 seconds
141.169: [GC (Allocation Failure)  946984K->618858K(1031680K), 0.0048006 secs]
141.174: Total time for which application threads were stopped: 0.0049605 seconds, Stopping threads took: 0.0000171 seconds
141.241: [GC (Allocation Failure)  938346K->618666K(1033728K), 0.0047071 secs]
141.246: Total time for which application threads were stopped: 0.0048765 seconds, Stopping threads took: 0.0000261 seconds
141.312: [GC (Allocation Failure)  938154K->625768K(1030144K), 0.0079349 secs]
141.320: Total time for which application threads were stopped: 0.0081255 seconds, Stopping threads took: 0.0000190 seconds
141.386: [GC (Allocation Failure)  942184K->619594K(1032192K), 0.0057668 secs]
141.392: Total time for which application threads were stopped: 0.0059434 seconds, Stopping threads took: 0.0000212 seconds
141.458: [GC (Allocation Failure)  936010K->619530K(1033728K), 0.0048062 secs]
141.463: Total time for which application threads were stopped: 0.0049781 seconds, Stopping threads took: 0.0000208 seconds
141.528: [GC (Allocation Failure)  938506K->615016K(1033216K), 0.0040283 secs]
141.532: Total time for which application threads were stopped: 0.0042052 seconds, Stopping threads took: 0.0000201 seconds
141.601: [GC (Allocation Failure)  933992K->619594K(1033728K), 0.0048768 secs]
141.606: Total time for which application threads were stopped: 0.0050373 seconds, Stopping threads took: 0.0000199 seconds
141.673: [GC (Allocation Failure)  938570K->619530K(1033216K), 0.0048552 secs]
141.678: Total time for which application threads were stopped: 0.0050537 seconds, Stopping threads took: 0.0000204 seconds
141.745: [GC (Allocation Failure)  938506K->620746K(1032704K), 0.0050191 secs]
141.750: Total time for which application threads were stopped: 0.0051821 seconds, Stopping threads took: 0.0000200 seconds
141.816: [GC (Allocation Failure)  940234K->627564K(1033728K), 0.0047633 secs]
141.821: Total time for which application threads were stopped: 0.0049434 seconds, Stopping threads took: 0.0000195 seconds
141.888: [GC (Allocation Failure)  947052K->627564K(1034752K), 0.0050191 secs]
141.893: Total time for which application threads were stopped: 0.0051798 seconds, Stopping threads took: 0.0000193 seconds
141.960: [GC (Allocation Failure)  948588K->629484K(1034240K), 0.0062305 secs]
141.967: Total time for which application threads were stopped: 0.0064146 seconds, Stopping threads took: 0.0000199 seconds
142.035: [GC (Allocation Failure)  950508K->635599K(1034752K), 0.0047026 secs]
142.040: Total time for which application threads were stopped: 0.0048648 seconds, Stopping threads took: 0.0000201 seconds
142.108: [GC (Allocation Failure)  956623K->635567K(1034240K), 0.0051547 secs]
142.113: Total time for which application threads were stopped: 0.0053253 seconds, Stopping threads took: 0.0000204 seconds
142.181: [GC (Allocation Failure)  956591K->637191K(1034240K), 0.0051013 secs]
142.186: Total time for which application threads were stopped: 0.0052734 seconds, Stopping threads took: 0.0000203 seconds
142.255: [GC (Allocation Failure)  958727K->643625K(1034752K), 0.0049130 secs]
142.260: Total time for which application threads were stopped: 0.0050945 seconds, Stopping threads took: 0.0000208 seconds
142.329: [GC (Allocation Failure)  965161K->643593K(1035264K), 0.0050219 secs]
142.334: Total time for which application threads were stopped: 0.0051810 seconds, Stopping threads took: 0.0000192 seconds
142.401: [GC (Allocation Failure)  965641K->646985K(1034752K), 0.0054156 secs]
142.407: Total time for which application threads were stopped: 0.0055848 seconds, Stopping threads took: 0.0000194 seconds
142.476: [GC (Allocation Failure)  969033K->651723K(1035264K), 0.0049479 secs]
142.481: Total time for which application threads were stopped: 0.0051184 seconds, Stopping threads took: 0.0000265 seconds
142.550: [GC (Allocation Failure)  974283K->651627K(1035264K), 0.0058764 secs]
142.556: Total time for which application threads were stopped: 0.0060542 seconds, Stopping threads took: 0.0000211 seconds
142.623: [GC (Allocation Failure)  974187K->654699K(1035264K), 0.0054604 secs]
142.628: Total time for which application threads were stopped: 0.0056445 seconds, Stopping threads took: 0.0000229 seconds
142.697: [GC (Allocation Failure)  977259K->659725K(1035264K), 0.0048897 secs]
142.702: Total time for which application threads were stopped: 0.0050617 seconds, Stopping threads took: 0.0000206 seconds
142.770: [GC (Allocation Failure)  982285K->659693K(1035264K), 0.0046876 secs]
142.774: Total time for which application threads were stopped: 0.0048612 seconds, Stopping threads took: 0.0000206 seconds
142.842: [GC (Allocation Failure)  982253K->654859K(1035264K), 0.0033378 secs]
142.845: Total time for which application threads were stopped: 0.0035079 seconds, Stopping threads took: 0.0000200 seconds
142.914: [GC (Allocation Failure)  977419K->659885K(1035264K), 0.0064624 secs]
142.921: Total time for which application threads were stopped: 0.0066482 seconds, Stopping threads took: 0.0000250 seconds
142.989: [GC (Allocation Failure)  982445K->659693K(1035264K), 0.0047903 secs]
142.994: Total time for which application threads were stopped: 0.0049534 seconds, Stopping threads took: 0.0000205 seconds
143.061: [GC (Allocation Failure)  982253K->659211K(1035776K), 0.0049230 secs]
143.066: Total time for which application threads were stopped: 0.0050891 seconds, Stopping threads took: 0.0000190 seconds
143.134: [GC (Allocation Failure)  982283K->659853K(1035264K), 0.0048900 secs]
143.139: Total time for which application threads were stopped: 0.0050606 seconds, Stopping threads took: 0.0000203 seconds
143.207: [GC (Allocation Failure)  982925K->659693K(1035776K), 0.0049477 secs]
143.212: Total time for which application threads were stopped: 0.0051074 seconds, Stopping threads took: 0.0000205 seconds
143.281: [GC (Allocation Failure)  983277K->665515K(1035776K), 0.0076245 secs]
143.288: Total time for which application threads were stopped: 0.0078219 seconds, Stopping threads took: 0.0000292 seconds
143.358: [GC (Allocation Failure)  989099K->660909K(1033728K), 0.0050808 secs]
143.363: Total time for which application threads were stopped: 0.0052461 seconds, Stopping threads took: 0.0000200 seconds
143.431: [GC (Allocation Failure)  982445K->660781K(1034752K), 0.0050095 secs]
143.436: Total time for which application threads were stopped: 0.0051765 seconds, Stopping threads took: 0.0000269 seconds
143.502: [GC (Allocation Failure)  982317K->653547K(1033216K), 0.0020477 secs]
143.504: Total time for which application threads were stopped: 0.0022065 seconds, Stopping threads took: 0.0000206 seconds
143.574: [GC (Allocation Failure)  974059K->660893K(1034240K), 0.0048124 secs]
143.579: Total time for which application threads were stopped: 0.0049644 seconds, Stopping threads took: 0.0000173 seconds
143.647: [GC (Allocation Failure)  981405K->664925K(1035264K), 0.0059344 secs]
143.653: Total time for which application threads were stopped: 0.0061278 seconds, Stopping threads took: 0.0000202 seconds
143.721: [GC (Allocation Failure)  986973K->657339K(1034752K), 0.0019291 secs]
143.723: Total time for which application threads were stopped: 0.0020648 seconds, Stopping threads took: 0.0000197 seconds
143.791: [GC (Allocation Failure)  979387K->665029K(1034752K), 0.0050343 secs]
143.796: Total time for which application threads were stopped: 0.0051996 seconds, Stopping threads took: 0.0000211 seconds
143.864: [GC (Allocation Failure)  986565K->669109K(1034752K), 0.0060807 secs]
143.870: Total time for which application threads were stopped: 0.0062469 seconds, Stopping threads took: 0.0000195 seconds
143.937: [GC (Allocation Failure)  990645K->663283K(1034240K), 0.0028126 secs]
143.940: Total time for which application threads were stopped: 0.0029719 seconds, Stopping threads took: 0.0000247 seconds
144.005: [GC (Allocation Failure)  984819K->669381K(1034752K), 0.0051416 secs]
144.011: Total time for which application threads were stopped: 0.0053031 seconds, Stopping threads took: 0.0000196 seconds
144.076: [GC (Allocation Failure)  990917K->673229K(1035776K), 0.0052194 secs]
144.082: Total time for which application threads were stopped: 0.0053910 seconds, Stopping threads took: 0.0000206 seconds
144.149: [GC (Allocation Failure)  996813K->669323K(1035776K), 0.0037572 secs]
144.153: Total time for which application threads were stopped: 0.0039288 seconds, Stopping threads took: 0.0000196 seconds
144.222: [GC (Allocation Failure)  992907K->673389K(1036288K), 0.0050298 secs]
144.227: Total time for which application threads were stopped: 0.0052011 seconds, Stopping threads took: 0.0000217 seconds
144.294: [GC (Allocation Failure)  997485K->677357K(1035776K), 0.0050892 secs]
144.300: Total time for which application threads were stopped: 0.0052622 seconds, Stopping threads took: 0.0000214 seconds
144.369: [GC (Allocation Failure)  1001453K->677325K(1035776K), 0.0049865 secs]
144.374: Total time for which application threads were stopped: 0.0051554 seconds, Stopping threads took: 0.0000200 seconds
144.441: [GC (Allocation Failure)  1000909K->677413K(1023488K), 0.0049058 secs]
144.446: Total time for which application threads were stopped: 0.0050705 seconds, Stopping threads took: 0.0000272 seconds
144.512: [GC (Allocation Failure)  1000997K->685416K(1035264K), 0.0049420 secs]
144.517: Total time for which application threads were stopped: 0.0051416 seconds, Stopping threads took: 0.0000195 seconds
144.585: [GC (Allocation Failure)  1007976K->685384K(1035264K), 0.0048974 secs]
144.590: Total time for which application threads were stopped: 0.0050600 seconds, Stopping threads took: 0.0000199 seconds
144.657: [GC (Allocation Failure)  1007944K->685448K(1034240K), 0.0049590 secs]
144.662: Total time for which application threads were stopped: 0.0051272 seconds, Stopping threads took: 0.0000204 seconds
144.729: [GC (Allocation Failure)  1006984K->693450K(1034752K), 0.0048306 secs]
144.734: Total time for which application threads were stopped: 0.0050108 seconds, Stopping threads took: 0.0000200 seconds
144.801: [GC (Allocation Failure)  1014986K->693418K(1034752K), 0.0049052 secs]
144.806: Total time for which application threads were stopped: 0.0050736 seconds, Stopping threads took: 0.0000200 seconds
144.873: [GC (Allocation Failure)  1014954K->693674K(1021440K), 0.0052491 secs]
144.878: [Full GC (Ergonomics)  693674K->8706K(1021440K), 0.0125965 secs]
144.891: Total time for which application threads were stopped: 0.0181098 seconds, Stopping threads took: 0.0000208 seconds
144.958: [GC (Allocation Failure)  330242K->17637K(1034240K), 0.0039756 secs]
144.962: Total time for which application threads were stopped: 0.0041459 seconds, Stopping threads took: 0.0000200 seconds
145.030: [GC (Allocation Failure)  338149K->17621K(1034240K), 0.0035616 secs]
145.034: Total time for which application threads were stopped: 0.0037118 seconds, Stopping threads took: 0.0000200 seconds
145.102: [GC (Allocation Failure)  338133K->18037K(1033216K), 0.0037502 secs]
145.106: Total time for which application threads were stopped: 0.0039323 seconds, Stopping threads took: 0.0000168 seconds
145.175: [GC (Allocation Failure)  337525K->25655K(1033728K), 0.0035895 secs]
145.179: Total time for which application threads were stopped: 0.0037598 seconds, Stopping threads took: 0.0000202 seconds
145.246: [GC (Allocation Failure)  345143K->25655K(1033728K), 0.0037576 secs]
145.250: Total time for which application threads were stopped: 0.0039505 seconds, Stopping threads took: 0.0000205 seconds
145.316: [GC (Allocation Failure)  345143K->25791K(1033728K), 0.0038851 secs]
145.320: Total time for which application threads were stopped: 0.0040749 seconds, Stopping threads took: 0.0000206 seconds
145.387: [GC (Allocation Failure)  345279K->33697K(1033728K), 0.0036242 secs]
145.391: Total time for which application threads were stopped: 0.0038257 seconds, Stopping threads took: 0.0000217 seconds
145.461: [GC (Allocation Failure)  353185K->33697K(1033728K), 0.0035595 secs]
145.465: Total time for which application threads were stopped: 0.0037305 seconds, Stopping threads took: 0.0000201 seconds
145.532: [GC (Allocation Failure)  353185K->33769K(1033728K), 0.0038570 secs]
145.536: Total time for which application threads were stopped: 0.0040194 seconds, Stopping threads took: 0.0000198 seconds
145.602: [GC (Allocation Failure)  353257K->41772K(1033728K), 0.0037867 secs]
145.605: Total time for which application threads were stopped: 0.0039736 seconds, Stopping threads took: 0.0000209 seconds
145.670: [GC (Allocation Failure)  361259K->37833K(1034240K), 0.0023750 secs]
145.673: Total time for which application threads were stopped: 0.0025315 seconds, Stopping threads took: 0.0000203 seconds
145.742: [GC (Allocation Failure)  357833K->41900K(1033728K), 0.0040127 secs]
145.746: Total time for which application threads were stopped: 0.0041626 seconds, Stopping threads took: 0.0000171 seconds
145.813: [GC (Allocation Failure)  361900K->45900K(1034752K), 0.0037938 secs]
145.817: Total time for which application threads were stopped: 0.0039871 seconds, Stopping threads took: 0.0000197 seconds
145.885: [GC (Allocation Failure)  367436K->40105K(1034752K), 0.0015455 secs]
145.887: Total time for which application threads were stopped: 0.0016710 seconds, Stopping threads took: 0.0000164 seconds
145.955: [GC (Allocation Failure)  361641K->45940K(1035264K), 0.0038063 secs]
145.959: Total time for which application threads were stopped: 0.0039563 seconds, Stopping threads took: 0.0000170 seconds
146.027: [GC (Allocation Failure)  367988K->50044K(1034752K), 0.0040808 secs]
146.031: Total time for which application threads were stopped: 0.0042768 seconds, Stopping threads took: 0.0000204 seconds
146.100: [GC (Allocation Failure)  371830K->46137K(1035776K), 0.0024041 secs]
146.103: Total time for which application threads were stopped: 0.0025787 seconds, Stopping threads took: 0.0000174 seconds
146.170: [GC (Allocation Failure)  369209K->50172K(1035264K), 0.0039492 secs]
146.174: Total time for which application threads were stopped: 0.0041205 seconds, Stopping threads took: 0.0000204 seconds
146.243: [GC (Allocation Failure)  373244K->54172K(1035264K), 0.0037114 secs]
146.247: Total time for which application threads were stopped: 0.0038936 seconds, Stopping threads took: 0.0000169 seconds
146.315: [GC (Allocation Failure)  377756K->54140K(1035776K), 0.0035585 secs]
146.319: Total time for which application threads were stopped: 0.0037298 seconds, Stopping threads took: 0.0000206 seconds
146.386: [GC (Allocation Failure)  377724K->54204K(1034752K), 0.0037247 secs]
146.390: Total time for which application threads were stopped: 0.0038836 seconds, Stopping threads took: 0.0000203 seconds
146.460: [GC (Allocation Failure)  376764K->62206K(1035264K), 0.0037595 secs]
146.463: Total time for which application threads were stopped: 0.0039467 seconds, Stopping threads took: 0.0000254 seconds
146.531: [GC (Allocation Failure)  384766K->62174K(1034240K), 0.0036209 secs]
146.535: Total time for which application threads were stopped: 0.0037729 seconds, Stopping threads took: 0.0000176 seconds
146.602: [GC (Allocation Failure)  383710K->62206K(1034752K), 0.0039060 secs]
146.606: Total time for which application threads were stopped: 0.0040798 seconds, Stopping threads took: 0.0000206 seconds
146.672: [GC (Allocation Failure)  383742K->70240K(1033728K), 0.0040908 secs]
146.677: Total time for which application threads were stopped: 0.0042428 seconds, Stopping threads took: 0.0000204 seconds
146.747: [GC (Allocation Failure)  390752K->70208K(1034240K), 0.0064434 secs]
146.753: Total time for which application threads were stopped: 0.0066124 seconds, Stopping threads took: 0.0000257 seconds
146.820: [GC (Allocation Failure)  390720K->70472K(1034240K), 0.0038552 secs]
146.824: Total time for which application threads were stopped: 0.0040507 seconds, Stopping threads took: 0.0000205 seconds
146.892: [GC (Allocation Failure)  390984K->78282K(1034240K), 0.0097174 secs]
146.902: Total time for which application threads were stopped: 0.0099092 seconds, Stopping threads took: 0.0000200 seconds
146.969: [GC (Allocation Failure)  398794K->78250K(1034240K), 0.0037208 secs]
146.973: Total time for which application threads were stopped: 0.0038788 seconds, Stopping threads took: 0.0000166 seconds
147.039: [GC (Allocation Failure)  398762K->78666K(1020416K), 0.0037929 secs]
147.043: Total time for which application threads were stopped: 0.0039706 seconds, Stopping threads took: 0.0000213 seconds
147.110: [GC (Allocation Failure)  399178K->86317K(1033728K), 0.0040043 secs]
147.114: Total time for which application threads were stopped: 0.0041653 seconds, Stopping threads took: 0.0000193 seconds
147.181: [GC (Allocation Failure)  405805K->86317K(1033728K), 0.0037089 secs]
147.185: Total time for which application threads were stopped: 0.0038781 seconds, Stopping threads took: 0.0000200 seconds
147.252: [GC (Allocation Failure)  405805K->86405K(1033728K), 0.0040085 secs]
147.256: Total time for which application threads were stopped: 0.0041793 seconds, Stopping threads took: 0.0000197 seconds
147.324: [GC (Allocation Failure)  405893K->94311K(1033728K), 0.0039078 secs]
147.328: Total time for which application threads were stopped: 0.0040731 seconds, Stopping threads took: 0.0000204 seconds
147.395: [GC (Allocation Failure)  413797K->90405K(1034240K), 0.0024368 secs]
147.397: Total time for which application threads were stopped: 0.0026019 seconds, Stopping threads took: 0.0000206 seconds
147.465: [GC (Allocation Failure)  410405K->94471K(1033728K), 0.0039319 secs]
147.469: Total time for which application threads were stopped: 0.0040893 seconds, Stopping threads took: 0.0000253 seconds
147.536: [GC (Allocation Failure)  414471K->98439K(1034752K), 0.0044776 secs]
147.540: Total time for which application threads were stopped: 0.0046540 seconds, Stopping threads took: 0.0000206 seconds
147.608: [GC (Allocation Failure)  419975K->92645K(1034752K), 0.0021154 secs]
147.610: Total time for which application threads were stopped: 0.0022950 seconds, Stopping threads took: 0.0000220 seconds
147.678: [GC (Allocation Failure)  414181K->98511K(1035264K), 0.0038070 secs]
147.682: Total time for which application threads were stopped: 0.0039968 seconds, Stopping threads took: 0.0000232 seconds
147.749: [GC (Allocation Failure)  420559K->102583K(1034752K), 0.0054563 secs]
147.754: Total time for which application threads were stopped: 0.0056321 seconds, Stopping threads took: 0.0000205 seconds
147.820: [GC (Allocation Failure)  424369K->98677K(1035776K), 0.0028620 secs]
147.823: Total time for which application threads were stopped: 0.0030156 seconds, Stopping threads took: 0.0000199 seconds
147.891: [GC (Allocation Failure)  421749K->102735K(1035264K), 0.0038611 secs]
147.895: Total time for which application threads were stopped: 0.0040303 seconds, Stopping threads took: 0.0000204 seconds
147.964: [GC (Allocation Failure)  425807K->106703K(1035264K), 0.0038202 secs]
147.968: Total time for which application threads were stopped: 0.0039913 seconds, Stopping threads took: 0.0000293 seconds
148.037: [GC (Allocation Failure)  430287K->106703K(1035776K), 0.0038332 secs]
148.041: Total time for which application threads were stopped: 0.0040036 seconds, Stopping threads took: 0.0000201 seconds
148.110: [GC (Allocation Failure)  430287K->106759K(1034752K), 0.0038964 secs]
148.114: Total time for which application threads were stopped: 0.0040595 seconds, Stopping threads took: 0.0000194 seconds
148.181: [GC (Allocation Failure)  429319K->114729K(1035264K), 0.0038498 secs]
148.185: Total time for which application threads were stopped: 0.0040147 seconds, Stopping threads took: 0.0000206 seconds
148.253: [GC (Allocation Failure)  437289K->114761K(1034240K), 0.0039158 secs]
148.257: Total time for which application threads were stopped: 0.0040925 seconds, Stopping threads took: 0.0000212 seconds
148.327: [GC (Allocation Failure)  436297K->114793K(1034752K), 0.0039972 secs]
148.331: Total time for which application threads were stopped: 0.0041762 seconds, Stopping threads took: 0.0000174 seconds
148.398: [GC (Allocation Failure)  436329K->122795K(1033728K), 0.0039410 secs]
148.402: Total time for which application threads were stopped: 0.0041080 seconds, Stopping threads took: 0.0000279 seconds
148.471: [GC (Allocation Failure)  443307K->122795K(1034240K), 0.0038026 secs]
148.475: Total time for which application threads were stopped: 0.0039731 seconds, Stopping threads took: 0.0000262 seconds
148.542: [GC (Allocation Failure)  443307K->123011K(1034240K), 0.0041422 secs]
148.546: Total time for which application threads were stopped: 0.0043023 seconds, Stopping threads took: 0.0000175 seconds
148.614: [GC (Allocation Failure)  443523K->130822K(1034240K), 0.0040496 secs]
148.619: Total time for which application threads were stopped: 0.0042217 seconds, Stopping threads took: 0.0000204 seconds
148.685: [GC (Allocation Failure)  451334K->130790K(1034240K), 0.0039467 secs]
148.689: Total time for which application threads were stopped: 0.0041110 seconds, Stopping threads took: 0.0000207 seconds
148.756: [GC (Allocation Failure)  451302K->131246K(1020416K), 0.0040819 secs]
148.761: Total time for which application threads were stopped: 0.0042675 seconds, Stopping threads took: 0.0000209 seconds
148.829: [GC (Allocation Failure)  451758K->138832K(1033728K), 0.0040387 secs]
148.833: Total time for which application threads were stopped: 0.0042023 seconds, Stopping threads took: 0.0000211 seconds
148.902: [GC (Allocation Failure)  458320K->138832K(1033728K), 0.0047208 secs]
148.907: Total time for which application threads were stopped: 0.0048896 seconds, Stopping threads took: 0.0000284 seconds
148.973: [GC (Allocation Failure)  458320K->138952K(1033728K), 0.0039800 secs]
148.977: Total time for which application threads were stopped: 0.0041688 seconds, Stopping threads took: 0.0000201 seconds
149.044: [GC (Allocation Failure)  458440K->146858K(1033728K), 0.0040868 secs]
149.048: Total time for which application threads were stopped: 0.0042646 seconds, Stopping threads took: 0.0000211 seconds
149.115: [GC (Allocation Failure)  466345K->142952K(1034240K), 0.0025046 secs]
149.117: Total time for which application threads were stopped: 0.0026558 seconds, Stopping threads took: 0.0000193 seconds
149.185: [GC (Allocation Failure)  462952K->147018K(1033728K), 0.0040751 secs]
149.189: Total time for which application threads were stopped: 0.0042462 seconds, Stopping threads took: 0.0000208 seconds
149.254: [GC (Allocation Failure)  467018K->151018K(1034752K), 0.0041191 secs]
149.259: Total time for which application threads were stopped: 0.0042835 seconds, Stopping threads took: 0.0000209 seconds
149.327: [GC (Allocation Failure)  472554K->145288K(1034752K), 0.0016367 secs]
149.329: Total time for which application threads were stopped: 0.0017868 seconds, Stopping threads took: 0.0000197 seconds
149.399: [GC (Allocation Failure)  466824K->151050K(1035776K), 0.0039890 secs]
149.404: Total time for which application threads were stopped: 0.0041455 seconds, Stopping threads took: 0.0000195 seconds
149.472: [GC (Allocation Failure)  473610K->155130K(1034752K), 0.0043958 secs]
149.477: Total time for which application threads were stopped: 0.0045722 seconds, Stopping threads took: 0.0000200 seconds
149.544: [GC (Allocation Failure)  477428K->151224K(1035776K), 0.0027992 secs]
149.547: Total time for which application threads were stopped: 0.0029538 seconds, Stopping threads took: 0.0000201 seconds
149.615: [GC (Allocation Failure)  474296K->155290K(1035264K), 0.0040577 secs]
149.619: Total time for which application threads were stopped: 0.0042365 seconds, Stopping threads took: 0.0000192 seconds
149.686: [GC (Allocation Failure)  478362K->159258K(1035264K), 0.0039549 secs]
149.690: Total time for which application threads were stopped: 0.0041477 seconds, Stopping threads took: 0.0000207 seconds
149.760: [GC (Allocation Failure)  482842K->159290K(1035776K), 0.0036547 secs]
149.764: Total time for which application threads were stopped: 0.0038472 seconds, Stopping threads took: 0.0000252 seconds
149.830: [GC (Allocation Failure)  482874K->159330K(1034752K), 0.0043019 secs]
149.835: Total time for which application threads were stopped: 0.0045063 seconds, Stopping threads took: 0.0000216 seconds
149.903: [GC (Allocation Failure)  481890K->167300K(1035264K), 0.0049028 secs]
149.908: Total time for which application threads were stopped: 0.0051093 seconds, Stopping threads took: 0.0000277 seconds
149.976: [GC (Allocation Failure)  489860K->167300K(1034240K), 0.0038260 secs]
149.980: Total time for which application threads were stopped: 0.0039743 seconds, Stopping threads took: 0.0000176 seconds
150.049: [GC (Allocation Failure)  488836K->167372K(1034752K), 0.0039344 secs]
150.053: Total time for which application threads were stopped: 0.0040953 seconds, Stopping threads took: 0.0000202 seconds
150.119: [GC (Allocation Failure)  488908K->175311K(1034752K), 0.0040873 secs]
150.123: Total time for which application threads were stopped: 0.0042565 seconds, Stopping threads took: 0.0000196 seconds
150.190: [GC (Allocation Failure)  496847K->175343K(1029120K), 0.0039382 secs]
150.194: Total time for which application threads were stopped: 0.0040958 seconds, Stopping threads took: 0.0000192 seconds
150.259: [GC (Allocation Failure)  496879K->175559K(1034240K), 0.0041038 secs]
150.263: Total time for which application threads were stopped: 0.0042772 seconds, Stopping threads took: 0.0000198 seconds
150.331: [GC (Allocation Failure)  496071K->183337K(1034240K), 0.0039982 secs]
150.335: Total time for which application threads were stopped: 0.0041602 seconds, Stopping threads took: 0.0000199 seconds
150.402: [GC (Allocation Failure)  503849K->183369K(1034240K), 0.0038650 secs]
150.406: Total time for which application threads were stopped: 0.0040292 seconds, Stopping threads took: 0.0000200 seconds
150.474: [GC (Allocation Failure)  503881K->183817K(1034240K), 0.0039451 secs]
150.478: Total time for which application threads were stopped: 0.0041154 seconds, Stopping threads took: 0.0000279 seconds
150.543: [GC (Allocation Failure)  504329K->191435K(1033216K), 0.0055053 secs]
150.549: Total time for which application threads were stopped: 0.0056926 seconds, Stopping threads took: 0.0000274 seconds
150.617: [GC (Allocation Failure)  510923K->191403K(1033728K), 0.0039632 secs]
150.621: Total time for which application threads were stopped: 0.0041398 seconds, Stopping threads took: 0.0000210 seconds
150.685: [GC (Allocation Failure)  510891K->191523K(1033728K), 0.0041227 secs]
150.690: Total time for which application threads were stopped: 0.0042925 seconds, Stopping threads took: 0.0000192 seconds
150.757: [GC (Allocation Failure)  511011K->199462K(1033728K), 0.0065100 secs]
150.763: Total time for which application threads were stopped: 0.0066931 seconds, Stopping threads took: 0.0000194 seconds
150.831: [GC (Allocation Failure)  518950K->199430K(1033728K), 0.0039352 secs]
150.835: Total time for which application threads were stopped: 0.0041024 seconds, Stopping threads took: 0.0000221 seconds
150.904: [GC (Allocation Failure)  518918K->199462K(1033728K), 0.0049188 secs]
150.909: Total time for which application threads were stopped: 0.0051185 seconds, Stopping threads took: 0.0000276 seconds
150.977: [GC (Allocation Failure)  518950K->207464K(1032704K), 0.0041213 secs]
150.981: Total time for which application threads were stopped: 0.0042895 seconds, Stopping threads took: 0.0000283 seconds
151.048: [GC (Allocation Failure)  525928K->201894K(1033216K), 0.0020064 secs]
151.050: Total time for which application threads were stopped: 0.0021620 seconds, Stopping threads took: 0.0000190 seconds
151.118: [GC (Allocation Failure)  520358K->207720K(1034752K), 0.0040646 secs]
151.122: Total time for which application threads were stopped: 0.0042459 seconds, Stopping threads took: 0.0000224 seconds
151.190: [GC (Allocation Failure)  528232K->211608K(1033728K), 0.0041260 secs]
151.194: Total time for which application threads were stopped: 0.0042907 seconds, Stopping threads took: 0.0000204 seconds
151.263: [GC (Allocation Failure)  532120K->218510K(1029120K), 0.0069740 secs]
151.270: Total time for which application threads were stopped: 0.0071387 seconds, Stopping threads took: 0.0000204 seconds
151.337: [GC (Allocation Failure)  533902K->212400K(1031680K), 0.0056064 secs]
151.343: Total time for which application threads were stopped: 0.0057978 seconds, Stopping threads took: 0.0000206 seconds
151.410: [GC (Allocation Failure)  527792K->212240K(1032704K), 0.0042013 secs]
151.414: Total time for which application threads were stopped: 0.0043905 seconds, Stopping threads took: 0.0000227 seconds
151.481: [GC (Allocation Failure)  529168K->215624K(1032192K), 0.0047461 secs]
151.486: Total time for which application threads were stopped: 0.0049396 seconds, Stopping threads took: 0.0000206 seconds
151.555: [GC (Allocation Failure)  532552K->220362K(1033216K), 0.0039686 secs]
151.559: Total time for which application threads were stopped: 0.0041398 seconds, Stopping threads took: 0.0000203 seconds
151.627: [GC (Allocation Failure)  538314K->220266K(1032704K), 0.0042333 secs]
151.632: Total time for which application threads were stopped: 0.0044044 seconds, Stopping threads took: 0.0000204 seconds
151.698: [GC (Allocation Failure)  538218K->221282K(1033216K), 0.0045136 secs]
151.703: Total time for which application threads were stopped: 0.0046850 seconds, Stopping threads took: 0.0000201 seconds
151.771: [GC (Allocation Failure)  539746K->228324K(1033216K), 0.0040295 secs]
151.775: Total time for which application threads were stopped: 0.0041924 seconds, Stopping threads took: 0.0000210 seconds
151.842: [GC (Allocation Failure)  546788K->228324K(1033728K), 0.0040425 secs]
151.847: Total time for which application threads were stopped: 0.0042145 seconds, Stopping threads took: 0.0000206 seconds
151.914: [GC (Allocation Failure)  547300K->229988K(1033216K), 0.0054911 secs]
151.920: Total time for which application threads were stopped: 0.0056534 seconds, Stopping threads took: 0.0000258 seconds
151.987: [GC (Allocation Failure)  548964K->236391K(1033728K), 0.0039386 secs]
151.991: Total time for which application threads were stopped: 0.0041244 seconds, Stopping threads took: 0.0000279 seconds
152.058: [GC (Allocation Failure)  555879K->236327K(1033728K), 0.0041343 secs]
152.062: Total time for which application threads were stopped: 0.0042934 seconds, Stopping threads took: 0.0000196 seconds
152.128: [GC (Allocation Failure)  555815K->236687K(1033728K), 0.0041987 secs]
152.132: Total time for which application threads were stopped: 0.0043703 seconds, Stopping threads took: 0.0000196 seconds
152.199: [GC (Allocation Failure)  556175K->244401K(1033728K), 0.0043084 secs]
152.203: Total time for which application threads were stopped: 0.0044915 seconds, Stopping threads took: 0.0000202 seconds
152.272: [GC (Allocation Failure)  563889K->244369K(1033728K), 0.0039623 secs]
152.276: Total time for which application threads were stopped: 0.0041240 seconds, Stopping threads took: 0.0000201 seconds
152.342: [GC (Allocation Failure)  563857K->247977K(1033728K), 0.0049057 secs]
152.347: Total time for which application threads were stopped: 0.0050669 seconds, Stopping threads took: 0.0000198 seconds
152.416: [GC (Allocation Failure)  567465K->252491K(1034240K), 0.0042348 secs]
152.421: Total time for which application threads were stopped: 0.0043960 seconds, Stopping threads took: 0.0000199 seconds
152.490: [GC (Allocation Failure)  573003K->252395K(1034240K), 0.0040034 secs]
152.495: Total time for which application threads were stopped: 0.0041682 seconds, Stopping threads took: 0.0000205 seconds
152.561: [GC (Allocation Failure)  572907K->253131K(1034240K), 0.0042800 secs]
152.565: Total time for which application threads were stopped: 0.0044441 seconds, Stopping threads took: 0.0000202 seconds
152.633: [GC (Allocation Failure)  573643K->260493K(1034240K), 0.0041834 secs]
152.637: Total time for which application threads were stopped: 0.0043528 seconds, Stopping threads took: 0.0000201 seconds
152.704: [GC (Allocation Failure)  581005K->260429K(1034240K), 0.0040960 secs]
152.709: Total time for which application threads were stopped: 0.0042573 seconds, Stopping threads took: 0.0000202 seconds
152.775: [GC (Allocation Failure)  580941K->261389K(1034240K), 0.0041390 secs]
152.779: Total time for which application threads were stopped: 0.0043045 seconds, Stopping threads took: 0.0000203 seconds
152.847: [GC (Allocation Failure)  581901K->268464K(1034240K), 0.0041201 secs]
152.851: Total time for which application threads were stopped: 0.0042821 seconds, Stopping threads took: 0.0000207 seconds
152.920: [GC (Allocation Failure)  588976K->268432K(1034240K), 0.0048862 secs]
152.925: Total time for which application threads were stopped: 0.0050501 seconds, Stopping threads took: 0.0000264 seconds
152.992: [GC (Allocation Failure)  588944K->269576K(1034240K), 0.0044048 secs]
152.996: Total time for which application threads were stopped: 0.0045772 seconds, Stopping threads took: 0.0000207 seconds
153.066: [GC (Allocation Failure)  590088K->276522K(1034240K), 0.0043581 secs]
153.070: Total time for which application threads were stopped: 0.0045200 seconds, Stopping threads took: 0.0000189 seconds
153.139: [GC (Allocation Failure)  597034K->276490K(1034240K), 0.0041839 secs]
153.144: Total time for which application threads were stopped: 0.0043483 seconds, Stopping threads took: 0.0000198 seconds
153.211: [GC (Allocation Failure)  597002K->276810K(1020416K), 0.0040934 secs]
153.215: Total time for which application threads were stopped: 0.0042642 seconds, Stopping threads took: 0.0000224 seconds
153.283: [GC (Allocation Failure)  597322K->284588K(1033728K), 0.0042861 secs]
153.288: Total time for which application threads were stopped: 0.0044612 seconds, Stopping threads took: 0.0000201 seconds
153.354: [GC (Allocation Failure)  604076K->284556K(1033728K), 0.0042362 secs]
153.359: Total time for which application threads were stopped: 0.0044314 seconds, Stopping threads took: 0.0000211 seconds
153.427: [GC (Allocation Failure)  604044K->285060K(1033728K), 0.0044070 secs]
153.431: Total time for which application threads were stopped: 0.0045909 seconds, Stopping threads took: 0.0000170 seconds
153.500: [GC (Allocation Failure)  604548K->292582K(1033728K), 0.0040768 secs]
153.504: Total time for which application threads were stopped: 0.0042572 seconds, Stopping threads took: 0.0000198 seconds
153.573: [GC (Allocation Failure)  612070K->292518K(1033728K), 0.0042059 secs]
153.578: Total time for which application threads were stopped: 0.0043758 seconds, Stopping threads took: 0.0000201 seconds
153.644: [GC (Allocation Failure)  612006K->293286K(1033728K), 0.0043049 secs]
153.648: Total time for which application threads were stopped: 0.0044655 seconds, Stopping threads took: 0.0000199 seconds
153.718: [GC (Allocation Failure)  612774K->300617K(1033728K), 0.0040930 secs]
153.722: Total time for which application threads were stopped: 0.0042534 seconds, Stopping threads took: 0.0000191 seconds
153.788: [GC (Allocation Failure)  620105K->300585K(1033728K), 0.0043070 secs]
153.793: Total time for which application threads were stopped: 0.0045032 seconds, Stopping threads took: 0.0000203 seconds
153.861: [GC (Allocation Failure)  620073K->302569K(1033728K), 0.0045200 secs]
153.865: Total time for which application threads were stopped: 0.0047104 seconds, Stopping threads took: 0.0000179 seconds
153.936: [GC (Allocation Failure)  622057K->308619K(1033728K), 0.0041233 secs]
153.940: Total time for which application threads were stopped: 0.0043262 seconds, Stopping threads took: 0.0000201 seconds
154.009: [GC (Allocation Failure)  628107K->308651K(1033728K), 0.0042718 secs]
154.014: Total time for which application threads were stopped: 0.0044344 seconds, Stopping threads took: 0.0000205 seconds
154.080: [GC (Allocation Failure)  628139K->309731K(1033728K), 0.0044806 secs]
154.085: Total time for which application threads were stopped: 0.0046456 seconds, Stopping threads took: 0.0000205 seconds
154.153: [GC (Allocation Failure)  629219K->316677K(1033728K), 0.0041946 secs]
154.157: Total time for which application threads were stopped: 0.0043574 seconds, Stopping threads took: 0.0000199 seconds
154.224: [GC (Allocation Failure)  636165K->316645K(1033728K), 0.0042791 secs]
154.229: Total time for which application threads were stopped: 0.0044714 seconds, Stopping threads took: 0.0000198 seconds
154.296: [GC (Allocation Failure)  636133K->317005K(1033728K), 0.0043641 secs]
154.301: Total time for which application threads were stopped: 0.0045206 seconds, Stopping threads took: 0.0000200 seconds
154.369: [GC (Allocation Failure)  636493K->324720K(1033728K), 0.0041440 secs]
154.373: Total time for which application threads were stopped: 0.0043163 seconds, Stopping threads took: 0.0000194 seconds
154.440: [GC (Allocation Failure)  644208K->324688K(1033728K), 0.0042725 secs]
154.444: Total time for which application threads were stopped: 0.0044408 seconds, Stopping threads took: 0.0000197 seconds
154.510: [GC (Allocation Failure)  644176K->325192K(1033728K), 0.0041811 secs]
154.514: Total time for which application threads were stopped: 0.0043432 seconds, Stopping threads took: 0.0000195 seconds
154.582: [GC (Allocation Failure)  644680K->332746K(1033728K), 0.0043913 secs]
154.586: Total time for which application threads were stopped: 0.0045618 seconds, Stopping threads took: 0.0000200 seconds
154.653: [GC (Allocation Failure)  652234K->332746K(1033728K), 0.0044488 secs]
154.657: Total time for which application threads were stopped: 0.0046120 seconds, Stopping threads took: 0.0000200 seconds
154.723: [GC (Allocation Failure)  652234K->333450K(1033728K), 0.0042692 secs]
154.728: Total time for which application threads were stopped: 0.0044301 seconds, Stopping threads took: 0.0000195 seconds
154.795: [GC (Allocation Failure)  652938K->340748K(1033728K), 0.0041124 secs]
154.799: Total time for which application threads were stopped: 0.0042751 seconds, Stopping threads took: 0.0000197 seconds
154.866: [GC (Allocation Failure)  660236K->340780K(1033728K), 0.0043315 secs]
154.870: Total time for which application threads were stopped: 0.0044956 seconds, Stopping threads took: 0.0000198 seconds
154.937: [GC (Allocation Failure)  660268K->341676K(1033728K), 0.0051303 secs]
154.942: Total time for which application threads were stopped: 0.0052902 seconds, Stopping threads took: 0.0000200 seconds
155.012: [GC (Allocation Failure)  661164K->348782K(1033728K), 0.0041878 secs]
155.016: Total time for which application threads were stopped: 0.0043431 seconds, Stopping threads took: 0.0000195 seconds
155.084: [GC (Allocation Failure)  668270K->348782K(1033728K), 0.0044204 secs]
155.089: Total time for which application threads were stopped: 0.0045854 seconds, Stopping threads took: 0.0000192 seconds
155.155: [GC (Allocation Failure)  668270K->348902K(1033728K), 0.0043709 secs]
155.159: Total time for which application threads were stopped: 0.0045383 seconds, Stopping threads took: 0.0000195 seconds
155.227: [GC (Allocation Failure)  668390K->356809K(1027072K), 0.0040679 secs]
155.231: Total time for which application threads were stopped: 0.0042368 seconds, Stopping threads took: 0.0000203 seconds
155.297: [GC (Allocation Failure)  676297K->356809K(1033216K), 0.0044406 secs]
155.302: Total time for which application threads were stopped: 0.0045959 seconds, Stopping threads took: 0.0000194 seconds
155.368: [GC (Allocation Failure)  675273K->357129K(1033216K), 0.0043681 secs]
155.373: Total time for which application threads were stopped: 0.0045439 seconds, Stopping threads took: 0.0000338 seconds
155.440: [GC (Allocation Failure)  675593K->364843K(1033216K), 0.0041247 secs]
155.444: Total time for which application threads were stopped: 0.0043049 seconds, Stopping threads took: 0.0000279 seconds
155.510: [GC (Allocation Failure)  683307K->364843K(1033216K), 0.0043178 secs]
155.514: Total time for which application threads were stopped: 0.0045058 seconds, Stopping threads took: 0.0000196 seconds
155.581: [GC (Allocation Failure)  683307K->365347K(1033216K), 0.0046168 secs]
155.585: Total time for which application threads were stopped: 0.0047955 seconds, Stopping threads took: 0.0000197 seconds
155.651: [GC (Allocation Failure)  683811K->372837K(1033216K), 0.0045106 secs]
155.655: Total time for which application threads were stopped: 0.0047092 seconds, Stopping threads took: 0.0000210 seconds
155.724: [GC (Allocation Failure)  691301K->372869K(1033216K), 0.0044526 secs]
155.729: Total time for which application threads were stopped: 0.0046218 seconds, Stopping threads took: 0.0000168 seconds
155.793: [GC (Allocation Failure)  691333K->373101K(1033216K), 0.0044296 secs]
155.798: Total time for which application threads were stopped: 0.0046053 seconds, Stopping threads took: 0.0000194 seconds
155.865: [GC (Allocation Failure)  691565K->380911K(1033216K), 0.0045169 secs]
155.870: Total time for which application threads were stopped: 0.0046928 seconds, Stopping threads took: 0.0000211 seconds
155.936: [GC (Allocation Failure)  699375K->380911K(1033216K), 0.0045338 secs]
155.940: Total time for which application threads were stopped: 0.0046898 seconds, Stopping threads took: 0.0000169 seconds
156.007: [GC (Allocation Failure)  699375K->381063K(1033216K), 0.0045346 secs]
156.011: Total time for which application threads were stopped: 0.0046968 seconds, Stopping threads took: 0.0000195 seconds
156.078: [GC (Allocation Failure)  699527K->388970K(1033216K), 0.0045357 secs]
156.083: Total time for which application threads were stopped: 0.0047065 seconds, Stopping threads took: 0.0000195 seconds
156.151: [GC (Allocation Failure)  707434K->388970K(1033216K), 0.0044712 secs]
156.155: Total time for which application threads were stopped: 0.0046362 seconds, Stopping threads took: 0.0000210 seconds
156.221: [GC (Allocation Failure)  707434K->389002K(1033216K), 0.0043051 secs]
156.225: Total time for which application threads were stopped: 0.0044696 seconds, Stopping threads took: 0.0000206 seconds
156.293: [GC (Allocation Failure)  707466K->397004K(1033216K), 0.0045039 secs]
156.297: Total time for which application threads were stopped: 0.0046645 seconds, Stopping threads took: 0.0000199 seconds
156.363: [GC (Allocation Failure)  715468K->396972K(1033216K), 0.0044676 secs]
156.368: Total time for which application threads were stopped: 0.0046494 seconds, Stopping threads took: 0.0000204 seconds
156.434: [GC (Allocation Failure)  715436K->397292K(1033216K), 0.0047816 secs]
156.438: Total time for which application threads were stopped: 0.0049463 seconds, Stopping threads took: 0.0000210 seconds
156.505: [GC (Allocation Failure)  715756K->405006K(1033216K), 0.0042648 secs]
156.509: Total time for which application threads were stopped: 0.0044264 seconds, Stopping threads took: 0.0000255 seconds
156.577: [GC (Allocation Failure)  723470K->405006K(1033216K), 0.0044110 secs]
156.582: Total time for which application threads were stopped: 0.0045791 seconds, Stopping threads took: 0.0000194 seconds
156.646: [GC (Allocation Failure)  723470K->405262K(1033216K), 0.0044838 secs]
156.651: Total time for which application threads were stopped: 0.0046560 seconds, Stopping threads took: 0.0000202 seconds
156.717: [GC (Allocation Failure)  723726K->413040K(1033216K), 0.0043756 secs]
156.721: Total time for which application threads were stopped: 0.0045455 seconds, Stopping threads took: 0.0000205 seconds
156.786: [GC (Allocation Failure)  731504K->409134K(1033216K), 0.0033510 secs]
156.790: Total time for which application threads were stopped: 0.0035090 seconds, Stopping threads took: 0.0000195 seconds
156.857: [GC (Allocation Failure)  727598K->413200K(1034752K), 0.0045248 secs]
156.862: Total time for which application threads were stopped: 0.0046972 seconds, Stopping threads took: 0.0000202 seconds
156.930: [GC (Allocation Failure)  733712K->417168K(1033728K), 0.0041678 secs]
156.935: Total time for which application threads were stopped: 0.0043306 seconds, Stopping threads took: 0.0000202 seconds
157.003: [GC (Allocation Failure)  737680K->409326K(1034240K), 0.0013759 secs]
157.004: Total time for which application threads were stopped: 0.0015124 seconds, Stopping threads took: 0.0000276 seconds
157.074: [GC (Allocation Failure)  729838K->417272K(1034240K), 0.0044994 secs]
157.078: Total time for which application threads were stopped: 0.0046711 seconds, Stopping threads took: 0.0000198 seconds
157.146: [GC (Allocation Failure)  737784K->421320K(1033216K), 0.0060244 secs]
157.152: Total time for which application threads were stopped: 0.0061964 seconds, Stopping threads took: 0.0000204 seconds
157.221: [GC (Allocation Failure)  740808K->427078K(1032704K), 0.0069628 secs]
157.228: Total time for which application threads were stopped: 0.0071433 seconds, Stopping threads took: 0.0000192 seconds
157.296: [GC (Allocation Failure)  746566K->421576K(1031680K), 0.0044107 secs]
157.300: Total time for which application threads were stopped: 0.0045775 seconds, Stopping threads took: 0.0000281 seconds
157.369: [GC (Allocation Failure)  737992K->421320K(1032192K), 0.0042749 secs]
157.373: Total time for which application threads were stopped: 0.0044460 seconds, Stopping threads took: 0.0000205 seconds
157.439: [GC (Allocation Failure)  737736K->415974K(1032704K), 0.0027861 secs]
157.442: Total time for which application threads were stopped: 0.0029489 seconds, Stopping threads took: 0.0000199 seconds
157.508: [GC (Allocation Failure)  733414K->421512K(1032704K), 0.0043533 secs]
157.512: Total time for which application threads were stopped: 0.0045420 seconds, Stopping threads took: 0.0000200 seconds
157.579: [GC (Allocation Failure)  738952K->421320K(1033216K), 0.0046676 secs]
157.584: Total time for which application threads were stopped: 0.0048303 seconds, Stopping threads took: 0.0000192 seconds
157.649: [GC (Allocation Failure)  739272K->421672K(1032704K), 0.0044908 secs]
157.654: Total time for which application threads were stopped: 0.0046657 seconds, Stopping threads took: 0.0000197 seconds
157.720: [GC (Allocation Failure)  739624K->429355K(1033216K), 0.0044575 secs]
157.725: Total time for which application threads were stopped: 0.0046209 seconds, Stopping threads took: 0.0000204 seconds
157.792: [GC (Allocation Failure)  747819K->429355K(1033216K), 0.0043901 secs]
157.796: Total time for which application threads were stopped: 0.0045693 seconds, Stopping threads took: 0.0000225 seconds
157.861: [GC (Allocation Failure)  747819K->433483K(1033728K), 0.0054914 secs]
157.866: Total time for which application threads were stopped: 0.0056650 seconds, Stopping threads took: 0.0000201 seconds
157.935: [GC (Allocation Failure)  752459K->437453K(1033216K), 0.0043497 secs]
157.939: Total time for which application threads were stopped: 0.0045239 seconds, Stopping threads took: 0.0000204 seconds
158.007: [GC (Allocation Failure)  756429K->437421K(1034240K), 0.0044645 secs]
158.012: Total time for which application threads were stopped: 0.0046663 seconds, Stopping threads took: 0.0000262 seconds
158.080: [GC (Allocation Failure)  757933K->440709K(1034240K), 0.0052426 secs]
158.086: Total time for which application threads were stopped: 0.0054032 seconds, Stopping threads took: 0.0000167 seconds
158.154: [GC (Allocation Failure)  761221K->445447K(1034240K), 0.0042892 secs]
158.158: Total time for which application threads were stopped: 0.0044543 seconds, Stopping threads took: 0.0000206 seconds
158.226: [GC (Allocation Failure)  765959K->445415K(1034240K), 0.0053459 secs]
158.232: Total time for which application threads were stopped: 0.0055232 seconds, Stopping threads took: 0.0000203 seconds
158.299: [GC (Allocation Failure)  765927K->446887K(1033728K), 0.0045847 secs]
158.303: Total time for which application threads were stopped: 0.0047465 seconds, Stopping threads took: 0.0000196 seconds
158.372: [GC (Allocation Failure)  767399K->453482K(1034240K), 0.0044217 secs]
158.376: Total time for which application threads were stopped: 0.0045873 seconds, Stopping threads took: 0.0000197 seconds
158.444: [GC (Allocation Failure)  773994K->453450K(1034752K), 0.0044847 secs]
158.449: Total time for which application threads were stopped: 0.0046549 seconds, Stopping threads took: 0.0000191 seconds
158.515: [GC (Allocation Failure)  774474K->453546K(1034240K), 0.0071227 secs]
158.523: Total time for which application threads were stopped: 0.0073337 seconds, Stopping threads took: 0.0000252 seconds
158.592: [GC (Allocation Failure)  774570K->461516K(1034240K), 0.0067431 secs]
158.598: Total time for which application threads were stopped: 0.0069005 seconds, Stopping threads took: 0.0000215 seconds
158.665: [GC (Allocation Failure)  782028K->461484K(1034240K), 0.0045113 secs]
158.670: Total time for which application threads were stopped: 0.0046972 seconds, Stopping threads took: 0.0000177 seconds
158.738: [GC (Allocation Failure)  781996K->464404K(1034240K), 0.0051515 secs]
158.743: Total time for which application threads were stopped: 0.0053153 seconds, Stopping threads took: 0.0000200 seconds
158.811: [GC (Allocation Failure)  784916K->469622K(1034240K), 0.0045950 secs]
158.816: Total time for which application threads were stopped: 0.0047673 seconds, Stopping threads took: 0.0000201 seconds
158.883: [GC (Allocation Failure)  790134K->469526K(1034752K), 0.0044655 secs]
158.888: Total time for which application threads were stopped: 0.0046261 seconds, Stopping threads took: 0.0000198 seconds
158.959: [GC (Allocation Failure)  790550K->471062K(1034240K), 0.0045334 secs]
158.963: Total time for which application threads were stopped: 0.0046941 seconds, Stopping threads took: 0.0000257 seconds
159.032: [GC (Allocation Failure)  792086K->477592K(1034240K), 0.0044077 secs]
159.036: Total time for which application threads were stopped: 0.0045777 seconds, Stopping threads took: 0.0000288 seconds
159.105: [GC (Allocation Failure)  798104K->477592K(1034240K), 0.0046676 secs]
159.110: Total time for which application threads were stopped: 0.0048471 seconds, Stopping threads took: 0.0000283 seconds
159.177: [GC (Allocation Failure)  798104K->477784K(1034240K), 0.0046909 secs]
159.181: Total time for which application threads were stopped: 0.0048661 seconds, Stopping threads took: 0.0000210 seconds
159.250: [GC (Allocation Failure)  798296K->485627K(1034240K), 0.0044627 secs]
159.255: Total time for which application threads were stopped: 0.0046288 seconds, Stopping threads took: 0.0000211 seconds
159.322: [GC (Allocation Failure)  806139K->485563K(1034240K), 0.0046236 secs]
159.327: Total time for which application threads were stopped: 0.0047913 seconds, Stopping threads took: 0.0000215 seconds
159.395: [GC (Allocation Failure)  806075K->488059K(1034240K), 0.0048056 secs]
159.400: Total time for which application threads were stopped: 0.0049769 seconds, Stopping threads took: 0.0000201 seconds
159.468: [GC (Allocation Failure)  808571K->493661K(1034240K), 0.0046634 secs]
159.473: Total time for which application threads were stopped: 0.0048396 seconds, Stopping threads took: 0.0000277 seconds
159.542: [GC (Allocation Failure)  814173K->493661K(1034240K), 0.0045041 secs]
159.547: Total time for which application threads were stopped: 0.0046611 seconds, Stopping threads took: 0.0000189 seconds
159.615: [GC (Allocation Failure)  814173K->494277K(1034240K), 0.0048187 secs]
159.620: Total time for which application threads were stopped: 0.0050001 seconds, Stopping threads took: 0.0000201 seconds
159.688: [GC (Allocation Failure)  814789K->501703K(1034240K), 0.0046093 secs]
159.692: Total time for which application threads were stopped: 0.0047753 seconds, Stopping threads took: 0.0000208 seconds
159.760: [GC (Allocation Failure)  822215K->501671K(1034240K), 0.0045169 secs]
159.765: Total time for which application threads were stopped: 0.0046919 seconds, Stopping threads took: 0.0000200 seconds
159.832: [GC (Allocation Failure)  822183K->502503K(1034240K), 0.0047154 secs]
159.837: Total time for which application threads were stopped: 0.0048959 seconds, Stopping threads took: 0.0000220 seconds
159.905: [GC (Allocation Failure)  823015K->509769K(1034240K), 0.0055214 secs]
159.911: Total time for which application threads were stopped: 0.0057192 seconds, Stopping threads took: 0.0000278 seconds
159.980: [GC (Allocation Failure)  830281K->509705K(1034240K), 0.0045962 secs]
159.984: Total time for which application threads were stopped: 0.0047873 seconds, Stopping threads took: 0.0000250 seconds
160.051: [GC (Allocation Failure)  830217K->510729K(1034240K), 0.0048172 secs]
160.056: Total time for which application threads were stopped: 0.0049800 seconds, Stopping threads took: 0.0000205 seconds
160.124: [GC (Allocation Failure)  831241K->517804K(1028096K), 0.0049328 secs]
160.129: Total time for which application threads were stopped: 0.0051031 seconds, Stopping threads took: 0.0000197 seconds
160.196: [GC (Allocation Failure)  838316K->517772K(1033728K), 0.0046516 secs]
160.201: Total time for which application threads were stopped: 0.0048130 seconds, Stopping threads took: 0.0000199 seconds
160.269: [GC (Allocation Failure)  837260K->517956K(1033728K), 0.0046024 secs]
160.273: Total time for which application threads were stopped: 0.0047648 seconds, Stopping threads took: 0.0000192 seconds
160.342: [GC (Allocation Failure)  837444K->525830K(1033728K), 0.0047342 secs]
160.347: Total time for which application threads were stopped: 0.0049027 seconds, Stopping threads took: 0.0000194 seconds
160.414: [GC (Allocation Failure)  845318K->525766K(1033728K), 0.0047596 secs]
160.419: Total time for which application threads were stopped: 0.0049253 seconds, Stopping threads took: 0.0000197 seconds
160.486: [GC (Allocation Failure)  845254K->527214K(1033728K), 0.0046726 secs]
160.491: Total time for which application threads were stopped: 0.0048414 seconds, Stopping threads took: 0.0000283 seconds
160.559: [GC (Allocation Failure)  846702K->533840K(1033728K), 0.0046063 secs]
160.564: Total time for which application threads were stopped: 0.0048070 seconds, Stopping threads took: 0.0000259 seconds
160.631: [GC (Allocation Failure)  853328K->533808K(1033728K), 0.0045648 secs]
160.636: Total time for which application threads were stopped: 0.0047589 seconds, Stopping threads took: 0.0000199 seconds
160.703: [GC (Allocation Failure)  853296K->534440K(1033728K), 0.0046758 secs]
160.708: Total time for which application threads were stopped: 0.0048534 seconds, Stopping threads took: 0.0000201 seconds
160.775: [GC (Allocation Failure)  853928K->541834K(1033728K), 0.0063199 secs]
160.782: Total time for which application threads were stopped: 0.0064971 seconds, Stopping threads took: 0.0000213 seconds
160.849: [GC (Allocation Failure)  861322K->541866K(1033728K), 0.0047920 secs]
160.854: Total time for which application threads were stopped: 0.0049658 seconds, Stopping threads took: 0.0000199 seconds
160.921: [GC (Allocation Failure)  861354K->541898K(1033728K), 0.0046613 secs]
160.926: Total time for which application threads were stopped: 0.0048410 seconds, Stopping threads took: 0.0000153 seconds
160.996: [GC (Allocation Failure)  861386K->549901K(1033728K), 0.0046933 secs]
161.001: Total time for which application threads were stopped: 0.0048928 seconds, Stopping threads took: 0.0000261 seconds
161.068: [GC (Allocation Failure)  869389K->549901K(1033728K), 0.0045648 secs]
161.073: Total time for which application threads were stopped: 0.0047476 seconds, Stopping threads took: 0.0000208 seconds
161.139: [GC (Allocation Failure)  869389K->550893K(1033728K), 0.0049647 secs]
161.144: Total time for which application threads were stopped: 0.0051546 seconds, Stopping threads took: 0.0000215 seconds
161.212: [GC (Allocation Failure)  870381K->557871K(1033728K), 0.0046866 secs]
161.217: Total time for which application threads were stopped: 0.0048575 seconds, Stopping threads took: 0.0000196 seconds
161.284: [GC (Allocation Failure)  877359K->557935K(1033728K), 0.0044966 secs]
161.288: Total time for which application threads were stopped: 0.0046982 seconds, Stopping threads took: 0.0000213 seconds
161.357: [GC (Allocation Failure)  877423K->558119K(1033728K), 0.0047601 secs]
161.362: Total time for which application threads were stopped: 0.0049171 seconds, Stopping threads took: 0.0000201 seconds
161.431: [GC (Allocation Failure)  877607K->565961K(1027072K), 0.0045798 secs]
161.435: Total time for which application threads were stopped: 0.0047401 seconds, Stopping threads took: 0.0000206 seconds
161.503: [GC (Allocation Failure)  885449K->565929K(1033216K), 0.0047068 secs]
161.508: Total time for which application threads were stopped: 0.0048775 seconds, Stopping threads took: 0.0000283 seconds
161.574: [GC (Allocation Failure)  884393K->566313K(1033216K), 0.0048340 secs]
161.579: Total time for which application threads were stopped: 0.0050045 seconds, Stopping threads took: 0.0000197 seconds
161.645: [GC (Allocation Failure)  884777K->573995K(1033216K), 0.0047359 secs]
161.649: Total time for which application threads were stopped: 0.0048922 seconds, Stopping threads took: 0.0000192 seconds
161.715: [GC (Allocation Failure)  892459K->573963K(1033216K), 0.0049425 secs]
161.720: Total time for which application threads were stopped: 0.0051015 seconds, Stopping threads took: 0.0000195 seconds
161.786: [GC (Allocation Failure)  892427K->574563K(1033216K), 0.0050500 secs]
161.791: Total time for which application threads were stopped: 0.0052123 seconds, Stopping threads took: 0.0000199 seconds
161.857: [GC (Allocation Failure)  893027K->581990K(1033216K), 0.0048254 secs]
161.862: Total time for which application threads were stopped: 0.0049858 seconds, Stopping threads took: 0.0000194 seconds
161.930: [GC (Allocation Failure)  900454K->581990K(1033216K), 0.0047723 secs]
161.935: Total time for which application threads were stopped: 0.0049426 seconds, Stopping threads took: 0.0000193 seconds
162.001: [GC (Allocation Failure)  900454K->582830K(1033216K), 0.0049787 secs]
162.006: Total time for which application threads were stopped: 0.0051561 seconds, Stopping threads took: 0.0000278 seconds
162.073: [GC (Allocation Failure)  901294K->590064K(1033216K), 0.0046324 secs]
162.078: Total time for which application threads were stopped: 0.0048280 seconds, Stopping threads took: 0.0000205 seconds
162.145: [GC (Allocation Failure)  908528K->590032K(1033216K), 0.0046918 secs]
162.150: Total time for which application threads were stopped: 0.0048504 seconds, Stopping threads took: 0.0000168 seconds
162.217: [GC (Allocation Failure)  908496K->591048K(1033728K), 0.0049734 secs]
162.222: Total time for which application threads were stopped: 0.0051385 seconds, Stopping threads took: 0.0000205 seconds
162.289: [GC (Allocation Failure)  910024K->598090K(1033216K), 0.0047076 secs]
162.294: Total time for which application threads were stopped: 0.0048653 seconds, Stopping threads took: 0.0000193 seconds
162.362: [GC (Allocation Failure)  917066K->598026K(1033216K), 0.0045824 secs]
162.367: Total time for which application threads were stopped: 0.0047759 seconds, Stopping threads took: 0.0000195 seconds
162.432: [GC (Allocation Failure)  916490K->598218K(1033216K), 0.0047115 secs]
162.437: Total time for which application threads were stopped: 0.0048943 seconds, Stopping threads took: 0.0000169 seconds
162.506: [GC (Allocation Failure)  916682K->606125K(1033216K), 0.0049635 secs]
162.511: Total time for which application threads were stopped: 0.0051474 seconds, Stopping threads took: 0.0000167 seconds
162.578: [GC (Allocation Failure)  924589K->606061K(1033216K), 0.0048582 secs]
162.583: Total time for which application threads were stopped: 0.0050184 seconds, Stopping threads took: 0.0000168 seconds
162.648: [GC (Allocation Failure)  924525K->606469K(1033216K), 0.0049588 secs]
162.653: Total time for which application threads were stopped: 0.0051667 seconds, Stopping threads took: 0.0000200 seconds
162.720: [GC (Allocation Failure)  924933K->614119K(1033216K), 0.0048392 secs]
162.725: Total time for which application threads were stopped: 0.0050230 seconds, Stopping threads took: 0.0000175 seconds
162.794: [GC (Allocation Failure)  932583K->614151K(1033216K), 0.0046174 secs]
162.799: Total time for which application threads were stopped: 0.0047769 seconds, Stopping threads took: 0.0000190 seconds
162.863: [GC (Allocation Failure)  932615K->614183K(1033216K), 0.0048624 secs]
162.868: Total time for which application threads were stopped: 0.0050220 seconds, Stopping threads took: 0.0000194 seconds
162.936: [GC (Allocation Failure)  932647K->622153K(1033216K), 0.0049481 secs]
162.941: Total time for which application threads were stopped: 0.0051262 seconds, Stopping threads took: 0.0000194 seconds
163.007: [GC (Allocation Failure)  940617K->622121K(1033216K), 0.0049407 secs]
163.012: Total time for which application threads were stopped: 0.0051095 seconds, Stopping threads took: 0.0000281 seconds
163.078: [GC (Allocation Failure)  940585K->622409K(1033216K), 0.0048609 secs]
163.083: Total time for which application threads were stopped: 0.0050517 seconds, Stopping threads took: 0.0000199 seconds
163.151: [GC (Allocation Failure)  940873K->630219K(1033216K), 0.0046619 secs]
163.156: Total time for which application threads were stopped: 0.0048203 seconds, Stopping threads took: 0.0000168 seconds
163.224: [GC (Allocation Failure)  948683K->630187K(1033216K), 0.0048417 secs]
163.229: Total time for which application threads were stopped: 0.0050369 seconds, Stopping threads took: 0.0000201 seconds
163.295: [GC (Allocation Failure)  948651K->630411K(1033216K), 0.0049605 secs]
163.300: Total time for which application threads were stopped: 0.0051498 seconds, Stopping threads took: 0.0000217 seconds
163.367: [GC (Allocation Failure)  948875K->638222K(1033216K), 0.0047981 secs]
163.372: Total time for which application threads were stopped: 0.0049943 seconds, Stopping threads took: 0.0000208 seconds
163.438: [GC (Allocation Failure)  956686K->634283K(1033216K), 0.0039831 secs]
163.442: Total time for which application threads were stopped: 0.0041611 seconds, Stopping threads took: 0.0000284 seconds
163.510: [GC (Allocation Failure)  952747K->638350K(1034752K), 0.0048393 secs]
163.515: Total time for which application threads were stopped: 0.0050343 seconds, Stopping threads took: 0.0000193 seconds
163.584: [GC (Allocation Failure)  958862K->642382K(1033728K), 0.0049828 secs]
163.589: Total time for which application threads were stopped: 0.0051399 seconds, Stopping threads took: 0.0000168 seconds
163.657: [GC (Allocation Failure)  962894K->634507K(1034240K), 0.0018023 secs]
163.658: Total time for which application threads were stopped: 0.0019478 seconds, Stopping threads took: 0.0000190 seconds
163.727: [GC (Allocation Failure)  955019K->642422K(1034240K), 0.0050206 secs]
163.732: Total time for which application threads were stopped: 0.0051847 seconds, Stopping threads took: 0.0000194 seconds
163.798: [GC (Allocation Failure)  962934K->646502K(1033216K), 0.0062672 secs]
163.805: Total time for which application threads were stopped: 0.0064240 seconds, Stopping threads took: 0.0000203 seconds
163.871: [GC (Allocation Failure)  965990K->652227K(1032704K), 0.0072899 secs]
163.878: Total time for which application threads were stopped: 0.0074503 seconds, Stopping threads took: 0.0000192 seconds
163.947: [GC (Allocation Failure)  971715K->646758K(1031680K), 0.0049890 secs]
163.953: Total time for which application threads were stopped: 0.0051578 seconds, Stopping threads took: 0.0000198 seconds
164.018: [GC (Allocation Failure)  963174K->646502K(1032192K), 0.0049792 secs]
164.024: Total time for which application threads were stopped: 0.0051469 seconds, Stopping threads took: 0.0000203 seconds
164.090: [GC (Allocation Failure)  962918K->641155K(1032704K), 0.0027912 secs]
164.092: Total time for which application threads were stopped: 0.0029576 seconds, Stopping threads took: 0.0000283 seconds
164.160: [GC (Allocation Failure)  958595K->646694K(1032704K), 0.0050639 secs]
164.165: Total time for which application threads were stopped: 0.0052231 seconds, Stopping threads took: 0.0000201 seconds
164.233: [GC (Allocation Failure)  964134K->646534K(1033216K), 0.0050194 secs]
164.238: Total time for which application threads were stopped: 0.0051796 seconds, Stopping threads took: 0.0000198 seconds
164.304: [GC (Allocation Failure)  964486K->646822K(1032704K), 0.0052727 secs]
164.310: Total time for which application threads were stopped: 0.0054703 seconds, Stopping threads took: 0.0000199 seconds
164.378: [GC (Allocation Failure)  964774K->654664K(1033216K), 0.0049105 secs]
164.383: Total time for which application threads were stopped: 0.0050748 seconds, Stopping threads took: 0.0000177 seconds
164.452: [GC (Allocation Failure)  973128K->654536K(1033216K), 0.0046879 secs]
164.457: Total time for which application threads were stopped: 0.0048483 seconds, Stopping threads took: 0.0000256 seconds
164.523: [GC (Allocation Failure)  973000K->658664K(1033728K), 0.0060399 secs]
164.529: Total time for which application threads were stopped: 0.0062165 seconds, Stopping threads took: 0.0000206 seconds
164.596: [GC (Allocation Failure)  977640K->662666K(1033216K), 0.0049888 secs]
164.601: Total time for which application threads were stopped: 0.0051715 seconds, Stopping threads took: 0.0000211 seconds
164.668: [GC (Allocation Failure)  981642K->662570K(1034240K), 0.0048491 secs]
164.673: Total time for which application threads were stopped: 0.0050134 seconds, Stopping threads took: 0.0000203 seconds
164.740: [GC (Allocation Failure)  982570K->665354K(1033728K), 0.0053627 secs]
164.746: Total time for which application threads were stopped: 0.0055590 seconds, Stopping threads took: 0.0000255 seconds
164.814: [GC (Allocation Failure)  985354K->670604K(1034240K), 0.0049783 secs]
164.819: Total time for which application threads were stopped: 0.0051495 seconds, Stopping threads took: 0.0000202 seconds
164.886: [GC (Allocation Failure)  991116K->670604K(1034240K), 0.0047501 secs]
164.891: Total time for which application threads were stopped: 0.0049144 seconds, Stopping threads took: 0.0000204 seconds
164.960: [GC (Allocation Failure)  991116K->671052K(1034240K), 0.0047491 secs]
164.965: Total time for which application threads were stopped: 0.0049089 seconds, Stopping threads took: 0.0000259 seconds
165.033: [GC (Allocation Failure)  991564K->678703K(1034240K), 0.0049819 secs]
165.038: Total time for which application threads were stopped: 0.0051893 seconds, Stopping threads took: 0.0000208 seconds
165.107: [GC (Allocation Failure)  999215K->678639K(1034240K), 0.0047529 secs]
165.112: Total time for which application threads were stopped: 0.0049339 seconds, Stopping threads took: 0.0000279 seconds
165.179: [GC (Allocation Failure)  999151K->681319K(1034240K), 0.0054176 secs]
165.184: Total time for which application threads were stopped: 0.0056058 seconds, Stopping threads took: 0.0000212 seconds
165.254: [GC (Allocation Failure)  1001831K->686697K(1034240K), 0.0049398 secs]
165.259: Total time for which application threads were stopped: 0.0051045 seconds, Stopping threads took: 0.0000204 seconds
165.327: [GC (Allocation Failure)  1007209K->686665K(1034240K), 0.0049748 secs]
165.332: Total time for which application threads were stopped: 0.0051394 seconds, Stopping threads took: 0.0000201 seconds
165.399: [GC (Allocation Failure)  1007177K->687497K(1033728K), 0.0049364 secs]
165.404: [Full GC (Ergonomics)  687497K->9308K(1033728K), 0.0137264 secs]
165.418: Total time for which application threads were stopped: 0.0189098 seconds, Stopping threads took: 0.0000203 seconds
165.486: [GC (Allocation Failure)  329820K->18782K(1029632K), 0.0036606 secs]
165.490: Total time for which application threads were stopped: 0.0038396 seconds, Stopping threads took: 0.0000259 seconds
165.558: [GC (Allocation Failure)  339294K->18678K(1033728K), 0.0038459 secs]
165.562: Total time for which application threads were stopped: 0.0040200 seconds, Stopping threads took: 0.0000206 seconds
165.628: [GC (Allocation Failure)  338166K->20718K(1033728K), 0.0039252 secs]
165.632: Total time for which application threads were stopped: 0.0041027 seconds, Stopping threads took: 0.0000192 seconds
165.699: [GC (Allocation Failure)  340206K->26736K(1034240K), 0.0036134 secs]
165.703: Total time for which application threads were stopped: 0.0037745 seconds, Stopping threads took: 0.0000206 seconds
165.768: [GC (Allocation Failure)  347248K->26672K(1034240K), 0.0038484 secs]
165.772: Total time for which application threads were stopped: 0.0040117 seconds, Stopping threads took: 0.0000201 seconds
165.839: [GC (Allocation Failure)  347184K->26896K(1033216K), 0.0037548 secs]
165.843: Total time for which application threads were stopped: 0.0039176 seconds, Stopping threads took: 0.0000202 seconds
165.912: [GC (Allocation Failure)  346384K->34707K(1033728K), 0.0049719 secs]
165.917: Total time for which application threads were stopped: 0.0051512 seconds, Stopping threads took: 0.0000254 seconds
165.986: [GC (Allocation Failure)  354195K->34707K(1033728K), 0.0035522 secs]
165.990: Total time for which application threads were stopped: 0.0037353 seconds, Stopping threads took: 0.0000257 seconds
166.056: [GC (Allocation Failure)  354195K->35115K(1033728K), 0.0037684 secs]
166.060: Total time for which application threads were stopped: 0.0039306 seconds, Stopping threads took: 0.0000201 seconds
166.127: [GC (Allocation Failure)  354603K->42765K(1033728K), 0.0038879 secs]
166.131: Total time for which application threads were stopped: 0.0040628 seconds, Stopping threads took: 0.0000202 seconds
166.199: [GC (Allocation Failure)  362253K->42733K(1033728K), 0.0038380 secs]
166.203: Total time for which application threads were stopped: 0.0040058 seconds, Stopping threads took: 0.0000218 seconds
166.269: [GC (Allocation Failure)  362221K->44389K(1033728K), 0.0040134 secs]
166.274: Total time for which application threads were stopped: 0.0041865 seconds, Stopping threads took: 0.0000285 seconds
166.341: [GC (Allocation Failure)  363877K->50823K(1033728K), 0.0038623 secs]
166.345: Total time for which application threads were stopped: 0.0040337 seconds, Stopping threads took: 0.0000194 seconds
166.413: [GC (Allocation Failure)  370311K->50791K(1033728K), 0.0037147 secs]
166.417: Total time for which application threads were stopped: 0.0038747 seconds, Stopping threads took: 0.0000201 seconds
166.483: [GC (Allocation Failure)  370279K->51591K(1033728K), 0.0037330 secs]
166.487: Total time for which application threads were stopped: 0.0039021 seconds, Stopping threads took: 0.0000270 seconds
166.554: [GC (Allocation Failure)  371079K->58825K(1033728K), 0.0038589 secs]
166.558: Total time for which application threads were stopped: 0.0040518 seconds, Stopping threads took: 0.0000201 seconds
166.627: [GC (Allocation Failure)  378313K->58825K(1033728K), 0.0036059 secs]
166.631: Total time for which application threads were stopped: 0.0037643 seconds, Stopping threads took: 0.0000170 seconds
166.697: [GC (Allocation Failure)  378313K->58857K(1033728K), 0.0036207 secs]
166.701: Total time for which application threads were stopped: 0.0038148 seconds, Stopping threads took: 0.0000200 seconds
166.771: [GC (Allocation Failure)  378345K->66892K(1033728K), 0.0038588 secs]
166.775: Total time for which application threads were stopped: 0.0040249 seconds, Stopping threads took: 0.0000169 seconds
166.844: [GC (Allocation Failure)  386380K->66828K(1033728K), 0.0038565 secs]
166.848: Total time for which application threads were stopped: 0.0040135 seconds, Stopping threads took: 0.0000193 seconds
166.914: [GC (Allocation Failure)  386316K->67052K(1033728K), 0.0037055 secs]
166.918: Total time for which application threads were stopped: 0.0038962 seconds, Stopping threads took: 0.0000174 seconds
166.985: [GC (Allocation Failure)  386540K->74894K(1033728K), 0.0036903 secs]
166.989: Total time for which application threads were stopped: 0.0038602 seconds, Stopping threads took: 0.0000282 seconds
167.057: [GC (Allocation Failure)  394382K->74894K(1033728K), 0.0037102 secs]
167.060: Total time for which application threads were stopped: 0.0038768 seconds, Stopping threads took: 0.0000197 seconds
167.126: [GC (Allocation Failure)  394382K->75270K(1032704K), 0.0040098 secs]
167.130: Total time for which application threads were stopped: 0.0041734 seconds, Stopping threads took: 0.0000192 seconds
167.197: [GC (Allocation Failure)  393734K->82920K(1033216K), 0.0038538 secs]
167.201: Total time for which application threads were stopped: 0.0040132 seconds, Stopping threads took: 0.0000199 seconds
167.267: [GC (Allocation Failure)  401384K->82920K(1033216K), 0.0038060 secs]
167.271: Total time for which application threads were stopped: 0.0039691 seconds, Stopping threads took: 0.0000204 seconds
167.335: [GC (Allocation Failure)  401384K->83528K(1033216K), 0.0038810 secs]
167.339: Total time for which application threads were stopped: 0.0040739 seconds, Stopping threads took: 0.0000194 seconds
167.406: [GC (Allocation Failure)  401992K->90954K(1033216K), 0.0039469 secs]
167.410: Total time for which application threads were stopped: 0.0041188 seconds, Stopping threads took: 0.0000207 seconds
167.476: [GC (Allocation Failure)  409418K->90890K(1033216K), 0.0046216 secs]
167.480: Total time for which application threads were stopped: 0.0047762 seconds, Stopping threads took: 0.0000266 seconds
167.548: [GC (Allocation Failure)  409354K->91754K(1033216K), 0.0037843 secs]
167.552: Total time for which application threads were stopped: 0.0039362 seconds, Stopping threads took: 0.0000173 seconds
167.619: [GC (Allocation Failure)  410218K->98989K(1033216K), 0.0038469 secs]
167.623: Total time for which application threads were stopped: 0.0040501 seconds, Stopping threads took: 0.0000222 seconds
167.691: [GC (Allocation Failure)  417453K->98989K(1033216K), 0.0039298 secs]
167.695: Total time for which application threads were stopped: 0.0041146 seconds, Stopping threads took: 0.0000207 seconds
167.760: [GC (Allocation Failure)  417453K->99981K(1033216K), 0.0040565 secs]
167.764: Total time for which application threads were stopped: 0.0042367 seconds, Stopping threads took: 0.0000287 seconds
167.832: [GC (Allocation Failure)  418445K->106991K(1032704K), 0.0040225 secs]
167.836: Total time for which application threads were stopped: 0.0042006 seconds, Stopping threads took: 0.0000221 seconds
167.903: [GC (Allocation Failure)  425455K->107023K(1033216K), 0.0046709 secs]
167.907: Total time for which application threads were stopped: 0.0048265 seconds, Stopping threads took: 0.0000170 seconds
167.973: [GC (Allocation Failure)  425487K->107143K(1032704K), 0.0038529 secs]
167.977: Total time for which application threads were stopped: 0.0040185 seconds, Stopping threads took: 0.0000258 seconds
168.043: [GC (Allocation Failure)  425607K->115017K(1033216K), 0.0039882 secs]
168.047: Total time for which application threads were stopped: 0.0041457 seconds, Stopping threads took: 0.0000200 seconds
168.115: [GC (Allocation Failure)  433481K->115017K(1033216K), 0.0038712 secs]
168.119: Total time for which application threads were stopped: 0.0040656 seconds, Stopping threads took: 0.0000203 seconds
168.185: [GC (Allocation Failure)  433481K->115425K(1033216K), 0.0039194 secs]
168.189: Total time for which application threads were stopped: 0.0040784 seconds, Stopping threads took: 0.0000196 seconds
168.258: [GC (Allocation Failure)  433889K->123043K(1033216K), 0.0038195 secs]
168.262: Total time for which application threads were stopped: 0.0039926 seconds, Stopping threads took: 0.0000199 seconds
168.327: [GC (Allocation Failure)  441507K->123075K(1033216K), 0.0040185 secs]
168.331: Total time for which application threads were stopped: 0.0041932 seconds, Stopping threads took: 0.0000193 seconds
168.399: [GC (Allocation Failure)  441539K->123115K(1033216K), 0.0039472 secs]
168.403: Total time for which application threads were stopped: 0.0041079 seconds, Stopping threads took: 0.0000201 seconds
168.470: [GC (Allocation Failure)  441579K->131086K(1033216K), 0.0039699 secs]
168.474: Total time for which application threads were stopped: 0.0041459 seconds, Stopping threads took: 0.0000285 seconds
168.541: [GC (Allocation Failure)  449550K->131086K(1033216K), 0.0039016 secs]
168.545: Total time for which application threads were stopped: 0.0040614 seconds, Stopping threads took: 0.0000174 seconds
168.610: [GC (Allocation Failure)  449550K->131334K(1033216K), 0.0041301 secs]
168.615: Total time for which application threads were stopped: 0.0043020 seconds, Stopping threads took: 0.0000206 seconds
168.682: [GC (Allocation Failure)  449798K->139144K(1033216K), 0.0038166 secs]
168.686: Total time for which application threads were stopped: 0.0040222 seconds, Stopping threads took: 0.0000205 seconds
168.752: [GC (Allocation Failure)  457608K->139112K(1033216K), 0.0039641 secs]
168.756: Total time for which application threads were stopped: 0.0041295 seconds, Stopping threads took: 0.0000204 seconds
168.821: [GC (Allocation Failure)  457576K->139176K(1033216K), 0.0040073 secs]
168.825: Total time for which application threads were stopped: 0.0041787 seconds, Stopping threads took: 0.0000201 seconds
168.890: [GC (Allocation Failure)  457640K->147178K(1033216K), 0.0038501 secs]
168.894: Total time for which application threads were stopped: 0.0040366 seconds, Stopping threads took: 0.0000204 seconds
168.965: [GC (Allocation Failure)  465642K->147146K(1033216K), 0.0037611 secs]
168.969: Total time for which application threads were stopped: 0.0039304 seconds, Stopping threads took: 0.0000260 seconds
169.035: [GC (Allocation Failure)  465610K->147306K(1033216K), 0.0058201 secs]
169.041: Total time for which application threads were stopped: 0.0059825 seconds, Stopping threads took: 0.0000199 seconds
169.108: [GC (Allocation Failure)  465770K->155212K(1033216K), 0.0040675 secs]
169.112: Total time for which application threads were stopped: 0.0042597 seconds, Stopping threads took: 0.0000195 seconds
169.177: [GC (Allocation Failure)  473676K->150986K(1033216K), 0.0025819 secs]
169.180: Total time for which application threads were stopped: 0.0027411 seconds, Stopping threads took: 0.0000196 seconds
169.249: [GC (Allocation Failure)  469450K->155284K(1034240K), 0.0040035 secs]
169.253: Total time for which application threads were stopped: 0.0041781 seconds, Stopping threads took: 0.0000209 seconds
169.320: [GC (Allocation Failure)  475284K->159316K(1033728K), 0.0040166 secs]
169.324: Total time for which application threads were stopped: 0.0042012 seconds, Stopping threads took: 0.0000205 seconds
169.389: [GC (Allocation Failure)  479316K->166562K(1029120K), 0.0070623 secs]
169.396: Total time for which application threads were stopped: 0.0072197 seconds, Stopping threads took: 0.0000195 seconds
169.464: [GC (Allocation Failure)  481954K->160324K(1031680K), 0.0040210 secs]
169.468: Total time for which application threads were stopped: 0.0042005 seconds, Stopping threads took: 0.0000261 seconds
169.533: [GC (Allocation Failure)  475716K->160324K(1032192K), 0.0039012 secs]
169.537: Total time for which application threads were stopped: 0.0040724 seconds, Stopping threads took: 0.0000204 seconds
169.604: [GC (Allocation Failure)  476740K->163564K(1032192K), 0.0047230 secs]
169.608: Total time for which application threads were stopped: 0.0049018 seconds, Stopping threads took: 0.0000196 seconds
169.674: [GC (Allocation Failure)  479980K->168367K(1033216K), 0.0046676 secs]
169.679: Total time for which application threads were stopped: 0.0048536 seconds, Stopping threads took: 0.0000203 seconds
169.744: [GC (Allocation Failure)  486319K->168335K(1032704K), 0.0040723 secs]
169.749: Total time for which application threads were stopped: 0.0042510 seconds, Stopping threads took: 0.0000196 seconds
169.816: [GC (Allocation Failure)  486287K->168679K(1033216K), 0.0040554 secs]
169.820: Total time for which application threads were stopped: 0.0042286 seconds, Stopping threads took: 0.0000206 seconds
169.890: [GC (Allocation Failure)  487143K->176425K(1033216K), 0.0041760 secs]
169.894: Total time for which application threads were stopped: 0.0043531 seconds, Stopping threads took: 0.0000217 seconds
169.962: [GC (Allocation Failure)  494889K->176361K(1033728K), 0.0037740 secs]
169.966: Total time for which application threads were stopped: 0.0039437 seconds, Stopping threads took: 0.0000276 seconds
170.032: [GC (Allocation Failure)  495337K->177449K(1033216K), 0.0041668 secs]
170.036: Total time for which application threads were stopped: 0.0043379 seconds, Stopping threads took: 0.0000200 seconds
170.103: [GC (Allocation Failure)  496425K->184491K(1033728K), 0.0038539 secs]
170.107: Total time for which application threads were stopped: 0.0040313 seconds, Stopping threads took: 0.0000215 seconds
170.175: [GC (Allocation Failure)  503467K->184395K(1033216K), 0.0041212 secs]
170.179: Total time for which application threads were stopped: 0.0042984 seconds, Stopping threads took: 0.0000202 seconds
170.247: [GC (Allocation Failure)  503371K->187243K(1033728K), 0.0047000 secs]
170.252: Total time for which application threads were stopped: 0.0048810 seconds, Stopping threads took: 0.0000215 seconds
170.320: [GC (Allocation Failure)  506731K->192494K(1033728K), 0.0040601 secs]
170.324: Total time for which application threads were stopped: 0.0042483 seconds, Stopping threads took: 0.0000201 seconds
170.391: [GC (Allocation Failure)  511982K->192462K(1034240K), 0.0042247 secs]
170.396: Total time for which application threads were stopped: 0.0043913 seconds, Stopping threads took: 0.0000193 seconds
170.463: [GC (Allocation Failure)  512462K->194926K(1033728K), 0.0043182 secs]
170.467: Total time for which application threads were stopped: 0.0044827 seconds, Stopping threads took: 0.0000256 seconds
170.535: [GC (Allocation Failure)  514926K->200496K(1034240K), 0.0042009 secs]
170.540: Total time for which application threads were stopped: 0.0043601 seconds, Stopping threads took: 0.0000193 seconds
170.607: [GC (Allocation Failure)  521008K->200496K(1034240K), 0.0041391 secs]
170.612: Total time for which application threads were stopped: 0.0043221 seconds, Stopping threads took: 0.0000203 seconds
170.680: [GC (Allocation Failure)  521008K->200616K(1034240K), 0.0039508 secs]
170.684: Total time for which application threads were stopped: 0.0041179 seconds, Stopping threads took: 0.0000204 seconds
170.753: [GC (Allocation Failure)  521128K->208490K(1034240K), 0.0042303 secs]
170.757: Total time for which application threads were stopped: 0.0044006 seconds, Stopping threads took: 0.0000202 seconds
170.825: [GC (Allocation Failure)  529002K->208458K(1034240K), 0.0038034 secs]
170.829: Total time for which application threads were stopped: 0.0039757 seconds, Stopping threads took: 0.0000205 seconds
170.896: [GC (Allocation Failure)  528970K->208834K(1020416K), 0.0100945 secs]
170.906: Total time for which application threads were stopped: 0.0103090 seconds, Stopping threads took: 0.0000247 seconds
170.976: [GC (Allocation Failure)  529346K->216516K(1033728K), 0.0038632 secs]
170.980: Total time for which application threads were stopped: 0.0040439 seconds, Stopping threads took: 0.0000263 seconds
171.047: [GC (Allocation Failure)  536004K->216484K(1033728K), 0.0038281 secs]
171.051: Total time for which application threads were stopped: 0.0040007 seconds, Stopping threads took: 0.0000278 seconds
171.117: [GC (Allocation Failure)  535972K->217068K(1033728K), 0.0042507 secs]
171.121: Total time for which application threads were stopped: 0.0044189 seconds, Stopping threads took: 0.0000199 seconds
171.189: [GC (Allocation Failure)  536556K->224559K(1033728K), 0.0043147 secs]
171.193: Total time for which application threads were stopped: 0.0044809 seconds, Stopping threads took: 0.0000199 seconds
171.260: [GC (Allocation Failure)  544047K->224591K(1033728K), 0.0046875 secs]
171.265: Total time for which application threads were stopped: 0.0048473 seconds, Stopping threads took: 0.0000196 seconds
171.332: [GC (Allocation Failure)  544079K->226351K(1033728K), 0.0045495 secs]
171.336: Total time for which application threads were stopped: 0.0047310 seconds, Stopping threads took: 0.0000206 seconds
171.404: [GC (Allocation Failure)  545839K->232593K(1033728K), 0.0038691 secs]
171.408: Total time for which application threads were stopped: 0.0040643 seconds, Stopping threads took: 0.0000251 seconds
171.476: [GC (Allocation Failure)  552081K->232593K(1033728K), 0.0041083 secs]
171.480: Total time for which application threads were stopped: 0.0042775 seconds, Stopping threads took: 0.0000265 seconds
171.547: [GC (Allocation Failure)  552081K->233577K(1033728K), 0.0042162 secs]
171.552: Total time for which application threads were stopped: 0.0043823 seconds, Stopping threads took: 0.0000205 seconds
171.620: [GC (Allocation Failure)  553065K->240651K(1033728K), 0.0040621 secs]
171.624: Total time for which application threads were stopped: 0.0042404 seconds, Stopping threads took: 0.0000201 seconds
171.691: [GC (Allocation Failure)  560139K->240619K(1033728K), 0.0041069 secs]
171.695: Total time for which application threads were stopped: 0.0042854 seconds, Stopping threads took: 0.0000205 seconds
171.762: [GC (Allocation Failure)  560107K->240779K(1033728K), 0.0041797 secs]
171.767: Total time for which application threads were stopped: 0.0043418 seconds, Stopping threads took: 0.0000197 seconds
171.834: [GC (Allocation Failure)  560267K->248717K(1033728K), 0.0039926 secs]
171.838: Total time for which application threads were stopped: 0.0041730 seconds, Stopping threads took: 0.0000200 seconds
171.905: [GC (Allocation Failure)  568205K->248653K(1033728K), 0.0058673 secs]
171.911: Total time for which application threads were stopped: 0.0060827 seconds, Stopping threads took: 0.0000277 seconds
171.978: [GC (Allocation Failure)  568141K->249005K(1033728K), 0.0040411 secs]
171.982: Total time for which application threads were stopped: 0.0042058 seconds, Stopping threads took: 0.0000250 seconds
172.050: [GC (Allocation Failure)  568493K->256720K(1033728K), 0.0041896 secs]
172.054: Total time for which application threads were stopped: 0.0043458 seconds, Stopping threads took: 0.0000197 seconds
172.123: [GC (Allocation Failure)  576208K->256688K(1033728K), 0.0039152 secs]
172.127: Total time for which application threads were stopped: 0.0040834 seconds, Stopping threads took: 0.0000273 seconds
172.194: [GC (Allocation Failure)  576176K->257224K(1033728K), 0.0042587 secs]
172.198: Total time for which application threads were stopped: 0.0044310 seconds, Stopping threads took: 0.0000202 seconds
172.267: [GC (Allocation Failure)  576712K->264746K(1033728K), 0.0041867 secs]
172.271: Total time for which application threads were stopped: 0.0043588 seconds, Stopping threads took: 0.0000204 seconds
172.338: [GC (Allocation Failure)  584234K->264746K(1033728K), 0.0042966 secs]
172.342: Total time for which application threads were stopped: 0.0046319 seconds, Stopping threads took: 0.0000198 seconds
172.408: [GC (Allocation Failure)  584234K->265450K(1033728K), 0.0041257 secs]
172.412: Total time for which application threads were stopped: 0.0042942 seconds, Stopping threads took: 0.0000193 seconds
172.480: [GC (Allocation Failure)  584938K->272748K(1027072K), 0.0038487 secs]
172.484: Total time for which application threads were stopped: 0.0040305 seconds, Stopping threads took: 0.0000292 seconds
172.551: [GC (Allocation Failure)  592236K->272780K(1033728K), 0.0041540 secs]
172.555: Total time for which application threads were stopped: 0.0043379 seconds, Stopping threads took: 0.0000214 seconds
172.619: [GC (Allocation Failure)  591756K->273196K(1033216K), 0.0042638 secs]
172.624: Total time for which application threads were stopped: 0.0044261 seconds, Stopping threads took: 0.0000203 seconds
172.691: [GC (Allocation Failure)  592172K->280750K(1033216K), 0.0055895 secs]
172.697: Total time for which application threads were stopped: 0.0057724 seconds, Stopping threads took: 0.0000205 seconds
172.763: [GC (Allocation Failure)  599214K->280782K(1033216K), 0.0043104 secs]
172.768: Total time for which application threads were stopped: 0.0044887 seconds, Stopping threads took: 0.0000219 seconds
172.832: [GC (Allocation Failure)  599246K->280902K(1033216K), 0.0043203 secs]
172.836: Total time for which application threads were stopped: 0.0044893 seconds, Stopping threads took: 0.0000214 seconds
172.904: [GC (Allocation Failure)  599366K->288809K(1033216K), 0.0048414 secs]
172.909: Total time for which application threads were stopped: 0.0049990 seconds, Stopping threads took: 0.0000274 seconds
172.975: [GC (Allocation Failure)  607273K->288809K(1033216K), 0.0050236 secs]
172.980: Total time for which application threads were stopped: 0.0052285 seconds, Stopping threads took: 0.0000275 seconds
173.045: [GC (Allocation Failure)  607273K->289129K(1033216K), 0.0043401 secs]
173.049: Total time for which application threads were stopped: 0.0045145 seconds, Stopping threads took: 0.0000201 seconds
173.117: [GC (Allocation Failure)  607593K->296843K(1033216K), 0.0041804 secs]
173.121: Total time for which application threads were stopped: 0.0043537 seconds, Stopping threads took: 0.0000203 seconds
173.188: [GC (Allocation Failure)  615307K->296843K(1033216K), 0.0042577 secs]
173.193: Total time for which application threads were stopped: 0.0044163 seconds, Stopping threads took: 0.0000195 seconds
173.257: [GC (Allocation Failure)  615307K->297379K(1033216K), 0.0049911 secs]
173.262: Total time for which application threads were stopped: 0.0051540 seconds, Stopping threads took: 0.0000191 seconds
173.329: [GC (Allocation Failure)  615843K->304869K(1033216K), 0.0043028 secs]
173.333: Total time for which application threads were stopped: 0.0044926 seconds, Stopping threads took: 0.0000201 seconds
173.402: [GC (Allocation Failure)  623333K->304901K(1033216K), 0.0041322 secs]
173.406: Total time for which application threads were stopped: 0.0043127 seconds, Stopping threads took: 0.0000168 seconds
173.473: [GC (Allocation Failure)  623365K->305093K(1033216K), 0.0041972 secs]
173.477: Total time for which application threads were stopped: 0.0043562 seconds, Stopping threads took: 0.0000254 seconds
173.545: [GC (Allocation Failure)  623557K->312936K(1033216K), 0.0042315 secs]
173.549: Total time for which application threads were stopped: 0.0044000 seconds, Stopping threads took: 0.0000183 seconds
173.615: [GC (Allocation Failure)  631400K->312904K(1033216K), 0.0043556 secs]
173.619: Total time for which application threads were stopped: 0.0045280 seconds, Stopping threads took: 0.0000203 seconds
173.687: [GC (Allocation Failure)  631368K->313064K(1033216K), 0.0042685 secs]
173.691: Total time for which application threads were stopped: 0.0044287 seconds, Stopping threads took: 0.0000196 seconds
173.758: [GC (Allocation Failure)  631528K->320970K(1033216K), 0.0043008 secs]
173.763: Total time for which application threads were stopped: 0.0044713 seconds, Stopping threads took: 0.0000195 seconds
173.828: [GC (Allocation Failure)  639434K->320938K(1033216K), 0.0044450 secs]
173.833: Total time for which application threads were stopped: 0.0046249 seconds, Stopping threads took: 0.0000282 seconds
173.898: [GC (Allocation Failure)  639402K->321026K(1033216K), 0.0050125 secs]
173.903: Total time for which application threads were stopped: 0.0051788 seconds, Stopping threads took: 0.0000261 seconds
173.971: [GC (Allocation Failure)  639490K->328964K(1033216K), 0.0041301 secs]
173.975: Total time for which application threads were stopped: 0.0042997 seconds, Stopping threads took: 0.0000261 seconds
174.041: [GC (Allocation Failure)  647428K->328996K(1033216K), 0.0042842 secs]
174.046: Total time for which application threads were stopped: 0.0044557 seconds, Stopping threads took: 0.0000204 seconds
174.110: [GC (Allocation Failure)  647460K->329292K(1033216K), 0.0042290 secs]
174.115: Total time for which application threads were stopped: 0.0044046 seconds, Stopping threads took: 0.0000210 seconds
174.182: [GC (Allocation Failure)  647756K->337006K(1033216K), 0.0043039 secs]
174.186: Total time for which application threads were stopped: 0.0044727 seconds, Stopping threads took: 0.0000202 seconds
174.254: [GC (Allocation Failure)  655470K->337006K(1033216K), 0.0044161 secs]
174.258: Total time for which application threads were stopped: 0.0045830 seconds, Stopping threads took: 0.0000192 seconds
174.324: [GC (Allocation Failure)  655470K->337254K(1033216K), 0.0043936 secs]
174.328: Total time for which application threads were stopped: 0.0045638 seconds, Stopping threads took: 0.0000276 seconds
174.395: [GC (Allocation Failure)  655718K->345033K(1033216K), 0.0052046 secs]
174.400: Total time for which application threads were stopped: 0.0053926 seconds, Stopping threads took: 0.0000207 seconds
174.465: [GC (Allocation Failure)  663497K->339142K(1033216K), 0.0021090 secs]
174.468: Total time for which application threads were stopped: 0.0022592 seconds, Stopping threads took: 0.0000258 seconds
174.538: [GC (Allocation Failure)  657606K->345217K(1034240K), 0.0041193 secs]
174.542: Total time for which application threads were stopped: 0.0042684 seconds, Stopping threads took: 0.0000196 seconds
174.611: [GC (Allocation Failure)  664705K->349177K(1033216K), 0.0048136 secs]
174.616: Total time for which application threads were stopped: 0.0049812 seconds, Stopping threads took: 0.0000202 seconds
174.683: [GC (Allocation Failure)  668665K->353718K(1030656K), 0.0061633 secs]
174.689: Total time for which application threads were stopped: 0.0063547 seconds, Stopping threads took: 0.0000194 seconds
174.755: [GC (Allocation Failure)  670134K->349305K(1032192K), 0.0043640 secs]
174.759: Total time for which application threads were stopped: 0.0045302 seconds, Stopping threads took: 0.0000258 seconds
174.824: [GC (Allocation Failure)  665721K->349177K(1032704K), 0.0043712 secs]
174.829: Total time for which application threads were stopped: 0.0045630 seconds, Stopping threads took: 0.0000209 seconds
174.894: [GC (Allocation Failure)  666617K->352761K(1032704K), 0.0132520 secs]
174.908: Total time for which application threads were stopped: 0.0134655 seconds, Stopping threads took: 0.0000214 seconds
174.975: [GC (Allocation Failure)  670201K->357243K(1033216K), 0.0042510 secs]
174.979: Total time for which application threads were stopped: 0.0044106 seconds, Stopping threads took: 0.0000261 seconds
175.045: [GC (Allocation Failure)  675707K->357211K(1033216K), 0.0043807 secs]
175.049: Total time for which application threads were stopped: 0.0045754 seconds, Stopping threads took: 0.0000199 seconds
175.116: [GC (Allocation Failure)  675675K->359963K(1033728K), 0.0049085 secs]
175.121: Total time for which application threads were stopped: 0.0050732 seconds, Stopping threads took: 0.0000202 seconds
175.188: [GC (Allocation Failure)  679451K->365213K(1033728K), 0.0044030 secs]
175.193: Total time for which application threads were stopped: 0.0045840 seconds, Stopping threads took: 0.0000199 seconds
175.262: [GC (Allocation Failure)  684701K->365213K(1034240K), 0.0042523 secs]
175.267: Total time for which application threads were stopped: 0.0044285 seconds, Stopping threads took: 0.0000206 seconds
175.334: [GC (Allocation Failure)  685213K->367685K(1033728K), 0.0048090 secs]
175.339: Total time for which application threads were stopped: 0.0049724 seconds, Stopping threads took: 0.0000201 seconds
175.405: [GC (Allocation Failure)  687685K->373351K(1034240K), 0.0044729 secs]
175.410: Total time for which application threads were stopped: 0.0046368 seconds, Stopping threads took: 0.0000203 seconds
175.477: [GC (Allocation Failure)  693863K->373287K(1034240K), 0.0042778 secs]
175.482: Total time for which application threads were stopped: 0.0044521 seconds, Stopping threads took: 0.0000269 seconds
175.550: [GC (Allocation Failure)  693799K->373351K(1034240K), 0.0042610 secs]
175.554: Total time for which application threads were stopped: 0.0044456 seconds, Stopping threads took: 0.0000258 seconds
175.623: [GC (Allocation Failure)  693863K->381322K(1034240K), 0.0040800 secs]
175.628: Total time for which application threads were stopped: 0.0042437 seconds, Stopping threads took: 0.0000204 seconds
175.695: [GC (Allocation Failure)  701834K->381354K(1034240K), 0.0043553 secs]
175.700: Total time for which application threads were stopped: 0.0045239 seconds, Stopping threads took: 0.0000278 seconds
175.766: [GC (Allocation Failure)  701866K->383658K(1034240K), 0.0045448 secs]
175.771: Total time for which application threads were stopped: 0.0047377 seconds, Stopping threads took: 0.0000197 seconds
175.840: [GC (Allocation Failure)  704170K->389420K(1034240K), 0.0040099 secs]
175.845: Total time for which application threads were stopped: 0.0041960 seconds, Stopping threads took: 0.0000171 seconds
175.915: [GC (Allocation Failure)  709932K->389356K(1034240K), 0.0049577 secs]
175.920: Total time for which application threads were stopped: 0.0051609 seconds, Stopping threads took: 0.0000251 seconds
175.988: [GC (Allocation Failure)  709868K->389868K(1034240K), 0.0042795 secs]
175.992: Total time for which application threads were stopped: 0.0045672 seconds, Stopping threads took: 0.0000263 seconds
176.061: [GC (Allocation Failure)  710380K->397422K(1034240K), 0.0043772 secs]
176.066: Total time for which application threads were stopped: 0.0045370 seconds, Stopping threads took: 0.0000200 seconds
176.135: [GC (Allocation Failure)  717934K->397390K(1034240K), 0.0045142 secs]
176.140: Total time for which application threads were stopped: 0.0046741 seconds, Stopping threads took: 0.0000194 seconds
176.207: [GC (Allocation Failure)  717902K->400102K(1034240K), 0.0049375 secs]
176.212: Total time for which application threads were stopped: 0.0051113 seconds, Stopping threads took: 0.0000206 seconds
176.280: [GC (Allocation Failure)  720614K->405448K(1034240K), 0.0043304 secs]
176.284: Total time for which application threads were stopped: 0.0044961 seconds, Stopping threads took: 0.0000206 seconds
176.353: [GC (Allocation Failure)  725960K->405448K(1034240K), 0.0044639 secs]
176.357: Total time for which application threads were stopped: 0.0046405 seconds, Stopping threads took: 0.0000202 seconds
176.424: [GC (Allocation Failure)  725960K->406344K(1034240K), 0.0044018 secs]
176.429: Total time for which application threads were stopped: 0.0045948 seconds, Stopping threads took: 0.0000205 seconds
176.497: [GC (Allocation Failure)  726856K->413515K(1034240K), 0.0043365 secs]
176.502: Total time for which application threads were stopped: 0.0045016 seconds, Stopping threads took: 0.0000207 seconds
176.570: [GC (Allocation Failure)  734027K->413483K(1034240K), 0.0043623 secs]
176.574: Total time for which application threads were stopped: 0.0045516 seconds, Stopping threads took: 0.0000286 seconds
176.641: [GC (Allocation Failure)  733995K->416587K(1034240K), 0.0051197 secs]
176.647: Total time for which application threads were stopped: 0.0052856 seconds, Stopping threads took: 0.0000208 seconds
176.715: [GC (Allocation Failure)  737099K->421613K(1033728K), 0.0044065 secs]
176.719: Total time for which application threads were stopped: 0.0045807 seconds, Stopping threads took: 0.0000201 seconds
176.789: [GC (Allocation Failure)  742125K->421485K(1034240K), 0.0045455 secs]
176.794: Total time for which application threads were stopped: 0.0046986 seconds, Stopping threads took: 0.0000164 seconds
176.861: [GC (Allocation Failure)  741997K->422797K(1033728K), 0.0048231 secs]
176.866: Total time for which application threads were stopped: 0.0049939 seconds, Stopping threads took: 0.0000201 seconds
176.936: [GC (Allocation Failure)  743309K->429583K(1034240K), 0.0041959 secs]
176.941: Total time for which application threads were stopped: 0.0043540 seconds, Stopping threads took: 0.0000176 seconds
177.010: [GC (Allocation Failure)  750095K->429519K(1034240K), 0.0044236 secs]
177.014: Total time for which application threads were stopped: 0.0045839 seconds, Stopping threads took: 0.0000264 seconds
177.082: [GC (Allocation Failure)  750031K->433095K(1034240K), 0.0052167 secs]
177.087: Total time for which application threads were stopped: 0.0053878 seconds, Stopping threads took: 0.0000200 seconds
177.156: [GC (Allocation Failure)  753607K->437578K(1034752K), 0.0044410 secs]
177.160: Total time for which application threads were stopped: 0.0046168 seconds, Stopping threads took: 0.0000207 seconds
177.228: [GC (Allocation Failure)  759114K->437578K(1034752K), 0.0044932 secs]
177.233: Total time for which application threads were stopped: 0.0046545 seconds, Stopping threads took: 0.0000199 seconds
177.299: [GC (Allocation Failure)  759114K->441290K(1035264K), 0.0052832 secs]
177.304: Total time for which application threads were stopped: 0.0054562 seconds, Stopping threads took: 0.0000201 seconds
177.372: [GC (Allocation Failure)  763338K->445612K(1034752K), 0.0044887 secs]
177.377: Total time for which application threads were stopped: 0.0047027 seconds, Stopping threads took: 0.0000205 seconds
177.445: [GC (Allocation Failure)  767660K->445548K(1035264K), 0.0046743 secs]
177.450: Total time for which application threads were stopped: 0.0048455 seconds, Stopping threads took: 0.0000204 seconds
177.517: [GC (Allocation Failure)  768108K->448524K(1035264K), 0.0050132 secs]
177.522: Total time for which application threads were stopped: 0.0051817 seconds, Stopping threads took: 0.0000201 seconds
177.591: [GC (Allocation Failure)  771084K->453678K(1035264K), 0.0047000 secs]
177.596: Total time for which application threads were stopped: 0.0048954 seconds, Stopping threads took: 0.0000209 seconds
177.666: [GC (Allocation Failure)  776238K->453614K(1035264K), 0.0045396 secs]
177.671: Total time for which application threads were stopped: 0.0047120 seconds, Stopping threads took: 0.0000173 seconds
177.740: [GC (Allocation Failure)  776174K->456774K(1035264K), 0.0054233 secs]
177.746: Total time for which application threads were stopped: 0.0055963 seconds, Stopping threads took: 0.0000200 seconds
177.814: [GC (Allocation Failure)  779334K->461768K(1035264K), 0.0045301 secs]
177.819: Total time for which application threads were stopped: 0.0047285 seconds, Stopping threads took: 0.0000217 seconds
177.888: [GC (Allocation Failure)  784328K->461640K(1035264K), 0.0045329 secs]
177.893: Total time for which application threads were stopped: 0.0047010 seconds, Stopping threads took: 0.0000194 seconds
177.960: [GC (Allocation Failure)  784200K->464968K(1035264K), 0.0051502 secs]
177.966: Total time for which application threads were stopped: 0.0053441 seconds, Stopping threads took: 0.0000192 seconds
178.034: [GC (Allocation Failure)  787528K->469739K(1035264K), 0.0043369 secs]
178.039: Total time for which application threads were stopped: 0.0045198 seconds, Stopping threads took: 0.0000171 seconds
178.108: [GC (Allocation Failure)  792299K->469675K(1035264K), 0.0045093 secs]
178.112: Total time for which application threads were stopped: 0.0046604 seconds, Stopping threads took: 0.0000166 seconds
178.180: [GC (Allocation Failure)  792235K->473195K(1035264K), 0.0053315 secs]
178.185: Total time for which application threads were stopped: 0.0055248 seconds, Stopping threads took: 0.0000203 seconds
178.255: [GC (Allocation Failure)  795755K->477741K(1035264K), 0.0046633 secs]
178.260: Total time for which application threads were stopped: 0.0048181 seconds, Stopping threads took: 0.0000170 seconds
178.328: [GC (Allocation Failure)  800301K->477709K(1035776K), 0.0043918 secs]
178.333: Total time for which application threads were stopped: 0.0045574 seconds, Stopping threads took: 0.0000204 seconds
178.400: [GC (Allocation Failure)  800781K->477861K(1035264K), 0.0047456 secs]
178.405: Total time for which application threads were stopped: 0.0049101 seconds, Stopping threads took: 0.0000206 seconds
178.474: [GC (Allocation Failure)  800933K->485767K(1034240K), 0.0058606 secs]
178.480: Total time for which application threads were stopped: 0.0060242 seconds, Stopping threads took: 0.0000274 seconds
178.551: [GC (Allocation Failure)  807303K->485735K(1034752K), 0.0045625 secs]
178.555: Total time for which application threads were stopped: 0.0047668 seconds, Stopping threads took: 0.0000217 seconds
178.622: [GC (Allocation Failure)  807271K->488647K(1035264K), 0.0050200 secs]
178.628: Total time for which application threads were stopped: 0.0051708 seconds, Stopping threads took: 0.0000166 seconds
178.696: [GC (Allocation Failure)  811207K->493833K(1035264K), 0.0046826 secs]
178.701: Total time for which application threads were stopped: 0.0048546 seconds, Stopping threads took: 0.0000200 seconds
178.768: [GC (Allocation Failure)  816393K->493769K(1035264K), 0.0044811 secs]
178.773: Total time for which application threads were stopped: 0.0046603 seconds, Stopping threads took: 0.0000216 seconds
178.841: [GC (Allocation Failure)  816329K->496905K(1035264K), 0.0051275 secs]
178.846: Total time for which application threads were stopped: 0.0052995 seconds, Stopping threads took: 0.0000202 seconds
178.914: [GC (Allocation Failure)  819465K->501868K(1035264K), 0.0067997 secs]
178.921: Total time for which application threads were stopped: 0.0069630 seconds, Stopping threads took: 0.0000259 seconds
178.988: [GC (Allocation Failure)  824428K->501836K(1035264K), 0.0045499 secs]
178.993: Total time for which application threads were stopped: 0.0047153 seconds, Stopping threads took: 0.0000258 seconds
179.058: [GC (Allocation Failure)  824396K->497065K(1035264K), 0.0028955 secs]
179.061: Total time for which application threads were stopped: 0.0030688 seconds, Stopping threads took: 0.0000268 seconds
179.129: [GC (Allocation Failure)  819625K->501836K(1035264K), 0.0043894 secs]
179.134: Total time for which application threads were stopped: 0.0045458 seconds, Stopping threads took: 0.0000187 seconds
179.200: [GC (Allocation Failure)  824396K->501804K(1035264K), 0.0045439 secs]
179.204: Total time for which application threads were stopped: 0.0047218 seconds, Stopping threads took: 0.0000196 seconds
179.274: [GC (Allocation Failure)  824364K->501385K(1035264K), 0.0043850 secs]
179.279: Total time for which application threads were stopped: 0.0045773 seconds, Stopping threads took: 0.0000188 seconds
179.347: [GC (Allocation Failure)  823945K->502028K(1035776K), 0.0044889 secs]
179.352: Total time for which application threads were stopped: 0.0046505 seconds, Stopping threads took: 0.0000165 seconds
179.420: [GC (Allocation Failure)  825612K->501804K(1035776K), 0.0047657 secs]
179.425: Total time for which application threads were stopped: 0.0049268 seconds, Stopping threads took: 0.0000199 seconds
179.493: [GC (Allocation Failure)  825388K->507689K(1031680K), 0.0071030 secs]
179.501: Total time for which application threads were stopped: 0.0072710 seconds, Stopping threads took: 0.0000263 seconds
179.569: [GC (Allocation Failure)  827177K->503148K(1033728K), 0.0046366 secs]
179.574: Total time for which application threads were stopped: 0.0048299 seconds, Stopping threads took: 0.0000199 seconds
179.643: [GC (Allocation Failure)  822636K->502956K(1034752K), 0.0046164 secs]
179.647: Total time for which application threads were stopped: 0.0048088 seconds, Stopping threads took: 0.0000195 seconds
179.716: [GC (Allocation Failure)  823980K->505481K(1034240K), 0.0056260 secs]
179.722: Total time for which application threads were stopped: 0.0058039 seconds, Stopping threads took: 0.0000165 seconds
179.791: [GC (Allocation Failure)  826505K->503084K(1034752K), 0.0047067 secs]
179.796: Total time for which application threads were stopped: 0.0049083 seconds, Stopping threads took: 0.0000204 seconds
179.864: [GC (Allocation Failure)  824108K->502988K(1034240K), 0.0045724 secs]
179.869: Total time for which application threads were stopped: 0.0047436 seconds, Stopping threads took: 0.0000206 seconds
179.935: [GC (Allocation Failure)  824012K->505193K(1034240K), 0.0054170 secs]
179.941: Total time for which application threads were stopped: 0.0056126 seconds, Stopping threads took: 0.0000201 seconds
180.011: [GC (Allocation Failure)  826729K->503020K(1034752K), 0.0046941 secs]
180.016: Total time for which application threads were stopped: 0.0048686 seconds, Stopping threads took: 0.0000194 seconds
180.084: [GC (Allocation Failure)  824556K->502956K(1035776K), 0.0046135 secs]
180.088: Total time for which application threads were stopped: 0.0047760 seconds, Stopping threads took: 0.0000206 seconds
180.155: [GC (Allocation Failure)  826028K->507897K(1035264K), 0.0067792 secs]
180.161: Total time for which application threads were stopped: 0.0069542 seconds, Stopping threads took: 0.0000202 seconds
180.228: [GC (Allocation Failure)  830969K->503196K(1034240K), 0.0046477 secs]
180.233: Total time for which application threads were stopped: 0.0048265 seconds, Stopping threads took: 0.0000210 seconds
180.301: [GC (Allocation Failure)  824732K->503164K(1034752K), 0.0048014 secs]
180.306: Total time for which application threads were stopped: 0.0049919 seconds, Stopping threads took: 0.0000201 seconds
180.373: [GC (Allocation Failure)  824700K->510881K(1031168K), 0.0081593 secs]
180.381: Total time for which application threads were stopped: 0.0083282 seconds, Stopping threads took: 0.0000190 seconds
180.450: [GC (Allocation Failure)  829345K->505860K(1033216K), 0.0048079 secs]
180.455: Total time for which application threads were stopped: 0.0049684 seconds, Stopping threads took: 0.0000195 seconds
180.521: [GC (Allocation Failure)  824324K->505636K(1033728K), 0.0046578 secs]
180.526: Total time for which application threads were stopped: 0.0048193 seconds, Stopping threads took: 0.0000201 seconds
180.593: [GC (Allocation Failure)  825124K->506401K(1033728K), 0.0063676 secs]
180.600: Total time for which application threads were stopped: 0.0065268 seconds, Stopping threads took: 0.0000194 seconds
180.668: [GC (Allocation Failure)  825889K->505796K(1034752K), 0.0047209 secs]
180.673: Total time for which application threads were stopped: 0.0048905 seconds, Stopping threads took: 0.0000191 seconds
180.741: [GC (Allocation Failure)  826820K->505636K(1034240K), 0.0046394 secs]
180.746: Total time for which application threads were stopped: 0.0048087 seconds, Stopping threads took: 0.0000196 seconds
180.813: [GC (Allocation Failure)  826660K->504577K(1035264K), 0.0042179 secs]
180.817: Total time for which application threads were stopped: 0.0043739 seconds, Stopping threads took: 0.0000192 seconds
180.885: [GC (Allocation Failure)  826625K->505732K(1034752K), 0.0046646 secs]
180.889: Total time for which application threads were stopped: 0.0048364 seconds, Stopping threads took: 0.0000205 seconds
180.959: [GC (Allocation Failure)  827780K->505636K(1035776K), 0.0047310 secs]
180.964: Total time for which application threads were stopped: 0.0048925 seconds, Stopping threads took: 0.0000203 seconds
181.030: [GC (Allocation Failure)  828708K->508321K(1035264K), 0.0073673 secs]
181.037: Total time for which application threads were stopped: 0.0075357 seconds, Stopping threads took: 0.0000202 seconds
181.107: [GC (Allocation Failure)  831393K->505668K(1035776K), 0.0049234 secs]
181.112: Total time for which application threads were stopped: 0.0050963 seconds, Stopping threads took: 0.0000200 seconds
181.178: [GC (Allocation Failure)  828740K->505636K(1035264K), 0.0044718 secs]
181.183: Total time for which application threads were stopped: 0.0046647 seconds, Stopping threads took: 0.0000199 seconds
181.250: [GC (Allocation Failure)  828708K->497793K(1033728K), 0.0016823 secs]
181.252: Total time for which application threads were stopped: 0.0018242 seconds, Stopping threads took: 0.0000202 seconds
181.321: [GC (Allocation Failure)  819329K->505924K(1034752K), 0.0046114 secs]
181.325: Total time for which application threads were stopped: 0.0047741 seconds, Stopping threads took: 0.0000204 seconds
181.393: [GC (Allocation Failure)  827460K->509820K(1035776K), 0.0060739 secs]
181.399: Total time for which application threads were stopped: 0.0062439 seconds, Stopping threads took: 0.0000211 seconds
181.465: [GC (Allocation Failure)  832892K->504697K(1035264K), 0.0030737 secs]
181.468: Total time for which application threads were stopped: 0.0032306 seconds, Stopping threads took: 0.0000198 seconds
181.536: [GC (Allocation Failure)  827769K->510052K(1035776K), 0.0046041 secs]
181.541: Total time for which application threads were stopped: 0.0047730 seconds, Stopping threads took: 0.0000207 seconds
181.608: [GC (Allocation Failure)  833124K->513932K(1035264K), 0.0049582 secs]
181.613: Total time for which application threads were stopped: 0.0051302 seconds, Stopping threads took: 0.0000277 seconds
181.682: [GC (Allocation Failure)  837004K->513932K(1036288K), 0.0064462 secs]
181.688: Total time for which application threads were stopped: 0.0066487 seconds, Stopping threads took: 0.0000207 seconds
181.757: [GC (Allocation Failure)  838028K->514116K(1024000K), 0.0049176 secs]
181.762: Total time for which application threads were stopped: 0.0050976 seconds, Stopping threads took: 0.0000195 seconds
181.830: [GC (Allocation Failure)  838212K->521958K(1035264K), 0.0047758 secs]
181.835: Total time for which application threads were stopped: 0.0049452 seconds, Stopping threads took: 0.0000194 seconds
181.903: [GC (Allocation Failure)  844518K->521958K(1035264K), 0.0057619 secs]
181.909: Total time for which application threads were stopped: 0.0059535 seconds, Stopping threads took: 0.0000211 seconds
181.975: [GC (Allocation Failure)  844518K->522374K(1034752K), 0.0046403 secs]
181.980: Total time for which application threads were stopped: 0.0048111 seconds, Stopping threads took: 0.0000257 seconds
182.048: [GC (Allocation Failure)  844934K->530024K(1035264K), 0.0046220 secs]
182.053: Total time for which application threads were stopped: 0.0047906 seconds, Stopping threads took: 0.0000249 seconds
182.119: [GC (Allocation Failure)  852584K->529992K(1035264K), 0.0047656 secs]
182.124: Total time for which application threads were stopped: 0.0049535 seconds, Stopping threads took: 0.0000194 seconds
182.192: [GC (Allocation Failure)  852552K->530056K(1022464K), 0.0046308 secs]
182.196: Total time for which application threads were stopped: 0.0047905 seconds, Stopping threads took: 0.0000178 seconds
182.262: [GC (Allocation Failure)  852616K->538026K(1034752K), 0.0047773 secs]
182.267: Total time for which application threads were stopped: 0.0049477 seconds, Stopping threads took: 0.0000205 seconds
182.337: [GC (Allocation Failure)  859562K->538058K(1034752K), 0.0047498 secs]
182.342: Total time for which application threads were stopped: 0.0049325 seconds, Stopping threads took: 0.0000200 seconds
182.408: [GC (Allocation Failure)  859594K->538306K(1033728K), 0.0046942 secs]
182.413: Total time for which application threads were stopped: 0.0048424 seconds, Stopping threads took: 0.0000176 seconds
182.480: [GC (Allocation Failure)  858818K->546053K(1034240K), 0.0045755 secs]
182.485: Total time for which application threads were stopped: 0.0047495 seconds, Stopping threads took: 0.0000405 seconds
182.553: [GC (Allocation Failure)  866565K->546053K(1034240K), 0.0047216 secs]
182.557: Total time for which application threads were stopped: 0.0049174 seconds, Stopping threads took: 0.0000257 seconds
182.626: [GC (Allocation Failure)  866565K->546125K(1034240K), 0.0046640 secs]
182.631: Total time for which application threads were stopped: 0.0048231 seconds, Stopping threads took: 0.0000177 seconds
182.698: [GC (Allocation Failure)  866637K->554127K(1034240K), 0.0047233 secs]
182.703: Total time for which application threads were stopped: 0.0049036 seconds, Stopping threads took: 0.0000283 seconds
182.771: [GC (Allocation Failure)  874639K->554095K(1034240K), 0.0048347 secs]
182.776: Total time for which application threads were stopped: 0.0049954 seconds, Stopping threads took: 0.0000201 seconds
182.845: [GC (Allocation Failure)  874607K->554247K(1033216K), 0.0046612 secs]
182.850: Total time for which application threads were stopped: 0.0048163 seconds, Stopping threads took: 0.0000174 seconds
182.919: [GC (Allocation Failure)  873735K->562121K(1033728K), 0.0048106 secs]
182.924: Total time for which application threads were stopped: 0.0049694 seconds, Stopping threads took: 0.0000167 seconds
182.992: [GC (Allocation Failure)  881609K->562089K(1033728K), 0.0066767 secs]
182.999: Total time for which application threads were stopped: 0.0068456 seconds, Stopping threads took: 0.0000267 seconds
183.066: [GC (Allocation Failure)  881577K->562473K(1033728K), 0.0047126 secs]
183.070: Total time for which application threads were stopped: 0.0048924 seconds, Stopping threads took: 0.0000210 seconds
183.138: [GC (Allocation Failure)  881961K->570156K(1033728K), 0.0045674 secs]
183.142: Total time for which application threads were stopped: 0.0047635 seconds, Stopping threads took: 0.0000213 seconds
183.211: [GC (Allocation Failure)  889644K->570188K(1033728K), 0.0050303 secs]
183.216: Total time for which application threads were stopped: 0.0051875 seconds, Stopping threads took: 0.0000194 seconds
183.284: [GC (Allocation Failure)  889676K->570220K(1033728K), 0.0048428 secs]
183.289: Total time for which application threads were stopped: 0.0050134 seconds, Stopping threads took: 0.0000198 seconds
183.356: [GC (Allocation Failure)  889708K->578222K(1033728K), 0.0047197 secs]
183.360: Total time for which application threads were stopped: 0.0048864 seconds, Stopping threads took: 0.0000194 seconds
183.427: [GC (Allocation Failure)  897710K->574284K(1034240K), 0.0036347 secs]
183.431: Total time for which application threads were stopped: 0.0037921 seconds, Stopping threads took: 0.0000197 seconds
183.500: [GC (Allocation Failure)  894284K->578342K(1033728K), 0.0048750 secs]
183.505: Total time for which application threads were stopped: 0.0050537 seconds, Stopping threads took: 0.0000280 seconds
183.572: [GC (Allocation Failure)  898342K->582342K(1034752K), 0.0047236 secs]
183.577: Total time for which application threads were stopped: 0.0048934 seconds, Stopping threads took: 0.0000196 seconds
183.644: [GC (Allocation Failure)  903878K->576548K(1034752K), 0.0026338 secs]
183.647: Total time for which application threads were stopped: 0.0027878 seconds, Stopping threads took: 0.0000191 seconds
183.717: [GC (Allocation Failure)  898084K->582350K(1035264K), 0.0047457 secs]
183.721: Total time for which application threads were stopped: 0.0049199 seconds, Stopping threads took: 0.0000212 seconds
183.789: [GC (Allocation Failure)  904398K->586422K(1034752K), 0.0049962 secs]
183.794: Total time for which application threads were stopped: 0.0051638 seconds, Stopping threads took: 0.0000205 seconds
183.861: [GC (Allocation Failure)  908209K->582516K(1035776K), 0.0036817 secs]
183.865: Total time for which application threads were stopped: 0.0038411 seconds, Stopping threads took: 0.0000193 seconds
183.936: [GC (Allocation Failure)  905588K->586606K(1035264K), 0.0047959 secs]
183.941: Total time for which application threads were stopped: 0.0049708 seconds, Stopping threads took: 0.0000199 seconds
184.009: [GC (Allocation Failure)  909678K->590606K(1035264K), 0.0046180 secs]
184.014: Total time for which application threads were stopped: 0.0047794 seconds, Stopping threads took: 0.0000203 seconds
184.081: [GC (Allocation Failure)  914190K->590606K(1035776K), 0.0047114 secs]
184.086: Total time for which application threads were stopped: 0.0048672 seconds, Stopping threads took: 0.0000197 seconds
184.151: [GC (Allocation Failure)  914190K->590630K(1034752K), 0.0047249 secs]
184.156: Total time for which application threads were stopped: 0.0049187 seconds, Stopping threads took: 0.0000201 seconds
184.225: [GC (Allocation Failure)  913190K->598600K(1035264K), 0.0048672 secs]
184.230: Total time for which application threads were stopped: 0.0050165 seconds, Stopping threads took: 0.0000171 seconds
184.297: [GC (Allocation Failure)  921160K->598600K(1034240K), 0.0046370 secs]
184.302: Total time for which application threads were stopped: 0.0048315 seconds, Stopping threads took: 0.0000197 seconds
184.371: [GC (Allocation Failure)  920136K->598632K(1034752K), 0.0046534 secs]
184.376: Total time for which application threads were stopped: 0.0048422 seconds, Stopping threads took: 0.0000188 seconds
184.444: [GC (Allocation Failure)  920168K->606666K(1033728K), 0.0047957 secs]
184.448: Total time for which application threads were stopped: 0.0049460 seconds, Stopping threads took: 0.0000164 seconds
184.517: [GC (Allocation Failure)  927178K->606634K(1034240K), 0.0045329 secs]
184.522: Total time for which application threads were stopped: 0.0047081 seconds, Stopping threads took: 0.0000272 seconds
184.589: [GC (Allocation Failure)  927146K->606850K(1034240K), 0.0051791 secs]
184.595: Total time for which application threads were stopped: 0.0053521 seconds, Stopping threads took: 0.0000206 seconds
184.661: [GC (Allocation Failure)  927362K->614661K(1034240K), 0.0049897 secs]
184.666: Total time for which application threads were stopped: 0.0051620 seconds, Stopping threads took: 0.0000261 seconds
184.732: [GC (Allocation Failure)  935173K->614661K(1034240K), 0.0049030 secs]
184.737: Total time for which application threads were stopped: 0.0051161 seconds, Stopping threads took: 0.0000200 seconds
184.806: [GC (Allocation Failure)  935173K->615117K(1020416K), 0.0048798 secs]
184.811: Total time for which application threads were stopped: 0.0050635 seconds, Stopping threads took: 0.0000257 seconds
184.879: [GC (Allocation Failure)  935629K->622703K(1033728K), 0.0049487 secs]
184.884: Total time for which application threads were stopped: 0.0051277 seconds, Stopping threads took: 0.0000175 seconds
184.952: [GC (Allocation Failure)  942191K->622703K(1033728K), 0.0049631 secs]
184.957: Total time for which application threads were stopped: 0.0051204 seconds, Stopping threads took: 0.0000204 seconds
185.024: [GC (Allocation Failure)  942191K->622823K(1033728K), 0.0048601 secs]
185.029: Total time for which application threads were stopped: 0.0050308 seconds, Stopping threads took: 0.0000264 seconds
185.097: [GC (Allocation Failure)  942311K->630729K(1033728K), 0.0049680 secs]
185.102: Total time for which application threads were stopped: 0.0051521 seconds, Stopping threads took: 0.0000201 seconds
185.169: [GC (Allocation Failure)  950215K->626823K(1034240K), 0.0039365 secs]
185.173: Total time for which application threads were stopped: 0.0041161 seconds, Stopping threads took: 0.0000203 seconds
185.243: [GC (Allocation Failure)  946823K->630889K(1033728K), 0.0049533 secs]
185.248: Total time for which application threads were stopped: 0.0051235 seconds, Stopping threads took: 0.0000202 seconds
185.314: [GC (Allocation Failure)  950889K->634857K(1034752K), 0.0048957 secs]
185.319: Total time for which application threads were stopped: 0.0050673 seconds, Stopping threads took: 0.0000204 seconds
185.386: [GC (Allocation Failure)  956393K->629095K(1034752K), 0.0028392 secs]
185.389: Total time for which application threads were stopped: 0.0030048 seconds, Stopping threads took: 0.0000203 seconds
185.457: [GC (Allocation Failure)  950631K->634929K(1035776K), 0.0047877 secs]
185.462: Total time for which application threads were stopped: 0.0049599 seconds, Stopping threads took: 0.0000202 seconds
185.531: [GC (Allocation Failure)  957489K->638969K(1034752K), 0.0082956 secs]
185.540: Total time for which application threads were stopped: 0.0084599 seconds, Stopping threads took: 0.0000208 seconds
185.608: [GC (Allocation Failure)  961267K->635095K(1035776K), 0.0038335 secs]
185.612: Total time for which application threads were stopped: 0.0040250 seconds, Stopping threads took: 0.0000281 seconds
185.680: [GC (Allocation Failure)  958167K->639161K(1035264K), 0.0050474 secs]
185.685: Total time for which application threads were stopped: 0.0052364 seconds, Stopping threads took: 0.0000218 seconds
185.753: [GC (Allocation Failure)  962233K->643129K(1035264K), 0.0065118 secs]
185.759: Total time for which application threads were stopped: 0.0066617 seconds, Stopping threads took: 0.0000207 seconds
185.829: [GC (Allocation Failure)  966713K->643129K(1035776K), 0.0048464 secs]
185.834: Total time for which application threads were stopped: 0.0050256 seconds, Stopping threads took: 0.0000200 seconds
185.901: [GC (Allocation Failure)  966713K->643185K(1034752K), 0.0058281 secs]
185.907: Total time for which application threads were stopped: 0.0060049 seconds, Stopping threads took: 0.0000262 seconds
185.976: [GC (Allocation Failure)  965745K->651123K(1035264K), 0.0049733 secs]
185.981: Total time for which application threads were stopped: 0.0051365 seconds, Stopping threads took: 0.0000198 seconds
186.048: [GC (Allocation Failure)  973683K->651123K(1034240K), 0.0048060 secs]
186.053: Total time for which application threads were stopped: 0.0049895 seconds, Stopping threads took: 0.0000197 seconds
186.120: [GC (Allocation Failure)  972659K->651179K(1034752K), 0.0058157 secs]
186.126: Total time for which application threads were stopped: 0.0060014 seconds, Stopping threads took: 0.0000216 seconds
186.192: [GC (Allocation Failure)  972715K->659182K(1034752K), 0.0050766 secs]
186.197: Total time for which application threads were stopped: 0.0052460 seconds, Stopping threads took: 0.0000206 seconds
186.265: [GC (Allocation Failure)  980718K->659182K(1029120K), 0.0049057 secs]
186.270: Total time for which application threads were stopped: 0.0050685 seconds, Stopping threads took: 0.0000204 seconds
186.336: [GC (Allocation Failure)  980718K->659430K(1034240K), 0.0048484 secs]
186.341: Total time for which application threads were stopped: 0.0050152 seconds, Stopping threads took: 0.0000209 seconds
186.409: [GC (Allocation Failure)  979942K->667240K(1034240K), 0.0049421 secs]
186.414: Total time for which application threads were stopped: 0.0051420 seconds, Stopping threads took: 0.0000212 seconds
186.483: [GC (Allocation Failure)  987752K->667240K(1034240K), 0.0046506 secs]
186.488: Total time for which application threads were stopped: 0.0048210 seconds, Stopping threads took: 0.0000280 seconds
186.555: [GC (Allocation Failure)  987752K->667656K(1020416K), 0.0049297 secs]
186.560: Total time for which application threads were stopped: 0.0051000 seconds, Stopping threads took: 0.0000283 seconds
186.626: [GC (Allocation Failure)  988168K->675242K(1033728K), 0.0050984 secs]
186.631: Total time for which application threads were stopped: 0.0052589 seconds, Stopping threads took: 0.0000195 seconds
186.698: [GC (Allocation Failure)  994730K->675242K(1033728K), 0.0050365 secs]
186.703: Total time for which application threads were stopped: 0.0052115 seconds, Stopping threads took: 0.0000200 seconds
186.768: [GC (Allocation Failure)  994730K->675370K(1033728K), 0.0049400 secs]
186.774: Total time for which application threads were stopped: 0.0050929 seconds, Stopping threads took: 0.0000166 seconds
186.843: [GC (Allocation Failure)  994858K->683308K(1033728K), 0.0048602 secs]
186.848: Total time for which application threads were stopped: 0.0050573 seconds, Stopping threads took: 0.0000207 seconds
186.917: [GC (Allocation Failure)  1002796K->683276K(1033728K), 0.0050186 secs]
186.923: Total time for which application threads were stopped: 0.0051885 seconds, Stopping threads took: 0.0000255 seconds
186.989: [GC (Allocation Failure)  1002764K->683340K(1033728K), 0.0047480 secs]
186.994: Total time for which application threads were stopped: 0.0049213 seconds, Stopping threads took: 0.0000275 seconds
187.063: [GC (Allocation Failure)  1002828K->691343K(1032704K), 0.0050793 secs]
187.068: Total time for which application threads were stopped: 0.0052407 seconds, Stopping threads took: 0.0000198 seconds
187.134: [GC (Allocation Failure)  1009807K->685740K(1033216K), 0.0030801 secs]
187.138: Total time for which application threads were stopped: 0.0032454 seconds, Stopping threads took: 0.0000193 seconds
187.205: [GC (Allocation Failure)  1004204K->691599K(1034240K), 0.0050878 secs]
187.210: Total time for which application threads were stopped: 0.0052573 seconds, Stopping threads took: 0.0000200 seconds
187.277: [GC (Allocation Failure)  1011599K->695431K(1033728K), 0.0050646 secs]
187.282: [Full GC (Ergonomics)  695431K->8514K(1033728K), 0.0121869 secs]
187.294: Total time for which application threads were stopped: 0.0174976 seconds, Stopping threads took: 0.0000197 seconds
187.359: [GC (Allocation Failure)  328514K->22466K(1030144K), 0.0061416 secs]
187.366: Total time for which application threads were stopped: 0.0062982 seconds, Stopping threads took: 0.0000161 seconds
187.432: [GC (Allocation Failure)  338882K->16749K(1032192K), 0.0037085 secs]
187.436: Total time for which application threads were stopped: 0.0039191 seconds, Stopping threads took: 0.0000353 seconds
187.504: [GC (Allocation Failure)  333165K->16589K(1032704K), 0.0051488 secs]
187.509: Total time for which application threads were stopped: 0.0053183 seconds, Stopping threads took: 0.0000270 seconds
187.576: [GC (Allocation Failure)  333517K->8874K(1032192K), 0.0005692 secs]
187.577: Total time for which application threads were stopped: 0.0006949 seconds, Stopping threads took: 0.0000260 seconds
187.644: [GC (Allocation Failure)  325802K->16717K(1032704K), 0.0036537 secs]
187.648: Total time for which application threads were stopped: 0.0038781 seconds, Stopping threads took: 0.0000238 seconds
187.715: [GC (Allocation Failure)  334157K->16589K(1032704K), 0.0036859 secs]
187.719: Total time for which application threads were stopped: 0.0038927 seconds, Stopping threads took: 0.0000238 seconds
187.787: [GC (Allocation Failure)  334029K->17645K(1033216K), 0.0038352 secs]
187.791: Total time for which application threads were stopped: 0.0039910 seconds, Stopping threads took: 0.0000171 seconds
187.860: [GC (Allocation Failure)  336109K->24623K(1033216K), 0.0037082 secs]
187.863: Total time for which application threads were stopped: 0.0038846 seconds, Stopping threads took: 0.0000203 seconds
187.933: [GC (Allocation Failure)  343087K->24655K(1033216K), 0.0036570 secs]
187.937: Total time for which application threads were stopped: 0.0038481 seconds, Stopping threads took: 0.0000249 seconds
188.005: [GC (Allocation Failure)  343119K->25767K(1033216K), 0.0038087 secs]
188.008: Total time for which application threads were stopped: 0.0039763 seconds, Stopping threads took: 0.0000266 seconds
188.076: [GC (Allocation Failure)  344231K->32713K(1033216K), 0.0036177 secs]
188.080: Total time for which application threads were stopped: 0.0038395 seconds, Stopping threads took: 0.0000211 seconds
188.148: [GC (Allocation Failure)  351177K->32649K(1033216K), 0.0037950 secs]
188.152: Total time for which application threads were stopped: 0.0039742 seconds, Stopping threads took: 0.0000197 seconds
188.218: [GC (Allocation Failure)  351113K->34025K(1033728K), 0.0039898 secs]
188.222: Total time for which application threads were stopped: 0.0041568 seconds, Stopping threads took: 0.0000194 seconds
188.289: [GC (Allocation Failure)  353513K->40715K(1033728K), 0.0035699 secs]
188.293: Total time for which application threads were stopped: 0.0037185 seconds, Stopping threads took: 0.0000200 seconds
188.362: [GC (Allocation Failure)  360203K->40683K(1033728K), 0.0036555 secs]
188.365: Total time for which application threads were stopped: 0.0038004 seconds, Stopping threads took: 0.0000163 seconds
188.431: [GC (Allocation Failure)  360171K->41227K(1033728K), 0.0038372 secs]
188.435: Total time for which application threads were stopped: 0.0040074 seconds, Stopping threads took: 0.0000202 seconds
188.501: [GC (Allocation Failure)  360715K->48814K(1033728K), 0.0037345 secs]
188.505: Total time for which application threads were stopped: 0.0039090 seconds, Stopping threads took: 0.0000289 seconds
188.572: [GC (Allocation Failure)  368302K->48718K(1033728K), 0.0039835 secs]
188.576: Total time for which application threads were stopped: 0.0041589 seconds, Stopping threads took: 0.0000248 seconds
188.640: [GC (Allocation Failure)  368206K->48942K(1033728K), 0.0037801 secs]
188.644: Total time for which application threads were stopped: 0.0039620 seconds, Stopping threads took: 0.0000206 seconds
188.712: [GC (Allocation Failure)  368430K->56784K(1033728K), 0.0036116 secs]
188.715: Total time for which application threads were stopped: 0.0037636 seconds, Stopping threads took: 0.0000172 seconds
188.783: [GC (Allocation Failure)  376272K->56752K(1033728K), 0.0037640 secs]
188.787: Total time for which application threads were stopped: 0.0039335 seconds, Stopping threads took: 0.0000215 seconds
188.852: [GC (Allocation Failure)  376240K->57704K(1033728K), 0.0037552 secs]
188.856: Total time for which application threads were stopped: 0.0039276 seconds, Stopping threads took: 0.0000205 seconds
188.927: [GC (Allocation Failure)  377192K->64778K(1033728K), 0.0036749 secs]
188.931: Total time for which application threads were stopped: 0.0038537 seconds, Stopping threads took: 0.0000220 seconds
188.999: [GC (Allocation Failure)  384266K->64778K(1033728K), 0.0035982 secs]
189.002: Total time for which application threads were stopped: 0.0037671 seconds, Stopping threads took: 0.0000272 seconds
189.068: [GC (Allocation Failure)  384266K->64906K(1032704K), 0.0038438 secs]
189.072: Total time for which application threads were stopped: 0.0040156 seconds, Stopping threads took: 0.0000202 seconds
189.140: [GC (Allocation Failure)  383370K->72812K(1033216K), 0.0039129 secs]
189.144: Total time for which application threads were stopped: 0.0040967 seconds, Stopping threads took: 0.0000205 seconds
189.213: [GC (Allocation Failure)  391276K->72812K(1033216K), 0.0038434 secs]
189.217: Total time for which application threads were stopped: 0.0040199 seconds, Stopping threads took: 0.0000215 seconds
189.284: [GC (Allocation Failure)  391276K->73164K(1033216K), 0.0038815 secs]
189.288: Total time for which application threads were stopped: 0.0040969 seconds, Stopping threads took: 0.0000207 seconds
189.356: [GC (Allocation Failure)  391628K->80847K(1033216K), 0.0039881 secs]
189.360: Total time for which application threads were stopped: 0.0041604 seconds, Stopping threads took: 0.0000206 seconds
189.426: [GC (Allocation Failure)  399311K->80879K(1033216K), 0.0037987 secs]
189.430: Total time for which application threads were stopped: 0.0039742 seconds, Stopping threads took: 0.0000194 seconds
189.498: [GC (Allocation Failure)  399343K->81383K(1033216K), 0.0038838 secs]
189.501: Total time for which application threads were stopped: 0.0040515 seconds, Stopping threads took: 0.0000260 seconds
189.568: [GC (Allocation Failure)  399847K->88905K(1033216K), 0.0036966 secs]
189.572: Total time for which application threads were stopped: 0.0038723 seconds, Stopping threads took: 0.0000205 seconds
189.640: [GC (Allocation Failure)  407369K->88873K(1033216K), 0.0040079 secs]
189.644: Total time for which application threads were stopped: 0.0041679 seconds, Stopping threads took: 0.0000197 seconds
189.708: [GC (Allocation Failure)  407337K->89577K(1033216K), 0.0039170 secs]
189.712: Total time for which application threads were stopped: 0.0041076 seconds, Stopping threads took: 0.0000196 seconds
189.781: [GC (Allocation Failure)  408041K->96907K(1033216K), 0.0036267 secs]
189.785: Total time for which application threads were stopped: 0.0037880 seconds, Stopping threads took: 0.0000191 seconds
189.851: [GC (Allocation Failure)  415371K->96907K(1033216K), 0.0036660 secs]
189.855: Total time for which application threads were stopped: 0.0038624 seconds, Stopping threads took: 0.0000200 seconds
189.923: [GC (Allocation Failure)  415371K->97739K(1033216K), 0.0038632 secs]
189.927: Total time for which application threads were stopped: 0.0040352 seconds, Stopping threads took: 0.0000199 seconds
189.995: [GC (Allocation Failure)  416203K->104910K(1033216K), 0.0039193 secs]
189.999: Total time for which application threads were stopped: 0.0040858 seconds, Stopping threads took: 0.0000257 seconds
190.066: [GC (Allocation Failure)  423374K->104942K(1033216K), 0.0037534 secs]
190.070: Total time for which application threads were stopped: 0.0039139 seconds, Stopping threads took: 0.0000195 seconds
190.136: [GC (Allocation Failure)  423406K->105998K(1033216K), 0.0039598 secs]
190.141: Total time for which application threads were stopped: 0.0041223 seconds, Stopping threads took: 0.0000199 seconds
190.208: [GC (Allocation Failure)  424462K->113008K(1032704K), 0.0039624 secs]
190.212: Total time for which application threads were stopped: 0.0041691 seconds, Stopping threads took: 0.0000205 seconds
190.278: [GC (Allocation Failure)  431472K->112976K(1033216K), 0.0039410 secs]
190.282: Total time for which application threads were stopped: 0.0041049 seconds, Stopping threads took: 0.0000196 seconds
190.349: [GC (Allocation Failure)  431440K->113224K(1032704K), 0.0039185 secs]
190.353: Total time for which application threads were stopped: 0.0041192 seconds, Stopping threads took: 0.0000204 seconds
190.422: [GC (Allocation Failure)  431688K->121002K(1033216K), 0.0039786 secs]
190.426: Total time for which application threads were stopped: 0.0041396 seconds, Stopping threads took: 0.0000197 seconds
190.495: [GC (Allocation Failure)  439466K->121002K(1033216K), 0.0035529 secs]
190.499: Total time for which application threads were stopped: 0.0037266 seconds, Stopping threads took: 0.0000255 seconds
190.565: [GC (Allocation Failure)  439466K->121410K(1033216K), 0.0038251 secs]
190.569: Total time for which application threads were stopped: 0.0040040 seconds, Stopping threads took: 0.0000280 seconds
190.636: [GC (Allocation Failure)  439874K->128996K(1033216K), 0.0044972 secs]
190.641: Total time for which application threads were stopped: 0.0046777 seconds, Stopping threads took: 0.0000201 seconds
190.708: [GC (Allocation Failure)  447460K->129060K(1033216K), 0.0039422 secs]
190.712: Total time for which application threads were stopped: 0.0041206 seconds, Stopping threads took: 0.0000222 seconds
190.776: [GC (Allocation Failure)  447524K->129156K(1033216K), 0.0039359 secs]
190.780: Total time for which application threads were stopped: 0.0041770 seconds, Stopping threads took: 0.0000208 seconds
190.849: [GC (Allocation Failure)  447620K->137095K(1033216K), 0.0045678 secs]
190.853: Total time for which application threads were stopped: 0.0047319 seconds, Stopping threads took: 0.0000168 seconds
190.922: [GC (Allocation Failure)  455559K->137095K(1033216K), 0.0039278 secs]
190.926: Total time for which application threads were stopped: 0.0041203 seconds, Stopping threads took: 0.0000188 seconds
190.993: [GC (Allocation Failure)  455559K->137127K(1033216K), 0.0037814 secs]
190.997: Total time for which application threads were stopped: 0.0039658 seconds, Stopping threads took: 0.0000279 seconds
191.064: [GC (Allocation Failure)  455591K->145129K(1033216K), 0.0040545 secs]
191.068: Total time for which application threads were stopped: 0.0042208 seconds, Stopping threads took: 0.0000198 seconds
191.133: [GC (Allocation Failure)  463593K->145097K(1033216K), 0.0038424 secs]
191.137: Total time for which application threads were stopped: 0.0040216 seconds, Stopping threads took: 0.0000195 seconds
191.202: [GC (Allocation Failure)  463561K->145161K(1033216K), 0.0040069 secs]
191.206: Total time for which application threads were stopped: 0.0041817 seconds, Stopping threads took: 0.0000201 seconds
191.275: [GC (Allocation Failure)  463625K->153131K(1033216K), 0.0040205 secs]
191.279: Total time for which application threads were stopped: 0.0042007 seconds, Stopping threads took: 0.0000216 seconds
191.346: [GC (Allocation Failure)  471595K->153131K(1033216K), 0.0039340 secs]
191.350: Total time for which application threads were stopped: 0.0040960 seconds, Stopping threads took: 0.0000190 seconds
191.414: [GC (Allocation Failure)  471595K->153347K(1033216K), 0.0064864 secs]
191.421: Total time for which application threads were stopped: 0.0066476 seconds, Stopping threads took: 0.0000190 seconds
191.488: [GC (Allocation Failure)  471811K->161157K(1033216K), 0.0038579 secs]
191.492: Total time for which application threads were stopped: 0.0040408 seconds, Stopping threads took: 0.0000273 seconds
191.559: [GC (Allocation Failure)  479621K->157027K(1033216K), 0.0024824 secs]
191.561: Total time for which application threads were stopped: 0.0026516 seconds, Stopping threads took: 0.0000210 seconds
191.627: [GC (Allocation Failure)  475491K->161309K(1034752K), 0.0043685 secs]
191.631: Total time for which application threads were stopped: 0.0045447 seconds, Stopping threads took: 0.0000212 seconds
191.699: [GC (Allocation Failure)  481821K->165301K(1033728K), 0.0037269 secs]
191.702: Total time for which application threads were stopped: 0.0038980 seconds, Stopping threads took: 0.0000263 seconds
191.769: [GC (Allocation Failure)  485813K->173635K(1028096K), 0.0078144 secs]
191.777: Total time for which application threads were stopped: 0.0079858 seconds, Stopping threads took: 0.0000195 seconds
191.843: [GC (Allocation Failure)  488003K->167461K(1031168K), 0.0039072 secs]
191.847: Total time for which application threads were stopped: 0.0040707 seconds, Stopping threads took: 0.0000203 seconds
191.914: [GC (Allocation Failure)  481829K->167333K(1032192K), 0.0072534 secs]
191.921: Total time for which application threads were stopped: 0.0074156 seconds, Stopping threads took: 0.0000258 seconds
191.987: [GC (Allocation Failure)  483237K->169133K(1031680K), 0.0042208 secs]
191.992: Total time for which application threads were stopped: 0.0043907 seconds, Stopping threads took: 0.0000194 seconds
192.058: [GC (Allocation Failure)  485037K->175440K(1032704K), 0.0040803 secs]
192.063: Total time for which application threads were stopped: 0.0042706 seconds, Stopping threads took: 0.0000203 seconds
192.129: [GC (Allocation Failure)  492368K->175440K(1032192K), 0.0040156 secs]
192.133: Total time for which application threads were stopped: 0.0041950 seconds, Stopping threads took: 0.0000198 seconds
192.197: [GC (Allocation Failure)  492368K->175816K(1032704K), 0.0040584 secs]
192.201: Total time for which application threads were stopped: 0.0042189 seconds, Stopping threads took: 0.0000208 seconds
192.270: [GC (Allocation Failure)  493256K->183466K(1032704K), 0.0039098 secs]
192.274: Total time for which application threads were stopped: 0.0040729 seconds, Stopping threads took: 0.0000203 seconds
192.342: [GC (Allocation Failure)  500906K->183434K(1033216K), 0.0040498 secs]
192.346: Total time for which application threads were stopped: 0.0042205 seconds, Stopping threads took: 0.0000198 seconds
192.412: [GC (Allocation Failure)  501386K->185578K(1032704K), 0.0042014 secs]
192.416: Total time for which application threads were stopped: 0.0043807 seconds, Stopping threads took: 0.0000201 seconds
192.485: [GC (Allocation Failure)  503530K->191468K(1033216K), 0.0043907 secs]
192.489: Total time for which application threads were stopped: 0.0045842 seconds, Stopping threads took: 0.0000403 seconds
192.559: [GC (Allocation Failure)  509932K->191468K(1033216K), 0.0039909 secs]
192.563: Total time for which application threads were stopped: 0.0041646 seconds, Stopping threads took: 0.0000262 seconds
192.628: [GC (Allocation Failure)  509932K->193356K(1033728K), 0.0044386 secs]
192.633: Total time for which application threads were stopped: 0.0045950 seconds, Stopping threads took: 0.0000201 seconds
192.702: [GC (Allocation Failure)  512844K->199534K(1033728K), 0.0040357 secs]
192.706: Total time for which application threads were stopped: 0.0042306 seconds, Stopping threads took: 0.0000197 seconds
192.775: [GC (Allocation Failure)  519022K->199534K(1033728K), 0.0040570 secs]
192.779: Total time for which application threads were stopped: 0.0042288 seconds, Stopping threads took: 0.0000173 seconds
192.845: [GC (Allocation Failure)  519022K->200526K(1033728K), 0.0042342 secs]
192.849: Total time for which application threads were stopped: 0.0044045 seconds, Stopping threads took: 0.0000196 seconds
192.917: [GC (Allocation Failure)  520014K->207569K(1033728K), 0.0048204 secs]
192.922: Total time for which application threads were stopped: 0.0049860 seconds, Stopping threads took: 0.0000264 seconds
192.989: [GC (Allocation Failure)  527057K->207537K(1033728K), 0.0040980 secs]
192.993: Total time for which application threads were stopped: 0.0042625 seconds, Stopping threads took: 0.0000259 seconds
193.057: [GC (Allocation Failure)  527025K->207753K(1033728K), 0.0039567 secs]
193.062: Total time for which application threads were stopped: 0.0041284 seconds, Stopping threads took: 0.0000207 seconds
193.129: [GC (Allocation Failure)  527241K->215595K(1033728K), 0.0040096 secs]
193.133: Total time for which application threads were stopped: 0.0041743 seconds, Stopping threads took: 0.0000201 seconds
193.199: [GC (Allocation Failure)  535083K->215531K(1033728K), 0.0043368 secs]
193.204: Total time for which application threads were stopped: 0.0045149 seconds, Stopping threads took: 0.0000208 seconds
193.268: [GC (Allocation Failure)  535019K->215979K(1033728K), 0.0040913 secs]
193.273: Total time for which application threads were stopped: 0.0042651 seconds, Stopping threads took: 0.0000201 seconds
193.340: [GC (Allocation Failure)  535467K->223629K(1033728K), 0.0040758 secs]
193.344: Total time for which application threads were stopped: 0.0042465 seconds, Stopping threads took: 0.0000196 seconds
193.410: [GC (Allocation Failure)  543117K->223597K(1033728K), 0.0041185 secs]
193.414: Total time for which application threads were stopped: 0.0042905 seconds, Stopping threads took: 0.0000205 seconds
193.479: [GC (Allocation Failure)  543085K->224205K(1033728K), 0.0058835 secs]
193.485: Total time for which application threads were stopped: 0.0060654 seconds, Stopping threads took: 0.0000206 seconds
193.553: [GC (Allocation Failure)  543693K->231664K(1033728K), 0.0037839 secs]
193.557: Total time for which application threads were stopped: 0.0039664 seconds, Stopping threads took: 0.0000258 seconds
193.622: [GC (Allocation Failure)  551152K->231632K(1033728K), 0.0041934 secs]
193.626: Total time for which application threads were stopped: 0.0043611 seconds, Stopping threads took: 0.0000195 seconds
193.691: [GC (Allocation Failure)  551120K->233480K(1033728K), 0.0043282 secs]
193.696: Total time for which application threads were stopped: 0.0044847 seconds, Stopping threads took: 0.0000193 seconds
193.765: [GC (Allocation Failure)  552968K->239690K(1033728K), 0.0042996 secs]
193.770: Total time for which application threads were stopped: 0.0044573 seconds, Stopping threads took: 0.0000168 seconds
193.836: [GC (Allocation Failure)  559178K->239690K(1033728K), 0.0042163 secs]
193.840: Total time for which application threads were stopped: 0.0044037 seconds, Stopping threads took: 0.0000203 seconds
193.906: [GC (Allocation Failure)  559178K->240650K(1033728K), 0.0063581 secs]
193.913: Total time for which application threads were stopped: 0.0065649 seconds, Stopping threads took: 0.0000193 seconds
193.981: [GC (Allocation Failure)  560138K->247756K(1033728K), 0.0040509 secs]
193.985: Total time for which application threads were stopped: 0.0042003 seconds, Stopping threads took: 0.0000180 seconds
194.053: [GC (Allocation Failure)  567244K->247692K(1033728K), 0.0039801 secs]
194.057: Total time for which application threads were stopped: 0.0041418 seconds, Stopping threads took: 0.0000202 seconds
194.121: [GC (Allocation Failure)  567180K->247852K(1033728K), 0.0041560 secs]
194.126: Total time for which application threads were stopped: 0.0043494 seconds, Stopping threads took: 0.0000201 seconds
194.195: [GC (Allocation Failure)  567340K->255758K(1033728K), 0.0040818 secs]
194.199: Total time for which application threads were stopped: 0.0042391 seconds, Stopping threads took: 0.0000169 seconds
194.265: [GC (Allocation Failure)  575246K->255726K(1033728K), 0.0042386 secs]
194.269: Total time for which application threads were stopped: 0.0044210 seconds, Stopping threads took: 0.0000196 seconds
194.336: [GC (Allocation Failure)  575214K->256070K(1033728K), 0.0043115 secs]
194.341: Total time for which application threads were stopped: 0.0044820 seconds, Stopping threads took: 0.0000199 seconds
194.409: [GC (Allocation Failure)  575558K->263753K(1033728K), 0.0040953 secs]
194.413: Total time for which application threads were stopped: 0.0042693 seconds, Stopping threads took: 0.0000208 seconds
194.479: [GC (Allocation Failure)  583241K->263753K(1033728K), 0.0042931 secs]
194.483: Total time for which application threads were stopped: 0.0044733 seconds, Stopping threads took: 0.0000203 seconds
194.548: [GC (Allocation Failure)  583241K->264329K(1033728K), 0.0041171 secs]
194.552: Total time for which application threads were stopped: 0.0042922 seconds, Stopping threads took: 0.0000208 seconds
194.620: [GC (Allocation Failure)  583817K->271755K(1032704K), 0.0048651 secs]
194.625: Total time for which application threads were stopped: 0.0050321 seconds, Stopping threads took: 0.0000223 seconds
194.695: [GC (Allocation Failure)  590219K->271787K(1033216K), 0.0041612 secs]
194.699: Total time for which application threads were stopped: 0.0043403 seconds, Stopping threads took: 0.0000199 seconds
194.767: [GC (Allocation Failure)  590251K->272579K(1033728K), 0.0060294 secs]
194.773: Total time for which application threads were stopped: 0.0062119 seconds, Stopping threads took: 0.0000210 seconds
194.842: [GC (Allocation Failure)  592067K->279845K(1027072K), 0.0041788 secs]
194.846: Total time for which application threads were stopped: 0.0044062 seconds, Stopping threads took: 0.0000221 seconds
194.916: [GC (Allocation Failure)  599333K->279781K(1033728K), 0.0056691 secs]
194.922: Total time for which application threads were stopped: 0.0058328 seconds, Stopping threads took: 0.0000267 seconds
194.988: [GC (Allocation Failure)  598757K->280261K(1033216K), 0.0060133 secs]
194.994: Total time for which application threads were stopped: 0.0061973 seconds, Stopping threads took: 0.0000258 seconds
195.063: [GC (Allocation Failure)  599237K->287911K(1032704K), 0.0043251 secs]
195.068: Total time for which application threads were stopped: 0.0045184 seconds, Stopping threads took: 0.0000199 seconds
195.136: [GC (Allocation Failure)  606375K->287847K(1033216K), 0.0041727 secs]
195.140: Total time for which application threads were stopped: 0.0043482 seconds, Stopping threads took: 0.0000205 seconds
195.205: [GC (Allocation Failure)  606311K->288007K(1033216K), 0.0043114 secs]
195.209: Total time for which application threads were stopped: 0.0044867 seconds, Stopping threads took: 0.0000215 seconds
195.276: [GC (Allocation Failure)  606471K->295914K(1033216K), 0.0044130 secs]
195.281: Total time for which application threads were stopped: 0.0045982 seconds, Stopping threads took: 0.0000204 seconds
195.348: [GC (Allocation Failure)  614378K->295882K(1033216K), 0.0042255 secs]
195.353: Total time for which application threads were stopped: 0.0043857 seconds, Stopping threads took: 0.0000176 seconds
195.417: [GC (Allocation Failure)  614346K->296234K(1033216K), 0.0042004 secs]
195.422: Total time for which application threads were stopped: 0.0044052 seconds, Stopping threads took: 0.0000254 seconds
195.491: [GC (Allocation Failure)  614698K->303948K(1033216K), 0.0040248 secs]
195.495: Total time for which application threads were stopped: 0.0041832 seconds, Stopping threads took: 0.0000266 seconds
195.561: [GC (Allocation Failure)  622412K->303948K(1033216K), 0.0044006 secs]
195.566: Total time for which application threads were stopped: 0.0045781 seconds, Stopping threads took: 0.0000278 seconds
195.631: [GC (Allocation Failure)  622412K->303980K(1033216K), 0.0044493 secs]
195.636: Total time for which application threads were stopped: 0.0046293 seconds, Stopping threads took: 0.0000201 seconds
195.701: [GC (Allocation Failure)  622444K->311950K(1033216K), 0.0043483 secs]
195.706: Total time for which application threads were stopped: 0.0045133 seconds, Stopping threads took: 0.0000204 seconds
195.774: [GC (Allocation Failure)  630414K->311982K(1033216K), 0.0042673 secs]
195.778: Total time for which application threads were stopped: 0.0044390 seconds, Stopping threads took: 0.0000202 seconds
195.843: [GC (Allocation Failure)  630446K->312206K(1033216K), 0.0043822 secs]
195.847: Total time for which application threads were stopped: 0.0045765 seconds, Stopping threads took: 0.0000199 seconds
195.916: [GC (Allocation Failure)  630670K->319984K(1033216K), 0.0065306 secs]
195.923: Total time for which application threads were stopped: 0.0066940 seconds, Stopping threads took: 0.0000255 seconds
195.988: [GC (Allocation Failure)  638448K->319984K(1033216K), 0.0043278 secs]
195.992: Total time for which application threads were stopped: 0.0044975 seconds, Stopping threads took: 0.0000197 seconds
196.059: [GC (Allocation Failure)  638448K->320200K(1033216K), 0.0043749 secs]
196.063: Total time for which application threads were stopped: 0.0045346 seconds, Stopping threads took: 0.0000191 seconds
196.130: [GC (Allocation Failure)  638664K->328043K(1033216K), 0.0042927 secs]
196.134: Total time for which application threads were stopped: 0.0044831 seconds, Stopping threads took: 0.0000194 seconds
196.200: [GC (Allocation Failure)  646507K->324104K(1033728K), 0.0030780 secs]
196.203: Total time for which application threads were stopped: 0.0032584 seconds, Stopping threads took: 0.0000169 seconds
196.272: [GC (Allocation Failure)  643080K->328171K(1033216K), 0.0041835 secs]
196.276: Total time for which application threads were stopped: 0.0043501 seconds, Stopping threads took: 0.0000169 seconds
196.345: [GC (Allocation Failure)  647147K->332107K(1033728K), 0.0042394 secs]
196.349: Total time for which application threads were stopped: 0.0043950 seconds, Stopping threads took: 0.0000171 seconds
196.417: [GC (Allocation Failure)  652619K->339664K(1034240K), 0.0074552 secs]
196.424: Total time for which application threads were stopped: 0.0076447 seconds, Stopping threads took: 0.0000282 seconds
196.492: [GC (Allocation Failure)  660176K->333427K(1029120K), 0.0043500 secs]
196.497: Total time for which application threads were stopped: 0.0045658 seconds, Stopping threads took: 0.0000263 seconds
196.564: [GC (Allocation Failure)  648819K->333395K(1031680K), 0.0043328 secs]
196.568: Total time for which application threads were stopped: 0.0044930 seconds, Stopping threads took: 0.0000204 seconds
196.634: [GC (Allocation Failure)  648787K->328848K(1032704K), 0.0025654 secs]
196.637: Total time for which application threads were stopped: 0.0027193 seconds, Stopping threads took: 0.0000195 seconds
196.704: [GC (Allocation Failure)  645776K->333651K(1032192K), 0.0041084 secs]
196.708: Total time for which application threads were stopped: 0.0042751 seconds, Stopping threads took: 0.0000208 seconds
196.776: [GC (Allocation Failure)  650579K->333395K(1033216K), 0.0045076 secs]
196.780: Total time for which application threads were stopped: 0.0047088 seconds, Stopping threads took: 0.0000216 seconds
196.847: [GC (Allocation Failure)  651347K->333515K(1032704K), 0.0043704 secs]
196.851: Total time for which application threads were stopped: 0.0045390 seconds, Stopping threads took: 0.0000194 seconds
196.921: [GC (Allocation Failure)  651467K->341485K(1033216K), 0.0044429 secs]
196.925: Total time for which application threads were stopped: 0.0046216 seconds, Stopping threads took: 0.0000200 seconds
196.993: [GC (Allocation Failure)  659949K->341421K(1033216K), 0.0041387 secs]
196.997: Total time for which application threads were stopped: 0.0043140 seconds, Stopping threads took: 0.0000256 seconds
197.063: [GC (Allocation Failure)  659885K->345325K(1033728K), 0.0050893 secs]
197.069: Total time for which application threads were stopped: 0.0052713 seconds, Stopping threads took: 0.0000202 seconds
197.138: [GC (Allocation Failure)  664301K->349615K(1033216K), 0.0041669 secs]
197.142: Total time for which application threads were stopped: 0.0043628 seconds, Stopping threads took: 0.0000168 seconds
197.210: [GC (Allocation Failure)  668591K->349487K(1034240K), 0.0045800 secs]
197.214: Total time for which application threads were stopped: 0.0047516 seconds, Stopping threads took: 0.0000198 seconds
197.281: [GC (Allocation Failure)  669487K->352039K(1033728K), 0.0049008 secs]
197.286: Total time for which application threads were stopped: 0.0050741 seconds, Stopping threads took: 0.0000197 seconds
197.355: [GC (Allocation Failure)  672039K->357546K(1034240K), 0.0043202 secs]
197.359: Total time for which application threads were stopped: 0.0045153 seconds, Stopping threads took: 0.0000203 seconds
197.428: [GC (Allocation Failure)  678058K->357514K(1034240K), 0.0043884 secs]
197.433: Total time for which application threads were stopped: 0.0045567 seconds, Stopping threads took: 0.0000193 seconds
197.502: [GC (Allocation Failure)  678026K->357698K(1034240K), 0.0044717 secs]
197.506: Total time for which application threads were stopped: 0.0046370 seconds, Stopping threads took: 0.0000262 seconds
197.574: [GC (Allocation Failure)  678210K->365508K(1034240K), 0.0043517 secs]
197.579: Total time for which application threads were stopped: 0.0045257 seconds, Stopping threads took: 0.0000283 seconds
197.646: [GC (Allocation Failure)  686020K->365508K(1034240K), 0.0041946 secs]
197.650: Total time for which application threads were stopped: 0.0043710 seconds, Stopping threads took: 0.0000191 seconds
197.717: [GC (Allocation Failure)  686020K->367980K(1034240K), 0.0048326 secs]
197.722: Total time for which application threads were stopped: 0.0049959 seconds, Stopping threads took: 0.0000198 seconds
197.790: [GC (Allocation Failure)  688492K->373550K(1034240K), 0.0050661 secs]
197.795: Total time for which application threads were stopped: 0.0052435 seconds, Stopping threads took: 0.0000205 seconds
197.862: [GC (Allocation Failure)  694062K->373550K(1034240K), 0.0041935 secs]
197.867: Total time for which application threads were stopped: 0.0043792 seconds, Stopping threads took: 0.0000229 seconds
197.937: [GC (Allocation Failure)  694062K->374182K(1034240K), 0.0043554 secs]
197.941: Total time for which application threads were stopped: 0.0045616 seconds, Stopping threads took: 0.0000202 seconds
198.011: [GC (Allocation Failure)  694694K->381576K(1034240K), 0.0044194 secs]
198.015: Total time for which application threads were stopped: 0.0045822 seconds, Stopping threads took: 0.0000204 seconds
198.083: [GC (Allocation Failure)  702088K->381608K(1034240K), 0.0045453 secs]
198.088: Total time for which application threads were stopped: 0.0047392 seconds, Stopping threads took: 0.0000199 seconds
198.156: [GC (Allocation Failure)  702120K->384488K(1034240K), 0.0048245 secs]
198.161: Total time for which application threads were stopped: 0.0049979 seconds, Stopping threads took: 0.0000203 seconds
198.228: [GC (Allocation Failure)  705000K->389707K(1034240K), 0.0041605 secs]
198.233: Total time for which application threads were stopped: 0.0043549 seconds, Stopping threads took: 0.0000204 seconds
198.302: [GC (Allocation Failure)  710219K->389611K(1034240K), 0.0043869 secs]
198.307: Total time for which application threads were stopped: 0.0045705 seconds, Stopping threads took: 0.0000192 seconds
198.375: [GC (Allocation Failure)  710123K->390627K(1034240K), 0.0046413 secs]
198.380: Total time for which application threads were stopped: 0.0048399 seconds, Stopping threads took: 0.0000199 seconds
198.448: [GC (Allocation Failure)  711139K->397669K(1034240K), 0.0045007 secs]
198.453: Total time for which application threads were stopped: 0.0046695 seconds, Stopping threads took: 0.0000201 seconds
198.523: [GC (Allocation Failure)  718181K->397637K(1034240K), 0.0045700 secs]
198.528: Total time for which application threads were stopped: 0.0047571 seconds, Stopping threads took: 0.0000264 seconds
198.599: [GC (Allocation Failure)  718149K->397861K(1034240K), 0.0043956 secs]
198.604: Total time for which application threads were stopped: 0.0045723 seconds, Stopping threads took: 0.0000201 seconds
198.674: [GC (Allocation Failure)  718373K->405671K(1034240K), 0.0043856 secs]
198.678: Total time for which application threads were stopped: 0.0045794 seconds, Stopping threads took: 0.0000195 seconds
198.747: [GC (Allocation Failure)  726183K->405671K(1034240K), 0.0042619 secs]
198.751: Total time for which application threads were stopped: 0.0044451 seconds, Stopping threads took: 0.0000166 seconds
198.821: [GC (Allocation Failure)  726183K->407111K(1034240K), 0.0045019 secs]
198.825: Total time for which application threads were stopped: 0.0046810 seconds, Stopping threads took: 0.0000169 seconds
198.894: [GC (Allocation Failure)  727623K->413737K(1034240K), 0.0053727 secs]
198.899: Total time for which application threads were stopped: 0.0055701 seconds, Stopping threads took: 0.0000197 seconds
198.969: [GC (Allocation Failure)  734249K->413737K(1034240K), 0.0043512 secs]
198.973: Total time for which application threads were stopped: 0.0045100 seconds, Stopping threads took: 0.0000190 seconds
199.041: [GC (Allocation Failure)  734249K->413769K(1020416K), 0.0043513 secs]
199.045: Total time for which application threads were stopped: 0.0045176 seconds, Stopping threads took: 0.0000263 seconds
199.113: [GC (Allocation Failure)  734281K->421740K(1033728K), 0.0044885 secs]
199.118: Total time for which application threads were stopped: 0.0046828 seconds, Stopping threads took: 0.0000198 seconds
199.186: [GC (Allocation Failure)  741228K->421740K(1033728K), 0.0043886 secs]
199.190: Total time for which application threads were stopped: 0.0045485 seconds, Stopping threads took: 0.0000199 seconds
199.255: [GC (Allocation Failure)  741228K->422028K(1033728K), 0.0045837 secs]
199.260: Total time for which application threads were stopped: 0.0047452 seconds, Stopping threads took: 0.0000196 seconds
199.328: [GC (Allocation Failure)  741516K->429806K(1033728K), 0.0044565 secs]
199.332: Total time for which application threads were stopped: 0.0046223 seconds, Stopping threads took: 0.0000202 seconds
199.400: [GC (Allocation Failure)  749294K->429774K(1033728K), 0.0044242 secs]
199.405: Total time for which application threads were stopped: 0.0046081 seconds, Stopping threads took: 0.0000206 seconds
199.470: [GC (Allocation Failure)  749262K->430758K(1033728K), 0.0044646 secs]
199.475: Total time for which application threads were stopped: 0.0046272 seconds, Stopping threads took: 0.0000204 seconds
199.544: [GC (Allocation Failure)  750246K->437800K(1033728K), 0.0043740 secs]
199.548: Total time for which application threads were stopped: 0.0045458 seconds, Stopping threads took: 0.0000263 seconds
199.617: [GC (Allocation Failure)  757288K->437800K(1033728K), 0.0044121 secs]
199.621: Total time for which application threads were stopped: 0.0045811 seconds, Stopping threads took: 0.0000203 seconds
199.686: [GC (Allocation Failure)  757288K->437960K(1033728K), 0.0045653 secs]
199.691: Total time for which application threads were stopped: 0.0047345 seconds, Stopping threads took: 0.0000196 seconds
199.756: [GC (Allocation Failure)  757448K->445834K(1033728K), 0.0046274 secs]
199.761: Total time for which application threads were stopped: 0.0048112 seconds, Stopping threads took: 0.0000196 seconds
199.828: [GC (Allocation Failure)  765322K->445834K(1033728K), 0.0046376 secs]
199.833: Total time for which application threads were stopped: 0.0048138 seconds, Stopping threads took: 0.0000211 seconds
199.898: [GC (Allocation Failure)  765322K->447242K(1033728K), 0.0059037 secs]
199.904: Total time for which application threads were stopped: 0.0060671 seconds, Stopping threads took: 0.0000258 seconds
199.972: [GC (Allocation Failure)  766730K->453933K(1033728K), 0.0046857 secs]
199.977: Total time for which application threads were stopped: 0.0048555 seconds, Stopping threads took: 0.0000198 seconds
200.044: [GC (Allocation Failure)  773421K->453869K(1033728K), 0.0044933 secs]
200.049: Total time for which application threads were stopped: 0.0046674 seconds, Stopping threads took: 0.0000207 seconds
200.115: [GC (Allocation Failure)  773357K->454437K(1033728K), 0.0046637 secs]
200.120: Total time for which application threads were stopped: 0.0048177 seconds, Stopping threads took: 0.0000180 seconds
200.187: [GC (Allocation Failure)  773925K->461927K(1033728K), 0.0046332 secs]
200.192: Total time for which application threads were stopped: 0.0048064 seconds, Stopping threads took: 0.0000209 seconds
200.259: [GC (Allocation Failure)  781415K->461895K(1033728K), 0.0044729 secs]
200.264: Total time for which application threads were stopped: 0.0046445 seconds, Stopping threads took: 0.0000202 seconds
200.329: [GC (Allocation Failure)  781383K->462695K(1033728K), 0.0046057 secs]
200.333: Total time for which application threads were stopped: 0.0047818 seconds, Stopping threads took: 0.0000199 seconds
200.403: [GC (Allocation Failure)  782183K->469929K(1033728K), 0.0045119 secs]
200.408: Total time for which application threads were stopped: 0.0046966 seconds, Stopping threads took: 0.0000283 seconds
200.477: [GC (Allocation Failure)  789417K->469929K(1033728K), 0.0044730 secs]
200.481: Total time for which application threads were stopped: 0.0046402 seconds, Stopping threads took: 0.0000210 seconds
200.548: [GC (Allocation Failure)  789417K->470921K(1033728K), 0.0046742 secs]
200.553: Total time for which application threads were stopped: 0.0048714 seconds, Stopping threads took: 0.0000264 seconds
200.618: [GC (Allocation Failure)  790409K->477996K(1033728K), 0.0047706 secs]
200.623: Total time for which application threads were stopped: 0.0049521 seconds, Stopping threads took: 0.0000197 seconds
200.691: [GC (Allocation Failure)  797484K->477964K(1033728K), 0.0044271 secs]
200.696: Total time for which application threads were stopped: 0.0045913 seconds, Stopping threads took: 0.0000203 seconds
200.761: [GC (Allocation Failure)  797452K->478124K(1033728K), 0.0044602 secs]
200.766: Total time for which application threads were stopped: 0.0046301 seconds, Stopping threads took: 0.0000218 seconds
200.832: [GC (Allocation Failure)  797612K->486030K(1032704K), 0.0047724 secs]
200.837: Total time for which application threads were stopped: 0.0049533 seconds, Stopping threads took: 0.0000203 seconds
200.904: [GC (Allocation Failure)  804494K->485998K(1033216K), 0.0063965 secs]
200.911: Total time for which application threads were stopped: 0.0066107 seconds, Stopping threads took: 0.0000257 seconds
200.976: [GC (Allocation Failure)  804462K->486350K(1033216K), 0.0047325 secs]
200.981: Total time for which application threads were stopped: 0.0049056 seconds, Stopping threads took: 0.0000202 seconds
201.049: [GC (Allocation Failure)  804814K->494096K(1033216K), 0.0045579 secs]
201.054: Total time for which application threads were stopped: 0.0047373 seconds, Stopping threads took: 0.0000286 seconds
201.120: [GC (Allocation Failure)  812560K->494064K(1033216K), 0.0048076 secs]
201.125: Total time for which application threads were stopped: 0.0049945 seconds, Stopping threads took: 0.0000203 seconds
201.190: [GC (Allocation Failure)  812528K->494568K(1033216K), 0.0046204 secs]
201.194: Total time for which application threads were stopped: 0.0047876 seconds, Stopping threads took: 0.0000207 seconds
201.262: [GC (Allocation Failure)  813032K->502058K(1033216K), 0.0046558 secs]
201.267: Total time for which application threads were stopped: 0.0048285 seconds, Stopping threads took: 0.0000205 seconds
201.334: [GC (Allocation Failure)  820522K->502058K(1033216K), 0.0046698 secs]
201.339: Total time for which application threads were stopped: 0.0048427 seconds, Stopping threads took: 0.0000195 seconds
201.404: [GC (Allocation Failure)  820522K->502314K(1033216K), 0.0049005 secs]
201.409: Total time for which application threads were stopped: 0.0050737 seconds, Stopping threads took: 0.0000203 seconds
201.477: [GC (Allocation Failure)  820778K->510061K(1033216K), 0.0047235 secs]
201.482: Total time for which application threads were stopped: 0.0048926 seconds, Stopping threads took: 0.0000205 seconds
201.548: [GC (Allocation Failure)  828525K->510093K(1033216K), 0.0078574 secs]
201.556: Total time for which application threads were stopped: 0.0080308 seconds, Stopping threads took: 0.0000198 seconds
201.624: [GC (Allocation Failure)  828557K->510157K(1033216K), 0.0046322 secs]
201.628: Total time for which application threads were stopped: 0.0048263 seconds, Stopping threads took: 0.0000194 seconds
201.698: [GC (Allocation Failure)  828621K->518127K(1033216K), 0.0045912 secs]
201.703: Total time for which application threads were stopped: 0.0047422 seconds, Stopping threads took: 0.0000176 seconds
201.769: [GC (Allocation Failure)  836591K->518127K(1033216K), 0.0046188 secs]
201.773: Total time for which application threads were stopped: 0.0047879 seconds, Stopping threads took: 0.0000264 seconds
201.838: [GC (Allocation Failure)  836591K->518279K(1033216K), 0.0045731 secs]
201.843: Total time for which application threads were stopped: 0.0047709 seconds, Stopping threads took: 0.0000206 seconds
201.913: [GC (Allocation Failure)  836743K->526153K(1033216K), 0.0061876 secs]
201.919: Total time for which application threads were stopped: 0.0063408 seconds, Stopping threads took: 0.0000180 seconds
201.985: [GC (Allocation Failure)  844617K->526153K(1033216K), 0.0046702 secs]
201.990: Total time for which application threads were stopped: 0.0048404 seconds, Stopping threads took: 0.0000200 seconds
202.056: [GC (Allocation Failure)  844617K->526505K(1033216K), 0.0045928 secs]
202.060: Total time for which application threads were stopped: 0.0047579 seconds, Stopping threads took: 0.0000194 seconds
202.127: [GC (Allocation Failure)  844969K->534187K(1033216K), 0.0047785 secs]
202.132: Total time for which application threads were stopped: 0.0049824 seconds, Stopping threads took: 0.0000201 seconds
202.200: [GC (Allocation Failure)  852651K->534187K(1033216K), 0.0044613 secs]
202.205: Total time for which application threads were stopped: 0.0046556 seconds, Stopping threads took: 0.0000201 seconds
202.270: [GC (Allocation Failure)  852651K->534739K(1033216K), 0.0046553 secs]
202.275: Total time for which application threads were stopped: 0.0048484 seconds, Stopping threads took: 0.0000194 seconds
202.343: [GC (Allocation Failure)  853203K->542262K(1033216K), 0.0045012 secs]
202.348: Total time for which application threads were stopped: 0.0046966 seconds, Stopping threads took: 0.0000194 seconds
202.415: [GC (Allocation Failure)  860726K->542262K(1033216K), 0.0047353 secs]
202.420: Total time for which application threads were stopped: 0.0048969 seconds, Stopping threads took: 0.0000196 seconds
202.486: [GC (Allocation Failure)  860726K->542446K(1033216K), 0.0046903 secs]
202.491: Total time for which application threads were stopped: 0.0048641 seconds, Stopping threads took: 0.0000208 seconds
202.559: [GC (Allocation Failure)  860910K->550256K(1033216K), 0.0047606 secs]
202.564: Total time for which application threads were stopped: 0.0049509 seconds, Stopping threads took: 0.0000283 seconds
202.629: [GC (Allocation Failure)  868720K->542542K(1033216K), 0.0017658 secs]
202.630: Total time for which application threads were stopped: 0.0018981 seconds, Stopping threads took: 0.0000197 seconds
202.701: [GC (Allocation Failure)  861006K->550416K(1033216K), 0.0046140 secs]
202.705: Total time for which application threads were stopped: 0.0047869 seconds, Stopping threads took: 0.0000200 seconds
202.773: [GC (Allocation Failure)  868880K->554400K(1033216K), 0.0059583 secs]
202.779: Total time for which application threads were stopped: 0.0061328 seconds, Stopping threads took: 0.0000211 seconds
202.844: [GC (Allocation Failure)  872864K->555102K(1032192K), 0.0052825 secs]
202.849: Total time for which application threads were stopped: 0.0054582 seconds, Stopping threads took: 0.0000201 seconds
202.917: [GC (Allocation Failure)  872542K->554464K(1032704K), 0.0064749 secs]
202.924: Total time for which application threads were stopped: 0.0066417 seconds, Stopping threads took: 0.0000259 seconds
202.991: [GC (Allocation Failure)  871904K->554400K(1033216K), 0.0046059 secs]
202.996: Total time for which application threads were stopped: 0.0047704 seconds, Stopping threads took: 0.0000201 seconds
203.062: [GC (Allocation Failure)  872864K->557224K(1033216K), 0.0050736 secs]
203.067: Total time for which application threads were stopped: 0.0052567 seconds, Stopping threads took: 0.0000205 seconds
203.135: [GC (Allocation Failure)  875688K->562442K(1033728K), 0.0047727 secs]
203.140: Total time for which application threads were stopped: 0.0049382 seconds, Stopping threads took: 0.0000200 seconds
203.208: [GC (Allocation Failure)  881930K->562442K(1033728K), 0.0050937 secs]
203.213: Total time for which application threads were stopped: 0.0052641 seconds, Stopping threads took: 0.0000203 seconds
203.280: [GC (Allocation Failure)  881930K->563370K(1033728K), 0.0048564 secs]
203.285: Total time for which application threads were stopped: 0.0050326 seconds, Stopping threads took: 0.0000192 seconds
203.351: [GC (Allocation Failure)  882858K->570508K(1033728K), 0.0048109 secs]
203.356: Total time for which application threads were stopped: 0.0049750 seconds, Stopping threads took: 0.0000198 seconds
203.423: [GC (Allocation Failure)  889996K->570476K(1033728K), 0.0047943 secs]
203.428: Total time for which application threads were stopped: 0.0049819 seconds, Stopping threads took: 0.0000208 seconds
203.494: [GC (Allocation Failure)  889964K->570596K(1033728K), 0.0049111 secs]
203.499: Total time for which application threads were stopped: 0.0050906 seconds, Stopping threads took: 0.0000203 seconds
203.566: [GC (Allocation Failure)  890084K->578567K(1033728K), 0.0046276 secs]
203.571: Total time for which application threads were stopped: 0.0048413 seconds, Stopping threads took: 0.0000199 seconds
203.639: [GC (Allocation Failure)  898055K->578471K(1033728K), 0.0048774 secs]
203.644: Total time for which application threads were stopped: 0.0050519 seconds, Stopping threads took: 0.0000194 seconds
203.709: [GC (Allocation Failure)  897959K->581895K(1034240K), 0.0053782 secs]
203.714: Total time for which application threads were stopped: 0.0055660 seconds, Stopping threads took: 0.0000188 seconds
203.783: [GC (Allocation Failure)  901895K->586601K(1033728K), 0.0047955 secs]
203.788: Total time for which application threads were stopped: 0.0049645 seconds, Stopping threads took: 0.0000198 seconds
203.854: [GC (Allocation Failure)  906601K->586505K(1034240K), 0.0050132 secs]
203.859: Total time for which application threads were stopped: 0.0051833 seconds, Stopping threads took: 0.0000196 seconds
203.927: [GC (Allocation Failure)  907017K->587081K(1020928K), 0.0046611 secs]
203.932: Total time for which application threads were stopped: 0.0048198 seconds, Stopping threads took: 0.0000171 seconds
204.000: [GC (Allocation Failure)  907593K->594635K(1033728K), 0.0045791 secs]
204.005: Total time for which application threads were stopped: 0.0047566 seconds, Stopping threads took: 0.0000262 seconds
204.072: [GC (Allocation Failure)  914123K->594539K(1033728K), 0.0056227 secs]
204.078: Total time for which application threads were stopped: 0.0057955 seconds, Stopping threads took: 0.0000202 seconds
204.145: [GC (Allocation Failure)  914027K->595275K(1033216K), 0.0049120 secs]
204.150: Total time for which application threads were stopped: 0.0050877 seconds, Stopping threads took: 0.0000219 seconds
204.217: [GC (Allocation Failure)  914763K->602637K(1033728K), 0.0048028 secs]
204.222: Total time for which application threads were stopped: 0.0049744 seconds, Stopping threads took: 0.0000206 seconds
204.288: [GC (Allocation Failure)  922125K->602605K(1033728K), 0.0048047 secs]
204.293: Total time for which application threads were stopped: 0.0050205 seconds, Stopping threads took: 0.0000213 seconds
204.362: [GC (Allocation Failure)  922093K->606629K(1033728K), 0.0057761 secs]
204.368: Total time for which application threads were stopped: 0.0059684 seconds, Stopping threads took: 0.0000193 seconds
204.436: [GC (Allocation Failure)  926117K->610632K(1034240K), 0.0050837 secs]
204.442: Total time for which application threads were stopped: 0.0052572 seconds, Stopping threads took: 0.0000200 seconds
204.510: [GC (Allocation Failure)  931144K->610632K(1034240K), 0.0049479 secs]
204.515: Total time for which application threads were stopped: 0.0051182 seconds, Stopping threads took: 0.0000263 seconds
204.582: [GC (Allocation Failure)  931144K->611720K(1034240K), 0.0048910 secs]
204.587: Total time for which application threads were stopped: 0.0050826 seconds, Stopping threads took: 0.0000195 seconds
204.657: [GC (Allocation Failure)  932232K->618762K(1034240K), 0.0048075 secs]
204.662: Total time for which application threads were stopped: 0.0049726 seconds, Stopping threads took: 0.0000168 seconds
204.730: [GC (Allocation Failure)  939274K->618666K(1034240K), 0.0047515 secs]
204.735: Total time for which application threads were stopped: 0.0049245 seconds, Stopping threads took: 0.0000206 seconds
204.803: [GC (Allocation Failure)  939178K->618922K(1034240K), 0.0049223 secs]
204.808: Total time for which application threads were stopped: 0.0050933 seconds, Stopping threads took: 0.0000209 seconds
204.876: [GC (Allocation Failure)  939434K->626764K(1034240K), 0.0049816 secs]
204.881: Total time for which application threads were stopped: 0.0051418 seconds, Stopping threads took: 0.0000201 seconds
204.951: [GC (Allocation Failure)  947276K->626732K(1034240K), 0.0048093 secs]
204.956: Total time for which application threads were stopped: 0.0049788 seconds, Stopping threads took: 0.0000194 seconds
205.021: [GC (Allocation Failure)  947244K->628204K(1034240K), 0.0050107 secs]
205.026: Total time for which application threads were stopped: 0.0051810 seconds, Stopping threads took: 0.0000282 seconds
205.095: [GC (Allocation Failure)  948716K->634799K(1034240K), 0.0050609 secs]
205.100: Total time for which application threads were stopped: 0.0052269 seconds, Stopping threads took: 0.0000195 seconds
205.167: [GC (Allocation Failure)  955311K->634767K(1034240K), 0.0046584 secs]
205.172: Total time for which application threads were stopped: 0.0048403 seconds, Stopping threads took: 0.0000189 seconds
205.240: [GC (Allocation Failure)  955279K->634855K(1020416K), 0.0056745 secs]
205.246: Total time for which application threads were stopped: 0.0058480 seconds, Stopping threads took: 0.0000195 seconds
205.315: [GC (Allocation Failure)  955367K->642793K(1033728K), 0.0048450 secs]
205.320: Total time for which application threads were stopped: 0.0050033 seconds, Stopping threads took: 0.0000192 seconds
205.385: [GC (Allocation Failure)  962281K->642761K(1033728K), 0.0049836 secs]
205.390: Total time for which application threads were stopped: 0.0051641 seconds, Stopping threads took: 0.0000208 seconds
205.455: [GC (Allocation Failure)  962249K->642825K(1033728K), 0.0048928 secs]
205.460: Total time for which application threads were stopped: 0.0050690 seconds, Stopping threads took: 0.0000202 seconds
205.529: [GC (Allocation Failure)  962313K->650763K(1033728K), 0.0047604 secs]
205.534: Total time for which application threads were stopped: 0.0049181 seconds, Stopping threads took: 0.0000173 seconds
205.602: [GC (Allocation Failure)  970251K->650827K(1033728K), 0.0046727 secs]
205.607: Total time for which application threads were stopped: 0.0048380 seconds, Stopping threads took: 0.0000206 seconds
205.672: [GC (Allocation Failure)  970315K->651851K(1033728K), 0.0048784 secs]
205.677: Total time for which application threads were stopped: 0.0050519 seconds, Stopping threads took: 0.0000204 seconds
205.745: [GC (Allocation Failure)  971339K->658829K(1033728K), 0.0049979 secs]
205.750: Total time for which application threads were stopped: 0.0051689 seconds, Stopping threads took: 0.0000205 seconds
205.818: [GC (Allocation Failure)  978317K->658829K(1033728K), 0.0049435 secs]
205.823: Total time for which application threads were stopped: 0.0051165 seconds, Stopping threads took: 0.0000210 seconds
205.889: [GC (Allocation Failure)  978317K->659077K(1033728K), 0.0049865 secs]
205.894: Total time for which application threads were stopped: 0.0051590 seconds, Stopping threads took: 0.0000209 seconds
205.960: [GC (Allocation Failure)  978565K->666888K(1033728K), 0.0050138 secs]
205.966: Total time for which application threads were stopped: 0.0051944 seconds, Stopping threads took: 0.0000327 seconds
206.033: [GC (Allocation Failure)  986376K->666888K(1033728K), 0.0048017 secs]
206.038: Total time for which application threads were stopped: 0.0049714 seconds, Stopping threads took: 0.0000207 seconds
206.103: [GC (Allocation Failure)  986376K->668328K(1033728K), 0.0051623 secs]
206.108: Total time for which application threads were stopped: 0.0053290 seconds, Stopping threads took: 0.0000191 seconds
206.177: [GC (Allocation Failure)  987816K->674922K(1033728K), 0.0050374 secs]
206.182: Total time for which application threads were stopped: 0.0052048 seconds, Stopping threads took: 0.0000194 seconds
206.249: [GC (Allocation Failure)  994410K->674922K(1033728K), 0.0048152 secs]
206.254: Total time for which application threads were stopped: 0.0049773 seconds, Stopping threads took: 0.0000196 seconds
206.319: [GC (Allocation Failure)  994410K->675522K(1033728K), 0.0052883 secs]
206.324: Total time for which application threads were stopped: 0.0054827 seconds, Stopping threads took: 0.0000204 seconds
206.393: [GC (Allocation Failure)  995010K->682948K(1033728K), 0.0050722 secs]
206.398: Total time for which application threads were stopped: 0.0052402 seconds, Stopping threads took: 0.0000248 seconds
206.466: [GC (Allocation Failure)  1002436K->682884K(1033728K), 0.0049785 secs]
206.471: Total time for which application threads were stopped: 0.0051758 seconds, Stopping threads took: 0.0000202 seconds
206.538: [GC (Allocation Failure)  1002372K->683756K(1033728K), 0.0049210 secs]
206.543: [Full GC (Ergonomics)  683756K->9315K(1033728K), 0.0136403 secs]
206.557: Total time for which application threads were stopped: 0.0188365 seconds, Stopping threads took: 0.0000253 seconds
206.625: [GC (Allocation Failure)  328803K->17637K(1032704K), 0.0036582 secs]
206.629: Total time for which application threads were stopped: 0.0038162 seconds, Stopping threads took: 0.0000160 seconds
206.696: [GC (Allocation Failure)  336101K->17621K(1033216K), 0.0037222 secs]
206.700: Total time for which application threads were stopped: 0.0038923 seconds, Stopping threads took: 0.0000203 seconds
206.765: [GC (Allocation Failure)  336085K->18653K(1033728K), 0.0038176 secs]
206.769: Total time for which application threads were stopped: 0.0039915 seconds, Stopping threads took: 0.0000203 seconds
206.837: [GC (Allocation Failure)  338141K->25695K(1033728K), 0.0039231 secs]
206.841: Total time for which application threads were stopped: 0.0041305 seconds, Stopping threads took: 0.0000206 seconds
206.910: [GC (Allocation Failure)  345183K->25663K(1033728K), 0.0044310 secs]
206.914: Total time for which application threads were stopped: 0.0046351 seconds, Stopping threads took: 0.0000249 seconds
206.981: [GC (Allocation Failure)  345151K->25887K(1019392K), 0.0040565 secs]
206.986: Total time for which application threads were stopped: 0.0042200 seconds, Stopping threads took: 0.0000203 seconds
207.052: [GC (Allocation Failure)  345375K->33665K(1033216K), 0.0038082 secs]
207.056: Total time for which application threads were stopped: 0.0039964 seconds, Stopping threads took: 0.0000280 seconds
207.125: [GC (Allocation Failure)  352129K->33697K(1033216K), 0.0038167 secs]
207.129: Total time for which application threads were stopped: 0.0039960 seconds, Stopping threads took: 0.0000225 seconds
207.194: [GC (Allocation Failure)  352161K->34121K(1033216K), 0.0038298 secs]
207.198: Total time for which application threads were stopped: 0.0039952 seconds, Stopping threads took: 0.0000217 seconds
207.265: [GC (Allocation Failure)  352585K->41772K(1033216K), 0.0039681 secs]
207.269: Total time for which application threads were stopped: 0.0041359 seconds, Stopping threads took: 0.0000194 seconds
207.335: [GC (Allocation Failure)  360236K->41740K(1033216K), 0.0038401 secs]
207.339: Total time for which application threads were stopped: 0.0040143 seconds, Stopping threads took: 0.0000203 seconds
207.404: [GC (Allocation Failure)  360204K->42372K(1033216K), 0.0041014 secs]
207.408: Total time for which application threads were stopped: 0.0043019 seconds, Stopping threads took: 0.0000260 seconds
207.478: [GC (Allocation Failure)  360836K->49798K(1033216K), 0.0036295 secs]
207.481: Total time for which application threads were stopped: 0.0038244 seconds, Stopping threads took: 0.0000214 seconds
207.549: [GC (Allocation Failure)  368262K->49734K(1033216K), 0.0038026 secs]
207.553: Total time for which application threads were stopped: 0.0039711 seconds, Stopping threads took: 0.0000264 seconds
207.617: [GC (Allocation Failure)  368198K->49830K(1033216K), 0.0037042 secs]
207.621: Total time for which application threads were stopped: 0.0038763 seconds, Stopping threads took: 0.0000226 seconds
207.686: [GC (Allocation Failure)  368294K->57800K(1033216K), 0.0047312 secs]
207.691: Total time for which application threads were stopped: 0.0049069 seconds, Stopping threads took: 0.0000203 seconds
207.756: [GC (Allocation Failure)  376264K->57800K(1033216K), 0.0037993 secs]
207.760: Total time for which application threads were stopped: 0.0039833 seconds, Stopping threads took: 0.0000374 seconds
207.827: [GC (Allocation Failure)  376264K->57864K(1033216K), 0.0036840 secs]
207.831: Total time for which application threads were stopped: 0.0038436 seconds, Stopping threads took: 0.0000196 seconds
207.896: [GC (Allocation Failure)  376328K->65834K(1033216K), 0.0066781 secs]
207.903: Total time for which application threads were stopped: 0.0068345 seconds, Stopping threads took: 0.0000252 seconds
207.969: [GC (Allocation Failure)  384298K->65866K(1033216K), 0.0039936 secs]
207.973: Total time for which application threads were stopped: 0.0041622 seconds, Stopping threads took: 0.0000198 seconds
208.038: [GC (Allocation Failure)  384330K->66058K(1033216K), 0.0038728 secs]
208.042: Total time for which application threads were stopped: 0.0040523 seconds, Stopping threads took: 0.0000198 seconds
208.109: [GC (Allocation Failure)  384522K->73869K(1033216K), 0.0037593 secs]
208.113: Total time for which application threads were stopped: 0.0039532 seconds, Stopping threads took: 0.0000206 seconds
208.180: [GC (Allocation Failure)  392333K->73869K(1033216K), 0.0037452 secs]
208.184: Total time for which application threads were stopped: 0.0039266 seconds, Stopping threads took: 0.0000176 seconds
208.251: [GC (Allocation Failure)  392333K->74317K(1033216K), 0.0039140 secs]
208.255: Total time for which application threads were stopped: 0.0040982 seconds, Stopping threads took: 0.0000170 seconds
208.323: [GC (Allocation Failure)  392781K->81935K(1033216K), 0.0036760 secs]
208.327: Total time for which application threads were stopped: 0.0038269 seconds, Stopping threads took: 0.0000169 seconds
208.395: [GC (Allocation Failure)  400399K->81935K(1033216K), 0.0037603 secs]
208.399: Total time for which application threads were stopped: 0.0039277 seconds, Stopping threads took: 0.0000201 seconds
208.464: [GC (Allocation Failure)  400399K->81959K(1033216K), 0.0039152 secs]
208.468: Total time for which application threads were stopped: 0.0040944 seconds, Stopping threads took: 0.0000193 seconds
208.534: [GC (Allocation Failure)  400423K->89897K(1033216K), 0.0044238 secs]
208.538: Total time for which application threads were stopped: 0.0045944 seconds, Stopping threads took: 0.0000267 seconds
208.604: [GC (Allocation Failure)  408361K->86023K(1033728K), 0.0025659 secs]
208.607: Total time for which application threads were stopped: 0.0027422 seconds, Stopping threads took: 0.0000292 seconds
208.674: [GC (Allocation Failure)  404999K->90089K(1033216K), 0.0039553 secs]
208.678: Total time for which application threads were stopped: 0.0041346 seconds, Stopping threads took: 0.0000222 seconds
208.745: [GC (Allocation Failure)  409065K->94057K(1033728K), 0.0038567 secs]
208.749: Total time for which application threads were stopped: 0.0040220 seconds, Stopping threads took: 0.0000203 seconds
208.816: [GC (Allocation Failure)  414569K->101583K(1034240K), 0.0069900 secs]
208.823: Total time for which application threads were stopped: 0.0071771 seconds, Stopping threads took: 0.0000421 seconds
208.891: [GC (Allocation Failure)  422095K->95345K(1029120K), 0.0040030 secs]
208.895: Total time for which application threads were stopped: 0.0041721 seconds, Stopping threads took: 0.0000200 seconds
208.963: [GC (Allocation Failure)  410737K->95345K(1031680K), 0.0039460 secs]
208.967: Total time for which application threads were stopped: 0.0041176 seconds, Stopping threads took: 0.0000207 seconds
209.033: [GC (Allocation Failure)  410737K->90799K(1032704K), 0.0020592 secs]
209.035: Total time for which application threads were stopped: 0.0022283 seconds, Stopping threads took: 0.0000286 seconds
209.103: [GC (Allocation Failure)  407727K->95537K(1032192K), 0.0037883 secs]
209.106: Total time for which application threads were stopped: 0.0039518 seconds, Stopping threads took: 0.0000197 seconds
209.174: [GC (Allocation Failure)  412465K->95281K(1033216K), 0.0040169 secs]
209.178: Total time for which application threads were stopped: 0.0041913 seconds, Stopping threads took: 0.0000208 seconds
209.246: [GC (Allocation Failure)  413233K->95433K(1032704K), 0.0036912 secs]
209.250: Total time for which application threads were stopped: 0.0038766 seconds, Stopping threads took: 0.0000170 seconds
209.319: [GC (Allocation Failure)  413385K->103403K(1033216K), 0.0038446 secs]
209.323: Total time for which application threads were stopped: 0.0040050 seconds, Stopping threads took: 0.0000194 seconds
209.390: [GC (Allocation Failure)  421867K->103371K(1033216K), 0.0036946 secs]
209.393: Total time for which application threads were stopped: 0.0038628 seconds, Stopping threads took: 0.0000197 seconds
209.461: [GC (Allocation Failure)  421835K->107267K(1033728K), 0.0047584 secs]
209.466: Total time for which application threads were stopped: 0.0049216 seconds, Stopping threads took: 0.0000198 seconds
209.534: [GC (Allocation Failure)  426243K->111526K(1033216K), 0.0037673 secs]
209.538: Total time for which application threads were stopped: 0.0039420 seconds, Stopping threads took: 0.0000286 seconds
209.606: [GC (Allocation Failure)  430502K->111366K(1034240K), 0.0039092 secs]
209.610: Total time for which application threads were stopped: 0.0040730 seconds, Stopping threads took: 0.0000209 seconds
209.677: [GC (Allocation Failure)  431366K->113966K(1033728K), 0.0043632 secs]
209.682: Total time for which application threads were stopped: 0.0045320 seconds, Stopping threads took: 0.0000192 seconds
209.750: [GC (Allocation Failure)  433966K->119504K(1034240K), 0.0037841 secs]
209.754: Total time for which application threads were stopped: 0.0039655 seconds, Stopping threads took: 0.0000200 seconds
209.822: [GC (Allocation Failure)  440016K->119440K(1034240K), 0.0038962 secs]
209.826: Total time for which application threads were stopped: 0.0040493 seconds, Stopping threads took: 0.0000254 seconds
209.894: [GC (Allocation Failure)  439952K->119664K(1034240K), 0.0046446 secs]
209.899: Total time for which application threads were stopped: 0.0048390 seconds, Stopping threads took: 0.0000199 seconds
209.969: [GC (Allocation Failure)  440176K->127474K(1034240K), 0.0040717 secs]
209.973: Total time for which application threads were stopped: 0.0042418 seconds, Stopping threads took: 0.0000266 seconds
210.042: [GC (Allocation Failure)  447986K->127474K(1034240K), 0.0039062 secs]
210.046: Total time for which application threads were stopped: 0.0040746 seconds, Stopping threads took: 0.0000256 seconds
210.113: [GC (Allocation Failure)  447986K->129930K(1034240K), 0.0043895 secs]
210.117: Total time for which application threads were stopped: 0.0045542 seconds, Stopping threads took: 0.0000206 seconds
210.186: [GC (Allocation Failure)  450442K->135469K(1034240K), 0.0039168 secs]
210.190: Total time for which application threads were stopped: 0.0040992 seconds, Stopping threads took: 0.0000206 seconds
210.257: [GC (Allocation Failure)  455981K->135469K(1034240K), 0.0039283 secs]
210.261: Total time for which application threads were stopped: 0.0041204 seconds, Stopping threads took: 0.0000200 seconds
210.329: [GC (Allocation Failure)  455981K->136101K(1034240K), 0.0041976 secs]
210.333: Total time for which application threads were stopped: 0.0043827 seconds, Stopping threads took: 0.0000204 seconds
210.401: [GC (Allocation Failure)  456613K->143527K(1034240K), 0.0040105 secs]
210.405: Total time for which application threads were stopped: 0.0041747 seconds, Stopping threads took: 0.0000206 seconds
210.473: [GC (Allocation Failure)  464039K->143495K(1034240K), 0.0042570 secs]
210.477: Total time for which application threads were stopped: 0.0044218 seconds, Stopping threads took: 0.0000205 seconds
210.545: [GC (Allocation Failure)  464007K->146375K(1034240K), 0.0054069 secs]
210.550: Total time for which application threads were stopped: 0.0055791 seconds, Stopping threads took: 0.0000265 seconds
210.619: [GC (Allocation Failure)  466887K->151657K(1034240K), 0.0048924 secs]
210.624: Total time for which application threads were stopped: 0.0050827 seconds, Stopping threads took: 0.0000258 seconds
210.693: [GC (Allocation Failure)  472169K->151561K(1034240K), 0.0041601 secs]
210.697: Total time for which application threads were stopped: 0.0043409 seconds, Stopping threads took: 0.0000224 seconds
210.765: [GC (Allocation Failure)  472073K->152553K(1034240K), 0.0039118 secs]
210.769: Total time for which application threads were stopped: 0.0041078 seconds, Stopping threads took: 0.0000205 seconds
210.838: [GC (Allocation Failure)  473065K->159627K(1034240K), 0.0041334 secs]
210.842: Total time for which application threads were stopped: 0.0043013 seconds, Stopping threads took: 0.0000200 seconds
210.910: [GC (Allocation Failure)  480139K->159531K(1034240K), 0.0046491 secs]
210.914: Total time for which application threads were stopped: 0.0048477 seconds, Stopping threads took: 0.0000168 seconds
210.983: [GC (Allocation Failure)  480043K->159755K(1034240K), 0.0039535 secs]
210.987: Total time for which application threads were stopped: 0.0041330 seconds, Stopping threads took: 0.0000205 seconds
211.056: [GC (Allocation Failure)  480267K->167598K(1034240K), 0.0038308 secs]
211.059: Total time for which application threads were stopped: 0.0040010 seconds, Stopping threads took: 0.0000267 seconds
211.127: [GC (Allocation Failure)  488110K->167598K(1034240K), 0.0040515 secs]
211.131: Total time for which application threads were stopped: 0.0042314 seconds, Stopping threads took: 0.0000222 seconds
211.199: [GC (Allocation Failure)  488110K->168998K(1034240K), 0.0042337 secs]
211.203: Total time for which application threads were stopped: 0.0044079 seconds, Stopping threads took: 0.0000205 seconds
211.273: [GC (Allocation Failure)  489510K->175720K(1034240K), 0.0041362 secs]
211.277: Total time for which application threads were stopped: 0.0043008 seconds, Stopping threads took: 0.0000201 seconds
211.345: [GC (Allocation Failure)  496232K->175656K(1034240K), 0.0039583 secs]
211.349: Total time for which application threads were stopped: 0.0041377 seconds, Stopping threads took: 0.0000202 seconds
211.418: [GC (Allocation Failure)  496168K->175688K(1020416K), 0.0040218 secs]
211.422: Total time for which application threads were stopped: 0.0041855 seconds, Stopping threads took: 0.0000195 seconds
211.490: [GC (Allocation Failure)  496200K->183690K(1033728K), 0.0064325 secs]
211.496: Total time for which application threads were stopped: 0.0066590 seconds, Stopping threads took: 0.0000205 seconds
211.564: [GC (Allocation Failure)  503178K->183658K(1033728K), 0.0039948 secs]
211.568: Total time for which application threads were stopped: 0.0041437 seconds, Stopping threads took: 0.0000171 seconds
211.633: [GC (Allocation Failure)  503146K->183946K(1033728K), 0.0040673 secs]
211.637: Total time for which application threads were stopped: 0.0042390 seconds, Stopping threads took: 0.0000291 seconds
211.705: [GC (Allocation Failure)  503434K->191724K(1033728K), 0.0039090 secs]
211.709: Total time for which application threads were stopped: 0.0040838 seconds, Stopping threads took: 0.0000213 seconds
211.776: [GC (Allocation Failure)  511212K->191692K(1033728K), 0.0039985 secs]
211.781: Total time for which application threads were stopped: 0.0041686 seconds, Stopping threads took: 0.0000197 seconds
211.846: [GC (Allocation Failure)  511180K->192708K(1033728K), 0.0048887 secs]
211.851: Total time for which application threads were stopped: 0.0050566 seconds, Stopping threads took: 0.0000212 seconds
211.919: [GC (Allocation Failure)  512196K->199719K(1033728K), 0.0039095 secs]
211.923: Total time for which application threads were stopped: 0.0040918 seconds, Stopping threads took: 0.0000144 seconds
211.992: [GC (Allocation Failure)  519207K->199751K(1033728K), 0.0040940 secs]
211.996: Total time for which application threads were stopped: 0.0042667 seconds, Stopping threads took: 0.0000200 seconds
212.062: [GC (Allocation Failure)  519239K->199911K(1033728K), 0.0040487 secs]
212.067: Total time for which application threads were stopped: 0.0042209 seconds, Stopping threads took: 0.0000196 seconds
212.133: [GC (Allocation Failure)  519399K->207785K(1033728K), 0.0041674 secs]
212.137: Total time for which application threads were stopped: 0.0043309 seconds, Stopping threads took: 0.0000193 seconds
212.204: [GC (Allocation Failure)  527273K->207753K(1033728K), 0.0040613 secs]
212.209: Total time for which application threads were stopped: 0.0042280 seconds, Stopping threads took: 0.0000193 seconds
212.273: [GC (Allocation Failure)  527241K->209161K(1033728K), 0.0042347 secs]
212.278: Total time for which application threads were stopped: 0.0044278 seconds, Stopping threads took: 0.0000203 seconds
212.345: [GC (Allocation Failure)  528649K->215819K(1033728K), 0.0042533 secs]
212.349: Total time for which application threads were stopped: 0.0044127 seconds, Stopping threads took: 0.0000196 seconds
212.418: [GC (Allocation Failure)  535307K->215755K(1033728K), 0.0048690 secs]
212.423: Total time for which application threads were stopped: 0.0050419 seconds, Stopping threads took: 0.0000196 seconds
212.488: [GC (Allocation Failure)  535243K->216395K(1033728K), 0.0041169 secs]
212.492: Total time for which application threads were stopped: 0.0043014 seconds, Stopping threads took: 0.0000359 seconds
212.560: [GC (Allocation Failure)  535883K->223821K(1033728K), 0.0039764 secs]
212.564: Total time for which application threads were stopped: 0.0041655 seconds, Stopping threads took: 0.0000279 seconds
212.632: [GC (Allocation Failure)  543309K->223821K(1033728K), 0.0041523 secs]
212.636: Total time for which application threads were stopped: 0.0043201 seconds, Stopping threads took: 0.0000260 seconds
212.701: [GC (Allocation Failure)  543309K->224621K(1033728K), 0.0043176 secs]
212.705: Total time for which application threads were stopped: 0.0045032 seconds, Stopping threads took: 0.0000222 seconds
212.772: [GC (Allocation Failure)  544109K->231888K(1033728K), 0.0041391 secs]
212.777: Total time for which application threads were stopped: 0.0043401 seconds, Stopping threads took: 0.0000227 seconds
212.846: [GC (Allocation Failure)  551376K->231824K(1033728K), 0.0040814 secs]
212.851: Total time for which application threads were stopped: 0.0042595 seconds, Stopping threads took: 0.0000199 seconds
212.916: [GC (Allocation Failure)  551312K->232848K(1033728K), 0.0057045 secs]
212.922: Total time for which application threads were stopped: 0.0058702 seconds, Stopping threads took: 0.0000249 seconds
212.988: [GC (Allocation Failure)  552336K->239922K(1033728K), 0.0040634 secs]
212.992: Total time for which application threads were stopped: 0.0042239 seconds, Stopping threads took: 0.0000198 seconds
213.062: [GC (Allocation Failure)  559410K->239922K(1033728K), 0.0038947 secs]
213.066: Total time for which application threads were stopped: 0.0040545 seconds, Stopping threads took: 0.0000189 seconds
213.130: [GC (Allocation Failure)  559410K->240042K(1033728K), 0.0041696 secs]
213.135: Total time for which application threads were stopped: 0.0043317 seconds, Stopping threads took: 0.0000198 seconds
213.200: [GC (Allocation Failure)  559530K->247916K(1032704K), 0.0043182 secs]
213.204: Total time for which application threads were stopped: 0.0044793 seconds, Stopping threads took: 0.0000199 seconds
213.272: [GC (Allocation Failure)  566380K->247948K(1033216K), 0.0042392 secs]
213.276: Total time for which application threads were stopped: 0.0044072 seconds, Stopping threads took: 0.0000190 seconds
213.340: [GC (Allocation Failure)  566412K->248268K(1033216K), 0.0040726 secs]
213.344: Total time for which application threads were stopped: 0.0042572 seconds, Stopping threads took: 0.0000360 seconds
213.412: [GC (Allocation Failure)  566732K->255982K(1033216K), 0.0040471 secs]
213.416: Total time for which application threads were stopped: 0.0042081 seconds, Stopping threads took: 0.0000198 seconds
213.481: [GC (Allocation Failure)  574446K->255950K(1033216K), 0.0041213 secs]
213.486: Total time for which application threads were stopped: 0.0043227 seconds, Stopping threads took: 0.0000218 seconds
213.552: [GC (Allocation Failure)  574414K->256494K(1033216K), 0.0071097 secs]
213.559: Total time for which application threads were stopped: 0.0073016 seconds, Stopping threads took: 0.0000194 seconds
213.628: [GC (Allocation Failure)  574958K->264017K(1033216K), 0.0041689 secs]
213.632: Total time for which application threads were stopped: 0.0043413 seconds, Stopping threads took: 0.0000179 seconds
213.700: [GC (Allocation Failure)  582481K->263985K(1033216K), 0.0041757 secs]
213.704: Total time for which application threads were stopped: 0.0043503 seconds, Stopping threads took: 0.0000203 seconds
213.769: [GC (Allocation Failure)  582449K->264233K(1033216K), 0.0041850 secs]
213.773: Total time for which application threads were stopped: 0.0043579 seconds, Stopping threads took: 0.0000200 seconds
213.840: [GC (Allocation Failure)  582697K->272011K(1033216K), 0.0045170 secs]
213.845: Total time for which application threads were stopped: 0.0046907 seconds, Stopping threads took: 0.0000203 seconds
213.911: [GC (Allocation Failure)  590475K->272011K(1033216K), 0.0049131 secs]
213.916: Total time for which application threads were stopped: 0.0050592 seconds, Stopping threads took: 0.0000262 seconds
213.983: [GC (Allocation Failure)  590475K->272067K(1033216K), 0.0040604 secs]
213.987: Total time for which application threads were stopped: 0.0042130 seconds, Stopping threads took: 0.0000173 seconds
214.055: [GC (Allocation Failure)  590531K->280005K(1033216K), 0.0041979 secs]
214.059: Total time for which application threads were stopped: 0.0043929 seconds, Stopping threads took: 0.0000197 seconds
214.126: [GC (Allocation Failure)  598469K->280037K(1033216K), 0.0043318 secs]
214.131: Total time for which application threads were stopped: 0.0045039 seconds, Stopping threads took: 0.0000283 seconds
214.196: [GC (Allocation Failure)  598501K->280197K(1033216K), 0.0043598 secs]
214.200: Total time for which application threads were stopped: 0.0045303 seconds, Stopping threads took: 0.0000201 seconds
214.268: [GC (Allocation Failure)  598661K->288104K(1033216K), 0.0042594 secs]
214.272: Total time for which application threads were stopped: 0.0044215 seconds, Stopping threads took: 0.0000195 seconds
214.339: [GC (Allocation Failure)  606568K->288040K(1033216K), 0.0042724 secs]
214.343: Total time for which application threads were stopped: 0.0044427 seconds, Stopping threads took: 0.0000199 seconds
214.408: [GC (Allocation Failure)  606504K->288424K(1033216K), 0.0041956 secs]
214.413: Total time for which application threads were stopped: 0.0043938 seconds, Stopping threads took: 0.0000213 seconds
214.481: [GC (Allocation Failure)  606888K->296138K(1033216K), 0.0043302 secs]
214.485: Total time for which application threads were stopped: 0.0045223 seconds, Stopping threads took: 0.0000188 seconds
214.555: [GC (Allocation Failure)  614602K->296106K(1033216K), 0.0040608 secs]
214.559: Total time for which application threads were stopped: 0.0042491 seconds, Stopping threads took: 0.0000263 seconds
214.626: [GC (Allocation Failure)  614570K->296650K(1033216K), 0.0044630 secs]
214.630: Total time for which application threads were stopped: 0.0046464 seconds, Stopping threads took: 0.0000282 seconds
214.697: [GC (Allocation Failure)  615114K->304172K(1033216K), 0.0041130 secs]
214.701: Total time for which application threads were stopped: 0.0042854 seconds, Stopping threads took: 0.0000202 seconds
214.767: [GC (Allocation Failure)  622636K->304140K(1033216K), 0.0041976 secs]
214.771: Total time for which application threads were stopped: 0.0043963 seconds, Stopping threads took: 0.0000198 seconds
214.839: [GC (Allocation Failure)  622604K->304356K(1033216K), 0.0043980 secs]
214.844: Total time for which application threads were stopped: 0.0045501 seconds, Stopping threads took: 0.0000171 seconds
214.911: [GC (Allocation Failure)  622820K->312134K(1033216K), 0.0050300 secs]
214.917: Total time for which application threads were stopped: 0.0052091 seconds, Stopping threads took: 0.0000256 seconds
214.983: [GC (Allocation Failure)  630598K->304452K(1033216K), 0.0011487 secs]
214.984: Total time for which application threads were stopped: 0.0012927 seconds, Stopping threads took: 0.0000190 seconds
215.052: [GC (Allocation Failure)  622916K->312318K(1033216K), 0.0041201 secs]
215.056: Total time for which application threads were stopped: 0.0043053 seconds, Stopping threads took: 0.0000196 seconds
215.124: [GC (Allocation Failure)  630782K->316302K(1033216K), 0.0054255 secs]
215.129: Total time for which application threads were stopped: 0.0055944 seconds, Stopping threads took: 0.0000196 seconds
215.194: [GC (Allocation Failure)  634766K->317004K(1032192K), 0.0048366 secs]
215.199: Total time for which application threads were stopped: 0.0050002 seconds, Stopping threads took: 0.0000188 seconds
215.266: [GC (Allocation Failure)  634444K->316366K(1032704K), 0.0042706 secs]
215.270: Total time for which application threads were stopped: 0.0044404 seconds, Stopping threads took: 0.0000201 seconds
215.337: [GC (Allocation Failure)  633806K->316270K(1033216K), 0.0041845 secs]
215.342: Total time for which application threads were stopped: 0.0043461 seconds, Stopping threads took: 0.0000200 seconds
215.406: [GC (Allocation Failure)  634734K->319078K(1033216K), 0.0048520 secs]
215.411: Total time for which application threads were stopped: 0.0050137 seconds, Stopping threads took: 0.0000193 seconds
215.479: [GC (Allocation Failure)  637542K->324361K(1033728K), 0.0042997 secs]
215.484: Total time for which application threads were stopped: 0.0044617 seconds, Stopping threads took: 0.0000199 seconds
215.552: [GC (Allocation Failure)  643849K->324361K(1033728K), 0.0042996 secs]
215.556: Total time for which application threads were stopped: 0.0044792 seconds, Stopping threads took: 0.0000194 seconds
215.623: [GC (Allocation Failure)  643849K->325289K(1033728K), 0.0044129 secs]
215.628: Total time for which application threads were stopped: 0.0045887 seconds, Stopping threads took: 0.0000280 seconds
215.693: [GC (Allocation Failure)  644777K->332363K(1033728K), 0.0050930 secs]
215.699: Total time for which application threads were stopped: 0.0052534 seconds, Stopping threads took: 0.0000200 seconds
215.766: [GC (Allocation Failure)  651851K->332363K(1033728K), 0.0056464 secs]
215.772: Total time for which application threads were stopped: 0.0058235 seconds, Stopping threads took: 0.0000191 seconds
215.837: [GC (Allocation Failure)  651851K->332491K(1033728K), 0.0065531 secs]
215.844: Total time for which application threads were stopped: 0.0067278 seconds, Stopping threads took: 0.0000199 seconds
215.912: [GC (Allocation Failure)  651979K->340429K(1033728K), 0.0049624 secs]
215.917: Total time for which application threads were stopped: 0.0051683 seconds, Stopping threads took: 0.0000260 seconds
215.985: [GC (Allocation Failure)  659917K->340397K(1033728K), 0.0041995 secs]
215.989: Total time for which application threads were stopped: 0.0043615 seconds, Stopping threads took: 0.0000194 seconds
216.055: [GC (Allocation Failure)  659885K->343821K(1034240K), 0.0050454 secs]
216.060: Total time for which application threads were stopped: 0.0052285 seconds, Stopping threads took: 0.0000196 seconds
216.129: [GC (Allocation Failure)  663821K->348527K(1033728K), 0.0042450 secs]
216.133: Total time for which application threads were stopped: 0.0044133 seconds, Stopping threads took: 0.0000191 seconds
216.199: [GC (Allocation Failure)  668527K->348463K(1034240K), 0.0044754 secs]
216.203: Total time for which application threads were stopped: 0.0046698 seconds, Stopping threads took: 0.0000203 seconds
216.271: [GC (Allocation Failure)  668975K->348983K(1020928K), 0.0042931 secs]
216.276: Total time for which application threads were stopped: 0.0044558 seconds, Stopping threads took: 0.0000199 seconds
216.343: [GC (Allocation Failure)  669495K->356570K(1033728K), 0.0042233 secs]
216.348: Total time for which application threads were stopped: 0.0043945 seconds, Stopping threads took: 0.0000204 seconds
216.414: [GC (Allocation Failure)  676058K->356506K(1033728K), 0.0044327 secs]
216.419: Total time for which application threads were stopped: 0.0046024 seconds, Stopping threads took: 0.0000222 seconds
216.485: [GC (Allocation Failure)  675994K->357218K(1033728K), 0.0045280 secs]
216.489: Total time for which application threads were stopped: 0.0046900 seconds, Stopping threads took: 0.0000200 seconds
216.557: [GC (Allocation Failure)  676706K->364516K(1033728K), 0.0048926 secs]
216.562: Total time for which application threads were stopped: 0.0050670 seconds, Stopping threads took: 0.0000192 seconds
216.628: [GC (Allocation Failure)  684004K->364484K(1033728K), 0.0042772 secs]
216.633: Total time for which application threads were stopped: 0.0044365 seconds, Stopping threads took: 0.0000198 seconds
216.699: [GC (Allocation Failure)  683972K->368524K(1033728K), 0.0051298 secs]
216.704: Total time for which application threads were stopped: 0.0053043 seconds, Stopping threads took: 0.0000198 seconds
216.771: [GC (Allocation Failure)  688012K->372558K(1034240K), 0.0044350 secs]
216.776: Total time for which application threads were stopped: 0.0046062 seconds, Stopping threads took: 0.0000215 seconds
216.843: [GC (Allocation Failure)  693070K->372526K(1034240K), 0.0052531 secs]
216.848: Total time for which application threads were stopped: 0.0054210 seconds, Stopping threads took: 0.0000274 seconds
216.915: [GC (Allocation Failure)  693038K->373606K(1034240K), 0.0069705 secs]
216.922: Total time for which application threads were stopped: 0.0071200 seconds, Stopping threads took: 0.0000263 seconds
216.991: [GC (Allocation Failure)  694118K->380680K(1034240K), 0.0043364 secs]
216.995: Total time for which application threads were stopped: 0.0046441 seconds, Stopping threads took: 0.0000200 seconds
217.064: [GC (Allocation Failure)  701192K->380584K(1034240K), 0.0042302 secs]
217.069: Total time for which application threads were stopped: 0.0043887 seconds, Stopping threads took: 0.0000168 seconds
217.138: [GC (Allocation Failure)  701096K->380840K(1034240K), 0.0042692 secs]
217.142: Total time for which application threads were stopped: 0.0044189 seconds, Stopping threads took: 0.0000175 seconds
217.210: [GC (Allocation Failure)  701352K->388683K(1034240K), 0.0045561 secs]
217.215: Total time for which application threads were stopped: 0.0047151 seconds, Stopping threads took: 0.0000193 seconds
217.282: [GC (Allocation Failure)  709195K->388651K(1034240K), 0.0043544 secs]
217.286: Total time for which application threads were stopped: 0.0045235 seconds, Stopping threads took: 0.0000193 seconds
217.351: [GC (Allocation Failure)  709163K->390083K(1034240K), 0.0047311 secs]
217.356: Total time for which application threads were stopped: 0.0048941 seconds, Stopping threads took: 0.0000206 seconds
217.423: [GC (Allocation Failure)  710595K->396709K(1034240K), 0.0045875 secs]
217.428: Total time for which application threads were stopped: 0.0047694 seconds, Stopping threads took: 0.0000195 seconds
217.495: [GC (Allocation Failure)  717221K->396677K(1034240K), 0.0043980 secs]
217.500: Total time for which application threads were stopped: 0.0045562 seconds, Stopping threads took: 0.0000191 seconds
217.568: [GC (Allocation Failure)  717189K->396805K(1020416K), 0.0045460 secs]
217.572: Total time for which application threads were stopped: 0.0047201 seconds, Stopping threads took: 0.0000285 seconds
217.640: [GC (Allocation Failure)  717317K->404679K(1033728K), 0.0044329 secs]
217.644: Total time for which application threads were stopped: 0.0045939 seconds, Stopping threads took: 0.0000195 seconds
217.712: [GC (Allocation Failure)  724167K->404711K(1033728K), 0.0043375 secs]
217.717: Total time for which application threads were stopped: 0.0045273 seconds, Stopping threads took: 0.0000351 seconds
217.784: [GC (Allocation Failure)  724199K->404775K(1033728K), 0.0066473 secs]
217.791: Total time for which application threads were stopped: 0.0068237 seconds, Stopping threads took: 0.0000197 seconds
217.861: [GC (Allocation Failure)  724263K->412746K(1033728K), 0.0045750 secs]
217.865: Total time for which application threads were stopped: 0.0047666 seconds, Stopping threads took: 0.0000232 seconds
217.935: [GC (Allocation Failure)  732234K->412746K(1033728K), 0.0043833 secs]
217.939: Total time for which application threads were stopped: 0.0045337 seconds, Stopping threads took: 0.0000174 seconds
218.004: [GC (Allocation Failure)  732234K->413770K(1033728K), 0.0046644 secs]
218.009: Total time for which application threads were stopped: 0.0048526 seconds, Stopping threads took: 0.0000199 seconds
218.077: [GC (Allocation Failure)  733258K->420780K(1033728K), 0.0045508 secs]
218.082: Total time for which application threads were stopped: 0.0047242 seconds, Stopping threads took: 0.0000196 seconds
218.149: [GC (Allocation Failure)  740268K->420748K(1033728K), 0.0045731 secs]
218.154: Total time for which application threads were stopped: 0.0047440 seconds, Stopping threads took: 0.0000203 seconds
218.218: [GC (Allocation Failure)  740236K->421004K(1033728K), 0.0043326 secs]
218.223: Total time for which application threads were stopped: 0.0045048 seconds, Stopping threads took: 0.0000203 seconds
218.288: [GC (Allocation Failure)  740492K->428782K(1033728K), 0.0046374 secs]
218.293: Total time for which application threads were stopped: 0.0048085 seconds, Stopping threads took: 0.0000200 seconds
218.360: [GC (Allocation Failure)  748270K->428782K(1033728K), 0.0044989 secs]
218.365: Total time for which application threads were stopped: 0.0047050 seconds, Stopping threads took: 0.0000212 seconds
218.432: [GC (Allocation Failure)  748270K->430254K(1033728K), 0.0044202 secs]
218.436: Total time for which application threads were stopped: 0.0046307 seconds, Stopping threads took: 0.0000192 seconds
218.506: [GC (Allocation Failure)  749742K->436848K(1033728K), 0.0045562 secs]
218.511: Total time for which application threads were stopped: 0.0047343 seconds, Stopping threads took: 0.0000165 seconds
218.580: [GC (Allocation Failure)  756336K->436816K(1033728K), 0.0044990 secs]
218.584: Total time for which application threads were stopped: 0.0046666 seconds, Stopping threads took: 0.0000274 seconds
218.649: [GC (Allocation Failure)  756304K->437448K(1033728K), 0.0045594 secs]
218.654: Total time for which application threads were stopped: 0.0047212 seconds, Stopping threads took: 0.0000199 seconds
218.721: [GC (Allocation Failure)  756936K->444875K(1033728K), 0.0045382 secs]
218.725: Total time for which application threads were stopped: 0.0047170 seconds, Stopping threads took: 0.0000194 seconds
218.793: [GC (Allocation Failure)  764363K->444811K(1033728K), 0.0046656 secs]
218.798: Total time for which application threads were stopped: 0.0048299 seconds, Stopping threads took: 0.0000197 seconds
218.862: [GC (Allocation Failure)  764299K->445667K(1033728K), 0.0049023 secs]
218.867: Total time for which application threads were stopped: 0.0050935 seconds, Stopping threads took: 0.0000197 seconds
218.937: [GC (Allocation Failure)  765155K->452901K(1033728K), 0.0044841 secs]
218.941: Total time for which application threads were stopped: 0.0046356 seconds, Stopping threads took: 0.0000167 seconds
219.009: [GC (Allocation Failure)  772389K->452869K(1033728K), 0.0044468 secs]
219.013: Total time for which application threads were stopped: 0.0046384 seconds, Stopping threads took: 0.0000196 seconds
219.080: [GC (Allocation Failure)  772357K->453933K(1033728K), 0.0045105 secs]
219.085: Total time for which application threads were stopped: 0.0046621 seconds, Stopping threads took: 0.0000165 seconds
219.151: [GC (Allocation Failure)  773421K->460943K(1033728K), 0.0046198 secs]
219.155: Total time for which application threads were stopped: 0.0047861 seconds, Stopping threads took: 0.0000209 seconds
219.223: [GC (Allocation Failure)  780431K->460911K(1033728K), 0.0044593 secs]
219.228: Total time for which application threads were stopped: 0.0046311 seconds, Stopping threads took: 0.0000197 seconds
219.293: [GC (Allocation Failure)  780399K->461127K(1033728K), 0.0045697 secs]
219.298: Total time for which application threads were stopped: 0.0047488 seconds, Stopping threads took: 0.0000195 seconds
219.364: [GC (Allocation Failure)  780615K->468937K(1032704K), 0.0046895 secs]
219.368: Total time for which application threads were stopped: 0.0048627 seconds, Stopping threads took: 0.0000201 seconds
219.436: [GC (Allocation Failure)  787401K->468937K(1033216K), 0.0052580 secs]
219.441: Total time for which application threads were stopped: 0.0054325 seconds, Stopping threads took: 0.0000199 seconds
219.508: [GC (Allocation Failure)  787401K->469353K(1032704K), 0.0045653 secs]
219.512: Total time for which application threads were stopped: 0.0047498 seconds, Stopping threads took: 0.0000229 seconds
219.582: [GC (Allocation Failure)  787817K->476972K(1033216K), 0.0046331 secs]
219.586: Total time for which application threads were stopped: 0.0047952 seconds, Stopping threads took: 0.0000195 seconds
219.653: [GC (Allocation Failure)  795436K->476972K(1033216K), 0.0047794 secs]
219.657: Total time for which application threads were stopped: 0.0049948 seconds, Stopping threads took: 0.0000198 seconds
219.722: [GC (Allocation Failure)  795436K->477612K(1033216K), 0.0046343 secs]
219.727: Total time for which application threads were stopped: 0.0048029 seconds, Stopping threads took: 0.0000209 seconds
219.794: [GC (Allocation Failure)  796076K->485038K(1033216K), 0.0044683 secs]
219.799: Total time for which application threads were stopped: 0.0046337 seconds, Stopping threads took: 0.0000204 seconds
219.866: [GC (Allocation Failure)  803502K->484974K(1033216K), 0.0045444 secs]
219.871: Total time for which application threads were stopped: 0.0047160 seconds, Stopping threads took: 0.0000208 seconds
219.938: [GC (Allocation Failure)  803438K->485070K(1033216K), 0.0046984 secs]
219.942: Total time for which application threads were stopped: 0.0048497 seconds, Stopping threads took: 0.0000172 seconds
220.010: [GC (Allocation Failure)  803534K->493072K(1033216K), 0.0045778 secs]
220.014: Total time for which application threads were stopped: 0.0047295 seconds, Stopping threads took: 0.0000200 seconds
220.082: [GC (Allocation Failure)  811536K->493040K(1033216K), 0.0046945 secs]
220.087: Total time for which application threads were stopped: 0.0048630 seconds, Stopping threads took: 0.0000199 seconds
220.154: [GC (Allocation Failure)  811504K->493096K(1033216K), 0.0045879 secs]
220.159: Total time for which application threads were stopped: 0.0047561 seconds, Stopping threads took: 0.0000193 seconds
220.226: [GC (Allocation Failure)  811560K->501066K(1033216K), 0.0046520 secs]
220.231: Total time for which application threads were stopped: 0.0048127 seconds, Stopping threads took: 0.0000202 seconds
220.296: [GC (Allocation Failure)  819530K->501066K(1033216K), 0.0047583 secs]
220.301: Total time for which application threads were stopped: 0.0049349 seconds, Stopping threads took: 0.0000196 seconds
220.366: [GC (Allocation Failure)  819530K->501290K(1033216K), 0.0046464 secs]
220.371: Total time for which application threads were stopped: 0.0048198 seconds, Stopping threads took: 0.0000289 seconds
220.438: [GC (Allocation Failure)  819754K->509133K(1033216K), 0.0046517 secs]
220.443: Total time for which application threads were stopped: 0.0048482 seconds, Stopping threads took: 0.0000196 seconds
220.510: [GC (Allocation Failure)  827597K->509133K(1033216K), 0.0044260 secs]
220.515: Total time for which application threads were stopped: 0.0046117 seconds, Stopping threads took: 0.0000170 seconds
220.581: [GC (Allocation Failure)  827597K->509517K(1033216K), 0.0047711 secs]
220.586: Total time for which application threads were stopped: 0.0049485 seconds, Stopping threads took: 0.0000285 seconds
220.652: [GC (Allocation Failure)  827981K->517167K(1033216K), 0.0047441 secs]
220.657: Total time for which application threads were stopped: 0.0049488 seconds, Stopping threads took: 0.0000207 seconds
220.725: [GC (Allocation Failure)  835631K->517135K(1033216K), 0.0047276 secs]
220.729: Total time for which application threads were stopped: 0.0049111 seconds, Stopping threads took: 0.0000204 seconds
220.796: [GC (Allocation Failure)  835599K->517191K(1033216K), 0.0046950 secs]
220.801: Total time for which application threads were stopped: 0.0048688 seconds, Stopping threads took: 0.0000207 seconds
220.869: [GC (Allocation Failure)  835655K->525193K(1033216K), 0.0044959 secs]
220.874: Total time for which application threads were stopped: 0.0046737 seconds, Stopping threads took: 0.0000211 seconds
220.940: [GC (Allocation Failure)  843657K->525193K(1033216K), 0.0045390 secs]
220.945: Total time for which application threads were stopped: 0.0047508 seconds, Stopping threads took: 0.0000175 seconds
221.013: [GC (Allocation Failure)  843657K->525481K(1033216K), 0.0045550 secs]
221.017: Total time for which application threads were stopped: 0.0047159 seconds, Stopping threads took: 0.0000202 seconds
221.084: [GC (Allocation Failure)  843945K->533196K(1033216K), 0.0048326 secs]
221.089: Total time for which application threads were stopped: 0.0050071 seconds, Stopping threads took: 0.0000255 seconds
221.154: [GC (Allocation Failure)  851660K->525577K(1033216K), 0.0017700 secs]
221.156: Total time for which application threads were stopped: 0.0019117 seconds, Stopping threads took: 0.0000203 seconds
221.226: [GC (Allocation Failure)  844041K->533420K(1033216K), 0.0045465 secs]
221.230: Total time for which application threads were stopped: 0.0047228 seconds, Stopping threads took: 0.0000211 seconds
221.299: [GC (Allocation Failure)  851884K->537348K(1033216K), 0.0058291 secs]
221.305: Total time for which application threads were stopped: 0.0059936 seconds, Stopping threads took: 0.0000201 seconds
221.370: [GC (Allocation Failure)  855812K->538113K(1032192K), 0.0052196 secs]
221.375: Total time for which application threads were stopped: 0.0053836 seconds, Stopping threads took: 0.0000197 seconds
221.443: [GC (Allocation Failure)  855553K->537476K(1032704K), 0.0044947 secs]
221.447: Total time for which application threads were stopped: 0.0046576 seconds, Stopping threads took: 0.0000199 seconds
221.514: [GC (Allocation Failure)  854916K->537380K(1033216K), 0.0045797 secs]
221.519: Total time for which application threads were stopped: 0.0047434 seconds, Stopping threads took: 0.0000202 seconds
221.585: [GC (Allocation Failure)  855332K->539716K(1032704K), 0.0051312 secs]
221.590: Total time for which application threads were stopped: 0.0053035 seconds, Stopping threads took: 0.0000197 seconds
221.657: [GC (Allocation Failure)  857668K->545478K(1033216K), 0.0047826 secs]
221.662: Total time for which application threads were stopped: 0.0049538 seconds, Stopping threads took: 0.0000196 seconds
221.729: [GC (Allocation Failure)  863942K->545382K(1033216K), 0.0047850 secs]
221.734: Total time for which application threads were stopped: 0.0049473 seconds, Stopping threads took: 0.0000192 seconds
221.798: [GC (Allocation Failure)  863846K->547390K(1033728K), 0.0067128 secs]
221.805: Total time for which application threads were stopped: 0.0068829 seconds, Stopping threads took: 0.0000198 seconds
221.873: [GC (Allocation Failure)  866878K->553440K(1033728K), 0.0045677 secs]
221.877: Total time for which application threads were stopped: 0.0047374 seconds, Stopping threads took: 0.0000194 seconds
221.945: [GC (Allocation Failure)  872928K->553440K(1033728K), 0.0047810 secs]
221.950: Total time for which application threads were stopped: 0.0049516 seconds, Stopping threads took: 0.0000202 seconds
222.015: [GC (Allocation Failure)  872928K->554632K(1033728K), 0.0047152 secs]
222.020: Total time for which application threads were stopped: 0.0048867 seconds, Stopping threads took: 0.0000194 seconds
222.088: [GC (Allocation Failure)  874120K->561482K(1033728K), 0.0046941 secs]
222.092: Total time for which application threads were stopped: 0.0048617 seconds, Stopping threads took: 0.0000197 seconds
222.159: [GC (Allocation Failure)  880970K->561482K(1033728K), 0.0047096 secs]
222.164: Total time for which application threads were stopped: 0.0048903 seconds, Stopping threads took: 0.0000198 seconds
222.230: [GC (Allocation Failure)  880970K->561834K(1033728K), 0.0047523 secs]
222.235: Total time for which application threads were stopped: 0.0049254 seconds, Stopping threads took: 0.0000202 seconds
222.304: [GC (Allocation Failure)  881322K->569549K(1033728K), 0.0047244 secs]
222.308: Total time for which application threads were stopped: 0.0048840 seconds, Stopping threads took: 0.0000195 seconds
222.375: [GC (Allocation Failure)  889037K->569517K(1033728K), 0.0048660 secs]
222.380: Total time for which application threads were stopped: 0.0050410 seconds, Stopping threads took: 0.0000200 seconds
222.446: [GC (Allocation Failure)  889005K->573165K(1033728K), 0.0055911 secs]
222.452: Total time for which application threads were stopped: 0.0057714 seconds, Stopping threads took: 0.0000220 seconds
222.521: [GC (Allocation Failure)  892653K->577647K(1034240K), 0.0049434 secs]
222.526: Total time for which application threads were stopped: 0.0050938 seconds, Stopping threads took: 0.0000176 seconds
222.594: [GC (Allocation Failure)  898159K->577487K(1034240K), 0.0048798 secs]
222.599: Total time for which application threads were stopped: 0.0050353 seconds, Stopping threads took: 0.0000194 seconds
222.667: [GC (Allocation Failure)  897999K->578311K(1034240K), 0.0049095 secs]
222.672: Total time for which application threads were stopped: 0.0050993 seconds, Stopping threads took: 0.0000199 seconds
222.740: [GC (Allocation Failure)  898823K->585609K(1034240K), 0.0047641 secs]
222.745: Total time for which application threads were stopped: 0.0049352 seconds, Stopping threads took: 0.0000197 seconds
222.812: [GC (Allocation Failure)  906121K->585577K(1034240K), 0.0047781 secs]
222.817: Total time for which application threads were stopped: 0.0049394 seconds, Stopping threads took: 0.0000201 seconds
222.884: [GC (Allocation Failure)  906089K->588585K(1034240K), 0.0053338 secs]
222.889: Total time for which application threads were stopped: 0.0055017 seconds, Stopping threads took: 0.0000197 seconds
222.958: [GC (Allocation Failure)  909097K->593611K(1034240K), 0.0047108 secs]
222.963: Total time for which application threads were stopped: 0.0048736 seconds, Stopping threads took: 0.0000202 seconds
223.030: [GC (Allocation Failure)  914123K->593611K(1034240K), 0.0048835 secs]
223.035: Total time for which application threads were stopped: 0.0050627 seconds, Stopping threads took: 0.0000276 seconds
223.104: [GC (Allocation Failure)  914123K->594763K(1034240K), 0.0048815 secs]
223.109: Total time for which application threads were stopped: 0.0050567 seconds, Stopping threads took: 0.0000275 seconds
223.177: [GC (Allocation Failure)  915275K->601646K(1034240K), 0.0048286 secs]
223.181: Total time for which application threads were stopped: 0.0049972 seconds, Stopping threads took: 0.0000198 seconds
223.249: [GC (Allocation Failure)  922158K->601614K(1034240K), 0.0047212 secs]
223.254: Total time for which application threads were stopped: 0.0049182 seconds, Stopping threads took: 0.0000202 seconds
223.322: [GC (Allocation Failure)  922126K->601958K(1034240K), 0.0047566 secs]
223.327: Total time for which application threads were stopped: 0.0049504 seconds, Stopping threads took: 0.0000204 seconds
223.397: [GC (Allocation Failure)  922470K->609704K(1034240K), 0.0048002 secs]
223.402: Total time for which application threads were stopped: 0.0049575 seconds, Stopping threads took: 0.0000256 seconds
223.470: [GC (Allocation Failure)  930216K->609672K(1034240K), 0.0047378 secs]
223.475: Total time for which application threads were stopped: 0.0049306 seconds, Stopping threads took: 0.0000198 seconds
223.543: [GC (Allocation Failure)  930184K->611272K(1034240K), 0.0049812 secs]
223.548: Total time for which application threads were stopped: 0.0051507 seconds, Stopping threads took: 0.0000282 seconds
223.616: [GC (Allocation Failure)  931784K->617770K(1034240K), 0.0048292 secs]
223.621: Total time for which application threads were stopped: 0.0050258 seconds, Stopping threads took: 0.0000201 seconds
223.690: [GC (Allocation Failure)  938282K->617674K(1034240K), 0.0047945 secs]
223.695: Total time for which application threads were stopped: 0.0049579 seconds, Stopping threads took: 0.0000197 seconds
223.762: [GC (Allocation Failure)  938186K->617930K(1020416K), 0.0049363 secs]
223.767: Total time for which application threads were stopped: 0.0050937 seconds, Stopping threads took: 0.0000194 seconds
223.834: [GC (Allocation Failure)  938442K->625772K(1033728K), 0.0050270 secs]
223.839: Total time for which application threads were stopped: 0.0051912 seconds, Stopping threads took: 0.0000199 seconds
223.907: [GC (Allocation Failure)  945260K->625676K(1033728K), 0.0049291 secs]
223.912: Total time for which application threads were stopped: 0.0051332 seconds, Stopping threads took: 0.0000280 seconds
223.977: [GC (Allocation Failure)  945164K->625868K(1033728K), 0.0049703 secs]
223.982: Total time for which application threads were stopped: 0.0051435 seconds, Stopping threads took: 0.0000204 seconds
224.049: [GC (Allocation Failure)  945356K->633807K(1033728K), 0.0048523 secs]
224.054: Total time for which application threads were stopped: 0.0050119 seconds, Stopping threads took: 0.0000254 seconds
224.122: [GC (Allocation Failure)  953295K->633711K(1033728K), 0.0048503 secs]
224.127: Total time for which application threads were stopped: 0.0050312 seconds, Stopping threads took: 0.0000207 seconds
224.194: [GC (Allocation Failure)  953199K->633799K(1033728K), 0.0048401 secs]
224.198: Total time for which application threads were stopped: 0.0050359 seconds, Stopping threads took: 0.0000201 seconds
224.268: [GC (Allocation Failure)  953287K->641769K(1033728K), 0.0048276 secs]
224.273: Total time for which application threads were stopped: 0.0050207 seconds, Stopping threads took: 0.0000172 seconds
224.342: [GC (Allocation Failure)  961257K->641769K(1033728K), 0.0049811 secs]
224.347: Total time for which application threads were stopped: 0.0051498 seconds, Stopping threads took: 0.0000194 seconds
224.415: [GC (Allocation Failure)  961257K->642057K(1033728K), 0.0048952 secs]
224.420: Total time for which application threads were stopped: 0.0050588 seconds, Stopping threads took: 0.0000202 seconds
224.486: [GC (Allocation Failure)  961545K->649803K(1027072K), 0.0049962 secs]
224.491: Total time for which application threads were stopped: 0.0051532 seconds, Stopping threads took: 0.0000206 seconds
224.559: [GC (Allocation Failure)  969291K->649803K(1033216K), 0.0048509 secs]
224.564: Total time for which application threads were stopped: 0.0050271 seconds, Stopping threads took: 0.0000284 seconds
224.630: [GC (Allocation Failure)  968267K->650315K(1033216K), 0.0049281 secs]
224.635: Total time for which application threads were stopped: 0.0051200 seconds, Stopping threads took: 0.0000195 seconds
224.702: [GC (Allocation Failure)  968779K->657870K(1033216K), 0.0049797 secs]
224.707: Total time for which application threads were stopped: 0.0051766 seconds, Stopping threads took: 0.0000199 seconds
224.776: [GC (Allocation Failure)  976334K->657838K(1033216K), 0.0049741 secs]
224.781: Total time for which application threads were stopped: 0.0051379 seconds, Stopping threads took: 0.0000175 seconds
224.847: [GC (Allocation Failure)  976302K->658534K(1033216K), 0.0050367 secs]
224.852: Total time for which application threads were stopped: 0.0052273 seconds, Stopping threads took: 0.0000278 seconds
224.920: [GC (Allocation Failure)  976998K->665864K(1033216K), 0.0049995 secs]
224.925: Total time for which application threads were stopped: 0.0051773 seconds, Stopping threads took: 0.0000226 seconds
224.993: [GC (Allocation Failure)  984328K->665896K(1033216K), 0.0047973 secs]
224.997: Total time for which application threads were stopped: 0.0049683 seconds, Stopping threads took: 0.0000200 seconds
225.064: [GC (Allocation Failure)  984360K->666760K(1033216K), 0.0050758 secs]
225.069: Total time for which application threads were stopped: 0.0052483 seconds, Stopping threads took: 0.0000200 seconds
225.139: [GC (Allocation Failure)  985224K->673898K(1033216K), 0.0050159 secs]
225.144: Total time for which application threads were stopped: 0.0052123 seconds, Stopping threads took: 0.0000209 seconds
225.210: [GC (Allocation Failure)  992362K->673866K(1033216K), 0.0048291 secs]
225.215: Total time for which application threads were stopped: 0.0050219 seconds, Stopping threads took: 0.0000194 seconds
225.281: [GC (Allocation Failure)  992330K->673962K(1033216K), 0.0049289 secs]
225.286: Total time for which application threads were stopped: 0.0050797 seconds, Stopping threads took: 0.0000175 seconds
225.353: [GC (Allocation Failure)  992426K->681964K(1033216K), 0.0050617 secs]
225.358: Total time for which application threads were stopped: 0.0052563 seconds, Stopping threads took: 0.0000202 seconds
225.426: [GC (Allocation Failure)  1000428K->681932K(1033216K), 0.0049807 secs]
225.431: Total time for which application threads were stopped: 0.0051317 seconds, Stopping threads took: 0.0000171 seconds
225.496: [GC (Allocation Failure)  1000396K->682188K(1033216K), 0.0050519 secs]
225.501: [Full GC (Ergonomics)  682188K->8751K(1033216K), 0.0125366 secs]
225.514: Total time for which application threads were stopped: 0.0178420 seconds, Stopping threads took: 0.0000197 seconds
225.580: [GC (Allocation Failure)  327215K->17105K(1033216K), 0.0037751 secs]
225.584: Total time for which application threads were stopped: 0.0039350 seconds, Stopping threads took: 0.0000258 seconds
225.651: [GC (Allocation Failure)  335569K->17145K(1033216K), 0.0036929 secs]
225.655: Total time for which application threads were stopped: 0.0038540 seconds, Stopping threads took: 0.0000199 seconds
225.720: [GC (Allocation Failure)  335609K->17593K(1033216K), 0.0038054 secs]
225.724: Total time for which application threads were stopped: 0.0041026 seconds, Stopping threads took: 0.0000201 seconds
225.791: [GC (Allocation Failure)  336057K->25180K(1033216K), 0.0036489 secs]
225.795: Total time for which application threads were stopped: 0.0038335 seconds, Stopping threads took: 0.0000280 seconds
225.862: [GC (Allocation Failure)  343644K->25148K(1033216K), 0.0039493 secs]
225.866: Total time for which application threads were stopped: 0.0041266 seconds, Stopping threads took: 0.0000201 seconds
225.934: [GC (Allocation Failure)  343612K->25308K(1033216K), 0.0037604 secs]
225.938: Total time for which application threads were stopped: 0.0039365 seconds, Stopping threads took: 0.0000220 seconds
226.005: [GC (Allocation Failure)  343772K->33182K(1033216K), 0.0037918 secs]
226.009: Total time for which application threads were stopped: 0.0039547 seconds, Stopping threads took: 0.0000202 seconds
226.076: [GC (Allocation Failure)  351646K->33182K(1033216K), 0.0037563 secs]
226.080: Total time for which application threads were stopped: 0.0039426 seconds, Stopping threads took: 0.0000259 seconds
226.145: [GC (Allocation Failure)  351646K->33318K(1033216K), 0.0036786 secs]
226.149: Total time for which application threads were stopped: 0.0038494 seconds, Stopping threads took: 0.0000197 seconds
226.216: [GC (Allocation Failure)  351782K->41256K(1033216K), 0.0039257 secs]
226.220: Total time for which application threads were stopped: 0.0041001 seconds, Stopping threads took: 0.0000204 seconds
226.285: [GC (Allocation Failure)  359720K->41224K(1033216K), 0.0039173 secs]
226.289: Total time for which application threads were stopped: 0.0040947 seconds, Stopping threads took: 0.0000219 seconds
226.354: [GC (Allocation Failure)  359688K->41288K(1033216K), 0.0037444 secs]
226.358: Total time for which application threads were stopped: 0.0039286 seconds, Stopping threads took: 0.0000200 seconds
226.423: [GC (Allocation Failure)  359752K->49227K(1033216K), 0.0037634 secs]
226.427: Total time for which application threads were stopped: 0.0039285 seconds, Stopping threads took: 0.0000196 seconds
226.494: [GC (Allocation Failure)  367691K->49291K(1033216K), 0.0037664 secs]
226.498: Total time for which application threads were stopped: 0.0039242 seconds, Stopping threads took: 0.0000192 seconds
226.564: [GC (Allocation Failure)  367755K->49515K(1033216K), 0.0038904 secs]
226.568: Total time for which application threads were stopped: 0.0040581 seconds, Stopping threads took: 0.0000195 seconds
226.635: [GC (Allocation Failure)  367979K->57293K(1033216K), 0.0037780 secs]
226.639: Total time for which application threads were stopped: 0.0039563 seconds, Stopping threads took: 0.0000276 seconds
226.705: [GC (Allocation Failure)  375757K->57325K(1033216K), 0.0036606 secs]
226.709: Total time for which application threads were stopped: 0.0038256 seconds, Stopping threads took: 0.0000198 seconds
226.776: [GC (Allocation Failure)  375789K->57509K(1033216K), 0.0055224 secs]
226.781: Total time for which application threads were stopped: 0.0057095 seconds, Stopping threads took: 0.0000199 seconds
226.850: [GC (Allocation Failure)  375973K->65351K(1033216K), 0.0039439 secs]
226.854: Total time for which application threads were stopped: 0.0041122 seconds, Stopping threads took: 0.0000213 seconds
226.920: [GC (Allocation Failure)  383815K->59365K(1033216K), 0.0013494 secs]
226.922: Total time for which application threads were stopped: 0.0014634 seconds, Stopping threads took: 0.0000161 seconds
226.987: [GC (Allocation Failure)  377829K->65487K(1034240K), 0.0038300 secs]
226.991: Total time for which application threads were stopped: 0.0040167 seconds, Stopping threads took: 0.0000175 seconds
227.061: [GC (Allocation Failure)  384975K->69431K(1033216K), 0.0041365 secs]
227.065: Total time for which application threads were stopped: 0.0043026 seconds, Stopping threads took: 0.0000277 seconds
227.130: [GC (Allocation Failure)  388919K->73973K(1030656K), 0.0056749 secs]
227.135: Total time for which application threads were stopped: 0.0058317 seconds, Stopping threads took: 0.0000190 seconds
227.200: [GC (Allocation Failure)  390389K->69527K(1032192K), 0.0038703 secs]
227.204: Total time for which application threads were stopped: 0.0040875 seconds, Stopping threads took: 0.0000204 seconds
227.269: [GC (Allocation Failure)  385943K->69431K(1032704K), 0.0037132 secs]
227.273: Total time for which application threads were stopped: 0.0038845 seconds, Stopping threads took: 0.0000203 seconds
227.338: [GC (Allocation Failure)  386871K->73015K(1032704K), 0.0046379 secs]
227.343: Total time for which application threads were stopped: 0.0048120 seconds, Stopping threads took: 0.0000212 seconds
227.409: [GC (Allocation Failure)  390455K->77497K(1033216K), 0.0039301 secs]
227.413: Total time for which application threads were stopped: 0.0041045 seconds, Stopping threads took: 0.0000204 seconds
227.478: [GC (Allocation Failure)  395961K->77465K(1033216K), 0.0046224 secs]
227.483: Total time for which application threads were stopped: 0.0048209 seconds, Stopping threads took: 0.0000207 seconds
227.550: [GC (Allocation Failure)  395929K->80193K(1033728K), 0.0044315 secs]
227.554: Total time for which application threads were stopped: 0.0046132 seconds, Stopping threads took: 0.0000264 seconds
227.623: [GC (Allocation Failure)  399681K->85540K(1033728K), 0.0041142 secs]
227.628: Total time for which application threads were stopped: 0.0042801 seconds, Stopping threads took: 0.0000204 seconds
227.695: [GC (Allocation Failure)  405028K->85572K(1034240K), 0.0038051 secs]
227.699: Total time for which application threads were stopped: 0.0039624 seconds, Stopping threads took: 0.0000195 seconds
227.766: [GC (Allocation Failure)  405572K->87948K(1033728K), 0.0042676 secs]
227.771: Total time for which application threads were stopped: 0.0044296 seconds, Stopping threads took: 0.0000205 seconds
227.840: [GC (Allocation Failure)  407948K->93582K(1034240K), 0.0038449 secs]
227.844: Total time for which application threads were stopped: 0.0040346 seconds, Stopping threads took: 0.0000275 seconds
227.912: [GC (Allocation Failure)  414094K->93582K(1034240K), 0.0051324 secs]
227.917: Total time for which application threads were stopped: 0.0053041 seconds, Stopping threads took: 0.0000255 seconds
227.985: [GC (Allocation Failure)  414094K->97702K(1034752K), 0.0049043 secs]
227.990: Total time for which application threads were stopped: 0.0050883 seconds, Stopping threads took: 0.0000201 seconds
228.058: [GC (Allocation Failure)  418726K->101704K(1034240K), 0.0044260 secs]
228.062: Total time for which application threads were stopped: 0.0045974 seconds, Stopping threads took: 0.0000200 seconds
228.130: [GC (Allocation Failure)  422728K->101640K(1034752K), 0.0040404 secs]
228.134: Total time for which application threads were stopped: 0.0042007 seconds, Stopping threads took: 0.0000196 seconds
228.202: [GC (Allocation Failure)  423176K->101824K(1021440K), 0.0045036 secs]
228.206: Total time for which application threads were stopped: 0.0046684 seconds, Stopping threads took: 0.0000195 seconds
228.275: [GC (Allocation Failure)  423360K->109666K(1034240K), 0.0037060 secs]
228.279: Total time for which application threads were stopped: 0.0038733 seconds, Stopping threads took: 0.0000210 seconds
228.347: [GC (Allocation Failure)  430178K->109634K(1034240K), 0.0039516 secs]
228.351: Total time for which application threads were stopped: 0.0041226 seconds, Stopping threads took: 0.0000197 seconds
228.418: [GC (Allocation Failure)  430146K->113154K(1034752K), 0.0059353 secs]
228.424: Total time for which application threads were stopped: 0.0061009 seconds, Stopping threads took: 0.0000199 seconds
228.493: [GC (Allocation Failure)  434690K->117701K(1034752K), 0.0039078 secs]
228.497: Total time for which application threads were stopped: 0.0040985 seconds, Stopping threads took: 0.0000197 seconds
228.566: [GC (Allocation Failure)  439237K->117701K(1034752K), 0.0039559 secs]
228.570: Total time for which application threads were stopped: 0.0041238 seconds, Stopping threads took: 0.0000256 seconds
228.636: [GC (Allocation Failure)  439237K->118317K(1034752K), 0.0039643 secs]
228.640: Total time for which application threads were stopped: 0.0041610 seconds, Stopping threads took: 0.0000206 seconds
228.709: [GC (Allocation Failure)  439853K->125775K(1034752K), 0.0040212 secs]
228.714: Total time for which application threads were stopped: 0.0041710 seconds, Stopping threads took: 0.0000175 seconds
228.781: [GC (Allocation Failure)  447311K->125711K(1034752K), 0.0040524 secs]
228.785: Total time for which application threads were stopped: 0.0042413 seconds, Stopping threads took: 0.0000200 seconds
228.852: [GC (Allocation Failure)  447247K->127559K(1034752K), 0.0039612 secs]
228.857: Total time for which application threads were stopped: 0.0041311 seconds, Stopping threads took: 0.0000201 seconds
228.926: [GC (Allocation Failure)  449095K->133865K(1034752K), 0.0039779 secs]
228.930: Total time for which application threads were stopped: 0.0041173 seconds, Stopping threads took: 0.0000176 seconds
228.998: [GC (Allocation Failure)  455401K->133737K(1034752K), 0.0040526 secs]
229.002: Total time for which application threads were stopped: 0.0042223 seconds, Stopping threads took: 0.0000200 seconds
229.067: [GC (Allocation Failure)  455273K->136873K(1034752K), 0.0046211 secs]
229.072: Total time for which application threads were stopped: 0.0047941 seconds, Stopping threads took: 0.0000206 seconds
229.138: [GC (Allocation Failure)  458409K->141867K(1034752K), 0.0038033 secs]
229.142: Total time for which application threads were stopped: 0.0039977 seconds, Stopping threads took: 0.0000206 seconds
229.209: [GC (Allocation Failure)  463403K->141771K(1034752K), 0.0040065 secs]
229.213: Total time for which application threads were stopped: 0.0041559 seconds, Stopping threads took: 0.0000170 seconds
229.278: [GC (Allocation Failure)  463307K->141987K(1033728K), 0.0043421 secs]
229.283: Total time for which application threads were stopped: 0.0045264 seconds, Stopping threads took: 0.0000201 seconds
229.350: [GC (Allocation Failure)  462499K->149798K(1034240K), 0.0041256 secs]
229.354: Total time for which application threads were stopped: 0.0043132 seconds, Stopping threads took: 0.0000203 seconds
229.422: [GC (Allocation Failure)  470310K->149766K(1034240K), 0.0038805 secs]
229.426: Total time for which application threads were stopped: 0.0040601 seconds, Stopping threads took: 0.0000220 seconds
229.492: [GC (Allocation Failure)  470278K->152302K(1034240K), 0.0044611 secs]
229.497: Total time for which application threads were stopped: 0.0046356 seconds, Stopping threads took: 0.0000202 seconds
229.565: [GC (Allocation Failure)  472814K->157872K(1034752K), 0.0037886 secs]
229.569: Total time for which application threads were stopped: 0.0039642 seconds, Stopping threads took: 0.0000261 seconds
229.636: [GC (Allocation Failure)  479408K->157872K(1034752K), 0.0041036 secs]
229.640: Total time for which application threads were stopped: 0.0042966 seconds, Stopping threads took: 0.0000211 seconds
229.708: [GC (Allocation Failure)  479408K->160488K(1034752K), 0.0045128 secs]
229.712: Total time for which application threads were stopped: 0.0046635 seconds, Stopping threads took: 0.0000169 seconds
229.779: [GC (Allocation Failure)  482024K->165898K(1034752K), 0.0040341 secs]
229.783: Total time for which application threads were stopped: 0.0042123 seconds, Stopping threads took: 0.0000208 seconds
229.849: [GC (Allocation Failure)  487434K->165866K(1034752K), 0.0041301 secs]
229.853: Total time for which application threads were stopped: 0.0043094 seconds, Stopping threads took: 0.0000217 seconds
229.920: [GC (Allocation Failure)  487402K->169770K(1034752K), 0.0049426 secs]
229.925: Total time for which application threads were stopped: 0.0051083 seconds, Stopping threads took: 0.0000173 seconds
229.991: [GC (Allocation Failure)  491306K->173997K(1034240K), 0.0040596 secs]
229.995: Total time for which application threads were stopped: 0.0042493 seconds, Stopping threads took: 0.0000203 seconds
230.062: [GC (Allocation Failure)  495533K->173933K(1034752K), 0.0040470 secs]
230.066: Total time for which application threads were stopped: 0.0042198 seconds, Stopping threads took: 0.0000197 seconds
230.132: [GC (Allocation Failure)  495469K->174957K(1034240K), 0.0041686 secs]
230.136: Total time for which application threads were stopped: 0.0043527 seconds, Stopping threads took: 0.0000264 seconds
230.205: [GC (Allocation Failure)  496493K->181967K(1034752K), 0.0038595 secs]
230.209: Total time for which application threads were stopped: 0.0040272 seconds, Stopping threads took: 0.0000199 seconds
230.276: [GC (Allocation Failure)  503503K->181967K(1034752K), 0.0039976 secs]
230.280: Total time for which application threads were stopped: 0.0041865 seconds, Stopping threads took: 0.0000201 seconds
230.346: [GC (Allocation Failure)  503503K->184199K(1034752K), 0.0043798 secs]
230.350: Total time for which application threads were stopped: 0.0045791 seconds, Stopping threads took: 0.0000214 seconds
230.421: [GC (Allocation Failure)  505735K->189993K(1034752K), 0.0040881 secs]
230.425: Total time for which application threads were stopped: 0.0042389 seconds, Stopping threads took: 0.0000173 seconds
230.492: [GC (Allocation Failure)  511529K->189993K(1034752K), 0.0039086 secs]
230.496: Total time for which application threads were stopped: 0.0040916 seconds, Stopping threads took: 0.0000198 seconds
230.563: [GC (Allocation Failure)  511529K->193449K(1035264K), 0.0047062 secs]
230.568: Total time for which application threads were stopped: 0.0048837 seconds, Stopping threads took: 0.0000261 seconds
230.637: [GC (Allocation Failure)  515497K->197995K(1034752K), 0.0040286 secs]
230.641: Total time for which application threads were stopped: 0.0041931 seconds, Stopping threads took: 0.0000266 seconds
230.709: [GC (Allocation Failure)  520043K->198027K(1035264K), 0.0038873 secs]
230.713: Total time for which application threads were stopped: 0.0040574 seconds, Stopping threads took: 0.0000201 seconds
230.780: [GC (Allocation Failure)  520075K->200171K(1034752K), 0.0043724 secs]
230.784: Total time for which application threads were stopped: 0.0045551 seconds, Stopping threads took: 0.0000219 seconds
230.852: [GC (Allocation Failure)  522219K->206062K(1034752K), 0.0038458 secs]
230.856: Total time for which application threads were stopped: 0.0040091 seconds, Stopping threads took: 0.0000202 seconds
230.925: [GC (Allocation Failure)  527598K->206030K(1034752K), 0.0041453 secs]
230.929: Total time for which application threads were stopped: 0.0043084 seconds, Stopping threads took: 0.0000157 seconds
230.995: [GC (Allocation Failure)  527566K->209926K(1035264K), 0.0050506 secs]
231.001: Total time for which application threads were stopped: 0.0052033 seconds, Stopping threads took: 0.0000171 seconds
231.069: [GC (Allocation Failure)  531974K->214152K(1034752K), 0.0040085 secs]
231.073: Total time for which application threads were stopped: 0.0042136 seconds, Stopping threads took: 0.0000285 seconds
231.141: [GC (Allocation Failure)  536200K->214056K(1035264K), 0.0041235 secs]
231.145: Total time for which application threads were stopped: 0.0042969 seconds, Stopping threads took: 0.0000205 seconds
231.212: [GC (Allocation Failure)  536616K->217128K(1035264K), 0.0044933 secs]
231.217: Total time for which application threads were stopped: 0.0046602 seconds, Stopping threads took: 0.0000210 seconds
231.285: [GC (Allocation Failure)  539688K->222122K(1035264K), 0.0042127 secs]
231.289: Total time for which application threads were stopped: 0.0043755 seconds, Stopping threads took: 0.0000201 seconds
231.357: [GC (Allocation Failure)  544682K->222122K(1035264K), 0.0040012 secs]
231.362: Total time for which application threads were stopped: 0.0041694 seconds, Stopping threads took: 0.0000214 seconds
231.429: [GC (Allocation Failure)  544682K->217320K(1035264K), 0.0022819 secs]
231.431: Total time for which application threads were stopped: 0.0024417 seconds, Stopping threads took: 0.0000194 seconds
231.499: [GC (Allocation Failure)  539880K->222314K(1035264K), 0.0040572 secs]
231.503: Total time for which application threads were stopped: 0.0042320 seconds, Stopping threads took: 0.0000201 seconds
231.574: [GC (Allocation Failure)  544874K->222090K(1035264K), 0.0038839 secs]
231.578: Total time for which application threads were stopped: 0.0040537 seconds, Stopping threads took: 0.0000281 seconds
231.646: [GC (Allocation Failure)  544650K->221608K(1035264K), 0.0037478 secs]
231.649: Total time for which application threads were stopped: 0.0039184 seconds, Stopping threads took: 0.0000276 seconds
231.719: [GC (Allocation Failure)  544168K->222250K(1035776K), 0.0038407 secs]
231.723: Total time for which application threads were stopped: 0.0040184 seconds, Stopping threads took: 0.0000203 seconds
231.792: [GC (Allocation Failure)  545834K->222090K(1035776K), 0.0040021 secs]
231.796: Total time for which application threads were stopped: 0.0041745 seconds, Stopping threads took: 0.0000206 seconds
231.862: [GC (Allocation Failure)  545674K->227912K(1031680K), 0.0067414 secs]
231.869: Total time for which application threads were stopped: 0.0069169 seconds, Stopping threads took: 0.0000208 seconds
231.937: [GC (Allocation Failure)  547400K->223338K(1033728K), 0.0042089 secs]
231.942: Total time for which application threads were stopped: 0.0043712 seconds, Stopping threads took: 0.0000202 seconds
232.010: [GC (Allocation Failure)  542826K->223210K(1034752K), 0.0039654 secs]
232.014: Total time for which application threads were stopped: 0.0041330 seconds, Stopping threads took: 0.0000214 seconds
232.083: [GC (Allocation Failure)  544234K->225672K(1034240K), 0.0050204 secs]
232.088: Total time for which application threads were stopped: 0.0051887 seconds, Stopping threads took: 0.0000194 seconds
232.156: [GC (Allocation Failure)  546696K->223274K(1034752K), 0.0039374 secs]
232.160: Total time for which application threads were stopped: 0.0041066 seconds, Stopping threads took: 0.0000195 seconds
232.227: [GC (Allocation Failure)  544298K->223178K(1034240K), 0.0042065 secs]
232.231: Total time for which application threads were stopped: 0.0043792 seconds, Stopping threads took: 0.0000209 seconds
232.298: [GC (Allocation Failure)  544202K->225384K(1035264K), 0.0049081 secs]
232.303: Total time for which application threads were stopped: 0.0050803 seconds, Stopping threads took: 0.0000204 seconds
232.370: [GC (Allocation Failure)  547944K->223210K(1035264K), 0.0039243 secs]
232.374: Total time for which application threads were stopped: 0.0040973 seconds, Stopping threads took: 0.0000200 seconds
232.442: [GC (Allocation Failure)  545770K->223146K(1035776K), 0.0040240 secs]
232.447: Total time for which application threads were stopped: 0.0042029 seconds, Stopping threads took: 0.0000204 seconds
232.514: [GC (Allocation Failure)  546730K->230648K(1035776K), 0.0076049 secs]
232.522: Total time for which application threads were stopped: 0.0077831 seconds, Stopping threads took: 0.0000276 seconds
232.592: [GC (Allocation Failure)  554232K->226170K(1032704K), 0.0041964 secs]
232.596: Total time for which application threads were stopped: 0.0043831 seconds, Stopping threads took: 0.0000268 seconds
232.664: [GC (Allocation Failure)  546682K->225946K(1034240K), 0.0039002 secs]
232.668: Total time for which application threads were stopped: 0.0040952 seconds, Stopping threads took: 0.0000196 seconds
232.737: [GC (Allocation Failure)  546458K->218232K(1032704K), 0.0009568 secs]
232.738: Total time for which application threads were stopped: 0.0010684 seconds, Stopping threads took: 0.0000170 seconds
232.806: [GC (Allocation Failure)  537720K->226114K(1033728K), 0.0064947 secs]
232.813: Total time for which application threads were stopped: 0.0066844 seconds, Stopping threads took: 0.0000220 seconds
232.880: [GC (Allocation Failure)  545602K->230098K(1034752K), 0.0053705 secs]
232.885: Total time for which application threads were stopped: 0.0055474 seconds, Stopping threads took: 0.0000217 seconds
232.953: [GC (Allocation Failure)  551122K->235440K(1034240K), 0.0062612 secs]
232.959: Total time for which application threads were stopped: 0.0064312 seconds, Stopping threads took: 0.0000192 seconds
233.027: [GC (Allocation Failure)  556464K->230162K(1033216K), 0.0042407 secs]
233.031: Total time for which application threads were stopped: 0.0044120 seconds, Stopping threads took: 0.0000196 seconds
233.099: [GC (Allocation Failure)  549650K->230066K(1033728K), 0.0040677 secs]
233.103: Total time for which application threads were stopped: 0.0042653 seconds, Stopping threads took: 0.0000267 seconds
233.169: [GC (Allocation Failure)  549554K->232016K(1034240K), 0.0048950 secs]
233.174: Total time for which application threads were stopped: 0.0050645 seconds, Stopping threads took: 0.0000195 seconds
233.242: [GC (Allocation Failure)  552528K->230162K(1034240K), 0.0041027 secs]
233.246: Total time for which application threads were stopped: 0.0042719 seconds, Stopping threads took: 0.0000196 seconds
233.315: [GC (Allocation Failure)  550674K->230066K(1035264K), 0.0039145 secs]
233.319: Total time for which application threads were stopped: 0.0040847 seconds, Stopping threads took: 0.0000199 seconds
233.385: [GC (Allocation Failure)  552114K->231728K(1034752K), 0.0048228 secs]
233.390: Total time for which application threads were stopped: 0.0049906 seconds, Stopping threads took: 0.0000196 seconds
233.458: [GC (Allocation Failure)  553776K->230130K(1035776K), 0.0039877 secs]
233.462: Total time for which application threads were stopped: 0.0041674 seconds, Stopping threads took: 0.0000199 seconds
233.532: [GC (Allocation Failure)  553202K->230066K(1035264K), 0.0043112 secs]
233.536: Total time for which application threads were stopped: 0.0044815 seconds, Stopping threads took: 0.0000206 seconds
233.602: [GC (Allocation Failure)  553138K->236488K(1032704K), 0.0071585 secs]
233.609: Total time for which application threads were stopped: 0.0073345 seconds, Stopping threads took: 0.0000203 seconds
233.676: [GC (Allocation Failure)  557000K->232010K(1034240K), 0.0042854 secs]
233.681: Total time for which application threads were stopped: 0.0044730 seconds, Stopping threads took: 0.0000372 seconds
233.748: [GC (Allocation Failure)  552522K->231754K(1034752K), 0.0042046 secs]
233.752: Total time for which application threads were stopped: 0.0043764 seconds, Stopping threads took: 0.0000204 seconds
233.818: [GC (Allocation Failure)  553290K->237416K(1034752K), 0.0065307 secs]
233.824: Total time for which application threads were stopped: 0.0067027 seconds, Stopping threads took: 0.0000219 seconds
233.890: [GC (Allocation Failure)  558952K->231946K(1032704K), 0.0043966 secs]
233.895: Total time for which application threads were stopped: 0.0045687 seconds, Stopping threads took: 0.0000203 seconds
233.963: [GC (Allocation Failure)  551434K->231722K(1033728K), 0.0042808 secs]
233.967: Total time for which application threads were stopped: 0.0044520 seconds, Stopping threads took: 0.0000196 seconds
234.036: [GC (Allocation Failure)  551210K->234504K(1034240K), 0.0051883 secs]
234.042: Total time for which application threads were stopped: 0.0053518 seconds, Stopping threads took: 0.0000191 seconds
234.110: [GC (Allocation Failure)  555016K->231882K(1034240K), 0.0041978 secs]
234.114: Total time for which application threads were stopped: 0.0043883 seconds, Stopping threads took: 0.0000195 seconds
234.184: [GC (Allocation Failure)  552394K->231754K(1034752K), 0.0038973 secs]
234.188: Total time for which application threads were stopped: 0.0040748 seconds, Stopping threads took: 0.0000196 seconds
234.254: [GC (Allocation Failure)  552778K->233160K(1034240K), 0.0046148 secs]
234.259: Total time for which application threads were stopped: 0.0048061 seconds, Stopping threads took: 0.0000216 seconds
234.326: [GC (Allocation Failure)  554184K->231818K(1035264K), 0.0040293 secs]
234.330: Total time for which application threads were stopped: 0.0042203 seconds, Stopping threads took: 0.0000192 seconds
234.399: [GC (Allocation Failure)  553866K->231754K(1034752K), 0.0041483 secs]
234.403: Total time for which application threads were stopped: 0.0043150 seconds, Stopping threads took: 0.0000178 seconds
234.471: [GC (Allocation Failure)  553802K->234952K(1034240K), 0.0054452 secs]
234.476: Total time for which application threads were stopped: 0.0056149 seconds, Stopping threads took: 0.0000197 seconds
234.545: [GC (Allocation Failure)  556488K->231754K(1034752K), 0.0041573 secs]
234.549: Total time for which application threads were stopped: 0.0043320 seconds, Stopping threads took: 0.0000263 seconds
234.615: [GC (Allocation Failure)  553290K->231754K(1035264K), 0.0042387 secs]
234.620: Total time for which application threads were stopped: 0.0044374 seconds, Stopping threads took: 0.0000216 seconds
234.690: [GC (Allocation Failure)  554314K->237136K(1035264K), 0.0064064 secs]
234.696: Total time for which application threads were stopped: 0.0065702 seconds, Stopping threads took: 0.0000162 seconds
234.765: [GC (Allocation Failure)  559696K->232082K(1033216K), 0.0040969 secs]
234.769: Total time for which application threads were stopped: 0.0042683 seconds, Stopping threads took: 0.0000195 seconds
234.836: [GC (Allocation Failure)  552594K->231858K(1034240K), 0.0039780 secs]
234.840: Total time for which application threads were stopped: 0.0041521 seconds, Stopping threads took: 0.0000211 seconds
234.908: [GC (Allocation Failure)  552370K->237488K(1031680K), 0.0093064 secs]
234.917: Total time for which application threads were stopped: 0.0095211 seconds, Stopping threads took: 0.0000264 seconds
234.982: [GC (Allocation Failure)  555952K->232050K(1033216K), 0.0041458 secs]
234.987: Total time for which application threads were stopped: 0.0043093 seconds, Stopping threads took: 0.0000205 seconds
235.053: [GC (Allocation Failure)  550514K->231858K(1034240K), 0.0041755 secs]
235.057: Total time for which application threads were stopped: 0.0043467 seconds, Stopping threads took: 0.0000279 seconds
235.124: [GC (Allocation Failure)  551858K->231056K(1033728K), 0.0054195 secs]
235.130: Total time for which application threads were stopped: 0.0055771 seconds, Stopping threads took: 0.0000170 seconds
235.197: [GC (Allocation Failure)  551056K->231986K(1034240K), 0.0042443 secs]
235.201: Total time for which application threads were stopped: 0.0044154 seconds, Stopping threads took: 0.0000215 seconds
235.269: [GC (Allocation Failure)  552498K->231890K(1034240K), 0.0042114 secs]
235.273: Total time for which application threads were stopped: 0.0043771 seconds, Stopping threads took: 0.0000210 seconds
235.340: [GC (Allocation Failure)  552402K->228688K(1034752K), 0.0027769 secs]
235.343: Total time for which application threads were stopped: 0.0029365 seconds, Stopping threads took: 0.0000211 seconds
235.414: [GC (Allocation Failure)  550224K->231954K(1034752K), 0.0042193 secs]
235.418: Total time for which application threads were stopped: 0.0043845 seconds, Stopping threads took: 0.0000203 seconds
235.486: [GC (Allocation Failure)  553490K->231890K(1035264K), 0.0042760 secs]
235.490: Total time for which application threads were stopped: 0.0044765 seconds, Stopping threads took: 0.0000205 seconds
235.559: [GC (Allocation Failure)  554450K->230960K(1035264K), 0.0037461 secs]
235.563: Total time for which application threads were stopped: 0.0039129 seconds, Stopping threads took: 0.0000273 seconds
235.631: [GC (Allocation Failure)  553520K->232146K(1036288K), 0.0039794 secs]
235.635: Total time for which application threads were stopped: 0.0041583 seconds, Stopping threads took: 0.0000203 seconds
235.703: [GC (Allocation Failure)  556242K->231922K(1035776K), 0.0042234 secs]
235.708: Total time for which application threads were stopped: 0.0043944 seconds, Stopping threads took: 0.0000203 seconds
235.775: [GC (Allocation Failure)  556018K->238280K(1033216K), 0.0068934 secs]
235.782: Total time for which application threads were stopped: 0.0070708 seconds, Stopping threads took: 0.0000266 seconds
235.850: [GC (Allocation Failure)  559816K->234250K(1034752K), 0.0040310 secs]
235.854: Total time for which application threads were stopped: 0.0042022 seconds, Stopping threads took: 0.0000203 seconds
235.923: [GC (Allocation Failure)  555786K->234090K(1035264K), 0.0039353 secs]
235.927: Total time for which application threads were stopped: 0.0041297 seconds, Stopping threads took: 0.0000203 seconds
235.994: [GC (Allocation Failure)  556138K->242184K(1034752K), 0.0076479 secs]
236.002: Total time for which application threads were stopped: 0.0078023 seconds, Stopping threads took: 0.0000163 seconds
236.070: [GC (Allocation Failure)  564232K->237034K(1031680K), 0.0042286 secs]
236.074: Total time for which application threads were stopped: 0.0043976 seconds, Stopping threads took: 0.0000276 seconds
236.143: [GC (Allocation Failure)  555498K->236970K(1033216K), 0.0039744 secs]
236.147: Total time for which application threads were stopped: 0.0041459 seconds, Stopping threads took: 0.0000282 seconds
236.212: [GC (Allocation Failure)  555434K->240680K(1032704K), 0.0055737 secs]
236.218: Total time for which application threads were stopped: 0.0057522 seconds, Stopping threads took: 0.0000182 seconds
236.283: [GC (Allocation Failure)  559144K->237034K(1033216K), 0.0041310 secs]
236.288: Total time for which application threads were stopped: 0.0043272 seconds, Stopping threads took: 0.0000202 seconds
236.355: [GC (Allocation Failure)  555498K->236938K(1033728K), 0.0044174 secs]
236.360: Total time for which application threads were stopped: 0.0045638 seconds, Stopping threads took: 0.0000192 seconds
236.428: [GC (Allocation Failure)  556426K->233768K(1033728K), 0.0029048 secs]
236.431: Total time for which application threads were stopped: 0.0030983 seconds, Stopping threads took: 0.0000170 seconds
236.500: [GC (Allocation Failure)  553256K->237194K(1034240K), 0.0043736 secs]
236.504: Total time for which application threads were stopped: 0.0045500 seconds, Stopping threads took: 0.0000202 seconds
236.572: [GC (Allocation Failure)  557194K->236906K(1033728K), 0.0040521 secs]
236.576: Total time for which application threads were stopped: 0.0042140 seconds, Stopping threads took: 0.0000197 seconds
236.642: [GC (Allocation Failure)  556906K->229832K(1032704K), 0.0012806 secs]
236.643: Total time for which application threads were stopped: 0.0014233 seconds, Stopping threads took: 0.0000253 seconds
236.712: [GC (Allocation Failure)  549320K->237130K(1033728K), 0.0041416 secs]
236.716: Total time for which application threads were stopped: 0.0043277 seconds, Stopping threads took: 0.0000202 seconds
236.783: [GC (Allocation Failure)  556618K->236906K(1034752K), 0.0040589 secs]
236.787: Total time for which application threads were stopped: 0.0042461 seconds, Stopping threads took: 0.0000203 seconds
236.853: [GC (Allocation Failure)  557930K->238602K(1034240K), 0.0043464 secs]
236.857: Total time for which application threads were stopped: 0.0045195 seconds, Stopping threads took: 0.0000219 seconds
236.927: [GC (Allocation Failure)  559626K->245100K(1034752K), 0.0042034 secs]
236.932: Total time for which application threads were stopped: 0.0043655 seconds, Stopping threads took: 0.0000202 seconds
237.000: [GC (Allocation Failure)  566124K->245004K(1034240K), 0.0041454 secs]
237.005: Total time for which application threads were stopped: 0.0043063 seconds, Stopping threads took: 0.0000200 seconds
237.070: [GC (Allocation Failure)  566028K->246284K(1034240K), 0.0042106 secs]
237.075: Total time for which application threads were stopped: 0.0043785 seconds, Stopping threads took: 0.0000264 seconds
237.143: [GC (Allocation Failure)  567820K->253071K(1034752K), 0.0040776 secs]
237.147: Total time for which application threads were stopped: 0.0042685 seconds, Stopping threads took: 0.0000199 seconds
237.215: [GC (Allocation Failure)  574607K->253007K(1035264K), 0.0042404 secs]
237.220: Total time for which application threads were stopped: 0.0044324 seconds, Stopping threads took: 0.0000199 seconds
237.288: [GC (Allocation Failure)  575055K->256071K(1034752K), 0.0047254 secs]
237.293: Total time for which application threads were stopped: 0.0048781 seconds, Stopping threads took: 0.0000168 seconds
237.361: [GC (Allocation Failure)  578119K->261065K(1035264K), 0.0039930 secs]
237.365: Total time for which application threads were stopped: 0.0041884 seconds, Stopping threads took: 0.0000211 seconds
237.435: [GC (Allocation Failure)  583625K->261033K(1035264K), 0.0041848 secs]
237.439: Total time for which application threads were stopped: 0.0043455 seconds, Stopping threads took: 0.0000197 seconds
237.506: [GC (Allocation Failure)  583593K->255719K(1035264K), 0.0021928 secs]
237.508: Total time for which application threads were stopped: 0.0023414 seconds, Stopping threads took: 0.0000190 seconds
237.577: [GC (Allocation Failure)  578279K->261289K(1035264K), 0.0040827 secs]
237.581: Total time for which application threads were stopped: 0.0042844 seconds, Stopping threads took: 0.0000200 seconds
237.651: [GC (Allocation Failure)  583849K->261033K(1035264K), 0.0039530 secs]
237.655: Total time for which application threads were stopped: 0.0041193 seconds, Stopping threads took: 0.0000174 seconds
237.724: [GC (Allocation Failure)  583593K->260039K(1035264K), 0.0038968 secs]
237.728: Total time for which application threads were stopped: 0.0040636 seconds, Stopping threads took: 0.0000198 seconds
237.795: [GC (Allocation Failure)  582599K->261193K(1035776K), 0.0042080 secs]
237.799: Total time for which application threads were stopped: 0.0043694 seconds, Stopping threads took: 0.0000202 seconds
237.866: [GC (Allocation Failure)  584777K->261033K(1035776K), 0.0040105 secs]
237.871: Total time for which application threads were stopped: 0.0041791 seconds, Stopping threads took: 0.0000203 seconds
237.937: [GC (Allocation Failure)  584617K->266343K(1032192K), 0.0064930 secs]
237.944: Total time for which application threads were stopped: 0.0066880 seconds, Stopping threads took: 0.0000197 seconds
238.013: [GC (Allocation Failure)  586855K->262249K(1034240K), 0.0043383 secs]
238.017: Total time for which application threads were stopped: 0.0044870 seconds, Stopping threads took: 0.0000168 seconds
238.085: [GC (Allocation Failure)  582761K->262121K(1035264K), 0.0040231 secs]
238.089: Total time for which application threads were stopped: 0.0042272 seconds, Stopping threads took: 0.0000208 seconds
238.159: [GC (Allocation Failure)  584169K->267143K(1034752K), 0.0062271 secs]
238.165: Total time for which application threads were stopped: 0.0064082 seconds, Stopping threads took: 0.0000169 seconds
238.234: [GC (Allocation Failure)  589191K->262185K(1033728K), 0.0043930 secs]
238.239: Total time for which application threads were stopped: 0.0045681 seconds, Stopping threads took: 0.0000200 seconds
238.307: [GC (Allocation Failure)  582697K->262121K(1034240K), 0.0041077 secs]
238.311: Total time for which application threads were stopped: 0.0042796 seconds, Stopping threads took: 0.0000199 seconds
238.379: [GC (Allocation Failure)  582633K->266887K(1032704K), 0.0060479 secs]
238.386: Total time for which application threads were stopped: 0.0062805 seconds, Stopping threads took: 0.0000199 seconds
238.452: [GC (Allocation Failure)  586375K->262121K(1033728K), 0.0043755 secs]
238.457: Total time for which application threads were stopped: 0.0045462 seconds, Stopping threads took: 0.0000203 seconds
238.523: [GC (Allocation Failure)  581609K->262121K(1034752K), 0.0055822 secs]
238.529: Total time for which application threads were stopped: 0.0057634 seconds, Stopping threads took: 0.0000192 seconds
238.596: [GC (Allocation Failure)  583145K->263495K(1034240K), 0.0047114 secs]
238.601: Total time for which application threads were stopped: 0.0048908 seconds, Stopping threads took: 0.0000300 seconds
238.669: [GC (Allocation Failure)  584519K->262377K(1035264K), 0.0040563 secs]
238.673: Total time for which application threads were stopped: 0.0042347 seconds, Stopping threads took: 0.0000194 seconds
238.742: [GC (Allocation Failure)  584425K->262153K(1034752K), 0.0043238 secs]
238.747: Total time for which application threads were stopped: 0.0044947 seconds, Stopping threads took: 0.0000203 seconds
238.814: [GC (Allocation Failure)  584201K->265223K(1034752K), 0.0052800 secs]
238.820: Total time for which application threads were stopped: 0.0054491 seconds, Stopping threads took: 0.0000189 seconds
238.887: [GC (Allocation Failure)  587783K->262313K(1035264K), 0.0041817 secs]
238.892: Total time for which application threads were stopped: 0.0043545 seconds, Stopping threads took: 0.0000199 seconds
238.960: [GC (Allocation Failure)  584873K->262153K(1035776K), 0.0040640 secs]
238.964: Total time for which application threads were stopped: 0.0042303 seconds, Stopping threads took: 0.0000206 seconds
239.032: [GC (Allocation Failure)  585225K->269991K(1035264K), 0.0078801 secs]
239.040: Total time for which application threads were stopped: 0.0080475 seconds, Stopping threads took: 0.0000194 seconds
239.110: [GC (Allocation Failure)  593063K->265353K(1032192K), 0.0041298 secs]
239.114: Total time for which application threads were stopped: 0.0043103 seconds, Stopping threads took: 0.0000267 seconds
239.183: [GC (Allocation Failure)  584841K->265257K(1033728K), 0.0041980 secs]
239.188: Total time for which application threads were stopped: 0.0043703 seconds, Stopping threads took: 0.0000205 seconds
239.256: [GC (Allocation Failure)  584745K->271783K(1031168K), 0.0069352 secs]
239.263: Total time for which application threads were stopped: 0.0071532 seconds, Stopping threads took: 0.0000213 seconds
239.331: [GC (Allocation Failure)  589223K->265577K(1032704K), 0.0040170 secs]
239.335: Total time for which application threads were stopped: 0.0041832 seconds, Stopping threads took: 0.0000207 seconds
239.402: [GC (Allocation Failure)  583017K->265513K(1033216K), 0.0041609 secs]
239.406: Total time for which application threads were stopped: 0.0043585 seconds, Stopping threads took: 0.0000216 seconds
239.474: [GC (Allocation Failure)  583465K->261511K(1032704K), 0.0026139 secs]
239.477: Total time for which application threads were stopped: 0.0027800 seconds, Stopping threads took: 0.0000194 seconds
239.543: [GC (Allocation Failure)  579463K->265545K(1033216K), 0.0040545 secs]
239.548: Total time for which application threads were stopped: 0.0042209 seconds, Stopping threads took: 0.0000256 seconds
239.615: [GC (Allocation Failure)  583497K->265545K(1032704K), 0.0041913 secs]
239.620: Total time for which application threads were stopped: 0.0043846 seconds, Stopping threads took: 0.0000199 seconds
239.686: [GC (Allocation Failure)  583497K->268265K(1032704K), 0.0046808 secs]
239.691: Total time for which application threads were stopped: 0.0048441 seconds, Stopping threads took: 0.0000197 seconds
239.758: [GC (Allocation Failure)  586729K->273579K(1033216K), 0.0040409 secs]
239.762: Total time for which application threads were stopped: 0.0041999 seconds, Stopping threads took: 0.0000196 seconds
239.831: [GC (Allocation Failure)  592043K->273547K(1034752K), 0.0057896 secs]
239.836: Total time for which application threads were stopped: 0.0059615 seconds, Stopping threads took: 0.0000197 seconds
239.904: [GC (Allocation Failure)  594571K->274947K(1034240K), 0.0053615 secs]
239.910: Total time for which application threads were stopped: 0.0055886 seconds, Stopping threads took: 0.0000270 seconds
239.977: [GC (Allocation Failure)  595971K->281573K(1034752K), 0.0043818 secs]
239.982: Total time for which application threads were stopped: 0.0045515 seconds, Stopping threads took: 0.0000207 seconds
240.049: [GC (Allocation Failure)  602597K->281573K(1034240K), 0.0040641 secs]
240.053: Total time for which application threads were stopped: 0.0042224 seconds, Stopping threads took: 0.0000260 seconds
240.120: [GC (Allocation Failure)  602597K->282661K(1033728K), 0.0044328 secs]
240.125: Total time for which application threads were stopped: 0.0046039 seconds, Stopping threads took: 0.0000194 seconds
240.193: [GC (Allocation Failure)  603173K->289736K(1034240K), 0.0042261 secs]
240.197: Total time for which application threads were stopped: 0.0043779 seconds, Stopping threads took: 0.0000180 seconds
240.265: [GC (Allocation Failure)  610248K->289576K(1034752K), 0.0041176 secs]
240.270: Total time for which application threads were stopped: 0.0042893 seconds, Stopping threads took: 0.0000198 seconds
240.339: [GC (Allocation Failure)  611112K->289864K(1021440K), 0.0041449 secs]
240.343: Total time for which application threads were stopped: 0.0043193 seconds, Stopping threads took: 0.0000201 seconds
240.409: [GC (Allocation Failure)  611400K->297706K(1034752K), 0.0042791 secs]
240.414: Total time for which application threads were stopped: 0.0044490 seconds, Stopping threads took: 0.0000207 seconds
240.482: [GC (Allocation Failure)  618730K->297642K(1034240K), 0.0041947 secs]
240.486: Total time for which application threads were stopped: 0.0043659 seconds, Stopping threads took: 0.0000203 seconds
240.554: [GC (Allocation Failure)  618666K->298090K(1033728K), 0.0043182 secs]
240.558: Total time for which application threads were stopped: 0.0044946 seconds, Stopping threads took: 0.0000264 seconds
240.626: [GC (Allocation Failure)  618602K->305676K(1034240K), 0.0044108 secs]
240.630: Total time for which application threads were stopped: 0.0045841 seconds, Stopping threads took: 0.0000207 seconds
240.698: [GC (Allocation Failure)  626188K->305676K(1034752K), 0.0043186 secs]
240.703: Total time for which application threads were stopped: 0.0044909 seconds, Stopping threads took: 0.0000204 seconds
240.771: [GC (Allocation Failure)  626700K->308908K(1034240K), 0.0057625 secs]
240.777: Total time for which application threads were stopped: 0.0059322 seconds, Stopping threads took: 0.0000283 seconds
240.848: [GC (Allocation Failure)  629932K->313711K(1034752K), 0.0041252 secs]
240.852: Total time for which application threads were stopped: 0.0042950 seconds, Stopping threads took: 0.0000201 seconds
240.921: [GC (Allocation Failure)  635247K->313743K(1034752K), 0.0042998 secs]
240.926: Total time for which application threads were stopped: 0.0044573 seconds, Stopping threads took: 0.0000167 seconds
240.991: [GC (Allocation Failure)  635279K->317639K(1035264K), 0.0052285 secs]
240.997: Total time for which application threads were stopped: 0.0053961 seconds, Stopping threads took: 0.0000272 seconds
241.064: [GC (Allocation Failure)  639687K->321769K(1034752K), 0.0043834 secs]
241.069: Total time for which application threads were stopped: 0.0045617 seconds, Stopping threads took: 0.0000287 seconds
241.136: [GC (Allocation Failure)  643817K->321737K(1035264K), 0.0043485 secs]
241.141: Total time for which application threads were stopped: 0.0045157 seconds, Stopping threads took: 0.0000201 seconds
241.207: [GC (Allocation Failure)  644297K->324873K(1035264K), 0.0048079 secs]
241.212: Total time for which application threads were stopped: 0.0049651 seconds, Stopping threads took: 0.0000194 seconds
241.279: [GC (Allocation Failure)  647433K->329867K(1035264K), 0.0044961 secs]
241.284: Total time for which application threads were stopped: 0.0046748 seconds, Stopping threads took: 0.0000196 seconds
241.352: [GC (Allocation Failure)  652427K->329803K(1035264K), 0.0042066 secs]
241.357: Total time for which application threads were stopped: 0.0044152 seconds, Stopping threads took: 0.0000384 seconds
241.423: [GC (Allocation Failure)  652363K->333067K(1035264K), 0.0049994 secs]
241.428: Total time for which application threads were stopped: 0.0051828 seconds, Stopping threads took: 0.0000204 seconds
241.496: [GC (Allocation Failure)  655627K->337805K(1035264K), 0.0050113 secs]
241.501: Total time for which application threads were stopped: 0.0052055 seconds, Stopping threads took: 0.0000266 seconds
241.572: [GC (Allocation Failure)  660365K->337773K(1035264K), 0.0042985 secs]
241.576: Total time for which application threads were stopped: 0.0044769 seconds, Stopping threads took: 0.0000283 seconds
241.644: [GC (Allocation Failure)  660333K->341349K(1035264K), 0.0051636 secs]
241.649: Total time for which application threads were stopped: 0.0053449 seconds, Stopping threads took: 0.0000199 seconds
241.717: [GC (Allocation Failure)  663909K->346088K(1034752K), 0.0041787 secs]
241.721: Total time for which application threads were stopped: 0.0043559 seconds, Stopping threads took: 0.0000204 seconds
241.791: [GC (Allocation Failure)  668648K->345832K(1035264K), 0.0044040 secs]
241.795: Total time for which application threads were stopped: 0.0045680 seconds, Stopping threads took: 0.0000199 seconds
241.862: [GC (Allocation Failure)  668392K->341509K(1035776K), 0.0027330 secs]
241.865: Total time for which application threads were stopped: 0.0029000 seconds, Stopping threads took: 0.0000191 seconds
241.934: [GC (Allocation Failure)  665093K->346024K(1035776K), 0.0042997 secs]
241.939: Total time for which application threads were stopped: 0.0044694 seconds, Stopping threads took: 0.0000199 seconds
242.005: [GC (Allocation Failure)  669608K->345832K(1035776K), 0.0044857 secs]
242.010: Total time for which application threads were stopped: 0.0046648 seconds, Stopping threads took: 0.0000201 seconds
242.078: [GC (Allocation Failure)  669416K->348869K(1034240K), 0.0055569 secs]
242.083: Total time for which application threads were stopped: 0.0057236 seconds, Stopping threads took: 0.0000264 seconds
242.151: [GC (Allocation Failure)  672453K->345992K(1034752K), 0.0042413 secs]
242.156: Total time for which application threads were stopped: 0.0044122 seconds, Stopping threads took: 0.0000208 seconds
242.225: [GC (Allocation Failure)  667528K->345832K(1034752K), 0.0043121 secs]
242.230: Total time for which application threads were stopped: 0.0044685 seconds, Stopping threads took: 0.0000201 seconds
242.296: [GC (Allocation Failure)  667368K->352109K(1031168K), 0.0072178 secs]
242.303: Total time for which application threads were stopped: 0.0073950 seconds, Stopping threads took: 0.0000274 seconds
242.371: [GC (Allocation Failure)  670573K->346960K(1033216K), 0.0046771 secs]
242.376: Total time for which application threads were stopped: 0.0048821 seconds, Stopping threads took: 0.0000203 seconds
242.444: [GC (Allocation Failure)  665424K->346864K(1034752K), 0.0041941 secs]
242.448: Total time for which application threads were stopped: 0.0043728 seconds, Stopping threads took: 0.0000198 seconds
242.514: [GC (Allocation Failure)  667376K->347245K(1033728K), 0.0044124 secs]
242.519: Total time for which application threads were stopped: 0.0045867 seconds, Stopping threads took: 0.0000218 seconds
242.586: [GC (Allocation Failure)  667757K->346864K(1035264K), 0.0040062 secs]
242.591: Total time for which application threads were stopped: 0.0041872 seconds, Stopping threads took: 0.0000281 seconds
242.659: [GC (Allocation Failure)  668912K->346864K(1034752K), 0.0057613 secs]
242.664: Total time for which application threads were stopped: 0.0059336 seconds, Stopping threads took: 0.0000206 seconds
242.732: [GC (Allocation Failure)  668912K->348493K(1035776K), 0.0050088 secs]
242.737: Total time for which application threads were stopped: 0.0051785 seconds, Stopping threads took: 0.0000271 seconds
242.805: [GC (Allocation Failure)  672077K->347088K(1035776K), 0.0044212 secs]
242.810: Total time for which application threads were stopped: 0.0046048 seconds, Stopping threads took: 0.0000207 seconds
242.878: [GC (Allocation Failure)  670672K->346896K(1036288K), 0.0043112 secs]
242.883: Total time for which application threads were stopped: 0.0044825 seconds, Stopping threads took: 0.0000199 seconds
242.952: [GC (Allocation Failure)  671504K->340461K(1026048K), 0.0017573 secs]
242.954: Total time for which application threads were stopped: 0.0019047 seconds, Stopping threads took: 0.0000203 seconds
243.020: [GC (Allocation Failure)  665069K->347104K(1036288K), 0.0041678 secs]
243.025: Total time for which application threads were stopped: 0.0043264 seconds, Stopping threads took: 0.0000204 seconds
243.093: [GC (Allocation Failure)  671200K->351048K(1035776K), 0.0050919 secs]
243.099: Total time for which application threads were stopped: 0.0052621 seconds, Stopping threads took: 0.0000198 seconds
243.168: [GC (Allocation Failure)  675144K->351048K(1036800K), 0.0041853 secs]
243.172: Total time for which application threads were stopped: 0.0043451 seconds, Stopping threads took: 0.0000199 seconds
243.239: [GC (Allocation Failure)  676168K->351176K(1025024K), 0.0043900 secs]
243.244: Total time for which application threads were stopped: 0.0045709 seconds, Stopping threads took: 0.0000287 seconds
243.313: [GC (Allocation Failure)  676296K->359082K(1035776K), 0.0042746 secs]
243.317: Total time for which application threads were stopped: 0.0044364 seconds, Stopping threads took: 0.0000203 seconds
243.386: [GC (Allocation Failure)  682666K->359050K(1035776K), 0.0045001 secs]
243.390: Total time for which application threads were stopped: 0.0046650 seconds, Stopping threads took: 0.0000210 seconds
243.458: [GC (Allocation Failure)  682634K->359178K(1034752K), 0.0043605 secs]
243.463: Total time for which application threads were stopped: 0.0045566 seconds, Stopping threads took: 0.0000201 seconds
243.531: [GC (Allocation Failure)  681738K->367116K(1035264K), 0.0044595 secs]
243.536: Total time for which application threads were stopped: 0.0046093 seconds, Stopping threads took: 0.0000169 seconds
243.605: [GC (Allocation Failure)  689676K->367116K(1035264K), 0.0041498 secs]
243.610: Total time for which application threads were stopped: 0.0043169 seconds, Stopping threads took: 0.0000261 seconds
243.677: [GC (Allocation Failure)  689676K->367148K(1022464K), 0.0043268 secs]
243.682: Total time for which application threads were stopped: 0.0044980 seconds, Stopping threads took: 0.0000204 seconds
243.750: [GC (Allocation Failure)  689708K->375118K(1034752K), 0.0064673 secs]
243.756: Total time for which application threads were stopped: 0.0066484 seconds, Stopping threads took: 0.0000205 seconds
243.825: [GC (Allocation Failure)  696654K->375150K(1034752K), 0.0041540 secs]
243.829: Total time for which application threads were stopped: 0.0043282 seconds, Stopping threads took: 0.0000195 seconds
243.895: [GC (Allocation Failure)  696686K->375142K(1034752K), 0.0051999 secs]
243.900: Total time for which application threads were stopped: 0.0053635 seconds, Stopping threads took: 0.0000216 seconds
243.969: [GC (Allocation Failure)  696678K->383145K(1034752K), 0.0042717 secs]
243.973: Total time for which application threads were stopped: 0.0044337 seconds, Stopping threads took: 0.0000199 seconds
244.040: [GC (Allocation Failure)  704681K->383145K(1034752K), 0.0043440 secs]
244.045: Total time for which application threads were stopped: 0.0045315 seconds, Stopping threads took: 0.0000292 seconds
244.111: [GC (Allocation Failure)  704681K->383369K(1021440K), 0.0045287 secs]
244.116: Total time for which application threads were stopped: 0.0047082 seconds, Stopping threads took: 0.0000265 seconds
244.183: [GC (Allocation Failure)  704905K->391179K(1034240K), 0.0043947 secs]
244.188: Total time for which application threads were stopped: 0.0045514 seconds, Stopping threads took: 0.0000169 seconds
244.256: [GC (Allocation Failure)  711691K->391179K(1034240K), 0.0043487 secs]
244.260: Total time for which application threads were stopped: 0.0045342 seconds, Stopping threads took: 0.0000202 seconds
244.328: [GC (Allocation Failure)  711691K->391595K(1034240K), 0.0046301 secs]
244.333: Total time for which application threads were stopped: 0.0047936 seconds, Stopping threads took: 0.0000211 seconds
244.401: [GC (Allocation Failure)  712107K->399213K(1034240K), 0.0046089 secs]
244.406: Total time for which application threads were stopped: 0.0047727 seconds, Stopping threads took: 0.0000201 seconds
244.474: [GC (Allocation Failure)  719725K->399213K(1034240K), 0.0044361 secs]
244.478: Total time for which application threads were stopped: 0.0046161 seconds, Stopping threads took: 0.0000207 seconds
244.546: [GC (Allocation Failure)  719725K->399277K(1020416K), 0.0044917 secs]
244.550: Total time for which application threads were stopped: 0.0046580 seconds, Stopping threads took: 0.0000208 seconds
244.619: [GC (Allocation Failure)  719789K->407279K(1033728K), 0.0044282 secs]
244.624: Total time for which application threads were stopped: 0.0045974 seconds, Stopping threads took: 0.0000204 seconds
244.690: [GC (Allocation Failure)  726767K->407247K(1033728K), 0.0045280 secs]
244.695: Total time for which application threads were stopped: 0.0046912 seconds, Stopping threads took: 0.0000205 seconds
244.761: [GC (Allocation Failure)  726735K->407271K(1033728K), 0.0045648 secs]
244.766: Total time for which application threads were stopped: 0.0047589 seconds, Stopping threads took: 0.0000221 seconds
244.835: [GC (Allocation Failure)  726759K->415306K(1033728K), 0.0043576 secs]
244.839: Total time for which application threads were stopped: 0.0045242 seconds, Stopping threads took: 0.0000212 seconds
244.907: [GC (Allocation Failure)  734794K->415274K(1033728K), 0.0049909 secs]
244.912: Total time for which application threads were stopped: 0.0051569 seconds, Stopping threads took: 0.0000195 seconds
244.979: [GC (Allocation Failure)  734762K->415338K(1019392K), 0.0043244 secs]
244.983: Total time for which application threads were stopped: 0.0044857 seconds, Stopping threads took: 0.0000195 seconds
245.050: [GC (Allocation Failure)  734826K->423308K(1033216K), 0.0042794 secs]
245.055: Total time for which application threads were stopped: 0.0044713 seconds, Stopping threads took: 0.0000195 seconds
245.123: [GC (Allocation Failure)  741772K->423340K(1033216K), 0.0045581 secs]
245.128: Total time for which application threads were stopped: 0.0047088 seconds, Stopping threads took: 0.0000173 seconds
245.192: [GC (Allocation Failure)  741804K->423468K(1033216K), 0.0047151 secs]
245.197: Total time for which application threads were stopped: 0.0048839 seconds, Stopping threads took: 0.0000196 seconds
245.263: [GC (Allocation Failure)  741932K->431310K(1033216K), 0.0047046 secs]
245.268: Total time for which application threads were stopped: 0.0048964 seconds, Stopping threads took: 0.0000201 seconds
245.332: [GC (Allocation Failure)  749774K->427404K(1034240K), 0.0032860 secs]
245.336: Total time for which application threads were stopped: 0.0034633 seconds, Stopping threads took: 0.0000286 seconds
245.403: [GC (Allocation Failure)  746892K->431502K(1033216K), 0.0046659 secs]
245.408: Total time for which application threads were stopped: 0.0048418 seconds, Stopping threads took: 0.0000206 seconds
245.475: [GC (Allocation Failure)  750990K->435470K(1033728K), 0.0045366 secs]
245.480: Total time for which application threads were stopped: 0.0047171 seconds, Stopping threads took: 0.0000222 seconds
245.545: [GC (Allocation Failure)  755982K->427628K(1034240K), 0.0013723 secs]
245.547: Total time for which application threads were stopped: 0.0015008 seconds, Stopping threads took: 0.0000200 seconds
245.614: [GC (Allocation Failure)  748140K->435542K(1034240K), 0.0043034 secs]
245.619: Total time for which application threads were stopped: 0.0044818 seconds, Stopping threads took: 0.0000285 seconds
245.686: [GC (Allocation Failure)  756054K->439622K(1034240K), 0.0060406 secs]
245.692: Total time for which application threads were stopped: 0.0062244 seconds, Stopping threads took: 0.0000210 seconds
245.761: [GC (Allocation Failure)  760134K->446316K(1029120K), 0.0074174 secs]
245.768: Total time for which application threads were stopped: 0.0075967 seconds, Stopping threads took: 0.0000205 seconds
245.835: [GC (Allocation Failure)  761708K->440302K(1031680K), 0.0046801 secs]
245.840: Total time for which application threads were stopped: 0.0048535 seconds, Stopping threads took: 0.0000210 seconds
245.907: [GC (Allocation Failure)  755694K->440046K(1032192K), 0.0053198 secs]
245.912: Total time for which application threads were stopped: 0.0055311 seconds, Stopping threads took: 0.0000204 seconds
245.979: [GC (Allocation Failure)  755950K->442214K(1031680K), 0.0049287 secs]
245.984: Total time for which application threads were stopped: 0.0050939 seconds, Stopping threads took: 0.0000206 seconds
246.051: [GC (Allocation Failure)  758118K->448136K(1032704K), 0.0042840 secs]
246.055: Total time for which application threads were stopped: 0.0044471 seconds, Stopping threads took: 0.0000274 seconds
246.122: [GC (Allocation Failure)  765576K->448104K(1032704K), 0.0045092 secs]
246.127: Total time for which application threads were stopped: 0.0046749 seconds, Stopping threads took: 0.0000209 seconds
246.193: [GC (Allocation Failure)  765544K->449928K(1033216K), 0.0056859 secs]
246.199: Total time for which application threads were stopped: 0.0058685 seconds, Stopping threads took: 0.0000174 seconds
246.267: [GC (Allocation Failure)  768392K->456235K(1033216K), 0.0046304 secs]
246.272: Total time for which application threads were stopped: 0.0048018 seconds, Stopping threads took: 0.0000194 seconds
246.341: [GC (Allocation Failure)  774699K->456107K(1033728K), 0.0045579 secs]
246.345: Total time for which application threads were stopped: 0.0047304 seconds, Stopping threads took: 0.0000200 seconds
246.412: [GC (Allocation Failure)  775083K->458699K(1033216K), 0.0049345 secs]
246.417: Total time for which application threads were stopped: 0.0051080 seconds, Stopping threads took: 0.0000208 seconds
246.486: [GC (Allocation Failure)  777675K->464237K(1033728K), 0.0045270 secs]
246.491: Total time for which application threads were stopped: 0.0046916 seconds, Stopping threads took: 0.0000206 seconds
246.560: [GC (Allocation Failure)  783725K->464141K(1033728K), 0.0044169 secs]
246.565: Total time for which application threads were stopped: 0.0045853 seconds, Stopping threads took: 0.0000263 seconds
246.632: [GC (Allocation Failure)  783629K->465389K(1033216K), 0.0046807 secs]
246.637: Total time for which application threads were stopped: 0.0048637 seconds, Stopping threads took: 0.0000201 seconds
246.704: [GC (Allocation Failure)  784877K->472175K(1033728K), 0.0046435 secs]
246.709: Total time for which application threads were stopped: 0.0048176 seconds, Stopping threads took: 0.0000218 seconds
246.775: [GC (Allocation Failure)  791663K->472175K(1034240K), 0.0053780 secs]
246.781: Total time for which application threads were stopped: 0.0055650 seconds, Stopping threads took: 0.0000210 seconds
246.849: [GC (Allocation Failure)  792175K->473111K(1033728K), 0.0065130 secs]
246.855: Total time for which application threads were stopped: 0.0066851 seconds, Stopping threads took: 0.0000224 seconds
246.925: [GC (Allocation Failure)  793111K->480218K(1034240K), 0.0043236 secs]
246.929: Total time for which application threads were stopped: 0.0045074 seconds, Stopping threads took: 0.0000170 seconds
246.997: [GC (Allocation Failure)  800218K->480250K(1033728K), 0.0047113 secs]
247.002: Total time for which application threads were stopped: 0.0048800 seconds, Stopping threads took: 0.0000194 seconds
247.067: [GC (Allocation Failure)  800250K->481882K(1034240K), 0.0045909 secs]
247.072: Total time for which application threads were stopped: 0.0047731 seconds, Stopping threads took: 0.0000195 seconds
247.139: [GC (Allocation Failure)  802394K->488316K(1034240K), 0.0048000 secs]
247.144: Total time for which application threads were stopped: 0.0050145 seconds, Stopping threads took: 0.0000199 seconds
247.213: [GC (Allocation Failure)  808828K->488220K(1034240K), 0.0045386 secs]
247.217: Total time for which application threads were stopped: 0.0047120 seconds, Stopping threads took: 0.0000199 seconds
247.284: [GC (Allocation Failure)  808732K->488308K(1020416K), 0.0045583 secs]
247.289: Total time for which application threads were stopped: 0.0047213 seconds, Stopping threads took: 0.0000205 seconds
247.356: [GC (Allocation Failure)  808820K->496278K(1033728K), 0.0047842 secs]
247.361: Total time for which application threads were stopped: 0.0049834 seconds, Stopping threads took: 0.0000280 seconds
247.430: [GC (Allocation Failure)  815766K->496246K(1033728K), 0.0046824 secs]
247.434: Total time for which application threads were stopped: 0.0048436 seconds, Stopping threads took: 0.0000194 seconds
247.501: [GC (Allocation Failure)  815734K->496342K(1033728K), 0.0058055 secs]
247.507: Total time for which application threads were stopped: 0.0059744 seconds, Stopping threads took: 0.0000200 seconds
247.575: [GC (Allocation Failure)  815830K->504376K(1033728K), 0.0043675 secs]
247.580: Total time for which application threads were stopped: 0.0045341 seconds, Stopping threads took: 0.0000271 seconds
247.647: [GC (Allocation Failure)  823864K->504312K(1033728K), 0.0048098 secs]
247.652: Total time for which application threads were stopped: 0.0049823 seconds, Stopping threads took: 0.0000205 seconds
247.718: [GC (Allocation Failure)  823800K->504536K(1033728K), 0.0047121 secs]
247.723: Total time for which application threads were stopped: 0.0048748 seconds, Stopping threads took: 0.0000197 seconds
247.791: [GC (Allocation Failure)  824024K->512379K(1033728K), 0.0070502 secs]
247.798: Total time for which application threads were stopped: 0.0072134 seconds, Stopping threads took: 0.0000197 seconds
247.866: [GC (Allocation Failure)  831867K->512347K(1033728K), 0.0065132 secs]
247.873: Total time for which application threads were stopped: 0.0066645 seconds, Stopping threads took: 0.0000175 seconds
247.940: [GC (Allocation Failure)  831835K->512763K(1033728K), 0.0047229 secs]
247.945: Total time for which application threads were stopped: 0.0048854 seconds, Stopping threads took: 0.0000200 seconds
248.012: [GC (Allocation Failure)  832251K->520413K(1027072K), 0.0045679 secs]
248.017: Total time for which application threads were stopped: 0.0047283 seconds, Stopping threads took: 0.0000191 seconds
248.084: [GC (Allocation Failure)  839901K->520381K(1033728K), 0.0048194 secs]
248.089: Total time for which application threads were stopped: 0.0049938 seconds, Stopping threads took: 0.0000197 seconds
248.153: [GC (Allocation Failure)  839357K->521509K(1033216K), 0.0048563 secs]
248.158: Total time for which application threads were stopped: 0.0050187 seconds, Stopping threads took: 0.0000196 seconds
248.225: [GC (Allocation Failure)  840485K->528423K(1033728K), 0.0046233 secs]
248.230: Total time for which application threads were stopped: 0.0047850 seconds, Stopping threads took: 0.0000201 seconds
248.297: [GC (Allocation Failure)  847911K->528423K(1033728K), 0.0044425 secs]
248.302: Total time for which application threads were stopped: 0.0046034 seconds, Stopping threads took: 0.0000198 seconds
248.367: [GC (Allocation Failure)  847911K->528487K(1032704K), 0.0046714 secs]
248.372: Total time for which application threads were stopped: 0.0048649 seconds, Stopping threads took: 0.0000192 seconds
248.441: [GC (Allocation Failure)  846951K->536489K(1033216K), 0.0047132 secs]
248.445: Total time for which application threads were stopped: 0.0048678 seconds, Stopping threads took: 0.0000164 seconds
248.511: [GC (Allocation Failure)  854953K->536457K(1033216K), 0.0047132 secs]
248.516: Total time for which application threads were stopped: 0.0049066 seconds, Stopping threads took: 0.0000206 seconds
248.583: [GC (Allocation Failure)  854921K->537481K(1033216K), 0.0046632 secs]
248.588: Total time for which application threads were stopped: 0.0048283 seconds, Stopping threads took: 0.0000191 seconds
248.653: [GC (Allocation Failure)  855945K->544524K(1032704K), 0.0047470 secs]
248.658: Total time for which application threads were stopped: 0.0049426 seconds, Stopping threads took: 0.0000200 seconds
248.726: [GC (Allocation Failure)  862988K->544524K(1033216K), 0.0047428 secs]
248.731: Total time for which application threads were stopped: 0.0049070 seconds, Stopping threads took: 0.0000258 seconds
248.799: [GC (Allocation Failure)  862988K->544716K(1033216K), 0.0048526 secs]
248.804: Total time for which application threads were stopped: 0.0050250 seconds, Stopping threads took: 0.0000201 seconds
248.871: [GC (Allocation Failure)  863180K->552526K(1033216K), 0.0048249 secs]
248.875: Total time for which application threads were stopped: 0.0050080 seconds, Stopping threads took: 0.0000204 seconds
248.942: [GC (Allocation Failure)  870990K->552526K(1033216K), 0.0047214 secs]
248.946: Total time for which application threads were stopped: 0.0048925 seconds, Stopping threads took: 0.0000200 seconds
249.011: [GC (Allocation Failure)  870990K->552934K(1033216K), 0.0046578 secs]
249.015: Total time for which application threads were stopped: 0.0048313 seconds, Stopping threads took: 0.0000200 seconds
249.085: [GC (Allocation Failure)  871398K->560584K(1033216K), 0.0047749 secs]
249.090: Total time for which application threads were stopped: 0.0049326 seconds, Stopping threads took: 0.0000258 seconds
249.156: [GC (Allocation Failure)  879048K->560552K(1033216K), 0.0048277 secs]
249.160: Total time for which application threads were stopped: 0.0049946 seconds, Stopping threads took: 0.0000191 seconds
249.225: [GC (Allocation Failure)  879016K->561160K(1033216K), 0.0048211 secs]
249.230: Total time for which application threads were stopped: 0.0049855 seconds, Stopping threads took: 0.0000189 seconds
249.297: [GC (Allocation Failure)  879624K->568618K(1033216K), 0.0047290 secs]
249.302: Total time for which application threads were stopped: 0.0049194 seconds, Stopping threads took: 0.0000203 seconds
249.372: [GC (Allocation Failure)  887082K->568586K(1033216K), 0.0045419 secs]
249.376: Total time for which application threads were stopped: 0.0047342 seconds, Stopping threads took: 0.0000199 seconds
249.443: [GC (Allocation Failure)  887050K->568874K(1033216K), 0.0047629 secs]
249.448: Total time for which application threads were stopped: 0.0049207 seconds, Stopping threads took: 0.0000193 seconds
249.515: [GC (Allocation Failure)  887338K->576621K(1033216K), 0.0047090 secs]
249.519: Total time for which application threads were stopped: 0.0048722 seconds, Stopping threads took: 0.0000202 seconds
249.586: [GC (Allocation Failure)  895085K->576589K(1033216K), 0.0045823 secs]
249.591: Total time for which application threads were stopped: 0.0047590 seconds, Stopping threads took: 0.0000279 seconds
249.658: [GC (Allocation Failure)  895053K->576717K(1033216K), 0.0048916 secs]
249.663: Total time for which application threads were stopped: 0.0050684 seconds, Stopping threads took: 0.0000286 seconds
249.729: [GC (Allocation Failure)  895181K->584655K(1033216K), 0.0047369 secs]
249.734: Total time for which application threads were stopped: 0.0048963 seconds, Stopping threads took: 0.0000198 seconds
249.799: [GC (Allocation Failure)  903119K->584623K(1033216K), 0.0047950 secs]
249.804: Total time for which application threads were stopped: 0.0049895 seconds, Stopping threads took: 0.0000202 seconds
249.870: [GC (Allocation Failure)  903087K->584807K(1033216K), 0.0047351 secs]
249.875: Total time for which application threads were stopped: 0.0048946 seconds, Stopping threads took: 0.0000194 seconds
249.944: [GC (Allocation Failure)  903271K->592681K(1033216K), 0.0048271 secs]
249.949: Total time for which application threads were stopped: 0.0050204 seconds, Stopping threads took: 0.0000203 seconds
250.016: [GC (Allocation Failure)  911145K->592681K(1033216K), 0.0048757 secs]
250.021: Total time for which application threads were stopped: 0.0050372 seconds, Stopping threads took: 0.0000168 seconds
250.088: [GC (Allocation Failure)  911145K->593065K(1033216K), 0.0048353 secs]
250.093: Total time for which application threads were stopped: 0.0050120 seconds, Stopping threads took: 0.0000263 seconds
250.160: [GC (Allocation Failure)  911529K->600748K(1033216K), 0.0046588 secs]
250.164: Total time for which application threads were stopped: 0.0048457 seconds, Stopping threads took: 0.0000208 seconds
250.234: [GC (Allocation Failure)  919212K->600716K(1033216K), 0.0046694 secs]
250.239: Total time for which application threads were stopped: 0.0048505 seconds, Stopping threads took: 0.0000223 seconds
250.305: [GC (Allocation Failure)  919180K->600748K(1033216K), 0.0047692 secs]
250.310: Total time for which application threads were stopped: 0.0049317 seconds, Stopping threads took: 0.0000207 seconds
250.375: [GC (Allocation Failure)  919212K->608718K(1033216K), 0.0048135 secs]
250.380: Total time for which application threads were stopped: 0.0049745 seconds, Stopping threads took: 0.0000200 seconds
250.446: [GC (Allocation Failure)  927182K->604812K(1033216K), 0.0039243 secs]
250.450: Total time for which application threads were stopped: 0.0040884 seconds, Stopping threads took: 0.0000207 seconds
250.517: [GC (Allocation Failure)  923276K->608910K(1034752K), 0.0049515 secs]
250.522: Total time for which application threads were stopped: 0.0051186 seconds, Stopping threads took: 0.0000209 seconds
250.590: [GC (Allocation Failure)  929422K->612878K(1033728K), 0.0048181 secs]
250.595: Total time for which application threads were stopped: 0.0049992 seconds, Stopping threads took: 0.0000268 seconds
250.663: [GC (Allocation Failure)  933390K->605036K(1034240K), 0.0018408 secs]
250.665: Total time for which application threads were stopped: 0.0019764 seconds, Stopping threads took: 0.0000203 seconds
250.732: [GC (Allocation Failure)  925548K->612942K(1034240K), 0.0049990 secs]
250.737: Total time for which application threads were stopped: 0.0051813 seconds, Stopping threads took: 0.0000219 seconds
250.805: [GC (Allocation Failure)  933454K->617022K(1033216K), 0.0063296 secs]
250.811: Total time for which application threads were stopped: 0.0065055 seconds, Stopping threads took: 0.0000202 seconds
250.879: [GC (Allocation Failure)  936510K->622748K(1032704K), 0.0070891 secs]
250.886: Total time for which application threads were stopped: 0.0072498 seconds, Stopping threads took: 0.0000199 seconds
250.955: [GC (Allocation Failure)  942236K->617278K(1031680K), 0.0050246 secs]
250.961: Total time for which application threads were stopped: 0.0051799 seconds, Stopping threads took: 0.0000174 seconds
251.027: [GC (Allocation Failure)  933694K->617022K(1032192K), 0.0049619 secs]
251.032: Total time for which application threads were stopped: 0.0051427 seconds, Stopping threads took: 0.0000204 seconds
251.099: [GC (Allocation Failure)  933438K->611676K(1032704K), 0.0028638 secs]
251.102: Total time for which application threads were stopped: 0.0030328 seconds, Stopping threads took: 0.0000209 seconds
251.169: [GC (Allocation Failure)  929116K->617214K(1032704K), 0.0048724 secs]
251.174: Total time for which application threads were stopped: 0.0050370 seconds, Stopping threads took: 0.0000210 seconds
251.242: [GC (Allocation Failure)  934654K->617054K(1033216K), 0.0049915 secs]
251.247: Total time for which application threads were stopped: 0.0051515 seconds, Stopping threads took: 0.0000202 seconds
251.313: [GC (Allocation Failure)  935006K->617374K(1032704K), 0.0050013 secs]
251.318: Total time for which application threads were stopped: 0.0051748 seconds, Stopping threads took: 0.0000194 seconds
251.386: [GC (Allocation Failure)  935326K->625216K(1033216K), 0.0047432 secs]
251.391: Total time for which application threads were stopped: 0.0049151 seconds, Stopping threads took: 0.0000207 seconds
251.458: [GC (Allocation Failure)  943680K->625056K(1033216K), 0.0047352 secs]
251.463: Total time for which application threads were stopped: 0.0049282 seconds, Stopping threads took: 0.0000207 seconds
251.530: [GC (Allocation Failure)  943520K->629192K(1033728K), 0.0072837 secs]
251.537: Total time for which application threads were stopped: 0.0074668 seconds, Stopping threads took: 0.0000174 seconds
251.605: [GC (Allocation Failure)  948168K->633194K(1033216K), 0.0048532 secs]
251.610: Total time for which application threads were stopped: 0.0050227 seconds, Stopping threads took: 0.0000280 seconds
251.678: [GC (Allocation Failure)  952170K->633130K(1034240K), 0.0047771 secs]
251.682: Total time for which application threads were stopped: 0.0049799 seconds, Stopping threads took: 0.0000282 seconds
251.751: [GC (Allocation Failure)  953130K->635914K(1033728K), 0.0052693 secs]
251.756: Total time for which application threads were stopped: 0.0054340 seconds, Stopping threads took: 0.0000165 seconds
251.824: [GC (Allocation Failure)  955914K->641165K(1034240K), 0.0047611 secs]
251.829: Total time for which application threads were stopped: 0.0049403 seconds, Stopping threads took: 0.0000251 seconds
251.897: [GC (Allocation Failure)  961677K->641101K(1034240K), 0.0055636 secs]
251.902: Total time for which application threads were stopped: 0.0057366 seconds, Stopping threads took: 0.0000250 seconds
251.971: [GC (Allocation Failure)  961613K->641581K(1034240K), 0.0049491 secs]
251.976: Total time for which application threads were stopped: 0.0051416 seconds, Stopping threads took: 0.0000197 seconds
252.044: [GC (Allocation Failure)  962093K->649199K(1034240K), 0.0049711 secs]
252.049: Total time for which application threads were stopped: 0.0051350 seconds, Stopping threads took: 0.0000205 seconds
252.118: [GC (Allocation Failure)  969711K->649167K(1034240K), 0.0046773 secs]
252.123: Total time for which application threads were stopped: 0.0048540 seconds, Stopping threads took: 0.0000195 seconds
252.190: [GC (Allocation Failure)  969679K->651847K(1034240K), 0.0053651 secs]
252.196: Total time for which application threads were stopped: 0.0055455 seconds, Stopping threads took: 0.0000197 seconds
252.264: [GC (Allocation Failure)  972359K->657257K(1034240K), 0.0047574 secs]
252.269: Total time for which application threads were stopped: 0.0049216 seconds, Stopping threads took: 0.0000201 seconds
252.337: [GC (Allocation Failure)  977769K->657161K(1034240K), 0.0048294 secs]
252.342: Total time for which application threads were stopped: 0.0049956 seconds, Stopping threads took: 0.0000191 seconds
252.409: [GC (Allocation Failure)  977673K->658025K(1033728K), 0.0049351 secs]
252.414: Total time for which application threads were stopped: 0.0051319 seconds, Stopping threads took: 0.0000199 seconds
252.484: [GC (Allocation Failure)  978537K->665355K(1034240K), 0.0048407 secs]
252.489: Total time for which application threads were stopped: 0.0050108 seconds, Stopping threads took: 0.0000203 seconds
252.556: [GC (Allocation Failure)  985867K->665227K(1034240K), 0.0051491 secs]
252.562: Total time for which application threads were stopped: 0.0054975 seconds, Stopping threads took: 0.0001714 seconds
252.630: [GC (Allocation Failure)  985739K->668331K(1034240K), 0.0055823 secs]
252.635: Total time for which application threads were stopped: 0.0057664 seconds, Stopping threads took: 0.0000168 seconds
252.705: [GC (Allocation Failure)  988843K->673294K(1034752K), 0.0048112 secs]
252.710: Total time for which application threads were stopped: 0.0049817 seconds, Stopping threads took: 0.0000179 seconds
252.778: [GC (Allocation Failure)  994830K->673262K(1034752K), 0.0049260 secs]
252.783: Total time for which application threads were stopped: 0.0050994 seconds, Stopping threads took: 0.0000206 seconds
252.850: [GC (Allocation Failure)  994798K->676550K(1034752K), 0.0057851 secs]
252.855: Total time for which application threads were stopped: 0.0059545 seconds, Stopping threads took: 0.0000267 seconds
252.924: [GC (Allocation Failure)  998086K->681320K(1034752K), 0.0051437 secs]
252.930: Total time for which application threads were stopped: 0.0053108 seconds, Stopping threads took: 0.0000198 seconds
252.997: [GC (Allocation Failure)  1002856K->681288K(1034752K), 0.0050437 secs]
253.002: Total time for which application threads were stopped: 0.0052075 seconds, Stopping threads took: 0.0000204 seconds
253.068: [GC (Allocation Failure)  1002824K->681704K(1034752K), 0.0048065 secs]
253.072: Total time for which application threads were stopped: 0.0049663 seconds, Stopping threads took: 0.0000257 seconds
253.141: [GC (Allocation Failure)  1003240K->689322K(1034752K), 0.0049431 secs]
253.146: Total time for which application threads were stopped: 0.0051145 seconds, Stopping threads took: 0.0000204 seconds
253.213: [GC (Allocation Failure)  1010858K->689322K(1034752K), 0.0049289 secs]
253.218: Total time for which application threads were stopped: 0.0051017 seconds, Stopping threads took: 0.0000206 seconds
253.283: [GC (Allocation Failure)  1010858K->690954K(1034752K), 0.0051730 secs]
253.289: [Full GC (Ergonomics)  690954K->10113K(1034752K), 0.0141098 secs]
253.303: Total time for which application threads were stopped: 0.0195368 seconds, Stopping threads took: 0.0000203 seconds
253.371: [GC (Allocation Failure)  331649K->18691K(1029632K), 0.0037311 secs]
253.375: Total time for which application threads were stopped: 0.0039016 seconds, Stopping threads took: 0.0000200 seconds
253.441: [GC (Allocation Failure)  340227K->18643K(1034240K), 0.0036552 secs]
253.445: Total time for which application threads were stopped: 0.0038494 seconds, Stopping threads took: 0.0000198 seconds
253.513: [GC (Allocation Failure)  339155K->20491K(1034240K), 0.0039238 secs]
253.517: Total time for which application threads were stopped: 0.0040759 seconds, Stopping threads took: 0.0000176 seconds
253.586: [GC (Allocation Failure)  341003K->26798K(1034240K), 0.0036680 secs]
253.589: Total time for which application threads were stopped: 0.0038411 seconds, Stopping threads took: 0.0000265 seconds
253.657: [GC (Allocation Failure)  347310K->26670K(1034240K), 0.0037346 secs]
253.661: Total time for which application threads were stopped: 0.0039135 seconds, Stopping threads took: 0.0000255 seconds
253.729: [GC (Allocation Failure)  347182K->30766K(1034752K), 0.0048330 secs]
253.734: Total time for which application threads were stopped: 0.0050045 seconds, Stopping threads took: 0.0000198 seconds
253.802: [GC (Allocation Failure)  351790K->34768K(1034240K), 0.0036460 secs]
253.806: Total time for which application threads were stopped: 0.0038122 seconds, Stopping threads took: 0.0000205 seconds
253.873: [GC (Allocation Failure)  355792K->34736K(1034752K), 0.0036120 secs]
253.877: Total time for which application threads were stopped: 0.0037850 seconds, Stopping threads took: 0.0000205 seconds
253.946: [GC (Allocation Failure)  356272K->34920K(1021440K), 0.0037186 secs]
253.949: Total time for which application threads were stopped: 0.0039130 seconds, Stopping threads took: 0.0000199 seconds
254.020: [GC (Allocation Failure)  356456K->42762K(1034240K), 0.0037527 secs]
254.024: Total time for which application threads were stopped: 0.0039121 seconds, Stopping threads took: 0.0000203 seconds
254.092: [GC (Allocation Failure)  363274K->42762K(1034240K), 0.0038787 secs]
254.095: Total time for which application threads were stopped: 0.0040466 seconds, Stopping threads took: 0.0000194 seconds
254.162: [GC (Allocation Failure)  363274K->46186K(1034752K), 0.0044401 secs]
254.167: Total time for which application threads were stopped: 0.0046149 seconds, Stopping threads took: 0.0000197 seconds
254.235: [GC (Allocation Failure)  367210K->50829K(1034240K), 0.0034625 secs]
254.239: Total time for which application threads were stopped: 0.0036231 seconds, Stopping threads took: 0.0000180 seconds
254.308: [GC (Allocation Failure)  371853K->50765K(1034752K), 0.0048004 secs]
254.313: Total time for which application threads were stopped: 0.0049535 seconds, Stopping threads took: 0.0000256 seconds
254.381: [GC (Allocation Failure)  372301K->54445K(1034752K), 0.0045504 secs]
254.385: Total time for which application threads were stopped: 0.0047182 seconds, Stopping threads took: 0.0000203 seconds
254.454: [GC (Allocation Failure)  375981K->58799K(1035264K), 0.0039090 secs]
254.458: Total time for which application threads were stopped: 0.0040736 seconds, Stopping threads took: 0.0000206 seconds
254.527: [GC (Allocation Failure)  381359K->58799K(1035264K), 0.0038264 secs]
254.531: Total time for which application threads were stopped: 0.0039985 seconds, Stopping threads took: 0.0000203 seconds
254.598: [GC (Allocation Failure)  381359K->61639K(1035264K), 0.0043236 secs]
254.602: Total time for which application threads were stopped: 0.0045031 seconds, Stopping threads took: 0.0000213 seconds
254.672: [GC (Allocation Failure)  384199K->66889K(1035264K), 0.0037495 secs]
254.676: Total time for which application threads were stopped: 0.0039226 seconds, Stopping threads took: 0.0000205 seconds
254.744: [GC (Allocation Failure)  389449K->66857K(1035264K), 0.0036035 secs]
254.748: Total time for which application threads were stopped: 0.0037781 seconds, Stopping threads took: 0.0000201 seconds
254.814: [GC (Allocation Failure)  389417K->69865K(1035264K), 0.0044092 secs]
254.819: Total time for which application threads were stopped: 0.0045799 seconds, Stopping threads took: 0.0000196 seconds
254.887: [GC (Allocation Failure)  392425K->74891K(1035264K), 0.0037439 secs]
254.891: Total time for which application threads were stopped: 0.0039362 seconds, Stopping threads took: 0.0000292 seconds
254.961: [GC (Allocation Failure)  397451K->74827K(1035264K), 0.0044597 secs]
254.965: Total time for which application threads were stopped: 0.0046198 seconds, Stopping threads took: 0.0000195 seconds
255.032: [GC (Allocation Failure)  397387K->78155K(1035264K), 0.0046076 secs]
255.037: Total time for which application threads were stopped: 0.0047789 seconds, Stopping threads took: 0.0000199 seconds
255.106: [GC (Allocation Failure)  400715K->82926K(1035264K), 0.0036986 secs]
255.110: Total time for which application threads were stopped: 0.0038775 seconds, Stopping threads took: 0.0000282 seconds
255.177: [GC (Allocation Failure)  405486K->82926K(1035264K), 0.0038108 secs]
255.181: Total time for which application threads were stopped: 0.0039724 seconds, Stopping threads took: 0.0000192 seconds
255.249: [GC (Allocation Failure)  405486K->86342K(1035264K), 0.0056118 secs]
255.254: Total time for which application threads were stopped: 0.0057803 seconds, Stopping threads took: 0.0000199 seconds
255.322: [GC (Allocation Failure)  408902K->90984K(1035264K), 0.0037097 secs]
255.326: Total time for which application threads were stopped: 0.0038802 seconds, Stopping threads took: 0.0000207 seconds
255.394: [GC (Allocation Failure)  413544K->90952K(1035264K), 0.0039006 secs]
255.398: Total time for which application threads were stopped: 0.0041105 seconds, Stopping threads took: 0.0000251 seconds
255.467: [GC (Allocation Failure)  413512K->94600K(1035776K), 0.0044427 secs]
255.472: Total time for which application threads were stopped: 0.0046283 seconds, Stopping threads took: 0.0000172 seconds
255.541: [GC (Allocation Failure)  417672K->98986K(1035264K), 0.0038410 secs]
255.545: Total time for which application threads were stopped: 0.0040351 seconds, Stopping threads took: 0.0000198 seconds
255.616: [GC (Allocation Failure)  422058K->98954K(1035776K), 0.0038204 secs]
255.620: Total time for which application threads were stopped: 0.0039835 seconds, Stopping threads took: 0.0000251 seconds
255.687: [GC (Allocation Failure)  422538K->100746K(1025024K), 0.0042173 secs]
255.691: Total time for which application threads were stopped: 0.0043874 seconds, Stopping threads took: 0.0000194 seconds
255.760: [GC (Allocation Failure)  424330K->107084K(1035264K), 0.0037156 secs]
255.763: Total time for which application threads were stopped: 0.0038863 seconds, Stopping threads took: 0.0000200 seconds
255.833: [GC (Allocation Failure)  429644K->106988K(1035264K), 0.0039192 secs]
255.837: Total time for which application threads were stopped: 0.0040912 seconds, Stopping threads took: 0.0000228 seconds
255.905: [GC (Allocation Failure)  429548K->101994K(1035264K), 0.0025696 secs]
255.908: Total time for which application threads were stopped: 0.0027539 seconds, Stopping threads took: 0.0000166 seconds
255.977: [GC (Allocation Failure)  424554K->106988K(1035264K), 0.0038210 secs]
255.981: Total time for which application threads were stopped: 0.0039905 seconds, Stopping threads took: 0.0000187 seconds
256.049: [GC (Allocation Failure)  429548K->106988K(1035264K), 0.0036893 secs]
256.052: Total time for which application threads were stopped: 0.0038528 seconds, Stopping threads took: 0.0000200 seconds
256.121: [GC (Allocation Failure)  429548K->106314K(1035264K), 0.0034969 secs]
256.125: Total time for which application threads were stopped: 0.0036611 seconds, Stopping threads took: 0.0000260 seconds
256.192: [GC (Allocation Failure)  428874K->107212K(1035776K), 0.0039737 secs]
256.196: Total time for which application threads were stopped: 0.0041564 seconds, Stopping threads took: 0.0000201 seconds
256.266: [GC (Allocation Failure)  430796K->107020K(1035776K), 0.0037672 secs]
256.270: Total time for which application threads were stopped: 0.0039509 seconds, Stopping threads took: 0.0000222 seconds
256.336: [GC (Allocation Failure)  430604K->112602K(1031680K), 0.0063414 secs]
256.342: Total time for which application threads were stopped: 0.0065185 seconds, Stopping threads took: 0.0000346 seconds
256.409: [GC (Allocation Failure)  432090K->108060K(1033728K), 0.0040652 secs]
256.413: Total time for which application threads were stopped: 0.0042269 seconds, Stopping threads took: 0.0000204 seconds
256.479: [GC (Allocation Failure)  427548K->107900K(1034752K), 0.0039550 secs]
256.483: Total time for which application threads were stopped: 0.0041223 seconds, Stopping threads took: 0.0000195 seconds
256.550: [GC (Allocation Failure)  428924K->110138K(1034240K), 0.0048011 secs]
256.555: Total time for which application threads were stopped: 0.0049606 seconds, Stopping threads took: 0.0000188 seconds
256.624: [GC (Allocation Failure)  431162K->107964K(1034752K), 0.0035905 secs]
256.628: Total time for which application threads were stopped: 0.0037828 seconds, Stopping threads took: 0.0000263 seconds
256.695: [GC (Allocation Failure)  428988K->107868K(1034240K), 0.0038867 secs]
256.699: Total time for which application threads were stopped: 0.0040740 seconds, Stopping threads took: 0.0000215 seconds
256.766: [GC (Allocation Failure)  428892K->109818K(1035264K), 0.0047376 secs]
256.771: Total time for which application threads were stopped: 0.0049109 seconds, Stopping threads took: 0.0000201 seconds
256.838: [GC (Allocation Failure)  432378K->107964K(1035264K), 0.0064185 secs]
256.845: Total time for which application threads were stopped: 0.0065971 seconds, Stopping threads took: 0.0000202 seconds
256.914: [GC (Allocation Failure)  430524K->107900K(1036288K), 0.0048930 secs]
256.919: Total time for which application threads were stopped: 0.0050758 seconds, Stopping threads took: 0.0000263 seconds
256.987: [GC (Allocation Failure)  431996K->115626K(1035776K), 0.0074080 secs]
256.995: Total time for which application threads were stopped: 0.0075715 seconds, Stopping threads took: 0.0000195 seconds
257.063: [GC (Allocation Failure)  439722K->111436K(1032704K), 0.0040869 secs]
257.067: Total time for which application threads were stopped: 0.0042553 seconds, Stopping threads took: 0.0000191 seconds
257.132: [GC (Allocation Failure)  431948K->111404K(1034240K), 0.0039539 secs]
257.136: Total time for which application threads were stopped: 0.0041221 seconds, Stopping threads took: 0.0000197 seconds
257.205: [GC (Allocation Failure)  431916K->104554K(1032704K), 0.0010965 secs]
257.206: Total time for which application threads were stopped: 0.0012336 seconds, Stopping threads took: 0.0000196 seconds
257.275: [GC (Allocation Failure)  424042K->111676K(1033728K), 0.0039030 secs]
257.279: Total time for which application threads were stopped: 0.0040623 seconds, Stopping threads took: 0.0000168 seconds
257.347: [GC (Allocation Failure)  431164K->115548K(1034752K), 0.0047039 secs]
257.351: Total time for which application threads were stopped: 0.0049060 seconds, Stopping threads took: 0.0000210 seconds
257.418: [GC (Allocation Failure)  436572K->121666K(1034240K), 0.0066531 secs]
257.425: Total time for which application threads were stopped: 0.0068254 seconds, Stopping threads took: 0.0000197 seconds
257.493: [GC (Allocation Failure)  442690K->115972K(1033216K), 0.0040433 secs]
257.497: Total time for which application threads were stopped: 0.0042147 seconds, Stopping threads took: 0.0000210 seconds
257.565: [GC (Allocation Failure)  435460K->115908K(1033728K), 0.0035855 secs]
257.569: Total time for which application threads were stopped: 0.0037432 seconds, Stopping threads took: 0.0000175 seconds
257.637: [GC (Allocation Failure)  435396K->118594K(1033216K), 0.0047305 secs]
257.642: Total time for which application threads were stopped: 0.0049239 seconds, Stopping threads took: 0.0000252 seconds
257.710: [GC (Allocation Failure)  438082K->115940K(1033728K), 0.0037303 secs]
257.713: Total time for which application threads were stopped: 0.0038971 seconds, Stopping threads took: 0.0000193 seconds
257.781: [GC (Allocation Failure)  435428K->115908K(1034752K), 0.0065195 secs]
257.787: Total time for which application threads were stopped: 0.0066776 seconds, Stopping threads took: 0.0000197 seconds
257.856: [GC (Allocation Failure)  436932K->115202K(1034240K), 0.0037003 secs]
257.859: Total time for which application threads were stopped: 0.0038690 seconds, Stopping threads took: 0.0000188 seconds
257.926: [GC (Allocation Failure)  436226K->116164K(1035776K), 0.0038086 secs]
257.930: Total time for which application threads were stopped: 0.0039938 seconds, Stopping threads took: 0.0000172 seconds
257.999: [GC (Allocation Failure)  439236K->115940K(1035264K), 0.0040292 secs]
258.003: Total time for which application threads were stopped: 0.0041910 seconds, Stopping threads took: 0.0000182 seconds
258.072: [GC (Allocation Failure)  439012K->118978K(1034752K), 0.0050953 secs]
258.077: Total time for which application threads were stopped: 0.0052957 seconds, Stopping threads took: 0.0000269 seconds
258.146: [GC (Allocation Failure)  441538K->116100K(1035264K), 0.0036975 secs]
258.150: Total time for which application threads were stopped: 0.0038731 seconds, Stopping threads took: 0.0000204 seconds
258.218: [GC (Allocation Failure)  438660K->115908K(1035776K), 0.0038522 secs]
258.222: Total time for which application threads were stopped: 0.0040419 seconds, Stopping threads took: 0.0000285 seconds
258.290: [GC (Allocation Failure)  439492K->107938K(1023488K), 0.0006228 secs]
258.290: Total time for which application threads were stopped: 0.0007304 seconds, Stopping threads took: 0.0000169 seconds
258.359: [GC (Allocation Failure)  431522K->116076K(1035264K), 0.0038494 secs]
258.363: Total time for which application threads were stopped: 0.0040084 seconds, Stopping threads took: 0.0000201 seconds
258.430: [GC (Allocation Failure)  438124K->120052K(1034752K), 0.0053391 secs]
258.436: Total time for which application threads were stopped: 0.0055113 seconds, Stopping threads took: 0.0000206 seconds
258.504: [GC (Allocation Failure)  442100K->116178K(1035776K), 0.0025934 secs]
258.507: Total time for which application threads were stopped: 0.0027473 seconds, Stopping threads took: 0.0000193 seconds
258.576: [GC (Allocation Failure)  439762K->120172K(1035776K), 0.0043309 secs]
258.580: Total time for which application threads were stopped: 0.0045102 seconds, Stopping threads took: 0.0000257 seconds
258.648: [GC (Allocation Failure)  443756K->124172K(1035776K), 0.0040362 secs]
258.652: Total time for which application threads were stopped: 0.0042478 seconds, Stopping threads took: 0.0000205 seconds
258.722: [GC (Allocation Failure)  447756K->124204K(1035776K), 0.0040462 secs]
258.726: Total time for which application threads were stopped: 0.0042177 seconds, Stopping threads took: 0.0000206 seconds
258.791: [GC (Allocation Failure)  447788K->124236K(1034752K), 0.0041015 secs]
258.796: Total time for which application threads were stopped: 0.0042724 seconds, Stopping threads took: 0.0000206 seconds
258.863: [GC (Allocation Failure)  446796K->132239K(1035264K), 0.0037566 secs]
258.867: Total time for which application threads were stopped: 0.0039277 seconds, Stopping threads took: 0.0000202 seconds
258.934: [GC (Allocation Failure)  454799K->132207K(1035264K), 0.0038214 secs]
258.938: Total time for which application threads were stopped: 0.0039804 seconds, Stopping threads took: 0.0000175 seconds
259.005: [GC (Allocation Failure)  454767K->132263K(1022464K), 0.0039933 secs]
259.009: Total time for which application threads were stopped: 0.0041613 seconds, Stopping threads took: 0.0000199 seconds
259.080: [GC (Allocation Failure)  454823K->140265K(1034752K), 0.0038101 secs]
259.084: Total time for which application threads were stopped: 0.0039754 seconds, Stopping threads took: 0.0000260 seconds
259.152: [GC (Allocation Failure)  461801K->140233K(1034752K), 0.0037728 secs]
259.156: Total time for which application threads were stopped: 0.0039550 seconds, Stopping threads took: 0.0000202 seconds
259.223: [GC (Allocation Failure)  461769K->140489K(1034752K), 0.0039152 secs]
259.227: Total time for which application threads were stopped: 0.0040941 seconds, Stopping threads took: 0.0000220 seconds
259.295: [GC (Allocation Failure)  462025K->148267K(1034752K), 0.0040230 secs]
259.299: Total time for which application threads were stopped: 0.0042003 seconds, Stopping threads took: 0.0000216 seconds
259.367: [GC (Allocation Failure)  469803K->148267K(1034752K), 0.0040546 secs]
259.371: Total time for which application threads were stopped: 0.0042255 seconds, Stopping threads took: 0.0000200 seconds
259.436: [GC (Allocation Failure)  469803K->148715K(1021440K), 0.0040803 secs]
259.440: Total time for which application threads were stopped: 0.0042910 seconds, Stopping threads took: 0.0000205 seconds
259.510: [GC (Allocation Failure)  470251K->156301K(1034240K), 0.0037933 secs]
259.514: Total time for which application threads were stopped: 0.0039424 seconds, Stopping threads took: 0.0000165 seconds
259.583: [GC (Allocation Failure)  476813K->156301K(1034240K), 0.0037485 secs]
259.587: Total time for which application threads were stopped: 0.0039061 seconds, Stopping threads took: 0.0000255 seconds
259.654: [GC (Allocation Failure)  476813K->156461K(1034240K), 0.0040525 secs]
259.658: Total time for which application threads were stopped: 0.0042347 seconds, Stopping threads took: 0.0000263 seconds
259.726: [GC (Allocation Failure)  476973K->164336K(1034240K), 0.0039597 secs]
259.730: Total time for which application threads were stopped: 0.0041216 seconds, Stopping threads took: 0.0000194 seconds
259.798: [GC (Allocation Failure)  484848K->164368K(1034240K), 0.0045020 secs]
259.802: Total time for which application threads were stopped: 0.0046732 seconds, Stopping threads took: 0.0000202 seconds
259.868: [GC (Allocation Failure)  484880K->164392K(1020416K), 0.0038664 secs]
259.871: Total time for which application threads were stopped: 0.0040443 seconds, Stopping threads took: 0.0000205 seconds
259.941: [GC (Allocation Failure)  484904K->172330K(1033728K), 0.0038854 secs]
259.945: Total time for which application threads were stopped: 0.0040470 seconds, Stopping threads took: 0.0000202 seconds
260.012: [GC (Allocation Failure)  491818K->172362K(1033728K), 0.0039722 secs]
260.016: Total time for which application threads were stopped: 0.0041718 seconds, Stopping threads took: 0.0000386 seconds
260.081: [GC (Allocation Failure)  491850K->172426K(1033728K), 0.0041338 secs]
260.085: Total time for which application threads were stopped: 0.0043110 seconds, Stopping threads took: 0.0000272 seconds
260.152: [GC (Allocation Failure)  491914K->180396K(1033728K), 0.0047889 secs]
260.157: Total time for which application threads were stopped: 0.0049828 seconds, Stopping threads took: 0.0000195 seconds
260.223: [GC (Allocation Failure)  499884K->180396K(1033728K), 0.0039309 secs]
260.228: Total time for which application threads were stopped: 0.0041139 seconds, Stopping threads took: 0.0000176 seconds
260.296: [GC (Allocation Failure)  499884K->180620K(1033728K), 0.0041390 secs]
260.300: Total time for which application threads were stopped: 0.0042890 seconds, Stopping threads took: 0.0000170 seconds
260.366: [GC (Allocation Failure)  500108K->188431K(1033728K), 0.0038703 secs]
260.370: Total time for which application threads were stopped: 0.0040522 seconds, Stopping threads took: 0.0000195 seconds
260.437: [GC (Allocation Failure)  507918K->184524K(1033728K), 0.0026861 secs]
260.439: Total time for which application threads were stopped: 0.0028692 seconds, Stopping threads took: 0.0000205 seconds
260.509: [GC (Allocation Failure)  504012K->188583K(1034752K), 0.0041021 secs]
260.513: Total time for which application threads were stopped: 0.0043043 seconds, Stopping threads took: 0.0000216 seconds
260.583: [GC (Allocation Failure)  509607K->192583K(1034240K), 0.0038942 secs]
260.587: Total time for which application threads were stopped: 0.0040716 seconds, Stopping threads took: 0.0000268 seconds
260.653: [GC (Allocation Failure)  513607K->186788K(1034752K), 0.0018080 secs]
260.654: Total time for which application threads were stopped: 0.0019568 seconds, Stopping threads took: 0.0000200 seconds
260.722: [GC (Allocation Failure)  508324K->192591K(1034752K), 0.0040100 secs]
260.726: Total time for which application threads were stopped: 0.0041835 seconds, Stopping threads took: 0.0000205 seconds
260.792: [GC (Allocation Failure)  514127K->196703K(1035264K), 0.0045447 secs]
260.797: Total time for which application threads were stopped: 0.0047152 seconds, Stopping threads took: 0.0000209 seconds
260.864: [GC (Allocation Failure)  519001K->192828K(1035264K), 0.0026889 secs]
260.867: Total time for which application threads were stopped: 0.0028440 seconds, Stopping threads took: 0.0000200 seconds
260.938: [GC (Allocation Failure)  515388K->196855K(1036288K), 0.0039862 secs]
260.942: Total time for which application threads were stopped: 0.0041790 seconds, Stopping threads took: 0.0000198 seconds
261.012: [GC (Allocation Failure)  520951K->200823K(1035776K), 0.0040642 secs]
261.016: Total time for which application threads were stopped: 0.0042338 seconds, Stopping threads took: 0.0000201 seconds
261.083: [GC (Allocation Failure)  524919K->200823K(1035776K), 0.0039469 secs]
261.087: Total time for which application threads were stopped: 0.0041274 seconds, Stopping threads took: 0.0000280 seconds
261.156: [GC (Allocation Failure)  524407K->200887K(1023488K), 0.0040847 secs]
261.160: Total time for which application threads were stopped: 0.0042627 seconds, Stopping threads took: 0.0000201 seconds
261.230: [GC (Allocation Failure)  524471K->208857K(1035264K), 0.0041623 secs]
261.234: Total time for which application threads were stopped: 0.0043627 seconds, Stopping threads took: 0.0000202 seconds
261.302: [GC (Allocation Failure)  531417K->208889K(1030144K), 0.0038294 secs]
261.306: Total time for which application threads were stopped: 0.0039945 seconds, Stopping threads took: 0.0000203 seconds
261.374: [GC (Allocation Failure)  531449K->208921K(1034752K), 0.0040190 secs]
261.378: Total time for which application threads were stopped: 0.0042162 seconds, Stopping threads took: 0.0000204 seconds
261.447: [GC (Allocation Failure)  530457K->216923K(1029120K), 0.0041600 secs]
261.451: Total time for which application threads were stopped: 0.0043132 seconds, Stopping threads took: 0.0000157 seconds
261.519: [GC (Allocation Failure)  538459K->216891K(1034240K), 0.0039769 secs]
261.523: Total time for which application threads were stopped: 0.0041548 seconds, Stopping threads took: 0.0000198 seconds
261.592: [GC (Allocation Failure)  537403K->217107K(1034240K), 0.0039319 secs]
261.596: Total time for which application threads were stopped: 0.0041012 seconds, Stopping threads took: 0.0000259 seconds
261.663: [GC (Allocation Failure)  537619K->224949K(1034240K), 0.0039577 secs]
261.667: Total time for which application threads were stopped: 0.0041288 seconds, Stopping threads took: 0.0000202 seconds
261.735: [GC (Allocation Failure)  545461K->224949K(1028096K), 0.0043558 secs]
261.740: Total time for which application threads were stopped: 0.0045288 seconds, Stopping threads took: 0.0000203 seconds
261.807: [GC (Allocation Failure)  545461K->225341K(1033728K), 0.0041057 secs]
261.811: Total time for which application threads were stopped: 0.0042783 seconds, Stopping threads took: 0.0000201 seconds
261.879: [GC (Allocation Failure)  544829K->232992K(1033728K), 0.0043142 secs]
261.883: Total time for which application threads were stopped: 0.0044873 seconds, Stopping threads took: 0.0000201 seconds
261.952: [GC (Allocation Failure)  552480K->232992K(1033728K), 0.0040962 secs]
261.956: Total time for which application threads were stopped: 0.0042599 seconds, Stopping threads took: 0.0000200 seconds
262.022: [GC (Allocation Failure)  552480K->233096K(1033728K), 0.0039689 secs]
262.027: Total time for which application threads were stopped: 0.0041699 seconds, Stopping threads took: 0.0000177 seconds
262.096: [GC (Allocation Failure)  552584K->241002K(1033728K), 0.0042073 secs]
262.100: Total time for which application threads were stopped: 0.0043839 seconds, Stopping threads took: 0.0000198 seconds
262.168: [GC (Allocation Failure)  560490K->240970K(1033728K), 0.0042453 secs]
262.172: Total time for which application threads were stopped: 0.0044200 seconds, Stopping threads took: 0.0000215 seconds
262.238: [GC (Allocation Failure)  560458K->241066K(1033728K), 0.0041499 secs]
262.242: Total time for which application threads were stopped: 0.0043153 seconds, Stopping threads took: 0.0000202 seconds
262.309: [GC (Allocation Failure)  560554K->249004K(1027072K), 0.0042336 secs]
262.313: Total time for which application threads were stopped: 0.0044050 seconds, Stopping threads took: 0.0000207 seconds
262.378: [GC (Allocation Failure)  568492K->245130K(1034240K), 0.0029084 secs]
262.381: Total time for which application threads were stopped: 0.0030731 seconds, Stopping threads took: 0.0000200 seconds
262.448: [GC (Allocation Failure)  564618K->249164K(1033216K), 0.0040869 secs]
262.453: Total time for which application threads were stopped: 0.0042479 seconds, Stopping threads took: 0.0000193 seconds
262.520: [GC (Allocation Failure)  568652K->253164K(1034752K), 0.0042183 secs]
262.524: Total time for which application threads were stopped: 0.0044083 seconds, Stopping threads took: 0.0000196 seconds
262.591: [GC (Allocation Failure)  574700K->246410K(1034752K), 0.0014385 secs]
262.593: Total time for which application threads were stopped: 0.0015758 seconds, Stopping threads took: 0.0000280 seconds
262.662: [GC (Allocation Failure)  567946K->253260K(1034752K), 0.0039110 secs]
262.666: Total time for which application threads were stopped: 0.0040892 seconds, Stopping threads took: 0.0000277 seconds
262.732: [GC (Allocation Failure)  574796K->257300K(1034752K), 0.0051102 secs]
262.737: Total time for which application threads were stopped: 0.0052828 seconds, Stopping threads took: 0.0000200 seconds
262.803: [GC (Allocation Failure)  578836K->251730K(1034752K), 0.0020018 secs]
262.805: Total time for which application threads were stopped: 0.0021514 seconds, Stopping threads took: 0.0000205 seconds
262.872: [GC (Allocation Failure)  573266K->257572K(1034752K), 0.0043137 secs]
262.876: Total time for which application threads were stopped: 0.0044866 seconds, Stopping threads took: 0.0000209 seconds
262.946: [GC (Allocation Failure)  579108K->261444K(1035264K), 0.0043931 secs]
262.951: Total time for which application threads were stopped: 0.0045563 seconds, Stopping threads took: 0.0000210 seconds
263.017: [GC (Allocation Failure)  583932K->257506K(1035264K), 0.0029638 secs]
263.020: Total time for which application threads were stopped: 0.0031218 seconds, Stopping threads took: 0.0000199 seconds
263.089: [GC (Allocation Failure)  580066K->261612K(1036288K), 0.0042995 secs]
263.093: Total time for which application threads were stopped: 0.0044828 seconds, Stopping threads took: 0.0000259 seconds
263.163: [GC (Allocation Failure)  585708K->265612K(1035776K), 0.0040576 secs]
263.167: Total time for which application threads were stopped: 0.0042318 seconds, Stopping threads took: 0.0000205 seconds
263.238: [GC (Allocation Failure)  589708K->265580K(1035776K), 0.0041012 secs]
263.242: Total time for which application threads were stopped: 0.0042695 seconds, Stopping threads took: 0.0000212 seconds
263.310: [GC (Allocation Failure)  589164K->265636K(1023488K), 0.0043465 secs]
263.315: Total time for which application threads were stopped: 0.0045178 seconds, Stopping threads took: 0.0000201 seconds
263.381: [GC (Allocation Failure)  589220K->273606K(1035264K), 0.0043255 secs]
263.386: Total time for which application threads were stopped: 0.0044915 seconds, Stopping threads took: 0.0000200 seconds
263.454: [GC (Allocation Failure)  596166K->273606K(1030144K), 0.0041538 secs]
263.458: Total time for which application threads were stopped: 0.0043348 seconds, Stopping threads took: 0.0000199 seconds
263.526: [GC (Allocation Failure)  596166K->273630K(1034752K), 0.0054292 secs]
263.531: Total time for which application threads were stopped: 0.0056036 seconds, Stopping threads took: 0.0000200 seconds
263.600: [GC (Allocation Failure)  595166K->281633K(1029120K), 0.0064549 secs]
263.606: Total time for which application threads were stopped: 0.0066382 seconds, Stopping threads took: 0.0000260 seconds
263.676: [GC (Allocation Failure)  603169K->281665K(1034240K), 0.0039245 secs]
263.680: Total time for which application threads were stopped: 0.0041072 seconds, Stopping threads took: 0.0000268 seconds
263.747: [GC (Allocation Failure)  602177K->281897K(1034240K), 0.0042987 secs]
263.752: Total time for which application threads were stopped: 0.0044756 seconds, Stopping threads took: 0.0000218 seconds
263.821: [GC (Allocation Failure)  602409K->289643K(1034240K), 0.0041744 secs]
263.825: Total time for which application threads were stopped: 0.0043442 seconds, Stopping threads took: 0.0000216 seconds
263.893: [GC (Allocation Failure)  610155K->289707K(1034240K), 0.0042815 secs]
263.897: Total time for which application threads were stopped: 0.0044877 seconds, Stopping threads took: 0.0000200 seconds
263.967: [GC (Allocation Failure)  610219K->290123K(1033216K), 0.0042635 secs]
263.971: Total time for which application threads were stopped: 0.0044312 seconds, Stopping threads took: 0.0000194 seconds
264.040: [GC (Allocation Failure)  609611K->297773K(1033728K), 0.0042973 secs]
264.044: Total time for which application threads were stopped: 0.0044553 seconds, Stopping threads took: 0.0000193 seconds
264.112: [GC (Allocation Failure)  617261K->297709K(1033728K), 0.0040541 secs]
264.116: Total time for which application threads were stopped: 0.0042449 seconds, Stopping threads took: 0.0000202 seconds
264.181: [GC (Allocation Failure)  617197K->297837K(1033728K), 0.0042242 secs]
264.185: Total time for which application threads were stopped: 0.0043855 seconds, Stopping threads took: 0.0000191 seconds
264.254: [GC (Allocation Failure)  617325K->305743K(1033728K), 0.0040838 secs]
264.259: Total time for which application threads were stopped: 0.0042505 seconds, Stopping threads took: 0.0000192 seconds
264.326: [GC (Allocation Failure)  625231K->305743K(1033728K), 0.0041620 secs]
264.330: Total time for which application threads were stopped: 0.0043231 seconds, Stopping threads took: 0.0000192 seconds
264.397: [GC (Allocation Failure)  625231K->305799K(1033728K), 0.0042127 secs]
264.401: Total time for which application threads were stopped: 0.0043689 seconds, Stopping threads took: 0.0000194 seconds
264.469: [GC (Allocation Failure)  625287K->313770K(1027072K), 0.0042738 secs]
264.474: Total time for which application threads were stopped: 0.0044357 seconds, Stopping threads took: 0.0000170 seconds
264.539: [GC (Allocation Failure)  633257K->309863K(1034240K), 0.0032532 secs]
264.542: Total time for which application threads were stopped: 0.0034314 seconds, Stopping threads took: 0.0000274 seconds
264.610: [GC (Allocation Failure)  629351K->313930K(1033216K), 0.0041259 secs]
264.615: Total time for which application threads were stopped: 0.0042972 seconds, Stopping threads took: 0.0000196 seconds
264.684: [GC (Allocation Failure)  633418K->317898K(1034752K), 0.0041363 secs]
264.688: Total time for which application threads were stopped: 0.0043262 seconds, Stopping threads took: 0.0000204 seconds
264.757: [GC (Allocation Failure)  639434K->311111K(1034752K), 0.0016314 secs]
264.759: Total time for which application threads were stopped: 0.0017734 seconds, Stopping threads took: 0.0000209 seconds
264.828: [GC (Allocation Failure)  632647K->317970K(1034752K), 0.0041340 secs]
264.832: Total time for which application threads were stopped: 0.0042870 seconds, Stopping threads took: 0.0000171 seconds
264.898: [GC (Allocation Failure)  639506K->322042K(1034752K), 0.0069199 secs]
264.905: Total time for which application threads were stopped: 0.0070839 seconds, Stopping threads took: 0.0000270 seconds
264.971: [GC (Allocation Failure)  643578K->316503K(1034752K), 0.0023151 secs]
264.973: Total time for which application threads were stopped: 0.0024678 seconds, Stopping threads took: 0.0000203 seconds
265.040: [GC (Allocation Failure)  638039K->322314K(1034752K), 0.0043378 secs]
265.045: Total time for which application threads were stopped: 0.0045115 seconds, Stopping threads took: 0.0000196 seconds
265.112: [GC (Allocation Failure)  643850K->326218K(1034752K), 0.0044279 secs]
265.117: Total time for which application threads were stopped: 0.0045964 seconds, Stopping threads took: 0.0000282 seconds
265.183: [GC (Allocation Failure)  648706K->322279K(1035264K), 0.0029931 secs]
265.186: Total time for which application threads were stopped: 0.0031672 seconds, Stopping threads took: 0.0000199 seconds
265.256: [GC (Allocation Failure)  644839K->326346K(1036288K), 0.0043494 secs]
265.260: Total time for which application threads were stopped: 0.0045139 seconds, Stopping threads took: 0.0000260 seconds
265.328: [GC (Allocation Failure)  650442K->330346K(1035776K), 0.0041368 secs]
265.332: Total time for which application threads were stopped: 0.0042890 seconds, Stopping threads took: 0.0000251 seconds
265.400: [GC (Allocation Failure)  654442K->330346K(1035776K), 0.0041494 secs]
265.405: Total time for which application threads were stopped: 0.0042991 seconds, Stopping threads took: 0.0000176 seconds
265.472: [GC (Allocation Failure)  653930K->330378K(1023488K), 0.0045204 secs]
265.477: Total time for which application threads were stopped: 0.0047183 seconds, Stopping threads took: 0.0000255 seconds
265.543: [GC (Allocation Failure)  653962K->338348K(1035264K), 0.0044277 secs]
265.548: Total time for which application threads were stopped: 0.0046019 seconds, Stopping threads took: 0.0000209 seconds
265.615: [GC (Allocation Failure)  660908K->338348K(1030144K), 0.0040200 secs]
265.620: Total time for which application threads were stopped: 0.0041979 seconds, Stopping threads took: 0.0000274 seconds
265.689: [GC (Allocation Failure)  660908K->338404K(1034752K), 0.0043510 secs]
265.693: Total time for which application threads were stopped: 0.0045145 seconds, Stopping threads took: 0.0000252 seconds
265.761: [GC (Allocation Failure)  659940K->346374K(1029120K), 0.0044029 secs]
265.765: Total time for which application threads were stopped: 0.0045735 seconds, Stopping threads took: 0.0000193 seconds
265.835: [GC (Allocation Failure)  667910K->346342K(1034240K), 0.0043257 secs]
265.839: Total time for which application threads were stopped: 0.0044895 seconds, Stopping threads took: 0.0000207 seconds
265.908: [GC (Allocation Failure)  666854K->346590K(1034240K), 0.0057271 secs]
265.914: Total time for which application threads were stopped: 0.0059344 seconds, Stopping threads took: 0.0000201 seconds
265.983: [GC (Allocation Failure)  667102K->354369K(1034240K), 0.0040825 secs]
265.987: Total time for which application threads were stopped: 0.0042409 seconds, Stopping threads took: 0.0000187 seconds
266.055: [GC (Allocation Failure)  674881K->354401K(1034240K), 0.0044085 secs]
266.060: Total time for which application threads were stopped: 0.0045981 seconds, Stopping threads took: 0.0000202 seconds
266.127: [GC (Allocation Failure)  674913K->354857K(1034240K), 0.0042981 secs]
266.132: Total time for which application threads were stopped: 0.0044676 seconds, Stopping threads took: 0.0000273 seconds
266.199: [GC (Allocation Failure)  675369K->362475K(1028096K), 0.0043816 secs]
266.204: Total time for which application threads were stopped: 0.0045541 seconds, Stopping threads took: 0.0000207 seconds
266.270: [GC (Allocation Failure)  682987K->362443K(1033728K), 0.0043794 secs]
266.275: Total time for which application threads were stopped: 0.0045451 seconds, Stopping threads took: 0.0000203 seconds
266.340: [GC (Allocation Failure)  681931K->362571K(1033728K), 0.0041924 secs]
266.344: Total time for which application threads were stopped: 0.0043874 seconds, Stopping threads took: 0.0000202 seconds
266.413: [GC (Allocation Failure)  682059K->370509K(1033728K), 0.0042959 secs]
266.418: Total time for which application threads were stopped: 0.0044731 seconds, Stopping threads took: 0.0000276 seconds
266.485: [GC (Allocation Failure)  689997K->370445K(1033728K), 0.0043444 secs]
266.490: Total time for which application threads were stopped: 0.0045040 seconds, Stopping threads took: 0.0000194 seconds
266.556: [GC (Allocation Failure)  689933K->370541K(1033728K), 0.0045566 secs]
266.560: Total time for which application threads were stopped: 0.0047564 seconds, Stopping threads took: 0.0000193 seconds
266.626: [GC (Allocation Failure)  690029K->378543K(1027072K), 0.0043552 secs]
266.631: Total time for which application threads were stopped: 0.0045233 seconds, Stopping threads took: 0.0000282 seconds
266.695: [GC (Allocation Failure)  698031K->374637K(1034240K), 0.0034208 secs]
266.699: Total time for which application threads were stopped: 0.0035869 seconds, Stopping threads took: 0.0000280 seconds
266.766: [GC (Allocation Failure)  694125K->378631K(1033216K), 0.0045934 secs]
266.771: Total time for which application threads were stopped: 0.0047863 seconds, Stopping threads took: 0.0000193 seconds
266.839: [GC (Allocation Failure)  698119K->382663K(1034752K), 0.0044168 secs]
266.844: Total time for which application threads were stopped: 0.0045666 seconds, Stopping threads took: 0.0000167 seconds
266.911: [GC (Allocation Failure)  704199K->375877K(1034752K), 0.0023389 secs]
266.914: Total time for which application threads were stopped: 0.0024962 seconds, Stopping threads took: 0.0000252 seconds
266.981: [GC (Allocation Failure)  697413K->382703K(1034752K), 0.0042040 secs]
266.985: Total time for which application threads were stopped: 0.0043915 seconds, Stopping threads took: 0.0000177 seconds
267.053: [GC (Allocation Failure)  704239K->386751K(1034752K), 0.0052184 secs]
267.058: Total time for which application threads were stopped: 0.0053753 seconds, Stopping threads took: 0.0000179 seconds
267.125: [GC (Allocation Failure)  708287K->381213K(1034752K), 0.0022577 secs]
267.127: Total time for which application threads were stopped: 0.0024322 seconds, Stopping threads took: 0.0000200 seconds
267.196: [GC (Allocation Failure)  702749K->387055K(1034752K), 0.0044950 secs]
267.201: Total time for which application threads were stopped: 0.0046586 seconds, Stopping threads took: 0.0000201 seconds
267.268: [GC (Allocation Failure)  708591K->390927K(1034752K), 0.0048062 secs]
267.273: Total time for which application threads were stopped: 0.0049831 seconds, Stopping threads took: 0.0000202 seconds
267.342: [GC (Allocation Failure)  713416K->386989K(1035264K), 0.0031746 secs]
267.345: Total time for which application threads were stopped: 0.0033532 seconds, Stopping threads took: 0.0000210 seconds
267.415: [GC (Allocation Failure)  709549K->391087K(1036288K), 0.0045348 secs]
267.419: Total time for which application threads were stopped: 0.0047077 seconds, Stopping threads took: 0.0000207 seconds
267.488: [GC (Allocation Failure)  715183K->395087K(1035776K), 0.0043056 secs]
267.493: Total time for which application threads were stopped: 0.0044667 seconds, Stopping threads took: 0.0000200 seconds
267.561: [GC (Allocation Failure)  719183K->395087K(1035776K), 0.0047214 secs]
267.566: Total time for which application threads were stopped: 0.0048759 seconds, Stopping threads took: 0.0000196 seconds
267.637: [GC (Allocation Failure)  718671K->395111K(1023488K), 0.0043821 secs]
267.641: Total time for which application threads were stopped: 0.0045529 seconds, Stopping threads took: 0.0000285 seconds
267.708: [GC (Allocation Failure)  718695K->403082K(1035264K), 0.0044847 secs]
267.712: Total time for which application threads were stopped: 0.0046533 seconds, Stopping threads took: 0.0000280 seconds
267.780: [GC (Allocation Failure)  725642K->403050K(1030144K), 0.0043297 secs]
267.785: Total time for which application threads were stopped: 0.0044866 seconds, Stopping threads took: 0.0000191 seconds
267.852: [GC (Allocation Failure)  725610K->403146K(1034752K), 0.0043620 secs]
267.857: Total time for which application threads were stopped: 0.0045217 seconds, Stopping threads took: 0.0000193 seconds
267.925: [GC (Allocation Failure)  724682K->411148K(1029120K), 0.0044719 secs]
267.930: Total time for which application threads were stopped: 0.0046346 seconds, Stopping threads took: 0.0000205 seconds
267.998: [GC (Allocation Failure)  732684K->411116K(1034240K), 0.0043921 secs]
268.003: Total time for which application threads were stopped: 0.0045688 seconds, Stopping threads took: 0.0000209 seconds
268.070: [GC (Allocation Failure)  731628K->411340K(1034240K), 0.0044021 secs]
268.074: Total time for which application threads were stopped: 0.0045628 seconds, Stopping threads took: 0.0000205 seconds
268.143: [GC (Allocation Failure)  731852K->419150K(1034240K), 0.0042389 secs]
268.147: Total time for which application threads were stopped: 0.0043985 seconds, Stopping threads took: 0.0000194 seconds
268.215: [GC (Allocation Failure)  739662K->419118K(1034240K), 0.0051858 secs]
268.221: Total time for which application threads were stopped: 0.0053620 seconds, Stopping threads took: 0.0000193 seconds
268.288: [GC (Allocation Failure)  739630K->419558K(1033216K), 0.0044355 secs]
268.293: Total time for which application threads were stopped: 0.0046066 seconds, Stopping threads took: 0.0000201 seconds
268.360: [GC (Allocation Failure)  739046K->427176K(1033728K), 0.0044292 secs]
268.365: Total time for which application threads were stopped: 0.0046037 seconds, Stopping threads took: 0.0000193 seconds
268.433: [GC (Allocation Failure)  746664K->427144K(1033728K), 0.0050456 secs]
268.438: Total time for which application threads were stopped: 0.0052001 seconds, Stopping threads took: 0.0000191 seconds
268.503: [GC (Allocation Failure)  746632K->427304K(1033728K), 0.0046156 secs]
268.508: Total time for which application threads were stopped: 0.0047953 seconds, Stopping threads took: 0.0000196 seconds
268.575: [GC (Allocation Failure)  746792K->435211K(1033728K), 0.0050946 secs]
268.581: Total time for which application threads were stopped: 0.0052625 seconds, Stopping threads took: 0.0000195 seconds
268.648: [GC (Allocation Failure)  754699K->435179K(1033728K), 0.0045031 secs]
268.652: Total time for which application threads were stopped: 0.0046724 seconds, Stopping threads took: 0.0000195 seconds
268.719: [GC (Allocation Failure)  754667K->435275K(1033728K), 0.0045680 secs]
268.724: Total time for which application threads were stopped: 0.0047351 seconds, Stopping threads took: 0.0000199 seconds
268.791: [GC (Allocation Failure)  754763K->443277K(1027072K), 0.0045034 secs]
268.796: Total time for which application threads were stopped: 0.0046779 seconds, Stopping threads took: 0.0000207 seconds
268.861: [GC (Allocation Failure)  762764K->439371K(1034240K), 0.0034121 secs]
268.865: Total time for which application threads were stopped: 0.0036034 seconds, Stopping threads took: 0.0000197 seconds
268.935: [GC (Allocation Failure)  758859K->443405K(1033216K), 0.0044650 secs]
268.940: Total time for which application threads were stopped: 0.0046272 seconds, Stopping threads took: 0.0000201 seconds
269.008: [GC (Allocation Failure)  762893K->447405K(1034752K), 0.0045536 secs]
269.012: Total time for which application threads were stopped: 0.0047260 seconds, Stopping threads took: 0.0000203 seconds
269.081: [GC (Allocation Failure)  768941K->440587K(1034752K), 0.0018868 secs]
269.083: Total time for which application threads were stopped: 0.0020248 seconds, Stopping threads took: 0.0000263 seconds
269.150: [GC (Allocation Failure)  762123K->447445K(1034752K), 0.0043700 secs]
269.154: Total time for which application threads were stopped: 0.0045334 seconds, Stopping threads took: 0.0000264 seconds
269.220: [GC (Allocation Failure)  768981K->451525K(1034752K), 0.0054624 secs]
269.226: Total time for which application threads were stopped: 0.0056220 seconds, Stopping threads took: 0.0000204 seconds
269.292: [GC (Allocation Failure)  773061K->445955K(1034752K), 0.0026125 secs]
269.294: Total time for which application threads were stopped: 0.0027802 seconds, Stopping threads took: 0.0000203 seconds
269.362: [GC (Allocation Failure)  767491K->451789K(1034752K), 0.0045574 secs]
269.366: Total time for which application threads were stopped: 0.0047418 seconds, Stopping threads took: 0.0000200 seconds
269.435: [GC (Allocation Failure)  773325K->455693K(1034752K), 0.0049210 secs]
269.440: Total time for which application threads were stopped: 0.0050793 seconds, Stopping threads took: 0.0000165 seconds
269.508: [GC (Allocation Failure)  778181K->451755K(1035264K), 0.0034187 secs]
269.512: Total time for which application threads were stopped: 0.0036111 seconds, Stopping threads took: 0.0000205 seconds
269.581: [GC (Allocation Failure)  774315K->455813K(1036288K), 0.0047739 secs]
269.586: Total time for which application threads were stopped: 0.0049497 seconds, Stopping threads took: 0.0000257 seconds
269.656: [GC (Allocation Failure)  779909K->459813K(1035776K), 0.0045481 secs]
269.660: Total time for which application threads were stopped: 0.0047142 seconds, Stopping threads took: 0.0000204 seconds
269.729: [GC (Allocation Failure)  783909K->459813K(1035776K), 0.0043636 secs]
269.734: Total time for which application threads were stopped: 0.0045374 seconds, Stopping threads took: 0.0000206 seconds
269.801: [GC (Allocation Failure)  783397K->459853K(1023488K), 0.0048466 secs]
269.806: Total time for which application threads were stopped: 0.0050181 seconds, Stopping threads took: 0.0000204 seconds
269.873: [GC (Allocation Failure)  783437K->467855K(1035264K), 0.0045768 secs]
269.878: Total time for which application threads were stopped: 0.0047440 seconds, Stopping threads took: 0.0000205 seconds
269.947: [GC (Allocation Failure)  790415K->467823K(1030144K), 0.0043134 secs]
269.951: Total time for which application threads were stopped: 0.0044809 seconds, Stopping threads took: 0.0000195 seconds
270.019: [GC (Allocation Failure)  790383K->467879K(1034752K), 0.0045654 secs]
270.023: Total time for which application threads were stopped: 0.0047481 seconds, Stopping threads took: 0.0000197 seconds
270.091: [GC (Allocation Failure)  789415K->475849K(1029120K), 0.0046669 secs]
270.096: Total time for which application threads were stopped: 0.0048342 seconds, Stopping threads took: 0.0000206 seconds
270.164: [GC (Allocation Failure)  797385K->475881K(1034240K), 0.0042443 secs]
270.169: Total time for which application threads were stopped: 0.0043999 seconds, Stopping threads took: 0.0000259 seconds
270.236: [GC (Allocation Failure)  796393K->476105K(1034240K), 0.0047335 secs]
270.241: Total time for which application threads were stopped: 0.0049268 seconds, Stopping threads took: 0.0000205 seconds
270.311: [GC (Allocation Failure)  796617K->483916K(1034240K), 0.0045600 secs]
270.315: Total time for which application threads were stopped: 0.0047373 seconds, Stopping threads took: 0.0000275 seconds
270.383: [GC (Allocation Failure)  804428K->483916K(1034240K), 0.0046501 secs]
270.388: Total time for which application threads were stopped: 0.0048322 seconds, Stopping threads took: 0.0000199 seconds
270.456: [GC (Allocation Failure)  804428K->484332K(1033216K), 0.0047777 secs]
270.461: Total time for which application threads were stopped: 0.0049586 seconds, Stopping threads took: 0.0000218 seconds
270.529: [GC (Allocation Failure)  803820K->491950K(1033728K), 0.0046590 secs]
270.533: Total time for which application threads were stopped: 0.0048216 seconds, Stopping threads took: 0.0000202 seconds
270.602: [GC (Allocation Failure)  811438K->491950K(1033728K), 0.0044498 secs]
270.607: Total time for which application threads were stopped: 0.0046264 seconds, Stopping threads took: 0.0000258 seconds
270.672: [GC (Allocation Failure)  811438K->492046K(1033728K), 0.0045787 secs]
270.676: Total time for which application threads were stopped: 0.0047344 seconds, Stopping threads took: 0.0000256 seconds
270.744: [GC (Allocation Failure)  811534K->499984K(1033728K), 0.0043823 secs]
270.749: Total time for which application threads were stopped: 0.0045832 seconds, Stopping threads took: 0.0000213 seconds
270.817: [GC (Allocation Failure)  819472K->499984K(1033728K), 0.0045838 secs]
270.822: Total time for which application threads were stopped: 0.0047447 seconds, Stopping threads took: 0.0000199 seconds
270.889: [GC (Allocation Failure)  819472K->500008K(1032704K), 0.0048058 secs]
270.893: Total time for which application threads were stopped: 0.0049812 seconds, Stopping threads took: 0.0000200 seconds
270.961: [GC (Allocation Failure)  818472K->508010K(1033216K), 0.0044816 secs]
270.966: Total time for which application threads were stopped: 0.0046435 seconds, Stopping threads took: 0.0000203 seconds
271.032: [GC (Allocation Failure)  826474K->502408K(1033728K), 0.0025930 secs]
271.035: Total time for which application threads were stopped: 0.0027681 seconds, Stopping threads took: 0.0000203 seconds
271.104: [GC (Allocation Failure)  821384K->508226K(1033216K), 0.0047537 secs]
271.109: Total time for which application threads were stopped: 0.0049440 seconds, Stopping threads took: 0.0000251 seconds
271.177: [GC (Allocation Failure)  827202K->512114K(1034240K), 0.0047566 secs]
271.182: Total time for which application threads were stopped: 0.0049177 seconds, Stopping threads took: 0.0000173 seconds
271.249: [GC (Allocation Failure)  832626K->518032K(1034240K), 0.0069824 secs]
271.257: Total time for which application threads were stopped: 0.0071545 seconds, Stopping threads took: 0.0000193 seconds
271.324: [GC (Allocation Failure)  838544K->512274K(1030144K), 0.0048192 secs]
271.329: Total time for which application threads were stopped: 0.0049812 seconds, Stopping threads took: 0.0000192 seconds
271.396: [GC (Allocation Failure)  828690K->512082K(1032192K), 0.0046731 secs]
271.401: Total time for which application threads were stopped: 0.0048382 seconds, Stopping threads took: 0.0000202 seconds
271.467: [GC (Allocation Failure)  828498K->507952K(1033216K), 0.0031660 secs]
271.471: Total time for which application threads were stopped: 0.0033487 seconds, Stopping threads took: 0.0000203 seconds
271.540: [GC (Allocation Failure)  825904K->512210K(1032704K), 0.0075601 secs]
271.547: Total time for which application threads were stopped: 0.0077370 seconds, Stopping threads took: 0.0000266 seconds
271.614: [GC (Allocation Failure)  830162K->512114K(1033728K), 0.0046525 secs]
271.619: Total time for which application threads were stopped: 0.0048255 seconds, Stopping threads took: 0.0000269 seconds
271.685: [GC (Allocation Failure)  831090K->515722K(1033216K), 0.0052944 secs]
271.690: Total time for which application threads were stopped: 0.0054557 seconds, Stopping threads took: 0.0000195 seconds
271.757: [GC (Allocation Failure)  834698K->520205K(1034240K), 0.0045908 secs]
271.762: Total time for which application threads were stopped: 0.0047503 seconds, Stopping threads took: 0.0000194 seconds
271.828: [GC (Allocation Failure)  840205K->520141K(1033728K), 0.0079815 secs]
271.836: Total time for which application threads were stopped: 0.0081563 seconds, Stopping threads took: 0.0000199 seconds
271.902: [GC (Allocation Failure)  840141K->523469K(1034240K), 0.0055963 secs]
271.908: Total time for which application threads were stopped: 0.0058225 seconds, Stopping threads took: 0.0000262 seconds
271.977: [GC (Allocation Failure)  843981K->528175K(1034240K), 0.0045777 secs]
271.981: Total time for which application threads were stopped: 0.0047463 seconds, Stopping threads took: 0.0000170 seconds
272.051: [GC (Allocation Failure)  848687K->528207K(1034752K), 0.0044116 secs]
272.056: Total time for which application threads were stopped: 0.0045840 seconds, Stopping threads took: 0.0000281 seconds
272.122: [GC (Allocation Failure)  849743K->530631K(1034752K), 0.0049948 secs]
272.127: Total time for which application threads were stopped: 0.0051931 seconds, Stopping threads took: 0.0000280 seconds
272.196: [GC (Allocation Failure)  852167K->536233K(1034752K), 0.0046955 secs]
272.200: Total time for which application threads were stopped: 0.0048580 seconds, Stopping threads took: 0.0000203 seconds
272.267: [GC (Allocation Failure)  857769K->536169K(1034752K), 0.0046840 secs]
272.272: Total time for which application threads were stopped: 0.0050019 seconds, Stopping threads took: 0.0000197 seconds
272.337: [GC (Allocation Failure)  857705K->539913K(1035264K), 0.0055683 secs]
272.343: Total time for which application threads were stopped: 0.0057385 seconds, Stopping threads took: 0.0000279 seconds
272.410: [GC (Allocation Failure)  861961K->544268K(1034752K), 0.0048485 secs]
272.415: Total time for which application threads were stopped: 0.0050084 seconds, Stopping threads took: 0.0000208 seconds
272.483: [GC (Allocation Failure)  866316K->544236K(1035264K), 0.0044448 secs]
272.488: Total time for which application threads were stopped: 0.0046148 seconds, Stopping threads took: 0.0000204 seconds
272.554: [GC (Allocation Failure)  866796K->547108K(1035264K), 0.0054399 secs]
272.560: Total time for which application threads were stopped: 0.0056114 seconds, Stopping threads took: 0.0000194 seconds
272.628: [GC (Allocation Failure)  869668K->552390K(1035264K), 0.0045149 secs]
272.633: Total time for which application threads were stopped: 0.0046904 seconds, Stopping threads took: 0.0000284 seconds
272.703: [GC (Allocation Failure)  874950K->552262K(1035264K), 0.0045454 secs]
272.707: Total time for which application threads were stopped: 0.0047376 seconds, Stopping threads took: 0.0000199 seconds
272.776: [GC (Allocation Failure)  874822K->555334K(1035264K), 0.0053087 secs]
272.781: Total time for which application threads were stopped: 0.0054897 seconds, Stopping threads took: 0.0000164 seconds
272.851: [GC (Allocation Failure)  877894K->560360K(1035264K), 0.0046644 secs]
272.856: Total time for which application threads were stopped: 0.0048301 seconds, Stopping threads took: 0.0000170 seconds
272.926: [GC (Allocation Failure)  882920K->560264K(1035264K), 0.0045922 secs]
272.930: Total time for which application threads were stopped: 0.0047598 seconds, Stopping threads took: 0.0000200 seconds
272.997: [GC (Allocation Failure)  882824K->555526K(1035264K), 0.0028952 secs]
273.000: Total time for which application threads were stopped: 0.0030623 seconds, Stopping threads took: 0.0000194 seconds
273.070: [GC (Allocation Failure)  878086K->560552K(1035264K), 0.0047309 secs]
273.075: Total time for which application threads were stopped: 0.0048963 seconds, Stopping threads took: 0.0000199 seconds
273.144: [GC (Allocation Failure)  883112K->560328K(1035264K), 0.0046346 secs]
273.148: Total time for which application threads were stopped: 0.0048025 seconds, Stopping threads took: 0.0000267 seconds
273.216: [GC (Allocation Failure)  882888K->559846K(1035776K), 0.0044222 secs]
273.220: Total time for which application threads were stopped: 0.0046060 seconds, Stopping threads took: 0.0000205 seconds
273.290: [GC (Allocation Failure)  882918K->560488K(1035264K), 0.0045206 secs]
273.294: Total time for which application threads were stopped: 0.0046816 seconds, Stopping threads took: 0.0000172 seconds
273.363: [GC (Allocation Failure)  883560K->560296K(1035776K), 0.0046182 secs]
273.368: Total time for which application threads were stopped: 0.0048306 seconds, Stopping threads took: 0.0000206 seconds
273.436: [GC (Allocation Failure)  883880K->566126K(1035776K), 0.0074562 secs]
273.443: Total time for which application threads were stopped: 0.0076216 seconds, Stopping threads took: 0.0000213 seconds
273.511: [GC (Allocation Failure)  889710K->561520K(1032704K), 0.0047160 secs]
273.516: Total time for which application threads were stopped: 0.0048907 seconds, Stopping threads took: 0.0000199 seconds
273.585: [GC (Allocation Failure)  882032K->561392K(1034240K), 0.0046195 secs]
273.590: Total time for which application threads were stopped: 0.0047619 seconds, Stopping threads took: 0.0000170 seconds
273.658: [GC (Allocation Failure)  881904K->568454K(1030656K), 0.0078193 secs]
273.666: Total time for which application threads were stopped: 0.0079842 seconds, Stopping threads took: 0.0000251 seconds
273.733: [GC (Allocation Failure)  885894K->562824K(1032704K), 0.0047744 secs]
273.738: Total time for which application threads were stopped: 0.0049523 seconds, Stopping threads took: 0.0000212 seconds
273.805: [GC (Allocation Failure)  880264K->562696K(1033728K), 0.0046892 secs]
273.810: Total time for which application threads were stopped: 0.0048616 seconds, Stopping threads took: 0.0000286 seconds
273.877: [GC (Allocation Failure)  881672K->560262K(1033216K), 0.0037283 secs]
273.881: Total time for which application threads were stopped: 0.0039003 seconds, Stopping threads took: 0.0000199 seconds
273.949: [GC (Allocation Failure)  879238K->562760K(1034752K), 0.0046437 secs]
273.954: Total time for which application threads were stopped: 0.0048272 seconds, Stopping threads took: 0.0000175 seconds
274.024: [GC (Allocation Failure)  883784K->562696K(1034240K), 0.0046094 secs]
274.028: Total time for which application threads were stopped: 0.0047930 seconds, Stopping threads took: 0.0000173 seconds
274.096: [GC (Allocation Failure)  883720K->557926K(1034240K), 0.0028552 secs]
274.099: Total time for which application threads were stopped: 0.0030258 seconds, Stopping threads took: 0.0000280 seconds
274.167: [GC (Allocation Failure)  879462K->562952K(1034752K), 0.0045078 secs]
274.172: Total time for which application threads were stopped: 0.0046783 seconds, Stopping threads took: 0.0000194 seconds
274.239: [GC (Allocation Failure)  884488K->562696K(1035776K), 0.0049242 secs]
274.244: Total time for which application threads were stopped: 0.0050983 seconds, Stopping threads took: 0.0000203 seconds
274.311: [GC (Allocation Failure)  885768K->560678K(1035264K), 0.0039193 secs]
274.315: Total time for which application threads were stopped: 0.0040779 seconds, Stopping threads took: 0.0000256 seconds
274.381: [GC (Allocation Failure)  883750K->562888K(1036288K), 0.0048289 secs]
274.386: Total time for which application threads were stopped: 0.0050270 seconds, Stopping threads took: 0.0000209 seconds
274.456: [GC (Allocation Failure)  886984K->562696K(1035776K), 0.0046749 secs]
274.461: Total time for which application threads were stopped: 0.0048638 seconds, Stopping threads took: 0.0000211 seconds
274.530: [GC (Allocation Failure)  886792K->568526K(1033216K), 0.0076388 secs]
274.537: Total time for which application threads were stopped: 0.0078130 seconds, Stopping threads took: 0.0000191 seconds
274.606: [GC (Allocation Failure)  890062K->564432K(1034752K), 0.0047143 secs]
274.611: Total time for which application threads were stopped: 0.0048904 seconds, Stopping threads took: 0.0000270 seconds
274.679: [GC (Allocation Failure)  885968K->564304K(1035264K), 0.0045720 secs]
274.684: Total time for which application threads were stopped: 0.0047365 seconds, Stopping threads took: 0.0000212 seconds
274.751: [GC (Allocation Failure)  886864K->572382K(1035264K), 0.0084019 secs]
274.760: Total time for which application threads were stopped: 0.0085689 seconds, Stopping threads took: 0.0000188 seconds
274.828: [GC (Allocation Failure)  894942K->567232K(1032192K), 0.0048698 secs]
274.833: Total time for which application threads were stopped: 0.0050388 seconds, Stopping threads took: 0.0000199 seconds
274.899: [GC (Allocation Failure)  886720K->567136K(1033728K), 0.0047304 secs]
274.904: Total time for which application threads were stopped: 0.0048940 seconds, Stopping threads took: 0.0000241 seconds
274.970: [GC (Allocation Failure)  886624K->573406K(1031680K), 0.0073050 secs]
274.978: Total time for which application threads were stopped: 0.0074997 seconds, Stopping threads took: 0.0000188 seconds
275.045: [GC (Allocation Failure)  890846K->567168K(1032704K), 0.0049641 secs]
275.050: Total time for which application threads were stopped: 0.0051354 seconds, Stopping threads took: 0.0000202 seconds
275.118: [GC (Allocation Failure)  884608K->567168K(1033216K), 0.0046827 secs]
275.122: Total time for which application threads were stopped: 0.0048478 seconds, Stopping threads took: 0.0000203 seconds
275.188: [GC (Allocation Failure)  885120K->562878K(1032704K), 0.0031899 secs]
275.192: Total time for which application threads were stopped: 0.0033822 seconds, Stopping threads took: 0.0000196 seconds
275.260: [GC (Allocation Failure)  880830K->567360K(1033728K), 0.0047867 secs]
275.265: Total time for which application threads were stopped: 0.0049761 seconds, Stopping threads took: 0.0000173 seconds
275.332: [GC (Allocation Failure)  886336K->567168K(1033216K), 0.0049233 secs]
275.337: Total time for which application threads were stopped: 0.0050832 seconds, Stopping threads took: 0.0000192 seconds
275.403: [GC (Allocation Failure)  886144K->567496K(1032192K), 0.0049786 secs]
275.408: Total time for which application threads were stopped: 0.0051541 seconds, Stopping threads took: 0.0000194 seconds
275.476: [GC (Allocation Failure)  885960K->575210K(1033216K), 0.0052793 secs]
275.481: Total time for which application threads were stopped: 0.0054407 seconds, Stopping threads took: 0.0000196 seconds
275.549: [GC (Allocation Failure)  893674K->575146K(1034240K), 0.0046204 secs]
275.554: Total time for which application threads were stopped: 0.0047914 seconds, Stopping threads took: 0.0000196 seconds
275.619: [GC (Allocation Failure)  895146K->577290K(1033728K), 0.0049494 secs]
275.624: Total time for which application threads were stopped: 0.0051315 seconds, Stopping threads took: 0.0000284 seconds
275.693: [GC (Allocation Failure)  897290K->583309K(1034240K), 0.0047036 secs]
275.698: Total time for which application threads were stopped: 0.0048861 seconds, Stopping threads took: 0.0000170 seconds
275.767: [GC (Allocation Failure)  903821K->583213K(1034240K), 0.0046889 secs]
275.772: Total time for which application threads were stopped: 0.0048469 seconds, Stopping threads took: 0.0000255 seconds
275.840: [GC (Allocation Failure)  903725K->587053K(1034752K), 0.0056151 secs]
275.846: Total time for which application threads were stopped: 0.0057953 seconds, Stopping threads took: 0.0000205 seconds
275.914: [GC (Allocation Failure)  908589K->591279K(1034752K), 0.0068042 secs]
275.921: Total time for which application threads were stopped: 0.0069600 seconds, Stopping threads took: 0.0000265 seconds
275.987: [GC (Allocation Failure)  912815K->591215K(1035264K), 0.0049164 secs]
275.992: Total time for which application threads were stopped: 0.0050870 seconds, Stopping threads took: 0.0000201 seconds
276.061: [GC (Allocation Failure)  913775K->593223K(1035264K), 0.0050523 secs]
276.066: Total time for which application threads were stopped: 0.0052217 seconds, Stopping threads took: 0.0000191 seconds
276.136: [GC (Allocation Failure)  915783K->599305K(1035264K), 0.0048408 secs]
276.141: Total time for which application threads were stopped: 0.0050305 seconds, Stopping threads took: 0.0000200 seconds
276.211: [GC (Allocation Failure)  921865K->599273K(1035264K), 0.0048499 secs]
276.216: Total time for which application threads were stopped: 0.0050266 seconds, Stopping threads took: 0.0000207 seconds
276.282: [GC (Allocation Failure)  921833K->601481K(1035264K), 0.0050052 secs]
276.287: Total time for which application threads were stopped: 0.0051746 seconds, Stopping threads took: 0.0000190 seconds
276.355: [GC (Allocation Failure)  924041K->607307K(1035264K), 0.0049489 secs]
276.360: Total time for which application threads were stopped: 0.0051461 seconds, Stopping threads took: 0.0000199 seconds
276.428: [GC (Allocation Failure)  929867K->607339K(1035264K), 0.0046453 secs]
276.433: Total time for which application threads were stopped: 0.0048119 seconds, Stopping threads took: 0.0000199 seconds
276.500: [GC (Allocation Failure)  929899K->609707K(1035264K), 0.0051612 secs]
276.506: Total time for which application threads were stopped: 0.0053222 seconds, Stopping threads took: 0.0000190 seconds
276.574: [GC (Allocation Failure)  932267K->615470K(1035264K), 0.0050003 secs]
276.579: Total time for which application threads were stopped: 0.0051614 seconds, Stopping threads took: 0.0000203 seconds
276.648: [GC (Allocation Failure)  938030K->615342K(1035264K), 0.0046412 secs]
276.653: Total time for which application threads were stopped: 0.0048206 seconds, Stopping threads took: 0.0000201 seconds
276.719: [GC (Allocation Failure)  937902K->609931K(1035264K), 0.0026502 secs]
276.722: Total time for which application threads were stopped: 0.0028075 seconds, Stopping threads took: 0.0000196 seconds
276.790: [GC (Allocation Failure)  932491K->615438K(1035264K), 0.0047763 secs]
276.795: Total time for which application threads were stopped: 0.0049383 seconds, Stopping threads took: 0.0000195 seconds
276.862: [GC (Allocation Failure)  937998K->615342K(1035264K), 0.0048663 secs]
276.867: Total time for which application threads were stopped: 0.0050289 seconds, Stopping threads took: 0.0000201 seconds
276.936: [GC (Allocation Failure)  937902K->614187K(1035264K), 0.0045629 secs]
276.941: Total time for which application threads were stopped: 0.0047322 seconds, Stopping threads took: 0.0000195 seconds
277.007: [GC (Allocation Failure)  936747K->615374K(1035776K), 0.0050135 secs]
277.012: Total time for which application threads were stopped: 0.0052100 seconds, Stopping threads took: 0.0000203 seconds
277.081: [GC (Allocation Failure)  938958K->615342K(1035776K), 0.0046957 secs]
277.086: Total time for which application threads were stopped: 0.0048775 seconds, Stopping threads took: 0.0000169 seconds
277.155: [GC (Allocation Failure)  938926K->620507K(1032704K), 0.0071688 secs]
277.162: Total time for which application threads were stopped: 0.0073554 seconds, Stopping threads took: 0.0000274 seconds
277.231: [GC (Allocation Failure)  941019K->616030K(1034240K), 0.0050368 secs]
277.236: Total time for which application threads were stopped: 0.0052047 seconds, Stopping threads took: 0.0000192 seconds
277.303: [GC (Allocation Failure)  936542K->615742K(1035264K), 0.0047307 secs]
277.308: Total time for which application threads were stopped: 0.0049011 seconds, Stopping threads took: 0.0000195 seconds
277.378: [GC (Allocation Failure)  937790K->620667K(1034752K), 0.0068047 secs]
277.385: Total time for which application threads were stopped: 0.0069667 seconds, Stopping threads took: 0.0000193 seconds
277.453: [GC (Allocation Failure)  942715K->615966K(1033728K), 0.0048417 secs]
277.458: Total time for which application threads were stopped: 0.0050134 seconds, Stopping threads took: 0.0000198 seconds
277.526: [GC (Allocation Failure)  936478K->615774K(1034240K), 0.0055061 secs]
277.531: Total time for which application threads were stopped: 0.0056684 seconds, Stopping threads took: 0.0000196 seconds
277.599: [GC (Allocation Failure)  936286K->620411K(1032704K), 0.0065865 secs]
277.606: Total time for which application threads were stopped: 0.0067580 seconds, Stopping threads took: 0.0000269 seconds
277.673: [GC (Allocation Failure)  939899K->615902K(1033728K), 0.0065013 secs]
277.679: Total time for which application threads were stopped: 0.0066852 seconds, Stopping threads took: 0.0000256 seconds
277.747: [GC (Allocation Failure)  935390K->615774K(1034752K), 0.0048769 secs]
277.752: Total time for which application threads were stopped: 0.0050526 seconds, Stopping threads took: 0.0000208 seconds
277.819: [GC (Allocation Failure)  936798K->616955K(1034240K), 0.0079662 secs]
277.827: Total time for which application threads were stopped: 0.0081393 seconds, Stopping threads took: 0.0000195 seconds
277.895: [GC (Allocation Failure)  937979K->615838K(1035264K), 0.0053845 secs]
277.901: Total time for which application threads were stopped: 0.0055899 seconds, Stopping threads took: 0.0000286 seconds
277.970: [GC (Allocation Failure)  937886K->615806K(1034752K), 0.0049990 secs]
277.975: Total time for which application threads were stopped: 0.0051928 seconds, Stopping threads took: 0.0000204 seconds
278.044: [GC (Allocation Failure)  937854K->618747K(1034752K), 0.0060131 secs]
278.050: Total time for which application threads were stopped: 0.0062149 seconds, Stopping threads took: 0.0000274 seconds
278.119: [GC (Allocation Failure)  941307K->615806K(1035264K), 0.0048570 secs]
278.124: Total time for which application threads were stopped: 0.0050281 seconds, Stopping threads took: 0.0000188 seconds
278.192: [GC (Allocation Failure)  938366K->615806K(1035776K), 0.0049169 secs]
278.197: Total time for which application threads were stopped: 0.0050906 seconds, Stopping threads took: 0.0000270 seconds
278.264: [GC (Allocation Failure)  938878K->623499K(1035264K), 0.0085552 secs]
278.273: Total time for which application threads were stopped: 0.0087268 seconds, Stopping threads took: 0.0000201 seconds
278.341: [GC (Allocation Failure)  946571K->619022K(1032192K), 0.0048517 secs]
278.346: Total time for which application threads were stopped: 0.0050232 seconds, Stopping threads took: 0.0000203 seconds
278.414: [GC (Allocation Failure)  938510K->618766K(1033728K), 0.0046763 secs]
278.418: Total time for which application threads were stopped: 0.0048525 seconds, Stopping threads took: 0.0000198 seconds
278.485: [GC (Allocation Failure)  938254K->625147K(1031168K), 0.0074950 secs]
278.493: Total time for which application threads were stopped: 0.0076634 seconds, Stopping threads took: 0.0000187 seconds
278.559: [GC (Allocation Failure)  942587K->619038K(1032704K), 0.0047060 secs]
278.564: Total time for which application threads were stopped: 0.0048777 seconds, Stopping threads took: 0.0000200 seconds
278.634: [GC (Allocation Failure)  936478K->618878K(1033216K), 0.0047673 secs]
278.638: Total time for which application threads were stopped: 0.0049731 seconds, Stopping threads took: 0.0000255 seconds
278.704: [GC (Allocation Failure)  937342K->615259K(1033216K), 0.0036397 secs]
278.708: Total time for which application threads were stopped: 0.0038342 seconds, Stopping threads took: 0.0000192 seconds
278.777: [GC (Allocation Failure)  933723K->619006K(1033728K), 0.0047942 secs]
278.782: Total time for which application threads were stopped: 0.0049782 seconds, Stopping threads took: 0.0000169 seconds
278.851: [GC (Allocation Failure)  937982K->618910K(1033216K), 0.0047332 secs]
278.856: Total time for which application threads were stopped: 0.0049028 seconds, Stopping threads took: 0.0000200 seconds
278.924: [GC (Allocation Failure)  937886K->620446K(1032192K), 0.0049138 secs]
278.929: Total time for which application threads were stopped: 0.0050820 seconds, Stopping threads took: 0.0000175 seconds
278.996: [GC (Allocation Failure)  938910K->626976K(1033216K), 0.0049122 secs]
279.001: Total time for which application threads were stopped: 0.0050819 seconds, Stopping threads took: 0.0000199 seconds
279.067: [GC (Allocation Failure)  945440K->626912K(1034752K), 0.0048551 secs]
279.072: Total time for which application threads were stopped: 0.0050179 seconds, Stopping threads took: 0.0000196 seconds
279.140: [GC (Allocation Failure)  947936K->627144K(1020928K), 0.0048187 secs]
279.145: Total time for which application threads were stopped: 0.0049916 seconds, Stopping threads took: 0.0000198 seconds
279.213: [GC (Allocation Failure)  948168K->634954K(1034240K), 0.0048297 secs]
279.218: Total time for which application threads were stopped: 0.0049959 seconds, Stopping threads took: 0.0000209 seconds
279.286: [GC (Allocation Failure)  954954K->634954K(1033728K), 0.0046617 secs]
279.291: Total time for which application threads were stopped: 0.0048460 seconds, Stopping threads took: 0.0000203 seconds
279.357: [GC (Allocation Failure)  954954K->636874K(1033728K), 0.0051446 secs]
279.362: Total time for which application threads were stopped: 0.0053194 seconds, Stopping threads took: 0.0000207 seconds
279.430: [GC (Allocation Failure)  957386K->642988K(1034240K), 0.0048863 secs]
279.435: Total time for which application threads were stopped: 0.0050520 seconds, Stopping threads took: 0.0000203 seconds
279.504: [GC (Allocation Failure)  963500K->642988K(1034752K), 0.0046961 secs]
279.509: Total time for which application threads were stopped: 0.0048566 seconds, Stopping threads took: 0.0000203 seconds
279.574: [GC (Allocation Failure)  964524K->644100K(1034752K), 0.0051343 secs]
279.579: Total time for which application threads were stopped: 0.0052947 seconds, Stopping threads took: 0.0000191 seconds
279.647: [GC (Allocation Failure)  965636K->651047K(1034752K), 0.0047171 secs]
279.652: Total time for which application threads were stopped: 0.0049155 seconds, Stopping threads took: 0.0000276 seconds
279.720: [GC (Allocation Failure)  972583K->651047K(1034752K), 0.0048947 secs]
279.725: Total time for which application threads were stopped: 0.0050734 seconds, Stopping threads took: 0.0000197 seconds
279.790: [GC (Allocation Failure)  972583K->653351K(1034752K), 0.0051050 secs]
279.796: Total time for which application threads were stopped: 0.0052655 seconds, Stopping threads took: 0.0000200 seconds
279.866: [GC (Allocation Failure)  974887K->659177K(1034752K), 0.0049473 secs]
279.871: Total time for which application threads were stopped: 0.0051066 seconds, Stopping threads took: 0.0000174 seconds
279.939: [GC (Allocation Failure)  980713K->659081K(1034752K), 0.0049216 secs]
279.944: Total time for which application threads were stopped: 0.0050914 seconds, Stopping threads took: 0.0000193 seconds
280.010: [GC (Allocation Failure)  980617K->662633K(1034752K), 0.0057411 secs]
280.015: Total time for which application threads were stopped: 0.0059260 seconds, Stopping threads took: 0.0000209 seconds
280.084: [GC (Allocation Failure)  984169K->667115K(1035264K), 0.0050280 secs]
280.089: Total time for which application threads were stopped: 0.0051939 seconds, Stopping threads took: 0.0000206 seconds
280.158: [GC (Allocation Failure)  989675K->667083K(1035264K), 0.0048026 secs]
280.163: Total time for which application threads were stopped: 0.0049801 seconds, Stopping threads took: 0.0000196 seconds
280.231: [GC (Allocation Failure)  989643K->669867K(1035264K), 0.0054119 secs]
280.236: Total time for which application threads were stopped: 0.0055717 seconds, Stopping threads took: 0.0000198 seconds
280.304: [GC (Allocation Failure)  992427K->675118K(1035264K), 0.0058055 secs]
280.310: Total time for which application threads were stopped: 0.0059723 seconds, Stopping threads took: 0.0000203 seconds
280.378: [GC (Allocation Failure)  997678K->675150K(1035264K), 0.0049245 secs]
280.383: Total time for which application threads were stopped: 0.0050923 seconds, Stopping threads took: 0.0000194 seconds
280.451: [GC (Allocation Failure)  997710K->678062K(1035264K), 0.0054579 secs]
280.456: Total time for which application threads were stopped: 0.0056286 seconds, Stopping threads took: 0.0000199 seconds
280.523: [GC (Allocation Failure)  1000622K->683376K(1035264K), 0.0049922 secs]
280.528: Total time for which application threads were stopped: 0.0051791 seconds, Stopping threads took: 0.0000204 seconds
280.597: [GC (Allocation Failure)  1005936K->683184K(1035264K), 0.0049495 secs]
280.602: Total time for which application threads were stopped: 0.0051109 seconds, Stopping threads took: 0.0000267 seconds
280.667: [GC (Allocation Failure)  1005744K->678254K(1035264K), 0.0030191 secs]
280.671: Total time for which application threads were stopped: 0.0031900 seconds, Stopping threads took: 0.0000195 seconds
280.739: [GC (Allocation Failure)  1000814K->683312K(1035264K), 0.0049033 secs]
280.744: Total time for which application threads were stopped: 0.0050967 seconds, Stopping threads took: 0.0000197 seconds
280.811: [GC (Allocation Failure)  1005872K->683152K(1035264K), 0.0050108 secs]
280.817: Total time for which application threads were stopped: 0.0051676 seconds, Stopping threads took: 0.0000174 seconds
280.884: [GC (Allocation Failure)  1005712K->682542K(1035264K), 0.0048648 secs]
280.889: Total time for which application threads were stopped: 0.0050576 seconds, Stopping threads took: 0.0000192 seconds
280.958: [GC (Allocation Failure)  1005102K->683248K(1035776K), 0.0051966 secs]
280.963: Total time for which application threads were stopped: 0.0053649 seconds, Stopping threads took: 0.0000201 seconds
281.030: [GC (Allocation Failure)  1006832K->683184K(1035776K), 0.0049525 secs]
281.035: Total time for which application threads were stopped: 0.0051081 seconds, Stopping threads took: 0.0000195 seconds
281.105: [GC (Allocation Failure)  1006768K->688878K(1031680K), 0.0074542 secs]
281.112: Total time for which application threads were stopped: 0.0076141 seconds, Stopping threads took: 0.0000170 seconds
281.180: [GC (Allocation Failure)  1008366K->684144K(1033728K), 0.0049588 secs]
281.185: Total time for which application threads were stopped: 0.0051234 seconds, Stopping threads took: 0.0000256 seconds
281.254: [GC (Allocation Failure)  1003632K->684144K(1034752K), 0.0049524 secs]
281.259: Total time for which application threads were stopped: 0.0051045 seconds, Stopping threads took: 0.0000176 seconds
281.327: [GC (Allocation Failure)  1005168K->686542K(1034240K), 0.0058333 secs]
281.333: Total time for which application threads were stopped: 0.0060064 seconds, Stopping threads took: 0.0000193 seconds
281.403: [GC (Allocation Failure)  1007566K->684400K(1034752K), 0.0050916 secs]
281.408: Total time for which application threads were stopped: 0.0052587 seconds, Stopping threads took: 0.0000170 seconds
281.477: [GC (Allocation Failure)  1005424K->684176K(1034240K), 0.0057957 secs]
281.483: Total time for which application threads were stopped: 0.0059636 seconds, Stopping threads took: 0.0000278 seconds
281.548: [GC (Allocation Failure)  1005200K->686222K(1035264K), 0.0058613 secs]
281.554: Total time for which application threads were stopped: 0.0060344 seconds, Stopping threads took: 0.0000191 seconds
281.624: [GC (Allocation Failure)  1008782K->684304K(1035264K), 0.0051489 secs]
281.629: Total time for which application threads were stopped: 0.0053252 seconds, Stopping threads took: 0.0000252 seconds
281.697: [GC (Allocation Failure)  1006864K->684144K(1036288K), 0.0049536 secs]
281.702: Total time for which application threads were stopped: 0.0051251 seconds, Stopping threads took: 0.0000209 seconds
281.772: [GC (Allocation Failure)  1008240K->692006K(1035776K), 0.0088823 secs]
281.781: Total time for which application threads were stopped: 0.0090458 seconds, Stopping threads took: 0.0000201 seconds
281.850: [GC (Allocation Failure)  1016102K->687880K(1032704K), 0.0051135 secs]
281.855: Total time for which application threads were stopped: 0.0052855 seconds, Stopping threads took: 0.0000204 seconds
281.923: [GC (Allocation Failure)  1008392K->687816K(1034240K), 0.0049696 secs]
281.928: Total time for which application threads were stopped: 0.0051378 seconds, Stopping threads took: 0.0000201 seconds
281.996: [GC (Allocation Failure)  1008328K->681062K(1033216K), 0.0023114 secs]
281.998: Total time for which application threads were stopped: 0.0024599 seconds, Stopping threads took: 0.0000196 seconds
282.066: [GC (Allocation Failure)  1000550K->687864K(1033728K), 0.0049324 secs]
282.071: Total time for which application threads were stopped: 0.0050966 seconds, Stopping threads took: 0.0000197 seconds
282.139: [GC (Allocation Failure)  1007352K->691952K(1034752K), 0.0058829 secs]
282.145: Total time for which application threads were stopped: 0.0060436 seconds, Stopping threads took: 0.0000197 seconds
282.213: [GC (Allocation Failure)  1012976K->698126K(1034240K), 0.0075882 secs]
282.221: Total time for which application threads were stopped: 0.0078020 seconds, Stopping threads took: 0.0000200 seconds
282.289: [GC (Allocation Failure)  1019150K->692400K(1033216K), 0.0050642 secs]
282.294: Total time for which application threads were stopped: 0.0052381 seconds, Stopping threads took: 0.0000198 seconds
282.360: [GC (Allocation Failure)  1011888K->692368K(1033728K), 0.0049279 secs]
282.365: Total time for which application threads were stopped: 0.0050844 seconds, Stopping threads took: 0.0000197 seconds
282.433: [GC (Allocation Failure)  1011856K->695246K(1033216K), 0.0060913 secs]
282.439: Total time for which application threads were stopped: 0.0062894 seconds, Stopping threads took: 0.0000206 seconds
282.508: [GC (Allocation Failure)  1014734K->692560K(1033728K), 0.0050283 secs]
282.513: Total time for which application threads were stopped: 0.0052363 seconds, Stopping threads took: 0.0000196 seconds
282.582: [GC (Allocation Failure)  1012048K->692368K(1034752K), 0.0050195 secs]
282.587: Total time for which application threads were stopped: 0.0051812 seconds, Stopping threads took: 0.0000197 seconds
282.654: [GC (Allocation Failure)  1013392K->691822K(1034240K), 0.0047168 secs]
282.659: Total time for which application threads were stopped: 0.0048875 seconds, Stopping threads took: 0.0000279 seconds
282.725: [GC (Allocation Failure)  1012846K->692528K(1035264K), 0.0051125 secs]
282.730: Total time for which application threads were stopped: 0.0052937 seconds, Stopping threads took: 0.0000200 seconds
282.797: [GC (Allocation Failure)  1014576K->692400K(1034752K), 0.0049456 secs]
282.802: Total time for which application threads were stopped: 0.0051080 seconds, Stopping threads took: 0.0000200 seconds
282.870: [GC (Allocation Failure)  1014448K->693614K(1035776K), 0.0056356 secs]
282.876: Total time for which application threads were stopped: 0.0057974 seconds, Stopping threads took: 0.0000190 seconds
282.945: [GC (Allocation Failure)  1017198K->692464K(1035776K), 0.0050184 secs]
282.950: Total time for which application threads were stopped: 0.0051961 seconds, Stopping threads took: 0.0000195 seconds
283.018: [GC (Allocation Failure)  1016048K->692368K(1036288K), 0.0050791 secs]
283.023: Total time for which application threads were stopped: 0.0052487 seconds, Stopping threads took: 0.0000208 seconds
283.091: [GC (Allocation Failure)  1016976K->685582K(1025536K), 0.0023236 secs]
283.093: Total time for which application threads were stopped: 0.0024873 seconds, Stopping threads took: 0.0000201 seconds
283.164: [GC (Allocation Failure)  1010190K->692440K(1035776K), 0.0048026 secs]
283.169: Total time for which application threads were stopped: 0.0049619 seconds, Stopping threads took: 0.0000255 seconds
283.237: [GC (Allocation Failure)  1016024K->696512K(1035776K), 0.0060449 secs]
283.243: Total time for which application threads were stopped: 0.0062204 seconds, Stopping threads took: 0.0000267 seconds
283.312: [GC (Allocation Failure)  1020096K->696512K(1036800K), 0.0050520 secs]
283.318: Total time for which application threads were stopped: 0.0052324 seconds, Stopping threads took: 0.0000203 seconds
283.386: [GC (Allocation Failure)  1021632K->697064K(1025536K), 0.0051286 secs]
283.391: [Full GC (Ergonomics)  697064K->9017K(1025536K), 0.0132675 secs]
283.405: Total time for which application threads were stopped: 0.0186803 seconds, Stopping threads took: 0.0000204 seconds
283.474: [GC (Allocation Failure)  334137K->17627K(1035776K), 0.0036234 secs]
283.477: Total time for which application threads were stopped: 0.0037823 seconds, Stopping threads took: 0.0000261 seconds
283.546: [GC (Allocation Failure)  341211K->17619K(1035776K), 0.0061392 secs]
283.553: Total time for which application threads were stopped: 0.0063047 seconds, Stopping threads took: 0.0000194 seconds
283.623: [GC (Allocation Failure)  341203K->17867K(1034752K), 0.0037340 secs]
283.627: Total time for which application threads were stopped: 0.0039119 seconds, Stopping threads took: 0.0000279 seconds
283.694: [GC (Allocation Failure)  340427K->25645K(1035264K), 0.0037026 secs]
283.698: Total time for which application threads were stopped: 0.0038766 seconds, Stopping threads took: 0.0000248 seconds
283.766: [GC (Allocation Failure)  348205K->25645K(1035264K), 0.0059337 secs]
283.772: Total time for which application threads were stopped: 0.0061148 seconds, Stopping threads took: 0.0000260 seconds
283.840: [GC (Allocation Failure)  348205K->26053K(1022464K), 0.0040174 secs]
283.845: Total time for which application threads were stopped: 0.0042105 seconds, Stopping threads took: 0.0000221 seconds
283.913: [GC (Allocation Failure)  348613K->33672K(1035264K), 0.0042604 secs]
283.918: Total time for which application threads were stopped: 0.0044092 seconds, Stopping threads took: 0.0000179 seconds
283.984: [GC (Allocation Failure)  355720K->33672K(1034752K), 0.0037185 secs]
283.988: Total time for which application threads were stopped: 0.0039038 seconds, Stopping threads took: 0.0000197 seconds
284.056: [GC (Allocation Failure)  355720K->33800K(1034240K), 0.0035616 secs]
284.060: Total time for which application threads were stopped: 0.0037353 seconds, Stopping threads took: 0.0000231 seconds
284.128: [GC (Allocation Failure)  355336K->41738K(1034752K), 0.0038261 secs]
284.132: Total time for which application threads were stopped: 0.0039995 seconds, Stopping threads took: 0.0000203 seconds
284.199: [GC (Allocation Failure)  363274K->41706K(1034752K), 0.0039258 secs]
284.203: Total time for which application threads were stopped: 0.0040915 seconds, Stopping threads took: 0.0000202 seconds
284.268: [GC (Allocation Failure)  363242K->41770K(1021440K), 0.0036559 secs]
284.272: Total time for which application threads were stopped: 0.0038372 seconds, Stopping threads took: 0.0000201 seconds
284.340: [GC (Allocation Failure)  363306K->49772K(1034240K), 0.0039293 secs]
284.345: Total time for which application threads were stopped: 0.0040998 seconds, Stopping threads took: 0.0000207 seconds
284.412: [GC (Allocation Failure)  370284K->49772K(1034240K), 0.0038007 secs]
284.416: Total time for which application threads were stopped: 0.0039651 seconds, Stopping threads took: 0.0000206 seconds
284.483: [GC (Allocation Failure)  370284K->49804K(1034240K), 0.0038449 secs]
284.487: Total time for which application threads were stopped: 0.0040158 seconds, Stopping threads took: 0.0000224 seconds
284.555: [GC (Allocation Failure)  370316K->57774K(1034240K), 0.0038639 secs]
284.559: Total time for which application threads were stopped: 0.0040271 seconds, Stopping threads took: 0.0000206 seconds
284.628: [GC (Allocation Failure)  378286K->57742K(1034240K), 0.0035357 secs]
284.631: Total time for which application threads were stopped: 0.0036991 seconds, Stopping threads took: 0.0000205 seconds
284.699: [GC (Allocation Failure)  378254K->58022K(1020416K), 0.0039536 secs]
284.703: Total time for which application threads were stopped: 0.0041326 seconds, Stopping threads took: 0.0000253 seconds
284.771: [GC (Allocation Failure)  378534K->65833K(1033728K), 0.0039772 secs]
284.775: Total time for which application threads were stopped: 0.0041512 seconds, Stopping threads took: 0.0000206 seconds
284.842: [GC (Allocation Failure)  385321K->65801K(1033728K), 0.0037821 secs]
284.846: Total time for which application threads were stopped: 0.0039499 seconds, Stopping threads took: 0.0000206 seconds
284.913: [GC (Allocation Failure)  385289K->66217K(1033728K), 0.0046527 secs]
284.918: Total time for which application threads were stopped: 0.0048242 seconds, Stopping threads took: 0.0000185 seconds
284.985: [GC (Allocation Failure)  385705K->73835K(1033728K), 0.0036413 secs]
284.989: Total time for which application threads were stopped: 0.0037911 seconds, Stopping threads took: 0.0000169 seconds
285.056: [GC (Allocation Failure)  393323K->73803K(1033728K), 0.0038266 secs]
285.060: Total time for which application threads were stopped: 0.0040020 seconds, Stopping threads took: 0.0000174 seconds
285.127: [GC (Allocation Failure)  393291K->73963K(1033728K), 0.0036964 secs]
285.131: Total time for which application threads were stopped: 0.0038862 seconds, Stopping threads took: 0.0000197 seconds
285.198: [GC (Allocation Failure)  393451K->81901K(1033728K), 0.0037069 secs]
285.202: Total time for which application threads were stopped: 0.0038870 seconds, Stopping threads took: 0.0000192 seconds
285.270: [GC (Allocation Failure)  401389K->81869K(1033728K), 0.0036891 secs]
285.273: Total time for which application threads were stopped: 0.0038613 seconds, Stopping threads took: 0.0000204 seconds
285.340: [GC (Allocation Failure)  401357K->81901K(1032704K), 0.0047439 secs]
285.345: Total time for which application threads were stopped: 0.0049183 seconds, Stopping threads took: 0.0000210 seconds
285.412: [GC (Allocation Failure)  400365K->89903K(1033216K), 0.0038370 secs]
285.416: Total time for which application threads were stopped: 0.0040036 seconds, Stopping threads took: 0.0000204 seconds
285.482: [GC (Allocation Failure)  408367K->89903K(1033216K), 0.0036303 secs]
285.486: Total time for which application threads were stopped: 0.0037955 seconds, Stopping threads took: 0.0000255 seconds
285.551: [GC (Allocation Failure)  408367K->90151K(1033216K), 0.0038356 secs]
285.555: Total time for which application threads were stopped: 0.0039998 seconds, Stopping threads took: 0.0000201 seconds
285.623: [GC (Allocation Failure)  408615K->97898K(1033216K), 0.0044625 secs]
285.627: Total time for which application threads were stopped: 0.0046691 seconds, Stopping threads took: 0.0000200 seconds
285.693: [GC (Allocation Failure)  416362K->91527K(1033216K), 0.0013103 secs]
285.694: Total time for which application threads were stopped: 0.0014723 seconds, Stopping threads took: 0.0000214 seconds
285.762: [GC (Allocation Failure)  409991K->98122K(1034240K), 0.0039030 secs]
285.766: Total time for which application threads were stopped: 0.0040888 seconds, Stopping threads took: 0.0000234 seconds
285.833: [GC (Allocation Failure)  418122K->102074K(1033728K), 0.0045398 secs]
285.838: Total time for which application threads were stopped: 0.0047095 seconds, Stopping threads took: 0.0000208 seconds
285.904: [GC (Allocation Failure)  422074K->107127K(1030656K), 0.0082593 secs]
285.912: Total time for which application threads were stopped: 0.0084215 seconds, Stopping threads took: 0.0000186 seconds
285.979: [GC (Allocation Failure)  423543K->102170K(1032192K), 0.0039153 secs]
285.983: Total time for which application threads were stopped: 0.0040887 seconds, Stopping threads took: 0.0000208 seconds
286.049: [GC (Allocation Failure)  418586K->102106K(1032704K), 0.0037764 secs]
286.053: Total time for which application threads were stopped: 0.0039380 seconds, Stopping threads took: 0.0000207 seconds
286.120: [GC (Allocation Failure)  419034K->105658K(1032192K), 0.0045467 secs]
286.124: Total time for which application threads were stopped: 0.0047089 seconds, Stopping threads took: 0.0000203 seconds
286.192: [GC (Allocation Failure)  422586K->110172K(1033216K), 0.0044223 secs]
286.197: Total time for which application threads were stopped: 0.0045980 seconds, Stopping threads took: 0.0000215 seconds
286.263: [GC (Allocation Failure)  428636K->110108K(1033216K), 0.0039302 secs]
286.267: Total time for which application threads were stopped: 0.0041004 seconds, Stopping threads took: 0.0000193 seconds
286.332: [GC (Allocation Failure)  428572K->112388K(1033728K), 0.0043302 secs]
286.336: Total time for which application threads were stopped: 0.0044968 seconds, Stopping threads took: 0.0000208 seconds
286.404: [GC (Allocation Failure)  431876K->118182K(1033728K), 0.0039418 secs]
286.408: Total time for which application threads were stopped: 0.0041220 seconds, Stopping threads took: 0.0000225 seconds
286.476: [GC (Allocation Failure)  437670K->118118K(1034240K), 0.0036929 secs]
286.480: Total time for which application threads were stopped: 0.0038584 seconds, Stopping threads took: 0.0000204 seconds
286.547: [GC (Allocation Failure)  438118K->120102K(1033728K), 0.0040180 secs]
286.551: Total time for which application threads were stopped: 0.0042150 seconds, Stopping threads took: 0.0000198 seconds
286.620: [GC (Allocation Failure)  440102K->126184K(1034240K), 0.0039786 secs]
286.624: Total time for which application threads were stopped: 0.0041485 seconds, Stopping threads took: 0.0000260 seconds
286.692: [GC (Allocation Failure)  446696K->126152K(1034240K), 0.0040413 secs]
286.696: Total time for which application threads were stopped: 0.0042277 seconds, Stopping threads took: 0.0000203 seconds
286.763: [GC (Allocation Failure)  446664K->129896K(1034752K), 0.0045226 secs]
286.768: Total time for which application threads were stopped: 0.0047035 seconds, Stopping threads took: 0.0000204 seconds
286.836: [GC (Allocation Failure)  450920K->134219K(1034240K), 0.0036732 secs]
286.840: Total time for which application threads were stopped: 0.0038295 seconds, Stopping threads took: 0.0000199 seconds
286.909: [GC (Allocation Failure)  455243K->134219K(1034752K), 0.0064651 secs]
286.916: Total time for which application threads were stopped: 0.0066380 seconds, Stopping threads took: 0.0000259 seconds
286.983: [GC (Allocation Failure)  455755K->138123K(1034752K), 0.0047678 secs]
286.988: Total time for which application threads were stopped: 0.0049462 seconds, Stopping threads took: 0.0000185 seconds
287.056: [GC (Allocation Failure)  459659K->142349K(1034752K), 0.0039224 secs]
287.060: Total time for which application threads were stopped: 0.0041023 seconds, Stopping threads took: 0.0000201 seconds
287.127: [GC (Allocation Failure)  463885K->142285K(1034752K), 0.0039274 secs]
287.131: Total time for which application threads were stopped: 0.0040987 seconds, Stopping threads took: 0.0000259 seconds
287.197: [GC (Allocation Failure)  463821K->143237K(1034240K), 0.0047783 secs]
287.202: Total time for which application threads were stopped: 0.0049550 seconds, Stopping threads took: 0.0000199 seconds
287.270: [GC (Allocation Failure)  464773K->150311K(1034752K), 0.0039326 secs]
287.274: Total time for which application threads were stopped: 0.0041034 seconds, Stopping threads took: 0.0000205 seconds
287.342: [GC (Allocation Failure)  471847K->150311K(1034752K), 0.0038722 secs]
287.346: Total time for which application threads were stopped: 0.0040298 seconds, Stopping threads took: 0.0000191 seconds
287.413: [GC (Allocation Failure)  471847K->152519K(1034752K), 0.0043254 secs]
287.417: Total time for which application threads were stopped: 0.0045062 seconds, Stopping threads took: 0.0000206 seconds
287.483: [GC (Allocation Failure)  474055K->158314K(1034752K), 0.0038621 secs]
287.487: Total time for which application threads were stopped: 0.0040358 seconds, Stopping threads took: 0.0000209 seconds
287.553: [GC (Allocation Failure)  479850K->158346K(1034752K), 0.0064681 secs]
287.560: Total time for which application threads were stopped: 0.0066477 seconds, Stopping threads took: 0.0000274 seconds
287.625: [GC (Allocation Failure)  479882K->161802K(1035264K), 0.0047308 secs]
287.630: Total time for which application threads were stopped: 0.0049089 seconds, Stopping threads took: 0.0000277 seconds
287.698: [GC (Allocation Failure)  483850K->166380K(1034752K), 0.0045055 secs]
287.702: Total time for which application threads were stopped: 0.0046581 seconds, Stopping threads took: 0.0000213 seconds
287.772: [GC (Allocation Failure)  488428K->166316K(1035264K), 0.0038034 secs]
287.776: Total time for which application threads were stopped: 0.0039685 seconds, Stopping threads took: 0.0000166 seconds
287.845: [GC (Allocation Failure)  488876K->169004K(1035264K), 0.0043477 secs]
287.849: Total time for which application threads were stopped: 0.0045004 seconds, Stopping threads took: 0.0000171 seconds
287.918: [GC (Allocation Failure)  491564K->174510K(1035264K), 0.0039799 secs]
287.922: Total time for which application threads were stopped: 0.0041516 seconds, Stopping threads took: 0.0000227 seconds
287.990: [GC (Allocation Failure)  497070K->174382K(1035264K), 0.0039688 secs]
287.994: Total time for which application threads were stopped: 0.0041339 seconds, Stopping threads took: 0.0000201 seconds
288.063: [GC (Allocation Failure)  496942K->177230K(1035264K), 0.0043736 secs]
288.067: Total time for which application threads were stopped: 0.0045691 seconds, Stopping threads took: 0.0000196 seconds
288.137: [GC (Allocation Failure)  499790K->182480K(1035264K), 0.0038978 secs]
288.141: Total time for which application threads were stopped: 0.0040640 seconds, Stopping threads took: 0.0000253 seconds
288.209: [GC (Allocation Failure)  505040K->182416K(1035264K), 0.0042527 secs]
288.213: Total time for which application threads were stopped: 0.0044256 seconds, Stopping threads took: 0.0000254 seconds
288.281: [GC (Allocation Failure)  504976K->185480K(1035264K), 0.0043988 secs]
288.285: Total time for which application threads were stopped: 0.0045747 seconds, Stopping threads took: 0.0000201 seconds
288.352: [GC (Allocation Failure)  508040K->190475K(1035264K), 0.0038729 secs]
288.356: Total time for which application threads were stopped: 0.0040706 seconds, Stopping threads took: 0.0000214 seconds
288.427: [GC (Allocation Failure)  513035K->190475K(1035264K), 0.0040120 secs]
288.431: Total time for which application threads were stopped: 0.0041863 seconds, Stopping threads took: 0.0000380 seconds
288.500: [GC (Allocation Failure)  513035K->185640K(1035264K), 0.0022088 secs]
288.502: Total time for which application threads were stopped: 0.0023575 seconds, Stopping threads took: 0.0000246 seconds
288.570: [GC (Allocation Failure)  508200K->190667K(1035264K), 0.0042315 secs]
288.575: Total time for which application threads were stopped: 0.0044106 seconds, Stopping threads took: 0.0000285 seconds
288.644: [GC (Allocation Failure)  513227K->190411K(1035264K), 0.0040061 secs]
288.648: Total time for which application threads were stopped: 0.0041852 seconds, Stopping threads took: 0.0000204 seconds
288.717: [GC (Allocation Failure)  512971K->189960K(1035264K), 0.0039518 secs]
288.722: Total time for which application threads were stopped: 0.0042311 seconds, Stopping threads took: 0.0000192 seconds
288.790: [GC (Allocation Failure)  512520K->190635K(1035776K), 0.0041000 secs]
288.794: Total time for which application threads were stopped: 0.0042582 seconds, Stopping threads took: 0.0000191 seconds
288.863: [GC (Allocation Failure)  514219K->190443K(1035776K), 0.0042011 secs]
288.867: Total time for which application threads were stopped: 0.0043722 seconds, Stopping threads took: 0.0000278 seconds
288.934: [GC (Allocation Failure)  514027K->196264K(1031680K), 0.0067361 secs]
288.941: Total time for which application threads were stopped: 0.0069065 seconds, Stopping threads took: 0.0000196 seconds
289.009: [GC (Allocation Failure)  515752K->191659K(1033728K), 0.0040159 secs]
289.013: Total time for which application threads were stopped: 0.0042089 seconds, Stopping threads took: 0.0000203 seconds
289.082: [GC (Allocation Failure)  511147K->191531K(1034752K), 0.0040835 secs]
289.086: Total time for which application threads were stopped: 0.0042400 seconds, Stopping threads took: 0.0000170 seconds
289.154: [GC (Allocation Failure)  512555K->193992K(1034240K), 0.0049168 secs]
289.160: Total time for which application threads were stopped: 0.0050949 seconds, Stopping threads took: 0.0000198 seconds
289.228: [GC (Allocation Failure)  515016K->191627K(1034752K), 0.0041576 secs]
289.232: Total time for which application threads were stopped: 0.0043289 seconds, Stopping threads took: 0.0000203 seconds
289.300: [GC (Allocation Failure)  512651K->191563K(1034240K), 0.0045051 secs]
289.304: Total time for which application threads were stopped: 0.0046855 seconds, Stopping threads took: 0.0000179 seconds
289.372: [GC (Allocation Failure)  512587K->193704K(1035264K), 0.0049894 secs]
289.377: Total time for which application threads were stopped: 0.0051638 seconds, Stopping threads took: 0.0000198 seconds
289.445: [GC (Allocation Failure)  516264K->191531K(1035264K), 0.0052067 secs]
289.450: Total time for which application threads were stopped: 0.0053872 seconds, Stopping threads took: 0.0000216 seconds
289.520: [GC (Allocation Failure)  514091K->191531K(1035776K), 0.0042515 secs]
289.524: Total time for which application threads were stopped: 0.0044338 seconds, Stopping threads took: 0.0000225 seconds
289.592: [GC (Allocation Failure)  514603K->198472K(1035264K), 0.0071347 secs]
289.599: Total time for which application threads were stopped: 0.0072863 seconds, Stopping threads took: 0.0000195 seconds
289.669: [GC (Allocation Failure)  521544K->193963K(1033216K), 0.0041137 secs]
289.673: Total time for which application threads were stopped: 0.0043001 seconds, Stopping threads took: 0.0000287 seconds
289.741: [GC (Allocation Failure)  514475K->193771K(1034240K), 0.0039309 secs]
289.745: Total time for which application threads were stopped: 0.0040985 seconds, Stopping threads took: 0.0000196 seconds
289.813: [GC (Allocation Failure)  514283K->201384K(1030656K), 0.0073961 secs]
289.820: Total time for which application threads were stopped: 0.0075598 seconds, Stopping threads took: 0.0000201 seconds
289.887: [GC (Allocation Failure)  518824K->195787K(1032704K), 0.0041024 secs]
289.892: Total time for which application threads were stopped: 0.0042614 seconds, Stopping threads took: 0.0000202 seconds
289.961: [GC (Allocation Failure)  513227K->195627K(1033216K), 0.0039852 secs]
289.965: Total time for which application threads were stopped: 0.0041439 seconds, Stopping threads took: 0.0000172 seconds
290.030: [GC (Allocation Failure)  514091K->193288K(1033216K), 0.0031338 secs]
290.033: Total time for which application threads were stopped: 0.0032937 seconds, Stopping threads took: 0.0000198 seconds
290.099: [GC (Allocation Failure)  511752K->195755K(1033728K), 0.0041053 secs]
290.103: Total time for which application threads were stopped: 0.0042694 seconds, Stopping threads took: 0.0000205 seconds
290.171: [GC (Allocation Failure)  514731K->195659K(1033216K), 0.0039762 secs]
290.175: Total time for which application threads were stopped: 0.0041468 seconds, Stopping threads took: 0.0000272 seconds
290.243: [GC (Allocation Failure)  514635K->198443K(1033216K), 0.0044318 secs]
290.247: Total time for which application threads were stopped: 0.0046092 seconds, Stopping threads took: 0.0000200 seconds
290.314: [GC (Allocation Failure)  517931K->203725K(1033728K), 0.0041927 secs]
290.318: Total time for which application threads were stopped: 0.0043509 seconds, Stopping threads took: 0.0000203 seconds
290.387: [GC (Allocation Failure)  523213K->203693K(1035264K), 0.0041381 secs]
290.391: Total time for which application threads were stopped: 0.0043058 seconds, Stopping threads took: 0.0000198 seconds
290.458: [GC (Allocation Failure)  525229K->207725K(1034240K), 0.0050299 secs]
290.463: Total time for which application threads were stopped: 0.0051974 seconds, Stopping threads took: 0.0000192 seconds
290.531: [GC (Allocation Failure)  529261K->211727K(1035264K), 0.0040510 secs]
290.535: Total time for which application threads were stopped: 0.0042227 seconds, Stopping threads took: 0.0000209 seconds
290.603: [GC (Allocation Failure)  533775K->211695K(1034752K), 0.0051069 secs]
290.608: Total time for which application threads were stopped: 0.0052860 seconds, Stopping threads took: 0.0000204 seconds
290.675: [GC (Allocation Failure)  533743K->213895K(1034752K), 0.0044171 secs]
290.680: Total time for which application threads were stopped: 0.0045860 seconds, Stopping threads took: 0.0000199 seconds
290.747: [GC (Allocation Failure)  536455K->219913K(1035264K), 0.0040804 secs]
290.751: Total time for which application threads were stopped: 0.0042559 seconds, Stopping threads took: 0.0000201 seconds
290.819: [GC (Allocation Failure)  542473K->219753K(1035776K), 0.0040458 secs]
290.823: Total time for which application threads were stopped: 0.0042060 seconds, Stopping threads took: 0.0000193 seconds
290.890: [GC (Allocation Failure)  542825K->214567K(1035264K), 0.0019510 secs]
290.892: Total time for which application threads were stopped: 0.0021119 seconds, Stopping threads took: 0.0000197 seconds
290.963: [GC (Allocation Failure)  537639K->219881K(1035776K), 0.0040955 secs]
290.968: Total time for which application threads were stopped: 0.0042464 seconds, Stopping threads took: 0.0000172 seconds
291.036: [GC (Allocation Failure)  542953K->219753K(1035264K), 0.0041620 secs]
291.040: Total time for which application threads were stopped: 0.0043248 seconds, Stopping threads took: 0.0000202 seconds
291.106: [GC (Allocation Failure)  542825K->220423K(1035776K), 0.0043212 secs]
291.111: Total time for which application threads were stopped: 0.0044935 seconds, Stopping threads took: 0.0000258 seconds
291.180: [GC (Allocation Failure)  544007K->219817K(1035776K), 0.0042080 secs]
291.184: Total time for which application threads were stopped: 0.0043679 seconds, Stopping threads took: 0.0000199 seconds
291.252: [GC (Allocation Failure)  543401K->219721K(1036288K), 0.0039729 secs]
291.256: Total time for which application threads were stopped: 0.0041404 seconds, Stopping threads took: 0.0000202 seconds
291.323: [GC (Allocation Failure)  543817K->211879K(1024000K), 0.0009585 secs]
291.324: Total time for which application threads were stopped: 0.0010805 seconds, Stopping threads took: 0.0000194 seconds
291.393: [GC (Allocation Failure)  535975K->219777K(1035776K), 0.0041695 secs]
291.397: Total time for which application threads were stopped: 0.0043175 seconds, Stopping threads took: 0.0000168 seconds
291.467: [GC (Allocation Failure)  542849K->223825K(1035264K), 0.0054601 secs]
291.473: Total time for which application threads were stopped: 0.0056212 seconds, Stopping threads took: 0.0000204 seconds
291.538: [GC (Allocation Failure)  546882K->219951K(1035776K), 0.0029469 secs]
291.541: Total time for which application threads were stopped: 0.0031364 seconds, Stopping threads took: 0.0000194 seconds
291.611: [GC (Allocation Failure)  543535K->224009K(1035776K), 0.0040249 secs]
291.615: Total time for which application threads were stopped: 0.0041758 seconds, Stopping threads took: 0.0000252 seconds
291.683: [GC (Allocation Failure)  547593K->228009K(1035776K), 0.0040841 secs]
291.688: Total time for which application threads were stopped: 0.0042470 seconds, Stopping threads took: 0.0000252 seconds
291.759: [GC (Allocation Failure)  551593K->227977K(1035776K), 0.0039292 secs]
291.763: Total time for which application threads were stopped: 0.0041079 seconds, Stopping threads took: 0.0000197 seconds
291.829: [GC (Allocation Failure)  551561K->228041K(1034752K), 0.0039783 secs]
291.833: Total time for which application threads were stopped: 0.0041544 seconds, Stopping threads took: 0.0000199 seconds
291.902: [GC (Allocation Failure)  550601K->236012K(1035264K), 0.0041545 secs]
291.906: Total time for which application threads were stopped: 0.0043222 seconds, Stopping threads took: 0.0000260 seconds
291.977: [GC (Allocation Failure)  558572K->236012K(1035264K), 0.0041821 secs]
291.981: Total time for which application threads were stopped: 0.0043417 seconds, Stopping threads took: 0.0000206 seconds
292.047: [GC (Allocation Failure)  558572K->236076K(1022464K), 0.0041697 secs]
292.051: Total time for which application threads were stopped: 0.0043397 seconds, Stopping threads took: 0.0000199 seconds
292.120: [GC (Allocation Failure)  558636K->244046K(1034752K), 0.0039838 secs]
292.124: Total time for which application threads were stopped: 0.0041545 seconds, Stopping threads took: 0.0000260 seconds
292.194: [GC (Allocation Failure)  565582K->244046K(1034752K), 0.0041238 secs]
292.198: Total time for which application threads were stopped: 0.0042809 seconds, Stopping threads took: 0.0000197 seconds
292.263: [GC (Allocation Failure)  565582K->244294K(1034752K), 0.0041291 secs]
292.267: Total time for which application threads were stopped: 0.0043024 seconds, Stopping threads took: 0.0000206 seconds
292.337: [GC (Allocation Failure)  565830K->252104K(1029120K), 0.0043054 secs]
292.341: Total time for which application threads were stopped: 0.0044722 seconds, Stopping threads took: 0.0000197 seconds
292.409: [GC (Allocation Failure)  573640K->252072K(1034240K), 0.0041333 secs]
292.413: Total time for which application threads were stopped: 0.0042946 seconds, Stopping threads took: 0.0000198 seconds
292.480: [GC (Allocation Failure)  572584K->252512K(1034240K), 0.0042830 secs]
292.485: Total time for which application threads were stopped: 0.0044553 seconds, Stopping threads took: 0.0000203 seconds
292.552: [GC (Allocation Failure)  573024K->260098K(1034240K), 0.0041479 secs]
292.556: Total time for which application threads were stopped: 0.0043649 seconds, Stopping threads took: 0.0000220 seconds
292.627: [GC (Allocation Failure)  580610K->260098K(1034240K), 0.0039326 secs]
292.631: Total time for which application threads were stopped: 0.0040929 seconds, Stopping threads took: 0.0000195 seconds
292.698: [GC (Allocation Failure)  580610K->260234K(1034240K), 0.0042999 secs]
292.703: Total time for which application threads were stopped: 0.0044730 seconds, Stopping threads took: 0.0000208 seconds
292.770: [GC (Allocation Failure)  580746K->268173K(1028096K), 0.0041772 secs]
292.774: Total time for which application threads were stopped: 0.0043574 seconds, Stopping threads took: 0.0000209 seconds
292.842: [GC (Allocation Failure)  588685K->268173K(1033728K), 0.0043936 secs]
292.846: Total time for which application threads were stopped: 0.0045665 seconds, Stopping threads took: 0.0000192 seconds
292.915: [GC (Allocation Failure)  587661K->268165K(1033728K), 0.0050409 secs]
292.920: Total time for which application threads were stopped: 0.0051816 seconds, Stopping threads took: 0.0000249 seconds
292.987: [GC (Allocation Failure)  587653K->276167K(1033728K), 0.0042793 secs]
292.992: Total time for which application threads were stopped: 0.0044739 seconds, Stopping threads took: 0.0000199 seconds
293.059: [GC (Allocation Failure)  595655K->276199K(1033728K), 0.0041829 secs]
293.063: Total time for which application threads were stopped: 0.0043432 seconds, Stopping threads took: 0.0000199 seconds
293.130: [GC (Allocation Failure)  595687K->276423K(1033728K), 0.0041862 secs]
293.134: Total time for which application threads were stopped: 0.0043525 seconds, Stopping threads took: 0.0000284 seconds
293.201: [GC (Allocation Failure)  595911K->284201K(1033728K), 0.0043108 secs]
293.206: Total time for which application threads were stopped: 0.0044826 seconds, Stopping threads took: 0.0000203 seconds
293.270: [GC (Allocation Failure)  603689K->280295K(1034240K), 0.0031410 secs]
293.273: Total time for which application threads were stopped: 0.0033043 seconds, Stopping threads took: 0.0000214 seconds
293.340: [GC (Allocation Failure)  600295K->284353K(1033728K), 0.0043461 secs]
293.345: Total time for which application threads were stopped: 0.0045197 seconds, Stopping threads took: 0.0000204 seconds
293.414: [GC (Allocation Failure)  604353K->288321K(1034752K), 0.0041793 secs]
293.419: Total time for which application threads were stopped: 0.0043417 seconds, Stopping threads took: 0.0000197 seconds
293.485: [GC (Allocation Failure)  609857K->282559K(1034752K), 0.0021191 secs]
293.487: Total time for which application threads were stopped: 0.0022700 seconds, Stopping threads took: 0.0000213 seconds
293.554: [GC (Allocation Failure)  604095K->288393K(1035264K), 0.0041649 secs]
293.558: Total time for which application threads were stopped: 0.0043418 seconds, Stopping threads took: 0.0000215 seconds
293.627: [GC (Allocation Failure)  610441K->292473K(1034752K), 0.0044907 secs]
293.631: Total time for which application threads were stopped: 0.0046587 seconds, Stopping threads took: 0.0000273 seconds
293.698: [GC (Allocation Failure)  614260K->288567K(1035776K), 0.0030226 secs]
293.702: Total time for which application threads were stopped: 0.0031934 seconds, Stopping threads took: 0.0000285 seconds
293.769: [GC (Allocation Failure)  611639K->292633K(1035264K), 0.0044266 secs]
293.773: Total time for which application threads were stopped: 0.0045872 seconds, Stopping threads took: 0.0000195 seconds
293.841: [GC (Allocation Failure)  615705K->296633K(1035264K), 0.0041322 secs]
293.845: Total time for which application threads were stopped: 0.0043607 seconds, Stopping threads took: 0.0000282 seconds
293.916: [GC (Allocation Failure)  620217K->296601K(1035776K), 0.0051794 secs]
293.921: Total time for which application threads were stopped: 0.0053415 seconds, Stopping threads took: 0.0000256 seconds
293.991: [GC (Allocation Failure)  620185K->296665K(1034752K), 0.0045257 secs]
293.995: Total time for which application threads were stopped: 0.0046982 seconds, Stopping threads took: 0.0000202 seconds
294.064: [GC (Allocation Failure)  619225K->304636K(1035264K), 0.0042346 secs]
294.069: Total time for which application threads were stopped: 0.0044266 seconds, Stopping threads took: 0.0000196 seconds
294.138: [GC (Allocation Failure)  627196K->304636K(1034240K), 0.0041109 secs]
294.142: Total time for which application threads were stopped: 0.0042688 seconds, Stopping threads took: 0.0000253 seconds
294.209: [GC (Allocation Failure)  626172K->304708K(1034752K), 0.0043905 secs]
294.214: Total time for which application threads were stopped: 0.0045638 seconds, Stopping threads took: 0.0000200 seconds
294.280: [GC (Allocation Failure)  626244K->312678K(1033728K), 0.0043977 secs]
294.285: Total time for which application threads were stopped: 0.0046170 seconds, Stopping threads took: 0.0000386 seconds
294.354: [GC (Allocation Failure)  633190K->312710K(1034240K), 0.0043303 secs]
294.358: Total time for which application threads were stopped: 0.0045037 seconds, Stopping threads took: 0.0000200 seconds
294.425: [GC (Allocation Failure)  633222K->312934K(1034240K), 0.0042616 secs]
294.429: Total time for which application threads were stopped: 0.0044347 seconds, Stopping threads took: 0.0000203 seconds
294.495: [GC (Allocation Failure)  633446K->320712K(1034240K), 0.0044092 secs]
294.500: Total time for which application threads were stopped: 0.0045923 seconds, Stopping threads took: 0.0000212 seconds
294.566: [GC (Allocation Failure)  641224K->320712K(1034240K), 0.0043191 secs]
294.570: Total time for which application threads were stopped: 0.0044801 seconds, Stopping threads took: 0.0000200 seconds
294.639: [GC (Allocation Failure)  641224K->321160K(1020416K), 0.0042551 secs]
294.643: Total time for which application threads were stopped: 0.0044204 seconds, Stopping threads took: 0.0000271 seconds
294.710: [GC (Allocation Failure)  641672K->328778K(1033728K), 0.0045002 secs]
294.715: Total time for which application threads were stopped: 0.0046775 seconds, Stopping threads took: 0.0000247 seconds
294.782: [GC (Allocation Failure)  648266K->328746K(1033728K), 0.0042755 secs]
294.787: Total time for which application threads were stopped: 0.0044454 seconds, Stopping threads took: 0.0000201 seconds
294.852: [GC (Allocation Failure)  648234K->328874K(1033728K), 0.0042556 secs]
294.856: Total time for which application threads were stopped: 0.0044204 seconds, Stopping threads took: 0.0000203 seconds
294.925: [GC (Allocation Failure)  648362K->336781K(1033728K), 0.0056437 secs]
294.931: Total time for which application threads were stopped: 0.0058142 seconds, Stopping threads took: 0.0000198 seconds
295.000: [GC (Allocation Failure)  656267K->332874K(1034240K), 0.0031116 secs]
295.003: Total time for which application threads were stopped: 0.0032797 seconds, Stopping threads took: 0.0000197 seconds
295.071: [GC (Allocation Failure)  652874K->336901K(1033728K), 0.0047271 secs]
295.076: Total time for which application threads were stopped: 0.0048947 seconds, Stopping threads took: 0.0000198 seconds
295.142: [GC (Allocation Failure)  656901K->340933K(1034752K), 0.0050439 secs]
295.147: Total time for which application threads were stopped: 0.0052235 seconds, Stopping threads took: 0.0000261 seconds
295.214: [GC (Allocation Failure)  662469K->335138K(1034752K), 0.0020679 secs]
295.216: Total time for which application threads were stopped: 0.0022299 seconds, Stopping threads took: 0.0000204 seconds
295.285: [GC (Allocation Failure)  656674K->341005K(1035264K), 0.0043658 secs]
295.290: Total time for which application threads were stopped: 0.0045117 seconds, Stopping threads took: 0.0000171 seconds
295.358: [GC (Allocation Failure)  663053K->345085K(1034752K), 0.0046132 secs]
295.363: Total time for which application threads were stopped: 0.0047730 seconds, Stopping threads took: 0.0000202 seconds
295.428: [GC (Allocation Failure)  666871K->341146K(1035776K), 0.0033200 secs]
295.432: Total time for which application threads were stopped: 0.0034858 seconds, Stopping threads took: 0.0000273 seconds
295.499: [GC (Allocation Failure)  664218K->345181K(1035264K), 0.0066679 secs]
295.506: Total time for which application threads were stopped: 0.0068383 seconds, Stopping threads took: 0.0000198 seconds
295.574: [GC (Allocation Failure)  668253K->349213K(1035264K), 0.0043991 secs]
295.579: Total time for which application threads were stopped: 0.0045823 seconds, Stopping threads took: 0.0000286 seconds
295.648: [GC (Allocation Failure)  672797K->349181K(1035776K), 0.0043505 secs]
295.652: Total time for which application threads were stopped: 0.0045405 seconds, Stopping threads took: 0.0000258 seconds
295.721: [GC (Allocation Failure)  672765K->349253K(1034752K), 0.0044990 secs]
295.726: Total time for which application threads were stopped: 0.0046618 seconds, Stopping threads took: 0.0000201 seconds
295.793: [GC (Allocation Failure)  671813K->357255K(1035264K), 0.0042933 secs]
295.797: Total time for which application threads were stopped: 0.0044640 seconds, Stopping threads took: 0.0000208 seconds
295.865: [GC (Allocation Failure)  679815K->357223K(1034240K), 0.0044280 secs]
295.870: Total time for which application threads were stopped: 0.0046193 seconds, Stopping threads took: 0.0000204 seconds
295.940: [GC (Allocation Failure)  678759K->357287K(1034752K), 0.0043931 secs]
295.944: Total time for which application threads were stopped: 0.0046033 seconds, Stopping threads took: 0.0000205 seconds
296.011: [GC (Allocation Failure)  678823K->365225K(1033728K), 0.0044864 secs]
296.016: Total time for which application threads were stopped: 0.0046434 seconds, Stopping threads took: 0.0000165 seconds
296.084: [GC (Allocation Failure)  685737K->365289K(1034240K), 0.0043275 secs]
296.089: Total time for which application threads were stopped: 0.0044970 seconds, Stopping threads took: 0.0000200 seconds
296.157: [GC (Allocation Failure)  685801K->365481K(1034240K), 0.0044799 secs]
296.161: Total time for which application threads were stopped: 0.0046402 seconds, Stopping threads took: 0.0000197 seconds
296.229: [GC (Allocation Failure)  685993K->373259K(1034240K), 0.0044372 secs]
296.234: Total time for which application threads were stopped: 0.0046290 seconds, Stopping threads took: 0.0000199 seconds
296.301: [GC (Allocation Failure)  693771K->373291K(1034240K), 0.0043763 secs]
296.306: Total time for which application threads were stopped: 0.0045746 seconds, Stopping threads took: 0.0000276 seconds
296.374: [GC (Allocation Failure)  693803K->373731K(1020416K), 0.0045980 secs]
296.379: Total time for which application threads were stopped: 0.0047875 seconds, Stopping threads took: 0.0000171 seconds
296.448: [GC (Allocation Failure)  694243K->381318K(1033728K), 0.0044800 secs]
296.452: Total time for which application threads were stopped: 0.0046505 seconds, Stopping threads took: 0.0000260 seconds
296.519: [GC (Allocation Failure)  700806K->381350K(1033728K), 0.0044254 secs]
296.524: Total time for which application threads were stopped: 0.0046020 seconds, Stopping threads took: 0.0000204 seconds
296.590: [GC (Allocation Failure)  700838K->381454K(1033728K), 0.0044274 secs]
296.595: Total time for which application threads were stopped: 0.0046140 seconds, Stopping threads took: 0.0000217 seconds
296.665: [GC (Allocation Failure)  700942K->389360K(1033728K), 0.0044125 secs]
296.670: Total time for which application threads were stopped: 0.0045804 seconds, Stopping threads took: 0.0000201 seconds
296.737: [GC (Allocation Failure)  708846K->385454K(1034240K), 0.0031987 secs]
296.740: Total time for which application threads were stopped: 0.0033639 seconds, Stopping threads took: 0.0000196 seconds
296.809: [GC (Allocation Failure)  705454K->389520K(1033728K), 0.0044795 secs]
296.814: Total time for which application threads were stopped: 0.0046361 seconds, Stopping threads took: 0.0000196 seconds
296.881: [GC (Allocation Failure)  709520K->393456K(1034752K), 0.0044129 secs]
296.886: Total time for which application threads were stopped: 0.0045752 seconds, Stopping threads took: 0.0000167 seconds
296.957: [GC (Allocation Failure)  714992K->387726K(1034752K), 0.0021530 secs]
296.959: Total time for which application threads were stopped: 0.0022898 seconds, Stopping threads took: 0.0000169 seconds
297.029: [GC (Allocation Failure)  709262K->393560K(1035776K), 0.0043953 secs]
297.033: Total time for which application threads were stopped: 0.0045668 seconds, Stopping threads took: 0.0000200 seconds
297.103: [GC (Allocation Failure)  716120K->397632K(1034752K), 0.0048366 secs]
297.108: Total time for which application threads were stopped: 0.0050074 seconds, Stopping threads took: 0.0000202 seconds
297.176: [GC (Allocation Failure)  719930K->393726K(1035776K), 0.0033435 secs]
297.179: Total time for which application threads were stopped: 0.0035085 seconds, Stopping threads took: 0.0000281 seconds
297.246: [GC (Allocation Failure)  716798K->397800K(1035264K), 0.0046086 secs]
297.251: Total time for which application threads were stopped: 0.0047698 seconds, Stopping threads took: 0.0000194 seconds
297.318: [GC (Allocation Failure)  720872K->401768K(1035264K), 0.0045583 secs]
297.323: Total time for which application threads were stopped: 0.0047295 seconds, Stopping threads took: 0.0000205 seconds
297.391: [GC (Allocation Failure)  725352K->401768K(1035776K), 0.0043094 secs]
297.395: Total time for which application threads were stopped: 0.0045072 seconds, Stopping threads took: 0.0000203 seconds
297.462: [GC (Allocation Failure)  725352K->401832K(1034752K), 0.0044404 secs]
297.467: Total time for which application threads were stopped: 0.0046184 seconds, Stopping threads took: 0.0000250 seconds
297.535: [GC (Allocation Failure)  724392K->409834K(1035264K), 0.0043933 secs]
297.540: Total time for which application threads were stopped: 0.0045659 seconds, Stopping threads took: 0.0000206 seconds
297.607: [GC (Allocation Failure)  732394K->409802K(1034240K), 0.0045661 secs]
297.612: Total time for which application threads were stopped: 0.0047407 seconds, Stopping threads took: 0.0000205 seconds
297.681: [GC (Allocation Failure)  731338K->409866K(1034752K), 0.0043644 secs]
297.685: Total time for which application threads were stopped: 0.0045474 seconds, Stopping threads took: 0.0000294 seconds
297.751: [GC (Allocation Failure)  731402K->417836K(1034752K), 0.0044200 secs]
297.756: Total time for which application threads were stopped: 0.0046150 seconds, Stopping threads took: 0.0000203 seconds
297.826: [GC (Allocation Failure)  739372K->417868K(1029120K), 0.0042395 secs]
297.830: Total time for which application threads were stopped: 0.0044101 seconds, Stopping threads took: 0.0000200 seconds
297.896: [GC (Allocation Failure)  739404K->418020K(1034240K), 0.0088149 secs]
297.905: Total time for which application threads were stopped: 0.0089904 seconds, Stopping threads took: 0.0000269 seconds
297.974: [GC (Allocation Failure)  738532K->425895K(1034240K), 0.0045009 secs]
297.979: Total time for which application threads were stopped: 0.0046823 seconds, Stopping threads took: 0.0000197 seconds
298.047: [GC (Allocation Failure)  746407K->425831K(1034240K), 0.0042892 secs]
298.051: Total time for which application threads were stopped: 0.0044563 seconds, Stopping threads took: 0.0000205 seconds
298.119: [GC (Allocation Failure)  746343K->426311K(1020416K), 0.0046081 secs]
298.123: Total time for which application threads were stopped: 0.0047788 seconds, Stopping threads took: 0.0000203 seconds
298.190: [GC (Allocation Failure)  746823K->433897K(1033728K), 0.0044027 secs]
298.194: Total time for which application threads were stopped: 0.0045691 seconds, Stopping threads took: 0.0000198 seconds
298.262: [GC (Allocation Failure)  753385K->433897K(1033728K), 0.0045365 secs]
298.266: Total time for which application threads were stopped: 0.0047008 seconds, Stopping threads took: 0.0000204 seconds
298.331: [GC (Allocation Failure)  753385K->434025K(1033728K), 0.0043739 secs]
298.336: Total time for which application threads were stopped: 0.0045510 seconds, Stopping threads took: 0.0000275 seconds
298.404: [GC (Allocation Failure)  753513K->441931K(1033728K), 0.0044199 secs]
298.408: Total time for which application threads were stopped: 0.0046013 seconds, Stopping threads took: 0.0000208 seconds
298.476: [GC (Allocation Failure)  761419K->441963K(1033728K), 0.0045960 secs]
298.481: Total time for which application threads were stopped: 0.0047823 seconds, Stopping threads took: 0.0000202 seconds
298.547: [GC (Allocation Failure)  761451K->441955K(1033728K), 0.0061715 secs]
298.553: Total time for which application threads were stopped: 0.0063672 seconds, Stopping threads took: 0.0000204 seconds
298.621: [GC (Allocation Failure)  761443K->449990K(1032704K), 0.0044621 secs]
298.625: Total time for which application threads were stopped: 0.0046427 seconds, Stopping threads took: 0.0000172 seconds
298.693: [GC (Allocation Failure)  768454K->444387K(1033216K), 0.0037291 secs]
298.696: Total time for which application threads were stopped: 0.0039149 seconds, Stopping threads took: 0.0000207 seconds
298.765: [GC (Allocation Failure)  762851K->450222K(1034240K), 0.0044838 secs]
298.770: Total time for which application threads were stopped: 0.0046476 seconds, Stopping threads took: 0.0000194 seconds
298.836: [GC (Allocation Failure)  770222K->454142K(1033728K), 0.0048716 secs]
298.841: Total time for which application threads were stopped: 0.0050436 seconds, Stopping threads took: 0.0000204 seconds
298.907: [GC (Allocation Failure)  774142K->460027K(1030144K), 0.0091448 secs]
298.916: Total time for which application threads were stopped: 0.0093354 seconds, Stopping threads took: 0.0000188 seconds
298.983: [GC (Allocation Failure)  776443K->454270K(1032192K), 0.0046441 secs]
298.987: Total time for which application threads were stopped: 0.0048099 seconds, Stopping threads took: 0.0000201 seconds
299.052: [GC (Allocation Failure)  770686K->454110K(1032704K), 0.0045131 secs]
299.057: Total time for which application threads were stopped: 0.0046809 seconds, Stopping threads took: 0.0000201 seconds
299.123: [GC (Allocation Failure)  771038K->446395K(1032192K), 0.0014277 secs]
299.124: Total time for which application threads were stopped: 0.0015657 seconds, Stopping threads took: 0.0000277 seconds
299.191: [GC (Allocation Failure)  763323K->454238K(1032704K), 0.0045693 secs]
299.196: Total time for which application threads were stopped: 0.0047391 seconds, Stopping threads took: 0.0000200 seconds
299.262: [GC (Allocation Failure)  771678K->454110K(1032704K), 0.0048416 secs]
299.267: Total time for which application threads were stopped: 0.0050047 seconds, Stopping threads took: 0.0000205 seconds
299.333: [GC (Allocation Failure)  771550K->455142K(1032192K), 0.0047992 secs]
299.338: Total time for which application threads were stopped: 0.0050977 seconds, Stopping threads took: 0.0000197 seconds
299.405: [GC (Allocation Failure)  772582K->462216K(1032704K), 0.0047118 secs]
299.410: Total time for which application threads were stopped: 0.0048689 seconds, Stopping threads took: 0.0000206 seconds
299.476: [GC (Allocation Failure)  779656K->462120K(1033216K), 0.0044925 secs]
299.481: Total time for which application threads were stopped: 0.0046509 seconds, Stopping threads took: 0.0000196 seconds
299.545: [GC (Allocation Failure)  780584K->465448K(1033216K), 0.0051948 secs]
299.551: Total time for which application threads were stopped: 0.0053592 seconds, Stopping threads took: 0.0000197 seconds
299.618: [GC (Allocation Failure)  783912K->470186K(1033728K), 0.0044092 secs]
299.623: Total time for which application threads were stopped: 0.0045871 seconds, Stopping threads took: 0.0000363 seconds
299.690: [GC (Allocation Failure)  789674K->470218K(1033728K), 0.0044950 secs]
299.695: Total time for which application threads were stopped: 0.0046762 seconds, Stopping threads took: 0.0000209 seconds
299.761: [GC (Allocation Failure)  789706K->471650K(1033728K), 0.0064345 secs]
299.768: Total time for which application threads were stopped: 0.0066062 seconds, Stopping threads took: 0.0000197 seconds
299.836: [GC (Allocation Failure)  791138K->478212K(1033728K), 0.0046904 secs]
299.840: Total time for which application threads were stopped: 0.0048490 seconds, Stopping threads took: 0.0000201 seconds
299.910: [GC (Allocation Failure)  797700K->478180K(1034240K), 0.0063958 secs]
299.916: Total time for which application threads were stopped: 0.0065700 seconds, Stopping threads took: 0.0000252 seconds
299.983: [GC (Allocation Failure)  798180K->479340K(1033728K), 0.0045756 secs]
299.988: Total time for which application threads were stopped: 0.0047335 seconds, Stopping threads took: 0.0000164 seconds
300.053: [GC (Allocation Failure)  799340K->486287K(1033728K), 0.0045982 secs]
300.058: Total time for which application threads were stopped: 0.0047733 seconds, Stopping threads took: 0.0000199 seconds
300.128: [GC (Allocation Failure)  805775K->486287K(1033728K), 0.0044647 secs]
300.133: Total time for which application threads were stopped: 0.0046319 seconds, Stopping threads took: 0.0000264 seconds
300.198: [GC (Allocation Failure)  805775K->487087K(1033216K), 0.0048909 secs]
300.203: Total time for which application threads were stopped: 0.0050537 seconds, Stopping threads took: 0.0000198 seconds
300.271: [GC (Allocation Failure)  806575K->494289K(1033728K), 0.0046631 secs]
300.275: Total time for which application threads were stopped: 0.0048422 seconds, Stopping threads took: 0.0000188 seconds
300.342: [GC (Allocation Failure)  813777K->494289K(1034240K), 0.0046694 secs]
300.347: Total time for which application threads were stopped: 0.0048320 seconds, Stopping threads took: 0.0000204 seconds
300.414: [GC (Allocation Failure)  814289K->494761K(1033728K), 0.0046138 secs]
300.418: Total time for which application threads were stopped: 0.0047751 seconds, Stopping threads took: 0.0000199 seconds
300.486: [GC (Allocation Failure)  814761K->502315K(1033728K), 0.0047091 secs]
300.491: Total time for which application threads were stopped: 0.0048704 seconds, Stopping threads took: 0.0000192 seconds
300.560: [GC (Allocation Failure)  821803K->502315K(1033728K), 0.0045497 secs]
300.564: Total time for which application threads were stopped: 0.0047417 seconds, Stopping threads took: 0.0000196 seconds
300.629: [GC (Allocation Failure)  821803K->502539K(1033728K), 0.0044946 secs]
300.634: Total time for which application threads were stopped: 0.0046716 seconds, Stopping threads took: 0.0000277 seconds
300.702: [GC (Allocation Failure)  822027K->510381K(1033728K), 0.0045327 secs]
300.706: Total time for which application threads were stopped: 0.0047026 seconds, Stopping threads took: 0.0000198 seconds
300.772: [GC (Allocation Failure)  829869K->510349K(1033728K), 0.0047522 secs]
300.777: Total time for which application threads were stopped: 0.0049243 seconds, Stopping threads took: 0.0000200 seconds
300.842: [GC (Allocation Failure)  829837K->510757K(1033728K), 0.0046376 secs]
300.847: Total time for which application threads were stopped: 0.0048106 seconds, Stopping threads took: 0.0000206 seconds
300.915: [GC (Allocation Failure)  830245K->518408K(1033728K), 0.0057482 secs]
300.921: Total time for which application threads were stopped: 0.0059266 seconds, Stopping threads took: 0.0000172 seconds
300.987: [GC (Allocation Failure)  837896K->518344K(1033728K), 0.0047390 secs]
300.992: Total time for which application threads were stopped: 0.0048900 seconds, Stopping threads took: 0.0000169 seconds
301.057: [GC (Allocation Failure)  837832K->518984K(1033728K), 0.0048047 secs]
301.062: Total time for which application threads were stopped: 0.0049748 seconds, Stopping threads took: 0.0000200 seconds
301.130: [GC (Allocation Failure)  838472K->526442K(1033728K), 0.0045436 secs]
301.135: Total time for which application threads were stopped: 0.0047489 seconds, Stopping threads took: 0.0000268 seconds
301.201: [GC (Allocation Failure)  845930K->526410K(1033728K), 0.0046979 secs]
301.206: Total time for which application threads were stopped: 0.0048646 seconds, Stopping threads took: 0.0000268 seconds
301.271: [GC (Allocation Failure)  845898K->528234K(1033728K), 0.0050368 secs]
301.276: Total time for which application threads were stopped: 0.0052293 seconds, Stopping threads took: 0.0000351 seconds
301.344: [GC (Allocation Failure)  847722K->534476K(1033728K), 0.0054633 secs]
301.349: Total time for which application threads were stopped: 0.0056416 seconds, Stopping threads took: 0.0000196 seconds
301.418: [GC (Allocation Failure)  853964K->534412K(1033728K), 0.0048570 secs]
301.423: Total time for which application threads were stopped: 0.0050296 seconds, Stopping threads took: 0.0000232 seconds
301.489: [GC (Allocation Failure)  853900K->535428K(1033728K), 0.0047327 secs]
301.494: Total time for which application threads were stopped: 0.0049024 seconds, Stopping threads took: 0.0000191 seconds
301.561: [GC (Allocation Failure)  854916K->542534K(1033728K), 0.0047828 secs]
301.566: Total time for which application threads were stopped: 0.0049553 seconds, Stopping threads took: 0.0000201 seconds
301.632: [GC (Allocation Failure)  862022K->542502K(1033728K), 0.0047499 secs]
301.637: Total time for which application threads were stopped: 0.0049359 seconds, Stopping threads took: 0.0000279 seconds
301.703: [GC (Allocation Failure)  861990K->542662K(1033728K), 0.0047449 secs]
301.708: Total time for which application threads were stopped: 0.0049242 seconds, Stopping threads took: 0.0000209 seconds
301.777: [GC (Allocation Failure)  862150K->550505K(1033728K), 0.0047978 secs]
301.782: Total time for which application threads were stopped: 0.0049524 seconds, Stopping threads took: 0.0000191 seconds
301.850: [GC (Allocation Failure)  869993K->550505K(1033728K), 0.0048813 secs]
301.855: Total time for which application threads were stopped: 0.0050418 seconds, Stopping threads took: 0.0000196 seconds
301.923: [GC (Allocation Failure)  869993K->550857K(1033728K), 0.0047863 secs]
301.928: Total time for which application threads were stopped: 0.0049684 seconds, Stopping threads took: 0.0000172 seconds
301.996: [GC (Allocation Failure)  870345K->558539K(1027072K), 0.0046159 secs]
302.001: Total time for which application threads were stopped: 0.0048287 seconds, Stopping threads took: 0.0000203 seconds
302.068: [GC (Allocation Failure)  878027K->558571K(1033216K), 0.0048171 secs]
302.073: Total time for which application threads were stopped: 0.0049907 seconds, Stopping threads took: 0.0000200 seconds
302.140: [GC (Allocation Failure)  877035K->559107K(1033216K), 0.0049403 secs]
302.145: Total time for which application threads were stopped: 0.0051069 seconds, Stopping threads took: 0.0000259 seconds
302.212: [GC (Allocation Failure)  877571K->566597K(1033216K), 0.0046760 secs]
302.217: Total time for which application threads were stopped: 0.0048465 seconds, Stopping threads took: 0.0000280 seconds
302.284: [GC (Allocation Failure)  885061K->566533K(1033216K), 0.0046992 secs]
302.288: Total time for which application threads were stopped: 0.0048610 seconds, Stopping threads took: 0.0000196 seconds
302.353: [GC (Allocation Failure)  884997K->567333K(1033728K), 0.0049078 secs]
302.358: Total time for which application threads were stopped: 0.0051035 seconds, Stopping threads took: 0.0000200 seconds
302.426: [GC (Allocation Failure)  886309K->574600K(1033216K), 0.0049020 secs]
302.431: Total time for which application threads were stopped: 0.0050669 seconds, Stopping threads took: 0.0000201 seconds
302.498: [GC (Allocation Failure)  893576K->574632K(1033216K), 0.0049309 secs]
302.503: Total time for which application threads were stopped: 0.0050936 seconds, Stopping threads took: 0.0000199 seconds
302.568: [GC (Allocation Failure)  893096K->575592K(1033216K), 0.0049354 secs]
302.573: Total time for which application threads were stopped: 0.0051475 seconds, Stopping threads took: 0.0000210 seconds
302.639: [GC (Allocation Failure)  894056K->582666K(1032704K), 0.0045714 secs]
302.643: Total time for which application threads were stopped: 0.0047537 seconds, Stopping threads took: 0.0000251 seconds
302.709: [GC (Allocation Failure)  901130K->582634K(1033216K), 0.0047870 secs]
302.714: Total time for which application threads were stopped: 0.0049588 seconds, Stopping threads took: 0.0000202 seconds
302.778: [GC (Allocation Failure)  901098K->582794K(1032704K), 0.0048542 secs]
302.783: Total time for which application threads were stopped: 0.0050524 seconds, Stopping threads took: 0.0000206 seconds
302.852: [GC (Allocation Failure)  901258K->590668K(1033216K), 0.0047730 secs]
302.857: Total time for which application threads were stopped: 0.0049269 seconds, Stopping threads took: 0.0000174 seconds
302.925: [GC (Allocation Failure)  909132K->590700K(1033216K), 0.0045364 secs]
302.930: Total time for which application threads were stopped: 0.0046864 seconds, Stopping threads took: 0.0000171 seconds
302.995: [GC (Allocation Failure)  909164K->591012K(1033216K), 0.0050422 secs]
303.000: Total time for which application threads were stopped: 0.0052143 seconds, Stopping threads took: 0.0000197 seconds
303.067: [GC (Allocation Failure)  909476K->598694K(1033216K), 0.0049948 secs]
303.072: Total time for which application threads were stopped: 0.0051722 seconds, Stopping threads took: 0.0000281 seconds
303.138: [GC (Allocation Failure)  917158K->598662K(1033216K), 0.0047426 secs]
303.143: Total time for which application threads were stopped: 0.0049091 seconds, Stopping threads took: 0.0000282 seconds
303.210: [GC (Allocation Failure)  917126K->599238K(1033216K), 0.0049328 secs]
303.215: Total time for which application threads were stopped: 0.0051286 seconds, Stopping threads took: 0.0000275 seconds
303.282: [GC (Allocation Failure)  917702K->606729K(1033216K), 0.0048639 secs]
303.287: Total time for which application threads were stopped: 0.0050294 seconds, Stopping threads took: 0.0000205 seconds
303.353: [GC (Allocation Failure)  925193K->606729K(1033216K), 0.0047930 secs]
303.358: Total time for which application threads were stopped: 0.0049665 seconds, Stopping threads took: 0.0000203 seconds
303.424: [GC (Allocation Failure)  925193K->606985K(1033216K), 0.0046564 secs]
303.429: Total time for which application threads were stopped: 0.0048118 seconds, Stopping threads took: 0.0000203 seconds
303.497: [GC (Allocation Failure)  925449K->614763K(1033216K), 0.0065091 secs]
303.503: Total time for which application threads were stopped: 0.0066865 seconds, Stopping threads took: 0.0000204 seconds
303.569: [GC (Allocation Failure)  933227K->614795K(1033216K), 0.0048960 secs]
303.574: Total time for which application threads were stopped: 0.0050839 seconds, Stopping threads took: 0.0000211 seconds
303.640: [GC (Allocation Failure)  933259K->614923K(1033216K), 0.0048683 secs]
303.645: Total time for which application threads were stopped: 0.0050383 seconds, Stopping threads took: 0.0000260 seconds
303.712: [GC (Allocation Failure)  933387K->622829K(1033216K), 0.0049604 secs]
303.717: Total time for which application threads were stopped: 0.0051312 seconds, Stopping threads took: 0.0000219 seconds
303.784: [GC (Allocation Failure)  941293K->618379K(1033728K), 0.0035319 secs]
303.788: Total time for which application threads were stopped: 0.0037096 seconds, Stopping threads took: 0.0000203 seconds
303.856: [GC (Allocation Failure)  937355K->622917K(1033216K), 0.0048752 secs]
303.861: Total time for which application threads were stopped: 0.0050683 seconds, Stopping threads took: 0.0000194 seconds
303.931: [GC (Allocation Failure)  941893K->626973K(1033728K), 0.0045865 secs]
303.936: Total time for which application threads were stopped: 0.0047830 seconds, Stopping threads took: 0.0000203 seconds
304.005: [GC (Allocation Failure)  947485K->633963K(1034240K), 0.0080103 secs]
304.013: Total time for which application threads were stopped: 0.0081724 seconds, Stopping threads took: 0.0000166 seconds
304.080: [GC (Allocation Failure)  954475K->627725K(1030144K), 0.0047660 secs]
304.085: Total time for which application threads were stopped: 0.0049309 seconds, Stopping threads took: 0.0000201 seconds
304.154: [GC (Allocation Failure)  944141K->627725K(1032192K), 0.0047369 secs]
304.159: Total time for which application threads were stopped: 0.0049056 seconds, Stopping threads took: 0.0000288 seconds
304.225: [GC (Allocation Failure)  944141K->624683K(1033216K), 0.0038989 secs]
304.229: Total time for which application threads were stopped: 0.0040732 seconds, Stopping threads took: 0.0000273 seconds
304.297: [GC (Allocation Failure)  942635K->627885K(1032704K), 0.0049333 secs]
304.302: Total time for which application threads were stopped: 0.0051115 seconds, Stopping threads took: 0.0000203 seconds
304.369: [GC (Allocation Failure)  945837K->627693K(1033728K), 0.0048548 secs]
304.373: Total time for which application threads were stopped: 0.0050273 seconds, Stopping threads took: 0.0000202 seconds
304.438: [GC (Allocation Failure)  946669K->628325K(1033216K), 0.0051069 secs]
304.443: Total time for which application threads were stopped: 0.0052725 seconds, Stopping threads took: 0.0000204 seconds
304.510: [GC (Allocation Failure)  947301K->635783K(1033728K), 0.0056358 secs]
304.516: Total time for which application threads were stopped: 0.0058102 seconds, Stopping threads took: 0.0000204 seconds
304.583: [GC (Allocation Failure)  954759K->635719K(1033216K), 0.0047851 secs]
304.588: Total time for which application threads were stopped: 0.0049789 seconds, Stopping threads took: 0.0000193 seconds
304.655: [GC (Allocation Failure)  954695K->638119K(1033728K), 0.0051070 secs]
304.660: Total time for which application threads were stopped: 0.0052778 seconds, Stopping threads took: 0.0000201 seconds
304.728: [GC (Allocation Failure)  957607K->643882K(1033728K), 0.0047926 secs]
304.733: Total time for which application threads were stopped: 0.0049552 seconds, Stopping threads took: 0.0000194 seconds
304.800: [GC (Allocation Failure)  963370K->643786K(1034240K), 0.0047362 secs]
304.805: Total time for which application threads were stopped: 0.0049305 seconds, Stopping threads took: 0.0000205 seconds
304.872: [GC (Allocation Failure)  964298K->646378K(1034240K), 0.0053592 secs]
304.877: Total time for which application threads were stopped: 0.0055437 seconds, Stopping threads took: 0.0000170 seconds
304.948: [GC (Allocation Failure)  966890K->651852K(1034240K), 0.0049794 secs]
304.953: Total time for which application threads were stopped: 0.0051477 seconds, Stopping threads took: 0.0000199 seconds
305.021: [GC (Allocation Failure)  972364K->651820K(1034240K), 0.0050280 secs]
305.026: Total time for which application threads were stopped: 0.0052010 seconds, Stopping threads took: 0.0000202 seconds
305.094: [GC (Allocation Failure)  972332K->652524K(1034240K), 0.0048505 secs]
305.099: Total time for which application threads were stopped: 0.0050154 seconds, Stopping threads took: 0.0000207 seconds
305.167: [GC (Allocation Failure)  973036K->659822K(1034240K), 0.0047956 secs]
305.172: Total time for which application threads were stopped: 0.0049922 seconds, Stopping threads took: 0.0000205 seconds
305.242: [GC (Allocation Failure)  980334K->659790K(1034240K), 0.0049427 secs]
305.247: Total time for which application threads were stopped: 0.0051059 seconds, Stopping threads took: 0.0000196 seconds
305.314: [GC (Allocation Failure)  980302K->662822K(1034240K), 0.0056223 secs]
305.319: Total time for which application threads were stopped: 0.0058032 seconds, Stopping threads took: 0.0000195 seconds
305.387: [GC (Allocation Failure)  983334K->667880K(1034752K), 0.0048437 secs]
305.392: Total time for which application threads were stopped: 0.0050038 seconds, Stopping threads took: 0.0000201 seconds
305.462: [GC (Allocation Failure)  989416K->667880K(1034752K), 0.0050646 secs]
305.467: Total time for which application threads were stopped: 0.0052320 seconds, Stopping threads took: 0.0000194 seconds
305.534: [GC (Allocation Failure)  989416K->671048K(1034752K), 0.0057442 secs]
305.540: Total time for which application threads were stopped: 0.0059104 seconds, Stopping threads took: 0.0000190 seconds
305.608: [GC (Allocation Failure)  992584K->675915K(1034752K), 0.0051116 secs]
305.614: Total time for which application threads were stopped: 0.0052691 seconds, Stopping threads took: 0.0000201 seconds
305.682: [GC (Allocation Failure)  997451K->675883K(1034752K), 0.0065701 secs]
305.689: Total time for which application threads were stopped: 0.0067485 seconds, Stopping threads took: 0.0000193 seconds
305.755: [GC (Allocation Failure)  997419K->676203K(1034752K), 0.0048826 secs]
305.760: Total time for which application threads were stopped: 0.0050622 seconds, Stopping threads took: 0.0000191 seconds
305.830: [GC (Allocation Failure)  997739K->684013K(1033728K), 0.0050045 secs]
305.835: Total time for which application threads were stopped: 0.0051775 seconds, Stopping threads took: 0.0000202 seconds
305.902: [GC (Allocation Failure)  1004525K->683917K(1034240K), 0.0051658 secs]
305.908: Total time for which application threads were stopped: 0.0053833 seconds, Stopping threads took: 0.0000264 seconds
305.976: [GC (Allocation Failure)  1004429K->687533K(1034752K), 0.0058077 secs]
305.982: [Full GC (Ergonomics)  687533K->12065K(1034752K), 0.0180249 secs]
306.000: Total time for which application threads were stopped: 0.0241002 seconds, Stopping threads took: 0.0000197 seconds
306.068: [GC (Allocation Failure)  333601K->20739K(1034752K), 0.0036050 secs]
306.072: Total time for which application threads were stopped: 0.0037960 seconds, Stopping threads took: 0.0000199 seconds
306.141: [GC (Allocation Failure)  342275K->20723K(1034752K), 0.0036269 secs]
306.145: Total time for which application threads were stopped: 0.0038037 seconds, Stopping threads took: 0.0000269 seconds
306.212: [GC (Allocation Failure)  342259K->21419K(1021952K), 0.0038386 secs]
306.216: Total time for which application threads were stopped: 0.0040208 seconds, Stopping threads took: 0.0000174 seconds
306.287: [GC (Allocation Failure)  342955K->28717K(1034240K), 0.0035224 secs]
306.291: Total time for which application threads were stopped: 0.0036808 seconds, Stopping threads took: 0.0000262 seconds
306.358: [GC (Allocation Failure)  349229K->28717K(1034240K), 0.0035959 secs]
306.362: Total time for which application threads were stopped: 0.0037655 seconds, Stopping threads took: 0.0000202 seconds
306.429: [GC (Allocation Failure)  349229K->32709K(1034752K), 0.0047613 secs]
306.434: Total time for which application threads were stopped: 0.0049255 seconds, Stopping threads took: 0.0000201 seconds
306.501: [GC (Allocation Failure)  353733K->36744K(1034240K), 0.0038090 secs]
306.505: Total time for which application threads were stopped: 0.0039709 seconds, Stopping threads took: 0.0000205 seconds
306.573: [GC (Allocation Failure)  357768K->36776K(1034752K), 0.0037369 secs]
306.576: Total time for which application threads were stopped: 0.0039354 seconds, Stopping threads took: 0.0000392 seconds
306.645: [GC (Allocation Failure)  358312K->36808K(1034752K), 0.0036310 secs]
306.648: Total time for which application threads were stopped: 0.0037957 seconds, Stopping threads took: 0.0000202 seconds
306.717: [GC (Allocation Failure)  358344K->44778K(1033728K), 0.0045653 secs]
306.722: Total time for which application threads were stopped: 0.0047425 seconds, Stopping threads took: 0.0000260 seconds
306.790: [GC (Allocation Failure)  365290K->44778K(1034240K), 0.0037258 secs]
306.794: Total time for which application threads were stopped: 0.0039206 seconds, Stopping threads took: 0.0000200 seconds
306.862: [GC (Allocation Failure)  365290K->48170K(1034752K), 0.0044553 secs]
306.867: Total time for which application threads were stopped: 0.0046497 seconds, Stopping threads took: 0.0000197 seconds
306.937: [GC (Allocation Failure)  369706K->52908K(1034752K), 0.0038569 secs]
306.941: Total time for which application threads were stopped: 0.0040230 seconds, Stopping threads took: 0.0000209 seconds
307.008: [GC (Allocation Failure)  374444K->52812K(1034752K), 0.0037625 secs]
307.012: Total time for which application threads were stopped: 0.0039547 seconds, Stopping threads took: 0.0000199 seconds
307.080: [GC (Allocation Failure)  374348K->53356K(1034752K), 0.0037631 secs]
307.083: Total time for which application threads were stopped: 0.0039349 seconds, Stopping threads took: 0.0000198 seconds
307.153: [GC (Allocation Failure)  374892K->60879K(1033728K), 0.0035658 secs]
307.156: Total time for which application threads were stopped: 0.0037342 seconds, Stopping threads took: 0.0000264 seconds
307.224: [GC (Allocation Failure)  381391K->60847K(1034240K), 0.0037348 secs]
307.228: Total time for which application threads were stopped: 0.0039274 seconds, Stopping threads took: 0.0000197 seconds
307.296: [GC (Allocation Failure)  381359K->64655K(1034752K), 0.0046226 secs]
307.301: Total time for which application threads were stopped: 0.0047833 seconds, Stopping threads took: 0.0000256 seconds
307.369: [GC (Allocation Failure)  385679K->68881K(1034240K), 0.0038139 secs]
307.373: Total time for which application threads were stopped: 0.0039820 seconds, Stopping threads took: 0.0000269 seconds
307.442: [GC (Allocation Failure)  389905K->68881K(1034752K), 0.0037617 secs]
307.446: Total time for which application threads were stopped: 0.0039361 seconds, Stopping threads took: 0.0000211 seconds
307.512: [GC (Allocation Failure)  390417K->72873K(1034752K), 0.0048402 secs]
307.517: Total time for which application threads were stopped: 0.0050117 seconds, Stopping threads took: 0.0000206 seconds
307.589: [GC (Allocation Failure)  394409K->76971K(1035264K), 0.0039524 secs]
307.593: Total time for which application threads were stopped: 0.0041170 seconds, Stopping threads took: 0.0000202 seconds
307.661: [GC (Allocation Failure)  399531K->76939K(1035264K), 0.0040197 secs]
307.665: Total time for which application threads were stopped: 0.0041998 seconds, Stopping threads took: 0.0000268 seconds
307.732: [GC (Allocation Failure)  399499K->80067K(1035264K), 0.0046350 secs]
307.737: Total time for which application threads were stopped: 0.0047997 seconds, Stopping threads took: 0.0000200 seconds
307.805: [GC (Allocation Failure)  402627K->84965K(1035264K), 0.0039749 secs]
307.809: Total time for which application threads were stopped: 0.0041467 seconds, Stopping threads took: 0.0000206 seconds
307.877: [GC (Allocation Failure)  407525K->84965K(1035264K), 0.0036977 secs]
307.881: Total time for which application threads were stopped: 0.0038704 seconds, Stopping threads took: 0.0000200 seconds
307.949: [GC (Allocation Failure)  407525K->88325K(1035264K), 0.0046346 secs]
307.954: Total time for which application threads were stopped: 0.0047840 seconds, Stopping threads took: 0.0000176 seconds
308.023: [GC (Allocation Failure)  410885K->93032K(1035264K), 0.0037856 secs]
308.027: Total time for which application threads were stopped: 0.0039818 seconds, Stopping threads took: 0.0000200 seconds
308.097: [GC (Allocation Failure)  415592K->92968K(1035264K), 0.0039133 secs]
308.101: Total time for which application threads were stopped: 0.0040646 seconds, Stopping threads took: 0.0000174 seconds
308.168: [GC (Allocation Failure)  415528K->96520K(1035776K), 0.0045906 secs]
308.173: Total time for which application threads were stopped: 0.0047511 seconds, Stopping threads took: 0.0000198 seconds
308.244: [GC (Allocation Failure)  419592K->101066K(1035264K), 0.0037385 secs]
308.248: Total time for which application threads were stopped: 0.0039049 seconds, Stopping threads took: 0.0000203 seconds
308.316: [GC (Allocation Failure)  424138K->101034K(1035776K), 0.0039640 secs]
308.320: Total time for which application threads were stopped: 0.0041405 seconds, Stopping threads took: 0.0000208 seconds
308.386: [GC (Allocation Failure)  424106K->94184K(1035264K), 0.0011633 secs]
308.387: Total time for which application threads were stopped: 0.0013079 seconds, Stopping threads took: 0.0000239 seconds
308.457: [GC (Allocation Failure)  417256K->101162K(1035264K), 0.0041475 secs]
308.461: Total time for which application threads were stopped: 0.0043298 seconds, Stopping threads took: 0.0000227 seconds
308.530: [GC (Allocation Failure)  423722K->101034K(1035264K), 0.0036732 secs]
308.534: Total time for which application threads were stopped: 0.0038451 seconds, Stopping threads took: 0.0000206 seconds
308.604: [GC (Allocation Failure)  423594K->98888K(1035776K), 0.0030840 secs]
308.607: Total time for which application threads were stopped: 0.0032493 seconds, Stopping threads took: 0.0000203 seconds
308.675: [GC (Allocation Failure)  421960K->101130K(1035264K), 0.0039206 secs]
308.679: Total time for which application threads were stopped: 0.0040939 seconds, Stopping threads took: 0.0000288 seconds
308.748: [GC (Allocation Failure)  424202K->101002K(1035776K), 0.0038185 secs]
308.752: Total time for which application threads were stopped: 0.0040399 seconds, Stopping threads took: 0.0000207 seconds
308.818: [GC (Allocation Failure)  424586K->105256K(1035776K), 0.0056537 secs]
308.824: Total time for which application threads were stopped: 0.0058547 seconds, Stopping threads took: 0.0000227 seconds
308.891: [GC (Allocation Failure)  428840K->101066K(1033728K), 0.0045319 secs]
308.895: Total time for which application threads were stopped: 0.0046940 seconds, Stopping threads took: 0.0000200 seconds
308.965: [GC (Allocation Failure)  422602K->101002K(1034752K), 0.0035382 secs]
308.968: Total time for which application threads were stopped: 0.0037088 seconds, Stopping threads took: 0.0000200 seconds
309.036: [GC (Allocation Failure)  422538K->108488K(1030144K), 0.0072926 secs]
309.044: Total time for which application threads were stopped: 0.0074813 seconds, Stopping threads took: 0.0000195 seconds
309.111: [GC (Allocation Failure)  425928K->103274K(1032704K), 0.0037197 secs]
309.115: Total time for which application threads were stopped: 0.0039146 seconds, Stopping threads took: 0.0000202 seconds
309.184: [GC (Allocation Failure)  420714K->103242K(1033728K), 0.0039052 secs]
309.188: Total time for which application threads were stopped: 0.0040992 seconds, Stopping threads took: 0.0000199 seconds
309.256: [GC (Allocation Failure)  422218K->101288K(1033216K), 0.0030798 secs]
309.259: Total time for which application threads were stopped: 0.0032412 seconds, Stopping threads took: 0.0000198 seconds
309.326: [GC (Allocation Failure)  420264K->103434K(1034752K), 0.0037380 secs]
309.330: Total time for which application threads were stopped: 0.0039081 seconds, Stopping threads took: 0.0000197 seconds
309.397: [GC (Allocation Failure)  424458K->103242K(1034240K), 0.0039874 secs]
309.401: Total time for which application threads were stopped: 0.0041587 seconds, Stopping threads took: 0.0000204 seconds
309.466: [GC (Allocation Failure)  424266K->98888K(1035264K), 0.0022061 secs]
309.469: Total time for which application threads were stopped: 0.0023710 seconds, Stopping threads took: 0.0000197 seconds
309.539: [GC (Allocation Failure)  421448K->103402K(1035264K), 0.0036750 secs]
309.542: Total time for which application threads were stopped: 0.0038458 seconds, Stopping threads took: 0.0000201 seconds
309.609: [GC (Allocation Failure)  425962K->103242K(1035776K), 0.0038887 secs]
309.613: Total time for which application threads were stopped: 0.0040589 seconds, Stopping threads took: 0.0000199 seconds
309.681: [GC (Allocation Failure)  426314K->103688K(1035264K), 0.0038765 secs]
309.685: Total time for which application threads were stopped: 0.0040512 seconds, Stopping threads took: 0.0000196 seconds
309.756: [GC (Allocation Failure)  426760K->103306K(1036288K), 0.0037133 secs]
309.760: Total time for which application threads were stopped: 0.0038843 seconds, Stopping threads took: 0.0000201 seconds
309.829: [GC (Allocation Failure)  427402K->103210K(1035776K), 0.0037950 secs]
309.833: Total time for which application threads were stopped: 0.0039632 seconds, Stopping threads took: 0.0000198 seconds
309.901: [GC (Allocation Failure)  427306K->111560K(1030656K), 0.0104047 secs]
309.912: Total time for which application threads were stopped: 0.0105907 seconds, Stopping threads took: 0.0000254 seconds
309.980: [GC (Allocation Failure)  431048K->107898K(1033728K), 0.0040717 secs]
309.984: Total time for which application threads were stopped: 0.0042336 seconds, Stopping threads took: 0.0000195 seconds
310.049: [GC (Allocation Failure)  427386K->107866K(1034752K), 0.0038475 secs]
310.053: Total time for which application threads were stopped: 0.0040406 seconds, Stopping threads took: 0.0000197 seconds
310.123: [GC (Allocation Failure)  428890K->112792K(1033728K), 0.0060467 secs]
310.129: Total time for which application threads were stopped: 0.0061921 seconds, Stopping threads took: 0.0000175 seconds
310.195: [GC (Allocation Failure)  433816K->108122K(1034240K), 0.0040223 secs]
310.199: Total time for which application threads were stopped: 0.0041931 seconds, Stopping threads took: 0.0000197 seconds
310.267: [GC (Allocation Failure)  428122K->107866K(1033728K), 0.0036440 secs]
310.270: Total time for which application threads were stopped: 0.0038383 seconds, Stopping threads took: 0.0000195 seconds
310.338: [GC (Allocation Failure)  427866K->110456K(1034240K), 0.0050182 secs]
310.343: Total time for which application threads were stopped: 0.0051882 seconds, Stopping threads took: 0.0000270 seconds
310.410: [GC (Allocation Failure)  430968K->108058K(1034240K), 0.0038630 secs]
310.414: Total time for which application threads were stopped: 0.0040345 seconds, Stopping threads took: 0.0000196 seconds
310.482: [GC (Allocation Failure)  428570K->107866K(1034752K), 0.0037167 secs]
310.486: Total time for which application threads were stopped: 0.0038820 seconds, Stopping threads took: 0.0000207 seconds
310.552: [GC (Allocation Failure)  429402K->109656K(1034752K), 0.0045979 secs]
310.556: Total time for which application threads were stopped: 0.0047713 seconds, Stopping threads took: 0.0000198 seconds
310.625: [GC (Allocation Failure)  431192K->107994K(1035264K), 0.0039328 secs]
310.629: Total time for which application threads were stopped: 0.0041169 seconds, Stopping threads took: 0.0000218 seconds
310.699: [GC (Allocation Failure)  430554K->107866K(1035264K), 0.0036493 secs]
310.703: Total time for which application threads were stopped: 0.0038461 seconds, Stopping threads took: 0.0000208 seconds
310.772: [GC (Allocation Failure)  430426K->112872K(1032704K), 0.0058694 secs]
310.778: Total time for which application threads were stopped: 0.0060475 seconds, Stopping threads took: 0.0000201 seconds
310.844: [GC (Allocation Failure)  433384K->108170K(1034240K), 0.0038773 secs]
310.848: Total time for which application threads were stopped: 0.0040393 seconds, Stopping threads took: 0.0000193 seconds
310.917: [GC (Allocation Failure)  428682K->108138K(1034752K), 0.0065114 secs]
310.923: Total time for which application threads were stopped: 0.0066715 seconds, Stopping threads took: 0.0000250 seconds
310.989: [GC (Allocation Failure)  429674K->112360K(1033216K), 0.0054478 secs]
310.994: Total time for which application threads were stopped: 0.0056397 seconds, Stopping threads took: 0.0000191 seconds
311.061: [GC (Allocation Failure)  433896K->108138K(1034240K), 0.0037687 secs]
311.065: Total time for which application threads were stopped: 0.0039543 seconds, Stopping threads took: 0.0000170 seconds
311.136: [GC (Allocation Failure)  428650K->108138K(1034240K), 0.0035834 secs]
311.139: Total time for which application threads were stopped: 0.0037383 seconds, Stopping threads took: 0.0000257 seconds
311.208: [GC (Allocation Failure)  428650K->111560K(1033728K), 0.0052649 secs]
311.214: Total time for which application threads were stopped: 0.0054324 seconds, Stopping threads took: 0.0000191 seconds
311.281: [GC (Allocation Failure)  432072K->108362K(1034240K), 0.0039351 secs]
311.285: Total time for which application threads were stopped: 0.0040931 seconds, Stopping threads took: 0.0000198 seconds
311.354: [GC (Allocation Failure)  428874K->108138K(1034752K), 0.0039369 secs]
311.358: Total time for which application threads were stopped: 0.0041510 seconds, Stopping threads took: 0.0000201 seconds
311.424: [GC (Allocation Failure)  429674K->110728K(1034752K), 0.0049331 secs]
311.429: Total time for which application threads were stopped: 0.0051254 seconds, Stopping threads took: 0.0000198 seconds
311.499: [GC (Allocation Failure)  432264K->108330K(1034752K), 0.0040089 secs]
311.503: Total time for which application threads were stopped: 0.0041923 seconds, Stopping threads took: 0.0000171 seconds
311.572: [GC (Allocation Failure)  429866K->108170K(1034752K), 0.0040015 secs]
311.576: Total time for which application threads were stopped: 0.0041955 seconds, Stopping threads took: 0.0000206 seconds
311.644: [GC (Allocation Failure)  429706K->111976K(1034240K), 0.0085678 secs]
311.652: Total time for which application threads were stopped: 0.0087274 seconds, Stopping threads took: 0.0000276 seconds
311.719: [GC (Allocation Failure)  433512K->108234K(1034752K), 0.0040920 secs]
311.723: Total time for which application threads were stopped: 0.0042766 seconds, Stopping threads took: 0.0000178 seconds
311.791: [GC (Allocation Failure)  429770K->108170K(1035264K), 0.0039712 secs]
311.795: Total time for which application threads were stopped: 0.0041432 seconds, Stopping threads took: 0.0000200 seconds
311.862: [GC (Allocation Failure)  430218K->113640K(1034752K), 0.0060410 secs]
311.868: Total time for which application threads were stopped: 0.0062125 seconds, Stopping threads took: 0.0000197 seconds
311.937: [GC (Allocation Failure)  435688K->108490K(1033728K), 0.0040004 secs]
311.941: Total time for which application threads were stopped: 0.0041932 seconds, Stopping threads took: 0.0000195 seconds
312.011: [GC (Allocation Failure)  429002K->108394K(1034240K), 0.0036155 secs]
312.015: Total time for which application threads were stopped: 0.0037665 seconds, Stopping threads took: 0.0000171 seconds
312.080: [GC (Allocation Failure)  428906K->113576K(1032192K), 0.0061887 secs]
312.086: Total time for which application threads were stopped: 0.0063590 seconds, Stopping threads took: 0.0000196 seconds
312.152: [GC (Allocation Failure)  432040K->108586K(1033216K), 0.0040153 secs]
312.156: Total time for which application threads were stopped: 0.0041991 seconds, Stopping threads took: 0.0000271 seconds
312.224: [GC (Allocation Failure)  427050K->108394K(1033728K), 0.0037686 secs]
312.228: Total time for which application threads were stopped: 0.0039662 seconds, Stopping threads took: 0.0000201 seconds
312.297: [GC (Allocation Failure)  427882K->106568K(1033728K), 0.0032855 secs]
312.300: Total time for which application threads were stopped: 0.0034687 seconds, Stopping threads took: 0.0000216 seconds
312.367: [GC (Allocation Failure)  426056K->108522K(1034240K), 0.0039027 secs]
312.370: Total time for which application threads were stopped: 0.0040663 seconds, Stopping threads took: 0.0000206 seconds
312.438: [GC (Allocation Failure)  428522K->108394K(1033728K), 0.0038844 secs]
312.442: Total time for which application threads were stopped: 0.0040564 seconds, Stopping threads took: 0.0000195 seconds
312.510: [GC (Allocation Failure)  428394K->102696K(1032704K), 0.0014996 secs]
312.512: Total time for which application threads were stopped: 0.0016434 seconds, Stopping threads took: 0.0000195 seconds
312.579: [GC (Allocation Failure)  422184K->108458K(1033728K), 0.0058131 secs]
312.585: Total time for which application threads were stopped: 0.0059970 seconds, Stopping threads took: 0.0000194 seconds
312.652: [GC (Allocation Failure)  427946K->108426K(1035264K), 0.0037436 secs]
312.656: Total time for which application threads were stopped: 0.0039120 seconds, Stopping threads took: 0.0000279 seconds
312.724: [GC (Allocation Failure)  430474K->112490K(1034752K), 0.0048221 secs]
312.729: Total time for which application threads were stopped: 0.0049829 seconds, Stopping threads took: 0.0000200 seconds
312.797: [GC (Allocation Failure)  434538K->116460K(1035264K), 0.0038712 secs]
312.801: Total time for which application threads were stopped: 0.0040470 seconds, Stopping threads took: 0.0000202 seconds
312.869: [GC (Allocation Failure)  438508K->116428K(1034752K), 0.0038508 secs]
312.873: Total time for which application threads were stopped: 0.0040448 seconds, Stopping threads took: 0.0000197 seconds
312.943: [GC (Allocation Failure)  438476K->111114K(1034752K), 0.0017917 secs]
312.945: Total time for which application threads were stopped: 0.0019357 seconds, Stopping threads took: 0.0000173 seconds
313.014: [GC (Allocation Failure)  433674K->116652K(1035264K), 0.0039401 secs]
313.018: Total time for which application threads were stopped: 0.0041006 seconds, Stopping threads took: 0.0000173 seconds
313.085: [GC (Allocation Failure)  439212K->116460K(1035776K), 0.0037050 secs]
313.089: Total time for which application threads were stopped: 0.0038860 seconds, Stopping threads took: 0.0000209 seconds
313.155: [GC (Allocation Failure)  440044K->116458K(1035776K), 0.0038388 secs]
313.159: Total time for which application threads were stopped: 0.0040048 seconds, Stopping threads took: 0.0000273 seconds
313.227: [GC (Allocation Failure)  440042K->116588K(1036288K), 0.0040533 secs]
313.231: Total time for which application threads were stopped: 0.0042148 seconds, Stopping threads took: 0.0000197 seconds
313.300: [GC (Allocation Failure)  441196K->116428K(1036288K), 0.0039183 secs]
313.304: Total time for which application threads were stopped: 0.0040815 seconds, Stopping threads took: 0.0000202 seconds
313.370: [GC (Allocation Failure)  441036K->109482K(1034752K), 0.0012901 secs]
313.371: Total time for which application threads were stopped: 0.0014274 seconds, Stopping threads took: 0.0000194 seconds
313.439: [GC (Allocation Failure)  433066K->116564K(1035776K), 0.0037717 secs]
313.443: Total time for which application threads were stopped: 0.0039316 seconds, Stopping threads took: 0.0000199 seconds
313.511: [GC (Allocation Failure)  440148K->120564K(1036288K), 0.0048527 secs]
313.516: Total time for which application threads were stopped: 0.0050208 seconds, Stopping threads took: 0.0000199 seconds
313.584: [GC (Allocation Failure)  445172K->120532K(1036288K), 0.0038493 secs]
313.588: Total time for which application threads were stopped: 0.0040594 seconds, Stopping threads took: 0.0000201 seconds
313.656: [GC (Allocation Failure)  445140K->120652K(1034752K), 0.0037797 secs]
313.660: Total time for which application threads were stopped: 0.0039585 seconds, Stopping threads took: 0.0000218 seconds
313.729: [GC (Allocation Failure)  444236K->128622K(1035776K), 0.0039509 secs]
313.733: Total time for which application threads were stopped: 0.0041226 seconds, Stopping threads took: 0.0000254 seconds
313.802: [GC (Allocation Failure)  452206K->128622K(1035776K), 0.0039883 secs]
313.806: Total time for which application threads were stopped: 0.0041635 seconds, Stopping threads took: 0.0000216 seconds
313.874: [GC (Allocation Failure)  452206K->128646K(1023488K), 0.0039707 secs]
313.878: Total time for which application threads were stopped: 0.0041327 seconds, Stopping threads took: 0.0000204 seconds
313.948: [GC (Allocation Failure)  452230K->136649K(1035264K), 0.0038185 secs]
313.952: Total time for which application threads were stopped: 0.0039800 seconds, Stopping threads took: 0.0000201 seconds
314.020: [GC (Allocation Failure)  459209K->136649K(1035264K), 0.0039946 secs]
314.024: Total time for which application threads were stopped: 0.0041752 seconds, Stopping threads took: 0.0000200 seconds
314.091: [GC (Allocation Failure)  459209K->136873K(1034240K), 0.0039663 secs]
314.095: Total time for which application threads were stopped: 0.0041360 seconds, Stopping threads took: 0.0000222 seconds
314.164: [GC (Allocation Failure)  458409K->144651K(1034752K), 0.0040113 secs]
314.168: Total time for which application threads were stopped: 0.0041796 seconds, Stopping threads took: 0.0000259 seconds
314.235: [GC (Allocation Failure)  466187K->144619K(1034752K), 0.0039435 secs]
314.239: Total time for which application threads were stopped: 0.0041173 seconds, Stopping threads took: 0.0000231 seconds
314.304: [GC (Allocation Failure)  466155K->145091K(1034752K), 0.0053976 secs]
314.310: Total time for which application threads were stopped: 0.0055733 seconds, Stopping threads took: 0.0000382 seconds
314.378: [GC (Allocation Failure)  466627K->152709K(1034752K), 0.0040310 secs]
314.382: Total time for which application threads were stopped: 0.0042018 seconds, Stopping threads took: 0.0000197 seconds
314.449: [GC (Allocation Failure)  474245K->152709K(1034752K), 0.0038693 secs]
314.453: Total time for which application threads were stopped: 0.0040301 seconds, Stopping threads took: 0.0000197 seconds
314.518: [GC (Allocation Failure)  474245K->152845K(1033728K), 0.0041892 secs]
314.522: Total time for which application threads were stopped: 0.0043669 seconds, Stopping threads took: 0.0000204 seconds
314.589: [GC (Allocation Failure)  473357K->160719K(1034240K), 0.0040394 secs]
314.594: Total time for which application threads were stopped: 0.0042085 seconds, Stopping threads took: 0.0000195 seconds
314.662: [GC (Allocation Failure)  481231K->160719K(1034240K), 0.0037381 secs]
314.666: Total time for which application threads were stopped: 0.0039064 seconds, Stopping threads took: 0.0000268 seconds
314.733: [GC (Allocation Failure)  481231K->160775K(1034240K), 0.0038172 secs]
314.737: Total time for which application threads were stopped: 0.0039888 seconds, Stopping threads took: 0.0000204 seconds
314.804: [GC (Allocation Failure)  481287K->168778K(1033216K), 0.0040470 secs]
314.808: Total time for which application threads were stopped: 0.0042680 seconds, Stopping threads took: 0.0000589 seconds
314.875: [GC (Allocation Failure)  488266K->168778K(1033728K), 0.0041141 secs]
314.879: Total time for which application threads were stopped: 0.0042829 seconds, Stopping threads took: 0.0000205 seconds
314.946: [GC (Allocation Failure)  488266K->168778K(1033728K), 0.0037744 secs]
314.950: Total time for which application threads were stopped: 0.0039222 seconds, Stopping threads took: 0.0000196 seconds
315.018: [GC (Allocation Failure)  488266K->176812K(1033728K), 0.0039037 secs]
315.022: Total time for which application threads were stopped: 0.0040826 seconds, Stopping threads took: 0.0000199 seconds
315.089: [GC (Allocation Failure)  496300K->176780K(1033728K), 0.0037390 secs]
315.093: Total time for which application threads were stopped: 0.0038983 seconds, Stopping threads took: 0.0000196 seconds
315.161: [GC (Allocation Failure)  496268K->177036K(1033728K), 0.0039214 secs]
315.165: Total time for which application threads were stopped: 0.0040987 seconds, Stopping threads took: 0.0000286 seconds
315.233: [GC (Allocation Failure)  496524K->184846K(1033728K), 0.0037840 secs]
315.237: Total time for which application threads were stopped: 0.0039579 seconds, Stopping threads took: 0.0000205 seconds
315.303: [GC (Allocation Failure)  504334K->184782K(1033728K), 0.0040292 secs]
315.307: Total time for which application threads were stopped: 0.0041920 seconds, Stopping threads took: 0.0000202 seconds
315.373: [GC (Allocation Failure)  504270K->185006K(1032704K), 0.0041558 secs]
315.378: Total time for which application threads were stopped: 0.0043167 seconds, Stopping threads took: 0.0000200 seconds
315.445: [GC (Allocation Failure)  503470K->192849K(1033216K), 0.0039909 secs]
315.449: Total time for which application threads were stopped: 0.0041507 seconds, Stopping threads took: 0.0000199 seconds
315.513: [GC (Allocation Failure)  511313K->188974K(1034240K), 0.0028501 secs]
315.516: Total time for which application threads were stopped: 0.0030066 seconds, Stopping threads took: 0.0000193 seconds
315.585: [GC (Allocation Failure)  508462K->192969K(1033216K), 0.0040519 secs]
315.589: Total time for which application threads were stopped: 0.0042424 seconds, Stopping threads took: 0.0000211 seconds
315.657: [GC (Allocation Failure)  512457K->196969K(1034752K), 0.0037927 secs]
315.661: Total time for which application threads were stopped: 0.0040084 seconds, Stopping threads took: 0.0000284 seconds
315.730: [GC (Allocation Failure)  518505K->190182K(1034752K), 0.0012983 secs]
315.731: Total time for which application threads were stopped: 0.0014145 seconds, Stopping threads took: 0.0000171 seconds
315.800: [GC (Allocation Failure)  511718K->197073K(1034752K), 0.0040599 secs]
315.804: Total time for which application threads were stopped: 0.0043589 seconds, Stopping threads took: 0.0000195 seconds
315.871: [GC (Allocation Failure)  518609K->201089K(1034752K), 0.0049296 secs]
315.877: Total time for which application threads were stopped: 0.0051033 seconds, Stopping threads took: 0.0000197 seconds
315.943: [GC (Allocation Failure)  522625K->195582K(1034752K), 0.0019497 secs]
315.945: Total time for which application threads were stopped: 0.0020948 seconds, Stopping threads took: 0.0000200 seconds
316.012: [GC (Allocation Failure)  517118K->201393K(1034752K), 0.0041414 secs]
316.016: Total time for which application threads were stopped: 0.0043159 seconds, Stopping threads took: 0.0000329 seconds
316.083: [GC (Allocation Failure)  522929K->205265K(1034752K), 0.0043982 secs]
316.088: Total time for which application threads were stopped: 0.0045906 seconds, Stopping threads took: 0.0000203 seconds
316.157: [GC (Allocation Failure)  527753K->201358K(1035264K), 0.0025593 secs]
316.159: Total time for which application threads were stopped: 0.0027008 seconds, Stopping threads took: 0.0000253 seconds
316.227: [GC (Allocation Failure)  523918K->205417K(1036288K), 0.0041959 secs]
316.232: Total time for which application threads were stopped: 0.0043957 seconds, Stopping threads took: 0.0000211 seconds
316.301: [GC (Allocation Failure)  529513K->209353K(1035776K), 0.0038734 secs]
316.305: Total time for which application threads were stopped: 0.0040533 seconds, Stopping threads took: 0.0000179 seconds
316.376: [GC (Allocation Failure)  533449K->209417K(1035776K), 0.0039478 secs]
316.380: Total time for which application threads were stopped: 0.0041656 seconds, Stopping threads took: 0.0000279 seconds
316.449: [GC (Allocation Failure)  533001K->209449K(1023488K), 0.0041306 secs]
316.453: Total time for which application threads were stopped: 0.0042917 seconds, Stopping threads took: 0.0000198 seconds
316.520: [GC (Allocation Failure)  533033K->217451K(1035264K), 0.0040125 secs]
316.524: Total time for which application threads were stopped: 0.0042017 seconds, Stopping threads took: 0.0000192 seconds
316.592: [GC (Allocation Failure)  540011K->217419K(1030144K), 0.0039212 secs]
316.596: Total time for which application threads were stopped: 0.0040709 seconds, Stopping threads took: 0.0000168 seconds
316.666: [GC (Allocation Failure)  539979K->217483K(1034752K), 0.0039121 secs]
316.670: Total time for which application threads were stopped: 0.0040819 seconds, Stopping threads took: 0.0000271 seconds
316.738: [GC (Allocation Failure)  539019K->225453K(1034752K), 0.0042601 secs]
316.742: Total time for which application threads were stopped: 0.0044254 seconds, Stopping threads took: 0.0000202 seconds
316.810: [GC (Allocation Failure)  546989K->225453K(1033728K), 0.0040365 secs]
316.814: Total time for which application threads were stopped: 0.0042271 seconds, Stopping threads took: 0.0000201 seconds
316.883: [GC (Allocation Failure)  545965K->225709K(1034240K), 0.0040508 secs]
316.887: Total time for which application threads were stopped: 0.0042496 seconds, Stopping threads took: 0.0000206 seconds
316.957: [GC (Allocation Failure)  546221K->233519K(1034240K), 0.0040193 secs]
316.961: Total time for which application threads were stopped: 0.0041802 seconds, Stopping threads took: 0.0000191 seconds
317.029: [GC (Allocation Failure)  554031K->233487K(1034240K), 0.0040544 secs]
317.033: Total time for which application threads were stopped: 0.0042253 seconds, Stopping threads took: 0.0000198 seconds
317.100: [GC (Allocation Failure)  553999K->233927K(1033216K), 0.0042814 secs]
317.104: Total time for which application threads were stopped: 0.0044555 seconds, Stopping threads took: 0.0000203 seconds
317.172: [GC (Allocation Failure)  553415K->241546K(1033728K), 0.0041566 secs]
317.176: Total time for which application threads were stopped: 0.0043427 seconds, Stopping threads took: 0.0000265 seconds
317.246: [GC (Allocation Failure)  561034K->241514K(1033728K), 0.0040591 secs]
317.250: Total time for which application threads were stopped: 0.0042300 seconds, Stopping threads took: 0.0000201 seconds
317.315: [GC (Allocation Failure)  561002K->241642K(1033728K), 0.0042035 secs]
317.320: Total time for which application threads were stopped: 0.0043669 seconds, Stopping threads took: 0.0000194 seconds
317.387: [GC (Allocation Failure)  561130K->249580K(1033728K), 0.0040218 secs]
317.391: Total time for which application threads were stopped: 0.0042014 seconds, Stopping threads took: 0.0000370 seconds
317.459: [GC (Allocation Failure)  569068K->249548K(1033728K), 0.0042636 secs]
317.463: Total time for which application threads were stopped: 0.0044438 seconds, Stopping threads took: 0.0000196 seconds
317.531: [GC (Allocation Failure)  569036K->249612K(1033728K), 0.0042052 secs]
317.535: Total time for which application threads were stopped: 0.0043871 seconds, Stopping threads took: 0.0000201 seconds
317.603: [GC (Allocation Failure)  569100K->257614K(1027072K), 0.0043360 secs]
317.608: Total time for which application threads were stopped: 0.0045077 seconds, Stopping threads took: 0.0000203 seconds
317.673: [GC (Allocation Failure)  577102K->253708K(1034240K), 0.0029339 secs]
317.676: Total time for which application threads were stopped: 0.0031018 seconds, Stopping threads took: 0.0000264 seconds
317.743: [GC (Allocation Failure)  573196K->257742K(1033216K), 0.0042753 secs]
317.747: Total time for which application threads were stopped: 0.0044550 seconds, Stopping threads took: 0.0000220 seconds
317.815: [GC (Allocation Failure)  577230K->261742K(1034752K), 0.0042049 secs]
317.819: Total time for which application threads were stopped: 0.0043794 seconds, Stopping threads took: 0.0000202 seconds
317.886: [GC (Allocation Failure)  583278K->254924K(1034752K), 0.0015914 secs]
317.887: Total time for which application threads were stopped: 0.0017317 seconds, Stopping threads took: 0.0000202 seconds
317.959: [GC (Allocation Failure)  576460K->261742K(1034752K), 0.0040085 secs]
317.963: Total time for which application threads were stopped: 0.0041751 seconds, Stopping threads took: 0.0000172 seconds
318.029: [GC (Allocation Failure)  583278K->265846K(1034752K), 0.0050782 secs]
318.034: Total time for which application threads were stopped: 0.0052476 seconds, Stopping threads took: 0.0000200 seconds
318.100: [GC (Allocation Failure)  587382K->260308K(1034752K), 0.0020716 secs]
318.102: Total time for which application threads were stopped: 0.0022188 seconds, Stopping threads took: 0.0000193 seconds
318.170: [GC (Allocation Failure)  581844K->266150K(1034752K), 0.0041656 secs]
318.174: Total time for which application threads were stopped: 0.0043367 seconds, Stopping threads took: 0.0000281 seconds
318.241: [GC (Allocation Failure)  587686K->269990K(1035264K), 0.0043516 secs]
318.246: Total time for which application threads were stopped: 0.0044993 seconds, Stopping threads took: 0.0000198 seconds
318.314: [GC (Allocation Failure)  592478K->266084K(1035264K), 0.0029630 secs]
318.317: Total time for which application threads were stopped: 0.0031081 seconds, Stopping threads took: 0.0000176 seconds
318.386: [GC (Allocation Failure)  588644K->270158K(1036288K), 0.0041936 secs]
318.390: Total time for which application threads were stopped: 0.0043765 seconds, Stopping threads took: 0.0000286 seconds
318.458: [GC (Allocation Failure)  594254K->274158K(1035776K), 0.0041265 secs]
318.462: Total time for which application threads were stopped: 0.0042890 seconds, Stopping threads took: 0.0000192 seconds
318.531: [GC (Allocation Failure)  598254K->274126K(1035776K), 0.0040918 secs]
318.535: Total time for which application threads were stopped: 0.0042649 seconds, Stopping threads took: 0.0000256 seconds
318.604: [GC (Allocation Failure)  597710K->274214K(1023488K), 0.0068489 secs]
318.610: Total time for which application threads were stopped: 0.0070237 seconds, Stopping threads took: 0.0000194 seconds
318.679: [GC (Allocation Failure)  597798K->282184K(1035264K), 0.0042546 secs]
318.683: Total time for which application threads were stopped: 0.0044379 seconds, Stopping threads took: 0.0000285 seconds
318.751: [GC (Allocation Failure)  604744K->282152K(1030144K), 0.0041322 secs]
318.756: Total time for which application threads were stopped: 0.0043089 seconds, Stopping threads took: 0.0000219 seconds
318.825: [GC (Allocation Failure)  604712K->282216K(1034752K), 0.0041434 secs]
318.829: Total time for which application threads were stopped: 0.0043262 seconds, Stopping threads took: 0.0000216 seconds
318.897: [GC (Allocation Failure)  603752K->290187K(1034752K), 0.0050346 secs]
318.902: Total time for which application threads were stopped: 0.0052010 seconds, Stopping threads took: 0.0000248 seconds
318.971: [GC (Allocation Failure)  611723K->290187K(1033728K), 0.0041257 secs]
318.975: Total time for which application threads were stopped: 0.0044111 seconds, Stopping threads took: 0.0001376 seconds
319.042: [GC (Allocation Failure)  610699K->290411K(1034240K), 0.0042847 secs]
319.046: Total time for which application threads were stopped: 0.0044451 seconds, Stopping threads took: 0.0000199 seconds
319.114: [GC (Allocation Failure)  610923K->298253K(1034240K), 0.0046872 secs]
319.118: Total time for which application threads were stopped: 0.0048462 seconds, Stopping threads took: 0.0000198 seconds
319.190: [GC (Allocation Failure)  618765K->298253K(1034240K), 0.0041086 secs]
319.194: Total time for which application threads were stopped: 0.0042759 seconds, Stopping threads took: 0.0000173 seconds
319.261: [GC (Allocation Failure)  618765K->298661K(1033216K), 0.0041988 secs]
319.266: Total time for which application threads were stopped: 0.0043938 seconds, Stopping threads took: 0.0000201 seconds
319.335: [GC (Allocation Failure)  618149K->306215K(1033728K), 0.0042393 secs]
319.339: Total time for which application threads were stopped: 0.0044016 seconds, Stopping threads took: 0.0000193 seconds
319.406: [GC (Allocation Failure)  625703K->306247K(1033728K), 0.0041690 secs]
319.411: Total time for which application threads were stopped: 0.0043261 seconds, Stopping threads took: 0.0000206 seconds
319.475: [GC (Allocation Failure)  625735K->306375K(1033728K), 0.0041038 secs]
319.479: Total time for which application threads were stopped: 0.0042691 seconds, Stopping threads took: 0.0000190 seconds
319.547: [GC (Allocation Failure)  625863K->314281K(1033728K), 0.0043067 secs]
319.551: Total time for which application threads were stopped: 0.0044804 seconds, Stopping threads took: 0.0000196 seconds
319.618: [GC (Allocation Failure)  633769K->314281K(1033728K), 0.0043280 secs]
319.622: Total time for which application threads were stopped: 0.0044864 seconds, Stopping threads took: 0.0000194 seconds
319.689: [GC (Allocation Failure)  633769K->314345K(1033728K), 0.0041026 secs]
319.694: Total time for which application threads were stopped: 0.0042931 seconds, Stopping threads took: 0.0000279 seconds
319.762: [GC (Allocation Failure)  633833K->322380K(1027072K), 0.0043615 secs]
319.767: Total time for which application threads were stopped: 0.0045454 seconds, Stopping threads took: 0.0000170 seconds
319.833: [GC (Allocation Failure)  641867K->318441K(1034240K), 0.0032930 secs]
319.837: Total time for which application threads were stopped: 0.0034561 seconds, Stopping threads took: 0.0000205 seconds
319.905: [GC (Allocation Failure)  637929K->322404K(1033216K), 0.0049782 secs]
319.910: Total time for which application threads were stopped: 0.0051780 seconds, Stopping threads took: 0.0000266 seconds
319.978: [GC (Allocation Failure)  641892K->326436K(1034752K), 0.0041424 secs]
319.982: Total time for which application threads were stopped: 0.0043057 seconds, Stopping threads took: 0.0000172 seconds
320.051: [GC (Allocation Failure)  647972K->319649K(1034752K), 0.0016363 secs]
320.052: Total time for which application threads were stopped: 0.0017947 seconds, Stopping threads took: 0.0000201 seconds
320.119: [GC (Allocation Failure)  641185K->326500K(1034752K), 0.0041702 secs]
320.123: Total time for which application threads were stopped: 0.0043328 seconds, Stopping threads took: 0.0000202 seconds
320.191: [GC (Allocation Failure)  648036K->330580K(1034752K), 0.0051873 secs]
320.197: Total time for which application threads were stopped: 0.0053589 seconds, Stopping threads took: 0.0000204 seconds
320.262: [GC (Allocation Failure)  652116K->325041K(1034752K), 0.0023451 secs]
320.264: Total time for which application threads were stopped: 0.0024852 seconds, Stopping threads took: 0.0000201 seconds
320.333: [GC (Allocation Failure)  646577K->330884K(1034752K), 0.0044583 secs]
320.338: Total time for which application threads were stopped: 0.0046184 seconds, Stopping threads took: 0.0000173 seconds
320.405: [GC (Allocation Failure)  652420K->334724K(1035264K), 0.0044479 secs]
320.410: Total time for which application threads were stopped: 0.0046419 seconds, Stopping threads took: 0.0000209 seconds
320.478: [GC (Allocation Failure)  657212K->330849K(1035264K), 0.0029985 secs]
320.481: Total time for which application threads were stopped: 0.0031565 seconds, Stopping threads took: 0.0000196 seconds
320.549: [GC (Allocation Failure)  653409K->334860K(1036288K), 0.0042242 secs]
320.554: Total time for which application threads were stopped: 0.0044093 seconds, Stopping threads took: 0.0000203 seconds
320.623: [GC (Allocation Failure)  658956K->338892K(1035776K), 0.0042938 secs]
320.627: Total time for which application threads were stopped: 0.0044489 seconds, Stopping threads took: 0.0000194 seconds
320.699: [GC (Allocation Failure)  662988K->338892K(1035776K), 0.0041562 secs]
320.703: Total time for which application threads were stopped: 0.0043279 seconds, Stopping threads took: 0.0000289 seconds
320.771: [GC (Allocation Failure)  662476K->338924K(1023488K), 0.0044167 secs]
320.775: Total time for which application threads were stopped: 0.0045869 seconds, Stopping threads took: 0.0000206 seconds
320.842: [GC (Allocation Failure)  662508K->346926K(1035264K), 0.0043574 secs]
320.846: Total time for which application threads were stopped: 0.0045065 seconds, Stopping threads took: 0.0000175 seconds
320.915: [GC (Allocation Failure)  669486K->346894K(1030144K), 0.0055953 secs]
320.921: Total time for which application threads were stopped: 0.0057627 seconds, Stopping threads took: 0.0000267 seconds
320.989: [GC (Allocation Failure)  669454K->346958K(1034752K), 0.0043186 secs]
320.993: Total time for which application threads were stopped: 0.0044772 seconds, Stopping threads took: 0.0000193 seconds
321.061: [GC (Allocation Failure)  668494K->354960K(1029120K), 0.0043566 secs]
321.065: Total time for which application threads were stopped: 0.0045248 seconds, Stopping threads took: 0.0000190 seconds
321.135: [GC (Allocation Failure)  676496K->354960K(1034240K), 0.0043036 secs]
321.139: Total time for which application threads were stopped: 0.0044753 seconds, Stopping threads took: 0.0000191 seconds
321.207: [GC (Allocation Failure)  675472K->355176K(1034240K), 0.0041694 secs]
321.211: Total time for which application threads were stopped: 0.0043374 seconds, Stopping threads took: 0.0000285 seconds
321.279: [GC (Allocation Failure)  675688K->362922K(1034240K), 0.0042545 secs]
321.283: Total time for which application threads were stopped: 0.0044145 seconds, Stopping threads took: 0.0000199 seconds
321.352: [GC (Allocation Failure)  683434K->362954K(1034240K), 0.0043881 secs]
321.357: Total time for which application threads were stopped: 0.0045480 seconds, Stopping threads took: 0.0000200 seconds
321.424: [GC (Allocation Failure)  683466K->363402K(1033216K), 0.0044673 secs]
321.428: Total time for which application threads were stopped: 0.0046558 seconds, Stopping threads took: 0.0000195 seconds
321.497: [GC (Allocation Failure)  682890K->370989K(1033728K), 0.0042711 secs]
321.501: Total time for which application threads were stopped: 0.0044406 seconds, Stopping threads took: 0.0000195 seconds
321.568: [GC (Allocation Failure)  690477K->371021K(1033728K), 0.0043488 secs]
321.573: Total time for which application threads were stopped: 0.0045151 seconds, Stopping threads took: 0.0000191 seconds
321.639: [GC (Allocation Failure)  690509K->371109K(1033728K), 0.0044867 secs]
321.644: Total time for which application threads were stopped: 0.0046743 seconds, Stopping threads took: 0.0000195 seconds
321.713: [GC (Allocation Failure)  690597K->379047K(1033728K), 0.0043281 secs]
321.717: Total time for which application threads were stopped: 0.0045213 seconds, Stopping threads took: 0.0000201 seconds
321.786: [GC (Allocation Failure)  698535K->379047K(1033728K), 0.0044108 secs]
321.790: Total time for which application threads were stopped: 0.0045769 seconds, Stopping threads took: 0.0000193 seconds
321.857: [GC (Allocation Failure)  698535K->379079K(1033728K), 0.0043621 secs]
321.861: Total time for which application threads were stopped: 0.0045543 seconds, Stopping threads took: 0.0000256 seconds
321.929: [GC (Allocation Failure)  698567K->387049K(1027072K), 0.0045961 secs]
321.934: Total time for which application threads were stopped: 0.0047443 seconds, Stopping threads took: 0.0000168 seconds
322.000: [GC (Allocation Failure)  706537K->383175K(1034240K), 0.0033897 secs]
322.003: Total time for which application threads were stopped: 0.0035562 seconds, Stopping threads took: 0.0000200 seconds
322.071: [GC (Allocation Failure)  702663K->387209K(1033216K), 0.0044588 secs]
322.076: Total time for which application threads were stopped: 0.0046195 seconds, Stopping threads took: 0.0000211 seconds
322.144: [GC (Allocation Failure)  706697K->391177K(1034752K), 0.0041913 secs]
322.148: Total time for which application threads were stopped: 0.0043836 seconds, Stopping threads took: 0.0000280 seconds
322.216: [GC (Allocation Failure)  712713K->384391K(1034752K), 0.0017407 secs]
322.218: Total time for which application threads were stopped: 0.0018914 seconds, Stopping threads took: 0.0000281 seconds
322.286: [GC (Allocation Failure)  705927K->391249K(1034752K), 0.0043231 secs]
322.291: Total time for which application threads were stopped: 0.0044854 seconds, Stopping threads took: 0.0000204 seconds
322.356: [GC (Allocation Failure)  712785K->395289K(1034752K), 0.0051644 secs]
322.362: Total time for which application threads were stopped: 0.0053314 seconds, Stopping threads took: 0.0000194 seconds
322.427: [GC (Allocation Failure)  716825K->389751K(1034752K), 0.0025295 secs]
322.430: Total time for which application threads were stopped: 0.0026811 seconds, Stopping threads took: 0.0000201 seconds
322.497: [GC (Allocation Failure)  711287K->395593K(1034752K), 0.0043824 secs]
322.501: Total time for which application threads were stopped: 0.0045437 seconds, Stopping threads took: 0.0000201 seconds
322.568: [GC (Allocation Failure)  717129K->399433K(1034752K), 0.0046280 secs]
322.573: Total time for which application threads were stopped: 0.0047978 seconds, Stopping threads took: 0.0000201 seconds
322.641: [GC (Allocation Failure)  721922K->395559K(1035264K), 0.0034685 secs]
322.645: Total time for which application threads were stopped: 0.0036263 seconds, Stopping threads took: 0.0000196 seconds
322.713: [GC (Allocation Failure)  718119K->399625K(1036288K), 0.0045195 secs]
322.717: Total time for which application threads were stopped: 0.0046774 seconds, Stopping threads took: 0.0000194 seconds
322.785: [GC (Allocation Failure)  723721K->403593K(1035776K), 0.0042759 secs]
322.789: Total time for which application threads were stopped: 0.0044392 seconds, Stopping threads took: 0.0000205 seconds
322.858: [GC (Allocation Failure)  727689K->403561K(1035776K), 0.0044485 secs]
322.862: Total time for which application threads were stopped: 0.0046229 seconds, Stopping threads took: 0.0000202 seconds
322.932: [GC (Allocation Failure)  727145K->403657K(1023488K), 0.0044820 secs]
322.937: Total time for which application threads were stopped: 0.0046525 seconds, Stopping threads took: 0.0000207 seconds
323.005: [GC (Allocation Failure)  727241K->411628K(1035264K), 0.0045071 secs]
323.010: Total time for which application threads were stopped: 0.0046792 seconds, Stopping threads took: 0.0000210 seconds
323.077: [GC (Allocation Failure)  734188K->411628K(1030144K), 0.0044227 secs]
323.082: Total time for which application threads were stopped: 0.0045932 seconds, Stopping threads took: 0.0000198 seconds
323.149: [GC (Allocation Failure)  734188K->411692K(1034752K), 0.0042761 secs]
323.153: Total time for which application threads were stopped: 0.0044352 seconds, Stopping threads took: 0.0000192 seconds
323.221: [GC (Allocation Failure)  733228K->419694K(1034752K), 0.0046302 secs]
323.225: Total time for which application threads were stopped: 0.0047971 seconds, Stopping threads took: 0.0000194 seconds
323.293: [GC (Allocation Failure)  741230K->419694K(1033728K), 0.0043866 secs]
323.298: Total time for which application threads were stopped: 0.0045549 seconds, Stopping threads took: 0.0000195 seconds
323.364: [GC (Allocation Failure)  740206K->419918K(1034240K), 0.0045284 secs]
323.369: Total time for which application threads were stopped: 0.0047231 seconds, Stopping threads took: 0.0000203 seconds
323.439: [GC (Allocation Failure)  740430K->427728K(1034240K), 0.0043103 secs]
323.443: Total time for which application threads were stopped: 0.0044589 seconds, Stopping threads took: 0.0000171 seconds
323.511: [GC (Allocation Failure)  748240K->427696K(1034240K), 0.0057099 secs]
323.517: Total time for which application threads were stopped: 0.0058793 seconds, Stopping threads took: 0.0000282 seconds
323.584: [GC (Allocation Failure)  748208K->428104K(1033216K), 0.0044261 secs]
323.588: Total time for which application threads were stopped: 0.0045900 seconds, Stopping threads took: 0.0000202 seconds
323.656: [GC (Allocation Failure)  747592K->435722K(1033728K), 0.0043568 secs]
323.660: Total time for which application threads were stopped: 0.0045230 seconds, Stopping threads took: 0.0000277 seconds
323.728: [GC (Allocation Failure)  755210K->435722K(1033728K), 0.0046121 secs]
323.733: Total time for which application threads were stopped: 0.0047735 seconds, Stopping threads took: 0.0000199 seconds
323.798: [GC (Allocation Failure)  755210K->435850K(1033728K), 0.0045217 secs]
323.802: Total time for which application threads were stopped: 0.0046911 seconds, Stopping threads took: 0.0000194 seconds
323.870: [GC (Allocation Failure)  755338K->443789K(1033728K), 0.0042919 secs]
323.874: Total time for which application threads were stopped: 0.0044679 seconds, Stopping threads took: 0.0000190 seconds
323.942: [GC (Allocation Failure)  763277K->443757K(1033728K), 0.0052511 secs]
323.947: Total time for which application threads were stopped: 0.0054104 seconds, Stopping threads took: 0.0000201 seconds
324.014: [GC (Allocation Failure)  763245K->443781K(1033728K), 0.0052250 secs]
324.019: Total time for which application threads were stopped: 0.0053853 seconds, Stopping threads took: 0.0000193 seconds
324.086: [GC (Allocation Failure)  763269K->451783K(1027072K), 0.0046783 secs]
324.090: Total time for which application threads were stopped: 0.0048379 seconds, Stopping threads took: 0.0000193 seconds
324.155: [GC (Allocation Failure)  771270K->447877K(1034240K), 0.0035276 secs]
324.159: Total time for which application threads were stopped: 0.0036929 seconds, Stopping threads took: 0.0000201 seconds
324.229: [GC (Allocation Failure)  767365K->451943K(1033216K), 0.0047522 secs]
324.234: Total time for which application threads were stopped: 0.0049104 seconds, Stopping threads took: 0.0000172 seconds
324.301: [GC (Allocation Failure)  771431K->455911K(1034752K), 0.0063324 secs]
324.308: Total time for which application threads were stopped: 0.0065015 seconds, Stopping threads took: 0.0000200 seconds
324.376: [GC (Allocation Failure)  777447K->449125K(1034752K), 0.0018540 secs]
324.378: Total time for which application threads were stopped: 0.0019973 seconds, Stopping threads took: 0.0000178 seconds
324.447: [GC (Allocation Failure)  770661K->455983K(1034752K), 0.0043702 secs]
324.451: Total time for which application threads were stopped: 0.0045314 seconds, Stopping threads took: 0.0000202 seconds
324.517: [GC (Allocation Failure)  777519K->460095K(1034752K), 0.0053465 secs]
324.522: Total time for which application threads were stopped: 0.0055133 seconds, Stopping threads took: 0.0000199 seconds
324.588: [GC (Allocation Failure)  781631K->454493K(1034752K), 0.0024397 secs]
324.590: Total time for which application threads were stopped: 0.0025845 seconds, Stopping threads took: 0.0000192 seconds
324.659: [GC (Allocation Failure)  776029K->460303K(1034752K), 0.0043257 secs]
324.663: Total time for which application threads were stopped: 0.0045121 seconds, Stopping threads took: 0.0000256 seconds
324.732: [GC (Allocation Failure)  781839K->464247K(1034752K), 0.0049790 secs]
324.737: Total time for which application threads were stopped: 0.0051739 seconds, Stopping threads took: 0.0000203 seconds
324.806: [GC (Allocation Failure)  786735K->460341K(1035264K), 0.0033534 secs]
324.810: Total time for which application threads were stopped: 0.0034972 seconds, Stopping threads took: 0.0000176 seconds
324.879: [GC (Allocation Failure)  782901K->464367K(1036288K), 0.0045004 secs]
324.884: Total time for which application threads were stopped: 0.0046671 seconds, Stopping threads took: 0.0000279 seconds
324.954: [GC (Allocation Failure)  788463K->468303K(1035776K), 0.0045737 secs]
324.958: Total time for which application threads were stopped: 0.0047527 seconds, Stopping threads took: 0.0000286 seconds
325.027: [GC (Allocation Failure)  792399K->468367K(1035776K), 0.0044129 secs]
325.032: Total time for which application threads were stopped: 0.0045831 seconds, Stopping threads took: 0.0000205 seconds
325.099: [GC (Allocation Failure)  791951K->468391K(1023488K), 0.0046776 secs]
325.104: Total time for which application threads were stopped: 0.0048409 seconds, Stopping threads took: 0.0000203 seconds
325.170: [GC (Allocation Failure)  791975K->476361K(1035264K), 0.0045205 secs]
325.175: Total time for which application threads were stopped: 0.0046876 seconds, Stopping threads took: 0.0000197 seconds
325.244: [GC (Allocation Failure)  798921K->476361K(1030144K), 0.0042516 secs]
325.249: Total time for which application threads were stopped: 0.0044109 seconds, Stopping threads took: 0.0000196 seconds
325.316: [GC (Allocation Failure)  798921K->476425K(1034752K), 0.0046090 secs]
325.321: Total time for which application threads were stopped: 0.0047738 seconds, Stopping threads took: 0.0000204 seconds
325.389: [GC (Allocation Failure)  797961K->484427K(1029120K), 0.0053646 secs]
325.394: Total time for which application threads were stopped: 0.0055420 seconds, Stopping threads took: 0.0000201 seconds
325.462: [GC (Allocation Failure)  805963K->484363K(1034240K), 0.0044194 secs]
325.467: Total time for which application threads were stopped: 0.0045866 seconds, Stopping threads took: 0.0000211 seconds
325.534: [GC (Allocation Failure)  804875K->484651K(1034240K), 0.0045920 secs]
325.539: Total time for which application threads were stopped: 0.0047634 seconds, Stopping threads took: 0.0000206 seconds
325.607: [GC (Allocation Failure)  805163K->492430K(1034240K), 0.0045032 secs]
325.611: Total time for which application threads were stopped: 0.0046794 seconds, Stopping threads took: 0.0000199 seconds
325.682: [GC (Allocation Failure)  812942K->492430K(1034240K), 0.0045454 secs]
325.686: Total time for which application threads were stopped: 0.0047099 seconds, Stopping threads took: 0.0000260 seconds
325.754: [GC (Allocation Failure)  812942K->492870K(1033216K), 0.0046428 secs]
325.758: Total time for which application threads were stopped: 0.0048185 seconds, Stopping threads took: 0.0000200 seconds
325.827: [GC (Allocation Failure)  812358K->500488K(1033728K), 0.0046020 secs]
325.832: Total time for which application threads were stopped: 0.0047732 seconds, Stopping threads took: 0.0000280 seconds
