Java HotSpot(TM) 64-Bit Server VM (25.171-b11) for linux-amd64 JRE (1.8.0_171-b11), built on Mar 28 2018 17:07:08 by "java_re" with gcc 4.3.0 20080428 (Red Hat 4.3.0-8)
Memory: 4k page, physical 32883000k(29295756k free), swap 8000508k(8000508k free)
CommandLine flags: -XX:InitialHeapSize=1073741824 -XX:MaxHeapSize=1073741824 -XX:+PrintGC -XX:+PrintGCApplicationStoppedTime -XX:+PrintGCTimeStamps -XX:+UseCompressedClassPointers -XX:+UseCompressedOops -XX:+UseParallelGC 
0.280: [GC (Allocation Failure)  262144K->10316K(1005056K), 0.0054351 secs]
0.286: Total time for which application threads were stopped: 0.0056234 seconds, Stopping threads took: 0.0000178 seconds
0.350: [GC (Allocation Failure)  272460K->8690K(1005056K), 0.0037664 secs]
0.353: Total time for which application threads were stopped: 0.0040014 seconds, Stopping threads took: 0.0001001 seconds
0.409: [GC (Allocation Failure)  270834K->8626K(1005056K), 0.0029371 secs]
0.412: Total time for which application threads were stopped: 0.0031225 seconds, Stopping threads took: 0.0000203 seconds
0.468: [GC (Allocation Failure)  270770K->8585K(1005056K), 0.0044487 secs]
0.472: Total time for which application threads were stopped: 0.0046249 seconds, Stopping threads took: 0.0000251 seconds
0.527: [GC (Allocation Failure)  270729K->8754K(1005056K), 0.0034430 secs]
0.531: Total time for which application threads were stopped: 0.0036112 seconds, Stopping threads took: 0.0000210 seconds
0.586: [GC (Allocation Failure)  270898K->8562K(1038336K), 0.0044896 secs]
0.591: Total time for which application threads were stopped: 0.0046634 seconds, Stopping threads took: 0.0000204 seconds
0.669: [GC (Allocation Failure)  336754K->8620K(1037824K), 0.0040049 secs]
0.673: Total time for which application threads were stopped: 0.0041634 seconds, Stopping threads took: 0.0000190 seconds
0.743: [GC (Allocation Failure)  336812K->8652K(1038336K), 0.0037996 secs]
0.747: Total time for which application threads were stopped: 0.0039731 seconds, Stopping threads took: 0.0000276 seconds
0.816: [GC (Allocation Failure)  337356K->8620K(1038336K), 0.0036365 secs]
0.820: Total time for which application threads were stopped: 0.0037912 seconds, Stopping threads took: 0.0000199 seconds
0.886: [GC (Allocation Failure)  337324K->10284K(1037312K), 0.0033368 secs]
0.890: Total time for which application threads were stopped: 0.0034985 seconds, Stopping threads took: 0.0000205 seconds
0.960: [GC (Allocation Failure)  337964K->8588K(1037824K), 0.0034804 secs]
0.964: Total time for which application threads were stopped: 0.0036282 seconds, Stopping threads took: 0.0000175 seconds
1.033: [GC (Allocation Failure)  336268K->8620K(1037824K), 0.0040220 secs]
1.037: Total time for which application threads were stopped: 0.0041910 seconds, Stopping threads took: 0.0000199 seconds
1.104: [GC (Allocation Failure)  336300K->9524K(1028096K), 0.0047592 secs]
1.109: Total time for which application threads were stopped: 0.0049244 seconds, Stopping threads took: 0.0000197 seconds
1.177: [GC (Allocation Failure)  337204K->16854K(1037312K), 0.0044929 secs]
1.182: Total time for which application threads were stopped: 0.0046617 seconds, Stopping threads took: 0.0000199 seconds
1.252: [GC (Allocation Failure)  342998K->16630K(1036800K), 0.0037742 secs]
1.256: Total time for which application threads were stopped: 0.0039559 seconds, Stopping threads took: 0.0000269 seconds
1.322: [GC (Allocation Failure)  342774K->21980K(1034240K), 0.0068188 secs]
1.329: Total time for which application threads were stopped: 0.0070004 seconds, Stopping threads took: 0.0000218 seconds
1.397: [GC (Allocation Failure)  345564K->18942K(1035776K), 0.0036599 secs]
1.400: Total time for which application threads were stopped: 0.0038278 seconds, Stopping threads took: 0.0000206 seconds
1.468: [GC (Allocation Failure)  342526K->18782K(1036288K), 0.0037804 secs]
1.472: Total time for which application threads were stopped: 0.0039454 seconds, Stopping threads took: 0.0000209 seconds
1.537: [GC (Allocation Failure)  343387K->14876K(1028608K), 0.0026298 secs]
1.540: Total time for which application threads were stopped: 0.0028039 seconds, Stopping threads took: 0.0000194 seconds
1.608: [GC (Allocation Failure)  339484K->18950K(1035776K), 0.0042795 secs]
1.612: Total time for which application threads were stopped: 0.0044654 seconds, Stopping threads took: 0.0000192 seconds
1.680: [GC (Allocation Failure)  342534K->22918K(1035776K), 0.0037212 secs]
1.684: Total time for which application threads were stopped: 0.0038768 seconds, Stopping threads took: 0.0000255 seconds
1.750: [GC (Allocation Failure)  346502K->22950K(1036288K), 0.0037993 secs]
1.754: Total time for which application threads were stopped: 0.0039739 seconds, Stopping threads took: 0.0000285 seconds
1.823: [GC (Allocation Failure)  347558K->22982K(1024512K), 0.0046134 secs]
1.827: Total time for which application threads were stopped: 0.0047985 seconds, Stopping threads took: 0.0000293 seconds
1.895: [GC (Allocation Failure)  347590K->30984K(1035776K), 0.0038268 secs]
1.899: Total time for which application threads were stopped: 0.0039885 seconds, Stopping threads took: 0.0000213 seconds
1.968: [GC (Allocation Failure)  354056K->30952K(1035264K), 0.0035833 secs]
1.972: Total time for which application threads were stopped: 0.0037406 seconds, Stopping threads took: 0.0000204 seconds
2.041: [GC (Allocation Failure)  354024K->31016K(1034752K), 0.0044090 secs]
2.045: Total time for which application threads were stopped: 0.0045646 seconds, Stopping threads took: 0.0000196 seconds
2.113: [GC (Allocation Failure)  353576K->39018K(1035264K), 0.0039367 secs]
2.117: Total time for which application threads were stopped: 0.0040935 seconds, Stopping threads took: 0.0000196 seconds
2.184: [GC (Allocation Failure)  361578K->38986K(1035264K), 0.0035920 secs]
2.188: Total time for which application threads were stopped: 0.0037554 seconds, Stopping threads took: 0.0000283 seconds
2.257: [GC (Allocation Failure)  361546K->39202K(1022464K), 0.0045885 secs]
2.262: Total time for which application threads were stopped: 0.0047365 seconds, Stopping threads took: 0.0000175 seconds
2.330: [GC (Allocation Failure)  361762K->47045K(1034752K), 0.0040463 secs]
2.334: Total time for which application threads were stopped: 0.0042169 seconds, Stopping threads took: 0.0000195 seconds
2.402: [GC (Allocation Failure)  368581K->47045K(1034752K), 0.0038533 secs]
2.406: Total time for which application threads were stopped: 0.0040210 seconds, Stopping threads took: 0.0000196 seconds
2.471: [GC (Allocation Failure)  368581K->47429K(1034752K), 0.0047708 secs]
2.476: Total time for which application threads were stopped: 0.0049271 seconds, Stopping threads took: 0.0000200 seconds
2.546: [GC (Allocation Failure)  368965K->55047K(1034752K), 0.0037148 secs]
2.549: Total time for which application threads were stopped: 0.0039064 seconds, Stopping threads took: 0.0000200 seconds
2.620: [GC (Allocation Failure)  376583K->55015K(1034752K), 0.0037156 secs]
2.624: Total time for which application threads were stopped: 0.0038766 seconds, Stopping threads took: 0.0000207 seconds
2.690: [GC (Allocation Failure)  376551K->55207K(1021440K), 0.0047005 secs]
2.694: Total time for which application threads were stopped: 0.0048727 seconds, Stopping threads took: 0.0000275 seconds
2.764: [GC (Allocation Failure)  376743K->63081K(1034240K), 0.0047426 secs]
2.768: Total time for which application threads were stopped: 0.0049049 seconds, Stopping threads took: 0.0000258 seconds
2.834: [GC (Allocation Failure)  383593K->63081K(1034240K), 0.0037386 secs]
2.838: Total time for which application threads were stopped: 0.0039122 seconds, Stopping threads took: 0.0000196 seconds
2.905: [GC (Allocation Failure)  383593K->63137K(1034240K), 0.0047097 secs]
2.909: Total time for which application threads were stopped: 0.0048678 seconds, Stopping threads took: 0.0000211 seconds
2.979: [GC (Allocation Failure)  383649K->71139K(1028096K), 0.0037115 secs]
2.982: Total time for which application threads were stopped: 0.0038876 seconds, Stopping threads took: 0.0000199 seconds
3.053: [GC (Allocation Failure)  391651K->71075K(1034240K), 0.0039151 secs]
3.057: Total time for which application threads were stopped: 0.0040763 seconds, Stopping threads took: 0.0000223 seconds
3.124: [GC (Allocation Failure)  391075K->71651K(1033728K), 0.0048212 secs]
3.129: Total time for which application threads were stopped: 0.0049979 seconds, Stopping threads took: 0.0000204 seconds
3.197: [GC (Allocation Failure)  391651K->79142K(1033728K), 0.0039546 secs]
3.201: Total time for which application threads were stopped: 0.0041247 seconds, Stopping threads took: 0.0000267 seconds
3.269: [GC (Allocation Failure)  398630K->79142K(1033728K), 0.0039931 secs]
3.273: Total time for which application threads were stopped: 0.0041694 seconds, Stopping threads took: 0.0000207 seconds
3.339: [GC (Allocation Failure)  398630K->79366K(1033728K), 0.0047667 secs]
3.344: Total time for which application threads were stopped: 0.0049317 seconds, Stopping threads took: 0.0000183 seconds
3.411: [GC (Allocation Failure)  398854K->87176K(1033728K), 0.0039412 secs]
3.415: Total time for which application threads were stopped: 0.0041016 seconds, Stopping threads took: 0.0000208 seconds
3.482: [GC (Allocation Failure)  406664K->87176K(1033728K), 0.0040458 secs]
3.487: Total time for which application threads were stopped: 0.0042064 seconds, Stopping threads took: 0.0000210 seconds
3.553: [GC (Allocation Failure)  406664K->87592K(1033728K), 0.0045128 secs]
3.558: Total time for which application threads were stopped: 0.0046591 seconds, Stopping threads took: 0.0000172 seconds
3.627: [GC (Allocation Failure)  407080K->95210K(1033728K), 0.0037025 secs]
3.631: Total time for which application threads were stopped: 0.0038752 seconds, Stopping threads took: 0.0000203 seconds
3.699: [GC (Allocation Failure)  414698K->95210K(1033728K), 0.0039286 secs]
3.703: Total time for which application threads were stopped: 0.0040972 seconds, Stopping threads took: 0.0000200 seconds
3.768: [GC (Allocation Failure)  414698K->95306K(1033728K), 0.0049077 secs]
3.773: Total time for which application threads were stopped: 0.0050834 seconds, Stopping threads took: 0.0000201 seconds
3.842: [GC (Allocation Failure)  414794K->103277K(1027072K), 0.0038281 secs]
3.846: Total time for which application threads were stopped: 0.0039897 seconds, Stopping threads took: 0.0000211 seconds
3.912: [GC (Allocation Failure)  422765K->103245K(1033216K), 0.0038196 secs]
3.916: Total time for which application threads were stopped: 0.0039855 seconds, Stopping threads took: 0.0000228 seconds
3.983: [GC (Allocation Failure)  421709K->103309K(1033216K), 0.0048490 secs]
3.988: Total time for which application threads were stopped: 0.0050196 seconds, Stopping threads took: 0.0000263 seconds
4.054: Total time for which application threads were stopped: 0.0001306 seconds, Stopping threads took: 0.0000599 seconds
4.055: [GC (Allocation Failure)  421773K->111279K(1033216K), 0.0039252 secs]
4.059: Total time for which application threads were stopped: 0.0040695 seconds, Stopping threads took: 0.0000096 seconds
4.126: [GC (Allocation Failure)  429743K->105741K(1033216K), 0.0015877 secs]
4.127: Total time for which application threads were stopped: 0.0017258 seconds, Stopping threads took: 0.0000201 seconds
4.193: [GC (Allocation Failure)  424205K->111487K(1034240K), 0.0041798 secs]
4.197: Total time for which application threads were stopped: 0.0043504 seconds, Stopping threads took: 0.0000264 seconds
4.264: [GC (Allocation Failure)  431487K->115431K(1033728K), 0.0042783 secs]
4.268: Total time for which application threads were stopped: 0.0044431 seconds, Stopping threads took: 0.0000206 seconds
4.333: [GC (Allocation Failure)  435431K->121349K(1030144K), 0.0067330 secs]
4.340: Total time for which application threads were stopped: 0.0069178 seconds, Stopping threads took: 0.0000209 seconds
4.408: [GC (Allocation Failure)  437765K->115591K(1032192K), 0.0040004 secs]
4.412: Total time for which application threads were stopped: 0.0041567 seconds, Stopping threads took: 0.0000194 seconds
4.477: [GC (Allocation Failure)  432007K->115431K(1032704K), 0.0039805 secs]
4.482: Total time for which application threads were stopped: 0.0041622 seconds, Stopping threads took: 0.0000204 seconds
4.549: [GC (Allocation Failure)  432359K->107685K(1032192K), 0.0007767 secs]
4.550: Total time for which application threads were stopped: 0.0008991 seconds, Stopping threads took: 0.0000212 seconds
4.617: [GC (Allocation Failure)  424613K->115527K(1032704K), 0.0040358 secs]
4.621: Total time for which application threads were stopped: 0.0042268 seconds, Stopping threads took: 0.0000201 seconds
4.689: [GC (Allocation Failure)  432967K->115431K(1032704K), 0.0039768 secs]
4.693: Total time for which application threads were stopped: 0.0041422 seconds, Stopping threads took: 0.0000262 seconds
4.760: [GC (Allocation Failure)  432871K->116455K(1032192K), 0.0047540 secs]
4.765: Total time for which application threads were stopped: 0.0049206 seconds, Stopping threads took: 0.0000201 seconds
4.832: [GC (Allocation Failure)  433895K->123497K(1032704K), 0.0039793 secs]
4.836: Total time for which application threads were stopped: 0.0041474 seconds, Stopping threads took: 0.0000202 seconds
4.904: [GC (Allocation Failure)  440937K->123465K(1033216K), 0.0039244 secs]
4.908: Total time for which application threads were stopped: 0.0040943 seconds, Stopping threads took: 0.0000197 seconds
4.976: [GC (Allocation Failure)  441929K->126761K(1033216K), 0.0050955 secs]
4.981: Total time for which application threads were stopped: 0.0052932 seconds, Stopping threads took: 0.0000207 seconds
5.050: [GC (Allocation Failure)  445225K->131531K(1033728K), 0.0038512 secs]
5.054: Total time for which application threads were stopped: 0.0040053 seconds, Stopping threads took: 0.0000190 seconds
5.124: [GC (Allocation Failure)  451019K->131467K(1033728K), 0.0041029 secs]
5.128: Total time for which application threads were stopped: 0.0042565 seconds, Stopping threads took: 0.0000177 seconds
5.195: [GC (Allocation Failure)  450955K->132907K(1033728K), 0.0049336 secs]
5.200: Total time for which application threads were stopped: 0.0050979 seconds, Stopping threads took: 0.0000275 seconds
5.268: [GC (Allocation Failure)  452395K->139566K(1033728K), 0.0041286 secs]
5.272: Total time for which application threads were stopped: 0.0043234 seconds, Stopping threads took: 0.0000260 seconds
5.341: [GC (Allocation Failure)  459054K->139566K(1034240K), 0.0040012 secs]
5.345: Total time for which application threads were stopped: 0.0041593 seconds, Stopping threads took: 0.0000187 seconds
5.412: [GC (Allocation Failure)  459566K->140646K(1033728K), 0.0048686 secs]
5.417: Total time for which application threads were stopped: 0.0050238 seconds, Stopping threads took: 0.0000199 seconds
5.483: [GC (Allocation Failure)  460646K->147688K(1033728K), 0.0039332 secs]
5.487: Total time for which application threads were stopped: 0.0041012 seconds, Stopping threads took: 0.0000209 seconds
5.555: [GC (Allocation Failure)  467176K->147592K(1033728K), 0.0039147 secs]
5.559: Total time for which application threads were stopped: 0.0040823 seconds, Stopping threads took: 0.0000203 seconds
5.624: [GC (Allocation Failure)  467080K->148360K(1033216K), 0.0048919 secs]
5.629: Total time for which application threads were stopped: 0.0050588 seconds, Stopping threads took: 0.0000207 seconds
5.697: [GC (Allocation Failure)  467848K->155594K(1033728K), 0.0041655 secs]
5.702: Total time for which application threads were stopped: 0.0043407 seconds, Stopping threads took: 0.0000293 seconds
5.768: [GC (Allocation Failure)  475082K->155594K(1033728K), 0.0040498 secs]
5.772: Total time for which application threads were stopped: 0.0042444 seconds, Stopping threads took: 0.0000257 seconds
5.838: [GC (Allocation Failure)  475082K->155690K(1033728K), 0.0066038 secs]
5.845: Total time for which application threads were stopped: 0.0067511 seconds, Stopping threads took: 0.0000176 seconds
5.913: [GC (Allocation Failure)  475178K->163660K(1033728K), 0.0066295 secs]
5.920: Total time for which application threads were stopped: 0.0067885 seconds, Stopping threads took: 0.0000199 seconds
5.987: [GC (Allocation Failure)  483148K->163628K(1033728K), 0.0040324 secs]
5.991: Total time for which application threads were stopped: 0.0041801 seconds, Stopping threads took: 0.0000180 seconds
6.056: [GC (Allocation Failure)  483116K->163788K(1033728K), 0.0049429 secs]
6.061: Total time for which application threads were stopped: 0.0051160 seconds, Stopping threads took: 0.0000283 seconds
6.129: [GC (Allocation Failure)  483276K->171663K(1033728K), 0.0040373 secs]
6.133: Total time for which application threads were stopped: 0.0042107 seconds, Stopping threads took: 0.0000214 seconds
6.202: [GC (Allocation Failure)  491151K->171695K(1033728K), 0.0039193 secs]
6.206: Total time for which application threads were stopped: 0.0040811 seconds, Stopping threads took: 0.0000204 seconds
6.273: [GC (Allocation Failure)  491183K->172047K(1033728K), 0.0047964 secs]
6.277: Total time for which application threads were stopped: 0.0049726 seconds, Stopping threads took: 0.0000182 seconds
6.345: [GC (Allocation Failure)  491535K->179729K(1032704K), 0.0040634 secs]
6.349: Total time for which application threads were stopped: 0.0042209 seconds, Stopping threads took: 0.0000202 seconds
6.417: [GC (Allocation Failure)  498193K->179729K(1033216K), 0.0040879 secs]
6.421: Total time for which application threads were stopped: 0.0043837 seconds, Stopping threads took: 0.0000280 seconds
6.489: [GC (Allocation Failure)  498193K->179753K(1032704K), 0.0049112 secs]
6.494: Total time for which application threads were stopped: 0.0051087 seconds, Stopping threads took: 0.0000221 seconds
6.561: [GC (Allocation Failure)  498217K->187723K(1033216K), 0.0041007 secs]
6.565: Total time for which application threads were stopped: 0.0042741 seconds, Stopping threads took: 0.0000175 seconds
6.633: [GC (Allocation Failure)  506187K->187755K(1033216K), 0.0041077 secs]
6.638: Total time for which application threads were stopped: 0.0042777 seconds, Stopping threads took: 0.0000208 seconds
6.702: [GC (Allocation Failure)  506219K->188491K(1033216K), 0.0049727 secs]
6.707: Total time for which application threads were stopped: 0.0051468 seconds, Stopping threads took: 0.0000272 seconds
6.774: [GC (Allocation Failure)  506955K->195789K(1033216K), 0.0041577 secs]
6.779: Total time for which application threads were stopped: 0.0043297 seconds, Stopping threads took: 0.0000259 seconds
6.844: [GC (Allocation Failure)  514253K->195757K(1033216K), 0.0043252 secs]
6.848: Total time for which application threads were stopped: 0.0044963 seconds, Stopping threads took: 0.0000213 seconds
6.913: [GC (Allocation Failure)  514221K->196749K(1033216K), 0.0051780 secs]
6.918: Total time for which application threads were stopped: 0.0053590 seconds, Stopping threads took: 0.0000200 seconds
6.986: [GC (Allocation Failure)  515213K->203824K(1033216K), 0.0039881 secs]
6.990: Total time for which application threads were stopped: 0.0041809 seconds, Stopping threads took: 0.0000205 seconds
7.059: [GC (Allocation Failure)  522288K->203792K(1033216K), 0.0041353 secs]
7.063: Total time for which application threads were stopped: 0.0042842 seconds, Stopping threads took: 0.0000173 seconds
7.128: [GC (Allocation Failure)  522256K->203944K(1033216K), 0.0048741 secs]
7.133: Total time for which application threads were stopped: 0.0050671 seconds, Stopping threads took: 0.0000202 seconds
7.200: [GC (Allocation Failure)  522408K->211882K(1033216K), 0.0040811 secs]
7.204: Total time for which application threads were stopped: 0.0042545 seconds, Stopping threads took: 0.0000284 seconds
7.271: [GC (Allocation Failure)  530346K->211850K(1033216K), 0.0043430 secs]
7.275: Total time for which application threads were stopped: 0.0045240 seconds, Stopping threads took: 0.0000256 seconds
7.342: [GC (Allocation Failure)  530314K->212170K(1033216K), 0.0051610 secs]
7.347: Total time for which application threads were stopped: 0.0053240 seconds, Stopping threads took: 0.0000213 seconds
7.413: [GC (Allocation Failure)  530634K->219884K(1033216K), 0.0041178 secs]
7.417: Total time for which application threads were stopped: 0.0043347 seconds, Stopping threads took: 0.0000219 seconds
7.485: [GC (Allocation Failure)  538348K->219884K(1033216K), 0.0056748 secs]
7.491: Total time for which application threads were stopped: 0.0058357 seconds, Stopping threads took: 0.0000202 seconds
7.556: [GC (Allocation Failure)  538348K->220428K(1033216K), 0.0050070 secs]
7.561: Total time for which application threads were stopped: 0.0051840 seconds, Stopping threads took: 0.0000295 seconds
7.630: [GC (Allocation Failure)  538892K->227919K(1033216K), 0.0043526 secs]
7.635: Total time for which application threads were stopped: 0.0045256 seconds, Stopping threads took: 0.0000224 seconds
7.701: [GC (Allocation Failure)  546383K->227919K(1033216K), 0.0040625 secs]
7.705: Total time for which application threads were stopped: 0.0042229 seconds, Stopping threads took: 0.0000206 seconds
7.770: [GC (Allocation Failure)  546383K->228143K(1033216K), 0.0056171 secs]
7.775: Total time for which application threads were stopped: 0.0057789 seconds, Stopping threads took: 0.0000249 seconds
7.843: [GC (Allocation Failure)  546607K->235953K(1033216K), 0.0042894 secs]
7.847: Total time for which application threads were stopped: 0.0044792 seconds, Stopping threads took: 0.0000193 seconds
7.916: [GC (Allocation Failure)  554417K->235921K(1033216K), 0.0042619 secs]
7.920: Total time for which application threads were stopped: 0.0044371 seconds, Stopping threads took: 0.0000278 seconds
7.985: [GC (Allocation Failure)  554385K->235977K(1033216K), 0.0048773 secs]
7.990: Total time for which application threads were stopped: 0.0050391 seconds, Stopping threads took: 0.0000193 seconds
8.056: [GC (Allocation Failure)  554441K->243947K(1033216K), 0.0043514 secs]
8.060: Total time for which application threads were stopped: 0.0045083 seconds, Stopping threads took: 0.0000200 seconds
8.125: [GC (Allocation Failure)  562411K->243947K(1033216K), 0.0041119 secs]
8.130: Total time for which application threads were stopped: 0.0042852 seconds, Stopping threads took: 0.0000198 seconds
8.197: [GC (Allocation Failure)  562411K->244107K(1033216K), 0.0053446 secs]
8.203: Total time for which application threads were stopped: 0.0055174 seconds, Stopping threads took: 0.0000265 seconds
8.268: [GC (Allocation Failure)  562571K->251981K(1033216K), 0.0044327 secs]
8.273: Total time for which application threads were stopped: 0.0046135 seconds, Stopping threads took: 0.0000201 seconds
8.339: [GC (Allocation Failure)  570445K->251981K(1033216K), 0.0045399 secs]
8.343: Total time for which application threads were stopped: 0.0047050 seconds, Stopping threads took: 0.0000268 seconds
8.410: [GC (Allocation Failure)  570445K->252333K(1033216K), 0.0052091 secs]
8.415: Total time for which application threads were stopped: 0.0053722 seconds, Stopping threads took: 0.0000217 seconds
8.484: [GC (Allocation Failure)  570797K->260016K(1033216K), 0.0041657 secs]
8.488: Total time for which application threads were stopped: 0.0043367 seconds, Stopping threads took: 0.0000205 seconds
8.554: [GC (Allocation Failure)  578480K->260016K(1033216K), 0.0042021 secs]
8.558: Total time for which application threads were stopped: 0.0043698 seconds, Stopping threads took: 0.0000202 seconds
8.623: [GC (Allocation Failure)  578480K->260272K(1033216K), 0.0048825 secs]
8.628: Total time for which application threads were stopped: 0.0050548 seconds, Stopping threads took: 0.0000206 seconds
8.696: [GC (Allocation Failure)  578736K->268050K(1033216K), 0.0041021 secs]
8.700: Total time for which application threads were stopped: 0.0042667 seconds, Stopping threads took: 0.0000263 seconds
8.768: [GC (Allocation Failure)  586514K->261168K(1033216K), 0.0013917 secs]
8.770: Total time for which application threads were stopped: 0.0015167 seconds, Stopping threads took: 0.0000193 seconds
8.839: [GC (Allocation Failure)  579632K->268258K(1033216K), 0.0042522 secs]
8.843: Total time for which application threads were stopped: 0.0044128 seconds, Stopping threads took: 0.0000203 seconds
8.909: [GC (Allocation Failure)  586722K->272226K(1032704K), 0.0053870 secs]
8.915: Total time for which application threads were stopped: 0.0055738 seconds, Stopping threads took: 0.0000210 seconds
8.981: [GC (Allocation Failure)  590690K->273728K(1027584K), 0.0050856 secs]
8.986: Total time for which application threads were stopped: 0.0052702 seconds, Stopping threads took: 0.0000193 seconds
9.055: [GC (Allocation Failure)  592192K->272354K(1033216K), 0.0041125 secs]
9.059: Total time for which application threads were stopped: 0.0042855 seconds, Stopping threads took: 0.0000222 seconds
9.126: [GC (Allocation Failure)  590306K->272194K(1032704K), 0.0041527 secs]
9.130: Total time for which application threads were stopped: 0.0043313 seconds, Stopping threads took: 0.0000207 seconds
9.199: [GC (Allocation Failure)  590146K->264704K(1033216K), 0.0011296 secs]
9.200: Total time for which application threads were stopped: 0.0012684 seconds, Stopping threads took: 0.0000269 seconds
9.267: [GC (Allocation Failure)  583168K->272290K(1033216K), 0.0042685 secs]
9.271: Total time for which application threads were stopped: 0.0044495 seconds, Stopping threads took: 0.0000219 seconds
9.340: [GC (Allocation Failure)  590754K->272226K(1033216K), 0.0041375 secs]
9.344: Total time for which application threads were stopped: 0.0043045 seconds, Stopping threads took: 0.0000287 seconds
9.411: [GC (Allocation Failure)  590690K->272938K(1033216K), 0.0052380 secs]
9.416: Total time for which application threads were stopped: 0.0054054 seconds, Stopping threads took: 0.0000198 seconds
9.485: [GC (Allocation Failure)  591402K->280268K(1033216K), 0.0042806 secs]
9.490: Total time for which application threads were stopped: 0.0044483 seconds, Stopping threads took: 0.0000204 seconds
9.555: [GC (Allocation Failure)  598732K->280236K(1033216K), 0.0042583 secs]
9.559: Total time for which application threads were stopped: 0.0044180 seconds, Stopping threads took: 0.0000206 seconds
9.628: [GC (Allocation Failure)  598700K->281188K(1033216K), 0.0051341 secs]
9.634: Total time for which application threads were stopped: 0.0053305 seconds, Stopping threads took: 0.0000214 seconds
9.703: [GC (Allocation Failure)  599652K->288262K(1033216K), 0.0043412 secs]
9.708: Total time for which application threads were stopped: 0.0044978 seconds, Stopping threads took: 0.0000199 seconds
9.773: [GC (Allocation Failure)  606726K->288262K(1033728K), 0.0044045 secs]
9.777: Total time for which application threads were stopped: 0.0045706 seconds, Stopping threads took: 0.0000191 seconds
9.843: [GC (Allocation Failure)  607238K->289894K(1033216K), 0.0052579 secs]
9.849: Total time for which application threads were stopped: 0.0054410 seconds, Stopping threads took: 0.0000197 seconds
9.918: [GC (Allocation Failure)  608870K->296329K(1033728K), 0.0043531 secs]
9.923: Total time for which application threads were stopped: 0.0045032 seconds, Stopping threads took: 0.0000174 seconds
9.991: [GC (Allocation Failure)  615817K->296297K(1033728K), 0.0044257 secs]
9.995: Total time for which application threads were stopped: 0.0045948 seconds, Stopping threads took: 0.0000204 seconds
10.062: [GC (Allocation Failure)  615785K->296617K(1033728K), 0.0050904 secs]
10.067: Total time for which application threads were stopped: 0.0052712 seconds, Stopping threads took: 0.0000210 seconds
10.136: [GC (Allocation Failure)  616105K->304427K(1033728K), 0.0044019 secs]
10.140: Total time for which application threads were stopped: 0.0045722 seconds, Stopping threads took: 0.0000205 seconds
10.209: [GC (Allocation Failure)  623915K->304331K(1033728K), 0.0042135 secs]
10.213: Total time for which application threads were stopped: 0.0043716 seconds, Stopping threads took: 0.0000262 seconds
10.279: [GC (Allocation Failure)  623819K->304843K(1033728K), 0.0053008 secs]
10.284: Total time for which application threads were stopped: 0.0054702 seconds, Stopping threads took: 0.0000285 seconds
10.354: [GC (Allocation Failure)  624331K->312429K(1033728K), 0.0045134 secs]
10.359: Total time for which application threads were stopped: 0.0047182 seconds, Stopping threads took: 0.0000200 seconds
10.427: [GC (Allocation Failure)  631917K->312365K(1033728K), 0.0042388 secs]
10.431: Total time for which application threads were stopped: 0.0044140 seconds, Stopping threads took: 0.0000202 seconds
10.498: [GC (Allocation Failure)  631853K->313061K(1033728K), 0.0051513 secs]
10.503: Total time for which application threads were stopped: 0.0053070 seconds, Stopping threads took: 0.0000179 seconds
10.571: [GC (Allocation Failure)  632549K->320455K(1027072K), 0.0043285 secs]
10.575: Total time for which application threads were stopped: 0.0045093 seconds, Stopping threads took: 0.0000204 seconds
10.642: [GC (Allocation Failure)  639943K->320391K(1033728K), 0.0043470 secs]
10.646: Total time for which application threads were stopped: 0.0045169 seconds, Stopping threads took: 0.0000207 seconds
10.711: [GC (Allocation Failure)  639367K->321831K(1033216K), 0.0053228 secs]
10.717: Total time for which application threads were stopped: 0.0054957 seconds, Stopping threads took: 0.0000283 seconds
10.784: [GC (Allocation Failure)  640807K->328490K(1033728K), 0.0058587 secs]
10.790: Total time for which application threads were stopped: 0.0060149 seconds, Stopping threads took: 0.0000206 seconds
10.857: [GC (Allocation Failure)  647978K->328426K(1033728K), 0.0043291 secs]
10.861: Total time for which application threads were stopped: 0.0045017 seconds, Stopping threads took: 0.0000212 seconds
10.927: [GC (Allocation Failure)  647914K->328490K(1033728K), 0.0057936 secs]
10.933: Total time for which application threads were stopped: 0.0059552 seconds, Stopping threads took: 0.0000252 seconds
11.000: [GC (Allocation Failure)  647978K->336460K(1027072K), 0.0043174 secs]
11.005: Total time for which application threads were stopped: 0.0044828 seconds, Stopping threads took: 0.0000181 seconds
11.073: [GC (Allocation Failure)  655948K->336428K(1033728K), 0.0045726 secs]
11.078: Total time for which application threads were stopped: 0.0047419 seconds, Stopping threads took: 0.0000206 seconds
11.145: [GC (Allocation Failure)  655404K->337292K(1033216K), 0.0054757 secs]
11.151: Total time for which application threads were stopped: 0.0056430 seconds, Stopping threads took: 0.0000225 seconds
11.218: [GC (Allocation Failure)  656268K->344526K(1033728K), 0.0044197 secs]
11.223: Total time for which application threads were stopped: 0.0045837 seconds, Stopping threads took: 0.0000267 seconds
11.290: [GC (Allocation Failure)  664014K->344526K(1033728K), 0.0045757 secs]
11.295: Total time for which application threads were stopped: 0.0047488 seconds, Stopping threads took: 0.0000205 seconds
11.362: [GC (Allocation Failure)  664014K->346022K(1033728K), 0.0068035 secs]
11.368: Total time for which application threads were stopped: 0.0069831 seconds, Stopping threads took: 0.0000206 seconds
11.436: [GC (Allocation Failure)  665510K->352552K(1033728K), 0.0044173 secs]
11.440: Total time for which application threads were stopped: 0.0045862 seconds, Stopping threads took: 0.0000224 seconds
11.508: [GC (Allocation Failure)  672040K->352520K(1033728K), 0.0044804 secs]
11.513: Total time for which application threads were stopped: 0.0046416 seconds, Stopping threads took: 0.0000207 seconds
11.580: [GC (Allocation Failure)  672008K->353256K(1033728K), 0.0073610 secs]
11.588: Total time for which application threads were stopped: 0.0075297 seconds, Stopping threads took: 0.0000209 seconds
11.655: [GC (Allocation Failure)  672744K->360587K(1033728K), 0.0043803 secs]
11.660: Total time for which application threads were stopped: 0.0045508 seconds, Stopping threads took: 0.0000207 seconds
11.728: [GC (Allocation Failure)  680075K->360555K(1033728K), 0.0044235 secs]
11.732: Total time for which application threads were stopped: 0.0045900 seconds, Stopping threads took: 0.0000282 seconds
11.798: [GC (Allocation Failure)  680043K->361475K(1033728K), 0.0056006 secs]
11.804: Total time for which application threads were stopped: 0.0057591 seconds, Stopping threads took: 0.0000201 seconds
11.873: [GC (Allocation Failure)  680963K->368613K(1033728K), 0.0044106 secs]
11.877: Total time for which application threads were stopped: 0.0045668 seconds, Stopping threads took: 0.0000197 seconds
11.946: [GC (Allocation Failure)  688101K->368581K(1033728K), 0.0053681 secs]
11.951: Total time for which application threads were stopped: 0.0055086 seconds, Stopping threads took: 0.0000186 seconds
12.018: [GC (Allocation Failure)  688069K->368653K(1033728K), 0.0055391 secs]
12.023: Total time for which application threads were stopped: 0.0057053 seconds, Stopping threads took: 0.0000209 seconds
12.090: [GC (Allocation Failure)  688141K->376623K(1032704K), 0.0045059 secs]
12.095: Total time for which application threads were stopped: 0.0046760 seconds, Stopping threads took: 0.0000205 seconds
12.164: [GC (Allocation Failure)  695087K->376655K(1033216K), 0.0044873 secs]
12.169: Total time for which application threads were stopped: 0.0046472 seconds, Stopping threads took: 0.0000197 seconds
12.235: [GC (Allocation Failure)  695119K->376943K(1033216K), 0.0051549 secs]
12.241: Total time for which application threads were stopped: 0.0053270 seconds, Stopping threads took: 0.0000193 seconds
12.308: [GC (Allocation Failure)  695407K->384658K(1033216K), 0.0045908 secs]
12.313: Total time for which application threads were stopped: 0.0047484 seconds, Stopping threads took: 0.0000171 seconds
12.379: [GC (Allocation Failure)  703122K->384658K(1033216K), 0.0045402 secs]
12.383: Total time for which application threads were stopped: 0.0047072 seconds, Stopping threads took: 0.0000200 seconds
12.448: [GC (Allocation Failure)  703122K->385162K(1033216K), 0.0055125 secs]
12.454: Total time for which application threads were stopped: 0.0056885 seconds, Stopping threads took: 0.0000193 seconds
12.519: [GC (Allocation Failure)  703626K->392652K(1033216K), 0.0045947 secs]
12.524: Total time for which application threads were stopped: 0.0047633 seconds, Stopping threads took: 0.0000198 seconds
12.592: [GC (Allocation Failure)  711116K->392684K(1033216K), 0.0045392 secs]
12.596: Total time for which application threads were stopped: 0.0047343 seconds, Stopping threads took: 0.0000206 seconds
12.663: [GC (Allocation Failure)  711148K->393388K(1033216K), 0.0053754 secs]
12.668: Total time for which application threads were stopped: 0.0055246 seconds, Stopping threads took: 0.0000174 seconds
12.737: [GC (Allocation Failure)  711852K->400750K(1033216K), 0.0044140 secs]
12.741: Total time for which application threads were stopped: 0.0045803 seconds, Stopping threads took: 0.0000262 seconds
12.807: [GC (Allocation Failure)  719214K->400718K(1033216K), 0.0064335 secs]
12.813: Total time for which application threads were stopped: 0.0065947 seconds, Stopping threads took: 0.0000208 seconds
12.882: [GC (Allocation Failure)  719182K->400870K(1033216K), 0.0055924 secs]
12.887: Total time for which application threads were stopped: 0.0057698 seconds, Stopping threads took: 0.0000228 seconds
12.956: [GC (Allocation Failure)  719334K->408744K(1033216K), 0.0045638 secs]
12.960: Total time for which application threads were stopped: 0.0047430 seconds, Stopping threads took: 0.0000169 seconds
13.027: [GC (Allocation Failure)  727208K->408744K(1033216K), 0.0045834 secs]
13.031: Total time for which application threads were stopped: 0.0047505 seconds, Stopping threads took: 0.0000196 seconds
13.098: [GC (Allocation Failure)  727208K->408808K(1033216K), 0.0053672 secs]
13.103: Total time for which application threads were stopped: 0.0055466 seconds, Stopping threads took: 0.0000206 seconds
13.171: [GC (Allocation Failure)  727272K->416811K(1033216K), 0.0047226 secs]
13.176: Total time for which application threads were stopped: 0.0048900 seconds, Stopping threads took: 0.0000202 seconds
13.243: [GC (Allocation Failure)  735275K->416779K(1033216K), 0.0044035 secs]
13.248: Total time for which application threads were stopped: 0.0045629 seconds, Stopping threads took: 0.0000265 seconds
13.313: [GC (Allocation Failure)  735243K->417067K(1033216K), 0.0055900 secs]
13.318: Total time for which application threads were stopped: 0.0057529 seconds, Stopping threads took: 0.0000198 seconds
13.384: [GC (Allocation Failure)  735531K->424813K(1033216K), 0.0046656 secs]
13.389: Total time for which application threads were stopped: 0.0048381 seconds, Stopping threads took: 0.0000208 seconds
13.457: [GC (Allocation Failure)  743277K->424813K(1033216K), 0.0044969 secs]
13.461: Total time for which application threads were stopped: 0.0046660 seconds, Stopping threads took: 0.0000204 seconds
13.526: [GC (Allocation Failure)  743277K->425293K(1033216K), 0.0055590 secs]
13.532: Total time for which application threads were stopped: 0.0057180 seconds, Stopping threads took: 0.0000203 seconds
13.599: [GC (Allocation Failure)  743757K->432879K(1033216K), 0.0066302 secs]
13.606: Total time for which application threads were stopped: 0.0067874 seconds, Stopping threads took: 0.0000204 seconds
13.673: [GC (Allocation Failure)  751343K->432879K(1033216K), 0.0046779 secs]
13.678: Total time for which application threads were stopped: 0.0048462 seconds, Stopping threads took: 0.0000191 seconds
13.746: [GC (Allocation Failure)  751343K->433007K(1033216K), 0.0053635 secs]
13.751: Total time for which application threads were stopped: 0.0055248 seconds, Stopping threads took: 0.0000203 seconds
13.819: [GC (Allocation Failure)  751471K->440881K(1033216K), 0.0044290 secs]
13.823: Total time for which application threads were stopped: 0.0046047 seconds, Stopping threads took: 0.0000206 seconds
13.889: [GC (Allocation Failure)  759345K->434127K(1033216K), 0.0019461 secs]
13.891: Total time for which application threads were stopped: 0.0020811 seconds, Stopping threads took: 0.0000198 seconds
13.962: [GC (Allocation Failure)  752591K->440977K(1033728K), 0.0048503 secs]
13.967: Total time for which application threads were stopped: 0.0050235 seconds, Stopping threads took: 0.0000278 seconds
14.033: [GC (Allocation Failure)  759953K->445065K(1033216K), 0.0057279 secs]
14.039: Total time for which application threads were stopped: 0.0058874 seconds, Stopping threads took: 0.0000205 seconds
14.107: [GC (Allocation Failure)  764041K->447687K(1031680K), 0.0057842 secs]
14.113: Total time for which application threads were stopped: 0.0059415 seconds, Stopping threads took: 0.0000190 seconds
14.180: [GC (Allocation Failure)  765127K->445065K(1032704K), 0.0045985 secs]
14.185: Total time for which application threads were stopped: 0.0047686 seconds, Stopping threads took: 0.0000200 seconds
14.253: [GC (Allocation Failure)  762505K->445065K(1033216K), 0.0044982 secs]
14.258: Total time for which application threads were stopped: 0.0046738 seconds, Stopping threads took: 0.0000265 seconds
14.324: [GC (Allocation Failure)  763017K->437191K(1032704K), 0.0013529 secs]
14.325: Total time for which application threads were stopped: 0.0014865 seconds, Stopping threads took: 0.0000268 seconds
14.392: [GC (Allocation Failure)  755143K->445289K(1032704K), 0.0046334 secs]
14.397: Total time for which application threads were stopped: 0.0047954 seconds, Stopping threads took: 0.0000206 seconds
14.463: [GC (Allocation Failure)  762729K->445065K(1032704K), 0.0044429 secs]
14.468: Total time for which application threads were stopped: 0.0046381 seconds, Stopping threads took: 0.0000202 seconds
14.536: [GC (Allocation Failure)  762505K->446921K(1033216K), 0.0055022 secs]
14.541: Total time for which application threads were stopped: 0.0056834 seconds, Stopping threads took: 0.0000173 seconds
14.609: [GC (Allocation Failure)  765385K->453100K(1033216K), 0.0048238 secs]
14.614: Total time for which application threads were stopped: 0.0050136 seconds, Stopping threads took: 0.0000194 seconds
14.683: [GC (Allocation Failure)  771564K->453068K(1033728K), 0.0045968 secs]
14.688: Total time for which application threads were stopped: 0.0047630 seconds, Stopping threads took: 0.0000194 seconds
14.755: [GC (Allocation Failure)  772044K->455660K(1033216K), 0.0056307 secs]
14.761: Total time for which application threads were stopped: 0.0058071 seconds, Stopping threads took: 0.0000264 seconds
14.831: [GC (Allocation Failure)  774636K->461198K(1033728K), 0.0045127 secs]
14.835: Total time for which application threads were stopped: 0.0047094 seconds, Stopping threads took: 0.0000206 seconds
14.903: [GC (Allocation Failure)  780686K->461102K(1033728K), 0.0047211 secs]
14.908: Total time for which application threads were stopped: 0.0049135 seconds, Stopping threads took: 0.0000203 seconds
14.975: [GC (Allocation Failure)  780590K->462374K(1033728K), 0.0056945 secs]
14.981: Total time for which application threads were stopped: 0.0058446 seconds, Stopping threads took: 0.0000181 seconds
15.051: [GC (Allocation Failure)  781862K->469128K(1033728K), 0.0046940 secs]
15.056: Total time for which application threads were stopped: 0.0048528 seconds, Stopping threads took: 0.0000205 seconds
15.122: [GC (Allocation Failure)  788616K->469128K(1033728K), 0.0047106 secs]
15.127: Total time for which application threads were stopped: 0.0048702 seconds, Stopping threads took: 0.0000205 seconds
15.193: [GC (Allocation Failure)  788616K->469576K(1033728K), 0.0053571 secs]
15.199: Total time for which application threads were stopped: 0.0055185 seconds, Stopping threads took: 0.0000209 seconds
15.269: [GC (Allocation Failure)  789064K->477162K(1033728K), 0.0046918 secs]
15.273: Total time for which application threads were stopped: 0.0048506 seconds, Stopping threads took: 0.0000204 seconds
15.340: [GC (Allocation Failure)  796650K->477162K(1033728K), 0.0046309 secs]
15.345: Total time for which application threads were stopped: 0.0048257 seconds, Stopping threads took: 0.0000206 seconds
15.414: [GC (Allocation Failure)  796650K->477322K(1033728K), 0.0056417 secs]
15.420: Total time for which application threads were stopped: 0.0058014 seconds, Stopping threads took: 0.0000202 seconds
15.489: [GC (Allocation Failure)  796810K->485229K(1033728K), 0.0047770 secs]
15.494: Total time for which application threads were stopped: 0.0049446 seconds, Stopping threads took: 0.0000211 seconds
15.560: [GC (Allocation Failure)  804717K->485229K(1033728K), 0.0046577 secs]
15.565: Total time for which application threads were stopped: 0.0048229 seconds, Stopping threads took: 0.0000197 seconds
15.632: [GC (Allocation Failure)  804717K->486061K(1033728K), 0.0074491 secs]
15.639: Total time for which application threads were stopped: 0.0076316 seconds, Stopping threads took: 0.0000200 seconds
15.706: [GC (Allocation Failure)  805549K->493263K(1033728K), 0.0047435 secs]
15.711: Total time for which application threads were stopped: 0.0049537 seconds, Stopping threads took: 0.0000273 seconds
15.779: [GC (Allocation Failure)  812751K->493263K(1033728K), 0.0048934 secs]
15.784: Total time for which application threads were stopped: 0.0050494 seconds, Stopping threads took: 0.0000180 seconds
15.851: [GC (Allocation Failure)  812751K->495271K(1033728K), 0.0057191 secs]
15.857: Total time for which application threads were stopped: 0.0058884 seconds, Stopping threads took: 0.0000202 seconds
15.925: [GC (Allocation Failure)  814759K->501289K(1033728K), 0.0093886 secs]
15.934: Total time for which application threads were stopped: 0.0095851 seconds, Stopping threads took: 0.0000206 seconds
16.001: [GC (Allocation Failure)  820777K->501257K(1033728K), 0.0047644 secs]
16.006: Total time for which application threads were stopped: 0.0049221 seconds, Stopping threads took: 0.0000206 seconds
16.074: [GC (Allocation Failure)  820745K->502505K(1033728K), 0.0056198 secs]
16.080: Total time for which application threads were stopped: 0.0057915 seconds, Stopping threads took: 0.0000204 seconds
16.147: [GC (Allocation Failure)  821993K->509356K(1033728K), 0.0049248 secs]
16.152: Total time for which application threads were stopped: 0.0050926 seconds, Stopping threads took: 0.0000222 seconds
16.218: [GC (Allocation Failure)  828844K->509324K(1033728K), 0.0046926 secs]
16.223: Total time for which application threads were stopped: 0.0048697 seconds, Stopping threads took: 0.0000277 seconds
16.291: [GC (Allocation Failure)  828812K->509708K(1033728K), 0.0057393 secs]
16.297: Total time for which application threads were stopped: 0.0059026 seconds, Stopping threads took: 0.0000208 seconds
16.365: [GC (Allocation Failure)  829196K->517390K(1033728K), 0.0048048 secs]
16.370: Total time for which application threads were stopped: 0.0050075 seconds, Stopping threads took: 0.0000206 seconds
16.437: [GC (Allocation Failure)  836878K->517358K(1033728K), 0.0046356 secs]
16.442: Total time for which application threads were stopped: 0.0047934 seconds, Stopping threads took: 0.0000210 seconds
16.510: [GC (Allocation Failure)  836846K->517414K(1033728K), 0.0057839 secs]
16.516: Total time for which application threads were stopped: 0.0059523 seconds, Stopping threads took: 0.0000272 seconds
16.581: [GC (Allocation Failure)  836902K->525416K(1033728K), 0.0046570 secs]
16.586: Total time for which application threads were stopped: 0.0048490 seconds, Stopping threads took: 0.0000198 seconds
16.654: [GC (Allocation Failure)  844904K->525384K(1033728K), 0.0048371 secs]
16.659: Total time for which application threads were stopped: 0.0049852 seconds, Stopping threads took: 0.0000176 seconds
16.727: [GC (Allocation Failure)  844872K->526184K(1033728K), 0.0054164 secs]
16.732: Total time for which application threads were stopped: 0.0055786 seconds, Stopping threads took: 0.0000205 seconds
16.798: [GC (Allocation Failure)  845672K->533386K(1033728K), 0.0047082 secs]
16.803: Total time for which application threads were stopped: 0.0048691 seconds, Stopping threads took: 0.0000206 seconds
16.871: [GC (Allocation Failure)  852874K->533386K(1033728K), 0.0048525 secs]
16.876: Total time for which application threads were stopped: 0.0050218 seconds, Stopping threads took: 0.0000203 seconds
16.945: [GC (Allocation Failure)  852874K->534410K(1033728K), 0.0065301 secs]
16.951: Total time for which application threads were stopped: 0.0066942 seconds, Stopping threads took: 0.0000209 seconds
17.019: [GC (Allocation Failure)  853898K->541453K(1033728K), 0.0047460 secs]
17.024: Total time for which application threads were stopped: 0.0049091 seconds, Stopping threads took: 0.0000279 seconds
17.091: [GC (Allocation Failure)  860941K->541453K(1033728K), 0.0049307 secs]
17.096: Total time for which application threads were stopped: 0.0051010 seconds, Stopping threads took: 0.0000204 seconds
17.163: [GC (Allocation Failure)  860941K->541605K(1033728K), 0.0058280 secs]
17.169: Total time for which application threads were stopped: 0.0059895 seconds, Stopping threads took: 0.0000206 seconds
17.237: [GC (Allocation Failure)  861093K->549447K(1027072K), 0.0047606 secs]
17.242: Total time for which application threads were stopped: 0.0049418 seconds, Stopping threads took: 0.0000283 seconds
17.308: [GC (Allocation Failure)  868935K->549447K(1033216K), 0.0048178 secs]
17.313: Total time for which application threads were stopped: 0.0049953 seconds, Stopping threads took: 0.0000225 seconds
17.380: [GC (Allocation Failure)  867911K->549863K(1033216K), 0.0057845 secs]
17.386: Total time for which application threads were stopped: 0.0059424 seconds, Stopping threads took: 0.0000198 seconds
17.453: [GC (Allocation Failure)  868327K->557545K(1033216K), 0.0049230 secs]
17.458: Total time for which application threads were stopped: 0.0051219 seconds, Stopping threads took: 0.0000196 seconds
17.527: [GC (Allocation Failure)  876009K->557481K(1033216K), 0.0047877 secs]
17.532: Total time for which application threads were stopped: 0.0049523 seconds, Stopping threads took: 0.0000171 seconds
17.598: [GC (Allocation Failure)  875945K->558089K(1033216K), 0.0055476 secs]
17.604: Total time for which application threads were stopped: 0.0057403 seconds, Stopping threads took: 0.0000204 seconds
17.674: [GC (Allocation Failure)  876553K->565579K(1033216K), 0.0047928 secs]
17.678: Total time for which application threads were stopped: 0.0049412 seconds, Stopping threads took: 0.0000169 seconds
17.745: [GC (Allocation Failure)  884043K->565515K(1033216K), 0.0049834 secs]
17.750: Total time for which application threads were stopped: 0.0051973 seconds, Stopping threads took: 0.0000280 seconds
17.817: [GC (Allocation Failure)  883979K->566307K(1033216K), 0.0058434 secs]
17.823: Total time for which application threads were stopped: 0.0060124 seconds, Stopping threads took: 0.0000283 seconds
17.889: [GC (Allocation Failure)  884771K->573574K(1033216K), 0.0048095 secs]
17.894: Total time for which application threads were stopped: 0.0049987 seconds, Stopping threads took: 0.0000201 seconds
17.961: [GC (Allocation Failure)  892038K->573574K(1033216K), 0.0046429 secs]
17.966: Total time for which application threads were stopped: 0.0048353 seconds, Stopping threads took: 0.0000193 seconds
18.031: [GC (Allocation Failure)  892038K->573670K(1033216K), 0.0059094 secs]
18.037: Total time for which application threads were stopped: 0.0060747 seconds, Stopping threads took: 0.0000195 seconds
18.105: [GC (Allocation Failure)  892134K->581544K(1033216K), 0.0048672 secs]
18.110: Total time for which application threads were stopped: 0.0050252 seconds, Stopping threads took: 0.0000196 seconds
18.175: [GC (Allocation Failure)  900008K->581576K(1033216K), 0.0049262 secs]
18.180: Total time for which application threads were stopped: 0.0051023 seconds, Stopping threads took: 0.0000204 seconds
18.247: [GC (Allocation Failure)  900040K->581736K(1033216K), 0.0056556 secs]
18.253: Total time for which application threads were stopped: 0.0058424 seconds, Stopping threads took: 0.0000280 seconds
18.320: [GC (Allocation Failure)  900200K->589578K(1033216K), 0.0057153 secs]
18.326: Total time for which application threads were stopped: 0.0058810 seconds, Stopping threads took: 0.0000190 seconds
18.394: [GC (Allocation Failure)  908042K->589642K(1033216K), 0.0049583 secs]
18.399: Total time for which application threads were stopped: 0.0051284 seconds, Stopping threads took: 0.0000208 seconds
18.464: [GC (Allocation Failure)  908106K->589962K(1033216K), 0.0059995 secs]
18.470: Total time for which application threads were stopped: 0.0061803 seconds, Stopping threads took: 0.0000196 seconds
18.538: [GC (Allocation Failure)  908426K->597644K(1033216K), 0.0049655 secs]
18.543: Total time for which application threads were stopped: 0.0051477 seconds, Stopping threads took: 0.0000215 seconds
18.608: [GC (Allocation Failure)  916108K->597644K(1033216K), 0.0049425 secs]
18.613: Total time for which application threads were stopped: 0.0051157 seconds, Stopping threads took: 0.0000209 seconds
18.680: [GC (Allocation Failure)  916108K->597700K(1033216K), 0.0057661 secs]
18.686: Total time for which application threads were stopped: 0.0059625 seconds, Stopping threads took: 0.0000264 seconds
18.753: [GC (Allocation Failure)  916164K->605671K(1033216K), 0.0048824 secs]
18.758: Total time for which application threads were stopped: 0.0050954 seconds, Stopping threads took: 0.0000257 seconds
18.825: [GC (Allocation Failure)  924135K->605671K(1033216K), 0.0049472 secs]
18.830: Total time for which application threads were stopped: 0.0051256 seconds, Stopping threads took: 0.0000170 seconds
18.896: [GC (Allocation Failure)  924135K->605927K(1033216K), 0.0058440 secs]
18.902: Total time for which application threads were stopped: 0.0060021 seconds, Stopping threads took: 0.0000197 seconds
18.970: [GC (Allocation Failure)  924391K->613705K(1033216K), 0.0048707 secs]
18.975: Total time for which application threads were stopped: 0.0050616 seconds, Stopping threads took: 0.0000196 seconds
19.042: [GC (Allocation Failure)  932169K->609831K(1033728K), 0.0038224 secs]
19.046: Total time for which application threads were stopped: 0.0039759 seconds, Stopping threads took: 0.0000173 seconds
19.113: [GC (Allocation Failure)  928807K->613865K(1033216K), 0.0052410 secs]
19.118: Total time for which application threads were stopped: 0.0054348 seconds, Stopping threads took: 0.0000203 seconds
19.186: [GC (Allocation Failure)  932841K->617865K(1033728K), 0.0048588 secs]
19.191: Total time for which application threads were stopped: 0.0050059 seconds, Stopping threads took: 0.0000174 seconds
19.260: [GC (Allocation Failure)  938377K->625359K(1034240K), 0.0086109 secs]
19.268: Total time for which application threads were stopped: 0.0087757 seconds, Stopping threads took: 0.0000255 seconds
19.336: [GC (Allocation Failure)  945871K->619153K(1029120K), 0.0050479 secs]
19.341: Total time for which application threads were stopped: 0.0052289 seconds, Stopping threads took: 0.0000203 seconds
19.408: [GC (Allocation Failure)  934545K->619089K(1031680K), 0.0049597 secs]
19.413: Total time for which application threads were stopped: 0.0051208 seconds, Stopping threads took: 0.0000205 seconds
19.477: [GC (Allocation Failure)  934481K->614575K(1032704K), 0.0031267 secs]
19.480: Total time for which application threads were stopped: 0.0032978 seconds, Stopping threads took: 0.0000201 seconds
19.548: [GC (Allocation Failure)  931503K->619281K(1032192K), 0.0056469 secs]
19.553: Total time for which application threads were stopped: 0.0058184 seconds, Stopping threads took: 0.0000208 seconds
19.622: [GC (Allocation Failure)  936209K->619089K(1033216K), 0.0049524 secs]
19.627: Total time for which application threads were stopped: 0.0051107 seconds, Stopping threads took: 0.0000207 seconds
19.693: [GC (Allocation Failure)  937553K->619721K(1033216K), 0.0057980 secs]
19.699: Total time for which application threads were stopped: 0.0059728 seconds, Stopping threads took: 0.0000192 seconds
19.767: [GC (Allocation Failure)  938185K->627147K(1033216K), 0.0049518 secs]
19.772: Total time for which application threads were stopped: 0.0051096 seconds, Stopping threads took: 0.0000198 seconds
19.837: [GC (Allocation Failure)  945611K->627147K(1033216K), 0.0051796 secs]
19.842: Total time for which application threads were stopped: 0.0053369 seconds, Stopping threads took: 0.0000197 seconds
19.908: [GC (Allocation Failure)  945611K->627979K(1032704K), 0.0060999 secs]
19.914: Total time for which application threads were stopped: 0.0062701 seconds, Stopping threads took: 0.0000197 seconds
19.982: [GC (Allocation Failure)  946443K->635278K(1033216K), 0.0050686 secs]
19.988: Total time for which application threads were stopped: 0.0052614 seconds, Stopping threads took: 0.0000194 seconds
20.055: [GC (Allocation Failure)  953742K->635150K(1033728K), 0.0049233 secs]
20.060: Total time for which application threads were stopped: 0.0050811 seconds, Stopping threads took: 0.0000200 seconds
20.124: [GC (Allocation Failure)  954638K->637230K(1033728K), 0.0060321 secs]
20.131: Total time for which application threads were stopped: 0.0061988 seconds, Stopping threads took: 0.0000210 seconds
20.198: [GC (Allocation Failure)  956718K->643280K(1033728K), 0.0051438 secs]
20.204: Total time for which application threads were stopped: 0.0053360 seconds, Stopping threads took: 0.0000200 seconds
20.273: [GC (Allocation Failure)  962768K->643184K(1033728K), 0.0047572 secs]
20.278: Total time for which application threads were stopped: 0.0049068 seconds, Stopping threads took: 0.0000183 seconds
20.346: [GC (Allocation Failure)  962672K->644464K(1033728K), 0.0059419 secs]
20.352: Total time for which application threads were stopped: 0.0061153 seconds, Stopping threads took: 0.0000205 seconds
20.420: [GC (Allocation Failure)  963952K->651218K(1033728K), 0.0048697 secs]
20.425: Total time for which application threads were stopped: 0.0050449 seconds, Stopping threads took: 0.0000219 seconds
20.492: [GC (Allocation Failure)  970706K->651218K(1034240K), 0.0065783 secs]
20.498: Total time for which application threads were stopped: 0.0067395 seconds, Stopping threads took: 0.0000211 seconds
20.566: [GC (Allocation Failure)  971218K->652146K(1033728K), 0.0061014 secs]
20.572: Total time for which application threads were stopped: 0.0062832 seconds, Stopping threads took: 0.0000297 seconds
20.640: [GC (Allocation Failure)  972146K->659284K(1033728K), 0.0051146 secs]
20.645: Total time for which application threads were stopped: 0.0052835 seconds, Stopping threads took: 0.0000201 seconds
20.714: [GC (Allocation Failure)  978772K->659252K(1033728K), 0.0048654 secs]
20.719: Total time for which application threads were stopped: 0.0050360 seconds, Stopping threads took: 0.0000287 seconds
20.783: [GC (Allocation Failure)  978740K->659868K(1033216K), 0.0058320 secs]
20.789: Total time for which application threads were stopped: 0.0059915 seconds, Stopping threads took: 0.0000197 seconds
20.857: [GC (Allocation Failure)  979356K->667327K(1033728K), 0.0049591 secs]
20.862: Total time for which application threads were stopped: 0.0051377 seconds, Stopping threads took: 0.0000205 seconds
20.927: [GC (Allocation Failure)  986815K->667295K(1033728K), 0.0082061 secs]
20.936: Total time for which application threads were stopped: 0.0084060 seconds, Stopping threads took: 0.0000247 seconds
21.001: [GC (Allocation Failure)  986783K->667359K(1033728K), 0.0059727 secs]
21.007: Total time for which application threads were stopped: 0.0061400 seconds, Stopping threads took: 0.0000203 seconds
21.075: [GC (Allocation Failure)  986847K->675393K(1033728K), 0.0048579 secs]
21.079: Total time for which application threads were stopped: 0.0050349 seconds, Stopping threads took: 0.0000213 seconds
21.145: [GC (Allocation Failure)  994881K->675361K(1033728K), 0.0052317 secs]
21.150: Total time for which application threads were stopped: 0.0054002 seconds, Stopping threads took: 0.0000204 seconds
21.215: [GC (Allocation Failure)  994849K->676393K(1033728K), 0.0057247 secs]
21.221: Total time for which application threads were stopped: 0.0058940 seconds, Stopping threads took: 0.0000270 seconds
21.289: [GC (Allocation Failure)  995881K->683403K(1033728K), 0.0049687 secs]
21.294: Total time for which application threads were stopped: 0.0051276 seconds, Stopping threads took: 0.0000206 seconds
21.360: [GC (Allocation Failure)  1002891K->683403K(1033728K), 0.0052214 secs]
21.365: Total time for which application threads were stopped: 0.0054048 seconds, Stopping threads took: 0.0000224 seconds
21.430: [GC (Allocation Failure)  1002891K->683563K(1033728K), 0.0068928 secs]
21.437: [Full GC (Ergonomics)  683563K->8690K(1033728K), 0.0166944 secs]
21.454: Total time for which application threads were stopped: 0.0238470 seconds, Stopping threads took: 0.0000203 seconds
21.523: [GC (Allocation Failure)  328178K->18709K(1031680K), 0.0042651 secs]
21.528: Total time for which application threads were stopped: 0.0044345 seconds, Stopping threads took: 0.0000205 seconds
21.596: [GC (Allocation Failure)  336149K->18661K(1032704K), 0.0042185 secs]
21.601: Total time for which application threads were stopped: 0.0043872 seconds, Stopping threads took: 0.0000199 seconds
21.667: [GC (Allocation Failure)  336101K->20101K(1033216K), 0.0041492 secs]
21.671: Total time for which application threads were stopped: 0.0043102 seconds, Stopping threads took: 0.0000204 seconds
21.738: [GC (Allocation Failure)  338053K->26759K(1032704K), 0.0038346 secs]
21.742: Total time for which application threads were stopped: 0.0040060 seconds, Stopping threads took: 0.0000295 seconds
21.808: [GC (Allocation Failure)  344711K->26695K(1033216K), 0.0065659 secs]
21.815: Total time for which application threads were stopped: 0.0067517 seconds, Stopping threads took: 0.0000288 seconds
21.882: [GC (Allocation Failure)  345159K->27335K(1033216K), 0.0039331 secs]
21.886: Total time for which application threads were stopped: 0.0040981 seconds, Stopping threads took: 0.0000197 seconds
21.953: [GC (Allocation Failure)  345799K->34729K(1033216K), 0.0038026 secs]
21.956: Total time for which application threads were stopped: 0.0039690 seconds, Stopping threads took: 0.0000194 seconds
22.024: [GC (Allocation Failure)  353193K->34761K(1033216K), 0.0038833 secs]
22.028: Total time for which application threads were stopped: 0.0040771 seconds, Stopping threads took: 0.0000205 seconds
22.094: [GC (Allocation Failure)  353225K->35529K(1033216K), 0.0040054 secs]
22.098: Total time for which application threads were stopped: 0.0041548 seconds, Stopping threads took: 0.0000174 seconds
22.164: [GC (Allocation Failure)  353993K->42731K(1033216K), 0.0040339 secs]
22.168: Total time for which application threads were stopped: 0.0042088 seconds, Stopping threads took: 0.0000223 seconds
22.234: [GC (Allocation Failure)  361195K->42795K(1033216K), 0.0040880 secs]
22.239: Total time for which application threads were stopped: 0.0042649 seconds, Stopping threads took: 0.0000288 seconds
22.305: [GC (Allocation Failure)  361259K->43779K(1033216K), 0.0041618 secs]
22.310: Total time for which application threads were stopped: 0.0043492 seconds, Stopping threads took: 0.0000207 seconds
22.377: [GC (Allocation Failure)  362243K->50790K(1033216K), 0.0038152 secs]
22.381: Total time for which application threads were stopped: 0.0039770 seconds, Stopping threads took: 0.0000209 seconds
22.447: [GC (Allocation Failure)  369254K->50758K(1033216K), 0.0037757 secs]
22.450: Total time for which application threads were stopped: 0.0039414 seconds, Stopping threads took: 0.0000258 seconds
22.515: [GC (Allocation Failure)  369222K->50982K(1032704K), 0.0040905 secs]
22.519: Total time for which application threads were stopped: 0.0042529 seconds, Stopping threads took: 0.0000202 seconds
22.587: [GC (Allocation Failure)  369446K->58792K(1033216K), 0.0045292 secs]
22.592: Total time for which application threads were stopped: 0.0046970 seconds, Stopping threads took: 0.0000203 seconds
22.658: [GC (Allocation Failure)  377256K->58824K(1033216K), 0.0040274 secs]
22.662: Total time for which application threads were stopped: 0.0041957 seconds, Stopping threads took: 0.0000197 seconds
22.727: [GC (Allocation Failure)  377288K->59208K(1033216K), 0.0037572 secs]
22.731: Total time for which application threads were stopped: 0.0039265 seconds, Stopping threads took: 0.0000268 seconds
22.796: [GC (Allocation Failure)  377672K->66858K(1033216K), 0.0045977 secs]
22.801: Total time for which application threads were stopped: 0.0047695 seconds, Stopping threads took: 0.0000204 seconds
22.868: [GC (Allocation Failure)  385322K->66858K(1033216K), 0.0037637 secs]
22.872: Total time for which application threads were stopped: 0.0039383 seconds, Stopping threads took: 0.0000215 seconds
22.939: [GC (Allocation Failure)  385322K->66914K(1033216K), 0.0044962 secs]
22.944: Total time for which application threads were stopped: 0.0046813 seconds, Stopping threads took: 0.0000171 seconds
23.010: [GC (Allocation Failure)  385378K->74884K(1033216K), 0.0038873 secs]
23.014: Total time for which application threads were stopped: 0.0040509 seconds, Stopping threads took: 0.0000197 seconds
23.081: [GC (Allocation Failure)  393348K->74884K(1033216K), 0.0038116 secs]
23.085: Total time for which application threads were stopped: 0.0039815 seconds, Stopping threads took: 0.0000180 seconds
23.151: [GC (Allocation Failure)  393348K->75164K(1033216K), 0.0039833 secs]
23.155: Total time for which application threads were stopped: 0.0041701 seconds, Stopping threads took: 0.0000200 seconds
23.225: [GC (Allocation Failure)  393628K->82943K(1033216K), 0.0038875 secs]
23.229: Total time for which application threads were stopped: 0.0040456 seconds, Stopping threads took: 0.0000261 seconds
23.295: [GC (Allocation Failure)  401407K->82943K(1033216K), 0.0038522 secs]
23.298: Total time for which application threads were stopped: 0.0040216 seconds, Stopping threads took: 0.0000199 seconds
23.365: [GC (Allocation Failure)  401407K->82983K(1033216K), 0.0038980 secs]
23.368: Total time for which application threads were stopped: 0.0040584 seconds, Stopping threads took: 0.0000206 seconds
23.437: [GC (Allocation Failure)  401447K->90953K(1033216K), 0.0040630 secs]
23.441: Total time for which application threads were stopped: 0.0042387 seconds, Stopping threads took: 0.0000197 seconds
23.508: [GC (Allocation Failure)  409417K->90953K(1033216K), 0.0038994 secs]
23.512: Total time for which application threads were stopped: 0.0040551 seconds, Stopping threads took: 0.0000193 seconds
23.578: [GC (Allocation Failure)  409417K->91113K(1033216K), 0.0039935 secs]
23.582: Total time for which application threads were stopped: 0.0041634 seconds, Stopping threads took: 0.0000196 seconds
23.650: [GC (Allocation Failure)  409577K->99019K(1033216K), 0.0039727 secs]
23.654: Total time for which application threads were stopped: 0.0041413 seconds, Stopping threads took: 0.0000207 seconds
23.722: [GC (Allocation Failure)  417483K->95081K(1033216K), 0.0026012 secs]
23.725: Total time for which application threads were stopped: 0.0027846 seconds, Stopping threads took: 0.0000170 seconds
23.792: [GC (Allocation Failure)  413545K->99147K(1034752K), 0.0039935 secs]
23.796: Total time for which application threads were stopped: 0.0041575 seconds, Stopping threads took: 0.0000273 seconds
23.864: [GC (Allocation Failure)  419659K->103115K(1033728K), 0.0040329 secs]
23.868: Total time for which application threads were stopped: 0.0041913 seconds, Stopping threads took: 0.0000203 seconds
23.938: [GC (Allocation Failure)  423627K->95273K(1034240K), 0.0008208 secs]
23.939: Total time for which application threads were stopped: 0.0009598 seconds, Stopping threads took: 0.0000283 seconds
24.007: [GC (Allocation Failure)  415785K->103179K(1034240K), 0.0039619 secs]
24.011: Total time for which application threads were stopped: 0.0041277 seconds, Stopping threads took: 0.0000208 seconds
24.079: [GC (Allocation Failure)  423691K->107275K(1033216K), 0.0052073 secs]
24.084: Total time for which application threads were stopped: 0.0053808 seconds, Stopping threads took: 0.0000211 seconds
24.151: [GC (Allocation Failure)  426763K->112969K(1032704K), 0.0066235 secs]
24.157: Total time for which application threads were stopped: 0.0067960 seconds, Stopping threads took: 0.0000214 seconds
24.225: [GC (Allocation Failure)  432457K->107531K(1031680K), 0.0039897 secs]
24.229: Total time for which application threads were stopped: 0.0041714 seconds, Stopping threads took: 0.0000272 seconds
24.296: [GC (Allocation Failure)  423947K->107243K(1032192K), 0.0046056 secs]
24.301: Total time for which application threads were stopped: 0.0047662 seconds, Stopping threads took: 0.0000265 seconds
24.369: [GC (Allocation Failure)  423659K->101929K(1032704K), 0.0017632 secs]
24.371: Total time for which application threads were stopped: 0.0019167 seconds, Stopping threads took: 0.0000191 seconds
24.438: [GC (Allocation Failure)  419369K->107467K(1032704K), 0.0042498 secs]
24.443: Total time for which application threads were stopped: 0.0044250 seconds, Stopping threads took: 0.0000195 seconds
24.511: [GC (Allocation Failure)  424907K->107307K(1033216K), 0.0041532 secs]
24.515: Total time for which application threads were stopped: 0.0043100 seconds, Stopping threads took: 0.0000195 seconds
24.582: [GC (Allocation Failure)  425771K->108131K(1033216K), 0.0043169 secs]
24.586: Total time for which application threads were stopped: 0.0044939 seconds, Stopping threads took: 0.0000192 seconds
24.655: [GC (Allocation Failure)  426595K->115461K(1033216K), 0.0040259 secs]
24.659: Total time for which application threads were stopped: 0.0041885 seconds, Stopping threads took: 0.0000198 seconds
24.727: [GC (Allocation Failure)  433925K->115301K(1033216K), 0.0036438 secs]
24.730: Total time for which application threads were stopped: 0.0038119 seconds, Stopping threads took: 0.0000279 seconds
24.797: [GC (Allocation Failure)  433765K->116317K(1033216K), 0.0048276 secs]
24.802: Total time for which application threads were stopped: 0.0049966 seconds, Stopping threads took: 0.0000206 seconds
24.869: [GC (Allocation Failure)  434781K->123424K(1033216K), 0.0039022 secs]
24.873: Total time for which application threads were stopped: 0.0040678 seconds, Stopping threads took: 0.0000201 seconds
24.940: [GC (Allocation Failure)  441888K->123328K(1033728K), 0.0047842 secs]
24.945: Total time for which application threads were stopped: 0.0049321 seconds, Stopping threads took: 0.0000169 seconds
25.010: [GC (Allocation Failure)  442304K->125128K(1033216K), 0.0041195 secs]
25.014: Total time for which application threads were stopped: 0.0042861 seconds, Stopping threads took: 0.0000193 seconds
25.082: [GC (Allocation Failure)  444104K->131402K(1033728K), 0.0041671 secs]
25.086: Total time for which application threads were stopped: 0.0043382 seconds, Stopping threads took: 0.0000199 seconds
25.154: [GC (Allocation Failure)  450890K->131370K(1033728K), 0.0042064 secs]
25.158: Total time for which application threads were stopped: 0.0043758 seconds, Stopping threads took: 0.0000205 seconds
25.223: [GC (Allocation Failure)  450858K->131818K(1033728K), 0.0042439 secs]
25.227: Total time for which application threads were stopped: 0.0044249 seconds, Stopping threads took: 0.0000269 seconds
25.295: [GC (Allocation Failure)  451306K->139404K(1033728K), 0.0040475 secs]
25.299: Total time for which application threads were stopped: 0.0042146 seconds, Stopping threads took: 0.0000204 seconds
25.364: [GC (Allocation Failure)  458892K->139404K(1033728K), 0.0040186 secs]
25.368: Total time for which application threads were stopped: 0.0042005 seconds, Stopping threads took: 0.0000217 seconds
25.436: [GC (Allocation Failure)  458892K->139532K(1033728K), 0.0042136 secs]
25.441: Total time for which application threads were stopped: 0.0043841 seconds, Stopping threads took: 0.0000212 seconds
25.509: [GC (Allocation Failure)  459020K->147471K(1033728K), 0.0040145 secs]
25.513: Total time for which application threads were stopped: 0.0041777 seconds, Stopping threads took: 0.0000213 seconds
25.579: [GC (Allocation Failure)  466959K->147439K(1033728K), 0.0042054 secs]
25.583: Total time for which application threads were stopped: 0.0043769 seconds, Stopping threads took: 0.0000217 seconds
25.653: [GC (Allocation Failure)  466927K->148239K(1033728K), 0.0040727 secs]
25.657: Total time for which application threads were stopped: 0.0042356 seconds, Stopping threads took: 0.0000210 seconds
25.723: [GC (Allocation Failure)  467727K->155505K(1033728K), 0.0041068 secs]
25.727: Total time for which application threads were stopped: 0.0042723 seconds, Stopping threads took: 0.0000269 seconds
25.794: [GC (Allocation Failure)  474993K->155473K(1033728K), 0.0040590 secs]
25.798: Total time for which application threads were stopped: 0.0042391 seconds, Stopping threads took: 0.0000210 seconds
25.866: [GC (Allocation Failure)  474961K->157513K(1033728K), 0.0046249 secs]
25.871: Total time for which application threads were stopped: 0.0047865 seconds, Stopping threads took: 0.0000194 seconds
25.939: [GC (Allocation Failure)  477001K->163531K(1033728K), 0.0048294 secs]
25.944: Total time for which application threads were stopped: 0.0050013 seconds, Stopping threads took: 0.0000256 seconds
26.010: [GC (Allocation Failure)  483019K->163531K(1033728K), 0.0039976 secs]
26.014: Total time for which application threads were stopped: 0.0041698 seconds, Stopping threads took: 0.0000208 seconds
26.082: [GC (Allocation Failure)  483019K->164707K(1033728K), 0.0043459 secs]
26.086: Total time for which application threads were stopped: 0.0045223 seconds, Stopping threads took: 0.0000206 seconds
26.154: [GC (Allocation Failure)  484195K->171589K(1033728K), 0.0041485 secs]
26.158: Total time for which application threads were stopped: 0.0043383 seconds, Stopping threads took: 0.0000226 seconds
26.226: [GC (Allocation Failure)  491077K->171525K(1033728K), 0.0040135 secs]
26.230: Total time for which application threads were stopped: 0.0041907 seconds, Stopping threads took: 0.0000272 seconds
26.296: [GC (Allocation Failure)  491013K->171941K(1033728K), 0.0044164 secs]
26.301: Total time for which application threads were stopped: 0.0045877 seconds, Stopping threads took: 0.0000203 seconds
26.368: [GC (Allocation Failure)  491429K->179624K(1033728K), 0.0041643 secs]
26.373: Total time for which application threads were stopped: 0.0043294 seconds, Stopping threads took: 0.0000199 seconds
26.439: [GC (Allocation Failure)  499112K->179560K(1033728K), 0.0041788 secs]
26.443: Total time for which application threads were stopped: 0.0043397 seconds, Stopping threads took: 0.0000207 seconds
26.510: [GC (Allocation Failure)  499048K->179624K(1033728K), 0.0041696 secs]
26.514: Total time for which application threads were stopped: 0.0043848 seconds, Stopping threads took: 0.0000204 seconds
26.579: [GC (Allocation Failure)  499112K->187658K(1033728K), 0.0042418 secs]
26.584: Total time for which application threads were stopped: 0.0044031 seconds, Stopping threads took: 0.0000208 seconds
26.651: [GC (Allocation Failure)  507146K->187594K(1033728K), 0.0041227 secs]
26.656: Total time for which application threads were stopped: 0.0042929 seconds, Stopping threads took: 0.0000215 seconds
26.723: [GC (Allocation Failure)  507082K->188418K(1033728K), 0.0042321 secs]
26.727: Total time for which application threads were stopped: 0.0044169 seconds, Stopping threads took: 0.0000289 seconds
26.792: [GC (Allocation Failure)  507906K->195652K(1033728K), 0.0042398 secs]
26.797: Total time for which application threads were stopped: 0.0044043 seconds, Stopping threads took: 0.0000201 seconds
26.867: [GC (Allocation Failure)  515140K->195588K(1033728K), 0.0041521 secs]
26.871: Total time for which application threads were stopped: 0.0043205 seconds, Stopping threads took: 0.0000291 seconds
26.939: [GC (Allocation Failure)  515076K->196604K(1033728K), 0.0048078 secs]
26.944: Total time for which application threads were stopped: 0.0050120 seconds, Stopping threads took: 0.0000260 seconds
27.012: [GC (Allocation Failure)  516092K->203646K(1033728K), 0.0041328 secs]
27.016: Total time for which application threads were stopped: 0.0043221 seconds, Stopping threads took: 0.0000209 seconds
27.083: [GC (Allocation Failure)  523134K->203646K(1033728K), 0.0041586 secs]
27.088: Total time for which application threads were stopped: 0.0043232 seconds, Stopping threads took: 0.0000179 seconds
27.156: [GC (Allocation Failure)  523134K->203838K(1033728K), 0.0044054 secs]
27.160: Total time for which application threads were stopped: 0.0045665 seconds, Stopping threads took: 0.0000204 seconds
27.228: [GC (Allocation Failure)  523326K->211681K(1032704K), 0.0041195 secs]
27.233: Total time for which application threads were stopped: 0.0042989 seconds, Stopping threads took: 0.0000273 seconds
27.300: [GC (Allocation Failure)  530145K->211681K(1033216K), 0.0041346 secs]
27.305: Total time for which application threads were stopped: 0.0043010 seconds, Stopping threads took: 0.0000276 seconds
27.371: [GC (Allocation Failure)  530145K->212073K(1033216K), 0.0040974 secs]
27.376: Total time for which application threads were stopped: 0.0042899 seconds, Stopping threads took: 0.0000207 seconds
27.445: [GC (Allocation Failure)  530537K->219723K(1033216K), 0.0041855 secs]
27.449: Total time for which application threads were stopped: 0.0044934 seconds, Stopping threads took: 0.0000194 seconds
27.515: [GC (Allocation Failure)  538187K->219755K(1033216K), 0.0040853 secs]
27.519: Total time for which application threads were stopped: 0.0042460 seconds, Stopping threads took: 0.0000197 seconds
27.583: [GC (Allocation Failure)  538219K->220323K(1033216K), 0.0045223 secs]
27.588: Total time for which application threads were stopped: 0.0046770 seconds, Stopping threads took: 0.0000197 seconds
27.655: [GC (Allocation Failure)  538787K->227749K(1033216K), 0.0042548 secs]
27.659: Total time for which application threads were stopped: 0.0044111 seconds, Stopping threads took: 0.0000192 seconds
27.727: [GC (Allocation Failure)  546213K->227781K(1033216K), 0.0042002 secs]
27.731: Total time for which application threads were stopped: 0.0043664 seconds, Stopping threads took: 0.0000280 seconds
27.796: [GC (Allocation Failure)  546245K->228541K(1033216K), 0.0043633 secs]
27.800: Total time for which application threads were stopped: 0.0045396 seconds, Stopping threads took: 0.0000278 seconds
27.867: [GC (Allocation Failure)  547005K->235775K(1033216K), 0.0043106 secs]
27.871: Total time for which application threads were stopped: 0.0044835 seconds, Stopping threads took: 0.0000193 seconds
27.941: [GC (Allocation Failure)  554239K->235775K(1033216K), 0.0044924 secs]
27.945: Total time for which application threads were stopped: 0.0046897 seconds, Stopping threads took: 0.0000261 seconds
28.010: [GC (Allocation Failure)  554239K->235847K(1033216K), 0.0042246 secs]
28.014: Total time for which application threads were stopped: 0.0043795 seconds, Stopping threads took: 0.0000197 seconds
28.081: [GC (Allocation Failure)  554311K->243818K(1033216K), 0.0041880 secs]
28.086: Total time for which application threads were stopped: 0.0043529 seconds, Stopping threads took: 0.0000196 seconds
28.151: [GC (Allocation Failure)  562282K->243818K(1033216K), 0.0041944 secs]
28.155: Total time for which application threads were stopped: 0.0043477 seconds, Stopping threads took: 0.0000192 seconds
28.221: [GC (Allocation Failure)  562282K->243978K(1033216K), 0.0041649 secs]
28.226: Total time for which application threads were stopped: 0.0043338 seconds, Stopping threads took: 0.0000273 seconds
28.292: [GC (Allocation Failure)  562442K->251884K(1033216K), 0.0044034 secs]
28.297: Total time for which application threads were stopped: 0.0045965 seconds, Stopping threads took: 0.0000200 seconds
28.364: [GC (Allocation Failure)  570348K->251884K(1033216K), 0.0042539 secs]
28.368: Total time for which application threads were stopped: 0.0044127 seconds, Stopping threads took: 0.0000199 seconds
28.434: [GC (Allocation Failure)  570348K->252236K(1033216K), 0.0044979 secs]
28.439: Total time for which application threads were stopped: 0.0046564 seconds, Stopping threads took: 0.0000195 seconds
28.506: [GC (Allocation Failure)  570700K->259886K(1033216K), 0.0043068 secs]
28.511: Total time for which application threads were stopped: 0.0044676 seconds, Stopping threads took: 0.0000206 seconds
28.576: [GC (Allocation Failure)  578350K->259918K(1033216K), 0.0066692 secs]
28.583: Total time for which application threads were stopped: 0.0068507 seconds, Stopping threads took: 0.0000205 seconds
28.648: [GC (Allocation Failure)  578382K->259942K(1033216K), 0.0044350 secs]
28.653: Total time for which application threads were stopped: 0.0045950 seconds, Stopping threads took: 0.0000209 seconds
28.718: [GC (Allocation Failure)  578406K->267944K(1033216K), 0.0041145 secs]
28.722: Total time for which application threads were stopped: 0.0042769 seconds, Stopping threads took: 0.0000283 seconds
28.790: [GC (Allocation Failure)  586408K->267912K(1033216K), 0.0041247 secs]
28.794: Total time for which application threads were stopped: 0.0042874 seconds, Stopping threads took: 0.0000200 seconds
28.860: [GC (Allocation Failure)  586376K->268168K(1033216K), 0.0045110 secs]
28.864: Total time for which application threads were stopped: 0.0046823 seconds, Stopping threads took: 0.0000195 seconds
28.931: [GC (Allocation Failure)  586632K->275947K(1033216K), 0.0053169 secs]
28.936: Total time for which application threads were stopped: 0.0054914 seconds, Stopping threads took: 0.0000268 seconds
29.001: [GC (Allocation Failure)  594411K->271336K(1033216K), 0.0027389 secs]
29.004: Total time for which application threads were stopped: 0.0029034 seconds, Stopping threads took: 0.0000197 seconds
29.071: [GC (Allocation Failure)  589800K->276179K(1034752K), 0.0044024 secs]
29.076: Total time for which application threads were stopped: 0.0045627 seconds, Stopping threads took: 0.0000207 seconds
29.145: [GC (Allocation Failure)  596691K->280123K(1033728K), 0.0044742 secs]
29.150: Total time for which application threads were stopped: 0.0046630 seconds, Stopping threads took: 0.0000203 seconds
29.218: [GC (Allocation Failure)  600635K->287944K(1028096K), 0.0079444 secs]
29.226: Total time for which application threads were stopped: 0.0081336 seconds, Stopping threads took: 0.0000335 seconds
29.293: [GC (Allocation Failure)  602312K->281803K(1031168K), 0.0044397 secs]
29.298: Total time for which application threads were stopped: 0.0046045 seconds, Stopping threads took: 0.0000201 seconds
29.365: [GC (Allocation Failure)  596171K->281707K(1032192K), 0.0044664 secs]
29.369: Total time for which application threads were stopped: 0.0046504 seconds, Stopping threads took: 0.0000205 seconds
29.436: [GC (Allocation Failure)  597611K->282955K(1031680K), 0.0045745 secs]
29.441: Total time for which application threads were stopped: 0.0047474 seconds, Stopping threads took: 0.0000228 seconds
29.508: [GC (Allocation Failure)  598859K->289773K(1032704K), 0.0042604 secs]
29.512: Total time for which application threads were stopped: 0.0044205 seconds, Stopping threads took: 0.0000206 seconds
29.580: [GC (Allocation Failure)  606701K->289709K(1032192K), 0.0043148 secs]
29.584: Total time for which application threads were stopped: 0.0044715 seconds, Stopping threads took: 0.0000191 seconds
29.648: [GC (Allocation Failure)  606637K->293773K(1033216K), 0.0055357 secs]
29.654: Total time for which application threads were stopped: 0.0057199 seconds, Stopping threads took: 0.0000191 seconds
29.721: [GC (Allocation Failure)  611725K->297775K(1032704K), 0.0040540 secs]
29.725: Total time for which application threads were stopped: 0.0042296 seconds, Stopping threads took: 0.0000265 seconds
29.792: [GC (Allocation Failure)  615727K->297743K(1033728K), 0.0041965 secs]
29.797: Total time for which application threads were stopped: 0.0043686 seconds, Stopping threads took: 0.0000202 seconds
29.861: [GC (Allocation Failure)  617231K->297871K(1033728K), 0.0072232 secs]
29.869: Total time for which application threads were stopped: 0.0074088 seconds, Stopping threads took: 0.0000231 seconds
29.940: [GC (Allocation Failure)  617359K->305842K(1033728K), 0.0047086 secs]
29.945: Total time for which application threads were stopped: 0.0049205 seconds, Stopping threads took: 0.0000269 seconds
30.012: [GC (Allocation Failure)  625330K->305746K(1033728K), 0.0043213 secs]
30.016: Total time for which application threads were stopped: 0.0044971 seconds, Stopping threads took: 0.0000215 seconds
30.081: [GC (Allocation Failure)  625234K->309234K(1034240K), 0.0053666 secs]
30.087: Total time for which application threads were stopped: 0.0055402 seconds, Stopping threads took: 0.0000213 seconds
30.156: [GC (Allocation Failure)  629234K->313844K(1033728K), 0.0044790 secs]
30.160: Total time for which application threads were stopped: 0.0046774 seconds, Stopping threads took: 0.0000511 seconds
30.228: [GC (Allocation Failure)  633844K->313844K(1034240K), 0.0045020 secs]
30.232: Total time for which application threads were stopped: 0.0046670 seconds, Stopping threads took: 0.0000266 seconds
30.299: [GC (Allocation Failure)  634356K->314348K(1034240K), 0.0071648 secs]
30.306: Total time for which application threads were stopped: 0.0073309 seconds, Stopping threads took: 0.0000191 seconds
30.374: [GC (Allocation Failure)  634860K->321902K(1034240K), 0.0042316 secs]
30.378: Total time for which application threads were stopped: 0.0043994 seconds, Stopping threads took: 0.0000197 seconds
30.448: [GC (Allocation Failure)  642414K->321838K(1034240K), 0.0043379 secs]
30.452: Total time for which application threads were stopped: 0.0045084 seconds, Stopping threads took: 0.0000196 seconds
30.521: [GC (Allocation Failure)  642350K->322598K(1034240K), 0.0046613 secs]
30.525: Total time for which application threads were stopped: 0.0048197 seconds, Stopping threads took: 0.0000193 seconds
30.593: [GC (Allocation Failure)  643110K->329864K(1034240K), 0.0059175 secs]
30.599: Total time for which application threads were stopped: 0.0060801 seconds, Stopping threads took: 0.0000205 seconds
30.667: [GC (Allocation Failure)  650376K->329864K(1034240K), 0.0044272 secs]
30.672: Total time for which application threads were stopped: 0.0046121 seconds, Stopping threads took: 0.0000205 seconds
30.739: [GC (Allocation Failure)  650376K->330824K(1034240K), 0.0044385 secs]
30.743: Total time for which application threads were stopped: 0.0046154 seconds, Stopping threads took: 0.0000289 seconds
30.811: [GC (Allocation Failure)  651336K->337931K(1033216K), 0.0065535 secs]
30.818: Total time for which application threads were stopped: 0.0067164 seconds, Stopping threads took: 0.0000202 seconds
30.885: [GC (Allocation Failure)  657419K->337899K(1033728K), 0.0044416 secs]
30.890: Total time for which application threads were stopped: 0.0046150 seconds, Stopping threads took: 0.0000213 seconds
30.958: [GC (Allocation Failure)  657387K->339051K(1034240K), 0.0045890 secs]
30.962: Total time for which application threads were stopped: 0.0047578 seconds, Stopping threads took: 0.0000202 seconds
31.030: [GC (Allocation Failure)  659563K->345997K(1028096K), 0.0043455 secs]
31.035: Total time for which application threads were stopped: 0.0045101 seconds, Stopping threads took: 0.0000199 seconds
31.104: [GC (Allocation Failure)  666509K->345933K(1034240K), 0.0043070 secs]
31.109: Total time for which application threads were stopped: 0.0044907 seconds, Stopping threads took: 0.0000176 seconds
31.178: [GC (Allocation Failure)  665933K->346797K(1033728K), 0.0047439 secs]
31.183: Total time for which application threads were stopped: 0.0049887 seconds, Stopping threads took: 0.0000555 seconds
31.252: [GC (Allocation Failure)  666797K->353999K(1033728K), 0.0045580 secs]
31.257: Total time for which application threads were stopped: 0.0047105 seconds, Stopping threads took: 0.0000195 seconds
31.326: [GC (Allocation Failure)  673487K->353967K(1033728K), 0.0053461 secs]
31.331: Total time for which application threads were stopped: 0.0055129 seconds, Stopping threads took: 0.0000206 seconds
31.399: [GC (Allocation Failure)  673455K->354511K(1033728K), 0.0046396 secs]
31.403: Total time for which application threads were stopped: 0.0047792 seconds, Stopping threads took: 0.0000206 seconds
31.471: [GC (Allocation Failure)  673999K->362033K(1033728K), 0.0043479 secs]
31.476: Total time for which application threads were stopped: 0.0045219 seconds, Stopping threads took: 0.0000212 seconds
31.544: [GC (Allocation Failure)  681521K->362001K(1033728K), 0.0044794 secs]
31.548: Total time for which application threads were stopped: 0.0046579 seconds, Stopping threads took: 0.0000211 seconds
31.616: [GC (Allocation Failure)  681489K->363769K(1033728K), 0.0047867 secs]
31.621: Total time for which application threads were stopped: 0.0049615 seconds, Stopping threads took: 0.0000205 seconds
31.689: [GC (Allocation Failure)  683257K->370108K(1033728K), 0.0043934 secs]
31.693: Total time for which application threads were stopped: 0.0045549 seconds, Stopping threads took: 0.0000181 seconds
31.760: [GC (Allocation Failure)  689596K->370044K(1033728K), 0.0045150 secs]
31.765: Total time for which application threads were stopped: 0.0046912 seconds, Stopping threads took: 0.0000269 seconds
31.832: [GC (Allocation Failure)  689532K->370972K(1033728K), 0.0049066 secs]
31.837: Total time for which application threads were stopped: 0.0050844 seconds, Stopping threads took: 0.0000208 seconds
31.903: [GC (Allocation Failure)  690460K->378142K(1033728K), 0.0045123 secs]
31.908: Total time for which application threads were stopped: 0.0046840 seconds, Stopping threads took: 0.0000209 seconds
31.975: [GC (Allocation Failure)  697630K->378078K(1033728K), 0.0045001 secs]
31.980: Total time for which application threads were stopped: 0.0046506 seconds, Stopping threads took: 0.0000182 seconds
32.048: [GC (Allocation Failure)  697566K->378214K(1033728K), 0.0047568 secs]
32.053: Total time for which application threads were stopped: 0.0049260 seconds, Stopping threads took: 0.0000204 seconds
32.121: [GC (Allocation Failure)  697702K->386120K(1033728K), 0.0049830 secs]
32.126: Total time for which application threads were stopped: 0.0051474 seconds, Stopping threads took: 0.0000202 seconds
32.192: [GC (Allocation Failure)  705608K->386152K(1033728K), 0.0046828 secs]
32.197: Total time for which application threads were stopped: 0.0048419 seconds, Stopping threads took: 0.0000205 seconds
32.265: [GC (Allocation Failure)  705640K->386440K(1033728K), 0.0044880 secs]
32.270: Total time for which application threads were stopped: 0.0046620 seconds, Stopping threads took: 0.0000279 seconds
32.338: [GC (Allocation Failure)  705928K->394154K(1033728K), 0.0052037 secs]
32.343: Total time for which application threads were stopped: 0.0053716 seconds, Stopping threads took: 0.0000285 seconds
32.411: [GC (Allocation Failure)  713642K->394122K(1033728K), 0.0045454 secs]
32.416: Total time for which application threads were stopped: 0.0047296 seconds, Stopping threads took: 0.0000214 seconds
32.483: [GC (Allocation Failure)  713610K->394666K(1033728K), 0.0048184 secs]
32.488: Total time for which application threads were stopped: 0.0049801 seconds, Stopping threads took: 0.0000205 seconds
32.554: [GC (Allocation Failure)  714154K->402221K(1032704K), 0.0074701 secs]
32.561: Total time for which application threads were stopped: 0.0076468 seconds, Stopping threads took: 0.0000204 seconds
32.630: [GC (Allocation Failure)  720685K->402157K(1033216K), 0.0045571 secs]
32.635: Total time for which application threads were stopped: 0.0047396 seconds, Stopping threads took: 0.0000194 seconds
32.699: [GC (Allocation Failure)  720621K->402893K(1033728K), 0.0046663 secs]
32.704: Total time for which application threads were stopped: 0.0048298 seconds, Stopping threads took: 0.0000196 seconds
32.772: [GC (Allocation Failure)  722381K->410223K(1027072K), 0.0042812 secs]
32.777: Total time for which application threads were stopped: 0.0044696 seconds, Stopping threads took: 0.0000394 seconds
32.843: [GC (Allocation Failure)  729711K->410255K(1033216K), 0.0044735 secs]
32.848: Total time for which application threads were stopped: 0.0046562 seconds, Stopping threads took: 0.0000212 seconds
32.916: [GC (Allocation Failure)  728719K->411159K(1033216K), 0.0048712 secs]
32.921: Total time for which application threads were stopped: 0.0050434 seconds, Stopping threads took: 0.0000203 seconds
32.990: [GC (Allocation Failure)  729623K->418297K(1032704K), 0.0044831 secs]
32.994: Total time for which application threads were stopped: 0.0046429 seconds, Stopping threads took: 0.0000207 seconds
33.062: [GC (Allocation Failure)  736761K->418265K(1033216K), 0.0046411 secs]
33.067: Total time for which application threads were stopped: 0.0048526 seconds, Stopping threads took: 0.0000214 seconds
33.133: [GC (Allocation Failure)  736729K->418337K(1032704K), 0.0047920 secs]
33.138: Total time for which application threads were stopped: 0.0049600 seconds, Stopping threads took: 0.0000200 seconds
33.205: [GC (Allocation Failure)  736801K->426308K(1033216K), 0.0045323 secs]
33.210: Total time for which application threads were stopped: 0.0046955 seconds, Stopping threads took: 0.0000200 seconds
33.276: [GC (Allocation Failure)  744772K->426308K(1033216K), 0.0044485 secs]
33.281: Total time for which application threads were stopped: 0.0046017 seconds, Stopping threads took: 0.0000175 seconds
33.347: [GC (Allocation Failure)  744772K->426596K(1033216K), 0.0048096 secs]
33.352: Total time for which application threads were stopped: 0.0049947 seconds, Stopping threads took: 0.0000255 seconds
33.421: [GC (Allocation Failure)  745060K->434342K(1033216K), 0.0047168 secs]
33.426: Total time for which application threads were stopped: 0.0048897 seconds, Stopping threads took: 0.0000201 seconds
33.494: [GC (Allocation Failure)  752806K->434342K(1033216K), 0.0046804 secs]
33.498: Total time for which application threads were stopped: 0.0048381 seconds, Stopping threads took: 0.0000169 seconds
33.565: [GC (Allocation Failure)  752806K->434854K(1033216K), 0.0048543 secs]
33.570: Total time for which application threads were stopped: 0.0050326 seconds, Stopping threads took: 0.0000218 seconds
33.640: [GC (Allocation Failure)  753318K->442376K(1033216K), 0.0045984 secs]
33.644: Total time for which application threads were stopped: 0.0047921 seconds, Stopping threads took: 0.0000203 seconds
33.711: [GC (Allocation Failure)  760840K->442376K(1033216K), 0.0047536 secs]
33.716: Total time for which application threads were stopped: 0.0049192 seconds, Stopping threads took: 0.0000206 seconds
33.780: [GC (Allocation Failure)  760840K->442568K(1033216K), 0.0048443 secs]
33.785: Total time for which application threads were stopped: 0.0050102 seconds, Stopping threads took: 0.0000202 seconds
33.852: [GC (Allocation Failure)  761032K->450410K(1033216K), 0.0046576 secs]
33.857: Total time for which application threads were stopped: 0.0048695 seconds, Stopping threads took: 0.0000202 seconds
33.924: [GC (Allocation Failure)  768874K->450410K(1033216K), 0.0073674 secs]
33.931: Total time for which application threads were stopped: 0.0075123 seconds, Stopping threads took: 0.0000211 seconds
33.997: [GC (Allocation Failure)  768874K->450538K(1033216K), 0.0049244 secs]
34.002: Total time for which application threads were stopped: 0.0050828 seconds, Stopping threads took: 0.0000179 seconds
34.069: [GC (Allocation Failure)  769002K->458445K(1033216K), 0.0047875 secs]
34.074: Total time for which application threads were stopped: 0.0049563 seconds, Stopping threads took: 0.0000195 seconds
34.141: [GC (Allocation Failure)  776909K->458445K(1033216K), 0.0046868 secs]
34.146: Total time for which application threads were stopped: 0.0048569 seconds, Stopping threads took: 0.0000209 seconds
34.213: [GC (Allocation Failure)  776909K->458517K(1033216K), 0.0050485 secs]
34.218: Total time for which application threads were stopped: 0.0052284 seconds, Stopping threads took: 0.0000210 seconds
34.285: [GC (Allocation Failure)  776981K->466487K(1033216K), 0.0046718 secs]
34.290: Total time for which application threads were stopped: 0.0048624 seconds, Stopping threads took: 0.0000197 seconds
34.355: [GC (Allocation Failure)  784951K->462613K(1033216K), 0.0035909 secs]
34.358: Total time for which application threads were stopped: 0.0037606 seconds, Stopping threads took: 0.0000204 seconds
34.427: [GC (Allocation Failure)  781077K->466647K(1034752K), 0.0049183 secs]
34.432: Total time for which application threads were stopped: 0.0050903 seconds, Stopping threads took: 0.0000203 seconds
34.501: [GC (Allocation Failure)  787159K->470615K(1033728K), 0.0045863 secs]
34.506: Total time for which application threads were stopped: 0.0047586 seconds, Stopping threads took: 0.0000205 seconds
34.574: [GC (Allocation Failure)  791127K->462773K(1034240K), 0.0015670 secs]
34.576: Total time for which application threads were stopped: 0.0016973 seconds, Stopping threads took: 0.0000206 seconds
34.643: [GC (Allocation Failure)  783285K->470655K(1034240K), 0.0048110 secs]
34.648: Total time for which application threads were stopped: 0.0049931 seconds, Stopping threads took: 0.0000203 seconds
34.715: [GC (Allocation Failure)  791167K->474799K(1033216K), 0.0063268 secs]
34.722: Total time for which application threads were stopped: 0.0064852 seconds, Stopping threads took: 0.0000195 seconds
34.788: [GC (Allocation Failure)  794287K->480493K(1032704K), 0.0072881 secs]
34.796: Total time for which application threads were stopped: 0.0074570 seconds, Stopping threads took: 0.0000218 seconds
34.863: [GC (Allocation Failure)  799981K->475023K(1031680K), 0.0049185 secs]
34.868: Total time for which application threads were stopped: 0.0050902 seconds, Stopping threads took: 0.0000209 seconds
34.935: [GC (Allocation Failure)  791439K->474767K(1032192K), 0.0054832 secs]
34.940: Total time for which application threads were stopped: 0.0057014 seconds, Stopping threads took: 0.0000282 seconds
35.007: [GC (Allocation Failure)  791183K->469421K(1032704K), 0.0026852 secs]
35.010: Total time for which application threads were stopped: 0.0028502 seconds, Stopping threads took: 0.0000194 seconds
35.080: [GC (Allocation Failure)  786861K->474927K(1032704K), 0.0048736 secs]
35.085: Total time for which application threads were stopped: 0.0050451 seconds, Stopping threads took: 0.0000228 seconds
35.152: [GC (Allocation Failure)  792367K->474767K(1033216K), 0.0047861 secs]
35.157: Total time for which application threads were stopped: 0.0049474 seconds, Stopping threads took: 0.0000206 seconds
35.224: [GC (Allocation Failure)  792719K->475111K(1032704K), 0.0048479 secs]
35.229: Total time for which application threads were stopped: 0.0050309 seconds, Stopping threads took: 0.0000268 seconds
35.297: [GC (Allocation Failure)  793063K->482953K(1033216K), 0.0046949 secs]
35.302: Total time for which application threads were stopped: 0.0048686 seconds, Stopping threads took: 0.0000204 seconds
35.371: [GC (Allocation Failure)  801417K->482825K(1033216K), 0.0047311 secs]
35.375: Total time for which application threads were stopped: 0.0048986 seconds, Stopping threads took: 0.0000195 seconds
35.441: [GC (Allocation Failure)  801289K->486953K(1033728K), 0.0056988 secs]
35.447: Total time for which application threads were stopped: 0.0058589 seconds, Stopping threads took: 0.0000209 seconds
35.514: [GC (Allocation Failure)  805929K->490923K(1033216K), 0.0049242 secs]
35.519: Total time for which application threads were stopped: 0.0050931 seconds, Stopping threads took: 0.0000205 seconds
35.587: [GC (Allocation Failure)  809899K->490827K(1034240K), 0.0045500 secs]
35.592: Total time for which application threads were stopped: 0.0047248 seconds, Stopping threads took: 0.0000215 seconds
35.660: [GC (Allocation Failure)  810827K->493603K(1033728K), 0.0054154 secs]
35.665: Total time for which application threads were stopped: 0.0055722 seconds, Stopping threads took: 0.0000201 seconds
35.733: [GC (Allocation Failure)  813603K->498854K(1034240K), 0.0046265 secs]
35.738: Total time for which application threads were stopped: 0.0048035 seconds, Stopping threads took: 0.0000284 seconds
35.806: [GC (Allocation Failure)  819366K->498886K(1034240K), 0.0045920 secs]
35.811: Total time for which application threads were stopped: 0.0047871 seconds, Stopping threads took: 0.0000246 seconds
35.880: [GC (Allocation Failure)  819398K->499310K(1034240K), 0.0049249 secs]
35.885: Total time for which application threads were stopped: 0.0051011 seconds, Stopping threads took: 0.0000207 seconds
35.956: [GC (Allocation Failure)  819822K->506928K(1034240K), 0.0047678 secs]
35.960: Total time for which application threads were stopped: 0.0049258 seconds, Stopping threads took: 0.0000203 seconds
36.029: [GC (Allocation Failure)  827440K->506928K(1034240K), 0.0047455 secs]
36.033: Total time for which application threads were stopped: 0.0049105 seconds, Stopping threads took: 0.0000209 seconds
36.102: [GC (Allocation Failure)  827440K->509576K(1034240K), 0.0053996 secs]
36.107: Total time for which application threads were stopped: 0.0055694 seconds, Stopping threads took: 0.0000201 seconds
36.175: [GC (Allocation Failure)  830088K->514954K(1034240K), 0.0047182 secs]
36.180: Total time for which application threads were stopped: 0.0048797 seconds, Stopping threads took: 0.0000208 seconds
36.250: [GC (Allocation Failure)  835466K->514954K(1034240K), 0.0048359 secs]
36.254: Total time for which application threads were stopped: 0.0050085 seconds, Stopping threads took: 0.0000280 seconds
36.321: [GC (Allocation Failure)  835466K->515786K(1033728K), 0.0048953 secs]
36.326: Total time for which application threads were stopped: 0.0050638 seconds, Stopping threads took: 0.0000199 seconds
36.394: [GC (Allocation Failure)  836298K->523052K(1034240K), 0.0045579 secs]
36.399: Total time for which application threads were stopped: 0.0047262 seconds, Stopping threads took: 0.0000203 seconds
36.466: [GC (Allocation Failure)  843564K->522988K(1034240K), 0.0048799 secs]
36.471: Total time for which application threads were stopped: 0.0050477 seconds, Stopping threads took: 0.0000194 seconds
36.538: [GC (Allocation Failure)  843500K->526028K(1034240K), 0.0054477 secs]
36.544: Total time for which application threads were stopped: 0.0056336 seconds, Stopping threads took: 0.0000205 seconds
36.611: [GC (Allocation Failure)  846540K->531055K(1034752K), 0.0047423 secs]
36.616: Total time for which application threads were stopped: 0.0049134 seconds, Stopping threads took: 0.0000205 seconds
36.684: [GC (Allocation Failure)  852591K->530991K(1034752K), 0.0056169 secs]
36.690: Total time for which application threads were stopped: 0.0057837 seconds, Stopping threads took: 0.0000200 seconds
36.755: [GC (Allocation Failure)  852527K->534287K(1034752K), 0.0055025 secs]
36.761: Total time for which application threads were stopped: 0.0056683 seconds, Stopping threads took: 0.0000283 seconds
36.829: [GC (Allocation Failure)  855823K->539025K(1034752K), 0.0049914 secs]
36.834: Total time for which application threads were stopped: 0.0052032 seconds, Stopping threads took: 0.0000206 seconds
36.902: [GC (Allocation Failure)  860561K->539057K(1034752K), 0.0048345 secs]
36.907: Total time for which application threads were stopped: 0.0050184 seconds, Stopping threads took: 0.0000173 seconds
36.975: [GC (Allocation Failure)  860593K->539433K(1034752K), 0.0049309 secs]
36.980: Total time for which application threads were stopped: 0.0051011 seconds, Stopping threads took: 0.0000200 seconds
37.048: [GC (Allocation Failure)  860969K->547083K(1034752K), 0.0047966 secs]
37.053: Total time for which application threads were stopped: 0.0049679 seconds, Stopping threads took: 0.0000201 seconds
37.120: [GC (Allocation Failure)  868619K->547019K(1034752K), 0.0050366 secs]
37.125: Total time for which application threads were stopped: 0.0051997 seconds, Stopping threads took: 0.0000206 seconds
37.191: [GC (Allocation Failure)  868555K->548675K(1034752K), 0.0051928 secs]
37.196: Total time for which application threads were stopped: 0.0053877 seconds, Stopping threads took: 0.0000202 seconds
37.268: [GC (Allocation Failure)  870211K->555078K(1029120K), 0.0048912 secs]
37.273: Total time for which application threads were stopped: 0.0050701 seconds, Stopping threads took: 0.0000284 seconds
37.340: [GC (Allocation Failure)  876614K->555110K(1034752K), 0.0049367 secs]
37.345: Total time for which application threads were stopped: 0.0051127 seconds, Stopping threads took: 0.0000283 seconds
37.412: [GC (Allocation Failure)  876134K->557446K(1034240K), 0.0052936 secs]
37.417: Total time for which application threads were stopped: 0.0054872 seconds, Stopping threads took: 0.0000341 seconds
37.485: [GC (Allocation Failure)  878470K->563208K(1034752K), 0.0048269 secs]
37.490: Total time for which application threads were stopped: 0.0049874 seconds, Stopping threads took: 0.0000199 seconds
37.558: [GC (Allocation Failure)  884744K->563112K(1034752K), 0.0048080 secs]
37.563: Total time for which application threads were stopped: 0.0049632 seconds, Stopping threads took: 0.0000204 seconds
37.629: [GC (Allocation Failure)  884648K->566184K(1034752K), 0.0055313 secs]
37.635: Total time for which application threads were stopped: 0.0057055 seconds, Stopping threads took: 0.0000263 seconds
37.702: [GC (Allocation Failure)  887720K->571210K(1034752K), 0.0047459 secs]
37.707: Total time for which application threads were stopped: 0.0049265 seconds, Stopping threads took: 0.0000261 seconds
37.776: [GC (Allocation Failure)  892746K->571178K(1034752K), 0.0046254 secs]
37.781: Total time for which application threads were stopped: 0.0047958 seconds, Stopping threads took: 0.0000258 seconds
37.847: [GC (Allocation Failure)  892714K->571362K(1021440K), 0.0050453 secs]
37.852: Total time for which application threads were stopped: 0.0052196 seconds, Stopping threads took: 0.0000199 seconds
37.922: [GC (Allocation Failure)  892898K->579204K(1034240K), 0.0090500 secs]
37.931: Total time for which application threads were stopped: 0.0092332 seconds, Stopping threads took: 0.0000175 seconds
38.000: [GC (Allocation Failure)  899716K->579204K(1034240K), 0.0049788 secs]
38.005: Total time for which application threads were stopped: 0.0051508 seconds, Stopping threads took: 0.0000207 seconds
38.072: [GC (Allocation Failure)  899716K->582564K(1034752K), 0.0058753 secs]
38.078: Total time for which application threads were stopped: 0.0060672 seconds, Stopping threads took: 0.0000219 seconds
38.144: [GC (Allocation Failure)  903588K->587335K(1034240K), 0.0050478 secs]
38.149: Total time for which application threads were stopped: 0.0052186 seconds, Stopping threads took: 0.0000208 seconds
38.217: [GC (Allocation Failure)  908359K->587207K(1034752K), 0.0048982 secs]
38.222: Total time for which application threads were stopped: 0.0050900 seconds, Stopping threads took: 0.0000206 seconds
38.290: [GC (Allocation Failure)  908743K->590823K(1034752K), 0.0056894 secs]
38.296: Total time for which application threads were stopped: 0.0058845 seconds, Stopping threads took: 0.0000258 seconds
38.365: [GC (Allocation Failure)  912359K->595305K(1034752K), 0.0048065 secs]
38.370: Total time for which application threads were stopped: 0.0049665 seconds, Stopping threads took: 0.0000204 seconds
38.440: [GC (Allocation Failure)  916841K->595273K(1034752K), 0.0047923 secs]
38.445: Total time for which application threads were stopped: 0.0049849 seconds, Stopping threads took: 0.0000200 seconds
38.513: [GC (Allocation Failure)  916809K->595945K(1034752K), 0.0050302 secs]
38.518: Total time for which application threads were stopped: 0.0051737 seconds, Stopping threads took: 0.0000167 seconds
38.587: [GC (Allocation Failure)  917481K->603307K(1034752K), 0.0047541 secs]
38.592: Total time for which application threads were stopped: 0.0049114 seconds, Stopping threads took: 0.0000176 seconds
38.660: [GC (Allocation Failure)  924843K->603307K(1034752K), 0.0046971 secs]
38.665: Total time for which application threads were stopped: 0.0048757 seconds, Stopping threads took: 0.0000194 seconds
38.737: [GC (Allocation Failure)  924843K->605187K(1034752K), 0.0052556 secs]
38.742: Total time for which application threads were stopped: 0.0054260 seconds, Stopping threads took: 0.0000279 seconds
38.810: [GC (Allocation Failure)  926723K->611333K(1034752K), 0.0048081 secs]
38.815: Total time for which application threads were stopped: 0.0049831 seconds, Stopping threads took: 0.0000202 seconds
38.884: [GC (Allocation Failure)  932869K->611301K(1034752K), 0.0046311 secs]
38.888: Total time for which application threads were stopped: 0.0048046 seconds, Stopping threads took: 0.0000213 seconds
38.958: [GC (Allocation Failure)  932837K->614469K(1034752K), 0.0056026 secs]
38.964: Total time for which application threads were stopped: 0.0057770 seconds, Stopping threads took: 0.0000179 seconds
39.031: [GC (Allocation Failure)  936005K->619464K(1034752K), 0.0049304 secs]
39.036: Total time for which application threads were stopped: 0.0051139 seconds, Stopping threads took: 0.0000205 seconds
39.106: [GC (Allocation Failure)  941000K->619304K(1034752K), 0.0049198 secs]
39.111: Total time for which application threads were stopped: 0.0051141 seconds, Stopping threads took: 0.0000200 seconds
39.178: [GC (Allocation Failure)  940840K->619624K(1034752K), 0.0050376 secs]
39.183: Total time for which application threads were stopped: 0.0051880 seconds, Stopping threads took: 0.0000170 seconds
39.249: [GC (Allocation Failure)  941160K->627434K(1033728K), 0.0050083 secs]
39.254: Total time for which application threads were stopped: 0.0051914 seconds, Stopping threads took: 0.0000210 seconds
39.322: [GC (Allocation Failure)  947946K->627402K(1034240K), 0.0049683 secs]
39.327: Total time for which application threads were stopped: 0.0051552 seconds, Stopping threads took: 0.0000209 seconds
39.396: [GC (Allocation Failure)  947914K->630954K(1034752K), 0.0059452 secs]
39.402: Total time for which application threads were stopped: 0.0061163 seconds, Stopping threads took: 0.0000205 seconds
39.469: [GC (Allocation Failure)  951978K->635436K(1034240K), 0.0049957 secs]
39.474: Total time for which application threads were stopped: 0.0051665 seconds, Stopping threads took: 0.0000206 seconds
39.543: [GC (Allocation Failure)  956460K->635404K(1034752K), 0.0050819 secs]
39.548: Total time for which application threads were stopped: 0.0052438 seconds, Stopping threads took: 0.0000204 seconds
39.615: [GC (Allocation Failure)  956940K->639148K(1034752K), 0.0061144 secs]
39.621: Total time for which application threads were stopped: 0.0062739 seconds, Stopping threads took: 0.0000200 seconds
39.690: [GC (Allocation Failure)  960684K->643502K(1035264K), 0.0051481 secs]
39.696: Total time for which application threads were stopped: 0.0053260 seconds, Stopping threads took: 0.0000200 seconds
39.764: [GC (Allocation Failure)  966062K->643470K(1035264K), 0.0048775 secs]
39.769: Total time for which application threads were stopped: 0.0050396 seconds, Stopping threads took: 0.0000204 seconds
39.836: [GC (Allocation Failure)  966030K->646374K(1035264K), 0.0057099 secs]
39.841: Total time for which application threads were stopped: 0.0058710 seconds, Stopping threads took: 0.0000196 seconds
39.909: [GC (Allocation Failure)  968934K->651529K(1035264K), 0.0057344 secs]
39.915: Total time for which application threads were stopped: 0.0058970 seconds, Stopping threads took: 0.0000193 seconds
39.984: [GC (Allocation Failure)  974089K->651465K(1035264K), 0.0048236 secs]
39.989: Total time for which application threads were stopped: 0.0049917 seconds, Stopping threads took: 0.0000194 seconds
40.057: [GC (Allocation Failure)  974025K->654633K(1035264K), 0.0057780 secs]
40.063: Total time for which application threads were stopped: 0.0059580 seconds, Stopping threads took: 0.0000207 seconds
40.131: [GC (Allocation Failure)  977193K->659595K(1035264K), 0.0049600 secs]
40.136: Total time for which application threads were stopped: 0.0051224 seconds, Stopping threads took: 0.0000201 seconds
40.204: [GC (Allocation Failure)  982155K->659531K(1035264K), 0.0048780 secs]
40.209: Total time for which application threads were stopped: 0.0050272 seconds, Stopping threads took: 0.0000200 seconds
40.277: [GC (Allocation Failure)  982091K->662859K(1035264K), 0.0057489 secs]
40.283: Total time for which application threads were stopped: 0.0059224 seconds, Stopping threads took: 0.0000194 seconds
40.354: [GC (Allocation Failure)  985419K->667597K(1035264K), 0.0049908 secs]
40.359: Total time for which application threads were stopped: 0.0051951 seconds, Stopping threads took: 0.0000292 seconds
40.429: [GC (Allocation Failure)  990157K->667533K(1035264K), 0.0052085 secs]
40.434: Total time for which application threads were stopped: 0.0053820 seconds, Stopping threads took: 0.0000198 seconds
40.502: [GC (Allocation Failure)  990093K->671077K(1035264K), 0.0058177 secs]
40.507: Total time for which application threads were stopped: 0.0059747 seconds, Stopping threads took: 0.0000190 seconds
40.575: [GC (Allocation Failure)  993637K->675592K(1035264K), 0.0050582 secs]
40.580: Total time for which application threads were stopped: 0.0052223 seconds, Stopping threads took: 0.0000209 seconds
40.649: [GC (Allocation Failure)  998152K->675560K(1035264K), 0.0048561 secs]
40.654: Total time for which application threads were stopped: 0.0050201 seconds, Stopping threads took: 0.0000195 seconds
40.721: [GC (Allocation Failure)  998120K->679304K(1035776K), 0.0058069 secs]
40.727: Total time for which application threads were stopped: 0.0059846 seconds, Stopping threads took: 0.0000196 seconds
40.794: [GC (Allocation Failure)  1002888K->683818K(1035776K), 0.0051560 secs]
40.799: Total time for which application threads were stopped: 0.0053208 seconds, Stopping threads took: 0.0000213 seconds
40.867: [GC (Allocation Failure)  1007402K->683594K(1035776K), 0.0052159 secs]
40.873: Total time for which application threads were stopped: 0.0053795 seconds, Stopping threads took: 0.0000208 seconds
40.942: [GC (Allocation Failure)  1007178K->682536K(1035776K), 0.0094220 secs]
40.952: Total time for which application threads were stopped: 0.0095824 seconds, Stopping threads took: 0.0000258 seconds
41.021: [GC (Allocation Failure)  1006120K->683786K(1036288K), 0.0048828 secs]
41.026: Total time for which application threads were stopped: 0.0050760 seconds, Stopping threads took: 0.0000200 seconds
41.097: [GC (Allocation Failure)  1008394K->683594K(1036288K), 0.0051340 secs]
41.102: Total time for which application threads were stopped: 0.0053017 seconds, Stopping threads took: 0.0000195 seconds
41.168: [GC (Allocation Failure)  1008202K->675624K(1035264K), 0.0018774 secs]
41.170: Total time for which application threads were stopped: 0.0020013 seconds, Stopping threads took: 0.0000199 seconds
41.240: [GC (Allocation Failure)  999208K->683706K(1031168K), 0.0052175 secs]
41.246: Total time for which application threads were stopped: 0.0053832 seconds, Stopping threads took: 0.0000256 seconds
41.314: [GC (Allocation Failure)  1007290K->687722K(1035776K), 0.0066080 secs]
41.321: Total time for which application threads were stopped: 0.0067720 seconds, Stopping threads took: 0.0000208 seconds
41.386: [GC (Allocation Failure)  1010794K->683816K(1035264K), 0.0040513 secs]
41.391: Total time for which application threads were stopped: 0.0042208 seconds, Stopping threads took: 0.0000211 seconds
41.459: [GC (Allocation Failure)  1006888K->687882K(1035776K), 0.0050296 secs]
41.464: Total time for which application threads were stopped: 0.0051910 seconds, Stopping threads took: 0.0000210 seconds
41.532: [GC (Allocation Failure)  1011466K->691850K(1035776K), 0.0050884 secs]
41.538: Total time for which application threads were stopped: 0.0052819 seconds, Stopping threads took: 0.0000211 seconds
41.607: [GC (Allocation Failure)  1015434K->691850K(1035776K), 0.0048010 secs]
41.612: Total time for which application threads were stopped: 0.0049946 seconds, Stopping threads took: 0.0000200 seconds
41.679: [GC (Allocation Failure)  1015434K->692170K(1023488K), 0.0060729 secs]
41.685: [Full GC (Ergonomics)  692170K->8824K(1023488K), 0.0127277 secs]
41.698: Total time for which application threads were stopped: 0.0190402 seconds, Stopping threads took: 0.0000200 seconds
41.766: [GC (Allocation Failure)  332408K->17626K(1035264K), 0.0037898 secs]
41.770: Total time for which application threads were stopped: 0.0039481 seconds, Stopping threads took: 0.0000259 seconds
41.839: [GC (Allocation Failure)  340186K->17626K(1035264K), 0.0065049 secs]
41.845: Total time for which application threads were stopped: 0.0066617 seconds, Stopping threads took: 0.0000198 seconds
41.914: [GC (Allocation Failure)  340186K->18138K(1034240K), 0.0038823 secs]
41.918: Total time for which application threads were stopped: 0.0040589 seconds, Stopping threads took: 0.0000274 seconds
41.987: [GC (Allocation Failure)  339674K->25692K(1034752K), 0.0038521 secs]
41.991: Total time for which application threads were stopped: 0.0040169 seconds, Stopping threads took: 0.0000202 seconds
42.059: [GC (Allocation Failure)  347228K->25660K(1034752K), 0.0034590 secs]
42.063: Total time for which application threads were stopped: 0.0036263 seconds, Stopping threads took: 0.0000198 seconds
42.128: [GC (Allocation Failure)  347196K->25852K(1021440K), 0.0040824 secs]
42.133: Total time for which application threads were stopped: 0.0042530 seconds, Stopping threads took: 0.0000203 seconds
42.200: [GC (Allocation Failure)  347388K->33694K(1034240K), 0.0045867 secs]
42.205: Total time for which application threads were stopped: 0.0047436 seconds, Stopping threads took: 0.0000202 seconds
42.274: [GC (Allocation Failure)  354206K->33726K(1034240K), 0.0039094 secs]
42.278: Total time for which application threads were stopped: 0.0040696 seconds, Stopping threads took: 0.0000196 seconds
42.345: [GC (Allocation Failure)  354238K->33830K(1034240K), 0.0038320 secs]
42.349: Total time for which application threads were stopped: 0.0039928 seconds, Stopping threads took: 0.0000195 seconds
42.416: [GC (Allocation Failure)  354342K->41737K(1034240K), 0.0039898 secs]
42.420: Total time for which application threads were stopped: 0.0041483 seconds, Stopping threads took: 0.0000192 seconds
42.488: [GC (Allocation Failure)  362249K->41769K(1034240K), 0.0039598 secs]
42.492: Total time for which application threads were stopped: 0.0041297 seconds, Stopping threads took: 0.0000196 seconds
42.559: [GC (Allocation Failure)  362281K->41801K(1020416K), 0.0039747 secs]
42.563: Total time for which application threads were stopped: 0.0041473 seconds, Stopping threads took: 0.0000207 seconds
42.630: [GC (Allocation Failure)  362313K->49771K(1033728K), 0.0039864 secs]
42.634: Total time for which application threads were stopped: 0.0041603 seconds, Stopping threads took: 0.0000201 seconds
42.703: [GC (Allocation Failure)  369259K->49771K(1033728K), 0.0036861 secs]
42.707: Total time for which application threads were stopped: 0.0038480 seconds, Stopping threads took: 0.0000205 seconds
42.772: [GC (Allocation Failure)  369259K->50027K(1033728K), 0.0040320 secs]
42.776: Total time for which application threads were stopped: 0.0042093 seconds, Stopping threads took: 0.0000280 seconds
42.844: [GC (Allocation Failure)  369515K->57805K(1033728K), 0.0038997 secs]
42.848: Total time for which application threads were stopped: 0.0040649 seconds, Stopping threads took: 0.0000205 seconds
42.916: [GC (Allocation Failure)  377293K->57773K(1033728K), 0.0045108 secs]
42.921: Total time for which application threads were stopped: 0.0046733 seconds, Stopping threads took: 0.0000215 seconds
42.988: [GC (Allocation Failure)  377261K->58021K(1033728K), 0.0041212 secs]
42.993: Total time for which application threads were stopped: 0.0042826 seconds, Stopping threads took: 0.0000206 seconds
43.059: [GC (Allocation Failure)  377509K->65863K(1032704K), 0.0040294 secs]
43.063: Total time for which application threads were stopped: 0.0041877 seconds, Stopping threads took: 0.0000207 seconds
43.130: [GC (Allocation Failure)  384327K->61925K(1033216K), 0.0026967 secs]
43.133: Total time for which application threads were stopped: 0.0028519 seconds, Stopping threads took: 0.0000206 seconds
43.202: [GC (Allocation Failure)  380389K->65991K(1034752K), 0.0040159 secs]
43.206: Total time for which application threads were stopped: 0.0042262 seconds, Stopping threads took: 0.0000216 seconds
43.274: [GC (Allocation Failure)  387015K->69959K(1034240K), 0.0036720 secs]
43.278: Total time for which application threads were stopped: 0.0038491 seconds, Stopping threads took: 0.0000195 seconds
43.346: [GC (Allocation Failure)  390983K->63205K(1034752K), 0.0011371 secs]
43.347: Total time for which application threads were stopped: 0.0012723 seconds, Stopping threads took: 0.0000199 seconds
43.417: [GC (Allocation Failure)  384741K->70023K(1034752K), 0.0036696 secs]
43.421: Total time for which application threads were stopped: 0.0038426 seconds, Stopping threads took: 0.0000198 seconds
43.489: [GC (Allocation Failure)  391559K->74127K(1034752K), 0.0047444 secs]
43.494: Total time for which application threads were stopped: 0.0049055 seconds, Stopping threads took: 0.0000202 seconds
43.560: [GC (Allocation Failure)  395663K->68525K(1034752K), 0.0017089 secs]
43.562: Total time for which application threads were stopped: 0.0018591 seconds, Stopping threads took: 0.0000200 seconds
43.630: [GC (Allocation Failure)  390061K->74367K(1035776K), 0.0042967 secs]
43.635: Total time for which application threads were stopped: 0.0044549 seconds, Stopping threads took: 0.0000199 seconds
43.704: [GC (Allocation Failure)  396927K->78271K(1034752K), 0.0041978 secs]
43.709: Total time for which application threads were stopped: 0.0043672 seconds, Stopping threads took: 0.0000200 seconds
43.776: [GC (Allocation Failure)  400831K->74333K(1035776K), 0.0026532 secs]
43.779: Total time for which application threads were stopped: 0.0028158 seconds, Stopping threads took: 0.0000289 seconds
43.846: [GC (Allocation Failure)  397405K->78399K(1035264K), 0.0042094 secs]
43.850: Total time for which application threads were stopped: 0.0043988 seconds, Stopping threads took: 0.0000214 seconds
43.919: [GC (Allocation Failure)  401471K->82367K(1035264K), 0.0037325 secs]
43.923: Total time for which application threads were stopped: 0.0038995 seconds, Stopping threads took: 0.0000195 seconds
43.992: [GC (Allocation Failure)  405951K->82367K(1035776K), 0.0037257 secs]
43.995: Total time for which application threads were stopped: 0.0038933 seconds, Stopping threads took: 0.0000208 seconds
44.063: [GC (Allocation Failure)  405951K->82431K(1034752K), 0.0038771 secs]
44.067: Total time for which application threads were stopped: 0.0040391 seconds, Stopping threads took: 0.0000203 seconds
44.136: [GC (Allocation Failure)  404991K->90434K(1035264K), 0.0039861 secs]
44.140: Total time for which application threads were stopped: 0.0041437 seconds, Stopping threads took: 0.0000200 seconds
44.206: [GC (Allocation Failure)  412994K->90434K(1034240K), 0.0037673 secs]
44.210: Total time for which application threads were stopped: 0.0039610 seconds, Stopping threads took: 0.0000204 seconds
44.279: [GC (Allocation Failure)  411970K->90466K(1034752K), 0.0039714 secs]
44.283: Total time for which application threads were stopped: 0.0041450 seconds, Stopping threads took: 0.0000259 seconds
44.351: [GC (Allocation Failure)  412002K->98468K(1033728K), 0.0040983 secs]
44.355: Total time for which application threads were stopped: 0.0042660 seconds, Stopping threads took: 0.0000250 seconds
44.423: [GC (Allocation Failure)  418980K->98436K(1034240K), 0.0036573 secs]
44.427: Total time for which application threads were stopped: 0.0038483 seconds, Stopping threads took: 0.0000202 seconds
44.494: [GC (Allocation Failure)  418948K->98692K(1034240K), 0.0039841 secs]
44.498: Total time for which application threads were stopped: 0.0041764 seconds, Stopping threads took: 0.0000256 seconds
44.567: [GC (Allocation Failure)  419204K->106502K(1034240K), 0.0050893 secs]
44.572: Total time for which application threads were stopped: 0.0052514 seconds, Stopping threads took: 0.0000193 seconds
44.638: [GC (Allocation Failure)  427014K->106470K(1034240K), 0.0039344 secs]
44.642: Total time for which application threads were stopped: 0.0041023 seconds, Stopping threads took: 0.0000194 seconds
44.711: [GC (Allocation Failure)  426982K->106886K(1020416K), 0.0041847 secs]
44.715: Total time for which application threads were stopped: 0.0043527 seconds, Stopping threads took: 0.0000201 seconds
44.783: [GC (Allocation Failure)  427398K->114505K(1033728K), 0.0039071 secs]
44.787: Total time for which application threads were stopped: 0.0040769 seconds, Stopping threads took: 0.0000189 seconds
44.853: [GC (Allocation Failure)  433993K->114537K(1033728K), 0.0042219 secs]
44.857: Total time for which application threads were stopped: 0.0043928 seconds, Stopping threads took: 0.0000212 seconds
44.924: [GC (Allocation Failure)  434025K->114625K(1033728K), 0.0049873 secs]
44.929: Total time for which application threads were stopped: 0.0051475 seconds, Stopping threads took: 0.0000211 seconds
44.997: [GC (Allocation Failure)  434113K->122531K(1033728K), 0.0038310 secs]
45.001: Total time for which application threads were stopped: 0.0039932 seconds, Stopping threads took: 0.0000213 seconds
45.068: [GC (Allocation Failure)  442017K->118657K(1034240K), 0.0027426 secs]
45.071: Total time for which application threads were stopped: 0.0029140 seconds, Stopping threads took: 0.0000200 seconds
45.140: [GC (Allocation Failure)  438657K->122699K(1033728K), 0.0041515 secs]
45.145: Total time for which application threads were stopped: 0.0043021 seconds, Stopping threads took: 0.0000181 seconds
45.210: [GC (Allocation Failure)  442699K->126699K(1034752K), 0.0040027 secs]
45.215: Total time for which application threads were stopped: 0.0041730 seconds, Stopping threads took: 0.0000199 seconds
45.284: [GC (Allocation Failure)  448235K->120873K(1034752K), 0.0016086 secs]
45.285: Total time for which application threads were stopped: 0.0017605 seconds, Stopping threads took: 0.0000200 seconds
45.353: [GC (Allocation Failure)  442409K->126739K(1035776K), 0.0038520 secs]
45.357: Total time for which application threads were stopped: 0.0040236 seconds, Stopping threads took: 0.0000198 seconds
45.427: [GC (Allocation Failure)  449299K->130811K(1034752K), 0.0041751 secs]
45.431: Total time for which application threads were stopped: 0.0043453 seconds, Stopping threads took: 0.0000200 seconds
45.497: [GC (Allocation Failure)  453109K->126905K(1035776K), 0.0028307 secs]
45.500: Total time for which application threads were stopped: 0.0029953 seconds, Stopping threads took: 0.0000204 seconds
45.568: [GC (Allocation Failure)  449977K->130971K(1035264K), 0.0041149 secs]
45.572: Total time for which application threads were stopped: 0.0042841 seconds, Stopping threads took: 0.0000202 seconds
45.641: [GC (Allocation Failure)  454043K->134939K(1035264K), 0.0040701 secs]
45.645: Total time for which application threads were stopped: 0.0042387 seconds, Stopping threads took: 0.0000199 seconds
45.713: [GC (Allocation Failure)  458523K->134939K(1035776K), 0.0038432 secs]
45.716: Total time for which application threads were stopped: 0.0040202 seconds, Stopping threads took: 0.0000199 seconds
45.782: [GC (Allocation Failure)  458523K->134995K(1034752K), 0.0041749 secs]
45.787: Total time for which application threads were stopped: 0.0043305 seconds, Stopping threads took: 0.0000281 seconds
45.857: [GC (Allocation Failure)  457555K->142997K(1035264K), 0.0039198 secs]
45.861: Total time for which application threads were stopped: 0.0040774 seconds, Stopping threads took: 0.0000255 seconds
45.928: [GC (Allocation Failure)  465557K->142965K(1034240K), 0.0044704 secs]
45.933: Total time for which application threads were stopped: 0.0046766 seconds, Stopping threads took: 0.0000164 seconds
46.002: [GC (Allocation Failure)  464501K->143037K(1034752K), 0.0043234 secs]
46.006: Total time for which application threads were stopped: 0.0044928 seconds, Stopping threads took: 0.0000208 seconds
46.072: [GC (Allocation Failure)  464573K->151007K(1033728K), 0.0040622 secs]
46.076: Total time for which application threads were stopped: 0.0042225 seconds, Stopping threads took: 0.0000202 seconds
46.146: [GC (Allocation Failure)  471519K->151007K(1034240K), 0.0039067 secs]
46.150: Total time for which application threads were stopped: 0.0040661 seconds, Stopping threads took: 0.0000199 seconds
46.216: [GC (Allocation Failure)  471519K->151271K(1034240K), 0.0041594 secs]
46.220: Total time for which application threads were stopped: 0.0043285 seconds, Stopping threads took: 0.0000208 seconds
46.287: [GC (Allocation Failure)  471783K->159082K(1034240K), 0.0041135 secs]
46.291: Total time for which application threads were stopped: 0.0042727 seconds, Stopping threads took: 0.0000198 seconds
46.358: [GC (Allocation Failure)  479594K->159050K(1034240K), 0.0040615 secs]
46.363: Total time for which application threads were stopped: 0.0042316 seconds, Stopping threads took: 0.0000194 seconds
46.429: [GC (Allocation Failure)  479562K->159466K(1020416K), 0.0041777 secs]
46.434: Total time for which application threads were stopped: 0.0043441 seconds, Stopping threads took: 0.0000195 seconds
46.503: [GC (Allocation Failure)  479978K->167116K(1033728K), 0.0041223 secs]
46.507: Total time for which application threads were stopped: 0.0042819 seconds, Stopping threads took: 0.0000199 seconds
46.574: [GC (Allocation Failure)  486604K->167116K(1033728K), 0.0040492 secs]
46.578: Total time for which application threads were stopped: 0.0042175 seconds, Stopping threads took: 0.0000279 seconds
46.643: [GC (Allocation Failure)  486604K->167244K(1033728K), 0.0066280 secs]
46.650: Total time for which application threads were stopped: 0.0068138 seconds, Stopping threads took: 0.0000221 seconds
46.718: [GC (Allocation Failure)  486732K->175150K(1033728K), 0.0040834 secs]
46.722: Total time for which application threads were stopped: 0.0042748 seconds, Stopping threads took: 0.0000203 seconds
46.791: [GC (Allocation Failure)  494637K->171180K(1034240K), 0.0027982 secs]
46.794: Total time for which application threads were stopped: 0.0029688 seconds, Stopping threads took: 0.0000262 seconds
46.863: [GC (Allocation Failure)  491180K->175270K(1033728K), 0.0045381 secs]
46.868: Total time for which application threads were stopped: 0.0047219 seconds, Stopping threads took: 0.0000213 seconds
46.934: [GC (Allocation Failure)  495270K->179270K(1034752K), 0.0053125 secs]
46.939: Total time for which application threads were stopped: 0.0055115 seconds, Stopping threads took: 0.0000284 seconds
47.007: [GC (Allocation Failure)  500806K->173476K(1034752K), 0.0018615 secs]
47.009: Total time for which application threads were stopped: 0.0020016 seconds, Stopping threads took: 0.0000202 seconds
47.078: [GC (Allocation Failure)  495012K->179278K(1035264K), 0.0042088 secs]
47.083: Total time for which application threads were stopped: 0.0043683 seconds, Stopping threads took: 0.0000196 seconds
47.149: [GC (Allocation Failure)  501326K->183422K(1034752K), 0.0042594 secs]
47.153: Total time for which application threads were stopped: 0.0044796 seconds, Stopping threads took: 0.0000198 seconds
47.220: [GC (Allocation Failure)  505208K->179516K(1035776K), 0.0030068 secs]
47.223: Total time for which application threads were stopped: 0.0031700 seconds, Stopping threads took: 0.0000205 seconds
47.293: [GC (Allocation Failure)  502588K->183518K(1035264K), 0.0043789 secs]
47.298: Total time for which application threads were stopped: 0.0045621 seconds, Stopping threads took: 0.0000212 seconds
47.367: [GC (Allocation Failure)  506590K->187518K(1035264K), 0.0039531 secs]
47.371: Total time for which application threads were stopped: 0.0041187 seconds, Stopping threads took: 0.0000194 seconds
47.440: [GC (Allocation Failure)  511102K->187518K(1035776K), 0.0041464 secs]
47.444: Total time for which application threads were stopped: 0.0043063 seconds, Stopping threads took: 0.0000199 seconds
47.512: [GC (Allocation Failure)  511102K->187582K(1034752K), 0.0043499 secs]
47.517: Total time for which application threads were stopped: 0.0045128 seconds, Stopping threads took: 0.0000205 seconds
47.585: [GC (Allocation Failure)  510142K->195552K(1035264K), 0.0041441 secs]
47.589: Total time for which application threads were stopped: 0.0043171 seconds, Stopping threads took: 0.0000251 seconds
47.656: [GC (Allocation Failure)  518112K->195552K(1034240K), 0.0040408 secs]
47.660: Total time for which application threads were stopped: 0.0042028 seconds, Stopping threads took: 0.0000203 seconds
47.727: [GC (Allocation Failure)  517088K->195592K(1034752K), 0.0042230 secs]
47.732: Total time for which application threads were stopped: 0.0044071 seconds, Stopping threads took: 0.0000195 seconds
47.799: [GC (Allocation Failure)  517128K->203595K(1033728K), 0.0046196 secs]
47.804: Total time for which application threads were stopped: 0.0047835 seconds, Stopping threads took: 0.0000291 seconds
47.872: [GC (Allocation Failure)  524107K->203563K(1034240K), 0.0041879 secs]
47.876: Total time for which application threads were stopped: 0.0043900 seconds, Stopping threads took: 0.0000230 seconds
47.945: [GC (Allocation Failure)  524075K->203819K(1034240K), 0.0058694 secs]
47.951: Total time for which application threads were stopped: 0.0060319 seconds, Stopping threads took: 0.0000256 seconds
48.016: [GC (Allocation Failure)  524331K->211661K(1034240K), 0.0042485 secs]
48.021: Total time for which application threads were stopped: 0.0044229 seconds, Stopping threads took: 0.0000199 seconds
48.087: [GC (Allocation Failure)  532173K->211629K(1034240K), 0.0041489 secs]
48.091: Total time for which application threads were stopped: 0.0043222 seconds, Stopping threads took: 0.0000194 seconds
48.160: [GC (Allocation Failure)  532141K->212037K(1020416K), 0.0043858 secs]
48.164: Total time for which application threads were stopped: 0.0045356 seconds, Stopping threads took: 0.0000179 seconds
48.231: [GC (Allocation Failure)  532549K->219655K(1033728K), 0.0044718 secs]
48.236: Total time for which application threads were stopped: 0.0046402 seconds, Stopping threads took: 0.0000198 seconds
48.303: [GC (Allocation Failure)  539143K->219655K(1033728K), 0.0039914 secs]
48.307: Total time for which application threads were stopped: 0.0041795 seconds, Stopping threads took: 0.0000213 seconds
48.373: [GC (Allocation Failure)  539143K->219783K(1033728K), 0.0042104 secs]
48.377: Total time for which application threads were stopped: 0.0043940 seconds, Stopping threads took: 0.0000290 seconds
48.447: [GC (Allocation Failure)  539271K->227689K(1033728K), 0.0041607 secs]
48.452: Total time for which application threads were stopped: 0.0043547 seconds, Stopping threads took: 0.0000212 seconds
48.519: [GC (Allocation Failure)  547176K->223783K(1034240K), 0.0028602 secs]
48.522: Total time for which application threads were stopped: 0.0030116 seconds, Stopping threads took: 0.0000196 seconds
48.590: [GC (Allocation Failure)  543783K->227849K(1033728K), 0.0042851 secs]
48.594: Total time for which application threads were stopped: 0.0044689 seconds, Stopping threads took: 0.0000196 seconds
48.662: [GC (Allocation Failure)  547849K->231817K(1034752K), 0.0043055 secs]
48.666: Total time for which application threads were stopped: 0.0044533 seconds, Stopping threads took: 0.0000175 seconds
48.736: [GC (Allocation Failure)  553353K->226087K(1034752K), 0.0018131 secs]
48.737: Total time for which application threads were stopped: 0.0019603 seconds, Stopping threads took: 0.0000278 seconds
48.806: [GC (Allocation Failure)  547623K->231913K(1035776K), 0.0041272 secs]
48.810: Total time for which application threads were stopped: 0.0043022 seconds, Stopping threads took: 0.0000270 seconds
48.880: [GC (Allocation Failure)  554473K->235953K(1034752K), 0.0047593 secs]
48.885: Total time for which application threads were stopped: 0.0049214 seconds, Stopping threads took: 0.0000201 seconds
48.953: [GC (Allocation Failure)  558251K->232047K(1035776K), 0.0030604 secs]
48.956: Total time for which application threads were stopped: 0.0032140 seconds, Stopping threads took: 0.0000184 seconds
49.024: [GC (Allocation Failure)  555119K->236105K(1035264K), 0.0045216 secs]
49.029: Total time for which application threads were stopped: 0.0046908 seconds, Stopping threads took: 0.0000198 seconds
49.096: [GC (Allocation Failure)  559177K->240105K(1035264K), 0.0042307 secs]
49.100: Total time for which application threads were stopped: 0.0044123 seconds, Stopping threads took: 0.0000199 seconds
49.168: [GC (Allocation Failure)  563689K->240073K(1035776K), 0.0039175 secs]
49.172: Total time for which application threads were stopped: 0.0040966 seconds, Stopping threads took: 0.0000206 seconds
49.239: [GC (Allocation Failure)  563657K->240137K(1034752K), 0.0043706 secs]
49.243: Total time for which application threads were stopped: 0.0045379 seconds, Stopping threads took: 0.0000199 seconds
49.311: [GC (Allocation Failure)  562697K->248140K(1035264K), 0.0041876 secs]
49.315: Total time for which application threads were stopped: 0.0043615 seconds, Stopping threads took: 0.0000282 seconds
49.382: [GC (Allocation Failure)  570700K->248140K(1034240K), 0.0042682 secs]
49.386: Total time for which application threads were stopped: 0.0044597 seconds, Stopping threads took: 0.0000194 seconds
49.455: [GC (Allocation Failure)  569676K->248172K(1034752K), 0.0044856 secs]
49.459: Total time for which application threads were stopped: 0.0046545 seconds, Stopping threads took: 0.0000202 seconds
49.525: [GC (Allocation Failure)  569708K->256142K(1033728K), 0.0041300 secs]
49.530: Total time for which application threads were stopped: 0.0043006 seconds, Stopping threads took: 0.0000209 seconds
49.598: [GC (Allocation Failure)  576654K->256142K(1034240K), 0.0040825 secs]
49.602: Total time for which application threads were stopped: 0.0042657 seconds, Stopping threads took: 0.0000204 seconds
49.668: [GC (Allocation Failure)  576654K->256390K(1034240K), 0.0044559 secs]
49.673: Total time for which application threads were stopped: 0.0046395 seconds, Stopping threads took: 0.0000209 seconds
49.739: [GC (Allocation Failure)  576902K->264168K(1034240K), 0.0043099 secs]
49.743: Total time for which application threads were stopped: 0.0044763 seconds, Stopping threads took: 0.0000259 seconds
49.810: [GC (Allocation Failure)  584680K->264136K(1034240K), 0.0071499 secs]
49.817: Total time for which application threads were stopped: 0.0073420 seconds, Stopping threads took: 0.0000202 seconds
49.885: [GC (Allocation Failure)  584648K->264616K(1020416K), 0.0043724 secs]
49.889: Total time for which application threads were stopped: 0.0045532 seconds, Stopping threads took: 0.0000169 seconds
49.959: [GC (Allocation Failure)  585128K->272235K(1033728K), 0.0042762 secs]
49.963: Total time for which application threads were stopped: 0.0044712 seconds, Stopping threads took: 0.0000196 seconds
50.032: [GC (Allocation Failure)  591723K->272235K(1033728K), 0.0042069 secs]
50.036: Total time for which application threads were stopped: 0.0043665 seconds, Stopping threads took: 0.0000263 seconds
50.101: [GC (Allocation Failure)  591723K->272323K(1033728K), 0.0045760 secs]
50.105: Total time for which application threads were stopped: 0.0047709 seconds, Stopping threads took: 0.0000202 seconds
50.174: [GC (Allocation Failure)  591811K->280261K(1033728K), 0.0063759 secs]
50.181: Total time for which application threads were stopped: 0.0065361 seconds, Stopping threads took: 0.0000175 seconds
50.248: [GC (Allocation Failure)  599747K->276355K(1034240K), 0.0030883 secs]
50.251: Total time for which application threads were stopped: 0.0032474 seconds, Stopping threads took: 0.0000265 seconds
50.319: [GC (Allocation Failure)  596355K->280397K(1033728K), 0.0046549 secs]
50.324: Total time for which application threads were stopped: 0.0048282 seconds, Stopping threads took: 0.0000220 seconds
50.391: [GC (Allocation Failure)  600397K->284333K(1034752K), 0.0043698 secs]
50.396: Total time for which application threads were stopped: 0.0045307 seconds, Stopping threads took: 0.0000218 seconds
50.463: [GC (Allocation Failure)  605869K->278603K(1034752K), 0.0020160 secs]
50.465: Total time for which application threads were stopped: 0.0021627 seconds, Stopping threads took: 0.0000200 seconds
50.535: [GC (Allocation Failure)  600139K->284437K(1035776K), 0.0041485 secs]
50.539: Total time for which application threads were stopped: 0.0043419 seconds, Stopping threads took: 0.0000198 seconds
50.609: [GC (Allocation Failure)  606997K->288541K(1034752K), 0.0046363 secs]
50.613: Total time for which application threads were stopped: 0.0048250 seconds, Stopping threads took: 0.0000177 seconds
50.682: [GC (Allocation Failure)  610838K->284603K(1035776K), 0.0030106 secs]
50.685: Total time for which application threads were stopped: 0.0031633 seconds, Stopping threads took: 0.0000258 seconds
50.754: [GC (Allocation Failure)  607675K->288669K(1035264K), 0.0044846 secs]
50.758: Total time for which application threads were stopped: 0.0046506 seconds, Stopping threads took: 0.0000275 seconds
50.826: [GC (Allocation Failure)  611741K->292605K(1035264K), 0.0041655 secs]
50.831: Total time for which application threads were stopped: 0.0043580 seconds, Stopping threads took: 0.0000293 seconds
50.899: [GC (Allocation Failure)  616189K->292605K(1035776K), 0.0041574 secs]
50.903: Total time for which application threads were stopped: 0.0043188 seconds, Stopping threads took: 0.0000204 seconds
50.970: [GC (Allocation Failure)  616189K->292701K(1034752K), 0.0046536 secs]
50.975: Total time for which application threads were stopped: 0.0048238 seconds, Stopping threads took: 0.0000203 seconds
51.044: [GC (Allocation Failure)  615261K->300671K(1035264K), 0.0042496 secs]
51.048: Total time for which application threads were stopped: 0.0044279 seconds, Stopping threads took: 0.0000199 seconds
51.115: [GC (Allocation Failure)  623231K->300703K(1034240K), 0.0042712 secs]
51.119: Total time for which application threads were stopped: 0.0044699 seconds, Stopping threads took: 0.0000201 seconds
51.188: [GC (Allocation Failure)  622239K->300743K(1034752K), 0.0042566 secs]
51.192: Total time for which application threads were stopped: 0.0044125 seconds, Stopping threads took: 0.0000198 seconds
51.258: [GC (Allocation Failure)  622279K->308745K(1033728K), 0.0042210 secs]
51.262: Total time for which application threads were stopped: 0.0043720 seconds, Stopping threads took: 0.0000186 seconds
51.330: [GC (Allocation Failure)  629257K->308713K(1034240K), 0.0041984 secs]
51.334: Total time for which application threads were stopped: 0.0043584 seconds, Stopping threads took: 0.0000204 seconds
51.402: [GC (Allocation Failure)  629225K->308969K(1034240K), 0.0043680 secs]
51.407: Total time for which application threads were stopped: 0.0045436 seconds, Stopping threads took: 0.0000202 seconds
51.472: [GC (Allocation Failure)  629481K->316780K(1034240K), 0.0044704 secs]
51.477: Total time for which application threads were stopped: 0.0046327 seconds, Stopping threads took: 0.0000201 seconds
51.543: [GC (Allocation Failure)  637292K->316780K(1034240K), 0.0042905 secs]
51.547: Total time for which application threads were stopped: 0.0044513 seconds, Stopping threads took: 0.0000199 seconds
51.614: [GC (Allocation Failure)  637292K->317156K(1020416K), 0.0046729 secs]
51.619: Total time for which application threads were stopped: 0.0048538 seconds, Stopping threads took: 0.0000198 seconds
51.688: [GC (Allocation Failure)  637668K->324806K(1033728K), 0.0044489 secs]
51.692: Total time for which application threads were stopped: 0.0046142 seconds, Stopping threads took: 0.0000195 seconds
51.760: [GC (Allocation Failure)  644294K->324806K(1033728K), 0.0043390 secs]
51.765: Total time for which application threads were stopped: 0.0045083 seconds, Stopping threads took: 0.0000202 seconds
51.830: [GC (Allocation Failure)  644294K->324894K(1033728K), 0.0045599 secs]
51.834: Total time for which application threads were stopped: 0.0047206 seconds, Stopping threads took: 0.0000200 seconds
51.902: [GC (Allocation Failure)  644382K->332800K(1033728K), 0.0044677 secs]
51.906: Total time for which application threads were stopped: 0.0046471 seconds, Stopping threads took: 0.0000212 seconds
51.976: [GC (Allocation Failure)  652286K->328894K(1034240K), 0.0032543 secs]
51.979: Total time for which application threads were stopped: 0.0034089 seconds, Stopping threads took: 0.0000175 seconds
52.047: [GC (Allocation Failure)  648894K->332960K(1033728K), 0.0046855 secs]
52.052: Total time for which application threads were stopped: 0.0048560 seconds, Stopping threads took: 0.0000205 seconds
52.118: [GC (Allocation Failure)  652960K->336928K(1034752K), 0.0045276 secs]
52.122: Total time for which application threads were stopped: 0.0046988 seconds, Stopping threads took: 0.0000207 seconds
52.191: [GC (Allocation Failure)  658464K->331166K(1034752K), 0.0022298 secs]
52.193: Total time for which application threads were stopped: 0.0024117 seconds, Stopping threads took: 0.0000217 seconds
52.264: [GC (Allocation Failure)  652702K->337024K(1035264K), 0.0043623 secs]
52.268: Total time for which application threads were stopped: 0.0045264 seconds, Stopping threads took: 0.0000263 seconds
52.335: [GC (Allocation Failure)  659072K->341104K(1034752K), 0.0048298 secs]
52.340: Total time for which application threads were stopped: 0.0049905 seconds, Stopping threads took: 0.0000201 seconds
52.406: [GC (Allocation Failure)  662890K->337198K(1035776K), 0.0034452 secs]
52.409: Total time for which application threads were stopped: 0.0036110 seconds, Stopping threads took: 0.0000200 seconds
52.477: [GC (Allocation Failure)  660270K->341224K(1035264K), 0.0048017 secs]
52.482: Total time for which application threads were stopped: 0.0049671 seconds, Stopping threads took: 0.0000218 seconds
52.549: [GC (Allocation Failure)  664296K->345224K(1035264K), 0.0044786 secs]
52.554: Total time for which application threads were stopped: 0.0046441 seconds, Stopping threads took: 0.0000197 seconds
52.622: [GC (Allocation Failure)  668808K->345192K(1035776K), 0.0043390 secs]
52.627: Total time for which application threads were stopped: 0.0045076 seconds, Stopping threads took: 0.0000200 seconds
52.694: [GC (Allocation Failure)  668776K->345256K(1034752K), 0.0043685 secs]
52.699: Total time for which application threads were stopped: 0.0045289 seconds, Stopping threads took: 0.0000196 seconds
52.767: [GC (Allocation Failure)  667816K->353226K(1035264K), 0.0064458 secs]
52.773: Total time for which application threads were stopped: 0.0066249 seconds, Stopping threads took: 0.0000269 seconds
52.840: [GC (Allocation Failure)  675786K->353258K(1034240K), 0.0045485 secs]
52.845: Total time for which application threads were stopped: 0.0047199 seconds, Stopping threads took: 0.0000204 seconds
52.913: [GC (Allocation Failure)  674794K->353282K(1034752K), 0.0048031 secs]
52.918: Total time for which application threads were stopped: 0.0049834 seconds, Stopping threads took: 0.0000268 seconds
52.986: [GC (Allocation Failure)  674818K->361253K(1033728K), 0.0046376 secs]
52.991: Total time for which application threads were stopped: 0.0048056 seconds, Stopping threads took: 0.0000203 seconds
53.060: [GC (Allocation Failure)  681765K->361253K(1034240K), 0.0045506 secs]
53.064: Total time for which application threads were stopped: 0.0047286 seconds, Stopping threads took: 0.0000289 seconds
53.132: [GC (Allocation Failure)  681765K->361509K(1034240K), 0.0046624 secs]
53.137: Total time for which application threads were stopped: 0.0048351 seconds, Stopping threads took: 0.0000258 seconds
53.204: [GC (Allocation Failure)  682021K->369319K(1034240K), 0.0044141 secs]
53.208: Total time for which application threads were stopped: 0.0045852 seconds, Stopping threads took: 0.0000198 seconds
53.275: [GC (Allocation Failure)  689831K->369287K(1034240K), 0.0043524 secs]
53.280: Total time for which application threads were stopped: 0.0045250 seconds, Stopping threads took: 0.0000261 seconds
53.347: [GC (Allocation Failure)  689799K->369767K(1020416K), 0.0046725 secs]
53.352: Total time for which application threads were stopped: 0.0048445 seconds, Stopping threads took: 0.0000196 seconds
53.421: [GC (Allocation Failure)  690279K->377353K(1033728K), 0.0045950 secs]
53.425: Total time for which application threads were stopped: 0.0047881 seconds, Stopping threads took: 0.0000193 seconds
53.494: [GC (Allocation Failure)  696841K->377321K(1033728K), 0.0043348 secs]
53.498: Total time for which application threads were stopped: 0.0045172 seconds, Stopping threads took: 0.0000209 seconds
53.563: [GC (Allocation Failure)  696809K->377449K(1033728K), 0.0046423 secs]
53.567: Total time for which application threads were stopped: 0.0048178 seconds, Stopping threads took: 0.0000207 seconds
53.635: [GC (Allocation Failure)  696937K->385387K(1033728K), 0.0044843 secs]
53.639: Total time for which application threads were stopped: 0.0046612 seconds, Stopping threads took: 0.0000217 seconds
53.706: [GC (Allocation Failure)  704874K->381449K(1034240K), 0.0031750 secs]
53.709: Total time for which application threads were stopped: 0.0033668 seconds, Stopping threads took: 0.0000202 seconds
53.779: [GC (Allocation Failure)  701449K->385515K(1033728K), 0.0046058 secs]
53.784: Total time for which application threads were stopped: 0.0047840 seconds, Stopping threads took: 0.0000287 seconds
53.850: [GC (Allocation Failure)  705515K->389451K(1034752K), 0.0045935 secs]
53.854: Total time for which application threads were stopped: 0.0047636 seconds, Stopping threads took: 0.0000205 seconds
53.922: [GC (Allocation Failure)  710987K->383753K(1034752K), 0.0023016 secs]
53.924: Total time for which application threads were stopped: 0.0024855 seconds, Stopping threads took: 0.0000401 seconds
53.993: [GC (Allocation Failure)  705289K->389539K(1035776K), 0.0043949 secs]
53.998: Total time for which application threads were stopped: 0.0045781 seconds, Stopping threads took: 0.0000176 seconds
54.068: [GC (Allocation Failure)  712099K->393651K(1034752K), 0.0048893 secs]
54.073: Total time for which application threads were stopped: 0.0050709 seconds, Stopping threads took: 0.0000173 seconds
54.140: [GC (Allocation Failure)  715949K->389713K(1035776K), 0.0034420 secs]
54.144: Total time for which application threads were stopped: 0.0036073 seconds, Stopping threads took: 0.0000197 seconds
54.211: [GC (Allocation Failure)  712785K->393779K(1035264K), 0.0047368 secs]
54.216: Total time for which application threads were stopped: 0.0049054 seconds, Stopping threads took: 0.0000200 seconds
54.283: [GC (Allocation Failure)  716851K->397747K(1035264K), 0.0044853 secs]
54.288: Total time for which application threads were stopped: 0.0046450 seconds, Stopping threads took: 0.0000206 seconds
54.356: [GC (Allocation Failure)  721331K->397747K(1035776K), 0.0044027 secs]
54.360: Total time for which application threads were stopped: 0.0045616 seconds, Stopping threads took: 0.0000199 seconds
54.426: [GC (Allocation Failure)  721331K->397819K(1034752K), 0.0046047 secs]
54.430: Total time for which application threads were stopped: 0.0047987 seconds, Stopping threads took: 0.0000200 seconds
54.500: [GC (Allocation Failure)  720379K->405790K(1035264K), 0.0045748 secs]
54.505: Total time for which application threads were stopped: 0.0047562 seconds, Stopping threads took: 0.0000172 seconds
54.571: [GC (Allocation Failure)  728350K->405758K(1034240K), 0.0066531 secs]
54.578: Total time for which application threads were stopped: 0.0068222 seconds, Stopping threads took: 0.0000201 seconds
54.647: [GC (Allocation Failure)  727294K->405830K(1034752K), 0.0049018 secs]
54.652: Total time for which application threads were stopped: 0.0050737 seconds, Stopping threads took: 0.0000200 seconds
54.720: [GC (Allocation Failure)  727366K->413864K(1033728K), 0.0044049 secs]
54.725: Total time for which application threads were stopped: 0.0045975 seconds, Stopping threads took: 0.0000197 seconds
54.795: [GC (Allocation Failure)  734376K->413864K(1034240K), 0.0042224 secs]
54.799: Total time for which application threads were stopped: 0.0043792 seconds, Stopping threads took: 0.0000260 seconds
54.867: [GC (Allocation Failure)  734376K->414088K(1034240K), 0.0046559 secs]
54.871: Total time for which application threads were stopped: 0.0048250 seconds, Stopping threads took: 0.0000205 seconds
54.938: [GC (Allocation Failure)  734600K->421898K(1034240K), 0.0056585 secs]
54.944: Total time for which application threads were stopped: 0.0058251 seconds, Stopping threads took: 0.0000193 seconds
55.010: [GC (Allocation Failure)  742410K->421834K(1034240K), 0.0044181 secs]
55.015: Total time for which application threads were stopped: 0.0045892 seconds, Stopping threads took: 0.0000201 seconds
55.082: [GC (Allocation Failure)  742346K->422314K(1020416K), 0.0047972 secs]
55.087: Total time for which application threads were stopped: 0.0049678 seconds, Stopping threads took: 0.0000210 seconds
55.154: [GC (Allocation Failure)  742826K->429901K(1033728K), 0.0045239 secs]
55.159: Total time for which application threads were stopped: 0.0046891 seconds, Stopping threads took: 0.0000206 seconds
55.226: [GC (Allocation Failure)  749389K->429933K(1033728K), 0.0055551 secs]
55.232: Total time for which application threads were stopped: 0.0057165 seconds, Stopping threads took: 0.0000213 seconds
55.298: [GC (Allocation Failure)  749421K->430029K(1033728K), 0.0047083 secs]
55.303: Total time for which application threads were stopped: 0.0048818 seconds, Stopping threads took: 0.0000262 seconds
55.371: [GC (Allocation Failure)  749517K->437967K(1033728K), 0.0047041 secs]
55.376: Total time for which application threads were stopped: 0.0048772 seconds, Stopping threads took: 0.0000214 seconds
55.444: [GC (Allocation Failure)  757453K->433997K(1034240K), 0.0035469 secs]
55.448: Total time for which application threads were stopped: 0.0037137 seconds, Stopping threads took: 0.0000199 seconds
55.515: [GC (Allocation Failure)  753997K->438095K(1033728K), 0.0048515 secs]
55.520: Total time for which application threads were stopped: 0.0050201 seconds, Stopping threads took: 0.0000208 seconds
55.588: [GC (Allocation Failure)  758095K->442063K(1034752K), 0.0045617 secs]
55.593: Total time for which application threads were stopped: 0.0047330 seconds, Stopping threads took: 0.0000201 seconds
55.662: [GC (Allocation Failure)  763599K->436301K(1034752K), 0.0025499 secs]
55.665: Total time for which application threads were stopped: 0.0026826 seconds, Stopping threads took: 0.0000176 seconds
55.734: [GC (Allocation Failure)  757837K->442135K(1035776K), 0.0046427 secs]
55.739: Total time for which application threads were stopped: 0.0048337 seconds, Stopping threads took: 0.0000195 seconds
55.808: [GC (Allocation Failure)  764695K->446215K(1034752K), 0.0047823 secs]
55.813: Total time for which application threads were stopped: 0.0049384 seconds, Stopping threads took: 0.0000167 seconds
55.880: [GC (Allocation Failure)  768512K->442309K(1035776K), 0.0036352 secs]
55.884: Total time for which application threads were stopped: 0.0038028 seconds, Stopping threads took: 0.0000202 seconds
55.952: [GC (Allocation Failure)  765381K->446375K(1035264K), 0.0047087 secs]
55.957: Total time for which application threads were stopped: 0.0048555 seconds, Stopping threads took: 0.0000139 seconds
56.025: [GC (Allocation Failure)  769447K->450343K(1035264K), 0.0053236 secs]
56.030: Total time for which application threads were stopped: 0.0054916 seconds, Stopping threads took: 0.0000201 seconds
56.099: [GC (Allocation Failure)  773927K->450343K(1035776K), 0.0045487 secs]
56.104: Total time for which application threads were stopped: 0.0047226 seconds, Stopping threads took: 0.0000206 seconds
56.169: [GC (Allocation Failure)  773927K->450407K(1034752K), 0.0047391 secs]
56.174: Total time for which application threads were stopped: 0.0049175 seconds, Stopping threads took: 0.0000221 seconds
56.244: [GC (Allocation Failure)  772967K->458345K(1035264K), 0.0053643 secs]
56.249: Total time for which application threads were stopped: 0.0055438 seconds, Stopping threads took: 0.0000268 seconds
56.316: [GC (Allocation Failure)  780905K->458377K(1034240K), 0.0046152 secs]
56.321: Total time for which application threads were stopped: 0.0048090 seconds, Stopping threads took: 0.0000204 seconds
56.389: [GC (Allocation Failure)  779913K->458441K(1034752K), 0.0045854 secs]
56.393: Total time for which application threads were stopped: 0.0047530 seconds, Stopping threads took: 0.0000197 seconds
56.460: [GC (Allocation Failure)  779977K->466443K(1033728K), 0.0047248 secs]
56.465: Total time for which application threads were stopped: 0.0048960 seconds, Stopping threads took: 0.0000202 seconds
56.533: [GC (Allocation Failure)  786955K->466411K(1034240K), 0.0045154 secs]
56.537: Total time for which application threads were stopped: 0.0046838 seconds, Stopping threads took: 0.0000197 seconds
56.604: [GC (Allocation Failure)  786923K->466659K(1034240K), 0.0049104 secs]
56.609: Total time for which application threads were stopped: 0.0050704 seconds, Stopping threads took: 0.0000200 seconds
56.676: [GC (Allocation Failure)  787171K->474438K(1034240K), 0.0048151 secs]
56.681: Total time for which application threads were stopped: 0.0049766 seconds, Stopping threads took: 0.0000201 seconds
56.747: [GC (Allocation Failure)  794950K->474438K(1034240K), 0.0045039 secs]
56.752: Total time for which application threads were stopped: 0.0046785 seconds, Stopping threads took: 0.0000253 seconds
56.818: [GC (Allocation Failure)  794950K->474886K(1020416K), 0.0065646 secs]
56.825: Total time for which application threads were stopped: 0.0067265 seconds, Stopping threads took: 0.0000251 seconds
56.892: [GC (Allocation Failure)  795398K->482472K(1033728K), 0.0047355 secs]
56.897: Total time for which application threads were stopped: 0.0048950 seconds, Stopping threads took: 0.0000196 seconds
56.967: [GC (Allocation Failure)  801960K->482504K(1033728K), 0.0047015 secs]
56.972: Total time for which application threads were stopped: 0.0048719 seconds, Stopping threads took: 0.0000203 seconds
57.037: [GC (Allocation Failure)  801992K->482600K(1033728K), 0.0045987 secs]
57.042: Total time for which application threads were stopped: 0.0047849 seconds, Stopping threads took: 0.0000211 seconds
57.110: [GC (Allocation Failure)  802088K->490506K(1033728K), 0.0047406 secs]
57.114: Total time for which application threads were stopped: 0.0049099 seconds, Stopping threads took: 0.0000209 seconds
57.181: [GC (Allocation Failure)  809992K->486600K(1034240K), 0.0035665 secs]
57.185: Total time for which application threads were stopped: 0.0037366 seconds, Stopping threads took: 0.0000206 seconds
57.253: [GC (Allocation Failure)  806600K->490594K(1033728K), 0.0055416 secs]
57.258: Total time for which application threads were stopped: 0.0057157 seconds, Stopping threads took: 0.0000265 seconds
57.324: [GC (Allocation Failure)  810594K->494626K(1034752K), 0.0047754 secs]
57.329: Total time for which application threads were stopped: 0.0049434 seconds, Stopping threads took: 0.0000205 seconds
57.398: [GC (Allocation Failure)  816162K->488896K(1034752K), 0.0026175 secs]
57.400: Total time for which application threads were stopped: 0.0027722 seconds, Stopping threads took: 0.0000276 seconds
57.468: [GC (Allocation Failure)  810432K->494730K(1035264K), 0.0046649 secs]
57.473: Total time for which application threads were stopped: 0.0048352 seconds, Stopping threads took: 0.0000199 seconds
57.541: [GC (Allocation Failure)  816778K->498778K(1034752K), 0.0051484 secs]
57.546: Total time for which application threads were stopped: 0.0053244 seconds, Stopping threads took: 0.0000205 seconds
57.612: [GC (Allocation Failure)  820564K->494872K(1035776K), 0.0038125 secs]
57.616: Total time for which application threads were stopped: 0.0039815 seconds, Stopping threads took: 0.0000205 seconds
57.684: [GC (Allocation Failure)  817944K->498938K(1035264K), 0.0047748 secs]
57.689: Total time for which application threads were stopped: 0.0049395 seconds, Stopping threads took: 0.0000203 seconds
57.757: [GC (Allocation Failure)  822010K->502938K(1035264K), 0.0046829 secs]
57.762: Total time for which application threads were stopped: 0.0048557 seconds, Stopping threads took: 0.0000286 seconds
57.831: [GC (Allocation Failure)  826522K->502874K(1035776K), 0.0053481 secs]
57.836: Total time for which application threads were stopped: 0.0055200 seconds, Stopping threads took: 0.0000204 seconds
57.905: [GC (Allocation Failure)  826458K->502978K(1034752K), 0.0049989 secs]
57.911: Total time for which application threads were stopped: 0.0051757 seconds, Stopping threads took: 0.0000224 seconds
57.979: [GC (Allocation Failure)  825538K->510948K(1035264K), 0.0047752 secs]
57.984: Total time for which application threads were stopped: 0.0049259 seconds, Stopping threads took: 0.0000174 seconds
58.051: [GC (Allocation Failure)  833508K->510948K(1034240K), 0.0047956 secs]
58.056: Total time for which application threads were stopped: 0.0049759 seconds, Stopping threads took: 0.0000198 seconds
58.123: [GC (Allocation Failure)  832484K->511012K(1034752K), 0.0048041 secs]
58.128: Total time for which application threads were stopped: 0.0050206 seconds, Stopping threads took: 0.0000260 seconds
58.196: [GC (Allocation Failure)  832548K->519015K(1033728K), 0.0047932 secs]
58.201: Total time for which application threads were stopped: 0.0049420 seconds, Stopping threads took: 0.0000170 seconds
58.270: [GC (Allocation Failure)  839527K->518983K(1034240K), 0.0046254 secs]
58.275: Total time for which application threads were stopped: 0.0048023 seconds, Stopping threads took: 0.0000279 seconds
58.342: [GC (Allocation Failure)  839495K->519239K(1034240K), 0.0046965 secs]
58.347: Total time for which application threads were stopped: 0.0048588 seconds, Stopping threads took: 0.0000166 seconds
58.412: [GC (Allocation Failure)  839751K->527049K(1034240K), 0.0048607 secs]
58.417: Total time for which application threads were stopped: 0.0050398 seconds, Stopping threads took: 0.0000202 seconds
58.483: [GC (Allocation Failure)  847561K->527017K(1034240K), 0.0048499 secs]
58.488: Total time for which application threads were stopped: 0.0050137 seconds, Stopping threads took: 0.0000210 seconds
58.555: [GC (Allocation Failure)  847529K->527433K(1020416K), 0.0048906 secs]
58.560: Total time for which application threads were stopped: 0.0050552 seconds, Stopping threads took: 0.0000205 seconds
58.627: [GC (Allocation Failure)  847945K->535051K(1033728K), 0.0048929 secs]
58.631: Total time for which application threads were stopped: 0.0050560 seconds, Stopping threads took: 0.0000210 seconds
58.698: [GC (Allocation Failure)  854539K->535051K(1033728K), 0.0047070 secs]
58.703: Total time for which application threads were stopped: 0.0048742 seconds, Stopping threads took: 0.0000203 seconds
58.768: [GC (Allocation Failure)  854539K->535179K(1033728K), 0.0048811 secs]
58.773: Total time for which application threads were stopped: 0.0050439 seconds, Stopping threads took: 0.0000203 seconds
58.840: [GC (Allocation Failure)  854667K->543117K(1033728K), 0.0047786 secs]
58.845: Total time for which application threads were stopped: 0.0049359 seconds, Stopping threads took: 0.0000196 seconds
58.913: [GC (Allocation Failure)  862604K->539179K(1034240K), 0.0036233 secs]
58.917: Total time for which application threads were stopped: 0.0037981 seconds, Stopping threads took: 0.0000202 seconds
58.986: [GC (Allocation Failure)  859179K->543245K(1033728K), 0.0051679 secs]
58.991: Total time for which application threads were stopped: 0.0053362 seconds, Stopping threads took: 0.0000209 seconds
59.058: [GC (Allocation Failure)  863245K->547213K(1034752K), 0.0048910 secs]
59.063: Total time for which application threads were stopped: 0.0050602 seconds, Stopping threads took: 0.0000196 seconds
59.130: [GC (Allocation Failure)  868749K->541451K(1034752K), 0.0026202 secs]
59.133: Total time for which application threads were stopped: 0.0027733 seconds, Stopping threads took: 0.0000192 seconds
59.201: [GC (Allocation Failure)  862987K->547285K(1035776K), 0.0048200 secs]
59.206: Total time for which application threads were stopped: 0.0049895 seconds, Stopping threads took: 0.0000204 seconds
59.275: [GC (Allocation Failure)  869845K->551365K(1034752K), 0.0050042 secs]
59.280: Total time for which application threads were stopped: 0.0051613 seconds, Stopping threads took: 0.0000268 seconds
59.347: [GC (Allocation Failure)  873663K->547459K(1035776K), 0.0038359 secs]
59.351: Total time for which application threads were stopped: 0.0039924 seconds, Stopping threads took: 0.0000197 seconds
59.421: [GC (Allocation Failure)  870531K->551525K(1035264K), 0.0050685 secs]
59.426: Total time for which application threads were stopped: 0.0052389 seconds, Stopping threads took: 0.0000197 seconds
59.493: [GC (Allocation Failure)  874597K->555461K(1035264K), 0.0047442 secs]
59.498: Total time for which application threads were stopped: 0.0049055 seconds, Stopping threads took: 0.0000205 seconds
59.568: [GC (Allocation Failure)  879045K->555493K(1035776K), 0.0047122 secs]
59.572: Total time for which application threads were stopped: 0.0048656 seconds, Stopping threads took: 0.0000190 seconds
59.639: [GC (Allocation Failure)  879077K->555565K(1034752K), 0.0048437 secs]
59.644: Total time for which application threads were stopped: 0.0049929 seconds, Stopping threads took: 0.0000174 seconds
59.714: [GC (Allocation Failure)  878125K->563568K(1035264K), 0.0048793 secs]
59.719: Total time for which application threads were stopped: 0.0050379 seconds, Stopping threads took: 0.0000193 seconds
59.788: [GC (Allocation Failure)  886128K->563568K(1034240K), 0.0047377 secs]
59.793: Total time for which application threads were stopped: 0.0049152 seconds, Stopping threads took: 0.0000277 seconds
59.860: [GC (Allocation Failure)  885104K->563608K(1034752K), 0.0048341 secs]
59.865: Total time for which application threads were stopped: 0.0050056 seconds, Stopping threads took: 0.0000207 seconds
59.931: [GC (Allocation Failure)  885144K->571578K(1033728K), 0.0061598 secs]
59.938: Total time for which application threads were stopped: 0.0063731 seconds, Stopping threads took: 0.0000255 seconds
60.006: [GC (Allocation Failure)  892090K->571578K(1034240K), 0.0047187 secs]
60.011: Total time for which application threads were stopped: 0.0048904 seconds, Stopping threads took: 0.0000214 seconds
60.079: [GC (Allocation Failure)  892090K->571842K(1034240K), 0.0050506 secs]
60.084: Total time for which application threads were stopped: 0.0052230 seconds, Stopping threads took: 0.0000210 seconds
60.151: [GC (Allocation Failure)  892354K->579652K(1034240K), 0.0047910 secs]
60.156: Total time for which application threads were stopped: 0.0049606 seconds, Stopping threads took: 0.0000195 seconds
60.223: [GC (Allocation Failure)  900164K->579620K(1034240K), 0.0050085 secs]
60.228: Total time for which application threads were stopped: 0.0051869 seconds, Stopping threads took: 0.0000200 seconds
60.296: [GC (Allocation Failure)  900132K->580036K(1020416K), 0.0050537 secs]
60.301: Total time for which application threads were stopped: 0.0052265 seconds, Stopping threads took: 0.0000257 seconds
60.368: [GC (Allocation Failure)  900548K->587655K(1033728K), 0.0047442 secs]
60.373: Total time for which application threads were stopped: 0.0049069 seconds, Stopping threads took: 0.0000201 seconds
60.440: [GC (Allocation Failure)  907143K->587687K(1033728K), 0.0050228 secs]
60.445: Total time for which application threads were stopped: 0.0052146 seconds, Stopping threads took: 0.0000200 seconds
60.511: [GC (Allocation Failure)  907175K->587783K(1033728K), 0.0051517 secs]
60.516: Total time for which application threads were stopped: 0.0053101 seconds, Stopping threads took: 0.0000177 seconds
60.583: [GC (Allocation Failure)  907271K->595689K(1033728K), 0.0047626 secs]
60.588: Total time for which application threads were stopped: 0.0049343 seconds, Stopping threads took: 0.0000209 seconds
60.654: [GC (Allocation Failure)  915175K->591783K(1034240K), 0.0038948 secs]
60.658: Total time for which application threads were stopped: 0.0040715 seconds, Stopping threads took: 0.0000199 seconds
60.728: [GC (Allocation Failure)  911783K->595841K(1033728K), 0.0051764 secs]
60.733: Total time for which application threads were stopped: 0.0053459 seconds, Stopping threads took: 0.0000220 seconds
60.800: [GC (Allocation Failure)  915841K->599841K(1034752K), 0.0048629 secs]
60.805: Total time for which application threads were stopped: 0.0050464 seconds, Stopping threads took: 0.0000204 seconds
60.873: [GC (Allocation Failure)  921377K->594079K(1034752K), 0.0028265 secs]
60.876: Total time for which application threads were stopped: 0.0030169 seconds, Stopping threads took: 0.0000518 seconds
60.946: [GC (Allocation Failure)  915615K->599841K(1035776K), 0.0061698 secs]
60.952: Total time for which application threads were stopped: 0.0063415 seconds, Stopping threads took: 0.0000271 seconds
61.022: [GC (Allocation Failure)  922401K->603977K(1034752K), 0.0049978 secs]
61.027: Total time for which application threads were stopped: 0.0051933 seconds, Stopping threads took: 0.0000318 seconds
61.094: [GC (Allocation Failure)  926274K->600039K(1035776K), 0.0038691 secs]
61.098: Total time for which application threads were stopped: 0.0040567 seconds, Stopping threads took: 0.0000174 seconds
61.166: [GC (Allocation Failure)  923111K->604105K(1035264K), 0.0049812 secs]
61.171: Total time for which application threads were stopped: 0.0051428 seconds, Stopping threads took: 0.0000198 seconds
61.238: [GC (Allocation Failure)  927177K->608105K(1035264K), 0.0048728 secs]
61.243: Total time for which application threads were stopped: 0.0050350 seconds, Stopping threads took: 0.0000202 seconds
61.313: [GC (Allocation Failure)  931689K->608073K(1035776K), 0.0046628 secs]
61.318: Total time for which application threads were stopped: 0.0048333 seconds, Stopping threads took: 0.0000274 seconds
61.384: [GC (Allocation Failure)  931657K->608137K(1034752K), 0.0050748 secs]
61.389: Total time for which application threads were stopped: 0.0052523 seconds, Stopping threads took: 0.0000256 seconds
61.459: [GC (Allocation Failure)  930697K->616139K(1035264K), 0.0050491 secs]
61.464: Total time for which application threads were stopped: 0.0052183 seconds, Stopping threads took: 0.0000192 seconds
61.530: [GC (Allocation Failure)  938699K->616107K(1034240K), 0.0050530 secs]
61.535: Total time for which application threads were stopped: 0.0052120 seconds, Stopping threads took: 0.0000192 seconds
61.602: [GC (Allocation Failure)  937643K->616171K(1034752K), 0.0050733 secs]
61.607: Total time for which application threads were stopped: 0.0052197 seconds, Stopping threads took: 0.0000197 seconds
61.674: [GC (Allocation Failure)  937707K->624141K(1033728K), 0.0050400 secs]
61.679: Total time for which application threads were stopped: 0.0051882 seconds, Stopping threads took: 0.0000168 seconds
61.747: [GC (Allocation Failure)  944653K->624141K(1034240K), 0.0047921 secs]
61.752: Total time for which application threads were stopped: 0.0049579 seconds, Stopping threads took: 0.0000202 seconds
61.818: [GC (Allocation Failure)  944653K->624389K(1034240K), 0.0051767 secs]
61.823: Total time for which application threads were stopped: 0.0053447 seconds, Stopping threads took: 0.0000204 seconds
61.889: [GC (Allocation Failure)  944901K->632200K(1034240K), 0.0048948 secs]
61.894: Total time for which application threads were stopped: 0.0050637 seconds, Stopping threads took: 0.0000205 seconds
61.961: [GC (Allocation Failure)  952712K->632168K(1034240K), 0.0049173 secs]
61.966: Total time for which application threads were stopped: 0.0050658 seconds, Stopping threads took: 0.0000165 seconds
62.033: [GC (Allocation Failure)  952680K->632584K(1020416K), 0.0050270 secs]
62.038: Total time for which application threads were stopped: 0.0052038 seconds, Stopping threads took: 0.0000203 seconds
62.106: [GC (Allocation Failure)  953096K->640202K(1033728K), 0.0048127 secs]
62.111: Total time for which application threads were stopped: 0.0049878 seconds, Stopping threads took: 0.0000282 seconds
62.179: [GC (Allocation Failure)  959690K->640202K(1033728K), 0.0052651 secs]
62.185: Total time for which application threads were stopped: 0.0054354 seconds, Stopping threads took: 0.0000233 seconds
62.251: [GC (Allocation Failure)  959690K->640298K(1033728K), 0.0053101 secs]
62.256: Total time for which application threads were stopped: 0.0054806 seconds, Stopping threads took: 0.0000207 seconds
62.323: [GC (Allocation Failure)  959786K->648236K(1033728K), 0.0050705 secs]
62.328: Total time for which application threads were stopped: 0.0052333 seconds, Stopping threads took: 0.0000214 seconds
62.396: [GC (Allocation Failure)  967722K->644298K(1034240K), 0.0039964 secs]
62.400: Total time for which application threads were stopped: 0.0041639 seconds, Stopping threads took: 0.0000208 seconds
62.470: [GC (Allocation Failure)  964298K->648388K(1033728K), 0.0050754 secs]
62.475: Total time for which application threads were stopped: 0.0052335 seconds, Stopping threads took: 0.0000203 seconds
62.542: [GC (Allocation Failure)  968388K->652356K(1034752K), 0.0050718 secs]
62.547: Total time for which application threads were stopped: 0.0052389 seconds, Stopping threads took: 0.0000206 seconds
62.614: [GC (Allocation Failure)  973892K->646594K(1034752K), 0.0030900 secs]
62.618: Total time for which application threads were stopped: 0.0032544 seconds, Stopping threads took: 0.0000197 seconds
62.685: [GC (Allocation Failure)  968130K->652460K(1035264K), 0.0049655 secs]
62.690: Total time for which application threads were stopped: 0.0051324 seconds, Stopping threads took: 0.0000194 seconds
62.756: [GC (Allocation Failure)  974508K->656532K(1034752K), 0.0052388 secs]
62.761: Total time for which application threads were stopped: 0.0053983 seconds, Stopping threads took: 0.0000268 seconds
62.827: [GC (Allocation Failure)  978318K->652594K(1035776K), 0.0042012 secs]
62.831: Total time for which application threads were stopped: 0.0043918 seconds, Stopping threads took: 0.0000196 seconds
62.898: [GC (Allocation Failure)  975666K->656668K(1035264K), 0.0051951 secs]
62.903: Total time for which application threads were stopped: 0.0053553 seconds, Stopping threads took: 0.0000196 seconds
62.973: [GC (Allocation Failure)  979740K->660668K(1035264K), 0.0050936 secs]
62.978: Total time for which application threads were stopped: 0.0052613 seconds, Stopping threads took: 0.0000200 seconds
63.047: [GC (Allocation Failure)  984252K->660604K(1035776K), 0.0049191 secs]
63.052: Total time for which application threads were stopped: 0.0050792 seconds, Stopping threads took: 0.0000208 seconds
63.120: [GC (Allocation Failure)  984188K->660700K(1034752K), 0.0052903 secs]
63.125: Total time for which application threads were stopped: 0.0054634 seconds, Stopping threads took: 0.0000206 seconds
63.193: [GC (Allocation Failure)  983260K->668702K(1035264K), 0.0050279 secs]
63.198: Total time for which application threads were stopped: 0.0051996 seconds, Stopping threads took: 0.0000203 seconds
63.265: [GC (Allocation Failure)  991262K->668702K(1034240K), 0.0051277 secs]
63.271: Total time for which application threads were stopped: 0.0053117 seconds, Stopping threads took: 0.0000259 seconds
63.338: [GC (Allocation Failure)  990238K->668734K(1034752K), 0.0051130 secs]
63.343: Total time for which application threads were stopped: 0.0052780 seconds, Stopping threads took: 0.0000210 seconds
63.409: [GC (Allocation Failure)  990270K->676737K(1033728K), 0.0050722 secs]
63.414: Total time for which application threads were stopped: 0.0052603 seconds, Stopping threads took: 0.0000208 seconds
63.484: [GC (Allocation Failure)  997249K->676705K(1034240K), 0.0049359 secs]
63.489: Total time for which application threads were stopped: 0.0051116 seconds, Stopping threads took: 0.0000201 seconds
63.556: [GC (Allocation Failure)  997217K->676969K(1034240K), 0.0051549 secs]
63.561: Total time for which application threads were stopped: 0.0053156 seconds, Stopping threads took: 0.0000202 seconds
63.628: [GC (Allocation Failure)  997481K->684747K(1034240K), 0.0051221 secs]
63.634: Total time for which application threads were stopped: 0.0052915 seconds, Stopping threads took: 0.0000201 seconds
63.702: [GC (Allocation Failure)  1005259K->684715K(1034240K), 0.0051074 secs]
63.707: Total time for which application threads were stopped: 0.0052777 seconds, Stopping threads took: 0.0000207 seconds
63.775: [GC (Allocation Failure)  1005227K->685187K(1020416K), 0.0051384 secs]
63.780: Total time for which application threads were stopped: 0.0053085 seconds, Stopping threads took: 0.0000269 seconds
63.848: [GC (Allocation Failure)  1005699K->692805K(1033728K), 0.0052301 secs]
63.853: Total time for which application threads were stopped: 0.0053949 seconds, Stopping threads took: 0.0000216 seconds
63.921: [GC (Allocation Failure)  1012293K->692773K(1033728K), 0.0103372 secs]
63.931: Total time for which application threads were stopped: 0.0105123 seconds, Stopping threads took: 0.0000199 seconds
63.997: [GC (Allocation Failure)  1012261K->692901K(1033728K), 0.0053267 secs]
64.003: [Full GC (Ergonomics)  692901K->8567K(1033728K), 0.0135724 secs]
64.016: Total time for which application threads were stopped: 0.0191461 seconds, Stopping threads took: 0.0000175 seconds
64.085: [GC (Allocation Failure)  328055K->16665K(1033728K), 0.0038043 secs]
64.088: Total time for which application threads were stopped: 0.0039613 seconds, Stopping threads took: 0.0000203 seconds
64.156: [GC (Allocation Failure)  336152K->12783K(1034240K), 0.0023696 secs]
64.159: Total time for which application threads were stopped: 0.0025291 seconds, Stopping threads took: 0.0000197 seconds
64.226: [GC (Allocation Failure)  332783K->16857K(1033728K), 0.0040800 secs]
64.230: Total time for which application threads were stopped: 0.0042576 seconds, Stopping threads took: 0.0000198 seconds
64.296: [GC (Allocation Failure)  336857K->20825K(1034752K), 0.0036919 secs]
64.300: Total time for which application threads were stopped: 0.0038650 seconds, Stopping threads took: 0.0000262 seconds
64.367: [GC (Allocation Failure)  342361K->15063K(1034752K), 0.0014628 secs]
64.369: Total time for which application threads were stopped: 0.0015921 seconds, Stopping threads took: 0.0000201 seconds
64.438: [GC (Allocation Failure)  336599K->20889K(1035776K), 0.0038513 secs]
64.442: Total time for which application threads were stopped: 0.0040179 seconds, Stopping threads took: 0.0000195 seconds
64.510: [GC (Allocation Failure)  343449K->24929K(1034752K), 0.0042348 secs]
64.514: Total time for which application threads were stopped: 0.0044020 seconds, Stopping threads took: 0.0000201 seconds
64.581: [GC (Allocation Failure)  347227K->21055K(1035776K), 0.0025951 secs]
64.583: Total time for which application threads were stopped: 0.0027665 seconds, Stopping threads took: 0.0000221 seconds
64.651: [GC (Allocation Failure)  344127K->25121K(1035264K), 0.0041416 secs]
64.655: Total time for which application threads were stopped: 0.0043056 seconds, Stopping threads took: 0.0000210 seconds
64.724: [GC (Allocation Failure)  348193K->29121K(1035264K), 0.0038726 secs]
64.728: Total time for which application threads were stopped: 0.0040438 seconds, Stopping threads took: 0.0000200 seconds
64.797: [GC (Allocation Failure)  352705K->29057K(1035776K), 0.0034417 secs]
64.800: Total time for which application threads were stopped: 0.0036199 seconds, Stopping threads took: 0.0000288 seconds
64.866: [GC (Allocation Failure)  352641K->29145K(1034752K), 0.0046176 secs]
64.871: Total time for which application threads were stopped: 0.0047901 seconds, Stopping threads took: 0.0000202 seconds
64.940: [GC (Allocation Failure)  351705K->37083K(1035264K), 0.0044942 secs]
64.944: Total time for which application threads were stopped: 0.0046585 seconds, Stopping threads took: 0.0000279 seconds
65.011: [GC (Allocation Failure)  359643K->37115K(1034240K), 0.0037430 secs]
65.015: Total time for which application threads were stopped: 0.0039121 seconds, Stopping threads took: 0.0000201 seconds
65.082: [GC (Allocation Failure)  358651K->37179K(1034752K), 0.0041328 secs]
65.087: Total time for which application threads were stopped: 0.0043006 seconds, Stopping threads took: 0.0000201 seconds
65.153: [GC (Allocation Failure)  358715K->45150K(1034752K), 0.0038332 secs]
65.157: Total time for which application threads were stopped: 0.0039972 seconds, Stopping threads took: 0.0000193 seconds
65.225: [GC (Allocation Failure)  366686K->45182K(1029120K), 0.0035175 secs]
65.228: Total time for which application threads were stopped: 0.0036945 seconds, Stopping threads took: 0.0000201 seconds
65.294: [GC (Allocation Failure)  366718K->45374K(1034240K), 0.0039388 secs]
65.298: Total time for which application threads were stopped: 0.0041017 seconds, Stopping threads took: 0.0000209 seconds
65.366: [GC (Allocation Failure)  365886K->53216K(1034240K), 0.0037561 secs]
65.370: Total time for which application threads were stopped: 0.0039503 seconds, Stopping threads took: 0.0000192 seconds
65.438: [GC (Allocation Failure)  373728K->53184K(1034240K), 0.0035737 secs]
65.442: Total time for which application threads were stopped: 0.0037333 seconds, Stopping threads took: 0.0000192 seconds
65.509: [GC (Allocation Failure)  373696K->53640K(1020416K), 0.0038702 secs]
65.513: Total time for which application threads were stopped: 0.0040412 seconds, Stopping threads took: 0.0000203 seconds
65.579: [GC (Allocation Failure)  374152K->61226K(1033728K), 0.0039326 secs]
65.583: Total time for which application threads were stopped: 0.0041366 seconds, Stopping threads took: 0.0000229 seconds
65.650: [GC (Allocation Failure)  380714K->61226K(1033728K), 0.0040042 secs]
65.654: Total time for which application threads were stopped: 0.0041846 seconds, Stopping threads took: 0.0000232 seconds
65.721: [GC (Allocation Failure)  380714K->61386K(1033728K), 0.0039918 secs]
65.725: Total time for which application threads were stopped: 0.0041788 seconds, Stopping threads took: 0.0000213 seconds
65.793: [GC (Allocation Failure)  380874K->69293K(1033728K), 0.0037735 secs]
65.797: Total time for which application threads were stopped: 0.0039442 seconds, Stopping threads took: 0.0000273 seconds
65.865: [GC (Allocation Failure)  388781K->69293K(1033728K), 0.0038135 secs]
65.869: Total time for which application threads were stopped: 0.0040059 seconds, Stopping threads took: 0.0000201 seconds
65.937: [GC (Allocation Failure)  388781K->69325K(1033728K), 0.0038886 secs]
65.941: Total time for which application threads were stopped: 0.0040798 seconds, Stopping threads took: 0.0000254 seconds
66.010: [GC (Allocation Failure)  388813K->77327K(1032704K), 0.0039442 secs]
66.014: Total time for which application threads were stopped: 0.0041104 seconds, Stopping threads took: 0.0000197 seconds
66.081: [GC (Allocation Failure)  395791K->71725K(1033216K), 0.0016485 secs]
66.082: Total time for which application threads were stopped: 0.0017923 seconds, Stopping threads took: 0.0000213 seconds
66.152: [GC (Allocation Failure)  390189K->77551K(1034240K), 0.0041985 secs]
66.156: Total time for which application threads were stopped: 0.0043717 seconds, Stopping threads took: 0.0000213 seconds
66.223: [GC (Allocation Failure)  397551K->81471K(1033728K), 0.0041667 secs]
66.227: Total time for which application threads were stopped: 0.0043373 seconds, Stopping threads took: 0.0000206 seconds
66.293: [GC (Allocation Failure)  401471K->87325K(1030144K), 0.0064255 secs]
66.300: Total time for which application threads were stopped: 0.0066153 seconds, Stopping threads took: 0.0000286 seconds
66.368: [GC (Allocation Failure)  403741K->81599K(1032192K), 0.0037970 secs]
66.371: Total time for which application threads were stopped: 0.0039899 seconds, Stopping threads took: 0.0000195 seconds
66.438: [GC (Allocation Failure)  398015K->81471K(1032704K), 0.0039437 secs]
66.442: Total time for which application threads were stopped: 0.0041534 seconds, Stopping threads took: 0.0000254 seconds
66.510: [GC (Allocation Failure)  398399K->73725K(1032192K), 0.0008633 secs]
66.511: Total time for which application threads were stopped: 0.0010002 seconds, Stopping threads took: 0.0000169 seconds
66.580: [GC (Allocation Failure)  390653K->81535K(1032704K), 0.0037510 secs]
66.584: Total time for which application threads were stopped: 0.0039081 seconds, Stopping threads took: 0.0000174 seconds
66.651: [GC (Allocation Failure)  398975K->81471K(1032704K), 0.0040328 secs]
66.655: Total time for which application threads were stopped: 0.0042006 seconds, Stopping threads took: 0.0000207 seconds
66.722: [GC (Allocation Failure)  398911K->82471K(1032192K), 0.0041161 secs]
66.726: Total time for which application threads were stopped: 0.0042781 seconds, Stopping threads took: 0.0000206 seconds
66.794: [GC (Allocation Failure)  399911K->89545K(1032704K), 0.0038985 secs]
66.798: Total time for which application threads were stopped: 0.0040599 seconds, Stopping threads took: 0.0000205 seconds
66.865: [GC (Allocation Failure)  406985K->89513K(1033216K), 0.0037842 secs]
66.869: Total time for which application threads were stopped: 0.0039755 seconds, Stopping threads took: 0.0000199 seconds
66.935: [GC (Allocation Failure)  407977K->92737K(1033216K), 0.0059435 secs]
66.941: Total time for which application threads were stopped: 0.0061287 seconds, Stopping threads took: 0.0000264 seconds
67.010: [GC (Allocation Failure)  411201K->97507K(1033728K), 0.0037861 secs]
67.014: Total time for which application threads were stopped: 0.0039541 seconds, Stopping threads took: 0.0000199 seconds
67.082: [GC (Allocation Failure)  416995K->97507K(1033728K), 0.0039774 secs]
67.086: Total time for which application threads were stopped: 0.0041354 seconds, Stopping threads took: 0.0000203 seconds
67.153: [GC (Allocation Failure)  416995K->98979K(1033728K), 0.0043457 secs]
67.157: Total time for which application threads were stopped: 0.0045158 seconds, Stopping threads took: 0.0000205 seconds
67.225: [GC (Allocation Failure)  418467K->105574K(1033728K), 0.0039850 secs]
67.229: Total time for which application threads were stopped: 0.0041475 seconds, Stopping threads took: 0.0000209 seconds
67.297: [GC (Allocation Failure)  425062K->105574K(1034240K), 0.0041024 secs]
67.301: Total time for which application threads were stopped: 0.0042785 seconds, Stopping threads took: 0.0000271 seconds
67.369: [GC (Allocation Failure)  425574K->106694K(1033728K), 0.0043455 secs]
67.374: Total time for which application threads were stopped: 0.0045318 seconds, Stopping threads took: 0.0000209 seconds
67.440: [GC (Allocation Failure)  426694K->113608K(1033728K), 0.0040953 secs]
67.444: Total time for which application threads were stopped: 0.0042653 seconds, Stopping threads took: 0.0000225 seconds
67.513: [GC (Allocation Failure)  433096K->113608K(1033728K), 0.0040025 secs]
67.518: Total time for which application threads were stopped: 0.0041955 seconds, Stopping threads took: 0.0000205 seconds
67.584: [GC (Allocation Failure)  433096K->114408K(1033216K), 0.0040224 secs]
67.588: Total time for which application threads were stopped: 0.0041806 seconds, Stopping threads took: 0.0000175 seconds
67.657: [GC (Allocation Failure)  433896K->121642K(1033728K), 0.0041024 secs]
67.661: Total time for which application threads were stopped: 0.0042813 seconds, Stopping threads took: 0.0000211 seconds
67.727: [GC (Allocation Failure)  441130K->121578K(1033728K), 0.0038864 secs]
67.731: Total time for which application threads were stopped: 0.0040819 seconds, Stopping threads took: 0.0000210 seconds
67.796: [GC (Allocation Failure)  441066K->121666K(1033728K), 0.0043298 secs]
67.801: Total time for which application threads were stopped: 0.0045080 seconds, Stopping threads took: 0.0000291 seconds
67.869: [GC (Allocation Failure)  441154K->129668K(1033728K), 0.0039588 secs]
67.873: Total time for which application threads were stopped: 0.0041226 seconds, Stopping threads took: 0.0000207 seconds
67.939: [GC (Allocation Failure)  449156K->129604K(1033728K), 0.0044318 secs]
67.943: Total time for which application threads were stopped: 0.0045790 seconds, Stopping threads took: 0.0000259 seconds
68.009: [GC (Allocation Failure)  449092K->129860K(1033728K), 0.0042133 secs]
68.013: Total time for which application threads were stopped: 0.0044059 seconds, Stopping threads took: 0.0000204 seconds
68.082: [GC (Allocation Failure)  449348K->137671K(1033728K), 0.0040517 secs]
68.086: Total time for which application threads were stopped: 0.0042457 seconds, Stopping threads took: 0.0000202 seconds
68.152: [GC (Allocation Failure)  457159K->137671K(1033728K), 0.0039670 secs]
68.156: Total time for which application threads were stopped: 0.0041392 seconds, Stopping threads took: 0.0000213 seconds
68.221: [GC (Allocation Failure)  457159K->138079K(1033728K), 0.0042331 secs]
68.225: Total time for which application threads were stopped: 0.0043935 seconds, Stopping threads took: 0.0000203 seconds
68.293: [GC (Allocation Failure)  457567K->145729K(1033728K), 0.0040096 secs]
68.297: Total time for which application threads were stopped: 0.0041870 seconds, Stopping threads took: 0.0000288 seconds
68.364: [GC (Allocation Failure)  465217K->145729K(1033728K), 0.0042299 secs]
68.368: Total time for which application threads were stopped: 0.0044213 seconds, Stopping threads took: 0.0000203 seconds
68.435: [GC (Allocation Failure)  465217K->147337K(1033728K), 0.0044049 secs]
68.439: Total time for which application threads were stopped: 0.0045520 seconds, Stopping threads took: 0.0000178 seconds
68.507: [GC (Allocation Failure)  466825K->153771K(1033728K), 0.0039071 secs]
68.511: Total time for which application threads were stopped: 0.0040891 seconds, Stopping threads took: 0.0000208 seconds
68.576: [GC (Allocation Failure)  473259K->153739K(1033728K), 0.0040589 secs]
68.580: Total time for which application threads were stopped: 0.0042418 seconds, Stopping threads took: 0.0000205 seconds
68.645: [GC (Allocation Failure)  473227K->154571K(1033728K), 0.0043269 secs]
68.649: Total time for which application threads were stopped: 0.0045087 seconds, Stopping threads took: 0.0000213 seconds
68.718: [GC (Allocation Failure)  474059K->161869K(1033728K), 0.0041905 secs]
68.723: Total time for which application threads were stopped: 0.0043677 seconds, Stopping threads took: 0.0000206 seconds
68.791: [GC (Allocation Failure)  481357K->161741K(1033728K), 0.0040283 secs]
68.795: Total time for which application threads were stopped: 0.0041890 seconds, Stopping threads took: 0.0000271 seconds
68.861: [GC (Allocation Failure)  481229K->162757K(1033728K), 0.0043432 secs]
68.865: Total time for which application threads were stopped: 0.0045107 seconds, Stopping threads took: 0.0000290 seconds
68.933: [GC (Allocation Failure)  482245K->169864K(1033728K), 0.0049565 secs]
68.938: Total time for which application threads were stopped: 0.0051617 seconds, Stopping threads took: 0.0000285 seconds
69.005: [GC (Allocation Failure)  489352K->169800K(1033728K), 0.0042018 secs]
69.009: Total time for which application threads were stopped: 0.0043729 seconds, Stopping threads took: 0.0000210 seconds
69.075: [GC (Allocation Failure)  489288K->169960K(1033728K), 0.0041956 secs]
69.079: Total time for which application threads were stopped: 0.0043567 seconds, Stopping threads took: 0.0000201 seconds
69.147: [GC (Allocation Failure)  489448K->177834K(1033728K), 0.0040716 secs]
69.151: Total time for which application threads were stopped: 0.0042348 seconds, Stopping threads took: 0.0000208 seconds
69.219: [GC (Allocation Failure)  497322K->177834K(1033728K), 0.0040587 secs]
69.223: Total time for which application threads were stopped: 0.0042286 seconds, Stopping threads took: 0.0000203 seconds
69.288: [GC (Allocation Failure)  497322K->178178K(1032704K), 0.0043490 secs]
69.292: Total time for which application threads were stopped: 0.0045164 seconds, Stopping threads took: 0.0000271 seconds
69.361: [GC (Allocation Failure)  496642K->185860K(1033216K), 0.0039578 secs]
69.365: Total time for which application threads were stopped: 0.0041157 seconds, Stopping threads took: 0.0000192 seconds
69.431: [GC (Allocation Failure)  504324K->185892K(1033216K), 0.0041352 secs]
69.435: Total time for which application threads were stopped: 0.0042818 seconds, Stopping threads took: 0.0000171 seconds
69.501: [GC (Allocation Failure)  504356K->186436K(1033216K), 0.0044408 secs]
69.506: Total time for which application threads were stopped: 0.0046036 seconds, Stopping threads took: 0.0000208 seconds
69.571: [GC (Allocation Failure)  504900K->193927K(1033216K), 0.0040279 secs]
69.576: Total time for which application threads were stopped: 0.0041869 seconds, Stopping threads took: 0.0000195 seconds
69.641: [GC (Allocation Failure)  512391K->193927K(1033216K), 0.0042445 secs]
69.645: Total time for which application threads were stopped: 0.0044022 seconds, Stopping threads took: 0.0000195 seconds
69.710: [GC (Allocation Failure)  512391K->194687K(1033216K), 0.0043722 secs]
69.714: Total time for which application threads were stopped: 0.0045499 seconds, Stopping threads took: 0.0000197 seconds
69.784: [GC (Allocation Failure)  513151K->201953K(1033216K), 0.0037378 secs]
69.788: Total time for which application threads were stopped: 0.0039073 seconds, Stopping threads took: 0.0000283 seconds
69.854: [GC (Allocation Failure)  520417K->201953K(1033216K), 0.0042486 secs]
69.858: Total time for which application threads were stopped: 0.0044405 seconds, Stopping threads took: 0.0000198 seconds
69.923: [GC (Allocation Failure)  520417K->201985K(1033216K), 0.0086220 secs]
69.931: Total time for which application threads were stopped: 0.0087848 seconds, Stopping threads took: 0.0000221 seconds
69.999: [GC (Allocation Failure)  520449K->209987K(1033216K), 0.0040314 secs]
70.004: Total time for which application threads were stopped: 0.0042034 seconds, Stopping threads took: 0.0000202 seconds
70.072: [GC (Allocation Failure)  528451K->209987K(1033216K), 0.0042324 secs]
70.076: Total time for which application threads were stopped: 0.0043955 seconds, Stopping threads took: 0.0000213 seconds
70.141: [GC (Allocation Failure)  528451K->210107K(1033216K), 0.0044718 secs]
70.146: Total time for which application threads were stopped: 0.0046415 seconds, Stopping threads took: 0.0000205 seconds
70.212: [GC (Allocation Failure)  528571K->218013K(1033216K), 0.0040033 secs]
70.216: Total time for which application threads were stopped: 0.0041975 seconds, Stopping threads took: 0.0000206 seconds
70.283: [GC (Allocation Failure)  536477K->218013K(1033216K), 0.0042403 secs]
70.287: Total time for which application threads were stopped: 0.0043957 seconds, Stopping threads took: 0.0000194 seconds
70.355: [GC (Allocation Failure)  536477K->218325K(1033216K), 0.0044417 secs]
70.360: Total time for which application threads were stopped: 0.0045900 seconds, Stopping threads took: 0.0000170 seconds
70.425: [GC (Allocation Failure)  536789K->226008K(1033216K), 0.0041869 secs]
70.430: Total time for which application threads were stopped: 0.0043477 seconds, Stopping threads took: 0.0000197 seconds
70.495: [GC (Allocation Failure)  544472K->226008K(1033216K), 0.0044297 secs]
70.500: Total time for which application threads were stopped: 0.0046081 seconds, Stopping threads took: 0.0000197 seconds
70.564: [GC (Allocation Failure)  544472K->226544K(1033216K), 0.0042297 secs]
70.568: Total time for which application threads were stopped: 0.0044026 seconds, Stopping threads took: 0.0000196 seconds
70.636: [GC (Allocation Failure)  545008K->234002K(1033216K), 0.0041181 secs]
70.640: Total time for which application threads were stopped: 0.0043343 seconds, Stopping threads took: 0.0000190 seconds
70.707: [GC (Allocation Failure)  552466K->234066K(1033216K), 0.0046413 secs]
70.712: Total time for which application threads were stopped: 0.0047934 seconds, Stopping threads took: 0.0000181 seconds
70.778: [GC (Allocation Failure)  552530K->234282K(1033216K), 0.0042984 secs]
70.783: Total time for which application threads were stopped: 0.0044830 seconds, Stopping threads took: 0.0000267 seconds
70.850: [GC (Allocation Failure)  552746K->242092K(1033216K), 0.0042638 secs]
70.854: Total time for which application threads were stopped: 0.0044399 seconds, Stopping threads took: 0.0000204 seconds
70.922: [GC (Allocation Failure)  560556K->238154K(1033216K), 0.0027723 secs]
70.925: Total time for which application threads were stopped: 0.0029252 seconds, Stopping threads took: 0.0000198 seconds
70.992: [GC (Allocation Failure)  556618K->242220K(1034752K), 0.0046392 secs]
70.997: Total time for which application threads were stopped: 0.0048066 seconds, Stopping threads took: 0.0000195 seconds
71.064: [GC (Allocation Failure)  562732K->246220K(1033728K), 0.0043892 secs]
71.069: Total time for which application threads were stopped: 0.0045607 seconds, Stopping threads took: 0.0000194 seconds
71.136: [GC (Allocation Failure)  566732K->238378K(1034240K), 0.0009484 secs]
71.137: Total time for which application threads were stopped: 0.0010686 seconds, Stopping threads took: 0.0000194 seconds
71.203: [GC (Allocation Failure)  558890K->246252K(1034240K), 0.0043671 secs]
71.208: Total time for which application threads were stopped: 0.0045247 seconds, Stopping threads took: 0.0000194 seconds
71.275: [GC (Allocation Failure)  566764K->250364K(1033216K), 0.0057489 secs]
71.280: Total time for which application threads were stopped: 0.0059153 seconds, Stopping threads took: 0.0000259 seconds
71.346: [GC (Allocation Failure)  569852K->256058K(1032704K), 0.0068544 secs]
71.353: Total time for which application threads were stopped: 0.0070278 seconds, Stopping threads took: 0.0000192 seconds
71.422: [GC (Allocation Failure)  575546K->250556K(1031680K), 0.0043142 secs]
71.426: Total time for which application threads were stopped: 0.0044785 seconds, Stopping threads took: 0.0000178 seconds
71.493: [GC (Allocation Failure)  566972K->250364K(1032192K), 0.0043198 secs]
71.497: Total time for which application threads were stopped: 0.0045001 seconds, Stopping threads took: 0.0000204 seconds
71.564: [GC (Allocation Failure)  566780K->244986K(1032704K), 0.0019480 secs]
71.566: Total time for which application threads were stopped: 0.0021165 seconds, Stopping threads took: 0.0000206 seconds
71.635: [GC (Allocation Failure)  562426K->250524K(1032704K), 0.0044264 secs]
71.640: Total time for which application threads were stopped: 0.0045810 seconds, Stopping threads took: 0.0000194 seconds
71.707: [GC (Allocation Failure)  567964K->250332K(1033216K), 0.0043673 secs]
71.711: Total time for which application threads were stopped: 0.0045371 seconds, Stopping threads took: 0.0000200 seconds
71.779: [GC (Allocation Failure)  568796K->251164K(1033216K), 0.0045037 secs]
71.784: Total time for which application threads were stopped: 0.0046795 seconds, Stopping threads took: 0.0000261 seconds
71.853: [GC (Allocation Failure)  569628K->258526K(1033216K), 0.0041671 secs]
71.857: Total time for which application threads were stopped: 0.0043379 seconds, Stopping threads took: 0.0000167 seconds
71.925: [GC (Allocation Failure)  576990K->258366K(1033216K), 0.0047004 secs]
71.929: Total time for which application threads were stopped: 0.0048599 seconds, Stopping threads took: 0.0000200 seconds
71.997: [GC (Allocation Failure)  576830K->259422K(1032704K), 0.0045738 secs]
72.001: Total time for which application threads were stopped: 0.0047426 seconds, Stopping threads took: 0.0000194 seconds
72.070: [GC (Allocation Failure)  577886K->266465K(1033216K), 0.0041204 secs]
72.074: Total time for which application threads were stopped: 0.0042899 seconds, Stopping threads took: 0.0000200 seconds
72.140: [GC (Allocation Failure)  584929K->266401K(1033728K), 0.0043896 secs]
72.145: Total time for which application threads were stopped: 0.0045533 seconds, Stopping threads took: 0.0000209 seconds
72.211: [GC (Allocation Failure)  585889K->268713K(1033728K), 0.0044428 secs]
72.215: Total time for which application threads were stopped: 0.0046367 seconds, Stopping threads took: 0.0000207 seconds
72.285: [GC (Allocation Failure)  588201K->274475K(1033728K), 0.0040184 secs]
72.289: Total time for which application threads were stopped: 0.0041783 seconds, Stopping threads took: 0.0000261 seconds
72.355: [GC (Allocation Failure)  593963K->274411K(1033728K), 0.0043022 secs]
72.359: Total time for which application threads were stopped: 0.0044729 seconds, Stopping threads took: 0.0000203 seconds
72.424: [GC (Allocation Failure)  593899K->275915K(1033216K), 0.0045525 secs]
72.428: Total time for which application threads were stopped: 0.0047338 seconds, Stopping threads took: 0.0000209 seconds
72.496: [GC (Allocation Failure)  595403K->282509K(1033728K), 0.0043097 secs]
72.500: Total time for which application threads were stopped: 0.0045059 seconds, Stopping threads took: 0.0000212 seconds
72.570: [GC (Allocation Failure)  601997K->282509K(1034240K), 0.0044575 secs]
72.574: Total time for which application threads were stopped: 0.0046272 seconds, Stopping threads took: 0.0000176 seconds
72.641: [GC (Allocation Failure)  603021K->284133K(1034240K), 0.0047526 secs]
72.645: Total time for which application threads were stopped: 0.0049409 seconds, Stopping threads took: 0.0000222 seconds
72.714: [GC (Allocation Failure)  604645K->290535K(1034240K), 0.0043570 secs]
72.718: Total time for which application threads were stopped: 0.0045377 seconds, Stopping threads took: 0.0000230 seconds
72.787: [GC (Allocation Failure)  611047K->290503K(1034240K), 0.0042445 secs]
72.792: Total time for which application threads were stopped: 0.0044136 seconds, Stopping threads took: 0.0000265 seconds
72.858: [GC (Allocation Failure)  611015K->290567K(1033216K), 0.0041761 secs]
72.863: Total time for which application threads were stopped: 0.0043509 seconds, Stopping threads took: 0.0000206 seconds
72.930: [GC (Allocation Failure)  610055K->298666K(1033728K), 0.0068105 secs]
72.937: Total time for which application threads were stopped: 0.0069732 seconds, Stopping threads took: 0.0000248 seconds
73.004: [GC (Allocation Failure)  618154K->298538K(1033728K), 0.0042178 secs]
73.008: Total time for which application threads were stopped: 0.0043859 seconds, Stopping threads took: 0.0000205 seconds
73.074: [GC (Allocation Failure)  618026K->299562K(1033728K), 0.0046394 secs]
73.079: Total time for which application threads were stopped: 0.0048117 seconds, Stopping threads took: 0.0000211 seconds
73.145: [GC (Allocation Failure)  619050K->306604K(1033728K), 0.0044474 secs]
73.150: Total time for which application threads were stopped: 0.0046540 seconds, Stopping threads took: 0.0000211 seconds
73.217: [GC (Allocation Failure)  626092K->306540K(1033728K), 0.0040588 secs]
73.221: Total time for which application threads were stopped: 0.0042326 seconds, Stopping threads took: 0.0000211 seconds
73.288: [GC (Allocation Failure)  626028K->306820K(1033728K), 0.0045737 secs]
73.292: Total time for which application threads were stopped: 0.0047509 seconds, Stopping threads took: 0.0000271 seconds
73.360: [GC (Allocation Failure)  626308K->314662K(1033728K), 0.0043146 secs]
73.365: Total time for which application threads were stopped: 0.0044749 seconds, Stopping threads took: 0.0000205 seconds
73.432: [GC (Allocation Failure)  634150K->314630K(1033728K), 0.0042760 secs]
73.436: Total time for which application threads were stopped: 0.0044565 seconds, Stopping threads took: 0.0000205 seconds
73.502: [GC (Allocation Failure)  634118K->316062K(1033728K), 0.0045474 secs]
73.506: Total time for which application threads were stopped: 0.0047380 seconds, Stopping threads took: 0.0000283 seconds
73.573: [GC (Allocation Failure)  635550K->322657K(1033728K), 0.0044995 secs]
73.578: Total time for which application threads were stopped: 0.0046735 seconds, Stopping threads took: 0.0000176 seconds
73.648: [GC (Allocation Failure)  642145K->322625K(1033728K), 0.0043297 secs]
73.652: Total time for which application threads were stopped: 0.0044936 seconds, Stopping threads took: 0.0000207 seconds
73.719: [GC (Allocation Failure)  642113K->323273K(1033728K), 0.0044246 secs]
73.723: Total time for which application threads were stopped: 0.0045942 seconds, Stopping threads took: 0.0000204 seconds
73.791: [GC (Allocation Failure)  642761K->330667K(1033728K), 0.0043150 secs]
73.795: Total time for which application threads were stopped: 0.0044980 seconds, Stopping threads took: 0.0000271 seconds
73.864: [GC (Allocation Failure)  650155K->330699K(1033728K), 0.0043652 secs]
73.868: Total time for which application threads were stopped: 0.0045290 seconds, Stopping threads took: 0.0000203 seconds
73.935: [GC (Allocation Failure)  650187K->330699K(1033728K), 0.0052117 secs]
73.940: Total time for which application threads were stopped: 0.0054255 seconds, Stopping threads took: 0.0000205 seconds
74.008: [GC (Allocation Failure)  650187K->338765K(1033728K), 0.0044054 secs]
74.012: Total time for which application threads were stopped: 0.0045729 seconds, Stopping threads took: 0.0000200 seconds
74.080: [GC (Allocation Failure)  658253K->338701K(1033728K), 0.0042071 secs]
74.085: Total time for which application threads were stopped: 0.0043746 seconds, Stopping threads took: 0.0000209 seconds
74.151: [GC (Allocation Failure)  658189K->339717K(1033728K), 0.0046370 secs]
74.156: Total time for which application threads were stopped: 0.0048314 seconds, Stopping threads took: 0.0000211 seconds
74.224: [GC (Allocation Failure)  659205K->346823K(1033728K), 0.0044582 secs]
74.228: Total time for which application threads were stopped: 0.0046271 seconds, Stopping threads took: 0.0000201 seconds
74.296: [GC (Allocation Failure)  666311K->346727K(1033728K), 0.0045089 secs]
74.300: Total time for which application threads were stopped: 0.0046904 seconds, Stopping threads took: 0.0000265 seconds
74.367: [GC (Allocation Failure)  666215K->346855K(1019392K), 0.0044333 secs]
74.371: Total time for which application threads were stopped: 0.0045911 seconds, Stopping threads took: 0.0000202 seconds
74.438: [GC (Allocation Failure)  666343K->354762K(1033216K), 0.0044014 secs]
74.443: Total time for which application threads were stopped: 0.0045797 seconds, Stopping threads took: 0.0000202 seconds
74.510: [GC (Allocation Failure)  673226K->354794K(1033216K), 0.0044113 secs]
74.515: Total time for which application threads were stopped: 0.0045783 seconds, Stopping threads took: 0.0000194 seconds
74.580: [GC (Allocation Failure)  673258K->355082K(1033216K), 0.0045799 secs]
74.585: Total time for which application threads were stopped: 0.0047741 seconds, Stopping threads took: 0.0000201 seconds
74.654: [GC (Allocation Failure)  673546K->362828K(1033216K), 0.0043205 secs]
74.659: Total time for which application threads were stopped: 0.0045039 seconds, Stopping threads took: 0.0000172 seconds
74.728: [GC (Allocation Failure)  681292K->362828K(1033216K), 0.0044407 secs]
74.733: Total time for which application threads were stopped: 0.0046237 seconds, Stopping threads took: 0.0000170 seconds
74.801: [GC (Allocation Failure)  681292K->363308K(1033216K), 0.0044891 secs]
74.806: Total time for which application threads were stopped: 0.0046352 seconds, Stopping threads took: 0.0000170 seconds
74.874: [GC (Allocation Failure)  681772K->370862K(1033216K), 0.0043057 secs]
74.878: Total time for which application threads were stopped: 0.0044747 seconds, Stopping threads took: 0.0000251 seconds
74.949: [GC (Allocation Failure)  689326K->370830K(1033216K), 0.0058661 secs]
74.955: Total time for which application threads were stopped: 0.0060145 seconds, Stopping threads took: 0.0000176 seconds
75.022: [GC (Allocation Failure)  689294K->371534K(1033216K), 0.0046806 secs]
75.027: Total time for which application threads were stopped: 0.0048672 seconds, Stopping threads took: 0.0000203 seconds
75.094: [GC (Allocation Failure)  689998K->378896K(1033216K), 0.0045487 secs]
75.099: Total time for which application threads were stopped: 0.0047461 seconds, Stopping threads took: 0.0000211 seconds
75.166: [GC (Allocation Failure)  697360K->378896K(1033216K), 0.0042606 secs]
75.171: Total time for which application threads were stopped: 0.0044256 seconds, Stopping threads took: 0.0000194 seconds
75.235: [GC (Allocation Failure)  697360K->379016K(1033216K), 0.0043481 secs]
75.239: Total time for which application threads were stopped: 0.0045412 seconds, Stopping threads took: 0.0000193 seconds
75.308: [GC (Allocation Failure)  697480K->386923K(1033216K), 0.0045362 secs]
75.313: Total time for which application threads were stopped: 0.0047024 seconds, Stopping threads took: 0.0000278 seconds
75.380: [GC (Allocation Failure)  705387K->386923K(1033216K), 0.0043583 secs]
75.384: Total time for which application threads were stopped: 0.0045317 seconds, Stopping threads took: 0.0000259 seconds
75.449: [GC (Allocation Failure)  705387K->387011K(1033216K), 0.0046358 secs]
75.454: Total time for which application threads were stopped: 0.0048298 seconds, Stopping threads took: 0.0000206 seconds
75.521: [GC (Allocation Failure)  705475K->394917K(1033216K), 0.0043049 secs]
75.525: Total time for which application threads were stopped: 0.0044726 seconds, Stopping threads took: 0.0000194 seconds
75.590: [GC (Allocation Failure)  713381K->394917K(1033216K), 0.0045000 secs]
75.595: Total time for which application threads were stopped: 0.0046695 seconds, Stopping threads took: 0.0000216 seconds
75.661: [GC (Allocation Failure)  713381K->395213K(1033216K), 0.0047783 secs]
75.666: Total time for which application threads were stopped: 0.0049486 seconds, Stopping threads took: 0.0000207 seconds
75.731: [GC (Allocation Failure)  713677K->402991K(1033216K), 0.0044845 secs]
75.736: Total time for which application threads were stopped: 0.0046456 seconds, Stopping threads took: 0.0000199 seconds
75.802: [GC (Allocation Failure)  721455K->402959K(1033216K), 0.0043431 secs]
75.806: Total time for which application threads were stopped: 0.0045120 seconds, Stopping threads took: 0.0000283 seconds
75.871: [GC (Allocation Failure)  721423K->403471K(1033216K), 0.0052319 secs]
75.876: Total time for which application threads were stopped: 0.0054087 seconds, Stopping threads took: 0.0000196 seconds
75.948: [GC (Allocation Failure)  721935K->410993K(1033216K), 0.0041708 secs]
75.952: Total time for which application threads were stopped: 0.0043168 seconds, Stopping threads took: 0.0000144 seconds
76.018: [GC (Allocation Failure)  729457K->410993K(1033216K), 0.0045962 secs]
76.023: Total time for which application threads were stopped: 0.0047982 seconds, Stopping threads took: 0.0000202 seconds
76.088: [GC (Allocation Failure)  729457K->411177K(1033216K), 0.0044680 secs]
76.092: Total time for which application threads were stopped: 0.0046318 seconds, Stopping threads took: 0.0000206 seconds
76.160: [GC (Allocation Failure)  729641K->419020K(1033216K), 0.0048250 secs]
76.165: Total time for which application threads were stopped: 0.0049842 seconds, Stopping threads took: 0.0000205 seconds
76.235: [GC (Allocation Failure)  737484K->419020K(1033216K), 0.0042978 secs]
76.239: Total time for which application threads were stopped: 0.0044555 seconds, Stopping threads took: 0.0000197 seconds
76.304: [GC (Allocation Failure)  737484K->419180K(1033216K), 0.0047376 secs]
76.309: Total time for which application threads were stopped: 0.0049113 seconds, Stopping threads took: 0.0000272 seconds
76.376: [GC (Allocation Failure)  737644K->427054K(1033216K), 0.0045021 secs]
76.380: Total time for which application threads were stopped: 0.0046939 seconds, Stopping threads took: 0.0000195 seconds
76.447: [GC (Allocation Failure)  745518K->419500K(1033216K), 0.0016190 secs]
76.449: Total time for which application threads were stopped: 0.0017479 seconds, Stopping threads took: 0.0000200 seconds
76.516: [GC (Allocation Failure)  737964K->427118K(1033216K), 0.0060923 secs]
76.522: Total time for which application threads were stopped: 0.0062454 seconds, Stopping threads took: 0.0000205 seconds
76.589: [GC (Allocation Failure)  745582K->431230K(1033216K), 0.0059701 secs]
76.595: Total time for which application threads were stopped: 0.0061377 seconds, Stopping threads took: 0.0000200 seconds
76.660: [GC (Allocation Failure)  749694K->432092K(1027072K), 0.0052360 secs]
76.665: Total time for which application threads were stopped: 0.0054085 seconds, Stopping threads took: 0.0000196 seconds
76.732: [GC (Allocation Failure)  750556K->431486K(1032704K), 0.0046055 secs]
76.737: Total time for which application threads were stopped: 0.0047730 seconds, Stopping threads took: 0.0000199 seconds
76.804: [GC (Allocation Failure)  748926K->431198K(1032704K), 0.0044656 secs]
76.808: Total time for which application threads were stopped: 0.0046334 seconds, Stopping threads took: 0.0000284 seconds
76.876: [GC (Allocation Failure)  748638K->434182K(1033216K), 0.0051328 secs]
76.881: Total time for which application threads were stopped: 0.0053066 seconds, Stopping threads took: 0.0000199 seconds
76.950: [GC (Allocation Failure)  752646K->439304K(1033216K), 0.0046360 secs]
76.955: Total time for which application threads were stopped: 0.0048094 seconds, Stopping threads took: 0.0000162 seconds
77.020: [GC (Allocation Failure)  757768K->439272K(1033728K), 0.0047258 secs]
77.025: Total time for which application threads were stopped: 0.0049056 seconds, Stopping threads took: 0.0000266 seconds
77.092: [GC (Allocation Failure)  758760K->439304K(1019392K), 0.0046677 secs]
77.097: Total time for which application threads were stopped: 0.0048323 seconds, Stopping threads took: 0.0000210 seconds
77.165: [GC (Allocation Failure)  758792K->447402K(1033216K), 0.0045702 secs]
77.169: Total time for which application threads were stopped: 0.0047519 seconds, Stopping threads took: 0.0000206 seconds
77.237: [GC (Allocation Failure)  765866K->447306K(1033216K), 0.0046608 secs]
77.242: Total time for which application threads were stopped: 0.0048303 seconds, Stopping threads took: 0.0000223 seconds
77.309: [GC (Allocation Failure)  765770K->448586K(1033728K), 0.0048810 secs]
77.314: Total time for which application threads were stopped: 0.0050464 seconds, Stopping threads took: 0.0000267 seconds
77.382: [GC (Allocation Failure)  768074K->455373K(1033728K), 0.0045912 secs]
77.387: Total time for which application threads were stopped: 0.0047841 seconds, Stopping threads took: 0.0000202 seconds
77.457: [GC (Allocation Failure)  774861K->455341K(1033728K), 0.0045459 secs]
77.461: Total time for which application threads were stopped: 0.0047051 seconds, Stopping threads took: 0.0000186 seconds
77.526: [GC (Allocation Failure)  774829K->455797K(1033728K), 0.0049188 secs]
77.531: Total time for which application threads were stopped: 0.0050916 seconds, Stopping threads took: 0.0000205 seconds
77.598: [GC (Allocation Failure)  775285K->463351K(1033728K), 0.0045059 secs]
77.602: Total time for which application threads were stopped: 0.0046828 seconds, Stopping threads took: 0.0000207 seconds
77.670: [GC (Allocation Failure)  782839K->463351K(1033728K), 0.0044141 secs]
77.674: Total time for which application threads were stopped: 0.0046099 seconds, Stopping threads took: 0.0000214 seconds
77.741: [GC (Allocation Failure)  782839K->467087K(1034240K), 0.0055885 secs]
77.747: Total time for which application threads were stopped: 0.0057548 seconds, Stopping threads took: 0.0000211 seconds
77.816: [GC (Allocation Failure)  787087K->471377K(1033728K), 0.0045147 secs]
77.821: Total time for which application threads were stopped: 0.0047032 seconds, Stopping threads took: 0.0000268 seconds
77.887: [GC (Allocation Failure)  791377K->471377K(1034240K), 0.0046594 secs]
77.892: Total time for which application threads were stopped: 0.0048199 seconds, Stopping threads took: 0.0000208 seconds
77.959: [GC (Allocation Failure)  791889K->472265K(1034240K), 0.0050476 secs]
77.964: Total time for which application threads were stopped: 0.0052148 seconds, Stopping threads took: 0.0000195 seconds
78.032: [GC (Allocation Failure)  792777K->479436K(1034240K), 0.0046759 secs]
78.037: Total time for which application threads were stopped: 0.0048369 seconds, Stopping threads took: 0.0000208 seconds
78.104: [GC (Allocation Failure)  799948K->479404K(1034240K), 0.0046298 secs]
78.109: Total time for which application threads were stopped: 0.0048209 seconds, Stopping threads took: 0.0000193 seconds
78.177: [GC (Allocation Failure)  799916K->482572K(1034240K), 0.0055128 secs]
78.183: Total time for which application threads were stopped: 0.0056637 seconds, Stopping threads took: 0.0000166 seconds
78.251: [GC (Allocation Failure)  803084K->487566K(1034240K), 0.0046943 secs]
78.255: Total time for which application threads were stopped: 0.0048784 seconds, Stopping threads took: 0.0000209 seconds
78.325: [GC (Allocation Failure)  808078K->487470K(1034240K), 0.0045183 secs]
78.330: Total time for which application threads were stopped: 0.0047092 seconds, Stopping threads took: 0.0000197 seconds
78.399: [GC (Allocation Failure)  807982K->488750K(1034240K), 0.0050073 secs]
78.404: Total time for which application threads were stopped: 0.0051760 seconds, Stopping threads took: 0.0000196 seconds
78.472: [GC (Allocation Failure)  809262K->495536K(1034240K), 0.0046752 secs]
78.477: Total time for which application threads were stopped: 0.0048560 seconds, Stopping threads took: 0.0000206 seconds
78.546: [GC (Allocation Failure)  816048K->495472K(1034240K), 0.0046923 secs]
78.551: Total time for which application threads were stopped: 0.0048666 seconds, Stopping threads took: 0.0000208 seconds
78.617: [GC (Allocation Failure)  815984K->495944K(1034240K), 0.0047810 secs]
78.622: Total time for which application threads were stopped: 0.0049536 seconds, Stopping threads took: 0.0000206 seconds
78.690: [GC (Allocation Failure)  816456K->503498K(1034240K), 0.0047271 secs]
78.695: Total time for which application threads were stopped: 0.0049016 seconds, Stopping threads took: 0.0000216 seconds
78.762: [GC (Allocation Failure)  824010K->503498K(1034240K), 0.0045588 secs]
78.767: Total time for which application threads were stopped: 0.0047306 seconds, Stopping threads took: 0.0000297 seconds
78.834: [GC (Allocation Failure)  824010K->505194K(1034240K), 0.0050887 secs]
78.839: Total time for which application threads were stopped: 0.0052568 seconds, Stopping threads took: 0.0000199 seconds
78.906: [GC (Allocation Failure)  825706K->511565K(1034240K), 0.0045641 secs]
78.911: Total time for which application threads were stopped: 0.0047378 seconds, Stopping threads took: 0.0000209 seconds
78.979: [GC (Allocation Failure)  832077K->511501K(1034240K), 0.0043275 secs]
78.984: Total time for which application threads were stopped: 0.0044904 seconds, Stopping threads took: 0.0000197 seconds
79.050: [GC (Allocation Failure)  832013K->511621K(1033216K), 0.0048890 secs]
79.055: Total time for which application threads were stopped: 0.0050504 seconds, Stopping threads took: 0.0000200 seconds
79.122: [GC (Allocation Failure)  831109K->519559K(1033728K), 0.0054018 secs]
79.128: Total time for which application threads were stopped: 0.0055632 seconds, Stopping threads took: 0.0000202 seconds
79.194: [GC (Allocation Failure)  839047K->519559K(1033728K), 0.0046261 secs]
79.199: Total time for which application threads were stopped: 0.0047865 seconds, Stopping threads took: 0.0000207 seconds
79.265: [GC (Allocation Failure)  839047K->519615K(1033728K), 0.0047978 secs]
79.270: Total time for which application threads were stopped: 0.0049610 seconds, Stopping threads took: 0.0000194 seconds
79.337: [GC (Allocation Failure)  839103K->527617K(1033728K), 0.0047070 secs]
79.341: Total time for which application threads were stopped: 0.0048687 seconds, Stopping threads took: 0.0000199 seconds
79.408: [GC (Allocation Failure)  847105K->527585K(1033728K), 0.0045069 secs]
79.413: Total time for which application threads were stopped: 0.0046694 seconds, Stopping threads took: 0.0000208 seconds
79.479: [GC (Allocation Failure)  847073K->527841K(1033728K), 0.0048873 secs]
79.484: Total time for which application threads were stopped: 0.0050572 seconds, Stopping threads took: 0.0000209 seconds
79.551: [GC (Allocation Failure)  847329K->535683K(1033728K), 0.0046338 secs]
79.555: Total time for which application threads were stopped: 0.0048049 seconds, Stopping threads took: 0.0000278 seconds
79.623: [GC (Allocation Failure)  855171K->535651K(1033728K), 0.0045706 secs]
79.627: Total time for which application threads were stopped: 0.0047382 seconds, Stopping threads took: 0.0000207 seconds
79.693: [GC (Allocation Failure)  855139K->537123K(1033728K), 0.0052349 secs]
79.699: Total time for which application threads were stopped: 0.0054014 seconds, Stopping threads took: 0.0000203 seconds
79.767: [GC (Allocation Failure)  856611K->543686K(1033728K), 0.0049163 secs]
79.773: Total time for which application threads were stopped: 0.0051049 seconds, Stopping threads took: 0.0000204 seconds
79.842: [GC (Allocation Failure)  863174K->543654K(1033728K), 0.0047909 secs]
79.846: Total time for which application threads were stopped: 0.0049737 seconds, Stopping threads took: 0.0000206 seconds
79.914: [GC (Allocation Failure)  863142K->544334K(1033728K), 0.0048954 secs]
79.919: Total time for which application threads were stopped: 0.0050708 seconds, Stopping threads took: 0.0000219 seconds
79.987: [GC (Allocation Failure)  863822K->551728K(1033728K), 0.0047628 secs]
79.992: Total time for which application threads were stopped: 0.0049327 seconds, Stopping threads took: 0.0000208 seconds
80.059: [GC (Allocation Failure)  871216K->551728K(1033728K), 0.0047161 secs]
80.064: Total time for which application threads were stopped: 0.0048870 seconds, Stopping threads took: 0.0000207 seconds
80.130: [GC (Allocation Failure)  871216K->551752K(1033728K), 0.0048283 secs]
80.135: Total time for which application threads were stopped: 0.0050010 seconds, Stopping threads took: 0.0000213 seconds
80.201: [GC (Allocation Failure)  871240K->559786K(1032704K), 0.0047703 secs]
80.206: Total time for which application threads were stopped: 0.0049349 seconds, Stopping threads took: 0.0000215 seconds
80.273: [GC (Allocation Failure)  878250K->559722K(1033216K), 0.0044793 secs]
80.278: Total time for which application threads were stopped: 0.0046344 seconds, Stopping threads took: 0.0000272 seconds
80.342: [GC (Allocation Failure)  878186K->560770K(1033728K), 0.0052328 secs]
80.348: Total time for which application threads were stopped: 0.0054098 seconds, Stopping threads took: 0.0000279 seconds
80.415: [GC (Allocation Failure)  879746K->567780K(1033216K), 0.0045580 secs]
80.419: Total time for which application threads were stopped: 0.0047166 seconds, Stopping threads took: 0.0000196 seconds
80.486: [GC (Allocation Failure)  886756K->567780K(1033728K), 0.0047198 secs]
80.491: Total time for which application threads were stopped: 0.0049105 seconds, Stopping threads took: 0.0000249 seconds
80.559: [GC (Allocation Failure)  886756K->568484K(1033216K), 0.0051246 secs]
80.565: Total time for which application threads were stopped: 0.0052818 seconds, Stopping threads took: 0.0000173 seconds
80.632: [GC (Allocation Failure)  887460K->575783K(1032704K), 0.0049795 secs]
80.637: Total time for which application threads were stopped: 0.0051648 seconds, Stopping threads took: 0.0000194 seconds
80.704: [GC (Allocation Failure)  894247K->575751K(1033216K), 0.0045746 secs]
80.709: Total time for which application threads were stopped: 0.0047589 seconds, Stopping threads took: 0.0000175 seconds
80.775: [GC (Allocation Failure)  894215K->576231K(1032704K), 0.0063960 secs]
80.782: Total time for which application threads were stopped: 0.0065655 seconds, Stopping threads took: 0.0000200 seconds
80.848: [GC (Allocation Failure)  894695K->583817K(1033216K), 0.0046405 secs]
80.852: Total time for which application threads were stopped: 0.0048335 seconds, Stopping threads took: 0.0000193 seconds
80.920: [GC (Allocation Failure)  902281K->583849K(1033216K), 0.0050442 secs]
80.925: Total time for which application threads were stopped: 0.0052420 seconds, Stopping threads took: 0.0000171 seconds
80.992: [GC (Allocation Failure)  902313K->584457K(1033216K), 0.0049873 secs]
80.997: Total time for which application threads were stopped: 0.0051487 seconds, Stopping threads took: 0.0000172 seconds
81.064: [GC (Allocation Failure)  902921K->591883K(1033216K), 0.0046282 secs]
81.069: Total time for which application threads were stopped: 0.0048256 seconds, Stopping threads took: 0.0000205 seconds
81.136: [GC (Allocation Failure)  910347K->591883K(1033216K), 0.0049739 secs]
81.141: Total time for which application threads were stopped: 0.0051424 seconds, Stopping threads took: 0.0000201 seconds
81.206: [GC (Allocation Failure)  910347K->591907K(1033216K), 0.0051032 secs]
81.211: Total time for which application threads were stopped: 0.0052706 seconds, Stopping threads took: 0.0000201 seconds
81.279: [GC (Allocation Failure)  910371K->599878K(1033216K), 0.0046678 secs]
81.284: Total time for which application threads were stopped: 0.0048424 seconds, Stopping threads took: 0.0000280 seconds
81.351: [GC (Allocation Failure)  918342K->599878K(1033216K), 0.0049431 secs]
81.356: Total time for which application threads were stopped: 0.0051166 seconds, Stopping threads took: 0.0000211 seconds
81.422: [GC (Allocation Failure)  918342K->599934K(1033216K), 0.0051429 secs]
81.428: Total time for which application threads were stopped: 0.0053130 seconds, Stopping threads took: 0.0000204 seconds
81.495: [GC (Allocation Failure)  918398K->607904K(1033216K), 0.0048226 secs]
81.500: Total time for which application threads were stopped: 0.0049856 seconds, Stopping threads took: 0.0000196 seconds
81.565: [GC (Allocation Failure)  926368K->607904K(1033216K), 0.0047244 secs]
81.570: Total time for which application threads were stopped: 0.0049020 seconds, Stopping threads took: 0.0000287 seconds
81.638: [GC (Allocation Failure)  926368K->608136K(1033216K), 0.0048925 secs]
81.643: Total time for which application threads were stopped: 0.0051538 seconds, Stopping threads took: 0.0000198 seconds
81.708: [GC (Allocation Failure)  926600K->615978K(1033216K), 0.0047683 secs]
81.713: Total time for which application threads were stopped: 0.0049317 seconds, Stopping threads took: 0.0000206 seconds
81.778: [GC (Allocation Failure)  934442K->615946K(1033216K), 0.0049890 secs]
81.783: Total time for which application threads were stopped: 0.0051759 seconds, Stopping threads took: 0.0000257 seconds
81.849: [GC (Allocation Failure)  934410K->616362K(1033216K), 0.0051443 secs]
81.855: Total time for which application threads were stopped: 0.0053046 seconds, Stopping threads took: 0.0000176 seconds
81.922: [GC (Allocation Failure)  934826K->624012K(1033216K), 0.0089431 secs]
81.931: Total time for which application threads were stopped: 0.0091106 seconds, Stopping threads took: 0.0000209 seconds
81.998: [GC (Allocation Failure)  942476K->623980K(1033216K), 0.0048521 secs]
82.003: Total time for which application threads were stopped: 0.0050179 seconds, Stopping threads took: 0.0000199 seconds
82.067: [GC (Allocation Failure)  942444K->624068K(1033216K), 0.0051504 secs]
82.072: Total time for which application threads were stopped: 0.0053103 seconds, Stopping threads took: 0.0000195 seconds
82.139: [GC (Allocation Failure)  942532K->632007K(1033216K), 0.0046909 secs]
82.143: Total time for which application threads were stopped: 0.0048592 seconds, Stopping threads took: 0.0000200 seconds
82.211: [GC (Allocation Failure)  950471K->631975K(1033216K), 0.0050255 secs]
82.216: Total time for which application threads were stopped: 0.0051945 seconds, Stopping threads took: 0.0000194 seconds
82.280: [GC (Allocation Failure)  950439K->632071K(1033216K), 0.0048754 secs]
82.285: Total time for which application threads were stopped: 0.0050365 seconds, Stopping threads took: 0.0000266 seconds
82.352: [GC (Allocation Failure)  950535K->640073K(1033216K), 0.0050347 secs]
82.357: Total time for which application threads were stopped: 0.0052535 seconds, Stopping threads took: 0.0000200 seconds
82.423: [GC (Allocation Failure)  958537K->632423K(1033216K), 0.0018280 secs]
82.425: Total time for which application threads were stopped: 0.0019477 seconds, Stopping threads took: 0.0000166 seconds
82.491: [GC (Allocation Failure)  950887K->640241K(1033216K), 0.0048763 secs]
82.496: Total time for which application threads were stopped: 0.0050371 seconds, Stopping threads took: 0.0000201 seconds
82.562: [GC (Allocation Failure)  958705K->644177K(1033216K), 0.0064064 secs]
82.568: Total time for which application threads were stopped: 0.0065625 seconds, Stopping threads took: 0.0000193 seconds
82.633: [GC (Allocation Failure)  962641K->644943K(1032192K), 0.0070886 secs]
82.640: Total time for which application threads were stopped: 0.0072493 seconds, Stopping threads took: 0.0000195 seconds
82.707: [GC (Allocation Failure)  962383K->644337K(1032704K), 0.0047064 secs]
82.712: Total time for which application threads were stopped: 0.0048699 seconds, Stopping threads took: 0.0000197 seconds
82.780: [GC (Allocation Failure)  961777K->644209K(1033216K), 0.0048065 secs]
82.785: Total time for which application threads were stopped: 0.0049696 seconds, Stopping threads took: 0.0000205 seconds
82.851: [GC (Allocation Failure)  962161K->646537K(1032704K), 0.0055033 secs]
82.856: Total time for which application threads were stopped: 0.0056697 seconds, Stopping threads took: 0.0000268 seconds
82.923: [GC (Allocation Failure)  964489K->652299K(1033216K), 0.0078859 secs]
82.931: Total time for which application threads were stopped: 0.0080767 seconds, Stopping threads took: 0.0000208 seconds
83.001: [GC (Allocation Failure)  970763K->652203K(1033216K), 0.0049706 secs]
83.006: Total time for which application threads were stopped: 0.0051437 seconds, Stopping threads took: 0.0000275 seconds
83.071: [GC (Allocation Failure)  970667K->654219K(1033728K), 0.0054240 secs]
83.076: Total time for which application threads were stopped: 0.0055928 seconds, Stopping threads took: 0.0000254 seconds
83.144: [GC (Allocation Failure)  973707K->660301K(1033728K), 0.0049438 secs]
83.149: Total time for which application threads were stopped: 0.0051056 seconds, Stopping threads took: 0.0000204 seconds
83.217: [GC (Allocation Failure)  979789K->660269K(1033728K), 0.0049858 secs]
83.222: Total time for which application threads were stopped: 0.0051664 seconds, Stopping threads took: 0.0000206 seconds
83.288: [GC (Allocation Failure)  979757K->661461K(1033728K), 0.0051210 secs]
83.293: Total time for which application threads were stopped: 0.0052793 seconds, Stopping threads took: 0.0000271 seconds
83.361: [GC (Allocation Failure)  980949K->668248K(1033728K), 0.0066076 secs]
83.367: Total time for which application threads were stopped: 0.0067884 seconds, Stopping threads took: 0.0000263 seconds
83.435: [GC (Allocation Failure)  987736K->668280K(1033728K), 0.0049068 secs]
83.440: Total time for which application threads were stopped: 0.0050850 seconds, Stopping threads took: 0.0000228 seconds
83.505: [GC (Allocation Failure)  987768K->668696K(1033728K), 0.0049092 secs]
83.510: Total time for which application threads were stopped: 0.0051164 seconds, Stopping threads took: 0.0000208 seconds
83.578: [GC (Allocation Failure)  988184K->676346K(1033728K), 0.0085498 secs]
83.586: Total time for which application threads were stopped: 0.0087259 seconds, Stopping threads took: 0.0000201 seconds
83.653: [GC (Allocation Failure)  995834K->676314K(1033728K), 0.0050695 secs]
83.659: Total time for which application threads were stopped: 0.0052634 seconds, Stopping threads took: 0.0000213 seconds
83.724: [GC (Allocation Failure)  995802K->680002K(1033728K), 0.0061119 secs]
83.730: Total time for which application threads were stopped: 0.0063302 seconds, Stopping threads took: 0.0000206 seconds
83.798: [GC (Allocation Failure)  999490K->684356K(1034240K), 0.0049372 secs]
83.803: Total time for which application threads were stopped: 0.0051075 seconds, Stopping threads took: 0.0000203 seconds
83.870: [GC (Allocation Failure)  1004868K->684388K(1034240K), 0.0051021 secs]
83.875: Total time for which application threads were stopped: 0.0052730 seconds, Stopping threads took: 0.0000202 seconds
83.943: [GC (Allocation Failure)  1004900K->685124K(1034240K), 0.0065706 secs]
83.949: [Full GC (Ergonomics)  685124K->9273K(1034240K), 0.0150121 secs]
83.964: Total time for which application threads were stopped: 0.0218398 seconds, Stopping threads took: 0.0000256 seconds
84.033: [GC (Allocation Failure)  329785K->18715K(1029632K), 0.0036881 secs]
84.037: Total time for which application threads were stopped: 0.0038658 seconds, Stopping threads took: 0.0000174 seconds
84.107: [GC (Allocation Failure)  339227K->18651K(1033728K), 0.0039105 secs]
84.111: Total time for which application threads were stopped: 0.0040607 seconds, Stopping threads took: 0.0000171 seconds
84.178: [GC (Allocation Failure)  338139K->20699K(1033728K), 0.0041563 secs]
84.183: Total time for which application threads were stopped: 0.0043176 seconds, Stopping threads took: 0.0000202 seconds
84.252: [GC (Allocation Failure)  340187K->26717K(1033728K), 0.0038706 secs]
84.256: Total time for which application threads were stopped: 0.0040335 seconds, Stopping threads took: 0.0000211 seconds
84.323: [GC (Allocation Failure)  346205K->26653K(1033728K), 0.0042240 secs]
84.327: Total time for which application threads were stopped: 0.0043794 seconds, Stopping threads took: 0.0000211 seconds
84.394: [GC (Allocation Failure)  346141K->27909K(1033216K), 0.0042191 secs]
84.398: Total time for which application threads were stopped: 0.0044164 seconds, Stopping threads took: 0.0000213 seconds
84.468: [GC (Allocation Failure)  347397K->34760K(1033728K), 0.0038750 secs]
84.472: Total time for which application threads were stopped: 0.0040353 seconds, Stopping threads took: 0.0000206 seconds
84.538: [GC (Allocation Failure)  354248K->34728K(1034240K), 0.0038370 secs]
84.542: Total time for which application threads were stopped: 0.0040296 seconds, Stopping threads took: 0.0000210 seconds
84.610: [GC (Allocation Failure)  354728K->35624K(1033728K), 0.0037369 secs]
84.614: Total time for which application threads were stopped: 0.0038868 seconds, Stopping threads took: 0.0000181 seconds
84.681: [GC (Allocation Failure)  355624K->42762K(1033728K), 0.0038295 secs]
84.685: Total time for which application threads were stopped: 0.0039978 seconds, Stopping threads took: 0.0000223 seconds
84.753: [GC (Allocation Failure)  362250K->42762K(1033728K), 0.0038859 secs]
84.757: Total time for which application threads were stopped: 0.0040618 seconds, Stopping threads took: 0.0000215 seconds
84.825: [GC (Allocation Failure)  362250K->43370K(1033216K), 0.0040947 secs]
84.829: Total time for which application threads were stopped: 0.0042645 seconds, Stopping threads took: 0.0000278 seconds
84.894: [GC (Allocation Failure)  362858K->50828K(1033728K), 0.0041179 secs]
84.898: Total time for which application threads were stopped: 0.0042748 seconds, Stopping threads took: 0.0000201 seconds
84.967: [GC (Allocation Failure)  370316K->50828K(1033728K), 0.0037188 secs]
84.970: Total time for which application threads were stopped: 0.0038928 seconds, Stopping threads took: 0.0000207 seconds
85.037: [GC (Allocation Failure)  370316K->51044K(1033728K), 0.0040079 secs]
85.041: Total time for which application threads were stopped: 0.0041582 seconds, Stopping threads took: 0.0000177 seconds
85.108: [GC (Allocation Failure)  370532K->58918K(1033728K), 0.0038990 secs]
85.112: Total time for which application threads were stopped: 0.0040702 seconds, Stopping threads took: 0.0000205 seconds
85.180: [GC (Allocation Failure)  378406K->58822K(1033728K), 0.0038144 secs]
85.184: Total time for which application threads were stopped: 0.0039856 seconds, Stopping threads took: 0.0000211 seconds
85.249: [GC (Allocation Failure)  378310K->59814K(1033728K), 0.0040404 secs]
85.253: Total time for which application threads were stopped: 0.0042194 seconds, Stopping threads took: 0.0000209 seconds
85.323: [GC (Allocation Failure)  379302K->66921K(1033728K), 0.0037936 secs]
85.327: Total time for which application threads were stopped: 0.0039592 seconds, Stopping threads took: 0.0000260 seconds
85.395: [GC (Allocation Failure)  386409K->66857K(1033728K), 0.0040361 secs]
85.399: Total time for which application threads were stopped: 0.0042184 seconds, Stopping threads took: 0.0000214 seconds
85.466: [GC (Allocation Failure)  386345K->67017K(1033728K), 0.0039135 secs]
85.470: Total time for which application threads were stopped: 0.0040723 seconds, Stopping threads took: 0.0000256 seconds
85.537: [GC (Allocation Failure)  386505K->74955K(1033728K), 0.0039762 secs]
85.541: Total time for which application threads were stopped: 0.0041587 seconds, Stopping threads took: 0.0000206 seconds
85.610: [GC (Allocation Failure)  394443K->74923K(1033728K), 0.0039355 secs]
85.614: Total time for which application threads were stopped: 0.0041472 seconds, Stopping threads took: 0.0000204 seconds
85.680: [GC (Allocation Failure)  394411K->76267K(1033728K), 0.0042446 secs]
85.685: Total time for which application threads were stopped: 0.0044313 seconds, Stopping threads took: 0.0000212 seconds
85.750: [GC (Allocation Failure)  395755K->82989K(1033728K), 0.0039200 secs]
85.754: Total time for which application threads were stopped: 0.0041196 seconds, Stopping threads took: 0.0000216 seconds
85.824: [GC (Allocation Failure)  402477K->82925K(1033728K), 0.0036926 secs]
85.828: Total time for which application threads were stopped: 0.0038695 seconds, Stopping threads took: 0.0000288 seconds
85.893: [GC (Allocation Failure)  402413K->83493K(1033728K), 0.0040096 secs]
85.897: Total time for which application threads were stopped: 0.0042046 seconds, Stopping threads took: 0.0000200 seconds
85.965: [GC (Allocation Failure)  402981K->90983K(1033728K), 0.0040042 secs]
85.969: Total time for which application threads were stopped: 0.0041966 seconds, Stopping threads took: 0.0000198 seconds
86.038: [GC (Allocation Failure)  410471K->90951K(1033728K), 0.0038168 secs]
86.042: Total time for which application threads were stopped: 0.0039783 seconds, Stopping threads took: 0.0000200 seconds
86.107: [GC (Allocation Failure)  410439K->91751K(1033728K), 0.0040924 secs]
86.111: Total time for which application threads were stopped: 0.0042619 seconds, Stopping threads took: 0.0000197 seconds
86.178: [GC (Allocation Failure)  411239K->98986K(1033728K), 0.0042185 secs]
86.183: Total time for which application threads were stopped: 0.0043919 seconds, Stopping threads took: 0.0000214 seconds
86.252: [GC (Allocation Failure)  418474K->98986K(1033728K), 0.0036682 secs]
86.255: Total time for which application threads were stopped: 0.0038374 seconds, Stopping threads took: 0.0000201 seconds
86.322: [GC (Allocation Failure)  418474K->99978K(1033728K), 0.0041043 secs]
86.327: Total time for which application threads were stopped: 0.0042753 seconds, Stopping threads took: 0.0000284 seconds
86.394: [GC (Allocation Failure)  419466K->107052K(1033728K), 0.0038984 secs]
86.398: Total time for which application threads were stopped: 0.0040752 seconds, Stopping threads took: 0.0000201 seconds
86.467: [GC (Allocation Failure)  426540K->107020K(1033728K), 0.0041000 secs]
86.471: Total time for which application threads were stopped: 0.0042613 seconds, Stopping threads took: 0.0000200 seconds
86.536: [GC (Allocation Failure)  426508K->107172K(1033728K), 0.0040843 secs]
86.540: Total time for which application threads were stopped: 0.0042636 seconds, Stopping threads took: 0.0000203 seconds
86.608: [GC (Allocation Failure)  426660K->115046K(1027072K), 0.0040963 secs]
86.612: Total time for which application threads were stopped: 0.0042687 seconds, Stopping threads took: 0.0000207 seconds
86.681: [GC (Allocation Failure)  434534K->115046K(1033216K), 0.0037350 secs]
86.685: Total time for which application threads were stopped: 0.0038984 seconds, Stopping threads took: 0.0000209 seconds
86.752: [GC (Allocation Failure)  433510K->115398K(1033216K), 0.0040626 secs]
86.756: Total time for which application threads were stopped: 0.0042534 seconds, Stopping threads took: 0.0000201 seconds
86.824: [GC (Allocation Failure)  433862K->123113K(1033216K), 0.0037430 secs]
86.827: Total time for which application threads were stopped: 0.0039151 seconds, Stopping threads took: 0.0000204 seconds
86.893: [GC (Allocation Failure)  441577K->123113K(1033216K), 0.0040926 secs]
86.898: Total time for which application threads were stopped: 0.0042530 seconds, Stopping threads took: 0.0000198 seconds
86.964: [GC (Allocation Failure)  441577K->123625K(1033216K), 0.0039678 secs]
86.968: Total time for which application threads were stopped: 0.0041322 seconds, Stopping threads took: 0.0000202 seconds
87.035: [GC (Allocation Failure)  442089K->131147K(1033216K), 0.0040587 secs]
87.040: Total time for which application threads were stopped: 0.0042193 seconds, Stopping threads took: 0.0000209 seconds
87.106: [GC (Allocation Failure)  449611K->131115K(1033216K), 0.0040234 secs]
87.110: Total time for which application threads were stopped: 0.0041854 seconds, Stopping threads took: 0.0000199 seconds
87.175: [GC (Allocation Failure)  449579K->131363K(1033216K), 0.0040665 secs]
87.179: Total time for which application threads were stopped: 0.0042402 seconds, Stopping threads took: 0.0000190 seconds
87.247: [GC (Allocation Failure)  449827K->139141K(1033216K), 0.0041292 secs]
87.252: Total time for which application threads were stopped: 0.0042975 seconds, Stopping threads took: 0.0000196 seconds
87.321: [GC (Allocation Failure)  457605K->139141K(1033216K), 0.0039225 secs]
87.325: Total time for which application threads were stopped: 0.0040980 seconds, Stopping threads took: 0.0000264 seconds
87.390: [GC (Allocation Failure)  457605K->139205K(1033216K), 0.0042122 secs]
87.394: Total time for which application threads were stopped: 0.0043879 seconds, Stopping threads took: 0.0000264 seconds
87.460: [GC (Allocation Failure)  457669K->147175K(1033216K), 0.0042017 secs]
87.464: Total time for which application threads were stopped: 0.0043770 seconds, Stopping threads took: 0.0000215 seconds
87.530: [GC (Allocation Failure)  465639K->147207K(1033216K), 0.0039290 secs]
87.534: Total time for which application threads were stopped: 0.0041204 seconds, Stopping threads took: 0.0000211 seconds
87.602: [GC (Allocation Failure)  465671K->147295K(1033216K), 0.0041265 secs]
87.606: Total time for which application threads were stopped: 0.0043011 seconds, Stopping threads took: 0.0000209 seconds
87.672: [GC (Allocation Failure)  465759K->155202K(1033216K), 0.0040811 secs]
87.676: Total time for which application threads were stopped: 0.0042478 seconds, Stopping threads took: 0.0000196 seconds
87.741: [GC (Allocation Failure)  473666K->155234K(1033216K), 0.0041894 secs]
87.746: Total time for which application threads were stopped: 0.0043467 seconds, Stopping threads took: 0.0000194 seconds
87.810: [GC (Allocation Failure)  473698K->155522K(1033216K), 0.0042866 secs]
87.815: Total time for which application threads were stopped: 0.0044464 seconds, Stopping threads took: 0.0000202 seconds
87.882: [GC (Allocation Failure)  473986K->163236K(1033216K), 0.0041703 secs]
87.886: Total time for which application threads were stopped: 0.0043353 seconds, Stopping threads took: 0.0000196 seconds
87.952: [GC (Allocation Failure)  481700K->163236K(1033216K), 0.0040916 secs]
87.957: Total time for which application threads were stopped: 0.0042570 seconds, Stopping threads took: 0.0000195 seconds
88.021: [GC (Allocation Failure)  481700K->163524K(1033216K), 0.0043409 secs]
88.025: Total time for which application threads were stopped: 0.0045349 seconds, Stopping threads took: 0.0000192 seconds
88.093: [GC (Allocation Failure)  481988K->171270K(1033216K), 0.0039312 secs]
88.097: Total time for which application threads were stopped: 0.0040790 seconds, Stopping threads took: 0.0000173 seconds
88.164: [GC (Allocation Failure)  489734K->164388K(1033216K), 0.0011748 secs]
88.165: Total time for which application threads were stopped: 0.0012947 seconds, Stopping threads took: 0.0000196 seconds
88.235: [GC (Allocation Failure)  482852K->171462K(1033728K), 0.0040355 secs]
88.239: Total time for which application threads were stopped: 0.0041943 seconds, Stopping threads took: 0.0000172 seconds
88.306: [GC (Allocation Failure)  490438K->175446K(1033216K), 0.0048507 secs]
88.311: Total time for which application threads were stopped: 0.0050197 seconds, Stopping threads took: 0.0000269 seconds
88.378: [GC (Allocation Failure)  494422K->177940K(1032192K), 0.0053399 secs]
88.383: Total time for which application threads were stopped: 0.0055127 seconds, Stopping threads took: 0.0000206 seconds
88.452: [GC (Allocation Failure)  495380K->175542K(1032704K), 0.0040472 secs]
88.456: Total time for which application threads were stopped: 0.0042242 seconds, Stopping threads took: 0.0000207 seconds
88.524: [GC (Allocation Failure)  492982K->175446K(1033216K), 0.0041629 secs]
88.528: Total time for which application threads were stopped: 0.0043349 seconds, Stopping threads took: 0.0000210 seconds
88.594: [GC (Allocation Failure)  493398K->179550K(1032704K), 0.0053276 secs]
88.599: Total time for which application threads were stopped: 0.0055002 seconds, Stopping threads took: 0.0000204 seconds
88.666: [GC (Allocation Failure)  497502K->183520K(1033728K), 0.0042549 secs]
88.670: Total time for which application threads were stopped: 0.0044270 seconds, Stopping threads took: 0.0000209 seconds
88.738: [GC (Allocation Failure)  502496K->183456K(1033216K), 0.0041662 secs]
88.743: Total time for which application threads were stopped: 0.0043281 seconds, Stopping threads took: 0.0000206 seconds
88.809: [GC (Allocation Failure)  502432K->184200K(1033728K), 0.0043302 secs]
88.814: Total time for which application threads were stopped: 0.0045324 seconds, Stopping threads took: 0.0000192 seconds
88.882: [GC (Allocation Failure)  503688K->191531K(1033728K), 0.0041415 secs]
88.887: Total time for which application threads were stopped: 0.0043011 seconds, Stopping threads took: 0.0000178 seconds
88.955: [GC (Allocation Failure)  511019K->191499K(1033728K), 0.0040242 secs]
88.959: Total time for which application threads were stopped: 0.0042204 seconds, Stopping threads took: 0.0000198 seconds
89.027: [GC (Allocation Failure)  510987K->195523K(1033728K), 0.0052288 secs]
89.032: Total time for which application threads were stopped: 0.0054117 seconds, Stopping threads took: 0.0000173 seconds
89.101: [GC (Allocation Failure)  515011K->199557K(1034240K), 0.0040319 secs]
89.105: Total time for which application threads were stopped: 0.0042087 seconds, Stopping threads took: 0.0000281 seconds
89.172: [GC (Allocation Failure)  520069K->199525K(1034240K), 0.0041428 secs]
89.177: Total time for which application threads were stopped: 0.0043364 seconds, Stopping threads took: 0.0000198 seconds
89.245: [GC (Allocation Failure)  520037K->200653K(1034240K), 0.0045786 secs]
89.249: Total time for which application threads were stopped: 0.0047573 seconds, Stopping threads took: 0.0000276 seconds
89.318: [GC (Allocation Failure)  521165K->207599K(1034240K), 0.0039311 secs]
89.322: Total time for which application threads were stopped: 0.0040956 seconds, Stopping threads took: 0.0000262 seconds
89.389: [GC (Allocation Failure)  528111K->207567K(1034240K), 0.0042167 secs]
89.394: Total time for which application threads were stopped: 0.0043754 seconds, Stopping threads took: 0.0000198 seconds
89.460: [GC (Allocation Failure)  528079K->210951K(1034240K), 0.0050429 secs]
89.466: Total time for which application threads were stopped: 0.0052133 seconds, Stopping threads took: 0.0000192 seconds
89.533: [GC (Allocation Failure)  531463K->215689K(1034752K), 0.0038608 secs]
89.537: Total time for which application threads were stopped: 0.0040551 seconds, Stopping threads took: 0.0000198 seconds
89.606: [GC (Allocation Failure)  537225K->215593K(1034752K), 0.0043228 secs]
89.611: Total time for which application threads were stopped: 0.0044740 seconds, Stopping threads took: 0.0000172 seconds
89.676: [GC (Allocation Failure)  537129K->219177K(1034752K), 0.0050937 secs]
89.681: Total time for which application threads were stopped: 0.0052614 seconds, Stopping threads took: 0.0000221 seconds
89.751: [GC (Allocation Failure)  540713K->223660K(1034752K), 0.0043299 secs]
89.755: Total time for which application threads were stopped: 0.0044934 seconds, Stopping threads took: 0.0000202 seconds
89.823: [GC (Allocation Failure)  545196K->223628K(1035264K), 0.0041770 secs]
89.827: Total time for which application threads were stopped: 0.0043588 seconds, Stopping threads took: 0.0000200 seconds
89.894: [GC (Allocation Failure)  545676K->224836K(1034752K), 0.0045597 secs]
89.899: Total time for which application threads were stopped: 0.0047306 seconds, Stopping threads took: 0.0000197 seconds
89.968: [GC (Allocation Failure)  546884K->231686K(1034752K), 0.0039046 secs]
89.972: Total time for which application threads were stopped: 0.0040777 seconds, Stopping threads took: 0.0000203 seconds
90.040: [GC (Allocation Failure)  553222K->231654K(1034752K), 0.0041324 secs]
90.044: Total time for which application threads were stopped: 0.0043289 seconds, Stopping threads took: 0.0000205 seconds
90.111: [GC (Allocation Failure)  553190K->234662K(1034752K), 0.0050498 secs]
90.116: Total time for which application threads were stopped: 0.0052116 seconds, Stopping threads took: 0.0000197 seconds
90.183: [GC (Allocation Failure)  556198K->239752K(1034752K), 0.0041821 secs]
90.187: Total time for which application threads were stopped: 0.0043566 seconds, Stopping threads took: 0.0000204 seconds
90.254: [GC (Allocation Failure)  561288K->239688K(1034752K), 0.0043057 secs]
90.258: Total time for which application threads were stopped: 0.0045108 seconds, Stopping threads took: 0.0000210 seconds
90.325: [GC (Allocation Failure)  561224K->239752K(1034752K), 0.0043751 secs]
90.330: Total time for which application threads were stopped: 0.0045541 seconds, Stopping threads took: 0.0000197 seconds
90.395: [GC (Allocation Failure)  561288K->247755K(1034752K), 0.0042794 secs]
90.400: Total time for which application threads were stopped: 0.0044397 seconds, Stopping threads took: 0.0000195 seconds
90.467: [GC (Allocation Failure)  569291K->247723K(1034752K), 0.0043777 secs]
90.471: Total time for which application threads were stopped: 0.0045342 seconds, Stopping threads took: 0.0000194 seconds
90.538: [GC (Allocation Failure)  569259K->248995K(1033728K), 0.0064703 secs]
90.544: Total time for which application threads were stopped: 0.0066474 seconds, Stopping threads took: 0.0000199 seconds
90.613: [GC (Allocation Failure)  569507K->255781K(1034240K), 0.0042576 secs]
90.617: Total time for which application threads were stopped: 0.0044321 seconds, Stopping threads took: 0.0000229 seconds
90.684: [GC (Allocation Failure)  576293K->255781K(1034240K), 0.0042692 secs]
90.688: Total time for which application threads were stopped: 0.0044418 seconds, Stopping threads took: 0.0000205 seconds
90.753: [GC (Allocation Failure)  576293K->259301K(1034240K), 0.0152239 secs]
90.768: Total time for which application threads were stopped: 0.0153772 seconds, Stopping threads took: 0.0000198 seconds
90.835: [GC (Allocation Failure)  579813K->263815K(1034752K), 0.0041969 secs]
90.839: Total time for which application threads were stopped: 0.0043773 seconds, Stopping threads took: 0.0000290 seconds
90.909: [GC (Allocation Failure)  585351K->263815K(1034752K), 0.0043612 secs]
90.914: Total time for which application threads were stopped: 0.0045264 seconds, Stopping threads took: 0.0000215 seconds
90.984: [GC (Allocation Failure)  585351K->267495K(1035264K), 0.0051121 secs]
90.989: Total time for which application threads were stopped: 0.0052719 seconds, Stopping threads took: 0.0000200 seconds
91.055: [GC (Allocation Failure)  589543K->271881K(1034752K), 0.0043674 secs]
91.060: Total time for which application threads were stopped: 0.0045295 seconds, Stopping threads took: 0.0000196 seconds
91.127: [GC (Allocation Failure)  593929K->271817K(1035264K), 0.0044009 secs]
91.132: Total time for which application threads were stopped: 0.0046216 seconds, Stopping threads took: 0.0000197 seconds
91.201: [GC (Allocation Failure)  593865K->274249K(1034752K), 0.0046884 secs]
91.206: Total time for which application threads were stopped: 0.0048878 seconds, Stopping threads took: 0.0000198 seconds
91.274: [GC (Allocation Failure)  596297K->279980K(1034240K), 0.0044324 secs]
91.279: Total time for which application threads were stopped: 0.0046046 seconds, Stopping threads took: 0.0000213 seconds
91.348: [GC (Allocation Failure)  601516K->279884K(1034752K), 0.0039852 secs]
91.352: Total time for which application threads were stopped: 0.0041502 seconds, Stopping threads took: 0.0000209 seconds
91.419: [GC (Allocation Failure)  601420K->283980K(1035264K), 0.0053865 secs]
91.425: Total time for which application threads were stopped: 0.0055836 seconds, Stopping threads took: 0.0000200 seconds
91.495: [GC (Allocation Failure)  606540K->287950K(1035264K), 0.0043433 secs]
91.499: Total time for which application threads were stopped: 0.0045368 seconds, Stopping threads took: 0.0000202 seconds
91.568: [GC (Allocation Failure)  610510K->287886K(1035264K), 0.0044270 secs]
91.573: Total time for which application threads were stopped: 0.0046217 seconds, Stopping threads took: 0.0000201 seconds
91.641: [GC (Allocation Failure)  610446K->288134K(1022464K), 0.0045634 secs]
91.646: Total time for which application threads were stopped: 0.0047346 seconds, Stopping threads took: 0.0000194 seconds
91.714: [GC (Allocation Failure)  610694K->295944K(1034752K), 0.0042697 secs]
91.719: Total time for which application threads were stopped: 0.0044366 seconds, Stopping threads took: 0.0000194 seconds
91.787: [GC (Allocation Failure)  617480K->295912K(1034752K), 0.0056542 secs]
91.792: Total time for which application threads were stopped: 0.0058478 seconds, Stopping threads took: 0.0000268 seconds
91.857: [GC (Allocation Failure)  617448K->298376K(1034752K), 0.0046363 secs]
91.862: Total time for which application threads were stopped: 0.0048334 seconds, Stopping threads took: 0.0000203 seconds
91.931: [GC (Allocation Failure)  619912K->304170K(1034752K), 0.0051442 secs]
91.936: Total time for which application threads were stopped: 0.0053465 seconds, Stopping threads took: 0.0000232 seconds
92.003: [GC (Allocation Failure)  625706K->303946K(1034752K), 0.0042440 secs]
92.007: Total time for which application threads were stopped: 0.0044386 seconds, Stopping threads took: 0.0000203 seconds
92.075: [GC (Allocation Failure)  625482K->307658K(1034752K), 0.0053152 secs]
92.080: Total time for which application threads were stopped: 0.0054985 seconds, Stopping threads took: 0.0000193 seconds
92.148: [GC (Allocation Failure)  629194K->312141K(1035264K), 0.0044113 secs]
92.152: Total time for which application threads were stopped: 0.0045730 seconds, Stopping threads took: 0.0000202 seconds
92.222: [GC (Allocation Failure)  634701K->312013K(1035264K), 0.0040879 secs]
92.226: Total time for which application threads were stopped: 0.0042854 seconds, Stopping threads took: 0.0000284 seconds
92.296: [GC (Allocation Failure)  634573K->306794K(1035264K), 0.0022236 secs]
92.298: Total time for which application threads were stopped: 0.0023846 seconds, Stopping threads took: 0.0000261 seconds
92.366: [GC (Allocation Failure)  629354K->312077K(1035264K), 0.0043369 secs]
92.371: Total time for which application threads were stopped: 0.0045029 seconds, Stopping threads took: 0.0000196 seconds
92.438: [GC (Allocation Failure)  634637K->311981K(1035264K), 0.0043849 secs]
92.443: Total time for which application threads were stopped: 0.0045523 seconds, Stopping threads took: 0.0000189 seconds
92.512: [GC (Allocation Failure)  634541K->311114K(1035264K), 0.0041978 secs]
92.516: Total time for which application threads were stopped: 0.0043704 seconds, Stopping threads took: 0.0000191 seconds
92.582: [GC (Allocation Failure)  633674K->312045K(1035776K), 0.0045150 secs]
92.587: Total time for which application threads were stopped: 0.0046756 seconds, Stopping threads took: 0.0000199 seconds
92.654: [GC (Allocation Failure)  635629K->312013K(1035776K), 0.0043377 secs]
92.658: Total time for which application threads were stopped: 0.0045294 seconds, Stopping threads took: 0.0000202 seconds
92.727: [GC (Allocation Failure)  635597K->317410K(1031680K), 0.0069987 secs]
92.734: Total time for which application threads were stopped: 0.0071699 seconds, Stopping threads took: 0.0000208 seconds
92.801: [GC (Allocation Failure)  636898K->312677K(1033728K), 0.0065509 secs]
92.808: Total time for which application threads were stopped: 0.0067329 seconds, Stopping threads took: 0.0000285 seconds
92.877: [GC (Allocation Failure)  632165K->312709K(1034752K), 0.0044538 secs]
92.882: Total time for which application threads were stopped: 0.0046472 seconds, Stopping threads took: 0.0000215 seconds
92.951: [GC (Allocation Failure)  633733K->314786K(1034240K), 0.0052951 secs]
92.956: Total time for which application threads were stopped: 0.0054376 seconds, Stopping threads took: 0.0000136 seconds
93.024: [GC (Allocation Failure)  635810K->312869K(1034752K), 0.0044566 secs]
93.029: Total time for which application threads were stopped: 0.0046146 seconds, Stopping threads took: 0.0000178 seconds
93.097: [GC (Allocation Failure)  633893K->312677K(1034240K), 0.0043912 secs]
93.102: Total time for which application threads were stopped: 0.0045699 seconds, Stopping threads took: 0.0000201 seconds
93.167: [GC (Allocation Failure)  633701K->314466K(1035264K), 0.0053014 secs]
93.173: Total time for which application threads were stopped: 0.0054639 seconds, Stopping threads took: 0.0000204 seconds
93.241: [GC (Allocation Failure)  637026K->312837K(1035264K), 0.0045677 secs]
93.246: Total time for which application threads were stopped: 0.0047314 seconds, Stopping threads took: 0.0000199 seconds
93.314: [GC (Allocation Failure)  635397K->312709K(1036288K), 0.0042003 secs]
93.319: Total time for which application threads were stopped: 0.0043689 seconds, Stopping threads took: 0.0000268 seconds
93.387: [GC (Allocation Failure)  636805K->320258K(1035776K), 0.0084031 secs]
93.396: Total time for which application threads were stopped: 0.0085776 seconds, Stopping threads took: 0.0000207 seconds
93.465: [GC (Allocation Failure)  644354K->316133K(1032704K), 0.0052969 secs]
93.471: Total time for which application threads were stopped: 0.0054773 seconds, Stopping threads took: 0.0000199 seconds
93.538: [GC (Allocation Failure)  636645K->316037K(1034240K), 0.0044608 secs]
93.543: Total time for which application threads were stopped: 0.0046301 seconds, Stopping threads took: 0.0000206 seconds
93.610: [GC (Allocation Failure)  636549K->308994K(1032704K), 0.0014646 secs]
93.612: Total time for which application threads were stopped: 0.0015845 seconds, Stopping threads took: 0.0000172 seconds
93.680: [GC (Allocation Failure)  628482K->316101K(1033728K), 0.0041316 secs]
93.685: Total time for which application threads were stopped: 0.0042951 seconds, Stopping threads took: 0.0000214 seconds
93.752: [GC (Allocation Failure)  635589K->320149K(1034752K), 0.0055478 secs]
93.758: Total time for which application threads were stopped: 0.0057250 seconds, Stopping threads took: 0.0000201 seconds
93.826: [GC (Allocation Failure)  641173K->326114K(1034240K), 0.0071182 secs]
93.834: Total time for which application threads were stopped: 0.0072858 seconds, Stopping threads took: 0.0000192 seconds
93.901: [GC (Allocation Failure)  647138K->320645K(1033216K), 0.0044732 secs]
93.906: Total time for which application threads were stopped: 0.0046320 seconds, Stopping threads took: 0.0000201 seconds
93.972: [GC (Allocation Failure)  640133K->320357K(1033728K), 0.0050749 secs]
93.977: Total time for which application threads were stopped: 0.0052446 seconds, Stopping threads took: 0.0000200 seconds
94.045: [GC (Allocation Failure)  639845K->322946K(1034240K), 0.0055639 secs]
94.050: Total time for which application threads were stopped: 0.0057360 seconds, Stopping threads took: 0.0000207 seconds
94.117: [GC (Allocation Failure)  643458K->320549K(1034240K), 0.0050918 secs]
94.122: Total time for which application threads were stopped: 0.0052596 seconds, Stopping threads took: 0.0000200 seconds
94.190: [GC (Allocation Failure)  641061K->320389K(1034752K), 0.0043472 secs]
94.195: Total time for which application threads were stopped: 0.0045068 seconds, Stopping threads took: 0.0000200 seconds
94.261: [GC (Allocation Failure)  641925K->322114K(1034752K), 0.0068167 secs]
94.267: Total time for which application threads were stopped: 0.0069901 seconds, Stopping threads took: 0.0000206 seconds
94.336: [GC (Allocation Failure)  643650K->320453K(1035264K), 0.0042547 secs]
94.340: Total time for which application threads were stopped: 0.0044341 seconds, Stopping threads took: 0.0000308 seconds
94.409: [GC (Allocation Failure)  642501K->320357K(1034752K), 0.0042208 secs]
94.413: Total time for which application threads were stopped: 0.0043990 seconds, Stopping threads took: 0.0000273 seconds
94.482: [GC (Allocation Failure)  642405K->324354K(1033728K), 0.0059219 secs]
94.488: Total time for which application threads were stopped: 0.0060779 seconds, Stopping threads took: 0.0000170 seconds
94.555: [GC (Allocation Failure)  645890K->320421K(1034752K), 0.0064415 secs]
94.561: Total time for which application threads were stopped: 0.0066385 seconds, Stopping threads took: 0.0000255 seconds
94.628: [GC (Allocation Failure)  641957K->320357K(1035264K), 0.0045189 secs]
94.632: Total time for which application threads were stopped: 0.0046818 seconds, Stopping threads took: 0.0000200 seconds
94.700: [GC (Allocation Failure)  642917K->326586K(1035264K), 0.0073892 secs]
94.707: Total time for which application threads were stopped: 0.0075873 seconds, Stopping threads took: 0.0000274 seconds
94.776: [GC (Allocation Failure)  649146K->321373K(1033216K), 0.0042234 secs]
94.780: Total time for which application threads were stopped: 0.0043808 seconds, Stopping threads took: 0.0000167 seconds
94.848: [GC (Allocation Failure)  641885K->321373K(1034240K), 0.0042937 secs]
94.852: Total time for which application threads were stopped: 0.0044601 seconds, Stopping threads took: 0.0000254 seconds
94.919: [GC (Allocation Failure)  641885K->327778K(1031168K), 0.0115782 secs]
94.931: Total time for which application threads were stopped: 0.0117731 seconds, Stopping threads took: 0.0000204 seconds
94.998: [GC (Allocation Failure)  645218K->321701K(1032704K), 0.0045463 secs]
95.003: Total time for which application threads were stopped: 0.0047071 seconds, Stopping threads took: 0.0000175 seconds
95.070: [GC (Allocation Failure)  639141K->321509K(1033728K), 0.0042330 secs]
95.075: Total time for which application threads were stopped: 0.0044146 seconds, Stopping threads took: 0.0000202 seconds
95.143: [GC (Allocation Failure)  640485K->318466K(1033216K), 0.0033017 secs]
95.147: Total time for which application threads were stopped: 0.0034558 seconds, Stopping threads took: 0.0000165 seconds
95.216: [GC (Allocation Failure)  637442K->321669K(1033728K), 0.0044396 secs]
95.220: Total time for which application threads were stopped: 0.0046412 seconds, Stopping threads took: 0.0000211 seconds
95.290: [GC (Allocation Failure)  640645K->321541K(1033216K), 0.0043386 secs]
95.294: Total time for which application threads were stopped: 0.0045221 seconds, Stopping threads took: 0.0000176 seconds
95.363: [GC (Allocation Failure)  640517K->324125K(1033216K), 0.0051851 secs]
95.368: Total time for which application threads were stopped: 0.0053505 seconds, Stopping threads took: 0.0000196 seconds
95.436: [GC (Allocation Failure)  643613K->329663K(1033728K), 0.0046014 secs]
95.440: Total time for which application threads were stopped: 0.0047892 seconds, Stopping threads took: 0.0000202 seconds
95.508: [GC (Allocation Failure)  649151K->329535K(1034752K), 0.0044338 secs]
95.513: Total time for which application threads were stopped: 0.0046025 seconds, Stopping threads took: 0.0000204 seconds
95.579: [GC (Allocation Failure)  650559K->332903K(1034240K), 0.0053212 secs]
95.585: Total time for which application threads were stopped: 0.0054918 seconds, Stopping threads took: 0.0000202 seconds
95.655: [GC (Allocation Failure)  653927K->337673K(1035264K), 0.0045247 secs]
95.659: Total time for which application threads were stopped: 0.0046873 seconds, Stopping threads took: 0.0000203 seconds
95.727: [GC (Allocation Failure)  659721K->337577K(1034752K), 0.0044045 secs]
95.732: Total time for which application threads were stopped: 0.0045966 seconds, Stopping threads took: 0.0000199 seconds
95.801: [GC (Allocation Failure)  659625K->338569K(1034240K), 0.0045624 secs]
95.805: Total time for which application threads were stopped: 0.0047298 seconds, Stopping threads took: 0.0000272 seconds
95.873: [GC (Allocation Failure)  660105K->345611K(1034752K), 0.0042477 secs]
95.877: Total time for which application threads were stopped: 0.0044172 seconds, Stopping threads took: 0.0000194 seconds
95.945: [GC (Allocation Failure)  667147K->345579K(1035264K), 0.0043939 secs]
95.949: Total time for which application threads were stopped: 0.0045410 seconds, Stopping threads took: 0.0000256 seconds
96.017: [GC (Allocation Failure)  668139K->348803K(1035264K), 0.0052155 secs]
96.022: Total time for which application threads were stopped: 0.0053831 seconds, Stopping threads took: 0.0000270 seconds
96.090: [GC (Allocation Failure)  671363K->353862K(1035264K), 0.0044465 secs]
96.094: Total time for which application threads were stopped: 0.0046359 seconds, Stopping threads took: 0.0000197 seconds
96.162: [GC (Allocation Failure)  676422K->353670K(1035264K), 0.0042941 secs]
96.167: Total time for which application threads were stopped: 0.0044597 seconds, Stopping threads took: 0.0000200 seconds
96.232: [GC (Allocation Failure)  676230K->349027K(1035776K), 0.0063640 secs]
96.238: Total time for which application threads were stopped: 0.0065175 seconds, Stopping threads took: 0.0000189 seconds
96.307: [GC (Allocation Failure)  672611K->353798K(1035776K), 0.0044044 secs]
96.311: Total time for which application threads were stopped: 0.0045747 seconds, Stopping threads took: 0.0000291 seconds
96.379: [GC (Allocation Failure)  677382K->353638K(1035776K), 0.0044828 secs]
96.384: Total time for which application threads were stopped: 0.0046521 seconds, Stopping threads took: 0.0000199 seconds
96.452: [GC (Allocation Failure)  677222K->356387K(1034240K), 0.0056718 secs]
96.457: Total time for which application threads were stopped: 0.0058350 seconds, Stopping threads took: 0.0000199 seconds
96.525: [GC (Allocation Failure)  679971K->353766K(1035264K), 0.0044448 secs]
96.530: Total time for which application threads were stopped: 0.0046372 seconds, Stopping threads took: 0.0000200 seconds
96.599: [GC (Allocation Failure)  675814K->353638K(1034752K), 0.0045530 secs]
96.604: Total time for which application threads were stopped: 0.0047351 seconds, Stopping threads took: 0.0000173 seconds
96.673: [GC (Allocation Failure)  675686K->360659K(1030656K), 0.0078464 secs]
96.681: Total time for which application threads were stopped: 0.0079971 seconds, Stopping threads took: 0.0000169 seconds
96.749: [GC (Allocation Failure)  679123K->355990K(1033216K), 0.0043008 secs]
96.753: Total time for which application threads were stopped: 0.0044734 seconds, Stopping threads took: 0.0000201 seconds
96.821: [GC (Allocation Failure)  674454K->355894K(1034240K), 0.0066018 secs]
96.828: Total time for which application threads were stopped: 0.0067803 seconds, Stopping threads took: 0.0000288 seconds
96.894: [GC (Allocation Failure)  675894K->356531K(1033728K), 0.0051426 secs]
96.899: Total time for which application threads were stopped: 0.0053280 seconds, Stopping threads took: 0.0000204 seconds
96.968: [GC (Allocation Failure)  676531K->356182K(1035264K), 0.0045801 secs]
96.972: Total time for which application threads were stopped: 0.0047410 seconds, Stopping threads took: 0.0000208 seconds
97.040: [GC (Allocation Failure)  678230K->355958K(1034752K), 0.0043451 secs]
97.045: Total time for which application threads were stopped: 0.0045055 seconds, Stopping threads took: 0.0000195 seconds
97.114: [GC (Allocation Failure)  678006K->357235K(1035776K), 0.0051994 secs]
97.119: Total time for which application threads were stopped: 0.0053694 seconds, Stopping threads took: 0.0000205 seconds
97.187: [GC (Allocation Failure)  680819K->356118K(1035776K), 0.0044117 secs]
97.191: Total time for which application threads were stopped: 0.0045818 seconds, Stopping threads took: 0.0000208 seconds
97.259: [GC (Allocation Failure)  679702K->355926K(1036800K), 0.0042130 secs]
97.264: Total time for which application threads were stopped: 0.0043821 seconds, Stopping threads took: 0.0000203 seconds
97.332: [GC (Allocation Failure)  681046K->349747K(1026560K), 0.0019550 secs]
97.334: Total time for which application threads were stopped: 0.0021244 seconds, Stopping threads took: 0.0000267 seconds
97.404: [GC (Allocation Failure)  674867K->356094K(1036288K), 0.0042967 secs]
97.408: Total time for which application threads were stopped: 0.0044940 seconds, Stopping threads took: 0.0000201 seconds
97.478: [GC (Allocation Failure)  680190K->360078K(1035776K), 0.0052316 secs]
97.483: Total time for which application threads were stopped: 0.0053805 seconds, Stopping threads took: 0.0000174 seconds
97.552: [GC (Allocation Failure)  684174K->360046K(1036800K), 0.0045217 secs]
97.556: Total time for which application threads were stopped: 0.0047135 seconds, Stopping threads took: 0.0000204 seconds
97.624: [GC (Allocation Failure)  685166K->360230K(1025024K), 0.0045155 secs]
97.629: Total time for which application threads were stopped: 0.0046775 seconds, Stopping threads took: 0.0000162 seconds
97.697: [GC (Allocation Failure)  685350K->368136K(1035776K), 0.0044650 secs]
97.701: Total time for which application threads were stopped: 0.0046444 seconds, Stopping threads took: 0.0000284 seconds
97.770: [GC (Allocation Failure)  691720K->368104K(1035776K), 0.0042464 secs]
97.774: Total time for which application threads were stopped: 0.0044382 seconds, Stopping threads took: 0.0000201 seconds
97.844: [GC (Allocation Failure)  691688K->368456K(1034240K), 0.0044133 secs]
97.848: Total time for which application threads were stopped: 0.0045594 seconds, Stopping threads took: 0.0000181 seconds
97.917: [GC (Allocation Failure)  691016K->376138K(1035264K), 0.0045708 secs]
97.922: Total time for which application threads were stopped: 0.0047352 seconds, Stopping threads took: 0.0000170 seconds
97.990: [GC (Allocation Failure)  698698K->376106K(1035776K), 0.0043423 secs]
97.994: Total time for which application threads were stopped: 0.0045120 seconds, Stopping threads took: 0.0000201 seconds
98.062: [GC (Allocation Failure)  699178K->376202K(1035264K), 0.0047915 secs]
98.067: Total time for which application threads were stopped: 0.0049575 seconds, Stopping threads took: 0.0000189 seconds
98.134: [GC (Allocation Failure)  699274K->384205K(1034240K), 0.0044709 secs]
98.139: Total time for which application threads were stopped: 0.0046500 seconds, Stopping threads took: 0.0000191 seconds
98.207: [GC (Allocation Failure)  705741K->384173K(1034752K), 0.0044354 secs]
98.211: Total time for which application threads were stopped: 0.0045819 seconds, Stopping threads took: 0.0000171 seconds
98.276: [GC (Allocation Failure)  705709K->384397K(1034240K), 0.0046100 secs]
98.281: Total time for which application threads were stopped: 0.0047695 seconds, Stopping threads took: 0.0000200 seconds
98.349: [GC (Allocation Failure)  705933K->392207K(1034752K), 0.0043908 secs]
98.354: Total time for which application threads were stopped: 0.0045504 seconds, Stopping threads took: 0.0000200 seconds
98.420: [GC (Allocation Failure)  713743K->392239K(1034752K), 0.0045055 secs]
98.425: Total time for which application threads were stopped: 0.0046709 seconds, Stopping threads took: 0.0000204 seconds
98.490: [GC (Allocation Failure)  713775K->392359K(1021440K), 0.0044690 secs]
98.494: Total time for which application threads were stopped: 0.0046446 seconds, Stopping threads took: 0.0000195 seconds
98.564: [GC (Allocation Failure)  713895K->400265K(1034240K), 0.0065128 secs]
98.570: Total time for which application threads were stopped: 0.0067002 seconds, Stopping threads took: 0.0000206 seconds
98.638: [GC (Allocation Failure)  720777K->400233K(1034240K), 0.0045151 secs]
98.642: Total time for which application threads were stopped: 0.0046879 seconds, Stopping threads took: 0.0000196 seconds
98.709: [GC (Allocation Failure)  720745K->400361K(1034240K), 0.0048437 secs]
98.714: Total time for which application threads were stopped: 0.0050135 seconds, Stopping threads took: 0.0000233 seconds
98.784: [GC (Allocation Failure)  720873K->408299K(1034240K), 0.0047003 secs]
98.789: Total time for which application threads were stopped: 0.0048597 seconds, Stopping threads took: 0.0000194 seconds
98.858: [GC (Allocation Failure)  728811K->408267K(1034240K), 0.0044875 secs]
98.863: Total time for which application threads were stopped: 0.0046593 seconds, Stopping threads took: 0.0000285 seconds
98.930: [GC (Allocation Failure)  728779K->408579K(1020416K), 0.0074015 secs]
98.938: Total time for which application threads were stopped: 0.0075928 seconds, Stopping threads took: 0.0000165 seconds
99.006: [GC (Allocation Failure)  729091K->416326K(1033728K), 0.0045532 secs]
99.011: Total time for which application threads were stopped: 0.0047229 seconds, Stopping threads took: 0.0000193 seconds
99.078: [GC (Allocation Failure)  735814K->416294K(1033728K), 0.0046513 secs]
99.083: Total time for which application threads were stopped: 0.0048175 seconds, Stopping threads took: 0.0000206 seconds
99.149: [GC (Allocation Failure)  735782K->416806K(1033728K), 0.0048170 secs]
99.154: Total time for which application threads were stopped: 0.0049829 seconds, Stopping threads took: 0.0000213 seconds
99.222: [GC (Allocation Failure)  736294K->424328K(1033728K), 0.0061930 secs]
99.228: Total time for which application threads were stopped: 0.0063528 seconds, Stopping threads took: 0.0000203 seconds
99.295: [GC (Allocation Failure)  743816K->424328K(1033728K), 0.0046107 secs]
99.300: Total time for which application threads were stopped: 0.0047879 seconds, Stopping threads took: 0.0000212 seconds
99.366: [GC (Allocation Failure)  743816K->424552K(1033728K), 0.0046081 secs]
99.371: Total time for which application threads were stopped: 0.0047678 seconds, Stopping threads took: 0.0000202 seconds
99.439: [GC (Allocation Failure)  744040K->432362K(1033728K), 0.0045385 secs]
99.443: Total time for which application threads were stopped: 0.0047008 seconds, Stopping threads took: 0.0000215 seconds
99.511: [GC (Allocation Failure)  751850K->432394K(1033728K), 0.0044795 secs]
99.515: Total time for which application threads were stopped: 0.0046440 seconds, Stopping threads took: 0.0000212 seconds
99.582: [GC (Allocation Failure)  751882K->432522K(1032704K), 0.0046654 secs]
99.586: Total time for which application threads were stopped: 0.0048350 seconds, Stopping threads took: 0.0000197 seconds
99.654: [GC (Allocation Failure)  750986K->440428K(1033216K), 0.0043533 secs]
99.658: Total time for which application threads were stopped: 0.0045034 seconds, Stopping threads took: 0.0000174 seconds
99.725: [GC (Allocation Failure)  758892K->440396K(1033216K), 0.0045581 secs]
99.729: Total time for which application threads were stopped: 0.0047207 seconds, Stopping threads took: 0.0000213 seconds
99.795: [GC (Allocation Failure)  758860K->440460K(1033216K), 0.0049541 secs]
99.800: Total time for which application threads were stopped: 0.0051262 seconds, Stopping threads took: 0.0000192 seconds
99.867: [GC (Allocation Failure)  758924K->448431K(1033216K), 0.0045616 secs]
99.871: Total time for which application threads were stopped: 0.0047277 seconds, Stopping threads took: 0.0000193 seconds
99.936: [GC (Allocation Failure)  766895K->444172K(1033216K), 0.0044976 secs]
99.941: Total time for which application threads were stopped: 0.0047125 seconds, Stopping threads took: 0.0000271 seconds
100.008: [GC (Allocation Failure)  762636K->448495K(1034752K), 0.0046667 secs]
100.012: Total time for which application threads were stopped: 0.0048269 seconds, Stopping threads took: 0.0000178 seconds
100.080: [GC (Allocation Failure)  769007K->452575K(1033728K), 0.0044155 secs]
100.085: Total time for which application threads were stopped: 0.0046077 seconds, Stopping threads took: 0.0000202 seconds
100.153: [GC (Allocation Failure)  773087K->460780K(1028096K), 0.0086806 secs]
100.161: Total time for which application threads were stopped: 0.0088448 seconds, Stopping threads took: 0.0000192 seconds
100.227: [GC (Allocation Failure)  775148K->454703K(1031168K), 0.0046499 secs]
100.232: Total time for which application threads were stopped: 0.0048433 seconds, Stopping threads took: 0.0000197 seconds
100.300: [GC (Allocation Failure)  769071K->454543K(1032192K), 0.0044160 secs]
100.304: Total time for which application threads were stopped: 0.0045750 seconds, Stopping threads took: 0.0000262 seconds
100.370: [GC (Allocation Failure)  770447K->456167K(1031680K), 0.0049361 secs]
100.375: Total time for which application threads were stopped: 0.0051092 seconds, Stopping threads took: 0.0000255 seconds
100.442: [GC (Allocation Failure)  772071K->462537K(1032704K), 0.0047390 secs]
100.447: Total time for which application threads were stopped: 0.0048990 seconds, Stopping threads took: 0.0000205 seconds
100.512: [GC (Allocation Failure)  779465K->462569K(1032192K), 0.0047035 secs]
100.517: Total time for which application threads were stopped: 0.0048767 seconds, Stopping threads took: 0.0000199 seconds
100.581: [GC (Allocation Failure)  779497K->462857K(1032192K), 0.0048051 secs]
100.586: Total time for which application threads were stopped: 0.0049771 seconds, Stopping threads took: 0.0000200 seconds
100.653: [GC (Allocation Failure)  780297K->470667K(1032704K), 0.0045472 secs]
100.657: Total time for which application threads were stopped: 0.0047079 seconds, Stopping threads took: 0.0000209 seconds
100.725: [GC (Allocation Failure)  788107K->470571K(1033216K), 0.0047262 secs]
100.729: Total time for which application threads were stopped: 0.0049036 seconds, Stopping threads took: 0.0000228 seconds
100.797: [GC (Allocation Failure)  788523K->472627K(1032704K), 0.0050930 secs]
100.802: Total time for which application threads were stopped: 0.0052696 seconds, Stopping threads took: 0.0000202 seconds
100.869: [GC (Allocation Failure)  790579K->478677K(1033216K), 0.0046552 secs]
100.874: Total time for which application threads were stopped: 0.0048271 seconds, Stopping threads took: 0.0000214 seconds
100.942: [GC (Allocation Failure)  797141K->478613K(1033216K), 0.0071924 secs]
100.949: Total time for which application threads were stopped: 0.0073784 seconds, Stopping threads took: 0.0000412 seconds
101.014: [GC (Allocation Failure)  797077K->480333K(1033728K), 0.0049129 secs]
101.019: Total time for which application threads were stopped: 0.0051091 seconds, Stopping threads took: 0.0000210 seconds
101.088: [GC (Allocation Failure)  799821K->486704K(1033728K), 0.0048842 secs]
101.093: Total time for which application threads were stopped: 0.0050655 seconds, Stopping threads took: 0.0000204 seconds
101.160: [GC (Allocation Failure)  806192K->486672K(1033728K), 0.0046965 secs]
101.165: Total time for which application threads were stopped: 0.0048715 seconds, Stopping threads took: 0.0000206 seconds
101.230: [GC (Allocation Failure)  806160K->487528K(1033728K), 0.0046585 secs]
101.235: Total time for which application threads were stopped: 0.0048317 seconds, Stopping threads took: 0.0000198 seconds
101.302: [GC (Allocation Failure)  807016K->494698K(1033728K), 0.0045221 secs]
101.307: Total time for which application threads were stopped: 0.0046779 seconds, Stopping threads took: 0.0000270 seconds
101.373: [GC (Allocation Failure)  814186K->494666K(1033728K), 0.0047287 secs]
101.378: Total time for which application threads were stopped: 0.0049238 seconds, Stopping threads took: 0.0000204 seconds
101.444: [GC (Allocation Failure)  814154K->494730K(1033728K), 0.0049019 secs]
101.449: Total time for which application threads were stopped: 0.0050634 seconds, Stopping threads took: 0.0000199 seconds
101.516: [GC (Allocation Failure)  814218K->502764K(1033728K), 0.0047083 secs]
101.521: Total time for which application threads were stopped: 0.0049053 seconds, Stopping threads took: 0.0000210 seconds
101.589: [GC (Allocation Failure)  822252K->502700K(1033728K), 0.0046550 secs]
101.594: Total time for which application threads were stopped: 0.0048399 seconds, Stopping threads took: 0.0000177 seconds
101.660: [GC (Allocation Failure)  822188K->502980K(1033728K), 0.0048973 secs]
101.665: Total time for which application threads were stopped: 0.0050464 seconds, Stopping threads took: 0.0000182 seconds
101.733: [GC (Allocation Failure)  822468K->510791K(1033728K), 0.0045915 secs]
101.737: Total time for which application threads were stopped: 0.0047600 seconds, Stopping threads took: 0.0000204 seconds
101.804: [GC (Allocation Failure)  830279K->510727K(1033728K), 0.0046404 secs]
101.808: Total time for which application threads were stopped: 0.0048278 seconds, Stopping threads took: 0.0000267 seconds
101.875: [GC (Allocation Failure)  830215K->511239K(1033728K), 0.0046600 secs]
101.879: Total time for which application threads were stopped: 0.0048102 seconds, Stopping threads took: 0.0000175 seconds
101.948: [GC (Allocation Failure)  830727K->518825K(1027072K), 0.0052795 secs]
101.953: Total time for which application threads were stopped: 0.0054395 seconds, Stopping threads took: 0.0000309 seconds
102.019: [GC (Allocation Failure)  838313K->518793K(1033728K), 0.0047299 secs]
102.023: Total time for which application threads were stopped: 0.0048940 seconds, Stopping threads took: 0.0000198 seconds
102.089: [GC (Allocation Failure)  837769K->519977K(1033216K), 0.0047781 secs]
102.094: Total time for which application threads were stopped: 0.0049390 seconds, Stopping threads took: 0.0000201 seconds
102.161: [GC (Allocation Failure)  838953K->526859K(1033728K), 0.0049124 secs]
102.166: Total time for which application threads were stopped: 0.0050848 seconds, Stopping threads took: 0.0000205 seconds
102.234: [GC (Allocation Failure)  846347K->526795K(1033728K), 0.0047094 secs]
102.238: Total time for which application threads were stopped: 0.0049058 seconds, Stopping threads took: 0.0000214 seconds
102.308: [GC (Allocation Failure)  846283K->527691K(1033728K), 0.0049564 secs]
102.313: Total time for which application threads were stopped: 0.0051442 seconds, Stopping threads took: 0.0000278 seconds
102.380: [GC (Allocation Failure)  847179K->534829K(1033728K), 0.0048243 secs]
102.385: Total time for which application threads were stopped: 0.0049975 seconds, Stopping threads took: 0.0000212 seconds
102.453: [GC (Allocation Failure)  854317K->534797K(1033728K), 0.0048100 secs]
102.458: Total time for which application threads were stopped: 0.0050069 seconds, Stopping threads took: 0.0000206 seconds
102.524: [GC (Allocation Failure)  854285K->534885K(1033728K), 0.0050210 secs]
102.529: Total time for which application threads were stopped: 0.0051829 seconds, Stopping threads took: 0.0000208 seconds
102.597: [GC (Allocation Failure)  854373K->542888K(1032704K), 0.0048557 secs]
102.602: Total time for which application threads were stopped: 0.0050613 seconds, Stopping threads took: 0.0000293 seconds
102.670: [GC (Allocation Failure)  861352K->542856K(1033216K), 0.0048724 secs]
102.675: Total time for which application threads were stopped: 0.0050696 seconds, Stopping threads took: 0.0000256 seconds
102.739: [GC (Allocation Failure)  861320K->543112K(1033216K), 0.0048203 secs]
102.744: Total time for which application threads were stopped: 0.0050192 seconds, Stopping threads took: 0.0000206 seconds
102.814: [GC (Allocation Failure)  861576K->550922K(1033216K), 0.0046047 secs]
102.819: Total time for which application threads were stopped: 0.0047892 seconds, Stopping threads took: 0.0000432 seconds
102.885: [GC (Allocation Failure)  869386K->550890K(1033216K), 0.0064428 secs]
102.892: Total time for which application threads were stopped: 0.0066306 seconds, Stopping threads took: 0.0000300 seconds
102.958: [GC (Allocation Failure)  869354K->551338K(1033216K), 0.0051623 secs]
102.964: Total time for which application threads were stopped: 0.0053297 seconds, Stopping threads took: 0.0000194 seconds
103.031: [GC (Allocation Failure)  869802K->558956K(1033216K), 0.0048919 secs]
103.036: Total time for which application threads were stopped: 0.0050597 seconds, Stopping threads took: 0.0000195 seconds
103.103: [GC (Allocation Failure)  877420K->558924K(1033216K), 0.0047820 secs]
103.108: Total time for which application threads were stopped: 0.0049529 seconds, Stopping threads took: 0.0000205 seconds
103.173: [GC (Allocation Failure)  877388K->559556K(1033216K), 0.0050995 secs]
103.178: Total time for which application threads were stopped: 0.0052806 seconds, Stopping threads took: 0.0000201 seconds
103.246: [GC (Allocation Failure)  878020K->566950K(1033216K), 0.0048344 secs]
103.250: Total time for which application threads were stopped: 0.0050283 seconds, Stopping threads took: 0.0000210 seconds
103.318: [GC (Allocation Failure)  885414K->566982K(1033216K), 0.0046595 secs]
103.323: Total time for which application threads were stopped: 0.0048209 seconds, Stopping threads took: 0.0000265 seconds
103.391: [GC (Allocation Failure)  885446K->567014K(1033216K), 0.0050625 secs]
103.396: Total time for which application threads were stopped: 0.0052356 seconds, Stopping threads took: 0.0000194 seconds
103.463: [GC (Allocation Failure)  885478K->574985K(1033216K), 0.0046634 secs]
103.468: Total time for which application threads were stopped: 0.0048200 seconds, Stopping threads took: 0.0000253 seconds
103.533: [GC (Allocation Failure)  893449K->575017K(1033216K), 0.0049027 secs]
103.538: Total time for which application threads were stopped: 0.0050596 seconds, Stopping threads took: 0.0000195 seconds
103.603: [GC (Allocation Failure)  893481K->575017K(1033216K), 0.0048476 secs]
103.607: Total time for which application threads were stopped: 0.0050235 seconds, Stopping threads took: 0.0000193 seconds
103.675: [GC (Allocation Failure)  893481K->583019K(1033216K), 0.0048284 secs]
103.680: Total time for which application threads were stopped: 0.0050279 seconds, Stopping threads took: 0.0000194 seconds
103.745: [GC (Allocation Failure)  901483K->583019K(1033216K), 0.0049251 secs]
103.750: Total time for which application threads were stopped: 0.0050857 seconds, Stopping threads took: 0.0000202 seconds
103.815: [GC (Allocation Failure)  901483K->583275K(1033216K), 0.0049994 secs]
103.820: Total time for which application threads were stopped: 0.0051728 seconds, Stopping threads took: 0.0000260 seconds
103.887: [GC (Allocation Failure)  901739K->591085K(1033216K), 0.0047213 secs]
103.892: Total time for which application threads were stopped: 0.0048996 seconds, Stopping threads took: 0.0000200 seconds
103.962: [GC (Allocation Failure)  909549K->591085K(1033216K), 0.0048231 secs]
103.967: Total time for which application threads were stopped: 0.0049753 seconds, Stopping threads took: 0.0000181 seconds
104.032: [GC (Allocation Failure)  909549K->591461K(1033216K), 0.0051603 secs]
104.038: Total time for which application threads were stopped: 0.0053304 seconds, Stopping threads took: 0.0000200 seconds
104.104: [GC (Allocation Failure)  909925K->599111K(1033216K), 0.0048816 secs]
104.109: Total time for which application threads were stopped: 0.0050785 seconds, Stopping threads took: 0.0000206 seconds
104.176: [GC (Allocation Failure)  917575K->599079K(1033216K), 0.0047975 secs]
104.181: Total time for which application threads were stopped: 0.0049706 seconds, Stopping threads took: 0.0000203 seconds
104.248: [GC (Allocation Failure)  917543K->599239K(1033216K), 0.0050275 secs]
104.253: Total time for which application threads were stopped: 0.0052046 seconds, Stopping threads took: 0.0000212 seconds
104.320: [GC (Allocation Failure)  917703K->607114K(1033216K), 0.0047889 secs]
104.325: Total time for which application threads were stopped: 0.0049492 seconds, Stopping threads took: 0.0000263 seconds
104.389: [GC (Allocation Failure)  925578K->603207K(1033216K), 0.0039161 secs]
104.393: Total time for which application threads were stopped: 0.0040811 seconds, Stopping threads took: 0.0000210 seconds
104.463: [GC (Allocation Failure)  921671K->607274K(1034240K), 0.0050955 secs]
104.468: Total time for which application threads were stopped: 0.0052681 seconds, Stopping threads took: 0.0000208 seconds
104.535: [GC (Allocation Failure)  927274K->611210K(1033728K), 0.0048356 secs]
104.540: Total time for which application threads were stopped: 0.0049974 seconds, Stopping threads took: 0.0000194 seconds
104.607: [GC (Allocation Failure)  931210K->618791K(1029120K), 0.0120260 secs]
104.619: Total time for which application threads were stopped: 0.0122013 seconds, Stopping threads took: 0.0000213 seconds
104.687: [GC (Allocation Failure)  934183K->612586K(1031680K), 0.0051177 secs]
104.692: Total time for which application threads were stopped: 0.0053153 seconds, Stopping threads took: 0.0000204 seconds
104.759: [GC (Allocation Failure)  927978K->612490K(1032192K), 0.0049423 secs]
104.764: Total time for which application threads were stopped: 0.0051360 seconds, Stopping threads took: 0.0000205 seconds
104.832: [GC (Allocation Failure)  928394K->615530K(1031680K), 0.0054729 secs]
104.837: Total time for which application threads were stopped: 0.0056377 seconds, Stopping threads took: 0.0000251 seconds
104.905: [GC (Allocation Failure)  931434K->620588K(1032704K), 0.0049514 secs]
104.910: Total time for which application threads were stopped: 0.0051185 seconds, Stopping threads took: 0.0000259 seconds
104.978: [GC (Allocation Failure)  938028K->620556K(1032704K), 0.0049323 secs]
104.983: Total time for which application threads were stopped: 0.0051050 seconds, Stopping threads took: 0.0000198 seconds
105.051: [GC (Allocation Failure)  937996K->623268K(1033216K), 0.0056796 secs]
105.057: Total time for which application threads were stopped: 0.0058391 seconds, Stopping threads took: 0.0000171 seconds
105.125: [GC (Allocation Failure)  941732K->628646K(1033216K), 0.0049754 secs]
105.130: Total time for which application threads were stopped: 0.0051449 seconds, Stopping threads took: 0.0000198 seconds
105.197: [GC (Allocation Failure)  947110K->628614K(1033728K), 0.0050647 secs]
105.202: Total time for which application threads were stopped: 0.0052357 seconds, Stopping threads took: 0.0000202 seconds
105.269: [GC (Allocation Failure)  948102K->632518K(1033728K), 0.0058778 secs]
105.275: Total time for which application threads were stopped: 0.0060487 seconds, Stopping threads took: 0.0000211 seconds
105.343: [GC (Allocation Failure)  952006K->636744K(1034240K), 0.0048563 secs]
105.348: Total time for which application threads were stopped: 0.0050203 seconds, Stopping threads took: 0.0000257 seconds
105.416: [GC (Allocation Failure)  957256K->636616K(1034240K), 0.0094459 secs]
105.425: Total time for which application threads were stopped: 0.0096187 seconds, Stopping threads took: 0.0000207 seconds
105.491: [GC (Allocation Failure)  957128K->637672K(1034240K), 0.0052135 secs]
105.496: Total time for which application threads were stopped: 0.0053913 seconds, Stopping threads took: 0.0000213 seconds
105.564: [GC (Allocation Failure)  958184K->644715K(1034240K), 0.0048725 secs]
105.569: Total time for which application threads were stopped: 0.0050467 seconds, Stopping threads took: 0.0000210 seconds
105.636: [GC (Allocation Failure)  965227K->644651K(1034240K), 0.0050561 secs]
105.641: Total time for which application threads were stopped: 0.0052276 seconds, Stopping threads took: 0.0000197 seconds
105.708: [GC (Allocation Failure)  965163K->647947K(1034240K), 0.0059214 secs]
105.714: Total time for which application threads were stopped: 0.0061034 seconds, Stopping threads took: 0.0000197 seconds
105.781: [GC (Allocation Failure)  968459K->652717K(1034752K), 0.0051043 secs]
105.786: Total time for which application threads were stopped: 0.0052922 seconds, Stopping threads took: 0.0000203 seconds
105.855: [GC (Allocation Failure)  974253K->652685K(1034752K), 0.0048370 secs]
105.860: Total time for which application threads were stopped: 0.0050603 seconds, Stopping threads took: 0.0000200 seconds
105.928: [GC (Allocation Failure)  974221K->656205K(1034752K), 0.0074692 secs]
105.936: Total time for which application threads were stopped: 0.0076648 seconds, Stopping threads took: 0.0000226 seconds
106.003: [GC (Allocation Failure)  977741K->660751K(1034752K), 0.0048228 secs]
106.008: Total time for which application threads were stopped: 0.0049837 seconds, Stopping threads took: 0.0000183 seconds
106.074: [GC (Allocation Failure)  982287K->660719K(1035264K), 0.0047978 secs]
106.079: Total time for which application threads were stopped: 0.0049923 seconds, Stopping threads took: 0.0000197 seconds
106.147: [GC (Allocation Failure)  982767K->661831K(1034752K), 0.0052426 secs]
106.152: Total time for which application threads were stopped: 0.0054052 seconds, Stopping threads took: 0.0000194 seconds
106.220: [GC (Allocation Failure)  983879K->668778K(1034752K), 0.0051114 secs]
106.226: Total time for which application threads were stopped: 0.0052855 seconds, Stopping threads took: 0.0000203 seconds
106.294: [GC (Allocation Failure)  990314K->668746K(1034752K), 0.0052323 secs]
106.299: Total time for which application threads were stopped: 0.0053958 seconds, Stopping threads took: 0.0000198 seconds
106.365: [GC (Allocation Failure)  990282K->671626K(1034752K), 0.0056345 secs]
106.370: Total time for which application threads were stopped: 0.0058118 seconds, Stopping threads took: 0.0000278 seconds
106.439: [GC (Allocation Failure)  993162K->676908K(1034752K), 0.0050157 secs]
106.444: Total time for which application threads were stopped: 0.0051915 seconds, Stopping threads took: 0.0000173 seconds
106.512: [GC (Allocation Failure)  998444K->676812K(1034752K), 0.0051537 secs]
106.517: Total time for which application threads were stopped: 0.0053170 seconds, Stopping threads took: 0.0000201 seconds
106.582: [GC (Allocation Failure)  998348K->680908K(1034752K), 0.0062531 secs]
106.589: Total time for which application threads were stopped: 0.0064257 seconds, Stopping threads took: 0.0000200 seconds
106.656: [GC (Allocation Failure)  1002444K->684878K(1035264K), 0.0050841 secs]
106.661: Total time for which application threads were stopped: 0.0052809 seconds, Stopping threads took: 0.0000207 seconds
106.730: [GC (Allocation Failure)  1007438K->684846K(1035264K), 0.0048612 secs]
106.735: Total time for which application threads were stopped: 0.0050243 seconds, Stopping threads took: 0.0000187 seconds
106.802: [GC (Allocation Failure)  1007406K->688110K(1035264K), 0.0059802 secs]
106.808: [Full GC (Ergonomics)  688110K->11752K(1035264K), 0.0173183 secs]
106.825: Total time for which application threads were stopped: 0.0235471 seconds, Stopping threads took: 0.0000188 seconds
106.893: [GC (Allocation Failure)  334312K->20715K(1035264K), 0.0038581 secs]
106.897: Total time for which application threads were stopped: 0.0040271 seconds, Stopping threads took: 0.0000195 seconds
106.965: [GC (Allocation Failure)  343275K->20659K(1035264K), 0.0040410 secs]
106.969: Total time for which application threads were stopped: 0.0042017 seconds, Stopping threads took: 0.0000194 seconds
107.036: [GC (Allocation Failure)  343219K->24171K(1035264K), 0.0048195 secs]
107.041: Total time for which application threads were stopped: 0.0049862 seconds, Stopping threads took: 0.0000195 seconds
107.107: [GC (Allocation Failure)  346731K->28717K(1035264K), 0.0038535 secs]
107.111: Total time for which application threads were stopped: 0.0040137 seconds, Stopping threads took: 0.0000193 seconds
107.179: [GC (Allocation Failure)  351277K->28685K(1035264K), 0.0044260 secs]
107.184: Total time for which application threads were stopped: 0.0045986 seconds, Stopping threads took: 0.0000204 seconds
107.251: [GC (Allocation Failure)  351245K->32389K(1035776K), 0.0047423 secs]
107.255: Total time for which application threads were stopped: 0.0049377 seconds, Stopping threads took: 0.0000207 seconds
107.325: [GC (Allocation Failure)  355461K->36775K(1035264K), 0.0036920 secs]
107.329: Total time for which application threads were stopped: 0.0038684 seconds, Stopping threads took: 0.0000271 seconds
107.397: [GC (Allocation Failure)  359847K->36775K(1035776K), 0.0037199 secs]
107.400: Total time for which application threads were stopped: 0.0038749 seconds, Stopping threads took: 0.0000192 seconds
107.468: [GC (Allocation Failure)  360359K->38567K(1025024K), 0.0041764 secs]
107.472: Total time for which application threads were stopped: 0.0043428 seconds, Stopping threads took: 0.0000196 seconds
107.540: [GC (Allocation Failure)  362151K->44874K(1035264K), 0.0039016 secs]
107.544: Total time for which application threads were stopped: 0.0040741 seconds, Stopping threads took: 0.0000206 seconds
107.612: [GC (Allocation Failure)  367434K->44810K(1035264K), 0.0036111 secs]
107.615: Total time for which application threads were stopped: 0.0038053 seconds, Stopping threads took: 0.0000215 seconds
107.684: [GC (Allocation Failure)  367370K->39815K(1035264K), 0.0017625 secs]
107.685: Total time for which application threads were stopped: 0.0018938 seconds, Stopping threads took: 0.0000170 seconds
107.753: [GC (Allocation Failure)  362375K->44810K(1035264K), 0.0040603 secs]
107.757: Total time for which application threads were stopped: 0.0042281 seconds, Stopping threads took: 0.0000172 seconds
107.826: [GC (Allocation Failure)  367370K->44778K(1035264K), 0.0037943 secs]
107.829: Total time for which application threads were stopped: 0.0039694 seconds, Stopping threads took: 0.0000275 seconds
107.897: [GC (Allocation Failure)  367338K->44135K(1035264K), 0.0036836 secs]
107.901: Total time for which application threads were stopped: 0.0038600 seconds, Stopping threads took: 0.0000279 seconds
107.969: [GC (Allocation Failure)  366695K->45034K(1035776K), 0.0037278 secs]
107.973: Total time for which application threads were stopped: 0.0039258 seconds, Stopping threads took: 0.0000199 seconds
108.042: [GC (Allocation Failure)  368618K->44778K(1035776K), 0.0038581 secs]
108.046: Total time for which application threads were stopped: 0.0040198 seconds, Stopping threads took: 0.0000202 seconds
108.112: [GC (Allocation Failure)  368362K->50407K(1031680K), 0.0065767 secs]
108.118: Total time for which application threads were stopped: 0.0067418 seconds, Stopping threads took: 0.0000205 seconds
108.185: [GC (Allocation Failure)  369895K->45866K(1033728K), 0.0039715 secs]
108.189: Total time for which application threads were stopped: 0.0041369 seconds, Stopping threads took: 0.0000205 seconds
108.256: [GC (Allocation Failure)  365354K->45674K(1034752K), 0.0039425 secs]
108.260: Total time for which application threads were stopped: 0.0041184 seconds, Stopping threads took: 0.0000220 seconds
108.328: [GC (Allocation Failure)  366698K->47975K(1034240K), 0.0046825 secs]
108.332: Total time for which application threads were stopped: 0.0048501 seconds, Stopping threads took: 0.0000257 seconds
108.401: [GC (Allocation Failure)  368999K->45802K(1034752K), 0.0035230 secs]
108.404: Total time for which application threads were stopped: 0.0037205 seconds, Stopping threads took: 0.0000204 seconds
108.474: [GC (Allocation Failure)  366826K->45706K(1034240K), 0.0039765 secs]
108.478: Total time for which application threads were stopped: 0.0041251 seconds, Stopping threads took: 0.0000172 seconds
108.546: [GC (Allocation Failure)  366730K->47687K(1035264K), 0.0046771 secs]
108.550: Total time for which application threads were stopped: 0.0048598 seconds, Stopping threads took: 0.0000279 seconds
108.619: [GC (Allocation Failure)  370247K->45770K(1035264K), 0.0037967 secs]
108.623: Total time for which application threads were stopped: 0.0039551 seconds, Stopping threads took: 0.0000199 seconds
108.691: [GC (Allocation Failure)  368330K->45642K(1036288K), 0.0038555 secs]
108.695: Total time for which application threads were stopped: 0.0040250 seconds, Stopping threads took: 0.0000201 seconds
108.763: [GC (Allocation Failure)  369738K->53455K(1035776K), 0.0077729 secs]
108.770: Total time for which application threads were stopped: 0.0079624 seconds, Stopping threads took: 0.0000193 seconds
108.839: [GC (Allocation Failure)  377551K->49266K(1032704K), 0.0039747 secs]
108.843: Total time for which application threads were stopped: 0.0041375 seconds, Stopping threads took: 0.0000200 seconds
108.908: [GC (Allocation Failure)  369778K->49234K(1034240K), 0.0039362 secs]
108.912: Total time for which application threads were stopped: 0.0041292 seconds, Stopping threads took: 0.0000205 seconds
108.982: [GC (Allocation Failure)  369746K->42351K(1033216K), 0.0010014 secs]
108.983: Total time for which application threads were stopped: 0.0011217 seconds, Stopping threads took: 0.0000200 seconds
109.052: [GC (Allocation Failure)  361839K->49498K(1033728K), 0.0035615 secs]
109.055: Total time for which application threads were stopped: 0.0037453 seconds, Stopping threads took: 0.0000172 seconds
109.124: [GC (Allocation Failure)  368986K->53386K(1034752K), 0.0045068 secs]
109.129: Total time for which application threads were stopped: 0.0047028 seconds, Stopping threads took: 0.0000174 seconds
109.195: [GC (Allocation Failure)  374410K->59527K(1034240K), 0.0067076 secs]
109.202: Total time for which application threads were stopped: 0.0068694 seconds, Stopping threads took: 0.0000197 seconds
109.269: [GC (Allocation Failure)  380551K->53962K(1033216K), 0.0038844 secs]
109.273: Total time for which application threads were stopped: 0.0040587 seconds, Stopping threads took: 0.0000205 seconds
109.342: [GC (Allocation Failure)  373450K->53770K(1033728K), 0.0039199 secs]
109.346: Total time for which application threads were stopped: 0.0041035 seconds, Stopping threads took: 0.0000272 seconds
109.414: [GC (Allocation Failure)  373258K->56551K(1033216K), 0.0050272 secs]
109.419: Total time for which application threads were stopped: 0.0052053 seconds, Stopping threads took: 0.0000297 seconds
109.486: [GC (Allocation Failure)  376039K->53930K(1033728K), 0.0037920 secs]
109.490: Total time for which application threads were stopped: 0.0039633 seconds, Stopping threads took: 0.0000209 seconds
109.559: [GC (Allocation Failure)  373418K->53770K(1034752K), 0.0038229 secs]
109.563: Total time for which application threads were stopped: 0.0039962 seconds, Stopping threads took: 0.0000200 seconds
109.630: [GC (Allocation Failure)  374794K->53159K(1034240K), 0.0036731 secs]
109.634: Total time for which application threads were stopped: 0.0038599 seconds, Stopping threads took: 0.0000191 seconds
109.703: [GC (Allocation Failure)  374183K->53834K(1035264K), 0.0039396 secs]
109.707: Total time for which application threads were stopped: 0.0041104 seconds, Stopping threads took: 0.0000209 seconds
109.775: [GC (Allocation Failure)  376394K->53802K(1035264K), 0.0040041 secs]
109.779: Total time for which application threads were stopped: 0.0041643 seconds, Stopping threads took: 0.0000194 seconds
109.849: [GC (Allocation Failure)  376362K->55975K(1035776K), 0.0048199 secs]
109.854: Total time for which application threads were stopped: 0.0049827 seconds, Stopping threads took: 0.0000205 seconds
109.923: [GC (Allocation Failure)  379559K->53802K(1035776K), 0.0100508 secs]
109.933: Total time for which application threads were stopped: 0.0102437 seconds, Stopping threads took: 0.0000202 seconds
110.001: [GC (Allocation Failure)  377386K->53802K(1036288K), 0.0038390 secs]
110.005: Total time for which application threads were stopped: 0.0040333 seconds, Stopping threads took: 0.0000209 seconds
110.074: [GC (Allocation Failure)  377898K->47431K(1025536K), 0.0012622 secs]
110.075: Total time for which application threads were stopped: 0.0013906 seconds, Stopping threads took: 0.0000199 seconds
110.146: [GC (Allocation Failure)  371527K->54026K(1035776K), 0.0040599 secs]
110.150: Total time for which application threads were stopped: 0.0042278 seconds, Stopping threads took: 0.0000196 seconds
110.220: [GC (Allocation Failure)  377098K->57954K(1035264K), 0.0045459 secs]
110.225: Total time for which application threads were stopped: 0.0047142 seconds, Stopping threads took: 0.0000196 seconds
110.291: [GC (Allocation Failure)  381026K->57922K(1036288K), 0.0036275 secs]
110.295: Total time for which application threads were stopped: 0.0037964 seconds, Stopping threads took: 0.0000194 seconds
110.361: [GC (Allocation Failure)  382530K->58178K(1024512K), 0.0041412 secs]
110.365: Total time for which application threads were stopped: 0.0043087 seconds, Stopping threads took: 0.0000266 seconds
110.433: [GC (Allocation Failure)  382786K->65988K(1035776K), 0.0039514 secs]
110.437: Total time for which application threads were stopped: 0.0041135 seconds, Stopping threads took: 0.0000197 seconds
110.505: [GC (Allocation Failure)  389572K->65988K(1035776K), 0.0036311 secs]
110.509: Total time for which application threads were stopped: 0.0038058 seconds, Stopping threads took: 0.0000199 seconds
110.578: [GC (Allocation Failure)  389572K->66116K(1034752K), 0.0039702 secs]
110.582: Total time for which application threads were stopped: 0.0041308 seconds, Stopping threads took: 0.0000176 seconds
110.649: [GC (Allocation Failure)  388676K->73990K(1035264K), 0.0107417 secs]
110.660: Total time for which application threads were stopped: 0.0109357 seconds, Stopping threads took: 0.0000200 seconds
110.729: [GC (Allocation Failure)  396550K->73990K(1035264K), 0.0037726 secs]
110.733: Total time for which application threads were stopped: 0.0039477 seconds, Stopping threads took: 0.0000209 seconds
110.801: [GC (Allocation Failure)  396550K->74414K(1022464K), 0.0041638 secs]
110.806: Total time for which application threads were stopped: 0.0043236 seconds, Stopping threads took: 0.0000194 seconds
110.874: [GC (Allocation Failure)  396974K->82032K(1034752K), 0.0040028 secs]
110.878: Total time for which application threads were stopped: 0.0041752 seconds, Stopping threads took: 0.0000202 seconds
110.948: [GC (Allocation Failure)  403568K->82032K(1034752K), 0.0067344 secs]
110.954: Total time for which application threads were stopped: 0.0068935 seconds, Stopping threads took: 0.0000230 seconds
111.021: [GC (Allocation Failure)  403568K->82088K(1034240K), 0.0039545 secs]
111.025: Total time for which application threads were stopped: 0.0041149 seconds, Stopping threads took: 0.0000204 seconds
111.095: [GC (Allocation Failure)  403624K->90091K(1034752K), 0.0041367 secs]
111.099: Total time for which application threads were stopped: 0.0043157 seconds, Stopping threads took: 0.0000229 seconds
111.166: [GC (Allocation Failure)  411627K->90059K(1034752K), 0.0040071 secs]
111.170: Total time for which application threads were stopped: 0.0042027 seconds, Stopping threads took: 0.0000213 seconds
111.236: [GC (Allocation Failure)  411595K->90315K(1021440K), 0.0042789 secs]
111.240: Total time for which application threads were stopped: 0.0044764 seconds, Stopping threads took: 0.0000223 seconds
111.308: [GC (Allocation Failure)  411851K->98093K(1034240K), 0.0040284 secs]
111.312: Total time for which application threads were stopped: 0.0041893 seconds, Stopping threads took: 0.0000207 seconds
111.378: [GC (Allocation Failure)  418605K->98093K(1034240K), 0.0038482 secs]
111.382: Total time for which application threads were stopped: 0.0040169 seconds, Stopping threads took: 0.0000201 seconds
111.449: [GC (Allocation Failure)  418605K->98157K(1034240K), 0.0042733 secs]
111.454: Total time for which application threads were stopped: 0.0044306 seconds, Stopping threads took: 0.0000200 seconds
111.523: [GC (Allocation Failure)  418669K->106159K(1034240K), 0.0039311 secs]
111.527: Total time for which application threads were stopped: 0.0040928 seconds, Stopping threads took: 0.0000192 seconds
111.595: [GC (Allocation Failure)  426671K->106127K(1034240K), 0.0039331 secs]
111.599: Total time for which application threads were stopped: 0.0040930 seconds, Stopping threads took: 0.0000190 seconds
111.667: [GC (Allocation Failure)  426639K->106279K(1020416K), 0.0039938 secs]
111.671: Total time for which application threads were stopped: 0.0041501 seconds, Stopping threads took: 0.0000192 seconds
111.739: [GC (Allocation Failure)  426791K->114185K(1033728K), 0.0040197 secs]
111.743: Total time for which application threads were stopped: 0.0041817 seconds, Stopping threads took: 0.0000197 seconds
111.810: [GC (Allocation Failure)  433673K->114121K(1033728K), 0.0046971 secs]
111.815: Total time for which application threads were stopped: 0.0048532 seconds, Stopping threads took: 0.0000200 seconds
111.881: [GC (Allocation Failure)  433609K->114505K(1033728K), 0.0042510 secs]
111.886: Total time for which application threads were stopped: 0.0044213 seconds, Stopping threads took: 0.0000210 seconds
111.954: [GC (Allocation Failure)  433993K->122188K(1033728K), 0.0038607 secs]
111.958: Total time for which application threads were stopped: 0.0040340 seconds, Stopping threads took: 0.0000214 seconds
112.025: [GC (Allocation Failure)  441676K->122188K(1033728K), 0.0039765 secs]
112.029: Total time for which application threads were stopped: 0.0041427 seconds, Stopping threads took: 0.0000199 seconds
112.095: [GC (Allocation Failure)  441676K->122764K(1033728K), 0.0043053 secs]
112.100: Total time for which application threads were stopped: 0.0044965 seconds, Stopping threads took: 0.0000209 seconds
112.169: [GC (Allocation Failure)  442252K->130222K(1033728K), 0.0039831 secs]
112.173: Total time for which application threads were stopped: 0.0041380 seconds, Stopping threads took: 0.0000177 seconds
112.240: [GC (Allocation Failure)  449710K->130222K(1033728K), 0.0039756 secs]
112.244: Total time for which application threads were stopped: 0.0041532 seconds, Stopping threads took: 0.0000199 seconds
112.312: [GC (Allocation Failure)  449710K->130470K(1033728K), 0.0043778 secs]
112.316: Total time for which application threads were stopped: 0.0045521 seconds, Stopping threads took: 0.0000267 seconds
112.384: [GC (Allocation Failure)  449958K->138280K(1027072K), 0.0039792 secs]
112.388: Total time for which application threads were stopped: 0.0041391 seconds, Stopping threads took: 0.0000200 seconds
112.456: [GC (Allocation Failure)  457768K->138248K(1033216K), 0.0036651 secs]
112.460: Total time for which application threads were stopped: 0.0038247 seconds, Stopping threads took: 0.0000205 seconds
112.526: [GC (Allocation Failure)  456712K->138440K(1033216K), 0.0040049 secs]
112.530: Total time for which application threads were stopped: 0.0041826 seconds, Stopping threads took: 0.0000198 seconds
112.597: [GC (Allocation Failure)  456904K->146314K(1033216K), 0.0041838 secs]
112.601: Total time for which application threads were stopped: 0.0043433 seconds, Stopping threads took: 0.0000201 seconds
112.666: [GC (Allocation Failure)  464778K->138792K(1033216K), 0.0009511 secs]
112.667: Total time for which application threads were stopped: 0.0010679 seconds, Stopping threads took: 0.0000189 seconds
112.734: [GC (Allocation Failure)  457256K->146402K(1033216K), 0.0045086 secs]
112.739: Total time for which application threads were stopped: 0.0046900 seconds, Stopping threads took: 0.0000197 seconds
112.806: [GC (Allocation Failure)  464866K->150442K(1033216K), 0.0055668 secs]
112.812: Total time for which application threads were stopped: 0.0057670 seconds, Stopping threads took: 0.0000225 seconds
112.881: [GC (Allocation Failure)  468906K->151336K(1033216K), 0.0045265 secs]
112.886: Total time for which application threads were stopped: 0.0046754 seconds, Stopping threads took: 0.0000173 seconds
112.955: [GC (Allocation Failure)  469800K->150506K(1033216K), 0.0039191 secs]
112.959: Total time for which application threads were stopped: 0.0040809 seconds, Stopping threads took: 0.0000199 seconds
113.026: [GC (Allocation Failure)  468970K->150442K(1033216K), 0.0041007 secs]
113.030: Total time for which application threads were stopped: 0.0043036 seconds, Stopping threads took: 0.0000207 seconds
113.095: [GC (Allocation Failure)  468906K->143368K(1033216K), 0.0010975 secs]
113.096: Total time for which application threads were stopped: 0.0012343 seconds, Stopping threads took: 0.0000266 seconds
113.164: [GC (Allocation Failure)  461832K->150666K(1033216K), 0.0039396 secs]
113.168: Total time for which application threads were stopped: 0.0041184 seconds, Stopping threads took: 0.0000220 seconds
113.235: [GC (Allocation Failure)  469130K->150442K(1033216K), 0.0042530 secs]
113.239: Total time for which application threads were stopped: 0.0044248 seconds, Stopping threads took: 0.0000205 seconds
113.304: [GC (Allocation Failure)  468906K->151594K(1033728K), 0.0045168 secs]
113.309: Total time for which application threads were stopped: 0.0046873 seconds, Stopping threads took: 0.0000201 seconds
113.377: [GC (Allocation Failure)  471082K->158509K(1033728K), 0.0040485 secs]
113.382: Total time for which application threads were stopped: 0.0042283 seconds, Stopping threads took: 0.0000275 seconds
113.449: [GC (Allocation Failure)  477997K->158477K(1033728K), 0.0040066 secs]
113.454: Total time for which application threads were stopped: 0.0041990 seconds, Stopping threads took: 0.0000211 seconds
113.519: [GC (Allocation Failure)  477965K->158797K(1033728K), 0.0042228 secs]
113.524: Total time for which application threads were stopped: 0.0044162 seconds, Stopping threads took: 0.0000204 seconds
113.591: [GC (Allocation Failure)  478285K->166671K(1032704K), 0.0042048 secs]
113.595: Total time for which application threads were stopped: 0.0043546 seconds, Stopping threads took: 0.0000176 seconds
113.663: [GC (Allocation Failure)  485135K->166543K(1033216K), 0.0041204 secs]
113.667: Total time for which application threads were stopped: 0.0042910 seconds, Stopping threads took: 0.0000195 seconds
113.731: [GC (Allocation Failure)  485007K->168079K(1033728K), 0.0042245 secs]
113.736: Total time for which application threads were stopped: 0.0043982 seconds, Stopping threads took: 0.0000210 seconds
113.805: [GC (Allocation Failure)  487567K->174609K(1033728K), 0.0040452 secs]
113.809: Total time for which application threads were stopped: 0.0041956 seconds, Stopping threads took: 0.0000178 seconds
113.877: [GC (Allocation Failure)  494097K->174577K(1033728K), 0.0039994 secs]
113.881: Total time for which application threads were stopped: 0.0041631 seconds, Stopping threads took: 0.0000213 seconds
113.949: [GC (Allocation Failure)  494065K->175273K(1033728K), 0.0040459 secs]
113.954: Total time for which application threads were stopped: 0.0042022 seconds, Stopping threads took: 0.0000165 seconds
114.022: [GC (Allocation Failure)  494761K->182604K(1033728K), 0.0041274 secs]
114.026: Total time for which application threads were stopped: 0.0043069 seconds, Stopping threads took: 0.0000211 seconds
114.092: [GC (Allocation Failure)  502092K->182572K(1033728K), 0.0042577 secs]
114.096: Total time for which application threads were stopped: 0.0044267 seconds, Stopping threads took: 0.0000222 seconds
114.163: [GC (Allocation Failure)  502060K->186604K(1034240K), 0.0053157 secs]
114.169: Total time for which application threads were stopped: 0.0054796 seconds, Stopping threads took: 0.0000211 seconds
114.237: [GC (Allocation Failure)  506604K->190638K(1033728K), 0.0040746 secs]
114.241: Total time for which application threads were stopped: 0.0042388 seconds, Stopping threads took: 0.0000203 seconds
114.308: [GC (Allocation Failure)  510638K->190606K(1034240K), 0.0042878 secs]
114.312: Total time for which application threads were stopped: 0.0044704 seconds, Stopping threads took: 0.0000210 seconds
114.379: [GC (Allocation Failure)  511118K->191758K(1034240K), 0.0044227 secs]
114.384: Total time for which application threads were stopped: 0.0046057 seconds, Stopping threads took: 0.0000277 seconds
114.451: [GC (Allocation Failure)  512270K->198672K(1034240K), 0.0041943 secs]
114.456: Total time for which application threads were stopped: 0.0043879 seconds, Stopping threads took: 0.0000206 seconds
114.525: [GC (Allocation Failure)  519184K->198640K(1034240K), 0.0040623 secs]
114.529: Total time for which application threads were stopped: 0.0042129 seconds, Stopping threads took: 0.0000166 seconds
114.598: [GC (Allocation Failure)  519152K->198952K(1034240K), 0.0040498 secs]
114.602: Total time for which application threads were stopped: 0.0042376 seconds, Stopping threads took: 0.0000251 seconds
114.670: [GC (Allocation Failure)  519464K->206730K(1028096K), 0.0041735 secs]
114.675: Total time for which application threads were stopped: 0.0043420 seconds, Stopping threads took: 0.0000223 seconds
114.744: [GC (Allocation Failure)  527242K->206666K(1033728K), 0.0042798 secs]
114.748: Total time for which application threads were stopped: 0.0044741 seconds, Stopping threads took: 0.0000202 seconds
114.815: [GC (Allocation Failure)  526154K->207178K(1033728K), 0.0043588 secs]
114.820: Total time for which application threads were stopped: 0.0045485 seconds, Stopping threads took: 0.0000266 seconds
114.887: [GC (Allocation Failure)  526666K->214733K(1033728K), 0.0040840 secs]
114.891: Total time for which application threads were stopped: 0.0042479 seconds, Stopping threads took: 0.0000205 seconds
114.958: [GC (Allocation Failure)  534221K->214701K(1033728K), 0.0040582 secs]
114.962: Total time for which application threads were stopped: 0.0042312 seconds, Stopping threads took: 0.0000211 seconds
115.028: [GC (Allocation Failure)  534189K->214893K(1033728K), 0.0045867 secs]
115.033: Total time for which application threads were stopped: 0.0047582 seconds, Stopping threads took: 0.0000212 seconds
115.100: [GC (Allocation Failure)  534381K->222767K(1033728K), 0.0041281 secs]
115.105: Total time for which application threads were stopped: 0.0043001 seconds, Stopping threads took: 0.0000208 seconds
115.173: [GC (Allocation Failure)  542255K->222735K(1033728K), 0.0041973 secs]
115.177: Total time for which application threads were stopped: 0.0043691 seconds, Stopping threads took: 0.0000208 seconds
115.245: [GC (Allocation Failure)  542223K->223695K(1033728K), 0.0043390 secs]
115.249: Total time for which application threads were stopped: 0.0044997 seconds, Stopping threads took: 0.0000205 seconds
115.317: [GC (Allocation Failure)  543183K->230833K(1033728K), 0.0041568 secs]
115.322: Total time for which application threads were stopped: 0.0043252 seconds, Stopping threads took: 0.0000271 seconds
115.389: [GC (Allocation Failure)  550321K->230769K(1033728K), 0.0041430 secs]
115.393: Total time for which application threads were stopped: 0.0043043 seconds, Stopping threads took: 0.0000207 seconds
115.459: [GC (Allocation Failure)  550257K->230825K(1033728K), 0.0042136 secs]
115.464: Total time for which application threads were stopped: 0.0043824 seconds, Stopping threads took: 0.0000201 seconds
115.531: [GC (Allocation Failure)  550313K->238859K(1027072K), 0.0040449 secs]
115.535: Total time for which application threads were stopped: 0.0042151 seconds, Stopping threads took: 0.0000201 seconds
115.604: [GC (Allocation Failure)  558347K->238795K(1033216K), 0.0040931 secs]
115.608: Total time for which application threads were stopped: 0.0042656 seconds, Stopping threads took: 0.0000209 seconds
115.674: [GC (Allocation Failure)  557259K->239083K(1033216K), 0.0043797 secs]
115.679: Total time for which application threads were stopped: 0.0045437 seconds, Stopping threads took: 0.0000213 seconds
115.744: [GC (Allocation Failure)  557547K->246830K(1033216K), 0.0065742 secs]
115.750: Total time for which application threads were stopped: 0.0067245 seconds, Stopping threads took: 0.0000195 seconds
115.818: [GC (Allocation Failure)  565294K->246830K(1033216K), 0.0042075 secs]
115.822: Total time for which application threads were stopped: 0.0043682 seconds, Stopping threads took: 0.0000263 seconds
115.888: [GC (Allocation Failure)  565294K->247350K(1033216K), 0.0045162 secs]
115.892: Total time for which application threads were stopped: 0.0046863 seconds, Stopping threads took: 0.0000199 seconds
115.961: [GC (Allocation Failure)  565814K->254872K(1033216K), 0.0043583 secs]
115.965: Total time for which application threads were stopped: 0.0045200 seconds, Stopping threads took: 0.0000203 seconds
116.033: [GC (Allocation Failure)  573336K->254872K(1033216K), 0.0042400 secs]
116.037: Total time for which application threads were stopped: 0.0044109 seconds, Stopping threads took: 0.0000212 seconds
116.102: [GC (Allocation Failure)  573336K->255576K(1033216K), 0.0042274 secs]
116.107: Total time for which application threads were stopped: 0.0044208 seconds, Stopping threads took: 0.0000197 seconds
116.175: [GC (Allocation Failure)  574040K->262906K(1033216K), 0.0045016 secs]
116.180: Total time for which application threads were stopped: 0.0046578 seconds, Stopping threads took: 0.0000189 seconds
116.247: [GC (Allocation Failure)  581370K->262906K(1033216K), 0.0043416 secs]
116.252: Total time for which application threads were stopped: 0.0045000 seconds, Stopping threads took: 0.0000199 seconds
116.318: [GC (Allocation Failure)  581370K->263802K(1033216K), 0.0044051 secs]
116.323: Total time for which application threads were stopped: 0.0045653 seconds, Stopping threads took: 0.0000275 seconds
116.390: [GC (Allocation Failure)  582266K->270972K(1033216K), 0.0041075 secs]
116.395: Total time for which application threads were stopped: 0.0043010 seconds, Stopping threads took: 0.0000201 seconds
116.462: [GC (Allocation Failure)  589436K->270972K(1033216K), 0.0044843 secs]
116.467: Total time for which application threads were stopped: 0.0046661 seconds, Stopping threads took: 0.0000172 seconds
116.533: [GC (Allocation Failure)  589436K->271004K(1033216K), 0.0064682 secs]
116.540: Total time for which application threads were stopped: 0.0066387 seconds, Stopping threads took: 0.0000201 seconds
116.608: [GC (Allocation Failure)  589468K->279007K(1033216K), 0.0040924 secs]
116.612: Total time for which application threads were stopped: 0.0042528 seconds, Stopping threads took: 0.0000199 seconds
116.677: [GC (Allocation Failure)  597471K->278943K(1033216K), 0.0043533 secs]
116.682: Total time for which application threads were stopped: 0.0045336 seconds, Stopping threads took: 0.0000192 seconds
116.746: [GC (Allocation Failure)  597407K->279263K(1033216K), 0.0043035 secs]
116.751: Total time for which application threads were stopped: 0.0044648 seconds, Stopping threads took: 0.0000194 seconds
116.818: [GC (Allocation Failure)  597727K->287041K(1033216K), 0.0042054 secs]
116.822: Total time for which application threads were stopped: 0.0043757 seconds, Stopping threads took: 0.0000381 seconds
116.889: [GC (Allocation Failure)  605505K->287009K(1033216K), 0.0042331 secs]
116.894: Total time for which application threads were stopped: 0.0044273 seconds, Stopping threads took: 0.0000204 seconds
116.961: [GC (Allocation Failure)  605473K->287489K(1033216K), 0.0045143 secs]
116.966: Total time for which application threads were stopped: 0.0046927 seconds, Stopping threads took: 0.0000202 seconds
117.033: [GC (Allocation Failure)  605953K->295043K(1033216K), 0.0042898 secs]
117.038: Total time for which application threads were stopped: 0.0044489 seconds, Stopping threads took: 0.0000200 seconds
117.103: [GC (Allocation Failure)  613507K->295043K(1033216K), 0.0044402 secs]
117.107: Total time for which application threads were stopped: 0.0046086 seconds, Stopping threads took: 0.0000280 seconds
117.174: [GC (Allocation Failure)  613507K->295203K(1033216K), 0.0045533 secs]
117.179: Total time for which application threads were stopped: 0.0047214 seconds, Stopping threads took: 0.0000197 seconds
117.246: [GC (Allocation Failure)  613667K->303110K(1033216K), 0.0044306 secs]
117.250: Total time for which application threads were stopped: 0.0046024 seconds, Stopping threads took: 0.0000201 seconds
117.317: [GC (Allocation Failure)  621574K->303110K(1033216K), 0.0041401 secs]
117.322: Total time for which application threads were stopped: 0.0043078 seconds, Stopping threads took: 0.0000280 seconds
117.386: [GC (Allocation Failure)  621574K->303206K(1033216K), 0.0044085 secs]
117.391: Total time for which application threads were stopped: 0.0045770 seconds, Stopping threads took: 0.0000260 seconds
117.458: [GC (Allocation Failure)  621670K->311144K(1033216K), 0.0045101 secs]
117.462: Total time for which application threads were stopped: 0.0046796 seconds, Stopping threads took: 0.0000196 seconds
117.530: [GC (Allocation Failure)  629608K->311144K(1033216K), 0.0043978 secs]
117.535: Total time for which application threads were stopped: 0.0045789 seconds, Stopping threads took: 0.0000223 seconds
117.601: [GC (Allocation Failure)  629608K->311176K(1033216K), 0.0044846 secs]
117.605: Total time for which application threads were stopped: 0.0046599 seconds, Stopping threads took: 0.0000213 seconds
117.672: [GC (Allocation Failure)  629640K->319146K(1033216K), 0.0044491 secs]
117.676: Total time for which application threads were stopped: 0.0046368 seconds, Stopping threads took: 0.0000226 seconds
117.745: [GC (Allocation Failure)  637610K->319146K(1033216K), 0.0044062 secs]
117.750: Total time for which application threads were stopped: 0.0045648 seconds, Stopping threads took: 0.0000196 seconds
117.814: [GC (Allocation Failure)  637610K->319394K(1033216K), 0.0048174 secs]
117.819: Total time for which application threads were stopped: 0.0049851 seconds, Stopping threads took: 0.0000195 seconds
117.887: [GC (Allocation Failure)  637858K->327204K(1033216K), 0.0044907 secs]
117.891: Total time for which application threads were stopped: 0.0046825 seconds, Stopping threads took: 0.0000200 seconds
117.959: [GC (Allocation Failure)  645668K->321058K(1033216K), 0.0020341 secs]
117.961: Total time for which application threads were stopped: 0.0021944 seconds, Stopping threads took: 0.0000193 seconds
118.030: [GC (Allocation Failure)  639522K->327332K(1033728K), 0.0043205 secs]
118.034: Total time for which application threads were stopped: 0.0045017 seconds, Stopping threads took: 0.0000190 seconds
118.101: [GC (Allocation Failure)  646308K->331308K(1033216K), 0.0050140 secs]
118.106: Total time for which application threads were stopped: 0.0051901 seconds, Stopping threads took: 0.0000197 seconds
118.173: [GC (Allocation Failure)  650284K->334634K(1031680K), 0.0058605 secs]
118.178: Total time for which application threads were stopped: 0.0060353 seconds, Stopping threads took: 0.0000206 seconds
118.245: [GC (Allocation Failure)  652074K->331404K(1032704K), 0.0046527 secs]
118.250: Total time for which application threads were stopped: 0.0048407 seconds, Stopping threads took: 0.0000210 seconds
118.319: [GC (Allocation Failure)  648844K->331308K(1033216K), 0.0042516 secs]
118.324: Total time for which application threads were stopped: 0.0044405 seconds, Stopping threads took: 0.0000257 seconds
118.390: [GC (Allocation Failure)  649260K->324074K(1032704K), 0.0013855 secs]
118.392: Total time for which application threads were stopped: 0.0015118 seconds, Stopping threads took: 0.0000196 seconds
118.460: [GC (Allocation Failure)  642026K->331340K(1033216K), 0.0044400 secs]
118.464: Total time for which application threads were stopped: 0.0046280 seconds, Stopping threads took: 0.0000211 seconds
118.533: [GC (Allocation Failure)  649292K->331340K(1032704K), 0.0046360 secs]
118.537: Total time for which application threads were stopped: 0.0048097 seconds, Stopping threads took: 0.0000237 seconds
118.603: [GC (Allocation Failure)  649292K->334820K(1033728K), 0.0054072 secs]
118.609: Total time for which application threads were stopped: 0.0055730 seconds, Stopping threads took: 0.0000202 seconds
118.677: [GC (Allocation Failure)  653796K->339335K(1033216K), 0.0045878 secs]
118.682: Total time for which application threads were stopped: 0.0047651 seconds, Stopping threads took: 0.0000209 seconds
118.750: [GC (Allocation Failure)  658311K->339335K(1033728K), 0.0049003 secs]
118.755: Total time for which application threads were stopped: 0.0050863 seconds, Stopping threads took: 0.0000204 seconds
118.823: [GC (Allocation Failure)  658823K->341031K(1033728K), 0.0045963 secs]
118.827: Total time for which application threads were stopped: 0.0047523 seconds, Stopping threads took: 0.0000195 seconds
118.894: [GC (Allocation Failure)  660519K->347369K(1034240K), 0.0044310 secs]
118.899: Total time for which application threads were stopped: 0.0046000 seconds, Stopping threads took: 0.0000199 seconds
118.969: [GC (Allocation Failure)  667369K->347369K(1033728K), 0.0045788 secs]
118.974: Total time for which application threads were stopped: 0.0047484 seconds, Stopping threads took: 0.0000198 seconds
119.039: [GC (Allocation Failure)  667369K->349289K(1034240K), 0.0047748 secs]
119.043: Total time for which application threads were stopped: 0.0049439 seconds, Stopping threads took: 0.0000201 seconds
119.111: [GC (Allocation Failure)  669801K->355435K(1034240K), 0.0041017 secs]
119.115: Total time for which application threads were stopped: 0.0042649 seconds, Stopping threads took: 0.0000197 seconds
119.183: [GC (Allocation Failure)  675947K->355403K(1034240K), 0.0042691 secs]
119.187: Total time for which application threads were stopped: 0.0044443 seconds, Stopping threads took: 0.0000196 seconds
119.256: [GC (Allocation Failure)  675915K->355467K(1020416K), 0.0047308 secs]
119.260: Total time for which application threads were stopped: 0.0049057 seconds, Stopping threads took: 0.0000200 seconds
119.329: [GC (Allocation Failure)  675979K->363533K(1033728K), 0.0042298 secs]
119.333: Total time for which application threads were stopped: 0.0044144 seconds, Stopping threads took: 0.0000268 seconds
119.401: [GC (Allocation Failure)  683021K->363437K(1033728K), 0.0046026 secs]
119.406: Total time for which application threads were stopped: 0.0047756 seconds, Stopping threads took: 0.0000205 seconds
119.471: [GC (Allocation Failure)  682925K->363693K(1033216K), 0.0046543 secs]
119.476: Total time for which application threads were stopped: 0.0048176 seconds, Stopping threads took: 0.0000210 seconds
119.543: [GC (Allocation Failure)  683181K->371504K(1033728K), 0.0043863 secs]
119.547: Total time for which application threads were stopped: 0.0045511 seconds, Stopping threads took: 0.0000208 seconds
119.614: [GC (Allocation Failure)  690992K->371472K(1033728K), 0.0044754 secs]
119.618: Total time for which application threads were stopped: 0.0046320 seconds, Stopping threads took: 0.0000199 seconds
119.687: [GC (Allocation Failure)  690960K->374984K(1033728K), 0.0054044 secs]
119.692: Total time for which application threads were stopped: 0.0055757 seconds, Stopping threads took: 0.0000205 seconds
119.761: [GC (Allocation Failure)  694472K->379498K(1034240K), 0.0045037 secs]
119.766: Total time for which application threads were stopped: 0.0046968 seconds, Stopping threads took: 0.0000200 seconds
119.833: [GC (Allocation Failure)  700010K->379530K(1034240K), 0.0044275 secs]
119.837: Total time for which application threads were stopped: 0.0045862 seconds, Stopping threads took: 0.0000281 seconds
119.906: [GC (Allocation Failure)  700042K->380170K(1034240K), 0.0047671 secs]
119.911: Total time for which application threads were stopped: 0.0049384 seconds, Stopping threads took: 0.0000202 seconds
119.980: [GC (Allocation Failure)  700682K->387628K(1034240K), 0.0045342 secs]
119.985: Total time for which application threads were stopped: 0.0047174 seconds, Stopping threads took: 0.0000203 seconds
120.053: [GC (Allocation Failure)  708140K->387564K(1034240K), 0.0044548 secs]
120.058: Total time for which application threads were stopped: 0.0046166 seconds, Stopping threads took: 0.0000206 seconds
120.127: [GC (Allocation Failure)  708076K->388356K(1034240K), 0.0049007 secs]
120.132: Total time for which application threads were stopped: 0.0050693 seconds, Stopping threads took: 0.0000200 seconds
120.200: [GC (Allocation Failure)  708868K->395526K(1033216K), 0.0045359 secs]
120.205: Total time for which application threads were stopped: 0.0046964 seconds, Stopping threads took: 0.0000195 seconds
120.271: [GC (Allocation Failure)  715014K->395558K(1033728K), 0.0045773 secs]
120.276: Total time for which application threads were stopped: 0.0047403 seconds, Stopping threads took: 0.0000205 seconds
120.343: [GC (Allocation Failure)  715046K->396614K(1033216K), 0.0046295 secs]
120.348: Total time for which application threads were stopped: 0.0047969 seconds, Stopping threads took: 0.0000275 seconds
120.415: [GC (Allocation Failure)  716102K->403625K(1033728K), 0.0049858 secs]
120.420: Total time for which application threads were stopped: 0.0051455 seconds, Stopping threads took: 0.0000205 seconds
120.487: [GC (Allocation Failure)  723113K->403561K(1033728K), 0.0046678 secs]
120.491: Total time for which application threads were stopped: 0.0048398 seconds, Stopping threads took: 0.0000206 seconds
120.558: [GC (Allocation Failure)  723049K->403817K(1033728K), 0.0046973 secs]
120.563: Total time for which application threads were stopped: 0.0048964 seconds, Stopping threads took: 0.0000216 seconds
120.632: [GC (Allocation Failure)  723305K->411627K(1033728K), 0.0043893 secs]
120.637: Total time for which application threads were stopped: 0.0045832 seconds, Stopping threads took: 0.0000211 seconds
120.704: [GC (Allocation Failure)  731115K->411627K(1033728K), 0.0047047 secs]
120.709: Total time for which application threads were stopped: 0.0048606 seconds, Stopping threads took: 0.0000208 seconds
120.775: [GC (Allocation Failure)  731115K->413091K(1033728K), 0.0048836 secs]
120.780: Total time for which application threads were stopped: 0.0050766 seconds, Stopping threads took: 0.0000205 seconds
120.849: [GC (Allocation Failure)  732579K->419685K(1033728K), 0.0043823 secs]
120.853: Total time for which application threads were stopped: 0.0045473 seconds, Stopping threads took: 0.0000253 seconds
120.920: [GC (Allocation Failure)  739173K->419685K(1033728K), 0.0043389 secs]
120.924: Total time for which application threads were stopped: 0.0045010 seconds, Stopping threads took: 0.0000206 seconds
120.991: [GC (Allocation Failure)  739173K->420285K(1033728K), 0.0048781 secs]
120.996: Total time for which application threads were stopped: 0.0050443 seconds, Stopping threads took: 0.0000200 seconds
121.064: [GC (Allocation Failure)  739773K->427712K(1033728K), 0.0045888 secs]
121.068: Total time for which application threads were stopped: 0.0047587 seconds, Stopping threads took: 0.0000204 seconds
121.135: [GC (Allocation Failure)  747200K->427712K(1033728K), 0.0045772 secs]
121.140: Total time for which application threads were stopped: 0.0047382 seconds, Stopping threads took: 0.0000206 seconds
121.206: [GC (Allocation Failure)  747200K->427752K(1033728K), 0.0047448 secs]
121.211: Total time for which application threads were stopped: 0.0049153 seconds, Stopping threads took: 0.0000210 seconds
121.280: [GC (Allocation Failure)  747240K->435786K(1033728K), 0.0046776 secs]
121.284: Total time for which application threads were stopped: 0.0048382 seconds, Stopping threads took: 0.0000206 seconds
121.351: [GC (Allocation Failure)  755274K->435722K(1033728K), 0.0043896 secs]
121.356: Total time for which application threads were stopped: 0.0045557 seconds, Stopping threads took: 0.0000196 seconds
121.422: [GC (Allocation Failure)  755210K->436778K(1033728K), 0.0049463 secs]
121.427: Total time for which application threads were stopped: 0.0051235 seconds, Stopping threads took: 0.0000285 seconds
121.494: [GC (Allocation Failure)  756266K->443788K(1033728K), 0.0046235 secs]
121.499: Total time for which application threads were stopped: 0.0047838 seconds, Stopping threads took: 0.0000197 seconds
121.567: [GC (Allocation Failure)  763276K->443724K(1033728K), 0.0047143 secs]
121.572: Total time for which application threads were stopped: 0.0048833 seconds, Stopping threads took: 0.0000210 seconds
121.640: [GC (Allocation Failure)  763212K->444012K(1033728K), 0.0050052 secs]
121.645: Total time for which application threads were stopped: 0.0051872 seconds, Stopping threads took: 0.0000204 seconds
121.714: [GC (Allocation Failure)  763500K->451790K(1027072K), 0.0046506 secs]
121.719: Total time for which application threads were stopped: 0.0048465 seconds, Stopping threads took: 0.0000213 seconds
121.788: [GC (Allocation Failure)  771278K->451790K(1033216K), 0.0045862 secs]
121.792: Total time for which application threads were stopped: 0.0047642 seconds, Stopping threads took: 0.0000211 seconds
121.860: [GC (Allocation Failure)  770254K->452230K(1033216K), 0.0047378 secs]
121.865: Total time for which application threads were stopped: 0.0049301 seconds, Stopping threads took: 0.0000266 seconds
121.932: [GC (Allocation Failure)  770694K->459785K(1033216K), 0.0055824 secs]
121.938: Total time for which application threads were stopped: 0.0057466 seconds, Stopping threads took: 0.0000197 seconds
122.004: [GC (Allocation Failure)  778249K->459849K(1033216K), 0.0045354 secs]
122.009: Total time for which application threads were stopped: 0.0047400 seconds, Stopping threads took: 0.0000321 seconds
122.075: [GC (Allocation Failure)  778313K->460457K(1033216K), 0.0047323 secs]
122.080: Total time for which application threads were stopped: 0.0048974 seconds, Stopping threads took: 0.0000196 seconds
122.147: [GC (Allocation Failure)  778921K->467883K(1033216K), 0.0046540 secs]
122.151: Total time for which application threads were stopped: 0.0048252 seconds, Stopping threads took: 0.0000209 seconds
122.217: [GC (Allocation Failure)  786347K->467883K(1033216K), 0.0046093 secs]
122.222: Total time for which application threads were stopped: 0.0047964 seconds, Stopping threads took: 0.0000200 seconds
122.290: [GC (Allocation Failure)  786347K->468587K(1033216K), 0.0049700 secs]
122.295: Total time for which application threads were stopped: 0.0051378 seconds, Stopping threads took: 0.0000289 seconds
122.365: [GC (Allocation Failure)  787051K->475917K(1033216K), 0.0046787 secs]
122.369: Total time for which application threads were stopped: 0.0048498 seconds, Stopping threads took: 0.0000209 seconds
122.435: [GC (Allocation Failure)  794381K->475885K(1033216K), 0.0045244 secs]
122.440: Total time for which application threads were stopped: 0.0047029 seconds, Stopping threads took: 0.0000212 seconds
122.505: [GC (Allocation Failure)  794349K->476813K(1033216K), 0.0049277 secs]
122.510: Total time for which application threads were stopped: 0.0051229 seconds, Stopping threads took: 0.0000207 seconds
122.579: [GC (Allocation Failure)  795277K->483951K(1033216K), 0.0046229 secs]
122.584: Total time for which application threads were stopped: 0.0047706 seconds, Stopping threads took: 0.0000172 seconds
122.651: [GC (Allocation Failure)  802415K->483919K(1033216K), 0.0048482 secs]
122.656: Total time for which application threads were stopped: 0.0050058 seconds, Stopping threads took: 0.0000203 seconds
122.723: [GC (Allocation Failure)  802383K->484039K(1033216K), 0.0046997 secs]
122.728: Total time for which application threads were stopped: 0.0048639 seconds, Stopping threads took: 0.0000207 seconds
122.795: [GC (Allocation Failure)  802503K->491946K(1033216K), 0.0048240 secs]
122.800: Total time for which application threads were stopped: 0.0049905 seconds, Stopping threads took: 0.0000205 seconds
122.870: [GC (Allocation Failure)  810410K->491978K(1033216K), 0.0068418 secs]
122.876: Total time for which application threads were stopped: 0.0070202 seconds, Stopping threads took: 0.0000270 seconds
122.944: [GC (Allocation Failure)  810442K->492226K(1033216K), 0.0062489 secs]
122.950: Total time for which application threads were stopped: 0.0064026 seconds, Stopping threads took: 0.0000254 seconds
123.019: [GC (Allocation Failure)  810690K->500004K(1033216K), 0.0047861 secs]
123.024: Total time for which application threads were stopped: 0.0049546 seconds, Stopping threads took: 0.0000195 seconds
123.092: [GC (Allocation Failure)  818468K->499972K(1033216K), 0.0047464 secs]
123.097: Total time for which application threads were stopped: 0.0049054 seconds, Stopping threads took: 0.0000197 seconds
123.162: [GC (Allocation Failure)  818436K->500516K(1033216K), 0.0049403 secs]
123.167: Total time for which application threads were stopped: 0.0051461 seconds, Stopping threads took: 0.0000204 seconds
123.233: [GC (Allocation Failure)  818980K->508006K(1033216K), 0.0047891 secs]
123.238: Total time for which application threads were stopped: 0.0049631 seconds, Stopping threads took: 0.0000208 seconds
123.304: [GC (Allocation Failure)  826470K->508038K(1033216K), 0.0048782 secs]
123.309: Total time for which application threads were stopped: 0.0050891 seconds, Stopping threads took: 0.0000209 seconds
123.376: [GC (Allocation Failure)  826502K->508230K(1033216K), 0.0047242 secs]
123.380: Total time for which application threads were stopped: 0.0048933 seconds, Stopping threads took: 0.0000277 seconds
123.447: [GC (Allocation Failure)  826694K->516040K(1033216K), 0.0045733 secs]
123.452: Total time for which application threads were stopped: 0.0047661 seconds, Stopping threads took: 0.0000196 seconds
123.519: [GC (Allocation Failure)  834504K->516040K(1033216K), 0.0047235 secs]
123.524: Total time for which application threads were stopped: 0.0048888 seconds, Stopping threads took: 0.0000193 seconds
123.588: [GC (Allocation Failure)  834504K->516200K(1033216K), 0.0047482 secs]
123.593: Total time for which application threads were stopped: 0.0049215 seconds, Stopping threads took: 0.0000201 seconds
123.660: [GC (Allocation Failure)  834664K->524107K(1033216K), 0.0046572 secs]
123.665: Total time for which application threads were stopped: 0.0048154 seconds, Stopping threads took: 0.0000200 seconds
123.729: [GC (Allocation Failure)  842571K->517544K(1033216K), 0.0022562 secs]
123.732: Total time for which application threads were stopped: 0.0024136 seconds, Stopping threads took: 0.0000195 seconds
123.801: [GC (Allocation Failure)  836008K->524147K(1033728K), 0.0052784 secs]
123.807: Total time for which application threads were stopped: 0.0054405 seconds, Stopping threads took: 0.0000197 seconds
123.874: [GC (Allocation Failure)  843123K->528219K(1033216K), 0.0054437 secs]
123.879: Total time for which application threads were stopped: 0.0056496 seconds, Stopping threads took: 0.0000463 seconds
123.949: [GC (Allocation Failure)  847195K->531096K(1031680K), 0.0058441 secs]
123.955: Total time for which application threads were stopped: 0.0060223 seconds, Stopping threads took: 0.0000141 seconds
124.022: [GC (Allocation Failure)  848536K->528443K(1032704K), 0.0048501 secs]
124.027: Total time for which application threads were stopped: 0.0050222 seconds, Stopping threads took: 0.0000203 seconds
124.095: [GC (Allocation Failure)  845883K->528219K(1033216K), 0.0048869 secs]
124.100: Total time for which application threads were stopped: 0.0050609 seconds, Stopping threads took: 0.0000211 seconds
124.167: [GC (Allocation Failure)  846171K->520536K(1032704K), 0.0016512 secs]
124.169: Total time for which application threads were stopped: 0.0017933 seconds, Stopping threads took: 0.0000198 seconds
124.236: [GC (Allocation Failure)  838488K->528379K(1033216K), 0.0049560 secs]
124.241: Total time for which application threads were stopped: 0.0051393 seconds, Stopping threads took: 0.0000214 seconds
124.309: [GC (Allocation Failure)  846331K->528251K(1032704K), 0.0048659 secs]
124.314: Total time for which application threads were stopped: 0.0050358 seconds, Stopping threads took: 0.0000203 seconds
124.380: [GC (Allocation Failure)  846203K->531355K(1033728K), 0.0055516 secs]
124.386: Total time for which application threads were stopped: 0.0057289 seconds, Stopping threads took: 0.0000258 seconds
124.454: [GC (Allocation Failure)  850331K->536349K(1033216K), 0.0047402 secs]
124.458: Total time for which application threads were stopped: 0.0049049 seconds, Stopping threads took: 0.0000205 seconds
124.526: [GC (Allocation Failure)  855325K->536253K(1033728K), 0.0065041 secs]
124.533: Total time for which application threads were stopped: 0.0066751 seconds, Stopping threads took: 0.0000201 seconds
124.598: [GC (Allocation Failure)  855741K->537533K(1033728K), 0.0051366 secs]
124.603: Total time for which application threads were stopped: 0.0053284 seconds, Stopping threads took: 0.0000233 seconds
124.671: [GC (Allocation Failure)  857021K->544319K(1033728K), 0.0049459 secs]
124.676: Total time for which application threads were stopped: 0.0051126 seconds, Stopping threads took: 0.0000213 seconds
124.743: [GC (Allocation Failure)  863807K->544287K(1033728K), 0.0049446 secs]
124.748: Total time for which application threads were stopped: 0.0051132 seconds, Stopping threads took: 0.0000204 seconds
124.815: [GC (Allocation Failure)  863775K->544767K(1033728K), 0.0065896 secs]
124.822: Total time for which application threads were stopped: 0.0067699 seconds, Stopping threads took: 0.0000209 seconds
124.889: [GC (Allocation Failure)  864255K->552353K(1033728K), 0.0046425 secs]
124.894: Total time for which application threads were stopped: 0.0047979 seconds, Stopping threads took: 0.0000176 seconds
124.962: [GC (Allocation Failure)  871841K->552321K(1033728K), 0.0048110 secs]
124.967: Total time for which application threads were stopped: 0.0049795 seconds, Stopping threads took: 0.0000171 seconds
125.034: [GC (Allocation Failure)  871809K->556073K(1033728K), 0.0057305 secs]
125.039: Total time for which application threads were stopped: 0.0058931 seconds, Stopping threads took: 0.0000206 seconds
125.105: [GC (Allocation Failure)  875561K->560428K(1034240K), 0.0049136 secs]
125.110: Total time for which application threads were stopped: 0.0050835 seconds, Stopping threads took: 0.0000203 seconds
125.178: [GC (Allocation Failure)  880940K->560396K(1034240K), 0.0048775 secs]
125.183: Total time for which application threads were stopped: 0.0050511 seconds, Stopping threads took: 0.0000208 seconds
125.251: [GC (Allocation Failure)  880908K->561196K(1034240K), 0.0050026 secs]
125.256: Total time for which application threads were stopped: 0.0051743 seconds, Stopping threads took: 0.0000198 seconds
125.324: [GC (Allocation Failure)  881708K->568430K(1034240K), 0.0048300 secs]
125.329: Total time for which application threads were stopped: 0.0050247 seconds, Stopping threads took: 0.0000204 seconds
125.399: [GC (Allocation Failure)  888942K->568398K(1034240K), 0.0047247 secs]
125.404: Total time for which application threads were stopped: 0.0048966 seconds, Stopping threads took: 0.0000200 seconds
125.471: [GC (Allocation Failure)  888910K->571526K(1034240K), 0.0055496 secs]
125.477: Total time for which application threads were stopped: 0.0057152 seconds, Stopping threads took: 0.0000201 seconds
125.545: [GC (Allocation Failure)  892038K->576520K(1034240K), 0.0048752 secs]
125.550: Total time for which application threads were stopped: 0.0050414 seconds, Stopping threads took: 0.0000210 seconds
125.618: [GC (Allocation Failure)  897032K->576424K(1034240K), 0.0048824 secs]
125.622: Total time for which application threads were stopped: 0.0050464 seconds, Stopping threads took: 0.0000203 seconds
125.690: [GC (Allocation Failure)  896936K->577664K(1034240K), 0.0068803 secs]
125.697: Total time for which application threads were stopped: 0.0070787 seconds, Stopping threads took: 0.0000212 seconds
125.766: [GC (Allocation Failure)  898176K->584483K(1034240K), 0.0049160 secs]
125.771: Total time for which application threads were stopped: 0.0050991 seconds, Stopping threads took: 0.0000184 seconds
125.841: [GC (Allocation Failure)  904995K->584419K(1034240K), 0.0048190 secs]
125.845: Total time for which application threads were stopped: 0.0049893 seconds, Stopping threads took: 0.0000282 seconds
125.912: [GC (Allocation Failure)  904931K->584875K(1034240K), 0.0051797 secs]
125.917: Total time for which application threads were stopped: 0.0053439 seconds, Stopping threads took: 0.0000264 seconds
125.986: [GC (Allocation Failure)  905387K->592525K(1034240K), 0.0050089 secs]
125.992: Total time for which application threads were stopped: 0.0051794 seconds, Stopping threads took: 0.0000201 seconds
126.059: [GC (Allocation Failure)  913037K->592525K(1034240K), 0.0045900 secs]
126.064: Total time for which application threads were stopped: 0.0047631 seconds, Stopping threads took: 0.0000208 seconds
126.130: [GC (Allocation Failure)  913037K->594181K(1034240K), 0.0054012 secs]
126.136: Total time for which application threads were stopped: 0.0055706 seconds, Stopping threads took: 0.0000200 seconds
126.204: [GC (Allocation Failure)  914693K->600551K(1034240K), 0.0047776 secs]
126.208: Total time for which application threads were stopped: 0.0049462 seconds, Stopping threads took: 0.0000202 seconds
126.276: [GC (Allocation Failure)  921063K->600519K(1034240K), 0.0048507 secs]
126.281: Total time for which application threads were stopped: 0.0050205 seconds, Stopping threads took: 0.0000190 seconds
126.348: [GC (Allocation Failure)  921031K->600583K(1020416K), 0.0050023 secs]
126.353: Total time for which application threads were stopped: 0.0051692 seconds, Stopping threads took: 0.0000280 seconds
126.420: [GC (Allocation Failure)  921095K->608649K(1033728K), 0.0049106 secs]
126.425: Total time for which application threads were stopped: 0.0050724 seconds, Stopping threads took: 0.0000208 seconds
126.494: [GC (Allocation Failure)  928137K->608553K(1033728K), 0.0049891 secs]
126.499: Total time for which application threads were stopped: 0.0051491 seconds, Stopping threads took: 0.0000207 seconds
126.565: [GC (Allocation Failure)  928041K->608617K(1033728K), 0.0050197 secs]
126.570: Total time for which application threads were stopped: 0.0051896 seconds, Stopping threads took: 0.0000204 seconds
126.637: [GC (Allocation Failure)  928105K->616684K(1033728K), 0.0050075 secs]
126.643: Total time for which application threads were stopped: 0.0051802 seconds, Stopping threads took: 0.0000208 seconds
126.709: [GC (Allocation Failure)  936172K->616588K(1033728K), 0.0050104 secs]
126.714: Total time for which application threads were stopped: 0.0051911 seconds, Stopping threads took: 0.0000217 seconds
126.781: [GC (Allocation Failure)  936076K->616836K(1033728K), 0.0050463 secs]
126.786: Total time for which application threads were stopped: 0.0052183 seconds, Stopping threads took: 0.0000215 seconds
126.854: [GC (Allocation Failure)  936324K->624614K(1033728K), 0.0047357 secs]
126.859: Total time for which application threads were stopped: 0.0049301 seconds, Stopping threads took: 0.0000295 seconds
126.928: [GC (Allocation Failure)  944102K->624614K(1033728K), 0.0057974 secs]
126.934: Total time for which application threads were stopped: 0.0059624 seconds, Stopping threads took: 0.0000237 seconds
127.001: [GC (Allocation Failure)  944102K->625030K(1033728K), 0.0052686 secs]
127.006: Total time for which application threads were stopped: 0.0054371 seconds, Stopping threads took: 0.0000193 seconds
127.075: [GC (Allocation Failure)  944518K->632648K(1027072K), 0.0049939 secs]
127.080: Total time for which application threads were stopped: 0.0051654 seconds, Stopping threads took: 0.0000205 seconds
127.146: [GC (Allocation Failure)  952136K->632616K(1033728K), 0.0050458 secs]
127.152: Total time for which application threads were stopped: 0.0052386 seconds, Stopping threads took: 0.0000202 seconds
127.218: [GC (Allocation Failure)  951592K->633800K(1033216K), 0.0051052 secs]
127.223: Total time for which application threads were stopped: 0.0052760 seconds, Stopping threads took: 0.0000202 seconds
127.290: [GC (Allocation Failure)  952776K->640714K(1033728K), 0.0050219 secs]
127.296: Total time for which application threads were stopped: 0.0052110 seconds, Stopping threads took: 0.0000206 seconds
127.365: [GC (Allocation Failure)  960202K->640682K(1033728K), 0.0046808 secs]
127.370: Total time for which application threads were stopped: 0.0048481 seconds, Stopping threads took: 0.0000271 seconds
127.436: [GC (Allocation Failure)  960170K->640746K(1032704K), 0.0052631 secs]
127.442: Total time for which application threads were stopped: 0.0054615 seconds, Stopping threads took: 0.0000218 seconds
127.511: [GC (Allocation Failure)  959210K->648749K(1033216K), 0.0051549 secs]
127.516: Total time for which application threads were stopped: 0.0053116 seconds, Stopping threads took: 0.0000164 seconds
127.583: [GC (Allocation Failure)  967213K->648717K(1033216K), 0.0050268 secs]
127.588: Total time for which application threads were stopped: 0.0052209 seconds, Stopping threads took: 0.0000200 seconds
127.654: [GC (Allocation Failure)  967181K->649773K(1033216K), 0.0054120 secs]
127.659: Total time for which application threads were stopped: 0.0055812 seconds, Stopping threads took: 0.0000279 seconds
127.724: [GC (Allocation Failure)  968237K->656783K(1032704K), 0.0050658 secs]
127.729: Total time for which application threads were stopped: 0.0052565 seconds, Stopping threads took: 0.0000195 seconds
127.796: [GC (Allocation Failure)  975247K->656751K(1033216K), 0.0051963 secs]
127.802: Total time for which application threads were stopped: 0.0053446 seconds, Stopping threads took: 0.0000175 seconds
127.869: [GC (Allocation Failure)  975215K->656935K(1033216K), 0.0051352 secs]
127.875: Total time for which application threads were stopped: 0.0053229 seconds, Stopping threads took: 0.0000283 seconds
127.942: [GC (Allocation Failure)  975399K->664777K(1033216K), 0.0065796 secs]
127.949: Total time for which application threads were stopped: 0.0067405 seconds, Stopping threads took: 0.0000259 seconds
128.016: [GC (Allocation Failure)  983241K->664777K(1033216K), 0.0048190 secs]
128.021: Total time for which application threads were stopped: 0.0049693 seconds, Stopping threads took: 0.0000173 seconds
128.087: [GC (Allocation Failure)  983241K->665193K(1033216K), 0.0052068 secs]
128.092: Total time for which application threads were stopped: 0.0053875 seconds, Stopping threads took: 0.0000271 seconds
128.159: [GC (Allocation Failure)  983657K->672811K(1033216K), 0.0050141 secs]
128.165: Total time for which application threads were stopped: 0.0051825 seconds, Stopping threads took: 0.0000282 seconds
128.230: [GC (Allocation Failure)  991275K->672779K(1033216K), 0.0051034 secs]
128.235: Total time for which application threads were stopped: 0.0052678 seconds, Stopping threads took: 0.0000198 seconds
128.299: [GC (Allocation Failure)  991243K->673419K(1033216K), 0.0053171 secs]
128.305: Total time for which application threads were stopped: 0.0054739 seconds, Stopping threads took: 0.0000193 seconds
128.374: [GC (Allocation Failure)  991883K->680878K(1033216K), 0.0051964 secs]
128.379: Total time for which application threads were stopped: 0.0053747 seconds, Stopping threads took: 0.0000284 seconds
128.447: [GC (Allocation Failure)  999342K->680846K(1033216K), 0.0051208 secs]
128.452: Total time for which application threads were stopped: 0.0052801 seconds, Stopping threads took: 0.0000202 seconds
128.518: [GC (Allocation Failure)  999310K->680910K(1033216K), 0.0050895 secs]
128.523: Total time for which application threads were stopped: 0.0052531 seconds, Stopping threads took: 0.0000190 seconds
128.589: [GC (Allocation Failure)  999374K->688880K(1033216K), 0.0051720 secs]
128.594: Total time for which application threads were stopped: 0.0053885 seconds, Stopping threads took: 0.0000209 seconds
128.661: [GC (Allocation Failure)  1007344K->688880K(1033216K), 0.0050893 secs]
128.666: Total time for which application threads were stopped: 0.0052491 seconds, Stopping threads took: 0.0000184 seconds
128.733: [GC (Allocation Failure)  1007344K->688944K(1033216K), 0.0050460 secs]
128.738: [Full GC (Ergonomics)  688944K->8528K(1033216K), 0.0119430 secs]
128.750: Total time for which application threads were stopped: 0.0172398 seconds, Stopping threads took: 0.0000201 seconds
128.817: [GC (Allocation Failure)  326992K->16658K(1033216K), 0.0037760 secs]
128.821: Total time for which application threads were stopped: 0.0039374 seconds, Stopping threads took: 0.0000203 seconds
128.888: [GC (Allocation Failure)  335122K->16658K(1033216K), 0.0038736 secs]
128.892: Total time for which application threads were stopped: 0.0040654 seconds, Stopping threads took: 0.0000260 seconds
128.958: [GC (Allocation Failure)  335122K->16842K(1033216K), 0.0039749 secs]
128.962: Total time for which application threads were stopped: 0.0041335 seconds, Stopping threads took: 0.0000200 seconds
129.029: [GC (Allocation Failure)  335306K->24684K(1033216K), 0.0038916 secs]
129.033: Total time for which application threads were stopped: 0.0040529 seconds, Stopping threads took: 0.0000201 seconds
129.099: [GC (Allocation Failure)  343148K->24684K(1033216K), 0.0039241 secs]
129.103: Total time for which application threads were stopped: 0.0041037 seconds, Stopping threads took: 0.0000206 seconds
129.168: [GC (Allocation Failure)  343148K->25068K(1033216K), 0.0041226 secs]
129.172: Total time for which application threads were stopped: 0.0042975 seconds, Stopping threads took: 0.0000211 seconds
129.239: [GC (Allocation Failure)  343532K->32719K(1033216K), 0.0038794 secs]
129.243: Total time for which application threads were stopped: 0.0040509 seconds, Stopping threads took: 0.0000209 seconds
129.311: [GC (Allocation Failure)  351183K->32751K(1033216K), 0.0037093 secs]
129.314: Total time for which application threads were stopped: 0.0038660 seconds, Stopping threads took: 0.0000192 seconds
129.381: [GC (Allocation Failure)  351215K->32775K(1033216K), 0.0038243 secs]
129.385: Total time for which application threads were stopped: 0.0039840 seconds, Stopping threads took: 0.0000257 seconds
129.451: [GC (Allocation Failure)  351239K->40777K(1033216K), 0.0038808 secs]
129.455: Total time for which application threads were stopped: 0.0040411 seconds, Stopping threads took: 0.0000255 seconds
129.520: [GC (Allocation Failure)  359241K->36839K(1033216K), 0.0026218 secs]
129.523: Total time for which application threads were stopped: 0.0027805 seconds, Stopping threads took: 0.0000196 seconds
129.590: [GC (Allocation Failure)  355303K->40873K(1034240K), 0.0039927 secs]
129.594: Total time for which application threads were stopped: 0.0041916 seconds, Stopping threads took: 0.0000210 seconds
129.663: [GC (Allocation Failure)  360873K->44873K(1033728K), 0.0039109 secs]
129.667: Total time for which application threads were stopped: 0.0040777 seconds, Stopping threads took: 0.0000173 seconds
129.735: [GC (Allocation Failure)  364873K->52399K(1028096K), 0.0071634 secs]
129.742: Total time for which application threads were stopped: 0.0073415 seconds, Stopping threads took: 0.0000218 seconds
129.810: [GC (Allocation Failure)  366767K->46193K(1031168K), 0.0039762 secs]
129.814: Total time for which application threads were stopped: 0.0041262 seconds, Stopping threads took: 0.0000169 seconds
129.881: [GC (Allocation Failure)  360561K->46129K(1032192K), 0.0037720 secs]
129.885: Total time for which application threads were stopped: 0.0039411 seconds, Stopping threads took: 0.0000263 seconds
129.952: [GC (Allocation Failure)  362033K->47081K(1031680K), 0.0039628 secs]
129.956: Total time for which application threads were stopped: 0.0041348 seconds, Stopping threads took: 0.0000174 seconds
130.023: [GC (Allocation Failure)  362985K->54155K(1032704K), 0.0037120 secs]
130.027: Total time for which application threads were stopped: 0.0038615 seconds, Stopping threads took: 0.0000172 seconds
130.094: [GC (Allocation Failure)  371083K->54155K(1032192K), 0.0039368 secs]
130.098: Total time for which application threads were stopped: 0.0040991 seconds, Stopping threads took: 0.0000200 seconds
130.164: [GC (Allocation Failure)  371083K->57891K(1033216K), 0.0047551 secs]
130.169: Total time for which application threads were stopped: 0.0049179 seconds, Stopping threads took: 0.0000206 seconds
130.236: [GC (Allocation Failure)  375843K->62245K(1032704K), 0.0039689 secs]
130.240: Total time for which application threads were stopped: 0.0041294 seconds, Stopping threads took: 0.0000201 seconds
130.308: [GC (Allocation Failure)  380197K->62181K(1033728K), 0.0038326 secs]
130.312: Total time for which application threads were stopped: 0.0040000 seconds, Stopping threads took: 0.0000201 seconds
130.379: [GC (Allocation Failure)  381669K->66109K(1033728K), 0.0048859 secs]
130.384: Total time for which application threads were stopped: 0.0050537 seconds, Stopping threads took: 0.0000202 seconds
130.452: [GC (Allocation Failure)  385597K->70336K(1034240K), 0.0036705 secs]
130.456: Total time for which application threads were stopped: 0.0038383 seconds, Stopping threads took: 0.0000202 seconds
130.524: [GC (Allocation Failure)  390848K->70176K(1034240K), 0.0039050 secs]
130.528: Total time for which application threads were stopped: 0.0040644 seconds, Stopping threads took: 0.0000189 seconds
130.593: [GC (Allocation Failure)  390688K->71256K(1034240K), 0.0057963 secs]
130.599: Total time for which application threads were stopped: 0.0059504 seconds, Stopping threads took: 0.0000196 seconds
130.667: [GC (Allocation Failure)  391768K->78330K(1034240K), 0.0036057 secs]
130.671: Total time for which application threads were stopped: 0.0037729 seconds, Stopping threads took: 0.0000183 seconds
130.737: [GC (Allocation Failure)  398842K->78234K(1034240K), 0.0039016 secs]
130.741: Total time for which application threads were stopped: 0.0040796 seconds, Stopping threads took: 0.0000207 seconds
130.807: [GC (Allocation Failure)  398746K->81530K(1034240K), 0.0064737 secs]
130.814: Total time for which application threads were stopped: 0.0066739 seconds, Stopping threads took: 0.0000221 seconds
130.883: [GC (Allocation Failure)  402042K->86268K(1034752K), 0.0038503 secs]
130.887: Total time for which application threads were stopped: 0.0040143 seconds, Stopping threads took: 0.0000251 seconds
130.957: [GC (Allocation Failure)  407804K->86300K(1034752K), 0.0041872 secs]
130.962: Total time for which application threads were stopped: 0.0043512 seconds, Stopping threads took: 0.0000183 seconds
131.028: [GC (Allocation Failure)  407836K->89820K(1034752K), 0.0049653 secs]
131.033: Total time for which application threads were stopped: 0.0051374 seconds, Stopping threads took: 0.0000202 seconds
131.103: [GC (Allocation Failure)  411356K->94334K(1034752K), 0.0039045 secs]
131.107: Total time for which application threads were stopped: 0.0040978 seconds, Stopping threads took: 0.0000202 seconds
131.175: [GC (Allocation Failure)  415870K->94302K(1035264K), 0.0041023 secs]
131.180: Total time for which application threads were stopped: 0.0043057 seconds, Stopping threads took: 0.0000283 seconds
131.247: [GC (Allocation Failure)  416350K->95462K(1034752K), 0.0040001 secs]
131.251: Total time for which application threads were stopped: 0.0041577 seconds, Stopping threads took: 0.0000170 seconds
131.320: [GC (Allocation Failure)  417510K->102345K(1034752K), 0.0037652 secs]
131.323: Total time for which application threads were stopped: 0.0039273 seconds, Stopping threads took: 0.0000196 seconds
131.389: [GC (Allocation Failure)  423881K->102345K(1034752K), 0.0040098 secs]
131.393: Total time for which application threads were stopped: 0.0041726 seconds, Stopping threads took: 0.0000195 seconds
131.459: [GC (Allocation Failure)  423881K->105257K(1034752K), 0.0046144 secs]
131.463: Total time for which application threads were stopped: 0.0047804 seconds, Stopping threads took: 0.0000192 seconds
131.529: [GC (Allocation Failure)  426793K->110507K(1034752K), 0.0038931 secs]
131.533: Total time for which application threads were stopped: 0.0040579 seconds, Stopping threads took: 0.0000200 seconds
131.599: [GC (Allocation Failure)  432043K->110347K(1034752K), 0.0040004 secs]
131.603: Total time for which application threads were stopped: 0.0041616 seconds, Stopping threads took: 0.0000202 seconds
131.668: [GC (Allocation Failure)  431883K->114499K(1034752K), 0.0050171 secs]
131.673: Total time for which application threads were stopped: 0.0052139 seconds, Stopping threads took: 0.0000202 seconds
131.740: [GC (Allocation Failure)  436035K->118501K(1035264K), 0.0041194 secs]
131.745: Total time for which application threads were stopped: 0.0042932 seconds, Stopping threads took: 0.0000213 seconds
131.813: [GC (Allocation Failure)  441061K->118405K(1035264K), 0.0038211 secs]
131.817: Total time for which application threads were stopped: 0.0039927 seconds, Stopping threads took: 0.0000203 seconds
131.885: [GC (Allocation Failure)  440965K->121701K(1035264K), 0.0049165 secs]
131.890: Total time for which application threads were stopped: 0.0051065 seconds, Stopping threads took: 0.0000291 seconds
131.960: [GC (Allocation Failure)  444261K->126440K(1035264K), 0.0038868 secs]
131.963: Total time for which application threads were stopped: 0.0040445 seconds, Stopping threads took: 0.0000201 seconds
132.031: [GC (Allocation Failure)  449000K->126408K(1035264K), 0.0040169 secs]
132.035: Total time for which application threads were stopped: 0.0042313 seconds, Stopping threads took: 0.0000202 seconds
132.105: [GC (Allocation Failure)  448968K->129928K(1035264K), 0.0048316 secs]
132.109: Total time for which application threads were stopped: 0.0050059 seconds, Stopping threads took: 0.0000204 seconds
132.178: [GC (Allocation Failure)  452488K->134506K(1035776K), 0.0040061 secs]
132.182: Total time for which application threads were stopped: 0.0041682 seconds, Stopping threads took: 0.0000205 seconds
132.251: [GC (Allocation Failure)  458090K->134442K(1035776K), 0.0041153 secs]
132.255: Total time for which application threads were stopped: 0.0042835 seconds, Stopping threads took: 0.0000194 seconds
132.323: [GC (Allocation Failure)  458026K->136106K(1034752K), 0.0045101 secs]
132.327: Total time for which application threads were stopped: 0.0046832 seconds, Stopping threads took: 0.0000209 seconds
132.395: [GC (Allocation Failure)  458666K->142540K(1035264K), 0.0039525 secs]
132.399: Total time for which application threads were stopped: 0.0041601 seconds, Stopping threads took: 0.0000283 seconds
132.468: [GC (Allocation Failure)  465100K->142508K(1035264K), 0.0040701 secs]
132.473: Total time for which application threads were stopped: 0.0042282 seconds, Stopping threads took: 0.0000175 seconds
132.539: [GC (Allocation Failure)  465068K->144364K(1035264K), 0.0043251 secs]
132.544: Total time for which application threads were stopped: 0.0044971 seconds, Stopping threads took: 0.0000208 seconds
132.612: [GC (Allocation Failure)  466924K->150638K(1035264K), 0.0039782 secs]
132.616: Total time for which application threads were stopped: 0.0041724 seconds, Stopping threads took: 0.0000201 seconds
132.686: [GC (Allocation Failure)  473198K->150574K(1035264K), 0.0041002 secs]
132.690: Total time for which application threads were stopped: 0.0042607 seconds, Stopping threads took: 0.0000176 seconds
132.757: [GC (Allocation Failure)  473134K->152550K(1035264K), 0.0044114 secs]
132.761: Total time for which application threads were stopped: 0.0046096 seconds, Stopping threads took: 0.0000212 seconds
132.831: [GC (Allocation Failure)  475110K->158601K(1035264K), 0.0038523 secs]
132.835: Total time for which application threads were stopped: 0.0040046 seconds, Stopping threads took: 0.0000169 seconds
132.904: [GC (Allocation Failure)  481161K->158569K(1035264K), 0.0040381 secs]
132.908: Total time for which application threads were stopped: 0.0042054 seconds, Stopping threads took: 0.0000262 seconds
132.978: [GC (Allocation Failure)  481129K->152806K(1035264K), 0.0017258 secs]
132.980: Total time for which application threads were stopped: 0.0018629 seconds, Stopping threads took: 0.0000202 seconds
133.047: [GC (Allocation Failure)  475366K->158793K(1034240K), 0.0041067 secs]
133.052: Total time for which application threads were stopped: 0.0043023 seconds, Stopping threads took: 0.0000202 seconds
133.120: [GC (Allocation Failure)  480329K->158537K(1034752K), 0.0051921 secs]
133.126: Total time for which application threads were stopped: 0.0053691 seconds, Stopping threads took: 0.0000198 seconds
133.191: [GC (Allocation Failure)  480073K->155014K(1035264K), 0.0026682 secs]
133.194: Total time for which application threads were stopped: 0.0028392 seconds, Stopping threads took: 0.0000215 seconds
133.262: [GC (Allocation Failure)  477062K->158793K(1034752K), 0.0040536 secs]
133.267: Total time for which application threads were stopped: 0.0042490 seconds, Stopping threads took: 0.0000223 seconds
133.335: [GC (Allocation Failure)  480841K->158569K(1035264K), 0.0038803 secs]
133.339: Total time for which application threads were stopped: 0.0040772 seconds, Stopping threads took: 0.0000213 seconds
133.408: [GC (Allocation Failure)  481129K->158278K(1035264K), 0.0038763 secs]
133.412: Total time for which application threads were stopped: 0.0040672 seconds, Stopping threads took: 0.0000190 seconds
133.481: [GC (Allocation Failure)  480838K->158697K(1035776K), 0.0041417 secs]
133.485: Total time for which application threads were stopped: 0.0042924 seconds, Stopping threads took: 0.0000171 seconds
133.553: [GC (Allocation Failure)  481769K->158569K(1035264K), 0.0041954 secs]
133.557: Total time for which application threads were stopped: 0.0043655 seconds, Stopping threads took: 0.0000206 seconds
133.623: [GC (Allocation Failure)  481641K->163590K(1032704K), 0.0064697 secs]
133.629: Total time for which application threads were stopped: 0.0066439 seconds, Stopping threads took: 0.0000272 seconds
133.697: [GC (Allocation Failure)  484102K->158921K(1034240K), 0.0044836 secs]
133.701: Total time for which application threads were stopped: 0.0046518 seconds, Stopping threads took: 0.0000206 seconds
133.769: [GC (Allocation Failure)  479433K->158857K(1034752K), 0.0040810 secs]
133.773: Total time for which application threads were stopped: 0.0042483 seconds, Stopping threads took: 0.0000201 seconds
133.840: [GC (Allocation Failure)  479881K->162566K(1034240K), 0.0058278 secs]
133.846: Total time for which application threads were stopped: 0.0059948 seconds, Stopping threads took: 0.0000205 seconds
133.913: [GC (Allocation Failure)  483590K->158889K(1034752K), 0.0055326 secs]
133.918: Total time for which application threads were stopped: 0.0057233 seconds, Stopping threads took: 0.0000203 seconds
133.988: [GC (Allocation Failure)  479913K->158857K(1034240K), 0.0039091 secs]
133.992: Total time for which application threads were stopped: 0.0040701 seconds, Stopping threads took: 0.0000194 seconds
134.060: [GC (Allocation Failure)  479881K->162278K(1033216K), 0.0054085 secs]
134.065: Total time for which application threads were stopped: 0.0055923 seconds, Stopping threads took: 0.0000199 seconds
134.135: [GC (Allocation Failure)  482790K->159081K(1034240K), 0.0041935 secs]
134.139: Total time for which application threads were stopped: 0.0043549 seconds, Stopping threads took: 0.0000203 seconds
134.207: [GC (Allocation Failure)  479593K->158857K(1035264K), 0.0039909 secs]
134.211: Total time for which application threads were stopped: 0.0041684 seconds, Stopping threads took: 0.0000277 seconds
134.279: [GC (Allocation Failure)  480905K->161958K(1034752K), 0.0054335 secs]
134.285: Total time for which application threads were stopped: 0.0056366 seconds, Stopping threads took: 0.0000278 seconds
134.354: [GC (Allocation Failure)  484006K->159049K(1035264K), 0.0040202 secs]
134.358: Total time for which application threads were stopped: 0.0041897 seconds, Stopping threads took: 0.0000261 seconds
134.426: [GC (Allocation Failure)  481097K->158889K(1034752K), 0.0039327 secs]
134.430: Total time for which application threads were stopped: 0.0040910 seconds, Stopping threads took: 0.0000192 seconds
134.499: [GC (Allocation Failure)  480937K->164678K(1032704K), 0.0068909 secs]
134.506: Total time for which application threads were stopped: 0.0070634 seconds, Stopping threads took: 0.0000201 seconds
134.574: [GC (Allocation Failure)  485190K->160041K(1034240K), 0.0040788 secs]
134.578: Total time for which application threads were stopped: 0.0042634 seconds, Stopping threads took: 0.0000196 seconds
134.648: [GC (Allocation Failure)  480553K->159977K(1034752K), 0.0038792 secs]
134.652: Total time for which application threads were stopped: 0.0040358 seconds, Stopping threads took: 0.0000257 seconds
134.720: [GC (Allocation Failure)  481001K->164454K(1033216K), 0.0058561 secs]
134.726: Total time for which application threads were stopped: 0.0060282 seconds, Stopping threads took: 0.0000212 seconds
134.793: [GC (Allocation Failure)  485478K->160041K(1034240K), 0.0043321 secs]
134.797: Total time for which application threads were stopped: 0.0045039 seconds, Stopping threads took: 0.0000211 seconds
134.865: [GC (Allocation Failure)  480041K->159945K(1033728K), 0.0038766 secs]
134.869: Total time for which application threads were stopped: 0.0040345 seconds, Stopping threads took: 0.0000269 seconds
134.934: [GC (Allocation Failure)  479945K->162086K(1034752K), 0.0069286 secs]
134.941: Total time for which application threads were stopped: 0.0071433 seconds, Stopping threads took: 0.0000265 seconds
135.009: [GC (Allocation Failure)  483110K->159977K(1034240K), 0.0039739 secs]
135.013: Total time for which application threads were stopped: 0.0041535 seconds, Stopping threads took: 0.0000175 seconds
135.083: [GC (Allocation Failure)  481001K->159945K(1035264K), 0.0041277 secs]
135.087: Total time for which application threads were stopped: 0.0043015 seconds, Stopping threads took: 0.0000202 seconds
135.154: [GC (Allocation Failure)  481993K->162822K(1034752K), 0.0052975 secs]
135.160: Total time for which application threads were stopped: 0.0054650 seconds, Stopping threads took: 0.0000213 seconds
135.228: [GC (Allocation Failure)  484870K->160201K(1035264K), 0.0040406 secs]
135.232: Total time for which application threads were stopped: 0.0042348 seconds, Stopping threads took: 0.0000195 seconds
135.301: [GC (Allocation Failure)  482249K->159945K(1034752K), 0.0040200 secs]
135.306: Total time for which application threads were stopped: 0.0042048 seconds, Stopping threads took: 0.0000202 seconds
135.373: [GC (Allocation Failure)  481993K->165542K(1033216K), 0.0064264 secs]
135.380: Total time for which application threads were stopped: 0.0065891 seconds, Stopping threads took: 0.0000192 seconds
135.448: [GC (Allocation Failure)  486054K->160489K(1034240K), 0.0040596 secs]
135.453: Total time for which application threads were stopped: 0.0042383 seconds, Stopping threads took: 0.0000218 seconds
135.522: [GC (Allocation Failure)  481001K->160297K(1034752K), 0.0037993 secs]
135.526: Total time for which application threads were stopped: 0.0039873 seconds, Stopping threads took: 0.0000376 seconds
135.593: [GC (Allocation Failure)  481321K->164614K(1033216K), 0.0058847 secs]
135.599: Total time for which application threads were stopped: 0.0060696 seconds, Stopping threads took: 0.0000272 seconds
135.667: [GC (Allocation Failure)  485638K->160425K(1034240K), 0.0040895 secs]
135.671: Total time for which application threads were stopped: 0.0042620 seconds, Stopping threads took: 0.0000205 seconds
135.739: [GC (Allocation Failure)  480425K->160265K(1033728K), 0.0040525 secs]
135.743: Total time for which application threads were stopped: 0.0042458 seconds, Stopping threads took: 0.0000209 seconds
135.810: [GC (Allocation Failure)  480265K->162214K(1034752K), 0.0050646 secs]
135.815: Total time for which application threads were stopped: 0.0052285 seconds, Stopping threads took: 0.0000203 seconds
135.883: [GC (Allocation Failure)  483238K->160393K(1034240K), 0.0040954 secs]
135.887: Total time for which application threads were stopped: 0.0042794 seconds, Stopping threads took: 0.0000265 seconds
135.958: [GC (Allocation Failure)  481417K->160297K(1035264K), 0.0040119 secs]
135.962: Total time for which application threads were stopped: 0.0041735 seconds, Stopping threads took: 0.0000211 seconds
136.029: [GC (Allocation Failure)  482345K->162950K(1034752K), 0.0063051 secs]
136.035: Total time for which application threads were stopped: 0.0064664 seconds, Stopping threads took: 0.0000197 seconds
136.103: [GC (Allocation Failure)  484998K->160265K(1035264K), 0.0040969 secs]
136.107: Total time for which application threads were stopped: 0.0042922 seconds, Stopping threads took: 0.0000198 seconds
136.177: [GC (Allocation Failure)  482313K->160329K(1034752K), 0.0040210 secs]
136.181: Total time for which application threads were stopped: 0.0041772 seconds, Stopping threads took: 0.0000169 seconds
136.249: [GC (Allocation Failure)  482377K->165686K(1033216K), 0.0065148 secs]
136.255: Total time for which application threads were stopped: 0.0067069 seconds, Stopping threads took: 0.0000197 seconds
136.325: [GC (Allocation Failure)  486198K->160665K(1034240K), 0.0038853 secs]
136.329: Total time for which application threads were stopped: 0.0040402 seconds, Stopping threads took: 0.0000176 seconds
136.397: [GC (Allocation Failure)  481177K->160409K(1034752K), 0.0041296 secs]
136.401: Total time for which application threads were stopped: 0.0042979 seconds, Stopping threads took: 0.0000283 seconds
136.468: [GC (Allocation Failure)  481433K->164534K(1032704K), 0.0058746 secs]
136.474: Total time for which application threads were stopped: 0.0060338 seconds, Stopping threads took: 0.0000200 seconds
136.541: [GC (Allocation Failure)  485558K->160601K(1034240K), 0.0043770 secs]
136.546: Total time for which application threads were stopped: 0.0045725 seconds, Stopping threads took: 0.0000210 seconds
136.615: [GC (Allocation Failure)  480601K->160441K(1033728K), 0.0040783 secs]
136.620: Total time for which application threads were stopped: 0.0042461 seconds, Stopping threads took: 0.0000228 seconds
136.684: [GC (Allocation Failure)  480441K->162166K(1034752K), 0.0047980 secs]
136.689: Total time for which application threads were stopped: 0.0049711 seconds, Stopping threads took: 0.0000280 seconds
136.757: [GC (Allocation Failure)  483190K->160537K(1034240K), 0.0042124 secs]
136.761: Total time for which application threads were stopped: 0.0044053 seconds, Stopping threads took: 0.0000197 seconds
136.831: [GC (Allocation Failure)  481561K->160473K(1035264K), 0.0040526 secs]
136.835: Total time for which application threads were stopped: 0.0042112 seconds, Stopping threads took: 0.0000175 seconds
136.902: [GC (Allocation Failure)  482521K->162870K(1034752K), 0.0049918 secs]
136.908: Total time for which application threads were stopped: 0.0051827 seconds, Stopping threads took: 0.0000208 seconds
136.978: [GC (Allocation Failure)  484918K->160441K(1035264K), 0.0065893 secs]
136.985: Total time for which application threads were stopped: 0.0067577 seconds, Stopping threads took: 0.0000195 seconds
137.054: [GC (Allocation Failure)  483001K->160409K(1035264K), 0.0039448 secs]
137.058: Total time for which application threads were stopped: 0.0041328 seconds, Stopping threads took: 0.0000219 seconds
137.126: [GC (Allocation Failure)  482969K->166630K(1032192K), 0.0070569 secs]
137.133: Total time for which application threads were stopped: 0.0072493 seconds, Stopping threads took: 0.0000210 seconds
137.201: [GC (Allocation Failure)  486118K->161641K(1033728K), 0.0041815 secs]
137.205: Total time for which application threads were stopped: 0.0043507 seconds, Stopping threads took: 0.0000204 seconds
137.272: [GC (Allocation Failure)  481129K->161353K(1034240K), 0.0039597 secs]
137.276: Total time for which application threads were stopped: 0.0041339 seconds, Stopping threads took: 0.0000208 seconds
137.341: [GC (Allocation Failure)  481865K->163750K(1034240K), 0.0053537 secs]
137.346: Total time for which application threads were stopped: 0.0055211 seconds, Stopping threads took: 0.0000200 seconds
137.414: [GC (Allocation Failure)  484262K->161577K(1034752K), 0.0041950 secs]
137.418: Total time for which application threads were stopped: 0.0043908 seconds, Stopping threads took: 0.0000208 seconds
137.485: [GC (Allocation Failure)  482601K->161385K(1034240K), 0.0044776 secs]
137.489: Total time for which application threads were stopped: 0.0046417 seconds, Stopping threads took: 0.0000196 seconds
137.556: [GC (Allocation Failure)  482409K->162918K(1035264K), 0.0047605 secs]
137.561: Total time for which application threads were stopped: 0.0049234 seconds, Stopping threads took: 0.0000198 seconds
137.629: [GC (Allocation Failure)  484966K->161481K(1034752K), 0.0053948 secs]
137.634: Total time for which application threads were stopped: 0.0055669 seconds, Stopping threads took: 0.0000204 seconds
137.702: [GC (Allocation Failure)  483529K->161353K(1035776K), 0.0043063 secs]
137.706: Total time for which application threads were stopped: 0.0045030 seconds, Stopping threads took: 0.0000219 seconds
137.774: [GC (Allocation Failure)  484425K->166654K(1035264K), 0.0065960 secs]
137.780: Total time for which application threads were stopped: 0.0067562 seconds, Stopping threads took: 0.0000188 seconds
137.847: [GC (Allocation Failure)  489726K->161985K(1034240K), 0.0042108 secs]
137.851: Total time for which application threads were stopped: 0.0043655 seconds, Stopping threads took: 0.0000194 seconds
137.919: [GC (Allocation Failure)  483521K->161953K(1034752K), 0.0042924 secs]
137.924: Total time for which application threads were stopped: 0.0044515 seconds, Stopping threads took: 0.0000262 seconds
137.990: [GC (Allocation Failure)  483489K->169950K(1030656K), 0.0080569 secs]
137.999: Total time for which application threads were stopped: 0.0082286 seconds, Stopping threads took: 0.0000203 seconds
138.065: [GC (Allocation Failure)  487390K->164225K(1032704K), 0.0042532 secs]
138.070: Total time for which application threads were stopped: 0.0044278 seconds, Stopping threads took: 0.0000211 seconds
138.137: [GC (Allocation Failure)  481665K->164225K(1033216K), 0.0041445 secs]
138.141: Total time for which application threads were stopped: 0.0043184 seconds, Stopping threads took: 0.0000210 seconds
138.206: [GC (Allocation Failure)  482689K->162206K(1033216K), 0.0034019 secs]
138.210: Total time for which application threads were stopped: 0.0035992 seconds, Stopping threads took: 0.0000210 seconds
138.275: [GC (Allocation Failure)  480670K->164417K(1033728K), 0.0040737 secs]
138.279: Total time for which application threads were stopped: 0.0042475 seconds, Stopping threads took: 0.0000204 seconds
138.347: [GC (Allocation Failure)  483393K->164225K(1033216K), 0.0039153 secs]
138.351: Total time for which application threads were stopped: 0.0040839 seconds, Stopping threads took: 0.0000277 seconds
138.418: [GC (Allocation Failure)  483201K->167433K(1033216K), 0.0046235 secs]
138.423: Total time for which application threads were stopped: 0.0048234 seconds, Stopping threads took: 0.0000271 seconds
138.492: [GC (Allocation Failure)  486921K->172427K(1033728K), 0.0043209 secs]
138.496: Total time for which application threads were stopped: 0.0044909 seconds, Stopping threads took: 0.0000205 seconds
138.564: [GC (Allocation Failure)  491915K->172235K(1034752K), 0.0040880 secs]
138.568: Total time for which application threads were stopped: 0.0042517 seconds, Stopping threads took: 0.0000209 seconds
138.635: [GC (Allocation Failure)  493259K->176139K(1034240K), 0.0052790 secs]
138.640: Total time for which application threads were stopped: 0.0054567 seconds, Stopping threads took: 0.0000281 seconds
138.708: [GC (Allocation Failure)  497163K->180429K(1034752K), 0.0041442 secs]
138.712: Total time for which application threads were stopped: 0.0043396 seconds, Stopping threads took: 0.0000204 seconds
138.782: [GC (Allocation Failure)  501965K->180301K(1034752K), 0.0042756 secs]
138.786: Total time for which application threads were stopped: 0.0044683 seconds, Stopping threads took: 0.0000193 seconds
138.852: [GC (Allocation Failure)  501837K->180773K(1034240K), 0.0043129 secs]
138.857: Total time for which application threads were stopped: 0.0044817 seconds, Stopping threads took: 0.0000254 seconds
138.925: [GC (Allocation Failure)  502309K->188359K(1034752K), 0.0050155 secs]
138.930: Total time for which application threads were stopped: 0.0051834 seconds, Stopping threads took: 0.0000291 seconds
138.998: [GC (Allocation Failure)  509895K->188327K(1035264K), 0.0041581 secs]
139.002: Total time for which application threads were stopped: 0.0043347 seconds, Stopping threads took: 0.0000346 seconds
139.069: [GC (Allocation Failure)  510375K->190567K(1034752K), 0.0045105 secs]
139.074: Total time for which application threads were stopped: 0.0046894 seconds, Stopping threads took: 0.0000198 seconds
139.142: [GC (Allocation Failure)  512615K->196330K(1035264K), 0.0040166 secs]
139.146: Total time for which application threads were stopped: 0.0041912 seconds, Stopping threads took: 0.0000198 seconds
139.214: [GC (Allocation Failure)  518378K->196330K(1034752K), 0.0040548 secs]
139.218: Total time for which application threads were stopped: 0.0042400 seconds, Stopping threads took: 0.0000276 seconds
139.285: [GC (Allocation Failure)  518378K->189223K(1034240K), 0.0013130 secs]
139.287: Total time for which application threads were stopped: 0.0014564 seconds, Stopping threads took: 0.0000275 seconds
139.354: [GC (Allocation Failure)  510759K->196554K(1034752K), 0.0040710 secs]
139.359: Total time for which application threads were stopped: 0.0042407 seconds, Stopping threads took: 0.0000271 seconds
139.426: [GC (Allocation Failure)  518090K->196362K(1035264K), 0.0043217 secs]
139.430: Total time for which application threads were stopped: 0.0044902 seconds, Stopping threads took: 0.0000217 seconds
139.500: [GC (Allocation Failure)  518410K->190951K(1034752K), 0.0018589 secs]
139.501: Total time for which application threads were stopped: 0.0020131 seconds, Stopping threads took: 0.0000217 seconds
139.570: [GC (Allocation Failure)  512999K->196522K(1035264K), 0.0042312 secs]
139.574: Total time for which application threads were stopped: 0.0044141 seconds, Stopping threads took: 0.0000205 seconds
139.642: [GC (Allocation Failure)  519082K->196330K(1035264K), 0.0039771 secs]
139.646: Total time for which application threads were stopped: 0.0041450 seconds, Stopping threads took: 0.0000225 seconds
139.713: [GC (Allocation Failure)  518890K->194759K(1035776K), 0.0037213 secs]
139.717: Total time for which application threads were stopped: 0.0039128 seconds, Stopping threads took: 0.0000196 seconds
139.785: [GC (Allocation Failure)  517831K->196458K(1035264K), 0.0042603 secs]
139.789: Total time for which application threads were stopped: 0.0044327 seconds, Stopping threads took: 0.0000209 seconds
139.858: [GC (Allocation Failure)  519530K->196330K(1035776K), 0.0041122 secs]
139.862: Total time for which application threads were stopped: 0.0042698 seconds, Stopping threads took: 0.0000275 seconds
139.932: [GC (Allocation Failure)  519914K->201079K(1035776K), 0.0062499 secs]
139.938: Total time for which application threads were stopped: 0.0064482 seconds, Stopping threads took: 0.0000177 seconds
140.007: [GC (Allocation Failure)  524663K->196394K(1033728K), 0.0041364 secs]
140.011: Total time for which application threads were stopped: 0.0043333 seconds, Stopping threads took: 0.0000203 seconds
140.078: [GC (Allocation Failure)  517930K->196362K(1034752K), 0.0041789 secs]
140.083: Total time for which application threads were stopped: 0.0043412 seconds, Stopping threads took: 0.0000201 seconds
140.148: [GC (Allocation Failure)  517898K->204359K(1030144K), 0.0080202 secs]
140.156: Total time for which application threads were stopped: 0.0081873 seconds, Stopping threads took: 0.0000211 seconds
140.222: [GC (Allocation Failure)  521799K->199370K(1032704K), 0.0042114 secs]
140.227: Total time for which application threads were stopped: 0.0043729 seconds, Stopping threads took: 0.0000201 seconds
140.295: [GC (Allocation Failure)  516810K->199114K(1033728K), 0.0041509 secs]
140.300: Total time for which application threads were stopped: 0.0043073 seconds, Stopping threads took: 0.0000197 seconds
140.367: [GC (Allocation Failure)  518090K->197607K(1033216K), 0.0034441 secs]
140.370: Total time for which application threads were stopped: 0.0036032 seconds, Stopping threads took: 0.0000272 seconds
140.438: [GC (Allocation Failure)  516583K->199306K(1034752K), 0.0039463 secs]
140.442: Total time for which application threads were stopped: 0.0041093 seconds, Stopping threads took: 0.0000198 seconds
140.509: [GC (Allocation Failure)  520330K->199082K(1034240K), 0.0041266 secs]
140.513: Total time for which application threads were stopped: 0.0042955 seconds, Stopping threads took: 0.0000226 seconds
140.579: [GC (Allocation Failure)  520106K->195271K(1035264K), 0.0026477 secs]
140.582: Total time for which application threads were stopped: 0.0028369 seconds, Stopping threads took: 0.0000192 seconds
140.652: [GC (Allocation Failure)  517831K->199274K(1035264K), 0.0042591 secs]
140.657: Total time for which application threads were stopped: 0.0044256 seconds, Stopping threads took: 0.0000192 seconds
140.725: [GC (Allocation Failure)  521834K->199114K(1035776K), 0.0043091 secs]
140.729: Total time for which application threads were stopped: 0.0044800 seconds, Stopping threads took: 0.0000195 seconds
140.797: [GC (Allocation Failure)  522186K->200103K(1035264K), 0.0045493 secs]
140.802: Total time for which application threads were stopped: 0.0047467 seconds, Stopping threads took: 0.0000205 seconds
140.871: [GC (Allocation Failure)  523175K->199210K(1036288K), 0.0039584 secs]
140.875: Total time for which application threads were stopped: 0.0041315 seconds, Stopping threads took: 0.0000290 seconds
140.943: [GC (Allocation Failure)  523306K->199114K(1035776K), 0.0054491 secs]
140.949: Total time for which application threads were stopped: 0.0056016 seconds, Stopping threads took: 0.0000254 seconds
141.016: [GC (Allocation Failure)  523210K->191591K(1034752K), 0.0011085 secs]
141.017: Total time for which application threads were stopped: 0.0012334 seconds, Stopping threads took: 0.0000204 seconds
141.086: [GC (Allocation Failure)  515175K->199218K(1035776K), 0.0041193 secs]
141.090: Total time for which application threads were stopped: 0.0042833 seconds, Stopping threads took: 0.0000207 seconds
141.158: [GC (Allocation Failure)  522802K->203266K(1036288K), 0.0054851 secs]
141.164: Total time for which application threads were stopped: 0.0056758 seconds, Stopping threads took: 0.0000193 seconds
141.234: [GC (Allocation Failure)  527874K->203234K(1036288K), 0.0044628 secs]
141.238: Total time for which application threads were stopped: 0.0046129 seconds, Stopping threads took: 0.0000169 seconds
141.306: [GC (Allocation Failure)  527842K->203490K(1034752K), 0.0044747 secs]
141.311: Total time for which application threads were stopped: 0.0046455 seconds, Stopping threads took: 0.0000199 seconds
141.380: [GC (Allocation Failure)  527074K->211300K(1035776K), 0.0042143 secs]
141.384: Total time for which application threads were stopped: 0.0043899 seconds, Stopping threads took: 0.0000265 seconds
141.454: [GC (Allocation Failure)  534884K->211300K(1035776K), 0.0042062 secs]
141.458: Total time for which application threads were stopped: 0.0043773 seconds, Stopping threads took: 0.0000205 seconds
141.526: [GC (Allocation Failure)  534884K->211748K(1023488K), 0.0044613 secs]
141.531: Total time for which application threads were stopped: 0.0046302 seconds, Stopping threads took: 0.0000208 seconds
141.599: [GC (Allocation Failure)  535332K->219334K(1035264K), 0.0041762 secs]
141.603: Total time for which application threads were stopped: 0.0043522 seconds, Stopping threads took: 0.0000210 seconds
141.672: [GC (Allocation Failure)  541894K->219302K(1035264K), 0.0039379 secs]
141.676: Total time for which application threads were stopped: 0.0041151 seconds, Stopping threads took: 0.0000207 seconds
141.743: [GC (Allocation Failure)  541862K->219878K(1035264K), 0.0044542 secs]
141.747: Total time for which application threads were stopped: 0.0046169 seconds, Stopping threads took: 0.0000194 seconds
141.815: [GC (Allocation Failure)  542438K->227368K(1035264K), 0.0042920 secs]
141.819: Total time for which application threads were stopped: 0.0044534 seconds, Stopping threads took: 0.0000190 seconds
141.887: [GC (Allocation Failure)  549928K->227368K(1035264K), 0.0040421 secs]
141.891: Total time for which application threads were stopped: 0.0042224 seconds, Stopping threads took: 0.0000285 seconds
141.959: [GC (Allocation Failure)  549928K->227624K(1022464K), 0.0043164 secs]
141.963: Total time for which application threads were stopped: 0.0044802 seconds, Stopping threads took: 0.0000202 seconds
142.031: [GC (Allocation Failure)  550184K->235403K(1034752K), 0.0042310 secs]
142.036: Total time for which application threads were stopped: 0.0043994 seconds, Stopping threads took: 0.0000190 seconds
142.104: [GC (Allocation Failure)  556939K->235403K(1034752K), 0.0040629 secs]
142.108: Total time for which application threads were stopped: 0.0042359 seconds, Stopping threads took: 0.0000207 seconds
142.174: [GC (Allocation Failure)  556939K->235459K(1033728K), 0.0045519 secs]
142.179: Total time for which application threads were stopped: 0.0047159 seconds, Stopping threads took: 0.0000206 seconds
142.249: [GC (Allocation Failure)  555971K->243429K(1034240K), 0.0041043 secs]
142.253: Total time for which application threads were stopped: 0.0042784 seconds, Stopping threads took: 0.0000217 seconds
142.321: [GC (Allocation Failure)  563941K->243397K(1034240K), 0.0042191 secs]
142.325: Total time for which application threads were stopped: 0.0043924 seconds, Stopping threads took: 0.0000211 seconds
142.393: [GC (Allocation Failure)  563909K->243589K(1034240K), 0.0043602 secs]
142.397: Total time for which application threads were stopped: 0.0045584 seconds, Stopping threads took: 0.0000262 seconds
142.467: [GC (Allocation Failure)  564101K->251495K(1034240K), 0.0042378 secs]
142.471: Total time for which application threads were stopped: 0.0043966 seconds, Stopping threads took: 0.0000168 seconds
142.540: [GC (Allocation Failure)  572007K->251463K(1034240K), 0.0042160 secs]
142.544: Total time for which application threads were stopped: 0.0043773 seconds, Stopping threads took: 0.0000209 seconds
142.613: [GC (Allocation Failure)  571975K->251783K(1033216K), 0.0044000 secs]
142.617: Total time for which application threads were stopped: 0.0045598 seconds, Stopping threads took: 0.0000194 seconds
142.684: [GC (Allocation Failure)  571271K->259498K(1033728K), 0.0042487 secs]
142.689: Total time for which application threads were stopped: 0.0044518 seconds, Stopping threads took: 0.0000284 seconds
142.755: [GC (Allocation Failure)  578986K->259498K(1033728K), 0.0043050 secs]
142.760: Total time for which application threads were stopped: 0.0044626 seconds, Stopping threads took: 0.0000183 seconds
142.825: [GC (Allocation Failure)  578986K->260010K(1033728K), 0.0046678 secs]
142.829: Total time for which application threads were stopped: 0.0048409 seconds, Stopping threads took: 0.0000199 seconds
142.895: [GC (Allocation Failure)  579498K->267532K(1033728K), 0.0042556 secs]
142.900: Total time for which application threads were stopped: 0.0044223 seconds, Stopping threads took: 0.0000264 seconds
142.968: [GC (Allocation Failure)  587020K->267532K(1033728K), 0.0056365 secs]
142.974: Total time for which application threads were stopped: 0.0058061 seconds, Stopping threads took: 0.0000210 seconds
143.039: [GC (Allocation Failure)  587020K->267788K(1033728K), 0.0043572 secs]
143.043: Total time for which application threads were stopped: 0.0045572 seconds, Stopping threads took: 0.0000199 seconds
143.112: [GC (Allocation Failure)  587276K->275566K(1033728K), 0.0041276 secs]
143.116: Total time for which application threads were stopped: 0.0043301 seconds, Stopping threads took: 0.0000288 seconds
143.185: [GC (Allocation Failure)  595054K->275598K(1033728K), 0.0041284 secs]
143.189: Total time for which application threads were stopped: 0.0042776 seconds, Stopping threads took: 0.0000177 seconds
143.254: [GC (Allocation Failure)  595086K->275718K(1019392K), 0.0044930 secs]
143.258: Total time for which application threads were stopped: 0.0046557 seconds, Stopping threads took: 0.0000211 seconds
143.325: [GC (Allocation Failure)  595206K->283592K(1033216K), 0.0045111 secs]
143.330: Total time for which application threads were stopped: 0.0046773 seconds, Stopping threads took: 0.0000223 seconds
143.397: [GC (Allocation Failure)  602056K->283592K(1033216K), 0.0041293 secs]
143.401: Total time for which application threads were stopped: 0.0043023 seconds, Stopping threads took: 0.0000276 seconds
143.466: [GC (Allocation Failure)  602056K->283720K(1033216K), 0.0042534 secs]
143.470: Total time for which application threads were stopped: 0.0044177 seconds, Stopping threads took: 0.0000189 seconds
143.537: [GC (Allocation Failure)  602184K->291627K(1033216K), 0.0043001 secs]
143.542: Total time for which application threads were stopped: 0.0044806 seconds, Stopping threads took: 0.0000203 seconds
143.606: [GC (Allocation Failure)  610091K->284296K(1033216K), 0.0016963 secs]
143.608: Total time for which application threads were stopped: 0.0018417 seconds, Stopping threads took: 0.0000202 seconds
143.675: [GC (Allocation Failure)  602760K->291667K(1033216K), 0.0043252 secs]
143.680: Total time for which application threads were stopped: 0.0044968 seconds, Stopping threads took: 0.0000209 seconds
143.745: [GC (Allocation Failure)  610131K->295771K(1032704K), 0.0056575 secs]
143.751: Total time for which application threads were stopped: 0.0058362 seconds, Stopping threads took: 0.0000210 seconds
143.819: [GC (Allocation Failure)  614235K->296856K(1033216K), 0.0047218 secs]
143.824: Total time for which application threads were stopped: 0.0048834 seconds, Stopping threads took: 0.0000194 seconds
143.892: [GC (Allocation Failure)  615320K->296027K(1033216K), 0.0043070 secs]
143.896: Total time for which application threads were stopped: 0.0044830 seconds, Stopping threads took: 0.0000202 seconds
143.965: [GC (Allocation Failure)  614491K->295771K(1033216K), 0.0042420 secs]
143.970: Total time for which application threads were stopped: 0.0044024 seconds, Stopping threads took: 0.0000205 seconds
144.034: [GC (Allocation Failure)  614235K->288888K(1033216K), 0.0015097 secs]
144.036: Total time for which application threads were stopped: 0.0016356 seconds, Stopping threads took: 0.0000189 seconds
144.103: [GC (Allocation Failure)  607352K->295931K(1033216K), 0.0041759 secs]
144.107: Total time for which application threads were stopped: 0.0043424 seconds, Stopping threads took: 0.0000201 seconds
144.173: [GC (Allocation Failure)  614395K->295771K(1033728K), 0.0044458 secs]
144.178: Total time for which application threads were stopped: 0.0046476 seconds, Stopping threads took: 0.0000197 seconds
144.245: [GC (Allocation Failure)  614747K->297627K(1033216K), 0.0045406 secs]
144.250: Total time for which application threads were stopped: 0.0046931 seconds, Stopping threads took: 0.0000173 seconds
144.317: [GC (Allocation Failure)  616603K->303901K(1033728K), 0.0042428 secs]
144.321: Total time for which application threads were stopped: 0.0044059 seconds, Stopping threads took: 0.0000206 seconds
144.388: [GC (Allocation Failure)  623389K->303805K(1033728K), 0.0041962 secs]
144.392: Total time for which application threads were stopped: 0.0043649 seconds, Stopping threads took: 0.0000281 seconds
144.458: [GC (Allocation Failure)  623293K->304325K(1033728K), 0.0047032 secs]
144.463: Total time for which application threads were stopped: 0.0048783 seconds, Stopping threads took: 0.0000267 seconds
144.530: [GC (Allocation Failure)  623813K->311879K(1033728K), 0.0045203 secs]
144.534: Total time for which application threads were stopped: 0.0046930 seconds, Stopping threads took: 0.0000207 seconds
144.603: [GC (Allocation Failure)  631367K->311879K(1033728K), 0.0042403 secs]
144.607: Total time for which application threads were stopped: 0.0044223 seconds, Stopping threads took: 0.0000211 seconds
144.673: [GC (Allocation Failure)  631367K->315623K(1033728K), 0.0070221 secs]
144.680: Total time for which application threads were stopped: 0.0072126 seconds, Stopping threads took: 0.0000208 seconds
144.749: [GC (Allocation Failure)  635111K->319881K(1034240K), 0.0044572 secs]
144.754: Total time for which application threads were stopped: 0.0046262 seconds, Stopping threads took: 0.0000200 seconds
144.820: [GC (Allocation Failure)  640393K->319849K(1034240K), 0.0045422 secs]
144.824: Total time for which application threads were stopped: 0.0047253 seconds, Stopping threads took: 0.0000203 seconds
144.893: [GC (Allocation Failure)  640361K->320809K(1034240K), 0.0044707 secs]
144.897: Total time for which application threads were stopped: 0.0046490 seconds, Stopping threads took: 0.0000255 seconds
144.966: [GC (Allocation Failure)  641321K->327884K(1034240K), 0.0043504 secs]
144.970: Total time for which application threads were stopped: 0.0045466 seconds, Stopping threads took: 0.0000201 seconds
145.038: [GC (Allocation Failure)  648396K->327916K(1034240K), 0.0044331 secs]
145.043: Total time for which application threads were stopped: 0.0046074 seconds, Stopping threads took: 0.0000213 seconds
145.109: [GC (Allocation Failure)  648428K->331076K(1034240K), 0.0053030 secs]
145.115: Total time for which application threads were stopped: 0.0054899 seconds, Stopping threads took: 0.0000218 seconds
145.184: [GC (Allocation Failure)  651588K->335974K(1034240K), 0.0044983 secs]
145.189: Total time for which application threads were stopped: 0.0046638 seconds, Stopping threads took: 0.0000212 seconds
145.258: [GC (Allocation Failure)  656486K->335942K(1034240K), 0.0044843 secs]
145.263: Total time for which application threads were stopped: 0.0046432 seconds, Stopping threads took: 0.0000194 seconds
145.329: [GC (Allocation Failure)  656454K->337286K(1033728K), 0.0048044 secs]
145.334: Total time for which application threads were stopped: 0.0049716 seconds, Stopping threads took: 0.0000254 seconds
145.403: [GC (Allocation Failure)  657798K->344040K(1034240K), 0.0041240 secs]
145.407: Total time for which application threads were stopped: 0.0043289 seconds, Stopping threads took: 0.0000274 seconds
145.477: [GC (Allocation Failure)  664552K->343976K(1034240K), 0.0044731 secs]
145.481: Total time for which application threads were stopped: 0.0046564 seconds, Stopping threads took: 0.0000176 seconds
145.550: [GC (Allocation Failure)  664488K->347560K(1034240K), 0.0051364 secs]
145.555: Total time for which application threads were stopped: 0.0052951 seconds, Stopping threads took: 0.0000169 seconds
145.623: [GC (Allocation Failure)  668072K->352042K(1034752K), 0.0045031 secs]
145.628: Total time for which application threads were stopped: 0.0046752 seconds, Stopping threads took: 0.0000198 seconds
145.697: [GC (Allocation Failure)  673578K->352042K(1034752K), 0.0044200 secs]
145.701: Total time for which application threads were stopped: 0.0045987 seconds, Stopping threads took: 0.0000199 seconds
145.767: [GC (Allocation Failure)  673578K->355754K(1035264K), 0.0054984 secs]
145.773: Total time for which application threads were stopped: 0.0056598 seconds, Stopping threads took: 0.0000200 seconds
145.842: [GC (Allocation Failure)  677802K->360045K(1034752K), 0.0042215 secs]
145.846: Total time for which application threads were stopped: 0.0044208 seconds, Stopping threads took: 0.0000266 seconds
145.916: [GC (Allocation Failure)  682093K->360077K(1035264K), 0.0057480 secs]
145.922: Total time for which application threads were stopped: 0.0059102 seconds, Stopping threads took: 0.0000259 seconds
145.990: [GC (Allocation Failure)  682637K->363021K(1035264K), 0.0051266 secs]
145.995: Total time for which application threads were stopped: 0.0053036 seconds, Stopping threads took: 0.0000200 seconds
146.063: [GC (Allocation Failure)  685581K->368143K(1035264K), 0.0045016 secs]
146.067: Total time for which application threads were stopped: 0.0046518 seconds, Stopping threads took: 0.0000174 seconds
146.136: [GC (Allocation Failure)  690703K->368079K(1035264K), 0.0044389 secs]
146.140: Total time for which application threads were stopped: 0.0045977 seconds, Stopping threads took: 0.0000197 seconds
146.209: [GC (Allocation Failure)  690639K->371271K(1035264K), 0.0052223 secs]
146.214: Total time for which application threads were stopped: 0.0053804 seconds, Stopping threads took: 0.0000170 seconds
146.283: [GC (Allocation Failure)  693831K->376137K(1035264K), 0.0045343 secs]
146.288: Total time for which application threads were stopped: 0.0047091 seconds, Stopping threads took: 0.0000202 seconds
146.357: [GC (Allocation Failure)  698697K->376073K(1035264K), 0.0044241 secs]
146.362: Total time for which application threads were stopped: 0.0045834 seconds, Stopping threads took: 0.0000263 seconds
146.430: [GC (Allocation Failure)  698633K->379457K(1035264K), 0.0052646 secs]
146.435: Total time for which application threads were stopped: 0.0054379 seconds, Stopping threads took: 0.0000206 seconds
146.503: [GC (Allocation Failure)  702017K->384227K(1035264K), 0.0043285 secs]
146.507: Total time for which application threads were stopped: 0.0044994 seconds, Stopping threads took: 0.0000205 seconds
146.576: [GC (Allocation Failure)  706787K->384099K(1035264K), 0.0047199 secs]
146.580: Total time for which application threads were stopped: 0.0048986 seconds, Stopping threads took: 0.0000201 seconds
146.647: [GC (Allocation Failure)  706659K->387683K(1035776K), 0.0072089 secs]
146.655: Total time for which application threads were stopped: 0.0073631 seconds, Stopping threads took: 0.0000192 seconds
146.724: [GC (Allocation Failure)  710755K->392198K(1035264K), 0.0048212 secs]
146.729: Total time for which application threads were stopped: 0.0049895 seconds, Stopping threads took: 0.0000193 seconds
146.797: [GC (Allocation Failure)  715270K->392166K(1035776K), 0.0045866 secs]
146.802: Total time for which application threads were stopped: 0.0047533 seconds, Stopping threads took: 0.0000199 seconds
146.870: [GC (Allocation Failure)  715750K->393894K(1025024K), 0.0047611 secs]
146.875: Total time for which application threads were stopped: 0.0049298 seconds, Stopping threads took: 0.0000199 seconds
146.945: [GC (Allocation Failure)  717478K->400424K(1035264K), 0.0060402 secs]
146.952: Total time for which application threads were stopped: 0.0062042 seconds, Stopping threads took: 0.0000282 seconds
147.019: [GC (Allocation Failure)  722984K->400200K(1035264K), 0.0046995 secs]
147.024: Total time for which application threads were stopped: 0.0048715 seconds, Stopping threads took: 0.0000204 seconds
147.092: [GC (Allocation Failure)  722760K->395110K(1035264K), 0.0025399 secs]
147.094: Total time for which application threads were stopped: 0.0026920 seconds, Stopping threads took: 0.0000185 seconds
147.165: [GC (Allocation Failure)  717670K->400392K(1035264K), 0.0044646 secs]
147.169: Total time for which application threads were stopped: 0.0046461 seconds, Stopping threads took: 0.0000197 seconds
147.237: [GC (Allocation Failure)  722952K->400232K(1035264K), 0.0043709 secs]
147.242: Total time for which application threads were stopped: 0.0045630 seconds, Stopping threads took: 0.0000206 seconds
147.311: [GC (Allocation Failure)  722792K->399430K(1035264K), 0.0043133 secs]
147.316: Total time for which application threads were stopped: 0.0044760 seconds, Stopping threads took: 0.0000195 seconds
147.384: [GC (Allocation Failure)  721990K->400328K(1035776K), 0.0044458 secs]
147.388: Total time for which application threads were stopped: 0.0046174 seconds, Stopping threads took: 0.0000205 seconds
147.456: [GC (Allocation Failure)  723912K->400200K(1035776K), 0.0044775 secs]
147.461: Total time for which application threads were stopped: 0.0046410 seconds, Stopping threads took: 0.0000201 seconds
147.527: [GC (Allocation Failure)  723784K->405710K(1031680K), 0.0071118 secs]
147.534: Total time for which application threads were stopped: 0.0072913 seconds, Stopping threads took: 0.0000291 seconds
147.601: [GC (Allocation Failure)  725198K->401040K(1033728K), 0.0045366 secs]
147.606: Total time for which application threads were stopped: 0.0047150 seconds, Stopping threads took: 0.0000288 seconds
147.674: [GC (Allocation Failure)  720528K->400976K(1034752K), 0.0064224 secs]
147.680: Total time for which application threads were stopped: 0.0065915 seconds, Stopping threads took: 0.0000198 seconds
147.747: [GC (Allocation Failure)  722000K->403118K(1034240K), 0.0054614 secs]
147.752: Total time for which application threads were stopped: 0.0056264 seconds, Stopping threads took: 0.0000221 seconds
147.822: [GC (Allocation Failure)  724142K->401008K(1035264K), 0.0043664 secs]
147.826: Total time for which application threads were stopped: 0.0045171 seconds, Stopping threads took: 0.0000175 seconds
147.895: [GC (Allocation Failure)  722544K->400976K(1034240K), 0.0044214 secs]
147.900: Total time for which application threads were stopped: 0.0045971 seconds, Stopping threads took: 0.0000266 seconds
147.968: [GC (Allocation Failure)  722512K->403854K(1034240K), 0.0058941 secs]
147.974: Total time for which application threads were stopped: 0.0060627 seconds, Stopping threads took: 0.0000174 seconds
148.042: [GC (Allocation Failure)  725390K->401200K(1034752K), 0.0045422 secs]
148.047: Total time for which application threads were stopped: 0.0047184 seconds, Stopping threads took: 0.0000200 seconds
148.115: [GC (Allocation Failure)  722736K->401008K(1035776K), 0.0046139 secs]
148.120: Total time for which application threads were stopped: 0.0048225 seconds, Stopping threads took: 0.0000203 seconds
148.187: [GC (Allocation Failure)  724080K->406566K(1035264K), 0.0073228 secs]
148.194: Total time for which application threads were stopped: 0.0074852 seconds, Stopping threads took: 0.0000188 seconds
148.261: [GC (Allocation Failure)  729638K->401992K(1034240K), 0.0045339 secs]
148.265: Total time for which application threads were stopped: 0.0046938 seconds, Stopping threads took: 0.0000197 seconds
148.332: [GC (Allocation Failure)  723528K->401832K(1034752K), 0.0057041 secs]
148.338: Total time for which application threads were stopped: 0.0059013 seconds, Stopping threads took: 0.0000194 seconds
148.405: [GC (Allocation Failure)  723368K->393862K(1033216K), 0.0013501 secs]
148.406: Total time for which application threads were stopped: 0.0014968 seconds, Stopping threads took: 0.0000280 seconds
148.475: [GC (Allocation Failure)  714374K->401968K(1034240K), 0.0047538 secs]
148.480: Total time for which application threads were stopped: 0.0049304 seconds, Stopping threads took: 0.0000194 seconds
148.548: [GC (Allocation Failure)  722480K->405984K(1035264K), 0.0062168 secs]
148.555: Total time for which application threads were stopped: 0.0063748 seconds, Stopping threads took: 0.0000194 seconds
148.622: [GC (Allocation Failure)  728032K->414054K(1034752K), 0.0084131 secs]
148.630: Total time for which application threads were stopped: 0.0086028 seconds, Stopping threads took: 0.0000272 seconds
148.698: [GC (Allocation Failure)  736102K->408872K(1031680K), 0.0045678 secs]
148.703: Total time for which application threads were stopped: 0.0047491 seconds, Stopping threads took: 0.0000196 seconds
148.771: [GC (Allocation Failure)  727336K->408808K(1033216K), 0.0045091 secs]
148.775: Total time for which application threads were stopped: 0.0046751 seconds, Stopping threads took: 0.0000207 seconds
148.841: [GC (Allocation Failure)  727272K->412518K(1032704K), 0.0062839 secs]
148.847: Total time for which application threads were stopped: 0.0064547 seconds, Stopping threads took: 0.0000197 seconds
148.914: [GC (Allocation Failure)  730982K->409096K(1033216K), 0.0047226 secs]
148.919: Total time for which application threads were stopped: 0.0048892 seconds, Stopping threads took: 0.0000269 seconds
148.987: [GC (Allocation Failure)  727560K->408840K(1034240K), 0.0044041 secs]
148.991: Total time for which application threads were stopped: 0.0045741 seconds, Stopping threads took: 0.0000202 seconds
149.056: [GC (Allocation Failure)  728840K->406022K(1033728K), 0.0035305 secs]
149.060: Total time for which application threads were stopped: 0.0037024 seconds, Stopping threads took: 0.0000199 seconds
149.125: [GC (Allocation Failure)  726022K->409032K(1034752K), 0.0045258 secs]
149.130: Total time for which application threads were stopped: 0.0047268 seconds, Stopping threads took: 0.0000202 seconds
149.199: [GC (Allocation Failure)  730056K->408808K(1034240K), 0.0044190 secs]
149.204: Total time for which application threads were stopped: 0.0046052 seconds, Stopping threads took: 0.0000185 seconds
149.272: [GC (Allocation Failure)  729832K->404710K(1034240K), 0.0028577 secs]
149.275: Total time for which application threads were stopped: 0.0030461 seconds, Stopping threads took: 0.0000189 seconds
149.345: [GC (Allocation Failure)  726246K->408936K(1034752K), 0.0044172 secs]
149.349: Total time for which application threads were stopped: 0.0045765 seconds, Stopping threads took: 0.0000174 seconds
149.418: [GC (Allocation Failure)  730472K->408808K(1035776K), 0.0045335 secs]
149.422: Total time for which application threads were stopped: 0.0047207 seconds, Stopping threads took: 0.0000278 seconds
149.489: [GC (Allocation Failure)  731880K->407430K(1035264K), 0.0040679 secs]
149.493: Total time for which application threads were stopped: 0.0042417 seconds, Stopping threads took: 0.0000251 seconds
149.560: [GC (Allocation Failure)  730502K->408872K(1036288K), 0.0045051 secs]
149.564: Total time for which application threads were stopped: 0.0047314 seconds, Stopping threads took: 0.0000204 seconds
149.634: [GC (Allocation Failure)  732968K->408808K(1035776K), 0.0044608 secs]
149.639: Total time for which application threads were stopped: 0.0046245 seconds, Stopping threads took: 0.0000275 seconds
149.708: [GC (Allocation Failure)  732904K->415302K(1032704K), 0.0079755 secs]
149.716: Total time for which application threads were stopped: 0.0081454 seconds, Stopping threads took: 0.0000194 seconds
149.785: [GC (Allocation Failure)  736838K->411624K(1034752K), 0.0047584 secs]
149.790: Total time for which application threads were stopped: 0.0049303 seconds, Stopping threads took: 0.0000209 seconds
149.857: [GC (Allocation Failure)  733160K->411592K(1035264K), 0.0047064 secs]
149.862: Total time for which application threads were stopped: 0.0048694 seconds, Stopping threads took: 0.0000205 seconds
149.930: [GC (Allocation Failure)  734152K->403974K(1022464K), 0.0020022 secs]
149.932: Total time for which application threads were stopped: 0.0021749 seconds, Stopping threads took: 0.0000271 seconds
150.002: [GC (Allocation Failure)  726534K->411856K(1035264K), 0.0046501 secs]
150.007: Total time for which application threads were stopped: 0.0048181 seconds, Stopping threads took: 0.0000192 seconds
150.074: [GC (Allocation Failure)  733904K->415776K(1034752K), 0.0060569 secs]
150.081: Total time for which application threads were stopped: 0.0062247 seconds, Stopping threads took: 0.0000206 seconds
150.149: [GC (Allocation Failure)  737824K->411422K(1035264K), 0.0031851 secs]
150.152: Total time for which application threads were stopped: 0.0033525 seconds, Stopping threads took: 0.0000197 seconds
150.220: [GC (Allocation Failure)  733982K->415984K(1035264K), 0.0047053 secs]
150.224: Total time for which application threads were stopped: 0.0048684 seconds, Stopping threads took: 0.0000199 seconds
150.293: [GC (Allocation Failure)  738544K->419912K(1035776K), 0.0046126 secs]
150.298: Total time for which application threads were stopped: 0.0047911 seconds, Stopping threads took: 0.0000201 seconds
150.366: [GC (Allocation Failure)  742984K->419848K(1035264K), 0.0042602 secs]
150.370: Total time for which application threads were stopped: 0.0044167 seconds, Stopping threads took: 0.0000268 seconds
150.437: [GC (Allocation Failure)  742920K->420040K(1034752K), 0.0044279 secs]
150.441: Total time for which application threads were stopped: 0.0046391 seconds, Stopping threads took: 0.0000281 seconds
150.511: [GC (Allocation Failure)  742600K->427914K(1035264K), 0.0044100 secs]
150.515: Total time for which application threads were stopped: 0.0045612 seconds, Stopping threads took: 0.0000170 seconds
150.585: [GC (Allocation Failure)  750474K->427914K(1035264K), 0.0043764 secs]
150.590: Total time for which application threads were stopped: 0.0045455 seconds, Stopping threads took: 0.0000198 seconds
150.657: [GC (Allocation Failure)  750474K->428034K(1022464K), 0.0048917 secs]
150.662: Total time for which application threads were stopped: 0.0050541 seconds, Stopping threads took: 0.0000201 seconds
150.729: [GC (Allocation Failure)  750594K->435973K(1034752K), 0.0046101 secs]
150.733: Total time for which application threads were stopped: 0.0047892 seconds, Stopping threads took: 0.0000217 seconds
150.802: [GC (Allocation Failure)  757509K->435909K(1034752K), 0.0054636 secs]
150.807: Total time for which application threads were stopped: 0.0056392 seconds, Stopping threads took: 0.0000206 seconds
150.874: [GC (Allocation Failure)  757445K->436013K(1034752K), 0.0047772 secs]
150.879: Total time for which application threads were stopped: 0.0049481 seconds, Stopping threads took: 0.0000286 seconds
150.948: [GC (Allocation Failure)  757549K->443983K(1034752K), 0.0053357 secs]
150.953: Total time for which application threads were stopped: 0.0054878 seconds, Stopping threads took: 0.0000253 seconds
151.020: [GC (Allocation Failure)  765519K->443983K(1034752K), 0.0045779 secs]
151.024: Total time for which application threads were stopped: 0.0047475 seconds, Stopping threads took: 0.0000200 seconds
151.091: [GC (Allocation Failure)  765519K->444047K(1021440K), 0.0045678 secs]
151.096: Total time for which application threads were stopped: 0.0047593 seconds, Stopping threads took: 0.0000194 seconds
151.165: [GC (Allocation Failure)  765583K->452049K(1034240K), 0.0045961 secs]
151.169: Total time for which application threads were stopped: 0.0047561 seconds, Stopping threads took: 0.0000199 seconds
151.236: [GC (Allocation Failure)  772561K->452017K(1034240K), 0.0046613 secs]
151.241: Total time for which application threads were stopped: 0.0048304 seconds, Stopping threads took: 0.0000197 seconds
151.310: [GC (Allocation Failure)  772529K->452241K(1034240K), 0.0047541 secs]
151.315: Total time for which application threads were stopped: 0.0049226 seconds, Stopping threads took: 0.0000203 seconds
151.383: [GC (Allocation Failure)  772753K->460083K(1028096K), 0.0044323 secs]
151.387: Total time for which application threads were stopped: 0.0046212 seconds, Stopping threads took: 0.0000288 seconds
151.455: [GC (Allocation Failure)  780595K->460051K(1033728K), 0.0045151 secs]
151.460: Total time for which application threads were stopped: 0.0046822 seconds, Stopping threads took: 0.0000258 seconds
151.526: [GC (Allocation Failure)  779539K->460467K(1033728K), 0.0049068 secs]
151.531: Total time for which application threads were stopped: 0.0050724 seconds, Stopping threads took: 0.0000213 seconds
151.598: [GC (Allocation Failure)  779955K->468086K(1033728K), 0.0045917 secs]
151.603: Total time for which application threads were stopped: 0.0047647 seconds, Stopping threads took: 0.0000208 seconds
151.672: [GC (Allocation Failure)  787574K->468086K(1033728K), 0.0046627 secs]
151.677: Total time for which application threads were stopped: 0.0048448 seconds, Stopping threads took: 0.0000208 seconds
151.744: [GC (Allocation Failure)  787574K->468222K(1033728K), 0.0047073 secs]
151.748: Total time for which application threads were stopped: 0.0048781 seconds, Stopping threads took: 0.0000200 seconds
151.816: [GC (Allocation Failure)  787710K->476128K(1033728K), 0.0046820 secs]
151.821: Total time for which application threads were stopped: 0.0048539 seconds, Stopping threads took: 0.0000211 seconds
151.888: [GC (Allocation Failure)  795616K->472190K(1034240K), 0.0034542 secs]
151.892: Total time for which application threads were stopped: 0.0036234 seconds, Stopping threads took: 0.0000261 seconds
151.960: [GC (Allocation Failure)  792190K->476296K(1033728K), 0.0049977 secs]
151.965: Total time for which application threads were stopped: 0.0051500 seconds, Stopping threads took: 0.0000178 seconds
152.035: [GC (Allocation Failure)  796296K->480296K(1034752K), 0.0046166 secs]
152.039: Total time for which application threads were stopped: 0.0047966 seconds, Stopping threads took: 0.0000206 seconds
152.108: [GC (Allocation Failure)  801832K->474534K(1034752K), 0.0025558 secs]
152.111: Total time for which application threads were stopped: 0.0027058 seconds, Stopping threads took: 0.0000198 seconds
152.179: [GC (Allocation Failure)  796070K->480368K(1035264K), 0.0048986 secs]
152.184: Total time for which application threads were stopped: 0.0050728 seconds, Stopping threads took: 0.0000201 seconds
152.251: [GC (Allocation Failure)  802416K->484448K(1034752K), 0.0048250 secs]
152.256: Total time for which application threads were stopped: 0.0049955 seconds, Stopping threads took: 0.0000201 seconds
152.322: [GC (Allocation Failure)  806235K->480510K(1035776K), 0.0037064 secs]
152.326: Total time for which application threads were stopped: 0.0038734 seconds, Stopping threads took: 0.0000202 seconds
152.396: [GC (Allocation Failure)  803582K->484552K(1035264K), 0.0049714 secs]
152.401: Total time for which application threads were stopped: 0.0051460 seconds, Stopping threads took: 0.0000209 seconds
152.469: [GC (Allocation Failure)  807624K->488552K(1035264K), 0.0045724 secs]
152.474: Total time for which application threads were stopped: 0.0047358 seconds, Stopping threads took: 0.0000198 seconds
152.541: [GC (Allocation Failure)  812136K->488552K(1035776K), 0.0047513 secs]
152.546: Total time for which application threads were stopped: 0.0049259 seconds, Stopping threads took: 0.0000201 seconds
152.612: [GC (Allocation Failure)  812136K->488616K(1034752K), 0.0047524 secs]
152.617: Total time for which application threads were stopped: 0.0049395 seconds, Stopping threads took: 0.0000216 seconds
152.686: [GC (Allocation Failure)  811176K->496586K(1035264K), 0.0047294 secs]
152.691: Total time for which application threads were stopped: 0.0049038 seconds, Stopping threads took: 0.0000202 seconds
152.758: [GC (Allocation Failure)  819146K->496586K(1034240K), 0.0045989 secs]
152.762: Total time for which application threads were stopped: 0.0047951 seconds, Stopping threads took: 0.0000201 seconds
152.832: [GC (Allocation Failure)  818122K->496650K(1034752K), 0.0049886 secs]
152.837: Total time for which application threads were stopped: 0.0051406 seconds, Stopping threads took: 0.0000175 seconds
152.904: [GC (Allocation Failure)  818186K->504652K(1033728K), 0.0047054 secs]
152.909: Total time for which application threads were stopped: 0.0048841 seconds, Stopping threads took: 0.0000191 seconds
152.978: [GC (Allocation Failure)  825164K->504620K(1034240K), 0.0045308 secs]
152.983: Total time for which application threads were stopped: 0.0047012 seconds, Stopping threads took: 0.0000199 seconds
153.049: [GC (Allocation Failure)  825132K->504876K(1034240K), 0.0049417 secs]
153.054: Total time for which application threads were stopped: 0.0050969 seconds, Stopping threads took: 0.0000205 seconds
153.122: [GC (Allocation Failure)  825388K->512687K(1034240K), 0.0047887 secs]
153.127: Total time for which application threads were stopped: 0.0049493 seconds, Stopping threads took: 0.0000198 seconds
153.195: [GC (Allocation Failure)  833199K->512655K(1034240K), 0.0047653 secs]
153.200: Total time for which application threads were stopped: 0.0049434 seconds, Stopping threads took: 0.0000204 seconds
153.267: [GC (Allocation Failure)  833167K->513095K(1020416K), 0.0049859 secs]
153.272: Total time for which application threads were stopped: 0.0051636 seconds, Stopping threads took: 0.0000280 seconds
153.339: [GC (Allocation Failure)  833607K->520713K(1033728K), 0.0047580 secs]
153.344: Total time for which application threads were stopped: 0.0049303 seconds, Stopping threads took: 0.0000210 seconds
153.414: [GC (Allocation Failure)  840201K->520713K(1033728K), 0.0047335 secs]
153.419: Total time for which application threads were stopped: 0.0049273 seconds, Stopping threads took: 0.0000282 seconds
153.484: [GC (Allocation Failure)  840201K->520809K(1033728K), 0.0049362 secs]
153.489: Total time for which application threads were stopped: 0.0051104 seconds, Stopping threads took: 0.0000269 seconds
153.557: [GC (Allocation Failure)  840297K->528715K(1033728K), 0.0047931 secs]
153.562: Total time for which application threads were stopped: 0.0049571 seconds, Stopping threads took: 0.0000206 seconds
153.628: [GC (Allocation Failure)  848202K->524809K(1034240K), 0.0037510 secs]
153.632: Total time for which application threads were stopped: 0.0039193 seconds, Stopping threads took: 0.0000206 seconds
153.701: [GC (Allocation Failure)  844809K->528875K(1033728K), 0.0047919 secs]
153.706: Total time for which application threads were stopped: 0.0049753 seconds, Stopping threads took: 0.0000208 seconds
153.772: [GC (Allocation Failure)  848875K->532843K(1034752K), 0.0062508 secs]
153.778: Total time for which application threads were stopped: 0.0064219 seconds, Stopping threads took: 0.0000209 seconds
153.847: [GC (Allocation Failure)  854379K->527081K(1034752K), 0.0026348 secs]
153.850: Total time for which application threads were stopped: 0.0027884 seconds, Stopping threads took: 0.0000202 seconds
153.918: [GC (Allocation Failure)  848617K->532947K(1035264K), 0.0046775 secs]
153.923: Total time for which application threads were stopped: 0.0048507 seconds, Stopping threads took: 0.0000266 seconds
153.991: [GC (Allocation Failure)  854995K->536987K(1034752K), 0.0052387 secs]
153.996: Total time for which application threads were stopped: 0.0054099 seconds, Stopping threads took: 0.0000208 seconds
154.061: [GC (Allocation Failure)  858773K->533113K(1035776K), 0.0038838 secs]
154.065: Total time for which application threads were stopped: 0.0040501 seconds, Stopping threads took: 0.0000286 seconds
154.133: [GC (Allocation Failure)  856185K->537139K(1035264K), 0.0050756 secs]
154.138: Total time for which application threads were stopped: 0.0052384 seconds, Stopping threads took: 0.0000197 seconds
154.206: [GC (Allocation Failure)  860211K->541139K(1035264K), 0.0048164 secs]
154.211: Total time for which application threads were stopped: 0.0049934 seconds, Stopping threads took: 0.0000194 seconds
154.281: [GC (Allocation Failure)  864723K->541139K(1035776K), 0.0048997 secs]
154.286: Total time for which application threads were stopped: 0.0050725 seconds, Stopping threads took: 0.0000208 seconds
154.354: [GC (Allocation Failure)  864723K->541163K(1034752K), 0.0056805 secs]
154.359: Total time for which application threads were stopped: 0.0058429 seconds, Stopping threads took: 0.0000208 seconds
154.427: [GC (Allocation Failure)  863723K->549133K(1035264K), 0.0047099 secs]
154.432: Total time for which application threads were stopped: 0.0048743 seconds, Stopping threads took: 0.0000284 seconds
154.500: [GC (Allocation Failure)  871693K->549133K(1034240K), 0.0047647 secs]
154.505: Total time for which application threads were stopped: 0.0049328 seconds, Stopping threads took: 0.0000173 seconds
154.572: [GC (Allocation Failure)  870669K->549189K(1034752K), 0.0050039 secs]
154.577: Total time for which application threads were stopped: 0.0051677 seconds, Stopping threads took: 0.0000201 seconds
154.643: [GC (Allocation Failure)  870725K->557192K(1033728K), 0.0047745 secs]
154.648: Total time for which application threads were stopped: 0.0049508 seconds, Stopping threads took: 0.0000206 seconds
154.718: [GC (Allocation Failure)  877704K->557192K(1034240K), 0.0048883 secs]
154.723: Total time for which application threads were stopped: 0.0050368 seconds, Stopping threads took: 0.0000173 seconds
154.789: [GC (Allocation Failure)  877704K->557376K(1034240K), 0.0049410 secs]
154.794: Total time for which application threads were stopped: 0.0051230 seconds, Stopping threads took: 0.0000211 seconds
154.860: [GC (Allocation Failure)  877888K->565186K(1034240K), 0.0049337 secs]
154.865: Total time for which application threads were stopped: 0.0051079 seconds, Stopping threads took: 0.0000214 seconds
154.933: [GC (Allocation Failure)  885698K->565218K(1033216K), 0.0058783 secs]
154.939: Total time for which application threads were stopped: 0.0060934 seconds, Stopping threads took: 0.0000278 seconds
155.005: [GC (Allocation Failure)  884706K->565378K(1033728K), 0.0049831 secs]
155.010: Total time for which application threads were stopped: 0.0051646 seconds, Stopping threads took: 0.0000210 seconds
155.078: [GC (Allocation Failure)  884866K->573252K(1033728K), 0.0047543 secs]
155.082: Total time for which application threads were stopped: 0.0049521 seconds, Stopping threads took: 0.0000206 seconds
155.152: [GC (Allocation Failure)  892740K->573220K(1033728K), 0.0047091 secs]
155.157: Total time for which application threads were stopped: 0.0048637 seconds, Stopping threads took: 0.0000176 seconds
155.221: [GC (Allocation Failure)  892708K->573348K(1033728K), 0.0051774 secs]
155.227: Total time for which application threads were stopped: 0.0053490 seconds, Stopping threads took: 0.0000212 seconds
155.294: [GC (Allocation Failure)  892836K->581287K(1033728K), 0.0048610 secs]
155.299: Total time for which application threads were stopped: 0.0050785 seconds, Stopping threads took: 0.0000418 seconds
155.368: [GC (Allocation Failure)  900773K->577316K(1034240K), 0.0053742 secs]
155.373: Total time for which application threads were stopped: 0.0055293 seconds, Stopping threads took: 0.0000293 seconds
155.441: [GC (Allocation Failure)  897316K->581407K(1033728K), 0.0051926 secs]
155.446: Total time for which application threads were stopped: 0.0054044 seconds, Stopping threads took: 0.0000216 seconds
155.514: [GC (Allocation Failure)  901407K->585375K(1034752K), 0.0048872 secs]
155.519: Total time for which application threads were stopped: 0.0050620 seconds, Stopping threads took: 0.0000209 seconds
155.587: [GC (Allocation Failure)  906911K->579612K(1034752K), 0.0026427 secs]
155.590: Total time for which application threads were stopped: 0.0028015 seconds, Stopping threads took: 0.0000211 seconds
155.658: [GC (Allocation Failure)  901148K->585439K(1035264K), 0.0047405 secs]
155.662: Total time for which application threads were stopped: 0.0049127 seconds, Stopping threads took: 0.0000205 seconds
155.730: [GC (Allocation Failure)  907487K->589519K(1034752K), 0.0052838 secs]
155.735: Total time for which application threads were stopped: 0.0054451 seconds, Stopping threads took: 0.0000194 seconds
155.801: [GC (Allocation Failure)  911305K->585644K(1035776K), 0.0039455 secs]
155.805: Total time for which application threads were stopped: 0.0041287 seconds, Stopping threads took: 0.0000206 seconds
155.873: [GC (Allocation Failure)  908716K->589687K(1035264K), 0.0050202 secs]
155.878: Total time for which application threads were stopped: 0.0051975 seconds, Stopping threads took: 0.0000218 seconds
155.947: [GC (Allocation Failure)  912759K->593655K(1035264K), 0.0067419 secs]
155.953: Total time for which application threads were stopped: 0.0069259 seconds, Stopping threads took: 0.0000177 seconds
156.023: [GC (Allocation Failure)  917239K->593655K(1035776K), 0.0047783 secs]
156.028: Total time for which application threads were stopped: 0.0049464 seconds, Stopping threads took: 0.0000193 seconds
156.095: [GC (Allocation Failure)  917239K->593719K(1034752K), 0.0051404 secs]
156.100: Total time for which application threads were stopped: 0.0053072 seconds, Stopping threads took: 0.0000202 seconds
156.168: [GC (Allocation Failure)  916279K->601721K(1035264K), 0.0047493 secs]
156.173: Total time for which application threads were stopped: 0.0049083 seconds, Stopping threads took: 0.0000193 seconds
156.239: [GC (Allocation Failure)  924281K->601721K(1034240K), 0.0049951 secs]
156.244: Total time for which application threads were stopped: 0.0051679 seconds, Stopping threads took: 0.0000203 seconds
156.311: [GC (Allocation Failure)  923257K->601753K(1034752K), 0.0048188 secs]
156.316: Total time for which application threads were stopped: 0.0049844 seconds, Stopping threads took: 0.0000201 seconds
156.382: [GC (Allocation Failure)  923289K->609755K(1033728K), 0.0049800 secs]
156.387: Total time for which application threads were stopped: 0.0051431 seconds, Stopping threads took: 0.0000258 seconds
156.455: [GC (Allocation Failure)  930267K->609755K(1034240K), 0.0049015 secs]
156.460: Total time for which application threads were stopped: 0.0050741 seconds, Stopping threads took: 0.0000279 seconds
156.526: [GC (Allocation Failure)  930267K->609987K(1034240K), 0.0051157 secs]
156.531: Total time for which application threads were stopped: 0.0052804 seconds, Stopping threads took: 0.0000201 seconds
156.596: [GC (Allocation Failure)  930499K->617765K(1034240K), 0.0050208 secs]
156.601: Total time for which application threads were stopped: 0.0051972 seconds, Stopping threads took: 0.0000278 seconds
156.667: [GC (Allocation Failure)  938277K->617765K(1034240K), 0.0051670 secs]
156.672: Total time for which application threads were stopped: 0.0053356 seconds, Stopping threads took: 0.0000195 seconds
156.741: [GC (Allocation Failure)  938277K->618213K(1020416K), 0.0050107 secs]
156.746: Total time for which application threads were stopped: 0.0051865 seconds, Stopping threads took: 0.0000294 seconds
156.814: [GC (Allocation Failure)  938725K->625800K(1033728K), 0.0057778 secs]
156.820: Total time for which application threads were stopped: 0.0059701 seconds, Stopping threads took: 0.0000195 seconds
156.888: [GC (Allocation Failure)  945288K->625832K(1033728K), 0.0049048 secs]
156.893: Total time for which application threads were stopped: 0.0051077 seconds, Stopping threads took: 0.0000280 seconds
156.959: [GC (Allocation Failure)  945320K->625928K(1033728K), 0.0048771 secs]
156.964: Total time for which application threads were stopped: 0.0050407 seconds, Stopping threads took: 0.0000202 seconds
157.031: [GC (Allocation Failure)  945416K->633834K(1033728K), 0.0048371 secs]
157.036: Total time for which application threads were stopped: 0.0050165 seconds, Stopping threads took: 0.0000208 seconds
157.104: [GC (Allocation Failure)  953320K->629928K(1034240K), 0.0038739 secs]
157.108: Total time for which application threads were stopped: 0.0040371 seconds, Stopping threads took: 0.0000208 seconds
157.176: [GC (Allocation Failure)  949928K->633994K(1033728K), 0.0053101 secs]
157.181: Total time for which application threads were stopped: 0.0054979 seconds, Stopping threads took: 0.0000207 seconds
157.247: [GC (Allocation Failure)  953994K->637994K(1034752K), 0.0048496 secs]
157.252: Total time for which application threads were stopped: 0.0050143 seconds, Stopping threads took: 0.0000203 seconds
157.320: [GC (Allocation Failure)  959530K->632200K(1034752K), 0.0028806 secs]
157.323: Total time for which application threads were stopped: 0.0030376 seconds, Stopping threads took: 0.0000205 seconds
157.392: [GC (Allocation Failure)  953736K->638058K(1035264K), 0.0048686 secs]
157.397: Total time for which application threads were stopped: 0.0050463 seconds, Stopping threads took: 0.0000265 seconds
157.464: [GC (Allocation Failure)  960106K->642098K(1034752K), 0.0053630 secs]
157.469: Total time for which application threads were stopped: 0.0055202 seconds, Stopping threads took: 0.0000203 seconds
157.536: [GC (Allocation Failure)  963884K->638224K(1035776K), 0.0039445 secs]
157.540: Total time for which application threads were stopped: 0.0041207 seconds, Stopping threads took: 0.0000283 seconds
157.608: [GC (Allocation Failure)  961296K->642250K(1035264K), 0.0050986 secs]
157.613: Total time for which application threads were stopped: 0.0052711 seconds, Stopping threads took: 0.0000202 seconds
157.682: [GC (Allocation Failure)  965322K->646186K(1035264K), 0.0048140 secs]
157.687: Total time for which application threads were stopped: 0.0049803 seconds, Stopping threads took: 0.0000211 seconds
157.756: [GC (Allocation Failure)  969770K->646218K(1035776K), 0.0050866 secs]
157.761: Total time for which application threads were stopped: 0.0052574 seconds, Stopping threads took: 0.0000205 seconds
157.829: [GC (Allocation Failure)  969802K->646274K(1034752K), 0.0050839 secs]
157.834: Total time for which application threads were stopped: 0.0052586 seconds, Stopping threads took: 0.0000207 seconds
157.902: [GC (Allocation Failure)  968834K->654244K(1035264K), 0.0048512 secs]
157.907: Total time for which application threads were stopped: 0.0050233 seconds, Stopping threads took: 0.0000200 seconds
157.975: [GC (Allocation Failure)  976804K->654244K(1034240K), 0.0050289 secs]
157.980: Total time for which application threads were stopped: 0.0051864 seconds, Stopping threads took: 0.0000193 seconds
158.048: [GC (Allocation Failure)  975780K->654308K(1034752K), 0.0051684 secs]
158.053: Total time for which application threads were stopped: 0.0053367 seconds, Stopping threads took: 0.0000200 seconds
158.119: [GC (Allocation Failure)  975844K->662278K(1034752K), 0.0051345 secs]
158.124: Total time for which application threads were stopped: 0.0053079 seconds, Stopping threads took: 0.0000203 seconds
158.193: [GC (Allocation Failure)  983814K->662310K(1029120K), 0.0050610 secs]
158.199: Total time for which application threads were stopped: 0.0052233 seconds, Stopping threads took: 0.0000201 seconds
158.264: [GC (Allocation Failure)  983846K->662534K(1034240K), 0.0050410 secs]
158.269: Total time for which application threads were stopped: 0.0052342 seconds, Stopping threads took: 0.0000209 seconds
158.339: [GC (Allocation Failure)  983046K->670313K(1034240K), 0.0054235 secs]
158.344: Total time for which application threads were stopped: 0.0055797 seconds, Stopping threads took: 0.0000189 seconds
158.413: [GC (Allocation Failure)  990825K->670345K(1034240K), 0.0049874 secs]
158.418: Total time for which application threads were stopped: 0.0051782 seconds, Stopping threads took: 0.0000288 seconds
158.485: [GC (Allocation Failure)  990857K->670761K(1020416K), 0.0051297 secs]
158.490: Total time for which application threads were stopped: 0.0052950 seconds, Stopping threads took: 0.0000211 seconds
158.557: [GC (Allocation Failure)  991273K->678347K(1033728K), 0.0050995 secs]
158.562: Total time for which application threads were stopped: 0.0052613 seconds, Stopping threads took: 0.0000201 seconds
158.630: [GC (Allocation Failure)  997835K->678347K(1033728K), 0.0050167 secs]
158.635: Total time for which application threads were stopped: 0.0051815 seconds, Stopping threads took: 0.0000284 seconds
158.701: [GC (Allocation Failure)  997835K->678515K(1033728K), 0.0051133 secs]
158.706: Total time for which application threads were stopped: 0.0052720 seconds, Stopping threads took: 0.0000177 seconds
158.774: [GC (Allocation Failure)  998003K->686389K(1033728K), 0.0050588 secs]
158.779: Total time for which application threads were stopped: 0.0052272 seconds, Stopping threads took: 0.0000207 seconds
158.846: [GC (Allocation Failure)  1005877K->686389K(1033728K), 0.0048376 secs]
158.851: Total time for which application threads were stopped: 0.0050349 seconds, Stopping threads took: 0.0000213 seconds
158.919: [GC (Allocation Failure)  1005877K->686461K(1033728K), 0.0050360 secs]
158.924: [Full GC (Ergonomics)  686461K->8540K(1033728K), 0.0184872 secs]
158.943: Total time for which application threads were stopped: 0.0237665 seconds, Stopping threads took: 0.0000257 seconds
159.010: [GC (Allocation Failure)  328028K->16702K(1032704K), 0.0037613 secs]
159.014: Total time for which application threads were stopped: 0.0039323 seconds, Stopping threads took: 0.0000205 seconds
159.081: [GC (Allocation Failure)  335166K->11180K(1033216K), 0.0014795 secs]
159.082: Total time for which application threads were stopped: 0.0016083 seconds, Stopping threads took: 0.0000188 seconds
159.149: [GC (Allocation Failure)  329644K->16974K(1034240K), 0.0037068 secs]
159.153: Total time for which application threads were stopped: 0.0038677 seconds, Stopping threads took: 0.0000200 seconds
159.221: [GC (Allocation Failure)  336974K->20854K(1033728K), 0.0043933 secs]
159.226: Total time for which application threads were stopped: 0.0045838 seconds, Stopping threads took: 0.0000197 seconds
159.291: [GC (Allocation Failure)  340854K->26772K(1030144K), 0.0066037 secs]
159.298: Total time for which application threads were stopped: 0.0068097 seconds, Stopping threads took: 0.0000200 seconds
159.365: [GC (Allocation Failure)  343188K->21014K(1032192K), 0.0039399 secs]
159.369: Total time for which application threads were stopped: 0.0040978 seconds, Stopping threads took: 0.0000192 seconds
159.435: [GC (Allocation Failure)  337430K->20854K(1032704K), 0.0037940 secs]
159.438: Total time for which application threads were stopped: 0.0039629 seconds, Stopping threads took: 0.0000281 seconds
159.505: [GC (Allocation Failure)  337782K->13140K(1032192K), 0.0005605 secs]
159.506: Total time for which application threads were stopped: 0.0006821 seconds, Stopping threads took: 0.0000193 seconds
159.573: [GC (Allocation Failure)  330068K->20950K(1032704K), 0.0039173 secs]
159.577: Total time for which application threads were stopped: 0.0040878 seconds, Stopping threads took: 0.0000206 seconds
159.643: [GC (Allocation Failure)  338390K->20854K(1032704K), 0.0040864 secs]
159.648: Total time for which application threads were stopped: 0.0042594 seconds, Stopping threads took: 0.0000206 seconds
159.714: [GC (Allocation Failure)  338294K->21918K(1033216K), 0.0039774 secs]
159.718: Total time for which application threads were stopped: 0.0041604 seconds, Stopping threads took: 0.0000205 seconds
159.786: [GC (Allocation Failure)  340382K->28896K(1033216K), 0.0037451 secs]
159.790: Total time for which application threads were stopped: 0.0039765 seconds, Stopping threads took: 0.0000213 seconds
159.856: [GC (Allocation Failure)  347360K->28896K(1033216K), 0.0038568 secs]
159.860: Total time for which application threads were stopped: 0.0040321 seconds, Stopping threads took: 0.0000205 seconds
159.928: [GC (Allocation Failure)  347360K->30040K(1033216K), 0.0045916 secs]
159.933: Total time for which application threads were stopped: 0.0047843 seconds, Stopping threads took: 0.0000228 seconds
160.001: [GC (Allocation Failure)  348504K->36987K(1033216K), 0.0039136 secs]
160.005: Total time for which application threads were stopped: 0.0040921 seconds, Stopping threads took: 0.0000202 seconds
160.074: [GC (Allocation Failure)  355451K->36923K(1033216K), 0.0038917 secs]
160.078: Total time for which application threads were stopped: 0.0040689 seconds, Stopping threads took: 0.0000170 seconds
160.147: [GC (Allocation Failure)  355387K->38299K(1033728K), 0.0042401 secs]
160.151: Total time for which application threads were stopped: 0.0044211 seconds, Stopping threads took: 0.0000200 seconds
160.219: [GC (Allocation Failure)  357787K->44957K(1033728K), 0.0037343 secs]
160.222: Total time for which application threads were stopped: 0.0039139 seconds, Stopping threads took: 0.0000214 seconds
160.290: [GC (Allocation Failure)  364445K->44957K(1033728K), 0.0037199 secs]
160.294: Total time for which application threads were stopped: 0.0038828 seconds, Stopping threads took: 0.0000207 seconds
160.362: [GC (Allocation Failure)  364445K->45501K(1033728K), 0.0041707 secs]
160.367: Total time for which application threads were stopped: 0.0043485 seconds, Stopping threads took: 0.0000226 seconds
160.434: [GC (Allocation Failure)  364989K->53055K(1033728K), 0.0038413 secs]
160.438: Total time for which application threads were stopped: 0.0040237 seconds, Stopping threads took: 0.0000212 seconds
160.504: [GC (Allocation Failure)  372543K->53023K(1033728K), 0.0038254 secs]
160.508: Total time for which application threads were stopped: 0.0040278 seconds, Stopping threads took: 0.0000223 seconds
160.575: [GC (Allocation Failure)  372511K->53255K(1033728K), 0.0040478 secs]
160.579: Total time for which application threads were stopped: 0.0041966 seconds, Stopping threads took: 0.0000178 seconds
160.645: [GC (Allocation Failure)  372743K->61097K(1033728K), 0.0037420 secs]
160.649: Total time for which application threads were stopped: 0.0039120 seconds, Stopping threads took: 0.0000206 seconds
160.717: [GC (Allocation Failure)  380585K->61001K(1033728K), 0.0038569 secs]
160.721: Total time for which application threads were stopped: 0.0040340 seconds, Stopping threads took: 0.0000206 seconds
160.786: [GC (Allocation Failure)  380489K->61985K(1033728K), 0.0042353 secs]
160.790: Total time for which application threads were stopped: 0.0044080 seconds, Stopping threads took: 0.0000208 seconds
160.858: [GC (Allocation Failure)  381473K->69092K(1033728K), 0.0039036 secs]
160.862: Total time for which application threads were stopped: 0.0040750 seconds, Stopping threads took: 0.0000210 seconds
160.931: [GC (Allocation Failure)  388580K->69092K(1033728K), 0.0039829 secs]
160.935: Total time for which application threads were stopped: 0.0041357 seconds, Stopping threads took: 0.0000261 seconds
161.001: [GC (Allocation Failure)  388580K->69220K(1032704K), 0.0041589 secs]
161.006: Total time for which application threads were stopped: 0.0043198 seconds, Stopping threads took: 0.0000202 seconds
161.075: [GC (Allocation Failure)  387684K->77126K(1033216K), 0.0040889 secs]
161.079: Total time for which application threads were stopped: 0.0042642 seconds, Stopping threads took: 0.0000211 seconds
161.146: [GC (Allocation Failure)  395590K->77094K(1033216K), 0.0038989 secs]
161.150: Total time for which application threads were stopped: 0.0040590 seconds, Stopping threads took: 0.0000205 seconds
161.217: [GC (Allocation Failure)  395558K->77422K(1033216K), 0.0041550 secs]
161.221: Total time for which application threads were stopped: 0.0043195 seconds, Stopping threads took: 0.0000194 seconds
161.289: [GC (Allocation Failure)  395886K->85168K(1033216K), 0.0040891 secs]
161.293: Total time for which application threads were stopped: 0.0042498 seconds, Stopping threads took: 0.0000201 seconds
161.359: [GC (Allocation Failure)  403632K->85136K(1033216K), 0.0039486 secs]
161.363: Total time for which application threads were stopped: 0.0041104 seconds, Stopping threads took: 0.0000205 seconds
161.430: [GC (Allocation Failure)  403600K->85656K(1033216K), 0.0038819 secs]
161.434: Total time for which application threads were stopped: 0.0040419 seconds, Stopping threads took: 0.0000275 seconds
161.500: [GC (Allocation Failure)  404120K->93210K(1033216K), 0.0064528 secs]
161.506: Total time for which application threads were stopped: 0.0066249 seconds, Stopping threads took: 0.0000205 seconds
161.574: [GC (Allocation Failure)  411674K->93210K(1033216K), 0.0041301 secs]
161.578: Total time for which application threads were stopped: 0.0043000 seconds, Stopping threads took: 0.0000301 seconds
161.643: [GC (Allocation Failure)  411674K->93882K(1033216K), 0.0042324 secs]
161.647: Total time for which application threads were stopped: 0.0044109 seconds, Stopping threads took: 0.0000271 seconds
161.716: [GC (Allocation Failure)  412346K->101181K(1033216K), 0.0039008 secs]
161.720: Total time for which application threads were stopped: 0.0040727 seconds, Stopping threads took: 0.0000208 seconds
161.787: [GC (Allocation Failure)  419645K->101245K(1033216K), 0.0065906 secs]
161.794: Total time for which application threads were stopped: 0.0067606 seconds, Stopping threads took: 0.0000200 seconds
161.860: [GC (Allocation Failure)  419709K->102077K(1033216K), 0.0041624 secs]
161.864: Total time for which application threads were stopped: 0.0043421 seconds, Stopping threads took: 0.0000222 seconds
161.934: [GC (Allocation Failure)  420541K->109215K(1033216K), 0.0053134 secs]
161.939: Total time for which application threads were stopped: 0.0055093 seconds, Stopping threads took: 0.0000260 seconds
162.006: [GC (Allocation Failure)  427679K->109247K(1033216K), 0.0039521 secs]
162.010: Total time for which application threads were stopped: 0.0041134 seconds, Stopping threads took: 0.0000194 seconds
162.077: [GC (Allocation Failure)  427711K->110343K(1033216K), 0.0042641 secs]
162.081: Total time for which application threads were stopped: 0.0044363 seconds, Stopping threads took: 0.0000202 seconds
162.151: [GC (Allocation Failure)  428807K->117257K(1033728K), 0.0039797 secs]
162.155: Total time for which application threads were stopped: 0.0041388 seconds, Stopping threads took: 0.0000200 seconds
162.222: [GC (Allocation Failure)  436745K->117289K(1033728K), 0.0039939 secs]
162.226: Total time for which application threads were stopped: 0.0041843 seconds, Stopping threads took: 0.0000208 seconds
162.295: [GC (Allocation Failure)  436777K->117505K(1032704K), 0.0040149 secs]
162.299: Total time for which application threads were stopped: 0.0041920 seconds, Stopping threads took: 0.0000197 seconds
162.366: [GC (Allocation Failure)  435969K->125347K(1033216K), 0.0041780 secs]
162.371: Total time for which application threads were stopped: 0.0043611 seconds, Stopping threads took: 0.0000211 seconds
162.439: [GC (Allocation Failure)  443811K->125347K(1033216K), 0.0038961 secs]
162.443: Total time for which application threads were stopped: 0.0040570 seconds, Stopping threads took: 0.0000268 seconds
162.510: [GC (Allocation Failure)  443811K->125723K(1033216K), 0.0041443 secs]
162.514: Total time for which application threads were stopped: 0.0043155 seconds, Stopping threads took: 0.0000250 seconds
162.582: [GC (Allocation Failure)  444187K->133374K(1033216K), 0.0040851 secs]
162.586: Total time for which application threads were stopped: 0.0042478 seconds, Stopping threads took: 0.0000202 seconds
162.653: [GC (Allocation Failure)  451838K->133342K(1033216K), 0.0039093 secs]
162.657: Total time for which application threads were stopped: 0.0040693 seconds, Stopping threads took: 0.0000199 seconds
162.724: [GC (Allocation Failure)  451806K->133502K(1033216K), 0.0040890 secs]
162.728: Total time for which application threads were stopped: 0.0042959 seconds, Stopping threads took: 0.0000303 seconds
162.797: [GC (Allocation Failure)  451966K->141376K(1033216K), 0.0040563 secs]
162.801: Total time for which application threads were stopped: 0.0042210 seconds, Stopping threads took: 0.0000196 seconds
162.867: [GC (Allocation Failure)  459840K->141376K(1033216K), 0.0041471 secs]
162.871: Total time for which application threads were stopped: 0.0043249 seconds, Stopping threads took: 0.0000210 seconds
162.938: [GC (Allocation Failure)  459840K->141400K(1033216K), 0.0051093 secs]
162.943: Total time for which application threads were stopped: 0.0052816 seconds, Stopping threads took: 0.0000215 seconds
163.011: [GC (Allocation Failure)  459864K->149402K(1033216K), 0.0040983 secs]
163.015: Total time for which application threads were stopped: 0.0042489 seconds, Stopping threads took: 0.0000176 seconds
163.082: [GC (Allocation Failure)  467866K->149402K(1033216K), 0.0040232 secs]
163.086: Total time for which application threads were stopped: 0.0041823 seconds, Stopping threads took: 0.0000193 seconds
163.151: [GC (Allocation Failure)  467866K->149466K(1033216K), 0.0042565 secs]
163.155: Total time for which application threads were stopped: 0.0044261 seconds, Stopping threads took: 0.0000194 seconds
163.224: [GC (Allocation Failure)  467930K->157469K(1033216K), 0.0042905 secs]
163.228: Total time for which application threads were stopped: 0.0044564 seconds, Stopping threads took: 0.0000196 seconds
163.293: [GC (Allocation Failure)  475933K->157405K(1033216K), 0.0038532 secs]
163.297: Total time for which application threads were stopped: 0.0040441 seconds, Stopping threads took: 0.0000190 seconds
163.365: [GC (Allocation Failure)  475869K->157661K(1033216K), 0.0057372 secs]
163.371: Total time for which application threads were stopped: 0.0059077 seconds, Stopping threads took: 0.0000193 seconds
163.438: [GC (Allocation Failure)  476125K->165503K(1033216K), 0.0039125 secs]
163.442: Total time for which application threads were stopped: 0.0040811 seconds, Stopping threads took: 0.0000265 seconds
163.507: [GC (Allocation Failure)  483967K->161597K(1033216K), 0.0031335 secs]
163.510: Total time for which application threads were stopped: 0.0033023 seconds, Stopping threads took: 0.0000259 seconds
163.577: [GC (Allocation Failure)  480061K->165631K(1034752K), 0.0045777 secs]
163.582: Total time for which application threads were stopped: 0.0047559 seconds, Stopping threads took: 0.0000209 seconds
163.649: [GC (Allocation Failure)  486143K->169599K(1033728K), 0.0041660 secs]
163.654: Total time for which application threads were stopped: 0.0043455 seconds, Stopping threads took: 0.0000220 seconds
163.723: [GC (Allocation Failure)  490111K->161789K(1034240K), 0.0009523 secs]
163.724: Total time for which application threads were stopped: 0.0010781 seconds, Stopping threads took: 0.0000200 seconds
163.790: [GC (Allocation Failure)  482301K->169655K(1034240K), 0.0043232 secs]
163.795: Total time for which application threads were stopped: 0.0044930 seconds, Stopping threads took: 0.0000198 seconds
163.862: [GC (Allocation Failure)  490167K->173767K(1033216K), 0.0056557 secs]
163.867: Total time for which application threads were stopped: 0.0058190 seconds, Stopping threads took: 0.0000208 seconds
163.934: [GC (Allocation Failure)  493255K->179461K(1032704K), 0.0064534 secs]
163.941: Total time for which application threads were stopped: 0.0066485 seconds, Stopping threads took: 0.0000271 seconds
164.008: [GC (Allocation Failure)  498949K->173991K(1031680K), 0.0042224 secs]
164.013: Total time for which application threads were stopped: 0.0043844 seconds, Stopping threads took: 0.0000202 seconds
164.080: [GC (Allocation Failure)  490407K->173767K(1032192K), 0.0042941 secs]
164.085: Total time for which application threads were stopped: 0.0044698 seconds, Stopping threads took: 0.0000206 seconds
164.152: [GC (Allocation Failure)  490183K->168357K(1032704K), 0.0019870 secs]
164.154: Total time for which application threads were stopped: 0.0021483 seconds, Stopping threads took: 0.0000205 seconds
164.221: [GC (Allocation Failure)  485797K->173927K(1032704K), 0.0041334 secs]
164.226: Total time for which application threads were stopped: 0.0043018 seconds, Stopping threads took: 0.0000195 seconds
164.293: [GC (Allocation Failure)  491367K->173735K(1033216K), 0.0042988 secs]
164.297: Total time for which application threads were stopped: 0.0044769 seconds, Stopping threads took: 0.0000202 seconds
164.363: [GC (Allocation Failure)  491687K->174087K(1032704K), 0.0042993 secs]
164.368: Total time for which application threads were stopped: 0.0044728 seconds, Stopping threads took: 0.0000207 seconds
164.436: [GC (Allocation Failure)  492039K->181897K(1033216K), 0.0040862 secs]
164.440: Total time for which application threads were stopped: 0.0042549 seconds, Stopping threads took: 0.0000279 seconds
164.507: [GC (Allocation Failure)  500361K->181737K(1033216K), 0.0043160 secs]
164.511: Total time for which application threads were stopped: 0.0044884 seconds, Stopping threads took: 0.0000192 seconds
164.579: [GC (Allocation Failure)  500201K->185897K(1033728K), 0.0051733 secs]
164.584: Total time for which application threads were stopped: 0.0053447 seconds, Stopping threads took: 0.0000200 seconds
164.651: [GC (Allocation Failure)  504873K->189899K(1033216K), 0.0041663 secs]
164.656: Total time for which application threads were stopped: 0.0043628 seconds, Stopping threads took: 0.0000207 seconds
164.725: [GC (Allocation Failure)  508875K->189803K(1034240K), 0.0040593 secs]
164.729: Total time for which application threads were stopped: 0.0042228 seconds, Stopping threads took: 0.0000170 seconds
164.797: [GC (Allocation Failure)  509803K->192619K(1033728K), 0.0048896 secs]
164.802: Total time for which application threads were stopped: 0.0050548 seconds, Stopping threads took: 0.0000198 seconds
164.870: [GC (Allocation Failure)  512619K->197870K(1034240K), 0.0064826 secs]
164.877: Total time for which application threads were stopped: 0.0066604 seconds, Stopping threads took: 0.0000291 seconds
164.946: [GC (Allocation Failure)  518382K->197838K(1034240K), 0.0050898 secs]
164.951: Total time for which application threads were stopped: 0.0052321 seconds, Stopping threads took: 0.0000258 seconds
165.018: [GC (Allocation Failure)  518350K->198286K(1034240K), 0.0044556 secs]
165.022: Total time for which application threads were stopped: 0.0046258 seconds, Stopping threads took: 0.0000196 seconds
165.090: [GC (Allocation Failure)  518798K->205904K(1034240K), 0.0040870 secs]
165.095: Total time for which application threads were stopped: 0.0042552 seconds, Stopping threads took: 0.0000193 seconds
165.163: [GC (Allocation Failure)  526416K->205904K(1034240K), 0.0040665 secs]
165.167: Total time for which application threads were stopped: 0.0042364 seconds, Stopping threads took: 0.0000196 seconds
165.235: [GC (Allocation Failure)  526416K->208552K(1034240K), 0.0046885 secs]
165.240: Total time for which application threads were stopped: 0.0048822 seconds, Stopping threads took: 0.0000197 seconds
165.309: [GC (Allocation Failure)  529064K->213962K(1034240K), 0.0042163 secs]
165.314: Total time for which application threads were stopped: 0.0043668 seconds, Stopping threads took: 0.0000170 seconds
165.381: [GC (Allocation Failure)  534474K->213930K(1034240K), 0.0040282 secs]
165.386: Total time for which application threads were stopped: 0.0041967 seconds, Stopping threads took: 0.0000250 seconds
165.452: [GC (Allocation Failure)  534442K->214730K(1033728K), 0.0045869 secs]
165.457: Total time for which application threads were stopped: 0.0047547 seconds, Stopping threads took: 0.0000206 seconds
165.525: [GC (Allocation Failure)  535242K->222028K(1034240K), 0.0041825 secs]
165.529: Total time for which application threads were stopped: 0.0043531 seconds, Stopping threads took: 0.0000209 seconds
165.597: [GC (Allocation Failure)  542540K->221964K(1034240K), 0.0043018 secs]
165.601: Total time for which application threads were stopped: 0.0044851 seconds, Stopping threads took: 0.0000199 seconds
165.670: [GC (Allocation Failure)  542476K->225036K(1034240K), 0.0050526 secs]
165.675: Total time for which application threads were stopped: 0.0052309 seconds, Stopping threads took: 0.0000276 seconds
165.743: [GC (Allocation Failure)  545548K->230031K(1034752K), 0.0039644 secs]
165.747: Total time for which application threads were stopped: 0.0041270 seconds, Stopping threads took: 0.0000210 seconds
165.816: [GC (Allocation Failure)  551567K->229999K(1034752K), 0.0039963 secs]
165.820: Total time for which application threads were stopped: 0.0041448 seconds, Stopping threads took: 0.0000170 seconds
165.886: [GC (Allocation Failure)  551535K->233263K(1034752K), 0.0048397 secs]
165.891: Total time for which application threads were stopped: 0.0049972 seconds, Stopping threads took: 0.0000269 seconds
165.961: [GC (Allocation Failure)  554799K->238001K(1034752K), 0.0043443 secs]
165.965: Total time for which application threads were stopped: 0.0045401 seconds, Stopping threads took: 0.0000196 seconds
166.033: [GC (Allocation Failure)  559537K->238001K(1034752K), 0.0044934 secs]
166.038: Total time for which application threads were stopped: 0.0046574 seconds, Stopping threads took: 0.0000191 seconds
166.103: [GC (Allocation Failure)  559537K->238409K(1034752K), 0.0044259 secs]
166.107: Total time for which application threads were stopped: 0.0045945 seconds, Stopping threads took: 0.0000193 seconds
166.177: [GC (Allocation Failure)  559945K->246091K(1033728K), 0.0046338 secs]
166.182: Total time for which application threads were stopped: 0.0048079 seconds, Stopping threads took: 0.0000201 seconds
166.250: [GC (Allocation Failure)  566603K->246027K(1034240K), 0.0042777 secs]
166.254: Total time for which application threads were stopped: 0.0044353 seconds, Stopping threads took: 0.0000193 seconds
166.321: [GC (Allocation Failure)  566539K->249739K(1034752K), 0.0053494 secs]
166.327: Total time for which application threads were stopped: 0.0055219 seconds, Stopping threads took: 0.0000198 seconds
166.395: [GC (Allocation Failure)  571275K->254061K(1034752K), 0.0046463 secs]
166.400: Total time for which application threads were stopped: 0.0048145 seconds, Stopping threads took: 0.0000200 seconds
166.467: [GC (Allocation Failure)  575597K->254061K(1034752K), 0.0042414 secs]
166.471: Total time for which application threads were stopped: 0.0044043 seconds, Stopping threads took: 0.0000196 seconds
166.537: [GC (Allocation Failure)  575597K->254885K(1034752K), 0.0043598 secs]
166.541: Total time for which application threads were stopped: 0.0045193 seconds, Stopping threads took: 0.0000193 seconds
166.610: [GC (Allocation Failure)  576421K->262184K(1034752K), 0.0044162 secs]
166.614: Total time for which application threads were stopped: 0.0045880 seconds, Stopping threads took: 0.0000202 seconds
166.683: [GC (Allocation Failure)  583720K->262088K(1034752K), 0.0044001 secs]
166.687: Total time for which application threads were stopped: 0.0045755 seconds, Stopping threads took: 0.0000216 seconds
166.752: [GC (Allocation Failure)  583624K->264136K(1034752K), 0.0045677 secs]
166.757: Total time for which application threads were stopped: 0.0047288 seconds, Stopping threads took: 0.0000200 seconds
166.823: [GC (Allocation Failure)  585672K->270154K(1034752K), 0.0065125 secs]
166.829: Total time for which application threads were stopped: 0.0066805 seconds, Stopping threads took: 0.0000198 seconds
166.896: [GC (Allocation Failure)  591690K->270154K(1034752K), 0.0041764 secs]
166.900: Total time for which application threads were stopped: 0.0043376 seconds, Stopping threads took: 0.0000260 seconds
166.967: [GC (Allocation Failure)  591690K->273418K(1034752K), 0.0050609 secs]
166.972: Total time for which application threads were stopped: 0.0052253 seconds, Stopping threads took: 0.0000196 seconds
167.038: [GC (Allocation Failure)  594954K->278188K(1034752K), 0.0044241 secs]
167.042: Total time for which application threads were stopped: 0.0046343 seconds, Stopping threads took: 0.0000202 seconds
167.108: [GC (Allocation Failure)  599724K->278156K(1034752K), 0.0044667 secs]
167.113: Total time for which application threads were stopped: 0.0046266 seconds, Stopping threads took: 0.0000201 seconds
167.178: [GC (Allocation Failure)  599692K->278532K(1034752K), 0.0051119 secs]
167.183: Total time for which application threads were stopped: 0.0052962 seconds, Stopping threads took: 0.0000205 seconds
167.255: [GC (Allocation Failure)  600068K->286279K(1029120K), 0.0044705 secs]
167.259: Total time for which application threads were stopped: 0.0046370 seconds, Stopping threads took: 0.0000196 seconds
167.326: [GC (Allocation Failure)  607815K->286215K(1034240K), 0.0043289 secs]
167.331: Total time for which application threads were stopped: 0.0044904 seconds, Stopping threads took: 0.0000201 seconds
167.397: [GC (Allocation Failure)  606727K->286791K(1034240K), 0.0043371 secs]
167.402: Total time for which application threads were stopped: 0.0045211 seconds, Stopping threads took: 0.0000205 seconds
167.470: [GC (Allocation Failure)  607303K->294217K(1034240K), 0.0042802 secs]
167.474: Total time for which application threads were stopped: 0.0044455 seconds, Stopping threads took: 0.0000255 seconds
167.544: [GC (Allocation Failure)  614729K->294217K(1034240K), 0.0042684 secs]
167.548: Total time for which application threads were stopped: 0.0044411 seconds, Stopping threads took: 0.0000207 seconds
167.615: [GC (Allocation Failure)  614729K->297097K(1034752K), 0.0050505 secs]
167.620: Total time for which application threads were stopped: 0.0052245 seconds, Stopping threads took: 0.0000206 seconds
167.689: [GC (Allocation Failure)  618121K->302347K(1034240K), 0.0043144 secs]
167.694: Total time for which application threads were stopped: 0.0045125 seconds, Stopping threads took: 0.0000212 seconds
167.763: [GC (Allocation Failure)  623371K->302251K(1034240K), 0.0043761 secs]
167.767: Total time for which application threads were stopped: 0.0045413 seconds, Stopping threads took: 0.0000199 seconds
167.832: [GC (Allocation Failure)  622763K->304299K(1034240K), 0.0046797 secs]
167.837: Total time for which application threads were stopped: 0.0048436 seconds, Stopping threads took: 0.0000182 seconds
167.905: [GC (Allocation Failure)  624811K->310317K(1033728K), 0.0042845 secs]
167.909: Total time for which application threads were stopped: 0.0044507 seconds, Stopping threads took: 0.0000257 seconds
167.978: [GC (Allocation Failure)  630829K->310317K(1034240K), 0.0044233 secs]
167.982: Total time for which application threads were stopped: 0.0047309 seconds, Stopping threads took: 0.0001396 seconds
168.049: [GC (Allocation Failure)  630829K->310477K(1033728K), 0.0047197 secs]
168.054: Total time for which application threads were stopped: 0.0049109 seconds, Stopping threads took: 0.0000194 seconds
168.123: [GC (Allocation Failure)  630989K->318352K(1034240K), 0.0042183 secs]
168.128: Total time for which application threads were stopped: 0.0043696 seconds, Stopping threads took: 0.0000174 seconds
168.195: [GC (Allocation Failure)  638864K->318320K(1034240K), 0.0043348 secs]
168.200: Total time for which application threads were stopped: 0.0044854 seconds, Stopping threads took: 0.0000176 seconds
168.267: [GC (Allocation Failure)  638832K->320776K(1034240K), 0.0046907 secs]
168.271: Total time for which application threads were stopped: 0.0048503 seconds, Stopping threads took: 0.0000197 seconds
168.342: [GC (Allocation Failure)  641288K->326378K(1034240K), 0.0041781 secs]
168.346: Total time for which application threads were stopped: 0.0043488 seconds, Stopping threads took: 0.0000283 seconds
168.414: [GC (Allocation Failure)  646890K->326314K(1034240K), 0.0041525 secs]
168.418: Total time for which application threads were stopped: 0.0043277 seconds, Stopping threads took: 0.0000205 seconds
168.485: [GC (Allocation Failure)  646826K->326954K(1034240K), 0.0046667 secs]
168.490: Total time for which application threads were stopped: 0.0048366 seconds, Stopping threads took: 0.0000202 seconds
168.558: [GC (Allocation Failure)  647466K->334508K(1034240K), 0.0044342 secs]
168.563: Total time for which application threads were stopped: 0.0045935 seconds, Stopping threads took: 0.0000197 seconds
168.632: [GC (Allocation Failure)  655020K->334348K(1034240K), 0.0041690 secs]
168.636: Total time for which application threads were stopped: 0.0043268 seconds, Stopping threads took: 0.0000192 seconds
168.703: [GC (Allocation Failure)  654860K->335180K(1034240K), 0.0048502 secs]
168.708: Total time for which application threads were stopped: 0.0050112 seconds, Stopping threads took: 0.0000200 seconds
168.776: [GC (Allocation Failure)  655692K->342478K(1033216K), 0.0044341 secs]
168.780: Total time for which application threads were stopped: 0.0046132 seconds, Stopping threads took: 0.0000205 seconds
168.849: [GC (Allocation Failure)  661966K->342446K(1033728K), 0.0044590 secs]
168.853: Total time for which application threads were stopped: 0.0046084 seconds, Stopping threads took: 0.0000179 seconds
168.920: [GC (Allocation Failure)  661934K->343366K(1033216K), 0.0063047 secs]
168.926: Total time for which application threads were stopped: 0.0064943 seconds, Stopping threads took: 0.0000299 seconds
168.995: [GC (Allocation Failure)  662854K->350473K(1033728K), 0.0045176 secs]
168.999: Total time for which application threads were stopped: 0.0047000 seconds, Stopping threads took: 0.0000204 seconds
169.068: [GC (Allocation Failure)  669961K->350473K(1033728K), 0.0043721 secs]
169.072: Total time for which application threads were stopped: 0.0045754 seconds, Stopping threads took: 0.0000226 seconds
169.141: [GC (Allocation Failure)  669961K->350601K(1033728K), 0.0044835 secs]
169.146: Total time for which application threads were stopped: 0.0047011 seconds, Stopping threads took: 0.0000202 seconds
169.213: [GC (Allocation Failure)  670089K->358475K(1033728K), 0.0042225 secs]
169.218: Total time for which application threads were stopped: 0.0043987 seconds, Stopping threads took: 0.0000207 seconds
169.286: [GC (Allocation Failure)  677963K->358443K(1033728K), 0.0043705 secs]
169.290: Total time for which application threads were stopped: 0.0044975 seconds, Stopping threads took: 0.0000209 seconds
169.358: [GC (Allocation Failure)  677931K->359883K(1033728K), 0.0045318 secs]
169.363: Total time for which application threads were stopped: 0.0046636 seconds, Stopping threads took: 0.0000217 seconds
169.432: [GC (Allocation Failure)  679371K->366541K(1033728K), 0.0043393 secs]
169.436: Total time for which application threads were stopped: 0.0045271 seconds, Stopping threads took: 0.0000202 seconds
169.504: [GC (Allocation Failure)  686029K->366541K(1033728K), 0.0044506 secs]
169.509: Total time for which application threads were stopped: 0.0046012 seconds, Stopping threads took: 0.0000176 seconds
169.575: [GC (Allocation Failure)  686029K->367109K(1033728K), 0.0047297 secs]
169.580: Total time for which application threads were stopped: 0.0048995 seconds, Stopping threads took: 0.0000204 seconds
169.647: [GC (Allocation Failure)  686597K->374599K(1033728K), 0.0042800 secs]
169.652: Total time for which application threads were stopped: 0.0044763 seconds, Stopping threads took: 0.0000212 seconds
169.720: [GC (Allocation Failure)  694087K->374503K(1033728K), 0.0044710 secs]
169.725: Total time for which application threads were stopped: 0.0046567 seconds, Stopping threads took: 0.0000180 seconds
169.793: [GC (Allocation Failure)  693991K->374791K(1033728K), 0.0046924 secs]
169.797: Total time for which application threads were stopped: 0.0048674 seconds, Stopping threads took: 0.0000215 seconds
169.868: [GC (Allocation Failure)  694279K->382634K(1033728K), 0.0045359 secs]
169.872: Total time for which application threads were stopped: 0.0046992 seconds, Stopping threads took: 0.0000214 seconds
169.942: [GC (Allocation Failure)  702122K->382570K(1033728K), 0.0051126 secs]
169.947: Total time for which application threads were stopped: 0.0053238 seconds, Stopping threads took: 0.0000285 seconds
170.014: [GC (Allocation Failure)  702058K->383562K(1033728K), 0.0046154 secs]
170.019: Total time for which application threads were stopped: 0.0047663 seconds, Stopping threads took: 0.0000181 seconds
170.087: [GC (Allocation Failure)  703050K->390636K(1033728K), 0.0043811 secs]
170.091: Total time for which application threads were stopped: 0.0045417 seconds, Stopping threads took: 0.0000203 seconds
170.159: [GC (Allocation Failure)  710124K->390636K(1033728K), 0.0044406 secs]
170.164: Total time for which application threads were stopped: 0.0046052 seconds, Stopping threads took: 0.0000216 seconds
170.231: [GC (Allocation Failure)  710124K->390732K(1032704K), 0.0046907 secs]
170.235: Total time for which application threads were stopped: 0.0048404 seconds, Stopping threads took: 0.0000179 seconds
170.303: [GC (Allocation Failure)  709196K->398638K(1033216K), 0.0045558 secs]
170.308: Total time for which application threads were stopped: 0.0047269 seconds, Stopping threads took: 0.0000194 seconds
170.376: [GC (Allocation Failure)  717102K->398638K(1033216K), 0.0045116 secs]
170.380: Total time for which application threads were stopped: 0.0046819 seconds, Stopping threads took: 0.0000200 seconds
170.447: [GC (Allocation Failure)  717102K->398982K(1033216K), 0.0045771 secs]
170.451: Total time for which application threads were stopped: 0.0047511 seconds, Stopping threads took: 0.0000277 seconds
170.520: [GC (Allocation Failure)  717446K->406697K(1033216K), 0.0044486 secs]
170.524: Total time for which application threads were stopped: 0.0046138 seconds, Stopping threads took: 0.0000207 seconds
170.592: [GC (Allocation Failure)  725161K->406665K(1033216K), 0.0050170 secs]
170.597: Total time for which application threads were stopped: 0.0051925 seconds, Stopping threads took: 0.0000247 seconds
170.664: [GC (Allocation Failure)  725129K->407177K(1033216K), 0.0047261 secs]
170.669: Total time for which application threads were stopped: 0.0049015 seconds, Stopping threads took: 0.0000222 seconds
170.735: [GC (Allocation Failure)  725641K->414731K(1033216K), 0.0043929 secs]
170.740: Total time for which application threads were stopped: 0.0045595 seconds, Stopping threads took: 0.0000197 seconds
170.807: [GC (Allocation Failure)  733195K->414699K(1033216K), 0.0045900 secs]
170.811: Total time for which application threads were stopped: 0.0047500 seconds, Stopping threads took: 0.0000199 seconds
170.878: [GC (Allocation Failure)  733163K->415395K(1033216K), 0.0049288 secs]
170.883: Total time for which application threads were stopped: 0.0050948 seconds, Stopping threads took: 0.0000193 seconds
170.953: [GC (Allocation Failure)  733859K->422789K(1033216K), 0.0046895 secs]
170.958: Total time for which application threads were stopped: 0.0048555 seconds, Stopping threads took: 0.0000167 seconds
171.024: [GC (Allocation Failure)  741253K->422725K(1033216K), 0.0046979 secs]
171.028: Total time for which application threads were stopped: 0.0048625 seconds, Stopping threads took: 0.0000205 seconds
171.093: [GC (Allocation Failure)  741189K->422893K(1033216K), 0.0047003 secs]
171.098: Total time for which application threads were stopped: 0.0048706 seconds, Stopping threads took: 0.0000200 seconds
171.166: [GC (Allocation Failure)  741357K->430767K(1033216K), 0.0044494 secs]
171.171: Total time for which application threads were stopped: 0.0046536 seconds, Stopping threads took: 0.0000227 seconds
171.237: [GC (Allocation Failure)  749231K->430799K(1033216K), 0.0045251 secs]
171.242: Total time for which application threads were stopped: 0.0046944 seconds, Stopping threads took: 0.0000194 seconds
171.306: [GC (Allocation Failure)  749263K->430863K(1033216K), 0.0045032 secs]
171.311: Total time for which application threads were stopped: 0.0046957 seconds, Stopping threads took: 0.0000200 seconds
171.378: [GC (Allocation Failure)  749327K->438802K(1033216K), 0.0046142 secs]
171.383: Total time for which application threads were stopped: 0.0048047 seconds, Stopping threads took: 0.0000197 seconds
171.451: [GC (Allocation Failure)  757266K->438802K(1033216K), 0.0042700 secs]
171.456: Total time for which application threads were stopped: 0.0044517 seconds, Stopping threads took: 0.0000258 seconds
171.520: [GC (Allocation Failure)  757266K->439130K(1033216K), 0.0045693 secs]
171.525: Total time for which application threads were stopped: 0.0047372 seconds, Stopping threads took: 0.0000253 seconds
171.591: [GC (Allocation Failure)  757594K->446876K(1033216K), 0.0047172 secs]
171.596: Total time for which application threads were stopped: 0.0048997 seconds, Stopping threads took: 0.0000210 seconds
171.661: [GC (Allocation Failure)  765340K->446844K(1033216K), 0.0046147 secs]
171.666: Total time for which application threads were stopped: 0.0047978 seconds, Stopping threads took: 0.0000201 seconds
171.733: [GC (Allocation Failure)  765308K->447356K(1033216K), 0.0049675 secs]
171.738: Total time for which application threads were stopped: 0.0051397 seconds, Stopping threads took: 0.0000215 seconds
171.805: [GC (Allocation Failure)  765820K->454878K(1033216K), 0.0045855 secs]
171.809: Total time for which application threads were stopped: 0.0047614 seconds, Stopping threads took: 0.0000213 seconds
171.875: [GC (Allocation Failure)  773342K->454910K(1033216K), 0.0046390 secs]
171.880: Total time for which application threads were stopped: 0.0048350 seconds, Stopping threads took: 0.0000207 seconds
171.947: [GC (Allocation Failure)  773374K->455070K(1033216K), 0.0046679 secs]
171.952: Total time for which application threads were stopped: 0.0048024 seconds, Stopping threads took: 0.0000174 seconds
172.019: [GC (Allocation Failure)  773534K->462912K(1033216K), 0.0045340 secs]
172.024: Total time for which application threads were stopped: 0.0047019 seconds, Stopping threads took: 0.0000199 seconds
172.088: [GC (Allocation Failure)  781376K->459006K(1033728K), 0.0036171 secs]
172.091: Total time for which application threads were stopped: 0.0037844 seconds, Stopping threads took: 0.0000201 seconds
172.160: [GC (Allocation Failure)  777982K->463072K(1033216K), 0.0048906 secs]
172.165: Total time for which application threads were stopped: 0.0050520 seconds, Stopping threads took: 0.0000172 seconds
172.232: [GC (Allocation Failure)  782048K->467072K(1033728K), 0.0045106 secs]
172.237: Total time for which application threads were stopped: 0.0047070 seconds, Stopping threads took: 0.0000205 seconds
172.305: [GC (Allocation Failure)  787584K->474566K(1034240K), 0.0080503 secs]
172.313: Total time for which application threads were stopped: 0.0082443 seconds, Stopping threads took: 0.0000187 seconds
172.382: [GC (Allocation Failure)  795078K->468328K(1029120K), 0.0047497 secs]
172.387: Total time for which application threads were stopped: 0.0049216 seconds, Stopping threads took: 0.0000172 seconds
172.453: [GC (Allocation Failure)  783720K->468328K(1031680K), 0.0046661 secs]
172.458: Total time for which application threads were stopped: 0.0048398 seconds, Stopping threads took: 0.0000292 seconds
172.522: [GC (Allocation Failure)  783720K->463750K(1032704K), 0.0028397 secs]
172.525: Total time for which application threads were stopped: 0.0030130 seconds, Stopping threads took: 0.0000198 seconds
172.593: [GC (Allocation Failure)  780678K->468552K(1032192K), 0.0046561 secs]
172.598: Total time for which application threads were stopped: 0.0048368 seconds, Stopping threads took: 0.0000205 seconds
172.666: [GC (Allocation Failure)  785480K->468328K(1033216K), 0.0048089 secs]
172.670: Total time for which application threads were stopped: 0.0049842 seconds, Stopping threads took: 0.0000209 seconds
172.737: [GC (Allocation Failure)  786280K->468456K(1032704K), 0.0047581 secs]
172.742: Total time for which application threads were stopped: 0.0049755 seconds, Stopping threads took: 0.0000222 seconds
172.809: [GC (Allocation Failure)  786408K->476395K(1033216K), 0.0047642 secs]
172.814: Total time for which application threads were stopped: 0.0049426 seconds, Stopping threads took: 0.0000260 seconds
172.882: [GC (Allocation Failure)  794859K->476331K(1033216K), 0.0044411 secs]
172.886: Total time for which application threads were stopped: 0.0046252 seconds, Stopping threads took: 0.0000262 seconds
172.954: [GC (Allocation Failure)  794795K->480235K(1033728K), 0.0055985 secs]
172.960: Total time for which application threads were stopped: 0.0057767 seconds, Stopping threads took: 0.0000200 seconds
173.027: [GC (Allocation Failure)  799211K->484493K(1033216K), 0.0047943 secs]
173.032: Total time for which application threads were stopped: 0.0049661 seconds, Stopping threads took: 0.0000213 seconds
173.099: [GC (Allocation Failure)  803469K->484365K(1034240K), 0.0047709 secs]
173.104: Total time for which application threads were stopped: 0.0049327 seconds, Stopping threads took: 0.0000209 seconds
173.173: [GC (Allocation Failure)  804365K->486981K(1033728K), 0.0052092 secs]
173.178: Total time for which application threads were stopped: 0.0054037 seconds, Stopping threads took: 0.0000208 seconds
173.247: [GC (Allocation Failure)  806981K->492455K(1034240K), 0.0046495 secs]
173.252: Total time for which application threads were stopped: 0.0048417 seconds, Stopping threads took: 0.0000202 seconds
173.321: [GC (Allocation Failure)  812967K->492391K(1034240K), 0.0047207 secs]
173.326: Total time for which application threads were stopped: 0.0048697 seconds, Stopping threads took: 0.0000169 seconds
173.393: [GC (Allocation Failure)  812903K->492647K(1034240K), 0.0047063 secs]
173.398: Total time for which application threads were stopped: 0.0049017 seconds, Stopping threads took: 0.0000269 seconds
173.466: [GC (Allocation Failure)  813159K->500457K(1034240K), 0.0047314 secs]
173.471: Total time for which application threads were stopped: 0.0049236 seconds, Stopping threads took: 0.0000201 seconds
173.540: [GC (Allocation Failure)  820969K->500393K(1034240K), 0.0046920 secs]
173.545: Total time for which application threads were stopped: 0.0048614 seconds, Stopping threads took: 0.0000200 seconds
173.612: [GC (Allocation Failure)  820905K->502889K(1034240K), 0.0053426 secs]
173.617: Total time for which application threads were stopped: 0.0055044 seconds, Stopping threads took: 0.0000198 seconds
173.686: [GC (Allocation Failure)  823401K->508460K(1034240K), 0.0047529 secs]
173.691: Total time for which application threads were stopped: 0.0049233 seconds, Stopping threads took: 0.0000198 seconds
173.758: [GC (Allocation Failure)  828972K->508460K(1034240K), 0.0046439 secs]
173.763: Total time for which application threads were stopped: 0.0048190 seconds, Stopping threads took: 0.0000205 seconds
173.830: [GC (Allocation Failure)  828972K->509100K(1034240K), 0.0048529 secs]
173.835: Total time for which application threads were stopped: 0.0050239 seconds, Stopping threads took: 0.0000218 seconds
173.903: [GC (Allocation Failure)  829612K->516526K(1034240K), 0.0046766 secs]
173.908: Total time for which application threads were stopped: 0.0048442 seconds, Stopping threads took: 0.0000259 seconds
173.977: [GC (Allocation Failure)  837038K->516494K(1034240K), 0.0049220 secs]
173.982: Total time for which application threads were stopped: 0.0051167 seconds, Stopping threads took: 0.0000197 seconds
174.049: [GC (Allocation Failure)  837006K->519366K(1034240K), 0.0052954 secs]
174.054: Total time for which application threads were stopped: 0.0054639 seconds, Stopping threads took: 0.0000196 seconds
174.123: [GC (Allocation Failure)  839878K->524616K(1034240K), 0.0044845 secs]
174.127: Total time for which application threads were stopped: 0.0046556 seconds, Stopping threads took: 0.0000203 seconds
174.195: [GC (Allocation Failure)  845128K->524520K(1034240K), 0.0047357 secs]
174.200: Total time for which application threads were stopped: 0.0049046 seconds, Stopping threads took: 0.0000196 seconds
174.267: [GC (Allocation Failure)  845032K->525576K(1033728K), 0.0047594 secs]
174.272: Total time for which application threads were stopped: 0.0049381 seconds, Stopping threads took: 0.0000204 seconds
174.340: [GC (Allocation Failure)  846088K->532619K(1034240K), 0.0049339 secs]
174.346: Total time for which application threads were stopped: 0.0051206 seconds, Stopping threads took: 0.0000210 seconds
174.413: [GC (Allocation Failure)  853131K->532555K(1034240K), 0.0055572 secs]
174.419: Total time for which application threads were stopped: 0.0057295 seconds, Stopping threads took: 0.0000199 seconds
174.486: [GC (Allocation Failure)  853067K->532771K(1034240K), 0.0048919 secs]
174.491: Total time for which application threads were stopped: 0.0050795 seconds, Stopping threads took: 0.0000223 seconds
174.559: [GC (Allocation Failure)  853283K->540581K(1034240K), 0.0048323 secs]
174.564: Total time for which application threads were stopped: 0.0050131 seconds, Stopping threads took: 0.0000226 seconds
174.632: [GC (Allocation Failure)  861093K->540549K(1034240K), 0.0056704 secs]
174.638: Total time for which application threads were stopped: 0.0058432 seconds, Stopping threads took: 0.0000200 seconds
174.705: [GC (Allocation Failure)  861061K->542021K(1034240K), 0.0049842 secs]
174.710: Total time for which application threads were stopped: 0.0051871 seconds, Stopping threads took: 0.0000211 seconds
174.778: [GC (Allocation Failure)  862533K->548711K(1034240K), 0.0050007 secs]
174.783: Total time for which application threads were stopped: 0.0051754 seconds, Stopping threads took: 0.0000210 seconds
174.851: [GC (Allocation Failure)  869223K->548615K(1034240K), 0.0045353 secs]
174.855: Total time for which application threads were stopped: 0.0046990 seconds, Stopping threads took: 0.0000206 seconds
174.923: [GC (Allocation Failure)  869127K->548671K(1020416K), 0.0076743 secs]
174.931: Total time for which application threads were stopped: 0.0078570 seconds, Stopping threads took: 0.0000270 seconds
175.000: [GC (Allocation Failure)  869183K->556641K(1033728K), 0.0046233 secs]
175.005: Total time for which application threads were stopped: 0.0047851 seconds, Stopping threads took: 0.0000196 seconds
175.070: [GC (Allocation Failure)  876129K->556641K(1033728K), 0.0048817 secs]
175.075: Total time for which application threads were stopped: 0.0050560 seconds, Stopping threads took: 0.0000202 seconds
175.140: [GC (Allocation Failure)  876129K->556937K(1033728K), 0.0050304 secs]
175.145: Total time for which application threads were stopped: 0.0052281 seconds, Stopping threads took: 0.0000210 seconds
175.214: [GC (Allocation Failure)  876425K->564684K(1033728K), 0.0047700 secs]
175.219: Total time for which application threads were stopped: 0.0049325 seconds, Stopping threads took: 0.0000207 seconds
175.287: [GC (Allocation Failure)  884172K->564684K(1033728K), 0.0048819 secs]
175.292: Total time for which application threads were stopped: 0.0050685 seconds, Stopping threads took: 0.0000203 seconds
175.358: [GC (Allocation Failure)  884172K->565700K(1033728K), 0.0051537 secs]
175.363: Total time for which application threads were stopped: 0.0053234 seconds, Stopping threads took: 0.0000203 seconds
175.431: [GC (Allocation Failure)  885188K->572710K(1033728K), 0.0047551 secs]
175.436: Total time for which application threads were stopped: 0.0049242 seconds, Stopping threads took: 0.0000204 seconds
175.504: [GC (Allocation Failure)  892198K->572710K(1033728K), 0.0050989 secs]
175.509: Total time for which application threads were stopped: 0.0052637 seconds, Stopping threads took: 0.0000213 seconds
175.575: [GC (Allocation Failure)  892198K->572870K(1033728K), 0.0049719 secs]
175.580: Total time for which application threads were stopped: 0.0051669 seconds, Stopping threads took: 0.0000203 seconds
175.646: [GC (Allocation Failure)  892358K->580744K(1033728K), 0.0048672 secs]
175.651: Total time for which application threads were stopped: 0.0050298 seconds, Stopping threads took: 0.0000210 seconds
175.720: [GC (Allocation Failure)  900232K->580744K(1033728K), 0.0048566 secs]
175.725: Total time for which application threads were stopped: 0.0050157 seconds, Stopping threads took: 0.0000200 seconds
175.790: [GC (Allocation Failure)  900232K->582152K(1033728K), 0.0050265 secs]
175.795: Total time for which application threads were stopped: 0.0052321 seconds, Stopping threads took: 0.0000205 seconds
175.865: [GC (Allocation Failure)  901640K->588810K(1033728K), 0.0051880 secs]
175.870: Total time for which application threads were stopped: 0.0053733 seconds, Stopping threads took: 0.0000214 seconds
175.939: [GC (Allocation Failure)  908298K->588778K(1033728K), 0.0076817 secs]
175.947: Total time for which application threads were stopped: 0.0078799 seconds, Stopping threads took: 0.0000266 seconds
176.012: [GC (Allocation Failure)  908266K->589354K(1033728K), 0.0051692 secs]
176.017: Total time for which application threads were stopped: 0.0053307 seconds, Stopping threads took: 0.0000198 seconds
176.085: [GC (Allocation Failure)  908842K->596845K(1033728K), 0.0047271 secs]
176.090: Total time for which application threads were stopped: 0.0048907 seconds, Stopping threads took: 0.0000202 seconds
176.157: [GC (Allocation Failure)  916333K->596813K(1033728K), 0.0048775 secs]
176.162: Total time for which application threads were stopped: 0.0050492 seconds, Stopping threads took: 0.0000210 seconds
176.227: [GC (Allocation Failure)  916301K->597613K(1033728K), 0.0050771 secs]
176.233: Total time for which application threads were stopped: 0.0052693 seconds, Stopping threads took: 0.0000208 seconds
176.300: [GC (Allocation Failure)  917101K->604879K(1033728K), 0.0051768 secs]
176.305: Total time for which application threads were stopped: 0.0053489 seconds, Stopping threads took: 0.0000214 seconds
176.374: [GC (Allocation Failure)  924367K->604879K(1033728K), 0.0048655 secs]
176.379: Total time for which application threads were stopped: 0.0050357 seconds, Stopping threads took: 0.0000207 seconds
176.445: [GC (Allocation Failure)  924367K->605799K(1033728K), 0.0049532 secs]
176.450: Total time for which application threads were stopped: 0.0051352 seconds, Stopping threads took: 0.0000287 seconds
176.516: [GC (Allocation Failure)  925287K->612873K(1033728K), 0.0050403 secs]
176.521: Total time for which application threads were stopped: 0.0052161 seconds, Stopping threads took: 0.0000267 seconds
176.589: [GC (Allocation Failure)  932361K->612873K(1033728K), 0.0047046 secs]
176.593: Total time for which application threads were stopped: 0.0049018 seconds, Stopping threads took: 0.0000213 seconds
176.660: [GC (Allocation Failure)  932361K->613033K(1033728K), 0.0050381 secs]
176.665: Total time for which application threads were stopped: 0.0051890 seconds, Stopping threads took: 0.0000176 seconds
176.734: [GC (Allocation Failure)  932521K->620939K(1032704K), 0.0049807 secs]
176.739: Total time for which application threads were stopped: 0.0051509 seconds, Stopping threads took: 0.0000206 seconds
176.806: [GC (Allocation Failure)  939403K->620907K(1033216K), 0.0047920 secs]
176.811: Total time for which application threads were stopped: 0.0049587 seconds, Stopping threads took: 0.0000195 seconds
176.876: [GC (Allocation Failure)  939371K->621259K(1033216K), 0.0051671 secs]
176.881: Total time for which application threads were stopped: 0.0053401 seconds, Stopping threads took: 0.0000194 seconds
176.950: [GC (Allocation Failure)  939723K->628942K(1033216K), 0.0049521 secs]
176.955: Total time for which application threads were stopped: 0.0050936 seconds, Stopping threads took: 0.0000180 seconds
177.021: [GC (Allocation Failure)  947406K->628974K(1033216K), 0.0049539 secs]
177.026: Total time for which application threads were stopped: 0.0051256 seconds, Stopping threads took: 0.0000207 seconds
177.090: [GC (Allocation Failure)  947438K->629478K(1033216K), 0.0050584 secs]
177.096: Total time for which application threads were stopped: 0.0052299 seconds, Stopping threads took: 0.0000202 seconds
177.163: [GC (Allocation Failure)  947942K->636968K(1033216K), 0.0050106 secs]
177.168: Total time for which application threads were stopped: 0.0051834 seconds, Stopping threads took: 0.0000201 seconds
177.235: [GC (Allocation Failure)  955432K->636968K(1033216K), 0.0049103 secs]
177.240: Total time for which application threads were stopped: 0.0050906 seconds, Stopping threads took: 0.0000203 seconds
177.304: [GC (Allocation Failure)  955432K->637224K(1033216K), 0.0050035 secs]
177.309: Total time for which application threads were stopped: 0.0051758 seconds, Stopping threads took: 0.0000206 seconds
177.378: [GC (Allocation Failure)  955688K->645002K(1033216K), 0.0050931 secs]
177.383: Total time for which application threads were stopped: 0.0052670 seconds, Stopping threads took: 0.0000209 seconds
177.451: [GC (Allocation Failure)  963466K->645034K(1033216K), 0.0049564 secs]
177.456: Total time for which application threads were stopped: 0.0051397 seconds, Stopping threads took: 0.0000278 seconds
177.524: [GC (Allocation Failure)  963498K->645066K(1033216K), 0.0050648 secs]
177.529: Total time for which application threads were stopped: 0.0052290 seconds, Stopping threads took: 0.0000199 seconds
177.597: [GC (Allocation Failure)  963530K->653036K(1033216K), 0.0049449 secs]
177.602: Total time for which application threads were stopped: 0.0051110 seconds, Stopping threads took: 0.0000206 seconds
177.667: [GC (Allocation Failure)  971500K->653036K(1033216K), 0.0050853 secs]
177.672: Total time for which application threads were stopped: 0.0052564 seconds, Stopping threads took: 0.0000206 seconds
177.738: [GC (Allocation Failure)  971500K->653196K(1033216K), 0.0053060 secs]
177.743: Total time for which application threads were stopped: 0.0054790 seconds, Stopping threads took: 0.0000210 seconds
177.812: [GC (Allocation Failure)  971660K->661071K(1033216K), 0.0051048 secs]
177.817: Total time for which application threads were stopped: 0.0053024 seconds, Stopping threads took: 0.0000206 seconds
177.884: [GC (Allocation Failure)  979535K->661071K(1033216K), 0.0048675 secs]
177.889: Total time for which application threads were stopped: 0.0050510 seconds, Stopping threads took: 0.0000257 seconds
177.956: [GC (Allocation Failure)  979535K->661383K(1033216K), 0.0051334 secs]
177.961: Total time for which application threads were stopped: 0.0053341 seconds, Stopping threads took: 0.0000280 seconds
178.029: [GC (Allocation Failure)  979847K->669097K(1033216K), 0.0049260 secs]
178.034: Total time for which application threads were stopped: 0.0051100 seconds, Stopping threads took: 0.0000170 seconds
178.102: [GC (Allocation Failure)  987561K->669097K(1033216K), 0.0049996 secs]
178.107: Total time for which application threads were stopped: 0.0051770 seconds, Stopping threads took: 0.0000199 seconds
178.172: [GC (Allocation Failure)  987561K->669641K(1033216K), 0.0051610 secs]
178.177: Total time for which application threads were stopped: 0.0053481 seconds, Stopping threads took: 0.0000203 seconds
178.246: [GC (Allocation Failure)  988105K->677131K(1033216K), 0.0049704 secs]
178.251: Total time for which application threads were stopped: 0.0051652 seconds, Stopping threads took: 0.0000207 seconds
178.318: [GC (Allocation Failure)  995595K->677131K(1033216K), 0.0050006 secs]
178.323: Total time for which application threads were stopped: 0.0051621 seconds, Stopping threads took: 0.0000202 seconds
178.392: [GC (Allocation Failure)  995595K->677347K(1033216K), 0.0055115 secs]
178.398: Total time for which application threads were stopped: 0.0057037 seconds, Stopping threads took: 0.0000206 seconds
178.465: [GC (Allocation Failure)  995811K->685190K(1033216K), 0.0051645 secs]
178.470: Total time for which application threads were stopped: 0.0053339 seconds, Stopping threads took: 0.0000198 seconds
178.535: [GC (Allocation Failure)  1003654K->677443K(1033216K), 0.0019919 secs]
178.537: Total time for which application threads were stopped: 0.0021246 seconds, Stopping threads took: 0.0000196 seconds
178.605: [GC (Allocation Failure)  995907K->685318K(1033216K), 0.0048603 secs]
178.610: Total time for which application threads were stopped: 0.0050292 seconds, Stopping threads took: 0.0000199 seconds
178.677: [GC (Allocation Failure)  1003782K->689310K(1033216K), 0.0061582 secs]
178.683: Total time for which application threads were stopped: 0.0063166 seconds, Stopping threads took: 0.0000200 seconds
178.748: [GC (Allocation Failure)  1007774K->690043K(1032192K), 0.0055548 secs]
178.754: Total time for which application threads were stopped: 0.0057351 seconds, Stopping threads took: 0.0000199 seconds
178.821: [GC (Allocation Failure)  1007483K->689406K(1032704K), 0.0050674 secs]
178.826: Total time for which application threads were stopped: 0.0052398 seconds, Stopping threads took: 0.0000208 seconds
178.894: [GC (Allocation Failure)  1006846K->689310K(1033216K), 0.0051284 secs]
178.899: Total time for which application threads were stopped: 0.0052980 seconds, Stopping threads took: 0.0000206 seconds
178.964: [GC (Allocation Failure)  1007774K->692094K(1033216K), 0.0057062 secs]
178.970: [Full GC (Ergonomics)  692094K->11259K(1033216K), 0.0172984 secs]
178.987: Total time for which application threads were stopped: 0.0233049 seconds, Stopping threads took: 0.0000198 seconds
179.055: [GC (Allocation Failure)  329723K->20701K(1033216K), 0.0040317 secs]
179.060: Total time for which application threads were stopped: 0.0042007 seconds, Stopping threads took: 0.0000197 seconds
179.127: [GC (Allocation Failure)  339165K->20725K(1033216K), 0.0040807 secs]
179.131: Total time for which application threads were stopped: 0.0042521 seconds, Stopping threads took: 0.0000200 seconds
179.196: [GC (Allocation Failure)  339189K->23701K(1033728K), 0.0046291 secs]
179.201: Total time for which application threads were stopped: 0.0048068 seconds, Stopping threads took: 0.0000206 seconds
179.268: [GC (Allocation Failure)  342677K->28727K(1033216K), 0.0037754 secs]
179.272: Total time for which application threads were stopped: 0.0039570 seconds, Stopping threads took: 0.0000202 seconds
179.340: [GC (Allocation Failure)  347703K->28727K(1033728K), 0.0037866 secs]
179.344: Total time for which application threads were stopped: 0.0039602 seconds, Stopping threads took: 0.0000205 seconds
179.411: [GC (Allocation Failure)  348215K->29839K(1033728K), 0.0037796 secs]
179.414: Total time for which application threads were stopped: 0.0039429 seconds, Stopping threads took: 0.0000267 seconds
179.483: [GC (Allocation Failure)  349327K->36786K(1033728K), 0.0037171 secs]
179.487: Total time for which application threads were stopped: 0.0038843 seconds, Stopping threads took: 0.0000201 seconds
179.554: [GC (Allocation Failure)  356274K->36786K(1033728K), 0.0038361 secs]
179.558: Total time for which application threads were stopped: 0.0040296 seconds, Stopping threads took: 0.0000205 seconds
179.625: [GC (Allocation Failure)  356274K->37066K(1033728K), 0.0041598 secs]
179.629: Total time for which application threads were stopped: 0.0043093 seconds, Stopping threads took: 0.0000183 seconds
179.697: [GC (Allocation Failure)  356554K->44876K(1033728K), 0.0038148 secs]
179.701: Total time for which application threads were stopped: 0.0040023 seconds, Stopping threads took: 0.0000201 seconds
179.767: [GC (Allocation Failure)  364364K->44812K(1033728K), 0.0037619 secs]
179.771: Total time for which application threads were stopped: 0.0039357 seconds, Stopping threads took: 0.0000206 seconds
179.837: [GC (Allocation Failure)  364300K->48388K(1033728K), 0.0048529 secs]
179.842: Total time for which application threads were stopped: 0.0050528 seconds, Stopping threads took: 0.0000209 seconds
179.912: [GC (Allocation Failure)  367876K->52838K(1034240K), 0.0064388 secs]
179.918: Total time for which application threads were stopped: 0.0065969 seconds, Stopping threads took: 0.0000258 seconds
179.986: [GC (Allocation Failure)  373350K->52806K(1034240K), 0.0040597 secs]
179.990: Total time for which application threads were stopped: 0.0042290 seconds, Stopping threads took: 0.0000201 seconds
180.058: [GC (Allocation Failure)  373318K->53534K(1034240K), 0.0041153 secs]
180.062: Total time for which application threads were stopped: 0.0043199 seconds, Stopping threads took: 0.0000205 seconds
180.131: [GC (Allocation Failure)  374046K->60833K(1034240K), 0.0036134 secs]
180.135: Total time for which application threads were stopped: 0.0037714 seconds, Stopping threads took: 0.0000176 seconds
180.203: [GC (Allocation Failure)  381345K->60833K(1034240K), 0.0040322 secs]
180.207: Total time for which application threads were stopped: 0.0042101 seconds, Stopping threads took: 0.0000202 seconds
180.274: [GC (Allocation Failure)  381345K->63809K(1034240K), 0.0045885 secs]
180.279: Total time for which application threads were stopped: 0.0047546 seconds, Stopping threads took: 0.0000206 seconds
180.347: [GC (Allocation Failure)  384321K->68867K(1034240K), 0.0036356 secs]
180.351: Total time for which application threads were stopped: 0.0038029 seconds, Stopping threads took: 0.0000211 seconds
180.420: [GC (Allocation Failure)  389379K->68899K(1034240K), 0.0040727 secs]
180.424: Total time for which application threads were stopped: 0.0042409 seconds, Stopping threads took: 0.0000260 seconds
180.490: [GC (Allocation Failure)  389411K->69947K(1034240K), 0.0042616 secs]
180.494: Total time for which application threads were stopped: 0.0044342 seconds, Stopping threads took: 0.0000190 seconds
180.561: [GC (Allocation Failure)  390459K->77021K(1034240K), 0.0038838 secs]
180.565: Total time for which application threads were stopped: 0.0040481 seconds, Stopping threads took: 0.0000172 seconds
180.633: [GC (Allocation Failure)  397533K->76893K(1034240K), 0.0039961 secs]
180.637: Total time for which application threads were stopped: 0.0041691 seconds, Stopping threads took: 0.0000206 seconds
180.704: [GC (Allocation Failure)  397405K->77149K(1034240K), 0.0040115 secs]
180.708: Total time for which application threads were stopped: 0.0041792 seconds, Stopping threads took: 0.0000215 seconds
180.778: [GC (Allocation Failure)  397661K->84991K(1034240K), 0.0040456 secs]
180.782: Total time for which application threads were stopped: 0.0042240 seconds, Stopping threads took: 0.0000205 seconds
180.849: [GC (Allocation Failure)  405503K->84959K(1034240K), 0.0039405 secs]
180.853: Total time for which application threads were stopped: 0.0041032 seconds, Stopping threads took: 0.0000202 seconds
180.919: [GC (Allocation Failure)  405471K->86439K(1034240K), 0.0040373 secs]
180.923: Total time for which application threads were stopped: 0.0042077 seconds, Stopping threads took: 0.0000270 seconds
180.992: [GC (Allocation Failure)  406951K->93034K(1034240K), 0.0040597 secs]
180.996: Total time for which application threads were stopped: 0.0042523 seconds, Stopping threads took: 0.0000200 seconds
181.065: [GC (Allocation Failure)  413546K->93002K(1034240K), 0.0040019 secs]
181.069: Total time for which application threads were stopped: 0.0041589 seconds, Stopping threads took: 0.0000194 seconds
181.136: [GC (Allocation Failure)  413514K->93130K(1020416K), 0.0040820 secs]
181.140: Total time for which application threads were stopped: 0.0042462 seconds, Stopping threads took: 0.0000198 seconds
181.208: [GC (Allocation Failure)  413642K->101004K(1033728K), 0.0039653 secs]
181.212: Total time for which application threads were stopped: 0.0041582 seconds, Stopping threads took: 0.0000191 seconds
181.279: [GC (Allocation Failure)  420492K->101036K(1033728K), 0.0040380 secs]
181.283: Total time for which application threads were stopped: 0.0042078 seconds, Stopping threads took: 0.0000202 seconds
181.348: [GC (Allocation Failure)  420524K->101068K(1033728K), 0.0041785 secs]
181.352: Total time for which application threads were stopped: 0.0043613 seconds, Stopping threads took: 0.0000203 seconds
181.422: [GC (Allocation Failure)  420556K->109070K(1033728K), 0.0040208 secs]
181.426: Total time for which application threads were stopped: 0.0042206 seconds, Stopping threads took: 0.0000273 seconds
181.493: [GC (Allocation Failure)  428558K->109070K(1033728K), 0.0040762 secs]
181.498: Total time for which application threads were stopped: 0.0042609 seconds, Stopping threads took: 0.0000261 seconds
181.563: [GC (Allocation Failure)  428558K->110086K(1033728K), 0.0040913 secs]
181.567: Total time for which application threads were stopped: 0.0042652 seconds, Stopping threads took: 0.0000209 seconds
181.635: [GC (Allocation Failure)  429574K->117064K(1033728K), 0.0040668 secs]
181.639: Total time for which application threads were stopped: 0.0042389 seconds, Stopping threads took: 0.0000205 seconds
181.707: [GC (Allocation Failure)  436552K->117064K(1033728K), 0.0043856 secs]
181.711: Total time for which application threads were stopped: 0.0045613 seconds, Stopping threads took: 0.0000214 seconds
181.777: [GC (Allocation Failure)  436552K->117320K(1033728K), 0.0041842 secs]
181.781: Total time for which application threads were stopped: 0.0043693 seconds, Stopping threads took: 0.0000205 seconds
181.849: [GC (Allocation Failure)  436808K->125131K(1033728K), 0.0041808 secs]
181.853: Total time for which application threads were stopped: 0.0043422 seconds, Stopping threads took: 0.0000205 seconds
181.921: [GC (Allocation Failure)  444619K->125067K(1033728K), 0.0098437 secs]
181.931: Total time for which application threads were stopped: 0.0100078 seconds, Stopping threads took: 0.0000280 seconds
181.997: [GC (Allocation Failure)  444555K->126563K(1033728K), 0.0043295 secs]
182.002: Total time for which application threads were stopped: 0.0045228 seconds, Stopping threads took: 0.0000206 seconds
182.071: [GC (Allocation Failure)  446051K->133157K(1033728K), 0.0040173 secs]
182.075: Total time for which application threads were stopped: 0.0041971 seconds, Stopping threads took: 0.0000283 seconds
182.144: [GC (Allocation Failure)  452645K->133093K(1033728K), 0.0041190 secs]
182.148: Total time for which application threads were stopped: 0.0042797 seconds, Stopping threads took: 0.0000203 seconds
182.215: [GC (Allocation Failure)  452581K->133765K(1033728K), 0.0043036 secs]
182.219: Total time for which application threads were stopped: 0.0044956 seconds, Stopping threads took: 0.0000203 seconds
182.288: [GC (Allocation Failure)  453253K->141191K(1033728K), 0.0041951 secs]
182.292: Total time for which application threads were stopped: 0.0043468 seconds, Stopping threads took: 0.0000180 seconds
182.360: [GC (Allocation Failure)  460679K->141159K(1033728K), 0.0039568 secs]
182.364: Total time for which application threads were stopped: 0.0041297 seconds, Stopping threads took: 0.0000180 seconds
182.430: [GC (Allocation Failure)  460647K->141991K(1033728K), 0.0041106 secs]
182.435: Total time for which application threads were stopped: 0.0042904 seconds, Stopping threads took: 0.0000294 seconds
182.502: [GC (Allocation Failure)  461479K->149225K(1033728K), 0.0040523 secs]
182.506: Total time for which application threads were stopped: 0.0042245 seconds, Stopping threads took: 0.0000208 seconds
182.574: [GC (Allocation Failure)  468713K->149161K(1033728K), 0.0041484 secs]
182.578: Total time for which application threads were stopped: 0.0043204 seconds, Stopping threads took: 0.0000210 seconds
182.643: [GC (Allocation Failure)  468649K->150249K(1033728K), 0.0042966 secs]
182.648: Total time for which application threads were stopped: 0.0044620 seconds, Stopping threads took: 0.0000209 seconds
182.714: [GC (Allocation Failure)  469737K->157292K(1033728K), 0.0041399 secs]
182.718: Total time for which application threads were stopped: 0.0043061 seconds, Stopping threads took: 0.0000212 seconds
182.786: [GC (Allocation Failure)  476780K->157228K(1033728K), 0.0064348 secs]
182.792: Total time for which application threads were stopped: 0.0066302 seconds, Stopping threads took: 0.0000211 seconds
182.859: [GC (Allocation Failure)  476716K->157452K(1033728K), 0.0042460 secs]
182.863: Total time for which application threads were stopped: 0.0043974 seconds, Stopping threads took: 0.0000182 seconds
182.929: [GC (Allocation Failure)  476940K->165262K(1032704K), 0.0044685 secs]
182.934: Total time for which application threads were stopped: 0.0046436 seconds, Stopping threads took: 0.0000256 seconds
183.003: [GC (Allocation Failure)  483726K->165262K(1033216K), 0.0040860 secs]
183.007: Total time for which application threads were stopped: 0.0042445 seconds, Stopping threads took: 0.0000194 seconds
183.072: [GC (Allocation Failure)  483726K->165678K(1032704K), 0.0048573 secs]
183.076: Total time for which application threads were stopped: 0.0050287 seconds, Stopping threads took: 0.0000203 seconds
183.144: [GC (Allocation Failure)  484142K->173328K(1033216K), 0.0040999 secs]
183.149: Total time for which application threads were stopped: 0.0042947 seconds, Stopping threads took: 0.0000200 seconds
183.216: [GC (Allocation Failure)  491792K->173328K(1033216K), 0.0040788 secs]
183.220: Total time for which application threads were stopped: 0.0042371 seconds, Stopping threads took: 0.0000195 seconds
183.285: [GC (Allocation Failure)  491792K->173904K(1033216K), 0.0043076 secs]
183.289: Total time for which application threads were stopped: 0.0044761 seconds, Stopping threads took: 0.0000195 seconds
183.356: [GC (Allocation Failure)  492368K->181331K(1033216K), 0.0041724 secs]
183.360: Total time for which application threads were stopped: 0.0044789 seconds, Stopping threads took: 0.0000203 seconds
183.428: [GC (Allocation Failure)  499795K->181331K(1033216K), 0.0040875 secs]
183.432: Total time for which application threads were stopped: 0.0042963 seconds, Stopping threads took: 0.0000263 seconds
183.498: [GC (Allocation Failure)  499795K->181395K(1033216K), 0.0065454 secs]
183.505: Total time for which application threads were stopped: 0.0067269 seconds, Stopping threads took: 0.0000202 seconds
183.574: [GC (Allocation Failure)  499859K->189365K(1033216K), 0.0042350 secs]
183.578: Total time for which application threads were stopped: 0.0044097 seconds, Stopping threads took: 0.0000214 seconds
183.643: [GC (Allocation Failure)  507829K->189365K(1033216K), 0.0040960 secs]
183.648: Total time for which application threads were stopped: 0.0042733 seconds, Stopping threads took: 0.0000212 seconds
183.715: [GC (Allocation Failure)  507829K->189421K(1033216K), 0.0043341 secs]
183.720: Total time for which application threads were stopped: 0.0045240 seconds, Stopping threads took: 0.0000197 seconds
183.788: [GC (Allocation Failure)  507885K->197423K(1033216K), 0.0041200 secs]
183.792: Total time for which application threads were stopped: 0.0042839 seconds, Stopping threads took: 0.0000199 seconds
183.857: [GC (Allocation Failure)  515887K->197359K(1033216K), 0.0042141 secs]
183.861: Total time for which application threads were stopped: 0.0043836 seconds, Stopping threads took: 0.0000207 seconds
183.926: [GC (Allocation Failure)  515823K->197543K(1033216K), 0.0050488 secs]
183.931: Total time for which application threads were stopped: 0.0052264 seconds, Stopping threads took: 0.0000237 seconds
183.999: [GC (Allocation Failure)  516007K->205417K(1033216K), 0.0040301 secs]
184.003: Total time for which application threads were stopped: 0.0041895 seconds, Stopping threads took: 0.0000195 seconds
184.068: [GC (Allocation Failure)  523881K->205449K(1033216K), 0.0043832 secs]
184.073: Total time for which application threads were stopped: 0.0045456 seconds, Stopping threads took: 0.0000199 seconds
184.137: [GC (Allocation Failure)  523913K->205833K(1033216K), 0.0041767 secs]
184.142: Total time for which application threads were stopped: 0.0043456 seconds, Stopping threads took: 0.0000206 seconds
184.208: [GC (Allocation Failure)  524297K->213484K(1033216K), 0.0042050 secs]
184.213: Total time for which application threads were stopped: 0.0043751 seconds, Stopping threads took: 0.0000200 seconds
184.280: [GC (Allocation Failure)  531948K->213484K(1033216K), 0.0042619 secs]
184.284: Total time for which application threads were stopped: 0.0044323 seconds, Stopping threads took: 0.0000203 seconds
184.349: [GC (Allocation Failure)  531948K->213516K(1033216K), 0.0044524 secs]
184.353: Total time for which application threads were stopped: 0.0046231 seconds, Stopping threads took: 0.0000206 seconds
184.420: [GC (Allocation Failure)  531980K->221518K(1033216K), 0.0041388 secs]
184.425: Total time for which application threads were stopped: 0.0043425 seconds, Stopping threads took: 0.0000284 seconds
184.492: [GC (Allocation Failure)  539982K->221486K(1033216K), 0.0039299 secs]
184.496: Total time for which application threads were stopped: 0.0041368 seconds, Stopping threads took: 0.0000171 seconds
184.564: [GC (Allocation Failure)  539950K->221806K(1033216K), 0.0045346 secs]
184.569: Total time for which application threads were stopped: 0.0046843 seconds, Stopping threads took: 0.0000170 seconds
184.637: [GC (Allocation Failure)  540270K->229520K(1033216K), 0.0042715 secs]
184.641: Total time for which application threads were stopped: 0.0044335 seconds, Stopping threads took: 0.0000203 seconds
184.706: [GC (Allocation Failure)  547984K->221902K(1033216K), 0.0011653 secs]
184.707: Total time for which application threads were stopped: 0.0012860 seconds, Stopping threads took: 0.0000194 seconds
184.778: [GC (Allocation Failure)  540366K->229736K(1033216K), 0.0045023 secs]
184.782: Total time for which application threads were stopped: 0.0046821 seconds, Stopping threads took: 0.0000223 seconds
184.851: [GC (Allocation Failure)  548200K->233696K(1033216K), 0.0056403 secs]
184.857: Total time for which application threads were stopped: 0.0058113 seconds, Stopping threads took: 0.0000203 seconds
184.922: [GC (Allocation Failure)  552160K->234430K(1032192K), 0.0088672 secs]
184.931: Total time for which application threads were stopped: 0.0090307 seconds, Stopping threads took: 0.0000252 seconds
184.997: [GC (Allocation Failure)  551870K->233824K(1032704K), 0.0041086 secs]
185.002: Total time for which application threads were stopped: 0.0043144 seconds, Stopping threads took: 0.0000193 seconds
185.069: [GC (Allocation Failure)  551264K->233664K(1033216K), 0.0043226 secs]
185.073: Total time for which application threads were stopped: 0.0044911 seconds, Stopping threads took: 0.0000195 seconds
185.139: [GC (Allocation Failure)  551616K->236008K(1032704K), 0.0047432 secs]
185.144: Total time for which application threads were stopped: 0.0049126 seconds, Stopping threads took: 0.0000200 seconds
185.210: [GC (Allocation Failure)  553960K->241770K(1033216K), 0.0041448 secs]
185.215: Total time for which application threads were stopped: 0.0043330 seconds, Stopping threads took: 0.0000293 seconds
185.282: [GC (Allocation Failure)  560234K->241706K(1033216K), 0.0042457 secs]
185.286: Total time for which application threads were stopped: 0.0044495 seconds, Stopping threads took: 0.0000193 seconds
185.353: [GC (Allocation Failure)  560170K->243714K(1033728K), 0.0047594 secs]
185.358: Total time for which application threads were stopped: 0.0049189 seconds, Stopping threads took: 0.0000166 seconds
185.427: [GC (Allocation Failure)  563202K->249765K(1033728K), 0.0042358 secs]
185.431: Total time for which application threads were stopped: 0.0044127 seconds, Stopping threads took: 0.0000274 seconds
185.499: [GC (Allocation Failure)  569253K->249733K(1033728K), 0.0041568 secs]
185.504: Total time for which application threads were stopped: 0.0043407 seconds, Stopping threads took: 0.0000263 seconds
185.569: [GC (Allocation Failure)  569221K->250941K(1033728K), 0.0045195 secs]
185.573: Total time for which application threads were stopped: 0.0046777 seconds, Stopping threads took: 0.0000208 seconds
185.642: [GC (Allocation Failure)  570429K->257791K(1033728K), 0.0041402 secs]
185.647: Total time for which application threads were stopped: 0.0043313 seconds, Stopping threads took: 0.0000204 seconds
185.715: [GC (Allocation Failure)  577279K->257759K(1033728K), 0.0044148 secs]
185.719: Total time for which application threads were stopped: 0.0045666 seconds, Stopping threads took: 0.0000178 seconds
185.784: [GC (Allocation Failure)  577247K->258183K(1033728K), 0.0044618 secs]
185.788: Total time for which application threads were stopped: 0.0046409 seconds, Stopping threads took: 0.0000200 seconds
185.858: [GC (Allocation Failure)  577671K->265833K(1033728K), 0.0042309 secs]
185.862: Total time for which application threads were stopped: 0.0043950 seconds, Stopping threads took: 0.0000207 seconds
185.931: [GC (Allocation Failure)  585321K->265801K(1033728K), 0.0054864 secs]
185.937: Total time for which application threads were stopped: 0.0056797 seconds, Stopping threads took: 0.0000271 seconds
186.002: [GC (Allocation Failure)  585289K->269449K(1033728K), 0.0052877 secs]
186.007: Total time for which application threads were stopped: 0.0054667 seconds, Stopping threads took: 0.0000288 seconds
186.075: [GC (Allocation Failure)  588937K->273995K(1034240K), 0.0042718 secs]
186.079: Total time for which application threads were stopped: 0.0044331 seconds, Stopping threads took: 0.0000203 seconds
186.146: [GC (Allocation Failure)  594507K->273803K(1034240K), 0.0043072 secs]
186.150: Total time for which application threads were stopped: 0.0044706 seconds, Stopping threads took: 0.0000194 seconds
186.217: [GC (Allocation Failure)  594315K->274635K(1034240K), 0.0046629 secs]
186.222: Total time for which application threads were stopped: 0.0048323 seconds, Stopping threads took: 0.0000195 seconds
186.290: [GC (Allocation Failure)  595147K->281934K(1034240K), 0.0042005 secs]
186.294: Total time for which application threads were stopped: 0.0043639 seconds, Stopping threads took: 0.0000204 seconds
186.364: [GC (Allocation Failure)  602446K->281870K(1034240K), 0.0041519 secs]
186.368: Total time for which application threads were stopped: 0.0043445 seconds, Stopping threads took: 0.0000196 seconds
186.437: [GC (Allocation Failure)  602382K->284902K(1034240K), 0.0049921 secs]
186.442: Total time for which application threads were stopped: 0.0051848 seconds, Stopping threads took: 0.0000196 seconds
186.511: [GC (Allocation Failure)  605414K->289928K(1034240K), 0.0043890 secs]
186.516: Total time for which application threads were stopped: 0.0045494 seconds, Stopping threads took: 0.0000201 seconds
186.583: [GC (Allocation Failure)  610440K->289896K(1034240K), 0.0043102 secs]
186.588: Total time for which application threads were stopped: 0.0044893 seconds, Stopping threads took: 0.0000197 seconds
186.654: [GC (Allocation Failure)  610408K->291080K(1034240K), 0.0044968 secs]
186.659: Total time for which application threads were stopped: 0.0046916 seconds, Stopping threads took: 0.0000193 seconds
186.729: [GC (Allocation Failure)  611592K->297994K(1034240K), 0.0043446 secs]
186.733: Total time for which application threads were stopped: 0.0044952 seconds, Stopping threads took: 0.0000178 seconds
186.801: [GC (Allocation Failure)  618506K->297930K(1034240K), 0.0044723 secs]
186.805: Total time for which application threads were stopped: 0.0046368 seconds, Stopping threads took: 0.0000213 seconds
186.873: [GC (Allocation Failure)  618442K->298282K(1034240K), 0.0045895 secs]
186.877: Total time for which application threads were stopped: 0.0047536 seconds, Stopping threads took: 0.0000201 seconds
186.947: [GC (Allocation Failure)  618794K->305996K(1034240K), 0.0041932 secs]
186.951: Total time for which application threads were stopped: 0.0043859 seconds, Stopping threads took: 0.0000255 seconds
187.019: [GC (Allocation Failure)  626508K->305964K(1034240K), 0.0041267 secs]
187.023: Total time for which application threads were stopped: 0.0043076 seconds, Stopping threads took: 0.0000203 seconds
187.090: [GC (Allocation Failure)  626476K->307556K(1034240K), 0.0058622 secs]
187.096: Total time for which application threads were stopped: 0.0060322 seconds, Stopping threads took: 0.0000193 seconds
187.165: [GC (Allocation Failure)  628068K->314119K(1034240K), 0.0042015 secs]
187.170: Total time for which application threads were stopped: 0.0043594 seconds, Stopping threads took: 0.0000192 seconds
187.238: [GC (Allocation Failure)  634631K->313959K(1034240K), 0.0041355 secs]
187.242: Total time for which application threads were stopped: 0.0043278 seconds, Stopping threads took: 0.0000197 seconds
187.311: [GC (Allocation Failure)  634471K->314247K(1020416K), 0.0044545 secs]
187.315: Total time for which application threads were stopped: 0.0046332 seconds, Stopping threads took: 0.0000186 seconds
187.385: [GC (Allocation Failure)  634759K->322089K(1033728K), 0.0044064 secs]
187.389: Total time for which application threads were stopped: 0.0045699 seconds, Stopping threads took: 0.0000206 seconds
187.455: [GC (Allocation Failure)  641577K->322025K(1033728K), 0.0044450 secs]
187.459: Total time for which application threads were stopped: 0.0046115 seconds, Stopping threads took: 0.0000212 seconds
187.524: [GC (Allocation Failure)  641513K->322185K(1033728K), 0.0045378 secs]
187.529: Total time for which application threads were stopped: 0.0046952 seconds, Stopping threads took: 0.0000199 seconds
187.598: [GC (Allocation Failure)  641673K->330155K(1033728K), 0.0043887 secs]
187.603: Total time for which application threads were stopped: 0.0045515 seconds, Stopping threads took: 0.0000230 seconds
187.671: [GC (Allocation Failure)  649643K->330059K(1033728K), 0.0042254 secs]
187.675: Total time for which application threads were stopped: 0.0043835 seconds, Stopping threads took: 0.0000201 seconds
187.744: [GC (Allocation Failure)  649547K->330115K(1033728K), 0.0046047 secs]
187.749: Total time for which application threads were stopped: 0.0047714 seconds, Stopping threads took: 0.0000198 seconds
187.817: [GC (Allocation Failure)  649603K->338086K(1033728K), 0.0043673 secs]
187.821: Total time for which application threads were stopped: 0.0045626 seconds, Stopping threads took: 0.0000208 seconds
187.889: [GC (Allocation Failure)  657574K->338086K(1033728K), 0.0046599 secs]
187.894: Total time for which application threads were stopped: 0.0048290 seconds, Stopping threads took: 0.0000196 seconds
187.962: [GC (Allocation Failure)  657574K->338374K(1032704K), 0.0045999 secs]
187.966: Total time for which application threads were stopped: 0.0047950 seconds, Stopping threads took: 0.0000203 seconds
188.035: [GC (Allocation Failure)  656838K->346152K(1033216K), 0.0044194 secs]
188.040: Total time for which application threads were stopped: 0.0045703 seconds, Stopping threads took: 0.0000175 seconds
188.107: [GC (Allocation Failure)  664616K->346152K(1033216K), 0.0043357 secs]
188.111: Total time for which application threads were stopped: 0.0045186 seconds, Stopping threads took: 0.0000195 seconds
188.176: [GC (Allocation Failure)  664616K->346632K(1033216K), 0.0044998 secs]
188.181: Total time for which application threads were stopped: 0.0046660 seconds, Stopping threads took: 0.0000217 seconds
188.248: [GC (Allocation Failure)  665096K->354154K(1033216K), 0.0043114 secs]
188.252: Total time for which application threads were stopped: 0.0045201 seconds, Stopping threads took: 0.0000301 seconds
188.321: [GC (Allocation Failure)  672618K->354186K(1033216K), 0.0044367 secs]
188.326: Total time for which application threads were stopped: 0.0046198 seconds, Stopping threads took: 0.0000177 seconds
188.393: [GC (Allocation Failure)  672650K->354858K(1033216K), 0.0047582 secs]
188.398: Total time for which application threads were stopped: 0.0049200 seconds, Stopping threads took: 0.0000201 seconds
188.465: [GC (Allocation Failure)  673322K->362188K(1033216K), 0.0046274 secs]
188.470: Total time for which application threads were stopped: 0.0048036 seconds, Stopping threads took: 0.0000194 seconds
188.537: [GC (Allocation Failure)  680652K->362188K(1033216K), 0.0045363 secs]
188.542: Total time for which application threads were stopped: 0.0047078 seconds, Stopping threads took: 0.0000196 seconds
188.610: [GC (Allocation Failure)  680652K->363084K(1033216K), 0.0048270 secs]
188.615: Total time for which application threads were stopped: 0.0049780 seconds, Stopping threads took: 0.0000174 seconds
188.683: [GC (Allocation Failure)  681548K->370223K(1033216K), 0.0042794 secs]
188.687: Total time for which application threads were stopped: 0.0044426 seconds, Stopping threads took: 0.0000207 seconds
188.753: [GC (Allocation Failure)  688687K->370223K(1033216K), 0.0046921 secs]
188.758: Total time for which application threads were stopped: 0.0048636 seconds, Stopping threads took: 0.0000194 seconds
188.823: [GC (Allocation Failure)  688687K->370287K(1033216K), 0.0046714 secs]
188.827: Total time for which application threads were stopped: 0.0048486 seconds, Stopping threads took: 0.0000188 seconds
188.895: [GC (Allocation Failure)  688751K->378289K(1033216K), 0.0045180 secs]
188.900: Total time for which application threads were stopped: 0.0046797 seconds, Stopping threads took: 0.0000195 seconds
188.967: [GC (Allocation Failure)  696753K->378225K(1033216K), 0.0044567 secs]
188.972: Total time for which application threads were stopped: 0.0046083 seconds, Stopping threads took: 0.0000179 seconds
189.038: [GC (Allocation Failure)  696689K->378505K(1033216K), 0.0046475 secs]
189.043: Total time for which application threads were stopped: 0.0048184 seconds, Stopping threads took: 0.0000196 seconds
189.110: [GC (Allocation Failure)  696969K->386347K(1033216K), 0.0045063 secs]
189.114: Total time for which application threads were stopped: 0.0046802 seconds, Stopping threads took: 0.0000211 seconds
189.181: [GC (Allocation Failure)  704811K->386283K(1033216K), 0.0043978 secs]
189.186: Total time for which application threads were stopped: 0.0045808 seconds, Stopping threads took: 0.0000203 seconds
189.250: [GC (Allocation Failure)  704747K->386763K(1033216K), 0.0047891 secs]
189.255: Total time for which application threads were stopped: 0.0049680 seconds, Stopping threads took: 0.0000200 seconds
189.322: [GC (Allocation Failure)  705227K->394317K(1033216K), 0.0051624 secs]
189.327: Total time for which application threads were stopped: 0.0053436 seconds, Stopping threads took: 0.0000257 seconds
189.392: [GC (Allocation Failure)  712781K->394317K(1033216K), 0.0047410 secs]
189.397: Total time for which application threads were stopped: 0.0049008 seconds, Stopping threads took: 0.0000205 seconds
189.466: [GC (Allocation Failure)  712781K->394477K(1033216K), 0.0046157 secs]
189.471: Total time for which application threads were stopped: 0.0047900 seconds, Stopping threads took: 0.0000279 seconds
189.538: [GC (Allocation Failure)  712941K->402384K(1033216K), 0.0047293 secs]
189.543: Total time for which application threads were stopped: 0.0049031 seconds, Stopping threads took: 0.0000200 seconds
189.610: [GC (Allocation Failure)  720848K->402352K(1033216K), 0.0045844 secs]
189.614: Total time for which application threads were stopped: 0.0047395 seconds, Stopping threads took: 0.0000194 seconds
189.681: [GC (Allocation Failure)  720816K->402408K(1033216K), 0.0061795 secs]
189.687: Total time for which application threads were stopped: 0.0063472 seconds, Stopping threads took: 0.0000196 seconds
189.755: [GC (Allocation Failure)  720872K->410378K(1033216K), 0.0046540 secs]
189.760: Total time for which application threads were stopped: 0.0048131 seconds, Stopping threads took: 0.0000201 seconds
189.825: [GC (Allocation Failure)  728842K->410378K(1033216K), 0.0045492 secs]
189.830: Total time for which application threads were stopped: 0.0047289 seconds, Stopping threads took: 0.0000198 seconds
189.896: [GC (Allocation Failure)  728842K->410434K(1033216K), 0.0046255 secs]
189.901: Total time for which application threads were stopped: 0.0047920 seconds, Stopping threads took: 0.0000197 seconds
189.971: [GC (Allocation Failure)  728898K->418404K(1033216K), 0.0046596 secs]
189.976: Total time for which application threads were stopped: 0.0048211 seconds, Stopping threads took: 0.0000200 seconds
190.043: [GC (Allocation Failure)  736868K->418404K(1033216K), 0.0044707 secs]
190.047: Total time for which application threads were stopped: 0.0046440 seconds, Stopping threads took: 0.0000195 seconds
190.113: [GC (Allocation Failure)  736868K->418652K(1033216K), 0.0049775 secs]
190.118: Total time for which application threads were stopped: 0.0051355 seconds, Stopping threads took: 0.0000195 seconds
190.185: [GC (Allocation Failure)  737116K->426462K(1033216K), 0.0044596 secs]
190.190: Total time for which application threads were stopped: 0.0046540 seconds, Stopping threads took: 0.0000197 seconds
190.257: [GC (Allocation Failure)  744926K->422492K(1033728K), 0.0034869 secs]
190.260: Total time for which application threads were stopped: 0.0036445 seconds, Stopping threads took: 0.0000180 seconds
190.327: [GC (Allocation Failure)  741468K->426590K(1033216K), 0.0049800 secs]
190.332: Total time for which application threads were stopped: 0.0051610 seconds, Stopping threads took: 0.0000204 seconds
190.398: [GC (Allocation Failure)  745566K->430590K(1034240K), 0.0044994 secs]
190.403: Total time for which application threads were stopped: 0.0046589 seconds, Stopping threads took: 0.0000201 seconds
190.471: [GC (Allocation Failure)  751102K->438084K(1034240K), 0.0080142 secs]
190.479: Total time for which application threads were stopped: 0.0081731 seconds, Stopping threads took: 0.0000193 seconds
190.547: [GC (Allocation Failure)  758596K->431878K(1029120K), 0.0045271 secs]
190.552: Total time for which application threads were stopped: 0.0046895 seconds, Stopping threads took: 0.0000170 seconds
190.618: [GC (Allocation Failure)  747270K->431814K(1031680K), 0.0046940 secs]
190.622: Total time for which application threads were stopped: 0.0048654 seconds, Stopping threads took: 0.0000201 seconds
190.687: [GC (Allocation Failure)  747206K->427268K(1032704K), 0.0026857 secs]
190.690: Total time for which application threads were stopped: 0.0028531 seconds, Stopping threads took: 0.0000216 seconds
190.757: [GC (Allocation Failure)  744196K->432070K(1032192K), 0.0043830 secs]
190.761: Total time for which application threads were stopped: 0.0045949 seconds, Stopping threads took: 0.0000207 seconds
190.830: [GC (Allocation Failure)  748998K->431814K(1033216K), 0.0045540 secs]
190.834: Total time for which application threads were stopped: 0.0047116 seconds, Stopping threads took: 0.0000171 seconds
190.901: [GC (Allocation Failure)  749766K->431942K(1032704K), 0.0047280 secs]
190.906: Total time for which application threads were stopped: 0.0049027 seconds, Stopping threads took: 0.0000202 seconds
190.975: [GC (Allocation Failure)  749894K->439913K(1033216K), 0.0045568 secs]
190.980: Total time for which application threads were stopped: 0.0047357 seconds, Stopping threads took: 0.0000198 seconds
191.047: [GC (Allocation Failure)  757865K->439881K(1032704K), 0.0045160 secs]
191.052: Total time for which application threads were stopped: 0.0047123 seconds, Stopping threads took: 0.0000199 seconds
191.120: [GC (Allocation Failure)  757833K->442761K(1033728K), 0.0050292 secs]
191.125: Total time for which application threads were stopped: 0.0052238 seconds, Stopping threads took: 0.0000177 seconds
191.194: [GC (Allocation Failure)  761737K->448011K(1033216K), 0.0047486 secs]
191.198: Total time for which application threads were stopped: 0.0049109 seconds, Stopping threads took: 0.0000199 seconds
191.265: [GC (Allocation Failure)  766987K->447883K(1033728K), 0.0044791 secs]
191.270: Total time for which application threads were stopped: 0.0046697 seconds, Stopping threads took: 0.0000290 seconds
191.337: [GC (Allocation Failure)  767371K->448931K(1033728K), 0.0049348 secs]
191.342: Total time for which application threads were stopped: 0.0051045 seconds, Stopping threads took: 0.0000226 seconds
191.409: [GC (Allocation Failure)  768419K->456005K(1033728K), 0.0045370 secs]
191.414: Total time for which application threads were stopped: 0.0047055 seconds, Stopping threads took: 0.0000201 seconds
191.481: [GC (Allocation Failure)  775493K->455909K(1033728K), 0.0046342 secs]
191.486: Total time for which application threads were stopped: 0.0047922 seconds, Stopping threads took: 0.0000191 seconds
191.552: [GC (Allocation Failure)  775397K->456101K(1033728K), 0.0052789 secs]
191.558: Total time for which application threads were stopped: 0.0054562 seconds, Stopping threads took: 0.0000197 seconds
191.625: [GC (Allocation Failure)  775589K->463976K(1033728K), 0.0046393 secs]
191.629: Total time for which application threads were stopped: 0.0048168 seconds, Stopping threads took: 0.0000197 seconds
191.695: [GC (Allocation Failure)  783464K->463912K(1033728K), 0.0054875 secs]
191.700: Total time for which application threads were stopped: 0.0056450 seconds, Stopping threads took: 0.0000202 seconds
191.765: [GC (Allocation Failure)  783400K->464360K(1033728K), 0.0046956 secs]
191.770: Total time for which application threads were stopped: 0.0048906 seconds, Stopping threads took: 0.0000201 seconds
191.839: [GC (Allocation Failure)  783848K->472010K(1033728K), 0.0046547 secs]
191.844: Total time for which application threads were stopped: 0.0048061 seconds, Stopping threads took: 0.0000183 seconds
191.911: [GC (Allocation Failure)  791498K->471978K(1033728K), 0.0046073 secs]
191.916: Total time for which application threads were stopped: 0.0047903 seconds, Stopping threads took: 0.0000268 seconds
191.983: [GC (Allocation Failure)  791466K->472618K(1033728K), 0.0048764 secs]
191.988: Total time for which application threads were stopped: 0.0050490 seconds, Stopping threads took: 0.0000200 seconds
192.054: [GC (Allocation Failure)  792106K->480012K(1033728K), 0.0047599 secs]
192.059: Total time for which application threads were stopped: 0.0049264 seconds, Stopping threads took: 0.0000217 seconds
192.126: [GC (Allocation Failure)  799500K->480012K(1033728K), 0.0046771 secs]
192.131: Total time for which application threads were stopped: 0.0048592 seconds, Stopping threads took: 0.0000294 seconds
192.196: [GC (Allocation Failure)  799500K->481892K(1033728K), 0.0052124 secs]
192.202: Total time for which application threads were stopped: 0.0054061 seconds, Stopping threads took: 0.0000206 seconds
192.270: [GC (Allocation Failure)  801380K->488102K(1033728K), 0.0047281 secs]
192.275: Total time for which application threads were stopped: 0.0048922 seconds, Stopping threads took: 0.0000209 seconds
192.342: [GC (Allocation Failure)  807590K->488038K(1033728K), 0.0046863 secs]
192.347: Total time for which application threads were stopped: 0.0048616 seconds, Stopping threads took: 0.0000199 seconds
192.411: [GC (Allocation Failure)  807526K->489102K(1033728K), 0.0049873 secs]
192.416: Total time for which application threads were stopped: 0.0051449 seconds, Stopping threads took: 0.0000201 seconds
192.484: [GC (Allocation Failure)  808590K->496145K(1033728K), 0.0048295 secs]
192.489: Total time for which application threads were stopped: 0.0049915 seconds, Stopping threads took: 0.0000204 seconds
192.556: [GC (Allocation Failure)  815633K->496081K(1033728K), 0.0048079 secs]
192.561: Total time for which application threads were stopped: 0.0049902 seconds, Stopping threads took: 0.0000211 seconds
192.628: [GC (Allocation Failure)  815569K->496297K(1033728K), 0.0048513 secs]
192.633: Total time for which application threads were stopped: 0.0050237 seconds, Stopping threads took: 0.0000211 seconds
192.701: [GC (Allocation Failure)  815785K->504139K(1033728K), 0.0046466 secs]
192.705: Total time for which application threads were stopped: 0.0048433 seconds, Stopping threads took: 0.0000209 seconds
192.774: [GC (Allocation Failure)  823627K->504139K(1033728K), 0.0048944 secs]
192.779: Total time for which application threads were stopped: 0.0050577 seconds, Stopping threads took: 0.0000202 seconds
192.843: [GC (Allocation Failure)  823627K->504523K(1033728K), 0.0049984 secs]
192.849: Total time for which application threads were stopped: 0.0051635 seconds, Stopping threads took: 0.0000264 seconds
192.914: [GC (Allocation Failure)  824011K->512173K(1033728K), 0.0045371 secs]
192.919: Total time for which application threads were stopped: 0.0047011 seconds, Stopping threads took: 0.0000266 seconds
192.987: [GC (Allocation Failure)  831661K->512141K(1033728K), 0.0047694 secs]
192.992: Total time for which application threads were stopped: 0.0049199 seconds, Stopping threads took: 0.0000180 seconds
193.058: [GC (Allocation Failure)  831629K->512741K(1033728K), 0.0049424 secs]
193.063: Total time for which application threads were stopped: 0.0051067 seconds, Stopping threads took: 0.0000209 seconds
193.130: [GC (Allocation Failure)  832229K->520231K(1033728K), 0.0047033 secs]
193.135: Total time for which application threads were stopped: 0.0048771 seconds, Stopping threads took: 0.0000212 seconds
193.202: [GC (Allocation Failure)  839719K->520167K(1033728K), 0.0046111 secs]
193.207: Total time for which application threads were stopped: 0.0047987 seconds, Stopping threads took: 0.0000209 seconds
193.272: [GC (Allocation Failure)  839655K->520967K(1033728K), 0.0046869 secs]
193.276: Total time for which application threads were stopped: 0.0048588 seconds, Stopping threads took: 0.0000207 seconds
193.343: [GC (Allocation Failure)  840455K->528202K(1033728K), 0.0046358 secs]
193.348: Total time for which application threads were stopped: 0.0048222 seconds, Stopping threads took: 0.0000285 seconds
193.416: [GC (Allocation Failure)  847690K->528202K(1033728K), 0.0045964 secs]
193.420: Total time for which application threads were stopped: 0.0047644 seconds, Stopping threads took: 0.0000198 seconds
193.485: [GC (Allocation Failure)  847690K->529186K(1033728K), 0.0051638 secs]
193.490: Total time for which application threads were stopped: 0.0053291 seconds, Stopping threads took: 0.0000201 seconds
193.557: [GC (Allocation Failure)  848674K->536228K(1033728K), 0.0049476 secs]
193.562: Total time for which application threads were stopped: 0.0051225 seconds, Stopping threads took: 0.0000204 seconds
193.630: [GC (Allocation Failure)  855716K->536228K(1033728K), 0.0064831 secs]
193.636: Total time for which application threads were stopped: 0.0066674 seconds, Stopping threads took: 0.0000213 seconds
193.701: [GC (Allocation Failure)  855716K->536460K(1033728K), 0.0049224 secs]
193.706: Total time for which application threads were stopped: 0.0051002 seconds, Stopping threads took: 0.0000226 seconds
193.772: [GC (Allocation Failure)  855948K->544270K(1027072K), 0.0064878 secs]
193.778: Total time for which application threads were stopped: 0.0066658 seconds, Stopping threads took: 0.0000195 seconds
193.846: [GC (Allocation Failure)  863758K->544270K(1033216K), 0.0049500 secs]
193.851: Total time for which application threads were stopped: 0.0051170 seconds, Stopping threads took: 0.0000202 seconds
193.918: [GC (Allocation Failure)  862734K->544654K(1033216K), 0.0048153 secs]
193.923: Total time for which application threads were stopped: 0.0049823 seconds, Stopping threads took: 0.0000254 seconds
193.991: [GC (Allocation Failure)  863118K->552336K(1033216K), 0.0046792 secs]
193.995: Total time for which application threads were stopped: 0.0048713 seconds, Stopping threads took: 0.0000198 seconds
194.063: [GC (Allocation Failure)  870800K->552304K(1033216K), 0.0047963 secs]
194.068: Total time for which application threads were stopped: 0.0049678 seconds, Stopping threads took: 0.0000201 seconds
194.132: [GC (Allocation Failure)  870768K->552904K(1033216K), 0.0050826 secs]
194.137: Total time for which application threads were stopped: 0.0052566 seconds, Stopping threads took: 0.0000201 seconds
194.205: [GC (Allocation Failure)  871368K->560363K(1033216K), 0.0046340 secs]
194.209: Total time for which application threads were stopped: 0.0048070 seconds, Stopping threads took: 0.0000205 seconds
194.275: [GC (Allocation Failure)  878827K->560331K(1033216K), 0.0048796 secs]
194.280: Total time for which application threads were stopped: 0.0050412 seconds, Stopping threads took: 0.0000205 seconds
194.344: [GC (Allocation Failure)  878795K->560619K(1033216K), 0.0051537 secs]
194.349: Total time for which application threads were stopped: 0.0053451 seconds, Stopping threads took: 0.0000200 seconds
194.416: [GC (Allocation Failure)  879083K->568365K(1033216K), 0.0046078 secs]
194.421: Total time for which application threads were stopped: 0.0047733 seconds, Stopping threads took: 0.0000172 seconds
194.489: [GC (Allocation Failure)  886829K->568365K(1033216K), 0.0050658 secs]
194.494: Total time for which application threads were stopped: 0.0052340 seconds, Stopping threads took: 0.0000204 seconds
194.558: [GC (Allocation Failure)  886829K->568421K(1033216K), 0.0051590 secs]
194.563: Total time for which application threads were stopped: 0.0053523 seconds, Stopping threads took: 0.0000205 seconds
194.631: [GC (Allocation Failure)  886885K->576391K(1033216K), 0.0047318 secs]
194.636: Total time for which application threads were stopped: 0.0049165 seconds, Stopping threads took: 0.0000172 seconds
194.703: [GC (Allocation Failure)  894855K->576359K(1033216K), 0.0050415 secs]
194.708: Total time for which application threads were stopped: 0.0051907 seconds, Stopping threads took: 0.0000177 seconds
194.775: [GC (Allocation Failure)  894823K->576551K(1033216K), 0.0049958 secs]
194.780: Total time for which application threads were stopped: 0.0051759 seconds, Stopping threads took: 0.0000209 seconds
194.847: [GC (Allocation Failure)  895015K->584458K(1033216K), 0.0047954 secs]
194.852: Total time for which application threads were stopped: 0.0049637 seconds, Stopping threads took: 0.0000200 seconds
194.917: [GC (Allocation Failure)  902922K->584426K(1033216K), 0.0047430 secs]
194.922: Total time for which application threads were stopped: 0.0049360 seconds, Stopping threads took: 0.0000195 seconds
194.989: [GC (Allocation Failure)  902890K->584746K(1033216K), 0.0051733 secs]
194.994: Total time for which application threads were stopped: 0.0053498 seconds, Stopping threads took: 0.0000209 seconds
195.061: [GC (Allocation Failure)  903210K->592460K(1033216K), 0.0049347 secs]
195.066: Total time for which application threads were stopped: 0.0051176 seconds, Stopping threads took: 0.0000204 seconds
195.133: [GC (Allocation Failure)  910924K->592460K(1033216K), 0.0048976 secs]
195.138: Total time for which application threads were stopped: 0.0050796 seconds, Stopping threads took: 0.0000174 seconds
195.204: [GC (Allocation Failure)  910924K->592716K(1033216K), 0.0052370 secs]
195.209: Total time for which application threads were stopped: 0.0054142 seconds, Stopping threads took: 0.0000202 seconds
195.277: [GC (Allocation Failure)  911180K->600558K(1033216K), 0.0049573 secs]
195.282: Total time for which application threads were stopped: 0.0051254 seconds, Stopping threads took: 0.0000203 seconds
195.349: [GC (Allocation Failure)  919019K->596588K(1033216K), 0.0036972 secs]
195.353: Total time for which application threads were stopped: 0.0038691 seconds, Stopping threads took: 0.0000261 seconds
195.421: [GC (Allocation Failure)  915052K->600654K(1034752K), 0.0049873 secs]
195.426: Total time for which application threads were stopped: 0.0051496 seconds, Stopping threads took: 0.0000192 seconds
195.493: [GC (Allocation Failure)  921166K->604622K(1033728K), 0.0049219 secs]
195.498: Total time for which application threads were stopped: 0.0050940 seconds, Stopping threads took: 0.0000198 seconds
195.565: [GC (Allocation Failure)  925134K->596812K(1034240K), 0.0070699 secs]
195.572: Total time for which application threads were stopped: 0.0071997 seconds, Stopping threads took: 0.0000194 seconds
195.640: [GC (Allocation Failure)  917324K->604718K(1034240K), 0.0049396 secs]
195.645: Total time for which application threads were stopped: 0.0051188 seconds, Stopping threads took: 0.0000227 seconds
195.714: [GC (Allocation Failure)  925230K->608734K(1033216K), 0.0064547 secs]
195.721: Total time for which application threads were stopped: 0.0066190 seconds, Stopping threads took: 0.0000207 seconds
195.786: [GC (Allocation Failure)  928222K->614492K(1032704K), 0.0077089 secs]
195.794: Total time for which application threads were stopped: 0.0078805 seconds, Stopping threads took: 0.0000204 seconds
195.863: [GC (Allocation Failure)  933980K->608990K(1031680K), 0.0052192 secs]
195.868: Total time for which application threads were stopped: 0.0053919 seconds, Stopping threads took: 0.0000205 seconds
195.936: [GC (Allocation Failure)  925406K->608766K(1032192K), 0.0073253 secs]
195.944: Total time for which application threads were stopped: 0.0075212 seconds, Stopping threads took: 0.0000278 seconds
196.008: [GC (Allocation Failure)  925182K->603388K(1032704K), 0.0027974 secs]
196.011: Total time for which application threads were stopped: 0.0029549 seconds, Stopping threads took: 0.0000200 seconds
196.080: [GC (Allocation Failure)  920828K->608958K(1032704K), 0.0050202 secs]
196.085: Total time for which application threads were stopped: 0.0051893 seconds, Stopping threads took: 0.0000196 seconds
196.152: [GC (Allocation Failure)  926398K->608766K(1033216K), 0.0050031 secs]
196.157: Total time for which application threads were stopped: 0.0051654 seconds, Stopping threads took: 0.0000205 seconds
196.224: [GC (Allocation Failure)  926718K->609086K(1032704K), 0.0051994 secs]
196.229: Total time for which application threads were stopped: 0.0053767 seconds, Stopping threads took: 0.0000195 seconds
196.298: [GC (Allocation Failure)  927038K->616928K(1033216K), 0.0047228 secs]
196.303: Total time for which application threads were stopped: 0.0048890 seconds, Stopping threads took: 0.0000197 seconds
196.371: [GC (Allocation Failure)  935392K->616800K(1033216K), 0.0049503 secs]
196.376: Total time for which application threads were stopped: 0.0051135 seconds, Stopping threads took: 0.0000200 seconds
196.442: [GC (Allocation Failure)  935264K->620936K(1033728K), 0.0058698 secs]
196.448: Total time for which application threads were stopped: 0.0060232 seconds, Stopping threads took: 0.0000259 seconds
196.516: [GC (Allocation Failure)  939912K->624907K(1033216K), 0.0050603 secs]
196.521: Total time for which application threads were stopped: 0.0052320 seconds, Stopping threads took: 0.0000204 seconds
196.588: [GC (Allocation Failure)  943883K->624875K(1034240K), 0.0050378 secs]
196.593: Total time for which application threads were stopped: 0.0052201 seconds, Stopping threads took: 0.0000199 seconds
196.660: [GC (Allocation Failure)  944875K->627627K(1033728K), 0.0057005 secs]
196.666: Total time for which application threads were stopped: 0.0058760 seconds, Stopping threads took: 0.0000201 seconds
196.735: [GC (Allocation Failure)  947627K->632877K(1034240K), 0.0049418 secs]
196.740: Total time for which application threads were stopped: 0.0051127 seconds, Stopping threads took: 0.0000203 seconds
196.807: [GC (Allocation Failure)  953389K->632877K(1034240K), 0.0047252 secs]
196.812: Total time for which application threads were stopped: 0.0049013 seconds, Stopping threads took: 0.0000200 seconds
196.879: [GC (Allocation Failure)  953389K->633293K(1034240K), 0.0052516 secs]
196.884: Total time for which application threads were stopped: 0.0054168 seconds, Stopping threads took: 0.0000205 seconds
196.954: [GC (Allocation Failure)  953805K->640911K(1034240K), 0.0048161 secs]
196.959: Total time for which application threads were stopped: 0.0049723 seconds, Stopping threads took: 0.0000195 seconds
197.028: [GC (Allocation Failure)  961423K->640911K(1034240K), 0.0049586 secs]
197.033: Total time for which application threads were stopped: 0.0051296 seconds, Stopping threads took: 0.0000205 seconds
197.099: [GC (Allocation Failure)  961423K->643599K(1034240K), 0.0055968 secs]
197.105: Total time for which application threads were stopped: 0.0057698 seconds, Stopping threads took: 0.0000201 seconds
197.173: [GC (Allocation Failure)  964111K->648977K(1034240K), 0.0047711 secs]
197.178: Total time for which application threads were stopped: 0.0049551 seconds, Stopping threads took: 0.0000203 seconds
197.247: [GC (Allocation Failure)  969489K->648977K(1034240K), 0.0048403 secs]
197.252: Total time for which application threads were stopped: 0.0049999 seconds, Stopping threads took: 0.0000171 seconds
197.319: [GC (Allocation Failure)  969489K->649777K(1033728K), 0.0052298 secs]
197.324: Total time for which application threads were stopped: 0.0053880 seconds, Stopping threads took: 0.0000197 seconds
197.394: [GC (Allocation Failure)  970289K->657108K(1034240K), 0.0047567 secs]
197.399: Total time for which application threads were stopped: 0.0049078 seconds, Stopping threads took: 0.0000179 seconds
197.466: [GC (Allocation Failure)  977620K->657012K(1034240K), 0.0051621 secs]
197.472: Total time for which application threads were stopped: 0.0053356 seconds, Stopping threads took: 0.0000193 seconds
197.539: [GC (Allocation Failure)  977524K->660060K(1034240K), 0.0058442 secs]
197.545: Total time for which application threads were stopped: 0.0060133 seconds, Stopping threads took: 0.0000275 seconds
197.613: [GC (Allocation Failure)  980572K->665086K(1034752K), 0.0058053 secs]
197.619: Total time for which application threads were stopped: 0.0059728 seconds, Stopping threads took: 0.0000203 seconds
197.687: [GC (Allocation Failure)  986622K->665022K(1034752K), 0.0049853 secs]
197.692: Total time for which application threads were stopped: 0.0051747 seconds, Stopping threads took: 0.0000201 seconds
197.758: [GC (Allocation Failure)  986558K->668310K(1034752K), 0.0058234 secs]
197.764: Total time for which application threads were stopped: 0.0059947 seconds, Stopping threads took: 0.0000251 seconds
197.834: [GC (Allocation Failure)  989846K->673048K(1034752K), 0.0071771 secs]
197.841: Total time for which application threads were stopped: 0.0073386 seconds, Stopping threads took: 0.0000203 seconds
197.908: [GC (Allocation Failure)  994584K->673048K(1034752K), 0.0052147 secs]
197.913: Total time for which application threads were stopped: 0.0053827 seconds, Stopping threads took: 0.0000194 seconds
197.979: [GC (Allocation Failure)  994584K->673464K(1034752K), 0.0052647 secs]
197.984: Total time for which application threads were stopped: 0.0054265 seconds, Stopping threads took: 0.0000205 seconds
198.052: [GC (Allocation Failure)  995000K->681082K(1034752K), 0.0050571 secs]
198.058: Total time for which application threads were stopped: 0.0052183 seconds, Stopping threads took: 0.0000203 seconds
198.124: [GC (Allocation Failure)  1002618K->681082K(1034752K), 0.0051850 secs]
198.129: Total time for which application threads were stopped: 0.0053477 seconds, Stopping threads took: 0.0000198 seconds
198.194: [GC (Allocation Failure)  1002618K->682722K(1034752K), 0.0052770 secs]
198.200: Total time for which application threads were stopped: 0.0054418 seconds, Stopping threads took: 0.0000193 seconds
198.269: [GC (Allocation Failure)  1004258K->689157K(1029120K), 0.0049615 secs]
198.274: Total time for which application threads were stopped: 0.0051607 seconds, Stopping threads took: 0.0000200 seconds
198.342: [GC (Allocation Failure)  1010693K->689157K(1034240K), 0.0050217 secs]
198.347: Total time for which application threads were stopped: 0.0051779 seconds, Stopping threads took: 0.0000265 seconds
198.413: [GC (Allocation Failure)  1009669K->690949K(1034240K), 0.0054262 secs]
198.418: [Full GC (Ergonomics)  690949K->10313K(1034240K), 0.0146500 secs]
198.433: Total time for which application threads were stopped: 0.0203771 seconds, Stopping threads took: 0.0000196 seconds
198.502: [GC (Allocation Failure)  330825K->18731K(1033728K), 0.0036691 secs]
198.505: Total time for which application threads were stopped: 0.0038306 seconds, Stopping threads took: 0.0000203 seconds
198.573: [GC (Allocation Failure)  339243K->18635K(1034240K), 0.0039303 secs]
198.577: Total time for which application threads were stopped: 0.0040921 seconds, Stopping threads took: 0.0000204 seconds
198.645: [GC (Allocation Failure)  339147K->22723K(1034752K), 0.0048518 secs]
198.650: Total time for which application threads were stopped: 0.0050222 seconds, Stopping threads took: 0.0000201 seconds
198.717: [GC (Allocation Failure)  343747K->26726K(1034240K), 0.0038316 secs]
198.721: Total time for which application threads were stopped: 0.0040244 seconds, Stopping threads took: 0.0000202 seconds
198.789: [GC (Allocation Failure)  347750K->26662K(1034752K), 0.0038838 secs]
198.793: Total time for which application threads were stopped: 0.0040483 seconds, Stopping threads took: 0.0000207 seconds
198.860: [GC (Allocation Failure)  348198K->26846K(1021440K), 0.0040988 secs]
198.864: Total time for which application threads were stopped: 0.0042762 seconds, Stopping threads took: 0.0000199 seconds
198.933: [GC (Allocation Failure)  348382K->34720K(1034240K), 0.0045875 secs]
198.938: Total time for which application threads were stopped: 0.0047477 seconds, Stopping threads took: 0.0000197 seconds
199.006: [GC (Allocation Failure)  355232K->34720K(1034240K), 0.0039848 secs]
199.010: Total time for which application threads were stopped: 0.0041475 seconds, Stopping threads took: 0.0000202 seconds
199.077: [GC (Allocation Failure)  355232K->38168K(1034752K), 0.0047920 secs]
199.081: Total time for which application threads were stopped: 0.0049703 seconds, Stopping threads took: 0.0000276 seconds
199.149: [GC (Allocation Failure)  359192K->42746K(1034240K), 0.0038005 secs]
199.153: Total time for which application threads were stopped: 0.0039644 seconds, Stopping threads took: 0.0000193 seconds
199.220: [GC (Allocation Failure)  363770K->42746K(1034752K), 0.0041002 secs]
199.224: Total time for which application threads were stopped: 0.0042713 seconds, Stopping threads took: 0.0000208 seconds
199.291: [GC (Allocation Failure)  364282K->46394K(1034752K), 0.0049137 secs]
199.296: Total time for which application threads were stopped: 0.0050848 seconds, Stopping threads took: 0.0000199 seconds
199.364: [GC (Allocation Failure)  367930K->50780K(1035264K), 0.0039528 secs]
199.368: Total time for which application threads were stopped: 0.0041130 seconds, Stopping threads took: 0.0000201 seconds
199.436: [GC (Allocation Failure)  373340K->50780K(1035264K), 0.0036791 secs]
199.440: Total time for which application threads were stopped: 0.0038560 seconds, Stopping threads took: 0.0000279 seconds
199.507: [GC (Allocation Failure)  373340K->53628K(1035264K), 0.0064450 secs]
199.513: Total time for which application threads were stopped: 0.0066158 seconds, Stopping threads took: 0.0000281 seconds
199.581: [GC (Allocation Failure)  376188K->58879K(1035264K), 0.0036821 secs]
199.585: Total time for which application threads were stopped: 0.0038596 seconds, Stopping threads took: 0.0000250 seconds
199.653: [GC (Allocation Failure)  381439K->58815K(1035264K), 0.0038087 secs]
199.657: Total time for which application threads were stopped: 0.0039796 seconds, Stopping threads took: 0.0000200 seconds
199.726: [GC (Allocation Failure)  381375K->61863K(1035264K), 0.0047178 secs]
199.731: Total time for which application threads were stopped: 0.0048908 seconds, Stopping threads took: 0.0000195 seconds
199.799: [GC (Allocation Failure)  384423K->66857K(1035264K), 0.0038111 secs]
199.803: Total time for which application threads were stopped: 0.0039731 seconds, Stopping threads took: 0.0000201 seconds
199.874: [GC (Allocation Failure)  389417K->66857K(1035264K), 0.0038817 secs]
199.878: Total time for which application threads were stopped: 0.0040449 seconds, Stopping threads took: 0.0000202 seconds
199.946: [GC (Allocation Failure)  389417K->70081K(1035264K), 0.0062319 secs]
199.952: Total time for which application threads were stopped: 0.0063989 seconds, Stopping threads took: 0.0000246 seconds
200.021: [GC (Allocation Failure)  392641K->74851K(1035264K), 0.0037763 secs]
200.025: Total time for which application threads were stopped: 0.0039516 seconds, Stopping threads took: 0.0000264 seconds
200.092: [GC (Allocation Failure)  397411K->74851K(1035264K), 0.0041081 secs]
200.097: Total time for which application threads were stopped: 0.0042805 seconds, Stopping threads took: 0.0000200 seconds
200.166: [GC (Allocation Failure)  397411K->78331K(1035264K), 0.0047158 secs]
200.170: Total time for which application threads were stopped: 0.0049141 seconds, Stopping threads took: 0.0000217 seconds
200.240: [GC (Allocation Failure)  400891K->82942K(1035264K), 0.0038729 secs]
200.244: Total time for which application threads were stopped: 0.0040327 seconds, Stopping threads took: 0.0000174 seconds
200.312: [GC (Allocation Failure)  405502K->82878K(1035264K), 0.0038632 secs]
200.316: Total time for which application threads were stopped: 0.0040277 seconds, Stopping threads took: 0.0000208 seconds
200.383: [GC (Allocation Failure)  405438K->86566K(1035776K), 0.0049007 secs]
200.388: Total time for which application threads were stopped: 0.0050718 seconds, Stopping threads took: 0.0000203 seconds
200.457: [GC (Allocation Failure)  409638K->91048K(1035264K), 0.0039737 secs]
200.461: Total time for which application threads were stopped: 0.0041322 seconds, Stopping threads took: 0.0000261 seconds
200.530: [GC (Allocation Failure)  414120K->90952K(1035776K), 0.0040664 secs]
200.535: Total time for which application threads were stopped: 0.0042428 seconds, Stopping threads took: 0.0000214 seconds
200.603: [GC (Allocation Failure)  414536K->92744K(1025024K), 0.0041792 secs]
200.607: Total time for which application threads were stopped: 0.0043534 seconds, Stopping threads took: 0.0000213 seconds
200.676: [GC (Allocation Failure)  416328K->99050K(1035264K), 0.0040930 secs]
200.680: Total time for which application threads were stopped: 0.0042565 seconds, Stopping threads took: 0.0000207 seconds
200.748: [GC (Allocation Failure)  421610K->98954K(1035264K), 0.0039305 secs]
200.752: Total time for which application threads were stopped: 0.0040975 seconds, Stopping threads took: 0.0000196 seconds
200.819: [GC (Allocation Failure)  421514K->93960K(1035264K), 0.0020116 secs]
200.821: Total time for which application threads were stopped: 0.0021653 seconds, Stopping threads took: 0.0000203 seconds
200.889: [GC (Allocation Failure)  416520K->98954K(1035264K), 0.0037034 secs]
200.893: Total time for which application threads were stopped: 0.0038694 seconds, Stopping threads took: 0.0000209 seconds
200.963: [GC (Allocation Failure)  421514K->98954K(1035264K), 0.0036818 secs]
200.967: Total time for which application threads were stopped: 0.0038327 seconds, Stopping threads took: 0.0000168 seconds
201.034: [GC (Allocation Failure)  421514K->98280K(1035264K), 0.0037300 secs]
201.038: Total time for which application threads were stopped: 0.0039202 seconds, Stopping threads took: 0.0000204 seconds
201.107: [GC (Allocation Failure)  420840K->99178K(1035776K), 0.0040095 secs]
201.111: Total time for which application threads were stopped: 0.0041615 seconds, Stopping threads took: 0.0000171 seconds
201.179: [GC (Allocation Failure)  422762K->98986K(1035776K), 0.0038302 secs]
201.183: Total time for which application threads were stopped: 0.0040030 seconds, Stopping threads took: 0.0000207 seconds
201.250: [GC (Allocation Failure)  422570K->104576K(1031680K), 0.0065157 secs]
201.256: Total time for which application threads were stopped: 0.0067079 seconds, Stopping threads took: 0.0000198 seconds
201.324: [GC (Allocation Failure)  424064K->100034K(1033728K), 0.0040442 secs]
201.328: Total time for which application threads were stopped: 0.0042030 seconds, Stopping threads took: 0.0000177 seconds
201.395: [GC (Allocation Failure)  419522K->99842K(1034752K), 0.0039622 secs]
201.399: Total time for which application threads were stopped: 0.0041363 seconds, Stopping threads took: 0.0000197 seconds
201.467: [GC (Allocation Failure)  420866K->102080K(1034240K), 0.0049978 secs]
201.472: Total time for which application threads were stopped: 0.0051920 seconds, Stopping threads took: 0.0000201 seconds
201.541: [GC (Allocation Failure)  423104K->100002K(1034752K), 0.0036896 secs]
201.545: Total time for which application threads were stopped: 0.0038407 seconds, Stopping threads took: 0.0000178 seconds
201.612: [GC (Allocation Failure)  421026K->99842K(1034240K), 0.0065947 secs]
201.619: Total time for which application threads were stopped: 0.0067650 seconds, Stopping threads took: 0.0000197 seconds
201.687: [GC (Allocation Failure)  420866K->101824K(1035264K), 0.0046718 secs]
201.691: Total time for which application threads were stopped: 0.0048464 seconds, Stopping threads took: 0.0000200 seconds
201.758: [GC (Allocation Failure)  424384K->99906K(1035264K), 0.0039293 secs]
201.762: Total time for which application threads were stopped: 0.0041059 seconds, Stopping threads took: 0.0000208 seconds
201.830: [GC (Allocation Failure)  422466K->99874K(1036288K), 0.0039236 secs]
201.834: Total time for which application threads were stopped: 0.0040964 seconds, Stopping threads took: 0.0000210 seconds
201.904: [GC (Allocation Failure)  423970K->107608K(1035776K), 0.0076811 secs]
201.912: Total time for which application threads were stopped: 0.0078584 seconds, Stopping threads took: 0.0000176 seconds
201.982: [GC (Allocation Failure)  431704K->103418K(1032704K), 0.0041835 secs]
201.987: Total time for which application threads were stopped: 0.0043541 seconds, Stopping threads took: 0.0000202 seconds
202.053: [GC (Allocation Failure)  423930K->103386K(1034240K), 0.0040063 secs]
202.057: Total time for which application threads were stopped: 0.0041779 seconds, Stopping threads took: 0.0000203 seconds
202.124: [GC (Allocation Failure)  423898K->96536K(1033216K), 0.0011137 secs]
202.125: Total time for which application threads were stopped: 0.0012379 seconds, Stopping threads took: 0.0000211 seconds
202.192: [GC (Allocation Failure)  416024K->103626K(1033728K), 0.0038324 secs]
202.196: Total time for which application threads were stopped: 0.0039995 seconds, Stopping threads took: 0.0000202 seconds
202.263: [GC (Allocation Failure)  423114K->107522K(1034752K), 0.0048274 secs]
202.268: Total time for which application threads were stopped: 0.0049967 seconds, Stopping threads took: 0.0000193 seconds
202.336: [GC (Allocation Failure)  428546K->113640K(1034240K), 0.0066117 secs]
202.343: Total time for which application threads were stopped: 0.0067829 seconds, Stopping threads took: 0.0000206 seconds
202.410: [GC (Allocation Failure)  434664K->107978K(1033216K), 0.0039892 secs]
202.414: Total time for which application threads were stopped: 0.0041577 seconds, Stopping threads took: 0.0000199 seconds
202.480: [GC (Allocation Failure)  427466K->107882K(1033728K), 0.0040576 secs]
202.484: Total time for which application threads were stopped: 0.0042332 seconds, Stopping threads took: 0.0000272 seconds
202.551: [GC (Allocation Failure)  427370K->110568K(1033216K), 0.0052688 secs]
202.557: Total time for which application threads were stopped: 0.0054465 seconds, Stopping threads took: 0.0000284 seconds
202.624: [GC (Allocation Failure)  430056K->107946K(1033728K), 0.0039017 secs]
202.628: Total time for which application threads were stopped: 0.0040733 seconds, Stopping threads took: 0.0000208 seconds
202.694: [GC (Allocation Failure)  427434K->107882K(1034752K), 0.0038071 secs]
202.698: Total time for which application threads were stopped: 0.0039802 seconds, Stopping threads took: 0.0000208 seconds
202.765: [GC (Allocation Failure)  428906K->107208K(1034240K), 0.0036168 secs]
202.769: Total time for which application threads were stopped: 0.0037781 seconds, Stopping threads took: 0.0000196 seconds
202.834: [GC (Allocation Failure)  428232K->108106K(1035776K), 0.0040699 secs]
202.839: Total time for which application threads were stopped: 0.0042502 seconds, Stopping threads took: 0.0000202 seconds
202.906: [GC (Allocation Failure)  431178K->107882K(1035264K), 0.0040907 secs]
202.910: Total time for which application threads were stopped: 0.0042768 seconds, Stopping threads took: 0.0000368 seconds
202.981: [GC (Allocation Failure)  430954K->110984K(1034752K), 0.0051601 secs]
202.986: Total time for which application threads were stopped: 0.0053219 seconds, Stopping threads took: 0.0000199 seconds
203.054: [GC (Allocation Failure)  433544K->108074K(1035264K), 0.0041105 secs]
203.059: Total time for which application threads were stopped: 0.0042800 seconds, Stopping threads took: 0.0000198 seconds
203.125: [GC (Allocation Failure)  430634K->107914K(1035776K), 0.0041757 secs]
203.129: Total time for which application threads were stopped: 0.0043488 seconds, Stopping threads took: 0.0000206 seconds
203.197: [GC (Allocation Failure)  431498K->99912K(1023488K), 0.0006968 secs]
203.197: Total time for which application threads were stopped: 0.0008276 seconds, Stopping threads took: 0.0000198 seconds
203.268: [GC (Allocation Failure)  423496K->107986K(1035264K), 0.0041556 secs]
203.272: Total time for which application threads were stopped: 0.0043234 seconds, Stopping threads took: 0.0000220 seconds
203.341: [GC (Allocation Failure)  430034K->112058K(1034752K), 0.0055558 secs]
203.346: Total time for which application threads were stopped: 0.0057200 seconds, Stopping threads took: 0.0000203 seconds
203.414: [GC (Allocation Failure)  434106K->108120K(1035776K), 0.0026632 secs]
203.417: Total time for which application threads were stopped: 0.0028442 seconds, Stopping threads took: 0.0000199 seconds
203.489: [GC (Allocation Failure)  431704K->112146K(1035776K), 0.0040206 secs]
203.493: Total time for which application threads were stopped: 0.0042291 seconds, Stopping threads took: 0.0000286 seconds
203.561: [GC (Allocation Failure)  435730K->116114K(1035776K), 0.0041740 secs]
203.565: Total time for which application threads were stopped: 0.0043509 seconds, Stopping threads took: 0.0000203 seconds
203.633: [GC (Allocation Failure)  439698K->116146K(1035776K), 0.0040333 secs]
203.637: Total time for which application threads were stopped: 0.0042041 seconds, Stopping threads took: 0.0000205 seconds
203.702: [GC (Allocation Failure)  439730K->116210K(1034752K), 0.0041071 secs]
203.706: Total time for which application threads were stopped: 0.0042844 seconds, Stopping threads took: 0.0000195 seconds
203.776: [GC (Allocation Failure)  438770K->124180K(1035264K), 0.0066434 secs]
203.783: Total time for which application threads were stopped: 0.0068352 seconds, Stopping threads took: 0.0000196 seconds
203.849: [GC (Allocation Failure)  446740K->124180K(1035264K), 0.0039725 secs]
203.853: Total time for which application threads were stopped: 0.0041577 seconds, Stopping threads took: 0.0000218 seconds
203.920: [GC (Allocation Failure)  446740K->124244K(1022464K), 0.0042131 secs]
203.924: Total time for which application threads were stopped: 0.0043821 seconds, Stopping threads took: 0.0000201 seconds
203.993: [GC (Allocation Failure)  446804K->132247K(1034752K), 0.0040568 secs]
203.997: Total time for which application threads were stopped: 0.0042283 seconds, Stopping threads took: 0.0000199 seconds
204.065: [GC (Allocation Failure)  453783K->132215K(1034752K), 0.0038332 secs]
204.069: Total time for which application threads were stopped: 0.0040038 seconds, Stopping threads took: 0.0000206 seconds
204.136: [GC (Allocation Failure)  453751K->132439K(1034240K), 0.0041120 secs]
204.140: Total time for which application threads were stopped: 0.0042926 seconds, Stopping threads took: 0.0000201 seconds
204.207: [GC (Allocation Failure)  453975K->140249K(1034752K), 0.0039496 secs]
204.211: Total time for which application threads were stopped: 0.0041187 seconds, Stopping threads took: 0.0000216 seconds
204.279: [GC (Allocation Failure)  461785K->140281K(1034752K), 0.0040681 secs]
204.283: Total time for which application threads were stopped: 0.0042484 seconds, Stopping threads took: 0.0000204 seconds
204.348: [GC (Allocation Failure)  461817K->140689K(1021440K), 0.0050304 secs]
204.353: Total time for which application threads were stopped: 0.0051891 seconds, Stopping threads took: 0.0000192 seconds
204.423: [GC (Allocation Failure)  462225K->148275K(1034240K), 0.0040259 secs]
204.427: Total time for which application threads were stopped: 0.0041899 seconds, Stopping threads took: 0.0000202 seconds
204.496: [GC (Allocation Failure)  468787K->148275K(1034240K), 0.0038649 secs]
204.500: Total time for which application threads were stopped: 0.0040465 seconds, Stopping threads took: 0.0000273 seconds
204.567: [GC (Allocation Failure)  468787K->148395K(1034240K), 0.0042732 secs]
204.572: Total time for which application threads were stopped: 0.0044403 seconds, Stopping threads took: 0.0000197 seconds
204.639: [GC (Allocation Failure)  468907K->156301K(1034240K), 0.0041629 secs]
204.643: Total time for which application threads were stopped: 0.0043264 seconds, Stopping threads took: 0.0000207 seconds
204.712: [GC (Allocation Failure)  476813K->156269K(1034240K), 0.0046793 secs]
204.717: Total time for which application threads were stopped: 0.0048521 seconds, Stopping threads took: 0.0000203 seconds
204.782: [GC (Allocation Failure)  476781K->156365K(1020416K), 0.0042848 secs]
204.786: Total time for which application threads were stopped: 0.0044523 seconds, Stopping threads took: 0.0000218 seconds
204.854: [GC (Allocation Failure)  476877K->164336K(1033728K), 0.0039583 secs]
204.858: Total time for which application threads were stopped: 0.0041173 seconds, Stopping threads took: 0.0000192 seconds
204.925: [GC (Allocation Failure)  483824K->164336K(1033728K), 0.0068052 secs]
204.931: Total time for which application threads were stopped: 0.0070006 seconds, Stopping threads took: 0.0000207 seconds
204.998: [GC (Allocation Failure)  483824K->164392K(1033728K), 0.0039454 secs]
205.002: Total time for which application threads were stopped: 0.0041108 seconds, Stopping threads took: 0.0000197 seconds
205.068: [GC (Allocation Failure)  483880K->172362K(1033728K), 0.0042481 secs]
205.073: Total time for which application threads were stopped: 0.0044181 seconds, Stopping threads took: 0.0000200 seconds
205.139: [GC (Allocation Failure)  491850K->172394K(1033728K), 0.0040959 secs]
205.143: Total time for which application threads were stopped: 0.0042770 seconds, Stopping threads took: 0.0000205 seconds
205.209: [GC (Allocation Failure)  491882K->172578K(1033728K), 0.0043563 secs]
205.214: Total time for which application threads were stopped: 0.0045224 seconds, Stopping threads took: 0.0000212 seconds
205.279: [GC (Allocation Failure)  492066K->180420K(1032704K), 0.0041599 secs]
205.283: Total time for which application threads were stopped: 0.0043284 seconds, Stopping threads took: 0.0000214 seconds
205.349: [GC (Allocation Failure)  498884K->176482K(1033216K), 0.0027364 secs]
205.352: Total time for which application threads were stopped: 0.0028914 seconds, Stopping threads took: 0.0000204 seconds
205.422: [GC (Allocation Failure)  494946K->180556K(1034752K), 0.0043797 secs]
205.426: Total time for which application threads were stopped: 0.0045528 seconds, Stopping threads took: 0.0000199 seconds
205.495: [GC (Allocation Failure)  501580K->184492K(1034240K), 0.0039490 secs]
205.499: Total time for which application threads were stopped: 0.0041494 seconds, Stopping threads took: 0.0000262 seconds
205.565: [GC (Allocation Failure)  505516K->177738K(1034752K), 0.0013911 secs]
205.567: Total time for which application threads were stopped: 0.0015052 seconds, Stopping threads took: 0.0000169 seconds
205.636: [GC (Allocation Failure)  499274K->184620K(1034752K), 0.0041370 secs]
205.640: Total time for which application threads were stopped: 0.0042959 seconds, Stopping threads took: 0.0000197 seconds
205.708: [GC (Allocation Failure)  506156K->188668K(1034752K), 0.0049814 secs]
205.713: Total time for which application threads were stopped: 0.0051414 seconds, Stopping threads took: 0.0000194 seconds
205.779: [GC (Allocation Failure)  510204K->183098K(1034752K), 0.0019271 secs]
205.781: Total time for which application threads were stopped: 0.0020851 seconds, Stopping threads took: 0.0000197 seconds
205.848: [GC (Allocation Failure)  504634K->188940K(1035776K), 0.0064760 secs]
205.854: Total time for which application threads were stopped: 0.0066520 seconds, Stopping threads took: 0.0000209 seconds
205.923: [GC (Allocation Failure)  511500K->192820K(1034752K), 0.0080393 secs]
205.931: Total time for which application threads were stopped: 0.0082134 seconds, Stopping threads took: 0.0000210 seconds
205.999: [GC (Allocation Failure)  515309K->188914K(1035776K), 0.0027857 secs]
206.002: Total time for which application threads were stopped: 0.0029522 seconds, Stopping threads took: 0.0000210 seconds
206.071: [GC (Allocation Failure)  511986K->192956K(1035264K), 0.0042319 secs]
206.076: Total time for which application threads were stopped: 0.0044285 seconds, Stopping threads took: 0.0000208 seconds
206.146: [GC (Allocation Failure)  516028K->196988K(1035264K), 0.0042670 secs]
206.150: Total time for which application threads were stopped: 0.0044337 seconds, Stopping threads took: 0.0000165 seconds
206.219: [GC (Allocation Failure)  520572K->196924K(1035776K), 0.0040732 secs]
206.224: Total time for which application threads were stopped: 0.0042433 seconds, Stopping threads took: 0.0000202 seconds
206.290: [GC (Allocation Failure)  520508K->197020K(1034752K), 0.0042519 secs]
206.295: Total time for which application threads were stopped: 0.0044246 seconds, Stopping threads took: 0.0000200 seconds
206.363: [GC (Allocation Failure)  519580K->204990K(1035264K), 0.0040260 secs]
206.367: Total time for which application threads were stopped: 0.0041983 seconds, Stopping threads took: 0.0000202 seconds
206.435: [GC (Allocation Failure)  527550K->204990K(1034240K), 0.0037964 secs]
206.439: Total time for which application threads were stopped: 0.0039728 seconds, Stopping threads took: 0.0000288 seconds
206.506: [GC (Allocation Failure)  526526K->205054K(1034752K), 0.0044098 secs]
206.510: Total time for which application threads were stopped: 0.0045782 seconds, Stopping threads took: 0.0000198 seconds
206.578: [GC (Allocation Failure)  526590K->213025K(1034752K), 0.0039989 secs]
206.583: Total time for which application threads were stopped: 0.0041581 seconds, Stopping threads took: 0.0000198 seconds
206.651: [GC (Allocation Failure)  534561K->213057K(1029120K), 0.0037523 secs]
206.655: Total time for which application threads were stopped: 0.0039216 seconds, Stopping threads took: 0.0000199 seconds
206.721: [GC (Allocation Failure)  534593K->213289K(1034240K), 0.0041151 secs]
206.726: Total time for which application threads were stopped: 0.0042828 seconds, Stopping threads took: 0.0000194 seconds
206.793: [GC (Allocation Failure)  533801K->221067K(1034240K), 0.0041322 secs]
206.797: Total time for which application threads were stopped: 0.0042997 seconds, Stopping threads took: 0.0000196 seconds
206.865: [GC (Allocation Failure)  541579K->221067K(1034240K), 0.0042304 secs]
206.870: Total time for which application threads were stopped: 0.0043995 seconds, Stopping threads took: 0.0000211 seconds
206.937: [GC (Allocation Failure)  541579K->221483K(1020416K), 0.0049697 secs]
206.942: Total time for which application threads were stopped: 0.0051873 seconds, Stopping threads took: 0.0000281 seconds
207.010: [GC (Allocation Failure)  541995K->229101K(1033728K), 0.0040683 secs]
207.015: Total time for which application threads were stopped: 0.0042373 seconds, Stopping threads took: 0.0000196 seconds
207.082: [GC (Allocation Failure)  548589K->229101K(1033728K), 0.0041771 secs]
207.086: Total time for which application threads were stopped: 0.0043534 seconds, Stopping threads took: 0.0000207 seconds
207.151: [GC (Allocation Failure)  548589K->229229K(1033728K), 0.0042599 secs]
207.155: Total time for which application threads were stopped: 0.0044267 seconds, Stopping threads took: 0.0000206 seconds
207.223: [GC (Allocation Failure)  548717K->237136K(1033728K), 0.0040771 secs]
207.227: Total time for which application threads were stopped: 0.0042363 seconds, Stopping threads took: 0.0000203 seconds
207.297: [GC (Allocation Failure)  556624K->237136K(1033728K), 0.0040698 secs]
207.301: Total time for which application threads were stopped: 0.0042306 seconds, Stopping threads took: 0.0000196 seconds
207.368: [GC (Allocation Failure)  556624K->237200K(1033728K), 0.0041298 secs]
207.372: Total time for which application threads were stopped: 0.0043261 seconds, Stopping threads took: 0.0000211 seconds
207.440: [GC (Allocation Failure)  556688K->245170K(1032704K), 0.0040240 secs]
207.445: Total time for which application threads were stopped: 0.0041904 seconds, Stopping threads took: 0.0000263 seconds
207.511: [GC (Allocation Failure)  563634K->239600K(1033216K), 0.0019428 secs]
207.513: Total time for which application threads were stopped: 0.0021059 seconds, Stopping threads took: 0.0000261 seconds
207.580: [GC (Allocation Failure)  558064K->245418K(1034752K), 0.0042646 secs]
207.585: Total time for which application threads were stopped: 0.0044329 seconds, Stopping threads took: 0.0000285 seconds
207.654: [GC (Allocation Failure)  565930K->249346K(1033728K), 0.0045592 secs]
207.659: Total time for which application threads were stopped: 0.0047449 seconds, Stopping threads took: 0.0000198 seconds
207.726: [GC (Allocation Failure)  569858K->256200K(1029120K), 0.0073431 secs]
207.734: Total time for which application threads were stopped: 0.0075062 seconds, Stopping threads took: 0.0000203 seconds
207.801: [GC (Allocation Failure)  571592K->250090K(1031680K), 0.0044035 secs]
207.806: Total time for which application threads were stopped: 0.0045656 seconds, Stopping threads took: 0.0000189 seconds
207.871: [GC (Allocation Failure)  565482K->249930K(1032704K), 0.0065606 secs]
207.877: Total time for which application threads were stopped: 0.0067239 seconds, Stopping threads took: 0.0000207 seconds
207.943: [GC (Allocation Failure)  566858K->253290K(1032192K), 0.0067245 secs]
207.950: Total time for which application threads were stopped: 0.0069054 seconds, Stopping threads took: 0.0000264 seconds
208.017: [GC (Allocation Failure)  570218K->258060K(1033216K), 0.0042565 secs]
208.021: Total time for which application threads were stopped: 0.0044382 seconds, Stopping threads took: 0.0000200 seconds
208.090: [GC (Allocation Failure)  576012K->257996K(1032704K), 0.0043429 secs]
208.095: Total time for which application threads were stopped: 0.0045139 seconds, Stopping threads took: 0.0000201 seconds
208.163: [GC (Allocation Failure)  575948K->259020K(1033216K), 0.0046800 secs]
208.167: Total time for which application threads were stopped: 0.0048440 seconds, Stopping threads took: 0.0000206 seconds
208.235: [GC (Allocation Failure)  577484K->265998K(1033216K), 0.0042098 secs]
208.239: Total time for which application threads were stopped: 0.0043812 seconds, Stopping threads took: 0.0000281 seconds
208.306: [GC (Allocation Failure)  584462K->266030K(1033728K), 0.0043552 secs]
208.310: Total time for which application threads were stopped: 0.0045353 seconds, Stopping threads took: 0.0000204 seconds
208.380: [GC (Allocation Failure)  585006K->267654K(1033216K), 0.0043750 secs]
208.384: Total time for which application threads were stopped: 0.0045430 seconds, Stopping threads took: 0.0000206 seconds
208.452: [GC (Allocation Failure)  586630K->274057K(1033728K), 0.0040311 secs]
208.456: Total time for which application threads were stopped: 0.0042268 seconds, Stopping threads took: 0.0000259 seconds
208.524: [GC (Allocation Failure)  593545K->274057K(1033728K), 0.0045846 secs]
208.529: Total time for which application threads were stopped: 0.0047645 seconds, Stopping threads took: 0.0000200 seconds
208.596: [GC (Allocation Failure)  593545K->274377K(1033728K), 0.0042069 secs]
208.600: Total time for which application threads were stopped: 0.0043807 seconds, Stopping threads took: 0.0000209 seconds
208.667: [GC (Allocation Failure)  593865K->282091K(1033728K), 0.0042721 secs]
208.672: Total time for which application threads were stopped: 0.0044375 seconds, Stopping threads took: 0.0000206 seconds
208.740: [GC (Allocation Failure)  601579K->282059K(1033728K), 0.0043222 secs]
208.745: Total time for which application threads were stopped: 0.0045012 seconds, Stopping threads took: 0.0000206 seconds
208.812: [GC (Allocation Failure)  601547K->285699K(1033728K), 0.0051603 secs]
208.817: Total time for which application threads were stopped: 0.0053199 seconds, Stopping threads took: 0.0000200 seconds
208.885: [GC (Allocation Failure)  605187K->290181K(1034240K), 0.0044379 secs]
208.889: Total time for which application threads were stopped: 0.0045979 seconds, Stopping threads took: 0.0000205 seconds
208.959: [GC (Allocation Failure)  610693K->290085K(1034240K), 0.0043387 secs]
208.963: Total time for which application threads were stopped: 0.0045071 seconds, Stopping threads took: 0.0000197 seconds
209.030: [GC (Allocation Failure)  610597K->290853K(1034240K), 0.0046299 secs]
209.034: Total time for which application threads were stopped: 0.0048101 seconds, Stopping threads took: 0.0000202 seconds
209.103: [GC (Allocation Failure)  611365K->298119K(1034240K), 0.0041770 secs]
209.107: Total time for which application threads were stopped: 0.0043610 seconds, Stopping threads took: 0.0000220 seconds
209.175: [GC (Allocation Failure)  618631K->298119K(1034240K), 0.0044527 secs]
209.179: Total time for which application threads were stopped: 0.0046414 seconds, Stopping threads took: 0.0000280 seconds
209.246: [GC (Allocation Failure)  618631K->299079K(1034240K), 0.0043817 secs]
209.251: Total time for which application threads were stopped: 0.0045636 seconds, Stopping threads took: 0.0000203 seconds
209.321: [GC (Allocation Failure)  619591K->306154K(1034240K), 0.0042939 secs]
209.325: Total time for which application threads were stopped: 0.0044631 seconds, Stopping threads took: 0.0000203 seconds
209.393: [GC (Allocation Failure)  626666K->306122K(1034240K), 0.0044453 secs]
209.397: Total time for which application threads were stopped: 0.0046284 seconds, Stopping threads took: 0.0000210 seconds
209.465: [GC (Allocation Failure)  626634K->307298K(1034240K), 0.0044121 secs]
209.469: Total time for which application threads were stopped: 0.0046126 seconds, Stopping threads took: 0.0000206 seconds
209.538: [GC (Allocation Failure)  627810K->314244K(1034240K), 0.0046062 secs]
209.543: Total time for which application threads were stopped: 0.0047690 seconds, Stopping threads took: 0.0000209 seconds
209.610: [GC (Allocation Failure)  634756K->314180K(1034240K), 0.0042423 secs]
209.615: Total time for which application threads were stopped: 0.0044010 seconds, Stopping threads took: 0.0000190 seconds
209.681: [GC (Allocation Failure)  634692K->314500K(1020416K), 0.0046863 secs]
209.686: Total time for which application threads were stopped: 0.0048564 seconds, Stopping threads took: 0.0000209 seconds
209.754: [GC (Allocation Failure)  635012K->322278K(1033728K), 0.0045995 secs]
209.759: Total time for which application threads were stopped: 0.0048103 seconds, Stopping threads took: 0.0000202 seconds
209.825: [GC (Allocation Failure)  641766K->322182K(1033728K), 0.0065541 secs]
209.832: Total time for which application threads were stopped: 0.0067440 seconds, Stopping threads took: 0.0000220 seconds
209.899: [GC (Allocation Failure)  641670K->322758K(1033728K), 0.0046107 secs]
209.903: Total time for which application threads were stopped: 0.0047824 seconds, Stopping threads took: 0.0000220 seconds
209.971: [GC (Allocation Failure)  642246K->330344K(1033728K), 0.0042908 secs]
209.976: Total time for which application threads were stopped: 0.0044564 seconds, Stopping threads took: 0.0000208 seconds
210.042: [GC (Allocation Failure)  649832K->330248K(1033728K), 0.0045347 secs]
210.047: Total time for which application threads were stopped: 0.0047064 seconds, Stopping threads took: 0.0000199 seconds
210.113: [GC (Allocation Failure)  649736K->330984K(1033728K), 0.0045358 secs]
210.117: Total time for which application threads were stopped: 0.0046952 seconds, Stopping threads took: 0.0000203 seconds
210.185: [GC (Allocation Failure)  650472K->338283K(1033728K), 0.0043679 secs]
210.189: Total time for which application threads were stopped: 0.0045354 seconds, Stopping threads took: 0.0000205 seconds
210.256: [GC (Allocation Failure)  657771K->338283K(1033728K), 0.0043932 secs]
210.260: Total time for which application threads were stopped: 0.0045535 seconds, Stopping threads took: 0.0000209 seconds
210.326: [GC (Allocation Failure)  657771K->340299K(1033728K), 0.0047690 secs]
210.331: Total time for which application threads were stopped: 0.0049290 seconds, Stopping threads took: 0.0000198 seconds
210.400: [GC (Allocation Failure)  659787K->346317K(1033728K), 0.0042456 secs]
210.404: Total time for which application threads were stopped: 0.0044126 seconds, Stopping threads took: 0.0000194 seconds
210.471: [GC (Allocation Failure)  665805K->346317K(1033728K), 0.0043721 secs]
210.476: Total time for which application threads were stopped: 0.0045459 seconds, Stopping threads took: 0.0000281 seconds
210.544: [GC (Allocation Failure)  665805K->347461K(1033728K), 0.0047994 secs]
210.549: Total time for which application threads were stopped: 0.0049729 seconds, Stopping threads took: 0.0000215 seconds
210.617: [GC (Allocation Failure)  666949K->354343K(1033728K), 0.0045433 secs]
210.621: Total time for which application threads were stopped: 0.0047167 seconds, Stopping threads took: 0.0000214 seconds
210.688: [GC (Allocation Failure)  673831K->354375K(1033728K), 0.0042056 secs]
210.693: Total time for which application threads were stopped: 0.0044037 seconds, Stopping threads took: 0.0000212 seconds
210.760: [GC (Allocation Failure)  673863K->354663K(1033728K), 0.0046032 secs]
210.765: Total time for which application threads were stopped: 0.0047606 seconds, Stopping threads took: 0.0000176 seconds
210.833: [GC (Allocation Failure)  674151K->362410K(1033728K), 0.0044116 secs]
210.837: Total time for which application threads were stopped: 0.0045901 seconds, Stopping threads took: 0.0000199 seconds
210.905: [GC (Allocation Failure)  681898K->362410K(1033728K), 0.0044791 secs]
210.909: Total time for which application threads were stopped: 0.0046428 seconds, Stopping threads took: 0.0000208 seconds
210.978: [GC (Allocation Failure)  681898K->362890K(1033728K), 0.0046333 secs]
210.983: Total time for which application threads were stopped: 0.0047901 seconds, Stopping threads took: 0.0000175 seconds
211.050: [GC (Allocation Failure)  682378K->370444K(1033728K), 0.0045265 secs]
211.055: Total time for which application threads were stopped: 0.0047201 seconds, Stopping threads took: 0.0000204 seconds
211.123: [GC (Allocation Failure)  689932K->370380K(1033728K), 0.0046050 secs]
211.128: Total time for which application threads were stopped: 0.0047789 seconds, Stopping threads took: 0.0000286 seconds
211.194: [GC (Allocation Failure)  689868K->371140K(1033728K), 0.0047615 secs]
211.199: Total time for which application threads were stopped: 0.0049286 seconds, Stopping threads took: 0.0000196 seconds
211.266: [GC (Allocation Failure)  690628K->378438K(1033728K), 0.0042476 secs]
211.270: Total time for which application threads were stopped: 0.0044070 seconds, Stopping threads took: 0.0000210 seconds
211.337: [GC (Allocation Failure)  697926K->378438K(1033728K), 0.0046088 secs]
211.342: Total time for which application threads were stopped: 0.0047877 seconds, Stopping threads took: 0.0000212 seconds
211.408: [GC (Allocation Failure)  697926K->379366K(1033728K), 0.0059857 secs]
211.414: Total time for which application threads were stopped: 0.0061655 seconds, Stopping threads took: 0.0000215 seconds
211.481: [GC (Allocation Failure)  698854K->386504K(1033728K), 0.0045261 secs]
211.486: Total time for which application threads were stopped: 0.0047008 seconds, Stopping threads took: 0.0000263 seconds
211.553: [GC (Allocation Failure)  705992K->386504K(1033728K), 0.0060564 secs]
211.559: Total time for which application threads were stopped: 0.0062486 seconds, Stopping threads took: 0.0000230 seconds
211.626: [GC (Allocation Failure)  705992K->386568K(1033728K), 0.0046529 secs]
211.631: Total time for which application threads were stopped: 0.0048443 seconds, Stopping threads took: 0.0000222 seconds
211.700: [GC (Allocation Failure)  706056K->394507K(1027072K), 0.0044976 secs]
211.705: Total time for which application threads were stopped: 0.0046693 seconds, Stopping threads took: 0.0000208 seconds
211.772: [GC (Allocation Failure)  713995K->394507K(1033216K), 0.0045957 secs]
211.776: Total time for which application threads were stopped: 0.0047825 seconds, Stopping threads took: 0.0000210 seconds
211.844: [GC (Allocation Failure)  712971K->394827K(1033216K), 0.0048164 secs]
211.849: Total time for which application threads were stopped: 0.0049848 seconds, Stopping threads took: 0.0000193 seconds
211.916: [GC (Allocation Failure)  713291K->402541K(1033216K), 0.0043952 secs]
211.921: Total time for which application threads were stopped: 0.0045639 seconds, Stopping threads took: 0.0000205 seconds
211.987: [GC (Allocation Failure)  721005K->402541K(1033216K), 0.0046582 secs]
211.992: Total time for which application threads were stopped: 0.0048272 seconds, Stopping threads took: 0.0000193 seconds
212.056: [GC (Allocation Failure)  721005K->403045K(1033216K), 0.0048864 secs]
212.061: Total time for which application threads were stopped: 0.0050500 seconds, Stopping threads took: 0.0000203 seconds
212.129: [GC (Allocation Failure)  721509K->410599K(1033216K), 0.0046660 secs]
212.134: Total time for which application threads were stopped: 0.0048895 seconds, Stopping threads took: 0.0000209 seconds
212.203: [GC (Allocation Failure)  729063K->410599K(1033216K), 0.0044219 secs]
212.207: Total time for which application threads were stopped: 0.0045881 seconds, Stopping threads took: 0.0000196 seconds
212.272: [GC (Allocation Failure)  729063K->410767K(1033216K), 0.0046115 secs]
212.276: Total time for which application threads were stopped: 0.0047698 seconds, Stopping threads took: 0.0000190 seconds
212.342: [GC (Allocation Failure)  729231K->418609K(1033216K), 0.0046549 secs]
212.347: Total time for which application threads were stopped: 0.0048431 seconds, Stopping threads took: 0.0000206 seconds
212.412: [GC (Allocation Failure)  737073K->418609K(1033216K), 0.0045251 secs]
212.417: Total time for which application threads were stopped: 0.0046974 seconds, Stopping threads took: 0.0000205 seconds
212.486: [GC (Allocation Failure)  737073K->418761K(1033216K), 0.0046321 secs]
212.490: Total time for which application threads were stopped: 0.0047939 seconds, Stopping threads took: 0.0000191 seconds
212.558: [GC (Allocation Failure)  737225K->426668K(1033216K), 0.0047896 secs]
212.563: Total time for which application threads were stopped: 0.0049866 seconds, Stopping threads took: 0.0000309 seconds
212.629: [GC (Allocation Failure)  745132K->426604K(1033216K), 0.0046579 secs]
212.633: Total time for which application threads were stopped: 0.0048493 seconds, Stopping threads took: 0.0000197 seconds
212.699: [GC (Allocation Failure)  745068K->426692K(1033216K), 0.0048411 secs]
212.704: Total time for which application threads were stopped: 0.0049991 seconds, Stopping threads took: 0.0000193 seconds
212.773: [GC (Allocation Failure)  745156K->434694K(1033216K), 0.0047079 secs]
212.778: Total time for which application threads were stopped: 0.0048669 seconds, Stopping threads took: 0.0000187 seconds
212.844: [GC (Allocation Failure)  753158K->434662K(1033216K), 0.0046243 secs]
212.848: Total time for which application threads were stopped: 0.0047811 seconds, Stopping threads took: 0.0000198 seconds
212.914: [GC (Allocation Failure)  753126K->434942K(1033216K), 0.0048056 secs]
212.919: Total time for which application threads were stopped: 0.0049641 seconds, Stopping threads took: 0.0000202 seconds
212.987: [GC (Allocation Failure)  753406K->442688K(1033216K), 0.0044725 secs]
212.992: Total time for which application threads were stopped: 0.0046428 seconds, Stopping threads took: 0.0000199 seconds
213.059: [GC (Allocation Failure)  761152K->442688K(1033216K), 0.0045135 secs]
213.064: Total time for which application threads were stopped: 0.0047053 seconds, Stopping threads took: 0.0000209 seconds
213.130: [GC (Allocation Failure)  761152K->442952K(1033216K), 0.0045276 secs]
213.135: Total time for which application threads were stopped: 0.0046993 seconds, Stopping threads took: 0.0000197 seconds
213.202: [GC (Allocation Failure)  761416K->450730K(1033216K), 0.0047221 secs]
213.207: Total time for which application threads were stopped: 0.0049126 seconds, Stopping threads took: 0.0000218 seconds
213.273: [GC (Allocation Failure)  769194K->446792K(1033216K), 0.0035107 secs]
213.277: Total time for which application threads were stopped: 0.0036714 seconds, Stopping threads took: 0.0000204 seconds
213.345: [GC (Allocation Failure)  765256K->450890K(1034752K), 0.0047389 secs]
213.350: Total time for which application threads were stopped: 0.0049423 seconds, Stopping threads took: 0.0000200 seconds
213.420: [GC (Allocation Failure)  771402K->454858K(1033728K), 0.0044348 secs]
213.424: Total time for which application threads were stopped: 0.0045833 seconds, Stopping threads took: 0.0000170 seconds
213.492: [GC (Allocation Failure)  775370K->447016K(1034240K), 0.0014616 secs]
213.494: Total time for which application threads were stopped: 0.0015888 seconds, Stopping threads took: 0.0000194 seconds
213.561: [GC (Allocation Failure)  767528K->454954K(1034240K), 0.0044420 secs]
213.566: Total time for which application threads were stopped: 0.0046204 seconds, Stopping threads took: 0.0000265 seconds
213.633: [GC (Allocation Failure)  775466K->459002K(1033216K), 0.0062615 secs]
213.639: Total time for which application threads were stopped: 0.0064358 seconds, Stopping threads took: 0.0000211 seconds
213.706: [GC (Allocation Failure)  778490K->464728K(1032704K), 0.0092848 secs]
213.716: Total time for which application threads were stopped: 0.0094667 seconds, Stopping threads took: 0.0000206 seconds
213.784: [GC (Allocation Failure)  784216K->459226K(1031680K), 0.0045715 secs]
213.788: Total time for which application threads were stopped: 0.0047500 seconds, Stopping threads took: 0.0000202 seconds
213.858: [GC (Allocation Failure)  775642K->459002K(1032192K), 0.0045419 secs]
213.863: Total time for which application threads were stopped: 0.0047233 seconds, Stopping threads took: 0.0000202 seconds
213.928: [GC (Allocation Failure)  775418K->453624K(1032704K), 0.0036094 secs]
213.931: Total time for which application threads were stopped: 0.0037735 seconds, Stopping threads took: 0.0000177 seconds
213.999: [GC (Allocation Failure)  771064K->459194K(1032704K), 0.0046563 secs]
214.004: Total time for which application threads were stopped: 0.0048295 seconds, Stopping threads took: 0.0000207 seconds
214.070: [GC (Allocation Failure)  776634K->459034K(1033216K), 0.0046581 secs]
214.075: Total time for which application threads were stopped: 0.0048271 seconds, Stopping threads took: 0.0000200 seconds
214.140: [GC (Allocation Failure)  776986K->459354K(1032704K), 0.0049417 secs]
214.145: Total time for which application threads were stopped: 0.0051136 seconds, Stopping threads took: 0.0000207 seconds
214.212: [GC (Allocation Failure)  777306K->467069K(1033216K), 0.0045436 secs]
214.216: Total time for which application threads were stopped: 0.0047156 seconds, Stopping threads took: 0.0000204 seconds
214.285: [GC (Allocation Failure)  785533K->467037K(1033216K), 0.0044874 secs]
214.289: Total time for which application threads were stopped: 0.0046384 seconds, Stopping threads took: 0.0000201 seconds
214.356: [GC (Allocation Failure)  785501K->471165K(1033728K), 0.0059779 secs]
214.362: Total time for which application threads were stopped: 0.0061482 seconds, Stopping threads took: 0.0000248 seconds
214.430: [GC (Allocation Failure)  790141K->475167K(1033216K), 0.0044907 secs]
214.434: Total time for which application threads were stopped: 0.0046655 seconds, Stopping threads took: 0.0000198 seconds
214.504: [GC (Allocation Failure)  794143K->475071K(1034240K), 0.0061069 secs]
214.510: Total time for which application threads were stopped: 0.0062830 seconds, Stopping threads took: 0.0000276 seconds
214.576: [GC (Allocation Failure)  795071K->477895K(1033728K), 0.0051951 secs]
214.581: Total time for which application threads were stopped: 0.0053749 seconds, Stopping threads took: 0.0000223 seconds
214.650: [GC (Allocation Failure)  797895K->483113K(1034240K), 0.0056888 secs]
214.655: Total time for which application threads were stopped: 0.0058465 seconds, Stopping threads took: 0.0000206 seconds
214.724: [GC (Allocation Failure)  803625K->483145K(1034240K), 0.0044188 secs]
214.728: Total time for which application threads were stopped: 0.0045966 seconds, Stopping threads took: 0.0000204 seconds
214.795: [GC (Allocation Failure)  803657K->483561K(1034240K), 0.0049893 secs]
214.801: Total time for which application threads were stopped: 0.0051613 seconds, Stopping threads took: 0.0000200 seconds
214.869: [GC (Allocation Failure)  804073K->491179K(1034240K), 0.0047785 secs]
214.874: Total time for which application threads were stopped: 0.0049514 seconds, Stopping threads took: 0.0000205 seconds
214.942: [GC (Allocation Failure)  811691K->491147K(1034240K), 0.0055392 secs]
214.948: Total time for which application threads were stopped: 0.0057387 seconds, Stopping threads took: 0.0000256 seconds
215.015: [GC (Allocation Failure)  811659K->493835K(1034240K), 0.0053076 secs]
215.020: Total time for which application threads were stopped: 0.0054998 seconds, Stopping threads took: 0.0000196 seconds
215.088: [GC (Allocation Failure)  814347K->499182K(1034240K), 0.0045120 secs]
215.093: Total time for which application threads were stopped: 0.0046825 seconds, Stopping threads took: 0.0000196 seconds
215.160: [GC (Allocation Failure)  819694K->499214K(1034240K), 0.0047604 secs]
215.165: Total time for which application threads were stopped: 0.0049216 seconds, Stopping threads took: 0.0000197 seconds
215.232: [GC (Allocation Failure)  819726K->500014K(1033728K), 0.0049146 secs]
215.237: Total time for which application threads were stopped: 0.0050812 seconds, Stopping threads took: 0.0000194 seconds
215.305: [GC (Allocation Failure)  820526K->507344K(1034240K), 0.0044873 secs]
215.309: Total time for which application threads were stopped: 0.0046827 seconds, Stopping threads took: 0.0000209 seconds
215.379: [GC (Allocation Failure)  827856K->507248K(1034240K), 0.0048406 secs]
215.383: Total time for which application threads were stopped: 0.0050035 seconds, Stopping threads took: 0.0000198 seconds
215.454: [GC (Allocation Failure)  827760K->510288K(1034240K), 0.0051943 secs]
215.459: Total time for which application threads were stopped: 0.0053532 seconds, Stopping threads took: 0.0000264 seconds
215.527: [GC (Allocation Failure)  830800K->515314K(1034752K), 0.0046927 secs]
215.532: Total time for which application threads were stopped: 0.0048656 seconds, Stopping threads took: 0.0000202 seconds
215.601: [GC (Allocation Failure)  836850K->515282K(1034752K), 0.0046113 secs]
215.606: Total time for which application threads were stopped: 0.0047830 seconds, Stopping threads took: 0.0000208 seconds
215.671: [GC (Allocation Failure)  836818K->518522K(1034752K), 0.0055691 secs]
215.677: Total time for which application threads were stopped: 0.0057610 seconds, Stopping threads took: 0.0000198 seconds
215.747: [GC (Allocation Failure)  840058K->523325K(1034752K), 0.0049072 secs]
215.752: Total time for which application threads were stopped: 0.0050870 seconds, Stopping threads took: 0.0000195 seconds
215.819: [GC (Allocation Failure)  844861K->523325K(1034752K), 0.0049438 secs]
215.824: Total time for which application threads were stopped: 0.0051413 seconds, Stopping threads took: 0.0000203 seconds
215.891: [GC (Allocation Failure)  844861K->523717K(1034752K), 0.0051455 secs]
215.896: Total time for which application threads were stopped: 0.0053068 seconds, Stopping threads took: 0.0000197 seconds
215.965: [GC (Allocation Failure)  845253K->531367K(1033728K), 0.0048554 secs]
215.970: Total time for which application threads were stopped: 0.0050472 seconds, Stopping threads took: 0.0000202 seconds
216.038: [GC (Allocation Failure)  851879K->531335K(1034240K), 0.0048515 secs]
216.043: Total time for which application threads were stopped: 0.0050036 seconds, Stopping threads took: 0.0000173 seconds
216.109: [GC (Allocation Failure)  851847K->535047K(1034752K), 0.0055468 secs]
216.115: Total time for which application threads were stopped: 0.0057178 seconds, Stopping threads took: 0.0000201 seconds
216.185: [GC (Allocation Failure)  856583K->539369K(1034752K), 0.0047506 secs]
216.190: Total time for which application threads were stopped: 0.0049046 seconds, Stopping threads took: 0.0000172 seconds
216.258: [GC (Allocation Failure)  860905K->539369K(1034752K), 0.0045066 secs]
216.263: Total time for which application threads were stopped: 0.0046895 seconds, Stopping threads took: 0.0000177 seconds
216.329: [GC (Allocation Failure)  860905K->540169K(1034752K), 0.0049603 secs]
216.334: Total time for which application threads were stopped: 0.0051223 seconds, Stopping threads took: 0.0000193 seconds
216.403: [GC (Allocation Failure)  861705K->547531K(1034752K), 0.0046946 secs]
216.408: Total time for which application threads were stopped: 0.0048637 seconds, Stopping threads took: 0.0000219 seconds
216.476: [GC (Allocation Failure)  869067K->547371K(1034752K), 0.0047125 secs]
216.480: Total time for which application threads were stopped: 0.0048913 seconds, Stopping threads took: 0.0000277 seconds
216.546: [GC (Allocation Failure)  868907K->549491K(1034752K), 0.0053416 secs]
216.551: Total time for which application threads were stopped: 0.0055265 seconds, Stopping threads took: 0.0000261 seconds
216.618: [GC (Allocation Failure)  871027K->555478K(1034752K), 0.0048389 secs]
216.623: Total time for which application threads were stopped: 0.0050027 seconds, Stopping threads took: 0.0000202 seconds
216.690: [GC (Allocation Failure)  877014K->555414K(1034752K), 0.0048854 secs]
216.695: Total time for which application threads were stopped: 0.0050589 seconds, Stopping threads took: 0.0000195 seconds
216.762: [GC (Allocation Failure)  876950K->558750K(1034752K), 0.0056858 secs]
216.768: Total time for which application threads were stopped: 0.0058788 seconds, Stopping threads took: 0.0000198 seconds
216.835: [GC (Allocation Failure)  880286K->563520K(1034752K), 0.0047687 secs]
216.840: Total time for which application threads were stopped: 0.0049399 seconds, Stopping threads took: 0.0000203 seconds
216.906: [GC (Allocation Failure)  885056K->563456K(1034752K), 0.0048355 secs]
216.911: Total time for which application threads were stopped: 0.0050441 seconds, Stopping threads took: 0.0000206 seconds
216.979: [GC (Allocation Failure)  884992K->563880K(1034752K), 0.0047662 secs]
216.984: Total time for which application threads were stopped: 0.0049615 seconds, Stopping threads took: 0.0000204 seconds
217.053: [GC (Allocation Failure)  885416K->571594K(1034752K), 0.0048046 secs]
217.058: Total time for which application threads were stopped: 0.0049870 seconds, Stopping threads took: 0.0000172 seconds
217.127: [GC (Allocation Failure)  893130K->571562K(1034752K), 0.0049913 secs]
217.132: Total time for which application threads were stopped: 0.0051581 seconds, Stopping threads took: 0.0000191 seconds
217.197: [GC (Allocation Failure)  893098K->573122K(1022976K), 0.0050743 secs]
217.202: Total time for which application threads were stopped: 0.0052310 seconds, Stopping threads took: 0.0000196 seconds
217.271: [GC (Allocation Failure)  894658K->579588K(1034240K), 0.0050815 secs]
217.276: Total time for which application threads were stopped: 0.0052627 seconds, Stopping threads took: 0.0000279 seconds
217.343: [GC (Allocation Failure)  900100K->579524K(1034240K), 0.0045998 secs]
217.348: Total time for which application threads were stopped: 0.0047567 seconds, Stopping threads took: 0.0000196 seconds
217.414: [GC (Allocation Failure)  900036K->580356K(1034240K), 0.0051684 secs]
217.420: Total time for which application threads were stopped: 0.0053266 seconds, Stopping threads took: 0.0000197 seconds
217.488: [GC (Allocation Failure)  900868K->587687K(1034240K), 0.0057003 secs]
217.494: Total time for which application threads were stopped: 0.0058682 seconds, Stopping threads took: 0.0000279 seconds
217.561: [GC (Allocation Failure)  908199K->587591K(1034240K), 0.0047606 secs]
217.566: Total time for which application threads were stopped: 0.0049246 seconds, Stopping threads took: 0.0000191 seconds
217.633: [GC (Allocation Failure)  908103K->590663K(1034240K), 0.0053905 secs]
217.638: Total time for which application threads were stopped: 0.0055870 seconds, Stopping threads took: 0.0000205 seconds
217.708: [GC (Allocation Failure)  911175K->595689K(1033728K), 0.0048588 secs]
217.713: Total time for which application threads were stopped: 0.0050180 seconds, Stopping threads took: 0.0000178 seconds
217.781: [GC (Allocation Failure)  916201K->595625K(1034240K), 0.0074784 secs]
217.789: Total time for which application threads were stopped: 0.0076512 seconds, Stopping threads took: 0.0000191 seconds
217.857: [GC (Allocation Failure)  916137K->596801K(1033728K), 0.0086224 secs]
217.866: Total time for which application threads were stopped: 0.0087950 seconds, Stopping threads took: 0.0000194 seconds
217.936: [GC (Allocation Failure)  917313K->603619K(1034240K), 0.0057877 secs]
217.942: Total time for which application threads were stopped: 0.0059691 seconds, Stopping threads took: 0.0000173 seconds
218.010: [GC (Allocation Failure)  924131K->603651K(1034240K), 0.0047772 secs]
218.015: Total time for which application threads were stopped: 0.0049378 seconds, Stopping threads took: 0.0000170 seconds
218.083: [GC (Allocation Failure)  924163K->607139K(1034240K), 0.0058840 secs]
218.089: Total time for which application threads were stopped: 0.0060442 seconds, Stopping threads took: 0.0000209 seconds
218.159: [GC (Allocation Failure)  927651K->611749K(1034752K), 0.0049863 secs]
218.164: Total time for which application threads were stopped: 0.0051578 seconds, Stopping threads took: 0.0000209 seconds
218.232: [GC (Allocation Failure)  933285K->611685K(1034752K), 0.0050974 secs]
218.237: Total time for which application threads were stopped: 0.0052778 seconds, Stopping threads took: 0.0000196 seconds
218.303: [GC (Allocation Failure)  933221K->615373K(1034752K), 0.0059170 secs]
218.309: Total time for which application threads were stopped: 0.0060845 seconds, Stopping threads took: 0.0000204 seconds
218.378: [GC (Allocation Failure)  936909K->619856K(1034752K), 0.0049767 secs]
218.383: Total time for which application threads were stopped: 0.0051379 seconds, Stopping threads took: 0.0000203 seconds
218.452: [GC (Allocation Failure)  941392K->619728K(1034752K), 0.0049074 secs]
218.457: Total time for which application threads were stopped: 0.0051059 seconds, Stopping threads took: 0.0000262 seconds
218.524: [GC (Allocation Failure)  941264K->620520K(1034752K), 0.0050296 secs]
218.529: Total time for which application threads were stopped: 0.0051784 seconds, Stopping threads took: 0.0000166 seconds
218.598: [GC (Allocation Failure)  942056K->627818K(1034752K), 0.0048944 secs]
218.603: Total time for which application threads were stopped: 0.0050569 seconds, Stopping threads took: 0.0000197 seconds
218.670: [GC (Allocation Failure)  949354K->627754K(1034752K), 0.0048782 secs]
218.675: Total time for which application threads were stopped: 0.0050387 seconds, Stopping threads took: 0.0000206 seconds
218.741: [GC (Allocation Failure)  949290K->629770K(1034752K), 0.0052157 secs]
218.747: Total time for which application threads were stopped: 0.0053866 seconds, Stopping threads took: 0.0000202 seconds
218.814: [GC (Allocation Failure)  951306K->635820K(1034752K), 0.0049598 secs]
218.819: Total time for which application threads were stopped: 0.0051300 seconds, Stopping threads took: 0.0000211 seconds
218.885: [GC (Allocation Failure)  957356K->635820K(1034752K), 0.0052401 secs]
218.891: Total time for which application threads were stopped: 0.0054081 seconds, Stopping threads took: 0.0000198 seconds
218.957: [GC (Allocation Failure)  957356K->639044K(1034752K), 0.0060819 secs]
218.963: Total time for which application threads were stopped: 0.0062415 seconds, Stopping threads took: 0.0000199 seconds
219.029: [GC (Allocation Failure)  960580K->643815K(1034752K), 0.0051748 secs]
219.034: Total time for which application threads were stopped: 0.0053334 seconds, Stopping threads took: 0.0000194 seconds
219.101: [GC (Allocation Failure)  965351K->643847K(1034752K), 0.0052402 secs]
219.106: Total time for which application threads were stopped: 0.0054007 seconds, Stopping threads took: 0.0000190 seconds
219.171: [GC (Allocation Failure)  965383K->644167K(1034752K), 0.0050742 secs]
219.177: Total time for which application threads were stopped: 0.0052442 seconds, Stopping threads took: 0.0000199 seconds
219.245: [GC (Allocation Failure)  965703K->651881K(1034752K), 0.0049679 secs]
219.250: Total time for which application threads were stopped: 0.0051277 seconds, Stopping threads took: 0.0000195 seconds
219.318: [GC (Allocation Failure)  973417K->651849K(1034752K), 0.0051673 secs]
219.323: Total time for which application threads were stopped: 0.0053258 seconds, Stopping threads took: 0.0000188 seconds
219.389: [GC (Allocation Failure)  973385K->653449K(1034752K), 0.0051929 secs]
219.394: Total time for which application threads were stopped: 0.0053603 seconds, Stopping threads took: 0.0000200 seconds
219.463: [GC (Allocation Failure)  974985K->659947K(1033728K), 0.0050273 secs]
219.468: Total time for which application threads were stopped: 0.0052478 seconds, Stopping threads took: 0.0000273 seconds
219.536: [GC (Allocation Failure)  980459K->659851K(1034240K), 0.0062745 secs]
219.542: Total time for which application threads were stopped: 0.0064457 seconds, Stopping threads took: 0.0000267 seconds
219.610: [GC (Allocation Failure)  980363K->660675K(1034240K), 0.0053073 secs]
219.616: Total time for which application threads were stopped: 0.0054781 seconds, Stopping threads took: 0.0000192 seconds
219.683: [GC (Allocation Failure)  981187K->667973K(1034240K), 0.0052195 secs]
219.689: Total time for which application threads were stopped: 0.0053920 seconds, Stopping threads took: 0.0000213 seconds
219.756: [GC (Allocation Failure)  988485K->667941K(1034240K), 0.0064733 secs]
219.763: Total time for which application threads were stopped: 0.0066423 seconds, Stopping threads took: 0.0000261 seconds
219.831: [GC (Allocation Failure)  988453K->670949K(1034240K), 0.0059838 secs]
219.837: Total time for which application threads were stopped: 0.0061740 seconds, Stopping threads took: 0.0000214 seconds
219.906: [GC (Allocation Failure)  991461K->675912K(1034752K), 0.0051100 secs]
219.911: Total time for which application threads were stopped: 0.0052793 seconds, Stopping threads took: 0.0000225 seconds
219.980: [GC (Allocation Failure)  997448K->675944K(1034752K), 0.0049040 secs]
219.985: Total time for which application threads were stopped: 0.0050642 seconds, Stopping threads took: 0.0000197 seconds
220.050: [GC (Allocation Failure)  997480K->679176K(1034752K), 0.0058545 secs]
220.056: Total time for which application threads were stopped: 0.0060162 seconds, Stopping threads took: 0.0000198 seconds
220.122: [GC (Allocation Failure)  1000712K->684010K(1034752K), 0.0050222 secs]
220.127: Total time for which application threads were stopped: 0.0051807 seconds, Stopping threads took: 0.0000190 seconds
220.193: [GC (Allocation Failure)  1005546K->684010K(1034752K), 0.0051511 secs]
220.198: Total time for which application threads were stopped: 0.0053084 seconds, Stopping threads took: 0.0000195 seconds
220.263: [GC (Allocation Failure)  1005546K->684330K(1021440K), 0.0053518 secs]
220.269: [Full GC (Ergonomics)  684330K->8821K(1021440K), 0.0125931 secs]
220.281: Total time for which application threads were stopped: 0.0182078 seconds, Stopping threads took: 0.0000201 seconds
220.350: [GC (Allocation Failure)  330357K->18648K(1033216K), 0.0041212 secs]
220.354: Total time for which application threads were stopped: 0.0042813 seconds, Stopping threads took: 0.0000200 seconds
220.424: [GC (Allocation Failure)  338136K->18680K(1033728K), 0.0037592 secs]
220.428: Total time for which application threads were stopped: 0.0039242 seconds, Stopping threads took: 0.0000203 seconds
220.494: [GC (Allocation Failure)  338168K->20216K(1033728K), 0.0038038 secs]
220.498: Total time for which application threads were stopped: 0.0039714 seconds, Stopping threads took: 0.0000293 seconds
220.567: [GC (Allocation Failure)  339704K->26746K(1033728K), 0.0036562 secs]
220.571: Total time for which application threads were stopped: 0.0038531 seconds, Stopping threads took: 0.0000202 seconds
220.639: [GC (Allocation Failure)  346234K->26682K(1034240K), 0.0040208 secs]
220.643: Total time for which application threads were stopped: 0.0041781 seconds, Stopping threads took: 0.0000180 seconds
220.710: [GC (Allocation Failure)  346682K->27970K(1033728K), 0.0041597 secs]
220.714: Total time for which application threads were stopped: 0.0043263 seconds, Stopping threads took: 0.0000199 seconds
220.780: [GC (Allocation Failure)  347970K->34724K(1034240K), 0.0038288 secs]
220.784: Total time for which application threads were stopped: 0.0039964 seconds, Stopping threads took: 0.0000206 seconds
220.852: [GC (Allocation Failure)  354724K->34724K(1033728K), 0.0039323 secs]
220.856: Total time for which application threads were stopped: 0.0041032 seconds, Stopping threads took: 0.0000198 seconds
220.921: [GC (Allocation Failure)  354724K->36716K(1034240K), 0.0044123 secs]
220.925: Total time for which application threads were stopped: 0.0045762 seconds, Stopping threads took: 0.0000213 seconds
220.993: [GC (Allocation Failure)  357228K->42766K(1034240K), 0.0039683 secs]
220.997: Total time for which application threads were stopped: 0.0041523 seconds, Stopping threads took: 0.0000204 seconds
221.066: [GC (Allocation Failure)  363278K->42766K(1034240K), 0.0037401 secs]
221.070: Total time for which application threads were stopped: 0.0038985 seconds, Stopping threads took: 0.0000167 seconds
221.137: [GC (Allocation Failure)  363278K->42918K(1020416K), 0.0041190 secs]
221.141: Total time for which application threads were stopped: 0.0042915 seconds, Stopping threads took: 0.0000203 seconds
221.209: [GC (Allocation Failure)  363430K->50889K(1033728K), 0.0041446 secs]
221.213: Total time for which application threads were stopped: 0.0043445 seconds, Stopping threads took: 0.0000213 seconds
221.281: [GC (Allocation Failure)  370377K->50761K(1033728K), 0.0037154 secs]
221.285: Total time for which application threads were stopped: 0.0038760 seconds, Stopping threads took: 0.0000182 seconds
221.351: [GC (Allocation Failure)  370249K->51145K(1033728K), 0.0039603 secs]
221.355: Total time for which application threads were stopped: 0.0041440 seconds, Stopping threads took: 0.0000203 seconds
221.424: [GC (Allocation Failure)  370633K->58891K(1033728K), 0.0037378 secs]
221.428: Total time for which application threads were stopped: 0.0039110 seconds, Stopping threads took: 0.0000266 seconds
221.497: [GC (Allocation Failure)  378379K->58827K(1033728K), 0.0039437 secs]
221.501: Total time for which application threads were stopped: 0.0041095 seconds, Stopping threads took: 0.0000285 seconds
221.568: [GC (Allocation Failure)  378315K->59371K(1033728K), 0.0041384 secs]
221.572: Total time for which application threads were stopped: 0.0042963 seconds, Stopping threads took: 0.0000175 seconds
221.640: [GC (Allocation Failure)  378859K->66925K(1033728K), 0.0037222 secs]
221.643: Total time for which application threads were stopped: 0.0038988 seconds, Stopping threads took: 0.0000268 seconds
221.710: [GC (Allocation Failure)  386413K->66861K(1033728K), 0.0038719 secs]
221.714: Total time for which application threads were stopped: 0.0040626 seconds, Stopping threads took: 0.0000208 seconds
221.780: [GC (Allocation Failure)  386349K->67589K(1033728K), 0.0040367 secs]
221.784: Total time for which application threads were stopped: 0.0042401 seconds, Stopping threads took: 0.0000250 seconds
221.853: [GC (Allocation Failure)  387077K->74887K(1033728K), 0.0038629 secs]
221.857: Total time for which application threads were stopped: 0.0040355 seconds, Stopping threads took: 0.0000212 seconds
221.925: [GC (Allocation Failure)  394375K->74887K(1033728K), 0.0045708 secs]
221.929: Total time for which application threads were stopped: 0.0047421 seconds, Stopping threads took: 0.0000205 seconds
221.998: [GC (Allocation Failure)  394375K->76903K(1033728K), 0.0043339 secs]
222.002: Total time for which application threads were stopped: 0.0045193 seconds, Stopping threads took: 0.0000213 seconds
222.072: [GC (Allocation Failure)  396391K->82954K(1033728K), 0.0040447 secs]
222.076: Total time for which application threads were stopped: 0.0042274 seconds, Stopping threads took: 0.0000210 seconds
222.143: [GC (Allocation Failure)  402442K->82922K(1033728K), 0.0039763 secs]
222.147: Total time for which application threads were stopped: 0.0041460 seconds, Stopping threads took: 0.0000213 seconds
222.215: [GC (Allocation Failure)  402410K->84106K(1033728K), 0.0041908 secs]
222.219: Total time for which application threads were stopped: 0.0043527 seconds, Stopping threads took: 0.0000206 seconds
222.286: [GC (Allocation Failure)  403594K->90956K(1033728K), 0.0041352 secs]
222.291: Total time for which application threads were stopped: 0.0043155 seconds, Stopping threads took: 0.0000207 seconds
222.359: [GC (Allocation Failure)  410444K->90956K(1033728K), 0.0037043 secs]
222.363: Total time for which application threads were stopped: 0.0038906 seconds, Stopping threads took: 0.0000208 seconds
222.429: [GC (Allocation Failure)  410444K->91308K(1033728K), 0.0041541 secs]
222.433: Total time for which application threads were stopped: 0.0043270 seconds, Stopping threads took: 0.0000207 seconds
222.502: [GC (Allocation Failure)  410796K->98990K(1033728K), 0.0037841 secs]
222.506: Total time for which application threads were stopped: 0.0039682 seconds, Stopping threads took: 0.0000264 seconds
222.573: [GC (Allocation Failure)  418478K->98958K(1033728K), 0.0038880 secs]
222.577: Total time for which application threads were stopped: 0.0040658 seconds, Stopping threads took: 0.0000208 seconds
222.643: [GC (Allocation Failure)  418446K->99494K(1033728K), 0.0041858 secs]
222.647: Total time for which application threads were stopped: 0.0043457 seconds, Stopping threads took: 0.0000198 seconds
222.715: [GC (Allocation Failure)  418982K->107016K(1033728K), 0.0046295 secs]
222.720: Total time for which application threads were stopped: 0.0047899 seconds, Stopping threads took: 0.0000203 seconds
222.787: [GC (Allocation Failure)  426504K->107016K(1033728K), 0.0045684 secs]
222.792: Total time for which application threads were stopped: 0.0047437 seconds, Stopping threads took: 0.0000204 seconds
222.858: [GC (Allocation Failure)  426504K->107744K(1033728K), 0.0041252 secs]
222.862: Total time for which application threads were stopped: 0.0043244 seconds, Stopping threads took: 0.0000223 seconds
222.932: [GC (Allocation Failure)  427232K->115075K(1033728K), 0.0037845 secs]
222.936: Total time for which application threads were stopped: 0.0039896 seconds, Stopping threads took: 0.0000193 seconds
223.004: [GC (Allocation Failure)  434563K->115043K(1033728K), 0.0039739 secs]
223.008: Total time for which application threads were stopped: 0.0041246 seconds, Stopping threads took: 0.0000173 seconds
223.074: [GC (Allocation Failure)  434531K->115971K(1033728K), 0.0042876 secs]
223.079: Total time for which application threads were stopped: 0.0044661 seconds, Stopping threads took: 0.0000202 seconds
223.146: [GC (Allocation Failure)  435459K->123077K(1033728K), 0.0038671 secs]
223.150: Total time for which application threads were stopped: 0.0040459 seconds, Stopping threads took: 0.0000271 seconds
223.217: [GC (Allocation Failure)  442565K->123109K(1033728K), 0.0039986 secs]
223.222: Total time for which application threads were stopped: 0.0041704 seconds, Stopping threads took: 0.0000206 seconds
223.288: [GC (Allocation Failure)  442597K->123165K(1033728K), 0.0044160 secs]
223.292: Total time for which application threads were stopped: 0.0045940 seconds, Stopping threads took: 0.0000207 seconds
223.361: [GC (Allocation Failure)  442653K->131103K(1032704K), 0.0040129 secs]
223.365: Total time for which application threads were stopped: 0.0042051 seconds, Stopping threads took: 0.0000195 seconds
223.435: [GC (Allocation Failure)  449567K->131103K(1033216K), 0.0039395 secs]
223.439: Total time for which application threads were stopped: 0.0041096 seconds, Stopping threads took: 0.0000203 seconds
223.504: [GC (Allocation Failure)  449567K->131431K(1033216K), 0.0040726 secs]
223.508: Total time for which application threads were stopped: 0.0042588 seconds, Stopping threads took: 0.0000262 seconds
223.575: [GC (Allocation Failure)  449895K->139178K(1033216K), 0.0041220 secs]
223.579: Total time for which application threads were stopped: 0.0043027 seconds, Stopping threads took: 0.0000213 seconds
223.644: [GC (Allocation Failure)  457642K->139146K(1033216K), 0.0040582 secs]
223.648: Total time for which application threads were stopped: 0.0042302 seconds, Stopping threads took: 0.0000205 seconds
223.715: [GC (Allocation Failure)  457610K->139658K(1033216K), 0.0041517 secs]
223.719: Total time for which application threads were stopped: 0.0043379 seconds, Stopping threads took: 0.0000283 seconds
223.789: [GC (Allocation Failure)  458122K->147212K(1033216K), 0.0040588 secs]
223.793: Total time for which application threads were stopped: 0.0042507 seconds, Stopping threads took: 0.0000250 seconds
223.864: [GC (Allocation Failure)  465676K->147180K(1033216K), 0.0039235 secs]
223.868: Total time for which application threads were stopped: 0.0040915 seconds, Stopping threads took: 0.0000171 seconds
223.933: [GC (Allocation Failure)  465644K->147372K(1033216K), 0.0041143 secs]
223.937: Total time for which application threads were stopped: 0.0042830 seconds, Stopping threads took: 0.0000277 seconds
224.004: [GC (Allocation Failure)  465836K->155214K(1033216K), 0.0041071 secs]
224.008: Total time for which application threads were stopped: 0.0042710 seconds, Stopping threads took: 0.0000197 seconds
224.075: [GC (Allocation Failure)  473678K->155214K(1033216K), 0.0038690 secs]
224.079: Total time for which application threads were stopped: 0.0040344 seconds, Stopping threads took: 0.0000209 seconds
224.143: [GC (Allocation Failure)  473678K->155366K(1033216K), 0.0040901 secs]
224.147: Total time for which application threads were stopped: 0.0042609 seconds, Stopping threads took: 0.0000206 seconds
224.214: [GC (Allocation Failure)  473830K->163272K(1033216K), 0.0039889 secs]
224.218: Total time for which application threads were stopped: 0.0042018 seconds, Stopping threads took: 0.0000198 seconds
224.286: [GC (Allocation Failure)  481736K->163240K(1033216K), 0.0040326 secs]
224.290: Total time for which application threads were stopped: 0.0041830 seconds, Stopping threads took: 0.0000174 seconds
224.357: [GC (Allocation Failure)  481704K->163304K(1033216K), 0.0040309 secs]
224.361: Total time for which application threads were stopped: 0.0042063 seconds, Stopping threads took: 0.0000205 seconds
224.427: [GC (Allocation Failure)  481768K->171307K(1033216K), 0.0041003 secs]
224.432: Total time for which application threads were stopped: 0.0042740 seconds, Stopping threads took: 0.0000205 seconds
224.498: [GC (Allocation Failure)  489771K->171307K(1033216K), 0.0039675 secs]
224.502: Total time for which application threads were stopped: 0.0041435 seconds, Stopping threads took: 0.0000263 seconds
224.567: [GC (Allocation Failure)  489771K->171595K(1033216K), 0.0045100 secs]
224.572: Total time for which application threads were stopped: 0.0047108 seconds, Stopping threads took: 0.0000272 seconds
224.639: [GC (Allocation Failure)  490059K->179309K(1033216K), 0.0040161 secs]
224.643: Total time for which application threads were stopped: 0.0042186 seconds, Stopping threads took: 0.0000224 seconds
224.710: [GC (Allocation Failure)  497773K->175403K(1033216K), 0.0029482 secs]
224.713: Total time for which application threads were stopped: 0.0031308 seconds, Stopping threads took: 0.0000206 seconds
224.782: [GC (Allocation Failure)  493867K->179461K(1034752K), 0.0044077 secs]
224.787: Total time for which application threads were stopped: 0.0045793 seconds, Stopping threads took: 0.0000200 seconds
224.856: [GC (Allocation Failure)  499973K->183397K(1033728K), 0.0042533 secs]
224.860: Total time for which application threads were stopped: 0.0044140 seconds, Stopping threads took: 0.0000197 seconds
224.930: [GC (Allocation Failure)  503909K->175587K(1034240K), 0.0025851 secs]
224.932: Total time for which application threads were stopped: 0.0027446 seconds, Stopping threads took: 0.0000253 seconds
225.001: [GC (Allocation Failure)  496099K->183461K(1034240K), 0.0042413 secs]
225.005: Total time for which application threads were stopped: 0.0044029 seconds, Stopping threads took: 0.0000205 seconds
225.073: [GC (Allocation Failure)  503973K->187573K(1033216K), 0.0056906 secs]
225.079: Total time for which application threads were stopped: 0.0058618 seconds, Stopping threads took: 0.0000206 seconds
225.145: [GC (Allocation Failure)  507061K->193299K(1032704K), 0.0066038 secs]
225.152: Total time for which application threads were stopped: 0.0067761 seconds, Stopping threads took: 0.0000197 seconds
225.219: [GC (Allocation Failure)  512787K->187829K(1031680K), 0.0042782 secs]
225.223: Total time for which application threads were stopped: 0.0044394 seconds, Stopping threads took: 0.0000207 seconds
225.289: [GC (Allocation Failure)  504245K->187573K(1032192K), 0.0043382 secs]
225.293: Total time for which application threads were stopped: 0.0045360 seconds, Stopping threads took: 0.0000283 seconds
225.359: [GC (Allocation Failure)  503989K->182227K(1032704K), 0.0023842 secs]
225.362: Total time for which application threads were stopped: 0.0025575 seconds, Stopping threads took: 0.0000286 seconds
225.429: [GC (Allocation Failure)  499667K->187765K(1032704K), 0.0043172 secs]
225.433: Total time for which application threads were stopped: 0.0045079 seconds, Stopping threads took: 0.0000203 seconds
225.502: [GC (Allocation Failure)  505205K->187605K(1033216K), 0.0042135 secs]
225.506: Total time for which application threads were stopped: 0.0043842 seconds, Stopping threads took: 0.0000267 seconds
225.574: [GC (Allocation Failure)  505557K->187925K(1032704K), 0.0042450 secs]
225.578: Total time for which application threads were stopped: 0.0044416 seconds, Stopping threads took: 0.0000204 seconds
225.646: [GC (Allocation Failure)  505877K->195735K(1033216K), 0.0041735 secs]
225.650: Total time for which application threads were stopped: 0.0043488 seconds, Stopping threads took: 0.0000215 seconds
225.717: [GC (Allocation Failure)  514199K->195607K(1033216K), 0.0042272 secs]
225.722: Total time for which application threads were stopped: 0.0044024 seconds, Stopping threads took: 0.0000204 seconds
225.789: [GC (Allocation Failure)  514071K->199743K(1033728K), 0.0052456 secs]
225.795: Total time for which application threads were stopped: 0.0054197 seconds, Stopping threads took: 0.0000200 seconds
225.861: [GC (Allocation Failure)  518719K->203745K(1033216K), 0.0042244 secs]
225.865: Total time for which application threads were stopped: 0.0044014 seconds, Stopping threads took: 0.0000212 seconds
225.932: [GC (Allocation Failure)  522721K->203649K(1034240K), 0.0049408 secs]
225.937: Total time for which application threads were stopped: 0.0051118 seconds, Stopping threads took: 0.0000260 seconds
226.005: [GC (Allocation Failure)  523649K->206441K(1033728K), 0.0045985 secs]
226.009: Total time for which application threads were stopped: 0.0047844 seconds, Stopping threads took: 0.0000266 seconds
226.076: [GC (Allocation Failure)  526441K->211724K(1034240K), 0.0040182 secs]
226.080: Total time for which application threads were stopped: 0.0042117 seconds, Stopping threads took: 0.0000201 seconds
226.149: [GC (Allocation Failure)  532236K->211692K(1034240K), 0.0041285 secs]
226.153: Total time for which application threads were stopped: 0.0042859 seconds, Stopping threads took: 0.0000169 seconds
226.220: [GC (Allocation Failure)  532204K->212140K(1034240K), 0.0044136 secs]
226.224: Total time for which application threads were stopped: 0.0045837 seconds, Stopping threads took: 0.0000204 seconds
226.292: [GC (Allocation Failure)  532652K->219758K(1034240K), 0.0042629 secs]
226.296: Total time for which application threads were stopped: 0.0044578 seconds, Stopping threads took: 0.0000202 seconds
226.366: [GC (Allocation Failure)  540270K->219758K(1034240K), 0.0040276 secs]
226.370: Total time for which application threads were stopped: 0.0042082 seconds, Stopping threads took: 0.0000210 seconds
226.437: [GC (Allocation Failure)  540270K->222374K(1034240K), 0.0048802 secs]
226.442: Total time for which application threads were stopped: 0.0050648 seconds, Stopping threads took: 0.0000204 seconds
226.511: [GC (Allocation Failure)  542886K->227784K(1034240K), 0.0040752 secs]
226.515: Total time for which application threads were stopped: 0.0042529 seconds, Stopping threads took: 0.0000274 seconds
226.583: [GC (Allocation Failure)  548296K->227784K(1034240K), 0.0040900 secs]
226.587: Total time for which application threads were stopped: 0.0042573 seconds, Stopping threads took: 0.0000261 seconds
226.654: [GC (Allocation Failure)  548296K->228584K(1033728K), 0.0042360 secs]
226.658: Total time for which application threads were stopped: 0.0043971 seconds, Stopping threads took: 0.0000191 seconds
226.727: [GC (Allocation Failure)  549096K->235914K(1034240K), 0.0042133 secs]
226.731: Total time for which application threads were stopped: 0.0043837 seconds, Stopping threads took: 0.0000198 seconds
226.799: [GC (Allocation Failure)  556426K->235818K(1034240K), 0.0044508 secs]
226.804: Total time for which application threads were stopped: 0.0046394 seconds, Stopping threads took: 0.0000280 seconds
226.871: [GC (Allocation Failure)  556330K->238858K(1034240K), 0.0048597 secs]
226.876: Total time for which application threads were stopped: 0.0050581 seconds, Stopping threads took: 0.0000203 seconds
226.947: [GC (Allocation Failure)  559370K->243853K(1034752K), 0.0051483 secs]
226.952: Total time for which application threads were stopped: 0.0053124 seconds, Stopping threads took: 0.0000257 seconds
227.020: [GC (Allocation Failure)  565389K->243821K(1034752K), 0.0043512 secs]
227.025: Total time for which application threads were stopped: 0.0045348 seconds, Stopping threads took: 0.0000263 seconds
227.090: [GC (Allocation Failure)  565357K->247117K(1034752K), 0.0050534 secs]
227.095: Total time for which application threads were stopped: 0.0052155 seconds, Stopping threads took: 0.0000200 seconds
227.163: [GC (Allocation Failure)  568653K->251887K(1034752K), 0.0044575 secs]
227.167: Total time for which application threads were stopped: 0.0046252 seconds, Stopping threads took: 0.0000200 seconds
227.234: [GC (Allocation Failure)  573423K->251887K(1034752K), 0.0044386 secs]
227.238: Total time for which application threads were stopped: 0.0046096 seconds, Stopping threads took: 0.0000204 seconds
227.303: [GC (Allocation Failure)  573423K->252279K(1034752K), 0.0065250 secs]
227.310: Total time for which application threads were stopped: 0.0066924 seconds, Stopping threads took: 0.0000197 seconds
227.378: [GC (Allocation Failure)  573815K->259897K(1034752K), 0.0043370 secs]
227.383: Total time for which application threads were stopped: 0.0045071 seconds, Stopping threads took: 0.0000201 seconds
227.452: [GC (Allocation Failure)  581433K->259897K(1034752K), 0.0046030 secs]
227.456: Total time for which application threads were stopped: 0.0047759 seconds, Stopping threads took: 0.0000207 seconds
227.522: [GC (Allocation Failure)  581433K->261529K(1034752K), 0.0045085 secs]
227.526: Total time for which application threads were stopped: 0.0046823 seconds, Stopping threads took: 0.0000281 seconds
227.596: [GC (Allocation Failure)  583065K->267964K(1029120K), 0.0044158 secs]
227.601: Total time for which application threads were stopped: 0.0045867 seconds, Stopping threads took: 0.0000209 seconds
227.667: [GC (Allocation Failure)  589500K->267932K(1034240K), 0.0042010 secs]
227.671: Total time for which application threads were stopped: 0.0043807 seconds, Stopping threads took: 0.0000217 seconds
227.737: [GC (Allocation Failure)  588444K->269748K(1034240K), 0.0045870 secs]
227.741: Total time for which application threads were stopped: 0.0047856 seconds, Stopping threads took: 0.0000204 seconds
227.811: [GC (Allocation Failure)  590260K->276086K(1033728K), 0.0042497 secs]
227.815: Total time for which application threads were stopped: 0.0044059 seconds, Stopping threads took: 0.0000171 seconds
227.885: [GC (Allocation Failure)  596598K->275990K(1034240K), 0.0041744 secs]
227.889: Total time for which application threads were stopped: 0.0043629 seconds, Stopping threads took: 0.0000207 seconds
227.957: [GC (Allocation Failure)  596502K->280046K(1034752K), 0.0052196 secs]
227.963: Total time for which application threads were stopped: 0.0053814 seconds, Stopping threads took: 0.0000250 seconds
228.030: [GC (Allocation Failure)  601070K->284048K(1034240K), 0.0044148 secs]
228.035: Total time for which application threads were stopped: 0.0045881 seconds, Stopping threads took: 0.0000256 seconds
228.102: [GC (Allocation Failure)  605072K->283952K(1034752K), 0.0042473 secs]
228.107: Total time for which application threads were stopped: 0.0044137 seconds, Stopping threads took: 0.0000204 seconds
228.174: [GC (Allocation Failure)  605488K->284200K(1034752K), 0.0043847 secs]
228.179: Total time for which application threads were stopped: 0.0045459 seconds, Stopping threads took: 0.0000198 seconds
228.248: [GC (Allocation Failure)  605736K->292010K(1033728K), 0.0042806 secs]
228.253: Total time for which application threads were stopped: 0.0044482 seconds, Stopping threads took: 0.0000199 seconds
228.320: [GC (Allocation Failure)  612522K->292042K(1034240K), 0.0043886 secs]
228.324: Total time for which application threads were stopped: 0.0045798 seconds, Stopping threads took: 0.0000220 seconds
228.392: [GC (Allocation Failure)  612554K->295490K(1034752K), 0.0052466 secs]
228.397: Total time for which application threads were stopped: 0.0054038 seconds, Stopping threads took: 0.0000189 seconds
228.466: [GC (Allocation Failure)  617026K->300133K(1034752K), 0.0044497 secs]
228.470: Total time for which application threads were stopped: 0.0046160 seconds, Stopping threads took: 0.0000263 seconds
228.537: [GC (Allocation Failure)  621669K->300037K(1034752K), 0.0043527 secs]
228.541: Total time for which application threads were stopped: 0.0045358 seconds, Stopping threads took: 0.0000225 seconds
228.606: [GC (Allocation Failure)  621573K->300645K(1034752K), 0.0047337 secs]
228.611: Total time for which application threads were stopped: 0.0049079 seconds, Stopping threads took: 0.0000200 seconds
228.679: [GC (Allocation Failure)  622181K->308071K(1033728K), 0.0043383 secs]
228.684: Total time for which application threads were stopped: 0.0045022 seconds, Stopping threads took: 0.0000196 seconds
228.751: [GC (Allocation Failure)  628583K->308071K(1034240K), 0.0043267 secs]
228.755: Total time for which application threads were stopped: 0.0044880 seconds, Stopping threads took: 0.0000205 seconds
228.822: [GC (Allocation Failure)  628583K->311943K(1034752K), 0.0053071 secs]
228.827: Total time for which application threads were stopped: 0.0054695 seconds, Stopping threads took: 0.0000200 seconds
228.895: [GC (Allocation Failure)  633479K->316169K(1034752K), 0.0049378 secs]
228.900: Total time for which application threads were stopped: 0.0051126 seconds, Stopping threads took: 0.0000284 seconds
228.968: [GC (Allocation Failure)  637705K->316105K(1034752K), 0.0042407 secs]
228.972: Total time for which application threads were stopped: 0.0044073 seconds, Stopping threads took: 0.0000173 seconds
229.037: [GC (Allocation Failure)  637641K->317137K(1034752K), 0.0045511 secs]
229.042: Total time for which application threads were stopped: 0.0047136 seconds, Stopping threads took: 0.0000199 seconds
229.110: [GC (Allocation Failure)  638673K->324211K(1034752K), 0.0042501 secs]
229.115: Total time for which application threads were stopped: 0.0044202 seconds, Stopping threads took: 0.0000200 seconds
229.181: [GC (Allocation Failure)  645747K->324147K(1034752K), 0.0044477 secs]
229.186: Total time for which application threads were stopped: 0.0046132 seconds, Stopping threads took: 0.0000212 seconds
229.251: [GC (Allocation Failure)  645683K->326379K(1034752K), 0.0049046 secs]
229.256: Total time for which application threads were stopped: 0.0050757 seconds, Stopping threads took: 0.0000198 seconds
229.322: [GC (Allocation Failure)  647915K->332174K(1034752K), 0.0044856 secs]
229.326: Total time for which application threads were stopped: 0.0046492 seconds, Stopping threads took: 0.0000209 seconds
229.392: [GC (Allocation Failure)  653710K->332174K(1034752K), 0.0045023 secs]
229.397: Total time for which application threads were stopped: 0.0046703 seconds, Stopping threads took: 0.0000279 seconds
229.462: [GC (Allocation Failure)  653710K->335622K(1034752K), 0.0052195 secs]
229.467: Total time for which application threads were stopped: 0.0053819 seconds, Stopping threads took: 0.0000201 seconds
229.533: [GC (Allocation Failure)  657158K->340232K(1034752K), 0.0045936 secs]
229.538: Total time for which application threads were stopped: 0.0047623 seconds, Stopping threads took: 0.0000196 seconds
229.604: [GC (Allocation Failure)  661768K->340232K(1034752K), 0.0044328 secs]
229.609: Total time for which application threads were stopped: 0.0046186 seconds, Stopping threads took: 0.0000200 seconds
229.674: [GC (Allocation Failure)  661768K->340808K(1034752K), 0.0043824 secs]
229.678: Total time for which application threads were stopped: 0.0045760 seconds, Stopping threads took: 0.0000195 seconds
229.748: [GC (Allocation Failure)  662344K->348362K(1034752K), 0.0045041 secs]
229.753: Total time for which application threads were stopped: 0.0046546 seconds, Stopping threads took: 0.0000176 seconds
229.820: [GC (Allocation Failure)  669898K->348266K(1034752K), 0.0046608 secs]
229.825: Total time for which application threads were stopped: 0.0048313 seconds, Stopping threads took: 0.0000199 seconds
229.890: [GC (Allocation Failure)  669802K->350058K(1034752K), 0.0047623 secs]
229.895: Total time for which application threads were stopped: 0.0049441 seconds, Stopping threads took: 0.0000195 seconds
229.965: [GC (Allocation Failure)  671594K->356332K(1034752K), 0.0043717 secs]
229.969: Total time for which application threads were stopped: 0.0045308 seconds, Stopping threads took: 0.0000266 seconds
230.037: [GC (Allocation Failure)  677868K->356300K(1034752K), 0.0046538 secs]
230.042: Total time for which application threads were stopped: 0.0048288 seconds, Stopping threads took: 0.0000256 seconds
230.107: [GC (Allocation Failure)  677836K->359308K(1034752K), 0.0053284 secs]
230.113: Total time for which application threads were stopped: 0.0055024 seconds, Stopping threads took: 0.0000204 seconds
230.181: [GC (Allocation Failure)  680844K->364335K(1034752K), 0.0045964 secs]
230.186: Total time for which application threads were stopped: 0.0047707 seconds, Stopping threads took: 0.0000204 seconds
230.253: [GC (Allocation Failure)  685871K->364303K(1034752K), 0.0043731 secs]
230.258: Total time for which application threads were stopped: 0.0045681 seconds, Stopping threads took: 0.0000208 seconds
230.325: [GC (Allocation Failure)  685839K->364455K(1021440K), 0.0044317 secs]
230.329: Total time for which application threads were stopped: 0.0045921 seconds, Stopping threads took: 0.0000172 seconds
230.396: [GC (Allocation Failure)  685991K->372361K(1034240K), 0.0045357 secs]
230.400: Total time for which application threads were stopped: 0.0046961 seconds, Stopping threads took: 0.0000200 seconds
230.467: [GC (Allocation Failure)  692873K->372329K(1034240K), 0.0042421 secs]
230.472: Total time for which application threads were stopped: 0.0044049 seconds, Stopping threads took: 0.0000278 seconds
230.540: [GC (Allocation Failure)  692841K->375785K(1034752K), 0.0053779 secs]
230.545: Total time for which application threads were stopped: 0.0055422 seconds, Stopping threads took: 0.0000248 seconds
230.613: [GC (Allocation Failure)  696809K->380427K(1034240K), 0.0045991 secs]
230.618: Total time for which application threads were stopped: 0.0047621 seconds, Stopping threads took: 0.0000202 seconds
230.685: [GC (Allocation Failure)  701451K->380363K(1034752K), 0.0044069 secs]
230.690: Total time for which application threads were stopped: 0.0045901 seconds, Stopping threads took: 0.0000170 seconds
230.759: [GC (Allocation Failure)  701899K->384035K(1034752K), 0.0054379 secs]
230.764: Total time for which application threads were stopped: 0.0056109 seconds, Stopping threads took: 0.0000204 seconds
230.833: [GC (Allocation Failure)  705571K->388518K(1034752K), 0.0045585 secs]
230.838: Total time for which application threads were stopped: 0.0047423 seconds, Stopping threads took: 0.0000200 seconds
230.906: [GC (Allocation Failure)  710054K->388390K(1034752K), 0.0046325 secs]
230.911: Total time for which application threads were stopped: 0.0047991 seconds, Stopping threads took: 0.0000252 seconds
230.978: [GC (Allocation Failure)  709926K->389190K(1034752K), 0.0045521 secs]
230.982: Total time for which application threads were stopped: 0.0047202 seconds, Stopping threads took: 0.0000264 seconds
231.049: [GC (Allocation Failure)  710726K->396488K(1034752K), 0.0045722 secs]
231.053: Total time for which application threads were stopped: 0.0047728 seconds, Stopping threads took: 0.0000212 seconds
231.120: [GC (Allocation Failure)  718024K->396424K(1034752K), 0.0046264 secs]
231.125: Total time for which application threads were stopped: 0.0048157 seconds, Stopping threads took: 0.0000200 seconds
231.192: [GC (Allocation Failure)  717960K->398408K(1034752K), 0.0048187 secs]
231.197: Total time for which application threads were stopped: 0.0049835 seconds, Stopping threads took: 0.0000201 seconds
231.262: [GC (Allocation Failure)  719944K->404458K(1034752K), 0.0043944 secs]
231.267: Total time for which application threads were stopped: 0.0045556 seconds, Stopping threads took: 0.0000202 seconds
231.335: [GC (Allocation Failure)  725994K->404458K(1034752K), 0.0046748 secs]
231.340: Total time for which application threads were stopped: 0.0048368 seconds, Stopping threads took: 0.0000198 seconds
231.405: [GC (Allocation Failure)  725994K->407690K(1034752K), 0.0054957 secs]
231.411: Total time for which application threads were stopped: 0.0056627 seconds, Stopping threads took: 0.0000202 seconds
231.480: [GC (Allocation Failure)  729226K->412492K(1034752K), 0.0043940 secs]
231.484: Total time for which application threads were stopped: 0.0045626 seconds, Stopping threads took: 0.0000265 seconds
231.551: [GC (Allocation Failure)  734028K->412524K(1034752K), 0.0064786 secs]
231.558: Total time for which application threads were stopped: 0.0066458 seconds, Stopping threads took: 0.0000259 seconds
231.624: [GC (Allocation Failure)  734060K->412812K(1034752K), 0.0049686 secs]
231.629: Total time for which application threads were stopped: 0.0051398 seconds, Stopping threads took: 0.0000201 seconds
231.697: [GC (Allocation Failure)  734348K->420527K(1034752K), 0.0070272 secs]
231.704: Total time for which application threads were stopped: 0.0072091 seconds, Stopping threads took: 0.0000220 seconds
231.773: [GC (Allocation Failure)  742063K->420527K(1034752K), 0.0045818 secs]
231.778: Total time for which application threads were stopped: 0.0047605 seconds, Stopping threads took: 0.0000212 seconds
231.843: [GC (Allocation Failure)  742063K->422119K(1034752K), 0.0046910 secs]
231.848: Total time for which application threads were stopped: 0.0048928 seconds, Stopping threads took: 0.0000217 seconds
231.917: [GC (Allocation Failure)  743655K->428681K(1029632K), 0.0045603 secs]
231.922: Total time for which application threads were stopped: 0.0047105 seconds, Stopping threads took: 0.0000175 seconds
231.991: [GC (Allocation Failure)  750217K->428521K(1034240K), 0.0046414 secs]
231.996: Total time for which application threads were stopped: 0.0048113 seconds, Stopping threads took: 0.0000267 seconds
232.062: [GC (Allocation Failure)  749033K->430313K(1034240K), 0.0046332 secs]
232.067: Total time for which application threads were stopped: 0.0048136 seconds, Stopping threads took: 0.0000198 seconds
232.134: [GC (Allocation Failure)  750825K->436619K(1034240K), 0.0046326 secs]
232.139: Total time for which application threads were stopped: 0.0047945 seconds, Stopping threads took: 0.0000201 seconds
232.207: [GC (Allocation Failure)  757131K->436587K(1034240K), 0.0043785 secs]
232.211: Total time for which application threads were stopped: 0.0045492 seconds, Stopping threads took: 0.0000203 seconds
232.278: [GC (Allocation Failure)  757099K->440651K(1034752K), 0.0056124 secs]
232.284: Total time for which application threads were stopped: 0.0057855 seconds, Stopping threads took: 0.0000197 seconds
232.351: [GC (Allocation Failure)  761675K->444621K(1034240K), 0.0045220 secs]
232.355: Total time for which application threads were stopped: 0.0047011 seconds, Stopping threads took: 0.0000198 seconds
232.424: [GC (Allocation Failure)  765645K->444653K(1034752K), 0.0046389 secs]
232.429: Total time for which application threads were stopped: 0.0048121 seconds, Stopping threads took: 0.0000207 seconds
232.497: [GC (Allocation Failure)  766189K->444773K(1034752K), 0.0047372 secs]
232.502: Total time for which application threads were stopped: 0.0049202 seconds, Stopping threads took: 0.0000260 seconds
232.571: [GC (Allocation Failure)  766309K->452712K(1033728K), 0.0045051 secs]
232.576: Total time for which application threads were stopped: 0.0046769 seconds, Stopping threads took: 0.0000198 seconds
232.643: [GC (Allocation Failure)  773224K->452648K(1034240K), 0.0064470 secs]
232.650: Total time for which application threads were stopped: 0.0066233 seconds, Stopping threads took: 0.0000198 seconds
232.718: [GC (Allocation Failure)  773160K->456048K(1034752K), 0.0052387 secs]
232.723: Total time for which application threads were stopped: 0.0054227 seconds, Stopping threads took: 0.0000179 seconds
232.791: [GC (Allocation Failure)  777072K->460850K(1034240K), 0.0047179 secs]
232.796: Total time for which application threads were stopped: 0.0048850 seconds, Stopping threads took: 0.0000201 seconds
232.863: [GC (Allocation Failure)  781874K->460690K(1034752K), 0.0045801 secs]
232.867: Total time for which application threads were stopped: 0.0047484 seconds, Stopping threads took: 0.0000196 seconds
232.934: [GC (Allocation Failure)  782226K->464346K(1034752K), 0.0054163 secs]
232.940: Total time for which application threads were stopped: 0.0055997 seconds, Stopping threads took: 0.0000193 seconds
233.009: [GC (Allocation Failure)  785882K->468796K(1034752K), 0.0048243 secs]
233.014: Total time for which application threads were stopped: 0.0049856 seconds, Stopping threads took: 0.0000202 seconds
233.081: [GC (Allocation Failure)  790332K->468764K(1034752K), 0.0046272 secs]
233.086: Total time for which application threads were stopped: 0.0047960 seconds, Stopping threads took: 0.0000283 seconds
233.151: [GC (Allocation Failure)  790300K->469460K(1034752K), 0.0049079 secs]
233.156: Total time for which application threads were stopped: 0.0050676 seconds, Stopping threads took: 0.0000190 seconds
233.224: [GC (Allocation Failure)  790996K->476790K(1034752K), 0.0048171 secs]
233.229: Total time for which application threads were stopped: 0.0049971 seconds, Stopping threads took: 0.0000195 seconds
233.296: [GC (Allocation Failure)  798326K->476790K(1034752K), 0.0055338 secs]
233.301: Total time for which application threads were stopped: 0.0057113 seconds, Stopping threads took: 0.0000201 seconds
233.366: [GC (Allocation Failure)  798326K->478718K(1034752K), 0.0048440 secs]
233.371: Total time for which application threads were stopped: 0.0050369 seconds, Stopping threads took: 0.0000198 seconds
233.441: [GC (Allocation Failure)  800254K->484833K(1034752K), 0.0046812 secs]
233.446: Total time for which application threads were stopped: 0.0048674 seconds, Stopping threads took: 0.0000175 seconds
233.514: [GC (Allocation Failure)  806369K->484801K(1034752K), 0.0064530 secs]
233.520: Total time for which application threads were stopped: 0.0066463 seconds, Stopping threads took: 0.0000260 seconds
233.588: [GC (Allocation Failure)  806337K->488033K(1034752K), 0.0053037 secs]
233.593: Total time for which application threads were stopped: 0.0054742 seconds, Stopping threads took: 0.0000209 seconds
233.659: [GC (Allocation Failure)  809569K->492867K(1034752K), 0.0047418 secs]
233.664: Total time for which application threads were stopped: 0.0049019 seconds, Stopping threads took: 0.0000201 seconds
233.731: [GC (Allocation Failure)  814403K->492835K(1034752K), 0.0045710 secs]
233.735: Total time for which application threads were stopped: 0.0047348 seconds, Stopping threads took: 0.0000203 seconds
233.801: [GC (Allocation Failure)  814371K->493155K(1034752K), 0.0050367 secs]
233.806: Total time for which application threads were stopped: 0.0051985 seconds, Stopping threads took: 0.0000197 seconds
233.872: [GC (Allocation Failure)  814691K->500965K(1033728K), 0.0047926 secs]
233.877: Total time for which application threads were stopped: 0.0049573 seconds, Stopping threads took: 0.0000201 seconds
233.946: [GC (Allocation Failure)  821477K->500869K(1034240K), 0.0065009 secs]
233.953: Total time for which application threads were stopped: 0.0066666 seconds, Stopping threads took: 0.0000350 seconds
234.020: [GC (Allocation Failure)  821381K->504445K(1034752K), 0.0055759 secs]
234.026: Total time for which application threads were stopped: 0.0057417 seconds, Stopping threads took: 0.0000259 seconds
234.092: [GC (Allocation Failure)  825981K->508928K(1034752K), 0.0048822 secs]
234.097: Total time for which application threads were stopped: 0.0050419 seconds, Stopping threads took: 0.0000200 seconds
234.163: [GC (Allocation Failure)  830464K->508928K(1034752K), 0.0047529 secs]
234.168: Total time for which application threads were stopped: 0.0049230 seconds, Stopping threads took: 0.0000200 seconds
234.233: [GC (Allocation Failure)  830464K->509640K(1034752K), 0.0049598 secs]
234.238: Total time for which application threads were stopped: 0.0051326 seconds, Stopping threads took: 0.0000201 seconds
234.308: [GC (Allocation Failure)  831176K->517002K(1034752K), 0.0047940 secs]
234.313: Total time for which application threads were stopped: 0.0049637 seconds, Stopping threads took: 0.0000195 seconds
234.383: [GC (Allocation Failure)  838538K->516938K(1034752K), 0.0048080 secs]
234.387: Total time for which application threads were stopped: 0.0050029 seconds, Stopping threads took: 0.0000205 seconds
234.456: [GC (Allocation Failure)  838474K->518826K(1034752K), 0.0051461 secs]
234.461: Total time for which application threads were stopped: 0.0053184 seconds, Stopping threads took: 0.0000195 seconds
234.530: [GC (Allocation Failure)  840362K->524972K(1034752K), 0.0046222 secs]
234.535: Total time for which application threads were stopped: 0.0048058 seconds, Stopping threads took: 0.0000178 seconds
234.604: [GC (Allocation Failure)  846508K->524972K(1034752K), 0.0048143 secs]
234.609: Total time for which application threads were stopped: 0.0049695 seconds, Stopping threads took: 0.0000169 seconds
234.676: [GC (Allocation Failure)  846508K->528076K(1034752K), 0.0055907 secs]
234.682: Total time for which application threads were stopped: 0.0057675 seconds, Stopping threads took: 0.0000201 seconds
234.749: [GC (Allocation Failure)  849612K->533134K(1034752K), 0.0048969 secs]
234.754: Total time for which application threads were stopped: 0.0050690 seconds, Stopping threads took: 0.0000203 seconds
234.823: [GC (Allocation Failure)  854670K->533006K(1034752K), 0.0048077 secs]
234.828: Total time for which application threads were stopped: 0.0049697 seconds, Stopping threads took: 0.0000206 seconds
234.895: [GC (Allocation Failure)  854542K->533262K(1033728K), 0.0047505 secs]
234.900: Total time for which application threads were stopped: 0.0049474 seconds, Stopping threads took: 0.0000201 seconds
234.971: [GC (Allocation Failure)  853774K->541073K(1034240K), 0.0047048 secs]
234.976: Total time for which application threads were stopped: 0.0048645 seconds, Stopping threads took: 0.0000262 seconds
235.044: [GC (Allocation Failure)  861585K->541041K(1034240K), 0.0047445 secs]
235.049: Total time for which application threads were stopped: 0.0049014 seconds, Stopping threads took: 0.0000190 seconds
235.117: [GC (Allocation Failure)  861553K->543497K(1034240K), 0.0052172 secs]
235.123: Total time for which application threads were stopped: 0.0053877 seconds, Stopping threads took: 0.0000201 seconds
235.190: [GC (Allocation Failure)  864009K->549099K(1033728K), 0.0048382 secs]
235.195: Total time for which application threads were stopped: 0.0049973 seconds, Stopping threads took: 0.0000196 seconds
235.263: [GC (Allocation Failure)  869611K->549067K(1034240K), 0.0049335 secs]
235.268: Total time for which application threads were stopped: 0.0050985 seconds, Stopping threads took: 0.0000194 seconds
235.336: [GC (Allocation Failure)  869579K->549707K(1033728K), 0.0049250 secs]
235.341: Total time for which application threads were stopped: 0.0050964 seconds, Stopping threads took: 0.0000197 seconds
235.408: [GC (Allocation Failure)  870219K->557165K(1034240K), 0.0051319 secs]
235.414: Total time for which application threads were stopped: 0.0053040 seconds, Stopping threads took: 0.0000196 seconds
235.482: [GC (Allocation Failure)  877677K->557101K(1034240K), 0.0046521 secs]
235.487: Total time for which application threads were stopped: 0.0048305 seconds, Stopping threads took: 0.0000260 seconds
235.555: [GC (Allocation Failure)  877613K->559981K(1034240K), 0.0055827 secs]
235.561: Total time for which application threads were stopped: 0.0057556 seconds, Stopping threads took: 0.0000201 seconds
235.629: [GC (Allocation Failure)  880493K->565263K(1033728K), 0.0048256 secs]
235.634: Total time for which application threads were stopped: 0.0050008 seconds, Stopping threads took: 0.0000198 seconds
235.703: [GC (Allocation Failure)  885775K->565135K(1034240K), 0.0047788 secs]
235.708: Total time for which application threads were stopped: 0.0049673 seconds, Stopping threads took: 0.0000282 seconds
235.775: [GC (Allocation Failure)  885647K->566183K(1034240K), 0.0050813 secs]
235.780: Total time for which application threads were stopped: 0.0052543 seconds, Stopping threads took: 0.0000209 seconds
235.848: [GC (Allocation Failure)  886695K->573226K(1034240K), 0.0047158 secs]
235.853: Total time for which application threads were stopped: 0.0048894 seconds, Stopping threads took: 0.0000217 seconds
235.921: [GC (Allocation Failure)  893738K->573194K(1034240K), 0.0092766 secs]
235.931: Total time for which application threads were stopped: 0.0094718 seconds, Stopping threads took: 0.0000205 seconds
235.999: [GC (Allocation Failure)  893706K->576450K(1034240K), 0.0056832 secs]
236.005: Total time for which application threads were stopped: 0.0058550 seconds, Stopping threads took: 0.0000198 seconds
236.073: [GC (Allocation Failure)  896962K->581220K(1034752K), 0.0049528 secs]
236.078: Total time for which application threads were stopped: 0.0051213 seconds, Stopping threads took: 0.0000201 seconds
236.145: [GC (Allocation Failure)  902756K->581188K(1034752K), 0.0047895 secs]
236.150: Total time for which application threads were stopped: 0.0049650 seconds, Stopping threads took: 0.0000203 seconds
236.219: [GC (Allocation Failure)  902724K->584684K(1034752K), 0.0058258 secs]
236.225: Total time for which application threads were stopped: 0.0061295 seconds, Stopping threads took: 0.0000207 seconds
236.294: [GC (Allocation Failure)  906220K->589262K(1034752K), 0.0048819 secs]
236.299: Total time for which application threads were stopped: 0.0050459 seconds, Stopping threads took: 0.0000203 seconds
236.366: [GC (Allocation Failure)  910798K->589230K(1034752K), 0.0048517 secs]
236.371: Total time for which application threads were stopped: 0.0050219 seconds, Stopping threads took: 0.0000200 seconds
236.436: [GC (Allocation Failure)  910766K->589838K(1034752K), 0.0049147 secs]
236.441: Total time for which application threads were stopped: 0.0050830 seconds, Stopping threads took: 0.0000194 seconds
236.510: [GC (Allocation Failure)  911374K->597328K(1034752K), 0.0048715 secs]
236.515: Total time for which application threads were stopped: 0.0050388 seconds, Stopping threads took: 0.0000276 seconds
236.582: [GC (Allocation Failure)  918864K->597296K(1034752K), 0.0049124 secs]
236.587: Total time for which application threads were stopped: 0.0050790 seconds, Stopping threads took: 0.0000208 seconds
236.652: [GC (Allocation Failure)  918832K->599112K(1034752K), 0.0052857 secs]
236.658: Total time for which application threads were stopped: 0.0054705 seconds, Stopping threads took: 0.0000200 seconds
236.729: [GC (Allocation Failure)  920648K->605419K(1034752K), 0.0051111 secs]
236.734: Total time for which application threads were stopped: 0.0052970 seconds, Stopping threads took: 0.0000208 seconds
236.800: [GC (Allocation Failure)  926955K->605259K(1034752K), 0.0048175 secs]
236.805: Total time for which application threads were stopped: 0.0049873 seconds, Stopping threads took: 0.0000287 seconds
236.871: [GC (Allocation Failure)  926795K->608363K(1034752K), 0.0056021 secs]
236.877: Total time for which application threads were stopped: 0.0057751 seconds, Stopping threads took: 0.0000206 seconds
236.944: [GC (Allocation Failure)  929899K->613357K(1034752K), 0.0074208 secs]
236.951: Total time for which application threads were stopped: 0.0075850 seconds, Stopping threads took: 0.0000256 seconds
237.019: [GC (Allocation Failure)  934893K->613325K(1034752K), 0.0049051 secs]
237.024: Total time for which application threads were stopped: 0.0050733 seconds, Stopping threads took: 0.0000282 seconds
237.089: [GC (Allocation Failure)  934861K->613549K(1033728K), 0.0050249 secs]
237.094: Total time for which application threads were stopped: 0.0051971 seconds, Stopping threads took: 0.0000204 seconds
237.161: [GC (Allocation Failure)  934061K->621359K(1034240K), 0.0048449 secs]
237.166: Total time for which application threads were stopped: 0.0050171 seconds, Stopping threads took: 0.0000208 seconds
237.236: [GC (Allocation Failure)  941871K->621359K(1034240K), 0.0048737 secs]
237.241: Total time for which application threads were stopped: 0.0050520 seconds, Stopping threads took: 0.0000221 seconds
237.307: [GC (Allocation Failure)  941871K->623815K(1034240K), 0.0054205 secs]
237.313: Total time for which application threads were stopped: 0.0056011 seconds, Stopping threads took: 0.0000201 seconds
237.380: [GC (Allocation Failure)  944327K->629449K(1034752K), 0.0058116 secs]
237.386: Total time for which application threads were stopped: 0.0059952 seconds, Stopping threads took: 0.0000284 seconds
237.453: [GC (Allocation Failure)  950985K->629353K(1034752K), 0.0048928 secs]
237.458: Total time for which application threads were stopped: 0.0050799 seconds, Stopping threads took: 0.0000216 seconds
237.523: [GC (Allocation Failure)  950889K->632041K(1034752K), 0.0078429 secs]
237.531: Total time for which application threads were stopped: 0.0080185 seconds, Stopping threads took: 0.0000203 seconds
237.598: [GC (Allocation Failure)  953577K->637420K(1034752K), 0.0049977 secs]
237.603: Total time for which application threads were stopped: 0.0051737 seconds, Stopping threads took: 0.0000212 seconds
237.671: [GC (Allocation Failure)  958956K->637420K(1034752K), 0.0051586 secs]
237.676: Total time for which application threads were stopped: 0.0053313 seconds, Stopping threads took: 0.0000214 seconds
237.741: [GC (Allocation Failure)  958956K->641292K(1034752K), 0.0059293 secs]
237.747: Total time for which application threads were stopped: 0.0060995 seconds, Stopping threads took: 0.0000204 seconds
237.813: [GC (Allocation Failure)  962828K->645550K(1034240K), 0.0052048 secs]
237.818: Total time for which application threads were stopped: 0.0053759 seconds, Stopping threads took: 0.0000204 seconds
237.884: [GC (Allocation Failure)  967086K->645486K(1034752K), 0.0051057 secs]
237.889: Total time for which application threads were stopped: 0.0052890 seconds, Stopping threads took: 0.0000201 seconds
237.956: [GC (Allocation Failure)  967022K->646470K(1034752K), 0.0052785 secs]
237.962: Total time for which application threads were stopped: 0.0054593 seconds, Stopping threads took: 0.0000196 seconds
238.030: [GC (Allocation Failure)  968006K->653512K(1034752K), 0.0051456 secs]
238.035: Total time for which application threads were stopped: 0.0053240 seconds, Stopping threads took: 0.0000287 seconds
238.102: [GC (Allocation Failure)  975048K->653480K(1034752K), 0.0050926 secs]
238.108: Total time for which application threads were stopped: 0.0052904 seconds, Stopping threads took: 0.0000210 seconds
238.175: [GC (Allocation Failure)  975016K->655720K(1034752K), 0.0052232 secs]
238.180: Total time for which application threads were stopped: 0.0053745 seconds, Stopping threads took: 0.0000175 seconds
238.248: [GC (Allocation Failure)  977256K->661547K(1034752K), 0.0051159 secs]
238.254: Total time for which application threads were stopped: 0.0052780 seconds, Stopping threads took: 0.0000204 seconds
238.321: [GC (Allocation Failure)  983083K->661515K(1034752K), 0.0051685 secs]
238.326: Total time for which application threads were stopped: 0.0053310 seconds, Stopping threads took: 0.0000203 seconds
238.392: [GC (Allocation Failure)  983051K->664971K(1035264K), 0.0059774 secs]
238.398: Total time for which application threads were stopped: 0.0061991 seconds, Stopping threads took: 0.0000201 seconds
238.466: [GC (Allocation Failure)  987019K->669613K(1034752K), 0.0049166 secs]
238.471: Total time for which application threads were stopped: 0.0050690 seconds, Stopping threads took: 0.0000178 seconds
238.540: [GC (Allocation Failure)  991661K->669581K(1034752K), 0.0050922 secs]
238.545: Total time for which application threads were stopped: 0.0052694 seconds, Stopping threads took: 0.0000197 seconds
238.611: [GC (Allocation Failure)  991117K->671141K(1034752K), 0.0051855 secs]
238.617: Total time for which application threads were stopped: 0.0053544 seconds, Stopping threads took: 0.0000275 seconds
238.684: [GC (Allocation Failure)  992677K->677703K(1034752K), 0.0050076 secs]
238.689: Total time for which application threads were stopped: 0.0051693 seconds, Stopping threads took: 0.0000196 seconds
238.755: [GC (Allocation Failure)  999239K->677575K(1034752K), 0.0051652 secs]
238.760: Total time for which application threads were stopped: 0.0053225 seconds, Stopping threads took: 0.0000193 seconds
238.825: [GC (Allocation Failure)  999111K->680391K(1034752K), 0.0055939 secs]
238.831: Total time for which application threads were stopped: 0.0057598 seconds, Stopping threads took: 0.0000195 seconds
238.899: [GC (Allocation Failure)  1001927K->685673K(1034752K), 0.0051937 secs]
238.904: Total time for which application threads were stopped: 0.0053569 seconds, Stopping threads took: 0.0000203 seconds
238.973: [GC (Allocation Failure)  1007209K->685609K(1034752K), 0.0050265 secs]
238.978: Total time for which application threads were stopped: 0.0052157 seconds, Stopping threads took: 0.0000203 seconds
239.045: [GC (Allocation Failure)  1007145K->689673K(1034752K), 0.0062772 secs]
239.051: [Full GC (Ergonomics)  689673K->12528K(1034752K), 0.0177582 secs]
239.069: Total time for which application threads were stopped: 0.0243001 seconds, Stopping threads took: 0.0000197 seconds
239.137: [GC (Allocation Failure)  334064K->20690K(1035264K), 0.0038290 secs]
239.141: Total time for which application threads were stopped: 0.0039993 seconds, Stopping threads took: 0.0000199 seconds
239.212: [GC (Allocation Failure)  343250K->20690K(1035264K), 0.0037347 secs]
239.216: Total time for which application threads were stopped: 0.0038894 seconds, Stopping threads took: 0.0000194 seconds
239.283: [GC (Allocation Failure)  343250K->23914K(1035264K), 0.0046178 secs]
239.288: Total time for which application threads were stopped: 0.0047799 seconds, Stopping threads took: 0.0000201 seconds
239.358: [GC (Allocation Failure)  346474K->28972K(1035264K), 0.0037893 secs]
239.361: Total time for which application threads were stopped: 0.0039682 seconds, Stopping threads took: 0.0000202 seconds
239.430: [GC (Allocation Failure)  351532K->28748K(1035264K), 0.0039588 secs]
239.434: Total time for which application threads were stopped: 0.0041302 seconds, Stopping threads took: 0.0000203 seconds
239.502: [GC (Allocation Failure)  351308K->24106K(1035264K), 0.0018722 secs]
239.503: Total time for which application threads were stopped: 0.0020366 seconds, Stopping threads took: 0.0000199 seconds
239.572: [GC (Allocation Failure)  346666K->28908K(1035264K), 0.0037321 secs]
239.576: Total time for which application threads were stopped: 0.0039252 seconds, Stopping threads took: 0.0000209 seconds
239.644: [GC (Allocation Failure)  351468K->28716K(1035264K), 0.0037745 secs]
239.648: Total time for which application threads were stopped: 0.0039412 seconds, Stopping threads took: 0.0000207 seconds
239.713: [GC (Allocation Failure)  351276K->28394K(1035776K), 0.0038931 secs]
239.717: Total time for which application threads were stopped: 0.0040635 seconds, Stopping threads took: 0.0000192 seconds
239.787: [GC (Allocation Failure)  351466K->28812K(1035264K), 0.0034997 secs]
239.791: Total time for which application threads were stopped: 0.0036819 seconds, Stopping threads took: 0.0000199 seconds
239.859: [GC (Allocation Failure)  351884K->28684K(1035776K), 0.0040556 secs]
239.863: Total time for which application threads were stopped: 0.0042608 seconds, Stopping threads took: 0.0000204 seconds
239.932: [GC (Allocation Failure)  352268K->34722K(1035776K), 0.0074280 secs]
239.940: Total time for which application threads were stopped: 0.0076303 seconds, Stopping threads took: 0.0000171 seconds
240.009: [GC (Allocation Failure)  358306K->30020K(1032704K), 0.0038979 secs]
240.013: Total time for which application threads were stopped: 0.0040480 seconds, Stopping threads took: 0.0000173 seconds
240.080: [GC (Allocation Failure)  350532K->29988K(1034240K), 0.0042926 secs]
240.084: Total time for which application threads were stopped: 0.0044629 seconds, Stopping threads took: 0.0000208 seconds
240.150: [GC (Allocation Failure)  350500K->37194K(1030656K), 0.0073719 secs]
240.158: Total time for which application threads were stopped: 0.0075488 seconds, Stopping threads took: 0.0000283 seconds
240.225: [GC (Allocation Failure)  354634K->31628K(1032704K), 0.0041120 secs]
240.229: Total time for which application threads were stopped: 0.0043062 seconds, Stopping threads took: 0.0000202 seconds
240.296: [GC (Allocation Failure)  349068K->31436K(1033728K), 0.0039062 secs]
240.300: Total time for which application threads were stopped: 0.0040650 seconds, Stopping threads took: 0.0000196 seconds
240.367: [GC (Allocation Failure)  350412K->29130K(1033216K), 0.0030236 secs]
240.370: Total time for which application threads were stopped: 0.0032090 seconds, Stopping threads took: 0.0000278 seconds
240.438: [GC (Allocation Failure)  348106K->31596K(1034752K), 0.0039125 secs]
240.442: Total time for which application threads were stopped: 0.0040718 seconds, Stopping threads took: 0.0000197 seconds
240.511: [GC (Allocation Failure)  352620K->31436K(1034240K), 0.0036244 secs]
240.515: Total time for which application threads were stopped: 0.0037955 seconds, Stopping threads took: 0.0000273 seconds
240.581: [GC (Allocation Failure)  352460K->26762K(1034240K), 0.0017554 secs]
240.583: Total time for which application threads were stopped: 0.0019174 seconds, Stopping threads took: 0.0000249 seconds
240.653: [GC (Allocation Failure)  348298K->31596K(1034752K), 0.0037159 secs]
240.657: Total time for which application threads were stopped: 0.0038672 seconds, Stopping threads took: 0.0000174 seconds
240.724: [GC (Allocation Failure)  353132K->31436K(1035776K), 0.0038533 secs]
240.728: Total time for which application threads were stopped: 0.0040167 seconds, Stopping threads took: 0.0000199 seconds
240.794: [GC (Allocation Failure)  354508K->29546K(1035264K), 0.0031095 secs]
240.797: Total time for which application threads were stopped: 0.0032651 seconds, Stopping threads took: 0.0000195 seconds
240.865: [GC (Allocation Failure)  352618K->31500K(1036288K), 0.0037872 secs]
240.869: Total time for which application threads were stopped: 0.0039571 seconds, Stopping threads took: 0.0000190 seconds
240.937: [GC (Allocation Failure)  355596K->31436K(1035776K), 0.0045671 secs]
240.942: Total time for which application threads were stopped: 0.0047378 seconds, Stopping threads took: 0.0000279 seconds
241.011: [GC (Allocation Failure)  355532K->37386K(1033216K), 0.0067586 secs]
241.017: Total time for which application threads were stopped: 0.0069259 seconds, Stopping threads took: 0.0000262 seconds
241.085: [GC (Allocation Failure)  358922K->33164K(1034752K), 0.0040062 secs]
241.089: Total time for which application threads were stopped: 0.0041698 seconds, Stopping threads took: 0.0000205 seconds
241.156: [GC (Allocation Failure)  354700K->33132K(1035264K), 0.0037406 secs]
241.160: Total time for which application threads were stopped: 0.0039058 seconds, Stopping threads took: 0.0000202 seconds
241.228: [GC (Allocation Failure)  355692K->41378K(1035264K), 0.0077703 secs]
241.235: Total time for which application threads were stopped: 0.0079389 seconds, Stopping threads took: 0.0000194 seconds
241.305: [GC (Allocation Failure)  363938K->36356K(1031168K), 0.0039296 secs]
241.309: Total time for which application threads were stopped: 0.0040929 seconds, Stopping threads took: 0.0000198 seconds
241.376: [GC (Allocation Failure)  354820K->36132K(1033216K), 0.0036333 secs]
241.380: Total time for which application threads were stopped: 0.0038286 seconds, Stopping threads took: 0.0000210 seconds
241.448: [GC (Allocation Failure)  354596K->40482K(1032704K), 0.0056486 secs]
241.453: Total time for which application threads were stopped: 0.0058285 seconds, Stopping threads took: 0.0000253 seconds
241.520: [GC (Allocation Failure)  358946K->36292K(1033216K), 0.0038371 secs]
241.524: Total time for which application threads were stopped: 0.0040393 seconds, Stopping threads took: 0.0000284 seconds
241.592: [GC (Allocation Failure)  354756K->36164K(1033728K), 0.0039452 secs]
241.596: Total time for which application threads were stopped: 0.0041140 seconds, Stopping threads took: 0.0000169 seconds
241.664: [GC (Allocation Failure)  355652K->33506K(1033728K), 0.0028406 secs]
241.667: Total time for which application threads were stopped: 0.0030125 seconds, Stopping threads took: 0.0000271 seconds
241.735: [GC (Allocation Failure)  352994K->36260K(1034240K), 0.0038720 secs]
241.739: Total time for which application threads were stopped: 0.0040473 seconds, Stopping threads took: 0.0000257 seconds
241.809: [GC (Allocation Failure)  356260K->36132K(1033728K), 0.0070061 secs]
241.816: Total time for which application threads were stopped: 0.0071761 seconds, Stopping threads took: 0.0000201 seconds
241.882: [GC (Allocation Failure)  356132K->29634K(1033728K), 0.0010885 secs]
241.883: Total time for which application threads were stopped: 0.0012279 seconds, Stopping threads took: 0.0000278 seconds
241.951: [GC (Allocation Failure)  350146K->36196K(1034240K), 0.0038492 secs]
241.955: Total time for which application threads were stopped: 0.0040171 seconds, Stopping threads took: 0.0000193 seconds
242.024: [GC (Allocation Failure)  356708K->36164K(1035264K), 0.0038323 secs]
242.028: Total time for which application threads were stopped: 0.0040078 seconds, Stopping threads took: 0.0000260 seconds
242.096: [GC (Allocation Failure)  358212K->29314K(1034752K), 0.0009860 secs]
242.097: Total time for which application threads were stopped: 0.0011062 seconds, Stopping threads took: 0.0000201 seconds
242.168: [GC (Allocation Failure)  351362K->36356K(1034752K), 0.0037000 secs]
242.171: Total time for which application threads were stopped: 0.0038651 seconds, Stopping threads took: 0.0000167 seconds
242.241: [GC (Allocation Failure)  357892K->36164K(1034752K), 0.0039098 secs]
242.245: Total time for which application threads were stopped: 0.0040854 seconds, Stopping threads took: 0.0000205 seconds
242.311: [GC (Allocation Failure)  357700K->31042K(1034240K), 0.0016374 secs]
242.312: Total time for which application threads were stopped: 0.0017925 seconds, Stopping threads took: 0.0000193 seconds
242.379: [GC (Allocation Failure)  352578K->36292K(1034752K), 0.0038672 secs]
242.383: Total time for which application threads were stopped: 0.0040546 seconds, Stopping threads took: 0.0000207 seconds
242.451: [GC (Allocation Failure)  357828K->36164K(1035264K), 0.0037295 secs]
242.455: Total time for which application threads were stopped: 0.0039092 seconds, Stopping threads took: 0.0000221 seconds
242.524: [GC (Allocation Failure)  358724K->33282K(1035264K), 0.0025528 secs]
242.526: Total time for which application threads were stopped: 0.0027240 seconds, Stopping threads took: 0.0000261 seconds
242.592: [GC (Allocation Failure)  355842K->36260K(1035776K), 0.0039797 secs]
242.596: Total time for which application threads were stopped: 0.0041439 seconds, Stopping threads took: 0.0000198 seconds
242.664: [GC (Allocation Failure)  359844K->36164K(1035776K), 0.0038370 secs]
242.668: Total time for which application threads were stopped: 0.0040072 seconds, Stopping threads took: 0.0000195 seconds
242.737: [GC (Allocation Failure)  359748K->39650K(1033728K), 0.0053261 secs]
242.743: Total time for which application threads were stopped: 0.0055224 seconds, Stopping threads took: 0.0000200 seconds
242.813: [GC (Allocation Failure)  361186K->36228K(1034752K), 0.0038979 secs]
242.817: Total time for which application threads were stopped: 0.0040487 seconds, Stopping threads took: 0.0000174 seconds
242.884: [GC (Allocation Failure)  357764K->36164K(1035776K), 0.0039030 secs]
242.888: Total time for which application threads were stopped: 0.0040721 seconds, Stopping threads took: 0.0000196 seconds
242.955: [GC (Allocation Failure)  359236K->42346K(1035264K), 0.0069654 secs]
242.962: Total time for which application threads were stopped: 0.0071441 seconds, Stopping threads took: 0.0000183 seconds
243.033: [GC (Allocation Failure)  365418K->37644K(1033216K), 0.0040373 secs]
243.037: Total time for which application threads were stopped: 0.0042151 seconds, Stopping threads took: 0.0000283 seconds
243.104: [GC (Allocation Failure)  358156K->37612K(1034240K), 0.0038130 secs]
243.108: Total time for which application threads were stopped: 0.0039734 seconds, Stopping threads took: 0.0000196 seconds
243.175: [GC (Allocation Failure)  358124K->44546K(1030656K), 0.0068915 secs]
243.182: Total time for which application threads were stopped: 0.0070545 seconds, Stopping threads took: 0.0000199 seconds
243.249: [GC (Allocation Failure)  361986K->39012K(1032704K), 0.0040509 secs]
243.253: Total time for which application threads were stopped: 0.0042208 seconds, Stopping threads took: 0.0000200 seconds
243.321: [GC (Allocation Failure)  356452K->38788K(1033728K), 0.0035846 secs]
243.324: Total time for which application threads were stopped: 0.0037456 seconds, Stopping threads took: 0.0000199 seconds
243.391: [GC (Allocation Failure)  357764K->36258K(1033216K), 0.0029646 secs]
243.394: Total time for which application threads were stopped: 0.0031339 seconds, Stopping threads took: 0.0000201 seconds
243.462: [GC (Allocation Failure)  355234K->38948K(1034240K), 0.0038064 secs]
243.466: Total time for which application threads were stopped: 0.0039668 seconds, Stopping threads took: 0.0000210 seconds
243.535: [GC (Allocation Failure)  358948K->38820K(1033728K), 0.0038501 secs]
243.539: Total time for which application threads were stopped: 0.0040184 seconds, Stopping threads took: 0.0000258 seconds
243.604: [GC (Allocation Failure)  358820K->31810K(1033728K), 0.0009630 secs]
243.605: Total time for which application threads were stopped: 0.0010996 seconds, Stopping threads took: 0.0000205 seconds
243.673: [GC (Allocation Failure)  352322K->38884K(1034240K), 0.0050146 secs]
243.678: Total time for which application threads were stopped: 0.0051655 seconds, Stopping threads took: 0.0000199 seconds
243.749: [GC (Allocation Failure)  359396K->38788K(1035264K), 0.0037985 secs]
243.753: Total time for which application threads were stopped: 0.0039601 seconds, Stopping threads took: 0.0000195 seconds
243.820: [GC (Allocation Failure)  360836K->31554K(1022464K), 0.0008469 secs]
243.821: Total time for which application threads were stopped: 0.0009802 seconds, Stopping threads took: 0.0000201 seconds
243.889: [GC (Allocation Failure)  353602K->38820K(1034752K), 0.0059119 secs]
243.895: Total time for which application threads were stopped: 0.0060652 seconds, Stopping threads took: 0.0000198 seconds
243.964: [GC (Allocation Failure)  359844K->38788K(1034240K), 0.0035570 secs]
243.967: Total time for which application threads were stopped: 0.0037140 seconds, Stopping threads took: 0.0000167 seconds
244.037: [GC (Allocation Failure)  359812K->32194K(1034240K), 0.0011365 secs]
244.038: Total time for which application threads were stopped: 0.0012707 seconds, Stopping threads took: 0.0000281 seconds
244.106: [GC (Allocation Failure)  353730K->39044K(1034752K), 0.0038171 secs]
244.110: Total time for which application threads were stopped: 0.0039961 seconds, Stopping threads took: 0.0000196 seconds
244.177: [GC (Allocation Failure)  360580K->38820K(1034752K), 0.0039719 secs]
244.181: Total time for which application threads were stopped: 0.0041650 seconds, Stopping threads took: 0.0000199 seconds
244.248: [GC (Allocation Failure)  360356K->33474K(1034752K), 0.0016208 secs]
244.250: Total time for which application threads were stopped: 0.0017516 seconds, Stopping threads took: 0.0000174 seconds
244.319: [GC (Allocation Failure)  355010K->38980K(1034752K), 0.0040064 secs]
244.323: Total time for which application threads were stopped: 0.0041728 seconds, Stopping threads took: 0.0000196 seconds
244.390: [GC (Allocation Failure)  360516K->38820K(1034752K), 0.0038800 secs]
244.394: Total time for which application threads were stopped: 0.0040629 seconds, Stopping threads took: 0.0000206 seconds
244.460: [GC (Allocation Failure)  360356K->34722K(1035264K), 0.0021863 secs]
244.462: Total time for which application threads were stopped: 0.0023435 seconds, Stopping threads took: 0.0000202 seconds
244.531: [GC (Allocation Failure)  357282K->38916K(1035264K), 0.0037401 secs]
244.535: Total time for which application threads were stopped: 0.0039046 seconds, Stopping threads took: 0.0000272 seconds
244.605: [GC (Allocation Failure)  361476K->38820K(1035264K), 0.0036734 secs]
244.609: Total time for which application threads were stopped: 0.0038500 seconds, Stopping threads took: 0.0000208 seconds
244.678: [GC (Allocation Failure)  361380K->38946K(1035264K), 0.0038983 secs]
244.682: Total time for which application threads were stopped: 0.0040557 seconds, Stopping threads took: 0.0000164 seconds
244.753: [GC (Allocation Failure)  361506K->38884K(1035776K), 0.0041317 secs]
244.757: Total time for which application threads were stopped: 0.0043109 seconds, Stopping threads took: 0.0000215 seconds
244.825: [GC (Allocation Failure)  362468K->38820K(1035776K), 0.0039196 secs]
244.829: Total time for which application threads were stopped: 0.0040877 seconds, Stopping threads took: 0.0000172 seconds
244.898: [GC (Allocation Failure)  362404K->45290K(1031680K), 0.0067999 secs]
244.905: Total time for which application threads were stopped: 0.0069634 seconds, Stopping threads took: 0.0000205 seconds
244.974: [GC (Allocation Failure)  364778K->40588K(1033728K), 0.0042345 secs]
244.979: Total time for which application threads were stopped: 0.0043957 seconds, Stopping threads took: 0.0000206 seconds
245.046: [GC (Allocation Failure)  360076K->40556K(1034752K), 0.0036626 secs]
245.050: Total time for which application threads were stopped: 0.0038411 seconds, Stopping threads took: 0.0000200 seconds
245.117: [GC (Allocation Failure)  361580K->43722K(1034240K), 0.0053119 secs]
245.122: Total time for which application threads were stopped: 0.0054945 seconds, Stopping threads took: 0.0000199 seconds
245.190: [GC (Allocation Failure)  364746K->40780K(1034752K), 0.0038657 secs]
245.194: Total time for which application threads were stopped: 0.0040567 seconds, Stopping threads took: 0.0000197 seconds
245.264: [GC (Allocation Failure)  361804K->40556K(1034240K), 0.0038204 secs]
245.268: Total time for which application threads were stopped: 0.0039884 seconds, Stopping threads took: 0.0000214 seconds
245.334: [GC (Allocation Failure)  361580K->43402K(1034240K), 0.0052010 secs]
245.339: Total time for which application threads were stopped: 0.0053759 seconds, Stopping threads took: 0.0000276 seconds
245.407: [GC (Allocation Failure)  364938K->40780K(1034752K), 0.0039994 secs]
245.411: Total time for which application threads were stopped: 0.0041627 seconds, Stopping threads took: 0.0000205 seconds
245.481: [GC (Allocation Failure)  362316K->40588K(1035776K), 0.0037860 secs]
245.484: Total time for which application threads were stopped: 0.0039473 seconds, Stopping threads took: 0.0000193 seconds
245.551: [GC (Allocation Failure)  363660K->46114K(1035264K), 0.0066076 secs]
245.558: Total time for which application threads were stopped: 0.0067729 seconds, Stopping threads took: 0.0000247 seconds
245.624: [GC (Allocation Failure)  369186K->41476K(1034240K), 0.0040453 secs]
245.628: Total time for which application threads were stopped: 0.0042158 seconds, Stopping threads took: 0.0000206 seconds
245.696: [GC (Allocation Failure)  363012K->41412K(1034752K), 0.0039732 secs]
245.700: Total time for which application threads were stopped: 0.0041779 seconds, Stopping threads took: 0.0000204 seconds
245.766: [GC (Allocation Failure)  362948K->49706K(1030656K), 0.0101046 secs]
245.776: Total time for which application threads were stopped: 0.0102702 seconds, Stopping threads took: 0.0000220 seconds
245.843: [GC (Allocation Failure)  367146K->44044K(1032704K), 0.0038584 secs]
245.847: Total time for which application threads were stopped: 0.0040212 seconds, Stopping threads took: 0.0000200 seconds
245.914: [GC (Allocation Failure)  361484K->43948K(1033216K), 0.0037745 secs]
245.918: Total time for which application threads were stopped: 0.0039314 seconds, Stopping threads took: 0.0000192 seconds
245.987: [GC (Allocation Failure)  361900K->41802K(1032704K), 0.0029452 secs]
245.990: Total time for which application threads were stopped: 0.0031291 seconds, Stopping threads took: 0.0000273 seconds
246.057: [GC (Allocation Failure)  359754K->43948K(1033728K), 0.0038386 secs]
246.061: Total time for which application threads were stopped: 0.0040077 seconds, Stopping threads took: 0.0000284 seconds
246.129: [GC (Allocation Failure)  362924K->43948K(1033216K), 0.0038091 secs]
246.133: Total time for which application threads were stopped: 0.0039790 seconds, Stopping threads took: 0.0000284 seconds
246.199: [GC (Allocation Failure)  362924K->46412K(1033216K), 0.0043569 secs]
246.204: Total time for which application threads were stopped: 0.0045209 seconds, Stopping threads took: 0.0000202 seconds
246.270: [GC (Allocation Failure)  365900K->52015K(1033728K), 0.0037843 secs]
246.274: Total time for which application threads were stopped: 0.0039644 seconds, Stopping threads took: 0.0000197 seconds
246.343: [GC (Allocation Failure)  371503K->51983K(1034752K), 0.0039790 secs]
246.347: Total time for which application threads were stopped: 0.0041384 seconds, Stopping threads took: 0.0000201 seconds
246.414: [GC (Allocation Failure)  373007K->55143K(1034240K), 0.0047290 secs]
246.419: Total time for which application threads were stopped: 0.0049165 seconds, Stopping threads took: 0.0000225 seconds
246.487: [GC (Allocation Failure)  376167K->60073K(1034752K), 0.0036875 secs]
246.491: Total time for which application threads were stopped: 0.0038477 seconds, Stopping threads took: 0.0000261 seconds
246.559: [GC (Allocation Failure)  381609K->60041K(1034752K), 0.0038979 secs]
246.563: Total time for which application threads were stopped: 0.0040825 seconds, Stopping threads took: 0.0000269 seconds
246.629: [GC (Allocation Failure)  381577K->63873K(1035264K), 0.0079199 secs]
246.637: Total time for which application threads were stopped: 0.0081083 seconds, Stopping threads took: 0.0000207 seconds
246.705: [GC (Allocation Failure)  386433K->68163K(1035264K), 0.0039008 secs]
246.709: Total time for which application threads were stopped: 0.0040954 seconds, Stopping threads took: 0.0000236 seconds
246.777: [GC (Allocation Failure)  390723K->68035K(1035776K), 0.0039273 secs]
246.781: Total time for which application threads were stopped: 0.0041107 seconds, Stopping threads took: 0.0000242 seconds
246.850: [GC (Allocation Failure)  391107K->60545K(1035264K), 0.0008186 secs]
246.851: Total time for which application threads were stopped: 0.0009439 seconds, Stopping threads took: 0.0000206 seconds
246.920: [GC (Allocation Failure)  383617K->68099K(1035264K), 0.0037195 secs]
246.924: Total time for which application threads were stopped: 0.0038832 seconds, Stopping threads took: 0.0000172 seconds
246.996: [GC (Allocation Failure)  390659K->68035K(1035264K), 0.0038620 secs]
246.999: Total time for which application threads were stopped: 0.0040475 seconds, Stopping threads took: 0.0000278 seconds
247.067: [GC (Allocation Failure)  390595K->65313K(1035776K), 0.0028728 secs]
247.070: Total time for which application threads were stopped: 0.0030664 seconds, Stopping threads took: 0.0000195 seconds
247.140: [GC (Allocation Failure)  388385K->68291K(1035264K), 0.0038035 secs]
247.144: Total time for which application threads were stopped: 0.0039696 seconds, Stopping threads took: 0.0000214 seconds
247.212: [GC (Allocation Failure)  391363K->68003K(1035776K), 0.0040856 secs]
247.216: Total time for which application threads were stopped: 0.0042566 seconds, Stopping threads took: 0.0000205 seconds
247.284: [GC (Allocation Failure)  391587K->71649K(1034752K), 0.0055125 secs]
247.289: Total time for which application threads were stopped: 0.0056829 seconds, Stopping threads took: 0.0000193 seconds
247.359: [GC (Allocation Failure)  395233K->68259K(1035264K), 0.0039809 secs]
247.363: Total time for which application threads were stopped: 0.0041518 seconds, Stopping threads took: 0.0000205 seconds
247.432: [GC (Allocation Failure)  390307K->68035K(1034752K), 0.0036616 secs]
247.435: Total time for which application threads were stopped: 0.0038391 seconds, Stopping threads took: 0.0000199 seconds
247.504: [GC (Allocation Failure)  390083K->75937K(1030656K), 0.0076670 secs]
247.512: Total time for which application threads were stopped: 0.0078331 seconds, Stopping threads took: 0.0000280 seconds
247.580: [GC (Allocation Failure)  394401K->71363K(1033216K), 0.0039051 secs]
247.584: Total time for which application threads were stopped: 0.0041078 seconds, Stopping threads took: 0.0000277 seconds
247.651: [GC (Allocation Failure)  389827K->71203K(1034240K), 0.0039707 secs]
247.655: Total time for which application threads were stopped: 0.0041356 seconds, Stopping threads took: 0.0000169 seconds
247.722: [GC (Allocation Failure)  391203K->72705K(1033728K), 0.0046632 secs]
247.727: Total time for which application threads were stopped: 0.0048302 seconds, Stopping threads took: 0.0000173 seconds
247.796: [GC (Allocation Failure)  392705K->71299K(1034752K), 0.0040521 secs]
247.801: Total time for which application threads were stopped: 0.0042186 seconds, Stopping threads took: 0.0000265 seconds
247.869: [GC (Allocation Failure)  392323K->71203K(1034240K), 0.0040513 secs]
247.873: Total time for which application threads were stopped: 0.0042215 seconds, Stopping threads took: 0.0000210 seconds
247.942: [GC (Allocation Failure)  392227K->71329K(1035776K), 0.0070725 secs]
247.949: Total time for which application threads were stopped: 0.0072331 seconds, Stopping threads took: 0.0000254 seconds
248.018: [GC (Allocation Failure)  394401K->71235K(1035264K), 0.0035518 secs]
248.022: Total time for which application threads were stopped: 0.0037379 seconds, Stopping threads took: 0.0000255 seconds
248.089: [GC (Allocation Failure)  394307K->71235K(1036288K), 0.0039570 secs]
248.093: Total time for which application threads were stopped: 0.0041335 seconds, Stopping threads took: 0.0000210 seconds
248.161: [GC (Allocation Failure)  395331K->78169K(1035776K), 0.0074450 secs]
248.168: Total time for which application threads were stopped: 0.0076068 seconds, Stopping threads took: 0.0000197 seconds
248.237: [GC (Allocation Failure)  402265K->74171K(1033728K), 0.0041304 secs]
248.241: Total time for which application threads were stopped: 0.0043041 seconds, Stopping threads took: 0.0000203 seconds
248.308: [GC (Allocation Failure)  395707K->73947K(1034752K), 0.0037658 secs]
248.312: Total time for which application threads were stopped: 0.0039240 seconds, Stopping threads took: 0.0000193 seconds
248.378: [GC (Allocation Failure)  395483K->68345K(1033728K), 0.0021094 secs]
248.380: Total time for which application threads were stopped: 0.0022667 seconds, Stopping threads took: 0.0000393 seconds
248.449: [GC (Allocation Failure)  388857K->74163K(1034240K), 0.0040724 secs]
248.453: Total time for which application threads were stopped: 0.0042452 seconds, Stopping threads took: 0.0000202 seconds
248.522: [GC (Allocation Failure)  394675K->78091K(1035264K), 0.0052572 secs]
248.527: Total time for which application threads were stopped: 0.0054247 seconds, Stopping threads took: 0.0000267 seconds
248.593: [GC (Allocation Failure)  399627K->71657K(1034240K), 0.0012443 secs]
248.594: Total time for which application threads were stopped: 0.0013664 seconds, Stopping threads took: 0.0000268 seconds
248.660: [GC (Allocation Failure)  393193K->78275K(1034752K), 0.0039669 secs]
248.664: Total time for which application threads were stopped: 0.0041629 seconds, Stopping threads took: 0.0000214 seconds
248.733: [GC (Allocation Failure)  399299K->82259K(1034240K), 0.0045413 secs]
248.738: Total time for which application threads were stopped: 0.0047457 seconds, Stopping threads took: 0.0000211 seconds
248.807: [GC (Allocation Failure)  403283K->76017K(1034240K), 0.0014501 secs]
248.808: Total time for which application threads were stopped: 0.0015746 seconds, Stopping threads took: 0.0000175 seconds
248.879: [GC (Allocation Failure)  397553K->82315K(1034752K), 0.0038228 secs]
248.883: Total time for which application threads were stopped: 0.0039792 seconds, Stopping threads took: 0.0000199 seconds
248.952: [GC (Allocation Failure)  403851K->86355K(1035776K), 0.0045993 secs]
248.957: Total time for which application threads were stopped: 0.0047665 seconds, Stopping threads took: 0.0000196 seconds
249.023: [GC (Allocation Failure)  409427K->82449K(1035264K), 0.0026149 secs]
249.026: Total time for which application threads were stopped: 0.0027718 seconds, Stopping threads took: 0.0000194 seconds
249.096: [GC (Allocation Failure)  405521K->86507K(1035776K), 0.0040103 secs]
249.100: Total time for which application threads were stopped: 0.0041874 seconds, Stopping threads took: 0.0000201 seconds
249.171: [GC (Allocation Failure)  410091K->90475K(1035776K), 0.0039668 secs]
249.175: Total time for which application threads were stopped: 0.0041277 seconds, Stopping threads took: 0.0000209 seconds
249.242: [GC (Allocation Failure)  414059K->90475K(1035776K), 0.0035942 secs]
249.246: Total time for which application threads were stopped: 0.0037714 seconds, Stopping threads took: 0.0000194 seconds
249.311: [GC (Allocation Failure)  414059K->90819K(1023488K), 0.0040314 secs]
249.316: Total time for which application threads were stopped: 0.0041989 seconds, Stopping threads took: 0.0000203 seconds
249.383: [GC (Allocation Failure)  414403K->98502K(1035264K), 0.0039885 secs]
249.387: Total time for which application threads were stopped: 0.0041564 seconds, Stopping threads took: 0.0000201 seconds
249.455: [GC (Allocation Failure)  421062K->98534K(1035264K), 0.0038531 secs]
249.459: Total time for which application threads were stopped: 0.0040189 seconds, Stopping threads took: 0.0000197 seconds
249.529: [GC (Allocation Failure)  421094K->99014K(1034240K), 0.0040973 secs]
249.533: Total time for which application threads were stopped: 0.0042759 seconds, Stopping threads took: 0.0000260 seconds
249.601: [GC (Allocation Failure)  420550K->106536K(1034752K), 0.0041145 secs]
249.605: Total time for which application threads were stopped: 0.0042859 seconds, Stopping threads took: 0.0000204 seconds
249.674: [GC (Allocation Failure)  428072K->106536K(1034752K), 0.0038553 secs]
249.677: Total time for which application threads were stopped: 0.0040203 seconds, Stopping threads took: 0.0000215 seconds
249.744: [GC (Allocation Failure)  428072K->106728K(1034752K), 0.0040957 secs]
249.748: Total time for which application threads were stopped: 0.0042705 seconds, Stopping threads took: 0.0000196 seconds
249.816: [GC (Allocation Failure)  428264K->114634K(1034752K), 0.0065500 secs]
249.823: Total time for which application threads were stopped: 0.0067217 seconds, Stopping threads took: 0.0000196 seconds
249.892: [GC (Allocation Failure)  436170K->114570K(1034752K), 0.0038258 secs]
249.896: Total time for which application threads were stopped: 0.0040046 seconds, Stopping threads took: 0.0000199 seconds
249.964: [GC (Allocation Failure)  436106K->114690K(1033728K), 0.0040096 secs]
249.968: Total time for which application threads were stopped: 0.0041607 seconds, Stopping threads took: 0.0000171 seconds
250.036: [GC (Allocation Failure)  435202K->122628K(1034240K), 0.0040001 secs]
250.040: Total time for which application threads were stopped: 0.0041700 seconds, Stopping threads took: 0.0000202 seconds
250.109: [GC (Allocation Failure)  443140K->122596K(1034240K), 0.0039848 secs]
250.113: Total time for which application threads were stopped: 0.0041656 seconds, Stopping threads took: 0.0000209 seconds
250.180: [GC (Allocation Failure)  443108K->122652K(1020416K), 0.0042373 secs]
250.184: Total time for which application threads were stopped: 0.0044230 seconds, Stopping threads took: 0.0000201 seconds
250.253: [GC (Allocation Failure)  443164K->130655K(1033728K), 0.0041948 secs]
250.258: Total time for which application threads were stopped: 0.0043572 seconds, Stopping threads took: 0.0000204 seconds
250.328: [GC (Allocation Failure)  450143K->130655K(1033728K), 0.0037667 secs]
250.332: Total time for which application threads were stopped: 0.0039662 seconds, Stopping threads took: 0.0000220 seconds
250.399: [GC (Allocation Failure)  450143K->130887K(1033728K), 0.0041341 secs]
250.404: Total time for which application threads were stopped: 0.0042876 seconds, Stopping threads took: 0.0000179 seconds
250.470: [GC (Allocation Failure)  450375K->138665K(1033728K), 0.0040654 secs]
250.474: Total time for which application threads were stopped: 0.0042759 seconds, Stopping threads took: 0.0000276 seconds
250.541: [GC (Allocation Failure)  458153K->138697K(1033728K), 0.0038730 secs]
250.545: Total time for which application threads were stopped: 0.0040563 seconds, Stopping threads took: 0.0000276 seconds
250.610: [GC (Allocation Failure)  458185K->138921K(1033728K), 0.0042146 secs]
250.614: Total time for which application threads were stopped: 0.0043796 seconds, Stopping threads took: 0.0000198 seconds
250.679: [GC (Allocation Failure)  458409K->146667K(1033728K), 0.0041139 secs]
250.684: Total time for which application threads were stopped: 0.0042813 seconds, Stopping threads took: 0.0000204 seconds
250.750: [GC (Allocation Failure)  466155K->142761K(1033728K), 0.0027874 secs]
250.752: Total time for which application threads were stopped: 0.0029506 seconds, Stopping threads took: 0.0000200 seconds
250.821: [GC (Allocation Failure)  462249K->146859K(1034752K), 0.0040837 secs]
250.825: Total time for which application threads were stopped: 0.0042522 seconds, Stopping threads took: 0.0000202 seconds
250.895: [GC (Allocation Failure)  467883K->150827K(1034240K), 0.0038113 secs]
250.899: Total time for which application threads were stopped: 0.0039659 seconds, Stopping threads took: 0.0000192 seconds
250.967: [GC (Allocation Failure)  471851K->145065K(1034752K), 0.0018152 secs]
250.969: Total time for which application threads were stopped: 0.0019607 seconds, Stopping threads took: 0.0000193 seconds
251.036: [GC (Allocation Failure)  466601K->150891K(1034752K), 0.0039989 secs]
251.040: Total time for which application threads were stopped: 0.0041619 seconds, Stopping threads took: 0.0000198 seconds
251.106: [GC (Allocation Failure)  472427K->154963K(1035264K), 0.0045642 secs]
251.111: Total time for which application threads were stopped: 0.0047446 seconds, Stopping threads took: 0.0000202 seconds
251.178: [GC (Allocation Failure)  477261K->151089K(1035264K), 0.0026023 secs]
251.181: Total time for which application threads were stopped: 0.0027619 seconds, Stopping threads took: 0.0000198 seconds
251.248: [GC (Allocation Failure)  473649K->155115K(1036288K), 0.0042733 secs]
251.252: Total time for which application threads were stopped: 0.0044552 seconds, Stopping threads took: 0.0000197 seconds
251.320: [GC (Allocation Failure)  479211K->159051K(1035776K), 0.0048800 secs]
251.325: Total time for which application threads were stopped: 0.0050466 seconds, Stopping threads took: 0.0000213 seconds
251.393: [GC (Allocation Failure)  483147K->159083K(1035776K), 0.0039608 secs]
251.397: Total time for which application threads were stopped: 0.0041400 seconds, Stopping threads took: 0.0000217 seconds
251.465: [GC (Allocation Failure)  482667K->159147K(1023488K), 0.0043295 secs]
251.469: Total time for which application threads were stopped: 0.0044915 seconds, Stopping threads took: 0.0000208 seconds
251.538: [GC (Allocation Failure)  482731K->167117K(1035264K), 0.0067001 secs]
251.544: Total time for which application threads were stopped: 0.0068909 seconds, Stopping threads took: 0.0000199 seconds
251.614: [GC (Allocation Failure)  489677K->167085K(1030144K), 0.0042743 secs]
251.619: Total time for which application threads were stopped: 0.0044592 seconds, Stopping threads took: 0.0000225 seconds
251.686: [GC (Allocation Failure)  489645K->167173K(1034752K), 0.0041147 secs]
251.690: Total time for which application threads were stopped: 0.0042927 seconds, Stopping threads took: 0.0000213 seconds
251.758: [GC (Allocation Failure)  488709K->175176K(1034752K), 0.0039985 secs]
251.762: Total time for which application threads were stopped: 0.0041850 seconds, Stopping threads took: 0.0000200 seconds
251.830: [GC (Allocation Failure)  496712K->175144K(1033728K), 0.0041448 secs]
251.834: Total time for which application threads were stopped: 0.0043079 seconds, Stopping threads took: 0.0000199 seconds
251.901: [GC (Allocation Failure)  495656K->175400K(1034240K), 0.0042617 secs]
251.905: Total time for which application threads were stopped: 0.0044302 seconds, Stopping threads took: 0.0000198 seconds
251.974: [GC (Allocation Failure)  495912K->183210K(1034240K), 0.0041773 secs]
251.978: Total time for which application threads were stopped: 0.0043512 seconds, Stopping threads took: 0.0000197 seconds
252.047: [GC (Allocation Failure)  503722K->183178K(1034240K), 0.0037319 secs]
252.051: Total time for which application threads were stopped: 0.0039069 seconds, Stopping threads took: 0.0000287 seconds
252.118: [GC (Allocation Failure)  503690K->183586K(1033216K), 0.0048695 secs]
252.123: Total time for which application threads were stopped: 0.0050390 seconds, Stopping threads took: 0.0000199 seconds
252.191: [GC (Allocation Failure)  503074K->191236K(1033728K), 0.0041640 secs]
252.196: Total time for which application threads were stopped: 0.0044442 seconds, Stopping threads took: 0.0000202 seconds
252.263: [GC (Allocation Failure)  510724K->191236K(1033728K), 0.0041369 secs]
252.267: Total time for which application threads were stopped: 0.0042972 seconds, Stopping threads took: 0.0000205 seconds
252.332: [GC (Allocation Failure)  510724K->191340K(1033728K), 0.0043736 secs]
252.336: Total time for which application threads were stopped: 0.0045477 seconds, Stopping threads took: 0.0000192 seconds
252.405: [GC (Allocation Failure)  510828K->199246K(1033728K), 0.0041056 secs]
252.409: Total time for which application threads were stopped: 0.0042700 seconds, Stopping threads took: 0.0000196 seconds
252.477: [GC (Allocation Failure)  518734K->199246K(1033728K), 0.0039760 secs]
252.481: Total time for which application threads were stopped: 0.0041388 seconds, Stopping threads took: 0.0000209 seconds
252.547: [GC (Allocation Failure)  518734K->199302K(1033728K), 0.0042489 secs]
252.552: Total time for which application threads were stopped: 0.0044345 seconds, Stopping threads took: 0.0000216 seconds
252.620: [GC (Allocation Failure)  518790K->207241K(1027072K), 0.0039416 secs]
252.624: Total time for which application threads were stopped: 0.0041253 seconds, Stopping threads took: 0.0000177 seconds
252.691: [GC (Allocation Failure)  526728K->203366K(1034240K), 0.0035889 secs]
252.695: Total time for which application threads were stopped: 0.0037563 seconds, Stopping threads took: 0.0000203 seconds
252.764: [GC (Allocation Failure)  522854K->207425K(1033216K), 0.0056165 secs]
252.769: Total time for which application threads were stopped: 0.0057823 seconds, Stopping threads took: 0.0000204 seconds
252.837: [GC (Allocation Failure)  526913K->211361K(1034752K), 0.0043115 secs]
252.842: Total time for which application threads were stopped: 0.0044803 seconds, Stopping threads took: 0.0000205 seconds
252.908: [GC (Allocation Failure)  532897K->204638K(1034752K), 0.0013499 secs]
252.909: Total time for which application threads were stopped: 0.0014791 seconds, Stopping threads took: 0.0000196 seconds
252.978: [GC (Allocation Failure)  526174K->211489K(1034752K), 0.0041082 secs]
252.982: Total time for which application threads were stopped: 0.0043068 seconds, Stopping threads took: 0.0000192 seconds
253.049: [GC (Allocation Failure)  533025K->215537K(1034752K), 0.0051678 secs]
253.054: Total time for which application threads were stopped: 0.0053288 seconds, Stopping threads took: 0.0000204 seconds
253.120: [GC (Allocation Failure)  537073K->209966K(1034752K), 0.0019167 secs]
253.122: Total time for which application threads were stopped: 0.0020502 seconds, Stopping threads took: 0.0000187 seconds
253.191: [GC (Allocation Failure)  531502K->215841K(1034752K), 0.0042896 secs]
253.195: Total time for which application threads were stopped: 0.0044601 seconds, Stopping threads took: 0.0000202 seconds
253.263: [GC (Allocation Failure)  537377K->219713K(1035264K), 0.0045668 secs]
253.267: Total time for which application threads were stopped: 0.0047396 seconds, Stopping threads took: 0.0000206 seconds
253.335: [GC (Allocation Failure)  542201K->215742K(1035264K), 0.0028513 secs]
253.337: Total time for which application threads were stopped: 0.0030334 seconds, Stopping threads took: 0.0000196 seconds
253.406: [GC (Allocation Failure)  538302K->219841K(1036288K), 0.0045125 secs]
253.411: Total time for which application threads were stopped: 0.0046885 seconds, Stopping threads took: 0.0000192 seconds
253.478: [GC (Allocation Failure)  543937K->223809K(1035776K), 0.0039966 secs]
253.482: Total time for which application threads were stopped: 0.0041635 seconds, Stopping threads took: 0.0000203 seconds
253.551: [GC (Allocation Failure)  547905K->223777K(1035776K), 0.0041207 secs]
253.555: Total time for which application threads were stopped: 0.0042875 seconds, Stopping threads took: 0.0000195 seconds
253.623: [GC (Allocation Failure)  547361K->223881K(1023488K), 0.0040779 secs]
253.627: Total time for which application threads were stopped: 0.0042779 seconds, Stopping threads took: 0.0000273 seconds
253.695: [GC (Allocation Failure)  547465K->231883K(1035264K), 0.0041235 secs]
253.699: Total time for which application threads were stopped: 0.0042817 seconds, Stopping threads took: 0.0000260 seconds
253.767: [GC (Allocation Failure)  554443K->231883K(1030144K), 0.0040476 secs]
253.771: Total time for which application threads were stopped: 0.0042374 seconds, Stopping threads took: 0.0000198 seconds
253.840: [GC (Allocation Failure)  554443K->231915K(1034752K), 0.0045193 secs]
253.845: Total time for which application threads were stopped: 0.0046804 seconds, Stopping threads took: 0.0000199 seconds
253.912: [GC (Allocation Failure)  553451K->239885K(1029120K), 0.0065530 secs]
253.919: Total time for which application threads were stopped: 0.0067329 seconds, Stopping threads took: 0.0000198 seconds
253.989: [GC (Allocation Failure)  561421K->239853K(1034240K), 0.0038877 secs]
253.993: Total time for which application threads were stopped: 0.0040620 seconds, Stopping threads took: 0.0000194 seconds
254.060: [GC (Allocation Failure)  560365K->240149K(1034240K), 0.0044300 secs]
254.064: Total time for which application threads were stopped: 0.0046237 seconds, Stopping threads took: 0.0000206 seconds
254.134: [GC (Allocation Failure)  560661K->247960K(1034240K), 0.0040374 secs]
254.138: Total time for which application threads were stopped: 0.0041846 seconds, Stopping threads took: 0.0000174 seconds
254.207: [GC (Allocation Failure)  568472K->247960K(1034240K), 0.0040975 secs]
254.211: Total time for which application threads were stopped: 0.0042653 seconds, Stopping threads took: 0.0000193 seconds
254.278: [GC (Allocation Failure)  568472K->248344K(1033216K), 0.0043364 secs]
254.282: Total time for which application threads were stopped: 0.0045112 seconds, Stopping threads took: 0.0000213 seconds
254.349: [GC (Allocation Failure)  567832K->255962K(1033728K), 0.0042449 secs]
254.354: Total time for which application threads were stopped: 0.0044235 seconds, Stopping threads took: 0.0000215 seconds
254.423: [GC (Allocation Failure)  575450K->255994K(1033728K), 0.0042070 secs]
254.428: Total time for which application threads were stopped: 0.0043697 seconds, Stopping threads took: 0.0000206 seconds
254.493: [GC (Allocation Failure)  575482K->256098K(1033728K), 0.0042970 secs]
254.497: Total time for which application threads were stopped: 0.0044548 seconds, Stopping threads took: 0.0000263 seconds
254.566: [GC (Allocation Failure)  575586K->264004K(1033728K), 0.0040296 secs]
254.570: Total time for which application threads were stopped: 0.0042175 seconds, Stopping threads took: 0.0000272 seconds
254.637: [GC (Allocation Failure)  583492K->264004K(1033728K), 0.0042521 secs]
254.642: Total time for which application threads were stopped: 0.0044168 seconds, Stopping threads took: 0.0000199 seconds
254.709: [GC (Allocation Failure)  583492K->264068K(1033728K), 0.0044758 secs]
254.714: Total time for which application threads were stopped: 0.0046368 seconds, Stopping threads took: 0.0000197 seconds
254.781: [GC (Allocation Failure)  583556K->272006K(1027072K), 0.0043530 secs]
254.785: Total time for which application threads were stopped: 0.0045324 seconds, Stopping threads took: 0.0000208 seconds
254.850: [GC (Allocation Failure)  591494K->268132K(1034240K), 0.0040571 secs]
254.855: Total time for which application threads were stopped: 0.0042299 seconds, Stopping threads took: 0.0000306 seconds
254.922: [GC (Allocation Failure)  587620K->272198K(1033216K), 0.0080590 secs]
254.931: Total time for which application threads were stopped: 0.0082146 seconds, Stopping threads took: 0.0000209 seconds
255.000: [GC (Allocation Failure)  591686K->276134K(1034752K), 0.0041640 secs]
255.004: Total time for which application threads were stopped: 0.0043370 seconds, Stopping threads took: 0.0000284 seconds
255.072: [GC (Allocation Failure)  597670K->269412K(1034752K), 0.0014858 secs]
255.073: Total time for which application threads were stopped: 0.0016204 seconds, Stopping threads took: 0.0000201 seconds
255.142: [GC (Allocation Failure)  590948K->276238K(1034752K), 0.0042116 secs]
255.147: Total time for which application threads were stopped: 0.0043864 seconds, Stopping threads took: 0.0000215 seconds
255.212: [GC (Allocation Failure)  597774K->280318K(1034752K), 0.0052468 secs]
255.218: Total time for which application threads were stopped: 0.0054027 seconds, Stopping threads took: 0.0000192 seconds
255.283: [GC (Allocation Failure)  601854K->274780K(1034752K), 0.0021957 secs]
255.285: Total time for which application threads were stopped: 0.0023433 seconds, Stopping threads took: 0.0000195 seconds
255.352: [GC (Allocation Failure)  596316K->280622K(1034752K), 0.0042693 secs]
255.357: Total time for which application threads were stopped: 0.0044671 seconds, Stopping threads took: 0.0000201 seconds
255.425: [GC (Allocation Failure)  602158K->284494K(1034752K), 0.0047259 secs]
255.430: Total time for which application threads were stopped: 0.0048965 seconds, Stopping threads took: 0.0000253 seconds
255.497: [GC (Allocation Failure)  606983K->280556K(1035264K), 0.0028772 secs]
255.500: Total time for which application threads were stopped: 0.0030332 seconds, Stopping threads took: 0.0000257 seconds
255.568: [GC (Allocation Failure)  603116K->284590K(1036288K), 0.0044837 secs]
255.573: Total time for which application threads were stopped: 0.0046692 seconds, Stopping threads took: 0.0000303 seconds
255.640: [GC (Allocation Failure)  608686K->288590K(1035776K), 0.0043627 secs]
255.644: Total time for which application threads were stopped: 0.0045383 seconds, Stopping threads took: 0.0000230 seconds
255.713: [GC (Allocation Failure)  612686K->288622K(1035776K), 0.0041920 secs]
255.717: Total time for which application threads were stopped: 0.0043614 seconds, Stopping threads took: 0.0000204 seconds
255.785: [GC (Allocation Failure)  612206K->288646K(1023488K), 0.0043481 secs]
255.789: Total time for which application threads were stopped: 0.0045494 seconds, Stopping threads took: 0.0000268 seconds
255.857: [GC (Allocation Failure)  612230K->296681K(1035264K), 0.0043473 secs]
255.862: Total time for which application threads were stopped: 0.0044987 seconds, Stopping threads took: 0.0000177 seconds
255.930: [GC (Allocation Failure)  619241K->296617K(1030144K), 0.0062562 secs]
255.936: Total time for which application threads were stopped: 0.0064215 seconds, Stopping threads took: 0.0000173 seconds
256.005: [GC (Allocation Failure)  619177K->296681K(1034752K), 0.0043414 secs]
256.009: Total time for which application threads were stopped: 0.0044975 seconds, Stopping threads took: 0.0000252 seconds
256.077: [GC (Allocation Failure)  618217K->304651K(1029120K), 0.0044455 secs]
256.081: Total time for which application threads were stopped: 0.0046181 seconds, Stopping threads took: 0.0000193 seconds
256.151: [GC (Allocation Failure)  626187K->304683K(1034240K), 0.0040898 secs]
256.155: Total time for which application threads were stopped: 0.0042472 seconds, Stopping threads took: 0.0000174 seconds
256.222: [GC (Allocation Failure)  625195K->304899K(1034240K), 0.0046324 secs]
256.227: Total time for which application threads were stopped: 0.0048059 seconds, Stopping threads took: 0.0000211 seconds
256.295: [GC (Allocation Failure)  625411K->312677K(1034240K), 0.0043897 secs]
256.299: Total time for which application threads were stopped: 0.0045660 seconds, Stopping threads took: 0.0000218 seconds
256.368: [GC (Allocation Failure)  633189K->312709K(1034240K), 0.0044246 secs]
256.372: Total time for which application threads were stopped: 0.0045944 seconds, Stopping threads took: 0.0000210 seconds
256.439: [GC (Allocation Failure)  633221K->313093K(1033216K), 0.0047003 secs]
256.444: Total time for which application threads were stopped: 0.0048847 seconds, Stopping threads took: 0.0000253 seconds
256.512: [GC (Allocation Failure)  632581K->320743K(1033728K), 0.0043153 secs]
256.516: Total time for which application threads were stopped: 0.0044896 seconds, Stopping threads took: 0.0000207 seconds
256.586: [GC (Allocation Failure)  640231K->320711K(1033728K), 0.0042117 secs]
256.590: Total time for which application threads were stopped: 0.0044132 seconds, Stopping threads took: 0.0000170 seconds
256.657: [GC (Allocation Failure)  640199K->320839K(1033728K), 0.0045753 secs]
256.661: Total time for which application threads were stopped: 0.0047602 seconds, Stopping threads took: 0.0000211 seconds
256.731: [GC (Allocation Failure)  640327K->328778K(1033728K), 0.0043667 secs]
256.735: Total time for which application threads were stopped: 0.0045477 seconds, Stopping threads took: 0.0000210 seconds
256.802: [GC (Allocation Failure)  648266K->328746K(1033728K), 0.0044207 secs]
256.807: Total time for which application threads were stopped: 0.0045858 seconds, Stopping threads took: 0.0000213 seconds
256.875: [GC (Allocation Failure)  648234K->328810K(1033728K), 0.0043698 secs]
256.880: Total time for which application threads were stopped: 0.0045341 seconds, Stopping threads took: 0.0000215 seconds
256.947: [GC (Allocation Failure)  648298K->336812K(1027072K), 0.0056548 secs]
256.953: Total time for which application threads were stopped: 0.0058465 seconds, Stopping threads took: 0.0000257 seconds
257.019: [GC (Allocation Failure)  656299K->332874K(1034240K), 0.0033305 secs]
257.022: Total time for which application threads were stopped: 0.0035059 seconds, Stopping threads took: 0.0000264 seconds
257.089: [GC (Allocation Failure)  652362K->336940K(1033216K), 0.0049109 secs]
257.094: Total time for which application threads were stopped: 0.0050869 seconds, Stopping threads took: 0.0000203 seconds
257.162: [GC (Allocation Failure)  656428K->340940K(1034752K), 0.0043538 secs]
257.166: Total time for which application threads were stopped: 0.0045242 seconds, Stopping threads took: 0.0000211 seconds
257.233: [GC (Allocation Failure)  662476K->334154K(1034752K), 0.0017270 secs]
257.234: Total time for which application threads were stopped: 0.0018853 seconds, Stopping threads took: 0.0000207 seconds
257.301: [GC (Allocation Failure)  655690K->340972K(1034752K), 0.0040828 secs]
257.305: Total time for which application threads were stopped: 0.0042486 seconds, Stopping threads took: 0.0000262 seconds
257.373: [GC (Allocation Failure)  662508K->345084K(1034752K), 0.0054337 secs]
257.379: Total time for which application threads were stopped: 0.0056070 seconds, Stopping threads took: 0.0000210 seconds
257.445: [GC (Allocation Failure)  666620K->339546K(1034752K), 0.0024419 secs]
257.448: Total time for which application threads were stopped: 0.0025932 seconds, Stopping threads took: 0.0000203 seconds
257.516: [GC (Allocation Failure)  661082K->345300K(1034752K), 0.0065725 secs]
257.522: Total time for which application threads were stopped: 0.0067525 seconds, Stopping threads took: 0.0000290 seconds
257.590: [GC (Allocation Failure)  666836K->349236K(1034752K), 0.0065311 secs]
257.597: Total time for which application threads were stopped: 0.0067038 seconds, Stopping threads took: 0.0000206 seconds
257.665: [GC (Allocation Failure)  671724K->345330K(1035264K), 0.0032601 secs]
257.668: Total time for which application threads were stopped: 0.0034238 seconds, Stopping threads took: 0.0000210 seconds
257.737: [GC (Allocation Failure)  667890K->349356K(1036288K), 0.0046876 secs]
257.741: Total time for which application threads were stopped: 0.0048543 seconds, Stopping threads took: 0.0000196 seconds
257.809: [GC (Allocation Failure)  673452K->353324K(1035776K), 0.0045140 secs]
257.814: Total time for which application threads were stopped: 0.0047071 seconds, Stopping threads took: 0.0000204 seconds
257.883: [GC (Allocation Failure)  677420K->353324K(1035776K), 0.0043544 secs]
257.887: Total time for which application threads were stopped: 0.0045222 seconds, Stopping threads took: 0.0000218 seconds
257.956: [GC (Allocation Failure)  676908K->353380K(1023488K), 0.0044862 secs]
257.961: Total time for which application threads were stopped: 0.0046560 seconds, Stopping threads took: 0.0000175 seconds
258.028: [GC (Allocation Failure)  676964K->361382K(1035264K), 0.0044279 secs]
258.032: Total time for which application threads were stopped: 0.0045905 seconds, Stopping threads took: 0.0000269 seconds
258.101: [GC (Allocation Failure)  683942K->361382K(1030144K), 0.0042406 secs]
258.105: Total time for which application threads were stopped: 0.0044108 seconds, Stopping threads took: 0.0000202 seconds
258.174: [GC (Allocation Failure)  683942K->361382K(1034752K), 0.0046380 secs]
258.178: Total time for which application threads were stopped: 0.0048089 seconds, Stopping threads took: 0.0000207 seconds
258.246: [GC (Allocation Failure)  682918K->369384K(1029120K), 0.0044490 secs]
258.250: Total time for which application threads were stopped: 0.0046490 seconds, Stopping threads took: 0.0000218 seconds
258.320: [GC (Allocation Failure)  690920K->369416K(1034240K), 0.0044604 secs]
258.325: Total time for which application threads were stopped: 0.0046162 seconds, Stopping threads took: 0.0000173 seconds
258.393: [GC (Allocation Failure)  689928K->369640K(1034240K), 0.0044251 secs]
258.397: Total time for which application threads were stopped: 0.0045946 seconds, Stopping threads took: 0.0000203 seconds
258.465: [GC (Allocation Failure)  690152K->377419K(1034240K), 0.0042653 secs]
258.469: Total time for which application threads were stopped: 0.0044275 seconds, Stopping threads took: 0.0000203 seconds
258.539: [GC (Allocation Failure)  697931K->377419K(1034240K), 0.0043517 secs]
258.543: Total time for which application threads were stopped: 0.0045204 seconds, Stopping threads took: 0.0000280 seconds
258.610: [GC (Allocation Failure)  697931K->377867K(1033216K), 0.0046096 secs]
258.615: Total time for which application threads were stopped: 0.0047779 seconds, Stopping threads took: 0.0000207 seconds
258.682: [GC (Allocation Failure)  697355K->385485K(1033728K), 0.0045877 secs]
258.687: Total time for which application threads were stopped: 0.0047722 seconds, Stopping threads took: 0.0000218 seconds
258.756: [GC (Allocation Failure)  704973K->385453K(1033728K), 0.0045234 secs]
258.760: Total time for which application threads were stopped: 0.0047045 seconds, Stopping threads took: 0.0000214 seconds
258.825: [GC (Allocation Failure)  704941K->385573K(1033728K), 0.0047402 secs]
258.830: Total time for which application threads were stopped: 0.0049052 seconds, Stopping threads took: 0.0000201 seconds
258.898: [GC (Allocation Failure)  705061K->393479K(1033728K), 0.0044441 secs]
258.903: Total time for which application threads were stopped: 0.0046141 seconds, Stopping threads took: 0.0000201 seconds
258.971: [GC (Allocation Failure)  712967K->393479K(1033728K), 0.0044302 secs]
258.975: Total time for which application threads were stopped: 0.0045889 seconds, Stopping threads took: 0.0000201 seconds
259.043: [GC (Allocation Failure)  712967K->393543K(1033728K), 0.0045184 secs]
259.047: Total time for which application threads were stopped: 0.0046980 seconds, Stopping threads took: 0.0000272 seconds
259.114: [GC (Allocation Failure)  713031K->401482K(1027072K), 0.0045713 secs]
259.119: Total time for which application threads were stopped: 0.0047329 seconds, Stopping threads took: 0.0000207 seconds
259.184: [GC (Allocation Failure)  720969K->397639K(1034240K), 0.0036303 secs]
259.188: Total time for which application threads were stopped: 0.0037972 seconds, Stopping threads took: 0.0000205 seconds
259.256: [GC (Allocation Failure)  717127K->401674K(1033216K), 0.0046731 secs]
259.260: Total time for which application threads were stopped: 0.0048336 seconds, Stopping threads took: 0.0000201 seconds
259.329: [GC (Allocation Failure)  721162K->405674K(1034752K), 0.0045312 secs]
259.334: Total time for which application threads were stopped: 0.0046955 seconds, Stopping threads took: 0.0000199 seconds
259.400: [GC (Allocation Failure)  727210K->398887K(1034752K), 0.0018696 secs]
259.402: Total time for which application threads were stopped: 0.0020201 seconds, Stopping threads took: 0.0000195 seconds
259.471: [GC (Allocation Failure)  720423K->405738K(1034752K), 0.0042565 secs]
259.475: Total time for which application threads were stopped: 0.0044160 seconds, Stopping threads took: 0.0000173 seconds
259.541: [GC (Allocation Failure)  727274K->409786K(1034752K), 0.0054779 secs]
259.547: Total time for which application threads were stopped: 0.0056491 seconds, Stopping threads took: 0.0000349 seconds
259.614: [GC (Allocation Failure)  731322K->404247K(1034752K), 0.0023543 secs]
259.616: Total time for which application threads were stopped: 0.0025175 seconds, Stopping threads took: 0.0000174 seconds
259.686: [GC (Allocation Failure)  725783K->410090K(1034752K), 0.0045969 secs]
259.691: Total time for which application threads were stopped: 0.0047722 seconds, Stopping threads took: 0.0000200 seconds
259.760: [GC (Allocation Failure)  731626K->413930K(1035264K), 0.0049137 secs]
259.765: Total time for which application threads were stopped: 0.0051062 seconds, Stopping threads took: 0.0000191 seconds
259.833: [GC (Allocation Failure)  736418K->410023K(1035264K), 0.0033248 secs]
259.836: Total time for which application threads were stopped: 0.0035161 seconds, Stopping threads took: 0.0000203 seconds
259.906: [GC (Allocation Failure)  732583K->414090K(1036288K), 0.0046932 secs]
259.911: Total time for which application threads were stopped: 0.0048606 seconds, Stopping threads took: 0.0000173 seconds
259.979: [GC (Allocation Failure)  738186K->418058K(1035776K), 0.0045543 secs]
259.984: Total time for which application threads were stopped: 0.0047244 seconds, Stopping threads took: 0.0000201 seconds
260.053: [GC (Allocation Failure)  742154K->418058K(1035776K), 0.0044466 secs]
260.057: Total time for which application threads were stopped: 0.0046170 seconds, Stopping threads took: 0.0000269 seconds
260.127: [GC (Allocation Failure)  741642K->418114K(1023488K), 0.0047432 secs]
260.132: Total time for which application threads were stopped: 0.0049140 seconds, Stopping threads took: 0.0000213 seconds
260.199: [GC (Allocation Failure)  741698K->426148K(1035264K), 0.0045382 secs]
260.204: Total time for which application threads were stopped: 0.0047327 seconds, Stopping threads took: 0.0000201 seconds
260.273: [GC (Allocation Failure)  748708K->426084K(1030144K), 0.0045889 secs]
260.278: Total time for which application threads were stopped: 0.0047720 seconds, Stopping threads took: 0.0000193 seconds
260.347: [GC (Allocation Failure)  748644K->426156K(1034752K), 0.0048271 secs]
260.352: Total time for which application threads were stopped: 0.0049860 seconds, Stopping threads took: 0.0000199 seconds
260.419: [GC (Allocation Failure)  747692K->434126K(1029120K), 0.0048323 secs]
260.424: Total time for which application threads were stopped: 0.0050074 seconds, Stopping threads took: 0.0000198 seconds
260.492: [GC (Allocation Failure)  755662K->434126K(1034240K), 0.0046138 secs]
260.496: Total time for which application threads were stopped: 0.0047882 seconds, Stopping threads took: 0.0000194 seconds
260.565: [GC (Allocation Failure)  754638K->434342K(1034240K), 0.0048262 secs]
260.569: Total time for which application threads were stopped: 0.0049786 seconds, Stopping threads took: 0.0000178 seconds
260.637: [GC (Allocation Failure)  754854K->442184K(1034240K), 0.0043972 secs]
260.641: Total time for which application threads were stopped: 0.0045599 seconds, Stopping threads took: 0.0000210 seconds
260.709: [GC (Allocation Failure)  762696K->442184K(1034240K), 0.0046253 secs]
260.714: Total time for which application threads were stopped: 0.0048089 seconds, Stopping threads took: 0.0000214 seconds
260.780: [GC (Allocation Failure)  762696K->442600K(1033216K), 0.0047738 secs]
260.785: Total time for which application threads were stopped: 0.0049432 seconds, Stopping threads took: 0.0000201 seconds
260.853: [GC (Allocation Failure)  762088K->450187K(1033728K), 0.0047085 secs]
260.857: Total time for which application threads were stopped: 0.0048784 seconds, Stopping threads took: 0.0000200 seconds
260.925: [GC (Allocation Failure)  769675K->450155K(1033728K), 0.0053579 secs]
260.930: Total time for which application threads were stopped: 0.0055617 seconds, Stopping threads took: 0.0000222 seconds
260.997: [GC (Allocation Failure)  769643K->450315K(1033728K), 0.0046698 secs]
261.002: Total time for which application threads were stopped: 0.0048524 seconds, Stopping threads took: 0.0000258 seconds
261.071: [GC (Allocation Failure)  769803K->458221K(1033728K), 0.0045744 secs]
261.076: Total time for which application threads were stopped: 0.0047556 seconds, Stopping threads took: 0.0000208 seconds
261.143: [GC (Allocation Failure)  777709K->458189K(1033728K), 0.0046052 secs]
261.148: Total time for which application threads were stopped: 0.0047986 seconds, Stopping threads took: 0.0000201 seconds
261.216: [GC (Allocation Failure)  777677K->458285K(1033728K), 0.0049729 secs]
261.221: Total time for which application threads were stopped: 0.0051421 seconds, Stopping threads took: 0.0000208 seconds
261.288: [GC (Allocation Failure)  777773K->466255K(1027072K), 0.0046038 secs]
261.292: Total time for which application threads were stopped: 0.0047958 seconds, Stopping threads took: 0.0000197 seconds
261.359: [GC (Allocation Failure)  785743K->462349K(1034240K), 0.0037104 secs]
261.362: Total time for which application threads were stopped: 0.0038800 seconds, Stopping threads took: 0.0000203 seconds
261.430: [GC (Allocation Failure)  781837K->466415K(1033216K), 0.0049876 secs]
261.435: Total time for which application threads were stopped: 0.0051634 seconds, Stopping threads took: 0.0000208 seconds
261.502: [GC (Allocation Failure)  785903K->470415K(1034752K), 0.0045075 secs]
261.507: Total time for which application threads were stopped: 0.0046745 seconds, Stopping threads took: 0.0000274 seconds
261.573: [GC (Allocation Failure)  791951K->463565K(1034752K), 0.0073109 secs]
261.581: Total time for which application threads were stopped: 0.0074966 seconds, Stopping threads took: 0.0000281 seconds
261.650: [GC (Allocation Failure)  785101K->470447K(1034752K), 0.0046714 secs]
261.655: Total time for which application threads were stopped: 0.0048566 seconds, Stopping threads took: 0.0000217 seconds
261.721: [GC (Allocation Failure)  791983K->474527K(1034752K), 0.0057434 secs]
261.727: Total time for which application threads were stopped: 0.0059233 seconds, Stopping threads took: 0.0000225 seconds
261.793: [GC (Allocation Failure)  796063K->468989K(1034752K), 0.0026253 secs]
261.795: Total time for which application threads were stopped: 0.0027790 seconds, Stopping threads took: 0.0000203 seconds
261.864: [GC (Allocation Failure)  790525K->474791K(1034752K), 0.0046955 secs]
261.869: Total time for which application threads were stopped: 0.0048920 seconds, Stopping threads took: 0.0000201 seconds
261.938: [GC (Allocation Failure)  796327K->478655K(1034752K), 0.0076123 secs]
261.946: Total time for which application threads were stopped: 0.0078080 seconds, Stopping threads took: 0.0000255 seconds
262.013: [GC (Allocation Failure)  801143K->474781K(1035264K), 0.0033372 secs]
262.016: Total time for which application threads were stopped: 0.0035167 seconds, Stopping threads took: 0.0000179 seconds
262.086: [GC (Allocation Failure)  797341K->478775K(1036288K), 0.0066396 secs]
262.092: Total time for which application threads were stopped: 0.0067883 seconds, Stopping threads took: 0.0000170 seconds
262.160: [GC (Allocation Failure)  802871K->482775K(1035776K), 0.0046632 secs]
262.165: Total time for which application threads were stopped: 0.0048348 seconds, Stopping threads took: 0.0000203 seconds
262.233: [GC (Allocation Failure)  806871K->482775K(1035776K), 0.0044892 secs]
262.238: Total time for which application threads were stopped: 0.0046533 seconds, Stopping threads took: 0.0000202 seconds
262.305: [GC (Allocation Failure)  806359K->482839K(1023488K), 0.0047750 secs]
262.310: Total time for which application threads were stopped: 0.0049568 seconds, Stopping threads took: 0.0000208 seconds
262.376: [GC (Allocation Failure)  806423K->490809K(1035264K), 0.0046290 secs]
262.381: Total time for which application threads were stopped: 0.0048080 seconds, Stopping threads took: 0.0000218 seconds
262.450: [GC (Allocation Failure)  813369K->490809K(1030144K), 0.0046635 secs]
262.454: Total time for which application threads were stopped: 0.0048256 seconds, Stopping threads took: 0.0000199 seconds
262.523: [GC (Allocation Failure)  813369K->490873K(1034752K), 0.0046782 secs]
262.528: Total time for which application threads were stopped: 0.0048575 seconds, Stopping threads took: 0.0000268 seconds
262.596: [GC (Allocation Failure)  812409K->498876K(1034752K), 0.0048771 secs]
262.601: Total time for which application threads were stopped: 0.0050351 seconds, Stopping threads took: 0.0000194 seconds
262.669: [GC (Allocation Failure)  820412K->498844K(1033728K), 0.0044327 secs]
262.674: Total time for which application threads were stopped: 0.0045930 seconds, Stopping threads took: 0.0000192 seconds
262.741: [GC (Allocation Failure)  819356K->499100K(1034240K), 0.0048934 secs]
262.746: Total time for which application threads were stopped: 0.0050651 seconds, Stopping threads took: 0.0000195 seconds
262.814: [GC (Allocation Failure)  819612K->506878K(1034240K), 0.0044145 secs]
262.819: Total time for which application threads were stopped: 0.0045986 seconds, Stopping threads took: 0.0000171 seconds
262.889: [GC (Allocation Failure)  827390K->506878K(1034240K), 0.0048890 secs]
262.894: Total time for which application threads were stopped: 0.0050718 seconds, Stopping threads took: 0.0000200 seconds
262.962: [GC (Allocation Failure)  827390K->507294K(1033216K), 0.0047351 secs]
262.967: Total time for which application threads were stopped: 0.0049053 seconds, Stopping threads took: 0.0000203 seconds
263.035: [GC (Allocation Failure)  826782K->514912K(1033728K), 0.0047714 secs]
263.040: Total time for which application threads were stopped: 0.0049626 seconds, Stopping threads took: 0.0000203 seconds
263.108: [GC (Allocation Failure)  834400K->514944K(1033728K), 0.0048003 secs]
263.113: Total time for which application threads were stopped: 0.0049680 seconds, Stopping threads took: 0.0000205 seconds
263.178: [GC (Allocation Failure)  834432K->515080K(1033728K), 0.0046891 secs]
263.183: Total time for which application threads were stopped: 0.0048598 seconds, Stopping threads took: 0.0000205 seconds
263.250: [GC (Allocation Failure)  834568K->522954K(1033728K), 0.0046664 secs]
263.255: Total time for which application threads were stopped: 0.0048394 seconds, Stopping threads took: 0.0000215 seconds
263.323: [GC (Allocation Failure)  842442K->522986K(1033728K), 0.0047509 secs]
263.327: Total time for which application threads were stopped: 0.0049193 seconds, Stopping threads took: 0.0000199 seconds
263.394: [GC (Allocation Failure)  842474K->523018K(1033728K), 0.0049694 secs]
263.399: Total time for which application threads were stopped: 0.0051691 seconds, Stopping threads took: 0.0000205 seconds
263.468: [GC (Allocation Failure)  842506K->530989K(1027072K), 0.0048511 secs]
263.473: Total time for which application threads were stopped: 0.0050026 seconds, Stopping threads took: 0.0000175 seconds
263.539: [GC (Allocation Failure)  850476K->527050K(1034240K), 0.0038627 secs]
263.543: Total time for which application threads were stopped: 0.0040330 seconds, Stopping threads took: 0.0000284 seconds
263.610: [GC (Allocation Failure)  846538K->531117K(1033216K), 0.0052709 secs]
263.616: Total time for which application threads were stopped: 0.0054564 seconds, Stopping threads took: 0.0000209 seconds
263.684: [GC (Allocation Failure)  850605K->535117K(1034752K), 0.0045973 secs]
263.688: Total time for which application threads were stopped: 0.0047606 seconds, Stopping threads took: 0.0000209 seconds
263.756: [GC (Allocation Failure)  856653K->528362K(1034752K), 0.0022178 secs]
263.758: Total time for which application threads were stopped: 0.0023761 seconds, Stopping threads took: 0.0000198 seconds
263.826: [GC (Allocation Failure)  849898K->535221K(1034752K), 0.0047888 secs]
263.830: Total time for which application threads were stopped: 0.0049539 seconds, Stopping threads took: 0.0000220 seconds
263.898: [GC (Allocation Failure)  856757K->539269K(1034752K), 0.0057553 secs]
263.904: Total time for which application threads were stopped: 0.0059170 seconds, Stopping threads took: 0.0000200 seconds
263.970: [GC (Allocation Failure)  860805K->533730K(1034752K), 0.0027605 secs]
263.973: Total time for which application threads were stopped: 0.0029253 seconds, Stopping threads took: 0.0000205 seconds
264.042: [GC (Allocation Failure)  855266K->539541K(1034752K), 0.0048493 secs]
264.047: Total time for which application threads were stopped: 0.0050189 seconds, Stopping threads took: 0.0000195 seconds
264.114: [GC (Allocation Failure)  861077K->543445K(1035264K), 0.0053433 secs]
264.119: Total time for which application threads were stopped: 0.0055087 seconds, Stopping threads took: 0.0000198 seconds
264.186: [GC (Allocation Failure)  865933K->539506K(1035264K), 0.0037140 secs]
264.190: Total time for which application threads were stopped: 0.0038864 seconds, Stopping threads took: 0.0000209 seconds
264.258: [GC (Allocation Failure)  862066K->543565K(1036288K), 0.0050392 secs]
264.263: Total time for which application threads were stopped: 0.0051988 seconds, Stopping threads took: 0.0000202 seconds
264.332: [GC (Allocation Failure)  867661K->547533K(1035776K), 0.0048174 secs]
264.337: Total time for which application threads were stopped: 0.0050025 seconds, Stopping threads took: 0.0000287 seconds
264.406: [GC (Allocation Failure)  871629K->547565K(1035776K), 0.0047680 secs]
264.411: Total time for which application threads were stopped: 0.0049449 seconds, Stopping threads took: 0.0000192 seconds
264.480: [GC (Allocation Failure)  871149K->547597K(1023488K), 0.0049461 secs]
264.485: Total time for which application threads were stopped: 0.0051116 seconds, Stopping threads took: 0.0000214 seconds
264.553: [GC (Allocation Failure)  871181K->555567K(1035264K), 0.0050116 secs]
264.558: Total time for which application threads were stopped: 0.0052087 seconds, Stopping threads took: 0.0000269 seconds
264.626: [GC (Allocation Failure)  878127K->555567K(1030144K), 0.0047549 secs]
264.631: Total time for which application threads were stopped: 0.0049141 seconds, Stopping threads took: 0.0000196 seconds
264.700: [GC (Allocation Failure)  878127K->555623K(1034752K), 0.0047670 secs]
264.705: Total time for which application threads were stopped: 0.0049332 seconds, Stopping threads took: 0.0000196 seconds
264.773: [GC (Allocation Failure)  877159K->563593K(1034752K), 0.0067497 secs]
264.780: Total time for which application threads were stopped: 0.0069200 seconds, Stopping threads took: 0.0000206 seconds
264.849: [GC (Allocation Failure)  885129K->563593K(1033728K), 0.0046970 secs]
264.854: Total time for which application threads were stopped: 0.0048771 seconds, Stopping threads took: 0.0000230 seconds
264.921: [GC (Allocation Failure)  884105K->563849K(1034240K), 0.0106278 secs]
264.932: Total time for which application threads were stopped: 0.0108276 seconds, Stopping threads took: 0.0000215 seconds
265.001: [GC (Allocation Failure)  884361K->571660K(1034240K), 0.0046147 secs]
265.006: Total time for which application threads were stopped: 0.0047825 seconds, Stopping threads took: 0.0000254 seconds
265.074: [GC (Allocation Failure)  892172K->571660K(1034240K), 0.0048732 secs]
265.079: Total time for which application threads were stopped: 0.0050489 seconds, Stopping threads took: 0.0000194 seconds
265.147: [GC (Allocation Failure)  892172K->572052K(1033216K), 0.0050783 secs]
265.152: Total time for which application threads were stopped: 0.0052469 seconds, Stopping threads took: 0.0000200 seconds
265.219: [GC (Allocation Failure)  891540K->579670K(1033728K), 0.0049285 secs]
265.224: Total time for which application threads were stopped: 0.0050991 seconds, Stopping threads took: 0.0000198 seconds
265.292: [GC (Allocation Failure)  899158K->579670K(1033728K), 0.0048501 secs]
265.297: Total time for which application threads were stopped: 0.0050118 seconds, Stopping threads took: 0.0000206 seconds
265.363: [GC (Allocation Failure)  899158K->579798K(1033728K), 0.0050511 secs]
265.368: Total time for which application threads were stopped: 0.0052403 seconds, Stopping threads took: 0.0000223 seconds
265.436: [GC (Allocation Failure)  899286K->587704K(1033728K), 0.0049210 secs]
265.441: Total time for which application threads were stopped: 0.0050938 seconds, Stopping threads took: 0.0000215 seconds
265.508: [GC (Allocation Failure)  907192K->587736K(1033728K), 0.0048446 secs]
265.513: Total time for which application threads were stopped: 0.0050322 seconds, Stopping threads took: 0.0000210 seconds
265.581: [GC (Allocation Failure)  907224K->587760K(1033728K), 0.0050393 secs]
265.586: Total time for which application threads were stopped: 0.0052333 seconds, Stopping threads took: 0.0000211 seconds
265.653: [GC (Allocation Failure)  907248K->595762K(1027072K), 0.0049375 secs]
265.658: Total time for which application threads were stopped: 0.0051256 seconds, Stopping threads took: 0.0000221 seconds
265.723: [GC (Allocation Failure)  915250K->591792K(1034240K), 0.0040894 secs]
265.727: Total time for which application threads were stopped: 0.0042607 seconds, Stopping threads took: 0.0000206 seconds
265.796: [GC (Allocation Failure)  911280K->595850K(1033216K), 0.0049138 secs]
265.801: Total time for which application threads were stopped: 0.0050812 seconds, Stopping threads took: 0.0000215 seconds
265.868: [GC (Allocation Failure)  915338K->599850K(1034752K), 0.0048911 secs]
265.873: Total time for which application threads were stopped: 0.0050543 seconds, Stopping threads took: 0.0000207 seconds
265.940: [GC (Allocation Failure)  921386K->593064K(1034752K), 0.0023341 secs]
265.943: Total time for which application threads were stopped: 0.0025215 seconds, Stopping threads took: 0.0000245 seconds
266.010: [GC (Allocation Failure)  914600K->599922K(1034752K), 0.0048281 secs]
266.015: Total time for which application threads were stopped: 0.0049955 seconds, Stopping threads took: 0.0000268 seconds
266.081: [GC (Allocation Failure)  921458K->604002K(1034752K), 0.0057400 secs]
266.087: Total time for which application threads were stopped: 0.0058977 seconds, Stopping threads took: 0.0000206 seconds
266.153: [GC (Allocation Failure)  925538K->598464K(1034752K), 0.0030272 secs]
266.156: Total time for which application threads were stopped: 0.0031897 seconds, Stopping threads took: 0.0000183 seconds
266.224: [GC (Allocation Failure)  920000K->604274K(1034752K), 0.0049845 secs]
266.229: Total time for which application threads were stopped: 0.0051593 seconds, Stopping threads took: 0.0000227 seconds
266.296: [GC (Allocation Failure)  925810K->608146K(1035264K), 0.0053863 secs]
266.302: Total time for which application threads were stopped: 0.0055817 seconds, Stopping threads took: 0.0000213 seconds
266.370: [GC (Allocation Failure)  930635K->604240K(1035264K), 0.0040290 secs]
266.374: Total time for which application threads were stopped: 0.0042020 seconds, Stopping threads took: 0.0000208 seconds
266.444: [GC (Allocation Failure)  926800K->608306K(1036288K), 0.0050707 secs]
266.449: Total time for which application threads were stopped: 0.0052349 seconds, Stopping threads took: 0.0000193 seconds
266.517: [GC (Allocation Failure)  932402K->612274K(1035776K), 0.0046766 secs]
266.522: Total time for which application threads were stopped: 0.0048370 seconds, Stopping threads took: 0.0000189 seconds
266.590: [GC (Allocation Failure)  936370K->612306K(1035776K), 0.0049288 secs]
266.595: Total time for which application threads were stopped: 0.0051040 seconds, Stopping threads took: 0.0000262 seconds
266.662: [GC (Allocation Failure)  935890K->612330K(1023488K), 0.0051282 secs]
266.668: Total time for which application threads were stopped: 0.0052908 seconds, Stopping threads took: 0.0000204 seconds
266.734: [GC (Allocation Failure)  935914K->620333K(1035264K), 0.0050656 secs]
266.739: Total time for which application threads were stopped: 0.0052430 seconds, Stopping threads took: 0.0000195 seconds
266.806: [GC (Allocation Failure)  942893K->620301K(1030144K), 0.0048172 secs]
266.811: Total time for which application threads were stopped: 0.0049854 seconds, Stopping threads took: 0.0000190 seconds
266.878: [GC (Allocation Failure)  942861K->620357K(1034752K), 0.0052041 secs]
266.884: Total time for which application threads were stopped: 0.0053701 seconds, Stopping threads took: 0.0000200 seconds
266.952: [GC (Allocation Failure)  941893K->628359K(1029120K), 0.0051066 secs]
266.957: Total time for which application threads were stopped: 0.0052644 seconds, Stopping threads took: 0.0000194 seconds
267.025: [GC (Allocation Failure)  949895K->628359K(1034240K), 0.0046915 secs]
267.030: Total time for which application threads were stopped: 0.0048987 seconds, Stopping threads took: 0.0000207 seconds
267.098: [GC (Allocation Failure)  948871K->628551K(1034240K), 0.0050500 secs]
267.104: Total time for which application threads were stopped: 0.0052139 seconds, Stopping threads took: 0.0000182 seconds
267.171: [GC (Allocation Failure)  949063K->636361K(1034240K), 0.0049280 secs]
267.176: Total time for which application threads were stopped: 0.0050925 seconds, Stopping threads took: 0.0000206 seconds
267.246: [GC (Allocation Failure)  956873K->636361K(1034240K), 0.0050411 secs]
267.251: Total time for which application threads were stopped: 0.0052117 seconds, Stopping threads took: 0.0000200 seconds
267.318: [GC (Allocation Failure)  956873K->636809K(1033216K), 0.0049105 secs]
267.323: Total time for which application threads were stopped: 0.0050737 seconds, Stopping threads took: 0.0000202 seconds
267.391: [GC (Allocation Failure)  956297K->644395K(1033728K), 0.0050897 secs]
267.396: Total time for which application threads were stopped: 0.0052643 seconds, Stopping threads took: 0.0000211 seconds
267.464: [GC (Allocation Failure)  963883K->644363K(1033728K), 0.0050604 secs]
267.469: Total time for which application threads were stopped: 0.0052318 seconds, Stopping threads took: 0.0000211 seconds
267.535: [GC (Allocation Failure)  963851K->644555K(1033728K), 0.0051252 secs]
267.540: Total time for which application threads were stopped: 0.0052960 seconds, Stopping threads took: 0.0000268 seconds
267.608: [GC (Allocation Failure)  964043K->652462K(1033728K), 0.0059764 secs]
267.614: Total time for which application threads were stopped: 0.0061999 seconds, Stopping threads took: 0.0000201 seconds
267.682: [GC (Allocation Failure)  971950K->652430K(1033728K), 0.0051985 secs]
267.687: Total time for which application threads were stopped: 0.0053723 seconds, Stopping threads took: 0.0000205 seconds
267.754: [GC (Allocation Failure)  971918K->652494K(1033728K), 0.0051722 secs]
267.759: Total time for which application threads were stopped: 0.0053403 seconds, Stopping threads took: 0.0000216 seconds
267.826: [GC (Allocation Failure)  971982K->660432K(1027072K), 0.0065129 secs]
267.833: Total time for which application threads were stopped: 0.0066754 seconds, Stopping threads took: 0.0000208 seconds
267.899: [GC (Allocation Failure)  979919K->656558K(1034240K), 0.0042440 secs]
267.903: Total time for which application threads were stopped: 0.0044351 seconds, Stopping threads took: 0.0000229 seconds
267.973: [GC (Allocation Failure)  976046K->660624K(1033216K), 0.0051432 secs]
267.979: Total time for which application threads were stopped: 0.0053081 seconds, Stopping threads took: 0.0000204 seconds
268.047: [GC (Allocation Failure)  980112K->664624K(1034752K), 0.0048882 secs]
268.052: Total time for which application threads were stopped: 0.0050777 seconds, Stopping threads took: 0.0000291 seconds
268.119: [GC (Allocation Failure)  986160K->657806K(1034752K), 0.0023681 secs]
268.121: Total time for which application threads were stopped: 0.0025200 seconds, Stopping threads took: 0.0000203 seconds
268.188: [GC (Allocation Failure)  979342K->664688K(1034752K), 0.0048505 secs]
268.193: Total time for which application threads were stopped: 0.0050237 seconds, Stopping threads took: 0.0000206 seconds
268.260: [GC (Allocation Failure)  986224K->668736K(1034752K), 0.0060791 secs]
268.266: Total time for which application threads were stopped: 0.0062581 seconds, Stopping threads took: 0.0000197 seconds
268.332: [GC (Allocation Failure)  990272K->663166K(1034752K), 0.0051963 secs]
268.337: Total time for which application threads were stopped: 0.0053574 seconds, Stopping threads took: 0.0000261 seconds
268.406: [GC (Allocation Failure)  984702K->669032K(1034752K), 0.0050560 secs]
268.411: Total time for which application threads were stopped: 0.0052421 seconds, Stopping threads took: 0.0000196 seconds
268.480: [GC (Allocation Failure)  990568K->672904K(1035264K), 0.0053330 secs]
268.485: Total time for which application threads were stopped: 0.0054929 seconds, Stopping threads took: 0.0000209 seconds
268.552: [GC (Allocation Failure)  995392K->668966K(1035264K), 0.0040307 secs]
268.556: Total time for which application threads were stopped: 0.0041979 seconds, Stopping threads took: 0.0000200 seconds
268.624: [GC (Allocation Failure)  991526K->673032K(1036288K), 0.0053968 secs]
268.629: Total time for which application threads were stopped: 0.0055925 seconds, Stopping threads took: 0.0000200 seconds
268.699: [GC (Allocation Failure)  997128K->677000K(1035776K), 0.0050767 secs]
268.704: Total time for which application threads were stopped: 0.0052283 seconds, Stopping threads took: 0.0000176 seconds
268.772: [GC (Allocation Failure)  1001096K->677000K(1035776K), 0.0048845 secs]
268.777: Total time for which application threads were stopped: 0.0050741 seconds, Stopping threads took: 0.0000194 seconds
268.847: [GC (Allocation Failure)  1000584K->677064K(1023488K), 0.0050534 secs]
268.852: Total time for which application threads were stopped: 0.0052111 seconds, Stopping threads took: 0.0000171 seconds
268.919: [GC (Allocation Failure)  1000648K->685066K(1035264K), 0.0051387 secs]
268.924: Total time for which application threads were stopped: 0.0053121 seconds, Stopping threads took: 0.0000198 seconds
268.994: [GC (Allocation Failure)  1007626K->685034K(1030144K), 0.0047923 secs]
268.998: Total time for which application threads were stopped: 0.0049602 seconds, Stopping threads took: 0.0000196 seconds
269.066: [GC (Allocation Failure)  1007594K->685098K(1034752K), 0.0051890 secs]
269.071: Total time for which application threads were stopped: 0.0054093 seconds, Stopping threads took: 0.0000202 seconds
269.140: [GC (Allocation Failure)  1006634K->693100K(1029120K), 0.0052494 secs]
269.146: Total time for which application threads were stopped: 0.0054205 seconds, Stopping threads took: 0.0000205 seconds
269.213: [GC (Allocation Failure)  1014636K->693068K(1034240K), 0.0049777 secs]
269.219: Total time for which application threads were stopped: 0.0051475 seconds, Stopping threads took: 0.0000206 seconds
269.285: [GC (Allocation Failure)  1013580K->693332K(1034240K), 0.0053527 secs]
269.291: [Full GC (Ergonomics)  693332K->8704K(1034240K), 0.0127685 secs]
269.304: Total time for which application threads were stopped: 0.0183876 seconds, Stopping threads took: 0.0000203 seconds
269.371: [GC (Allocation Failure)  329216K->17634K(1033216K), 0.0036908 secs]
269.375: Total time for which application threads were stopped: 0.0038584 seconds, Stopping threads took: 0.0000198 seconds
269.442: [GC (Allocation Failure)  337122K->17594K(1033728K), 0.0037629 secs]
269.446: Total time for which application threads were stopped: 0.0039546 seconds, Stopping threads took: 0.0000200 seconds
269.511: [GC (Allocation Failure)  337082K->18042K(1033728K), 0.0039673 secs]
269.515: Total time for which application threads were stopped: 0.0041390 seconds, Stopping threads took: 0.0000287 seconds
269.580: [GC (Allocation Failure)  337530K->25693K(1033728K), 0.0038386 secs]
269.584: Total time for which application threads were stopped: 0.0040137 seconds, Stopping threads took: 0.0000259 seconds
269.652: [GC (Allocation Failure)  345181K->25693K(1033728K), 0.0065397 secs]
269.658: Total time for which application threads were stopped: 0.0066917 seconds, Stopping threads took: 0.0000207 seconds
269.725: [GC (Allocation Failure)  345181K->25797K(1033728K), 0.0040873 secs]
269.729: Total time for which application threads were stopped: 0.0042732 seconds, Stopping threads took: 0.0000180 seconds
269.799: [GC (Allocation Failure)  345285K->33703K(1032704K), 0.0039048 secs]
269.803: Total time for which application threads were stopped: 0.0040813 seconds, Stopping threads took: 0.0000291 seconds
269.867: [GC (Allocation Failure)  352165K->29797K(1033216K), 0.0025411 secs]
269.869: Total time for which application threads were stopped: 0.0027036 seconds, Stopping threads took: 0.0000200 seconds
269.936: [GC (Allocation Failure)  348261K->33831K(1034752K), 0.0046530 secs]
269.941: Total time for which application threads were stopped: 0.0048243 seconds, Stopping threads took: 0.0000282 seconds
270.008: [GC (Allocation Failure)  354855K->37863K(1034240K), 0.0035491 secs]
270.012: Total time for which application threads were stopped: 0.0037067 seconds, Stopping threads took: 0.0000168 seconds
270.079: [GC (Allocation Failure)  358887K->31045K(1034752K), 0.0012381 secs]
270.080: Total time for which application threads were stopped: 0.0013649 seconds, Stopping threads took: 0.0000261 seconds
270.147: [GC (Allocation Failure)  352581K->37903K(1034752K), 0.0037750 secs]
270.151: Total time for which application threads were stopped: 0.0039410 seconds, Stopping threads took: 0.0000209 seconds
270.217: [GC (Allocation Failure)  359439K->41975K(1034752K), 0.0047043 secs]
270.221: Total time for which application threads were stopped: 0.0048649 seconds, Stopping threads took: 0.0000200 seconds
270.287: [GC (Allocation Failure)  363511K->36405K(1034752K), 0.0015622 secs]
270.288: Total time for which application threads were stopped: 0.0016980 seconds, Stopping threads took: 0.0000199 seconds
270.355: [GC (Allocation Failure)  357941K->42279K(1035776K), 0.0039058 secs]
270.359: Total time for which application threads were stopped: 0.0040987 seconds, Stopping threads took: 0.0000198 seconds
270.429: [GC (Allocation Failure)  364839K->46119K(1034752K), 0.0042298 secs]
270.433: Total time for which application threads were stopped: 0.0043857 seconds, Stopping threads took: 0.0000168 seconds
270.500: [GC (Allocation Failure)  368607K->42213K(1035776K), 0.0024846 secs]
270.502: Total time for which application threads were stopped: 0.0026629 seconds, Stopping threads took: 0.0000265 seconds
270.571: [GC (Allocation Failure)  365285K->46279K(1035264K), 0.0041743 secs]
270.576: Total time for which application threads were stopped: 0.0043397 seconds, Stopping threads took: 0.0000214 seconds
270.646: [GC (Allocation Failure)  369351K->50279K(1035264K), 0.0040896 secs]
270.650: Total time for which application threads were stopped: 0.0042646 seconds, Stopping threads took: 0.0000194 seconds
270.719: [GC (Allocation Failure)  373863K->50247K(1035776K), 0.0036317 secs]
270.722: Total time for which application threads were stopped: 0.0038083 seconds, Stopping threads took: 0.0000193 seconds
270.791: [GC (Allocation Failure)  373831K->50311K(1034752K), 0.0038177 secs]
270.795: Total time for which application threads were stopped: 0.0039972 seconds, Stopping threads took: 0.0000221 seconds
270.863: [GC (Allocation Failure)  372871K->58281K(1035264K), 0.0035217 secs]
270.866: Total time for which application threads were stopped: 0.0037171 seconds, Stopping threads took: 0.0000205 seconds
270.938: [GC (Allocation Failure)  380841K->58249K(1034240K), 0.0068332 secs]
270.945: Total time for which application threads were stopped: 0.0069715 seconds, Stopping threads took: 0.0000262 seconds
271.010: [GC (Allocation Failure)  379785K->58345K(1034752K), 0.0038555 secs]
271.014: Total time for which application threads were stopped: 0.0040069 seconds, Stopping threads took: 0.0000178 seconds
271.083: [GC (Allocation Failure)  379881K->66347K(1034752K), 0.0036971 secs]
271.087: Total time for which application threads were stopped: 0.0038749 seconds, Stopping threads took: 0.0000219 seconds
271.157: [GC (Allocation Failure)  387883K->66283K(1029120K), 0.0036819 secs]
271.161: Total time for which application threads were stopped: 0.0038561 seconds, Stopping threads took: 0.0000211 seconds
271.229: [GC (Allocation Failure)  387819K->66531K(1034240K), 0.0041273 secs]
271.234: Total time for which application threads were stopped: 0.0042890 seconds, Stopping threads took: 0.0000208 seconds
271.301: [GC (Allocation Failure)  387043K->74342K(1034240K), 0.0039176 secs]
271.305: Total time for which application threads were stopped: 0.0040951 seconds, Stopping threads took: 0.0000204 seconds
271.373: [GC (Allocation Failure)  394854K->74342K(1034240K), 0.0038801 secs]
271.377: Total time for which application threads were stopped: 0.0040526 seconds, Stopping threads took: 0.0000201 seconds
271.445: [GC (Allocation Failure)  394854K->74758K(1020416K), 0.0041749 secs]
271.450: Total time for which application threads were stopped: 0.0043344 seconds, Stopping threads took: 0.0000173 seconds
271.518: [GC (Allocation Failure)  395270K->82408K(1033728K), 0.0037878 secs]
271.522: Total time for which application threads were stopped: 0.0039775 seconds, Stopping threads took: 0.0000288 seconds
271.589: [GC (Allocation Failure)  401896K->82408K(1033728K), 0.0038349 secs]
271.593: Total time for which application threads were stopped: 0.0040120 seconds, Stopping threads took: 0.0000219 seconds
271.658: [GC (Allocation Failure)  401896K->82504K(1033728K), 0.0040569 secs]
271.662: Total time for which application threads were stopped: 0.0042641 seconds, Stopping threads took: 0.0000214 seconds
271.732: [GC (Allocation Failure)  401992K->90442K(1033728K), 0.0039038 secs]
271.736: Total time for which application threads were stopped: 0.0040650 seconds, Stopping threads took: 0.0000200 seconds
271.803: [GC (Allocation Failure)  409930K->90442K(1033728K), 0.0036179 secs]
271.807: Total time for which application threads were stopped: 0.0037796 seconds, Stopping threads took: 0.0000200 seconds
271.873: [GC (Allocation Failure)  409930K->90474K(1033728K), 0.0041849 secs]
271.877: Total time for which application threads were stopped: 0.0043555 seconds, Stopping threads took: 0.0000202 seconds
271.944: [GC (Allocation Failure)  409962K->98413K(1032704K), 0.0064615 secs]
271.951: Total time for which application threads were stopped: 0.0066120 seconds, Stopping threads took: 0.0000260 seconds
272.017: [GC (Allocation Failure)  416877K->92874K(1033216K), 0.0015958 secs]
272.019: Total time for which application threads were stopped: 0.0017245 seconds, Stopping threads took: 0.0000247 seconds
272.086: [GC (Allocation Failure)  411338K->98701K(1034752K), 0.0040803 secs]
272.090: Total time for which application threads were stopped: 0.0042593 seconds, Stopping threads took: 0.0000199 seconds
272.158: [GC (Allocation Failure)  419213K->102597K(1033728K), 0.0041479 secs]
272.162: Total time for which application threads were stopped: 0.0043687 seconds, Stopping threads took: 0.0000206 seconds
272.231: [GC (Allocation Failure)  423109K->109482K(1029120K), 0.0070888 secs]
272.238: Total time for which application threads were stopped: 0.0072963 seconds, Stopping threads took: 0.0000225 seconds
272.305: [GC (Allocation Failure)  424874K->103373K(1031680K), 0.0049368 secs]
272.310: Total time for which application threads were stopped: 0.0051034 seconds, Stopping threads took: 0.0000202 seconds
272.375: [GC (Allocation Failure)  418765K->103213K(1032704K), 0.0038595 secs]
272.379: Total time for which application threads were stopped: 0.0040314 seconds, Stopping threads took: 0.0000209 seconds
272.444: [GC (Allocation Failure)  420141K->106605K(1032192K), 0.0048574 secs]
272.449: Total time for which application threads were stopped: 0.0050509 seconds, Stopping threads took: 0.0000205 seconds
272.517: [GC (Allocation Failure)  423533K->111375K(1033216K), 0.0037793 secs]
272.521: Total time for which application threads were stopped: 0.0039491 seconds, Stopping threads took: 0.0000263 seconds
272.589: [GC (Allocation Failure)  429327K->111279K(1032704K), 0.0040879 secs]
272.594: Total time for which application threads were stopped: 0.0042661 seconds, Stopping threads took: 0.0000190 seconds
272.660: [GC (Allocation Failure)  429231K->112263K(1033216K), 0.0040406 secs]
272.664: Total time for which application threads were stopped: 0.0042229 seconds, Stopping threads took: 0.0000203 seconds
272.733: [GC (Allocation Failure)  430727K->119305K(1033216K), 0.0041496 secs]
272.737: Total time for which application threads were stopped: 0.0043115 seconds, Stopping threads took: 0.0000195 seconds
272.805: [GC (Allocation Failure)  437769K->119273K(1033728K), 0.0040510 secs]
272.809: Total time for which application threads were stopped: 0.0042187 seconds, Stopping threads took: 0.0000197 seconds
272.876: [GC (Allocation Failure)  438249K->120977K(1033216K), 0.0065138 secs]
272.882: Total time for which application threads were stopped: 0.0066925 seconds, Stopping threads took: 0.0000200 seconds
272.952: [GC (Allocation Failure)  439953K->127379K(1033728K), 0.0039414 secs]
272.956: Total time for which application threads were stopped: 0.0041380 seconds, Stopping threads took: 0.0000207 seconds
273.023: [GC (Allocation Failure)  446867K->127315K(1033728K), 0.0039261 secs]
273.027: Total time for which application threads were stopped: 0.0041201 seconds, Stopping threads took: 0.0000253 seconds
273.093: [GC (Allocation Failure)  446803K->127667K(1033728K), 0.0041183 secs]
273.097: Total time for which application threads were stopped: 0.0042939 seconds, Stopping threads took: 0.0000210 seconds
273.165: [GC (Allocation Failure)  447155K->135382K(1033728K), 0.0040113 secs]
273.169: Total time for which application threads were stopped: 0.0041826 seconds, Stopping threads took: 0.0000222 seconds
273.237: [GC (Allocation Failure)  454870K->135350K(1033728K), 0.0038106 secs]
273.241: Total time for which application threads were stopped: 0.0041110 seconds, Stopping threads took: 0.0000217 seconds
273.307: [GC (Allocation Failure)  454838K->138966K(1033728K), 0.0049761 secs]
273.312: Total time for which application threads were stopped: 0.0051358 seconds, Stopping threads took: 0.0000201 seconds
273.380: [GC (Allocation Failure)  458454K->143480K(1034240K), 0.0049214 secs]
273.385: Total time for which application threads were stopped: 0.0050884 seconds, Stopping threads took: 0.0000281 seconds
273.452: [GC (Allocation Failure)  463992K->143384K(1034240K), 0.0040818 secs]
273.456: Total time for which application threads were stopped: 0.0042483 seconds, Stopping threads took: 0.0000252 seconds
273.523: [GC (Allocation Failure)  463896K->144120K(1034240K), 0.0039438 secs]
273.527: Total time for which application threads were stopped: 0.0041144 seconds, Stopping threads took: 0.0000275 seconds
273.596: [GC (Allocation Failure)  464632K->151450K(1034240K), 0.0038678 secs]
273.600: Total time for which application threads were stopped: 0.0040314 seconds, Stopping threads took: 0.0000206 seconds
273.668: [GC (Allocation Failure)  471962K->151450K(1034240K), 0.0040403 secs]
273.672: Total time for which application threads were stopped: 0.0042140 seconds, Stopping threads took: 0.0000192 seconds
273.739: [GC (Allocation Failure)  471962K->152418K(1034240K), 0.0043565 secs]
273.743: Total time for which application threads were stopped: 0.0045376 seconds, Stopping threads took: 0.0000195 seconds
273.812: [GC (Allocation Failure)  472930K->159460K(1034240K), 0.0041463 secs]
273.817: Total time for which application threads were stopped: 0.0043422 seconds, Stopping threads took: 0.0000201 seconds
273.885: [GC (Allocation Failure)  479972K->159460K(1034240K), 0.0039710 secs]
273.890: Total time for which application threads were stopped: 0.0041663 seconds, Stopping threads took: 0.0000204 seconds
273.959: [GC (Allocation Failure)  479972K->160612K(1034240K), 0.0042018 secs]
273.963: Total time for which application threads were stopped: 0.0043536 seconds, Stopping threads took: 0.0000179 seconds
274.031: [GC (Allocation Failure)  481124K->167559K(1034240K), 0.0041399 secs]
274.036: Total time for which application threads were stopped: 0.0043027 seconds, Stopping threads took: 0.0000261 seconds
274.104: [GC (Allocation Failure)  488071K->167527K(1034240K), 0.0041306 secs]
274.108: Total time for which application threads were stopped: 0.0043041 seconds, Stopping threads took: 0.0000201 seconds
274.175: [GC (Allocation Failure)  488039K->167815K(1020416K), 0.0040360 secs]
274.179: Total time for which application threads were stopped: 0.0042083 seconds, Stopping threads took: 0.0000207 seconds
274.247: [GC (Allocation Failure)  488327K->175593K(1033728K), 0.0042486 secs]
274.252: Total time for which application threads were stopped: 0.0044145 seconds, Stopping threads took: 0.0000207 seconds
274.318: [GC (Allocation Failure)  495081K->175529K(1033728K), 0.0039345 secs]
274.322: Total time for which application threads were stopped: 0.0040975 seconds, Stopping threads took: 0.0000210 seconds
274.389: [GC (Allocation Failure)  495017K->176065K(1033728K), 0.0042701 secs]
274.393: Total time for which application threads were stopped: 0.0044382 seconds, Stopping threads took: 0.0000203 seconds
274.460: [GC (Allocation Failure)  495553K->183619K(1033728K), 0.0041333 secs]
274.465: Total time for which application threads were stopped: 0.0042866 seconds, Stopping threads took: 0.0000209 seconds
274.531: [GC (Allocation Failure)  503107K->183555K(1033728K), 0.0039560 secs]
274.535: Total time for which application threads were stopped: 0.0041315 seconds, Stopping threads took: 0.0000275 seconds
274.602: [GC (Allocation Failure)  503043K->184323K(1033728K), 0.0045202 secs]
274.606: Total time for which application threads were stopped: 0.0046936 seconds, Stopping threads took: 0.0000203 seconds
274.674: [GC (Allocation Failure)  503811K->191621K(1033728K), 0.0039402 secs]
274.678: Total time for which application threads were stopped: 0.0041308 seconds, Stopping threads took: 0.0000204 seconds
274.748: [GC (Allocation Failure)  511109K->191589K(1033728K), 0.0039997 secs]
274.752: Total time for which application threads were stopped: 0.0041581 seconds, Stopping threads took: 0.0000176 seconds
274.818: [GC (Allocation Failure)  511077K->193605K(1033728K), 0.0046129 secs]
274.823: Total time for which application threads were stopped: 0.0047852 seconds, Stopping threads took: 0.0000206 seconds
274.891: [GC (Allocation Failure)  513093K->199624K(1033728K), 0.0040570 secs]
274.895: Total time for which application threads were stopped: 0.0042204 seconds, Stopping threads took: 0.0000201 seconds
274.963: [GC (Allocation Failure)  519112K->199624K(1033728K), 0.0041061 secs]
274.968: Total time for which application threads were stopped: 0.0042764 seconds, Stopping threads took: 0.0000204 seconds
275.036: [GC (Allocation Failure)  519112K->200776K(1033728K), 0.0041060 secs]
275.040: Total time for which application threads were stopped: 0.0043007 seconds, Stopping threads took: 0.0000206 seconds
275.107: [GC (Allocation Failure)  520264K->207658K(1033728K), 0.0040388 secs]
275.112: Total time for which application threads were stopped: 0.0042058 seconds, Stopping threads took: 0.0000265 seconds
275.179: [GC (Allocation Failure)  527146K->207658K(1033728K), 0.0038857 secs]
275.183: Total time for which application threads were stopped: 0.0040788 seconds, Stopping threads took: 0.0000203 seconds
275.251: [GC (Allocation Failure)  527146K->207970K(1033728K), 0.0042972 secs]
275.256: Total time for which application threads were stopped: 0.0044606 seconds, Stopping threads took: 0.0000169 seconds
275.324: [GC (Allocation Failure)  527458K->215684K(1033728K), 0.0039593 secs]
275.328: Total time for which application threads were stopped: 0.0042838 seconds, Stopping threads took: 0.0000209 seconds
275.396: [GC (Allocation Failure)  535172K->215684K(1033728K), 0.0041592 secs]
275.400: Total time for which application threads were stopped: 0.0043190 seconds, Stopping threads took: 0.0000203 seconds
275.466: [GC (Allocation Failure)  535172K->216196K(1033728K), 0.0045233 secs]
275.471: Total time for which application threads were stopped: 0.0047047 seconds, Stopping threads took: 0.0000204 seconds
275.538: [GC (Allocation Failure)  535684K->223718K(1033728K), 0.0040800 secs]
275.542: Total time for which application threads were stopped: 0.0042497 seconds, Stopping threads took: 0.0000207 seconds
275.609: [GC (Allocation Failure)  543206K->223718K(1033728K), 0.0043919 secs]
275.614: Total time for which application threads were stopped: 0.0045642 seconds, Stopping threads took: 0.0000210 seconds
275.680: [GC (Allocation Failure)  543206K->224454K(1033728K), 0.0043095 secs]
275.684: Total time for which application threads were stopped: 0.0044897 seconds, Stopping threads took: 0.0000206 seconds
275.751: [GC (Allocation Failure)  543942K->231753K(1033728K), 0.0041262 secs]
275.756: Total time for which application threads were stopped: 0.0042972 seconds, Stopping threads took: 0.0000205 seconds
275.824: [GC (Allocation Failure)  551241K->231753K(1033728K), 0.0042402 secs]
275.828: Total time for which application threads were stopped: 0.0044025 seconds, Stopping threads took: 0.0000206 seconds
275.894: [GC (Allocation Failure)  551241K->232673K(1033728K), 0.0042322 secs]
275.899: Total time for which application threads were stopped: 0.0044143 seconds, Stopping threads took: 0.0000209 seconds
275.969: [GC (Allocation Failure)  552161K->239811K(1033728K), 0.0040861 secs]
275.973: Total time for which application threads were stopped: 0.0042569 seconds, Stopping threads took: 0.0000201 seconds
276.041: [GC (Allocation Failure)  559299K->239779K(1033728K), 0.0040347 secs]
276.045: Total time for which application threads were stopped: 0.0042379 seconds, Stopping threads took: 0.0000276 seconds
276.113: [GC (Allocation Failure)  559267K->239875K(1033728K), 0.0043895 secs]
276.117: Total time for which application threads were stopped: 0.0045540 seconds, Stopping threads took: 0.0000206 seconds
276.185: [GC (Allocation Failure)  559363K->247813K(1027072K), 0.0040501 secs]
276.190: Total time for which application threads were stopped: 0.0042203 seconds, Stopping threads took: 0.0000201 seconds
276.257: [GC (Allocation Failure)  567301K->247813K(1033216K), 0.0044425 secs]
276.261: Total time for which application threads were stopped: 0.0046063 seconds, Stopping threads took: 0.0000210 seconds
276.328: [GC (Allocation Failure)  566277K->248125K(1033216K), 0.0045880 secs]
276.333: Total time for which application threads were stopped: 0.0047493 seconds, Stopping threads took: 0.0000204 seconds
276.402: [GC (Allocation Failure)  566589K->255840K(1033216K), 0.0042095 secs]
276.406: Total time for which application threads were stopped: 0.0043694 seconds, Stopping threads took: 0.0000197 seconds
276.471: [GC (Allocation Failure)  574304K->255840K(1033216K), 0.0042417 secs]
276.476: Total time for which application threads were stopped: 0.0044349 seconds, Stopping threads took: 0.0000195 seconds
276.542: [GC (Allocation Failure)  574304K->256360K(1033216K), 0.0042540 secs]
276.546: Total time for which application threads were stopped: 0.0044291 seconds, Stopping threads took: 0.0000262 seconds
276.614: [GC (Allocation Failure)  574824K->263882K(1033216K), 0.0043581 secs]
276.618: Total time for which application threads were stopped: 0.0045301 seconds, Stopping threads took: 0.0000172 seconds
276.686: [GC (Allocation Failure)  582346K->263882K(1033216K), 0.0041145 secs]
276.690: Total time for which application threads were stopped: 0.0042930 seconds, Stopping threads took: 0.0000206 seconds
276.757: [GC (Allocation Failure)  582346K->264074K(1033216K), 0.0044893 secs]
276.761: Total time for which application threads were stopped: 0.0046728 seconds, Stopping threads took: 0.0000221 seconds
276.828: [GC (Allocation Failure)  582538K->271916K(1033216K), 0.0043669 secs]
276.833: Total time for which application threads were stopped: 0.0045473 seconds, Stopping threads took: 0.0000204 seconds
276.900: [GC (Allocation Failure)  590380K->271916K(1033216K), 0.0043089 secs]
276.904: Total time for which application threads were stopped: 0.0044698 seconds, Stopping threads took: 0.0000201 seconds
276.972: [GC (Allocation Failure)  590380K->272036K(1033216K), 0.0043531 secs]
276.976: Total time for which application threads were stopped: 0.0045041 seconds, Stopping threads took: 0.0000171 seconds
277.045: [GC (Allocation Failure)  590500K->279974K(1033216K), 0.0044353 secs]
277.050: Total time for which application threads were stopped: 0.0046155 seconds, Stopping threads took: 0.0000275 seconds
277.116: [GC (Allocation Failure)  598438K->279942K(1033216K), 0.0043030 secs]
277.120: Total time for which application threads were stopped: 0.0044905 seconds, Stopping threads took: 0.0000279 seconds
277.185: [GC (Allocation Failure)  598406K->279998K(1033216K), 0.0043904 secs]
277.190: Total time for which application threads were stopped: 0.0045546 seconds, Stopping threads took: 0.0000197 seconds
277.257: [GC (Allocation Failure)  598462K->287969K(1033216K), 0.0042716 secs]
277.262: Total time for which application threads were stopped: 0.0044678 seconds, Stopping threads took: 0.0000203 seconds
277.329: [GC (Allocation Failure)  606433K->287969K(1033216K), 0.0043508 secs]
277.333: Total time for which application threads were stopped: 0.0045443 seconds, Stopping threads took: 0.0000203 seconds
277.400: [GC (Allocation Failure)  606433K->288265K(1033216K), 0.0043511 secs]
277.404: Total time for which application threads were stopped: 0.0045418 seconds, Stopping threads took: 0.0000176 seconds
277.471: [GC (Allocation Failure)  606729K->296043K(1033216K), 0.0042368 secs]
277.476: Total time for which application threads were stopped: 0.0043940 seconds, Stopping threads took: 0.0000254 seconds
277.544: [GC (Allocation Failure)  614507K->296011K(1033216K), 0.0041632 secs]
277.548: Total time for which application threads were stopped: 0.0043322 seconds, Stopping threads took: 0.0000279 seconds
277.613: [GC (Allocation Failure)  614475K->296259K(1033216K), 0.0045598 secs]
277.617: Total time for which application threads were stopped: 0.0047192 seconds, Stopping threads took: 0.0000191 seconds
277.683: [GC (Allocation Failure)  614723K->304069K(1033216K), 0.0044273 secs]
277.687: Total time for which application threads were stopped: 0.0045900 seconds, Stopping threads took: 0.0000202 seconds
277.752: [GC (Allocation Failure)  622533K->300131K(1033216K), 0.0032920 secs]
277.756: Total time for which application threads were stopped: 0.0034733 seconds, Stopping threads took: 0.0000194 seconds
277.822: [GC (Allocation Failure)  618595K->304125K(1034240K), 0.0051721 secs]
277.828: Total time for which application threads were stopped: 0.0053434 seconds, Stopping threads took: 0.0000200 seconds
277.896: [GC (Allocation Failure)  624125K->308157K(1033728K), 0.0043767 secs]
277.900: Total time for which application threads were stopped: 0.0045509 seconds, Stopping threads took: 0.0000196 seconds
277.968: [GC (Allocation Failure)  628157K->315683K(1028096K), 0.0079661 secs]
277.976: Total time for which application threads were stopped: 0.0081504 seconds, Stopping threads took: 0.0000182 seconds
278.045: [GC (Allocation Failure)  630051K->309445K(1031168K), 0.0042653 secs]
278.049: Total time for which application threads were stopped: 0.0044256 seconds, Stopping threads took: 0.0000170 seconds
278.116: [GC (Allocation Failure)  623813K->309381K(1032192K), 0.0043633 secs]
278.121: Total time for which application threads were stopped: 0.0045264 seconds, Stopping threads took: 0.0000263 seconds
278.187: [GC (Allocation Failure)  625285K->310365K(1031680K), 0.0046417 secs]
278.191: Total time for which application threads were stopped: 0.0048062 seconds, Stopping threads took: 0.0000211 seconds
278.260: [GC (Allocation Failure)  626269K->317439K(1032704K), 0.0043825 secs]
278.265: Total time for which application threads were stopped: 0.0045550 seconds, Stopping threads took: 0.0000209 seconds
278.331: [GC (Allocation Failure)  634367K->317471K(1032192K), 0.0048904 secs]
278.336: Total time for which application threads were stopped: 0.0050720 seconds, Stopping threads took: 0.0000193 seconds
278.402: [GC (Allocation Failure)  634399K->321159K(1033216K), 0.0052104 secs]
278.407: Total time for which application threads were stopped: 0.0053726 seconds, Stopping threads took: 0.0000195 seconds
278.475: [GC (Allocation Failure)  639111K->325514K(1032704K), 0.0043958 secs]
278.480: Total time for which application threads were stopped: 0.0045613 seconds, Stopping threads took: 0.0000264 seconds
278.547: [GC (Allocation Failure)  643466K->325514K(1033728K), 0.0043937 secs]
278.552: Total time for which application threads were stopped: 0.0045843 seconds, Stopping threads took: 0.0000281 seconds
278.617: [GC (Allocation Failure)  645002K->329378K(1033728K), 0.0054896 secs]
278.622: Total time for which application threads were stopped: 0.0056664 seconds, Stopping threads took: 0.0000209 seconds
278.688: [GC (Allocation Failure)  648866K->333636K(1034240K), 0.0044686 secs]
278.693: Total time for which application threads were stopped: 0.0046314 seconds, Stopping threads took: 0.0000208 seconds
278.760: [GC (Allocation Failure)  654148K->333508K(1034240K), 0.0042918 secs]
278.764: Total time for which application threads were stopped: 0.0044531 seconds, Stopping threads took: 0.0000202 seconds
278.832: [GC (Allocation Failure)  654020K->334572K(1034240K), 0.0047502 secs]
278.836: Total time for which application threads were stopped: 0.0049208 seconds, Stopping threads took: 0.0000196 seconds
278.906: [GC (Allocation Failure)  655084K->341614K(1034240K), 0.0044327 secs]
278.910: Total time for which application threads were stopped: 0.0045898 seconds, Stopping threads took: 0.0000192 seconds
278.981: [GC (Allocation Failure)  662126K->341518K(1034240K), 0.0044133 secs]
278.985: Total time for which application threads were stopped: 0.0046071 seconds, Stopping threads took: 0.0000363 seconds
279.054: [GC (Allocation Failure)  662030K->344838K(1034240K), 0.0050828 secs]
279.059: Total time for which application threads were stopped: 0.0052734 seconds, Stopping threads took: 0.0000264 seconds
279.127: [GC (Allocation Failure)  665350K->349608K(1034752K), 0.0043843 secs]
279.131: Total time for which application threads were stopped: 0.0045482 seconds, Stopping threads took: 0.0000194 seconds
279.201: [GC (Allocation Failure)  671144K->349576K(1034752K), 0.0047130 secs]
279.206: Total time for which application threads were stopped: 0.0048871 seconds, Stopping threads took: 0.0000199 seconds
279.271: [GC (Allocation Failure)  671112K->353096K(1034752K), 0.0052742 secs]
279.276: Total time for which application threads were stopped: 0.0054364 seconds, Stopping threads took: 0.0000186 seconds
279.344: [GC (Allocation Failure)  674632K->357643K(1034752K), 0.0044293 secs]
279.349: Total time for which application threads were stopped: 0.0046029 seconds, Stopping threads took: 0.0000209 seconds
279.415: [GC (Allocation Failure)  679179K->357611K(1035264K), 0.0044371 secs]
279.420: Total time for which application threads were stopped: 0.0046093 seconds, Stopping threads took: 0.0000207 seconds
279.488: [GC (Allocation Failure)  679659K->358771K(1034752K), 0.0048225 secs]
279.493: Total time for which application threads were stopped: 0.0049871 seconds, Stopping threads took: 0.0000199 seconds
279.564: [GC (Allocation Failure)  680819K->365717K(1034752K), 0.0043312 secs]
279.568: Total time for which application threads were stopped: 0.0045004 seconds, Stopping threads took: 0.0000269 seconds
279.634: [GC (Allocation Failure)  687253K->365653K(1034752K), 0.0045085 secs]
279.639: Total time for which application threads were stopped: 0.0046717 seconds, Stopping threads took: 0.0000204 seconds
279.704: [GC (Allocation Failure)  687189K->368501K(1034752K), 0.0051853 secs]
279.709: Total time for which application threads were stopped: 0.0053438 seconds, Stopping threads took: 0.0000196 seconds
279.775: [GC (Allocation Failure)  690037K->373815K(1034752K), 0.0044885 secs]
279.779: Total time for which application threads were stopped: 0.0046463 seconds, Stopping threads took: 0.0000195 seconds
279.845: [GC (Allocation Failure)  695351K->373687K(1034752K), 0.0075192 secs]
279.853: Total time for which application threads were stopped: 0.0076789 seconds, Stopping threads took: 0.0000192 seconds
279.918: [GC (Allocation Failure)  695223K->377775K(1034752K), 0.0069000 secs]
279.925: Total time for which application threads were stopped: 0.0070744 seconds, Stopping threads took: 0.0000195 seconds
279.992: [GC (Allocation Failure)  699311K->381778K(1035264K), 0.0043377 secs]
279.996: Total time for which application threads were stopped: 0.0044892 seconds, Stopping threads took: 0.0000172 seconds
280.064: [GC (Allocation Failure)  704338K->381714K(1035264K), 0.0044874 secs]
280.069: Total time for which application threads were stopped: 0.0046551 seconds, Stopping threads took: 0.0000262 seconds
280.136: [GC (Allocation Failure)  704274K->385002K(1035264K), 0.0051124 secs]
280.141: Total time for which application threads were stopped: 0.0053089 seconds, Stopping threads took: 0.0000199 seconds
280.211: [GC (Allocation Failure)  707562K->389772K(1035264K), 0.0043443 secs]
280.215: Total time for which application threads were stopped: 0.0045153 seconds, Stopping threads took: 0.0000193 seconds
280.283: [GC (Allocation Failure)  712332K->389772K(1035264K), 0.0043458 secs]
280.288: Total time for which application threads were stopped: 0.0045102 seconds, Stopping threads took: 0.0000199 seconds
280.355: [GC (Allocation Failure)  712332K->393228K(1035264K), 0.0054751 secs]
280.361: Total time for which application threads were stopped: 0.0056475 seconds, Stopping threads took: 0.0000205 seconds
280.430: [GC (Allocation Failure)  715788K->397806K(1035264K), 0.0045024 secs]
280.434: Total time for which application threads were stopped: 0.0046754 seconds, Stopping threads took: 0.0000198 seconds
280.504: [GC (Allocation Failure)  720366K->397806K(1035264K), 0.0044562 secs]
280.509: Total time for which application threads were stopped: 0.0046289 seconds, Stopping threads took: 0.0000200 seconds
280.574: [GC (Allocation Failure)  720366K->401478K(1035776K), 0.0053295 secs]
280.580: Total time for which application threads were stopped: 0.0054935 seconds, Stopping threads took: 0.0000201 seconds
280.647: [GC (Allocation Failure)  725062K->405832K(1035776K), 0.0043327 secs]
280.652: Total time for which application threads were stopped: 0.0045016 seconds, Stopping threads took: 0.0000198 seconds
280.720: [GC (Allocation Failure)  729416K->405800K(1035776K), 0.0044092 secs]
280.724: Total time for which application threads were stopped: 0.0045769 seconds, Stopping threads took: 0.0000199 seconds
280.792: [GC (Allocation Failure)  729384K->408648K(1035776K), 0.0067525 secs]
280.798: Total time for which application threads were stopped: 0.0069402 seconds, Stopping threads took: 0.0000191 seconds
280.868: [GC (Allocation Failure)  732232K->413899K(1035776K), 0.0045368 secs]
280.872: Total time for which application threads were stopped: 0.0046879 seconds, Stopping threads took: 0.0000176 seconds
280.940: [GC (Allocation Failure)  737483K->413867K(1035776K), 0.0052113 secs]
280.946: Total time for which application threads were stopped: 0.0053872 seconds, Stopping threads took: 0.0000262 seconds
281.013: [GC (Allocation Failure)  737451K->407816K(1034752K), 0.0021623 secs]
281.016: Total time for which application threads were stopped: 0.0023133 seconds, Stopping threads took: 0.0000203 seconds
281.084: [GC (Allocation Failure)  730376K->413835K(1035264K), 0.0059936 secs]
281.090: Total time for which application threads were stopped: 0.0061520 seconds, Stopping threads took: 0.0000194 seconds
281.158: [GC (Allocation Failure)  736395K->413835K(1035264K), 0.0045312 secs]
281.163: Total time for which application threads were stopped: 0.0046903 seconds, Stopping threads took: 0.0000203 seconds
281.232: [GC (Allocation Failure)  736395K->412104K(1035264K), 0.0040087 secs]
281.236: Total time for which application threads were stopped: 0.0041810 seconds, Stopping threads took: 0.0000195 seconds
281.304: [GC (Allocation Failure)  734664K->414059K(1035264K), 0.0044970 secs]
281.309: Total time for which application threads were stopped: 0.0046619 seconds, Stopping threads took: 0.0000199 seconds
281.377: [GC (Allocation Failure)  737643K->413835K(1035776K), 0.0046168 secs]
281.382: Total time for which application threads were stopped: 0.0047819 seconds, Stopping threads took: 0.0000208 seconds
281.450: [GC (Allocation Failure)  737419K->418440K(1032704K), 0.0065938 secs]
281.457: Total time for which application threads were stopped: 0.0067771 seconds, Stopping threads took: 0.0000201 seconds
281.525: [GC (Allocation Failure)  738952K->413995K(1034240K), 0.0043864 secs]
281.530: Total time for which application threads were stopped: 0.0045495 seconds, Stopping threads took: 0.0000274 seconds
281.598: [GC (Allocation Failure)  734507K->413835K(1035264K), 0.0042866 secs]
281.602: Total time for which application threads were stopped: 0.0044433 seconds, Stopping threads took: 0.0000270 seconds
281.671: [GC (Allocation Failure)  735883K->418152K(1034240K), 0.0064315 secs]
281.678: Total time for which application threads were stopped: 0.0066018 seconds, Stopping threads took: 0.0000249 seconds
281.746: [GC (Allocation Failure)  740200K->413931K(1034752K), 0.0044612 secs]
281.751: Total time for which application threads were stopped: 0.0046397 seconds, Stopping threads took: 0.0000198 seconds
281.817: [GC (Allocation Failure)  734955K->413835K(1034240K), 0.0045413 secs]
281.821: Total time for which application threads were stopped: 0.0047066 seconds, Stopping threads took: 0.0000210 seconds
281.886: [GC (Allocation Failure)  734859K->418856K(1032192K), 0.0091213 secs]
281.896: Total time for which application threads were stopped: 0.0092762 seconds, Stopping threads took: 0.0000192 seconds
281.963: [GC (Allocation Failure)  738344K->413899K(1033728K), 0.0045093 secs]
281.967: Total time for which application threads were stopped: 0.0046592 seconds, Stopping threads took: 0.0000185 seconds
282.035: [GC (Allocation Failure)  733387K->413835K(1034752K), 0.0045738 secs]
282.039: Total time for which application threads were stopped: 0.0047348 seconds, Stopping threads took: 0.0000200 seconds
282.105: [GC (Allocation Failure)  734859K->415432K(1034240K), 0.0055264 secs]
282.110: Total time for which application threads were stopped: 0.0056981 seconds, Stopping threads took: 0.0000204 seconds
282.180: [GC (Allocation Failure)  736456K->414091K(1035264K), 0.0045028 secs]
282.184: Total time for which application threads were stopped: 0.0046799 seconds, Stopping threads took: 0.0000198 seconds
282.252: [GC (Allocation Failure)  736139K->413835K(1034752K), 0.0047526 secs]
282.257: Total time for which application threads were stopped: 0.0049176 seconds, Stopping threads took: 0.0000205 seconds
282.324: [GC (Allocation Failure)  735883K->417224K(1033728K), 0.0060122 secs]
282.330: Total time for which application threads were stopped: 0.0061872 seconds, Stopping threads took: 0.0000200 seconds
282.399: [GC (Allocation Failure)  738760K->414027K(1034752K), 0.0046326 secs]
282.404: Total time for which application threads were stopped: 0.0047995 seconds, Stopping threads took: 0.0000214 seconds
282.470: [GC (Allocation Failure)  735563K->413835K(1035776K), 0.0073791 secs]
282.477: Total time for which application threads were stopped: 0.0075529 seconds, Stopping threads took: 0.0000209 seconds
282.544: [GC (Allocation Failure)  736907K->419920K(1035264K), 0.0074331 secs]
282.551: Total time for which application threads were stopped: 0.0076024 seconds, Stopping threads took: 0.0000188 seconds
282.620: [GC (Allocation Failure)  742992K->415315K(1033216K), 0.0061786 secs]
282.626: Total time for which application threads were stopped: 0.0063495 seconds, Stopping threads took: 0.0000282 seconds
282.695: [GC (Allocation Failure)  735827K->415187K(1034240K), 0.0046000 secs]
282.700: Total time for which application threads were stopped: 0.0047686 seconds, Stopping threads took: 0.0000228 seconds
282.768: [GC (Allocation Failure)  735699K->421992K(1030656K), 0.0077326 secs]
282.776: Total time for which application threads were stopped: 0.0079031 seconds, Stopping threads took: 0.0000199 seconds
282.843: [GC (Allocation Failure)  739432K->416331K(1032704K), 0.0045577 secs]
282.847: Total time for which application threads were stopped: 0.0047180 seconds, Stopping threads took: 0.0000210 seconds
282.915: [GC (Allocation Failure)  733771K->416235K(1033728K), 0.0042873 secs]
282.919: Total time for which application threads were stopped: 0.0044812 seconds, Stopping threads took: 0.0000197 seconds
282.989: [GC (Allocation Failure)  735211K->413544K(1033216K), 0.0036603 secs]
282.992: Total time for which application threads were stopped: 0.0038387 seconds, Stopping threads took: 0.0000276 seconds
283.060: [GC (Allocation Failure)  732520K->416267K(1033728K), 0.0044932 secs]
283.064: Total time for which application threads were stopped: 0.0046679 seconds, Stopping threads took: 0.0000204 seconds
283.133: [GC (Allocation Failure)  735243K->416267K(1033216K), 0.0045162 secs]
283.138: Total time for which application threads were stopped: 0.0046830 seconds, Stopping threads took: 0.0000201 seconds
283.205: [GC (Allocation Failure)  735243K->419235K(1033216K), 0.0054206 secs]
283.210: Total time for which application threads were stopped: 0.0055902 seconds, Stopping threads took: 0.0000199 seconds
283.277: [GC (Allocation Failure)  738723K->424485K(1033728K), 0.0043769 secs]
283.281: Total time for which application threads were stopped: 0.0045380 seconds, Stopping threads took: 0.0000203 seconds
283.348: [GC (Allocation Failure)  743973K->424293K(1035264K), 0.0047541 secs]
283.353: Total time for which application threads were stopped: 0.0049130 seconds, Stopping threads took: 0.0000209 seconds
283.420: [GC (Allocation Failure)  745829K->424389K(1034240K), 0.0048038 secs]
283.425: Total time for which application threads were stopped: 0.0049817 seconds, Stopping threads took: 0.0000187 seconds
283.493: [GC (Allocation Failure)  745925K->432359K(1034752K), 0.0046398 secs]
283.497: Total time for which application threads were stopped: 0.0048048 seconds, Stopping threads took: 0.0000200 seconds
283.566: [GC (Allocation Failure)  753383K->432295K(1034240K), 0.0045125 secs]
283.570: Total time for which application threads were stopped: 0.0046793 seconds, Stopping threads took: 0.0000282 seconds
283.637: [GC (Allocation Failure)  753319K->432615K(1033728K), 0.0048437 secs]
283.642: Total time for which application threads were stopped: 0.0050605 seconds, Stopping threads took: 0.0000334 seconds
283.709: [GC (Allocation Failure)  753127K->440457K(1034240K), 0.0045332 secs]
283.713: Total time for which application threads were stopped: 0.0047042 seconds, Stopping threads took: 0.0000202 seconds
283.781: [GC (Allocation Failure)  760969K->440297K(1034752K), 0.0054064 secs]
283.787: Total time for which application threads were stopped: 0.0055947 seconds, Stopping threads took: 0.0000204 seconds
283.852: [GC (Allocation Failure)  761833K->443945K(1034752K), 0.0055700 secs]
283.858: Total time for which application threads were stopped: 0.0057598 seconds, Stopping threads took: 0.0000220 seconds
283.926: [GC (Allocation Failure)  765481K->448428K(1035264K), 0.0055439 secs]
283.932: Total time for which application threads were stopped: 0.0057076 seconds, Stopping threads took: 0.0000251 seconds
284.000: [GC (Allocation Failure)  770476K->448396K(1034752K), 0.0047520 secs]
284.005: Total time for which application threads were stopped: 0.0049112 seconds, Stopping threads took: 0.0000195 seconds
284.072: [GC (Allocation Failure)  770444K->450148K(1034240K), 0.0050588 secs]
284.078: Total time for which application threads were stopped: 0.0052207 seconds, Stopping threads took: 0.0000195 seconds
284.146: [GC (Allocation Failure)  771684K->456390K(1034752K), 0.0045664 secs]
284.150: Total time for which application threads were stopped: 0.0047417 seconds, Stopping threads took: 0.0000195 seconds
284.217: [GC (Allocation Failure)  777926K->456390K(1035264K), 0.0053046 secs]
284.223: Total time for which application threads were stopped: 0.0055012 seconds, Stopping threads took: 0.0000217 seconds
284.291: [GC (Allocation Failure)  778950K->460390K(1035264K), 0.0057092 secs]
284.297: Total time for which application threads were stopped: 0.0058579 seconds, Stopping threads took: 0.0000171 seconds
284.365: [GC (Allocation Failure)  782950K->464616K(1035264K), 0.0046449 secs]
284.370: Total time for which application threads were stopped: 0.0048558 seconds, Stopping threads took: 0.0000207 seconds
284.438: [GC (Allocation Failure)  787176K->464424K(1035264K), 0.0045529 secs]
284.443: Total time for which application threads were stopped: 0.0047356 seconds, Stopping threads took: 0.0000213 seconds
284.510: [GC (Allocation Failure)  786984K->460614K(1035776K), 0.0031432 secs]
284.513: Total time for which application threads were stopped: 0.0033222 seconds, Stopping threads took: 0.0000201 seconds
284.584: [GC (Allocation Failure)  783686K->464584K(1035264K), 0.0044756 secs]
284.588: Total time for which application threads were stopped: 0.0046444 seconds, Stopping threads took: 0.0000282 seconds
284.654: [GC (Allocation Failure)  787656K->464424K(1035776K), 0.0045958 secs]
284.659: Total time for which application threads were stopped: 0.0047574 seconds, Stopping threads took: 0.0000200 seconds
284.727: [GC (Allocation Failure)  788008K->466918K(1033728K), 0.0058768 secs]
284.733: Total time for which application threads were stopped: 0.0060392 seconds, Stopping threads took: 0.0000208 seconds
284.801: [GC (Allocation Failure)  790502K->464520K(1035264K), 0.0059478 secs]
284.807: Total time for which application threads were stopped: 0.0061106 seconds, Stopping threads took: 0.0000198 seconds
284.876: [GC (Allocation Failure)  786568K->464456K(1034752K), 0.0046212 secs]
284.880: Total time for which application threads were stopped: 0.0047890 seconds, Stopping threads took: 0.0000198 seconds
284.950: [GC (Allocation Failure)  786504K->471198K(1031168K), 0.0078465 secs]
284.958: Total time for which application threads were stopped: 0.0080062 seconds, Stopping threads took: 0.0000245 seconds
285.026: [GC (Allocation Failure)  789662K->465984K(1033216K), 0.0044235 secs]
285.030: Total time for which application threads were stopped: 0.0045904 seconds, Stopping threads took: 0.0000171 seconds
285.099: [GC (Allocation Failure)  784448K->465952K(1034752K), 0.0047501 secs]
285.104: Total time for which application threads were stopped: 0.0049128 seconds, Stopping threads took: 0.0000200 seconds
285.171: [GC (Allocation Failure)  786464K->466814K(1033728K), 0.0052519 secs]
285.176: Total time for which application threads were stopped: 0.0054239 seconds, Stopping threads took: 0.0000201 seconds
285.245: [GC (Allocation Failure)  787326K->466176K(1035264K), 0.0045297 secs]
285.249: Total time for which application threads were stopped: 0.0046936 seconds, Stopping threads took: 0.0000200 seconds
285.317: [GC (Allocation Failure)  788224K->465952K(1034752K), 0.0045569 secs]
285.322: Total time for which application threads were stopped: 0.0047221 seconds, Stopping threads took: 0.0000202 seconds
285.390: [GC (Allocation Failure)  788000K->468062K(1034752K), 0.0056109 secs]
285.395: Total time for which application threads were stopped: 0.0057899 seconds, Stopping threads took: 0.0000266 seconds
285.463: [GC (Allocation Failure)  790622K->466144K(1035264K), 0.0047823 secs]
285.468: Total time for which application threads were stopped: 0.0049585 seconds, Stopping threads took: 0.0000206 seconds
285.536: [GC (Allocation Failure)  788704K->465984K(1036288K), 0.0044244 secs]
285.540: Total time for which application threads were stopped: 0.0045859 seconds, Stopping threads took: 0.0000271 seconds
285.609: [GC (Allocation Failure)  790080K->473854K(1035776K), 0.0086892 secs]
285.618: Total time for which application threads were stopped: 0.0088461 seconds, Stopping threads took: 0.0000278 seconds
285.686: [GC (Allocation Failure)  797950K->469760K(1032704K), 0.0046661 secs]
285.691: Total time for which application threads were stopped: 0.0048398 seconds, Stopping threads took: 0.0000199 seconds
285.759: [GC (Allocation Failure)  790272K->469632K(1034240K), 0.0068182 secs]
285.766: Total time for which application threads were stopped: 0.0069753 seconds, Stopping threads took: 0.0000165 seconds
285.835: [GC (Allocation Failure)  790144K->462878K(1032704K), 0.0019037 secs]
285.837: Total time for which application threads were stopped: 0.0020762 seconds, Stopping threads took: 0.0000206 seconds
285.905: [GC (Allocation Failure)  782366K->469752K(1033728K), 0.0046282 secs]
285.910: Total time for which application threads were stopped: 0.0048195 seconds, Stopping threads took: 0.0000235 seconds
285.977: [GC (Allocation Failure)  789240K->473776K(1034752K), 0.0053279 secs]
285.983: Total time for which application threads were stopped: 0.0054935 seconds, Stopping threads took: 0.0000195 seconds
286.050: [GC (Allocation Failure)  794800K->480014K(1034240K), 0.0075329 secs]
286.057: Total time for which application threads were stopped: 0.0077022 seconds, Stopping threads took: 0.0000261 seconds
286.125: [GC (Allocation Failure)  801038K->474288K(1033216K), 0.0049501 secs]
286.130: Total time for which application threads were stopped: 0.0051266 seconds, Stopping threads took: 0.0000207 seconds
286.196: [GC (Allocation Failure)  793776K->474288K(1033728K), 0.0047375 secs]
286.201: Total time for which application threads were stopped: 0.0049167 seconds, Stopping threads took: 0.0000208 seconds
286.267: [GC (Allocation Failure)  793776K->477166K(1033216K), 0.0058572 secs]
286.273: Total time for which application threads were stopped: 0.0060568 seconds, Stopping threads took: 0.0000217 seconds
286.341: [GC (Allocation Failure)  796654K->474512K(1033728K), 0.0045568 secs]
286.346: Total time for which application threads were stopped: 0.0047046 seconds, Stopping threads took: 0.0000176 seconds
286.413: [GC (Allocation Failure)  794000K->474256K(1034752K), 0.0046527 secs]
286.418: Total time for which application threads were stopped: 0.0048456 seconds, Stopping threads took: 0.0000203 seconds
286.487: [GC (Allocation Failure)  795280K->473774K(1034240K), 0.0045894 secs]
286.491: Total time for which application threads were stopped: 0.0047491 seconds, Stopping threads took: 0.0000207 seconds
286.560: [GC (Allocation Failure)  794798K->474448K(1035264K), 0.0046460 secs]
286.565: Total time for which application threads were stopped: 0.0048738 seconds, Stopping threads took: 0.0000273 seconds
286.634: [GC (Allocation Failure)  796496K->474256K(1034752K), 0.0048642 secs]
286.639: Total time for which application threads were stopped: 0.0050441 seconds, Stopping threads took: 0.0000200 seconds
286.706: [GC (Allocation Failure)  796304K->475534K(1035776K), 0.0051228 secs]
286.712: Total time for which application threads were stopped: 0.0053184 seconds, Stopping threads took: 0.0000201 seconds
286.782: [GC (Allocation Failure)  799118K->474416K(1035776K), 0.0046906 secs]
286.787: Total time for which application threads were stopped: 0.0048840 seconds, Stopping threads took: 0.0000200 seconds
286.857: [GC (Allocation Failure)  798000K->474256K(1036288K), 0.0047074 secs]
286.862: Total time for which application threads were stopped: 0.0048776 seconds, Stopping threads took: 0.0000202 seconds
286.930: [GC (Allocation Failure)  798864K->467534K(1025536K), 0.0022245 secs]
286.932: Total time for which application threads were stopped: 0.0024224 seconds, Stopping threads took: 0.0000246 seconds
287.003: [GC (Allocation Failure)  792142K->474328K(1035776K), 0.0046152 secs]
287.008: Total time for which application threads were stopped: 0.0047931 seconds, Stopping threads took: 0.0000207 seconds
287.077: [GC (Allocation Failure)  797912K->478432K(1035776K), 0.0055914 secs]
287.083: Total time for which application threads were stopped: 0.0057636 seconds, Stopping threads took: 0.0000266 seconds
287.151: [GC (Allocation Failure)  802016K->478400K(1036800K), 0.0047249 secs]
287.156: Total time for which application threads were stopped: 0.0049008 seconds, Stopping threads took: 0.0000208 seconds
287.226: [GC (Allocation Failure)  803520K->478472K(1025024K), 0.0046820 secs]
287.231: Total time for which application threads were stopped: 0.0048741 seconds, Stopping threads took: 0.0000260 seconds
287.300: [GC (Allocation Failure)  803592K->486442K(1035776K), 0.0046480 secs]
287.305: Total time for which application threads were stopped: 0.0048456 seconds, Stopping threads took: 0.0000202 seconds
287.374: [GC (Allocation Failure)  810026K->486442K(1035776K), 0.0046803 secs]
287.379: Total time for which application threads were stopped: 0.0048395 seconds, Stopping threads took: 0.0000198 seconds
287.447: [GC (Allocation Failure)  810026K->486690K(1034752K), 0.0049741 secs]
287.452: Total time for which application threads were stopped: 0.0051408 seconds, Stopping threads took: 0.0000205 seconds
287.519: [GC (Allocation Failure)  809250K->494469K(1035264K), 0.0048412 secs]
287.524: Total time for which application threads were stopped: 0.0050084 seconds, Stopping threads took: 0.0000196 seconds
287.591: [GC (Allocation Failure)  817029K->494469K(1035264K), 0.0045916 secs]
287.596: Total time for which application threads were stopped: 0.0047558 seconds, Stopping threads took: 0.0000197 seconds
287.664: [GC (Allocation Failure)  817029K->494981K(1035264K), 0.0048998 secs]
287.669: Total time for which application threads were stopped: 0.0050845 seconds, Stopping threads took: 0.0000171 seconds
287.738: [GC (Allocation Failure)  817541K->502503K(1035264K), 0.0046682 secs]
287.743: Total time for which application threads were stopped: 0.0048185 seconds, Stopping threads took: 0.0000173 seconds
287.811: [GC (Allocation Failure)  825063K->502503K(1035264K), 0.0066797 secs]
287.818: Total time for which application threads were stopped: 0.0068720 seconds, Stopping threads took: 0.0000205 seconds
287.886: [GC (Allocation Failure)  825063K->502663K(1034240K), 0.0047799 secs]
287.891: Total time for which application threads were stopped: 0.0049726 seconds, Stopping threads took: 0.0000196 seconds
287.962: [GC (Allocation Failure)  824199K->510569K(1034752K), 0.0047132 secs]
287.967: Total time for which application threads were stopped: 0.0048893 seconds, Stopping threads took: 0.0000195 seconds
288.035: [GC (Allocation Failure)  832105K->510569K(1034752K), 0.0046217 secs]
288.040: Total time for which application threads were stopped: 0.0047768 seconds, Stopping threads took: 0.0000252 seconds
288.107: [GC (Allocation Failure)  832105K->510665K(1021440K), 0.0048005 secs]
288.112: Total time for which application threads were stopped: 0.0049794 seconds, Stopping threads took: 0.0000175 seconds
288.179: [GC (Allocation Failure)  832201K->518604K(1034240K), 0.0047210 secs]
288.184: Total time for which application threads were stopped: 0.0048810 seconds, Stopping threads took: 0.0000198 seconds
288.252: [GC (Allocation Failure)  839116K->518572K(1034240K), 0.0044999 secs]
288.256: Total time for which application threads were stopped: 0.0046679 seconds, Stopping threads took: 0.0000197 seconds
288.323: [GC (Allocation Failure)  839084K->518636K(1034240K), 0.0049535 secs]
288.328: Total time for which application threads were stopped: 0.0051158 seconds, Stopping threads took: 0.0000201 seconds
288.397: [GC (Allocation Failure)  839148K->526638K(1034240K), 0.0049230 secs]
288.402: Total time for which application threads were stopped: 0.0050962 seconds, Stopping threads took: 0.0000199 seconds
288.472: [GC (Allocation Failure)  847150K->526606K(1034240K), 0.0048053 secs]
288.477: Total time for which application threads were stopped: 0.0049882 seconds, Stopping threads took: 0.0000172 seconds
288.545: [GC (Allocation Failure)  847118K->526854K(1020416K), 0.0049429 secs]
288.550: Total time for which application threads were stopped: 0.0051112 seconds, Stopping threads took: 0.0000282 seconds
288.618: [GC (Allocation Failure)  847366K->534664K(1033728K), 0.0048794 secs]
288.623: Total time for which application threads were stopped: 0.0050699 seconds, Stopping threads took: 0.0000200 seconds
288.691: [GC (Allocation Failure)  854152K->534632K(1033728K), 0.0047472 secs]
288.696: Total time for which application threads were stopped: 0.0048975 seconds, Stopping threads took: 0.0000171 seconds
288.762: [GC (Allocation Failure)  854120K->535080K(1033728K), 0.0048978 secs]
288.767: Total time for which application threads were stopped: 0.0050701 seconds, Stopping threads took: 0.0000207 seconds
288.834: [GC (Allocation Failure)  854568K->542634K(1033728K), 0.0046390 secs]
288.839: Total time for which application threads were stopped: 0.0048180 seconds, Stopping threads took: 0.0000221 seconds
288.905: [GC (Allocation Failure)  862122K->542666K(1033728K), 0.0049187 secs]
288.910: Total time for which application threads were stopped: 0.0050893 seconds, Stopping threads took: 0.0000205 seconds
288.977: [GC (Allocation Failure)  862154K->542826K(1033728K), 0.0051241 secs]
288.983: Total time for which application threads were stopped: 0.0052825 seconds, Stopping threads took: 0.0000198 seconds
289.050: [GC (Allocation Failure)  862314K->550733K(1033728K), 0.0047127 secs]
289.055: Total time for which application threads were stopped: 0.0048886 seconds, Stopping threads took: 0.0000202 seconds
289.122: [GC (Allocation Failure)  870221K->550701K(1033728K), 0.0047212 secs]
289.127: Total time for which application threads were stopped: 0.0048811 seconds, Stopping threads took: 0.0000201 seconds
289.193: [GC (Allocation Failure)  870189K->550773K(1032704K), 0.0048846 secs]
289.198: Total time for which application threads were stopped: 0.0050420 seconds, Stopping threads took: 0.0000175 seconds
289.265: [GC (Allocation Failure)  869237K->558807K(1033216K), 0.0048488 secs]
289.270: Total time for which application threads were stopped: 0.0050103 seconds, Stopping threads took: 0.0000197 seconds
289.338: [GC (Allocation Failure)  877271K->558775K(1033216K), 0.0047759 secs]
289.343: Total time for which application threads were stopped: 0.0049714 seconds, Stopping threads took: 0.0000208 seconds
289.409: [GC (Allocation Failure)  877239K->558815K(1033216K), 0.0047580 secs]
289.414: Total time for which application threads were stopped: 0.0049220 seconds, Stopping threads took: 0.0000190 seconds
289.480: [GC (Allocation Failure)  877279K->566817K(1033216K), 0.0048109 secs]
289.485: Total time for which application threads were stopped: 0.0049715 seconds, Stopping threads took: 0.0000199 seconds
289.550: [GC (Allocation Failure)  885281K->561471K(1033216K), 0.0028799 secs]
289.553: Total time for which application threads were stopped: 0.0030629 seconds, Stopping threads took: 0.0000261 seconds
289.620: [GC (Allocation Failure)  879935K->567049K(1034240K), 0.0046787 secs]
289.625: Total time for which application threads were stopped: 0.0048305 seconds, Stopping threads took: 0.0000172 seconds
289.691: [GC (Allocation Failure)  887049K->570961K(1033728K), 0.0049106 secs]
289.696: Total time for which application threads were stopped: 0.0050806 seconds, Stopping threads took: 0.0000203 seconds
289.763: [GC (Allocation Failure)  890961K->577071K(1030144K), 0.0077314 secs]
289.771: Total time for which application threads were stopped: 0.0078960 seconds, Stopping threads took: 0.0000208 seconds
289.838: [GC (Allocation Failure)  893487K->571089K(1032192K), 0.0048210 secs]
289.843: Total time for which application threads were stopped: 0.0049852 seconds, Stopping threads took: 0.0000213 seconds
289.908: [GC (Allocation Failure)  887505K->570961K(1032704K), 0.0048463 secs]
289.913: Total time for which application threads were stopped: 0.0050138 seconds, Stopping threads took: 0.0000202 seconds
289.981: [GC (Allocation Failure)  887889K->563439K(1032192K), 0.0018914 secs]
289.983: Total time for which application threads were stopped: 0.0020318 seconds, Stopping threads took: 0.0000284 seconds
290.051: [GC (Allocation Failure)  880367K->571057K(1032704K), 0.0048560 secs]
290.056: Total time for which application threads were stopped: 0.0050401 seconds, Stopping threads took: 0.0000285 seconds
290.122: [GC (Allocation Failure)  888497K->570961K(1032704K), 0.0050437 secs]
290.127: Total time for which application threads were stopped: 0.0052144 seconds, Stopping threads took: 0.0000202 seconds
290.195: [GC (Allocation Failure)  888401K->572233K(1033216K), 0.0050614 secs]
290.200: Total time for which application threads were stopped: 0.0052432 seconds, Stopping threads took: 0.0000203 seconds
290.270: [GC (Allocation Failure)  890697K->578955K(1033216K), 0.0049964 secs]
290.275: Total time for which application threads were stopped: 0.0051690 seconds, Stopping threads took: 0.0000206 seconds
290.342: [GC (Allocation Failure)  897419K->578955K(1033216K), 0.0048033 secs]
290.347: Total time for which application threads were stopped: 0.0049989 seconds, Stopping threads took: 0.0000207 seconds
290.413: [GC (Allocation Failure)  897419K->580451K(1033216K), 0.0052105 secs]
290.418: Total time for which application threads were stopped: 0.0054069 seconds, Stopping threads took: 0.0000203 seconds
290.485: [GC (Allocation Failure)  898915K->586982K(1033728K), 0.0048279 secs]
290.490: Total time for which application threads were stopped: 0.0049887 seconds, Stopping threads took: 0.0000208 seconds
290.557: [GC (Allocation Failure)  905958K->586950K(1033216K), 0.0046514 secs]
290.562: Total time for which application threads were stopped: 0.0048497 seconds, Stopping threads took: 0.0000277 seconds
290.629: [GC (Allocation Failure)  905926K->589702K(1033728K), 0.0056416 secs]
290.635: Total time for which application threads were stopped: 0.0058185 seconds, Stopping threads took: 0.0000249 seconds
290.702: [GC (Allocation Failure)  909190K->595080K(1033728K), 0.0053249 secs]
290.708: Total time for which application threads were stopped: 0.0054957 seconds, Stopping threads took: 0.0000208 seconds
290.774: [GC (Allocation Failure)  914568K->595048K(1034240K), 0.0050587 secs]
290.780: Total time for which application threads were stopped: 0.0052307 seconds, Stopping threads took: 0.0000209 seconds
290.847: [GC (Allocation Failure)  915048K->597408K(1033728K), 0.0063384 secs]
290.853: Total time for which application threads were stopped: 0.0065065 seconds, Stopping threads took: 0.0000265 seconds
290.921: [GC (Allocation Failure)  917408K->603170K(1034240K), 0.0092424 secs]
290.931: Total time for which application threads were stopped: 0.0094155 seconds, Stopping threads took: 0.0000209 seconds
290.999: [GC (Allocation Failure)  923682K->603010K(1034240K), 0.0047840 secs]
291.004: Total time for which application threads were stopped: 0.0049434 seconds, Stopping threads took: 0.0000197 seconds
291.072: [GC (Allocation Failure)  923522K->603066K(1033216K), 0.0057207 secs]
291.077: Total time for which application threads were stopped: 0.0058990 seconds, Stopping threads took: 0.0000267 seconds
291.145: [GC (Allocation Failure)  922554K->611100K(1033728K), 0.0047953 secs]
291.150: Total time for which application threads were stopped: 0.0049763 seconds, Stopping threads took: 0.0000233 seconds
291.217: [GC (Allocation Failure)  930588K->611068K(1034240K), 0.0049830 secs]
291.222: Total time for which application threads were stopped: 0.0051560 seconds, Stopping threads took: 0.0000203 seconds
291.289: [GC (Allocation Failure)  931068K->611324K(1033728K), 0.0051638 secs]
291.294: Total time for which application threads were stopped: 0.0053295 seconds, Stopping threads took: 0.0000201 seconds
291.360: [GC (Allocation Failure)  931324K->619135K(1033728K), 0.0048993 secs]
291.365: Total time for which application threads were stopped: 0.0050791 seconds, Stopping threads took: 0.0000232 seconds
291.433: [GC (Allocation Failure)  938623K->619103K(1033728K), 0.0049350 secs]
291.438: Total time for which application threads were stopped: 0.0051231 seconds, Stopping threads took: 0.0000207 seconds
291.506: [GC (Allocation Failure)  938591K->619527K(1033728K), 0.0050769 secs]
291.511: Total time for which application threads were stopped: 0.0052404 seconds, Stopping threads took: 0.0000201 seconds
291.580: [GC (Allocation Failure)  939015K->627177K(1033728K), 0.0051048 secs]
291.585: Total time for which application threads were stopped: 0.0052834 seconds, Stopping threads took: 0.0000269 seconds
291.653: [GC (Allocation Failure)  946665K->627145K(1033728K), 0.0049406 secs]
291.658: Total time for which application threads were stopped: 0.0051180 seconds, Stopping threads took: 0.0000203 seconds
291.724: [GC (Allocation Failure)  946633K->627785K(1033728K), 0.0050846 secs]
291.729: Total time for which application threads were stopped: 0.0052579 seconds, Stopping threads took: 0.0000210 seconds
291.797: [GC (Allocation Failure)  947273K->635179K(1033728K), 0.0049207 secs]
291.802: Total time for which application threads were stopped: 0.0050925 seconds, Stopping threads took: 0.0000207 seconds
291.869: [GC (Allocation Failure)  954667K->635211K(1033728K), 0.0047091 secs]
291.874: Total time for which application threads were stopped: 0.0048773 seconds, Stopping threads took: 0.0000291 seconds
291.939: [GC (Allocation Failure)  954699K->637067K(1033728K), 0.0053145 secs]
291.944: Total time for which application threads were stopped: 0.0055226 seconds, Stopping threads took: 0.0000260 seconds
292.010: [GC (Allocation Failure)  956555K->643246K(1033728K), 0.0050383 secs]
292.015: Total time for which application threads were stopped: 0.0052240 seconds, Stopping threads took: 0.0000207 seconds
292.083: [GC (Allocation Failure)  962734K->643246K(1033728K), 0.0050808 secs]
292.088: Total time for which application threads were stopped: 0.0052926 seconds, Stopping threads took: 0.0000271 seconds
292.153: [GC (Allocation Failure)  962734K->644238K(1033728K), 0.0050611 secs]
292.158: Total time for which application threads were stopped: 0.0052297 seconds, Stopping threads took: 0.0000208 seconds
292.223: [GC (Allocation Failure)  963726K->651312K(1033728K), 0.0048372 secs]
292.228: Total time for which application threads were stopped: 0.0050121 seconds, Stopping threads took: 0.0000202 seconds
292.295: [GC (Allocation Failure)  970800K->651248K(1033728K), 0.0049578 secs]
292.300: Total time for which application threads were stopped: 0.0051502 seconds, Stopping threads took: 0.0000207 seconds
292.365: [GC (Allocation Failure)  970736K->651464K(1033728K), 0.0051059 secs]
292.370: Total time for which application threads were stopped: 0.0052821 seconds, Stopping threads took: 0.0000213 seconds
292.438: [GC (Allocation Failure)  970952K->659274K(1033728K), 0.0056395 secs]
292.443: Total time for which application threads were stopped: 0.0058070 seconds, Stopping threads took: 0.0000201 seconds
292.510: [GC (Allocation Failure)  978762K->659306K(1033728K), 0.0047759 secs]
292.515: Total time for which application threads were stopped: 0.0049512 seconds, Stopping threads took: 0.0000206 seconds
292.582: [GC (Allocation Failure)  978794K->659690K(1033728K), 0.0050251 secs]
292.587: Total time for which application threads were stopped: 0.0052054 seconds, Stopping threads took: 0.0000288 seconds
292.655: [GC (Allocation Failure)  979178K->667340K(1033728K), 0.0051917 secs]
292.660: Total time for which application threads were stopped: 0.0053631 seconds, Stopping threads took: 0.0000209 seconds
292.727: [GC (Allocation Failure)  986828K->667308K(1033728K), 0.0049824 secs]
292.732: Total time for which application threads were stopped: 0.0051609 seconds, Stopping threads took: 0.0000207 seconds
292.797: [GC (Allocation Failure)  986796K->667908K(1033728K), 0.0079254 secs]
292.805: Total time for which application threads were stopped: 0.0081007 seconds, Stopping threads took: 0.0000211 seconds
292.872: [GC (Allocation Failure)  987396K->675367K(1027072K), 0.0051609 secs]
292.877: Total time for which application threads were stopped: 0.0053408 seconds, Stopping threads took: 0.0000235 seconds
292.945: [GC (Allocation Failure)  994855K->675335K(1033728K), 0.0058546 secs]
292.951: Total time for which application threads were stopped: 0.0060112 seconds, Stopping threads took: 0.0000179 seconds
293.017: [GC (Allocation Failure)  994311K->675623K(1033216K), 0.0049820 secs]
293.022: Total time for which application threads were stopped: 0.0051764 seconds, Stopping threads took: 0.0000205 seconds
293.091: [GC (Allocation Failure)  994599K->683369K(1033216K), 0.0047739 secs]
293.096: Total time for which application threads were stopped: 0.0049674 seconds, Stopping threads took: 0.0000203 seconds
293.163: [GC (Allocation Failure)  1001833K->683401K(1033216K), 0.0050035 secs]
293.168: Total time for which application threads were stopped: 0.0051633 seconds, Stopping threads took: 0.0000173 seconds
293.233: [GC (Allocation Failure)  1001865K->684393K(1033728K), 0.0052261 secs]
293.239: [Full GC (Ergonomics)  684393K->9480K(1033728K), 0.0140192 secs]
293.253: Total time for which application threads were stopped: 0.0194807 seconds, Stopping threads took: 0.0000194 seconds
293.320: [GC (Allocation Failure)  328456K->17610K(1033216K), 0.0036918 secs]
293.324: Total time for which application threads were stopped: 0.0038845 seconds, Stopping threads took: 0.0000193 seconds
293.393: [GC (Allocation Failure)  336586K->17642K(1033216K), 0.0035991 secs]
293.396: Total time for which application threads were stopped: 0.0037493 seconds, Stopping threads took: 0.0000172 seconds
293.461: [GC (Allocation Failure)  336106K->17794K(1033216K), 0.0039335 secs]
293.465: Total time for which application threads were stopped: 0.0041065 seconds, Stopping threads took: 0.0000203 seconds
293.535: [GC (Allocation Failure)  336258K->25636K(1033216K), 0.0041551 secs]
293.539: Total time for which application threads were stopped: 0.0042995 seconds, Stopping threads took: 0.0000192 seconds
293.605: [GC (Allocation Failure)  344100K->25604K(1033216K), 0.0036072 secs]
293.608: Total time for which application threads were stopped: 0.0037906 seconds, Stopping threads took: 0.0000177 seconds
293.673: [GC (Allocation Failure)  344068K->26060K(1033216K), 0.0040693 secs]
293.678: Total time for which application threads were stopped: 0.0042304 seconds, Stopping threads took: 0.0000198 seconds
293.745: [GC (Allocation Failure)  344524K->33679K(1033216K), 0.0039975 secs]
293.749: Total time for which application threads were stopped: 0.0041708 seconds, Stopping threads took: 0.0000201 seconds
293.817: [GC (Allocation Failure)  352143K->33711K(1033216K), 0.0037183 secs]
293.821: Total time for which application threads were stopped: 0.0038833 seconds, Stopping threads took: 0.0000212 seconds
293.886: [GC (Allocation Failure)  352175K->33743K(1033216K), 0.0037793 secs]
293.889: Total time for which application threads were stopped: 0.0039459 seconds, Stopping threads took: 0.0000202 seconds
293.957: [GC (Allocation Failure)  352207K->41713K(1033216K), 0.0038556 secs]
293.961: Total time for which application threads were stopped: 0.0040146 seconds, Stopping threads took: 0.0000172 seconds
294.027: [GC (Allocation Failure)  360177K->41713K(1033216K), 0.0041248 secs]
294.031: Total time for which application threads were stopped: 0.0042972 seconds, Stopping threads took: 0.0000205 seconds
294.099: [GC (Allocation Failure)  360177K->41993K(1033216K), 0.0037934 secs]
294.102: Total time for which application threads were stopped: 0.0039646 seconds, Stopping threads took: 0.0000271 seconds
294.168: [GC (Allocation Failure)  360457K->49739K(1033216K), 0.0038068 secs]
294.172: Total time for which application threads were stopped: 0.0039763 seconds, Stopping threads took: 0.0000202 seconds
294.238: [GC (Allocation Failure)  368203K->49739K(1033216K), 0.0037229 secs]
294.242: Total time for which application threads were stopped: 0.0039003 seconds, Stopping threads took: 0.0000202 seconds
294.307: [GC (Allocation Failure)  368203K->49795K(1033216K), 0.0039395 secs]
294.311: Total time for which application threads were stopped: 0.0040976 seconds, Stopping threads took: 0.0000194 seconds
294.378: [GC (Allocation Failure)  368259K->57797K(1033216K), 0.0044029 secs]
294.383: Total time for which application threads were stopped: 0.0045785 seconds, Stopping threads took: 0.0000204 seconds
294.449: [GC (Allocation Failure)  376261K->57733K(1033216K), 0.0037996 secs]
294.453: Total time for which application threads were stopped: 0.0039561 seconds, Stopping threads took: 0.0000194 seconds
294.518: [GC (Allocation Failure)  376197K->57917K(1033216K), 0.0048200 secs]
294.523: Total time for which application threads were stopped: 0.0049953 seconds, Stopping threads took: 0.0000198 seconds
294.591: [GC (Allocation Failure)  376381K->65824K(1033216K), 0.0038793 secs]
294.595: Total time for which application threads were stopped: 0.0040564 seconds, Stopping threads took: 0.0000268 seconds
294.663: [GC (Allocation Failure)  384287K->61917K(1033728K), 0.0024227 secs]
294.665: Total time for which application threads were stopped: 0.0025855 seconds, Stopping threads took: 0.0000208 seconds
294.732: [GC (Allocation Failure)  380893K->65960K(1033216K), 0.0042488 secs]
294.736: Total time for which application threads were stopped: 0.0044290 seconds, Stopping threads took: 0.0000222 seconds
294.802: [GC (Allocation Failure)  384936K->69960K(1033728K), 0.0038653 secs]
294.806: Total time for which application threads were stopped: 0.0040362 seconds, Stopping threads took: 0.0000204 seconds
294.873: [GC (Allocation Failure)  390472K->77461K(1034240K), 0.0073694 secs]
294.881: Total time for which application threads were stopped: 0.0075505 seconds, Stopping threads took: 0.0000199 seconds
294.949: [GC (Allocation Failure)  397973K->71256K(1029120K), 0.0037849 secs]
294.953: Total time for which application threads were stopped: 0.0039636 seconds, Stopping threads took: 0.0000218 seconds
295.019: [GC (Allocation Failure)  386648K->71192K(1031680K), 0.0039456 secs]
295.023: Total time for which application threads were stopped: 0.0041139 seconds, Stopping threads took: 0.0000195 seconds
295.089: [GC (Allocation Failure)  386584K->66709K(1032704K), 0.0019712 secs]
295.091: Total time for which application threads were stopped: 0.0021419 seconds, Stopping threads took: 0.0000281 seconds
295.160: [GC (Allocation Failure)  383637K->71448K(1032192K), 0.0037986 secs]
295.164: Total time for which application threads were stopped: 0.0039740 seconds, Stopping threads took: 0.0000200 seconds
295.233: [GC (Allocation Failure)  388376K->71224K(1033216K), 0.0039223 secs]
295.237: Total time for which application threads were stopped: 0.0040879 seconds, Stopping threads took: 0.0000191 seconds
295.304: [GC (Allocation Failure)  389176K->71352K(1032704K), 0.0038899 secs]
295.308: Total time for which application threads were stopped: 0.0040572 seconds, Stopping threads took: 0.0000198 seconds
295.375: [GC (Allocation Failure)  389304K->79258K(1033216K), 0.0039006 secs]
295.379: Total time for which application threads were stopped: 0.0040590 seconds, Stopping threads took: 0.0000199 seconds
295.446: [GC (Allocation Failure)  397722K->79194K(1033216K), 0.0038160 secs]
295.450: Total time for which application threads were stopped: 0.0039781 seconds, Stopping threads took: 0.0000199 seconds
295.516: [GC (Allocation Failure)  397658K->83138K(1033728K), 0.0050194 secs]
295.521: Total time for which application threads were stopped: 0.0051904 seconds, Stopping threads took: 0.0000197 seconds
295.591: [GC (Allocation Failure)  402114K->87396K(1033216K), 0.0037894 secs]
295.595: Total time for which application threads were stopped: 0.0039519 seconds, Stopping threads took: 0.0000195 seconds
295.663: [GC (Allocation Failure)  406372K->87268K(1034240K), 0.0041527 secs]
295.668: Total time for which application threads were stopped: 0.0043200 seconds, Stopping threads took: 0.0000195 seconds
295.735: [GC (Allocation Failure)  407268K->89860K(1033728K), 0.0044108 secs]
295.739: Total time for which application threads were stopped: 0.0045727 seconds, Stopping threads took: 0.0000199 seconds
295.807: [GC (Allocation Failure)  409860K->95398K(1034240K), 0.0038977 secs]
295.811: Total time for which application threads were stopped: 0.0040569 seconds, Stopping threads took: 0.0000199 seconds
295.879: [GC (Allocation Failure)  415910K->95302K(1034240K), 0.0065281 secs]
295.886: Total time for which application threads were stopped: 0.0066880 seconds, Stopping threads took: 0.0000194 seconds
295.954: [GC (Allocation Failure)  415814K->95558K(1034240K), 0.0041037 secs]
295.959: Total time for which application threads were stopped: 0.0042884 seconds, Stopping threads took: 0.0000200 seconds
296.027: [GC (Allocation Failure)  416070K->103337K(1034240K), 0.0041390 secs]
296.031: Total time for which application threads were stopped: 0.0043107 seconds, Stopping threads took: 0.0000218 seconds
296.100: [GC (Allocation Failure)  423849K->103337K(1034240K), 0.0039041 secs]
296.104: Total time for which application threads were stopped: 0.0040791 seconds, Stopping threads took: 0.0000209 seconds
296.171: [GC (Allocation Failure)  423849K->105833K(1034240K), 0.0044878 secs]
296.176: Total time for which application threads were stopped: 0.0046573 seconds, Stopping threads took: 0.0000201 seconds
296.244: [GC (Allocation Failure)  426345K->111403K(1034240K), 0.0039215 secs]
296.248: Total time for which application threads were stopped: 0.0040876 seconds, Stopping threads took: 0.0000195 seconds
296.315: [GC (Allocation Failure)  431915K->111371K(1034240K), 0.0037908 secs]
296.319: Total time for which application threads were stopped: 0.0039631 seconds, Stopping threads took: 0.0000210 seconds
296.386: [GC (Allocation Failure)  431883K->111979K(1034240K), 0.0041713 secs]
296.391: Total time for which application threads were stopped: 0.0043323 seconds, Stopping threads took: 0.0000191 seconds
296.459: [GC (Allocation Failure)  432491K->119437K(1034240K), 0.0039771 secs]
296.463: Total time for which application threads were stopped: 0.0041406 seconds, Stopping threads took: 0.0000196 seconds
296.531: [GC (Allocation Failure)  439949K->119405K(1034240K), 0.0044389 secs]
296.535: Total time for which application threads were stopped: 0.0046350 seconds, Stopping threads took: 0.0000201 seconds
296.605: [GC (Allocation Failure)  439917K->122309K(1034240K), 0.0045411 secs]
296.609: Total time for which application threads were stopped: 0.0047175 seconds, Stopping threads took: 0.0000254 seconds
296.678: [GC (Allocation Failure)  442821K->127527K(1034240K), 0.0038019 secs]
296.681: Total time for which application threads were stopped: 0.0039868 seconds, Stopping threads took: 0.0000214 seconds
296.750: [GC (Allocation Failure)  448039K->127431K(1034240K), 0.0040634 secs]
296.754: Total time for which application threads were stopped: 0.0042654 seconds, Stopping threads took: 0.0000201 seconds
296.821: [GC (Allocation Failure)  447943K->128487K(1033728K), 0.0041932 secs]
296.825: Total time for which application threads were stopped: 0.0043634 seconds, Stopping threads took: 0.0000221 seconds
296.893: [GC (Allocation Failure)  448999K->135498K(1034240K), 0.0040468 secs]
296.898: Total time for which application threads were stopped: 0.0042435 seconds, Stopping threads took: 0.0000213 seconds
296.968: [GC (Allocation Failure)  456010K->135466K(1034240K), 0.0040835 secs]
296.972: Total time for which application threads were stopped: 0.0042446 seconds, Stopping threads took: 0.0000208 seconds
297.039: [GC (Allocation Failure)  455978K->135650K(1034240K), 0.0057405 secs]
297.045: Total time for which application threads were stopped: 0.0059107 seconds, Stopping threads took: 0.0000288 seconds
297.113: [GC (Allocation Failure)  456162K->143492K(1034240K), 0.0038528 secs]
297.117: Total time for which application threads were stopped: 0.0040158 seconds, Stopping threads took: 0.0000206 seconds
297.184: [GC (Allocation Failure)  464004K->143524K(1034240K), 0.0041286 secs]
297.188: Total time for which application threads were stopped: 0.0042986 seconds, Stopping threads took: 0.0000201 seconds
297.255: [GC (Allocation Failure)  464036K->144932K(1034240K), 0.0042677 secs]
297.259: Total time for which application threads were stopped: 0.0044373 seconds, Stopping threads took: 0.0000197 seconds
297.327: [GC (Allocation Failure)  465444K->151590K(1034240K), 0.0040859 secs]
297.332: Total time for which application threads were stopped: 0.0042460 seconds, Stopping threads took: 0.0000205 seconds
297.399: [GC (Allocation Failure)  472102K->151558K(1034240K), 0.0039507 secs]
297.403: Total time for which application threads were stopped: 0.0041081 seconds, Stopping threads took: 0.0000206 seconds
297.471: [GC (Allocation Failure)  472070K->151622K(1020416K), 0.0041257 secs]
297.475: Total time for which application threads were stopped: 0.0042790 seconds, Stopping threads took: 0.0000172 seconds
297.543: [GC (Allocation Failure)  472134K->159561K(1033728K), 0.0038502 secs]
297.547: Total time for which application threads were stopped: 0.0040167 seconds, Stopping threads took: 0.0000200 seconds
297.615: [GC (Allocation Failure)  479049K->159561K(1033728K), 0.0039475 secs]
297.619: Total time for which application threads were stopped: 0.0041000 seconds, Stopping threads took: 0.0000182 seconds
297.684: [GC (Allocation Failure)  479049K->159881K(1033728K), 0.0040089 secs]
297.688: Total time for which application threads were stopped: 0.0041838 seconds, Stopping threads took: 0.0000202 seconds
297.756: [GC (Allocation Failure)  479369K->167595K(1033728K), 0.0039410 secs]
297.760: Total time for which application threads were stopped: 0.0041128 seconds, Stopping threads took: 0.0000211 seconds
297.827: [GC (Allocation Failure)  487083K->167595K(1033728K), 0.0063683 secs]
297.833: Total time for which application threads were stopped: 0.0065647 seconds, Stopping threads took: 0.0000205 seconds
297.900: [GC (Allocation Failure)  487083K->168579K(1033728K), 0.0043757 secs]
297.904: Total time for which application threads were stopped: 0.0045475 seconds, Stopping threads took: 0.0000206 seconds
297.974: [GC (Allocation Failure)  488067K->175653K(1033728K), 0.0041954 secs]
297.978: Total time for which application threads were stopped: 0.0044000 seconds, Stopping threads took: 0.0000206 seconds
298.047: [GC (Allocation Failure)  495141K->175621K(1033728K), 0.0040139 secs]
298.051: Total time for which application threads were stopped: 0.0041805 seconds, Stopping threads took: 0.0000276 seconds
298.116: [GC (Allocation Failure)  495109K->175813K(1033728K), 0.0043381 secs]
298.120: Total time for which application threads were stopped: 0.0045116 seconds, Stopping threads took: 0.0000209 seconds
298.188: [GC (Allocation Failure)  495301K->183655K(1033728K), 0.0043144 secs]
298.192: Total time for which application threads were stopped: 0.0044904 seconds, Stopping threads took: 0.0000213 seconds
298.260: [GC (Allocation Failure)  503143K->183687K(1033728K), 0.0040754 secs]
298.264: Total time for which application threads were stopped: 0.0042346 seconds, Stopping threads took: 0.0000201 seconds
298.329: [GC (Allocation Failure)  503175K->185063K(1033728K), 0.0043524 secs]
298.334: Total time for which application threads were stopped: 0.0045242 seconds, Stopping threads took: 0.0000209 seconds
298.402: [GC (Allocation Failure)  504551K->191722K(1033728K), 0.0041519 secs]
298.406: Total time for which application threads were stopped: 0.0043241 seconds, Stopping threads took: 0.0000208 seconds
298.475: [GC (Allocation Failure)  511210K->191690K(1033728K), 0.0042386 secs]
298.480: Total time for which application threads were stopped: 0.0044105 seconds, Stopping threads took: 0.0000209 seconds
298.544: [GC (Allocation Failure)  511178K->192298K(1033728K), 0.0043365 secs]
298.549: Total time for which application threads were stopped: 0.0045052 seconds, Stopping threads took: 0.0000264 seconds
298.616: [GC (Allocation Failure)  511786K->199756K(1033728K), 0.0041443 secs]
298.620: Total time for which application threads were stopped: 0.0043075 seconds, Stopping threads took: 0.0000209 seconds
298.687: [GC (Allocation Failure)  519244K->199756K(1033728K), 0.0042372 secs]
298.692: Total time for which application threads were stopped: 0.0043980 seconds, Stopping threads took: 0.0000204 seconds
298.757: [GC (Allocation Failure)  519244K->200524K(1033728K), 0.0043912 secs]
298.761: Total time for which application threads were stopped: 0.0045575 seconds, Stopping threads took: 0.0000202 seconds
298.828: [GC (Allocation Failure)  520012K->207790K(1033728K), 0.0043328 secs]
298.833: Total time for which application threads were stopped: 0.0045001 seconds, Stopping threads took: 0.0000207 seconds
298.900: [GC (Allocation Failure)  527278K->207758K(1033728K), 0.0065936 secs]
298.907: Total time for which application threads were stopped: 0.0067609 seconds, Stopping threads took: 0.0000202 seconds
298.973: [GC (Allocation Failure)  527246K->208710K(1033728K), 0.0044738 secs]
298.978: Total time for which application threads were stopped: 0.0046556 seconds, Stopping threads took: 0.0000285 seconds
299.045: [GC (Allocation Failure)  528198K->215784K(1033728K), 0.0040318 secs]
299.049: Total time for which application threads were stopped: 0.0041898 seconds, Stopping threads took: 0.0000178 seconds
299.118: [GC (Allocation Failure)  535272K->215816K(1033728K), 0.0039749 secs]
299.122: Total time for which application threads were stopped: 0.0041384 seconds, Stopping threads took: 0.0000199 seconds
299.187: [GC (Allocation Failure)  535304K->215944K(1019392K), 0.0041876 secs]
299.191: Total time for which application threads were stopped: 0.0043605 seconds, Stopping threads took: 0.0000201 seconds
299.256: [GC (Allocation Failure)  535432K->223819K(1033216K), 0.0043153 secs]
299.261: Total time for which application threads were stopped: 0.0045010 seconds, Stopping threads took: 0.0000208 seconds
299.328: [GC (Allocation Failure)  542283K->223819K(1033216K), 0.0040834 secs]
299.332: Total time for which application threads were stopped: 0.0042390 seconds, Stopping threads took: 0.0000200 seconds
299.398: [GC (Allocation Failure)  542283K->224195K(1033216K), 0.0044030 secs]
299.403: Total time for which application threads were stopped: 0.0045816 seconds, Stopping threads took: 0.0000284 seconds
299.470: [GC (Allocation Failure)  542659K->231845K(1033216K), 0.0041016 secs]
299.474: Total time for which application threads were stopped: 0.0042724 seconds, Stopping threads took: 0.0000203 seconds
299.540: [GC (Allocation Failure)  550309K->231845K(1033216K), 0.0043853 secs]
299.544: Total time for which application threads were stopped: 0.0045536 seconds, Stopping threads took: 0.0000199 seconds
299.609: [GC (Allocation Failure)  550309K->232429K(1033216K), 0.0044559 secs]
299.613: Total time for which application threads were stopped: 0.0046264 seconds, Stopping threads took: 0.0000195 seconds
299.682: [GC (Allocation Failure)  550893K->239919K(1033216K), 0.0042677 secs]
299.687: Total time for which application threads were stopped: 0.0044365 seconds, Stopping threads took: 0.0000196 seconds
299.754: [GC (Allocation Failure)  558383K->239887K(1033216K), 0.0041538 secs]
299.758: Total time for which application threads were stopped: 0.0043284 seconds, Stopping threads took: 0.0000212 seconds
299.824: [GC (Allocation Failure)  558351K->240143K(1033216K), 0.0041881 secs]
299.829: Total time for which application threads were stopped: 0.0043642 seconds, Stopping threads took: 0.0000220 seconds
299.896: [GC (Allocation Failure)  558607K->247921K(1033216K), 0.0044301 secs]
299.901: Total time for which application threads were stopped: 0.0045917 seconds, Stopping threads took: 0.0000207 seconds
299.968: [GC (Allocation Failure)  566385K->247921K(1033216K), 0.0040853 secs]
299.972: Total time for which application threads were stopped: 0.0042689 seconds, Stopping threads took: 0.0000173 seconds
300.040: [GC (Allocation Failure)  566385K->247977K(1033216K), 0.0044955 secs]
300.045: Total time for which application threads were stopped: 0.0046642 seconds, Stopping threads took: 0.0000204 seconds
300.112: [GC (Allocation Failure)  566441K->255948K(1033216K), 0.0041442 secs]
300.116: Total time for which application threads were stopped: 0.0043322 seconds, Stopping threads took: 0.0000199 seconds
300.181: [GC (Allocation Failure)  574412K->255980K(1033216K), 0.0044753 secs]
300.186: Total time for which application threads were stopped: 0.0046465 seconds, Stopping threads took: 0.0000205 seconds
300.250: [GC (Allocation Failure)  574444K->256100K(1033216K), 0.0045029 secs]
300.255: Total time for which application threads were stopped: 0.0046845 seconds, Stopping threads took: 0.0000202 seconds
300.322: [GC (Allocation Failure)  574564K->264038K(1033216K), 0.0043926 secs]
300.326: Total time for which application threads were stopped: 0.0045595 seconds, Stopping threads took: 0.0000204 seconds
300.392: [GC (Allocation Failure)  582502K->264006K(1033216K), 0.0042259 secs]
300.396: Total time for which application threads were stopped: 0.0044093 seconds, Stopping threads took: 0.0000260 seconds
300.461: [GC (Allocation Failure)  582470K->264326K(1033216K), 0.0045383 secs]
300.465: Total time for which application threads were stopped: 0.0047105 seconds, Stopping threads took: 0.0000206 seconds
300.532: [GC (Allocation Failure)  582790K->272008K(1033216K), 0.0063824 secs]
300.538: Total time for which application threads were stopped: 0.0065586 seconds, Stopping threads took: 0.0000205 seconds
300.607: [GC (Allocation Failure)  590472K->272008K(1033216K), 0.0040960 secs]
300.611: Total time for which application threads were stopped: 0.0042735 seconds, Stopping threads took: 0.0000281 seconds
300.677: [GC (Allocation Failure)  590472K->272552K(1033216K), 0.0044208 secs]
300.682: Total time for which application threads were stopped: 0.0045864 seconds, Stopping threads took: 0.0000208 seconds
300.749: [GC (Allocation Failure)  591016K->280043K(1033216K), 0.0042682 secs]
300.753: Total time for which application threads were stopped: 0.0044351 seconds, Stopping threads took: 0.0000209 seconds
300.819: [GC (Allocation Failure)  598507K->280043K(1033216K), 0.0041130 secs]
300.823: Total time for which application threads were stopped: 0.0042838 seconds, Stopping threads took: 0.0000194 seconds
300.891: [GC (Allocation Failure)  598507K->280291K(1033216K), 0.0046142 secs]
300.896: Total time for which application threads were stopped: 0.0047863 seconds, Stopping threads took: 0.0000201 seconds
300.963: [GC (Allocation Failure)  598755K->288069K(1033216K), 0.0043015 secs]
300.968: Total time for which application threads were stopped: 0.0044728 seconds, Stopping threads took: 0.0000202 seconds
301.032: [GC (Allocation Failure)  606533K->280355K(1033216K), 0.0012288 secs]
301.033: Total time for which application threads were stopped: 0.0013529 seconds, Stopping threads took: 0.0000196 seconds
301.102: [GC (Allocation Failure)  598819K->288229K(1033216K), 0.0041832 secs]
301.106: Total time for which application threads were stopped: 0.0043701 seconds, Stopping threads took: 0.0000270 seconds
301.173: [GC (Allocation Failure)  606693K->292213K(1033216K), 0.0055945 secs]
301.179: Total time for which application threads were stopped: 0.0057726 seconds, Stopping threads took: 0.0000215 seconds
301.243: [GC (Allocation Failure)  610677K->292883K(1032192K), 0.0049384 secs]
301.248: Total time for which application threads were stopped: 0.0051279 seconds, Stopping threads took: 0.0000275 seconds
301.314: [GC (Allocation Failure)  610323K->292277K(1032704K), 0.0040979 secs]
301.319: Total time for which application threads were stopped: 0.0042700 seconds, Stopping threads took: 0.0000201 seconds
301.386: [GC (Allocation Failure)  609717K->292245K(1033216K), 0.0043423 secs]
301.390: Total time for which application threads were stopped: 0.0045111 seconds, Stopping threads took: 0.0000198 seconds
301.455: [GC (Allocation Failure)  610709K->295029K(1033216K), 0.0050749 secs]
301.460: Total time for which application threads were stopped: 0.0052664 seconds, Stopping threads took: 0.0000196 seconds
301.529: [GC (Allocation Failure)  613493K->300279K(1033728K), 0.0043072 secs]
301.533: Total time for which application threads were stopped: 0.0044637 seconds, Stopping threads took: 0.0000171 seconds
301.601: [GC (Allocation Failure)  619767K->300279K(1033728K), 0.0044930 secs]
301.606: Total time for which application threads were stopped: 0.0046563 seconds, Stopping threads took: 0.0000202 seconds
301.672: [GC (Allocation Failure)  619767K->301167K(1033728K), 0.0044612 secs]
301.677: Total time for which application threads were stopped: 0.0046420 seconds, Stopping threads took: 0.0000207 seconds
301.745: [GC (Allocation Failure)  620655K->308305K(1033728K), 0.0042030 secs]
301.749: Total time for which application threads were stopped: 0.0043846 seconds, Stopping threads took: 0.0000260 seconds
301.819: [GC (Allocation Failure)  627793K->308273K(1033728K), 0.0045005 secs]
301.823: Total time for which application threads were stopped: 0.0046576 seconds, Stopping threads took: 0.0000177 seconds
301.889: [GC (Allocation Failure)  627761K->308393K(1033728K), 0.0044284 secs]
301.893: Total time for which application threads were stopped: 0.0046000 seconds, Stopping threads took: 0.0000209 seconds
301.961: [GC (Allocation Failure)  627881K->316364K(1033728K), 0.0042940 secs]
301.966: Total time for which application threads were stopped: 0.0044534 seconds, Stopping threads took: 0.0000205 seconds
302.033: [GC (Allocation Failure)  635852K->316300K(1033728K), 0.0045474 secs]
302.038: Total time for which application threads were stopped: 0.0047297 seconds, Stopping threads took: 0.0000196 seconds
302.103: [GC (Allocation Failure)  635788K->319716K(1034240K), 0.0053068 secs]
302.109: Total time for which application threads were stopped: 0.0054881 seconds, Stopping threads took: 0.0000288 seconds
302.176: [GC (Allocation Failure)  639716K->324422K(1033728K), 0.0051358 secs]
302.182: Total time for which application threads were stopped: 0.0053154 seconds, Stopping threads took: 0.0000205 seconds
302.247: [GC (Allocation Failure)  644422K->324326K(1034240K), 0.0047136 secs]
302.252: Total time for which application threads were stopped: 0.0048969 seconds, Stopping threads took: 0.0000239 seconds
302.319: [GC (Allocation Failure)  644838K->324846K(1020928K), 0.0046537 secs]
302.323: Total time for which application threads were stopped: 0.0048163 seconds, Stopping threads took: 0.0000205 seconds
302.391: [GC (Allocation Failure)  645358K->332400K(1033728K), 0.0043707 secs]
302.396: Total time for which application threads were stopped: 0.0045539 seconds, Stopping threads took: 0.0000205 seconds
302.464: [GC (Allocation Failure)  651888K->332368K(1033728K), 0.0043745 secs]
302.468: Total time for which application threads were stopped: 0.0045483 seconds, Stopping threads took: 0.0000210 seconds
302.535: [GC (Allocation Failure)  651856K->333144K(1033216K), 0.0053795 secs]
302.540: Total time for which application threads were stopped: 0.0055514 seconds, Stopping threads took: 0.0000213 seconds
302.609: [GC (Allocation Failure)  652632K->340442K(1033728K), 0.0043089 secs]
302.613: Total time for which application threads were stopped: 0.0044876 seconds, Stopping threads took: 0.0000284 seconds
302.681: [GC (Allocation Failure)  659930K->340410K(1033728K), 0.0044529 secs]
302.686: Total time for which application threads were stopped: 0.0046421 seconds, Stopping threads took: 0.0000292 seconds
302.752: [GC (Allocation Failure)  659898K->344410K(1033728K), 0.0063280 secs]
302.759: Total time for which application threads were stopped: 0.0064918 seconds, Stopping threads took: 0.0000204 seconds
302.827: [GC (Allocation Failure)  663898K->348445K(1034240K), 0.0046151 secs]
302.832: Total time for which application threads were stopped: 0.0048001 seconds, Stopping threads took: 0.0000201 seconds
302.899: [GC (Allocation Failure)  668957K->348413K(1034240K), 0.0046687 secs]
302.903: Total time for which application threads were stopped: 0.0048464 seconds, Stopping threads took: 0.0000203 seconds
302.971: [GC (Allocation Failure)  668925K->349541K(1034240K), 0.0045963 secs]
302.976: Total time for which application threads were stopped: 0.0047588 seconds, Stopping threads took: 0.0000198 seconds
303.043: [GC (Allocation Failure)  670053K->356615K(1034240K), 0.0046018 secs]
303.047: Total time for which application threads were stopped: 0.0047714 seconds, Stopping threads took: 0.0000205 seconds
303.115: [GC (Allocation Failure)  677127K->356519K(1034240K), 0.0044734 secs]
303.119: Total time for which application threads were stopped: 0.0046563 seconds, Stopping threads took: 0.0000201 seconds
303.186: [GC (Allocation Failure)  677031K->356743K(1034240K), 0.0046068 secs]
303.191: Total time for which application threads were stopped: 0.0047786 seconds, Stopping threads took: 0.0000201 seconds
303.259: [GC (Allocation Failure)  677255K->364553K(1034240K), 0.0044459 secs]
303.263: Total time for which application threads were stopped: 0.0046384 seconds, Stopping threads took: 0.0000204 seconds
303.330: [GC (Allocation Failure)  685065K->364521K(1034240K), 0.0044792 secs]
303.335: Total time for which application threads were stopped: 0.0046593 seconds, Stopping threads took: 0.0000173 seconds
303.402: [GC (Allocation Failure)  685033K->366025K(1034240K), 0.0046054 secs]
303.407: Total time for which application threads were stopped: 0.0048009 seconds, Stopping threads took: 0.0000205 seconds
303.477: [GC (Allocation Failure)  686537K->372619K(1034240K), 0.0044989 secs]
303.481: Total time for which application threads were stopped: 0.0046665 seconds, Stopping threads took: 0.0000195 seconds
303.549: [GC (Allocation Failure)  693131K->372555K(1034240K), 0.0043310 secs]
303.553: Total time for which application threads were stopped: 0.0045061 seconds, Stopping threads took: 0.0000263 seconds
303.621: [GC (Allocation Failure)  693067K->372707K(1020416K), 0.0046444 secs]
303.625: Total time for which application threads were stopped: 0.0048310 seconds, Stopping threads took: 0.0000260 seconds
303.694: [GC (Allocation Failure)  693219K->380582K(1033728K), 0.0045511 secs]
303.698: Total time for which application threads were stopped: 0.0047225 seconds, Stopping threads took: 0.0000199 seconds
303.765: [GC (Allocation Failure)  700070K->380614K(1033728K), 0.0045708 secs]
303.769: Total time for which application threads were stopped: 0.0047426 seconds, Stopping threads took: 0.0000201 seconds
303.835: [GC (Allocation Failure)  700102K->380646K(1033728K), 0.0047885 secs]
303.840: Total time for which application threads were stopped: 0.0049657 seconds, Stopping threads took: 0.0000222 seconds
303.908: [GC (Allocation Failure)  700134K->388648K(1033728K), 0.0046094 secs]
303.912: Total time for which application threads were stopped: 0.0047799 seconds, Stopping threads took: 0.0000210 seconds
303.980: [GC (Allocation Failure)  708136K->388616K(1033728K), 0.0043595 secs]
303.985: Total time for which application threads were stopped: 0.0045630 seconds, Stopping threads took: 0.0000185 seconds
304.052: [GC (Allocation Failure)  708104K->389672K(1033728K), 0.0045265 secs]
304.057: Total time for which application threads were stopped: 0.0046850 seconds, Stopping threads took: 0.0000257 seconds
304.125: [GC (Allocation Failure)  709160K->396618K(1033728K), 0.0046388 secs]
304.130: Total time for which application threads were stopped: 0.0048050 seconds, Stopping threads took: 0.0000214 seconds
304.197: [GC (Allocation Failure)  716106K->396650K(1033728K), 0.0045958 secs]
304.202: Total time for which application threads were stopped: 0.0047697 seconds, Stopping threads took: 0.0000213 seconds
304.268: [GC (Allocation Failure)  716138K->396906K(1033728K), 0.0046503 secs]
304.273: Total time for which application threads were stopped: 0.0048250 seconds, Stopping threads took: 0.0000210 seconds
304.340: [GC (Allocation Failure)  716394K->404717K(1033728K), 0.0046357 secs]
304.345: Total time for which application threads were stopped: 0.0048074 seconds, Stopping threads took: 0.0000213 seconds
304.413: [GC (Allocation Failure)  724205K->404685K(1033728K), 0.0046077 secs]
304.417: Total time for which application threads were stopped: 0.0047789 seconds, Stopping threads took: 0.0000207 seconds
304.483: [GC (Allocation Failure)  724173K->406157K(1033728K), 0.0049031 secs]
304.488: Total time for which application threads were stopped: 0.0050761 seconds, Stopping threads took: 0.0000213 seconds
304.557: [GC (Allocation Failure)  725645K->412719K(1033728K), 0.0059076 secs]
304.563: Total time for which application threads were stopped: 0.0060703 seconds, Stopping threads took: 0.0000210 seconds
304.631: [GC (Allocation Failure)  732207K->412719K(1033728K), 0.0045717 secs]
304.635: Total time for which application threads were stopped: 0.0047411 seconds, Stopping threads took: 0.0000279 seconds
304.700: [GC (Allocation Failure)  732207K->413351K(1033728K), 0.0047837 secs]
304.705: Total time for which application threads were stopped: 0.0049610 seconds, Stopping threads took: 0.0000211 seconds
304.775: [GC (Allocation Failure)  732839K->420777K(1033728K), 0.0047401 secs]
304.779: Total time for which application threads were stopped: 0.0049002 seconds, Stopping threads took: 0.0000177 seconds
304.849: [GC (Allocation Failure)  740265K->420713K(1033728K), 0.0046637 secs]
304.854: Total time for which application threads were stopped: 0.0048364 seconds, Stopping threads took: 0.0000208 seconds
304.919: [GC (Allocation Failure)  740201K->421577K(1033728K), 0.0047270 secs]
304.923: Total time for which application threads were stopped: 0.0048930 seconds, Stopping threads took: 0.0000204 seconds
304.992: [GC (Allocation Failure)  741065K->428811K(1033728K), 0.0047863 secs]
304.997: Total time for which application threads were stopped: 0.0049585 seconds, Stopping threads took: 0.0000206 seconds
305.065: [GC (Allocation Failure)  748299K->428779K(1033728K), 0.0044515 secs]
305.069: Total time for which application threads were stopped: 0.0046230 seconds, Stopping threads took: 0.0000274 seconds
305.134: [GC (Allocation Failure)  748267K->429827K(1033728K), 0.0049490 secs]
305.140: Total time for which application threads were stopped: 0.0051218 seconds, Stopping threads took: 0.0000221 seconds
305.205: [GC (Allocation Failure)  749315K->436838K(1033728K), 0.0045209 secs]
305.210: Total time for which application threads were stopped: 0.0047143 seconds, Stopping threads took: 0.0000203 seconds
305.279: [GC (Allocation Failure)  756326K->436806K(1033728K), 0.0044560 secs]
305.284: Total time for which application threads were stopped: 0.0046246 seconds, Stopping threads took: 0.0000272 seconds
305.350: [GC (Allocation Failure)  756294K->437062K(1033728K), 0.0047561 secs]
305.355: Total time for which application threads were stopped: 0.0049261 seconds, Stopping threads took: 0.0000281 seconds
305.421: [GC (Allocation Failure)  756550K->444840K(1033728K), 0.0047662 secs]
305.426: Total time for which application threads were stopped: 0.0049339 seconds, Stopping threads took: 0.0000194 seconds
305.494: [GC (Allocation Failure)  764328K->444904K(1033728K), 0.0047872 secs]
305.499: Total time for which application threads were stopped: 0.0049489 seconds, Stopping threads took: 0.0000201 seconds
305.564: [GC (Allocation Failure)  764392K->445248K(1032704K), 0.0046499 secs]
305.569: Total time for which application threads were stopped: 0.0048201 seconds, Stopping threads took: 0.0000207 seconds
305.636: [GC (Allocation Failure)  763712K->452898K(1033216K), 0.0045692 secs]
305.641: Total time for which application threads were stopped: 0.0047350 seconds, Stopping threads took: 0.0000194 seconds
305.708: [GC (Allocation Failure)  771362K->452866K(1033216K), 0.0047098 secs]
305.713: Total time for which application threads were stopped: 0.0048685 seconds, Stopping threads took: 0.0000200 seconds
305.777: [GC (Allocation Failure)  771330K->453474K(1033216K), 0.0049282 secs]
305.782: Total time for which application threads were stopped: 0.0050866 seconds, Stopping threads took: 0.0000196 seconds
305.847: [GC (Allocation Failure)  771938K->460900K(1033216K), 0.0054096 secs]
305.853: Total time for which application threads were stopped: 0.0055660 seconds, Stopping threads took: 0.0000192 seconds
305.918: [GC (Allocation Failure)  779364K->460900K(1033216K), 0.0065357 secs]
305.925: Total time for which application threads were stopped: 0.0067296 seconds, Stopping threads took: 0.0000196 seconds
305.993: [GC (Allocation Failure)  779364K->461732K(1033216K), 0.0049324 secs]
305.998: Total time for which application threads were stopped: 0.0051230 seconds, Stopping threads took: 0.0000209 seconds
306.066: [GC (Allocation Failure)  780196K->468935K(1033216K), 0.0054662 secs]
306.071: Total time for which application threads were stopped: 0.0056244 seconds, Stopping threads took: 0.0000197 seconds
306.137: [GC (Allocation Failure)  787399K->468935K(1033216K), 0.0047117 secs]
306.142: Total time for which application threads were stopped: 0.0048914 seconds, Stopping threads took: 0.0000198 seconds
306.209: [GC (Allocation Failure)  787399K->468999K(1033216K), 0.0047750 secs]
306.213: Total time for which application threads were stopped: 0.0049497 seconds, Stopping threads took: 0.0000205 seconds
306.280: [GC (Allocation Failure)  787463K->477001K(1033216K), 0.0045807 secs]
306.285: Total time for which application threads were stopped: 0.0047435 seconds, Stopping threads took: 0.0000197 seconds
306.352: [GC (Allocation Failure)  795465K->476969K(1033216K), 0.0046693 secs]
306.357: Total time for which application threads were stopped: 0.0048477 seconds, Stopping threads took: 0.0000233 seconds
306.424: [GC (Allocation Failure)  795433K->477129K(1033216K), 0.0047599 secs]
306.429: Total time for which application threads were stopped: 0.0049180 seconds, Stopping threads took: 0.0000193 seconds
306.496: [GC (Allocation Failure)  795593K->485035K(1033216K), 0.0048433 secs]
306.501: Total time for which application threads were stopped: 0.0050143 seconds, Stopping threads took: 0.0000196 seconds
306.568: [GC (Allocation Failure)  803499K->485003K(1033216K), 0.0045482 secs]
306.573: Total time for which application threads were stopped: 0.0047089 seconds, Stopping threads took: 0.0000259 seconds
306.640: [GC (Allocation Failure)  803467K->485323K(1033216K), 0.0055335 secs]
306.646: Total time for which application threads were stopped: 0.0057210 seconds, Stopping threads took: 0.0000196 seconds
306.713: [GC (Allocation Failure)  803787K->493069K(1033216K), 0.0045366 secs]
306.718: Total time for which application threads were stopped: 0.0047217 seconds, Stopping threads took: 0.0000223 seconds
306.785: [GC (Allocation Failure)  811533K->493037K(1033216K), 0.0046313 secs]
306.790: Total time for which application threads were stopped: 0.0048108 seconds, Stopping threads took: 0.0000221 seconds
306.856: [GC (Allocation Failure)  811501K->493101K(1033216K), 0.0047408 secs]
306.861: Total time for which application threads were stopped: 0.0049077 seconds, Stopping threads took: 0.0000211 seconds
306.929: [GC (Allocation Failure)  811565K->501072K(1033216K), 0.0077915 secs]
306.937: Total time for which application threads were stopped: 0.0080024 seconds, Stopping threads took: 0.0000251 seconds
307.003: [GC (Allocation Failure)  819536K->501072K(1033216K), 0.0047844 secs]
307.008: Total time for which application threads were stopped: 0.0049592 seconds, Stopping threads took: 0.0000196 seconds
307.073: [GC (Allocation Failure)  819536K->501320K(1033216K), 0.0046323 secs]
307.078: Total time for which application threads were stopped: 0.0047959 seconds, Stopping threads took: 0.0000272 seconds
307.145: [GC (Allocation Failure)  819784K->509098K(1033216K), 0.0046446 secs]
307.150: Total time for which application threads were stopped: 0.0048360 seconds, Stopping threads took: 0.0000267 seconds
307.217: [GC (Allocation Failure)  827562K->503464K(1033216K), 0.0025444 secs]
307.219: Total time for which application threads were stopped: 0.0027132 seconds, Stopping threads took: 0.0000203 seconds
307.287: [GC (Allocation Failure)  821928K->509266K(1034240K), 0.0048193 secs]
307.291: Total time for which application threads were stopped: 0.0049910 seconds, Stopping threads took: 0.0000200 seconds
307.360: [GC (Allocation Failure)  829266K->513202K(1033728K), 0.0048933 secs]
307.365: Total time for which application threads were stopped: 0.0050762 seconds, Stopping threads took: 0.0000268 seconds
307.432: [GC (Allocation Failure)  833202K->519088K(1029120K), 0.0075216 secs]
307.440: Total time for which application threads were stopped: 0.0076888 seconds, Stopping threads took: 0.0000197 seconds
307.506: [GC (Allocation Failure)  834480K->513362K(1031680K), 0.0063575 secs]
307.513: Total time for which application threads were stopped: 0.0065282 seconds, Stopping threads took: 0.0000198 seconds
307.581: [GC (Allocation Failure)  828754K->513202K(1032704K), 0.0047052 secs]
307.586: Total time for which application threads were stopped: 0.0048711 seconds, Stopping threads took: 0.0000267 seconds
307.650: [GC (Allocation Failure)  830130K->515546K(1032192K), 0.0053316 secs]
307.656: Total time for which application threads were stopped: 0.0055264 seconds, Stopping threads took: 0.0000200 seconds
307.724: [GC (Allocation Failure)  832474K->521308K(1033216K), 0.0046740 secs]
307.729: Total time for which application threads were stopped: 0.0048316 seconds, Stopping threads took: 0.0000196 seconds
307.796: [GC (Allocation Failure)  839260K->521244K(1032704K), 0.0046036 secs]
307.801: Total time for which application threads were stopped: 0.0047952 seconds, Stopping threads took: 0.0000188 seconds
307.867: [GC (Allocation Failure)  839196K->525340K(1033728K), 0.0059787 secs]
307.873: Total time for which application threads were stopped: 0.0061632 seconds, Stopping threads took: 0.0000199 seconds
307.940: [GC (Allocation Failure)  844316K->529279K(1033216K), 0.0056735 secs]
307.946: Total time for which application threads were stopped: 0.0058570 seconds, Stopping threads took: 0.0000286 seconds
308.014: [GC (Allocation Failure)  848255K->529311K(1034240K), 0.0044931 secs]
308.019: Total time for which application threads were stopped: 0.0046716 seconds, Stopping threads took: 0.0000173 seconds
308.085: [GC (Allocation Failure)  849311K->532023K(1033728K), 0.0052357 secs]
308.091: Total time for which application threads were stopped: 0.0054156 seconds, Stopping threads took: 0.0000282 seconds
308.158: [GC (Allocation Failure)  852023K->537433K(1034240K), 0.0049324 secs]
308.163: Total time for which application threads were stopped: 0.0051082 seconds, Stopping threads took: 0.0000211 seconds
308.229: [GC (Allocation Failure)  857945K->537337K(1034240K), 0.0048055 secs]
308.234: Total time for which application threads were stopped: 0.0050018 seconds, Stopping threads took: 0.0000212 seconds
308.301: [GC (Allocation Failure)  857849K->537593K(1034240K), 0.0048805 secs]
308.306: Total time for which application threads were stopped: 0.0050591 seconds, Stopping threads took: 0.0000192 seconds
308.375: [GC (Allocation Failure)  858105K->545403K(1034240K), 0.0046162 secs]
308.380: Total time for which application threads were stopped: 0.0047713 seconds, Stopping threads took: 0.0000196 seconds
308.446: [GC (Allocation Failure)  865915K->545371K(1034240K), 0.0049557 secs]
308.451: Total time for which application threads were stopped: 0.0051256 seconds, Stopping threads took: 0.0000200 seconds
308.516: [GC (Allocation Failure)  865883K->547875K(1034240K), 0.0054137 secs]
308.522: Total time for which application threads were stopped: 0.0055926 seconds, Stopping threads took: 0.0000195 seconds
308.590: [GC (Allocation Failure)  868387K->553413K(1034240K), 0.0047725 secs]
308.595: Total time for which application threads were stopped: 0.0049526 seconds, Stopping threads took: 0.0000264 seconds
308.663: [GC (Allocation Failure)  873925K->553445K(1034240K), 0.0047263 secs]
308.668: Total time for which application threads were stopped: 0.0048777 seconds, Stopping threads took: 0.0000179 seconds
308.734: [GC (Allocation Failure)  873957K->554085K(1034240K), 0.0050785 secs]
308.739: Total time for which application threads were stopped: 0.0052554 seconds, Stopping threads took: 0.0000189 seconds
308.807: [GC (Allocation Failure)  874597K->561512K(1034240K), 0.0049896 secs]
308.812: Total time for which application threads were stopped: 0.0051535 seconds, Stopping threads took: 0.0000199 seconds
308.879: [GC (Allocation Failure)  882024K->561480K(1034240K), 0.0045965 secs]
308.884: Total time for which application threads were stopped: 0.0047874 seconds, Stopping threads took: 0.0000189 seconds
308.953: [GC (Allocation Failure)  881992K->564328K(1034240K), 0.0052658 secs]
308.959: Total time for which application threads were stopped: 0.0054215 seconds, Stopping threads took: 0.0000191 seconds
309.026: [GC (Allocation Failure)  884840K->569578K(1034240K), 0.0047858 secs]
309.031: Total time for which application threads were stopped: 0.0049569 seconds, Stopping threads took: 0.0000202 seconds
309.099: [GC (Allocation Failure)  890090K->569482K(1034240K), 0.0047316 secs]
309.104: Total time for which application threads were stopped: 0.0049252 seconds, Stopping threads took: 0.0000284 seconds
309.173: [GC (Allocation Failure)  889994K->570538K(1033728K), 0.0050059 secs]
309.178: Total time for which application threads were stopped: 0.0051721 seconds, Stopping threads took: 0.0000176 seconds
309.248: [GC (Allocation Failure)  891050K->577612K(1034240K), 0.0046420 secs]
309.252: Total time for which application threads were stopped: 0.0048264 seconds, Stopping threads took: 0.0000172 seconds
309.321: [GC (Allocation Failure)  898124K->577516K(1034240K), 0.0047119 secs]
309.326: Total time for which application threads were stopped: 0.0048742 seconds, Stopping threads took: 0.0000201 seconds
309.393: [GC (Allocation Failure)  898028K->580812K(1034240K), 0.0057022 secs]
309.399: Total time for which application threads were stopped: 0.0058962 seconds, Stopping threads took: 0.0000196 seconds
309.468: [GC (Allocation Failure)  901324K->585550K(1034752K), 0.0050764 secs]
309.473: Total time for which application threads were stopped: 0.0052350 seconds, Stopping threads took: 0.0000174 seconds
309.541: [GC (Allocation Failure)  907086K->585550K(1034752K), 0.0047855 secs]
309.546: Total time for which application threads were stopped: 0.0049589 seconds, Stopping threads took: 0.0000208 seconds
309.614: [GC (Allocation Failure)  907086K->589030K(1034752K), 0.0055473 secs]
309.619: Total time for which application threads were stopped: 0.0057248 seconds, Stopping threads took: 0.0000267 seconds
309.687: [GC (Allocation Failure)  910566K->593609K(1034752K), 0.0048310 secs]
309.692: Total time for which application threads were stopped: 0.0049914 seconds, Stopping threads took: 0.0000264 seconds
309.761: [GC (Allocation Failure)  915145K->593577K(1034752K), 0.0047997 secs]
309.766: Total time for which application threads were stopped: 0.0049506 seconds, Stopping threads took: 0.0000175 seconds
309.831: [GC (Allocation Failure)  915113K->594185K(1034752K), 0.0049988 secs]
309.836: Total time for which application threads were stopped: 0.0051621 seconds, Stopping threads took: 0.0000196 seconds
309.905: [GC (Allocation Failure)  915721K->601675K(1034752K), 0.0048283 secs]
309.910: Total time for which application threads were stopped: 0.0049942 seconds, Stopping threads took: 0.0000205 seconds
309.977: [GC (Allocation Failure)  923211K->601611K(1034752K), 0.0048882 secs]
309.982: Total time for which application threads were stopped: 0.0050787 seconds, Stopping threads took: 0.0000204 seconds
310.049: [GC (Allocation Failure)  923147K->603435K(1034752K), 0.0051569 secs]
310.055: Total time for which application threads were stopped: 0.0053455 seconds, Stopping threads took: 0.0000198 seconds
310.122: [GC (Allocation Failure)  924971K->609741K(1034752K), 0.0048288 secs]
310.127: Total time for which application threads were stopped: 0.0050222 seconds, Stopping threads took: 0.0000195 seconds
310.194: [GC (Allocation Failure)  931277K->609645K(1034752K), 0.0051578 secs]
310.200: Total time for which application threads were stopped: 0.0053154 seconds, Stopping threads took: 0.0000197 seconds
310.264: [GC (Allocation Failure)  931181K->612709K(1034752K), 0.0058034 secs]
310.270: Total time for which application threads were stopped: 0.0059717 seconds, Stopping threads took: 0.0000204 seconds
310.336: [GC (Allocation Failure)  934245K->617703K(1034752K), 0.0048507 secs]
310.341: Total time for which application threads were stopped: 0.0050445 seconds, Stopping threads took: 0.0000204 seconds
310.409: [GC (Allocation Failure)  939239K->617671K(1034752K), 0.0050381 secs]
310.414: Total time for which application threads were stopped: 0.0051956 seconds, Stopping threads took: 0.0000176 seconds
310.479: [GC (Allocation Failure)  939207K->617863K(1033728K), 0.0049514 secs]
310.484: Total time for which application threads were stopped: 0.0051329 seconds, Stopping threads took: 0.0000200 seconds
310.553: [GC (Allocation Failure)  938375K->625706K(1034240K), 0.0050787 secs]
310.558: Total time for which application threads were stopped: 0.0052529 seconds, Stopping threads took: 0.0000200 seconds
310.627: [GC (Allocation Failure)  946218K->625674K(1034240K), 0.0047521 secs]
310.632: Total time for which application threads were stopped: 0.0049140 seconds, Stopping threads took: 0.0000204 seconds
310.698: [GC (Allocation Failure)  946186K->628162K(1034240K), 0.0054382 secs]
310.704: Total time for which application threads were stopped: 0.0056006 seconds, Stopping threads took: 0.0000195 seconds
310.772: [GC (Allocation Failure)  948674K->633764K(1034752K), 0.0049791 secs]
310.777: Total time for which application threads were stopped: 0.0051496 seconds, Stopping threads took: 0.0000204 seconds
310.842: [GC (Allocation Failure)  955300K->633732K(1034752K), 0.0049991 secs]
310.847: Total time for which application threads were stopped: 0.0051763 seconds, Stopping threads took: 0.0000194 seconds
310.914: [GC (Allocation Failure)  955268K->636388K(1034752K), 0.0054567 secs]
310.920: Total time for which application threads were stopped: 0.0056270 seconds, Stopping threads took: 0.0000195 seconds
310.987: [GC (Allocation Failure)  957924K->641798K(1034752K), 0.0050559 secs]
310.992: Total time for which application threads were stopped: 0.0052160 seconds, Stopping threads took: 0.0000209 seconds
311.060: [GC (Allocation Failure)  963334K->641734K(1034752K), 0.0048519 secs]
311.064: Total time for which application threads were stopped: 0.0050125 seconds, Stopping threads took: 0.0000196 seconds
311.130: [GC (Allocation Failure)  963270K->645670K(1034752K), 0.0059866 secs]
311.136: Total time for which application threads were stopped: 0.0061496 seconds, Stopping threads took: 0.0000197 seconds
311.202: [GC (Allocation Failure)  967206K->649896K(1034240K), 0.0051876 secs]
311.208: Total time for which application threads were stopped: 0.0053628 seconds, Stopping threads took: 0.0000189 seconds
311.275: [GC (Allocation Failure)  971432K->649832K(1034752K), 0.0050107 secs]
311.280: Total time for which application threads were stopped: 0.0051809 seconds, Stopping threads took: 0.0000195 seconds
311.345: [GC (Allocation Failure)  971368K->650824K(1034240K), 0.0051533 secs]
311.350: Total time for which application threads were stopped: 0.0053494 seconds, Stopping threads took: 0.0000207 seconds
311.420: [GC (Allocation Failure)  972360K->657899K(1034752K), 0.0051932 secs]
311.425: Total time for which application threads were stopped: 0.0053849 seconds, Stopping threads took: 0.0000196 seconds
311.493: [GC (Allocation Failure)  979435K->657867K(1034752K), 0.0049079 secs]
311.498: Total time for which application threads were stopped: 0.0050913 seconds, Stopping threads took: 0.0000179 seconds
311.565: [GC (Allocation Failure)  979403K->660075K(1034752K), 0.0054547 secs]
311.570: Total time for which application threads were stopped: 0.0056299 seconds, Stopping threads took: 0.0000280 seconds
311.638: [GC (Allocation Failure)  981611K->665901K(1034752K), 0.0051518 secs]
311.644: Total time for which application threads were stopped: 0.0053473 seconds, Stopping threads took: 0.0000201 seconds
311.712: [GC (Allocation Failure)  987437K->665901K(1034752K), 0.0053085 secs]
311.717: Total time for which application threads were stopped: 0.0054936 seconds, Stopping threads took: 0.0000172 seconds
311.784: [GC (Allocation Failure)  987437K->669357K(1034752K), 0.0059876 secs]
311.790: Total time for which application threads were stopped: 0.0061463 seconds, Stopping threads took: 0.0000169 seconds
311.859: [GC (Allocation Failure)  990893K->673935K(1034752K), 0.0051387 secs]
311.864: Total time for which application threads were stopped: 0.0053100 seconds, Stopping threads took: 0.0000206 seconds
311.931: [GC (Allocation Failure)  995471K->673871K(1035264K), 0.0061036 secs]
311.937: Total time for which application threads were stopped: 0.0062691 seconds, Stopping threads took: 0.0000259 seconds
312.004: [GC (Allocation Failure)  995919K->675023K(1034752K), 0.0052122 secs]
312.009: Total time for which application threads were stopped: 0.0053814 seconds, Stopping threads took: 0.0000202 seconds
312.078: [GC (Allocation Failure)  997071K->682066K(1034752K), 0.0049339 secs]
312.083: Total time for which application threads were stopped: 0.0051016 seconds, Stopping threads took: 0.0000274 seconds
312.149: [GC (Allocation Failure)  1003602K->681938K(1034752K), 0.0048963 secs]
312.154: Total time for which application threads were stopped: 0.0050600 seconds, Stopping threads took: 0.0000199 seconds
312.220: [GC (Allocation Failure)  1003474K->684778K(1034752K), 0.0057457 secs]
312.225: [Full GC (Ergonomics)  684778K->11311K(1034752K), 0.0170207 secs]
312.243: Total time for which application threads were stopped: 0.0230272 seconds, Stopping threads took: 0.0000214 seconds
312.311: [GC (Allocation Failure)  332847K->20785K(1030656K), 0.0037983 secs]
312.315: Total time for which application threads were stopped: 0.0039557 seconds, Stopping threads took: 0.0000197 seconds
312.384: [GC (Allocation Failure)  342321K->20721K(1034240K), 0.0039643 secs]
312.388: Total time for which application threads were stopped: 0.0041579 seconds, Stopping threads took: 0.0000200 seconds
312.456: [GC (Allocation Failure)  341233K->23721K(1034240K), 0.0042769 secs]
312.460: Total time for which application threads were stopped: 0.0044740 seconds, Stopping threads took: 0.0000202 seconds
312.529: [GC (Allocation Failure)  344233K->28715K(1034752K), 0.0038519 secs]
312.533: Total time for which application threads were stopped: 0.0040010 seconds, Stopping threads took: 0.0000171 seconds
312.600: [GC (Allocation Failure)  350251K->28747K(1034752K), 0.0037921 secs]
312.604: Total time for which application threads were stopped: 0.0039950 seconds, Stopping threads took: 0.0000284 seconds
312.671: [GC (Allocation Failure)  350283K->31979K(1034752K), 0.0048543 secs]
312.676: Total time for which application threads were stopped: 0.0050066 seconds, Stopping threads took: 0.0000176 seconds
312.745: [GC (Allocation Failure)  353515K->36782K(1034752K), 0.0040366 secs]
312.749: Total time for which application threads were stopped: 0.0042061 seconds, Stopping threads took: 0.0000203 seconds
312.817: [GC (Allocation Failure)  358318K->36782K(1034752K), 0.0039295 secs]
312.821: Total time for which application threads were stopped: 0.0040900 seconds, Stopping threads took: 0.0000207 seconds
312.889: [GC (Allocation Failure)  358318K->37158K(1034752K), 0.0041568 secs]
312.893: Total time for which application threads were stopped: 0.0043359 seconds, Stopping threads took: 0.0000192 seconds
312.963: [GC (Allocation Failure)  358694K->44808K(1034752K), 0.0038846 secs]
312.967: Total time for which application threads were stopped: 0.0040402 seconds, Stopping threads took: 0.0000172 seconds
313.034: [GC (Allocation Failure)  366344K->44776K(1034752K), 0.0038600 secs]
313.038: Total time for which application threads were stopped: 0.0040346 seconds, Stopping threads took: 0.0000208 seconds
313.104: [GC (Allocation Failure)  366312K->46376K(1034752K), 0.0040210 secs]
313.108: Total time for which application threads were stopped: 0.0042205 seconds, Stopping threads took: 0.0000289 seconds
313.178: [GC (Allocation Failure)  367912K->52906K(1034752K), 0.0040700 secs]
313.182: Total time for which application threads were stopped: 0.0042352 seconds, Stopping threads took: 0.0000203 seconds
313.249: [GC (Allocation Failure)  374442K->52810K(1034752K), 0.0038032 secs]
313.253: Total time for which application threads were stopped: 0.0039742 seconds, Stopping threads took: 0.0000204 seconds
313.318: [GC (Allocation Failure)  374346K->55650K(1034752K), 0.0046848 secs]
313.322: Total time for which application threads were stopped: 0.0048611 seconds, Stopping threads took: 0.0000283 seconds
313.388: [GC (Allocation Failure)  377186K->60901K(1034752K), 0.0038394 secs]
313.392: Total time for which application threads were stopped: 0.0039988 seconds, Stopping threads took: 0.0000193 seconds
313.459: [GC (Allocation Failure)  382437K->60869K(1034752K), 0.0039451 secs]
313.463: Total time for which application threads were stopped: 0.0041025 seconds, Stopping threads took: 0.0000193 seconds
313.528: [GC (Allocation Failure)  382405K->64893K(1035264K), 0.0050244 secs]
313.533: Total time for which application threads were stopped: 0.0051838 seconds, Stopping threads took: 0.0000199 seconds
313.602: [GC (Allocation Failure)  386941K->68863K(1034752K), 0.0038112 secs]
313.606: Total time for which application threads were stopped: 0.0039671 seconds, Stopping threads took: 0.0000258 seconds
313.674: [GC (Allocation Failure)  390911K->68863K(1035264K), 0.0038190 secs]
313.678: Total time for which application threads were stopped: 0.0039987 seconds, Stopping threads took: 0.0000218 seconds
313.747: [GC (Allocation Failure)  391423K->72095K(1035264K), 0.0044775 secs]
313.751: Total time for which application threads were stopped: 0.0046702 seconds, Stopping threads took: 0.0000201 seconds
313.821: [GC (Allocation Failure)  394655K->76929K(1035264K), 0.0040349 secs]
313.825: Total time for which application threads were stopped: 0.0041827 seconds, Stopping threads took: 0.0000170 seconds
313.893: [GC (Allocation Failure)  399489K->76929K(1035264K), 0.0038463 secs]
313.897: Total time for which application threads were stopped: 0.0040208 seconds, Stopping threads took: 0.0000197 seconds
313.967: [GC (Allocation Failure)  399489K->80329K(1035264K), 0.0046562 secs]
313.971: Total time for which application threads were stopped: 0.0048246 seconds, Stopping threads took: 0.0000196 seconds
314.039: [GC (Allocation Failure)  402889K->84939K(1035264K), 0.0039418 secs]
314.043: Total time for which application threads were stopped: 0.0041425 seconds, Stopping threads took: 0.0000273 seconds
314.113: [GC (Allocation Failure)  407499K->84971K(1035264K), 0.0039960 secs]
314.117: Total time for which application threads were stopped: 0.0041462 seconds, Stopping threads took: 0.0000178 seconds
314.185: [GC (Allocation Failure)  407531K->88579K(1035264K), 0.0048011 secs]
314.190: Total time for which application threads were stopped: 0.0050196 seconds, Stopping threads took: 0.0000274 seconds
314.257: [GC (Allocation Failure)  411139K->93094K(1034752K), 0.0039918 secs]
314.261: Total time for which application threads were stopped: 0.0041650 seconds, Stopping threads took: 0.0000204 seconds
314.329: [GC (Allocation Failure)  415654K->92966K(1035264K), 0.0040319 secs]
314.333: Total time for which application threads were stopped: 0.0042027 seconds, Stopping threads took: 0.0000205 seconds
314.400: [GC (Allocation Failure)  415526K->88771K(1035776K), 0.0022833 secs]
314.402: Total time for which application threads were stopped: 0.0024476 seconds, Stopping threads took: 0.0000198 seconds
314.471: [GC (Allocation Failure)  412355K->92998K(1035776K), 0.0049601 secs]
314.476: Total time for which application threads were stopped: 0.0051351 seconds, Stopping threads took: 0.0000206 seconds
314.544: [GC (Allocation Failure)  416582K->92998K(1035776K), 0.0041006 secs]
314.548: Total time for which application threads were stopped: 0.0042821 seconds, Stopping threads took: 0.0000224 seconds
314.617: [GC (Allocation Failure)  416582K->96131K(1034240K), 0.0052562 secs]
314.623: Total time for which application threads were stopped: 0.0054372 seconds, Stopping threads took: 0.0000265 seconds
314.692: [GC (Allocation Failure)  419715K->93222K(1034752K), 0.0038686 secs]
314.696: Total time for which application threads were stopped: 0.0040298 seconds, Stopping threads took: 0.0000200 seconds
314.763: [GC (Allocation Failure)  414758K->92966K(1034752K), 0.0038429 secs]
314.767: Total time for which application threads were stopped: 0.0040060 seconds, Stopping threads took: 0.0000192 seconds
314.832: [GC (Allocation Failure)  414502K->99363K(1031168K), 0.0071258 secs]
314.840: Total time for which application threads were stopped: 0.0073183 seconds, Stopping threads took: 0.0000195 seconds
314.907: [GC (Allocation Failure)  417827K->94310K(1033216K), 0.0041214 secs]
314.911: Total time for which application threads were stopped: 0.0042799 seconds, Stopping threads took: 0.0000197 seconds
314.981: [GC (Allocation Failure)  412774K->94118K(1034240K), 0.0038570 secs]
314.985: Total time for which application threads were stopped: 0.0040281 seconds, Stopping threads took: 0.0000197 seconds
315.050: [GC (Allocation Failure)  414118K->94083K(1033728K), 0.0041633 secs]
315.054: Total time for which application threads were stopped: 0.0043340 seconds, Stopping threads took: 0.0000195 seconds
315.123: [GC (Allocation Failure)  414083K->94246K(1035264K), 0.0038371 secs]
315.127: Total time for which application threads were stopped: 0.0040095 seconds, Stopping threads took: 0.0000200 seconds
315.195: [GC (Allocation Failure)  416294K->94150K(1034752K), 0.0039064 secs]
315.199: Total time for which application threads were stopped: 0.0040866 seconds, Stopping threads took: 0.0000202 seconds
315.266: [GC (Allocation Failure)  416198K->94819K(1036288K), 0.0043289 secs]
315.271: Total time for which application threads were stopped: 0.0044996 seconds, Stopping threads took: 0.0000200 seconds
315.339: [GC (Allocation Failure)  418915K->94214K(1035776K), 0.0037950 secs]
315.343: Total time for which application threads were stopped: 0.0039694 seconds, Stopping threads took: 0.0000206 seconds
315.411: [GC (Allocation Failure)  418310K->94150K(1036800K), 0.0039358 secs]
315.415: Total time for which application threads were stopped: 0.0041049 seconds, Stopping threads took: 0.0000195 seconds
315.482: [GC (Allocation Failure)  419270K->88355K(1036288K), 0.0015407 secs]
315.483: Total time for which application threads were stopped: 0.0016852 seconds, Stopping threads took: 0.0000207 seconds
315.552: [GC (Allocation Failure)  413475K->94182K(1036288K), 0.0041064 secs]
315.556: Total time for which application threads were stopped: 0.0042680 seconds, Stopping threads took: 0.0000207 seconds
315.626: [GC (Allocation Failure)  418790K->98262K(1036288K), 0.0043117 secs]
315.631: Total time for which application threads were stopped: 0.0044967 seconds, Stopping threads took: 0.0000289 seconds
315.697: [GC (Allocation Failure)  422870K->98262K(1036800K), 0.0038870 secs]
315.701: Total time for which application threads were stopped: 0.0040691 seconds, Stopping threads took: 0.0000200 seconds
315.769: [GC (Allocation Failure)  423894K->98846K(1026048K), 0.0043093 secs]
315.774: Total time for which application threads were stopped: 0.0044801 seconds, Stopping threads took: 0.0000205 seconds
315.842: [GC (Allocation Failure)  424478K->106336K(1036288K), 0.0038604 secs]
315.846: Total time for which application threads were stopped: 0.0040194 seconds, Stopping threads took: 0.0000189 seconds
315.914: [GC (Allocation Failure)  430432K->106304K(1035776K), 0.0039946 secs]
315.919: Total time for which application threads were stopped: 0.0041584 seconds, Stopping threads took: 0.0000204 seconds
315.987: [GC (Allocation Failure)  430400K->106496K(1035264K), 0.0044649 secs]
315.992: Total time for which application threads were stopped: 0.0046258 seconds, Stopping threads took: 0.0000201 seconds
316.061: [GC (Allocation Failure)  430080K->114370K(1035776K), 0.0039975 secs]
316.065: Total time for which application threads were stopped: 0.0041734 seconds, Stopping threads took: 0.0000193 seconds
316.136: [GC (Allocation Failure)  437954K->114338K(1035776K), 0.0038320 secs]
316.140: Total time for which application threads were stopped: 0.0040099 seconds, Stopping threads took: 0.0000199 seconds
316.208: [GC (Allocation Failure)  437922K->114490K(1023488K), 0.0043131 secs]
316.212: Total time for which application threads were stopped: 0.0044980 seconds, Stopping threads took: 0.0000208 seconds
316.281: [GC (Allocation Failure)  438074K->122364K(1035264K), 0.0039402 secs]
316.285: Total time for which application threads were stopped: 0.0041100 seconds, Stopping threads took: 0.0000207 seconds
316.352: [GC (Allocation Failure)  444924K->122364K(1035264K), 0.0039601 secs]
316.356: Total time for which application threads were stopped: 0.0042537 seconds, Stopping threads took: 0.0000197 seconds
316.423: [GC (Allocation Failure)  444924K->122500K(1034240K), 0.0041922 secs]
316.427: Total time for which application threads were stopped: 0.0043572 seconds, Stopping threads took: 0.0000261 seconds
316.495: [GC (Allocation Failure)  444036K->130375K(1034752K), 0.0046413 secs]
316.500: Total time for which application threads were stopped: 0.0047843 seconds, Stopping threads took: 0.0000251 seconds
316.566: [GC (Allocation Failure)  451911K->130439K(1034752K), 0.0047285 secs]
316.571: Total time for which application threads were stopped: 0.0048497 seconds, Stopping threads took: 0.0000244 seconds
316.635: [GC (Allocation Failure)  451975K->130727K(1021440K), 0.0044112 secs]
316.640: Total time for which application threads were stopped: 0.0045632 seconds, Stopping threads took: 0.0000253 seconds
316.704: [GC (Allocation Failure)  452263K->138441K(1034240K), 0.0047469 secs]
316.709: Total time for which application threads were stopped: 0.0049006 seconds, Stopping threads took: 0.0000252 seconds
316.772: [GC (Allocation Failure)  458953K->138473K(1034240K), 0.0036740 secs]
316.776: Total time for which application threads were stopped: 0.0038069 seconds, Stopping threads took: 0.0000191 seconds
316.840: [GC (Allocation Failure)  458985K->138985K(1034240K), 0.0041267 secs]
316.845: Total time for which application threads were stopped: 0.0042731 seconds, Stopping threads took: 0.0000198 seconds
316.910: [GC (Allocation Failure)  459497K->146507K(1034240K), 0.0039676 secs]
316.914: Total time for which application threads were stopped: 0.0041156 seconds, Stopping threads took: 0.0000201 seconds
316.982: [GC (Allocation Failure)  467019K->146475K(1034240K), 0.0038509 secs]
316.986: Total time for which application threads were stopped: 0.0040012 seconds, Stopping threads took: 0.0000172 seconds
317.052: [GC (Allocation Failure)  466987K->146667K(1020416K), 0.0043883 secs]
317.057: Total time for which application threads were stopped: 0.0045638 seconds, Stopping threads took: 0.0000201 seconds
317.125: [GC (Allocation Failure)  467179K->154509K(1033728K), 0.0039700 secs]
317.129: Total time for which application threads were stopped: 0.0041381 seconds, Stopping threads took: 0.0000267 seconds
317.195: [GC (Allocation Failure)  473997K->154541K(1033728K), 0.0041976 secs]
317.200: Total time for which application threads were stopped: 0.0043620 seconds, Stopping threads took: 0.0000206 seconds
317.266: [GC (Allocation Failure)  474029K->154661K(1033728K), 0.0042504 secs]
317.270: Total time for which application threads were stopped: 0.0044159 seconds, Stopping threads took: 0.0000208 seconds
317.337: [GC (Allocation Failure)  474149K->162568K(1033728K), 0.0039601 secs]
317.341: Total time for which application threads were stopped: 0.0041499 seconds, Stopping threads took: 0.0000210 seconds
317.410: [GC (Allocation Failure)  482056K->162536K(1033728K), 0.0039579 secs]
317.414: Total time for which application threads were stopped: 0.0041361 seconds, Stopping threads took: 0.0000184 seconds
317.482: [GC (Allocation Failure)  482024K->162592K(1033728K), 0.0067859 secs]
317.488: Total time for which application threads were stopped: 0.0069743 seconds, Stopping threads took: 0.0000266 seconds
317.557: [GC (Allocation Failure)  482080K->170562K(1032704K), 0.0042077 secs]
317.561: Total time for which application threads were stopped: 0.0043786 seconds, Stopping threads took: 0.0000210 seconds
317.630: [GC (Allocation Failure)  489026K->170562K(1033216K), 0.0041556 secs]
317.634: Total time for which application threads were stopped: 0.0043335 seconds, Stopping threads took: 0.0000199 seconds
317.699: [GC (Allocation Failure)  489026K->170882K(1032704K), 0.0044221 secs]
317.703: Total time for which application threads were stopped: 0.0046131 seconds, Stopping threads took: 0.0000207 seconds
317.770: [GC (Allocation Failure)  489346K->178628K(1033216K), 0.0042819 secs]
317.775: Total time for which application threads were stopped: 0.0044382 seconds, Stopping threads took: 0.0000168 seconds
317.840: [GC (Allocation Failure)  497092K->178596K(1033216K), 0.0040901 secs]
317.844: Total time for which application threads were stopped: 0.0042502 seconds, Stopping threads took: 0.0000199 seconds
317.909: [GC (Allocation Failure)  497060K->179108K(1033216K), 0.0043904 secs]
317.913: Total time for which application threads were stopped: 0.0045561 seconds, Stopping threads took: 0.0000193 seconds
317.981: [GC (Allocation Failure)  497572K->186631K(1033216K), 0.0041614 secs]
317.985: Total time for which application threads were stopped: 0.0043389 seconds, Stopping threads took: 0.0000202 seconds
318.052: [GC (Allocation Failure)  505095K->186599K(1033216K), 0.0040764 secs]
318.056: Total time for which application threads were stopped: 0.0042271 seconds, Stopping threads took: 0.0000167 seconds
318.121: [GC (Allocation Failure)  505063K->186823K(1033216K), 0.0042879 secs]
318.125: Total time for which application threads were stopped: 0.0044624 seconds, Stopping threads took: 0.0000197 seconds
318.192: [GC (Allocation Failure)  505287K->194697K(1033216K), 0.0042589 secs]
318.196: Total time for which application threads were stopped: 0.0044312 seconds, Stopping threads took: 0.0000211 seconds
318.263: [GC (Allocation Failure)  513161K->188967K(1033728K), 0.0018975 secs]
318.265: Total time for which application threads were stopped: 0.0020420 seconds, Stopping threads took: 0.0000201 seconds
318.333: [GC (Allocation Failure)  507943K->194793K(1033216K), 0.0054496 secs]
318.338: Total time for which application threads were stopped: 0.0056250 seconds, Stopping threads took: 0.0000197 seconds
318.406: [GC (Allocation Failure)  513769K->198809K(1034240K), 0.0042951 secs]
318.410: Total time for which application threads were stopped: 0.0044776 seconds, Stopping threads took: 0.0000209 seconds
318.478: [GC (Allocation Failure)  519321K->204567K(1033728K), 0.0065779 secs]
318.484: Total time for which application threads were stopped: 0.0067508 seconds, Stopping threads took: 0.0000224 seconds
318.552: [GC (Allocation Failure)  525079K->198873K(1030656K), 0.0040628 secs]
318.556: Total time for which application threads were stopped: 0.0042250 seconds, Stopping threads took: 0.0000203 seconds
318.624: [GC (Allocation Failure)  515289K->198777K(1032192K), 0.0039190 secs]
318.628: Total time for which application threads were stopped: 0.0040891 seconds, Stopping threads took: 0.0000289 seconds
318.695: [GC (Allocation Failure)  515193K->194551K(1033216K), 0.0023905 secs]
318.697: Total time for which application threads were stopped: 0.0025493 seconds, Stopping threads took: 0.0000197 seconds
318.765: [GC (Allocation Failure)  512503K->199065K(1032704K), 0.0043390 secs]
318.769: Total time for which application threads were stopped: 0.0045188 seconds, Stopping threads took: 0.0000198 seconds
318.835: [GC (Allocation Failure)  517017K->198841K(1033728K), 0.0041642 secs]
318.839: Total time for which application threads were stopped: 0.0043448 seconds, Stopping threads took: 0.0000211 seconds
318.907: [GC (Allocation Failure)  517817K->202289K(1033216K), 0.0049510 secs]
318.912: Total time for which application threads were stopped: 0.0051159 seconds, Stopping threads took: 0.0000174 seconds
318.982: [GC (Allocation Failure)  521265K->206899K(1034240K), 0.0040908 secs]
318.986: Total time for which application threads were stopped: 0.0042684 seconds, Stopping threads took: 0.0000285 seconds
319.052: [GC (Allocation Failure)  526899K->206835K(1033728K), 0.0041582 secs]
319.056: Total time for which application threads were stopped: 0.0043050 seconds, Stopping threads took: 0.0000200 seconds
319.123: [GC (Allocation Failure)  526835K->210011K(1034240K), 0.0049217 secs]
319.128: Total time for which application threads were stopped: 0.0050731 seconds, Stopping threads took: 0.0000173 seconds
319.195: [GC (Allocation Failure)  530523K->215005K(1034240K), 0.0044271 secs]
319.200: Total time for which application threads were stopped: 0.0045966 seconds, Stopping threads took: 0.0000205 seconds
319.269: [GC (Allocation Failure)  535517K->214909K(1034752K), 0.0041092 secs]
319.274: Total time for which application threads were stopped: 0.0042795 seconds, Stopping threads took: 0.0000196 seconds
319.340: [GC (Allocation Failure)  535933K->216701K(1034240K), 0.0044587 secs]
319.345: Total time for which application threads were stopped: 0.0046200 seconds, Stopping threads took: 0.0000201 seconds
319.412: [GC (Allocation Failure)  537725K->223008K(1034752K), 0.0042127 secs]
319.417: Total time for which application threads were stopped: 0.0043926 seconds, Stopping threads took: 0.0000201 seconds
319.487: [GC (Allocation Failure)  544544K->222912K(1034752K), 0.0041519 secs]
319.491: Total time for which application threads were stopped: 0.0043242 seconds, Stopping threads took: 0.0000201 seconds
319.556: [GC (Allocation Failure)  544448K->225448K(1034752K), 0.0045272 secs]
319.561: Total time for which application threads were stopped: 0.0046995 seconds, Stopping threads took: 0.0000211 seconds
319.630: [GC (Allocation Failure)  546984K->230986K(1034752K), 0.0040608 secs]
319.634: Total time for which application threads were stopped: 0.0042547 seconds, Stopping threads took: 0.0000473 seconds
319.702: [GC (Allocation Failure)  552522K->230986K(1034752K), 0.0041779 secs]
319.706: Total time for which application threads were stopped: 0.0043717 seconds, Stopping threads took: 0.0000256 seconds
319.771: [GC (Allocation Failure)  552522K->234730K(1034752K), 0.0051777 secs]
319.777: Total time for which application threads were stopped: 0.0053769 seconds, Stopping threads took: 0.0000206 seconds
319.845: [GC (Allocation Failure)  556266K->239052K(1035264K), 0.0042946 secs]
319.849: Total time for which application threads were stopped: 0.0044949 seconds, Stopping threads took: 0.0000227 seconds
319.920: [GC (Allocation Failure)  561612K->238988K(1035264K), 0.0041207 secs]
319.924: Total time for which application threads were stopped: 0.0042739 seconds, Stopping threads took: 0.0000167 seconds
319.993: [GC (Allocation Failure)  561548K->241924K(1035264K), 0.0047541 secs]
319.998: Total time for which application threads were stopped: 0.0049051 seconds, Stopping threads took: 0.0000169 seconds
320.066: [GC (Allocation Failure)  564484K->247046K(1035264K), 0.0041296 secs]
320.070: Total time for which application threads were stopped: 0.0042764 seconds, Stopping threads took: 0.0000202 seconds
320.140: [GC (Allocation Failure)  569606K->247014K(1035264K), 0.0043844 secs]
320.145: Total time for which application threads were stopped: 0.0045778 seconds, Stopping threads took: 0.0000193 seconds
320.213: [GC (Allocation Failure)  569574K->250150K(1035264K), 0.0049260 secs]
320.218: Total time for which application threads were stopped: 0.0050731 seconds, Stopping threads took: 0.0000171 seconds
320.286: [GC (Allocation Failure)  572710K->255145K(1035264K), 0.0043417 secs]
320.290: Total time for which application threads were stopped: 0.0045565 seconds, Stopping threads took: 0.0000370 seconds
320.361: [GC (Allocation Failure)  577705K->255049K(1035264K), 0.0040026 secs]
320.365: Total time for which application threads were stopped: 0.0041947 seconds, Stopping threads took: 0.0000281 seconds
320.433: [GC (Allocation Failure)  577609K->250342K(1035264K), 0.0023430 secs]
320.435: Total time for which application threads were stopped: 0.0025070 seconds, Stopping threads took: 0.0000190 seconds
320.505: [GC (Allocation Failure)  572902K->255113K(1035264K), 0.0045084 secs]
320.510: Total time for which application threads were stopped: 0.0046872 seconds, Stopping threads took: 0.0000189 seconds
320.576: [GC (Allocation Failure)  577673K->255049K(1035264K), 0.0042790 secs]
320.581: Total time for which application threads were stopped: 0.0044834 seconds, Stopping threads took: 0.0000258 seconds
320.648: [GC (Allocation Failure)  577609K->254598K(1035264K), 0.0042911 secs]
320.652: Total time for which application threads were stopped: 0.0044418 seconds, Stopping threads took: 0.0000172 seconds
320.720: [GC (Allocation Failure)  577158K->255273K(1035776K), 0.0041944 secs]
320.725: Total time for which application threads were stopped: 0.0043884 seconds, Stopping threads took: 0.0000202 seconds
320.795: [GC (Allocation Failure)  578857K->255049K(1035776K), 0.0041676 secs]
320.799: Total time for which application threads were stopped: 0.0043265 seconds, Stopping threads took: 0.0000176 seconds
320.867: [GC (Allocation Failure)  578633K->260926K(1031680K), 0.0069705 secs]
320.874: Total time for which application threads were stopped: 0.0071536 seconds, Stopping threads took: 0.0000203 seconds
320.943: [GC (Allocation Failure)  580414K->256385K(1033728K), 0.0051011 secs]
320.948: Total time for which application threads were stopped: 0.0053000 seconds, Stopping threads took: 0.0000254 seconds
321.016: [GC (Allocation Failure)  575873K->256225K(1034752K), 0.0041993 secs]
321.020: Total time for which application threads were stopped: 0.0043660 seconds, Stopping threads took: 0.0000176 seconds
321.088: [GC (Allocation Failure)  577249K->258750K(1034240K), 0.0052552 secs]
321.093: Total time for which application threads were stopped: 0.0054220 seconds, Stopping threads took: 0.0000261 seconds
321.162: [GC (Allocation Failure)  579774K->256321K(1034752K), 0.0049913 secs]
321.167: Total time for which application threads were stopped: 0.0051641 seconds, Stopping threads took: 0.0000208 seconds
321.235: [GC (Allocation Failure)  577345K->256193K(1034240K), 0.0040849 secs]
321.239: Total time for which application threads were stopped: 0.0042573 seconds, Stopping threads took: 0.0000201 seconds
321.305: [GC (Allocation Failure)  577217K->258462K(1035264K), 0.0054039 secs]
321.310: Total time for which application threads were stopped: 0.0055846 seconds, Stopping threads took: 0.0000201 seconds
321.379: [GC (Allocation Failure)  581022K->256257K(1035264K), 0.0041817 secs]
321.383: Total time for which application threads were stopped: 0.0043478 seconds, Stopping threads took: 0.0000207 seconds
321.452: [GC (Allocation Failure)  578817K->256161K(1035776K), 0.0040995 secs]
321.456: Total time for which application threads were stopped: 0.0043338 seconds, Stopping threads took: 0.0000174 seconds
321.523: [GC (Allocation Failure)  579745K->263710K(1035776K), 0.0078794 secs]
321.531: Total time for which application threads were stopped: 0.0080628 seconds, Stopping threads took: 0.0000195 seconds
321.600: [GC (Allocation Failure)  587294K->259009K(1032704K), 0.0041101 secs]
321.604: Total time for which application threads were stopped: 0.0042834 seconds, Stopping threads took: 0.0000280 seconds
321.673: [GC (Allocation Failure)  579521K->258977K(1034240K), 0.0040588 secs]
321.677: Total time for which application threads were stopped: 0.0042277 seconds, Stopping threads took: 0.0000207 seconds
321.745: [GC (Allocation Failure)  579489K->251358K(1033216K), 0.0012595 secs]
321.746: Total time for which application threads were stopped: 0.0014067 seconds, Stopping threads took: 0.0000230 seconds
321.815: [GC (Allocation Failure)  570846K->259217K(1033728K), 0.0042692 secs]
321.819: Total time for which application threads were stopped: 0.0044628 seconds, Stopping threads took: 0.0000235 seconds
321.886: [GC (Allocation Failure)  578705K->263153K(1034752K), 0.0056068 secs]
321.892: Total time for which application threads were stopped: 0.0057809 seconds, Stopping threads took: 0.0000214 seconds
321.959: [GC (Allocation Failure)  584177K->268526K(1034240K), 0.0067685 secs]
321.966: Total time for which application threads were stopped: 0.0069384 seconds, Stopping threads took: 0.0000198 seconds
322.033: [GC (Allocation Failure)  589550K->263281K(1033216K), 0.0044457 secs]
322.038: Total time for which application threads were stopped: 0.0046189 seconds, Stopping threads took: 0.0000208 seconds
322.105: [GC (Allocation Failure)  582769K->263121K(1033728K), 0.0043016 secs]
322.109: Total time for which application threads were stopped: 0.0044765 seconds, Stopping threads took: 0.0000275 seconds
322.175: [GC (Allocation Failure)  582609K->265102K(1034240K), 0.0051379 secs]
322.181: Total time for which application threads were stopped: 0.0053019 seconds, Stopping threads took: 0.0000207 seconds
322.248: [GC (Allocation Failure)  585614K->263217K(1034240K), 0.0041122 secs]
322.253: Total time for which application threads were stopped: 0.0042804 seconds, Stopping threads took: 0.0000197 seconds
322.321: [GC (Allocation Failure)  583729K->263153K(1035264K), 0.0041496 secs]
322.325: Total time for which application threads were stopped: 0.0043171 seconds, Stopping threads took: 0.0000196 seconds
322.390: [GC (Allocation Failure)  585201K->264814K(1034752K), 0.0051536 secs]
322.395: Total time for which application threads were stopped: 0.0053387 seconds, Stopping threads took: 0.0000265 seconds
322.463: [GC (Allocation Failure)  586862K->263185K(1035776K), 0.0040551 secs]
322.467: Total time for which application threads were stopped: 0.0042315 seconds, Stopping threads took: 0.0000204 seconds
322.537: [GC (Allocation Failure)  586257K->263089K(1035264K), 0.0060414 secs]
322.544: Total time for which application threads were stopped: 0.0062060 seconds, Stopping threads took: 0.0000193 seconds
322.612: [GC (Allocation Failure)  586161K->269590K(1032704K), 0.0073747 secs]
322.619: Total time for which application threads were stopped: 0.0075445 seconds, Stopping threads took: 0.0000258 seconds
322.687: [GC (Allocation Failure)  590102K->264889K(1034240K), 0.0044371 secs]
322.691: Total time for which application threads were stopped: 0.0046019 seconds, Stopping threads took: 0.0000264 seconds
322.760: [GC (Allocation Failure)  585401K->264857K(1034752K), 0.0043313 secs]
322.764: Total time for which application threads were stopped: 0.0045108 seconds, Stopping threads took: 0.0000202 seconds
322.831: [GC (Allocation Failure)  585881K->270038K(1033728K), 0.0065471 secs]
322.838: Total time for which application threads were stopped: 0.0067242 seconds, Stopping threads took: 0.0000206 seconds
322.905: [GC (Allocation Failure)  591062K->265081K(1033728K), 0.0043313 secs]
322.910: Total time for which application threads were stopped: 0.0044924 seconds, Stopping threads took: 0.0000209 seconds
322.979: [GC (Allocation Failure)  584569K->264889K(1033728K), 0.0043110 secs]
322.983: Total time for which application threads were stopped: 0.0044849 seconds, Stopping threads took: 0.0000209 seconds
323.050: [GC (Allocation Failure)  584377K->266646K(1034240K), 0.0049917 secs]
323.055: Total time for which application threads were stopped: 0.0051716 seconds, Stopping threads took: 0.0000200 seconds
323.123: [GC (Allocation Failure)  587158K->265017K(1034240K), 0.0042713 secs]
323.127: Total time for which application threads were stopped: 0.0044336 seconds, Stopping threads took: 0.0000193 seconds
323.195: [GC (Allocation Failure)  585529K->264857K(1035264K), 0.0041587 secs]
323.199: Total time for which application threads were stopped: 0.0043283 seconds, Stopping threads took: 0.0000203 seconds
323.264: [GC (Allocation Failure)  586905K->266390K(1034752K), 0.0051900 secs]
323.270: Total time for which application threads were stopped: 0.0053589 seconds, Stopping threads took: 0.0000188 seconds
323.337: [GC (Allocation Failure)  588438K->264953K(1035264K), 0.0043271 secs]
323.342: Total time for which application threads were stopped: 0.0045145 seconds, Stopping threads took: 0.0000199 seconds
323.411: [GC (Allocation Failure)  587513K->264889K(1035264K), 0.0044380 secs]
323.415: Total time for which application threads were stopped: 0.0046080 seconds, Stopping threads took: 0.0000202 seconds
323.482: [GC (Allocation Failure)  587449K->270078K(1032704K), 0.0067659 secs]
323.489: Total time for which application threads were stopped: 0.0069317 seconds, Stopping threads took: 0.0000198 seconds
323.555: [GC (Allocation Failure)  590590K->265409K(1034240K), 0.0043296 secs]
323.560: Total time for which application threads were stopped: 0.0044894 seconds, Stopping threads took: 0.0000169 seconds
323.630: [GC (Allocation Failure)  585921K->265345K(1034752K), 0.0041252 secs]
323.634: Total time for which application threads were stopped: 0.0043330 seconds, Stopping threads took: 0.0000264 seconds
323.703: [GC (Allocation Failure)  586881K->269790K(1033728K), 0.0061802 secs]
323.710: Total time for which application threads were stopped: 0.0063411 seconds, Stopping threads took: 0.0000173 seconds
323.776: [GC (Allocation Failure)  591326K->265633K(1034240K), 0.0044583 secs]
323.780: Total time for which application threads were stopped: 0.0046558 seconds, Stopping threads took: 0.0000205 seconds
323.848: [GC (Allocation Failure)  586145K->265345K(1034240K), 0.0040514 secs]
323.853: Total time for which application threads were stopped: 0.0042171 seconds, Stopping threads took: 0.0000207 seconds
323.920: [GC (Allocation Failure)  585857K->268990K(1033728K), 0.0106247 secs]
323.931: Total time for which application threads were stopped: 0.0108168 seconds, Stopping threads took: 0.0000193 seconds
323.999: [GC (Allocation Failure)  589502K->265537K(1034240K), 0.0044140 secs]
324.004: Total time for which application threads were stopped: 0.0045963 seconds, Stopping threads took: 0.0000208 seconds
324.073: [GC (Allocation Failure)  586049K->265345K(1034752K), 0.0042344 secs]
324.078: Total time for which application threads were stopped: 0.0044134 seconds, Stopping threads took: 0.0000176 seconds
324.144: [GC (Allocation Failure)  586369K->267646K(1034240K), 0.0052220 secs]
324.149: Total time for which application threads were stopped: 0.0054010 seconds, Stopping threads took: 0.0000202 seconds
324.218: [GC (Allocation Failure)  588670K->265473K(1034752K), 0.0044658 secs]
324.223: Total time for which application threads were stopped: 0.0046300 seconds, Stopping threads took: 0.0000203 seconds
324.290: [GC (Allocation Failure)  587009K->265313K(1034752K), 0.0040595 secs]
324.295: Total time for which application threads were stopped: 0.0042265 seconds, Stopping threads took: 0.0000212 seconds
324.360: [GC (Allocation Failure)  586849K->268350K(1034240K), 0.0055315 secs]
324.366: Total time for which application threads were stopped: 0.0056938 seconds, Stopping threads took: 0.0000191 seconds
324.434: [GC (Allocation Failure)  589886K->265441K(1034752K), 0.0042728 secs]
324.438: Total time for which application threads were stopped: 0.0044521 seconds, Stopping threads took: 0.0000200 seconds
324.504: [GC (Allocation Failure)  586977K->265345K(1035264K), 0.0042648 secs]
324.508: Total time for which application threads were stopped: 0.0044348 seconds, Stopping threads took: 0.0000200 seconds
324.576: [GC (Allocation Failure)  587905K->270590K(1035264K), 0.0064453 secs]
324.582: Total time for which application threads were stopped: 0.0066129 seconds, Stopping threads took: 0.0000271 seconds
324.650: [GC (Allocation Failure)  593150K->265345K(1033216K), 0.0064663 secs]
324.657: Total time for which application threads were stopped: 0.0066598 seconds, Stopping threads took: 0.0000288 seconds
324.726: [GC (Allocation Failure)  585857K->265377K(1034240K), 0.0041709 secs]
324.731: Total time for which application threads were stopped: 0.0043345 seconds, Stopping threads took: 0.0000218 seconds
324.799: [GC (Allocation Failure)  585889K->270782K(1031680K), 0.0068336 secs]
324.806: Total time for which application threads were stopped: 0.0070083 seconds, Stopping threads took: 0.0000199 seconds
324.872: [GC (Allocation Failure)  589246K->265569K(1033216K), 0.0043327 secs]
324.877: Total time for which application threads were stopped: 0.0044911 seconds, Stopping threads took: 0.0000194 seconds
324.944: [GC (Allocation Failure)  584033K->265345K(1034240K), 0.0060766 secs]
324.950: Total time for which application threads were stopped: 0.0062378 seconds, Stopping threads took: 0.0000257 seconds
325.015: [GC (Allocation Failure)  585345K->264318K(1033728K), 0.0039782 secs]
325.019: Total time for which application threads were stopped: 0.0041482 seconds, Stopping threads took: 0.0000199 seconds
325.085: [GC (Allocation Failure)  584318K->265537K(1034240K), 0.0042728 secs]
325.089: Total time for which application threads were stopped: 0.0044375 seconds, Stopping threads took: 0.0000271 seconds
325.158: [GC (Allocation Failure)  586049K->265377K(1034240K), 0.0042167 secs]
325.163: Total time for which application threads were stopped: 0.0044032 seconds, Stopping threads took: 0.0000263 seconds
325.230: [GC (Allocation Failure)  585889K->262014K(1034752K), 0.0030256 secs]
325.233: Total time for which application threads were stopped: 0.0031972 seconds, Stopping threads took: 0.0000208 seconds
325.303: [GC (Allocation Failure)  583550K->265473K(1034752K), 0.0043865 secs]
325.308: Total time for which application threads were stopped: 0.0045519 seconds, Stopping threads took: 0.0000201 seconds
325.376: [GC (Allocation Failure)  587009K->265345K(1035264K), 0.0041738 secs]
325.380: Total time for which application threads were stopped: 0.0043468 seconds, Stopping threads took: 0.0000210 seconds
325.448: [GC (Allocation Failure)  587393K->263710K(1034752K), 0.0038253 secs]
325.452: Total time for which application threads were stopped: 0.0040034 seconds, Stopping threads took: 0.0000197 seconds
325.520: [GC (Allocation Failure)  585758K->265409K(1035776K), 0.0040013 secs]
325.524: Total time for which application threads were stopped: 0.0041733 seconds, Stopping threads took: 0.0000176 seconds
325.592: [GC (Allocation Failure)  588481K->265345K(1035264K), 0.0040788 secs]
325.597: Total time for which application threads were stopped: 0.0042471 seconds, Stopping threads took: 0.0000266 seconds
325.663: [GC (Allocation Failure)  588417K->268542K(1035264K), 0.0056124 secs]
325.668: Total time for which application threads were stopped: 0.0057855 seconds, Stopping threads took: 0.0000260 seconds
325.738: [GC (Allocation Failure)  592126K->265345K(1035776K), 0.0041368 secs]
325.742: Total time for which application threads were stopped: 0.0043341 seconds, Stopping threads took: 0.0000213 seconds
325.812: [GC (Allocation Failure)  588929K->265345K(1036288K), 0.0041546 secs]
325.816: Total time for which application threads were stopped: 0.0043107 seconds, Stopping threads took: 0.0000199 seconds
325.884: [GC (Allocation Failure)  589441K->260030K(1035776K), 0.0022871 secs]
325.887: Total time for which application threads were stopped: 0.0024607 seconds, Stopping threads took: 0.0000205 seconds
325.955: [GC (Allocation Failure)  584126K->265625K(1035776K), 0.0042698 secs]
325.960: Total time for which application threads were stopped: 0.0044406 seconds, Stopping threads took: 0.0000196 seconds
326.027: [GC (Allocation Failure)  589209K->269521K(1035776K), 0.0042848 secs]
326.031: Total time for which application threads were stopped: 0.0044572 seconds, Stopping threads took: 0.0000208 seconds
