Java HotSpot(TM) 64-Bit Server VM (25.171-b11) for linux-amd64 JRE (1.8.0_171-b11), built on Mar 28 2018 17:07:08 by "java_re" with gcc 4.3.0 20080428 (Red Hat 4.3.0-8)
Memory: 4k page, physical 32883000k(29293928k free), swap 8000508k(8000508k free)
CommandLine flags: -XX:InitialHeapSize=1073741824 -XX:MaxHeapSize=1073741824 -XX:+PrintGC -XX:+PrintGCApplicationStoppedTime -XX:+PrintGCTimeStamps -XX:+UseCompressedClassPointers -XX:+UseCompressedOops -XX:+UseParallelGC 
0.292: [GC (Allocation Failure)  262144K->10348K(1005056K), 0.0053155 secs]
0.297: Total time for which application threads were stopped: 0.0055305 seconds, Stopping threads took: 0.0000162 seconds
0.361: [GC (Allocation Failure)  272492K->8690K(1005056K), 0.0035244 secs]
0.364: Total time for which application threads were stopped: 0.0037255 seconds, Stopping threads took: 0.0000726 seconds
0.420: [GC (Allocation Failure)  270834K->8585K(1005056K), 0.0028148 secs]
0.423: Total time for which application threads were stopped: 0.0029852 seconds, Stopping threads took: 0.0000284 seconds
0.479: [GC (Allocation Failure)  270729K->8562K(1005056K), 0.0043335 secs]
0.483: Total time for which application threads were stopped: 0.0044946 seconds, Stopping threads took: 0.0000331 seconds
0.539: [GC (Allocation Failure)  270706K->8722K(1005056K), 0.0032745 secs]
0.542: Total time for which application threads were stopped: 0.0034357 seconds, Stopping threads took: 0.0000191 seconds
0.597: [GC (Allocation Failure)  270866K->8562K(1038336K), 0.0043797 secs]
0.602: Total time for which application threads were stopped: 0.0045347 seconds, Stopping threads took: 0.0000191 seconds
0.680: [GC (Allocation Failure)  336754K->8612K(1037824K), 0.0040333 secs]
0.684: Total time for which application threads were stopped: 0.0041798 seconds, Stopping threads took: 0.0000160 seconds
0.753: [GC (Allocation Failure)  336804K->8644K(1038336K), 0.0045834 secs]
0.757: Total time for which application threads were stopped: 0.0047470 seconds, Stopping threads took: 0.0000214 seconds
0.827: [GC (Allocation Failure)  337348K->8580K(1038336K), 0.0036106 secs]
0.831: Total time for which application threads were stopped: 0.0037744 seconds, Stopping threads took: 0.0000206 seconds
0.897: [GC (Allocation Failure)  337284K->10308K(1037312K), 0.0035362 secs]
0.901: Total time for which application threads were stopped: 0.0037037 seconds, Stopping threads took: 0.0000193 seconds
0.970: [GC (Allocation Failure)  337988K->8548K(1037824K), 0.0034611 secs]
0.974: Total time for which application threads were stopped: 0.0036188 seconds, Stopping threads took: 0.0000266 seconds
1.041: [GC (Allocation Failure)  336228K->8580K(1037824K), 0.0035406 secs]
1.044: Total time for which application threads were stopped: 0.0037320 seconds, Stopping threads took: 0.0000204 seconds
1.112: [GC (Allocation Failure)  336260K->9532K(1028096K), 0.0044581 secs]
1.117: Total time for which application threads were stopped: 0.0046245 seconds, Stopping threads took: 0.0000197 seconds
1.185: [GC (Allocation Failure)  337212K->16830K(1037312K), 0.0036525 secs]
1.189: Total time for which application threads were stopped: 0.0038078 seconds, Stopping threads took: 0.0000196 seconds
1.259: [GC (Allocation Failure)  342974K->16606K(1036800K), 0.0036329 secs]
1.262: Total time for which application threads were stopped: 0.0037895 seconds, Stopping threads took: 0.0000192 seconds
1.330: [GC (Allocation Failure)  342750K->21964K(1034240K), 0.0065149 secs]
1.337: Total time for which application threads were stopped: 0.0066847 seconds, Stopping threads took: 0.0000202 seconds
1.404: [GC (Allocation Failure)  345548K->18894K(1035776K), 0.0043637 secs]
1.409: Total time for which application threads were stopped: 0.0045299 seconds, Stopping threads took: 0.0000269 seconds
1.476: [GC (Allocation Failure)  342478K->18798K(1036288K), 0.0039422 secs]
1.480: Total time for which application threads were stopped: 0.0041078 seconds, Stopping threads took: 0.0000193 seconds
1.547: [GC (Allocation Failure)  342891K->14860K(1035776K), 0.0023759 secs]
1.549: Total time for which application threads were stopped: 0.0025541 seconds, Stopping threads took: 0.0000190 seconds
1.617: [GC (Allocation Failure)  338956K->18926K(1035776K), 0.0038734 secs]
1.621: Total time for which application threads were stopped: 0.0040255 seconds, Stopping threads took: 0.0000187 seconds
1.691: [GC (Allocation Failure)  342510K->22926K(1035776K), 0.0037898 secs]
1.695: Total time for which application threads were stopped: 0.0039567 seconds, Stopping threads took: 0.0000200 seconds
1.762: [GC (Allocation Failure)  346510K->22862K(1036288K), 0.0045195 secs]
1.766: Total time for which application threads were stopped: 0.0046928 seconds, Stopping threads took: 0.0000397 seconds
1.834: [GC (Allocation Failure)  347470K->23246K(1024512K), 0.0046223 secs]
1.839: Total time for which application threads were stopped: 0.0048020 seconds, Stopping threads took: 0.0000340 seconds
1.907: [GC (Allocation Failure)  347854K->30928K(1035776K), 0.0036652 secs]
1.910: Total time for which application threads were stopped: 0.0038279 seconds, Stopping threads took: 0.0000258 seconds
1.979: [GC (Allocation Failure)  354512K->30960K(1035776K), 0.0035769 secs]
1.983: Total time for which application threads were stopped: 0.0037425 seconds, Stopping threads took: 0.0000197 seconds
2.050: [GC (Allocation Failure)  354544K->31464K(1034752K), 0.0045944 secs]
2.054: Total time for which application threads were stopped: 0.0047653 seconds, Stopping threads took: 0.0000208 seconds
2.122: [GC (Allocation Failure)  354024K->38986K(1035264K), 0.0034964 secs]
2.126: Total time for which application threads were stopped: 0.0036638 seconds, Stopping threads took: 0.0000201 seconds
2.194: [GC (Allocation Failure)  361546K->38954K(1035264K), 0.0036100 secs]
2.198: Total time for which application threads were stopped: 0.0037663 seconds, Stopping threads took: 0.0000198 seconds
2.267: [GC (Allocation Failure)  361514K->39210K(1022464K), 0.0045216 secs]
2.271: Total time for which application threads were stopped: 0.0046858 seconds, Stopping threads took: 0.0000192 seconds
2.341: [GC (Allocation Failure)  361770K->46989K(1034752K), 0.0037953 secs]
2.344: Total time for which application threads were stopped: 0.0039687 seconds, Stopping threads took: 0.0000281 seconds
2.412: [GC (Allocation Failure)  368525K->47021K(1034752K), 0.0037057 secs]
2.416: Total time for which application threads were stopped: 0.0038602 seconds, Stopping threads took: 0.0000258 seconds
2.482: [GC (Allocation Failure)  368557K->47053K(1034240K), 0.0045817 secs]
2.486: Total time for which application threads were stopped: 0.0047541 seconds, Stopping threads took: 0.0000201 seconds
2.555: [GC (Allocation Failure)  368589K->55055K(1034752K), 0.0039331 secs]
2.559: Total time for which application threads were stopped: 0.0041091 seconds, Stopping threads took: 0.0000197 seconds
2.629: [GC (Allocation Failure)  376591K->55023K(1034752K), 0.0036952 secs]
2.633: Total time for which application threads were stopped: 0.0038659 seconds, Stopping threads took: 0.0000206 seconds
2.699: [GC (Allocation Failure)  376559K->55183K(1021440K), 0.0044530 secs]
2.704: Total time for which application threads were stopped: 0.0046126 seconds, Stopping threads took: 0.0000198 seconds
2.771: [GC (Allocation Failure)  376719K->63057K(1034240K), 0.0044997 secs]
2.776: Total time for which application threads were stopped: 0.0046947 seconds, Stopping threads took: 0.0000275 seconds
2.842: [GC (Allocation Failure)  383569K->63057K(1034240K), 0.0037386 secs]
2.846: Total time for which application threads were stopped: 0.0039464 seconds, Stopping threads took: 0.0000201 seconds
2.912: [GC (Allocation Failure)  383569K->63377K(1034240K), 0.0052748 secs]
2.918: Total time for which application threads were stopped: 0.0054613 seconds, Stopping threads took: 0.0000254 seconds
2.987: [GC (Allocation Failure)  383889K->71123K(1034240K), 0.0038348 secs]
2.991: Total time for which application threads were stopped: 0.0040012 seconds, Stopping threads took: 0.0000196 seconds
3.059: [GC (Allocation Failure)  391635K->71091K(1034240K), 0.0038056 secs]
3.062: Total time for which application threads were stopped: 0.0039687 seconds, Stopping threads took: 0.0000206 seconds
3.129: [GC (Allocation Failure)  391603K->71635K(1020928K), 0.0047383 secs]
3.134: Total time for which application threads were stopped: 0.0048977 seconds, Stopping threads took: 0.0000198 seconds
3.202: [GC (Allocation Failure)  392147K->79158K(1033728K), 0.0038373 secs]
3.206: Total time for which application threads were stopped: 0.0040062 seconds, Stopping threads took: 0.0000196 seconds
3.272: [GC (Allocation Failure)  398646K->79094K(1033728K), 0.0037548 secs]
3.276: Total time for which application threads were stopped: 0.0039487 seconds, Stopping threads took: 0.0000201 seconds
3.343: [GC (Allocation Failure)  398582K->79358K(1033728K), 0.0046299 secs]
3.347: Total time for which application threads were stopped: 0.0047821 seconds, Stopping threads took: 0.0000169 seconds
3.415: [GC (Allocation Failure)  398846K->87200K(1033728K), 0.0036852 secs]
3.419: Total time for which application threads were stopped: 0.0038501 seconds, Stopping threads took: 0.0000192 seconds
3.487: [GC (Allocation Failure)  406688K->87168K(1033728K), 0.0037576 secs]
3.491: Total time for which application threads were stopped: 0.0039434 seconds, Stopping threads took: 0.0000281 seconds
3.557: [GC (Allocation Failure)  406656K->87336K(1033728K), 0.0046225 secs]
3.562: Total time for which application threads were stopped: 0.0048122 seconds, Stopping threads took: 0.0000203 seconds
3.630: [GC (Allocation Failure)  406824K->95210K(1033728K), 0.0040769 secs]
3.634: Total time for which application threads were stopped: 0.0042379 seconds, Stopping threads took: 0.0000200 seconds
3.704: [GC (Allocation Failure)  414698K->95210K(1033728K), 0.0036843 secs]
3.708: Total time for which application threads were stopped: 0.0038417 seconds, Stopping threads took: 0.0000190 seconds
3.773: [GC (Allocation Failure)  414698K->95298K(1032704K), 0.0053135 secs]
3.779: Total time for which application threads were stopped: 0.0054714 seconds, Stopping threads took: 0.0000265 seconds
3.846: [GC (Allocation Failure)  413762K->103237K(1033216K), 0.0039301 secs]
3.850: Total time for which application threads were stopped: 0.0041295 seconds, Stopping threads took: 0.0000196 seconds
3.920: [GC (Allocation Failure)  421701K->103269K(1033216K), 0.0035144 secs]
3.924: Total time for which application threads were stopped: 0.0036792 seconds, Stopping threads took: 0.0000169 seconds
3.989: [GC (Allocation Failure)  421733K->103277K(1033216K), 0.0048126 secs]
3.994: Total time for which application threads were stopped: 0.0049739 seconds, Stopping threads took: 0.0000203 seconds
4.061: [GC (Allocation Failure)  421741K->111279K(1033216K), 0.0038279 secs]
4.065: Total time for which application threads were stopped: 0.0040332 seconds, Stopping threads took: 0.0000202 seconds
4.130: [GC (Allocation Failure)  429743K->105197K(1033216K), 0.0013782 secs]
4.131: Total time for which application threads were stopped: 0.0014994 seconds, Stopping threads took: 0.0000209 seconds
4.200: [GC (Allocation Failure)  423661K->111543K(1034240K), 0.0040495 secs]
4.204: Total time for which application threads were stopped: 0.0042218 seconds, Stopping threads took: 0.0000204 seconds
4.271: [GC (Allocation Failure)  431543K->115423K(1033728K), 0.0045130 secs]
4.276: Total time for which application threads were stopped: 0.0046912 seconds, Stopping threads took: 0.0000208 seconds
4.342: [GC (Allocation Failure)  435423K->120829K(1029632K), 0.0061108 secs]
4.348: Total time for which application threads were stopped: 0.0062756 seconds, Stopping threads took: 0.0000270 seconds
4.415: [GC (Allocation Failure)  436221K->115615K(1031680K), 0.0037469 secs]
4.419: Total time for which application threads were stopped: 0.0039363 seconds, Stopping threads took: 0.0000278 seconds
4.485: [GC (Allocation Failure)  431007K->115423K(1032704K), 0.0038694 secs]
4.489: Total time for which application threads were stopped: 0.0040409 seconds, Stopping threads took: 0.0000200 seconds
4.553: [GC (Allocation Failure)  432351K->117287K(1032192K), 0.0047878 secs]
4.558: Total time for which application threads were stopped: 0.0049600 seconds, Stopping threads took: 0.0000206 seconds
4.625: [GC (Allocation Failure)  434215K->123593K(1032704K), 0.0052551 secs]
4.630: Total time for which application threads were stopped: 0.0054122 seconds, Stopping threads took: 0.0000200 seconds
4.698: [GC (Allocation Failure)  441033K->123465K(1032704K), 0.0039025 secs]
4.702: Total time for which application threads were stopped: 0.0040727 seconds, Stopping threads took: 0.0000194 seconds
4.769: [GC (Allocation Failure)  440905K->125985K(1033216K), 0.0104997 secs]
4.779: Total time for which application threads were stopped: 0.0106559 seconds, Stopping threads took: 0.0000260 seconds
4.846: [GC (Allocation Failure)  444449K->131555K(1033216K), 0.0038582 secs]
4.850: Total time for which application threads were stopped: 0.0040260 seconds, Stopping threads took: 0.0000194 seconds
4.916: [GC (Allocation Failure)  450019K->131491K(1033728K), 0.0038460 secs]
4.920: Total time for which application threads were stopped: 0.0039990 seconds, Stopping threads took: 0.0000252 seconds
4.986: [GC (Allocation Failure)  450979K->135275K(1033728K), 0.0053576 secs]
4.992: Total time for which application threads were stopped: 0.0055302 seconds, Stopping threads took: 0.0000200 seconds
5.061: [GC (Allocation Failure)  454763K->139534K(1034240K), 0.0040402 secs]
5.065: Total time for which application threads were stopped: 0.0042277 seconds, Stopping threads took: 0.0000206 seconds
5.132: [GC (Allocation Failure)  460046K->139534K(1034240K), 0.0039592 secs]
5.136: Total time for which application threads were stopped: 0.0041188 seconds, Stopping threads took: 0.0000201 seconds
5.203: [GC (Allocation Failure)  460046K->140454K(1034240K), 0.0048803 secs]
5.208: Total time for which application threads were stopped: 0.0050489 seconds, Stopping threads took: 0.0000196 seconds
5.278: [GC (Allocation Failure)  460966K->147624K(1034240K), 0.0040066 secs]
5.282: Total time for which application threads were stopped: 0.0041919 seconds, Stopping threads took: 0.0000203 seconds
5.350: [GC (Allocation Failure)  468136K->147560K(1034240K), 0.0038039 secs]
5.354: Total time for which application threads were stopped: 0.0039515 seconds, Stopping threads took: 0.0000168 seconds
5.424: [GC (Allocation Failure)  468072K->150728K(1034240K), 0.0047447 secs]
5.428: Total time for which application threads were stopped: 0.0049194 seconds, Stopping threads took: 0.0000274 seconds
5.498: [GC (Allocation Failure)  471240K->155594K(1034752K), 0.0038942 secs]
5.502: Total time for which application threads were stopped: 0.0040642 seconds, Stopping threads took: 0.0000209 seconds
5.568: [GC (Allocation Failure)  477130K->155594K(1034752K), 0.0040276 secs]
5.572: Total time for which application threads were stopped: 0.0041827 seconds, Stopping threads took: 0.0000189 seconds
5.637: [GC (Allocation Failure)  477130K->158954K(1034752K), 0.0050135 secs]
5.642: Total time for which application threads were stopped: 0.0051820 seconds, Stopping threads took: 0.0000197 seconds
5.707: [GC (Allocation Failure)  480490K->163692K(1034752K), 0.0040559 secs]
5.712: Total time for which application threads were stopped: 0.0042564 seconds, Stopping threads took: 0.0000215 seconds
5.780: [GC (Allocation Failure)  485228K->163660K(1034752K), 0.0041774 secs]
5.784: Total time for which application threads were stopped: 0.0043585 seconds, Stopping threads took: 0.0000166 seconds
5.851: [GC (Allocation Failure)  485196K->164108K(1034752K), 0.0046947 secs]
5.856: Total time for which application threads were stopped: 0.0048559 seconds, Stopping threads took: 0.0000194 seconds
5.924: [GC (Allocation Failure)  485644K->171695K(1034752K), 0.0039390 secs]
5.928: Total time for which application threads were stopped: 0.0041111 seconds, Stopping threads took: 0.0000255 seconds
5.995: [GC (Allocation Failure)  493231K->171695K(1034752K), 0.0041140 secs]
5.999: Total time for which application threads were stopped: 0.0043230 seconds, Stopping threads took: 0.0000187 seconds
6.065: [GC (Allocation Failure)  493231K->173359K(1034752K), 0.0049660 secs]
6.070: Total time for which application threads were stopped: 0.0051407 seconds, Stopping threads took: 0.0000192 seconds
6.139: [GC (Allocation Failure)  494895K->179761K(1034752K), 0.0041261 secs]
6.143: Total time for which application threads were stopped: 0.0042811 seconds, Stopping threads took: 0.0000191 seconds
6.210: [GC (Allocation Failure)  501297K->179697K(1034752K), 0.0041614 secs]
6.214: Total time for which application threads were stopped: 0.0043325 seconds, Stopping threads took: 0.0000187 seconds
6.281: [GC (Allocation Failure)  501233K->182633K(1034752K), 0.0047225 secs]
6.285: Total time for which application threads were stopped: 0.0048679 seconds, Stopping threads took: 0.0000168 seconds
6.355: [GC (Allocation Failure)  504169K->187755K(1034752K), 0.0041408 secs]
6.359: Total time for which application threads were stopped: 0.0042991 seconds, Stopping threads took: 0.0000191 seconds
6.428: [GC (Allocation Failure)  509291K->187723K(1034752K), 0.0041497 secs]
6.432: Total time for which application threads were stopped: 0.0043234 seconds, Stopping threads took: 0.0000269 seconds
6.499: [GC (Allocation Failure)  509259K->187755K(1033728K), 0.0049578 secs]
6.504: Total time for which application threads were stopped: 0.0051250 seconds, Stopping threads took: 0.0000194 seconds
6.571: [GC (Allocation Failure)  508267K->195885K(1034240K), 0.0041115 secs]
6.576: Total time for which application threads were stopped: 0.0042688 seconds, Stopping threads took: 0.0000200 seconds
6.644: [GC (Allocation Failure)  516397K->195789K(1034240K), 0.0039748 secs]
6.648: Total time for which application threads were stopped: 0.0041328 seconds, Stopping threads took: 0.0000190 seconds
6.716: [GC (Allocation Failure)  516301K->198085K(1034240K), 0.0049927 secs]
6.721: Total time for which application threads were stopped: 0.0051627 seconds, Stopping threads took: 0.0000203 seconds
6.791: [GC (Allocation Failure)  518597K->203816K(1034240K), 0.0039785 secs]
6.795: Total time for which application threads were stopped: 0.0041498 seconds, Stopping threads took: 0.0000202 seconds
6.863: [GC (Allocation Failure)  524328K->203752K(1034240K), 0.0038127 secs]
6.867: Total time for which application threads were stopped: 0.0039781 seconds, Stopping threads took: 0.0000203 seconds
6.934: [GC (Allocation Failure)  524264K->204232K(1034240K), 0.0047616 secs]
6.939: Total time for which application threads were stopped: 0.0049257 seconds, Stopping threads took: 0.0000196 seconds
7.007: [GC (Allocation Failure)  524744K->211850K(1034240K), 0.0041553 secs]
7.011: Total time for which application threads were stopped: 0.0043318 seconds, Stopping threads took: 0.0000193 seconds
7.079: [GC (Allocation Failure)  532362K->211850K(1034240K), 0.0039623 secs]
7.083: Total time for which application threads were stopped: 0.0041208 seconds, Stopping threads took: 0.0000195 seconds
7.152: [GC (Allocation Failure)  532362K->214538K(1034240K), 0.0049750 secs]
7.157: Total time for which application threads were stopped: 0.0051380 seconds, Stopping threads took: 0.0000187 seconds
7.224: [GC (Allocation Failure)  535050K->219852K(1034240K), 0.0040956 secs]
7.229: Total time for which application threads were stopped: 0.0042548 seconds, Stopping threads took: 0.0000205 seconds
7.296: [GC (Allocation Failure)  540364K->219820K(1034240K), 0.0040410 secs]
7.300: Total time for which application threads were stopped: 0.0042071 seconds, Stopping threads took: 0.0000202 seconds
7.367: [GC (Allocation Failure)  540332K->220748K(1034240K), 0.0049407 secs]
7.372: Total time for which application threads were stopped: 0.0051030 seconds, Stopping threads took: 0.0000189 seconds
7.440: [GC (Allocation Failure)  541260K->227919K(1034240K), 0.0040143 secs]
7.444: Total time for which application threads were stopped: 0.0041904 seconds, Stopping threads took: 0.0000281 seconds
7.513: [GC (Allocation Failure)  548431K->227919K(1034240K), 0.0043242 secs]
7.517: Total time for which application threads were stopped: 0.0044737 seconds, Stopping threads took: 0.0000169 seconds
7.584: [GC (Allocation Failure)  548431K->231023K(1034240K), 0.0050786 secs]
7.589: Total time for which application threads were stopped: 0.0052462 seconds, Stopping threads took: 0.0000194 seconds
7.657: [GC (Allocation Failure)  551535K->236017K(1033728K), 0.0040676 secs]
7.661: Total time for which application threads were stopped: 0.0042277 seconds, Stopping threads took: 0.0000203 seconds
7.730: [GC (Allocation Failure)  556529K->235921K(1034240K), 0.0042454 secs]
7.734: Total time for which application threads were stopped: 0.0044029 seconds, Stopping threads took: 0.0000195 seconds
7.804: [GC (Allocation Failure)  556433K->237193K(1033728K), 0.0050448 secs]
7.809: Total time for which application threads were stopped: 0.0052078 seconds, Stopping threads took: 0.0000190 seconds
7.877: [GC (Allocation Failure)  557705K->243979K(1034240K), 0.0041287 secs]
7.881: Total time for which application threads were stopped: 0.0042889 seconds, Stopping threads took: 0.0000200 seconds
7.951: [GC (Allocation Failure)  564491K->243979K(1034240K), 0.0039491 secs]
7.955: Total time for which application threads were stopped: 0.0041073 seconds, Stopping threads took: 0.0000254 seconds
8.022: [GC (Allocation Failure)  564491K->244395K(1034240K), 0.0049712 secs]
8.027: Total time for which application threads were stopped: 0.0051822 seconds, Stopping threads took: 0.0000253 seconds
8.095: [GC (Allocation Failure)  564907K->251949K(1034240K), 0.0040893 secs]
8.099: Total time for which application threads were stopped: 0.0042579 seconds, Stopping threads took: 0.0000199 seconds
8.167: [GC (Allocation Failure)  572461K->251981K(1034240K), 0.0042301 secs]
8.171: Total time for which application threads were stopped: 0.0043894 seconds, Stopping threads took: 0.0000198 seconds
8.238: [GC (Allocation Failure)  572493K->253645K(1034240K), 0.0050697 secs]
8.243: Total time for which application threads were stopped: 0.0052480 seconds, Stopping threads took: 0.0000204 seconds
8.311: [GC (Allocation Failure)  574157K->260016K(1034240K), 0.0049782 secs]
8.316: Total time for which application threads were stopped: 0.0051506 seconds, Stopping threads took: 0.0000202 seconds
8.384: [GC (Allocation Failure)  580528K->259984K(1034240K), 0.0065922 secs]
8.390: Total time for which application threads were stopped: 0.0067671 seconds, Stopping threads took: 0.0000212 seconds
8.458: [GC (Allocation Failure)  580496K->260072K(1034240K), 0.0049509 secs]
8.464: Total time for which application threads were stopped: 0.0051228 seconds, Stopping threads took: 0.0000271 seconds
8.531: [GC (Allocation Failure)  580584K->268042K(1033216K), 0.0042260 secs]
8.535: Total time for which application threads were stopped: 0.0043939 seconds, Stopping threads took: 0.0000193 seconds
8.604: [GC (Allocation Failure)  587530K->268074K(1033728K), 0.0042483 secs]
8.608: Total time for which application threads were stopped: 0.0044246 seconds, Stopping threads took: 0.0000199 seconds
8.675: [GC (Allocation Failure)  587562K->268074K(1033728K), 0.0050573 secs]
8.680: Total time for which application threads were stopped: 0.0052250 seconds, Stopping threads took: 0.0000205 seconds
8.747: [GC (Allocation Failure)  587562K->276108K(1033728K), 0.0042000 secs]
8.751: Total time for which application threads were stopped: 0.0043765 seconds, Stopping threads took: 0.0000250 seconds
8.820: [GC (Allocation Failure)  595596K->276076K(1033728K), 0.0041672 secs]
8.824: Total time for which application threads were stopped: 0.0043279 seconds, Stopping threads took: 0.0000191 seconds
8.890: [GC (Allocation Failure)  595564K->276332K(1033728K), 0.0048764 secs]
8.895: Total time for which application threads were stopped: 0.0050475 seconds, Stopping threads took: 0.0000192 seconds
8.964: [GC (Allocation Failure)  595820K->284142K(1033728K), 0.0042320 secs]
8.969: Total time for which application threads were stopped: 0.0043900 seconds, Stopping threads took: 0.0000251 seconds
9.035: [GC (Allocation Failure)  603630K->284110K(1033728K), 0.0041248 secs]
9.040: Total time for which application threads were stopped: 0.0042836 seconds, Stopping threads took: 0.0000201 seconds
9.107: [GC (Allocation Failure)  603598K->284558K(1033728K), 0.0050591 secs]
9.112: Total time for which application threads were stopped: 0.0052179 seconds, Stopping threads took: 0.0000199 seconds
9.181: [GC (Allocation Failure)  604046K->292177K(1027072K), 0.0042488 secs]
9.185: Total time for which application threads were stopped: 0.0044169 seconds, Stopping threads took: 0.0000190 seconds
9.252: [GC (Allocation Failure)  611665K->292145K(1033216K), 0.0041599 secs]
9.256: Total time for which application threads were stopped: 0.0043152 seconds, Stopping threads took: 0.0000198 seconds
9.324: [GC (Allocation Failure)  610609K->292777K(1033216K), 0.0049918 secs]
9.329: Total time for which application threads were stopped: 0.0051469 seconds, Stopping threads took: 0.0000191 seconds
9.396: [GC (Allocation Failure)  611241K->300235K(1032704K), 0.0042756 secs]
9.400: Total time for which application threads were stopped: 0.0044331 seconds, Stopping threads took: 0.0000198 seconds
9.469: [GC (Allocation Failure)  618699K->300203K(1033216K), 0.0043436 secs]
9.473: Total time for which application threads were stopped: 0.0045015 seconds, Stopping threads took: 0.0000197 seconds
9.538: [GC (Allocation Failure)  618667K->301035K(1033216K), 0.0050597 secs]
9.543: Total time for which application threads were stopped: 0.0052291 seconds, Stopping threads took: 0.0000197 seconds
9.608: [GC (Allocation Failure)  619499K->308237K(1033216K), 0.0042547 secs]
9.613: Total time for which application threads were stopped: 0.0044174 seconds, Stopping threads took: 0.0000198 seconds
9.680: [GC (Allocation Failure)  626701K->308237K(1033216K), 0.0041723 secs]
9.684: Total time for which application threads were stopped: 0.0043338 seconds, Stopping threads took: 0.0000203 seconds
9.749: [GC (Allocation Failure)  626701K->309261K(1033216K), 0.0098706 secs]
9.759: Total time for which application threads were stopped: 0.0100425 seconds, Stopping threads took: 0.0000195 seconds
9.827: [GC (Allocation Failure)  627725K->316271K(1032704K), 0.0044526 secs]
9.831: Total time for which application threads were stopped: 0.0046121 seconds, Stopping threads took: 0.0000193 seconds
9.897: [GC (Allocation Failure)  634735K->316239K(1033216K), 0.0042499 secs]
9.902: Total time for which application threads were stopped: 0.0043894 seconds, Stopping threads took: 0.0000163 seconds
9.968: [GC (Allocation Failure)  634703K->316495K(1032704K), 0.0050876 secs]
9.974: Total time for which application threads were stopped: 0.0052676 seconds, Stopping threads took: 0.0000214 seconds
10.041: [GC (Allocation Failure)  634959K->324274K(1033216K), 0.0042103 secs]
10.045: Total time for which application threads were stopped: 0.0044079 seconds, Stopping threads took: 0.0000211 seconds
10.113: [GC (Allocation Failure)  642738K->324274K(1033216K), 0.0044953 secs]
10.118: Total time for which application threads were stopped: 0.0046554 seconds, Stopping threads took: 0.0000165 seconds
10.184: [GC (Allocation Failure)  642738K->324714K(1033216K), 0.0051303 secs]
10.189: Total time for which application threads were stopped: 0.0052883 seconds, Stopping threads took: 0.0000192 seconds
10.256: [GC (Allocation Failure)  643178K->332332K(1033216K), 0.0042817 secs]
10.260: Total time for which application threads were stopped: 0.0044476 seconds, Stopping threads took: 0.0000199 seconds
10.326: [GC (Allocation Failure)  650796K->332300K(1033216K), 0.0042449 secs]
10.330: Total time for which application threads were stopped: 0.0044256 seconds, Stopping threads took: 0.0000334 seconds
10.394: [GC (Allocation Failure)  650764K->332932K(1033216K), 0.0052086 secs]
10.399: Total time for which application threads were stopped: 0.0053782 seconds, Stopping threads took: 0.0000194 seconds
10.467: [GC (Allocation Failure)  651396K->340358K(1033216K), 0.0043333 secs]
10.471: Total time for which application threads were stopped: 0.0045261 seconds, Stopping threads took: 0.0000192 seconds
10.540: [GC (Allocation Failure)  658822K->340326K(1033216K), 0.0043898 secs]
10.544: Total time for which application threads were stopped: 0.0045583 seconds, Stopping threads took: 0.0000193 seconds
10.609: [GC (Allocation Failure)  658790K->340390K(1033216K), 0.0051727 secs]
10.614: Total time for which application threads were stopped: 0.0053354 seconds, Stopping threads took: 0.0000207 seconds
10.681: [GC (Allocation Failure)  658854K->348393K(1033216K), 0.0043850 secs]
10.685: Total time for which application threads were stopped: 0.0045551 seconds, Stopping threads took: 0.0000205 seconds
10.750: [GC (Allocation Failure)  666857K->348361K(1033216K), 0.0098220 secs]
10.760: Total time for which application threads were stopped: 0.0100188 seconds, Stopping threads took: 0.0000200 seconds
10.828: [GC (Allocation Failure)  666825K->348425K(1033216K), 0.0049932 secs]
10.833: Total time for which application threads were stopped: 0.0051852 seconds, Stopping threads took: 0.0000176 seconds
10.900: [GC (Allocation Failure)  666889K->356395K(1033216K), 0.0043955 secs]
10.904: Total time for which application threads were stopped: 0.0045647 seconds, Stopping threads took: 0.0000274 seconds
10.971: [GC (Allocation Failure)  674859K->356395K(1033216K), 0.0043344 secs]
10.975: Total time for which application threads were stopped: 0.0045036 seconds, Stopping threads took: 0.0000260 seconds
11.041: [GC (Allocation Failure)  674859K->356619K(1033216K), 0.0052356 secs]
11.046: Total time for which application threads were stopped: 0.0054275 seconds, Stopping threads took: 0.0000194 seconds
11.115: [GC (Allocation Failure)  675083K->364429K(1033216K), 0.0043666 secs]
11.119: Total time for which application threads were stopped: 0.0045505 seconds, Stopping threads took: 0.0000167 seconds
11.187: [GC (Allocation Failure)  682893K->364461K(1033216K), 0.0045130 secs]
11.191: Total time for which application threads were stopped: 0.0046730 seconds, Stopping threads took: 0.0000195 seconds
11.256: [GC (Allocation Failure)  682925K->364877K(1033216K), 0.0051657 secs]
11.261: Total time for which application threads were stopped: 0.0053585 seconds, Stopping threads took: 0.0000202 seconds
11.329: [GC (Allocation Failure)  683341K->372431K(1033216K), 0.0042880 secs]
11.334: Total time for which application threads were stopped: 0.0044757 seconds, Stopping threads took: 0.0000165 seconds
11.402: [GC (Allocation Failure)  690895K->372463K(1033216K), 0.0043938 secs]
11.407: Total time for which application threads were stopped: 0.0045501 seconds, Stopping threads took: 0.0000194 seconds
11.471: [GC (Allocation Failure)  690927K->372527K(1033216K), 0.0050185 secs]
11.477: Total time for which application threads were stopped: 0.0051769 seconds, Stopping threads took: 0.0000195 seconds
11.543: [GC (Allocation Failure)  690991K->380530K(1033216K), 0.0051974 secs]
11.548: Total time for which application threads were stopped: 0.0053563 seconds, Stopping threads took: 0.0000201 seconds
11.613: [GC (Allocation Failure)  698994K->374703K(1033216K), 0.0021829 secs]
11.615: Total time for which application threads were stopped: 0.0023513 seconds, Stopping threads took: 0.0000193 seconds
11.682: [GC (Allocation Failure)  693167K->380810K(1034240K), 0.0044970 secs]
11.686: Total time for which application threads were stopped: 0.0046897 seconds, Stopping threads took: 0.0000200 seconds
11.755: [GC (Allocation Failure)  700810K->384666K(1033728K), 0.0063396 secs]
11.761: Total time for which application threads were stopped: 0.0065043 seconds, Stopping threads took: 0.0000254 seconds
11.827: [GC (Allocation Failure)  704666K->390327K(1029632K), 0.0066778 secs]
11.833: Total time for which application threads were stopped: 0.0068488 seconds, Stopping threads took: 0.0000200 seconds
11.899: [GC (Allocation Failure)  705719K->384826K(1031680K), 0.0044222 secs]
11.904: Total time for which application threads were stopped: 0.0046383 seconds, Stopping threads took: 0.0000194 seconds
11.973: [GC (Allocation Failure)  700218K->384634K(1032704K), 0.0043003 secs]
11.977: Total time for which application threads were stopped: 0.0044586 seconds, Stopping threads took: 0.0000259 seconds
12.042: [GC (Allocation Failure)  701562K->386818K(1032192K), 0.0053392 secs]
12.047: Total time for which application threads were stopped: 0.0055085 seconds, Stopping threads took: 0.0000193 seconds
12.114: [GC (Allocation Failure)  703746K->392676K(1032704K), 0.0043822 secs]
12.119: Total time for which application threads were stopped: 0.0045781 seconds, Stopping threads took: 0.0000204 seconds
12.188: [GC (Allocation Failure)  710116K->392676K(1032704K), 0.0043559 secs]
12.192: Total time for which application threads were stopped: 0.0045415 seconds, Stopping threads took: 0.0000243 seconds
12.260: [GC (Allocation Failure)  710116K->395532K(1033216K), 0.0054172 secs]
12.265: Total time for which application threads were stopped: 0.0055766 seconds, Stopping threads took: 0.0000203 seconds
12.332: [GC (Allocation Failure)  713996K->400814K(1033216K), 0.0045303 secs]
12.337: Total time for which application threads were stopped: 0.0047113 seconds, Stopping threads took: 0.0000194 seconds
12.404: [GC (Allocation Failure)  719278K->400750K(1033728K), 0.0046117 secs]
12.409: Total time for which application threads were stopped: 0.0047702 seconds, Stopping threads took: 0.0000194 seconds
12.476: [GC (Allocation Failure)  720238K->404782K(1033728K), 0.0056593 secs]
12.482: Total time for which application threads were stopped: 0.0058472 seconds, Stopping threads took: 0.0000275 seconds
12.549: [GC (Allocation Failure)  724270K->408784K(1034240K), 0.0043800 secs]
12.554: Total time for which application threads were stopped: 0.0045570 seconds, Stopping threads took: 0.0000277 seconds
12.620: [GC (Allocation Failure)  729296K->408752K(1034240K), 0.0043633 secs]
12.625: Total time for which application threads were stopped: 0.0045510 seconds, Stopping threads took: 0.0000218 seconds
12.691: [GC (Allocation Failure)  729264K->409960K(1034240K), 0.0050924 secs]
12.697: Total time for which application threads were stopped: 0.0052508 seconds, Stopping threads took: 0.0000199 seconds
12.764: [GC (Allocation Failure)  730472K->416779K(1034240K), 0.0049976 secs]
12.770: Total time for which application threads were stopped: 0.0051530 seconds, Stopping threads took: 0.0000277 seconds
12.837: [GC (Allocation Failure)  737291K->416811K(1034240K), 0.0045383 secs]
12.842: Total time for which application threads were stopped: 0.0046961 seconds, Stopping threads took: 0.0000190 seconds
12.909: [GC (Allocation Failure)  737323K->420171K(1034240K), 0.0054738 secs]
12.914: Total time for which application threads were stopped: 0.0056356 seconds, Stopping threads took: 0.0000200 seconds
12.984: [GC (Allocation Failure)  740683K->424941K(1034752K), 0.0042457 secs]
12.988: Total time for which application threads were stopped: 0.0044416 seconds, Stopping threads took: 0.0000204 seconds
13.057: [GC (Allocation Failure)  746477K->424845K(1034752K), 0.0044471 secs]
13.062: Total time for which application threads were stopped: 0.0046271 seconds, Stopping threads took: 0.0000210 seconds
13.129: [GC (Allocation Failure)  746381K->428429K(1034752K), 0.0057360 secs]
13.135: Total time for which application threads were stopped: 0.0059069 seconds, Stopping threads took: 0.0000198 seconds
13.202: [GC (Allocation Failure)  749965K->432943K(1034752K), 0.0047036 secs]
13.207: Total time for which application threads were stopped: 0.0048994 seconds, Stopping threads took: 0.0000203 seconds
13.276: [GC (Allocation Failure)  754479K->432847K(1035264K), 0.0043595 secs]
13.280: Total time for which application threads were stopped: 0.0045212 seconds, Stopping threads took: 0.0000170 seconds
13.348: [GC (Allocation Failure)  754895K->434063K(1034752K), 0.0051506 secs]
13.354: Total time for which application threads were stopped: 0.0053230 seconds, Stopping threads took: 0.0000169 seconds
13.421: [GC (Allocation Failure)  756111K->440881K(1034752K), 0.0043044 secs]
13.426: Total time for which application threads were stopped: 0.0044750 seconds, Stopping threads took: 0.0000252 seconds
13.494: [GC (Allocation Failure)  762417K->440881K(1034752K), 0.0044967 secs]
13.499: Total time for which application threads were stopped: 0.0046642 seconds, Stopping threads took: 0.0000192 seconds
13.565: [GC (Allocation Failure)  762417K->443849K(1034752K), 0.0054378 secs]
13.571: Total time for which application threads were stopped: 0.0056356 seconds, Stopping threads took: 0.0000202 seconds
13.641: [GC (Allocation Failure)  765385K->448908K(1034752K), 0.0044186 secs]
13.645: Total time for which application threads were stopped: 0.0046081 seconds, Stopping threads took: 0.0000193 seconds
13.715: [GC (Allocation Failure)  770444K->448908K(1035264K), 0.0044721 secs]
13.720: Total time for which application threads were stopped: 0.0046423 seconds, Stopping threads took: 0.0000169 seconds
13.787: [GC (Allocation Failure)  770956K->449516K(1034752K), 0.0052198 secs]
13.792: Total time for which application threads were stopped: 0.0053880 seconds, Stopping threads took: 0.0000190 seconds
13.862: [GC (Allocation Failure)  771564K->457102K(1034752K), 0.0044042 secs]
13.867: Total time for which application threads were stopped: 0.0045705 seconds, Stopping threads took: 0.0000192 seconds
13.935: [GC (Allocation Failure)  778638K->456974K(1034752K), 0.0044708 secs]
13.940: Total time for which application threads were stopped: 0.0046334 seconds, Stopping threads took: 0.0000244 seconds
14.007: [GC (Allocation Failure)  778510K->459278K(1034752K), 0.0055074 secs]
14.012: Total time for which application threads were stopped: 0.0056866 seconds, Stopping threads took: 0.0000205 seconds
14.078: [GC (Allocation Failure)  780814K->465072K(1034752K), 0.0043859 secs]
14.083: Total time for which application threads were stopped: 0.0045563 seconds, Stopping threads took: 0.0000201 seconds
14.149: [GC (Allocation Failure)  786608K->464976K(1034752K), 0.0043835 secs]
14.154: Total time for which application threads were stopped: 0.0045648 seconds, Stopping threads took: 0.0000196 seconds
14.218: [GC (Allocation Failure)  786512K->468520K(1034752K), 0.0056674 secs]
14.224: Total time for which application threads were stopped: 0.0058604 seconds, Stopping threads took: 0.0000197 seconds
14.294: [GC (Allocation Failure)  790056K->473035K(1034752K), 0.0045464 secs]
14.298: Total time for which application threads were stopped: 0.0046987 seconds, Stopping threads took: 0.0000174 seconds
14.365: [GC (Allocation Failure)  794571K->473003K(1034752K), 0.0072524 secs]
14.372: Total time for which application threads were stopped: 0.0074237 seconds, Stopping threads took: 0.0000194 seconds
14.439: [GC (Allocation Failure)  794539K->473707K(1034752K), 0.0054236 secs]
14.444: Total time for which application threads were stopped: 0.0055807 seconds, Stopping threads took: 0.0000191 seconds
14.512: [GC (Allocation Failure)  795243K->481037K(1034752K), 0.0044204 secs]
14.517: Total time for which application threads were stopped: 0.0046141 seconds, Stopping threads took: 0.0000195 seconds
14.585: [GC (Allocation Failure)  802573K->481037K(1034752K), 0.0048676 secs]
14.590: Total time for which application threads were stopped: 0.0050234 seconds, Stopping threads took: 0.0000173 seconds
14.656: [GC (Allocation Failure)  802573K->482949K(1034752K), 0.0055291 secs]
14.661: Total time for which application threads were stopped: 0.0057011 seconds, Stopping threads took: 0.0000197 seconds
14.732: [GC (Allocation Failure)  804485K->489095K(1034752K), 0.0044114 secs]
14.736: Total time for which application threads were stopped: 0.0045722 seconds, Stopping threads took: 0.0000255 seconds
14.804: [GC (Allocation Failure)  810631K->489063K(1034752K), 0.0046472 secs]
14.808: Total time for which application threads were stopped: 0.0047963 seconds, Stopping threads took: 0.0000168 seconds
14.875: [GC (Allocation Failure)  810599K->492199K(1034752K), 0.0056294 secs]
14.880: Total time for which application threads were stopped: 0.0057993 seconds, Stopping threads took: 0.0000201 seconds
14.947: [GC (Allocation Failure)  813735K->497225K(1034752K), 0.0046057 secs]
14.951: Total time for which application threads were stopped: 0.0047786 seconds, Stopping threads took: 0.0000265 seconds
15.017: [GC (Allocation Failure)  818761K->497097K(1034752K), 0.0047778 secs]
15.022: Total time for which application threads were stopped: 0.0049363 seconds, Stopping threads took: 0.0000193 seconds
15.087: [GC (Allocation Failure)  818633K->497353K(1034752K), 0.0054863 secs]
15.092: Total time for which application threads were stopped: 0.0056586 seconds, Stopping threads took: 0.0000190 seconds
15.159: [GC (Allocation Failure)  818889K->505164K(1033728K), 0.0046676 secs]
15.164: Total time for which application threads were stopped: 0.0048180 seconds, Stopping threads took: 0.0000171 seconds
15.231: [GC (Allocation Failure)  825676K->505164K(1034240K), 0.0046719 secs]
15.236: Total time for which application threads were stopped: 0.0048335 seconds, Stopping threads took: 0.0000199 seconds
15.302: [GC (Allocation Failure)  825676K->508684K(1034752K), 0.0058109 secs]
15.308: Total time for which application threads were stopped: 0.0059814 seconds, Stopping threads took: 0.0000196 seconds
15.375: [GC (Allocation Failure)  829708K->513166K(1034240K), 0.0066568 secs]
15.382: Total time for which application threads were stopped: 0.0068196 seconds, Stopping threads took: 0.0000200 seconds
15.450: [GC (Allocation Failure)  834190K->513166K(1034752K), 0.0044913 secs]
15.454: Total time for which application threads were stopped: 0.0046520 seconds, Stopping threads took: 0.0000165 seconds
15.524: [GC (Allocation Failure)  834702K->516910K(1034752K), 0.0058694 secs]
15.530: Total time for which application threads were stopped: 0.0060780 seconds, Stopping threads took: 0.0000226 seconds
15.598: [GC (Allocation Failure)  838446K->521232K(1035264K), 0.0047303 secs]
15.603: Total time for which application threads were stopped: 0.0049104 seconds, Stopping threads took: 0.0000164 seconds
15.672: [GC (Allocation Failure)  843792K->521232K(1035264K), 0.0047412 secs]
15.677: Total time for which application threads were stopped: 0.0048953 seconds, Stopping threads took: 0.0000189 seconds
15.743: [GC (Allocation Failure)  843792K->524136K(1035264K), 0.0056115 secs]
15.749: Total time for which application threads were stopped: 0.0057794 seconds, Stopping threads took: 0.0000189 seconds
15.817: [GC (Allocation Failure)  846696K->529258K(1035264K), 0.0044706 secs]
15.821: Total time for which application threads were stopped: 0.0046271 seconds, Stopping threads took: 0.0000196 seconds
15.889: [GC (Allocation Failure)  851818K->529194K(1035264K), 0.0048967 secs]
15.894: Total time for which application threads were stopped: 0.0050886 seconds, Stopping threads took: 0.0000188 seconds
15.962: [GC (Allocation Failure)  851754K->532362K(1035264K), 0.0056003 secs]
15.968: Total time for which application threads were stopped: 0.0057593 seconds, Stopping threads took: 0.0000173 seconds
16.036: [GC (Allocation Failure)  854922K->537357K(1035264K), 0.0044792 secs]
16.041: Total time for which application threads were stopped: 0.0046736 seconds, Stopping threads took: 0.0000201 seconds
16.110: [GC (Allocation Failure)  859917K->537261K(1035264K), 0.0049201 secs]
16.115: Total time for which application threads were stopped: 0.0051016 seconds, Stopping threads took: 0.0000167 seconds
16.184: [GC (Allocation Failure)  859821K->540589K(1035264K), 0.0057374 secs]
16.190: Total time for which application threads were stopped: 0.0059005 seconds, Stopping threads took: 0.0000194 seconds
16.258: [GC (Allocation Failure)  863149K->545359K(1035264K), 0.0047175 secs]
16.263: Total time for which application threads were stopped: 0.0049103 seconds, Stopping threads took: 0.0000197 seconds
16.332: [GC (Allocation Failure)  867919K->545327K(1035264K), 0.0047802 secs]
16.337: Total time for which application threads were stopped: 0.0049344 seconds, Stopping threads took: 0.0000283 seconds
16.405: [GC (Allocation Failure)  867887K->540781K(1035264K), 0.0029738 secs]
16.409: Total time for which application threads were stopped: 0.0031546 seconds, Stopping threads took: 0.0000159 seconds
16.479: [GC (Allocation Failure)  863341K->545519K(1035264K), 0.0046453 secs]
16.484: Total time for which application threads were stopped: 0.0048012 seconds, Stopping threads took: 0.0000256 seconds
16.552: [GC (Allocation Failure)  868079K->545295K(1035264K), 0.0046461 secs]
16.557: Total time for which application threads were stopped: 0.0048140 seconds, Stopping threads took: 0.0000201 seconds
16.625: [GC (Allocation Failure)  867855K->545101K(1035776K), 0.0045701 secs]
16.630: Total time for which application threads were stopped: 0.0047502 seconds, Stopping threads took: 0.0000197 seconds
16.699: [GC (Allocation Failure)  868173K->545487K(1035264K), 0.0048444 secs]
16.704: Total time for which application threads were stopped: 0.0050396 seconds, Stopping threads took: 0.0000280 seconds
16.774: [GC (Allocation Failure)  868559K->545263K(1035776K), 0.0055329 secs]
16.780: Total time for which application threads were stopped: 0.0056925 seconds, Stopping threads took: 0.0000199 seconds
16.848: [GC (Allocation Failure)  868847K->551397K(1035776K), 0.0075767 secs]
16.856: Total time for which application threads were stopped: 0.0077423 seconds, Stopping threads took: 0.0000190 seconds
16.924: [GC (Allocation Failure)  874981K->546823K(1032704K), 0.0044293 secs]
16.928: Total time for which application threads were stopped: 0.0045902 seconds, Stopping threads took: 0.0000287 seconds
16.996: [GC (Allocation Failure)  867335K->546663K(1034240K), 0.0044261 secs]
17.001: Total time for which application threads were stopped: 0.0045825 seconds, Stopping threads took: 0.0000175 seconds
17.068: [GC (Allocation Failure)  867175K->553997K(1030656K), 0.0080607 secs]
17.076: Total time for which application threads were stopped: 0.0082286 seconds, Stopping threads took: 0.0000192 seconds
17.143: [GC (Allocation Failure)  871437K->548303K(1032704K), 0.0045898 secs]
17.148: Total time for which application threads were stopped: 0.0047842 seconds, Stopping threads took: 0.0000198 seconds
17.217: [GC (Allocation Failure)  865743K->548271K(1033728K), 0.0047295 secs]
17.222: Total time for which application threads were stopped: 0.0048900 seconds, Stopping threads took: 0.0000196 seconds
17.289: [GC (Allocation Failure)  867247K->546061K(1033216K), 0.0039422 secs]
17.293: Total time for which application threads were stopped: 0.0041128 seconds, Stopping threads took: 0.0000202 seconds
17.360: [GC (Allocation Failure)  865037K->548271K(1034752K), 0.0061078 secs]
17.366: Total time for which application threads were stopped: 0.0062721 seconds, Stopping threads took: 0.0000202 seconds
17.436: [GC (Allocation Failure)  868783K->548239K(1033728K), 0.0045621 secs]
17.440: Total time for which application threads were stopped: 0.0047428 seconds, Stopping threads took: 0.0000272 seconds
17.508: [GC (Allocation Failure)  868751K->542669K(1034240K), 0.0024491 secs]
17.510: Total time for which application threads were stopped: 0.0026107 seconds, Stopping threads took: 0.0000279 seconds
17.578: [GC (Allocation Failure)  864205K->548463K(1034752K), 0.0047845 secs]
17.583: Total time for which application threads were stopped: 0.0049835 seconds, Stopping threads took: 0.0000205 seconds
17.652: [GC (Allocation Failure)  869999K->548239K(1035264K), 0.0046176 secs]
17.657: Total time for which application threads were stopped: 0.0047834 seconds, Stopping threads took: 0.0000169 seconds
17.726: [GC (Allocation Failure)  870287K->544429K(1034752K), 0.0032849 secs]
17.729: Total time for which application threads were stopped: 0.0034456 seconds, Stopping threads took: 0.0000197 seconds
17.798: [GC (Allocation Failure)  866477K->548463K(1035776K), 0.0047507 secs]
17.802: Total time for which application threads were stopped: 0.0049428 seconds, Stopping threads took: 0.0000195 seconds
17.870: [GC (Allocation Failure)  871535K->548271K(1035264K), 0.0047859 secs]
17.875: Total time for which application threads were stopped: 0.0049446 seconds, Stopping threads took: 0.0000177 seconds
17.941: [GC (Allocation Failure)  871343K->549229K(1035776K), 0.0050995 secs]
17.946: Total time for which application threads were stopped: 0.0052758 seconds, Stopping threads took: 0.0000259 seconds
18.014: [GC (Allocation Failure)  872813K->548335K(1035776K), 0.0045782 secs]
18.019: Total time for which application threads were stopped: 0.0047713 seconds, Stopping threads took: 0.0000203 seconds
18.089: [GC (Allocation Failure)  871919K->548239K(1036288K), 0.0046469 secs]
18.093: Total time for which application threads were stopped: 0.0048058 seconds, Stopping threads took: 0.0000199 seconds
18.161: [GC (Allocation Failure)  872847K->541229K(1025536K), 0.0020830 secs]
18.163: Total time for which application threads were stopped: 0.0022269 seconds, Stopping threads took: 0.0000191 seconds
18.232: [GC (Allocation Failure)  865837K->548343K(1036288K), 0.0047466 secs]
18.236: Total time for which application threads were stopped: 0.0049006 seconds, Stopping threads took: 0.0000192 seconds
18.306: [GC (Allocation Failure)  872439K->552367K(1035776K), 0.0056649 secs]
18.312: Total time for which application threads were stopped: 0.0058206 seconds, Stopping threads took: 0.0000172 seconds
18.380: [GC (Allocation Failure)  876463K->552367K(1036288K), 0.0062169 secs]
18.386: Total time for which application threads were stopped: 0.0063839 seconds, Stopping threads took: 0.0000196 seconds
18.454: [GC (Allocation Failure)  876975K->552463K(1024512K), 0.0054879 secs]
18.460: Total time for which application threads were stopped: 0.0056712 seconds, Stopping threads took: 0.0000278 seconds
18.526: [GC (Allocation Failure)  877071K->560433K(1035776K), 0.0047638 secs]
18.531: Total time for which application threads were stopped: 0.0049363 seconds, Stopping threads took: 0.0000203 seconds
18.601: [GC (Allocation Failure)  884017K->560465K(1035776K), 0.0046557 secs]
18.606: Total time for which application threads were stopped: 0.0048148 seconds, Stopping threads took: 0.0000207 seconds
18.675: [GC (Allocation Failure)  884049K->560489K(1034752K), 0.0055021 secs]
18.680: Total time for which application threads were stopped: 0.0056712 seconds, Stopping threads took: 0.0000200 seconds
18.750: [GC (Allocation Failure)  883049K->568491K(1035264K), 0.0088793 secs]
18.759: Total time for which application threads were stopped: 0.0090247 seconds, Stopping threads took: 0.0000199 seconds
18.827: [GC (Allocation Failure)  891051K->568459K(1035264K), 0.0048769 secs]
18.832: Total time for which application threads were stopped: 0.0050680 seconds, Stopping threads took: 0.0000195 seconds
18.901: [GC (Allocation Failure)  891019K->568683K(1022464K), 0.0056605 secs]
18.906: Total time for which application threads were stopped: 0.0058263 seconds, Stopping threads took: 0.0000187 seconds
18.974: [GC (Allocation Failure)  891243K->576494K(1034752K), 0.0044983 secs]
18.979: Total time for which application threads were stopped: 0.0046628 seconds, Stopping threads took: 0.0000269 seconds
19.046: [GC (Allocation Failure)  898030K->576526K(1034752K), 0.0047045 secs]
19.051: Total time for which application threads were stopped: 0.0048623 seconds, Stopping threads took: 0.0000194 seconds
19.116: [GC (Allocation Failure)  898062K->576910K(1034752K), 0.0054971 secs]
19.122: Total time for which application threads were stopped: 0.0056734 seconds, Stopping threads took: 0.0000272 seconds
19.187: [GC (Allocation Failure)  898446K->584560K(1029120K), 0.0048181 secs]
19.192: Total time for which application threads were stopped: 0.0049852 seconds, Stopping threads took: 0.0000201 seconds
19.258: [GC (Allocation Failure)  906096K->584528K(1034752K), 0.0046773 secs]
19.263: Total time for which application threads were stopped: 0.0048481 seconds, Stopping threads took: 0.0000196 seconds
19.331: [GC (Allocation Failure)  905552K->584616K(1034240K), 0.0054971 secs]
19.337: Total time for which application threads were stopped: 0.0056645 seconds, Stopping threads took: 0.0000168 seconds
19.404: [GC (Allocation Failure)  905640K->592554K(1034240K), 0.0047884 secs]
19.409: Total time for which application threads were stopped: 0.0049667 seconds, Stopping threads took: 0.0000197 seconds
19.477: [GC (Allocation Failure)  913066K->592554K(1034240K), 0.0072648 secs]
19.484: Total time for which application threads were stopped: 0.0074192 seconds, Stopping threads took: 0.0000169 seconds
19.553: [GC (Allocation Failure)  913066K->592618K(1033216K), 0.0057001 secs]
19.558: Total time for which application threads were stopped: 0.0058584 seconds, Stopping threads took: 0.0000194 seconds
19.625: [GC (Allocation Failure)  912106K->600588K(1033728K), 0.0047044 secs]
19.630: Total time for which application threads were stopped: 0.0048919 seconds, Stopping threads took: 0.0000212 seconds
19.698: [GC (Allocation Failure)  920076K->600588K(1033728K), 0.0049676 secs]
19.703: Total time for which application threads were stopped: 0.0051343 seconds, Stopping threads took: 0.0000194 seconds
19.767: [GC (Allocation Failure)  920076K->600620K(1033728K), 0.0063451 secs]
19.774: Total time for which application threads were stopped: 0.0065588 seconds, Stopping threads took: 0.0000273 seconds
19.841: [GC (Allocation Failure)  920108K->608591K(1033728K), 0.0049132 secs]
19.846: Total time for which application threads were stopped: 0.0050836 seconds, Stopping threads took: 0.0000199 seconds
19.912: [GC (Allocation Failure)  928079K->608591K(1033728K), 0.0047886 secs]
19.917: Total time for which application threads were stopped: 0.0049477 seconds, Stopping threads took: 0.0000190 seconds
19.982: [GC (Allocation Failure)  928079K->608783K(1033728K), 0.0056489 secs]
19.987: Total time for which application threads were stopped: 0.0058271 seconds, Stopping threads took: 0.0000198 seconds
20.055: [GC (Allocation Failure)  928271K->616657K(1033728K), 0.0054372 secs]
20.060: Total time for which application threads were stopped: 0.0055964 seconds, Stopping threads took: 0.0000197 seconds
20.126: [GC (Allocation Failure)  936145K->616625K(1033728K), 0.0049133 secs]
20.131: Total time for which application threads were stopped: 0.0050593 seconds, Stopping threads took: 0.0000199 seconds
20.196: [GC (Allocation Failure)  936113K->617033K(1033728K), 0.0056847 secs]
20.202: Total time for which application threads were stopped: 0.0058485 seconds, Stopping threads took: 0.0000205 seconds
20.270: [GC (Allocation Failure)  936521K->624715K(1032704K), 0.0046454 secs]
20.274: Total time for which application threads were stopped: 0.0048413 seconds, Stopping threads took: 0.0000202 seconds
20.344: [GC (Allocation Failure)  943179K->624683K(1033216K), 0.0047143 secs]
20.349: Total time for which application threads were stopped: 0.0048713 seconds, Stopping threads took: 0.0000167 seconds
20.415: [GC (Allocation Failure)  943147K->624747K(1033216K), 0.0056567 secs]
20.421: Total time for which application threads were stopped: 0.0058523 seconds, Stopping threads took: 0.0000203 seconds
20.489: [GC (Allocation Failure)  943211K->632750K(1033216K), 0.0049809 secs]
20.494: Total time for which application threads were stopped: 0.0051560 seconds, Stopping threads took: 0.0000274 seconds
20.559: [GC (Allocation Failure)  951214K->625899K(1033728K), 0.0022372 secs]
20.561: Total time for which application threads were stopped: 0.0023798 seconds, Stopping threads took: 0.0000192 seconds
20.627: [GC (Allocation Failure)  944875K->632974K(1033216K), 0.0049445 secs]
20.632: Total time for which application threads were stopped: 0.0051197 seconds, Stopping threads took: 0.0000219 seconds
20.699: [GC (Allocation Failure)  951950K->636854K(1033728K), 0.0058761 secs]
20.705: Total time for which application threads were stopped: 0.0060507 seconds, Stopping threads took: 0.0000287 seconds
20.771: [GC (Allocation Failure)  956342K->640467K(1030656K), 0.0094663 secs]
20.781: Total time for which application threads were stopped: 0.0096314 seconds, Stopping threads took: 0.0000253 seconds
20.848: [GC (Allocation Failure)  959955K->637046K(1032704K), 0.0049729 secs]
20.853: Total time for which application threads were stopped: 0.0051441 seconds, Stopping threads took: 0.0000203 seconds
20.920: [GC (Allocation Failure)  953974K->636886K(1032192K), 0.0048145 secs]
20.925: Total time for which application threads were stopped: 0.0049881 seconds, Stopping threads took: 0.0000200 seconds
20.992: [GC (Allocation Failure)  953814K->630355K(1032704K), 0.0024356 secs]
20.994: Total time for which application threads were stopped: 0.0025866 seconds, Stopping threads took: 0.0000207 seconds
21.061: [GC (Allocation Failure)  947795K->637110K(1032704K), 0.0049373 secs]
21.066: Total time for which application threads were stopped: 0.0051092 seconds, Stopping threads took: 0.0000199 seconds
21.133: [GC (Allocation Failure)  954550K->636854K(1033216K), 0.0051499 secs]
21.138: Total time for which application threads were stopped: 0.0053227 seconds, Stopping threads took: 0.0000204 seconds
21.204: [GC (Allocation Failure)  955318K->640566K(1033216K), 0.0060957 secs]
21.211: Total time for which application threads were stopped: 0.0062869 seconds, Stopping threads took: 0.0000190 seconds
21.279: [GC (Allocation Failure)  959030K->644952K(1033728K), 0.0048242 secs]
21.284: Total time for which application threads were stopped: 0.0050155 seconds, Stopping threads took: 0.0000254 seconds
21.352: [GC (Allocation Failure)  964440K->644856K(1033728K), 0.0062887 secs]
21.359: Total time for which application threads were stopped: 0.0064697 seconds, Stopping threads took: 0.0000270 seconds
21.425: [GC (Allocation Failure)  964344K->646784K(1033728K), 0.0057757 secs]
21.431: Total time for which application threads were stopped: 0.0059466 seconds, Stopping threads took: 0.0000273 seconds
21.499: [GC (Allocation Failure)  966272K->652930K(1033728K), 0.0048976 secs]
21.504: Total time for which application threads were stopped: 0.0050638 seconds, Stopping threads took: 0.0000194 seconds
21.573: [GC (Allocation Failure)  972418K->652962K(1034240K), 0.0047857 secs]
21.578: Total time for which application threads were stopped: 0.0049797 seconds, Stopping threads took: 0.0000205 seconds
21.646: [GC (Allocation Failure)  973474K->655018K(1034240K), 0.0056891 secs]
21.652: Total time for which application threads were stopped: 0.0058478 seconds, Stopping threads took: 0.0000194 seconds
21.717: [GC (Allocation Failure)  975530K->661068K(1034240K), 0.0050024 secs]
21.722: Total time for which application threads were stopped: 0.0051656 seconds, Stopping threads took: 0.0000193 seconds
21.791: [GC (Allocation Failure)  981580K->661004K(1034240K), 0.0048721 secs]
21.795: Total time for which application threads were stopped: 0.0050499 seconds, Stopping threads took: 0.0000198 seconds
21.862: [GC (Allocation Failure)  981516K->661228K(1034240K), 0.0057178 secs]
21.868: Total time for which application threads were stopped: 0.0058845 seconds, Stopping threads took: 0.0000193 seconds
21.935: [GC (Allocation Failure)  981740K->669007K(1034240K), 0.0047755 secs]
21.940: Total time for which application threads were stopped: 0.0049399 seconds, Stopping threads took: 0.0000275 seconds
22.008: [GC (Allocation Failure)  989519K->669007K(1034240K), 0.0049145 secs]
22.013: Total time for which application threads were stopped: 0.0050698 seconds, Stopping threads took: 0.0000196 seconds
22.081: [GC (Allocation Failure)  989519K->671503K(1034240K), 0.0056543 secs]
22.086: Total time for which application threads were stopped: 0.0058047 seconds, Stopping threads took: 0.0000172 seconds
22.154: [GC (Allocation Failure)  992015K->677073K(1034240K), 0.0049996 secs]
22.159: Total time for which application threads were stopped: 0.0051557 seconds, Stopping threads took: 0.0000199 seconds
22.228: [GC (Allocation Failure)  997585K->677073K(1034240K), 0.0046995 secs]
22.233: Total time for which application threads were stopped: 0.0048680 seconds, Stopping threads took: 0.0000190 seconds
22.300: [GC (Allocation Failure)  997585K->677673K(1034240K), 0.0058115 secs]
22.306: Total time for which application threads were stopped: 0.0059777 seconds, Stopping threads took: 0.0000187 seconds
22.375: [GC (Allocation Failure)  998185K->685099K(1034240K), 0.0049737 secs]
22.380: Total time for which application threads were stopped: 0.0051234 seconds, Stopping threads took: 0.0000165 seconds
22.449: [GC (Allocation Failure)  1005611K->685099K(1034240K), 0.0049963 secs]
22.454: Total time for which application threads were stopped: 0.0051792 seconds, Stopping threads took: 0.0000272 seconds
22.521: [GC (Allocation Failure)  1005611K->687947K(1034240K), 0.0059121 secs]
22.527: [Full GC (Ergonomics)  687947K->11356K(1034240K), 0.0211315 secs]
22.548: Total time for which application threads were stopped: 0.0273259 seconds, Stopping threads took: 0.0000191 seconds
22.617: [GC (Allocation Failure)  331868K->20799K(1033216K), 0.0037987 secs]
22.621: Total time for which application threads were stopped: 0.0039629 seconds, Stopping threads took: 0.0000201 seconds
22.687: [GC (Allocation Failure)  340287K->20727K(1033728K), 0.0037161 secs]
22.690: Total time for which application threads were stopped: 0.0038749 seconds, Stopping threads took: 0.0000199 seconds
22.755: [GC (Allocation Failure)  340215K->23767K(1034240K), 0.0052105 secs]
22.760: Total time for which application threads were stopped: 0.0053736 seconds, Stopping threads took: 0.0000253 seconds
22.829: [GC (Allocation Failure)  344279K->28761K(1034240K), 0.0036333 secs]
22.833: Total time for which application threads were stopped: 0.0038089 seconds, Stopping threads took: 0.0000196 seconds
22.902: [GC (Allocation Failure)  349273K->28761K(1034240K), 0.0037921 secs]
22.905: Total time for which application threads were stopped: 0.0039560 seconds, Stopping threads took: 0.0000200 seconds
22.973: [GC (Allocation Failure)  349273K->29985K(1034240K), 0.0038053 secs]
22.977: Total time for which application threads were stopped: 0.0039950 seconds, Stopping threads took: 0.0000260 seconds
23.044: [GC (Allocation Failure)  350497K->36803K(1034240K), 0.0035632 secs]
23.048: Total time for which application threads were stopped: 0.0037386 seconds, Stopping threads took: 0.0000215 seconds
23.115: [GC (Allocation Failure)  357315K->36771K(1034240K), 0.0036317 secs]
23.119: Total time for which application threads were stopped: 0.0038085 seconds, Stopping threads took: 0.0000196 seconds
23.187: [GC (Allocation Failure)  357283K->37187K(1034240K), 0.0038686 secs]
23.191: Total time for which application threads were stopped: 0.0040201 seconds, Stopping threads took: 0.0000178 seconds
23.259: [GC (Allocation Failure)  357699K->44869K(1034240K), 0.0037360 secs]
23.263: Total time for which application threads were stopped: 0.0039024 seconds, Stopping threads took: 0.0000206 seconds
23.331: [GC (Allocation Failure)  365381K->44805K(1034240K), 0.0038954 secs]
23.335: Total time for which application threads were stopped: 0.0040535 seconds, Stopping threads took: 0.0000185 seconds
23.403: [GC (Allocation Failure)  365317K->46469K(1034240K), 0.0064596 secs]
23.410: Total time for which application threads were stopped: 0.0066452 seconds, Stopping threads took: 0.0000195 seconds
23.478: [GC (Allocation Failure)  366981K->52872K(1034240K), 0.0039452 secs]
23.482: Total time for which application threads were stopped: 0.0041032 seconds, Stopping threads took: 0.0000255 seconds
23.550: [GC (Allocation Failure)  373384K->52872K(1034240K), 0.0037281 secs]
23.554: Total time for which application threads were stopped: 0.0039065 seconds, Stopping threads took: 0.0000259 seconds
23.620: [GC (Allocation Failure)  373384K->52904K(1033216K), 0.0037446 secs]
23.624: Total time for which application threads were stopped: 0.0039373 seconds, Stopping threads took: 0.0000192 seconds
23.693: [GC (Allocation Failure)  372392K->60938K(1033728K), 0.0038471 secs]
23.697: Total time for which application threads were stopped: 0.0039988 seconds, Stopping threads took: 0.0000171 seconds
23.764: [GC (Allocation Failure)  380426K->60842K(1033728K), 0.0046322 secs]
23.768: Total time for which application threads were stopped: 0.0048513 seconds, Stopping threads took: 0.0000287 seconds
23.835: [GC (Allocation Failure)  380330K->61898K(1033728K), 0.0037816 secs]
23.839: Total time for which application threads were stopped: 0.0039287 seconds, Stopping threads took: 0.0000169 seconds
23.907: [GC (Allocation Failure)  381386K->68940K(1033728K), 0.0035849 secs]
23.911: Total time for which application threads were stopped: 0.0037526 seconds, Stopping threads took: 0.0000196 seconds
23.980: [GC (Allocation Failure)  388428K->68908K(1033728K), 0.0039028 secs]
23.984: Total time for which application threads were stopped: 0.0040720 seconds, Stopping threads took: 0.0000201 seconds
24.050: [GC (Allocation Failure)  388396K->69132K(1033728K), 0.0038380 secs]
24.054: Total time for which application threads were stopped: 0.0040035 seconds, Stopping threads took: 0.0000202 seconds
24.120: [GC (Allocation Failure)  388620K->77006K(1033728K), 0.0038719 secs]
24.124: Total time for which application threads were stopped: 0.0040492 seconds, Stopping threads took: 0.0000285 seconds
24.193: [GC (Allocation Failure)  396494K->76910K(1033728K), 0.0036758 secs]
24.197: Total time for which application threads were stopped: 0.0038446 seconds, Stopping threads took: 0.0000202 seconds
24.262: [GC (Allocation Failure)  396398K->78374K(1033728K), 0.0040082 secs]
24.267: Total time for which application threads were stopped: 0.0041646 seconds, Stopping threads took: 0.0000198 seconds
24.335: [GC (Allocation Failure)  397862K->85033K(1033728K), 0.0038578 secs]
24.339: Total time for which application threads were stopped: 0.0040136 seconds, Stopping threads took: 0.0000196 seconds
24.407: [GC (Allocation Failure)  404521K->85001K(1033728K), 0.0036534 secs]
24.411: Total time for which application threads were stopped: 0.0038208 seconds, Stopping threads took: 0.0000192 seconds
24.477: [GC (Allocation Failure)  404489K->85577K(1033728K), 0.0037840 secs]
24.481: Total time for which application threads were stopped: 0.0039487 seconds, Stopping threads took: 0.0000191 seconds
24.549: [GC (Allocation Failure)  405065K->93067K(1033728K), 0.0041673 secs]
24.553: Total time for which application threads were stopped: 0.0043351 seconds, Stopping threads took: 0.0000197 seconds
24.620: [GC (Allocation Failure)  412555K->93035K(1033728K), 0.0064637 secs]
24.627: Total time for which application threads were stopped: 0.0066533 seconds, Stopping threads took: 0.0000192 seconds
24.694: [GC (Allocation Failure)  412523K->93067K(1033728K), 0.0038910 secs]
24.698: Total time for which application threads were stopped: 0.0040485 seconds, Stopping threads took: 0.0000172 seconds
24.765: [GC (Allocation Failure)  412555K->101069K(1032704K), 0.0066628 secs]
24.771: Total time for which application threads were stopped: 0.0068653 seconds, Stopping threads took: 0.0000204 seconds
24.839: [GC (Allocation Failure)  419533K->101037K(1033216K), 0.0037054 secs]
24.843: Total time for which application threads were stopped: 0.0038535 seconds, Stopping threads took: 0.0000171 seconds
24.908: [GC (Allocation Failure)  419501K->102053K(1033728K), 0.0041191 secs]
24.912: Total time for which application threads were stopped: 0.0042776 seconds, Stopping threads took: 0.0000191 seconds
24.981: [GC (Allocation Failure)  421541K->109096K(1033728K), 0.0038678 secs]
24.985: Total time for which application threads were stopped: 0.0040440 seconds, Stopping threads took: 0.0000286 seconds
25.053: [GC (Allocation Failure)  428584K->109064K(1033728K), 0.0037175 secs]
25.057: Total time for which application threads were stopped: 0.0038815 seconds, Stopping threads took: 0.0000223 seconds
25.123: [GC (Allocation Failure)  428552K->109256K(1019392K), 0.0040108 secs]
25.127: Total time for which application threads were stopped: 0.0041792 seconds, Stopping threads took: 0.0000198 seconds
25.194: [GC (Allocation Failure)  428744K->117098K(1033216K), 0.0038394 secs]
25.198: Total time for which application threads were stopped: 0.0040298 seconds, Stopping threads took: 0.0000195 seconds
25.267: [GC (Allocation Failure)  435562K->117098K(1033216K), 0.0039966 secs]
25.271: Total time for which application threads were stopped: 0.0041524 seconds, Stopping threads took: 0.0000166 seconds
25.337: [GC (Allocation Failure)  435562K->117514K(1033216K), 0.0040139 secs]
25.341: Total time for which application threads were stopped: 0.0042059 seconds, Stopping threads took: 0.0000192 seconds
25.411: [GC (Allocation Failure)  435978K->125164K(1033216K), 0.0037412 secs]
25.415: Total time for which application threads were stopped: 0.0039013 seconds, Stopping threads took: 0.0000178 seconds
25.481: [GC (Allocation Failure)  443628K->125164K(1033216K), 0.0039473 secs]
25.485: Total time for which application threads were stopped: 0.0041114 seconds, Stopping threads took: 0.0000258 seconds
25.550: [GC (Allocation Failure)  443628K->125700K(1033216K), 0.0041159 secs]
25.554: Total time for which application threads were stopped: 0.0042719 seconds, Stopping threads took: 0.0000197 seconds
25.622: [GC (Allocation Failure)  444164K->133190K(1033216K), 0.0038763 secs]
25.626: Total time for which application threads were stopped: 0.0040371 seconds, Stopping threads took: 0.0000197 seconds
25.692: [GC (Allocation Failure)  451654K->133126K(1033216K), 0.0039252 secs]
25.696: Total time for which application threads were stopped: 0.0041271 seconds, Stopping threads took: 0.0000220 seconds
25.762: [GC (Allocation Failure)  451590K->133958K(1033216K), 0.0047251 secs]
25.766: Total time for which application threads were stopped: 0.0048732 seconds, Stopping threads took: 0.0000265 seconds
25.832: [GC (Allocation Failure)  452422K->141193K(1033216K), 0.0039296 secs]
25.836: Total time for which application threads were stopped: 0.0042371 seconds, Stopping threads took: 0.0000196 seconds
25.903: [GC (Allocation Failure)  459657K->141225K(1033216K), 0.0038470 secs]
25.907: Total time for which application threads were stopped: 0.0040057 seconds, Stopping threads took: 0.0000193 seconds
25.974: [GC (Allocation Failure)  459689K->141257K(1033216K), 0.0038898 secs]
25.978: Total time for which application threads were stopped: 0.0040655 seconds, Stopping threads took: 0.0000277 seconds
26.044: [GC (Allocation Failure)  459721K->149259K(1033216K), 0.0041234 secs]
26.049: Total time for which application threads were stopped: 0.0042917 seconds, Stopping threads took: 0.0000189 seconds
26.117: [GC (Allocation Failure)  467723K->149259K(1033216K), 0.0038997 secs]
26.121: Total time for which application threads were stopped: 0.0040615 seconds, Stopping threads took: 0.0000187 seconds
26.188: [GC (Allocation Failure)  467723K->149379K(1033216K), 0.0039321 secs]
26.192: Total time for which application threads were stopped: 0.0040869 seconds, Stopping threads took: 0.0000193 seconds
26.261: [GC (Allocation Failure)  467843K->157253K(1033216K), 0.0039522 secs]
26.265: Total time for which application threads were stopped: 0.0041427 seconds, Stopping threads took: 0.0000187 seconds
26.332: [GC (Allocation Failure)  475717K->157253K(1033216K), 0.0038412 secs]
26.336: Total time for which application threads were stopped: 0.0039897 seconds, Stopping threads took: 0.0000167 seconds
26.403: [GC (Allocation Failure)  475717K->157605K(1033216K), 0.0042154 secs]
26.407: Total time for which application threads were stopped: 0.0043812 seconds, Stopping threads took: 0.0000195 seconds
26.474: [GC (Allocation Failure)  476069K->165287K(1033216K), 0.0037543 secs]
26.478: Total time for which application threads were stopped: 0.0039135 seconds, Stopping threads took: 0.0000266 seconds
26.543: [GC (Allocation Failure)  483751K->165319K(1033216K), 0.0039661 secs]
26.547: Total time for which application threads were stopped: 0.0041382 seconds, Stopping threads took: 0.0000208 seconds
26.612: [GC (Allocation Failure)  483783K->165351K(1033216K), 0.0040309 secs]
26.616: Total time for which application threads were stopped: 0.0041936 seconds, Stopping threads took: 0.0000203 seconds
26.683: [GC (Allocation Failure)  483815K->173322K(1033216K), 0.0039951 secs]
26.687: Total time for which application threads were stopped: 0.0041673 seconds, Stopping threads took: 0.0000252 seconds
26.755: [GC (Allocation Failure)  491786K->173322K(1033216K), 0.0043700 secs]
26.759: Total time for which application threads were stopped: 0.0045369 seconds, Stopping threads took: 0.0000170 seconds
26.826: [GC (Allocation Failure)  491786K->173578K(1033216K), 0.0040757 secs]
26.830: Total time for which application threads were stopped: 0.0042441 seconds, Stopping threads took: 0.0000181 seconds
26.897: [GC (Allocation Failure)  492042K->181324K(1033216K), 0.0041731 secs]
26.901: Total time for which application threads were stopped: 0.0043567 seconds, Stopping threads took: 0.0000195 seconds
26.969: [GC (Allocation Failure)  499788K->175690K(1033216K), 0.0017055 secs]
26.971: Total time for which application threads were stopped: 0.0018543 seconds, Stopping threads took: 0.0000275 seconds
27.036: [GC (Allocation Failure)  494154K->181532K(1034240K), 0.0041061 secs]
27.040: Total time for which application threads were stopped: 0.0042727 seconds, Stopping threads took: 0.0000189 seconds
27.106: [GC (Allocation Failure)  501532K->185500K(1033728K), 0.0043917 secs]
27.111: Total time for which application threads were stopped: 0.0045608 seconds, Stopping threads took: 0.0000198 seconds
27.177: [GC (Allocation Failure)  505500K->191354K(1029120K), 0.0063921 secs]
27.184: Total time for which application threads were stopped: 0.0065870 seconds, Stopping threads took: 0.0000198 seconds
27.251: [GC (Allocation Failure)  506746K->185628K(1031680K), 0.0041616 secs]
27.256: Total time for which application threads were stopped: 0.0043322 seconds, Stopping threads took: 0.0000200 seconds
27.323: [GC (Allocation Failure)  501020K->185500K(1032704K), 0.0040286 secs]
27.327: Total time for which application threads were stopped: 0.0041946 seconds, Stopping threads took: 0.0000205 seconds
27.391: [GC (Allocation Failure)  502428K->187844K(1032192K), 0.0045272 secs]
27.396: Total time for which application threads were stopped: 0.0046872 seconds, Stopping threads took: 0.0000188 seconds
27.465: [GC (Allocation Failure)  504772K->193606K(1033216K), 0.0039117 secs]
27.469: Total time for which application threads were stopped: 0.0040913 seconds, Stopping threads took: 0.0000286 seconds
27.536: [GC (Allocation Failure)  511558K->193542K(1032704K), 0.0039357 secs]
27.540: Total time for which application threads were stopped: 0.0041302 seconds, Stopping threads took: 0.0000194 seconds
27.606: [GC (Allocation Failure)  511494K->197614K(1033728K), 0.0051131 secs]
27.611: Total time for which application threads were stopped: 0.0053039 seconds, Stopping threads took: 0.0000199 seconds
27.680: [GC (Allocation Failure)  516590K->201616K(1033216K), 0.0040375 secs]
27.684: Total time for which application threads were stopped: 0.0041951 seconds, Stopping threads took: 0.0000201 seconds
27.752: [GC (Allocation Failure)  520592K->201584K(1034240K), 0.0071129 secs]
27.759: Total time for which application threads were stopped: 0.0073160 seconds, Stopping threads took: 0.0000201 seconds
27.825: [GC (Allocation Failure)  521584K->204296K(1033728K), 0.0046005 secs]
27.830: Total time for which application threads were stopped: 0.0047700 seconds, Stopping threads took: 0.0000195 seconds
27.899: [GC (Allocation Failure)  524296K->209707K(1034240K), 0.0042510 secs]
27.904: Total time for which application threads were stopped: 0.0044089 seconds, Stopping threads took: 0.0000192 seconds
27.970: [GC (Allocation Failure)  530219K->209611K(1034240K), 0.0040893 secs]
27.974: Total time for which application threads were stopped: 0.0042558 seconds, Stopping threads took: 0.0000283 seconds
28.041: [GC (Allocation Failure)  530123K->209867K(1034240K), 0.0041854 secs]
28.046: Total time for which application threads were stopped: 0.0043530 seconds, Stopping threads took: 0.0000194 seconds
28.114: [GC (Allocation Failure)  530379K->217677K(1034240K), 0.0039220 secs]
28.118: Total time for which application threads were stopped: 0.0041132 seconds, Stopping threads took: 0.0000197 seconds
28.184: [GC (Allocation Failure)  538189K->217645K(1034240K), 0.0042228 secs]
28.189: Total time for which application threads were stopped: 0.0043975 seconds, Stopping threads took: 0.0000191 seconds
28.253: [GC (Allocation Failure)  538157K->220141K(1034240K), 0.0044916 secs]
28.258: Total time for which application threads were stopped: 0.0046866 seconds, Stopping threads took: 0.0000201 seconds
28.328: [GC (Allocation Failure)  540653K->225711K(1034240K), 0.0043227 secs]
28.332: Total time for which application threads were stopped: 0.0044870 seconds, Stopping threads took: 0.0000168 seconds
28.400: [GC (Allocation Failure)  546223K->225679K(1034240K), 0.0043135 secs]
28.405: Total time for which application threads were stopped: 0.0044770 seconds, Stopping threads took: 0.0000186 seconds
28.471: [GC (Allocation Failure)  546191K->226311K(1034240K), 0.0039953 secs]
28.475: Total time for which application threads were stopped: 0.0041619 seconds, Stopping threads took: 0.0000193 seconds
28.543: [GC (Allocation Failure)  546823K->233769K(1034240K), 0.0041762 secs]
28.547: Total time for which application threads were stopped: 0.0043454 seconds, Stopping threads took: 0.0000203 seconds
28.614: [GC (Allocation Failure)  554281K->233705K(1034240K), 0.0040061 secs]
28.618: Total time for which application threads were stopped: 0.0041737 seconds, Stopping threads took: 0.0000279 seconds
28.685: [GC (Allocation Failure)  554217K->236617K(1034240K), 0.0046716 secs]
28.690: Total time for which application threads were stopped: 0.0048436 seconds, Stopping threads took: 0.0000204 seconds
28.757: [GC (Allocation Failure)  557129K->241836K(1034240K), 0.0047044 secs]
28.762: Total time for which application threads were stopped: 0.0048739 seconds, Stopping threads took: 0.0000166 seconds
28.831: [GC (Allocation Failure)  562348K->241708K(1034240K), 0.0040661 secs]
28.835: Total time for which application threads were stopped: 0.0042238 seconds, Stopping threads took: 0.0000177 seconds
28.903: [GC (Allocation Failure)  562220K->242764K(1033728K), 0.0042985 secs]
28.907: Total time for which application threads were stopped: 0.0044612 seconds, Stopping threads took: 0.0000192 seconds
28.978: [GC (Allocation Failure)  563276K->249838K(1034240K), 0.0040603 secs]
28.982: Total time for which application threads were stopped: 0.0042362 seconds, Stopping threads took: 0.0000261 seconds
29.050: [GC (Allocation Failure)  570350K->249774K(1034240K), 0.0041563 secs]
29.054: Total time for which application threads were stopped: 0.0043257 seconds, Stopping threads took: 0.0000197 seconds
29.123: [GC (Allocation Failure)  570286K->253062K(1034240K), 0.0049706 secs]
29.128: Total time for which application threads were stopped: 0.0051405 seconds, Stopping threads took: 0.0000196 seconds
29.197: [GC (Allocation Failure)  573574K->257832K(1034752K), 0.0040638 secs]
29.201: Total time for which application threads were stopped: 0.0042304 seconds, Stopping threads took: 0.0000193 seconds
29.270: [GC (Allocation Failure)  579368K->257800K(1034752K), 0.0042087 secs]
29.274: Total time for which application threads were stopped: 0.0043770 seconds, Stopping threads took: 0.0000194 seconds
29.343: [GC (Allocation Failure)  579336K->261288K(1034752K), 0.0049217 secs]
29.348: Total time for which application threads were stopped: 0.0051006 seconds, Stopping threads took: 0.0000193 seconds
29.416: [GC (Allocation Failure)  582824K->265867K(1034752K), 0.0040079 secs]
29.420: Total time for which application threads were stopped: 0.0041821 seconds, Stopping threads took: 0.0000203 seconds
29.488: [GC (Allocation Failure)  587403K->265835K(1034752K), 0.0040037 secs]
29.492: Total time for which application threads were stopped: 0.0041679 seconds, Stopping threads took: 0.0000263 seconds
29.557: [GC (Allocation Failure)  587371K->266475K(1034752K), 0.0041292 secs]
29.561: Total time for which application threads were stopped: 0.0042922 seconds, Stopping threads took: 0.0000205 seconds
29.630: [GC (Allocation Failure)  588011K->273901K(1034752K), 0.0041811 secs]
29.634: Total time for which application threads were stopped: 0.0043563 seconds, Stopping threads took: 0.0000197 seconds
29.701: [GC (Allocation Failure)  595437K->273869K(1034752K), 0.0043672 secs]
29.706: Total time for which application threads were stopped: 0.0045407 seconds, Stopping threads took: 0.0000205 seconds
29.772: [GC (Allocation Failure)  595405K->275685K(1034752K), 0.0128368 secs]
29.785: Total time for which application threads were stopped: 0.0129992 seconds, Stopping threads took: 0.0000258 seconds
29.851: [GC (Allocation Failure)  597221K->282023K(1034752K), 0.0043208 secs]
29.855: Total time for which application threads were stopped: 0.0044875 seconds, Stopping threads took: 0.0000196 seconds
29.921: [GC (Allocation Failure)  603559K->281895K(1034752K), 0.0043486 secs]
29.926: Total time for which application threads were stopped: 0.0045180 seconds, Stopping threads took: 0.0000191 seconds
29.992: [GC (Allocation Failure)  603431K->284967K(1034752K), 0.0048612 secs]
29.997: Total time for which application threads were stopped: 0.0050238 seconds, Stopping threads took: 0.0000205 seconds
30.063: [GC (Allocation Failure)  606503K->289993K(1034752K), 0.0044837 secs]
30.067: Total time for which application threads were stopped: 0.0046506 seconds, Stopping threads took: 0.0000212 seconds
30.133: [GC (Allocation Failure)  611529K->289961K(1034752K), 0.0044034 secs]
30.137: Total time for which application threads were stopped: 0.0045732 seconds, Stopping threads took: 0.0000198 seconds
30.202: [GC (Allocation Failure)  611497K->290153K(1033728K), 0.0040863 secs]
30.207: Total time for which application threads were stopped: 0.0042812 seconds, Stopping threads took: 0.0000203 seconds
30.274: [GC (Allocation Failure)  610665K->297964K(1034240K), 0.0044696 secs]
30.279: Total time for which application threads were stopped: 0.0046536 seconds, Stopping threads took: 0.0000174 seconds
30.349: [GC (Allocation Failure)  618476K->297996K(1034240K), 0.0041341 secs]
30.353: Total time for which application threads were stopped: 0.0042927 seconds, Stopping threads took: 0.0000175 seconds
30.421: [GC (Allocation Failure)  618508K->300428K(1034240K), 0.0046199 secs]
30.426: Total time for which application threads were stopped: 0.0047918 seconds, Stopping threads took: 0.0000196 seconds
30.495: [GC (Allocation Failure)  620940K->306030K(1034752K), 0.0040882 secs]
30.499: Total time for which application threads were stopped: 0.0042681 seconds, Stopping threads took: 0.0000271 seconds
30.565: [GC (Allocation Failure)  627566K->305998K(1034752K), 0.0042756 secs]
30.570: Total time for which application threads were stopped: 0.0044346 seconds, Stopping threads took: 0.0000191 seconds
30.637: [GC (Allocation Failure)  627534K->308654K(1034752K), 0.0046679 secs]
30.642: Total time for which application threads were stopped: 0.0048325 seconds, Stopping threads took: 0.0000201 seconds
30.708: [GC (Allocation Failure)  630190K->314064K(1034752K), 0.0042842 secs]
30.712: Total time for which application threads were stopped: 0.0044639 seconds, Stopping threads took: 0.0000200 seconds
30.779: [GC (Allocation Failure)  635600K->314032K(1034752K), 0.0043283 secs]
30.784: Total time for which application threads were stopped: 0.0044669 seconds, Stopping threads took: 0.0000158 seconds
30.850: [GC (Allocation Failure)  635568K->317896K(1034752K), 0.0052423 secs]
30.855: Total time for which application threads were stopped: 0.0054034 seconds, Stopping threads took: 0.0000192 seconds
30.921: [GC (Allocation Failure)  639432K->322154K(1034240K), 0.0045210 secs]
30.926: Total time for which application threads were stopped: 0.0047109 seconds, Stopping threads took: 0.0000195 seconds
30.993: [GC (Allocation Failure)  643690K->322090K(1034752K), 0.0043884 secs]
30.997: Total time for which application threads were stopped: 0.0045595 seconds, Stopping threads took: 0.0000199 seconds
31.062: [GC (Allocation Failure)  643626K->323074K(1034752K), 0.0046137 secs]
31.067: Total time for which application threads were stopped: 0.0047842 seconds, Stopping threads took: 0.0000206 seconds
31.137: [GC (Allocation Failure)  644610K->330117K(1034752K), 0.0044478 secs]
31.141: Total time for which application threads were stopped: 0.0046210 seconds, Stopping threads took: 0.0000201 seconds
31.208: [GC (Allocation Failure)  651653K->330085K(1034752K), 0.0044803 secs]
31.213: Total time for which application threads were stopped: 0.0046523 seconds, Stopping threads took: 0.0000202 seconds
31.279: [GC (Allocation Failure)  651621K->332365K(1034752K), 0.0045300 secs]
31.284: Total time for which application threads were stopped: 0.0046924 seconds, Stopping threads took: 0.0000203 seconds
31.354: [GC (Allocation Failure)  653901K->338159K(1034752K), 0.0044007 secs]
31.358: Total time for which application threads were stopped: 0.0045755 seconds, Stopping threads took: 0.0000188 seconds
31.427: [GC (Allocation Failure)  659695K->338127K(1034752K), 0.0043387 secs]
31.431: Total time for which application threads were stopped: 0.0045127 seconds, Stopping threads took: 0.0000210 seconds
31.497: [GC (Allocation Failure)  659663K->341607K(1035264K), 0.0050022 secs]
31.502: Total time for which application threads were stopped: 0.0051817 seconds, Stopping threads took: 0.0000287 seconds
31.569: [GC (Allocation Failure)  663655K->346185K(1034752K), 0.0044190 secs]
31.573: Total time for which application threads were stopped: 0.0045786 seconds, Stopping threads took: 0.0000197 seconds
31.641: [GC (Allocation Failure)  668233K->346185K(1035264K), 0.0043389 secs]
31.647: Total time for which application threads were stopped: 0.0051816 seconds, Stopping threads took: 0.0000194 seconds
31.713: [GC (Allocation Failure)  668233K->348297K(1034752K), 0.0045759 secs]
31.718: Total time for which application threads were stopped: 0.0047599 seconds, Stopping threads took: 0.0000214 seconds
31.787: [GC (Allocation Failure)  670345K->354315K(1034752K), 0.0041838 secs]
31.791: Total time for which application threads were stopped: 0.0043502 seconds, Stopping threads took: 0.0000196 seconds
31.859: [GC (Allocation Failure)  675851K->354155K(1034752K), 0.0043434 secs]
31.863: Total time for which application threads were stopped: 0.0045201 seconds, Stopping threads took: 0.0000191 seconds
31.928: [GC (Allocation Failure)  675691K->358059K(1035264K), 0.0054343 secs]
31.933: Total time for which application threads were stopped: 0.0056125 seconds, Stopping threads took: 0.0000189 seconds
32.002: [GC (Allocation Failure)  680107K->362318K(1034752K), 0.0043653 secs]
32.007: Total time for which application threads were stopped: 0.0045382 seconds, Stopping threads took: 0.0000277 seconds
32.074: [GC (Allocation Failure)  684366K->362222K(1035264K), 0.0043295 secs]
32.079: Total time for which application threads were stopped: 0.0045066 seconds, Stopping threads took: 0.0000191 seconds
32.145: [GC (Allocation Failure)  684782K->365262K(1035264K), 0.0048419 secs]
32.150: Total time for which application threads were stopped: 0.0050061 seconds, Stopping threads took: 0.0000205 seconds
32.218: [GC (Allocation Failure)  687822K->370256K(1035264K), 0.0044503 secs]
32.222: Total time for which application threads were stopped: 0.0046433 seconds, Stopping threads took: 0.0000197 seconds
32.293: [GC (Allocation Failure)  692816K->370256K(1035264K), 0.0041641 secs]
32.297: Total time for which application threads were stopped: 0.0043225 seconds, Stopping threads took: 0.0000166 seconds
32.364: [GC (Allocation Failure)  692816K->373480K(1035264K), 0.0050363 secs]
32.369: Total time for which application threads were stopped: 0.0052086 seconds, Stopping threads took: 0.0000200 seconds
32.437: [GC (Allocation Failure)  696040K->378314K(1035264K), 0.0045581 secs]
32.442: Total time for which application threads were stopped: 0.0047294 seconds, Stopping threads took: 0.0000205 seconds
32.510: [GC (Allocation Failure)  700874K->378282K(1035264K), 0.0043686 secs]
32.515: Total time for which application threads were stopped: 0.0045664 seconds, Stopping threads took: 0.0000203 seconds
32.583: [GC (Allocation Failure)  700842K->381770K(1035264K), 0.0049569 secs]
32.589: Total time for which application threads were stopped: 0.0051680 seconds, Stopping threads took: 0.0000278 seconds
32.658: [GC (Allocation Failure)  704330K->386317K(1035776K), 0.0043097 secs]
32.662: Total time for which application threads were stopped: 0.0045027 seconds, Stopping threads took: 0.0000200 seconds
32.731: [GC (Allocation Failure)  709901K->386349K(1035776K), 0.0043037 secs]
32.736: Total time for which application threads were stopped: 0.0044874 seconds, Stopping threads took: 0.0000174 seconds
32.804: [GC (Allocation Failure)  709933K->379882K(1034752K), 0.0017843 secs]
32.806: Total time for which application threads were stopped: 0.0019178 seconds, Stopping threads took: 0.0000171 seconds
32.873: [GC (Allocation Failure)  702442K->386445K(1035264K), 0.0047346 secs]
32.878: Total time for which application threads were stopped: 0.0049089 seconds, Stopping threads took: 0.0000194 seconds
32.946: [GC (Allocation Failure)  709005K->386317K(1035264K), 0.0043241 secs]
32.950: Total time for which application threads were stopped: 0.0044859 seconds, Stopping threads took: 0.0000267 seconds
33.018: [GC (Allocation Failure)  708877K->384202K(1035264K), 0.0036248 secs]
33.022: Total time for which application threads were stopped: 0.0038363 seconds, Stopping threads took: 0.0000198 seconds
33.089: [GC (Allocation Failure)  706762K->386381K(1035776K), 0.0044193 secs]
33.094: Total time for which application threads were stopped: 0.0045897 seconds, Stopping threads took: 0.0000217 seconds
33.161: [GC (Allocation Failure)  709965K->386349K(1035776K), 0.0050603 secs]
33.166: Total time for which application threads were stopped: 0.0052307 seconds, Stopping threads took: 0.0000208 seconds
33.233: [GC (Allocation Failure)  709933K->390538K(1032704K), 0.0062321 secs]
33.239: Total time for which application threads were stopped: 0.0064326 seconds, Stopping threads took: 0.0000206 seconds
33.307: [GC (Allocation Failure)  711050K->386349K(1034240K), 0.0045429 secs]
33.312: Total time for which application threads were stopped: 0.0047245 seconds, Stopping threads took: 0.0000173 seconds
33.381: [GC (Allocation Failure)  706861K->386317K(1035264K), 0.0043882 secs]
33.385: Total time for which application threads were stopped: 0.0045611 seconds, Stopping threads took: 0.0000192 seconds
33.453: [GC (Allocation Failure)  708365K->390218K(1033728K), 0.0057944 secs]
33.459: Total time for which application threads were stopped: 0.0059531 seconds, Stopping threads took: 0.0000256 seconds
33.526: [GC (Allocation Failure)  712266K->386541K(1034752K), 0.0041771 secs]
33.530: Total time for which application threads were stopped: 0.0043340 seconds, Stopping threads took: 0.0000198 seconds
33.599: [GC (Allocation Failure)  707565K->386349K(1034240K), 0.0043419 secs]
33.604: Total time for which application threads were stopped: 0.0045003 seconds, Stopping threads took: 0.0000203 seconds
33.670: [GC (Allocation Failure)  707373K->390986K(1032192K), 0.0062040 secs]
33.676: Total time for which application threads were stopped: 0.0063555 seconds, Stopping threads took: 0.0000192 seconds
33.743: [GC (Allocation Failure)  710474K->386477K(1033728K), 0.0044368 secs]
33.747: Total time for which application threads were stopped: 0.0046079 seconds, Stopping threads took: 0.0000194 seconds
33.815: [GC (Allocation Failure)  705965K->386317K(1034752K), 0.0043783 secs]
33.819: Total time for which application threads were stopped: 0.0045483 seconds, Stopping threads took: 0.0000196 seconds
33.886: [GC (Allocation Failure)  707341K->387530K(1034240K), 0.0049606 secs]
33.891: Total time for which application threads were stopped: 0.0051257 seconds, Stopping threads took: 0.0000190 seconds
33.958: [GC (Allocation Failure)  708554K->386445K(1035264K), 0.0041634 secs]
33.963: Total time for which application threads were stopped: 0.0043222 seconds, Stopping threads took: 0.0000193 seconds
34.031: [GC (Allocation Failure)  709005K->386317K(1035264K), 0.0044702 secs]
34.035: Total time for which application threads were stopped: 0.0046341 seconds, Stopping threads took: 0.0000257 seconds
34.103: [GC (Allocation Failure)  708877K->390346K(1033728K), 0.0059935 secs]
34.109: Total time for which application threads were stopped: 0.0061925 seconds, Stopping threads took: 0.0000277 seconds
34.178: [GC (Allocation Failure)  711882K->386349K(1034752K), 0.0044630 secs]
34.183: Total time for which application threads were stopped: 0.0046459 seconds, Stopping threads took: 0.0000199 seconds
34.251: [GC (Allocation Failure)  707885K->386349K(1035776K), 0.0044261 secs]
34.255: Total time for which application threads were stopped: 0.0046074 seconds, Stopping threads took: 0.0000173 seconds
34.322: [GC (Allocation Failure)  709421K->393034K(1035264K), 0.0073781 secs]
34.330: Total time for which application threads were stopped: 0.0075686 seconds, Stopping threads took: 0.0000188 seconds
34.398: [GC (Allocation Failure)  716106K->388557K(1033216K), 0.0046187 secs]
34.403: Total time for which application threads were stopped: 0.0047801 seconds, Stopping threads took: 0.0000200 seconds
34.470: [GC (Allocation Failure)  709069K->388333K(1034240K), 0.0043166 secs]
34.474: Total time for which application threads were stopped: 0.0044866 seconds, Stopping threads took: 0.0000193 seconds
34.541: [GC (Allocation Failure)  708845K->395730K(1031168K), 0.0077046 secs]
34.549: Total time for which application threads were stopped: 0.0078640 seconds, Stopping threads took: 0.0000191 seconds
34.615: [GC (Allocation Failure)  713170K->389653K(1032704K), 0.0048131 secs]
34.620: Total time for which application threads were stopped: 0.0049912 seconds, Stopping threads took: 0.0000206 seconds
34.687: [GC (Allocation Failure)  707093K->389461K(1033216K), 0.0043266 secs]
34.691: Total time for which application threads were stopped: 0.0044895 seconds, Stopping threads took: 0.0000204 seconds
34.757: [GC (Allocation Failure)  707413K->386354K(1032704K), 0.0042119 secs]
34.761: Total time for which application threads were stopped: 0.0043760 seconds, Stopping threads took: 0.0000250 seconds
34.828: [GC (Allocation Failure)  704306K->389621K(1033728K), 0.0046190 secs]
34.833: Total time for which application threads were stopped: 0.0047872 seconds, Stopping threads took: 0.0000199 seconds
34.898: [GC (Allocation Failure)  708597K->389461K(1033216K), 0.0045188 secs]
34.903: Total time for which application threads were stopped: 0.0046964 seconds, Stopping threads took: 0.0000197 seconds
34.969: [GC (Allocation Failure)  708437K->391021K(1032192K), 0.0046607 secs]
34.974: Total time for which application threads were stopped: 0.0048270 seconds, Stopping threads took: 0.0000195 seconds
35.041: [GC (Allocation Failure)  709485K->397583K(1033216K), 0.0044820 secs]
35.046: Total time for which application threads were stopped: 0.0046591 seconds, Stopping threads took: 0.0000196 seconds
35.111: [GC (Allocation Failure)  716047K->397519K(1034752K), 0.0043507 secs]
35.115: Total time for which application threads were stopped: 0.0045222 seconds, Stopping threads took: 0.0000220 seconds
35.182: [GC (Allocation Failure)  718031K->401287K(1033728K), 0.0055154 secs]
35.187: Total time for which application threads were stopped: 0.0056789 seconds, Stopping threads took: 0.0000201 seconds
35.257: [GC (Allocation Failure)  721799K->405577K(1034752K), 0.0043265 secs]
35.261: Total time for which application threads were stopped: 0.0044986 seconds, Stopping threads took: 0.0000208 seconds
35.330: [GC (Allocation Failure)  726601K->405513K(1034240K), 0.0045198 secs]
35.334: Total time for which application threads were stopped: 0.0046802 seconds, Stopping threads took: 0.0000198 seconds
35.401: [GC (Allocation Failure)  726537K->408481K(1035264K), 0.0072770 secs]
35.408: Total time for which application threads were stopped: 0.0074497 seconds, Stopping threads took: 0.0000275 seconds
35.478: [GC (Allocation Failure)  731041K->413539K(1035264K), 0.0044419 secs]
35.483: Total time for which application threads were stopped: 0.0046272 seconds, Stopping threads took: 0.0000284 seconds
35.552: [GC (Allocation Failure)  736099K->413507K(1035776K), 0.0046193 secs]
35.557: Total time for which application threads were stopped: 0.0047767 seconds, Stopping threads took: 0.0000196 seconds
35.624: [GC (Allocation Failure)  736579K->417283K(1035264K), 0.0053687 secs]
35.629: Total time for which application threads were stopped: 0.0055382 seconds, Stopping threads took: 0.0000187 seconds
35.698: [GC (Allocation Failure)  740355K->421766K(1035776K), 0.0046922 secs]
35.702: Total time for which application threads were stopped: 0.0048642 seconds, Stopping threads took: 0.0000198 seconds
35.771: [GC (Allocation Failure)  745350K->421574K(1035776K), 0.0074291 secs]
35.779: Total time for which application threads were stopped: 0.0076109 seconds, Stopping threads took: 0.0000257 seconds
35.847: [GC (Allocation Failure)  745158K->415907K(1035776K), 0.0022948 secs]
35.849: Total time for which application threads were stopped: 0.0024338 seconds, Stopping threads took: 0.0000166 seconds
35.917: [GC (Allocation Failure)  739491K->421702K(1035776K), 0.0045178 secs]
35.922: Total time for which application threads were stopped: 0.0046931 seconds, Stopping threads took: 0.0000197 seconds
35.991: [GC (Allocation Failure)  745286K->421606K(1035776K), 0.0043795 secs]
35.996: Total time for which application threads were stopped: 0.0045567 seconds, Stopping threads took: 0.0000263 seconds
36.065: [GC (Allocation Failure)  745190K->423299K(1033216K), 0.0052989 secs]
36.070: Total time for which application threads were stopped: 0.0054696 seconds, Stopping threads took: 0.0000198 seconds
36.138: [GC (Allocation Failure)  746883K->421638K(1035776K), 0.0043948 secs]
36.143: Total time for which application threads were stopped: 0.0045671 seconds, Stopping threads took: 0.0000204 seconds
36.213: [GC (Allocation Failure)  744710K->421606K(1035264K), 0.0044774 secs]
36.217: Total time for which application threads were stopped: 0.0046463 seconds, Stopping threads took: 0.0000212 seconds
36.283: [GC (Allocation Failure)  744678K->429611K(1030656K), 0.0083682 secs]
36.292: Total time for which application threads were stopped: 0.0085403 seconds, Stopping threads took: 0.0000277 seconds
36.359: [GC (Allocation Failure)  748075K->424878K(1033216K), 0.0044817 secs]
36.364: Total time for which application threads were stopped: 0.0046478 seconds, Stopping threads took: 0.0000205 seconds
36.430: [GC (Allocation Failure)  743342K->424910K(1034240K), 0.0046357 secs]
36.434: Total time for which application threads were stopped: 0.0048245 seconds, Stopping threads took: 0.0000199 seconds
36.502: [GC (Allocation Failure)  744910K->426475K(1033728K), 0.0051597 secs]
36.507: Total time for which application threads were stopped: 0.0053171 seconds, Stopping threads took: 0.0000188 seconds
36.575: [GC (Allocation Failure)  746475K->425134K(1034752K), 0.0044898 secs]
36.580: Total time for which application threads were stopped: 0.0046487 seconds, Stopping threads took: 0.0000189 seconds
36.648: [GC (Allocation Failure)  746158K->424878K(1034240K), 0.0042697 secs]
36.652: Total time for which application threads were stopped: 0.0044295 seconds, Stopping threads took: 0.0000196 seconds
36.719: [GC (Allocation Failure)  745902K->425163K(1035776K), 0.0046152 secs]
36.724: Total time for which application threads were stopped: 0.0047866 seconds, Stopping threads took: 0.0000203 seconds
36.793: [GC (Allocation Failure)  748235K->425038K(1035264K), 0.0046287 secs]
36.798: Total time for which application threads were stopped: 0.0048385 seconds, Stopping threads took: 0.0000527 seconds
36.866: [GC (Allocation Failure)  748110K->424878K(1036800K), 0.0045379 secs]
36.870: Total time for which application threads were stopped: 0.0047058 seconds, Stopping threads took: 0.0000200 seconds
36.939: [GC (Allocation Failure)  749998K->433003K(1036288K), 0.0084814 secs]
36.947: Total time for which application threads were stopped: 0.0086350 seconds, Stopping threads took: 0.0000190 seconds
37.016: [GC (Allocation Failure)  758123K->429422K(1032192K), 0.0044587 secs]
37.020: Total time for which application threads were stopped: 0.0046179 seconds, Stopping threads took: 0.0000191 seconds
37.088: [GC (Allocation Failure)  749934K->429294K(1034240K), 0.0044575 secs]
37.092: Total time for which application threads were stopped: 0.0046149 seconds, Stopping threads took: 0.0000194 seconds
37.161: [GC (Allocation Failure)  749806K->423851K(1033728K), 0.0026361 secs]
37.164: Total time for which application threads were stopped: 0.0027883 seconds, Stopping threads took: 0.0000192 seconds
37.231: [GC (Allocation Failure)  744363K->429390K(1034240K), 0.0044059 secs]
37.235: Total time for which application threads were stopped: 0.0045970 seconds, Stopping threads took: 0.0000192 seconds
37.304: [GC (Allocation Failure)  749902K->433446K(1034752K), 0.0045918 secs]
37.309: Total time for which application threads were stopped: 0.0047417 seconds, Stopping threads took: 0.0000171 seconds
37.376: [GC (Allocation Failure)  754470K->426627K(1034240K), 0.0018911 secs]
37.378: Total time for which application threads were stopped: 0.0020462 seconds, Stopping threads took: 0.0000197 seconds
37.447: [GC (Allocation Failure)  747651K->433510K(1034752K), 0.0045727 secs]
37.452: Total time for which application threads were stopped: 0.0047675 seconds, Stopping threads took: 0.0000210 seconds
37.520: [GC (Allocation Failure)  754534K->437622K(1034240K), 0.0052075 secs]
37.525: Total time for which application threads were stopped: 0.0053696 seconds, Stopping threads took: 0.0000190 seconds
37.592: [GC (Allocation Failure)  758646K->430483K(1034240K), 0.0016264 secs]
37.594: Total time for which application threads were stopped: 0.0017636 seconds, Stopping threads took: 0.0000199 seconds
37.662: [GC (Allocation Failure)  752019K->437830K(1034752K), 0.0061126 secs]
37.668: Total time for which application threads were stopped: 0.0062827 seconds, Stopping threads took: 0.0000196 seconds
37.735: [GC (Allocation Failure)  759366K->441734K(1035264K), 0.0057288 secs]
37.741: Total time for which application threads were stopped: 0.0058952 seconds, Stopping threads took: 0.0000199 seconds
37.810: [GC (Allocation Failure)  764294K->436867K(1035264K), 0.0027938 secs]
37.812: Total time for which application threads were stopped: 0.0029559 seconds, Stopping threads took: 0.0000200 seconds
37.880: [GC (Allocation Failure)  759427K->441918K(1035776K), 0.0046954 secs]
37.885: Total time for which application threads were stopped: 0.0048629 seconds, Stopping threads took: 0.0000192 seconds
37.953: [GC (Allocation Failure)  764990K->445902K(1035264K), 0.0045437 secs]
37.958: Total time for which application threads were stopped: 0.0047313 seconds, Stopping threads took: 0.0000191 seconds
38.025: [GC (Allocation Failure)  768974K->445870K(1035776K), 0.0043640 secs]
38.029: Total time for which application threads were stopped: 0.0045226 seconds, Stopping threads took: 0.0000199 seconds
38.098: [GC (Allocation Failure)  769454K->446022K(1023488K), 0.0046894 secs]
38.102: Total time for which application threads were stopped: 0.0048601 seconds, Stopping threads took: 0.0000198 seconds
38.170: [GC (Allocation Failure)  769606K->453896K(1035264K), 0.0045816 secs]
38.175: Total time for which application threads were stopped: 0.0047647 seconds, Stopping threads took: 0.0000208 seconds
38.242: [GC (Allocation Failure)  776456K->453896K(1035264K), 0.0045433 secs]
38.247: Total time for which application threads were stopped: 0.0046979 seconds, Stopping threads took: 0.0000196 seconds
38.315: [GC (Allocation Failure)  776456K->453960K(1034240K), 0.0045400 secs]
38.319: Total time for which application threads were stopped: 0.0047115 seconds, Stopping threads took: 0.0000206 seconds
38.388: [GC (Allocation Failure)  775496K->461930K(1034752K), 0.0059093 secs]
38.394: Total time for which application threads were stopped: 0.0060778 seconds, Stopping threads took: 0.0000217 seconds
38.461: [GC (Allocation Failure)  783466K->461962K(1034752K), 0.0045606 secs]
38.466: Total time for which application threads were stopped: 0.0047284 seconds, Stopping threads took: 0.0000266 seconds
38.533: [GC (Allocation Failure)  783498K->462154K(1021440K), 0.0045777 secs]
38.537: Total time for which application threads were stopped: 0.0047435 seconds, Stopping threads took: 0.0000191 seconds
38.605: [GC (Allocation Failure)  783690K->469964K(1034240K), 0.0062863 secs]
38.611: Total time for which application threads were stopped: 0.0064552 seconds, Stopping threads took: 0.0000202 seconds
38.682: [GC (Allocation Failure)  790476K->469996K(1034240K), 0.0044743 secs]
38.687: Total time for which application threads were stopped: 0.0046434 seconds, Stopping threads took: 0.0000268 seconds
38.753: [GC (Allocation Failure)  790508K->470348K(1034240K), 0.0064224 secs]
38.760: Total time for which application threads were stopped: 0.0065887 seconds, Stopping threads took: 0.0000263 seconds
38.827: [GC (Allocation Failure)  790860K->478031K(1034240K), 0.0045533 secs]
38.831: Total time for which application threads were stopped: 0.0047130 seconds, Stopping threads took: 0.0000191 seconds
38.901: [GC (Allocation Failure)  798543K->477999K(1034240K), 0.0044425 secs]
38.905: Total time for which application threads were stopped: 0.0046072 seconds, Stopping threads took: 0.0000190 seconds
38.970: [GC (Allocation Failure)  798511K->478063K(1020416K), 0.0045007 secs]
38.975: Total time for which application threads were stopped: 0.0046832 seconds, Stopping threads took: 0.0000199 seconds
39.044: [GC (Allocation Failure)  798575K->486033K(1033728K), 0.0046689 secs]
39.049: Total time for which application threads were stopped: 0.0048310 seconds, Stopping threads took: 0.0000206 seconds
39.118: [GC (Allocation Failure)  805521K->486033K(1033728K), 0.0045597 secs]
39.123: Total time for which application threads were stopped: 0.0047249 seconds, Stopping threads took: 0.0000213 seconds
39.187: [GC (Allocation Failure)  805521K->486345K(1033728K), 0.0046124 secs]
39.192: Total time for which application threads were stopped: 0.0047718 seconds, Stopping threads took: 0.0000195 seconds
39.257: [GC (Allocation Failure)  805833K->494059K(1033728K), 0.0047053 secs]
39.262: Total time for which application threads were stopped: 0.0048961 seconds, Stopping threads took: 0.0000196 seconds
39.328: [GC (Allocation Failure)  813547K->490153K(1034240K), 0.0034074 secs]
39.331: Total time for which application threads were stopped: 0.0035683 seconds, Stopping threads took: 0.0000171 seconds
39.401: [GC (Allocation Failure)  810153K->494219K(1033728K), 0.0046870 secs]
39.405: Total time for which application threads were stopped: 0.0048432 seconds, Stopping threads took: 0.0000175 seconds
39.473: [GC (Allocation Failure)  814219K->498187K(1034752K), 0.0045128 secs]
39.478: Total time for which application threads were stopped: 0.0046988 seconds, Stopping threads took: 0.0000261 seconds
39.545: [GC (Allocation Failure)  819723K->492393K(1034752K), 0.0025634 secs]
39.548: Total time for which application threads were stopped: 0.0027201 seconds, Stopping threads took: 0.0000258 seconds
39.616: [GC (Allocation Failure)  813929K->498259K(1035776K), 0.0047378 secs]
39.621: Total time for which application threads were stopped: 0.0049248 seconds, Stopping threads took: 0.0000203 seconds
39.689: [GC (Allocation Failure)  820819K->502331K(1034752K), 0.0047839 secs]
39.694: Total time for which application threads were stopped: 0.0049674 seconds, Stopping threads took: 0.0000205 seconds
39.759: [GC (Allocation Failure)  824630K->498425K(1035776K), 0.0049641 secs]
39.764: Total time for which application threads were stopped: 0.0051319 seconds, Stopping threads took: 0.0000282 seconds
39.832: [GC (Allocation Failure)  821497K->502499K(1035264K), 0.0047950 secs]
39.837: Total time for which application threads were stopped: 0.0049818 seconds, Stopping threads took: 0.0000195 seconds
39.905: [GC (Allocation Failure)  825571K->506499K(1035264K), 0.0046360 secs]
39.910: Total time for which application threads were stopped: 0.0048646 seconds, Stopping threads took: 0.0000205 seconds
39.978: [GC (Allocation Failure)  830083K->506435K(1035776K), 0.0045147 secs]
39.983: Total time for which application threads were stopped: 0.0046828 seconds, Stopping threads took: 0.0000274 seconds
40.050: [GC (Allocation Failure)  830019K->506539K(1034752K), 0.0047297 secs]
40.055: Total time for which application threads were stopped: 0.0049201 seconds, Stopping threads took: 0.0000194 seconds
40.124: [GC (Allocation Failure)  829099K->514541K(1035264K), 0.0045999 secs]
40.129: Total time for which application threads were stopped: 0.0047531 seconds, Stopping threads took: 0.0000174 seconds
40.195: [GC (Allocation Failure)  837101K->514541K(1034240K), 0.0046955 secs]
40.200: Total time for which application threads were stopped: 0.0048614 seconds, Stopping threads took: 0.0000254 seconds
40.267: [GC (Allocation Failure)  836077K->514565K(1034752K), 0.0045879 secs]
40.271: Total time for which application threads were stopped: 0.0047801 seconds, Stopping threads took: 0.0000204 seconds
40.338: [GC (Allocation Failure)  836101K->522536K(1034752K), 0.0047492 secs]
40.343: Total time for which application threads were stopped: 0.0048988 seconds, Stopping threads took: 0.0000173 seconds
40.411: [GC (Allocation Failure)  844072K->522568K(1029120K), 0.0046987 secs]
40.415: Total time for which application threads were stopped: 0.0048595 seconds, Stopping threads took: 0.0000193 seconds
40.481: [GC (Allocation Failure)  844104K->522792K(1034240K), 0.0045360 secs]
40.486: Total time for which application threads were stopped: 0.0047137 seconds, Stopping threads took: 0.0000277 seconds
40.554: [GC (Allocation Failure)  843304K->530602K(1034240K), 0.0048169 secs]
40.559: Total time for which application threads were stopped: 0.0049949 seconds, Stopping threads took: 0.0000271 seconds
40.627: [GC (Allocation Failure)  851114K->530602K(1034240K), 0.0046200 secs]
40.632: Total time for which application threads were stopped: 0.0047931 seconds, Stopping threads took: 0.0000207 seconds
40.700: [GC (Allocation Failure)  851114K->530986K(1020416K), 0.0047635 secs]
40.705: Total time for which application threads were stopped: 0.0049493 seconds, Stopping threads took: 0.0000206 seconds
40.772: [GC (Allocation Failure)  851498K->538604K(1033728K), 0.0058063 secs]
40.778: Total time for which application threads were stopped: 0.0059680 seconds, Stopping threads took: 0.0000253 seconds
40.845: [GC (Allocation Failure)  858092K->538604K(1033728K), 0.0046136 secs]
40.850: Total time for which application threads were stopped: 0.0047908 seconds, Stopping threads took: 0.0000196 seconds
40.915: [GC (Allocation Failure)  858092K->538732K(1033728K), 0.0047769 secs]
40.920: Total time for which application threads were stopped: 0.0049586 seconds, Stopping threads took: 0.0000215 seconds
40.988: [GC (Allocation Failure)  858220K->546639K(1033728K), 0.0045744 secs]
40.993: Total time for which application threads were stopped: 0.0047451 seconds, Stopping threads took: 0.0000264 seconds
41.062: [GC (Allocation Failure)  866127K->546639K(1033728K), 0.0047003 secs]
41.066: Total time for which application threads were stopped: 0.0048593 seconds, Stopping threads took: 0.0000190 seconds
41.132: [GC (Allocation Failure)  866127K->546695K(1033728K), 0.0046128 secs]
41.137: Total time for which application threads were stopped: 0.0047761 seconds, Stopping threads took: 0.0000204 seconds
41.205: [GC (Allocation Failure)  866183K->554665K(1032704K), 0.0046765 secs]
41.210: Total time for which application threads were stopped: 0.0048449 seconds, Stopping threads took: 0.0000198 seconds
41.277: [GC (Allocation Failure)  873129K->549095K(1033216K), 0.0027697 secs]
41.280: Total time for which application threads were stopped: 0.0029246 seconds, Stopping threads took: 0.0000193 seconds
41.349: [GC (Allocation Failure)  867559K->554921K(1034752K), 0.0045579 secs]
41.354: Total time for which application threads were stopped: 0.0047322 seconds, Stopping threads took: 0.0000188 seconds
41.421: [GC (Allocation Failure)  875433K->558809K(1033728K), 0.0050082 secs]
41.426: Total time for which application threads were stopped: 0.0052013 seconds, Stopping threads took: 0.0000202 seconds
41.495: [GC (Allocation Failure)  879321K->565703K(1029120K), 0.0075118 secs]
41.502: Total time for which application threads were stopped: 0.0076672 seconds, Stopping threads took: 0.0000164 seconds
41.570: [GC (Allocation Failure)  881095K->559625K(1031680K), 0.0048891 secs]
41.575: Total time for which application threads were stopped: 0.0050512 seconds, Stopping threads took: 0.0000201 seconds
41.640: [GC (Allocation Failure)  875017K->559433K(1032704K), 0.0047286 secs]
41.645: Total time for which application threads were stopped: 0.0048892 seconds, Stopping threads took: 0.0000204 seconds
41.710: [GC (Allocation Failure)  876361K->562825K(1032192K), 0.0057659 secs]
41.716: Total time for which application threads were stopped: 0.0059363 seconds, Stopping threads took: 0.0000195 seconds
41.785: [GC (Allocation Failure)  879753K->567595K(1033216K), 0.0046920 secs]
41.790: Total time for which application threads were stopped: 0.0048503 seconds, Stopping threads took: 0.0000199 seconds
41.859: [GC (Allocation Failure)  885547K->567467K(1032704K), 0.0047942 secs]
41.864: Total time for which application threads were stopped: 0.0049612 seconds, Stopping threads took: 0.0000193 seconds
41.930: [GC (Allocation Failure)  885419K->568491K(1033216K), 0.0048024 secs]
41.935: Total time for which application threads were stopped: 0.0049634 seconds, Stopping threads took: 0.0000202 seconds
42.003: [GC (Allocation Failure)  886955K->575501K(1033216K), 0.0046910 secs]
42.008: Total time for which application threads were stopped: 0.0048785 seconds, Stopping threads took: 0.0000279 seconds
42.075: [GC (Allocation Failure)  893965K->575501K(1033728K), 0.0047025 secs]
42.080: Total time for which application threads were stopped: 0.0048931 seconds, Stopping threads took: 0.0000196 seconds
42.148: [GC (Allocation Failure)  894477K->577157K(1033216K), 0.0048849 secs]
42.153: Total time for which application threads were stopped: 0.0050481 seconds, Stopping threads took: 0.0000194 seconds
42.222: [GC (Allocation Failure)  896133K->583592K(1033728K), 0.0045964 secs]
42.227: Total time for which application threads were stopped: 0.0047612 seconds, Stopping threads took: 0.0000205 seconds
42.293: [GC (Allocation Failure)  903080K->583528K(1033728K), 0.0049121 secs]
42.298: Total time for which application threads were stopped: 0.0050726 seconds, Stopping threads took: 0.0000193 seconds
42.363: [GC (Allocation Failure)  903016K->583880K(1033728K), 0.0047091 secs]
42.368: Total time for which application threads were stopped: 0.0049013 seconds, Stopping threads took: 0.0000188 seconds
42.436: [GC (Allocation Failure)  903368K->591626K(1033728K), 0.0048477 secs]
42.441: Total time for which application threads were stopped: 0.0049961 seconds, Stopping threads took: 0.0000170 seconds
42.509: [GC (Allocation Failure)  911114K->591562K(1033728K), 0.0047074 secs]
42.514: Total time for which application threads were stopped: 0.0048786 seconds, Stopping threads took: 0.0000280 seconds
42.579: [GC (Allocation Failure)  911050K->595178K(1033728K), 0.0054605 secs]
42.585: Total time for which application threads were stopped: 0.0056524 seconds, Stopping threads took: 0.0000215 seconds
42.654: [GC (Allocation Failure)  914666K->599692K(1034240K), 0.0047658 secs]
42.659: Total time for which application threads were stopped: 0.0049250 seconds, Stopping threads took: 0.0000169 seconds
42.727: [GC (Allocation Failure)  920204K->599596K(1034240K), 0.0049773 secs]
42.732: Total time for which application threads were stopped: 0.0051481 seconds, Stopping threads took: 0.0000205 seconds
42.799: [GC (Allocation Failure)  920108K->600332K(1034240K), 0.0048789 secs]
42.804: Total time for which application threads were stopped: 0.0050433 seconds, Stopping threads took: 0.0000196 seconds
42.873: [GC (Allocation Failure)  920844K->607662K(1034240K), 0.0048528 secs]
42.878: Total time for which application threads were stopped: 0.0050224 seconds, Stopping threads took: 0.0000200 seconds
42.946: [GC (Allocation Failure)  928174K->607630K(1034240K), 0.0048676 secs]
42.951: Total time for which application threads were stopped: 0.0050371 seconds, Stopping threads took: 0.0000195 seconds
43.019: [GC (Allocation Failure)  928142K->608558K(1034240K), 0.0048699 secs]
43.024: Total time for which application threads were stopped: 0.0050358 seconds, Stopping threads took: 0.0000195 seconds
43.092: [GC (Allocation Failure)  929070K->615665K(1034240K), 0.0048114 secs]
43.096: Total time for which application threads were stopped: 0.0049800 seconds, Stopping threads took: 0.0000197 seconds
43.164: [GC (Allocation Failure)  936177K->615665K(1034240K), 0.0104045 secs]
43.174: Total time for which application threads were stopped: 0.0105828 seconds, Stopping threads took: 0.0000197 seconds
43.242: [GC (Allocation Failure)  936177K->616841K(1034240K), 0.0049639 secs]
43.247: Total time for which application threads were stopped: 0.0051489 seconds, Stopping threads took: 0.0000205 seconds
43.315: [GC (Allocation Failure)  937353K->623755K(1034240K), 0.0051001 secs]
43.320: Total time for which application threads were stopped: 0.0052818 seconds, Stopping threads took: 0.0000214 seconds
43.389: [GC (Allocation Failure)  944267K->623691K(1034240K), 0.0074647 secs]
43.397: Total time for which application threads were stopped: 0.0076212 seconds, Stopping threads took: 0.0000168 seconds
43.465: [GC (Allocation Failure)  944203K->624035K(1020416K), 0.0049472 secs]
43.470: Total time for which application threads were stopped: 0.0051102 seconds, Stopping threads took: 0.0000261 seconds
43.538: [GC (Allocation Failure)  944547K->631781K(1033728K), 0.0050173 secs]
43.543: Total time for which application threads were stopped: 0.0052171 seconds, Stopping threads took: 0.0000206 seconds
43.612: [GC (Allocation Failure)  951269K->631717K(1033728K), 0.0049264 secs]
43.617: Total time for which application threads were stopped: 0.0051181 seconds, Stopping threads took: 0.0000202 seconds
43.683: [GC (Allocation Failure)  951205K->632269K(1033728K), 0.0050091 secs]
43.688: Total time for which application threads were stopped: 0.0051651 seconds, Stopping threads took: 0.0000196 seconds
43.756: [GC (Allocation Failure)  951757K->639791K(1033728K), 0.0057380 secs]
43.762: Total time for which application threads were stopped: 0.0059504 seconds, Stopping threads took: 0.0000247 seconds
43.830: [GC (Allocation Failure)  959279K->639791K(1033728K), 0.0048926 secs]
43.835: Total time for which application threads were stopped: 0.0050532 seconds, Stopping threads took: 0.0000204 seconds
43.901: [GC (Allocation Failure)  959279K->640487K(1033728K), 0.0049392 secs]
43.906: Total time for which application threads were stopped: 0.0051338 seconds, Stopping threads took: 0.0000203 seconds
43.976: [GC (Allocation Failure)  959975K->647786K(1033728K), 0.0049048 secs]
43.981: Total time for which application threads were stopped: 0.0050673 seconds, Stopping threads took: 0.0000261 seconds
44.049: [GC (Allocation Failure)  967274K->647786K(1033728K), 0.0048778 secs]
44.054: Total time for which application threads were stopped: 0.0050236 seconds, Stopping threads took: 0.0000171 seconds
44.121: [GC (Allocation Failure)  967274K->649770K(1033728K), 0.0052481 secs]
44.126: Total time for which application threads were stopped: 0.0054141 seconds, Stopping threads took: 0.0000170 seconds
44.194: [GC (Allocation Failure)  969258K->655852K(1033728K), 0.0048584 secs]
44.199: Total time for which application threads were stopped: 0.0050145 seconds, Stopping threads took: 0.0000200 seconds
44.268: [GC (Allocation Failure)  975340K->655852K(1033728K), 0.0049086 secs]
44.273: Total time for which application threads were stopped: 0.0050598 seconds, Stopping threads took: 0.0000177 seconds
44.340: [GC (Allocation Failure)  975340K->656972K(1033728K), 0.0051880 secs]
44.346: Total time for which application threads were stopped: 0.0053475 seconds, Stopping threads took: 0.0000199 seconds
44.414: [GC (Allocation Failure)  976460K->663854K(1033728K), 0.0050809 secs]
44.419: Total time for which application threads were stopped: 0.0052751 seconds, Stopping threads took: 0.0000200 seconds
44.487: [GC (Allocation Failure)  983342K->663822K(1033728K), 0.0047818 secs]
44.492: Total time for which application threads were stopped: 0.0049666 seconds, Stopping threads took: 0.0000279 seconds
44.560: [GC (Allocation Failure)  983310K->664166K(1033728K), 0.0047890 secs]
44.565: Total time for which application threads were stopped: 0.0049386 seconds, Stopping threads took: 0.0000171 seconds
44.632: [GC (Allocation Failure)  983654K->671881K(1033728K), 0.0048414 secs]
44.637: Total time for which application threads were stopped: 0.0050064 seconds, Stopping threads took: 0.0000189 seconds
44.704: [GC (Allocation Failure)  991369K->671849K(1033728K), 0.0048160 secs]
44.709: Total time for which application threads were stopped: 0.0049733 seconds, Stopping threads took: 0.0000195 seconds
44.776: [GC (Allocation Failure)  991337K->672425K(1033728K), 0.0049692 secs]
44.781: Total time for which application threads were stopped: 0.0051448 seconds, Stopping threads took: 0.0000219 seconds
44.849: [GC (Allocation Failure)  991913K->679947K(1033728K), 0.0050058 secs]
44.854: Total time for which application threads were stopped: 0.0051824 seconds, Stopping threads took: 0.0000193 seconds
44.921: [GC (Allocation Failure)  999435K->679915K(1033728K), 0.0050033 secs]
44.926: Total time for which application threads were stopped: 0.0051742 seconds, Stopping threads took: 0.0000205 seconds
44.992: [GC (Allocation Failure)  999403K->680643K(1033728K), 0.0052918 secs]
44.997: Total time for which application threads were stopped: 0.0054577 seconds, Stopping threads took: 0.0000254 seconds
45.065: [GC (Allocation Failure)  1000131K->687941K(1033728K), 0.0048022 secs]
45.070: Total time for which application threads were stopped: 0.0049691 seconds, Stopping threads took: 0.0000197 seconds
45.137: [GC (Allocation Failure)  1007429K->687941K(1033728K), 0.0050190 secs]
45.142: Total time for which application threads were stopped: 0.0051779 seconds, Stopping threads took: 0.0000194 seconds
45.208: [GC (Allocation Failure)  1007429K->688869K(1033728K), 0.0053076 secs]
45.213: [Full GC (Ergonomics)  688869K->9403K(1033728K), 0.0146508 secs]
45.228: Total time for which application threads were stopped: 0.0202104 seconds, Stopping threads took: 0.0000192 seconds
45.296: [GC (Allocation Failure)  328891K->17629K(1033728K), 0.0036977 secs]
45.300: Total time for which application threads were stopped: 0.0038765 seconds, Stopping threads took: 0.0000197 seconds
45.369: [GC (Allocation Failure)  337117K->17621K(1033728K), 0.0038308 secs]
45.372: Total time for which application threads were stopped: 0.0039985 seconds, Stopping threads took: 0.0000199 seconds
45.438: [GC (Allocation Failure)  337109K->17709K(1032704K), 0.0036707 secs]
45.442: Total time for which application threads were stopped: 0.0038283 seconds, Stopping threads took: 0.0000199 seconds
45.512: [GC (Allocation Failure)  336173K->25648K(1033216K), 0.0033461 secs]
45.516: Total time for which application threads were stopped: 0.0035145 seconds, Stopping threads took: 0.0000281 seconds
45.582: [GC (Allocation Failure)  344112K->25648K(1033216K), 0.0037935 secs]
45.586: Total time for which application threads were stopped: 0.0039618 seconds, Stopping threads took: 0.0000275 seconds
45.651: [GC (Allocation Failure)  344112K->25960K(1033216K), 0.0035855 secs]
45.654: Total time for which application threads were stopped: 0.0037763 seconds, Stopping threads took: 0.0000187 seconds
45.721: [GC (Allocation Failure)  344424K->33674K(1033216K), 0.0038250 secs]
45.725: Total time for which application threads were stopped: 0.0039800 seconds, Stopping threads took: 0.0000194 seconds
45.793: [GC (Allocation Failure)  352138K->33706K(1033216K), 0.0036147 secs]
45.797: Total time for which application threads were stopped: 0.0037824 seconds, Stopping threads took: 0.0000195 seconds
45.861: [GC (Allocation Failure)  352170K->34186K(1033216K), 0.0037185 secs]
45.864: Total time for which application threads were stopped: 0.0038908 seconds, Stopping threads took: 0.0000195 seconds
45.934: [GC (Allocation Failure)  352650K->41708K(1033216K), 0.0037212 secs]
45.937: Total time for which application threads were stopped: 0.0038848 seconds, Stopping threads took: 0.0000206 seconds
46.004: [GC (Allocation Failure)  360172K->41676K(1033216K), 0.0037094 secs]
46.007: Total time for which application threads were stopped: 0.0038704 seconds, Stopping threads took: 0.0000207 seconds
46.073: [GC (Allocation Failure)  360140K->41932K(1033216K), 0.0038637 secs]
46.077: Total time for which application threads were stopped: 0.0040568 seconds, Stopping threads took: 0.0000193 seconds
46.146: [GC (Allocation Failure)  360396K->49774K(1033216K), 0.0039520 secs]
46.150: Total time for which application threads were stopped: 0.0041385 seconds, Stopping threads took: 0.0000171 seconds
46.217: [GC (Allocation Failure)  368238K->49710K(1033216K), 0.0040265 secs]
46.221: Total time for which application threads were stopped: 0.0042237 seconds, Stopping threads took: 0.0000221 seconds
46.285: [GC (Allocation Failure)  368174K->49894K(1033216K), 0.0036666 secs]
46.289: Total time for which application threads were stopped: 0.0038381 seconds, Stopping threads took: 0.0000222 seconds
46.355: [GC (Allocation Failure)  368358K->57769K(1033216K), 0.0036787 secs]
46.359: Total time for which application threads were stopped: 0.0038419 seconds, Stopping threads took: 0.0000200 seconds
46.424: [GC (Allocation Failure)  376233K->57769K(1033216K), 0.0037916 secs]
46.428: Total time for which application threads were stopped: 0.0039600 seconds, Stopping threads took: 0.0000196 seconds
46.494: [GC (Allocation Failure)  376233K->57833K(1033216K), 0.0038224 secs]
46.498: Total time for which application threads were stopped: 0.0040408 seconds, Stopping threads took: 0.0000260 seconds
46.563: [GC (Allocation Failure)  376297K->65803K(1033216K), 0.0039069 secs]
46.567: Total time for which application threads were stopped: 0.0041018 seconds, Stopping threads took: 0.0000197 seconds
46.635: [GC (Allocation Failure)  384267K->65803K(1033216K), 0.0037195 secs]
46.638: Total time for which application threads were stopped: 0.0038858 seconds, Stopping threads took: 0.0000189 seconds
46.703: [GC (Allocation Failure)  384267K->66123K(1033216K), 0.0037859 secs]
46.707: Total time for which application threads were stopped: 0.0039473 seconds, Stopping threads took: 0.0000194 seconds
46.775: [GC (Allocation Failure)  384587K->73837K(1033216K), 0.0065184 secs]
46.782: Total time for which application threads were stopped: 0.0066706 seconds, Stopping threads took: 0.0000180 seconds
46.847: [GC (Allocation Failure)  392301K->73837K(1033216K), 0.0036521 secs]
46.851: Total time for which application threads were stopped: 0.0038130 seconds, Stopping threads took: 0.0000194 seconds
46.916: [GC (Allocation Failure)  392301K->74085K(1033216K), 0.0039976 secs]
46.920: Total time for which application threads were stopped: 0.0041703 seconds, Stopping threads took: 0.0000197 seconds
46.987: [GC (Allocation Failure)  392549K->81864K(1033216K), 0.0038559 secs]
46.991: Total time for which application threads were stopped: 0.0040717 seconds, Stopping threads took: 0.0000273 seconds
47.060: [GC (Allocation Failure)  400328K->75941K(1033216K), 0.0014870 secs]
47.062: Total time for which application threads were stopped: 0.0016106 seconds, Stopping threads took: 0.0000171 seconds
47.128: [GC (Allocation Failure)  394405K->82032K(1034240K), 0.0039549 secs]
47.132: Total time for which application threads were stopped: 0.0041322 seconds, Stopping threads took: 0.0000262 seconds
47.201: [GC (Allocation Failure)  402032K->86016K(1033728K), 0.0044696 secs]
47.205: Total time for which application threads were stopped: 0.0046335 seconds, Stopping threads took: 0.0000194 seconds
47.271: [GC (Allocation Failure)  406016K->91613K(1029632K), 0.0063761 secs]
47.277: Total time for which application threads were stopped: 0.0065548 seconds, Stopping threads took: 0.0000202 seconds
47.345: [GC (Allocation Failure)  407005K->86112K(1031680K), 0.0039268 secs]
47.349: Total time for which application threads were stopped: 0.0041215 seconds, Stopping threads took: 0.0000197 seconds
47.416: [GC (Allocation Failure)  401504K->85984K(1032704K), 0.0035821 secs]
47.419: Total time for which application threads were stopped: 0.0037666 seconds, Stopping threads took: 0.0000178 seconds
47.486: [GC (Allocation Failure)  402912K->88072K(1032192K), 0.0039539 secs]
47.490: Total time for which application threads were stopped: 0.0041221 seconds, Stopping threads took: 0.0000267 seconds
47.557: [GC (Allocation Failure)  405000K->94090K(1032704K), 0.0038814 secs]
47.561: Total time for which application threads were stopped: 0.0040586 seconds, Stopping threads took: 0.0000251 seconds
47.628: [GC (Allocation Failure)  411530K->94058K(1032704K), 0.0040415 secs]
47.632: Total time for which application threads were stopped: 0.0042388 seconds, Stopping threads took: 0.0000208 seconds
47.700: [GC (Allocation Failure)  411498K->96810K(1033216K), 0.0042579 secs]
47.704: Total time for which application threads were stopped: 0.0044098 seconds, Stopping threads took: 0.0000171 seconds
47.771: [GC (Allocation Failure)  415274K->102124K(1033216K), 0.0045269 secs]
47.776: Total time for which application threads were stopped: 0.0047392 seconds, Stopping threads took: 0.0000259 seconds
47.842: [GC (Allocation Failure)  420588K->102124K(1033728K), 0.0039421 secs]
47.846: Total time for which application threads were stopped: 0.0041098 seconds, Stopping threads took: 0.0000193 seconds
47.911: [GC (Allocation Failure)  421612K->106028K(1033728K), 0.0049230 secs]
47.916: Total time for which application threads were stopped: 0.0050927 seconds, Stopping threads took: 0.0000197 seconds
47.985: [GC (Allocation Failure)  425516K->110254K(1034240K), 0.0038699 secs]
47.989: Total time for which application threads were stopped: 0.0040439 seconds, Stopping threads took: 0.0000264 seconds
48.057: [GC (Allocation Failure)  430766K->110158K(1034240K), 0.0038162 secs]
48.061: Total time for which application threads were stopped: 0.0039795 seconds, Stopping threads took: 0.0000198 seconds
48.126: [GC (Allocation Failure)  430670K->111142K(1034240K), 0.0041121 secs]
48.131: Total time for which application threads were stopped: 0.0042820 seconds, Stopping threads took: 0.0000200 seconds
48.198: [GC (Allocation Failure)  431654K->118217K(1034240K), 0.0039544 secs]
48.202: Total time for which application threads were stopped: 0.0041311 seconds, Stopping threads took: 0.0000279 seconds
48.269: [GC (Allocation Failure)  438729K->118153K(1034240K), 0.0037946 secs]
48.273: Total time for which application threads were stopped: 0.0039780 seconds, Stopping threads took: 0.0000194 seconds
48.337: [GC (Allocation Failure)  438665K->121441K(1034240K), 0.0056853 secs]
48.343: Total time for which application threads were stopped: 0.0058590 seconds, Stopping threads took: 0.0000202 seconds
48.411: [GC (Allocation Failure)  441953K->126211K(1034752K), 0.0039730 secs]
48.415: Total time for which application threads were stopped: 0.0041440 seconds, Stopping threads took: 0.0000221 seconds
48.482: [GC (Allocation Failure)  447747K->126211K(1034752K), 0.0036393 secs]
48.486: Total time for which application threads were stopped: 0.0038411 seconds, Stopping threads took: 0.0000278 seconds
48.553: [GC (Allocation Failure)  447747K->129675K(1034752K), 0.0045126 secs]
48.557: Total time for which application threads were stopped: 0.0046636 seconds, Stopping threads took: 0.0000170 seconds
48.623: [GC (Allocation Failure)  451211K->134253K(1034752K), 0.0041209 secs]
48.628: Total time for which application threads were stopped: 0.0042899 seconds, Stopping threads took: 0.0000195 seconds
48.693: [GC (Allocation Failure)  455789K->134189K(1035264K), 0.0069154 secs]
48.700: Total time for which application threads were stopped: 0.0071134 seconds, Stopping threads took: 0.0000204 seconds
48.769: [GC (Allocation Failure)  456237K->135365K(1034752K), 0.0046272 secs]
48.774: Total time for which application threads were stopped: 0.0048235 seconds, Stopping threads took: 0.0000255 seconds
48.844: [GC (Allocation Failure)  457413K->142279K(1034752K), 0.0038058 secs]
48.848: Total time for which application threads were stopped: 0.0039976 seconds, Stopping threads took: 0.0000195 seconds
48.915: [GC (Allocation Failure)  463815K->142247K(1034752K), 0.0038906 secs]
48.919: Total time for which application threads were stopped: 0.0040820 seconds, Stopping threads took: 0.0000199 seconds
48.986: [GC (Allocation Failure)  463783K->145127K(1034752K), 0.0042882 secs]
48.991: Total time for which application threads were stopped: 0.0044849 seconds, Stopping threads took: 0.0000259 seconds
49.060: [GC (Allocation Failure)  466663K->150378K(1034752K), 0.0039538 secs]
49.064: Total time for which application threads were stopped: 0.0041182 seconds, Stopping threads took: 0.0000203 seconds
49.132: [GC (Allocation Failure)  471914K->150250K(1034752K), 0.0040167 secs]
49.136: Total time for which application threads were stopped: 0.0042158 seconds, Stopping threads took: 0.0000289 seconds
49.202: [GC (Allocation Failure)  471786K->154410K(1034752K), 0.0047879 secs]
49.207: Total time for which application threads were stopped: 0.0049501 seconds, Stopping threads took: 0.0000199 seconds
49.273: [GC (Allocation Failure)  475946K->158348K(1035264K), 0.0039375 secs]
49.277: Total time for which application threads were stopped: 0.0041144 seconds, Stopping threads took: 0.0000203 seconds
49.346: [GC (Allocation Failure)  480908K->158316K(1035264K), 0.0038832 secs]
49.350: Total time for which application threads were stopped: 0.0040874 seconds, Stopping threads took: 0.0000224 seconds
49.418: [GC (Allocation Failure)  480876K->161612K(1035264K), 0.0046744 secs]
49.422: Total time for which application threads were stopped: 0.0048295 seconds, Stopping threads took: 0.0000184 seconds
49.493: [GC (Allocation Failure)  484172K->166350K(1035264K), 0.0036995 secs]
49.497: Total time for which application threads were stopped: 0.0038665 seconds, Stopping threads took: 0.0000265 seconds
49.564: [GC (Allocation Failure)  488910K->166350K(1035264K), 0.0038716 secs]
49.568: Total time for which application threads were stopped: 0.0040419 seconds, Stopping threads took: 0.0000245 seconds
49.635: [GC (Allocation Failure)  488910K->169838K(1035264K), 0.0049487 secs]
49.640: Total time for which application threads were stopped: 0.0051215 seconds, Stopping threads took: 0.0000196 seconds
49.705: [GC (Allocation Failure)  492398K->174352K(1035776K), 0.0041455 secs]
49.710: Total time for which application threads were stopped: 0.0043506 seconds, Stopping threads took: 0.0000197 seconds
49.781: [GC (Allocation Failure)  497936K->174416K(1035776K), 0.0041347 secs]
49.785: Total time for which application threads were stopped: 0.0042940 seconds, Stopping threads took: 0.0000181 seconds
49.853: [GC (Allocation Failure)  498000K->176040K(1034752K), 0.0040694 secs]
49.857: Total time for which application threads were stopped: 0.0042408 seconds, Stopping threads took: 0.0000197 seconds
49.926: [GC (Allocation Failure)  498600K->182411K(1035264K), 0.0039054 secs]
49.930: Total time for which application threads were stopped: 0.0040985 seconds, Stopping threads took: 0.0000190 seconds
49.999: [GC (Allocation Failure)  504971K->182443K(1035264K), 0.0040369 secs]
50.003: Total time for which application threads were stopped: 0.0041938 seconds, Stopping threads took: 0.0000255 seconds
50.070: [GC (Allocation Failure)  505003K->184267K(1035264K), 0.0042408 secs]
50.074: Total time for which application threads were stopped: 0.0044201 seconds, Stopping threads took: 0.0000199 seconds
50.144: [GC (Allocation Failure)  506827K->190541K(1035264K), 0.0039809 secs]
50.148: Total time for which application threads were stopped: 0.0041475 seconds, Stopping threads took: 0.0000209 seconds
50.218: [GC (Allocation Failure)  513101K->190445K(1035264K), 0.0041409 secs]
50.222: Total time for which application threads were stopped: 0.0043125 seconds, Stopping threads took: 0.0000200 seconds
50.288: [GC (Allocation Failure)  513005K->184395K(1035264K), 0.0017148 secs]
50.290: Total time for which application threads were stopped: 0.0018657 seconds, Stopping threads took: 0.0000198 seconds
50.358: [GC (Allocation Failure)  506955K->190477K(1035264K), 0.0041618 secs]
50.362: Total time for which application threads were stopped: 0.0043455 seconds, Stopping threads took: 0.0000213 seconds
50.431: [GC (Allocation Failure)  513037K->190445K(1035264K), 0.0041190 secs]
50.435: Total time for which application threads were stopped: 0.0043198 seconds, Stopping threads took: 0.0000216 seconds
50.505: [GC (Allocation Failure)  513005K->188747K(1035264K), 0.0032148 secs]
50.508: Total time for which application threads were stopped: 0.0033814 seconds, Stopping threads took: 0.0000251 seconds
50.576: [GC (Allocation Failure)  511307K->190669K(1035776K), 0.0040401 secs]
50.580: Total time for which application threads were stopped: 0.0042180 seconds, Stopping threads took: 0.0000261 seconds
50.647: [GC (Allocation Failure)  514253K->190445K(1035776K), 0.0040485 secs]
50.652: Total time for which application threads were stopped: 0.0042198 seconds, Stopping threads took: 0.0000210 seconds
50.717: [GC (Allocation Failure)  514029K->195083K(1032704K), 0.0077794 secs]
50.725: Total time for which application threads were stopped: 0.0079611 seconds, Stopping threads took: 0.0000202 seconds
50.795: [GC (Allocation Failure)  515595K->190637K(1034240K), 0.0042702 secs]
50.799: Total time for which application threads were stopped: 0.0044403 seconds, Stopping threads took: 0.0000197 seconds
50.867: [GC (Allocation Failure)  511149K->190477K(1034752K), 0.0039201 secs]
50.871: Total time for which application threads were stopped: 0.0041171 seconds, Stopping threads took: 0.0000208 seconds
50.939: [GC (Allocation Failure)  511501K->193771K(1032192K), 0.0055135 secs]
50.944: Total time for which application threads were stopped: 0.0056814 seconds, Stopping threads took: 0.0000198 seconds
51.011: [GC (Allocation Failure)  514795K->190573K(1034752K), 0.0040921 secs]
51.016: Total time for which application threads were stopped: 0.0042699 seconds, Stopping threads took: 0.0000195 seconds
51.082: [GC (Allocation Failure)  511085K->190445K(1033728K), 0.0042722 secs]
51.087: Total time for which application threads were stopped: 0.0044320 seconds, Stopping threads took: 0.0000190 seconds
51.153: [GC (Allocation Failure)  510957K->192395K(1034240K), 0.0048516 secs]
51.158: Total time for which application threads were stopped: 0.0050248 seconds, Stopping threads took: 0.0000186 seconds
51.226: [GC (Allocation Failure)  513931K->190509K(1034752K), 0.0039912 secs]
51.230: Total time for which application threads were stopped: 0.0041783 seconds, Stopping threads took: 0.0000197 seconds
51.297: [GC (Allocation Failure)  512045K->190477K(1035776K), 0.0041086 secs]
51.301: Total time for which application threads were stopped: 0.0043080 seconds, Stopping threads took: 0.0000217 seconds
51.368: [GC (Allocation Failure)  513549K->195187K(1035264K), 0.0058647 secs]
51.374: Total time for which application threads were stopped: 0.0060312 seconds, Stopping threads took: 0.0000164 seconds
51.441: [GC (Allocation Failure)  518259K->190533K(1034240K), 0.0042609 secs]
51.446: Total time for which application threads were stopped: 0.0044467 seconds, Stopping threads took: 0.0000206 seconds
51.516: [GC (Allocation Failure)  512069K->190469K(1034752K), 0.0040318 secs]
51.520: Total time for which application threads were stopped: 0.0042160 seconds, Stopping threads took: 0.0000259 seconds
51.585: [GC (Allocation Failure)  512005K->197931K(1031168K), 0.0074972 secs]
51.593: Total time for which application threads were stopped: 0.0076499 seconds, Stopping threads took: 0.0000185 seconds
51.660: [GC (Allocation Failure)  516395K->192941K(1033216K), 0.0041901 secs]
51.664: Total time for which application threads were stopped: 0.0043625 seconds, Stopping threads took: 0.0000203 seconds
51.730: [GC (Allocation Failure)  511405K->192685K(1034240K), 0.0041604 secs]
51.735: Total time for which application threads were stopped: 0.0043283 seconds, Stopping threads took: 0.0000201 seconds
51.801: [GC (Allocation Failure)  512685K->193707K(1033728K), 0.0046614 secs]
51.806: Total time for which application threads were stopped: 0.0048496 seconds, Stopping threads took: 0.0000249 seconds
51.876: [GC (Allocation Failure)  513707K->192845K(1034752K), 0.0040207 secs]
51.880: Total time for which application threads were stopped: 0.0042047 seconds, Stopping threads took: 0.0000175 seconds
51.948: [GC (Allocation Failure)  514381K->192717K(1034752K), 0.0040380 secs]
51.952: Total time for which application threads were stopped: 0.0042082 seconds, Stopping threads took: 0.0000197 seconds
52.019: [GC (Allocation Failure)  514253K->193387K(1035776K), 0.0044199 secs]
52.024: Total time for which application threads were stopped: 0.0045772 seconds, Stopping threads took: 0.0000251 seconds
52.092: [GC (Allocation Failure)  516459K->192813K(1035264K), 0.0042625 secs]
52.096: Total time for which application threads were stopped: 0.0044341 seconds, Stopping threads took: 0.0000202 seconds
52.162: [GC (Allocation Failure)  515885K->192685K(1036288K), 0.0072622 secs]
52.170: Total time for which application threads were stopped: 0.0074063 seconds, Stopping threads took: 0.0000202 seconds
52.237: [GC (Allocation Failure)  516781K->200235K(1035776K), 0.0076381 secs]
52.245: Total time for which application threads were stopped: 0.0078065 seconds, Stopping threads took: 0.0000190 seconds
52.313: [GC (Allocation Failure)  524331K->196077K(1032704K), 0.0040907 secs]
52.317: Total time for which application threads were stopped: 0.0042501 seconds, Stopping threads took: 0.0000197 seconds
52.383: [GC (Allocation Failure)  516589K->196045K(1034240K), 0.0042499 secs]
52.388: Total time for which application threads were stopped: 0.0044122 seconds, Stopping threads took: 0.0000196 seconds
52.455: [GC (Allocation Failure)  516557K->188939K(1033216K), 0.0012424 secs]
52.456: Total time for which application threads were stopped: 0.0013662 seconds, Stopping threads took: 0.0000196 seconds
52.523: [GC (Allocation Failure)  508427K->196021K(1033728K), 0.0039232 secs]
52.527: Total time for which application threads were stopped: 0.0040917 seconds, Stopping threads took: 0.0000194 seconds
52.596: [GC (Allocation Failure)  515509K->200165K(1034752K), 0.0050017 secs]
52.601: Total time for which application threads were stopped: 0.0051950 seconds, Stopping threads took: 0.0000201 seconds
52.669: [GC (Allocation Failure)  521189K->206067K(1034240K), 0.0064035 secs]
52.676: Total time for which application threads were stopped: 0.0065751 seconds, Stopping threads took: 0.0000199 seconds
52.743: [GC (Allocation Failure)  527091K->200533K(1033216K), 0.0041180 secs]
52.747: Total time for which application threads were stopped: 0.0042823 seconds, Stopping threads took: 0.0000202 seconds
52.814: [GC (Allocation Failure)  520021K->200309K(1033728K), 0.0040478 secs]
52.818: Total time for which application threads were stopped: 0.0042056 seconds, Stopping threads took: 0.0000200 seconds
52.886: [GC (Allocation Failure)  519797K->202867K(1033216K), 0.0050928 secs]
52.891: Total time for which application threads were stopped: 0.0052624 seconds, Stopping threads took: 0.0000171 seconds
52.959: [GC (Allocation Failure)  522355K->200469K(1033728K), 0.0042430 secs]
52.964: Total time for which application threads were stopped: 0.0044364 seconds, Stopping threads took: 0.0000262 seconds
53.032: [GC (Allocation Failure)  519957K->200341K(1034752K), 0.0041938 secs]
53.036: Total time for which application threads were stopped: 0.0043937 seconds, Stopping threads took: 0.0000266 seconds
53.105: [GC (Allocation Failure)  521365K->199507K(1034240K), 0.0036275 secs]
53.108: Total time for which application threads were stopped: 0.0038022 seconds, Stopping threads took: 0.0000266 seconds
53.174: [GC (Allocation Failure)  520531K->200437K(1035264K), 0.0041314 secs]
53.178: Total time for which application threads were stopped: 0.0043007 seconds, Stopping threads took: 0.0000194 seconds
53.246: [GC (Allocation Failure)  522485K->200309K(1034752K), 0.0041188 secs]
53.250: Total time for which application threads were stopped: 0.0043025 seconds, Stopping threads took: 0.0000219 seconds
53.319: [GC (Allocation Failure)  522357K->201235K(1035776K), 0.0044314 secs]
53.324: Total time for which application threads were stopped: 0.0045980 seconds, Stopping threads took: 0.0000195 seconds
53.391: [GC (Allocation Failure)  524819K->200341K(1035776K), 0.0041267 secs]
53.396: Total time for which application threads were stopped: 0.0042945 seconds, Stopping threads took: 0.0000195 seconds
53.465: [GC (Allocation Failure)  523925K->200309K(1036800K), 0.0040598 secs]
53.469: Total time for which application threads were stopped: 0.0042318 seconds, Stopping threads took: 0.0000195 seconds
53.537: [GC (Allocation Failure)  525429K->193747K(1026048K), 0.0014735 secs]
53.538: Total time for which application threads were stopped: 0.0015964 seconds, Stopping threads took: 0.0000163 seconds
53.606: [GC (Allocation Failure)  518867K->200573K(1036288K), 0.0041045 secs]
53.611: Total time for which application threads were stopped: 0.0042810 seconds, Stopping threads took: 0.0000255 seconds
53.678: [GC (Allocation Failure)  524669K->204445K(1035776K), 0.0050037 secs]
53.683: Total time for which application threads were stopped: 0.0051744 seconds, Stopping threads took: 0.0000205 seconds
53.751: [GC (Allocation Failure)  528541K->204477K(1036800K), 0.0090175 secs]
53.760: Total time for which application threads were stopped: 0.0091647 seconds, Stopping threads took: 0.0000174 seconds
53.827: [GC (Allocation Failure)  529597K->204701K(1025024K), 0.0041083 secs]
53.832: Total time for which application threads were stopped: 0.0042720 seconds, Stopping threads took: 0.0000204 seconds
53.900: [GC (Allocation Failure)  529821K->212511K(1035776K), 0.0039319 secs]
53.904: Total time for which application threads were stopped: 0.0040993 seconds, Stopping threads took: 0.0000205 seconds
53.972: [GC (Allocation Failure)  536095K->212479K(1035776K), 0.0039241 secs]
53.976: Total time for which application threads were stopped: 0.0040908 seconds, Stopping threads took: 0.0000261 seconds
54.044: [GC (Allocation Failure)  536063K->212551K(1034240K), 0.0041354 secs]
54.048: Total time for which application threads were stopped: 0.0043005 seconds, Stopping threads took: 0.0000258 seconds
54.116: [GC (Allocation Failure)  535111K->220522K(1035264K), 0.0040064 secs]
54.120: Total time for which application threads were stopped: 0.0041892 seconds, Stopping threads took: 0.0000209 seconds
54.188: [GC (Allocation Failure)  543082K->220522K(1035776K), 0.0039294 secs]
54.192: Total time for which application threads were stopped: 0.0041239 seconds, Stopping threads took: 0.0000203 seconds
54.261: [GC (Allocation Failure)  543594K->220650K(1035264K), 0.0040923 secs]
54.265: Total time for which application threads were stopped: 0.0042527 seconds, Stopping threads took: 0.0000196 seconds
54.332: [GC (Allocation Failure)  543722K->228588K(1034240K), 0.0041507 secs]
54.336: Total time for which application threads were stopped: 0.0043169 seconds, Stopping threads took: 0.0000193 seconds
54.402: [GC (Allocation Failure)  550124K->228588K(1034752K), 0.0040632 secs]
54.406: Total time for which application threads were stopped: 0.0042359 seconds, Stopping threads took: 0.0000207 seconds
54.473: [GC (Allocation Failure)  550124K->228780K(1034240K), 0.0040751 secs]
54.477: Total time for which application threads were stopped: 0.0042346 seconds, Stopping threads took: 0.0000194 seconds
54.545: [GC (Allocation Failure)  550316K->236622K(1034752K), 0.0042600 secs]
54.550: Total time for which application threads were stopped: 0.0044422 seconds, Stopping threads took: 0.0000247 seconds
54.615: [GC (Allocation Failure)  558158K->236622K(1034752K), 0.0042053 secs]
54.620: Total time for which application threads were stopped: 0.0043655 seconds, Stopping threads took: 0.0000203 seconds
54.684: [GC (Allocation Failure)  558158K->237030K(1021440K), 0.0042958 secs]
54.689: Total time for which application threads were stopped: 0.0044654 seconds, Stopping threads took: 0.0000196 seconds
54.757: [GC (Allocation Failure)  558566K->244616K(1034240K), 0.0060697 secs]
54.763: Total time for which application threads were stopped: 0.0062320 seconds, Stopping threads took: 0.0000244 seconds
54.830: [GC (Allocation Failure)  565128K->244616K(1034240K), 0.0044272 secs]
54.834: Total time for which application threads were stopped: 0.0045956 seconds, Stopping threads took: 0.0000196 seconds
54.900: [GC (Allocation Failure)  565128K->244744K(1034240K), 0.0041907 secs]
54.904: Total time for which application threads were stopped: 0.0043567 seconds, Stopping threads took: 0.0000210 seconds
54.971: [GC (Allocation Failure)  565256K->252651K(1034240K), 0.0049450 secs]
54.976: Total time for which application threads were stopped: 0.0051424 seconds, Stopping threads took: 0.0000293 seconds
55.044: [GC (Allocation Failure)  573163K->252651K(1034240K), 0.0041530 secs]
55.048: Total time for which application threads were stopped: 0.0043252 seconds, Stopping threads took: 0.0000227 seconds
55.115: [GC (Allocation Failure)  573163K->252715K(1020416K), 0.0041744 secs]
55.119: Total time for which application threads were stopped: 0.0043525 seconds, Stopping threads took: 0.0000285 seconds
55.188: [GC (Allocation Failure)  573227K->260685K(1033728K), 0.0042570 secs]
55.193: Total time for which application threads were stopped: 0.0044297 seconds, Stopping threads took: 0.0000202 seconds
55.258: [GC (Allocation Failure)  580173K->260685K(1033728K), 0.0042531 secs]
55.263: Total time for which application threads were stopped: 0.0044455 seconds, Stopping threads took: 0.0000189 seconds
55.329: [GC (Allocation Failure)  580173K->260717K(1033728K), 0.0042442 secs]
55.333: Total time for which application threads were stopped: 0.0044178 seconds, Stopping threads took: 0.0000196 seconds
55.400: [GC (Allocation Failure)  580205K->268751K(1033728K), 0.0043483 secs]
55.404: Total time for which application threads were stopped: 0.0045061 seconds, Stopping threads took: 0.0000192 seconds
55.471: [GC (Allocation Failure)  588239K->268719K(1033728K), 0.0039611 secs]
55.475: Total time for which application threads were stopped: 0.0041338 seconds, Stopping threads took: 0.0000194 seconds
55.541: [GC (Allocation Failure)  588207K->268935K(1033728K), 0.0039878 secs]
55.545: Total time for which application threads were stopped: 0.0041468 seconds, Stopping threads took: 0.0000170 seconds
55.611: [GC (Allocation Failure)  588423K->276777K(1032704K), 0.0041246 secs]
55.615: Total time for which application threads were stopped: 0.0043174 seconds, Stopping threads took: 0.0000196 seconds
55.685: [GC (Allocation Failure)  595241K->276777K(1033216K), 0.0041979 secs]
55.689: Total time for which application threads were stopped: 0.0043493 seconds, Stopping threads took: 0.0000174 seconds
55.754: [GC (Allocation Failure)  595241K->277169K(1033216K), 0.0060016 secs]
55.760: Total time for which application threads were stopped: 0.0061761 seconds, Stopping threads took: 0.0000248 seconds
55.829: [GC (Allocation Failure)  595633K->284820K(1033216K), 0.0042940 secs]
55.833: Total time for which application threads were stopped: 0.0044589 seconds, Stopping threads took: 0.0000203 seconds
55.898: [GC (Allocation Failure)  603284K->284788K(1033216K), 0.0040928 secs]
55.903: Total time for which application threads were stopped: 0.0042549 seconds, Stopping threads took: 0.0000205 seconds
55.967: [GC (Allocation Failure)  603252K->284852K(1033216K), 0.0042425 secs]
55.971: Total time for which application threads were stopped: 0.0044480 seconds, Stopping threads took: 0.0000201 seconds
56.040: [GC (Allocation Failure)  603316K->292822K(1033216K), 0.0042878 secs]
56.044: Total time for which application threads were stopped: 0.0044897 seconds, Stopping threads took: 0.0000269 seconds
56.111: [GC (Allocation Failure)  611286K->286004K(1033216K), 0.0016080 secs]
56.113: Total time for which application threads were stopped: 0.0017391 seconds, Stopping threads took: 0.0000201 seconds
56.181: [GC (Allocation Failure)  604468K->292886K(1033728K), 0.0040473 secs]
56.185: Total time for which application threads were stopped: 0.0042129 seconds, Stopping threads took: 0.0000203 seconds
56.252: [GC (Allocation Failure)  611862K->296966K(1033216K), 0.0069637 secs]
56.259: Total time for which application threads were stopped: 0.0071374 seconds, Stopping threads took: 0.0000205 seconds
56.328: [GC (Allocation Failure)  615942K->299588K(1031680K), 0.0053418 secs]
56.334: Total time for which application threads were stopped: 0.0055023 seconds, Stopping threads took: 0.0000196 seconds
56.400: [GC (Allocation Failure)  617028K->297158K(1032704K), 0.0043307 secs]
56.405: Total time for which application threads were stopped: 0.0044911 seconds, Stopping threads took: 0.0000199 seconds
56.471: [GC (Allocation Failure)  614598K->296934K(1033216K), 0.0064899 secs]
56.478: Total time for which application threads were stopped: 0.0066520 seconds, Stopping threads took: 0.0000201 seconds
56.544: [GC (Allocation Failure)  614886K->288996K(1032704K), 0.0011423 secs]
56.545: Total time for which application threads were stopped: 0.0012651 seconds, Stopping threads took: 0.0000196 seconds
56.611: [GC (Allocation Failure)  606948K->297126K(1033216K), 0.0042611 secs]
56.615: Total time for which application threads were stopped: 0.0044319 seconds, Stopping threads took: 0.0000195 seconds
56.682: [GC (Allocation Failure)  615078K->296966K(1032704K), 0.0040693 secs]
56.686: Total time for which application threads were stopped: 0.0042592 seconds, Stopping threads took: 0.0000183 seconds
56.753: [GC (Allocation Failure)  614918K->299846K(1033728K), 0.0094052 secs]
56.762: Total time for which application threads were stopped: 0.0095565 seconds, Stopping threads took: 0.0000239 seconds
56.830: [GC (Allocation Failure)  618822K->305096K(1033216K), 0.0042416 secs]
56.835: Total time for which application threads were stopped: 0.0044462 seconds, Stopping threads took: 0.0000198 seconds
56.904: [GC (Allocation Failure)  624072K->305000K(1033728K), 0.0043437 secs]
56.909: Total time for which application threads were stopped: 0.0045148 seconds, Stopping threads took: 0.0000194 seconds
56.975: [GC (Allocation Failure)  624488K->306024K(1033728K), 0.0042097 secs]
56.979: Total time for which application threads were stopped: 0.0043841 seconds, Stopping threads took: 0.0000264 seconds
57.046: [GC (Allocation Failure)  625512K->313066K(1033728K), 0.0041236 secs]
57.050: Total time for which application threads were stopped: 0.0042987 seconds, Stopping threads took: 0.0000206 seconds
57.119: [GC (Allocation Failure)  632554K->313034K(1033728K), 0.0042254 secs]
57.124: Total time for which application threads were stopped: 0.0043760 seconds, Stopping threads took: 0.0000171 seconds
57.190: [GC (Allocation Failure)  632522K->313250K(1033728K), 0.0043362 secs]
57.194: Total time for which application threads were stopped: 0.0045237 seconds, Stopping threads took: 0.0000284 seconds
57.262: [GC (Allocation Failure)  632738K->321093K(1033728K), 0.0040945 secs]
57.266: Total time for which application threads were stopped: 0.0042654 seconds, Stopping threads took: 0.0000202 seconds
57.333: [GC (Allocation Failure)  640581K->321093K(1033728K), 0.0042137 secs]
57.337: Total time for which application threads were stopped: 0.0043875 seconds, Stopping threads took: 0.0000196 seconds
57.404: [GC (Allocation Failure)  640581K->324557K(1033728K), 0.0051342 secs]
57.409: Total time for which application threads were stopped: 0.0053080 seconds, Stopping threads took: 0.0000210 seconds
57.477: [GC (Allocation Failure)  644045K->329199K(1034240K), 0.0041290 secs]
57.481: Total time for which application threads were stopped: 0.0042951 seconds, Stopping threads took: 0.0000262 seconds
57.548: [GC (Allocation Failure)  649711K->329103K(1034240K), 0.0044786 secs]
57.552: Total time for which application threads were stopped: 0.0046412 seconds, Stopping threads took: 0.0000201 seconds
57.620: [GC (Allocation Failure)  649615K->329703K(1033216K), 0.0042116 secs]
57.624: Total time for which application threads were stopped: 0.0043759 seconds, Stopping threads took: 0.0000196 seconds
57.692: [GC (Allocation Failure)  649191K->337129K(1033728K), 0.0043723 secs]
57.696: Total time for which application threads were stopped: 0.0045343 seconds, Stopping threads took: 0.0000202 seconds
57.764: [GC (Allocation Failure)  656617K->337129K(1034240K), 0.0105311 secs]
57.774: Total time for which application threads were stopped: 0.0107223 seconds, Stopping threads took: 0.0000198 seconds
57.842: [GC (Allocation Failure)  657129K->337353K(1033728K), 0.0041998 secs]
57.847: Total time for which application threads were stopped: 0.0043677 seconds, Stopping threads took: 0.0000193 seconds
57.914: [GC (Allocation Failure)  657353K->345163K(1033728K), 0.0044189 secs]
57.919: Total time for which application threads were stopped: 0.0045887 seconds, Stopping threads took: 0.0000187 seconds
57.985: [GC (Allocation Failure)  664651K->345163K(1033728K), 0.0042932 secs]
57.989: Total time for which application threads were stopped: 0.0044821 seconds, Stopping threads took: 0.0000279 seconds
58.055: [GC (Allocation Failure)  664651K->345323K(1033728K), 0.0042961 secs]
58.059: Total time for which application threads were stopped: 0.0044753 seconds, Stopping threads took: 0.0000169 seconds
58.128: [GC (Allocation Failure)  664811K->353230K(1033728K), 0.0043139 secs]
58.132: Total time for which application threads were stopped: 0.0044960 seconds, Stopping threads took: 0.0000174 seconds
58.200: [GC (Allocation Failure)  672718K->353230K(1033728K), 0.0042473 secs]
58.204: Total time for which application threads were stopped: 0.0044404 seconds, Stopping threads took: 0.0000202 seconds
58.272: [GC (Allocation Failure)  672718K->353254K(1033728K), 0.0044835 secs]
58.276: Total time for which application threads were stopped: 0.0046393 seconds, Stopping threads took: 0.0000192 seconds
58.345: [GC (Allocation Failure)  672742K->361256K(1032704K), 0.0044992 secs]
58.350: Total time for which application threads were stopped: 0.0046542 seconds, Stopping threads took: 0.0000164 seconds
58.416: [GC (Allocation Failure)  679720K->361224K(1033216K), 0.0044621 secs]
58.421: Total time for which application threads were stopped: 0.0046320 seconds, Stopping threads took: 0.0000200 seconds
58.486: [GC (Allocation Failure)  679688K->361480K(1032704K), 0.0042354 secs]
58.490: Total time for which application threads were stopped: 0.0044235 seconds, Stopping threads took: 0.0000262 seconds
58.557: [GC (Allocation Failure)  679944K->369322K(1033216K), 0.0044641 secs]
58.562: Total time for which application threads were stopped: 0.0046429 seconds, Stopping threads took: 0.0000212 seconds
58.628: [GC (Allocation Failure)  687786K->369258K(1033216K), 0.0044108 secs]
58.633: Total time for which application threads were stopped: 0.0045922 seconds, Stopping threads took: 0.0000213 seconds
58.699: [GC (Allocation Failure)  687722K->369762K(1033216K), 0.0046677 secs]
58.704: Total time for which application threads were stopped: 0.0048538 seconds, Stopping threads took: 0.0000233 seconds
58.773: [GC (Allocation Failure)  688226K->377317K(1033216K), 0.0050076 secs]
58.778: Total time for which application threads were stopped: 0.0051791 seconds, Stopping threads took: 0.0000277 seconds
58.847: [GC (Allocation Failure)  695781K->377317K(1033216K), 0.0044254 secs]
58.852: Total time for which application threads were stopped: 0.0046174 seconds, Stopping threads took: 0.0000190 seconds
58.919: [GC (Allocation Failure)  695781K->377997K(1033216K), 0.0045593 secs]
58.924: Total time for which application threads were stopped: 0.0047260 seconds, Stopping threads took: 0.0000192 seconds
58.990: [GC (Allocation Failure)  696461K->385391K(1033216K), 0.0042467 secs]
58.995: Total time for which application threads were stopped: 0.0044163 seconds, Stopping threads took: 0.0000262 seconds
59.060: [GC (Allocation Failure)  703855K->385327K(1033216K), 0.0043638 secs]
59.065: Total time for which application threads were stopped: 0.0046828 seconds, Stopping threads took: 0.0000196 seconds
59.129: [GC (Allocation Failure)  703791K->386215K(1033216K), 0.0045939 secs]
59.133: Total time for which application threads were stopped: 0.0047606 seconds, Stopping threads took: 0.0000187 seconds
59.200: [GC (Allocation Failure)  704679K->393353K(1033216K), 0.0044408 secs]
59.205: Total time for which application threads were stopped: 0.0046129 seconds, Stopping threads took: 0.0000200 seconds
59.272: [GC (Allocation Failure)  711817K->393321K(1033216K), 0.0044531 secs]
59.276: Total time for which application threads were stopped: 0.0046152 seconds, Stopping threads took: 0.0000200 seconds
59.340: [GC (Allocation Failure)  711785K->393417K(1033216K), 0.0061632 secs]
59.346: Total time for which application threads were stopped: 0.0063239 seconds, Stopping threads took: 0.0000192 seconds
59.414: [GC (Allocation Failure)  711881K->401387K(1033216K), 0.0045828 secs]
59.419: Total time for which application threads were stopped: 0.0047563 seconds, Stopping threads took: 0.0000195 seconds
59.486: [GC (Allocation Failure)  719851K->401387K(1033216K), 0.0042813 secs]
59.490: Total time for which application threads were stopped: 0.0044513 seconds, Stopping threads took: 0.0000196 seconds
59.554: [GC (Allocation Failure)  719851K->401635K(1033216K), 0.0044931 secs]
59.559: Total time for which application threads were stopped: 0.0046656 seconds, Stopping threads took: 0.0000195 seconds
59.624: [GC (Allocation Failure)  720099K->409446K(1033216K), 0.0045356 secs]
59.629: Total time for which application threads were stopped: 0.0047083 seconds, Stopping threads took: 0.0000201 seconds
59.694: [GC (Allocation Failure)  727910K->409382K(1033216K), 0.0064674 secs]
59.701: Total time for which application threads were stopped: 0.0066385 seconds, Stopping threads took: 0.0000203 seconds
59.768: [GC (Allocation Failure)  727846K->409854K(1033216K), 0.0060241 secs]
59.774: Total time for which application threads were stopped: 0.0062410 seconds, Stopping threads took: 0.0000263 seconds
59.842: [GC (Allocation Failure)  728318K->417440K(1033216K), 0.0045520 secs]
59.847: Total time for which application threads were stopped: 0.0047115 seconds, Stopping threads took: 0.0000198 seconds
59.912: [GC (Allocation Failure)  735904K->417440K(1033216K), 0.0044780 secs]
59.917: Total time for which application threads were stopped: 0.0046410 seconds, Stopping threads took: 0.0000195 seconds
59.982: [GC (Allocation Failure)  735904K->417600K(1033216K), 0.0045023 secs]
59.986: Total time for which application threads were stopped: 0.0046681 seconds, Stopping threads took: 0.0000205 seconds
60.054: [GC (Allocation Failure)  736064K->425506K(1033216K), 0.0045205 secs]
60.058: Total time for which application threads were stopped: 0.0046994 seconds, Stopping threads took: 0.0000214 seconds
60.124: [GC (Allocation Failure)  743970K->425474K(1033216K), 0.0047275 secs]
60.129: Total time for which application threads were stopped: 0.0049016 seconds, Stopping threads took: 0.0000204 seconds
60.193: [GC (Allocation Failure)  743938K->425546K(1033216K), 0.0045339 secs]
60.198: Total time for which application threads were stopped: 0.0047118 seconds, Stopping threads took: 0.0000199 seconds
60.265: [GC (Allocation Failure)  744010K->433548K(1033216K), 0.0059695 secs]
60.272: Total time for which application threads were stopped: 0.0061453 seconds, Stopping threads took: 0.0000203 seconds
60.340: [GC (Allocation Failure)  752012K->433516K(1033216K), 0.0043898 secs]
60.345: Total time for which application threads were stopped: 0.0045710 seconds, Stopping threads took: 0.0000174 seconds
60.411: [GC (Allocation Failure)  751980K->433580K(1033216K), 0.0044566 secs]
60.416: Total time for which application threads were stopped: 0.0046568 seconds, Stopping threads took: 0.0000187 seconds
60.481: [GC (Allocation Failure)  752044K->441583K(1033216K), 0.0043802 secs]
60.486: Total time for which application threads were stopped: 0.0045559 seconds, Stopping threads took: 0.0000270 seconds
60.552: [GC (Allocation Failure)  760047K->441519K(1033216K), 0.0046474 secs]
60.557: Total time for which application threads were stopped: 0.0048136 seconds, Stopping threads took: 0.0000261 seconds
60.624: [GC (Allocation Failure)  759983K->441799K(1033216K), 0.0045343 secs]
60.628: Total time for which application threads were stopped: 0.0046992 seconds, Stopping threads took: 0.0000200 seconds
60.695: [GC (Allocation Failure)  760263K->449577K(1033216K), 0.0046476 secs]
60.700: Total time for which application threads were stopped: 0.0048297 seconds, Stopping threads took: 0.0000200 seconds
60.766: [GC (Allocation Failure)  768041K->449577K(1033216K), 0.0050800 secs]
60.772: Total time for which application threads were stopped: 0.0052809 seconds, Stopping threads took: 0.0000169 seconds
60.837: [GC (Allocation Failure)  768041K->449769K(1033216K), 0.0043714 secs]
60.842: Total time for which application threads were stopped: 0.0045658 seconds, Stopping threads took: 0.0000193 seconds
60.911: [GC (Allocation Failure)  768233K->457611K(1033216K), 0.0043838 secs]
60.915: Total time for which application threads were stopped: 0.0045687 seconds, Stopping threads took: 0.0000169 seconds
60.982: [GC (Allocation Failure)  776075K->451657K(1033216K), 0.0022427 secs]
60.984: Total time for which application threads were stopped: 0.0023854 seconds, Stopping threads took: 0.0000163 seconds
61.050: [GC (Allocation Failure)  770121K->457723K(1034240K), 0.0044806 secs]
61.054: Total time for which application threads were stopped: 0.0046714 seconds, Stopping threads took: 0.0000485 seconds
61.122: [GC (Allocation Failure)  777211K->461755K(1033216K), 0.0048784 secs]
61.127: Total time for which application threads were stopped: 0.0050605 seconds, Stopping threads took: 0.0000199 seconds
61.194: [GC (Allocation Failure)  781243K->466233K(1030656K), 0.0064609 secs]
61.200: Total time for which application threads were stopped: 0.0066367 seconds, Stopping threads took: 0.0000199 seconds
61.265: [GC (Allocation Failure)  782649K->461787K(1032192K), 0.0044895 secs]
61.270: Total time for which application threads were stopped: 0.0046860 seconds, Stopping threads took: 0.0000202 seconds
61.336: [GC (Allocation Failure)  778203K->461755K(1032704K), 0.0046267 secs]
61.340: Total time for which application threads were stopped: 0.0047861 seconds, Stopping threads took: 0.0000197 seconds
61.406: [GC (Allocation Failure)  779195K->465275K(1032704K), 0.0051423 secs]
61.411: Total time for which application threads were stopped: 0.0053124 seconds, Stopping threads took: 0.0000200 seconds
61.477: [GC (Allocation Failure)  782715K->469789K(1033216K), 0.0049694 secs]
61.482: Total time for which application threads were stopped: 0.0051352 seconds, Stopping threads took: 0.0000187 seconds
61.547: [GC (Allocation Failure)  788253K->469789K(1033216K), 0.0046010 secs]
61.552: Total time for which application threads were stopped: 0.0047711 seconds, Stopping threads took: 0.0000195 seconds
61.618: [GC (Allocation Failure)  788253K->472477K(1033728K), 0.0051435 secs]
61.623: Total time for which application threads were stopped: 0.0053119 seconds, Stopping threads took: 0.0000311 seconds
61.690: [GC (Allocation Failure)  791965K->477888K(1033728K), 0.0064435 secs]
61.697: Total time for which application threads were stopped: 0.0066037 seconds, Stopping threads took: 0.0000199 seconds
61.766: [GC (Allocation Failure)  797376K->477792K(1034240K), 0.0052455 secs]
61.771: Total time for which application threads were stopped: 0.0054740 seconds, Stopping threads took: 0.0000274 seconds
61.839: [GC (Allocation Failure)  797792K->480200K(1033728K), 0.0048681 secs]
61.844: Total time for which application threads were stopped: 0.0050363 seconds, Stopping threads took: 0.0000198 seconds
61.912: [GC (Allocation Failure)  800200K->485994K(1034240K), 0.0047129 secs]
61.917: Total time for which application threads were stopped: 0.0048816 seconds, Stopping threads took: 0.0000221 seconds
61.984: [GC (Allocation Failure)  806506K->485898K(1034240K), 0.0043600 secs]
61.989: Total time for which application threads were stopped: 0.0045286 seconds, Stopping threads took: 0.0000190 seconds
62.056: [GC (Allocation Failure)  806410K->489994K(1034752K), 0.0055583 secs]
62.061: Total time for which application threads were stopped: 0.0057538 seconds, Stopping threads took: 0.0000199 seconds
62.129: [GC (Allocation Failure)  811018K->493996K(1034240K), 0.0045160 secs]
62.134: Total time for which application threads were stopped: 0.0046885 seconds, Stopping threads took: 0.0000187 seconds
62.201: [GC (Allocation Failure)  815020K->493932K(1034752K), 0.0046275 secs]
62.206: Total time for which application threads were stopped: 0.0047857 seconds, Stopping threads took: 0.0000195 seconds
62.273: [GC (Allocation Failure)  815468K->494124K(1021440K), 0.0046383 secs]
62.277: Total time for which application threads were stopped: 0.0048292 seconds, Stopping threads took: 0.0000187 seconds
62.347: [GC (Allocation Failure)  815660K->501935K(1034240K), 0.0047930 secs]
62.352: Total time for which application threads were stopped: 0.0049501 seconds, Stopping threads took: 0.0000171 seconds
62.419: [GC (Allocation Failure)  822447K->501935K(1034240K), 0.0044215 secs]
62.424: Total time for which application threads were stopped: 0.0045940 seconds, Stopping threads took: 0.0000204 seconds
62.491: [GC (Allocation Failure)  822447K->505423K(1034752K), 0.0053023 secs]
62.496: Total time for which application threads were stopped: 0.0054672 seconds, Stopping threads took: 0.0000263 seconds
62.566: [GC (Allocation Failure)  826959K->509969K(1034752K), 0.0045419 secs]
62.571: Total time for which application threads were stopped: 0.0047250 seconds, Stopping threads took: 0.0000174 seconds
62.639: [GC (Allocation Failure)  831505K->509937K(1034752K), 0.0045366 secs]
62.644: Total time for which application threads were stopped: 0.0047287 seconds, Stopping threads took: 0.0000199 seconds
62.710: [GC (Allocation Failure)  831473K->510609K(1034752K), 0.0047626 secs]
62.715: Total time for which application threads were stopped: 0.0049240 seconds, Stopping threads took: 0.0000195 seconds
62.786: [GC (Allocation Failure)  832145K->518067K(1034752K), 0.0046032 secs]
62.791: Total time for which application threads were stopped: 0.0047619 seconds, Stopping threads took: 0.0000193 seconds
62.858: [GC (Allocation Failure)  839603K->518003K(1034752K), 0.0046666 secs]
62.862: Total time for which application threads were stopped: 0.0048464 seconds, Stopping threads took: 0.0000203 seconds
62.928: [GC (Allocation Failure)  839539K->519851K(1034752K), 0.0049272 secs]
62.933: Total time for which application threads were stopped: 0.0051042 seconds, Stopping threads took: 0.0000189 seconds
63.002: [GC (Allocation Failure)  841387K->526125K(1034752K), 0.0046141 secs]
63.007: Total time for which application threads were stopped: 0.0047883 seconds, Stopping threads took: 0.0000265 seconds
63.073: [GC (Allocation Failure)  847661K->526029K(1034752K), 0.0047292 secs]
63.078: Total time for which application threads were stopped: 0.0049142 seconds, Stopping threads took: 0.0000290 seconds
63.144: [GC (Allocation Failure)  847565K->529101K(1034752K), 0.0055324 secs]
63.150: Total time for which application threads were stopped: 0.0057035 seconds, Stopping threads took: 0.0000206 seconds
63.215: [GC (Allocation Failure)  850637K->534096K(1034752K), 0.0046809 secs]
63.220: Total time for which application threads were stopped: 0.0048622 seconds, Stopping threads took: 0.0000200 seconds
63.287: [GC (Allocation Failure)  855632K->534064K(1034752K), 0.0048039 secs]
63.292: Total time for which application threads were stopped: 0.0049667 seconds, Stopping threads took: 0.0000196 seconds
63.357: [GC (Allocation Failure)  855600K->534280K(1033728K), 0.0047715 secs]
63.362: Total time for which application threads were stopped: 0.0049443 seconds, Stopping threads took: 0.0000195 seconds
63.429: [GC (Allocation Failure)  854792K->542090K(1034240K), 0.0045486 secs]
63.434: Total time for which application threads were stopped: 0.0047096 seconds, Stopping threads took: 0.0000197 seconds
63.502: [GC (Allocation Failure)  862602K->542090K(1034240K), 0.0044590 secs]
63.507: Total time for which application threads were stopped: 0.0046271 seconds, Stopping threads took: 0.0000189 seconds
63.575: [GC (Allocation Failure)  862602K->544554K(1034240K), 0.0051727 secs]
63.580: Total time for which application threads were stopped: 0.0053373 seconds, Stopping threads took: 0.0000251 seconds
63.648: [GC (Allocation Failure)  865066K->550124K(1034752K), 0.0054941 secs]
63.654: Total time for which application threads were stopped: 0.0056686 seconds, Stopping threads took: 0.0000202 seconds
63.721: [GC (Allocation Failure)  871660K->550124K(1034752K), 0.0046587 secs]
63.726: Total time for which application threads were stopped: 0.0048474 seconds, Stopping threads took: 0.0000215 seconds
63.792: [GC (Allocation Failure)  871660K->552780K(1034752K), 0.0050928 secs]
63.797: Total time for which application threads were stopped: 0.0052518 seconds, Stopping threads took: 0.0000185 seconds
63.864: [GC (Allocation Failure)  874316K->558190K(1034752K), 0.0055761 secs]
63.869: Total time for which application threads were stopped: 0.0057562 seconds, Stopping threads took: 0.0000212 seconds
63.936: [GC (Allocation Failure)  879726K->558158K(1034752K), 0.0048910 secs]
63.941: Total time for which application threads were stopped: 0.0050762 seconds, Stopping threads took: 0.0000215 seconds
64.007: [GC (Allocation Failure)  879694K->562054K(1034752K), 0.0056032 secs]
64.012: Total time for which application threads were stopped: 0.0057696 seconds, Stopping threads took: 0.0000190 seconds
64.079: [GC (Allocation Failure)  883590K->566281K(1034240K), 0.0047379 secs]
64.083: Total time for which application threads were stopped: 0.0049187 seconds, Stopping threads took: 0.0000201 seconds
64.151: [GC (Allocation Failure)  887817K->566217K(1034752K), 0.0048507 secs]
64.156: Total time for which application threads were stopped: 0.0050226 seconds, Stopping threads took: 0.0000202 seconds
64.221: [GC (Allocation Failure)  887753K->567209K(1034240K), 0.0048845 secs]
64.225: Total time for which application threads were stopped: 0.0050628 seconds, Stopping threads took: 0.0000199 seconds
64.295: [GC (Allocation Failure)  888745K->574219K(1034752K), 0.0047151 secs]
64.300: Total time for which application threads were stopped: 0.0048828 seconds, Stopping threads took: 0.0000257 seconds
64.367: [GC (Allocation Failure)  895755K->574251K(1034752K), 0.0049132 secs]
64.372: Total time for which application threads were stopped: 0.0050911 seconds, Stopping threads took: 0.0000195 seconds
64.437: [GC (Allocation Failure)  895787K->576459K(1034752K), 0.0049126 secs]
64.442: Total time for which application threads were stopped: 0.0050806 seconds, Stopping threads took: 0.0000258 seconds
64.511: [GC (Allocation Failure)  897995K->582253K(1034752K), 0.0048093 secs]
64.516: Total time for which application threads were stopped: 0.0050107 seconds, Stopping threads took: 0.0000262 seconds
64.585: [GC (Allocation Failure)  903789K->582253K(1034752K), 0.0049460 secs]
64.590: Total time for which application threads were stopped: 0.0051192 seconds, Stopping threads took: 0.0000193 seconds
64.656: [GC (Allocation Failure)  903789K->585709K(1035264K), 0.0055653 secs]
64.661: Total time for which application threads were stopped: 0.0057280 seconds, Stopping threads took: 0.0000198 seconds
64.729: [GC (Allocation Failure)  907757K->590351K(1034752K), 0.0048111 secs]
64.734: Total time for which application threads were stopped: 0.0049720 seconds, Stopping threads took: 0.0000191 seconds
64.805: [GC (Allocation Failure)  912399K->590287K(1035264K), 0.0047512 secs]
64.810: Total time for which application threads were stopped: 0.0049196 seconds, Stopping threads took: 0.0000194 seconds
64.877: [GC (Allocation Failure)  912335K->592391K(1034752K), 0.0049728 secs]
64.882: Total time for which application threads were stopped: 0.0051504 seconds, Stopping threads took: 0.0000191 seconds
64.952: [GC (Allocation Failure)  914439K->598442K(1034752K), 0.0048885 secs]
64.957: Total time for which application threads were stopped: 0.0050447 seconds, Stopping threads took: 0.0000168 seconds
65.027: [GC (Allocation Failure)  919978K->598314K(1034752K), 0.0048342 secs]
65.032: Total time for which application threads were stopped: 0.0049929 seconds, Stopping threads took: 0.0000195 seconds
65.097: [GC (Allocation Failure)  919850K->602186K(1035264K), 0.0056288 secs]
65.102: Total time for which application threads were stopped: 0.0057999 seconds, Stopping threads took: 0.0000201 seconds
65.169: [GC (Allocation Failure)  924234K->606444K(1034752K), 0.0047765 secs]
65.174: Total time for which application threads were stopped: 0.0049339 seconds, Stopping threads took: 0.0000197 seconds
65.242: [GC (Allocation Failure)  928492K->606316K(1035264K), 0.0058435 secs]
65.248: Total time for which application threads were stopped: 0.0060031 seconds, Stopping threads took: 0.0000200 seconds
65.314: [GC (Allocation Failure)  928876K->609388K(1035264K), 0.0054579 secs]
65.320: Total time for which application threads were stopped: 0.0056416 seconds, Stopping threads took: 0.0000251 seconds
65.387: [GC (Allocation Failure)  931948K->614382K(1035264K), 0.0048839 secs]
65.392: Total time for which application threads were stopped: 0.0050621 seconds, Stopping threads took: 0.0000196 seconds
65.460: [GC (Allocation Failure)  936942K->614382K(1035264K), 0.0049470 secs]
65.465: Total time for which application threads were stopped: 0.0051177 seconds, Stopping threads took: 0.0000204 seconds
65.532: [GC (Allocation Failure)  936942K->609580K(1035264K), 0.0030437 secs]
65.535: Total time for which application threads were stopped: 0.0032459 seconds, Stopping threads took: 0.0000257 seconds
65.605: [GC (Allocation Failure)  932140K->614606K(1035264K), 0.0045808 secs]
65.610: Total time for which application threads were stopped: 0.0047392 seconds, Stopping threads took: 0.0000166 seconds
65.678: [GC (Allocation Failure)  937166K->614350K(1035264K), 0.0048943 secs]
65.683: Total time for which application threads were stopped: 0.0050683 seconds, Stopping threads took: 0.0000198 seconds
65.752: [GC (Allocation Failure)  936910K->613900K(1035264K), 0.0073782 secs]
65.759: Total time for which application threads were stopped: 0.0075307 seconds, Stopping threads took: 0.0000246 seconds
65.828: [GC (Allocation Failure)  936460K->614542K(1035776K), 0.0049107 secs]
65.833: Total time for which application threads were stopped: 0.0051019 seconds, Stopping threads took: 0.0000190 seconds
65.902: [GC (Allocation Failure)  938126K->614414K(1035776K), 0.0048029 secs]
65.907: Total time for which application threads were stopped: 0.0049673 seconds, Stopping threads took: 0.0000196 seconds
65.973: [GC (Allocation Failure)  937998K->620204K(1031680K), 0.0075706 secs]
65.980: Total time for which application threads were stopped: 0.0077311 seconds, Stopping threads took: 0.0000190 seconds
66.047: [GC (Allocation Failure)  939692K->615566K(1033728K), 0.0046818 secs]
66.052: Total time for which application threads were stopped: 0.0048819 seconds, Stopping threads took: 0.0000275 seconds
66.120: [GC (Allocation Failure)  935054K->615470K(1034752K), 0.0048931 secs]
66.125: Total time for which application threads were stopped: 0.0050420 seconds, Stopping threads took: 0.0000169 seconds
66.191: [GC (Allocation Failure)  936494K->617964K(1034240K), 0.0058354 secs]
66.197: Total time for which application threads were stopped: 0.0059982 seconds, Stopping threads took: 0.0000193 seconds
66.264: [GC (Allocation Failure)  938988K->615534K(1034752K), 0.0049741 secs]
66.269: Total time for which application threads were stopped: 0.0051382 seconds, Stopping threads took: 0.0000204 seconds
66.336: [GC (Allocation Failure)  936558K->615502K(1034240K), 0.0048136 secs]
66.341: Total time for which application threads were stopped: 0.0049756 seconds, Stopping threads took: 0.0000206 seconds
66.408: [GC (Allocation Failure)  936526K->617612K(1035264K), 0.0055312 secs]
66.413: Total time for which application threads were stopped: 0.0057074 seconds, Stopping threads took: 0.0000203 seconds
66.482: [GC (Allocation Failure)  940172K->615470K(1035264K), 0.0050517 secs]
66.487: Total time for which application threads were stopped: 0.0052078 seconds, Stopping threads took: 0.0000171 seconds
66.556: [GC (Allocation Failure)  938030K->615470K(1035776K), 0.0048037 secs]
66.561: Total time for which application threads were stopped: 0.0049744 seconds, Stopping threads took: 0.0000199 seconds
66.627: [GC (Allocation Failure)  939054K->622924K(1035776K), 0.0083825 secs]
66.635: Total time for which application threads were stopped: 0.0085558 seconds, Stopping threads took: 0.0000196 seconds
66.704: [GC (Allocation Failure)  946508K->618382K(1032704K), 0.0049899 secs]
66.709: Total time for which application threads were stopped: 0.0051849 seconds, Stopping threads took: 0.0000205 seconds
66.779: [GC (Allocation Failure)  938894K->618222K(1034240K), 0.0047462 secs]
66.784: Total time for which application threads were stopped: 0.0049178 seconds, Stopping threads took: 0.0000196 seconds
66.851: [GC (Allocation Failure)  938734K->610476K(1032704K), 0.0018136 secs]
66.853: Total time for which application threads were stopped: 0.0019438 seconds, Stopping threads took: 0.0000189 seconds
66.922: [GC (Allocation Failure)  929964K->618414K(1033728K), 0.0049399 secs]
66.927: Total time for which application threads were stopped: 0.0051094 seconds, Stopping threads took: 0.0000194 seconds
66.994: [GC (Allocation Failure)  937902K->622382K(1034752K), 0.0061780 secs]
67.000: Total time for which application threads were stopped: 0.0063451 seconds, Stopping threads took: 0.0000263 seconds
67.066: [GC (Allocation Failure)  943406K->627724K(1034240K), 0.0071961 secs]
67.074: Total time for which application threads were stopped: 0.0073811 seconds, Stopping threads took: 0.0000265 seconds
67.142: [GC (Allocation Failure)  948748K->622478K(1033216K), 0.0047301 secs]
67.147: Total time for which application threads were stopped: 0.0048941 seconds, Stopping threads took: 0.0000200 seconds
67.214: [GC (Allocation Failure)  941966K->622350K(1033728K), 0.0049484 secs]
67.219: Total time for which application threads were stopped: 0.0051179 seconds, Stopping threads took: 0.0000206 seconds
67.285: [GC (Allocation Failure)  941838K->624268K(1034240K), 0.0057181 secs]
67.291: Total time for which application threads were stopped: 0.0058877 seconds, Stopping threads took: 0.0000192 seconds
67.358: [GC (Allocation Failure)  944780K->622446K(1034240K), 0.0050391 secs]
67.364: Total time for which application threads were stopped: 0.0052113 seconds, Stopping threads took: 0.0000203 seconds
67.431: [GC (Allocation Failure)  942958K->622382K(1035264K), 0.0048870 secs]
67.436: Total time for which application threads were stopped: 0.0050503 seconds, Stopping threads took: 0.0000199 seconds
67.502: [GC (Allocation Failure)  944430K->624012K(1034752K), 0.0054679 secs]
67.507: Total time for which application threads were stopped: 0.0056410 seconds, Stopping threads took: 0.0000281 seconds
67.577: [GC (Allocation Failure)  946060K->622606K(1035776K), 0.0049814 secs]
67.582: Total time for which application threads were stopped: 0.0051826 seconds, Stopping threads took: 0.0000228 seconds
67.652: [GC (Allocation Failure)  945678K->622350K(1035264K), 0.0047619 secs]
67.657: Total time for which application threads were stopped: 0.0049094 seconds, Stopping threads took: 0.0000167 seconds
67.722: [GC (Allocation Failure)  945422K->628756K(1032704K), 0.0078858 secs]
67.730: Total time for which application threads were stopped: 0.0080469 seconds, Stopping threads took: 0.0000193 seconds
67.798: [GC (Allocation Failure)  949268K->624214K(1034240K), 0.0046942 secs]
67.802: Total time for which application threads were stopped: 0.0049972 seconds, Stopping threads took: 0.0000193 seconds
67.870: [GC (Allocation Failure)  944726K->624022K(1034752K), 0.0047840 secs]
67.874: Total time for which application threads were stopped: 0.0049497 seconds, Stopping threads took: 0.0000201 seconds
67.940: [GC (Allocation Failure)  945558K->629652K(1034752K), 0.0072288 secs]
67.947: Total time for which application threads were stopped: 0.0073921 seconds, Stopping threads took: 0.0000201 seconds
68.013: [GC (Allocation Failure)  951188K->624150K(1032704K), 0.0048363 secs]
68.018: Total time for which application threads were stopped: 0.0050124 seconds, Stopping threads took: 0.0000278 seconds
68.085: [GC (Allocation Failure)  943638K->624022K(1033728K), 0.0047910 secs]
68.090: Total time for which application threads were stopped: 0.0049760 seconds, Stopping threads took: 0.0000198 seconds
68.158: [GC (Allocation Failure)  943510K->626772K(1034240K), 0.0058162 secs]
68.164: Total time for which application threads were stopped: 0.0059843 seconds, Stopping threads took: 0.0000171 seconds
68.230: [GC (Allocation Failure)  947284K->624118K(1034240K), 0.0048320 secs]
68.235: Total time for which application threads were stopped: 0.0050099 seconds, Stopping threads took: 0.0000246 seconds
68.302: [GC (Allocation Failure)  944630K->624022K(1034752K), 0.0048522 secs]
68.307: Total time for which application threads were stopped: 0.0050461 seconds, Stopping threads took: 0.0000205 seconds
68.376: [GC (Allocation Failure)  945046K->625492K(1034240K), 0.0053381 secs]
68.381: Total time for which application threads were stopped: 0.0054943 seconds, Stopping threads took: 0.0000251 seconds
68.448: [GC (Allocation Failure)  946516K->624054K(1035264K), 0.0048794 secs]
68.453: Total time for which application threads were stopped: 0.0050492 seconds, Stopping threads took: 0.0000193 seconds
68.522: [GC (Allocation Failure)  946102K->624022K(1034752K), 0.0047121 secs]
68.527: Total time for which application threads were stopped: 0.0048864 seconds, Stopping threads took: 0.0000264 seconds
68.594: [GC (Allocation Failure)  946070K->627188K(1034240K), 0.0061357 secs]
68.600: Total time for which application threads were stopped: 0.0063098 seconds, Stopping threads took: 0.0000260 seconds
68.668: [GC (Allocation Failure)  948724K->624278K(1034752K), 0.0048766 secs]
68.673: Total time for which application threads were stopped: 0.0050383 seconds, Stopping threads took: 0.0000205 seconds
68.738: [GC (Allocation Failure)  945814K->624022K(1035264K), 0.0048609 secs]
68.743: Total time for which application threads were stopped: 0.0050292 seconds, Stopping threads took: 0.0000198 seconds
68.811: [GC (Allocation Failure)  946582K->629380K(1035264K), 0.0070734 secs]
68.818: Total time for which application threads were stopped: 0.0072471 seconds, Stopping threads took: 0.0000187 seconds
68.887: [GC (Allocation Failure)  951940K->624358K(1033216K), 0.0047316 secs]
68.892: Total time for which application threads were stopped: 0.0048977 seconds, Stopping threads took: 0.0000194 seconds
68.958: [GC (Allocation Failure)  944870K->624134K(1034240K), 0.0049660 secs]
68.964: Total time for which application threads were stopped: 0.0051341 seconds, Stopping threads took: 0.0000200 seconds
69.032: [GC (Allocation Failure)  944646K->629732K(1032704K), 0.0071033 secs]
69.040: Total time for which application threads were stopped: 0.0072633 seconds, Stopping threads took: 0.0000190 seconds
69.108: [GC (Allocation Failure)  949220K->624262K(1033728K), 0.0050307 secs]
69.113: Total time for which application threads were stopped: 0.0051951 seconds, Stopping threads took: 0.0000204 seconds
69.181: [GC (Allocation Failure)  943750K->624134K(1034240K), 0.0048404 secs]
69.186: Total time for which application threads were stopped: 0.0050227 seconds, Stopping threads took: 0.0000202 seconds
69.254: [GC (Allocation Failure)  944134K->625348K(1033728K), 0.0054402 secs]
69.259: Total time for which application threads were stopped: 0.0056245 seconds, Stopping threads took: 0.0000212 seconds
69.327: [GC (Allocation Failure)  945348K->624166K(1034752K), 0.0050254 secs]
69.332: Total time for which application threads were stopped: 0.0051870 seconds, Stopping threads took: 0.0000200 seconds
69.399: [GC (Allocation Failure)  945702K->624134K(1034752K), 0.0049136 secs]
69.404: Total time for which application threads were stopped: 0.0050738 seconds, Stopping threads took: 0.0000202 seconds
69.469: [GC (Allocation Failure)  945670K->625028K(1035264K), 0.0053613 secs]
69.474: Total time for which application threads were stopped: 0.0055174 seconds, Stopping threads took: 0.0000191 seconds
69.543: [GC (Allocation Failure)  947076K->624166K(1034752K), 0.0047896 secs]
69.548: Total time for which application threads were stopped: 0.0050946 seconds, Stopping threads took: 0.0000196 seconds
69.615: [GC (Allocation Failure)  946214K->624134K(1035776K), 0.0048390 secs]
69.620: Total time for which application threads were stopped: 0.0050026 seconds, Stopping threads took: 0.0000194 seconds
69.688: [GC (Allocation Failure)  947718K->629292K(1035776K), 0.0069825 secs]
69.695: Total time for which application threads were stopped: 0.0071410 seconds, Stopping threads took: 0.0000196 seconds
69.763: [GC (Allocation Failure)  952876K->624750K(1033728K), 0.0056658 secs]
69.769: Total time for which application threads were stopped: 0.0058730 seconds, Stopping threads took: 0.0000194 seconds
69.837: [GC (Allocation Failure)  946286K->624590K(1034752K), 0.0049338 secs]
69.842: Total time for which application threads were stopped: 0.0050910 seconds, Stopping threads took: 0.0000174 seconds
69.907: [GC (Allocation Failure)  946126K->616588K(1032192K), 0.0016529 secs]
69.909: Total time for which application threads were stopped: 0.0017879 seconds, Stopping threads took: 0.0000196 seconds
69.976: [GC (Allocation Failure)  936076K->624758K(1033728K), 0.0049369 secs]
69.981: Total time for which application threads were stopped: 0.0051700 seconds, Stopping threads took: 0.0000199 seconds
70.049: [GC (Allocation Failure)  944246K->628742K(1035264K), 0.0062062 secs]
70.055: Total time for which application threads were stopped: 0.0063820 seconds, Stopping threads took: 0.0000260 seconds
70.121: [GC (Allocation Failure)  950790K->634780K(1034752K), 0.0076003 secs]
70.129: Total time for which application threads were stopped: 0.0077594 seconds, Stopping threads took: 0.0000187 seconds
70.196: [GC (Allocation Failure)  956828K->629566K(1032704K), 0.0051186 secs]
70.202: Total time for which application threads were stopped: 0.0052866 seconds, Stopping threads took: 0.0000188 seconds
70.268: [GC (Allocation Failure)  949054K->629534K(1033728K), 0.0048223 secs]
70.273: Total time for which application threads were stopped: 0.0049969 seconds, Stopping threads took: 0.0000209 seconds
70.338: [GC (Allocation Failure)  949022K->633148K(1033216K), 0.0064757 secs]
70.344: Total time for which application threads were stopped: 0.0066460 seconds, Stopping threads took: 0.0000269 seconds
70.409: [GC (Allocation Failure)  952636K->629758K(1033728K), 0.0049171 secs]
70.414: Total time for which application threads were stopped: 0.0050818 seconds, Stopping threads took: 0.0000203 seconds
70.480: [GC (Allocation Failure)  949246K->629534K(1034752K), 0.0070708 secs]
70.488: Total time for which application threads were stopped: 0.0072507 seconds, Stopping threads took: 0.0000208 seconds
70.556: [GC (Allocation Failure)  950558K->629852K(1034240K), 0.0050746 secs]
70.561: Total time for which application threads were stopped: 0.0052432 seconds, Stopping threads took: 0.0000272 seconds
70.628: [GC (Allocation Failure)  950876K->629694K(1035264K), 0.0046538 secs]
70.633: Total time for which application threads were stopped: 0.0048240 seconds, Stopping threads took: 0.0000197 seconds
70.701: [GC (Allocation Failure)  952254K->629566K(1035264K), 0.0047355 secs]
70.705: Total time for which application threads were stopped: 0.0049157 seconds, Stopping threads took: 0.0000200 seconds
70.776: [GC (Allocation Failure)  952126K->632540K(1034752K), 0.0078347 secs]
70.784: Total time for which application threads were stopped: 0.0079966 seconds, Stopping threads took: 0.0000239 seconds
70.851: [GC (Allocation Failure)  955100K->629662K(1035264K), 0.0046622 secs]
70.856: Total time for which application threads were stopped: 0.0048251 seconds, Stopping threads took: 0.0000202 seconds
70.922: [GC (Allocation Failure)  952222K->629534K(1035776K), 0.0048073 secs]
70.927: Total time for which application threads were stopped: 0.0049753 seconds, Stopping threads took: 0.0000272 seconds
70.997: [GC (Allocation Failure)  952606K->637348K(1035264K), 0.0084550 secs]
71.005: Total time for which application threads were stopped: 0.0086182 seconds, Stopping threads took: 0.0000260 seconds
71.074: [GC (Allocation Failure)  960420K->632678K(1032192K), 0.0047191 secs]
71.079: Total time for which application threads were stopped: 0.0048912 seconds, Stopping threads took: 0.0000195 seconds
71.146: [GC (Allocation Failure)  952166K->632646K(1033728K), 0.0048946 secs]
71.151: Total time for which application threads were stopped: 0.0050591 seconds, Stopping threads took: 0.0000206 seconds
71.217: [GC (Allocation Failure)  952134K->639084K(1031168K), 0.0077619 secs]
71.225: Total time for which application threads were stopped: 0.0079547 seconds, Stopping threads took: 0.0000196 seconds
71.291: [GC (Allocation Failure)  956524K->633038K(1032704K), 0.0047740 secs]
71.296: Total time for which application threads were stopped: 0.0049338 seconds, Stopping threads took: 0.0000195 seconds
71.362: [GC (Allocation Failure)  950478K->632878K(1033216K), 0.0049811 secs]
71.367: Total time for which application threads were stopped: 0.0051675 seconds, Stopping threads took: 0.0000218 seconds
71.434: [GC (Allocation Failure)  951342K->629292K(1033216K), 0.0034075 secs]
71.437: Total time for which application threads were stopped: 0.0035791 seconds, Stopping threads took: 0.0000269 seconds
71.505: [GC (Allocation Failure)  947756K->633006K(1033728K), 0.0048635 secs]
71.510: Total time for which application threads were stopped: 0.0050258 seconds, Stopping threads took: 0.0000196 seconds
71.577: [GC (Allocation Failure)  951982K->632814K(1033216K), 0.0048833 secs]
71.582: Total time for which application threads were stopped: 0.0050594 seconds, Stopping threads took: 0.0000205 seconds
71.649: [GC (Allocation Failure)  951790K->634470K(1032192K), 0.0052570 secs]
71.654: Total time for which application threads were stopped: 0.0054343 seconds, Stopping threads took: 0.0000197 seconds
71.721: [GC (Allocation Failure)  952934K->640873K(1033216K), 0.0048745 secs]
71.726: Total time for which application threads were stopped: 0.0050441 seconds, Stopping threads took: 0.0000208 seconds
71.793: [GC (Allocation Failure)  959337K->640841K(1034752K), 0.0049356 secs]
71.798: Total time for which application threads were stopped: 0.0050978 seconds, Stopping threads took: 0.0000173 seconds
71.866: [GC (Allocation Failure)  961865K->641161K(1020928K), 0.0049209 secs]
71.871: Total time for which application threads were stopped: 0.0050850 seconds, Stopping threads took: 0.0000188 seconds
71.939: [GC (Allocation Failure)  962185K->648939K(1034240K), 0.0049910 secs]
71.944: Total time for which application threads were stopped: 0.0051621 seconds, Stopping threads took: 0.0000195 seconds
72.011: [GC (Allocation Failure)  968939K->648907K(1033728K), 0.0047419 secs]
72.016: Total time for which application threads were stopped: 0.0049113 seconds, Stopping threads took: 0.0000196 seconds
72.081: [GC (Allocation Failure)  968907K->650923K(1033728K), 0.0049938 secs]
72.086: Total time for which application threads were stopped: 0.0051917 seconds, Stopping threads took: 0.0000197 seconds
72.152: [GC (Allocation Failure)  971435K->656941K(1034240K), 0.0051536 secs]
72.157: Total time for which application threads were stopped: 0.0053495 seconds, Stopping threads took: 0.0000202 seconds
72.227: [GC (Allocation Failure)  977453K->656909K(1034752K), 0.0048018 secs]
72.232: Total time for which application threads were stopped: 0.0049709 seconds, Stopping threads took: 0.0000201 seconds
72.297: [GC (Allocation Failure)  978445K->658117K(1034752K), 0.0051602 secs]
72.303: Total time for which application threads were stopped: 0.0053346 seconds, Stopping threads took: 0.0000197 seconds
72.371: [GC (Allocation Failure)  979653K->664967K(1034752K), 0.0049762 secs]
72.376: Total time for which application threads were stopped: 0.0051405 seconds, Stopping threads took: 0.0000204 seconds
72.443: [GC (Allocation Failure)  986503K->664935K(1034752K), 0.0047952 secs]
72.448: Total time for which application threads were stopped: 0.0049677 seconds, Stopping threads took: 0.0000203 seconds
72.513: [GC (Allocation Failure)  986471K->667367K(1034752K), 0.0052049 secs]
72.519: Total time for which application threads were stopped: 0.0053774 seconds, Stopping threads took: 0.0000196 seconds
72.587: [GC (Allocation Failure)  988903K->673034K(1034752K), 0.0047464 secs]
72.592: Total time for which application threads were stopped: 0.0049067 seconds, Stopping threads took: 0.0000292 seconds
72.659: [GC (Allocation Failure)  994570K->673002K(1035264K), 0.0049375 secs]
72.664: Total time for which application threads were stopped: 0.0051033 seconds, Stopping threads took: 0.0000204 seconds
72.731: [GC (Allocation Failure)  995050K->673034K(1034752K), 0.0051028 secs]
72.736: Total time for which application threads were stopped: 0.0052749 seconds, Stopping threads took: 0.0000207 seconds
72.805: [GC (Allocation Failure)  995082K->681100K(1034752K), 0.0049097 secs]
72.810: Total time for which application threads were stopped: 0.0050974 seconds, Stopping threads took: 0.0000202 seconds
72.876: [GC (Allocation Failure)  1002636K->681004K(1034752K), 0.0050058 secs]
72.881: Total time for which application threads were stopped: 0.0051909 seconds, Stopping threads took: 0.0000204 seconds
72.946: [GC (Allocation Failure)  1002540K->682828K(1034752K), 0.0050604 secs]
72.951: Total time for which application threads were stopped: 0.0052596 seconds, Stopping threads took: 0.0000202 seconds
73.019: [GC (Allocation Failure)  1004364K->689102K(1034752K), 0.0048040 secs]
73.024: Total time for which application threads were stopped: 0.0049741 seconds, Stopping threads took: 0.0000167 seconds
73.091: [GC (Allocation Failure)  1010638K->689038K(1034752K), 0.0048124 secs]
73.096: Total time for which application threads were stopped: 0.0049751 seconds, Stopping threads took: 0.0000190 seconds
73.161: [GC (Allocation Failure)  1010574K->692078K(1034752K), 0.0057493 secs]
73.166: [Full GC (Ergonomics)  692078K->11484K(1034752K), 0.0180498 secs]
73.185: Total time for which application threads were stopped: 0.0240490 seconds, Stopping threads took: 0.0000187 seconds
73.253: [GC (Allocation Failure)  333020K->20670K(1033728K), 0.0036985 secs]
73.257: Total time for which application threads were stopped: 0.0038583 seconds, Stopping threads took: 0.0000198 seconds
73.324: [GC (Allocation Failure)  341182K->20694K(1034240K), 0.0038491 secs]
73.328: Total time for which application threads were stopped: 0.0040092 seconds, Stopping threads took: 0.0000192 seconds
73.394: [GC (Allocation Failure)  341206K->22838K(1033728K), 0.0041434 secs]
73.399: Total time for which application threads were stopped: 0.0043113 seconds, Stopping threads took: 0.0000191 seconds
73.464: [GC (Allocation Failure)  343350K->28696K(1034240K), 0.0036978 secs]
73.468: Total time for which application threads were stopped: 0.0039879 seconds, Stopping threads took: 0.0001395 seconds
73.535: [GC (Allocation Failure)  349208K->28696K(1034752K), 0.0036751 secs]
73.539: Total time for which application threads were stopped: 0.0038448 seconds, Stopping threads took: 0.0000261 seconds
73.607: [GC (Allocation Failure)  350232K->30040K(1022464K), 0.0039109 secs]
73.611: Total time for which application threads were stopped: 0.0040753 seconds, Stopping threads took: 0.0000246 seconds
73.678: [GC (Allocation Failure)  351576K->36858K(1034240K), 0.0038477 secs]
73.682: Total time for which application threads were stopped: 0.0040200 seconds, Stopping threads took: 0.0000202 seconds
73.750: [GC (Allocation Failure)  357370K->36762K(1034240K), 0.0098564 secs]
73.760: Total time for which application threads were stopped: 0.0100143 seconds, Stopping threads took: 0.0000204 seconds
73.827: [GC (Allocation Failure)  357274K->37242K(1033728K), 0.0038453 secs]
73.831: Total time for which application threads were stopped: 0.0040181 seconds, Stopping threads took: 0.0000197 seconds
73.900: [GC (Allocation Failure)  357754K->44797K(1034240K), 0.0036112 secs]
73.904: Total time for which application threads were stopped: 0.0037803 seconds, Stopping threads took: 0.0000193 seconds
73.973: [GC (Allocation Failure)  365309K->44797K(1034240K), 0.0038981 secs]
73.977: Total time for which application threads were stopped: 0.0040683 seconds, Stopping threads took: 0.0000194 seconds
74.046: [GC (Allocation Failure)  365309K->47557K(1034240K), 0.0041860 secs]
74.050: Total time for which application threads were stopped: 0.0043534 seconds, Stopping threads took: 0.0000188 seconds
74.117: [GC (Allocation Failure)  368069K->52807K(1034240K), 0.0037676 secs]
74.121: Total time for which application threads were stopped: 0.0039501 seconds, Stopping threads took: 0.0000215 seconds
74.191: [GC (Allocation Failure)  373319K->52839K(1034240K), 0.0037164 secs]
74.194: Total time for which application threads were stopped: 0.0038796 seconds, Stopping threads took: 0.0000189 seconds
74.261: [GC (Allocation Failure)  373351K->53735K(1033728K), 0.0039420 secs]
74.265: Total time for which application threads were stopped: 0.0041062 seconds, Stopping threads took: 0.0000194 seconds
74.332: [GC (Allocation Failure)  374247K->60841K(1034240K), 0.0036331 secs]
74.336: Total time for which application threads were stopped: 0.0037945 seconds, Stopping threads took: 0.0000201 seconds
74.403: [GC (Allocation Failure)  381353K->60841K(1034240K), 0.0038711 secs]
74.407: Total time for which application threads were stopped: 0.0040380 seconds, Stopping threads took: 0.0000193 seconds
74.474: [GC (Allocation Failure)  381353K->64009K(1034240K), 0.0044205 secs]
74.478: Total time for which application threads were stopped: 0.0046048 seconds, Stopping threads took: 0.0000352 seconds
74.546: [GC (Allocation Failure)  384521K->68907K(1034752K), 0.0037333 secs]
74.550: Total time for which application threads were stopped: 0.0039097 seconds, Stopping threads took: 0.0000216 seconds
74.618: [GC (Allocation Failure)  390443K->68907K(1034752K), 0.0037441 secs]
74.621: Total time for which application threads were stopped: 0.0039254 seconds, Stopping threads took: 0.0000203 seconds
74.688: [GC (Allocation Failure)  390443K->72235K(1034752K), 0.0043760 secs]
74.693: Total time for which application threads were stopped: 0.0045806 seconds, Stopping threads took: 0.0000214 seconds
74.760: [GC (Allocation Failure)  393771K->77006K(1034752K), 0.0038945 secs]
74.764: Total time for which application threads were stopped: 0.0040820 seconds, Stopping threads took: 0.0000253 seconds
74.832: [GC (Allocation Failure)  398542K->76910K(1034752K), 0.0040031 secs]
74.836: Total time for which application threads were stopped: 0.0041918 seconds, Stopping threads took: 0.0000195 seconds
74.901: [GC (Allocation Failure)  398446K->77382K(1034752K), 0.0039909 secs]
74.905: Total time for which application threads were stopped: 0.0041594 seconds, Stopping threads took: 0.0000192 seconds
74.971: [GC (Allocation Failure)  398918K->85000K(1034752K), 0.0040460 secs]
74.975: Total time for which application threads were stopped: 0.0042159 seconds, Stopping threads took: 0.0000202 seconds
75.043: [GC (Allocation Failure)  406536K->84936K(1034752K), 0.0040172 secs]
75.048: Total time for which application threads were stopped: 0.0042005 seconds, Stopping threads took: 0.0000257 seconds
75.113: [GC (Allocation Failure)  406472K->86632K(1034752K), 0.0040136 secs]
75.117: Total time for which application threads were stopped: 0.0042050 seconds, Stopping threads took: 0.0000203 seconds
75.186: [GC (Allocation Failure)  408168K->93002K(1029120K), 0.0038671 secs]
75.190: Total time for which application threads were stopped: 0.0040598 seconds, Stopping threads took: 0.0000197 seconds
75.258: [GC (Allocation Failure)  414538K->92970K(1034752K), 0.0039771 secs]
75.262: Total time for which application threads were stopped: 0.0041263 seconds, Stopping threads took: 0.0000170 seconds
75.329: [GC (Allocation Failure)  413994K->95402K(1034240K), 0.0043262 secs]
75.333: Total time for which application threads were stopped: 0.0044978 seconds, Stopping threads took: 0.0000198 seconds
75.400: [GC (Allocation Failure)  416426K->101068K(1034752K), 0.0039572 secs]
75.404: Total time for which application threads were stopped: 0.0041304 seconds, Stopping threads took: 0.0000205 seconds
75.474: [GC (Allocation Failure)  422604K->101004K(1034752K), 0.0035520 secs]
75.478: Total time for which application threads were stopped: 0.0037160 seconds, Stopping threads took: 0.0000200 seconds
75.543: [GC (Allocation Failure)  422540K->104172K(1034752K), 0.0045794 secs]
75.548: Total time for which application threads were stopped: 0.0047619 seconds, Stopping threads took: 0.0000195 seconds
75.617: [GC (Allocation Failure)  425708K->109167K(1034752K), 0.0037060 secs]
75.621: Total time for which application threads were stopped: 0.0038780 seconds, Stopping threads took: 0.0000201 seconds
75.688: [GC (Allocation Failure)  430703K->109039K(1034752K), 0.0038304 secs]
75.692: Total time for which application threads were stopped: 0.0040067 seconds, Stopping threads took: 0.0000189 seconds
75.758: [GC (Allocation Failure)  430575K->109319K(1021440K), 0.0040107 secs]
75.762: Total time for which application threads were stopped: 0.0042199 seconds, Stopping threads took: 0.0000349 seconds
75.831: [GC (Allocation Failure)  430855K->117161K(1034240K), 0.0037608 secs]
75.835: Total time for which application threads were stopped: 0.0039211 seconds, Stopping threads took: 0.0000187 seconds
75.902: [GC (Allocation Failure)  437673K->117097K(1034240K), 0.0036864 secs]
75.906: Total time for which application threads were stopped: 0.0038358 seconds, Stopping threads took: 0.0000171 seconds
75.972: [GC (Allocation Failure)  437609K->120585K(1034752K), 0.0044975 secs]
75.977: Total time for which application threads were stopped: 0.0046972 seconds, Stopping threads took: 0.0000210 seconds
76.047: [GC (Allocation Failure)  441609K->125099K(1034240K), 0.0039618 secs]
76.051: Total time for which application threads were stopped: 0.0041394 seconds, Stopping threads took: 0.0000281 seconds
76.120: [GC (Allocation Failure)  446123K->125099K(1034752K), 0.0038496 secs]
76.124: Total time for which application threads were stopped: 0.0040148 seconds, Stopping threads took: 0.0000201 seconds
76.190: [GC (Allocation Failure)  446635K->128843K(1034752K), 0.0046679 secs]
76.195: Total time for which application threads were stopped: 0.0048302 seconds, Stopping threads took: 0.0000199 seconds
76.263: [GC (Allocation Failure)  450379K->133134K(1035264K), 0.0039538 secs]
76.267: Total time for which application threads were stopped: 0.0041160 seconds, Stopping threads took: 0.0000199 seconds
76.334: [GC (Allocation Failure)  455694K->133134K(1035264K), 0.0038581 secs]
76.338: Total time for which application threads were stopped: 0.0040263 seconds, Stopping threads took: 0.0000194 seconds
76.404: [GC (Allocation Failure)  455694K->136046K(1035264K), 0.0046405 secs]
76.409: Total time for which application threads were stopped: 0.0048093 seconds, Stopping threads took: 0.0000189 seconds
76.477: [GC (Allocation Failure)  458606K->141168K(1035264K), 0.0039176 secs]
76.481: Total time for which application threads were stopped: 0.0040852 seconds, Stopping threads took: 0.0000197 seconds
76.549: [GC (Allocation Failure)  463728K->141200K(1035264K), 0.0041068 secs]
76.554: Total time for which application threads were stopped: 0.0042816 seconds, Stopping threads took: 0.0000279 seconds
76.620: [GC (Allocation Failure)  463760K->144264K(1035264K), 0.0043290 secs]
76.624: Total time for which application threads were stopped: 0.0045241 seconds, Stopping threads took: 0.0000190 seconds
76.692: [GC (Allocation Failure)  466824K->149258K(1035264K), 0.0039919 secs]
76.696: Total time for which application threads were stopped: 0.0041624 seconds, Stopping threads took: 0.0000195 seconds
76.764: [GC (Allocation Failure)  471818K->149162K(1035264K), 0.0042627 secs]
76.769: Total time for which application threads were stopped: 0.0044174 seconds, Stopping threads took: 0.0000281 seconds
76.836: [GC (Allocation Failure)  471722K->144456K(1035264K), 0.0020973 secs]
76.838: Total time for which application threads were stopped: 0.0022749 seconds, Stopping threads took: 0.0000269 seconds
76.906: [GC (Allocation Failure)  467016K->149258K(1035264K), 0.0039561 secs]
76.910: Total time for which application threads were stopped: 0.0041162 seconds, Stopping threads took: 0.0000190 seconds
76.976: [GC (Allocation Failure)  471818K->149194K(1035264K), 0.0038718 secs]
76.980: Total time for which application threads were stopped: 0.0040533 seconds, Stopping threads took: 0.0000195 seconds
77.047: [GC (Allocation Failure)  471754K->148744K(1035264K), 0.0048096 secs]
77.052: Total time for which application threads were stopped: 0.0049989 seconds, Stopping threads took: 0.0000271 seconds
77.118: [GC (Allocation Failure)  471304K->149418K(1035776K), 0.0040232 secs]
77.122: Total time for which application threads were stopped: 0.0042264 seconds, Stopping threads took: 0.0000220 seconds
77.191: [GC (Allocation Failure)  473002K->149162K(1035776K), 0.0038469 secs]
77.195: Total time for which application threads were stopped: 0.0040056 seconds, Stopping threads took: 0.0000201 seconds
77.263: [GC (Allocation Failure)  472746K->155080K(1031680K), 0.0064325 secs]
77.269: Total time for which application threads were stopped: 0.0066020 seconds, Stopping threads took: 0.0000198 seconds
77.336: [GC (Allocation Failure)  474568K->150506K(1033728K), 0.0042373 secs]
77.341: Total time for which application threads were stopped: 0.0044085 seconds, Stopping threads took: 0.0000200 seconds
77.409: [GC (Allocation Failure)  469994K->150346K(1034752K), 0.0040159 secs]
77.413: Total time for which application threads were stopped: 0.0041864 seconds, Stopping threads took: 0.0000204 seconds
77.480: [GC (Allocation Failure)  471370K->152872K(1034240K), 0.0069737 secs]
77.487: Total time for which application threads were stopped: 0.0071370 seconds, Stopping threads took: 0.0000199 seconds
77.556: [GC (Allocation Failure)  473896K->150506K(1034752K), 0.0040425 secs]
77.560: Total time for which application threads were stopped: 0.0042419 seconds, Stopping threads took: 0.0000276 seconds
77.629: [GC (Allocation Failure)  471530K->150346K(1034240K), 0.0039417 secs]
77.633: Total time for which application threads were stopped: 0.0041276 seconds, Stopping threads took: 0.0000168 seconds
77.700: [GC (Allocation Failure)  471370K->152584K(1034240K), 0.0049770 secs]
77.705: Total time for which application threads were stopped: 0.0051600 seconds, Stopping threads took: 0.0000196 seconds
77.774: [GC (Allocation Failure)  474120K->150410K(1034752K), 0.0042334 secs]
77.778: Total time for which application threads were stopped: 0.0043859 seconds, Stopping threads took: 0.0000255 seconds
77.845: [GC (Allocation Failure)  471946K->150346K(1035776K), 0.0041227 secs]
77.849: Total time for which application threads were stopped: 0.0043059 seconds, Stopping threads took: 0.0000195 seconds
77.916: [GC (Allocation Failure)  473418K->155296K(1035264K), 0.0061648 secs]
77.923: Total time for which application threads were stopped: 0.0063665 seconds, Stopping threads took: 0.0000277 seconds
77.990: [GC (Allocation Failure)  478368K->150610K(1034240K), 0.0040358 secs]
77.994: Total time for which application threads were stopped: 0.0042009 seconds, Stopping threads took: 0.0000198 seconds
78.061: [GC (Allocation Failure)  472146K->150578K(1034752K), 0.0039810 secs]
78.065: Total time for which application threads were stopped: 0.0041551 seconds, Stopping threads took: 0.0000202 seconds
78.130: [GC (Allocation Failure)  472114K->158280K(1031168K), 0.0075386 secs]
78.138: Total time for which application threads were stopped: 0.0077370 seconds, Stopping threads took: 0.0000200 seconds
78.206: [GC (Allocation Failure)  476744K->153258K(1033216K), 0.0038963 secs]
78.210: Total time for which application threads were stopped: 0.0040588 seconds, Stopping threads took: 0.0000171 seconds
78.276: [GC (Allocation Failure)  471722K->153002K(1033728K), 0.0040111 secs]
78.280: Total time for which application threads were stopped: 0.0041824 seconds, Stopping threads took: 0.0000199 seconds
78.347: [GC (Allocation Failure)  472490K->153800K(1033728K), 0.0043365 secs]
78.351: Total time for which application threads were stopped: 0.0045169 seconds, Stopping threads took: 0.0000275 seconds
78.419: [GC (Allocation Failure)  473288K->153226K(1034752K), 0.0037646 secs]
78.422: Total time for which application threads were stopped: 0.0039317 seconds, Stopping threads took: 0.0000213 seconds
78.488: [GC (Allocation Failure)  474250K->153066K(1034240K), 0.0041898 secs]
78.493: Total time for which application threads were stopped: 0.0043633 seconds, Stopping threads took: 0.0000203 seconds
78.560: [GC (Allocation Failure)  474090K->151976K(1035264K), 0.0034066 secs]
78.564: Total time for which application threads were stopped: 0.0035819 seconds, Stopping threads took: 0.0000269 seconds
78.634: [GC (Allocation Failure)  474536K->153162K(1035264K), 0.0039724 secs]
78.638: Total time for which application threads were stopped: 0.0041443 seconds, Stopping threads took: 0.0000205 seconds
78.706: [GC (Allocation Failure)  475722K->153034K(1035776K), 0.0040236 secs]
78.710: Total time for which application threads were stopped: 0.0042205 seconds, Stopping threads took: 0.0000206 seconds
78.779: [GC (Allocation Failure)  476106K->156744K(1035264K), 0.0053867 secs]
78.784: Total time for which application threads were stopped: 0.0055528 seconds, Stopping threads took: 0.0000171 seconds
78.850: [GC (Allocation Failure)  479816K->153098K(1035264K), 0.0039066 secs]
78.854: Total time for which application threads were stopped: 0.0040789 seconds, Stopping threads took: 0.0000196 seconds
78.925: [GC (Allocation Failure)  475658K->153098K(1035264K), 0.0041111 secs]
78.929: Total time for which application threads were stopped: 0.0042824 seconds, Stopping threads took: 0.0000210 seconds
78.997: [GC (Allocation Failure)  475658K->145192K(1033728K), 0.0008135 secs]
78.997: Total time for which application threads were stopped: 0.0009366 seconds, Stopping threads took: 0.0000202 seconds
79.065: [GC (Allocation Failure)  466728K->153322K(1034752K), 0.0039471 secs]
79.070: Total time for which application threads were stopped: 0.0041144 seconds, Stopping threads took: 0.0000261 seconds
79.137: [GC (Allocation Failure)  474858K->157186K(1035776K), 0.0053920 secs]
79.142: Total time for which application threads were stopped: 0.0055708 seconds, Stopping threads took: 0.0000218 seconds
79.208: [GC (Allocation Failure)  480258K->152128K(1035264K), 0.0021310 secs]
79.210: Total time for which application threads were stopped: 0.0022893 seconds, Stopping threads took: 0.0000196 seconds
79.278: [GC (Allocation Failure)  475200K->157418K(1035264K), 0.0041039 secs]
79.282: Total time for which application threads were stopped: 0.0042799 seconds, Stopping threads took: 0.0000213 seconds
79.350: [GC (Allocation Failure)  479978K->161330K(1035264K), 0.0041781 secs]
79.354: Total time for which application threads were stopped: 0.0043358 seconds, Stopping threads took: 0.0000197 seconds
79.420: [GC (Allocation Failure)  483890K->157392K(1035776K), 0.0026669 secs]
79.423: Total time for which application threads were stopped: 0.0028350 seconds, Stopping threads took: 0.0000201 seconds
79.493: [GC (Allocation Failure)  480976K->161482K(1035776K), 0.0040211 secs]
79.497: Total time for which application threads were stopped: 0.0041954 seconds, Stopping threads took: 0.0000213 seconds
79.564: [GC (Allocation Failure)  485066K->165482K(1035776K), 0.0038736 secs]
79.568: Total time for which application threads were stopped: 0.0040424 seconds, Stopping threads took: 0.0000285 seconds
79.636: [GC (Allocation Failure)  489066K->165450K(1035776K), 0.0038588 secs]
79.640: Total time for which application threads were stopped: 0.0040196 seconds, Stopping threads took: 0.0000196 seconds
79.705: [GC (Allocation Failure)  489034K->165514K(1034752K), 0.0040140 secs]
79.709: Total time for which application threads were stopped: 0.0041838 seconds, Stopping threads took: 0.0000205 seconds
79.777: [GC (Allocation Failure)  488074K->173516K(1035264K), 0.0038972 secs]
79.781: Total time for which application threads were stopped: 0.0040480 seconds, Stopping threads took: 0.0000171 seconds
79.849: [GC (Allocation Failure)  496076K->173484K(1035264K), 0.0039523 secs]
79.853: Total time for which application threads were stopped: 0.0041225 seconds, Stopping threads took: 0.0000195 seconds
79.920: [GC (Allocation Failure)  496044K->173548K(1022464K), 0.0040138 secs]
79.924: Total time for which application threads were stopped: 0.0041688 seconds, Stopping threads took: 0.0000164 seconds
79.993: [GC (Allocation Failure)  496108K->181519K(1034752K), 0.0037409 secs]
79.997: Total time for which application threads were stopped: 0.0039042 seconds, Stopping threads took: 0.0000202 seconds
80.065: [GC (Allocation Failure)  503055K->181519K(1034752K), 0.0039989 secs]
80.069: Total time for which application threads were stopped: 0.0041651 seconds, Stopping threads took: 0.0000261 seconds
80.137: [GC (Allocation Failure)  503055K->181767K(1034752K), 0.0040666 secs]
80.141: Total time for which application threads were stopped: 0.0042419 seconds, Stopping threads took: 0.0000276 seconds
80.208: [GC (Allocation Failure)  503303K->189545K(1034752K), 0.0040694 secs]
80.212: Total time for which application threads were stopped: 0.0042479 seconds, Stopping threads took: 0.0000194 seconds
80.281: [GC (Allocation Failure)  511081K->189545K(1034752K), 0.0037958 secs]
80.284: Total time for which application threads were stopped: 0.0039659 seconds, Stopping threads took: 0.0000207 seconds
80.349: [GC (Allocation Failure)  511081K->189993K(1021440K), 0.0040677 secs]
80.353: Total time for which application threads were stopped: 0.0042405 seconds, Stopping threads took: 0.0000204 seconds
80.421: [GC (Allocation Failure)  511529K->197579K(1034240K), 0.0040147 secs]
80.425: Total time for which application threads were stopped: 0.0041962 seconds, Stopping threads took: 0.0000199 seconds
80.495: [GC (Allocation Failure)  518091K->197579K(1034240K), 0.0040003 secs]
80.499: Total time for which application threads were stopped: 0.0041797 seconds, Stopping threads took: 0.0000223 seconds
80.567: [GC (Allocation Failure)  518091K->197739K(1034240K), 0.0039876 secs]
80.571: Total time for which application threads were stopped: 0.0041530 seconds, Stopping threads took: 0.0000268 seconds
80.638: [GC (Allocation Failure)  518251K->205645K(1028096K), 0.0041715 secs]
80.642: Total time for which application threads were stopped: 0.0043430 seconds, Stopping threads took: 0.0000201 seconds
80.710: [GC (Allocation Failure)  526157K->205613K(1033728K), 0.0040507 secs]
80.714: Total time for which application threads were stopped: 0.0042221 seconds, Stopping threads took: 0.0000210 seconds
80.783: [GC (Allocation Failure)  525101K->205677K(1033728K), 0.0040618 secs]
80.787: Total time for which application threads were stopped: 0.0042198 seconds, Stopping threads took: 0.0000194 seconds
80.854: [GC (Allocation Failure)  525165K->213680K(1033728K), 0.0042841 secs]
80.858: Total time for which application threads were stopped: 0.0044556 seconds, Stopping threads took: 0.0000202 seconds
80.923: [GC (Allocation Failure)  533168K->213680K(1033728K), 0.0041058 secs]
80.928: Total time for which application threads were stopped: 0.0042759 seconds, Stopping threads took: 0.0000205 seconds
80.992: [GC (Allocation Failure)  533168K->213896K(1033728K), 0.0041741 secs]
80.996: Total time for which application threads were stopped: 0.0043453 seconds, Stopping threads took: 0.0000203 seconds
81.063: [GC (Allocation Failure)  533384K->221706K(1033728K), 0.0039544 secs]
81.067: Total time for which application threads were stopped: 0.0041214 seconds, Stopping threads took: 0.0000268 seconds
81.135: [GC (Allocation Failure)  541194K->221674K(1033728K), 0.0039833 secs]
81.139: Total time for which application threads were stopped: 0.0041515 seconds, Stopping threads took: 0.0000200 seconds
81.203: [GC (Allocation Failure)  541162K->221898K(1033728K), 0.0041522 secs]
81.207: Total time for which application threads were stopped: 0.0043088 seconds, Stopping threads took: 0.0000192 seconds
81.275: [GC (Allocation Failure)  541386K->229740K(1032704K), 0.0042161 secs]
81.279: Total time for which application threads were stopped: 0.0043754 seconds, Stopping threads took: 0.0000191 seconds
81.346: [GC (Allocation Failure)  548204K->225546K(1033216K), 0.0026728 secs]
81.348: Total time for which application threads were stopped: 0.0028368 seconds, Stopping threads took: 0.0000191 seconds
81.415: [GC (Allocation Failure)  544010K->229860K(1034752K), 0.0041848 secs]
81.419: Total time for which application threads were stopped: 0.0043368 seconds, Stopping threads took: 0.0000168 seconds
81.487: [GC (Allocation Failure)  550884K->233884K(1034240K), 0.0041755 secs]
81.492: Total time for which application threads were stopped: 0.0043387 seconds, Stopping threads took: 0.0000202 seconds
81.560: [GC (Allocation Failure)  554908K->226842K(1034752K), 0.0013222 secs]
81.561: Total time for which application threads were stopped: 0.0014649 seconds, Stopping threads took: 0.0000258 seconds
81.631: [GC (Allocation Failure)  548378K->233932K(1034752K), 0.0041544 secs]
81.635: Total time for which application threads were stopped: 0.0043359 seconds, Stopping threads took: 0.0000202 seconds
81.701: [GC (Allocation Failure)  555468K->237988K(1034752K), 0.0052354 secs]
81.706: Total time for which application threads were stopped: 0.0054001 seconds, Stopping threads took: 0.0000203 seconds
81.773: [GC (Allocation Failure)  559524K->232194K(1034752K), 0.0064046 secs]
81.779: Total time for which application threads were stopped: 0.0065826 seconds, Stopping threads took: 0.0000284 seconds
81.846: [GC (Allocation Failure)  553730K->238060K(1035264K), 0.0042935 secs]
81.850: Total time for which application threads were stopped: 0.0044684 seconds, Stopping threads took: 0.0000194 seconds
81.918: [GC (Allocation Failure)  560108K->242172K(1034752K), 0.0045780 secs]
81.922: Total time for which application threads were stopped: 0.0047788 seconds, Stopping threads took: 0.0000283 seconds
81.990: [GC (Allocation Failure)  564220K->238202K(1035776K), 0.0034664 secs]
81.993: Total time for which application threads were stopped: 0.0036097 seconds, Stopping threads took: 0.0000191 seconds
82.063: [GC (Allocation Failure)  561274K->242300K(1035264K), 0.0040597 secs]
82.067: Total time for which application threads were stopped: 0.0042539 seconds, Stopping threads took: 0.0000201 seconds
82.137: [GC (Allocation Failure)  565372K->246300K(1035264K), 0.0040030 secs]
82.141: Total time for which application threads were stopped: 0.0041946 seconds, Stopping threads took: 0.0000215 seconds
82.210: [GC (Allocation Failure)  569884K->246268K(1035776K), 0.0040006 secs]
82.214: Total time for which application threads were stopped: 0.0041727 seconds, Stopping threads took: 0.0000205 seconds
82.279: [GC (Allocation Failure)  569852K->246332K(1034752K), 0.0042108 secs]
82.284: Total time for which application threads were stopped: 0.0043767 seconds, Stopping threads took: 0.0000208 seconds
82.351: [GC (Allocation Failure)  568892K->254302K(1035264K), 0.0041014 secs]
82.355: Total time for which application threads were stopped: 0.0042815 seconds, Stopping threads took: 0.0000198 seconds
82.424: [GC (Allocation Failure)  576862K->254270K(1034240K), 0.0042190 secs]
82.428: Total time for which application threads were stopped: 0.0044033 seconds, Stopping threads took: 0.0000200 seconds
82.495: [GC (Allocation Failure)  575806K->254374K(1034752K), 0.0042784 secs]
82.499: Total time for which application threads were stopped: 0.0044413 seconds, Stopping threads took: 0.0000208 seconds
82.567: [GC (Allocation Failure)  575910K->262345K(1033728K), 0.0043992 secs]
82.572: Total time for which application threads were stopped: 0.0045765 seconds, Stopping threads took: 0.0000264 seconds
82.640: [GC (Allocation Failure)  582857K->262345K(1034240K), 0.0039628 secs]
82.644: Total time for which application threads were stopped: 0.0041223 seconds, Stopping threads took: 0.0000205 seconds
82.709: [GC (Allocation Failure)  582857K->262569K(1034240K), 0.0042593 secs]
82.713: Total time for which application threads were stopped: 0.0044284 seconds, Stopping threads took: 0.0000204 seconds
82.783: [GC (Allocation Failure)  583081K->270379K(1034240K), 0.0041360 secs]
82.787: Total time for which application threads were stopped: 0.0043043 seconds, Stopping threads took: 0.0000196 seconds
82.854: [GC (Allocation Failure)  590891K->270379K(1034240K), 0.0043070 secs]
82.858: Total time for which application threads were stopped: 0.0044683 seconds, Stopping threads took: 0.0000201 seconds
82.926: [GC (Allocation Failure)  590891K->270819K(1020416K), 0.0042767 secs]
82.930: Total time for which application threads were stopped: 0.0044384 seconds, Stopping threads took: 0.0000196 seconds
82.997: [GC (Allocation Failure)  591331K->278437K(1033728K), 0.0040083 secs]
83.001: Total time for which application threads were stopped: 0.0041838 seconds, Stopping threads took: 0.0000195 seconds
83.067: [GC (Allocation Failure)  597925K->278437K(1033728K), 0.0040670 secs]
83.072: Total time for which application threads were stopped: 0.0042626 seconds, Stopping threads took: 0.0000204 seconds
83.140: [GC (Allocation Failure)  597925K->278533K(1033728K), 0.0041705 secs]
83.144: Total time for which application threads were stopped: 0.0043348 seconds, Stopping threads took: 0.0000202 seconds
83.213: [GC (Allocation Failure)  598021K->286440K(1033728K), 0.0042061 secs]
83.217: Total time for which application threads were stopped: 0.0043907 seconds, Stopping threads took: 0.0000211 seconds
83.286: [GC (Allocation Failure)  605926K->282533K(1034240K), 0.0029904 secs]
83.289: Total time for which application threads were stopped: 0.0031500 seconds, Stopping threads took: 0.0000177 seconds
83.358: [GC (Allocation Failure)  602533K->286608K(1033728K), 0.0044200 secs]
83.363: Total time for which application threads were stopped: 0.0045970 seconds, Stopping threads took: 0.0000216 seconds
83.430: [GC (Allocation Failure)  606608K->290576K(1034752K), 0.0043164 secs]
83.435: Total time for which application threads were stopped: 0.0044823 seconds, Stopping threads took: 0.0000164 seconds
83.502: [GC (Allocation Failure)  612112K->284813K(1034752K), 0.0022489 secs]
83.504: Total time for which application threads were stopped: 0.0023966 seconds, Stopping threads took: 0.0000208 seconds
83.574: [GC (Allocation Failure)  606349K->290648K(1035776K), 0.0040605 secs]
83.579: Total time for which application threads were stopped: 0.0042547 seconds, Stopping threads took: 0.0000198 seconds
83.649: [GC (Allocation Failure)  613208K->294728K(1034752K), 0.0043685 secs]
83.653: Total time for which application threads were stopped: 0.0045144 seconds, Stopping threads took: 0.0000174 seconds
83.721: [GC (Allocation Failure)  617025K->290853K(1035776K), 0.0030052 secs]
83.724: Total time for which application threads were stopped: 0.0031703 seconds, Stopping threads took: 0.0000194 seconds
83.791: [GC (Allocation Failure)  613925K->294888K(1035264K), 0.0044173 secs]
83.796: Total time for which application threads were stopped: 0.0045682 seconds, Stopping threads took: 0.0000169 seconds
83.863: [GC (Allocation Failure)  617960K->298888K(1035264K), 0.0041122 secs]
83.867: Total time for which application threads were stopped: 0.0042828 seconds, Stopping threads took: 0.0000204 seconds
83.935: [GC (Allocation Failure)  622472K->298856K(1035776K), 0.0040814 secs]
83.939: Total time for which application threads were stopped: 0.0042767 seconds, Stopping threads took: 0.0000202 seconds
84.004: [GC (Allocation Failure)  622440K->298920K(1034752K), 0.0042954 secs]
84.009: Total time for which application threads were stopped: 0.0044960 seconds, Stopping threads took: 0.0000272 seconds
84.079: [GC (Allocation Failure)  621480K->306890K(1035264K), 0.0041977 secs]
84.083: Total time for which application threads were stopped: 0.0043658 seconds, Stopping threads took: 0.0000202 seconds
84.149: [GC (Allocation Failure)  629450K->306922K(1034240K), 0.0042825 secs]
84.153: Total time for which application threads were stopped: 0.0044534 seconds, Stopping threads took: 0.0000202 seconds
84.220: [GC (Allocation Failure)  628458K->306954K(1034752K), 0.0041116 secs]
84.224: Total time for which application threads were stopped: 0.0042742 seconds, Stopping threads took: 0.0000202 seconds
84.290: [GC (Allocation Failure)  628490K->314956K(1033728K), 0.0043238 secs]
84.294: Total time for which application threads were stopped: 0.0044952 seconds, Stopping threads took: 0.0000206 seconds
84.362: [GC (Allocation Failure)  635468K->314924K(1034240K), 0.0039806 secs]
84.366: Total time for which application threads were stopped: 0.0041466 seconds, Stopping threads took: 0.0000200 seconds
84.432: [GC (Allocation Failure)  635436K->315180K(1034240K), 0.0042445 secs]
84.436: Total time for which application threads were stopped: 0.0044064 seconds, Stopping threads took: 0.0000208 seconds
84.502: [GC (Allocation Failure)  635692K->322958K(1034240K), 0.0048993 secs]
84.507: Total time for which application threads were stopped: 0.0050580 seconds, Stopping threads took: 0.0000197 seconds
84.572: [GC (Allocation Failure)  643470K->322990K(1034240K), 0.0049084 secs]
84.577: Total time for which application threads were stopped: 0.0050857 seconds, Stopping threads took: 0.0000286 seconds
84.644: [GC (Allocation Failure)  643502K->323366K(1020416K), 0.0043835 secs]
84.649: Total time for which application threads were stopped: 0.0045540 seconds, Stopping threads took: 0.0000197 seconds
84.715: [GC (Allocation Failure)  643878K->331017K(1033728K), 0.0042363 secs]
84.719: Total time for which application threads were stopped: 0.0044125 seconds, Stopping threads took: 0.0000200 seconds
84.789: [GC (Allocation Failure)  650505K->330985K(1033728K), 0.0044055 secs]
84.794: Total time for which application threads were stopped: 0.0045613 seconds, Stopping threads took: 0.0000167 seconds
84.859: [GC (Allocation Failure)  650473K->331113K(1033728K), 0.0044710 secs]
84.863: Total time for which application threads were stopped: 0.0046431 seconds, Stopping threads took: 0.0000195 seconds
84.932: [GC (Allocation Failure)  650601K->339019K(1033728K), 0.0043443 secs]
84.936: Total time for which application threads were stopped: 0.0045213 seconds, Stopping threads took: 0.0000219 seconds
85.004: [GC (Allocation Failure)  658505K->335145K(1034240K), 0.0031480 secs]
85.007: Total time for which application threads were stopped: 0.0033174 seconds, Stopping threads took: 0.0000207 seconds
85.075: [GC (Allocation Failure)  655145K->339179K(1033728K), 0.0041516 secs]
85.079: Total time for which application threads were stopped: 0.0043146 seconds, Stopping threads took: 0.0000251 seconds
85.145: [GC (Allocation Failure)  659179K->343147K(1034752K), 0.0043503 secs]
85.149: Total time for which application threads were stopped: 0.0045294 seconds, Stopping threads took: 0.0000207 seconds
85.218: [GC (Allocation Failure)  664683K->337417K(1034752K), 0.0021213 secs]
85.220: Total time for which application threads were stopped: 0.0023025 seconds, Stopping threads took: 0.0000208 seconds
85.290: [GC (Allocation Failure)  658953K->343211K(1035776K), 0.0042963 secs]
85.294: Total time for which application threads were stopped: 0.0044584 seconds, Stopping threads took: 0.0000195 seconds
85.362: [GC (Allocation Failure)  665771K->347291K(1034752K), 0.0045125 secs]
85.366: Total time for which application threads were stopped: 0.0046712 seconds, Stopping threads took: 0.0000195 seconds
85.433: [GC (Allocation Failure)  669589K->343417K(1035776K), 0.0032761 secs]
85.436: Total time for which application threads were stopped: 0.0034441 seconds, Stopping threads took: 0.0000202 seconds
85.505: [GC (Allocation Failure)  666489K->347459K(1035264K), 0.0043735 secs]
85.509: Total time for which application threads were stopped: 0.0045418 seconds, Stopping threads took: 0.0000203 seconds
85.577: [GC (Allocation Failure)  670531K->351427K(1035264K), 0.0043779 secs]
85.581: Total time for which application threads were stopped: 0.0045485 seconds, Stopping threads took: 0.0000198 seconds
85.649: [GC (Allocation Failure)  675011K->351427K(1035776K), 0.0042677 secs]
85.654: Total time for which application threads were stopped: 0.0044433 seconds, Stopping threads took: 0.0000202 seconds
85.719: [GC (Allocation Failure)  675011K->351499K(1034752K), 0.0044365 secs]
85.724: Total time for which application threads were stopped: 0.0046356 seconds, Stopping threads took: 0.0000216 seconds
85.795: [GC (Allocation Failure)  674059K->359501K(1035264K), 0.0042787 secs]
85.799: Total time for which application threads were stopped: 0.0044485 seconds, Stopping threads took: 0.0000197 seconds
85.867: [GC (Allocation Failure)  682061K->359469K(1034240K), 0.0051996 secs]
85.872: Total time for which application threads were stopped: 0.0053602 seconds, Stopping threads took: 0.0000203 seconds
85.939: [GC (Allocation Failure)  681005K->359533K(1034752K), 0.0043471 secs]
85.944: Total time for which application threads were stopped: 0.0045243 seconds, Stopping threads took: 0.0000194 seconds
86.009: [GC (Allocation Failure)  681069K->367503K(1034752K), 0.0042267 secs]
86.014: Total time for which application threads were stopped: 0.0044294 seconds, Stopping threads took: 0.0000267 seconds
86.081: [GC (Allocation Failure)  689039K->367503K(1029120K), 0.0042199 secs]
86.085: Total time for which application threads were stopped: 0.0043771 seconds, Stopping threads took: 0.0000195 seconds
86.152: [GC (Allocation Failure)  689039K->367719K(1034240K), 0.0044045 secs]
86.156: Total time for which application threads were stopped: 0.0045710 seconds, Stopping threads took: 0.0000197 seconds
86.224: [GC (Allocation Failure)  688231K->375530K(1034240K), 0.0043257 secs]
86.228: Total time for which application threads were stopped: 0.0045144 seconds, Stopping threads took: 0.0000187 seconds
86.296: [GC (Allocation Failure)  696042K->375530K(1034240K), 0.0041343 secs]
86.300: Total time for which application threads were stopped: 0.0042936 seconds, Stopping threads took: 0.0000196 seconds
86.368: [GC (Allocation Failure)  696042K->375946K(1020416K), 0.0044357 secs]
86.372: Total time for which application threads were stopped: 0.0046031 seconds, Stopping threads took: 0.0000173 seconds
86.440: [GC (Allocation Failure)  696458K->383564K(1033728K), 0.0111665 secs]
86.452: Total time for which application threads were stopped: 0.0113289 seconds, Stopping threads took: 0.0000196 seconds
86.521: [GC (Allocation Failure)  703052K->383564K(1033728K), 0.0044228 secs]
86.525: Total time for which application threads were stopped: 0.0046078 seconds, Stopping threads took: 0.0000285 seconds
86.590: [GC (Allocation Failure)  703052K->383684K(1033728K), 0.0044366 secs]
86.594: Total time for which application threads were stopped: 0.0046066 seconds, Stopping threads took: 0.0000219 seconds
86.662: [GC (Allocation Failure)  703172K->391622K(1033728K), 0.0044841 secs]
86.666: Total time for which application threads were stopped: 0.0046485 seconds, Stopping threads took: 0.0000201 seconds
86.734: [GC (Allocation Failure)  711110K->391622K(1033728K), 0.0042077 secs]
86.739: Total time for which application threads were stopped: 0.0043789 seconds, Stopping threads took: 0.0000204 seconds
86.806: [GC (Allocation Failure)  711110K->391654K(1033728K), 0.0043983 secs]
86.810: Total time for which application threads were stopped: 0.0045935 seconds, Stopping threads took: 0.0000202 seconds
86.879: [GC (Allocation Failure)  711142K->399688K(1032704K), 0.0045209 secs]
86.883: Total time for which application threads were stopped: 0.0047136 seconds, Stopping threads took: 0.0000201 seconds
86.952: [GC (Allocation Failure)  718152K->394054K(1033216K), 0.0023669 secs]
86.954: Total time for which application threads were stopped: 0.0025313 seconds, Stopping threads took: 0.0000187 seconds
87.023: [GC (Allocation Failure)  712518K->399880K(1034240K), 0.0043968 secs]
87.027: Total time for which application threads were stopped: 0.0045850 seconds, Stopping threads took: 0.0000287 seconds
87.096: [GC (Allocation Failure)  719880K->403768K(1033728K), 0.0047129 secs]
87.101: Total time for which application threads were stopped: 0.0049045 seconds, Stopping threads took: 0.0000206 seconds
87.167: [GC (Allocation Failure)  723768K->409686K(1030144K), 0.0069639 secs]
87.175: Total time for which application threads were stopped: 0.0071307 seconds, Stopping threads took: 0.0000188 seconds
87.241: [GC (Allocation Failure)  726102K->403928K(1032192K), 0.0044710 secs]
87.246: Total time for which application threads were stopped: 0.0046531 seconds, Stopping threads took: 0.0000198 seconds
87.311: [GC (Allocation Failure)  720344K->403768K(1032704K), 0.0045203 secs]
87.316: Total time for which application threads were stopped: 0.0046842 seconds, Stopping threads took: 0.0000201 seconds
87.382: [GC (Allocation Failure)  720696K->396054K(1032192K), 0.0012805 secs]
87.383: Total time for which application threads were stopped: 0.0014071 seconds, Stopping threads took: 0.0000192 seconds
87.450: [GC (Allocation Failure)  712982K->403864K(1032704K), 0.0043903 secs]
87.455: Total time for which application threads were stopped: 0.0045661 seconds, Stopping threads took: 0.0000216 seconds
87.522: [GC (Allocation Failure)  721304K->403768K(1032704K), 0.0044279 secs]
87.526: Total time for which application threads were stopped: 0.0046151 seconds, Stopping threads took: 0.0000262 seconds
87.594: [GC (Allocation Failure)  721208K->404824K(1033216K), 0.0044264 secs]
87.599: Total time for which application threads were stopped: 0.0045886 seconds, Stopping threads took: 0.0000204 seconds
87.666: [GC (Allocation Failure)  723288K->411803K(1033216K), 0.0046437 secs]
87.671: Total time for which application threads were stopped: 0.0048103 seconds, Stopping threads took: 0.0000187 seconds
87.737: [GC (Allocation Failure)  730267K->411803K(1033216K), 0.0042672 secs]
87.741: Total time for which application threads were stopped: 0.0044450 seconds, Stopping threads took: 0.0000195 seconds
87.808: [GC (Allocation Failure)  730267K->412995K(1033216K), 0.0045128 secs]
87.812: Total time for which application threads were stopped: 0.0046853 seconds, Stopping threads took: 0.0000197 seconds
87.879: [GC (Allocation Failure)  731459K->419909K(1033216K), 0.0043736 secs]
87.884: Total time for which application threads were stopped: 0.0045702 seconds, Stopping threads took: 0.0000202 seconds
87.952: [GC (Allocation Failure)  738373K->419845K(1033216K), 0.0045171 secs]
87.956: Total time for which application threads were stopped: 0.0046683 seconds, Stopping threads took: 0.0000167 seconds
88.023: [GC (Allocation Failure)  738309K->421221K(1033728K), 0.0045458 secs]
88.028: Total time for which application threads were stopped: 0.0047081 seconds, Stopping threads took: 0.0000194 seconds
88.096: [GC (Allocation Failure)  740709K->427879K(1033728K), 0.0046145 secs]
88.100: Total time for which application threads were stopped: 0.0047854 seconds, Stopping threads took: 0.0000201 seconds
88.168: [GC (Allocation Failure)  747367K->427879K(1033728K), 0.0044474 secs]
88.172: Total time for which application threads were stopped: 0.0046195 seconds, Stopping threads took: 0.0000204 seconds
88.238: [GC (Allocation Failure)  747367K->428423K(1033728K), 0.0046322 secs]
88.243: Total time for which application threads were stopped: 0.0048047 seconds, Stopping threads took: 0.0000202 seconds
88.309: [GC (Allocation Failure)  747911K->435978K(1033728K), 0.0045447 secs]
88.314: Total time for which application threads were stopped: 0.0047310 seconds, Stopping threads took: 0.0000204 seconds
88.380: [GC (Allocation Failure)  755466K->435946K(1033728K), 0.0044664 secs]
88.384: Total time for which application threads were stopped: 0.0046227 seconds, Stopping threads took: 0.0000196 seconds
88.449: [GC (Allocation Failure)  755434K->436138K(1033728K), 0.0045942 secs]
88.454: Total time for which application threads were stopped: 0.0047734 seconds, Stopping threads took: 0.0000189 seconds
88.520: [GC (Allocation Failure)  755626K->443948K(1033728K), 0.0044582 secs]
88.524: Total time for which application threads were stopped: 0.0046310 seconds, Stopping threads took: 0.0000265 seconds
88.592: [GC (Allocation Failure)  763436K->443980K(1033728K), 0.0044820 secs]
88.596: Total time for which application threads were stopped: 0.0046504 seconds, Stopping threads took: 0.0000197 seconds
88.662: [GC (Allocation Failure)  763468K->444908K(1033728K), 0.0048149 secs]
88.667: Total time for which application threads were stopped: 0.0049756 seconds, Stopping threads took: 0.0000193 seconds
88.734: [GC (Allocation Failure)  764396K->452014K(1033728K), 0.0044613 secs]
88.739: Total time for which application threads were stopped: 0.0046279 seconds, Stopping threads took: 0.0000193 seconds
88.807: [GC (Allocation Failure)  771502K->451982K(1033728K), 0.0043760 secs]
88.811: Total time for which application threads were stopped: 0.0045325 seconds, Stopping threads took: 0.0000201 seconds
88.877: [GC (Allocation Failure)  771470K->452110K(1032704K), 0.0047614 secs]
88.882: Total time for which application threads were stopped: 0.0049548 seconds, Stopping threads took: 0.0000199 seconds
88.951: [GC (Allocation Failure)  770574K->460016K(1033216K), 0.0044636 secs]
88.956: Total time for which application threads were stopped: 0.0046147 seconds, Stopping threads took: 0.0000171 seconds
89.023: [GC (Allocation Failure)  778480K->460016K(1033216K), 0.0043976 secs]
89.028: Total time for which application threads were stopped: 0.0046101 seconds, Stopping threads took: 0.0000265 seconds
89.094: [GC (Allocation Failure)  778480K->460328K(1033216K), 0.0045548 secs]
89.099: Total time for which application threads were stopped: 0.0047031 seconds, Stopping threads took: 0.0000172 seconds
89.167: [GC (Allocation Failure)  778792K->468075K(1033216K), 0.0047056 secs]
89.172: Total time for which application threads were stopped: 0.0048810 seconds, Stopping threads took: 0.0000259 seconds
89.238: [GC (Allocation Failure)  786539K->468043K(1033216K), 0.0044064 secs]
89.242: Total time for which application threads were stopped: 0.0045670 seconds, Stopping threads took: 0.0000204 seconds
89.308: [GC (Allocation Failure)  786507K->468555K(1033216K), 0.0045959 secs]
89.313: Total time for which application threads were stopped: 0.0047559 seconds, Stopping threads took: 0.0000198 seconds
89.378: [GC (Allocation Failure)  787019K->476109K(1033216K), 0.0044044 secs]
89.382: Total time for which application threads were stopped: 0.0045649 seconds, Stopping threads took: 0.0000195 seconds
89.448: [GC (Allocation Failure)  794573K->476109K(1033216K), 0.0045228 secs]
89.453: Total time for which application threads were stopped: 0.0046861 seconds, Stopping threads took: 0.0000190 seconds
89.517: [GC (Allocation Failure)  794573K->476813K(1033216K), 0.0045047 secs]
89.522: Total time for which application threads were stopped: 0.0046879 seconds, Stopping threads took: 0.0000267 seconds
89.588: [GC (Allocation Failure)  795277K->484143K(1033216K), 0.0107145 secs]
89.599: Total time for which application threads were stopped: 0.0108732 seconds, Stopping threads took: 0.0000195 seconds
89.665: [GC (Allocation Failure)  802607K->484111K(1033216K), 0.0045845 secs]
89.670: Total time for which application threads were stopped: 0.0047411 seconds, Stopping threads took: 0.0000184 seconds
89.736: [GC (Allocation Failure)  802575K->484967K(1033216K), 0.0044885 secs]
89.740: Total time for which application threads were stopped: 0.0046557 seconds, Stopping threads took: 0.0000188 seconds
89.808: [GC (Allocation Failure)  803431K->492137K(1033216K), 0.0047218 secs]
89.813: Total time for which application threads were stopped: 0.0049175 seconds, Stopping threads took: 0.0000199 seconds
89.881: [GC (Allocation Failure)  810601K->492137K(1033216K), 0.0042971 secs]
89.885: Total time for which application threads were stopped: 0.0044813 seconds, Stopping threads took: 0.0000172 seconds
89.953: [GC (Allocation Failure)  810601K->493225K(1033216K), 0.0046831 secs]
89.958: Total time for which application threads were stopped: 0.0048773 seconds, Stopping threads took: 0.0000195 seconds
90.026: [GC (Allocation Failure)  811689K->500172K(1032704K), 0.0043657 secs]
90.031: Total time for which application threads were stopped: 0.0045513 seconds, Stopping threads took: 0.0000265 seconds
90.098: [GC (Allocation Failure)  818636K->500172K(1033216K), 0.0044410 secs]
90.103: Total time for which application threads were stopped: 0.0046102 seconds, Stopping threads took: 0.0000194 seconds
90.169: [GC (Allocation Failure)  818636K->500396K(1032704K), 0.0045835 secs]
90.173: Total time for which application threads were stopped: 0.0047631 seconds, Stopping threads took: 0.0000196 seconds
90.240: [GC (Allocation Failure)  818860K->508238K(1033216K), 0.0045533 secs]
90.245: Total time for which application threads were stopped: 0.0047184 seconds, Stopping threads took: 0.0000202 seconds
90.312: [GC (Allocation Failure)  826702K->508174K(1033216K), 0.0044601 secs]
90.317: Total time for which application threads were stopped: 0.0046403 seconds, Stopping threads took: 0.0000196 seconds
90.382: [GC (Allocation Failure)  826638K->508654K(1033216K), 0.0045305 secs]
90.387: Total time for which application threads were stopped: 0.0047228 seconds, Stopping threads took: 0.0000188 seconds
90.455: [GC (Allocation Failure)  827118K->516272K(1033216K), 0.0045015 secs]
90.460: Total time for which application threads were stopped: 0.0046846 seconds, Stopping threads took: 0.0000172 seconds
90.529: [GC (Allocation Failure)  834736K->516272K(1033216K), 0.0046029 secs]
90.534: Total time for which application threads were stopped: 0.0047824 seconds, Stopping threads took: 0.0000284 seconds
90.599: [GC (Allocation Failure)  834736K->516360K(1033216K), 0.0045995 secs]
90.604: Total time for which application threads were stopped: 0.0047628 seconds, Stopping threads took: 0.0000207 seconds
90.671: [GC (Allocation Failure)  834824K->524266K(1033216K), 0.0044760 secs]
90.676: Total time for which application threads were stopped: 0.0046536 seconds, Stopping threads took: 0.0000274 seconds
90.743: [GC (Allocation Failure)  842730K->524266K(1033216K), 0.0045480 secs]
90.747: Total time for which application threads were stopped: 0.0047085 seconds, Stopping threads took: 0.0000201 seconds
90.816: [GC (Allocation Failure)  842730K->524330K(1033216K), 0.0044563 secs]
90.821: Total time for which application threads were stopped: 0.0046133 seconds, Stopping threads took: 0.0000191 seconds
90.888: [GC (Allocation Failure)  842794K->532301K(1033216K), 0.0047782 secs]
90.892: Total time for which application threads were stopped: 0.0049575 seconds, Stopping threads took: 0.0000192 seconds
90.958: [GC (Allocation Failure)  850765K->532301K(1033216K), 0.0046819 secs]
90.963: Total time for which application threads were stopped: 0.0048556 seconds, Stopping threads took: 0.0000194 seconds
91.028: [GC (Allocation Failure)  850765K->532365K(1033216K), 0.0047125 secs]
91.032: Total time for which application threads were stopped: 0.0048959 seconds, Stopping threads took: 0.0000272 seconds
91.100: [GC (Allocation Failure)  850829K->540335K(1033216K), 0.0052744 secs]
91.105: Total time for which application threads were stopped: 0.0054495 seconds, Stopping threads took: 0.0000277 seconds
91.171: [GC (Allocation Failure)  858799K->540335K(1033216K), 0.0048739 secs]
91.176: Total time for which application threads were stopped: 0.0050495 seconds, Stopping threads took: 0.0000190 seconds
91.242: [GC (Allocation Failure)  858799K->540551K(1033216K), 0.0047074 secs]
91.247: Total time for which application threads were stopped: 0.0048704 seconds, Stopping threads took: 0.0000194 seconds
91.315: [GC (Allocation Failure)  859015K->548361K(1033216K), 0.0044923 secs]
91.319: Total time for which application threads were stopped: 0.0046535 seconds, Stopping threads took: 0.0000205 seconds
91.387: [GC (Allocation Failure)  866825K->544231K(1033216K), 0.0033861 secs]
91.391: Total time for which application threads were stopped: 0.0035424 seconds, Stopping threads took: 0.0000173 seconds
91.455: [GC (Allocation Failure)  862695K->548513K(1034752K), 0.0047236 secs]
91.460: Total time for which application threads were stopped: 0.0048847 seconds, Stopping threads took: 0.0000196 seconds
91.528: [GC (Allocation Failure)  869025K->552473K(1033728K), 0.0043884 secs]
91.532: Total time for which application threads were stopped: 0.0045556 seconds, Stopping threads took: 0.0000257 seconds
91.599: [GC (Allocation Failure)  872985K->560839K(1028096K), 0.0082940 secs]
91.607: Total time for which application threads were stopped: 0.0084486 seconds, Stopping threads took: 0.0000270 seconds
91.672: [GC (Allocation Failure)  875207K->554665K(1031168K), 0.0046840 secs]
91.677: Total time for which application threads were stopped: 0.0048514 seconds, Stopping threads took: 0.0000192 seconds
91.743: [GC (Allocation Failure)  869033K->554601K(1032192K), 0.0045846 secs]
91.748: Total time for which application threads were stopped: 0.0047574 seconds, Stopping threads took: 0.0000201 seconds
91.817: [GC (Allocation Failure)  870505K->556329K(1031680K), 0.0048277 secs]
91.822: Total time for which application threads were stopped: 0.0049915 seconds, Stopping threads took: 0.0000189 seconds
91.888: [GC (Allocation Failure)  872233K->562603K(1032704K), 0.0047020 secs]
91.893: Total time for which application threads were stopped: 0.0048630 seconds, Stopping threads took: 0.0000194 seconds
91.959: [GC (Allocation Failure)  879531K->562635K(1032192K), 0.0049272 secs]
91.964: Total time for which application threads were stopped: 0.0051054 seconds, Stopping threads took: 0.0000288 seconds
92.029: [GC (Allocation Failure)  879563K->563051K(1032704K), 0.0046499 secs]
92.033: Total time for which application threads were stopped: 0.0048176 seconds, Stopping threads took: 0.0000265 seconds
92.101: [GC (Allocation Failure)  880491K->570638K(1032704K), 0.0045594 secs]
92.105: Total time for which application threads were stopped: 0.0047596 seconds, Stopping threads took: 0.0000216 seconds
92.175: [GC (Allocation Failure)  888078K->570670K(1033216K), 0.0047839 secs]
92.180: Total time for which application threads were stopped: 0.0049506 seconds, Stopping threads took: 0.0000191 seconds
92.246: [GC (Allocation Failure)  888622K->572806K(1032704K), 0.0050638 secs]
92.251: Total time for which application threads were stopped: 0.0052355 seconds, Stopping threads took: 0.0000199 seconds
92.319: [GC (Allocation Failure)  890758K->578664K(1033216K), 0.0046240 secs]
92.323: Total time for which application threads were stopped: 0.0047873 seconds, Stopping threads took: 0.0000200 seconds
92.390: [GC (Allocation Failure)  897128K->578664K(1033216K), 0.0045617 secs]
92.395: Total time for which application threads were stopped: 0.0047323 seconds, Stopping threads took: 0.0000196 seconds
92.459: [GC (Allocation Failure)  897128K->580552K(1033728K), 0.0050879 secs]
92.464: Total time for which application threads were stopped: 0.0052511 seconds, Stopping threads took: 0.0000213 seconds
92.532: [GC (Allocation Failure)  900040K->586698K(1033728K), 0.0047584 secs]
92.537: Total time for which application threads were stopped: 0.0049177 seconds, Stopping threads took: 0.0000193 seconds
92.603: [GC (Allocation Failure)  906186K->586730K(1033728K), 0.0046516 secs]
92.608: Total time for which application threads were stopped: 0.0048450 seconds, Stopping threads took: 0.0000198 seconds
92.674: [GC (Allocation Failure)  906218K->587754K(1033728K), 0.0046872 secs]
92.679: Total time for which application threads were stopped: 0.0048450 seconds, Stopping threads took: 0.0000169 seconds
92.747: [GC (Allocation Failure)  907242K->594765K(1033728K), 0.0048329 secs]
92.752: Total time for which application threads were stopped: 0.0050204 seconds, Stopping threads took: 0.0000370 seconds
92.819: [GC (Allocation Failure)  914253K->594733K(1033728K), 0.0045475 secs]
92.823: Total time for which application threads were stopped: 0.0047050 seconds, Stopping threads took: 0.0000178 seconds
92.888: [GC (Allocation Failure)  914221K->594949K(1033728K), 0.0049290 secs]
92.893: Total time for which application threads were stopped: 0.0050998 seconds, Stopping threads took: 0.0000202 seconds
92.961: [GC (Allocation Failure)  914437K->602791K(1033728K), 0.0048271 secs]
92.966: Total time for which application threads were stopped: 0.0049997 seconds, Stopping threads took: 0.0000204 seconds
93.032: [GC (Allocation Failure)  922279K->602759K(1033728K), 0.0048886 secs]
93.037: Total time for which application threads were stopped: 0.0050615 seconds, Stopping threads took: 0.0000205 seconds
93.102: [GC (Allocation Failure)  922247K->603175K(1033728K), 0.0047645 secs]
93.107: Total time for which application threads were stopped: 0.0049346 seconds, Stopping threads took: 0.0000203 seconds
93.175: [GC (Allocation Failure)  922663K->610857K(1033728K), 0.0046369 secs]
93.179: Total time for which application threads were stopped: 0.0047947 seconds, Stopping threads took: 0.0000193 seconds
93.245: [GC (Allocation Failure)  930345K->610793K(1033728K), 0.0047774 secs]
93.250: Total time for which application threads were stopped: 0.0049386 seconds, Stopping threads took: 0.0000202 seconds
93.316: [GC (Allocation Failure)  930281K->611401K(1033728K), 0.0048775 secs]
93.321: Total time for which application threads were stopped: 0.0050483 seconds, Stopping threads took: 0.0000223 seconds
93.388: [GC (Allocation Failure)  930889K->618859K(1033728K), 0.0045864 secs]
93.393: Total time for which application threads were stopped: 0.0047571 seconds, Stopping threads took: 0.0000286 seconds
93.460: [GC (Allocation Failure)  938347K->618827K(1033728K), 0.0049479 secs]
93.465: Total time for which application threads were stopped: 0.0051182 seconds, Stopping threads took: 0.0000203 seconds
93.531: [GC (Allocation Failure)  938315K->620651K(1033728K), 0.0048957 secs]
93.536: Total time for which application threads were stopped: 0.0050660 seconds, Stopping threads took: 0.0000265 seconds
93.604: [GC (Allocation Failure)  940139K->626926K(1033728K), 0.0049724 secs]
93.609: Total time for which application threads were stopped: 0.0051501 seconds, Stopping threads took: 0.0000282 seconds
93.675: [GC (Allocation Failure)  946414K->626830K(1033728K), 0.0050525 secs]
93.680: Total time for which application threads were stopped: 0.0052116 seconds, Stopping threads took: 0.0000189 seconds
93.745: [GC (Allocation Failure)  946318K->627846K(1033728K), 0.0049887 secs]
93.750: Total time for which application threads were stopped: 0.0051502 seconds, Stopping threads took: 0.0000194 seconds
93.818: [GC (Allocation Failure)  947334K->634920K(1033728K), 0.0049438 secs]
93.823: Total time for which application threads were stopped: 0.0051070 seconds, Stopping threads took: 0.0000195 seconds
93.889: [GC (Allocation Failure)  954408K->634920K(1033728K), 0.0047425 secs]
93.894: Total time for which application threads were stopped: 0.0048994 seconds, Stopping threads took: 0.0000200 seconds
93.959: [GC (Allocation Failure)  954408K->635048K(1033728K), 0.0049205 secs]
93.964: Total time for which application threads were stopped: 0.0050780 seconds, Stopping threads took: 0.0000173 seconds
94.032: [GC (Allocation Failure)  954536K->642954K(1033728K), 0.0045813 secs]
94.036: Total time for which application threads were stopped: 0.0047311 seconds, Stopping threads took: 0.0000258 seconds
94.103: [GC (Allocation Failure)  962442K->642954K(1033728K), 0.0047213 secs]
94.107: Total time for which application threads were stopped: 0.0048786 seconds, Stopping threads took: 0.0000203 seconds
94.174: [GC (Allocation Failure)  962442K->643306K(1033728K), 0.0047397 secs]
94.178: Total time for which application threads were stopped: 0.0048974 seconds, Stopping threads took: 0.0000174 seconds
94.246: [GC (Allocation Failure)  962794K->650956K(1033728K), 0.0047944 secs]
94.251: Total time for which application threads were stopped: 0.0049555 seconds, Stopping threads took: 0.0000203 seconds
94.317: [GC (Allocation Failure)  970444K->650956K(1033728K), 0.0056736 secs]
94.322: Total time for which application threads were stopped: 0.0058430 seconds, Stopping threads took: 0.0000194 seconds
94.389: [GC (Allocation Failure)  970444K->651524K(1033728K), 0.0051370 secs]
94.394: Total time for which application threads were stopped: 0.0053242 seconds, Stopping threads took: 0.0000216 seconds
94.462: [GC (Allocation Failure)  971012K->658983K(1032704K), 0.0048950 secs]
94.467: Total time for which application threads were stopped: 0.0050595 seconds, Stopping threads took: 0.0000203 seconds
94.534: [GC (Allocation Failure)  977447K->658983K(1033216K), 0.0047686 secs]
94.539: Total time for which application threads were stopped: 0.0049392 seconds, Stopping threads took: 0.0000260 seconds
94.606: [GC (Allocation Failure)  977447K->659783K(1033728K), 0.0050364 secs]
94.612: Total time for which application threads were stopped: 0.0052160 seconds, Stopping threads took: 0.0000201 seconds
94.681: [GC (Allocation Failure)  979271K->667017K(1027072K), 0.0047596 secs]
94.685: Total time for which application threads were stopped: 0.0049757 seconds, Stopping threads took: 0.0000277 seconds
94.754: [GC (Allocation Failure)  986505K->667049K(1033728K), 0.0054186 secs]
94.760: Total time for which application threads were stopped: 0.0055844 seconds, Stopping threads took: 0.0000226 seconds
94.828: [GC (Allocation Failure)  986025K->667497K(1033216K), 0.0048796 secs]
94.833: Total time for which application threads were stopped: 0.0050469 seconds, Stopping threads took: 0.0000185 seconds
94.900: [GC (Allocation Failure)  986473K->675083K(1033216K), 0.0049396 secs]
94.905: Total time for which application threads were stopped: 0.0051137 seconds, Stopping threads took: 0.0000208 seconds
94.971: [GC (Allocation Failure)  993547K->675051K(1033216K), 0.0049654 secs]
94.976: Total time for which application threads were stopped: 0.0051355 seconds, Stopping threads took: 0.0000196 seconds
95.041: [GC (Allocation Failure)  993515K->675211K(1033216K), 0.0048740 secs]
95.046: Total time for which application threads were stopped: 0.0050455 seconds, Stopping threads took: 0.0000279 seconds
95.113: [GC (Allocation Failure)  993675K->683085K(1033216K), 0.0049030 secs]
95.118: Total time for which application threads were stopped: 0.0050805 seconds, Stopping threads took: 0.0000201 seconds
95.184: [GC (Allocation Failure)  1001549K->683117K(1033216K), 0.0047200 secs]
95.189: Total time for which application threads were stopped: 0.0049040 seconds, Stopping threads took: 0.0000169 seconds
95.255: [GC (Allocation Failure)  1001581K->683437K(1033216K), 0.0049901 secs]
95.261: [Full GC (Ergonomics)  683437K->8829K(1033216K), 0.0132373 secs]
95.274: Total time for which application threads were stopped: 0.0184910 seconds, Stopping threads took: 0.0000170 seconds
95.342: [GC (Allocation Failure)  327293K->17631K(1033216K), 0.0036902 secs]
95.346: Total time for which application threads were stopped: 0.0038719 seconds, Stopping threads took: 0.0000177 seconds
95.413: [GC (Allocation Failure)  336095K->17615K(1033216K), 0.0040463 secs]
95.417: Total time for which application threads were stopped: 0.0042085 seconds, Stopping threads took: 0.0000169 seconds
95.483: [GC (Allocation Failure)  336079K->17639K(1033216K), 0.0037556 secs]
95.487: Total time for which application threads were stopped: 0.0039247 seconds, Stopping threads took: 0.0000203 seconds
95.552: [GC (Allocation Failure)  336103K->25641K(1033216K), 0.0039664 secs]
95.556: Total time for which application threads were stopped: 0.0041461 seconds, Stopping threads took: 0.0000274 seconds
95.623: [GC (Allocation Failure)  344105K->25641K(1033216K), 0.0037270 secs]
95.627: Total time for which application threads were stopped: 0.0038914 seconds, Stopping threads took: 0.0000205 seconds
95.691: [GC (Allocation Failure)  344105K->25897K(1033216K), 0.0064785 secs]
95.698: Total time for which application threads were stopped: 0.0066455 seconds, Stopping threads took: 0.0000210 seconds
95.766: [GC (Allocation Failure)  344361K->33676K(1033216K), 0.0034999 secs]
95.769: Total time for which application threads were stopped: 0.0036612 seconds, Stopping threads took: 0.0000196 seconds
95.835: [GC (Allocation Failure)  352140K->33708K(1033216K), 0.0038438 secs]
95.839: Total time for which application threads were stopped: 0.0040026 seconds, Stopping threads took: 0.0000196 seconds
95.905: [GC (Allocation Failure)  352172K->33900K(1033216K), 0.0037940 secs]
95.909: Total time for which application threads were stopped: 0.0039566 seconds, Stopping threads took: 0.0000192 seconds
95.975: [GC (Allocation Failure)  352364K->41742K(1033216K), 0.0038389 secs]
95.979: Total time for which application threads were stopped: 0.0040058 seconds, Stopping threads took: 0.0000190 seconds
96.045: [GC (Allocation Failure)  360206K->37804K(1033728K), 0.0024230 secs]
96.048: Total time for which application threads were stopped: 0.0025701 seconds, Stopping threads took: 0.0000247 seconds
96.115: [GC (Allocation Failure)  356780K->41862K(1033216K), 0.0038229 secs]
96.119: Total time for which application threads were stopped: 0.0039956 seconds, Stopping threads took: 0.0000226 seconds
96.185: [GC (Allocation Failure)  360838K->45830K(1034240K), 0.0037543 secs]
96.189: Total time for which application threads were stopped: 0.0039174 seconds, Stopping threads took: 0.0000204 seconds
96.256: [GC (Allocation Failure)  366342K->53356K(1034240K), 0.0068959 secs]
96.263: Total time for which application threads were stopped: 0.0070911 seconds, Stopping threads took: 0.0000196 seconds
96.332: [GC (Allocation Failure)  373868K->47118K(1029120K), 0.0039414 secs]
96.336: Total time for which application threads were stopped: 0.0040865 seconds, Stopping threads took: 0.0000164 seconds
96.403: [GC (Allocation Failure)  362510K->47086K(1031680K), 0.0038516 secs]
96.407: Total time for which application threads were stopped: 0.0040126 seconds, Stopping threads took: 0.0000199 seconds
96.471: [GC (Allocation Failure)  362478K->42540K(1032704K), 0.0019409 secs]
96.473: Total time for which application threads were stopped: 0.0020929 seconds, Stopping threads took: 0.0000192 seconds
96.542: [GC (Allocation Failure)  359468K->47310K(1032192K), 0.0036338 secs]
96.545: Total time for which application threads were stopped: 0.0038079 seconds, Stopping threads took: 0.0000262 seconds
96.612: [GC (Allocation Failure)  364238K->47086K(1033216K), 0.0039295 secs]
96.616: Total time for which application threads were stopped: 0.0041075 seconds, Stopping threads took: 0.0000203 seconds
96.684: [GC (Allocation Failure)  365038K->47214K(1032704K), 0.0037743 secs]
96.688: Total time for which application threads were stopped: 0.0039363 seconds, Stopping threads took: 0.0000190 seconds
96.755: [GC (Allocation Failure)  365166K->55184K(1033216K), 0.0044366 secs]
96.760: Total time for which application threads were stopped: 0.0046048 seconds, Stopping threads took: 0.0000261 seconds
96.828: [GC (Allocation Failure)  373648K->55120K(1033216K), 0.0037107 secs]
96.832: Total time for which application threads were stopped: 0.0039081 seconds, Stopping threads took: 0.0000202 seconds
96.900: [GC (Allocation Failure)  373584K->59048K(1033728K), 0.0044821 secs]
96.904: Total time for which application threads were stopped: 0.0046552 seconds, Stopping threads took: 0.0000249 seconds
96.973: [GC (Allocation Failure)  378024K->63306K(1033216K), 0.0038210 secs]
96.977: Total time for which application threads were stopped: 0.0039730 seconds, Stopping threads took: 0.0000177 seconds
97.043: [GC (Allocation Failure)  382282K->63114K(1034240K), 0.0037635 secs]
97.047: Total time for which application threads were stopped: 0.0039588 seconds, Stopping threads took: 0.0000265 seconds
97.114: [GC (Allocation Failure)  383114K->65738K(1033728K), 0.0042022 secs]
97.118: Total time for which application threads were stopped: 0.0044130 seconds, Stopping threads took: 0.0000354 seconds
97.188: [GC (Allocation Failure)  385738K->71277K(1034240K), 0.0038463 secs]
97.192: Total time for which application threads were stopped: 0.0040087 seconds, Stopping threads took: 0.0000204 seconds
97.260: [GC (Allocation Failure)  391789K->71213K(1034240K), 0.0040247 secs]
97.264: Total time for which application threads were stopped: 0.0042012 seconds, Stopping threads took: 0.0000213 seconds
97.331: [GC (Allocation Failure)  391725K->71397K(1034240K), 0.0038010 secs]
97.335: Total time for which application threads were stopped: 0.0039681 seconds, Stopping threads took: 0.0000202 seconds
97.404: [GC (Allocation Failure)  391909K->79239K(1034240K), 0.0039384 secs]
97.408: Total time for which application threads were stopped: 0.0041302 seconds, Stopping threads took: 0.0000198 seconds
97.477: [GC (Allocation Failure)  399751K->79207K(1034240K), 0.0038515 secs]
97.481: Total time for which application threads were stopped: 0.0040064 seconds, Stopping threads took: 0.0000173 seconds
97.550: [GC (Allocation Failure)  399719K->81703K(1034240K), 0.0041012 secs]
97.554: Total time for which application threads were stopped: 0.0042692 seconds, Stopping threads took: 0.0000257 seconds
97.623: [GC (Allocation Failure)  402215K->87273K(1034240K), 0.0038193 secs]
97.627: Total time for which application threads were stopped: 0.0039873 seconds, Stopping threads took: 0.0000216 seconds
97.695: [GC (Allocation Failure)  407785K->87241K(1034240K), 0.0038479 secs]
97.698: Total time for which application threads were stopped: 0.0040119 seconds, Stopping threads took: 0.0000199 seconds
97.767: [GC (Allocation Failure)  407753K->87849K(1034240K), 0.0046493 secs]
97.772: Total time for which application threads were stopped: 0.0048495 seconds, Stopping threads took: 0.0000179 seconds
97.841: [GC (Allocation Failure)  408361K->95308K(1034240K), 0.0040086 secs]
97.845: Total time for which application threads were stopped: 0.0041727 seconds, Stopping threads took: 0.0000181 seconds
97.913: [GC (Allocation Failure)  415820K->95308K(1034240K), 0.0039332 secs]
97.917: Total time for which application threads were stopped: 0.0041021 seconds, Stopping threads took: 0.0000219 seconds
97.984: [GC (Allocation Failure)  415820K->98188K(1034240K), 0.0042185 secs]
97.989: Total time for which application threads were stopped: 0.0043875 seconds, Stopping threads took: 0.0000217 seconds
98.057: [GC (Allocation Failure)  418700K->103406K(1034240K), 0.0035484 secs]
98.061: Total time for which application threads were stopped: 0.0037065 seconds, Stopping threads took: 0.0000261 seconds
98.129: [GC (Allocation Failure)  423918K->103310K(1034240K), 0.0044867 secs]
98.134: Total time for which application threads were stopped: 0.0046475 seconds, Stopping threads took: 0.0000207 seconds
98.203: [GC (Allocation Failure)  423822K->104334K(1034240K), 0.0039993 secs]
98.207: Total time for which application threads were stopped: 0.0041538 seconds, Stopping threads took: 0.0000199 seconds
98.277: [GC (Allocation Failure)  424846K->111408K(1034240K), 0.0038837 secs]
98.281: Total time for which application threads were stopped: 0.0040542 seconds, Stopping threads took: 0.0000197 seconds
98.349: [GC (Allocation Failure)  431920K->111344K(1034240K), 0.0039388 secs]
98.353: Total time for which application threads were stopped: 0.0040953 seconds, Stopping threads took: 0.0000193 seconds
98.420: [GC (Allocation Failure)  431856K->111560K(1034240K), 0.0039363 secs]
98.424: Total time for which application threads were stopped: 0.0040952 seconds, Stopping threads took: 0.0000194 seconds
98.492: [GC (Allocation Failure)  432072K->119370K(1034240K), 0.0036924 secs]
98.495: Total time for which application threads were stopped: 0.0038534 seconds, Stopping threads took: 0.0000198 seconds
98.563: [GC (Allocation Failure)  439882K->119402K(1034240K), 0.0039053 secs]
98.567: Total time for which application threads were stopped: 0.0040667 seconds, Stopping threads took: 0.0000198 seconds
98.634: [GC (Allocation Failure)  439914K->120802K(1034240K), 0.0041131 secs]
98.638: Total time for which application threads were stopped: 0.0042876 seconds, Stopping threads took: 0.0000203 seconds
98.706: [GC (Allocation Failure)  441314K->127461K(1034240K), 0.0039626 secs]
98.710: Total time for which application threads were stopped: 0.0041283 seconds, Stopping threads took: 0.0000200 seconds
98.779: [GC (Allocation Failure)  447973K->127397K(1034240K), 0.0039737 secs]
98.783: Total time for which application threads were stopped: 0.0041430 seconds, Stopping threads took: 0.0000188 seconds
98.852: [GC (Allocation Failure)  447909K->127469K(1020416K), 0.0037472 secs]
98.855: Total time for which application threads were stopped: 0.0039431 seconds, Stopping threads took: 0.0000203 seconds
98.925: [GC (Allocation Failure)  447981K->135471K(1033728K), 0.0039518 secs]
98.929: Total time for which application threads were stopped: 0.0041116 seconds, Stopping threads took: 0.0000189 seconds
98.994: [GC (Allocation Failure)  454959K->135439K(1033728K), 0.0040594 secs]
98.998: Total time for which application threads were stopped: 0.0042367 seconds, Stopping threads took: 0.0000203 seconds
99.063: [GC (Allocation Failure)  454927K->135751K(1033728K), 0.0038963 secs]
99.067: Total time for which application threads were stopped: 0.0040490 seconds, Stopping threads took: 0.0000266 seconds
99.136: [GC (Allocation Failure)  455239K->143497K(1033728K), 0.0040670 secs]
99.140: Total time for which application threads were stopped: 0.0042166 seconds, Stopping threads took: 0.0000172 seconds
99.208: [GC (Allocation Failure)  462985K->143465K(1033728K), 0.0039351 secs]
99.212: Total time for which application threads were stopped: 0.0041026 seconds, Stopping threads took: 0.0000197 seconds
99.277: [GC (Allocation Failure)  462953K->144489K(1033728K), 0.0040030 secs]
99.281: Total time for which application threads were stopped: 0.0041722 seconds, Stopping threads took: 0.0000206 seconds
99.349: [GC (Allocation Failure)  463977K->151499K(1033728K), 0.0039085 secs]
99.353: Total time for which application threads were stopped: 0.0040891 seconds, Stopping threads took: 0.0000198 seconds
99.420: [GC (Allocation Failure)  470987K->151499K(1033728K), 0.0041081 secs]
99.425: Total time for which application threads were stopped: 0.0042802 seconds, Stopping threads took: 0.0000203 seconds
99.489: [GC (Allocation Failure)  470987K->151659K(1033728K), 0.0038183 secs]
99.493: Total time for which application threads were stopped: 0.0040170 seconds, Stopping threads took: 0.0000209 seconds
99.561: [GC (Allocation Failure)  471147K->159566K(1033728K), 0.0040858 secs]
99.565: Total time for which application threads were stopped: 0.0042635 seconds, Stopping threads took: 0.0000281 seconds
99.633: [GC (Allocation Failure)  479054K->159534K(1033728K), 0.0054476 secs]
99.638: Total time for which application threads were stopped: 0.0056147 seconds, Stopping threads took: 0.0000209 seconds
99.705: [GC (Allocation Failure)  479022K->160942K(1033728K), 0.0042056 secs]
99.710: Total time for which application threads were stopped: 0.0044067 seconds, Stopping threads took: 0.0000214 seconds
99.778: [GC (Allocation Failure)  480430K->167600K(1033728K), 0.0040183 secs]
99.782: Total time for which application threads were stopped: 0.0041886 seconds, Stopping threads took: 0.0000145 seconds
99.849: [GC (Allocation Failure)  487088K->167568K(1033728K), 0.0039312 secs]
99.853: Total time for which application threads were stopped: 0.0040801 seconds, Stopping threads took: 0.0000172 seconds
99.917: [GC (Allocation Failure)  487056K->168136K(1033728K), 0.0049975 secs]
99.922: Total time for which application threads were stopped: 0.0051583 seconds, Stopping threads took: 0.0000204 seconds
99.991: [GC (Allocation Failure)  487624K->175626K(1033728K), 0.0039307 secs]
99.996: Total time for which application threads were stopped: 0.0040994 seconds, Stopping threads took: 0.0000170 seconds
100.064: [GC (Allocation Failure)  495114K->175626K(1033728K), 0.0039266 secs]
100.068: Total time for which application threads were stopped: 0.0041271 seconds, Stopping threads took: 0.0000285 seconds
100.132: [GC (Allocation Failure)  495114K->176394K(1033728K), 0.0041613 secs]
100.137: Total time for which application threads were stopped: 0.0043301 seconds, Stopping threads took: 0.0000272 seconds
100.204: [GC (Allocation Failure)  495882K->183660K(1033728K), 0.0042668 secs]
100.208: Total time for which application threads were stopped: 0.0044283 seconds, Stopping threads took: 0.0000202 seconds
100.277: [GC (Allocation Failure)  503148K->183628K(1033728K), 0.0038804 secs]
100.281: Total time for which application threads were stopped: 0.0040612 seconds, Stopping threads took: 0.0000201 seconds
100.346: [GC (Allocation Failure)  503116K->184620K(1033728K), 0.0041255 secs]
100.350: Total time for which application threads were stopped: 0.0043202 seconds, Stopping threads took: 0.0000203 seconds
100.417: [GC (Allocation Failure)  504108K->191695K(1033728K), 0.0041673 secs]
100.422: Total time for which application threads were stopped: 0.0043623 seconds, Stopping threads took: 0.0000194 seconds
100.491: [GC (Allocation Failure)  511183K->191663K(1033728K), 0.0038744 secs]
100.495: Total time for which application threads were stopped: 0.0040334 seconds, Stopping threads took: 0.0000185 seconds
100.560: [GC (Allocation Failure)  511151K->191815K(1019392K), 0.0040925 secs]
100.565: Total time for which application threads were stopped: 0.0042790 seconds, Stopping threads took: 0.0000276 seconds
100.630: [GC (Allocation Failure)  511303K->199721K(1033216K), 0.0041876 secs]
100.635: Total time for which application threads were stopped: 0.0043660 seconds, Stopping threads took: 0.0000199 seconds
100.702: [GC (Allocation Failure)  518185K->199689K(1033216K), 0.0041311 secs]
100.706: Total time for which application threads were stopped: 0.0043018 seconds, Stopping threads took: 0.0000193 seconds
100.771: [GC (Allocation Failure)  518153K->200033K(1033216K), 0.0055072 secs]
100.777: Total time for which application threads were stopped: 0.0056623 seconds, Stopping threads took: 0.0000176 seconds
100.844: [GC (Allocation Failure)  518497K->207715K(1033216K), 0.0041037 secs]
100.849: Total time for which application threads were stopped: 0.0042686 seconds, Stopping threads took: 0.0000211 seconds
100.914: [GC (Allocation Failure)  526179K->207715K(1033216K), 0.0040561 secs]
100.918: Total time for which application threads were stopped: 0.0042439 seconds, Stopping threads took: 0.0000327 seconds
100.984: [GC (Allocation Failure)  526179K->208267K(1033216K), 0.0039859 secs]
100.988: Total time for which application threads were stopped: 0.0041604 seconds, Stopping threads took: 0.0000196 seconds
101.057: [GC (Allocation Failure)  526731K->215758K(1033216K), 0.0040884 secs]
101.061: Total time for which application threads were stopped: 0.0042512 seconds, Stopping threads took: 0.0000198 seconds
101.128: [GC (Allocation Failure)  534222K->215758K(1033216K), 0.0041174 secs]
101.132: Total time for which application threads were stopped: 0.0042925 seconds, Stopping threads took: 0.0000192 seconds
101.197: [GC (Allocation Failure)  534222K->216014K(1033216K), 0.0039495 secs]
101.201: Total time for which application threads were stopped: 0.0041231 seconds, Stopping threads took: 0.0000200 seconds
101.267: [GC (Allocation Failure)  534478K->223792K(1033216K), 0.0042364 secs]
101.272: Total time for which application threads were stopped: 0.0043993 seconds, Stopping threads took: 0.0000195 seconds
101.336: [GC (Allocation Failure)  542256K->223760K(1033216K), 0.0048452 secs]
101.341: Total time for which application threads were stopped: 0.0050142 seconds, Stopping threads took: 0.0000198 seconds
101.407: [GC (Allocation Failure)  542224K->223848K(1033216K), 0.0040852 secs]
101.412: Total time for which application threads were stopped: 0.0042800 seconds, Stopping threads took: 0.0000218 seconds
101.478: [GC (Allocation Failure)  542312K->231818K(1033216K), 0.0041076 secs]
101.482: Total time for which application threads were stopped: 0.0042704 seconds, Stopping threads took: 0.0000200 seconds
101.548: [GC (Allocation Failure)  550282K->231786K(1033216K), 0.0042048 secs]
101.552: Total time for which application threads were stopped: 0.0043632 seconds, Stopping threads took: 0.0000194 seconds
101.618: [GC (Allocation Failure)  550250K->231978K(1033216K), 0.0040129 secs]
101.622: Total time for which application threads were stopped: 0.0041815 seconds, Stopping threads took: 0.0000287 seconds
101.690: [GC (Allocation Failure)  550442K->239852K(1033216K), 0.0042301 secs]
101.694: Total time for which application threads were stopped: 0.0044067 seconds, Stopping threads took: 0.0000183 seconds
101.761: [GC (Allocation Failure)  558316K->239820K(1033216K), 0.0054533 secs]
101.767: Total time for which application threads were stopped: 0.0056701 seconds, Stopping threads took: 0.0000275 seconds
101.833: [GC (Allocation Failure)  558284K->240204K(1033216K), 0.0039850 secs]
101.837: Total time for which application threads were stopped: 0.0041793 seconds, Stopping threads took: 0.0000184 seconds
101.905: [GC (Allocation Failure)  558668K->247919K(1033216K), 0.0042178 secs]
101.909: Total time for which application threads were stopped: 0.0043788 seconds, Stopping threads took: 0.0000195 seconds
101.976: [GC (Allocation Failure)  566383K->247887K(1033216K), 0.0041517 secs]
101.980: Total time for which application threads were stopped: 0.0043626 seconds, Stopping threads took: 0.0000200 seconds
102.047: [GC (Allocation Failure)  566351K->248423K(1033216K), 0.0041143 secs]
102.051: Total time for which application threads were stopped: 0.0043150 seconds, Stopping threads took: 0.0000267 seconds
102.119: [GC (Allocation Failure)  566887K->255913K(1033216K), 0.0041255 secs]
102.123: Total time for which application threads were stopped: 0.0043055 seconds, Stopping threads took: 0.0000199 seconds
102.190: [GC (Allocation Failure)  574377K->255913K(1033216K), 0.0040708 secs]
102.194: Total time for which application threads were stopped: 0.0042391 seconds, Stopping threads took: 0.0000194 seconds
102.262: [GC (Allocation Failure)  574377K->256129K(1033216K), 0.0042681 secs]
102.266: Total time for which application threads were stopped: 0.0044383 seconds, Stopping threads took: 0.0000214 seconds
102.332: [GC (Allocation Failure)  574593K->263939K(1033216K), 0.0043291 secs]
102.337: Total time for which application threads were stopped: 0.0045302 seconds, Stopping threads took: 0.0000222 seconds
102.403: [GC (Allocation Failure)  582403K->256225K(1033216K), 0.0012381 secs]
102.404: Total time for which application threads were stopped: 0.0013743 seconds, Stopping threads took: 0.0000203 seconds
102.471: [GC (Allocation Failure)  574689K->264099K(1033216K), 0.0042730 secs]
102.476: Total time for which application threads were stopped: 0.0044432 seconds, Stopping threads took: 0.0000217 seconds
102.543: [GC (Allocation Failure)  582563K->268083K(1033216K), 0.0053368 secs]
102.548: Total time for which application threads were stopped: 0.0055021 seconds, Stopping threads took: 0.0000265 seconds
102.613: [GC (Allocation Failure)  586547K->268785K(1032192K), 0.0045026 secs]
102.617: Total time for which application threads were stopped: 0.0046728 seconds, Stopping threads took: 0.0000195 seconds
102.683: [GC (Allocation Failure)  586225K->268147K(1032704K), 0.0040547 secs]
102.687: Total time for which application threads were stopped: 0.0042190 seconds, Stopping threads took: 0.0000189 seconds
102.754: [GC (Allocation Failure)  585587K->268115K(1033216K), 0.0046491 secs]
102.759: Total time for which application threads were stopped: 0.0048074 seconds, Stopping threads took: 0.0000245 seconds
102.824: [GC (Allocation Failure)  586579K->270859K(1033216K), 0.0047261 secs]
102.829: Total time for which application threads were stopped: 0.0048978 seconds, Stopping threads took: 0.0000194 seconds
102.898: [GC (Allocation Failure)  589323K->276141K(1033728K), 0.0042599 secs]
102.903: Total time for which application threads were stopped: 0.0044353 seconds, Stopping threads took: 0.0000202 seconds
102.971: [GC (Allocation Failure)  595629K->276141K(1033728K), 0.0043584 secs]
102.975: Total time for which application threads were stopped: 0.0045241 seconds, Stopping threads took: 0.0000205 seconds
103.042: [GC (Allocation Failure)  595629K->277037K(1033728K), 0.0042575 secs]
103.046: Total time for which application threads were stopped: 0.0044382 seconds, Stopping threads took: 0.0000262 seconds
103.112: [GC (Allocation Failure)  596525K->284144K(1033728K), 0.0041604 secs]
103.116: Total time for which application threads were stopped: 0.0043263 seconds, Stopping threads took: 0.0000206 seconds
103.184: [GC (Allocation Failure)  603632K->284176K(1033728K), 0.0042969 secs]
103.189: Total time for which application threads were stopped: 0.0044786 seconds, Stopping threads took: 0.0000203 seconds
103.253: [GC (Allocation Failure)  603664K->284264K(1033728K), 0.0040671 secs]
103.257: Total time for which application threads were stopped: 0.0042426 seconds, Stopping threads took: 0.0000201 seconds
103.323: [GC (Allocation Failure)  603752K->292234K(1033728K), 0.0040406 secs]
103.327: Total time for which application threads were stopped: 0.0042204 seconds, Stopping threads took: 0.0000206 seconds
103.396: [GC (Allocation Failure)  611722K->292170K(1033728K), 0.0044542 secs]
103.401: Total time for which application threads were stopped: 0.0046489 seconds, Stopping threads took: 0.0000191 seconds
103.466: [GC (Allocation Failure)  611658K->295562K(1034240K), 0.0048864 secs]
103.471: Total time for which application threads were stopped: 0.0050380 seconds, Stopping threads took: 0.0000168 seconds
103.539: [GC (Allocation Failure)  615562K->300300K(1033728K), 0.0042925 secs]
103.543: Total time for which application threads were stopped: 0.0044644 seconds, Stopping threads took: 0.0000205 seconds
103.609: [GC (Allocation Failure)  620300K->300236K(1034240K), 0.0042268 secs]
103.613: Total time for which application threads were stopped: 0.0044067 seconds, Stopping threads took: 0.0000205 seconds
103.679: [GC (Allocation Failure)  620748K->300708K(1020928K), 0.0044089 secs]
103.683: Total time for which application threads were stopped: 0.0045717 seconds, Stopping threads took: 0.0000205 seconds
103.751: [GC (Allocation Failure)  621220K->308294K(1033728K), 0.0047345 secs]
103.756: Total time for which application threads were stopped: 0.0049001 seconds, Stopping threads took: 0.0000199 seconds
103.823: [GC (Allocation Failure)  627782K->308262K(1033728K), 0.0043657 secs]
103.828: Total time for which application threads were stopped: 0.0045346 seconds, Stopping threads took: 0.0000203 seconds
103.893: [GC (Allocation Failure)  627750K->308966K(1033728K), 0.0044994 secs]
103.898: Total time for which application threads were stopped: 0.0046926 seconds, Stopping threads took: 0.0000191 seconds
103.964: [GC (Allocation Failure)  628454K->316265K(1033728K), 0.0041912 secs]
103.969: Total time for which application threads were stopped: 0.0043521 seconds, Stopping threads took: 0.0000203 seconds
104.035: [GC (Allocation Failure)  635753K->316297K(1033728K), 0.0041315 secs]
104.040: Total time for which application threads were stopped: 0.0042918 seconds, Stopping threads took: 0.0000195 seconds
104.105: [GC (Allocation Failure)  635785K->320265K(1033728K), 0.0051903 secs]
104.110: Total time for which application threads were stopped: 0.0053402 seconds, Stopping threads took: 0.0000169 seconds
104.181: [GC (Allocation Failure)  639753K->324331K(1034240K), 0.0042925 secs]
104.185: Total time for which application threads were stopped: 0.0044637 seconds, Stopping threads took: 0.0000215 seconds
104.252: [GC (Allocation Failure)  644843K->324299K(1034240K), 0.0044520 secs]
104.256: Total time for which application threads were stopped: 0.0046371 seconds, Stopping threads took: 0.0000204 seconds
104.323: [GC (Allocation Failure)  644811K->325379K(1034240K), 0.0046312 secs]
104.328: Total time for which application threads were stopped: 0.0047999 seconds, Stopping threads took: 0.0000212 seconds
104.397: [GC (Allocation Failure)  645891K->332421K(1034240K), 0.0041168 secs]
104.401: Total time for which application threads were stopped: 0.0042867 seconds, Stopping threads took: 0.0000206 seconds
104.468: [GC (Allocation Failure)  652933K->332325K(1034240K), 0.0042445 secs]
104.472: Total time for which application threads were stopped: 0.0044051 seconds, Stopping threads took: 0.0000204 seconds
104.540: [GC (Allocation Failure)  652837K->332581K(1034240K), 0.0042592 secs]
104.545: Total time for which application threads were stopped: 0.0044376 seconds, Stopping threads took: 0.0000275 seconds
104.613: [GC (Allocation Failure)  653093K->340392K(1034240K), 0.0044313 secs]
104.617: Total time for which application threads were stopped: 0.0046273 seconds, Stopping threads took: 0.0000252 seconds
104.686: [GC (Allocation Failure)  660904K->340360K(1034240K), 0.0044183 secs]
104.690: Total time for which application threads were stopped: 0.0045769 seconds, Stopping threads took: 0.0000171 seconds
104.755: [GC (Allocation Failure)  660872K->341856K(1034240K), 0.0054562 secs]
104.761: Total time for which application threads were stopped: 0.0056288 seconds, Stopping threads took: 0.0000267 seconds
104.830: [GC (Allocation Failure)  662368K->348450K(1034240K), 0.0044572 secs]
104.834: Total time for which application threads were stopped: 0.0046316 seconds, Stopping threads took: 0.0000267 seconds
104.903: [GC (Allocation Failure)  668962K->348450K(1034240K), 0.0041760 secs]
104.907: Total time for which application threads were stopped: 0.0043330 seconds, Stopping threads took: 0.0000171 seconds
104.974: [GC (Allocation Failure)  668962K->348554K(1020416K), 0.0043528 secs]
104.978: Total time for which application threads were stopped: 0.0045432 seconds, Stopping threads took: 0.0000200 seconds
105.049: [GC (Allocation Failure)  669066K->356460K(1033728K), 0.0042110 secs]
105.053: Total time for which application threads were stopped: 0.0043791 seconds, Stopping threads took: 0.0000254 seconds
105.118: [GC (Allocation Failure)  675948K->356428K(1033728K), 0.0044193 secs]
105.123: Total time for which application threads were stopped: 0.0046065 seconds, Stopping threads took: 0.0000256 seconds
105.188: [GC (Allocation Failure)  675916K->356492K(1033728K), 0.0041708 secs]
105.192: Total time for which application threads were stopped: 0.0043591 seconds, Stopping threads took: 0.0000205 seconds
105.261: [GC (Allocation Failure)  675980K->364430K(1033728K), 0.0043787 secs]
105.266: Total time for which application threads were stopped: 0.0045435 seconds, Stopping threads took: 0.0000198 seconds
105.333: [GC (Allocation Failure)  683918K->364462K(1033728K), 0.0041369 secs]
105.337: Total time for which application threads were stopped: 0.0042969 seconds, Stopping threads took: 0.0000198 seconds
105.401: [GC (Allocation Failure)  683950K->365510K(1033728K), 0.0044728 secs]
105.406: Total time for which application threads were stopped: 0.0046432 seconds, Stopping threads took: 0.0000195 seconds
105.473: [GC (Allocation Failure)  684998K->372521K(1033728K), 0.0046625 secs]
105.478: Total time for which application threads were stopped: 0.0048531 seconds, Stopping threads took: 0.0000217 seconds
105.545: [GC (Allocation Failure)  692009K->372489K(1033728K), 0.0042835 secs]
105.550: Total time for which application threads were stopped: 0.0044596 seconds, Stopping threads took: 0.0000278 seconds
105.614: [GC (Allocation Failure)  691977K->372745K(1033728K), 0.0044590 secs]
105.619: Total time for which application threads were stopped: 0.0046533 seconds, Stopping threads took: 0.0000203 seconds
105.686: [GC (Allocation Failure)  692233K->380555K(1033728K), 0.0043948 secs]
105.691: Total time for which application threads were stopped: 0.0045655 seconds, Stopping threads took: 0.0000199 seconds
105.760: [GC (Allocation Failure)  700043K->380523K(1033728K), 0.0049778 secs]
105.765: Total time for which application threads were stopped: 0.0051429 seconds, Stopping threads took: 0.0000267 seconds
105.831: [GC (Allocation Failure)  700011K->381995K(1033728K), 0.0043712 secs]
105.836: Total time for which application threads were stopped: 0.0045417 seconds, Stopping threads took: 0.0000196 seconds
105.903: [GC (Allocation Failure)  701483K->388557K(1033728K), 0.0045024 secs]
105.908: Total time for which application threads were stopped: 0.0046673 seconds, Stopping threads took: 0.0000201 seconds
105.976: [GC (Allocation Failure)  708045K->388557K(1033728K), 0.0043584 secs]
105.980: Total time for which application threads were stopped: 0.0045348 seconds, Stopping threads took: 0.0000205 seconds
106.046: [GC (Allocation Failure)  708045K->389197K(1033728K), 0.0043756 secs]
106.051: Total time for which application threads were stopped: 0.0045363 seconds, Stopping threads took: 0.0000195 seconds
106.118: [GC (Allocation Failure)  708685K->396623K(1033728K), 0.0043793 secs]
106.122: Total time for which application threads were stopped: 0.0045819 seconds, Stopping threads took: 0.0000287 seconds
106.192: [GC (Allocation Failure)  716111K->396591K(1033728K), 0.0043094 secs]
106.196: Total time for which application threads were stopped: 0.0044732 seconds, Stopping threads took: 0.0000197 seconds
106.261: [GC (Allocation Failure)  716079K->397415K(1033728K), 0.0045006 secs]
106.265: Total time for which application threads were stopped: 0.0046964 seconds, Stopping threads took: 0.0000209 seconds
106.334: [GC (Allocation Failure)  716903K->404650K(1033728K), 0.0046358 secs]
106.338: Total time for which application threads were stopped: 0.0047881 seconds, Stopping threads took: 0.0000178 seconds
106.406: [GC (Allocation Failure)  724138K->404586K(1033728K), 0.0043961 secs]
106.411: Total time for which application threads were stopped: 0.0045637 seconds, Stopping threads took: 0.0000199 seconds
106.476: [GC (Allocation Failure)  724074K->405674K(1033728K), 0.0044622 secs]
106.480: Total time for which application threads were stopped: 0.0046368 seconds, Stopping threads took: 0.0000190 seconds
106.546: [GC (Allocation Failure)  725162K->412652K(1033728K), 0.0060441 secs]
106.552: Total time for which application threads were stopped: 0.0062308 seconds, Stopping threads took: 0.0000264 seconds
106.620: [GC (Allocation Failure)  732140K->412652K(1033728K), 0.0048037 secs]
106.625: Total time for which application threads were stopped: 0.0049699 seconds, Stopping threads took: 0.0000279 seconds
106.690: [GC (Allocation Failure)  732140K->412868K(1033728K), 0.0046020 secs]
106.695: Total time for which application threads were stopped: 0.0047723 seconds, Stopping threads took: 0.0000196 seconds
106.761: [GC (Allocation Failure)  732356K->420646K(1033728K), 0.0056868 secs]
106.766: Total time for which application threads were stopped: 0.0058983 seconds, Stopping threads took: 0.0000201 seconds
106.835: [GC (Allocation Failure)  740134K->420678K(1033728K), 0.0047118 secs]
106.840: Total time for which application threads were stopped: 0.0048907 seconds, Stopping threads took: 0.0000194 seconds
106.905: [GC (Allocation Failure)  740166K->421094K(1033728K), 0.0046207 secs]
106.909: Total time for which application threads were stopped: 0.0047924 seconds, Stopping threads took: 0.0000199 seconds
106.977: [GC (Allocation Failure)  740582K->428712K(1027072K), 0.0046298 secs]
106.982: Total time for which application threads were stopped: 0.0048066 seconds, Stopping threads took: 0.0000205 seconds
107.050: [GC (Allocation Failure)  748200K->428712K(1033216K), 0.0043865 secs]
107.055: Total time for which application threads were stopped: 0.0045944 seconds, Stopping threads took: 0.0000274 seconds
107.123: [GC (Allocation Failure)  747176K->429320K(1033216K), 0.0045810 secs]
107.127: Total time for which application threads were stopped: 0.0047333 seconds, Stopping threads took: 0.0000170 seconds
107.195: [GC (Allocation Failure)  747784K->436715K(1033216K), 0.0044634 secs]
107.199: Total time for which application threads were stopped: 0.0046384 seconds, Stopping threads took: 0.0000202 seconds
107.267: [GC (Allocation Failure)  755179K->436779K(1033216K), 0.0044810 secs]
107.272: Total time for which application threads were stopped: 0.0046411 seconds, Stopping threads took: 0.0000191 seconds
107.336: [GC (Allocation Failure)  755243K->437579K(1033728K), 0.0064613 secs]
107.343: Total time for which application threads were stopped: 0.0066354 seconds, Stopping threads took: 0.0000200 seconds
107.410: [GC (Allocation Failure)  756555K->444813K(1033216K), 0.0044476 secs]
107.415: Total time for which application threads were stopped: 0.0046298 seconds, Stopping threads took: 0.0000207 seconds
107.482: [GC (Allocation Failure)  763789K->444781K(1033216K), 0.0044901 secs]
107.487: Total time for which application threads were stopped: 0.0046624 seconds, Stopping threads took: 0.0000220 seconds
107.552: [GC (Allocation Failure)  763245K->444845K(1033216K), 0.0043658 secs]
107.556: Total time for which application threads were stopped: 0.0045336 seconds, Stopping threads took: 0.0000254 seconds
107.622: [GC (Allocation Failure)  763309K->452815K(1033216K), 0.0045922 secs]
107.627: Total time for which application threads were stopped: 0.0047574 seconds, Stopping threads took: 0.0000202 seconds
107.694: [GC (Allocation Failure)  771279K->452783K(1033216K), 0.0044052 secs]
107.698: Total time for which application threads were stopped: 0.0045789 seconds, Stopping threads took: 0.0000208 seconds
107.763: [GC (Allocation Failure)  771247K->452967K(1033216K), 0.0052461 secs]
107.768: Total time for which application threads were stopped: 0.0053992 seconds, Stopping threads took: 0.0000258 seconds
107.836: [GC (Allocation Failure)  771431K->460874K(1033216K), 0.0045453 secs]
107.841: Total time for which application threads were stopped: 0.0047178 seconds, Stopping threads took: 0.0000196 seconds
107.908: [GC (Allocation Failure)  779338K->460874K(1033216K), 0.0045142 secs]
107.913: Total time for which application threads were stopped: 0.0046742 seconds, Stopping threads took: 0.0000195 seconds
107.978: [GC (Allocation Failure)  779338K->461258K(1033216K), 0.0046476 secs]
107.983: Total time for which application threads were stopped: 0.0048071 seconds, Stopping threads took: 0.0000196 seconds
108.050: [GC (Allocation Failure)  779722K->468908K(1033216K), 0.0045500 secs]
108.054: Total time for which application threads were stopped: 0.0047151 seconds, Stopping threads took: 0.0000189 seconds
108.120: [GC (Allocation Failure)  787372K->468876K(1033216K), 0.0044430 secs]
108.124: Total time for which application threads were stopped: 0.0046101 seconds, Stopping threads took: 0.0000196 seconds
108.190: [GC (Allocation Failure)  787340K->468940K(1033216K), 0.0046491 secs]
108.195: Total time for which application threads were stopped: 0.0048153 seconds, Stopping threads took: 0.0000195 seconds
108.262: [GC (Allocation Failure)  787404K->476942K(1033216K), 0.0046074 secs]
108.267: Total time for which application threads were stopped: 0.0047866 seconds, Stopping threads took: 0.0000191 seconds
108.332: [GC (Allocation Failure)  795406K->476910K(1033216K), 0.0045439 secs]
108.337: Total time for which application threads were stopped: 0.0047002 seconds, Stopping threads took: 0.0000193 seconds
108.401: [GC (Allocation Failure)  795374K->477222K(1033216K), 0.0047548 secs]
108.406: Total time for which application threads were stopped: 0.0049333 seconds, Stopping threads took: 0.0000188 seconds
108.473: [GC (Allocation Failure)  795686K->484936K(1033216K), 0.0047028 secs]
108.478: Total time for which application threads were stopped: 0.0048826 seconds, Stopping threads took: 0.0000219 seconds
108.543: [GC (Allocation Failure)  803400K->480998K(1033216K), 0.0035770 secs]
108.547: Total time for which application threads were stopped: 0.0037344 seconds, Stopping threads took: 0.0000261 seconds
108.614: [GC (Allocation Failure)  799462K->485104K(1034752K), 0.0046885 secs]
108.619: Total time for which application threads were stopped: 0.0049016 seconds, Stopping threads took: 0.0000259 seconds
108.686: [GC (Allocation Failure)  805616K->489072K(1033728K), 0.0054600 secs]
108.692: Total time for which application threads were stopped: 0.0056378 seconds, Stopping threads took: 0.0000209 seconds
108.760: [GC (Allocation Failure)  809584K->481230K(1034240K), 0.0023142 secs]
108.762: Total time for which application threads were stopped: 0.0024586 seconds, Stopping threads took: 0.0000258 seconds
108.830: [GC (Allocation Failure)  801742K->489136K(1034240K), 0.0047983 secs]
108.834: Total time for which application threads were stopped: 0.0049673 seconds, Stopping threads took: 0.0000194 seconds
108.901: [GC (Allocation Failure)  809648K->493224K(1033216K), 0.0058574 secs]
108.907: Total time for which application threads were stopped: 0.0060293 seconds, Stopping threads took: 0.0000208 seconds
108.974: [GC (Allocation Failure)  812712K->498950K(1032704K), 0.0072376 secs]
108.981: Total time for which application threads were stopped: 0.0074114 seconds, Stopping threads took: 0.0000199 seconds
109.049: [GC (Allocation Failure)  818438K->493480K(1031680K), 0.0046747 secs]
109.053: Total time for which application threads were stopped: 0.0048546 seconds, Stopping threads took: 0.0000264 seconds
109.121: [GC (Allocation Failure)  809896K->493256K(1032192K), 0.0047173 secs]
109.125: Total time for which application threads were stopped: 0.0048898 seconds, Stopping threads took: 0.0000201 seconds
109.192: [GC (Allocation Failure)  809672K->487878K(1032704K), 0.0025826 secs]
109.194: Total time for which application threads were stopped: 0.0027692 seconds, Stopping threads took: 0.0000202 seconds
109.263: [GC (Allocation Failure)  805318K->493384K(1032704K), 0.0047289 secs]
109.267: Total time for which application threads were stopped: 0.0049243 seconds, Stopping threads took: 0.0000193 seconds
109.336: [GC (Allocation Failure)  810824K->493256K(1033216K), 0.0061334 secs]
109.342: Total time for which application threads were stopped: 0.0063171 seconds, Stopping threads took: 0.0000176 seconds
109.410: [GC (Allocation Failure)  811208K->493576K(1032704K), 0.0047543 secs]
109.415: Total time for which application threads were stopped: 0.0049138 seconds, Stopping threads took: 0.0000179 seconds
109.482: [GC (Allocation Failure)  811528K->501419K(1033216K), 0.0045732 secs]
109.487: Total time for which application threads were stopped: 0.0047607 seconds, Stopping threads took: 0.0000275 seconds
109.554: [GC (Allocation Failure)  819883K->501259K(1033216K), 0.0044938 secs]
109.559: Total time for which application threads were stopped: 0.0046747 seconds, Stopping threads took: 0.0000262 seconds
109.625: [GC (Allocation Failure)  819723K->505387K(1033728K), 0.0054905 secs]
109.630: Total time for which application threads were stopped: 0.0056881 seconds, Stopping threads took: 0.0000263 seconds
109.698: [GC (Allocation Failure)  824363K->509357K(1033216K), 0.0046535 secs]
109.703: Total time for which application threads were stopped: 0.0048175 seconds, Stopping threads took: 0.0000204 seconds
109.771: [GC (Allocation Failure)  828333K->509261K(1034240K), 0.0056890 secs]
109.777: Total time for which application threads were stopped: 0.0058417 seconds, Stopping threads took: 0.0000252 seconds
109.844: [GC (Allocation Failure)  829261K->512109K(1033728K), 0.0049895 secs]
109.849: Total time for which application threads were stopped: 0.0051700 seconds, Stopping threads took: 0.0000200 seconds
109.916: [GC (Allocation Failure)  832109K->517359K(1034240K), 0.0046350 secs]
109.920: Total time for which application threads were stopped: 0.0047974 seconds, Stopping threads took: 0.0000202 seconds
109.989: [GC (Allocation Failure)  837871K->517327K(1034240K), 0.0046371 secs]
109.994: Total time for which application threads were stopped: 0.0048084 seconds, Stopping threads took: 0.0000204 seconds
110.060: [GC (Allocation Failure)  837839K->517767K(1034240K), 0.0046374 secs]
110.065: Total time for which application threads were stopped: 0.0048057 seconds, Stopping threads took: 0.0000260 seconds
110.133: [GC (Allocation Failure)  838279K->525385K(1034240K), 0.0048309 secs]
110.138: Total time for which application threads were stopped: 0.0050221 seconds, Stopping threads took: 0.0000220 seconds
110.205: [GC (Allocation Failure)  845897K->525353K(1034240K), 0.0046366 secs]
110.210: Total time for which application threads were stopped: 0.0048004 seconds, Stopping threads took: 0.0000189 seconds
110.276: [GC (Allocation Failure)  845865K->528041K(1034240K), 0.0050648 secs]
110.282: Total time for which application threads were stopped: 0.0052343 seconds, Stopping threads took: 0.0000205 seconds
110.349: [GC (Allocation Failure)  848553K->533452K(1034240K), 0.0046605 secs]
110.354: Total time for which application threads were stopped: 0.0048389 seconds, Stopping threads took: 0.0000199 seconds
110.424: [GC (Allocation Failure)  853964K->533420K(1034240K), 0.0046888 secs]
110.428: Total time for which application threads were stopped: 0.0048769 seconds, Stopping threads took: 0.0000193 seconds
110.497: [GC (Allocation Failure)  853932K->534212K(1033728K), 0.0049006 secs]
110.502: Total time for which application threads were stopped: 0.0050579 seconds, Stopping threads took: 0.0000171 seconds
110.571: [GC (Allocation Failure)  854724K->541510K(1034240K), 0.0045253 secs]
110.575: Total time for which application threads were stopped: 0.0046931 seconds, Stopping threads took: 0.0000265 seconds
110.643: [GC (Allocation Failure)  862022K->541414K(1034240K), 0.0048895 secs]
110.648: Total time for which application threads were stopped: 0.0050536 seconds, Stopping threads took: 0.0000199 seconds
110.715: [GC (Allocation Failure)  861926K->544494K(1034240K), 0.0052948 secs]
110.721: Total time for which application threads were stopped: 0.0054738 seconds, Stopping threads took: 0.0000198 seconds
110.790: [GC (Allocation Failure)  865006K->549520K(1034752K), 0.0044662 secs]
110.794: Total time for which application threads were stopped: 0.0046283 seconds, Stopping threads took: 0.0000200 seconds
110.862: [GC (Allocation Failure)  871056K->549488K(1034752K), 0.0047334 secs]
110.867: Total time for which application threads were stopped: 0.0048985 seconds, Stopping threads took: 0.0000204 seconds
110.932: [GC (Allocation Failure)  871024K->552744K(1034752K), 0.0054653 secs]
110.938: Total time for which application threads were stopped: 0.0056414 seconds, Stopping threads took: 0.0000201 seconds
111.006: [GC (Allocation Failure)  874280K->557482K(1034752K), 0.0048168 secs]
111.011: Total time for which application threads were stopped: 0.0050038 seconds, Stopping threads took: 0.0000208 seconds
111.079: [GC (Allocation Failure)  879018K->557482K(1034752K), 0.0047053 secs]
111.084: Total time for which application threads were stopped: 0.0048760 seconds, Stopping threads took: 0.0000274 seconds
111.150: [GC (Allocation Failure)  879018K->557898K(1034752K), 0.0046391 secs]
111.154: Total time for which application threads were stopped: 0.0048082 seconds, Stopping threads took: 0.0000256 seconds
111.223: [GC (Allocation Failure)  879434K->565549K(1034752K), 0.0048394 secs]
111.228: Total time for which application threads were stopped: 0.0050338 seconds, Stopping threads took: 0.0000203 seconds
111.296: [GC (Allocation Failure)  887085K->565517K(1034752K), 0.0049042 secs]
111.301: Total time for which application threads were stopped: 0.0050753 seconds, Stopping threads took: 0.0000200 seconds
111.367: [GC (Allocation Failure)  887053K->567173K(1034752K), 0.0050402 secs]
111.372: Total time for which application threads were stopped: 0.0052074 seconds, Stopping threads took: 0.0000196 seconds
111.441: [GC (Allocation Failure)  888709K->573607K(1029120K), 0.0048753 secs]
111.446: Total time for which application threads were stopped: 0.0050346 seconds, Stopping threads took: 0.0000193 seconds
111.511: [GC (Allocation Failure)  895143K->573575K(1034240K), 0.0047205 secs]
111.516: Total time for which application threads were stopped: 0.0048789 seconds, Stopping threads took: 0.0000200 seconds
111.583: [GC (Allocation Failure)  894087K->575399K(1034240K), 0.0048102 secs]
111.588: Total time for which application threads were stopped: 0.0049799 seconds, Stopping threads took: 0.0000266 seconds
111.656: [GC (Allocation Failure)  895911K->581673K(1033728K), 0.0047614 secs]
111.661: Total time for which application threads were stopped: 0.0049361 seconds, Stopping threads took: 0.0000255 seconds
111.728: [GC (Allocation Failure)  902185K->581577K(1034240K), 0.0049099 secs]
111.733: Total time for which application threads were stopped: 0.0050757 seconds, Stopping threads took: 0.0000199 seconds
111.801: [GC (Allocation Failure)  902089K->585673K(1034752K), 0.0057446 secs]
111.807: Total time for which application threads were stopped: 0.0058950 seconds, Stopping threads took: 0.0000171 seconds
111.876: [GC (Allocation Failure)  906697K->589675K(1034240K), 0.0049273 secs]
111.881: Total time for which application threads were stopped: 0.0051018 seconds, Stopping threads took: 0.0000201 seconds
111.950: [GC (Allocation Failure)  910699K->589611K(1034752K), 0.0047497 secs]
111.955: Total time for which application threads were stopped: 0.0049540 seconds, Stopping threads took: 0.0000197 seconds
112.023: [GC (Allocation Failure)  911147K->589835K(1034752K), 0.0047067 secs]
112.028: Total time for which application threads were stopped: 0.0048623 seconds, Stopping threads took: 0.0000172 seconds
112.098: [GC (Allocation Failure)  911371K->597678K(1033728K), 0.0045708 secs]
112.103: Total time for which application threads were stopped: 0.0047318 seconds, Stopping threads took: 0.0000265 seconds
112.171: [GC (Allocation Failure)  918190K->597678K(1034240K), 0.0048133 secs]
112.176: Total time for which application threads were stopped: 0.0049709 seconds, Stopping threads took: 0.0000258 seconds
112.244: [GC (Allocation Failure)  918190K->601094K(1034752K), 0.0079370 secs]
112.252: Total time for which application threads were stopped: 0.0081095 seconds, Stopping threads took: 0.0000198 seconds
112.320: [GC (Allocation Failure)  922630K->605768K(1034752K), 0.0048723 secs]
112.325: Total time for which application threads were stopped: 0.0050606 seconds, Stopping threads took: 0.0000209 seconds
112.392: [GC (Allocation Failure)  927304K->605672K(1034752K), 0.0048251 secs]
112.397: Total time for which application threads were stopped: 0.0050194 seconds, Stopping threads took: 0.0000199 seconds
112.463: [GC (Allocation Failure)  927208K->606280K(1034752K), 0.0048900 secs]
112.468: Total time for which application threads were stopped: 0.0050568 seconds, Stopping threads took: 0.0000262 seconds
112.536: [GC (Allocation Failure)  927816K->613738K(1033728K), 0.0053088 secs]
112.541: Total time for which application threads were stopped: 0.0054755 seconds, Stopping threads took: 0.0000192 seconds
112.608: [GC (Allocation Failure)  934250K->613738K(1034240K), 0.0046828 secs]
112.613: Total time for which application threads were stopped: 0.0048436 seconds, Stopping threads took: 0.0000194 seconds
112.679: [GC (Allocation Failure)  934250K->617610K(1034752K), 0.0057435 secs]
112.685: Total time for which application threads were stopped: 0.0059569 seconds, Stopping threads took: 0.0000282 seconds
112.754: [GC (Allocation Failure)  938634K->621805K(1034240K), 0.0056278 secs]
112.760: Total time for which application threads were stopped: 0.0057798 seconds, Stopping threads took: 0.0000234 seconds
112.829: [GC (Allocation Failure)  942829K->621709K(1034752K), 0.0048871 secs]
112.834: Total time for which application threads were stopped: 0.0050658 seconds, Stopping threads took: 0.0000192 seconds
112.903: [GC (Allocation Failure)  943245K->625837K(1034752K), 0.0057020 secs]
112.908: Total time for which application threads were stopped: 0.0058759 seconds, Stopping threads took: 0.0000194 seconds
112.978: [GC (Allocation Failure)  947373K->629807K(1035264K), 0.0047394 secs]
112.982: Total time for which application threads were stopped: 0.0049112 seconds, Stopping threads took: 0.0000200 seconds
113.052: [GC (Allocation Failure)  952367K->629775K(1035264K), 0.0048263 secs]
113.057: Total time for which application threads were stopped: 0.0050127 seconds, Stopping threads took: 0.0000277 seconds
113.124: [GC (Allocation Failure)  952335K->632999K(1035264K), 0.0054078 secs]
113.129: Total time for which application threads were stopped: 0.0055806 seconds, Stopping threads took: 0.0000202 seconds
113.197: [GC (Allocation Failure)  955559K->637801K(1035264K), 0.0049945 secs]
113.202: Total time for which application threads were stopped: 0.0051872 seconds, Stopping threads took: 0.0000196 seconds
113.270: [GC (Allocation Failure)  960361K->637833K(1035264K), 0.0047381 secs]
113.275: Total time for which application threads were stopped: 0.0049113 seconds, Stopping threads took: 0.0000203 seconds
113.341: [GC (Allocation Failure)  960393K->641257K(1035264K), 0.0055661 secs]
113.347: Total time for which application threads were stopped: 0.0057418 seconds, Stopping threads took: 0.0000211 seconds
113.416: [GC (Allocation Failure)  963817K->645867K(1035264K), 0.0047182 secs]
113.421: Total time for which application threads were stopped: 0.0048894 seconds, Stopping threads took: 0.0000200 seconds
113.491: [GC (Allocation Failure)  968427K->645835K(1035264K), 0.0050028 secs]
113.496: Total time for which application threads were stopped: 0.0051731 seconds, Stopping threads took: 0.0000194 seconds
113.563: [GC (Allocation Failure)  968395K->649483K(1035776K), 0.0056243 secs]
113.569: Total time for which application threads were stopped: 0.0057966 seconds, Stopping threads took: 0.0000257 seconds
113.638: [GC (Allocation Failure)  972555K->653998K(1035264K), 0.0048144 secs]
113.642: Total time for which application threads were stopped: 0.0049863 seconds, Stopping threads took: 0.0000277 seconds
113.709: [GC (Allocation Failure)  977070K->653902K(1035776K), 0.0050188 secs]
113.714: Total time for which application threads were stopped: 0.0051908 seconds, Stopping threads took: 0.0000199 seconds
113.783: [GC (Allocation Failure)  977486K->655694K(1025024K), 0.0051235 secs]
113.788: Total time for which application threads were stopped: 0.0052914 seconds, Stopping threads took: 0.0000187 seconds
113.857: [GC (Allocation Failure)  979278K->661968K(1035264K), 0.0050031 secs]
113.862: Total time for which application threads were stopped: 0.0051585 seconds, Stopping threads took: 0.0000190 seconds
113.930: [GC (Allocation Failure)  984528K->661904K(1035264K), 0.0050925 secs]
113.935: Total time for which application threads were stopped: 0.0052592 seconds, Stopping threads took: 0.0000185 seconds
114.002: [GC (Allocation Failure)  984464K->664968K(1035264K), 0.0053164 secs]
114.007: Total time for which application threads were stopped: 0.0054840 seconds, Stopping threads took: 0.0000195 seconds
114.075: [GC (Allocation Failure)  987528K->669962K(1035264K), 0.0046860 secs]
114.080: Total time for which application threads were stopped: 0.0048839 seconds, Stopping threads took: 0.0000256 seconds
114.149: [GC (Allocation Failure)  992522K->669962K(1035264K), 0.0049878 secs]
114.154: Total time for which application threads were stopped: 0.0051757 seconds, Stopping threads took: 0.0000193 seconds
114.221: [GC (Allocation Failure)  992522K->673194K(1035264K), 0.0054404 secs]
114.227: Total time for which application threads were stopped: 0.0055938 seconds, Stopping threads took: 0.0000168 seconds
114.294: [GC (Allocation Failure)  995754K->678220K(1035264K), 0.0050773 secs]
114.299: Total time for which application threads were stopped: 0.0052402 seconds, Stopping threads took: 0.0000200 seconds
114.368: [GC (Allocation Failure)  1000780K->677964K(1035264K), 0.0048876 secs]
114.373: Total time for which application threads were stopped: 0.0050620 seconds, Stopping threads took: 0.0000283 seconds
114.439: [GC (Allocation Failure)  1000524K->673354K(1035776K), 0.0032462 secs]
114.442: Total time for which application threads were stopped: 0.0034353 seconds, Stopping threads took: 0.0000189 seconds
114.512: [GC (Allocation Failure)  996426K->678156K(1035264K), 0.0051090 secs]
114.517: Total time for which application threads were stopped: 0.0052771 seconds, Stopping threads took: 0.0000196 seconds
114.586: [GC (Allocation Failure)  1001228K->677964K(1035264K), 0.0049198 secs]
114.591: Total time for which application threads were stopped: 0.0050887 seconds, Stopping threads took: 0.0000194 seconds
114.658: [GC (Allocation Failure)  1000524K->678698K(1035264K), 0.0052466 secs]
114.663: Total time for which application threads were stopped: 0.0054260 seconds, Stopping threads took: 0.0000194 seconds
114.731: [GC (Allocation Failure)  1001258K->678060K(1035264K), 0.0049471 secs]
114.736: Total time for which application threads were stopped: 0.0051196 seconds, Stopping threads took: 0.0000204 seconds
114.805: [GC (Allocation Failure)  1000620K->677964K(1035264K), 0.0049766 secs]
114.810: Total time for which application threads were stopped: 0.0051393 seconds, Stopping threads took: 0.0000202 seconds
114.875: [GC (Allocation Failure)  1000524K->682954K(1032704K), 0.0072170 secs]
114.882: Total time for which application threads were stopped: 0.0073929 seconds, Stopping threads took: 0.0000200 seconds
114.949: [GC (Allocation Failure)  1003466K->678284K(1034240K), 0.0049165 secs]
114.954: Total time for which application threads were stopped: 0.0050794 seconds, Stopping threads took: 0.0000175 seconds
115.022: [GC (Allocation Failure)  998796K->678252K(1034752K), 0.0048745 secs]
115.027: Total time for which application threads were stopped: 0.0050443 seconds, Stopping threads took: 0.0000203 seconds
115.095: [GC (Allocation Failure)  999788K->682410K(1033216K), 0.0067168 secs]
115.102: Total time for which application threads were stopped: 0.0068774 seconds, Stopping threads took: 0.0000189 seconds
115.168: [GC (Allocation Failure)  1003946K->678188K(1034240K), 0.0050125 secs]
115.173: Total time for which application threads were stopped: 0.0051856 seconds, Stopping threads took: 0.0000200 seconds
115.240: [GC (Allocation Failure)  998188K->678220K(1033728K), 0.0048525 secs]
115.245: Total time for which application threads were stopped: 0.0050191 seconds, Stopping threads took: 0.0000258 seconds
115.309: [GC (Allocation Failure)  998220K->680586K(1034752K), 0.0059023 secs]
115.315: Total time for which application threads were stopped: 0.0060958 seconds, Stopping threads took: 0.0000192 seconds
115.385: [GC (Allocation Failure)  1002122K->678444K(1034752K), 0.0049764 secs]
115.391: Total time for which application threads were stopped: 0.0051286 seconds, Stopping threads took: 0.0000172 seconds
115.458: [GC (Allocation Failure)  999980K->678252K(1035776K), 0.0047759 secs]
115.463: Total time for which application threads were stopped: 0.0050036 seconds, Stopping threads took: 0.0000195 seconds
115.530: [GC (Allocation Failure)  1001324K->683306K(1035264K), 0.0071082 secs]
115.537: Total time for which application threads were stopped: 0.0072680 seconds, Stopping threads took: 0.0000190 seconds
115.605: [GC (Allocation Failure)  1006378K->678732K(1034240K), 0.0047912 secs]
115.610: Total time for which application threads were stopped: 0.0049612 seconds, Stopping threads took: 0.0000260 seconds
115.677: [GC (Allocation Failure)  1000268K->678572K(1034752K), 0.0049249 secs]
115.682: Total time for which application threads were stopped: 0.0051056 seconds, Stopping threads took: 0.0000249 seconds
115.748: [GC (Allocation Failure)  1000108K->686434K(1030144K), 0.0108847 secs]
115.759: Total time for which application threads were stopped: 0.0110813 seconds, Stopping threads took: 0.0000205 seconds
115.825: [GC (Allocation Failure)  1003874K->681284K(1032704K), 0.0080344 secs]
115.834: Total time for which application threads were stopped: 0.0082157 seconds, Stopping threads took: 0.0000192 seconds
115.901: [GC (Allocation Failure)  998724K->681188K(1033728K), 0.0048413 secs]
115.906: Total time for which application threads were stopped: 0.0050106 seconds, Stopping threads took: 0.0000199 seconds
115.972: [GC (Allocation Failure)  1000164K->679554K(1033216K), 0.0042999 secs]
115.977: Total time for which application threads were stopped: 0.0044714 seconds, Stopping threads took: 0.0000199 seconds
116.044: [GC (Allocation Failure)  998530K->681252K(1034240K), 0.0049037 secs]
116.049: Total time for which application threads were stopped: 0.0050809 seconds, Stopping threads took: 0.0000212 seconds
116.117: [GC (Allocation Failure)  1001252K->681220K(1033728K), 0.0049923 secs]
116.122: Total time for which application threads were stopped: 0.0051589 seconds, Stopping threads took: 0.0000262 seconds
116.187: [GC (Allocation Failure)  1001220K->675138K(1032704K), 0.0024637 secs]
116.190: Total time for which application threads were stopped: 0.0026448 seconds, Stopping threads took: 0.0000265 seconds
116.259: [GC (Allocation Failure)  994626K->681412K(1033728K), 0.0051265 secs]
116.265: Total time for which application threads were stopped: 0.0053172 seconds, Stopping threads took: 0.0000194 seconds
116.334: [GC (Allocation Failure)  1000900K->681188K(1035264K), 0.0047015 secs]
116.338: Total time for which application threads were stopped: 0.0048721 seconds, Stopping threads took: 0.0000202 seconds
116.405: [GC (Allocation Failure)  1002724K->684396K(1034240K), 0.0056407 secs]
116.411: Total time for which application threads were stopped: 0.0058055 seconds, Stopping threads took: 0.0000199 seconds
116.476: [GC (Allocation Failure)  1005932K->689423K(1035264K), 0.0051730 secs]
116.482: Total time for which application threads were stopped: 0.0053440 seconds, Stopping threads took: 0.0000201 seconds
116.549: [GC (Allocation Failure)  1011471K->689199K(1034752K), 0.0047294 secs]
116.554: Total time for which application threads were stopped: 0.0049020 seconds, Stopping threads took: 0.0000267 seconds
116.621: [GC (Allocation Failure)  1011247K->682540K(1034240K), 0.0024518 secs]
116.624: Total time for which application threads were stopped: 0.0026098 seconds, Stopping threads took: 0.0000277 seconds
116.691: [GC (Allocation Failure)  1004076K->689359K(1034752K), 0.0051344 secs]
116.696: Total time for which application threads were stopped: 0.0052804 seconds, Stopping threads took: 0.0000191 seconds
116.766: [GC (Allocation Failure)  1010895K->689263K(1035264K), 0.0060335 secs]
116.772: Total time for which application threads were stopped: 0.0061980 seconds, Stopping threads took: 0.0000258 seconds
116.840: [GC (Allocation Failure)  1011823K->684812K(1035264K), 0.0031731 secs]
116.843: Total time for which application threads were stopped: 0.0033476 seconds, Stopping threads took: 0.0000255 seconds
116.912: [GC (Allocation Failure)  1007372K->689327K(1035264K), 0.0050297 secs]
116.917: Total time for which application threads were stopped: 0.0052012 seconds, Stopping threads took: 0.0000193 seconds
116.985: [GC (Allocation Failure)  1011887K->689263K(1035264K), 0.0048228 secs]
116.990: Total time for which application threads were stopped: 0.0049920 seconds, Stopping threads took: 0.0000202 seconds
117.056: [GC (Allocation Failure)  1011823K->689100K(1035776K), 0.0049008 secs]
117.061: Total time for which application threads were stopped: 0.0050690 seconds, Stopping threads took: 0.0000257 seconds
117.129: [GC (Allocation Failure)  1012684K->689263K(1035776K), 0.0048283 secs]
117.134: Total time for which application threads were stopped: 0.0050256 seconds, Stopping threads took: 0.0000255 seconds
117.204: [GC (Allocation Failure)  1012847K->689231K(1036288K), 0.0049322 secs]
117.209: Total time for which application threads were stopped: 0.0051011 seconds, Stopping threads took: 0.0000198 seconds
117.277: [GC (Allocation Failure)  1013839K->697476K(1036288K), 0.0089227 secs]
117.286: Total time for which application threads were stopped: 0.0091049 seconds, Stopping threads took: 0.0000197 seconds
117.354: [GC (Allocation Failure)  1022084K->693511K(1032192K), 0.0050054 secs]
117.359: Total time for which application threads were stopped: 0.0051684 seconds, Stopping threads took: 0.0000194 seconds
117.426: [GC (Allocation Failure)  1014023K->693255K(1034240K), 0.0065172 secs]
117.432: Total time for which application threads were stopped: 0.0066856 seconds, Stopping threads took: 0.0000194 seconds
117.501: [GC (Allocation Failure)  1013767K->687364K(1033728K), 0.0029136 secs]
117.504: Total time for which application threads were stopped: 0.0030633 seconds, Stopping threads took: 0.0000191 seconds
117.572: [GC (Allocation Failure)  1007876K->693463K(1034240K), 0.0049718 secs]
117.577: [Full GC (Ergonomics)  693463K->8690K(1034240K), 0.0131096 secs]
117.590: Total time for which application threads were stopped: 0.0183708 seconds, Stopping threads took: 0.0000273 seconds
117.658: [GC (Allocation Failure)  329202K->16852K(1034752K), 0.0036256 secs]
117.662: Total time for which application threads were stopped: 0.0037994 seconds, Stopping threads took: 0.0000199 seconds
117.731: [GC (Allocation Failure)  338388K->10162K(1022464K), 0.0011156 secs]
117.732: Total time for which application threads were stopped: 0.0012539 seconds, Stopping threads took: 0.0000204 seconds
117.801: [GC (Allocation Failure)  331698K->17036K(1035264K), 0.0036872 secs]
117.805: Total time for which application threads were stopped: 0.0038433 seconds, Stopping threads took: 0.0000169 seconds
117.870: [GC (Allocation Failure)  338572K->21004K(1034240K), 0.0044525 secs]
117.875: Total time for which application threads were stopped: 0.0046278 seconds, Stopping threads took: 0.0000205 seconds
117.942: [GC (Allocation Failure)  342540K->15530K(1035264K), 0.0016273 secs]
117.944: Total time for which application threads were stopped: 0.0017676 seconds, Stopping threads took: 0.0000198 seconds
118.014: [GC (Allocation Failure)  338090K->21124K(1035264K), 0.0037238 secs]
118.018: Total time for which application threads were stopped: 0.0039169 seconds, Stopping threads took: 0.0000193 seconds
118.086: [GC (Allocation Failure)  343684K->25140K(1035776K), 0.0037448 secs]
118.090: Total time for which application threads were stopped: 0.0039175 seconds, Stopping threads took: 0.0000207 seconds
118.157: [GC (Allocation Failure)  348723K->21234K(1035776K), 0.0023854 secs]
118.159: Total time for which application threads were stopped: 0.0025454 seconds, Stopping threads took: 0.0000250 seconds
118.228: [GC (Allocation Failure)  344818K->25292K(1036288K), 0.0038506 secs]
118.232: Total time for which application threads were stopped: 0.0040234 seconds, Stopping threads took: 0.0000204 seconds
118.300: [GC (Allocation Failure)  349388K->29260K(1035776K), 0.0038254 secs]
118.304: Total time for which application threads were stopped: 0.0039990 seconds, Stopping threads took: 0.0000209 seconds
118.371: [GC (Allocation Failure)  353356K->29260K(1035776K), 0.0036295 secs]
118.375: Total time for which application threads were stopped: 0.0038011 seconds, Stopping threads took: 0.0000205 seconds
118.443: [GC (Allocation Failure)  352844K->29324K(1023488K), 0.0037422 secs]
118.446: Total time for which application threads were stopped: 0.0039060 seconds, Stopping threads took: 0.0000207 seconds
118.513: [GC (Allocation Failure)  352908K->37294K(1035264K), 0.0038280 secs]
118.517: Total time for which application threads were stopped: 0.0040185 seconds, Stopping threads took: 0.0000197 seconds
118.587: [GC (Allocation Failure)  359854K->37326K(1035264K), 0.0035550 secs]
118.591: Total time for which application threads were stopped: 0.0037172 seconds, Stopping threads took: 0.0000261 seconds
118.659: [GC (Allocation Failure)  359886K->37358K(1034240K), 0.0036219 secs]
118.662: Total time for which application threads were stopped: 0.0037835 seconds, Stopping threads took: 0.0000190 seconds
118.729: [GC (Allocation Failure)  358894K->45328K(1034752K), 0.0038078 secs]
118.733: Total time for which application threads were stopped: 0.0039803 seconds, Stopping threads took: 0.0000199 seconds
118.801: [GC (Allocation Failure)  366864K->45360K(1034752K), 0.0038354 secs]
118.805: Total time for which application threads were stopped: 0.0039927 seconds, Stopping threads took: 0.0000176 seconds
118.871: [GC (Allocation Failure)  366896K->45576K(1034752K), 0.0037491 secs]
118.875: Total time for which application threads were stopped: 0.0039430 seconds, Stopping threads took: 0.0000194 seconds
118.942: [GC (Allocation Failure)  367112K->53387K(1033728K), 0.0038809 secs]
118.946: Total time for which application threads were stopped: 0.0040613 seconds, Stopping threads took: 0.0000163 seconds
119.016: [GC (Allocation Failure)  373899K->53355K(1034240K), 0.0037176 secs]
119.020: Total time for which application threads were stopped: 0.0038855 seconds, Stopping threads took: 0.0000198 seconds
119.087: [GC (Allocation Failure)  373867K->53803K(1034240K), 0.0036506 secs]
119.091: Total time for which application threads were stopped: 0.0038317 seconds, Stopping threads took: 0.0000278 seconds
119.158: [GC (Allocation Failure)  374315K->61389K(1034240K), 0.0035933 secs]
119.162: Total time for which application threads were stopped: 0.0037915 seconds, Stopping threads took: 0.0000260 seconds
119.231: [GC (Allocation Failure)  381901K->61421K(1034240K), 0.0037896 secs]
119.235: Total time for which application threads were stopped: 0.0039384 seconds, Stopping threads took: 0.0000176 seconds
119.302: [GC (Allocation Failure)  381933K->61509K(1020416K), 0.0038994 secs]
119.306: Total time for which application threads were stopped: 0.0040604 seconds, Stopping threads took: 0.0000197 seconds
119.373: [GC (Allocation Failure)  382021K->69415K(1033728K), 0.0036909 secs]
119.377: Total time for which application threads were stopped: 0.0038780 seconds, Stopping threads took: 0.0000220 seconds
119.446: [GC (Allocation Failure)  388903K->69447K(1033728K), 0.0037383 secs]
119.450: Total time for which application threads were stopped: 0.0039009 seconds, Stopping threads took: 0.0000202 seconds
119.514: [GC (Allocation Failure)  388935K->69511K(1033728K), 0.0038043 secs]
119.518: Total time for which application threads were stopped: 0.0039769 seconds, Stopping threads took: 0.0000199 seconds
119.587: [GC (Allocation Failure)  388999K->77449K(1033728K), 0.0038590 secs]
119.591: Total time for which application threads were stopped: 0.0040321 seconds, Stopping threads took: 0.0000263 seconds
119.656: [GC (Allocation Failure)  396937K->77449K(1033728K), 0.0039095 secs]
119.661: Total time for which application threads were stopped: 0.0040865 seconds, Stopping threads took: 0.0000211 seconds
119.727: [GC (Allocation Failure)  396937K->77737K(1033728K), 0.0038473 secs]
119.731: Total time for which application threads were stopped: 0.0040105 seconds, Stopping threads took: 0.0000198 seconds
119.797: [GC (Allocation Failure)  397225K->85484K(1033728K), 0.0038502 secs]
119.801: Total time for which application threads were stopped: 0.0040069 seconds, Stopping threads took: 0.0000194 seconds
119.868: [GC (Allocation Failure)  404971K->81609K(1033728K), 0.0026430 secs]
119.870: Total time for which application threads were stopped: 0.0028084 seconds, Stopping threads took: 0.0000199 seconds
119.938: [GC (Allocation Failure)  401097K->85644K(1034752K), 0.0039831 secs]
119.942: Total time for which application threads were stopped: 0.0041766 seconds, Stopping threads took: 0.0000201 seconds
120.010: [GC (Allocation Failure)  406668K->89644K(1034240K), 0.0037756 secs]
120.013: Total time for which application threads were stopped: 0.0039405 seconds, Stopping threads took: 0.0000213 seconds
120.079: [GC (Allocation Failure)  410668K->83881K(1034752K), 0.0014958 secs]
120.081: Total time for which application threads were stopped: 0.0016490 seconds, Stopping threads took: 0.0000207 seconds
120.149: [GC (Allocation Failure)  405417K->89684K(1034752K), 0.0037268 secs]
120.153: Total time for which application threads were stopped: 0.0039204 seconds, Stopping threads took: 0.0000196 seconds
120.221: [GC (Allocation Failure)  411220K->93788K(1035264K), 0.0042922 secs]
120.225: Total time for which application threads were stopped: 0.0044595 seconds, Stopping threads took: 0.0000188 seconds
120.292: [GC (Allocation Failure)  416086K->89849K(1035264K), 0.0024225 secs]
120.295: Total time for which application threads were stopped: 0.0026087 seconds, Stopping threads took: 0.0000189 seconds
120.362: [GC (Allocation Failure)  412409K->93892K(1036288K), 0.0040210 secs]
120.366: Total time for which application threads were stopped: 0.0041910 seconds, Stopping threads took: 0.0000191 seconds
120.434: [GC (Allocation Failure)  417988K->97924K(1035776K), 0.0038966 secs]
120.438: Total time for which application threads were stopped: 0.0040653 seconds, Stopping threads took: 0.0000200 seconds
120.504: [GC (Allocation Failure)  422020K->97892K(1035776K), 0.0038714 secs]
120.508: Total time for which application threads were stopped: 0.0040335 seconds, Stopping threads took: 0.0000194 seconds
120.576: [GC (Allocation Failure)  421476K->97980K(1023488K), 0.0044284 secs]
120.581: Total time for which application threads were stopped: 0.0046056 seconds, Stopping threads took: 0.0000264 seconds
120.648: [GC (Allocation Failure)  421564K->105918K(1035264K), 0.0040575 secs]
120.652: Total time for which application threads were stopped: 0.0042214 seconds, Stopping threads took: 0.0000210 seconds
120.720: [GC (Allocation Failure)  428478K->105918K(1030144K), 0.0037582 secs]
120.724: Total time for which application threads were stopped: 0.0039505 seconds, Stopping threads took: 0.0000192 seconds
120.793: [GC (Allocation Failure)  428478K->105950K(1034752K), 0.0040298 secs]
120.797: Total time for which application threads were stopped: 0.0041811 seconds, Stopping threads took: 0.0000174 seconds
120.864: [GC (Allocation Failure)  427486K->113984K(1029120K), 0.0041414 secs]
120.869: Total time for which application threads were stopped: 0.0043089 seconds, Stopping threads took: 0.0000188 seconds
120.936: [GC (Allocation Failure)  435520K->113952K(1034240K), 0.0038026 secs]
120.939: Total time for which application threads were stopped: 0.0039720 seconds, Stopping threads took: 0.0000200 seconds
121.006: [GC (Allocation Failure)  434464K->114216K(1034240K), 0.0039140 secs]
121.010: Total time for which application threads were stopped: 0.0040868 seconds, Stopping threads took: 0.0000207 seconds
121.078: [GC (Allocation Failure)  434728K->121995K(1034240K), 0.0038493 secs]
121.082: Total time for which application threads were stopped: 0.0040628 seconds, Stopping threads took: 0.0000259 seconds
121.152: [GC (Allocation Failure)  442507K->122027K(1034240K), 0.0039592 secs]
121.156: Total time for which application threads were stopped: 0.0041270 seconds, Stopping threads took: 0.0000199 seconds
121.223: [GC (Allocation Failure)  442539K->122443K(1033216K), 0.0040072 secs]
121.227: Total time for which application threads were stopped: 0.0041768 seconds, Stopping threads took: 0.0000197 seconds
121.294: [GC (Allocation Failure)  441931K->130029K(1033728K), 0.0041740 secs]
121.298: Total time for which application threads were stopped: 0.0043423 seconds, Stopping threads took: 0.0000198 seconds
121.366: [GC (Allocation Failure)  449517K->130029K(1033728K), 0.0039359 secs]
121.370: Total time for which application threads were stopped: 0.0040963 seconds, Stopping threads took: 0.0000193 seconds
121.436: [GC (Allocation Failure)  449517K->130181K(1033728K), 0.0039495 secs]
121.440: Total time for which application threads were stopped: 0.0041122 seconds, Stopping threads took: 0.0000194 seconds
121.507: [GC (Allocation Failure)  449669K->138055K(1033728K), 0.0040338 secs]
121.511: Total time for which application threads were stopped: 0.0042024 seconds, Stopping threads took: 0.0000193 seconds
121.578: [GC (Allocation Failure)  457543K->138055K(1033728K), 0.0039353 secs]
121.583: Total time for which application threads were stopped: 0.0041117 seconds, Stopping threads took: 0.0000265 seconds
121.648: [GC (Allocation Failure)  457543K->138119K(1033728K), 0.0039449 secs]
121.652: Total time for which application threads were stopped: 0.0041136 seconds, Stopping threads took: 0.0000190 seconds
121.719: [GC (Allocation Failure)  457607K->146089K(1027072K), 0.0040809 secs]
121.723: Total time for which application threads were stopped: 0.0042405 seconds, Stopping threads took: 0.0000207 seconds
121.788: [GC (Allocation Failure)  465577K->142183K(1034240K), 0.0028604 secs]
121.791: Total time for which application threads were stopped: 0.0030059 seconds, Stopping threads took: 0.0000173 seconds
121.858: [GC (Allocation Failure)  461671K->146241K(1033216K), 0.0038174 secs]
121.862: Total time for which application threads were stopped: 0.0039953 seconds, Stopping threads took: 0.0000198 seconds
121.931: [GC (Allocation Failure)  465729K->150177K(1034752K), 0.0039614 secs]
121.935: Total time for which application threads were stopped: 0.0041188 seconds, Stopping threads took: 0.0000174 seconds
122.002: [GC (Allocation Failure)  471713K->143423K(1034752K), 0.0012218 secs]
122.003: Total time for which application threads were stopped: 0.0013777 seconds, Stopping threads took: 0.0000257 seconds
122.072: [GC (Allocation Failure)  464959K->150281K(1034752K), 0.0038990 secs]
122.076: Total time for which application threads were stopped: 0.0040742 seconds, Stopping threads took: 0.0000268 seconds
122.142: [GC (Allocation Failure)  471817K->154353K(1034752K), 0.0049086 secs]
122.147: Total time for which application threads were stopped: 0.0050677 seconds, Stopping threads took: 0.0000179 seconds
122.213: [GC (Allocation Failure)  475889K->148783K(1034752K), 0.0018090 secs]
122.215: Total time for which application threads were stopped: 0.0019821 seconds, Stopping threads took: 0.0000201 seconds
122.284: [GC (Allocation Failure)  470319K->154633K(1034752K), 0.0039019 secs]
122.288: Total time for which application threads were stopped: 0.0040759 seconds, Stopping threads took: 0.0000199 seconds
122.355: [GC (Allocation Failure)  476169K->158537K(1034752K), 0.0044898 secs]
122.360: Total time for which application threads were stopped: 0.0046555 seconds, Stopping threads took: 0.0000209 seconds
122.427: [GC (Allocation Failure)  481026K->154567K(1035264K), 0.0025749 secs]
122.430: Total time for which application threads were stopped: 0.0027330 seconds, Stopping threads took: 0.0000205 seconds
122.500: [GC (Allocation Failure)  477127K->158633K(1036288K), 0.0041559 secs]
122.504: Total time for which application threads were stopped: 0.0043364 seconds, Stopping threads took: 0.0000199 seconds
122.573: [GC (Allocation Failure)  482729K->162633K(1035776K), 0.0040551 secs]
122.578: Total time for which application threads were stopped: 0.0042209 seconds, Stopping threads took: 0.0000254 seconds
122.647: [GC (Allocation Failure)  486729K->162633K(1035776K), 0.0037553 secs]
122.651: Total time for which application threads were stopped: 0.0039258 seconds, Stopping threads took: 0.0000202 seconds
122.719: [GC (Allocation Failure)  486217K->162689K(1023488K), 0.0042736 secs]
122.723: Total time for which application threads were stopped: 0.0044448 seconds, Stopping threads took: 0.0000210 seconds
122.791: [GC (Allocation Failure)  486273K->170660K(1035264K), 0.0040828 secs]
122.795: Total time for which application threads were stopped: 0.0042434 seconds, Stopping threads took: 0.0000196 seconds
122.863: [GC (Allocation Failure)  493220K->170660K(1030144K), 0.0039562 secs]
122.867: Total time for which application threads were stopped: 0.0041212 seconds, Stopping threads took: 0.0000204 seconds
122.935: [GC (Allocation Failure)  493220K->170732K(1034752K), 0.0041149 secs]
122.939: Total time for which application threads were stopped: 0.0042870 seconds, Stopping threads took: 0.0000198 seconds
123.006: [GC (Allocation Failure)  492268K->178702K(1034752K), 0.0042016 secs]
123.011: Total time for which application threads were stopped: 0.0043641 seconds, Stopping threads took: 0.0000199 seconds
123.080: [GC (Allocation Failure)  500238K->178670K(1033728K), 0.0037055 secs]
123.083: Total time for which application threads were stopped: 0.0038753 seconds, Stopping threads took: 0.0000284 seconds
123.151: [GC (Allocation Failure)  499182K->178918K(1034240K), 0.0039777 secs]
123.155: Total time for which application threads were stopped: 0.0041480 seconds, Stopping threads took: 0.0000205 seconds
123.223: [GC (Allocation Failure)  499430K->186728K(1034240K), 0.0039811 secs]
123.227: Total time for which application threads were stopped: 0.0041564 seconds, Stopping threads took: 0.0000206 seconds
123.295: [GC (Allocation Failure)  507240K->186728K(1034240K), 0.0052369 secs]
123.300: Total time for which application threads were stopped: 0.0054091 seconds, Stopping threads took: 0.0000201 seconds
123.368: [GC (Allocation Failure)  507240K->187176K(1033216K), 0.0040123 secs]
123.373: Total time for which application threads were stopped: 0.0041913 seconds, Stopping threads took: 0.0000195 seconds
123.440: [GC (Allocation Failure)  506664K->194762K(1033728K), 0.0041998 secs]
123.444: Total time for which application threads were stopped: 0.0043719 seconds, Stopping threads took: 0.0000203 seconds
123.512: [GC (Allocation Failure)  514250K->194762K(1033728K), 0.0039837 secs]
123.516: Total time for which application threads were stopped: 0.0041769 seconds, Stopping threads took: 0.0000208 seconds
123.583: [GC (Allocation Failure)  514250K->194890K(1033728K), 0.0041563 secs]
123.587: Total time for which application threads were stopped: 0.0043172 seconds, Stopping threads took: 0.0000169 seconds
123.655: [GC (Allocation Failure)  514378K->202797K(1033728K), 0.0039580 secs]
123.659: Total time for which application threads were stopped: 0.0041209 seconds, Stopping threads took: 0.0000249 seconds
123.727: [GC (Allocation Failure)  522285K->202797K(1033728K), 0.0040780 secs]
123.731: Total time for which application threads were stopped: 0.0042706 seconds, Stopping threads took: 0.0000197 seconds
123.799: [GC (Allocation Failure)  522285K->202861K(1033728K), 0.0040126 secs]
123.803: Total time for which application threads were stopped: 0.0041821 seconds, Stopping threads took: 0.0000188 seconds
123.869: [GC (Allocation Failure)  522349K->210831K(1027072K), 0.0042896 secs]
123.874: Total time for which application threads were stopped: 0.0044551 seconds, Stopping threads took: 0.0000202 seconds
123.939: [GC (Allocation Failure)  530318K->206925K(1034240K), 0.0029056 secs]
123.942: Total time for which application threads were stopped: 0.0030811 seconds, Stopping threads took: 0.0000221 seconds
124.008: [GC (Allocation Failure)  526413K->210991K(1033216K), 0.0042740 secs]
124.013: Total time for which application threads were stopped: 0.0044606 seconds, Stopping threads took: 0.0000214 seconds
124.080: [GC (Allocation Failure)  530479K->214991K(1034752K), 0.0045971 secs]
124.085: Total time for which application threads were stopped: 0.0047755 seconds, Stopping threads took: 0.0000203 seconds
124.153: [GC (Allocation Failure)  536527K->208173K(1034752K), 0.0015611 secs]
124.154: Total time for which application threads were stopped: 0.0017120 seconds, Stopping threads took: 0.0000222 seconds
124.221: [GC (Allocation Failure)  529709K->215023K(1034752K), 0.0040767 secs]
124.225: Total time for which application threads were stopped: 0.0042562 seconds, Stopping threads took: 0.0000202 seconds
124.291: [GC (Allocation Failure)  536559K->219135K(1034752K), 0.0050436 secs]
124.296: Total time for which application threads were stopped: 0.0051999 seconds, Stopping threads took: 0.0000194 seconds
124.362: [GC (Allocation Failure)  540671K->213565K(1034752K), 0.0018919 secs]
124.364: Total time for which application threads were stopped: 0.0020396 seconds, Stopping threads took: 0.0000199 seconds
124.433: [GC (Allocation Failure)  535101K->219375K(1034752K), 0.0040747 secs]
124.437: Total time for which application threads were stopped: 0.0042236 seconds, Stopping threads took: 0.0000164 seconds
124.504: [GC (Allocation Failure)  540911K->223247K(1035264K), 0.0044834 secs]
124.509: Total time for which application threads were stopped: 0.0046602 seconds, Stopping threads took: 0.0000202 seconds
124.576: [GC (Allocation Failure)  545735K->219341K(1035264K), 0.0027026 secs]
124.579: Total time for which application threads were stopped: 0.0028539 seconds, Stopping threads took: 0.0000266 seconds
124.647: [GC (Allocation Failure)  541901K->223399K(1036288K), 0.0043801 secs]
124.652: Total time for which application threads were stopped: 0.0045509 seconds, Stopping threads took: 0.0000194 seconds
124.719: [GC (Allocation Failure)  547495K->227399K(1035776K), 0.0041656 secs]
124.723: Total time for which application threads were stopped: 0.0043319 seconds, Stopping threads took: 0.0000207 seconds
124.793: [GC (Allocation Failure)  551495K->227367K(1035776K), 0.0039307 secs]
124.797: Total time for which application threads were stopped: 0.0040983 seconds, Stopping threads took: 0.0000170 seconds
124.864: [GC (Allocation Failure)  550951K->227431K(1023488K), 0.0042600 secs]
124.869: Total time for which application threads were stopped: 0.0044206 seconds, Stopping threads took: 0.0000199 seconds
124.935: [GC (Allocation Failure)  551015K->235401K(1035264K), 0.0042246 secs]
124.939: Total time for which application threads were stopped: 0.0043856 seconds, Stopping threads took: 0.0000194 seconds
125.006: [GC (Allocation Failure)  557961K->235433K(1030144K), 0.0040109 secs]
125.010: Total time for which application threads were stopped: 0.0042024 seconds, Stopping threads took: 0.0000203 seconds
125.079: [GC (Allocation Failure)  557993K->235465K(1034752K), 0.0041829 secs]
125.084: Total time for which application threads were stopped: 0.0043537 seconds, Stopping threads took: 0.0000201 seconds
125.152: [GC (Allocation Failure)  557001K->243467K(1029120K), 0.0043613 secs]
125.157: Total time for which application threads were stopped: 0.0045407 seconds, Stopping threads took: 0.0000199 seconds
125.225: [GC (Allocation Failure)  565003K->243435K(1034240K), 0.0039870 secs]
125.229: Total time for which application threads were stopped: 0.0041998 seconds, Stopping threads took: 0.0000195 seconds
125.297: [GC (Allocation Failure)  563947K->243691K(1034240K), 0.0041583 secs]
125.301: Total time for which application threads were stopped: 0.0043514 seconds, Stopping threads took: 0.0000194 seconds
125.370: [GC (Allocation Failure)  564203K->251470K(1034240K), 0.0040731 secs]
125.374: Total time for which application threads were stopped: 0.0042703 seconds, Stopping threads took: 0.0000205 seconds
125.444: [GC (Allocation Failure)  571982K->251470K(1034240K), 0.0043278 secs]
125.449: Total time for which application threads were stopped: 0.0044998 seconds, Stopping threads took: 0.0000202 seconds
125.516: [GC (Allocation Failure)  571982K->251918K(1033216K), 0.0064653 secs]
125.522: Total time for which application threads were stopped: 0.0066302 seconds, Stopping threads took: 0.0000207 seconds
125.591: [GC (Allocation Failure)  571406K->259536K(1033728K), 0.0064475 secs]
125.597: Total time for which application threads were stopped: 0.0066327 seconds, Stopping threads took: 0.0000290 seconds
125.666: [GC (Allocation Failure)  579024K->259504K(1033728K), 0.0040818 secs]
125.670: Total time for which application threads were stopped: 0.0042311 seconds, Stopping threads took: 0.0000164 seconds
125.735: [GC (Allocation Failure)  578992K->259624K(1033728K), 0.0042147 secs]
125.740: Total time for which application threads were stopped: 0.0043829 seconds, Stopping threads took: 0.0000198 seconds
125.808: [GC (Allocation Failure)  579112K->267594K(1033728K), 0.0041247 secs]
125.812: Total time for which application threads were stopped: 0.0042750 seconds, Stopping threads took: 0.0000174 seconds
125.880: [GC (Allocation Failure)  587082K->267562K(1033728K), 0.0042142 secs]
125.884: Total time for which application threads were stopped: 0.0044081 seconds, Stopping threads took: 0.0000198 seconds
125.951: [GC (Allocation Failure)  587050K->267594K(1032704K), 0.0043173 secs]
125.955: Total time for which application threads were stopped: 0.0044837 seconds, Stopping threads took: 0.0000192 seconds
126.024: [GC (Allocation Failure)  586058K->275564K(1033216K), 0.0042495 secs]
126.028: Total time for which application threads were stopped: 0.0044164 seconds, Stopping threads took: 0.0000189 seconds
126.097: [GC (Allocation Failure)  594028K->269962K(1033728K), 0.0020248 secs]
126.099: Total time for which application threads were stopped: 0.0021721 seconds, Stopping threads took: 0.0000257 seconds
126.165: [GC (Allocation Failure)  588938K->275820K(1033216K), 0.0042831 secs]
126.170: Total time for which application threads were stopped: 0.0044603 seconds, Stopping threads took: 0.0000188 seconds
126.236: [GC (Allocation Failure)  594796K->279740K(1034240K), 0.0044810 secs]
126.241: Total time for which application threads were stopped: 0.0046658 seconds, Stopping threads took: 0.0000210 seconds
126.309: [GC (Allocation Failure)  600252K->285626K(1034240K), 0.0066783 secs]
126.316: Total time for which application threads were stopped: 0.0068475 seconds, Stopping threads took: 0.0000202 seconds
126.384: [GC (Allocation Failure)  606138K->279900K(1030144K), 0.0044708 secs]
126.389: Total time for which application threads were stopped: 0.0046376 seconds, Stopping threads took: 0.0000195 seconds
126.456: [GC (Allocation Failure)  596316K->279708K(1032192K), 0.0042767 secs]
126.460: Total time for which application threads were stopped: 0.0044503 seconds, Stopping threads took: 0.0000200 seconds
126.526: [GC (Allocation Failure)  596124K->275578K(1033216K), 0.0026421 secs]
126.529: Total time for which application threads were stopped: 0.0028137 seconds, Stopping threads took: 0.0000182 seconds
126.600: [GC (Allocation Failure)  593530K->279836K(1032704K), 0.0040632 secs]
126.604: Total time for which application threads were stopped: 0.0042263 seconds, Stopping threads took: 0.0000255 seconds
126.671: [GC (Allocation Failure)  597788K->279740K(1033728K), 0.0041739 secs]
126.675: Total time for which application threads were stopped: 0.0043445 seconds, Stopping threads took: 0.0000194 seconds
126.741: [GC (Allocation Failure)  598716K->283332K(1033216K), 0.0051665 secs]
126.746: Total time for which application threads were stopped: 0.0053614 seconds, Stopping threads took: 0.0000198 seconds
126.815: [GC (Allocation Failure)  602308K->287783K(1034240K), 0.0041998 secs]
126.820: Total time for which application threads were stopped: 0.0043641 seconds, Stopping threads took: 0.0000201 seconds
126.886: [GC (Allocation Failure)  607783K->287751K(1033728K), 0.0042810 secs]
126.890: Total time for which application threads were stopped: 0.0044554 seconds, Stopping threads took: 0.0000197 seconds
126.955: [GC (Allocation Failure)  607751K->291047K(1034240K), 0.0048873 secs]
126.960: Total time for which application threads were stopped: 0.0050523 seconds, Stopping threads took: 0.0000196 seconds
127.027: [GC (Allocation Failure)  611559K->295817K(1034240K), 0.0041704 secs]
127.032: Total time for which application threads were stopped: 0.0043407 seconds, Stopping threads took: 0.0000203 seconds
127.100: [GC (Allocation Failure)  616329K->295785K(1034752K), 0.0039943 secs]
127.104: Total time for which application threads were stopped: 0.0041622 seconds, Stopping threads took: 0.0000195 seconds
127.171: [GC (Allocation Failure)  617321K->298273K(1034752K), 0.0049551 secs]
127.176: Total time for which application threads were stopped: 0.0051077 seconds, Stopping threads took: 0.0000172 seconds
127.244: [GC (Allocation Failure)  619809K->303811K(1034752K), 0.0042553 secs]
127.249: Total time for which application threads were stopped: 0.0044335 seconds, Stopping threads took: 0.0000200 seconds
127.317: [GC (Allocation Failure)  625347K->303843K(1034752K), 0.0040262 secs]
127.321: Total time for which application threads were stopped: 0.0041761 seconds, Stopping threads took: 0.0000196 seconds
127.388: [GC (Allocation Failure)  625379K->307531K(1035264K), 0.0050908 secs]
127.394: Total time for which application threads were stopped: 0.0052495 seconds, Stopping threads took: 0.0000165 seconds
127.461: [GC (Allocation Failure)  629579K->311854K(1034752K), 0.0042893 secs]
127.465: Total time for which application threads were stopped: 0.0044509 seconds, Stopping threads took: 0.0000201 seconds
127.533: [GC (Allocation Failure)  633902K->311822K(1035264K), 0.0040598 secs]
127.538: Total time for which application threads were stopped: 0.0042466 seconds, Stopping threads took: 0.0000187 seconds
127.606: [GC (Allocation Failure)  634382K->314742K(1035264K), 0.0064432 secs]
127.612: Total time for which application threads were stopped: 0.0066040 seconds, Stopping threads took: 0.0000263 seconds
127.680: [GC (Allocation Failure)  637302K->320024K(1035264K), 0.0040961 secs]
127.684: Total time for which application threads were stopped: 0.0042839 seconds, Stopping threads took: 0.0000218 seconds
127.754: [GC (Allocation Failure)  642584K->319896K(1035264K), 0.0056048 secs]
127.760: Total time for which application threads were stopped: 0.0057725 seconds, Stopping threads took: 0.0000250 seconds
127.827: [GC (Allocation Failure)  642456K->322968K(1035264K), 0.0048912 secs]
127.832: Total time for which application threads were stopped: 0.0050615 seconds, Stopping threads took: 0.0000198 seconds
127.899: [GC (Allocation Failure)  645528K->327962K(1035264K), 0.0041326 secs]
127.904: Total time for which application threads were stopped: 0.0043116 seconds, Stopping threads took: 0.0000202 seconds
127.974: [GC (Allocation Failure)  650522K->327962K(1035264K), 0.0044861 secs]
127.978: Total time for which application threads were stopped: 0.0046563 seconds, Stopping threads took: 0.0000200 seconds
128.045: [GC (Allocation Failure)  650522K->323160K(1035264K), 0.0024297 secs]
128.047: Total time for which application threads were stopped: 0.0025953 seconds, Stopping threads took: 0.0000199 seconds
128.116: [GC (Allocation Failure)  645720K->328154K(1035264K), 0.0042419 secs]
128.120: Total time for which application threads were stopped: 0.0044129 seconds, Stopping threads took: 0.0000262 seconds
128.188: [GC (Allocation Failure)  650714K->327930K(1035264K), 0.0042851 secs]
128.193: Total time for which application threads were stopped: 0.0044668 seconds, Stopping threads took: 0.0000256 seconds
128.262: [GC (Allocation Failure)  650490K->327480K(1035776K), 0.0041769 secs]
128.266: Total time for which application threads were stopped: 0.0043614 seconds, Stopping threads took: 0.0000193 seconds
128.334: [GC (Allocation Failure)  650552K->328090K(1035264K), 0.0042551 secs]
128.339: Total time for which application threads were stopped: 0.0044142 seconds, Stopping threads took: 0.0000194 seconds
128.409: [GC (Allocation Failure)  651162K->327930K(1035776K), 0.0043758 secs]
128.413: Total time for which application threads were stopped: 0.0045430 seconds, Stopping threads took: 0.0000200 seconds
128.481: [GC (Allocation Failure)  651514K->333768K(1035776K), 0.0067787 secs]
128.488: Total time for which application threads were stopped: 0.0069380 seconds, Stopping threads took: 0.0000195 seconds
128.556: [GC (Allocation Failure)  657352K->329194K(1032704K), 0.0045105 secs]
128.560: Total time for which application threads were stopped: 0.0046789 seconds, Stopping threads took: 0.0000198 seconds
128.631: [GC (Allocation Failure)  649706K->329066K(1034240K), 0.0043560 secs]
128.635: Total time for which application threads were stopped: 0.0045257 seconds, Stopping threads took: 0.0000201 seconds
128.703: [GC (Allocation Failure)  649578K->336104K(1030656K), 0.0074136 secs]
128.710: Total time for which application threads were stopped: 0.0075906 seconds, Stopping threads took: 0.0000275 seconds
128.779: [GC (Allocation Failure)  653544K->330410K(1032704K), 0.0073200 secs]
128.786: Total time for which application threads were stopped: 0.0074878 seconds, Stopping threads took: 0.0000169 seconds
128.853: [GC (Allocation Failure)  647850K->330346K(1033728K), 0.0042812 secs]
128.858: Total time for which application threads were stopped: 0.0044689 seconds, Stopping threads took: 0.0000195 seconds
128.926: [GC (Allocation Failure)  649322K->327912K(1033216K), 0.0035368 secs]
128.929: Total time for which application threads were stopped: 0.0037572 seconds, Stopping threads took: 0.0000204 seconds
128.997: [GC (Allocation Failure)  646888K->330378K(1034752K), 0.0041353 secs]
129.001: Total time for which application threads were stopped: 0.0043459 seconds, Stopping threads took: 0.0000199 seconds
129.068: [GC (Allocation Failure)  651402K->330314K(1034240K), 0.0041263 secs]
129.073: Total time for which application threads were stopped: 0.0042946 seconds, Stopping threads took: 0.0000260 seconds
129.139: [GC (Allocation Failure)  651338K->325544K(1034240K), 0.0024903 secs]
129.142: Total time for which application threads were stopped: 0.0026931 seconds, Stopping threads took: 0.0000297 seconds
129.212: [GC (Allocation Failure)  647080K->330570K(1034752K), 0.0043328 secs]
129.216: Total time for which application threads were stopped: 0.0044948 seconds, Stopping threads took: 0.0000197 seconds
129.284: [GC (Allocation Failure)  652106K->330346K(1035776K), 0.0045602 secs]
129.288: Total time for which application threads were stopped: 0.0047312 seconds, Stopping threads took: 0.0000206 seconds
129.354: [GC (Allocation Failure)  653418K->328328K(1035264K), 0.0035724 secs]
129.358: Total time for which application threads were stopped: 0.0037526 seconds, Stopping threads took: 0.0000200 seconds
129.424: [GC (Allocation Failure)  651400K->330538K(1036288K), 0.0042937 secs]
129.428: Total time for which application threads were stopped: 0.0044880 seconds, Stopping threads took: 0.0000258 seconds
129.497: [GC (Allocation Failure)  654634K->330314K(1035776K), 0.0042490 secs]
129.501: Total time for which application threads were stopped: 0.0044224 seconds, Stopping threads took: 0.0000207 seconds
129.570: [GC (Allocation Failure)  654410K->336168K(1033216K), 0.0069098 secs]
129.577: Total time for which application threads were stopped: 0.0071015 seconds, Stopping threads took: 0.0000278 seconds
129.645: [GC (Allocation Failure)  657704K->332106K(1034752K), 0.0044721 secs]
129.650: Total time for which application threads were stopped: 0.0046822 seconds, Stopping threads took: 0.0000192 seconds
129.716: [GC (Allocation Failure)  653642K->331978K(1035264K), 0.0043650 secs]
129.721: Total time for which application threads were stopped: 0.0045213 seconds, Stopping threads took: 0.0000192 seconds
129.791: [GC (Allocation Failure)  654538K->340040K(1035264K), 0.0080237 secs]
129.799: Total time for which application threads were stopped: 0.0081743 seconds, Stopping threads took: 0.0000193 seconds
129.868: [GC (Allocation Failure)  662600K->334858K(1032192K), 0.0045578 secs]
129.872: Total time for which application threads were stopped: 0.0047147 seconds, Stopping threads took: 0.0000190 seconds
129.939: [GC (Allocation Failure)  654346K->334826K(1033728K), 0.0043203 secs]
129.943: Total time for which application threads were stopped: 0.0045082 seconds, Stopping threads took: 0.0000197 seconds
130.008: [GC (Allocation Failure)  654314K->341064K(1031680K), 0.0069927 secs]
130.015: Total time for which application threads were stopped: 0.0071566 seconds, Stopping threads took: 0.0000196 seconds
130.081: [GC (Allocation Failure)  658504K->334794K(1032704K), 0.0043388 secs]
130.085: Total time for which application threads were stopped: 0.0045230 seconds, Stopping threads took: 0.0000199 seconds
130.153: [GC (Allocation Failure)  652234K->334826K(1033216K), 0.0042490 secs]
130.157: Total time for which application threads were stopped: 0.0044436 seconds, Stopping threads took: 0.0000202 seconds
130.225: [GC (Allocation Failure)  652778K->330504K(1032704K), 0.0025786 secs]
130.228: Total time for which application threads were stopped: 0.0027393 seconds, Stopping threads took: 0.0000197 seconds
130.294: [GC (Allocation Failure)  648456K->335018K(1033728K), 0.0046751 secs]
130.299: Total time for which application threads were stopped: 0.0048543 seconds, Stopping threads took: 0.0000200 seconds
130.367: [GC (Allocation Failure)  653482K->334794K(1032704K), 0.0041734 secs]
130.371: Total time for which application threads were stopped: 0.0043448 seconds, Stopping threads took: 0.0000279 seconds
130.437: [GC (Allocation Failure)  653258K->338250K(1033216K), 0.0051486 secs]
130.442: Total time for which application threads were stopped: 0.0053552 seconds, Stopping threads took: 0.0000241 seconds
130.511: [GC (Allocation Failure)  657738K->342860K(1033728K), 0.0042432 secs]
130.515: Total time for which application threads were stopped: 0.0043965 seconds, Stopping threads took: 0.0000176 seconds
130.582: [GC (Allocation Failure)  662348K->342828K(1034752K), 0.0043789 secs]
130.587: Total time for which application threads were stopped: 0.0045414 seconds, Stopping threads took: 0.0000196 seconds
130.654: [GC (Allocation Failure)  663852K->342884K(1034240K), 0.0043915 secs]
130.659: Total time for which application threads were stopped: 0.0045855 seconds, Stopping threads took: 0.0000253 seconds
130.729: [GC (Allocation Failure)  663908K->350919K(1034752K), 0.0043255 secs]
130.733: Total time for which application threads were stopped: 0.0044866 seconds, Stopping threads took: 0.0000256 seconds
130.802: [GC (Allocation Failure)  671943K->350855K(1034240K), 0.0043902 secs]
130.806: Total time for which application threads were stopped: 0.0045792 seconds, Stopping threads took: 0.0000194 seconds
130.873: [GC (Allocation Failure)  671879K->354727K(1034752K), 0.0052367 secs]
130.879: Total time for which application threads were stopped: 0.0053951 seconds, Stopping threads took: 0.0000245 seconds
130.948: [GC (Allocation Failure)  676263K->358921K(1034752K), 0.0045780 secs]
130.953: Total time for which application threads were stopped: 0.0047471 seconds, Stopping threads took: 0.0000196 seconds
131.019: [GC (Allocation Failure)  680457K->358889K(1035264K), 0.0042913 secs]
131.024: Total time for which application threads were stopped: 0.0044570 seconds, Stopping threads took: 0.0000196 seconds
131.091: [GC (Allocation Failure)  681449K->360905K(1035264K), 0.0046867 secs]
131.096: Total time for which application threads were stopped: 0.0048554 seconds, Stopping threads took: 0.0000190 seconds
131.163: [GC (Allocation Failure)  683465K->366955K(1035264K), 0.0041434 secs]
131.167: Total time for which application threads were stopped: 0.0043039 seconds, Stopping threads took: 0.0000195 seconds
131.235: [GC (Allocation Failure)  689515K->366923K(1035264K), 0.0043468 secs]
131.240: Total time for which application threads were stopped: 0.0045177 seconds, Stopping threads took: 0.0000204 seconds
131.305: [GC (Allocation Failure)  689483K->369131K(1035264K), 0.0046855 secs]
131.310: Total time for which application threads were stopped: 0.0048566 seconds, Stopping threads took: 0.0000201 seconds
131.379: [GC (Allocation Failure)  691691K->375181K(1035264K), 0.0043526 secs]
131.384: Total time for which application threads were stopped: 0.0045170 seconds, Stopping threads took: 0.0000200 seconds
131.450: [GC (Allocation Failure)  697741K->374957K(1035264K), 0.0050683 secs]
131.455: Total time for which application threads were stopped: 0.0052391 seconds, Stopping threads took: 0.0000200 seconds
131.523: [GC (Allocation Failure)  697517K->369291K(1035264K), 0.0021058 secs]
131.525: Total time for which application threads were stopped: 0.0022645 seconds, Stopping threads took: 0.0000218 seconds
131.596: [GC (Allocation Failure)  691851K->375117K(1035264K), 0.0058919 secs]
131.602: Total time for which application threads were stopped: 0.0060655 seconds, Stopping threads took: 0.0000199 seconds
131.671: [GC (Allocation Failure)  697677K->374957K(1035264K), 0.0044606 secs]
131.675: Total time for which application threads were stopped: 0.0046343 seconds, Stopping threads took: 0.0000227 seconds
131.740: [GC (Allocation Failure)  697517K->373611K(1035776K), 0.0040476 secs]
131.744: Total time for which application threads were stopped: 0.0042269 seconds, Stopping threads took: 0.0000274 seconds
131.814: [GC (Allocation Failure)  696683K->375053K(1035264K), 0.0042920 secs]
131.818: Total time for which application threads were stopped: 0.0044545 seconds, Stopping threads took: 0.0000197 seconds
131.886: [GC (Allocation Failure)  698125K->374989K(1036288K), 0.0043973 secs]
131.890: Total time for which application threads were stopped: 0.0046115 seconds, Stopping threads took: 0.0000212 seconds
131.960: [GC (Allocation Failure)  699085K->380427K(1035776K), 0.0069823 secs]
131.967: Total time for which application threads were stopped: 0.0071532 seconds, Stopping threads took: 0.0000201 seconds
132.038: [GC (Allocation Failure)  704523K->376237K(1033728K), 0.0046098 secs]
132.043: Total time for which application threads were stopped: 0.0047761 seconds, Stopping threads took: 0.0000207 seconds
132.112: [GC (Allocation Failure)  697773K->376205K(1034752K), 0.0041989 secs]
132.116: Total time for which application threads were stopped: 0.0043696 seconds, Stopping threads took: 0.0000272 seconds
132.182: [GC (Allocation Failure)  697741K->369099K(1034240K), 0.0015622 secs]
132.184: Total time for which application threads were stopped: 0.0017153 seconds, Stopping threads took: 0.0000196 seconds
132.252: [GC (Allocation Failure)  690635K->376469K(1034752K), 0.0044642 secs]
132.257: Total time for which application threads were stopped: 0.0046280 seconds, Stopping threads took: 0.0000203 seconds
132.324: [GC (Allocation Failure)  698005K->380349K(1035264K), 0.0054167 secs]
132.330: Total time for which application threads were stopped: 0.0056130 seconds, Stopping threads took: 0.0000205 seconds
132.398: [GC (Allocation Failure)  702909K->375483K(1035264K), 0.0027035 secs]
132.401: Total time for which application threads were stopped: 0.0028655 seconds, Stopping threads took: 0.0000197 seconds
132.469: [GC (Allocation Failure)  698043K->380525K(1035776K), 0.0043379 secs]
132.473: Total time for which application threads were stopped: 0.0045057 seconds, Stopping threads took: 0.0000192 seconds
132.541: [GC (Allocation Failure)  703597K->384485K(1035264K), 0.0046040 secs]
132.546: Total time for which application threads were stopped: 0.0047957 seconds, Stopping threads took: 0.0000192 seconds
132.613: [GC (Allocation Failure)  707557K->384485K(1035776K), 0.0043878 secs]
132.618: Total time for which application threads were stopped: 0.0045963 seconds, Stopping threads took: 0.0000266 seconds
132.686: [GC (Allocation Failure)  708069K->384653K(1023488K), 0.0044836 secs]
132.690: Total time for which application threads were stopped: 0.0046452 seconds, Stopping threads took: 0.0000168 seconds
132.759: [GC (Allocation Failure)  708237K->392528K(1035264K), 0.0059000 secs]
132.765: Total time for which application threads were stopped: 0.0061143 seconds, Stopping threads took: 0.0000268 seconds
132.833: [GC (Allocation Failure)  715088K->392528K(1035264K), 0.0044576 secs]
132.838: Total time for which application threads were stopped: 0.0046210 seconds, Stopping threads took: 0.0000181 seconds
132.905: [GC (Allocation Failure)  715088K->392648K(1034240K), 0.0044528 secs]
132.909: Total time for which application threads were stopped: 0.0046338 seconds, Stopping threads took: 0.0000216 seconds
132.977: [GC (Allocation Failure)  714184K->400554K(1034752K), 0.0043771 secs]
132.982: Total time for which application threads were stopped: 0.0045509 seconds, Stopping threads took: 0.0000203 seconds
133.048: [GC (Allocation Failure)  722090K->400586K(1034752K), 0.0045901 secs]
133.053: Total time for which application threads were stopped: 0.0047539 seconds, Stopping threads took: 0.0000199 seconds
133.119: [GC (Allocation Failure)  722122K->400874K(1021440K), 0.0043058 secs]
133.123: Total time for which application threads were stopped: 0.0044799 seconds, Stopping threads took: 0.0000267 seconds
133.191: [GC (Allocation Failure)  722410K->408620K(1034240K), 0.0045243 secs]
133.196: Total time for which application threads were stopped: 0.0046923 seconds, Stopping threads took: 0.0000197 seconds
133.263: [GC (Allocation Failure)  729132K->408588K(1034240K), 0.0043396 secs]
133.267: Total time for which application threads were stopped: 0.0045093 seconds, Stopping threads took: 0.0000201 seconds
133.336: [GC (Allocation Failure)  729100K->409132K(1034240K), 0.0044177 secs]
133.340: Total time for which application threads were stopped: 0.0045833 seconds, Stopping threads took: 0.0000208 seconds
133.408: [GC (Allocation Failure)  729644K->416622K(1034240K), 0.0058227 secs]
133.414: Total time for which application threads were stopped: 0.0060005 seconds, Stopping threads took: 0.0000203 seconds
133.482: [GC (Allocation Failure)  737134K->416590K(1034240K), 0.0044896 secs]
133.487: Total time for which application threads were stopped: 0.0046572 seconds, Stopping threads took: 0.0000201 seconds
133.554: [GC (Allocation Failure)  737102K->416838K(1034240K), 0.0044143 secs]
133.558: Total time for which application threads were stopped: 0.0045828 seconds, Stopping threads took: 0.0000190 seconds
133.627: [GC (Allocation Failure)  737350K->424681K(1033216K), 0.0043626 secs]
133.631: Total time for which application threads were stopped: 0.0045433 seconds, Stopping threads took: 0.0000274 seconds
133.698: [GC (Allocation Failure)  744169K->424649K(1033728K), 0.0050712 secs]
133.703: Total time for which application threads were stopped: 0.0052303 seconds, Stopping threads took: 0.0000195 seconds
133.770: [GC (Allocation Failure)  744137K->424809K(1033728K), 0.0043601 secs]
133.774: Total time for which application threads were stopped: 0.0045460 seconds, Stopping threads took: 0.0000253 seconds
133.842: [GC (Allocation Failure)  744297K->432683K(1033728K), 0.0042918 secs]
133.846: Total time for which application threads were stopped: 0.0044984 seconds, Stopping threads took: 0.0000197 seconds
133.912: [GC (Allocation Failure)  752171K->428777K(1034240K), 0.0034521 secs]
133.915: Total time for which application threads were stopped: 0.0035978 seconds, Stopping threads took: 0.0000199 seconds
133.985: [GC (Allocation Failure)  748777K->432843K(1033728K), 0.0043483 secs]
133.989: Total time for which application threads were stopped: 0.0045129 seconds, Stopping threads took: 0.0000172 seconds
134.058: [GC (Allocation Failure)  752843K->436843K(1034752K), 0.0043205 secs]
134.062: Total time for which application threads were stopped: 0.0045136 seconds, Stopping threads took: 0.0000201 seconds
134.131: [GC (Allocation Failure)  758379K->431049K(1034752K), 0.0023753 secs]
134.133: Total time for which application threads were stopped: 0.0025182 seconds, Stopping threads took: 0.0000259 seconds
134.201: [GC (Allocation Failure)  752585K->436883K(1035776K), 0.0043908 secs]
134.205: Total time for which application threads were stopped: 0.0045877 seconds, Stopping threads took: 0.0000198 seconds
134.275: [GC (Allocation Failure)  759443K->440955K(1034752K), 0.0047988 secs]
134.280: Total time for which application threads were stopped: 0.0049892 seconds, Stopping threads took: 0.0000198 seconds
134.346: [GC (Allocation Failure)  763253K->437081K(1035776K), 0.0036530 secs]
134.350: Total time for which application threads were stopped: 0.0038318 seconds, Stopping threads took: 0.0000153 seconds
134.419: [GC (Allocation Failure)  760153K->441091K(1035264K), 0.0046190 secs]
134.424: Total time for which application threads were stopped: 0.0047812 seconds, Stopping threads took: 0.0000194 seconds
134.492: [GC (Allocation Failure)  764163K->445123K(1035264K), 0.0046866 secs]
134.497: Total time for which application threads were stopped: 0.0048671 seconds, Stopping threads took: 0.0000201 seconds
134.566: [GC (Allocation Failure)  768707K->445091K(1035776K), 0.0051852 secs]
134.572: Total time for which application threads were stopped: 0.0053608 seconds, Stopping threads took: 0.0000199 seconds
134.639: [GC (Allocation Failure)  768675K->445163K(1034752K), 0.0044092 secs]
134.644: Total time for which application threads were stopped: 0.0045839 seconds, Stopping threads took: 0.0000206 seconds
134.711: [GC (Allocation Failure)  767723K->453165K(1035264K), 0.0044666 secs]
134.716: Total time for which application threads were stopped: 0.0046398 seconds, Stopping threads took: 0.0000202 seconds
134.783: [GC (Allocation Failure)  775725K->453165K(1034240K), 0.0047051 secs]
134.788: Total time for which application threads were stopped: 0.0048742 seconds, Stopping threads took: 0.0000200 seconds
134.855: [GC (Allocation Failure)  774701K->453189K(1034752K), 0.0046744 secs]
134.860: Total time for which application threads were stopped: 0.0048669 seconds, Stopping threads took: 0.0000195 seconds
134.927: [GC (Allocation Failure)  774725K->461160K(1034752K), 0.0047822 secs]
134.932: Total time for which application threads were stopped: 0.0049602 seconds, Stopping threads took: 0.0000154 seconds
135.001: [GC (Allocation Failure)  782696K->461160K(1029120K), 0.0045699 secs]
135.005: Total time for which application threads were stopped: 0.0047410 seconds, Stopping threads took: 0.0000192 seconds
135.072: [GC (Allocation Failure)  782696K->461416K(1034240K), 0.0043468 secs]
135.076: Total time for which application threads were stopped: 0.0045106 seconds, Stopping threads took: 0.0000265 seconds
135.144: [GC (Allocation Failure)  781928K->469226K(1034240K), 0.0043346 secs]
135.148: Total time for which application threads were stopped: 0.0045322 seconds, Stopping threads took: 0.0000200 seconds
135.218: [GC (Allocation Failure)  789738K->469226K(1034240K), 0.0045929 secs]
135.222: Total time for which application threads were stopped: 0.0047601 seconds, Stopping threads took: 0.0000179 seconds
135.290: [GC (Allocation Failure)  789738K->469642K(1020416K), 0.0046742 secs]
135.295: Total time for which application threads were stopped: 0.0048476 seconds, Stopping threads took: 0.0000212 seconds
135.361: [GC (Allocation Failure)  790154K->477260K(1033728K), 0.0046702 secs]
135.365: Total time for which application threads were stopped: 0.0048438 seconds, Stopping threads took: 0.0000206 seconds
135.434: [GC (Allocation Failure)  796748K->477228K(1033728K), 0.0043669 secs]
135.438: Total time for which application threads were stopped: 0.0045595 seconds, Stopping threads took: 0.0000199 seconds
135.504: [GC (Allocation Failure)  796716K->477348K(1033728K), 0.0047192 secs]
135.509: Total time for which application threads were stopped: 0.0048698 seconds, Stopping threads took: 0.0000170 seconds
135.577: [GC (Allocation Failure)  796836K->485286K(1033728K), 0.0044833 secs]
135.582: Total time for which application threads were stopped: 0.0046588 seconds, Stopping threads took: 0.0000262 seconds
135.650: [GC (Allocation Failure)  804774K->485254K(1033728K), 0.0045582 secs]
135.655: Total time for which application threads were stopped: 0.0047259 seconds, Stopping threads took: 0.0000202 seconds
135.721: [GC (Allocation Failure)  804742K->485326K(1033728K), 0.0047864 secs]
135.726: Total time for which application threads were stopped: 0.0049547 seconds, Stopping threads took: 0.0000196 seconds
135.794: [GC (Allocation Failure)  804814K->493297K(1032704K), 0.0045588 secs]
135.799: Total time for which application threads were stopped: 0.0047288 seconds, Stopping threads took: 0.0000190 seconds
135.866: [GC (Allocation Failure)  811761K->487758K(1033216K), 0.0026804 secs]
135.868: Total time for which application threads were stopped: 0.0028385 seconds, Stopping threads took: 0.0000204 seconds
135.936: [GC (Allocation Failure)  806222K->493553K(1034752K), 0.0046573 secs]
135.940: Total time for which application threads were stopped: 0.0048390 seconds, Stopping threads took: 0.0000214 seconds
136.009: [GC (Allocation Failure)  814065K->497441K(1033728K), 0.0049934 secs]
136.014: Total time for which application threads were stopped: 0.0051605 seconds, Stopping threads took: 0.0000199 seconds
136.081: [GC (Allocation Failure)  817953K->504326K(1029120K), 0.0074691 secs]
136.089: Total time for which application threads were stopped: 0.0076274 seconds, Stopping threads took: 0.0000261 seconds
136.156: [GC (Allocation Failure)  819718K->498249K(1031680K), 0.0048462 secs]
136.161: Total time for which application threads were stopped: 0.0050160 seconds, Stopping threads took: 0.0000199 seconds
136.225: [GC (Allocation Failure)  813641K->498089K(1032704K), 0.0046181 secs]
136.229: Total time for which application threads were stopped: 0.0047787 seconds, Stopping threads took: 0.0000199 seconds
136.293: [GC (Allocation Failure)  815017K->501449K(1032192K), 0.0053378 secs]
136.299: Total time for which application threads were stopped: 0.0055322 seconds, Stopping threads took: 0.0000196 seconds
136.365: [GC (Allocation Failure)  818377K->506187K(1033216K), 0.0046870 secs]
136.370: Total time for which application threads were stopped: 0.0048439 seconds, Stopping threads took: 0.0000194 seconds
136.437: [GC (Allocation Failure)  824139K->506091K(1032704K), 0.0045945 secs]
136.442: Total time for which application threads were stopped: 0.0047660 seconds, Stopping threads took: 0.0000191 seconds
136.508: [GC (Allocation Failure)  824043K->507115K(1033216K), 0.0048986 secs]
136.513: Total time for which application threads were stopped: 0.0050673 seconds, Stopping threads took: 0.0000196 seconds
136.580: [GC (Allocation Failure)  825579K->514125K(1033216K), 0.0048263 secs]
136.585: Total time for which application threads were stopped: 0.0049930 seconds, Stopping threads took: 0.0000261 seconds
136.651: [GC (Allocation Failure)  832589K->514157K(1033728K), 0.0045853 secs]
136.656: Total time for which application threads were stopped: 0.0047780 seconds, Stopping threads took: 0.0000250 seconds
136.724: [GC (Allocation Failure)  833133K->515813K(1033216K), 0.0049509 secs]
136.729: Total time for which application threads were stopped: 0.0051121 seconds, Stopping threads took: 0.0000200 seconds
136.797: [GC (Allocation Failure)  834789K->522215K(1033728K), 0.0046493 secs]
136.801: Total time for which application threads were stopped: 0.0048086 seconds, Stopping threads took: 0.0000175 seconds
136.867: [GC (Allocation Failure)  841703K->522151K(1033728K), 0.0047011 secs]
136.872: Total time for which application threads were stopped: 0.0048938 seconds, Stopping threads took: 0.0000195 seconds
136.940: [GC (Allocation Failure)  841639K->522503K(1033728K), 0.0045243 secs]
136.945: Total time for which application threads were stopped: 0.0047208 seconds, Stopping threads took: 0.0000203 seconds
137.014: [GC (Allocation Failure)  841991K->530186K(1033728K), 0.0048121 secs]
137.018: Total time for which application threads were stopped: 0.0049854 seconds, Stopping threads took: 0.0000200 seconds
137.088: [GC (Allocation Failure)  849674K->530186K(1033728K), 0.0045463 secs]
137.092: Total time for which application threads were stopped: 0.0047305 seconds, Stopping threads took: 0.0000261 seconds
137.158: [GC (Allocation Failure)  849674K->533834K(1033728K), 0.0053335 secs]
137.163: Total time for which application threads were stopped: 0.0055027 seconds, Stopping threads took: 0.0000189 seconds
137.232: [GC (Allocation Failure)  853322K->538284K(1034240K), 0.0048047 secs]
137.237: Total time for which application threads were stopped: 0.0049934 seconds, Stopping threads took: 0.0000194 seconds
137.306: [GC (Allocation Failure)  858796K->538188K(1034240K), 0.0053238 secs]
137.311: Total time for which application threads were stopped: 0.0054880 seconds, Stopping threads took: 0.0000174 seconds
137.378: [GC (Allocation Failure)  858700K->538956K(1034240K), 0.0048279 secs]
137.383: Total time for which application threads were stopped: 0.0049982 seconds, Stopping threads took: 0.0000199 seconds
137.451: [GC (Allocation Failure)  859468K->546286K(1034240K), 0.0047199 secs]
137.456: Total time for which application threads were stopped: 0.0049029 seconds, Stopping threads took: 0.0000201 seconds
137.524: [GC (Allocation Failure)  866798K->546254K(1034240K), 0.0046216 secs]
137.528: Total time for which application threads were stopped: 0.0048255 seconds, Stopping threads took: 0.0000198 seconds
137.597: [GC (Allocation Failure)  866766K->547238K(1034240K), 0.0047396 secs]
137.601: Total time for which application threads were stopped: 0.0049011 seconds, Stopping threads took: 0.0000205 seconds
137.670: [GC (Allocation Failure)  867750K->554312K(1034240K), 0.0045882 secs]
137.675: Total time for which application threads were stopped: 0.0047370 seconds, Stopping threads took: 0.0000203 seconds
137.744: [GC (Allocation Failure)  874824K->554280K(1034240K), 0.0049365 secs]
137.749: Total time for which application threads were stopped: 0.0050968 seconds, Stopping threads took: 0.0000185 seconds
137.818: [GC (Allocation Failure)  874792K->555464K(1034240K), 0.0048954 secs]
137.823: Total time for which application threads were stopped: 0.0050549 seconds, Stopping threads took: 0.0000200 seconds
137.892: [GC (Allocation Failure)  875976K->562347K(1034240K), 0.0050042 secs]
137.897: Total time for which application threads were stopped: 0.0051719 seconds, Stopping threads took: 0.0000193 seconds
137.964: [GC (Allocation Failure)  882859K->562315K(1034240K), 0.0046402 secs]
137.969: Total time for which application threads were stopped: 0.0048147 seconds, Stopping threads took: 0.0000191 seconds
138.037: [GC (Allocation Failure)  882827K->562667K(1020416K), 0.0048068 secs]
138.042: Total time for which application threads were stopped: 0.0049754 seconds, Stopping threads took: 0.0000191 seconds
138.111: [GC (Allocation Failure)  883179K->570413K(1033728K), 0.0047883 secs]
138.116: Total time for which application threads were stopped: 0.0049481 seconds, Stopping threads took: 0.0000255 seconds
138.183: [GC (Allocation Failure)  889901K->570349K(1033728K), 0.0046271 secs]
138.188: Total time for which application threads were stopped: 0.0047913 seconds, Stopping threads took: 0.0000205 seconds
138.254: [GC (Allocation Failure)  889837K->570885K(1033728K), 0.0049382 secs]
138.259: Total time for which application threads were stopped: 0.0051056 seconds, Stopping threads took: 0.0000199 seconds
138.326: [GC (Allocation Failure)  890373K->578439K(1033728K), 0.0048954 secs]
138.331: Total time for which application threads were stopped: 0.0050598 seconds, Stopping threads took: 0.0000200 seconds
138.398: [GC (Allocation Failure)  897927K->578375K(1033728K), 0.0046143 secs]
138.403: Total time for which application threads were stopped: 0.0047733 seconds, Stopping threads took: 0.0000175 seconds
138.469: [GC (Allocation Failure)  897863K->579111K(1033728K), 0.0048173 secs]
138.474: Total time for which application threads were stopped: 0.0049787 seconds, Stopping threads took: 0.0000203 seconds
138.543: [GC (Allocation Failure)  898599K->586410K(1033728K), 0.0046557 secs]
138.548: Total time for which application threads were stopped: 0.0048179 seconds, Stopping threads took: 0.0000205 seconds
138.615: [GC (Allocation Failure)  905898K->586410K(1033728K), 0.0046509 secs]
138.620: Total time for which application threads were stopped: 0.0048194 seconds, Stopping threads took: 0.0000195 seconds
138.686: [GC (Allocation Failure)  905898K->588426K(1033728K), 0.0051393 secs]
138.691: Total time for which application threads were stopped: 0.0053415 seconds, Stopping threads took: 0.0000201 seconds
138.758: [GC (Allocation Failure)  907914K->594444K(1033728K), 0.0055958 secs]
138.764: Total time for which application threads were stopped: 0.0057364 seconds, Stopping threads took: 0.0000162 seconds
138.831: [GC (Allocation Failure)  913932K->594412K(1033728K), 0.0047434 secs]
138.836: Total time for which application threads were stopped: 0.0049094 seconds, Stopping threads took: 0.0000196 seconds
138.902: [GC (Allocation Failure)  913900K->595588K(1033728K), 0.0049786 secs]
138.907: Total time for which application threads were stopped: 0.0051368 seconds, Stopping threads took: 0.0000193 seconds
138.974: [GC (Allocation Failure)  915076K->602470K(1033728K), 0.0048964 secs]
138.979: Total time for which application threads were stopped: 0.0050980 seconds, Stopping threads took: 0.0000203 seconds
139.048: [GC (Allocation Failure)  921958K->602502K(1033728K), 0.0047615 secs]
139.053: Total time for which application threads were stopped: 0.0049533 seconds, Stopping threads took: 0.0000196 seconds
139.121: [GC (Allocation Failure)  921990K->602830K(1033728K), 0.0048724 secs]
139.126: Total time for which application threads were stopped: 0.0050387 seconds, Stopping threads took: 0.0000262 seconds
139.194: [GC (Allocation Failure)  922318K->610512K(1033728K), 0.0046972 secs]
139.199: Total time for which application threads were stopped: 0.0048593 seconds, Stopping threads took: 0.0000202 seconds
139.266: [GC (Allocation Failure)  930000K->610480K(1033728K), 0.0048726 secs]
139.271: Total time for which application threads were stopped: 0.0050541 seconds, Stopping threads took: 0.0000206 seconds
139.337: [GC (Allocation Failure)  929968K->611048K(1033728K), 0.0047538 secs]
139.342: Total time for which application threads were stopped: 0.0049214 seconds, Stopping threads took: 0.0000210 seconds
139.409: [GC (Allocation Failure)  930536K->618539K(1033728K), 0.0051173 secs]
139.415: Total time for which application threads were stopped: 0.0052978 seconds, Stopping threads took: 0.0000203 seconds
139.482: [GC (Allocation Failure)  938027K->618539K(1033728K), 0.0049851 secs]
139.487: Total time for which application threads were stopped: 0.0051607 seconds, Stopping threads took: 0.0000217 seconds
139.553: [GC (Allocation Failure)  938027K->619275K(1033728K), 0.0050964 secs]
139.558: Total time for which application threads were stopped: 0.0052713 seconds, Stopping threads took: 0.0000194 seconds
139.628: [GC (Allocation Failure)  938763K->626573K(1033728K), 0.0048844 secs]
139.633: Total time for which application threads were stopped: 0.0050807 seconds, Stopping threads took: 0.0000258 seconds
139.702: [GC (Allocation Failure)  946061K->626605K(1033728K), 0.0049045 secs]
139.707: Total time for which application threads were stopped: 0.0050778 seconds, Stopping threads took: 0.0000197 seconds
139.773: [GC (Allocation Failure)  946093K->627493K(1033728K), 0.0085263 secs]
139.782: Total time for which application threads were stopped: 0.0086691 seconds, Stopping threads took: 0.0000257 seconds
139.849: [GC (Allocation Failure)  946981K->634599K(1033728K), 0.0048424 secs]
139.854: Total time for which application threads were stopped: 0.0050109 seconds, Stopping threads took: 0.0000202 seconds
139.921: [GC (Allocation Failure)  954087K->634631K(1033728K), 0.0049539 secs]
139.926: Total time for which application threads were stopped: 0.0051124 seconds, Stopping threads took: 0.0000190 seconds
139.992: [GC (Allocation Failure)  954119K->634727K(1033728K), 0.0050378 secs]
139.997: Total time for which application threads were stopped: 0.0052071 seconds, Stopping threads took: 0.0000214 seconds
140.065: [GC (Allocation Failure)  954215K->642601K(1027072K), 0.0048202 secs]
140.070: Total time for which application threads were stopped: 0.0050168 seconds, Stopping threads took: 0.0000210 seconds
140.140: [GC (Allocation Failure)  962089K->642633K(1033728K), 0.0049128 secs]
140.145: Total time for which application threads were stopped: 0.0050804 seconds, Stopping threads took: 0.0000173 seconds
140.210: [GC (Allocation Failure)  961609K->643465K(1033216K), 0.0050041 secs]
140.215: Total time for which application threads were stopped: 0.0052080 seconds, Stopping threads took: 0.0000202 seconds
140.282: [GC (Allocation Failure)  962441K->650700K(1032704K), 0.0050643 secs]
140.288: Total time for which application threads were stopped: 0.0052565 seconds, Stopping threads took: 0.0000199 seconds
140.354: [GC (Allocation Failure)  969164K->650668K(1033216K), 0.0050560 secs]
140.360: Total time for which application threads were stopped: 0.0052252 seconds, Stopping threads took: 0.0000191 seconds
140.426: [GC (Allocation Failure)  969132K->651180K(1032704K), 0.0050479 secs]
140.431: Total time for which application threads were stopped: 0.0051993 seconds, Stopping threads took: 0.0000170 seconds
140.499: [GC (Allocation Failure)  969644K->658734K(1033216K), 0.0049287 secs]
140.504: Total time for which application threads were stopped: 0.0050935 seconds, Stopping threads took: 0.0000202 seconds
140.569: [GC (Allocation Failure)  977198K->658702K(1033216K), 0.0058722 secs]
140.575: Total time for which application threads were stopped: 0.0060424 seconds, Stopping threads took: 0.0000198 seconds
140.640: [GC (Allocation Failure)  977166K->658926K(1033216K), 0.0051253 secs]
140.645: Total time for which application threads were stopped: 0.0052985 seconds, Stopping threads took: 0.0000206 seconds
140.713: [GC (Allocation Failure)  977390K->666768K(1033216K), 0.0048659 secs]
140.718: Total time for which application threads were stopped: 0.0050308 seconds, Stopping threads took: 0.0000196 seconds
140.785: [GC (Allocation Failure)  985232K->666768K(1033216K), 0.0049453 secs]
140.790: Total time for which application threads were stopped: 0.0051079 seconds, Stopping threads took: 0.0000199 seconds
140.855: [GC (Allocation Failure)  985232K->666888K(1033216K), 0.0050250 secs]
140.860: Total time for which application threads were stopped: 0.0052030 seconds, Stopping threads took: 0.0000200 seconds
140.928: [GC (Allocation Failure)  985352K->674762K(1033216K), 0.0050307 secs]
140.933: Total time for which application threads were stopped: 0.0051986 seconds, Stopping threads took: 0.0000207 seconds
141.000: [GC (Allocation Failure)  993226K->674730K(1033216K), 0.0047179 secs]
141.005: Total time for which application threads were stopped: 0.0048879 seconds, Stopping threads took: 0.0000202 seconds
141.069: [GC (Allocation Failure)  993194K->674826K(1033216K), 0.0049148 secs]
141.074: Total time for which application threads were stopped: 0.0051100 seconds, Stopping threads took: 0.0000208 seconds
141.142: [GC (Allocation Failure)  993290K->682829K(1033216K), 0.0047883 secs]
141.147: Total time for which application threads were stopped: 0.0050216 seconds, Stopping threads took: 0.0000500 seconds
141.213: [GC (Allocation Failure)  1001293K->682829K(1033216K), 0.0050372 secs]
141.218: Total time for which application threads were stopped: 0.0052004 seconds, Stopping threads took: 0.0000201 seconds
141.284: [GC (Allocation Failure)  1001293K->683117K(1033216K), 0.0048254 secs]
141.289: [Full GC (Ergonomics)  683117K->8763K(1033216K), 0.0132173 secs]
141.303: Total time for which application threads were stopped: 0.0183216 seconds, Stopping threads took: 0.0000194 seconds
141.370: [GC (Allocation Failure)  327227K->17629K(1027072K), 0.0037813 secs]
141.374: Total time for which application threads were stopped: 0.0039534 seconds, Stopping threads took: 0.0000275 seconds
141.440: [GC (Allocation Failure)  336093K->17645K(1032704K), 0.0035605 secs]
141.443: Total time for which application threads were stopped: 0.0037289 seconds, Stopping threads took: 0.0000192 seconds
141.509: [GC (Allocation Failure)  335085K->17869K(1032704K), 0.0039179 secs]
141.513: Total time for which application threads were stopped: 0.0040896 seconds, Stopping threads took: 0.0000193 seconds
141.580: [GC (Allocation Failure)  335309K->25648K(1032704K), 0.0035976 secs]
141.584: Total time for which application threads were stopped: 0.0037959 seconds, Stopping threads took: 0.0000305 seconds
141.652: [GC (Allocation Failure)  343088K->19725K(1032704K), 0.0012398 secs]
141.654: Total time for which application threads were stopped: 0.0014029 seconds, Stopping threads took: 0.0000218 seconds
141.724: [GC (Allocation Failure)  337165K->25808K(1033728K), 0.0035836 secs]
141.727: Total time for which application threads were stopped: 0.0037568 seconds, Stopping threads took: 0.0000194 seconds
141.796: [GC (Allocation Failure)  344784K->29776K(1033216K), 0.0039634 secs]
141.800: Total time for which application threads were stopped: 0.0041478 seconds, Stopping threads took: 0.0000177 seconds
141.867: [GC (Allocation Failure)  348752K->32269K(1031680K), 0.0046158 secs]
141.872: Total time for which application threads were stopped: 0.0047645 seconds, Stopping threads took: 0.0000171 seconds
141.939: [GC (Allocation Failure)  349709K->29872K(1032704K), 0.0034844 secs]
141.942: Total time for which application threads were stopped: 0.0036572 seconds, Stopping threads took: 0.0000201 seconds
142.012: [GC (Allocation Failure)  347312K->29776K(1033216K), 0.0037482 secs]
142.016: Total time for which application threads were stopped: 0.0039169 seconds, Stopping threads took: 0.0000200 seconds
142.081: [GC (Allocation Failure)  348240K->22189K(1033216K), 0.0006500 secs]
142.081: Total time for which application threads were stopped: 0.0007730 seconds, Stopping threads took: 0.0000252 seconds
142.147: [GC (Allocation Failure)  340653K->29808K(1033216K), 0.0039560 secs]
142.151: Total time for which application threads were stopped: 0.0041299 seconds, Stopping threads took: 0.0000199 seconds
142.219: [GC (Allocation Failure)  348272K->29776K(1033216K), 0.0036236 secs]
142.222: Total time for which application threads were stopped: 0.0037964 seconds, Stopping threads took: 0.0000268 seconds
142.288: [GC (Allocation Failure)  348240K->30472K(1033216K), 0.0038636 secs]
142.292: Total time for which application threads were stopped: 0.0040333 seconds, Stopping threads took: 0.0000203 seconds
142.359: [GC (Allocation Failure)  348936K->37834K(1033216K), 0.0039086 secs]
142.363: Total time for which application threads were stopped: 0.0040680 seconds, Stopping threads took: 0.0000203 seconds
142.430: [GC (Allocation Failure)  356298K->37834K(1033728K), 0.0036928 secs]
142.434: Total time for which application threads were stopped: 0.0038613 seconds, Stopping threads took: 0.0000198 seconds
142.500: [GC (Allocation Failure)  356810K->39210K(1033216K), 0.0038098 secs]
142.504: Total time for which application threads were stopped: 0.0039790 seconds, Stopping threads took: 0.0000196 seconds
142.571: [GC (Allocation Failure)  358186K->45900K(1033728K), 0.0038398 secs]
142.575: Total time for which application threads were stopped: 0.0039988 seconds, Stopping threads took: 0.0000194 seconds
142.641: [GC (Allocation Failure)  365388K->45836K(1033728K), 0.0038673 secs]
142.645: Total time for which application threads were stopped: 0.0040440 seconds, Stopping threads took: 0.0000281 seconds
142.711: [GC (Allocation Failure)  365324K->45892K(1033728K), 0.0039392 secs]
142.715: Total time for which application threads were stopped: 0.0041087 seconds, Stopping threads took: 0.0000190 seconds
142.782: [GC (Allocation Failure)  365380K->53991K(1027584K), 0.0036458 secs]
142.786: Total time for which application threads were stopped: 0.0038163 seconds, Stopping threads took: 0.0000197 seconds
142.853: [GC (Allocation Failure)  373479K->53863K(1033728K), 0.0035644 secs]
142.856: Total time for which application threads were stopped: 0.0037381 seconds, Stopping threads took: 0.0000338 seconds
142.920: [GC (Allocation Failure)  372839K->56711K(1033216K), 0.0044384 secs]
142.925: Total time for which application threads were stopped: 0.0046119 seconds, Stopping threads took: 0.0000201 seconds
142.992: [GC (Allocation Failure)  375687K->61961K(1033728K), 0.0037672 secs]
142.996: Total time for which application threads were stopped: 0.0039510 seconds, Stopping threads took: 0.0000206 seconds
143.062: [GC (Allocation Failure)  381449K->61929K(1033728K), 0.0037177 secs]
143.066: Total time for which application threads were stopped: 0.0038926 seconds, Stopping threads took: 0.0000336 seconds
143.134: [GC (Allocation Failure)  381417K->63433K(1033728K), 0.0038878 secs]
143.138: Total time for which application threads were stopped: 0.0040671 seconds, Stopping threads took: 0.0000280 seconds
143.205: [GC (Allocation Failure)  382921K->69931K(1033728K), 0.0036010 secs]
143.208: Total time for which application threads were stopped: 0.0037904 seconds, Stopping threads took: 0.0000216 seconds
143.277: [GC (Allocation Failure)  389419K->69931K(1034240K), 0.0037445 secs]
143.281: Total time for which application threads were stopped: 0.0038948 seconds, Stopping threads took: 0.0000165 seconds
143.347: [GC (Allocation Failure)  389931K->71147K(1033728K), 0.0037737 secs]
143.351: Total time for which application threads were stopped: 0.0039449 seconds, Stopping threads took: 0.0000196 seconds
143.419: [GC (Allocation Failure)  391147K->77965K(1033728K), 0.0036780 secs]
143.423: Total time for which application threads were stopped: 0.0038598 seconds, Stopping threads took: 0.0000197 seconds
143.490: [GC (Allocation Failure)  397453K->77933K(1033728K), 0.0038141 secs]
143.494: Total time for which application threads were stopped: 0.0039837 seconds, Stopping threads took: 0.0000201 seconds
143.561: [GC (Allocation Failure)  397421K->78853K(1033216K), 0.0064817 secs]
143.567: Total time for which application threads were stopped: 0.0066572 seconds, Stopping threads took: 0.0000215 seconds
143.636: [GC (Allocation Failure)  398341K->86024K(1033728K), 0.0038530 secs]
143.640: Total time for which application threads were stopped: 0.0040217 seconds, Stopping threads took: 0.0000274 seconds
143.707: [GC (Allocation Failure)  405512K->85960K(1033728K), 0.0037911 secs]
143.711: Total time for which application threads were stopped: 0.0039614 seconds, Stopping threads took: 0.0000207 seconds
143.777: [GC (Allocation Failure)  405448K->86056K(1033728K), 0.0037534 secs]
143.781: Total time for which application threads were stopped: 0.0038921 seconds, Stopping threads took: 0.0000157 seconds
143.846: [GC (Allocation Failure)  405544K->94058K(1033728K), 0.0039206 secs]
143.850: Total time for which application threads were stopped: 0.0040992 seconds, Stopping threads took: 0.0000197 seconds
143.919: [GC (Allocation Failure)  413546K->94026K(1033728K), 0.0039610 secs]
143.923: Total time for which application threads were stopped: 0.0041314 seconds, Stopping threads took: 0.0000206 seconds
143.988: [GC (Allocation Failure)  413514K->94282K(1033728K), 0.0040027 secs]
143.992: Total time for which application threads were stopped: 0.0041684 seconds, Stopping threads took: 0.0000211 seconds
144.058: [GC (Allocation Failure)  413770K->102092K(1033728K), 0.0039250 secs]
144.062: Total time for which application threads were stopped: 0.0041010 seconds, Stopping threads took: 0.0000199 seconds
144.131: [GC (Allocation Failure)  421580K->102060K(1033728K), 0.0035663 secs]
144.134: Total time for which application threads were stopped: 0.0037304 seconds, Stopping threads took: 0.0000277 seconds
144.200: [GC (Allocation Failure)  421548K->102508K(1033728K), 0.0040281 secs]
144.204: Total time for which application threads were stopped: 0.0042007 seconds, Stopping threads took: 0.0000252 seconds
144.271: [GC (Allocation Failure)  421996K->110094K(1033728K), 0.0038878 secs]
144.275: Total time for which application threads were stopped: 0.0040677 seconds, Stopping threads took: 0.0000284 seconds
144.343: [GC (Allocation Failure)  429582K->110094K(1033728K), 0.0038792 secs]
144.347: Total time for which application threads were stopped: 0.0040484 seconds, Stopping threads took: 0.0000203 seconds
144.412: [GC (Allocation Failure)  429582K->111750K(1033728K), 0.0057456 secs]
144.418: Total time for which application threads were stopped: 0.0059093 seconds, Stopping threads took: 0.0000199 seconds
144.486: [GC (Allocation Failure)  431238K->118153K(1033728K), 0.0039721 secs]
144.490: Total time for which application threads were stopped: 0.0041909 seconds, Stopping threads took: 0.0000382 seconds
144.558: [GC (Allocation Failure)  437641K->118121K(1033728K), 0.0038385 secs]
144.562: Total time for which application threads were stopped: 0.0040168 seconds, Stopping threads took: 0.0000201 seconds
144.628: [GC (Allocation Failure)  437609K->118985K(1033728K), 0.0038228 secs]
144.632: Total time for which application threads were stopped: 0.0039918 seconds, Stopping threads took: 0.0000262 seconds
144.699: [GC (Allocation Failure)  438473K->126187K(1033728K), 0.0039369 secs]
144.703: Total time for which application threads were stopped: 0.0041014 seconds, Stopping threads took: 0.0000247 seconds
144.771: [GC (Allocation Failure)  445675K->126155K(1033728K), 0.0068289 secs]
144.778: Total time for which application threads were stopped: 0.0070096 seconds, Stopping threads took: 0.0000252 seconds
144.844: [GC (Allocation Failure)  445643K->127203K(1033728K), 0.0040865 secs]
144.848: Total time for which application threads were stopped: 0.0042415 seconds, Stopping threads took: 0.0000193 seconds
144.915: [GC (Allocation Failure)  446691K->134213K(1033728K), 0.0039782 secs]
144.919: Total time for which application threads were stopped: 0.0041361 seconds, Stopping threads took: 0.0000169 seconds
144.988: [GC (Allocation Failure)  453701K->134181K(1033728K), 0.0040485 secs]
144.992: Total time for which application threads were stopped: 0.0042104 seconds, Stopping threads took: 0.0000204 seconds
145.057: [GC (Allocation Failure)  453669K->134437K(1033728K), 0.0039402 secs]
145.061: Total time for which application threads were stopped: 0.0041078 seconds, Stopping threads took: 0.0000197 seconds
145.131: [GC (Allocation Failure)  453925K->142247K(1033728K), 0.0038221 secs]
145.135: Total time for which application threads were stopped: 0.0039925 seconds, Stopping threads took: 0.0000277 seconds
145.203: [GC (Allocation Failure)  461735K->142183K(1033728K), 0.0040276 secs]
145.207: Total time for which application threads were stopped: 0.0042080 seconds, Stopping threads took: 0.0000275 seconds
145.273: [GC (Allocation Failure)  461671K->142663K(1033728K), 0.0038124 secs]
145.277: Total time for which application threads were stopped: 0.0039648 seconds, Stopping threads took: 0.0000167 seconds
145.344: [GC (Allocation Failure)  462151K->150250K(1027072K), 0.0041832 secs]
145.348: Total time for which application threads were stopped: 0.0043468 seconds, Stopping threads took: 0.0000204 seconds
145.417: [GC (Allocation Failure)  469738K->150250K(1033728K), 0.0041377 secs]
145.422: Total time for which application threads were stopped: 0.0043060 seconds, Stopping threads took: 0.0000198 seconds
145.488: [GC (Allocation Failure)  469226K->150378K(1033216K), 0.0038553 secs]
145.492: Total time for which application threads were stopped: 0.0040240 seconds, Stopping threads took: 0.0000208 seconds
145.558: [GC (Allocation Failure)  469354K->158316K(1033216K), 0.0039291 secs]
145.562: Total time for which application threads were stopped: 0.0040997 seconds, Stopping threads took: 0.0000200 seconds
145.629: [GC (Allocation Failure)  476780K->158316K(1033216K), 0.0039752 secs]
145.633: Total time for which application threads were stopped: 0.0041478 seconds, Stopping threads took: 0.0000262 seconds
145.697: [GC (Allocation Failure)  476780K->159076K(1033216K), 0.0061263 secs]
145.703: Total time for which application threads were stopped: 0.0063166 seconds, Stopping threads took: 0.0000203 seconds
145.773: [GC (Allocation Failure)  477540K->166310K(1033216K), 0.0056309 secs]
145.778: Total time for which application threads were stopped: 0.0057929 seconds, Stopping threads took: 0.0000260 seconds
145.844: [GC (Allocation Failure)  484774K->166310K(1033216K), 0.0041363 secs]
145.848: Total time for which application threads were stopped: 0.0043135 seconds, Stopping threads took: 0.0000200 seconds
145.915: [GC (Allocation Failure)  484774K->166374K(1033216K), 0.0038874 secs]
145.919: Total time for which application threads were stopped: 0.0040725 seconds, Stopping threads took: 0.0000245 seconds
145.986: [GC (Allocation Failure)  484838K->174345K(1033216K), 0.0038401 secs]
145.990: Total time for which application threads were stopped: 0.0040348 seconds, Stopping threads took: 0.0000205 seconds
146.057: [GC (Allocation Failure)  492809K->174377K(1033216K), 0.0042741 secs]
146.061: Total time for which application threads were stopped: 0.0045830 seconds, Stopping threads took: 0.0000193 seconds
146.126: [GC (Allocation Failure)  492841K->174569K(1033216K), 0.0039422 secs]
146.130: Total time for which application threads were stopped: 0.0041197 seconds, Stopping threads took: 0.0000277 seconds
146.197: [GC (Allocation Failure)  493033K->182379K(1033216K), 0.0041022 secs]
146.201: Total time for which application threads were stopped: 0.0042584 seconds, Stopping threads took: 0.0000186 seconds
146.267: [GC (Allocation Failure)  500843K->182379K(1033216K), 0.0039593 secs]
146.271: Total time for which application threads were stopped: 0.0041233 seconds, Stopping threads took: 0.0000188 seconds
146.335: [GC (Allocation Failure)  500843K->182787K(1033216K), 0.0063698 secs]
146.341: Total time for which application threads were stopped: 0.0065311 seconds, Stopping threads took: 0.0000196 seconds
146.408: [GC (Allocation Failure)  501251K->190437K(1033216K), 0.0041275 secs]
146.412: Total time for which application threads were stopped: 0.0043277 seconds, Stopping threads took: 0.0000198 seconds
146.481: [GC (Allocation Failure)  508901K->190373K(1033216K), 0.0037849 secs]
146.485: Total time for which application threads were stopped: 0.0039416 seconds, Stopping threads took: 0.0000185 seconds
146.550: [GC (Allocation Failure)  508837K->190493K(1033216K), 0.0042425 secs]
146.554: Total time for which application threads were stopped: 0.0044100 seconds, Stopping threads took: 0.0000200 seconds
146.621: [GC (Allocation Failure)  508957K->198463K(1033216K), 0.0038873 secs]
146.625: Total time for which application threads were stopped: 0.0040628 seconds, Stopping threads took: 0.0000314 seconds
146.691: [GC (Allocation Failure)  516927K->198399K(1033216K), 0.0041297 secs]
146.695: Total time for which application threads were stopped: 0.0042934 seconds, Stopping threads took: 0.0000199 seconds
146.762: [GC (Allocation Failure)  516863K->198455K(1033216K), 0.0068270 secs]
146.769: Total time for which application threads were stopped: 0.0070337 seconds, Stopping threads took: 0.0000184 seconds
146.836: [GC (Allocation Failure)  516919K->206458K(1033216K), 0.0040534 secs]
146.840: Total time for which application threads were stopped: 0.0042480 seconds, Stopping threads took: 0.0000196 seconds
146.907: [GC (Allocation Failure)  524906K->202551K(1033216K), 0.0027832 secs]
146.910: Total time for which application threads were stopped: 0.0029765 seconds, Stopping threads took: 0.0000189 seconds
146.979: [GC (Allocation Failure)  521015K->206618K(1034752K), 0.0039515 secs]
146.983: Total time for which application threads were stopped: 0.0041153 seconds, Stopping threads took: 0.0000167 seconds
147.052: [GC (Allocation Failure)  527130K->210618K(1033728K), 0.0039685 secs]
147.056: Total time for which application threads were stopped: 0.0041626 seconds, Stopping threads took: 0.0000195 seconds
147.124: [GC (Allocation Failure)  531130K->202743K(1034240K), 0.0009023 secs]
147.125: Total time for which application threads were stopped: 0.0010308 seconds, Stopping threads took: 0.0000278 seconds
147.197: [GC (Allocation Failure)  523255K->210650K(1034240K), 0.0041034 secs]
147.201: Total time for which application threads were stopped: 0.0042690 seconds, Stopping threads took: 0.0000187 seconds
147.267: [GC (Allocation Failure)  531162K->214730K(1033216K), 0.0052651 secs]
147.273: Total time for which application threads were stopped: 0.0054411 seconds, Stopping threads took: 0.0000269 seconds
147.339: [GC (Allocation Failure)  534218K->220423K(1032704K), 0.0079648 secs]
147.347: Total time for which application threads were stopped: 0.0081319 seconds, Stopping threads took: 0.0000190 seconds
147.413: [GC (Allocation Failure)  539911K->214986K(1031680K), 0.0041428 secs]
147.417: Total time for which application threads were stopped: 0.0043338 seconds, Stopping threads took: 0.0000192 seconds
147.484: [GC (Allocation Failure)  531402K->214730K(1032192K), 0.0039026 secs]
147.488: Total time for which application threads were stopped: 0.0040525 seconds, Stopping threads took: 0.0000172 seconds
147.552: [GC (Allocation Failure)  531146K->209383K(1032704K), 0.0019825 secs]
147.554: Total time for which application threads were stopped: 0.0021298 seconds, Stopping threads took: 0.0000190 seconds
147.621: [GC (Allocation Failure)  526823K->214922K(1032704K), 0.0042227 secs]
147.626: Total time for which application threads were stopped: 0.0044042 seconds, Stopping threads took: 0.0000276 seconds
147.693: [GC (Allocation Failure)  532362K->214698K(1033216K), 0.0042990 secs]
147.697: Total time for which application threads were stopped: 0.0044794 seconds, Stopping threads took: 0.0000202 seconds
147.766: [GC (Allocation Failure)  532650K->215050K(1032704K), 0.0070884 secs]
147.773: Total time for which application threads were stopped: 0.0072817 seconds, Stopping threads took: 0.0000194 seconds
147.840: [GC (Allocation Failure)  533002K->222796K(1033216K), 0.0039881 secs]
147.845: Total time for which application threads were stopped: 0.0041590 seconds, Stopping threads took: 0.0000193 seconds
147.911: [GC (Allocation Failure)  541260K->222764K(1033216K), 0.0040956 secs]
147.915: Total time for which application threads were stopped: 0.0042696 seconds, Stopping threads took: 0.0000203 seconds
147.981: [GC (Allocation Failure)  541228K->226924K(1033728K), 0.0052256 secs]
147.987: Total time for which application threads were stopped: 0.0054001 seconds, Stopping threads took: 0.0000202 seconds
148.054: [GC (Allocation Failure)  545900K->230862K(1033216K), 0.0040292 secs]
148.058: Total time for which application threads were stopped: 0.0042255 seconds, Stopping threads took: 0.0000204 seconds
148.127: [GC (Allocation Failure)  549838K->230830K(1034240K), 0.0040002 secs]
148.131: Total time for which application threads were stopped: 0.0041903 seconds, Stopping threads took: 0.0000249 seconds
148.199: [GC (Allocation Failure)  550830K->233582K(1033728K), 0.0046508 secs]
148.204: Total time for which application threads were stopped: 0.0048113 seconds, Stopping threads took: 0.0000195 seconds
148.272: [GC (Allocation Failure)  553582K->238864K(1034240K), 0.0039767 secs]
148.276: Total time for which application threads were stopped: 0.0041475 seconds, Stopping threads took: 0.0000271 seconds
148.343: [GC (Allocation Failure)  559376K->238832K(1034240K), 0.0038666 secs]
148.347: Total time for which application threads were stopped: 0.0040354 seconds, Stopping threads took: 0.0000202 seconds
148.414: [GC (Allocation Failure)  559344K->239272K(1034240K), 0.0042788 secs]
148.418: Total time for which application threads were stopped: 0.0044563 seconds, Stopping threads took: 0.0000200 seconds
148.486: [GC (Allocation Failure)  559784K->246891K(1034240K), 0.0040547 secs]
148.490: Total time for which application threads were stopped: 0.0042363 seconds, Stopping threads took: 0.0000201 seconds
148.557: [GC (Allocation Failure)  567403K->246859K(1034240K), 0.0040816 secs]
148.562: Total time for which application threads were stopped: 0.0042646 seconds, Stopping threads took: 0.0000198 seconds
148.631: [GC (Allocation Failure)  567371K->249547K(1034240K), 0.0044278 secs]
148.636: Total time for which application threads were stopped: 0.0046070 seconds, Stopping threads took: 0.0000259 seconds
148.705: [GC (Allocation Failure)  570059K->254925K(1034240K), 0.0041103 secs]
148.710: Total time for which application threads were stopped: 0.0042679 seconds, Stopping threads took: 0.0000168 seconds
148.779: [GC (Allocation Failure)  575437K->254893K(1034240K), 0.0040684 secs]
148.783: Total time for which application threads were stopped: 0.0042333 seconds, Stopping threads took: 0.0000169 seconds
148.850: [GC (Allocation Failure)  575405K->255725K(1033728K), 0.0042658 secs]
148.854: Total time for which application threads were stopped: 0.0044427 seconds, Stopping threads took: 0.0000199 seconds
148.923: [GC (Allocation Failure)  576237K->263055K(1034240K), 0.0040367 secs]
148.927: Total time for which application threads were stopped: 0.0042190 seconds, Stopping threads took: 0.0000195 seconds
148.995: [GC (Allocation Failure)  583567K->262959K(1034240K), 0.0043102 secs]
149.000: Total time for which application threads were stopped: 0.0044954 seconds, Stopping threads took: 0.0000167 seconds
149.068: [GC (Allocation Failure)  583471K->265991K(1034240K), 0.0046233 secs]
149.072: Total time for which application threads were stopped: 0.0047938 seconds, Stopping threads took: 0.0000196 seconds
149.141: [GC (Allocation Failure)  586503K->271017K(1034752K), 0.0040663 secs]
149.145: Total time for which application threads were stopped: 0.0042605 seconds, Stopping threads took: 0.0000290 seconds
149.213: [GC (Allocation Failure)  592553K->270953K(1034752K), 0.0040699 secs]
149.217: Total time for which application threads were stopped: 0.0042433 seconds, Stopping threads took: 0.0000202 seconds
149.283: [GC (Allocation Failure)  592489K->274249K(1034752K), 0.0048970 secs]
149.288: Total time for which application threads were stopped: 0.0050612 seconds, Stopping threads took: 0.0000200 seconds
149.356: [GC (Allocation Failure)  595785K->279020K(1034752K), 0.0059191 secs]
149.362: Total time for which application threads were stopped: 0.0060834 seconds, Stopping threads took: 0.0000202 seconds
149.429: [GC (Allocation Failure)  600556K->278988K(1034752K), 0.0044061 secs]
149.433: Total time for which application threads were stopped: 0.0045649 seconds, Stopping threads took: 0.0000194 seconds
149.498: [GC (Allocation Failure)  600524K->279396K(1034752K), 0.0042667 secs]
149.502: Total time for which application threads were stopped: 0.0044584 seconds, Stopping threads took: 0.0000194 seconds
149.572: [GC (Allocation Failure)  600932K->287046K(1034752K), 0.0042353 secs]
149.576: Total time for which application threads were stopped: 0.0043892 seconds, Stopping threads took: 0.0000171 seconds
149.643: [GC (Allocation Failure)  608582K->287014K(1034752K), 0.0043816 secs]
149.648: Total time for which application threads were stopped: 0.0045671 seconds, Stopping threads took: 0.0000206 seconds
149.714: [GC (Allocation Failure)  608550K->288686K(1034752K), 0.0044338 secs]
149.719: Total time for which application threads were stopped: 0.0046147 seconds, Stopping threads took: 0.0000170 seconds
149.790: [GC (Allocation Failure)  610222K->295088K(1029120K), 0.0043078 secs]
149.794: Total time for which application threads were stopped: 0.0044972 seconds, Stopping threads took: 0.0000203 seconds
149.862: [GC (Allocation Failure)  616624K->295088K(1034240K), 0.0043499 secs]
149.866: Total time for which application threads were stopped: 0.0045140 seconds, Stopping threads took: 0.0000190 seconds
149.932: [GC (Allocation Failure)  615600K->296904K(1034240K), 0.0045264 secs]
149.937: Total time for which application threads were stopped: 0.0046870 seconds, Stopping threads took: 0.0000201 seconds
150.004: [GC (Allocation Failure)  617416K->303179K(1033728K), 0.0043422 secs]
150.009: Total time for which application threads were stopped: 0.0045091 seconds, Stopping threads took: 0.0000191 seconds
150.076: [GC (Allocation Failure)  623691K->303083K(1034240K), 0.0043480 secs]
150.080: Total time for which application threads were stopped: 0.0045143 seconds, Stopping threads took: 0.0000192 seconds
150.147: [GC (Allocation Failure)  623595K->307179K(1034752K), 0.0050974 secs]
150.152: Total time for which application threads were stopped: 0.0052681 seconds, Stopping threads took: 0.0000266 seconds
150.219: [GC (Allocation Failure)  628203K->311149K(1034240K), 0.0043205 secs]
150.224: Total time for which application threads were stopped: 0.0045013 seconds, Stopping threads took: 0.0000200 seconds
150.290: [GC (Allocation Failure)  632173K->311117K(1034752K), 0.0040936 secs]
150.295: Total time for which application threads were stopped: 0.0042699 seconds, Stopping threads took: 0.0000204 seconds
150.364: [GC (Allocation Failure)  632653K->311333K(1034752K), 0.0043866 secs]
150.368: Total time for which application threads were stopped: 0.0045552 seconds, Stopping threads took: 0.0000172 seconds
150.437: [GC (Allocation Failure)  632869K->319111K(1034752K), 0.0043043 secs]
150.441: Total time for which application threads were stopped: 0.0044673 seconds, Stopping threads took: 0.0000201 seconds
150.509: [GC (Allocation Failure)  640647K->319143K(1034752K), 0.0043332 secs]
150.513: Total time for which application threads were stopped: 0.0045147 seconds, Stopping threads took: 0.0000260 seconds
150.579: [GC (Allocation Failure)  640679K->320583K(1033728K), 0.0044150 secs]
150.583: Total time for which application threads were stopped: 0.0045798 seconds, Stopping threads took: 0.0000206 seconds
150.652: [GC (Allocation Failure)  641095K->327209K(1034240K), 0.0043623 secs]
150.656: Total time for which application threads were stopped: 0.0045508 seconds, Stopping threads took: 0.0000287 seconds
150.724: [GC (Allocation Failure)  647721K->327177K(1034240K), 0.0041763 secs]
150.728: Total time for which application threads were stopped: 0.0043467 seconds, Stopping threads took: 0.0000200 seconds
150.796: [GC (Allocation Failure)  647689K->330857K(1034240K), 0.0049375 secs]
150.801: Total time for which application threads were stopped: 0.0051321 seconds, Stopping threads took: 0.0000196 seconds
150.871: [GC (Allocation Failure)  651369K->335244K(1034752K), 0.0042254 secs]
150.875: Total time for which application threads were stopped: 0.0043886 seconds, Stopping threads took: 0.0000202 seconds
150.942: [GC (Allocation Failure)  656780K->335212K(1034752K), 0.0045114 secs]
150.947: Total time for which application threads were stopped: 0.0046795 seconds, Stopping threads took: 0.0000196 seconds
151.012: [GC (Allocation Failure)  656748K->339084K(1035264K), 0.0052584 secs]
151.017: Total time for which application threads were stopped: 0.0054314 seconds, Stopping threads took: 0.0000269 seconds
151.084: [GC (Allocation Failure)  661132K->343310K(1034752K), 0.0046010 secs]
151.089: Total time for which application threads were stopped: 0.0047689 seconds, Stopping threads took: 0.0000205 seconds
151.156: [GC (Allocation Failure)  665358K->343246K(1035264K), 0.0044213 secs]
151.161: Total time for which application threads were stopped: 0.0045934 seconds, Stopping threads took: 0.0000202 seconds
151.229: [GC (Allocation Failure)  665806K->346278K(1035264K), 0.0048157 secs]
151.234: Total time for which application threads were stopped: 0.0049791 seconds, Stopping threads took: 0.0000195 seconds
151.301: [GC (Allocation Failure)  668838K->351272K(1035264K), 0.0042045 secs]
151.305: Total time for which application threads were stopped: 0.0043771 seconds, Stopping threads took: 0.0000207 seconds
151.373: [GC (Allocation Failure)  673832K->351272K(1035264K), 0.0042868 secs]
151.377: Total time for which application threads were stopped: 0.0044642 seconds, Stopping threads took: 0.0000207 seconds
151.445: [GC (Allocation Failure)  673832K->354536K(1035264K), 0.0048189 secs]
151.450: Total time for which application threads were stopped: 0.0049715 seconds, Stopping threads took: 0.0000167 seconds
151.518: [GC (Allocation Failure)  677096K->359306K(1035264K), 0.0041908 secs]
151.523: Total time for which application threads were stopped: 0.0043836 seconds, Stopping threads took: 0.0000205 seconds
151.593: [GC (Allocation Failure)  681866K->359338K(1035264K), 0.0041335 secs]
151.597: Total time for which application threads were stopped: 0.0042929 seconds, Stopping threads took: 0.0000187 seconds
151.664: [GC (Allocation Failure)  681898K->362762K(1035264K), 0.0050970 secs]
151.669: Total time for which application threads were stopped: 0.0052627 seconds, Stopping threads took: 0.0000202 seconds
151.737: [GC (Allocation Failure)  685322K->367405K(1035264K), 0.0045932 secs]
151.742: Total time for which application threads were stopped: 0.0047652 seconds, Stopping threads took: 0.0000204 seconds
151.811: [GC (Allocation Failure)  689965K->367341K(1035264K), 0.0046593 secs]
151.816: Total time for which application threads were stopped: 0.0048293 seconds, Stopping threads took: 0.0000197 seconds
151.883: [GC (Allocation Failure)  689901K->370981K(1035776K), 0.0053569 secs]
151.888: Total time for which application threads were stopped: 0.0055257 seconds, Stopping threads took: 0.0000201 seconds
151.957: [GC (Allocation Failure)  694053K->375495K(1035264K), 0.0042931 secs]
151.961: Total time for which application threads were stopped: 0.0044673 seconds, Stopping threads took: 0.0000206 seconds
152.030: [GC (Allocation Failure)  698567K->375399K(1035776K), 0.0045772 secs]
152.035: Total time for which application threads were stopped: 0.0047369 seconds, Stopping threads took: 0.0000190 seconds
152.102: [GC (Allocation Failure)  698983K->377191K(1025024K), 0.0045182 secs]
152.107: Total time for which application threads were stopped: 0.0046849 seconds, Stopping threads took: 0.0000254 seconds
152.176: [GC (Allocation Failure)  700775K->383465K(1035264K), 0.0043927 secs]
152.180: Total time for which application threads were stopped: 0.0045511 seconds, Stopping threads took: 0.0000196 seconds
152.247: [GC (Allocation Failure)  706025K->383433K(1035264K), 0.0045816 secs]
152.252: Total time for which application threads were stopped: 0.0047597 seconds, Stopping threads took: 0.0000196 seconds
152.320: [GC (Allocation Failure)  705993K->386473K(1035264K), 0.0050479 secs]
152.325: Total time for which application threads were stopped: 0.0052086 seconds, Stopping threads took: 0.0000170 seconds
152.393: [GC (Allocation Failure)  709033K->391435K(1035264K), 0.0046826 secs]
152.398: Total time for which application threads were stopped: 0.0048572 seconds, Stopping threads took: 0.0000201 seconds
152.467: [GC (Allocation Failure)  713995K->391435K(1035264K), 0.0044234 secs]
152.471: Total time for which application threads were stopped: 0.0045856 seconds, Stopping threads took: 0.0000202 seconds
152.539: [GC (Allocation Failure)  713995K->386665K(1035264K), 0.0024530 secs]
152.541: Total time for which application threads were stopped: 0.0026150 seconds, Stopping threads took: 0.0000188 seconds
152.613: [GC (Allocation Failure)  709225K->391659K(1035264K), 0.0046358 secs]
152.618: Total time for which application threads were stopped: 0.0047960 seconds, Stopping threads took: 0.0000168 seconds
152.686: [GC (Allocation Failure)  714219K->391435K(1035264K), 0.0043031 secs]
152.690: Total time for which application threads were stopped: 0.0044743 seconds, Stopping threads took: 0.0000195 seconds
152.760: [GC (Allocation Failure)  713995K->390921K(1035776K), 0.0062090 secs]
152.766: Total time for which application threads were stopped: 0.0064051 seconds, Stopping threads took: 0.0000254 seconds
152.835: [GC (Allocation Failure)  713993K->391627K(1035264K), 0.0042659 secs]
152.839: Total time for which application threads were stopped: 0.0044283 seconds, Stopping threads took: 0.0000199 seconds
152.907: [GC (Allocation Failure)  714699K->391435K(1035776K), 0.0042629 secs]
152.911: Total time for which application threads were stopped: 0.0044345 seconds, Stopping threads took: 0.0000207 seconds
152.979: [GC (Allocation Failure)  715019K->397257K(1035776K), 0.0069682 secs]
152.986: Total time for which application threads were stopped: 0.0071646 seconds, Stopping threads took: 0.0000273 seconds
153.055: [GC (Allocation Failure)  720841K->392651K(1032704K), 0.0044645 secs]
153.060: Total time for which application threads were stopped: 0.0046463 seconds, Stopping threads took: 0.0000213 seconds
153.127: [GC (Allocation Failure)  713163K->392523K(1034240K), 0.0043122 secs]
153.132: Total time for which application threads were stopped: 0.0044920 seconds, Stopping threads took: 0.0000287 seconds
153.198: [GC (Allocation Failure)  713035K->399561K(1030656K), 0.0073687 secs]
153.206: Total time for which application threads were stopped: 0.0075370 seconds, Stopping threads took: 0.0000197 seconds
153.272: [GC (Allocation Failure)  717001K->393867K(1032704K), 0.0046070 secs]
153.277: Total time for which application threads were stopped: 0.0047771 seconds, Stopping threads took: 0.0000195 seconds
153.344: [GC (Allocation Failure)  711307K->393771K(1033728K), 0.0056979 secs]
153.350: Total time for which application threads were stopped: 0.0058680 seconds, Stopping threads took: 0.0000193 seconds
153.418: [GC (Allocation Failure)  712747K->391369K(1033216K), 0.0035813 secs]
153.421: Total time for which application threads were stopped: 0.0037544 seconds, Stopping threads took: 0.0000192 seconds
153.488: [GC (Allocation Failure)  710345K->393803K(1034752K), 0.0043574 secs]
153.493: Total time for which application threads were stopped: 0.0045283 seconds, Stopping threads took: 0.0000195 seconds
153.562: [GC (Allocation Failure)  714827K->393835K(1034240K), 0.0043924 secs]
153.566: Total time for which application threads were stopped: 0.0045504 seconds, Stopping threads took: 0.0000193 seconds
153.633: [GC (Allocation Failure)  714859K->389001K(1034240K), 0.0025731 secs]
153.636: Total time for which application threads were stopped: 0.0027366 seconds, Stopping threads took: 0.0000192 seconds
153.705: [GC (Allocation Failure)  710537K->393995K(1034752K), 0.0042148 secs]
153.710: Total time for which application threads were stopped: 0.0044043 seconds, Stopping threads took: 0.0000198 seconds
153.778: [GC (Allocation Failure)  715531K->393803K(1035776K), 0.0045728 secs]
153.782: Total time for which application threads were stopped: 0.0047365 seconds, Stopping threads took: 0.0000168 seconds
153.848: [GC (Allocation Failure)  716875K->391753K(1035264K), 0.0036515 secs]
153.852: Total time for which application threads were stopped: 0.0038019 seconds, Stopping threads took: 0.0000167 seconds
153.918: [GC (Allocation Failure)  714825K->393963K(1036288K), 0.0043945 secs]
153.922: Total time for which application threads were stopped: 0.0045898 seconds, Stopping threads took: 0.0000402 seconds
153.991: [GC (Allocation Failure)  718059K->393803K(1035776K), 0.0044516 secs]
153.995: Total time for which application threads were stopped: 0.0046445 seconds, Stopping threads took: 0.0000209 seconds
154.065: [GC (Allocation Failure)  717899K->399593K(1033216K), 0.0069275 secs]
154.072: Total time for which application threads were stopped: 0.0070987 seconds, Stopping threads took: 0.0000167 seconds
154.140: [GC (Allocation Failure)  721129K->395499K(1034752K), 0.0045626 secs]
154.145: Total time for which application threads were stopped: 0.0047323 seconds, Stopping threads took: 0.0000278 seconds
154.212: [GC (Allocation Failure)  717035K->395371K(1035264K), 0.0045354 secs]
154.217: Total time for which application threads were stopped: 0.0047080 seconds, Stopping threads took: 0.0000256 seconds
154.286: [GC (Allocation Failure)  717931K->403433K(1035264K), 0.0081697 secs]
154.294: Total time for which application threads were stopped: 0.0083542 seconds, Stopping threads took: 0.0000197 seconds
154.362: [GC (Allocation Failure)  725993K->398251K(1032192K), 0.0046034 secs]
154.367: Total time for which application threads were stopped: 0.0047767 seconds, Stopping threads took: 0.0000196 seconds
154.435: [GC (Allocation Failure)  717739K->398187K(1033728K), 0.0043217 secs]
154.439: Total time for which application threads were stopped: 0.0044956 seconds, Stopping threads took: 0.0000201 seconds
154.504: [GC (Allocation Failure)  717675K->404457K(1031680K), 0.0070781 secs]
154.511: Total time for which application threads were stopped: 0.0072527 seconds, Stopping threads took: 0.0000201 seconds
154.577: [GC (Allocation Failure)  721897K->398443K(1032704K), 0.0046590 secs]
154.582: Total time for which application threads were stopped: 0.0048265 seconds, Stopping threads took: 0.0000197 seconds
154.648: [GC (Allocation Failure)  715883K->398219K(1033216K), 0.0042434 secs]
154.652: Total time for which application threads were stopped: 0.0044251 seconds, Stopping threads took: 0.0000293 seconds
154.718: [GC (Allocation Failure)  716171K->393897K(1032704K), 0.0028650 secs]
154.721: Total time for which application threads were stopped: 0.0030342 seconds, Stopping threads took: 0.0000196 seconds
154.788: [GC (Allocation Failure)  711849K->398411K(1033728K), 0.0046914 secs]
154.792: Total time for which application threads were stopped: 0.0048626 seconds, Stopping threads took: 0.0000195 seconds
154.858: [GC (Allocation Failure)  717387K->398219K(1033216K), 0.0051639 secs]
154.863: Total time for which application threads were stopped: 0.0053257 seconds, Stopping threads took: 0.0000202 seconds
154.929: [GC (Allocation Failure)  717195K->398539K(1032192K), 0.0044140 secs]
154.934: Total time for which application threads were stopped: 0.0046091 seconds, Stopping threads took: 0.0000191 seconds
155.003: [GC (Allocation Failure)  717003K->406254K(1033216K), 0.0046287 secs]
155.008: Total time for which application threads were stopped: 0.0047877 seconds, Stopping threads took: 0.0000172 seconds
155.075: [GC (Allocation Failure)  724718K->406222K(1034240K), 0.0045005 secs]
155.080: Total time for which application threads were stopped: 0.0046815 seconds, Stopping threads took: 0.0000191 seconds
155.147: [GC (Allocation Failure)  726222K->408294K(1033728K), 0.0046873 secs]
155.152: Total time for which application threads were stopped: 0.0048710 seconds, Stopping threads took: 0.0000256 seconds
155.220: [GC (Allocation Failure)  728294K->414312K(1034240K), 0.0044807 secs]
155.224: Total time for which application threads were stopped: 0.0046493 seconds, Stopping threads took: 0.0000193 seconds
155.292: [GC (Allocation Failure)  734824K->414248K(1034240K), 0.0043763 secs]
155.296: Total time for which application threads were stopped: 0.0045391 seconds, Stopping threads took: 0.0000197 seconds
155.363: [GC (Allocation Failure)  734760K->418080K(1034752K), 0.0069832 secs]
155.370: Total time for which application threads were stopped: 0.0071542 seconds, Stopping threads took: 0.0000199 seconds
155.437: [GC (Allocation Failure)  739616K->422306K(1034752K), 0.0060871 secs]
155.443: Total time for which application threads were stopped: 0.0062634 seconds, Stopping threads took: 0.0000196 seconds
155.510: [GC (Allocation Failure)  743842K->422274K(1035264K), 0.0044780 secs]
155.515: Total time for which application threads were stopped: 0.0046367 seconds, Stopping threads took: 0.0000195 seconds
155.582: [GC (Allocation Failure)  744834K->424234K(1035264K), 0.0047526 secs]
155.587: Total time for which application threads were stopped: 0.0049193 seconds, Stopping threads took: 0.0000192 seconds
155.656: [GC (Allocation Failure)  746794K->430348K(1035264K), 0.0043808 secs]
155.660: Total time for which application threads were stopped: 0.0045440 seconds, Stopping threads took: 0.0000195 seconds
155.729: [GC (Allocation Failure)  752908K->430348K(1035264K), 0.0051375 secs]
155.734: Total time for which application threads were stopped: 0.0053245 seconds, Stopping threads took: 0.0000255 seconds
155.801: [GC (Allocation Failure)  752908K->432492K(1035264K), 0.0059615 secs]
155.807: Total time for which application threads were stopped: 0.0061438 seconds, Stopping threads took: 0.0000193 seconds
155.875: [GC (Allocation Failure)  755052K->438415K(1035264K), 0.0046057 secs]
155.879: Total time for which application threads were stopped: 0.0047794 seconds, Stopping threads took: 0.0000228 seconds
155.947: [GC (Allocation Failure)  760975K->438383K(1035264K), 0.0045989 secs]
155.952: Total time for which application threads were stopped: 0.0047627 seconds, Stopping threads took: 0.0000202 seconds
156.019: [GC (Allocation Failure)  760943K->440743K(1035264K), 0.0047672 secs]
156.024: Total time for which application threads were stopped: 0.0049631 seconds, Stopping threads took: 0.0000198 seconds
156.094: [GC (Allocation Failure)  763303K->446505K(1035264K), 0.0045193 secs]
156.099: Total time for which application threads were stopped: 0.0046825 seconds, Stopping threads took: 0.0000189 seconds
156.168: [GC (Allocation Failure)  769065K->446409K(1035264K), 0.0042065 secs]
156.172: Total time for which application threads were stopped: 0.0044062 seconds, Stopping threads took: 0.0000258 seconds
156.238: [GC (Allocation Failure)  768969K->440935K(1035264K), 0.0024832 secs]
156.241: Total time for which application threads were stopped: 0.0026422 seconds, Stopping threads took: 0.0000189 seconds
156.308: [GC (Allocation Failure)  763495K->446441K(1035264K), 0.0045908 secs]
156.313: Total time for which application threads were stopped: 0.0047576 seconds, Stopping threads took: 0.0000191 seconds
156.380: [GC (Allocation Failure)  769001K->446409K(1035264K), 0.0045389 secs]
156.385: Total time for which application threads were stopped: 0.0047270 seconds, Stopping threads took: 0.0000200 seconds
156.453: [GC (Allocation Failure)  768969K->445223K(1035264K), 0.0039859 secs]
156.457: Total time for which application threads were stopped: 0.0041424 seconds, Stopping threads took: 0.0000162 seconds
156.523: [GC (Allocation Failure)  767783K->446377K(1035776K), 0.0046380 secs]
156.528: Total time for which application threads were stopped: 0.0048219 seconds, Stopping threads took: 0.0000198 seconds
156.598: [GC (Allocation Failure)  769961K->446409K(1035776K), 0.0044176 secs]
156.602: Total time for which application threads were stopped: 0.0046048 seconds, Stopping threads took: 0.0000262 seconds
156.672: [GC (Allocation Failure)  769993K->451527K(1032704K), 0.0067626 secs]
156.679: Total time for which application threads were stopped: 0.0069378 seconds, Stopping threads took: 0.0000278 seconds
156.746: [GC (Allocation Failure)  772039K->447017K(1034240K), 0.0045396 secs]
156.750: Total time for which application threads were stopped: 0.0047084 seconds, Stopping threads took: 0.0000198 seconds
156.819: [GC (Allocation Failure)  767529K->446825K(1035264K), 0.0044326 secs]
156.823: Total time for which application threads were stopped: 0.0046004 seconds, Stopping threads took: 0.0000193 seconds
156.890: [GC (Allocation Failure)  768873K->451655K(1034752K), 0.0065617 secs]
156.897: Total time for which application threads were stopped: 0.0067405 seconds, Stopping threads took: 0.0000190 seconds
156.966: [GC (Allocation Failure)  773703K->446953K(1033728K), 0.0046899 secs]
156.971: Total time for which application threads were stopped: 0.0048516 seconds, Stopping threads took: 0.0000201 seconds
157.038: [GC (Allocation Failure)  767465K->446761K(1034240K), 0.0044101 secs]
157.043: Total time for which application threads were stopped: 0.0045769 seconds, Stopping threads took: 0.0000208 seconds
157.110: [GC (Allocation Failure)  767273K->451335K(1032704K), 0.0062453 secs]
157.117: Total time for which application threads were stopped: 0.0064056 seconds, Stopping threads took: 0.0000252 seconds
157.183: [GC (Allocation Failure)  770823K->446889K(1033728K), 0.0046322 secs]
157.188: Total time for which application threads were stopped: 0.0048138 seconds, Stopping threads took: 0.0000204 seconds
157.257: [GC (Allocation Failure)  766377K->446793K(1034752K), 0.0045433 secs]
157.262: Total time for which application threads were stopped: 0.0047160 seconds, Stopping threads took: 0.0000289 seconds
157.329: [GC (Allocation Failure)  767817K->447943K(1034240K), 0.0050477 secs]
157.334: Total time for which application threads were stopped: 0.0052232 seconds, Stopping threads took: 0.0000199 seconds
157.402: [GC (Allocation Failure)  768967K->446857K(1035264K), 0.0042222 secs]
157.406: Total time for which application threads were stopped: 0.0043957 seconds, Stopping threads took: 0.0000200 seconds
157.474: [GC (Allocation Failure)  768905K->446825K(1034752K), 0.0047100 secs]
157.478: Total time for which application threads were stopped: 0.0048722 seconds, Stopping threads took: 0.0000202 seconds
157.547: [GC (Allocation Failure)  768873K->449735K(1034752K), 0.0056590 secs]
157.553: Total time for which application threads were stopped: 0.0058260 seconds, Stopping threads took: 0.0000205 seconds
157.620: [GC (Allocation Failure)  772295K->446793K(1035264K), 0.0045649 secs]
157.625: Total time for which application threads were stopped: 0.0047357 seconds, Stopping threads took: 0.0000276 seconds
157.692: [GC (Allocation Failure)  769353K->446761K(1035776K), 0.0044260 secs]
157.697: Total time for which application threads were stopped: 0.0046050 seconds, Stopping threads took: 0.0000192 seconds
157.764: [GC (Allocation Failure)  770345K->454999K(1035776K), 0.0112589 secs]
157.776: Total time for which application threads were stopped: 0.0114218 seconds, Stopping threads took: 0.0000265 seconds
157.844: [GC (Allocation Failure)  778583K->450489K(1031680K), 0.0046379 secs]
157.849: Total time for which application threads were stopped: 0.0048098 seconds, Stopping threads took: 0.0000205 seconds
157.917: [GC (Allocation Failure)  769977K->450265K(1033728K), 0.0044729 secs]
157.921: Total time for which application threads were stopped: 0.0046517 seconds, Stopping threads took: 0.0000193 seconds
157.989: [GC (Allocation Failure)  769753K->457639K(1030144K), 0.0078240 secs]
157.997: Total time for which application threads were stopped: 0.0079959 seconds, Stopping threads took: 0.0000194 seconds
158.065: [GC (Allocation Failure)  774055K->451529K(1032192K), 0.0045608 secs]
158.069: Total time for which application threads were stopped: 0.0047425 seconds, Stopping threads took: 0.0000167 seconds
158.137: [GC (Allocation Failure)  767945K->451401K(1033216K), 0.0043987 secs]
158.142: Total time for which application threads were stopped: 0.0045694 seconds, Stopping threads took: 0.0000261 seconds
158.208: [GC (Allocation Failure)  769353K->446215K(1020416K), 0.0025136 secs]
158.211: Total time for which application threads were stopped: 0.0026998 seconds, Stopping threads took: 0.0000214 seconds
158.278: [GC (Allocation Failure)  764167K->451497K(1033216K), 0.0047025 secs]
158.283: Total time for which application threads were stopped: 0.0048685 seconds, Stopping threads took: 0.0000212 seconds
158.351: [GC (Allocation Failure)  768937K->451369K(1032192K), 0.0046736 secs]
158.356: Total time for which application threads were stopped: 0.0048663 seconds, Stopping threads took: 0.0000195 seconds
158.423: [GC (Allocation Failure)  768809K->451881K(1031680K), 0.0044015 secs]
158.428: Total time for which application threads were stopped: 0.0046974 seconds, Stopping threads took: 0.0000169 seconds
158.496: [GC (Allocation Failure)  769321K->459435K(1032704K), 0.0045883 secs]
158.500: Total time for which application threads were stopped: 0.0047539 seconds, Stopping threads took: 0.0000192 seconds
158.567: [GC (Allocation Failure)  776875K->459371K(1034240K), 0.0043486 secs]
158.572: Total time for which application threads were stopped: 0.0045104 seconds, Stopping threads took: 0.0000193 seconds
158.638: [GC (Allocation Failure)  779371K->459619K(1019904K), 0.0048004 secs]
158.643: Total time for which application threads were stopped: 0.0049728 seconds, Stopping threads took: 0.0000201 seconds
158.711: [GC (Allocation Failure)  779619K->467430K(1033728K), 0.0044525 secs]
158.715: Total time for which application threads were stopped: 0.0046248 seconds, Stopping threads took: 0.0000200 seconds
158.783: [GC (Allocation Failure)  786406K->467430K(1033216K), 0.0043769 secs]
158.787: Total time for which application threads were stopped: 0.0045333 seconds, Stopping threads took: 0.0000194 seconds
158.855: [GC (Allocation Failure)  786406K->470406K(1034240K), 0.0051594 secs]
158.860: Total time for which application threads were stopped: 0.0053090 seconds, Stopping threads took: 0.0000173 seconds
158.930: [GC (Allocation Failure)  790918K->475560K(1034240K), 0.0045822 secs]
158.934: Total time for which application threads were stopped: 0.0047784 seconds, Stopping threads took: 0.0000204 seconds
159.002: [GC (Allocation Failure)  796072K->475464K(1034752K), 0.0045682 secs]
159.007: Total time for which application threads were stopped: 0.0047320 seconds, Stopping threads took: 0.0000206 seconds
159.073: [GC (Allocation Failure)  796488K->477064K(1034240K), 0.0047647 secs]
159.078: Total time for which application threads were stopped: 0.0049270 seconds, Stopping threads took: 0.0000202 seconds
159.148: [GC (Allocation Failure)  798088K->483498K(1034752K), 0.0045748 secs]
159.152: Total time for which application threads were stopped: 0.0047621 seconds, Stopping threads took: 0.0000258 seconds
159.221: [GC (Allocation Failure)  804522K->483498K(1034240K), 0.0044942 secs]
159.226: Total time for which application threads were stopped: 0.0046504 seconds, Stopping threads took: 0.0000189 seconds
159.294: [GC (Allocation Failure)  804522K->484810K(1034752K), 0.0045992 secs]
159.299: Total time for which application threads were stopped: 0.0047687 seconds, Stopping threads took: 0.0000191 seconds
159.368: [GC (Allocation Failure)  806346K->491628K(1034752K), 0.0048320 secs]
159.373: Total time for which application threads were stopped: 0.0050089 seconds, Stopping threads took: 0.0000216 seconds
159.442: [GC (Allocation Failure)  813164K->491564K(1034752K), 0.0047771 secs]
159.446: Total time for which application threads were stopped: 0.0049473 seconds, Stopping threads took: 0.0000193 seconds
159.512: [GC (Allocation Failure)  813100K->494060K(1034752K), 0.0048806 secs]
159.517: Total time for which application threads were stopped: 0.0050481 seconds, Stopping threads took: 0.0000243 seconds
159.585: [GC (Allocation Failure)  815596K->499567K(1034752K), 0.0054341 secs]
159.591: Total time for which application threads were stopped: 0.0056168 seconds, Stopping threads took: 0.0000167 seconds
159.659: [GC (Allocation Failure)  821103K->499599K(1034752K), 0.0047072 secs]
159.664: Total time for which application threads were stopped: 0.0049058 seconds, Stopping threads took: 0.0000506 seconds
159.729: [GC (Allocation Failure)  821135K->503335K(1035264K), 0.0055432 secs]
159.735: Total time for which application threads were stopped: 0.0057111 seconds, Stopping threads took: 0.0000185 seconds
159.803: [GC (Allocation Failure)  825383K->507625K(1034752K), 0.0046601 secs]
159.807: Total time for which application threads were stopped: 0.0048490 seconds, Stopping threads took: 0.0000185 seconds
159.877: [GC (Allocation Failure)  829673K->507625K(1035264K), 0.0044359 secs]
159.881: Total time for which application threads were stopped: 0.0045950 seconds, Stopping threads took: 0.0000167 seconds
159.948: [GC (Allocation Failure)  830185K->510569K(1035264K), 0.0052299 secs]
159.953: Total time for which application threads were stopped: 0.0054027 seconds, Stopping threads took: 0.0000204 seconds
160.020: [GC (Allocation Failure)  833129K->515659K(1035264K), 0.0047102 secs]
160.025: Total time for which application threads were stopped: 0.0048816 seconds, Stopping threads took: 0.0000204 seconds
160.095: [GC (Allocation Failure)  838219K->515627K(1035264K), 0.0048117 secs]
160.100: Total time for which application threads were stopped: 0.0049790 seconds, Stopping threads took: 0.0000194 seconds
160.167: [GC (Allocation Failure)  838187K->518795K(1035264K), 0.0053004 secs]
160.172: Total time for which application threads were stopped: 0.0054704 seconds, Stopping threads took: 0.0000195 seconds
160.240: [GC (Allocation Failure)  841355K->523789K(1035264K), 0.0047408 secs]
160.245: Total time for which application threads were stopped: 0.0049218 seconds, Stopping threads took: 0.0000205 seconds
160.314: [GC (Allocation Failure)  846349K->523693K(1035264K), 0.0047091 secs]
160.319: Total time for which application threads were stopped: 0.0049037 seconds, Stopping threads took: 0.0000198 seconds
160.388: [GC (Allocation Failure)  846253K->527021K(1035264K), 0.0053172 secs]
160.393: Total time for which application threads were stopped: 0.0055010 seconds, Stopping threads took: 0.0000176 seconds
160.463: [GC (Allocation Failure)  849581K->531760K(1035264K), 0.0055920 secs]
160.469: Total time for which application threads were stopped: 0.0057588 seconds, Stopping threads took: 0.0000177 seconds
160.538: [GC (Allocation Failure)  854320K->531696K(1035264K), 0.0046726 secs]
160.543: Total time for which application threads were stopped: 0.0048396 seconds, Stopping threads took: 0.0000194 seconds
160.610: [GC (Allocation Failure)  854256K->535240K(1035776K), 0.0052558 secs]
160.615: Total time for which application threads were stopped: 0.0054140 seconds, Stopping threads took: 0.0000253 seconds
160.685: [GC (Allocation Failure)  858312K->539722K(1035264K), 0.0048856 secs]
160.690: Total time for which application threads were stopped: 0.0050566 seconds, Stopping threads took: 0.0000197 seconds
160.757: [GC (Allocation Failure)  862794K->539722K(1035776K), 0.0056461 secs]
160.763: Total time for which application threads were stopped: 0.0058571 seconds, Stopping threads took: 0.0000255 seconds
160.832: [GC (Allocation Failure)  863306K->533416K(1025024K), 0.0021401 secs]
160.834: Total time for which application threads were stopped: 0.0022886 seconds, Stopping threads took: 0.0000202 seconds
160.902: [GC (Allocation Failure)  857000K->539978K(1035264K), 0.0046865 secs]
160.907: Total time for which application threads were stopped: 0.0048549 seconds, Stopping threads took: 0.0000196 seconds
160.975: [GC (Allocation Failure)  862538K->539754K(1035264K), 0.0045027 secs]
160.979: Total time for which application threads were stopped: 0.0046748 seconds, Stopping threads took: 0.0000204 seconds
161.047: [GC (Allocation Failure)  862314K->538728K(1035776K), 0.0042525 secs]
161.051: Total time for which application threads were stopped: 0.0044177 seconds, Stopping threads took: 0.0000192 seconds
161.119: [GC (Allocation Failure)  861800K->539882K(1035264K), 0.0047017 secs]
161.124: Total time for which application threads were stopped: 0.0048775 seconds, Stopping threads took: 0.0000274 seconds
161.192: [GC (Allocation Failure)  862954K->539690K(1035776K), 0.0048834 secs]
161.197: Total time for which application threads were stopped: 0.0050566 seconds, Stopping threads took: 0.0000250 seconds
161.264: [GC (Allocation Failure)  863274K->545016K(1035776K), 0.0070446 secs]
161.272: Total time for which application threads were stopped: 0.0072167 seconds, Stopping threads took: 0.0000203 seconds
161.340: [GC (Allocation Failure)  868600K->540410K(1032704K), 0.0061705 secs]
161.346: Total time for which application threads were stopped: 0.0063504 seconds, Stopping threads took: 0.0000203 seconds
161.415: [GC (Allocation Failure)  860922K->540282K(1034240K), 0.0046366 secs]
161.420: Total time for which application threads were stopped: 0.0048163 seconds, Stopping threads took: 0.0000205 seconds
161.488: [GC (Allocation Failure)  860794K->546792K(1030656K), 0.0076139 secs]
161.496: Total time for which application threads were stopped: 0.0077728 seconds, Stopping threads took: 0.0000191 seconds
161.563: [GC (Allocation Failure)  864232K->541130K(1032704K), 0.0046517 secs]
161.568: Total time for which application threads were stopped: 0.0048338 seconds, Stopping threads took: 0.0000177 seconds
161.637: [GC (Allocation Failure)  858570K->541066K(1034240K), 0.0047915 secs]
161.642: Total time for which application threads were stopped: 0.0049594 seconds, Stopping threads took: 0.0000254 seconds
161.707: [GC (Allocation Failure)  861066K->539080K(1033728K), 0.0039899 secs]
161.711: Total time for which application threads were stopped: 0.0041671 seconds, Stopping threads took: 0.0000218 seconds
161.778: [GC (Allocation Failure)  859080K->541002K(1034752K), 0.0045138 secs]
161.782: Total time for which application threads were stopped: 0.0046524 seconds, Stopping threads took: 0.0000157 seconds
161.851: [GC (Allocation Failure)  862026K->541098K(1034240K), 0.0046139 secs]
161.855: Total time for which application threads were stopped: 0.0047721 seconds, Stopping threads took: 0.0000178 seconds
161.923: [GC (Allocation Failure)  862122K->537736K(1035264K), 0.0035025 secs]
161.926: Total time for which application threads were stopped: 0.0036678 seconds, Stopping threads took: 0.0000184 seconds
161.994: [GC (Allocation Failure)  860296K->541226K(1035264K), 0.0046841 secs]
161.999: Total time for which application threads were stopped: 0.0048685 seconds, Stopping threads took: 0.0000199 seconds
162.066: [GC (Allocation Failure)  863786K->541066K(1036288K), 0.0047462 secs]
162.071: Total time for which application threads were stopped: 0.0049245 seconds, Stopping threads took: 0.0000278 seconds
162.140: [GC (Allocation Failure)  865162K->543592K(1034240K), 0.0056601 secs]
162.146: Total time for which application threads were stopped: 0.0058351 seconds, Stopping threads took: 0.0000275 seconds
162.215: [GC (Allocation Failure)  867688K->541194K(1035776K), 0.0048444 secs]
162.220: Total time for which application threads were stopped: 0.0050022 seconds, Stopping threads took: 0.0000187 seconds
162.287: [GC (Allocation Failure)  864266K->541066K(1035264K), 0.0046954 secs]
162.292: Total time for which application threads were stopped: 0.0048936 seconds, Stopping threads took: 0.0000198 seconds
162.359: [GC (Allocation Failure)  864138K->534024K(1035264K), 0.0021571 secs]
162.362: Total time for which application threads were stopped: 0.0023110 seconds, Stopping threads took: 0.0000193 seconds
162.431: [GC (Allocation Failure)  857608K->541122K(1035776K), 0.0048481 secs]
162.436: Total time for which application threads were stopped: 0.0050363 seconds, Stopping threads took: 0.0000170 seconds
162.506: [GC (Allocation Failure)  864706K->545178K(1036288K), 0.0057253 secs]
162.511: Total time for which application threads were stopped: 0.0059344 seconds, Stopping threads took: 0.0000196 seconds
162.579: [GC (Allocation Failure)  869274K->545178K(1035776K), 0.0047453 secs]
162.584: Total time for which application threads were stopped: 0.0049022 seconds, Stopping threads took: 0.0000192 seconds
162.651: [GC (Allocation Failure)  869274K->545242K(1035264K), 0.0046121 secs]
162.656: Total time for which application threads were stopped: 0.0047732 seconds, Stopping threads took: 0.0000196 seconds
162.723: [GC (Allocation Failure)  868826K->553212K(1035776K), 0.0046687 secs]
162.728: Total time for which application threads were stopped: 0.0048648 seconds, Stopping threads took: 0.0000208 seconds
162.797: [GC (Allocation Failure)  876796K->553212K(1035776K), 0.0048587 secs]
162.801: Total time for which application threads were stopped: 0.0050172 seconds, Stopping threads took: 0.0000187 seconds
162.869: [GC (Allocation Failure)  876796K->553284K(1023488K), 0.0047145 secs]
162.874: Total time for which application threads were stopped: 0.0048949 seconds, Stopping threads took: 0.0000199 seconds
162.942: [GC (Allocation Failure)  876868K->561254K(1035264K), 0.0046345 secs]
162.946: Total time for which application threads were stopped: 0.0047942 seconds, Stopping threads took: 0.0000198 seconds
163.013: [GC (Allocation Failure)  883814K->561254K(1035264K), 0.0057296 secs]
163.019: Total time for which application threads were stopped: 0.0058892 seconds, Stopping threads took: 0.0000197 seconds
163.086: [GC (Allocation Failure)  883814K->561510K(1034240K), 0.0048830 secs]
163.091: Total time for which application threads were stopped: 0.0050614 seconds, Stopping threads took: 0.0000195 seconds
163.158: [GC (Allocation Failure)  883046K->569289K(1034752K), 0.0053132 secs]
163.164: Total time for which application threads were stopped: 0.0054956 seconds, Stopping threads took: 0.0000201 seconds
163.231: [GC (Allocation Failure)  890825K->569321K(1034752K), 0.0047542 secs]
163.236: Total time for which application threads were stopped: 0.0049120 seconds, Stopping threads took: 0.0000187 seconds
163.301: [GC (Allocation Failure)  890857K->569705K(1034752K), 0.0048594 secs]
163.306: Total time for which application threads were stopped: 0.0050197 seconds, Stopping threads took: 0.0000192 seconds
163.374: [GC (Allocation Failure)  891241K->577323K(1034752K), 0.0047076 secs]
163.379: Total time for which application threads were stopped: 0.0048691 seconds, Stopping threads took: 0.0000199 seconds
163.445: [GC (Allocation Failure)  898859K->577355K(1034752K), 0.0048143 secs]
163.450: Total time for which application threads were stopped: 0.0050091 seconds, Stopping threads took: 0.0000203 seconds
163.516: [GC (Allocation Failure)  898891K->577451K(1033728K), 0.0108509 secs]
163.527: Total time for which application threads were stopped: 0.0110195 seconds, Stopping threads took: 0.0000166 seconds
163.596: [GC (Allocation Failure)  897963K->585389K(1034240K), 0.0047865 secs]
163.601: Total time for which application threads were stopped: 0.0049704 seconds, Stopping threads took: 0.0000202 seconds
163.670: [GC (Allocation Failure)  905901K->585357K(1034240K), 0.0045733 secs]
163.674: Total time for which application threads were stopped: 0.0047455 seconds, Stopping threads took: 0.0000269 seconds
163.742: [GC (Allocation Failure)  905869K->585421K(1034240K), 0.0048578 secs]
163.747: Total time for which application threads were stopped: 0.0050312 seconds, Stopping threads took: 0.0000205 seconds
163.816: [GC (Allocation Failure)  905933K->593424K(1033216K), 0.0048215 secs]
163.821: Total time for which application threads were stopped: 0.0050011 seconds, Stopping threads took: 0.0000194 seconds
163.889: [GC (Allocation Failure)  912912K->593392K(1033728K), 0.0047843 secs]
163.893: Total time for which application threads were stopped: 0.0049637 seconds, Stopping threads took: 0.0000196 seconds
163.961: [GC (Allocation Failure)  912880K->593448K(1033728K), 0.0046217 secs]
163.966: Total time for which application threads were stopped: 0.0048011 seconds, Stopping threads took: 0.0000196 seconds
164.033: [GC (Allocation Failure)  912936K->601418K(1033728K), 0.0048261 secs]
164.038: Total time for which application threads were stopped: 0.0049851 seconds, Stopping threads took: 0.0000195 seconds
164.105: [GC (Allocation Failure)  920906K->601418K(1033728K), 0.0046152 secs]
164.110: Total time for which application threads were stopped: 0.0047947 seconds, Stopping threads took: 0.0000198 seconds
164.177: [GC (Allocation Failure)  920906K->601642K(1033728K), 0.0048749 secs]
164.182: Total time for which application threads were stopped: 0.0050384 seconds, Stopping threads took: 0.0000246 seconds
164.249: [GC (Allocation Failure)  921130K->609484K(1033728K), 0.0047997 secs]
164.254: Total time for which application threads were stopped: 0.0049750 seconds, Stopping threads took: 0.0000198 seconds
164.322: [GC (Allocation Failure)  928972K->609452K(1033728K), 0.0048861 secs]
164.327: Total time for which application threads were stopped: 0.0050884 seconds, Stopping threads took: 0.0000277 seconds
164.394: [GC (Allocation Failure)  928940K->609612K(1033728K), 0.0048987 secs]
164.399: Total time for which application threads were stopped: 0.0050583 seconds, Stopping threads took: 0.0000169 seconds
164.466: [GC (Allocation Failure)  929100K->617518K(1027072K), 0.0048670 secs]
164.471: Total time for which application threads were stopped: 0.0050367 seconds, Stopping threads took: 0.0000266 seconds
164.538: [GC (Allocation Failure)  937006K->617518K(1033216K), 0.0047115 secs]
164.543: Total time for which application threads were stopped: 0.0048814 seconds, Stopping threads took: 0.0000202 seconds
164.609: [GC (Allocation Failure)  935982K->617606K(1033216K), 0.0047826 secs]
164.614: Total time for which application threads were stopped: 0.0049519 seconds, Stopping threads took: 0.0000269 seconds
164.680: [GC (Allocation Failure)  936070K->625513K(1033216K), 0.0049974 secs]
164.686: Total time for which application threads were stopped: 0.0051563 seconds, Stopping threads took: 0.0000198 seconds
164.754: [GC (Allocation Failure)  943977K->617574K(1033216K), 0.0029303 secs]
164.757: Total time for which application threads were stopped: 0.0030853 seconds, Stopping threads took: 0.0000247 seconds
164.827: [GC (Allocation Failure)  936038K->625737K(1033216K), 0.0049940 secs]
164.832: Total time for which application threads were stopped: 0.0051611 seconds, Stopping threads took: 0.0000205 seconds
164.899: [GC (Allocation Failure)  944201K->629665K(1033216K), 0.0063711 secs]
164.905: Total time for which application threads were stopped: 0.0065420 seconds, Stopping threads took: 0.0000202 seconds
164.971: [GC (Allocation Failure)  948129K->630142K(1033216K), 0.0052204 secs]
164.977: Total time for which application threads were stopped: 0.0053939 seconds, Stopping threads took: 0.0000204 seconds
165.044: [GC (Allocation Failure)  948606K->629825K(1033216K), 0.0047537 secs]
165.048: Total time for which application threads were stopped: 0.0049149 seconds, Stopping threads took: 0.0000202 seconds
165.117: [GC (Allocation Failure)  948289K->629665K(1033216K), 0.0047903 secs]
165.121: Total time for which application threads were stopped: 0.0049591 seconds, Stopping threads took: 0.0000264 seconds
165.187: [GC (Allocation Failure)  948129K->622206K(1033216K), 0.0019466 secs]
165.189: Total time for which application threads were stopped: 0.0020834 seconds, Stopping threads took: 0.0000192 seconds
165.256: [GC (Allocation Failure)  940670K->629761K(1033216K), 0.0047350 secs]
165.261: Total time for which application threads were stopped: 0.0050366 seconds, Stopping threads took: 0.0000201 seconds
165.328: [GC (Allocation Failure)  948225K->629665K(1033216K), 0.0047630 secs]
165.333: Total time for which application threads were stopped: 0.0049262 seconds, Stopping threads took: 0.0000191 seconds
165.398: [GC (Allocation Failure)  948129K->630409K(1033216K), 0.0048337 secs]
165.403: Total time for which application threads were stopped: 0.0049940 seconds, Stopping threads took: 0.0000188 seconds
165.470: [GC (Allocation Failure)  948873K->637707K(1033216K), 0.0057193 secs]
165.476: Total time for which application threads were stopped: 0.0058796 seconds, Stopping threads took: 0.0000195 seconds
165.543: [GC (Allocation Failure)  956171K->637739K(1033216K), 0.0048771 secs]
165.548: Total time for which application threads were stopped: 0.0050740 seconds, Stopping threads took: 0.0000202 seconds
165.614: [GC (Allocation Failure)  956203K->638635K(1033216K), 0.0047908 secs]
165.619: Total time for which application threads were stopped: 0.0049899 seconds, Stopping threads took: 0.0000250 seconds
165.688: [GC (Allocation Failure)  957099K->645741K(1033216K), 0.0050535 secs]
165.693: Total time for which application threads were stopped: 0.0052045 seconds, Stopping threads took: 0.0000173 seconds
165.759: [GC (Allocation Failure)  964205K->645773K(1033216K), 0.0051524 secs]
165.764: Total time for which application threads were stopped: 0.0053093 seconds, Stopping threads took: 0.0000264 seconds
165.832: [GC (Allocation Failure)  964237K->646925K(1033728K), 0.0050148 secs]
165.837: Total time for which application threads were stopped: 0.0051852 seconds, Stopping threads took: 0.0000189 seconds
165.906: [GC (Allocation Failure)  966413K->653807K(1033728K), 0.0050343 secs]
165.911: Total time for which application threads were stopped: 0.0052056 seconds, Stopping threads took: 0.0000202 seconds
165.978: [GC (Allocation Failure)  973295K->653807K(1033728K), 0.0048599 secs]
165.983: Total time for which application threads were stopped: 0.0050199 seconds, Stopping threads took: 0.0000203 seconds
166.047: [GC (Allocation Failure)  973295K->654119K(1033728K), 0.0048756 secs]
166.052: Total time for which application threads were stopped: 0.0050323 seconds, Stopping threads took: 0.0000192 seconds
166.120: [GC (Allocation Failure)  973607K->661898K(1032704K), 0.0047187 secs]
166.125: Total time for which application threads were stopped: 0.0048837 seconds, Stopping threads took: 0.0000270 seconds
166.192: [GC (Allocation Failure)  980362K->661802K(1033216K), 0.0050306 secs]
166.197: Total time for which application threads were stopped: 0.0051917 seconds, Stopping threads took: 0.0000193 seconds
166.261: [GC (Allocation Failure)  980266K->663370K(1033728K), 0.0051192 secs]
166.266: Total time for which application threads were stopped: 0.0052780 seconds, Stopping threads took: 0.0000195 seconds
166.333: [GC (Allocation Failure)  982858K->669868K(1033728K), 0.0059685 secs]
166.339: Total time for which application threads were stopped: 0.0061455 seconds, Stopping threads took: 0.0000195 seconds
166.404: [GC (Allocation Failure)  989356K->669836K(1033728K), 0.0065634 secs]
166.411: Total time for which application threads were stopped: 0.0067320 seconds, Stopping threads took: 0.0000197 seconds
166.478: [GC (Allocation Failure)  989324K->670564K(1033728K), 0.0052476 secs]
166.483: Total time for which application threads were stopped: 0.0054055 seconds, Stopping threads took: 0.0000187 seconds
166.550: [GC (Allocation Failure)  990052K->677926K(1033728K), 0.0049492 secs]
166.556: Total time for which application threads were stopped: 0.0051186 seconds, Stopping threads took: 0.0000197 seconds
166.624: [GC (Allocation Failure)  997414K->677862K(1033728K), 0.0049630 secs]
166.630: Total time for which application threads were stopped: 0.0051214 seconds, Stopping threads took: 0.0000257 seconds
166.697: [GC (Allocation Failure)  997350K->678022K(1033728K), 0.0050842 secs]
166.702: Total time for which application threads were stopped: 0.0052516 seconds, Stopping threads took: 0.0000200 seconds
166.769: [GC (Allocation Failure)  997510K->685928K(1027072K), 0.0060914 secs]
166.775: Total time for which application threads were stopped: 0.0062952 seconds, Stopping threads took: 0.0000179 seconds
166.841: [GC (Allocation Failure)  1005416K->685896K(1033728K), 0.0047924 secs]
166.846: Total time for which application threads were stopped: 0.0049930 seconds, Stopping threads took: 0.0000180 seconds
166.913: [GC (Allocation Failure)  1004872K->686504K(1033216K), 0.0050452 secs]
166.918: [Full GC (Ergonomics)  686504K->9089K(1033216K), 0.0130346 secs]
166.931: Total time for which application threads were stopped: 0.0183596 seconds, Stopping threads took: 0.0000203 seconds
166.998: [GC (Allocation Failure)  328065K->18628K(1031680K), 0.0037351 secs]
167.002: Total time for which application threads were stopped: 0.0038954 seconds, Stopping threads took: 0.0000192 seconds
167.069: [GC (Allocation Failure)  336068K->18620K(1032704K), 0.0041092 secs]
167.073: Total time for which application threads were stopped: 0.0042770 seconds, Stopping threads took: 0.0000200 seconds
167.140: [GC (Allocation Failure)  336060K->19972K(1033216K), 0.0038238 secs]
167.144: Total time for which application threads were stopped: 0.0039860 seconds, Stopping threads took: 0.0000199 seconds
167.211: [GC (Allocation Failure)  338436K->26726K(1033216K), 0.0039426 secs]
167.215: Total time for which application threads were stopped: 0.0041144 seconds, Stopping threads took: 0.0000285 seconds
167.280: [GC (Allocation Failure)  345190K->26694K(1033216K), 0.0039435 secs]
167.284: Total time for which application threads were stopped: 0.0041166 seconds, Stopping threads took: 0.0000211 seconds
167.348: [GC (Allocation Failure)  345158K->27206K(1033216K), 0.0055949 secs]
167.354: Total time for which application threads were stopped: 0.0057665 seconds, Stopping threads took: 0.0000199 seconds
167.421: [GC (Allocation Failure)  345670K->34696K(1033216K), 0.0064950 secs]
167.428: Total time for which application threads were stopped: 0.0066808 seconds, Stopping threads took: 0.0000266 seconds
167.497: [GC (Allocation Failure)  353160K->34696K(1033216K), 0.0038665 secs]
167.501: Total time for which application threads were stopped: 0.0040741 seconds, Stopping threads took: 0.0000244 seconds
167.567: [GC (Allocation Failure)  353160K->35432K(1033216K), 0.0037543 secs]
167.570: Total time for which application threads were stopped: 0.0039661 seconds, Stopping threads took: 0.0000308 seconds
167.639: [GC (Allocation Failure)  353896K->42762K(1033216K), 0.0036312 secs]
167.643: Total time for which application threads were stopped: 0.0037974 seconds, Stopping threads took: 0.0000169 seconds
167.709: [GC (Allocation Failure)  361226K->42762K(1033216K), 0.0039646 secs]
167.713: Total time for which application threads were stopped: 0.0041588 seconds, Stopping threads took: 0.0000192 seconds
167.782: [GC (Allocation Failure)  361226K->43650K(1033216K), 0.0039430 secs]
167.786: Total time for which application threads were stopped: 0.0041126 seconds, Stopping threads took: 0.0000192 seconds
167.853: [GC (Allocation Failure)  362114K->50821K(1033216K), 0.0037416 secs]
167.857: Total time for which application threads were stopped: 0.0039092 seconds, Stopping threads took: 0.0000194 seconds
167.922: [GC (Allocation Failure)  369285K->50789K(1033216K), 0.0036770 secs]
167.926: Total time for which application threads were stopped: 0.0038474 seconds, Stopping threads took: 0.0000193 seconds
167.992: [GC (Allocation Failure)  369253K->50861K(1033216K), 0.0038367 secs]
167.996: Total time for which application threads were stopped: 0.0040075 seconds, Stopping threads took: 0.0000197 seconds
168.064: [GC (Allocation Failure)  369325K->58863K(1033216K), 0.0038592 secs]
168.067: Total time for which application threads were stopped: 0.0040205 seconds, Stopping threads took: 0.0000200 seconds
168.133: [GC (Allocation Failure)  377327K->58863K(1033216K), 0.0036312 secs]
168.137: Total time for which application threads were stopped: 0.0037911 seconds, Stopping threads took: 0.0000187 seconds
168.202: [GC (Allocation Failure)  377327K->59119K(1033216K), 0.0037093 secs]
168.206: Total time for which application threads were stopped: 0.0038803 seconds, Stopping threads took: 0.0000285 seconds
168.273: [GC (Allocation Failure)  377583K->66897K(1033216K), 0.0038396 secs]
168.277: Total time for which application threads were stopped: 0.0040177 seconds, Stopping threads took: 0.0000199 seconds
168.344: [GC (Allocation Failure)  385361K->66865K(1033216K), 0.0038281 secs]
168.348: Total time for which application threads were stopped: 0.0039963 seconds, Stopping threads took: 0.0000201 seconds
168.413: [GC (Allocation Failure)  385329K->67369K(1033216K), 0.0038914 secs]
168.417: Total time for which application threads were stopped: 0.0040636 seconds, Stopping threads took: 0.0000198 seconds
168.482: [GC (Allocation Failure)  385833K->74891K(1033216K), 0.0038146 secs]
168.486: Total time for which application threads were stopped: 0.0039844 seconds, Stopping threads took: 0.0000194 seconds
168.552: [GC (Allocation Failure)  393355K->74923K(1033216K), 0.0036694 secs]
168.555: Total time for which application threads were stopped: 0.0038342 seconds, Stopping threads took: 0.0000206 seconds
168.622: [GC (Allocation Failure)  393387K->75083K(1033216K), 0.0037661 secs]
168.626: Total time for which application threads were stopped: 0.0039237 seconds, Stopping threads took: 0.0000247 seconds
168.693: [GC (Allocation Failure)  393547K->82926K(1033216K), 0.0040281 secs]
168.697: Total time for which application threads were stopped: 0.0041978 seconds, Stopping threads took: 0.0000193 seconds
168.763: [GC (Allocation Failure)  401390K->82926K(1033216K), 0.0046639 secs]
168.768: Total time for which application threads were stopped: 0.0048717 seconds, Stopping threads took: 0.0000195 seconds
168.834: [GC (Allocation Failure)  401390K->83054K(1033216K), 0.0036891 secs]
168.838: Total time for which application threads were stopped: 0.0038528 seconds, Stopping threads took: 0.0000207 seconds
168.907: [GC (Allocation Failure)  401518K->90992K(1033216K), 0.0039755 secs]
168.911: Total time for which application threads were stopped: 0.0041530 seconds, Stopping threads took: 0.0000219 seconds
168.978: [GC (Allocation Failure)  409456K->90960K(1033216K), 0.0039176 secs]
168.982: Total time for which application threads were stopped: 0.0040742 seconds, Stopping threads took: 0.0000195 seconds
169.047: [GC (Allocation Failure)  409424K->91016K(1033216K), 0.0038203 secs]
169.051: Total time for which application threads were stopped: 0.0039786 seconds, Stopping threads took: 0.0000194 seconds
169.117: [GC (Allocation Failure)  409480K->98986K(1033216K), 0.0037960 secs]
169.121: Total time for which application threads were stopped: 0.0039722 seconds, Stopping threads took: 0.0000266 seconds
169.187: [GC (Allocation Failure)  417450K->95080K(1033216K), 0.0066808 secs]
169.194: Total time for which application threads were stopped: 0.0068445 seconds, Stopping threads took: 0.0000194 seconds
169.262: [GC (Allocation Failure)  413544K->99146K(1034752K), 0.0038104 secs]
169.266: Total time for which application threads were stopped: 0.0039963 seconds, Stopping threads took: 0.0000198 seconds
169.333: [GC (Allocation Failure)  419658K->103146K(1033728K), 0.0039512 secs]
169.337: Total time for which application threads were stopped: 0.0041555 seconds, Stopping threads took: 0.0000224 seconds
169.407: [GC (Allocation Failure)  423658K->95336K(1034240K), 0.0008515 secs]
169.408: Total time for which application threads were stopped: 0.0009620 seconds, Stopping threads took: 0.0000168 seconds
169.476: [GC (Allocation Failure)  415848K->103146K(1034240K), 0.0039035 secs]
169.480: Total time for which application threads were stopped: 0.0040780 seconds, Stopping threads took: 0.0000198 seconds
169.547: [GC (Allocation Failure)  423658K->107258K(1033216K), 0.0052822 secs]
169.553: Total time for which application threads were stopped: 0.0054747 seconds, Stopping threads took: 0.0000192 seconds
169.621: [GC (Allocation Failure)  426746K->113016K(1032704K), 0.0061755 secs]
169.628: Total time for which application threads were stopped: 0.0063500 seconds, Stopping threads took: 0.0000249 seconds
169.695: [GC (Allocation Failure)  432504K->107482K(1031680K), 0.0040620 secs]
169.700: Total time for which application threads were stopped: 0.0042280 seconds, Stopping threads took: 0.0000255 seconds
169.768: [GC (Allocation Failure)  423898K->107258K(1032192K), 0.0047409 secs]
169.773: Total time for which application threads were stopped: 0.0049318 seconds, Stopping threads took: 0.0000174 seconds
169.839: [GC (Allocation Failure)  423674K->101912K(1032704K), 0.0016768 secs]
169.841: Total time for which application threads were stopped: 0.0018335 seconds, Stopping threads took: 0.0000194 seconds
169.908: [GC (Allocation Failure)  419352K->107450K(1032704K), 0.0041846 secs]
169.912: Total time for which application threads were stopped: 0.0043572 seconds, Stopping threads took: 0.0000200 seconds
169.980: [GC (Allocation Failure)  424890K->107226K(1033216K), 0.0039711 secs]
169.984: Total time for which application threads were stopped: 0.0041531 seconds, Stopping threads took: 0.0000204 seconds
170.050: [GC (Allocation Failure)  425178K->107610K(1032704K), 0.0038098 secs]
170.054: Total time for which application threads were stopped: 0.0039911 seconds, Stopping threads took: 0.0000210 seconds
170.122: [GC (Allocation Failure)  425562K->115420K(1033216K), 0.0039596 secs]
170.126: Total time for which application threads were stopped: 0.0041298 seconds, Stopping threads took: 0.0000262 seconds
170.193: [GC (Allocation Failure)  433884K->115292K(1033216K), 0.0037725 secs]
170.197: Total time for which application threads were stopped: 0.0039660 seconds, Stopping threads took: 0.0000193 seconds
170.264: [GC (Allocation Failure)  433756K->119428K(1033728K), 0.0048392 secs]
170.269: Total time for which application threads were stopped: 0.0050103 seconds, Stopping threads took: 0.0000192 seconds
170.336: [GC (Allocation Failure)  438404K->123399K(1033216K), 0.0040279 secs]
170.340: Total time for which application threads were stopped: 0.0042092 seconds, Stopping threads took: 0.0000202 seconds
170.407: [GC (Allocation Failure)  442375K->123335K(1034240K), 0.0038371 secs]
170.411: Total time for which application threads were stopped: 0.0040021 seconds, Stopping threads took: 0.0000244 seconds
170.478: [GC (Allocation Failure)  443335K->126111K(1033728K), 0.0052629 secs]
170.483: Total time for which application threads were stopped: 0.0054345 seconds, Stopping threads took: 0.0000204 seconds
170.552: [GC (Allocation Failure)  446111K->131361K(1034240K), 0.0039280 secs]
170.556: Total time for which application threads were stopped: 0.0041028 seconds, Stopping threads took: 0.0000206 seconds
170.625: [GC (Allocation Failure)  451873K->131393K(1034240K), 0.0037730 secs]
170.629: Total time for which application threads were stopped: 0.0039478 seconds, Stopping threads took: 0.0000266 seconds
170.695: [GC (Allocation Failure)  451905K->131785K(1034240K), 0.0039901 secs]
170.700: Total time for which application threads were stopped: 0.0041521 seconds, Stopping threads took: 0.0000192 seconds
170.768: [GC (Allocation Failure)  452297K->139403K(1034240K), 0.0048739 secs]
170.773: Total time for which application threads were stopped: 0.0050735 seconds, Stopping threads took: 0.0000171 seconds
170.841: [GC (Allocation Failure)  459915K->139403K(1034240K), 0.0040054 secs]
170.845: Total time for which application threads were stopped: 0.0041559 seconds, Stopping threads took: 0.0000169 seconds
170.914: [GC (Allocation Failure)  459915K->142083K(1034240K), 0.0044210 secs]
170.918: Total time for which application threads were stopped: 0.0046170 seconds, Stopping threads took: 0.0000479 seconds
170.986: [GC (Allocation Failure)  462595K->147494K(1034240K), 0.0037828 secs]
170.990: Total time for which application threads were stopped: 0.0039558 seconds, Stopping threads took: 0.0000283 seconds
171.058: [GC (Allocation Failure)  468006K->147430K(1034240K), 0.0040457 secs]
171.062: Total time for which application threads were stopped: 0.0042131 seconds, Stopping threads took: 0.0000208 seconds
171.129: [GC (Allocation Failure)  467942K->148262K(1033728K), 0.0047533 secs]
171.134: Total time for which application threads were stopped: 0.0049324 seconds, Stopping threads took: 0.0000268 seconds
171.204: [GC (Allocation Failure)  468774K->155560K(1034240K), 0.0037922 secs]
171.208: Total time for which application threads were stopped: 0.0039667 seconds, Stopping threads took: 0.0000262 seconds
171.275: [GC (Allocation Failure)  476072K->155464K(1034240K), 0.0040180 secs]
171.279: Total time for which application threads were stopped: 0.0041949 seconds, Stopping threads took: 0.0000257 seconds
171.345: [GC (Allocation Failure)  475976K->158568K(1034240K), 0.0044090 secs]
171.350: Total time for which application threads were stopped: 0.0045739 seconds, Stopping threads took: 0.0000201 seconds
171.418: [GC (Allocation Failure)  479080K->163594K(1034752K), 0.0039441 secs]
171.422: Total time for which application threads were stopped: 0.0041170 seconds, Stopping threads took: 0.0000201 seconds
171.489: [GC (Allocation Failure)  485130K->163498K(1034752K), 0.0038683 secs]
171.493: Total time for which application threads were stopped: 0.0040520 seconds, Stopping threads took: 0.0000247 seconds
171.558: [GC (Allocation Failure)  485034K->166786K(1034752K), 0.0046998 secs]
171.562: Total time for which application threads were stopped: 0.0049037 seconds, Stopping threads took: 0.0000201 seconds
171.632: [GC (Allocation Failure)  488322K->171588K(1034752K), 0.0039710 secs]
171.636: Total time for which application threads were stopped: 0.0041295 seconds, Stopping threads took: 0.0000260 seconds
171.703: [GC (Allocation Failure)  493124K->171524K(1034752K), 0.0042131 secs]
171.707: Total time for which application threads were stopped: 0.0043763 seconds, Stopping threads took: 0.0000197 seconds
171.773: [GC (Allocation Failure)  493060K->171940K(1034752K), 0.0058889 secs]
171.779: Total time for which application threads were stopped: 0.0060743 seconds, Stopping threads took: 0.0000266 seconds
171.847: [GC (Allocation Failure)  493476K->179559K(1034752K), 0.0041459 secs]
171.851: Total time for which application threads were stopped: 0.0043038 seconds, Stopping threads took: 0.0000203 seconds
171.918: [GC (Allocation Failure)  501095K->179559K(1034752K), 0.0040490 secs]
171.922: Total time for which application threads were stopped: 0.0042518 seconds, Stopping threads took: 0.0000280 seconds
171.989: [GC (Allocation Failure)  501095K->181223K(1034752K), 0.0042981 secs]
171.993: Total time for which application threads were stopped: 0.0044699 seconds, Stopping threads took: 0.0000197 seconds
172.062: [GC (Allocation Failure)  502759K->187593K(1029120K), 0.0041339 secs]
172.066: Total time for which application threads were stopped: 0.0043076 seconds, Stopping threads took: 0.0000197 seconds
172.134: [GC (Allocation Failure)  509129K->187561K(1034752K), 0.0038894 secs]
172.138: Total time for which application threads were stopped: 0.0040482 seconds, Stopping threads took: 0.0000261 seconds
172.206: [GC (Allocation Failure)  508585K->189961K(1034240K), 0.0043168 secs]
172.211: Total time for which application threads were stopped: 0.0044851 seconds, Stopping threads took: 0.0000192 seconds
172.279: [GC (Allocation Failure)  510985K->195723K(1034752K), 0.0040853 secs]
172.283: Total time for which application threads were stopped: 0.0042651 seconds, Stopping threads took: 0.0000201 seconds
172.352: [GC (Allocation Failure)  517259K->195627K(1034752K), 0.0040971 secs]
172.356: Total time for which application threads were stopped: 0.0042604 seconds, Stopping threads took: 0.0000199 seconds
172.421: [GC (Allocation Failure)  517163K->198699K(1034752K), 0.0046565 secs]
172.426: Total time for which application threads were stopped: 0.0048285 seconds, Stopping threads took: 0.0000205 seconds
172.492: [GC (Allocation Failure)  520235K->203725K(1034752K), 0.0040803 secs]
172.496: Total time for which application threads were stopped: 0.0042453 seconds, Stopping threads took: 0.0000199 seconds
172.563: [GC (Allocation Failure)  525261K->203661K(1034752K), 0.0039791 secs]
172.567: Total time for which application threads were stopped: 0.0041472 seconds, Stopping threads took: 0.0000202 seconds
172.633: [GC (Allocation Failure)  525197K->203877K(1021440K), 0.0040466 secs]
172.637: Total time for which application threads were stopped: 0.0042584 seconds, Stopping threads took: 0.0000261 seconds
172.706: [GC (Allocation Failure)  525413K->211688K(1034240K), 0.0039982 secs]
172.710: Total time for which application threads were stopped: 0.0041602 seconds, Stopping threads took: 0.0000195 seconds
172.779: [GC (Allocation Failure)  532200K->211688K(1034240K), 0.0040731 secs]
172.784: Total time for which application threads were stopped: 0.0042360 seconds, Stopping threads took: 0.0000180 seconds
172.851: [GC (Allocation Failure)  532200K->215080K(1034752K), 0.0047931 secs]
172.856: Total time for which application threads were stopped: 0.0049559 seconds, Stopping threads took: 0.0000198 seconds
172.922: [GC (Allocation Failure)  536104K->219850K(1034240K), 0.0041409 secs]
172.926: Total time for which application threads were stopped: 0.0043180 seconds, Stopping threads took: 0.0000201 seconds
172.993: [GC (Allocation Failure)  540874K->219722K(1034752K), 0.0041541 secs]
172.998: Total time for which application threads were stopped: 0.0043346 seconds, Stopping threads took: 0.0000219 seconds
173.065: [GC (Allocation Failure)  541258K->223306K(1034752K), 0.0048676 secs]
173.070: Total time for which application threads were stopped: 0.0050623 seconds, Stopping threads took: 0.0000191 seconds
173.138: [GC (Allocation Failure)  544842K->227820K(1034752K), 0.0038101 secs]
173.142: Total time for which application threads were stopped: 0.0039746 seconds, Stopping threads took: 0.0000194 seconds
173.212: [GC (Allocation Failure)  549356K->227756K(1034752K), 0.0041663 secs]
173.216: Total time for which application threads were stopped: 0.0043277 seconds, Stopping threads took: 0.0000195 seconds
173.283: [GC (Allocation Failure)  549292K->228460K(1034752K), 0.0042901 secs]
173.287: Total time for which application threads were stopped: 0.0044506 seconds, Stopping threads took: 0.0000193 seconds
173.355: [GC (Allocation Failure)  549996K->235822K(1034752K), 0.0041523 secs]
173.359: Total time for which application threads were stopped: 0.0043121 seconds, Stopping threads took: 0.0000193 seconds
173.427: [GC (Allocation Failure)  557358K->235790K(1034752K), 0.0039651 secs]
173.431: Total time for which application threads were stopped: 0.0041532 seconds, Stopping threads took: 0.0000194 seconds
173.497: [GC (Allocation Failure)  557326K->237734K(1034752K), 0.0044751 secs]
173.501: Total time for which application threads were stopped: 0.0046418 seconds, Stopping threads took: 0.0000192 seconds
173.568: [GC (Allocation Failure)  559270K->243881K(1034752K), 0.0041237 secs]
173.573: Total time for which application threads were stopped: 0.0042906 seconds, Stopping threads took: 0.0000191 seconds
173.640: [GC (Allocation Failure)  565417K->243817K(1034752K), 0.0040446 secs]
173.645: Total time for which application threads were stopped: 0.0042065 seconds, Stopping threads took: 0.0000191 seconds
173.711: [GC (Allocation Failure)  565353K->246953K(1034752K), 0.0047737 secs]
173.716: Total time for which application threads were stopped: 0.0049363 seconds, Stopping threads took: 0.0000197 seconds
173.785: [GC (Allocation Failure)  568489K->251979K(1034752K), 0.0042604 secs]
173.789: Total time for which application threads were stopped: 0.0044200 seconds, Stopping threads took: 0.0000199 seconds
173.859: [GC (Allocation Failure)  573515K->251883K(1034752K), 0.0040451 secs]
173.863: Total time for which application threads were stopped: 0.0042159 seconds, Stopping threads took: 0.0000185 seconds
173.928: [GC (Allocation Failure)  573419K->252107K(1021440K), 0.0041783 secs]
173.933: Total time for which application threads were stopped: 0.0043393 seconds, Stopping threads took: 0.0000194 seconds
174.001: [GC (Allocation Failure)  573643K->259981K(1034240K), 0.0040241 secs]
174.005: Total time for which application threads were stopped: 0.0042188 seconds, Stopping threads took: 0.0000196 seconds
174.073: [GC (Allocation Failure)  580493K->259885K(1034240K), 0.0041094 secs]
174.077: Total time for which application threads were stopped: 0.0042666 seconds, Stopping threads took: 0.0000168 seconds
174.144: [GC (Allocation Failure)  580397K->263437K(1034752K), 0.0048138 secs]
174.149: Total time for which application threads were stopped: 0.0049847 seconds, Stopping threads took: 0.0000201 seconds
174.216: [GC (Allocation Failure)  584461K->267952K(1034240K), 0.0042174 secs]
174.220: Total time for which application threads were stopped: 0.0044145 seconds, Stopping threads took: 0.0000201 seconds
174.289: [GC (Allocation Failure)  588976K->267920K(1034752K), 0.0041263 secs]
174.293: Total time for which application threads were stopped: 0.0043179 seconds, Stopping threads took: 0.0000253 seconds
174.362: [GC (Allocation Failure)  589456K->271704K(1034752K), 0.0049335 secs]
174.367: Total time for which application threads were stopped: 0.0051385 seconds, Stopping threads took: 0.0000283 seconds
174.435: [GC (Allocation Failure)  593240K->275962K(1035264K), 0.0042646 secs]
174.440: Total time for which application threads were stopped: 0.0044305 seconds, Stopping threads took: 0.0000204 seconds
174.507: [GC (Allocation Failure)  598522K->275962K(1035264K), 0.0041357 secs]
174.511: Total time for which application threads were stopped: 0.0042995 seconds, Stopping threads took: 0.0000199 seconds
174.578: [GC (Allocation Failure)  598522K->278882K(1035264K), 0.0048338 secs]
174.583: Total time for which application threads were stopped: 0.0050205 seconds, Stopping threads took: 0.0000283 seconds
174.651: [GC (Allocation Failure)  601442K->284068K(1035264K), 0.0040671 secs]
174.656: Total time for which application threads were stopped: 0.0042448 seconds, Stopping threads took: 0.0000275 seconds
174.724: [GC (Allocation Failure)  606628K->284004K(1035264K), 0.0041920 secs]
174.728: Total time for which application threads were stopped: 0.0043528 seconds, Stopping threads took: 0.0000189 seconds
174.795: [GC (Allocation Failure)  606564K->287148K(1035264K), 0.0048124 secs]
174.800: Total time for which application threads were stopped: 0.0049805 seconds, Stopping threads took: 0.0000195 seconds
174.868: [GC (Allocation Failure)  609708K->292174K(1035264K), 0.0041402 secs]
174.872: Total time for which application threads were stopped: 0.0043120 seconds, Stopping threads took: 0.0000193 seconds
174.942: [GC (Allocation Failure)  614734K->292046K(1035264K), 0.0043247 secs]
174.946: Total time for which application threads were stopped: 0.0045036 seconds, Stopping threads took: 0.0000279 seconds
175.014: [GC (Allocation Failure)  614606K->295366K(1035264K), 0.0049026 secs]
175.019: Total time for which application threads were stopped: 0.0050654 seconds, Stopping threads took: 0.0000196 seconds
175.089: [GC (Allocation Failure)  617926K->300137K(1035264K), 0.0042825 secs]
175.093: Total time for which application threads were stopped: 0.0044574 seconds, Stopping threads took: 0.0000202 seconds
175.163: [GC (Allocation Failure)  622697K->300073K(1035264K), 0.0041648 secs]
175.167: Total time for which application threads were stopped: 0.0043150 seconds, Stopping threads took: 0.0000253 seconds
175.235: [GC (Allocation Failure)  622633K->303625K(1035264K), 0.0047887 secs]
175.240: Total time for which application threads were stopped: 0.0049856 seconds, Stopping threads took: 0.0000200 seconds
175.308: [GC (Allocation Failure)  626185K->308107K(1035264K), 0.0041936 secs]
175.313: Total time for which application threads were stopped: 0.0043673 seconds, Stopping threads took: 0.0000192 seconds
175.381: [GC (Allocation Failure)  630667K->308107K(1035264K), 0.0042425 secs]
175.385: Total time for which application threads were stopped: 0.0044365 seconds, Stopping threads took: 0.0000199 seconds
175.453: [GC (Allocation Failure)  630667K->311883K(1035776K), 0.0050836 secs]
175.458: Total time for which application threads were stopped: 0.0052512 seconds, Stopping threads took: 0.0000165 seconds
175.524: [GC (Allocation Failure)  635467K->316365K(1035776K), 0.0044176 secs]
175.528: Total time for which application threads were stopped: 0.0045869 seconds, Stopping threads took: 0.0000197 seconds
175.597: [GC (Allocation Failure)  639949K->316141K(1035776K), 0.0044998 secs]
175.602: Total time for which application threads were stopped: 0.0046650 seconds, Stopping threads took: 0.0000209 seconds
175.671: [GC (Allocation Failure)  639725K->315115K(1035776K), 0.0038502 secs]
175.675: Total time for which application threads were stopped: 0.0040436 seconds, Stopping threads took: 0.0000283 seconds
175.743: [GC (Allocation Failure)  638699K->316301K(1036288K), 0.0041477 secs]
175.748: Total time for which application threads were stopped: 0.0043124 seconds, Stopping threads took: 0.0000200 seconds
175.817: [GC (Allocation Failure)  640909K->316141K(1036288K), 0.0049069 secs]
175.822: Total time for which application threads were stopped: 0.0050820 seconds, Stopping threads took: 0.0000207 seconds
175.890: [GC (Allocation Failure)  640749K->308171K(1035264K), 0.0011696 secs]
175.891: Total time for which application threads were stopped: 0.0013232 seconds, Stopping threads took: 0.0000385 seconds
175.959: [GC (Allocation Failure)  631755K->316301K(1031680K), 0.0046259 secs]
175.964: Total time for which application threads were stopped: 0.0048039 seconds, Stopping threads took: 0.0000213 seconds
176.034: [GC (Allocation Failure)  639885K->320333K(1035776K), 0.0056728 secs]
176.039: Total time for which application threads were stopped: 0.0058447 seconds, Stopping threads took: 0.0000205 seconds
176.105: [GC (Allocation Failure)  643405K->316395K(1035264K), 0.0032833 secs]
176.108: Total time for which application threads were stopped: 0.0034529 seconds, Stopping threads took: 0.0000202 seconds
176.178: [GC (Allocation Failure)  639467K->320461K(1035776K), 0.0041233 secs]
176.182: Total time for which application threads were stopped: 0.0043182 seconds, Stopping threads took: 0.0000288 seconds
176.252: [GC (Allocation Failure)  644045K->324429K(1035776K), 0.0043271 secs]
176.256: Total time for which application threads were stopped: 0.0044891 seconds, Stopping threads took: 0.0000200 seconds
176.324: [GC (Allocation Failure)  648013K->324429K(1035776K), 0.0041536 secs]
176.328: Total time for which application threads were stopped: 0.0043225 seconds, Stopping threads took: 0.0000194 seconds
176.393: [GC (Allocation Failure)  648013K->324773K(1023488K), 0.0043342 secs]
176.398: Total time for which application threads were stopped: 0.0044988 seconds, Stopping threads took: 0.0000200 seconds
176.465: [GC (Allocation Failure)  648357K->332455K(1035264K), 0.0042505 secs]
176.469: Total time for which application threads were stopped: 0.0044227 seconds, Stopping threads took: 0.0000198 seconds
176.539: [GC (Allocation Failure)  655015K->332455K(1035264K), 0.0040949 secs]
176.544: Total time for which application threads were stopped: 0.0042687 seconds, Stopping threads took: 0.0000196 seconds
176.611: [GC (Allocation Failure)  655015K->332967K(1034240K), 0.0044123 secs]
176.615: Total time for which application threads were stopped: 0.0045803 seconds, Stopping threads took: 0.0000213 seconds
176.685: [GC (Allocation Failure)  654503K->340490K(1034752K), 0.0043900 secs]
176.689: Total time for which application threads were stopped: 0.0045708 seconds, Stopping threads took: 0.0000251 seconds
176.760: [GC (Allocation Failure)  662026K->340490K(1034752K), 0.0044609 secs]
176.764: Total time for which application threads were stopped: 0.0046750 seconds, Stopping threads took: 0.0000266 seconds
176.831: [GC (Allocation Failure)  662026K->340682K(1034752K), 0.0041461 secs]
176.835: Total time for which application threads were stopped: 0.0043135 seconds, Stopping threads took: 0.0000200 seconds
176.902: [GC (Allocation Failure)  662218K->348524K(1033728K), 0.0041915 secs]
176.907: Total time for which application threads were stopped: 0.0043884 seconds, Stopping threads took: 0.0000191 seconds
176.975: [GC (Allocation Failure)  669036K->348524K(1034240K), 0.0043603 secs]
176.980: Total time for which application threads were stopped: 0.0045281 seconds, Stopping threads took: 0.0000195 seconds
177.046: [GC (Allocation Failure)  669036K->348652K(1034240K), 0.0044340 secs]
177.051: Total time for which application threads were stopped: 0.0045931 seconds, Stopping threads took: 0.0000195 seconds
177.117: [GC (Allocation Failure)  669164K->356558K(1034240K), 0.0045733 secs]
177.122: Total time for which application threads were stopped: 0.0047346 seconds, Stopping threads took: 0.0000200 seconds
177.188: [GC (Allocation Failure)  677070K->356590K(1034240K), 0.0044659 secs]
177.192: Total time for which application threads were stopped: 0.0046473 seconds, Stopping threads took: 0.0000194 seconds
177.259: [GC (Allocation Failure)  677102K->356614K(1020416K), 0.0043797 secs]
177.263: Total time for which application threads were stopped: 0.0045383 seconds, Stopping threads took: 0.0000189 seconds
177.330: [GC (Allocation Failure)  677126K->364616K(1033728K), 0.0041907 secs]
177.334: Total time for which application threads were stopped: 0.0043899 seconds, Stopping threads took: 0.0000272 seconds
177.403: [GC (Allocation Failure)  684104K->364584K(1033728K), 0.0043678 secs]
177.407: Total time for which application threads were stopped: 0.0045237 seconds, Stopping threads took: 0.0000171 seconds
177.472: [GC (Allocation Failure)  684072K->364840K(1033728K), 0.0045380 secs]
177.476: Total time for which application threads were stopped: 0.0047343 seconds, Stopping threads took: 0.0000200 seconds
177.545: [GC (Allocation Failure)  684328K->372619K(1033728K), 0.0044119 secs]
177.550: Total time for which application threads were stopped: 0.0045750 seconds, Stopping threads took: 0.0000254 seconds
177.618: [GC (Allocation Failure)  692107K->372619K(1033728K), 0.0044657 secs]
177.622: Total time for which application threads were stopped: 0.0046345 seconds, Stopping threads took: 0.0000195 seconds
177.688: [GC (Allocation Failure)  692107K->372835K(1033728K), 0.0106842 secs]
177.699: Total time for which application threads were stopped: 0.0108526 seconds, Stopping threads took: 0.0000196 seconds
177.768: [GC (Allocation Failure)  692323K->380677K(1032704K), 0.0043444 secs]
177.772: Total time for which application threads were stopped: 0.0045071 seconds, Stopping threads took: 0.0000252 seconds
177.840: [GC (Allocation Failure)  699141K->376771K(1033216K), 0.0032739 secs]
177.843: Total time for which application threads were stopped: 0.0034483 seconds, Stopping threads took: 0.0000206 seconds
177.912: [GC (Allocation Failure)  695235K->380805K(1034752K), 0.0046341 secs]
177.917: Total time for which application threads were stopped: 0.0048045 seconds, Stopping threads took: 0.0000198 seconds
177.985: [GC (Allocation Failure)  701829K->384773K(1034240K), 0.0042613 secs]
177.990: Total time for which application threads were stopped: 0.0044243 seconds, Stopping threads took: 0.0000193 seconds
178.055: [GC (Allocation Failure)  705797K->377987K(1034752K), 0.0016944 secs]
178.057: Total time for which application threads were stopped: 0.0018455 seconds, Stopping threads took: 0.0000213 seconds
178.125: [GC (Allocation Failure)  699523K->384837K(1034752K), 0.0042227 secs]
178.130: Total time for which application threads were stopped: 0.0043811 seconds, Stopping threads took: 0.0000254 seconds
178.197: [GC (Allocation Failure)  706373K->388917K(1034752K), 0.0053890 secs]
178.203: Total time for which application threads were stopped: 0.0055887 seconds, Stopping threads took: 0.0000198 seconds
178.270: [GC (Allocation Failure)  710453K->383379K(1034752K), 0.0023976 secs]
178.272: Total time for which application threads were stopped: 0.0025612 seconds, Stopping threads took: 0.0000205 seconds
178.340: [GC (Allocation Failure)  704915K->389189K(1035776K), 0.0045234 secs]
178.344: Total time for which application threads were stopped: 0.0046953 seconds, Stopping threads took: 0.0000209 seconds
178.412: [GC (Allocation Failure)  711749K->393061K(1034752K), 0.0046419 secs]
178.417: Total time for which application threads were stopped: 0.0048024 seconds, Stopping threads took: 0.0000197 seconds
178.485: [GC (Allocation Failure)  715621K->389155K(1035776K), 0.0033877 secs]
178.489: Total time for which application threads were stopped: 0.0035464 seconds, Stopping threads took: 0.0000197 seconds
178.556: [GC (Allocation Failure)  712227K->393221K(1035264K), 0.0046129 secs]
178.560: Total time for which application threads were stopped: 0.0047842 seconds, Stopping threads took: 0.0000194 seconds
178.630: [GC (Allocation Failure)  716293K->397221K(1035264K), 0.0042693 secs]
178.634: Total time for which application threads were stopped: 0.0044527 seconds, Stopping threads took: 0.0000201 seconds
178.703: [GC (Allocation Failure)  720805K->397189K(1035776K), 0.0064778 secs]
178.710: Total time for which application threads were stopped: 0.0066364 seconds, Stopping threads took: 0.0000168 seconds
178.777: [GC (Allocation Failure)  720773K->397253K(1034752K), 0.0043989 secs]
178.782: Total time for which application threads were stopped: 0.0045729 seconds, Stopping threads took: 0.0000162 seconds
178.849: [GC (Allocation Failure)  719813K->405255K(1035264K), 0.0044862 secs]
178.854: Total time for which application threads were stopped: 0.0046510 seconds, Stopping threads took: 0.0000194 seconds
178.920: [GC (Allocation Failure)  727815K->405191K(1034240K), 0.0042998 secs]
178.924: Total time for which application threads were stopped: 0.0044624 seconds, Stopping threads took: 0.0000193 seconds
178.990: [GC (Allocation Failure)  726727K->405287K(1034752K), 0.0044855 secs]
178.995: Total time for which application threads were stopped: 0.0046551 seconds, Stopping threads took: 0.0000204 seconds
179.062: [GC (Allocation Failure)  726823K->413258K(1034752K), 0.0045974 secs]
179.066: Total time for which application threads were stopped: 0.0047843 seconds, Stopping threads took: 0.0000208 seconds
179.134: [GC (Allocation Failure)  734794K->413258K(1029120K), 0.0042534 secs]
179.138: Total time for which application threads were stopped: 0.0044371 seconds, Stopping threads took: 0.0000430 seconds
179.204: [GC (Allocation Failure)  734794K->413482K(1034240K), 0.0045735 secs]
179.209: Total time for which application threads were stopped: 0.0047364 seconds, Stopping threads took: 0.0000196 seconds
179.278: [GC (Allocation Failure)  733994K->421324K(1034240K), 0.0043297 secs]
179.282: Total time for which application threads were stopped: 0.0044931 seconds, Stopping threads took: 0.0000188 seconds
179.350: [GC (Allocation Failure)  741836K->421292K(1034240K), 0.0043354 secs]
179.355: Total time for which application threads were stopped: 0.0044961 seconds, Stopping threads took: 0.0000199 seconds
179.421: [GC (Allocation Failure)  741804K->421708K(1020416K), 0.0045299 secs]
179.426: Total time for which application threads were stopped: 0.0046939 seconds, Stopping threads took: 0.0000189 seconds
179.493: [GC (Allocation Failure)  742220K->429326K(1033728K), 0.0046283 secs]
179.497: Total time for which application threads were stopped: 0.0048067 seconds, Stopping threads took: 0.0000197 seconds
179.564: [GC (Allocation Failure)  748814K->429294K(1033728K), 0.0045493 secs]
179.569: Total time for which application threads were stopped: 0.0047112 seconds, Stopping threads took: 0.0000190 seconds
179.635: [GC (Allocation Failure)  748782K->429446K(1033728K), 0.0044042 secs]
179.640: Total time for which application threads were stopped: 0.0045653 seconds, Stopping threads took: 0.0000194 seconds
179.707: [GC (Allocation Failure)  748934K->437384K(1033728K), 0.0053901 secs]
179.712: Total time for which application threads were stopped: 0.0055531 seconds, Stopping threads took: 0.0000199 seconds
179.782: [GC (Allocation Failure)  756872K->437352K(1033728K), 0.0044975 secs]
179.787: Total time for which application threads were stopped: 0.0046626 seconds, Stopping threads took: 0.0000193 seconds
179.854: [GC (Allocation Failure)  756840K->437416K(1033728K), 0.0045745 secs]
179.858: Total time for which application threads were stopped: 0.0047396 seconds, Stopping threads took: 0.0000205 seconds
179.925: [GC (Allocation Failure)  756904K->445419K(1032704K), 0.0045907 secs]
179.930: Total time for which application threads were stopped: 0.0048089 seconds, Stopping threads took: 0.0000204 seconds
179.998: [GC (Allocation Failure)  763883K->439816K(1033216K), 0.0025990 secs]
180.001: Total time for which application threads were stopped: 0.0027487 seconds, Stopping threads took: 0.0000194 seconds
180.067: [GC (Allocation Failure)  758280K->445619K(1034752K), 0.0045974 secs]
180.072: Total time for which application threads were stopped: 0.0047911 seconds, Stopping threads took: 0.0000199 seconds
180.141: [GC (Allocation Failure)  766131K->449571K(1033728K), 0.0044037 secs]
180.145: Total time for which application threads were stopped: 0.0045585 seconds, Stopping threads took: 0.0000169 seconds
180.214: [GC (Allocation Failure)  770083K->456424K(1029120K), 0.0075011 secs]
180.222: Total time for which application threads were stopped: 0.0076708 seconds, Stopping threads took: 0.0000165 seconds
180.290: [GC (Allocation Failure)  771816K->450315K(1031680K), 0.0046857 secs]
180.295: Total time for which application threads were stopped: 0.0048485 seconds, Stopping threads took: 0.0000206 seconds
180.359: [GC (Allocation Failure)  765707K->450155K(1032704K), 0.0056758 secs]
180.365: Total time for which application threads were stopped: 0.0058549 seconds, Stopping threads took: 0.0000206 seconds
180.430: [GC (Allocation Failure)  767083K->453579K(1032192K), 0.0053604 secs]
180.435: Total time for which application threads were stopped: 0.0055642 seconds, Stopping threads took: 0.0000280 seconds
180.504: [GC (Allocation Failure)  770507K->458317K(1033216K), 0.0045235 secs]
180.508: Total time for which application threads were stopped: 0.0046950 seconds, Stopping threads took: 0.0000201 seconds
180.575: [GC (Allocation Failure)  776269K->458189K(1032704K), 0.0045548 secs]
180.580: Total time for which application threads were stopped: 0.0047250 seconds, Stopping threads took: 0.0000194 seconds
180.646: [GC (Allocation Failure)  776141K->459237K(1033216K), 0.0046210 secs]
180.651: Total time for which application threads were stopped: 0.0047921 seconds, Stopping threads took: 0.0000192 seconds
180.718: [GC (Allocation Failure)  777701K->466215K(1033216K), 0.0043689 secs]
180.722: Total time for which application threads were stopped: 0.0045394 seconds, Stopping threads took: 0.0000201 seconds
180.790: [GC (Allocation Failure)  784679K->466247K(1033728K), 0.0047235 secs]
180.795: Total time for which application threads were stopped: 0.0048842 seconds, Stopping threads took: 0.0000191 seconds
180.862: [GC (Allocation Failure)  785223K->467879K(1033216K), 0.0047019 secs]
180.867: Total time for which application threads were stopped: 0.0048755 seconds, Stopping threads took: 0.0000200 seconds
180.935: [GC (Allocation Failure)  786855K->474313K(1033728K), 0.0045910 secs]
180.939: Total time for which application threads were stopped: 0.0047542 seconds, Stopping threads took: 0.0000197 seconds
181.007: [GC (Allocation Failure)  793801K->474281K(1033728K), 0.0045959 secs]
181.012: Total time for which application threads were stopped: 0.0047983 seconds, Stopping threads took: 0.0000282 seconds
181.079: [GC (Allocation Failure)  793769K->474593K(1033728K), 0.0048438 secs]
181.084: Total time for which application threads were stopped: 0.0050055 seconds, Stopping threads took: 0.0000191 seconds
181.151: [GC (Allocation Failure)  794081K->482276K(1033728K), 0.0045194 secs]
181.156: Total time for which application threads were stopped: 0.0046916 seconds, Stopping threads took: 0.0000279 seconds
181.223: [GC (Allocation Failure)  801764K->482308K(1033728K), 0.0044351 secs]
181.228: Total time for which application threads were stopped: 0.0046040 seconds, Stopping threads took: 0.0000197 seconds
181.293: [GC (Allocation Failure)  801796K->485900K(1033728K), 0.0051763 secs]
181.299: Total time for which application threads were stopped: 0.0053492 seconds, Stopping threads took: 0.0000208 seconds
181.366: [GC (Allocation Failure)  805388K->490414K(1034240K), 0.0047398 secs]
181.371: Total time for which application threads were stopped: 0.0049373 seconds, Stopping threads took: 0.0000204 seconds
181.437: [GC (Allocation Failure)  810926K->490318K(1034240K), 0.0044331 secs]
181.442: Total time for which application threads were stopped: 0.0045984 seconds, Stopping threads took: 0.0000200 seconds
181.508: [GC (Allocation Failure)  810830K->491086K(1034240K), 0.0046285 secs]
181.512: Total time for which application threads were stopped: 0.0047985 seconds, Stopping threads took: 0.0000197 seconds
181.580: [GC (Allocation Failure)  811598K->498352K(1034240K), 0.0046220 secs]
181.585: Total time for which application threads were stopped: 0.0047827 seconds, Stopping threads took: 0.0000196 seconds
181.652: [GC (Allocation Failure)  818864K->498320K(1034240K), 0.0044847 secs]
181.657: Total time for which application threads were stopped: 0.0046549 seconds, Stopping threads took: 0.0000286 seconds
181.723: [GC (Allocation Failure)  818832K->499272K(1034240K), 0.0046946 secs]
181.728: Total time for which application threads were stopped: 0.0048558 seconds, Stopping threads took: 0.0000200 seconds
181.797: [GC (Allocation Failure)  819784K->506410K(1034240K), 0.0045398 secs]
181.801: Total time for which application threads were stopped: 0.0047336 seconds, Stopping threads took: 0.0000202 seconds
181.870: [GC (Allocation Failure)  826922K->506410K(1034240K), 0.0046643 secs]
181.875: Total time for which application threads were stopped: 0.0048458 seconds, Stopping threads took: 0.0000173 seconds
181.943: [GC (Allocation Failure)  826922K->507530K(1034240K), 0.0047503 secs]
181.948: Total time for which application threads were stopped: 0.0049134 seconds, Stopping threads took: 0.0000197 seconds
182.016: [GC (Allocation Failure)  828042K->514477K(1034240K), 0.0046479 secs]
182.021: Total time for which application threads were stopped: 0.0048099 seconds, Stopping threads took: 0.0000199 seconds
182.089: [GC (Allocation Failure)  834989K->514445K(1034240K), 0.0045235 secs]
182.093: Total time for which application threads were stopped: 0.0046883 seconds, Stopping threads took: 0.0000204 seconds
182.161: [GC (Allocation Failure)  834957K->514733K(1020416K), 0.0056743 secs]
182.166: Total time for which application threads were stopped: 0.0058372 seconds, Stopping threads took: 0.0000278 seconds
182.235: [GC (Allocation Failure)  835245K->522511K(1033728K), 0.0054444 secs]
182.240: Total time for which application threads were stopped: 0.0056044 seconds, Stopping threads took: 0.0000196 seconds
182.307: [GC (Allocation Failure)  841999K->522447K(1033728K), 0.0047060 secs]
182.312: Total time for which application threads were stopped: 0.0048827 seconds, Stopping threads took: 0.0000218 seconds
182.379: [GC (Allocation Failure)  841935K->522983K(1033728K), 0.0045662 secs]
182.384: Total time for which application threads were stopped: 0.0047371 seconds, Stopping threads took: 0.0000200 seconds
182.451: [GC (Allocation Failure)  842471K->530537K(1033728K), 0.0047847 secs]
182.456: Total time for which application threads were stopped: 0.0049571 seconds, Stopping threads took: 0.0000206 seconds
182.522: [GC (Allocation Failure)  850025K->530505K(1033728K), 0.0046454 secs]
182.527: Total time for which application threads were stopped: 0.0048203 seconds, Stopping threads took: 0.0000207 seconds
182.595: [GC (Allocation Failure)  849993K->531209K(1033728K), 0.0046188 secs]
182.600: Total time for which application threads were stopped: 0.0047865 seconds, Stopping threads took: 0.0000254 seconds
182.668: [GC (Allocation Failure)  850697K->538508K(1033728K), 0.0045000 secs]
182.673: Total time for which application threads were stopped: 0.0046625 seconds, Stopping threads took: 0.0000278 seconds
182.740: [GC (Allocation Failure)  857996K->538508K(1033728K), 0.0061130 secs]
182.746: Total time for which application threads were stopped: 0.0062849 seconds, Stopping threads took: 0.0000258 seconds
182.815: [GC (Allocation Failure)  857996K->540484K(1033728K), 0.0052601 secs]
182.821: Total time for which application threads were stopped: 0.0054323 seconds, Stopping threads took: 0.0000278 seconds
182.888: [GC (Allocation Failure)  859972K->546534K(1033728K), 0.0046773 secs]
182.893: Total time for which application threads were stopped: 0.0048704 seconds, Stopping threads took: 0.0000196 seconds
182.962: [GC (Allocation Failure)  866022K->546534K(1033728K), 0.0047665 secs]
182.967: Total time for which application threads were stopped: 0.0049503 seconds, Stopping threads took: 0.0000202 seconds
183.032: [GC (Allocation Failure)  866022K->547694K(1033728K), 0.0048394 secs]
183.037: Total time for which application threads were stopped: 0.0050178 seconds, Stopping threads took: 0.0000201 seconds
183.104: [GC (Allocation Failure)  867182K->554576K(1033728K), 0.0046190 secs]
183.109: Total time for which application threads were stopped: 0.0047897 seconds, Stopping threads took: 0.0000199 seconds
183.176: [GC (Allocation Failure)  874064K->554608K(1033728K), 0.0046069 secs]
183.181: Total time for which application threads were stopped: 0.0047940 seconds, Stopping threads took: 0.0000277 seconds
183.248: [GC (Allocation Failure)  874096K->554888K(1033728K), 0.0045616 secs]
183.252: Total time for which application threads were stopped: 0.0047238 seconds, Stopping threads took: 0.0000175 seconds
183.319: [GC (Allocation Failure)  874376K->562602K(1033728K), 0.0047145 secs]
183.324: Total time for which application threads were stopped: 0.0048769 seconds, Stopping threads took: 0.0000196 seconds
183.391: [GC (Allocation Failure)  882090K->562602K(1033728K), 0.0065748 secs]
183.397: Total time for which application threads were stopped: 0.0067674 seconds, Stopping threads took: 0.0000197 seconds
183.464: [GC (Allocation Failure)  882090K->563146K(1033728K), 0.0048350 secs]
183.469: Total time for which application threads were stopped: 0.0049935 seconds, Stopping threads took: 0.0000194 seconds
183.536: [GC (Allocation Failure)  882634K->570669K(1033728K), 0.0047717 secs]
183.541: Total time for which application threads were stopped: 0.0049418 seconds, Stopping threads took: 0.0000193 seconds
183.607: [GC (Allocation Failure)  890157K->570637K(1033728K), 0.0048801 secs]
183.612: Total time for which application threads were stopped: 0.0050541 seconds, Stopping threads took: 0.0000202 seconds
183.680: [GC (Allocation Failure)  890125K->571365K(1033728K), 0.0048162 secs]
183.685: Total time for which application threads were stopped: 0.0049830 seconds, Stopping threads took: 0.0000254 seconds
183.754: [GC (Allocation Failure)  890853K->578631K(1033728K), 0.0054575 secs]
183.759: Total time for which application threads were stopped: 0.0056228 seconds, Stopping threads took: 0.0000256 seconds
183.828: [GC (Allocation Failure)  898119K->578663K(1033728K), 0.0047295 secs]
183.833: Total time for which application threads were stopped: 0.0048909 seconds, Stopping threads took: 0.0000198 seconds
183.899: [GC (Allocation Failure)  898151K->579591K(1033728K), 0.0049100 secs]
183.904: Total time for which application threads were stopped: 0.0050756 seconds, Stopping threads took: 0.0000201 seconds
183.971: [GC (Allocation Failure)  899079K->586729K(1033728K), 0.0047645 secs]
183.976: Total time for which application threads were stopped: 0.0049258 seconds, Stopping threads took: 0.0000204 seconds
184.044: [GC (Allocation Failure)  906217K->586697K(1033728K), 0.0048701 secs]
184.049: Total time for which application threads were stopped: 0.0050372 seconds, Stopping threads took: 0.0000196 seconds
184.115: [GC (Allocation Failure)  906185K->586793K(1033728K), 0.0047416 secs]
184.120: Total time for which application threads were stopped: 0.0049217 seconds, Stopping threads took: 0.0000197 seconds
184.187: [GC (Allocation Failure)  906281K->594731K(1027072K), 0.0047238 secs]
184.192: Total time for which application threads were stopped: 0.0048993 seconds, Stopping threads took: 0.0000262 seconds
184.259: [GC (Allocation Failure)  914219K->594731K(1033216K), 0.0050277 secs]
184.264: Total time for which application threads were stopped: 0.0051992 seconds, Stopping threads took: 0.0000201 seconds
184.330: [GC (Allocation Failure)  913195K->595043K(1033216K), 0.0047434 secs]
184.335: Total time for which application threads were stopped: 0.0049252 seconds, Stopping threads took: 0.0000203 seconds
184.403: [GC (Allocation Failure)  913507K->602758K(1033216K), 0.0046596 secs]
184.408: Total time for which application threads were stopped: 0.0048316 seconds, Stopping threads took: 0.0000203 seconds
184.475: [GC (Allocation Failure)  921222K->602758K(1033216K), 0.0048216 secs]
184.480: Total time for which application threads were stopped: 0.0049921 seconds, Stopping threads took: 0.0000200 seconds
184.544: [GC (Allocation Failure)  921222K->603270K(1033216K), 0.0049680 secs]
184.549: Total time for which application threads were stopped: 0.0051368 seconds, Stopping threads took: 0.0000189 seconds
184.614: [GC (Allocation Failure)  921734K->610760K(1033216K), 0.0049368 secs]
184.619: Total time for which application threads were stopped: 0.0050999 seconds, Stopping threads took: 0.0000205 seconds
184.687: [GC (Allocation Failure)  929224K->610824K(1033216K), 0.0047284 secs]
184.691: Total time for which application threads were stopped: 0.0048987 seconds, Stopping threads took: 0.0000279 seconds
184.756: [GC (Allocation Failure)  929288K->610944K(1033216K), 0.0082217 secs]
184.765: Total time for which application threads were stopped: 0.0083674 seconds, Stopping threads took: 0.0000156 seconds
184.831: [GC (Allocation Failure)  929408K->618818K(1033216K), 0.0049344 secs]
184.836: Total time for which application threads were stopped: 0.0051048 seconds, Stopping threads took: 0.0000192 seconds
184.902: [GC (Allocation Failure)  937282K->618818K(1033216K), 0.0048177 secs]
184.907: Total time for which application threads were stopped: 0.0049826 seconds, Stopping threads took: 0.0000200 seconds
184.974: [GC (Allocation Failure)  937282K->618986K(1033216K), 0.0049571 secs]
184.979: Total time for which application threads were stopped: 0.0051494 seconds, Stopping threads took: 0.0000393 seconds
185.046: [GC (Allocation Failure)  937450K->626860K(1033216K), 0.0048854 secs]
185.051: Total time for which application threads were stopped: 0.0050482 seconds, Stopping threads took: 0.0000197 seconds
185.116: [GC (Allocation Failure)  945324K->626860K(1033216K), 0.0049077 secs]
185.122: Total time for which application threads were stopped: 0.0051002 seconds, Stopping threads took: 0.0000204 seconds
185.187: [GC (Allocation Failure)  945324K->626916K(1033216K), 0.0050486 secs]
185.192: Total time for which application threads were stopped: 0.0052179 seconds, Stopping threads took: 0.0000195 seconds
185.259: [GC (Allocation Failure)  945380K->634887K(1033216K), 0.0047891 secs]
185.264: Total time for which application threads were stopped: 0.0049597 seconds, Stopping threads took: 0.0000198 seconds
185.329: [GC (Allocation Failure)  953351K->634887K(1033216K), 0.0048765 secs]
185.334: Total time for which application threads were stopped: 0.0050397 seconds, Stopping threads took: 0.0000195 seconds
185.398: [GC (Allocation Failure)  953351K->635175K(1033216K), 0.0063981 secs]
185.405: Total time for which application threads were stopped: 0.0065890 seconds, Stopping threads took: 0.0000194 seconds
185.471: [GC (Allocation Failure)  953639K->642921K(1033216K), 0.0049107 secs]
185.476: Total time for which application threads were stopped: 0.0050707 seconds, Stopping threads took: 0.0000172 seconds
185.543: [GC (Allocation Failure)  961385K->642921K(1033216K), 0.0047023 secs]
185.548: Total time for which application threads were stopped: 0.0048649 seconds, Stopping threads took: 0.0000198 seconds
185.612: [GC (Allocation Failure)  961385K->643177K(1033216K), 0.0049692 secs]
185.617: Total time for which application threads were stopped: 0.0051400 seconds, Stopping threads took: 0.0000202 seconds
185.682: [GC (Allocation Failure)  961641K->650955K(1033216K), 0.0048017 secs]
185.687: Total time for which application threads were stopped: 0.0049694 seconds, Stopping threads took: 0.0000263 seconds
185.752: [GC (Allocation Failure)  969419K->647049K(1033216K), 0.0079842 secs]
185.760: Total time for which application threads were stopped: 0.0081465 seconds, Stopping threads took: 0.0000204 seconds
185.828: [GC (Allocation Failure)  965513K->651115K(1034752K), 0.0050439 secs]
185.833: Total time for which application threads were stopped: 0.0052087 seconds, Stopping threads took: 0.0000199 seconds
185.901: [GC (Allocation Failure)  971627K->655115K(1033728K), 0.0047811 secs]
185.906: Total time for which application threads were stopped: 0.0049623 seconds, Stopping threads took: 0.0000197 seconds
185.973: [GC (Allocation Failure)  975627K->647241K(1034240K), 0.0019918 secs]
185.976: Total time for which application threads were stopped: 0.0021512 seconds, Stopping threads took: 0.0000211 seconds
186.043: [GC (Allocation Failure)  967753K->655123K(1034240K), 0.0047673 secs]
186.048: Total time for which application threads were stopped: 0.0049378 seconds, Stopping threads took: 0.0000205 seconds
186.115: [GC (Allocation Failure)  975635K->659235K(1033216K), 0.0065496 secs]
186.121: Total time for which application threads were stopped: 0.0067047 seconds, Stopping threads took: 0.0000194 seconds
186.189: [GC (Allocation Failure)  978723K->664961K(1032704K), 0.0072076 secs]
186.196: Total time for which application threads were stopped: 0.0073763 seconds, Stopping threads took: 0.0000275 seconds
186.263: [GC (Allocation Failure)  984449K->659491K(1031680K), 0.0056726 secs]
186.268: Total time for which application threads were stopped: 0.0058481 seconds, Stopping threads took: 0.0000194 seconds
186.336: [GC (Allocation Failure)  975907K->659235K(1032192K), 0.0068309 secs]
186.343: Total time for which application threads were stopped: 0.0070001 seconds, Stopping threads took: 0.0000203 seconds
186.408: [GC (Allocation Failure)  975651K->653889K(1032704K), 0.0028204 secs]
186.411: Total time for which application threads were stopped: 0.0029959 seconds, Stopping threads took: 0.0000273 seconds
186.477: [GC (Allocation Failure)  971329K->659427K(1032704K), 0.0049286 secs]
186.482: Total time for which application threads were stopped: 0.0051128 seconds, Stopping threads took: 0.0000205 seconds
186.548: [GC (Allocation Failure)  976867K->659267K(1033216K), 0.0048843 secs]
186.553: Total time for which application threads were stopped: 0.0050551 seconds, Stopping threads took: 0.0000220 seconds
186.619: [GC (Allocation Failure)  977219K->659595K(1032704K), 0.0050590 secs]
186.624: Total time for which application threads were stopped: 0.0052332 seconds, Stopping threads took: 0.0000193 seconds
186.692: [GC (Allocation Failure)  977547K->667309K(1033216K), 0.0048054 secs]
186.697: Total time for which application threads were stopped: 0.0049965 seconds, Stopping threads took: 0.0000275 seconds
186.767: [GC (Allocation Failure)  985773K->667277K(1033216K), 0.0092423 secs]
186.776: Total time for which application threads were stopped: 0.0093959 seconds, Stopping threads took: 0.0000251 seconds
186.840: [GC (Allocation Failure)  985741K->671405K(1033728K), 0.0059631 secs]
186.846: Total time for which application threads were stopped: 0.0061325 seconds, Stopping threads took: 0.0000192 seconds
186.913: [GC (Allocation Failure)  990381K->675408K(1033216K), 0.0047649 secs]
186.918: Total time for which application threads were stopped: 0.0049698 seconds, Stopping threads took: 0.0000200 seconds
186.987: [GC (Allocation Failure)  994384K->675344K(1034240K), 0.0048823 secs]
186.992: Total time for which application threads were stopped: 0.0050474 seconds, Stopping threads took: 0.0000207 seconds
187.057: [GC (Allocation Failure)  995344K->678096K(1033728K), 0.0067732 secs]
187.063: Total time for which application threads were stopped: 0.0069463 seconds, Stopping threads took: 0.0000203 seconds
187.132: [GC (Allocation Failure)  998096K->683378K(1034240K), 0.0050272 secs]
187.137: Total time for which application threads were stopped: 0.0051940 seconds, Stopping threads took: 0.0000190 seconds
187.205: [GC (Allocation Failure)  1003890K->683378K(1034240K), 0.0048715 secs]
187.210: Total time for which application threads were stopped: 0.0050508 seconds, Stopping threads took: 0.0000191 seconds
187.278: [GC (Allocation Failure)  1003890K->683786K(1034240K), 0.0049937 secs]
187.284: [Full GC (Ergonomics)  683786K->8903K(1034240K), 0.0127397 secs]
187.296: Total time for which application threads were stopped: 0.0179956 seconds, Stopping threads took: 0.0000252 seconds
187.364: [GC (Allocation Failure)  329415K->18665K(1030144K), 0.0038212 secs]
187.368: Total time for which application threads were stopped: 0.0039787 seconds, Stopping threads took: 0.0000189 seconds
187.435: [GC (Allocation Failure)  339177K->18617K(1033728K), 0.0038984 secs]
187.439: Total time for which application threads were stopped: 0.0040591 seconds, Stopping threads took: 0.0000190 seconds
187.505: [GC (Allocation Failure)  338105K->20313K(1033728K), 0.0038584 secs]
187.509: Total time for which application threads were stopped: 0.0040383 seconds, Stopping threads took: 0.0000194 seconds
187.575: [GC (Allocation Failure)  339801K->26716K(1033728K), 0.0065026 secs]
187.582: Total time for which application threads were stopped: 0.0066920 seconds, Stopping threads took: 0.0000196 seconds
187.650: [GC (Allocation Failure)  346204K->26716K(1033728K), 0.0038128 secs]
187.654: Total time for which application threads were stopped: 0.0039903 seconds, Stopping threads took: 0.0000281 seconds
187.720: [GC (Allocation Failure)  346204K->27524K(1033216K), 0.0039130 secs]
187.724: Total time for which application threads were stopped: 0.0040905 seconds, Stopping threads took: 0.0000221 seconds
187.793: [GC (Allocation Failure)  347012K->34822K(1033728K), 0.0036601 secs]
187.797: Total time for which application threads were stopped: 0.0038158 seconds, Stopping threads took: 0.0000180 seconds
187.863: [GC (Allocation Failure)  354310K->34726K(1033728K), 0.0036547 secs]
187.867: Total time for which application threads were stopped: 0.0038249 seconds, Stopping threads took: 0.0000203 seconds
187.933: [GC (Allocation Failure)  354214K->34790K(1033728K), 0.0037610 secs]
187.937: Total time for which application threads were stopped: 0.0039355 seconds, Stopping threads took: 0.0000204 seconds
188.005: [GC (Allocation Failure)  354278K->42824K(1033728K), 0.0038795 secs]
188.009: Total time for which application threads were stopped: 0.0040516 seconds, Stopping threads took: 0.0000205 seconds
188.075: [GC (Allocation Failure)  362312K->42792K(1033728K), 0.0038882 secs]
188.079: Total time for which application threads were stopped: 0.0040590 seconds, Stopping threads took: 0.0000206 seconds
188.146: [GC (Allocation Failure)  362280K->42984K(1033728K), 0.0036354 secs]
188.149: Total time for which application threads were stopped: 0.0038110 seconds, Stopping threads took: 0.0000196 seconds
188.217: [GC (Allocation Failure)  362472K->50795K(1033728K), 0.0038284 secs]
188.221: Total time for which application threads were stopped: 0.0040257 seconds, Stopping threads took: 0.0000208 seconds
188.289: [GC (Allocation Failure)  370283K->50795K(1033728K), 0.0037545 secs]
188.293: Total time for which application threads were stopped: 0.0039115 seconds, Stopping threads took: 0.0000182 seconds
188.359: [GC (Allocation Failure)  370283K->51203K(1033728K), 0.0037549 secs]
188.363: Total time for which application threads were stopped: 0.0039292 seconds, Stopping threads took: 0.0000203 seconds
188.431: [GC (Allocation Failure)  370691K->58853K(1033728K), 0.0038191 secs]
188.435: Total time for which application threads were stopped: 0.0039896 seconds, Stopping threads took: 0.0000200 seconds
188.502: [GC (Allocation Failure)  378341K->58821K(1033728K), 0.0038332 secs]
188.506: Total time for which application threads were stopped: 0.0040221 seconds, Stopping threads took: 0.0000206 seconds
188.572: [GC (Allocation Failure)  378309K->60485K(1033728K), 0.0040723 secs]
188.576: Total time for which application threads were stopped: 0.0042475 seconds, Stopping threads took: 0.0000206 seconds
188.646: [GC (Allocation Failure)  379973K->66887K(1033728K), 0.0036745 secs]
188.649: Total time for which application threads were stopped: 0.0038574 seconds, Stopping threads took: 0.0000266 seconds
188.716: [GC (Allocation Failure)  386375K->66855K(1033728K), 0.0038410 secs]
188.720: Total time for which application threads were stopped: 0.0040038 seconds, Stopping threads took: 0.0000205 seconds
188.787: [GC (Allocation Failure)  386343K->67687K(1033728K), 0.0038658 secs]
188.791: Total time for which application threads were stopped: 0.0040374 seconds, Stopping threads took: 0.0000204 seconds
188.859: [GC (Allocation Failure)  387175K->74921K(1033728K), 0.0037296 secs]
188.863: Total time for which application threads were stopped: 0.0038914 seconds, Stopping threads took: 0.0000203 seconds
188.930: [GC (Allocation Failure)  394409K->74889K(1033728K), 0.0036031 secs]
188.934: Total time for which application threads were stopped: 0.0037840 seconds, Stopping threads took: 0.0000198 seconds
189.000: [GC (Allocation Failure)  394377K->74953K(1033728K), 0.0038780 secs]
189.004: Total time for which application threads were stopped: 0.0040556 seconds, Stopping threads took: 0.0000205 seconds
189.071: [GC (Allocation Failure)  394441K->82956K(1033728K), 0.0038364 secs]
189.075: Total time for which application threads were stopped: 0.0040083 seconds, Stopping threads took: 0.0000198 seconds
189.142: [GC (Allocation Failure)  402444K->82956K(1033728K), 0.0037224 secs]
189.146: Total time for which application threads were stopped: 0.0038976 seconds, Stopping threads took: 0.0000276 seconds
189.212: [GC (Allocation Failure)  402444K->83148K(1019392K), 0.0039515 secs]
189.216: Total time for which application threads were stopped: 0.0041321 seconds, Stopping threads took: 0.0000207 seconds
189.284: [GC (Allocation Failure)  402636K->90990K(1033216K), 0.0037970 secs]
189.288: Total time for which application threads were stopped: 0.0039847 seconds, Stopping threads took: 0.0000206 seconds
189.355: [GC (Allocation Failure)  409454K->90958K(1033216K), 0.0038244 secs]
189.359: Total time for which application threads were stopped: 0.0039885 seconds, Stopping threads took: 0.0000196 seconds
189.424: [GC (Allocation Failure)  409422K->91414K(1033216K), 0.0064946 secs]
189.430: Total time for which application threads were stopped: 0.0066618 seconds, Stopping threads took: 0.0000203 seconds
189.498: [GC (Allocation Failure)  409878K->99000K(1033216K), 0.0036879 secs]
189.502: Total time for which application threads were stopped: 0.0038768 seconds, Stopping threads took: 0.0000205 seconds
189.567: [GC (Allocation Failure)  417464K->99000K(1033216K), 0.0040007 secs]
189.571: Total time for which application threads were stopped: 0.0041663 seconds, Stopping threads took: 0.0000198 seconds
189.636: [GC (Allocation Failure)  417464K->99632K(1033216K), 0.0038484 secs]
189.640: Total time for which application threads were stopped: 0.0040140 seconds, Stopping threads took: 0.0000262 seconds
189.707: [GC (Allocation Failure)  418096K->107026K(1033216K), 0.0039084 secs]
189.711: Total time for which application threads were stopped: 0.0040749 seconds, Stopping threads took: 0.0000205 seconds
189.780: [GC (Allocation Failure)  425490K->107026K(1033216K), 0.0037528 secs]
189.783: Total time for which application threads were stopped: 0.0039118 seconds, Stopping threads took: 0.0000166 seconds
189.849: [GC (Allocation Failure)  425490K->107754K(1033216K), 0.0039822 secs]
189.853: Total time for which application threads were stopped: 0.0041597 seconds, Stopping threads took: 0.0000187 seconds
189.920: [GC (Allocation Failure)  426218K->115053K(1033216K), 0.0038593 secs]
189.924: Total time for which application threads were stopped: 0.0040328 seconds, Stopping threads took: 0.0000227 seconds
189.991: [GC (Allocation Failure)  433517K->115085K(1033216K), 0.0038519 secs]
189.995: Total time for which application threads were stopped: 0.0040371 seconds, Stopping threads took: 0.0000204 seconds
190.062: [GC (Allocation Failure)  433549K->115973K(1033216K), 0.0041040 secs]
190.066: Total time for which application threads were stopped: 0.0043235 seconds, Stopping threads took: 0.0000194 seconds
190.135: [GC (Allocation Failure)  434437K->123079K(1033216K), 0.0038186 secs]
190.139: Total time for which application threads were stopped: 0.0040057 seconds, Stopping threads took: 0.0000285 seconds
190.206: [GC (Allocation Failure)  441543K->123079K(1033216K), 0.0039432 secs]
190.210: Total time for which application threads were stopped: 0.0041244 seconds, Stopping threads took: 0.0000206 seconds
190.276: [GC (Allocation Failure)  441543K->123175K(1033216K), 0.0039371 secs]
190.280: Total time for which application threads were stopped: 0.0041111 seconds, Stopping threads took: 0.0000203 seconds
190.348: [GC (Allocation Failure)  441639K->131113K(1033216K), 0.0048190 secs]
190.353: Total time for which application threads were stopped: 0.0050026 seconds, Stopping threads took: 0.0000200 seconds
190.421: [GC (Allocation Failure)  449577K->131145K(1033216K), 0.0039676 secs]
190.425: Total time for which application threads were stopped: 0.0041323 seconds, Stopping threads took: 0.0000213 seconds
190.491: [GC (Allocation Failure)  449609K->131465K(1033216K), 0.0038666 secs]
190.495: Total time for which application threads were stopped: 0.0040281 seconds, Stopping threads took: 0.0000199 seconds
190.561: [GC (Allocation Failure)  449929K->139147K(1033216K), 0.0039360 secs]
190.565: Total time for which application threads were stopped: 0.0040951 seconds, Stopping threads took: 0.0000190 seconds
190.633: [GC (Allocation Failure)  457611K->139147K(1033216K), 0.0041920 secs]
190.637: Total time for which application threads were stopped: 0.0043568 seconds, Stopping threads took: 0.0000192 seconds
190.702: [GC (Allocation Failure)  457611K->139691K(1033216K), 0.0040075 secs]
190.706: Total time for which application threads were stopped: 0.0041681 seconds, Stopping threads took: 0.0000194 seconds
190.773: [GC (Allocation Failure)  458155K->147182K(1033216K), 0.0047155 secs]
190.778: Total time for which application threads were stopped: 0.0048691 seconds, Stopping threads took: 0.0000179 seconds
190.845: [GC (Allocation Failure)  465646K->147182K(1033216K), 0.0040199 secs]
190.850: Total time for which application threads were stopped: 0.0042034 seconds, Stopping threads took: 0.0000250 seconds
190.914: [GC (Allocation Failure)  465646K->147406K(1033216K), 0.0039151 secs]
190.918: Total time for which application threads were stopped: 0.0041109 seconds, Stopping threads took: 0.0000203 seconds
190.986: [GC (Allocation Failure)  465870K->155216K(1033216K), 0.0038341 secs]
190.990: Total time for which application threads were stopped: 0.0040092 seconds, Stopping threads took: 0.0000194 seconds
191.058: [GC (Allocation Failure)  473680K->155248K(1033216K), 0.0037649 secs]
191.061: Total time for which application threads were stopped: 0.0039348 seconds, Stopping threads took: 0.0000198 seconds
191.128: [GC (Allocation Failure)  473712K->155368K(1033216K), 0.0039799 secs]
191.132: Total time for which application threads were stopped: 0.0041475 seconds, Stopping threads took: 0.0000205 seconds
191.199: [GC (Allocation Failure)  473832K->163242K(1033216K), 0.0039483 secs]
191.203: Total time for which application threads were stopped: 0.0041563 seconds, Stopping threads took: 0.0000278 seconds
191.270: [GC (Allocation Failure)  481706K->156744K(1033216K), 0.0013854 secs]
191.271: Total time for which application threads were stopped: 0.0015067 seconds, Stopping threads took: 0.0000179 seconds
191.340: [GC (Allocation Failure)  475208K->163290K(1033216K), 0.0037876 secs]
191.344: Total time for which application threads were stopped: 0.0039540 seconds, Stopping threads took: 0.0000214 seconds
191.414: [GC (Allocation Failure)  481754K->167418K(1033728K), 0.0045615 secs]
191.419: Total time for which application threads were stopped: 0.0047404 seconds, Stopping threads took: 0.0000199 seconds
191.486: [GC (Allocation Failure)  486906K->170296K(1030144K), 0.0051709 secs]
191.491: Total time for which application threads were stopped: 0.0053398 seconds, Stopping threads took: 0.0000277 seconds
191.558: [GC (Allocation Failure)  489784K->167642K(1032704K), 0.0041369 secs]
191.562: Total time for which application threads were stopped: 0.0043230 seconds, Stopping threads took: 0.0000191 seconds
191.629: [GC (Allocation Failure)  485082K->167386K(1032704K), 0.0040149 secs]
191.633: Total time for which application threads were stopped: 0.0041820 seconds, Stopping threads took: 0.0000196 seconds
191.700: [GC (Allocation Failure)  484826K->161272K(1033216K), 0.0014997 secs]
191.701: Total time for which application threads were stopped: 0.0016346 seconds, Stopping threads took: 0.0000192 seconds
191.769: [GC (Allocation Failure)  479736K->167578K(1033216K), 0.0064599 secs]
191.776: Total time for which application threads were stopped: 0.0066095 seconds, Stopping threads took: 0.0000258 seconds
191.842: [GC (Allocation Failure)  486042K->167418K(1033216K), 0.0038367 secs]
191.846: Total time for which application threads were stopped: 0.0040110 seconds, Stopping threads took: 0.0000205 seconds
191.912: [GC (Allocation Failure)  485882K->169530K(1033216K), 0.0064545 secs]
191.919: Total time for which application threads were stopped: 0.0066299 seconds, Stopping threads took: 0.0000192 seconds
191.985: [GC (Allocation Failure)  487994K->175389K(1033728K), 0.0039364 secs]
191.989: Total time for which application threads were stopped: 0.0041156 seconds, Stopping threads took: 0.0000201 seconds
192.056: [GC (Allocation Failure)  494877K->175453K(1033728K), 0.0041822 secs]
192.060: Total time for which application threads were stopped: 0.0043414 seconds, Stopping threads took: 0.0000195 seconds
192.128: [GC (Allocation Failure)  494941K->175709K(1033728K), 0.0040879 secs]
192.133: Total time for which application threads were stopped: 0.0042491 seconds, Stopping threads took: 0.0000195 seconds
192.199: [GC (Allocation Failure)  495197K->183551K(1033728K), 0.0041507 secs]
192.203: Total time for which application threads were stopped: 0.0043128 seconds, Stopping threads took: 0.0000201 seconds
192.270: [GC (Allocation Failure)  503039K->183455K(1033728K), 0.0041773 secs]
192.274: Total time for which application threads were stopped: 0.0043671 seconds, Stopping threads took: 0.0000206 seconds
192.341: [GC (Allocation Failure)  502943K->187015K(1033728K), 0.0049290 secs]
192.346: Total time for which application threads were stopped: 0.0051039 seconds, Stopping threads took: 0.0000202 seconds
192.414: [GC (Allocation Failure)  506503K->191529K(1034240K), 0.0039626 secs]
192.418: Total time for which application threads were stopped: 0.0041446 seconds, Stopping threads took: 0.0000205 seconds
192.485: [GC (Allocation Failure)  512041K->191497K(1034240K), 0.0041953 secs]
192.489: Total time for which application threads were stopped: 0.0043792 seconds, Stopping threads took: 0.0000216 seconds
192.558: [GC (Allocation Failure)  512009K->192201K(1034240K), 0.0042530 secs]
192.563: Total time for which application threads were stopped: 0.0044160 seconds, Stopping threads took: 0.0000197 seconds
192.632: [GC (Allocation Failure)  512713K->199531K(1034240K), 0.0038564 secs]
192.636: Total time for which application threads were stopped: 0.0040503 seconds, Stopping threads took: 0.0000210 seconds
192.704: [GC (Allocation Failure)  520043K->199499K(1034240K), 0.0039289 secs]
192.708: Total time for which application threads were stopped: 0.0041013 seconds, Stopping threads took: 0.0000195 seconds
192.778: [GC (Allocation Failure)  520011K->202475K(1034240K), 0.0045422 secs]
192.783: Total time for which application threads were stopped: 0.0046986 seconds, Stopping threads took: 0.0000149 seconds
192.852: [GC (Allocation Failure)  522987K->207598K(1034240K), 0.0039882 secs]
192.856: Total time for which application threads were stopped: 0.0041646 seconds, Stopping threads took: 0.0000203 seconds
192.925: [GC (Allocation Failure)  528110K->207598K(1034240K), 0.0039833 secs]
192.929: Total time for which application threads were stopped: 0.0041743 seconds, Stopping threads took: 0.0000195 seconds
192.997: [GC (Allocation Failure)  528110K->208654K(1034240K), 0.0042168 secs]
193.001: Total time for which application threads were stopped: 0.0043755 seconds, Stopping threads took: 0.0000167 seconds
193.069: [GC (Allocation Failure)  529166K->215728K(1034240K), 0.0041255 secs]
193.073: Total time for which application threads were stopped: 0.0042957 seconds, Stopping threads took: 0.0000203 seconds
193.141: [GC (Allocation Failure)  536240K->215600K(1034240K), 0.0040428 secs]
193.145: Total time for which application threads were stopped: 0.0042301 seconds, Stopping threads took: 0.0000211 seconds
193.212: [GC (Allocation Failure)  536112K->218952K(1034240K), 0.0047991 secs]
193.217: Total time for which application threads were stopped: 0.0049757 seconds, Stopping threads took: 0.0000195 seconds
193.284: [GC (Allocation Failure)  539464K->223658K(1034752K), 0.0040680 secs]
193.288: Total time for which application threads were stopped: 0.0042471 seconds, Stopping threads took: 0.0000221 seconds
193.356: [GC (Allocation Failure)  545194K->223626K(1034752K), 0.0040006 secs]
193.360: Total time for which application threads were stopped: 0.0041584 seconds, Stopping threads took: 0.0000198 seconds
193.427: [GC (Allocation Failure)  545162K->227210K(1034752K), 0.0048090 secs]
193.431: Total time for which application threads were stopped: 0.0049614 seconds, Stopping threads took: 0.0000174 seconds
193.498: [GC (Allocation Failure)  548746K->231692K(1034752K), 0.0040708 secs]
193.502: Total time for which application threads were stopped: 0.0042719 seconds, Stopping threads took: 0.0000284 seconds
193.568: [GC (Allocation Failure)  553228K->231692K(1034752K), 0.0040875 secs]
193.572: Total time for which application threads were stopped: 0.0042806 seconds, Stopping threads took: 0.0000198 seconds
193.640: [GC (Allocation Failure)  553228K->232364K(1034752K), 0.0042021 secs]
193.644: Total time for which application threads were stopped: 0.0043653 seconds, Stopping threads took: 0.0000299 seconds
193.712: [GC (Allocation Failure)  553900K->239727K(1034752K), 0.0043321 secs]
193.717: Total time for which application threads were stopped: 0.0045038 seconds, Stopping threads took: 0.0000200 seconds
193.785: [GC (Allocation Failure)  561263K->239695K(1034752K), 0.0042493 secs]
193.789: Total time for which application threads were stopped: 0.0043989 seconds, Stopping threads took: 0.0000170 seconds
193.855: [GC (Allocation Failure)  561231K->241607K(1034752K), 0.0044241 secs]
193.859: Total time for which application threads were stopped: 0.0045950 seconds, Stopping threads took: 0.0000202 seconds
193.928: [GC (Allocation Failure)  563143K->247753K(1034752K), 0.0043186 secs]
193.932: Total time for which application threads were stopped: 0.0044999 seconds, Stopping threads took: 0.0000204 seconds
193.999: [GC (Allocation Failure)  569289K->247721K(1034752K), 0.0041331 secs]
194.004: Total time for which application threads were stopped: 0.0043037 seconds, Stopping threads took: 0.0000196 seconds
194.069: [GC (Allocation Failure)  569257K->250889K(1034752K), 0.0048683 secs]
194.074: Total time for which application threads were stopped: 0.0050405 seconds, Stopping threads took: 0.0000193 seconds
194.142: [GC (Allocation Failure)  572425K->255851K(1034752K), 0.0041330 secs]
194.147: Total time for which application threads were stopped: 0.0042889 seconds, Stopping threads took: 0.0000264 seconds
194.214: [GC (Allocation Failure)  577387K->255755K(1034752K), 0.0042758 secs]
194.219: Total time for which application threads were stopped: 0.0044407 seconds, Stopping threads took: 0.0000253 seconds
194.284: [GC (Allocation Failure)  577291K->256011K(1034752K), 0.0041454 secs]
194.288: Total time for which application threads were stopped: 0.0043190 seconds, Stopping threads took: 0.0000201 seconds
194.355: [GC (Allocation Failure)  577547K->263885K(1029120K), 0.0046064 secs]
194.359: Total time for which application threads were stopped: 0.0048004 seconds, Stopping threads took: 0.0000199 seconds
194.426: [GC (Allocation Failure)  585421K->263789K(1034240K), 0.0042811 secs]
194.430: Total time for which application threads were stopped: 0.0044482 seconds, Stopping threads took: 0.0000194 seconds
194.496: [GC (Allocation Failure)  584301K->264237K(1034240K), 0.0042798 secs]
194.501: Total time for which application threads were stopped: 0.0044484 seconds, Stopping threads took: 0.0000190 seconds
194.568: [GC (Allocation Failure)  584749K->271856K(1034240K), 0.0041159 secs]
194.572: Total time for which application threads were stopped: 0.0042758 seconds, Stopping threads took: 0.0000202 seconds
194.640: [GC (Allocation Failure)  592368K->271856K(1034240K), 0.0039359 secs]
194.644: Total time for which application threads were stopped: 0.0041014 seconds, Stopping threads took: 0.0000260 seconds
194.710: [GC (Allocation Failure)  592368K->274504K(1034240K), 0.0046354 secs]
194.715: Total time for which application threads were stopped: 0.0048076 seconds, Stopping threads took: 0.0000200 seconds
194.784: [GC (Allocation Failure)  595016K->279850K(1034240K), 0.0047445 secs]
194.789: Total time for which application threads were stopped: 0.0049060 seconds, Stopping threads took: 0.0000169 seconds
194.858: [GC (Allocation Failure)  600362K->279882K(1034240K), 0.0041650 secs]
194.862: Total time for which application threads were stopped: 0.0043299 seconds, Stopping threads took: 0.0000198 seconds
194.929: [GC (Allocation Failure)  600394K->280746K(1034240K), 0.0042622 secs]
194.934: Total time for which application threads were stopped: 0.0044550 seconds, Stopping threads took: 0.0000193 seconds
195.004: [GC (Allocation Failure)  601258K->287916K(1034240K), 0.0043134 secs]
195.008: Total time for which application threads were stopped: 0.0044644 seconds, Stopping threads took: 0.0000176 seconds
195.076: [GC (Allocation Failure)  608428K->287916K(1034240K), 0.0041725 secs]
195.080: Total time for which application threads were stopped: 0.0043393 seconds, Stopping threads took: 0.0000200 seconds
195.147: [GC (Allocation Failure)  608428K->290988K(1034752K), 0.0047856 secs]
195.152: Total time for which application threads were stopped: 0.0049735 seconds, Stopping threads took: 0.0000264 seconds
195.221: [GC (Allocation Failure)  612012K->296015K(1034240K), 0.0044566 secs]
195.225: Total time for which application threads were stopped: 0.0046143 seconds, Stopping threads took: 0.0000173 seconds
195.292: [GC (Allocation Failure)  617039K->295919K(1034240K), 0.0043971 secs]
195.297: Total time for which application threads were stopped: 0.0045654 seconds, Stopping threads took: 0.0000192 seconds
195.362: [GC (Allocation Failure)  616431K->298183K(1034240K), 0.0045316 secs]
195.367: Total time for which application threads were stopped: 0.0047113 seconds, Stopping threads took: 0.0000203 seconds
195.436: [GC (Allocation Failure)  618695K->303977K(1034752K), 0.0042634 secs]
195.440: Total time for which application threads were stopped: 0.0044373 seconds, Stopping threads took: 0.0000200 seconds
195.508: [GC (Allocation Failure)  625513K->303945K(1034752K), 0.0042526 secs]
195.512: Total time for which application threads were stopped: 0.0044236 seconds, Stopping threads took: 0.0000203 seconds
195.577: [GC (Allocation Failure)  625481K->306441K(1034752K), 0.0046332 secs]
195.582: Total time for which application threads were stopped: 0.0048257 seconds, Stopping threads took: 0.0000200 seconds
195.650: [GC (Allocation Failure)  627977K->311979K(1034752K), 0.0040795 secs]
195.654: Total time for which application threads were stopped: 0.0042283 seconds, Stopping threads took: 0.0000251 seconds
195.722: [GC (Allocation Failure)  633515K->311947K(1034752K), 0.0044569 secs]
195.726: Total time for which application threads were stopped: 0.0047766 seconds, Stopping threads took: 0.0000194 seconds
195.792: [GC (Allocation Failure)  633483K->315691K(1034752K), 0.0051326 secs]
195.797: Total time for which application threads were stopped: 0.0052962 seconds, Stopping threads took: 0.0000189 seconds
195.863: [GC (Allocation Failure)  637227K->320077K(1034752K), 0.0042571 secs]
195.867: Total time for which application threads were stopped: 0.0044310 seconds, Stopping threads took: 0.0000200 seconds
195.936: [GC (Allocation Failure)  641613K->320013K(1034752K), 0.0044249 secs]
195.940: Total time for which application threads were stopped: 0.0045810 seconds, Stopping threads took: 0.0000167 seconds
196.006: [GC (Allocation Failure)  641549K->320837K(1034752K), 0.0043711 secs]
196.010: Total time for which application threads were stopped: 0.0045424 seconds, Stopping threads took: 0.0000197 seconds
196.078: [GC (Allocation Failure)  642373K->328168K(1034752K), 0.0044732 secs]
196.083: Total time for which application threads were stopped: 0.0046444 seconds, Stopping threads took: 0.0000200 seconds
196.150: [GC (Allocation Failure)  649704K->328072K(1034752K), 0.0043194 secs]
196.154: Total time for which application threads were stopped: 0.0044917 seconds, Stopping threads took: 0.0000283 seconds
196.220: [GC (Allocation Failure)  649608K->330120K(1034752K), 0.0044458 secs]
196.225: Total time for which application threads were stopped: 0.0046396 seconds, Stopping threads took: 0.0000255 seconds
196.295: [GC (Allocation Failure)  651656K->336138K(1034752K), 0.0043991 secs]
196.299: Total time for which application threads were stopped: 0.0045791 seconds, Stopping threads took: 0.0000174 seconds
196.367: [GC (Allocation Failure)  657674K->336074K(1034752K), 0.0045492 secs]
196.372: Total time for which application threads were stopped: 0.0047160 seconds, Stopping threads took: 0.0000185 seconds
196.437: [GC (Allocation Failure)  657610K->339370K(1034752K), 0.0049233 secs]
196.442: Total time for which application threads were stopped: 0.0050948 seconds, Stopping threads took: 0.0000194 seconds
196.511: [GC (Allocation Failure)  660906K->344140K(1034752K), 0.0044081 secs]
196.516: Total time for which application threads were stopped: 0.0045687 seconds, Stopping threads took: 0.0000192 seconds
196.583: [GC (Allocation Failure)  665676K->344140K(1034752K), 0.0044232 secs]
196.587: Total time for which application threads were stopped: 0.0045812 seconds, Stopping threads took: 0.0000188 seconds
196.652: [GC (Allocation Failure)  665676K->344524K(1034752K), 0.0043501 secs]
196.657: Total time for which application threads were stopped: 0.0045180 seconds, Stopping threads took: 0.0000260 seconds
196.723: [GC (Allocation Failure)  666060K->352142K(1034752K), 0.0042386 secs]
196.727: Total time for which application threads were stopped: 0.0044157 seconds, Stopping threads took: 0.0000253 seconds
196.796: [GC (Allocation Failure)  673678K->352142K(1034752K), 0.0043879 secs]
196.801: Total time for which application threads were stopped: 0.0045591 seconds, Stopping threads took: 0.0000204 seconds
196.866: [GC (Allocation Failure)  673678K->353798K(1034752K), 0.0046885 secs]
196.871: Total time for which application threads were stopped: 0.0048601 seconds, Stopping threads took: 0.0000201 seconds
196.938: [GC (Allocation Failure)  675334K->360233K(1029120K), 0.0042309 secs]
196.942: Total time for which application threads were stopped: 0.0043984 seconds, Stopping threads took: 0.0000198 seconds
197.008: [GC (Allocation Failure)  681769K->360169K(1034752K), 0.0044527 secs]
197.013: Total time for which application threads were stopped: 0.0046237 seconds, Stopping threads took: 0.0000191 seconds
197.080: [GC (Allocation Failure)  681193K->362537K(1034240K), 0.0047089 secs]
197.085: Total time for which application threads were stopped: 0.0048727 seconds, Stopping threads took: 0.0000208 seconds
197.153: [GC (Allocation Failure)  683561K->368299K(1034752K), 0.0041517 secs]
197.157: Total time for which application threads were stopped: 0.0043207 seconds, Stopping threads took: 0.0000261 seconds
197.225: [GC (Allocation Failure)  689835K->368235K(1034752K), 0.0046305 secs]
197.230: Total time for which application threads were stopped: 0.0048125 seconds, Stopping threads took: 0.0000195 seconds
197.297: [GC (Allocation Failure)  689771K->371243K(1034752K), 0.0067204 secs]
197.303: Total time for which application threads were stopped: 0.0068844 seconds, Stopping threads took: 0.0000197 seconds
197.371: [GC (Allocation Failure)  692779K->376205K(1034752K), 0.0043110 secs]
197.376: Total time for which application threads were stopped: 0.0044720 seconds, Stopping threads took: 0.0000195 seconds
197.443: [GC (Allocation Failure)  697741K->376237K(1034752K), 0.0043515 secs]
197.448: Total time for which application threads were stopped: 0.0045139 seconds, Stopping threads took: 0.0000194 seconds
197.515: [GC (Allocation Failure)  697773K->376397K(1021440K), 0.0045183 secs]
197.519: Total time for which application threads were stopped: 0.0046847 seconds, Stopping threads took: 0.0000204 seconds
197.588: [GC (Allocation Failure)  697933K->384303K(1034240K), 0.0044256 secs]
197.592: Total time for which application threads were stopped: 0.0045962 seconds, Stopping threads took: 0.0000200 seconds
197.660: [GC (Allocation Failure)  704815K->384271K(1034240K), 0.0042701 secs]
197.664: Total time for which application threads were stopped: 0.0044309 seconds, Stopping threads took: 0.0000193 seconds
197.730: [GC (Allocation Failure)  704783K->387719K(1034752K), 0.0049620 secs]
197.735: Total time for which application threads were stopped: 0.0051323 seconds, Stopping threads took: 0.0000284 seconds
197.804: [GC (Allocation Failure)  708743K->392330K(1034240K), 0.0044074 secs]
197.808: Total time for which application threads were stopped: 0.0045796 seconds, Stopping threads took: 0.0000195 seconds
197.875: [GC (Allocation Failure)  713354K->392298K(1034752K), 0.0045712 secs]
197.880: Total time for which application threads were stopped: 0.0047511 seconds, Stopping threads took: 0.0000204 seconds
197.947: [GC (Allocation Failure)  713834K->395946K(1034752K), 0.0050761 secs]
197.952: Total time for which application threads were stopped: 0.0052771 seconds, Stopping threads took: 0.0000269 seconds
198.022: [GC (Allocation Failure)  717482K->400428K(1034752K), 0.0044476 secs]
198.026: Total time for which application threads were stopped: 0.0047705 seconds, Stopping threads took: 0.0000195 seconds
198.093: [GC (Allocation Failure)  721964K->400332K(1034752K), 0.0046714 secs]
198.098: Total time for which application threads were stopped: 0.0050142 seconds, Stopping threads took: 0.0000188 seconds
198.163: [GC (Allocation Failure)  721868K->401100K(1034752K), 0.0044428 secs]
198.167: Total time for which application threads were stopped: 0.0046089 seconds, Stopping threads took: 0.0000252 seconds
198.235: [GC (Allocation Failure)  722636K->408430K(1034752K), 0.0047417 secs]
198.240: Total time for which application threads were stopped: 0.0049142 seconds, Stopping threads took: 0.0000204 seconds
198.308: [GC (Allocation Failure)  729966K->408366K(1034752K), 0.0045061 secs]
198.313: Total time for which application threads were stopped: 0.0046712 seconds, Stopping threads took: 0.0000187 seconds
198.378: [GC (Allocation Failure)  729902K->410382K(1034752K), 0.0048515 secs]
198.383: Total time for which application threads were stopped: 0.0050210 seconds, Stopping threads took: 0.0000191 seconds
198.452: [GC (Allocation Failure)  731918K->416400K(1034752K), 0.0043945 secs]
198.457: Total time for which application threads were stopped: 0.0045621 seconds, Stopping threads took: 0.0000202 seconds
198.523: [GC (Allocation Failure)  737936K->416368K(1034752K), 0.0044558 secs]
198.527: Total time for which application threads were stopped: 0.0046167 seconds, Stopping threads took: 0.0000202 seconds
198.592: [GC (Allocation Failure)  737904K->419624K(1034752K), 0.0051826 secs]
198.598: Total time for which application threads were stopped: 0.0053779 seconds, Stopping threads took: 0.0000200 seconds
198.665: [GC (Allocation Failure)  741160K->424523K(1034752K), 0.0044502 secs]
198.669: Total time for which application threads were stopped: 0.0046178 seconds, Stopping threads took: 0.0000258 seconds
198.735: [GC (Allocation Failure)  746059K->424427K(1034752K), 0.0045325 secs]
198.740: Total time for which application threads were stopped: 0.0047274 seconds, Stopping threads took: 0.0000219 seconds
198.806: [GC (Allocation Failure)  745963K->424771K(1034752K), 0.0045865 secs]
198.811: Total time for which application threads were stopped: 0.0047567 seconds, Stopping threads took: 0.0000197 seconds
198.877: [GC (Allocation Failure)  746307K->432485K(1034752K), 0.0044377 secs]
198.882: Total time for which application threads were stopped: 0.0046195 seconds, Stopping threads took: 0.0000201 seconds
198.949: [GC (Allocation Failure)  754021K->432485K(1034752K), 0.0044962 secs]
198.954: Total time for which application threads were stopped: 0.0046648 seconds, Stopping threads took: 0.0000278 seconds
199.019: [GC (Allocation Failure)  754021K->434029K(1034752K), 0.0047566 secs]
199.024: Total time for which application threads were stopped: 0.0049275 seconds, Stopping threads took: 0.0000211 seconds
199.092: [GC (Allocation Failure)  755565K->440591K(1029120K), 0.0051680 secs]
199.098: Total time for which application threads were stopped: 0.0053695 seconds, Stopping threads took: 0.0000209 seconds
199.166: [GC (Allocation Failure)  762127K->440527K(1034240K), 0.0044232 secs]
199.170: Total time for which application threads were stopped: 0.0045931 seconds, Stopping threads took: 0.0000283 seconds
199.236: [GC (Allocation Failure)  761039K->442247K(1034240K), 0.0047093 secs]
199.241: Total time for which application threads were stopped: 0.0048843 seconds, Stopping threads took: 0.0000205 seconds
199.308: [GC (Allocation Failure)  762759K->448554K(1034240K), 0.0044865 secs]
199.313: Total time for which application threads were stopped: 0.0046732 seconds, Stopping threads took: 0.0000210 seconds
199.380: [GC (Allocation Failure)  769066K->448490K(1034240K), 0.0041621 secs]
199.385: Total time for which application threads were stopped: 0.0043335 seconds, Stopping threads took: 0.0000199 seconds
199.450: [GC (Allocation Failure)  769002K->452490K(1034752K), 0.0054355 secs]
199.456: Total time for which application threads were stopped: 0.0056076 seconds, Stopping threads took: 0.0000196 seconds
199.524: [GC (Allocation Failure)  773514K->456556K(1034240K), 0.0047489 secs]
199.528: Total time for which application threads were stopped: 0.0049206 seconds, Stopping threads took: 0.0000198 seconds
199.594: [GC (Allocation Failure)  777580K->456556K(1034752K), 0.0064299 secs]
199.601: Total time for which application threads were stopped: 0.0065987 seconds, Stopping threads took: 0.0000199 seconds
199.668: [GC (Allocation Failure)  778092K->460684K(1034752K), 0.0054145 secs]
199.673: Total time for which application threads were stopped: 0.0055951 seconds, Stopping threads took: 0.0000264 seconds
199.740: [GC (Allocation Failure)  782220K->464654K(1035264K), 0.0045812 secs]
199.745: Total time for which application threads were stopped: 0.0047633 seconds, Stopping threads took: 0.0000203 seconds
199.814: [GC (Allocation Failure)  787214K->464590K(1035264K), 0.0050956 secs]
199.819: Total time for which application threads were stopped: 0.0052597 seconds, Stopping threads took: 0.0000169 seconds
199.884: [GC (Allocation Failure)  787150K->467910K(1035264K), 0.0052134 secs]
199.889: Total time for which application threads were stopped: 0.0054090 seconds, Stopping threads took: 0.0000192 seconds
199.958: [GC (Allocation Failure)  790470K->472648K(1035264K), 0.0045173 secs]
199.962: Total time for which application threads were stopped: 0.0046774 seconds, Stopping threads took: 0.0000176 seconds
200.030: [GC (Allocation Failure)  795208K->472616K(1035264K), 0.0046801 secs]
200.035: Total time for which application threads were stopped: 0.0048489 seconds, Stopping threads took: 0.0000189 seconds
200.100: [GC (Allocation Failure)  795176K->476136K(1035264K), 0.0053421 secs]
200.105: Total time for which application threads were stopped: 0.0055217 seconds, Stopping threads took: 0.0000197 seconds
200.174: [GC (Allocation Failure)  798696K->480651K(1035264K), 0.0046303 secs]
200.179: Total time for which application threads were stopped: 0.0047926 seconds, Stopping threads took: 0.0000273 seconds
200.247: [GC (Allocation Failure)  803211K->480651K(1035264K), 0.0046525 secs]
200.251: Total time for which application threads were stopped: 0.0048158 seconds, Stopping threads took: 0.0000205 seconds
200.316: [GC (Allocation Failure)  803211K->484363K(1035776K), 0.0053331 secs]
200.322: Total time for which application threads were stopped: 0.0054967 seconds, Stopping threads took: 0.0000200 seconds
200.390: [GC (Allocation Failure)  807435K->488877K(1035264K), 0.0046382 secs]
200.394: Total time for which application threads were stopped: 0.0048032 seconds, Stopping threads took: 0.0000199 seconds
200.461: [GC (Allocation Failure)  811949K->488685K(1035776K), 0.0052415 secs]
200.467: Total time for which application threads were stopped: 0.0054174 seconds, Stopping threads took: 0.0000200 seconds
200.534: [GC (Allocation Failure)  812269K->486571K(1035776K), 0.0039611 secs]
200.538: Total time for which application threads were stopped: 0.0041380 seconds, Stopping threads took: 0.0000218 seconds
200.606: [GC (Allocation Failure)  810155K->488781K(1036288K), 0.0046468 secs]
200.611: Total time for which application threads were stopped: 0.0048306 seconds, Stopping threads took: 0.0000197 seconds
200.679: [GC (Allocation Failure)  813389K->488685K(1036288K), 0.0044526 secs]
200.684: Total time for which application threads were stopped: 0.0046353 seconds, Stopping threads took: 0.0000208 seconds
200.749: [GC (Allocation Failure)  813293K->496011K(1031168K), 0.0096516 secs]
200.759: Total time for which application threads were stopped: 0.0098629 seconds, Stopping threads took: 0.0000253 seconds
200.827: [GC (Allocation Failure)  815499K->491885K(1033728K), 0.0045256 secs]
200.831: Total time for which application threads were stopped: 0.0047156 seconds, Stopping threads took: 0.0000171 seconds
200.897: [GC (Allocation Failure)  811373K->491789K(1034752K), 0.0046746 secs]
200.901: Total time for which application threads were stopped: 0.0048606 seconds, Stopping threads took: 0.0000192 seconds
200.971: [GC (Allocation Failure)  812813K->495787K(1032704K), 0.0062357 secs]
200.977: Total time for which application threads were stopped: 0.0063959 seconds, Stopping threads took: 0.0000193 seconds
201.044: [GC (Allocation Failure)  816811K->491789K(1034240K), 0.0045204 secs]
201.049: Total time for which application threads were stopped: 0.0046894 seconds, Stopping threads took: 0.0000194 seconds
201.117: [GC (Allocation Failure)  811789K->491757K(1033728K), 0.0044461 secs]
201.121: Total time for which application threads were stopped: 0.0046146 seconds, Stopping threads took: 0.0000193 seconds
201.187: [GC (Allocation Failure)  811757K->493355K(1034752K), 0.0051870 secs]
201.193: Total time for which application threads were stopped: 0.0053551 seconds, Stopping threads took: 0.0000272 seconds
201.261: [GC (Allocation Failure)  814891K->492045K(1034752K), 0.0046091 secs]
201.266: Total time for which application threads were stopped: 0.0047937 seconds, Stopping threads took: 0.0000257 seconds
201.333: [GC (Allocation Failure)  813581K->491789K(1035776K), 0.0056584 secs]
201.339: Total time for which application threads were stopped: 0.0058397 seconds, Stopping threads took: 0.0000202 seconds
201.404: [GC (Allocation Failure)  814861K->496139K(1035264K), 0.0065559 secs]
201.411: Total time for which application threads were stopped: 0.0067270 seconds, Stopping threads took: 0.0000193 seconds
201.477: [GC (Allocation Failure)  819211K->491981K(1035264K), 0.0048258 secs]
201.482: Total time for which application threads were stopped: 0.0050087 seconds, Stopping threads took: 0.0000203 seconds
201.550: [GC (Allocation Failure)  814541K->491821K(1035264K), 0.0044925 secs]
201.555: Total time for which application threads were stopped: 0.0046764 seconds, Stopping threads took: 0.0000203 seconds
201.625: [GC (Allocation Failure)  814381K->484555K(1034240K), 0.0016904 secs]
201.627: Total time for which application threads were stopped: 0.0018230 seconds, Stopping threads took: 0.0000256 seconds
201.695: [GC (Allocation Failure)  806091K->491925K(1034752K), 0.0043719 secs]
201.699: Total time for which application threads were stopped: 0.0045191 seconds, Stopping threads took: 0.0000189 seconds
201.768: [GC (Allocation Failure)  813461K->495965K(1035264K), 0.0073362 secs]
201.775: Total time for which application threads were stopped: 0.0075267 seconds, Stopping threads took: 0.0000258 seconds
201.844: [GC (Allocation Failure)  818525K->490971K(1035264K), 0.0030035 secs]
201.847: Total time for which application threads were stopped: 0.0031689 seconds, Stopping threads took: 0.0000197 seconds
201.915: [GC (Allocation Failure)  813531K->496045K(1035264K), 0.0047219 secs]
201.920: Total time for which application threads were stopped: 0.0048915 seconds, Stopping threads took: 0.0000193 seconds
201.988: [GC (Allocation Failure)  818605K->500069K(1035264K), 0.0047386 secs]
201.993: Total time for which application threads were stopped: 0.0049091 seconds, Stopping threads took: 0.0000196 seconds
202.058: [GC (Allocation Failure)  822628K->496195K(1035776K), 0.0036090 secs]
202.061: Total time for which application threads were stopped: 0.0038003 seconds, Stopping threads took: 0.0000197 seconds
202.132: [GC (Allocation Failure)  819779K->500237K(1035776K), 0.0045812 secs]
202.136: Total time for which application threads were stopped: 0.0047525 seconds, Stopping threads took: 0.0000170 seconds
202.207: [GC (Allocation Failure)  823821K->504237K(1035776K), 0.0046637 secs]
202.211: Total time for which application threads were stopped: 0.0048408 seconds, Stopping threads took: 0.0000203 seconds
202.281: [GC (Allocation Failure)  827821K->504237K(1035776K), 0.0043983 secs]
202.285: Total time for which application threads were stopped: 0.0045556 seconds, Stopping threads took: 0.0000195 seconds
202.354: [GC (Allocation Failure)  827821K->504269K(1034752K), 0.0046531 secs]
202.359: Total time for which application threads were stopped: 0.0048332 seconds, Stopping threads took: 0.0000193 seconds
202.427: [GC (Allocation Failure)  826829K->512271K(1035264K), 0.0045733 secs]
202.431: Total time for which application threads were stopped: 0.0047669 seconds, Stopping threads took: 0.0000198 seconds
202.499: [GC (Allocation Failure)  834831K->512207K(1035264K), 0.0047135 secs]
202.504: Total time for which application threads were stopped: 0.0048969 seconds, Stopping threads took: 0.0000167 seconds
202.572: [GC (Allocation Failure)  834767K->512303K(1022464K), 0.0046822 secs]
202.577: Total time for which application threads were stopped: 0.0048757 seconds, Stopping threads took: 0.0000199 seconds
202.646: [GC (Allocation Failure)  834863K->520305K(1034752K), 0.0046683 secs]
202.651: Total time for which application threads were stopped: 0.0048336 seconds, Stopping threads took: 0.0000253 seconds
202.719: [GC (Allocation Failure)  841841K->520273K(1034752K), 0.0045024 secs]
202.724: Total time for which application threads were stopped: 0.0046813 seconds, Stopping threads took: 0.0000204 seconds
202.792: [GC (Allocation Failure)  841809K->520521K(1034752K), 0.0047681 secs]
202.797: Total time for which application threads were stopped: 0.0049624 seconds, Stopping threads took: 0.0000199 seconds
202.865: [GC (Allocation Failure)  842057K->528300K(1029120K), 0.0047515 secs]
202.870: Total time for which application threads were stopped: 0.0049114 seconds, Stopping threads took: 0.0000190 seconds
202.937: [GC (Allocation Failure)  849836K->528300K(1034240K), 0.0046950 secs]
202.942: Total time for which application threads were stopped: 0.0048848 seconds, Stopping threads took: 0.0000202 seconds
203.008: [GC (Allocation Failure)  848812K->528708K(1034240K), 0.0047781 secs]
203.013: Total time for which application threads were stopped: 0.0049603 seconds, Stopping threads took: 0.0000200 seconds
203.080: [GC (Allocation Failure)  849220K->536326K(1034240K), 0.0046488 secs]
203.084: Total time for which application threads were stopped: 0.0048053 seconds, Stopping threads took: 0.0000190 seconds
203.151: [GC (Allocation Failure)  856838K->536326K(1034240K), 0.0045155 secs]
203.156: Total time for which application threads were stopped: 0.0046756 seconds, Stopping threads took: 0.0000258 seconds
203.223: [GC (Allocation Failure)  856838K->536454K(1034240K), 0.0047278 secs]
203.227: Total time for which application threads were stopped: 0.0048891 seconds, Stopping threads took: 0.0000195 seconds
203.294: [GC (Allocation Failure)  856966K->544360K(1028096K), 0.0047333 secs]
203.299: Total time for which application threads were stopped: 0.0048884 seconds, Stopping threads took: 0.0000188 seconds
203.366: [GC (Allocation Failure)  864872K->544360K(1033728K), 0.0046893 secs]
203.371: Total time for which application threads were stopped: 0.0048735 seconds, Stopping threads took: 0.0000248 seconds
203.437: [GC (Allocation Failure)  863848K->544424K(1033728K), 0.0046069 secs]
203.442: Total time for which application threads were stopped: 0.0048040 seconds, Stopping threads took: 0.0000202 seconds
203.507: [GC (Allocation Failure)  863912K->552426K(1033728K), 0.0065116 secs]
203.513: Total time for which application threads were stopped: 0.0066747 seconds, Stopping threads took: 0.0000201 seconds
203.579: [GC (Allocation Failure)  871914K->552426K(1033728K), 0.0048478 secs]
203.584: Total time for which application threads were stopped: 0.0050446 seconds, Stopping threads took: 0.0000208 seconds
203.652: [GC (Allocation Failure)  871914K->552682K(1033728K), 0.0045638 secs]
203.657: Total time for which application threads were stopped: 0.0047227 seconds, Stopping threads took: 0.0000252 seconds
203.723: [GC (Allocation Failure)  872170K->560429K(1033728K), 0.0045523 secs]
203.727: Total time for which application threads were stopped: 0.0047081 seconds, Stopping threads took: 0.0000252 seconds
203.793: [GC (Allocation Failure)  879916K->556490K(1034240K), 0.0035553 secs]
203.796: Total time for which application threads were stopped: 0.0037125 seconds, Stopping threads took: 0.0000259 seconds
203.865: [GC (Allocation Failure)  876490K->560557K(1033728K), 0.0046547 secs]
203.869: Total time for which application threads were stopped: 0.0048314 seconds, Stopping threads took: 0.0000201 seconds
203.937: [GC (Allocation Failure)  880557K->564525K(1034752K), 0.0045930 secs]
203.941: Total time for which application threads were stopped: 0.0047574 seconds, Stopping threads took: 0.0000203 seconds
204.008: [GC (Allocation Failure)  886061K->558794K(1034752K), 0.0028578 secs]
204.011: Total time for which application threads were stopped: 0.0030319 seconds, Stopping threads took: 0.0000205 seconds
204.077: [GC (Allocation Failure)  880330K->564629K(1035264K), 0.0049553 secs]
204.082: Total time for which application threads were stopped: 0.0051553 seconds, Stopping threads took: 0.0000204 seconds
204.150: [GC (Allocation Failure)  886677K->568709K(1034752K), 0.0052405 secs]
204.155: Total time for which application threads were stopped: 0.0054177 seconds, Stopping threads took: 0.0000207 seconds
204.224: [GC (Allocation Failure)  890495K->564802K(1035776K), 0.0035709 secs]
204.228: Total time for which application threads were stopped: 0.0037390 seconds, Stopping threads took: 0.0000197 seconds
204.295: [GC (Allocation Failure)  887874K->568877K(1035264K), 0.0049327 secs]
204.300: Total time for which application threads were stopped: 0.0051055 seconds, Stopping threads took: 0.0000200 seconds
204.367: [GC (Allocation Failure)  891949K->572845K(1035264K), 0.0048046 secs]
204.372: Total time for which application threads were stopped: 0.0049741 seconds, Stopping threads took: 0.0000196 seconds
204.441: [GC (Allocation Failure)  896429K->572845K(1035776K), 0.0047377 secs]
204.446: Total time for which application threads were stopped: 0.0049091 seconds, Stopping threads took: 0.0000191 seconds
204.515: [GC (Allocation Failure)  896429K->572909K(1034752K), 0.0047529 secs]
204.520: Total time for which application threads were stopped: 0.0049618 seconds, Stopping threads took: 0.0000248 seconds
204.589: [GC (Allocation Failure)  895469K->580879K(1035264K), 0.0048554 secs]
204.594: Total time for which application threads were stopped: 0.0050234 seconds, Stopping threads took: 0.0000190 seconds
204.660: [GC (Allocation Failure)  903439K->580879K(1034240K), 0.0048442 secs]
204.665: Total time for which application threads were stopped: 0.0050093 seconds, Stopping threads took: 0.0000257 seconds
204.732: [GC (Allocation Failure)  902415K->580935K(1034752K), 0.0047563 secs]
204.736: Total time for which application threads were stopped: 0.0049147 seconds, Stopping threads took: 0.0000189 seconds
204.803: [GC (Allocation Failure)  902471K->588905K(1034752K), 0.0047734 secs]
204.808: Total time for which application threads were stopped: 0.0049455 seconds, Stopping threads took: 0.0000198 seconds
204.877: [GC (Allocation Failure)  910441K->588905K(1029120K), 0.0046509 secs]
204.881: Total time for which application threads were stopped: 0.0048276 seconds, Stopping threads took: 0.0000198 seconds
204.948: [GC (Allocation Failure)  910441K->589129K(1034240K), 0.0048682 secs]
204.953: Total time for which application threads were stopped: 0.0050328 seconds, Stopping threads took: 0.0000196 seconds
205.021: [GC (Allocation Failure)  909641K->596940K(1034240K), 0.0047595 secs]
205.026: Total time for which application threads were stopped: 0.0049567 seconds, Stopping threads took: 0.0000194 seconds
205.094: [GC (Allocation Failure)  917452K->596940K(1034240K), 0.0049470 secs]
205.099: Total time for which application threads were stopped: 0.0051193 seconds, Stopping threads took: 0.0000206 seconds
205.167: [GC (Allocation Failure)  917452K->597380K(1020416K), 0.0048887 secs]
205.172: Total time for which application threads were stopped: 0.0050566 seconds, Stopping threads took: 0.0000277 seconds
205.238: [GC (Allocation Failure)  917892K->604998K(1033728K), 0.0050184 secs]
205.243: Total time for which application threads were stopped: 0.0051848 seconds, Stopping threads took: 0.0000194 seconds
205.309: [GC (Allocation Failure)  924486K->604998K(1033728K), 0.0048602 secs]
205.314: Total time for which application threads were stopped: 0.0050163 seconds, Stopping threads took: 0.0000190 seconds
205.379: [GC (Allocation Failure)  924486K->605094K(1033728K), 0.0048550 secs]
205.384: Total time for which application threads were stopped: 0.0050216 seconds, Stopping threads took: 0.0000192 seconds
205.451: [GC (Allocation Failure)  924582K->613000K(1033728K), 0.0047592 secs]
205.456: Total time for which application threads were stopped: 0.0049368 seconds, Stopping threads took: 0.0000194 seconds
205.524: [GC (Allocation Failure)  932488K->612968K(1033728K), 0.0065370 secs]
205.531: Total time for which application threads were stopped: 0.0067051 seconds, Stopping threads took: 0.0000195 seconds
205.597: [GC (Allocation Failure)  932456K->613064K(1033728K), 0.0047902 secs]
205.602: Total time for which application threads were stopped: 0.0049489 seconds, Stopping threads took: 0.0000194 seconds
205.671: [GC (Allocation Failure)  932552K->621034K(1032704K), 0.0060975 secs]
205.678: Total time for which application threads were stopped: 0.0062722 seconds, Stopping threads took: 0.0000265 seconds
205.745: [GC (Allocation Failure)  939498K->615464K(1033216K), 0.0028818 secs]
205.748: Total time for which application threads were stopped: 0.0030354 seconds, Stopping threads took: 0.0000193 seconds
205.815: [GC (Allocation Failure)  933928K->621290K(1034752K), 0.0048493 secs]
205.820: Total time for which application threads were stopped: 0.0050210 seconds, Stopping threads took: 0.0000191 seconds
205.889: [GC (Allocation Failure)  941802K->625202K(1033728K), 0.0051580 secs]
205.895: Total time for which application threads were stopped: 0.0053149 seconds, Stopping threads took: 0.0000171 seconds
205.962: [GC (Allocation Failure)  945714K->632072K(1029120K), 0.0076593 secs]
205.970: Total time for which application threads were stopped: 0.0078367 seconds, Stopping threads took: 0.0000273 seconds
206.037: [GC (Allocation Failure)  947464K->625994K(1031680K), 0.0051196 secs]
206.042: Total time for which application threads were stopped: 0.0052992 seconds, Stopping threads took: 0.0000197 seconds
206.107: [GC (Allocation Failure)  941386K->625802K(1032704K), 0.0049751 secs]
206.112: Total time for which application threads were stopped: 0.0051438 seconds, Stopping threads took: 0.0000215 seconds
206.177: [GC (Allocation Failure)  942730K->629226K(1032192K), 0.0053975 secs]
206.182: Total time for which application threads were stopped: 0.0055658 seconds, Stopping threads took: 0.0000261 seconds
206.249: [GC (Allocation Failure)  946154K->633901K(1033216K), 0.0111900 secs]
206.260: Total time for which application threads were stopped: 0.0113643 seconds, Stopping threads took: 0.0000195 seconds
206.329: [GC (Allocation Failure)  951853K->633869K(1032704K), 0.0049878 secs]
206.335: Total time for which application threads were stopped: 0.0051573 seconds, Stopping threads took: 0.0000200 seconds
206.401: [GC (Allocation Failure)  951821K->634853K(1033216K), 0.0075394 secs]
206.408: Total time for which application threads were stopped: 0.0077222 seconds, Stopping threads took: 0.0000187 seconds
206.476: [GC (Allocation Failure)  953317K->641863K(1033216K), 0.0050819 secs]
206.482: Total time for which application threads were stopped: 0.0052522 seconds, Stopping threads took: 0.0000204 seconds
206.549: [GC (Allocation Failure)  960327K->641895K(1033728K), 0.0047916 secs]
206.554: Total time for which application threads were stopped: 0.0049665 seconds, Stopping threads took: 0.0000193 seconds
206.620: [GC (Allocation Failure)  960871K->643559K(1033216K), 0.0049090 secs]
206.625: Total time for which application threads were stopped: 0.0050790 seconds, Stopping threads took: 0.0000203 seconds
206.695: [GC (Allocation Failure)  962535K->649961K(1033728K), 0.0047141 secs]
206.700: Total time for which application threads were stopped: 0.0048961 seconds, Stopping threads took: 0.0000285 seconds
206.767: [GC (Allocation Failure)  969449K->649897K(1033728K), 0.0058165 secs]
206.773: Total time for which application threads were stopped: 0.0059608 seconds, Stopping threads took: 0.0000252 seconds
206.840: [GC (Allocation Failure)  969385K->650249K(1033728K), 0.0050248 secs]
206.845: Total time for which application threads were stopped: 0.0051958 seconds, Stopping threads took: 0.0000197 seconds
206.912: [GC (Allocation Failure)  969737K->657931K(1033728K), 0.0048957 secs]
206.917: Total time for which application threads were stopped: 0.0050961 seconds, Stopping threads took: 0.0000258 seconds
206.984: [GC (Allocation Failure)  977419K->657931K(1033728K), 0.0048489 secs]
206.989: Total time for which application threads were stopped: 0.0050420 seconds, Stopping threads took: 0.0000194 seconds
207.056: [GC (Allocation Failure)  977419K->661547K(1033728K), 0.0057306 secs]
207.062: Total time for which application threads were stopped: 0.0058941 seconds, Stopping threads took: 0.0000197 seconds
207.130: [GC (Allocation Failure)  981035K->666062K(1034240K), 0.0049005 secs]
207.135: Total time for which application threads were stopped: 0.0050627 seconds, Stopping threads took: 0.0000203 seconds
207.203: [GC (Allocation Failure)  986574K->665966K(1034240K), 0.0049244 secs]
207.208: Total time for which application threads were stopped: 0.0051001 seconds, Stopping threads took: 0.0000274 seconds
207.274: [GC (Allocation Failure)  986478K->666694K(1034240K), 0.0049065 secs]
207.279: Total time for which application threads were stopped: 0.0050758 seconds, Stopping threads took: 0.0000193 seconds
207.347: [GC (Allocation Failure)  987206K->674024K(1034240K), 0.0048642 secs]
207.352: Total time for which application threads were stopped: 0.0050427 seconds, Stopping threads took: 0.0000203 seconds
207.421: [GC (Allocation Failure)  994536K->674024K(1034240K), 0.0046869 secs]
207.426: Total time for which application threads were stopped: 0.0048714 seconds, Stopping threads took: 0.0000206 seconds
207.493: [GC (Allocation Failure)  994536K->674920K(1034240K), 0.0050199 secs]
207.498: Total time for which application threads were stopped: 0.0052528 seconds, Stopping threads took: 0.0000361 seconds
207.566: [GC (Allocation Failure)  995432K->682026K(1034240K), 0.0064845 secs]
207.572: Total time for which application threads were stopped: 0.0066605 seconds, Stopping threads took: 0.0000206 seconds
207.642: [GC (Allocation Failure)  1002538K->682026K(1034240K), 0.0050181 secs]
207.647: Total time for which application threads were stopped: 0.0051690 seconds, Stopping threads took: 0.0000167 seconds
207.715: [GC (Allocation Failure)  1002538K->683178K(1034240K), 0.0049044 secs]
207.720: Total time for which application threads were stopped: 0.0050838 seconds, Stopping threads took: 0.0000288 seconds
207.789: [GC (Allocation Failure)  1003690K->690156K(1034240K), 0.0051772 secs]
207.794: Total time for which application threads were stopped: 0.0053391 seconds, Stopping threads took: 0.0000195 seconds
207.862: [GC (Allocation Failure)  1010668K->690060K(1034240K), 0.0050038 secs]
207.867: Total time for which application threads were stopped: 0.0052027 seconds, Stopping threads took: 0.0000194 seconds
207.936: [GC (Allocation Failure)  1010572K->690380K(1020416K), 0.0049022 secs]
207.941: [Full GC (Ergonomics)  690380K->8801K(1020416K), 0.0129304 secs]
207.954: Total time for which application threads were stopped: 0.0180862 seconds, Stopping threads took: 0.0000200 seconds
208.022: [GC (Allocation Failure)  329313K->17667K(1033728K), 0.0038278 secs]
208.026: Total time for which application threads were stopped: 0.0040094 seconds, Stopping threads took: 0.0000200 seconds
208.092: [GC (Allocation Failure)  337155K->17651K(1033728K), 0.0036533 secs]
208.096: Total time for which application threads were stopped: 0.0038080 seconds, Stopping threads took: 0.0000203 seconds
208.162: [GC (Allocation Failure)  337139K->18155K(1033728K), 0.0036608 secs]
208.166: Total time for which application threads were stopped: 0.0038240 seconds, Stopping threads took: 0.0000273 seconds
208.233: [GC (Allocation Failure)  337643K->25709K(1033728K), 0.0038839 secs]
208.237: Total time for which application threads were stopped: 0.0040679 seconds, Stopping threads took: 0.0000283 seconds
208.304: [GC (Allocation Failure)  345197K->25677K(1033728K), 0.0035932 secs]
208.308: Total time for which application threads were stopped: 0.0037674 seconds, Stopping threads took: 0.0000214 seconds
208.375: [GC (Allocation Failure)  345165K->26381K(1033728K), 0.0037415 secs]
208.379: Total time for which application threads were stopped: 0.0039022 seconds, Stopping threads took: 0.0000200 seconds
208.448: [GC (Allocation Failure)  345869K->33680K(1033728K), 0.0036994 secs]
208.452: Total time for which application threads were stopped: 0.0038752 seconds, Stopping threads took: 0.0000192 seconds
208.521: [GC (Allocation Failure)  353168K->33680K(1033728K), 0.0062607 secs]
208.527: Total time for which application threads were stopped: 0.0064353 seconds, Stopping threads took: 0.0000202 seconds
208.594: [GC (Allocation Failure)  353168K->35656K(1033728K), 0.0038952 secs]
208.598: Total time for which application threads were stopped: 0.0040981 seconds, Stopping threads took: 0.0000441 seconds
208.666: [GC (Allocation Failure)  355144K->41738K(1033728K), 0.0035857 secs]
208.670: Total time for which application threads were stopped: 0.0037579 seconds, Stopping threads took: 0.0000274 seconds
208.737: [GC (Allocation Failure)  361226K->41706K(1033728K), 0.0038575 secs]
208.740: Total time for which application threads were stopped: 0.0040374 seconds, Stopping threads took: 0.0000222 seconds
208.808: [GC (Allocation Failure)  361194K->42826K(1033728K), 0.0038550 secs]
208.812: Total time for which application threads were stopped: 0.0040471 seconds, Stopping threads took: 0.0000197 seconds
208.880: [GC (Allocation Failure)  362314K->49772K(1033728K), 0.0036877 secs]
208.883: Total time for which application threads were stopped: 0.0038597 seconds, Stopping threads took: 0.0000202 seconds
208.950: [GC (Allocation Failure)  369260K->49772K(1033728K), 0.0038239 secs]
208.954: Total time for which application threads were stopped: 0.0040364 seconds, Stopping threads took: 0.0000205 seconds
209.021: [GC (Allocation Failure)  369260K->50092K(1033728K), 0.0037281 secs]
209.025: Total time for which application threads were stopped: 0.0038962 seconds, Stopping threads took: 0.0000207 seconds
209.093: [GC (Allocation Failure)  369580K->57807K(1033728K), 0.0038896 secs]
209.097: Total time for which application threads were stopped: 0.0040696 seconds, Stopping threads took: 0.0000286 seconds
209.164: [GC (Allocation Failure)  377295K->57743K(1033728K), 0.0044451 secs]
209.168: Total time for which application threads were stopped: 0.0046341 seconds, Stopping threads took: 0.0000279 seconds
209.235: [GC (Allocation Failure)  377231K->58311K(1033728K), 0.0039318 secs]
209.239: Total time for which application threads were stopped: 0.0041010 seconds, Stopping threads took: 0.0000209 seconds
209.308: [GC (Allocation Failure)  377799K->65833K(1033728K), 0.0038800 secs]
209.312: Total time for which application threads were stopped: 0.0040440 seconds, Stopping threads took: 0.0000205 seconds
209.378: [GC (Allocation Failure)  385321K->65833K(1033728K), 0.0039422 secs]
209.382: Total time for which application threads were stopped: 0.0041018 seconds, Stopping threads took: 0.0000196 seconds
209.448: [GC (Allocation Failure)  385321K->66537K(1033728K), 0.0039375 secs]
209.452: Total time for which application threads were stopped: 0.0041062 seconds, Stopping threads took: 0.0000190 seconds
209.521: [GC (Allocation Failure)  386025K->73835K(1033728K), 0.0037105 secs]
209.524: Total time for which application threads were stopped: 0.0038734 seconds, Stopping threads took: 0.0000196 seconds
209.591: [GC (Allocation Failure)  393323K->73835K(1033728K), 0.0037135 secs]
209.595: Total time for which application threads were stopped: 0.0038838 seconds, Stopping threads took: 0.0000195 seconds
209.661: [GC (Allocation Failure)  393323K->74763K(1033728K), 0.0037578 secs]
209.665: Total time for which application threads were stopped: 0.0039404 seconds, Stopping threads took: 0.0000266 seconds
209.732: [GC (Allocation Failure)  394251K->81869K(1033728K), 0.0064720 secs]
209.738: Total time for which application threads were stopped: 0.0066345 seconds, Stopping threads took: 0.0000200 seconds
209.806: [GC (Allocation Failure)  401357K->81869K(1033728K), 0.0038452 secs]
209.810: Total time for which application threads were stopped: 0.0039948 seconds, Stopping threads took: 0.0000174 seconds
209.876: [GC (Allocation Failure)  401357K->81957K(1033728K), 0.0038936 secs]
209.880: Total time for which application threads were stopped: 0.0040899 seconds, Stopping threads took: 0.0000196 seconds
209.949: [GC (Allocation Failure)  401445K->89896K(1027072K), 0.0035620 secs]
209.953: Total time for which application threads were stopped: 0.0037212 seconds, Stopping threads took: 0.0000172 seconds
210.020: [GC (Allocation Failure)  409384K->89896K(1033216K), 0.0038542 secs]
210.024: Total time for which application threads were stopped: 0.0040163 seconds, Stopping threads took: 0.0000196 seconds
210.090: [GC (Allocation Failure)  408360K->90216K(1033216K), 0.0039195 secs]
210.094: Total time for which application threads were stopped: 0.0040984 seconds, Stopping threads took: 0.0000188 seconds
210.162: [GC (Allocation Failure)  408680K->97930K(1033216K), 0.0038813 secs]
210.166: Total time for which application threads were stopped: 0.0040873 seconds, Stopping threads took: 0.0000254 seconds
210.232: [GC (Allocation Failure)  416394K->97962K(1033216K), 0.0040173 secs]
210.236: Total time for which application threads were stopped: 0.0042069 seconds, Stopping threads took: 0.0000280 seconds
210.302: [GC (Allocation Failure)  416426K->98474K(1033216K), 0.0037849 secs]
210.306: Total time for which application threads were stopped: 0.0039779 seconds, Stopping threads took: 0.0000199 seconds
210.373: [GC (Allocation Failure)  416938K->105996K(1033216K), 0.0041664 secs]
210.378: Total time for which application threads were stopped: 0.0043412 seconds, Stopping threads took: 0.0000199 seconds
210.445: [GC (Allocation Failure)  424460K->105964K(1033216K), 0.0039454 secs]
210.449: Total time for which application threads were stopped: 0.0041180 seconds, Stopping threads took: 0.0000193 seconds
210.513: [GC (Allocation Failure)  424428K->106188K(1033216K), 0.0037324 secs]
210.517: Total time for which application threads were stopped: 0.0039052 seconds, Stopping threads took: 0.0000202 seconds
210.582: [GC (Allocation Failure)  424652K->113966K(1033216K), 0.0039449 secs]
210.586: Total time for which application threads were stopped: 0.0041068 seconds, Stopping threads took: 0.0000194 seconds
210.651: [GC (Allocation Failure)  432430K->113998K(1033216K), 0.0039145 secs]
210.655: Total time for which application threads were stopped: 0.0040828 seconds, Stopping threads took: 0.0000197 seconds
210.722: [GC (Allocation Failure)  432462K->114118K(1033216K), 0.0038725 secs]
210.726: Total time for which application threads were stopped: 0.0040506 seconds, Stopping threads took: 0.0000200 seconds
210.793: [GC (Allocation Failure)  432582K->122057K(1033216K), 0.0040748 secs]
210.797: Total time for which application threads were stopped: 0.0042530 seconds, Stopping threads took: 0.0000207 seconds
210.862: [GC (Allocation Failure)  440521K->122025K(1033216K), 0.0039420 secs]
210.867: Total time for which application threads were stopped: 0.0041376 seconds, Stopping threads took: 0.0000196 seconds
210.933: [GC (Allocation Failure)  440489K->122089K(1033216K), 0.0038909 secs]
210.937: Total time for which application threads were stopped: 0.0040515 seconds, Stopping threads took: 0.0000170 seconds
211.004: [GC (Allocation Failure)  440553K->130091K(1033216K), 0.0039500 secs]
211.008: Total time for which application threads were stopped: 0.0041120 seconds, Stopping threads took: 0.0000193 seconds
211.074: [GC (Allocation Failure)  448555K->130059K(1033216K), 0.0038008 secs]
211.078: Total time for which application threads were stopped: 0.0039619 seconds, Stopping threads took: 0.0000197 seconds
211.143: [GC (Allocation Failure)  448523K->130307K(1033216K), 0.0045808 secs]
211.147: Total time for which application threads were stopped: 0.0047416 seconds, Stopping threads took: 0.0000201 seconds
211.214: [GC (Allocation Failure)  448771K->138085K(1033216K), 0.0038256 secs]
211.218: Total time for which application threads were stopped: 0.0040198 seconds, Stopping threads took: 0.0000195 seconds
211.287: [GC (Allocation Failure)  456549K->138085K(1033216K), 0.0037848 secs]
211.291: Total time for which application threads were stopped: 0.0039373 seconds, Stopping threads took: 0.0000165 seconds
211.356: [GC (Allocation Failure)  456549K->138317K(1033216K), 0.0039464 secs]
211.360: Total time for which application threads were stopped: 0.0041395 seconds, Stopping threads took: 0.0000205 seconds
211.427: [GC (Allocation Failure)  456781K->146127K(1033216K), 0.0038322 secs]
211.431: Total time for which application threads were stopped: 0.0039997 seconds, Stopping threads took: 0.0000199 seconds
211.496: [GC (Allocation Failure)  464591K->142221K(1033216K), 0.0028167 secs]
211.499: Total time for which application threads were stopped: 0.0029737 seconds, Stopping threads took: 0.0000198 seconds
211.568: [GC (Allocation Failure)  460685K->146287K(1034752K), 0.0039887 secs]
211.572: Total time for which application threads were stopped: 0.0041517 seconds, Stopping threads took: 0.0000194 seconds
211.640: [GC (Allocation Failure)  466799K->150255K(1033728K), 0.0036729 secs]
211.643: Total time for which application threads were stopped: 0.0038339 seconds, Stopping threads took: 0.0000200 seconds
211.711: [GC (Allocation Failure)  470767K->142445K(1034240K), 0.0009066 secs]
211.712: Total time for which application threads were stopped: 0.0010364 seconds, Stopping threads took: 0.0000256 seconds
211.781: [GC (Allocation Failure)  462957K->150319K(1034240K), 0.0039381 secs]
211.785: Total time for which application threads were stopped: 0.0040832 seconds, Stopping threads took: 0.0000159 seconds
211.853: [GC (Allocation Failure)  470831K->154399K(1033216K), 0.0055251 secs]
211.859: Total time for which application threads were stopped: 0.0056999 seconds, Stopping threads took: 0.0000203 seconds
211.926: [GC (Allocation Failure)  473887K->160125K(1032704K), 0.0061785 secs]
211.932: Total time for which application threads were stopped: 0.0063638 seconds, Stopping threads took: 0.0000199 seconds
211.998: [GC (Allocation Failure)  479613K->154623K(1031680K), 0.0038449 secs]
212.002: Total time for which application threads were stopped: 0.0040233 seconds, Stopping threads took: 0.0000196 seconds
212.069: [GC (Allocation Failure)  471039K->154399K(1032192K), 0.0038023 secs]
212.073: Total time for which application threads were stopped: 0.0039784 seconds, Stopping threads took: 0.0000214 seconds
212.138: [GC (Allocation Failure)  470815K->149085K(1032704K), 0.0017320 secs]
212.140: Total time for which application threads were stopped: 0.0018915 seconds, Stopping threads took: 0.0000215 seconds
212.207: [GC (Allocation Failure)  466525K->154559K(1032704K), 0.0039284 secs]
212.211: Total time for which application threads were stopped: 0.0040976 seconds, Stopping threads took: 0.0000194 seconds
212.278: [GC (Allocation Failure)  471999K->154399K(1033216K), 0.0040356 secs]
212.282: Total time for which application threads were stopped: 0.0042115 seconds, Stopping threads took: 0.0000201 seconds
212.347: [GC (Allocation Failure)  472863K->155271K(1033216K), 0.0040327 secs]
212.351: Total time for which application threads were stopped: 0.0041984 seconds, Stopping threads took: 0.0000205 seconds
212.416: [GC (Allocation Failure)  473735K->162570K(1033216K), 0.0040371 secs]
212.420: Total time for which application threads were stopped: 0.0042033 seconds, Stopping threads took: 0.0000201 seconds
212.486: [GC (Allocation Failure)  481034K->162442K(1033216K), 0.0038970 secs]
212.490: Total time for which application threads were stopped: 0.0040725 seconds, Stopping threads took: 0.0000199 seconds
212.556: [GC (Allocation Failure)  480906K->163498K(1032704K), 0.0040549 secs]
212.560: Total time for which application threads were stopped: 0.0042155 seconds, Stopping threads took: 0.0000192 seconds
212.628: [GC (Allocation Failure)  481962K->170572K(1033216K), 0.0041370 secs]
212.632: Total time for which application threads were stopped: 0.0042952 seconds, Stopping threads took: 0.0000193 seconds
212.701: [GC (Allocation Failure)  489036K->170476K(1033728K), 0.0039370 secs]
212.705: Total time for which application threads were stopped: 0.0041361 seconds, Stopping threads took: 0.0000255 seconds
212.775: [GC (Allocation Failure)  489964K->172740K(1033728K), 0.0065775 secs]
212.781: Total time for which application threads were stopped: 0.0067451 seconds, Stopping threads took: 0.0000286 seconds
212.849: [GC (Allocation Failure)  492228K->178502K(1033728K), 0.0039246 secs]
212.853: Total time for which application threads were stopped: 0.0041193 seconds, Stopping threads took: 0.0000208 seconds
212.920: [GC (Allocation Failure)  497990K->178534K(1033728K), 0.0040829 secs]
212.925: Total time for which application threads were stopped: 0.0042505 seconds, Stopping threads took: 0.0000190 seconds
212.991: [GC (Allocation Failure)  498022K->179974K(1033728K), 0.0044489 secs]
212.995: Total time for which application threads were stopped: 0.0046214 seconds, Stopping threads took: 0.0000194 seconds
213.063: [GC (Allocation Failure)  499462K->186569K(1033728K), 0.0040816 secs]
213.067: Total time for which application threads were stopped: 0.0042736 seconds, Stopping threads took: 0.0000202 seconds
213.135: [GC (Allocation Failure)  506057K->186569K(1034240K), 0.0041419 secs]
213.139: Total time for which application threads were stopped: 0.0043118 seconds, Stopping threads took: 0.0000198 seconds
213.208: [GC (Allocation Failure)  506569K->187689K(1033728K), 0.0042125 secs]
213.212: Total time for which application threads were stopped: 0.0044079 seconds, Stopping threads took: 0.0000202 seconds
213.280: [GC (Allocation Failure)  507689K->194603K(1034240K), 0.0041213 secs]
213.284: Total time for which application threads were stopped: 0.0042718 seconds, Stopping threads took: 0.0000174 seconds
213.351: [GC (Allocation Failure)  515115K->194539K(1034240K), 0.0041000 secs]
213.355: Total time for which application threads were stopped: 0.0042633 seconds, Stopping threads took: 0.0000205 seconds
213.422: [GC (Allocation Failure)  515051K->195403K(1033216K), 0.0039801 secs]
213.426: Total time for which application threads were stopped: 0.0041636 seconds, Stopping threads took: 0.0000208 seconds
213.495: [GC (Allocation Failure)  514891K->202701K(1033728K), 0.0040109 secs]
213.499: Total time for which application threads were stopped: 0.0041874 seconds, Stopping threads took: 0.0000210 seconds
213.567: [GC (Allocation Failure)  522189K->202605K(1033728K), 0.0039365 secs]
213.572: Total time for which application threads were stopped: 0.0040964 seconds, Stopping threads took: 0.0000200 seconds
213.638: [GC (Allocation Failure)  522093K->204717K(1033728K), 0.0046552 secs]
213.643: Total time for which application threads were stopped: 0.0048155 seconds, Stopping threads took: 0.0000196 seconds
213.711: [GC (Allocation Failure)  524205K->210703K(1034240K), 0.0039051 secs]
213.714: Total time for which application threads were stopped: 0.0040670 seconds, Stopping threads took: 0.0000195 seconds
213.782: [GC (Allocation Failure)  531215K->210671K(1034240K), 0.0040467 secs]
213.786: Total time for which application threads were stopped: 0.0042045 seconds, Stopping threads took: 0.0000167 seconds
213.854: [GC (Allocation Failure)  531183K->210855K(1033216K), 0.0040841 secs]
213.858: Total time for which application threads were stopped: 0.0042565 seconds, Stopping threads took: 0.0000200 seconds
213.925: [GC (Allocation Failure)  530343K->218730K(1033728K), 0.0041810 secs]
213.929: Total time for which application threads were stopped: 0.0043707 seconds, Stopping threads took: 0.0000213 seconds
213.997: [GC (Allocation Failure)  538218K->218666K(1033728K), 0.0041115 secs]
214.001: Total time for which application threads were stopped: 0.0042737 seconds, Stopping threads took: 0.0000198 seconds
214.068: [GC (Allocation Failure)  538154K->219082K(1033728K), 0.0041791 secs]
214.072: Total time for which application threads were stopped: 0.0043516 seconds, Stopping threads took: 0.0000224 seconds
214.140: [GC (Allocation Failure)  538570K->226700K(1033728K), 0.0041900 secs]
214.144: Total time for which application threads were stopped: 0.0043524 seconds, Stopping threads took: 0.0000199 seconds
214.211: [GC (Allocation Failure)  546188K->226732K(1033728K), 0.0041233 secs]
214.216: Total time for which application threads were stopped: 0.0043111 seconds, Stopping threads took: 0.0000273 seconds
214.283: [GC (Allocation Failure)  546220K->228356K(1033728K), 0.0043988 secs]
214.287: Total time for which application threads were stopped: 0.0045723 seconds, Stopping threads took: 0.0000206 seconds
214.354: [GC (Allocation Failure)  547844K->234758K(1033728K), 0.0042069 secs]
214.359: Total time for which application threads were stopped: 0.0043903 seconds, Stopping threads took: 0.0000205 seconds
214.425: [GC (Allocation Failure)  554246K->234726K(1033728K), 0.0067610 secs]
214.432: Total time for which application threads were stopped: 0.0069374 seconds, Stopping threads took: 0.0000210 seconds
214.498: [GC (Allocation Failure)  554214K->235566K(1033728K), 0.0043653 secs]
214.503: Total time for which application threads were stopped: 0.0045560 seconds, Stopping threads took: 0.0000221 seconds
214.570: [GC (Allocation Failure)  555054K->242800K(1033728K), 0.0041805 secs]
214.574: Total time for which application threads were stopped: 0.0043528 seconds, Stopping threads took: 0.0000210 seconds
214.641: [GC (Allocation Failure)  562288K->242768K(1033728K), 0.0040375 secs]
214.645: Total time for which application threads were stopped: 0.0042089 seconds, Stopping threads took: 0.0000201 seconds
214.711: [GC (Allocation Failure)  562256K->242824K(1033728K), 0.0041490 secs]
214.715: Total time for which application threads were stopped: 0.0043173 seconds, Stopping threads took: 0.0000256 seconds
214.783: [GC (Allocation Failure)  562312K->250795K(1033728K), 0.0040997 secs]
214.787: Total time for which application threads were stopped: 0.0042706 seconds, Stopping threads took: 0.0000200 seconds
214.855: [GC (Allocation Failure)  570283K->250795K(1033728K), 0.0042414 secs]
214.860: Total time for which application threads were stopped: 0.0043994 seconds, Stopping threads took: 0.0000190 seconds
214.926: [GC (Allocation Failure)  570283K->251011K(1033728K), 0.0044564 secs]
214.930: Total time for which application threads were stopped: 0.0046494 seconds, Stopping threads took: 0.0000203 seconds
214.999: [GC (Allocation Failure)  570499K->258853K(1032704K), 0.0041085 secs]
215.004: Total time for which application threads were stopped: 0.0042980 seconds, Stopping threads took: 0.0000219 seconds
215.071: [GC (Allocation Failure)  577317K->258821K(1033216K), 0.0041024 secs]
215.076: Total time for which application threads were stopped: 0.0042630 seconds, Stopping threads took: 0.0000197 seconds
215.140: [GC (Allocation Failure)  577285K->259245K(1032704K), 0.0043349 secs]
215.145: Total time for which application threads were stopped: 0.0045033 seconds, Stopping threads took: 0.0000192 seconds
215.212: [GC (Allocation Failure)  577709K->266895K(1033216K), 0.0040107 secs]
215.216: Total time for which application threads were stopped: 0.0041931 seconds, Stopping threads took: 0.0000200 seconds
215.284: [GC (Allocation Failure)  585359K->266863K(1033216K), 0.0040548 secs]
215.288: Total time for which application threads were stopped: 0.0042049 seconds, Stopping threads took: 0.0000166 seconds
215.352: [GC (Allocation Failure)  585327K->267463K(1033216K), 0.0042485 secs]
215.357: Total time for which application threads were stopped: 0.0044319 seconds, Stopping threads took: 0.0000195 seconds
215.425: [GC (Allocation Failure)  585927K->274921K(1033216K), 0.0039281 secs]
215.429: Total time for which application threads were stopped: 0.0040837 seconds, Stopping threads took: 0.0000191 seconds
215.497: [GC (Allocation Failure)  593385K->274921K(1033216K), 0.0040786 secs]
215.501: Total time for which application threads were stopped: 0.0042621 seconds, Stopping threads took: 0.0000166 seconds
215.569: [GC (Allocation Failure)  593385K->275625K(1033216K), 0.0042995 secs]
215.573: Total time for which application threads were stopped: 0.0044679 seconds, Stopping threads took: 0.0000199 seconds
215.641: [GC (Allocation Failure)  594089K->282924K(1033216K), 0.0061635 secs]
215.647: Total time for which application threads were stopped: 0.0063135 seconds, Stopping threads took: 0.0000204 seconds
215.716: [GC (Allocation Failure)  601388K->282924K(1033216K), 0.0040926 secs]
215.721: Total time for which application threads were stopped: 0.0042662 seconds, Stopping threads took: 0.0000248 seconds
215.788: [GC (Allocation Failure)  601388K->283844K(1033216K), 0.0042302 secs]
215.793: Total time for which application threads were stopped: 0.0044047 seconds, Stopping threads took: 0.0000190 seconds
215.862: [GC (Allocation Failure)  602308K->290950K(1033216K), 0.0043254 secs]
215.866: Total time for which application threads were stopped: 0.0044846 seconds, Stopping threads took: 0.0000171 seconds
215.935: [GC (Allocation Failure)  609414K->290950K(1033216K), 0.0043174 secs]
215.940: Total time for which application threads were stopped: 0.0044758 seconds, Stopping threads took: 0.0000194 seconds
216.008: [GC (Allocation Failure)  609414K->291086K(1033216K), 0.0042338 secs]
216.012: Total time for which application threads were stopped: 0.0044136 seconds, Stopping threads took: 0.0000187 seconds
216.079: [GC (Allocation Failure)  609550K->298992K(1033216K), 0.0049004 secs]
216.084: Total time for which application threads were stopped: 0.0050575 seconds, Stopping threads took: 0.0000188 seconds
216.152: [GC (Allocation Failure)  617456K->298992K(1033216K), 0.0042791 secs]
216.157: Total time for which application threads were stopped: 0.0044993 seconds, Stopping threads took: 0.0000197 seconds
216.225: [GC (Allocation Failure)  617456K->299304K(1033216K), 0.0040826 secs]
216.230: Total time for which application threads were stopped: 0.0042698 seconds, Stopping threads took: 0.0000266 seconds
216.298: [GC (Allocation Failure)  617768K->307019K(1033216K), 0.0041666 secs]
216.303: Total time for which application threads were stopped: 0.0043270 seconds, Stopping threads took: 0.0000173 seconds
216.368: [GC (Allocation Failure)  625483K->307019K(1033216K), 0.0044689 secs]
216.373: Total time for which application threads were stopped: 0.0046353 seconds, Stopping threads took: 0.0000196 seconds
216.438: [GC (Allocation Failure)  625483K->307531K(1033216K), 0.0043958 secs]
216.442: Total time for which application threads were stopped: 0.0045724 seconds, Stopping threads took: 0.0000194 seconds
216.510: [GC (Allocation Failure)  625995K->315053K(1033216K), 0.0041893 secs]
216.514: Total time for which application threads were stopped: 0.0043662 seconds, Stopping threads took: 0.0000278 seconds
216.580: [GC (Allocation Failure)  633517K->315053K(1033216K), 0.0040187 secs]
216.584: Total time for which application threads were stopped: 0.0042123 seconds, Stopping threads took: 0.0000194 seconds
216.650: [GC (Allocation Failure)  633517K->315269K(1033216K), 0.0043960 secs]
216.654: Total time for which application threads were stopped: 0.0045467 seconds, Stopping threads took: 0.0000171 seconds
216.721: [GC (Allocation Failure)  633733K->323079K(1033216K), 0.0070893 secs]
216.729: Total time for which application threads were stopped: 0.0072553 seconds, Stopping threads took: 0.0000262 seconds
216.799: [GC (Allocation Failure)  641543K->323079K(1033216K), 0.0042047 secs]
216.804: Total time for which application threads were stopped: 0.0043958 seconds, Stopping threads took: 0.0000218 seconds
216.868: [GC (Allocation Failure)  641543K->323239K(1033216K), 0.0043364 secs]
216.872: Total time for which application threads were stopped: 0.0045142 seconds, Stopping threads took: 0.0000232 seconds
216.939: [GC (Allocation Failure)  641703K->331113K(1033216K), 0.0043165 secs]
216.943: Total time for which application threads were stopped: 0.0045107 seconds, Stopping threads took: 0.0000203 seconds
217.009: [GC (Allocation Failure)  649577K->324615K(1033216K), 0.0018389 secs]
217.011: Total time for which application threads were stopped: 0.0019722 seconds, Stopping threads took: 0.0000167 seconds
217.080: [GC (Allocation Failure)  643079K->331193K(1033216K), 0.0041763 secs]
217.084: Total time for which application threads were stopped: 0.0043473 seconds, Stopping threads took: 0.0000192 seconds
217.149: [GC (Allocation Failure)  649657K->335265K(1033728K), 0.0052408 secs]
217.154: Total time for which application threads were stopped: 0.0054211 seconds, Stopping threads took: 0.0000196 seconds
217.223: [GC (Allocation Failure)  654753K->338207K(1030144K), 0.0054907 secs]
217.228: Total time for which application threads were stopped: 0.0056598 seconds, Stopping threads took: 0.0000270 seconds
217.297: [GC (Allocation Failure)  657695K->335521K(1032704K), 0.0043670 secs]
217.302: Total time for which application threads were stopped: 0.0045443 seconds, Stopping threads took: 0.0000192 seconds
217.370: [GC (Allocation Failure)  652961K->335265K(1032704K), 0.0042672 secs]
217.375: Total time for which application threads were stopped: 0.0044542 seconds, Stopping threads took: 0.0000222 seconds
217.443: [GC (Allocation Failure)  652705K->329151K(1033216K), 0.0019258 secs]
217.445: Total time for which application threads were stopped: 0.0020807 seconds, Stopping threads took: 0.0000273 seconds
217.513: [GC (Allocation Failure)  647615K->335457K(1033216K), 0.0042797 secs]
217.518: Total time for which application threads were stopped: 0.0044402 seconds, Stopping threads took: 0.0000200 seconds
217.587: [GC (Allocation Failure)  653921K->335265K(1033216K), 0.0041315 secs]
217.591: Total time for which application threads were stopped: 0.0043441 seconds, Stopping threads took: 0.0000281 seconds
217.656: [GC (Allocation Failure)  653729K->337417K(1033216K), 0.0045459 secs]
217.661: Total time for which application threads were stopped: 0.0047173 seconds, Stopping threads took: 0.0000194 seconds
217.728: [GC (Allocation Failure)  655881K->343308K(1033728K), 0.0043599 secs]
217.733: Total time for which application threads were stopped: 0.0045611 seconds, Stopping threads took: 0.0000273 seconds
217.803: [GC (Allocation Failure)  662796K->343308K(1033728K), 0.0042569 secs]
217.807: Total time for which application threads were stopped: 0.0044270 seconds, Stopping threads took: 0.0000200 seconds
217.874: [GC (Allocation Failure)  662796K->343620K(1033728K), 0.0044097 secs]
217.879: Total time for which application threads were stopped: 0.0045840 seconds, Stopping threads took: 0.0000200 seconds
217.944: [GC (Allocation Failure)  663108K->351398K(1033728K), 0.0043361 secs]
217.949: Total time for which application threads were stopped: 0.0045316 seconds, Stopping threads took: 0.0000207 seconds
218.018: [GC (Allocation Failure)  670886K->351334K(1033728K), 0.0044865 secs]
218.023: Total time for which application threads were stopped: 0.0046568 seconds, Stopping threads took: 0.0000194 seconds
218.087: [GC (Allocation Failure)  670822K->354894K(1033728K), 0.0052731 secs]
218.092: Total time for which application threads were stopped: 0.0054437 seconds, Stopping threads took: 0.0000196 seconds
218.161: [GC (Allocation Failure)  674382K->359376K(1034240K), 0.0041984 secs]
218.166: Total time for which application threads were stopped: 0.0043760 seconds, Stopping threads took: 0.0000278 seconds
218.233: [GC (Allocation Failure)  679888K->359376K(1034240K), 0.0042903 secs]
218.237: Total time for which application threads were stopped: 0.0044678 seconds, Stopping threads took: 0.0000277 seconds
218.304: [GC (Allocation Failure)  679888K->360072K(1034240K), 0.0044901 secs]
218.308: Total time for which application threads were stopped: 0.0046522 seconds, Stopping threads took: 0.0000192 seconds
218.376: [GC (Allocation Failure)  680584K->367402K(1034240K), 0.0043569 secs]
218.380: Total time for which application threads were stopped: 0.0045530 seconds, Stopping threads took: 0.0000194 seconds
218.449: [GC (Allocation Failure)  687914K->367402K(1034240K), 0.0044057 secs]
218.454: Total time for which application threads were stopped: 0.0045657 seconds, Stopping threads took: 0.0000172 seconds
218.521: [GC (Allocation Failure)  687914K->370346K(1034240K), 0.0049128 secs]
218.526: Total time for which application threads were stopped: 0.0050738 seconds, Stopping threads took: 0.0000190 seconds
218.594: [GC (Allocation Failure)  690858K->375469K(1034240K), 0.0050865 secs]
218.599: Total time for which application threads were stopped: 0.0052672 seconds, Stopping threads took: 0.0000196 seconds
218.666: [GC (Allocation Failure)  695981K->375405K(1034240K), 0.0043470 secs]
218.671: Total time for which application threads were stopped: 0.0045122 seconds, Stopping threads took: 0.0000205 seconds
218.738: [GC (Allocation Failure)  695917K->376525K(1034240K), 0.0046615 secs]
218.743: Total time for which application threads were stopped: 0.0048263 seconds, Stopping threads took: 0.0000203 seconds
218.812: [GC (Allocation Failure)  697037K->383567K(1034240K), 0.0045107 secs]
218.816: Total time for which application threads were stopped: 0.0046780 seconds, Stopping threads took: 0.0000173 seconds
218.885: [GC (Allocation Failure)  704079K->383471K(1034240K), 0.0043384 secs]
218.890: Total time for which application threads were stopped: 0.0044992 seconds, Stopping threads took: 0.0000198 seconds
218.956: [GC (Allocation Failure)  703983K->386823K(1034240K), 0.0050715 secs]
218.961: Total time for which application threads were stopped: 0.0052452 seconds, Stopping threads took: 0.0000203 seconds
219.030: [GC (Allocation Failure)  707335K->391561K(1034752K), 0.0044889 secs]
219.035: Total time for which application threads were stopped: 0.0046678 seconds, Stopping threads took: 0.0000193 seconds
219.102: [GC (Allocation Failure)  713097K->391465K(1034752K), 0.0049711 secs]
219.107: Total time for which application threads were stopped: 0.0051423 seconds, Stopping threads took: 0.0000200 seconds
219.173: [GC (Allocation Failure)  713001K->395049K(1034752K), 0.0050440 secs]
219.178: Total time for which application threads were stopped: 0.0052304 seconds, Stopping threads took: 0.0000283 seconds
219.245: [GC (Allocation Failure)  716585K->399563K(1034752K), 0.0045888 secs]
219.250: Total time for which application threads were stopped: 0.0047483 seconds, Stopping threads took: 0.0000175 seconds
219.316: [GC (Allocation Failure)  721099K->399531K(1034752K), 0.0044657 secs]
219.320: Total time for which application threads were stopped: 0.0046367 seconds, Stopping threads took: 0.0000200 seconds
219.385: [GC (Allocation Failure)  721067K->400227K(1034752K), 0.0047203 secs]
219.390: Total time for which application threads were stopped: 0.0048944 seconds, Stopping threads took: 0.0000200 seconds
219.458: [GC (Allocation Failure)  721763K->407558K(1034752K), 0.0045608 secs]
219.463: Total time for which application threads were stopped: 0.0047247 seconds, Stopping threads took: 0.0000202 seconds
219.530: [GC (Allocation Failure)  729094K->407526K(1034752K), 0.0046654 secs]
219.534: Total time for which application threads were stopped: 0.0048601 seconds, Stopping threads took: 0.0000371 seconds
219.600: [GC (Allocation Failure)  729062K->409454K(1034752K), 0.0047910 secs]
219.605: Total time for which application threads were stopped: 0.0049730 seconds, Stopping threads took: 0.0000224 seconds
219.673: [GC (Allocation Failure)  730990K->415600K(1034752K), 0.0065697 secs]
219.680: Total time for which application threads were stopped: 0.0067366 seconds, Stopping threads took: 0.0000262 seconds
219.747: [GC (Allocation Failure)  737136K->415600K(1034752K), 0.0044645 secs]
219.752: Total time for which application threads were stopped: 0.0046270 seconds, Stopping threads took: 0.0000186 seconds
219.818: [GC (Allocation Failure)  737136K->418728K(1034752K), 0.0049987 secs]
219.823: Total time for which application threads were stopped: 0.0051750 seconds, Stopping threads took: 0.0000197 seconds
219.891: [GC (Allocation Failure)  740264K->423722K(1034752K), 0.0045558 secs]
219.896: Total time for which application threads were stopped: 0.0047253 seconds, Stopping threads took: 0.0000196 seconds
219.963: [GC (Allocation Failure)  745258K->423594K(1034752K), 0.0044567 secs]
219.967: Total time for which application threads were stopped: 0.0046301 seconds, Stopping threads took: 0.0000203 seconds
220.032: [GC (Allocation Failure)  745130K->423882K(1034752K), 0.0045901 secs]
220.037: Total time for which application threads were stopped: 0.0047607 seconds, Stopping threads took: 0.0000199 seconds
220.103: [GC (Allocation Failure)  745418K->431693K(1029120K), 0.0044417 secs]
220.108: Total time for which application threads were stopped: 0.0046329 seconds, Stopping threads took: 0.0000198 seconds
220.176: [GC (Allocation Failure)  753229K->431693K(1034240K), 0.0044056 secs]
220.180: Total time for which application threads were stopped: 0.0045720 seconds, Stopping threads took: 0.0000274 seconds
220.247: [GC (Allocation Failure)  752205K->432101K(1034240K), 0.0045730 secs]
220.251: Total time for which application threads were stopped: 0.0047541 seconds, Stopping threads took: 0.0000200 seconds
220.319: [GC (Allocation Failure)  752613K->439719K(1034240K), 0.0044508 secs]
220.324: Total time for which application threads were stopped: 0.0046159 seconds, Stopping threads took: 0.0000207 seconds
220.392: [GC (Allocation Failure)  760231K->439719K(1034240K), 0.0058235 secs]
220.398: Total time for which application threads were stopped: 0.0059969 seconds, Stopping threads took: 0.0000200 seconds
220.465: [GC (Allocation Failure)  760231K->442407K(1034240K), 0.0048281 secs]
220.470: Total time for which application threads were stopped: 0.0050039 seconds, Stopping threads took: 0.0000204 seconds
220.538: [GC (Allocation Failure)  762919K->447689K(1034240K), 0.0045720 secs]
220.542: Total time for which application threads were stopped: 0.0047644 seconds, Stopping threads took: 0.0000198 seconds
220.610: [GC (Allocation Failure)  768201K->447721K(1034240K), 0.0044345 secs]
220.614: Total time for which application threads were stopped: 0.0046233 seconds, Stopping threads took: 0.0000195 seconds
220.681: [GC (Allocation Failure)  768233K->448617K(1034240K), 0.0044868 secs]
220.686: Total time for which application threads were stopped: 0.0046530 seconds, Stopping threads took: 0.0000259 seconds
220.753: [GC (Allocation Failure)  769129K->455723K(1034240K), 0.0053859 secs]
220.759: Total time for which application threads were stopped: 0.0055653 seconds, Stopping threads took: 0.0000253 seconds
220.827: [GC (Allocation Failure)  776235K->455755K(1034240K), 0.0048478 secs]
220.832: Total time for which application threads were stopped: 0.0049994 seconds, Stopping threads took: 0.0000197 seconds
220.899: [GC (Allocation Failure)  776267K->458883K(1034752K), 0.0051625 secs]
220.904: Total time for which application threads were stopped: 0.0053240 seconds, Stopping threads took: 0.0000195 seconds
220.971: [GC (Allocation Failure)  779907K->463910K(1034240K), 0.0048248 secs]
220.976: Total time for which application threads were stopped: 0.0049971 seconds, Stopping threads took: 0.0000200 seconds
221.044: [GC (Allocation Failure)  784934K->463782K(1034752K), 0.0046408 secs]
221.049: Total time for which application threads were stopped: 0.0048097 seconds, Stopping threads took: 0.0000272 seconds
221.119: [GC (Allocation Failure)  784806K->466606K(1034240K), 0.0051153 secs]
221.124: Total time for which application threads were stopped: 0.0053481 seconds, Stopping threads took: 0.0000670 seconds
221.192: [GC (Allocation Failure)  787630K->471888K(1034752K), 0.0045558 secs]
221.197: Total time for which application threads were stopped: 0.0047311 seconds, Stopping threads took: 0.0000283 seconds
221.265: [GC (Allocation Failure)  793424K->471824K(1034752K), 0.0046433 secs]
221.270: Total time for which application threads were stopped: 0.0048297 seconds, Stopping threads took: 0.0000281 seconds
221.335: [GC (Allocation Failure)  793360K->475336K(1034752K), 0.0053726 secs]
221.340: Total time for which application threads were stopped: 0.0055432 seconds, Stopping threads took: 0.0000194 seconds
221.407: [GC (Allocation Failure)  796872K->479882K(1034752K), 0.0046508 secs]
221.411: Total time for which application threads were stopped: 0.0048235 seconds, Stopping threads took: 0.0000204 seconds
221.478: [GC (Allocation Failure)  801418K->479882K(1034752K), 0.0043852 secs]
221.482: Total time for which application threads were stopped: 0.0045944 seconds, Stopping threads took: 0.0000200 seconds
221.549: [GC (Allocation Failure)  801418K->480490K(1034752K), 0.0046332 secs]
221.554: Total time for which application threads were stopped: 0.0048285 seconds, Stopping threads took: 0.0000193 seconds
221.623: [GC (Allocation Failure)  802026K->487948K(1034752K), 0.0044700 secs]
221.627: Total time for which application threads were stopped: 0.0046299 seconds, Stopping threads took: 0.0000171 seconds
221.694: [GC (Allocation Failure)  809484K->487884K(1034752K), 0.0044878 secs]
221.699: Total time for which application threads were stopped: 0.0046468 seconds, Stopping threads took: 0.0000199 seconds
221.764: [GC (Allocation Failure)  809420K->489764K(1034752K), 0.0060208 secs]
221.770: Total time for which application threads were stopped: 0.0061915 seconds, Stopping threads took: 0.0000271 seconds
221.838: [GC (Allocation Failure)  811300K->496039K(1034752K), 0.0044391 secs]
221.843: Total time for which application threads were stopped: 0.0046320 seconds, Stopping threads took: 0.0000196 seconds
221.909: [GC (Allocation Failure)  817575K->495911K(1034752K), 0.0063056 secs]
221.916: Total time for which application threads were stopped: 0.0064661 seconds, Stopping threads took: 0.0000195 seconds
221.981: [GC (Allocation Failure)  817447K->499015K(1034752K), 0.0053817 secs]
221.986: Total time for which application threads were stopped: 0.0055410 seconds, Stopping threads took: 0.0000190 seconds
222.054: [GC (Allocation Failure)  820551K->504041K(1034752K), 0.0045540 secs]
222.059: Total time for which application threads were stopped: 0.0047154 seconds, Stopping threads took: 0.0000201 seconds
222.127: [GC (Allocation Failure)  825577K->503945K(1034752K), 0.0045043 secs]
222.132: Total time for which application threads were stopped: 0.0046629 seconds, Stopping threads took: 0.0000193 seconds
222.198: [GC (Allocation Failure)  825481K->504169K(1033728K), 0.0046764 secs]
222.203: Total time for which application threads were stopped: 0.0048370 seconds, Stopping threads took: 0.0000192 seconds
222.270: [GC (Allocation Failure)  824681K->511979K(1034240K), 0.0046688 secs]
222.275: Total time for which application threads were stopped: 0.0048379 seconds, Stopping threads took: 0.0000196 seconds
222.342: [GC (Allocation Failure)  832491K->512011K(1034240K), 0.0045964 secs]
222.347: Total time for which application threads were stopped: 0.0047522 seconds, Stopping threads took: 0.0000186 seconds
222.414: [GC (Allocation Failure)  832523K->514475K(1034240K), 0.0049205 secs]
222.419: Total time for which application threads were stopped: 0.0050894 seconds, Stopping threads took: 0.0000189 seconds
222.487: [GC (Allocation Failure)  834987K->520045K(1034752K), 0.0045713 secs]
222.492: Total time for which application threads were stopped: 0.0047350 seconds, Stopping threads took: 0.0000206 seconds
222.560: [GC (Allocation Failure)  841581K->520013K(1034752K), 0.0046979 secs]
222.564: Total time for which application threads were stopped: 0.0048687 seconds, Stopping threads took: 0.0000197 seconds
222.629: [GC (Allocation Failure)  841549K->522693K(1034752K), 0.0051892 secs]
222.635: Total time for which application threads were stopped: 0.0053542 seconds, Stopping threads took: 0.0000203 seconds
222.703: [GC (Allocation Failure)  844229K->528072K(1034752K), 0.0046830 secs]
222.708: Total time for which application threads were stopped: 0.0048449 seconds, Stopping threads took: 0.0000263 seconds
222.779: [GC (Allocation Failure)  849608K->528008K(1034752K), 0.0078098 secs]
222.787: Total time for which application threads were stopped: 0.0079718 seconds, Stopping threads took: 0.0000254 seconds
222.852: [GC (Allocation Failure)  849544K->531944K(1034752K), 0.0054831 secs]
222.857: Total time for which application threads were stopped: 0.0056448 seconds, Stopping threads took: 0.0000190 seconds
222.925: [GC (Allocation Failure)  853480K->536170K(1034240K), 0.0055536 secs]
222.931: Total time for which application threads were stopped: 0.0057151 seconds, Stopping threads took: 0.0000199 seconds
222.997: [GC (Allocation Failure)  857706K->536074K(1034752K), 0.0048265 secs]
223.001: Total time for which application threads were stopped: 0.0049956 seconds, Stopping threads took: 0.0000196 seconds
223.066: [GC (Allocation Failure)  857610K->537098K(1034240K), 0.0047610 secs]
223.071: Total time for which application threads were stopped: 0.0049116 seconds, Stopping threads took: 0.0000174 seconds
223.137: [GC (Allocation Failure)  858634K->544172K(1034752K), 0.0046892 secs]
223.142: Total time for which application threads were stopped: 0.0048786 seconds, Stopping threads took: 0.0000197 seconds
223.208: [GC (Allocation Failure)  865708K->544108K(1034752K), 0.0045967 secs]
223.213: Total time for which application threads were stopped: 0.0047572 seconds, Stopping threads took: 0.0000198 seconds
223.279: [GC (Allocation Failure)  865644K->546380K(1034752K), 0.0048180 secs]
223.284: Total time for which application threads were stopped: 0.0050136 seconds, Stopping threads took: 0.0000192 seconds
223.351: [GC (Allocation Failure)  867916K->552174K(1034752K), 0.0046007 secs]
223.356: Total time for which application threads were stopped: 0.0047493 seconds, Stopping threads took: 0.0000165 seconds
223.423: [GC (Allocation Failure)  873710K->552142K(1034752K), 0.0046466 secs]
223.428: Total time for which application threads were stopped: 0.0048157 seconds, Stopping threads took: 0.0000195 seconds
223.493: [GC (Allocation Failure)  873678K->555622K(1035264K), 0.0055510 secs]
223.498: Total time for which application threads were stopped: 0.0057180 seconds, Stopping threads took: 0.0000189 seconds
223.566: [GC (Allocation Failure)  877670K->560201K(1034752K), 0.0063576 secs]
223.572: Total time for which application threads were stopped: 0.0065371 seconds, Stopping threads took: 0.0000193 seconds
223.641: [GC (Allocation Failure)  882249K->560169K(1035264K), 0.0046409 secs]
223.646: Total time for which application threads were stopped: 0.0048003 seconds, Stopping threads took: 0.0000189 seconds
223.715: [GC (Allocation Failure)  882217K->562313K(1034752K), 0.0049689 secs]
223.720: Total time for which application threads were stopped: 0.0051362 seconds, Stopping threads took: 0.0000255 seconds
223.789: [GC (Allocation Failure)  884361K->568235K(1034752K), 0.0047861 secs]
223.794: Total time for which application threads were stopped: 0.0049375 seconds, Stopping threads took: 0.0000169 seconds
223.861: [GC (Allocation Failure)  889771K->568203K(1034752K), 0.0047248 secs]
223.866: Total time for which application threads were stopped: 0.0049215 seconds, Stopping threads took: 0.0000191 seconds
223.933: [GC (Allocation Failure)  889739K->572131K(1035264K), 0.0057484 secs]
223.939: Total time for which application threads were stopped: 0.0059403 seconds, Stopping threads took: 0.0000251 seconds
224.008: [GC (Allocation Failure)  894179K->576293K(1034752K), 0.0048595 secs]
224.013: Total time for which application threads were stopped: 0.0050233 seconds, Stopping threads took: 0.0000202 seconds
224.081: [GC (Allocation Failure)  898341K->576197K(1035264K), 0.0046875 secs]
224.086: Total time for which application threads were stopped: 0.0048569 seconds, Stopping threads took: 0.0000211 seconds
224.153: [GC (Allocation Failure)  898757K->579301K(1035264K), 0.0054146 secs]
224.158: Total time for which application threads were stopped: 0.0055818 seconds, Stopping threads took: 0.0000196 seconds
224.227: [GC (Allocation Failure)  901861K->584328K(1035264K), 0.0047813 secs]
224.232: Total time for which application threads were stopped: 0.0049517 seconds, Stopping threads took: 0.0000263 seconds
224.300: [GC (Allocation Failure)  906888K->584264K(1035264K), 0.0045454 secs]
224.305: Total time for which application threads were stopped: 0.0047142 seconds, Stopping threads took: 0.0000192 seconds
224.371: [GC (Allocation Failure)  906824K->587528K(1035264K), 0.0070593 secs]
224.378: Total time for which application threads were stopped: 0.0072278 seconds, Stopping threads took: 0.0000187 seconds
224.447: [GC (Allocation Failure)  910088K->592330K(1035264K), 0.0047933 secs]
224.451: Total time for which application threads were stopped: 0.0049505 seconds, Stopping threads took: 0.0000190 seconds
224.520: [GC (Allocation Failure)  914890K->592298K(1035264K), 0.0047467 secs]
224.525: Total time for which application threads were stopped: 0.0049106 seconds, Stopping threads took: 0.0000198 seconds
224.591: [GC (Allocation Failure)  914858K->595754K(1035264K), 0.0053817 secs]
224.597: Total time for which application threads were stopped: 0.0055435 seconds, Stopping threads took: 0.0000191 seconds
224.665: [GC (Allocation Failure)  918314K->600524K(1034752K), 0.0046524 secs]
224.669: Total time for which application threads were stopped: 0.0048129 seconds, Stopping threads took: 0.0000197 seconds
224.738: [GC (Allocation Failure)  923084K->600364K(1035264K), 0.0045707 secs]
224.742: Total time for which application threads were stopped: 0.0047705 seconds, Stopping threads took: 0.0000271 seconds
224.813: [GC (Allocation Failure)  922924K->595946K(1035776K), 0.0031424 secs]
224.816: Total time for which application threads were stopped: 0.0033094 seconds, Stopping threads took: 0.0000193 seconds
224.884: [GC (Allocation Failure)  919018K->600428K(1035264K), 0.0045819 secs]
224.889: Total time for which application threads were stopped: 0.0047791 seconds, Stopping threads took: 0.0000202 seconds
224.955: [GC (Allocation Failure)  923500K->600332K(1035776K), 0.0048763 secs]
224.960: Total time for which application threads were stopped: 0.0050472 seconds, Stopping threads took: 0.0000196 seconds
225.028: [GC (Allocation Failure)  923916K->602282K(1033216K), 0.0056687 secs]
225.034: Total time for which application threads were stopped: 0.0058606 seconds, Stopping threads took: 0.0000201 seconds
225.103: [GC (Allocation Failure)  925866K->600428K(1035264K), 0.0048200 secs]
225.107: Total time for which application threads were stopped: 0.0049917 seconds, Stopping threads took: 0.0000194 seconds
225.177: [GC (Allocation Failure)  922476K->600364K(1034752K), 0.0046529 secs]
225.181: Total time for which application threads were stopped: 0.0048102 seconds, Stopping threads took: 0.0000264 seconds
225.249: [GC (Allocation Failure)  922412K->606570K(1031168K), 0.0075406 secs]
225.256: Total time for which application threads were stopped: 0.0077199 seconds, Stopping threads took: 0.0000196 seconds
225.323: [GC (Allocation Failure)  925034K->601356K(1033216K), 0.0047836 secs]
225.328: Total time for which application threads were stopped: 0.0049479 seconds, Stopping threads took: 0.0000201 seconds
225.394: [GC (Allocation Failure)  919820K->601292K(1034752K), 0.0047800 secs]
225.399: Total time for which application threads were stopped: 0.0049496 seconds, Stopping threads took: 0.0000200 seconds
225.466: [GC (Allocation Failure)  922316K->602154K(1034240K), 0.0052885 secs]
225.472: Total time for which application threads were stopped: 0.0054453 seconds, Stopping threads took: 0.0000191 seconds
225.541: [GC (Allocation Failure)  923178K->601516K(1035264K), 0.0046072 secs]
225.546: Total time for which application threads were stopped: 0.0047826 seconds, Stopping threads took: 0.0000195 seconds
225.613: [GC (Allocation Failure)  923564K->601324K(1034752K), 0.0050200 secs]
225.618: Total time for which application threads were stopped: 0.0051793 seconds, Stopping threads took: 0.0000195 seconds
225.687: [GC (Allocation Failure)  923372K->603914K(1034752K), 0.0059133 secs]
225.693: Total time for which application threads were stopped: 0.0060875 seconds, Stopping threads took: 0.0000193 seconds
225.761: [GC (Allocation Failure)  926474K->601516K(1035264K), 0.0059506 secs]
225.767: Total time for which application threads were stopped: 0.0061430 seconds, Stopping threads took: 0.0000173 seconds
225.836: [GC (Allocation Failure)  924076K->601324K(1036288K), 0.0046199 secs]
225.840: Total time for which application threads were stopped: 0.0047829 seconds, Stopping threads took: 0.0000200 seconds
225.908: [GC (Allocation Failure)  925420K->593354K(1024000K), 0.0017202 secs]
225.910: Total time for which application threads were stopped: 0.0018689 seconds, Stopping threads took: 0.0000271 seconds
225.978: [GC (Allocation Failure)  917450K->601476K(1035264K), 0.0047287 secs]
225.983: Total time for which application threads were stopped: 0.0049018 seconds, Stopping threads took: 0.0000194 seconds
226.051: [GC (Allocation Failure)  924036K->605500K(1035264K), 0.0063799 secs]
226.057: Total time for which application threads were stopped: 0.0065693 seconds, Stopping threads took: 0.0000203 seconds
226.125: [GC (Allocation Failure)  928060K->601530K(1035776K), 0.0035268 secs]
226.128: Total time for which application threads were stopped: 0.0036938 seconds, Stopping threads took: 0.0000211 seconds
226.196: [GC (Allocation Failure)  925114K->605620K(1035776K), 0.0047351 secs]
226.201: Total time for which application threads were stopped: 0.0048999 seconds, Stopping threads took: 0.0000202 seconds
226.269: [GC (Allocation Failure)  929204K->609588K(1035776K), 0.0047999 secs]
226.274: Total time for which application threads were stopped: 0.0049759 seconds, Stopping threads took: 0.0000201 seconds
226.342: [GC (Allocation Failure)  933172K->609556K(1035776K), 0.0065250 secs]
226.349: Total time for which application threads were stopped: 0.0067092 seconds, Stopping threads took: 0.0000291 seconds
226.415: [GC (Allocation Failure)  933140K->609644K(1034752K), 0.0047377 secs]
226.420: Total time for which application threads were stopped: 0.0048990 seconds, Stopping threads took: 0.0000197 seconds
226.487: [GC (Allocation Failure)  932204K->617646K(1035264K), 0.0049881 secs]
226.492: Total time for which application threads were stopped: 0.0051693 seconds, Stopping threads took: 0.0000195 seconds
226.560: [GC (Allocation Failure)  940206K->617614K(1035264K), 0.0049324 secs]
226.565: Total time for which application threads were stopped: 0.0050929 seconds, Stopping threads took: 0.0000191 seconds
226.632: [GC (Allocation Failure)  940174K->617670K(1022464K), 0.0048729 secs]
226.637: Total time for which application threads were stopped: 0.0050455 seconds, Stopping threads took: 0.0000200 seconds
226.705: [GC (Allocation Failure)  940230K->625673K(1034752K), 0.0048632 secs]
226.710: Total time for which application threads were stopped: 0.0050694 seconds, Stopping threads took: 0.0000554 seconds
226.781: [GC (Allocation Failure)  947209K->625673K(1034752K), 0.0047958 secs]
226.786: Total time for which application threads were stopped: 0.0049657 seconds, Stopping threads took: 0.0000198 seconds
226.854: [GC (Allocation Failure)  947209K->625897K(1034752K), 0.0049562 secs]
226.859: Total time for which application threads were stopped: 0.0051541 seconds, Stopping threads took: 0.0000211 seconds
226.927: [GC (Allocation Failure)  947433K->633675K(1034752K), 0.0049306 secs]
226.932: Total time for which application threads were stopped: 0.0050880 seconds, Stopping threads took: 0.0000188 seconds
226.999: [GC (Allocation Failure)  955211K->633675K(1034752K), 0.0049812 secs]
227.004: Total time for which application threads were stopped: 0.0051386 seconds, Stopping threads took: 0.0000196 seconds
227.069: [GC (Allocation Failure)  955211K->634091K(1021440K), 0.0049907 secs]
227.074: Total time for which application threads were stopped: 0.0051535 seconds, Stopping threads took: 0.0000193 seconds
227.141: [GC (Allocation Failure)  955627K->641677K(1034240K), 0.0048291 secs]
227.146: Total time for which application threads were stopped: 0.0050262 seconds, Stopping threads took: 0.0000260 seconds
227.216: [GC (Allocation Failure)  962189K->641709K(1034240K), 0.0046322 secs]
227.221: Total time for which application threads were stopped: 0.0047925 seconds, Stopping threads took: 0.0000266 seconds
227.288: [GC (Allocation Failure)  962221K->641837K(1034240K), 0.0049957 secs]
227.293: Total time for which application threads were stopped: 0.0051905 seconds, Stopping threads took: 0.0000202 seconds
227.361: [GC (Allocation Failure)  962349K->649775K(1034240K), 0.0048219 secs]
227.366: Total time for which application threads were stopped: 0.0049951 seconds, Stopping threads took: 0.0000170 seconds
227.434: [GC (Allocation Failure)  970287K->649711K(1034240K), 0.0048366 secs]
227.438: Total time for which application threads were stopped: 0.0050302 seconds, Stopping threads took: 0.0000208 seconds
227.505: [GC (Allocation Failure)  970223K->649799K(1020416K), 0.0049795 secs]
227.510: Total time for which application threads were stopped: 0.0051390 seconds, Stopping threads took: 0.0000172 seconds
227.578: [GC (Allocation Failure)  970311K->657770K(1033728K), 0.0046624 secs]
227.583: Total time for which application threads were stopped: 0.0048281 seconds, Stopping threads took: 0.0000207 seconds
227.649: [GC (Allocation Failure)  977258K->657770K(1033728K), 0.0050186 secs]
227.654: Total time for which application threads were stopped: 0.0051871 seconds, Stopping threads took: 0.0000206 seconds
227.720: [GC (Allocation Failure)  977258K->657834K(1033728K), 0.0047470 secs]
227.724: Total time for which application threads were stopped: 0.0049273 seconds, Stopping threads took: 0.0000280 seconds
227.794: [GC (Allocation Failure)  977322K->665804K(1033728K), 0.0050723 secs]
227.799: Total time for which application threads were stopped: 0.0052477 seconds, Stopping threads took: 0.0000278 seconds
227.865: [GC (Allocation Failure)  985292K->665804K(1033728K), 0.0050483 secs]
227.870: Total time for which application threads were stopped: 0.0052189 seconds, Stopping threads took: 0.0000197 seconds
227.937: [GC (Allocation Failure)  985292K->666028K(1033728K), 0.0049724 secs]
227.942: Total time for which application threads were stopped: 0.0051448 seconds, Stopping threads took: 0.0000203 seconds
228.007: [GC (Allocation Failure)  985516K->673870K(1032704K), 0.0050531 secs]
228.013: Total time for which application threads were stopped: 0.0052195 seconds, Stopping threads took: 0.0000195 seconds
228.079: [GC (Allocation Failure)  992334K->669932K(1033216K), 0.0036281 secs]
228.083: Total time for which application threads were stopped: 0.0037981 seconds, Stopping threads took: 0.0000199 seconds
228.151: [GC (Allocation Failure)  988396K->673998K(1034752K), 0.0048713 secs]
228.156: Total time for which application threads were stopped: 0.0050543 seconds, Stopping threads took: 0.0000211 seconds
228.224: [GC (Allocation Failure)  995022K->677966K(1034240K), 0.0050416 secs]
228.229: Total time for which application threads were stopped: 0.0052187 seconds, Stopping threads took: 0.0000266 seconds
228.294: [GC (Allocation Failure)  998990K->671212K(1034752K), 0.0022823 secs]
228.296: Total time for which application threads were stopped: 0.0024361 seconds, Stopping threads took: 0.0000209 seconds
228.363: [GC (Allocation Failure)  992748K->678038K(1034752K), 0.0063934 secs]
228.369: Total time for which application threads were stopped: 0.0065720 seconds, Stopping threads took: 0.0000198 seconds
228.435: [GC (Allocation Failure)  999574K->682110K(1034752K), 0.0058718 secs]
228.441: Total time for which application threads were stopped: 0.0060469 seconds, Stopping threads took: 0.0000202 seconds
228.506: [GC (Allocation Failure)  1003646K->676540K(1034752K), 0.0030418 secs]
228.509: Total time for which application threads were stopped: 0.0032098 seconds, Stopping threads took: 0.0000204 seconds
228.576: [GC (Allocation Failure)  998076K->682382K(1035776K), 0.0049459 secs]
228.581: Total time for which application threads were stopped: 0.0051161 seconds, Stopping threads took: 0.0000195 seconds
228.648: [GC (Allocation Failure)  1004942K->686254K(1034752K), 0.0053327 secs]
228.654: Total time for which application threads were stopped: 0.0055040 seconds, Stopping threads took: 0.0000199 seconds
228.720: [GC (Allocation Failure)  1008743K->682348K(1035776K), 0.0040468 secs]
228.724: Total time for which application threads were stopped: 0.0042170 seconds, Stopping threads took: 0.0000204 seconds
228.793: [GC (Allocation Failure)  1005420K->686414K(1035264K), 0.0049873 secs]
228.799: Total time for which application threads were stopped: 0.0051581 seconds, Stopping threads took: 0.0000198 seconds
228.868: [GC (Allocation Failure)  1009486K->690382K(1035264K), 0.0049809 secs]
228.873: Total time for which application threads were stopped: 0.0051502 seconds, Stopping threads took: 0.0000211 seconds
228.941: [GC (Allocation Failure)  1013966K->690382K(1035776K), 0.0049184 secs]
228.946: Total time for which application threads were stopped: 0.0050828 seconds, Stopping threads took: 0.0000202 seconds
229.013: [GC (Allocation Failure)  1013966K->690438K(1034752K), 0.0051458 secs]
229.018: [Full GC (Ergonomics)  690438K->8557K(1034752K), 0.0123589 secs]
229.031: Total time for which application threads were stopped: 0.0178004 seconds, Stopping threads took: 0.0000199 seconds
229.100: [GC (Allocation Failure)  331117K->16687K(1035264K), 0.0033997 secs]
229.103: Total time for which application threads were stopped: 0.0035643 seconds, Stopping threads took: 0.0000187 seconds
229.172: [GC (Allocation Failure)  339247K->16719K(1034240K), 0.0036346 secs]
229.176: Total time for which application threads were stopped: 0.0038068 seconds, Stopping threads took: 0.0000201 seconds
229.241: [GC (Allocation Failure)  338255K->16743K(1034752K), 0.0035244 secs]
229.245: Total time for which application threads were stopped: 0.0036886 seconds, Stopping threads took: 0.0000202 seconds
229.313: [GC (Allocation Failure)  338279K->24778K(1033728K), 0.0037055 secs]
229.317: Total time for which application threads were stopped: 0.0038855 seconds, Stopping threads took: 0.0000193 seconds
229.383: [GC (Allocation Failure)  345290K->24746K(1034240K), 0.0038106 secs]
229.387: Total time for which application threads were stopped: 0.0039819 seconds, Stopping threads took: 0.0000228 seconds
229.455: [GC (Allocation Failure)  345258K->25002K(1034240K), 0.0036850 secs]
229.459: Total time for which application threads were stopped: 0.0038790 seconds, Stopping threads took: 0.0000212 seconds
229.528: [GC (Allocation Failure)  345514K->32812K(1034240K), 0.0037797 secs]
229.532: Total time for which application threads were stopped: 0.0039397 seconds, Stopping threads took: 0.0000199 seconds
229.600: [GC (Allocation Failure)  353324K->32780K(1034240K), 0.0037186 secs]
229.603: Total time for which application threads were stopped: 0.0038796 seconds, Stopping threads took: 0.0000195 seconds
229.670: [GC (Allocation Failure)  353292K->33228K(1020416K), 0.0037480 secs]
229.674: Total time for which application threads were stopped: 0.0039615 seconds, Stopping threads took: 0.0000197 seconds
229.743: [GC (Allocation Failure)  353740K->40846K(1033728K), 0.0037593 secs]
229.746: Total time for which application threads were stopped: 0.0039167 seconds, Stopping threads took: 0.0000168 seconds
229.815: [GC (Allocation Failure)  360334K->40814K(1033728K), 0.0037772 secs]
229.819: Total time for which application threads were stopped: 0.0039434 seconds, Stopping threads took: 0.0000200 seconds
229.885: [GC (Allocation Failure)  360302K->40934K(1033728K), 0.0038939 secs]
229.889: Total time for which application threads were stopped: 0.0040446 seconds, Stopping threads took: 0.0000169 seconds
229.956: [GC (Allocation Failure)  360422K->48808K(1033728K), 0.0037999 secs]
229.960: Total time for which application threads were stopped: 0.0039706 seconds, Stopping threads took: 0.0000205 seconds
230.027: [GC (Allocation Failure)  368295K->44934K(1034240K), 0.0024682 secs]
230.029: Total time for which application threads were stopped: 0.0026274 seconds, Stopping threads took: 0.0000203 seconds
230.097: [GC (Allocation Failure)  364934K->49000K(1033728K), 0.0038711 secs]
230.101: Total time for which application threads were stopped: 0.0040395 seconds, Stopping threads took: 0.0000203 seconds
230.166: [GC (Allocation Failure)  369000K->52968K(1034752K), 0.0038767 secs]
230.170: Total time for which application threads were stopped: 0.0040439 seconds, Stopping threads took: 0.0000195 seconds
230.239: [GC (Allocation Failure)  374504K->47238K(1034752K), 0.0013306 secs]
230.240: Total time for which application threads were stopped: 0.0014653 seconds, Stopping threads took: 0.0000202 seconds
230.308: [GC (Allocation Failure)  368774K->53064K(1035776K), 0.0036533 secs]
230.311: Total time for which application threads were stopped: 0.0038251 seconds, Stopping threads took: 0.0000197 seconds
230.380: [GC (Allocation Failure)  375624K->57144K(1034752K), 0.0039756 secs]
230.384: Total time for which application threads were stopped: 0.0041388 seconds, Stopping threads took: 0.0000201 seconds
230.450: [GC (Allocation Failure)  379442K->53206K(1035776K), 0.0025351 secs]
230.453: Total time for which application threads were stopped: 0.0026940 seconds, Stopping threads took: 0.0000199 seconds
230.520: [GC (Allocation Failure)  376278K->57264K(1035264K), 0.0040503 secs]
230.525: Total time for which application threads were stopped: 0.0042256 seconds, Stopping threads took: 0.0000199 seconds
230.592: [GC (Allocation Failure)  380336K->61232K(1035264K), 0.0038312 secs]
230.596: Total time for which application threads were stopped: 0.0040013 seconds, Stopping threads took: 0.0000201 seconds
230.664: [GC (Allocation Failure)  384816K->61232K(1035776K), 0.0034463 secs]
230.667: Total time for which application threads were stopped: 0.0036263 seconds, Stopping threads took: 0.0000204 seconds
230.733: [GC (Allocation Failure)  384816K->61288K(1034752K), 0.0038169 secs]
230.737: Total time for which application threads were stopped: 0.0039865 seconds, Stopping threads took: 0.0000273 seconds
230.806: [GC (Allocation Failure)  383848K->69291K(1035264K), 0.0037970 secs]
230.810: Total time for which application threads were stopped: 0.0039540 seconds, Stopping threads took: 0.0000170 seconds
230.876: [GC (Allocation Failure)  391851K->69291K(1034240K), 0.0037797 secs]
230.880: Total time for which application threads were stopped: 0.0039467 seconds, Stopping threads took: 0.0000199 seconds
230.947: [GC (Allocation Failure)  390827K->69291K(1034752K), 0.0039359 secs]
230.951: Total time for which application threads were stopped: 0.0041093 seconds, Stopping threads took: 0.0000197 seconds
231.018: [GC (Allocation Failure)  390827K->77293K(1033728K), 0.0038349 secs]
231.021: Total time for which application threads were stopped: 0.0040192 seconds, Stopping threads took: 0.0000253 seconds
231.089: [GC (Allocation Failure)  397805K->77293K(1034240K), 0.0036012 secs]
231.093: Total time for which application threads were stopped: 0.0037995 seconds, Stopping threads took: 0.0000219 seconds
231.161: [GC (Allocation Failure)  397805K->77549K(1034240K), 0.0037469 secs]
231.165: Total time for which application threads were stopped: 0.0039050 seconds, Stopping threads took: 0.0000163 seconds
231.231: [GC (Allocation Failure)  398061K->85327K(1034240K), 0.0037559 secs]
231.235: Total time for which application threads were stopped: 0.0039263 seconds, Stopping threads took: 0.0000205 seconds
231.302: [GC (Allocation Failure)  405839K->85359K(1034240K), 0.0038602 secs]
231.306: Total time for which application threads were stopped: 0.0040300 seconds, Stopping threads took: 0.0000281 seconds
231.373: [GC (Allocation Failure)  405871K->85767K(1020416K), 0.0039603 secs]
231.377: Total time for which application threads were stopped: 0.0041314 seconds, Stopping threads took: 0.0000196 seconds
231.443: [GC (Allocation Failure)  406279K->93385K(1033728K), 0.0038185 secs]
231.447: Total time for which application threads were stopped: 0.0040014 seconds, Stopping threads took: 0.0000199 seconds
231.516: [GC (Allocation Failure)  412873K->93353K(1033728K), 0.0039052 secs]
231.520: Total time for which application threads were stopped: 0.0040831 seconds, Stopping threads took: 0.0000170 seconds
231.586: [GC (Allocation Failure)  412841K->93481K(1033728K), 0.0039104 secs]
231.590: Total time for which application threads were stopped: 0.0040906 seconds, Stopping threads took: 0.0000170 seconds
231.660: [GC (Allocation Failure)  412969K->101388K(1033728K), 0.0037953 secs]
231.664: Total time for which application threads were stopped: 0.0039705 seconds, Stopping threads took: 0.0000207 seconds
231.731: [GC (Allocation Failure)  420874K->97481K(1034240K), 0.0026526 secs]
231.734: Total time for which application threads were stopped: 0.0028157 seconds, Stopping threads took: 0.0000265 seconds
231.804: [GC (Allocation Failure)  417481K->101548K(1033728K), 0.0038603 secs]
231.808: Total time for which application threads were stopped: 0.0040308 seconds, Stopping threads took: 0.0000194 seconds
231.873: [GC (Allocation Failure)  421548K->105516K(1034752K), 0.0040303 secs]
231.877: Total time for which application threads were stopped: 0.0042003 seconds, Stopping threads took: 0.0000196 seconds
231.944: [GC (Allocation Failure)  427052K->99785K(1034752K), 0.0015190 secs]
231.946: Total time for which application threads were stopped: 0.0016682 seconds, Stopping threads took: 0.0000190 seconds
232.015: [GC (Allocation Failure)  421321K->105548K(1035776K), 0.0038508 secs]
232.019: Total time for which application threads were stopped: 0.0040000 seconds, Stopping threads took: 0.0000165 seconds
232.087: [GC (Allocation Failure)  428108K->109660K(1034752K), 0.0042270 secs]
232.091: Total time for which application threads were stopped: 0.0043896 seconds, Stopping threads took: 0.0000199 seconds
232.157: [GC (Allocation Failure)  431957K->105753K(1035776K), 0.0027427 secs]
232.160: Total time for which application threads were stopped: 0.0028996 seconds, Stopping threads took: 0.0000194 seconds
232.228: [GC (Allocation Failure)  428825K->109820K(1035264K), 0.0040026 secs]
232.232: Total time for which application threads were stopped: 0.0041782 seconds, Stopping threads took: 0.0000254 seconds
232.299: [GC (Allocation Failure)  432892K->113820K(1035264K), 0.0039041 secs]
232.303: Total time for which application threads were stopped: 0.0040757 seconds, Stopping threads took: 0.0000203 seconds
232.371: [GC (Allocation Failure)  437404K->113756K(1035776K), 0.0038112 secs]
232.375: Total time for which application threads were stopped: 0.0039752 seconds, Stopping threads took: 0.0000206 seconds
232.440: [GC (Allocation Failure)  437340K->113852K(1034752K), 0.0039941 secs]
232.444: Total time for which application threads were stopped: 0.0041694 seconds, Stopping threads took: 0.0000208 seconds
232.514: [GC (Allocation Failure)  436412K->121854K(1035264K), 0.0038017 secs]
232.518: Total time for which application threads were stopped: 0.0039810 seconds, Stopping threads took: 0.0000336 seconds
232.584: [GC (Allocation Failure)  444414K->121822K(1034240K), 0.0039751 secs]
232.588: Total time for which application threads were stopped: 0.0041466 seconds, Stopping threads took: 0.0000200 seconds
232.656: [GC (Allocation Failure)  443358K->121862K(1034752K), 0.0038985 secs]
232.660: Total time for which application threads were stopped: 0.0040800 seconds, Stopping threads took: 0.0000202 seconds
232.728: [GC (Allocation Failure)  443398K->129864K(1033728K), 0.0037832 secs]
232.732: Total time for which application threads were stopped: 0.0039519 seconds, Stopping threads took: 0.0000262 seconds
232.800: [GC (Allocation Failure)  450376K->129864K(1034240K), 0.0038043 secs]
232.804: Total time for which application threads were stopped: 0.0039719 seconds, Stopping threads took: 0.0000194 seconds
232.870: [GC (Allocation Failure)  450376K->130088K(1034240K), 0.0039918 secs]
232.874: Total time for which application threads were stopped: 0.0041614 seconds, Stopping threads took: 0.0000195 seconds
232.942: [GC (Allocation Failure)  450600K->137930K(1034240K), 0.0040449 secs]
232.946: Total time for which application threads were stopped: 0.0042280 seconds, Stopping threads took: 0.0000206 seconds
233.014: [GC (Allocation Failure)  458442K->137898K(1034240K), 0.0039945 secs]
233.018: Total time for which application threads were stopped: 0.0041592 seconds, Stopping threads took: 0.0000203 seconds
233.085: [GC (Allocation Failure)  458410K->138346K(1020416K), 0.0041099 secs]
233.089: Total time for which application threads were stopped: 0.0042836 seconds, Stopping threads took: 0.0000206 seconds
233.156: [GC (Allocation Failure)  458858K->145965K(1033728K), 0.0040582 secs]
233.160: Total time for which application threads were stopped: 0.0042309 seconds, Stopping threads took: 0.0000203 seconds
233.228: [GC (Allocation Failure)  465453K->145933K(1033728K), 0.0039966 secs]
233.232: Total time for which application threads were stopped: 0.0041899 seconds, Stopping threads took: 0.0000202 seconds
233.298: [GC (Allocation Failure)  465421K->146061K(1033728K), 0.0038079 secs]
233.302: Total time for which application threads were stopped: 0.0039645 seconds, Stopping threads took: 0.0000169 seconds
233.370: [GC (Allocation Failure)  465549K->153967K(1033728K), 0.0039295 secs]
233.374: Total time for which application threads were stopped: 0.0041298 seconds, Stopping threads took: 0.0000199 seconds
233.441: [GC (Allocation Failure)  473453K->150061K(1034240K), 0.0029249 secs]
233.444: Total time for which application threads were stopped: 0.0030934 seconds, Stopping threads took: 0.0000204 seconds
233.514: [GC (Allocation Failure)  470061K->154127K(1033728K), 0.0039589 secs]
233.518: Total time for which application threads were stopped: 0.0041224 seconds, Stopping threads took: 0.0000199 seconds
233.584: [GC (Allocation Failure)  474127K->158095K(1034752K), 0.0040721 secs]
233.588: Total time for which application threads were stopped: 0.0042495 seconds, Stopping threads took: 0.0000206 seconds
233.656: [GC (Allocation Failure)  479631K->152333K(1034752K), 0.0016834 secs]
233.657: Total time for which application threads were stopped: 0.0018306 seconds, Stopping threads took: 0.0000204 seconds
233.728: [GC (Allocation Failure)  473869K->158135K(1035776K), 0.0041884 secs]
233.732: Total time for which application threads were stopped: 0.0043557 seconds, Stopping threads took: 0.0000260 seconds
233.800: [GC (Allocation Failure)  480695K->162279K(1034752K), 0.0042050 secs]
233.805: Total time for which application threads were stopped: 0.0043760 seconds, Stopping threads took: 0.0000201 seconds
233.872: [GC (Allocation Failure)  484577K->158373K(1035776K), 0.0027958 secs]
233.875: Total time for which application threads were stopped: 0.0029508 seconds, Stopping threads took: 0.0000193 seconds
233.944: [GC (Allocation Failure)  481445K->162415K(1035264K), 0.0041081 secs]
233.948: Total time for which application threads were stopped: 0.0042873 seconds, Stopping threads took: 0.0000202 seconds
234.017: [GC (Allocation Failure)  485487K->166351K(1035264K), 0.0041116 secs]
234.021: Total time for which application threads were stopped: 0.0042898 seconds, Stopping threads took: 0.0000200 seconds
234.089: [GC (Allocation Failure)  489935K->166415K(1035776K), 0.0039765 secs]
234.093: Total time for which application threads were stopped: 0.0041470 seconds, Stopping threads took: 0.0000205 seconds
234.158: [GC (Allocation Failure)  489999K->166471K(1034752K), 0.0039969 secs]
234.162: Total time for which application threads were stopped: 0.0041685 seconds, Stopping threads took: 0.0000200 seconds
234.230: [GC (Allocation Failure)  489031K->174377K(1035264K), 0.0041528 secs]
234.235: Total time for which application threads were stopped: 0.0043247 seconds, Stopping threads took: 0.0000268 seconds
234.301: [GC (Allocation Failure)  496937K->174409K(1034240K), 0.0040452 secs]
234.305: Total time for which application threads were stopped: 0.0042061 seconds, Stopping threads took: 0.0000190 seconds
234.372: [GC (Allocation Failure)  495945K->174473K(1034752K), 0.0054697 secs]
234.377: Total time for which application threads were stopped: 0.0056357 seconds, Stopping threads took: 0.0000200 seconds
234.443: [GC (Allocation Failure)  496009K->182412K(1034752K), 0.0041824 secs]
234.448: Total time for which application threads were stopped: 0.0043658 seconds, Stopping threads took: 0.0000194 seconds
234.515: [GC (Allocation Failure)  503948K->182444K(1029120K), 0.0037486 secs]
234.518: Total time for which application threads were stopped: 0.0039334 seconds, Stopping threads took: 0.0000214 seconds
234.583: [GC (Allocation Failure)  503980K->182660K(1034240K), 0.0046910 secs]
234.588: Total time for which application threads were stopped: 0.0048665 seconds, Stopping threads took: 0.0000207 seconds
234.657: [GC (Allocation Failure)  503172K->190470K(1034240K), 0.0041926 secs]
234.661: Total time for which application threads were stopped: 0.0043751 seconds, Stopping threads took: 0.0000225 seconds
234.729: [GC (Allocation Failure)  510982K->190502K(1034240K), 0.0039311 secs]
234.733: Total time for which application threads were stopped: 0.0041053 seconds, Stopping threads took: 0.0000199 seconds
234.800: [GC (Allocation Failure)  511014K->190894K(1020416K), 0.0039799 secs]
234.804: Total time for which application threads were stopped: 0.0041509 seconds, Stopping threads took: 0.0000204 seconds
234.870: [GC (Allocation Failure)  511406K->198480K(1033728K), 0.0039817 secs]
234.874: Total time for which application threads were stopped: 0.0041702 seconds, Stopping threads took: 0.0000193 seconds
234.940: [GC (Allocation Failure)  517968K->198512K(1033728K), 0.0041866 secs]
234.944: Total time for which application threads were stopped: 0.0043555 seconds, Stopping threads took: 0.0000219 seconds
235.009: [GC (Allocation Failure)  518000K->198600K(1033728K), 0.0047300 secs]
235.014: Total time for which application threads were stopped: 0.0049685 seconds, Stopping threads took: 0.0000200 seconds
235.081: [GC (Allocation Failure)  518088K->206538K(1033728K), 0.0040230 secs]
235.085: Total time for which application threads were stopped: 0.0041996 seconds, Stopping threads took: 0.0000219 seconds
235.152: [GC (Allocation Failure)  526026K->206538K(1033728K), 0.0040721 secs]
235.156: Total time for which application threads were stopped: 0.0042458 seconds, Stopping threads took: 0.0000207 seconds
235.222: [GC (Allocation Failure)  526026K->206594K(1033728K), 0.0041486 secs]
235.226: Total time for which application threads were stopped: 0.0043079 seconds, Stopping threads took: 0.0000191 seconds
235.293: [GC (Allocation Failure)  526082K->214597K(1032704K), 0.0042702 secs]
235.297: Total time for which application threads were stopped: 0.0044333 seconds, Stopping threads took: 0.0000194 seconds
235.363: [GC (Allocation Failure)  533061K->208994K(1033216K), 0.0018800 secs]
235.365: Total time for which application threads were stopped: 0.0020267 seconds, Stopping threads took: 0.0000194 seconds
235.432: [GC (Allocation Failure)  527458K->214821K(1034752K), 0.0042188 secs]
235.436: Total time for which application threads were stopped: 0.0044106 seconds, Stopping threads took: 0.0000192 seconds
235.505: [GC (Allocation Failure)  535333K->218709K(1033728K), 0.0042157 secs]
235.510: Total time for which application threads were stopped: 0.0043738 seconds, Stopping threads took: 0.0000172 seconds
235.576: [GC (Allocation Failure)  539221K->225610K(1029120K), 0.0070541 secs]
235.584: Total time for which application threads were stopped: 0.0072535 seconds, Stopping threads took: 0.0000199 seconds
235.650: [GC (Allocation Failure)  541002K->219501K(1031680K), 0.0040008 secs]
235.654: Total time for which application threads were stopped: 0.0041637 seconds, Stopping threads took: 0.0000201 seconds
235.719: [GC (Allocation Failure)  534893K->219373K(1032704K), 0.0040335 secs]
235.723: Total time for which application threads were stopped: 0.0041944 seconds, Stopping threads took: 0.0000200 seconds
235.788: [GC (Allocation Failure)  536301K->222733K(1032192K), 0.0049456 secs]
235.793: Total time for which application threads were stopped: 0.0051227 seconds, Stopping threads took: 0.0000194 seconds
235.861: [GC (Allocation Failure)  539661K->227503K(1033216K), 0.0041254 secs]
235.865: Total time for which application threads were stopped: 0.0042981 seconds, Stopping threads took: 0.0000196 seconds
235.932: [GC (Allocation Failure)  545455K->227407K(1032704K), 0.0042148 secs]
235.937: Total time for which application threads were stopped: 0.0043769 seconds, Stopping threads took: 0.0000187 seconds
236.003: [GC (Allocation Failure)  545359K->228391K(1033216K), 0.0043399 secs]
236.007: Total time for which application threads were stopped: 0.0045405 seconds, Stopping threads took: 0.0000198 seconds
236.077: [GC (Allocation Failure)  546855K->235401K(1033216K), 0.0040623 secs]
236.081: Total time for which application threads were stopped: 0.0042140 seconds, Stopping threads took: 0.0000167 seconds
236.149: [GC (Allocation Failure)  553865K->235433K(1033728K), 0.0042333 secs]
236.153: Total time for which application threads were stopped: 0.0044107 seconds, Stopping threads took: 0.0000261 seconds
236.220: [GC (Allocation Failure)  554409K->237097K(1033216K), 0.0043857 secs]
236.225: Total time for which application threads were stopped: 0.0045504 seconds, Stopping threads took: 0.0000262 seconds
236.294: [GC (Allocation Failure)  556073K->243499K(1033728K), 0.0041063 secs]
236.298: Total time for which application threads were stopped: 0.0042794 seconds, Stopping threads took: 0.0000252 seconds
236.364: [GC (Allocation Failure)  562987K->243435K(1033728K), 0.0093083 secs]
236.374: Total time for which application threads were stopped: 0.0094794 seconds, Stopping threads took: 0.0000222 seconds
236.442: [GC (Allocation Failure)  562923K->243787K(1033728K), 0.0042034 secs]
236.446: Total time for which application threads were stopped: 0.0043975 seconds, Stopping threads took: 0.0000201 seconds
236.514: [GC (Allocation Failure)  563275K->251470K(1033728K), 0.0043624 secs]
236.518: Total time for which application threads were stopped: 0.0045228 seconds, Stopping threads took: 0.0000203 seconds
236.585: [GC (Allocation Failure)  570958K->251502K(1033728K), 0.0039126 secs]
236.589: Total time for which application threads were stopped: 0.0040929 seconds, Stopping threads took: 0.0000193 seconds
236.655: [GC (Allocation Failure)  570990K->255078K(1033728K), 0.0050341 secs]
236.660: Total time for which application threads were stopped: 0.0052062 seconds, Stopping threads took: 0.0000200 seconds
236.729: [GC (Allocation Failure)  574566K->259560K(1034240K), 0.0040712 secs]
236.734: Total time for which application threads were stopped: 0.0042635 seconds, Stopping threads took: 0.0000279 seconds
236.804: [GC (Allocation Failure)  580072K->259496K(1034240K), 0.0040322 secs]
236.808: Total time for which application threads were stopped: 0.0042232 seconds, Stopping threads took: 0.0000197 seconds
236.875: [GC (Allocation Failure)  580008K->260232K(1034240K), 0.0041417 secs]
236.879: Total time for which application threads were stopped: 0.0043049 seconds, Stopping threads took: 0.0000198 seconds
236.947: [GC (Allocation Failure)  580744K->267562K(1034240K), 0.0041345 secs]
236.951: Total time for which application threads were stopped: 0.0043135 seconds, Stopping threads took: 0.0000288 seconds
237.019: [GC (Allocation Failure)  588074K->267530K(1034240K), 0.0041497 secs]
237.023: Total time for which application threads were stopped: 0.0043117 seconds, Stopping threads took: 0.0000200 seconds
237.090: [GC (Allocation Failure)  588042K->268490K(1034240K), 0.0042765 secs]
237.095: Total time for which application threads were stopped: 0.0044508 seconds, Stopping threads took: 0.0000206 seconds
237.163: [GC (Allocation Failure)  589002K->275564K(1034240K), 0.0043153 secs]
237.167: Total time for which application threads were stopped: 0.0044808 seconds, Stopping threads took: 0.0000170 seconds
237.235: [GC (Allocation Failure)  596076K->275596K(1034240K), 0.0042192 secs]
237.240: Total time for which application threads were stopped: 0.0043904 seconds, Stopping threads took: 0.0000203 seconds
237.307: [GC (Allocation Failure)  596108K->276708K(1034240K), 0.0045247 secs]
237.311: Total time for which application threads were stopped: 0.0046892 seconds, Stopping threads took: 0.0000204 seconds
237.379: [GC (Allocation Failure)  597220K->283623K(1034240K), 0.0050785 secs]
237.385: Total time for which application threads were stopped: 0.0052385 seconds, Stopping threads took: 0.0000194 seconds
237.453: [GC (Allocation Failure)  604135K->283623K(1034240K), 0.0041344 secs]
237.457: Total time for which application threads were stopped: 0.0043156 seconds, Stopping threads took: 0.0000215 seconds
237.524: [GC (Allocation Failure)  604135K->283943K(1020416K), 0.0043064 secs]
237.528: Total time for which application threads were stopped: 0.0044836 seconds, Stopping threads took: 0.0000188 seconds
237.598: [GC (Allocation Failure)  604455K->291689K(1033728K), 0.0042527 secs]
237.602: Total time for which application threads were stopped: 0.0044299 seconds, Stopping threads took: 0.0000194 seconds
237.669: [GC (Allocation Failure)  611177K->291657K(1033728K), 0.0042904 secs]
237.673: Total time for which application threads were stopped: 0.0044593 seconds, Stopping threads took: 0.0000201 seconds
237.740: [GC (Allocation Failure)  611145K->292169K(1033728K), 0.0043157 secs]
237.744: Total time for which application threads were stopped: 0.0044859 seconds, Stopping threads took: 0.0000196 seconds
237.812: [GC (Allocation Failure)  611657K->299723K(1033728K), 0.0041596 secs]
237.816: Total time for which application threads were stopped: 0.0043198 seconds, Stopping threads took: 0.0000170 seconds
237.885: [GC (Allocation Failure)  619211K->299659K(1033728K), 0.0041721 secs]
237.889: Total time for which application threads were stopped: 0.0043434 seconds, Stopping threads took: 0.0000201 seconds
237.955: [GC (Allocation Failure)  619147K->300427K(1033728K), 0.0043722 secs]
237.960: Total time for which application threads were stopped: 0.0045678 seconds, Stopping threads took: 0.0000203 seconds
238.029: [GC (Allocation Failure)  619915K->307694K(1033728K), 0.0042921 secs]
238.033: Total time for which application threads were stopped: 0.0044604 seconds, Stopping threads took: 0.0000189 seconds
238.102: [GC (Allocation Failure)  627182K->307726K(1033728K), 0.0042719 secs]
238.106: Total time for which application threads were stopped: 0.0044636 seconds, Stopping threads took: 0.0000191 seconds
238.174: [GC (Allocation Failure)  627214K->309670K(1033728K), 0.0044515 secs]
238.179: Total time for which application threads were stopped: 0.0046255 seconds, Stopping threads took: 0.0000195 seconds
238.247: [GC (Allocation Failure)  629158K->315720K(1033728K), 0.0041842 secs]
238.251: Total time for which application threads were stopped: 0.0043641 seconds, Stopping threads took: 0.0000287 seconds
238.318: [GC (Allocation Failure)  635208K->315688K(1033728K), 0.0042712 secs]
238.323: Total time for which application threads were stopped: 0.0044655 seconds, Stopping threads took: 0.0000201 seconds
238.390: [GC (Allocation Failure)  635176K->316872K(1033728K), 0.0043715 secs]
238.395: Total time for which application threads were stopped: 0.0045277 seconds, Stopping threads took: 0.0000191 seconds
238.464: [GC (Allocation Failure)  636360K->323818K(1033728K), 0.0043188 secs]
238.468: Total time for which application threads were stopped: 0.0044866 seconds, Stopping threads took: 0.0000177 seconds
238.537: [GC (Allocation Failure)  643306K->323786K(1033728K), 0.0040327 secs]
238.541: Total time for which application threads were stopped: 0.0042133 seconds, Stopping threads took: 0.0000173 seconds
238.609: [GC (Allocation Failure)  643274K->324074K(1033728K), 0.0041783 secs]
238.613: Total time for which application threads were stopped: 0.0043477 seconds, Stopping threads took: 0.0000202 seconds
238.681: [GC (Allocation Failure)  643562K->331820K(1033728K), 0.0041642 secs]
238.685: Total time for which application threads were stopped: 0.0043263 seconds, Stopping threads took: 0.0000200 seconds
238.753: [GC (Allocation Failure)  651308K->331756K(1033728K), 0.0049133 secs]
238.758: Total time for which application threads were stopped: 0.0050686 seconds, Stopping threads took: 0.0000250 seconds
238.825: [GC (Allocation Failure)  651244K->332324K(1033728K), 0.0045345 secs]
238.830: Total time for which application threads were stopped: 0.0047038 seconds, Stopping threads took: 0.0000197 seconds
238.898: [GC (Allocation Failure)  651812K->339815K(1033728K), 0.0042813 secs]
238.902: Total time for which application threads were stopped: 0.0044540 seconds, Stopping threads took: 0.0000206 seconds
238.969: [GC (Allocation Failure)  659303K->339815K(1033728K), 0.0043955 secs]
238.974: Total time for which application threads were stopped: 0.0045586 seconds, Stopping threads took: 0.0000202 seconds
239.040: [GC (Allocation Failure)  659303K->340551K(1033728K), 0.0045396 secs]
239.044: Total time for which application threads were stopped: 0.0047117 seconds, Stopping threads took: 0.0000197 seconds
239.112: [GC (Allocation Failure)  660039K->347849K(1033728K), 0.0041536 secs]
239.116: Total time for which application threads were stopped: 0.0043284 seconds, Stopping threads took: 0.0000207 seconds
239.183: [GC (Allocation Failure)  667337K->347881K(1033728K), 0.0042923 secs]
239.188: Total time for which application threads were stopped: 0.0044830 seconds, Stopping threads took: 0.0000249 seconds
239.255: [GC (Allocation Failure)  667369K->348777K(1033728K), 0.0044346 secs]
239.260: Total time for which application threads were stopped: 0.0045911 seconds, Stopping threads took: 0.0000201 seconds
239.328: [GC (Allocation Failure)  668265K->355915K(1033728K), 0.0042098 secs]
239.333: Total time for which application threads were stopped: 0.0044032 seconds, Stopping threads took: 0.0000191 seconds
239.400: [GC (Allocation Failure)  675403K->355915K(1033728K), 0.0043662 secs]
239.405: Total time for which application threads were stopped: 0.0045506 seconds, Stopping threads took: 0.0000174 seconds
239.472: [GC (Allocation Failure)  675403K->355979K(1033728K), 0.0042077 secs]
239.476: Total time for which application threads were stopped: 0.0043757 seconds, Stopping threads took: 0.0000171 seconds
239.545: [GC (Allocation Failure)  675467K->363917K(1027072K), 0.0043176 secs]
239.550: Total time for which application threads were stopped: 0.0044817 seconds, Stopping threads took: 0.0000203 seconds
239.617: [GC (Allocation Failure)  683405K->363917K(1033216K), 0.0044233 secs]
239.621: Total time for which application threads were stopped: 0.0046085 seconds, Stopping threads took: 0.0000280 seconds
239.689: [GC (Allocation Failure)  682381K->364245K(1033216K), 0.0046360 secs]
239.693: Total time for which application threads were stopped: 0.0048031 seconds, Stopping threads took: 0.0000272 seconds
239.761: [GC (Allocation Failure)  682709K->371960K(1033216K), 0.0074239 secs]
239.768: Total time for which application threads were stopped: 0.0077053 seconds, Stopping threads took: 0.0000948 seconds
239.834: [GC (Allocation Failure)  690424K->371960K(1033216K), 0.0044605 secs]
239.838: Total time for which application threads were stopped: 0.0046238 seconds, Stopping threads took: 0.0000192 seconds
239.902: [GC (Allocation Failure)  690424K->372472K(1033216K), 0.0043771 secs]
239.907: Total time for which application threads were stopped: 0.0045525 seconds, Stopping threads took: 0.0000199 seconds
239.972: [GC (Allocation Failure)  690936K->379994K(1033216K), 0.0044363 secs]
239.977: Total time for which application threads were stopped: 0.0046054 seconds, Stopping threads took: 0.0000200 seconds
240.044: [GC (Allocation Failure)  698458K->379994K(1033216K), 0.0043051 secs]
240.048: Total time for which application threads were stopped: 0.0044963 seconds, Stopping threads took: 0.0000195 seconds
240.113: [GC (Allocation Failure)  698458K->380218K(1033216K), 0.0044139 secs]
240.118: Total time for which application threads were stopped: 0.0045713 seconds, Stopping threads took: 0.0000171 seconds
240.183: [GC (Allocation Failure)  698682K->388028K(1033216K), 0.0043523 secs]
240.188: Total time for which application threads were stopped: 0.0045245 seconds, Stopping threads took: 0.0000197 seconds
240.254: [GC (Allocation Failure)  706492K->388028K(1033216K), 0.0043662 secs]
240.258: Total time for which application threads were stopped: 0.0045536 seconds, Stopping threads took: 0.0000272 seconds
240.325: [GC (Allocation Failure)  706492K->388156K(1033216K), 0.0049641 secs]
240.330: Total time for which application threads were stopped: 0.0051351 seconds, Stopping threads took: 0.0000262 seconds
240.398: [GC (Allocation Failure)  706620K->396126K(1033216K), 0.0045263 secs]
240.402: Total time for which application threads were stopped: 0.0046885 seconds, Stopping threads took: 0.0000271 seconds
240.468: [GC (Allocation Failure)  714590K->396062K(1033216K), 0.0043285 secs]
240.472: Total time for which application threads were stopped: 0.0045078 seconds, Stopping threads took: 0.0000294 seconds
240.537: [GC (Allocation Failure)  714526K->396134K(1033216K), 0.0044578 secs]
240.541: Total time for which application threads were stopped: 0.0046341 seconds, Stopping threads took: 0.0000203 seconds
240.611: [GC (Allocation Failure)  714598K->404137K(1033216K), 0.0043013 secs]
240.615: Total time for which application threads were stopped: 0.0044604 seconds, Stopping threads took: 0.0000167 seconds
240.681: [GC (Allocation Failure)  722601K->404105K(1033216K), 0.0044517 secs]
240.686: Total time for which application threads were stopped: 0.0046228 seconds, Stopping threads took: 0.0000199 seconds
240.751: [GC (Allocation Failure)  722569K->404393K(1033216K), 0.0087412 secs]
240.760: Total time for which application threads were stopped: 0.0089015 seconds, Stopping threads took: 0.0000284 seconds
240.826: [GC (Allocation Failure)  722857K->412139K(1033216K), 0.0045638 secs]
240.830: Total time for which application threads were stopped: 0.0047515 seconds, Stopping threads took: 0.0000367 seconds
240.898: [GC (Allocation Failure)  730603K->412139K(1033216K), 0.0044621 secs]
240.902: Total time for which application threads were stopped: 0.0046411 seconds, Stopping threads took: 0.0000210 seconds
240.966: [GC (Allocation Failure)  730603K->412395K(1033216K), 0.0046624 secs]
240.971: Total time for which application threads were stopped: 0.0048377 seconds, Stopping threads took: 0.0000201 seconds
241.038: [GC (Allocation Failure)  730859K->420173K(1033216K), 0.0044553 secs]
241.042: Total time for which application threads were stopped: 0.0046403 seconds, Stopping threads took: 0.0000211 seconds
241.107: [GC (Allocation Failure)  738637K->416267K(1033216K), 0.0033771 secs]
241.110: Total time for which application threads were stopped: 0.0035445 seconds, Stopping threads took: 0.0000194 seconds
241.177: [GC (Allocation Failure)  734731K->420333K(1034752K), 0.0044298 secs]
241.181: Total time for which application threads were stopped: 0.0045958 seconds, Stopping threads took: 0.0000193 seconds
241.249: [GC (Allocation Failure)  740845K->424301K(1033728K), 0.0043572 secs]
241.254: Total time for which application threads were stopped: 0.0045523 seconds, Stopping threads took: 0.0000194 seconds
241.322: [GC (Allocation Failure)  744813K->416459K(1034240K), 0.0013464 secs]
241.324: Total time for which application threads were stopped: 0.0014958 seconds, Stopping threads took: 0.0000197 seconds
241.392: [GC (Allocation Failure)  736971K->424365K(1034240K), 0.0044726 secs]
241.397: Total time for which application threads were stopped: 0.0046455 seconds, Stopping threads took: 0.0000206 seconds
241.465: [GC (Allocation Failure)  744877K->428445K(1033216K), 0.0060894 secs]
241.471: Total time for which application threads were stopped: 0.0062591 seconds, Stopping threads took: 0.0000202 seconds
241.538: [GC (Allocation Failure)  747933K->434171K(1032704K), 0.0068893 secs]
241.545: Total time for which application threads were stopped: 0.0070503 seconds, Stopping threads took: 0.0000196 seconds
241.612: [GC (Allocation Failure)  753659K->428669K(1031680K), 0.0045116 secs]
241.617: Total time for which application threads were stopped: 0.0046736 seconds, Stopping threads took: 0.0000200 seconds
241.683: [GC (Allocation Failure)  745085K->428445K(1032192K), 0.0043850 secs]
241.688: Total time for which application threads were stopped: 0.0045538 seconds, Stopping threads took: 0.0000195 seconds
241.752: [GC (Allocation Failure)  744861K->423099K(1032704K), 0.0073418 secs]
241.759: Total time for which application threads were stopped: 0.0074972 seconds, Stopping threads took: 0.0000192 seconds
241.826: [GC (Allocation Failure)  740539K->428637K(1032704K), 0.0045439 secs]
241.830: Total time for which application threads were stopped: 0.0047029 seconds, Stopping threads took: 0.0000172 seconds
241.897: [GC (Allocation Failure)  746077K->428445K(1033216K), 0.0046319 secs]
241.901: Total time for which application threads were stopped: 0.0048132 seconds, Stopping threads took: 0.0000198 seconds
241.968: [GC (Allocation Failure)  746397K->428789K(1032704K), 0.0047111 secs]
241.973: Total time for which application threads were stopped: 0.0048802 seconds, Stopping threads took: 0.0000200 seconds
242.040: [GC (Allocation Failure)  746741K->436472K(1033216K), 0.0046390 secs]
242.044: Total time for which application threads were stopped: 0.0048052 seconds, Stopping threads took: 0.0000198 seconds
242.112: [GC (Allocation Failure)  754936K->436472K(1033216K), 0.0044241 secs]
242.116: Total time for which application threads were stopped: 0.0046073 seconds, Stopping threads took: 0.0000198 seconds
242.181: [GC (Allocation Failure)  754936K->440568K(1033728K), 0.0055365 secs]
242.187: Total time for which application threads were stopped: 0.0057099 seconds, Stopping threads took: 0.0000201 seconds
242.255: [GC (Allocation Failure)  759544K->444570K(1033216K), 0.0042957 secs]
242.259: Total time for which application threads were stopped: 0.0044709 seconds, Stopping threads took: 0.0000284 seconds
242.327: [GC (Allocation Failure)  763546K->444538K(1034240K), 0.0044618 secs]
242.331: Total time for which application threads were stopped: 0.0046295 seconds, Stopping threads took: 0.0000202 seconds
242.398: [GC (Allocation Failure)  765050K->447802K(1034240K), 0.0051664 secs]
242.403: Total time for which application threads were stopped: 0.0053494 seconds, Stopping threads took: 0.0000200 seconds
242.472: [GC (Allocation Failure)  768314K->452572K(1034240K), 0.0043387 secs]
242.477: Total time for which application threads were stopped: 0.0045005 seconds, Stopping threads took: 0.0000193 seconds
242.544: [GC (Allocation Failure)  773084K->452540K(1034240K), 0.0046134 secs]
242.549: Total time for which application threads were stopped: 0.0047754 seconds, Stopping threads took: 0.0000202 seconds
242.615: [GC (Allocation Failure)  773052K->454020K(1033728K), 0.0049809 secs]
242.620: Total time for which application threads were stopped: 0.0051403 seconds, Stopping threads took: 0.0000192 seconds
242.688: [GC (Allocation Failure)  774532K->460614K(1034240K), 0.0043141 secs]
242.692: Total time for which application threads were stopped: 0.0044763 seconds, Stopping threads took: 0.0000205 seconds
242.761: [GC (Allocation Failure)  781126K->460550K(1034752K), 0.0045743 secs]
242.766: Total time for which application threads were stopped: 0.0047183 seconds, Stopping threads took: 0.0000172 seconds
242.833: [GC (Allocation Failure)  781574K->460710K(1034240K), 0.0047173 secs]
242.838: Total time for which application threads were stopped: 0.0048986 seconds, Stopping threads took: 0.0000203 seconds
242.905: [GC (Allocation Failure)  781734K->468649K(1034240K), 0.0045828 secs]
242.910: Total time for which application threads were stopped: 0.0047576 seconds, Stopping threads took: 0.0000205 seconds
242.976: [GC (Allocation Failure)  789161K->468585K(1034240K), 0.0048178 secs]
242.981: Total time for which application threads were stopped: 0.0049895 seconds, Stopping threads took: 0.0000201 seconds
243.048: [GC (Allocation Failure)  789097K->471497K(1034752K), 0.0052069 secs]
243.053: Total time for which application threads were stopped: 0.0053820 seconds, Stopping threads took: 0.0000197 seconds
243.122: [GC (Allocation Failure)  792521K->476779K(1034240K), 0.0046727 secs]
243.127: Total time for which application threads were stopped: 0.0048700 seconds, Stopping threads took: 0.0000204 seconds
243.195: [GC (Allocation Failure)  797803K->476651K(1034752K), 0.0046342 secs]
243.200: Total time for which application threads were stopped: 0.0048029 seconds, Stopping threads took: 0.0000204 seconds
243.267: [GC (Allocation Failure)  797675K->479243K(1034240K), 0.0048805 secs]
243.272: Total time for which application threads were stopped: 0.0050795 seconds, Stopping threads took: 0.0000259 seconds
243.341: [GC (Allocation Failure)  800267K->484749K(1034752K), 0.0047158 secs]
243.346: Total time for which application threads were stopped: 0.0048749 seconds, Stopping threads took: 0.0000192 seconds
243.414: [GC (Allocation Failure)  806285K->484685K(1034752K), 0.0047331 secs]
243.419: Total time for which application threads were stopped: 0.0049565 seconds, Stopping threads took: 0.0000472 seconds
243.486: [GC (Allocation Failure)  806221K->487941K(1034752K), 0.0053438 secs]
243.491: Total time for which application threads were stopped: 0.0055029 seconds, Stopping threads took: 0.0000195 seconds
243.557: [GC (Allocation Failure)  809477K->492679K(1034752K), 0.0053668 secs]
243.563: Total time for which application threads were stopped: 0.0055522 seconds, Stopping threads took: 0.0000204 seconds
243.630: [GC (Allocation Failure)  814215K->492711K(1034752K), 0.0046079 secs]
243.634: Total time for which application threads were stopped: 0.0047763 seconds, Stopping threads took: 0.0000218 seconds
243.699: [GC (Allocation Failure)  814247K->493127K(1034752K), 0.0045959 secs]
243.704: Total time for which application threads were stopped: 0.0047857 seconds, Stopping threads took: 0.0000254 seconds
243.773: [GC (Allocation Failure)  814663K->500746K(1034752K), 0.0056258 secs]
243.778: Total time for which application threads were stopped: 0.0057862 seconds, Stopping threads took: 0.0000253 seconds
243.845: [GC (Allocation Failure)  822282K->500778K(1034752K), 0.0046642 secs]
243.850: Total time for which application threads were stopped: 0.0048457 seconds, Stopping threads took: 0.0000191 seconds
243.915: [GC (Allocation Failure)  822314K->502378K(1034752K), 0.0046233 secs]
243.919: Total time for which application threads were stopped: 0.0048259 seconds, Stopping threads took: 0.0000210 seconds
243.989: [GC (Allocation Failure)  823914K->508780K(1034752K), 0.0044401 secs]
243.994: Total time for which application threads were stopped: 0.0046240 seconds, Stopping threads took: 0.0000171 seconds
244.062: [GC (Allocation Failure)  830316K->508748K(1034752K), 0.0046144 secs]
244.067: Total time for which application threads were stopped: 0.0047621 seconds, Stopping threads took: 0.0000169 seconds
244.132: [GC (Allocation Failure)  830284K->511628K(1034752K), 0.0051747 secs]
244.137: Total time for which application threads were stopped: 0.0053509 seconds, Stopping threads took: 0.0000261 seconds
244.206: [GC (Allocation Failure)  833164K->516910K(1034752K), 0.0044343 secs]
244.210: Total time for which application threads were stopped: 0.0045934 seconds, Stopping threads took: 0.0000205 seconds
244.279: [GC (Allocation Failure)  838446K->516782K(1034752K), 0.0046712 secs]
244.284: Total time for which application threads were stopped: 0.0048351 seconds, Stopping threads took: 0.0000192 seconds
244.348: [GC (Allocation Failure)  838318K->520934K(1035264K), 0.0056774 secs]
244.354: Total time for which application threads were stopped: 0.0058373 seconds, Stopping threads took: 0.0000189 seconds
244.423: [GC (Allocation Failure)  842982K->524936K(1034752K), 0.0047298 secs]
244.428: Total time for which application threads were stopped: 0.0049013 seconds, Stopping threads took: 0.0000192 seconds
244.496: [GC (Allocation Failure)  846984K->524840K(1035264K), 0.0046242 secs]
244.500: Total time for which application threads were stopped: 0.0047908 seconds, Stopping threads took: 0.0000198 seconds
244.567: [GC (Allocation Failure)  847400K->528104K(1035264K), 0.0051638 secs]
244.572: Total time for which application threads were stopped: 0.0053260 seconds, Stopping threads took: 0.0000189 seconds
244.640: [GC (Allocation Failure)  850664K->532907K(1035264K), 0.0045481 secs]
244.644: Total time for which application threads were stopped: 0.0047134 seconds, Stopping threads took: 0.0000193 seconds
244.715: [GC (Allocation Failure)  855467K->532875K(1035264K), 0.0044992 secs]
244.719: Total time for which application threads were stopped: 0.0046746 seconds, Stopping threads took: 0.0000254 seconds
244.789: [GC (Allocation Failure)  855435K->536363K(1035264K), 0.0053229 secs]
244.794: Total time for which application threads were stopped: 0.0054925 seconds, Stopping threads took: 0.0000190 seconds
244.862: [GC (Allocation Failure)  858923K->540941K(1035264K), 0.0044559 secs]
244.866: Total time for which application threads were stopped: 0.0046506 seconds, Stopping threads took: 0.0000190 seconds
244.936: [GC (Allocation Failure)  863501K->540909K(1035264K), 0.0044954 secs]
244.940: Total time for which application threads were stopped: 0.0046606 seconds, Stopping threads took: 0.0000167 seconds
245.009: [GC (Allocation Failure)  863469K->544589K(1035264K), 0.0054906 secs]
245.015: Total time for which application threads were stopped: 0.0056726 seconds, Stopping threads took: 0.0000198 seconds
245.082: [GC (Allocation Failure)  867149K->548943K(1035776K), 0.0045449 secs]
245.087: Total time for which application threads were stopped: 0.0047094 seconds, Stopping threads took: 0.0000194 seconds
245.154: [GC (Allocation Failure)  872527K->548943K(1035776K), 0.0050056 secs]
245.159: Total time for which application threads were stopped: 0.0052030 seconds, Stopping threads took: 0.0000207 seconds
245.225: [GC (Allocation Failure)  872527K->550791K(1034752K), 0.0049055 secs]
245.230: Total time for which application threads were stopped: 0.0051037 seconds, Stopping threads took: 0.0000270 seconds
245.297: [GC (Allocation Failure)  873351K->557033K(1035264K), 0.0045062 secs]
245.302: Total time for which application threads were stopped: 0.0046811 seconds, Stopping threads took: 0.0000199 seconds
245.369: [GC (Allocation Failure)  879593K->557001K(1035264K), 0.0045570 secs]
245.373: Total time for which application threads were stopped: 0.0047277 seconds, Stopping threads took: 0.0000208 seconds
245.440: [GC (Allocation Failure)  879561K->550951K(1035264K), 0.0024266 secs]
245.443: Total time for which application threads were stopped: 0.0025987 seconds, Stopping threads took: 0.0000187 seconds
245.512: [GC (Allocation Failure)  873511K->556969K(1035264K), 0.0049570 secs]
245.517: Total time for which application threads were stopped: 0.0051260 seconds, Stopping threads took: 0.0000197 seconds
245.585: [GC (Allocation Failure)  879529K->556969K(1035264K), 0.0046217 secs]
245.589: Total time for which application threads were stopped: 0.0047975 seconds, Stopping threads took: 0.0000200 seconds
245.657: [GC (Allocation Failure)  879529K->555271K(1035776K), 0.0042171 secs]
245.661: Total time for which application threads were stopped: 0.0043879 seconds, Stopping threads took: 0.0000196 seconds
245.729: [GC (Allocation Failure)  878343K->557225K(1035264K), 0.0045879 secs]
245.734: Total time for which application threads were stopped: 0.0047494 seconds, Stopping threads took: 0.0000260 seconds
245.802: [GC (Allocation Failure)  880297K->556969K(1035776K), 0.0046955 secs]
245.807: Total time for which application threads were stopped: 0.0048882 seconds, Stopping threads took: 0.0000203 seconds
245.877: [GC (Allocation Failure)  880553K->561639K(1035776K), 0.0064210 secs]
245.883: Total time for which application threads were stopped: 0.0065816 seconds, Stopping threads took: 0.0000259 seconds
245.951: [GC (Allocation Failure)  885223K->557161K(1033728K), 0.0047146 secs]
245.956: Total time for which application threads were stopped: 0.0048862 seconds, Stopping threads took: 0.0000200 seconds
246.023: [GC (Allocation Failure)  878697K->557001K(1034752K), 0.0049176 secs]
246.028: Total time for which application threads were stopped: 0.0050914 seconds, Stopping threads took: 0.0000209 seconds
246.094: [GC (Allocation Failure)  878537K->564839K(1029632K), 0.0083835 secs]
246.102: Total time for which application threads were stopped: 0.0085563 seconds, Stopping threads took: 0.0000204 seconds
246.169: [GC (Allocation Failure)  881255K->559177K(1032192K), 0.0049320 secs]
246.174: Total time for which application threads were stopped: 0.0051067 seconds, Stopping threads took: 0.0000200 seconds
246.240: [GC (Allocation Failure)  875593K->559113K(1033728K), 0.0048526 secs]
246.245: Total time for which application threads were stopped: 0.0050275 seconds, Stopping threads took: 0.0000285 seconds
246.311: [GC (Allocation Failure)  878089K->555431K(1033216K), 0.0063687 secs]
246.318: Total time for which application threads were stopped: 0.0065639 seconds, Stopping threads took: 0.0000252 seconds
246.386: [GC (Allocation Failure)  874407K->559177K(1034240K), 0.0046641 secs]
246.391: Total time for which application threads were stopped: 0.0048267 seconds, Stopping threads took: 0.0000197 seconds
246.458: [GC (Allocation Failure)  879177K->559113K(1033728K), 0.0048634 secs]
246.463: Total time for which application threads were stopped: 0.0050578 seconds, Stopping threads took: 0.0000203 seconds
246.529: [GC (Allocation Failure)  879113K->563177K(1034752K), 0.0057257 secs]
246.535: Total time for which application threads were stopped: 0.0058837 seconds, Stopping threads took: 0.0000191 seconds
246.601: [GC (Allocation Failure)  884713K->567148K(1034752K), 0.0048285 secs]
246.606: Total time for which application threads were stopped: 0.0049911 seconds, Stopping threads took: 0.0000195 seconds
246.671: [GC (Allocation Failure)  888684K->567116K(1035776K), 0.0047795 secs]
246.676: Total time for which application threads were stopped: 0.0049593 seconds, Stopping threads took: 0.0000229 seconds
246.742: [GC (Allocation Failure)  890188K->561801K(1035264K), 0.0025456 secs]
246.745: Total time for which application threads were stopped: 0.0026961 seconds, Stopping threads took: 0.0000251 seconds
246.814: [GC (Allocation Failure)  884873K->567372K(1035264K), 0.0047372 secs]
246.819: Total time for which application threads were stopped: 0.0049082 seconds, Stopping threads took: 0.0000198 seconds
246.887: [GC (Allocation Failure)  889932K->567116K(1035264K), 0.0045318 secs]
246.892: Total time for which application threads were stopped: 0.0047269 seconds, Stopping threads took: 0.0000198 seconds
246.961: [GC (Allocation Failure)  889676K->566633K(1036288K), 0.0046125 secs]
246.965: Total time for which application threads were stopped: 0.0048072 seconds, Stopping threads took: 0.0000198 seconds
247.035: [GC (Allocation Failure)  890729K->567308K(1035776K), 0.0046750 secs]
247.040: Total time for which application threads were stopped: 0.0048348 seconds, Stopping threads took: 0.0000248 seconds
247.109: [GC (Allocation Failure)  891404K->567148K(1036288K), 0.0046917 secs]
247.113: Total time for which application threads were stopped: 0.0048657 seconds, Stopping threads took: 0.0000203 seconds
247.182: [GC (Allocation Failure)  891756K->559657K(1025024K), 0.0020060 secs]
247.184: Total time for which application threads were stopped: 0.0021562 seconds, Stopping threads took: 0.0000200 seconds
247.253: [GC (Allocation Failure)  884265K->567260K(1036288K), 0.0046957 secs]
247.258: Total time for which application threads were stopped: 0.0048527 seconds, Stopping threads took: 0.0000265 seconds
247.327: [GC (Allocation Failure)  891356K->571300K(1035776K), 0.0059123 secs]
247.333: Total time for which application threads were stopped: 0.0060774 seconds, Stopping threads took: 0.0000199 seconds
247.402: [GC (Allocation Failure)  895396K->571300K(1036288K), 0.0045460 secs]
247.406: Total time for which application threads were stopped: 0.0047289 seconds, Stopping threads took: 0.0000200 seconds
247.474: [GC (Allocation Failure)  895908K->571652K(1024512K), 0.0049118 secs]
247.479: Total time for which application threads were stopped: 0.0050802 seconds, Stopping threads took: 0.0000212 seconds
247.546: [GC (Allocation Failure)  896260K->579302K(1035776K), 0.0048430 secs]
247.551: Total time for which application threads were stopped: 0.0050164 seconds, Stopping threads took: 0.0000201 seconds
247.619: [GC (Allocation Failure)  902886K->579302K(1035776K), 0.0048383 secs]
247.623: Total time for which application threads were stopped: 0.0050013 seconds, Stopping threads took: 0.0000205 seconds
247.692: [GC (Allocation Failure)  902886K->579366K(1034752K), 0.0048581 secs]
247.697: Total time for which application threads were stopped: 0.0050229 seconds, Stopping threads took: 0.0000200 seconds
247.767: [GC (Allocation Failure)  901926K->587336K(1035264K), 0.0055532 secs]
247.773: Total time for which application threads were stopped: 0.0057174 seconds, Stopping threads took: 0.0000250 seconds
247.840: [GC (Allocation Failure)  909896K->587368K(1035264K), 0.0048490 secs]
247.845: Total time for which application threads were stopped: 0.0050224 seconds, Stopping threads took: 0.0000211 seconds
247.913: [GC (Allocation Failure)  909928K->587592K(1022464K), 0.0047117 secs]
247.918: Total time for which application threads were stopped: 0.0048815 seconds, Stopping threads took: 0.0000201 seconds
247.985: [GC (Allocation Failure)  910152K->595371K(1034752K), 0.0047110 secs]
247.990: Total time for which application threads were stopped: 0.0048803 seconds, Stopping threads took: 0.0000197 seconds
248.058: [GC (Allocation Failure)  916907K->595371K(1034752K), 0.0047280 secs]
248.063: Total time for which application threads were stopped: 0.0049390 seconds, Stopping threads took: 0.0000277 seconds
248.129: [GC (Allocation Failure)  916907K->595435K(1033728K), 0.0047325 secs]
248.134: Total time for which application threads were stopped: 0.0048950 seconds, Stopping threads took: 0.0000164 seconds
248.202: [GC (Allocation Failure)  915947K->603405K(1034240K), 0.0056948 secs]
248.207: Total time for which application threads were stopped: 0.0058641 seconds, Stopping threads took: 0.0000194 seconds
248.276: [GC (Allocation Failure)  923917K->603405K(1034240K), 0.0047573 secs]
248.281: Total time for which application threads were stopped: 0.0049191 seconds, Stopping threads took: 0.0000202 seconds
248.348: [GC (Allocation Failure)  923917K->603557K(1034240K), 0.0049271 secs]
248.353: Total time for which application threads were stopped: 0.0050938 seconds, Stopping threads took: 0.0000194 seconds
248.422: [GC (Allocation Failure)  924069K->611431K(1034240K), 0.0045681 secs]
248.427: Total time for which application threads were stopped: 0.0047345 seconds, Stopping threads took: 0.0000192 seconds
248.494: [GC (Allocation Failure)  931943K->611463K(1034240K), 0.0048579 secs]
248.499: Total time for which application threads were stopped: 0.0050250 seconds, Stopping threads took: 0.0000190 seconds
248.566: [GC (Allocation Failure)  931975K->611783K(1033216K), 0.0047257 secs]
248.571: Total time for which application threads were stopped: 0.0048915 seconds, Stopping threads took: 0.0000204 seconds
248.638: [GC (Allocation Failure)  931271K->619465K(1033728K), 0.0048913 secs]
248.643: Total time for which application threads were stopped: 0.0050745 seconds, Stopping threads took: 0.0000196 seconds
248.712: [GC (Allocation Failure)  938953K->619465K(1033728K), 0.0046621 secs]
248.717: Total time for which application threads were stopped: 0.0048222 seconds, Stopping threads took: 0.0000255 seconds
248.784: [GC (Allocation Failure)  938953K->620009K(1033728K), 0.0047631 secs]
248.789: Total time for which application threads were stopped: 0.0049385 seconds, Stopping threads took: 0.0000194 seconds
248.857: [GC (Allocation Failure)  939497K->627532K(1033728K), 0.0048937 secs]
248.862: Total time for which application threads were stopped: 0.0050845 seconds, Stopping threads took: 0.0000185 seconds
248.930: [GC (Allocation Failure)  947020K->627500K(1033728K), 0.0047578 secs]
248.935: Total time for which application threads were stopped: 0.0049533 seconds, Stopping threads took: 0.0000201 seconds
249.003: [GC (Allocation Failure)  946988K->627748K(1033728K), 0.0050361 secs]
249.008: Total time for which application threads were stopped: 0.0051999 seconds, Stopping threads took: 0.0000205 seconds
249.075: [GC (Allocation Failure)  947236K->635526K(1033728K), 0.0049859 secs]
249.080: Total time for which application threads were stopped: 0.0051472 seconds, Stopping threads took: 0.0000203 seconds
249.148: [GC (Allocation Failure)  955014K->635494K(1033728K), 0.0048198 secs]
249.153: Total time for which application threads were stopped: 0.0049800 seconds, Stopping threads took: 0.0000196 seconds
249.219: [GC (Allocation Failure)  954982K->635718K(1033728K), 0.0048973 secs]
249.224: Total time for which application threads were stopped: 0.0050692 seconds, Stopping threads took: 0.0000278 seconds
249.291: [GC (Allocation Failure)  955206K->643560K(1032704K), 0.0057245 secs]
249.296: Total time for which application threads were stopped: 0.0058833 seconds, Stopping threads took: 0.0000198 seconds
249.363: [GC (Allocation Failure)  962024K->639654K(1033216K), 0.0039266 secs]
249.367: Total time for which application threads were stopped: 0.0040941 seconds, Stopping threads took: 0.0000192 seconds
249.436: [GC (Allocation Failure)  958118K->643720K(1034752K), 0.0050208 secs]
249.441: Total time for which application threads were stopped: 0.0052009 seconds, Stopping threads took: 0.0000191 seconds
249.508: [GC (Allocation Failure)  964744K->647688K(1034240K), 0.0049027 secs]
249.513: Total time for which application threads were stopped: 0.0050777 seconds, Stopping threads took: 0.0000200 seconds
249.580: [GC (Allocation Failure)  968712K->640902K(1034752K), 0.0023760 secs]
249.582: Total time for which application threads were stopped: 0.0025580 seconds, Stopping threads took: 0.0000201 seconds
249.649: [GC (Allocation Failure)  962438K->647760K(1034752K), 0.0049884 secs]
249.654: Total time for which application threads were stopped: 0.0051479 seconds, Stopping threads took: 0.0000188 seconds
249.720: [GC (Allocation Failure)  969296K->651872K(1034752K), 0.0058055 secs]
249.725: Total time for which application threads were stopped: 0.0059727 seconds, Stopping threads took: 0.0000267 seconds
249.792: [GC (Allocation Failure)  973408K->646302K(1034752K), 0.0030711 secs]
249.795: Total time for which application threads were stopped: 0.0032330 seconds, Stopping threads took: 0.0000200 seconds
249.861: [GC (Allocation Failure)  967838K->652144K(1035776K), 0.0048703 secs]
249.866: Total time for which application threads were stopped: 0.0050628 seconds, Stopping threads took: 0.0000194 seconds
249.936: [GC (Allocation Failure)  974704K->656016K(1034752K), 0.0050079 secs]
249.942: Total time for which application threads were stopped: 0.0051877 seconds, Stopping threads took: 0.0000171 seconds
250.010: [GC (Allocation Failure)  978504K->652110K(1035776K), 0.0039136 secs]
250.014: Total time for which application threads were stopped: 0.0041103 seconds, Stopping threads took: 0.0000171 seconds
250.083: [GC (Allocation Failure)  975182K->656144K(1035264K), 0.0049778 secs]
250.088: Total time for which application threads were stopped: 0.0051512 seconds, Stopping threads took: 0.0000201 seconds
250.156: [GC (Allocation Failure)  979216K->660144K(1035264K), 0.0051266 secs]
250.161: Total time for which application threads were stopped: 0.0053227 seconds, Stopping threads took: 0.0000342 seconds
250.230: [GC (Allocation Failure)  983728K->660112K(1035776K), 0.0047550 secs]
250.235: Total time for which application threads were stopped: 0.0049443 seconds, Stopping threads took: 0.0000269 seconds
250.303: [GC (Allocation Failure)  983696K->660168K(1034752K), 0.0050227 secs]
250.308: Total time for which application threads were stopped: 0.0051967 seconds, Stopping threads took: 0.0000191 seconds
250.376: [GC (Allocation Failure)  982728K->668138K(1035264K), 0.0047511 secs]
250.381: Total time for which application threads were stopped: 0.0049130 seconds, Stopping threads took: 0.0000189 seconds
250.449: [GC (Allocation Failure)  990698K->668138K(1034240K), 0.0048243 secs]
250.454: Total time for which application threads were stopped: 0.0050218 seconds, Stopping threads took: 0.0000193 seconds
250.518: [GC (Allocation Failure)  989674K->668202K(1034752K), 0.0049559 secs]
250.524: Total time for which application threads were stopped: 0.0051476 seconds, Stopping threads took: 0.0000191 seconds
250.593: [GC (Allocation Failure)  989738K->676173K(1034752K), 0.0047704 secs]
250.598: Total time for which application threads were stopped: 0.0049311 seconds, Stopping threads took: 0.0000169 seconds
250.665: [GC (Allocation Failure)  997709K->676205K(1029120K), 0.0045952 secs]
250.670: Total time for which application threads were stopped: 0.0047929 seconds, Stopping threads took: 0.0000207 seconds
250.738: [GC (Allocation Failure)  997741K->676429K(1034240K), 0.0049514 secs]
250.743: Total time for which application threads were stopped: 0.0051150 seconds, Stopping threads took: 0.0000169 seconds
250.813: [GC (Allocation Failure)  996941K->684207K(1034240K), 0.0048023 secs]
250.818: Total time for which application threads were stopped: 0.0049790 seconds, Stopping threads took: 0.0000200 seconds
250.888: [GC (Allocation Failure)  1004719K->684207K(1034240K), 0.0050304 secs]
250.893: Total time for which application threads were stopped: 0.0051916 seconds, Stopping threads took: 0.0000194 seconds
250.959: [GC (Allocation Failure)  1004719K->684647K(1020416K), 0.0049061 secs]
250.964: Total time for which application threads were stopped: 0.0050799 seconds, Stopping threads took: 0.0000197 seconds
251.033: [GC (Allocation Failure)  1005159K->692233K(1033728K), 0.0049143 secs]
251.038: Total time for which application threads were stopped: 0.0051222 seconds, Stopping threads took: 0.0000172 seconds
251.107: [GC (Allocation Failure)  1011721K->692233K(1033728K), 0.0048908 secs]
251.112: Total time for which application threads were stopped: 0.0050624 seconds, Stopping threads took: 0.0000172 seconds
251.178: [GC (Allocation Failure)  1011721K->692361K(1033728K), 0.0051350 secs]
251.183: [Full GC (Ergonomics)  692361K->8593K(1033728K), 0.0121443 secs]
251.195: Total time for which application threads were stopped: 0.0175245 seconds, Stopping threads took: 0.0000164 seconds
251.263: [GC (Allocation Failure)  328081K->16691K(1033728K), 0.0035397 secs]
251.266: Total time for which application threads were stopped: 0.0037313 seconds, Stopping threads took: 0.0000196 seconds
251.336: [GC (Allocation Failure)  336179K->16755K(1033728K), 0.0033122 secs]
251.339: Total time for which application threads were stopped: 0.0034793 seconds, Stopping threads took: 0.0000194 seconds
251.405: [GC (Allocation Failure)  336243K->16779K(1033728K), 0.0037816 secs]
251.409: Total time for which application threads were stopped: 0.0039414 seconds, Stopping threads took: 0.0000195 seconds
251.475: [GC (Allocation Failure)  336267K->24782K(1032704K), 0.0036740 secs]
251.479: Total time for which application threads were stopped: 0.0038340 seconds, Stopping threads took: 0.0000201 seconds
251.545: [GC (Allocation Failure)  343246K->19179K(1033216K), 0.0013402 secs]
251.547: Total time for which application threads were stopped: 0.0014994 seconds, Stopping threads took: 0.0000274 seconds
251.615: [GC (Allocation Failure)  337643K->25006K(1034752K), 0.0039191 secs]
251.619: Total time for which application threads were stopped: 0.0041062 seconds, Stopping threads took: 0.0000208 seconds
251.687: [GC (Allocation Failure)  345518K->28894K(1033728K), 0.0038931 secs]
251.691: Total time for which application threads were stopped: 0.0040639 seconds, Stopping threads took: 0.0000202 seconds
251.759: [GC (Allocation Failure)  349406K->35787K(1029120K), 0.0068343 secs]
251.766: Total time for which application threads were stopped: 0.0070022 seconds, Stopping threads took: 0.0000230 seconds
251.834: [GC (Allocation Failure)  351179K->29710K(1031680K), 0.0038482 secs]
251.838: Total time for which application threads were stopped: 0.0040479 seconds, Stopping threads took: 0.0000194 seconds
251.903: [GC (Allocation Failure)  345102K->29518K(1032704K), 0.0038720 secs]
251.907: Total time for which application threads were stopped: 0.0040590 seconds, Stopping threads took: 0.0000204 seconds
251.971: [GC (Allocation Failure)  346446K->32910K(1032192K), 0.0046154 secs]
251.976: Total time for which application threads were stopped: 0.0047892 seconds, Stopping threads took: 0.0000200 seconds
252.043: [GC (Allocation Failure)  349838K->37680K(1033216K), 0.0037544 secs]
252.047: Total time for which application threads were stopped: 0.0039177 seconds, Stopping threads took: 0.0000200 seconds
252.114: [GC (Allocation Failure)  355632K->37520K(1032704K), 0.0038545 secs]
252.118: Total time for which application threads were stopped: 0.0040340 seconds, Stopping threads took: 0.0000199 seconds
252.186: [GC (Allocation Failure)  355472K->38568K(1033216K), 0.0038837 secs]
252.189: Total time for which application threads were stopped: 0.0040505 seconds, Stopping threads took: 0.0000281 seconds
252.256: [GC (Allocation Failure)  357032K->45610K(1033216K), 0.0038192 secs]
252.260: Total time for which application threads were stopped: 0.0040027 seconds, Stopping threads took: 0.0000214 seconds
252.327: [GC (Allocation Failure)  364074K->45610K(1033728K), 0.0036933 secs]
252.331: Total time for which application threads were stopped: 0.0038750 seconds, Stopping threads took: 0.0000199 seconds
252.397: [GC (Allocation Failure)  364586K->47242K(1033216K), 0.0041089 secs]
252.401: Total time for which application threads were stopped: 0.0042826 seconds, Stopping threads took: 0.0000202 seconds
252.469: [GC (Allocation Failure)  366218K->53709K(1033728K), 0.0037444 secs]
252.472: Total time for which application threads were stopped: 0.0039087 seconds, Stopping threads took: 0.0000207 seconds
252.539: [GC (Allocation Failure)  373197K->53613K(1033728K), 0.0038791 secs]
252.543: Total time for which application threads were stopped: 0.0040558 seconds, Stopping threads took: 0.0000279 seconds
252.608: [GC (Allocation Failure)  373101K->53957K(1033728K), 0.0039034 secs]
252.612: Total time for which application threads were stopped: 0.0040616 seconds, Stopping threads took: 0.0000190 seconds
252.679: [GC (Allocation Failure)  373445K->61639K(1033728K), 0.0037622 secs]
252.682: Total time for which application threads were stopped: 0.0039253 seconds, Stopping threads took: 0.0000192 seconds
252.750: [GC (Allocation Failure)  381127K->61639K(1033728K), 0.0043622 secs]
252.754: Total time for which application threads were stopped: 0.0044985 seconds, Stopping threads took: 0.0000197 seconds
252.820: [GC (Allocation Failure)  381127K->65287K(1033728K), 0.0043978 secs]
252.825: Total time for which application threads were stopped: 0.0045490 seconds, Stopping threads took: 0.0000167 seconds
252.892: [GC (Allocation Failure)  384775K->69737K(1034240K), 0.0037965 secs]
252.896: Total time for which application threads were stopped: 0.0039675 seconds, Stopping threads took: 0.0000205 seconds
252.963: [GC (Allocation Failure)  390249K->69673K(1034240K), 0.0036576 secs]
252.967: Total time for which application threads were stopped: 0.0038285 seconds, Stopping threads took: 0.0000204 seconds
253.033: [GC (Allocation Failure)  390185K->70409K(1034240K), 0.0038424 secs]
253.036: Total time for which application threads were stopped: 0.0040109 seconds, Stopping threads took: 0.0000196 seconds
253.104: [GC (Allocation Failure)  390921K->77739K(1034240K), 0.0038460 secs]
253.108: Total time for which application threads were stopped: 0.0040058 seconds, Stopping threads took: 0.0000200 seconds
253.175: [GC (Allocation Failure)  398251K->77707K(1034240K), 0.0036964 secs]
253.179: Total time for which application threads were stopped: 0.0038656 seconds, Stopping threads took: 0.0000197 seconds
253.246: [GC (Allocation Failure)  398219K->78667K(1034240K), 0.0037370 secs]
253.250: Total time for which application threads were stopped: 0.0039125 seconds, Stopping threads took: 0.0000268 seconds
253.318: [GC (Allocation Failure)  399179K->85774K(1034240K), 0.0040189 secs]
253.322: Total time for which application threads were stopped: 0.0042051 seconds, Stopping threads took: 0.0000383 seconds
253.389: [GC (Allocation Failure)  406286K->85742K(1034240K), 0.0038673 secs]
253.393: Total time for which application threads were stopped: 0.0040590 seconds, Stopping threads took: 0.0000193 seconds
253.461: [GC (Allocation Failure)  406254K->86886K(1034240K), 0.0039928 secs]
253.465: Total time for which application threads were stopped: 0.0041521 seconds, Stopping threads took: 0.0000170 seconds
253.533: [GC (Allocation Failure)  407398K->93832K(1034240K), 0.0041411 secs]
253.538: Total time for which application threads were stopped: 0.0043239 seconds, Stopping threads took: 0.0000199 seconds
253.607: [GC (Allocation Failure)  414344K->93768K(1034240K), 0.0037417 secs]
253.611: Total time for which application threads were stopped: 0.0039150 seconds, Stopping threads took: 0.0000203 seconds
253.679: [GC (Allocation Failure)  414280K->94120K(1020416K), 0.0039217 secs]
253.683: Total time for which application threads were stopped: 0.0040801 seconds, Stopping threads took: 0.0000203 seconds
253.753: [GC (Allocation Failure)  414632K->101834K(1033728K), 0.0052795 secs]
253.759: Total time for which application threads were stopped: 0.0054302 seconds, Stopping threads took: 0.0000245 seconds
253.826: [GC (Allocation Failure)  421322K->101802K(1033728K), 0.0038777 secs]
253.830: Total time for which application threads were stopped: 0.0040664 seconds, Stopping threads took: 0.0000188 seconds
253.897: [GC (Allocation Failure)  421290K->102346K(1033728K), 0.0037356 secs]
253.901: Total time for which application threads were stopped: 0.0039210 seconds, Stopping threads took: 0.0000173 seconds
253.968: [GC (Allocation Failure)  421834K->109932K(1033728K), 0.0039581 secs]
253.972: Total time for which application threads were stopped: 0.0041225 seconds, Stopping threads took: 0.0000202 seconds
254.038: [GC (Allocation Failure)  429420K->109868K(1033728K), 0.0038758 secs]
254.042: Total time for which application threads were stopped: 0.0040440 seconds, Stopping threads took: 0.0000200 seconds
254.108: [GC (Allocation Failure)  429356K->110596K(1033728K), 0.0041355 secs]
254.112: Total time for which application threads were stopped: 0.0043124 seconds, Stopping threads took: 0.0000194 seconds
254.181: [GC (Allocation Failure)  430084K->117863K(1033728K), 0.0039059 secs]
254.185: Total time for which application threads were stopped: 0.0040695 seconds, Stopping threads took: 0.0000199 seconds
254.252: [GC (Allocation Failure)  437351K->117895K(1033728K), 0.0038508 secs]
254.256: Total time for which application threads were stopped: 0.0040201 seconds, Stopping threads took: 0.0000272 seconds
254.322: [GC (Allocation Failure)  437383K->119879K(1033728K), 0.0042545 secs]
254.326: Total time for which application threads were stopped: 0.0044248 seconds, Stopping threads took: 0.0000199 seconds
254.394: [GC (Allocation Failure)  439367K->125897K(1033728K), 0.0039566 secs]
254.398: Total time for which application threads were stopped: 0.0041265 seconds, Stopping threads took: 0.0000203 seconds
254.465: [GC (Allocation Failure)  445385K->125865K(1033728K), 0.0039466 secs]
254.469: Total time for which application threads were stopped: 0.0041270 seconds, Stopping threads took: 0.0000217 seconds
254.535: [GC (Allocation Failure)  445353K->127049K(1033728K), 0.0040052 secs]
254.539: Total time for which application threads were stopped: 0.0041986 seconds, Stopping threads took: 0.0000196 seconds
254.608: [GC (Allocation Failure)  446537K->133931K(1033728K), 0.0052444 secs]
254.614: Total time for which application threads were stopped: 0.0054340 seconds, Stopping threads took: 0.0000192 seconds
254.681: [GC (Allocation Failure)  453419K->133931K(1033728K), 0.0038382 secs]
254.685: Total time for which application threads were stopped: 0.0039893 seconds, Stopping threads took: 0.0000175 seconds
254.754: [GC (Allocation Failure)  453419K->134251K(1033728K), 0.0046684 secs]
254.759: Total time for which application threads were stopped: 0.0048265 seconds, Stopping threads took: 0.0000234 seconds
254.828: [GC (Allocation Failure)  453739K->141997K(1033728K), 0.0039339 secs]
254.832: Total time for which application threads were stopped: 0.0041051 seconds, Stopping threads took: 0.0000193 seconds
254.900: [GC (Allocation Failure)  461485K->141965K(1033728K), 0.0038886 secs]
254.904: Total time for which application threads were stopped: 0.0040528 seconds, Stopping threads took: 0.0000199 seconds
254.970: [GC (Allocation Failure)  461453K->142509K(1033728K), 0.0038936 secs]
254.974: Total time for which application threads were stopped: 0.0040992 seconds, Stopping threads took: 0.0000359 seconds
255.043: [GC (Allocation Failure)  461997K->150064K(1033728K), 0.0039822 secs]
255.047: Total time for which application threads were stopped: 0.0041443 seconds, Stopping threads took: 0.0000201 seconds
255.114: [GC (Allocation Failure)  469552K->150032K(1033728K), 0.0041512 secs]
255.119: Total time for which application threads were stopped: 0.0043222 seconds, Stopping threads took: 0.0000206 seconds
255.185: [GC (Allocation Failure)  469520K->150728K(1033728K), 0.0040968 secs]
255.189: Total time for which application threads were stopped: 0.0042690 seconds, Stopping threads took: 0.0000197 seconds
255.258: [GC (Allocation Failure)  470216K->158026K(1033728K), 0.0037403 secs]
255.262: Total time for which application threads were stopped: 0.0039433 seconds, Stopping threads took: 0.0000270 seconds
255.331: [GC (Allocation Failure)  477514K->158026K(1033728K), 0.0040295 secs]
255.335: Total time for which application threads were stopped: 0.0042016 seconds, Stopping threads took: 0.0000255 seconds
255.401: [GC (Allocation Failure)  477514K->158954K(1033728K), 0.0042270 secs]
255.405: Total time for which application threads were stopped: 0.0044100 seconds, Stopping threads took: 0.0000195 seconds
255.475: [GC (Allocation Failure)  478442K->166028K(1033728K), 0.0038670 secs]
255.478: Total time for which application threads were stopped: 0.0040324 seconds, Stopping threads took: 0.0000208 seconds
255.545: [GC (Allocation Failure)  485516K->166060K(1033728K), 0.0039907 secs]
255.550: Total time for which application threads were stopped: 0.0041479 seconds, Stopping threads took: 0.0000190 seconds
255.617: [GC (Allocation Failure)  485548K->166156K(1033728K), 0.0038883 secs]
255.621: Total time for which application threads were stopped: 0.0040634 seconds, Stopping threads took: 0.0000196 seconds
255.688: [GC (Allocation Failure)  485644K->174095K(1027072K), 0.0039907 secs]
255.692: Total time for which application threads were stopped: 0.0041551 seconds, Stopping threads took: 0.0000212 seconds
255.760: [GC (Allocation Failure)  493583K->174095K(1033216K), 0.0041433 secs]
255.764: Total time for which application threads were stopped: 0.0042970 seconds, Stopping threads took: 0.0000165 seconds
255.831: [GC (Allocation Failure)  492559K->174407K(1033216K), 0.0040044 secs]
255.835: Total time for which application threads were stopped: 0.0041974 seconds, Stopping threads took: 0.0000197 seconds
255.904: [GC (Allocation Failure)  492871K->182121K(1033216K), 0.0039000 secs]
255.908: Total time for which application threads were stopped: 0.0040511 seconds, Stopping threads took: 0.0000177 seconds
255.973: [GC (Allocation Failure)  500585K->182121K(1033216K), 0.0039783 secs]
255.977: Total time for which application threads were stopped: 0.0041443 seconds, Stopping threads took: 0.0000204 seconds
256.042: [GC (Allocation Failure)  500585K->182665K(1033216K), 0.0042713 secs]
256.046: Total time for which application threads were stopped: 0.0044494 seconds, Stopping threads took: 0.0000199 seconds
256.112: [GC (Allocation Failure)  501129K->190187K(1033216K), 0.0041801 secs]
256.116: Total time for which application threads were stopped: 0.0043668 seconds, Stopping threads took: 0.0000218 seconds
256.183: [GC (Allocation Failure)  508651K->190155K(1033216K), 0.0046194 secs]
256.188: Total time for which application threads were stopped: 0.0047927 seconds, Stopping threads took: 0.0000195 seconds
256.253: [GC (Allocation Failure)  508619K->190347K(1033216K), 0.0040435 secs]
256.257: Total time for which application threads were stopped: 0.0042210 seconds, Stopping threads took: 0.0000271 seconds
256.323: [GC (Allocation Failure)  508811K->198189K(1033216K), 0.0042407 secs]
256.327: Total time for which application threads were stopped: 0.0044129 seconds, Stopping threads took: 0.0000204 seconds
256.393: [GC (Allocation Failure)  516653K->198221K(1033216K), 0.0041122 secs]
256.397: Total time for which application threads were stopped: 0.0042840 seconds, Stopping threads took: 0.0000195 seconds
256.464: [GC (Allocation Failure)  516685K->198341K(1033216K), 0.0042074 secs]
256.468: Total time for which application threads were stopped: 0.0043788 seconds, Stopping threads took: 0.0000201 seconds
256.535: [GC (Allocation Failure)  516805K->206216K(1033216K), 0.0042843 secs]
256.539: Total time for which application threads were stopped: 0.0044695 seconds, Stopping threads took: 0.0000217 seconds
256.606: [GC (Allocation Failure)  524680K->206184K(1033216K), 0.0041385 secs]
256.611: Total time for which application threads were stopped: 0.0042962 seconds, Stopping threads took: 0.0000185 seconds
256.676: [GC (Allocation Failure)  524648K->206280K(1033216K), 0.0040421 secs]
256.680: Total time for which application threads were stopped: 0.0042157 seconds, Stopping threads took: 0.0000204 seconds
256.748: [GC (Allocation Failure)  524744K->214250K(1033216K), 0.0039392 secs]
256.752: Total time for which application threads were stopped: 0.0041084 seconds, Stopping threads took: 0.0000268 seconds
256.819: [GC (Allocation Failure)  532714K->214250K(1033216K), 0.0040130 secs]
256.823: Total time for which application threads were stopped: 0.0041812 seconds, Stopping threads took: 0.0000190 seconds
256.887: [GC (Allocation Failure)  532714K->214570K(1033216K), 0.0041514 secs]
256.891: Total time for which application threads were stopped: 0.0043177 seconds, Stopping threads took: 0.0000202 seconds
256.957: [GC (Allocation Failure)  533034K->222284K(1033216K), 0.0040254 secs]
256.961: Total time for which application threads were stopped: 0.0041904 seconds, Stopping threads took: 0.0000197 seconds
257.028: [GC (Allocation Failure)  540748K->222284K(1033216K), 0.0041128 secs]
257.032: Total time for which application threads were stopped: 0.0042836 seconds, Stopping threads took: 0.0000198 seconds
257.097: [GC (Allocation Failure)  540748K->222500K(1033216K), 0.0042068 secs]
257.101: Total time for which application threads were stopped: 0.0043796 seconds, Stopping threads took: 0.0000201 seconds
257.167: [GC (Allocation Failure)  540964K->230310K(1033216K), 0.0041078 secs]
257.171: Total time for which application threads were stopped: 0.0042906 seconds, Stopping threads took: 0.0000205 seconds
257.236: [GC (Allocation Failure)  548774K->226404K(1033216K), 0.0029930 secs]
257.239: Total time for which application threads were stopped: 0.0031790 seconds, Stopping threads took: 0.0000278 seconds
257.305: [GC (Allocation Failure)  544868K->230478K(1034752K), 0.0042727 secs]
257.310: Total time for which application threads were stopped: 0.0044642 seconds, Stopping threads took: 0.0000202 seconds
257.379: [GC (Allocation Failure)  550990K->234446K(1033728K), 0.0040223 secs]
257.383: Total time for which application threads were stopped: 0.0042141 seconds, Stopping threads took: 0.0000209 seconds
257.451: [GC (Allocation Failure)  554958K->226604K(1034240K), 0.0010506 secs]
257.452: Total time for which application threads were stopped: 0.0011771 seconds, Stopping threads took: 0.0000198 seconds
257.521: [GC (Allocation Failure)  547116K->234510K(1034240K), 0.0040263 secs]
257.525: Total time for which application threads were stopped: 0.0041958 seconds, Stopping threads took: 0.0000198 seconds
257.592: [GC (Allocation Failure)  555022K->238590K(1033216K), 0.0057895 secs]
257.598: Total time for which application threads were stopped: 0.0059571 seconds, Stopping threads took: 0.0000195 seconds
257.664: [GC (Allocation Failure)  558078K->244348K(1032704K), 0.0063697 secs]
257.671: Total time for which application threads were stopped: 0.0065298 seconds, Stopping threads took: 0.0000199 seconds
257.737: [GC (Allocation Failure)  563836K->238814K(1031680K), 0.0039729 secs]
257.742: Total time for which application threads were stopped: 0.0041495 seconds, Stopping threads took: 0.0000259 seconds
257.809: [GC (Allocation Failure)  555230K->238590K(1032192K), 0.0039993 secs]
257.813: Total time for which application threads were stopped: 0.0041933 seconds, Stopping threads took: 0.0000187 seconds
257.879: [GC (Allocation Failure)  555006K->233244K(1032704K), 0.0018626 secs]
257.881: Total time for which application threads were stopped: 0.0020020 seconds, Stopping threads took: 0.0000172 seconds
257.947: [GC (Allocation Failure)  550684K->238782K(1032704K), 0.0039542 secs]
257.951: Total time for which application threads were stopped: 0.0041479 seconds, Stopping threads took: 0.0000194 seconds
258.019: [GC (Allocation Failure)  556222K->238622K(1033216K), 0.0043537 secs]
258.024: Total time for which application threads were stopped: 0.0045106 seconds, Stopping threads took: 0.0000167 seconds
258.090: [GC (Allocation Failure)  556574K->238950K(1032704K), 0.0043687 secs]
258.094: Total time for which application threads were stopped: 0.0045376 seconds, Stopping threads took: 0.0000194 seconds
258.161: [GC (Allocation Failure)  556902K->246665K(1033216K), 0.0041064 secs]
258.165: Total time for which application threads were stopped: 0.0042889 seconds, Stopping threads took: 0.0000207 seconds
258.235: [GC (Allocation Failure)  565129K->246665K(1033216K), 0.0041163 secs]
258.239: Total time for which application threads were stopped: 0.0042849 seconds, Stopping threads took: 0.0000254 seconds
258.303: [GC (Allocation Failure)  565129K->250761K(1033728K), 0.0051788 secs]
258.309: Total time for which application threads were stopped: 0.0053460 seconds, Stopping threads took: 0.0000199 seconds
258.376: [GC (Allocation Failure)  569737K->254699K(1033216K), 0.0040439 secs]
258.380: Total time for which application threads were stopped: 0.0042165 seconds, Stopping threads took: 0.0000208 seconds
258.447: [GC (Allocation Failure)  573675K->254699K(1034240K), 0.0042374 secs]
258.451: Total time for which application threads were stopped: 0.0044255 seconds, Stopping threads took: 0.0000199 seconds
258.516: [GC (Allocation Failure)  574699K->257483K(1033728K), 0.0045190 secs]
258.520: Total time for which application threads were stopped: 0.0047183 seconds, Stopping threads took: 0.0000202 seconds
258.590: [GC (Allocation Failure)  577483K->262701K(1034240K), 0.0041289 secs]
258.594: Total time for which application threads were stopped: 0.0042802 seconds, Stopping threads took: 0.0000174 seconds
258.662: [GC (Allocation Failure)  583213K->262733K(1034240K), 0.0040551 secs]
258.666: Total time for which application threads were stopped: 0.0042479 seconds, Stopping threads took: 0.0000194 seconds
258.735: [GC (Allocation Failure)  583245K->263141K(1034240K), 0.0044213 secs]
258.740: Total time for which application threads were stopped: 0.0045962 seconds, Stopping threads took: 0.0000251 seconds
258.809: [GC (Allocation Failure)  583653K->270759K(1034240K), 0.0042877 secs]
258.813: Total time for which application threads were stopped: 0.0044575 seconds, Stopping threads took: 0.0000195 seconds
258.881: [GC (Allocation Failure)  591271K->270727K(1034240K), 0.0041463 secs]
258.886: Total time for which application threads were stopped: 0.0043220 seconds, Stopping threads took: 0.0000205 seconds
258.954: [GC (Allocation Failure)  591239K->273415K(1034240K), 0.0047477 secs]
258.958: Total time for which application threads were stopped: 0.0049145 seconds, Stopping threads took: 0.0000209 seconds
259.026: [GC (Allocation Failure)  593927K->278794K(1034240K), 0.0043023 secs]
259.030: Total time for which application threads were stopped: 0.0044704 seconds, Stopping threads took: 0.0000196 seconds
259.098: [GC (Allocation Failure)  599306K->278762K(1034240K), 0.0042068 secs]
259.102: Total time for which application threads were stopped: 0.0043682 seconds, Stopping threads took: 0.0000193 seconds
259.169: [GC (Allocation Failure)  599274K->279594K(1033728K), 0.0044134 secs]
259.173: Total time for which application threads were stopped: 0.0045756 seconds, Stopping threads took: 0.0000187 seconds
259.241: [GC (Allocation Failure)  600106K->286892K(1034240K), 0.0041562 secs]
259.245: Total time for which application threads were stopped: 0.0043174 seconds, Stopping threads took: 0.0000202 seconds
259.312: [GC (Allocation Failure)  607404K->286764K(1034240K), 0.0050396 secs]
259.317: Total time for which application threads were stopped: 0.0052185 seconds, Stopping threads took: 0.0000195 seconds
259.388: [GC (Allocation Failure)  607276K->289900K(1034240K), 0.0047746 secs]
259.393: Total time for which application threads were stopped: 0.0049248 seconds, Stopping threads took: 0.0000165 seconds
259.463: [GC (Allocation Failure)  610412K->294894K(1034752K), 0.0041683 secs]
259.467: Total time for which application threads were stopped: 0.0043287 seconds, Stopping threads took: 0.0000192 seconds
259.535: [GC (Allocation Failure)  616430K->294862K(1034752K), 0.0042152 secs]
259.539: Total time for which application threads were stopped: 0.0043832 seconds, Stopping threads took: 0.0000193 seconds
259.604: [GC (Allocation Failure)  616398K->298086K(1034752K), 0.0050726 secs]
259.610: Total time for which application threads were stopped: 0.0052507 seconds, Stopping threads took: 0.0000275 seconds
259.678: [GC (Allocation Failure)  619622K->302889K(1034752K), 0.0042202 secs]
259.682: Total time for which application threads were stopped: 0.0044157 seconds, Stopping threads took: 0.0000204 seconds
259.751: [GC (Allocation Failure)  624425K->302889K(1034752K), 0.0051199 secs]
259.756: Total time for which application threads were stopped: 0.0052770 seconds, Stopping threads took: 0.0000195 seconds
259.823: [GC (Allocation Failure)  624425K->303273K(1034752K), 0.0044127 secs]
259.827: Total time for which application threads were stopped: 0.0045861 seconds, Stopping threads took: 0.0000203 seconds
259.896: [GC (Allocation Failure)  624809K->310923K(1034752K), 0.0045151 secs]
259.901: Total time for which application threads were stopped: 0.0046864 seconds, Stopping threads took: 0.0000206 seconds
259.967: [GC (Allocation Failure)  632459K->310891K(1034752K), 0.0042512 secs]
259.972: Total time for which application threads were stopped: 0.0044118 seconds, Stopping threads took: 0.0000193 seconds
260.038: [GC (Allocation Failure)  632427K->312547K(1034752K), 0.0045670 secs]
260.043: Total time for which application threads were stopped: 0.0047276 seconds, Stopping threads took: 0.0000194 seconds
260.111: [GC (Allocation Failure)  634083K->318949K(1029120K), 0.0042243 secs]
260.115: Total time for which application threads were stopped: 0.0043824 seconds, Stopping threads took: 0.0000188 seconds
260.181: [GC (Allocation Failure)  640485K->318885K(1034752K), 0.0045243 secs]
260.185: Total time for which application threads were stopped: 0.0047029 seconds, Stopping threads took: 0.0000194 seconds
260.254: [GC (Allocation Failure)  639909K->321293K(1034240K), 0.0045540 secs]
260.259: Total time for which application threads were stopped: 0.0047327 seconds, Stopping threads took: 0.0000282 seconds
260.327: [GC (Allocation Failure)  642317K->327055K(1034752K), 0.0042856 secs]
260.331: Total time for which application threads were stopped: 0.0044504 seconds, Stopping threads took: 0.0000201 seconds
260.399: [GC (Allocation Failure)  648591K->326959K(1034752K), 0.0043652 secs]
260.404: Total time for which application threads were stopped: 0.0045290 seconds, Stopping threads took: 0.0000195 seconds
260.469: [GC (Allocation Failure)  648495K->330055K(1034752K), 0.0049892 secs]
260.474: Total time for which application threads were stopped: 0.0051559 seconds, Stopping threads took: 0.0000199 seconds
260.541: [GC (Allocation Failure)  651591K->335050K(1034752K), 0.0042953 secs]
260.545: Total time for which application threads were stopped: 0.0044694 seconds, Stopping threads took: 0.0000200 seconds
260.611: [GC (Allocation Failure)  656586K->335018K(1034752K), 0.0064805 secs]
260.617: Total time for which application threads were stopped: 0.0066406 seconds, Stopping threads took: 0.0000200 seconds
260.682: [GC (Allocation Failure)  656554K->335210K(1021440K), 0.0043965 secs]
260.687: Total time for which application threads were stopped: 0.0045696 seconds, Stopping threads took: 0.0000194 seconds
260.755: [GC (Allocation Failure)  656746K->343020K(1034240K), 0.0045682 secs]
260.760: Total time for which application threads were stopped: 0.0047238 seconds, Stopping threads took: 0.0000244 seconds
260.827: [GC (Allocation Failure)  663532K->343020K(1034240K), 0.0044092 secs]
260.832: Total time for which application threads were stopped: 0.0045752 seconds, Stopping threads took: 0.0000196 seconds
260.896: [GC (Allocation Failure)  663532K->346412K(1034752K), 0.0051252 secs]
260.902: Total time for which application threads were stopped: 0.0053193 seconds, Stopping threads took: 0.0000196 seconds
260.968: [GC (Allocation Failure)  667436K->351214K(1034240K), 0.0045448 secs]
260.973: Total time for which application threads were stopped: 0.0047269 seconds, Stopping threads took: 0.0000165 seconds
261.042: [GC (Allocation Failure)  672238K->351086K(1034752K), 0.0043819 secs]
261.046: Total time for which application threads were stopped: 0.0045604 seconds, Stopping threads took: 0.0000200 seconds
261.114: [GC (Allocation Failure)  672622K->354662K(1034752K), 0.0050075 secs]
261.119: Total time for which application threads were stopped: 0.0052349 seconds, Stopping threads took: 0.0000209 seconds
261.189: [GC (Allocation Failure)  676198K->359144K(1034752K), 0.0044062 secs]
261.193: Total time for which application threads were stopped: 0.0045650 seconds, Stopping threads took: 0.0000177 seconds
261.263: [GC (Allocation Failure)  680680K->359080K(1034752K), 0.0041087 secs]
261.268: Total time for which application threads were stopped: 0.0042774 seconds, Stopping threads took: 0.0000268 seconds
261.334: [GC (Allocation Failure)  680616K->359784K(1034752K), 0.0043024 secs]
261.339: Total time for which application threads were stopped: 0.0044791 seconds, Stopping threads took: 0.0000204 seconds
261.406: [GC (Allocation Failure)  681320K->367147K(1034752K), 0.0045042 secs]
261.411: Total time for which application threads were stopped: 0.0046814 seconds, Stopping threads took: 0.0000286 seconds
261.478: [GC (Allocation Failure)  688683K->367147K(1034752K), 0.0042840 secs]
261.483: Total time for which application threads were stopped: 0.0044500 seconds, Stopping threads took: 0.0000202 seconds
261.548: [GC (Allocation Failure)  688683K->369027K(1034752K), 0.0056512 secs]
261.554: Total time for which application threads were stopped: 0.0058295 seconds, Stopping threads took: 0.0000205 seconds
261.621: [GC (Allocation Failure)  690563K->375205K(1034752K), 0.0045537 secs]
261.626: Total time for which application threads were stopped: 0.0047141 seconds, Stopping threads took: 0.0000196 seconds
261.695: [GC (Allocation Failure)  696741K->375141K(1034752K), 0.0041172 secs]
261.699: Total time for which application threads were stopped: 0.0043060 seconds, Stopping threads took: 0.0000218 seconds
261.767: [GC (Allocation Failure)  696677K->378301K(1034752K), 0.0061456 secs]
261.773: Total time for which application threads were stopped: 0.0063177 seconds, Stopping threads took: 0.0000169 seconds
261.841: [GC (Allocation Failure)  699837K->383295K(1034752K), 0.0043840 secs]
261.846: Total time for which application threads were stopped: 0.0045553 seconds, Stopping threads took: 0.0000182 seconds
261.912: [GC (Allocation Failure)  704831K->383167K(1034752K), 0.0045046 secs]
261.917: Total time for which application threads were stopped: 0.0046749 seconds, Stopping threads took: 0.0000195 seconds
261.982: [GC (Allocation Failure)  704703K->383463K(1034752K), 0.0044043 secs]
261.986: Total time for which application threads were stopped: 0.0045678 seconds, Stopping threads took: 0.0000198 seconds
262.052: [GC (Allocation Failure)  704999K->391305K(1033728K), 0.0044872 secs]
262.056: Total time for which application threads were stopped: 0.0046509 seconds, Stopping threads took: 0.0000200 seconds
262.123: [GC (Allocation Failure)  711817K->391241K(1034240K), 0.0043732 secs]
262.128: Total time for which application threads were stopped: 0.0045343 seconds, Stopping threads took: 0.0000195 seconds
262.195: [GC (Allocation Failure)  711753K->394761K(1034752K), 0.0051111 secs]
262.200: Total time for which application threads were stopped: 0.0052790 seconds, Stopping threads took: 0.0000202 seconds
262.267: [GC (Allocation Failure)  715785K->399276K(1034240K), 0.0044048 secs]
262.272: Total time for which application threads were stopped: 0.0045742 seconds, Stopping threads took: 0.0000279 seconds
262.338: [GC (Allocation Failure)  720300K->399212K(1034752K), 0.0051010 secs]
262.344: Total time for which application threads were stopped: 0.0052726 seconds, Stopping threads took: 0.0000193 seconds
262.410: [GC (Allocation Failure)  720748K->402988K(1034752K), 0.0052601 secs]
262.416: Total time for which application threads were stopped: 0.0054332 seconds, Stopping threads took: 0.0000213 seconds
262.486: [GC (Allocation Failure)  724524K->407342K(1035264K), 0.0045867 secs]
262.490: Total time for which application threads were stopped: 0.0047433 seconds, Stopping threads took: 0.0000167 seconds
262.558: [GC (Allocation Failure)  729902K->407278K(1035264K), 0.0042545 secs]
262.562: Total time for which application threads were stopped: 0.0044139 seconds, Stopping threads took: 0.0000196 seconds
262.629: [GC (Allocation Failure)  729838K->410182K(1035264K), 0.0050447 secs]
262.634: Total time for which application threads were stopped: 0.0052398 seconds, Stopping threads took: 0.0000188 seconds
262.703: [GC (Allocation Failure)  732742K->415336K(1035264K), 0.0042030 secs]
262.708: Total time for which application threads were stopped: 0.0043853 seconds, Stopping threads took: 0.0000172 seconds
262.779: [GC (Allocation Failure)  737896K->415272K(1035264K), 0.0043309 secs]
262.783: Total time for which application threads were stopped: 0.0044700 seconds, Stopping threads took: 0.0000149 seconds
262.852: [GC (Allocation Failure)  737832K->418472K(1035264K), 0.0050530 secs]
262.857: Total time for which application threads were stopped: 0.0052050 seconds, Stopping threads took: 0.0000170 seconds
262.925: [GC (Allocation Failure)  741032K->423466K(1035264K), 0.0043650 secs]
262.930: Total time for which application threads were stopped: 0.0045609 seconds, Stopping threads took: 0.0000194 seconds
262.999: [GC (Allocation Failure)  746026K->423370K(1035264K), 0.0045974 secs]
263.004: Total time for which application threads were stopped: 0.0047645 seconds, Stopping threads took: 0.0000274 seconds
263.070: [GC (Allocation Failure)  745930K->426698K(1035264K), 0.0052263 secs]
263.076: Total time for which application threads were stopped: 0.0053938 seconds, Stopping threads took: 0.0000193 seconds
263.143: [GC (Allocation Failure)  749258K->431469K(1035264K), 0.0043917 secs]
263.148: Total time for which application threads were stopped: 0.0045880 seconds, Stopping threads took: 0.0000197 seconds
263.217: [GC (Allocation Failure)  754029K->431373K(1035264K), 0.0045670 secs]
263.221: Total time for which application threads were stopped: 0.0047209 seconds, Stopping threads took: 0.0000169 seconds
263.289: [GC (Allocation Failure)  753933K->434917K(1035264K), 0.0053621 secs]
263.294: Total time for which application threads were stopped: 0.0055261 seconds, Stopping threads took: 0.0000196 seconds
263.361: [GC (Allocation Failure)  757477K->439399K(1035264K), 0.0045012 secs]
263.366: Total time for which application threads were stopped: 0.0046784 seconds, Stopping threads took: 0.0000204 seconds
263.434: [GC (Allocation Failure)  761959K->439399K(1035264K), 0.0049889 secs]
263.439: Total time for which application threads were stopped: 0.0051586 seconds, Stopping threads took: 0.0000198 seconds
263.505: [GC (Allocation Failure)  761959K->443143K(1035776K), 0.0052262 secs]
263.511: Total time for which application threads were stopped: 0.0053878 seconds, Stopping threads took: 0.0000197 seconds
263.577: [GC (Allocation Failure)  766727K->447625K(1035776K), 0.0044563 secs]
263.581: Total time for which application threads were stopped: 0.0046505 seconds, Stopping threads took: 0.0000196 seconds
263.650: [GC (Allocation Failure)  771209K->447433K(1035776K), 0.0046270 secs]
263.654: Total time for which application threads were stopped: 0.0047997 seconds, Stopping threads took: 0.0000168 seconds
263.722: [GC (Allocation Failure)  771017K->446407K(1035776K), 0.0041413 secs]
263.726: Total time for which application threads were stopped: 0.0043023 seconds, Stopping threads took: 0.0000256 seconds
263.795: [GC (Allocation Failure)  769991K->447593K(1036288K), 0.0042063 secs]
263.799: Total time for which application threads were stopped: 0.0043596 seconds, Stopping threads took: 0.0000169 seconds
263.868: [GC (Allocation Failure)  772201K->447433K(1036288K), 0.0045060 secs]
263.872: Total time for which application threads were stopped: 0.0046828 seconds, Stopping threads took: 0.0000196 seconds
263.938: [GC (Allocation Failure)  772041K->439463K(1035264K), 0.0014744 secs]
263.940: Total time for which application threads were stopped: 0.0016000 seconds, Stopping threads took: 0.0000192 seconds
264.010: [GC (Allocation Failure)  763047K->447569K(1031168K), 0.0047640 secs]
264.014: Total time for which application threads were stopped: 0.0049244 seconds, Stopping threads took: 0.0000195 seconds
264.083: [GC (Allocation Failure)  771153K->451585K(1035776K), 0.0061075 secs]
264.089: Total time for which application threads were stopped: 0.0062751 seconds, Stopping threads took: 0.0000195 seconds
264.154: [GC (Allocation Failure)  774657K->447711K(1035264K), 0.0034634 secs]
264.158: Total time for which application threads were stopped: 0.0036491 seconds, Stopping threads took: 0.0000195 seconds
264.228: [GC (Allocation Failure)  770783K->451753K(1035776K), 0.0044402 secs]
264.232: Total time for which application threads were stopped: 0.0046162 seconds, Stopping threads took: 0.0000261 seconds
264.300: [GC (Allocation Failure)  775337K->455721K(1035776K), 0.0045183 secs]
264.305: Total time for which application threads were stopped: 0.0046907 seconds, Stopping threads took: 0.0000245 seconds
264.374: [GC (Allocation Failure)  779305K->455721K(1035776K), 0.0044653 secs]
264.378: Total time for which application threads were stopped: 0.0046202 seconds, Stopping threads took: 0.0000190 seconds
264.444: [GC (Allocation Failure)  779305K->456073K(1023488K), 0.0045776 secs]
264.449: Total time for which application threads were stopped: 0.0047463 seconds, Stopping threads took: 0.0000198 seconds
264.516: [GC (Allocation Failure)  779657K->463788K(1035264K), 0.0044662 secs]
264.521: Total time for which application threads were stopped: 0.0046269 seconds, Stopping threads took: 0.0000192 seconds
264.589: [GC (Allocation Failure)  786348K->463724K(1035264K), 0.0076495 secs]
264.597: Total time for which application threads were stopped: 0.0078276 seconds, Stopping threads took: 0.0000200 seconds
264.666: [GC (Allocation Failure)  786284K->464268K(1034240K), 0.0047838 secs]
264.671: Total time for which application threads were stopped: 0.0049673 seconds, Stopping threads took: 0.0000224 seconds
264.739: [GC (Allocation Failure)  785804K->471822K(1034752K), 0.0045532 secs]
264.743: Total time for which application threads were stopped: 0.0047174 seconds, Stopping threads took: 0.0000267 seconds
264.813: [GC (Allocation Failure)  793358K->471790K(1034752K), 0.0043900 secs]
264.818: Total time for which application threads were stopped: 0.0045515 seconds, Stopping threads took: 0.0000201 seconds
264.885: [GC (Allocation Failure)  793326K->471950K(1034752K), 0.0046844 secs]
264.889: Total time for which application threads were stopped: 0.0048588 seconds, Stopping threads took: 0.0000200 seconds
264.957: [GC (Allocation Failure)  793486K->479824K(1033728K), 0.0047270 secs]
264.961: Total time for which application threads were stopped: 0.0048903 seconds, Stopping threads took: 0.0000197 seconds
265.030: [GC (Allocation Failure)  800336K->479824K(1034240K), 0.0044544 secs]
265.034: Total time for which application threads were stopped: 0.0046316 seconds, Stopping threads took: 0.0000345 seconds
265.101: [GC (Allocation Failure)  800336K->479944K(1034240K), 0.0046747 secs]
265.106: Total time for which application threads were stopped: 0.0048453 seconds, Stopping threads took: 0.0000196 seconds
265.174: [GC (Allocation Failure)  800456K->487850K(1034240K), 0.0047457 secs]
265.179: Total time for which application threads were stopped: 0.0049083 seconds, Stopping threads took: 0.0000204 seconds
265.245: [GC (Allocation Failure)  808362K->487850K(1034240K), 0.0046510 secs]
265.250: Total time for which application threads were stopped: 0.0048328 seconds, Stopping threads took: 0.0000278 seconds
265.317: [GC (Allocation Failure)  808362K->487914K(1020416K), 0.0045385 secs]
265.322: Total time for which application threads were stopped: 0.0047094 seconds, Stopping threads took: 0.0000197 seconds
265.389: [GC (Allocation Failure)  808426K->495853K(1033728K), 0.0045471 secs]
265.393: Total time for which application threads were stopped: 0.0047106 seconds, Stopping threads took: 0.0000196 seconds
265.461: [GC (Allocation Failure)  815341K->495853K(1033728K), 0.0053263 secs]
265.466: Total time for which application threads were stopped: 0.0054898 seconds, Stopping threads took: 0.0000195 seconds
265.531: [GC (Allocation Failure)  815341K->496141K(1033728K), 0.0045266 secs]
265.536: Total time for which application threads were stopped: 0.0046929 seconds, Stopping threads took: 0.0000188 seconds
265.603: [GC (Allocation Failure)  815629K->503919K(1033728K), 0.0047278 secs]
265.608: Total time for which application threads were stopped: 0.0048990 seconds, Stopping threads took: 0.0000192 seconds
265.676: [GC (Allocation Failure)  823407K->503919K(1033728K), 0.0047058 secs]
265.680: Total time for which application threads were stopped: 0.0048807 seconds, Stopping threads took: 0.0000188 seconds
265.747: [GC (Allocation Failure)  823407K->504103K(1033728K), 0.0053280 secs]
265.752: Total time for which application threads were stopped: 0.0055117 seconds, Stopping threads took: 0.0000264 seconds
265.820: [GC (Allocation Failure)  823591K->511945K(1033728K), 0.0048052 secs]
265.825: Total time for which application threads were stopped: 0.0049731 seconds, Stopping threads took: 0.0000203 seconds
265.890: [GC (Allocation Failure)  831433K->508071K(1033728K), 0.0036312 secs]
265.894: Total time for which application threads were stopped: 0.0038008 seconds, Stopping threads took: 0.0000198 seconds
265.961: [GC (Allocation Failure)  827559K->512105K(1034752K), 0.0046744 secs]
265.966: Total time for which application threads were stopped: 0.0048600 seconds, Stopping threads took: 0.0000201 seconds
266.034: [GC (Allocation Failure)  833129K->516041K(1034240K), 0.0051800 secs]
266.039: Total time for which application threads were stopped: 0.0053794 seconds, Stopping threads took: 0.0000198 seconds
266.107: [GC (Allocation Failure)  837065K->510311K(1034752K), 0.0025319 secs]
266.109: Total time for which application threads were stopped: 0.0027083 seconds, Stopping threads took: 0.0000209 seconds
266.178: [GC (Allocation Failure)  831847K->516145K(1034752K), 0.0045262 secs]
266.183: Total time for which application threads were stopped: 0.0046861 seconds, Stopping threads took: 0.0000191 seconds
266.251: [GC (Allocation Failure)  837681K->520257K(1035264K), 0.0050519 secs]
266.256: Total time for which application threads were stopped: 0.0052527 seconds, Stopping threads took: 0.0000276 seconds
266.325: [GC (Allocation Failure)  842555K->516319K(1035264K), 0.0035241 secs]
266.328: Total time for which application threads were stopped: 0.0036731 seconds, Stopping threads took: 0.0000168 seconds
266.395: [GC (Allocation Failure)  838879K->520393K(1036288K), 0.0048522 secs]
266.400: Total time for which application threads were stopped: 0.0050445 seconds, Stopping threads took: 0.0000204 seconds
266.469: [GC (Allocation Failure)  844489K->524361K(1035776K), 0.0046926 secs]
266.474: Total time for which application threads were stopped: 0.0048572 seconds, Stopping threads took: 0.0000209 seconds
266.541: [GC (Allocation Failure)  848457K->524361K(1035776K), 0.0046798 secs]
266.546: Total time for which application threads were stopped: 0.0048520 seconds, Stopping threads took: 0.0000208 seconds
266.614: [GC (Allocation Failure)  847945K->524417K(1023488K), 0.0046002 secs]
266.618: Total time for which application threads were stopped: 0.0047677 seconds, Stopping threads took: 0.0000210 seconds
266.687: [GC (Allocation Failure)  848001K->532419K(1035264K), 0.0046417 secs]
266.691: Total time for which application threads were stopped: 0.0048059 seconds, Stopping threads took: 0.0000199 seconds
266.761: [GC (Allocation Failure)  854979K->532387K(1030144K), 0.0056738 secs]
266.766: Total time for which application threads were stopped: 0.0058549 seconds, Stopping threads took: 0.0000280 seconds
266.834: [GC (Allocation Failure)  854947K->532459K(1034752K), 0.0047493 secs]
266.839: Total time for which application threads were stopped: 0.0049191 seconds, Stopping threads took: 0.0000195 seconds
266.906: [GC (Allocation Failure)  853995K->540462K(1029120K), 0.0045317 secs]
266.911: Total time for which application threads were stopped: 0.0047020 seconds, Stopping threads took: 0.0000197 seconds
266.979: [GC (Allocation Failure)  861998K->540462K(1034240K), 0.0047535 secs]
266.984: Total time for which application threads were stopped: 0.0049195 seconds, Stopping threads took: 0.0000191 seconds
267.053: [GC (Allocation Failure)  860974K->540686K(1034240K), 0.0046787 secs]
267.058: Total time for which application threads were stopped: 0.0048530 seconds, Stopping threads took: 0.0000199 seconds
267.125: [GC (Allocation Failure)  861198K->548464K(1034240K), 0.0048167 secs]
267.130: Total time for which application threads were stopped: 0.0050018 seconds, Stopping threads took: 0.0000210 seconds
267.198: [GC (Allocation Failure)  868976K->548464K(1034240K), 0.0043430 secs]
267.202: Total time for which application threads were stopped: 0.0045081 seconds, Stopping threads took: 0.0000204 seconds
267.270: [GC (Allocation Failure)  868976K->548904K(1033216K), 0.0045548 secs]
267.275: Total time for which application threads were stopped: 0.0047113 seconds, Stopping threads took: 0.0000284 seconds
267.343: [GC (Allocation Failure)  868392K->556522K(1033728K), 0.0047259 secs]
267.348: Total time for which application threads were stopped: 0.0048951 seconds, Stopping threads took: 0.0000198 seconds
267.415: [GC (Allocation Failure)  876010K->556490K(1033728K), 0.0047220 secs]
267.420: Total time for which application threads were stopped: 0.0049166 seconds, Stopping threads took: 0.0000191 seconds
267.485: [GC (Allocation Failure)  875978K->556650K(1033728K), 0.0047446 secs]
267.490: Total time for which application threads were stopped: 0.0049047 seconds, Stopping threads took: 0.0000188 seconds
267.557: [GC (Allocation Failure)  876138K->564556K(1033728K), 0.0046014 secs]
267.561: Total time for which application threads were stopped: 0.0047958 seconds, Stopping threads took: 0.0000197 seconds
267.630: [GC (Allocation Failure)  884044K->564556K(1033728K), 0.0045697 secs]
267.635: Total time for which application threads were stopped: 0.0047368 seconds, Stopping threads took: 0.0000170 seconds
267.701: [GC (Allocation Failure)  884044K->564580K(1033728K), 0.0047522 secs]
267.706: Total time for which application threads were stopped: 0.0049499 seconds, Stopping threads took: 0.0000204 seconds
267.774: [GC (Allocation Failure)  884068K->572583K(1027072K), 0.0049717 secs]
267.779: Total time for which application threads were stopped: 0.0051509 seconds, Stopping threads took: 0.0000177 seconds
267.844: [GC (Allocation Failure)  892070K->568644K(1034240K), 0.0037067 secs]
267.848: Total time for which application threads were stopped: 0.0038689 seconds, Stopping threads took: 0.0000201 seconds
267.916: [GC (Allocation Failure)  888132K->572719K(1033216K), 0.0048986 secs]
267.921: Total time for which application threads were stopped: 0.0050987 seconds, Stopping threads took: 0.0000285 seconds
267.990: [GC (Allocation Failure)  892207K->576719K(1034752K), 0.0047629 secs]
267.994: Total time for which application threads were stopped: 0.0049366 seconds, Stopping threads took: 0.0000203 seconds
268.063: [GC (Allocation Failure)  898255K->569932K(1034752K), 0.0021204 secs]
268.065: Total time for which application threads were stopped: 0.0022809 seconds, Stopping threads took: 0.0000214 seconds
268.131: [GC (Allocation Failure)  891468K->576751K(1034752K), 0.0047993 secs]
268.136: Total time for which application threads were stopped: 0.0049625 seconds, Stopping threads took: 0.0000197 seconds
268.202: [GC (Allocation Failure)  898287K->580831K(1034752K), 0.0055596 secs]
268.208: Total time for which application threads were stopped: 0.0057300 seconds, Stopping threads took: 0.0000278 seconds
268.273: [GC (Allocation Failure)  902367K->575324K(1034752K), 0.0029013 secs]
268.276: Total time for which application threads were stopped: 0.0030665 seconds, Stopping threads took: 0.0000274 seconds
268.343: [GC (Allocation Failure)  896860K->581095K(1034752K), 0.0046537 secs]
268.347: Total time for which application threads were stopped: 0.0048128 seconds, Stopping threads took: 0.0000193 seconds
268.414: [GC (Allocation Failure)  902631K->584967K(1034752K), 0.0050488 secs]
268.419: Total time for which application threads were stopped: 0.0052165 seconds, Stopping threads took: 0.0000187 seconds
268.486: [GC (Allocation Failure)  907455K->581092K(1035264K), 0.0035002 secs]
268.489: Total time for which application threads were stopped: 0.0036792 seconds, Stopping threads took: 0.0000198 seconds
268.559: [GC (Allocation Failure)  903652K->585095K(1036288K), 0.0048653 secs]
268.564: Total time for which application threads were stopped: 0.0050436 seconds, Stopping threads took: 0.0000194 seconds
268.632: [GC (Allocation Failure)  909191K->589095K(1035776K), 0.0046218 secs]
268.637: Total time for which application threads were stopped: 0.0047948 seconds, Stopping threads took: 0.0000198 seconds
268.705: [GC (Allocation Failure)  913191K->589095K(1035776K), 0.0078158 secs]
268.713: Total time for which application threads were stopped: 0.0079967 seconds, Stopping threads took: 0.0000204 seconds
268.783: [GC (Allocation Failure)  912679K->589159K(1023488K), 0.0046707 secs]
268.788: Total time for which application threads were stopped: 0.0048450 seconds, Stopping threads took: 0.0000204 seconds
268.854: [GC (Allocation Failure)  912743K->597129K(1035264K), 0.0049556 secs]
268.859: Total time for which application threads were stopped: 0.0051309 seconds, Stopping threads took: 0.0000189 seconds
268.927: [GC (Allocation Failure)  919689K->597129K(1030144K), 0.0046878 secs]
268.932: Total time for which application threads were stopped: 0.0048517 seconds, Stopping threads took: 0.0000207 seconds
269.001: [GC (Allocation Failure)  919689K->597185K(1034752K), 0.0048747 secs]
269.006: Total time for which application threads were stopped: 0.0050528 seconds, Stopping threads took: 0.0000196 seconds
269.073: [GC (Allocation Failure)  918721K->605155K(1034752K), 0.0050618 secs]
269.078: Total time for which application threads were stopped: 0.0052309 seconds, Stopping threads took: 0.0000198 seconds
269.146: [GC (Allocation Failure)  926691K->605155K(1033728K), 0.0045585 secs]
269.150: Total time for which application threads were stopped: 0.0047672 seconds, Stopping threads took: 0.0000199 seconds
269.217: [GC (Allocation Failure)  925667K->605419K(1034240K), 0.0048350 secs]
269.222: Total time for which application threads were stopped: 0.0050282 seconds, Stopping threads took: 0.0000200 seconds
269.291: [GC (Allocation Failure)  925931K->613198K(1034240K), 0.0046868 secs]
269.296: Total time for which application threads were stopped: 0.0048835 seconds, Stopping threads took: 0.0000258 seconds
269.365: [GC (Allocation Failure)  933710K->613198K(1034240K), 0.0048189 secs]
269.370: Total time for which application threads were stopped: 0.0050006 seconds, Stopping threads took: 0.0000175 seconds
269.437: [GC (Allocation Failure)  933710K->613646K(1034240K), 0.0049136 secs]
269.442: Total time for which application threads were stopped: 0.0050819 seconds, Stopping threads took: 0.0000195 seconds
269.509: [GC (Allocation Failure)  934158K->621232K(1028096K), 0.0046630 secs]
269.514: Total time for which application threads were stopped: 0.0048375 seconds, Stopping threads took: 0.0000186 seconds
269.582: [GC (Allocation Failure)  941744K->621232K(1033728K), 0.0046636 secs]
269.587: Total time for which application threads were stopped: 0.0048333 seconds, Stopping threads took: 0.0000195 seconds
269.651: [GC (Allocation Failure)  940720K->621352K(1033728K), 0.0046407 secs]
269.656: Total time for which application threads were stopped: 0.0048342 seconds, Stopping threads took: 0.0000201 seconds
269.725: [GC (Allocation Failure)  940840K->629258K(1033728K), 0.0049411 secs]
269.730: Total time for which application threads were stopped: 0.0050956 seconds, Stopping threads took: 0.0000168 seconds
269.799: [GC (Allocation Failure)  948746K->629290K(1033728K), 0.0047575 secs]
269.804: Total time for which application threads were stopped: 0.0049187 seconds, Stopping threads took: 0.0000173 seconds
269.871: [GC (Allocation Failure)  948778K->629314K(1033728K), 0.0050172 secs]
269.876: Total time for which application threads were stopped: 0.0052134 seconds, Stopping threads took: 0.0000194 seconds
269.941: [GC (Allocation Failure)  948802K->637284K(1027072K), 0.0049381 secs]
269.946: Total time for which application threads were stopped: 0.0051297 seconds, Stopping threads took: 0.0000193 seconds
270.012: [GC (Allocation Failure)  956772K->633410K(1034240K), 0.0039913 secs]
270.016: Total time for which application threads were stopped: 0.0041719 seconds, Stopping threads took: 0.0000170 seconds
270.086: [GC (Allocation Failure)  952898K->637452K(1033216K), 0.0048586 secs]
270.091: Total time for which application threads were stopped: 0.0050223 seconds, Stopping threads took: 0.0000204 seconds
270.158: [GC (Allocation Failure)  956940K->641452K(1034752K), 0.0048610 secs]
270.163: Total time for which application threads were stopped: 0.0050364 seconds, Stopping threads took: 0.0000253 seconds
270.230: [GC (Allocation Failure)  962988K->634602K(1034752K), 0.0063396 secs]
270.237: Total time for which application threads were stopped: 0.0064978 seconds, Stopping threads took: 0.0000199 seconds
270.304: [GC (Allocation Failure)  956138K->641484K(1034752K), 0.0046331 secs]
270.309: Total time for which application threads were stopped: 0.0048130 seconds, Stopping threads took: 0.0000283 seconds
270.375: [GC (Allocation Failure)  963020K->645532K(1034752K), 0.0074107 secs]
270.382: Total time for which application threads were stopped: 0.0075769 seconds, Stopping threads took: 0.0000192 seconds
270.449: [GC (Allocation Failure)  967068K->639994K(1034752K), 0.0031173 secs]
270.452: Total time for which application threads were stopped: 0.0032709 seconds, Stopping threads took: 0.0000192 seconds
270.521: [GC (Allocation Failure)  961530K->645868K(1034752K), 0.0049079 secs]
270.526: Total time for which application threads were stopped: 0.0050822 seconds, Stopping threads took: 0.0000196 seconds
270.592: [GC (Allocation Failure)  967404K->649676K(1035264K), 0.0052862 secs]
270.598: Total time for which application threads were stopped: 0.0054529 seconds, Stopping threads took: 0.0000205 seconds
270.664: [GC (Allocation Failure)  972165K->645802K(1035264K), 0.0038919 secs]
270.668: Total time for which application threads were stopped: 0.0040616 seconds, Stopping threads took: 0.0000206 seconds
270.736: [GC (Allocation Failure)  968362K->649868K(1036288K), 0.0050163 secs]
270.741: Total time for which application threads were stopped: 0.0051846 seconds, Stopping threads took: 0.0000288 seconds
270.809: [GC (Allocation Failure)  973964K->653804K(1035776K), 0.0047044 secs]
270.814: Total time for which application threads were stopped: 0.0048567 seconds, Stopping threads took: 0.0000177 seconds
270.884: [GC (Allocation Failure)  977900K->653836K(1035776K), 0.0049210 secs]
270.889: Total time for which application threads were stopped: 0.0050933 seconds, Stopping threads took: 0.0000196 seconds
270.957: [GC (Allocation Failure)  977420K->653900K(1023488K), 0.0047948 secs]
270.961: Total time for which application threads were stopped: 0.0049698 seconds, Stopping threads took: 0.0000211 seconds
271.028: [GC (Allocation Failure)  977484K->661871K(1035264K), 0.0088717 secs]
271.037: Total time for which application threads were stopped: 0.0090304 seconds, Stopping threads took: 0.0000200 seconds
271.105: [GC (Allocation Failure)  984431K->661839K(1030144K), 0.0048122 secs]
271.110: Total time for which application threads were stopped: 0.0050008 seconds, Stopping threads took: 0.0000185 seconds
271.179: [GC (Allocation Failure)  984399K->661927K(1034752K), 0.0048291 secs]
271.184: Total time for which application threads were stopped: 0.0049969 seconds, Stopping threads took: 0.0000194 seconds
271.254: [GC (Allocation Failure)  983463K->669929K(1034752K), 0.0049532 secs]
271.259: Total time for which application threads were stopped: 0.0051267 seconds, Stopping threads took: 0.0000286 seconds
271.329: [GC (Allocation Failure)  991465K->669897K(1033728K), 0.0048569 secs]
271.334: Total time for which application threads were stopped: 0.0050361 seconds, Stopping threads took: 0.0000195 seconds
271.403: [GC (Allocation Failure)  990409K->670153K(1034240K), 0.0050010 secs]
271.408: Total time for which application threads were stopped: 0.0051748 seconds, Stopping threads took: 0.0000203 seconds
271.475: [GC (Allocation Failure)  990665K->677931K(1034240K), 0.0048686 secs]
271.480: Total time for which application threads were stopped: 0.0050363 seconds, Stopping threads took: 0.0000190 seconds
271.549: [GC (Allocation Failure)  998443K->677931K(1034240K), 0.0049494 secs]
271.554: Total time for which application threads were stopped: 0.0051178 seconds, Stopping threads took: 0.0000193 seconds
271.621: [GC (Allocation Failure)  998443K->678379K(1034240K), 0.0050427 secs]
271.626: Total time for which application threads were stopped: 0.0052047 seconds, Stopping threads took: 0.0000195 seconds
271.693: [GC (Allocation Failure)  998891K->685965K(1028096K), 0.0048380 secs]
271.698: Total time for which application threads were stopped: 0.0050013 seconds, Stopping threads took: 0.0000196 seconds
271.765: [GC (Allocation Failure)  1006477K->685965K(1033728K), 0.0047443 secs]
271.770: Total time for which application threads were stopped: 0.0049597 seconds, Stopping threads took: 0.0000201 seconds
271.836: [GC (Allocation Failure)  1005453K->686125K(1033728K), 0.0049797 secs]
271.841: [Full GC (Ergonomics)  686125K->8594K(1033728K), 0.0121449 secs]
271.853: Total time for which application threads were stopped: 0.0174204 seconds, Stopping threads took: 0.0000203 seconds
271.921: [GC (Allocation Failure)  328082K->17077K(1032704K), 0.0036973 secs]
271.924: Total time for which application threads were stopped: 0.0038475 seconds, Stopping threads took: 0.0000170 seconds
271.990: [GC (Allocation Failure)  335541K->17101K(1033216K), 0.0033796 secs]
271.994: Total time for which application threads were stopped: 0.0035692 seconds, Stopping threads took: 0.0000197 seconds
272.060: [GC (Allocation Failure)  335565K->17165K(1033216K), 0.0037654 secs]
272.064: Total time for which application threads were stopped: 0.0039409 seconds, Stopping threads took: 0.0000203 seconds
272.131: [GC (Allocation Failure)  335629K->25167K(1033216K), 0.0036233 secs]
272.135: Total time for which application threads were stopped: 0.0037883 seconds, Stopping threads took: 0.0000204 seconds
272.202: [GC (Allocation Failure)  343631K->19565K(1033728K), 0.0014640 secs]
272.204: Total time for which application threads were stopped: 0.0015990 seconds, Stopping threads took: 0.0000200 seconds
272.272: [GC (Allocation Failure)  338541K->25391K(1033216K), 0.0037584 secs]
272.276: Total time for which application threads were stopped: 0.0039193 seconds, Stopping threads took: 0.0000264 seconds
272.343: [GC (Allocation Failure)  344367K->29279K(1034240K), 0.0039000 secs]
272.347: Total time for which application threads were stopped: 0.0040595 seconds, Stopping threads took: 0.0000208 seconds
272.413: [GC (Allocation Failure)  349791K->35197K(1034240K), 0.0061737 secs]
272.420: Total time for which application threads were stopped: 0.0063388 seconds, Stopping threads took: 0.0000203 seconds
272.487: [GC (Allocation Failure)  355709K->29439K(1030144K), 0.0047316 secs]
272.492: Total time for which application threads were stopped: 0.0049104 seconds, Stopping threads took: 0.0000196 seconds
272.558: [GC (Allocation Failure)  345855K->29279K(1032192K), 0.0036306 secs]
272.562: Total time for which application threads were stopped: 0.0037825 seconds, Stopping threads took: 0.0000201 seconds
272.630: [GC (Allocation Failure)  345695K->25117K(1033216K), 0.0020616 secs]
272.632: Total time for which application threads were stopped: 0.0022136 seconds, Stopping threads took: 0.0000159 seconds
272.699: [GC (Allocation Failure)  343069K->29407K(1032704K), 0.0035891 secs]
272.703: Total time for which application threads were stopped: 0.0037828 seconds, Stopping threads took: 0.0000195 seconds
272.771: [GC (Allocation Failure)  347359K->29279K(1033728K), 0.0052518 secs]
272.776: Total time for which application threads were stopped: 0.0054478 seconds, Stopping threads took: 0.0000263 seconds
272.844: [GC (Allocation Failure)  348255K->32903K(1033216K), 0.0045982 secs]
272.849: Total time for which application threads were stopped: 0.0047629 seconds, Stopping threads took: 0.0000202 seconds
272.916: [GC (Allocation Failure)  351879K->37385K(1034240K), 0.0034733 secs]
272.920: Total time for which application threads were stopped: 0.0036689 seconds, Stopping threads took: 0.0000202 seconds
272.987: [GC (Allocation Failure)  357385K->37321K(1033728K), 0.0039591 secs]
272.991: Total time for which application threads were stopped: 0.0041267 seconds, Stopping threads took: 0.0000196 seconds
273.055: [GC (Allocation Failure)  357321K->40617K(1034240K), 0.0044511 secs]
273.060: Total time for which application threads were stopped: 0.0046202 seconds, Stopping threads took: 0.0000195 seconds
273.128: [GC (Allocation Failure)  361129K->45355K(1034240K), 0.0036808 secs]
273.132: Total time for which application threads were stopped: 0.0038593 seconds, Stopping threads took: 0.0000195 seconds
273.200: [GC (Allocation Failure)  365867K->45355K(1034752K), 0.0036587 secs]
273.204: Total time for which application threads were stopped: 0.0038226 seconds, Stopping threads took: 0.0000203 seconds
273.270: [GC (Allocation Failure)  366891K->47827K(1034752K), 0.0041091 secs]
273.274: Total time for which application threads were stopped: 0.0042746 seconds, Stopping threads took: 0.0000198 seconds
273.342: [GC (Allocation Failure)  369363K->53398K(1034752K), 0.0038059 secs]
273.346: Total time for which application threads were stopped: 0.0039762 seconds, Stopping threads took: 0.0000202 seconds
273.413: [GC (Allocation Failure)  374934K->53398K(1034752K), 0.0037454 secs]
273.417: Total time for which application threads were stopped: 0.0039424 seconds, Stopping threads took: 0.0000200 seconds
273.484: [GC (Allocation Failure)  374934K->57078K(1035264K), 0.0045408 secs]
273.489: Total time for which application threads were stopped: 0.0047102 seconds, Stopping threads took: 0.0000163 seconds
273.557: [GC (Allocation Failure)  379126K->61432K(1034752K), 0.0039007 secs]
273.561: Total time for which application threads were stopped: 0.0040713 seconds, Stopping threads took: 0.0000272 seconds
273.630: [GC (Allocation Failure)  383480K->61432K(1035264K), 0.0036756 secs]
273.634: Total time for which application threads were stopped: 0.0038466 seconds, Stopping threads took: 0.0000198 seconds
273.700: [GC (Allocation Failure)  383992K->64312K(1035264K), 0.0044139 secs]
273.705: Total time for which application threads were stopped: 0.0045914 seconds, Stopping threads took: 0.0000209 seconds
273.773: [GC (Allocation Failure)  386872K->69562K(1035264K), 0.0046911 secs]
273.777: Total time for which application threads were stopped: 0.0048670 seconds, Stopping threads took: 0.0000274 seconds
273.847: [GC (Allocation Failure)  392122K->69466K(1035264K), 0.0038063 secs]
273.851: Total time for which application threads were stopped: 0.0039689 seconds, Stopping threads took: 0.0000201 seconds
273.918: [GC (Allocation Failure)  392026K->72538K(1035264K), 0.0044552 secs]
273.922: Total time for which application threads were stopped: 0.0046282 seconds, Stopping threads took: 0.0000203 seconds
273.991: [GC (Allocation Failure)  395098K->77533K(1035264K), 0.0038587 secs]
273.995: Total time for which application threads were stopped: 0.0040500 seconds, Stopping threads took: 0.0000247 seconds
274.063: [GC (Allocation Failure)  400093K->77469K(1035264K), 0.0038850 secs]
274.067: Total time for which application threads were stopped: 0.0040464 seconds, Stopping threads took: 0.0000198 seconds
274.134: [GC (Allocation Failure)  400029K->72730K(1035264K), 0.0019539 secs]
274.136: Total time for which application threads were stopped: 0.0021157 seconds, Stopping threads took: 0.0000200 seconds
274.206: [GC (Allocation Failure)  395290K->77725K(1035264K), 0.0037756 secs]
274.210: Total time for which application threads were stopped: 0.0039463 seconds, Stopping threads took: 0.0000194 seconds
274.280: [GC (Allocation Failure)  400285K->77501K(1035264K), 0.0037849 secs]
274.284: Total time for which application threads were stopped: 0.0039541 seconds, Stopping threads took: 0.0000279 seconds
274.351: [GC (Allocation Failure)  400061K->76986K(1035776K), 0.0036218 secs]
274.355: Total time for which application threads were stopped: 0.0037925 seconds, Stopping threads took: 0.0000196 seconds
274.422: [GC (Allocation Failure)  400058K->77693K(1035264K), 0.0037004 secs]
274.426: Total time for which application threads were stopped: 0.0038967 seconds, Stopping threads took: 0.0000253 seconds
274.495: [GC (Allocation Failure)  400765K->77501K(1035776K), 0.0037375 secs]
274.499: Total time for which application threads were stopped: 0.0038890 seconds, Stopping threads took: 0.0000178 seconds
274.567: [GC (Allocation Failure)  401085K->83338K(1035776K), 0.0063836 secs]
274.574: Total time for which application threads were stopped: 0.0065570 seconds, Stopping threads took: 0.0000284 seconds
274.642: [GC (Allocation Failure)  406922K->78765K(1032704K), 0.0038525 secs]
274.646: Total time for which application threads were stopped: 0.0040349 seconds, Stopping threads took: 0.0000197 seconds
274.714: [GC (Allocation Failure)  399277K->78637K(1034240K), 0.0037094 secs]
274.717: Total time for which application threads were stopped: 0.0039133 seconds, Stopping threads took: 0.0000221 seconds
274.788: [GC (Allocation Failure)  399149K->85674K(1030656K), 0.0070429 secs]
274.795: Total time for which application threads were stopped: 0.0072326 seconds, Stopping threads took: 0.0000193 seconds
274.863: [GC (Allocation Failure)  403114K->80013K(1032704K), 0.0040201 secs]
274.867: Total time for which application threads were stopped: 0.0042143 seconds, Stopping threads took: 0.0000190 seconds
274.936: [GC (Allocation Failure)  397453K->79917K(1033728K), 0.0036833 secs]
274.939: Total time for which application threads were stopped: 0.0038810 seconds, Stopping threads took: 0.0000204 seconds
275.008: [GC (Allocation Failure)  398893K->77482K(1033216K), 0.0028348 secs]
275.011: Total time for which application threads were stopped: 0.0030052 seconds, Stopping threads took: 0.0000171 seconds
275.079: [GC (Allocation Failure)  396458K->79949K(1034752K), 0.0038640 secs]
275.083: Total time for which application threads were stopped: 0.0040273 seconds, Stopping threads took: 0.0000200 seconds
275.150: [GC (Allocation Failure)  400973K->79949K(1034240K), 0.0036820 secs]
275.154: Total time for which application threads were stopped: 0.0038451 seconds, Stopping threads took: 0.0000203 seconds
275.220: [GC (Allocation Failure)  400973K->75146K(1034240K), 0.0018995 secs]
275.222: Total time for which application threads were stopped: 0.0020681 seconds, Stopping threads took: 0.0000197 seconds
275.292: [GC (Allocation Failure)  396682K->80141K(1034752K), 0.0036048 secs]
275.296: Total time for which application threads were stopped: 0.0038109 seconds, Stopping threads took: 0.0000256 seconds
275.364: [GC (Allocation Failure)  401677K->79917K(1035776K), 0.0038124 secs]
275.368: Total time for which application threads were stopped: 0.0039772 seconds, Stopping threads took: 0.0000198 seconds
275.434: [GC (Allocation Failure)  402989K->77930K(1035264K), 0.0030283 secs]
275.437: Total time for which application threads were stopped: 0.0031997 seconds, Stopping threads took: 0.0000275 seconds
275.503: [GC (Allocation Failure)  401002K->80109K(1036288K), 0.0040516 secs]
275.508: Total time for which application threads were stopped: 0.0042356 seconds, Stopping threads took: 0.0000196 seconds
275.577: [GC (Allocation Failure)  404205K->79949K(1035776K), 0.0038135 secs]
275.581: Total time for which application threads were stopped: 0.0039754 seconds, Stopping threads took: 0.0000194 seconds
275.649: [GC (Allocation Failure)  404045K->85738K(1033216K), 0.0064437 secs]
275.655: Total time for which application threads were stopped: 0.0066375 seconds, Stopping threads took: 0.0000196 seconds
275.725: [GC (Allocation Failure)  407274K->81645K(1034752K), 0.0039620 secs]
275.729: Total time for which application threads were stopped: 0.0041390 seconds, Stopping threads took: 0.0000278 seconds
275.797: [GC (Allocation Failure)  403181K->81517K(1035264K), 0.0038733 secs]
275.801: Total time for which application threads were stopped: 0.0040442 seconds, Stopping threads took: 0.0000194 seconds
275.868: [GC (Allocation Failure)  404077K->89602K(1035264K), 0.0075442 secs]
275.875: Total time for which application threads were stopped: 0.0077105 seconds, Stopping threads took: 0.0000190 seconds
275.943: [GC (Allocation Failure)  412162K->84421K(1032192K), 0.0040377 secs]
275.947: Total time for which application threads were stopped: 0.0041977 seconds, Stopping threads took: 0.0000199 seconds
276.013: [GC (Allocation Failure)  403909K->84357K(1033728K), 0.0038924 secs]
276.017: Total time for which application threads were stopped: 0.0040874 seconds, Stopping threads took: 0.0000203 seconds
276.084: [GC (Allocation Failure)  403845K->90626K(1031680K), 0.0063762 secs]
276.090: Total time for which application threads were stopped: 0.0065287 seconds, Stopping threads took: 0.0000168 seconds
276.156: [GC (Allocation Failure)  408066K->84357K(1032704K), 0.0039110 secs]
276.160: Total time for which application threads were stopped: 0.0041087 seconds, Stopping threads took: 0.0000203 seconds
276.228: [GC (Allocation Failure)  401797K->84357K(1033216K), 0.0038158 secs]
276.232: Total time for which application threads were stopped: 0.0039733 seconds, Stopping threads took: 0.0000173 seconds
276.299: [GC (Allocation Failure)  402309K->80066K(1032704K), 0.0020781 secs]
276.301: Total time for which application threads were stopped: 0.0022445 seconds, Stopping threads took: 0.0000260 seconds
276.368: [GC (Allocation Failure)  398018K->84581K(1033728K), 0.0038708 secs]
276.372: Total time for which application threads were stopped: 0.0040438 seconds, Stopping threads took: 0.0000203 seconds
276.439: [GC (Allocation Failure)  403045K->84357K(1032704K), 0.0037669 secs]
276.443: Total time for which application threads were stopped: 0.0039614 seconds, Stopping threads took: 0.0000202 seconds
276.509: [GC (Allocation Failure)  402821K->87813K(1033216K), 0.0045445 secs]
276.514: Total time for which application threads were stopped: 0.0046916 seconds, Stopping threads took: 0.0000158 seconds
276.582: [GC (Allocation Failure)  407301K->92423K(1033728K), 0.0038817 secs]
276.586: Total time for which application threads were stopped: 0.0040805 seconds, Stopping threads took: 0.0000207 seconds
276.655: [GC (Allocation Failure)  411911K->92391K(1034752K), 0.0039633 secs]
276.659: Total time for which application threads were stopped: 0.0041321 seconds, Stopping threads took: 0.0000194 seconds
276.726: [GC (Allocation Failure)  413415K->92455K(1034240K), 0.0038770 secs]
276.730: Total time for which application threads were stopped: 0.0040487 seconds, Stopping threads took: 0.0000186 seconds
276.799: [GC (Allocation Failure)  413479K->100553K(1034752K), 0.0038961 secs]
276.803: Total time for which application threads were stopped: 0.0040895 seconds, Stopping threads took: 0.0000202 seconds
276.872: [GC (Allocation Failure)  421577K->100425K(1034240K), 0.0037440 secs]
276.876: Total time for which application threads were stopped: 0.0039258 seconds, Stopping threads took: 0.0000170 seconds
276.942: [GC (Allocation Failure)  421449K->104265K(1034752K), 0.0045804 secs]
276.947: Total time for which application threads were stopped: 0.0047403 seconds, Stopping threads took: 0.0000164 seconds
277.015: [GC (Allocation Failure)  425801K->108491K(1034752K), 0.0038400 secs]
277.019: Total time for which application threads were stopped: 0.0040079 seconds, Stopping threads took: 0.0000198 seconds
277.086: [GC (Allocation Failure)  430027K->108459K(1035264K), 0.0037736 secs]
277.090: Total time for which application threads were stopped: 0.0039735 seconds, Stopping threads took: 0.0000196 seconds
277.159: [GC (Allocation Failure)  431019K->110475K(1035264K), 0.0042482 secs]
277.164: Total time for which application threads were stopped: 0.0043982 seconds, Stopping threads took: 0.0000167 seconds
277.232: [GC (Allocation Failure)  433035K->116462K(1035264K), 0.0038092 secs]
277.236: Total time for which application threads were stopped: 0.0039815 seconds, Stopping threads took: 0.0000207 seconds
277.304: [GC (Allocation Failure)  439022K->116494K(1035264K), 0.0050960 secs]
277.310: Total time for which application threads were stopped: 0.0052640 seconds, Stopping threads took: 0.0000263 seconds
277.376: [GC (Allocation Failure)  439054K->118702K(1035264K), 0.0042044 secs]
277.380: Total time for which application threads were stopped: 0.0043760 seconds, Stopping threads took: 0.0000196 seconds
277.448: [GC (Allocation Failure)  441262K->124720K(1035264K), 0.0040570 secs]
277.452: Total time for which application threads were stopped: 0.0042421 seconds, Stopping threads took: 0.0000207 seconds
277.519: [GC (Allocation Failure)  447280K->124528K(1035264K), 0.0039941 secs]
277.523: Total time for which application threads were stopped: 0.0041582 seconds, Stopping threads took: 0.0000206 seconds
277.592: [GC (Allocation Failure)  447088K->118894K(1035264K), 0.0017124 secs]
277.594: Total time for which application threads were stopped: 0.0018640 seconds, Stopping threads took: 0.0000193 seconds
277.664: [GC (Allocation Failure)  441454K->124688K(1035264K), 0.0041479 secs]
277.668: Total time for which application threads were stopped: 0.0043364 seconds, Stopping threads took: 0.0000224 seconds
277.738: [GC (Allocation Failure)  447248K->124560K(1035264K), 0.0043731 secs]
277.742: Total time for which application threads were stopped: 0.0045378 seconds, Stopping threads took: 0.0000203 seconds
277.808: [GC (Allocation Failure)  447120K->123182K(1035776K), 0.0035839 secs]
277.812: Total time for which application threads were stopped: 0.0037620 seconds, Stopping threads took: 0.0000276 seconds
277.879: [GC (Allocation Failure)  446254K->124624K(1035264K), 0.0039324 secs]
277.883: Total time for which application threads were stopped: 0.0041129 seconds, Stopping threads took: 0.0000199 seconds
277.950: [GC (Allocation Failure)  447696K->124528K(1036288K), 0.0041104 secs]
277.955: Total time for which application threads were stopped: 0.0042776 seconds, Stopping threads took: 0.0000198 seconds
278.022: [GC (Allocation Failure)  448624K->129990K(1035776K), 0.0063377 secs]
278.029: Total time for which application threads were stopped: 0.0065082 seconds, Stopping threads took: 0.0000198 seconds
278.096: [GC (Allocation Failure)  454086K->125800K(1033728K), 0.0043936 secs]
278.101: Total time for which application threads were stopped: 0.0045553 seconds, Stopping threads took: 0.0000202 seconds
278.171: [GC (Allocation Failure)  447336K->125768K(1034752K), 0.0037777 secs]
278.174: Total time for which application threads were stopped: 0.0039469 seconds, Stopping threads took: 0.0000212 seconds
278.242: [GC (Allocation Failure)  447304K->118694K(1034240K), 0.0010227 secs]
278.243: Total time for which application threads were stopped: 0.0011494 seconds, Stopping threads took: 0.0000191 seconds
278.313: [GC (Allocation Failure)  440230K->126000K(1034752K), 0.0039599 secs]
278.317: Total time for which application threads were stopped: 0.0041418 seconds, Stopping threads took: 0.0000206 seconds
278.386: [GC (Allocation Failure)  447536K->129952K(1035264K), 0.0050922 secs]
278.391: Total time for which application threads were stopped: 0.0052637 seconds, Stopping threads took: 0.0000218 seconds
278.458: [GC (Allocation Failure)  452512K->125118K(1035264K), 0.0021601 secs]
278.461: Total time for which application threads were stopped: 0.0023075 seconds, Stopping threads took: 0.0000197 seconds
278.528: [GC (Allocation Failure)  447678K->130128K(1035776K), 0.0055557 secs]
278.534: Total time for which application threads were stopped: 0.0057182 seconds, Stopping threads took: 0.0000189 seconds
278.603: [GC (Allocation Failure)  453200K->134056K(1035264K), 0.0042269 secs]
278.607: Total time for which application threads were stopped: 0.0044199 seconds, Stopping threads took: 0.0000194 seconds
278.673: [GC (Allocation Failure)  457128K->134088K(1035776K), 0.0036321 secs]
278.677: Total time for which application threads were stopped: 0.0038062 seconds, Stopping threads took: 0.0000202 seconds
278.744: [GC (Allocation Failure)  457672K->134216K(1023488K), 0.0038867 secs]
278.748: Total time for which application threads were stopped: 0.0040539 seconds, Stopping threads took: 0.0000262 seconds
278.816: [GC (Allocation Failure)  457800K->142122K(1035264K), 0.0038236 secs]
278.820: Total time for which application threads were stopped: 0.0039754 seconds, Stopping threads took: 0.0000177 seconds
278.888: [GC (Allocation Failure)  464682K->142058K(1035264K), 0.0048458 secs]
278.892: Total time for which application threads were stopped: 0.0050060 seconds, Stopping threads took: 0.0000196 seconds
278.960: [GC (Allocation Failure)  464618K->142218K(1034240K), 0.0038462 secs]
278.964: Total time for which application threads were stopped: 0.0040279 seconds, Stopping threads took: 0.0000208 seconds
279.032: [GC (Allocation Failure)  463754K->150156K(1034752K), 0.0039266 secs]
279.036: Total time for which application threads were stopped: 0.0040914 seconds, Stopping threads took: 0.0000202 seconds
279.104: [GC (Allocation Failure)  471692K->150124K(1034752K), 0.0041610 secs]
279.108: Total time for which application threads were stopped: 0.0043408 seconds, Stopping threads took: 0.0000214 seconds
279.174: [GC (Allocation Failure)  471660K->150444K(1034752K), 0.0040319 secs]
279.179: Total time for which application threads were stopped: 0.0042028 seconds, Stopping threads took: 0.0000203 seconds
279.246: [GC (Allocation Failure)  471980K->158191K(1033728K), 0.0039493 secs]
279.250: Total time for which application threads were stopped: 0.0041069 seconds, Stopping threads took: 0.0000259 seconds
279.317: [GC (Allocation Failure)  478703K->158159K(1034240K), 0.0038612 secs]
279.321: Total time for which application threads were stopped: 0.0040529 seconds, Stopping threads took: 0.0000199 seconds
279.389: [GC (Allocation Failure)  478671K->158695K(1034240K), 0.0039621 secs]
279.393: Total time for which application threads were stopped: 0.0041474 seconds, Stopping threads took: 0.0000175 seconds
279.462: [GC (Allocation Failure)  479207K->166217K(1034240K), 0.0040567 secs]
279.466: Total time for which application threads were stopped: 0.0042030 seconds, Stopping threads took: 0.0000161 seconds
279.535: [GC (Allocation Failure)  486729K->166185K(1034240K), 0.0039419 secs]
279.539: Total time for which application threads were stopped: 0.0041377 seconds, Stopping threads took: 0.0000209 seconds
279.607: [GC (Allocation Failure)  486697K->166409K(1034240K), 0.0040814 secs]
279.611: Total time for which application threads were stopped: 0.0042490 seconds, Stopping threads took: 0.0000193 seconds
279.678: [GC (Allocation Failure)  486921K->174219K(1033216K), 0.0039953 secs]
279.683: Total time for which application threads were stopped: 0.0041677 seconds, Stopping threads took: 0.0000203 seconds
279.752: [GC (Allocation Failure)  493707K->174219K(1033728K), 0.0090487 secs]
279.761: Total time for which application threads were stopped: 0.0092060 seconds, Stopping threads took: 0.0000284 seconds
279.828: [GC (Allocation Failure)  493707K->174379K(1033728K), 0.0039006 secs]
279.832: Total time for which application threads were stopped: 0.0040615 seconds, Stopping threads took: 0.0000199 seconds
279.899: [GC (Allocation Failure)  493867K->182253K(1033728K), 0.0039554 secs]
279.903: Total time for which application threads were stopped: 0.0041156 seconds, Stopping threads took: 0.0000198 seconds
279.969: [GC (Allocation Failure)  501741K->178347K(1034240K), 0.0027238 secs]
279.972: Total time for which application threads were stopped: 0.0028952 seconds, Stopping threads took: 0.0000203 seconds
280.041: [GC (Allocation Failure)  498347K->182373K(1033728K), 0.0043074 secs]
280.045: Total time for which application threads were stopped: 0.0045036 seconds, Stopping threads took: 0.0000202 seconds
280.115: [GC (Allocation Failure)  502373K->186341K(1034752K), 0.0038675 secs]
280.119: Total time for which application threads were stopped: 0.0040262 seconds, Stopping threads took: 0.0000174 seconds
280.186: [GC (Allocation Failure)  507877K->180611K(1034752K), 0.0018281 secs]
280.188: Total time for which application threads were stopped: 0.0019689 seconds, Stopping threads took: 0.0000190 seconds
280.258: [GC (Allocation Failure)  502147K->186445K(1035776K), 0.0041329 secs]
280.262: Total time for which application threads were stopped: 0.0043436 seconds, Stopping threads took: 0.0000260 seconds
280.332: [GC (Allocation Failure)  509005K->190557K(1034752K), 0.0041132 secs]
280.336: Total time for which application threads were stopped: 0.0042700 seconds, Stopping threads took: 0.0000170 seconds
280.401: [GC (Allocation Failure)  512856K->186619K(1035776K), 0.0029596 secs]
280.405: Total time for which application threads were stopped: 0.0031232 seconds, Stopping threads took: 0.0000195 seconds
280.473: [GC (Allocation Failure)  509691K->190653K(1035264K), 0.0040840 secs]
280.477: Total time for which application threads were stopped: 0.0042801 seconds, Stopping threads took: 0.0000189 seconds
280.547: [GC (Allocation Failure)  513725K->194653K(1035264K), 0.0040428 secs]
280.551: Total time for which application threads were stopped: 0.0041957 seconds, Stopping threads took: 0.0000165 seconds
280.620: [GC (Allocation Failure)  518237K->194621K(1035776K), 0.0039145 secs]
280.624: Total time for which application threads were stopped: 0.0040934 seconds, Stopping threads took: 0.0000197 seconds
280.692: [GC (Allocation Failure)  518205K->194725K(1034752K), 0.0040575 secs]
280.696: Total time for which application threads were stopped: 0.0042142 seconds, Stopping threads took: 0.0000193 seconds
280.765: [GC (Allocation Failure)  517285K->202696K(1035264K), 0.0038374 secs]
280.769: Total time for which application threads were stopped: 0.0039967 seconds, Stopping threads took: 0.0000173 seconds
280.837: [GC (Allocation Failure)  525256K->202696K(1034240K), 0.0041896 secs]
280.841: Total time for which application threads were stopped: 0.0043506 seconds, Stopping threads took: 0.0000200 seconds
280.908: [GC (Allocation Failure)  524232K->202760K(1034752K), 0.0038809 secs]
280.912: Total time for which application threads were stopped: 0.0040770 seconds, Stopping threads took: 0.0000199 seconds
280.979: [GC (Allocation Failure)  524296K->210762K(1034752K), 0.0042420 secs]
280.984: Total time for which application threads were stopped: 0.0044326 seconds, Stopping threads took: 0.0000198 seconds
281.052: [GC (Allocation Failure)  532298K->210762K(1029120K), 0.0039545 secs]
281.056: Total time for which application threads were stopped: 0.0041196 seconds, Stopping threads took: 0.0000201 seconds
281.121: [GC (Allocation Failure)  532298K->210986K(1034240K), 0.0041268 secs]
281.126: Total time for which application threads were stopped: 0.0042962 seconds, Stopping threads took: 0.0000203 seconds
281.193: [GC (Allocation Failure)  531498K->218764K(1034240K), 0.0039673 secs]
281.197: Total time for which application threads were stopped: 0.0041353 seconds, Stopping threads took: 0.0000212 seconds
281.265: [GC (Allocation Failure)  539276K->218796K(1034240K), 0.0039979 secs]
281.269: Total time for which application threads were stopped: 0.0041645 seconds, Stopping threads took: 0.0000265 seconds
281.335: [GC (Allocation Failure)  539308K->219172K(1020416K), 0.0043175 secs]
281.340: Total time for which application threads were stopped: 0.0044831 seconds, Stopping threads took: 0.0000202 seconds
281.405: [GC (Allocation Failure)  539684K->226791K(1033728K), 0.0040556 secs]
281.409: Total time for which application threads were stopped: 0.0042265 seconds, Stopping threads took: 0.0000199 seconds
281.478: [GC (Allocation Failure)  546279K->226791K(1033728K), 0.0040845 secs]
281.482: Total time for which application threads were stopped: 0.0042702 seconds, Stopping threads took: 0.0000219 seconds
281.547: [GC (Allocation Failure)  546279K->226919K(1033728K), 0.0041784 secs]
281.551: Total time for which application threads were stopped: 0.0043470 seconds, Stopping threads took: 0.0000195 seconds
281.619: [GC (Allocation Failure)  546407K->234857K(1033728K), 0.0040124 secs]
281.623: Total time for which application threads were stopped: 0.0042185 seconds, Stopping threads took: 0.0000285 seconds
281.691: [GC (Allocation Failure)  554345K->234825K(1033728K), 0.0038017 secs]
281.695: Total time for which application threads were stopped: 0.0039939 seconds, Stopping threads took: 0.0000200 seconds
281.763: [GC (Allocation Failure)  554313K->234849K(1033728K), 0.0048946 secs]
281.768: Total time for which application threads were stopped: 0.0050894 seconds, Stopping threads took: 0.0000273 seconds
281.835: [GC (Allocation Failure)  554337K->242819K(1032704K), 0.0040519 secs]
281.839: Total time for which application threads were stopped: 0.0042038 seconds, Stopping threads took: 0.0000174 seconds
281.905: [GC (Allocation Failure)  561283K->237249K(1033216K), 0.0021132 secs]
281.908: Total time for which application threads were stopped: 0.0022823 seconds, Stopping threads took: 0.0000190 seconds
281.974: [GC (Allocation Failure)  555713K->243139K(1034752K), 0.0042287 secs]
281.979: Total time for which application threads were stopped: 0.0044035 seconds, Stopping threads took: 0.0000200 seconds
282.046: [GC (Allocation Failure)  563651K->247027K(1033728K), 0.0045247 secs]
282.051: Total time for which application threads were stopped: 0.0046865 seconds, Stopping threads took: 0.0000208 seconds
282.119: [GC (Allocation Failure)  567539K->253897K(1029120K), 0.0069298 secs]
282.126: Total time for which application threads were stopped: 0.0070799 seconds, Stopping threads took: 0.0000166 seconds
282.194: [GC (Allocation Failure)  569289K->247819K(1031680K), 0.0041729 secs]
282.198: Total time for which application threads were stopped: 0.0043430 seconds, Stopping threads took: 0.0000203 seconds
282.263: [GC (Allocation Failure)  563211K->247659K(1032704K), 0.0039692 secs]
282.267: Total time for which application threads were stopped: 0.0041426 seconds, Stopping threads took: 0.0000286 seconds
282.332: [GC (Allocation Failure)  564587K->251051K(1032192K), 0.0050416 secs]
282.337: Total time for which application threads were stopped: 0.0052084 seconds, Stopping threads took: 0.0000202 seconds
282.404: [GC (Allocation Failure)  567979K->255789K(1033216K), 0.0040442 secs]
282.408: Total time for which application threads were stopped: 0.0042104 seconds, Stopping threads took: 0.0000203 seconds
282.475: [GC (Allocation Failure)  573741K->255661K(1032704K), 0.0042514 secs]
282.480: Total time for which application threads were stopped: 0.0044322 seconds, Stopping threads took: 0.0000199 seconds
282.547: [GC (Allocation Failure)  573613K->256685K(1033216K), 0.0041750 secs]
282.552: Total time for which application threads were stopped: 0.0043462 seconds, Stopping threads took: 0.0000196 seconds
282.618: [GC (Allocation Failure)  575149K->263728K(1033216K), 0.0043194 secs]
282.623: Total time for which application threads were stopped: 0.0044915 seconds, Stopping threads took: 0.0000208 seconds
282.689: [GC (Allocation Failure)  582192K->263728K(1033728K), 0.0043479 secs]
282.694: Total time for which application threads were stopped: 0.0045252 seconds, Stopping threads took: 0.0000203 seconds
282.760: [GC (Allocation Failure)  582704K->265384K(1033216K), 0.0051787 secs]
282.766: Total time for which application threads were stopped: 0.0053932 seconds, Stopping threads took: 0.0000261 seconds
282.833: [GC (Allocation Failure)  584360K->271786K(1033728K), 0.0040011 secs]
282.837: Total time for which application threads were stopped: 0.0041626 seconds, Stopping threads took: 0.0000202 seconds
282.903: [GC (Allocation Failure)  591274K->271722K(1033728K), 0.0041827 secs]
282.908: Total time for which application threads were stopped: 0.0043827 seconds, Stopping threads took: 0.0000207 seconds
282.975: [GC (Allocation Failure)  591210K->272066K(1033728K), 0.0045614 secs]
282.980: Total time for which application threads were stopped: 0.0047404 seconds, Stopping threads took: 0.0000278 seconds
283.047: [GC (Allocation Failure)  591554K->279780K(1033728K), 0.0043190 secs]
283.051: Total time for which application threads were stopped: 0.0045165 seconds, Stopping threads took: 0.0000210 seconds
283.120: [GC (Allocation Failure)  599268K->279748K(1033728K), 0.0040388 secs]
283.125: Total time for which application threads were stopped: 0.0042300 seconds, Stopping threads took: 0.0000193 seconds
283.192: [GC (Allocation Failure)  599236K->283372K(1033728K), 0.0049519 secs]
283.197: Total time for which application threads were stopped: 0.0051472 seconds, Stopping threads took: 0.0000190 seconds
283.266: [GC (Allocation Failure)  602860K->287854K(1034240K), 0.0043346 secs]
283.270: Total time for which application threads were stopped: 0.0044787 seconds, Stopping threads took: 0.0000176 seconds
283.337: [GC (Allocation Failure)  608366K->287790K(1034240K), 0.0041791 secs]
283.341: Total time for which application threads were stopped: 0.0043722 seconds, Stopping threads took: 0.0000202 seconds
283.409: [GC (Allocation Failure)  608302K->288518K(1034240K), 0.0042261 secs]
283.413: Total time for which application threads were stopped: 0.0043965 seconds, Stopping threads took: 0.0000253 seconds
283.481: [GC (Allocation Failure)  609030K->295849K(1034240K), 0.0040716 secs]
283.485: Total time for which application threads were stopped: 0.0042552 seconds, Stopping threads took: 0.0000205 seconds
283.553: [GC (Allocation Failure)  616361K->295849K(1034240K), 0.0041055 secs]
283.557: Total time for which application threads were stopped: 0.0042761 seconds, Stopping threads took: 0.0000204 seconds
283.624: [GC (Allocation Failure)  616361K->296777K(1034240K), 0.0071972 secs]
283.632: Total time for which application threads were stopped: 0.0073613 seconds, Stopping threads took: 0.0000195 seconds
283.701: [GC (Allocation Failure)  617289K->303851K(1034240K), 0.0041880 secs]
283.705: Total time for which application threads were stopped: 0.0043472 seconds, Stopping threads took: 0.0000191 seconds
283.774: [GC (Allocation Failure)  624363K->303851K(1034240K), 0.0050187 secs]
283.779: Total time for which application threads were stopped: 0.0051721 seconds, Stopping threads took: 0.0000257 seconds
283.846: [GC (Allocation Failure)  624363K->305003K(1034240K), 0.0043294 secs]
283.850: Total time for which application threads were stopped: 0.0044900 seconds, Stopping threads took: 0.0000198 seconds
283.918: [GC (Allocation Failure)  625515K->311949K(1034240K), 0.0042814 secs]
283.922: Total time for which application threads were stopped: 0.0044575 seconds, Stopping threads took: 0.0000209 seconds
283.990: [GC (Allocation Failure)  632461K->311885K(1034240K), 0.0042788 secs]
283.994: Total time for which application threads were stopped: 0.0044691 seconds, Stopping threads took: 0.0000276 seconds
284.062: [GC (Allocation Failure)  632397K->312237K(1020416K), 0.0043581 secs]
284.067: Total time for which application threads were stopped: 0.0045176 seconds, Stopping threads took: 0.0000203 seconds
284.136: [GC (Allocation Failure)  632749K->319983K(1033728K), 0.0044624 secs]
284.141: Total time for which application threads were stopped: 0.0046555 seconds, Stopping threads took: 0.0000194 seconds
284.209: [GC (Allocation Failure)  639471K->319919K(1033728K), 0.0042988 secs]
284.213: Total time for which application threads were stopped: 0.0044573 seconds, Stopping threads took: 0.0000170 seconds
284.280: [GC (Allocation Failure)  639407K->320455K(1033728K), 0.0042351 secs]
284.284: Total time for which application threads were stopped: 0.0044132 seconds, Stopping threads took: 0.0000262 seconds
284.351: [GC (Allocation Failure)  639943K->328010K(1033728K), 0.0042441 secs]
284.355: Total time for which application threads were stopped: 0.0044069 seconds, Stopping threads took: 0.0000205 seconds
284.422: [GC (Allocation Failure)  647498K->327946K(1033728K), 0.0048468 secs]
284.427: Total time for which application threads were stopped: 0.0050166 seconds, Stopping threads took: 0.0000198 seconds
284.493: [GC (Allocation Failure)  647434K->328674K(1033728K), 0.0069714 secs]
284.500: Total time for which application threads were stopped: 0.0071511 seconds, Stopping threads took: 0.0000198 seconds
284.569: [GC (Allocation Failure)  648162K->335972K(1033728K), 0.0043704 secs]
284.574: Total time for which application threads were stopped: 0.0045656 seconds, Stopping threads took: 0.0000203 seconds
284.641: [GC (Allocation Failure)  655460K->335972K(1033728K), 0.0043359 secs]
284.645: Total time for which application threads were stopped: 0.0044962 seconds, Stopping threads took: 0.0000196 seconds
284.712: [GC (Allocation Failure)  655460K->337964K(1033728K), 0.0047413 secs]
284.717: Total time for which application threads were stopped: 0.0049137 seconds, Stopping threads took: 0.0000200 seconds
284.786: [GC (Allocation Failure)  657452K->344014K(1033728K), 0.0040798 secs]
284.790: Total time for which application threads were stopped: 0.0042501 seconds, Stopping threads took: 0.0000247 seconds
284.857: [GC (Allocation Failure)  663502K->343982K(1033728K), 0.0042497 secs]
284.861: Total time for which application threads were stopped: 0.0044209 seconds, Stopping threads took: 0.0000198 seconds
284.928: [GC (Allocation Failure)  663470K->345158K(1033728K), 0.0045005 secs]
284.933: Total time for which application threads were stopped: 0.0046602 seconds, Stopping threads took: 0.0000203 seconds
285.000: [GC (Allocation Failure)  664646K->352073K(1033728K), 0.0044289 secs]
285.004: Total time for which application threads were stopped: 0.0045928 seconds, Stopping threads took: 0.0000198 seconds
285.071: [GC (Allocation Failure)  671561K->352041K(1033728K), 0.0043529 secs]
285.076: Total time for which application threads were stopped: 0.0045458 seconds, Stopping threads took: 0.0000204 seconds
285.143: [GC (Allocation Failure)  671529K->352361K(1033728K), 0.0043750 secs]
285.148: Total time for which application threads were stopped: 0.0045389 seconds, Stopping threads took: 0.0000202 seconds
285.215: [GC (Allocation Failure)  671849K->360075K(1033728K), 0.0043096 secs]
285.220: Total time for which application threads were stopped: 0.0045000 seconds, Stopping threads took: 0.0000202 seconds
285.287: [GC (Allocation Failure)  679563K->360107K(1033728K), 0.0041759 secs]
285.291: Total time for which application threads were stopped: 0.0043623 seconds, Stopping threads took: 0.0000206 seconds
285.359: [GC (Allocation Failure)  679595K->360619K(1033728K), 0.0043573 secs]
285.364: Total time for which application threads were stopped: 0.0045401 seconds, Stopping threads took: 0.0000168 seconds
285.432: [GC (Allocation Failure)  680107K->368141K(1033728K), 0.0044268 secs]
285.436: Total time for which application threads were stopped: 0.0045904 seconds, Stopping threads took: 0.0000202 seconds
285.503: [GC (Allocation Failure)  687629K->368109K(1033728K), 0.0045060 secs]
285.507: Total time for which application threads were stopped: 0.0046684 seconds, Stopping threads took: 0.0000198 seconds
285.573: [GC (Allocation Failure)  687597K->368837K(1033728K), 0.0045504 secs]
285.578: Total time for which application threads were stopped: 0.0047377 seconds, Stopping threads took: 0.0000292 seconds
285.645: [GC (Allocation Failure)  688325K->376135K(1033728K), 0.0043741 secs]
285.649: Total time for which application threads were stopped: 0.0045456 seconds, Stopping threads took: 0.0000199 seconds
285.716: [GC (Allocation Failure)  695623K->376135K(1033728K), 0.0044741 secs]
285.721: Total time for which application threads were stopped: 0.0046323 seconds, Stopping threads took: 0.0000202 seconds
285.789: [GC (Allocation Failure)  695623K->377063K(1033728K), 0.0043612 secs]
285.794: Total time for which application threads were stopped: 0.0045108 seconds, Stopping threads took: 0.0000171 seconds
285.861: [GC (Allocation Failure)  696551K->384202K(1033728K), 0.0045776 secs]
285.866: Total time for which application threads were stopped: 0.0048080 seconds, Stopping threads took: 0.0000195 seconds
285.934: [GC (Allocation Failure)  703690K->384234K(1033728K), 0.0043009 secs]
285.938: Total time for which application threads were stopped: 0.0044763 seconds, Stopping threads took: 0.0000208 seconds
286.004: [GC (Allocation Failure)  703722K->384298K(1033728K), 0.0045838 secs]
286.009: Total time for which application threads were stopped: 0.0047553 seconds, Stopping threads took: 0.0000196 seconds
286.077: [GC (Allocation Failure)  703786K->392204K(1027072K), 0.0044527 secs]
286.081: Total time for which application threads were stopped: 0.0046337 seconds, Stopping threads took: 0.0000204 seconds
286.149: [GC (Allocation Failure)  711692K->392204K(1033216K), 0.0045270 secs]
286.154: Total time for which application threads were stopped: 0.0046924 seconds, Stopping threads took: 0.0000203 seconds
286.220: [GC (Allocation Failure)  710668K->392524K(1033216K), 0.0045743 secs]
286.224: Total time for which application threads were stopped: 0.0047403 seconds, Stopping threads took: 0.0000199 seconds
286.292: [GC (Allocation Failure)  710988K->400238K(1033216K), 0.0042254 secs]
286.296: Total time for which application threads were stopped: 0.0043928 seconds, Stopping threads took: 0.0000257 seconds
286.362: [GC (Allocation Failure)  718702K->400238K(1033216K), 0.0045377 secs]
286.367: Total time for which application threads were stopped: 0.0047072 seconds, Stopping threads took: 0.0000242 seconds
286.431: [GC (Allocation Failure)  718702K->400750K(1033216K), 0.0044181 secs]
286.435: Total time for which application threads were stopped: 0.0045797 seconds, Stopping threads took: 0.0000195 seconds
286.501: [GC (Allocation Failure)  719214K->408304K(1033216K), 0.0045779 secs]
286.505: Total time for which application threads were stopped: 0.0047377 seconds, Stopping threads took: 0.0000189 seconds
286.572: [GC (Allocation Failure)  726768K->408272K(1033216K), 0.0044253 secs]
286.577: Total time for which application threads were stopped: 0.0045865 seconds, Stopping threads took: 0.0000192 seconds
286.641: [GC (Allocation Failure)  726736K->408424K(1033216K), 0.0077184 secs]
286.649: Total time for which application threads were stopped: 0.0079094 seconds, Stopping threads took: 0.0000276 seconds
286.716: [GC (Allocation Failure)  726888K->416299K(1033216K), 0.0046176 secs]
286.721: Total time for which application threads were stopped: 0.0047810 seconds, Stopping threads took: 0.0000190 seconds
286.787: [GC (Allocation Failure)  734763K->416299K(1033216K), 0.0042786 secs]
286.792: Total time for which application threads were stopped: 0.0044631 seconds, Stopping threads took: 0.0000170 seconds
286.860: [GC (Allocation Failure)  734763K->416459K(1033216K), 0.0044561 secs]
286.864: Total time for which application threads were stopped: 0.0046080 seconds, Stopping threads took: 0.0000175 seconds
286.931: [GC (Allocation Failure)  734923K->424333K(1033216K), 0.0046515 secs]
286.936: Total time for which application threads were stopped: 0.0048240 seconds, Stopping threads took: 0.0000199 seconds
287.001: [GC (Allocation Failure)  742797K->424333K(1033216K), 0.0044315 secs]
287.006: Total time for which application threads were stopped: 0.0046186 seconds, Stopping threads took: 0.0000201 seconds
287.070: [GC (Allocation Failure)  742797K->424397K(1033216K), 0.0045495 secs]
287.075: Total time for which application threads were stopped: 0.0047399 seconds, Stopping threads took: 0.0000199 seconds
287.142: [GC (Allocation Failure)  742861K->432399K(1033216K), 0.0043922 secs]
287.147: Total time for which application threads were stopped: 0.0045723 seconds, Stopping threads took: 0.0000198 seconds
287.212: [GC (Allocation Failure)  750863K->432367K(1033216K), 0.0045920 secs]
287.217: Total time for which application threads were stopped: 0.0047640 seconds, Stopping threads took: 0.0000197 seconds
287.282: [GC (Allocation Failure)  750831K->432679K(1033216K), 0.0044723 secs]
287.287: Total time for which application threads were stopped: 0.0046756 seconds, Stopping threads took: 0.0000268 seconds
287.354: [GC (Allocation Failure)  751143K->440425K(1033216K), 0.0043743 secs]
287.358: Total time for which application threads were stopped: 0.0045489 seconds, Stopping threads took: 0.0000167 seconds
287.427: [GC (Allocation Failure)  758889K->440425K(1033216K), 0.0042537 secs]
287.431: Total time for which application threads were stopped: 0.0044111 seconds, Stopping threads took: 0.0000192 seconds
287.497: [GC (Allocation Failure)  758889K->440649K(1033216K), 0.0044588 secs]
287.502: Total time for which application threads were stopped: 0.0046293 seconds, Stopping threads took: 0.0000170 seconds
287.567: [GC (Allocation Failure)  759113K->448460K(1033216K), 0.0045759 secs]
287.571: Total time for which application threads were stopped: 0.0047268 seconds, Stopping threads took: 0.0000166 seconds
287.636: [GC (Allocation Failure)  766924K->444521K(1033216K), 0.0034980 secs]
287.639: Total time for which application threads were stopped: 0.0036766 seconds, Stopping threads took: 0.0000201 seconds
287.708: [GC (Allocation Failure)  762985K->448588K(1034240K), 0.0045765 secs]
287.712: Total time for which application threads were stopped: 0.0047704 seconds, Stopping threads took: 0.0000196 seconds
287.782: [GC (Allocation Failure)  768588K->452556K(1033728K), 0.0044993 secs]
287.787: Total time for which application threads were stopped: 0.0046904 seconds, Stopping threads took: 0.0000199 seconds
287.853: [GC (Allocation Failure)  772556K->460073K(1029120K), 0.0077876 secs]
287.861: Total time for which application threads were stopped: 0.0079581 seconds, Stopping threads took: 0.0000190 seconds
287.927: [GC (Allocation Failure)  775465K->453836K(1031680K), 0.0047297 secs]
287.932: Total time for which application threads were stopped: 0.0048981 seconds, Stopping threads took: 0.0000200 seconds
287.996: [GC (Allocation Failure)  769228K->453804K(1032192K), 0.0046915 secs]
288.001: Total time for which application threads were stopped: 0.0048504 seconds, Stopping threads took: 0.0000202 seconds
288.066: [GC (Allocation Failure)  769708K->456812K(1031680K), 0.0050713 secs]
288.072: Total time for which application threads were stopped: 0.0052645 seconds, Stopping threads took: 0.0000190 seconds
288.139: [GC (Allocation Failure)  772716K->461870K(1032704K), 0.0045521 secs]
288.144: Total time for which application threads were stopped: 0.0047021 seconds, Stopping threads took: 0.0000173 seconds
288.210: [GC (Allocation Failure)  779310K->461806K(1032704K), 0.0046532 secs]
288.215: Total time for which application threads were stopped: 0.0048569 seconds, Stopping threads took: 0.0000200 seconds
288.283: [GC (Allocation Failure)  779246K->464526K(1033216K), 0.0048836 secs]
288.288: Total time for which application threads were stopped: 0.0050484 seconds, Stopping threads took: 0.0000248 seconds
288.355: [GC (Allocation Failure)  782990K->469936K(1033216K), 0.0044831 secs]
288.359: Total time for which application threads were stopped: 0.0046487 seconds, Stopping threads took: 0.0000257 seconds
288.427: [GC (Allocation Failure)  788400K->469872K(1033728K), 0.0045936 secs]
288.431: Total time for which application threads were stopped: 0.0047638 seconds, Stopping threads took: 0.0000194 seconds
288.497: [GC (Allocation Failure)  789360K->473800K(1033728K), 0.0054601 secs]
288.503: Total time for which application threads were stopped: 0.0056434 seconds, Stopping threads took: 0.0000205 seconds
288.571: [GC (Allocation Failure)  793288K->478059K(1034240K), 0.0047143 secs]
288.575: Total time for which application threads were stopped: 0.0048792 seconds, Stopping threads took: 0.0000206 seconds
288.643: [GC (Allocation Failure)  798571K->477899K(1034240K), 0.0044763 secs]
288.648: Total time for which application threads were stopped: 0.0046488 seconds, Stopping threads took: 0.0000195 seconds
288.715: [GC (Allocation Failure)  798411K->478947K(1034240K), 0.0048717 secs]
288.719: Total time for which application threads were stopped: 0.0050463 seconds, Stopping threads took: 0.0000202 seconds
288.790: [GC (Allocation Failure)  799459K->485989K(1034240K), 0.0044518 secs]
288.795: Total time for which application threads were stopped: 0.0046029 seconds, Stopping threads took: 0.0000174 seconds
288.863: [GC (Allocation Failure)  806501K->485925K(1034240K), 0.0047277 secs]
288.868: Total time for which application threads were stopped: 0.0049080 seconds, Stopping threads took: 0.0000197 seconds
288.935: [GC (Allocation Failure)  806437K->489229K(1034240K), 0.0052941 secs]
288.940: Total time for which application threads were stopped: 0.0054747 seconds, Stopping threads took: 0.0000201 seconds
289.008: [GC (Allocation Failure)  809741K->493999K(1034752K), 0.0046631 secs]
289.013: Total time for which application threads were stopped: 0.0048345 seconds, Stopping threads took: 0.0000197 seconds
289.081: [GC (Allocation Failure)  815535K->493967K(1034752K), 0.0046800 secs]
289.086: Total time for which application threads were stopped: 0.0048771 seconds, Stopping threads took: 0.0000198 seconds
289.154: [GC (Allocation Failure)  815503K->497447K(1034752K), 0.0053545 secs]
289.159: Total time for which application threads were stopped: 0.0055446 seconds, Stopping threads took: 0.0000277 seconds
289.227: [GC (Allocation Failure)  818983K->501993K(1034752K), 0.0046980 secs]
289.232: Total time for which application threads were stopped: 0.0048755 seconds, Stopping threads took: 0.0000194 seconds
289.298: [GC (Allocation Failure)  823529K->501993K(1035264K), 0.0045492 secs]
289.303: Total time for which application threads were stopped: 0.0047460 seconds, Stopping threads took: 0.0000261 seconds
289.372: [GC (Allocation Failure)  824553K->503657K(1024000K), 0.0047447 secs]
289.377: Total time for which application threads were stopped: 0.0048948 seconds, Stopping threads took: 0.0000164 seconds
289.445: [GC (Allocation Failure)  826217K->510060K(1034752K), 0.0047501 secs]
289.450: Total time for which application threads were stopped: 0.0049195 seconds, Stopping threads took: 0.0000195 seconds
289.518: [GC (Allocation Failure)  831596K->510060K(1034752K), 0.0046875 secs]
289.523: Total time for which application threads were stopped: 0.0048892 seconds, Stopping threads took: 0.0000238 seconds
289.590: [GC (Allocation Failure)  831596K->513956K(1035264K), 0.0057302 secs]
289.595: Total time for which application threads were stopped: 0.0060371 seconds, Stopping threads took: 0.0001381 seconds
289.663: [GC (Allocation Failure)  836004K->518182K(1034752K), 0.0044686 secs]
289.667: Total time for which application threads were stopped: 0.0046364 seconds, Stopping threads took: 0.0000194 seconds
289.735: [GC (Allocation Failure)  840230K->518054K(1035264K), 0.0047843 secs]
289.740: Total time for which application threads were stopped: 0.0049507 seconds, Stopping threads took: 0.0000192 seconds
289.807: [GC (Allocation Failure)  840614K->521134K(1035264K), 0.0050813 secs]
289.812: Total time for which application threads were stopped: 0.0052741 seconds, Stopping threads took: 0.0000186 seconds
289.881: [GC (Allocation Failure)  843694K->526160K(1035264K), 0.0045331 secs]
289.885: Total time for which application threads were stopped: 0.0046988 seconds, Stopping threads took: 0.0000173 seconds
289.955: [GC (Allocation Failure)  848720K->526096K(1035264K), 0.0047463 secs]
289.960: Total time for which application threads were stopped: 0.0049320 seconds, Stopping threads took: 0.0000246 seconds
290.027: [GC (Allocation Failure)  848656K->529352K(1035264K), 0.0053992 secs]
290.033: Total time for which application threads were stopped: 0.0055585 seconds, Stopping threads took: 0.0000174 seconds
290.101: [GC (Allocation Failure)  851912K->534122K(1035264K), 0.0048779 secs]
290.105: Total time for which application threads were stopped: 0.0050480 seconds, Stopping threads took: 0.0000200 seconds
290.173: [GC (Allocation Failure)  856682K->534122K(1035264K), 0.0046915 secs]
290.178: Total time for which application threads were stopped: 0.0048690 seconds, Stopping threads took: 0.0000276 seconds
290.247: [GC (Allocation Failure)  856682K->537610K(1035264K), 0.0053716 secs]
290.252: Total time for which application threads were stopped: 0.0055644 seconds, Stopping threads took: 0.0000275 seconds
290.320: [GC (Allocation Failure)  860170K->542157K(1035776K), 0.0047877 secs]
290.325: Total time for which application threads were stopped: 0.0049560 seconds, Stopping threads took: 0.0000276 seconds
290.391: [GC (Allocation Failure)  865741K->542157K(1035776K), 0.0046335 secs]
290.396: Total time for which application threads were stopped: 0.0047936 seconds, Stopping threads took: 0.0000195 seconds
290.463: [GC (Allocation Failure)  865741K->543781K(1034752K), 0.0049620 secs]
290.468: Total time for which application threads were stopped: 0.0051594 seconds, Stopping threads took: 0.0000204 seconds
290.536: [GC (Allocation Failure)  866341K->550343K(1035264K), 0.0048477 secs]
290.541: Total time for which application threads were stopped: 0.0050125 seconds, Stopping threads took: 0.0000176 seconds
290.610: [GC (Allocation Failure)  872903K->550215K(1035264K), 0.0045878 secs]
290.615: Total time for which application threads were stopped: 0.0047821 seconds, Stopping threads took: 0.0000204 seconds
290.683: [GC (Allocation Failure)  872775K->543973K(1035264K), 0.0023084 secs]
290.685: Total time for which application threads were stopped: 0.0024670 seconds, Stopping threads took: 0.0000190 seconds
290.755: [GC (Allocation Failure)  866533K->550279K(1035264K), 0.0052157 secs]
290.760: Total time for which application threads were stopped: 0.0053602 seconds, Stopping threads took: 0.0000152 seconds
290.829: [GC (Allocation Failure)  872839K->550183K(1035264K), 0.0047905 secs]
290.834: Total time for which application threads were stopped: 0.0049641 seconds, Stopping threads took: 0.0000203 seconds
290.901: [GC (Allocation Failure)  872743K->548261K(1035776K), 0.0041151 secs]
290.906: Total time for which application threads were stopped: 0.0043182 seconds, Stopping threads took: 0.0000259 seconds
290.974: [GC (Allocation Failure)  871333K->550215K(1035264K), 0.0047814 secs]
290.979: Total time for which application threads were stopped: 0.0049713 seconds, Stopping threads took: 0.0000192 seconds
291.048: [GC (Allocation Failure)  873287K->550215K(1035776K), 0.0048143 secs]
291.053: Total time for which application threads were stopped: 0.0050100 seconds, Stopping threads took: 0.0000202 seconds
291.122: [GC (Allocation Failure)  873799K->554597K(1035776K), 0.0065875 secs]
291.129: Total time for which application threads were stopped: 0.0067550 seconds, Stopping threads took: 0.0000187 seconds
291.197: [GC (Allocation Failure)  878181K->550407K(1033728K), 0.0048485 secs]
291.202: Total time for which application threads were stopped: 0.0050303 seconds, Stopping threads took: 0.0000196 seconds
291.270: [GC (Allocation Failure)  871943K->550183K(1034752K), 0.0046076 secs]
291.275: Total time for which application threads were stopped: 0.0047651 seconds, Stopping threads took: 0.0000259 seconds
291.340: [GC (Allocation Failure)  871719K->557869K(1030656K), 0.0080386 secs]
291.348: Total time for which application threads were stopped: 0.0081885 seconds, Stopping threads took: 0.0000239 seconds
291.414: [GC (Allocation Failure)  875309K->552303K(1032704K), 0.0045512 secs]
291.418: Total time for which application threads were stopped: 0.0047483 seconds, Stopping threads took: 0.0000203 seconds
291.487: [GC (Allocation Failure)  869743K->552111K(1033728K), 0.0047038 secs]
291.492: Total time for which application threads were stopped: 0.0048550 seconds, Stopping threads took: 0.0000170 seconds
291.559: [GC (Allocation Failure)  871087K->550317K(1033216K), 0.0040884 secs]
291.563: Total time for which application threads were stopped: 0.0042470 seconds, Stopping threads took: 0.0000198 seconds
291.630: [GC (Allocation Failure)  869293K->552271K(1034752K), 0.0046584 secs]
291.635: Total time for which application threads were stopped: 0.0048295 seconds, Stopping threads took: 0.0000198 seconds
291.704: [GC (Allocation Failure)  873295K->552111K(1034240K), 0.0047255 secs]
291.709: Total time for which application threads were stopped: 0.0048945 seconds, Stopping threads took: 0.0000195 seconds
291.776: [GC (Allocation Failure)  873135K->547917K(1035264K), 0.0030173 secs]
291.779: Total time for which application threads were stopped: 0.0031695 seconds, Stopping threads took: 0.0000237 seconds
291.849: [GC (Allocation Failure)  870477K->552207K(1035264K), 0.0046279 secs]
291.854: Total time for which application threads were stopped: 0.0047887 seconds, Stopping threads took: 0.0000168 seconds
291.923: [GC (Allocation Failure)  874767K->552143K(1035776K), 0.0045154 secs]
291.928: Total time for which application threads were stopped: 0.0046921 seconds, Stopping threads took: 0.0000200 seconds
291.995: [GC (Allocation Failure)  875215K->552717K(1035264K), 0.0049286 secs]
292.000: Total time for which application threads were stopped: 0.0050983 seconds, Stopping threads took: 0.0000193 seconds
292.068: [GC (Allocation Failure)  875789K->552143K(1036288K), 0.0049226 secs]
292.073: Total time for which application threads were stopped: 0.0050836 seconds, Stopping threads took: 0.0000195 seconds
292.143: [GC (Allocation Failure)  876239K->552111K(1035776K), 0.0046136 secs]
292.147: Total time for which application threads were stopped: 0.0047914 seconds, Stopping threads took: 0.0000194 seconds
292.215: [GC (Allocation Failure)  876207K->544269K(1034752K), 0.0015590 secs]
292.217: Total time for which application threads were stopped: 0.0016873 seconds, Stopping threads took: 0.0000200 seconds
292.286: [GC (Allocation Failure)  867853K->552327K(1035776K), 0.0046673 secs]
292.291: Total time for which application threads were stopped: 0.0048293 seconds, Stopping threads took: 0.0000265 seconds
292.359: [GC (Allocation Failure)  875911K->556255K(1036288K), 0.0061404 secs]
292.365: Total time for which application threads were stopped: 0.0063008 seconds, Stopping threads took: 0.0000250 seconds
292.434: [GC (Allocation Failure)  880351K->556255K(1035776K), 0.0046048 secs]
292.438: Total time for which application threads were stopped: 0.0047664 seconds, Stopping threads took: 0.0000205 seconds
292.505: [GC (Allocation Failure)  880351K->556487K(1035264K), 0.0050444 secs]
292.511: Total time for which application threads were stopped: 0.0052208 seconds, Stopping threads took: 0.0000216 seconds
292.578: [GC (Allocation Failure)  880071K->564297K(1035776K), 0.0047401 secs]
292.583: Total time for which application threads were stopped: 0.0049027 seconds, Stopping threads took: 0.0000204 seconds
292.651: [GC (Allocation Failure)  887881K->564297K(1035776K), 0.0046279 secs]
292.655: Total time for which application threads were stopped: 0.0047976 seconds, Stopping threads took: 0.0000199 seconds
292.723: [GC (Allocation Failure)  887881K->564457K(1023488K), 0.0047795 secs]
292.728: Total time for which application threads were stopped: 0.0049437 seconds, Stopping threads took: 0.0000201 seconds
292.798: [GC (Allocation Failure)  888041K->572331K(1035264K), 0.0046689 secs]
292.803: Total time for which application threads were stopped: 0.0048391 seconds, Stopping threads took: 0.0000197 seconds
292.870: [GC (Allocation Failure)  894891K->572331K(1035264K), 0.0047021 secs]
292.875: Total time for which application threads were stopped: 0.0048915 seconds, Stopping threads took: 0.0000198 seconds
292.943: [GC (Allocation Failure)  894891K->572683K(1034240K), 0.0048082 secs]
292.948: Total time for which application threads were stopped: 0.0049813 seconds, Stopping threads took: 0.0000281 seconds
293.016: [GC (Allocation Failure)  894219K->580366K(1034752K), 0.0048420 secs]
293.021: Total time for which application threads were stopped: 0.0050182 seconds, Stopping threads took: 0.0000199 seconds
293.088: [GC (Allocation Failure)  901902K->580398K(1034752K), 0.0048906 secs]
293.093: Total time for which application threads were stopped: 0.0050530 seconds, Stopping threads took: 0.0000195 seconds
293.158: [GC (Allocation Failure)  901934K->580430K(1034752K), 0.0047287 secs]
293.163: Total time for which application threads were stopped: 0.0048923 seconds, Stopping threads took: 0.0000199 seconds
293.230: [GC (Allocation Failure)  901966K->588400K(1033728K), 0.0047866 secs]
293.235: Total time for which application threads were stopped: 0.0049519 seconds, Stopping threads took: 0.0000207 seconds
293.303: [GC (Allocation Failure)  908912K->588400K(1034240K), 0.0048103 secs]
293.308: Total time for which application threads were stopped: 0.0049788 seconds, Stopping threads took: 0.0000270 seconds
293.375: [GC (Allocation Failure)  908912K->588624K(1034240K), 0.0055360 secs]
293.381: Total time for which application threads were stopped: 0.0057101 seconds, Stopping threads took: 0.0000257 seconds
293.449: [GC (Allocation Failure)  909136K->596466K(1034240K), 0.0049003 secs]
293.454: Total time for which application threads were stopped: 0.0050708 seconds, Stopping threads took: 0.0000196 seconds
293.522: [GC (Allocation Failure)  916978K->596466K(1034240K), 0.0047692 secs]
293.527: Total time for which application threads were stopped: 0.0049477 seconds, Stopping threads took: 0.0000377 seconds
293.594: [GC (Allocation Failure)  916978K->596490K(1020416K), 0.0048763 secs]
293.599: Total time for which application threads were stopped: 0.0050598 seconds, Stopping threads took: 0.0000198 seconds
293.667: [GC (Allocation Failure)  917002K->604460K(1033728K), 0.0046206 secs]
293.672: Total time for which application threads were stopped: 0.0048110 seconds, Stopping threads took: 0.0000267 seconds
293.740: [GC (Allocation Failure)  923948K->604492K(1033728K), 0.0048773 secs]
293.745: Total time for which application threads were stopped: 0.0050322 seconds, Stopping threads took: 0.0000188 seconds
293.814: [GC (Allocation Failure)  923980K->604620K(1033728K), 0.0047713 secs]
293.819: Total time for which application threads were stopped: 0.0049361 seconds, Stopping threads took: 0.0000169 seconds
293.887: [GC (Allocation Failure)  924108K->612527K(1033728K), 0.0047301 secs]
293.892: Total time for which application threads were stopped: 0.0049259 seconds, Stopping threads took: 0.0000203 seconds
293.961: [GC (Allocation Failure)  932015K->612495K(1033728K), 0.0048671 secs]
293.966: Total time for which application threads were stopped: 0.0050289 seconds, Stopping threads took: 0.0000169 seconds
294.032: [GC (Allocation Failure)  931983K->612839K(1033728K), 0.0048388 secs]
294.037: Total time for which application threads were stopped: 0.0050325 seconds, Stopping threads took: 0.0000193 seconds
294.105: [GC (Allocation Failure)  932327K->620521K(1033728K), 0.0049701 secs]
294.111: Total time for which application threads were stopped: 0.0051434 seconds, Stopping threads took: 0.0000201 seconds
294.177: [GC (Allocation Failure)  940009K->620553K(1033728K), 0.0048164 secs]
294.182: Total time for which application threads were stopped: 0.0049723 seconds, Stopping threads took: 0.0000190 seconds
294.248: [GC (Allocation Failure)  940041K->620585K(1032704K), 0.0048626 secs]
294.253: Total time for which application threads were stopped: 0.0050263 seconds, Stopping threads took: 0.0000194 seconds
294.320: [GC (Allocation Failure)  939049K->628587K(1033216K), 0.0063045 secs]
294.327: Total time for which application threads were stopped: 0.0064739 seconds, Stopping threads took: 0.0000260 seconds
294.392: [GC (Allocation Failure)  947051K->623753K(1033728K), 0.0032713 secs]
294.395: Total time for which application threads were stopped: 0.0034262 seconds, Stopping threads took: 0.0000191 seconds
294.462: [GC (Allocation Failure)  942729K->628787K(1033216K), 0.0049341 secs]
294.467: Total time for which application threads were stopped: 0.0051266 seconds, Stopping threads took: 0.0000198 seconds
294.536: [GC (Allocation Failure)  947763K->632691K(1034752K), 0.0050449 secs]
294.541: Total time for which application threads were stopped: 0.0052140 seconds, Stopping threads took: 0.0000197 seconds
294.606: [GC (Allocation Failure)  954227K->640329K(1034752K), 0.0084850 secs]
294.615: Total time for which application threads were stopped: 0.0086861 seconds, Stopping threads took: 0.0000271 seconds
294.683: [GC (Allocation Failure)  961865K->634731K(1029632K), 0.0047257 secs]
294.687: Total time for which application threads were stopped: 0.0048896 seconds, Stopping threads took: 0.0000199 seconds
294.754: [GC (Allocation Failure)  951147K->634539K(1032192K), 0.0056054 secs]
294.760: Total time for which application threads were stopped: 0.0057576 seconds, Stopping threads took: 0.0000251 seconds
294.825: [GC (Allocation Failure)  950955K->633225K(1033216K), 0.0044035 secs]
294.830: Total time for which application threads were stopped: 0.0045739 seconds, Stopping threads took: 0.0000191 seconds
294.895: [GC (Allocation Failure)  951177K->634667K(1032704K), 0.0047655 secs]
294.900: Total time for which application threads were stopped: 0.0049303 seconds, Stopping threads took: 0.0000199 seconds
294.967: [GC (Allocation Failure)  952619K->634571K(1034240K), 0.0048445 secs]
294.971: Total time for which application threads were stopped: 0.0050143 seconds, Stopping threads took: 0.0000201 seconds
295.039: [GC (Allocation Failure)  954571K->637891K(1033728K), 0.0058305 secs]
295.045: Total time for which application threads were stopped: 0.0060228 seconds, Stopping threads took: 0.0000283 seconds
295.110: [GC (Allocation Failure)  957891K->642662K(1034240K), 0.0048892 secs]
295.115: Total time for which application threads were stopped: 0.0051002 seconds, Stopping threads took: 0.0000249 seconds
295.183: [GC (Allocation Failure)  963174K->642598K(1034240K), 0.0048663 secs]
295.188: Total time for which application threads were stopped: 0.0050276 seconds, Stopping threads took: 0.0000194 seconds
295.254: [GC (Allocation Failure)  963110K->643566K(1033728K), 0.0049428 secs]
295.259: Total time for which application threads were stopped: 0.0051164 seconds, Stopping threads took: 0.0000195 seconds
295.327: [GC (Allocation Failure)  964078K->650608K(1034240K), 0.0046519 secs]
295.332: Total time for which application threads were stopped: 0.0048054 seconds, Stopping threads took: 0.0000178 seconds
295.400: [GC (Allocation Failure)  971120K->650672K(1034752K), 0.0050629 secs]
295.405: Total time for which application threads were stopped: 0.0052366 seconds, Stopping threads took: 0.0000263 seconds
295.471: [GC (Allocation Failure)  971696K->654376K(1034240K), 0.0057800 secs]
295.477: Total time for which application threads were stopped: 0.0059498 seconds, Stopping threads took: 0.0000196 seconds
295.544: [GC (Allocation Failure)  975400K->658698K(1034752K), 0.0048401 secs]
295.549: Total time for which application threads were stopped: 0.0050121 seconds, Stopping threads took: 0.0000203 seconds
295.618: [GC (Allocation Failure)  980234K->658698K(1034752K), 0.0051069 secs]
295.624: Total time for which application threads were stopped: 0.0052659 seconds, Stopping threads took: 0.0000171 seconds
295.689: [GC (Allocation Failure)  980234K->659018K(1034240K), 0.0049316 secs]
295.694: Total time for which application threads were stopped: 0.0051018 seconds, Stopping threads took: 0.0000200 seconds
295.763: [GC (Allocation Failure)  980554K->666700K(1034752K), 0.0060327 secs]
295.769: Total time for which application threads were stopped: 0.0061964 seconds, Stopping threads took: 0.0000266 seconds
295.837: [GC (Allocation Failure)  988236K->666700K(1034752K), 0.0050936 secs]
295.842: Total time for which application threads were stopped: 0.0052646 seconds, Stopping threads took: 0.0000198 seconds
295.909: [GC (Allocation Failure)  988236K->668260K(1034752K), 0.0052221 secs]
295.914: Total time for which application threads were stopped: 0.0053888 seconds, Stopping threads took: 0.0000205 seconds
295.982: [GC (Allocation Failure)  989796K->674791K(1034752K), 0.0051079 secs]
295.987: Total time for which application threads were stopped: 0.0052769 seconds, Stopping threads took: 0.0000195 seconds
296.055: [GC (Allocation Failure)  996327K->674727K(1034752K), 0.0049507 secs]
296.060: Total time for which application threads were stopped: 0.0051236 seconds, Stopping threads took: 0.0000206 seconds
296.125: [GC (Allocation Failure)  996263K->677511K(1034752K), 0.0055541 secs]
296.131: Total time for which application threads were stopped: 0.0057367 seconds, Stopping threads took: 0.0000200 seconds
296.200: [GC (Allocation Failure)  999047K->682793K(1034752K), 0.0051193 secs]
296.205: Total time for which application threads were stopped: 0.0052950 seconds, Stopping threads took: 0.0000201 seconds
296.272: [GC (Allocation Failure)  1004329K->682761K(1034752K), 0.0048523 secs]
296.277: Total time for which application threads were stopped: 0.0050220 seconds, Stopping threads took: 0.0000278 seconds
296.343: [GC (Allocation Failure)  1004297K->686785K(1034752K), 0.0072568 secs]
296.350: [Full GC (Ergonomics)  686785K->12484K(1034752K), 0.0179868 secs]
296.369: Total time for which application threads were stopped: 0.0255238 seconds, Stopping threads took: 0.0000264 seconds
296.435: [GC (Allocation Failure)  334020K->20934K(1034240K), 0.0037200 secs]
296.439: Total time for which application threads were stopped: 0.0038753 seconds, Stopping threads took: 0.0000198 seconds
296.507: [GC (Allocation Failure)  342470K->20686K(1034752K), 0.0037231 secs]
296.510: Total time for which application threads were stopped: 0.0039059 seconds, Stopping threads took: 0.0000169 seconds
296.576: [GC (Allocation Failure)  342222K->13772K(1034240K), 0.0008015 secs]
296.577: Total time for which application threads were stopped: 0.0009176 seconds, Stopping threads took: 0.0000249 seconds
296.645: [GC (Allocation Failure)  335308K->20878K(1034752K), 0.0038107 secs]
296.649: Total time for which application threads were stopped: 0.0039709 seconds, Stopping threads took: 0.0000195 seconds
296.716: [GC (Allocation Failure)  342414K->20686K(1034752K), 0.0037604 secs]
296.720: Total time for which application threads were stopped: 0.0039228 seconds, Stopping threads took: 0.0000201 seconds
296.787: [GC (Allocation Failure)  342222K->15020K(1034752K), 0.0013925 secs]
296.788: Total time for which application threads were stopped: 0.0015258 seconds, Stopping threads took: 0.0000249 seconds
296.857: [GC (Allocation Failure)  336556K->20814K(1034752K), 0.0035683 secs]
296.861: Total time for which application threads were stopped: 0.0037434 seconds, Stopping threads took: 0.0000261 seconds
296.928: [GC (Allocation Failure)  342350K->20686K(1034752K), 0.0036110 secs]
296.932: Total time for which application threads were stopped: 0.0037840 seconds, Stopping threads took: 0.0000202 seconds
296.998: [GC (Allocation Failure)  342222K->16236K(1035264K), 0.0019586 secs]
297.000: Total time for which application threads were stopped: 0.0021141 seconds, Stopping threads took: 0.0000196 seconds
297.067: [GC (Allocation Failure)  338284K->20750K(1034752K), 0.0039434 secs]
297.071: Total time for which application threads were stopped: 0.0041154 seconds, Stopping threads took: 0.0000202 seconds
297.140: [GC (Allocation Failure)  342798K->20686K(1035264K), 0.0037080 secs]
297.143: Total time for which application threads were stopped: 0.0038810 seconds, Stopping threads took: 0.0000211 seconds
297.210: [GC (Allocation Failure)  343246K->19500K(1035264K), 0.0033449 secs]
297.214: Total time for which application threads were stopped: 0.0035096 seconds, Stopping threads took: 0.0000206 seconds
297.282: [GC (Allocation Failure)  342060K->20686K(1035776K), 0.0035363 secs]
297.285: Total time for which application threads were stopped: 0.0037110 seconds, Stopping threads took: 0.0000265 seconds
297.353: [GC (Allocation Failure)  344270K->20718K(1035776K), 0.0037044 secs]
297.357: Total time for which application threads were stopped: 0.0038670 seconds, Stopping threads took: 0.0000201 seconds
297.423: [GC (Allocation Failure)  344302K->25828K(1031680K), 0.0060212 secs]
297.429: Total time for which application threads were stopped: 0.0061967 seconds, Stopping threads took: 0.0000223 seconds
297.496: [GC (Allocation Failure)  345316K->21286K(1033728K), 0.0036850 secs]
297.499: Total time for which application threads were stopped: 0.0038784 seconds, Stopping threads took: 0.0000205 seconds
297.566: [GC (Allocation Failure)  340774K->21094K(1034752K), 0.0037480 secs]
297.570: Total time for which application threads were stopped: 0.0039201 seconds, Stopping threads took: 0.0000198 seconds
297.637: [GC (Allocation Failure)  342118K->22884K(1034240K), 0.0044525 secs]
297.641: Total time for which application threads were stopped: 0.0046311 seconds, Stopping threads took: 0.0000167 seconds
297.711: [GC (Allocation Failure)  343908K->21254K(1035264K), 0.0035632 secs]
297.714: Total time for which application threads were stopped: 0.0037382 seconds, Stopping threads took: 0.0000216 seconds
297.782: [GC (Allocation Failure)  343302K->21094K(1034752K), 0.0037692 secs]
297.786: Total time for which application threads were stopped: 0.0039105 seconds, Stopping threads took: 0.0000177 seconds
297.854: [GC (Allocation Failure)  343142K->24644K(1034240K), 0.0050271 secs]
297.859: Total time for which application threads were stopped: 0.0051983 seconds, Stopping threads took: 0.0000194 seconds
297.927: [GC (Allocation Failure)  346180K->21190K(1034752K), 0.0037884 secs]
297.931: Total time for which application threads were stopped: 0.0039828 seconds, Stopping threads took: 0.0000195 seconds
297.999: [GC (Allocation Failure)  342726K->21094K(1035776K), 0.0037881 secs]
298.003: Total time for which application threads were stopped: 0.0039404 seconds, Stopping threads took: 0.0000171 seconds
298.068: [GC (Allocation Failure)  344166K->27364K(1035264K), 0.0064929 secs]
298.075: Total time for which application threads were stopped: 0.0066655 seconds, Stopping threads took: 0.0000197 seconds
298.144: [GC (Allocation Failure)  350436K->22694K(1033216K), 0.0037970 secs]
298.148: Total time for which application threads were stopped: 0.0039724 seconds, Stopping threads took: 0.0000208 seconds
298.216: [GC (Allocation Failure)  343206K->22630K(1034240K), 0.0036483 secs]
298.220: Total time for which application threads were stopped: 0.0038192 seconds, Stopping threads took: 0.0000208 seconds
298.287: [GC (Allocation Failure)  343142K->29612K(1030656K), 0.0068029 secs]
298.294: Total time for which application threads were stopped: 0.0069874 seconds, Stopping threads took: 0.0000258 seconds
298.360: [GC (Allocation Failure)  347052K->24110K(1032704K), 0.0037467 secs]
298.364: Total time for which application threads were stopped: 0.0039310 seconds, Stopping threads took: 0.0000260 seconds
298.432: [GC (Allocation Failure)  341550K->23886K(1033728K), 0.0038502 secs]
298.436: Total time for which application threads were stopped: 0.0040128 seconds, Stopping threads took: 0.0000195 seconds
298.505: [GC (Allocation Failure)  342862K->21324K(1033216K), 0.0026376 secs]
298.508: Total time for which application threads were stopped: 0.0028088 seconds, Stopping threads took: 0.0000197 seconds
298.575: [GC (Allocation Failure)  340300K->24046K(1034240K), 0.0037233 secs]
298.579: Total time for which application threads were stopped: 0.0038880 seconds, Stopping threads took: 0.0000205 seconds
298.647: [GC (Allocation Failure)  344046K->23886K(1033728K), 0.0038438 secs]
298.651: Total time for which application threads were stopped: 0.0040200 seconds, Stopping threads took: 0.0000214 seconds
298.716: [GC (Allocation Failure)  343886K->16908K(1032704K), 0.0010042 secs]
298.717: Total time for which application threads were stopped: 0.0011443 seconds, Stopping threads took: 0.0000196 seconds
298.788: [GC (Allocation Failure)  336396K->24014K(1033728K), 0.0036823 secs]
298.791: Total time for which application threads were stopped: 0.0038443 seconds, Stopping threads took: 0.0000203 seconds
298.859: [GC (Allocation Failure)  343502K->23822K(1034752K), 0.0038884 secs]
298.863: Total time for which application threads were stopped: 0.0040610 seconds, Stopping threads took: 0.0000205 seconds
298.927: [GC (Allocation Failure)  344846K->25702K(1034240K), 0.0038794 secs]
298.931: Total time for which application threads were stopped: 0.0040470 seconds, Stopping threads took: 0.0000201 seconds
298.999: [GC (Allocation Failure)  346726K->31944K(1034752K), 0.0036285 secs]
299.003: Total time for which application threads were stopped: 0.0038005 seconds, Stopping threads took: 0.0000198 seconds
299.069: [GC (Allocation Failure)  352968K->31912K(1034240K), 0.0039422 secs]
299.073: Total time for which application threads were stopped: 0.0041045 seconds, Stopping threads took: 0.0000206 seconds
299.142: [GC (Allocation Failure)  352936K->33376K(1034240K), 0.0039603 secs]
299.146: Total time for which application threads were stopped: 0.0041215 seconds, Stopping threads took: 0.0000196 seconds
299.214: [GC (Allocation Failure)  354912K->39970K(1034752K), 0.0035530 secs]
299.217: Total time for which application threads were stopped: 0.0037403 seconds, Stopping threads took: 0.0000213 seconds
299.285: [GC (Allocation Failure)  361506K->39874K(1035264K), 0.0038008 secs]
299.288: Total time for which application threads were stopped: 0.0039994 seconds, Stopping threads took: 0.0000261 seconds
299.356: [GC (Allocation Failure)  361922K->43146K(1034752K), 0.0044108 secs]
299.361: Total time for which application threads were stopped: 0.0045788 seconds, Stopping threads took: 0.0000253 seconds
299.429: [GC (Allocation Failure)  365194K->48205K(1035264K), 0.0037750 secs]
299.432: Total time for which application threads were stopped: 0.0039682 seconds, Stopping threads took: 0.0000202 seconds
299.503: [GC (Allocation Failure)  370765K->47949K(1035264K), 0.0038342 secs]
299.506: Total time for which application threads were stopped: 0.0039976 seconds, Stopping threads took: 0.0000201 seconds
299.573: [GC (Allocation Failure)  370509K->42858K(1035264K), 0.0018091 secs]
299.575: Total time for which application threads were stopped: 0.0019647 seconds, Stopping threads took: 0.0000198 seconds
299.644: [GC (Allocation Failure)  365418K->48141K(1035264K), 0.0066005 secs]
299.651: Total time for which application threads were stopped: 0.0067575 seconds, Stopping threads took: 0.0000213 seconds
299.724: [GC (Allocation Failure)  370701K->47981K(1035264K), 0.0037824 secs]
299.728: Total time for which application threads were stopped: 0.0039893 seconds, Stopping threads took: 0.0000237 seconds
299.798: [GC (Allocation Failure)  370541K->47114K(1035264K), 0.0034097 secs]
299.802: Total time for which application threads were stopped: 0.0035792 seconds, Stopping threads took: 0.0000197 seconds
299.869: [GC (Allocation Failure)  369674K->48077K(1035776K), 0.0039731 secs]
299.873: Total time for which application threads were stopped: 0.0041492 seconds, Stopping threads took: 0.0000204 seconds
299.941: [GC (Allocation Failure)  371661K->47981K(1035776K), 0.0035544 secs]
299.945: Total time for which application threads were stopped: 0.0037214 seconds, Stopping threads took: 0.0000195 seconds
300.010: [GC (Allocation Failure)  371565K->53450K(1032192K), 0.0062095 secs]
300.017: Total time for which application threads were stopped: 0.0063765 seconds, Stopping threads took: 0.0000195 seconds
300.084: [GC (Allocation Failure)  373962K->49293K(1034240K), 0.0038750 secs]
300.088: Total time for which application threads were stopped: 0.0040430 seconds, Stopping threads took: 0.0000194 seconds
300.156: [GC (Allocation Failure)  369805K->49261K(1035264K), 0.0036398 secs]
300.160: Total time for which application threads were stopped: 0.0038248 seconds, Stopping threads took: 0.0000208 seconds
300.227: [GC (Allocation Failure)  371309K->54442K(1034752K), 0.0059181 secs]
300.233: Total time for which application threads were stopped: 0.0060955 seconds, Stopping threads took: 0.0000203 seconds
300.303: [GC (Allocation Failure)  376490K->49229K(1033728K), 0.0037724 secs]
300.307: Total time for which application threads were stopped: 0.0039318 seconds, Stopping threads took: 0.0000255 seconds
300.374: [GC (Allocation Failure)  369741K->49261K(1034240K), 0.0035357 secs]
300.378: Total time for which application threads were stopped: 0.0037083 seconds, Stopping threads took: 0.0000204 seconds
300.445: [GC (Allocation Failure)  369773K->54154K(1032704K), 0.0059168 secs]
300.451: Total time for which application threads were stopped: 0.0060961 seconds, Stopping threads took: 0.0000245 seconds
300.519: [GC (Allocation Failure)  373642K->49453K(1033728K), 0.0039779 secs]
300.523: Total time for which application threads were stopped: 0.0041615 seconds, Stopping threads took: 0.0000200 seconds
300.590: [GC (Allocation Failure)  368941K->49229K(1034752K), 0.0037705 secs]
300.594: Total time for which application threads were stopped: 0.0039487 seconds, Stopping threads took: 0.0000198 seconds
300.660: [GC (Allocation Failure)  370253K->50826K(1034240K), 0.0042136 secs]
300.664: Total time for which application threads were stopped: 0.0043899 seconds, Stopping threads took: 0.0000269 seconds
300.733: [GC (Allocation Failure)  371850K->49389K(1035264K), 0.0035027 secs]
300.737: Total time for which application threads were stopped: 0.0036612 seconds, Stopping threads took: 0.0000168 seconds
300.806: [GC (Allocation Failure)  371437K->49229K(1034752K), 0.0038438 secs]
300.810: Total time for which application threads were stopped: 0.0040037 seconds, Stopping threads took: 0.0000198 seconds
300.878: [GC (Allocation Failure)  371277K->52490K(1034240K), 0.0049080 secs]
300.883: Total time for which application threads were stopped: 0.0050996 seconds, Stopping threads took: 0.0000193 seconds
300.952: [GC (Allocation Failure)  374026K->49357K(1034752K), 0.0037248 secs]
300.956: Total time for which application threads were stopped: 0.0039183 seconds, Stopping threads took: 0.0000196 seconds
301.023: [GC (Allocation Failure)  370893K->49229K(1035264K), 0.0038415 secs]
301.027: Total time for which application threads were stopped: 0.0039941 seconds, Stopping threads took: 0.0000170 seconds
301.095: [GC (Allocation Failure)  371789K->54722K(1035264K), 0.0059869 secs]
301.101: Total time for which application threads were stopped: 0.0061740 seconds, Stopping threads took: 0.0000192 seconds
301.170: [GC (Allocation Failure)  377282K->49541K(1033216K), 0.0039514 secs]
301.174: Total time for which application threads were stopped: 0.0041053 seconds, Stopping threads took: 0.0000169 seconds
301.241: [GC (Allocation Failure)  370053K->49477K(1034240K), 0.0037426 secs]
301.244: Total time for which application threads were stopped: 0.0039195 seconds, Stopping threads took: 0.0000213 seconds
301.312: [GC (Allocation Failure)  369989K->55234K(1031680K), 0.0060392 secs]
301.318: Total time for which application threads were stopped: 0.0062469 seconds, Stopping threads took: 0.0000282 seconds
301.384: [GC (Allocation Failure)  373698K->49477K(1033216K), 0.0035708 secs]
301.388: Total time for which application threads were stopped: 0.0037224 seconds, Stopping threads took: 0.0000164 seconds
301.454: [GC (Allocation Failure)  367941K->49477K(1034240K), 0.0040240 secs]
301.458: Total time for which application threads were stopped: 0.0041941 seconds, Stopping threads took: 0.0000199 seconds
301.523: [GC (Allocation Failure)  369477K->48738K(1033728K), 0.0034348 secs]
301.526: Total time for which application threads were stopped: 0.0036280 seconds, Stopping threads took: 0.0000196 seconds
301.593: [GC (Allocation Failure)  368738K->49669K(1034752K), 0.0038824 secs]
301.597: Total time for which application threads were stopped: 0.0040343 seconds, Stopping threads took: 0.0000172 seconds
301.665: [GC (Allocation Failure)  370693K->49477K(1034240K), 0.0037546 secs]
301.669: Total time for which application threads were stopped: 0.0039486 seconds, Stopping threads took: 0.0000197 seconds
301.738: [GC (Allocation Failure)  370501K->47458K(1034752K), 0.0028064 secs]
301.741: Total time for which application threads were stopped: 0.0029995 seconds, Stopping threads took: 0.0000187 seconds
301.811: [GC (Allocation Failure)  368994K->49637K(1034752K), 0.0036884 secs]
301.815: Total time for which application threads were stopped: 0.0038560 seconds, Stopping threads took: 0.0000187 seconds
301.883: [GC (Allocation Failure)  371173K->49477K(1035776K), 0.0038373 secs]
301.886: Total time for which application threads were stopped: 0.0040111 seconds, Stopping threads took: 0.0000190 seconds
301.952: [GC (Allocation Failure)  372549K->50178K(1035264K), 0.0042839 secs]
301.956: Total time for which application threads were stopped: 0.0044450 seconds, Stopping threads took: 0.0000198 seconds
302.024: [GC (Allocation Failure)  373250K->49573K(1036288K), 0.0039079 secs]
302.028: Total time for which application threads were stopped: 0.0040750 seconds, Stopping threads took: 0.0000196 seconds
302.097: [GC (Allocation Failure)  373669K->49477K(1035776K), 0.0038183 secs]
302.100: Total time for which application threads were stopped: 0.0039863 seconds, Stopping threads took: 0.0000196 seconds
302.168: [GC (Allocation Failure)  373573K->41634K(1033728K), 0.0007026 secs]
302.169: Total time for which application threads were stopped: 0.0008252 seconds, Stopping threads took: 0.0000252 seconds
302.239: [GC (Allocation Failure)  364194K->49501K(1035264K), 0.0037340 secs]
302.243: Total time for which application threads were stopped: 0.0039382 seconds, Stopping threads took: 0.0000218 seconds
302.311: [GC (Allocation Failure)  372061K->53613K(1036288K), 0.0049942 secs]
302.316: Total time for which application threads were stopped: 0.0051655 seconds, Stopping threads took: 0.0000283 seconds
302.384: [GC (Allocation Failure)  377708K->49738K(1035776K), 0.0025709 secs]
302.387: Total time for which application threads were stopped: 0.0027441 seconds, Stopping threads took: 0.0000188 seconds
302.456: [GC (Allocation Failure)  373834K->53773K(1035264K), 0.0038537 secs]
302.460: Total time for which application threads were stopped: 0.0040219 seconds, Stopping threads took: 0.0000281 seconds
302.527: [GC (Allocation Failure)  377357K->57741K(1035776K), 0.0036823 secs]
302.531: Total time for which application threads were stopped: 0.0038382 seconds, Stopping threads took: 0.0000193 seconds
302.598: [GC (Allocation Failure)  381325K->57741K(1036288K), 0.0037148 secs]
302.602: Total time for which application threads were stopped: 0.0038839 seconds, Stopping threads took: 0.0000200 seconds
302.668: [GC (Allocation Failure)  382349K->58085K(1024512K), 0.0039402 secs]
302.672: Total time for which application threads were stopped: 0.0041092 seconds, Stopping threads took: 0.0000195 seconds
302.740: [GC (Allocation Failure)  382693K->65767K(1035776K), 0.0036498 secs]
302.743: Total time for which application threads were stopped: 0.0038154 seconds, Stopping threads took: 0.0000195 seconds
302.812: [GC (Allocation Failure)  389351K->65799K(1035776K), 0.0036327 secs]
302.816: Total time for which application threads were stopped: 0.0038044 seconds, Stopping threads took: 0.0000201 seconds
302.884: [GC (Allocation Failure)  389383K->66311K(1034752K), 0.0038163 secs]
302.888: Total time for which application threads were stopped: 0.0039786 seconds, Stopping threads took: 0.0000194 seconds
302.956: [GC (Allocation Failure)  388871K->73833K(1035264K), 0.0036955 secs]
302.960: Total time for which application threads were stopped: 0.0038617 seconds, Stopping threads took: 0.0000191 seconds
303.028: [GC (Allocation Failure)  396393K->73801K(1035264K), 0.0037327 secs]
303.032: Total time for which application threads were stopped: 0.0038999 seconds, Stopping threads took: 0.0000188 seconds
303.100: [GC (Allocation Failure)  396361K->74057K(1022464K), 0.0038054 secs]
303.104: Total time for which application threads were stopped: 0.0039881 seconds, Stopping threads took: 0.0000194 seconds
303.172: [GC (Allocation Failure)  396617K->81836K(1034752K), 0.0037270 secs]
303.175: Total time for which application threads were stopped: 0.0038953 seconds, Stopping threads took: 0.0000191 seconds
303.242: [GC (Allocation Failure)  403372K->81804K(1034752K), 0.0035615 secs]
303.246: Total time for which application threads were stopped: 0.0037170 seconds, Stopping threads took: 0.0000191 seconds
303.313: [GC (Allocation Failure)  403340K->81900K(1034752K), 0.0036861 secs]
303.317: Total time for which application threads were stopped: 0.0038461 seconds, Stopping threads took: 0.0000262 seconds
303.385: [GC (Allocation Failure)  403436K->89902K(1029120K), 0.0037416 secs]
303.389: Total time for which application threads were stopped: 0.0039193 seconds, Stopping threads took: 0.0000205 seconds
303.459: [GC (Allocation Failure)  411438K->89870K(1034240K), 0.0034956 secs]
303.462: Total time for which application threads were stopped: 0.0036889 seconds, Stopping threads took: 0.0000194 seconds
303.530: [GC (Allocation Failure)  410382K->89998K(1034240K), 0.0038358 secs]
303.534: Total time for which application threads were stopped: 0.0040310 seconds, Stopping threads took: 0.0000202 seconds
303.602: [GC (Allocation Failure)  410510K->97936K(1034240K), 0.0042222 secs]
303.607: Total time for which application threads were stopped: 0.0043810 seconds, Stopping threads took: 0.0000168 seconds
303.672: [GC (Allocation Failure)  418448K->97936K(1034240K), 0.0038718 secs]
303.676: Total time for which application threads were stopped: 0.0040455 seconds, Stopping threads took: 0.0000203 seconds
303.743: [GC (Allocation Failure)  418448K->98216K(1033216K), 0.0037345 secs]
303.747: Total time for which application threads were stopped: 0.0039348 seconds, Stopping threads took: 0.0000195 seconds
303.817: [GC (Allocation Failure)  417704K->105930K(1033728K), 0.0040242 secs]
303.821: Total time for which application threads were stopped: 0.0041883 seconds, Stopping threads took: 0.0000197 seconds
303.886: [GC (Allocation Failure)  425418K->105930K(1033728K), 0.0039794 secs]
303.890: Total time for which application threads were stopped: 0.0041520 seconds, Stopping threads took: 0.0000206 seconds
303.955: [GC (Allocation Failure)  425418K->106442K(1033728K), 0.0039299 secs]
303.959: Total time for which application threads were stopped: 0.0041298 seconds, Stopping threads took: 0.0000263 seconds
304.027: [GC (Allocation Failure)  425930K->113965K(1033728K), 0.0039996 secs]
304.031: Total time for which application threads were stopped: 0.0041712 seconds, Stopping threads took: 0.0000173 seconds
304.100: [GC (Allocation Failure)  433453K->113997K(1033728K), 0.0037680 secs]
304.103: Total time for which application threads were stopped: 0.0039289 seconds, Stopping threads took: 0.0000190 seconds
304.168: [GC (Allocation Failure)  433485K->114181K(1033728K), 0.0038489 secs]
304.172: Total time for which application threads were stopped: 0.0040417 seconds, Stopping threads took: 0.0000190 seconds
304.240: [GC (Allocation Failure)  433669K->121991K(1033728K), 0.0038491 secs]
304.244: Total time for which application threads were stopped: 0.0040172 seconds, Stopping threads took: 0.0000169 seconds
304.312: [GC (Allocation Failure)  441479K->122023K(1033728K), 0.0037217 secs]
304.316: Total time for which application threads were stopped: 0.0039002 seconds, Stopping threads took: 0.0000284 seconds
304.382: [GC (Allocation Failure)  441511K->122151K(1033728K), 0.0037939 secs]
304.386: Total time for which application threads were stopped: 0.0039621 seconds, Stopping threads took: 0.0000206 seconds
304.453: [GC (Allocation Failure)  441639K->130057K(1032704K), 0.0037980 secs]
304.457: Total time for which application threads were stopped: 0.0039614 seconds, Stopping threads took: 0.0000203 seconds
304.525: [GC (Allocation Failure)  448521K->129993K(1033216K), 0.0039298 secs]
304.529: Total time for which application threads were stopped: 0.0041093 seconds, Stopping threads took: 0.0000198 seconds
304.593: [GC (Allocation Failure)  448457K->130121K(1033216K), 0.0039640 secs]
304.597: Total time for which application threads were stopped: 0.0041358 seconds, Stopping threads took: 0.0000197 seconds
304.665: [GC (Allocation Failure)  448585K->138027K(1033216K), 0.0040183 secs]
304.669: Total time for which application threads were stopped: 0.0042049 seconds, Stopping threads took: 0.0000205 seconds
304.734: [GC (Allocation Failure)  456491K->131753K(1033728K), 0.0014872 secs]
304.736: Total time for which application threads were stopped: 0.0016233 seconds, Stopping threads took: 0.0000210 seconds
304.805: [GC (Allocation Failure)  450729K->138091K(1033216K), 0.0046615 secs]
304.810: Total time for which application threads were stopped: 0.0048448 seconds, Stopping threads took: 0.0000171 seconds
304.879: [GC (Allocation Failure)  457067K->142171K(1034240K), 0.0043446 secs]
304.884: Total time for which application threads were stopped: 0.0044965 seconds, Stopping threads took: 0.0000175 seconds
304.953: [GC (Allocation Failure)  462683K->147385K(1033216K), 0.0060194 secs]
304.959: Total time for which application threads were stopped: 0.0061907 seconds, Stopping threads took: 0.0000203 seconds
305.027: [GC (Allocation Failure)  467897K->142427K(1031168K), 0.0038905 secs]
305.032: Total time for which application threads were stopped: 0.0040849 seconds, Stopping threads took: 0.0000196 seconds
305.100: [GC (Allocation Failure)  458843K->142203K(1032192K), 0.0039594 secs]
305.104: Total time for which application threads were stopped: 0.0041274 seconds, Stopping threads took: 0.0000195 seconds
305.170: [GC (Allocation Failure)  458619K->137337K(1033216K), 0.0018740 secs]
305.172: Total time for which application threads were stopped: 0.0020430 seconds, Stopping threads took: 0.0000195 seconds
305.239: [GC (Allocation Failure)  455289K->142363K(1032704K), 0.0040923 secs]
305.243: Total time for which application threads were stopped: 0.0042729 seconds, Stopping threads took: 0.0000282 seconds
305.311: [GC (Allocation Failure)  460315K->142203K(1033728K), 0.0038373 secs]
305.315: Total time for which application threads were stopped: 0.0040309 seconds, Stopping threads took: 0.0000259 seconds
305.382: [GC (Allocation Failure)  461179K->145083K(1033216K), 0.0045732 secs]
305.387: Total time for which application threads were stopped: 0.0047690 seconds, Stopping threads took: 0.0000171 seconds
305.456: [GC (Allocation Failure)  464059K->150334K(1033728K), 0.0038861 secs]
305.460: Total time for which application threads were stopped: 0.0040539 seconds, Stopping threads took: 0.0000175 seconds
305.528: [GC (Allocation Failure)  469822K->150238K(1033728K), 0.0038231 secs]
305.532: Total time for which application threads were stopped: 0.0039873 seconds, Stopping threads took: 0.0000199 seconds
305.599: [GC (Allocation Failure)  469726K->151774K(1033216K), 0.0040979 secs]
305.603: Total time for which application threads were stopped: 0.0042804 seconds, Stopping threads took: 0.0000203 seconds
305.671: [GC (Allocation Failure)  471262K->158336K(1033728K), 0.0039793 secs]
305.676: Total time for which application threads were stopped: 0.0041439 seconds, Stopping threads took: 0.0000205 seconds
305.743: [GC (Allocation Failure)  477824K->158272K(1034240K), 0.0038373 secs]
305.747: Total time for which application threads were stopped: 0.0039783 seconds, Stopping threads took: 0.0000168 seconds
305.815: [GC (Allocation Failure)  478784K->160008K(1034240K), 0.0040705 secs]
305.819: Total time for which application threads were stopped: 0.0042429 seconds, Stopping threads took: 0.0000200 seconds
305.887: [GC (Allocation Failure)  480520K->166314K(1034240K), 0.0039479 secs]
305.891: Total time for which application threads were stopped: 0.0041223 seconds, Stopping threads took: 0.0000196 seconds
305.960: [GC (Allocation Failure)  486826K->166314K(1034240K), 0.0039332 secs]
305.964: Total time for which application threads were stopped: 0.0041202 seconds, Stopping threads took: 0.0000196 seconds
306.031: [GC (Allocation Failure)  486826K->170314K(1034752K), 0.0049847 secs]
306.036: Total time for which application threads were stopped: 0.0051506 seconds, Stopping threads took: 0.0000203 seconds
306.103: [GC (Allocation Failure)  491338K->174444K(1034240K), 0.0040999 secs]
306.107: Total time for which application threads were stopped: 0.0042664 seconds, Stopping threads took: 0.0000196 seconds
306.174: [GC (Allocation Failure)  495468K->174380K(1034752K), 0.0040028 secs]
306.178: Total time for which application threads were stopped: 0.0041727 seconds, Stopping threads took: 0.0000198 seconds
306.245: [GC (Allocation Failure)  495916K->174412K(1021440K), 0.0040647 secs]
306.249: Total time for which application threads were stopped: 0.0042324 seconds, Stopping threads took: 0.0000211 seconds
306.319: [GC (Allocation Failure)  495948K->182383K(1034240K), 0.0040723 secs]
306.324: Total time for which application threads were stopped: 0.0042341 seconds, Stopping threads took: 0.0000199 seconds
306.391: [GC (Allocation Failure)  502895K->182383K(1034240K), 0.0039898 secs]
306.396: Total time for which application threads were stopped: 0.0041560 seconds, Stopping threads took: 0.0000195 seconds
306.463: [GC (Allocation Failure)  502895K->185735K(1034752K), 0.0046645 secs]
306.467: Total time for which application threads were stopped: 0.0048316 seconds, Stopping threads took: 0.0000269 seconds
306.535: [GC (Allocation Failure)  506759K->190505K(1034240K), 0.0048927 secs]
306.540: Total time for which application threads were stopped: 0.0050565 seconds, Stopping threads took: 0.0000195 seconds
306.607: [GC (Allocation Failure)  511529K->190409K(1034752K), 0.0043329 secs]
306.611: Total time for which application threads were stopped: 0.0044969 seconds, Stopping threads took: 0.0000197 seconds
306.678: [GC (Allocation Failure)  511945K->193993K(1034752K), 0.0048089 secs]
306.683: Total time for which application threads were stopped: 0.0049919 seconds, Stopping threads took: 0.0000205 seconds
306.751: [GC (Allocation Failure)  515529K->198475K(1034752K), 0.0066158 secs]
306.758: Total time for which application threads were stopped: 0.0068104 seconds, Stopping threads took: 0.0000191 seconds
306.827: [GC (Allocation Failure)  520011K->198443K(1034752K), 0.0038713 secs]
306.831: Total time for which application threads were stopped: 0.0040529 seconds, Stopping threads took: 0.0000200 seconds
306.896: [GC (Allocation Failure)  519979K->199147K(1034240K), 0.0041559 secs]
306.901: Total time for which application threads were stopped: 0.0043232 seconds, Stopping threads took: 0.0000194 seconds
306.969: [GC (Allocation Failure)  520683K->206477K(1034752K), 0.0040667 secs]
306.973: Total time for which application threads were stopped: 0.0042418 seconds, Stopping threads took: 0.0000202 seconds
307.042: [GC (Allocation Failure)  528013K->206509K(1034752K), 0.0039868 secs]
307.046: Total time for which application threads were stopped: 0.0041636 seconds, Stopping threads took: 0.0000195 seconds
307.113: [GC (Allocation Failure)  528045K->208421K(1034752K), 0.0043485 secs]
307.117: Total time for which application threads were stopped: 0.0045233 seconds, Stopping threads took: 0.0000195 seconds
307.187: [GC (Allocation Failure)  529957K->214536K(1034752K), 0.0039573 secs]
307.191: Total time for which application threads were stopped: 0.0041165 seconds, Stopping threads took: 0.0000200 seconds
307.259: [GC (Allocation Failure)  536072K->214504K(1034752K), 0.0040992 secs]
307.263: Total time for which application threads were stopped: 0.0042812 seconds, Stopping threads took: 0.0000167 seconds
307.331: [GC (Allocation Failure)  536040K->217672K(1034752K), 0.0046294 secs]
307.335: Total time for which application threads were stopped: 0.0047924 seconds, Stopping threads took: 0.0000266 seconds
307.401: [GC (Allocation Failure)  539208K->222666K(1034752K), 0.0042666 secs]
307.406: Total time for which application threads were stopped: 0.0044578 seconds, Stopping threads took: 0.0000256 seconds
307.472: [GC (Allocation Failure)  544202K->222538K(1034752K), 0.0041054 secs]
307.476: Total time for which application threads were stopped: 0.0042786 seconds, Stopping threads took: 0.0000202 seconds
307.541: [GC (Allocation Failure)  544074K->222794K(1034752K), 0.0041421 secs]
307.545: Total time for which application threads were stopped: 0.0043092 seconds, Stopping threads took: 0.0000202 seconds
307.611: [GC (Allocation Failure)  544330K->230636K(1033728K), 0.0042383 secs]
307.616: Total time for which application threads were stopped: 0.0044202 seconds, Stopping threads took: 0.0000200 seconds
307.683: [GC (Allocation Failure)  551148K->230572K(1034240K), 0.0065010 secs]
307.689: Total time for which application threads were stopped: 0.0066817 seconds, Stopping threads took: 0.0000199 seconds
307.757: [GC (Allocation Failure)  551084K->234116K(1034752K), 0.0060518 secs]
307.763: Total time for which application threads were stopped: 0.0062505 seconds, Stopping threads took: 0.0000252 seconds
307.831: [GC (Allocation Failure)  555652K->238599K(1034752K), 0.0040704 secs]
307.835: Total time for which application threads were stopped: 0.0042330 seconds, Stopping threads took: 0.0000201 seconds
307.901: [GC (Allocation Failure)  560135K->238567K(1034752K), 0.0043451 secs]
307.906: Total time for which application threads were stopped: 0.0045388 seconds, Stopping threads took: 0.0000193 seconds
307.971: [GC (Allocation Failure)  560103K->239303K(1034752K), 0.0041696 secs]
307.975: Total time for which application threads were stopped: 0.0043346 seconds, Stopping threads took: 0.0000197 seconds
308.043: [GC (Allocation Failure)  560839K->246697K(1034752K), 0.0041373 secs]
308.048: Total time for which application threads were stopped: 0.0043162 seconds, Stopping threads took: 0.0000202 seconds
308.116: [GC (Allocation Failure)  568233K->246633K(1034752K), 0.0046039 secs]
308.121: Total time for which application threads were stopped: 0.0047772 seconds, Stopping threads took: 0.0000207 seconds
308.188: [GC (Allocation Failure)  568169K->248521K(1034752K), 0.0045754 secs]
308.193: Total time for which application threads were stopped: 0.0047493 seconds, Stopping threads took: 0.0000199 seconds
308.261: [GC (Allocation Failure)  570057K->254667K(1034752K), 0.0041009 secs]
308.265: Total time for which application threads were stopped: 0.0042985 seconds, Stopping threads took: 0.0000202 seconds
308.335: [GC (Allocation Failure)  576203K->254667K(1034752K), 0.0039058 secs]
308.339: Total time for which application threads were stopped: 0.0041060 seconds, Stopping threads took: 0.0000284 seconds
308.408: [GC (Allocation Failure)  576203K->257771K(1034752K), 0.0064703 secs]
308.414: Total time for which application threads were stopped: 0.0066549 seconds, Stopping threads took: 0.0000164 seconds
308.483: [GC (Allocation Failure)  579307K->262797K(1034752K), 0.0041082 secs]
308.487: Total time for which application threads were stopped: 0.0042910 seconds, Stopping threads took: 0.0000171 seconds
308.557: [GC (Allocation Failure)  584333K->262733K(1034752K), 0.0041770 secs]
308.561: Total time for which application threads were stopped: 0.0043271 seconds, Stopping threads took: 0.0000163 seconds
308.626: [GC (Allocation Failure)  584269K->262957K(1033728K), 0.0043353 secs]
308.631: Total time for which application threads were stopped: 0.0045055 seconds, Stopping threads took: 0.0000276 seconds
308.698: [GC (Allocation Failure)  583469K->270768K(1034240K), 0.0041516 secs]
308.702: Total time for which application threads were stopped: 0.0043179 seconds, Stopping threads took: 0.0000284 seconds
308.771: [GC (Allocation Failure)  591280K->270736K(1034240K), 0.0060178 secs]
308.777: Total time for which application threads were stopped: 0.0061691 seconds, Stopping threads took: 0.0000249 seconds
308.844: [GC (Allocation Failure)  591248K->273224K(1034240K), 0.0046167 secs]
308.848: Total time for which application threads were stopped: 0.0047887 seconds, Stopping threads took: 0.0000195 seconds
308.916: [GC (Allocation Failure)  593736K->278794K(1034752K), 0.0042150 secs]
308.920: Total time for which application threads were stopped: 0.0043881 seconds, Stopping threads took: 0.0000206 seconds
308.988: [GC (Allocation Failure)  600330K->278794K(1034752K), 0.0044529 secs]
308.992: Total time for which application threads were stopped: 0.0046236 seconds, Stopping threads took: 0.0000200 seconds
309.057: [GC (Allocation Failure)  600330K->281450K(1034752K), 0.0047436 secs]
309.062: Total time for which application threads were stopped: 0.0049467 seconds, Stopping threads took: 0.0000202 seconds
309.129: [GC (Allocation Failure)  602986K->286860K(1034752K), 0.0042754 secs]
309.134: Total time for which application threads were stopped: 0.0044617 seconds, Stopping threads took: 0.0000206 seconds
309.201: [GC (Allocation Failure)  608396K->286796K(1034752K), 0.0044944 secs]
309.205: Total time for which application threads were stopped: 0.0046644 seconds, Stopping threads took: 0.0000191 seconds
309.272: [GC (Allocation Failure)  608332K->290732K(1034752K), 0.0054373 secs]
309.277: Total time for which application threads were stopped: 0.0055977 seconds, Stopping threads took: 0.0000194 seconds
309.347: [GC (Allocation Failure)  612268K->294958K(1034752K), 0.0041952 secs]
309.351: Total time for which application threads were stopped: 0.0043709 seconds, Stopping threads took: 0.0000199 seconds
309.419: [GC (Allocation Failure)  616494K->294830K(1034752K), 0.0044311 secs]
309.423: Total time for which application threads were stopped: 0.0045953 seconds, Stopping threads took: 0.0000199 seconds
309.489: [GC (Allocation Failure)  616366K->295878K(1034752K), 0.0043939 secs]
309.493: Total time for which application threads were stopped: 0.0045956 seconds, Stopping threads took: 0.0000195 seconds
309.559: [GC (Allocation Failure)  617414K->302921K(1034752K), 0.0041405 secs]
309.563: Total time for which application threads were stopped: 0.0043106 seconds, Stopping threads took: 0.0000196 seconds
309.630: [GC (Allocation Failure)  624457K->302857K(1034752K), 0.0043194 secs]
309.634: Total time for which application threads were stopped: 0.0044842 seconds, Stopping threads took: 0.0000194 seconds
309.700: [GC (Allocation Failure)  624393K->305129K(1034752K), 0.0046539 secs]
309.704: Total time for which application threads were stopped: 0.0048383 seconds, Stopping threads took: 0.0000215 seconds
309.771: [GC (Allocation Failure)  626665K->310891K(1034752K), 0.0040616 secs]
309.775: Total time for which application threads were stopped: 0.0042536 seconds, Stopping threads took: 0.0000178 seconds
309.842: [GC (Allocation Failure)  632427K->310859K(1034752K), 0.0041152 secs]
309.847: Total time for which application threads were stopped: 0.0043149 seconds, Stopping threads took: 0.0000200 seconds
309.912: [GC (Allocation Failure)  632395K->314379K(1035264K), 0.0049189 secs]
309.917: Total time for which application threads were stopped: 0.0050898 seconds, Stopping threads took: 0.0000196 seconds
309.984: [GC (Allocation Failure)  636427K->318957K(1034752K), 0.0044222 secs]
309.989: Total time for which application threads were stopped: 0.0046177 seconds, Stopping threads took: 0.0000201 seconds
310.057: [GC (Allocation Failure)  641005K->318925K(1035264K), 0.0044382 secs]
310.062: Total time for which application threads were stopped: 0.0046213 seconds, Stopping threads took: 0.0000206 seconds
310.129: [GC (Allocation Failure)  640973K->321101K(1034752K), 0.0045372 secs]
310.134: Total time for which application threads were stopped: 0.0047414 seconds, Stopping threads took: 0.0000196 seconds
310.203: [GC (Allocation Failure)  643149K->327119K(1034240K), 0.0042740 secs]
310.207: Total time for which application threads were stopped: 0.0044715 seconds, Stopping threads took: 0.0000192 seconds
310.276: [GC (Allocation Failure)  648655K->326959K(1034752K), 0.0042763 secs]
310.280: Total time for which application threads were stopped: 0.0044515 seconds, Stopping threads took: 0.0000195 seconds
310.345: [GC (Allocation Failure)  648495K->330855K(1035264K), 0.0051899 secs]
310.351: Total time for which application threads were stopped: 0.0053513 seconds, Stopping threads took: 0.0000198 seconds
310.417: [GC (Allocation Failure)  652903K->335082K(1034752K), 0.0069153 secs]
310.424: Total time for which application threads were stopped: 0.0070970 seconds, Stopping threads took: 0.0000279 seconds
310.494: [GC (Allocation Failure)  657130K->334954K(1035264K), 0.0042505 secs]
310.498: Total time for which application threads were stopped: 0.0044333 seconds, Stopping threads took: 0.0000229 seconds
310.565: [GC (Allocation Failure)  657514K->330023K(1035264K), 0.0023194 secs]
310.567: Total time for which application threads were stopped: 0.0025164 seconds, Stopping threads took: 0.0000199 seconds
310.636: [GC (Allocation Failure)  652583K->335050K(1035264K), 0.0044918 secs]
310.641: Total time for which application threads were stopped: 0.0046911 seconds, Stopping threads took: 0.0000275 seconds
310.711: [GC (Allocation Failure)  657610K->334986K(1035264K), 0.0041179 secs]
310.715: Total time for which application threads were stopped: 0.0042637 seconds, Stopping threads took: 0.0000172 seconds
310.784: [GC (Allocation Failure)  657546K->334279K(1035776K), 0.0040725 secs]
310.789: Total time for which application threads were stopped: 0.0042455 seconds, Stopping threads took: 0.0000245 seconds
310.856: [GC (Allocation Failure)  657351K->335018K(1035264K), 0.0044155 secs]
310.861: Total time for which application threads were stopped: 0.0045940 seconds, Stopping threads took: 0.0000193 seconds
310.929: [GC (Allocation Failure)  658090K->334986K(1035776K), 0.0042102 secs]
310.933: Total time for which application threads were stopped: 0.0043739 seconds, Stopping threads took: 0.0000201 seconds
311.002: [GC (Allocation Failure)  658570K->340623K(1035776K), 0.0067248 secs]
311.009: Total time for which application threads were stopped: 0.0068883 seconds, Stopping threads took: 0.0000199 seconds
311.077: [GC (Allocation Failure)  664207K->336114K(1032704K), 0.0043227 secs]
311.081: Total time for which application threads were stopped: 0.0044845 seconds, Stopping threads took: 0.0000193 seconds
311.148: [GC (Allocation Failure)  656626K->335890K(1034240K), 0.0044092 secs]
311.153: Total time for which application threads were stopped: 0.0046044 seconds, Stopping threads took: 0.0000200 seconds
311.222: [GC (Allocation Failure)  656402K->342759K(1030656K), 0.0072023 secs]
311.229: Total time for which application threads were stopped: 0.0073652 seconds, Stopping threads took: 0.0000195 seconds
311.296: [GC (Allocation Failure)  660199K->337162K(1032704K), 0.0043177 secs]
311.300: Total time for which application threads were stopped: 0.0044886 seconds, Stopping threads took: 0.0000258 seconds
311.367: [GC (Allocation Failure)  654602K->337002K(1033728K), 0.0065844 secs]
311.374: Total time for which application threads were stopped: 0.0067560 seconds, Stopping threads took: 0.0000205 seconds
311.442: [GC (Allocation Failure)  655978K->334375K(1033216K), 0.0033509 secs]
311.445: Total time for which application threads were stopped: 0.0035356 seconds, Stopping threads took: 0.0000200 seconds
311.512: [GC (Allocation Failure)  653351K->337098K(1034752K), 0.0042933 secs]
311.517: Total time for which application threads were stopped: 0.0044689 seconds, Stopping threads took: 0.0000206 seconds
311.584: [GC (Allocation Failure)  658122K->336970K(1034240K), 0.0040626 secs]
311.588: Total time for which application threads were stopped: 0.0042279 seconds, Stopping threads took: 0.0000204 seconds
311.655: [GC (Allocation Failure)  657994K->332007K(1034240K), 0.0025462 secs]
311.657: Total time for which application threads were stopped: 0.0027126 seconds, Stopping threads took: 0.0000195 seconds
311.725: [GC (Allocation Failure)  653543K->337002K(1034752K), 0.0071229 secs]
311.732: Total time for which application threads were stopped: 0.0073032 seconds, Stopping threads took: 0.0000204 seconds
311.803: [GC (Allocation Failure)  658538K->337002K(1035776K), 0.0042840 secs]
311.807: Total time for which application threads were stopped: 0.0044757 seconds, Stopping threads took: 0.0000285 seconds
311.875: [GC (Allocation Failure)  660074K->334791K(1035264K), 0.0035856 secs]
311.878: Total time for which application threads were stopped: 0.0037601 seconds, Stopping threads took: 0.0000204 seconds
311.944: [GC (Allocation Failure)  657863K->337226K(1036288K), 0.0043903 secs]
311.949: Total time for which application threads were stopped: 0.0045602 seconds, Stopping threads took: 0.0000196 seconds
312.018: [GC (Allocation Failure)  661322K->337002K(1035776K), 0.0042997 secs]
312.022: Total time for which application threads were stopped: 0.0044722 seconds, Stopping threads took: 0.0000196 seconds
312.091: [GC (Allocation Failure)  661098K->342631K(1033216K), 0.0069796 secs]
312.098: Total time for which application threads were stopped: 0.0071471 seconds, Stopping threads took: 0.0000213 seconds
312.166: [GC (Allocation Failure)  664167K->338602K(1034752K), 0.0049383 secs]
312.171: Total time for which application threads were stopped: 0.0051022 seconds, Stopping threads took: 0.0000273 seconds
312.238: [GC (Allocation Failure)  660138K->338410K(1035776K), 0.0043517 secs]
312.242: Total time for which application threads were stopped: 0.0045113 seconds, Stopping threads took: 0.0000197 seconds
312.311: [GC (Allocation Failure)  661482K->330439K(1022976K), 0.0010910 secs]
312.312: Total time for which application threads were stopped: 0.0012136 seconds, Stopping threads took: 0.0000194 seconds
312.380: [GC (Allocation Failure)  653511K->338562K(1034752K), 0.0043339 secs]
312.385: Total time for which application threads were stopped: 0.0045063 seconds, Stopping threads took: 0.0000284 seconds
312.451: [GC (Allocation Failure)  660098K->342578K(1034752K), 0.0059292 secs]
312.457: Total time for which application threads were stopped: 0.0060989 seconds, Stopping threads took: 0.0000197 seconds
312.522: [GC (Allocation Failure)  664114K->337327K(1035264K), 0.0023655 secs]
312.525: Total time for which application threads were stopped: 0.0025274 seconds, Stopping threads took: 0.0000203 seconds
312.594: [GC (Allocation Failure)  659887K->342658K(1035264K), 0.0044534 secs]
312.599: Total time for which application threads were stopped: 0.0046319 seconds, Stopping threads took: 0.0000218 seconds
312.668: [GC (Allocation Failure)  665218K->346730K(1035776K), 0.0045854 secs]
312.672: Total time for which application threads were stopped: 0.0047550 seconds, Stopping threads took: 0.0000196 seconds
312.739: [GC (Allocation Failure)  669801K->342759K(1035264K), 0.0031274 secs]
312.743: Total time for which application threads were stopped: 0.0032887 seconds, Stopping threads took: 0.0000204 seconds
312.812: [GC (Allocation Failure)  665831K->346858K(1035776K), 0.0042282 secs]
312.816: Total time for which application threads were stopped: 0.0044057 seconds, Stopping threads took: 0.0000278 seconds
312.884: [GC (Allocation Failure)  670442K->350826K(1035776K), 0.0043527 secs]
312.889: Total time for which application threads were stopped: 0.0045530 seconds, Stopping threads took: 0.0000200 seconds
312.957: [GC (Allocation Failure)  674410K->350794K(1035776K), 0.0043048 secs]
312.961: Total time for which application threads were stopped: 0.0044727 seconds, Stopping threads took: 0.0000199 seconds
313.027: [GC (Allocation Failure)  674378K->351178K(1023488K), 0.0044028 secs]
313.032: Total time for which application threads were stopped: 0.0045771 seconds, Stopping threads took: 0.0000197 seconds
313.101: [GC (Allocation Failure)  674762K->358892K(1035264K), 0.0044106 secs]
313.105: Total time for which application threads were stopped: 0.0047105 seconds, Stopping threads took: 0.0000193 seconds
313.173: [GC (Allocation Failure)  681452K->358828K(1035264K), 0.0042308 secs]
313.178: Total time for which application threads were stopped: 0.0043881 seconds, Stopping threads took: 0.0000194 seconds
313.244: [GC (Allocation Failure)  681388K->359364K(1034240K), 0.0045296 secs]
313.249: Total time for which application threads were stopped: 0.0046880 seconds, Stopping threads took: 0.0000192 seconds
313.316: [GC (Allocation Failure)  680900K->366918K(1034752K), 0.0043700 secs]
313.321: Total time for which application threads were stopped: 0.0045565 seconds, Stopping threads took: 0.0000276 seconds
313.388: [GC (Allocation Failure)  688454K->366886K(1034752K), 0.0040603 secs]
313.393: Total time for which application threads were stopped: 0.0042317 seconds, Stopping threads took: 0.0000210 seconds
313.457: [GC (Allocation Failure)  688422K->367086K(1034752K), 0.0044835 secs]
313.462: Total time for which application threads were stopped: 0.0046506 seconds, Stopping threads took: 0.0000199 seconds
313.529: [GC (Allocation Failure)  688622K->374961K(1034752K), 0.0141989 secs]
313.543: Total time for which application threads were stopped: 0.0143907 seconds, Stopping threads took: 0.0000197 seconds
313.613: [GC (Allocation Failure)  696497K->374961K(1034752K), 0.0042572 secs]
313.617: Total time for which application threads were stopped: 0.0044350 seconds, Stopping threads took: 0.0000198 seconds
313.682: [GC (Allocation Failure)  696497K->375049K(1033728K), 0.0042592 secs]
313.686: Total time for which application threads were stopped: 0.0044253 seconds, Stopping threads took: 0.0000202 seconds
313.754: [GC (Allocation Failure)  695561K->382923K(1034240K), 0.0050118 secs]
313.759: Total time for which application threads were stopped: 0.0051778 seconds, Stopping threads took: 0.0000247 seconds
313.829: [GC (Allocation Failure)  703435K->382955K(1034240K), 0.0043621 secs]
313.833: Total time for which application threads were stopped: 0.0045529 seconds, Stopping threads took: 0.0000191 seconds
313.900: [GC (Allocation Failure)  703467K->382987K(1020416K), 0.0050727 secs]
313.905: Total time for which application threads were stopped: 0.0052460 seconds, Stopping threads took: 0.0000205 seconds
313.972: [GC (Allocation Failure)  703499K->391021K(1033728K), 0.0044622 secs]
313.976: Total time for which application threads were stopped: 0.0046255 seconds, Stopping threads took: 0.0000207 seconds
314.043: [GC (Allocation Failure)  710509K->391021K(1033728K), 0.0042421 secs]
314.048: Total time for which application threads were stopped: 0.0044005 seconds, Stopping threads took: 0.0000194 seconds
314.113: [GC (Allocation Failure)  710509K->391277K(1033728K), 0.0042768 secs]
314.118: Total time for which application threads were stopped: 0.0044586 seconds, Stopping threads took: 0.0000198 seconds
314.185: [GC (Allocation Failure)  710765K->399023K(1033728K), 0.0046107 secs]
314.189: Total time for which application threads were stopped: 0.0047929 seconds, Stopping threads took: 0.0000168 seconds
314.257: [GC (Allocation Failure)  718511K->399055K(1033728K), 0.0041980 secs]
314.261: Total time for which application threads were stopped: 0.0043576 seconds, Stopping threads took: 0.0000172 seconds
314.326: [GC (Allocation Failure)  718543K->399239K(1033728K), 0.0043664 secs]
314.331: Total time for which application threads were stopped: 0.0045545 seconds, Stopping threads took: 0.0000266 seconds
314.396: [GC (Allocation Failure)  718727K->407082K(1033728K), 0.0045744 secs]
314.401: Total time for which application threads were stopped: 0.0047490 seconds, Stopping threads took: 0.0000261 seconds
314.468: [GC (Allocation Failure)  726570K->403175K(1033728K), 0.0032357 secs]
314.471: Total time for which application threads were stopped: 0.0034284 seconds, Stopping threads took: 0.0000198 seconds
314.540: [GC (Allocation Failure)  722663K->407210K(1034752K), 0.0044997 secs]
314.545: Total time for which application threads were stopped: 0.0046918 seconds, Stopping threads took: 0.0000195 seconds
314.613: [GC (Allocation Failure)  728234K->411178K(1034240K), 0.0044991 secs]
314.618: Total time for which application threads were stopped: 0.0046605 seconds, Stopping threads took: 0.0000197 seconds
314.685: [GC (Allocation Failure)  732202K->405415K(1034752K), 0.0024516 secs]
314.688: Total time for which application threads were stopped: 0.0026032 seconds, Stopping threads took: 0.0000195 seconds
314.754: [GC (Allocation Failure)  726951K->411210K(1034752K), 0.0050754 secs]
314.759: Total time for which application threads were stopped: 0.0052420 seconds, Stopping threads took: 0.0000250 seconds
314.827: [GC (Allocation Failure)  732746K->415314K(1035264K), 0.0046527 secs]
314.832: Total time for which application threads were stopped: 0.0048064 seconds, Stopping threads took: 0.0000174 seconds
314.901: [GC (Allocation Failure)  737612K->411375K(1035264K), 0.0032406 secs]
314.904: Total time for which application threads were stopped: 0.0034106 seconds, Stopping threads took: 0.0000204 seconds
314.971: [GC (Allocation Failure)  733935K->415466K(1036288K), 0.0044918 secs]
314.976: Total time for which application threads were stopped: 0.0046574 seconds, Stopping threads took: 0.0000203 seconds
315.043: [GC (Allocation Failure)  739562K->419466K(1035776K), 0.0045756 secs]
315.048: Total time for which application threads were stopped: 0.0047683 seconds, Stopping threads took: 0.0000198 seconds
315.116: [GC (Allocation Failure)  743562K->419434K(1035776K), 0.0044136 secs]
315.121: Total time for which application threads were stopped: 0.0045661 seconds, Stopping threads took: 0.0000171 seconds
315.188: [GC (Allocation Failure)  743018K->419498K(1023488K), 0.0043727 secs]
315.193: Total time for which application threads were stopped: 0.0045447 seconds, Stopping threads took: 0.0000203 seconds
315.260: [GC (Allocation Failure)  743082K->427532K(1035264K), 0.0044524 secs]
315.265: Total time for which application threads were stopped: 0.0046450 seconds, Stopping threads took: 0.0000203 seconds
315.335: [GC (Allocation Failure)  750092K->427468K(1030144K), 0.0046508 secs]
315.340: Total time for which application threads were stopped: 0.0048269 seconds, Stopping threads took: 0.0000262 seconds
315.408: [GC (Allocation Failure)  750028K->427532K(1034752K), 0.0044670 secs]
315.413: Total time for which application threads were stopped: 0.0046240 seconds, Stopping threads took: 0.0000199 seconds
315.481: [GC (Allocation Failure)  749068K->435502K(1029120K), 0.0045581 secs]
315.486: Total time for which application threads were stopped: 0.0047287 seconds, Stopping threads took: 0.0000204 seconds
315.553: [GC (Allocation Failure)  757038K->435502K(1034240K), 0.0044892 secs]
315.557: Total time for which application threads were stopped: 0.0046579 seconds, Stopping threads took: 0.0000198 seconds
315.624: [GC (Allocation Failure)  756014K->435758K(1034240K), 0.0060284 secs]
315.630: Total time for which application threads were stopped: 0.0061864 seconds, Stopping threads took: 0.0000193 seconds
315.697: [GC (Allocation Failure)  756270K->443568K(1034240K), 0.0047248 secs]
315.702: Total time for which application threads were stopped: 0.0049185 seconds, Stopping threads took: 0.0000200 seconds
315.772: [GC (Allocation Failure)  764080K->443536K(1034240K), 0.0044070 secs]
315.776: Total time for which application threads were stopped: 0.0046155 seconds, Stopping threads took: 0.0000254 seconds
315.843: [GC (Allocation Failure)  764048K->443976K(1033216K), 0.0045242 secs]
315.848: Total time for which application threads were stopped: 0.0046778 seconds, Stopping threads took: 0.0000170 seconds
315.914: [GC (Allocation Failure)  763464K->451563K(1033728K), 0.0045940 secs]
315.919: Total time for which application threads were stopped: 0.0047656 seconds, Stopping threads took: 0.0000197 seconds
315.986: [GC (Allocation Failure)  771051K->451563K(1033728K), 0.0047542 secs]
315.991: Total time for which application threads were stopped: 0.0049172 seconds, Stopping threads took: 0.0000199 seconds
316.056: [GC (Allocation Failure)  771051K->451691K(1033728K), 0.0046248 secs]
316.060: Total time for which application threads were stopped: 0.0048077 seconds, Stopping threads took: 0.0000195 seconds
316.127: [GC (Allocation Failure)  771179K->459629K(1033728K), 0.0044538 secs]
316.132: Total time for which application threads were stopped: 0.0046343 seconds, Stopping threads took: 0.0000205 seconds
316.201: [GC (Allocation Failure)  779117K->459597K(1033728K), 0.0044246 secs]
316.206: Total time for which application threads were stopped: 0.0046001 seconds, Stopping threads took: 0.0000207 seconds
316.274: [GC (Allocation Failure)  779085K->459661K(1033728K), 0.0044959 secs]
316.278: Total time for which application threads were stopped: 0.0046560 seconds, Stopping threads took: 0.0000199 seconds
316.346: [GC (Allocation Failure)  779149K->467631K(1027072K), 0.0045293 secs]
316.351: Total time for which application threads were stopped: 0.0047050 seconds, Stopping threads took: 0.0000279 seconds
316.416: [GC (Allocation Failure)  787119K->463757K(1034240K), 0.0033472 secs]
316.419: Total time for which application threads were stopped: 0.0035061 seconds, Stopping threads took: 0.0000195 seconds
316.486: [GC (Allocation Failure)  783245K->467791K(1033216K), 0.0047561 secs]
316.491: Total time for which application threads were stopped: 0.0049255 seconds, Stopping threads took: 0.0000199 seconds
316.558: [GC (Allocation Failure)  787279K->471759K(1034752K), 0.0064245 secs]
316.564: Total time for which application threads were stopped: 0.0065979 seconds, Stopping threads took: 0.0000192 seconds
316.631: [GC (Allocation Failure)  793295K->464973K(1034752K), 0.0020161 secs]
316.633: Total time for which application threads were stopped: 0.0021599 seconds, Stopping threads took: 0.0000192 seconds
316.702: [GC (Allocation Failure)  786509K->471831K(1034752K), 0.0044974 secs]
316.706: Total time for which application threads were stopped: 0.0046564 seconds, Stopping threads took: 0.0000185 seconds
316.773: [GC (Allocation Failure)  793367K->475903K(1034752K), 0.0087168 secs]
316.781: Total time for which application threads were stopped: 0.0088704 seconds, Stopping threads took: 0.0000258 seconds
316.847: [GC (Allocation Failure)  797439K->470333K(1034752K), 0.0026685 secs]
316.849: Total time for which application threads were stopped: 0.0028209 seconds, Stopping threads took: 0.0000189 seconds
316.916: [GC (Allocation Failure)  791869K->476199K(1034752K), 0.0046527 secs]
316.921: Total time for which application threads were stopped: 0.0048209 seconds, Stopping threads took: 0.0000186 seconds
316.990: [GC (Allocation Failure)  797735K->479999K(1035264K), 0.0061423 secs]
316.996: Total time for which application threads were stopped: 0.0063107 seconds, Stopping threads took: 0.0000281 seconds
317.063: [GC (Allocation Failure)  802488K->476125K(1035264K), 0.0033618 secs]
317.066: Total time for which application threads were stopped: 0.0035398 seconds, Stopping threads took: 0.0000199 seconds
317.134: [GC (Allocation Failure)  798685K->480191K(1036288K), 0.0046948 secs]
317.139: Total time for which application threads were stopped: 0.0048586 seconds, Stopping threads took: 0.0000194 seconds
317.206: [GC (Allocation Failure)  804287K->484159K(1035776K), 0.0045701 secs]
317.211: Total time for which application threads were stopped: 0.0047620 seconds, Stopping threads took: 0.0000210 seconds
317.281: [GC (Allocation Failure)  808255K->484159K(1035776K), 0.0046571 secs]
317.286: Total time for which application threads were stopped: 0.0048096 seconds, Stopping threads took: 0.0000176 seconds
317.353: [GC (Allocation Failure)  807743K->484231K(1023488K), 0.0046319 secs]
317.358: Total time for which application threads were stopped: 0.0048024 seconds, Stopping threads took: 0.0000198 seconds
317.425: [GC (Allocation Failure)  807815K->492233K(1035264K), 0.0046070 secs]
317.429: Total time for which application threads were stopped: 0.0047712 seconds, Stopping threads took: 0.0000259 seconds
317.497: [GC (Allocation Failure)  814793K->492201K(1030144K), 0.0045006 secs]
317.502: Total time for which application threads were stopped: 0.0046817 seconds, Stopping threads took: 0.0000202 seconds
317.569: [GC (Allocation Failure)  814761K->492265K(1034752K), 0.0046694 secs]
317.574: Total time for which application threads were stopped: 0.0048394 seconds, Stopping threads took: 0.0000218 seconds
317.642: [GC (Allocation Failure)  813801K->500236K(1034752K), 0.0047129 secs]
317.646: Total time for which application threads were stopped: 0.0048870 seconds, Stopping threads took: 0.0000281 seconds
317.715: [GC (Allocation Failure)  821772K->500236K(1033728K), 0.0064365 secs]
317.721: Total time for which application threads were stopped: 0.0066287 seconds, Stopping threads took: 0.0000195 seconds
317.790: [GC (Allocation Failure)  820748K->500492K(1034240K), 0.0044257 secs]
317.795: Total time for which application threads were stopped: 0.0046099 seconds, Stopping threads took: 0.0000197 seconds
317.862: [GC (Allocation Failure)  821004K->508302K(1034240K), 0.0043606 secs]
317.867: Total time for which application threads were stopped: 0.0045355 seconds, Stopping threads took: 0.0000253 seconds
317.935: [GC (Allocation Failure)  828814K->508270K(1034240K), 0.0046963 secs]
317.940: Total time for which application threads were stopped: 0.0048755 seconds, Stopping threads took: 0.0000169 seconds
318.008: [GC (Allocation Failure)  828782K->508710K(1033216K), 0.0047996 secs]
318.013: Total time for which application threads were stopped: 0.0049757 seconds, Stopping threads took: 0.0000170 seconds
318.081: [GC (Allocation Failure)  828198K->516328K(1033728K), 0.0045539 secs]
318.085: Total time for which application threads were stopped: 0.0047257 seconds, Stopping threads took: 0.0000194 seconds
318.153: [GC (Allocation Failure)  835816K->516328K(1033728K), 0.0048145 secs]
318.158: Total time for which application threads were stopped: 0.0049899 seconds, Stopping threads took: 0.0000211 seconds
318.223: [GC (Allocation Failure)  835816K->516384K(1033728K), 0.0053334 secs]
318.228: Total time for which application threads were stopped: 0.0055095 seconds, Stopping threads took: 0.0000202 seconds
318.296: [GC (Allocation Failure)  835872K->524323K(1033728K), 0.0043660 secs]
318.301: Total time for which application threads were stopped: 0.0045298 seconds, Stopping threads took: 0.0000276 seconds
318.369: [GC (Allocation Failure)  843811K->524355K(1033728K), 0.0048617 secs]
318.374: Total time for which application threads were stopped: 0.0050227 seconds, Stopping threads took: 0.0000194 seconds
318.440: [GC (Allocation Failure)  843843K->524395K(1033728K), 0.0046623 secs]
318.445: Total time for which application threads were stopped: 0.0048272 seconds, Stopping threads took: 0.0000268 seconds
318.511: [GC (Allocation Failure)  843883K->532365K(1027072K), 0.0048747 secs]
318.516: Total time for which application threads were stopped: 0.0050343 seconds, Stopping threads took: 0.0000200 seconds
318.581: [GC (Allocation Failure)  851852K->528491K(1034240K), 0.0039105 secs]
318.585: Total time for which application threads were stopped: 0.0040852 seconds, Stopping threads took: 0.0000194 seconds
318.654: [GC (Allocation Failure)  847979K->532517K(1033216K), 0.0046640 secs]
318.659: Total time for which application threads were stopped: 0.0048178 seconds, Stopping threads took: 0.0000171 seconds
318.726: [GC (Allocation Failure)  852005K->536485K(1034752K), 0.0046876 secs]
318.731: Total time for which application threads were stopped: 0.0048620 seconds, Stopping threads took: 0.0000202 seconds
318.800: [GC (Allocation Failure)  858021K->529763K(1034752K), 0.0021421 secs]
318.802: Total time for which application threads were stopped: 0.0023038 seconds, Stopping threads took: 0.0000280 seconds
318.869: [GC (Allocation Failure)  851299K->536557K(1034752K), 0.0046524 secs]
318.874: Total time for which application threads were stopped: 0.0048134 seconds, Stopping threads took: 0.0000191 seconds
318.939: [GC (Allocation Failure)  858093K->540629K(1034752K), 0.0069490 secs]
318.946: Total time for which application threads were stopped: 0.0071155 seconds, Stopping threads took: 0.0000203 seconds
319.011: [GC (Allocation Failure)  862165K->535059K(1034752K), 0.0027736 secs]
319.014: Total time for which application threads were stopped: 0.0029233 seconds, Stopping threads took: 0.0000189 seconds
319.081: [GC (Allocation Failure)  856595K->540901K(1034752K), 0.0047969 secs]
319.086: Total time for which application threads were stopped: 0.0049562 seconds, Stopping threads took: 0.0000195 seconds
319.155: [GC (Allocation Failure)  862437K->544773K(1034752K), 0.0049214 secs]
319.160: Total time for which application threads were stopped: 0.0051012 seconds, Stopping threads took: 0.0000288 seconds
319.227: [GC (Allocation Failure)  867261K->540867K(1035264K), 0.0034194 secs]
319.231: Total time for which application threads were stopped: 0.0036107 seconds, Stopping threads took: 0.0000200 seconds
319.301: [GC (Allocation Failure)  863427K->544941K(1036288K), 0.0048231 secs]
319.306: Total time for which application threads were stopped: 0.0049946 seconds, Stopping threads took: 0.0000275 seconds
319.374: [GC (Allocation Failure)  869037K->548941K(1035776K), 0.0047139 secs]
319.379: Total time for which application threads were stopped: 0.0048715 seconds, Stopping threads took: 0.0000197 seconds
319.447: [GC (Allocation Failure)  873037K->548909K(1035776K), 0.0047146 secs]
319.452: Total time for which application threads were stopped: 0.0048740 seconds, Stopping threads took: 0.0000193 seconds
319.519: [GC (Allocation Failure)  872493K->548973K(1023488K), 0.0047214 secs]
319.524: Total time for which application threads were stopped: 0.0048905 seconds, Stopping threads took: 0.0000193 seconds
319.592: [GC (Allocation Failure)  872557K->556975K(1035264K), 0.0046583 secs]
319.597: Total time for which application threads were stopped: 0.0048271 seconds, Stopping threads took: 0.0000192 seconds
319.664: [GC (Allocation Failure)  879535K->556943K(1030144K), 0.0044603 secs]
319.669: Total time for which application threads were stopped: 0.0046321 seconds, Stopping threads took: 0.0000205 seconds
319.736: [GC (Allocation Failure)  879503K->556967K(1034752K), 0.0064909 secs]
319.743: Total time for which application threads were stopped: 0.0066641 seconds, Stopping threads took: 0.0000200 seconds
319.812: [GC (Allocation Failure)  878503K->565001K(1029120K), 0.0048391 secs]
319.817: Total time for which application threads were stopped: 0.0050185 seconds, Stopping threads took: 0.0000266 seconds
319.887: [GC (Allocation Failure)  886537K->564969K(1034240K), 0.0044475 secs]
319.891: Total time for which application threads were stopped: 0.0046136 seconds, Stopping threads took: 0.0000202 seconds
319.958: [GC (Allocation Failure)  885481K->565225K(1034240K), 0.0048938 secs]
319.963: Total time for which application threads were stopped: 0.0050776 seconds, Stopping threads took: 0.0000283 seconds
320.030: [GC (Allocation Failure)  885737K->573036K(1034240K), 0.0046835 secs]
320.035: Total time for which application threads were stopped: 0.0048562 seconds, Stopping threads took: 0.0000204 seconds
320.102: [GC (Allocation Failure)  893548K->573004K(1034240K), 0.0048174 secs]
320.107: Total time for which application threads were stopped: 0.0049789 seconds, Stopping threads took: 0.0000203 seconds
320.174: [GC (Allocation Failure)  893516K->573452K(1033216K), 0.0046401 secs]
320.179: Total time for which application threads were stopped: 0.0048022 seconds, Stopping threads took: 0.0000193 seconds
320.246: [GC (Allocation Failure)  892940K->581038K(1033728K), 0.0046533 secs]
320.250: Total time for which application threads were stopped: 0.0048292 seconds, Stopping threads took: 0.0000342 seconds
320.321: [GC (Allocation Failure)  900526K->581006K(1033728K), 0.0045813 secs]
320.326: Total time for which application threads were stopped: 0.0047294 seconds, Stopping threads took: 0.0000166 seconds
320.392: [GC (Allocation Failure)  900494K->581158K(1033728K), 0.0046578 secs]
320.396: Total time for which application threads were stopped: 0.0048383 seconds, Stopping threads took: 0.0000283 seconds
320.464: [GC (Allocation Failure)  900646K->589064K(1033728K), 0.0045825 secs]
320.469: Total time for which application threads were stopped: 0.0047640 seconds, Stopping threads took: 0.0000202 seconds
320.536: [GC (Allocation Failure)  908552K->589064K(1033728K), 0.0047139 secs]
320.541: Total time for which application threads were stopped: 0.0049075 seconds, Stopping threads took: 0.0000203 seconds
320.608: [GC (Allocation Failure)  908552K->589128K(1033728K), 0.0047874 secs]
320.613: Total time for which application threads were stopped: 0.0049463 seconds, Stopping threads took: 0.0000191 seconds
320.679: [GC (Allocation Failure)  908616K->597098K(1027072K), 0.0047505 secs]
320.684: Total time for which application threads were stopped: 0.0049078 seconds, Stopping threads took: 0.0000191 seconds
320.749: [GC (Allocation Failure)  916586K->593160K(1034240K), 0.0039040 secs]
320.753: Total time for which application threads were stopped: 0.0041153 seconds, Stopping threads took: 0.0000210 seconds
320.821: [GC (Allocation Failure)  912648K->597258K(1033216K), 0.0047558 secs]
320.826: Total time for which application threads were stopped: 0.0049381 seconds, Stopping threads took: 0.0000250 seconds
320.893: [GC (Allocation Failure)  916746K->601226K(1034752K), 0.0048164 secs]
320.898: Total time for which application threads were stopped: 0.0049982 seconds, Stopping threads took: 0.0000218 seconds
320.967: [GC (Allocation Failure)  922762K->594472K(1034752K), 0.0022845 secs]
320.969: Total time for which application threads were stopped: 0.0024434 seconds, Stopping threads took: 0.0000218 seconds
321.036: [GC (Allocation Failure)  916008K->601298K(1034752K), 0.0048564 secs]
321.041: Total time for which application threads were stopped: 0.0050393 seconds, Stopping threads took: 0.0000200 seconds
321.107: [GC (Allocation Failure)  922834K->605410K(1034752K), 0.0058279 secs]
321.113: Total time for which application threads were stopped: 0.0059989 seconds, Stopping threads took: 0.0000204 seconds
321.179: [GC (Allocation Failure)  926946K->599808K(1034752K), 0.0027915 secs]
321.182: Total time for which application threads were stopped: 0.0029859 seconds, Stopping threads took: 0.0000199 seconds
321.249: [GC (Allocation Failure)  921344K->605642K(1034752K), 0.0068065 secs]
321.256: Total time for which application threads were stopped: 0.0069717 seconds, Stopping threads took: 0.0000202 seconds
321.323: [GC (Allocation Failure)  927178K->609506K(1034752K), 0.0065388 secs]
321.330: Total time for which application threads were stopped: 0.0067256 seconds, Stopping threads took: 0.0000202 seconds
321.397: [GC (Allocation Failure)  931995K->605600K(1035264K), 0.0051359 secs]
321.402: Total time for which application threads were stopped: 0.0053160 seconds, Stopping threads took: 0.0000218 seconds
321.470: [GC (Allocation Failure)  928160K->609674K(1036288K), 0.0049481 secs]
321.475: Total time for which application threads were stopped: 0.0051372 seconds, Stopping threads took: 0.0000224 seconds
321.543: [GC (Allocation Failure)  933770K->613674K(1035776K), 0.0048053 secs]
321.548: Total time for which application threads were stopped: 0.0049965 seconds, Stopping threads took: 0.0000205 seconds
321.618: [GC (Allocation Failure)  937770K->613642K(1035776K), 0.0047782 secs]
321.623: Total time for which application threads were stopped: 0.0049784 seconds, Stopping threads took: 0.0000194 seconds
321.690: [GC (Allocation Failure)  937226K->613706K(1023488K), 0.0048833 secs]
321.695: Total time for which application threads were stopped: 0.0050579 seconds, Stopping threads took: 0.0000192 seconds
321.761: [GC (Allocation Failure)  937290K->621677K(1035264K), 0.0057602 secs]
321.767: Total time for which application threads were stopped: 0.0059680 seconds, Stopping threads took: 0.0000196 seconds
321.835: [GC (Allocation Failure)  944237K->621677K(1030144K), 0.0046103 secs]
321.840: Total time for which application threads were stopped: 0.0047804 seconds, Stopping threads took: 0.0000277 seconds
321.907: [GC (Allocation Failure)  944237K->621733K(1034752K), 0.0048336 secs]
321.912: Total time for which application threads were stopped: 0.0050041 seconds, Stopping threads took: 0.0000194 seconds
321.981: [GC (Allocation Failure)  943269K->629735K(1029120K), 0.0049030 secs]
321.986: Total time for which application threads were stopped: 0.0050682 seconds, Stopping threads took: 0.0000202 seconds
322.054: [GC (Allocation Failure)  951271K->629703K(1034240K), 0.0047260 secs]
322.058: Total time for which application threads were stopped: 0.0048826 seconds, Stopping threads took: 0.0000193 seconds
322.127: [GC (Allocation Failure)  950215K->629959K(1034240K), 0.0046946 secs]
322.132: Total time for which application threads were stopped: 0.0048484 seconds, Stopping threads took: 0.0000172 seconds
322.200: [GC (Allocation Failure)  950471K->637769K(1034240K), 0.0048279 secs]
322.205: Total time for which application threads were stopped: 0.0049932 seconds, Stopping threads took: 0.0000196 seconds
322.273: [GC (Allocation Failure)  958281K->637769K(1034240K), 0.0049374 secs]
322.278: Total time for which application threads were stopped: 0.0051312 seconds, Stopping threads took: 0.0000198 seconds
322.346: [GC (Allocation Failure)  958281K->638185K(1033216K), 0.0049219 secs]
322.351: Total time for which application threads were stopped: 0.0050890 seconds, Stopping threads took: 0.0000261 seconds
322.419: [GC (Allocation Failure)  957673K->645771K(1033728K), 0.0048707 secs]
322.424: Total time for which application threads were stopped: 0.0050650 seconds, Stopping threads took: 0.0000198 seconds
322.492: [GC (Allocation Failure)  965259K->645803K(1033728K), 0.0048597 secs]
322.497: Total time for which application threads were stopped: 0.0050524 seconds, Stopping threads took: 0.0000192 seconds
322.563: [GC (Allocation Failure)  965291K->645931K(1033728K), 0.0047384 secs]
322.568: Total time for which application threads were stopped: 0.0049322 seconds, Stopping threads took: 0.0000201 seconds
322.637: [GC (Allocation Failure)  965419K->653838K(1033728K), 0.0048696 secs]
322.642: Total time for which application threads were stopped: 0.0050351 seconds, Stopping threads took: 0.0000171 seconds
322.710: [GC (Allocation Failure)  973326K->653806K(1033728K), 0.0050613 secs]
322.715: Total time for which application threads were stopped: 0.0052452 seconds, Stopping threads took: 0.0000280 seconds
322.784: [GC (Allocation Failure)  973294K->653870K(1033728K), 0.0048970 secs]
322.789: Total time for which application threads were stopped: 0.0050634 seconds, Stopping threads took: 0.0000202 seconds
322.857: [GC (Allocation Failure)  973358K->661872K(1027072K), 0.0050734 secs]
322.862: Total time for which application threads were stopped: 0.0052474 seconds, Stopping threads took: 0.0000280 seconds
322.928: [GC (Allocation Failure)  981360K->657934K(1034240K), 0.0040397 secs]
322.932: Total time for which application threads were stopped: 0.0042199 seconds, Stopping threads took: 0.0000200 seconds
323.001: [GC (Allocation Failure)  977422K->662000K(1033216K), 0.0049665 secs]
323.006: Total time for which application threads were stopped: 0.0051417 seconds, Stopping threads took: 0.0000198 seconds
323.073: [GC (Allocation Failure)  981488K->665968K(1034752K), 0.0049712 secs]
323.078: Total time for which application threads were stopped: 0.0051360 seconds, Stopping threads took: 0.0000192 seconds
323.144: [GC (Allocation Failure)  987504K->659150K(1034752K), 0.0024791 secs]
323.147: Total time for which application threads were stopped: 0.0026286 seconds, Stopping threads took: 0.0000204 seconds
323.213: [GC (Allocation Failure)  980686K->666032K(1034752K), 0.0048249 secs]
323.218: Total time for which application threads were stopped: 0.0050190 seconds, Stopping threads took: 0.0000195 seconds
323.285: [GC (Allocation Failure)  987568K->670112K(1034752K), 0.0058997 secs]
323.291: Total time for which application threads were stopped: 0.0060501 seconds, Stopping threads took: 0.0000172 seconds
323.356: [GC (Allocation Failure)  991648K->664606K(1034752K), 0.0030165 secs]
323.359: Total time for which application threads were stopped: 0.0031760 seconds, Stopping threads took: 0.0000196 seconds
323.426: [GC (Allocation Failure)  986142K->670352K(1034752K), 0.0047960 secs]
323.431: Total time for which application threads were stopped: 0.0049587 seconds, Stopping threads took: 0.0000197 seconds
323.500: [GC (Allocation Failure)  991888K->674256K(1034752K), 0.0052464 secs]
323.505: Total time for which application threads were stopped: 0.0054222 seconds, Stopping threads took: 0.0000202 seconds
323.573: [GC (Allocation Failure)  996744K->670350K(1035264K), 0.0038194 secs]
323.577: Total time for which application threads were stopped: 0.0039878 seconds, Stopping threads took: 0.0000195 seconds
323.647: [GC (Allocation Failure)  992910K->674408K(1036288K), 0.0050181 secs]
323.652: Total time for which application threads were stopped: 0.0051960 seconds, Stopping threads took: 0.0000197 seconds
323.719: [GC (Allocation Failure)  998504K->678376K(1035776K), 0.0050437 secs]
323.724: Total time for which application threads were stopped: 0.0052111 seconds, Stopping threads took: 0.0000201 seconds
323.794: [GC (Allocation Failure)  1002472K->678376K(1035776K), 0.0050063 secs]
323.799: Total time for which application threads were stopped: 0.0051666 seconds, Stopping threads took: 0.0000195 seconds
323.866: [GC (Allocation Failure)  1001960K->678440K(1023488K), 0.0048988 secs]
323.871: Total time for which application threads were stopped: 0.0050513 seconds, Stopping threads took: 0.0000177 seconds
323.937: [GC (Allocation Failure)  1002024K->686410K(1035264K), 0.0051882 secs]
323.943: Total time for which application threads were stopped: 0.0053572 seconds, Stopping threads took: 0.0000197 seconds
324.010: [GC (Allocation Failure)  1008970K->686378K(1030144K), 0.0048318 secs]
324.015: Total time for which application threads were stopped: 0.0050019 seconds, Stopping threads took: 0.0000194 seconds
324.082: [GC (Allocation Failure)  1008938K->686474K(1034752K), 0.0049746 secs]
324.087: Total time for which application threads were stopped: 0.0051704 seconds, Stopping threads took: 0.0000202 seconds
324.156: [GC (Allocation Failure)  1008010K->694477K(1034752K), 0.0050625 secs]
324.161: Total time for which application threads were stopped: 0.0052321 seconds, Stopping threads took: 0.0000264 seconds
324.229: [GC (Allocation Failure)  1016013K->694445K(1033728K), 0.0046638 secs]
324.234: Total time for which application threads were stopped: 0.0048286 seconds, Stopping threads took: 0.0000204 seconds
324.301: [GC (Allocation Failure)  1014957K->694701K(1034240K), 0.0050443 secs]
324.307: [Full GC (Ergonomics)  694701K->8704K(1034240K), 0.0125693 secs]
324.319: Total time for which application threads were stopped: 0.0178977 seconds, Stopping threads took: 0.0000265 seconds
324.387: [GC (Allocation Failure)  329216K->17602K(1033216K), 0.0037934 secs]
324.391: Total time for which application threads were stopped: 0.0039516 seconds, Stopping threads took: 0.0000180 seconds
324.458: [GC (Allocation Failure)  337090K->17618K(1033728K), 0.0037180 secs]
324.462: Total time for which application threads were stopped: 0.0038868 seconds, Stopping threads took: 0.0000196 seconds
324.526: [GC (Allocation Failure)  337106K->18066K(1033728K), 0.0039062 secs]
324.530: Total time for which application threads were stopped: 0.0040757 seconds, Stopping threads took: 0.0000195 seconds
324.596: [GC (Allocation Failure)  337554K->25653K(1033728K), 0.0064471 secs]
324.602: Total time for which application threads were stopped: 0.0066044 seconds, Stopping threads took: 0.0000219 seconds
324.673: [GC (Allocation Failure)  345141K->25653K(1033728K), 0.0036917 secs]
324.677: Total time for which application threads were stopped: 0.0038595 seconds, Stopping threads took: 0.0000278 seconds
324.741: [GC (Allocation Failure)  345141K->25773K(1033728K), 0.0037344 secs]
324.745: Total time for which application threads were stopped: 0.0039031 seconds, Stopping threads took: 0.0000213 seconds
324.814: [GC (Allocation Failure)  345261K->33679K(1032704K), 0.0036457 secs]
324.818: Total time for which application threads were stopped: 0.0038129 seconds, Stopping threads took: 0.0000264 seconds
324.883: [GC (Allocation Failure)  352141K->29773K(1033216K), 0.0026379 secs]
324.885: Total time for which application threads were stopped: 0.0027937 seconds, Stopping threads took: 0.0000201 seconds
324.954: [GC (Allocation Failure)  348237K->33831K(1034752K), 0.0040118 secs]
324.958: Total time for which application threads were stopped: 0.0041842 seconds, Stopping threads took: 0.0000192 seconds
325.025: [GC (Allocation Failure)  354855K->37799K(1034240K), 0.0035006 secs]
325.029: Total time for which application threads were stopped: 0.0036608 seconds, Stopping threads took: 0.0000195 seconds
