Java HotSpot(TM) 64-Bit Server VM (25.171-b11) for linux-amd64 JRE (1.8.0_171-b11), built on Mar 28 2018 17:07:08 by "java_re" with gcc 4.3.0 20080428 (Red Hat 4.3.0-8)
Memory: 4k page, physical 32883000k(29291380k free), swap 8000508k(8000508k free)
CommandLine flags: -XX:InitialHeapSize=1073741824 -XX:MaxHeapSize=1073741824 -XX:+PrintGC -XX:+PrintGCApplicationStoppedTime -XX:+PrintGCTimeStamps -XX:+UseCompressedClassPointers -XX:+UseCompressedOops -XX:+UseParallelGC 
0.287: [GC (Allocation Failure)  262144K->10380K(1005056K), 0.0053933 secs]
0.292: Total time for which application threads were stopped: 0.0055852 seconds, Stopping threads took: 0.0000169 seconds
0.356: [GC (Allocation Failure)  272524K->8658K(1005056K), 0.0035593 secs]
0.360: Total time for which application threads were stopped: 0.0037303 seconds, Stopping threads took: 0.0000287 seconds
0.415: [GC (Allocation Failure)  270802K->8594K(1005056K), 0.0029235 secs]
0.418: Total time for which application threads were stopped: 0.0030943 seconds, Stopping threads took: 0.0000196 seconds
0.474: [GC (Allocation Failure)  270738K->8594K(1005056K), 0.0037102 secs]
0.478: Total time for which application threads were stopped: 0.0038781 seconds, Stopping threads took: 0.0000328 seconds
0.533: [GC (Allocation Failure)  270738K->8745K(1005056K), 0.0032239 secs]
0.536: Total time for which application threads were stopped: 0.0033915 seconds, Stopping threads took: 0.0000200 seconds
0.593: [GC (Allocation Failure)  270889K->8610K(1038336K), 0.0052009 secs]
0.599: Total time for which application threads were stopped: 0.0053866 seconds, Stopping threads took: 0.0000194 seconds
0.676: [GC (Allocation Failure)  336802K->8584K(1037824K), 0.0039155 secs]
0.680: Total time for which application threads were stopped: 0.0040803 seconds, Stopping threads took: 0.0000192 seconds
0.749: [GC (Allocation Failure)  336776K->8648K(1038336K), 0.0038360 secs]
0.753: Total time for which application threads were stopped: 0.0040175 seconds, Stopping threads took: 0.0000292 seconds
0.822: [GC (Allocation Failure)  337352K->8584K(1038336K), 0.0036824 secs]
0.826: Total time for which application threads were stopped: 0.0038618 seconds, Stopping threads took: 0.0000210 seconds
0.892: [GC (Allocation Failure)  337288K->10312K(1037312K), 0.0033124 secs]
0.896: Total time for which application threads were stopped: 0.0034744 seconds, Stopping threads took: 0.0000211 seconds
0.965: [GC (Allocation Failure)  337992K->8584K(1037824K), 0.0034689 secs]
0.969: Total time for which application threads were stopped: 0.0036394 seconds, Stopping threads took: 0.0000220 seconds
1.036: [GC (Allocation Failure)  336264K->8584K(1037824K), 0.0042173 secs]
1.040: Total time for which application threads were stopped: 0.0043961 seconds, Stopping threads took: 0.0000203 seconds
1.108: [GC (Allocation Failure)  336264K->9544K(1028096K), 0.0044379 secs]
1.113: Total time for which application threads were stopped: 0.0046074 seconds, Stopping threads took: 0.0000208 seconds
1.182: [GC (Allocation Failure)  337224K->16810K(1037312K), 0.0037668 secs]
1.186: Total time for which application threads were stopped: 0.0039308 seconds, Stopping threads took: 0.0000263 seconds
1.255: [GC (Allocation Failure)  342954K->16618K(1036800K), 0.0036917 secs]
1.258: Total time for which application threads were stopped: 0.0038681 seconds, Stopping threads took: 0.0000198 seconds
1.327: [GC (Allocation Failure)  342762K->21960K(1034240K), 0.0064385 secs]
1.333: Total time for which application threads were stopped: 0.0066074 seconds, Stopping threads took: 0.0000201 seconds
1.402: [GC (Allocation Failure)  345544K->18922K(1035776K), 0.0037065 secs]
1.405: Total time for which application threads were stopped: 0.0038698 seconds, Stopping threads took: 0.0000206 seconds
1.473: [GC (Allocation Failure)  342506K->18762K(1036288K), 0.0039154 secs]
1.477: Total time for which application threads were stopped: 0.0041017 seconds, Stopping threads took: 0.0000193 seconds
1.545: [GC (Allocation Failure)  342855K->14824K(1035776K), 0.0023196 secs]
1.547: Total time for which application threads were stopped: 0.0025338 seconds, Stopping threads took: 0.0000193 seconds
1.619: [GC (Allocation Failure)  338920K->18922K(1035776K), 0.0039160 secs]
1.623: Total time for which application threads were stopped: 0.0040927 seconds, Stopping threads took: 0.0000287 seconds
1.691: [GC (Allocation Failure)  342506K->22890K(1035776K), 0.0036155 secs]
1.695: Total time for which application threads were stopped: 0.0037818 seconds, Stopping threads took: 0.0000282 seconds
1.762: [GC (Allocation Failure)  346474K->22890K(1036288K), 0.0035480 secs]
1.766: Total time for which application threads were stopped: 0.0037277 seconds, Stopping threads took: 0.0000290 seconds
1.834: [GC (Allocation Failure)  347498K->23242K(1024512K), 0.0048242 secs]
1.839: Total time for which application threads were stopped: 0.0049926 seconds, Stopping threads took: 0.0000199 seconds
1.907: [GC (Allocation Failure)  347850K->30924K(1035776K), 0.0035918 secs]
1.911: Total time for which application threads were stopped: 0.0037501 seconds, Stopping threads took: 0.0000193 seconds
1.982: [GC (Allocation Failure)  354508K->30924K(1035776K), 0.0036353 secs]
1.985: Total time for which application threads were stopped: 0.0037922 seconds, Stopping threads took: 0.0000192 seconds
2.052: [GC (Allocation Failure)  354508K->31460K(1034752K), 0.0045517 secs]
2.057: Total time for which application threads were stopped: 0.0047384 seconds, Stopping threads took: 0.0000394 seconds
2.125: [GC (Allocation Failure)  354020K->38950K(1035264K), 0.0035638 secs]
2.128: Total time for which application threads were stopped: 0.0037358 seconds, Stopping threads took: 0.0000204 seconds
2.196: [GC (Allocation Failure)  361510K->38982K(1035264K), 0.0037338 secs]
2.200: Total time for which application threads were stopped: 0.0039186 seconds, Stopping threads took: 0.0000279 seconds
2.267: [GC (Allocation Failure)  361542K->39206K(1022464K), 0.0045826 secs]
2.272: Total time for which application threads were stopped: 0.0047647 seconds, Stopping threads took: 0.0000194 seconds
2.342: [GC (Allocation Failure)  361766K->47017K(1034752K), 0.0037433 secs]
2.346: Total time for which application threads were stopped: 0.0038919 seconds, Stopping threads took: 0.0000164 seconds
2.415: [GC (Allocation Failure)  368553K->46985K(1034752K), 0.0037922 secs]
2.419: Total time for which application threads were stopped: 0.0039535 seconds, Stopping threads took: 0.0000199 seconds
2.485: [GC (Allocation Failure)  368521K->47049K(1034240K), 0.0045721 secs]
2.490: Total time for which application threads were stopped: 0.0047388 seconds, Stopping threads took: 0.0000195 seconds
2.558: [GC (Allocation Failure)  368585K->55019K(1034752K), 0.0039682 secs]
2.562: Total time for which application threads were stopped: 0.0041262 seconds, Stopping threads took: 0.0000197 seconds
2.632: [GC (Allocation Failure)  376555K->55019K(1034752K), 0.0038036 secs]
2.635: Total time for which application threads were stopped: 0.0039737 seconds, Stopping threads took: 0.0000261 seconds
2.701: [GC (Allocation Failure)  376555K->55179K(1021440K), 0.0046004 secs]
2.705: Total time for which application threads were stopped: 0.0047796 seconds, Stopping threads took: 0.0000203 seconds
2.774: [GC (Allocation Failure)  376715K->63085K(1034240K), 0.0040122 secs]
2.778: Total time for which application threads were stopped: 0.0041859 seconds, Stopping threads took: 0.0000189 seconds
2.845: [GC (Allocation Failure)  383597K->63053K(1034240K), 0.0039617 secs]
2.849: Total time for which application threads were stopped: 0.0041287 seconds, Stopping threads took: 0.0000199 seconds
2.915: [GC (Allocation Failure)  383565K->63405K(1034240K), 0.0049606 secs]
2.920: Total time for which application threads were stopped: 0.0051332 seconds, Stopping threads took: 0.0000206 seconds
2.988: [GC (Allocation Failure)  383917K->71087K(1034240K), 0.0039324 secs]
2.992: Total time for which application threads were stopped: 0.0040884 seconds, Stopping threads took: 0.0000204 seconds
3.062: [GC (Allocation Failure)  391599K->71087K(1034240K), 0.0037410 secs]
3.066: Total time for which application threads were stopped: 0.0039037 seconds, Stopping threads took: 0.0000254 seconds
3.134: [GC (Allocation Failure)  391599K->71631K(1020928K), 0.0045653 secs]
3.139: Total time for which application threads were stopped: 0.0047272 seconds, Stopping threads took: 0.0000248 seconds
3.206: [GC (Allocation Failure)  392143K->79154K(1033728K), 0.0039132 secs]
3.210: Total time for which application threads were stopped: 0.0040720 seconds, Stopping threads took: 0.0000254 seconds
3.276: [GC (Allocation Failure)  398642K->79122K(1033728K), 0.0038828 secs]
3.280: Total time for which application threads were stopped: 0.0040409 seconds, Stopping threads took: 0.0000194 seconds
3.347: [GC (Allocation Failure)  398610K->79370K(1033728K), 0.0046663 secs]
3.352: Total time for which application threads were stopped: 0.0048415 seconds, Stopping threads took: 0.0000193 seconds
3.419: [GC (Allocation Failure)  398858K->87148K(1033728K), 0.0036527 secs]
3.422: Total time for which application threads were stopped: 0.0038063 seconds, Stopping threads took: 0.0000188 seconds
3.490: [GC (Allocation Failure)  406636K->87148K(1033728K), 0.0038890 secs]
3.494: Total time for which application threads were stopped: 0.0040489 seconds, Stopping threads took: 0.0000186 seconds
3.559: [GC (Allocation Failure)  406636K->87308K(1033728K), 0.0045956 secs]
3.564: Total time for which application threads were stopped: 0.0047599 seconds, Stopping threads took: 0.0000190 seconds
3.632: [GC (Allocation Failure)  406796K->95182K(1033728K), 0.0038108 secs]
3.635: Total time for which application threads were stopped: 0.0039907 seconds, Stopping threads took: 0.0000256 seconds
3.704: [GC (Allocation Failure)  414670K->95182K(1033728K), 0.0042020 secs]
3.708: Total time for which application threads were stopped: 0.0043671 seconds, Stopping threads took: 0.0000193 seconds
3.773: [GC (Allocation Failure)  414670K->95302K(1032704K), 0.0046481 secs]
3.778: Total time for which application threads were stopped: 0.0048171 seconds, Stopping threads took: 0.0000202 seconds
3.845: [GC (Allocation Failure)  413766K->103209K(1033216K), 0.0037524 secs]
3.849: Total time for which application threads were stopped: 0.0039225 seconds, Stopping threads took: 0.0000205 seconds
3.918: [GC (Allocation Failure)  421673K->103209K(1033216K), 0.0036678 secs]
3.922: Total time for which application threads were stopped: 0.0038348 seconds, Stopping threads took: 0.0000267 seconds
3.987: [GC (Allocation Failure)  421673K->103273K(1033216K), 0.0046626 secs]
3.992: Total time for which application threads were stopped: 0.0048299 seconds, Stopping threads took: 0.0000196 seconds
4.056: Total time for which application threads were stopped: 0.0001436 seconds, Stopping threads took: 0.0000584 seconds
4.060: [GC (Allocation Failure)  421737K->111243K(1033216K), 0.0038725 secs]
4.064: Total time for which application threads were stopped: 0.0040495 seconds, Stopping threads took: 0.0000204 seconds
4.129: [GC (Allocation Failure)  429707K->105129K(1033216K), 0.0015374 secs]
4.131: Total time for which application threads were stopped: 0.0016704 seconds, Stopping threads took: 0.0000192 seconds
4.198: [GC (Allocation Failure)  423593K->111451K(1034240K), 0.0040269 secs]
4.202: Total time for which application threads were stopped: 0.0041906 seconds, Stopping threads took: 0.0000278 seconds
4.270: [GC (Allocation Failure)  431451K->115427K(1033728K), 0.0044985 secs]
4.275: Total time for which application threads were stopped: 0.0046600 seconds, Stopping threads took: 0.0000195 seconds
4.340: [GC (Allocation Failure)  435427K->120801K(1030144K), 0.0060880 secs]
4.346: Total time for which application threads were stopped: 0.0062379 seconds, Stopping threads took: 0.0000187 seconds
4.413: [GC (Allocation Failure)  437217K->115523K(1032192K), 0.0037918 secs]
4.416: Total time for which application threads were stopped: 0.0039539 seconds, Stopping threads took: 0.0000186 seconds
4.481: [GC (Allocation Failure)  431939K->115395K(1032704K), 0.0038378 secs]
4.485: Total time for which application threads were stopped: 0.0040042 seconds, Stopping threads took: 0.0000191 seconds
4.551: [GC (Allocation Failure)  432323K->119275K(1032192K), 0.0051337 secs]
4.556: Total time for which application threads were stopped: 0.0052936 seconds, Stopping threads took: 0.0000197 seconds
4.624: [GC (Allocation Failure)  436203K->123533K(1033216K), 0.0039192 secs]
4.628: Total time for which application threads were stopped: 0.0040658 seconds, Stopping threads took: 0.0000170 seconds
4.694: [GC (Allocation Failure)  441997K->123437K(1033216K), 0.0038738 secs]
4.698: Total time for which application threads were stopped: 0.0040418 seconds, Stopping threads took: 0.0000195 seconds
4.762: [GC (Allocation Failure)  441901K->125997K(1033728K), 0.0048047 secs]
4.767: Total time for which application threads were stopped: 0.0049790 seconds, Stopping threads took: 0.0000197 seconds
4.837: [GC (Allocation Failure)  445485K->131535K(1033728K), 0.0039478 secs]
4.841: Total time for which application threads were stopped: 0.0041154 seconds, Stopping threads took: 0.0000202 seconds
4.909: [GC (Allocation Failure)  451023K->131439K(1034240K), 0.0040039 secs]
4.913: Total time for which application threads were stopped: 0.0041594 seconds, Stopping threads took: 0.0000193 seconds
4.982: [GC (Allocation Failure)  451439K->133743K(1033728K), 0.0046327 secs]
4.987: Total time for which application threads were stopped: 0.0048238 seconds, Stopping threads took: 0.0000295 seconds
5.055: [GC (Allocation Failure)  453743K->139506K(1034240K), 0.0039541 secs]
5.059: Total time for which application threads were stopped: 0.0041131 seconds, Stopping threads took: 0.0000205 seconds
5.127: [GC (Allocation Failure)  460018K->139506K(1034240K), 0.0039758 secs]
5.131: Total time for which application threads were stopped: 0.0041417 seconds, Stopping threads took: 0.0000196 seconds
5.198: [GC (Allocation Failure)  460018K->143498K(1034752K), 0.0050496 secs]
5.203: Total time for which application threads were stopped: 0.0052160 seconds, Stopping threads took: 0.0000263 seconds
5.271: [GC (Allocation Failure)  464522K->147596K(1034240K), 0.0038837 secs]
5.275: Total time for which application threads were stopped: 0.0040438 seconds, Stopping threads took: 0.0000201 seconds
5.344: [GC (Allocation Failure)  468620K->147564K(1034752K), 0.0039215 secs]
5.348: Total time for which application threads were stopped: 0.0040820 seconds, Stopping threads took: 0.0000195 seconds
5.415: [GC (Allocation Failure)  469100K->147596K(1021440K), 0.0047523 secs]
5.420: Total time for which application threads were stopped: 0.0049518 seconds, Stopping threads took: 0.0000218 seconds
5.490: [GC (Allocation Failure)  469132K->155598K(1034240K), 0.0038900 secs]
5.494: Total time for which application threads were stopped: 0.0040700 seconds, Stopping threads took: 0.0000168 seconds
5.563: [GC (Allocation Failure)  476110K->155566K(1034240K), 0.0038926 secs]
5.567: Total time for which application threads were stopped: 0.0040806 seconds, Stopping threads took: 0.0000189 seconds
5.637: [GC (Allocation Failure)  476078K->158958K(1034752K), 0.0048432 secs]
5.642: Total time for which application threads were stopped: 0.0049991 seconds, Stopping threads took: 0.0000163 seconds
5.710: [GC (Allocation Failure)  480494K->163696K(1034752K), 0.0039561 secs]
5.714: Total time for which application threads were stopped: 0.0041239 seconds, Stopping threads took: 0.0000256 seconds
5.781: [GC (Allocation Failure)  485232K->163600K(1034752K), 0.0039734 secs]
5.785: Total time for which application threads were stopped: 0.0041399 seconds, Stopping threads took: 0.0000193 seconds
5.852: [GC (Allocation Failure)  485136K->164104K(1034752K), 0.0046749 secs]
5.857: Total time for which application threads were stopped: 0.0048436 seconds, Stopping threads took: 0.0000203 seconds
5.925: [GC (Allocation Failure)  485640K->171659K(1033728K), 0.0040586 secs]
5.930: Total time for which application threads were stopped: 0.0042289 seconds, Stopping threads took: 0.0000203 seconds
5.997: [GC (Allocation Failure)  492171K->171595K(1034240K), 0.0038709 secs]
6.001: Total time for which application threads were stopped: 0.0040320 seconds, Stopping threads took: 0.0000202 seconds
6.068: [GC (Allocation Failure)  492107K->175371K(1034752K), 0.0050674 secs]
6.073: Total time for which application threads were stopped: 0.0052407 seconds, Stopping threads took: 0.0000205 seconds
6.143: [GC (Allocation Failure)  496907K->179693K(1034752K), 0.0040179 secs]
6.147: Total time for which application threads were stopped: 0.0041767 seconds, Stopping threads took: 0.0000189 seconds
6.215: [GC (Allocation Failure)  501229K->179629K(1034752K), 0.0102773 secs]
6.225: Total time for which application threads were stopped: 0.0104388 seconds, Stopping threads took: 0.0000249 seconds
6.291: [GC (Allocation Failure)  501165K->180581K(1034752K), 0.0049174 secs]
6.296: Total time for which application threads were stopped: 0.0050709 seconds, Stopping threads took: 0.0000194 seconds
6.365: [GC (Allocation Failure)  502117K->187751K(1034752K), 0.0040388 secs]
6.369: Total time for which application threads were stopped: 0.0042289 seconds, Stopping threads took: 0.0000193 seconds
6.438: [GC (Allocation Failure)  509287K->187719K(1034752K), 0.0039767 secs]
6.442: Total time for which application threads were stopped: 0.0041652 seconds, Stopping threads took: 0.0000192 seconds
6.509: [GC (Allocation Failure)  509255K->189831K(1034752K), 0.0048087 secs]
6.514: Total time for which application threads were stopped: 0.0049557 seconds, Stopping threads took: 0.0000164 seconds
6.582: [GC (Allocation Failure)  511367K->195817K(1034752K), 0.0073309 secs]
6.590: Total time for which application threads were stopped: 0.0074878 seconds, Stopping threads took: 0.0000198 seconds
6.657: [GC (Allocation Failure)  517353K->195721K(1034752K), 0.0040165 secs]
6.662: Total time for which application threads were stopped: 0.0042295 seconds, Stopping threads took: 0.0000262 seconds
6.728: [GC (Allocation Failure)  517257K->199049K(1034752K), 0.0051549 secs]
6.733: Total time for which application threads were stopped: 0.0053186 seconds, Stopping threads took: 0.0000196 seconds
6.801: [GC (Allocation Failure)  520585K->203820K(1034752K), 0.0040709 secs]
6.805: Total time for which application threads were stopped: 0.0042546 seconds, Stopping threads took: 0.0000345 seconds
6.871: [GC (Allocation Failure)  525356K->203788K(1034752K), 0.0039238 secs]
6.875: Total time for which application threads were stopped: 0.0040822 seconds, Stopping threads took: 0.0000195 seconds
6.940: [GC (Allocation Failure)  525324K->204204K(1034752K), 0.0048622 secs]
6.945: Total time for which application threads were stopped: 0.0050538 seconds, Stopping threads took: 0.0000199 seconds
7.014: [GC (Allocation Failure)  525740K->211790K(1034752K), 0.0039842 secs]
7.018: Total time for which application threads were stopped: 0.0041720 seconds, Stopping threads took: 0.0000196 seconds
7.088: [GC (Allocation Failure)  533326K->211790K(1034752K), 0.0038435 secs]
7.092: Total time for which application threads were stopped: 0.0040172 seconds, Stopping threads took: 0.0000253 seconds
7.158: [GC (Allocation Failure)  533326K->213486K(1034752K), 0.0049585 secs]
7.163: Total time for which application threads were stopped: 0.0051423 seconds, Stopping threads took: 0.0000260 seconds
7.232: [GC (Allocation Failure)  535022K->219856K(1033728K), 0.0040841 secs]
7.237: Total time for which application threads were stopped: 0.0042510 seconds, Stopping threads took: 0.0000190 seconds
7.304: [GC (Allocation Failure)  540368K->219824K(1034240K), 0.0039250 secs]
7.308: Total time for which application threads were stopped: 0.0040969 seconds, Stopping threads took: 0.0000187 seconds
7.376: [GC (Allocation Failure)  540336K->220712K(1033728K), 0.0047789 secs]
7.381: Total time for which application threads were stopped: 0.0049739 seconds, Stopping threads took: 0.0000196 seconds
7.450: [GC (Allocation Failure)  541224K->227883K(1034240K), 0.0042490 secs]
7.455: Total time for which application threads were stopped: 0.0044534 seconds, Stopping threads took: 0.0000173 seconds
7.524: [GC (Allocation Failure)  548395K->227883K(1034240K), 0.0041106 secs]
7.529: Total time for which application threads were stopped: 0.0042707 seconds, Stopping threads took: 0.0000194 seconds
7.596: [GC (Allocation Failure)  548395K->230987K(1034240K), 0.0063689 secs]
7.603: Total time for which application threads were stopped: 0.0065589 seconds, Stopping threads took: 0.0000248 seconds
7.672: [GC (Allocation Failure)  551499K->235981K(1034752K), 0.0039020 secs]
7.676: Total time for which application threads were stopped: 0.0040594 seconds, Stopping threads took: 0.0000265 seconds
7.744: [GC (Allocation Failure)  557517K->235917K(1034752K), 0.0041408 secs]
7.748: Total time for which application threads were stopped: 0.0043004 seconds, Stopping threads took: 0.0000195 seconds
7.814: [GC (Allocation Failure)  557453K->239245K(1034752K), 0.0050651 secs]
7.819: Total time for which application threads were stopped: 0.0052579 seconds, Stopping threads took: 0.0000197 seconds
7.885: [GC (Allocation Failure)  560781K->243983K(1034752K), 0.0039914 secs]
7.889: Total time for which application threads were stopped: 0.0041579 seconds, Stopping threads took: 0.0000201 seconds
7.955: [GC (Allocation Failure)  565519K->243951K(1034752K), 0.0041394 secs]
7.960: Total time for which application threads were stopped: 0.0042963 seconds, Stopping threads took: 0.0000192 seconds
8.026: [GC (Allocation Failure)  565487K->244367K(1034752K), 0.0049909 secs]
8.031: Total time for which application threads were stopped: 0.0051505 seconds, Stopping threads took: 0.0000195 seconds
8.100: [GC (Allocation Failure)  565903K->251985K(1033728K), 0.0041599 secs]
8.104: Total time for which application threads were stopped: 0.0043348 seconds, Stopping threads took: 0.0000193 seconds
8.173: [GC (Allocation Failure)  572497K->251985K(1034240K), 0.0039115 secs]
8.177: Total time for which application threads were stopped: 0.0040774 seconds, Stopping threads took: 0.0000257 seconds
8.245: [GC (Allocation Failure)  572497K->255689K(1034752K), 0.0052615 secs]
8.250: Total time for which application threads were stopped: 0.0054336 seconds, Stopping threads took: 0.0000285 seconds
8.318: [GC (Allocation Failure)  576713K->260044K(1034240K), 0.0043548 secs]
8.322: Total time for which application threads were stopped: 0.0045116 seconds, Stopping threads took: 0.0000197 seconds
8.390: [GC (Allocation Failure)  581068K->259980K(1034752K), 0.0040396 secs]
8.394: Total time for which application threads were stopped: 0.0042307 seconds, Stopping threads took: 0.0000198 seconds
8.462: [GC (Allocation Failure)  581516K->263884K(1034752K), 0.0054160 secs]
8.468: Total time for which application threads were stopped: 0.0055723 seconds, Stopping threads took: 0.0000187 seconds
8.534: [GC (Allocation Failure)  585420K->268046K(1035264K), 0.0040858 secs]
8.538: Total time for which application threads were stopped: 0.0042567 seconds, Stopping threads took: 0.0000195 seconds
8.608: [GC (Allocation Failure)  590606K->268046K(1035264K), 0.0041259 secs]
8.612: Total time for which application threads were stopped: 0.0042950 seconds, Stopping threads took: 0.0000140 seconds
8.679: [GC (Allocation Failure)  590606K->271110K(1035264K), 0.0051651 secs]
8.684: Total time for which application threads were stopped: 0.0053589 seconds, Stopping threads took: 0.0000199 seconds
8.753: [GC (Allocation Failure)  593670K->276136K(1035264K), 0.0044065 secs]
8.757: Total time for which application threads were stopped: 0.0045702 seconds, Stopping threads took: 0.0000194 seconds
8.828: [GC (Allocation Failure)  598696K->276040K(1035264K), 0.0039840 secs]
8.832: Total time for which application threads were stopped: 0.0041517 seconds, Stopping threads took: 0.0000199 seconds
8.899: [GC (Allocation Failure)  598600K->279368K(1035264K), 0.0052458 secs]
8.904: Total time for which application threads were stopped: 0.0054135 seconds, Stopping threads took: 0.0000192 seconds
8.973: [GC (Allocation Failure)  601928K->284074K(1035264K), 0.0041407 secs]
8.977: Total time for which application threads were stopped: 0.0042998 seconds, Stopping threads took: 0.0000200 seconds
9.045: [GC (Allocation Failure)  606634K->284074K(1035264K), 0.0040657 secs]
9.050: Total time for which application threads were stopped: 0.0042441 seconds, Stopping threads took: 0.0000279 seconds
9.116: [GC (Allocation Failure)  606634K->287626K(1035264K), 0.0054425 secs]
9.122: Total time for which application threads were stopped: 0.0056075 seconds, Stopping threads took: 0.0000186 seconds
9.190: [GC (Allocation Failure)  610186K->292333K(1035264K), 0.0041738 secs]
9.194: Total time for which application threads were stopped: 0.0043384 seconds, Stopping threads took: 0.0000276 seconds
9.262: [GC (Allocation Failure)  614893K->292141K(1035264K), 0.0041148 secs]
9.266: Total time for which application threads were stopped: 0.0042796 seconds, Stopping threads took: 0.0000192 seconds
9.335: [GC (Allocation Failure)  614701K->287754K(1035264K), 0.0025587 secs]
9.338: Total time for which application threads were stopped: 0.0027553 seconds, Stopping threads took: 0.0000278 seconds
9.405: [GC (Allocation Failure)  610314K->292301K(1035776K), 0.0044007 secs]
9.409: Total time for which application threads were stopped: 0.0045608 seconds, Stopping threads took: 0.0000185 seconds
9.475: [GC (Allocation Failure)  615885K->292109K(1035776K), 0.0043316 secs]
9.480: Total time for which application threads were stopped: 0.0044986 seconds, Stopping threads took: 0.0000199 seconds
9.548: [GC (Allocation Failure)  615693K->294154K(1033728K), 0.0051657 secs]
9.553: Total time for which application threads were stopped: 0.0053274 seconds, Stopping threads took: 0.0000197 seconds
9.623: [GC (Allocation Failure)  615690K->292269K(1034752K), 0.0042077 secs]
9.627: Total time for which application threads were stopped: 0.0043668 seconds, Stopping threads took: 0.0000170 seconds
9.695: [GC (Allocation Failure)  613805K->292109K(1035264K), 0.0043078 secs]
9.699: Total time for which application threads were stopped: 0.0044842 seconds, Stopping threads took: 0.0000277 seconds
9.767: [GC (Allocation Failure)  614669K->296394K(1034752K), 0.0060581 secs]
9.773: Total time for which application threads were stopped: 0.0062187 seconds, Stopping threads took: 0.0000194 seconds
9.841: [GC (Allocation Failure)  618954K->292205K(1034752K), 0.0042616 secs]
9.846: Total time for which application threads were stopped: 0.0044301 seconds, Stopping threads took: 0.0000197 seconds
9.914: [GC (Allocation Failure)  613741K->292109K(1034752K), 0.0039683 secs]
9.918: Total time for which application threads were stopped: 0.0041378 seconds, Stopping threads took: 0.0000201 seconds
9.983: [GC (Allocation Failure)  613645K->298602K(1031168K), 0.0073538 secs]
9.991: Total time for which application threads were stopped: 0.0075240 seconds, Stopping threads took: 0.0000200 seconds
10.059: [GC (Allocation Failure)  617066K->293389K(1033216K), 0.0042243 secs]
10.063: Total time for which application threads were stopped: 0.0043897 seconds, Stopping threads took: 0.0000254 seconds
10.129: [GC (Allocation Failure)  611853K->293357K(1034240K), 0.0043524 secs]
10.133: Total time for which application threads were stopped: 0.0045154 seconds, Stopping threads took: 0.0000199 seconds
10.199: [GC (Allocation Failure)  613357K->293418K(1033728K), 0.0065711 secs]
10.206: Total time for which application threads were stopped: 0.0067456 seconds, Stopping threads took: 0.0000252 seconds
10.275: [GC (Allocation Failure)  613418K->293581K(1035264K), 0.0044018 secs]
10.280: Total time for which application threads were stopped: 0.0045559 seconds, Stopping threads took: 0.0000196 seconds
10.347: [GC (Allocation Failure)  615629K->293389K(1034752K), 0.0044339 secs]
10.352: Total time for which application threads were stopped: 0.0045966 seconds, Stopping threads took: 0.0000207 seconds
10.419: [GC (Allocation Failure)  615437K->294122K(1035776K), 0.0045563 secs]
10.424: Total time for which application threads were stopped: 0.0047665 seconds, Stopping threads took: 0.0000195 seconds
10.494: [GC (Allocation Failure)  617706K->293517K(1035776K), 0.0041828 secs]
10.498: Total time for which application threads were stopped: 0.0043546 seconds, Stopping threads took: 0.0000191 seconds
10.567: [GC (Allocation Failure)  617101K->293357K(1036800K), 0.0041803 secs]
10.571: Total time for which application threads were stopped: 0.0043404 seconds, Stopping threads took: 0.0000200 seconds
10.640: [GC (Allocation Failure)  618477K->286666K(1026048K), 0.0014554 secs]
10.641: Total time for which application threads were stopped: 0.0015731 seconds, Stopping threads took: 0.0000172 seconds
10.712: [GC (Allocation Failure)  611786K->293501K(1036288K), 0.0045007 secs]
10.717: Total time for which application threads were stopped: 0.0046670 seconds, Stopping threads took: 0.0000257 seconds
10.785: [GC (Allocation Failure)  617597K->297533K(1035776K), 0.0052181 secs]
10.790: Total time for which application threads were stopped: 0.0053899 seconds, Stopping threads took: 0.0000211 seconds
10.860: [GC (Allocation Failure)  621629K->297501K(1036800K), 0.0043642 secs]
10.864: Total time for which application threads were stopped: 0.0045471 seconds, Stopping threads took: 0.0000203 seconds
10.932: [GC (Allocation Failure)  622621K->297605K(1025024K), 0.0052134 secs]
10.938: Total time for which application threads were stopped: 0.0053835 seconds, Stopping threads took: 0.0000198 seconds
11.007: [GC (Allocation Failure)  622725K->305575K(1035776K), 0.0044032 secs]
11.011: Total time for which application threads were stopped: 0.0045725 seconds, Stopping threads took: 0.0000200 seconds
11.080: [GC (Allocation Failure)  629159K->305575K(1035776K), 0.0042441 secs]
11.084: Total time for which application threads were stopped: 0.0044275 seconds, Stopping threads took: 0.0000276 seconds
11.153: [GC (Allocation Failure)  629159K->305607K(1034240K), 0.0049492 secs]
11.158: Total time for which application threads were stopped: 0.0051080 seconds, Stopping threads took: 0.0000264 seconds
11.226: [GC (Allocation Failure)  628167K->313577K(1035264K), 0.0042332 secs]
11.230: Total time for which application threads were stopped: 0.0043942 seconds, Stopping threads took: 0.0000195 seconds
11.297: [GC (Allocation Failure)  636137K->313577K(1035264K), 0.0041165 secs]
11.301: Total time for which application threads were stopped: 0.0042839 seconds, Stopping threads took: 0.0000197 seconds
11.369: [GC (Allocation Failure)  636137K->313641K(1022464K), 0.0049692 secs]
11.374: Total time for which application threads were stopped: 0.0051623 seconds, Stopping threads took: 0.0000194 seconds
11.442: [GC (Allocation Failure)  636201K->321611K(1034752K), 0.0043787 secs]
11.447: Total time for which application threads were stopped: 0.0045355 seconds, Stopping threads took: 0.0000168 seconds
11.515: [GC (Allocation Failure)  643147K->321611K(1034752K), 0.0042116 secs]
11.519: Total time for which application threads were stopped: 0.0043791 seconds, Stopping threads took: 0.0000194 seconds
11.584: [GC (Allocation Failure)  643147K->321771K(1034240K), 0.0060360 secs]
11.591: Total time for which application threads were stopped: 0.0062095 seconds, Stopping threads took: 0.0000258 seconds
11.659: [GC (Allocation Failure)  643307K->329646K(1034752K), 0.0043035 secs]
11.664: Total time for which application threads were stopped: 0.0044642 seconds, Stopping threads took: 0.0000264 seconds
11.730: [GC (Allocation Failure)  651182K->329678K(1034752K), 0.0041471 secs]
11.734: Total time for which application threads were stopped: 0.0043193 seconds, Stopping threads took: 0.0000201 seconds
11.800: [GC (Allocation Failure)  651214K->330030K(1021440K), 0.0052243 secs]
11.806: Total time for which application threads were stopped: 0.0053880 seconds, Stopping threads took: 0.0000192 seconds
11.873: [GC (Allocation Failure)  651566K->337680K(1034240K), 0.0043684 secs]
11.878: Total time for which application threads were stopped: 0.0045360 seconds, Stopping threads took: 0.0000191 seconds
11.944: [GC (Allocation Failure)  658192K->337712K(1034240K), 0.0042918 secs]
11.949: Total time for which application threads were stopped: 0.0044555 seconds, Stopping threads took: 0.0000209 seconds
12.016: [GC (Allocation Failure)  658224K->337744K(1034240K), 0.0057667 secs]
12.021: Total time for which application threads were stopped: 0.0059380 seconds, Stopping threads took: 0.0000203 seconds
12.089: [GC (Allocation Failure)  658256K->345746K(1034240K), 0.0045545 secs]
12.094: Total time for which application threads were stopped: 0.0047239 seconds, Stopping threads took: 0.0000222 seconds
12.161: [GC (Allocation Failure)  666258K->345682K(1034240K), 0.0064428 secs]
12.168: Total time for which application threads were stopped: 0.0066001 seconds, Stopping threads took: 0.0000258 seconds
12.235: [GC (Allocation Failure)  666194K->346026K(1020416K), 0.0052205 secs]
12.240: Total time for which application threads were stopped: 0.0053941 seconds, Stopping threads took: 0.0000219 seconds
12.308: [GC (Allocation Failure)  666538K->353709K(1033728K), 0.0044863 secs]
12.312: Total time for which application threads were stopped: 0.0046647 seconds, Stopping threads took: 0.0000206 seconds
12.379: [GC (Allocation Failure)  673197K->353741K(1033728K), 0.0043504 secs]
12.383: Total time for which application threads were stopped: 0.0045219 seconds, Stopping threads took: 0.0000197 seconds
12.449: [GC (Allocation Failure)  673229K->353797K(1033728K), 0.0055005 secs]
12.455: Total time for which application threads were stopped: 0.0056773 seconds, Stopping threads took: 0.0000188 seconds
12.523: [GC (Allocation Failure)  673285K->361799K(1033728K), 0.0040940 secs]
12.527: Total time for which application threads were stopped: 0.0042861 seconds, Stopping threads took: 0.0000188 seconds
12.596: [GC (Allocation Failure)  681287K->361767K(1033728K), 0.0072327 secs]
12.603: Total time for which application threads were stopped: 0.0074288 seconds, Stopping threads took: 0.0000205 seconds
12.670: [GC (Allocation Failure)  681255K->361927K(1033728K), 0.0051636 secs]
12.675: Total time for which application threads were stopped: 0.0053416 seconds, Stopping threads took: 0.0000201 seconds
12.745: [GC (Allocation Failure)  681415K->369833K(1032704K), 0.0043625 secs]
12.749: Total time for which application threads were stopped: 0.0045343 seconds, Stopping threads took: 0.0000261 seconds
12.816: [GC (Allocation Failure)  688297K->369801K(1033216K), 0.0040872 secs]
12.821: Total time for which application threads were stopped: 0.0042484 seconds, Stopping threads took: 0.0000200 seconds
12.885: [GC (Allocation Failure)  688265K->370185K(1033216K), 0.0051217 secs]
12.890: Total time for which application threads were stopped: 0.0053018 seconds, Stopping threads took: 0.0000208 seconds
12.957: [GC (Allocation Failure)  688649K->377867K(1033216K), 0.0043755 secs]
12.961: Total time for which application threads were stopped: 0.0045345 seconds, Stopping threads took: 0.0000203 seconds
13.029: [GC (Allocation Failure)  696331K->377835K(1033216K), 0.0043795 secs]
13.033: Total time for which application threads were stopped: 0.0045500 seconds, Stopping threads took: 0.0000189 seconds
13.098: [GC (Allocation Failure)  696299K->377899K(1033216K), 0.0053417 secs]
13.103: Total time for which application threads were stopped: 0.0055061 seconds, Stopping threads took: 0.0000193 seconds
13.171: [GC (Allocation Failure)  696363K->385902K(1033216K), 0.0042950 secs]
13.175: Total time for which application threads were stopped: 0.0044605 seconds, Stopping threads took: 0.0000276 seconds
13.243: [GC (Allocation Failure)  704366K->377995K(1033216K), 0.0012466 secs]
13.244: Total time for which application threads were stopped: 0.0013683 seconds, Stopping threads took: 0.0000191 seconds
13.313: [GC (Allocation Failure)  696459K->386086K(1033216K), 0.0044297 secs]
13.318: Total time for which application threads were stopped: 0.0047332 seconds, Stopping threads took: 0.0000192 seconds
13.383: [GC (Allocation Failure)  704550K->390014K(1033216K), 0.0061524 secs]
13.389: Total time for which application threads were stopped: 0.0063439 seconds, Stopping threads took: 0.0000195 seconds
13.456: [GC (Allocation Failure)  708478K->390491K(1032192K), 0.0064358 secs]
13.463: Total time for which application threads were stopped: 0.0065820 seconds, Stopping threads took: 0.0000161 seconds
13.530: [GC (Allocation Failure)  707931K->390142K(1032704K), 0.0044006 secs]
13.535: Total time for which application threads were stopped: 0.0046149 seconds, Stopping threads took: 0.0000199 seconds
13.604: [GC (Allocation Failure)  707582K->390014K(1033216K), 0.0087645 secs]
13.612: Total time for which application threads were stopped: 0.0089143 seconds, Stopping threads took: 0.0000251 seconds
13.679: [GC (Allocation Failure)  708478K->392614K(1033216K), 0.0052585 secs]
13.684: Total time for which application threads were stopped: 0.0054356 seconds, Stopping threads took: 0.0000278 seconds
13.751: [GC (Allocation Failure)  711078K->398120K(1033728K), 0.0045693 secs]
13.756: Total time for which application threads were stopped: 0.0049060 seconds, Stopping threads took: 0.0000192 seconds
13.825: [GC (Allocation Failure)  717608K->398056K(1033728K), 0.0046714 secs]
13.829: Total time for which application threads were stopped: 0.0048268 seconds, Stopping threads took: 0.0000191 seconds
13.897: [GC (Allocation Failure)  717544K->398760K(1033728K), 0.0052627 secs]
13.902: Total time for which application threads were stopped: 0.0054299 seconds, Stopping threads took: 0.0000192 seconds
13.970: [GC (Allocation Failure)  718248K->406122K(1033728K), 0.0042909 secs]
13.974: Total time for which application threads were stopped: 0.0044690 seconds, Stopping threads took: 0.0000207 seconds
14.042: [GC (Allocation Failure)  725610K->406122K(1033728K), 0.0043636 secs]
14.046: Total time for which application threads were stopped: 0.0045273 seconds, Stopping threads took: 0.0000202 seconds
14.114: [GC (Allocation Failure)  725610K->410090K(1033728K), 0.0057280 secs]
14.119: Total time for which application threads were stopped: 0.0058901 seconds, Stopping threads took: 0.0000203 seconds
14.187: [GC (Allocation Failure)  729578K->414188K(1034240K), 0.0046656 secs]
14.192: Total time for which application threads were stopped: 0.0048332 seconds, Stopping threads took: 0.0000261 seconds
14.260: [GC (Allocation Failure)  734700K->414156K(1034240K), 0.0044842 secs]
14.265: Total time for which application threads were stopped: 0.0046550 seconds, Stopping threads took: 0.0000202 seconds
14.331: [GC (Allocation Failure)  734668K->415244K(1034240K), 0.0054343 secs]
14.337: Total time for which application threads were stopped: 0.0055976 seconds, Stopping threads took: 0.0000206 seconds
14.405: [GC (Allocation Failure)  735756K->422287K(1034240K), 0.0044819 secs]
14.410: Total time for which application threads were stopped: 0.0046492 seconds, Stopping threads took: 0.0000214 seconds
14.479: [GC (Allocation Failure)  742799K->422191K(1034240K), 0.0043912 secs]
14.483: Total time for which application threads were stopped: 0.0045594 seconds, Stopping threads took: 0.0000197 seconds
14.550: [GC (Allocation Failure)  742703K->425551K(1034240K), 0.0054571 secs]
14.556: Total time for which application threads were stopped: 0.0056559 seconds, Stopping threads took: 0.0000192 seconds
14.626: [GC (Allocation Failure)  746063K->430257K(1034752K), 0.0044452 secs]
14.630: Total time for which application threads were stopped: 0.0046045 seconds, Stopping threads took: 0.0000198 seconds
14.698: [GC (Allocation Failure)  751793K->430193K(1034752K), 0.0047380 secs]
14.703: Total time for which application threads were stopped: 0.0049239 seconds, Stopping threads took: 0.0000264 seconds
14.772: [GC (Allocation Failure)  751729K->433737K(1034752K), 0.0054305 secs]
14.778: Total time for which application threads were stopped: 0.0056005 seconds, Stopping threads took: 0.0000197 seconds
14.846: [GC (Allocation Failure)  755273K->438251K(1034752K), 0.0046899 secs]
14.851: Total time for which application threads were stopped: 0.0048491 seconds, Stopping threads took: 0.0000204 seconds
14.920: [GC (Allocation Failure)  759787K->438251K(1034752K), 0.0044866 secs]
14.925: Total time for which application threads were stopped: 0.0046613 seconds, Stopping threads took: 0.0000193 seconds
14.992: [GC (Allocation Failure)  759787K->438891K(1034752K), 0.0053586 secs]
14.997: Total time for which application threads were stopped: 0.0055335 seconds, Stopping threads took: 0.0000199 seconds
15.067: [GC (Allocation Failure)  760427K->446253K(1034752K), 0.0046737 secs]
15.072: Total time for which application threads were stopped: 0.0048722 seconds, Stopping threads took: 0.0000201 seconds
15.141: [GC (Allocation Failure)  767789K->446253K(1034752K), 0.0046085 secs]
15.145: Total time for which application threads were stopped: 0.0047726 seconds, Stopping threads took: 0.0000190 seconds
15.210: [GC (Allocation Failure)  767789K->448141K(1034752K), 0.0054590 secs]
15.216: Total time for which application threads were stopped: 0.0056514 seconds, Stopping threads took: 0.0000193 seconds
15.285: [GC (Allocation Failure)  769677K->454352K(1034752K), 0.0044913 secs]
15.290: Total time for which application threads were stopped: 0.0046789 seconds, Stopping threads took: 0.0000174 seconds
15.357: [GC (Allocation Failure)  775888K->454288K(1034752K), 0.0045280 secs]
15.362: Total time for which application threads were stopped: 0.0046827 seconds, Stopping threads took: 0.0000161 seconds
15.427: [GC (Allocation Failure)  775824K->457416K(1034752K), 0.0052936 secs]
15.433: Total time for which application threads were stopped: 0.0054559 seconds, Stopping threads took: 0.0000190 seconds
15.499: [GC (Allocation Failure)  778952K->462442K(1034752K), 0.0045416 secs]
15.504: Total time for which application threads were stopped: 0.0047196 seconds, Stopping threads took: 0.0000205 seconds
15.570: [GC (Allocation Failure)  783978K->462314K(1034752K), 0.0045500 secs]
15.575: Total time for which application threads were stopped: 0.0047257 seconds, Stopping threads took: 0.0000202 seconds
15.642: [GC (Allocation Failure)  783850K->462570K(1033728K), 0.0055942 secs]
15.648: Total time for which application threads were stopped: 0.0057680 seconds, Stopping threads took: 0.0000199 seconds
15.715: [GC (Allocation Failure)  783082K->470412K(1034240K), 0.0048261 secs]
15.720: Total time for which application threads were stopped: 0.0050223 seconds, Stopping threads took: 0.0000201 seconds
15.788: [GC (Allocation Failure)  790924K->470348K(1034240K), 0.0045436 secs]
15.793: Total time for which application threads were stopped: 0.0047119 seconds, Stopping threads took: 0.0000266 seconds
15.860: [GC (Allocation Failure)  790860K->472868K(1034240K), 0.0054584 secs]
15.866: Total time for which application threads were stopped: 0.0056362 seconds, Stopping threads took: 0.0000270 seconds
15.934: [GC (Allocation Failure)  793380K->478406K(1034752K), 0.0045064 secs]
15.938: Total time for which application threads were stopped: 0.0046698 seconds, Stopping threads took: 0.0000211 seconds
16.006: [GC (Allocation Failure)  799942K->478406K(1034752K), 0.0046930 secs]
16.011: Total time for which application threads were stopped: 0.0048701 seconds, Stopping threads took: 0.0000279 seconds
16.076: [GC (Allocation Failure)  799942K->481094K(1034752K), 0.0056038 secs]
16.082: Total time for which application threads were stopped: 0.0057935 seconds, Stopping threads took: 0.0000261 seconds
16.148: [GC (Allocation Failure)  802630K->486441K(1034752K), 0.0044874 secs]
16.153: Total time for which application threads were stopped: 0.0046493 seconds, Stopping threads took: 0.0000201 seconds
16.220: [GC (Allocation Failure)  807977K->486409K(1034752K), 0.0045972 secs]
16.224: Total time for which application threads were stopped: 0.0047601 seconds, Stopping threads took: 0.0000256 seconds
16.290: [GC (Allocation Failure)  807945K->490377K(1034752K), 0.0057602 secs]
16.296: Total time for which application threads were stopped: 0.0059515 seconds, Stopping threads took: 0.0000195 seconds
16.363: [GC (Allocation Failure)  811913K->494475K(1035264K), 0.0046301 secs]
16.368: Total time for which application threads were stopped: 0.0047924 seconds, Stopping threads took: 0.0000194 seconds
16.436: [GC (Allocation Failure)  817035K->494443K(1035264K), 0.0046694 secs]
16.441: Total time for which application threads were stopped: 0.0048453 seconds, Stopping threads took: 0.0000193 seconds
16.508: [GC (Allocation Failure)  817003K->497579K(1035264K), 0.0054995 secs]
16.513: Total time for which application threads were stopped: 0.0056609 seconds, Stopping threads took: 0.0000199 seconds
16.581: [GC (Allocation Failure)  820139K->502573K(1035264K), 0.0054741 secs]
16.587: Total time for which application threads were stopped: 0.0056656 seconds, Stopping threads took: 0.0000198 seconds
16.655: [GC (Allocation Failure)  825133K->502509K(1035264K), 0.0045196 secs]
16.659: Total time for which application threads were stopped: 0.0046870 seconds, Stopping threads took: 0.0000281 seconds
16.728: [GC (Allocation Failure)  825069K->505805K(1035264K), 0.0055187 secs]
16.733: Total time for which application threads were stopped: 0.0056899 seconds, Stopping threads took: 0.0000280 seconds
16.802: [GC (Allocation Failure)  828365K->510544K(1035264K), 0.0045985 secs]
16.806: Total time for which application threads were stopped: 0.0047950 seconds, Stopping threads took: 0.0000211 seconds
16.876: [GC (Allocation Failure)  833104K->510512K(1035264K), 0.0046830 secs]
16.880: Total time for which application threads were stopped: 0.0048586 seconds, Stopping threads took: 0.0000165 seconds
16.947: [GC (Allocation Failure)  833072K->514056K(1035264K), 0.0057749 secs]
16.953: Total time for which application threads were stopped: 0.0059389 seconds, Stopping threads took: 0.0000188 seconds
17.021: [GC (Allocation Failure)  836616K->518794K(1035264K), 0.0047060 secs]
17.026: Total time for which application threads were stopped: 0.0048723 seconds, Stopping threads took: 0.0000186 seconds
17.093: [GC (Allocation Failure)  841354K->518538K(1035264K), 0.0046040 secs]
17.098: Total time for which application threads were stopped: 0.0047717 seconds, Stopping threads took: 0.0000188 seconds
17.167: [GC (Allocation Failure)  841098K->514216K(1035264K), 0.0029832 secs]
17.170: Total time for which application threads were stopped: 0.0031632 seconds, Stopping threads took: 0.0000252 seconds
17.238: [GC (Allocation Failure)  836776K->518730K(1034752K), 0.0048806 secs]
17.243: Total time for which application threads were stopped: 0.0050489 seconds, Stopping threads took: 0.0000193 seconds
17.313: [GC (Allocation Failure)  841290K->518506K(1035264K), 0.0044613 secs]
17.318: Total time for which application threads were stopped: 0.0046217 seconds, Stopping threads took: 0.0000196 seconds
17.385: [GC (Allocation Failure)  841066K->518536K(1035776K), 0.0049446 secs]
17.390: Total time for which application threads were stopped: 0.0051108 seconds, Stopping threads took: 0.0000188 seconds
17.457: [GC (Allocation Failure)  842120K->518634K(1035776K), 0.0046982 secs]
17.462: Total time for which application threads were stopped: 0.0048717 seconds, Stopping threads took: 0.0000212 seconds
17.530: [GC (Allocation Failure)  842218K->518538K(1035776K), 0.0047232 secs]
17.535: Total time for which application threads were stopped: 0.0048957 seconds, Stopping threads took: 0.0000198 seconds
17.605: [GC (Allocation Failure)  842122K->525840K(1035776K), 0.0113679 secs]
17.617: Total time for which application threads were stopped: 0.0115296 seconds, Stopping threads took: 0.0000255 seconds
17.686: [GC (Allocation Failure)  849424K->521202K(1031680K), 0.0045051 secs]
17.690: Total time for which application threads were stopped: 0.0046633 seconds, Stopping threads took: 0.0000251 seconds
17.757: [GC (Allocation Failure)  840690K->521106K(1033728K), 0.0044862 secs]
17.762: Total time for which application threads were stopped: 0.0046787 seconds, Stopping threads took: 0.0000200 seconds
17.830: [GC (Allocation Failure)  840594K->527592K(1030656K), 0.0075783 secs]
17.837: Total time for which application threads were stopped: 0.0077823 seconds, Stopping threads took: 0.0000186 seconds
17.904: [GC (Allocation Failure)  845032K->521866K(1032704K), 0.0048917 secs]
17.909: Total time for which application threads were stopped: 0.0050590 seconds, Stopping threads took: 0.0000200 seconds
17.976: [GC (Allocation Failure)  839306K->521866K(1033728K), 0.0044871 secs]
17.980: Total time for which application threads were stopped: 0.0046534 seconds, Stopping threads took: 0.0000191 seconds
18.047: [GC (Allocation Failure)  840842K->518824K(1033216K), 0.0035482 secs]
18.050: Total time for which application threads were stopped: 0.0037372 seconds, Stopping threads took: 0.0000189 seconds
18.119: [GC (Allocation Failure)  837800K->522058K(1034240K), 0.0045818 secs]
18.124: Total time for which application threads were stopped: 0.0047626 seconds, Stopping threads took: 0.0000167 seconds
18.194: [GC (Allocation Failure)  842058K->521834K(1033728K), 0.0044611 secs]
18.198: Total time for which application threads were stopped: 0.0046377 seconds, Stopping threads took: 0.0000284 seconds
18.263: [GC (Allocation Failure)  841834K->514376K(1033216K), 0.0016896 secs]
18.265: Total time for which application threads were stopped: 0.0018214 seconds, Stopping threads took: 0.0000197 seconds
18.333: [GC (Allocation Failure)  834888K->521994K(1034240K), 0.0046972 secs]
18.338: Total time for which application threads were stopped: 0.0048549 seconds, Stopping threads took: 0.0000189 seconds
18.406: [GC (Allocation Failure)  842506K->521834K(1035264K), 0.0046344 secs]
18.410: Total time for which application threads were stopped: 0.0048010 seconds, Stopping threads took: 0.0000195 seconds
18.478: [GC (Allocation Failure)  843882K->514120K(1021952K), 0.0015758 secs]
18.480: Total time for which application threads were stopped: 0.0017149 seconds, Stopping threads took: 0.0000275 seconds
18.548: [GC (Allocation Failure)  836168K->521930K(1034752K), 0.0045472 secs]
18.552: Total time for which application threads were stopped: 0.0047402 seconds, Stopping threads took: 0.0000166 seconds
18.623: [GC (Allocation Failure)  842954K->521866K(1034240K), 0.0045419 secs]
18.627: Total time for which application threads were stopped: 0.0047191 seconds, Stopping threads took: 0.0000193 seconds
18.695: [GC (Allocation Failure)  842890K->514824K(1033728K), 0.0019633 secs]
18.697: Total time for which application threads were stopped: 0.0021186 seconds, Stopping threads took: 0.0000252 seconds
18.765: [GC (Allocation Failure)  835336K->521898K(1034240K), 0.0046813 secs]
18.770: Total time for which application threads were stopped: 0.0048733 seconds, Stopping threads took: 0.0000192 seconds
18.839: [GC (Allocation Failure)  842410K->521834K(1034752K), 0.0046516 secs]
18.844: Total time for which application threads were stopped: 0.0048441 seconds, Stopping threads took: 0.0000194 seconds
18.913: [GC (Allocation Failure)  843370K->513992K(1021440K), 0.0015004 secs]
18.915: Total time for which application threads were stopped: 0.0016291 seconds, Stopping threads took: 0.0000205 seconds
18.983: [GC (Allocation Failure)  835528K->521834K(1034240K), 0.0047230 secs]
18.987: Total time for which application threads were stopped: 0.0048755 seconds, Stopping threads took: 0.0000183 seconds
19.056: [GC (Allocation Failure)  842346K->521834K(1034240K), 0.0044956 secs]
19.061: Total time for which application threads were stopped: 0.0046874 seconds, Stopping threads took: 0.0000196 seconds
19.130: [GC (Allocation Failure)  842346K->525354K(1034752K), 0.0058147 secs]
19.136: Total time for which application threads were stopped: 0.0059636 seconds, Stopping threads took: 0.0000163 seconds
19.203: [GC (Allocation Failure)  846890K->530092K(1034752K), 0.0045841 secs]
19.208: Total time for which application threads were stopped: 0.0047583 seconds, Stopping threads took: 0.0000263 seconds
19.274: [GC (Allocation Failure)  851628K->529900K(1034752K), 0.0047541 secs]
19.279: Total time for which application threads were stopped: 0.0049272 seconds, Stopping threads took: 0.0000223 seconds
19.344: [GC (Allocation Failure)  851436K->522410K(1021952K), 0.0018874 secs]
19.346: Total time for which application threads were stopped: 0.0020280 seconds, Stopping threads took: 0.0000191 seconds
19.412: [GC (Allocation Failure)  843946K->530028K(1034240K), 0.0047523 secs]
19.417: Total time for which application threads were stopped: 0.0049283 seconds, Stopping threads took: 0.0000198 seconds
19.487: [GC (Allocation Failure)  850540K->529900K(1034240K), 0.0045119 secs]
19.492: Total time for which application threads were stopped: 0.0046593 seconds, Stopping threads took: 0.0000168 seconds
19.559: [GC (Allocation Failure)  850412K->533772K(1034752K), 0.0058701 secs]
19.565: Total time for which application threads were stopped: 0.0060483 seconds, Stopping threads took: 0.0000195 seconds
19.632: [GC (Allocation Failure)  855308K->537966K(1034752K), 0.0048369 secs]
19.637: Total time for which application threads were stopped: 0.0050053 seconds, Stopping threads took: 0.0000191 seconds
19.704: [GC (Allocation Failure)  859502K->537902K(1034752K), 0.0046674 secs]
19.709: Total time for which application threads were stopped: 0.0048638 seconds, Stopping threads took: 0.0000260 seconds
19.776: [GC (Allocation Failure)  859438K->530860K(1034752K), 0.0018188 secs]
19.778: Total time for which application threads were stopped: 0.0019625 seconds, Stopping threads took: 0.0000270 seconds
19.843: [GC (Allocation Failure)  852396K->537934K(1034752K), 0.0048176 secs]
19.848: Total time for which application threads were stopped: 0.0049784 seconds, Stopping threads took: 0.0000191 seconds
19.915: [GC (Allocation Failure)  859470K->537934K(1034752K), 0.0047111 secs]
19.920: Total time for which application threads were stopped: 0.0048844 seconds, Stopping threads took: 0.0000191 seconds
19.985: [GC (Allocation Failure)  859470K->532108K(1034752K), 0.0024440 secs]
19.988: Total time for which application threads were stopped: 0.0026040 seconds, Stopping threads took: 0.0000183 seconds
20.057: [GC (Allocation Failure)  853644K->538126K(1034752K), 0.0048401 secs]
20.062: Total time for which application threads were stopped: 0.0050046 seconds, Stopping threads took: 0.0000187 seconds
20.129: [GC (Allocation Failure)  859662K->537934K(1034752K), 0.0046827 secs]
20.133: Total time for which application threads were stopped: 0.0048532 seconds, Stopping threads took: 0.0000201 seconds
20.199: [GC (Allocation Failure)  859470K->533324K(1034752K), 0.0029744 secs]
20.202: Total time for which application threads were stopped: 0.0031365 seconds, Stopping threads took: 0.0000192 seconds
20.270: [GC (Allocation Failure)  854860K->538094K(1034752K), 0.0047745 secs]
20.275: Total time for which application threads were stopped: 0.0049538 seconds, Stopping threads took: 0.0000195 seconds
20.342: [GC (Allocation Failure)  859630K->537902K(1034752K), 0.0047906 secs]
20.347: Total time for which application threads were stopped: 0.0049540 seconds, Stopping threads took: 0.0000202 seconds
20.412: [GC (Allocation Failure)  859438K->534540K(1035264K), 0.0032974 secs]
20.415: Total time for which application threads were stopped: 0.0034668 seconds, Stopping threads took: 0.0000195 seconds
20.482: [GC (Allocation Failure)  856588K->538030K(1034752K), 0.0048154 secs]
20.487: Total time for which application threads were stopped: 0.0049737 seconds, Stopping threads took: 0.0000196 seconds
20.556: [GC (Allocation Failure)  860078K->537902K(1035264K), 0.0045161 secs]
20.560: Total time for which application threads were stopped: 0.0046750 seconds, Stopping threads took: 0.0000196 seconds
20.630: [GC (Allocation Failure)  860462K->537836K(1035264K), 0.0045749 secs]
20.634: Total time for which application threads were stopped: 0.0047426 seconds, Stopping threads took: 0.0000189 seconds
20.702: [GC (Allocation Failure)  860396K->538030K(1035776K), 0.0046867 secs]
20.707: Total time for which application threads were stopped: 0.0048553 seconds, Stopping threads took: 0.0000281 seconds
20.777: [GC (Allocation Failure)  861102K->537902K(1035264K), 0.0046661 secs]
20.781: Total time for which application threads were stopped: 0.0048260 seconds, Stopping threads took: 0.0000203 seconds
20.847: [GC (Allocation Failure)  860974K->543116K(1031680K), 0.0070337 secs]
20.855: Total time for which application threads were stopped: 0.0071948 seconds, Stopping threads took: 0.0000189 seconds
20.922: [GC (Allocation Failure)  862604K->538382K(1033728K), 0.0047662 secs]
20.927: Total time for which application threads were stopped: 0.0049424 seconds, Stopping threads took: 0.0000200 seconds
20.996: [GC (Allocation Failure)  857870K->538382K(1034752K), 0.0047503 secs]
21.001: Total time for which application threads were stopped: 0.0049169 seconds, Stopping threads took: 0.0000193 seconds
21.068: [GC (Allocation Failure)  859406K->540236K(1034240K), 0.0055610 secs]
21.073: Total time for which application threads were stopped: 0.0057271 seconds, Stopping threads took: 0.0000280 seconds
21.141: [GC (Allocation Failure)  861260K->538606K(1035264K), 0.0048918 secs]
21.146: Total time for which application threads were stopped: 0.0050512 seconds, Stopping threads took: 0.0000192 seconds
21.214: [GC (Allocation Failure)  860654K->538382K(1034752K), 0.0047728 secs]
21.218: Total time for which application threads were stopped: 0.0049514 seconds, Stopping threads took: 0.0000274 seconds
21.287: [GC (Allocation Failure)  860430K->541996K(1033728K), 0.0060906 secs]
21.293: Total time for which application threads were stopped: 0.0062444 seconds, Stopping threads took: 0.0000155 seconds
21.359: [GC (Allocation Failure)  863532K->538542K(1034752K), 0.0048210 secs]
21.364: Total time for which application threads were stopped: 0.0050068 seconds, Stopping threads took: 0.0000198 seconds
21.430: [GC (Allocation Failure)  860078K->538382K(1035776K), 0.0047648 secs]
21.434: Total time for which application threads were stopped: 0.0049274 seconds, Stopping threads took: 0.0000201 seconds
21.500: [GC (Allocation Failure)  861454K->544716K(1035264K), 0.0076683 secs]
21.508: Total time for which application threads were stopped: 0.0078825 seconds, Stopping threads took: 0.0000436 seconds
21.576: [GC (Allocation Failure)  867788K->540078K(1033216K), 0.0048055 secs]
21.581: Total time for which application threads were stopped: 0.0049734 seconds, Stopping threads took: 0.0000195 seconds
21.649: [GC (Allocation Failure)  860590K->539982K(1034240K), 0.0047574 secs]
21.654: Total time for which application threads were stopped: 0.0049027 seconds, Stopping threads took: 0.0000165 seconds
21.721: [GC (Allocation Failure)  860494K->547012K(1030656K), 0.0079183 secs]
21.729: Total time for which application threads were stopped: 0.0080681 seconds, Stopping threads took: 0.0000193 seconds
21.797: [GC (Allocation Failure)  864452K->541318K(1032704K), 0.0048321 secs]
21.802: Total time for which application threads were stopped: 0.0049888 seconds, Stopping threads took: 0.0000193 seconds
21.869: [GC (Allocation Failure)  858758K->541254K(1033728K), 0.0047251 secs]
21.874: Total time for which application threads were stopped: 0.0048955 seconds, Stopping threads took: 0.0000204 seconds
21.942: [GC (Allocation Failure)  860230K->538820K(1033216K), 0.0038965 secs]
21.946: Total time for which application threads were stopped: 0.0040723 seconds, Stopping threads took: 0.0000268 seconds
22.013: [GC (Allocation Failure)  857796K->541286K(1034240K), 0.0045924 secs]
22.018: Total time for which application threads were stopped: 0.0047643 seconds, Stopping threads took: 0.0000205 seconds
22.084: [GC (Allocation Failure)  861286K->541254K(1033728K), 0.0047008 secs]
22.089: Total time for which application threads were stopped: 0.0048680 seconds, Stopping threads took: 0.0000286 seconds
22.154: [GC (Allocation Failure)  861254K->534404K(1033216K), 0.0019040 secs]
22.156: Total time for which application threads were stopped: 0.0020555 seconds, Stopping threads took: 0.0000255 seconds
22.225: [GC (Allocation Failure)  853892K->541446K(1033728K), 0.0064343 secs]
22.232: Total time for which application threads were stopped: 0.0066189 seconds, Stopping threads took: 0.0000170 seconds
22.300: [GC (Allocation Failure)  860934K->541286K(1034752K), 0.0046343 secs]
22.305: Total time for which application threads were stopped: 0.0048095 seconds, Stopping threads took: 0.0000197 seconds
22.370: [GC (Allocation Failure)  862310K->543142K(1034240K), 0.0056181 secs]
22.375: Total time for which application threads were stopped: 0.0058175 seconds, Stopping threads took: 0.0000209 seconds
22.445: [GC (Allocation Failure)  864166K->549417K(1034752K), 0.0048476 secs]
22.450: Total time for which application threads were stopped: 0.0050144 seconds, Stopping threads took: 0.0000254 seconds
22.517: [GC (Allocation Failure)  870441K->549321K(1034240K), 0.0045919 secs]
22.522: Total time for which application threads were stopped: 0.0047529 seconds, Stopping threads took: 0.0000211 seconds
22.589: [GC (Allocation Failure)  870345K->550881K(1034240K), 0.0064724 secs]
22.596: Total time for which application threads were stopped: 0.0066379 seconds, Stopping threads took: 0.0000244 seconds
22.664: [GC (Allocation Failure)  872417K->557411K(1034752K), 0.0045807 secs]
22.669: Total time for which application threads were stopped: 0.0047490 seconds, Stopping threads took: 0.0000265 seconds
22.737: [GC (Allocation Failure)  878947K->557283K(1035264K), 0.0047201 secs]
22.741: Total time for which application threads were stopped: 0.0048898 seconds, Stopping threads took: 0.0000249 seconds
22.808: [GC (Allocation Failure)  879331K->560651K(1034752K), 0.0056145 secs]
22.814: Total time for which application threads were stopped: 0.0057820 seconds, Stopping threads took: 0.0000202 seconds
22.882: [GC (Allocation Failure)  882699K->565389K(1035264K), 0.0045809 secs]
22.887: Total time for which application threads were stopped: 0.0047764 seconds, Stopping threads took: 0.0000194 seconds
22.956: [GC (Allocation Failure)  887949K->565389K(1035264K), 0.0045041 secs]
22.961: Total time for which application threads were stopped: 0.0047176 seconds, Stopping threads took: 0.0000191 seconds
23.029: [GC (Allocation Failure)  887949K->560331K(1035264K), 0.0029517 secs]
23.032: Total time for which application threads were stopped: 0.0031272 seconds, Stopping threads took: 0.0000186 seconds
23.100: [GC (Allocation Failure)  882891K->565613K(1035264K), 0.0047738 secs]
23.105: Total time for which application threads were stopped: 0.0049404 seconds, Stopping threads took: 0.0000211 seconds
23.172: [GC (Allocation Failure)  888173K->565357K(1035264K), 0.0047271 secs]
23.177: Total time for which application threads were stopped: 0.0049023 seconds, Stopping threads took: 0.0000192 seconds
23.246: [GC (Allocation Failure)  887917K->564651K(1035264K), 0.0045088 secs]
23.251: Total time for which application threads were stopped: 0.0047066 seconds, Stopping threads took: 0.0000197 seconds
23.321: [GC (Allocation Failure)  887211K->565517K(1035776K), 0.0045484 secs]
23.325: Total time for which application threads were stopped: 0.0047170 seconds, Stopping threads took: 0.0000165 seconds
23.394: [GC (Allocation Failure)  889101K->565357K(1035776K), 0.0048622 secs]
23.399: Total time for which application threads were stopped: 0.0050229 seconds, Stopping threads took: 0.0000191 seconds
23.466: [GC (Allocation Failure)  888941K->570939K(1032192K), 0.0074535 secs]
23.473: Total time for which application threads were stopped: 0.0076308 seconds, Stopping threads took: 0.0000192 seconds
23.541: [GC (Allocation Failure)  891451K->566877K(1034240K), 0.0045909 secs]
23.546: Total time for which application threads were stopped: 0.0047510 seconds, Stopping threads took: 0.0000192 seconds
23.615: [GC (Allocation Failure)  887389K->566749K(1035264K), 0.0048965 secs]
23.620: Total time for which application threads were stopped: 0.0050629 seconds, Stopping threads took: 0.0000194 seconds
23.688: [GC (Allocation Failure)  888797K->571995K(1034752K), 0.0068814 secs]
23.695: Total time for which application threads were stopped: 0.0070469 seconds, Stopping threads took: 0.0000271 seconds
23.764: [GC (Allocation Failure)  894043K->566861K(1033728K), 0.0049074 secs]
23.769: Total time for which application threads were stopped: 0.0050768 seconds, Stopping threads took: 0.0000189 seconds
23.836: [GC (Allocation Failure)  887373K->566797K(1034240K), 0.0047907 secs]
23.841: Total time for which application threads were stopped: 0.0049497 seconds, Stopping threads took: 0.0000204 seconds
23.908: [GC (Allocation Failure)  887309K->571787K(1032704K), 0.0069712 secs]
23.915: Total time for which application threads were stopped: 0.0071314 seconds, Stopping threads took: 0.0000185 seconds
23.982: [GC (Allocation Failure)  891275K->566765K(1033728K), 0.0046924 secs]
23.987: Total time for which application threads were stopped: 0.0048747 seconds, Stopping threads took: 0.0000199 seconds
24.055: [GC (Allocation Failure)  886253K->566765K(1034240K), 0.0049798 secs]
24.060: Total time for which application threads were stopped: 0.0051413 seconds, Stopping threads took: 0.0000203 seconds
24.126: [GC (Allocation Failure)  887277K->567851K(1034240K), 0.0052318 secs]
24.132: Total time for which application threads were stopped: 0.0053895 seconds, Stopping threads took: 0.0000185 seconds
24.199: [GC (Allocation Failure)  888363K->567021K(1035264K), 0.0048418 secs]
24.204: Total time for which application threads were stopped: 0.0050190 seconds, Stopping threads took: 0.0000251 seconds
24.272: [GC (Allocation Failure)  889069K->566765K(1034752K), 0.0046810 secs]
24.277: Total time for which application threads were stopped: 0.0048509 seconds, Stopping threads took: 0.0000196 seconds
24.344: [GC (Allocation Failure)  888813K->569099K(1034752K), 0.0056224 secs]
24.350: Total time for which application threads were stopped: 0.0057931 seconds, Stopping threads took: 0.0000203 seconds
24.417: [GC (Allocation Failure)  891659K->566989K(1035264K), 0.0049394 secs]
24.422: Total time for which application threads were stopped: 0.0051089 seconds, Stopping threads took: 0.0000193 seconds
24.490: [GC (Allocation Failure)  889549K->566765K(1035776K), 0.0059041 secs]
24.496: Total time for which application threads were stopped: 0.0060746 seconds, Stopping threads took: 0.0000192 seconds
24.563: [GC (Allocation Failure)  890349K->574387K(1035776K), 0.0086156 secs]
24.572: Total time for which application threads were stopped: 0.0087956 seconds, Stopping threads took: 0.0000159 seconds
24.642: [GC (Allocation Failure)  897971K->569813K(1032704K), 0.0048299 secs]
24.647: Total time for which application threads were stopped: 0.0050019 seconds, Stopping threads took: 0.0000192 seconds
24.715: [GC (Allocation Failure)  890325K->569653K(1034240K), 0.0048146 secs]
24.720: Total time for which application threads were stopped: 0.0049845 seconds, Stopping threads took: 0.0000260 seconds
24.788: [GC (Allocation Failure)  890165K->562195K(1032192K), 0.0018727 secs]
24.790: Total time for which application threads were stopped: 0.0020265 seconds, Stopping threads took: 0.0000197 seconds
24.857: [GC (Allocation Failure)  880659K->569749K(1033216K), 0.0049593 secs]
24.863: Total time for which application threads were stopped: 0.0051324 seconds, Stopping threads took: 0.0000207 seconds
24.928: [GC (Allocation Failure)  888213K->573789K(1034240K), 0.0063602 secs]
24.934: Total time for which application threads were stopped: 0.0065290 seconds, Stopping threads took: 0.0000197 seconds
25.000: [GC (Allocation Failure)  893789K->576251K(1033728K), 0.0059797 secs]
25.006: Total time for which application threads were stopped: 0.0061404 seconds, Stopping threads took: 0.0000190 seconds
25.074: [GC (Allocation Failure)  896251K->573821K(1034752K), 0.0046810 secs]
25.079: Total time for which application threads were stopped: 0.0048513 seconds, Stopping threads took: 0.0000198 seconds
25.147: [GC (Allocation Failure)  894845K->573789K(1034240K), 0.0047181 secs]
25.152: Total time for which application threads were stopped: 0.0049074 seconds, Stopping threads took: 0.0000203 seconds
25.221: [GC (Allocation Failure)  894813K->574843K(1035264K), 0.0051196 secs]
25.227: Total time for which application threads were stopped: 0.0052841 seconds, Stopping threads took: 0.0000250 seconds
25.295: [GC (Allocation Failure)  897403K->574013K(1035264K), 0.0047264 secs]
25.300: Total time for which application threads were stopped: 0.0048974 seconds, Stopping threads took: 0.0000191 seconds
25.368: [GC (Allocation Failure)  896573K->573789K(1036288K), 0.0047148 secs]
25.373: Total time for which application threads were stopped: 0.0048933 seconds, Stopping threads took: 0.0000198 seconds
25.441: [GC (Allocation Failure)  897885K->580683K(1035776K), 0.0081053 secs]
25.449: Total time for which application threads were stopped: 0.0082611 seconds, Stopping threads took: 0.0000199 seconds
25.518: [GC (Allocation Failure)  904779K->576621K(1032704K), 0.0049936 secs]
25.523: Total time for which application threads were stopped: 0.0053092 seconds, Stopping threads took: 0.0000191 seconds
25.592: [GC (Allocation Failure)  897133K->576493K(1034240K), 0.0054892 secs]
25.597: Total time for which application threads were stopped: 0.0056941 seconds, Stopping threads took: 0.0000273 seconds
25.665: [GC (Allocation Failure)  897005K->568747K(1032704K), 0.0015847 secs]
25.667: Total time for which application threads were stopped: 0.0017099 seconds, Stopping threads took: 0.0000248 seconds
25.733: [GC (Allocation Failure)  888235K->576597K(1033728K), 0.0048007 secs]
25.738: Total time for which application threads were stopped: 0.0049928 seconds, Stopping threads took: 0.0000191 seconds
25.807: [GC (Allocation Failure)  896085K->580605K(1035264K), 0.0060342 secs]
25.813: Total time for which application threads were stopped: 0.0061907 seconds, Stopping threads took: 0.0000169 seconds
25.881: [GC (Allocation Failure)  902141K->586355K(1034240K), 0.0074689 secs]
25.888: Total time for which application threads were stopped: 0.0076543 seconds, Stopping threads took: 0.0000245 seconds
25.955: [GC (Allocation Failure)  907891K->581141K(1033216K), 0.0047375 secs]
25.959: Total time for which application threads were stopped: 0.0049040 seconds, Stopping threads took: 0.0000249 seconds
26.027: [GC (Allocation Failure)  900629K->581109K(1033728K), 0.0045884 secs]
26.032: Total time for which application threads were stopped: 0.0047821 seconds, Stopping threads took: 0.0000200 seconds
26.100: [GC (Allocation Failure)  900597K->584019K(1034240K), 0.0059830 secs]
26.106: Total time for which application threads were stopped: 0.0061569 seconds, Stopping threads took: 0.0000182 seconds
26.173: [GC (Allocation Failure)  904531K->581109K(1034240K), 0.0047261 secs]
26.177: Total time for which application threads were stopped: 0.0048920 seconds, Stopping threads took: 0.0000273 seconds
26.245: [GC (Allocation Failure)  901621K->581109K(1034752K), 0.0046942 secs]
26.250: Total time for which application threads were stopped: 0.0048608 seconds, Stopping threads took: 0.0000191 seconds
26.317: [GC (Allocation Failure)  902645K->583219K(1034752K), 0.0057500 secs]
26.323: Total time for which application threads were stopped: 0.0058990 seconds, Stopping threads took: 0.0000170 seconds
26.391: [GC (Allocation Failure)  904755K->581301K(1035264K), 0.0049054 secs]
26.396: Total time for which application threads were stopped: 0.0050684 seconds, Stopping threads took: 0.0000200 seconds
26.465: [GC (Allocation Failure)  903349K->581141K(1034752K), 0.0065559 secs]
26.471: Total time for which application threads were stopped: 0.0067264 seconds, Stopping threads took: 0.0000197 seconds
26.540: [GC (Allocation Failure)  903189K->585459K(1033728K), 0.0063546 secs]
26.547: Total time for which application threads were stopped: 0.0065186 seconds, Stopping threads took: 0.0000186 seconds
26.616: [GC (Allocation Failure)  906995K->581269K(1034752K), 0.0049254 secs]
26.621: Total time for which application threads were stopped: 0.0050988 seconds, Stopping threads took: 0.0000198 seconds
26.687: [GC (Allocation Failure)  902805K->581141K(1035264K), 0.0046753 secs]
26.692: Total time for which application threads were stopped: 0.0048592 seconds, Stopping threads took: 0.0000194 seconds
26.760: [GC (Allocation Failure)  903189K->587155K(1034752K), 0.0073219 secs]
26.767: Total time for which application threads were stopped: 0.0074850 seconds, Stopping threads took: 0.0000192 seconds
26.835: [GC (Allocation Failure)  909203K->581941K(1032704K), 0.0049122 secs]
26.840: Total time for which application threads were stopped: 0.0050835 seconds, Stopping threads took: 0.0000197 seconds
26.908: [GC (Allocation Failure)  901429K->581941K(1033728K), 0.0046513 secs]
26.913: Total time for which application threads were stopped: 0.0048061 seconds, Stopping threads took: 0.0000200 seconds
26.982: [GC (Allocation Failure)  901429K->585587K(1033216K), 0.0062596 secs]
26.988: Total time for which application threads were stopped: 0.0064323 seconds, Stopping threads took: 0.0000188 seconds
27.057: [GC (Allocation Failure)  905075K->582133K(1033728K), 0.0047965 secs]
27.062: Total time for which application threads were stopped: 0.0049837 seconds, Stopping threads took: 0.0000206 seconds
27.129: [GC (Allocation Failure)  901621K->581909K(1034240K), 0.0045278 secs]
27.134: Total time for which application threads were stopped: 0.0047026 seconds, Stopping threads took: 0.0000208 seconds
27.200: [GC (Allocation Failure)  902421K->581651K(1034240K), 0.0047245 secs]
27.205: Total time for which application threads were stopped: 0.0048797 seconds, Stopping threads took: 0.0000272 seconds
27.275: [GC (Allocation Failure)  902163K->582005K(1034752K), 0.0046206 secs]
27.280: Total time for which application threads were stopped: 0.0047829 seconds, Stopping threads took: 0.0000168 seconds
27.348: [GC (Allocation Failure)  903541K->581877K(1034752K), 0.0047548 secs]
27.353: Total time for which application threads were stopped: 0.0049148 seconds, Stopping threads took: 0.0000197 seconds
27.420: [GC (Allocation Failure)  903413K->581779K(1035776K), 0.0046448 secs]
27.425: Total time for which application threads were stopped: 0.0048132 seconds, Stopping threads took: 0.0000261 seconds
27.493: [GC (Allocation Failure)  904851K->581909K(1035264K), 0.0046883 secs]
27.498: Total time for which application threads were stopped: 0.0048618 seconds, Stopping threads took: 0.0000200 seconds
27.566: [GC (Allocation Failure)  904981K->581909K(1036288K), 0.0048935 secs]
27.571: Total time for which application threads were stopped: 0.0050646 seconds, Stopping threads took: 0.0000201 seconds
27.639: [GC (Allocation Failure)  906005K->588595K(1035776K), 0.0079959 secs]
27.648: Total time for which application threads were stopped: 0.0081630 seconds, Stopping threads took: 0.0000194 seconds
27.717: [GC (Allocation Failure)  912691K->584565K(1033728K), 0.0047151 secs]
27.722: Total time for which application threads were stopped: 0.0048940 seconds, Stopping threads took: 0.0000197 seconds
27.789: [GC (Allocation Failure)  906101K->584405K(1034752K), 0.0046529 secs]
27.794: Total time for which application threads were stopped: 0.0048429 seconds, Stopping threads took: 0.0000197 seconds
27.861: [GC (Allocation Failure)  905941K->578515K(1033728K), 0.0025489 secs]
27.864: Total time for which application threads were stopped: 0.0026791 seconds, Stopping threads took: 0.0000157 seconds
27.930: [GC (Allocation Failure)  899027K->584565K(1034240K), 0.0048695 secs]
27.935: Total time for which application threads were stopped: 0.0050632 seconds, Stopping threads took: 0.0000207 seconds
28.004: [GC (Allocation Failure)  905077K->588549K(1034752K), 0.0053482 secs]
28.009: Total time for which application threads were stopped: 0.0055386 seconds, Stopping threads took: 0.0000190 seconds
28.077: [GC (Allocation Failure)  909573K->581315K(1034240K), 0.0021011 secs]
28.079: Total time for which application threads were stopped: 0.0022306 seconds, Stopping threads took: 0.0000200 seconds
28.149: [GC (Allocation Failure)  902339K->588693K(1034752K), 0.0049517 secs]
28.154: Total time for which application threads were stopped: 0.0051018 seconds, Stopping threads took: 0.0000171 seconds
28.222: [GC (Allocation Failure)  909717K->592669K(1034240K), 0.0060023 secs]
28.228: Total time for which application threads were stopped: 0.0061665 seconds, Stopping threads took: 0.0000264 seconds
28.296: [GC (Allocation Failure)  913693K->585147K(1034240K), 0.0018660 secs]
28.298: Total time for which application threads were stopped: 0.0019851 seconds, Stopping threads took: 0.0000192 seconds
28.367: [GC (Allocation Failure)  906683K->592749K(1034752K), 0.0048059 secs]
28.372: Total time for which application threads were stopped: 0.0049765 seconds, Stopping threads took: 0.0000186 seconds
28.439: [GC (Allocation Failure)  914285K->596813K(1035264K), 0.0062873 secs]
28.445: Total time for which application threads were stopped: 0.0064808 seconds, Stopping threads took: 0.0000194 seconds
28.513: [GC (Allocation Failure)  918861K->591019K(1034752K), 0.0027419 secs]
28.516: Total time for which application threads were stopped: 0.0028916 seconds, Stopping threads took: 0.0000166 seconds
28.586: [GC (Allocation Failure)  913067K->596837K(1035776K), 0.0056767 secs]
28.592: Total time for which application threads were stopped: 0.0058455 seconds, Stopping threads took: 0.0000163 seconds
28.661: [GC (Allocation Failure)  919397K->600941K(1034752K), 0.0054200 secs]
28.666: Total time for which application threads were stopped: 0.0055783 seconds, Stopping threads took: 0.0000197 seconds
28.733: [GC (Allocation Failure)  923501K->597035K(1035776K), 0.0035983 secs]
28.737: Total time for which application threads were stopped: 0.0037645 seconds, Stopping threads took: 0.0000199 seconds
28.805: [GC (Allocation Failure)  920619K->601101K(1035776K), 0.0051811 secs]
28.810: Total time for which application threads were stopped: 0.0053421 seconds, Stopping threads took: 0.0000196 seconds
28.878: [GC (Allocation Failure)  924685K->605069K(1035776K), 0.0048617 secs]
28.883: Total time for which application threads were stopped: 0.0050299 seconds, Stopping threads took: 0.0000195 seconds
28.951: [GC (Allocation Failure)  928653K->605101K(1035776K), 0.0050782 secs]
28.956: Total time for which application threads were stopped: 0.0052473 seconds, Stopping threads took: 0.0000199 seconds
29.022: [GC (Allocation Failure)  928685K->605125K(1034752K), 0.0057573 secs]
29.028: Total time for which application threads were stopped: 0.0059344 seconds, Stopping threads took: 0.0000196 seconds
29.096: [GC (Allocation Failure)  927685K->613127K(1035264K), 0.0047419 secs]
29.101: Total time for which application threads were stopped: 0.0049661 seconds, Stopping threads took: 0.0000194 seconds
29.169: [GC (Allocation Failure)  935687K->613095K(1035264K), 0.0049236 secs]
29.174: Total time for which application threads were stopped: 0.0050879 seconds, Stopping threads took: 0.0000255 seconds
29.241: [GC (Allocation Failure)  935655K->613159K(1022464K), 0.0057701 secs]
29.247: Total time for which application threads were stopped: 0.0059344 seconds, Stopping threads took: 0.0000281 seconds
29.316: [GC (Allocation Failure)  935719K->621130K(1034752K), 0.0048856 secs]
29.321: Total time for which application threads were stopped: 0.0050770 seconds, Stopping threads took: 0.0000188 seconds
29.391: [GC (Allocation Failure)  942666K->621130K(1034752K), 0.0046031 secs]
29.396: Total time for which application threads were stopped: 0.0047800 seconds, Stopping threads took: 0.0000187 seconds
29.463: [GC (Allocation Failure)  942666K->621386K(1033728K), 0.0055696 secs]
29.468: Total time for which application threads were stopped: 0.0057316 seconds, Stopping threads took: 0.0000199 seconds
29.537: [GC (Allocation Failure)  941898K->629164K(1034240K), 0.0047635 secs]
29.542: Total time for which application threads were stopped: 0.0049217 seconds, Stopping threads took: 0.0000197 seconds
29.609: [GC (Allocation Failure)  949676K->629196K(1034240K), 0.0046944 secs]
29.614: Total time for which application threads were stopped: 0.0048620 seconds, Stopping threads took: 0.0000175 seconds
29.682: [GC (Allocation Failure)  949708K->629612K(1034240K), 0.0057589 secs]
29.688: Total time for which application threads were stopped: 0.0059571 seconds, Stopping threads took: 0.0000197 seconds
29.755: [GC (Allocation Failure)  950124K->637230K(1034240K), 0.0050000 secs]
29.760: Total time for which application threads were stopped: 0.0051696 seconds, Stopping threads took: 0.0000191 seconds
29.826: [GC (Allocation Failure)  957742K->637230K(1034240K), 0.0051158 secs]
29.831: Total time for which application threads were stopped: 0.0052954 seconds, Stopping threads took: 0.0000198 seconds
29.897: [GC (Allocation Failure)  957742K->637350K(1033216K), 0.0059732 secs]
29.904: Total time for which application threads were stopped: 0.0061447 seconds, Stopping threads took: 0.0000207 seconds
29.972: [GC (Allocation Failure)  956838K->645256K(1033728K), 0.0048442 secs]
29.977: Total time for which application threads were stopped: 0.0050200 seconds, Stopping threads took: 0.0000196 seconds
30.045: [GC (Allocation Failure)  964744K->645224K(1033728K), 0.0050583 secs]
30.050: Total time for which application threads were stopped: 0.0052298 seconds, Stopping threads took: 0.0000206 seconds
30.116: [GC (Allocation Failure)  964712K->645256K(1033728K), 0.0058693 secs]
30.122: Total time for which application threads were stopped: 0.0060565 seconds, Stopping threads took: 0.0000195 seconds
30.189: [GC (Allocation Failure)  964744K->653259K(1033728K), 0.0064236 secs]
30.196: Total time for which application threads were stopped: 0.0066114 seconds, Stopping threads took: 0.0000258 seconds
30.263: [GC (Allocation Failure)  972747K->653291K(1033728K), 0.0051198 secs]
30.268: Total time for which application threads were stopped: 0.0052956 seconds, Stopping threads took: 0.0000279 seconds
30.333: [GC (Allocation Failure)  972779K->653515K(1033728K), 0.0058694 secs]
30.339: Total time for which application threads were stopped: 0.0060437 seconds, Stopping threads took: 0.0000211 seconds
30.406: [GC (Allocation Failure)  973003K->661325K(1027072K), 0.0051380 secs]
30.411: Total time for which application threads were stopped: 0.0053080 seconds, Stopping threads took: 0.0000198 seconds
30.478: [GC (Allocation Failure)  980813K->656939K(1034240K), 0.0066013 secs]
30.485: Total time for which application threads were stopped: 0.0067709 seconds, Stopping threads took: 0.0000198 seconds
30.551: [GC (Allocation Failure)  976427K->661493K(1033216K), 0.0052651 secs]
30.557: Total time for which application threads were stopped: 0.0054582 seconds, Stopping threads took: 0.0000200 seconds
30.626: [GC (Allocation Failure)  980981K->665469K(1034752K), 0.0048822 secs]
30.631: Total time for which application threads were stopped: 0.0050611 seconds, Stopping threads took: 0.0000171 seconds
30.700: [GC (Allocation Failure)  987005K->658235K(1034752K), 0.0021362 secs]
30.702: Total time for which application threads were stopped: 0.0022796 seconds, Stopping threads took: 0.0000190 seconds
30.770: [GC (Allocation Failure)  979771K->665573K(1034752K), 0.0050494 secs]
30.775: Total time for which application threads were stopped: 0.0052199 seconds, Stopping threads took: 0.0000197 seconds
30.842: [GC (Allocation Failure)  987109K->669605K(1029120K), 0.0062685 secs]
30.848: Total time for which application threads were stopped: 0.0064406 seconds, Stopping threads took: 0.0000199 seconds
30.913: [GC (Allocation Failure)  991141K->663587K(1034752K), 0.0027934 secs]
30.916: Total time for which application threads were stopped: 0.0029539 seconds, Stopping threads took: 0.0000193 seconds
30.984: [GC (Allocation Failure)  984611K->669701K(1034240K), 0.0051018 secs]
30.989: Total time for which application threads were stopped: 0.0052785 seconds, Stopping threads took: 0.0000225 seconds
31.056: [GC (Allocation Failure)  990725K->673725K(1034240K), 0.0055821 secs]
31.062: Total time for which application threads were stopped: 0.0057514 seconds, Stopping threads took: 0.0000203 seconds
31.129: [GC (Allocation Failure)  995261K->667931K(1034752K), 0.0027682 secs]
31.132: Total time for which application threads were stopped: 0.0029310 seconds, Stopping threads took: 0.0000201 seconds
31.198: [GC (Allocation Failure)  989467K->673749K(1035776K), 0.0050098 secs]
31.203: Total time for which application threads were stopped: 0.0051743 seconds, Stopping threads took: 0.0000195 seconds
31.269: [GC (Allocation Failure)  996821K->677861K(1035264K), 0.0055551 secs]
31.275: Total time for which application threads were stopped: 0.0057487 seconds, Stopping threads took: 0.0000198 seconds
31.341: [GC (Allocation Failure)  1000933K->673955K(1035776K), 0.0038267 secs]
31.345: Total time for which application threads were stopped: 0.0039932 seconds, Stopping threads took: 0.0000202 seconds
31.412: [GC (Allocation Failure)  997027K->678029K(1035264K), 0.0051786 secs]
31.417: Total time for which application threads were stopped: 0.0053341 seconds, Stopping threads took: 0.0000192 seconds
31.487: [GC (Allocation Failure)  1001101K->682029K(1035264K), 0.0047630 secs]
31.492: Total time for which application threads were stopped: 0.0049306 seconds, Stopping threads took: 0.0000165 seconds
31.562: [GC (Allocation Failure)  1005613K->682061K(1035776K), 0.0049081 secs]
31.567: Total time for which application threads were stopped: 0.0050738 seconds, Stopping threads took: 0.0000193 seconds
31.634: [GC (Allocation Failure)  1005645K->682053K(1034752K), 0.0058348 secs]
31.639: Total time for which application threads were stopped: 0.0059947 seconds, Stopping threads took: 0.0000196 seconds
31.709: [GC (Allocation Failure)  1004613K->690055K(1035264K), 0.0048567 secs]
31.714: Total time for which application threads were stopped: 0.0050412 seconds, Stopping threads took: 0.0000261 seconds
31.780: [GC (Allocation Failure)  1012615K->690023K(1034240K), 0.0049324 secs]
31.785: Total time for which application threads were stopped: 0.0050910 seconds, Stopping threads took: 0.0000197 seconds
31.853: [GC (Allocation Failure)  1011559K->690087K(1034752K), 0.0056802 secs]
31.858: [Full GC (Ergonomics)  690087K->8527K(1034752K), 0.0158569 secs]
31.874: Total time for which application threads were stopped: 0.0217769 seconds, Stopping threads took: 0.0000192 seconds
31.943: [GC (Allocation Failure)  330063K->16625K(1034752K), 0.0038520 secs]
31.946: Total time for which application threads were stopped: 0.0040136 seconds, Stopping threads took: 0.0000209 seconds
32.015: [GC (Allocation Failure)  338161K->16609K(1029120K), 0.0034235 secs]
32.019: Total time for which application threads were stopped: 0.0035720 seconds, Stopping threads took: 0.0000170 seconds
32.086: [GC (Allocation Failure)  338145K->16873K(1034240K), 0.0037121 secs]
32.089: Total time for which application threads were stopped: 0.0038757 seconds, Stopping threads took: 0.0000193 seconds
32.157: [GC (Allocation Failure)  337385K->24652K(1034240K), 0.0037449 secs]
32.161: Total time for which application threads were stopped: 0.0039006 seconds, Stopping threads took: 0.0000191 seconds
32.230: [GC (Allocation Failure)  345164K->24620K(1034240K), 0.0037344 secs]
32.234: Total time for which application threads were stopped: 0.0038937 seconds, Stopping threads took: 0.0000193 seconds
32.301: [GC (Allocation Failure)  345132K->25092K(1034240K), 0.0037198 secs]
32.305: Total time for which application threads were stopped: 0.0040079 seconds, Stopping threads took: 0.0000192 seconds
32.373: [GC (Allocation Failure)  345604K->32678K(1033216K), 0.0038520 secs]
32.377: Total time for which application threads were stopped: 0.0040106 seconds, Stopping threads took: 0.0000190 seconds
32.443: [GC (Allocation Failure)  352166K->32678K(1033728K), 0.0035292 secs]
32.447: Total time for which application threads were stopped: 0.0037015 seconds, Stopping threads took: 0.0000192 seconds
32.515: [GC (Allocation Failure)  352166K->32814K(1033728K), 0.0039094 secs]
32.519: Total time for which application threads were stopped: 0.0040789 seconds, Stopping threads took: 0.0000191 seconds
32.587: [GC (Allocation Failure)  352302K->40720K(1033728K), 0.0042967 secs]
32.591: Total time for which application threads were stopped: 0.0044814 seconds, Stopping threads took: 0.0000173 seconds
32.659: [GC (Allocation Failure)  360208K->40720K(1033728K), 0.0036198 secs]
32.663: Total time for which application threads were stopped: 0.0037850 seconds, Stopping threads took: 0.0000195 seconds
32.730: [GC (Allocation Failure)  360208K->40776K(1033728K), 0.0038156 secs]
32.734: Total time for which application threads were stopped: 0.0039912 seconds, Stopping threads took: 0.0000275 seconds
32.800: [GC (Allocation Failure)  360264K->48746K(1032704K), 0.0038907 secs]
32.804: Total time for which application threads were stopped: 0.0040816 seconds, Stopping threads took: 0.0000200 seconds
32.873: [GC (Allocation Failure)  367210K->43208K(1033216K), 0.0014151 secs]
32.874: Total time for which application threads were stopped: 0.0015235 seconds, Stopping threads took: 0.0000168 seconds
32.941: [GC (Allocation Failure)  361672K->49010K(1034752K), 0.0038140 secs]
32.945: Total time for which application threads were stopped: 0.0039867 seconds, Stopping threads took: 0.0000193 seconds
33.012: [GC (Allocation Failure)  369522K->52898K(1033728K), 0.0037714 secs]
33.016: Total time for which application threads were stopped: 0.0039178 seconds, Stopping threads took: 0.0000196 seconds
33.084: [GC (Allocation Failure)  373410K->59784K(1029120K), 0.0067392 secs]
33.091: Total time for which application threads were stopped: 0.0069157 seconds, Stopping threads took: 0.0000269 seconds
33.159: [GC (Allocation Failure)  375176K->53706K(1031680K), 0.0039196 secs]
33.163: Total time for which application threads were stopped: 0.0040810 seconds, Stopping threads took: 0.0000197 seconds
33.229: [GC (Allocation Failure)  369098K->53514K(1032704K), 0.0038242 secs]
33.233: Total time for which application threads were stopped: 0.0039935 seconds, Stopping threads took: 0.0000265 seconds
33.298: [GC (Allocation Failure)  370442K->56938K(1032192K), 0.0045808 secs]
33.302: Total time for which application threads were stopped: 0.0047430 seconds, Stopping threads took: 0.0000197 seconds
33.369: [GC (Allocation Failure)  373866K->61677K(1033216K), 0.0038391 secs]
33.373: Total time for which application threads were stopped: 0.0040102 seconds, Stopping threads took: 0.0000200 seconds
33.441: [GC (Allocation Failure)  379629K->61581K(1032704K), 0.0038002 secs]
33.445: Total time for which application threads were stopped: 0.0039613 seconds, Stopping threads took: 0.0000204 seconds
33.511: [GC (Allocation Failure)  379533K->62573K(1033216K), 0.0037942 secs]
33.515: Total time for which application threads were stopped: 0.0039706 seconds, Stopping threads took: 0.0000272 seconds
33.583: [GC (Allocation Failure)  381037K->69615K(1033216K), 0.0037187 secs]
33.586: Total time for which application threads were stopped: 0.0038815 seconds, Stopping threads took: 0.0000193 seconds
33.655: [GC (Allocation Failure)  388079K->69583K(1033728K), 0.0039176 secs]
33.659: Total time for which application threads were stopped: 0.0040960 seconds, Stopping threads took: 0.0000195 seconds
33.727: [GC (Allocation Failure)  388559K->71271K(1033216K), 0.0040258 secs]
33.731: Total time for which application threads were stopped: 0.0042045 seconds, Stopping threads took: 0.0000221 seconds
33.799: [GC (Allocation Failure)  390247K->77673K(1033728K), 0.0037342 secs]
33.803: Total time for which application threads were stopped: 0.0038939 seconds, Stopping threads took: 0.0000197 seconds
33.871: [GC (Allocation Failure)  397161K->77641K(1033728K), 0.0038854 secs]
33.875: Total time for which application threads were stopped: 0.0040625 seconds, Stopping threads took: 0.0000206 seconds
33.941: [GC (Allocation Failure)  397129K->77961K(1033728K), 0.0038750 secs]
33.945: Total time for which application threads were stopped: 0.0040408 seconds, Stopping threads took: 0.0000206 seconds
34.012: [GC (Allocation Failure)  397449K->85643K(1033728K), 0.0040284 secs]
34.017: Total time for which application threads were stopped: 0.0042016 seconds, Stopping threads took: 0.0000205 seconds
34.084: [GC (Allocation Failure)  405131K->85611K(1033728K), 0.0044158 secs]
34.089: Total time for which application threads were stopped: 0.0045949 seconds, Stopping threads took: 0.0000215 seconds
34.155: [GC (Allocation Failure)  405099K->89259K(1033728K), 0.0045938 secs]
34.160: Total time for which application threads were stopped: 0.0047811 seconds, Stopping threads took: 0.0000216 seconds
34.228: [GC (Allocation Failure)  408747K->93774K(1034240K), 0.0038797 secs]
34.232: Total time for which application threads were stopped: 0.0040773 seconds, Stopping threads took: 0.0000274 seconds
34.301: [GC (Allocation Failure)  414286K->93678K(1034240K), 0.0036460 secs]
34.305: Total time for which application threads were stopped: 0.0037937 seconds, Stopping threads took: 0.0000164 seconds
34.371: [GC (Allocation Failure)  414190K->94406K(1034240K), 0.0039757 secs]
34.375: Total time for which application threads were stopped: 0.0041707 seconds, Stopping threads took: 0.0000203 seconds
34.444: [GC (Allocation Failure)  414918K->101704K(1034240K), 0.0038420 secs]
34.448: Total time for which application threads were stopped: 0.0040013 seconds, Stopping threads took: 0.0000167 seconds
34.516: [GC (Allocation Failure)  422216K->101672K(1034240K), 0.0036133 secs]
34.520: Total time for which application threads were stopped: 0.0037916 seconds, Stopping threads took: 0.0000194 seconds
34.587: [GC (Allocation Failure)  422184K->102632K(1034240K), 0.0040811 secs]
34.591: Total time for which application threads were stopped: 0.0042478 seconds, Stopping threads took: 0.0000245 seconds
34.661: [GC (Allocation Failure)  423144K->109770K(1034240K), 0.0040990 secs]
34.665: Total time for which application threads were stopped: 0.0042625 seconds, Stopping threads took: 0.0000189 seconds
34.733: [GC (Allocation Failure)  430282K->109738K(1034240K), 0.0040534 secs]
34.737: Total time for which application threads were stopped: 0.0042344 seconds, Stopping threads took: 0.0000261 seconds
34.804: [GC (Allocation Failure)  430250K->110922K(1034240K), 0.0039623 secs]
34.808: Total time for which application threads were stopped: 0.0041563 seconds, Stopping threads took: 0.0000408 seconds
34.876: [GC (Allocation Failure)  431434K->117772K(1034240K), 0.0039155 secs]
34.880: Total time for which application threads were stopped: 0.0040749 seconds, Stopping threads took: 0.0000198 seconds
34.947: [GC (Allocation Failure)  438284K->117772K(1034240K), 0.0039652 secs]
34.951: Total time for which application threads were stopped: 0.0041373 seconds, Stopping threads took: 0.0000188 seconds
35.018: [GC (Allocation Failure)  438284K->118084K(1020416K), 0.0040929 secs]
35.022: Total time for which application threads were stopped: 0.0042500 seconds, Stopping threads took: 0.0000195 seconds
35.092: [GC (Allocation Failure)  438596K->125863K(1033728K), 0.0038790 secs]
35.096: Total time for which application threads were stopped: 0.0040831 seconds, Stopping threads took: 0.0000317 seconds
35.163: [GC (Allocation Failure)  445351K->125799K(1033728K), 0.0039424 secs]
35.167: Total time for which application threads were stopped: 0.0041358 seconds, Stopping threads took: 0.0000215 seconds
35.234: [GC (Allocation Failure)  445287K->126343K(1033728K), 0.0038780 secs]
35.238: Total time for which application threads were stopped: 0.0040539 seconds, Stopping threads took: 0.0000269 seconds
35.305: [GC (Allocation Failure)  445831K->133929K(1033728K), 0.0038261 secs]
35.309: Total time for which application threads were stopped: 0.0039881 seconds, Stopping threads took: 0.0000191 seconds
35.376: [GC (Allocation Failure)  453417K->133833K(1033728K), 0.0044207 secs]
35.380: Total time for which application threads were stopped: 0.0045829 seconds, Stopping threads took: 0.0000192 seconds
35.447: [GC (Allocation Failure)  453321K->134569K(1033728K), 0.0038304 secs]
35.450: Total time for which application threads were stopped: 0.0039887 seconds, Stopping threads took: 0.0000195 seconds
35.518: [GC (Allocation Failure)  454057K->141867K(1033728K), 0.0038291 secs]
35.522: Total time for which application threads were stopped: 0.0040092 seconds, Stopping threads took: 0.0000193 seconds
35.589: [GC (Allocation Failure)  461355K->141835K(1033728K), 0.0046562 secs]
35.594: Total time for which application threads were stopped: 0.0048622 seconds, Stopping threads took: 0.0000273 seconds
35.661: [GC (Allocation Failure)  461323K->143875K(1033728K), 0.0043783 secs]
35.665: Total time for which application threads were stopped: 0.0045465 seconds, Stopping threads took: 0.0000196 seconds
35.734: [GC (Allocation Failure)  463363K->149894K(1033728K), 0.0039619 secs]
35.738: Total time for which application threads were stopped: 0.0041312 seconds, Stopping threads took: 0.0000279 seconds
35.805: [GC (Allocation Failure)  469382K->149894K(1033728K), 0.0037785 secs]
35.809: Total time for which application threads were stopped: 0.0039637 seconds, Stopping threads took: 0.0000205 seconds
35.875: [GC (Allocation Failure)  469382K->151046K(1033728K), 0.0041999 secs]
35.879: Total time for which application threads were stopped: 0.0043645 seconds, Stopping threads took: 0.0000209 seconds
35.947: [GC (Allocation Failure)  470534K->157928K(1033728K), 0.0040624 secs]
35.951: Total time for which application threads were stopped: 0.0042412 seconds, Stopping threads took: 0.0000197 seconds
36.018: [GC (Allocation Failure)  477416K->157960K(1033728K), 0.0037720 secs]
36.022: Total time for which application threads were stopped: 0.0039574 seconds, Stopping threads took: 0.0000253 seconds
36.088: [GC (Allocation Failure)  477448K->158280K(1033728K), 0.0040320 secs]
36.093: Total time for which application threads were stopped: 0.0041972 seconds, Stopping threads took: 0.0000196 seconds
36.160: [GC (Allocation Failure)  477768K->165994K(1033728K), 0.0038177 secs]
36.164: Total time for which application threads were stopped: 0.0040062 seconds, Stopping threads took: 0.0000191 seconds
36.232: [GC (Allocation Failure)  485482K->165962K(1033728K), 0.0058082 secs]
36.237: Total time for which application threads were stopped: 0.0059713 seconds, Stopping threads took: 0.0000273 seconds
36.305: [GC (Allocation Failure)  485450K->166474K(1033728K), 0.0039814 secs]
36.309: Total time for which application threads were stopped: 0.0041594 seconds, Stopping threads took: 0.0000256 seconds
36.377: [GC (Allocation Failure)  485962K->174028K(1033728K), 0.0041445 secs]
36.381: Total time for which application threads were stopped: 0.0043247 seconds, Stopping threads took: 0.0000203 seconds
36.450: [GC (Allocation Failure)  493516K->174028K(1033728K), 0.0042200 secs]
36.454: Total time for which application threads were stopped: 0.0044000 seconds, Stopping threads took: 0.0000206 seconds
36.521: [GC (Allocation Failure)  493516K->174724K(1033728K), 0.0040230 secs]
36.525: Total time for which application threads were stopped: 0.0041852 seconds, Stopping threads took: 0.0000196 seconds
36.595: [GC (Allocation Failure)  494212K->181991K(1033728K), 0.0044973 secs]
36.600: Total time for which application threads were stopped: 0.0046719 seconds, Stopping threads took: 0.0000193 seconds
36.667: [GC (Allocation Failure)  501479K->182023K(1033728K), 0.0041910 secs]
36.672: Total time for which application threads were stopped: 0.0043657 seconds, Stopping threads took: 0.0000275 seconds
36.739: [GC (Allocation Failure)  501511K->182951K(1033728K), 0.0040149 secs]
36.743: Total time for which application threads were stopped: 0.0041827 seconds, Stopping threads took: 0.0000216 seconds
36.811: [GC (Allocation Failure)  502439K->190057K(1033728K), 0.0040065 secs]
36.815: Total time for which application threads were stopped: 0.0041646 seconds, Stopping threads took: 0.0000188 seconds
36.881: [GC (Allocation Failure)  509545K->190057K(1033728K), 0.0039009 secs]
36.885: Total time for which application threads were stopped: 0.0040578 seconds, Stopping threads took: 0.0000192 seconds
36.951: [GC (Allocation Failure)  509545K->190177K(1033728K), 0.0041449 secs]
36.955: Total time for which application threads were stopped: 0.0043054 seconds, Stopping threads took: 0.0000193 seconds
37.023: [GC (Allocation Failure)  509665K->198083K(1027072K), 0.0039590 secs]
37.027: Total time for which application threads were stopped: 0.0041199 seconds, Stopping threads took: 0.0000193 seconds
37.094: [GC (Allocation Failure)  517571K->198083K(1033216K), 0.0040142 secs]
37.098: Total time for which application threads were stopped: 0.0041840 seconds, Stopping threads took: 0.0000195 seconds
37.165: [GC (Allocation Failure)  516547K->198411K(1033216K), 0.0041547 secs]
37.169: Total time for which application threads were stopped: 0.0043244 seconds, Stopping threads took: 0.0000196 seconds
37.238: [GC (Allocation Failure)  516875K->206157K(1033216K), 0.0039558 secs]
37.242: Total time for which application threads were stopped: 0.0041294 seconds, Stopping threads took: 0.0000207 seconds
37.308: [GC (Allocation Failure)  524621K->206125K(1033216K), 0.0040250 secs]
37.312: Total time for which application threads were stopped: 0.0041967 seconds, Stopping threads took: 0.0000204 seconds
37.379: [GC (Allocation Failure)  524589K->206629K(1033216K), 0.0042460 secs]
37.383: Total time for which application threads were stopped: 0.0044126 seconds, Stopping threads took: 0.0000209 seconds
37.449: [GC (Allocation Failure)  525093K->214152K(1033216K), 0.0041754 secs]
37.454: Total time for which application threads were stopped: 0.0043518 seconds, Stopping threads took: 0.0000295 seconds
37.522: [GC (Allocation Failure)  532616K->214120K(1033216K), 0.0039559 secs]
37.527: Total time for which application threads were stopped: 0.0041250 seconds, Stopping threads took: 0.0000200 seconds
37.591: [GC (Allocation Failure)  532584K->214376K(1033216K), 0.0047447 secs]
37.596: Total time for which application threads were stopped: 0.0049635 seconds, Stopping threads took: 0.0000193 seconds
37.662: [GC (Allocation Failure)  532840K->222154K(1033216K), 0.0039381 secs]
37.667: Total time for which application threads were stopped: 0.0041217 seconds, Stopping threads took: 0.0000171 seconds
37.733: [GC (Allocation Failure)  540618K->222218K(1033216K), 0.0038893 secs]
37.737: Total time for which application threads were stopped: 0.0040484 seconds, Stopping threads took: 0.0000258 seconds
37.804: [GC (Allocation Failure)  540682K->222346K(1033216K), 0.0039318 secs]
37.808: Total time for which application threads were stopped: 0.0041570 seconds, Stopping threads took: 0.0000204 seconds
37.877: [GC (Allocation Failure)  540810K->230188K(1033216K), 0.0041665 secs]
37.881: Total time for which application threads were stopped: 0.0043130 seconds, Stopping threads took: 0.0000166 seconds
37.947: [GC (Allocation Failure)  548652K->230252K(1033216K), 0.0042449 secs]
37.951: Total time for which application threads were stopped: 0.0044048 seconds, Stopping threads took: 0.0000193 seconds
38.016: [GC (Allocation Failure)  548716K->230276K(1033216K), 0.0042502 secs]
38.020: Total time for which application threads were stopped: 0.0044206 seconds, Stopping threads took: 0.0000201 seconds
38.090: [GC (Allocation Failure)  548740K->238278K(1033216K), 0.0042124 secs]
38.094: Total time for which application threads were stopped: 0.0043867 seconds, Stopping threads took: 0.0000215 seconds
38.159: [GC (Allocation Failure)  556742K->238246K(1033216K), 0.0040502 secs]
38.163: Total time for which application threads were stopped: 0.0042188 seconds, Stopping threads took: 0.0000198 seconds
38.228: [GC (Allocation Failure)  556710K->238574K(1033216K), 0.0065161 secs]
38.235: Total time for which application threads were stopped: 0.0066906 seconds, Stopping threads took: 0.0000256 seconds
38.300: [GC (Allocation Failure)  557038K->246289K(1033216K), 0.0041546 secs]
38.305: Total time for which application threads were stopped: 0.0043162 seconds, Stopping threads took: 0.0000196 seconds
38.372: [GC (Allocation Failure)  564753K->246289K(1033216K), 0.0039626 secs]
38.376: Total time for which application threads were stopped: 0.0041076 seconds, Stopping threads took: 0.0000188 seconds
38.443: [GC (Allocation Failure)  564753K->246537K(1033216K), 0.0041098 secs]
38.447: Total time for which application threads were stopped: 0.0042835 seconds, Stopping threads took: 0.0000164 seconds
38.512: [GC (Allocation Failure)  565001K->254315K(1033216K), 0.0040823 secs]
38.516: Total time for which application threads were stopped: 0.0042712 seconds, Stopping threads took: 0.0000197 seconds
38.581: [GC (Allocation Failure)  572779K->250409K(1033216K), 0.0114010 secs]
38.593: Total time for which application threads were stopped: 0.0115656 seconds, Stopping threads took: 0.0000199 seconds
38.661: [GC (Allocation Failure)  568873K->254475K(1034752K), 0.0042577 secs]
38.665: Total time for which application threads were stopped: 0.0044306 seconds, Stopping threads took: 0.0000205 seconds
38.733: [GC (Allocation Failure)  574987K->258475K(1033728K), 0.0040535 secs]
38.737: Total time for which application threads were stopped: 0.0042225 seconds, Stopping threads took: 0.0000259 seconds
38.805: [GC (Allocation Failure)  578987K->250601K(1034240K), 0.0010109 secs]
38.806: Total time for which application threads were stopped: 0.0011475 seconds, Stopping threads took: 0.0000203 seconds
38.876: [GC (Allocation Failure)  571113K->258515K(1034240K), 0.0043141 secs]
38.880: Total time for which application threads were stopped: 0.0044898 seconds, Stopping threads took: 0.0000206 seconds
38.948: [GC (Allocation Failure)  579027K->262595K(1033216K), 0.0055389 secs]
38.953: Total time for which application threads were stopped: 0.0057333 seconds, Stopping threads took: 0.0000202 seconds
39.021: [GC (Allocation Failure)  582083K->268321K(1032704K), 0.0065051 secs]
39.028: Total time for which application threads were stopped: 0.0066718 seconds, Stopping threads took: 0.0000186 seconds
39.094: [GC (Allocation Failure)  587809K->262851K(1031680K), 0.0040624 secs]
39.098: Total time for which application threads were stopped: 0.0042319 seconds, Stopping threads took: 0.0000200 seconds
39.168: [GC (Allocation Failure)  579267K->262595K(1032192K), 0.0040631 secs]
39.172: Total time for which application threads were stopped: 0.0042194 seconds, Stopping threads took: 0.0000187 seconds
39.237: [GC (Allocation Failure)  579011K->257249K(1032704K), 0.0020286 secs]
39.239: Total time for which application threads were stopped: 0.0021989 seconds, Stopping threads took: 0.0000182 seconds
39.307: [GC (Allocation Failure)  574689K->262819K(1032704K), 0.0041823 secs]
39.311: Total time for which application threads were stopped: 0.0043398 seconds, Stopping threads took: 0.0000190 seconds
39.378: [GC (Allocation Failure)  580259K->262595K(1033216K), 0.0041727 secs]
39.382: Total time for which application threads were stopped: 0.0043422 seconds, Stopping threads took: 0.0000195 seconds
39.447: [GC (Allocation Failure)  580547K->262955K(1032704K), 0.0043359 secs]
39.452: Total time for which application threads were stopped: 0.0045030 seconds, Stopping threads took: 0.0000196 seconds
39.518: [GC (Allocation Failure)  580907K->270637K(1033216K), 0.0042215 secs]
39.522: Total time for which application threads were stopped: 0.0044143 seconds, Stopping threads took: 0.0000195 seconds
39.591: [GC (Allocation Failure)  589101K->270605K(1033216K), 0.0071201 secs]
39.598: Total time for which application threads were stopped: 0.0073113 seconds, Stopping threads took: 0.0000455 seconds
39.664: [GC (Allocation Failure)  589069K->274757K(1033728K), 0.0051453 secs]
39.669: Total time for which application threads were stopped: 0.0053244 seconds, Stopping threads took: 0.0000166 seconds
39.739: [GC (Allocation Failure)  593733K->278728K(1033216K), 0.0039287 secs]
39.743: Total time for which application threads were stopped: 0.0040739 seconds, Stopping threads took: 0.0000258 seconds
39.811: [GC (Allocation Failure)  597704K->278696K(1034240K), 0.0041826 secs]
39.816: Total time for which application threads were stopped: 0.0043513 seconds, Stopping threads took: 0.0000190 seconds
39.882: [GC (Allocation Failure)  599208K->281960K(1034240K), 0.0059714 secs]
39.889: Total time for which application threads were stopped: 0.0061280 seconds, Stopping threads took: 0.0000186 seconds
39.956: [GC (Allocation Failure)  602472K->286730K(1034240K), 0.0041782 secs]
39.960: Total time for which application threads were stopped: 0.0043363 seconds, Stopping threads took: 0.0000190 seconds
40.028: [GC (Allocation Failure)  607242K->286730K(1034240K), 0.0040785 secs]
40.032: Total time for which application threads were stopped: 0.0042859 seconds, Stopping threads took: 0.0000189 seconds
40.101: [GC (Allocation Failure)  607242K->288170K(1033728K), 0.0043264 secs]
40.105: Total time for which application threads were stopped: 0.0044834 seconds, Stopping threads took: 0.0000161 seconds
40.175: [GC (Allocation Failure)  608682K->294764K(1034240K), 0.0039739 secs]
40.179: Total time for which application threads were stopped: 0.0041237 seconds, Stopping threads took: 0.0000171 seconds
40.248: [GC (Allocation Failure)  615276K->294732K(1034752K), 0.0044492 secs]
40.252: Total time for which application threads were stopped: 0.0046165 seconds, Stopping threads took: 0.0000213 seconds
40.319: [GC (Allocation Failure)  615756K->294860K(1034240K), 0.0044035 secs]
40.323: Total time for which application threads were stopped: 0.0045954 seconds, Stopping threads took: 0.0000193 seconds
40.390: [GC (Allocation Failure)  615884K->302830K(1034240K), 0.0042499 secs]
40.394: Total time for which application threads were stopped: 0.0044206 seconds, Stopping threads took: 0.0000202 seconds
40.460: [GC (Allocation Failure)  623342K->302734K(1034240K), 0.0042432 secs]
40.464: Total time for which application threads were stopped: 0.0044137 seconds, Stopping threads took: 0.0000195 seconds
40.533: [GC (Allocation Failure)  623246K->305638K(1034240K), 0.0046532 secs]
40.538: Total time for which application threads were stopped: 0.0048202 seconds, Stopping threads took: 0.0000190 seconds
40.606: [GC (Allocation Failure)  626150K->310889K(1034240K), 0.0040504 secs]
40.610: Total time for which application threads were stopped: 0.0042024 seconds, Stopping threads took: 0.0000165 seconds
40.680: [GC (Allocation Failure)  631401K->310825K(1034752K), 0.0041239 secs]
40.684: Total time for which application threads were stopped: 0.0042729 seconds, Stopping threads took: 0.0000257 seconds
40.751: [GC (Allocation Failure)  631849K->312361K(1034240K), 0.0044350 secs]
40.756: Total time for which application threads were stopped: 0.0045943 seconds, Stopping threads took: 0.0000191 seconds
40.824: [GC (Allocation Failure)  633385K->318891K(1034240K), 0.0041755 secs]
40.828: Total time for which application threads were stopped: 0.0043336 seconds, Stopping threads took: 0.0000189 seconds
40.897: [GC (Allocation Failure)  639403K->318827K(1034240K), 0.0042599 secs]
40.902: Total time for which application threads were stopped: 0.0044497 seconds, Stopping threads took: 0.0000191 seconds
40.970: [GC (Allocation Failure)  639339K->319051K(1034240K), 0.0040831 secs]
40.975: Total time for which application threads were stopped: 0.0042324 seconds, Stopping threads took: 0.0000162 seconds
41.043: [GC (Allocation Failure)  639563K->326861K(1034240K), 0.0041433 secs]
41.047: Total time for which application threads were stopped: 0.0043157 seconds, Stopping threads took: 0.0000186 seconds
41.116: [GC (Allocation Failure)  647373K->326893K(1034240K), 0.0042129 secs]
41.121: Total time for which application threads were stopped: 0.0043777 seconds, Stopping threads took: 0.0000189 seconds
41.187: [GC (Allocation Failure)  647405K->329325K(1034240K), 0.0046301 secs]
41.192: Total time for which application threads were stopped: 0.0047826 seconds, Stopping threads took: 0.0000258 seconds
41.262: [GC (Allocation Failure)  649837K->334927K(1034240K), 0.0042997 secs]
41.266: Total time for which application threads were stopped: 0.0044600 seconds, Stopping threads took: 0.0000169 seconds
41.334: [GC (Allocation Failure)  655439K->334895K(1034240K), 0.0042480 secs]
41.339: Total time for which application threads were stopped: 0.0044103 seconds, Stopping threads took: 0.0000196 seconds
41.407: [GC (Allocation Failure)  655407K->335495K(1034240K), 0.0043270 secs]
41.411: Total time for which application threads were stopped: 0.0044970 seconds, Stopping threads took: 0.0000193 seconds
41.479: [GC (Allocation Failure)  656007K->342954K(1034240K), 0.0043652 secs]
41.483: Total time for which application threads were stopped: 0.0045238 seconds, Stopping threads took: 0.0000204 seconds
41.553: [GC (Allocation Failure)  663466K->342922K(1034240K), 0.0041673 secs]
41.557: Total time for which application threads were stopped: 0.0043229 seconds, Stopping threads took: 0.0000187 seconds
41.625: [GC (Allocation Failure)  663434K->343722K(1034240K), 0.0044847 secs]
41.629: Total time for which application threads were stopped: 0.0046512 seconds, Stopping threads took: 0.0000190 seconds
41.698: [GC (Allocation Failure)  664234K->351052K(1033216K), 0.0043179 secs]
41.702: Total time for which application threads were stopped: 0.0044909 seconds, Stopping threads took: 0.0000258 seconds
41.769: [GC (Allocation Failure)  670540K->350988K(1033728K), 0.0042612 secs]
41.773: Total time for which application threads were stopped: 0.0044201 seconds, Stopping threads took: 0.0000189 seconds
41.840: [GC (Allocation Failure)  670476K->352012K(1033216K), 0.0042482 secs]
41.844: Total time for which application threads were stopped: 0.0044170 seconds, Stopping threads took: 0.0000190 seconds
41.911: [GC (Allocation Failure)  671500K->359054K(1033728K), 0.0044257 secs]
41.916: Total time for which application threads were stopped: 0.0046014 seconds, Stopping threads took: 0.0000213 seconds
41.982: [GC (Allocation Failure)  678542K->358990K(1033728K), 0.0045350 secs]
41.987: Total time for which application threads were stopped: 0.0047059 seconds, Stopping threads took: 0.0000200 seconds
42.054: [GC (Allocation Failure)  678478K->359214K(1033728K), 0.0044245 secs]
42.058: Total time for which application threads were stopped: 0.0045959 seconds, Stopping threads took: 0.0000204 seconds
42.126: [GC (Allocation Failure)  678702K->367088K(1033728K), 0.0043532 secs]
42.130: Total time for which application threads were stopped: 0.0045139 seconds, Stopping threads took: 0.0000200 seconds
42.199: [GC (Allocation Failure)  686576K->367024K(1033728K), 0.0043954 secs]
42.203: Total time for which application threads were stopped: 0.0045517 seconds, Stopping threads took: 0.0000256 seconds
42.270: [GC (Allocation Failure)  686512K->368424K(1033728K), 0.0044304 secs]
42.274: Total time for which application threads were stopped: 0.0046022 seconds, Stopping threads took: 0.0000283 seconds
42.343: [GC (Allocation Failure)  687912K->375115K(1033728K), 0.0041723 secs]
42.347: Total time for which application threads were stopped: 0.0043668 seconds, Stopping threads took: 0.0000196 seconds
42.416: [GC (Allocation Failure)  694603K->375051K(1033728K), 0.0042406 secs]
42.420: Total time for which application threads were stopped: 0.0044225 seconds, Stopping threads took: 0.0000172 seconds
42.488: [GC (Allocation Failure)  694539K->375659K(1033728K), 0.0044087 secs]
42.493: Total time for which application threads were stopped: 0.0046022 seconds, Stopping threads took: 0.0000379 seconds
42.562: [GC (Allocation Failure)  695147K->383149K(1033728K), 0.0041939 secs]
42.567: Total time for which application threads were stopped: 0.0043522 seconds, Stopping threads took: 0.0000163 seconds
42.635: [GC (Allocation Failure)  702637K->383117K(1033728K), 0.0042216 secs]
42.639: Total time for which application threads were stopped: 0.0043899 seconds, Stopping threads took: 0.0000191 seconds
42.706: [GC (Allocation Failure)  702605K->383141K(1033728K), 0.0044422 secs]
42.710: Total time for which application threads were stopped: 0.0046418 seconds, Stopping threads took: 0.0000257 seconds
42.779: [GC (Allocation Failure)  702629K->391079K(1033728K), 0.0043709 secs]
42.783: Total time for which application threads were stopped: 0.0045187 seconds, Stopping threads took: 0.0000168 seconds
42.850: [GC (Allocation Failure)  710567K->391111K(1033728K), 0.0043481 secs]
42.854: Total time for which application threads were stopped: 0.0045326 seconds, Stopping threads took: 0.0000217 seconds
42.922: [GC (Allocation Failure)  710599K->392103K(1033728K), 0.0044385 secs]
42.927: Total time for which application threads were stopped: 0.0046039 seconds, Stopping threads took: 0.0000193 seconds
42.994: [GC (Allocation Failure)  711591K->399242K(1033728K), 0.0043772 secs]
42.998: Total time for which application threads were stopped: 0.0045392 seconds, Stopping threads took: 0.0000200 seconds
43.066: [GC (Allocation Failure)  718730K->399146K(1033728K), 0.0042517 secs]
43.071: Total time for which application threads were stopped: 0.0043996 seconds, Stopping threads took: 0.0000172 seconds
43.137: [GC (Allocation Failure)  718634K->399274K(1032704K), 0.0043997 secs]
43.142: Total time for which application threads were stopped: 0.0045705 seconds, Stopping threads took: 0.0000201 seconds
43.209: [GC (Allocation Failure)  717738K->407212K(1033216K), 0.0042378 secs]
43.214: Total time for which application threads were stopped: 0.0044145 seconds, Stopping threads took: 0.0000258 seconds
43.281: [GC (Allocation Failure)  725676K->407180K(1033216K), 0.0042130 secs]
43.285: Total time for which application threads were stopped: 0.0043827 seconds, Stopping threads took: 0.0000195 seconds
43.352: [GC (Allocation Failure)  725644K->407492K(1033216K), 0.0046160 secs]
43.357: Total time for which application threads were stopped: 0.0048064 seconds, Stopping threads took: 0.0000196 seconds
43.424: [GC (Allocation Failure)  725956K->415238K(1033216K), 0.0045108 secs]
43.429: Total time for which application threads were stopped: 0.0046714 seconds, Stopping threads took: 0.0000197 seconds
43.496: [GC (Allocation Failure)  733702K->415238K(1033216K), 0.0044659 secs]
43.501: Total time for which application threads were stopped: 0.0046579 seconds, Stopping threads took: 0.0000194 seconds
43.569: [GC (Allocation Failure)  733702K->415750K(1033216K), 0.0045363 secs]
43.573: Total time for which application threads were stopped: 0.0046977 seconds, Stopping threads took: 0.0000192 seconds
43.641: [GC (Allocation Failure)  734214K->423272K(1033216K), 0.0044297 secs]
43.646: Total time for which application threads were stopped: 0.0045884 seconds, Stopping threads took: 0.0000194 seconds
43.713: [GC (Allocation Failure)  741736K->423272K(1033216K), 0.0044903 secs]
43.717: Total time for which application threads were stopped: 0.0046378 seconds, Stopping threads took: 0.0000193 seconds
43.785: [GC (Allocation Failure)  741736K->423976K(1033216K), 0.0043732 secs]
43.790: Total time for which application threads were stopped: 0.0045244 seconds, Stopping threads took: 0.0000170 seconds
43.857: [GC (Allocation Failure)  742440K->431307K(1033216K), 0.0045765 secs]
43.862: Total time for which application threads were stopped: 0.0047465 seconds, Stopping threads took: 0.0000201 seconds
43.927: [GC (Allocation Failure)  749771K->431275K(1033216K), 0.0045220 secs]
43.931: Total time for which application threads were stopped: 0.0047012 seconds, Stopping threads took: 0.0000196 seconds
43.996: [GC (Allocation Failure)  749739K->431435K(1033216K), 0.0043591 secs]
44.000: Total time for which application threads were stopped: 0.0045142 seconds, Stopping threads took: 0.0000196 seconds
44.067: [GC (Allocation Failure)  749899K->439309K(1033216K), 0.0046657 secs]
44.072: Total time for which application threads were stopped: 0.0048628 seconds, Stopping threads took: 0.0000214 seconds
44.141: [GC (Allocation Failure)  757773K->439309K(1033216K), 0.0043865 secs]
44.145: Total time for which application threads were stopped: 0.0045419 seconds, Stopping threads took: 0.0000170 seconds
44.210: [GC (Allocation Failure)  757773K->439373K(1033216K), 0.0044939 secs]
44.215: Total time for which application threads were stopped: 0.0046779 seconds, Stopping threads took: 0.0000191 seconds
44.281: [GC (Allocation Failure)  757837K->447375K(1033216K), 0.0045147 secs]
44.285: Total time for which application threads were stopped: 0.0046753 seconds, Stopping threads took: 0.0000193 seconds
44.351: [GC (Allocation Failure)  765839K->447343K(1033216K), 0.0043661 secs]
44.355: Total time for which application threads were stopped: 0.0045221 seconds, Stopping threads took: 0.0000190 seconds
44.423: [GC (Allocation Failure)  765807K->447655K(1033216K), 0.0044325 secs]
44.427: Total time for which application threads were stopped: 0.0046229 seconds, Stopping threads took: 0.0000188 seconds
44.494: [GC (Allocation Failure)  766119K->455401K(1033216K), 0.0045668 secs]
44.498: Total time for which application threads were stopped: 0.0047154 seconds, Stopping threads took: 0.0000166 seconds
44.564: [GC (Allocation Failure)  773865K->455369K(1033216K), 0.0046313 secs]
44.569: Total time for which application threads were stopped: 0.0048075 seconds, Stopping threads took: 0.0000278 seconds
44.634: [GC (Allocation Failure)  773833K->455881K(1033216K), 0.0045825 secs]
44.639: Total time for which application threads were stopped: 0.0047447 seconds, Stopping threads took: 0.0000200 seconds
44.706: [GC (Allocation Failure)  774345K->463436K(1033216K), 0.0043716 secs]
44.711: Total time for which application threads were stopped: 0.0045435 seconds, Stopping threads took: 0.0000258 seconds
44.778: [GC (Allocation Failure)  781900K->463436K(1033216K), 0.0044919 secs]
44.782: Total time for which application threads were stopped: 0.0046490 seconds, Stopping threads took: 0.0000165 seconds
44.847: [GC (Allocation Failure)  781900K->463628K(1033216K), 0.0047087 secs]
44.852: Total time for which application threads were stopped: 0.0048649 seconds, Stopping threads took: 0.0000195 seconds
44.919: [GC (Allocation Failure)  782092K->471438K(1033216K), 0.0046368 secs]
44.924: Total time for which application threads were stopped: 0.0048121 seconds, Stopping threads took: 0.0000195 seconds
44.990: [GC (Allocation Failure)  789902K->467532K(1033728K), 0.0036230 secs]
44.993: Total time for which application threads were stopped: 0.0038076 seconds, Stopping threads took: 0.0000191 seconds
45.062: [GC (Allocation Failure)  786508K->471598K(1033216K), 0.0045758 secs]
45.066: Total time for which application threads were stopped: 0.0047243 seconds, Stopping threads took: 0.0000166 seconds
45.133: [GC (Allocation Failure)  790574K->475598K(1033728K), 0.0046689 secs]
45.138: Total time for which application threads were stopped: 0.0048315 seconds, Stopping threads took: 0.0000203 seconds
45.206: [GC (Allocation Failure)  796110K->483084K(1034240K), 0.0076664 secs]
45.214: Total time for which application threads were stopped: 0.0078567 seconds, Stopping threads took: 0.0000259 seconds
45.282: [GC (Allocation Failure)  803596K->476878K(1029120K), 0.0047364 secs]
45.287: Total time for which application threads were stopped: 0.0048840 seconds, Stopping threads took: 0.0000162 seconds
45.353: [GC (Allocation Failure)  792270K->476814K(1031680K), 0.0044737 secs]
45.358: Total time for which application threads were stopped: 0.0046317 seconds, Stopping threads took: 0.0000192 seconds
45.422: [GC (Allocation Failure)  792206K->472300K(1032704K), 0.0028321 secs]
45.425: Total time for which application threads were stopped: 0.0029912 seconds, Stopping threads took: 0.0000193 seconds
45.493: [GC (Allocation Failure)  789228K->477070K(1032192K), 0.0043427 secs]
45.497: Total time for which application threads were stopped: 0.0045156 seconds, Stopping threads took: 0.0000199 seconds
45.565: [GC (Allocation Failure)  793998K->476814K(1033216K), 0.0047146 secs]
45.570: Total time for which application threads were stopped: 0.0048857 seconds, Stopping threads took: 0.0000199 seconds
45.637: [GC (Allocation Failure)  794766K->476934K(1032704K), 0.0045604 secs]
45.642: Total time for which application threads were stopped: 0.0047228 seconds, Stopping threads took: 0.0000194 seconds
45.710: [GC (Allocation Failure)  794886K->484904K(1033216K), 0.0044185 secs]
45.714: Total time for which application threads were stopped: 0.0045785 seconds, Stopping threads took: 0.0000263 seconds
45.782: [GC (Allocation Failure)  803368K->484840K(1033216K), 0.0044837 secs]
45.786: Total time for which application threads were stopped: 0.0046805 seconds, Stopping threads took: 0.0000199 seconds
45.852: [GC (Allocation Failure)  803304K->488776K(1033728K), 0.0055125 secs]
45.858: Total time for which application threads were stopped: 0.0056929 seconds, Stopping threads took: 0.0000277 seconds
45.926: [GC (Allocation Failure)  807752K->493002K(1033216K), 0.0046582 secs]
45.931: Total time for which application threads were stopped: 0.0048321 seconds, Stopping threads took: 0.0000205 seconds
45.998: [GC (Allocation Failure)  811978K->492906K(1034240K), 0.0047448 secs]
46.003: Total time for which application threads were stopped: 0.0049153 seconds, Stopping threads took: 0.0000200 seconds
46.070: [GC (Allocation Failure)  812906K->495466K(1033728K), 0.0049876 secs]
46.075: Total time for which application threads were stopped: 0.0051583 seconds, Stopping threads took: 0.0000201 seconds
46.143: [GC (Allocation Failure)  815466K->500973K(1034240K), 0.0045490 secs]
46.148: Total time for which application threads were stopped: 0.0047150 seconds, Stopping threads took: 0.0000251 seconds
46.216: [GC (Allocation Failure)  821485K->500877K(1034240K), 0.0064208 secs]
46.222: Total time for which application threads were stopped: 0.0065828 seconds, Stopping threads took: 0.0000271 seconds
46.290: [GC (Allocation Failure)  821389K->501133K(1034240K), 0.0046151 secs]
46.295: Total time for which application threads were stopped: 0.0048133 seconds, Stopping threads took: 0.0000245 seconds
46.363: [GC (Allocation Failure)  821645K->508943K(1034240K), 0.0045991 secs]
46.367: Total time for which application threads were stopped: 0.0047617 seconds, Stopping threads took: 0.0000195 seconds
46.435: [GC (Allocation Failure)  829455K->508943K(1034240K), 0.0045706 secs]
46.440: Total time for which application threads were stopped: 0.0047668 seconds, Stopping threads took: 0.0000196 seconds
46.508: [GC (Allocation Failure)  829455K->511431K(1034240K), 0.0048912 secs]
46.513: Total time for which application threads were stopped: 0.0050591 seconds, Stopping threads took: 0.0000211 seconds
46.581: [GC (Allocation Failure)  831943K->517001K(1034240K), 0.0052234 secs]
46.586: Total time for which application threads were stopped: 0.0053873 seconds, Stopping threads took: 0.0000196 seconds
46.655: [GC (Allocation Failure)  837513K->516969K(1034240K), 0.0044275 secs]
46.659: Total time for which application threads were stopped: 0.0045979 seconds, Stopping threads took: 0.0000190 seconds
46.727: [GC (Allocation Failure)  837481K->517569K(1034240K), 0.0054188 secs]
46.732: Total time for which application threads were stopped: 0.0055893 seconds, Stopping threads took: 0.0000196 seconds
46.800: [GC (Allocation Failure)  838081K->524995K(1034240K), 0.0053390 secs]
46.806: Total time for which application threads were stopped: 0.0055099 seconds, Stopping threads took: 0.0000199 seconds
46.874: [GC (Allocation Failure)  845507K->525027K(1034240K), 0.0046432 secs]
46.878: Total time for which application threads were stopped: 0.0048362 seconds, Stopping threads took: 0.0000189 seconds
46.947: [GC (Allocation Failure)  845539K->527883K(1034240K), 0.0052393 secs]
46.952: Total time for which application threads were stopped: 0.0054003 seconds, Stopping threads took: 0.0000189 seconds
47.020: [GC (Allocation Failure)  848395K->533134K(1034240K), 0.0044378 secs]
47.024: Total time for which application threads were stopped: 0.0046153 seconds, Stopping threads took: 0.0000200 seconds
47.092: [GC (Allocation Failure)  853646K->533038K(1034240K), 0.0044843 secs]
47.096: Total time for which application threads were stopped: 0.0046438 seconds, Stopping threads took: 0.0000189 seconds
47.165: [GC (Allocation Failure)  853550K->534054K(1034240K), 0.0049526 secs]
47.170: Total time for which application threads were stopped: 0.0051296 seconds, Stopping threads took: 0.0000272 seconds
47.239: [GC (Allocation Failure)  854566K->541128K(1034240K), 0.0047330 secs]
47.244: Total time for which application threads were stopped: 0.0048881 seconds, Stopping threads took: 0.0000258 seconds
47.311: [GC (Allocation Failure)  861640K->541064K(1034240K), 0.0046208 secs]
47.316: Total time for which application threads were stopped: 0.0047865 seconds, Stopping threads took: 0.0000187 seconds
47.383: [GC (Allocation Failure)  861576K->541288K(1034240K), 0.0046686 secs]
47.387: Total time for which application threads were stopped: 0.0048300 seconds, Stopping threads took: 0.0000196 seconds
47.455: [GC (Allocation Failure)  861800K->549130K(1034240K), 0.0046701 secs]
47.460: Total time for which application threads were stopped: 0.0048400 seconds, Stopping threads took: 0.0000201 seconds
47.527: [GC (Allocation Failure)  869642K->549098K(1034240K), 0.0045884 secs]
47.532: Total time for which application threads were stopped: 0.0047627 seconds, Stopping threads took: 0.0000195 seconds
47.599: [GC (Allocation Failure)  869610K->550538K(1034240K), 0.0047299 secs]
47.604: Total time for which application threads were stopped: 0.0049184 seconds, Stopping threads took: 0.0000256 seconds
47.672: [GC (Allocation Failure)  871050K->557229K(1034240K), 0.0047825 secs]
47.677: Total time for which application threads were stopped: 0.0049389 seconds, Stopping threads took: 0.0000191 seconds
47.744: [GC (Allocation Failure)  877741K->557133K(1034240K), 0.0044552 secs]
47.749: Total time for which application threads were stopped: 0.0046300 seconds, Stopping threads took: 0.0000193 seconds
47.817: [GC (Allocation Failure)  877645K->557197K(1020416K), 0.0045940 secs]
47.822: Total time for which application threads were stopped: 0.0047494 seconds, Stopping threads took: 0.0000172 seconds
47.890: [GC (Allocation Failure)  877709K->565167K(1033728K), 0.0048498 secs]
47.895: Total time for which application threads were stopped: 0.0050409 seconds, Stopping threads took: 0.0000188 seconds
47.962: [GC (Allocation Failure)  884655K->565167K(1033728K), 0.0047667 secs]
47.967: Total time for which application threads were stopped: 0.0049495 seconds, Stopping threads took: 0.0000172 seconds
48.033: [GC (Allocation Failure)  884655K->565447K(1033728K), 0.0047747 secs]
48.038: Total time for which application threads were stopped: 0.0049348 seconds, Stopping threads took: 0.0000193 seconds
48.106: [GC (Allocation Failure)  884935K->573161K(1033728K), 0.0048526 secs]
48.111: Total time for which application threads were stopped: 0.0050228 seconds, Stopping threads took: 0.0000201 seconds
48.178: [GC (Allocation Failure)  892649K->573193K(1033728K), 0.0047212 secs]
48.183: Total time for which application threads were stopped: 0.0048956 seconds, Stopping threads took: 0.0000263 seconds
48.249: [GC (Allocation Failure)  892681K->574185K(1033728K), 0.0046692 secs]
48.254: Total time for which application threads were stopped: 0.0048314 seconds, Stopping threads took: 0.0000260 seconds
48.323: [GC (Allocation Failure)  893673K->581259K(1033728K), 0.0048874 secs]
48.328: Total time for which application threads were stopped: 0.0050428 seconds, Stopping threads took: 0.0000190 seconds
48.395: [GC (Allocation Failure)  900747K->581227K(1033728K), 0.0046072 secs]
48.399: Total time for which application threads were stopped: 0.0047990 seconds, Stopping threads took: 0.0000192 seconds
48.465: [GC (Allocation Failure)  900715K->581387K(1033728K), 0.0048321 secs]
48.470: Total time for which application threads were stopped: 0.0050182 seconds, Stopping threads took: 0.0000168 seconds
48.537: [GC (Allocation Failure)  900875K->589294K(1033728K), 0.0047119 secs]
48.542: Total time for which application threads were stopped: 0.0048788 seconds, Stopping threads took: 0.0000167 seconds
48.611: [GC (Allocation Failure)  908782K->589262K(1033728K), 0.0046695 secs]
48.615: Total time for which application threads were stopped: 0.0048598 seconds, Stopping threads took: 0.0000190 seconds
48.680: [GC (Allocation Failure)  908750K->590662K(1033728K), 0.0049020 secs]
48.685: Total time for which application threads were stopped: 0.0050658 seconds, Stopping threads took: 0.0000189 seconds
48.754: [GC (Allocation Failure)  910150K->597320K(1033728K), 0.0048932 secs]
48.759: Total time for which application threads were stopped: 0.0050616 seconds, Stopping threads took: 0.0000280 seconds
48.827: [GC (Allocation Failure)  916808K->597288K(1033728K), 0.0046744 secs]
48.832: Total time for which application threads were stopped: 0.0048368 seconds, Stopping threads took: 0.0000201 seconds
48.897: [GC (Allocation Failure)  916776K->597864K(1033728K), 0.0047768 secs]
48.902: Total time for which application threads were stopped: 0.0049598 seconds, Stopping threads took: 0.0000206 seconds
48.971: [GC (Allocation Failure)  917352K->605354K(1033728K), 0.0047647 secs]
48.976: Total time for which application threads were stopped: 0.0049582 seconds, Stopping threads took: 0.0000203 seconds
49.045: [GC (Allocation Failure)  924842K->605322K(1033728K), 0.0048037 secs]
49.050: Total time for which application threads were stopped: 0.0051080 seconds, Stopping threads took: 0.0000199 seconds
49.116: [GC (Allocation Failure)  924810K->606122K(1033728K), 0.0049307 secs]
49.121: Total time for which application threads were stopped: 0.0051201 seconds, Stopping threads took: 0.0000270 seconds
49.190: [GC (Allocation Failure)  925610K->613388K(1033728K), 0.0046549 secs]
49.195: Total time for which application threads were stopped: 0.0048093 seconds, Stopping threads took: 0.0000259 seconds
49.265: [GC (Allocation Failure)  932876K->613324K(1033728K), 0.0049415 secs]
49.270: Total time for which application threads were stopped: 0.0051239 seconds, Stopping threads took: 0.0000185 seconds
49.335: [GC (Allocation Failure)  932812K->614348K(1033728K), 0.0049606 secs]
49.341: Total time for which application threads were stopped: 0.0051297 seconds, Stopping threads took: 0.0000193 seconds
49.406: [GC (Allocation Failure)  933836K->621423K(1033728K), 0.0048906 secs]
49.411: Total time for which application threads were stopped: 0.0050586 seconds, Stopping threads took: 0.0000192 seconds
49.479: [GC (Allocation Failure)  940911K->621423K(1033728K), 0.0045730 secs]
49.484: Total time for which application threads were stopped: 0.0047432 seconds, Stopping threads took: 0.0000198 seconds
49.550: [GC (Allocation Failure)  940911K->621543K(1019392K), 0.0049712 secs]
49.555: Total time for which application threads were stopped: 0.0051323 seconds, Stopping threads took: 0.0000195 seconds
49.623: [GC (Allocation Failure)  941031K->629417K(1033216K), 0.0049127 secs]
49.628: Total time for which application threads were stopped: 0.0050717 seconds, Stopping threads took: 0.0000197 seconds
49.695: [GC (Allocation Failure)  947881K->629417K(1033216K), 0.0046822 secs]
49.699: Total time for which application threads were stopped: 0.0048415 seconds, Stopping threads took: 0.0000194 seconds
49.765: [GC (Allocation Failure)  947881K->629801K(1033216K), 0.0048941 secs]
49.770: Total time for which application threads were stopped: 0.0050653 seconds, Stopping threads took: 0.0000223 seconds
49.837: [GC (Allocation Failure)  948265K->637451K(1033216K), 0.0047204 secs]
49.842: Total time for which application threads were stopped: 0.0048756 seconds, Stopping threads took: 0.0000187 seconds
49.908: [GC (Allocation Failure)  955915K->637483K(1033216K), 0.0051385 secs]
49.913: Total time for which application threads were stopped: 0.0053204 seconds, Stopping threads took: 0.0000201 seconds
49.980: [GC (Allocation Failure)  955947K->637995K(1033216K), 0.0048298 secs]
49.984: Total time for which application threads were stopped: 0.0049977 seconds, Stopping threads took: 0.0000209 seconds
50.052: [GC (Allocation Failure)  956459K->645517K(1033216K), 0.0049199 secs]
50.057: Total time for which application threads were stopped: 0.0051164 seconds, Stopping threads took: 0.0000207 seconds
50.126: [GC (Allocation Failure)  963981K->645485K(1033216K), 0.0046449 secs]
50.130: Total time for which application threads were stopped: 0.0048384 seconds, Stopping threads took: 0.0000194 seconds
50.196: [GC (Allocation Failure)  963949K->645741K(1033216K), 0.0049097 secs]
50.201: Total time for which application threads were stopped: 0.0051020 seconds, Stopping threads took: 0.0000267 seconds
50.270: [GC (Allocation Failure)  964205K->653520K(1033216K), 0.0048787 secs]
50.275: Total time for which application threads were stopped: 0.0050268 seconds, Stopping threads took: 0.0000168 seconds
50.341: [GC (Allocation Failure)  971984K->653520K(1033216K), 0.0048924 secs]
50.346: Total time for which application threads were stopped: 0.0050541 seconds, Stopping threads took: 0.0000196 seconds
50.412: [GC (Allocation Failure)  971984K->653576K(1033216K), 0.0047558 secs]
50.417: Total time for which application threads were stopped: 0.0049270 seconds, Stopping threads took: 0.0000201 seconds
50.484: [GC (Allocation Failure)  972040K->661546K(1033216K), 0.0049511 secs]
50.489: Total time for which application threads were stopped: 0.0051212 seconds, Stopping threads took: 0.0000198 seconds
50.555: [GC (Allocation Failure)  980010K->661514K(1033216K), 0.0072459 secs]
50.562: Total time for which application threads were stopped: 0.0074262 seconds, Stopping threads took: 0.0000197 seconds
50.628: [GC (Allocation Failure)  979978K->661698K(1033216K), 0.0050130 secs]
50.633: Total time for which application threads were stopped: 0.0051778 seconds, Stopping threads took: 0.0000200 seconds
50.702: [GC (Allocation Failure)  980162K->669572K(1033216K), 0.0048172 secs]
50.707: Total time for which application threads were stopped: 0.0049741 seconds, Stopping threads took: 0.0000244 seconds
50.773: [GC (Allocation Failure)  988036K->669540K(1033216K), 0.0048165 secs]
50.778: Total time for which application threads were stopped: 0.0049754 seconds, Stopping threads took: 0.0000197 seconds
50.842: [GC (Allocation Failure)  988004K->669932K(1033216K), 0.0049653 secs]
50.847: Total time for which application threads were stopped: 0.0051300 seconds, Stopping threads took: 0.0000194 seconds
50.913: [GC (Allocation Failure)  988396K->677647K(1033216K), 0.0050398 secs]
50.918: Total time for which application threads were stopped: 0.0051987 seconds, Stopping threads took: 0.0000191 seconds
50.986: [GC (Allocation Failure)  996111K->677615K(1033216K), 0.0047255 secs]
50.990: Total time for which application threads were stopped: 0.0048847 seconds, Stopping threads took: 0.0000194 seconds
51.055: [GC (Allocation Failure)  996079K->678151K(1033216K), 0.0049808 secs]
51.060: Total time for which application threads were stopped: 0.0051363 seconds, Stopping threads took: 0.0000194 seconds
51.126: [GC (Allocation Failure)  996615K->685673K(1033216K), 0.0047902 secs]
51.131: Total time for which application threads were stopped: 0.0049595 seconds, Stopping threads took: 0.0000198 seconds
51.197: [GC (Allocation Failure)  1004137K->685641K(1033216K), 0.0048162 secs]
51.202: Total time for which application threads were stopped: 0.0049895 seconds, Stopping threads took: 0.0000264 seconds
51.268: [GC (Allocation Failure)  1004105K->685897K(1033216K), 0.0048279 secs]
51.273: [Full GC (Ergonomics)  685897K->8708K(1033216K), 0.0134749 secs]
51.286: Total time for which application threads were stopped: 0.0185478 seconds, Stopping threads took: 0.0000198 seconds
51.353: [GC (Allocation Failure)  327172K->16838K(1033216K), 0.0039125 secs]
51.357: Total time for which application threads were stopped: 0.0040812 seconds, Stopping threads took: 0.0000193 seconds
51.421: [GC (Allocation Failure)  335302K->9148K(1033216K), 0.0006306 secs]
51.422: Total time for which application threads were stopped: 0.0007519 seconds, Stopping threads took: 0.0000202 seconds
51.489: [GC (Allocation Failure)  327612K->17054K(1033216K), 0.0035386 secs]
51.493: Total time for which application threads were stopped: 0.0037006 seconds, Stopping threads took: 0.0000188 seconds
51.560: [GC (Allocation Failure)  335518K->21014K(1033216K), 0.0050238 secs]
51.565: Total time for which application threads were stopped: 0.0051907 seconds, Stopping threads took: 0.0000192 seconds
51.633: [GC (Allocation Failure)  339478K->21716K(1032192K), 0.0039960 secs]
51.637: Total time for which application threads were stopped: 0.0042065 seconds, Stopping threads took: 0.0000190 seconds
51.704: [GC (Allocation Failure)  339156K->21110K(1032704K), 0.0034090 secs]
51.708: Total time for which application threads were stopped: 0.0035675 seconds, Stopping threads took: 0.0000190 seconds
51.777: [GC (Allocation Failure)  338550K->21014K(1033216K), 0.0035554 secs]
51.781: Total time for which application threads were stopped: 0.0037232 seconds, Stopping threads took: 0.0000177 seconds
51.847: [GC (Allocation Failure)  339478K->23790K(1033216K), 0.0042747 secs]
51.852: Total time for which application threads were stopped: 0.0044433 seconds, Stopping threads took: 0.0000191 seconds
51.919: [GC (Allocation Failure)  342254K->29072K(1033728K), 0.0038461 secs]
51.923: Total time for which application threads were stopped: 0.0040233 seconds, Stopping threads took: 0.0000195 seconds
51.990: [GC (Allocation Failure)  348048K->29040K(1033216K), 0.0037105 secs]
51.993: Total time for which application threads were stopped: 0.0038669 seconds, Stopping threads took: 0.0000198 seconds
52.060: [GC (Allocation Failure)  348016K->33032K(1034240K), 0.0056326 secs]
52.065: Total time for which application threads were stopped: 0.0058022 seconds, Stopping threads took: 0.0000192 seconds
52.133: [GC (Allocation Failure)  353032K->37067K(1033728K), 0.0039738 secs]
52.137: Total time for which application threads were stopped: 0.0041404 seconds, Stopping threads took: 0.0000190 seconds
52.204: [GC (Allocation Failure)  357067K->37067K(1034240K), 0.0037771 secs]
52.208: Total time for which application threads were stopped: 0.0039533 seconds, Stopping threads took: 0.0000273 seconds
52.275: [GC (Allocation Failure)  357579K->38211K(1034240K), 0.0041347 secs]
52.279: Total time for which application threads were stopped: 0.0043071 seconds, Stopping threads took: 0.0000200 seconds
52.346: [GC (Allocation Failure)  358723K->45125K(1034240K), 0.0039809 secs]
52.350: Total time for which application threads were stopped: 0.0041765 seconds, Stopping threads took: 0.0000202 seconds
52.420: [GC (Allocation Failure)  365637K->45061K(1034240K), 0.0037678 secs]
52.424: Total time for which application threads were stopped: 0.0039454 seconds, Stopping threads took: 0.0000254 seconds
52.493: [GC (Allocation Failure)  365573K->48525K(1034752K), 0.0043366 secs]
52.498: Total time for which application threads were stopped: 0.0044845 seconds, Stopping threads took: 0.0000159 seconds
52.565: [GC (Allocation Failure)  369549K->53263K(1034240K), 0.0039059 secs]
52.569: Total time for which application threads were stopped: 0.0040698 seconds, Stopping threads took: 0.0000198 seconds
52.638: [GC (Allocation Failure)  374287K->53135K(1034752K), 0.0037924 secs]
52.642: Total time for which application threads were stopped: 0.0039610 seconds, Stopping threads took: 0.0000191 seconds
52.711: [GC (Allocation Failure)  374671K->56711K(1034752K), 0.0044609 secs]
52.715: Total time for which application threads were stopped: 0.0046264 seconds, Stopping threads took: 0.0000255 seconds
52.782: [GC (Allocation Failure)  378247K->61193K(1034752K), 0.0038616 secs]
52.786: Total time for which application threads were stopped: 0.0040428 seconds, Stopping threads took: 0.0000199 seconds
52.852: [GC (Allocation Failure)  382729K->61161K(1034752K), 0.0036504 secs]
52.856: Total time for which application threads were stopped: 0.0038244 seconds, Stopping threads took: 0.0000190 seconds
52.921: [GC (Allocation Failure)  382697K->61897K(1034752K), 0.0039418 secs]
52.925: Total time for which application threads were stopped: 0.0041123 seconds, Stopping threads took: 0.0000195 seconds
52.993: [GC (Allocation Failure)  383433K->69260K(1034752K), 0.0036303 secs]
52.997: Total time for which application threads were stopped: 0.0038261 seconds, Stopping threads took: 0.0000206 seconds
53.067: [GC (Allocation Failure)  390796K->69228K(1034752K), 0.0036544 secs]
53.070: Total time for which application threads were stopped: 0.0038240 seconds, Stopping threads took: 0.0000199 seconds
53.139: [GC (Allocation Failure)  390764K->71044K(1034752K), 0.0042274 secs]
53.143: Total time for which application threads were stopped: 0.0043891 seconds, Stopping threads took: 0.0000198 seconds
53.211: [GC (Allocation Failure)  392580K->77222K(1034752K), 0.0037898 secs]
53.215: Total time for which application threads were stopped: 0.0039681 seconds, Stopping threads took: 0.0000258 seconds
53.284: [GC (Allocation Failure)  398758K->77222K(1034752K), 0.0037215 secs]
53.287: Total time for which application threads were stopped: 0.0038855 seconds, Stopping threads took: 0.0000199 seconds
53.355: [GC (Allocation Failure)  398758K->80358K(1034752K), 0.0044951 secs]
53.359: Total time for which application threads were stopped: 0.0046637 seconds, Stopping threads took: 0.0000195 seconds
53.428: [GC (Allocation Failure)  401894K->85384K(1034752K), 0.0036345 secs]
53.431: Total time for which application threads were stopped: 0.0038276 seconds, Stopping threads took: 0.0000195 seconds
53.501: [GC (Allocation Failure)  406920K->85256K(1034752K), 0.0039013 secs]
53.505: Total time for which application threads were stopped: 0.0040922 seconds, Stopping threads took: 0.0000188 seconds
53.574: [GC (Allocation Failure)  406792K->85512K(1034752K), 0.0037956 secs]
53.577: Total time for which application threads were stopped: 0.0039470 seconds, Stopping threads took: 0.0000169 seconds
53.645: [GC (Allocation Failure)  407048K->93290K(1033728K), 0.0039165 secs]
53.649: Total time for which application threads were stopped: 0.0040765 seconds, Stopping threads took: 0.0000190 seconds
53.717: [GC (Allocation Failure)  413802K->93258K(1034240K), 0.0037483 secs]
53.721: Total time for which application threads were stopped: 0.0039569 seconds, Stopping threads took: 0.0000343 seconds
53.789: [GC (Allocation Failure)  413770K->96810K(1034752K), 0.0045600 secs]
53.793: Total time for which application threads were stopped: 0.0047287 seconds, Stopping threads took: 0.0000189 seconds
53.862: [GC (Allocation Failure)  418346K->101325K(1034752K), 0.0037268 secs]
53.865: Total time for which application threads were stopped: 0.0038980 seconds, Stopping threads took: 0.0000200 seconds
53.933: [GC (Allocation Failure)  422861K->101357K(1034752K), 0.0039137 secs]
53.937: Total time for which application threads were stopped: 0.0040860 seconds, Stopping threads took: 0.0000197 seconds
54.002: [GC (Allocation Failure)  422893K->101965K(1034752K), 0.0040370 secs]
54.006: Total time for which application threads were stopped: 0.0042097 seconds, Stopping threads took: 0.0000199 seconds
54.073: [GC (Allocation Failure)  423501K->109391K(1034752K), 0.0039404 secs]
54.077: Total time for which application threads were stopped: 0.0041119 seconds, Stopping threads took: 0.0000206 seconds
54.143: [GC (Allocation Failure)  430927K->109359K(1034752K), 0.0040386 secs]
54.147: Total time for which application threads were stopped: 0.0042103 seconds, Stopping threads took: 0.0000196 seconds
54.213: [GC (Allocation Failure)  430895K->111239K(1034752K), 0.0039960 secs]
54.217: Total time for which application threads were stopped: 0.0041634 seconds, Stopping threads took: 0.0000263 seconds
54.282: [GC (Allocation Failure)  432775K->117513K(1029632K), 0.0039552 secs]
54.286: Total time for which application threads were stopped: 0.0041269 seconds, Stopping threads took: 0.0000203 seconds
54.352: [GC (Allocation Failure)  439049K->117385K(1034752K), 0.0040733 secs]
54.356: Total time for which application threads were stopped: 0.0042420 seconds, Stopping threads took: 0.0000198 seconds
54.423: [GC (Allocation Failure)  438409K->119977K(1034240K), 0.0042387 secs]
54.427: Total time for which application threads were stopped: 0.0044006 seconds, Stopping threads took: 0.0000196 seconds
54.495: [GC (Allocation Failure)  441001K->125483K(1034752K), 0.0037848 secs]
54.499: Total time for which application threads were stopped: 0.0039517 seconds, Stopping threads took: 0.0000202 seconds
54.567: [GC (Allocation Failure)  447019K->125387K(1034752K), 0.0053706 secs]
54.572: Total time for which application threads were stopped: 0.0055617 seconds, Stopping threads took: 0.0000279 seconds
54.639: [GC (Allocation Failure)  446923K->128683K(1034752K), 0.0045284 secs]
54.644: Total time for which application threads were stopped: 0.0046872 seconds, Stopping threads took: 0.0000190 seconds
54.712: [GC (Allocation Failure)  450219K->133486K(1034752K), 0.0040448 secs]
54.716: Total time for which application threads were stopped: 0.0042198 seconds, Stopping threads took: 0.0000260 seconds
54.784: [GC (Allocation Failure)  455022K->133518K(1034752K), 0.0039891 secs]
54.788: Total time for which application threads were stopped: 0.0041812 seconds, Stopping threads took: 0.0000201 seconds
54.854: [GC (Allocation Failure)  455054K->133902K(1034752K), 0.0040660 secs]
54.858: Total time for which application threads were stopped: 0.0042234 seconds, Stopping threads took: 0.0000167 seconds
54.927: [GC (Allocation Failure)  455438K->141552K(1033728K), 0.0039511 secs]
54.931: Total time for which application threads were stopped: 0.0041149 seconds, Stopping threads took: 0.0000203 seconds
54.998: [GC (Allocation Failure)  462064K->141520K(1034240K), 0.0038875 secs]
55.002: Total time for which application threads were stopped: 0.0040553 seconds, Stopping threads took: 0.0000193 seconds
55.070: [GC (Allocation Failure)  462032K->145192K(1034752K), 0.0046630 secs]
55.074: Total time for which application threads were stopped: 0.0048318 seconds, Stopping threads took: 0.0000193 seconds
55.143: [GC (Allocation Failure)  466728K->149546K(1034752K), 0.0039282 secs]
55.147: Total time for which application threads were stopped: 0.0040972 seconds, Stopping threads took: 0.0000196 seconds
55.215: [GC (Allocation Failure)  471082K->149514K(1034752K), 0.0037678 secs]
55.219: Total time for which application threads were stopped: 0.0039185 seconds, Stopping threads took: 0.0000194 seconds
55.285: [GC (Allocation Failure)  471050K->150346K(1034752K), 0.0039038 secs]
55.289: Total time for which application threads were stopped: 0.0040749 seconds, Stopping threads took: 0.0000266 seconds
55.357: [GC (Allocation Failure)  471882K->157645K(1034752K), 0.0039966 secs]
55.361: Total time for which application threads were stopped: 0.0041642 seconds, Stopping threads took: 0.0000193 seconds
55.428: [GC (Allocation Failure)  479181K->157581K(1034752K), 0.0038434 secs]
55.432: Total time for which application threads were stopped: 0.0040357 seconds, Stopping threads took: 0.0000191 seconds
55.499: [GC (Allocation Failure)  479117K->159589K(1034752K), 0.0043570 secs]
55.504: Total time for which application threads were stopped: 0.0045041 seconds, Stopping threads took: 0.0000163 seconds
55.572: [GC (Allocation Failure)  481125K->165639K(1034752K), 0.0040363 secs]
55.576: Total time for which application threads were stopped: 0.0042090 seconds, Stopping threads took: 0.0000191 seconds
55.644: [GC (Allocation Failure)  487175K->165575K(1034752K), 0.0040058 secs]
55.648: Total time for which application threads were stopped: 0.0041754 seconds, Stopping threads took: 0.0000195 seconds
55.715: [GC (Allocation Failure)  487111K->168839K(1034752K), 0.0046004 secs]
55.720: Total time for which application threads were stopped: 0.0047911 seconds, Stopping threads took: 0.0000274 seconds
55.786: [GC (Allocation Failure)  490375K->173865K(1034752K), 0.0042481 secs]
55.790: Total time for which application threads were stopped: 0.0044327 seconds, Stopping threads took: 0.0000205 seconds
55.858: [GC (Allocation Failure)  495401K->173609K(1034752K), 0.0041572 secs]
55.862: Total time for which application threads were stopped: 0.0043268 seconds, Stopping threads took: 0.0000194 seconds
55.927: [GC (Allocation Failure)  495145K->165991K(1033728K), 0.0009882 secs]
55.928: Total time for which application threads were stopped: 0.0011217 seconds, Stopping threads took: 0.0000289 seconds
55.995: [GC (Allocation Failure)  486503K->173833K(1034240K), 0.0040852 secs]
55.999: Total time for which application threads were stopped: 0.0042578 seconds, Stopping threads took: 0.0000198 seconds
56.067: [GC (Allocation Failure)  494345K->173609K(1034240K), 0.0038857 secs]
56.071: Total time for which application threads were stopped: 0.0040562 seconds, Stopping threads took: 0.0000204 seconds
56.138: [GC (Allocation Failure)  494121K->176233K(1034240K), 0.0047161 secs]
56.142: Total time for which application threads were stopped: 0.0048876 seconds, Stopping threads took: 0.0000192 seconds
56.210: [GC (Allocation Failure)  496745K->181803K(1033728K), 0.0040216 secs]
56.214: Total time for which application threads were stopped: 0.0041875 seconds, Stopping threads took: 0.0000256 seconds
56.282: [GC (Allocation Failure)  502315K->181643K(1034240K), 0.0040591 secs]
56.286: Total time for which application threads were stopped: 0.0042207 seconds, Stopping threads took: 0.0000205 seconds
56.355: [GC (Allocation Failure)  502155K->182475K(1033728K), 0.0042407 secs]
56.359: Total time for which application threads were stopped: 0.0044160 seconds, Stopping threads took: 0.0000205 seconds
56.426: [GC (Allocation Failure)  502987K->189806K(1034240K), 0.0039532 secs]
56.430: Total time for which application threads were stopped: 0.0041258 seconds, Stopping threads took: 0.0000197 seconds
56.501: [GC (Allocation Failure)  510318K->189710K(1034240K), 0.0040645 secs]
56.505: Total time for which application threads were stopped: 0.0042333 seconds, Stopping threads took: 0.0000192 seconds
56.572: [GC (Allocation Failure)  510222K->192750K(1034240K), 0.0047349 secs]
56.577: Total time for which application threads were stopped: 0.0049118 seconds, Stopping threads took: 0.0000201 seconds
56.646: [GC (Allocation Failure)  513262K->197744K(1034752K), 0.0041171 secs]
56.650: Total time for which application threads were stopped: 0.0042706 seconds, Stopping threads took: 0.0000217 seconds
56.719: [GC (Allocation Failure)  519280K->197712K(1034752K), 0.0039852 secs]
56.723: Total time for which application threads were stopped: 0.0041535 seconds, Stopping threads took: 0.0000262 seconds
56.788: [GC (Allocation Failure)  519248K->200968K(1034752K), 0.0046568 secs]
56.793: Total time for which application threads were stopped: 0.0048270 seconds, Stopping threads took: 0.0000191 seconds
56.862: [GC (Allocation Failure)  522504K->205770K(1034752K), 0.0042482 secs]
56.866: Total time for which application threads were stopped: 0.0044198 seconds, Stopping threads took: 0.0000201 seconds
56.934: [GC (Allocation Failure)  527306K->205738K(1034752K), 0.0042324 secs]
56.938: Total time for which application threads were stopped: 0.0043943 seconds, Stopping threads took: 0.0000196 seconds
57.004: [GC (Allocation Failure)  527274K->206154K(1034752K), 0.0038912 secs]
57.008: Total time for which application threads were stopped: 0.0040604 seconds, Stopping threads took: 0.0000275 seconds
57.076: [GC (Allocation Failure)  527690K->213804K(1033728K), 0.0043271 secs]
57.081: Total time for which application threads were stopped: 0.0045077 seconds, Stopping threads took: 0.0000223 seconds
57.149: [GC (Allocation Failure)  534316K->213772K(1034240K), 0.0040580 secs]
57.153: Total time for which application threads were stopped: 0.0042163 seconds, Stopping threads took: 0.0000192 seconds
57.221: [GC (Allocation Failure)  534284K->217412K(1034752K), 0.0049212 secs]
57.226: Total time for which application threads were stopped: 0.0050817 seconds, Stopping threads took: 0.0000192 seconds
57.294: [GC (Allocation Failure)  538948K->221927K(1034752K), 0.0041327 secs]
57.298: Total time for which application threads were stopped: 0.0042988 seconds, Stopping threads took: 0.0000192 seconds
57.366: [GC (Allocation Failure)  543463K->221799K(1034752K), 0.0040286 secs]
57.371: Total time for which application threads were stopped: 0.0041911 seconds, Stopping threads took: 0.0000200 seconds
57.435: [GC (Allocation Failure)  543335K->222599K(1034752K), 0.0041968 secs]
57.440: Total time for which application threads were stopped: 0.0043681 seconds, Stopping threads took: 0.0000194 seconds
57.508: [GC (Allocation Failure)  544135K->229929K(1034752K), 0.0040320 secs]
57.512: Total time for which application threads were stopped: 0.0042123 seconds, Stopping threads took: 0.0000203 seconds
57.581: [GC (Allocation Failure)  551465K->229833K(1034752K), 0.0076811 secs]
57.589: Total time for which application threads were stopped: 0.0078399 seconds, Stopping threads took: 0.0000192 seconds
57.655: [GC (Allocation Failure)  551369K->231849K(1034752K), 0.0041638 secs]
57.659: Total time for which application threads were stopped: 0.0043298 seconds, Stopping threads took: 0.0000189 seconds
57.728: [GC (Allocation Failure)  553385K->237867K(1034752K), 0.0040921 secs]
57.732: Total time for which application threads were stopped: 0.0042617 seconds, Stopping threads took: 0.0000258 seconds
57.800: [GC (Allocation Failure)  559403K->237867K(1034752K), 0.0040876 secs]
57.804: Total time for which application threads were stopped: 0.0042891 seconds, Stopping threads took: 0.0000222 seconds
57.871: [GC (Allocation Failure)  559403K->241099K(1034752K), 0.0046491 secs]
57.876: Total time for which application threads were stopped: 0.0048057 seconds, Stopping threads took: 0.0000165 seconds
57.942: [GC (Allocation Failure)  562635K->246157K(1034752K), 0.0040456 secs]
57.946: Total time for which application threads were stopped: 0.0042463 seconds, Stopping threads took: 0.0000212 seconds
58.014: [GC (Allocation Failure)  567693K->245933K(1034752K), 0.0042647 secs]
58.018: Total time for which application threads were stopped: 0.0044272 seconds, Stopping threads took: 0.0000192 seconds
58.083: [GC (Allocation Failure)  567469K->238187K(1033728K), 0.0011454 secs]
58.085: Total time for which application threads were stopped: 0.0012662 seconds, Stopping threads took: 0.0000189 seconds
58.151: [GC (Allocation Failure)  558699K->246061K(1034240K), 0.0040791 secs]
58.155: Total time for which application threads were stopped: 0.0042461 seconds, Stopping threads took: 0.0000194 seconds
58.223: [GC (Allocation Failure)  566573K->245901K(1034240K), 0.0107973 secs]
58.234: Total time for which application threads were stopped: 0.0109916 seconds, Stopping threads took: 0.0000259 seconds
58.303: [GC (Allocation Failure)  566413K->248517K(1034240K), 0.0046311 secs]
58.308: Total time for which application threads were stopped: 0.0048003 seconds, Stopping threads took: 0.0000273 seconds
58.375: [GC (Allocation Failure)  569029K->254056K(1033728K), 0.0042706 secs]
58.380: Total time for which application threads were stopped: 0.0044306 seconds, Stopping threads took: 0.0000190 seconds
58.447: [GC (Allocation Failure)  574568K->253928K(1034240K), 0.0040926 secs]
58.451: Total time for which application threads were stopped: 0.0042537 seconds, Stopping threads took: 0.0000195 seconds
58.518: [GC (Allocation Failure)  574440K->254728K(1033728K), 0.0061956 secs]
58.524: Total time for which application threads were stopped: 0.0063551 seconds, Stopping threads took: 0.0000193 seconds
58.593: [GC (Allocation Failure)  575240K->262026K(1034240K), 0.0049306 secs]
58.598: Total time for which application threads were stopped: 0.0051299 seconds, Stopping threads took: 0.0000199 seconds
58.667: [GC (Allocation Failure)  582538K->261994K(1034240K), 0.0042434 secs]
58.671: Total time for which application threads were stopped: 0.0044061 seconds, Stopping threads took: 0.0000184 seconds
58.738: [GC (Allocation Failure)  582506K->264994K(1034240K), 0.0048282 secs]
58.743: Total time for which application threads were stopped: 0.0049957 seconds, Stopping threads took: 0.0000254 seconds
58.811: [GC (Allocation Failure)  585506K->269988K(1034752K), 0.0041236 secs]
58.815: Total time for which application threads were stopped: 0.0042938 seconds, Stopping threads took: 0.0000198 seconds
58.884: [GC (Allocation Failure)  591524K->269988K(1034752K), 0.0040603 secs]
58.888: Total time for which application threads were stopped: 0.0042399 seconds, Stopping threads took: 0.0000199 seconds
58.953: [GC (Allocation Failure)  591524K->273220K(1034752K), 0.0059596 secs]
58.959: Total time for which application threads were stopped: 0.0061362 seconds, Stopping threads took: 0.0000197 seconds
59.028: [GC (Allocation Failure)  594756K->278023K(1034752K), 0.0043238 secs]
59.033: Total time for which application threads were stopped: 0.0045136 seconds, Stopping threads took: 0.0000190 seconds
59.101: [GC (Allocation Failure)  599559K->278023K(1034752K), 0.0043611 secs]
59.106: Total time for which application threads were stopped: 0.0045525 seconds, Stopping threads took: 0.0000188 seconds
59.172: [GC (Allocation Failure)  599559K->278375K(1034752K), 0.0042164 secs]
59.176: Total time for which application threads were stopped: 0.0044075 seconds, Stopping threads took: 0.0000162 seconds
59.247: [GC (Allocation Failure)  599911K->286089K(1033728K), 0.0042313 secs]
59.251: Total time for which application threads were stopped: 0.0044029 seconds, Stopping threads took: 0.0000197 seconds
59.319: [GC (Allocation Failure)  606601K->286057K(1034240K), 0.0041028 secs]
59.323: Total time for which application threads were stopped: 0.0042865 seconds, Stopping threads took: 0.0000207 seconds
59.391: [GC (Allocation Failure)  606569K->289705K(1034752K), 0.0050523 secs]
59.396: Total time for which application threads were stopped: 0.0052250 seconds, Stopping threads took: 0.0000207 seconds
59.464: [GC (Allocation Failure)  611241K->294187K(1034752K), 0.0040570 secs]
59.468: Total time for which application threads were stopped: 0.0042508 seconds, Stopping threads took: 0.0000203 seconds
59.537: [GC (Allocation Failure)  615723K->294091K(1034752K), 0.0041575 secs]
59.541: Total time for which application threads were stopped: 0.0043060 seconds, Stopping threads took: 0.0000166 seconds
59.607: [GC (Allocation Failure)  615627K->294819K(1034752K), 0.0043800 secs]
59.612: Total time for which application threads were stopped: 0.0045640 seconds, Stopping threads took: 0.0000147 seconds
59.680: [GC (Allocation Failure)  616355K->302149K(1034752K), 0.0040643 secs]
59.684: Total time for which application threads were stopped: 0.0042126 seconds, Stopping threads took: 0.0000171 seconds
59.751: [GC (Allocation Failure)  623685K->302149K(1034752K), 0.0042976 secs]
59.756: Total time for which application threads were stopped: 0.0044728 seconds, Stopping threads took: 0.0000259 seconds
59.821: [GC (Allocation Failure)  623685K->304109K(1034752K), 0.0045330 secs]
59.825: Total time for which application threads were stopped: 0.0046921 seconds, Stopping threads took: 0.0000197 seconds
59.895: [GC (Allocation Failure)  625645K->310416K(1029632K), 0.0042674 secs]
59.900: Total time for which application threads were stopped: 0.0044683 seconds, Stopping threads took: 0.0000191 seconds
59.969: [GC (Allocation Failure)  631952K->310192K(1034240K), 0.0040996 secs]
59.973: Total time for which application threads were stopped: 0.0042691 seconds, Stopping threads took: 0.0000198 seconds
60.040: [GC (Allocation Failure)  630704K->312360K(1034240K), 0.0045368 secs]
60.044: Total time for which application threads were stopped: 0.0046986 seconds, Stopping threads took: 0.0000201 seconds
60.112: [GC (Allocation Failure)  632872K->318378K(1033728K), 0.0041431 secs]
60.116: Total time for which application threads were stopped: 0.0043117 seconds, Stopping threads took: 0.0000192 seconds
60.184: [GC (Allocation Failure)  638890K->318186K(1034240K), 0.0064465 secs]
60.191: Total time for which application threads were stopped: 0.0066153 seconds, Stopping threads took: 0.0000207 seconds
60.259: [GC (Allocation Failure)  638698K->318538K(1033728K), 0.0041610 secs]
60.263: Total time for which application threads were stopped: 0.0043447 seconds, Stopping threads took: 0.0000274 seconds
60.331: [GC (Allocation Failure)  639050K->326220K(1034240K), 0.0042215 secs]
60.335: Total time for which application threads were stopped: 0.0043985 seconds, Stopping threads took: 0.0000259 seconds
60.403: [GC (Allocation Failure)  646732K->326188K(1034240K), 0.0057221 secs]
60.409: Total time for which application threads were stopped: 0.0058936 seconds, Stopping threads took: 0.0000199 seconds
60.476: [GC (Allocation Failure)  646700K->328804K(1034240K), 0.0048132 secs]
60.481: Total time for which application threads were stopped: 0.0049875 seconds, Stopping threads took: 0.0000198 seconds
60.549: [GC (Allocation Failure)  649316K->334342K(1034240K), 0.0042273 secs]
60.553: Total time for which application threads were stopped: 0.0044230 seconds, Stopping threads took: 0.0000200 seconds
60.624: [GC (Allocation Failure)  654854K->334246K(1034240K), 0.0040560 secs]
60.628: Total time for which application threads were stopped: 0.0042483 seconds, Stopping threads took: 0.0000190 seconds
60.696: [GC (Allocation Failure)  654758K->334974K(1034240K), 0.0044272 secs]
60.701: Total time for which application threads were stopped: 0.0046174 seconds, Stopping threads took: 0.0000192 seconds
60.770: [GC (Allocation Failure)  655486K->342305K(1034240K), 0.0042621 secs]
60.774: Total time for which application threads were stopped: 0.0044175 seconds, Stopping threads took: 0.0000166 seconds
60.842: [GC (Allocation Failure)  662817K->342273K(1034240K), 0.0042574 secs]
60.846: Total time for which application threads were stopped: 0.0044266 seconds, Stopping threads took: 0.0000197 seconds
60.913: [GC (Allocation Failure)  662785K->345289K(1034240K), 0.0047774 secs]
60.918: Total time for which application threads were stopped: 0.0049721 seconds, Stopping threads took: 0.0000195 seconds
60.987: [GC (Allocation Failure)  665801K->350347K(1033728K), 0.0042602 secs]
60.992: Total time for which application threads were stopped: 0.0044193 seconds, Stopping threads took: 0.0000244 seconds
61.060: [GC (Allocation Failure)  670859K->350283K(1034240K), 0.0073543 secs]
61.067: Total time for which application threads were stopped: 0.0075384 seconds, Stopping threads took: 0.0000193 seconds
61.134: [GC (Allocation Failure)  670795K->351499K(1033728K), 0.0044397 secs]
61.139: Total time for which application threads were stopped: 0.0046498 seconds, Stopping threads took: 0.0000292 seconds
61.209: [GC (Allocation Failure)  672011K->358413K(1034240K), 0.0064345 secs]
61.215: Total time for which application threads were stopped: 0.0065907 seconds, Stopping threads took: 0.0000242 seconds
61.284: [GC (Allocation Failure)  678925K->358349K(1034240K), 0.0041439 secs]
61.288: Total time for which application threads were stopped: 0.0043085 seconds, Stopping threads took: 0.0000199 seconds
61.355: [GC (Allocation Failure)  678861K->361741K(1034240K), 0.0051121 secs]
61.360: Total time for which application threads were stopped: 0.0052742 seconds, Stopping threads took: 0.0000197 seconds
61.427: [GC (Allocation Failure)  682253K->366479K(1034752K), 0.0044437 secs]
61.432: Total time for which application threads were stopped: 0.0046026 seconds, Stopping threads took: 0.0000191 seconds
61.499: [GC (Allocation Failure)  688015K->366383K(1034752K), 0.0042670 secs]
61.504: Total time for which application threads were stopped: 0.0044419 seconds, Stopping threads took: 0.0000187 seconds
61.571: [GC (Allocation Failure)  687919K->369991K(1034752K), 0.0051621 secs]
61.577: Total time for which application threads were stopped: 0.0053117 seconds, Stopping threads took: 0.0000171 seconds
61.644: [GC (Allocation Failure)  691527K->374506K(1034752K), 0.0044675 secs]
61.648: Total time for which application threads were stopped: 0.0046318 seconds, Stopping threads took: 0.0000194 seconds
61.715: [GC (Allocation Failure)  696042K->374410K(1034752K), 0.0044994 secs]
61.719: Total time for which application threads were stopped: 0.0046697 seconds, Stopping threads took: 0.0000278 seconds
61.785: [GC (Allocation Failure)  695946K->375146K(1034752K), 0.0043920 secs]
61.790: Total time for which application threads were stopped: 0.0045684 seconds, Stopping threads took: 0.0000262 seconds
61.858: [GC (Allocation Failure)  696682K->382508K(1034752K), 0.0045923 secs]
61.863: Total time for which application threads were stopped: 0.0047520 seconds, Stopping threads took: 0.0000202 seconds
61.931: [GC (Allocation Failure)  704044K->382444K(1034752K), 0.0042658 secs]
61.935: Total time for which application threads were stopped: 0.0044284 seconds, Stopping threads took: 0.0000198 seconds
62.002: [GC (Allocation Failure)  703980K->384332K(1034752K), 0.0046349 secs]
62.006: Total time for which application threads were stopped: 0.0048083 seconds, Stopping threads took: 0.0000196 seconds
62.075: [GC (Allocation Failure)  705868K->390510K(1034752K), 0.0046199 secs]
62.079: Total time for which application threads were stopped: 0.0047840 seconds, Stopping threads took: 0.0000204 seconds
62.147: [GC (Allocation Failure)  712046K->390510K(1034752K), 0.0044465 secs]
62.151: Total time for which application threads were stopped: 0.0046390 seconds, Stopping threads took: 0.0000199 seconds
62.220: [GC (Allocation Failure)  712046K->393582K(1034752K), 0.0050335 secs]
62.225: Total time for which application threads were stopped: 0.0051950 seconds, Stopping threads took: 0.0000198 seconds
62.295: [GC (Allocation Failure)  715118K->398577K(1034752K), 0.0045803 secs]
62.299: Total time for which application threads were stopped: 0.0047472 seconds, Stopping threads took: 0.0000262 seconds
62.369: [GC (Allocation Failure)  720113K->398545K(1034752K), 0.0043029 secs]
62.373: Total time for which application threads were stopped: 0.0044620 seconds, Stopping threads took: 0.0000194 seconds
62.441: [GC (Allocation Failure)  720081K->398729K(1033728K), 0.0044225 secs]
62.446: Total time for which application threads were stopped: 0.0046048 seconds, Stopping threads took: 0.0000275 seconds
62.515: [GC (Allocation Failure)  719241K->406571K(1034240K), 0.0044447 secs]
62.520: Total time for which application threads were stopped: 0.0046061 seconds, Stopping threads took: 0.0000165 seconds
62.588: [GC (Allocation Failure)  727083K->406571K(1034240K), 0.0049567 secs]
62.593: Total time for which application threads were stopped: 0.0051234 seconds, Stopping threads took: 0.0000229 seconds
62.661: [GC (Allocation Failure)  727083K->409027K(1034240K), 0.0047518 secs]
62.666: Total time for which application threads were stopped: 0.0049013 seconds, Stopping threads took: 0.0000162 seconds
62.734: [GC (Allocation Failure)  729539K->414597K(1034752K), 0.0043644 secs]
62.738: Total time for which application threads were stopped: 0.0045340 seconds, Stopping threads took: 0.0000270 seconds
62.807: [GC (Allocation Failure)  736133K->414597K(1034752K), 0.0045728 secs]
62.811: Total time for which application threads were stopped: 0.0047351 seconds, Stopping threads took: 0.0000198 seconds
62.879: [GC (Allocation Failure)  736133K->417261K(1034752K), 0.0048701 secs]
62.883: Total time for which application threads were stopped: 0.0050512 seconds, Stopping threads took: 0.0000206 seconds
62.952: [GC (Allocation Failure)  738797K->422639K(1034752K), 0.0044826 secs]
62.956: Total time for which application threads were stopped: 0.0046538 seconds, Stopping threads took: 0.0000204 seconds
63.024: [GC (Allocation Failure)  744175K->422607K(1034752K), 0.0044460 secs]
63.028: Total time for which application threads were stopped: 0.0046151 seconds, Stopping threads took: 0.0000196 seconds
63.093: [GC (Allocation Failure)  744143K->426535K(1034752K), 0.0073485 secs]
63.101: Total time for which application threads were stopped: 0.0075214 seconds, Stopping threads took: 0.0000196 seconds
63.170: [GC (Allocation Failure)  748071K->430762K(1034240K), 0.0046754 secs]
63.175: Total time for which application threads were stopped: 0.0048531 seconds, Stopping threads took: 0.0000202 seconds
63.242: [GC (Allocation Failure)  752298K->430634K(1034752K), 0.0046568 secs]
63.246: Total time for which application threads were stopped: 0.0048181 seconds, Stopping threads took: 0.0000198 seconds
63.311: [GC (Allocation Failure)  752170K->431658K(1034240K), 0.0044536 secs]
63.316: Total time for which application threads were stopped: 0.0046359 seconds, Stopping threads took: 0.0000195 seconds
63.382: [GC (Allocation Failure)  753194K->438732K(1034752K), 0.0044554 secs]
63.386: Total time for which application threads were stopped: 0.0046506 seconds, Stopping threads took: 0.0000208 seconds
63.454: [GC (Allocation Failure)  760268K->438668K(1034752K), 0.0045158 secs]
63.458: Total time for which application threads were stopped: 0.0046636 seconds, Stopping threads took: 0.0000171 seconds
63.523: [GC (Allocation Failure)  760204K->440940K(1034752K), 0.0049121 secs]
63.528: Total time for which application threads were stopped: 0.0050744 seconds, Stopping threads took: 0.0000194 seconds
63.594: [GC (Allocation Failure)  762476K->446734K(1034752K), 0.0051674 secs]
63.600: Total time for which application threads were stopped: 0.0053528 seconds, Stopping threads took: 0.0000283 seconds
63.666: [GC (Allocation Failure)  768270K->446702K(1034752K), 0.0043085 secs]
63.671: Total time for which application threads were stopped: 0.0044667 seconds, Stopping threads took: 0.0000170 seconds
63.738: [GC (Allocation Failure)  768238K->450214K(1035264K), 0.0053293 secs]
63.743: Total time for which application threads were stopped: 0.0055050 seconds, Stopping threads took: 0.0000255 seconds
63.810: [GC (Allocation Failure)  772262K->454728K(1034752K), 0.0044994 secs]
63.815: Total time for which application threads were stopped: 0.0046760 seconds, Stopping threads took: 0.0000197 seconds
63.884: [GC (Allocation Failure)  776776K->454760K(1035264K), 0.0045359 secs]
63.889: Total time for which application threads were stopped: 0.0046963 seconds, Stopping threads took: 0.0000191 seconds
63.956: [GC (Allocation Failure)  777320K->457416K(1035264K), 0.0049117 secs]
63.961: Total time for which application threads were stopped: 0.0051151 seconds, Stopping threads took: 0.0000198 seconds
64.030: [GC (Allocation Failure)  779976K->462955K(1034240K), 0.0043623 secs]
64.035: Total time for which application threads were stopped: 0.0045311 seconds, Stopping threads took: 0.0000195 seconds
64.103: [GC (Allocation Failure)  784491K->462763K(1034752K), 0.0046585 secs]
64.108: Total time for which application threads were stopped: 0.0048331 seconds, Stopping threads took: 0.0000198 seconds
64.173: [GC (Allocation Failure)  784299K->455528K(1034240K), 0.0017485 secs]
64.175: Total time for which application threads were stopped: 0.0018848 seconds, Stopping threads took: 0.0000190 seconds
64.242: [GC (Allocation Failure)  777064K->462859K(1034752K), 0.0044907 secs]
64.246: Total time for which application threads were stopped: 0.0046532 seconds, Stopping threads took: 0.0000265 seconds
64.314: [GC (Allocation Failure)  784395K->462795K(1034752K), 0.0046227 secs]
64.319: Total time for which application threads were stopped: 0.0047949 seconds, Stopping threads took: 0.0000244 seconds
64.386: [GC (Allocation Failure)  784331K->456744K(1034752K), 0.0023507 secs]
64.388: Total time for which application threads were stopped: 0.0025023 seconds, Stopping threads took: 0.0000192 seconds
64.456: [GC (Allocation Failure)  778280K->462827K(1034752K), 0.0045807 secs]
64.461: Total time for which application threads were stopped: 0.0047596 seconds, Stopping threads took: 0.0000217 seconds
64.528: [GC (Allocation Failure)  784363K->462763K(1034752K), 0.0047658 secs]
64.533: Total time for which application threads were stopped: 0.0049419 seconds, Stopping threads took: 0.0000255 seconds
64.599: [GC (Allocation Failure)  784299K->457960K(1034752K), 0.0075288 secs]
64.607: Total time for which application threads were stopped: 0.0076873 seconds, Stopping threads took: 0.0000334 seconds
64.675: [GC (Allocation Failure)  779496K->463019K(1034752K), 0.0045700 secs]
64.680: Total time for which application threads were stopped: 0.0047344 seconds, Stopping threads took: 0.0000197 seconds
64.748: [GC (Allocation Failure)  784555K->462763K(1034752K), 0.0044887 secs]
64.752: Total time for which application threads were stopped: 0.0046570 seconds, Stopping threads took: 0.0000212 seconds
64.818: [GC (Allocation Failure)  784299K->459208K(1034752K), 0.0032514 secs]
64.821: Total time for which application threads were stopped: 0.0034205 seconds, Stopping threads took: 0.0000201 seconds
64.890: [GC (Allocation Failure)  780744K->462923K(1035264K), 0.0046637 secs]
64.894: Total time for which application threads were stopped: 0.0048628 seconds, Stopping threads took: 0.0000504 seconds
64.963: [GC (Allocation Failure)  785483K->462763K(1035264K), 0.0043650 secs]
64.967: Total time for which application threads were stopped: 0.0045557 seconds, Stopping threads took: 0.0000194 seconds
65.037: [GC (Allocation Failure)  785323K->462472K(1035264K), 0.0045434 secs]
65.041: Total time for which application threads were stopped: 0.0047041 seconds, Stopping threads took: 0.0000191 seconds
65.109: [GC (Allocation Failure)  785032K->462923K(1035264K), 0.0045155 secs]
65.114: Total time for which application threads were stopped: 0.0047161 seconds, Stopping threads took: 0.0000197 seconds
65.183: [GC (Allocation Failure)  785483K->462763K(1035776K), 0.0046537 secs]
65.187: Total time for which application threads were stopped: 0.0048153 seconds, Stopping threads took: 0.0000197 seconds
65.257: [GC (Allocation Failure)  785835K->467272K(1035264K), 0.0063464 secs]
65.263: Total time for which application threads were stopped: 0.0065543 seconds, Stopping threads took: 0.0000195 seconds
65.331: [GC (Allocation Failure)  790344K->462827K(1034240K), 0.0046425 secs]
65.336: Total time for which application threads were stopped: 0.0048136 seconds, Stopping threads took: 0.0000195 seconds
65.403: [GC (Allocation Failure)  784363K->462763K(1034752K), 0.0044886 secs]
65.408: Total time for which application threads were stopped: 0.0046579 seconds, Stopping threads took: 0.0000199 seconds
65.474: [GC (Allocation Failure)  784299K->470024K(1030144K), 0.0078391 secs]
65.481: Total time for which application threads were stopped: 0.0080059 seconds, Stopping threads took: 0.0000260 seconds
65.548: [GC (Allocation Failure)  787464K->464811K(1032704K), 0.0045706 secs]
65.553: Total time for which application threads were stopped: 0.0047564 seconds, Stopping threads took: 0.0000388 seconds
65.621: [GC (Allocation Failure)  782251K->464779K(1034240K), 0.0045471 secs]
65.626: Total time for which application threads were stopped: 0.0047060 seconds, Stopping threads took: 0.0000194 seconds
65.692: [GC (Allocation Failure)  784267K->463080K(1033216K), 0.0040205 secs]
65.696: Total time for which application threads were stopped: 0.0041785 seconds, Stopping threads took: 0.0000192 seconds
65.764: [GC (Allocation Failure)  782568K->465003K(1034752K), 0.0045067 secs]
65.769: Total time for which application threads were stopped: 0.0046711 seconds, Stopping threads took: 0.0000204 seconds
65.836: [GC (Allocation Failure)  786027K->464779K(1034240K), 0.0045000 secs]
65.841: Total time for which application threads were stopped: 0.0046956 seconds, Stopping threads took: 0.0000215 seconds
65.910: [GC (Allocation Failure)  785803K->461224K(1035264K), 0.0032391 secs]
65.913: Total time for which application threads were stopped: 0.0034058 seconds, Stopping threads took: 0.0000191 seconds
65.981: [GC (Allocation Failure)  783784K->464971K(1035264K), 0.0044323 secs]
65.985: Total time for which application threads were stopped: 0.0045922 seconds, Stopping threads took: 0.0000189 seconds
66.053: [GC (Allocation Failure)  787531K->464811K(1035776K), 0.0044783 secs]
66.057: Total time for which application threads were stopped: 0.0046693 seconds, Stopping threads took: 0.0000193 seconds
66.124: [GC (Allocation Failure)  788395K->466536K(1035776K), 0.0053547 secs]
66.130: Total time for which application threads were stopped: 0.0055039 seconds, Stopping threads took: 0.0000168 seconds
66.198: [GC (Allocation Failure)  790120K->464939K(1036288K), 0.0046293 secs]
66.203: Total time for which application threads were stopped: 0.0048219 seconds, Stopping threads took: 0.0000193 seconds
66.273: [GC (Allocation Failure)  789035K->464779K(1035776K), 0.0043730 secs]
66.277: Total time for which application threads were stopped: 0.0045311 seconds, Stopping threads took: 0.0000261 seconds
66.345: [GC (Allocation Failure)  788875K->458536K(1035264K), 0.0022292 secs]
66.347: Total time for which application threads were stopped: 0.0024111 seconds, Stopping threads took: 0.0000259 seconds
66.413: [GC (Allocation Failure)  782120K->464891K(1035776K), 0.0045652 secs]
66.418: Total time for which application threads were stopped: 0.0047771 seconds, Stopping threads took: 0.0000242 seconds
66.486: [GC (Allocation Failure)  788475K->468963K(1036288K), 0.0053269 secs]
66.492: Total time for which application threads were stopped: 0.0055082 seconds, Stopping threads took: 0.0000175 seconds
66.562: [GC (Allocation Failure)  793571K->468931K(1036288K), 0.0046447 secs]
66.566: Total time for which application threads were stopped: 0.0048211 seconds, Stopping threads took: 0.0000194 seconds
66.635: [GC (Allocation Failure)  793539K->469003K(1034752K), 0.0044988 secs]
66.639: Total time for which application threads were stopped: 0.0046499 seconds, Stopping threads took: 0.0000174 seconds
66.708: [GC (Allocation Failure)  792587K->476973K(1035776K), 0.0043316 secs]
66.713: Total time for which application threads were stopped: 0.0044860 seconds, Stopping threads took: 0.0000185 seconds
66.782: [GC (Allocation Failure)  800557K->477005K(1035776K), 0.0045818 secs]
66.787: Total time for which application threads were stopped: 0.0047364 seconds, Stopping threads took: 0.0000188 seconds
66.854: [GC (Allocation Failure)  800589K->477221K(1023488K), 0.0047359 secs]
66.859: Total time for which application threads were stopped: 0.0049094 seconds, Stopping threads took: 0.0000245 seconds
66.927: [GC (Allocation Failure)  800805K->485031K(1035264K), 0.0044805 secs]
66.931: Total time for which application threads were stopped: 0.0046743 seconds, Stopping threads took: 0.0000195 seconds
67.000: [GC (Allocation Failure)  807591K->484999K(1035264K), 0.0046795 secs]
67.005: Total time for which application threads were stopped: 0.0048471 seconds, Stopping threads took: 0.0000256 seconds
67.074: [GC (Allocation Failure)  807559K->485063K(1034240K), 0.0046142 secs]
67.078: Total time for which application threads were stopped: 0.0047783 seconds, Stopping threads took: 0.0000197 seconds
67.147: [GC (Allocation Failure)  806599K->493033K(1034752K), 0.0044895 secs]
67.151: Total time for which application threads were stopped: 0.0046689 seconds, Stopping threads took: 0.0000282 seconds
67.220: [GC (Allocation Failure)  814569K->493065K(1034752K), 0.0046165 secs]
67.225: Total time for which application threads were stopped: 0.0047809 seconds, Stopping threads took: 0.0000201 seconds
67.290: [GC (Allocation Failure)  814601K->493193K(1034752K), 0.0044438 secs]
67.294: Total time for which application threads were stopped: 0.0046122 seconds, Stopping threads took: 0.0000193 seconds
67.360: [GC (Allocation Failure)  814729K->501100K(1034752K), 0.0048150 secs]
67.365: Total time for which application threads were stopped: 0.0049825 seconds, Stopping threads took: 0.0000195 seconds
67.433: [GC (Allocation Failure)  822636K->501068K(1034752K), 0.0047272 secs]
67.438: Total time for which application threads were stopped: 0.0049035 seconds, Stopping threads took: 0.0000189 seconds
67.503: [GC (Allocation Failure)  822604K->501420K(1033728K), 0.0046472 secs]
67.508: Total time for which application threads were stopped: 0.0048168 seconds, Stopping threads took: 0.0000193 seconds
67.575: [GC (Allocation Failure)  821932K->509102K(1034240K), 0.0045848 secs]
67.580: Total time for which application threads were stopped: 0.0047482 seconds, Stopping threads took: 0.0000203 seconds
67.648: [GC (Allocation Failure)  829614K->509102K(1034240K), 0.0044973 secs]
67.653: Total time for which application threads were stopped: 0.0046574 seconds, Stopping threads took: 0.0000196 seconds
67.720: [GC (Allocation Failure)  829614K->509158K(1034240K), 0.0046165 secs]
67.725: Total time for which application threads were stopped: 0.0048042 seconds, Stopping threads took: 0.0000268 seconds
67.793: [GC (Allocation Failure)  829670K->517160K(1033216K), 0.0053670 secs]
67.798: Total time for which application threads were stopped: 0.0055470 seconds, Stopping threads took: 0.0000195 seconds
67.867: [GC (Allocation Failure)  836648K->517128K(1033728K), 0.0048915 secs]
67.872: Total time for which application threads were stopped: 0.0050935 seconds, Stopping threads took: 0.0000210 seconds
67.938: [GC (Allocation Failure)  836616K->517384K(1033728K), 0.0046555 secs]
67.943: Total time for which application threads were stopped: 0.0048251 seconds, Stopping threads took: 0.0000198 seconds
68.010: [GC (Allocation Failure)  836872K->525163K(1033728K), 0.0046767 secs]
68.015: Total time for which application threads were stopped: 0.0048468 seconds, Stopping threads took: 0.0000195 seconds
68.082: [GC (Allocation Failure)  844651K->525195K(1033728K), 0.0044708 secs]
68.087: Total time for which application threads were stopped: 0.0046344 seconds, Stopping threads took: 0.0000202 seconds
68.153: [GC (Allocation Failure)  844683K->525219K(1033728K), 0.0049153 secs]
68.158: Total time for which application threads were stopped: 0.0050942 seconds, Stopping threads took: 0.0000200 seconds
68.227: [GC (Allocation Failure)  844707K->533189K(1033728K), 0.0044837 secs]
68.232: Total time for which application threads were stopped: 0.0046757 seconds, Stopping threads took: 0.0000258 seconds
68.299: [GC (Allocation Failure)  852677K->533157K(1033728K), 0.0046337 secs]
68.304: Total time for which application threads were stopped: 0.0047925 seconds, Stopping threads took: 0.0000190 seconds
68.369: [GC (Allocation Failure)  852645K->533357K(1033728K), 0.0047585 secs]
68.374: Total time for which application threads were stopped: 0.0049193 seconds, Stopping threads took: 0.0000190 seconds
68.441: [GC (Allocation Failure)  852845K->541231K(1027072K), 0.0046640 secs]
68.446: Total time for which application threads were stopped: 0.0048422 seconds, Stopping threads took: 0.0000190 seconds
68.513: [GC (Allocation Failure)  860719K->541199K(1033216K), 0.0047512 secs]
68.518: Total time for which application threads were stopped: 0.0049105 seconds, Stopping threads took: 0.0000191 seconds
68.586: [GC (Allocation Failure)  859663K->541295K(1033216K), 0.0053331 secs]
68.592: Total time for which application threads were stopped: 0.0054917 seconds, Stopping threads took: 0.0000217 seconds
68.660: [GC (Allocation Failure)  859759K->549265K(1033216K), 0.0047600 secs]
68.664: Total time for which application threads were stopped: 0.0049393 seconds, Stopping threads took: 0.0000194 seconds
68.731: [GC (Allocation Failure)  867729K->543183K(1033216K), 0.0025477 secs]
68.734: Total time for which application threads were stopped: 0.0027148 seconds, Stopping threads took: 0.0000263 seconds
68.799: [GC (Allocation Failure)  861647K->549577K(1034240K), 0.0046876 secs]
68.804: Total time for which application threads were stopped: 0.0049757 seconds, Stopping threads took: 0.0000191 seconds
68.871: [GC (Allocation Failure)  869577K->553401K(1033728K), 0.0053116 secs]
68.877: Total time for which application threads were stopped: 0.0054818 seconds, Stopping threads took: 0.0000197 seconds
68.942: [GC (Allocation Failure)  873401K->558807K(1030144K), 0.0070062 secs]
68.949: Total time for which application threads were stopped: 0.0071740 seconds, Stopping threads took: 0.0000204 seconds
69.015: [GC (Allocation Failure)  875223K->553593K(1032192K), 0.0049315 secs]
69.021: Total time for which application threads were stopped: 0.0051060 seconds, Stopping threads took: 0.0000203 seconds
69.086: [GC (Allocation Failure)  870009K->553401K(1032704K), 0.0047494 secs]
69.090: Total time for which application threads were stopped: 0.0049449 seconds, Stopping threads took: 0.0000212 seconds
69.158: [GC (Allocation Failure)  870329K->557329K(1032192K), 0.0056895 secs]
69.164: Total time for which application threads were stopped: 0.0058719 seconds, Stopping threads took: 0.0000190 seconds
69.231: [GC (Allocation Failure)  874257K->561460K(1033216K), 0.0045147 secs]
69.236: Total time for which application threads were stopped: 0.0047117 seconds, Stopping threads took: 0.0000261 seconds
69.302: [GC (Allocation Failure)  879924K->561460K(1033216K), 0.0048925 secs]
69.307: Total time for which application threads were stopped: 0.0050857 seconds, Stopping threads took: 0.0000189 seconds
69.372: [GC (Allocation Failure)  879924K->564012K(1033728K), 0.0050681 secs]
69.377: Total time for which application threads were stopped: 0.0052278 seconds, Stopping threads took: 0.0000190 seconds
69.444: [GC (Allocation Failure)  883500K->569518K(1033728K), 0.0049474 secs]
69.449: Total time for which application threads were stopped: 0.0051169 seconds, Stopping threads took: 0.0000199 seconds
69.517: [GC (Allocation Failure)  889006K->569454K(1034240K), 0.0046448 secs]
69.521: Total time for which application threads were stopped: 0.0048165 seconds, Stopping threads took: 0.0000197 seconds
69.588: [GC (Allocation Failure)  889454K->571758K(1033728K), 0.0051930 secs]
69.593: Total time for which application threads were stopped: 0.0053793 seconds, Stopping threads took: 0.0000242 seconds
69.662: [GC (Allocation Failure)  891758K->577488K(1034240K), 0.0048321 secs]
69.667: Total time for which application threads were stopped: 0.0049997 seconds, Stopping threads took: 0.0000196 seconds
69.734: [GC (Allocation Failure)  898000K->577488K(1034240K), 0.0048376 secs]
69.739: Total time for which application threads were stopped: 0.0050048 seconds, Stopping threads took: 0.0000255 seconds
69.805: [GC (Allocation Failure)  898000K->581512K(1034752K), 0.0070602 secs]
69.813: Total time for which application threads were stopped: 0.0072177 seconds, Stopping threads took: 0.0000192 seconds
69.880: [GC (Allocation Failure)  902536K->585546K(1034240K), 0.0045590 secs]
69.884: Total time for which application threads were stopped: 0.0047196 seconds, Stopping threads took: 0.0000196 seconds
69.954: [GC (Allocation Failure)  906570K->585514K(1034752K), 0.0047585 secs]
69.958: Total time for which application threads were stopped: 0.0049581 seconds, Stopping threads took: 0.0000212 seconds
70.027: [GC (Allocation Failure)  907050K->585634K(1021440K), 0.0050906 secs]
70.032: Total time for which application threads were stopped: 0.0052491 seconds, Stopping threads took: 0.0000187 seconds
70.100: [GC (Allocation Failure)  907170K->593605K(1034240K), 0.0048001 secs]
70.105: Total time for which application threads were stopped: 0.0049567 seconds, Stopping threads took: 0.0000192 seconds
70.175: [GC (Allocation Failure)  914117K->593573K(1034240K), 0.0047713 secs]
70.180: Total time for which application threads were stopped: 0.0049329 seconds, Stopping threads took: 0.0000189 seconds
70.247: [GC (Allocation Failure)  914085K->596965K(1034752K), 0.0055605 secs]
70.253: Total time for which application threads were stopped: 0.0057304 seconds, Stopping threads took: 0.0000257 seconds
70.321: [GC (Allocation Failure)  918501K->601671K(1034752K), 0.0048709 secs]
70.326: Total time for which application threads were stopped: 0.0050525 seconds, Stopping threads took: 0.0000288 seconds
70.393: [GC (Allocation Failure)  923207K->601639K(1034752K), 0.0047867 secs]
70.398: Total time for which application threads were stopped: 0.0049475 seconds, Stopping threads took: 0.0000193 seconds
70.463: [GC (Allocation Failure)  923175K->602119K(1034752K), 0.0047613 secs]
70.468: Total time for which application threads were stopped: 0.0049313 seconds, Stopping threads took: 0.0000196 seconds
70.537: [GC (Allocation Failure)  923655K->609673K(1033728K), 0.0049501 secs]
70.542: Total time for which application threads were stopped: 0.0051111 seconds, Stopping threads took: 0.0000201 seconds
70.610: [GC (Allocation Failure)  930185K->609641K(1034240K), 0.0049198 secs]
70.615: Total time for which application threads were stopped: 0.0050703 seconds, Stopping threads took: 0.0000178 seconds
70.682: [GC (Allocation Failure)  930153K->613385K(1034752K), 0.0070868 secs]
70.690: Total time for which application threads were stopped: 0.0072491 seconds, Stopping threads took: 0.0000169 seconds
70.759: [GC (Allocation Failure)  934921K->617675K(1034752K), 0.0047753 secs]
70.764: Total time for which application threads were stopped: 0.0049522 seconds, Stopping threads took: 0.0000263 seconds
70.831: [GC (Allocation Failure)  939211K->617643K(1034752K), 0.0048744 secs]
70.836: Total time for which application threads were stopped: 0.0050686 seconds, Stopping threads took: 0.0000198 seconds
70.902: [GC (Allocation Failure)  939179K->618571K(1034752K), 0.0048876 secs]
70.907: Total time for which application threads were stopped: 0.0050372 seconds, Stopping threads took: 0.0000162 seconds
70.976: [GC (Allocation Failure)  940107K->625678K(1034752K), 0.0049145 secs]
70.981: Total time for which application threads were stopped: 0.0050854 seconds, Stopping threads took: 0.0000244 seconds
71.048: [GC (Allocation Failure)  947214K->625678K(1034752K), 0.0049670 secs]
71.053: Total time for which application threads were stopped: 0.0051418 seconds, Stopping threads took: 0.0000259 seconds
71.119: [GC (Allocation Failure)  947214K->627846K(1034752K), 0.0052227 secs]
71.124: Total time for which application threads were stopped: 0.0053976 seconds, Stopping threads took: 0.0000247 seconds
71.193: [GC (Allocation Failure)  949382K->633736K(1034752K), 0.0048907 secs]
71.198: Total time for which application threads were stopped: 0.0050541 seconds, Stopping threads took: 0.0000201 seconds
71.264: [GC (Allocation Failure)  955272K->633704K(1034752K), 0.0048296 secs]
71.269: Total time for which application threads were stopped: 0.0049982 seconds, Stopping threads took: 0.0000260 seconds
71.335: [GC (Allocation Failure)  955240K->637096K(1034752K), 0.0056801 secs]
71.341: Total time for which application threads were stopped: 0.0058436 seconds, Stopping threads took: 0.0000196 seconds
71.408: [GC (Allocation Failure)  958632K->641866K(1034752K), 0.0049446 secs]
71.413: Total time for which application threads were stopped: 0.0051395 seconds, Stopping threads took: 0.0000202 seconds
71.480: [GC (Allocation Failure)  963402K->641738K(1034752K), 0.0050442 secs]
71.485: Total time for which application threads were stopped: 0.0052031 seconds, Stopping threads took: 0.0000167 seconds
71.550: [GC (Allocation Failure)  963274K->642242K(1034752K), 0.0052176 secs]
71.556: Total time for which application threads were stopped: 0.0053871 seconds, Stopping threads took: 0.0000199 seconds
71.622: [GC (Allocation Failure)  963778K->649796K(1034752K), 0.0049962 secs]
71.628: Total time for which application threads were stopped: 0.0051485 seconds, Stopping threads took: 0.0000179 seconds
71.694: [GC (Allocation Failure)  971332K->649796K(1034752K), 0.0049965 secs]
71.699: Total time for which application threads were stopped: 0.0051765 seconds, Stopping threads took: 0.0000193 seconds
71.767: [GC (Allocation Failure)  971332K->651532K(1034752K), 0.0050145 secs]
71.772: Total time for which application threads were stopped: 0.0052019 seconds, Stopping threads took: 0.0000245 seconds
71.841: [GC (Allocation Failure)  973068K->657807K(1034752K), 0.0051280 secs]
71.846: Total time for which application threads were stopped: 0.0052773 seconds, Stopping threads took: 0.0000164 seconds
71.915: [GC (Allocation Failure)  979343K->657807K(1034752K), 0.0050678 secs]
71.920: Total time for which application threads were stopped: 0.0052272 seconds, Stopping threads took: 0.0000194 seconds
71.987: [GC (Allocation Failure)  979343K->660775K(1034752K), 0.0056342 secs]
71.992: Total time for which application threads were stopped: 0.0058019 seconds, Stopping threads took: 0.0000192 seconds
72.061: [GC (Allocation Failure)  982311K->665833K(1034752K), 0.0049114 secs]
72.066: Total time for which application threads were stopped: 0.0052450 seconds, Stopping threads took: 0.0000195 seconds
72.133: [GC (Allocation Failure)  987369K->665801K(1034752K), 0.0048869 secs]
72.138: Total time for which application threads were stopped: 0.0050466 seconds, Stopping threads took: 0.0000193 seconds
72.203: [GC (Allocation Failure)  987337K->665921K(1021440K), 0.0068378 secs]
72.210: Total time for which application threads were stopped: 0.0069989 seconds, Stopping threads took: 0.0000192 seconds
72.281: [GC (Allocation Failure)  987457K->673859K(1034240K), 0.0051338 secs]
72.286: Total time for which application threads were stopped: 0.0053026 seconds, Stopping threads took: 0.0000273 seconds
72.353: [GC (Allocation Failure)  994371K->673859K(1034240K), 0.0048499 secs]
72.358: Total time for which application threads were stopped: 0.0050404 seconds, Stopping threads took: 0.0000189 seconds
72.427: [GC (Allocation Failure)  994371K->677259K(1034752K), 0.0054538 secs]
72.432: Total time for which application threads were stopped: 0.0056031 seconds, Stopping threads took: 0.0000161 seconds
72.501: [GC (Allocation Failure)  998283K->681998K(1034240K), 0.0049140 secs]
72.506: Total time for which application threads were stopped: 0.0051071 seconds, Stopping threads took: 0.0000193 seconds
72.574: [GC (Allocation Failure)  1003022K->681934K(1034752K), 0.0049323 secs]
72.579: Total time for which application threads were stopped: 0.0050972 seconds, Stopping threads took: 0.0000187 seconds
72.647: [GC (Allocation Failure)  1003470K->685486K(1034752K), 0.0057707 secs]
72.653: [Full GC (Ergonomics)  685486K->12013K(1034752K), 0.0186187 secs]
72.671: Total time for which application threads were stopped: 0.0246677 seconds, Stopping threads took: 0.0000193 seconds
72.741: [GC (Allocation Failure)  333549K->20687K(1034752K), 0.0037366 secs]
72.744: Total time for which application threads were stopped: 0.0039048 seconds, Stopping threads took: 0.0000193 seconds
72.813: [GC (Allocation Failure)  342223K->20671K(1034752K), 0.0039731 secs]
72.817: Total time for which application threads were stopped: 0.0041499 seconds, Stopping threads took: 0.0000198 seconds
72.883: [GC (Allocation Failure)  342207K->21383K(1034752K), 0.0037479 secs]
72.887: Total time for which application threads were stopped: 0.0039175 seconds, Stopping threads took: 0.0000208 seconds
72.953: [GC (Allocation Failure)  342919K->28713K(1034752K), 0.0039154 secs]
72.957: Total time for which application threads were stopped: 0.0041025 seconds, Stopping threads took: 0.0000279 seconds
73.023: [GC (Allocation Failure)  350249K->28713K(1034752K), 0.0039206 secs]
73.027: Total time for which application threads were stopped: 0.0041289 seconds, Stopping threads took: 0.0000247 seconds
73.092: [GC (Allocation Failure)  350249K->30625K(1034752K), 0.0040999 secs]
73.097: Total time for which application threads were stopped: 0.0042698 seconds, Stopping threads took: 0.0000206 seconds
73.163: [GC (Allocation Failure)  352161K->36804K(1034752K), 0.0037292 secs]
73.166: Total time for which application threads were stopped: 0.0039033 seconds, Stopping threads took: 0.0000208 seconds
73.234: [GC (Allocation Failure)  358340K->36740K(1034752K), 0.0036413 secs]
73.238: Total time for which application threads were stopped: 0.0038016 seconds, Stopping threads took: 0.0000171 seconds
73.305: [GC (Allocation Failure)  358276K->39908K(1034752K), 0.0044848 secs]
73.309: Total time for which application threads were stopped: 0.0046514 seconds, Stopping threads took: 0.0000188 seconds
73.378: [GC (Allocation Failure)  361444K->44902K(1034752K), 0.0037369 secs]
73.381: Total time for which application threads were stopped: 0.0039044 seconds, Stopping threads took: 0.0000277 seconds
73.448: [GC (Allocation Failure)  366438K->44806K(1034752K), 0.0038800 secs]
73.452: Total time for which application threads were stopped: 0.0040387 seconds, Stopping threads took: 0.0000195 seconds
73.519: [GC (Allocation Failure)  366342K->45038K(1021440K), 0.0038073 secs]
73.523: Total time for which application threads were stopped: 0.0039908 seconds, Stopping threads took: 0.0000267 seconds
73.592: [GC (Allocation Failure)  366574K->52880K(1034240K), 0.0046736 secs]
73.597: Total time for which application threads were stopped: 0.0048777 seconds, Stopping threads took: 0.0000272 seconds
73.664: [GC (Allocation Failure)  373392K->52848K(1034240K), 0.0037705 secs]
73.668: Total time for which application threads were stopped: 0.0039187 seconds, Stopping threads took: 0.0000162 seconds
73.736: [GC (Allocation Failure)  373360K->56400K(1034752K), 0.0044921 secs]
73.741: Total time for which application threads were stopped: 0.0046917 seconds, Stopping threads took: 0.0000257 seconds
73.808: [GC (Allocation Failure)  377424K->60882K(1034240K), 0.0036649 secs]
73.812: Total time for which application threads were stopped: 0.0038600 seconds, Stopping threads took: 0.0000206 seconds
73.879: [GC (Allocation Failure)  381906K->60882K(1034752K), 0.0039771 secs]
73.883: Total time for which application threads were stopped: 0.0041434 seconds, Stopping threads took: 0.0000190 seconds
73.950: [GC (Allocation Failure)  382418K->64618K(1034752K), 0.0047380 secs]
73.955: Total time for which application threads were stopped: 0.0049068 seconds, Stopping threads took: 0.0000196 seconds
74.023: [GC (Allocation Failure)  386154K->68941K(1034240K), 0.0038698 secs]
74.027: Total time for which application threads were stopped: 0.0040401 seconds, Stopping threads took: 0.0000203 seconds
74.094: [GC (Allocation Failure)  390477K->68909K(1034752K), 0.0036352 secs]
74.097: Total time for which application threads were stopped: 0.0038051 seconds, Stopping threads took: 0.0000201 seconds
74.164: [GC (Allocation Failure)  390445K->69773K(1034240K), 0.0039799 secs]
74.169: Total time for which application threads were stopped: 0.0041589 seconds, Stopping threads took: 0.0000185 seconds
74.237: [GC (Allocation Failure)  391309K->77103K(1034752K), 0.0037799 secs]
74.241: Total time for which application threads were stopped: 0.0039543 seconds, Stopping threads took: 0.0000258 seconds
74.308: [GC (Allocation Failure)  398639K->76911K(1034752K), 0.0037957 secs]
74.312: Total time for which application threads were stopped: 0.0039591 seconds, Stopping threads took: 0.0000252 seconds
74.378: [GC (Allocation Failure)  398447K->79015K(1034752K), 0.0040829 secs]
74.382: Total time for which application threads were stopped: 0.0042392 seconds, Stopping threads took: 0.0000188 seconds
74.450: [GC (Allocation Failure)  400551K->85065K(1034752K), 0.0038300 secs]
74.454: Total time for which application threads were stopped: 0.0040128 seconds, Stopping threads took: 0.0000202 seconds
74.521: [GC (Allocation Failure)  406601K->84969K(1034752K), 0.0038034 secs]
74.525: Total time for which application threads were stopped: 0.0040069 seconds, Stopping threads took: 0.0000203 seconds
74.593: [GC (Allocation Failure)  406505K->88265K(1034752K), 0.0058667 secs]
74.599: Total time for which application threads were stopped: 0.0060331 seconds, Stopping threads took: 0.0000178 seconds
74.665: [GC (Allocation Failure)  409801K->93003K(1034752K), 0.0040234 secs]
74.669: Total time for which application threads were stopped: 0.0042083 seconds, Stopping threads took: 0.0000204 seconds
74.737: [GC (Allocation Failure)  414539K->92971K(1034752K), 0.0038654 secs]
74.741: Total time for which application threads were stopped: 0.0040391 seconds, Stopping threads took: 0.0000257 seconds
74.808: [GC (Allocation Failure)  414507K->85385K(1034752K), 0.0009024 secs]
74.809: Total time for which application threads were stopped: 0.0010320 seconds, Stopping threads took: 0.0000190 seconds
74.874: [GC (Allocation Failure)  406921K->93227K(1033728K), 0.0038328 secs]
74.878: Total time for which application threads were stopped: 0.0040060 seconds, Stopping threads took: 0.0000207 seconds
74.945: [GC (Allocation Failure)  413739K->93003K(1034240K), 0.0037071 secs]
74.949: Total time for which application threads were stopped: 0.0038752 seconds, Stopping threads took: 0.0000196 seconds
75.015: [GC (Allocation Failure)  413515K->96715K(1034752K), 0.0047451 secs]
75.020: Total time for which application threads were stopped: 0.0049074 seconds, Stopping threads took: 0.0000200 seconds
75.086: [GC (Allocation Failure)  418251K->101198K(1034752K), 0.0039550 secs]
75.090: Total time for which application threads were stopped: 0.0041139 seconds, Stopping threads took: 0.0000192 seconds
75.158: [GC (Allocation Failure)  422734K->101006K(1034752K), 0.0037799 secs]
75.162: Total time for which application threads were stopped: 0.0039888 seconds, Stopping threads took: 0.0000189 seconds
75.227: [GC (Allocation Failure)  422542K->93803K(1034752K), 0.0009006 secs]
75.228: Total time for which application threads were stopped: 0.0010393 seconds, Stopping threads took: 0.0000271 seconds
75.294: [GC (Allocation Failure)  415339K->101166K(1034752K), 0.0038422 secs]
75.298: Total time for which application threads were stopped: 0.0040213 seconds, Stopping threads took: 0.0000266 seconds
75.366: [GC (Allocation Failure)  422702K->101038K(1034752K), 0.0039727 secs]
75.370: Total time for which application threads were stopped: 0.0041430 seconds, Stopping threads took: 0.0000200 seconds
75.436: [GC (Allocation Failure)  422574K->95083K(1034752K), 0.0014065 secs]
75.437: Total time for which application threads were stopped: 0.0015507 seconds, Stopping threads took: 0.0000192 seconds
75.505: [GC (Allocation Failure)  416619K->101102K(1034752K), 0.0040223 secs]
75.509: Total time for which application threads were stopped: 0.0041953 seconds, Stopping threads took: 0.0000196 seconds
75.577: [GC (Allocation Failure)  422638K->101006K(1034752K), 0.0046333 secs]
75.582: Total time for which application threads were stopped: 0.0048036 seconds, Stopping threads took: 0.0000198 seconds
75.648: [GC (Allocation Failure)  422542K->96299K(1034752K), 0.0018934 secs]
75.650: Total time for which application threads were stopped: 0.0020446 seconds, Stopping threads took: 0.0000192 seconds
75.718: [GC (Allocation Failure)  417835K->101006K(1034752K), 0.0056830 secs]
75.724: Total time for which application threads were stopped: 0.0058667 seconds, Stopping threads took: 0.0000195 seconds
75.792: [GC (Allocation Failure)  422542K->100974K(1034752K), 0.0039897 secs]
75.796: Total time for which application threads were stopped: 0.0041610 seconds, Stopping threads took: 0.0000225 seconds
75.864: [GC (Allocation Failure)  422510K->97483K(1035264K), 0.0024318 secs]
75.866: Total time for which application threads were stopped: 0.0026149 seconds, Stopping threads took: 0.0000218 seconds
75.936: [GC (Allocation Failure)  419531K->101262K(1034752K), 0.0038981 secs]
75.940: Total time for which application threads were stopped: 0.0040667 seconds, Stopping threads took: 0.0000194 seconds
76.008: [GC (Allocation Failure)  423310K->100974K(1035264K), 0.0038392 secs]
76.012: Total time for which application threads were stopped: 0.0040427 seconds, Stopping threads took: 0.0000196 seconds
76.079: [GC (Allocation Failure)  423534K->100811K(1035264K), 0.0036898 secs]
76.083: Total time for which application threads were stopped: 0.0038790 seconds, Stopping threads took: 0.0000209 seconds
76.150: [GC (Allocation Failure)  423371K->101198K(1035264K), 0.0039146 secs]
76.154: Total time for which application threads were stopped: 0.0040866 seconds, Stopping threads took: 0.0000204 seconds
76.223: [GC (Allocation Failure)  423758K->100974K(1035264K), 0.0035657 secs]
76.226: Total time for which application threads were stopped: 0.0037245 seconds, Stopping threads took: 0.0000194 seconds
76.293: [GC (Allocation Failure)  423534K->105067K(1032704K), 0.0052666 secs]
76.299: Total time for which application threads were stopped: 0.0054422 seconds, Stopping threads took: 0.0000266 seconds
76.364: [GC (Allocation Failure)  425579K->101134K(1034240K), 0.0039720 secs]
76.369: Total time for which application threads were stopped: 0.0041517 seconds, Stopping threads took: 0.0000200 seconds
76.438: [GC (Allocation Failure)  421646K->101006K(1035264K), 0.0036746 secs]
76.441: Total time for which application threads were stopped: 0.0038408 seconds, Stopping threads took: 0.0000202 seconds
76.508: [GC (Allocation Failure)  423054K->104779K(1033728K), 0.0054134 secs]
76.513: Total time for which application threads were stopped: 0.0055950 seconds, Stopping threads took: 0.0000199 seconds
76.582: [GC (Allocation Failure)  426827K->101070K(1034752K), 0.0099217 secs]
76.592: Total time for which application threads were stopped: 0.0100918 seconds, Stopping threads took: 0.0000195 seconds
76.660: [GC (Allocation Failure)  422094K->101006K(1034240K), 0.0038630 secs]
76.664: Total time for which application threads were stopped: 0.0040195 seconds, Stopping threads took: 0.0000169 seconds
76.731: [GC (Allocation Failure)  422030K->105483K(1033216K), 0.0055228 secs]
76.737: Total time for which application threads were stopped: 0.0056917 seconds, Stopping threads took: 0.0000258 seconds
76.803: [GC (Allocation Failure)  425995K->101038K(1034240K), 0.0038252 secs]
76.807: Total time for which application threads were stopped: 0.0039736 seconds, Stopping threads took: 0.0000189 seconds
76.877: [GC (Allocation Failure)  421550K->101006K(1035264K), 0.0037399 secs]
76.881: Total time for which application threads were stopped: 0.0039185 seconds, Stopping threads took: 0.0000166 seconds
76.950: [GC (Allocation Failure)  423054K->105163K(1033728K), 0.0054055 secs]
76.955: Total time for which application threads were stopped: 0.0055667 seconds, Stopping threads took: 0.0000202 seconds
77.024: [GC (Allocation Failure)  427211K->101262K(1034752K), 0.0039304 secs]
77.028: Total time for which application threads were stopped: 0.0041000 seconds, Stopping threads took: 0.0000190 seconds
77.095: [GC (Allocation Failure)  422286K->101006K(1034240K), 0.0039629 secs]
77.099: Total time for which application threads were stopped: 0.0041307 seconds, Stopping threads took: 0.0000200 seconds
77.166: [GC (Allocation Failure)  422030K->105867K(1032704K), 0.0057620 secs]
77.172: Total time for which application threads were stopped: 0.0059673 seconds, Stopping threads took: 0.0000272 seconds
77.239: [GC (Allocation Failure)  425355K->101166K(1033728K), 0.0045363 secs]
77.244: Total time for which application threads were stopped: 0.0047065 seconds, Stopping threads took: 0.0000281 seconds
77.310: [GC (Allocation Failure)  420654K->101006K(1034752K), 0.0043844 secs]
77.315: Total time for which application threads were stopped: 0.0045328 seconds, Stopping threads took: 0.0000166 seconds
77.384: [GC (Allocation Failure)  422030K->102507K(1034240K), 0.0045738 secs]
77.389: Total time for which application threads were stopped: 0.0047553 seconds, Stopping threads took: 0.0000342 seconds
77.456: [GC (Allocation Failure)  423531K->101134K(1035264K), 0.0039344 secs]
77.460: Total time for which application threads were stopped: 0.0041360 seconds, Stopping threads took: 0.0000203 seconds
77.528: [GC (Allocation Failure)  423182K->101038K(1034752K), 0.0038248 secs]
77.532: Total time for which application threads were stopped: 0.0040032 seconds, Stopping threads took: 0.0000226 seconds
77.599: [GC (Allocation Failure)  423086K->104299K(1034240K), 0.0071326 secs]
77.606: Total time for which application threads were stopped: 0.0073416 seconds, Stopping threads took: 0.0000251 seconds
77.675: [GC (Allocation Failure)  425835K->101070K(1034752K), 0.0037632 secs]
77.678: Total time for which application threads were stopped: 0.0039179 seconds, Stopping threads took: 0.0000177 seconds
77.745: [GC (Allocation Failure)  422606K->101038K(1035264K), 0.0039893 secs]
77.749: Total time for which application threads were stopped: 0.0041562 seconds, Stopping threads took: 0.0000261 seconds
77.818: [GC (Allocation Failure)  423598K->106467K(1035264K), 0.0060645 secs]
77.824: Total time for which application threads were stopped: 0.0062662 seconds, Stopping threads took: 0.0000273 seconds
77.893: [GC (Allocation Failure)  429027K->101222K(1033216K), 0.0036813 secs]
77.897: Total time for which application threads were stopped: 0.0038379 seconds, Stopping threads took: 0.0000167 seconds
77.964: [GC (Allocation Failure)  421734K->101222K(1034240K), 0.0039159 secs]
77.968: Total time for which application threads were stopped: 0.0041110 seconds, Stopping threads took: 0.0000206 seconds
78.036: [GC (Allocation Failure)  421734K->106947K(1031680K), 0.0060636 secs]
78.042: Total time for which application threads were stopped: 0.0062426 seconds, Stopping threads took: 0.0000278 seconds
78.109: [GC (Allocation Failure)  425411K->101446K(1033216K), 0.0039266 secs]
78.113: Total time for which application threads were stopped: 0.0040891 seconds, Stopping threads took: 0.0000197 seconds
78.180: [GC (Allocation Failure)  419910K->101222K(1033728K), 0.0038412 secs]
78.184: Total time for which application threads were stopped: 0.0040106 seconds, Stopping threads took: 0.0000194 seconds
78.251: [GC (Allocation Failure)  420710K->99971K(1033728K), 0.0033146 secs]
78.254: Total time for which application threads were stopped: 0.0034722 seconds, Stopping threads took: 0.0000253 seconds
78.322: [GC (Allocation Failure)  419459K->101350K(1034240K), 0.0038960 secs]
78.326: Total time for which application threads were stopped: 0.0040908 seconds, Stopping threads took: 0.0000203 seconds
78.394: [GC (Allocation Failure)  421862K->101190K(1034240K), 0.0044473 secs]
78.399: Total time for which application threads were stopped: 0.0046174 seconds, Stopping threads took: 0.0000180 seconds
78.466: [GC (Allocation Failure)  421702K->97059K(1033728K), 0.0022387 secs]
78.468: Total time for which application threads were stopped: 0.0025443 seconds, Stopping threads took: 0.0000192 seconds
78.535: [GC (Allocation Failure)  417571K->101350K(1034240K), 0.0052029 secs]
78.541: Total time for which application threads were stopped: 0.0053543 seconds, Stopping threads took: 0.0000189 seconds
78.613: [GC (Allocation Failure)  421862K->101222K(1035264K), 0.0037526 secs]
78.616: Total time for which application threads were stopped: 0.0039349 seconds, Stopping threads took: 0.0000163 seconds
78.684: [GC (Allocation Failure)  423270K->96739K(1034752K), 0.0020543 secs]
78.686: Total time for which application threads were stopped: 0.0022082 seconds, Stopping threads took: 0.0000193 seconds
78.756: [GC (Allocation Failure)  418787K->101254K(1035264K), 0.0035379 secs]
78.760: Total time for which application threads were stopped: 0.0036839 seconds, Stopping threads took: 0.0000164 seconds
78.829: [GC (Allocation Failure)  423814K->101222K(1035264K), 0.0038477 secs]
78.833: Total time for which application threads were stopped: 0.0040314 seconds, Stopping threads took: 0.0000216 seconds
78.899: [GC (Allocation Failure)  423782K->100579K(1036288K), 0.0037054 secs]
78.903: Total time for which application threads were stopped: 0.0038830 seconds, Stopping threads took: 0.0000205 seconds
78.971: [GC (Allocation Failure)  424675K->101478K(1035776K), 0.0037178 secs]
78.975: Total time for which application threads were stopped: 0.0038872 seconds, Stopping threads took: 0.0000195 seconds
79.045: [GC (Allocation Failure)  425574K->101222K(1036800K), 0.0036588 secs]
79.049: Total time for which application threads were stopped: 0.0038208 seconds, Stopping threads took: 0.0000195 seconds
79.115: [GC (Allocation Failure)  426342K->94083K(1025536K), 0.0009768 secs]
79.116: Total time for which application threads were stopped: 0.0011071 seconds, Stopping threads took: 0.0000208 seconds
79.187: [GC (Allocation Failure)  419203K->101454K(1036288K), 0.0039503 secs]
79.191: Total time for which application threads were stopped: 0.0041081 seconds, Stopping threads took: 0.0000192 seconds
79.260: [GC (Allocation Failure)  425550K->105382K(1035776K), 0.0050906 secs]
79.265: Total time for which application threads were stopped: 0.0052557 seconds, Stopping threads took: 0.0000248 seconds
79.333: [GC (Allocation Failure)  429478K->105382K(1036800K), 0.0038575 secs]
79.337: Total time for which application threads were stopped: 0.0040460 seconds, Stopping threads took: 0.0000246 seconds
79.406: [GC (Allocation Failure)  431014K->105574K(1025536K), 0.0039973 secs]
79.410: Total time for which application threads were stopped: 0.0041700 seconds, Stopping threads took: 0.0000198 seconds
79.479: [GC (Allocation Failure)  431206K->113416K(1035776K), 0.0040196 secs]
79.483: Total time for which application threads were stopped: 0.0041924 seconds, Stopping threads took: 0.0000196 seconds
79.550: [GC (Allocation Failure)  437000K->113416K(1035776K), 0.0038392 secs]
79.554: Total time for which application threads were stopped: 0.0040134 seconds, Stopping threads took: 0.0000263 seconds
79.623: [GC (Allocation Failure)  437000K->113832K(1035264K), 0.0039698 secs]
79.627: Total time for which application threads were stopped: 0.0041407 seconds, Stopping threads took: 0.0000196 seconds
79.695: [GC (Allocation Failure)  437416K->121482K(1031168K), 0.0039243 secs]
79.699: Total time for which application threads were stopped: 0.0040883 seconds, Stopping threads took: 0.0000202 seconds
79.768: [GC (Allocation Failure)  445066K->121482K(1035776K), 0.0038680 secs]
79.772: Total time for which application threads were stopped: 0.0040376 seconds, Stopping threads took: 0.0000262 seconds
79.841: [GC (Allocation Failure)  444554K->121514K(1035264K), 0.0038263 secs]
79.845: Total time for which application threads were stopped: 0.0039992 seconds, Stopping threads took: 0.0000197 seconds
79.914: [GC (Allocation Failure)  444586K->129516K(1034240K), 0.0037527 secs]
79.918: Total time for which application threads were stopped: 0.0039275 seconds, Stopping threads took: 0.0000199 seconds
79.986: [GC (Allocation Failure)  451052K->129484K(1034752K), 0.0037420 secs]
79.990: Total time for which application threads were stopped: 0.0038913 seconds, Stopping threads took: 0.0000165 seconds
80.055: [GC (Allocation Failure)  451020K->129740K(1034240K), 0.0040766 secs]
80.059: Total time for which application threads were stopped: 0.0042486 seconds, Stopping threads took: 0.0000202 seconds
80.126: [GC (Allocation Failure)  451276K->137519K(1034752K), 0.0038801 secs]
80.130: Total time for which application threads were stopped: 0.0040527 seconds, Stopping threads took: 0.0000195 seconds
80.196: [GC (Allocation Failure)  459055K->137519K(1034752K), 0.0039252 secs]
80.200: Total time for which application threads were stopped: 0.0040961 seconds, Stopping threads took: 0.0000196 seconds
80.267: [GC (Allocation Failure)  459055K->137575K(1021440K), 0.0040287 secs]
80.271: Total time for which application threads were stopped: 0.0042109 seconds, Stopping threads took: 0.0000292 seconds
80.338: [GC (Allocation Failure)  459111K->145545K(1034240K), 0.0039367 secs]
80.342: Total time for which application threads were stopped: 0.0040993 seconds, Stopping threads took: 0.0000202 seconds
80.409: [GC (Allocation Failure)  466057K->145545K(1034240K), 0.0037800 secs]
80.413: Total time for which application threads were stopped: 0.0039422 seconds, Stopping threads took: 0.0000198 seconds
80.480: [GC (Allocation Failure)  466057K->145705K(1034240K), 0.0038420 secs]
80.484: Total time for which application threads were stopped: 0.0040092 seconds, Stopping threads took: 0.0000208 seconds
80.552: [GC (Allocation Failure)  466217K->153611K(1028096K), 0.0039880 secs]
80.556: Total time for which application threads were stopped: 0.0041656 seconds, Stopping threads took: 0.0000215 seconds
80.624: [GC (Allocation Failure)  474123K->153579K(1033728K), 0.0040408 secs]
80.629: Total time for which application threads were stopped: 0.0042059 seconds, Stopping threads took: 0.0000192 seconds
80.695: [GC (Allocation Failure)  473067K->153931K(1033728K), 0.0038915 secs]
80.699: Total time for which application threads were stopped: 0.0040627 seconds, Stopping threads took: 0.0000202 seconds
80.767: [GC (Allocation Failure)  473419K->161614K(1033728K), 0.0039615 secs]
80.771: Total time for which application threads were stopped: 0.0041243 seconds, Stopping threads took: 0.0000194 seconds
80.838: [GC (Allocation Failure)  481102K->161614K(1033728K), 0.0039646 secs]
80.842: Total time for which application threads were stopped: 0.0041214 seconds, Stopping threads took: 0.0000184 seconds
80.910: [GC (Allocation Failure)  481102K->161670K(1033728K), 0.0039395 secs]
80.914: Total time for which application threads were stopped: 0.0041134 seconds, Stopping threads took: 0.0000200 seconds
80.983: [GC (Allocation Failure)  481158K->169640K(1033728K), 0.0039349 secs]
80.987: Total time for which application threads were stopped: 0.0041270 seconds, Stopping threads took: 0.0000202 seconds
81.053: [GC (Allocation Failure)  489128K->169640K(1033728K), 0.0039715 secs]
81.057: Total time for which application threads were stopped: 0.0041621 seconds, Stopping threads took: 0.0000199 seconds
81.125: [GC (Allocation Failure)  489128K->169928K(1033728K), 0.0038432 secs]
81.129: Total time for which application threads were stopped: 0.0039983 seconds, Stopping threads took: 0.0000172 seconds
81.197: [GC (Allocation Failure)  489416K->177674K(1032704K), 0.0038987 secs]
81.201: Total time for which application threads were stopped: 0.0040710 seconds, Stopping threads took: 0.0000198 seconds
81.269: [GC (Allocation Failure)  496138K->177674K(1033216K), 0.0040220 secs]
81.273: Total time for which application threads were stopped: 0.0041831 seconds, Stopping threads took: 0.0000263 seconds
81.337: [GC (Allocation Failure)  496138K->177738K(1033216K), 0.0038639 secs]
81.341: Total time for which application threads were stopped: 0.0040117 seconds, Stopping threads took: 0.0000167 seconds
81.408: [GC (Allocation Failure)  496202K->185740K(1033216K), 0.0040952 secs]
81.413: Total time for which application threads were stopped: 0.0042654 seconds, Stopping threads took: 0.0000194 seconds
81.478: [GC (Allocation Failure)  504204K->185740K(1033216K), 0.0038713 secs]
81.482: Total time for which application threads were stopped: 0.0040436 seconds, Stopping threads took: 0.0000200 seconds
81.549: [GC (Allocation Failure)  504204K->185868K(1033216K), 0.0041068 secs]
81.553: Total time for which application threads were stopped: 0.0042762 seconds, Stopping threads took: 0.0000195 seconds
81.621: [GC (Allocation Failure)  504332K->193743K(1033216K), 0.0039654 secs]
81.625: Total time for which application threads were stopped: 0.0041153 seconds, Stopping threads took: 0.0000167 seconds
81.690: [GC (Allocation Failure)  512207K->187500K(1033216K), 0.0015952 secs]
81.692: Total time for which application threads were stopped: 0.0017335 seconds, Stopping threads took: 0.0000195 seconds
81.758: [GC (Allocation Failure)  505964K->193839K(1034240K), 0.0039164 secs]
81.762: Total time for which application threads were stopped: 0.0041012 seconds, Stopping threads took: 0.0000293 seconds
81.830: [GC (Allocation Failure)  513839K->197895K(1033728K), 0.0047784 secs]
81.835: Total time for which application threads were stopped: 0.0049546 seconds, Stopping threads took: 0.0000200 seconds
81.901: [GC (Allocation Failure)  517895K->203140K(1029632K), 0.0063118 secs]
81.908: Total time for which application threads were stopped: 0.0064730 seconds, Stopping threads took: 0.0000193 seconds
81.974: [GC (Allocation Failure)  518532K->197895K(1031680K), 0.0041849 secs]
81.979: Total time for which application threads were stopped: 0.0043484 seconds, Stopping threads took: 0.0000197 seconds
82.045: [GC (Allocation Failure)  513287K->197895K(1032704K), 0.0039236 secs]
82.049: Total time for which application threads were stopped: 0.0040846 seconds, Stopping threads took: 0.0000202 seconds
82.116: [GC (Allocation Failure)  514823K->199591K(1032192K), 0.0042535 secs]
82.120: Total time for which application threads were stopped: 0.0044363 seconds, Stopping threads took: 0.0000277 seconds
82.188: [GC (Allocation Failure)  516519K->205929K(1033216K), 0.0070001 secs]
82.195: Total time for which application threads were stopped: 0.0071893 seconds, Stopping threads took: 0.0000195 seconds
82.263: [GC (Allocation Failure)  523881K->205929K(1032704K), 0.0040061 secs]
82.268: Total time for which application threads were stopped: 0.0041763 seconds, Stopping threads took: 0.0000270 seconds
82.332: [GC (Allocation Failure)  523881K->209385K(1033728K), 0.0047753 secs]
82.337: Total time for which application threads were stopped: 0.0049544 seconds, Stopping threads took: 0.0000279 seconds
82.404: [GC (Allocation Failure)  528361K->213995K(1033216K), 0.0040899 secs]
82.408: Total time for which application threads were stopped: 0.0042612 seconds, Stopping threads took: 0.0000206 seconds
82.476: [GC (Allocation Failure)  532971K->213995K(1033728K), 0.0039672 secs]
82.480: Total time for which application threads were stopped: 0.0041602 seconds, Stopping threads took: 0.0000187 seconds
82.547: [GC (Allocation Failure)  533483K->215555K(1033728K), 0.0065732 secs]
82.554: Total time for which application threads were stopped: 0.0067637 seconds, Stopping threads took: 0.0000205 seconds
82.623: [GC (Allocation Failure)  535043K->222085K(1033728K), 0.0041409 secs]
82.628: Total time for which application threads were stopped: 0.0043317 seconds, Stopping threads took: 0.0000196 seconds
82.695: [GC (Allocation Failure)  541573K->221989K(1033728K), 0.0041677 secs]
82.699: Total time for which application threads were stopped: 0.0043338 seconds, Stopping threads took: 0.0000190 seconds
82.766: [GC (Allocation Failure)  541477K->222765K(1033216K), 0.0041158 secs]
82.770: Total time for which application threads were stopped: 0.0043095 seconds, Stopping threads took: 0.0000191 seconds
82.840: [GC (Allocation Failure)  542253K->230064K(1033728K), 0.0041628 secs]
82.844: Total time for which application threads were stopped: 0.0043210 seconds, Stopping threads took: 0.0000166 seconds
82.909: [GC (Allocation Failure)  549552K->230032K(1034240K), 0.0041837 secs]
82.914: Total time for which application threads were stopped: 0.0043639 seconds, Stopping threads took: 0.0000199 seconds
82.980: [GC (Allocation Failure)  550032K->230472K(1033728K), 0.0040981 secs]
82.984: Total time for which application threads were stopped: 0.0042614 seconds, Stopping threads took: 0.0000198 seconds
83.052: [GC (Allocation Failure)  550472K->238090K(1033728K), 0.0042652 secs]
83.056: Total time for which application threads were stopped: 0.0044434 seconds, Stopping threads took: 0.0000216 seconds
83.124: [GC (Allocation Failure)  557578K->238058K(1033728K), 0.0042560 secs]
83.128: Total time for which application threads were stopped: 0.0044572 seconds, Stopping threads took: 0.0000195 seconds
83.193: [GC (Allocation Failure)  557546K->238210K(1033728K), 0.0042006 secs]
83.197: Total time for which application threads were stopped: 0.0043804 seconds, Stopping threads took: 0.0000265 seconds
83.265: [GC (Allocation Failure)  557698K->246148K(1033728K), 0.0040152 secs]
83.269: Total time for which application threads were stopped: 0.0041909 seconds, Stopping threads took: 0.0000282 seconds
83.335: [GC (Allocation Failure)  565636K->246116K(1033728K), 0.0041348 secs]
83.339: Total time for which application threads were stopped: 0.0043018 seconds, Stopping threads took: 0.0000252 seconds
83.404: [GC (Allocation Failure)  565604K->246436K(1033728K), 0.0042138 secs]
83.408: Total time for which application threads were stopped: 0.0043822 seconds, Stopping threads took: 0.0000194 seconds
83.476: [GC (Allocation Failure)  565924K->254214K(1033728K), 0.0041150 secs]
83.480: Total time for which application threads were stopped: 0.0042856 seconds, Stopping threads took: 0.0000203 seconds
83.546: [GC (Allocation Failure)  573702K->254118K(1033728K), 0.0042004 secs]
83.550: Total time for which application threads were stopped: 0.0043801 seconds, Stopping threads took: 0.0000204 seconds
83.616: [GC (Allocation Failure)  573606K->254662K(1033728K), 0.0041469 secs]
83.620: Total time for which application threads were stopped: 0.0043100 seconds, Stopping threads took: 0.0000196 seconds
83.687: [GC (Allocation Failure)  574150K->262153K(1033728K), 0.0040441 secs]
83.691: Total time for which application threads were stopped: 0.0042085 seconds, Stopping threads took: 0.0000203 seconds
83.757: [GC (Allocation Failure)  581641K->262153K(1033728K), 0.0040610 secs]
83.761: Total time for which application threads were stopped: 0.0042246 seconds, Stopping threads took: 0.0000264 seconds
83.826: [GC (Allocation Failure)  581641K->263945K(1033728K), 0.0043077 secs]
83.830: Total time for which application threads were stopped: 0.0044704 seconds, Stopping threads took: 0.0000258 seconds
83.897: [GC (Allocation Failure)  583433K->270187K(1033728K), 0.0041587 secs]
83.902: Total time for which application threads were stopped: 0.0043217 seconds, Stopping threads took: 0.0000198 seconds
83.967: [GC (Allocation Failure)  589675K->270187K(1033728K), 0.0041271 secs]
83.971: Total time for which application threads were stopped: 0.0042978 seconds, Stopping threads took: 0.0000197 seconds
84.036: [GC (Allocation Failure)  589675K->271115K(1033728K), 0.0043763 secs]
84.040: Total time for which application threads were stopped: 0.0045482 seconds, Stopping threads took: 0.0000198 seconds
84.108: [GC (Allocation Failure)  590603K->278221K(1033728K), 0.0041694 secs]
84.112: Total time for which application threads were stopped: 0.0043440 seconds, Stopping threads took: 0.0000202 seconds
84.180: [GC (Allocation Failure)  597709K->278221K(1033728K), 0.0040943 secs]
84.184: Total time for which application threads were stopped: 0.0042739 seconds, Stopping threads took: 0.0000206 seconds
84.251: [GC (Allocation Failure)  597709K->278341K(1033728K), 0.0041348 secs]
84.255: Total time for which application threads were stopped: 0.0042940 seconds, Stopping threads took: 0.0000267 seconds
84.323: [GC (Allocation Failure)  597829K->286248K(1033728K), 0.0041968 secs]
84.327: Total time for which application threads were stopped: 0.0043518 seconds, Stopping threads took: 0.0000270 seconds
84.394: [GC (Allocation Failure)  605736K->286248K(1033728K), 0.0043346 secs]
84.398: Total time for which application threads were stopped: 0.0045113 seconds, Stopping threads took: 0.0000246 seconds
84.463: [GC (Allocation Failure)  605736K->286568K(1033728K), 0.0042285 secs]
84.467: Total time for which application threads were stopped: 0.0043990 seconds, Stopping threads took: 0.0000193 seconds
84.535: [GC (Allocation Failure)  606056K->294314K(1027072K), 0.0042152 secs]
84.539: Total time for which application threads were stopped: 0.0043837 seconds, Stopping threads took: 0.0000191 seconds
84.606: [GC (Allocation Failure)  613802K->294282K(1033216K), 0.0070884 secs]
84.614: Total time for which application threads were stopped: 0.0072423 seconds, Stopping threads took: 0.0000195 seconds
84.680: [GC (Allocation Failure)  612746K->294794K(1033216K), 0.0043497 secs]
84.685: Total time for which application threads were stopped: 0.0045173 seconds, Stopping threads took: 0.0000196 seconds
84.752: [GC (Allocation Failure)  613258K->302348K(1033216K), 0.0042731 secs]
84.756: Total time for which application threads were stopped: 0.0044592 seconds, Stopping threads took: 0.0000261 seconds
84.823: [GC (Allocation Failure)  620812K->302316K(1033216K), 0.0042306 secs]
84.827: Total time for which application threads were stopped: 0.0043936 seconds, Stopping threads took: 0.0000204 seconds
84.893: [GC (Allocation Failure)  620780K->303052K(1033216K), 0.0041639 secs]
84.897: Total time for which application threads were stopped: 0.0043244 seconds, Stopping threads took: 0.0000190 seconds
84.962: [GC (Allocation Failure)  621516K->310414K(1033216K), 0.0043174 secs]
84.967: Total time for which application threads were stopped: 0.0044842 seconds, Stopping threads took: 0.0000192 seconds
85.033: [GC (Allocation Failure)  628878K->310382K(1033216K), 0.0042041 secs]
85.037: Total time for which application threads were stopped: 0.0043637 seconds, Stopping threads took: 0.0000200 seconds
85.105: [GC (Allocation Failure)  628846K->311270K(1033216K), 0.0043298 secs]
85.110: Total time for which application threads were stopped: 0.0044915 seconds, Stopping threads took: 0.0000192 seconds
85.178: [GC (Allocation Failure)  629734K->318441K(1033216K), 0.0043399 secs]
85.183: Total time for which application threads were stopped: 0.0045302 seconds, Stopping threads took: 0.0000187 seconds
85.250: [GC (Allocation Failure)  636905K->318345K(1033216K), 0.0041189 secs]
85.254: Total time for which application threads were stopped: 0.0042814 seconds, Stopping threads took: 0.0000247 seconds
85.320: [GC (Allocation Failure)  636809K->318441K(1033216K), 0.0042812 secs]
85.325: Total time for which application threads were stopped: 0.0044396 seconds, Stopping threads took: 0.0000252 seconds
85.392: [GC (Allocation Failure)  636905K->326411K(1033216K), 0.0041274 secs]
85.396: Total time for which application threads were stopped: 0.0042964 seconds, Stopping threads took: 0.0000202 seconds
85.462: [GC (Allocation Failure)  644875K->326379K(1033216K), 0.0042801 secs]
85.467: Total time for which application threads were stopped: 0.0044750 seconds, Stopping threads took: 0.0000205 seconds
85.533: [GC (Allocation Failure)  644843K->326731K(1033216K), 0.0043607 secs]
85.538: Total time for which application threads were stopped: 0.0045489 seconds, Stopping threads took: 0.0000170 seconds
85.607: [GC (Allocation Failure)  645195K->334445K(1033216K), 0.0041540 secs]
85.611: Total time for which application threads were stopped: 0.0043326 seconds, Stopping threads took: 0.0000140 seconds
85.678: [GC (Allocation Failure)  652909K->334445K(1033216K), 0.0043337 secs]
85.682: Total time for which application threads were stopped: 0.0044833 seconds, Stopping threads took: 0.0000173 seconds
85.747: [GC (Allocation Failure)  652909K->334957K(1033216K), 0.0042357 secs]
85.751: Total time for which application threads were stopped: 0.0044035 seconds, Stopping threads took: 0.0000260 seconds
85.816: [GC (Allocation Failure)  653421K->342479K(1033216K), 0.0043234 secs]
85.821: Total time for which application threads were stopped: 0.0045185 seconds, Stopping threads took: 0.0000199 seconds
85.888: [GC (Allocation Failure)  660943K->342511K(1033216K), 0.0044034 secs]
85.893: Total time for which application threads were stopped: 0.0045703 seconds, Stopping threads took: 0.0000199 seconds
85.959: [GC (Allocation Failure)  660975K->342663K(1033216K), 0.0042938 secs]
85.964: Total time for which application threads were stopped: 0.0044712 seconds, Stopping threads took: 0.0000197 seconds
86.031: [GC (Allocation Failure)  661127K->350538K(1033216K), 0.0042703 secs]
86.035: Total time for which application threads were stopped: 0.0044608 seconds, Stopping threads took: 0.0000227 seconds
86.100: [GC (Allocation Failure)  669002K->350506K(1033216K), 0.0041860 secs]
86.105: Total time for which application threads were stopped: 0.0043620 seconds, Stopping threads took: 0.0000215 seconds
86.169: [GC (Allocation Failure)  668970K->350666K(1033216K), 0.0066261 secs]
86.176: Total time for which application threads were stopped: 0.0068057 seconds, Stopping threads took: 0.0000199 seconds
86.244: [GC (Allocation Failure)  669130K->358540K(1033216K), 0.0040877 secs]
86.249: Total time for which application threads were stopped: 0.0042625 seconds, Stopping threads took: 0.0000264 seconds
86.314: [GC (Allocation Failure)  677004K->358540K(1033216K), 0.0043979 secs]
86.319: Total time for which application threads were stopped: 0.0045743 seconds, Stopping threads took: 0.0000264 seconds
86.384: [GC (Allocation Failure)  677004K->358604K(1033216K), 0.0042187 secs]
86.388: Total time for which application threads were stopped: 0.0044026 seconds, Stopping threads took: 0.0000280 seconds
86.456: [GC (Allocation Failure)  677068K->366574K(1033216K), 0.0045586 secs]
86.461: Total time for which application threads were stopped: 0.0047213 seconds, Stopping threads took: 0.0000199 seconds
86.528: [GC (Allocation Failure)  685038K->362636K(1033216K), 0.0029389 secs]
86.531: Total time for which application threads were stopped: 0.0031193 seconds, Stopping threads took: 0.0000207 seconds
86.601: [GC (Allocation Failure)  681100K->366694K(1034752K), 0.0057934 secs]
86.607: Total time for which application threads were stopped: 0.0060084 seconds, Stopping threads took: 0.0000272 seconds
86.674: [GC (Allocation Failure)  687206K->370694K(1033728K), 0.0044355 secs]
86.678: Total time for which application threads were stopped: 0.0046034 seconds, Stopping threads took: 0.0000194 seconds
86.747: [GC (Allocation Failure)  691206K->362852K(1034240K), 0.0011339 secs]
86.748: Total time for which application threads were stopped: 0.0012746 seconds, Stopping threads took: 0.0000252 seconds
86.817: [GC (Allocation Failure)  683364K->370790K(1034240K), 0.0045751 secs]
86.821: Total time for which application threads were stopped: 0.0047339 seconds, Stopping threads took: 0.0000170 seconds
86.888: [GC (Allocation Failure)  691302K->374870K(1033216K), 0.0059444 secs]
86.894: Total time for which application threads were stopped: 0.0061127 seconds, Stopping threads took: 0.0000194 seconds
86.960: [GC (Allocation Failure)  694358K->380564K(1032704K), 0.0068212 secs]
86.967: Total time for which application threads were stopped: 0.0069899 seconds, Stopping threads took: 0.0000201 seconds
87.035: [GC (Allocation Failure)  700052K->375094K(1031680K), 0.0046490 secs]
87.039: Total time for which application threads were stopped: 0.0048196 seconds, Stopping threads took: 0.0000198 seconds
87.105: [GC (Allocation Failure)  691510K->374838K(1032192K), 0.0043284 secs]
87.110: Total time for which application threads were stopped: 0.0044894 seconds, Stopping threads took: 0.0000195 seconds
87.175: [GC (Allocation Failure)  691254K->369492K(1032704K), 0.0023241 secs]
87.178: Total time for which application threads were stopped: 0.0024873 seconds, Stopping threads took: 0.0000190 seconds
87.247: [GC (Allocation Failure)  686932K->375062K(1032704K), 0.0044351 secs]
87.252: Total time for which application threads were stopped: 0.0046228 seconds, Stopping threads took: 0.0000263 seconds
87.321: [GC (Allocation Failure)  692502K->374806K(1033216K), 0.0065732 secs]
87.327: Total time for which application threads were stopped: 0.0067350 seconds, Stopping threads took: 0.0000194 seconds
87.395: [GC (Allocation Failure)  692758K->375182K(1032704K), 0.0043668 secs]
87.399: Total time for which application threads were stopped: 0.0045350 seconds, Stopping threads took: 0.0000196 seconds
87.467: [GC (Allocation Failure)  693134K->382992K(1033216K), 0.0044343 secs]
87.472: Total time for which application threads were stopped: 0.0045991 seconds, Stopping threads took: 0.0000194 seconds
87.538: [GC (Allocation Failure)  701456K->382832K(1033216K), 0.0042395 secs]
87.542: Total time for which application threads were stopped: 0.0044364 seconds, Stopping threads took: 0.0000191 seconds
87.611: [GC (Allocation Failure)  701296K->386984K(1033728K), 0.0052634 secs]
87.616: Total time for which application threads were stopped: 0.0054529 seconds, Stopping threads took: 0.0000192 seconds
87.684: [GC (Allocation Failure)  705960K->390987K(1033216K), 0.0042708 secs]
87.689: Total time for which application threads were stopped: 0.0044402 seconds, Stopping threads took: 0.0000198 seconds
87.756: [GC (Allocation Failure)  709963K->390923K(1034240K), 0.0042331 secs]
87.761: Total time for which application threads were stopped: 0.0044094 seconds, Stopping threads took: 0.0000256 seconds
87.828: [GC (Allocation Failure)  710923K->393707K(1033728K), 0.0048723 secs]
87.833: Total time for which application threads were stopped: 0.0050607 seconds, Stopping threads took: 0.0000273 seconds
87.901: [GC (Allocation Failure)  713707K->398957K(1034240K), 0.0045545 secs]
87.906: Total time for which application threads were stopped: 0.0047334 seconds, Stopping threads took: 0.0000265 seconds
87.973: [GC (Allocation Failure)  719469K->398925K(1034240K), 0.0042272 secs]
87.977: Total time for which application threads were stopped: 0.0043866 seconds, Stopping threads took: 0.0000193 seconds
88.044: [GC (Allocation Failure)  719437K->399365K(1034240K), 0.0045758 secs]
88.048: Total time for which application threads were stopped: 0.0047600 seconds, Stopping threads took: 0.0000193 seconds
88.116: [GC (Allocation Failure)  719877K->406951K(1034240K), 0.0057861 secs]
88.122: Total time for which application threads were stopped: 0.0059454 seconds, Stopping threads took: 0.0000199 seconds
88.189: [GC (Allocation Failure)  727463K->406951K(1034240K), 0.0044295 secs]
88.194: Total time for which application threads were stopped: 0.0045972 seconds, Stopping threads took: 0.0000188 seconds
88.261: [GC (Allocation Failure)  727463K->409639K(1034240K), 0.0046618 secs]
88.265: Total time for which application threads were stopped: 0.0048286 seconds, Stopping threads took: 0.0000268 seconds
88.333: [GC (Allocation Failure)  730151K->415050K(1034240K), 0.0044355 secs]
88.338: Total time for which application threads were stopped: 0.0046136 seconds, Stopping threads took: 0.0000196 seconds
88.406: [GC (Allocation Failure)  735562K->414986K(1034240K), 0.0044904 secs]
88.411: Total time for which application threads were stopped: 0.0046510 seconds, Stopping threads took: 0.0000190 seconds
88.478: [GC (Allocation Failure)  735498K->415818K(1033728K), 0.0047457 secs]
88.483: Total time for which application threads were stopped: 0.0049321 seconds, Stopping threads took: 0.0000213 seconds
88.551: [GC (Allocation Failure)  736330K->423116K(1034240K), 0.0042256 secs]
88.556: Total time for which application threads were stopped: 0.0043945 seconds, Stopping threads took: 0.0000196 seconds
88.625: [GC (Allocation Failure)  743628K->423052K(1034240K), 0.0045407 secs]
88.629: Total time for which application threads were stopped: 0.0047327 seconds, Stopping threads took: 0.0000194 seconds
88.697: [GC (Allocation Failure)  743564K->426124K(1034240K), 0.0050189 secs]
88.703: Total time for which application threads were stopped: 0.0051781 seconds, Stopping threads took: 0.0000187 seconds
88.770: [GC (Allocation Failure)  746636K->431118K(1034752K), 0.0044009 secs]
88.775: Total time for which application threads were stopped: 0.0045934 seconds, Stopping threads took: 0.0000194 seconds
88.844: [GC (Allocation Failure)  752654K->431086K(1034752K), 0.0045020 secs]
88.849: Total time for which application threads were stopped: 0.0046711 seconds, Stopping threads took: 0.0000197 seconds
88.914: [GC (Allocation Failure)  752622K->434342K(1034752K), 0.0052541 secs]
88.920: Total time for which application threads were stopped: 0.0054307 seconds, Stopping threads took: 0.0000203 seconds
88.989: [GC (Allocation Failure)  755878K->439112K(1034752K), 0.0044767 secs]
88.994: Total time for which application threads were stopped: 0.0046399 seconds, Stopping threads took: 0.0000209 seconds
89.062: [GC (Allocation Failure)  760648K->439080K(1034752K), 0.0046585 secs]
89.067: Total time for which application threads were stopped: 0.0048509 seconds, Stopping threads took: 0.0000202 seconds
89.133: [GC (Allocation Failure)  760616K->439528K(1034752K), 0.0045344 secs]
89.138: Total time for which application threads were stopped: 0.0046947 seconds, Stopping threads took: 0.0000196 seconds
89.206: [GC (Allocation Failure)  761064K->447115K(1034752K), 0.0046366 secs]
89.211: Total time for which application threads were stopped: 0.0048049 seconds, Stopping threads took: 0.0000192 seconds
89.278: [GC (Allocation Failure)  768651K->447083K(1034752K), 0.0046133 secs]
89.283: Total time for which application threads were stopped: 0.0047821 seconds, Stopping threads took: 0.0000279 seconds
89.348: [GC (Allocation Failure)  768619K->448779K(1034752K), 0.0045281 secs]
89.353: Total time for which application threads were stopped: 0.0047213 seconds, Stopping threads took: 0.0000199 seconds
89.423: [GC (Allocation Failure)  770315K->455181K(1029120K), 0.0043434 secs]
89.427: Total time for which application threads were stopped: 0.0044920 seconds, Stopping threads took: 0.0000165 seconds
89.494: [GC (Allocation Failure)  776717K->455149K(1034752K), 0.0047906 secs]
89.499: Total time for which application threads were stopped: 0.0049749 seconds, Stopping threads took: 0.0000190 seconds
89.566: [GC (Allocation Failure)  776173K->457477K(1034240K), 0.0047852 secs]
89.571: Total time for which application threads were stopped: 0.0049788 seconds, Stopping threads took: 0.0000193 seconds
89.641: [GC (Allocation Failure)  778501K->463271K(1034752K), 0.0043030 secs]
89.645: Total time for which application threads were stopped: 0.0044585 seconds, Stopping threads took: 0.0000195 seconds
89.715: [GC (Allocation Failure)  784807K->463143K(1034752K), 0.0043349 secs]
89.719: Total time for which application threads were stopped: 0.0044926 seconds, Stopping threads took: 0.0000172 seconds
89.785: [GC (Allocation Failure)  784679K->466247K(1034752K), 0.0051774 secs]
89.790: Total time for which application threads were stopped: 0.0053567 seconds, Stopping threads took: 0.0000269 seconds
89.856: [GC (Allocation Failure)  787783K->471273K(1034752K), 0.0045156 secs]
89.861: Total time for which application threads were stopped: 0.0047296 seconds, Stopping threads took: 0.0000191 seconds
89.928: [GC (Allocation Failure)  792809K->471209K(1034752K), 0.0045502 secs]
89.933: Total time for which application threads were stopped: 0.0047096 seconds, Stopping threads took: 0.0000188 seconds
89.998: [GC (Allocation Failure)  792745K->471433K(1021440K), 0.0046836 secs]
90.003: Total time for which application threads were stopped: 0.0048647 seconds, Stopping threads took: 0.0000197 seconds
90.073: [GC (Allocation Failure)  792969K->479244K(1034240K), 0.0045495 secs]
90.077: Total time for which application threads were stopped: 0.0047161 seconds, Stopping threads took: 0.0000188 seconds
90.144: [GC (Allocation Failure)  799756K->479276K(1034240K), 0.0045893 secs]
90.149: Total time for which application threads were stopped: 0.0048981 seconds, Stopping threads took: 0.0000189 seconds
90.215: [GC (Allocation Failure)  799788K->482636K(1034752K), 0.0051893 secs]
90.221: Total time for which application threads were stopped: 0.0053629 seconds, Stopping threads took: 0.0000200 seconds
90.287: [GC (Allocation Failure)  803660K->487406K(1034240K), 0.0045372 secs]
90.292: Total time for which application threads were stopped: 0.0047071 seconds, Stopping threads took: 0.0000282 seconds
90.358: [GC (Allocation Failure)  808430K->487246K(1034752K), 0.0045050 secs]
90.363: Total time for which application threads were stopped: 0.0046733 seconds, Stopping threads took: 0.0000193 seconds
90.430: [GC (Allocation Failure)  808782K->490886K(1034752K), 0.0054292 secs]
90.435: Total time for which application threads were stopped: 0.0056019 seconds, Stopping threads took: 0.0000186 seconds
90.504: [GC (Allocation Failure)  812422K->495368K(1034752K), 0.0044470 secs]
90.509: Total time for which application threads were stopped: 0.0046056 seconds, Stopping threads took: 0.0000167 seconds
90.579: [GC (Allocation Failure)  816904K->495304K(1034752K), 0.0100050 secs]
90.589: Total time for which application threads were stopped: 0.0101580 seconds, Stopping threads took: 0.0000195 seconds
90.657: [GC (Allocation Failure)  816840K->496008K(1034752K), 0.0045427 secs]
90.662: Total time for which application threads were stopped: 0.0047104 seconds, Stopping threads took: 0.0000193 seconds
90.730: [GC (Allocation Failure)  817544K->503370K(1034752K), 0.0048386 secs]
90.735: Total time for which application threads were stopped: 0.0050168 seconds, Stopping threads took: 0.0000203 seconds
90.804: [GC (Allocation Failure)  824906K->503370K(1034752K), 0.0044006 secs]
90.808: Total time for which application threads were stopped: 0.0045704 seconds, Stopping threads took: 0.0000190 seconds
90.875: [GC (Allocation Failure)  824906K->505258K(1034752K), 0.0047372 secs]
90.880: Total time for which application threads were stopped: 0.0049010 seconds, Stopping threads took: 0.0000207 seconds
90.947: [GC (Allocation Failure)  826794K->511405K(1034752K), 0.0047494 secs]
90.952: Total time for which application threads were stopped: 0.0049212 seconds, Stopping threads took: 0.0000199 seconds
91.021: [GC (Allocation Failure)  832941K->511373K(1034752K), 0.0044078 secs]
91.025: Total time for which application threads were stopped: 0.0045959 seconds, Stopping threads took: 0.0000213 seconds
91.092: [GC (Allocation Failure)  832909K->514541K(1034752K), 0.0052340 secs]
91.098: Total time for which application threads were stopped: 0.0054058 seconds, Stopping threads took: 0.0000196 seconds
91.165: [GC (Allocation Failure)  836077K->519535K(1034752K), 0.0048306 secs]
91.170: Total time for which application threads were stopped: 0.0050069 seconds, Stopping threads took: 0.0000178 seconds
91.239: [GC (Allocation Failure)  841071K->519439K(1034752K), 0.0043660 secs]
91.243: Total time for which application threads were stopped: 0.0045164 seconds, Stopping threads took: 0.0000188 seconds
91.309: [GC (Allocation Failure)  840975K->519663K(1034752K), 0.0056793 secs]
91.315: Total time for which application threads were stopped: 0.0058736 seconds, Stopping threads took: 0.0000257 seconds
91.383: [GC (Allocation Failure)  841199K->527505K(1033728K), 0.0045523 secs]
91.387: Total time for which application threads were stopped: 0.0047109 seconds, Stopping threads took: 0.0000191 seconds
91.454: [GC (Allocation Failure)  848017K->527441K(1034240K), 0.0044218 secs]
91.459: Total time for which application threads were stopped: 0.0046129 seconds, Stopping threads took: 0.0000183 seconds
91.526: [GC (Allocation Failure)  847953K->531017K(1034752K), 0.0052242 secs]
91.532: Total time for which application threads were stopped: 0.0054021 seconds, Stopping threads took: 0.0000276 seconds
91.599: [GC (Allocation Failure)  852041K->535499K(1034240K), 0.0104114 secs]
91.610: Total time for which application threads were stopped: 0.0105733 seconds, Stopping threads took: 0.0000258 seconds
91.677: [GC (Allocation Failure)  856523K->535467K(1034752K), 0.0045735 secs]
91.682: Total time for which application threads were stopped: 0.0047487 seconds, Stopping threads took: 0.0000254 seconds
91.749: [GC (Allocation Failure)  857003K->539211K(1034752K), 0.0053322 secs]
91.755: Total time for which application threads were stopped: 0.0055034 seconds, Stopping threads took: 0.0000254 seconds
91.824: [GC (Allocation Failure)  860747K->543534K(1035264K), 0.0048137 secs]
91.829: Total time for which application threads were stopped: 0.0049828 seconds, Stopping threads took: 0.0000197 seconds
91.897: [GC (Allocation Failure)  866094K->543502K(1035264K), 0.0044495 secs]
91.902: Total time for which application threads were stopped: 0.0046173 seconds, Stopping threads took: 0.0000199 seconds
91.969: [GC (Allocation Failure)  866062K->546438K(1035264K), 0.0052317 secs]
91.974: Total time for which application threads were stopped: 0.0054047 seconds, Stopping threads took: 0.0000188 seconds
92.043: [GC (Allocation Failure)  868998K->551560K(1035264K), 0.0045016 secs]
92.047: Total time for which application threads were stopped: 0.0046818 seconds, Stopping threads took: 0.0000197 seconds
92.117: [GC (Allocation Failure)  874120K->551560K(1035264K), 0.0044735 secs]
92.122: Total time for which application threads were stopped: 0.0046551 seconds, Stopping threads took: 0.0000217 seconds
92.188: [GC (Allocation Failure)  874120K->554664K(1035264K), 0.0053111 secs]
92.194: Total time for which application threads were stopped: 0.0054759 seconds, Stopping threads took: 0.0000197 seconds
92.262: [GC (Allocation Failure)  877224K->559658K(1035264K), 0.0045319 secs]
92.267: Total time for which application threads were stopped: 0.0047009 seconds, Stopping threads took: 0.0000262 seconds
92.335: [GC (Allocation Failure)  882218K->559562K(1035264K), 0.0046182 secs]
92.340: Total time for which application threads were stopped: 0.0047941 seconds, Stopping threads took: 0.0000216 seconds
92.407: [GC (Allocation Failure)  882122K->562922K(1035264K), 0.0052943 secs]
92.412: Total time for which application threads were stopped: 0.0054655 seconds, Stopping threads took: 0.0000192 seconds
92.480: [GC (Allocation Failure)  885482K->567661K(1035264K), 0.0045478 secs]
92.485: Total time for which application threads were stopped: 0.0047261 seconds, Stopping threads took: 0.0000191 seconds
92.554: [GC (Allocation Failure)  890221K->567629K(1035264K), 0.0048174 secs]
92.559: Total time for which application threads were stopped: 0.0049770 seconds, Stopping threads took: 0.0000203 seconds
92.627: [GC (Allocation Failure)  890189K->571149K(1035264K), 0.0056382 secs]
92.633: Total time for which application threads were stopped: 0.0058045 seconds, Stopping threads took: 0.0000188 seconds
92.700: [GC (Allocation Failure)  893709K->575631K(1035264K), 0.0047858 secs]
92.705: Total time for which application threads were stopped: 0.0049433 seconds, Stopping threads took: 0.0000195 seconds
92.775: [GC (Allocation Failure)  898191K->575631K(1035264K), 0.0046158 secs]
92.780: Total time for which application threads were stopped: 0.0048149 seconds, Stopping threads took: 0.0000277 seconds
92.847: [GC (Allocation Failure)  898191K->579367K(1035776K), 0.0055637 secs]
92.853: Total time for which application threads were stopped: 0.0057555 seconds, Stopping threads took: 0.0000189 seconds
92.920: [GC (Allocation Failure)  902951K->583881K(1035776K), 0.0047549 secs]
92.925: Total time for which application threads were stopped: 0.0049054 seconds, Stopping threads took: 0.0000165 seconds
92.993: [GC (Allocation Failure)  907465K->583689K(1035776K), 0.0047098 secs]
92.998: Total time for which application threads were stopped: 0.0048748 seconds, Stopping threads took: 0.0000203 seconds
93.066: [GC (Allocation Failure)  907273K->582631K(1035776K), 0.0042610 secs]
93.070: Total time for which application threads were stopped: 0.0044381 seconds, Stopping threads took: 0.0000272 seconds
93.139: [GC (Allocation Failure)  906215K->583849K(1036288K), 0.0045656 secs]
93.143: Total time for which application threads were stopped: 0.0047271 seconds, Stopping threads took: 0.0000198 seconds
93.212: [GC (Allocation Failure)  908457K->583657K(1036288K), 0.0047416 secs]
93.217: Total time for which application threads were stopped: 0.0049080 seconds, Stopping threads took: 0.0000190 seconds
93.284: [GC (Allocation Failure)  908265K->575687K(1034240K), 0.0016492 secs]
93.286: Total time for which application threads were stopped: 0.0017830 seconds, Stopping threads took: 0.0000262 seconds
93.354: [GC (Allocation Failure)  898247K->583777K(1035264K), 0.0062710 secs]
93.360: Total time for which application threads were stopped: 0.0064534 seconds, Stopping threads took: 0.0000256 seconds
93.429: [GC (Allocation Failure)  906337K->587793K(1035776K), 0.0063251 secs]
93.435: Total time for which application threads were stopped: 0.0065075 seconds, Stopping threads took: 0.0000267 seconds
93.504: [GC (Allocation Failure)  910865K->583887K(1035264K), 0.0035363 secs]
93.508: Total time for which application threads were stopped: 0.0036959 seconds, Stopping threads took: 0.0000195 seconds
93.575: [GC (Allocation Failure)  906959K->587945K(1035776K), 0.0047502 secs]
93.580: Total time for which application threads were stopped: 0.0049515 seconds, Stopping threads took: 0.0000209 seconds
93.650: [GC (Allocation Failure)  911529K->591913K(1035776K), 0.0046942 secs]
93.655: Total time for which application threads were stopped: 0.0048873 seconds, Stopping threads took: 0.0000196 seconds
93.724: [GC (Allocation Failure)  915497K->591913K(1035776K), 0.0046743 secs]
93.729: Total time for which application threads were stopped: 0.0048387 seconds, Stopping threads took: 0.0000207 seconds
93.796: [GC (Allocation Failure)  915497K->592265K(1023488K), 0.0047969 secs]
93.801: Total time for which application threads were stopped: 0.0049665 seconds, Stopping threads took: 0.0000263 seconds
93.869: [GC (Allocation Failure)  915849K->599947K(1035264K), 0.0046966 secs]
93.873: Total time for which application threads were stopped: 0.0048664 seconds, Stopping threads took: 0.0000206 seconds
93.942: [GC (Allocation Failure)  922507K->599947K(1035264K), 0.0046750 secs]
93.947: Total time for which application threads were stopped: 0.0048426 seconds, Stopping threads took: 0.0000186 seconds
94.014: [GC (Allocation Failure)  922507K->600427K(1034240K), 0.0048885 secs]
94.019: Total time for which application threads were stopped: 0.0050467 seconds, Stopping threads took: 0.0000191 seconds
94.088: [GC (Allocation Failure)  921963K->608014K(1034752K), 0.0047309 secs]
94.093: Total time for which application threads were stopped: 0.0049026 seconds, Stopping threads took: 0.0000276 seconds
94.163: [GC (Allocation Failure)  929550K->608014K(1034752K), 0.0058625 secs]
94.169: Total time for which application threads were stopped: 0.0060265 seconds, Stopping threads took: 0.0000192 seconds
94.234: [GC (Allocation Failure)  929550K->608142K(1034752K), 0.0048004 secs]
94.239: Total time for which application threads were stopped: 0.0049847 seconds, Stopping threads took: 0.0000200 seconds
94.307: [GC (Allocation Failure)  929678K->616048K(1033728K), 0.0047715 secs]
94.311: Total time for which application threads were stopped: 0.0049411 seconds, Stopping threads took: 0.0000271 seconds
94.379: [GC (Allocation Failure)  936560K->616016K(1034240K), 0.0047727 secs]
94.384: Total time for which application threads were stopped: 0.0049428 seconds, Stopping threads took: 0.0000200 seconds
94.451: [GC (Allocation Failure)  936528K->616136K(1034240K), 0.0045977 secs]
94.455: Total time for which application threads were stopped: 0.0047951 seconds, Stopping threads took: 0.0000204 seconds
94.524: [GC (Allocation Failure)  936648K->624074K(1034240K), 0.0049437 secs]
94.529: Total time for which application threads were stopped: 0.0050930 seconds, Stopping threads took: 0.0000164 seconds
94.595: [GC (Allocation Failure)  944586K->624010K(1034240K), 0.0055606 secs]
94.601: Total time for which application threads were stopped: 0.0057761 seconds, Stopping threads took: 0.0000276 seconds
94.669: [GC (Allocation Failure)  944522K->624106K(1020416K), 0.0047772 secs]
94.674: Total time for which application threads were stopped: 0.0049667 seconds, Stopping threads took: 0.0000201 seconds
94.742: [GC (Allocation Failure)  944618K->632108K(1033728K), 0.0047003 secs]
94.747: Total time for which application threads were stopped: 0.0048683 seconds, Stopping threads took: 0.0000265 seconds
94.814: [GC (Allocation Failure)  951596K->632076K(1033728K), 0.0046405 secs]
94.818: Total time for which application threads were stopped: 0.0048166 seconds, Stopping threads took: 0.0000187 seconds
94.884: [GC (Allocation Failure)  951564K->632332K(1033728K), 0.0047730 secs]
94.889: Total time for which application threads were stopped: 0.0049559 seconds, Stopping threads took: 0.0000210 seconds
94.958: [GC (Allocation Failure)  951820K->640175K(1033728K), 0.0049839 secs]
94.963: Total time for which application threads were stopped: 0.0051567 seconds, Stopping threads took: 0.0000197 seconds
95.031: [GC (Allocation Failure)  959663K->640111K(1033728K), 0.0049982 secs]
95.037: Total time for which application threads were stopped: 0.0051674 seconds, Stopping threads took: 0.0000193 seconds
95.103: [GC (Allocation Failure)  959599K->640327K(1033728K), 0.0050242 secs]
95.108: Total time for which application threads were stopped: 0.0052110 seconds, Stopping threads took: 0.0000216 seconds
95.175: [GC (Allocation Failure)  959815K->648169K(1032704K), 0.0049367 secs]
95.180: Total time for which application threads were stopped: 0.0050999 seconds, Stopping threads took: 0.0000197 seconds
95.247: [GC (Allocation Failure)  966633K->644231K(1033216K), 0.0037666 secs]
95.251: Total time for which application threads were stopped: 0.0039232 seconds, Stopping threads took: 0.0000262 seconds
95.319: [GC (Allocation Failure)  962695K->648297K(1034752K), 0.0049914 secs]
95.324: Total time for which application threads were stopped: 0.0051524 seconds, Stopping threads took: 0.0000202 seconds
95.392: [GC (Allocation Failure)  969321K->652265K(1034240K), 0.0049060 secs]
95.397: Total time for which application threads were stopped: 0.0050767 seconds, Stopping threads took: 0.0000196 seconds
95.463: [GC (Allocation Failure)  973289K->645511K(1034752K), 0.0024547 secs]
95.466: Total time for which application threads were stopped: 0.0026025 seconds, Stopping threads took: 0.0000201 seconds
95.535: [GC (Allocation Failure)  967047K->652337K(1034752K), 0.0047433 secs]
95.540: Total time for which application threads were stopped: 0.0049479 seconds, Stopping threads took: 0.0000331 seconds
95.610: [GC (Allocation Failure)  973873K->656385K(1034752K), 0.0058481 secs]
95.615: Total time for which application threads were stopped: 0.0059883 seconds, Stopping threads took: 0.0000169 seconds
95.682: [GC (Allocation Failure)  977921K->650879K(1034752K), 0.0030125 secs]
95.685: Total time for which application threads were stopped: 0.0031861 seconds, Stopping threads took: 0.0000194 seconds
95.755: [GC (Allocation Failure)  972415K->656713K(1035776K), 0.0046670 secs]
95.759: Total time for which application threads were stopped: 0.0048294 seconds, Stopping threads took: 0.0000263 seconds
95.827: [GC (Allocation Failure)  979273K->660553K(1034752K), 0.0051025 secs]
95.832: Total time for which application threads were stopped: 0.0052648 seconds, Stopping threads took: 0.0000162 seconds
95.899: [GC (Allocation Failure)  983113K->656679K(1035776K), 0.0039284 secs]
95.903: Total time for which application threads were stopped: 0.0040913 seconds, Stopping threads took: 0.0000190 seconds
95.971: [GC (Allocation Failure)  979751K->660713K(1035264K), 0.0049843 secs]
95.976: Total time for which application threads were stopped: 0.0051482 seconds, Stopping threads took: 0.0000190 seconds
96.043: [GC (Allocation Failure)  983785K->664713K(1035264K), 0.0046536 secs]
96.048: Total time for which application threads were stopped: 0.0048149 seconds, Stopping threads took: 0.0000202 seconds
96.115: [GC (Allocation Failure)  988297K->664681K(1035776K), 0.0048218 secs]
96.120: Total time for which application threads were stopped: 0.0049868 seconds, Stopping threads took: 0.0000276 seconds
96.187: [GC (Allocation Failure)  988265K->664745K(1034752K), 0.0049567 secs]
96.192: Total time for which application threads were stopped: 0.0051135 seconds, Stopping threads took: 0.0000190 seconds
96.260: [GC (Allocation Failure)  987305K->672715K(1035264K), 0.0048711 secs]
96.265: Total time for which application threads were stopped: 0.0050434 seconds, Stopping threads took: 0.0000252 seconds
96.331: [GC (Allocation Failure)  995275K->672747K(1034240K), 0.0050126 secs]
96.337: Total time for which application threads were stopped: 0.0051800 seconds, Stopping threads took: 0.0000189 seconds
96.405: [GC (Allocation Failure)  994283K->672771K(1034752K), 0.0051093 secs]
96.410: Total time for which application threads were stopped: 0.0052659 seconds, Stopping threads took: 0.0000192 seconds
96.477: [GC (Allocation Failure)  994307K->680773K(1034752K), 0.0051564 secs]
96.483: Total time for which application threads were stopped: 0.0053235 seconds, Stopping threads took: 0.0000189 seconds
96.550: [GC (Allocation Failure)  1002309K->680773K(1029120K), 0.0047642 secs]
96.555: Total time for which application threads were stopped: 0.0049289 seconds, Stopping threads took: 0.0000191 seconds
96.623: [GC (Allocation Failure)  1002309K->681005K(1034240K), 0.0049637 secs]
96.628: Total time for which application threads were stopped: 0.0051233 seconds, Stopping threads took: 0.0000194 seconds
96.698: [GC (Allocation Failure)  1001517K->688784K(1034240K), 0.0047789 secs]
96.702: Total time for which application threads were stopped: 0.0049473 seconds, Stopping threads took: 0.0000192 seconds
96.771: [GC (Allocation Failure)  1009296K->688752K(1034240K), 0.0049273 secs]
96.776: Total time for which application threads were stopped: 0.0051024 seconds, Stopping threads took: 0.0000193 seconds
96.843: [GC (Allocation Failure)  1009264K->689224K(1034240K), 0.0049561 secs]
96.848: [Full GC (Ergonomics)  689224K->8910K(1034240K), 0.0135527 secs]
96.861: Total time for which application threads were stopped: 0.0187606 seconds, Stopping threads took: 0.0000220 seconds
96.928: [GC (Allocation Failure)  329422K->17617K(1033216K), 0.0039390 secs]
96.933: Total time for which application threads were stopped: 0.0041153 seconds, Stopping threads took: 0.0000197 seconds
97.000: [GC (Allocation Failure)  337105K->17617K(1033728K), 0.0036061 secs]
97.004: Total time for which application threads were stopped: 0.0037693 seconds, Stopping threads took: 0.0000281 seconds
97.072: [GC (Allocation Failure)  337105K->17769K(1033728K), 0.0035365 secs]
97.076: Total time for which application threads were stopped: 0.0037020 seconds, Stopping threads took: 0.0000168 seconds
97.143: [GC (Allocation Failure)  337257K->25707K(1027072K), 0.0035505 secs]
97.146: Total time for which application threads were stopped: 0.0037238 seconds, Stopping threads took: 0.0000200 seconds
97.213: [GC (Allocation Failure)  345195K->25643K(1033216K), 0.0042721 secs]
97.218: Total time for which application threads were stopped: 0.0044439 seconds, Stopping threads took: 0.0000202 seconds
97.284: [GC (Allocation Failure)  344107K->25707K(1033216K), 0.0035940 secs]
97.287: Total time for which application threads were stopped: 0.0037624 seconds, Stopping threads took: 0.0000259 seconds
97.355: [GC (Allocation Failure)  344171K->33677K(1033216K), 0.0036006 secs]
97.358: Total time for which application threads were stopped: 0.0037748 seconds, Stopping threads took: 0.0000298 seconds
97.425: [GC (Allocation Failure)  352141K->26091K(1033216K), 0.0007910 secs]
97.426: Total time for which application threads were stopped: 0.0009053 seconds, Stopping threads took: 0.0000186 seconds
97.493: [GC (Allocation Failure)  344555K->33965K(1033216K), 0.0037367 secs]
97.497: Total time for which application threads were stopped: 0.0038986 seconds, Stopping threads took: 0.0000194 seconds
97.562: [GC (Allocation Failure)  352429K->37821K(1033216K), 0.0052240 secs]
97.568: Total time for which application threads were stopped: 0.0053931 seconds, Stopping threads took: 0.0000194 seconds
97.634: [GC (Allocation Failure)  356285K->38619K(1033216K), 0.0040414 secs]
97.638: Total time for which application threads were stopped: 0.0042105 seconds, Stopping threads took: 0.0000191 seconds
97.705: [GC (Allocation Failure)  357083K->38013K(1033216K), 0.0039570 secs]
97.709: Total time for which application threads were stopped: 0.0041325 seconds, Stopping threads took: 0.0000196 seconds
97.778: [GC (Allocation Failure)  356477K->37821K(1033216K), 0.0043308 secs]
97.782: Total time for which application threads were stopped: 0.0045206 seconds, Stopping threads took: 0.0000259 seconds
97.847: [GC (Allocation Failure)  356285K->30619K(1033216K), 0.0009541 secs]
97.848: Total time for which application threads were stopped: 0.0011012 seconds, Stopping threads took: 0.0000215 seconds
97.916: [GC (Allocation Failure)  349083K->37917K(1033216K), 0.0036172 secs]
97.920: Total time for which application threads were stopped: 0.0037996 seconds, Stopping threads took: 0.0000195 seconds
97.987: [GC (Allocation Failure)  356381K->37821K(1033216K), 0.0040310 secs]
97.991: Total time for which application threads were stopped: 0.0042010 seconds, Stopping threads took: 0.0000203 seconds
98.057: [GC (Allocation Failure)  356285K->38869K(1033216K), 0.0038470 secs]
98.061: Total time for which application threads were stopped: 0.0040122 seconds, Stopping threads took: 0.0000203 seconds
98.127: [GC (Allocation Failure)  357333K->45911K(1033216K), 0.0038110 secs]
98.131: Total time for which application threads were stopped: 0.0039843 seconds, Stopping threads took: 0.0000196 seconds
98.199: [GC (Allocation Failure)  364375K->45879K(1033728K), 0.0037722 secs]
98.203: Total time for which application threads were stopped: 0.0039664 seconds, Stopping threads took: 0.0000199 seconds
98.271: [GC (Allocation Failure)  364855K->47647K(1033216K), 0.0039218 secs]
98.275: Total time for which application threads were stopped: 0.0041047 seconds, Stopping threads took: 0.0000282 seconds
98.342: [GC (Allocation Failure)  366623K->53922K(1033728K), 0.0035695 secs]
98.346: Total time for which application threads were stopped: 0.0037642 seconds, Stopping threads took: 0.0000266 seconds
98.413: [GC (Allocation Failure)  373410K->53890K(1033728K), 0.0037727 secs]
98.417: Total time for which application threads were stopped: 0.0039366 seconds, Stopping threads took: 0.0000200 seconds
98.483: [GC (Allocation Failure)  373378K->54330K(1033728K), 0.0055459 secs]
98.489: Total time for which application threads were stopped: 0.0057183 seconds, Stopping threads took: 0.0000195 seconds
98.557: [GC (Allocation Failure)  373818K->61948K(1033728K), 0.0036789 secs]
98.561: Total time for which application threads were stopped: 0.0038671 seconds, Stopping threads took: 0.0000215 seconds
98.629: [GC (Allocation Failure)  381436K->61948K(1033728K), 0.0037977 secs]
98.633: Total time for which application threads were stopped: 0.0039915 seconds, Stopping threads took: 0.0000189 seconds
98.700: [GC (Allocation Failure)  381436K->65596K(1033728K), 0.0044652 secs]
98.705: Total time for which application threads were stopped: 0.0046240 seconds, Stopping threads took: 0.0000190 seconds
98.772: [GC (Allocation Failure)  385084K->69982K(1034240K), 0.0038954 secs]
98.776: Total time for which application threads were stopped: 0.0040575 seconds, Stopping threads took: 0.0000198 seconds
98.843: [GC (Allocation Failure)  390494K->69950K(1034240K), 0.0038971 secs]
98.847: Total time for which application threads were stopped: 0.0040680 seconds, Stopping threads took: 0.0000217 seconds
98.913: [GC (Allocation Failure)  390462K->70782K(1034240K), 0.0039648 secs]
98.917: Total time for which application threads were stopped: 0.0041271 seconds, Stopping threads took: 0.0000194 seconds
98.987: [GC (Allocation Failure)  391294K->78080K(1034240K), 0.0038383 secs]
98.991: Total time for which application threads were stopped: 0.0039941 seconds, Stopping threads took: 0.0000193 seconds
99.059: [GC (Allocation Failure)  398592K->77984K(1034240K), 0.0039834 secs]
99.063: Total time for which application threads were stopped: 0.0041509 seconds, Stopping threads took: 0.0000188 seconds
99.130: [GC (Allocation Failure)  398496K->81064K(1034240K), 0.0043810 secs]
99.134: Total time for which application threads were stopped: 0.0045498 seconds, Stopping threads took: 0.0000187 seconds
99.202: [GC (Allocation Failure)  401576K->86059K(1034240K), 0.0037666 secs]
99.206: Total time for which application threads were stopped: 0.0039382 seconds, Stopping threads took: 0.0000203 seconds
99.275: [GC (Allocation Failure)  406571K->86059K(1034240K), 0.0038805 secs]
99.279: Total time for which application threads were stopped: 0.0040678 seconds, Stopping threads took: 0.0000276 seconds
99.346: [GC (Allocation Failure)  406571K->87243K(1034240K), 0.0038656 secs]
99.350: Total time for which application threads were stopped: 0.0040386 seconds, Stopping threads took: 0.0000216 seconds
99.418: [GC (Allocation Failure)  407755K->94061K(1034240K), 0.0037801 secs]
99.421: Total time for which application threads were stopped: 0.0039392 seconds, Stopping threads took: 0.0000194 seconds
99.489: [GC (Allocation Failure)  414573K->94029K(1034240K), 0.0064360 secs]
99.495: Total time for which application threads were stopped: 0.0065945 seconds, Stopping threads took: 0.0000188 seconds
99.564: [GC (Allocation Failure)  414541K->94509K(1034240K), 0.0038456 secs]
99.568: Total time for which application threads were stopped: 0.0040028 seconds, Stopping threads took: 0.0000192 seconds
99.637: [GC (Allocation Failure)  415021K->102063K(1034240K), 0.0039892 secs]
99.641: Total time for which application threads were stopped: 0.0041552 seconds, Stopping threads took: 0.0000196 seconds
99.709: [GC (Allocation Failure)  422575K->102127K(1034240K), 0.0038642 secs]
99.713: Total time for which application threads were stopped: 0.0040405 seconds, Stopping threads took: 0.0000189 seconds
99.781: [GC (Allocation Failure)  422639K->103751K(1034240K), 0.0038795 secs]
99.785: Total time for which application threads were stopped: 0.0040571 seconds, Stopping threads took: 0.0000257 seconds
99.853: [GC (Allocation Failure)  424263K->110153K(1034240K), 0.0040084 secs]
99.857: Total time for which application threads were stopped: 0.0041808 seconds, Stopping threads took: 0.0000199 seconds
99.925: [GC (Allocation Failure)  430665K->110121K(1034240K), 0.0039572 secs]
99.929: Total time for which application threads were stopped: 0.0041297 seconds, Stopping threads took: 0.0000203 seconds
99.996: [GC (Allocation Failure)  430633K->110185K(1020416K), 0.0038674 secs]
100.000: Total time for which application threads were stopped: 0.0040297 seconds, Stopping threads took: 0.0000198 seconds
100.068: [GC (Allocation Failure)  430697K->118188K(1033728K), 0.0041151 secs]
100.072: Total time for which application threads were stopped: 0.0043072 seconds, Stopping threads took: 0.0000338 seconds
100.139: [GC (Allocation Failure)  437676K->118156K(1033728K), 0.0038210 secs]
100.143: Total time for which application threads were stopped: 0.0039962 seconds, Stopping threads took: 0.0000203 seconds
100.208: [GC (Allocation Failure)  437644K->118308K(1033728K), 0.0041718 secs]
100.212: Total time for which application threads were stopped: 0.0043712 seconds, Stopping threads took: 0.0000431 seconds
100.281: [GC (Allocation Failure)  437796K->126246K(1033728K), 0.0037624 secs]
100.285: Total time for which application threads were stopped: 0.0039424 seconds, Stopping threads took: 0.0000266 seconds
100.352: [GC (Allocation Failure)  445734K->126182K(1033728K), 0.0039470 secs]
100.356: Total time for which application threads were stopped: 0.0041115 seconds, Stopping threads took: 0.0000200 seconds
100.423: [GC (Allocation Failure)  445670K->126278K(1033728K), 0.0038613 secs]
100.427: Total time for which application threads were stopped: 0.0040340 seconds, Stopping threads took: 0.0000218 seconds
100.494: [GC (Allocation Failure)  445766K->134216K(1033728K), 0.0040699 secs]
100.498: Total time for which application threads were stopped: 0.0042453 seconds, Stopping threads took: 0.0000219 seconds
100.565: [GC (Allocation Failure)  453704K->134216K(1033728K), 0.0064762 secs]
100.572: Total time for which application threads were stopped: 0.0066581 seconds, Stopping threads took: 0.0000202 seconds
100.640: [GC (Allocation Failure)  453704K->134536K(1032704K), 0.0038581 secs]
100.644: Total time for which application threads were stopped: 0.0040177 seconds, Stopping threads took: 0.0000175 seconds
100.710: [GC (Allocation Failure)  453000K->142250K(1033216K), 0.0040011 secs]
100.715: Total time for which application threads were stopped: 0.0041820 seconds, Stopping threads took: 0.0000218 seconds
100.782: [GC (Allocation Failure)  460714K->142250K(1033216K), 0.0039716 secs]
100.786: Total time for which application threads were stopped: 0.0041409 seconds, Stopping threads took: 0.0000197 seconds
100.853: [GC (Allocation Failure)  460714K->142754K(1033216K), 0.0039644 secs]
100.857: Total time for which application threads were stopped: 0.0041341 seconds, Stopping threads took: 0.0000203 seconds
100.924: [GC (Allocation Failure)  461218K->150277K(1033216K), 0.0039544 secs]
100.928: Total time for which application threads were stopped: 0.0041141 seconds, Stopping threads took: 0.0000192 seconds
100.995: [GC (Allocation Failure)  468741K->150309K(1033216K), 0.0037289 secs]
100.999: Total time for which application threads were stopped: 0.0038922 seconds, Stopping threads took: 0.0000196 seconds
101.064: [GC (Allocation Failure)  468773K->151013K(1033216K), 0.0040270 secs]
101.068: Total time for which application threads were stopped: 0.0042103 seconds, Stopping threads took: 0.0000279 seconds
101.135: [GC (Allocation Failure)  469477K->158343K(1033216K), 0.0038598 secs]
101.139: Total time for which application threads were stopped: 0.0040390 seconds, Stopping threads took: 0.0000198 seconds
101.206: [GC (Allocation Failure)  476807K->158311K(1033216K), 0.0040417 secs]
101.210: Total time for which application threads were stopped: 0.0042045 seconds, Stopping threads took: 0.0000195 seconds
101.277: [GC (Allocation Failure)  476775K->159207K(1033216K), 0.0040973 secs]
101.281: Total time for which application threads were stopped: 0.0042725 seconds, Stopping threads took: 0.0000258 seconds
101.349: [GC (Allocation Failure)  477671K->166377K(1033216K), 0.0041182 secs]
101.353: Total time for which application threads were stopped: 0.0042825 seconds, Stopping threads took: 0.0000198 seconds
101.419: [GC (Allocation Failure)  484841K->166377K(1033216K), 0.0039011 secs]
101.423: Total time for which application threads were stopped: 0.0040894 seconds, Stopping threads took: 0.0000203 seconds
101.488: [GC (Allocation Failure)  484841K->166409K(1033216K), 0.0039248 secs]
101.492: Total time for which application threads were stopped: 0.0040909 seconds, Stopping threads took: 0.0000195 seconds
101.560: [GC (Allocation Failure)  484873K->174412K(1033216K), 0.0041003 secs]
101.565: Total time for which application threads were stopped: 0.0042618 seconds, Stopping threads took: 0.0000195 seconds
101.632: [GC (Allocation Failure)  492876K->174380K(1033216K), 0.0041768 secs]
101.636: Total time for which application threads were stopped: 0.0043480 seconds, Stopping threads took: 0.0000278 seconds
101.701: [GC (Allocation Failure)  492844K->174636K(1033216K), 0.0040029 secs]
101.705: Total time for which application threads were stopped: 0.0041804 seconds, Stopping threads took: 0.0000210 seconds
101.774: [GC (Allocation Failure)  493100K->182446K(1033216K), 0.0039441 secs]
101.778: Total time for which application threads were stopped: 0.0041171 seconds, Stopping threads took: 0.0000267 seconds
101.845: [GC (Allocation Failure)  500910K->182382K(1033216K), 0.0037974 secs]
101.849: Total time for which application threads were stopped: 0.0040000 seconds, Stopping threads took: 0.0000277 seconds
101.916: [GC (Allocation Failure)  500846K->182894K(1033216K), 0.0039811 secs]
101.920: Total time for which application threads were stopped: 0.0041519 seconds, Stopping threads took: 0.0000196 seconds
101.989: [GC (Allocation Failure)  501358K->190512K(1033216K), 0.0042310 secs]
101.993: Total time for which application threads were stopped: 0.0044052 seconds, Stopping threads took: 0.0000203 seconds
102.060: [GC (Allocation Failure)  508976K->190448K(1033216K), 0.0039493 secs]
102.064: Total time for which application threads were stopped: 0.0041276 seconds, Stopping threads took: 0.0000197 seconds
102.131: [GC (Allocation Failure)  508912K->190600K(1033216K), 0.0040274 secs]
102.135: Total time for which application threads were stopped: 0.0041999 seconds, Stopping threads took: 0.0000211 seconds
102.202: [GC (Allocation Failure)  509064K->198506K(1033216K), 0.0040466 secs]
102.206: Total time for which application threads were stopped: 0.0042191 seconds, Stopping threads took: 0.0000194 seconds
102.275: [GC (Allocation Failure)  516970K->198474K(1033216K), 0.0039054 secs]
102.279: Total time for which application threads were stopped: 0.0040708 seconds, Stopping threads took: 0.0000249 seconds
102.345: [GC (Allocation Failure)  516938K->198538K(1033216K), 0.0040879 secs]
102.349: Total time for which application threads were stopped: 0.0042532 seconds, Stopping threads took: 0.0000253 seconds
102.416: [GC (Allocation Failure)  517002K->206509K(1033216K), 0.0041662 secs]
102.421: Total time for which application threads were stopped: 0.0043376 seconds, Stopping threads took: 0.0000202 seconds
102.486: [GC (Allocation Failure)  524973K->206541K(1033216K), 0.0040454 secs]
102.491: Total time for which application threads were stopped: 0.0042086 seconds, Stopping threads took: 0.0000206 seconds
102.558: [GC (Allocation Failure)  525005K->206573K(1033216K), 0.0065355 secs]
102.565: Total time for which application threads were stopped: 0.0067382 seconds, Stopping threads took: 0.0000196 seconds
102.634: [GC (Allocation Failure)  525037K->214543K(1033216K), 0.0041147 secs]
102.638: Total time for which application threads were stopped: 0.0042763 seconds, Stopping threads took: 0.0000192 seconds
102.706: [GC (Allocation Failure)  533007K->214543K(1033216K), 0.0039834 secs]
102.710: Total time for which application threads were stopped: 0.0041759 seconds, Stopping threads took: 0.0000195 seconds
102.777: [GC (Allocation Failure)  533007K->214791K(1033216K), 0.0042753 secs]
102.782: Total time for which application threads were stopped: 0.0044485 seconds, Stopping threads took: 0.0000196 seconds
102.849: [GC (Allocation Failure)  533255K->222569K(1033216K), 0.0039265 secs]
102.853: Total time for which application threads were stopped: 0.0040930 seconds, Stopping threads took: 0.0000189 seconds
102.920: [GC (Allocation Failure)  541033K->218663K(1033728K), 0.0028613 secs]
102.923: Total time for which application threads were stopped: 0.0030436 seconds, Stopping threads took: 0.0000472 seconds
102.989: [GC (Allocation Failure)  537639K->222729K(1033216K), 0.0042232 secs]
102.994: Total time for which application threads were stopped: 0.0044180 seconds, Stopping threads took: 0.0000192 seconds
103.062: [GC (Allocation Failure)  541705K->226697K(1034240K), 0.0040144 secs]
103.066: Total time for which application threads were stopped: 0.0041843 seconds, Stopping threads took: 0.0000207 seconds
103.135: [GC (Allocation Failure)  547209K->234223K(1034240K), 0.0073071 secs]
103.142: Total time for which application threads were stopped: 0.0074766 seconds, Stopping threads took: 0.0000197 seconds
103.209: [GC (Allocation Failure)  554735K->227985K(1029120K), 0.0041080 secs]
103.213: Total time for which application threads were stopped: 0.0042687 seconds, Stopping threads took: 0.0000182 seconds
103.279: [GC (Allocation Failure)  543377K->227985K(1031680K), 0.0040574 secs]
103.283: Total time for which application threads were stopped: 0.0042344 seconds, Stopping threads took: 0.0000287 seconds
103.349: [GC (Allocation Failure)  543377K->223439K(1032704K), 0.0022306 secs]
103.351: Total time for which application threads were stopped: 0.0024019 seconds, Stopping threads took: 0.0000250 seconds
103.418: [GC (Allocation Failure)  540367K->228209K(1032192K), 0.0040645 secs]
103.422: Total time for which application threads were stopped: 0.0042394 seconds, Stopping threads took: 0.0000198 seconds
103.491: [GC (Allocation Failure)  545137K->227953K(1033216K), 0.0040543 secs]
103.495: Total time for which application threads were stopped: 0.0042373 seconds, Stopping threads took: 0.0000171 seconds
103.563: [GC (Allocation Failure)  545905K->228105K(1032704K), 0.0040966 secs]
103.568: Total time for which application threads were stopped: 0.0042536 seconds, Stopping threads took: 0.0000165 seconds
103.637: [GC (Allocation Failure)  546057K->236043K(1033216K), 0.0040943 secs]
103.641: Total time for which application threads were stopped: 0.0042513 seconds, Stopping threads took: 0.0000169 seconds
103.709: [GC (Allocation Failure)  554507K->235979K(1033216K), 0.0039213 secs]
103.713: Total time for which application threads were stopped: 0.0040838 seconds, Stopping threads took: 0.0000191 seconds
103.779: [GC (Allocation Failure)  554443K->239915K(1033728K), 0.0048157 secs]
103.784: Total time for which application threads were stopped: 0.0050359 seconds, Stopping threads took: 0.0000273 seconds
103.853: [GC (Allocation Failure)  558891K->244142K(1033216K), 0.0041737 secs]
103.857: Total time for which application threads were stopped: 0.0043533 seconds, Stopping threads took: 0.0000194 seconds
103.925: [GC (Allocation Failure)  563118K->244014K(1034240K), 0.0042253 secs]
103.929: Total time for which application threads were stopped: 0.0043813 seconds, Stopping threads took: 0.0000166 seconds
103.996: [GC (Allocation Failure)  564014K->246606K(1033728K), 0.0056074 secs]
104.001: Total time for which application threads were stopped: 0.0057790 seconds, Stopping threads took: 0.0000195 seconds
104.069: [GC (Allocation Failure)  566606K->252144K(1034240K), 0.0040496 secs]
104.073: Total time for which application threads were stopped: 0.0042061 seconds, Stopping threads took: 0.0000189 seconds
104.141: [GC (Allocation Failure)  572656K->252048K(1034240K), 0.0043111 secs]
104.145: Total time for which application threads were stopped: 0.0044793 seconds, Stopping threads took: 0.0000193 seconds
104.212: [GC (Allocation Failure)  572560K->252264K(1034240K), 0.0041745 secs]
104.216: Total time for which application threads were stopped: 0.0043415 seconds, Stopping threads took: 0.0000271 seconds
104.287: [GC (Allocation Failure)  572776K->260106K(1034240K), 0.0041421 secs]
104.291: Total time for which application threads were stopped: 0.0043116 seconds, Stopping threads took: 0.0000254 seconds
104.359: [GC (Allocation Failure)  580618K->260074K(1034240K), 0.0041804 secs]
104.363: Total time for which application threads were stopped: 0.0043464 seconds, Stopping threads took: 0.0000256 seconds
104.430: [GC (Allocation Failure)  580586K->262570K(1034240K), 0.0045463 secs]
104.435: Total time for which application threads were stopped: 0.0047072 seconds, Stopping threads took: 0.0000194 seconds
104.503: [GC (Allocation Failure)  583082K->268140K(1034240K), 0.0039625 secs]
104.507: Total time for which application threads were stopped: 0.0041391 seconds, Stopping threads took: 0.0000197 seconds
104.576: [GC (Allocation Failure)  588652K->268108K(1034240K), 0.0040719 secs]
104.580: Total time for which application threads were stopped: 0.0042778 seconds, Stopping threads took: 0.0000190 seconds
104.649: [GC (Allocation Failure)  588620K->268740K(1034240K), 0.0043641 secs]
104.653: Total time for which application threads were stopped: 0.0045250 seconds, Stopping threads took: 0.0000193 seconds
104.721: [GC (Allocation Failure)  589252K->276167K(1034240K), 0.0042007 secs]
104.725: Total time for which application threads were stopped: 0.0043669 seconds, Stopping threads took: 0.0000203 seconds
104.793: [GC (Allocation Failure)  596679K->276135K(1034240K), 0.0049347 secs]
104.798: Total time for which application threads were stopped: 0.0051067 seconds, Stopping threads took: 0.0000193 seconds
104.864: [GC (Allocation Failure)  596647K->278983K(1034240K), 0.0062428 secs]
104.871: Total time for which application threads were stopped: 0.0064259 seconds, Stopping threads took: 0.0000193 seconds
104.938: [GC (Allocation Failure)  599495K->284233K(1034240K), 0.0038905 secs]
104.942: Total time for which application threads were stopped: 0.0040707 seconds, Stopping threads took: 0.0000200 seconds
105.011: [GC (Allocation Failure)  604745K->284169K(1034240K), 0.0042437 secs]
105.016: Total time for which application threads were stopped: 0.0044129 seconds, Stopping threads took: 0.0000190 seconds
105.083: [GC (Allocation Failure)  604681K->285193K(1034240K), 0.0044378 secs]
105.087: Total time for which application threads were stopped: 0.0046121 seconds, Stopping threads took: 0.0000186 seconds
105.156: [GC (Allocation Failure)  605705K->292267K(1034240K), 0.0042932 secs]
105.161: Total time for which application threads were stopped: 0.0044584 seconds, Stopping threads took: 0.0000199 seconds
105.228: [GC (Allocation Failure)  612779K->292171K(1034240K), 0.0042733 secs]
105.233: Total time for which application threads were stopped: 0.0044340 seconds, Stopping threads took: 0.0000190 seconds
105.302: [GC (Allocation Failure)  612683K->292427K(1034240K), 0.0041143 secs]
105.306: Total time for which application threads were stopped: 0.0042916 seconds, Stopping threads took: 0.0000257 seconds
105.374: [GC (Allocation Failure)  612939K->300238K(1034240K), 0.0041548 secs]
105.378: Total time for which application threads were stopped: 0.0043409 seconds, Stopping threads took: 0.0000284 seconds
105.445: [GC (Allocation Failure)  620750K->300238K(1034240K), 0.0043580 secs]
105.450: Total time for which application threads were stopped: 0.0045263 seconds, Stopping threads took: 0.0000194 seconds
105.516: [GC (Allocation Failure)  620750K->301670K(1034240K), 0.0043814 secs]
105.521: Total time for which application threads were stopped: 0.0045647 seconds, Stopping threads took: 0.0000200 seconds
105.591: [GC (Allocation Failure)  622182K->308296K(1034240K), 0.0052741 secs]
105.596: Total time for which application threads were stopped: 0.0054763 seconds, Stopping threads took: 0.0000168 seconds
105.665: [GC (Allocation Failure)  628808K->308296K(1034240K), 0.0041781 secs]
105.669: Total time for which application threads were stopped: 0.0043456 seconds, Stopping threads took: 0.0000271 seconds
105.737: [GC (Allocation Failure)  628808K->308328K(1020416K), 0.0040744 secs]
105.742: Total time for which application threads were stopped: 0.0042352 seconds, Stopping threads took: 0.0000190 seconds
105.810: [GC (Allocation Failure)  628840K->316330K(1033728K), 0.0042106 secs]
105.814: Total time for which application threads were stopped: 0.0043780 seconds, Stopping threads took: 0.0000259 seconds
105.879: [GC (Allocation Failure)  635818K->316298K(1033728K), 0.0044498 secs]
105.884: Total time for which application threads were stopped: 0.0046631 seconds, Stopping threads took: 0.0000196 seconds
105.950: [GC (Allocation Failure)  635786K->316618K(1033728K), 0.0041471 secs]
105.954: Total time for which application threads were stopped: 0.0043200 seconds, Stopping threads took: 0.0000200 seconds
106.022: [GC (Allocation Failure)  636106K->324332K(1033728K), 0.0041892 secs]
106.026: Total time for which application threads were stopped: 0.0043843 seconds, Stopping threads took: 0.0000201 seconds
106.095: [GC (Allocation Failure)  643820K->324332K(1033728K), 0.0041593 secs]
106.100: Total time for which application threads were stopped: 0.0043545 seconds, Stopping threads took: 0.0000207 seconds
106.166: [GC (Allocation Failure)  643820K->325348K(1033728K), 0.0043560 secs]
106.170: Total time for which application threads were stopped: 0.0045285 seconds, Stopping threads took: 0.0000187 seconds
106.240: [GC (Allocation Failure)  644836K->332391K(1033728K), 0.0043369 secs]
106.244: Total time for which application threads were stopped: 0.0045152 seconds, Stopping threads took: 0.0000191 seconds
106.312: [GC (Allocation Failure)  651879K->332391K(1033728K), 0.0043974 secs]
106.316: Total time for which application threads were stopped: 0.0045958 seconds, Stopping threads took: 0.0000200 seconds
106.383: [GC (Allocation Failure)  651879K->332559K(1033728K), 0.0045706 secs]
106.387: Total time for which application threads were stopped: 0.0047489 seconds, Stopping threads took: 0.0000199 seconds
106.453: [GC (Allocation Failure)  652047K->340433K(1033728K), 0.0044181 secs]
106.458: Total time for which application threads were stopped: 0.0045992 seconds, Stopping threads took: 0.0000201 seconds
106.526: [GC (Allocation Failure)  659921K->340401K(1033728K), 0.0042603 secs]
106.530: Total time for which application threads were stopped: 0.0044304 seconds, Stopping threads took: 0.0000203 seconds
106.596: [GC (Allocation Failure)  659889K->341817K(1033728K), 0.0055364 secs]
106.601: Total time for which application threads were stopped: 0.0056865 seconds, Stopping threads took: 0.0000256 seconds
106.669: [GC (Allocation Failure)  661305K->348475K(1033728K), 0.0044400 secs]
106.674: Total time for which application threads were stopped: 0.0046100 seconds, Stopping threads took: 0.0000191 seconds
106.742: [GC (Allocation Failure)  667963K->348443K(1033728K), 0.0044000 secs]
106.747: Total time for which application threads were stopped: 0.0045702 seconds, Stopping threads took: 0.0000197 seconds
106.812: [GC (Allocation Failure)  667931K->349059K(1033728K), 0.0043252 secs]
106.816: Total time for which application threads were stopped: 0.0045213 seconds, Stopping threads took: 0.0000267 seconds
106.886: [GC (Allocation Failure)  668547K->356517K(1033728K), 0.0041725 secs]
106.890: Total time for which application threads were stopped: 0.0043384 seconds, Stopping threads took: 0.0000192 seconds
106.958: [GC (Allocation Failure)  676005K->356485K(1033728K), 0.0043141 secs]
106.962: Total time for which application threads were stopped: 0.0044863 seconds, Stopping threads took: 0.0000204 seconds
107.028: [GC (Allocation Failure)  675973K->357293K(1033728K), 0.0045574 secs]
107.033: Total time for which application threads were stopped: 0.0047339 seconds, Stopping threads took: 0.0000274 seconds
107.100: [GC (Allocation Failure)  676781K->364560K(1033728K), 0.0045425 secs]
107.105: Total time for which application threads were stopped: 0.0047054 seconds, Stopping threads took: 0.0000192 seconds
107.173: [GC (Allocation Failure)  684048K->364560K(1033728K), 0.0041237 secs]
107.177: Total time for which application threads were stopped: 0.0042923 seconds, Stopping threads took: 0.0000201 seconds
107.242: [GC (Allocation Failure)  684048K->365512K(1033728K), 0.0045964 secs]
107.247: Total time for which application threads were stopped: 0.0047659 seconds, Stopping threads took: 0.0000194 seconds
107.312: [GC (Allocation Failure)  685000K->372554K(1033728K), 0.0043504 secs]
107.317: Total time for which application threads were stopped: 0.0044985 seconds, Stopping threads took: 0.0000197 seconds
107.386: [GC (Allocation Failure)  692042K->372554K(1033728K), 0.0040634 secs]
107.390: Total time for which application threads were stopped: 0.0042451 seconds, Stopping threads took: 0.0000165 seconds
107.456: [GC (Allocation Failure)  692042K->372714K(1033728K), 0.0045230 secs]
107.461: Total time for which application threads were stopped: 0.0046887 seconds, Stopping threads took: 0.0000185 seconds
107.526: [GC (Allocation Failure)  692202K->380588K(1032704K), 0.0045261 secs]
107.531: Total time for which application threads were stopped: 0.0046849 seconds, Stopping threads took: 0.0000189 seconds
107.598: [GC (Allocation Failure)  699052K->380556K(1033216K), 0.0072676 secs]
107.606: Total time for which application threads were stopped: 0.0074208 seconds, Stopping threads took: 0.0000252 seconds
107.670: [GC (Allocation Failure)  699020K->380900K(1033216K), 0.0050731 secs]
107.675: Total time for which application threads were stopped: 0.0052605 seconds, Stopping threads took: 0.0000203 seconds
107.745: [GC (Allocation Failure)  699364K->388614K(1033216K), 0.0045487 secs]
107.749: Total time for which application threads were stopped: 0.0047329 seconds, Stopping threads took: 0.0000200 seconds
107.816: [GC (Allocation Failure)  707078K->388582K(1033216K), 0.0044612 secs]
107.820: Total time for which application threads were stopped: 0.0046233 seconds, Stopping threads took: 0.0000196 seconds
107.885: [GC (Allocation Failure)  707046K->389158K(1033216K), 0.0043262 secs]
107.890: Total time for which application threads were stopped: 0.0044990 seconds, Stopping threads took: 0.0000277 seconds
107.958: [GC (Allocation Failure)  707622K->396681K(1033216K), 0.0043250 secs]
107.963: Total time for which application threads were stopped: 0.0045061 seconds, Stopping threads took: 0.0000209 seconds
108.030: [GC (Allocation Failure)  715145K->396649K(1033216K), 0.0043179 secs]
108.034: Total time for which application threads were stopped: 0.0044745 seconds, Stopping threads took: 0.0000192 seconds
108.098: [GC (Allocation Failure)  715113K->396905K(1033216K), 0.0044435 secs]
108.103: Total time for which application threads were stopped: 0.0046183 seconds, Stopping threads took: 0.0000206 seconds
108.170: [GC (Allocation Failure)  715369K->404683K(1033216K), 0.0046164 secs]
108.174: Total time for which application threads were stopped: 0.0047879 seconds, Stopping threads took: 0.0000198 seconds
108.239: [GC (Allocation Failure)  723147K->404715K(1033216K), 0.0044958 secs]
108.244: Total time for which application threads were stopped: 0.0046572 seconds, Stopping threads took: 0.0000198 seconds
108.311: [GC (Allocation Failure)  723179K->404723K(1033216K), 0.0055150 secs]
108.316: Total time for which application threads were stopped: 0.0056818 seconds, Stopping threads took: 0.0000263 seconds
108.383: [GC (Allocation Failure)  723187K->412757K(1033216K), 0.0042762 secs]
108.387: Total time for which application threads were stopped: 0.0044540 seconds, Stopping threads took: 0.0000209 seconds
108.453: [GC (Allocation Failure)  731221K->412693K(1033216K), 0.0045756 secs]
108.457: Total time for which application threads were stopped: 0.0047515 seconds, Stopping threads took: 0.0000193 seconds
108.523: [GC (Allocation Failure)  731157K->412877K(1033216K), 0.0045904 secs]
108.528: Total time for which application threads were stopped: 0.0047642 seconds, Stopping threads took: 0.0000203 seconds
108.596: [GC (Allocation Failure)  731341K->420720K(1033216K), 0.0053096 secs]
108.601: Total time for which application threads were stopped: 0.0055146 seconds, Stopping threads took: 0.0000281 seconds
108.666: [GC (Allocation Failure)  739184K->420784K(1033216K), 0.0044930 secs]
108.671: Total time for which application threads were stopped: 0.0046694 seconds, Stopping threads took: 0.0000189 seconds
108.735: [GC (Allocation Failure)  739248K->421096K(1033216K), 0.0044487 secs]
108.740: Total time for which application threads were stopped: 0.0046329 seconds, Stopping threads took: 0.0000199 seconds
108.807: [GC (Allocation Failure)  739560K->428778K(1033216K), 0.0044494 secs]
108.812: Total time for which application threads were stopped: 0.0046212 seconds, Stopping threads took: 0.0000276 seconds
108.879: [GC (Allocation Failure)  747242K->428810K(1033216K), 0.0043602 secs]
108.883: Total time for which application threads were stopped: 0.0045196 seconds, Stopping threads took: 0.0000196 seconds
108.948: [GC (Allocation Failure)  747274K->429322K(1033216K), 0.0045582 secs]
108.952: Total time for which application threads were stopped: 0.0047326 seconds, Stopping threads took: 0.0000198 seconds
109.019: [GC (Allocation Failure)  747786K->436812K(1033216K), 0.0050709 secs]
109.024: Total time for which application threads were stopped: 0.0052286 seconds, Stopping threads took: 0.0000186 seconds
109.089: [GC (Allocation Failure)  755276K->436812K(1033216K), 0.0044484 secs]
109.094: Total time for which application threads were stopped: 0.0046156 seconds, Stopping threads took: 0.0000199 seconds
109.160: [GC (Allocation Failure)  755276K->437036K(1033216K), 0.0043959 secs]
109.164: Total time for which application threads were stopped: 0.0045886 seconds, Stopping threads took: 0.0000189 seconds
109.233: [GC (Allocation Failure)  755500K->444878K(1033216K), 0.0064918 secs]
109.239: Total time for which application threads were stopped: 0.0066413 seconds, Stopping threads took: 0.0000165 seconds
109.305: [GC (Allocation Failure)  763342K->437132K(1033216K), 0.0013737 secs]
109.307: Total time for which application threads were stopped: 0.0015083 seconds, Stopping threads took: 0.0000191 seconds
109.377: [GC (Allocation Failure)  755596K->445006K(1033216K), 0.0045043 secs]
109.382: Total time for which application threads were stopped: 0.0046846 seconds, Stopping threads took: 0.0000169 seconds
109.450: [GC (Allocation Failure)  763470K->448990K(1033216K), 0.0055898 secs]
109.456: Total time for which application threads were stopped: 0.0057530 seconds, Stopping threads took: 0.0000187 seconds
109.521: [GC (Allocation Failure)  767454K->449692K(1032192K), 0.0048635 secs]
109.526: Total time for which application threads were stopped: 0.0050511 seconds, Stopping threads took: 0.0000195 seconds
109.592: [GC (Allocation Failure)  767132K->449054K(1032704K), 0.0051836 secs]
109.597: Total time for which application threads were stopped: 0.0053980 seconds, Stopping threads took: 0.0000270 seconds
109.665: [GC (Allocation Failure)  766494K->448990K(1033216K), 0.0044646 secs]
109.669: Total time for which application threads were stopped: 0.0046223 seconds, Stopping threads took: 0.0000191 seconds
109.734: [GC (Allocation Failure)  767454K->451814K(1033216K), 0.0049375 secs]
109.739: Total time for which application threads were stopped: 0.0051162 seconds, Stopping threads took: 0.0000191 seconds
109.809: [GC (Allocation Failure)  770278K->457065K(1033728K), 0.0043427 secs]
109.813: Total time for which application threads were stopped: 0.0045008 seconds, Stopping threads took: 0.0000255 seconds
109.881: [GC (Allocation Failure)  776553K->457033K(1033728K), 0.0045351 secs]
109.886: Total time for which application threads were stopped: 0.0047148 seconds, Stopping threads took: 0.0000272 seconds
109.952: [GC (Allocation Failure)  776521K->457961K(1033728K), 0.0046572 secs]
109.957: Total time for which application threads were stopped: 0.0048405 seconds, Stopping threads took: 0.0000203 seconds
110.023: [GC (Allocation Failure)  777449K->465131K(1033728K), 0.0044682 secs]
110.027: Total time for which application threads were stopped: 0.0046485 seconds, Stopping threads took: 0.0000194 seconds
110.095: [GC (Allocation Failure)  784619K->465035K(1033728K), 0.0053614 secs]
110.100: Total time for which application threads were stopped: 0.0055404 seconds, Stopping threads took: 0.0000190 seconds
110.166: [GC (Allocation Failure)  784523K->465195K(1033728K), 0.0046364 secs]
110.171: Total time for which application threads were stopped: 0.0048039 seconds, Stopping threads took: 0.0000194 seconds
110.236: [GC (Allocation Failure)  784683K->473165K(1033728K), 0.0044965 secs]
110.241: Total time for which application threads were stopped: 0.0046636 seconds, Stopping threads took: 0.0000195 seconds
110.309: [GC (Allocation Failure)  792653K->473069K(1033728K), 0.0046159 secs]
110.313: Total time for which application threads were stopped: 0.0047783 seconds, Stopping threads took: 0.0000195 seconds
110.378: [GC (Allocation Failure)  792557K->476493K(1034240K), 0.0053903 secs]
110.383: Total time for which application threads were stopped: 0.0055697 seconds, Stopping threads took: 0.0000190 seconds
110.452: [GC (Allocation Failure)  796493K->481231K(1033728K), 0.0064223 secs]
110.459: Total time for which application threads were stopped: 0.0065779 seconds, Stopping threads took: 0.0000190 seconds
110.525: [GC (Allocation Failure)  801231K->481135K(1034240K), 0.0046858 secs]
110.530: Total time for which application threads were stopped: 0.0048458 seconds, Stopping threads took: 0.0000189 seconds
110.597: [GC (Allocation Failure)  801647K->481615K(1020416K), 0.0052658 secs]
110.602: Total time for which application threads were stopped: 0.0054641 seconds, Stopping threads took: 0.0000255 seconds
110.670: [GC (Allocation Failure)  802127K->489202K(1033728K), 0.0043559 secs]
110.675: Total time for which application threads were stopped: 0.0045359 seconds, Stopping threads took: 0.0000173 seconds
110.742: [GC (Allocation Failure)  808690K->489202K(1033728K), 0.0046833 secs]
110.747: Total time for which application threads were stopped: 0.0048729 seconds, Stopping threads took: 0.0000190 seconds
110.814: [GC (Allocation Failure)  808690K->489898K(1033728K), 0.0046854 secs]
110.819: Total time for which application threads were stopped: 0.0048597 seconds, Stopping threads took: 0.0000193 seconds
110.886: [GC (Allocation Failure)  809386K->497164K(1033728K), 0.0045547 secs]
110.890: Total time for which application threads were stopped: 0.0047092 seconds, Stopping threads took: 0.0000189 seconds
110.957: [GC (Allocation Failure)  816652K->497196K(1033728K), 0.0046308 secs]
110.961: Total time for which application threads were stopped: 0.0048242 seconds, Stopping threads took: 0.0000198 seconds
111.028: [GC (Allocation Failure)  816684K->501196K(1033728K), 0.0054722 secs]
111.034: Total time for which application threads were stopped: 0.0056366 seconds, Stopping threads took: 0.0000174 seconds
111.103: [GC (Allocation Failure)  820684K->505262K(1034240K), 0.0045661 secs]
111.108: Total time for which application threads were stopped: 0.0047327 seconds, Stopping threads took: 0.0000163 seconds
111.174: [GC (Allocation Failure)  825774K->505262K(1034240K), 0.0047687 secs]
111.179: Total time for which application threads were stopped: 0.0049621 seconds, Stopping threads took: 0.0000194 seconds
111.248: [GC (Allocation Failure)  825774K->506310K(1034240K), 0.0046318 secs]
111.253: Total time for which application threads were stopped: 0.0047964 seconds, Stopping threads took: 0.0000165 seconds
111.322: [GC (Allocation Failure)  826822K->513384K(1034240K), 0.0045197 secs]
111.326: Total time for which application threads were stopped: 0.0046901 seconds, Stopping threads took: 0.0000280 seconds
111.394: [GC (Allocation Failure)  833896K->513256K(1034240K), 0.0045907 secs]
111.398: Total time for which application threads were stopped: 0.0047671 seconds, Stopping threads took: 0.0000269 seconds
111.465: [GC (Allocation Failure)  833768K->513520K(1034240K), 0.0063756 secs]
111.471: Total time for which application threads were stopped: 0.0065322 seconds, Stopping threads took: 0.0000193 seconds
111.539: [GC (Allocation Failure)  834032K->521331K(1034240K), 0.0047487 secs]
111.544: Total time for which application threads were stopped: 0.0049259 seconds, Stopping threads took: 0.0000193 seconds
111.612: [GC (Allocation Failure)  841843K->521267K(1034240K), 0.0047148 secs]
111.617: Total time for which application threads were stopped: 0.0048852 seconds, Stopping threads took: 0.0000190 seconds
111.682: [GC (Allocation Failure)  841779K->522763K(1034240K), 0.0048046 secs]
111.687: Total time for which application threads were stopped: 0.0049981 seconds, Stopping threads took: 0.0000195 seconds
111.756: [GC (Allocation Failure)  843275K->529389K(1034240K), 0.0047789 secs]
111.761: Total time for which application threads were stopped: 0.0049629 seconds, Stopping threads took: 0.0000168 seconds
111.831: [GC (Allocation Failure)  849901K->529293K(1034240K), 0.0047764 secs]
111.836: Total time for which application threads were stopped: 0.0049510 seconds, Stopping threads took: 0.0000194 seconds
111.903: [GC (Allocation Failure)  849805K->529445K(1020416K), 0.0046689 secs]
111.907: Total time for which application threads were stopped: 0.0048322 seconds, Stopping threads took: 0.0000198 seconds
111.975: [GC (Allocation Failure)  849957K->537351K(1033728K), 0.0045054 secs]
111.980: Total time for which application threads were stopped: 0.0047008 seconds, Stopping threads took: 0.0000195 seconds
112.046: [GC (Allocation Failure)  856839K->537351K(1033728K), 0.0047943 secs]
112.050: Total time for which application threads were stopped: 0.0049642 seconds, Stopping threads took: 0.0000198 seconds
112.115: [GC (Allocation Failure)  856839K->537415K(1033728K), 0.0048089 secs]
112.120: Total time for which application threads were stopped: 0.0049812 seconds, Stopping threads took: 0.0000195 seconds
112.190: [GC (Allocation Failure)  856903K->545418K(1033728K), 0.0047330 secs]
112.195: Total time for which application threads were stopped: 0.0048962 seconds, Stopping threads took: 0.0000193 seconds
112.263: [GC (Allocation Failure)  864906K->545386K(1033728K), 0.0073143 secs]
112.270: Total time for which application threads were stopped: 0.0074744 seconds, Stopping threads took: 0.0000199 seconds
112.335: [GC (Allocation Failure)  864874K->546474K(1033728K), 0.0046865 secs]
112.340: Total time for which application threads were stopped: 0.0048560 seconds, Stopping threads took: 0.0000215 seconds
112.408: [GC (Allocation Failure)  865962K->553452K(1033728K), 0.0048188 secs]
112.413: Total time for which application threads were stopped: 0.0049970 seconds, Stopping threads took: 0.0000213 seconds
112.482: [GC (Allocation Failure)  872940K->553452K(1033728K), 0.0047591 secs]
112.487: Total time for which application threads were stopped: 0.0049316 seconds, Stopping threads took: 0.0000205 seconds
112.553: [GC (Allocation Failure)  872940K->553668K(1033728K), 0.0048023 secs]
112.558: Total time for which application threads were stopped: 0.0049716 seconds, Stopping threads took: 0.0000195 seconds
112.624: [GC (Allocation Failure)  873156K->561478K(1033728K), 0.0048161 secs]
112.629: Total time for which application threads were stopped: 0.0050030 seconds, Stopping threads took: 0.0000197 seconds
112.698: [GC (Allocation Failure)  880966K->561446K(1033728K), 0.0045494 secs]
112.703: Total time for which application threads were stopped: 0.0047366 seconds, Stopping threads took: 0.0000369 seconds
112.769: [GC (Allocation Failure)  880934K->562950K(1033728K), 0.0047385 secs]
112.774: Total time for which application threads were stopped: 0.0048992 seconds, Stopping threads took: 0.0000258 seconds
112.842: [GC (Allocation Failure)  882438K->569512K(1033728K), 0.0048332 secs]
112.847: Total time for which application threads were stopped: 0.0050063 seconds, Stopping threads took: 0.0000250 seconds
112.916: [GC (Allocation Failure)  889000K->569480K(1033728K), 0.0047860 secs]
112.920: Total time for which application threads were stopped: 0.0049564 seconds, Stopping threads took: 0.0000206 seconds
112.985: [GC (Allocation Failure)  888968K->570120K(1033728K), 0.0047592 secs]
112.990: Total time for which application threads were stopped: 0.0049564 seconds, Stopping threads took: 0.0000211 seconds
113.060: [GC (Allocation Failure)  889608K->577515K(1033728K), 0.0046251 secs]
113.064: Total time for which application threads were stopped: 0.0047877 seconds, Stopping threads took: 0.0000200 seconds
113.132: [GC (Allocation Failure)  897003K->577515K(1033728K), 0.0047527 secs]
113.137: Total time for which application threads were stopped: 0.0049538 seconds, Stopping threads took: 0.0000215 seconds
113.202: [GC (Allocation Failure)  897003K->578339K(1033728K), 0.0050213 secs]
113.207: Total time for which application threads were stopped: 0.0052013 seconds, Stopping threads took: 0.0000208 seconds
113.275: [GC (Allocation Failure)  897827K->585573K(1033728K), 0.0047611 secs]
113.280: Total time for which application threads were stopped: 0.0049200 seconds, Stopping threads took: 0.0000259 seconds
113.348: [GC (Allocation Failure)  905061K->585541K(1033728K), 0.0045460 secs]
113.352: Total time for which application threads were stopped: 0.0047069 seconds, Stopping threads took: 0.0000197 seconds
113.418: [GC (Allocation Failure)  905029K->586573K(1033728K), 0.0049486 secs]
113.423: Total time for which application threads were stopped: 0.0051191 seconds, Stopping threads took: 0.0000199 seconds
113.488: [GC (Allocation Failure)  906061K->593615K(1033728K), 0.0047230 secs]
113.493: Total time for which application threads were stopped: 0.0048935 seconds, Stopping threads took: 0.0000201 seconds
113.561: [GC (Allocation Failure)  913103K->593583K(1033728K), 0.0064680 secs]
113.568: Total time for which application threads were stopped: 0.0066420 seconds, Stopping threads took: 0.0000201 seconds
113.634: [GC (Allocation Failure)  913071K->593799K(1033728K), 0.0048123 secs]
113.639: Total time for which application threads were stopped: 0.0049718 seconds, Stopping threads took: 0.0000189 seconds
113.705: [GC (Allocation Failure)  913287K->601641K(1032704K), 0.0048997 secs]
113.710: Total time for which application threads were stopped: 0.0050803 seconds, Stopping threads took: 0.0000199 seconds
113.778: [GC (Allocation Failure)  920105K->601641K(1033216K), 0.0055367 secs]
113.784: Total time for which application threads were stopped: 0.0057104 seconds, Stopping threads took: 0.0000263 seconds
113.849: [GC (Allocation Failure)  920105K->602025K(1033216K), 0.0048012 secs]
113.853: Total time for which application threads were stopped: 0.0049597 seconds, Stopping threads took: 0.0000187 seconds
113.921: [GC (Allocation Failure)  920489K->609644K(1033216K), 0.0048337 secs]
113.926: Total time for which application threads were stopped: 0.0049966 seconds, Stopping threads took: 0.0000198 seconds
113.992: [GC (Allocation Failure)  928108K->609676K(1033216K), 0.0048003 secs]
113.997: Total time for which application threads were stopped: 0.0049708 seconds, Stopping threads took: 0.0000190 seconds
114.062: [GC (Allocation Failure)  928140K->610284K(1033216K), 0.0047622 secs]
114.067: Total time for which application threads were stopped: 0.0049341 seconds, Stopping threads took: 0.0000200 seconds
114.134: [GC (Allocation Failure)  928748K->617710K(1033216K), 0.0048919 secs]
114.139: Total time for which application threads were stopped: 0.0050601 seconds, Stopping threads took: 0.0000203 seconds
114.207: [GC (Allocation Failure)  936174K->617710K(1033216K), 0.0045939 secs]
114.212: Total time for which application threads were stopped: 0.0047769 seconds, Stopping threads took: 0.0000194 seconds
114.278: [GC (Allocation Failure)  936174K->617734K(1033216K), 0.0048110 secs]
114.283: Total time for which application threads were stopped: 0.0049850 seconds, Stopping threads took: 0.0000276 seconds
114.350: [GC (Allocation Failure)  936198K->625736K(1033216K), 0.0048129 secs]
114.355: Total time for which application threads were stopped: 0.0049887 seconds, Stopping threads took: 0.0000277 seconds
114.420: [GC (Allocation Failure)  944200K->625736K(1033216K), 0.0049744 secs]
114.425: Total time for which application threads were stopped: 0.0051483 seconds, Stopping threads took: 0.0000212 seconds
114.492: [GC (Allocation Failure)  944200K->625768K(1033216K), 0.0049081 secs]
114.497: Total time for which application threads were stopped: 0.0050878 seconds, Stopping threads took: 0.0000198 seconds
114.564: [GC (Allocation Failure)  944232K->633738K(1033216K), 0.0056789 secs]
114.569: Total time for which application threads were stopped: 0.0058680 seconds, Stopping threads took: 0.0000198 seconds
114.636: [GC (Allocation Failure)  952202K->633738K(1033216K), 0.0049529 secs]
114.641: Total time for which application threads were stopped: 0.0051103 seconds, Stopping threads took: 0.0000192 seconds
114.707: [GC (Allocation Failure)  952202K->633962K(1033216K), 0.0051838 secs]
114.712: Total time for which application threads were stopped: 0.0053497 seconds, Stopping threads took: 0.0000190 seconds
114.780: [GC (Allocation Failure)  952426K->641773K(1033216K), 0.0048024 secs]
114.785: Total time for which application threads were stopped: 0.0049648 seconds, Stopping threads took: 0.0000270 seconds
114.851: [GC (Allocation Failure)  960237K->641773K(1033216K), 0.0048150 secs]
114.856: Total time for which application threads were stopped: 0.0049845 seconds, Stopping threads took: 0.0000281 seconds
114.920: [GC (Allocation Failure)  960237K->642189K(1033216K), 0.0049725 secs]
114.926: Total time for which application threads were stopped: 0.0051332 seconds, Stopping threads took: 0.0000192 seconds
114.992: [GC (Allocation Failure)  960653K->649807K(1033216K), 0.0048887 secs]
114.997: Total time for which application threads were stopped: 0.0050596 seconds, Stopping threads took: 0.0000197 seconds
115.065: [GC (Allocation Failure)  968271K->649807K(1033216K), 0.0048148 secs]
115.070: Total time for which application threads were stopped: 0.0049736 seconds, Stopping threads took: 0.0000189 seconds
115.134: [GC (Allocation Failure)  968271K->649871K(1033216K), 0.0066337 secs]
115.141: Total time for which application threads were stopped: 0.0068027 seconds, Stopping threads took: 0.0000198 seconds
115.209: [GC (Allocation Failure)  968335K->657841K(1033216K), 0.0049631 secs]
115.214: Total time for which application threads were stopped: 0.0051350 seconds, Stopping threads took: 0.0000205 seconds
115.280: [GC (Allocation Failure)  976305K->657841K(1033216K), 0.0048092 secs]
115.285: Total time for which application threads were stopped: 0.0049753 seconds, Stopping threads took: 0.0000259 seconds
115.352: [GC (Allocation Failure)  976305K->658153K(1033216K), 0.0049232 secs]
115.357: Total time for which application threads were stopped: 0.0050851 seconds, Stopping threads took: 0.0000197 seconds
115.423: [GC (Allocation Failure)  976617K->665867K(1033216K), 0.0077590 secs]
115.431: Total time for which application threads were stopped: 0.0079236 seconds, Stopping threads took: 0.0000200 seconds
115.498: [GC (Allocation Failure)  984331K->658249K(1033216K), 0.0020597 secs]
115.500: Total time for which application threads were stopped: 0.0022006 seconds, Stopping threads took: 0.0000242 seconds
115.568: [GC (Allocation Failure)  976713K->666091K(1033216K), 0.0049803 secs]
115.573: Total time for which application threads were stopped: 0.0051502 seconds, Stopping threads took: 0.0000198 seconds
115.642: [GC (Allocation Failure)  984555K->670051K(1033216K), 0.0061628 secs]
115.648: Total time for which application threads were stopped: 0.0063217 seconds, Stopping threads took: 0.0000176 seconds
115.713: [GC (Allocation Failure)  988515K->670785K(1032192K), 0.0054615 secs]
115.719: Total time for which application threads were stopped: 0.0056444 seconds, Stopping threads took: 0.0000271 seconds
115.787: [GC (Allocation Failure)  988225K->670147K(1032704K), 0.0046604 secs]
115.792: Total time for which application threads were stopped: 0.0048458 seconds, Stopping threads took: 0.0000257 seconds
115.859: [GC (Allocation Failure)  987587K->670051K(1033216K), 0.0047398 secs]
115.864: Total time for which application threads were stopped: 0.0049159 seconds, Stopping threads took: 0.0000219 seconds
115.930: [GC (Allocation Failure)  988003K->672363K(1032704K), 0.0053522 secs]
115.936: Total time for which application threads were stopped: 0.0055312 seconds, Stopping threads took: 0.0000200 seconds
116.002: [GC (Allocation Failure)  990315K->678158K(1033216K), 0.0048630 secs]
116.007: Total time for which application threads were stopped: 0.0050431 seconds, Stopping threads took: 0.0000200 seconds
116.075: [GC (Allocation Failure)  996622K->678062K(1033216K), 0.0049827 secs]
116.080: Total time for which application threads were stopped: 0.0051641 seconds, Stopping threads took: 0.0000199 seconds
116.144: [GC (Allocation Failure)  996526K->680102K(1033728K), 0.0051630 secs]
116.150: Total time for which application threads were stopped: 0.0053589 seconds, Stopping threads took: 0.0000200 seconds
116.219: [GC (Allocation Failure)  999590K->686120K(1033728K), 0.0048207 secs]
116.224: Total time for which application threads were stopped: 0.0049981 seconds, Stopping threads took: 0.0000169 seconds
116.292: [GC (Allocation Failure)  1005608K->686088K(1033728K), 0.0047690 secs]
116.297: Total time for which application threads were stopped: 0.0049683 seconds, Stopping threads took: 0.0000272 seconds
116.362: [GC (Allocation Failure)  1005576K->687272K(1033728K), 0.0049173 secs]
116.367: [Full GC (Ergonomics)  687272K->9674K(1033728K), 0.0145308 secs]
116.382: Total time for which application threads were stopped: 0.0197034 seconds, Stopping threads took: 0.0000191 seconds
116.449: [GC (Allocation Failure)  329162K->18636K(1033728K), 0.0037970 secs]
116.453: Total time for which application threads were stopped: 0.0039635 seconds, Stopping threads took: 0.0000199 seconds
116.519: [GC (Allocation Failure)  338124K->18644K(1033728K), 0.0038361 secs]
116.523: Total time for which application threads were stopped: 0.0040063 seconds, Stopping threads took: 0.0000189 seconds
116.589: [GC (Allocation Failure)  338132K->19020K(1033728K), 0.0044651 secs]
116.594: Total time for which application threads were stopped: 0.0046780 seconds, Stopping threads took: 0.0000254 seconds
116.662: [GC (Allocation Failure)  338508K->26702K(1033728K), 0.0037803 secs]
116.666: Total time for which application threads were stopped: 0.0039498 seconds, Stopping threads took: 0.0000195 seconds
116.734: [GC (Allocation Failure)  346190K->26670K(1033728K), 0.0038847 secs]
116.738: Total time for which application threads were stopped: 0.0040464 seconds, Stopping threads took: 0.0000201 seconds
116.803: [GC (Allocation Failure)  346158K->30342K(1033728K), 0.0045523 secs]
116.808: Total time for which application threads were stopped: 0.0047516 seconds, Stopping threads took: 0.0000254 seconds
116.877: [GC (Allocation Failure)  349830K->34825K(1034240K), 0.0036157 secs]
116.881: Total time for which application threads were stopped: 0.0037678 seconds, Stopping threads took: 0.0000170 seconds
116.947: [GC (Allocation Failure)  355337K->34697K(1034240K), 0.0039442 secs]
116.951: Total time for which application threads were stopped: 0.0041229 seconds, Stopping threads took: 0.0000187 seconds
117.020: [GC (Allocation Failure)  355209K->35497K(1034240K), 0.0039156 secs]
117.024: Total time for which application threads were stopped: 0.0041175 seconds, Stopping threads took: 0.0000246 seconds
117.092: [GC (Allocation Failure)  356009K->42827K(1034240K), 0.0036635 secs]
117.096: Total time for which application threads were stopped: 0.0038342 seconds, Stopping threads took: 0.0000219 seconds
117.164: [GC (Allocation Failure)  363339K->42763K(1034240K), 0.0038087 secs]
117.168: Total time for which application threads were stopped: 0.0040011 seconds, Stopping threads took: 0.0000286 seconds
117.235: [GC (Allocation Failure)  363275K->45803K(1034240K), 0.0042163 secs]
117.239: Total time for which application threads were stopped: 0.0043873 seconds, Stopping threads took: 0.0000196 seconds
117.308: [GC (Allocation Failure)  366315K->50797K(1034240K), 0.0034886 secs]
117.311: Total time for which application threads were stopped: 0.0036562 seconds, Stopping threads took: 0.0000275 seconds
117.379: [GC (Allocation Failure)  371309K->50765K(1034240K), 0.0039127 secs]
117.383: Total time for which application threads were stopped: 0.0040724 seconds, Stopping threads took: 0.0000192 seconds
117.450: [GC (Allocation Failure)  371277K->51981K(1034240K), 0.0039542 secs]
117.454: Total time for which application threads were stopped: 0.0041121 seconds, Stopping threads took: 0.0000191 seconds
117.522: [GC (Allocation Failure)  372493K->58767K(1034240K), 0.0037458 secs]
117.526: Total time for which application threads were stopped: 0.0039136 seconds, Stopping threads took: 0.0000192 seconds
117.595: [GC (Allocation Failure)  379279K->58799K(1034240K), 0.0042603 secs]
117.599: Total time for which application threads were stopped: 0.0044576 seconds, Stopping threads took: 0.0000259 seconds
117.667: [GC (Allocation Failure)  379311K->59143K(1034240K), 0.0037762 secs]
117.671: Total time for which application threads were stopped: 0.0039490 seconds, Stopping threads took: 0.0000198 seconds
117.741: [GC (Allocation Failure)  379655K->66858K(1034240K), 0.0039467 secs]
117.745: Total time for which application threads were stopped: 0.0041064 seconds, Stopping threads took: 0.0000198 seconds
117.813: [GC (Allocation Failure)  387370K->66794K(1034240K), 0.0038531 secs]
117.817: Total time for which application threads were stopped: 0.0040515 seconds, Stopping threads took: 0.0000256 seconds
117.886: [GC (Allocation Failure)  387306K->68418K(1034240K), 0.0040379 secs]
117.890: Total time for which application threads were stopped: 0.0042069 seconds, Stopping threads took: 0.0000198 seconds
117.958: [GC (Allocation Failure)  388930K->74980K(1034240K), 0.0039039 secs]
117.962: Total time for which application threads were stopped: 0.0040722 seconds, Stopping threads took: 0.0000189 seconds
118.029: [GC (Allocation Failure)  395492K->74852K(1034240K), 0.0038871 secs]
118.033: Total time for which application threads were stopped: 0.0040490 seconds, Stopping threads took: 0.0000195 seconds
118.100: [GC (Allocation Failure)  395364K->75108K(1020416K), 0.0040161 secs]
118.105: Total time for which application threads were stopped: 0.0041712 seconds, Stopping threads took: 0.0000186 seconds
118.172: [GC (Allocation Failure)  395620K->82982K(1033728K), 0.0041252 secs]
118.177: Total time for which application threads were stopped: 0.0043010 seconds, Stopping threads took: 0.0000184 seconds
118.246: [GC (Allocation Failure)  402470K->82886K(1033728K), 0.0037983 secs]
118.250: Total time for which application threads were stopped: 0.0039645 seconds, Stopping threads took: 0.0000189 seconds
118.314: [GC (Allocation Failure)  402374K->83054K(1033728K), 0.0039165 secs]
118.318: Total time for which application threads were stopped: 0.0041017 seconds, Stopping threads took: 0.0000343 seconds
118.387: [GC (Allocation Failure)  402542K->90992K(1033728K), 0.0039231 secs]
118.391: Total time for which application threads were stopped: 0.0040903 seconds, Stopping threads took: 0.0000199 seconds
118.458: [GC (Allocation Failure)  410480K->90928K(1033728K), 0.0038362 secs]
118.462: Total time for which application threads were stopped: 0.0040083 seconds, Stopping threads took: 0.0000194 seconds
118.528: [GC (Allocation Failure)  410416K->90984K(1033728K), 0.0036848 secs]
118.532: Total time for which application threads were stopped: 0.0038590 seconds, Stopping threads took: 0.0000190 seconds
118.602: [GC (Allocation Failure)  410472K->98923K(1033728K), 0.0044587 secs]
118.607: Total time for which application threads were stopped: 0.0046323 seconds, Stopping threads took: 0.0000252 seconds
118.674: [GC (Allocation Failure)  418411K->98955K(1033728K), 0.0038912 secs]
118.678: Total time for which application threads were stopped: 0.0040606 seconds, Stopping threads took: 0.0000197 seconds
118.745: [GC (Allocation Failure)  418443K->99235K(1032704K), 0.0039908 secs]
118.749: Total time for which application threads were stopped: 0.0041620 seconds, Stopping threads took: 0.0000197 seconds
118.817: [GC (Allocation Failure)  417699K->107013K(1033216K), 0.0037288 secs]
118.821: Total time for which application threads were stopped: 0.0038963 seconds, Stopping threads took: 0.0000258 seconds
118.888: [GC (Allocation Failure)  425477K->106981K(1033216K), 0.0038000 secs]
118.892: Total time for which application threads were stopped: 0.0039649 seconds, Stopping threads took: 0.0000270 seconds
118.957: [GC (Allocation Failure)  425445K->107493K(1033216K), 0.0041086 secs]
118.961: Total time for which application threads were stopped: 0.0042782 seconds, Stopping threads took: 0.0000214 seconds
119.029: [GC (Allocation Failure)  425957K->115015K(1033216K), 0.0040061 secs]
119.033: Total time for which application threads were stopped: 0.0041702 seconds, Stopping threads took: 0.0000201 seconds
119.101: [GC (Allocation Failure)  433479K->115047K(1033216K), 0.0040026 secs]
119.105: Total time for which application threads were stopped: 0.0041761 seconds, Stopping threads took: 0.0000197 seconds
119.170: [GC (Allocation Failure)  433511K->115719K(1033216K), 0.0039938 secs]
119.174: Total time for which application threads were stopped: 0.0041705 seconds, Stopping threads took: 0.0000206 seconds
119.241: [GC (Allocation Failure)  434183K->123081K(1033216K), 0.0064788 secs]
119.248: Total time for which application threads were stopped: 0.0066416 seconds, Stopping threads took: 0.0000201 seconds
119.314: [GC (Allocation Failure)  441545K->123017K(1033216K), 0.0038410 secs]
119.318: Total time for which application threads were stopped: 0.0040412 seconds, Stopping threads took: 0.0000267 seconds
119.386: [GC (Allocation Failure)  441481K->123945K(1033216K), 0.0039927 secs]
119.390: Total time for which application threads were stopped: 0.0041833 seconds, Stopping threads took: 0.0000195 seconds
119.458: [GC (Allocation Failure)  442409K->131116K(1033216K), 0.0047448 secs]
119.463: Total time for which application threads were stopped: 0.0049088 seconds, Stopping threads took: 0.0000206 seconds
119.532: [GC (Allocation Failure)  449580K->131084K(1033216K), 0.0042883 secs]
119.536: Total time for which application threads were stopped: 0.0044680 seconds, Stopping threads took: 0.0000260 seconds
119.602: [GC (Allocation Failure)  449548K->131140K(1033216K), 0.0046294 secs]
119.606: Total time for which application threads were stopped: 0.0048268 seconds, Stopping threads took: 0.0000276 seconds
119.675: [GC (Allocation Failure)  449604K->139110K(1033216K), 0.0037938 secs]
119.679: Total time for which application threads were stopped: 0.0039985 seconds, Stopping threads took: 0.0000196 seconds
119.745: [GC (Allocation Failure)  457574K->139078K(1033216K), 0.0039859 secs]
119.749: Total time for which application threads were stopped: 0.0041624 seconds, Stopping threads took: 0.0000200 seconds
119.815: [GC (Allocation Failure)  457542K->139366K(1033216K), 0.0039950 secs]
119.819: Total time for which application threads were stopped: 0.0041749 seconds, Stopping threads took: 0.0000263 seconds
119.886: [GC (Allocation Failure)  457830K->147176K(1033216K), 0.0039328 secs]
119.890: Total time for which application threads were stopped: 0.0041043 seconds, Stopping threads took: 0.0000203 seconds
119.958: [GC (Allocation Failure)  465640K->147112K(1033216K), 0.0039228 secs]
119.962: Total time for which application threads were stopped: 0.0040988 seconds, Stopping threads took: 0.0000192 seconds
120.026: [GC (Allocation Failure)  465576K->147656K(1033216K), 0.0041071 secs]
120.031: Total time for which application threads were stopped: 0.0042772 seconds, Stopping threads took: 0.0000196 seconds
120.098: [GC (Allocation Failure)  466120K->155178K(1033216K), 0.0039469 secs]
120.102: Total time for which application threads were stopped: 0.0041275 seconds, Stopping threads took: 0.0000210 seconds
120.169: [GC (Allocation Failure)  473642K->155178K(1033216K), 0.0040249 secs]
120.173: Total time for which application threads were stopped: 0.0042151 seconds, Stopping threads took: 0.0000197 seconds
120.241: [GC (Allocation Failure)  473642K->155338K(1033216K), 0.0039302 secs]
120.245: Total time for which application threads were stopped: 0.0040812 seconds, Stopping threads took: 0.0000168 seconds
120.312: [GC (Allocation Failure)  473802K->163213K(1033216K), 0.0040035 secs]
120.316: Total time for which application threads were stopped: 0.0041666 seconds, Stopping threads took: 0.0000264 seconds
120.386: [GC (Allocation Failure)  481677K->163213K(1033216K), 0.0037704 secs]
120.389: Total time for which application threads were stopped: 0.0039518 seconds, Stopping threads took: 0.0000246 seconds
120.454: [GC (Allocation Failure)  481677K->163277K(1033216K), 0.0039887 secs]
120.458: Total time for which application threads were stopped: 0.0041518 seconds, Stopping threads took: 0.0000198 seconds
120.526: [GC (Allocation Failure)  481741K->171247K(1033216K), 0.0040819 secs]
120.530: Total time for which application threads were stopped: 0.0042654 seconds, Stopping threads took: 0.0000200 seconds
120.596: [GC (Allocation Failure)  489711K->171247K(1033216K), 0.0048305 secs]
120.601: Total time for which application threads were stopped: 0.0050319 seconds, Stopping threads took: 0.0000280 seconds
120.668: [GC (Allocation Failure)  489711K->171303K(1033216K), 0.0039629 secs]
120.672: Total time for which application threads were stopped: 0.0041484 seconds, Stopping threads took: 0.0000171 seconds
120.741: [GC (Allocation Failure)  489767K->179273K(1033216K), 0.0040080 secs]
120.745: Total time for which application threads were stopped: 0.0041955 seconds, Stopping threads took: 0.0000276 seconds
120.813: [GC (Allocation Failure)  497737K->179241K(1033216K), 0.0037888 secs]
120.817: Total time for which application threads were stopped: 0.0039645 seconds, Stopping threads took: 0.0000275 seconds
120.882: [GC (Allocation Failure)  497705K->179497K(1033216K), 0.0041530 secs]
120.886: Total time for which application threads were stopped: 0.0043154 seconds, Stopping threads took: 0.0000195 seconds
120.953: [GC (Allocation Failure)  497961K->187308K(1033216K), 0.0039416 secs]
120.957: Total time for which application threads were stopped: 0.0041106 seconds, Stopping threads took: 0.0000284 seconds
121.023: [GC (Allocation Failure)  505771K->183369K(1033728K), 0.0028503 secs]
121.026: Total time for which application threads were stopped: 0.0030055 seconds, Stopping threads took: 0.0000208 seconds
121.094: [GC (Allocation Failure)  502345K->187468K(1033216K), 0.0042364 secs]
121.098: Total time for which application threads were stopped: 0.0043966 seconds, Stopping threads took: 0.0000191 seconds
121.165: [GC (Allocation Failure)  506444K->191436K(1034240K), 0.0064909 secs]
121.171: Total time for which application threads were stopped: 0.0066605 seconds, Stopping threads took: 0.0000338 seconds
121.240: [GC (Allocation Failure)  511948K->198953K(1034240K), 0.0073060 secs]
121.247: Total time for which application threads were stopped: 0.0074740 seconds, Stopping threads took: 0.0000187 seconds
121.315: [GC (Allocation Failure)  519465K->192716K(1029120K), 0.0040876 secs]
121.319: Total time for which application threads were stopped: 0.0042483 seconds, Stopping threads took: 0.0000192 seconds
121.385: [GC (Allocation Failure)  508108K->192684K(1031680K), 0.0041378 secs]
121.390: Total time for which application threads were stopped: 0.0043310 seconds, Stopping threads took: 0.0000198 seconds
121.456: [GC (Allocation Failure)  508076K->188169K(1032704K), 0.0023346 secs]
121.458: Total time for which application threads were stopped: 0.0024746 seconds, Stopping threads took: 0.0000160 seconds
121.525: [GC (Allocation Failure)  505097K->192908K(1032192K), 0.0040003 secs]
121.529: Total time for which application threads were stopped: 0.0041607 seconds, Stopping threads took: 0.0000188 seconds
121.598: [GC (Allocation Failure)  509836K->192652K(1033216K), 0.0048367 secs]
121.603: Total time for which application threads were stopped: 0.0050419 seconds, Stopping threads took: 0.0000249 seconds
121.670: [GC (Allocation Failure)  510604K->192812K(1032704K), 0.0039280 secs]
121.674: Total time for which application threads were stopped: 0.0041098 seconds, Stopping threads took: 0.0000199 seconds
121.743: [GC (Allocation Failure)  510764K->200782K(1033216K), 0.0041154 secs]
121.747: Total time for which application threads were stopped: 0.0042862 seconds, Stopping threads took: 0.0000261 seconds
121.816: [GC (Allocation Failure)  519246K->200686K(1033216K), 0.0039333 secs]
121.820: Total time for which application threads were stopped: 0.0040980 seconds, Stopping threads took: 0.0000246 seconds
121.886: [GC (Allocation Failure)  519150K->204646K(1033728K), 0.0049670 secs]
121.891: Total time for which application threads were stopped: 0.0051250 seconds, Stopping threads took: 0.0000192 seconds
121.958: [GC (Allocation Failure)  523622K->208872K(1033216K), 0.0040883 secs]
121.962: Total time for which application threads were stopped: 0.0042776 seconds, Stopping threads took: 0.0000195 seconds
122.029: [GC (Allocation Failure)  527848K->208744K(1034240K), 0.0042626 secs]
122.033: Total time for which application threads were stopped: 0.0044291 seconds, Stopping threads took: 0.0000188 seconds
122.100: [GC (Allocation Failure)  528744K->211336K(1033728K), 0.0043075 secs]
122.104: Total time for which application threads were stopped: 0.0044774 seconds, Stopping threads took: 0.0000185 seconds
122.171: [GC (Allocation Failure)  531336K->216842K(1034240K), 0.0040529 secs]
122.176: Total time for which application threads were stopped: 0.0042127 seconds, Stopping threads took: 0.0000192 seconds
122.243: [GC (Allocation Failure)  537354K->216810K(1034240K), 0.0040716 secs]
122.247: Total time for which application threads were stopped: 0.0042630 seconds, Stopping threads took: 0.0000189 seconds
122.315: [GC (Allocation Failure)  537322K->216994K(1034240K), 0.0056488 secs]
122.320: Total time for which application threads were stopped: 0.0058264 seconds, Stopping threads took: 0.0000275 seconds
122.389: [GC (Allocation Failure)  537506K->224805K(1034240K), 0.0042806 secs]
122.394: Total time for which application threads were stopped: 0.0044650 seconds, Stopping threads took: 0.0000201 seconds
122.461: [GC (Allocation Failure)  545317K->224837K(1034240K), 0.0041061 secs]
122.466: Total time for which application threads were stopped: 0.0042692 seconds, Stopping threads took: 0.0000192 seconds
122.534: [GC (Allocation Failure)  545349K->227309K(1034240K), 0.0045238 secs]
122.538: Total time for which application threads were stopped: 0.0046889 seconds, Stopping threads took: 0.0000203 seconds
122.607: [GC (Allocation Failure)  547821K->232847K(1034240K), 0.0040475 secs]
122.612: Total time for which application threads were stopped: 0.0042152 seconds, Stopping threads took: 0.0000183 seconds
122.679: [GC (Allocation Failure)  553359K->232879K(1034240K), 0.0038897 secs]
122.683: Total time for which application threads were stopped: 0.0040879 seconds, Stopping threads took: 0.0000198 seconds
122.751: [GC (Allocation Failure)  553391K->233479K(1034240K), 0.0041252 secs]
122.755: Total time for which application threads were stopped: 0.0042938 seconds, Stopping threads took: 0.0000189 seconds
122.824: [GC (Allocation Failure)  553991K->240905K(1034240K), 0.0040362 secs]
122.828: Total time for which application threads were stopped: 0.0042072 seconds, Stopping threads took: 0.0000194 seconds
122.897: [GC (Allocation Failure)  561417K->240873K(1034240K), 0.0042024 secs]
122.902: Total time for which application threads were stopped: 0.0043737 seconds, Stopping threads took: 0.0000195 seconds
122.969: [GC (Allocation Failure)  561385K->243753K(1034240K), 0.0046806 secs]
122.974: Total time for which application threads were stopped: 0.0048550 seconds, Stopping threads took: 0.0000253 seconds
123.042: [GC (Allocation Failure)  564265K->249003K(1034240K), 0.0039514 secs]
123.046: Total time for which application threads were stopped: 0.0041197 seconds, Stopping threads took: 0.0000198 seconds
123.114: [GC (Allocation Failure)  569515K->248939K(1034240K), 0.0041472 secs]
123.118: Total time for which application threads were stopped: 0.0043068 seconds, Stopping threads took: 0.0000193 seconds
123.185: [GC (Allocation Failure)  569451K->249923K(1034240K), 0.0042616 secs]
123.189: Total time for which application threads were stopped: 0.0044258 seconds, Stopping threads took: 0.0000271 seconds
123.258: [GC (Allocation Failure)  570435K->256998K(1034240K), 0.0042685 secs]
123.263: Total time for which application threads were stopped: 0.0044619 seconds, Stopping threads took: 0.0000195 seconds
123.331: [GC (Allocation Failure)  577510K->256934K(1034240K), 0.0040455 secs]
123.335: Total time for which application threads were stopped: 0.0042137 seconds, Stopping threads took: 0.0000185 seconds
123.402: [GC (Allocation Failure)  577446K->257158K(1034240K), 0.0041547 secs]
123.406: Total time for which application threads were stopped: 0.0043257 seconds, Stopping threads took: 0.0000196 seconds
123.473: [GC (Allocation Failure)  577670K->265000K(1034240K), 0.0041324 secs]
123.478: Total time for which application threads were stopped: 0.0043001 seconds, Stopping threads took: 0.0000203 seconds
123.545: [GC (Allocation Failure)  585512K->264968K(1034240K), 0.0043790 secs]
123.549: Total time for which application threads were stopped: 0.0045509 seconds, Stopping threads took: 0.0000194 seconds
123.618: [GC (Allocation Failure)  585480K->266408K(1034240K), 0.0042753 secs]
123.623: Total time for which application threads were stopped: 0.0044359 seconds, Stopping threads took: 0.0000198 seconds
123.690: [GC (Allocation Failure)  586920K->273098K(1034240K), 0.0043732 secs]
123.695: Total time for which application threads were stopped: 0.0045336 seconds, Stopping threads took: 0.0000193 seconds
123.762: [GC (Allocation Failure)  593610K->273002K(1034240K), 0.0039530 secs]
123.767: Total time for which application threads were stopped: 0.0041146 seconds, Stopping threads took: 0.0000191 seconds
123.834: [GC (Allocation Failure)  593514K->273066K(1020416K), 0.0041519 secs]
123.838: Total time for which application threads were stopped: 0.0043310 seconds, Stopping threads took: 0.0000278 seconds
123.906: [GC (Allocation Failure)  593578K->281036K(1033728K), 0.0041916 secs]
123.910: Total time for which application threads were stopped: 0.0043614 seconds, Stopping threads took: 0.0000199 seconds
123.975: [GC (Allocation Failure)  600524K->281004K(1033728K), 0.0043278 secs]
123.980: Total time for which application threads were stopped: 0.0045233 seconds, Stopping threads took: 0.0000198 seconds
124.046: [GC (Allocation Failure)  600492K->281324K(1033728K), 0.0043854 secs]
124.051: Total time for which application threads were stopped: 0.0045641 seconds, Stopping threads took: 0.0000284 seconds
124.119: [GC (Allocation Failure)  600812K->289071K(1033728K), 0.0040740 secs]
124.123: Total time for which application threads were stopped: 0.0042631 seconds, Stopping threads took: 0.0000267 seconds
124.190: [GC (Allocation Failure)  608559K->289071K(1033728K), 0.0042188 secs]
124.195: Total time for which application threads were stopped: 0.0044126 seconds, Stopping threads took: 0.0000200 seconds
124.261: [GC (Allocation Failure)  608559K->290095K(1033728K), 0.0042654 secs]
124.265: Total time for which application threads were stopped: 0.0044172 seconds, Stopping threads took: 0.0000169 seconds
124.335: [GC (Allocation Failure)  609583K->297105K(1033728K), 0.0042642 secs]
124.339: Total time for which application threads were stopped: 0.0044387 seconds, Stopping threads took: 0.0000198 seconds
124.406: [GC (Allocation Failure)  616593K->297137K(1033728K), 0.0041317 secs]
124.410: Total time for which application threads were stopped: 0.0043255 seconds, Stopping threads took: 0.0000199 seconds
124.476: [GC (Allocation Failure)  616625K->297257K(1033728K), 0.0044709 secs]
124.481: Total time for which application threads were stopped: 0.0046193 seconds, Stopping threads took: 0.0000164 seconds
124.548: [GC (Allocation Failure)  616745K->305163K(1033728K), 0.0049131 secs]
124.553: Total time for which application threads were stopped: 0.0050752 seconds, Stopping threads took: 0.0000192 seconds
124.622: [GC (Allocation Failure)  624651K->305131K(1033728K), 0.0041760 secs]
124.627: Total time for which application threads were stopped: 0.0043257 seconds, Stopping threads took: 0.0000169 seconds
124.692: [GC (Allocation Failure)  624619K->306531K(1033728K), 0.0044832 secs]
124.696: Total time for which application threads were stopped: 0.0046515 seconds, Stopping threads took: 0.0000196 seconds
124.764: [GC (Allocation Failure)  626019K->313158K(1033728K), 0.0046120 secs]
124.769: Total time for which application threads were stopped: 0.0048079 seconds, Stopping threads took: 0.0000198 seconds
124.838: [GC (Allocation Failure)  632646K->313190K(1033728K), 0.0042483 secs]
124.842: Total time for which application threads were stopped: 0.0044182 seconds, Stopping threads took: 0.0000277 seconds
124.908: [GC (Allocation Failure)  632678K->313774K(1033728K), 0.0041990 secs]
124.912: Total time for which application threads were stopped: 0.0043981 seconds, Stopping threads took: 0.0000194 seconds
124.981: [GC (Allocation Failure)  633262K->321232K(1033728K), 0.0043166 secs]
124.985: Total time for which application threads were stopped: 0.0044806 seconds, Stopping threads took: 0.0000189 seconds
125.053: [GC (Allocation Failure)  640720K->321232K(1033728K), 0.0043015 secs]
125.057: Total time for which application threads were stopped: 0.0044699 seconds, Stopping threads took: 0.0000198 seconds
125.122: [GC (Allocation Failure)  640720K->321992K(1033728K), 0.0043302 secs]
125.126: Total time for which application threads were stopped: 0.0044966 seconds, Stopping threads took: 0.0000205 seconds
125.193: [GC (Allocation Failure)  641480K->329258K(1033728K), 0.0042405 secs]
125.197: Total time for which application threads were stopped: 0.0044341 seconds, Stopping threads took: 0.0000197 seconds
125.267: [GC (Allocation Failure)  648746K->329226K(1033728K), 0.0041289 secs]
125.271: Total time for which application threads were stopped: 0.0042849 seconds, Stopping threads took: 0.0000172 seconds
125.336: [GC (Allocation Failure)  648714K->330210K(1033728K), 0.0045263 secs]
125.341: Total time for which application threads were stopped: 0.0046937 seconds, Stopping threads took: 0.0000263 seconds
125.406: [GC (Allocation Failure)  649698K->337284K(1033728K), 0.0043382 secs]
125.411: Total time for which application threads were stopped: 0.0045026 seconds, Stopping threads took: 0.0000198 seconds
125.480: [GC (Allocation Failure)  656772K->337284K(1033728K), 0.0041602 secs]
125.484: Total time for which application threads were stopped: 0.0043203 seconds, Stopping threads took: 0.0000167 seconds
125.549: [GC (Allocation Failure)  656772K->337412K(1019392K), 0.0043250 secs]
125.554: Total time for which application threads were stopped: 0.0044852 seconds, Stopping threads took: 0.0000190 seconds
125.620: [GC (Allocation Failure)  656900K->345319K(1033216K), 0.0043340 secs]
125.625: Total time for which application threads were stopped: 0.0045008 seconds, Stopping threads took: 0.0000194 seconds
125.692: [GC (Allocation Failure)  663783K->345287K(1033216K), 0.0043656 secs]
125.697: Total time for which application threads were stopped: 0.0045342 seconds, Stopping threads took: 0.0000194 seconds
125.762: [GC (Allocation Failure)  663751K->345647K(1033216K), 0.0044415 secs]
125.766: Total time for which application threads were stopped: 0.0046099 seconds, Stopping threads took: 0.0000199 seconds
125.834: [GC (Allocation Failure)  664111K->353361K(1033216K), 0.0042671 secs]
125.838: Total time for which application threads were stopped: 0.0044400 seconds, Stopping threads took: 0.0000265 seconds
125.904: [GC (Allocation Failure)  671825K->353329K(1033216K), 0.0043408 secs]
125.909: Total time for which application threads were stopped: 0.0045213 seconds, Stopping threads took: 0.0000277 seconds
125.973: [GC (Allocation Failure)  671793K->353865K(1033216K), 0.0050784 secs]
125.978: Total time for which application threads were stopped: 0.0052533 seconds, Stopping threads took: 0.0000204 seconds
126.047: [GC (Allocation Failure)  672329K->361355K(1033216K), 0.0044433 secs]
126.052: Total time for which application threads were stopped: 0.0046194 seconds, Stopping threads took: 0.0000273 seconds
126.119: [GC (Allocation Failure)  679819K->361323K(1033216K), 0.0043156 secs]
126.124: Total time for which application threads were stopped: 0.0044849 seconds, Stopping threads took: 0.0000193 seconds
126.189: [GC (Allocation Failure)  679787K->361611K(1033216K), 0.0043930 secs]
126.193: Total time for which application threads were stopped: 0.0045666 seconds, Stopping threads took: 0.0000225 seconds
126.262: [GC (Allocation Failure)  680075K->369389K(1033216K), 0.0046721 secs]
126.266: Total time for which application threads were stopped: 0.0048455 seconds, Stopping threads took: 0.0000206 seconds
126.332: [GC (Allocation Failure)  687853K->369389K(1033216K), 0.0042658 secs]
126.337: Total time for which application threads were stopped: 0.0044739 seconds, Stopping threads took: 0.0000516 seconds
126.403: [GC (Allocation Failure)  687853K->369445K(1033216K), 0.0044564 secs]
126.408: Total time for which application threads were stopped: 0.0046277 seconds, Stopping threads took: 0.0000202 seconds
126.474: [GC (Allocation Failure)  687909K->377416K(1033216K), 0.0043129 secs]
126.479: Total time for which application threads were stopped: 0.0045074 seconds, Stopping threads took: 0.0000198 seconds
126.546: [GC (Allocation Failure)  695880K->377448K(1033216K), 0.0046459 secs]
126.551: Total time for which application threads were stopped: 0.0048028 seconds, Stopping threads took: 0.0000168 seconds
126.616: [GC (Allocation Failure)  695912K->377576K(1033216K), 0.0043693 secs]
126.621: Total time for which application threads were stopped: 0.0045386 seconds, Stopping threads took: 0.0000193 seconds
126.690: [GC (Allocation Failure)  696040K->385450K(1033216K), 0.0045074 secs]
126.695: Total time for which application threads were stopped: 0.0046662 seconds, Stopping threads took: 0.0000166 seconds
126.760: [GC (Allocation Failure)  703914K->385450K(1033216K), 0.0044724 secs]
126.764: Total time for which application threads were stopped: 0.0046374 seconds, Stopping threads took: 0.0000200 seconds
126.829: [GC (Allocation Failure)  703914K->385802K(1033216K), 0.0044137 secs]
126.833: Total time for which application threads were stopped: 0.0045738 seconds, Stopping threads took: 0.0000197 seconds
126.900: [GC (Allocation Failure)  704266K->393516K(1033216K), 0.0046052 secs]
126.905: Total time for which application threads were stopped: 0.0047658 seconds, Stopping threads took: 0.0000194 seconds
126.974: [GC (Allocation Failure)  711980K->393484K(1033216K), 0.0044803 secs]
126.978: Total time for which application threads were stopped: 0.0046554 seconds, Stopping threads took: 0.0000207 seconds
127.044: [GC (Allocation Failure)  711948K->394028K(1033216K), 0.0053085 secs]
127.049: Total time for which application threads were stopped: 0.0054840 seconds, Stopping threads took: 0.0000273 seconds
127.118: [GC (Allocation Failure)  712492K->401550K(1033216K), 0.0043851 secs]
127.123: Total time for which application threads were stopped: 0.0045546 seconds, Stopping threads took: 0.0000193 seconds
127.189: [GC (Allocation Failure)  720014K->401518K(1033216K), 0.0045400 secs]
127.194: Total time for which application threads were stopped: 0.0047081 seconds, Stopping threads took: 0.0000199 seconds
127.260: [GC (Allocation Failure)  719982K->401742K(1033216K), 0.0045470 secs]
127.265: Total time for which application threads were stopped: 0.0047278 seconds, Stopping threads took: 0.0000204 seconds
127.333: [GC (Allocation Failure)  720206K->409553K(1033216K), 0.0044952 secs]
127.338: Total time for which application threads were stopped: 0.0046706 seconds, Stopping threads took: 0.0000260 seconds
127.402: [GC (Allocation Failure)  728017K->401838K(1033216K), 0.0014837 secs]
127.404: Total time for which application threads were stopped: 0.0016183 seconds, Stopping threads took: 0.0000281 seconds
127.473: [GC (Allocation Failure)  720302K->409705K(1033216K), 0.0044285 secs]
127.478: Total time for which application threads were stopped: 0.0046126 seconds, Stopping threads took: 0.0000212 seconds
127.546: [GC (Allocation Failure)  728169K->413721K(1033216K), 0.0056432 secs]
127.552: Total time for which application threads were stopped: 0.0058401 seconds, Stopping threads took: 0.0000193 seconds
127.617: [GC (Allocation Failure)  732185K->414390K(1032192K), 0.0050025 secs]
127.622: Total time for which application threads were stopped: 0.0051666 seconds, Stopping threads took: 0.0000191 seconds
127.688: [GC (Allocation Failure)  731830K->413753K(1032704K), 0.0042388 secs]
127.693: Total time for which application threads were stopped: 0.0043983 seconds, Stopping threads took: 0.0000194 seconds
127.760: [GC (Allocation Failure)  731193K->413721K(1033216K), 0.0042630 secs]
127.764: Total time for which application threads were stopped: 0.0044455 seconds, Stopping threads took: 0.0000272 seconds
127.830: [GC (Allocation Failure)  732185K->416473K(1033216K), 0.0051115 secs]
127.836: Total time for which application threads were stopped: 0.0052664 seconds, Stopping threads took: 0.0000168 seconds
127.903: [GC (Allocation Failure)  734937K->421755K(1033728K), 0.0043736 secs]
127.907: Total time for which application threads were stopped: 0.0045457 seconds, Stopping threads took: 0.0000202 seconds
127.974: [GC (Allocation Failure)  740731K->421755K(1033216K), 0.0045461 secs]
127.979: Total time for which application threads were stopped: 0.0047171 seconds, Stopping threads took: 0.0000204 seconds
128.045: [GC (Allocation Failure)  740731K->425763K(1034240K), 0.0054585 secs]
128.051: Total time for which application threads were stopped: 0.0056286 seconds, Stopping threads took: 0.0000195 seconds
128.118: [GC (Allocation Failure)  745763K->429797K(1033728K), 0.0045643 secs]
128.123: Total time for which application threads were stopped: 0.0047356 seconds, Stopping threads took: 0.0000195 seconds
128.192: [GC (Allocation Failure)  749797K->429797K(1034240K), 0.0046458 secs]
128.196: Total time for which application threads were stopped: 0.0048095 seconds, Stopping threads took: 0.0000201 seconds
128.263: [GC (Allocation Failure)  750309K->430925K(1034240K), 0.0047308 secs]
128.268: Total time for which application threads were stopped: 0.0049014 seconds, Stopping threads took: 0.0000191 seconds
128.337: [GC (Allocation Failure)  751437K->437808K(1034240K), 0.0046710 secs]
128.341: Total time for which application threads were stopped: 0.0048457 seconds, Stopping threads took: 0.0000255 seconds
128.411: [GC (Allocation Failure)  758320K->437808K(1034240K), 0.0045574 secs]
128.416: Total time for which application threads were stopped: 0.0047200 seconds, Stopping threads took: 0.0000199 seconds
128.483: [GC (Allocation Failure)  758320K->441224K(1034752K), 0.0051738 secs]
128.488: Total time for which application threads were stopped: 0.0053526 seconds, Stopping threads took: 0.0000194 seconds
128.556: [GC (Allocation Failure)  762248K->445930K(1034240K), 0.0046114 secs]
128.561: Total time for which application threads were stopped: 0.0047717 seconds, Stopping threads took: 0.0000198 seconds
128.631: [GC (Allocation Failure)  766954K->445834K(1034752K), 0.0043890 secs]
128.635: Total time for which application threads were stopped: 0.0045449 seconds, Stopping threads took: 0.0000162 seconds
128.702: [GC (Allocation Failure)  767370K->449450K(1034752K), 0.0053297 secs]
128.708: Total time for which application threads were stopped: 0.0055165 seconds, Stopping threads took: 0.0000190 seconds
128.775: [GC (Allocation Failure)  770986K->453932K(1034752K), 0.0045343 secs]
128.780: Total time for which application threads were stopped: 0.0046988 seconds, Stopping threads took: 0.0000207 seconds
128.847: [GC (Allocation Failure)  775468K->453868K(1034752K), 0.0045569 secs]
128.851: Total time for which application threads were stopped: 0.0047358 seconds, Stopping threads took: 0.0000261 seconds
128.916: [GC (Allocation Failure)  775404K->454604K(1034752K), 0.0052851 secs]
128.922: Total time for which application threads were stopped: 0.0054620 seconds, Stopping threads took: 0.0000281 seconds
128.990: [GC (Allocation Failure)  776140K->461966K(1034752K), 0.0044783 secs]
128.994: Total time for which application threads were stopped: 0.0046438 seconds, Stopping threads took: 0.0000191 seconds
129.064: [GC (Allocation Failure)  783502K->461902K(1034752K), 0.0042185 secs]
129.068: Total time for which application threads were stopped: 0.0044243 seconds, Stopping threads took: 0.0000302 seconds
129.136: [GC (Allocation Failure)  783438K->463790K(1034752K), 0.0049151 secs]
129.141: Total time for which application threads were stopped: 0.0051098 seconds, Stopping threads took: 0.0000195 seconds
129.210: [GC (Allocation Failure)  785326K->469937K(1034752K), 0.0044414 secs]
129.214: Total time for which application threads were stopped: 0.0045942 seconds, Stopping threads took: 0.0000177 seconds
129.281: [GC (Allocation Failure)  791473K->469937K(1034752K), 0.0045498 secs]
129.286: Total time for which application threads were stopped: 0.0047180 seconds, Stopping threads took: 0.0000196 seconds
129.354: [GC (Allocation Failure)  791473K->473033K(1034752K), 0.0051115 secs]
129.359: Total time for which application threads were stopped: 0.0052755 seconds, Stopping threads took: 0.0000191 seconds
129.427: [GC (Allocation Failure)  794569K->478059K(1034752K), 0.0045593 secs]
129.432: Total time for which application threads were stopped: 0.0047219 seconds, Stopping threads took: 0.0000201 seconds
129.500: [GC (Allocation Failure)  799595K->477995K(1034752K), 0.0044621 secs]
129.504: Total time for which application threads were stopped: 0.0046531 seconds, Stopping threads took: 0.0000203 seconds
129.573: [GC (Allocation Failure)  799531K->478219K(1034752K), 0.0046026 secs]
129.578: Total time for which application threads were stopped: 0.0047719 seconds, Stopping threads took: 0.0000189 seconds
129.645: [GC (Allocation Failure)  799755K->485997K(1033728K), 0.0056526 secs]
129.651: Total time for which application threads were stopped: 0.0058232 seconds, Stopping threads took: 0.0000200 seconds
129.718: [GC (Allocation Failure)  806509K->485997K(1034240K), 0.0044948 secs]
129.723: Total time for which application threads were stopped: 0.0046546 seconds, Stopping threads took: 0.0000183 seconds
129.789: [GC (Allocation Failure)  806509K->489509K(1034752K), 0.0051344 secs]
129.794: Total time for which application threads were stopped: 0.0052916 seconds, Stopping threads took: 0.0000264 seconds
129.862: [GC (Allocation Failure)  811045K->494023K(1034752K), 0.0045823 secs]
129.867: Total time for which application threads were stopped: 0.0047490 seconds, Stopping threads took: 0.0000202 seconds
129.934: [GC (Allocation Failure)  815559K->494023K(1034752K), 0.0046675 secs]
129.939: Total time for which application threads were stopped: 0.0048443 seconds, Stopping threads took: 0.0000187 seconds
130.006: [GC (Allocation Failure)  815559K->494663K(1034752K), 0.0045284 secs]
130.010: Total time for which application threads were stopped: 0.0046979 seconds, Stopping threads took: 0.0000194 seconds
130.076: [GC (Allocation Failure)  816199K->502122K(1034752K), 0.0050241 secs]
130.082: Total time for which application threads were stopped: 0.0051870 seconds, Stopping threads took: 0.0000198 seconds
130.148: [GC (Allocation Failure)  823658K->502058K(1034752K), 0.0047737 secs]
130.153: Total time for which application threads were stopped: 0.0049433 seconds, Stopping threads took: 0.0000196 seconds
130.218: [GC (Allocation Failure)  823594K->503946K(1034752K), 0.0048343 secs]
130.223: Total time for which application threads were stopped: 0.0050087 seconds, Stopping threads took: 0.0000198 seconds
130.289: [GC (Allocation Failure)  825482K->510252K(1029632K), 0.0045257 secs]
130.294: Total time for which application threads were stopped: 0.0046870 seconds, Stopping threads took: 0.0000261 seconds
130.361: [GC (Allocation Failure)  831788K->510124K(1034240K), 0.0047417 secs]
130.366: Total time for which application threads were stopped: 0.0049112 seconds, Stopping threads took: 0.0000278 seconds
130.432: [GC (Allocation Failure)  830636K->512164K(1034240K), 0.0048893 secs]
130.437: Total time for which application threads were stopped: 0.0050680 seconds, Stopping threads took: 0.0000203 seconds
130.506: [GC (Allocation Failure)  832676K->518150K(1033728K), 0.0049002 secs]
130.511: Total time for which application threads were stopped: 0.0050607 seconds, Stopping threads took: 0.0000192 seconds
130.579: [GC (Allocation Failure)  838662K->518118K(1034240K), 0.0102915 secs]
130.589: Total time for which application threads were stopped: 0.0104560 seconds, Stopping threads took: 0.0000188 seconds
130.656: [GC (Allocation Failure)  838630K->518342K(1033728K), 0.0045518 secs]
130.661: Total time for which application threads were stopped: 0.0047090 seconds, Stopping threads took: 0.0000187 seconds
130.728: [GC (Allocation Failure)  838854K->526184K(1034240K), 0.0047148 secs]
130.733: Total time for which application threads were stopped: 0.0048875 seconds, Stopping threads took: 0.0000191 seconds
130.803: [GC (Allocation Failure)  846696K->526184K(1034240K), 0.0045190 secs]
130.807: Total time for which application threads were stopped: 0.0046809 seconds, Stopping threads took: 0.0000198 seconds
130.874: [GC (Allocation Failure)  846696K->528648K(1034240K), 0.0050873 secs]
130.879: Total time for which application threads were stopped: 0.0052608 seconds, Stopping threads took: 0.0000274 seconds
130.947: [GC (Allocation Failure)  849160K->534219K(1034240K), 0.0044841 secs]
130.951: Total time for which application threads were stopped: 0.0046797 seconds, Stopping threads took: 0.0000198 seconds
131.020: [GC (Allocation Failure)  854731K->534187K(1034240K), 0.0043481 secs]
131.025: Total time for which application threads were stopped: 0.0045200 seconds, Stopping threads took: 0.0000190 seconds
131.092: [GC (Allocation Failure)  854699K->534827K(1034240K), 0.0047387 secs]
131.097: Total time for which application threads were stopped: 0.0049072 seconds, Stopping threads took: 0.0000198 seconds
131.165: [GC (Allocation Failure)  855339K->542285K(1034240K), 0.0047273 secs]
131.169: Total time for which application threads were stopped: 0.0049080 seconds, Stopping threads took: 0.0000192 seconds
131.237: [GC (Allocation Failure)  862797K->542221K(1034240K), 0.0054662 secs]
131.243: Total time for which application threads were stopped: 0.0056395 seconds, Stopping threads took: 0.0000201 seconds
131.310: [GC (Allocation Failure)  862733K->545101K(1034240K), 0.0050750 secs]
131.316: Total time for which application threads were stopped: 0.0052419 seconds, Stopping threads took: 0.0000251 seconds
131.383: [GC (Allocation Failure)  865613K->550383K(1034240K), 0.0045617 secs]
131.388: Total time for which application threads were stopped: 0.0047754 seconds, Stopping threads took: 0.0000200 seconds
131.457: [GC (Allocation Failure)  870895K->550287K(1034240K), 0.0044855 secs]
131.462: Total time for which application threads were stopped: 0.0046419 seconds, Stopping threads took: 0.0000163 seconds
131.529: [GC (Allocation Failure)  870799K->551303K(1034240K), 0.0048106 secs]
131.534: Total time for which application threads were stopped: 0.0049806 seconds, Stopping threads took: 0.0000191 seconds
131.603: [GC (Allocation Failure)  871815K->558314K(1034240K), 0.0054704 secs]
131.608: Total time for which application threads were stopped: 0.0056550 seconds, Stopping threads took: 0.0000253 seconds
131.677: [GC (Allocation Failure)  878826K->558314K(1034240K), 0.0047022 secs]
131.682: Total time for which application threads were stopped: 0.0048939 seconds, Stopping threads took: 0.0000183 seconds
131.750: [GC (Allocation Failure)  878826K->561578K(1034240K), 0.0053127 secs]
131.755: Total time for which application threads were stopped: 0.0055074 seconds, Stopping threads took: 0.0000195 seconds
131.825: [GC (Allocation Failure)  882090K->566316K(1034752K), 0.0046062 secs]
131.830: Total time for which application threads were stopped: 0.0047763 seconds, Stopping threads took: 0.0000194 seconds
131.898: [GC (Allocation Failure)  887852K->566316K(1034752K), 0.0045356 secs]
131.903: Total time for which application threads were stopped: 0.0047239 seconds, Stopping threads took: 0.0000283 seconds
131.968: [GC (Allocation Failure)  887852K->569804K(1034752K), 0.0055074 secs]
131.974: Total time for which application threads were stopped: 0.0057122 seconds, Stopping threads took: 0.0000194 seconds
132.045: [GC (Allocation Failure)  891340K->574350K(1034752K), 0.0048248 secs]
132.050: Total time for which application threads were stopped: 0.0049955 seconds, Stopping threads took: 0.0000200 seconds
132.118: [GC (Allocation Failure)  895886K->574382K(1034752K), 0.0046994 secs]
132.122: Total time for which application threads were stopped: 0.0048806 seconds, Stopping threads took: 0.0000201 seconds
132.189: [GC (Allocation Failure)  895918K->574958K(1034752K), 0.0050025 secs]
132.194: Total time for which application threads were stopped: 0.0051746 seconds, Stopping threads took: 0.0000199 seconds
132.262: [GC (Allocation Failure)  896494K->582416K(1034752K), 0.0047649 secs]
132.267: Total time for which application threads were stopped: 0.0049587 seconds, Stopping threads took: 0.0000197 seconds
132.334: [GC (Allocation Failure)  903952K->582384K(1034752K), 0.0046814 secs]
132.339: Total time for which application threads were stopped: 0.0048671 seconds, Stopping threads took: 0.0000194 seconds
132.406: [GC (Allocation Failure)  903920K->584232K(1034752K), 0.0048676 secs]
132.411: Total time for which application threads were stopped: 0.0050202 seconds, Stopping threads took: 0.0000162 seconds
132.479: [GC (Allocation Failure)  905768K->590507K(1034752K), 0.0048342 secs]
132.484: Total time for which application threads were stopped: 0.0050034 seconds, Stopping threads took: 0.0000193 seconds
132.550: [GC (Allocation Failure)  912043K->590411K(1034752K), 0.0046778 secs]
132.555: Total time for which application threads were stopped: 0.0048699 seconds, Stopping threads took: 0.0000184 seconds
132.622: [GC (Allocation Failure)  911947K->593483K(1034752K), 0.0054235 secs]
132.628: Total time for which application threads were stopped: 0.0056045 seconds, Stopping threads took: 0.0000189 seconds
132.694: [GC (Allocation Failure)  915019K->598477K(1034752K), 0.0049157 secs]
132.699: Total time for which application threads were stopped: 0.0050802 seconds, Stopping threads took: 0.0000198 seconds
132.765: [GC (Allocation Failure)  920013K->598445K(1034752K), 0.0048237 secs]
132.770: Total time for which application threads were stopped: 0.0049926 seconds, Stopping threads took: 0.0000195 seconds
132.836: [GC (Allocation Failure)  919981K->598661K(1033728K), 0.0047318 secs]
132.841: Total time for which application threads were stopped: 0.0049078 seconds, Stopping threads took: 0.0000258 seconds
132.909: [GC (Allocation Failure)  919173K->606503K(1034240K), 0.0049196 secs]
132.914: Total time for which application threads were stopped: 0.0050908 seconds, Stopping threads took: 0.0000198 seconds
132.982: [GC (Allocation Failure)  927015K->606503K(1034240K), 0.0055207 secs]
132.987: Total time for which application threads were stopped: 0.0056951 seconds, Stopping threads took: 0.0000193 seconds
133.056: [GC (Allocation Failure)  927015K->608903K(1034240K), 0.0051791 secs]
133.061: Total time for which application threads were stopped: 0.0053765 seconds, Stopping threads took: 0.0000278 seconds
133.130: [GC (Allocation Failure)  929415K->614537K(1033728K), 0.0047898 secs]
133.135: Total time for which application threads were stopped: 0.0049536 seconds, Stopping threads took: 0.0000192 seconds
133.203: [GC (Allocation Failure)  935049K->614505K(1034240K), 0.0048702 secs]
133.208: Total time for which application threads were stopped: 0.0050414 seconds, Stopping threads took: 0.0000190 seconds
133.276: [GC (Allocation Failure)  935017K->615113K(1033728K), 0.0049493 secs]
133.281: Total time for which application threads were stopped: 0.0051632 seconds, Stopping threads took: 0.0000192 seconds
133.349: [GC (Allocation Failure)  935625K->622540K(1034240K), 0.0046266 secs]
133.354: Total time for which application threads were stopped: 0.0047877 seconds, Stopping threads took: 0.0000261 seconds
133.422: [GC (Allocation Failure)  943052K->622572K(1034240K), 0.0047588 secs]
133.426: Total time for which application threads were stopped: 0.0049236 seconds, Stopping threads took: 0.0000198 seconds
133.493: [GC (Allocation Failure)  943084K->625388K(1034240K), 0.0055865 secs]
133.499: Total time for which application threads were stopped: 0.0057572 seconds, Stopping threads took: 0.0000193 seconds
133.566: [GC (Allocation Failure)  945900K->630670K(1033728K), 0.0059911 secs]
133.572: Total time for which application threads were stopped: 0.0061861 seconds, Stopping threads took: 0.0000194 seconds
133.642: [GC (Allocation Failure)  951182K->630574K(1034240K), 0.0049886 secs]
133.647: Total time for which application threads were stopped: 0.0051377 seconds, Stopping threads took: 0.0000168 seconds
133.715: [GC (Allocation Failure)  951086K->631598K(1034240K), 0.0049197 secs]
133.720: Total time for which application threads were stopped: 0.0050921 seconds, Stopping threads took: 0.0000190 seconds
133.788: [GC (Allocation Failure)  952110K->638640K(1034240K), 0.0048459 secs]
133.793: Total time for which application threads were stopped: 0.0050096 seconds, Stopping threads took: 0.0000248 seconds
133.861: [GC (Allocation Failure)  959152K->638608K(1034240K), 0.0048725 secs]
133.866: Total time for which application threads were stopped: 0.0050320 seconds, Stopping threads took: 0.0000188 seconds
133.934: [GC (Allocation Failure)  959120K->641896K(1034240K), 0.0055336 secs]
133.939: Total time for which application threads were stopped: 0.0057004 seconds, Stopping threads took: 0.0000201 seconds
134.007: [GC (Allocation Failure)  962408K->646634K(1034752K), 0.0047278 secs]
134.012: Total time for which application threads were stopped: 0.0049299 seconds, Stopping threads took: 0.0000276 seconds
134.082: [GC (Allocation Failure)  968170K->646602K(1034752K), 0.0051631 secs]
134.087: Total time for which application threads were stopped: 0.0053703 seconds, Stopping threads took: 0.0000276 seconds
134.154: [GC (Allocation Failure)  968138K->650090K(1034752K), 0.0054996 secs]
134.160: Total time for which application threads were stopped: 0.0056473 seconds, Stopping threads took: 0.0000161 seconds
134.229: [GC (Allocation Failure)  971626K->654733K(1034752K), 0.0050511 secs]
134.234: Total time for which application threads were stopped: 0.0052183 seconds, Stopping threads took: 0.0000196 seconds
134.301: [GC (Allocation Failure)  976269K->654701K(1034752K), 0.0047842 secs]
134.306: Total time for which application threads were stopped: 0.0049506 seconds, Stopping threads took: 0.0000193 seconds
134.371: [GC (Allocation Failure)  976237K->655277K(1034752K), 0.0049590 secs]
134.376: Total time for which application threads were stopped: 0.0051494 seconds, Stopping threads took: 0.0000275 seconds
134.442: [GC (Allocation Failure)  976813K->662831K(1034752K), 0.0063169 secs]
134.449: Total time for which application threads were stopped: 0.0065093 seconds, Stopping threads took: 0.0000198 seconds
134.516: [GC (Allocation Failure)  984367K->662703K(1034752K), 0.0049637 secs]
134.521: Total time for which application threads were stopped: 0.0051332 seconds, Stopping threads took: 0.0000215 seconds
134.589: [GC (Allocation Failure)  984239K->664519K(1034752K), 0.0064336 secs]
134.595: Total time for which application threads were stopped: 0.0065951 seconds, Stopping threads took: 0.0000240 seconds
134.661: [GC (Allocation Failure)  986055K->670793K(1034752K), 0.0050426 secs]
134.666: Total time for which application threads were stopped: 0.0052172 seconds, Stopping threads took: 0.0000197 seconds
134.734: [GC (Allocation Failure)  992329K->670761K(1034752K), 0.0049323 secs]
134.739: Total time for which application threads were stopped: 0.0051108 seconds, Stopping threads took: 0.0000197 seconds
134.806: [GC (Allocation Failure)  992297K->673769K(1034752K), 0.0053897 secs]
134.812: Total time for which application threads were stopped: 0.0055598 seconds, Stopping threads took: 0.0000273 seconds
134.880: [GC (Allocation Failure)  995305K->678763K(1034752K), 0.0049837 secs]
134.885: Total time for which application threads were stopped: 0.0051661 seconds, Stopping threads took: 0.0000256 seconds
134.952: [GC (Allocation Failure)  1000299K->678795K(1034752K), 0.0049936 secs]
134.957: Total time for which application threads were stopped: 0.0051671 seconds, Stopping threads took: 0.0000205 seconds
135.024: [GC (Allocation Failure)  1000331K->678923K(1033728K), 0.0050021 secs]
135.029: Total time for which application threads were stopped: 0.0051721 seconds, Stopping threads took: 0.0000198 seconds
135.096: [GC (Allocation Failure)  999435K->686830K(1034240K), 0.0048841 secs]
135.101: Total time for which application threads were stopped: 0.0050683 seconds, Stopping threads took: 0.0000372 seconds
135.170: [GC (Allocation Failure)  1007342K->686766K(1034240K), 0.0049520 secs]
135.175: Total time for which application threads were stopped: 0.0051255 seconds, Stopping threads took: 0.0000268 seconds
135.242: [GC (Allocation Failure)  1007278K->689198K(1034240K), 0.0052779 secs]
135.247: [Full GC (Ergonomics)  689198K->10880K(1034240K), 0.0159039 secs]
135.263: Total time for which application threads were stopped: 0.0214691 seconds, Stopping threads took: 0.0000184 seconds
135.332: [GC (Allocation Failure)  331392K->20675K(1032704K), 0.0039342 secs]
135.336: Total time for which application threads were stopped: 0.0040973 seconds, Stopping threads took: 0.0000263 seconds
135.403: [GC (Allocation Failure)  340163K->20699K(1033728K), 0.0038260 secs]
135.406: Total time for which application threads were stopped: 0.0040051 seconds, Stopping threads took: 0.0000198 seconds
135.474: [GC (Allocation Failure)  340187K->23323K(1034240K), 0.0040237 secs]
135.478: Total time for which application threads were stopped: 0.0041957 seconds, Stopping threads took: 0.0000201 seconds
135.546: [GC (Allocation Failure)  343835K->28829K(1034240K), 0.0039579 secs]
135.551: Total time for which application threads were stopped: 0.0041289 seconds, Stopping threads took: 0.0000194 seconds
135.619: [GC (Allocation Failure)  349341K->28765K(1034240K), 0.0034803 secs]
135.623: Total time for which application threads were stopped: 0.0036411 seconds, Stopping threads took: 0.0000169 seconds
135.690: [GC (Allocation Failure)  349277K->29533K(1034240K), 0.0038901 secs]
135.694: Total time for which application threads were stopped: 0.0040606 seconds, Stopping threads took: 0.0000195 seconds
135.764: [GC (Allocation Failure)  350045K->36799K(1034240K), 0.0035846 secs]
135.767: Total time for which application threads were stopped: 0.0037672 seconds, Stopping threads took: 0.0000166 seconds
135.837: [GC (Allocation Failure)  357311K->36799K(1034240K), 0.0037149 secs]
135.841: Total time for which application threads were stopped: 0.0039075 seconds, Stopping threads took: 0.0000196 seconds
135.910: [GC (Allocation Failure)  357311K->39783K(1034240K), 0.0043139 secs]
135.914: Total time for which application threads were stopped: 0.0044840 seconds, Stopping threads took: 0.0000194 seconds
135.982: [GC (Allocation Failure)  360295K->44841K(1034240K), 0.0037299 secs]
135.986: Total time for which application threads were stopped: 0.0039232 seconds, Stopping threads took: 0.0000202 seconds
136.054: [GC (Allocation Failure)  365353K->44777K(1034240K), 0.0037897 secs]
136.058: Total time for which application threads were stopped: 0.0039543 seconds, Stopping threads took: 0.0000191 seconds
136.125: [GC (Allocation Failure)  365289K->46025K(1034240K), 0.0039750 secs]
136.129: Total time for which application threads were stopped: 0.0041725 seconds, Stopping threads took: 0.0000198 seconds
136.199: [GC (Allocation Failure)  366537K->52908K(1034240K), 0.0035813 secs]
136.203: Total time for which application threads were stopped: 0.0037640 seconds, Stopping threads took: 0.0000174 seconds
136.271: [GC (Allocation Failure)  373420K->52876K(1034240K), 0.0038397 secs]
136.275: Total time for which application threads were stopped: 0.0040085 seconds, Stopping threads took: 0.0000190 seconds
136.342: [GC (Allocation Failure)  373388K->56260K(1034752K), 0.0043719 secs]
136.347: Total time for which application threads were stopped: 0.0045638 seconds, Stopping threads took: 0.0000271 seconds
136.415: [GC (Allocation Failure)  377284K->60902K(1034240K), 0.0038693 secs]
136.419: Total time for which application threads were stopped: 0.0040278 seconds, Stopping threads took: 0.0000177 seconds
136.486: [GC (Allocation Failure)  381926K->60902K(1034752K), 0.0037812 secs]
136.490: Total time for which application threads were stopped: 0.0039501 seconds, Stopping threads took: 0.0000192 seconds
136.557: [GC (Allocation Failure)  382438K->64518K(1034752K), 0.0046450 secs]
136.561: Total time for which application threads were stopped: 0.0048331 seconds, Stopping threads took: 0.0000246 seconds
136.631: [GC (Allocation Failure)  386054K->69000K(1034752K), 0.0036170 secs]
136.634: Total time for which application threads were stopped: 0.0037775 seconds, Stopping threads took: 0.0000196 seconds
136.701: [GC (Allocation Failure)  390536K->68904K(1034752K), 0.0038935 secs]
136.705: Total time for which application threads were stopped: 0.0040860 seconds, Stopping threads took: 0.0000201 seconds
136.772: [GC (Allocation Failure)  390440K->69640K(1034752K), 0.0037434 secs]
136.776: Total time for which application threads were stopped: 0.0039059 seconds, Stopping threads took: 0.0000189 seconds
136.845: [GC (Allocation Failure)  391176K->76938K(1034752K), 0.0037955 secs]
136.849: Total time for which application threads were stopped: 0.0039648 seconds, Stopping threads took: 0.0000265 seconds
136.916: [GC (Allocation Failure)  398474K->76938K(1034752K), 0.0037151 secs]
136.920: Total time for which application threads were stopped: 0.0038779 seconds, Stopping threads took: 0.0000199 seconds
136.985: [GC (Allocation Failure)  398474K->78922K(1034752K), 0.0040291 secs]
136.989: Total time for which application threads were stopped: 0.0041953 seconds, Stopping threads took: 0.0000190 seconds
137.056: [GC (Allocation Failure)  400458K->84973K(1034752K), 0.0039964 secs]
137.060: Total time for which application threads were stopped: 0.0041693 seconds, Stopping threads took: 0.0000202 seconds
137.127: [GC (Allocation Failure)  406509K->85005K(1034752K), 0.0039126 secs]
137.131: Total time for which application threads were stopped: 0.0041189 seconds, Stopping threads took: 0.0000200 seconds
137.197: [GC (Allocation Failure)  406541K->88173K(1034752K), 0.0043635 secs]
137.201: Total time for which application threads were stopped: 0.0045198 seconds, Stopping threads took: 0.0000188 seconds
137.267: [GC (Allocation Failure)  409709K->93071K(1034752K), 0.0038324 secs]
137.271: Total time for which application threads were stopped: 0.0040017 seconds, Stopping threads took: 0.0000191 seconds
137.337: [GC (Allocation Failure)  414607K->93039K(1034752K), 0.0038091 secs]
137.341: Total time for which application threads were stopped: 0.0039845 seconds, Stopping threads took: 0.0000258 seconds
137.406: [GC (Allocation Failure)  414575K->93351K(1034752K), 0.0039966 secs]
137.410: Total time for which application threads were stopped: 0.0041583 seconds, Stopping threads took: 0.0000200 seconds
137.478: [GC (Allocation Failure)  414887K->101161K(1033728K), 0.0047196 secs]
137.483: Total time for which application threads were stopped: 0.0048932 seconds, Stopping threads took: 0.0000204 seconds
137.552: [GC (Allocation Failure)  421673K->101001K(1034240K), 0.0038254 secs]
137.556: Total time for which application threads were stopped: 0.0040033 seconds, Stopping threads took: 0.0000219 seconds
137.624: [GC (Allocation Failure)  421513K->104681K(1034752K), 0.0046702 secs]
137.629: Total time for which application threads were stopped: 0.0048628 seconds, Stopping threads took: 0.0000191 seconds
137.696: [GC (Allocation Failure)  426217K->109131K(1034752K), 0.0038958 secs]
137.700: Total time for which application threads were stopped: 0.0040665 seconds, Stopping threads took: 0.0000195 seconds
137.767: [GC (Allocation Failure)  430667K->109099K(1034752K), 0.0037848 secs]
137.771: Total time for which application threads were stopped: 0.0039596 seconds, Stopping threads took: 0.0000199 seconds
137.839: [GC (Allocation Failure)  430635K->109771K(1034752K), 0.0039250 secs]
137.843: Total time for which application threads were stopped: 0.0041053 seconds, Stopping threads took: 0.0000251 seconds
137.911: [GC (Allocation Failure)  431307K->117102K(1034752K), 0.0039364 secs]
137.915: Total time for which application threads were stopped: 0.0041212 seconds, Stopping threads took: 0.0000201 seconds
137.983: [GC (Allocation Failure)  438638K->117134K(1034752K), 0.0036958 secs]
137.987: Total time for which application threads were stopped: 0.0038801 seconds, Stopping threads took: 0.0000211 seconds
138.052: [GC (Allocation Failure)  438670K->119022K(1034752K), 0.0041573 secs]
138.056: Total time for which application threads were stopped: 0.0043303 seconds, Stopping threads took: 0.0000199 seconds
138.123: [GC (Allocation Failure)  440558K->125200K(1034752K), 0.0041018 secs]
138.127: Total time for which application threads were stopped: 0.0042758 seconds, Stopping threads took: 0.0000203 seconds
138.195: [GC (Allocation Failure)  446736K->125136K(1034752K), 0.0038129 secs]
138.199: Total time for which application threads were stopped: 0.0039863 seconds, Stopping threads took: 0.0000207 seconds
138.265: [GC (Allocation Failure)  446672K->128296K(1034752K), 0.0045286 secs]
138.270: Total time for which application threads were stopped: 0.0046995 seconds, Stopping threads took: 0.0000195 seconds
138.340: [GC (Allocation Failure)  449832K->133290K(1034752K), 0.0037308 secs]
138.344: Total time for which application threads were stopped: 0.0038993 seconds, Stopping threads took: 0.0000268 seconds
138.411: [GC (Allocation Failure)  454826K->133162K(1034752K), 0.0043647 secs]
138.415: Total time for which application threads were stopped: 0.0045331 seconds, Stopping threads took: 0.0000256 seconds
138.482: [GC (Allocation Failure)  454698K->133418K(1033728K), 0.0038584 secs]
138.486: Total time for which application threads were stopped: 0.0040341 seconds, Stopping threads took: 0.0000274 seconds
138.553: [GC (Allocation Failure)  453930K->141261K(1034240K), 0.0039033 secs]
138.557: Total time for which application threads were stopped: 0.0040705 seconds, Stopping threads took: 0.0000192 seconds
138.627: [GC (Allocation Failure)  461773K->141197K(1034240K), 0.0039671 secs]
138.631: Total time for which application threads were stopped: 0.0041350 seconds, Stopping threads took: 0.0000184 seconds
138.698: [GC (Allocation Failure)  461709K->143725K(1034240K), 0.0042186 secs]
138.703: Total time for which application threads were stopped: 0.0043859 seconds, Stopping threads took: 0.0000185 seconds
138.771: [GC (Allocation Failure)  464237K->149263K(1034752K), 0.0037212 secs]
138.774: Total time for which application threads were stopped: 0.0038868 seconds, Stopping threads took: 0.0000189 seconds
138.843: [GC (Allocation Failure)  470799K->149263K(1034752K), 0.0040492 secs]
138.847: Total time for which application threads were stopped: 0.0042173 seconds, Stopping threads took: 0.0000262 seconds
138.912: [GC (Allocation Failure)  470799K->151975K(1034752K), 0.0045028 secs]
138.917: Total time for which application threads were stopped: 0.0046669 seconds, Stopping threads took: 0.0000195 seconds
138.985: [GC (Allocation Failure)  473511K->157289K(1034752K), 0.0040153 secs]
138.989: Total time for which application threads were stopped: 0.0041900 seconds, Stopping threads took: 0.0000203 seconds
139.056: [GC (Allocation Failure)  478825K->157257K(1034752K), 0.0040633 secs]
139.061: Total time for which application threads were stopped: 0.0042341 seconds, Stopping threads took: 0.0000197 seconds
139.126: [GC (Allocation Failure)  478793K->161193K(1034752K), 0.0048056 secs]
139.131: Total time for which application threads were stopped: 0.0050019 seconds, Stopping threads took: 0.0000196 seconds
139.201: [GC (Allocation Failure)  482729K->165323K(1034240K), 0.0065966 secs]
139.207: Total time for which application threads were stopped: 0.0067602 seconds, Stopping threads took: 0.0000171 seconds
139.274: [GC (Allocation Failure)  486859K->165291K(1034752K), 0.0041305 secs]
139.279: Total time for which application threads were stopped: 0.0042915 seconds, Stopping threads took: 0.0000194 seconds
139.344: [GC (Allocation Failure)  486827K->166379K(1034240K), 0.0039907 secs]
139.348: Total time for which application threads were stopped: 0.0041612 seconds, Stopping threads took: 0.0000281 seconds
139.414: [GC (Allocation Failure)  487915K->173454K(1034752K), 0.0040771 secs]
139.418: Total time for which application threads were stopped: 0.0042336 seconds, Stopping threads took: 0.0000195 seconds
139.484: [GC (Allocation Failure)  494990K->173326K(1034752K), 0.0038617 secs]
139.488: Total time for which application threads were stopped: 0.0040654 seconds, Stopping threads took: 0.0000194 seconds
139.555: [GC (Allocation Failure)  494862K->175622K(1034752K), 0.0042989 secs]
139.559: Total time for which application threads were stopped: 0.0044676 seconds, Stopping threads took: 0.0000190 seconds
139.626: [GC (Allocation Failure)  497158K->181416K(1034752K), 0.0038791 secs]
139.630: Total time for which application threads were stopped: 0.0040467 seconds, Stopping threads took: 0.0000194 seconds
139.697: [GC (Allocation Failure)  502952K->181352K(1034752K), 0.0038904 secs]
139.701: Total time for which application threads were stopped: 0.0040539 seconds, Stopping threads took: 0.0000194 seconds
139.766: [GC (Allocation Failure)  502888K->184904K(1035264K), 0.0048150 secs]
139.770: Total time for which application threads were stopped: 0.0049869 seconds, Stopping threads took: 0.0000195 seconds
139.838: [GC (Allocation Failure)  506952K->189386K(1034752K), 0.0039621 secs]
139.842: Total time for which application threads were stopped: 0.0041176 seconds, Stopping threads took: 0.0000165 seconds
139.913: [GC (Allocation Failure)  511434K->189386K(1035264K), 0.0039102 secs]
139.917: Total time for which application threads were stopped: 0.0040654 seconds, Stopping threads took: 0.0000189 seconds
139.984: [GC (Allocation Failure)  511946K->192106K(1035264K), 0.0044969 secs]
139.989: Total time for which application threads were stopped: 0.0046731 seconds, Stopping threads took: 0.0000359 seconds
140.056: [GC (Allocation Failure)  514666K->197452K(1035264K), 0.0040934 secs]
140.060: Total time for which application threads were stopped: 0.0042943 seconds, Stopping threads took: 0.0000196 seconds
140.130: [GC (Allocation Failure)  520012K->197420K(1035264K), 0.0039908 secs]
140.134: Total time for which application threads were stopped: 0.0041376 seconds, Stopping threads took: 0.0000154 seconds
140.201: [GC (Allocation Failure)  519980K->200332K(1035264K), 0.0045754 secs]
140.205: Total time for which application threads were stopped: 0.0047458 seconds, Stopping threads took: 0.0000195 seconds
140.273: [GC (Allocation Failure)  522892K->205519K(1035264K), 0.0041615 secs]
140.277: Total time for which application threads were stopped: 0.0043325 seconds, Stopping threads took: 0.0000202 seconds
140.346: [GC (Allocation Failure)  528079K->205455K(1035264K), 0.0042077 secs]
140.350: Total time for which application threads were stopped: 0.0043852 seconds, Stopping threads took: 0.0000257 seconds
140.416: [GC (Allocation Failure)  528015K->208583K(1035264K), 0.0047495 secs]
140.421: Total time for which application threads were stopped: 0.0049331 seconds, Stopping threads took: 0.0000209 seconds
140.491: [GC (Allocation Failure)  531143K->213609K(1035264K), 0.0040943 secs]
140.495: Total time for which application threads were stopped: 0.0042663 seconds, Stopping threads took: 0.0000197 seconds
140.563: [GC (Allocation Failure)  536169K->213513K(1035264K), 0.0040653 secs]
140.567: Total time for which application threads were stopped: 0.0042456 seconds, Stopping threads took: 0.0000199 seconds
140.637: [GC (Allocation Failure)  536073K->216809K(1035264K), 0.0047550 secs]
140.642: Total time for which application threads were stopped: 0.0049159 seconds, Stopping threads took: 0.0000195 seconds
140.709: [GC (Allocation Failure)  539369K->221547K(1035264K), 0.0044668 secs]
140.714: Total time for which application threads were stopped: 0.0046413 seconds, Stopping threads took: 0.0000206 seconds
140.782: [GC (Allocation Failure)  544107K->221515K(1035264K), 0.0039359 secs]
140.786: Total time for which application threads were stopped: 0.0041159 seconds, Stopping threads took: 0.0000202 seconds
140.854: [GC (Allocation Failure)  544075K->216969K(1035264K), 0.0023592 secs]
140.857: Total time for which application threads were stopped: 0.0025213 seconds, Stopping threads took: 0.0000256 seconds
140.925: [GC (Allocation Failure)  539529K->221739K(1035264K), 0.0040438 secs]
140.929: Total time for which application threads were stopped: 0.0042089 seconds, Stopping threads took: 0.0000198 seconds
140.997: [GC (Allocation Failure)  544299K->221515K(1035264K), 0.0039848 secs]
141.002: Total time for which application threads were stopped: 0.0041674 seconds, Stopping threads took: 0.0000197 seconds
141.068: [GC (Allocation Failure)  544075K->221321K(1035776K), 0.0038960 secs]
141.072: Total time for which application threads were stopped: 0.0040631 seconds, Stopping threads took: 0.0000194 seconds
141.141: [GC (Allocation Failure)  544393K->221707K(1035264K), 0.0041105 secs]
141.145: Total time for which application threads were stopped: 0.0042697 seconds, Stopping threads took: 0.0000186 seconds
141.212: [GC (Allocation Failure)  544779K->221483K(1035776K), 0.0137359 secs]
141.226: Total time for which application threads were stopped: 0.0139096 seconds, Stopping threads took: 0.0000205 seconds
141.295: [GC (Allocation Failure)  545067K->227601K(1035776K), 0.0069153 secs]
141.302: Total time for which application threads were stopped: 0.0070804 seconds, Stopping threads took: 0.0000261 seconds
141.371: [GC (Allocation Failure)  551185K->222995K(1032704K), 0.0042687 secs]
141.375: Total time for which application threads were stopped: 0.0044463 seconds, Stopping threads took: 0.0000191 seconds
141.445: [GC (Allocation Failure)  543507K->222899K(1034240K), 0.0042043 secs]
141.449: Total time for which application threads were stopped: 0.0043720 seconds, Stopping threads took: 0.0000207 seconds
141.517: [GC (Allocation Failure)  543411K->230185K(1030656K), 0.0072124 secs]
141.525: Total time for which application threads were stopped: 0.0073783 seconds, Stopping threads took: 0.0000191 seconds
141.592: [GC (Allocation Failure)  547625K->224491K(1032704K), 0.0052764 secs]
141.597: Total time for which application threads were stopped: 0.0054957 seconds, Stopping threads took: 0.0000403 seconds
141.665: [GC (Allocation Failure)  541931K->224427K(1033728K), 0.0040874 secs]
141.669: Total time for which application threads were stopped: 0.0042576 seconds, Stopping threads took: 0.0000203 seconds
141.738: [GC (Allocation Failure)  543403K->222249K(1033216K), 0.0033538 secs]
141.741: Total time for which application threads were stopped: 0.0035249 seconds, Stopping threads took: 0.0000198 seconds
141.810: [GC (Allocation Failure)  541225K->224459K(1034752K), 0.0039777 secs]
141.814: Total time for which application threads were stopped: 0.0041651 seconds, Stopping threads took: 0.0000255 seconds
141.883: [GC (Allocation Failure)  544971K->224427K(1033728K), 0.0040004 secs]
141.887: Total time for which application threads were stopped: 0.0041721 seconds, Stopping threads took: 0.0000197 seconds
141.954: [GC (Allocation Failure)  544939K->218857K(1034240K), 0.0020104 secs]
141.956: Total time for which application threads were stopped: 0.0021520 seconds, Stopping threads took: 0.0000191 seconds
142.024: [GC (Allocation Failure)  540393K->224683K(1034752K), 0.0039702 secs]
142.029: Total time for which application threads were stopped: 0.0041618 seconds, Stopping threads took: 0.0000214 seconds
142.098: [GC (Allocation Failure)  546219K->224427K(1035264K), 0.0042822 secs]
142.102: Total time for which application threads were stopped: 0.0044601 seconds, Stopping threads took: 0.0000293 seconds
142.170: [GC (Allocation Failure)  546475K->220617K(1034752K), 0.0026114 secs]
142.172: Total time for which application threads were stopped: 0.0028046 seconds, Stopping threads took: 0.0000275 seconds
142.240: [GC (Allocation Failure)  542665K->224587K(1035776K), 0.0041676 secs]
142.245: Total time for which application threads were stopped: 0.0043545 seconds, Stopping threads took: 0.0000216 seconds
142.311: [GC (Allocation Failure)  547659K->224459K(1035264K), 0.0039658 secs]
142.315: Total time for which application threads were stopped: 0.0041582 seconds, Stopping threads took: 0.0000275 seconds
142.383: [GC (Allocation Failure)  547531K->225417K(1035776K), 0.0045034 secs]
142.387: Total time for which application threads were stopped: 0.0046653 seconds, Stopping threads took: 0.0000190 seconds
142.456: [GC (Allocation Failure)  549001K->224523K(1035776K), 0.0042047 secs]
142.460: Total time for which application threads were stopped: 0.0043779 seconds, Stopping threads took: 0.0000203 seconds
142.530: [GC (Allocation Failure)  548107K->224459K(1036288K), 0.0042432 secs]
142.534: Total time for which application threads were stopped: 0.0044150 seconds, Stopping threads took: 0.0000200 seconds
142.603: [GC (Allocation Failure)  549067K->217449K(1025536K), 0.0054919 secs]
142.609: Total time for which application threads were stopped: 0.0056469 seconds, Stopping threads took: 0.0000250 seconds
142.677: [GC (Allocation Failure)  542057K->224531K(1036288K), 0.0041246 secs]
142.681: Total time for which application threads were stopped: 0.0042853 seconds, Stopping threads took: 0.0000193 seconds
142.749: [GC (Allocation Failure)  548627K->228579K(1035776K), 0.0049214 secs]
142.754: Total time for which application threads were stopped: 0.0050929 seconds, Stopping threads took: 0.0000199 seconds
142.825: [GC (Allocation Failure)  552675K->228611K(1036288K), 0.0038168 secs]
142.829: Total time for which application threads were stopped: 0.0039823 seconds, Stopping threads took: 0.0000260 seconds
142.896: [GC (Allocation Failure)  553219K->228603K(1024512K), 0.0047822 secs]
142.901: Total time for which application threads were stopped: 0.0049499 seconds, Stopping threads took: 0.0000198 seconds
142.971: [GC (Allocation Failure)  553211K->236605K(1035776K), 0.0042286 secs]
142.976: Total time for which application threads were stopped: 0.0044112 seconds, Stopping threads took: 0.0000198 seconds
143.044: [GC (Allocation Failure)  560189K->236605K(1035776K), 0.0040805 secs]
143.048: Total time for which application threads were stopped: 0.0042678 seconds, Stopping threads took: 0.0000196 seconds
143.116: [GC (Allocation Failure)  560189K->236669K(1034752K), 0.0042716 secs]
143.120: Total time for which application threads were stopped: 0.0044447 seconds, Stopping threads took: 0.0000197 seconds
143.188: [GC (Allocation Failure)  559229K->244640K(1035264K), 0.0043181 secs]
143.192: Total time for which application threads were stopped: 0.0045114 seconds, Stopping threads took: 0.0000210 seconds
143.262: [GC (Allocation Failure)  567200K->244640K(1035264K), 0.0040112 secs]
143.266: Total time for which application threads were stopped: 0.0041971 seconds, Stopping threads took: 0.0000212 seconds
143.334: [GC (Allocation Failure)  567200K->244872K(1022464K), 0.0040589 secs]
143.338: Total time for which application threads were stopped: 0.0042286 seconds, Stopping threads took: 0.0000252 seconds
143.407: [GC (Allocation Failure)  567432K->252714K(1034752K), 0.0042931 secs]
143.412: Total time for which application threads were stopped: 0.0044645 seconds, Stopping threads took: 0.0000191 seconds
143.480: [GC (Allocation Failure)  574250K->252682K(1034752K), 0.0063677 secs]
143.486: Total time for which application threads were stopped: 0.0065565 seconds, Stopping threads took: 0.0000203 seconds
143.554: [GC (Allocation Failure)  574218K->253098K(1034752K), 0.0041729 secs]
143.558: Total time for which application threads were stopped: 0.0043552 seconds, Stopping threads took: 0.0000218 seconds
143.625: [GC (Allocation Failure)  574634K->260716K(1034752K), 0.0041988 secs]
143.629: Total time for which application threads were stopped: 0.0043629 seconds, Stopping threads took: 0.0000191 seconds
143.694: [GC (Allocation Failure)  582252K->260716K(1034752K), 0.0043052 secs]
143.699: Total time for which application threads were stopped: 0.0044721 seconds, Stopping threads took: 0.0000189 seconds
143.764: [GC (Allocation Failure)  582252K->260780K(1021440K), 0.0040503 secs]
143.768: Total time for which application threads were stopped: 0.0042083 seconds, Stopping threads took: 0.0000189 seconds
143.836: [GC (Allocation Failure)  582316K->268751K(1034240K), 0.0041663 secs]
143.840: Total time for which application threads were stopped: 0.0043371 seconds, Stopping threads took: 0.0000262 seconds
143.907: [GC (Allocation Failure)  589263K->268751K(1034240K), 0.0041302 secs]
143.911: Total time for which application threads were stopped: 0.0043224 seconds, Stopping threads took: 0.0000189 seconds
143.980: [GC (Allocation Failure)  589263K->268807K(1033216K), 0.0042200 secs]
143.984: Total time for which application threads were stopped: 0.0044053 seconds, Stopping threads took: 0.0000184 seconds
144.051: [GC (Allocation Failure)  588295K->276777K(1033728K), 0.0043289 secs]
144.055: Total time for which application threads were stopped: 0.0044981 seconds, Stopping threads took: 0.0000190 seconds
144.124: [GC (Allocation Failure)  596265K->276777K(1033728K), 0.0042050 secs]
144.128: Total time for which application threads were stopped: 0.0043738 seconds, Stopping threads took: 0.0000196 seconds
144.195: [GC (Allocation Failure)  596265K->276841K(1033728K), 0.0041842 secs]
144.199: Total time for which application threads were stopped: 0.0043572 seconds, Stopping threads took: 0.0000204 seconds
144.266: [GC (Allocation Failure)  596329K->284843K(1033728K), 0.0040073 secs]
144.270: Total time for which application threads were stopped: 0.0041725 seconds, Stopping threads took: 0.0000199 seconds
144.339: [GC (Allocation Failure)  604331K->284843K(1033728K), 0.0040666 secs]
144.343: Total time for which application threads were stopped: 0.0042292 seconds, Stopping threads took: 0.0000201 seconds
144.409: [GC (Allocation Failure)  604331K->284971K(1033728K), 0.0048868 secs]
144.414: Total time for which application threads were stopped: 0.0050613 seconds, Stopping threads took: 0.0000250 seconds
144.482: [GC (Allocation Failure)  604459K->292877K(1027072K), 0.0043330 secs]
144.487: Total time for which application threads were stopped: 0.0045005 seconds, Stopping threads took: 0.0000193 seconds
144.555: [GC (Allocation Failure)  612365K->292877K(1033216K), 0.0042108 secs]
144.559: Total time for which application threads were stopped: 0.0044049 seconds, Stopping threads took: 0.0000192 seconds
144.628: [GC (Allocation Failure)  611341K->293229K(1033216K), 0.0042836 secs]
144.633: Total time for which application threads were stopped: 0.0044778 seconds, Stopping threads took: 0.0000192 seconds
144.701: [GC (Allocation Failure)  611693K->300912K(1033216K), 0.0044106 secs]
144.705: Total time for which application threads were stopped: 0.0046030 seconds, Stopping threads took: 0.0000194 seconds
144.772: [GC (Allocation Failure)  619376K->300880K(1033216K), 0.0040783 secs]
144.776: Total time for which application threads were stopped: 0.0042662 seconds, Stopping threads took: 0.0000380 seconds
144.841: [GC (Allocation Failure)  619344K->300936K(1033216K), 0.0042265 secs]
144.845: Total time for which application threads were stopped: 0.0044235 seconds, Stopping threads took: 0.0000257 seconds
144.914: [GC (Allocation Failure)  619400K->308938K(1033216K), 0.0041630 secs]
144.918: Total time for which application threads were stopped: 0.0043092 seconds, Stopping threads took: 0.0000160 seconds
144.985: [GC (Allocation Failure)  627402K->301064K(1033216K), 0.0010493 secs]
144.986: Total time for which application threads were stopped: 0.0011675 seconds, Stopping threads took: 0.0000201 seconds
145.055: [GC (Allocation Failure)  619528K->309122K(1033216K), 0.0043803 secs]
145.059: Total time for which application threads were stopped: 0.0045630 seconds, Stopping threads took: 0.0000207 seconds
145.126: [GC (Allocation Failure)  627586K->313074K(1033216K), 0.0057783 secs]
145.132: Total time for which application threads were stopped: 0.0059483 seconds, Stopping threads took: 0.0000206 seconds
145.198: [GC (Allocation Failure)  631538K->313552K(1026560K), 0.0043749 secs]
145.203: Total time for which application threads were stopped: 0.0045454 seconds, Stopping threads took: 0.0000272 seconds
145.270: [GC (Allocation Failure)  632016K->313170K(1033216K), 0.0041203 secs]
145.274: Total time for which application threads were stopped: 0.0042997 seconds, Stopping threads took: 0.0000195 seconds
145.342: [GC (Allocation Failure)  631122K->313074K(1032704K), 0.0044575 secs]
145.347: Total time for which application threads were stopped: 0.0046282 seconds, Stopping threads took: 0.0000270 seconds
145.413: [GC (Allocation Failure)  631026K->316682K(1033728K), 0.0049096 secs]
145.418: Total time for which application threads were stopped: 0.0050723 seconds, Stopping threads took: 0.0000192 seconds
145.485: [GC (Allocation Failure)  635658K->321196K(1033216K), 0.0042250 secs]
145.490: Total time for which application threads were stopped: 0.0043881 seconds, Stopping threads took: 0.0000195 seconds
145.558: [GC (Allocation Failure)  640172K->321068K(1033728K), 0.0042465 secs]
145.563: Total time for which application threads were stopped: 0.0044537 seconds, Stopping threads took: 0.0000209 seconds
145.630: [GC (Allocation Failure)  640556K->322852K(1033728K), 0.0044935 secs]
145.635: Total time for which application threads were stopped: 0.0046687 seconds, Stopping threads took: 0.0000199 seconds
145.700: [GC (Allocation Failure)  642340K->329126K(1033728K), 0.0043446 secs]
145.704: Total time for which application threads were stopped: 0.0045118 seconds, Stopping threads took: 0.0000200 seconds
145.771: [GC (Allocation Failure)  648614K->329094K(1033728K), 0.0044286 secs]
145.775: Total time for which application threads were stopped: 0.0045970 seconds, Stopping threads took: 0.0000188 seconds
145.844: [GC (Allocation Failure)  648582K->330062K(1033216K), 0.0043266 secs]
145.848: Total time for which application threads were stopped: 0.0044962 seconds, Stopping threads took: 0.0000274 seconds
145.918: [GC (Allocation Failure)  649550K->337105K(1033728K), 0.0042720 secs]
145.922: Total time for which application threads were stopped: 0.0044708 seconds, Stopping threads took: 0.0000214 seconds
145.990: [GC (Allocation Failure)  656593K->337137K(1034240K), 0.0044208 secs]
145.994: Total time for which application threads were stopped: 0.0046232 seconds, Stopping threads took: 0.0000282 seconds
146.061: [GC (Allocation Failure)  657649K->338217K(1034240K), 0.0044614 secs]
146.066: Total time for which application threads were stopped: 0.0046511 seconds, Stopping threads took: 0.0000246 seconds
146.134: [GC (Allocation Failure)  658729K->345259K(1033216K), 0.0043055 secs]
146.138: Total time for which application threads were stopped: 0.0044887 seconds, Stopping threads took: 0.0000197 seconds
146.206: [GC (Allocation Failure)  664747K->345163K(1033728K), 0.0043546 secs]
146.211: Total time for which application threads were stopped: 0.0045372 seconds, Stopping threads took: 0.0000171 seconds
146.277: [GC (Allocation Failure)  664651K->346443K(1034240K), 0.0044930 secs]
146.282: Total time for which application threads were stopped: 0.0046772 seconds, Stopping threads took: 0.0000198 seconds
146.349: [GC (Allocation Failure)  666955K->353229K(1034240K), 0.0042775 secs]
146.353: Total time for which application threads were stopped: 0.0044564 seconds, Stopping threads took: 0.0000284 seconds
146.421: [GC (Allocation Failure)  673741K->353229K(1034240K), 0.0042798 secs]
146.426: Total time for which application threads were stopped: 0.0044603 seconds, Stopping threads took: 0.0000278 seconds
146.493: [GC (Allocation Failure)  673741K->356717K(1034240K), 0.0050561 secs]
146.498: Total time for which application threads were stopped: 0.0052243 seconds, Stopping threads took: 0.0000185 seconds
146.567: [GC (Allocation Failure)  677229K->361231K(1034240K), 0.0044182 secs]
146.572: Total time for which application threads were stopped: 0.0045905 seconds, Stopping threads took: 0.0000196 seconds
146.642: [GC (Allocation Failure)  681743K->361263K(1034240K), 0.0041309 secs]
146.646: Total time for which application threads were stopped: 0.0042799 seconds, Stopping threads took: 0.0000161 seconds
146.713: [GC (Allocation Failure)  681775K->362887K(1034240K), 0.0043765 secs]
146.717: Total time for which application threads were stopped: 0.0045632 seconds, Stopping threads took: 0.0000276 seconds
146.787: [GC (Allocation Failure)  683399K->369322K(1034240K), 0.0044332 secs]
146.791: Total time for which application threads were stopped: 0.0046015 seconds, Stopping threads took: 0.0000203 seconds
146.859: [GC (Allocation Failure)  689834K->369290K(1034240K), 0.0044917 secs]
146.864: Total time for which application threads were stopped: 0.0046590 seconds, Stopping threads took: 0.0000193 seconds
146.930: [GC (Allocation Failure)  689802K->373194K(1034240K), 0.0051796 secs]
146.935: Total time for which application threads were stopped: 0.0053377 seconds, Stopping threads took: 0.0000187 seconds
147.003: [GC (Allocation Failure)  693706K->377388K(1034752K), 0.0043027 secs]
147.008: Total time for which application threads were stopped: 0.0044566 seconds, Stopping threads took: 0.0000259 seconds
147.076: [GC (Allocation Failure)  698924K->377292K(1034752K), 0.0044855 secs]
147.080: Total time for which application threads were stopped: 0.0046449 seconds, Stopping threads took: 0.0000192 seconds
147.149: [GC (Allocation Failure)  698828K->381420K(1035264K), 0.0054219 secs]
147.155: Total time for which application threads were stopped: 0.0055870 seconds, Stopping threads took: 0.0000268 seconds
147.223: [GC (Allocation Failure)  703468K->385390K(1034752K), 0.0044858 secs]
147.227: Total time for which application threads were stopped: 0.0046541 seconds, Stopping threads took: 0.0000276 seconds
147.294: [GC (Allocation Failure)  707438K->385326K(1035264K), 0.0045615 secs]
147.299: Total time for which application threads were stopped: 0.0047235 seconds, Stopping threads took: 0.0000191 seconds
147.367: [GC (Allocation Failure)  707886K->388614K(1035264K), 0.0050268 secs]
147.372: Total time for which application threads were stopped: 0.0051893 seconds, Stopping threads took: 0.0000257 seconds
147.440: [GC (Allocation Failure)  711174K->393353K(1035264K), 0.0042716 secs]
147.444: Total time for which application threads were stopped: 0.0044424 seconds, Stopping threads took: 0.0000247 seconds
147.511: [GC (Allocation Failure)  715913K->393385K(1035264K), 0.0050750 secs]
147.516: Total time for which application threads were stopped: 0.0052713 seconds, Stopping threads took: 0.0000198 seconds
147.581: [GC (Allocation Failure)  715945K->396841K(1035264K), 0.0119521 secs]
147.594: Total time for which application threads were stopped: 0.0121297 seconds, Stopping threads took: 0.0000204 seconds
147.663: [GC (Allocation Failure)  719401K->401419K(1035264K), 0.0043451 secs]
147.667: Total time for which application threads were stopped: 0.0045074 seconds, Stopping threads took: 0.0000194 seconds
147.735: [GC (Allocation Failure)  723979K->401387K(1035264K), 0.0045318 secs]
147.739: Total time for which application threads were stopped: 0.0047257 seconds, Stopping threads took: 0.0000195 seconds
147.808: [GC (Allocation Failure)  723947K->405099K(1035264K), 0.0051549 secs]
147.813: Total time for which application threads were stopped: 0.0054346 seconds, Stopping threads took: 0.0000199 seconds
147.879: [GC (Allocation Failure)  727659K->409453K(1035776K), 0.0044779 secs]
147.884: Total time for which application threads were stopped: 0.0046400 seconds, Stopping threads took: 0.0000192 seconds
147.951: [GC (Allocation Failure)  733037K->409421K(1035776K), 0.0041845 secs]
147.956: Total time for which application threads were stopped: 0.0043435 seconds, Stopping threads took: 0.0000188 seconds
148.023: [GC (Allocation Failure)  733005K->411269K(1034752K), 0.0056611 secs]
148.029: Total time for which application threads were stopped: 0.0058360 seconds, Stopping threads took: 0.0000191 seconds
148.096: [GC (Allocation Failure)  733829K->417543K(1035264K), 0.0044834 secs]
148.100: Total time for which application threads were stopped: 0.0046671 seconds, Stopping threads took: 0.0000229 seconds
148.168: [GC (Allocation Failure)  740103K->417479K(1035264K), 0.0043120 secs]
148.172: Total time for which application threads were stopped: 0.0045038 seconds, Stopping threads took: 0.0000202 seconds
148.238: [GC (Allocation Failure)  740039K->419495K(1035264K), 0.0045019 secs]
148.243: Total time for which application threads were stopped: 0.0046673 seconds, Stopping threads took: 0.0000205 seconds
148.311: [GC (Allocation Failure)  742055K->425546K(1035264K), 0.0043765 secs]
148.316: Total time for which application threads were stopped: 0.0045467 seconds, Stopping threads took: 0.0000260 seconds
148.384: [GC (Allocation Failure)  748106K->425514K(1035264K), 0.0045626 secs]
148.388: Total time for which application threads were stopped: 0.0047572 seconds, Stopping threads took: 0.0000195 seconds
148.456: [GC (Allocation Failure)  748074K->419687K(1035264K), 0.0022414 secs]
148.458: Total time for which application threads were stopped: 0.0023903 seconds, Stopping threads took: 0.0000164 seconds
148.526: [GC (Allocation Failure)  742247K->425738K(1035264K), 0.0044676 secs]
148.531: Total time for which application threads were stopped: 0.0046565 seconds, Stopping threads took: 0.0000214 seconds
148.599: [GC (Allocation Failure)  748298K->425482K(1035264K), 0.0050155 secs]
148.604: Total time for which application threads were stopped: 0.0052012 seconds, Stopping threads took: 0.0000175 seconds
148.673: [GC (Allocation Failure)  748042K->424007K(1035264K), 0.0037834 secs]
148.677: Total time for which application threads were stopped: 0.0039326 seconds, Stopping threads took: 0.0000165 seconds
148.744: [GC (Allocation Failure)  746567K->425674K(1035776K), 0.0047422 secs]
148.749: Total time for which application threads were stopped: 0.0049104 seconds, Stopping threads took: 0.0000194 seconds
148.817: [GC (Allocation Failure)  749258K->425482K(1035776K), 0.0042136 secs]
148.822: Total time for which application threads were stopped: 0.0043751 seconds, Stopping threads took: 0.0000264 seconds
148.889: [GC (Allocation Failure)  749066K->430287K(1032704K), 0.0065226 secs]
148.895: Total time for which application threads were stopped: 0.0066825 seconds, Stopping threads took: 0.0000186 seconds
148.963: [GC (Allocation Failure)  750799K->425730K(1034240K), 0.0047350 secs]
148.968: Total time for which application threads were stopped: 0.0049071 seconds, Stopping threads took: 0.0000186 seconds
149.035: [GC (Allocation Failure)  746242K->425570K(1034752K), 0.0044174 secs]
149.040: Total time for which application threads were stopped: 0.0045774 seconds, Stopping threads took: 0.0000190 seconds
149.106: [GC (Allocation Failure)  746594K->429119K(1032192K), 0.0058956 secs]
149.112: Total time for which application threads were stopped: 0.0060883 seconds, Stopping threads took: 0.0000188 seconds
149.180: [GC (Allocation Failure)  750143K->425666K(1034752K), 0.0064972 secs]
149.187: Total time for which application threads were stopped: 0.0066669 seconds, Stopping threads took: 0.0000165 seconds
149.255: [GC (Allocation Failure)  746178K->425602K(1033728K), 0.0043820 secs]
149.260: Total time for which application threads were stopped: 0.0045615 seconds, Stopping threads took: 0.0000194 seconds
149.327: [GC (Allocation Failure)  746114K->427743K(1034240K), 0.0052757 secs]
149.333: Total time for which application threads were stopped: 0.0054464 seconds, Stopping threads took: 0.0000193 seconds
149.401: [GC (Allocation Failure)  749279K->425602K(1034752K), 0.0044674 secs]
149.406: Total time for which application threads were stopped: 0.0046436 seconds, Stopping threads took: 0.0000253 seconds
149.473: [GC (Allocation Failure)  747138K->425602K(1035776K), 0.0064566 secs]
149.480: Total time for which application threads were stopped: 0.0066559 seconds, Stopping threads took: 0.0000285 seconds
149.546: [GC (Allocation Failure)  748674K->430471K(1035264K), 0.0065809 secs]
149.553: Total time for which application threads were stopped: 0.0067476 seconds, Stopping threads took: 0.0000211 seconds
149.619: [GC (Allocation Failure)  753543K->425962K(1034240K), 0.0044379 secs]
149.624: Total time for which application threads were stopped: 0.0046204 seconds, Stopping threads took: 0.0000193 seconds
149.693: [GC (Allocation Failure)  747498K->425770K(1034752K), 0.0044482 secs]
149.697: Total time for which application threads were stopped: 0.0046113 seconds, Stopping threads took: 0.0000171 seconds
149.765: [GC (Allocation Failure)  747306K->433415K(1031168K), 0.0081111 secs]
149.773: Total time for which application threads were stopped: 0.0083056 seconds, Stopping threads took: 0.0000197 seconds
149.842: [GC (Allocation Failure)  751879K->428362K(1033216K), 0.0043989 secs]
149.846: Total time for which application threads were stopped: 0.0045795 seconds, Stopping threads took: 0.0000289 seconds
149.911: [GC (Allocation Failure)  746826K->428170K(1033728K), 0.0045467 secs]
149.916: Total time for which application threads were stopped: 0.0047173 seconds, Stopping threads took: 0.0000192 seconds
149.983: [GC (Allocation Failure)  747658K->428903K(1033728K), 0.0048393 secs]
149.988: Total time for which application threads were stopped: 0.0050199 seconds, Stopping threads took: 0.0000190 seconds
150.057: [GC (Allocation Failure)  748391K->428266K(1034752K), 0.0042770 secs]
150.061: Total time for which application threads were stopped: 0.0044426 seconds, Stopping threads took: 0.0000196 seconds
150.127: [GC (Allocation Failure)  749290K->428202K(1034240K), 0.0046592 secs]
150.131: Total time for which application threads were stopped: 0.0048291 seconds, Stopping threads took: 0.0000201 seconds
150.199: [GC (Allocation Failure)  749226K->427047K(1035264K), 0.0039696 secs]
150.203: Total time for which application threads were stopped: 0.0041415 seconds, Stopping threads took: 0.0000275 seconds
150.271: [GC (Allocation Failure)  749607K->428234K(1035264K), 0.0046432 secs]
150.276: Total time for which application threads were stopped: 0.0048040 seconds, Stopping threads took: 0.0000189 seconds
150.343: [GC (Allocation Failure)  750794K->428138K(1035776K), 0.0044291 secs]
150.348: Total time for which application threads were stopped: 0.0046022 seconds, Stopping threads took: 0.0000274 seconds
150.416: [GC (Allocation Failure)  751210K->431879K(1035264K), 0.0059700 secs]
150.422: Total time for which application threads were stopped: 0.0061335 seconds, Stopping threads took: 0.0000197 seconds
150.488: [GC (Allocation Failure)  754951K->428202K(1035264K), 0.0065795 secs]
150.495: Total time for which application threads were stopped: 0.0067413 seconds, Stopping threads took: 0.0000186 seconds
150.563: [GC (Allocation Failure)  750762K->428170K(1035264K), 0.0066261 secs]
150.570: Total time for which application threads were stopped: 0.0068059 seconds, Stopping threads took: 0.0000196 seconds
150.640: [GC (Allocation Failure)  750730K->420327K(1033728K), 0.0013355 secs]
150.641: Total time for which application threads were stopped: 0.0014646 seconds, Stopping threads took: 0.0000201 seconds
150.709: [GC (Allocation Failure)  741863K->428378K(1034752K), 0.0045969 secs]
150.713: Total time for which application threads were stopped: 0.0047752 seconds, Stopping threads took: 0.0000193 seconds
150.780: [GC (Allocation Failure)  749914K->432346K(1035776K), 0.0057687 secs]
150.786: Total time for which application threads were stopped: 0.0059383 seconds, Stopping threads took: 0.0000198 seconds
150.853: [GC (Allocation Failure)  755418K->427191K(1035264K), 0.0026779 secs]
150.856: Total time for which application threads were stopped: 0.0028465 seconds, Stopping threads took: 0.0000260 seconds
150.922: [GC (Allocation Failure)  750263K->432498K(1035264K), 0.0045183 secs]
150.926: Total time for which application threads were stopped: 0.0047376 seconds, Stopping threads took: 0.0000193 seconds
150.996: [GC (Allocation Failure)  755058K->436474K(1035264K), 0.0045531 secs]
151.001: Total time for which application threads were stopped: 0.0047113 seconds, Stopping threads took: 0.0000252 seconds
151.068: [GC (Allocation Failure)  759033K->432535K(1035776K), 0.0034429 secs]
151.071: Total time for which application threads were stopped: 0.0036096 seconds, Stopping threads took: 0.0000191 seconds
151.142: [GC (Allocation Failure)  756119K->436602K(1035776K), 0.0045760 secs]
151.147: Total time for which application threads were stopped: 0.0047367 seconds, Stopping threads took: 0.0000189 seconds
151.214: [GC (Allocation Failure)  760186K->440570K(1035776K), 0.0044581 secs]
151.219: Total time for which application threads were stopped: 0.0046181 seconds, Stopping threads took: 0.0000198 seconds
151.287: [GC (Allocation Failure)  764154K->440538K(1035776K), 0.0059784 secs]
151.293: Total time for which application threads were stopped: 0.0061521 seconds, Stopping threads took: 0.0000194 seconds
151.360: [GC (Allocation Failure)  764122K->440626K(1034752K), 0.0046336 secs]
151.365: Total time for which application threads were stopped: 0.0048185 seconds, Stopping threads took: 0.0000280 seconds
151.432: [GC (Allocation Failure)  763186K->448628K(1035264K), 0.0045871 secs]
151.437: Total time for which application threads were stopped: 0.0047474 seconds, Stopping threads took: 0.0000188 seconds
151.503: [GC (Allocation Failure)  771188K->448596K(1035264K), 0.0044814 secs]
151.508: Total time for which application threads were stopped: 0.0046436 seconds, Stopping threads took: 0.0000191 seconds
151.575: [GC (Allocation Failure)  771156K->448660K(1022464K), 0.0047460 secs]
151.579: Total time for which application threads were stopped: 0.0049496 seconds, Stopping threads took: 0.0000262 seconds
151.651: [GC (Allocation Failure)  771220K->456630K(1034752K), 0.0045991 secs]
151.655: Total time for which application threads were stopped: 0.0047742 seconds, Stopping threads took: 0.0000192 seconds
151.724: [GC (Allocation Failure)  778166K->456630K(1034752K), 0.0045005 secs]
151.728: Total time for which application threads were stopped: 0.0046723 seconds, Stopping threads took: 0.0000190 seconds
151.797: [GC (Allocation Failure)  778166K->456886K(1034752K), 0.0046590 secs]
151.802: Total time for which application threads were stopped: 0.0048286 seconds, Stopping threads took: 0.0000218 seconds
151.869: [GC (Allocation Failure)  778422K->464696K(1029120K), 0.0045844 secs]
151.874: Total time for which application threads were stopped: 0.0047573 seconds, Stopping threads took: 0.0000199 seconds
151.942: [GC (Allocation Failure)  786232K->464664K(1034752K), 0.0045338 secs]
151.946: Total time for which application threads were stopped: 0.0048335 seconds, Stopping threads took: 0.0000197 seconds
152.014: [GC (Allocation Failure)  785688K->464728K(1034240K), 0.0044344 secs]
152.019: Total time for which application threads were stopped: 0.0046093 seconds, Stopping threads took: 0.0000192 seconds
152.085: [GC (Allocation Failure)  785752K->472699K(1034240K), 0.0045020 secs]
152.090: Total time for which application threads were stopped: 0.0046652 seconds, Stopping threads took: 0.0000194 seconds
152.158: [GC (Allocation Failure)  793211K->472699K(1034240K), 0.0045168 secs]
152.163: Total time for which application threads were stopped: 0.0046855 seconds, Stopping threads took: 0.0000189 seconds
152.230: [GC (Allocation Failure)  793211K->472859K(1033216K), 0.0045747 secs]
152.235: Total time for which application threads were stopped: 0.0047387 seconds, Stopping threads took: 0.0000204 seconds
152.302: [GC (Allocation Failure)  792347K->480733K(1033728K), 0.0051594 secs]
152.308: Total time for which application threads were stopped: 0.0053356 seconds, Stopping threads took: 0.0000194 seconds
152.377: [GC (Allocation Failure)  800221K->480733K(1033728K), 0.0047038 secs]
152.382: Total time for which application threads were stopped: 0.0048889 seconds, Stopping threads took: 0.0000303 seconds
152.448: [GC (Allocation Failure)  800221K->480797K(1033728K), 0.0047271 secs]
152.453: Total time for which application threads were stopped: 0.0049099 seconds, Stopping threads took: 0.0000206 seconds
152.520: [GC (Allocation Failure)  800285K->488767K(1033728K), 0.0066061 secs]
152.526: Total time for which application threads were stopped: 0.0067750 seconds, Stopping threads took: 0.0000199 seconds
152.595: [GC (Allocation Failure)  808255K->488767K(1033728K), 0.0043800 secs]
152.600: Total time for which application threads were stopped: 0.0045794 seconds, Stopping threads took: 0.0000266 seconds
152.665: [GC (Allocation Failure)  808255K->489031K(1033728K), 0.0044880 secs]
152.669: Total time for which application threads were stopped: 0.0046570 seconds, Stopping threads took: 0.0000190 seconds
152.736: [GC (Allocation Failure)  808519K->496809K(1033728K), 0.0048156 secs]
152.741: Total time for which application threads were stopped: 0.0050095 seconds, Stopping threads took: 0.0000193 seconds
152.807: [GC (Allocation Failure)  816297K->492903K(1034240K), 0.0036164 secs]
152.811: Total time for which application threads were stopped: 0.0037991 seconds, Stopping threads took: 0.0000353 seconds
152.880: [GC (Allocation Failure)  812903K->496929K(1033728K), 0.0046684 secs]
152.885: Total time for which application threads were stopped: 0.0048499 seconds, Stopping threads took: 0.0000195 seconds
152.952: [GC (Allocation Failure)  816929K->500929K(1034752K), 0.0046428 secs]
152.957: Total time for which application threads were stopped: 0.0048071 seconds, Stopping threads took: 0.0000194 seconds
153.024: [GC (Allocation Failure)  822465K->495199K(1034752K), 0.0026512 secs]
153.027: Total time for which application threads were stopped: 0.0028134 seconds, Stopping threads took: 0.0000192 seconds
153.094: [GC (Allocation Failure)  816735K->501001K(1035264K), 0.0046879 secs]
153.099: Total time for which application threads were stopped: 0.0048504 seconds, Stopping threads took: 0.0000196 seconds
153.167: [GC (Allocation Failure)  823049K->505073K(1034752K), 0.0049042 secs]
153.172: Total time for which application threads were stopped: 0.0050709 seconds, Stopping threads took: 0.0000196 seconds
153.240: [GC (Allocation Failure)  826860K->501199K(1035776K), 0.0035861 secs]
153.243: Total time for which application threads were stopped: 0.0037536 seconds, Stopping threads took: 0.0000188 seconds
153.311: [GC (Allocation Failure)  824271K->505201K(1035264K), 0.0054716 secs]
153.317: Total time for which application threads were stopped: 0.0056701 seconds, Stopping threads took: 0.0000240 seconds
153.384: [GC (Allocation Failure)  828273K->509169K(1035264K), 0.0053447 secs]
153.390: Total time for which application threads were stopped: 0.0055261 seconds, Stopping threads took: 0.0000208 seconds
153.459: [GC (Allocation Failure)  832753K->509201K(1035776K), 0.0047387 secs]
153.463: Total time for which application threads were stopped: 0.0049236 seconds, Stopping threads took: 0.0000217 seconds
153.532: [GC (Allocation Failure)  832785K->509257K(1034752K), 0.0047187 secs]
153.537: Total time for which application threads were stopped: 0.0049260 seconds, Stopping threads took: 0.0000548 seconds
153.605: [GC (Allocation Failure)  831817K->517196K(1035264K), 0.0060187 secs]
153.612: Total time for which application threads were stopped: 0.0061716 seconds, Stopping threads took: 0.0000175 seconds
153.678: [GC (Allocation Failure)  839756K->517228K(1034240K), 0.0047350 secs]
153.683: Total time for which application threads were stopped: 0.0049172 seconds, Stopping threads took: 0.0000192 seconds
153.751: [GC (Allocation Failure)  838764K->517284K(1034752K), 0.0048906 secs]
153.756: Total time for which application threads were stopped: 0.0050614 seconds, Stopping threads took: 0.0000199 seconds
153.822: [GC (Allocation Failure)  838820K->525222K(1034752K), 0.0046229 secs]
153.827: Total time for which application threads were stopped: 0.0047927 seconds, Stopping threads took: 0.0000275 seconds
153.894: [GC (Allocation Failure)  846758K->525254K(1029120K), 0.0046034 secs]
153.899: Total time for which application threads were stopped: 0.0048013 seconds, Stopping threads took: 0.0000203 seconds
153.965: [GC (Allocation Failure)  846790K->525486K(1034240K), 0.0046453 secs]
153.970: Total time for which application threads were stopped: 0.0048115 seconds, Stopping threads took: 0.0000211 seconds
154.037: [GC (Allocation Failure)  845998K->533328K(1034240K), 0.0046749 secs]
154.042: Total time for which application threads were stopped: 0.0048624 seconds, Stopping threads took: 0.0000213 seconds
154.110: [GC (Allocation Failure)  853840K->533296K(1034240K), 0.0046216 secs]
154.114: Total time for which application threads were stopped: 0.0048077 seconds, Stopping threads took: 0.0000269 seconds
154.181: [GC (Allocation Failure)  853808K->533736K(1020416K), 0.0046980 secs]
154.186: Total time for which application threads were stopped: 0.0048709 seconds, Stopping threads took: 0.0000200 seconds
154.253: [GC (Allocation Failure)  854248K->541323K(1033728K), 0.0048220 secs]
154.258: Total time for which application threads were stopped: 0.0049863 seconds, Stopping threads took: 0.0000197 seconds
154.325: [GC (Allocation Failure)  860811K->541323K(1033728K), 0.0047128 secs]
154.330: Total time for which application threads were stopped: 0.0049170 seconds, Stopping threads took: 0.0000259 seconds
154.396: [GC (Allocation Failure)  860811K->541443K(1033728K), 0.0046985 secs]
154.401: Total time for which application threads were stopped: 0.0048698 seconds, Stopping threads took: 0.0000186 seconds
154.468: [GC (Allocation Failure)  860931K->549381K(1033728K), 0.0045201 secs]
154.472: Total time for which application threads were stopped: 0.0047130 seconds, Stopping threads took: 0.0000195 seconds
154.541: [GC (Allocation Failure)  868869K->549349K(1033728K), 0.0047034 secs]
154.546: Total time for which application threads were stopped: 0.0048554 seconds, Stopping threads took: 0.0000166 seconds
154.613: [GC (Allocation Failure)  868837K->549413K(1033728K), 0.0047728 secs]
154.618: Total time for which application threads were stopped: 0.0049514 seconds, Stopping threads took: 0.0000164 seconds
154.686: [GC (Allocation Failure)  868901K->557383K(1032704K), 0.0046688 secs]
154.691: Total time for which application threads were stopped: 0.0048178 seconds, Stopping threads took: 0.0000167 seconds
154.758: [GC (Allocation Failure)  875847K->551845K(1033216K), 0.0027656 secs]
154.761: Total time for which application threads were stopped: 0.0029190 seconds, Stopping threads took: 0.0000196 seconds
154.828: [GC (Allocation Failure)  870309K->557671K(1034752K), 0.0047802 secs]
154.833: Total time for which application threads were stopped: 0.0049553 seconds, Stopping threads took: 0.0000410 seconds
154.901: [GC (Allocation Failure)  878183K->561559K(1033728K), 0.0050930 secs]
154.906: Total time for which application threads were stopped: 0.0052873 seconds, Stopping threads took: 0.0000253 seconds
154.975: [GC (Allocation Failure)  882071K->568429K(1029120K), 0.0076124 secs]
154.983: Total time for which application threads were stopped: 0.0077682 seconds, Stopping threads took: 0.0000164 seconds
155.050: [GC (Allocation Failure)  883821K->562319K(1031680K), 0.0049892 secs]
155.055: Total time for which application threads were stopped: 0.0051520 seconds, Stopping threads took: 0.0000198 seconds
155.120: [GC (Allocation Failure)  877711K->562159K(1032704K), 0.0047640 secs]
155.125: Total time for which application threads were stopped: 0.0049260 seconds, Stopping threads took: 0.0000195 seconds
155.191: [GC (Allocation Failure)  879087K->565543K(1032192K), 0.0054979 secs]
155.197: Total time for which application threads were stopped: 0.0056638 seconds, Stopping threads took: 0.0000184 seconds
155.263: [GC (Allocation Failure)  882471K->570281K(1033216K), 0.0048129 secs]
155.268: Total time for which application threads were stopped: 0.0049716 seconds, Stopping threads took: 0.0000192 seconds
155.336: [GC (Allocation Failure)  888233K->570185K(1032704K), 0.0048082 secs]
155.340: Total time for which application threads were stopped: 0.0049853 seconds, Stopping threads took: 0.0000261 seconds
155.407: [GC (Allocation Failure)  888137K->571209K(1033216K), 0.0048250 secs]
155.412: Total time for which application threads were stopped: 0.0049952 seconds, Stopping threads took: 0.0000268 seconds
155.479: [GC (Allocation Failure)  889673K->578220K(1033216K), 0.0049217 secs]
155.484: Total time for which application threads were stopped: 0.0051016 seconds, Stopping threads took: 0.0000198 seconds
155.554: [GC (Allocation Failure)  896684K->578220K(1033728K), 0.0047555 secs]
155.559: Total time for which application threads were stopped: 0.0049373 seconds, Stopping threads took: 0.0000195 seconds
155.627: [GC (Allocation Failure)  897196K->579916K(1033216K), 0.0049313 secs]
155.632: Total time for which application threads were stopped: 0.0051167 seconds, Stopping threads took: 0.0000168 seconds
155.700: [GC (Allocation Failure)  898892K->586318K(1033728K), 0.0048028 secs]
155.705: Total time for which application threads were stopped: 0.0049664 seconds, Stopping threads took: 0.0000184 seconds
155.771: [GC (Allocation Failure)  905806K->586254K(1033728K), 0.0047896 secs]
155.776: Total time for which application threads were stopped: 0.0049783 seconds, Stopping threads took: 0.0000191 seconds
155.842: [GC (Allocation Failure)  905742K->586606K(1033728K), 0.0047992 secs]
155.847: Total time for which application threads were stopped: 0.0049655 seconds, Stopping threads took: 0.0000283 seconds
155.915: [GC (Allocation Failure)  906094K->594288K(1033728K), 0.0049088 secs]
155.920: Total time for which application threads were stopped: 0.0050880 seconds, Stopping threads took: 0.0000174 seconds
155.987: [GC (Allocation Failure)  913776K->594256K(1033728K), 0.0078279 secs]
155.995: Total time for which application threads were stopped: 0.0080286 seconds, Stopping threads took: 0.0000168 seconds
156.062: [GC (Allocation Failure)  913744K->597928K(1033728K), 0.0056467 secs]
156.068: Total time for which application threads were stopped: 0.0058417 seconds, Stopping threads took: 0.0000194 seconds
156.138: [GC (Allocation Failure)  917416K->602442K(1034240K), 0.0048296 secs]
156.143: Total time for which application threads were stopped: 0.0049887 seconds, Stopping threads took: 0.0000163 seconds
156.211: [GC (Allocation Failure)  922954K->602314K(1034240K), 0.0048326 secs]
156.216: Total time for which application threads were stopped: 0.0049945 seconds, Stopping threads took: 0.0000193 seconds
156.282: [GC (Allocation Failure)  922826K->603050K(1034240K), 0.0049746 secs]
156.287: Total time for which application threads were stopped: 0.0051542 seconds, Stopping threads took: 0.0000195 seconds
156.355: [GC (Allocation Failure)  923562K->610381K(1034240K), 0.0048795 secs]
156.360: Total time for which application threads were stopped: 0.0050642 seconds, Stopping threads took: 0.0000263 seconds
156.429: [GC (Allocation Failure)  930893K->610349K(1034240K), 0.0047455 secs]
156.434: Total time for which application threads were stopped: 0.0049157 seconds, Stopping threads took: 0.0000198 seconds
156.501: [GC (Allocation Failure)  930861K->611269K(1034240K), 0.0050584 secs]
156.506: Total time for which application threads were stopped: 0.0052242 seconds, Stopping threads took: 0.0000201 seconds
156.575: [GC (Allocation Failure)  931781K->618375K(1034240K), 0.0049106 secs]
156.580: Total time for which application threads were stopped: 0.0050804 seconds, Stopping threads took: 0.0000201 seconds
156.649: [GC (Allocation Failure)  938887K->618375K(1034240K), 0.0049800 secs]
156.654: Total time for which application threads were stopped: 0.0051468 seconds, Stopping threads took: 0.0000192 seconds
156.721: [GC (Allocation Failure)  938887K->619527K(1034240K), 0.0049719 secs]
156.726: Total time for which application threads were stopped: 0.0051341 seconds, Stopping threads took: 0.0000193 seconds
156.794: [GC (Allocation Failure)  940039K->626441K(1034240K), 0.0050970 secs]
156.799: Total time for which application threads were stopped: 0.0052718 seconds, Stopping threads took: 0.0000208 seconds
156.869: [GC (Allocation Failure)  946953K->626441K(1034240K), 0.0047236 secs]
156.874: Total time for which application threads were stopped: 0.0048966 seconds, Stopping threads took: 0.0000258 seconds
156.942: [GC (Allocation Failure)  946953K->626761K(1020416K), 0.0047483 secs]
156.947: Total time for which application threads were stopped: 0.0048989 seconds, Stopping threads took: 0.0000174 seconds
157.018: [GC (Allocation Failure)  947273K->634475K(1033728K), 0.0050195 secs]
157.023: Total time for which application threads were stopped: 0.0051976 seconds, Stopping threads took: 0.0000188 seconds
157.092: [GC (Allocation Failure)  953963K->634443K(1033728K), 0.0049374 secs]
157.097: Total time for which application threads were stopped: 0.0051290 seconds, Stopping threads took: 0.0000204 seconds
157.164: [GC (Allocation Failure)  953931K->634987K(1033728K), 0.0049779 secs]
157.170: Total time for which application threads were stopped: 0.0051687 seconds, Stopping threads took: 0.0000190 seconds
157.238: [GC (Allocation Failure)  954475K->642542K(1033728K), 0.0047979 secs]
157.243: Total time for which application threads were stopped: 0.0049586 seconds, Stopping threads took: 0.0000164 seconds
157.309: [GC (Allocation Failure)  962030K->642478K(1033728K), 0.0049239 secs]
157.315: Total time for which application threads were stopped: 0.0051168 seconds, Stopping threads took: 0.0000202 seconds
157.382: [GC (Allocation Failure)  961966K->643214K(1033728K), 0.0048815 secs]
157.387: Total time for which application threads were stopped: 0.0050539 seconds, Stopping threads took: 0.0000271 seconds
157.454: [GC (Allocation Failure)  962702K->650544K(1033728K), 0.0049934 secs]
157.459: Total time for which application threads were stopped: 0.0051607 seconds, Stopping threads took: 0.0000192 seconds
157.526: [GC (Allocation Failure)  970032K->650512K(1033728K), 0.0050496 secs]
157.531: Total time for which application threads were stopped: 0.0052052 seconds, Stopping threads took: 0.0000195 seconds
157.599: [GC (Allocation Failure)  970000K->652488K(1033728K), 0.0067670 secs]
157.606: Total time for which application threads were stopped: 0.0069665 seconds, Stopping threads took: 0.0000173 seconds
157.674: [GC (Allocation Failure)  971976K->658538K(1033728K), 0.0048890 secs]
157.679: Total time for which application threads were stopped: 0.0050584 seconds, Stopping threads took: 0.0000193 seconds
157.746: [GC (Allocation Failure)  978026K->658538K(1033728K), 0.0049094 secs]
157.751: Total time for which application threads were stopped: 0.0050969 seconds, Stopping threads took: 0.0000198 seconds
157.819: [GC (Allocation Failure)  978026K->659690K(1033728K), 0.0049627 secs]
157.824: Total time for which application threads were stopped: 0.0051298 seconds, Stopping threads took: 0.0000197 seconds
157.892: [GC (Allocation Failure)  979178K->666572K(1033728K), 0.0051521 secs]
157.897: Total time for which application threads were stopped: 0.0053241 seconds, Stopping threads took: 0.0000202 seconds
157.964: [GC (Allocation Failure)  986060K->666572K(1033728K), 0.0049877 secs]
157.969: Total time for which application threads were stopped: 0.0051675 seconds, Stopping threads took: 0.0000202 seconds
158.036: [GC (Allocation Failure)  986060K->666916K(1033728K), 0.0049607 secs]
158.041: Total time for which application threads were stopped: 0.0051238 seconds, Stopping threads took: 0.0000201 seconds
158.110: [GC (Allocation Failure)  986404K->674599K(1033728K), 0.0050609 secs]
158.115: Total time for which application threads were stopped: 0.0052339 seconds, Stopping threads took: 0.0000213 seconds
158.182: [GC (Allocation Failure)  994087K->674599K(1033728K), 0.0050166 secs]
158.187: Total time for which application threads were stopped: 0.0051930 seconds, Stopping threads took: 0.0000196 seconds
158.253: [GC (Allocation Failure)  994087K->675143K(1033728K), 0.0050412 secs]
158.258: Total time for which application threads were stopped: 0.0052375 seconds, Stopping threads took: 0.0000198 seconds
158.327: [GC (Allocation Failure)  994631K->682665K(1033728K), 0.0048699 secs]
158.332: Total time for which application threads were stopped: 0.0050291 seconds, Stopping threads took: 0.0000254 seconds
158.399: [GC (Allocation Failure)  1002153K->682665K(1033728K), 0.0051456 secs]
158.404: Total time for which application threads were stopped: 0.0053044 seconds, Stopping threads took: 0.0000201 seconds
158.470: [GC (Allocation Failure)  1002153K->683369K(1033728K), 0.0049273 secs]
158.475: [Full GC (Ergonomics)  683369K->9197K(1033728K), 0.0142561 secs]
158.489: Total time for which application threads were stopped: 0.0194181 seconds, Stopping threads took: 0.0000197 seconds
158.558: [GC (Allocation Failure)  328685K->17584K(1027584K), 0.0037338 secs]
158.562: Total time for which application threads were stopped: 0.0039019 seconds, Stopping threads took: 0.0000190 seconds
158.631: [GC (Allocation Failure)  337072K->17616K(1033728K), 0.0036893 secs]
158.635: Total time for which application threads were stopped: 0.0038568 seconds, Stopping threads took: 0.0000186 seconds
158.699: [GC (Allocation Failure)  336592K->18024K(1033216K), 0.0037697 secs]
158.703: Total time for which application threads were stopped: 0.0039441 seconds, Stopping threads took: 0.0000196 seconds
158.772: [GC (Allocation Failure)  337000K->25642K(1033216K), 0.0036247 secs]
158.775: Total time for which application threads were stopped: 0.0037948 seconds, Stopping threads took: 0.0000169 seconds
158.843: [GC (Allocation Failure)  344106K->25642K(1033216K), 0.0036137 secs]
158.847: Total time for which application threads were stopped: 0.0037881 seconds, Stopping threads took: 0.0000279 seconds
158.912: [GC (Allocation Failure)  344106K->25706K(1033216K), 0.0037412 secs]
158.916: Total time for which application threads were stopped: 0.0039173 seconds, Stopping threads took: 0.0000217 seconds
158.983: [GC (Allocation Failure)  344170K->33708K(1033216K), 0.0038449 secs]
158.987: Total time for which application threads were stopped: 0.0040167 seconds, Stopping threads took: 0.0000201 seconds
159.052: [GC (Allocation Failure)  352172K->33708K(1033216K), 0.0038632 secs]
159.056: Total time for which application threads were stopped: 0.0040445 seconds, Stopping threads took: 0.0000206 seconds
159.121: [GC (Allocation Failure)  352172K->33996K(1033216K), 0.0037979 secs]
159.125: Total time for which application threads were stopped: 0.0039593 seconds, Stopping threads took: 0.0000194 seconds
159.194: [GC (Allocation Failure)  352460K->41743K(1033216K), 0.0036702 secs]
159.198: Total time for which application threads were stopped: 0.0038326 seconds, Stopping threads took: 0.0000199 seconds
159.264: [GC (Allocation Failure)  360207K->41711K(1033216K), 0.0039239 secs]
159.268: Total time for which application threads were stopped: 0.0040957 seconds, Stopping threads took: 0.0000196 seconds
159.333: [GC (Allocation Failure)  360175K->42223K(1033216K), 0.0065324 secs]
159.339: Total time for which application threads were stopped: 0.0066948 seconds, Stopping threads took: 0.0000261 seconds
159.407: [GC (Allocation Failure)  360687K->49713K(1033216K), 0.0086691 secs]
159.416: Total time for which application threads were stopped: 0.0088556 seconds, Stopping threads took: 0.0000297 seconds
159.484: [GC (Allocation Failure)  368177K->49745K(1033216K), 0.0039084 secs]
159.488: Total time for which application threads were stopped: 0.0040777 seconds, Stopping threads took: 0.0000205 seconds
159.553: [GC (Allocation Failure)  368209K->49929K(1033216K), 0.0038051 secs]
159.557: Total time for which application threads were stopped: 0.0039741 seconds, Stopping threads took: 0.0000214 seconds
159.625: [GC (Allocation Failure)  368393K->57771K(1033216K), 0.0038494 secs]
159.629: Total time for which application threads were stopped: 0.0040178 seconds, Stopping threads took: 0.0000194 seconds
159.695: [GC (Allocation Failure)  376235K->57771K(1033216K), 0.0037937 secs]
159.698: Total time for which application threads were stopped: 0.0039624 seconds, Stopping threads took: 0.0000189 seconds
159.765: [GC (Allocation Failure)  376235K->57931K(1033216K), 0.0037281 secs]
159.769: Total time for which application threads were stopped: 0.0039087 seconds, Stopping threads took: 0.0000197 seconds
159.836: [GC (Allocation Failure)  376395K->65805K(1033216K), 0.0036710 secs]
159.840: Total time for which application threads were stopped: 0.0038360 seconds, Stopping threads took: 0.0000265 seconds
159.906: [GC (Allocation Failure)  384269K->65805K(1033216K), 0.0037916 secs]
159.910: Total time for which application threads were stopped: 0.0039596 seconds, Stopping threads took: 0.0000194 seconds
159.975: [GC (Allocation Failure)  384269K->65869K(1033216K), 0.0038165 secs]
159.979: Total time for which application threads were stopped: 0.0039933 seconds, Stopping threads took: 0.0000191 seconds
160.048: [GC (Allocation Failure)  384333K->73840K(1033216K), 0.0035343 secs]
160.052: Total time for which application threads were stopped: 0.0037222 seconds, Stopping threads took: 0.0000189 seconds
160.119: [GC (Allocation Failure)  392304K->73872K(1033216K), 0.0037620 secs]
160.123: Total time for which application threads were stopped: 0.0039226 seconds, Stopping threads took: 0.0000190 seconds
160.187: [GC (Allocation Failure)  392336K->74120K(1033216K), 0.0038752 secs]
160.191: Total time for which application threads were stopped: 0.0040381 seconds, Stopping threads took: 0.0000201 seconds
160.259: [GC (Allocation Failure)  392584K->81866K(1033216K), 0.0040091 secs]
160.263: Total time for which application threads were stopped: 0.0041772 seconds, Stopping threads took: 0.0000194 seconds
160.329: [GC (Allocation Failure)  400330K->77960K(1033728K), 0.0023462 secs]
160.332: Total time for which application threads were stopped: 0.0024997 seconds, Stopping threads took: 0.0000196 seconds
160.398: [GC (Allocation Failure)  396936K->82026K(1033216K), 0.0038310 secs]
160.402: Total time for which application threads were stopped: 0.0039888 seconds, Stopping threads took: 0.0000192 seconds
160.468: [GC (Allocation Failure)  401002K->85994K(1033728K), 0.0038077 secs]
160.472: Total time for which application threads were stopped: 0.0039836 seconds, Stopping threads took: 0.0000195 seconds
160.541: [GC (Allocation Failure)  406506K->93512K(1034240K), 0.0071408 secs]
160.549: Total time for which application threads were stopped: 0.0073163 seconds, Stopping threads took: 0.0000206 seconds
160.619: [GC (Allocation Failure)  414024K->87306K(1029120K), 0.0040081 secs]
160.623: Total time for which application threads were stopped: 0.0041847 seconds, Stopping threads took: 0.0000193 seconds
160.689: [GC (Allocation Failure)  402698K->87210K(1031680K), 0.0039452 secs]
160.693: Total time for which application threads were stopped: 0.0041069 seconds, Stopping threads took: 0.0000196 seconds
160.757: [GC (Allocation Failure)  402602K->82728K(1032704K), 0.0020360 secs]
160.759: Total time for which application threads were stopped: 0.0021985 seconds, Stopping threads took: 0.0000190 seconds
160.828: [GC (Allocation Failure)  399656K->87466K(1032192K), 0.0037090 secs]
160.832: Total time for which application threads were stopped: 0.0038690 seconds, Stopping threads took: 0.0000255 seconds
160.899: [GC (Allocation Failure)  404394K->87242K(1033216K), 0.0039772 secs]
160.903: Total time for which application threads were stopped: 0.0041432 seconds, Stopping threads took: 0.0000193 seconds
160.969: [GC (Allocation Failure)  405706K->87874K(1033216K), 0.0038081 secs]
160.973: Total time for which application threads were stopped: 0.0039815 seconds, Stopping threads took: 0.0000190 seconds
161.040: [GC (Allocation Failure)  406338K->95300K(1033216K), 0.0037768 secs]
161.044: Total time for which application threads were stopped: 0.0039259 seconds, Stopping threads took: 0.0000176 seconds
161.109: [GC (Allocation Failure)  413764K->95268K(1033216K), 0.0039130 secs]
161.113: Total time for which application threads were stopped: 0.0040760 seconds, Stopping threads took: 0.0000196 seconds
161.178: [GC (Allocation Failure)  413732K->96132K(1032704K), 0.0041352 secs]
161.183: Total time for which application threads were stopped: 0.0043286 seconds, Stopping threads took: 0.0000201 seconds
161.250: [GC (Allocation Failure)  414596K->103430K(1033216K), 0.0038731 secs]
161.254: Total time for which application threads were stopped: 0.0040469 seconds, Stopping threads took: 0.0000206 seconds
161.321: [GC (Allocation Failure)  421894K->103302K(1033728K), 0.0039478 secs]
161.325: Total time for which application threads were stopped: 0.0041160 seconds, Stopping threads took: 0.0000199 seconds
161.390: [GC (Allocation Failure)  422790K->105414K(1033728K), 0.0052218 secs]
161.395: Total time for which application threads were stopped: 0.0054029 seconds, Stopping threads took: 0.0000190 seconds
161.463: [GC (Allocation Failure)  424902K->111433K(1033728K), 0.0038849 secs]
161.467: Total time for which application threads were stopped: 0.0040827 seconds, Stopping threads took: 0.0000203 seconds
161.536: [GC (Allocation Failure)  430921K->111337K(1033728K), 0.0038306 secs]
161.540: Total time for which application threads were stopped: 0.0040249 seconds, Stopping threads took: 0.0000193 seconds
161.609: [GC (Allocation Failure)  430825K->112585K(1033728K), 0.0041597 secs]
161.613: Total time for which application threads were stopped: 0.0043280 seconds, Stopping threads took: 0.0000188 seconds
161.681: [GC (Allocation Failure)  432073K->119371K(1033728K), 0.0039443 secs]
161.685: Total time for which application threads were stopped: 0.0041142 seconds, Stopping threads took: 0.0000204 seconds
161.752: [GC (Allocation Failure)  438859K->119371K(1034240K), 0.0041324 secs]
161.756: Total time for which application threads were stopped: 0.0043094 seconds, Stopping threads took: 0.0000195 seconds
161.825: [GC (Allocation Failure)  439371K->120299K(1033728K), 0.0038289 secs]
161.829: Total time for which application threads were stopped: 0.0039837 seconds, Stopping threads took: 0.0000188 seconds
161.895: [GC (Allocation Failure)  440299K->127469K(1033728K), 0.0039688 secs]
161.899: Total time for which application threads were stopped: 0.0041503 seconds, Stopping threads took: 0.0000255 seconds
161.966: [GC (Allocation Failure)  446957K->127405K(1033728K), 0.0038966 secs]
161.970: Total time for which application threads were stopped: 0.0040731 seconds, Stopping threads took: 0.0000258 seconds
162.036: [GC (Allocation Failure)  446893K->128045K(1033728K), 0.0039082 secs]
162.040: Total time for which application threads were stopped: 0.0041130 seconds, Stopping threads took: 0.0000446 seconds
162.108: [GC (Allocation Failure)  447533K->135503K(1033728K), 0.0039278 secs]
162.112: Total time for which application threads were stopped: 0.0040958 seconds, Stopping threads took: 0.0000193 seconds
162.178: [GC (Allocation Failure)  454991K->135439K(1033728K), 0.0039947 secs]
162.182: Total time for which application threads were stopped: 0.0041734 seconds, Stopping threads took: 0.0000209 seconds
162.247: [GC (Allocation Failure)  454927K->135495K(1033728K), 0.0037714 secs]
162.251: Total time for which application threads were stopped: 0.0039563 seconds, Stopping threads took: 0.0000202 seconds
162.318: [GC (Allocation Failure)  454983K->143498K(1033728K), 0.0039303 secs]
162.322: Total time for which application threads were stopped: 0.0040981 seconds, Stopping threads took: 0.0000195 seconds
162.388: [GC (Allocation Failure)  462986K->143434K(1033728K), 0.0040461 secs]
162.392: Total time for which application threads were stopped: 0.0042470 seconds, Stopping threads took: 0.0000279 seconds
162.458: [GC (Allocation Failure)  462922K->144490K(1033728K), 0.0041503 secs]
162.463: Total time for which application threads were stopped: 0.0042980 seconds, Stopping threads took: 0.0000170 seconds
162.530: [GC (Allocation Failure)  463978K->151564K(1033728K), 0.0039060 secs]
162.534: Total time for which application threads were stopped: 0.0040827 seconds, Stopping threads took: 0.0000197 seconds
162.603: [GC (Allocation Failure)  471052K->151468K(1033728K), 0.0039750 secs]
162.607: Total time for which application threads were stopped: 0.0041839 seconds, Stopping threads took: 0.0000256 seconds
162.673: [GC (Allocation Failure)  470956K->151724K(1033728K), 0.0039837 secs]
162.677: Total time for which application threads were stopped: 0.0041510 seconds, Stopping threads took: 0.0000193 seconds
162.744: [GC (Allocation Failure)  471212K->159598K(1033728K), 0.0037763 secs]
162.748: Total time for which application threads were stopped: 0.0039346 seconds, Stopping threads took: 0.0000189 seconds
162.814: [GC (Allocation Failure)  479086K->159534K(1033728K), 0.0039531 secs]
162.818: Total time for which application threads were stopped: 0.0041121 seconds, Stopping threads took: 0.0000196 seconds
162.884: [GC (Allocation Failure)  479022K->160998K(1033728K), 0.0041289 secs]
162.888: Total time for which application threads were stopped: 0.0043349 seconds, Stopping threads took: 0.0000283 seconds
162.955: [GC (Allocation Failure)  480486K->167593K(1033728K), 0.0038937 secs]
162.959: Total time for which application threads were stopped: 0.0040628 seconds, Stopping threads took: 0.0000188 seconds
163.025: [GC (Allocation Failure)  487081K->167593K(1033728K), 0.0039073 secs]
163.029: Total time for which application threads were stopped: 0.0040761 seconds, Stopping threads took: 0.0000192 seconds
163.093: [GC (Allocation Failure)  487081K->168169K(1033728K), 0.0040857 secs]
163.097: Total time for which application threads were stopped: 0.0042540 seconds, Stopping threads took: 0.0000194 seconds
163.165: [GC (Allocation Failure)  487657K->175659K(1033728K), 0.0040404 secs]
163.169: Total time for which application threads were stopped: 0.0042240 seconds, Stopping threads took: 0.0000195 seconds
163.234: [GC (Allocation Failure)  495147K->175595K(1033728K), 0.0039385 secs]
163.238: Total time for which application threads were stopped: 0.0041371 seconds, Stopping threads took: 0.0000257 seconds
163.303: [GC (Allocation Failure)  495083K->176427K(1033728K), 0.0041180 secs]
163.307: Total time for which application threads were stopped: 0.0042820 seconds, Stopping threads took: 0.0000203 seconds
163.374: [GC (Allocation Failure)  495915K->183661K(1033728K), 0.0038170 secs]
163.378: Total time for which application threads were stopped: 0.0039849 seconds, Stopping threads took: 0.0000274 seconds
163.444: [GC (Allocation Failure)  503149K->183629K(1033728K), 0.0039828 secs]
163.448: Total time for which application threads were stopped: 0.0041539 seconds, Stopping threads took: 0.0000199 seconds
163.512: [GC (Allocation Failure)  503117K->184661K(1033728K), 0.0048672 secs]
163.517: Total time for which application threads were stopped: 0.0050759 seconds, Stopping threads took: 0.0000211 seconds
163.585: [GC (Allocation Failure)  504149K->191671K(1033728K), 0.0049106 secs]
163.590: Total time for which application threads were stopped: 0.0050635 seconds, Stopping threads took: 0.0000166 seconds
163.656: [GC (Allocation Failure)  511159K->191703K(1033728K), 0.0040383 secs]
163.660: Total time for which application threads were stopped: 0.0042058 seconds, Stopping threads took: 0.0000193 seconds
163.725: [GC (Allocation Failure)  511191K->191871K(1033728K), 0.0039199 secs]
163.729: Total time for which application threads were stopped: 0.0040931 seconds, Stopping threads took: 0.0000189 seconds
163.798: [GC (Allocation Failure)  511359K->199682K(1027072K), 0.0039624 secs]
163.802: Total time for which application threads were stopped: 0.0041208 seconds, Stopping threads took: 0.0000168 seconds
163.868: [GC (Allocation Failure)  519170K->199714K(1033728K), 0.0040167 secs]
163.873: Total time for which application threads were stopped: 0.0042007 seconds, Stopping threads took: 0.0000251 seconds
163.941: [GC (Allocation Failure)  518690K->200610K(1033216K), 0.0041975 secs]
163.945: Total time for which application threads were stopped: 0.0043868 seconds, Stopping threads took: 0.0000193 seconds
164.014: [GC (Allocation Failure)  519586K->207748K(1033728K), 0.0042308 secs]
164.018: Total time for which application threads were stopped: 0.0043903 seconds, Stopping threads took: 0.0000167 seconds
164.086: [GC (Allocation Failure)  527236K->207780K(1033728K), 0.0039913 secs]
164.090: Total time for which application threads were stopped: 0.0041564 seconds, Stopping threads took: 0.0000192 seconds
164.156: [GC (Allocation Failure)  527268K->208356K(1033728K), 0.0043835 secs]
164.161: Total time for which application threads were stopped: 0.0045462 seconds, Stopping threads took: 0.0000204 seconds
164.230: [GC (Allocation Failure)  527844K->215846K(1027072K), 0.0039675 secs]
164.234: Total time for which application threads were stopped: 0.0041349 seconds, Stopping threads took: 0.0000196 seconds
164.301: [GC (Allocation Failure)  535334K->215782K(1033216K), 0.0039533 secs]
164.305: Total time for which application threads were stopped: 0.0041383 seconds, Stopping threads took: 0.0000266 seconds
164.372: [GC (Allocation Failure)  534246K->216582K(1033216K), 0.0042104 secs]
164.376: Total time for which application threads were stopped: 0.0043807 seconds, Stopping threads took: 0.0000258 seconds
164.443: [GC (Allocation Failure)  535046K->223848K(1032704K), 0.0039392 secs]
164.447: Total time for which application threads were stopped: 0.0041301 seconds, Stopping threads took: 0.0000197 seconds
164.514: [GC (Allocation Failure)  542312K->223816K(1033216K), 0.0043682 secs]
164.519: Total time for which application threads were stopped: 0.0045326 seconds, Stopping threads took: 0.0000204 seconds
164.584: [GC (Allocation Failure)  542280K->223872K(1033216K), 0.0048855 secs]
164.589: Total time for which application threads were stopped: 0.0050562 seconds, Stopping threads took: 0.0000260 seconds
164.657: [GC (Allocation Failure)  542336K->231843K(1033216K), 0.0039419 secs]
164.661: Total time for which application threads were stopped: 0.0041132 seconds, Stopping threads took: 0.0000197 seconds
164.728: [GC (Allocation Failure)  550307K->231811K(1033216K), 0.0042850 secs]
164.732: Total time for which application threads were stopped: 0.0044713 seconds, Stopping threads took: 0.0000203 seconds
164.797: [GC (Allocation Failure)  550275K->232011K(1033216K), 0.0041738 secs]
164.801: Total time for which application threads were stopped: 0.0043559 seconds, Stopping threads took: 0.0000264 seconds
164.868: [GC (Allocation Failure)  550475K->239885K(1033216K), 0.0041569 secs]
164.872: Total time for which application threads were stopped: 0.0043504 seconds, Stopping threads took: 0.0000260 seconds
164.938: [GC (Allocation Failure)  558349K->239885K(1033216K), 0.0042832 secs]
164.942: Total time for which application threads were stopped: 0.0044757 seconds, Stopping threads took: 0.0000201 seconds
165.010: [GC (Allocation Failure)  558349K->240237K(1033216K), 0.0042411 secs]
165.015: Total time for which application threads were stopped: 0.0044094 seconds, Stopping threads took: 0.0000196 seconds
165.082: [GC (Allocation Failure)  558701K->247951K(1033216K), 0.0041803 secs]
165.086: Total time for which application threads were stopped: 0.0043510 seconds, Stopping threads took: 0.0000193 seconds
165.152: [GC (Allocation Failure)  566415K->247919K(1033216K), 0.0041341 secs]
165.156: Total time for which application threads were stopped: 0.0042954 seconds, Stopping threads took: 0.0000195 seconds
165.221: [GC (Allocation Failure)  566383K->247975K(1033216K), 0.0041239 secs]
165.225: Total time for which application threads were stopped: 0.0042965 seconds, Stopping threads took: 0.0000221 seconds
165.292: [GC (Allocation Failure)  566439K->255945K(1033216K), 0.0041386 secs]
165.297: Total time for which application threads were stopped: 0.0043254 seconds, Stopping threads took: 0.0000203 seconds
165.364: [GC (Allocation Failure)  574409K->255913K(1033216K), 0.0041767 secs]
165.369: Total time for which application threads were stopped: 0.0043445 seconds, Stopping threads took: 0.0000260 seconds
165.433: [GC (Allocation Failure)  574377K->256201K(1033216K), 0.0042187 secs]
165.437: Total time for which application threads were stopped: 0.0043874 seconds, Stopping threads took: 0.0000197 seconds
165.502: [GC (Allocation Failure)  574665K->263980K(1033216K), 0.0043314 secs]
165.507: Total time for which application threads were stopped: 0.0045019 seconds, Stopping threads took: 0.0000201 seconds
165.573: [GC (Allocation Failure)  582443K->260073K(1033728K), 0.0029003 secs]
165.576: Total time for which application threads were stopped: 0.0030561 seconds, Stopping threads took: 0.0000196 seconds
165.645: [GC (Allocation Failure)  579049K->264108K(1033216K), 0.0042511 secs]
165.649: Total time for which application threads were stopped: 0.0044198 seconds, Stopping threads took: 0.0000188 seconds
165.716: [GC (Allocation Failure)  583084K->268108K(1033728K), 0.0041719 secs]
165.720: Total time for which application threads were stopped: 0.0043291 seconds, Stopping threads took: 0.0000192 seconds
165.788: [GC (Allocation Failure)  588620K->275625K(1034240K), 0.0076165 secs]
165.795: Total time for which application threads were stopped: 0.0077759 seconds, Stopping threads took: 0.0000190 seconds
165.864: [GC (Allocation Failure)  596137K->269388K(1029120K), 0.0043815 secs]
165.868: Total time for which application threads were stopped: 0.0045601 seconds, Stopping threads took: 0.0000258 seconds
165.936: [GC (Allocation Failure)  584780K->269356K(1031680K), 0.0040801 secs]
165.940: Total time for which application threads were stopped: 0.0042525 seconds, Stopping threads took: 0.0000194 seconds
166.004: [GC (Allocation Failure)  584748K->264841K(1032704K), 0.0023042 secs]
166.007: Total time for which application threads were stopped: 0.0024948 seconds, Stopping threads took: 0.0000208 seconds
166.075: [GC (Allocation Failure)  581769K->269612K(1032192K), 0.0042221 secs]
166.080: Total time for which application threads were stopped: 0.0044012 seconds, Stopping threads took: 0.0000190 seconds
166.146: [GC (Allocation Failure)  586540K->269356K(1033216K), 0.0043516 secs]
166.151: Total time for which application threads were stopped: 0.0045078 seconds, Stopping threads took: 0.0000190 seconds
166.216: [GC (Allocation Failure)  587820K->269996K(1033216K), 0.0042901 secs]
166.221: Total time for which application threads were stopped: 0.0044492 seconds, Stopping threads took: 0.0000195 seconds
166.287: [GC (Allocation Failure)  588460K->277454K(1033216K), 0.0041213 secs]
166.291: Total time for which application threads were stopped: 0.0043155 seconds, Stopping threads took: 0.0000197 seconds
166.358: [GC (Allocation Failure)  595918K->277422K(1033216K), 0.0044139 secs]
166.363: Total time for which application threads were stopped: 0.0045748 seconds, Stopping threads took: 0.0000260 seconds
166.429: [GC (Allocation Failure)  595886K->278246K(1032704K), 0.0042924 secs]
166.433: Total time for which application threads were stopped: 0.0044641 seconds, Stopping threads took: 0.0000197 seconds
166.500: [GC (Allocation Failure)  596710K->285544K(1033216K), 0.0043554 secs]
166.505: Total time for which application threads were stopped: 0.0045251 seconds, Stopping threads took: 0.0000200 seconds
166.572: [GC (Allocation Failure)  604008K->285448K(1033728K), 0.0040931 secs]
166.576: Total time for which application threads were stopped: 0.0042934 seconds, Stopping threads took: 0.0000202 seconds
166.643: [GC (Allocation Failure)  604424K->286984K(1033216K), 0.0044388 secs]
166.648: Total time for which application threads were stopped: 0.0046108 seconds, Stopping threads took: 0.0000196 seconds
166.717: [GC (Allocation Failure)  605960K->293514K(1033728K), 0.0040021 secs]
166.721: Total time for which application threads were stopped: 0.0041715 seconds, Stopping threads took: 0.0000198 seconds
166.789: [GC (Allocation Failure)  613002K->293450K(1033728K), 0.0043625 secs]
166.793: Total time for which application threads were stopped: 0.0045324 seconds, Stopping threads took: 0.0000200 seconds
166.860: [GC (Allocation Failure)  612938K->293674K(1033728K), 0.0042998 secs]
166.865: Total time for which application threads were stopped: 0.0044893 seconds, Stopping threads took: 0.0000274 seconds
166.933: [GC (Allocation Failure)  613162K->301549K(1033728K), 0.0042996 secs]
166.937: Total time for which application threads were stopped: 0.0044701 seconds, Stopping threads took: 0.0000199 seconds
167.003: [GC (Allocation Failure)  621037K->301453K(1033728K), 0.0042442 secs]
167.007: Total time for which application threads were stopped: 0.0043980 seconds, Stopping threads took: 0.0000264 seconds
167.072: [GC (Allocation Failure)  620941K->301933K(1033728K), 0.0041743 secs]
167.076: Total time for which application threads were stopped: 0.0043669 seconds, Stopping threads took: 0.0000197 seconds
167.144: [GC (Allocation Failure)  621421K->309551K(1033728K), 0.0043395 secs]
167.148: Total time for which application threads were stopped: 0.0045233 seconds, Stopping threads took: 0.0000196 seconds
167.214: [GC (Allocation Failure)  629039K->309519K(1033728K), 0.0042725 secs]
167.218: Total time for which application threads were stopped: 0.0044349 seconds, Stopping threads took: 0.0000200 seconds
167.285: [GC (Allocation Failure)  629007K->310151K(1033728K), 0.0042150 secs]
167.289: Total time for which application threads were stopped: 0.0043740 seconds, Stopping threads took: 0.0000187 seconds
167.355: [GC (Allocation Failure)  629639K->317577K(1033728K), 0.0043309 secs]
167.359: Total time for which application threads were stopped: 0.0044933 seconds, Stopping threads took: 0.0000194 seconds
167.425: [GC (Allocation Failure)  637065K->317545K(1033728K), 0.0044491 secs]
167.429: Total time for which application threads were stopped: 0.0046157 seconds, Stopping threads took: 0.0000193 seconds
167.496: [GC (Allocation Failure)  637033K->319425K(1033728K), 0.0045801 secs]
167.501: Total time for which application threads were stopped: 0.0047416 seconds, Stopping threads took: 0.0000198 seconds
167.568: [GC (Allocation Failure)  638913K->325604K(1033728K), 0.0041304 secs]
167.572: Total time for which application threads were stopped: 0.0042997 seconds, Stopping threads took: 0.0000191 seconds
167.638: [GC (Allocation Failure)  645092K->325572K(1033728K), 0.0043688 secs]
167.643: Total time for which application threads were stopped: 0.0045390 seconds, Stopping threads took: 0.0000196 seconds
167.709: [GC (Allocation Failure)  645060K->326604K(1033728K), 0.0043436 secs]
167.714: Total time for which application threads were stopped: 0.0045107 seconds, Stopping threads took: 0.0000198 seconds
167.781: [GC (Allocation Failure)  646092K->333614K(1033728K), 0.0043253 secs]
167.786: Total time for which application threads were stopped: 0.0045028 seconds, Stopping threads took: 0.0000197 seconds
167.851: [GC (Allocation Failure)  653102K->333582K(1033728K), 0.0043534 secs]
167.855: Total time for which application threads were stopped: 0.0045291 seconds, Stopping threads took: 0.0000262 seconds
167.922: [GC (Allocation Failure)  653070K->333830K(1033728K), 0.0044205 secs]
167.927: Total time for which application threads were stopped: 0.0045812 seconds, Stopping threads took: 0.0000198 seconds
167.996: [GC (Allocation Failure)  653318K->341672K(1033728K), 0.0044943 secs]
168.001: Total time for which application threads were stopped: 0.0046900 seconds, Stopping threads took: 0.0000204 seconds
168.067: [GC (Allocation Failure)  661160K->341672K(1033728K), 0.0043418 secs]
168.071: Total time for which application threads were stopped: 0.0045412 seconds, Stopping threads took: 0.0000215 seconds
168.140: [GC (Allocation Failure)  661160K->342056K(1033728K), 0.0043155 secs]
168.144: Total time for which application threads were stopped: 0.0044935 seconds, Stopping threads took: 0.0000204 seconds
168.209: [GC (Allocation Failure)  661544K->349674K(1033728K), 0.0044100 secs]
168.214: Total time for which application threads were stopped: 0.0046057 seconds, Stopping threads took: 0.0000204 seconds
168.281: [GC (Allocation Failure)  669162K->349674K(1033728K), 0.0042415 secs]
168.286: Total time for which application threads were stopped: 0.0044169 seconds, Stopping threads took: 0.0000169 seconds
168.354: [GC (Allocation Failure)  669162K->350314K(1033728K), 0.0042842 secs]
168.359: Total time for which application threads were stopped: 0.0044624 seconds, Stopping threads took: 0.0000261 seconds
168.424: [GC (Allocation Failure)  669802K->357773K(1033728K), 0.0042771 secs]
168.429: Total time for which application threads were stopped: 0.0044622 seconds, Stopping threads took: 0.0000253 seconds
168.497: [GC (Allocation Failure)  677261K->357709K(1033728K), 0.0043763 secs]
168.502: Total time for which application threads were stopped: 0.0045392 seconds, Stopping threads took: 0.0000198 seconds
168.570: [GC (Allocation Failure)  677197K->358541K(1033728K), 0.0045411 secs]
168.574: Total time for which application threads were stopped: 0.0047244 seconds, Stopping threads took: 0.0000195 seconds
168.643: [GC (Allocation Failure)  678029K->365743K(1033728K), 0.0044926 secs]
168.648: Total time for which application threads were stopped: 0.0046780 seconds, Stopping threads took: 0.0000172 seconds
168.715: [GC (Allocation Failure)  685231K->365775K(1033728K), 0.0045505 secs]
168.719: Total time for which application threads were stopped: 0.0047106 seconds, Stopping threads took: 0.0000193 seconds
168.788: [GC (Allocation Failure)  685263K->366759K(1033728K), 0.0045309 secs]
168.792: Total time for which application threads were stopped: 0.0047085 seconds, Stopping threads took: 0.0000189 seconds
168.862: [GC (Allocation Failure)  686247K->373769K(1033728K), 0.0042207 secs]
168.866: Total time for which application threads were stopped: 0.0043864 seconds, Stopping threads took: 0.0000259 seconds
168.932: [GC (Allocation Failure)  693257K->373769K(1033728K), 0.0043284 secs]
168.936: Total time for which application threads were stopped: 0.0045103 seconds, Stopping threads took: 0.0000191 seconds
169.005: [GC (Allocation Failure)  693257K->373961K(1033728K), 0.0043863 secs]
169.009: Total time for which application threads were stopped: 0.0045620 seconds, Stopping threads took: 0.0000171 seconds
169.077: [GC (Allocation Failure)  693449K->381835K(1027072K), 0.0044792 secs]
169.081: Total time for which application threads were stopped: 0.0046287 seconds, Stopping threads took: 0.0000171 seconds
169.147: [GC (Allocation Failure)  701323K->381835K(1033216K), 0.0046442 secs]
169.152: Total time for which application threads were stopped: 0.0048193 seconds, Stopping threads took: 0.0000207 seconds
169.219: [GC (Allocation Failure)  700299K->382187K(1033216K), 0.0045772 secs]
169.223: Total time for which application threads were stopped: 0.0047519 seconds, Stopping threads took: 0.0000202 seconds
169.289: [GC (Allocation Failure)  700651K->389806K(1033216K), 0.0043786 secs]
169.294: Total time for which application threads were stopped: 0.0045350 seconds, Stopping threads took: 0.0000205 seconds
169.364: [GC (Allocation Failure)  708270K->389870K(1033216K), 0.0042206 secs]
169.368: Total time for which application threads were stopped: 0.0043841 seconds, Stopping threads took: 0.0000169 seconds
169.433: [GC (Allocation Failure)  708334K->390438K(1033216K), 0.0045262 secs]
169.437: Total time for which application threads were stopped: 0.0047056 seconds, Stopping threads took: 0.0000197 seconds
169.505: [GC (Allocation Failure)  708902K->397896K(1033216K), 0.0043040 secs]
169.509: Total time for which application threads were stopped: 0.0044751 seconds, Stopping threads took: 0.0000201 seconds
169.575: [GC (Allocation Failure)  716360K->397864K(1033216K), 0.0043495 secs]
169.580: Total time for which application threads were stopped: 0.0045420 seconds, Stopping threads took: 0.0000194 seconds
169.648: [GC (Allocation Failure)  716328K->398112K(1033216K), 0.0043918 secs]
169.653: Total time for which application threads were stopped: 0.0045552 seconds, Stopping threads took: 0.0000188 seconds
169.719: [GC (Allocation Failure)  716576K->405890K(1033216K), 0.0045749 secs]
169.724: Total time for which application threads were stopped: 0.0047543 seconds, Stopping threads took: 0.0000192 seconds
169.789: [GC (Allocation Failure)  724354K->405890K(1033216K), 0.0044083 secs]
169.794: Total time for which application threads were stopped: 0.0045803 seconds, Stopping threads took: 0.0000327 seconds
169.858: [GC (Allocation Failure)  724354K->405962K(1033216K), 0.0051722 secs]
169.863: Total time for which application threads were stopped: 0.0053473 seconds, Stopping threads took: 0.0000192 seconds
169.931: [GC (Allocation Failure)  724426K->413932K(1033216K), 0.0042954 secs]
169.935: Total time for which application threads were stopped: 0.0044525 seconds, Stopping threads took: 0.0000189 seconds
170.000: [GC (Allocation Failure)  732396K->413964K(1033216K), 0.0045286 secs]
170.005: Total time for which application threads were stopped: 0.0047200 seconds, Stopping threads took: 0.0000188 seconds
170.071: [GC (Allocation Failure)  732428K->414084K(1033216K), 0.0044194 secs]
170.076: Total time for which application threads were stopped: 0.0045697 seconds, Stopping threads took: 0.0000168 seconds
170.141: [GC (Allocation Failure)  732548K->421959K(1033216K), 0.0044823 secs]
170.146: Total time for which application threads were stopped: 0.0046548 seconds, Stopping threads took: 0.0000195 seconds
170.213: [GC (Allocation Failure)  740423K->421991K(1033216K), 0.0044776 secs]
170.217: Total time for which application threads were stopped: 0.0046393 seconds, Stopping threads took: 0.0000198 seconds
170.283: [GC (Allocation Failure)  740455K->422279K(1033216K), 0.0045884 secs]
170.288: Total time for which application threads were stopped: 0.0047541 seconds, Stopping threads took: 0.0000250 seconds
170.355: [GC (Allocation Failure)  740743K->430025K(1033216K), 0.0045026 secs]
170.360: Total time for which application threads were stopped: 0.0046743 seconds, Stopping threads took: 0.0000254 seconds
170.425: [GC (Allocation Failure)  748489K->429993K(1033216K), 0.0045521 secs]
170.430: Total time for which application threads were stopped: 0.0047449 seconds, Stopping threads took: 0.0000199 seconds
170.496: [GC (Allocation Failure)  748457K->430241K(1033216K), 0.0044270 secs]
170.500: Total time for which application threads were stopped: 0.0045909 seconds, Stopping threads took: 0.0000166 seconds
170.570: [GC (Allocation Failure)  748705K->438019K(1033216K), 0.0044607 secs]
170.575: Total time for which application threads were stopped: 0.0046351 seconds, Stopping threads took: 0.0000266 seconds
170.642: [GC (Allocation Failure)  756481K->434113K(1033216K), 0.0031807 secs]
170.645: Total time for which application threads were stopped: 0.0033285 seconds, Stopping threads took: 0.0000174 seconds
170.713: [GC (Allocation Failure)  752577K->438187K(1034752K), 0.0044377 secs]
170.718: Total time for which application threads were stopped: 0.0046097 seconds, Stopping threads took: 0.0000200 seconds
170.786: [GC (Allocation Failure)  758699K->442187K(1033728K), 0.0041674 secs]
170.790: Total time for which application threads were stopped: 0.0043295 seconds, Stopping threads took: 0.0000199 seconds
170.859: [GC (Allocation Failure)  762699K->434345K(1034240K), 0.0014284 secs]
170.860: Total time for which application threads were stopped: 0.0015549 seconds, Stopping threads took: 0.0000200 seconds
170.928: [GC (Allocation Failure)  754857K->442227K(1034240K), 0.0046526 secs]
170.932: Total time for which application threads were stopped: 0.0048275 seconds, Stopping threads took: 0.0000247 seconds
171.001: [GC (Allocation Failure)  762739K->446275K(1033216K), 0.0058350 secs]
171.007: Total time for which application threads were stopped: 0.0060113 seconds, Stopping threads took: 0.0000213 seconds
171.073: [GC (Allocation Failure)  765763K->452001K(1032704K), 0.0070914 secs]
171.080: Total time for which application threads were stopped: 0.0072558 seconds, Stopping threads took: 0.0000197 seconds
171.147: [GC (Allocation Failure)  771489K->446531K(1031680K), 0.0046532 secs]
171.152: Total time for which application threads were stopped: 0.0048187 seconds, Stopping threads took: 0.0000200 seconds
171.218: [GC (Allocation Failure)  762947K->446339K(1032192K), 0.0048165 secs]
171.223: Total time for which application threads were stopped: 0.0049923 seconds, Stopping threads took: 0.0000216 seconds
171.288: [GC (Allocation Failure)  762755K->440929K(1032704K), 0.0023234 secs]
171.290: Total time for which application threads were stopped: 0.0024746 seconds, Stopping threads took: 0.0000187 seconds
171.358: [GC (Allocation Failure)  758369K->446499K(1032704K), 0.0044915 secs]
171.363: Total time for which application threads were stopped: 0.0046669 seconds, Stopping threads took: 0.0000254 seconds
171.430: [GC (Allocation Failure)  763939K->446339K(1033216K), 0.0043976 secs]
171.435: Total time for which application threads were stopped: 0.0045914 seconds, Stopping threads took: 0.0000198 seconds
171.502: [GC (Allocation Failure)  764291K->446667K(1032704K), 0.0044262 secs]
171.506: Total time for which application threads were stopped: 0.0045866 seconds, Stopping threads took: 0.0000190 seconds
171.573: [GC (Allocation Failure)  764619K->454478K(1033216K), 0.0045052 secs]
171.578: Total time for which application threads were stopped: 0.0046720 seconds, Stopping threads took: 0.0000192 seconds
171.645: [GC (Allocation Failure)  772942K->454350K(1033216K), 0.0043676 secs]
171.649: Total time for which application threads were stopped: 0.0045372 seconds, Stopping threads took: 0.0000192 seconds
171.715: [GC (Allocation Failure)  772814K->458470K(1033728K), 0.0054315 secs]
171.720: Total time for which application threads were stopped: 0.0055998 seconds, Stopping threads took: 0.0000197 seconds
171.787: [GC (Allocation Failure)  777446K->462440K(1033216K), 0.0045269 secs]
171.792: Total time for which application threads were stopped: 0.0047200 seconds, Stopping threads took: 0.0000192 seconds
171.860: [GC (Allocation Failure)  781416K->462408K(1034240K), 0.0042976 secs]
171.865: Total time for which application threads were stopped: 0.0044578 seconds, Stopping threads took: 0.0000261 seconds
171.931: [GC (Allocation Failure)  782408K->465160K(1033728K), 0.0048401 secs]
171.936: Total time for which application threads were stopped: 0.0050020 seconds, Stopping threads took: 0.0000198 seconds
172.005: [GC (Allocation Failure)  785160K->470410K(1034240K), 0.0045036 secs]
172.009: Total time for which application threads were stopped: 0.0046663 seconds, Stopping threads took: 0.0000195 seconds
172.077: [GC (Allocation Failure)  790922K->470410K(1034240K), 0.0044941 secs]
172.081: Total time for which application threads were stopped: 0.0046562 seconds, Stopping threads took: 0.0000190 seconds
172.149: [GC (Allocation Failure)  790922K->470826K(1034240K), 0.0046015 secs]
172.153: Total time for which application threads were stopped: 0.0047664 seconds, Stopping threads took: 0.0000196 seconds
172.222: [GC (Allocation Failure)  791338K->478476K(1034240K), 0.0045456 secs]
172.226: Total time for which application threads were stopped: 0.0047097 seconds, Stopping threads took: 0.0000200 seconds
172.296: [GC (Allocation Failure)  798988K->478476K(1034240K), 0.0045799 secs]
172.300: Total time for which application threads were stopped: 0.0047496 seconds, Stopping threads took: 0.0000187 seconds
172.369: [GC (Allocation Failure)  798988K->481132K(1034240K), 0.0049283 secs]
172.374: Total time for which application threads were stopped: 0.0051027 seconds, Stopping threads took: 0.0000277 seconds
172.444: [GC (Allocation Failure)  801644K->486511K(1034240K), 0.0046584 secs]
172.449: Total time for which application threads were stopped: 0.0048349 seconds, Stopping threads took: 0.0000188 seconds
172.518: [GC (Allocation Failure)  807023K->486511K(1034240K), 0.0048982 secs]
172.523: Total time for which application threads were stopped: 0.0050666 seconds, Stopping threads took: 0.0000193 seconds
172.590: [GC (Allocation Failure)  807023K->487279K(1033728K), 0.0056435 secs]
172.596: Total time for which application threads were stopped: 0.0058240 seconds, Stopping threads took: 0.0000267 seconds
172.664: [GC (Allocation Failure)  807791K->494641K(1034240K), 0.0044824 secs]
172.669: Total time for which application threads were stopped: 0.0046721 seconds, Stopping threads took: 0.0000191 seconds
172.736: [GC (Allocation Failure)  815153K->494513K(1034240K), 0.0047762 secs]
172.741: Total time for which application threads were stopped: 0.0049364 seconds, Stopping threads took: 0.0000189 seconds
172.809: [GC (Allocation Failure)  815025K->497577K(1034240K), 0.0051849 secs]
172.815: Total time for which application threads were stopped: 0.0053457 seconds, Stopping threads took: 0.0000183 seconds
172.883: [GC (Allocation Failure)  818089K->502571K(1034752K), 0.0045411 secs]
172.887: Total time for which application threads were stopped: 0.0047079 seconds, Stopping threads took: 0.0000273 seconds
172.957: [GC (Allocation Failure)  824107K->502571K(1034752K), 0.0044573 secs]
172.961: Total time for which application threads were stopped: 0.0046173 seconds, Stopping threads took: 0.0000192 seconds
173.026: [GC (Allocation Failure)  824107K->505835K(1034752K), 0.0052310 secs]
173.032: Total time for which application threads were stopped: 0.0053931 seconds, Stopping threads took: 0.0000190 seconds
173.100: [GC (Allocation Failure)  827371K->510573K(1034752K), 0.0048764 secs]
173.105: Total time for which application threads were stopped: 0.0050549 seconds, Stopping threads took: 0.0000194 seconds
173.172: [GC (Allocation Failure)  832109K->510605K(1034752K), 0.0047444 secs]
173.177: Total time for which application threads were stopped: 0.0049556 seconds, Stopping threads took: 0.0000347 seconds
173.244: [GC (Allocation Failure)  832141K->510989K(1034752K), 0.0045755 secs]
173.249: Total time for which application threads were stopped: 0.0047564 seconds, Stopping threads took: 0.0000335 seconds
173.318: [GC (Allocation Failure)  832525K->518608K(1034752K), 0.0046050 secs]
173.322: Total time for which application threads were stopped: 0.0047617 seconds, Stopping threads took: 0.0000199 seconds
173.389: [GC (Allocation Failure)  840144K->518640K(1034752K), 0.0047245 secs]
173.394: Total time for which application threads were stopped: 0.0049064 seconds, Stopping threads took: 0.0000193 seconds
173.460: [GC (Allocation Failure)  840176K->520240K(1034752K), 0.0064682 secs]
173.467: Total time for which application threads were stopped: 0.0066249 seconds, Stopping threads took: 0.0000166 seconds
173.535: [GC (Allocation Failure)  841776K->526674K(1029120K), 0.0046471 secs]
173.540: Total time for which application threads were stopped: 0.0048361 seconds, Stopping threads took: 0.0000301 seconds
173.607: [GC (Allocation Failure)  848210K->526610K(1034752K), 0.0045331 secs]
173.611: Total time for which application threads were stopped: 0.0047143 seconds, Stopping threads took: 0.0000141 seconds
173.678: [GC (Allocation Failure)  847634K->528970K(1034240K), 0.0049695 secs]
173.683: Total time for which application threads were stopped: 0.0051734 seconds, Stopping threads took: 0.0000206 seconds
173.753: [GC (Allocation Failure)  849994K->534732K(1034752K), 0.0045144 secs]
173.757: Total time for which application threads were stopped: 0.0046723 seconds, Stopping threads took: 0.0000174 seconds
173.825: [GC (Allocation Failure)  856268K->534700K(1034752K), 0.0045526 secs]
173.830: Total time for which application threads were stopped: 0.0047199 seconds, Stopping threads took: 0.0000188 seconds
173.896: [GC (Allocation Failure)  856236K->537700K(1034752K), 0.0053712 secs]
173.902: Total time for which application threads were stopped: 0.0055307 seconds, Stopping threads took: 0.0000186 seconds
173.969: [GC (Allocation Failure)  859236K->542726K(1034752K), 0.0046673 secs]
173.974: Total time for which application threads were stopped: 0.0048334 seconds, Stopping threads took: 0.0000198 seconds
174.039: [GC (Allocation Failure)  864262K->542726K(1034752K), 0.0047421 secs]
174.044: Total time for which application threads were stopped: 0.0049131 seconds, Stopping threads took: 0.0000185 seconds
174.109: [GC (Allocation Failure)  864262K->542926K(1021440K), 0.0048116 secs]
174.114: Total time for which application threads were stopped: 0.0049824 seconds, Stopping threads took: 0.0000188 seconds
174.184: [GC (Allocation Failure)  864462K->550769K(1034240K), 0.0045190 secs]
174.189: Total time for which application threads were stopped: 0.0046765 seconds, Stopping threads took: 0.0000193 seconds
174.257: [GC (Allocation Failure)  871281K->550737K(1034240K), 0.0047649 secs]
174.262: Total time for which application threads were stopped: 0.0049571 seconds, Stopping threads took: 0.0000184 seconds
174.330: [GC (Allocation Failure)  871249K->554153K(1034752K), 0.0053852 secs]
174.336: Total time for which application threads were stopped: 0.0055524 seconds, Stopping threads took: 0.0000160 seconds
174.406: [GC (Allocation Failure)  875177K->558891K(1034240K), 0.0045615 secs]
174.410: Total time for which application threads were stopped: 0.0047203 seconds, Stopping threads took: 0.0000261 seconds
174.477: [GC (Allocation Failure)  879915K->558731K(1034752K), 0.0047819 secs]
174.482: Total time for which application threads were stopped: 0.0049625 seconds, Stopping threads took: 0.0000196 seconds
174.550: [GC (Allocation Failure)  880267K->562379K(1034752K), 0.0055449 secs]
174.555: Total time for which application threads were stopped: 0.0057099 seconds, Stopping threads took: 0.0000198 seconds
174.625: [GC (Allocation Failure)  883915K->566861K(1034752K), 0.0046144 secs]
174.629: Total time for which application threads were stopped: 0.0047870 seconds, Stopping threads took: 0.0000202 seconds
174.697: [GC (Allocation Failure)  888397K->566797K(1034752K), 0.0044241 secs]
174.702: Total time for which application threads were stopped: 0.0046330 seconds, Stopping threads took: 0.0000242 seconds
174.769: [GC (Allocation Failure)  888333K->567501K(1034752K), 0.0048358 secs]
174.774: Total time for which application threads were stopped: 0.0049850 seconds, Stopping threads took: 0.0000163 seconds
174.844: [GC (Allocation Failure)  889037K->574864K(1034752K), 0.0044980 secs]
174.848: Total time for which application threads were stopped: 0.0046551 seconds, Stopping threads took: 0.0000256 seconds
174.915: [GC (Allocation Failure)  896400K->574864K(1034752K), 0.0046486 secs]
174.920: Total time for which application threads were stopped: 0.0048189 seconds, Stopping threads took: 0.0000193 seconds
174.985: [GC (Allocation Failure)  896400K->576744K(1034752K), 0.0049531 secs]
174.990: Total time for which application threads were stopped: 0.0051378 seconds, Stopping threads took: 0.0000197 seconds
175.059: [GC (Allocation Failure)  898280K->582890K(1034752K), 0.0047792 secs]
175.063: Total time for which application threads were stopped: 0.0049402 seconds, Stopping threads took: 0.0000197 seconds
175.131: [GC (Allocation Failure)  904426K->582858K(1034752K), 0.0045718 secs]
175.136: Total time for which application threads were stopped: 0.0047651 seconds, Stopping threads took: 0.0000192 seconds
175.204: [GC (Allocation Failure)  904394K->586026K(1034752K), 0.0053567 secs]
175.209: Total time for which application threads were stopped: 0.0055272 seconds, Stopping threads took: 0.0000173 seconds
175.277: [GC (Allocation Failure)  907562K->591020K(1034752K), 0.0047888 secs]
175.282: Total time for which application threads were stopped: 0.0049541 seconds, Stopping threads took: 0.0000196 seconds
175.349: [GC (Allocation Failure)  912556K->590892K(1034752K), 0.0046818 secs]
175.353: Total time for which application threads were stopped: 0.0048438 seconds, Stopping threads took: 0.0000252 seconds
175.418: [GC (Allocation Failure)  912428K->591148K(1034752K), 0.0046937 secs]
175.423: Total time for which application threads were stopped: 0.0048898 seconds, Stopping threads took: 0.0000202 seconds
175.490: [GC (Allocation Failure)  912684K->598990K(1033728K), 0.0061781 secs]
175.497: Total time for which application threads were stopped: 0.0063275 seconds, Stopping threads took: 0.0000164 seconds
175.566: [GC (Allocation Failure)  919502K->598926K(1034240K), 0.0045900 secs]
175.571: Total time for which application threads were stopped: 0.0048226 seconds, Stopping threads took: 0.0000191 seconds
175.640: [GC (Allocation Failure)  919438K->602470K(1034752K), 0.0055122 secs]
175.645: Total time for which application threads were stopped: 0.0056643 seconds, Stopping threads took: 0.0000164 seconds
175.712: [GC (Allocation Failure)  923494K->606985K(1034240K), 0.0048677 secs]
175.717: Total time for which application threads were stopped: 0.0050447 seconds, Stopping threads took: 0.0000283 seconds
175.784: [GC (Allocation Failure)  928009K->606953K(1034752K), 0.0048152 secs]
175.789: Total time for which application threads were stopped: 0.0050086 seconds, Stopping threads took: 0.0000332 seconds
175.856: [GC (Allocation Failure)  928489K->610697K(1034752K), 0.0055872 secs]
175.862: Total time for which application threads were stopped: 0.0057557 seconds, Stopping threads took: 0.0000260 seconds
175.930: [GC (Allocation Failure)  932233K->615019K(1035264K), 0.0047396 secs]
175.934: Total time for which application threads were stopped: 0.0048998 seconds, Stopping threads took: 0.0000194 seconds
176.001: [GC (Allocation Failure)  937579K->614987K(1035264K), 0.0054934 secs]
176.007: Total time for which application threads were stopped: 0.0056598 seconds, Stopping threads took: 0.0000194 seconds
176.073: [GC (Allocation Failure)  937547K->617899K(1035264K), 0.0054407 secs]
176.079: Total time for which application threads were stopped: 0.0056107 seconds, Stopping threads took: 0.0000191 seconds
176.147: [GC (Allocation Failure)  940459K->623053K(1035264K), 0.0047601 secs]
176.152: Total time for which application threads were stopped: 0.0049470 seconds, Stopping threads took: 0.0000190 seconds
176.222: [GC (Allocation Failure)  945613K->623021K(1035264K), 0.0045415 secs]
176.227: Total time for which application threads were stopped: 0.0047152 seconds, Stopping threads took: 0.0000189 seconds
176.295: [GC (Allocation Failure)  945581K->626157K(1035264K), 0.0054805 secs]
176.301: Total time for which application threads were stopped: 0.0056365 seconds, Stopping threads took: 0.0000164 seconds
176.369: [GC (Allocation Failure)  948717K->631183K(1035264K), 0.0047374 secs]
176.374: Total time for which application threads were stopped: 0.0049061 seconds, Stopping threads took: 0.0000282 seconds
176.443: [GC (Allocation Failure)  953743K->631087K(1035264K), 0.0048732 secs]
176.448: Total time for which application threads were stopped: 0.0050655 seconds, Stopping threads took: 0.0000190 seconds
176.515: [GC (Allocation Failure)  953647K->634407K(1035264K), 0.0054849 secs]
176.521: Total time for which application threads were stopped: 0.0056434 seconds, Stopping threads took: 0.0000192 seconds
176.591: [GC (Allocation Failure)  956967K->639146K(1035264K), 0.0059678 secs]
176.597: Total time for which application threads were stopped: 0.0061723 seconds, Stopping threads took: 0.0000195 seconds
176.666: [GC (Allocation Failure)  961706K->639082K(1035264K), 0.0050441 secs]
176.671: Total time for which application threads were stopped: 0.0052139 seconds, Stopping threads took: 0.0000190 seconds
176.738: [GC (Allocation Failure)  961642K->642634K(1035264K), 0.0056717 secs]
176.744: Total time for which application threads were stopped: 0.0058464 seconds, Stopping threads took: 0.0000201 seconds
176.812: [GC (Allocation Failure)  965194K->647116K(1035264K), 0.0049243 secs]
176.817: Total time for which application threads were stopped: 0.0050972 seconds, Stopping threads took: 0.0000202 seconds
176.886: [GC (Allocation Failure)  969676K->647116K(1035264K), 0.0048896 secs]
176.891: Total time for which application threads were stopped: 0.0050688 seconds, Stopping threads took: 0.0000269 seconds
176.959: [GC (Allocation Failure)  969676K->650884K(1035776K), 0.0058198 secs]
176.965: Total time for which application threads were stopped: 0.0059815 seconds, Stopping threads took: 0.0000196 seconds
177.033: [GC (Allocation Failure)  974468K->655334K(1035776K), 0.0049697 secs]
177.038: Total time for which application threads were stopped: 0.0051551 seconds, Stopping threads took: 0.0000197 seconds
177.106: [GC (Allocation Failure)  978918K->655174K(1035776K), 0.0049660 secs]
177.111: Total time for which application threads were stopped: 0.0051279 seconds, Stopping threads took: 0.0000197 seconds
177.179: [GC (Allocation Failure)  978758K->654116K(1035776K), 0.0045644 secs]
177.183: Total time for which application threads were stopped: 0.0047360 seconds, Stopping threads took: 0.0000274 seconds
177.252: [GC (Allocation Failure)  977700K->655334K(1036288K), 0.0047588 secs]
177.256: Total time for which application threads were stopped: 0.0049183 seconds, Stopping threads took: 0.0000196 seconds
177.325: [GC (Allocation Failure)  979942K->655142K(1036288K), 0.0048601 secs]
177.330: Total time for which application threads were stopped: 0.0050288 seconds, Stopping threads took: 0.0000191 seconds
177.397: [GC (Allocation Failure)  979750K->647172K(1035264K), 0.0018726 secs]
177.399: Total time for which application threads were stopped: 0.0020168 seconds, Stopping threads took: 0.0000260 seconds
177.469: [GC (Allocation Failure)  970756K->655246K(1031168K), 0.0050566 secs]
177.474: Total time for which application threads were stopped: 0.0052484 seconds, Stopping threads took: 0.0000276 seconds
177.544: [GC (Allocation Failure)  978830K->659294K(1035776K), 0.0066626 secs]
177.550: Total time for which application threads were stopped: 0.0068313 seconds, Stopping threads took: 0.0000193 seconds
177.616: [GC (Allocation Failure)  982366K->655420K(1035264K), 0.0039184 secs]
177.620: Total time for which application threads were stopped: 0.0040980 seconds, Stopping threads took: 0.0000190 seconds
177.688: [GC (Allocation Failure)  978492K->659454K(1035776K), 0.0049810 secs]
177.693: Total time for which application threads were stopped: 0.0051434 seconds, Stopping threads took: 0.0000192 seconds
177.761: [GC (Allocation Failure)  983038K->663422K(1035776K), 0.0049944 secs]
177.766: Total time for which application threads were stopped: 0.0051616 seconds, Stopping threads took: 0.0000194 seconds
177.834: [GC (Allocation Failure)  987006K->663422K(1035776K), 0.0046952 secs]
177.839: Total time for which application threads were stopped: 0.0048875 seconds, Stopping threads took: 0.0000185 seconds
177.905: [GC (Allocation Failure)  987006K->663782K(1023488K), 0.0048121 secs]
177.910: Total time for which application threads were stopped: 0.0049560 seconds, Stopping threads took: 0.0000170 seconds
177.978: [GC (Allocation Failure)  987366K->671496K(1035264K), 0.0049755 secs]
177.983: Total time for which application threads were stopped: 0.0051487 seconds, Stopping threads took: 0.0000192 seconds
178.053: [GC (Allocation Failure)  994056K->671464K(1035264K), 0.0046995 secs]
178.057: Total time for which application threads were stopped: 0.0048761 seconds, Stopping threads took: 0.0000189 seconds
178.126: [GC (Allocation Failure)  994024K->671976K(1034240K), 0.0048887 secs]
178.131: Total time for which application threads were stopped: 0.0050575 seconds, Stopping threads took: 0.0000197 seconds
178.198: [GC (Allocation Failure)  993512K->679499K(1034752K), 0.0050468 secs]
178.203: Total time for which application threads were stopped: 0.0052151 seconds, Stopping threads took: 0.0000201 seconds
178.271: [GC (Allocation Failure)  1001035K->679467K(1034752K), 0.0075481 secs]
178.279: Total time for which application threads were stopped: 0.0077172 seconds, Stopping threads took: 0.0000197 seconds
178.345: [GC (Allocation Failure)  1001003K->679691K(1034752K), 0.0052404 secs]
178.350: Total time for which application threads were stopped: 0.0054107 seconds, Stopping threads took: 0.0000199 seconds
178.417: [GC (Allocation Failure)  1001227K->687533K(1033728K), 0.0050861 secs]
178.422: Total time for which application threads were stopped: 0.0052485 seconds, Stopping threads took: 0.0000191 seconds
178.490: [GC (Allocation Failure)  1008045K->687533K(1034240K), 0.0048671 secs]
178.495: Total time for which application threads were stopped: 0.0050265 seconds, Stopping threads took: 0.0000190 seconds
178.562: [GC (Allocation Failure)  1008045K->687653K(1034240K), 0.0051982 secs]
178.567: [Full GC (Ergonomics)  687653K->8600K(1034240K), 0.0123129 secs]
178.579: Total time for which application threads were stopped: 0.0177545 seconds, Stopping threads took: 0.0000191 seconds
178.647: [GC (Allocation Failure)  329112K->16890K(1034240K), 0.0038622 secs]
178.651: Total time for which application threads were stopped: 0.0040190 seconds, Stopping threads took: 0.0000186 seconds
178.719: [GC (Allocation Failure)  337402K->16818K(1034240K), 0.0037219 secs]
178.722: Total time for which application threads were stopped: 0.0038778 seconds, Stopping threads took: 0.0000189 seconds
178.791: [GC (Allocation Failure)  337330K->16906K(1020416K), 0.0035924 secs]
178.794: Total time for which application threads were stopped: 0.0037619 seconds, Stopping threads took: 0.0000197 seconds
178.862: [GC (Allocation Failure)  337418K->24909K(1033728K), 0.0035991 secs]
178.865: Total time for which application threads were stopped: 0.0037641 seconds, Stopping threads took: 0.0000259 seconds
178.932: [GC (Allocation Failure)  344397K->24877K(1033728K), 0.0036790 secs]
178.936: Total time for which application threads were stopped: 0.0038595 seconds, Stopping threads took: 0.0000197 seconds
179.000: [GC (Allocation Failure)  344365K->25133K(1033728K), 0.0036262 secs]
179.004: Total time for which application threads were stopped: 0.0037927 seconds, Stopping threads took: 0.0000189 seconds
179.074: [GC (Allocation Failure)  344621K->32975K(1033728K), 0.0036602 secs]
179.077: Total time for which application threads were stopped: 0.0038185 seconds, Stopping threads took: 0.0000188 seconds
179.145: [GC (Allocation Failure)  352463K->32911K(1033728K), 0.0042812 secs]
179.150: Total time for which application threads were stopped: 0.0044454 seconds, Stopping threads took: 0.0000191 seconds
179.216: [GC (Allocation Failure)  352399K->33127K(1033728K), 0.0037141 secs]
179.219: Total time for which application threads were stopped: 0.0038771 seconds, Stopping threads took: 0.0000193 seconds
179.286: [GC (Allocation Failure)  352615K->40937K(1032704K), 0.0037047 secs]
179.290: Total time for which application threads were stopped: 0.0038805 seconds, Stopping threads took: 0.0000217 seconds
179.357: [GC (Allocation Failure)  359401K->37031K(1033216K), 0.0024255 secs]
179.360: Total time for which application threads were stopped: 0.0025877 seconds, Stopping threads took: 0.0000256 seconds
179.428: [GC (Allocation Failure)  355495K->41097K(1034752K), 0.0037411 secs]
179.432: Total time for which application threads were stopped: 0.0039027 seconds, Stopping threads took: 0.0000262 seconds
179.499: [GC (Allocation Failure)  362121K->45065K(1034240K), 0.0036494 secs]
179.503: Total time for which application threads were stopped: 0.0038307 seconds, Stopping threads took: 0.0000223 seconds
179.570: [GC (Allocation Failure)  366089K->38279K(1034752K), 0.0011679 secs]
179.572: Total time for which application threads were stopped: 0.0013036 seconds, Stopping threads took: 0.0000203 seconds
179.643: [GC (Allocation Failure)  359815K->45105K(1034752K), 0.0038116 secs]
179.647: Total time for which application threads were stopped: 0.0039823 seconds, Stopping threads took: 0.0000195 seconds
179.714: [GC (Allocation Failure)  366641K->49217K(1034752K), 0.0047153 secs]
179.719: Total time for which application threads were stopped: 0.0048848 seconds, Stopping threads took: 0.0000198 seconds
179.786: [GC (Allocation Failure)  370753K->43647K(1034752K), 0.0015514 secs]
179.788: Total time for which application threads were stopped: 0.0017099 seconds, Stopping threads took: 0.0000202 seconds
179.858: [GC (Allocation Failure)  365183K->49481K(1035776K), 0.0038310 secs]
179.862: Total time for which application threads were stopped: 0.0040060 seconds, Stopping threads took: 0.0000252 seconds
179.929: [GC (Allocation Failure)  372041K->53353K(1034752K), 0.0040069 secs]
179.933: Total time for which application threads were stopped: 0.0041674 seconds, Stopping threads took: 0.0000197 seconds
180.000: [GC (Allocation Failure)  375913K->49447K(1035776K), 0.0025019 secs]
180.003: Total time for which application threads were stopped: 0.0026516 seconds, Stopping threads took: 0.0000197 seconds
180.070: [GC (Allocation Failure)  372519K->53513K(1035264K), 0.0040047 secs]
180.074: Total time for which application threads were stopped: 0.0041731 seconds, Stopping threads took: 0.0000193 seconds
180.141: [GC (Allocation Failure)  376585K->57513K(1035264K), 0.0037292 secs]
180.145: Total time for which application threads were stopped: 0.0039091 seconds, Stopping threads took: 0.0000196 seconds
180.213: [GC (Allocation Failure)  381097K->57513K(1035776K), 0.0036160 secs]
180.217: Total time for which application threads were stopped: 0.0037982 seconds, Stopping threads took: 0.0000247 seconds
180.284: [GC (Allocation Failure)  381097K->57545K(1034752K), 0.0036585 secs]
180.287: Total time for which application threads were stopped: 0.0038199 seconds, Stopping threads took: 0.0000196 seconds
180.357: [GC (Allocation Failure)  380105K->65547K(1035264K), 0.0037012 secs]
180.361: Total time for which application threads were stopped: 0.0038797 seconds, Stopping threads took: 0.0000193 seconds
180.428: [GC (Allocation Failure)  388107K->65515K(1034240K), 0.0036766 secs]
180.431: Total time for which application threads were stopped: 0.0038437 seconds, Stopping threads took: 0.0000259 seconds
180.498: [GC (Allocation Failure)  387051K->65571K(1034752K), 0.0037687 secs]
180.502: Total time for which application threads were stopped: 0.0039633 seconds, Stopping threads took: 0.0000198 seconds
180.571: [GC (Allocation Failure)  387107K->73574K(1034752K), 0.0039542 secs]
180.575: Total time for which application threads were stopped: 0.0041241 seconds, Stopping threads took: 0.0000181 seconds
180.644: [GC (Allocation Failure)  395110K->73542K(1029120K), 0.0037337 secs]
180.648: Total time for which application threads were stopped: 0.0039028 seconds, Stopping threads took: 0.0000199 seconds
180.714: [GC (Allocation Failure)  395078K->73798K(1034240K), 0.0038758 secs]
180.718: Total time for which application threads were stopped: 0.0040360 seconds, Stopping threads took: 0.0000198 seconds
180.785: [GC (Allocation Failure)  394310K->81576K(1034240K), 0.0037442 secs]
180.789: Total time for which application threads were stopped: 0.0039043 seconds, Stopping threads took: 0.0000193 seconds
180.857: [GC (Allocation Failure)  402088K->81608K(1034240K), 0.0036320 secs]
180.861: Total time for which application threads were stopped: 0.0037963 seconds, Stopping threads took: 0.0000249 seconds
180.927: [GC (Allocation Failure)  402120K->82024K(1020416K), 0.0039076 secs]
180.931: Total time for which application threads were stopped: 0.0040732 seconds, Stopping threads took: 0.0000197 seconds
180.997: [GC (Allocation Failure)  402536K->89642K(1033728K), 0.0038125 secs]
181.001: Total time for which application threads were stopped: 0.0039822 seconds, Stopping threads took: 0.0000193 seconds
181.067: [GC (Allocation Failure)  409130K->89610K(1033728K), 0.0036021 secs]
181.070: Total time for which application threads were stopped: 0.0037714 seconds, Stopping threads took: 0.0000198 seconds
181.137: [GC (Allocation Failure)  409098K->89730K(1033728K), 0.0039664 secs]
181.141: Total time for which application threads were stopped: 0.0041377 seconds, Stopping threads took: 0.0000194 seconds
181.208: [GC (Allocation Failure)  409218K->97668K(1033728K), 0.0037971 secs]
181.212: Total time for which application threads were stopped: 0.0039875 seconds, Stopping threads took: 0.0000193 seconds
181.279: [GC (Allocation Failure)  417156K->97636K(1033728K), 0.0037031 secs]
181.283: Total time for which application threads were stopped: 0.0038711 seconds, Stopping threads took: 0.0000205 seconds
181.349: [GC (Allocation Failure)  417124K->97660K(1033728K), 0.0044799 secs]
181.354: Total time for which application threads were stopped: 0.0046399 seconds, Stopping threads took: 0.0000196 seconds
181.421: [GC (Allocation Failure)  417148K->105695K(1032704K), 0.0038292 secs]
181.425: Total time for which application threads were stopped: 0.0039769 seconds, Stopping threads took: 0.0000197 seconds
181.493: [GC (Allocation Failure)  424159K->100092K(1033216K), 0.0015941 secs]
181.495: Total time for which application threads were stopped: 0.0017224 seconds, Stopping threads took: 0.0000168 seconds
181.564: [GC (Allocation Failure)  418556K->105927K(1034752K), 0.0039508 secs]
181.568: Total time for which application threads were stopped: 0.0041274 seconds, Stopping threads took: 0.0000220 seconds
181.637: [GC (Allocation Failure)  426439K->109783K(1033728K), 0.0037719 secs]
181.641: Total time for which application threads were stopped: 0.0039299 seconds, Stopping threads took: 0.0000193 seconds
181.708: [GC (Allocation Failure)  430295K->116716K(1029120K), 0.0067778 secs]
181.715: Total time for which application threads were stopped: 0.0069517 seconds, Stopping threads took: 0.0000200 seconds
181.782: [GC (Allocation Failure)  432108K->110639K(1031680K), 0.0038900 secs]
181.786: Total time for which application threads were stopped: 0.0040636 seconds, Stopping threads took: 0.0000195 seconds
181.851: [GC (Allocation Failure)  426031K->110447K(1032704K), 0.0038124 secs]
181.855: Total time for which application threads were stopped: 0.0039824 seconds, Stopping threads took: 0.0000260 seconds
181.921: [GC (Allocation Failure)  427375K->113863K(1032192K), 0.0044501 secs]
181.926: Total time for which application threads were stopped: 0.0046089 seconds, Stopping threads took: 0.0000166 seconds
181.994: [GC (Allocation Failure)  430791K->118569K(1033216K), 0.0038649 secs]
181.998: Total time for which application threads were stopped: 0.0040448 seconds, Stopping threads took: 0.0000198 seconds
182.067: [GC (Allocation Failure)  436521K->118473K(1032704K), 0.0039334 secs]
182.071: Total time for which application threads were stopped: 0.0040950 seconds, Stopping threads took: 0.0000191 seconds
182.138: [GC (Allocation Failure)  436425K->119497K(1033216K), 0.0038292 secs]
182.142: Total time for which application threads were stopped: 0.0040128 seconds, Stopping threads took: 0.0000166 seconds
182.210: [GC (Allocation Failure)  437961K->126539K(1033216K), 0.0039090 secs]
182.214: Total time for which application threads were stopped: 0.0040703 seconds, Stopping threads took: 0.0000191 seconds
182.282: [GC (Allocation Failure)  445003K->126507K(1033728K), 0.0038417 secs]
182.286: Total time for which application threads were stopped: 0.0040188 seconds, Stopping threads took: 0.0000192 seconds
182.353: [GC (Allocation Failure)  445483K->128203K(1033216K), 0.0038793 secs]
182.357: Total time for which application threads were stopped: 0.0040337 seconds, Stopping threads took: 0.0000249 seconds
182.425: [GC (Allocation Failure)  447179K->134606K(1033728K), 0.0037812 secs]
182.429: Total time for which application threads were stopped: 0.0039510 seconds, Stopping threads took: 0.0000284 seconds
182.499: [GC (Allocation Failure)  454094K->134542K(1033728K), 0.0038326 secs]
182.503: Total time for which application threads were stopped: 0.0040032 seconds, Stopping threads took: 0.0000196 seconds
182.569: [GC (Allocation Failure)  454030K->134894K(1033728K), 0.0040491 secs]
182.573: Total time for which application threads were stopped: 0.0042130 seconds, Stopping threads took: 0.0000199 seconds
182.641: [GC (Allocation Failure)  454382K->142608K(1033728K), 0.0042071 secs]
182.645: Total time for which application threads were stopped: 0.0043691 seconds, Stopping threads took: 0.0000197 seconds
182.715: [GC (Allocation Failure)  462096K->142544K(1033728K), 0.0038682 secs]
182.719: Total time for which application threads were stopped: 0.0040297 seconds, Stopping threads took: 0.0000200 seconds
182.785: [GC (Allocation Failure)  462032K->146216K(1033728K), 0.0047176 secs]
182.790: Total time for which application threads were stopped: 0.0048817 seconds, Stopping threads took: 0.0000198 seconds
182.858: [GC (Allocation Failure)  465704K->150698K(1034240K), 0.0040105 secs]
182.862: Total time for which application threads were stopped: 0.0041714 seconds, Stopping threads took: 0.0000270 seconds
182.930: [GC (Allocation Failure)  471210K->150602K(1034240K), 0.0039058 secs]
182.934: Total time for which application threads were stopped: 0.0040619 seconds, Stopping threads took: 0.0000191 seconds
183.002: [GC (Allocation Failure)  471114K->151338K(1034240K), 0.0041064 secs]
183.007: Total time for which application threads were stopped: 0.0042684 seconds, Stopping threads took: 0.0000182 seconds
183.075: [GC (Allocation Failure)  471850K->158636K(1034240K), 0.0040943 secs]
183.079: Total time for which application threads were stopped: 0.0042695 seconds, Stopping threads took: 0.0000193 seconds
183.147: [GC (Allocation Failure)  479148K->158604K(1034240K), 0.0037849 secs]
183.150: Total time for which application threads were stopped: 0.0039412 seconds, Stopping threads took: 0.0000187 seconds
183.219: [GC (Allocation Failure)  479116K->159596K(1034240K), 0.0040469 secs]
183.223: Total time for which application threads were stopped: 0.0042408 seconds, Stopping threads took: 0.0000190 seconds
183.292: [GC (Allocation Failure)  480108K->166671K(1034240K), 0.0039359 secs]
183.296: Total time for which application threads were stopped: 0.0040893 seconds, Stopping threads took: 0.0000168 seconds
183.364: [GC (Allocation Failure)  487183K->166671K(1034240K), 0.0040667 secs]
183.368: Total time for which application threads were stopped: 0.0042262 seconds, Stopping threads took: 0.0000190 seconds
183.435: [GC (Allocation Failure)  487183K->167815K(1034240K), 0.0041958 secs]
183.439: Total time for which application threads were stopped: 0.0043591 seconds, Stopping threads took: 0.0000196 seconds
183.507: [GC (Allocation Failure)  488327K->174729K(1034240K), 0.0041812 secs]
183.511: Total time for which application threads were stopped: 0.0043467 seconds, Stopping threads took: 0.0000195 seconds
183.578: [GC (Allocation Failure)  495241K->174697K(1034240K), 0.0041036 secs]
183.583: Total time for which application threads were stopped: 0.0043009 seconds, Stopping threads took: 0.0000195 seconds
183.652: [GC (Allocation Failure)  495209K->175049K(1020416K), 0.0040884 secs]
183.656: Total time for which application threads were stopped: 0.0042571 seconds, Stopping threads took: 0.0000198 seconds
183.724: [GC (Allocation Failure)  495561K->182827K(1033728K), 0.0040962 secs]
183.728: Total time for which application threads were stopped: 0.0042637 seconds, Stopping threads took: 0.0000185 seconds
183.795: [GC (Allocation Failure)  502315K->182763K(1033728K), 0.0040713 secs]
183.799: Total time for which application threads were stopped: 0.0043828 seconds, Stopping threads took: 0.0000206 seconds
183.866: [GC (Allocation Failure)  502251K->183243K(1033728K), 0.0046764 secs]
183.871: Total time for which application threads were stopped: 0.0048377 seconds, Stopping threads took: 0.0000201 seconds
183.938: [GC (Allocation Failure)  502731K->190829K(1033728K), 0.0040493 secs]
183.942: Total time for which application threads were stopped: 0.0042153 seconds, Stopping threads took: 0.0000255 seconds
184.011: [GC (Allocation Failure)  510317K->190797K(1033728K), 0.0040780 secs]
184.015: Total time for which application threads were stopped: 0.0042399 seconds, Stopping threads took: 0.0000196 seconds
184.081: [GC (Allocation Failure)  510285K->191493K(1033728K), 0.0042114 secs]
184.086: Total time for which application threads were stopped: 0.0043835 seconds, Stopping threads took: 0.0000202 seconds
184.154: [GC (Allocation Failure)  510981K->198824K(1033728K), 0.0038937 secs]
184.158: Total time for which application threads were stopped: 0.0040434 seconds, Stopping threads took: 0.0000165 seconds
184.226: [GC (Allocation Failure)  518312K->198824K(1033728K), 0.0042111 secs]
184.230: Total time for which application threads were stopped: 0.0043831 seconds, Stopping threads took: 0.0000198 seconds
184.296: [GC (Allocation Failure)  518312K->200808K(1033728K), 0.0042894 secs]
184.301: Total time for which application threads were stopped: 0.0044741 seconds, Stopping threads took: 0.0000276 seconds
184.368: [GC (Allocation Failure)  520296K->206858K(1033728K), 0.0040152 secs]
184.373: Total time for which application threads were stopped: 0.0041910 seconds, Stopping threads took: 0.0000257 seconds
184.439: [GC (Allocation Failure)  526346K->206858K(1033728K), 0.0038689 secs]
184.443: Total time for which application threads were stopped: 0.0040257 seconds, Stopping threads took: 0.0000215 seconds
184.511: [GC (Allocation Failure)  526346K->207978K(1033728K), 0.0043358 secs]
184.516: Total time for which application threads were stopped: 0.0045105 seconds, Stopping threads took: 0.0000192 seconds
184.584: [GC (Allocation Failure)  527466K->214860K(1033728K), 0.0048786 secs]
184.589: Total time for which application threads were stopped: 0.0050791 seconds, Stopping threads took: 0.0000257 seconds
184.657: [GC (Allocation Failure)  534348K->214860K(1033728K), 0.0040130 secs]
184.661: Total time for which application threads were stopped: 0.0041923 seconds, Stopping threads took: 0.0000198 seconds
184.727: [GC (Allocation Failure)  534348K->215172K(1033728K), 0.0042318 secs]
184.731: Total time for which application threads were stopped: 0.0044184 seconds, Stopping threads took: 0.0000196 seconds
184.800: [GC (Allocation Failure)  534660K->222918K(1033728K), 0.0040393 secs]
184.804: Total time for which application threads were stopped: 0.0042367 seconds, Stopping threads took: 0.0000206 seconds
184.873: [GC (Allocation Failure)  542406K->222918K(1033728K), 0.0039247 secs]
184.877: Total time for which application threads were stopped: 0.0040852 seconds, Stopping threads took: 0.0000250 seconds
184.946: [GC (Allocation Failure)  542406K->223430K(1033728K), 0.0042110 secs]
184.950: Total time for which application threads were stopped: 0.0043665 seconds, Stopping threads took: 0.0000163 seconds
185.018: [GC (Allocation Failure)  542918K->230953K(1033728K), 0.0041444 secs]
185.022: Total time for which application threads were stopped: 0.0043051 seconds, Stopping threads took: 0.0000191 seconds
185.089: [GC (Allocation Failure)  550441K->230953K(1033728K), 0.0042816 secs]
185.093: Total time for which application threads were stopped: 0.0044438 seconds, Stopping threads took: 0.0000194 seconds
185.160: [GC (Allocation Failure)  550441K->231657K(1033728K), 0.0042026 secs]
185.164: Total time for which application threads were stopped: 0.0043674 seconds, Stopping threads took: 0.0000196 seconds
185.232: [GC (Allocation Failure)  551145K->238955K(1033728K), 0.0048104 secs]
185.237: Total time for which application threads were stopped: 0.0049972 seconds, Stopping threads took: 0.0000225 seconds
185.304: [GC (Allocation Failure)  558443K->238955K(1033728K), 0.0042450 secs]
185.308: Total time for which application threads were stopped: 0.0044261 seconds, Stopping threads took: 0.0000221 seconds
185.376: [GC (Allocation Failure)  558443K->239883K(1033728K), 0.0043629 secs]
185.381: Total time for which application threads were stopped: 0.0045361 seconds, Stopping threads took: 0.0000257 seconds
185.448: [GC (Allocation Failure)  559371K->247021K(1033728K), 0.0041137 secs]
185.452: Total time for which application threads were stopped: 0.0042953 seconds, Stopping threads took: 0.0000197 seconds
185.521: [GC (Allocation Failure)  566509K->246989K(1033728K), 0.0040049 secs]
185.525: Total time for which application threads were stopped: 0.0041686 seconds, Stopping threads took: 0.0000187 seconds
185.591: [GC (Allocation Failure)  566477K->247077K(1033728K), 0.0048457 secs]
185.596: Total time for which application threads were stopped: 0.0050021 seconds, Stopping threads took: 0.0000268 seconds
185.665: [GC (Allocation Failure)  566565K->255016K(1027072K), 0.0041745 secs]
185.669: Total time for which application threads were stopped: 0.0043445 seconds, Stopping threads took: 0.0000196 seconds
185.737: [GC (Allocation Failure)  574504K->255016K(1033216K), 0.0044221 secs]
185.741: Total time for which application threads were stopped: 0.0046365 seconds, Stopping threads took: 0.0000197 seconds
185.807: [GC (Allocation Failure)  573480K->255336K(1033216K), 0.0041426 secs]
185.812: Total time for which application threads were stopped: 0.0043075 seconds, Stopping threads took: 0.0000204 seconds
185.879: [GC (Allocation Failure)  573800K->263050K(1033216K), 0.0041551 secs]
185.883: Total time for which application threads were stopped: 0.0043362 seconds, Stopping threads took: 0.0000264 seconds
185.949: [GC (Allocation Failure)  581514K->263050K(1033216K), 0.0042818 secs]
185.953: Total time for which application threads were stopped: 0.0044428 seconds, Stopping threads took: 0.0000194 seconds
186.017: [GC (Allocation Failure)  581514K->263562K(1033216K), 0.0042334 secs]
186.022: Total time for which application threads were stopped: 0.0043898 seconds, Stopping threads took: 0.0000189 seconds
186.087: [GC (Allocation Failure)  582026K->271084K(1033216K), 0.0044096 secs]
186.091: Total time for which application threads were stopped: 0.0045767 seconds, Stopping threads took: 0.0000195 seconds
186.158: [GC (Allocation Failure)  589548K->271052K(1033216K), 0.0041567 secs]
186.163: Total time for which application threads were stopped: 0.0043244 seconds, Stopping threads took: 0.0000192 seconds
186.229: [GC (Allocation Failure)  589516K->271308K(1033216K), 0.0042538 secs]
186.233: Total time for which application threads were stopped: 0.0044246 seconds, Stopping threads took: 0.0000191 seconds
186.299: [GC (Allocation Failure)  589772K->279150K(1033216K), 0.0042749 secs]
186.304: Total time for which application threads were stopped: 0.0044402 seconds, Stopping threads took: 0.0000198 seconds
186.370: [GC (Allocation Failure)  597614K->279150K(1033216K), 0.0041049 secs]
186.374: Total time for which application threads were stopped: 0.0042721 seconds, Stopping threads took: 0.0000253 seconds
186.441: [GC (Allocation Failure)  597614K->279270K(1033216K), 0.0042252 secs]
186.445: Total time for which application threads were stopped: 0.0043942 seconds, Stopping threads took: 0.0000210 seconds
186.513: [GC (Allocation Failure)  597734K->287145K(1033216K), 0.0050473 secs]
186.518: Total time for which application threads were stopped: 0.0052232 seconds, Stopping threads took: 0.0000198 seconds
186.585: [GC (Allocation Failure)  605609K->287145K(1033216K), 0.0049123 secs]
186.590: Total time for which application threads were stopped: 0.0050741 seconds, Stopping threads took: 0.0000170 seconds
186.655: [GC (Allocation Failure)  605609K->287209K(1033216K), 0.0042284 secs]
186.660: Total time for which application threads were stopped: 0.0044221 seconds, Stopping threads took: 0.0000195 seconds
186.728: [GC (Allocation Failure)  605673K->295211K(1033216K), 0.0041133 secs]
186.733: Total time for which application threads were stopped: 0.0042639 seconds, Stopping threads took: 0.0000165 seconds
186.798: [GC (Allocation Failure)  613675K->295211K(1033216K), 0.0041979 secs]
186.803: Total time for which application threads were stopped: 0.0043832 seconds, Stopping threads took: 0.0000202 seconds
186.868: [GC (Allocation Failure)  613675K->295459K(1033216K), 0.0043195 secs]
186.872: Total time for which application threads were stopped: 0.0044898 seconds, Stopping threads took: 0.0000260 seconds
186.938: [GC (Allocation Failure)  613923K->303205K(1033216K), 0.0043569 secs]
186.942: Total time for which application threads were stopped: 0.0045358 seconds, Stopping threads took: 0.0000196 seconds
187.011: [GC (Allocation Failure)  621669K->303237K(1033216K), 0.0041042 secs]
187.015: Total time for which application threads were stopped: 0.0042635 seconds, Stopping threads took: 0.0000193 seconds
187.079: [GC (Allocation Failure)  621701K->303461K(1033216K), 0.0042609 secs]
187.084: Total time for which application threads were stopped: 0.0044234 seconds, Stopping threads took: 0.0000195 seconds
187.149: [GC (Allocation Failure)  621925K->311271K(1033216K), 0.0043908 secs]
187.154: Total time for which application threads were stopped: 0.0045635 seconds, Stopping threads took: 0.0000198 seconds
187.220: [GC (Allocation Failure)  629735K->307333K(1033216K), 0.0032827 secs]
187.223: Total time for which application threads were stopped: 0.0034487 seconds, Stopping threads took: 0.0000192 seconds
187.292: [GC (Allocation Failure)  625797K->311407K(1034240K), 0.0044209 secs]
187.296: Total time for which application threads were stopped: 0.0045911 seconds, Stopping threads took: 0.0000195 seconds
187.364: [GC (Allocation Failure)  631407K->315407K(1033728K), 0.0042063 secs]
187.368: Total time for which application threads were stopped: 0.0043859 seconds, Stopping threads took: 0.0000267 seconds
187.433: [GC (Allocation Failure)  635407K->322893K(1028096K), 0.0075897 secs]
187.441: Total time for which application threads were stopped: 0.0077802 seconds, Stopping threads took: 0.0000196 seconds
187.509: [GC (Allocation Failure)  637261K->316655K(1031168K), 0.0045160 secs]
187.513: Total time for which application threads were stopped: 0.0046778 seconds, Stopping threads took: 0.0000195 seconds
187.580: [GC (Allocation Failure)  631023K->316623K(1032192K), 0.0069128 secs]
187.587: Total time for which application threads were stopped: 0.0071065 seconds, Stopping threads took: 0.0000194 seconds
187.653: [GC (Allocation Failure)  632527K->317607K(1031680K), 0.0041766 secs]
187.657: Total time for which application threads were stopped: 0.0043720 seconds, Stopping threads took: 0.0000193 seconds
187.726: [GC (Allocation Failure)  633511K->324650K(1032704K), 0.0042969 secs]
187.730: Total time for which application threads were stopped: 0.0044672 seconds, Stopping threads took: 0.0000193 seconds
187.797: [GC (Allocation Failure)  641578K->324650K(1032192K), 0.0041667 secs]
187.801: Total time for which application threads were stopped: 0.0043725 seconds, Stopping threads took: 0.0000511 seconds
187.869: [GC (Allocation Failure)  641578K->328394K(1033216K), 0.0049120 secs]
187.874: Total time for which application threads were stopped: 0.0050850 seconds, Stopping threads took: 0.0000256 seconds
187.942: [GC (Allocation Failure)  646346K->332748K(1032704K), 0.0042158 secs]
187.946: Total time for which application threads were stopped: 0.0043975 seconds, Stopping threads took: 0.0000165 seconds
188.014: [GC (Allocation Failure)  650700K->332684K(1033728K), 0.0041238 secs]
188.018: Total time for which application threads were stopped: 0.0042969 seconds, Stopping threads took: 0.0000195 seconds
188.086: [GC (Allocation Failure)  652172K->336588K(1033728K), 0.0051426 secs]
188.091: Total time for which application threads were stopped: 0.0053013 seconds, Stopping threads took: 0.0000165 seconds
188.157: [GC (Allocation Failure)  656076K->340846K(1034240K), 0.0042696 secs]
188.162: Total time for which application threads were stopped: 0.0044684 seconds, Stopping threads took: 0.0000196 seconds
188.229: [GC (Allocation Failure)  661358K->340750K(1034240K), 0.0051695 secs]
188.234: Total time for which application threads were stopped: 0.0053309 seconds, Stopping threads took: 0.0000203 seconds
188.303: [GC (Allocation Failure)  661262K->341806K(1034240K), 0.0046311 secs]
188.307: Total time for which application threads were stopped: 0.0047949 seconds, Stopping threads took: 0.0000202 seconds
188.377: [GC (Allocation Failure)  662318K->348848K(1034240K), 0.0042017 secs]
188.381: Total time for which application threads were stopped: 0.0043684 seconds, Stopping threads took: 0.0000262 seconds
188.449: [GC (Allocation Failure)  669360K->348784K(1034240K), 0.0045907 secs]
188.453: Total time for which application threads were stopped: 0.0047701 seconds, Stopping threads took: 0.0000290 seconds
188.520: [GC (Allocation Failure)  669296K->352040K(1034240K), 0.0056542 secs]
188.526: Total time for which application threads were stopped: 0.0058283 seconds, Stopping threads took: 0.0000315 seconds
188.594: [GC (Allocation Failure)  672552K->356779K(1034752K), 0.0049226 secs]
188.599: Total time for which application threads were stopped: 0.0050791 seconds, Stopping threads took: 0.0000279 seconds
188.667: [GC (Allocation Failure)  678315K->356779K(1034752K), 0.0041954 secs]
188.671: Total time for which application threads were stopped: 0.0043524 seconds, Stopping threads took: 0.0000190 seconds
188.736: [GC (Allocation Failure)  678315K->360291K(1034752K), 0.0053138 secs]
188.742: Total time for which application threads were stopped: 0.0054829 seconds, Stopping threads took: 0.0000194 seconds
188.810: [GC (Allocation Failure)  681827K->364805K(1034752K), 0.0044893 secs]
188.814: Total time for which application threads were stopped: 0.0046602 seconds, Stopping threads took: 0.0000202 seconds
188.881: [GC (Allocation Failure)  686341K->364805K(1035264K), 0.0045714 secs]
188.886: Total time for which application threads were stopped: 0.0047407 seconds, Stopping threads took: 0.0000205 seconds
188.952: [GC (Allocation Failure)  686853K->365933K(1034752K), 0.0045825 secs]
188.957: Total time for which application threads were stopped: 0.0047657 seconds, Stopping threads took: 0.0000195 seconds
189.025: [GC (Allocation Failure)  687981K->372879K(1034752K), 0.0041890 secs]
189.029: Total time for which application threads were stopped: 0.0043601 seconds, Stopping threads took: 0.0000203 seconds
189.095: [GC (Allocation Failure)  694415K->372847K(1034752K), 0.0043406 secs]
189.099: Total time for which application threads were stopped: 0.0045366 seconds, Stopping threads took: 0.0000198 seconds
189.166: [GC (Allocation Failure)  694383K->375719K(1034752K), 0.0062829 secs]
189.172: Total time for which application threads were stopped: 0.0064554 seconds, Stopping threads took: 0.0000195 seconds
189.239: [GC (Allocation Failure)  697255K->381002K(1034752K), 0.0043537 secs]
189.243: Total time for which application threads were stopped: 0.0045321 seconds, Stopping threads took: 0.0000204 seconds
189.311: [GC (Allocation Failure)  702538K->380874K(1034752K), 0.0046053 secs]
189.316: Total time for which application threads were stopped: 0.0047687 seconds, Stopping threads took: 0.0000202 seconds
189.382: [GC (Allocation Failure)  702410K->385002K(1034752K), 0.0052072 secs]
189.387: Total time for which application threads were stopped: 0.0053769 seconds, Stopping threads took: 0.0000276 seconds
189.453: [GC (Allocation Failure)  706538K->389004K(1035264K), 0.0043828 secs]
189.458: Total time for which application threads were stopped: 0.0045528 seconds, Stopping threads took: 0.0000277 seconds
189.528: [GC (Allocation Failure)  711564K->388908K(1035264K), 0.0042457 secs]
189.532: Total time for which application threads were stopped: 0.0044370 seconds, Stopping threads took: 0.0000198 seconds
189.602: [GC (Allocation Failure)  711468K->392172K(1035264K), 0.0054370 secs]
189.608: Total time for which application threads were stopped: 0.0056448 seconds, Stopping threads took: 0.0000258 seconds
189.678: [GC (Allocation Failure)  714732K->396974K(1035264K), 0.0044944 secs]
189.682: Total time for which application threads were stopped: 0.0046674 seconds, Stopping threads took: 0.0000196 seconds
189.748: [GC (Allocation Failure)  719534K->396942K(1035264K), 0.0046329 secs]
189.753: Total time for which application threads were stopped: 0.0047966 seconds, Stopping threads took: 0.0000194 seconds
189.820: [GC (Allocation Failure)  719502K->400422K(1035264K), 0.0052150 secs]
189.826: Total time for which application threads were stopped: 0.0053758 seconds, Stopping threads took: 0.0000189 seconds
189.894: [GC (Allocation Failure)  722982K->404968K(1035264K), 0.0044387 secs]
189.899: Total time for which application threads were stopped: 0.0046083 seconds, Stopping threads took: 0.0000281 seconds
189.967: [GC (Allocation Failure)  727528K->404968K(1035264K), 0.0049863 secs]
189.972: Total time for which application threads were stopped: 0.0051517 seconds, Stopping threads took: 0.0000186 seconds
190.037: [GC (Allocation Failure)  727528K->408680K(1035776K), 0.0051063 secs]
190.042: Total time for which application threads were stopped: 0.0052986 seconds, Stopping threads took: 0.0000182 seconds
190.111: [GC (Allocation Failure)  732264K->413003K(1035776K), 0.0046854 secs]
190.116: Total time for which application threads were stopped: 0.0048361 seconds, Stopping threads took: 0.0000168 seconds
190.185: [GC (Allocation Failure)  736587K->413035K(1035776K), 0.0043806 secs]
190.189: Total time for which application threads were stopped: 0.0045508 seconds, Stopping threads took: 0.0000194 seconds
190.257: [GC (Allocation Failure)  736619K->415851K(1035776K), 0.0049912 secs]
190.262: Total time for which application threads were stopped: 0.0051748 seconds, Stopping threads took: 0.0000276 seconds
190.331: [GC (Allocation Failure)  739435K->421069K(1035776K), 0.0042664 secs]
190.335: Total time for which application threads were stopped: 0.0044381 seconds, Stopping threads took: 0.0000196 seconds
190.405: [GC (Allocation Failure)  744653K->421069K(1035776K), 0.0044633 secs]
190.410: Total time for which application threads were stopped: 0.0046662 seconds, Stopping threads took: 0.0000281 seconds
190.479: [GC (Allocation Failure)  744653K->414987K(1034752K), 0.0021402 secs]
190.481: Total time for which application threads were stopped: 0.0022823 seconds, Stopping threads took: 0.0000163 seconds
190.552: [GC (Allocation Failure)  737547K->421069K(1035264K), 0.0124526 secs]
190.564: Total time for which application threads were stopped: 0.0126037 seconds, Stopping threads took: 0.0000202 seconds
190.634: [GC (Allocation Failure)  743629K->421037K(1035264K), 0.0045454 secs]
190.639: Total time for which application threads were stopped: 0.0047201 seconds, Stopping threads took: 0.0000188 seconds
190.707: [GC (Allocation Failure)  743597K->419307K(1035264K), 0.0038720 secs]
190.711: Total time for which application threads were stopped: 0.0040360 seconds, Stopping threads took: 0.0000200 seconds
190.778: [GC (Allocation Failure)  741867K->421229K(1035264K), 0.0045111 secs]
190.783: Total time for which application threads were stopped: 0.0046730 seconds, Stopping threads took: 0.0000190 seconds
190.853: [GC (Allocation Failure)  744813K->421069K(1035776K), 0.0044880 secs]
190.857: Total time for which application threads were stopped: 0.0046515 seconds, Stopping threads took: 0.0000197 seconds
190.926: [GC (Allocation Failure)  744653K->425643K(1032704K), 0.0062514 secs]
190.932: Total time for which application threads were stopped: 0.0064412 seconds, Stopping threads took: 0.0000189 seconds
191.002: [GC (Allocation Failure)  746155K->421197K(1034240K), 0.0045133 secs]
191.006: Total time for which application threads were stopped: 0.0046654 seconds, Stopping threads took: 0.0000170 seconds
191.074: [GC (Allocation Failure)  741709K->421037K(1035264K), 0.0044406 secs]
191.079: Total time for which application threads were stopped: 0.0046018 seconds, Stopping threads took: 0.0000195 seconds
191.146: [GC (Allocation Failure)  743085K->425323K(1034240K), 0.0060383 secs]
191.152: Total time for which application threads were stopped: 0.0062041 seconds, Stopping threads took: 0.0000198 seconds
191.221: [GC (Allocation Failure)  747371K->421133K(1034752K), 0.0064262 secs]
191.227: Total time for which application threads were stopped: 0.0065888 seconds, Stopping threads took: 0.0000196 seconds
191.294: [GC (Allocation Failure)  742157K->421037K(1034240K), 0.0046835 secs]
191.298: Total time for which application threads were stopped: 0.0048619 seconds, Stopping threads took: 0.0000203 seconds
191.365: [GC (Allocation Failure)  742061K->426027K(1032192K), 0.0066118 secs]
191.372: Total time for which application threads were stopped: 0.0068097 seconds, Stopping threads took: 0.0000253 seconds
191.438: [GC (Allocation Failure)  745515K->421069K(1033728K), 0.0043053 secs]
191.442: Total time for which application threads were stopped: 0.0044788 seconds, Stopping threads took: 0.0000188 seconds
191.511: [GC (Allocation Failure)  740557K->421037K(1034752K), 0.0043938 secs]
191.516: Total time for which application threads were stopped: 0.0045433 seconds, Stopping threads took: 0.0000171 seconds
191.583: [GC (Allocation Failure)  742061K->422635K(1034240K), 0.0075523 secs]
191.591: Total time for which application threads were stopped: 0.0077283 seconds, Stopping threads took: 0.0000278 seconds
191.660: [GC (Allocation Failure)  743659K->421293K(1035264K), 0.0044253 secs]
191.664: Total time for which application threads were stopped: 0.0046205 seconds, Stopping threads took: 0.0000205 seconds
191.733: [GC (Allocation Failure)  743341K->421037K(1034752K), 0.0044812 secs]
191.738: Total time for which application threads were stopped: 0.0046410 seconds, Stopping threads took: 0.0000194 seconds
191.805: [GC (Allocation Failure)  743085K->424395K(1033728K), 0.0058713 secs]
191.811: Total time for which application threads were stopped: 0.0060631 seconds, Stopping threads took: 0.0000184 seconds
191.881: [GC (Allocation Failure)  745931K->421197K(1034752K), 0.0044156 secs]
191.885: Total time for which application threads were stopped: 0.0045723 seconds, Stopping threads took: 0.0000253 seconds
191.953: [GC (Allocation Failure)  742733K->421037K(1035776K), 0.0043226 secs]
191.958: Total time for which application threads were stopped: 0.0044820 seconds, Stopping threads took: 0.0000255 seconds
192.025: [GC (Allocation Failure)  744109K->427115K(1035264K), 0.0073386 secs]
192.032: Total time for which application threads were stopped: 0.0075318 seconds, Stopping threads took: 0.0000186 seconds
192.101: [GC (Allocation Failure)  750187K->422477K(1033216K), 0.0045306 secs]
192.106: Total time for which application threads were stopped: 0.0046898 seconds, Stopping threads took: 0.0000170 seconds
192.172: [GC (Allocation Failure)  742989K->422381K(1034240K), 0.0045009 secs]
192.177: Total time for which application threads were stopped: 0.0046699 seconds, Stopping threads took: 0.0000191 seconds
192.246: [GC (Allocation Failure)  742893K->429195K(1030656K), 0.0074518 secs]
192.253: Total time for which application threads were stopped: 0.0076388 seconds, Stopping threads took: 0.0000279 seconds
192.320: [GC (Allocation Failure)  746635K->423533K(1032704K), 0.0046777 secs]
192.325: Total time for which application threads were stopped: 0.0048390 seconds, Stopping threads took: 0.0000193 seconds
192.392: [GC (Allocation Failure)  740973K->423437K(1033728K), 0.0043896 secs]
192.397: Total time for which application threads were stopped: 0.0045767 seconds, Stopping threads took: 0.0000441 seconds
192.463: [GC (Allocation Failure)  742413K->420747K(1033216K), 0.0035129 secs]
192.467: Total time for which application threads were stopped: 0.0036900 seconds, Stopping threads took: 0.0000189 seconds
192.535: [GC (Allocation Failure)  739723K->423469K(1033728K), 0.0045055 secs]
192.540: Total time for which application threads were stopped: 0.0046793 seconds, Stopping threads took: 0.0000204 seconds
192.607: [GC (Allocation Failure)  742957K->423469K(1033728K), 0.0054879 secs]
192.613: Total time for which application threads were stopped: 0.0056562 seconds, Stopping threads took: 0.0000177 seconds
192.679: [GC (Allocation Failure)  742957K->427501K(1034240K), 0.0052377 secs]
192.684: Total time for which application threads were stopped: 0.0054074 seconds, Stopping threads took: 0.0000212 seconds
192.750: [GC (Allocation Failure)  748013K->431727K(1034240K), 0.0045648 secs]
192.754: Total time for which application threads were stopped: 0.0047264 seconds, Stopping threads took: 0.0000194 seconds
192.822: [GC (Allocation Failure)  752239K->431471K(1035264K), 0.0045375 secs]
192.827: Total time for which application threads were stopped: 0.0047037 seconds, Stopping threads took: 0.0000195 seconds
192.894: [GC (Allocation Failure)  753519K->435207K(1034752K), 0.0051670 secs]
192.900: Total time for which application threads were stopped: 0.0053351 seconds, Stopping threads took: 0.0000274 seconds
192.968: [GC (Allocation Failure)  757255K->439657K(1035264K), 0.0052520 secs]
192.973: Total time for which application threads were stopped: 0.0054251 seconds, Stopping threads took: 0.0000194 seconds
193.043: [GC (Allocation Failure)  761705K->439497K(1034752K), 0.0044330 secs]
193.047: Total time for which application threads were stopped: 0.0046017 seconds, Stopping threads took: 0.0000194 seconds
193.115: [GC (Allocation Failure)  761545K->433831K(1034752K), 0.0023232 secs]
193.117: Total time for which application threads were stopped: 0.0024717 seconds, Stopping threads took: 0.0000191 seconds
193.186: [GC (Allocation Failure)  756391K->439593K(1035264K), 0.0045512 secs]
193.190: Total time for which application threads were stopped: 0.0047424 seconds, Stopping threads took: 0.0000191 seconds
193.260: [GC (Allocation Failure)  762153K->439497K(1035776K), 0.0046026 secs]
193.265: Total time for which application threads were stopped: 0.0047522 seconds, Stopping threads took: 0.0000173 seconds
193.332: [GC (Allocation Failure)  763081K->439143K(1035776K), 0.0044555 secs]
193.336: Total time for which application threads were stopped: 0.0046506 seconds, Stopping threads took: 0.0000198 seconds
193.407: [GC (Allocation Failure)  762727K->439561K(1036288K), 0.0043158 secs]
193.411: Total time for which application threads were stopped: 0.0045028 seconds, Stopping threads took: 0.0000194 seconds
193.481: [GC (Allocation Failure)  764169K->439529K(1036288K), 0.0044995 secs]
193.485: Total time for which application threads were stopped: 0.0046574 seconds, Stopping threads took: 0.0000166 seconds
193.551: [GC (Allocation Failure)  764137K->432167K(1034752K), 0.0067615 secs]
193.558: Total time for which application threads were stopped: 0.0068991 seconds, Stopping threads took: 0.0000204 seconds
193.628: [GC (Allocation Failure)  755751K->439537K(1035776K), 0.0046099 secs]
193.633: Total time for which application threads were stopped: 0.0047935 seconds, Stopping threads took: 0.0000165 seconds
193.703: [GC (Allocation Failure)  763121K->443673K(1036288K), 0.0056484 secs]
193.709: Total time for which application threads were stopped: 0.0058390 seconds, Stopping threads took: 0.0000187 seconds
193.779: [GC (Allocation Failure)  768281K->443641K(1036288K), 0.0045201 secs]
193.784: Total time for which application threads were stopped: 0.0047175 seconds, Stopping threads took: 0.0000196 seconds
193.850: [GC (Allocation Failure)  768249K->443889K(1035264K), 0.0045182 secs]
193.855: Total time for which application threads were stopped: 0.0047019 seconds, Stopping threads took: 0.0000208 seconds
193.924: [GC (Allocation Failure)  767473K->451668K(1035776K), 0.0044483 secs]
193.928: Total time for which application threads were stopped: 0.0046247 seconds, Stopping threads took: 0.0000190 seconds
193.997: [GC (Allocation Failure)  775252K->451668K(1035776K), 0.0044827 secs]
194.002: Total time for which application threads were stopped: 0.0046482 seconds, Stopping threads took: 0.0000198 seconds
194.070: [GC (Allocation Failure)  775252K->451884K(1023488K), 0.0043812 secs]
194.074: Total time for which application threads were stopped: 0.0045503 seconds, Stopping threads took: 0.0000202 seconds
194.143: [GC (Allocation Failure)  775468K->459758K(1035264K), 0.0045592 secs]
194.147: Total time for which application threads were stopped: 0.0047315 seconds, Stopping threads took: 0.0000191 seconds
194.215: [GC (Allocation Failure)  782318K->459726K(1035264K), 0.0057854 secs]
194.221: Total time for which application threads were stopped: 0.0059690 seconds, Stopping threads took: 0.0000200 seconds
194.288: [GC (Allocation Failure)  782286K->459854K(1034240K), 0.0047951 secs]
194.293: Total time for which application threads were stopped: 0.0049854 seconds, Stopping threads took: 0.0000196 seconds
194.361: [GC (Allocation Failure)  781390K->467728K(1034752K), 0.0048593 secs]
194.366: Total time for which application threads were stopped: 0.0050183 seconds, Stopping threads took: 0.0000194 seconds
194.433: [GC (Allocation Failure)  789264K->467760K(1034752K), 0.0046775 secs]
194.438: Total time for which application threads were stopped: 0.0048341 seconds, Stopping threads took: 0.0000189 seconds
194.504: [GC (Allocation Failure)  789296K->467784K(1034752K), 0.0044115 secs]
194.508: Total time for which application threads were stopped: 0.0046074 seconds, Stopping threads took: 0.0000194 seconds
194.577: [GC (Allocation Failure)  789320K->475754K(1033728K), 0.0047713 secs]
194.581: Total time for which application threads were stopped: 0.0049423 seconds, Stopping threads took: 0.0000194 seconds
194.649: [GC (Allocation Failure)  796266K->475754K(1034240K), 0.0046465 secs]
194.654: Total time for which application threads were stopped: 0.0048153 seconds, Stopping threads took: 0.0000196 seconds
194.721: [GC (Allocation Failure)  796266K->476074K(1034240K), 0.0046196 secs]
194.726: Total time for which application threads were stopped: 0.0047905 seconds, Stopping threads took: 0.0000194 seconds
194.793: [GC (Allocation Failure)  796586K->483821K(1034240K), 0.0046062 secs]
194.798: Total time for which application threads were stopped: 0.0047726 seconds, Stopping threads took: 0.0000201 seconds
194.865: [GC (Allocation Failure)  804333K->483821K(1034240K), 0.0050974 secs]
194.870: Total time for which application threads were stopped: 0.0052748 seconds, Stopping threads took: 0.0000199 seconds
194.937: [GC (Allocation Failure)  804333K->484301K(1034240K), 0.0047024 secs]
194.942: Total time for which application threads were stopped: 0.0048624 seconds, Stopping threads took: 0.0000191 seconds
195.009: [GC (Allocation Failure)  804813K->491855K(1033216K), 0.0047271 secs]
195.014: Total time for which application threads were stopped: 0.0048990 seconds, Stopping threads took: 0.0000194 seconds
195.082: [GC (Allocation Failure)  811343K->491823K(1033728K), 0.0045261 secs]
195.087: Total time for which application threads were stopped: 0.0047012 seconds, Stopping threads took: 0.0000194 seconds
195.154: [GC (Allocation Failure)  811311K->492039K(1033728K), 0.0046058 secs]
195.159: Total time for which application threads were stopped: 0.0047574 seconds, Stopping threads took: 0.0000167 seconds
195.225: [GC (Allocation Failure)  811527K->499817K(1033728K), 0.0046591 secs]
195.230: Total time for which application threads were stopped: 0.0048309 seconds, Stopping threads took: 0.0000200 seconds
195.297: [GC (Allocation Failure)  819305K->499849K(1033728K), 0.0064879 secs]
195.304: Total time for which application threads were stopped: 0.0066459 seconds, Stopping threads took: 0.0000199 seconds
195.371: [GC (Allocation Failure)  819337K->500009K(1033728K), 0.0044964 secs]
195.376: Total time for which application threads were stopped: 0.0046695 seconds, Stopping threads took: 0.0000258 seconds
195.443: [GC (Allocation Failure)  819497K->507915K(1033728K), 0.0044174 secs]
195.448: Total time for which application threads were stopped: 0.0046110 seconds, Stopping threads took: 0.0000193 seconds
195.516: [GC (Allocation Failure)  827403K->507883K(1033728K), 0.0044544 secs]
195.521: Total time for which application threads were stopped: 0.0046282 seconds, Stopping threads took: 0.0000197 seconds
195.589: [GC (Allocation Failure)  827371K->507979K(1033728K), 0.0064330 secs]
195.595: Total time for which application threads were stopped: 0.0065944 seconds, Stopping threads took: 0.0000243 seconds
195.663: [GC (Allocation Failure)  827467K->515918K(1027072K), 0.0047626 secs]
195.668: Total time for which application threads were stopped: 0.0049700 seconds, Stopping threads took: 0.0000195 seconds
195.734: [GC (Allocation Failure)  835406K->512043K(1034240K), 0.0035249 secs]
195.738: Total time for which application threads were stopped: 0.0037341 seconds, Stopping threads took: 0.0000247 seconds
195.807: [GC (Allocation Failure)  831531K->516070K(1033216K), 0.0048022 secs]
195.812: Total time for which application threads were stopped: 0.0049505 seconds, Stopping threads took: 0.0000159 seconds
195.880: [GC (Allocation Failure)  835558K->520038K(1034752K), 0.0044057 secs]
195.884: Total time for which application threads were stopped: 0.0045872 seconds, Stopping threads took: 0.0000261 seconds
195.950: [GC (Allocation Failure)  841574K->513219K(1034752K), 0.0020131 secs]
195.952: Total time for which application threads were stopped: 0.0021589 seconds, Stopping threads took: 0.0000193 seconds
196.022: [GC (Allocation Failure)  834755K->520102K(1034752K), 0.0046015 secs]
196.027: Total time for which application threads were stopped: 0.0047652 seconds, Stopping threads took: 0.0000197 seconds
196.092: [GC (Allocation Failure)  841638K->524238K(1034752K), 0.0056106 secs]
196.098: Total time for which application threads were stopped: 0.0057817 seconds, Stopping threads took: 0.0000202 seconds
196.164: [GC (Allocation Failure)  845774K->518635K(1034752K), 0.0026930 secs]
196.167: Total time for which application threads were stopped: 0.0028629 seconds, Stopping threads took: 0.0000202 seconds
196.234: [GC (Allocation Failure)  840171K->524478K(1034752K), 0.0046512 secs]
196.239: Total time for which application threads were stopped: 0.0048617 seconds, Stopping threads took: 0.0000246 seconds
196.306: [GC (Allocation Failure)  846014K->528310K(1035264K), 0.0064181 secs]
196.313: Total time for which application threads were stopped: 0.0065721 seconds, Stopping threads took: 0.0000161 seconds
196.380: [GC (Allocation Failure)  850798K->524403K(1035264K), 0.0034407 secs]
196.384: Total time for which application threads were stopped: 0.0036087 seconds, Stopping threads took: 0.0000267 seconds
196.452: [GC (Allocation Failure)  846963K->528430K(1036288K), 0.0047956 secs]
196.457: Total time for which application threads were stopped: 0.0049847 seconds, Stopping threads took: 0.0000277 seconds
196.524: [GC (Allocation Failure)  852526K->532430K(1035776K), 0.0045147 secs]
196.529: Total time for which application threads were stopped: 0.0046832 seconds, Stopping threads took: 0.0000216 seconds
196.598: [GC (Allocation Failure)  856526K->532398K(1035776K), 0.0064332 secs]
196.605: Total time for which application threads were stopped: 0.0065976 seconds, Stopping threads took: 0.0000255 seconds
196.673: [GC (Allocation Failure)  855982K->532494K(1023488K), 0.0047631 secs]
196.677: Total time for which application threads were stopped: 0.0049324 seconds, Stopping threads took: 0.0000199 seconds
196.743: [GC (Allocation Failure)  856078K->540496K(1035264K), 0.0047580 secs]
196.748: Total time for which application threads were stopped: 0.0049183 seconds, Stopping threads took: 0.0000189 seconds
196.816: [GC (Allocation Failure)  863056K->540432K(1030144K), 0.0044642 secs]
196.820: Total time for which application threads were stopped: 0.0046564 seconds, Stopping threads took: 0.0000196 seconds
196.890: [GC (Allocation Failure)  862992K->540520K(1034752K), 0.0044683 secs]
196.894: Total time for which application threads were stopped: 0.0046183 seconds, Stopping threads took: 0.0000255 seconds
196.961: [GC (Allocation Failure)  862056K->548490K(1034752K), 0.0047970 secs]
196.966: Total time for which application threads were stopped: 0.0049667 seconds, Stopping threads took: 0.0000247 seconds
197.037: [GC (Allocation Failure)  870026K->548458K(1033728K), 0.0045585 secs]
197.041: Total time for which application threads were stopped: 0.0047276 seconds, Stopping threads took: 0.0000192 seconds
197.108: [GC (Allocation Failure)  868970K->548746K(1034240K), 0.0046844 secs]
197.113: Total time for which application threads were stopped: 0.0048498 seconds, Stopping threads took: 0.0000201 seconds
197.181: [GC (Allocation Failure)  869258K->556557K(1034240K), 0.0045638 secs]
197.185: Total time for which application threads were stopped: 0.0047432 seconds, Stopping threads took: 0.0000206 seconds
197.255: [GC (Allocation Failure)  877069K->556525K(1034240K), 0.0048276 secs]
197.260: Total time for which application threads were stopped: 0.0050099 seconds, Stopping threads took: 0.0000189 seconds
197.327: [GC (Allocation Failure)  877037K->556965K(1034240K), 0.0047770 secs]
197.332: Total time for which application threads were stopped: 0.0049540 seconds, Stopping threads took: 0.0000207 seconds
197.400: [GC (Allocation Failure)  877477K->564551K(1028096K), 0.0046151 secs]
197.404: Total time for which application threads were stopped: 0.0047853 seconds, Stopping threads took: 0.0000258 seconds
197.471: [GC (Allocation Failure)  885063K->564551K(1033728K), 0.0046893 secs]
197.475: Total time for which application threads were stopped: 0.0048626 seconds, Stopping threads took: 0.0000248 seconds
197.541: [GC (Allocation Failure)  884039K->564671K(1033728K), 0.0047542 secs]
197.545: Total time for which application threads were stopped: 0.0049268 seconds, Stopping threads took: 0.0000201 seconds
197.615: [GC (Allocation Failure)  884159K->572577K(1033728K), 0.0044956 secs]
197.620: Total time for which application threads were stopped: 0.0046868 seconds, Stopping threads took: 0.0000191 seconds
197.689: [GC (Allocation Failure)  892065K->572609K(1033728K), 0.0046465 secs]
197.694: Total time for which application threads were stopped: 0.0048386 seconds, Stopping threads took: 0.0000190 seconds
197.761: [GC (Allocation Failure)  892097K->572649K(1033728K), 0.0048444 secs]
197.766: Total time for which application threads were stopped: 0.0050123 seconds, Stopping threads took: 0.0000200 seconds
197.831: [GC (Allocation Failure)  892137K->580619K(1027072K), 0.0048014 secs]
197.836: Total time for which application threads were stopped: 0.0049701 seconds, Stopping threads took: 0.0000198 seconds
197.901: [GC (Allocation Failure)  900107K->576713K(1034240K), 0.0036842 secs]
197.905: Total time for which application threads were stopped: 0.0038506 seconds, Stopping threads took: 0.0000268 seconds
197.972: [GC (Allocation Failure)  896201K->580747K(1033216K), 0.0047335 secs]
197.977: Total time for which application threads were stopped: 0.0048961 seconds, Stopping threads took: 0.0000194 seconds
198.044: [GC (Allocation Failure)  900235K->584747K(1034752K), 0.0048622 secs]
198.049: Total time for which application threads were stopped: 0.0050409 seconds, Stopping threads took: 0.0000200 seconds
198.115: [GC (Allocation Failure)  906283K->577961K(1034752K), 0.0021563 secs]
198.117: Total time for which application threads were stopped: 0.0023088 seconds, Stopping threads took: 0.0000209 seconds
198.184: [GC (Allocation Failure)  899497K->584819K(1034752K), 0.0047626 secs]
198.189: Total time for which application threads were stopped: 0.0049372 seconds, Stopping threads took: 0.0000207 seconds
198.257: [GC (Allocation Failure)  906355K->588923K(1034752K), 0.0057208 secs]
198.263: Total time for which application threads were stopped: 0.0059019 seconds, Stopping threads took: 0.0000164 seconds
198.329: [GC (Allocation Failure)  910459K->583353K(1034752K), 0.0028709 secs]
198.332: Total time for which application threads were stopped: 0.0030404 seconds, Stopping threads took: 0.0000244 seconds
198.401: [GC (Allocation Failure)  904889K->589195K(1034752K), 0.0045472 secs]
198.406: Total time for which application threads were stopped: 0.0047172 seconds, Stopping threads took: 0.0000281 seconds
198.472: [GC (Allocation Failure)  910731K->593035K(1035264K), 0.0052324 secs]
198.478: Total time for which application threads were stopped: 0.0053999 seconds, Stopping threads took: 0.0000193 seconds
198.544: [GC (Allocation Failure)  915524K->589129K(1035264K), 0.0037558 secs]
198.548: Total time for which application threads were stopped: 0.0039389 seconds, Stopping threads took: 0.0000193 seconds
198.619: [GC (Allocation Failure)  911689K->593163K(1036288K), 0.0050405 secs]
198.624: Total time for which application threads were stopped: 0.0052024 seconds, Stopping threads took: 0.0000189 seconds
198.691: [GC (Allocation Failure)  917259K->597163K(1035776K), 0.0046020 secs]
198.696: Total time for which application threads were stopped: 0.0047940 seconds, Stopping threads took: 0.0000199 seconds
198.766: [GC (Allocation Failure)  921259K->597163K(1035776K), 0.0047368 secs]
198.771: Total time for which application threads were stopped: 0.0049312 seconds, Stopping threads took: 0.0000194 seconds
198.841: [GC (Allocation Failure)  920747K->597227K(1023488K), 0.0049426 secs]
198.846: Total time for which application threads were stopped: 0.0051103 seconds, Stopping threads took: 0.0000196 seconds
198.913: [GC (Allocation Failure)  920811K->605230K(1035264K), 0.0047768 secs]
198.918: Total time for which application threads were stopped: 0.0049567 seconds, Stopping threads took: 0.0000254 seconds
198.987: [GC (Allocation Failure)  927790K->605198K(1030144K), 0.0047861 secs]
198.992: Total time for which application threads were stopped: 0.0049604 seconds, Stopping threads took: 0.0000192 seconds
199.060: [GC (Allocation Failure)  927758K->605222K(1034752K), 0.0047404 secs]
199.065: Total time for which application threads were stopped: 0.0048994 seconds, Stopping threads took: 0.0000168 seconds
199.132: [GC (Allocation Failure)  926758K->613224K(1029120K), 0.0048447 secs]
199.137: Total time for which application threads were stopped: 0.0050216 seconds, Stopping threads took: 0.0000203 seconds
199.204: [GC (Allocation Failure)  934760K->613224K(1034240K), 0.0047073 secs]
199.209: Total time for which application threads were stopped: 0.0048784 seconds, Stopping threads took: 0.0000199 seconds
199.278: [GC (Allocation Failure)  933736K->613480K(1034240K), 0.0047830 secs]
199.283: Total time for which application threads were stopped: 0.0049736 seconds, Stopping threads took: 0.0000189 seconds
199.352: [GC (Allocation Failure)  933992K->621226K(1034240K), 0.0047725 secs]
199.357: Total time for which application threads were stopped: 0.0049494 seconds, Stopping threads took: 0.0000189 seconds
199.426: [GC (Allocation Failure)  941738K->621258K(1034240K), 0.0049932 secs]
199.431: Total time for which application threads were stopped: 0.0051516 seconds, Stopping threads took: 0.0000182 seconds
199.498: [GC (Allocation Failure)  941770K->621706K(1033216K), 0.0049755 secs]
199.503: Total time for which application threads were stopped: 0.0051474 seconds, Stopping threads took: 0.0000201 seconds
199.571: [GC (Allocation Failure)  941194K->629324K(1033728K), 0.0050765 secs]
199.576: Total time for which application threads were stopped: 0.0052481 seconds, Stopping threads took: 0.0000196 seconds
199.645: [GC (Allocation Failure)  948812K->629292K(1033728K), 0.0048412 secs]
199.650: Total time for which application threads were stopped: 0.0050115 seconds, Stopping threads took: 0.0000191 seconds
199.716: [GC (Allocation Failure)  948780K->629420K(1033728K), 0.0049811 secs]
199.721: Total time for which application threads were stopped: 0.0051530 seconds, Stopping threads took: 0.0000192 seconds
199.788: [GC (Allocation Failure)  948908K->637359K(1033728K), 0.0047832 secs]
199.793: Total time for which application threads were stopped: 0.0050351 seconds, Stopping threads took: 0.0000202 seconds
199.860: [GC (Allocation Failure)  956847K->637327K(1033728K), 0.0049615 secs]
199.865: Total time for which application threads were stopped: 0.0051325 seconds, Stopping threads took: 0.0000202 seconds
199.933: [GC (Allocation Failure)  956815K->637383K(1033728K), 0.0048652 secs]
199.938: Total time for which application threads were stopped: 0.0050301 seconds, Stopping threads took: 0.0000211 seconds
200.006: [GC (Allocation Failure)  956871K->645353K(1027072K), 0.0050110 secs]
200.011: Total time for which application threads were stopped: 0.0051711 seconds, Stopping threads took: 0.0000189 seconds
200.076: [GC (Allocation Failure)  964840K->641447K(1034240K), 0.0039158 secs]
200.080: Total time for which application threads were stopped: 0.0040733 seconds, Stopping threads took: 0.0000196 seconds
200.149: [GC (Allocation Failure)  960935K->645513K(1033216K), 0.0049013 secs]
200.154: Total time for which application threads were stopped: 0.0050712 seconds, Stopping threads took: 0.0000195 seconds
200.222: [GC (Allocation Failure)  965001K->649481K(1034752K), 0.0047163 secs]
200.227: Total time for which application threads were stopped: 0.0048813 seconds, Stopping threads took: 0.0000202 seconds
200.293: [GC (Allocation Failure)  971017K->642727K(1034752K), 0.0024660 secs]
200.296: Total time for which application threads were stopped: 0.0026352 seconds, Stopping threads took: 0.0000192 seconds
200.365: [GC (Allocation Failure)  964263K->649553K(1034752K), 0.0048549 secs]
200.370: Total time for which application threads were stopped: 0.0050574 seconds, Stopping threads took: 0.0000218 seconds
200.438: [GC (Allocation Failure)  971089K->653665K(1034752K), 0.0057853 secs]
200.443: Total time for which application threads were stopped: 0.0059460 seconds, Stopping threads took: 0.0000189 seconds
200.509: [GC (Allocation Failure)  975201K->648095K(1034752K), 0.0029148 secs]
200.512: Total time for which application threads were stopped: 0.0030780 seconds, Stopping threads took: 0.0000192 seconds
200.578: [GC (Allocation Failure)  969631K->653897K(1034752K), 0.0099927 secs]
200.589: Total time for which application threads were stopped: 0.0101332 seconds, Stopping threads took: 0.0000192 seconds
200.656: [GC (Allocation Failure)  975433K->657777K(1034752K), 0.0051501 secs]
200.662: Total time for which application threads were stopped: 0.0053273 seconds, Stopping threads took: 0.0000199 seconds
200.729: [GC (Allocation Failure)  980265K->653903K(1035264K), 0.0038278 secs]
200.732: Total time for which application threads were stopped: 0.0039995 seconds, Stopping threads took: 0.0000198 seconds
200.802: [GC (Allocation Failure)  976463K->657929K(1036288K), 0.0049491 secs]
200.807: Total time for which application threads were stopped: 0.0050987 seconds, Stopping threads took: 0.0000167 seconds
200.875: [GC (Allocation Failure)  982025K->661897K(1035776K), 0.0047453 secs]
200.880: Total time for which application threads were stopped: 0.0049098 seconds, Stopping threads took: 0.0000196 seconds
200.949: [GC (Allocation Failure)  985993K->661897K(1035776K), 0.0048158 secs]
200.954: Total time for which application threads were stopped: 0.0049819 seconds, Stopping threads took: 0.0000190 seconds
201.021: [GC (Allocation Failure)  985481K->661961K(1023488K), 0.0048926 secs]
201.026: Total time for which application threads were stopped: 0.0050611 seconds, Stopping threads took: 0.0000200 seconds
201.094: [GC (Allocation Failure)  985545K->669963K(1035264K), 0.0051629 secs]
201.099: Total time for which application threads were stopped: 0.0053398 seconds, Stopping threads took: 0.0000191 seconds
201.169: [GC (Allocation Failure)  992523K->669931K(1030144K), 0.0048094 secs]
201.174: Total time for which application threads were stopped: 0.0049738 seconds, Stopping threads took: 0.0000206 seconds
201.241: [GC (Allocation Failure)  992491K->669995K(1034752K), 0.0050427 secs]
201.246: Total time for which application threads were stopped: 0.0052135 seconds, Stopping threads took: 0.0000195 seconds
201.314: [GC (Allocation Failure)  991531K->677997K(1029120K), 0.0051218 secs]
201.319: Total time for which application threads were stopped: 0.0052933 seconds, Stopping threads took: 0.0000195 seconds
201.388: [GC (Allocation Failure)  999533K->677965K(1034240K), 0.0059052 secs]
201.394: Total time for which application threads were stopped: 0.0060837 seconds, Stopping threads took: 0.0000275 seconds
201.463: [GC (Allocation Failure)  998477K->678221K(1034240K), 0.0049299 secs]
201.468: Total time for which application threads were stopped: 0.0051007 seconds, Stopping threads took: 0.0000269 seconds
201.536: [GC (Allocation Failure)  998733K->686000K(1034240K), 0.0048511 secs]
201.541: Total time for which application threads were stopped: 0.0050146 seconds, Stopping threads took: 0.0000192 seconds
201.610: [GC (Allocation Failure)  1006512K->686032K(1034240K), 0.0048719 secs]
201.615: Total time for which application threads were stopped: 0.0050389 seconds, Stopping threads took: 0.0000185 seconds
201.682: [GC (Allocation Failure)  1006544K->686440K(1033216K), 0.0050336 secs]
201.687: [Full GC (Ergonomics)  686440K->8905K(1033216K), 0.0128542 secs]
201.700: Total time for which application threads were stopped: 0.0182144 seconds, Stopping threads took: 0.0000194 seconds
201.767: [GC (Allocation Failure)  328393K->17644K(1033728K), 0.0037780 secs]
201.771: Total time for which application threads were stopped: 0.0039339 seconds, Stopping threads took: 0.0000170 seconds
201.839: [GC (Allocation Failure)  337132K->17644K(1033728K), 0.0038213 secs]
201.843: Total time for which application threads were stopped: 0.0039918 seconds, Stopping threads took: 0.0000194 seconds
201.908: [GC (Allocation Failure)  337132K->17740K(1033728K), 0.0036976 secs]
201.911: Total time for which application threads were stopped: 0.0038640 seconds, Stopping threads took: 0.0000259 seconds
201.979: [GC (Allocation Failure)  337228K->25646K(1032704K), 0.0036661 secs]
201.982: Total time for which application threads were stopped: 0.0038267 seconds, Stopping threads took: 0.0000192 seconds
202.050: [GC (Allocation Failure)  344110K->25646K(1033216K), 0.0033945 secs]
202.053: Total time for which application threads were stopped: 0.0035749 seconds, Stopping threads took: 0.0000193 seconds
202.120: [GC (Allocation Failure)  344110K->25702K(1033216K), 0.0036641 secs]
202.123: Total time for which application threads were stopped: 0.0038288 seconds, Stopping threads took: 0.0000199 seconds
202.190: [GC (Allocation Failure)  344166K->33672K(1033216K), 0.0036422 secs]
202.194: Total time for which application threads were stopped: 0.0038057 seconds, Stopping threads took: 0.0000199 seconds
202.260: [GC (Allocation Failure)  352136K->26086K(1033216K), 0.0005965 secs]
202.261: Total time for which application threads were stopped: 0.0007659 seconds, Stopping threads took: 0.0000196 seconds
202.330: [GC (Allocation Failure)  344550K->33960K(1033216K), 0.0037826 secs]
202.334: Total time for which application threads were stopped: 0.0039427 seconds, Stopping threads took: 0.0000195 seconds
202.401: [GC (Allocation Failure)  352424K->37824K(1033216K), 0.0050306 secs]
202.406: Total time for which application threads were stopped: 0.0051909 seconds, Stopping threads took: 0.0000196 seconds
202.471: [GC (Allocation Failure)  356288K->38622K(1033216K), 0.0065560 secs]
202.478: Total time for which application threads were stopped: 0.0067306 seconds, Stopping threads took: 0.0000276 seconds
202.548: [GC (Allocation Failure)  357086K->37984K(1033216K), 0.0038666 secs]
202.552: Total time for which application threads were stopped: 0.0040508 seconds, Stopping threads took: 0.0000165 seconds
202.622: [GC (Allocation Failure)  356448K->37856K(1033216K), 0.0037672 secs]
202.626: Total time for which application threads were stopped: 0.0039367 seconds, Stopping threads took: 0.0000197 seconds
202.690: [GC (Allocation Failure)  356320K->30622K(1033216K), 0.0007916 secs]
202.691: Total time for which application threads were stopped: 0.0009138 seconds, Stopping threads took: 0.0000189 seconds
202.756: [GC (Allocation Failure)  349086K->37952K(1033216K), 0.0039228 secs]
202.760: Total time for which application threads were stopped: 0.0041144 seconds, Stopping threads took: 0.0000192 seconds
202.826: [GC (Allocation Failure)  356416K->37824K(1033216K), 0.0038373 secs]
202.830: Total time for which application threads were stopped: 0.0040016 seconds, Stopping threads took: 0.0000193 seconds
202.897: [GC (Allocation Failure)  356288K->38856K(1033216K), 0.0038254 secs]
202.901: Total time for which application threads were stopped: 0.0039851 seconds, Stopping threads took: 0.0000191 seconds
202.966: [GC (Allocation Failure)  357320K->45931K(1033216K), 0.0036480 secs]
202.969: Total time for which application threads were stopped: 0.0038160 seconds, Stopping threads took: 0.0000194 seconds
203.036: [GC (Allocation Failure)  364395K->45867K(1033216K), 0.0037745 secs]
203.039: Total time for which application threads were stopped: 0.0039437 seconds, Stopping threads took: 0.0000195 seconds
203.104: [GC (Allocation Failure)  364331K->47115K(1033728K), 0.0037505 secs]
203.108: Total time for which application threads were stopped: 0.0039196 seconds, Stopping threads took: 0.0000197 seconds
203.175: [GC (Allocation Failure)  366603K->53933K(1033728K), 0.0038012 secs]
203.179: Total time for which application threads were stopped: 0.0039961 seconds, Stopping threads took: 0.0000201 seconds
203.246: [GC (Allocation Failure)  373421K->53933K(1033728K), 0.0040163 secs]
203.250: Total time for which application threads were stopped: 0.0041727 seconds, Stopping threads took: 0.0000162 seconds
203.317: [GC (Allocation Failure)  373421K->54349K(1033728K), 0.0037274 secs]
203.321: Total time for which application threads were stopped: 0.0039216 seconds, Stopping threads took: 0.0000193 seconds
203.388: [GC (Allocation Failure)  373837K->61935K(1033728K), 0.0038699 secs]
203.392: Total time for which application threads were stopped: 0.0040245 seconds, Stopping threads took: 0.0000164 seconds
203.459: [GC (Allocation Failure)  381423K->61935K(1033728K), 0.0038033 secs]
203.463: Total time for which application threads were stopped: 0.0039745 seconds, Stopping threads took: 0.0000196 seconds
203.530: [GC (Allocation Failure)  381423K->65639K(1034240K), 0.0045882 secs]
203.534: Total time for which application threads were stopped: 0.0047674 seconds, Stopping threads took: 0.0000195 seconds
203.603: [GC (Allocation Failure)  385639K->69993K(1033728K), 0.0047935 secs]
203.608: Total time for which application threads were stopped: 0.0049508 seconds, Stopping threads took: 0.0000169 seconds
203.677: [GC (Allocation Failure)  389993K->69961K(1034240K), 0.0038678 secs]
203.681: Total time for which application threads were stopped: 0.0040344 seconds, Stopping threads took: 0.0000167 seconds
203.748: [GC (Allocation Failure)  390473K->70793K(1034240K), 0.0038286 secs]
203.752: Total time for which application threads were stopped: 0.0039882 seconds, Stopping threads took: 0.0000189 seconds
203.821: [GC (Allocation Failure)  391305K->78124K(1033216K), 0.0038252 secs]
203.825: Total time for which application threads were stopped: 0.0039963 seconds, Stopping threads took: 0.0000201 seconds
203.893: [GC (Allocation Failure)  397612K->78028K(1033728K), 0.0038443 secs]
203.897: Total time for which application threads were stopped: 0.0040173 seconds, Stopping threads took: 0.0000276 seconds
203.963: [GC (Allocation Failure)  397516K->79020K(1033216K), 0.0038072 secs]
203.967: Total time for which application threads were stopped: 0.0039760 seconds, Stopping threads took: 0.0000189 seconds
204.033: [GC (Allocation Failure)  398508K->86062K(1033728K), 0.0040302 secs]
204.037: Total time for which application threads were stopped: 0.0041993 seconds, Stopping threads took: 0.0000199 seconds
204.104: [GC (Allocation Failure)  405550K->86030K(1033728K), 0.0039336 secs]
204.108: Total time for which application threads were stopped: 0.0041072 seconds, Stopping threads took: 0.0000204 seconds
204.172: [GC (Allocation Failure)  405518K->86246K(1033728K), 0.0037761 secs]
204.176: Total time for which application threads were stopped: 0.0039451 seconds, Stopping threads took: 0.0000195 seconds
204.244: [GC (Allocation Failure)  405734K->94088K(1033728K), 0.0039831 secs]
204.248: Total time for which application threads were stopped: 0.0041689 seconds, Stopping threads took: 0.0000195 seconds
204.315: [GC (Allocation Failure)  413576K->94088K(1033728K), 0.0038909 secs]
204.319: Total time for which application threads were stopped: 0.0040572 seconds, Stopping threads took: 0.0000191 seconds
204.384: [GC (Allocation Failure)  413576K->94440K(1033728K), 0.0039031 secs]
204.388: Total time for which application threads were stopped: 0.0040625 seconds, Stopping threads took: 0.0000193 seconds
204.455: [GC (Allocation Failure)  413928K->102122K(1033728K), 0.0038240 secs]
204.459: Total time for which application threads were stopped: 0.0039810 seconds, Stopping threads took: 0.0000193 seconds
204.526: [GC (Allocation Failure)  421610K->102090K(1033728K), 0.0038880 secs]
204.530: Total time for which application threads were stopped: 0.0040549 seconds, Stopping threads took: 0.0000197 seconds
204.595: [GC (Allocation Failure)  421578K->102666K(1033728K), 0.0045756 secs]
204.600: Total time for which application threads were stopped: 0.0047836 seconds, Stopping threads took: 0.0000276 seconds
204.668: [GC (Allocation Failure)  422154K->110189K(1033728K), 0.0039706 secs]
204.672: Total time for which application threads were stopped: 0.0041721 seconds, Stopping threads took: 0.0000193 seconds
204.741: [GC (Allocation Failure)  429677K->110125K(1033728K), 0.0040554 secs]
204.745: Total time for which application threads were stopped: 0.0042212 seconds, Stopping threads took: 0.0000189 seconds
204.810: [GC (Allocation Failure)  429613K->111941K(1033728K), 0.0041652 secs]
204.815: Total time for which application threads were stopped: 0.0043342 seconds, Stopping threads took: 0.0000191 seconds
204.880: [GC (Allocation Failure)  431429K->118215K(1033728K), 0.0037801 secs]
204.884: Total time for which application threads were stopped: 0.0039408 seconds, Stopping threads took: 0.0000195 seconds
204.952: [GC (Allocation Failure)  437703K->118151K(1033728K), 0.0039135 secs]
204.956: Total time for which application threads were stopped: 0.0041338 seconds, Stopping threads took: 0.0000423 seconds
205.021: [GC (Allocation Failure)  437639K->119175K(1033728K), 0.0039647 secs]
205.025: Total time for which application threads were stopped: 0.0041424 seconds, Stopping threads took: 0.0000208 seconds
205.093: [GC (Allocation Failure)  438663K->126249K(1033728K), 0.0040913 secs]
205.097: Total time for which application threads were stopped: 0.0042599 seconds, Stopping threads took: 0.0000264 seconds
205.165: [GC (Allocation Failure)  445737K->126185K(1033728K), 0.0063884 secs]
205.171: Total time for which application threads were stopped: 0.0065637 seconds, Stopping threads took: 0.0000214 seconds
205.236: [GC (Allocation Failure)  445673K->126345K(1033728K), 0.0039868 secs]
205.241: Total time for which application threads were stopped: 0.0041614 seconds, Stopping threads took: 0.0000193 seconds
205.308: [GC (Allocation Failure)  445833K->134315K(1033728K), 0.0040887 secs]
205.312: Total time for which application threads were stopped: 0.0042763 seconds, Stopping threads took: 0.0000214 seconds
205.380: [GC (Allocation Failure)  453803K->134219K(1033728K), 0.0036679 secs]
205.384: Total time for which application threads were stopped: 0.0038271 seconds, Stopping threads took: 0.0000197 seconds
205.449: [GC (Allocation Failure)  453707K->134571K(1033728K), 0.0065452 secs]
205.456: Total time for which application threads were stopped: 0.0067227 seconds, Stopping threads took: 0.0000292 seconds
205.524: [GC (Allocation Failure)  454059K->142318K(1032704K), 0.0040880 secs]
205.528: Total time for which application threads were stopped: 0.0042600 seconds, Stopping threads took: 0.0000200 seconds
205.597: [GC (Allocation Failure)  460782K->142222K(1033216K), 0.0047891 secs]
205.602: Total time for which application threads were stopped: 0.0049939 seconds, Stopping threads took: 0.0000246 seconds
205.667: [GC (Allocation Failure)  460686K->142798K(1033216K), 0.0038966 secs]
205.671: Total time for which application threads were stopped: 0.0040761 seconds, Stopping threads took: 0.0000193 seconds
205.739: [GC (Allocation Failure)  461262K->150288K(1033216K), 0.0047263 secs]
205.743: Total time for which application threads were stopped: 0.0049076 seconds, Stopping threads took: 0.0000279 seconds
205.809: [GC (Allocation Failure)  468752K->150288K(1033216K), 0.0040001 secs]
205.813: Total time for which application threads were stopped: 0.0041784 seconds, Stopping threads took: 0.0000225 seconds
205.878: [GC (Allocation Failure)  468752K->151080K(1033216K), 0.0044020 secs]
205.882: Total time for which application threads were stopped: 0.0045657 seconds, Stopping threads took: 0.0000194 seconds
205.950: [GC (Allocation Failure)  469544K->158346K(1032704K), 0.0040961 secs]
205.954: Total time for which application threads were stopped: 0.0042817 seconds, Stopping threads took: 0.0000257 seconds
206.022: [GC (Allocation Failure)  476810K->158314K(1033216K), 0.0038030 secs]
206.025: Total time for which application threads were stopped: 0.0039660 seconds, Stopping threads took: 0.0000199 seconds
206.090: [GC (Allocation Failure)  476778K->159306K(1033728K), 0.0041351 secs]
206.094: Total time for which application threads were stopped: 0.0042974 seconds, Stopping threads took: 0.0000203 seconds
206.163: [GC (Allocation Failure)  478282K->166381K(1033216K), 0.0039331 secs]
206.167: Total time for which application threads were stopped: 0.0040891 seconds, Stopping threads took: 0.0000194 seconds
206.236: [GC (Allocation Failure)  485357K->166349K(1033728K), 0.0039140 secs]
206.240: Total time for which application threads were stopped: 0.0040811 seconds, Stopping threads took: 0.0000187 seconds
206.306: [GC (Allocation Failure)  485325K->167021K(1033216K), 0.0039140 secs]
206.310: Total time for which application threads were stopped: 0.0040830 seconds, Stopping threads took: 0.0000189 seconds
206.378: [GC (Allocation Failure)  485997K->174415K(1032704K), 0.0041426 secs]
206.382: Total time for which application threads were stopped: 0.0043200 seconds, Stopping threads took: 0.0000218 seconds
206.448: [GC (Allocation Failure)  492879K->174383K(1033216K), 0.0040063 secs]
206.453: Total time for which application threads were stopped: 0.0041767 seconds, Stopping threads took: 0.0000211 seconds
206.517: [GC (Allocation Failure)  492847K->174727K(1033216K), 0.0040392 secs]
206.521: Total time for which application threads were stopped: 0.0042195 seconds, Stopping threads took: 0.0000203 seconds
206.589: [GC (Allocation Failure)  493191K->182441K(1033216K), 0.0039432 secs]
206.593: Total time for which application threads were stopped: 0.0040927 seconds, Stopping threads took: 0.0000158 seconds
206.659: [GC (Allocation Failure)  500905K->182409K(1033216K), 0.0040847 secs]
206.664: Total time for which application threads were stopped: 0.0042389 seconds, Stopping threads took: 0.0000180 seconds
206.730: [GC (Allocation Failure)  500873K->182985K(1033216K), 0.0039214 secs]
206.734: Total time for which application threads were stopped: 0.0040873 seconds, Stopping threads took: 0.0000196 seconds
206.802: [GC (Allocation Failure)  501449K->190443K(1033216K), 0.0038768 secs]
206.805: Total time for which application threads were stopped: 0.0040441 seconds, Stopping threads took: 0.0000192 seconds
206.871: [GC (Allocation Failure)  508907K->190443K(1033216K), 0.0041102 secs]
206.875: Total time for which application threads were stopped: 0.0042774 seconds, Stopping threads took: 0.0000184 seconds
206.941: [GC (Allocation Failure)  508907K->190699K(1033216K), 0.0039263 secs]
206.945: Total time for which application threads were stopped: 0.0040879 seconds, Stopping threads took: 0.0000194 seconds
207.012: [GC (Allocation Failure)  509163K->198478K(1033216K), 0.0046515 secs]
207.017: Total time for which application threads were stopped: 0.0048106 seconds, Stopping threads took: 0.0000194 seconds
207.086: [GC (Allocation Failure)  516942K->198478K(1033216K), 0.0039720 secs]
207.090: Total time for which application threads were stopped: 0.0041372 seconds, Stopping threads took: 0.0000191 seconds
207.154: [GC (Allocation Failure)  516942K->198542K(1033216K), 0.0039375 secs]
207.158: Total time for which application threads were stopped: 0.0040944 seconds, Stopping threads took: 0.0000190 seconds
207.223: [GC (Allocation Failure)  517006K->206512K(1033216K), 0.0040885 secs]
207.227: Total time for which application threads were stopped: 0.0042494 seconds, Stopping threads took: 0.0000191 seconds
207.293: [GC (Allocation Failure)  524976K->206512K(1033216K), 0.0041416 secs]
207.297: Total time for which application threads were stopped: 0.0043165 seconds, Stopping threads took: 0.0000201 seconds
207.365: [GC (Allocation Failure)  524976K->206632K(1033216K), 0.0039538 secs]
207.369: Total time for which application threads were stopped: 0.0041122 seconds, Stopping threads took: 0.0000174 seconds
207.437: [GC (Allocation Failure)  525096K->214538K(1033216K), 0.0041265 secs]
207.441: Total time for which application threads were stopped: 0.0043059 seconds, Stopping threads took: 0.0000273 seconds
207.506: [GC (Allocation Failure)  533002K->210280K(1033728K), 0.0025740 secs]
207.509: Total time for which application threads were stopped: 0.0027285 seconds, Stopping threads took: 0.0000202 seconds
207.576: [GC (Allocation Failure)  529256K->214602K(1033216K), 0.0041318 secs]
207.580: Total time for which application threads were stopped: 0.0043279 seconds, Stopping threads took: 0.0000197 seconds
207.650: [GC (Allocation Failure)  533578K->218706K(1033728K), 0.0038358 secs]
207.654: Total time for which application threads were stopped: 0.0039959 seconds, Stopping threads took: 0.0000196 seconds
207.721: [GC (Allocation Failure)  539218K->225888K(1034240K), 0.0072105 secs]
207.728: Total time for which application threads were stopped: 0.0073773 seconds, Stopping threads took: 0.0000266 seconds
207.795: [GC (Allocation Failure)  546400K->219874K(1029120K), 0.0041670 secs]
207.800: Total time for which application threads were stopped: 0.0043401 seconds, Stopping threads took: 0.0000201 seconds
207.865: [GC (Allocation Failure)  535266K->219650K(1031680K), 0.0041780 secs]
207.869: Total time for which application threads were stopped: 0.0043641 seconds, Stopping threads took: 0.0000224 seconds
207.936: [GC (Allocation Failure)  535042K->214752K(1032704K), 0.0021976 secs]
207.938: Total time for which application threads were stopped: 0.0023560 seconds, Stopping threads took: 0.0000202 seconds
208.006: [GC (Allocation Failure)  531680K->219810K(1032192K), 0.0042110 secs]
208.010: Total time for which application threads were stopped: 0.0043877 seconds, Stopping threads took: 0.0000206 seconds
208.076: [GC (Allocation Failure)  536738K->219618K(1033216K), 0.0043137 secs]
208.081: Total time for which application threads were stopped: 0.0044859 seconds, Stopping threads took: 0.0000205 seconds
208.147: [GC (Allocation Failure)  537570K->223562K(1032704K), 0.0050256 secs]
208.152: Total time for which application threads were stopped: 0.0052042 seconds, Stopping threads took: 0.0000202 seconds
208.220: [GC (Allocation Failure)  541514K->227788K(1033728K), 0.0041066 secs]
208.224: Total time for which application threads were stopped: 0.0042763 seconds, Stopping threads took: 0.0000212 seconds
208.292: [GC (Allocation Failure)  547276K->227692K(1033728K), 0.0041427 secs]
208.296: Total time for which application threads were stopped: 0.0043225 seconds, Stopping threads took: 0.0000377 seconds
208.361: [GC (Allocation Failure)  547180K->229220K(1033216K), 0.0044394 secs]
208.366: Total time for which application threads were stopped: 0.0046074 seconds, Stopping threads took: 0.0000192 seconds
208.435: [GC (Allocation Failure)  548708K->235751K(1033728K), 0.0042084 secs]
208.439: Total time for which application threads were stopped: 0.0043766 seconds, Stopping threads took: 0.0000192 seconds
208.507: [GC (Allocation Failure)  555239K->235687K(1034240K), 0.0042880 secs]
208.511: Total time for which application threads were stopped: 0.0044668 seconds, Stopping threads took: 0.0000189 seconds
208.578: [GC (Allocation Failure)  556199K->237447K(1034240K), 0.0043320 secs]
208.582: Total time for which application threads were stopped: 0.0044928 seconds, Stopping threads took: 0.0000186 seconds
208.651: [GC (Allocation Failure)  557959K->243721K(1034240K), 0.0040751 secs]
208.656: Total time for which application threads were stopped: 0.0042438 seconds, Stopping threads took: 0.0000189 seconds
208.723: [GC (Allocation Failure)  564233K->243721K(1034240K), 0.0041541 secs]
208.728: Total time for which application threads were stopped: 0.0043297 seconds, Stopping threads took: 0.0000201 seconds
208.795: [GC (Allocation Failure)  564233K->247753K(1034752K), 0.0049377 secs]
208.800: Total time for which application threads were stopped: 0.0051203 seconds, Stopping threads took: 0.0000193 seconds
208.868: [GC (Allocation Failure)  568777K->251787K(1034240K), 0.0042782 secs]
208.872: Total time for which application threads were stopped: 0.0044613 seconds, Stopping threads took: 0.0000194 seconds
208.940: [GC (Allocation Failure)  572811K->251755K(1034752K), 0.0041326 secs]
208.944: Total time for which application threads were stopped: 0.0043084 seconds, Stopping threads took: 0.0000279 seconds
209.011: [GC (Allocation Failure)  573291K->251883K(1021440K), 0.0042130 secs]
209.015: Total time for which application threads were stopped: 0.0043826 seconds, Stopping threads took: 0.0000184 seconds
209.081: [GC (Allocation Failure)  573419K->259853K(1034240K), 0.0041757 secs]
209.085: Total time for which application threads were stopped: 0.0043358 seconds, Stopping threads took: 0.0000195 seconds
209.155: [GC (Allocation Failure)  580365K->259789K(1034240K), 0.0041803 secs]
209.159: Total time for which application threads were stopped: 0.0043436 seconds, Stopping threads took: 0.0000195 seconds
209.226: [GC (Allocation Failure)  580301K->263213K(1034752K), 0.0049340 secs]
209.231: Total time for which application threads were stopped: 0.0050933 seconds, Stopping threads took: 0.0000186 seconds
209.300: [GC (Allocation Failure)  584749K->267920K(1034752K), 0.0043556 secs]
209.304: Total time for which application threads were stopped: 0.0045522 seconds, Stopping threads took: 0.0000199 seconds
209.370: [GC (Allocation Failure)  589456K->267856K(1034752K), 0.0041389 secs]
209.374: Total time for which application threads were stopped: 0.0043126 seconds, Stopping threads took: 0.0000220 seconds
209.441: [GC (Allocation Failure)  589392K->268360K(1034752K), 0.0042377 secs]
209.446: Total time for which application threads were stopped: 0.0044103 seconds, Stopping threads took: 0.0000276 seconds
209.512: [GC (Allocation Failure)  589896K->275882K(1033728K), 0.0041807 secs]
209.516: Total time for which application threads were stopped: 0.0043566 seconds, Stopping threads took: 0.0000194 seconds
209.585: [GC (Allocation Failure)  596394K->275850K(1034240K), 0.0055171 secs]
209.590: Total time for which application threads were stopped: 0.0056736 seconds, Stopping threads took: 0.0000169 seconds
209.658: [GC (Allocation Failure)  596362K->279658K(1034752K), 0.0049222 secs]
209.663: Total time for which application threads were stopped: 0.0050884 seconds, Stopping threads took: 0.0000188 seconds
209.732: [GC (Allocation Failure)  601194K->283916K(1034752K), 0.0042159 secs]
209.736: Total time for which application threads were stopped: 0.0043885 seconds, Stopping threads took: 0.0000197 seconds
209.803: [GC (Allocation Failure)  605452K->283884K(1034752K), 0.0041556 secs]
209.807: Total time for which application threads were stopped: 0.0043280 seconds, Stopping threads took: 0.0000197 seconds
209.872: [GC (Allocation Failure)  605420K->284812K(1034752K), 0.0043382 secs]
209.877: Total time for which application threads were stopped: 0.0045099 seconds, Stopping threads took: 0.0000196 seconds
209.944: [GC (Allocation Failure)  606348K->291918K(1034752K), 0.0041629 secs]
209.948: Total time for which application threads were stopped: 0.0043526 seconds, Stopping threads took: 0.0000260 seconds
210.015: [GC (Allocation Failure)  613454K->291918K(1034752K), 0.0043417 secs]
210.019: Total time for which application threads were stopped: 0.0045197 seconds, Stopping threads took: 0.0000210 seconds
210.086: [GC (Allocation Failure)  613454K->294062K(1034752K), 0.0047365 secs]
210.091: Total time for which application threads were stopped: 0.0049015 seconds, Stopping threads took: 0.0000195 seconds
210.157: [GC (Allocation Failure)  615598K->299985K(1034752K), 0.0042034 secs]
210.161: Total time for which application threads were stopped: 0.0043823 seconds, Stopping threads took: 0.0000280 seconds
210.227: [GC (Allocation Failure)  621521K->299953K(1034752K), 0.0045017 secs]
210.232: Total time for which application threads were stopped: 0.0046741 seconds, Stopping threads took: 0.0000201 seconds
210.297: [GC (Allocation Failure)  621489K->303345K(1034752K), 0.0064806 secs]
210.304: Total time for which application threads were stopped: 0.0066372 seconds, Stopping threads took: 0.0000187 seconds
210.373: [GC (Allocation Failure)  624881K->308083K(1034752K), 0.0045920 secs]
210.378: Total time for which application threads were stopped: 0.0047610 seconds, Stopping threads took: 0.0000204 seconds
210.446: [GC (Allocation Failure)  629619K->307987K(1034752K), 0.0042892 secs]
210.451: Total time for which application threads were stopped: 0.0044510 seconds, Stopping threads took: 0.0000192 seconds
210.516: [GC (Allocation Failure)  629523K->308491K(1034752K), 0.0044600 secs]
210.520: Total time for which application threads were stopped: 0.0046302 seconds, Stopping threads took: 0.0000196 seconds
210.589: [GC (Allocation Failure)  630027K->316013K(1034752K), 0.0052258 secs]
210.594: Total time for which application threads were stopped: 0.0053983 seconds, Stopping threads took: 0.0000263 seconds
210.661: [GC (Allocation Failure)  637549K->316013K(1034752K), 0.0043068 secs]
210.666: Total time for which application threads were stopped: 0.0044721 seconds, Stopping threads took: 0.0000193 seconds
210.731: [GC (Allocation Failure)  637549K->317741K(1034752K), 0.0044859 secs]
210.735: Total time for which application threads were stopped: 0.0046539 seconds, Stopping threads took: 0.0000195 seconds
210.803: [GC (Allocation Failure)  639277K->324048K(1034752K), 0.0043572 secs]
210.808: Total time for which application threads were stopped: 0.0045263 seconds, Stopping threads took: 0.0000196 seconds
210.873: [GC (Allocation Failure)  645584K->324048K(1034752K), 0.0043516 secs]
210.878: Total time for which application threads were stopped: 0.0045436 seconds, Stopping threads took: 0.0000191 seconds
210.945: [GC (Allocation Failure)  645584K->327016K(1034752K), 0.0047657 secs]
210.950: Total time for which application threads were stopped: 0.0049176 seconds, Stopping threads took: 0.0000171 seconds
211.015: [GC (Allocation Failure)  648552K->332106K(1034752K), 0.0044128 secs]
211.020: Total time for which application threads were stopped: 0.0045987 seconds, Stopping threads took: 0.0000201 seconds
211.086: [GC (Allocation Failure)  653642K->332074K(1034752K), 0.0044022 secs]
211.090: Total time for which application threads were stopped: 0.0045745 seconds, Stopping threads took: 0.0000199 seconds
211.155: [GC (Allocation Failure)  653610K->332138K(1021440K), 0.0042327 secs]
211.160: Total time for which application threads were stopped: 0.0044149 seconds, Stopping threads took: 0.0000201 seconds
211.227: [GC (Allocation Failure)  653674K->340236K(1034240K), 0.0042736 secs]
211.231: Total time for which application threads were stopped: 0.0044530 seconds, Stopping threads took: 0.0000264 seconds
211.299: [GC (Allocation Failure)  660748K->340108K(1034240K), 0.0042418 secs]
211.303: Total time for which application threads were stopped: 0.0044162 seconds, Stopping threads took: 0.0000206 seconds
211.370: [GC (Allocation Failure)  660620K->343436K(1034752K), 0.0050071 secs]
211.375: Total time for which application threads were stopped: 0.0051888 seconds, Stopping threads took: 0.0000281 seconds
211.445: [GC (Allocation Failure)  664460K->348206K(1034240K), 0.0042739 secs]
211.449: Total time for which application threads were stopped: 0.0044527 seconds, Stopping threads took: 0.0000280 seconds
211.517: [GC (Allocation Failure)  669230K->348142K(1034752K), 0.0043488 secs]
211.521: Total time for which application threads were stopped: 0.0045108 seconds, Stopping threads took: 0.0000191 seconds
211.589: [GC (Allocation Failure)  669678K->351694K(1034752K), 0.0062946 secs]
211.595: Total time for which application threads were stopped: 0.0064754 seconds, Stopping threads took: 0.0000247 seconds
211.662: [GC (Allocation Failure)  673230K->356209K(1034752K), 0.0043367 secs]
211.666: Total time for which application threads were stopped: 0.0044958 seconds, Stopping threads took: 0.0000191 seconds
211.732: [GC (Allocation Failure)  677745K->356177K(1034752K), 0.0041692 secs]
211.736: Total time for which application threads were stopped: 0.0043416 seconds, Stopping threads took: 0.0000177 seconds
211.802: [GC (Allocation Failure)  677713K->356873K(1034752K), 0.0043600 secs]
211.807: Total time for which application threads were stopped: 0.0045163 seconds, Stopping threads took: 0.0000168 seconds
211.875: [GC (Allocation Failure)  678409K->364235K(1034752K), 0.0042957 secs]
211.879: Total time for which application threads were stopped: 0.0045072 seconds, Stopping threads took: 0.0000191 seconds
211.949: [GC (Allocation Failure)  685771K->364203K(1034752K), 0.0045094 secs]
211.954: Total time for which application threads were stopped: 0.0046913 seconds, Stopping threads took: 0.0000215 seconds
212.021: [GC (Allocation Failure)  685739K->366091K(1034752K), 0.0047102 secs]
212.026: Total time for which application threads were stopped: 0.0048768 seconds, Stopping threads took: 0.0000202 seconds
212.093: [GC (Allocation Failure)  687627K->372269K(1034752K), 0.0043778 secs]
212.098: Total time for which application threads were stopped: 0.0045610 seconds, Stopping threads took: 0.0000281 seconds
212.165: [GC (Allocation Failure)  693805K->372237K(1034752K), 0.0044427 secs]
212.170: Total time for which application threads were stopped: 0.0046199 seconds, Stopping threads took: 0.0000202 seconds
212.237: [GC (Allocation Failure)  693773K->375333K(1034752K), 0.0050786 secs]
212.242: Total time for which application threads were stopped: 0.0052712 seconds, Stopping threads took: 0.0000199 seconds
212.310: [GC (Allocation Failure)  696869K->380327K(1034752K), 0.0065770 secs]
212.317: Total time for which application threads were stopped: 0.0067412 seconds, Stopping threads took: 0.0000201 seconds
212.385: [GC (Allocation Failure)  701863K->380263K(1034752K), 0.0064437 secs]
212.391: Total time for which application threads were stopped: 0.0066181 seconds, Stopping threads took: 0.0000196 seconds
212.460: [GC (Allocation Failure)  701799K->380519K(1021440K), 0.0044272 secs]
212.465: Total time for which application threads were stopped: 0.0045935 seconds, Stopping threads took: 0.0000191 seconds
212.534: [GC (Allocation Failure)  702055K->388298K(1034240K), 0.0043729 secs]
212.539: Total time for which application threads were stopped: 0.0045360 seconds, Stopping threads took: 0.0000198 seconds
212.607: [GC (Allocation Failure)  708810K->388298K(1034240K), 0.0042442 secs]
212.612: Total time for which application threads were stopped: 0.0044196 seconds, Stopping threads took: 0.0000134 seconds
212.680: [GC (Allocation Failure)  708810K->391818K(1034752K), 0.0051565 secs]
212.685: Total time for which application threads were stopped: 0.0053157 seconds, Stopping threads took: 0.0000184 seconds
212.751: [GC (Allocation Failure)  712842K->396332K(1034240K), 0.0043718 secs]
212.756: Total time for which application threads were stopped: 0.0045309 seconds, Stopping threads took: 0.0000190 seconds
212.825: [GC (Allocation Failure)  717356K->396332K(1034752K), 0.0044969 secs]
212.829: Total time for which application threads were stopped: 0.0046582 seconds, Stopping threads took: 0.0000190 seconds
212.897: [GC (Allocation Failure)  717868K->400076K(1034752K), 0.0050770 secs]
212.902: Total time for which application threads were stopped: 0.0052361 seconds, Stopping threads took: 0.0000257 seconds
212.971: [GC (Allocation Failure)  721612K->404430K(1035264K), 0.0044183 secs]
212.975: Total time for which application threads were stopped: 0.0046130 seconds, Stopping threads took: 0.0000193 seconds
213.044: [GC (Allocation Failure)  726990K->404366K(1035264K), 0.0043261 secs]
213.049: Total time for which application threads were stopped: 0.0044754 seconds, Stopping threads took: 0.0000165 seconds
213.116: [GC (Allocation Failure)  726926K->407246K(1035264K), 0.0050805 secs]
213.121: Total time for which application threads were stopped: 0.0052534 seconds, Stopping threads took: 0.0000200 seconds
213.190: [GC (Allocation Failure)  729806K->412528K(1035264K), 0.0043717 secs]
213.195: Total time for which application threads were stopped: 0.0045337 seconds, Stopping threads took: 0.0000194 seconds
213.263: [GC (Allocation Failure)  735088K->412400K(1035264K), 0.0042669 secs]
213.268: Total time for which application threads were stopped: 0.0044284 seconds, Stopping threads took: 0.0000198 seconds
213.335: [GC (Allocation Failure)  734960K->415504K(1035264K), 0.0073278 secs]
213.342: Total time for which application threads were stopped: 0.0074973 seconds, Stopping threads took: 0.0000198 seconds
213.411: [GC (Allocation Failure)  738064K->420499K(1035264K), 0.0044613 secs]
213.416: Total time for which application threads were stopped: 0.0046485 seconds, Stopping threads took: 0.0000255 seconds
213.484: [GC (Allocation Failure)  743059K->420467K(1035264K), 0.0045175 secs]
213.489: Total time for which application threads were stopped: 0.0046837 seconds, Stopping threads took: 0.0000206 seconds
213.556: [GC (Allocation Failure)  743027K->415664K(1035264K), 0.0027724 secs]
213.559: Total time for which application threads were stopped: 0.0029315 seconds, Stopping threads took: 0.0000204 seconds
213.628: [GC (Allocation Failure)  738224K->420435K(1035264K), 0.0044093 secs]
213.632: Total time for which application threads were stopped: 0.0045805 seconds, Stopping threads took: 0.0000194 seconds
213.700: [GC (Allocation Failure)  742995K->420403K(1035264K), 0.0044253 secs]
213.705: Total time for which application threads were stopped: 0.0045847 seconds, Stopping threads took: 0.0000196 seconds
213.772: [GC (Allocation Failure)  742963K->419984K(1035264K), 0.0044339 secs]
213.777: Total time for which application threads were stopped: 0.0046032 seconds, Stopping threads took: 0.0000271 seconds
213.844: [GC (Allocation Failure)  742544K->420691K(1035776K), 0.0045078 secs]
213.849: Total time for which application threads were stopped: 0.0046663 seconds, Stopping threads took: 0.0000189 seconds
213.919: [GC (Allocation Failure)  744275K->420467K(1035776K), 0.0043480 secs]
213.923: Total time for which application threads were stopped: 0.0045181 seconds, Stopping threads took: 0.0000195 seconds
213.989: [GC (Allocation Failure)  744051K->426312K(1031680K), 0.0071950 secs]
213.996: Total time for which application threads were stopped: 0.0073868 seconds, Stopping threads took: 0.0000192 seconds
214.063: [GC (Allocation Failure)  745800K->421739K(1033728K), 0.0045805 secs]
214.068: Total time for which application threads were stopped: 0.0047683 seconds, Stopping threads took: 0.0000166 seconds
214.136: [GC (Allocation Failure)  741227K->421611K(1034752K), 0.0043802 secs]
214.141: Total time for which application threads were stopped: 0.0045458 seconds, Stopping threads took: 0.0000173 seconds
214.209: [GC (Allocation Failure)  742635K->424136K(1034240K), 0.0054539 secs]
214.215: Total time for which application threads were stopped: 0.0056216 seconds, Stopping threads took: 0.0000246 seconds
214.283: [GC (Allocation Failure)  745160K->421739K(1034752K), 0.0042637 secs]
214.287: Total time for which application threads were stopped: 0.0044331 seconds, Stopping threads took: 0.0000272 seconds
214.354: [GC (Allocation Failure)  742763K->421547K(1034240K), 0.0045945 secs]
214.359: Total time for which application threads were stopped: 0.0047743 seconds, Stopping threads took: 0.0000198 seconds
214.428: [GC (Allocation Failure)  742571K->423784K(1034240K), 0.0053111 secs]
214.434: Total time for which application threads were stopped: 0.0055025 seconds, Stopping threads took: 0.0000188 seconds
214.504: [GC (Allocation Failure)  745320K->421643K(1034752K), 0.0043878 secs]
214.508: Total time for which application threads were stopped: 0.0045612 seconds, Stopping threads took: 0.0000196 seconds
214.575: [GC (Allocation Failure)  743179K->421579K(1035776K), 0.0045420 secs]
214.580: Total time for which application threads were stopped: 0.0047223 seconds, Stopping threads took: 0.0000199 seconds
214.647: [GC (Allocation Failure)  744651K->426512K(1035264K), 0.0065484 secs]
214.654: Total time for which application threads were stopped: 0.0067353 seconds, Stopping threads took: 0.0000273 seconds
214.720: [GC (Allocation Failure)  749584K->421827K(1034240K), 0.0044548 secs]
214.724: Total time for which application threads were stopped: 0.0046259 seconds, Stopping threads took: 0.0000193 seconds
214.791: [GC (Allocation Failure)  743363K->421827K(1034752K), 0.0045146 secs]
214.796: Total time for which application threads were stopped: 0.0046903 seconds, Stopping threads took: 0.0000196 seconds
214.863: [GC (Allocation Failure)  743363K->429496K(1031168K), 0.0081242 secs]
214.872: Total time for which application threads were stopped: 0.0082850 seconds, Stopping threads took: 0.0000162 seconds
214.940: [GC (Allocation Failure)  747960K->424443K(1033216K), 0.0048795 secs]
214.945: Total time for which application threads were stopped: 0.0050567 seconds, Stopping threads took: 0.0000260 seconds
215.010: [GC (Allocation Failure)  742907K->424219K(1033728K), 0.0045569 secs]
215.015: Total time for which application threads were stopped: 0.0047328 seconds, Stopping threads took: 0.0000207 seconds
215.082: [GC (Allocation Failure)  743707K->425016K(1033728K), 0.0061411 secs]
215.088: Total time for which application threads were stopped: 0.0063250 seconds, Stopping threads took: 0.0000196 seconds
215.156: [GC (Allocation Failure)  744504K->424443K(1034752K), 0.0045433 secs]
215.161: Total time for which application threads were stopped: 0.0047116 seconds, Stopping threads took: 0.0000208 seconds
215.227: [GC (Allocation Failure)  745467K->424283K(1034240K), 0.0043852 secs]
215.231: Total time for which application threads were stopped: 0.0045657 seconds, Stopping threads took: 0.0000204 seconds
215.298: [GC (Allocation Failure)  745307K->423192K(1035264K), 0.0039452 secs]
215.302: Total time for which application threads were stopped: 0.0041097 seconds, Stopping threads took: 0.0000268 seconds
215.369: [GC (Allocation Failure)  745752K->424347K(1035264K), 0.0044385 secs]
215.374: Total time for which application threads were stopped: 0.0046065 seconds, Stopping threads took: 0.0000185 seconds
215.441: [GC (Allocation Failure)  746907K->424251K(1035776K), 0.0044777 secs]
215.446: Total time for which application threads were stopped: 0.0046466 seconds, Stopping threads took: 0.0000274 seconds
215.513: [GC (Allocation Failure)  747323K->427960K(1035264K), 0.0058505 secs]
215.519: Total time for which application threads were stopped: 0.0060486 seconds, Stopping threads took: 0.0000265 seconds
215.587: [GC (Allocation Failure)  751032K->424283K(1035264K), 0.0061467 secs]
215.593: Total time for which application threads were stopped: 0.0063195 seconds, Stopping threads took: 0.0000242 seconds
215.661: [GC (Allocation Failure)  746843K->424283K(1035264K), 0.0043123 secs]
215.666: Total time for which application threads were stopped: 0.0044713 seconds, Stopping threads took: 0.0000191 seconds
215.735: [GC (Allocation Failure)  746843K->416408K(1033728K), 0.0014871 secs]
215.736: Total time for which application threads were stopped: 0.0016071 seconds, Stopping threads took: 0.0000193 seconds
215.807: [GC (Allocation Failure)  737944K->424555K(1034752K), 0.0045493 secs]
215.812: Total time for which application threads were stopped: 0.0047231 seconds, Stopping threads took: 0.0000165 seconds
215.879: [GC (Allocation Failure)  746091K->428395K(1035776K), 0.0059280 secs]
215.885: Total time for which application threads were stopped: 0.0061120 seconds, Stopping threads took: 0.0000255 seconds
215.952: [GC (Allocation Failure)  751467K->423336K(1035264K), 0.0029367 secs]
215.955: Total time for which application threads were stopped: 0.0031036 seconds, Stopping threads took: 0.0000194 seconds
216.024: [GC (Allocation Failure)  746408K->428651K(1035264K), 0.0045187 secs]
216.028: Total time for which application threads were stopped: 0.0046843 seconds, Stopping threads took: 0.0000255 seconds
216.096: [GC (Allocation Failure)  751211K->432571K(1035264K), 0.0048038 secs]
216.101: Total time for which application threads were stopped: 0.0049782 seconds, Stopping threads took: 0.0000201 seconds
216.169: [GC (Allocation Failure)  755131K->428632K(1035776K), 0.0034113 secs]
216.173: Total time for which application threads were stopped: 0.0035788 seconds, Stopping threads took: 0.0000194 seconds
216.243: [GC (Allocation Failure)  752216K->432667K(1035776K), 0.0044522 secs]
216.248: Total time for which application threads were stopped: 0.0046286 seconds, Stopping threads took: 0.0000200 seconds
216.315: [GC (Allocation Failure)  756251K->436667K(1035776K), 0.0043789 secs]
216.320: Total time for which application threads were stopped: 0.0045541 seconds, Stopping threads took: 0.0000206 seconds
216.388: [GC (Allocation Failure)  760251K->436699K(1035776K), 0.0047858 secs]
216.393: Total time for which application threads were stopped: 0.0049722 seconds, Stopping threads took: 0.0000199 seconds
216.459: [GC (Allocation Failure)  760283K->436739K(1034752K), 0.0047701 secs]
216.464: Total time for which application threads were stopped: 0.0049323 seconds, Stopping threads took: 0.0000205 seconds
216.531: [GC (Allocation Failure)  759299K->444741K(1035264K), 0.0046197 secs]
216.536: Total time for which application threads were stopped: 0.0048172 seconds, Stopping threads took: 0.0000197 seconds
216.604: [GC (Allocation Failure)  767301K->444741K(1035264K), 0.0060830 secs]
216.610: Total time for which application threads were stopped: 0.0062332 seconds, Stopping threads took: 0.0000250 seconds
216.676: [GC (Allocation Failure)  767301K->444741K(1022464K), 0.0047672 secs]
216.681: Total time for which application threads were stopped: 0.0049600 seconds, Stopping threads took: 0.0000199 seconds
216.751: [GC (Allocation Failure)  767301K->452743K(1034752K), 0.0043986 secs]
216.756: Total time for which application threads were stopped: 0.0045937 seconds, Stopping threads took: 0.0000201 seconds
216.825: [GC (Allocation Failure)  774279K->452711K(1034752K), 0.0045206 secs]
216.829: Total time for which application threads were stopped: 0.0046924 seconds, Stopping threads took: 0.0000194 seconds
216.898: [GC (Allocation Failure)  774247K->452967K(1034752K), 0.0044797 secs]
216.903: Total time for which application threads were stopped: 0.0046317 seconds, Stopping threads took: 0.0000162 seconds
216.970: [GC (Allocation Failure)  774503K->460778K(1029120K), 0.0044651 secs]
216.974: Total time for which application threads were stopped: 0.0046334 seconds, Stopping threads took: 0.0000190 seconds
217.042: [GC (Allocation Failure)  782314K->460778K(1034752K), 0.0044415 secs]
217.047: Total time for which application threads were stopped: 0.0045983 seconds, Stopping threads took: 0.0000194 seconds
217.115: [GC (Allocation Failure)  781802K->460842K(1034240K), 0.0044738 secs]
217.120: Total time for which application threads were stopped: 0.0046412 seconds, Stopping threads took: 0.0000174 seconds
217.187: [GC (Allocation Failure)  781866K->468844K(1034240K), 0.0046729 secs]
217.191: Total time for which application threads were stopped: 0.0048457 seconds, Stopping threads took: 0.0000201 seconds
217.259: [GC (Allocation Failure)  789356K->468812K(1034240K), 0.0042996 secs]
217.263: Total time for which application threads were stopped: 0.0044701 seconds, Stopping threads took: 0.0000193 seconds
217.330: [GC (Allocation Failure)  789324K->468940K(1033216K), 0.0044437 secs]
217.335: Total time for which application threads were stopped: 0.0046107 seconds, Stopping threads took: 0.0000202 seconds
217.402: [GC (Allocation Failure)  788428K->476846K(1033728K), 0.0043173 secs]
217.406: Total time for which application threads were stopped: 0.0044764 seconds, Stopping threads took: 0.0000255 seconds
217.475: [GC (Allocation Failure)  796334K->476846K(1033728K), 0.0046133 secs]
217.479: Total time for which application threads were stopped: 0.0047837 seconds, Stopping threads took: 0.0000279 seconds
217.545: [GC (Allocation Failure)  796334K->476902K(1033728K), 0.0046064 secs]
217.550: Total time for which application threads were stopped: 0.0047765 seconds, Stopping threads took: 0.0000199 seconds
217.617: [GC (Allocation Failure)  796390K->484872K(1033728K), 0.0046603 secs]
217.622: Total time for which application threads were stopped: 0.0048109 seconds, Stopping threads took: 0.0000167 seconds
217.688: [GC (Allocation Failure)  804360K->484904K(1033728K), 0.0045560 secs]
217.692: Total time for which application threads were stopped: 0.0047252 seconds, Stopping threads took: 0.0000193 seconds
217.757: [GC (Allocation Failure)  804392K->485128K(1033728K), 0.0045365 secs]
217.762: Total time for which application threads were stopped: 0.0047216 seconds, Stopping threads took: 0.0000198 seconds
217.829: [GC (Allocation Failure)  804616K->492907K(1033728K), 0.0046495 secs]
217.834: Total time for which application threads were stopped: 0.0048402 seconds, Stopping threads took: 0.0000189 seconds
217.901: [GC (Allocation Failure)  812395K->489032K(1034240K), 0.0035117 secs]
217.905: Total time for which application threads were stopped: 0.0036756 seconds, Stopping threads took: 0.0000256 seconds
217.973: [GC (Allocation Failure)  809032K->493035K(1033728K), 0.0047560 secs]
217.978: Total time for which application threads were stopped: 0.0049307 seconds, Stopping threads took: 0.0000190 seconds
218.047: [GC (Allocation Failure)  813035K->497035K(1034752K), 0.0044530 secs]
218.051: Total time for which application threads were stopped: 0.0046451 seconds, Stopping threads took: 0.0000193 seconds
218.119: [GC (Allocation Failure)  818571K->491272K(1034752K), 0.0025503 secs]
218.122: Total time for which application threads were stopped: 0.0026882 seconds, Stopping threads took: 0.0000167 seconds
218.188: [GC (Allocation Failure)  812808K->497107K(1035264K), 0.0046698 secs]
218.193: Total time for which application threads were stopped: 0.0048326 seconds, Stopping threads took: 0.0000194 seconds
218.261: [GC (Allocation Failure)  819155K->501179K(1034752K), 0.0050010 secs]
218.266: Total time for which application threads were stopped: 0.0051756 seconds, Stopping threads took: 0.0000196 seconds
218.334: [GC (Allocation Failure)  822965K->497272K(1035776K), 0.0035183 secs]
218.338: Total time for which application threads were stopped: 0.0036672 seconds, Stopping threads took: 0.0000166 seconds
218.407: [GC (Allocation Failure)  820344K->501339K(1035264K), 0.0046946 secs]
218.412: Total time for which application threads were stopped: 0.0048762 seconds, Stopping threads took: 0.0000266 seconds
218.479: [GC (Allocation Failure)  824411K->505307K(1035264K), 0.0044397 secs]
218.484: Total time for which application threads were stopped: 0.0046600 seconds, Stopping threads took: 0.0000271 seconds
218.554: [GC (Allocation Failure)  828891K->505307K(1035776K), 0.0046183 secs]
218.559: Total time for which application threads were stopped: 0.0047644 seconds, Stopping threads took: 0.0000166 seconds
218.628: [GC (Allocation Failure)  828891K->505371K(1034752K), 0.0047113 secs]
218.632: Total time for which application threads were stopped: 0.0048772 seconds, Stopping threads took: 0.0000189 seconds
218.700: [GC (Allocation Failure)  827931K->513341K(1035264K), 0.0045654 secs]
218.705: Total time for which application threads were stopped: 0.0047410 seconds, Stopping threads took: 0.0000190 seconds
218.772: [GC (Allocation Failure)  835901K->513341K(1034240K), 0.0047101 secs]
218.777: Total time for which application threads were stopped: 0.0048709 seconds, Stopping threads took: 0.0000198 seconds
218.844: [GC (Allocation Failure)  834877K->513405K(1034752K), 0.0045444 secs]
218.849: Total time for which application threads were stopped: 0.0047371 seconds, Stopping threads took: 0.0000202 seconds
218.915: [GC (Allocation Failure)  834941K->521375K(1034752K), 0.0076737 secs]
218.922: Total time for which application threads were stopped: 0.0078335 seconds, Stopping threads took: 0.0000264 seconds
218.990: [GC (Allocation Failure)  842911K->521375K(1029120K), 0.0047570 secs]
218.995: Total time for which application threads were stopped: 0.0049160 seconds, Stopping threads took: 0.0000194 seconds
219.060: [GC (Allocation Failure)  842911K->521639K(1034240K), 0.0047182 secs]
219.065: Total time for which application threads were stopped: 0.0048895 seconds, Stopping threads took: 0.0000201 seconds
219.132: [GC (Allocation Failure)  842151K->529417K(1034240K), 0.0044538 secs]
219.137: Total time for which application threads were stopped: 0.0046232 seconds, Stopping threads took: 0.0000189 seconds
219.204: [GC (Allocation Failure)  849929K->529385K(1034240K), 0.0047903 secs]
219.209: Total time for which application threads were stopped: 0.0049629 seconds, Stopping threads took: 0.0000199 seconds
219.276: [GC (Allocation Failure)  849897K->529865K(1034240K), 0.0048074 secs]
219.281: Total time for which application threads were stopped: 0.0049681 seconds, Stopping threads took: 0.0000197 seconds
219.346: [GC (Allocation Failure)  850377K->537452K(1033216K), 0.0054885 secs]
219.352: Total time for which application threads were stopped: 0.0056609 seconds, Stopping threads took: 0.0000194 seconds
219.420: [GC (Allocation Failure)  856940K->537452K(1033728K), 0.0044559 secs]
219.425: Total time for which application threads were stopped: 0.0046140 seconds, Stopping threads took: 0.0000254 seconds
219.490: [GC (Allocation Failure)  856940K->537580K(1033728K), 0.0047621 secs]
219.495: Total time for which application threads were stopped: 0.0049226 seconds, Stopping threads took: 0.0000195 seconds
219.562: [GC (Allocation Failure)  857068K->545486K(1033728K), 0.0046920 secs]
219.567: Total time for which application threads were stopped: 0.0048763 seconds, Stopping threads took: 0.0000195 seconds
219.636: [GC (Allocation Failure)  864974K->545518K(1033728K), 0.0046453 secs]
219.641: Total time for which application threads were stopped: 0.0048045 seconds, Stopping threads took: 0.0000195 seconds
219.707: [GC (Allocation Failure)  865006K->545550K(1033728K), 0.0046406 secs]
219.712: Total time for which application threads were stopped: 0.0048298 seconds, Stopping threads took: 0.0000189 seconds
219.781: [GC (Allocation Failure)  865038K->553520K(1032704K), 0.0046399 secs]
219.785: Total time for which application threads were stopped: 0.0047872 seconds, Stopping threads took: 0.0000169 seconds
219.852: [GC (Allocation Failure)  871984K->547982K(1033216K), 0.0026398 secs]
219.855: Total time for which application threads were stopped: 0.0028129 seconds, Stopping threads took: 0.0000190 seconds
219.925: [GC (Allocation Failure)  866446K->553776K(1034752K), 0.0047539 secs]
219.929: Total time for which application threads were stopped: 0.0049180 seconds, Stopping threads took: 0.0000263 seconds
219.997: [GC (Allocation Failure)  874288K->557704K(1033728K), 0.0050342 secs]
220.002: Total time for which application threads were stopped: 0.0052282 seconds, Stopping threads took: 0.0000193 seconds
220.070: [GC (Allocation Failure)  878216K->564558K(1029120K), 0.0077258 secs]
220.078: Total time for which application threads were stopped: 0.0079115 seconds, Stopping threads took: 0.0000271 seconds
220.145: [GC (Allocation Failure)  879950K->558480K(1031680K), 0.0049791 secs]
220.150: Total time for which application threads were stopped: 0.0051494 seconds, Stopping threads took: 0.0000203 seconds
220.215: [GC (Allocation Failure)  873872K->558320K(1032704K), 0.0048217 secs]
220.219: Total time for which application threads were stopped: 0.0049927 seconds, Stopping threads took: 0.0000198 seconds
220.284: [GC (Allocation Failure)  875248K->561672K(1032192K), 0.0055235 secs]
220.289: Total time for which application threads were stopped: 0.0056944 seconds, Stopping threads took: 0.0000196 seconds
220.356: [GC (Allocation Failure)  878600K->566410K(1033216K), 0.0046846 secs]
220.361: Total time for which application threads were stopped: 0.0048458 seconds, Stopping threads took: 0.0000196 seconds
220.428: [GC (Allocation Failure)  884362K->566282K(1032704K), 0.0048330 secs]
220.433: Total time for which application threads were stopped: 0.0050254 seconds, Stopping threads took: 0.0000197 seconds
220.502: [GC (Allocation Failure)  884234K->567338K(1033216K), 0.0049878 secs]
220.507: Total time for which application threads were stopped: 0.0051611 seconds, Stopping threads took: 0.0000190 seconds
220.577: [GC (Allocation Failure)  885802K->574381K(1033216K), 0.0049232 secs]
220.582: Total time for which application threads were stopped: 0.0050829 seconds, Stopping threads took: 0.0000196 seconds
220.651: [GC (Allocation Failure)  892845K->574349K(1033728K), 0.0048446 secs]
220.656: Total time for which application threads were stopped: 0.0050656 seconds, Stopping threads took: 0.0000199 seconds
220.723: [GC (Allocation Failure)  893325K->576045K(1033216K), 0.0048091 secs]
220.728: Total time for which application threads were stopped: 0.0049891 seconds, Stopping threads took: 0.0000192 seconds
220.797: [GC (Allocation Failure)  895021K->582447K(1033728K), 0.0047251 secs]
220.802: Total time for which application threads were stopped: 0.0048884 seconds, Stopping threads took: 0.0000194 seconds
220.869: [GC (Allocation Failure)  901935K->582415K(1033728K), 0.0056762 secs]
220.875: Total time for which application threads were stopped: 0.0058375 seconds, Stopping threads took: 0.0000198 seconds
220.941: [GC (Allocation Failure)  901903K->582727K(1033728K), 0.0050143 secs]
220.947: Total time for which application threads were stopped: 0.0051899 seconds, Stopping threads took: 0.0000254 seconds
221.014: [GC (Allocation Failure)  902215K->590441K(1033728K), 0.0048672 secs]
221.019: Total time for which application threads were stopped: 0.0050323 seconds, Stopping threads took: 0.0000201 seconds
221.086: [GC (Allocation Failure)  909929K->590409K(1033728K), 0.0047361 secs]
221.091: Total time for which application threads were stopped: 0.0049143 seconds, Stopping threads took: 0.0000285 seconds
221.157: [GC (Allocation Failure)  909897K->594025K(1033728K), 0.0056046 secs]
221.163: Total time for which application threads were stopped: 0.0057677 seconds, Stopping threads took: 0.0000202 seconds
221.231: [GC (Allocation Failure)  913513K->598508K(1034240K), 0.0075386 secs]
221.239: Total time for which application threads were stopped: 0.0077126 seconds, Stopping threads took: 0.0000195 seconds
221.307: [GC (Allocation Failure)  919020K->598412K(1034240K), 0.0053910 secs]
221.313: Total time for which application threads were stopped: 0.0055740 seconds, Stopping threads took: 0.0000206 seconds
221.380: [GC (Allocation Failure)  918924K->599172K(1034240K), 0.0050888 secs]
221.386: Total time for which application threads were stopped: 0.0052550 seconds, Stopping threads took: 0.0000204 seconds
221.454: [GC (Allocation Failure)  919684K->606502K(1034240K), 0.0047581 secs]
221.458: Total time for which application threads were stopped: 0.0049330 seconds, Stopping threads took: 0.0000274 seconds
221.526: [GC (Allocation Failure)  927014K->606438K(1034240K), 0.0130989 secs]
221.539: Total time for which application threads were stopped: 0.0132744 seconds, Stopping threads took: 0.0000191 seconds
221.608: [GC (Allocation Failure)  926950K->607398K(1034240K), 0.0049385 secs]
221.613: Total time for which application threads were stopped: 0.0051064 seconds, Stopping threads took: 0.0000190 seconds
221.681: [GC (Allocation Failure)  927910K->614536K(1034240K), 0.0048000 secs]
221.686: Total time for which application threads were stopped: 0.0049711 seconds, Stopping threads took: 0.0000206 seconds
221.753: [GC (Allocation Failure)  935048K->614504K(1034240K), 0.0048991 secs]
221.758: Total time for which application threads were stopped: 0.0050708 seconds, Stopping threads took: 0.0000196 seconds
221.825: [GC (Allocation Failure)  935016K->615656K(1034240K), 0.0047830 secs]
221.830: Total time for which application threads were stopped: 0.0049548 seconds, Stopping threads took: 0.0000193 seconds
221.899: [GC (Allocation Failure)  936168K->622570K(1034240K), 0.0049162 secs]
221.904: Total time for which application threads were stopped: 0.0050981 seconds, Stopping threads took: 0.0000254 seconds
221.973: [GC (Allocation Failure)  943082K->622570K(1034240K), 0.0048841 secs]
221.978: Total time for which application threads were stopped: 0.0050425 seconds, Stopping threads took: 0.0000188 seconds
222.046: [GC (Allocation Failure)  943082K->622882K(1020416K), 0.0052348 secs]
222.051: Total time for which application threads were stopped: 0.0054013 seconds, Stopping threads took: 0.0000194 seconds
222.119: [GC (Allocation Failure)  943394K->630597K(1033728K), 0.0048678 secs]
222.124: Total time for which application threads were stopped: 0.0050725 seconds, Stopping threads took: 0.0000189 seconds
222.192: [GC (Allocation Failure)  950085K->630597K(1033728K), 0.0047342 secs]
222.197: Total time for which application threads were stopped: 0.0049191 seconds, Stopping threads took: 0.0000401 seconds
222.263: [GC (Allocation Failure)  950085K->631109K(1033728K), 0.0051652 secs]
222.268: Total time for which application threads were stopped: 0.0053364 seconds, Stopping threads took: 0.0000198 seconds
222.337: [GC (Allocation Failure)  950597K->638663K(1033728K), 0.0048802 secs]
222.342: Total time for which application threads were stopped: 0.0050298 seconds, Stopping threads took: 0.0000161 seconds
222.410: [GC (Allocation Failure)  958151K->638631K(1033728K), 0.0046768 secs]
222.415: Total time for which application threads were stopped: 0.0048341 seconds, Stopping threads took: 0.0000248 seconds
222.481: [GC (Allocation Failure)  958119K->639335K(1033728K), 0.0050139 secs]
222.486: Total time for which application threads were stopped: 0.0051832 seconds, Stopping threads took: 0.0000199 seconds
222.555: [GC (Allocation Failure)  958823K->646665K(1033728K), 0.0049162 secs]
222.560: Total time for which application threads were stopped: 0.0050864 seconds, Stopping threads took: 0.0000193 seconds
222.630: [GC (Allocation Failure)  966153K->646665K(1033728K), 0.0049404 secs]
222.635: Total time for which application threads were stopped: 0.0051082 seconds, Stopping threads took: 0.0000189 seconds
222.701: [GC (Allocation Failure)  966153K->648649K(1033728K), 0.0050732 secs]
222.706: Total time for which application threads were stopped: 0.0052365 seconds, Stopping threads took: 0.0000199 seconds
222.774: [GC (Allocation Failure)  968137K->654667K(1033728K), 0.0048517 secs]
222.779: Total time for which application threads were stopped: 0.0050140 seconds, Stopping threads took: 0.0000195 seconds
222.846: [GC (Allocation Failure)  974155K->654667K(1033728K), 0.0047313 secs]
222.851: Total time for which application threads were stopped: 0.0049013 seconds, Stopping threads took: 0.0000203 seconds
222.918: [GC (Allocation Failure)  974155K->655819K(1033728K), 0.0048234 secs]
222.923: Total time for which application threads were stopped: 0.0049887 seconds, Stopping threads took: 0.0000257 seconds
222.990: [GC (Allocation Failure)  975307K->662702K(1033728K), 0.0050207 secs]
222.996: Total time for which application threads were stopped: 0.0051923 seconds, Stopping threads took: 0.0000202 seconds
223.063: [GC (Allocation Failure)  982190K->662702K(1033728K), 0.0049484 secs]
223.068: Total time for which application threads were stopped: 0.0051138 seconds, Stopping threads took: 0.0000198 seconds
223.134: [GC (Allocation Failure)  982190K->663014K(1033728K), 0.0050053 secs]
223.139: Total time for which application threads were stopped: 0.0051884 seconds, Stopping threads took: 0.0000198 seconds
223.207: [GC (Allocation Failure)  982502K->670728K(1033728K), 0.0056705 secs]
223.213: Total time for which application threads were stopped: 0.0058441 seconds, Stopping threads took: 0.0000199 seconds
223.280: [GC (Allocation Failure)  990216K->670728K(1033728K), 0.0049301 secs]
223.285: Total time for which application threads were stopped: 0.0051008 seconds, Stopping threads took: 0.0000194 seconds
223.352: [GC (Allocation Failure)  990216K->671240K(1033728K), 0.0087933 secs]
223.360: Total time for which application threads were stopped: 0.0089831 seconds, Stopping threads took: 0.0000197 seconds
223.429: [GC (Allocation Failure)  990728K->678762K(1033728K), 0.0049617 secs]
223.434: Total time for which application threads were stopped: 0.0051307 seconds, Stopping threads took: 0.0000196 seconds
223.501: [GC (Allocation Failure)  998250K->678794K(1033728K), 0.0050831 secs]
223.506: Total time for which application threads were stopped: 0.0052545 seconds, Stopping threads took: 0.0000201 seconds
223.572: [GC (Allocation Failure)  998282K->679498K(1033728K), 0.0050835 secs]
223.577: Total time for which application threads were stopped: 0.0052740 seconds, Stopping threads took: 0.0000306 seconds
223.647: [GC (Allocation Failure)  998986K->686796K(1033728K), 0.0047326 secs]
223.652: Total time for which application threads were stopped: 0.0048934 seconds, Stopping threads took: 0.0000193 seconds
223.719: [GC (Allocation Failure)  1006284K->686796K(1033728K), 0.0048257 secs]
223.723: Total time for which application threads were stopped: 0.0050252 seconds, Stopping threads took: 0.0000196 seconds
223.791: [GC (Allocation Failure)  1006284K->687716K(1033728K), 0.0052080 secs]
223.796: [Full GC (Ergonomics)  687716K->9400K(1033728K), 0.0137421 secs]
223.810: Total time for which application threads were stopped: 0.0192406 seconds, Stopping threads took: 0.0000188 seconds
223.878: [GC (Allocation Failure)  328888K->17626K(1033728K), 0.0035900 secs]
223.882: Total time for which application threads were stopped: 0.0037706 seconds, Stopping threads took: 0.0000197 seconds
223.950: [GC (Allocation Failure)  337114K->17642K(1033728K), 0.0035572 secs]
223.953: Total time for which application threads were stopped: 0.0037375 seconds, Stopping threads took: 0.0000194 seconds
224.022: [GC (Allocation Failure)  337130K->17698K(1032704K), 0.0037355 secs]
224.026: Total time for which application threads were stopped: 0.0038975 seconds, Stopping threads took: 0.0000197 seconds
224.093: [GC (Allocation Failure)  336162K->25637K(1033216K), 0.0037407 secs]
224.097: Total time for which application threads were stopped: 0.0039094 seconds, Stopping threads took: 0.0000199 seconds
224.163: [GC (Allocation Failure)  344101K->25605K(1033216K), 0.0038027 secs]
224.167: Total time for which application threads were stopped: 0.0039689 seconds, Stopping threads took: 0.0000194 seconds
224.232: [GC (Allocation Failure)  344069K->25965K(1033216K), 0.0037835 secs]
224.236: Total time for which application threads were stopped: 0.0039607 seconds, Stopping threads took: 0.0000208 seconds
224.302: [GC (Allocation Failure)  344429K->33711K(1033216K), 0.0037906 secs]
224.305: Total time for which application threads were stopped: 0.0039521 seconds, Stopping threads took: 0.0000199 seconds
224.371: [GC (Allocation Failure)  352175K->33711K(1033216K), 0.0037950 secs]
224.375: Total time for which application threads were stopped: 0.0039533 seconds, Stopping threads took: 0.0000204 seconds
224.441: [GC (Allocation Failure)  352175K->34183K(1033216K), 0.0036775 secs]
224.445: Total time for which application threads were stopped: 0.0038676 seconds, Stopping threads took: 0.0000279 seconds
224.514: [GC (Allocation Failure)  352647K->41705K(1033216K), 0.0038508 secs]
224.518: Total time for which application threads were stopped: 0.0039998 seconds, Stopping threads took: 0.0000168 seconds
224.583: [GC (Allocation Failure)  360169K->41673K(1033216K), 0.0044272 secs]
224.588: Total time for which application threads were stopped: 0.0045924 seconds, Stopping threads took: 0.0000177 seconds
224.653: [GC (Allocation Failure)  360137K->41929K(1033216K), 0.0038900 secs]
224.657: Total time for which application threads were stopped: 0.0040501 seconds, Stopping threads took: 0.0000196 seconds
224.724: [GC (Allocation Failure)  360393K->49739K(1033216K), 0.0038928 secs]
224.728: Total time for which application threads were stopped: 0.0040551 seconds, Stopping threads took: 0.0000198 seconds
224.797: [GC (Allocation Failure)  368203K->49707K(1033216K), 0.0039105 secs]
224.801: Total time for which application threads were stopped: 0.0040889 seconds, Stopping threads took: 0.0000216 seconds
224.866: [GC (Allocation Failure)  368171K->49899K(1033216K), 0.0038161 secs]
224.870: Total time for which application threads were stopped: 0.0039866 seconds, Stopping threads took: 0.0000194 seconds
224.937: [GC (Allocation Failure)  368363K->57806K(1033216K), 0.0036948 secs]
224.941: Total time for which application threads were stopped: 0.0038777 seconds, Stopping threads took: 0.0000281 seconds
225.007: [GC (Allocation Failure)  376270K->57774K(1033216K), 0.0037435 secs]
225.011: Total time for which application threads were stopped: 0.0040478 seconds, Stopping threads took: 0.0000206 seconds
225.077: [GC (Allocation Failure)  376238K->57838K(1033216K), 0.0039003 secs]
225.081: Total time for which application threads were stopped: 0.0040728 seconds, Stopping threads took: 0.0000255 seconds
225.147: [GC (Allocation Failure)  376302K->65808K(1033216K), 0.0037884 secs]
225.150: Total time for which application threads were stopped: 0.0039453 seconds, Stopping threads took: 0.0000189 seconds
225.217: [GC (Allocation Failure)  384272K->65840K(1033216K), 0.0036853 secs]
225.221: Total time for which application threads were stopped: 0.0038756 seconds, Stopping threads took: 0.0000192 seconds
225.287: [GC (Allocation Failure)  384304K->66088K(1033216K), 0.0038088 secs]
225.291: Total time for which application threads were stopped: 0.0039666 seconds, Stopping threads took: 0.0000173 seconds
225.358: [GC (Allocation Failure)  384552K->73866K(1033216K), 0.0038032 secs]
225.362: Total time for which application threads were stopped: 0.0039802 seconds, Stopping threads took: 0.0000201 seconds
225.429: [GC (Allocation Failure)  392330K->73834K(1033216K), 0.0034142 secs]
225.433: Total time for which application threads were stopped: 0.0035873 seconds, Stopping threads took: 0.0000263 seconds
225.498: [GC (Allocation Failure)  392298K->74082K(1033216K), 0.0040825 secs]
225.502: Total time for which application threads were stopped: 0.0042551 seconds, Stopping threads took: 0.0000250 seconds
225.569: [GC (Allocation Failure)  392546K->81860K(1033216K), 0.0038149 secs]
225.573: Total time for which application threads were stopped: 0.0039825 seconds, Stopping threads took: 0.0000190 seconds
225.641: [GC (Allocation Failure)  400324K->75970K(1033216K), 0.0013855 secs]
225.643: Total time for which application threads were stopped: 0.0015158 seconds, Stopping threads took: 0.0000195 seconds
225.708: [GC (Allocation Failure)  394434K->82020K(1034240K), 0.0038833 secs]
225.712: Total time for which application threads were stopped: 0.0040474 seconds, Stopping threads took: 0.0000202 seconds
225.781: [GC (Allocation Failure)  401508K->86036K(1033216K), 0.0042028 secs]
225.786: Total time for which application threads were stopped: 0.0043767 seconds, Stopping threads took: 0.0000213 seconds
225.854: [GC (Allocation Failure)  405524K->90546K(1030656K), 0.0056832 secs]
225.860: Total time for which application threads were stopped: 0.0058513 seconds, Stopping threads took: 0.0000190 seconds
225.925: [GC (Allocation Failure)  406962K->86100K(1032192K), 0.0037387 secs]
225.929: Total time for which application threads were stopped: 0.0039215 seconds, Stopping threads took: 0.0000259 seconds
225.994: [GC (Allocation Failure)  402516K->85972K(1032704K), 0.0039392 secs]
225.998: Total time for which application threads were stopped: 0.0041072 seconds, Stopping threads took: 0.0000193 seconds
226.064: [GC (Allocation Failure)  403412K->89556K(1032704K), 0.0044385 secs]
226.069: Total time for which application threads were stopped: 0.0046033 seconds, Stopping threads took: 0.0000197 seconds
226.135: [GC (Allocation Failure)  406996K->94071K(1033216K), 0.0037818 secs]
226.139: Total time for which application threads were stopped: 0.0039537 seconds, Stopping threads took: 0.0000192 seconds
226.205: [GC (Allocation Failure)  412535K->94039K(1033216K), 0.0038167 secs]
226.208: Total time for which application threads were stopped: 0.0039864 seconds, Stopping threads took: 0.0000201 seconds
226.273: [GC (Allocation Failure)  412503K->96759K(1033728K), 0.0043945 secs]
226.278: Total time for which application threads were stopped: 0.0045724 seconds, Stopping threads took: 0.0000210 seconds
226.345: [GC (Allocation Failure)  416247K->102105K(1033728K), 0.0037396 secs]
226.349: Total time for which application threads were stopped: 0.0039110 seconds, Stopping threads took: 0.0000198 seconds
226.417: [GC (Allocation Failure)  421593K->102073K(1034240K), 0.0038167 secs]
226.421: Total time for which application threads were stopped: 0.0039898 seconds, Stopping threads took: 0.0000259 seconds
226.488: [GC (Allocation Failure)  422073K->104513K(1033728K), 0.0042407 secs]
226.492: Total time for which application threads were stopped: 0.0044190 seconds, Stopping threads took: 0.0000187 seconds
226.558: [GC (Allocation Failure)  424513K->110179K(1034240K), 0.0039401 secs]
226.562: Total time for which application threads were stopped: 0.0041342 seconds, Stopping threads took: 0.0000272 seconds
226.630: [GC (Allocation Failure)  430691K->110115K(1034240K), 0.0038139 secs]
226.634: Total time for which application threads were stopped: 0.0039735 seconds, Stopping threads took: 0.0000193 seconds
226.701: [GC (Allocation Failure)  430627K->110179K(1034240K), 0.0040706 secs]
226.706: Total time for which application threads were stopped: 0.0042384 seconds, Stopping threads took: 0.0000190 seconds
226.773: [GC (Allocation Failure)  430691K->118246K(1034240K), 0.0036025 secs]
226.777: Total time for which application threads were stopped: 0.0037640 seconds, Stopping threads took: 0.0000193 seconds
226.845: [GC (Allocation Failure)  438758K->118182K(1034240K), 0.0039750 secs]
226.849: Total time for which application threads were stopped: 0.0041448 seconds, Stopping threads took: 0.0000197 seconds
226.916: [GC (Allocation Failure)  438694K->120494K(1034240K), 0.0040933 secs]
226.921: Total time for which application threads were stopped: 0.0042693 seconds, Stopping threads took: 0.0000257 seconds
226.989: [GC (Allocation Failure)  441006K->126256K(1034240K), 0.0044102 secs]
226.993: Total time for which application threads were stopped: 0.0045711 seconds, Stopping threads took: 0.0000262 seconds
227.061: [GC (Allocation Failure)  446768K->126192K(1034240K), 0.0037370 secs]
227.065: Total time for which application threads were stopped: 0.0039090 seconds, Stopping threads took: 0.0000194 seconds
227.132: [GC (Allocation Failure)  446704K->126664K(1034240K), 0.0039707 secs]
227.136: Total time for which application threads were stopped: 0.0041443 seconds, Stopping threads took: 0.0000205 seconds
227.204: [GC (Allocation Failure)  447176K->134218K(1034240K), 0.0037734 secs]
227.208: Total time for which application threads were stopped: 0.0039466 seconds, Stopping threads took: 0.0000190 seconds
227.276: [GC (Allocation Failure)  454730K->134218K(1034240K), 0.0038927 secs]
227.280: Total time for which application threads were stopped: 0.0040592 seconds, Stopping threads took: 0.0000202 seconds
227.347: [GC (Allocation Failure)  454730K->136970K(1034240K), 0.0044608 secs]
227.351: Total time for which application threads were stopped: 0.0046565 seconds, Stopping threads took: 0.0000293 seconds
227.420: [GC (Allocation Failure)  457482K->142252K(1034240K), 0.0037167 secs]
227.423: Total time for which application threads were stopped: 0.0039059 seconds, Stopping threads took: 0.0000261 seconds
227.494: [GC (Allocation Failure)  462764K->142252K(1034240K), 0.0039586 secs]
227.498: Total time for which application threads were stopped: 0.0041151 seconds, Stopping threads took: 0.0000163 seconds
227.566: [GC (Allocation Failure)  462764K->143148K(1034240K), 0.0038911 secs]
227.570: Total time for which application threads were stopped: 0.0040699 seconds, Stopping threads took: 0.0000196 seconds
227.639: [GC (Allocation Failure)  463660K->150287K(1034240K), 0.0038719 secs]
227.643: Total time for which application threads were stopped: 0.0040636 seconds, Stopping threads took: 0.0000191 seconds
227.712: [GC (Allocation Failure)  470799K->150319K(1034240K), 0.0038562 secs]
227.716: Total time for which application threads were stopped: 0.0040142 seconds, Stopping threads took: 0.0000190 seconds
227.785: [GC (Allocation Failure)  470831K->153415K(1034240K), 0.0046258 secs]
227.789: Total time for which application threads were stopped: 0.0047972 seconds, Stopping threads took: 0.0000189 seconds
227.859: [GC (Allocation Failure)  473927K->158441K(1033728K), 0.0039758 secs]
227.863: Total time for which application threads were stopped: 0.0041447 seconds, Stopping threads took: 0.0000197 seconds
227.931: [GC (Allocation Failure)  478953K->158345K(1034240K), 0.0039797 secs]
227.936: Total time for which application threads were stopped: 0.0041695 seconds, Stopping threads took: 0.0000266 seconds
228.004: [GC (Allocation Failure)  478857K->159593K(1033728K), 0.0039882 secs]
228.008: Total time for which application threads were stopped: 0.0041536 seconds, Stopping threads took: 0.0000199 seconds
228.076: [GC (Allocation Failure)  480105K->166379K(1034240K), 0.0039769 secs]
228.080: Total time for which application threads were stopped: 0.0041596 seconds, Stopping threads took: 0.0000203 seconds
228.150: [GC (Allocation Failure)  486891K->166347K(1034240K), 0.0042583 secs]
228.154: Total time for which application threads were stopped: 0.0044223 seconds, Stopping threads took: 0.0000198 seconds
228.221: [GC (Allocation Failure)  486859K->169899K(1034240K), 0.0048055 secs]
228.226: Total time for which application threads were stopped: 0.0049768 seconds, Stopping threads took: 0.0000197 seconds
228.294: [GC (Allocation Failure)  490411K->174381K(1034752K), 0.0037886 secs]
228.298: Total time for which application threads were stopped: 0.0039542 seconds, Stopping threads took: 0.0000197 seconds
228.366: [GC (Allocation Failure)  495917K->174381K(1034752K), 0.0040066 secs]
228.370: Total time for which application threads were stopped: 0.0041703 seconds, Stopping threads took: 0.0000197 seconds
228.436: [GC (Allocation Failure)  495917K->178117K(1035264K), 0.0047649 secs]
228.441: Total time for which application threads were stopped: 0.0049357 seconds, Stopping threads took: 0.0000267 seconds
228.509: [GC (Allocation Failure)  500165K->182472K(1034752K), 0.0046148 secs]
228.514: Total time for which application threads were stopped: 0.0047879 seconds, Stopping threads took: 0.0000198 seconds
228.583: [GC (Allocation Failure)  504520K->182376K(1035264K), 0.0049369 secs]
228.588: Total time for which application threads were stopped: 0.0051050 seconds, Stopping threads took: 0.0000293 seconds
228.657: [GC (Allocation Failure)  504936K->185320K(1035264K), 0.0044124 secs]
228.661: Total time for which application threads were stopped: 0.0045928 seconds, Stopping threads took: 0.0000197 seconds
228.729: [GC (Allocation Failure)  507880K->190474K(1035264K), 0.0041037 secs]
228.733: Total time for which application threads were stopped: 0.0042654 seconds, Stopping threads took: 0.0000196 seconds
228.802: [GC (Allocation Failure)  513034K->190410K(1035264K), 0.0047425 secs]
228.807: Total time for which application threads were stopped: 0.0049137 seconds, Stopping threads took: 0.0000192 seconds
228.875: [GC (Allocation Failure)  512970K->193546K(1035264K), 0.0047427 secs]
228.880: Total time for which application threads were stopped: 0.0049194 seconds, Stopping threads took: 0.0000214 seconds
228.948: [GC (Allocation Failure)  516106K->198572K(1035264K), 0.0039459 secs]
228.952: Total time for which application threads were stopped: 0.0041157 seconds, Stopping threads took: 0.0000195 seconds
229.022: [GC (Allocation Failure)  521132K->198476K(1035264K), 0.0042321 secs]
229.026: Total time for which application threads were stopped: 0.0044092 seconds, Stopping threads took: 0.0000215 seconds
229.093: [GC (Allocation Failure)  521036K->201796K(1035264K), 0.0048627 secs]
229.098: Total time for which application threads were stopped: 0.0050271 seconds, Stopping threads took: 0.0000189 seconds
229.166: [GC (Allocation Failure)  524356K->206534K(1035264K), 0.0038258 secs]
229.170: Total time for which application threads were stopped: 0.0039946 seconds, Stopping threads took: 0.0000193 seconds
229.237: [GC (Allocation Failure)  529094K->206502K(1035264K), 0.0040239 secs]
229.241: Total time for which application threads were stopped: 0.0042193 seconds, Stopping threads took: 0.0000196 seconds
229.310: [GC (Allocation Failure)  529062K->210022K(1035264K), 0.0048168 secs]
229.315: Total time for which application threads were stopped: 0.0049793 seconds, Stopping threads took: 0.0000177 seconds
229.383: [GC (Allocation Failure)  532582K->214569K(1035264K), 0.0042089 secs]
229.387: Total time for which application threads were stopped: 0.0044062 seconds, Stopping threads took: 0.0000247 seconds
229.458: [GC (Allocation Failure)  537129K->214569K(1035776K), 0.0037679 secs]
229.462: Total time for which application threads were stopped: 0.0039478 seconds, Stopping threads took: 0.0000256 seconds
229.531: [GC (Allocation Failure)  537641K->214665K(1035264K), 0.0041305 secs]
229.535: Total time for which application threads were stopped: 0.0042881 seconds, Stopping threads took: 0.0000189 seconds
229.604: [GC (Allocation Failure)  537737K->222635K(1034240K), 0.0045376 secs]
229.609: Total time for which application threads were stopped: 0.0047025 seconds, Stopping threads took: 0.0000258 seconds
229.675: [GC (Allocation Failure)  544171K->222571K(1034752K), 0.0042650 secs]
229.679: Total time for which application threads were stopped: 0.0044350 seconds, Stopping threads took: 0.0000198 seconds
229.746: [GC (Allocation Failure)  544107K->225451K(1035264K), 0.0046258 secs]
229.751: Total time for which application threads were stopped: 0.0047863 seconds, Stopping threads took: 0.0000188 seconds
229.819: [GC (Allocation Failure)  547499K->230701K(1034752K), 0.0040782 secs]
229.823: Total time for which application threads were stopped: 0.0042411 seconds, Stopping threads took: 0.0000199 seconds
229.891: [GC (Allocation Failure)  552749K->230637K(1035264K), 0.0043105 secs]
229.896: Total time for which application threads were stopped: 0.0044845 seconds, Stopping threads took: 0.0000195 seconds
229.963: [GC (Allocation Failure)  553197K->232645K(1024512K), 0.0052760 secs]
229.969: Total time for which application threads were stopped: 0.0054623 seconds, Stopping threads took: 0.0000258 seconds
230.036: [GC (Allocation Failure)  555205K->238696K(1034752K), 0.0041504 secs]
230.040: Total time for which application threads were stopped: 0.0043183 seconds, Stopping threads took: 0.0000212 seconds
230.109: [GC (Allocation Failure)  560232K->238600K(1034752K), 0.0043942 secs]
230.113: Total time for which application threads were stopped: 0.0045715 seconds, Stopping threads took: 0.0000198 seconds
230.179: [GC (Allocation Failure)  560136K->230789K(1034752K), 0.0011163 secs]
230.180: Total time for which application threads were stopped: 0.0012586 seconds, Stopping threads took: 0.0000219 seconds
230.246: [GC (Allocation Failure)  552325K->238664K(1034752K), 0.0064624 secs]
230.252: Total time for which application threads were stopped: 0.0066506 seconds, Stopping threads took: 0.0000218 seconds
230.319: [GC (Allocation Failure)  560200K->238632K(1034752K), 0.0042130 secs]
230.323: Total time for which application threads were stopped: 0.0043912 seconds, Stopping threads took: 0.0000259 seconds
230.391: [GC (Allocation Failure)  560168K->232069K(1034752K), 0.0015594 secs]
230.392: Total time for which application threads were stopped: 0.0017000 seconds, Stopping threads took: 0.0000192 seconds
230.462: [GC (Allocation Failure)  553605K->238888K(1033728K), 0.0041991 secs]
230.466: Total time for which application threads were stopped: 0.0043689 seconds, Stopping threads took: 0.0000262 seconds
230.533: [GC (Allocation Failure)  559400K->238632K(1034240K), 0.0064113 secs]
230.540: Total time for which application threads were stopped: 0.0065817 seconds, Stopping threads took: 0.0000253 seconds
230.609: [GC (Allocation Failure)  559144K->231173K(1034240K), 0.0011613 secs]
230.610: Total time for which application threads were stopped: 0.0012818 seconds, Stopping threads took: 0.0000164 seconds
230.678: [GC (Allocation Failure)  551685K->238792K(1034240K), 0.0041715 secs]
230.682: Total time for which application threads were stopped: 0.0043364 seconds, Stopping threads took: 0.0000202 seconds
230.750: [GC (Allocation Failure)  559304K->238632K(1034240K), 0.0040897 secs]
230.754: Total time for which application threads were stopped: 0.0042725 seconds, Stopping threads took: 0.0000276 seconds
230.823: [GC (Allocation Failure)  559144K->241512K(1034240K), 0.0048464 secs]
230.828: Total time for which application threads were stopped: 0.0050520 seconds, Stopping threads took: 0.0000190 seconds
230.895: [GC (Allocation Failure)  562024K->246794K(1034240K), 0.0041366 secs]
230.899: Total time for which application threads were stopped: 0.0043285 seconds, Stopping threads took: 0.0000196 seconds
230.969: [GC (Allocation Failure)  567306K->246666K(1034240K), 0.0041822 secs]
230.973: Total time for which application threads were stopped: 0.0043458 seconds, Stopping threads took: 0.0000201 seconds
231.040: [GC (Allocation Failure)  567178K->247690K(1034240K), 0.0041228 secs]
231.044: Total time for which application threads were stopped: 0.0043194 seconds, Stopping threads took: 0.0000203 seconds
231.114: [GC (Allocation Failure)  568202K->254764K(1034240K), 0.0040789 secs]
231.118: Total time for which application threads were stopped: 0.0042270 seconds, Stopping threads took: 0.0000171 seconds
231.186: [GC (Allocation Failure)  575276K->254700K(1034240K), 0.0043118 secs]
231.190: Total time for which application threads were stopped: 0.0044909 seconds, Stopping threads took: 0.0000196 seconds
231.258: [GC (Allocation Failure)  575212K->257996K(1034240K), 0.0048453 secs]
231.262: Total time for which application threads were stopped: 0.0050104 seconds, Stopping threads took: 0.0000199 seconds
231.332: [GC (Allocation Failure)  578508K->262734K(1034752K), 0.0041170 secs]
231.336: Total time for which application threads were stopped: 0.0042992 seconds, Stopping threads took: 0.0000197 seconds
231.406: [GC (Allocation Failure)  584270K->262734K(1034752K), 0.0040412 secs]
231.410: Total time for which application threads were stopped: 0.0042150 seconds, Stopping threads took: 0.0000200 seconds
231.476: [GC (Allocation Failure)  584270K->266214K(1034752K), 0.0050456 secs]
231.481: Total time for which application threads were stopped: 0.0052304 seconds, Stopping threads took: 0.0000291 seconds
231.549: [GC (Allocation Failure)  587750K->270761K(1034752K), 0.0063846 secs]
231.556: Total time for which application threads were stopped: 0.0065635 seconds, Stopping threads took: 0.0000258 seconds
231.625: [GC (Allocation Failure)  592297K->270793K(1034752K), 0.0041864 secs]
231.629: Total time for which application threads were stopped: 0.0043540 seconds, Stopping threads took: 0.0000170 seconds
231.696: [GC (Allocation Failure)  592329K->271401K(1034752K), 0.0044023 secs]
231.700: Total time for which application threads were stopped: 0.0045578 seconds, Stopping threads took: 0.0000184 seconds
231.768: [GC (Allocation Failure)  592937K->278987K(1033728K), 0.0044365 secs]
231.773: Total time for which application threads were stopped: 0.0046051 seconds, Stopping threads took: 0.0000195 seconds
231.840: [GC (Allocation Failure)  599499K->278795K(1034240K), 0.0040811 secs]
231.844: Total time for which application threads were stopped: 0.0042686 seconds, Stopping threads took: 0.0000192 seconds
231.912: [GC (Allocation Failure)  599307K->282699K(1034752K), 0.0050074 secs]
231.917: Total time for which application threads were stopped: 0.0051631 seconds, Stopping threads took: 0.0000252 seconds
231.986: [GC (Allocation Failure)  604235K->286957K(1034752K), 0.0041541 secs]
231.991: Total time for which application threads were stopped: 0.0043120 seconds, Stopping threads took: 0.0000166 seconds
232.058: [GC (Allocation Failure)  608493K->286829K(1034752K), 0.0042423 secs]
232.062: Total time for which application threads were stopped: 0.0044181 seconds, Stopping threads took: 0.0000198 seconds
232.128: [GC (Allocation Failure)  608365K->287845K(1034752K), 0.0043324 secs]
232.132: Total time for which application threads were stopped: 0.0045031 seconds, Stopping threads took: 0.0000214 seconds
232.200: [GC (Allocation Failure)  609381K->294887K(1034752K), 0.0065387 secs]
232.207: Total time for which application threads were stopped: 0.0067118 seconds, Stopping threads took: 0.0000202 seconds
232.275: [GC (Allocation Failure)  616423K->294887K(1034752K), 0.0043265 secs]
232.279: Total time for which application threads were stopped: 0.0044949 seconds, Stopping threads took: 0.0000202 seconds
232.345: [GC (Allocation Failure)  616423K->297095K(1034752K), 0.0045431 secs]
232.349: Total time for which application threads were stopped: 0.0047195 seconds, Stopping threads took: 0.0000203 seconds
232.419: [GC (Allocation Failure)  618631K->303114K(1034752K), 0.0041691 secs]
232.423: Total time for which application threads were stopped: 0.0043301 seconds, Stopping threads took: 0.0000259 seconds
232.490: [GC (Allocation Failure)  624650K->302890K(1034752K), 0.0042224 secs]
232.494: Total time for which application threads were stopped: 0.0043952 seconds, Stopping threads took: 0.0000205 seconds
232.560: [GC (Allocation Failure)  624426K->306338K(1034752K), 0.0051272 secs]
232.565: Total time for which application threads were stopped: 0.0053094 seconds, Stopping threads took: 0.0000193 seconds
232.633: [GC (Allocation Failure)  627874K->311108K(1034752K), 0.0041797 secs]
232.637: Total time for which application threads were stopped: 0.0043616 seconds, Stopping threads took: 0.0000190 seconds
232.703: [GC (Allocation Failure)  632644K->310916K(1034752K), 0.0043011 secs]
232.708: Total time for which application threads were stopped: 0.0044681 seconds, Stopping threads took: 0.0000206 seconds
232.773: [GC (Allocation Failure)  632452K->303458K(1034752K), 0.0012502 secs]
232.775: Total time for which application threads were stopped: 0.0013797 seconds, Stopping threads took: 0.0000196 seconds
232.842: [GC (Allocation Failure)  624994K->311044K(1034752K), 0.0043444 secs]
232.847: Total time for which application threads were stopped: 0.0045134 seconds, Stopping threads took: 0.0000197 seconds
232.913: [GC (Allocation Failure)  632580K->310916K(1034752K), 0.0042497 secs]
232.917: Total time for which application threads were stopped: 0.0044067 seconds, Stopping threads took: 0.0000178 seconds
232.982: [GC (Allocation Failure)  632452K->304738K(1034752K), 0.0017876 secs]
232.984: Total time for which application threads were stopped: 0.0019333 seconds, Stopping threads took: 0.0000244 seconds
233.052: [GC (Allocation Failure)  626274K->311012K(1033728K), 0.0042526 secs]
233.056: Total time for which application threads were stopped: 0.0044439 seconds, Stopping threads took: 0.0000275 seconds
233.126: [GC (Allocation Failure)  631524K->310916K(1034240K), 0.0041724 secs]
233.130: Total time for which application threads were stopped: 0.0043523 seconds, Stopping threads took: 0.0000162 seconds
233.199: [GC (Allocation Failure)  631428K->303874K(1033728K), 0.0015834 secs]
233.201: Total time for which application threads were stopped: 0.0017476 seconds, Stopping threads took: 0.0000297 seconds
233.270: [GC (Allocation Failure)  624386K->310980K(1034240K), 0.0041801 secs]
233.274: Total time for which application threads were stopped: 0.0043467 seconds, Stopping threads took: 0.0000214 seconds
233.344: [GC (Allocation Failure)  631492K->310916K(1034240K), 0.0043445 secs]
233.348: Total time for which application threads were stopped: 0.0045187 seconds, Stopping threads took: 0.0000186 seconds
233.417: [GC (Allocation Failure)  631428K->314156K(1034240K), 0.0048780 secs]
233.421: Total time for which application threads were stopped: 0.0050447 seconds, Stopping threads took: 0.0000259 seconds
233.489: [GC (Allocation Failure)  634668K->319182K(1034752K), 0.0041546 secs]
233.493: Total time for which application threads were stopped: 0.0043245 seconds, Stopping threads took: 0.0000189 seconds
233.561: [GC (Allocation Failure)  640718K->318958K(1034752K), 0.0043559 secs]
233.565: Total time for which application threads were stopped: 0.0045145 seconds, Stopping threads took: 0.0000192 seconds
233.632: [GC (Allocation Failure)  640494K->322438K(1034752K), 0.0052000 secs]
233.637: Total time for which application threads were stopped: 0.0053793 seconds, Stopping threads took: 0.0000186 seconds
233.705: [GC (Allocation Failure)  643974K->327176K(1034752K), 0.0043561 secs]
233.709: Total time for which application threads were stopped: 0.0045070 seconds, Stopping threads took: 0.0000168 seconds
233.775: [GC (Allocation Failure)  648712K->326984K(1034752K), 0.0043220 secs]
233.779: Total time for which application threads were stopped: 0.0045041 seconds, Stopping threads took: 0.0000201 seconds
233.844: [GC (Allocation Failure)  648520K->319526K(1034752K), 0.0015333 secs]
233.846: Total time for which application threads were stopped: 0.0016641 seconds, Stopping threads took: 0.0000200 seconds
233.912: [GC (Allocation Failure)  641062K->327080K(1033728K), 0.0046132 secs]
233.916: Total time for which application threads were stopped: 0.0047850 seconds, Stopping threads took: 0.0000197 seconds
233.983: [GC (Allocation Failure)  647592K->327016K(1034240K), 0.0041624 secs]
233.988: Total time for which application threads were stopped: 0.0043335 seconds, Stopping threads took: 0.0000201 seconds
234.054: [GC (Allocation Failure)  647528K->330856K(1034752K), 0.0052272 secs]
234.059: Total time for which application threads were stopped: 0.0054152 seconds, Stopping threads took: 0.0000209 seconds
234.125: [GC (Allocation Failure)  652392K->335083K(1034752K), 0.0065036 secs]
234.132: Total time for which application threads were stopped: 0.0066742 seconds, Stopping threads took: 0.0000192 seconds
234.198: [GC (Allocation Failure)  656619K->335019K(1034752K), 0.0044426 secs]
234.203: Total time for which application threads were stopped: 0.0046368 seconds, Stopping threads took: 0.0000204 seconds
234.270: [GC (Allocation Failure)  656555K->327944K(1034752K), 0.0015717 secs]
234.271: Total time for which application threads were stopped: 0.0017115 seconds, Stopping threads took: 0.0000221 seconds
234.337: [GC (Allocation Failure)  649480K->335019K(1034752K), 0.0044718 secs]
234.341: Total time for which application threads were stopped: 0.0046409 seconds, Stopping threads took: 0.0000199 seconds
234.408: [GC (Allocation Failure)  656555K->335019K(1034752K), 0.0044785 secs]
234.413: Total time for which application threads were stopped: 0.0046499 seconds, Stopping threads took: 0.0000201 seconds
234.478: [GC (Allocation Failure)  656555K->329224K(1034752K), 0.0020184 secs]
234.481: Total time for which application threads were stopped: 0.0021889 seconds, Stopping threads took: 0.0000274 seconds
234.551: [GC (Allocation Failure)  650760K->335243K(1034752K), 0.0043499 secs]
234.556: Total time for which application threads were stopped: 0.0045347 seconds, Stopping threads took: 0.0000200 seconds
234.624: [GC (Allocation Failure)  656779K->335019K(1034752K), 0.0042981 secs]
234.629: Total time for which application threads were stopped: 0.0044548 seconds, Stopping threads took: 0.0000169 seconds
234.694: [GC (Allocation Failure)  656555K->330408K(1034752K), 0.0025640 secs]
234.697: Total time for which application threads were stopped: 0.0027259 seconds, Stopping threads took: 0.0000189 seconds
234.766: [GC (Allocation Failure)  651944K->335211K(1034752K), 0.0044880 secs]
234.770: Total time for which application threads were stopped: 0.0046500 seconds, Stopping threads took: 0.0000203 seconds
234.839: [GC (Allocation Failure)  656747K->334987K(1034752K), 0.0043444 secs]
234.843: Total time for which application threads were stopped: 0.0045395 seconds, Stopping threads took: 0.0000192 seconds
234.910: [GC (Allocation Failure)  656523K->331656K(1035264K), 0.0030780 secs]
234.913: Total time for which application threads were stopped: 0.0032366 seconds, Stopping threads took: 0.0000167 seconds
234.982: [GC (Allocation Failure)  653704K->335115K(1034752K), 0.0042064 secs]
234.986: Total time for which application threads were stopped: 0.0043895 seconds, Stopping threads took: 0.0000282 seconds
235.055: [GC (Allocation Failure)  657163K->335019K(1035264K), 0.0042908 secs]
235.059: Total time for which application threads were stopped: 0.0044617 seconds, Stopping threads took: 0.0000207 seconds
235.126: [GC (Allocation Failure)  657579K->334952K(1035264K), 0.0043103 secs]
235.130: Total time for which application threads were stopped: 0.0044906 seconds, Stopping threads took: 0.0000199 seconds
235.198: [GC (Allocation Failure)  657512K->335051K(1035776K), 0.0042003 secs]
235.202: Total time for which application threads were stopped: 0.0043659 seconds, Stopping threads took: 0.0000200 seconds
235.270: [GC (Allocation Failure)  658123K->335019K(1035264K), 0.0054458 secs]
235.276: Total time for which application threads were stopped: 0.0056101 seconds, Stopping threads took: 0.0000197 seconds
235.342: [GC (Allocation Failure)  658091K->340192K(1031680K), 0.0067371 secs]
235.349: Total time for which application threads were stopped: 0.0069338 seconds, Stopping threads took: 0.0000214 seconds
235.416: [GC (Allocation Failure)  659680K->335715K(1033728K), 0.0042491 secs]
235.421: Total time for which application threads were stopped: 0.0044074 seconds, Stopping threads took: 0.0000257 seconds
235.489: [GC (Allocation Failure)  655203K->335459K(1034752K), 0.0042441 secs]
235.493: Total time for which application threads were stopped: 0.0044362 seconds, Stopping threads took: 0.0000264 seconds
235.563: [GC (Allocation Failure)  656483K->337280K(1034240K), 0.0050765 secs]
235.568: Total time for which application threads were stopped: 0.0052395 seconds, Stopping threads took: 0.0000195 seconds
235.638: [GC (Allocation Failure)  658304K->335651K(1035264K), 0.0044871 secs]
235.643: Total time for which application threads were stopped: 0.0046655 seconds, Stopping threads took: 0.0000192 seconds
235.710: [GC (Allocation Failure)  657699K->335459K(1034752K), 0.0057951 secs]
235.716: Total time for which application threads were stopped: 0.0059692 seconds, Stopping threads took: 0.0000203 seconds
235.784: [GC (Allocation Failure)  657507K->339072K(1033728K), 0.0057962 secs]
235.790: Total time for which application threads were stopped: 0.0059738 seconds, Stopping threads took: 0.0000189 seconds
235.857: [GC (Allocation Failure)  660608K->335587K(1034752K), 0.0044471 secs]
235.862: Total time for which application threads were stopped: 0.0046180 seconds, Stopping threads took: 0.0000199 seconds
235.927: [GC (Allocation Failure)  657123K->335491K(1035776K), 0.0041861 secs]
235.932: Total time for which application threads were stopped: 0.0043606 seconds, Stopping threads took: 0.0000271 seconds
235.997: [GC (Allocation Failure)  658563K->341768K(1035264K), 0.0070723 secs]
236.004: Total time for which application threads were stopped: 0.0072306 seconds, Stopping threads took: 0.0000207 seconds
236.073: [GC (Allocation Failure)  664840K->337131K(1033216K), 0.0045560 secs]
236.077: Total time for which application threads were stopped: 0.0047235 seconds, Stopping threads took: 0.0000186 seconds
236.144: [GC (Allocation Failure)  657643K->337035K(1034240K), 0.0043370 secs]
236.148: Total time for which application threads were stopped: 0.0045024 seconds, Stopping threads took: 0.0000189 seconds
236.215: [GC (Allocation Failure)  657547K->344040K(1030656K), 0.0073572 secs]
236.223: Total time for which application threads were stopped: 0.0075267 seconds, Stopping threads took: 0.0000195 seconds
236.290: [GC (Allocation Failure)  661480K->338347K(1032704K), 0.0044456 secs]
236.295: Total time for which application threads were stopped: 0.0046175 seconds, Stopping threads took: 0.0000197 seconds
236.362: [GC (Allocation Failure)  655787K->338315K(1033728K), 0.0064724 secs]
236.368: Total time for which application threads were stopped: 0.0066329 seconds, Stopping threads took: 0.0000199 seconds
236.436: [GC (Allocation Failure)  657291K->335816K(1033216K), 0.0031705 secs]
236.439: Total time for which application threads were stopped: 0.0033441 seconds, Stopping threads took: 0.0000277 seconds
236.509: [GC (Allocation Failure)  654792K->338507K(1034240K), 0.0064058 secs]
236.515: Total time for which application threads were stopped: 0.0065569 seconds, Stopping threads took: 0.0000165 seconds
236.582: [GC (Allocation Failure)  658507K->338315K(1033728K), 0.0103997 secs]
236.593: Total time for which application threads were stopped: 0.0105655 seconds, Stopping threads took: 0.0000217 seconds
236.658: [GC (Allocation Failure)  658315K->331400K(1033216K), 0.0015231 secs]
236.660: Total time for which application threads were stopped: 0.0016671 seconds, Stopping threads took: 0.0000188 seconds
236.727: [GC (Allocation Failure)  650888K->338475K(1033728K), 0.0044522 secs]
236.732: Total time for which application threads were stopped: 0.0046104 seconds, Stopping threads took: 0.0000190 seconds
236.799: [GC (Allocation Failure)  657963K->338283K(1034752K), 0.0042505 secs]
236.803: Total time for which application threads were stopped: 0.0044426 seconds, Stopping threads took: 0.0000194 seconds
236.870: [GC (Allocation Failure)  659307K->340171K(1034240K), 0.0045086 secs]
236.874: Total time for which application threads were stopped: 0.0046681 seconds, Stopping threads took: 0.0000166 seconds
236.944: [GC (Allocation Failure)  661195K->346445K(1034752K), 0.0043430 secs]
236.949: Total time for which application threads were stopped: 0.0045110 seconds, Stopping threads took: 0.0000250 seconds
237.018: [GC (Allocation Failure)  667469K->346317K(1034240K), 0.0043062 secs]
237.023: Total time for which application threads were stopped: 0.0044762 seconds, Stopping threads took: 0.0000196 seconds
237.090: [GC (Allocation Failure)  667341K->347885K(1034240K), 0.0045836 secs]
237.095: Total time for which application threads were stopped: 0.0047555 seconds, Stopping threads took: 0.0000203 seconds
237.163: [GC (Allocation Failure)  669421K->354447K(1034752K), 0.0043003 secs]
237.167: Total time for which application threads were stopped: 0.0044701 seconds, Stopping threads took: 0.0000191 seconds
237.234: [GC (Allocation Failure)  675983K->354351K(1035264K), 0.0043582 secs]
237.239: Total time for which application threads were stopped: 0.0045308 seconds, Stopping threads took: 0.0000203 seconds
237.306: [GC (Allocation Failure)  676399K->357639K(1034752K), 0.0048906 secs]
237.311: Total time for which application threads were stopped: 0.0050595 seconds, Stopping threads took: 0.0000189 seconds
237.379: [GC (Allocation Failure)  679687K->362378K(1035264K), 0.0042907 secs]
237.383: Total time for which application threads were stopped: 0.0044740 seconds, Stopping threads took: 0.0000199 seconds
237.451: [GC (Allocation Failure)  684938K->362378K(1035264K), 0.0048494 secs]
237.456: Total time for which application threads were stopped: 0.0050246 seconds, Stopping threads took: 0.0000262 seconds
237.523: [GC (Allocation Failure)  684938K->357287K(1035264K), 0.0025122 secs]
237.526: Total time for which application threads were stopped: 0.0026687 seconds, Stopping threads took: 0.0000208 seconds
237.594: [GC (Allocation Failure)  679847K->362602K(1035264K), 0.0052211 secs]
237.600: Total time for which application threads were stopped: 0.0054055 seconds, Stopping threads took: 0.0000196 seconds
237.668: [GC (Allocation Failure)  685162K->362410K(1035264K), 0.0044464 secs]
237.672: Total time for which application threads were stopped: 0.0046131 seconds, Stopping threads took: 0.0000186 seconds
237.740: [GC (Allocation Failure)  684970K->361607K(1035264K), 0.0040325 secs]
237.744: Total time for which application threads were stopped: 0.0042349 seconds, Stopping threads took: 0.0000197 seconds
237.813: [GC (Allocation Failure)  684167K->362538K(1035776K), 0.0041673 secs]
237.817: Total time for which application threads were stopped: 0.0043333 seconds, Stopping threads took: 0.0000196 seconds
237.885: [GC (Allocation Failure)  686122K->362410K(1035776K), 0.0043325 secs]
237.889: Total time for which application threads were stopped: 0.0045264 seconds, Stopping threads took: 0.0000197 seconds
237.957: [GC (Allocation Failure)  685994K->367935K(1032192K), 0.0070659 secs]
237.964: Total time for which application threads were stopped: 0.0072632 seconds, Stopping threads took: 0.0000251 seconds
238.031: [GC (Allocation Failure)  688447K->363842K(1034240K), 0.0043934 secs]
238.036: Total time for which application threads were stopped: 0.0045656 seconds, Stopping threads took: 0.0000200 seconds
238.103: [GC (Allocation Failure)  684354K->363682K(1035264K), 0.0043323 secs]
238.108: Total time for which application threads were stopped: 0.0045267 seconds, Stopping threads took: 0.0000245 seconds
238.175: [GC (Allocation Failure)  685730K->368975K(1034752K), 0.0064880 secs]
238.182: Total time for which application threads were stopped: 0.0066552 seconds, Stopping threads took: 0.0000277 seconds
238.249: [GC (Allocation Failure)  691023K->363810K(1033728K), 0.0042998 secs]
238.254: Total time for which application threads were stopped: 0.0044569 seconds, Stopping threads took: 0.0000189 seconds
238.321: [GC (Allocation Failure)  684322K->363714K(1034240K), 0.0049946 secs]
238.326: Total time for which application threads were stopped: 0.0051535 seconds, Stopping threads took: 0.0000194 seconds
238.393: [GC (Allocation Failure)  684226K->368703K(1032704K), 0.0063087 secs]
238.399: Total time for which application threads were stopped: 0.0064688 seconds, Stopping threads took: 0.0000189 seconds
238.466: [GC (Allocation Failure)  688191K->363746K(1033728K), 0.0042610 secs]
238.470: Total time for which application threads were stopped: 0.0044382 seconds, Stopping threads took: 0.0000196 seconds
238.539: [GC (Allocation Failure)  683234K->363778K(1034752K), 0.0044653 secs]
238.543: Total time for which application threads were stopped: 0.0046152 seconds, Stopping threads took: 0.0000173 seconds
238.611: [GC (Allocation Failure)  684802K->365343K(1034240K), 0.0048672 secs]
238.616: Total time for which application threads were stopped: 0.0050525 seconds, Stopping threads took: 0.0000251 seconds
238.685: [GC (Allocation Failure)  686367K->363938K(1035264K), 0.0044111 secs]
238.690: Total time for which application threads were stopped: 0.0045813 seconds, Stopping threads took: 0.0000190 seconds
238.759: [GC (Allocation Failure)  685986K->363746K(1034752K), 0.0043157 secs]
238.763: Total time for which application threads were stopped: 0.0044806 seconds, Stopping threads took: 0.0000193 seconds
238.831: [GC (Allocation Failure)  685794K->367071K(1034240K), 0.0057117 secs]
238.837: Total time for which application threads were stopped: 0.0058798 seconds, Stopping threads took: 0.0000269 seconds
238.904: [GC (Allocation Failure)  688607K->363906K(1034752K), 0.0043665 secs]
238.909: Total time for which application threads were stopped: 0.0045292 seconds, Stopping threads took: 0.0000193 seconds
238.976: [GC (Allocation Failure)  685442K->363746K(1035264K), 0.0050928 secs]
238.981: Total time for which application threads were stopped: 0.0052814 seconds, Stopping threads took: 0.0000259 seconds
239.050: [GC (Allocation Failure)  686306K->369287K(1035264K), 0.0066850 secs]
239.057: Total time for which application threads were stopped: 0.0068603 seconds, Stopping threads took: 0.0000215 seconds
239.124: [GC (Allocation Failure)  691847K->364138K(1033216K), 0.0044177 secs]
239.129: Total time for which application threads were stopped: 0.0046130 seconds, Stopping threads took: 0.0000197 seconds
239.198: [GC (Allocation Failure)  684650K->364074K(1034240K), 0.0042655 secs]
239.202: Total time for which application threads were stopped: 0.0044297 seconds, Stopping threads took: 0.0000193 seconds
239.269: [GC (Allocation Failure)  684586K->369799K(1031680K), 0.0067495 secs]
239.276: Total time for which application threads were stopped: 0.0069131 seconds, Stopping threads took: 0.0000201 seconds
239.342: [GC (Allocation Failure)  688263K->364106K(1033216K), 0.0044761 secs]
239.346: Total time for which application threads were stopped: 0.0046716 seconds, Stopping threads took: 0.0000195 seconds
239.414: [GC (Allocation Failure)  682570K->364042K(1033728K), 0.0042992 secs]
239.418: Total time for which application threads were stopped: 0.0044639 seconds, Stopping threads took: 0.0000191 seconds
239.485: [GC (Allocation Failure)  683530K->362855K(1033728K), 0.0039379 secs]
239.489: Total time for which application threads were stopped: 0.0041061 seconds, Stopping threads took: 0.0000192 seconds
239.556: [GC (Allocation Failure)  682343K->364298K(1034240K), 0.0042857 secs]
239.560: Total time for which application threads were stopped: 0.0044810 seconds, Stopping threads took: 0.0000198 seconds
239.630: [GC (Allocation Failure)  684810K->364042K(1034240K), 0.0042414 secs]
239.634: Total time for which application threads were stopped: 0.0044257 seconds, Stopping threads took: 0.0000174 seconds
239.703: [GC (Allocation Failure)  684554K->360007K(1033728K), 0.0028596 secs]
239.706: Total time for which application threads were stopped: 0.0030164 seconds, Stopping threads took: 0.0000191 seconds
239.774: [GC (Allocation Failure)  680519K->364234K(1034240K), 0.0043713 secs]
239.778: Total time for which application threads were stopped: 0.0045646 seconds, Stopping threads took: 0.0000201 seconds
239.848: [GC (Allocation Failure)  684746K->364042K(1035264K), 0.0042708 secs]
239.852: Total time for which application threads were stopped: 0.0044508 seconds, Stopping threads took: 0.0000173 seconds
239.921: [GC (Allocation Failure)  686090K->359655K(1034752K), 0.0024800 secs]
239.924: Total time for which application threads were stopped: 0.0026242 seconds, Stopping threads took: 0.0000182 seconds
239.992: [GC (Allocation Failure)  681703K->364170K(1035264K), 0.0044047 secs]
239.996: Total time for which application threads were stopped: 0.0045985 seconds, Stopping threads took: 0.0000191 seconds
240.066: [GC (Allocation Failure)  686730K->364074K(1035264K), 0.0042756 secs]
240.070: Total time for which application threads were stopped: 0.0044432 seconds, Stopping threads took: 0.0000198 seconds
240.136: [GC (Allocation Failure)  686634K->363431K(1036288K), 0.0040958 secs]
240.141: Total time for which application threads were stopped: 0.0042898 seconds, Stopping threads took: 0.0000193 seconds
240.211: [GC (Allocation Failure)  687527K->364138K(1035776K), 0.0040419 secs]
240.215: Total time for which application threads were stopped: 0.0041979 seconds, Stopping threads took: 0.0000174 seconds
240.283: [GC (Allocation Failure)  688234K->364074K(1036800K), 0.0043542 secs]
240.288: Total time for which application threads were stopped: 0.0045237 seconds, Stopping threads took: 0.0000193 seconds
240.356: [GC (Allocation Failure)  689706K->357479K(1026560K), 0.0017118 secs]
240.358: Total time for which application threads were stopped: 0.0018464 seconds, Stopping threads took: 0.0000185 seconds
240.427: [GC (Allocation Failure)  683111K->364074K(1036800K), 0.0041441 secs]
240.431: Total time for which application threads were stopped: 0.0043029 seconds, Stopping threads took: 0.0000194 seconds
240.499: [GC (Allocation Failure)  689194K->368226K(1036288K), 0.0050599 secs]
240.504: Total time for which application threads were stopped: 0.0052243 seconds, Stopping threads took: 0.0000198 seconds
240.571: [GC (Allocation Failure)  693346K->368194K(1036800K), 0.0044320 secs]
240.576: Total time for which application threads were stopped: 0.0046230 seconds, Stopping threads took: 0.0000219 seconds
240.646: [GC (Allocation Failure)  693826K->368458K(1025536K), 0.0044066 secs]
240.651: Total time for which application threads were stopped: 0.0045844 seconds, Stopping threads took: 0.0000192 seconds
240.720: [GC (Allocation Failure)  694090K->376268K(1036288K), 0.0042670 secs]
240.725: Total time for which application threads were stopped: 0.0044425 seconds, Stopping threads took: 0.0000193 seconds
240.793: [GC (Allocation Failure)  700364K->376268K(1035776K), 0.0045988 secs]
240.798: Total time for which application threads were stopped: 0.0047674 seconds, Stopping threads took: 0.0000196 seconds
240.864: [GC (Allocation Failure)  700364K->376716K(1035264K), 0.0045303 secs]
240.869: Total time for which application threads were stopped: 0.0047011 seconds, Stopping threads took: 0.0000207 seconds
240.937: [GC (Allocation Failure)  700300K->384270K(1035776K), 0.0044347 secs]
240.941: Total time for which application threads were stopped: 0.0045947 seconds, Stopping threads took: 0.0000256 seconds
241.007: [GC (Allocation Failure)  707854K->384238K(1035776K), 0.0045330 secs]
241.012: Total time for which application threads were stopped: 0.0047188 seconds, Stopping threads took: 0.0000256 seconds
241.079: [GC (Allocation Failure)  707822K->384422K(1023488K), 0.0045807 secs]
241.084: Total time for which application threads were stopped: 0.0047549 seconds, Stopping threads took: 0.0000203 seconds
241.152: [GC (Allocation Failure)  708006K->392264K(1035264K), 0.0043298 secs]
241.157: Total time for which application threads were stopped: 0.0045034 seconds, Stopping threads took: 0.0000198 seconds
241.224: [GC (Allocation Failure)  714824K->392296K(1035264K), 0.0044452 secs]
241.228: Total time for which application threads were stopped: 0.0046246 seconds, Stopping threads took: 0.0000196 seconds
241.295: [GC (Allocation Failure)  714856K->392384K(1034240K), 0.0076480 secs]
241.302: Total time for which application threads were stopped: 0.0078551 seconds, Stopping threads took: 0.0000250 seconds
241.371: [GC (Allocation Failure)  713920K->400323K(1034752K), 0.0043879 secs]
241.376: Total time for which application threads were stopped: 0.0045663 seconds, Stopping threads took: 0.0000219 seconds
241.442: [GC (Allocation Failure)  721859K->400323K(1034752K), 0.0042440 secs]
241.446: Total time for which application threads were stopped: 0.0044028 seconds, Stopping threads took: 0.0000251 seconds
241.513: [GC (Allocation Failure)  721859K->400395K(1021440K), 0.0044478 secs]
241.518: Total time for which application threads were stopped: 0.0046489 seconds, Stopping threads took: 0.0000272 seconds
241.587: [GC (Allocation Failure)  721931K->408365K(1034240K), 0.0050541 secs]
241.592: Total time for which application threads were stopped: 0.0052165 seconds, Stopping threads took: 0.0000250 seconds
241.659: [GC (Allocation Failure)  728877K->408365K(1034240K), 0.0043854 secs]
241.664: Total time for which application threads were stopped: 0.0045677 seconds, Stopping threads took: 0.0000184 seconds
241.733: [GC (Allocation Failure)  728877K->408581K(1034240K), 0.0044536 secs]
241.737: Total time for which application threads were stopped: 0.0046544 seconds, Stopping threads took: 0.0000275 seconds
241.807: [GC (Allocation Failure)  729093K->416391K(1034240K), 0.0044547 secs]
241.812: Total time for which application threads were stopped: 0.0046527 seconds, Stopping threads took: 0.0000193 seconds
241.879: [GC (Allocation Failure)  736903K->416391K(1034240K), 0.0046763 secs]
241.884: Total time for which application threads were stopped: 0.0048378 seconds, Stopping threads took: 0.0000191 seconds
241.949: [GC (Allocation Failure)  736903K->416807K(1020416K), 0.0042838 secs]
241.954: Total time for which application threads were stopped: 0.0044542 seconds, Stopping threads took: 0.0000200 seconds
242.023: [GC (Allocation Failure)  737319K->424425K(1033728K), 0.0044658 secs]
242.028: Total time for which application threads were stopped: 0.0046205 seconds, Stopping threads took: 0.0000252 seconds
242.096: [GC (Allocation Failure)  743913K->424457K(1033728K), 0.0046266 secs]
242.101: Total time for which application threads were stopped: 0.0047973 seconds, Stopping threads took: 0.0000283 seconds
242.168: [GC (Allocation Failure)  743945K->424489K(1033728K), 0.0046985 secs]
242.173: Total time for which application threads were stopped: 0.0048848 seconds, Stopping threads took: 0.0000209 seconds
242.241: [GC (Allocation Failure)  743977K->432492K(1033728K), 0.0044106 secs]
242.246: Total time for which application threads were stopped: 0.0045738 seconds, Stopping threads took: 0.0000198 seconds
242.311: [GC (Allocation Failure)  751980K->432460K(1033728K), 0.0045989 secs]
242.316: Total time for which application threads were stopped: 0.0047603 seconds, Stopping threads took: 0.0000189 seconds
242.380: [GC (Allocation Failure)  751948K->432780K(1033728K), 0.0045031 secs]
242.385: Total time for which application threads were stopped: 0.0046779 seconds, Stopping threads took: 0.0000369 seconds
242.452: [GC (Allocation Failure)  752268K->440494K(1032704K), 0.0043915 secs]
242.456: Total time for which application threads were stopped: 0.0045508 seconds, Stopping threads took: 0.0000193 seconds
242.524: [GC (Allocation Failure)  758958K->440494K(1033216K), 0.0043293 secs]
242.528: Total time for which application threads were stopped: 0.0044995 seconds, Stopping threads took: 0.0000269 seconds
242.595: [GC (Allocation Failure)  758958K->440526K(1032704K), 0.0065421 secs]
242.601: Total time for which application threads were stopped: 0.0067536 seconds, Stopping threads took: 0.0000199 seconds
242.670: [GC (Allocation Failure)  758990K->448560K(1033216K), 0.0045331 secs]
242.674: Total time for which application threads were stopped: 0.0046829 seconds, Stopping threads took: 0.0000167 seconds
242.740: [GC (Allocation Failure)  767024K->448528K(1033216K), 0.0046552 secs]
242.745: Total time for which application threads were stopped: 0.0048187 seconds, Stopping threads took: 0.0000199 seconds
242.810: [GC (Allocation Failure)  766992K->448680K(1033216K), 0.0043726 secs]
242.814: Total time for which application threads were stopped: 0.0045369 seconds, Stopping threads took: 0.0000210 seconds
242.880: [GC (Allocation Failure)  767144K->456586K(1033216K), 0.0046063 secs]
242.884: Total time for which application threads were stopped: 0.0047769 seconds, Stopping threads took: 0.0000198 seconds
242.954: [GC (Allocation Failure)  775050K->456522K(1033216K), 0.0071933 secs]
242.961: Total time for which application threads were stopped: 0.0073627 seconds, Stopping threads took: 0.0000196 seconds
243.027: [GC (Allocation Failure)  774986K->456682K(1033216K), 0.0045496 secs]
243.032: Total time for which application threads were stopped: 0.0047093 seconds, Stopping threads took: 0.0000192 seconds
243.098: [GC (Allocation Failure)  775146K->464621K(1033216K), 0.0046544 secs]
243.103: Total time for which application threads were stopped: 0.0048319 seconds, Stopping threads took: 0.0000211 seconds
243.170: [GC (Allocation Failure)  783085K->459594K(1033728K), 0.0027477 secs]
243.173: Total time for which application threads were stopped: 0.0029031 seconds, Stopping threads took: 0.0000196 seconds
243.239: [GC (Allocation Failure)  778570K->464621K(1033216K), 0.0046338 secs]
243.244: Total time for which application threads were stopped: 0.0048077 seconds, Stopping threads took: 0.0000204 seconds
243.311: [GC (Allocation Failure)  783597K->468733K(1033728K), 0.0043055 secs]
243.315: Total time for which application threads were stopped: 0.0044805 seconds, Stopping threads took: 0.0000209 seconds
243.384: [GC (Allocation Failure)  789245K->475178K(1034240K), 0.0074350 secs]
243.391: Total time for which application threads were stopped: 0.0076082 seconds, Stopping threads took: 0.0000195 seconds
243.461: [GC (Allocation Failure)  795690K->469165K(1030144K), 0.0044391 secs]
243.465: Total time for which application threads were stopped: 0.0046112 seconds, Stopping threads took: 0.0000274 seconds
243.532: [GC (Allocation Failure)  785581K->468909K(1032192K), 0.0045212 secs]
243.537: Total time for which application threads were stopped: 0.0046854 seconds, Stopping threads took: 0.0000258 seconds
243.605: [GC (Allocation Failure)  785325K->465322K(1033216K), 0.0040365 secs]
243.609: Total time for which application threads were stopped: 0.0042035 seconds, Stopping threads took: 0.0000249 seconds
243.676: [GC (Allocation Failure)  783274K->469069K(1032704K), 0.0044676 secs]
243.681: Total time for which application threads were stopped: 0.0046450 seconds, Stopping threads took: 0.0000198 seconds
243.746: [GC (Allocation Failure)  787021K->468941K(1033728K), 0.0044282 secs]
243.750: Total time for which application threads were stopped: 0.0046046 seconds, Stopping threads took: 0.0000198 seconds
243.818: [GC (Allocation Failure)  787917K->468973K(1033216K), 0.0046344 secs]
243.822: Total time for which application threads were stopped: 0.0048154 seconds, Stopping threads took: 0.0000194 seconds
243.891: [GC (Allocation Failure)  787949K->477071K(1033216K), 0.0043805 secs]
243.895: Total time for which application threads were stopped: 0.0045505 seconds, Stopping threads took: 0.0000198 seconds
243.961: [GC (Allocation Failure)  795535K->476911K(1033216K), 0.0045895 secs]
243.966: Total time for which application threads were stopped: 0.0047551 seconds, Stopping threads took: 0.0000266 seconds
244.030: [GC (Allocation Failure)  795375K->477735K(1033728K), 0.0046727 secs]
244.035: Total time for which application threads were stopped: 0.0048301 seconds, Stopping threads took: 0.0000194 seconds
244.104: [GC (Allocation Failure)  797223K->485033K(1033728K), 0.0046762 secs]
244.109: Total time for which application threads were stopped: 0.0048399 seconds, Stopping threads took: 0.0000168 seconds
244.179: [GC (Allocation Failure)  804521K->485001K(1033728K), 0.0044092 secs]
244.183: Total time for which application threads were stopped: 0.0045864 seconds, Stopping threads took: 0.0000251 seconds
244.248: [GC (Allocation Failure)  804489K->489033K(1033728K), 0.0055903 secs]
244.254: Total time for which application threads were stopped: 0.0057550 seconds, Stopping threads took: 0.0000192 seconds
244.322: [GC (Allocation Failure)  808521K->493003K(1034240K), 0.0045301 secs]
244.326: Total time for which application threads were stopped: 0.0047477 seconds, Stopping threads took: 0.0000199 seconds
244.395: [GC (Allocation Failure)  813515K->493003K(1034240K), 0.0045515 secs]
244.399: Total time for which application threads were stopped: 0.0047194 seconds, Stopping threads took: 0.0000191 seconds
244.467: [GC (Allocation Failure)  813515K->494187K(1034240K), 0.0067576 secs]
244.474: Total time for which application threads were stopped: 0.0069252 seconds, Stopping threads took: 0.0000269 seconds
244.542: [GC (Allocation Failure)  814699K->501070K(1034240K), 0.0046430 secs]
244.547: Total time for which application threads were stopped: 0.0048073 seconds, Stopping threads took: 0.0000254 seconds
244.615: [GC (Allocation Failure)  821582K->501070K(1034240K), 0.0044292 secs]
244.620: Total time for which application threads were stopped: 0.0046004 seconds, Stopping threads took: 0.0000240 seconds
244.686: [GC (Allocation Failure)  821582K->504534K(1034240K), 0.0052913 secs]
244.692: Total time for which application threads were stopped: 0.0054582 seconds, Stopping threads took: 0.0000182 seconds
244.759: [GC (Allocation Failure)  825046K->509112K(1034752K), 0.0046102 secs]
244.764: Total time for which application threads were stopped: 0.0047786 seconds, Stopping threads took: 0.0000192 seconds
244.832: [GC (Allocation Failure)  830648K->509080K(1034752K), 0.0046953 secs]
244.837: Total time for which application threads were stopped: 0.0048539 seconds, Stopping threads took: 0.0000192 seconds
244.902: [GC (Allocation Failure)  830616K->512728K(1034752K), 0.0054678 secs]
244.907: Total time for which application threads were stopped: 0.0056313 seconds, Stopping threads took: 0.0000188 seconds
244.976: [GC (Allocation Failure)  834264K->517242K(1034752K), 0.0047094 secs]
244.980: Total time for which application threads were stopped: 0.0048790 seconds, Stopping threads took: 0.0000199 seconds
245.046: [GC (Allocation Failure)  838778K->517146K(1034752K), 0.0046463 secs]
245.051: Total time for which application threads were stopped: 0.0048380 seconds, Stopping threads took: 0.0000189 seconds
245.117: [GC (Allocation Failure)  838682K->517882K(1034752K), 0.0047019 secs]
245.122: Total time for which application threads were stopped: 0.0048867 seconds, Stopping threads took: 0.0000167 seconds
245.190: [GC (Allocation Failure)  839418K->525181K(1034752K), 0.0046742 secs]
245.194: Total time for which application threads were stopped: 0.0048333 seconds, Stopping threads took: 0.0000168 seconds
245.261: [GC (Allocation Failure)  846717K->525117K(1034752K), 0.0046852 secs]
245.265: Total time for which application threads were stopped: 0.0048592 seconds, Stopping threads took: 0.0000201 seconds
245.331: [GC (Allocation Failure)  846653K->527133K(1034752K), 0.0049016 secs]
245.336: Total time for which application threads were stopped: 0.0050759 seconds, Stopping threads took: 0.0000204 seconds
245.403: [GC (Allocation Failure)  848669K->533215K(1034752K), 0.0061542 secs]
245.409: Total time for which application threads were stopped: 0.0063250 seconds, Stopping threads took: 0.0000202 seconds
245.476: [GC (Allocation Failure)  854751K->533151K(1034752K), 0.0046723 secs]
245.481: Total time for which application threads were stopped: 0.0048567 seconds, Stopping threads took: 0.0000275 seconds
245.546: [GC (Allocation Failure)  854687K->536423K(1034752K), 0.0053855 secs]
245.552: Total time for which application threads were stopped: 0.0055636 seconds, Stopping threads took: 0.0000211 seconds
245.620: [GC (Allocation Failure)  857959K->541289K(1034752K), 0.0046022 secs]
245.625: Total time for which application threads were stopped: 0.0047626 seconds, Stopping threads took: 0.0000180 seconds
245.694: [GC (Allocation Failure)  862825K->541257K(1034752K), 0.0047291 secs]
245.699: Total time for which application threads were stopped: 0.0048994 seconds, Stopping threads took: 0.0000190 seconds
245.765: [GC (Allocation Failure)  862793K->541577K(1034752K), 0.0047585 secs]
245.770: Total time for which application threads were stopped: 0.0049188 seconds, Stopping threads took: 0.0000200 seconds
245.840: [GC (Allocation Failure)  863113K->549291K(1034752K), 0.0046770 secs]
245.845: Total time for which application threads were stopped: 0.0048644 seconds, Stopping threads took: 0.0000279 seconds
245.912: [GC (Allocation Failure)  870827K->549259K(1034752K), 0.0045735 secs]
245.917: Total time for which application threads were stopped: 0.0047467 seconds, Stopping threads took: 0.0000197 seconds
245.982: [GC (Allocation Failure)  870795K->550827K(1034752K), 0.0048894 secs]
245.987: Total time for which application threads were stopped: 0.0050639 seconds, Stopping threads took: 0.0000271 seconds
246.055: [GC (Allocation Failure)  872363K->557390K(1033728K), 0.0047724 secs]
246.060: Total time for which application threads were stopped: 0.0049412 seconds, Stopping threads took: 0.0000194 seconds
246.127: [GC (Allocation Failure)  877902K->557294K(1034240K), 0.0047271 secs]
246.132: Total time for which application threads were stopped: 0.0048951 seconds, Stopping threads took: 0.0000189 seconds
246.200: [GC (Allocation Failure)  877806K->558022K(1034240K), 0.0048301 secs]
246.205: Total time for which application threads were stopped: 0.0049806 seconds, Stopping threads took: 0.0000163 seconds
246.272: [GC (Allocation Failure)  878534K->565352K(1034240K), 0.0045271 secs]
246.277: Total time for which application threads were stopped: 0.0047178 seconds, Stopping threads took: 0.0000195 seconds
246.347: [GC (Allocation Failure)  885864K->565352K(1034240K), 0.0047648 secs]
246.352: Total time for which application threads were stopped: 0.0049200 seconds, Stopping threads took: 0.0000161 seconds
246.419: [GC (Allocation Failure)  885864K->568296K(1034240K), 0.0051558 secs]
246.424: Total time for which application threads were stopped: 0.0053246 seconds, Stopping threads took: 0.0000189 seconds
246.493: [GC (Allocation Failure)  888808K->573386K(1033728K), 0.0045016 secs]
246.497: Total time for which application threads were stopped: 0.0046813 seconds, Stopping threads took: 0.0000260 seconds
246.565: [GC (Allocation Failure)  893898K->573354K(1034240K), 0.0045934 secs]
246.570: Total time for which application threads were stopped: 0.0047826 seconds, Stopping threads took: 0.0000185 seconds
246.640: [GC (Allocation Failure)  893866K->574538K(1033728K), 0.0049191 secs]
246.645: Total time for which application threads were stopped: 0.0050807 seconds, Stopping threads took: 0.0000193 seconds
246.713: [GC (Allocation Failure)  895050K->581452K(1034240K), 0.0048368 secs]
246.718: Total time for which application threads were stopped: 0.0049961 seconds, Stopping threads took: 0.0000198 seconds
246.786: [GC (Allocation Failure)  901964K->581388K(1034240K), 0.0045726 secs]
246.791: Total time for which application threads were stopped: 0.0047291 seconds, Stopping threads took: 0.0000190 seconds
246.859: [GC (Allocation Failure)  901900K->584772K(1034240K), 0.0054778 secs]
246.864: Total time for which application threads were stopped: 0.0056707 seconds, Stopping threads took: 0.0000187 seconds
246.932: [GC (Allocation Failure)  905284K->589511K(1034752K), 0.0046129 secs]
246.937: Total time for which application threads were stopped: 0.0047956 seconds, Stopping threads took: 0.0000262 seconds
247.005: [GC (Allocation Failure)  911047K->589383K(1034752K), 0.0049322 secs]
247.010: Total time for which application threads were stopped: 0.0050999 seconds, Stopping threads took: 0.0000196 seconds
247.076: [GC (Allocation Failure)  910919K->593031K(1034752K), 0.0054995 secs]
247.082: Total time for which application threads were stopped: 0.0056651 seconds, Stopping threads took: 0.0000192 seconds
247.150: [GC (Allocation Failure)  914567K->597513K(1034752K), 0.0047150 secs]
247.155: Total time for which application threads were stopped: 0.0048982 seconds, Stopping threads took: 0.0000204 seconds
247.221: [GC (Allocation Failure)  919049K->597481K(1034752K), 0.0046930 secs]
247.226: Total time for which application threads were stopped: 0.0048519 seconds, Stopping threads took: 0.0000186 seconds
247.293: [GC (Allocation Failure)  919017K->598185K(1034752K), 0.0049202 secs]
247.298: Total time for which application threads were stopped: 0.0050831 seconds, Stopping threads took: 0.0000197 seconds
247.363: [GC (Allocation Failure)  919721K->605483K(1034752K), 0.0047115 secs]
247.368: Total time for which application threads were stopped: 0.0049061 seconds, Stopping threads took: 0.0000198 seconds
247.436: [GC (Allocation Failure)  927019K->605483K(1034752K), 0.0047291 secs]
247.440: Total time for which application threads were stopped: 0.0048952 seconds, Stopping threads took: 0.0000276 seconds
247.508: [GC (Allocation Failure)  927019K->607459K(1034752K), 0.0049913 secs]
247.513: Total time for which application threads were stopped: 0.0051519 seconds, Stopping threads took: 0.0000196 seconds
247.579: [GC (Allocation Failure)  928995K->613541K(1034752K), 0.0104223 secs]
247.589: Total time for which application threads were stopped: 0.0105843 seconds, Stopping threads took: 0.0000196 seconds
247.657: [GC (Allocation Failure)  935077K->613509K(1034752K), 0.0048851 secs]
247.662: Total time for which application threads were stopped: 0.0050521 seconds, Stopping threads took: 0.0000186 seconds
247.727: [GC (Allocation Failure)  935045K->616685K(1034752K), 0.0056777 secs]
247.733: Total time for which application threads were stopped: 0.0058451 seconds, Stopping threads took: 0.0000189 seconds
247.801: [GC (Allocation Failure)  938221K->621584K(1034752K), 0.0049322 secs]
247.806: Total time for which application threads were stopped: 0.0051059 seconds, Stopping threads took: 0.0000194 seconds
247.874: [GC (Allocation Failure)  943120K->621584K(1034752K), 0.0049631 secs]
247.879: Total time for which application threads were stopped: 0.0051342 seconds, Stopping threads took: 0.0000195 seconds
247.944: [GC (Allocation Failure)  943120K->621864K(1034752K), 0.0046689 secs]
247.949: Total time for which application threads were stopped: 0.0048364 seconds, Stopping threads took: 0.0000256 seconds
248.017: [GC (Allocation Failure)  943400K->629706K(1029632K), 0.0047649 secs]
248.022: Total time for which application threads were stopped: 0.0049361 seconds, Stopping threads took: 0.0000261 seconds
248.089: [GC (Allocation Failure)  951242K->629578K(1034240K), 0.0048217 secs]
248.094: Total time for which application threads were stopped: 0.0050033 seconds, Stopping threads took: 0.0000196 seconds
248.161: [GC (Allocation Failure)  950090K->630090K(1034240K), 0.0047733 secs]
248.166: Total time for which application threads were stopped: 0.0049676 seconds, Stopping threads took: 0.0000196 seconds
248.234: [GC (Allocation Failure)  950602K->637644K(1034240K), 0.0076474 secs]
248.242: Total time for which application threads were stopped: 0.0077954 seconds, Stopping threads took: 0.0000164 seconds
248.310: [GC (Allocation Failure)  958156K->637612K(1034240K), 0.0046438 secs]
248.315: Total time for which application threads were stopped: 0.0048013 seconds, Stopping threads took: 0.0000192 seconds
248.382: [GC (Allocation Failure)  958124K->640396K(1034240K), 0.0052328 secs]
248.387: Total time for which application threads were stopped: 0.0053998 seconds, Stopping threads took: 0.0000194 seconds
248.455: [GC (Allocation Failure)  960908K->645679K(1034240K), 0.0048599 secs]
248.460: Total time for which application threads were stopped: 0.0050427 seconds, Stopping threads took: 0.0000200 seconds
248.528: [GC (Allocation Failure)  966191K->645647K(1034240K), 0.0047084 secs]
248.533: Total time for which application threads were stopped: 0.0048867 seconds, Stopping threads took: 0.0000151 seconds
248.603: [GC (Allocation Failure)  966159K->646575K(1034240K), 0.0063380 secs]
248.609: Total time for which application threads were stopped: 0.0064923 seconds, Stopping threads took: 0.0000252 seconds
248.678: [GC (Allocation Failure)  967087K->653681K(1034240K), 0.0046374 secs]
248.683: Total time for which application threads were stopped: 0.0048307 seconds, Stopping threads took: 0.0000194 seconds
248.752: [GC (Allocation Failure)  974193K->653713K(1034240K), 0.0049601 secs]
248.757: Total time for which application threads were stopped: 0.0051287 seconds, Stopping threads took: 0.0000193 seconds
248.824: [GC (Allocation Failure)  974225K->656841K(1034752K), 0.0057178 secs]
248.830: Total time for which application threads were stopped: 0.0058963 seconds, Stopping threads took: 0.0000186 seconds
248.897: [GC (Allocation Failure)  977865K->661707K(1034240K), 0.0050177 secs]
248.902: Total time for which application threads were stopped: 0.0051780 seconds, Stopping threads took: 0.0000195 seconds
248.969: [GC (Allocation Failure)  982731K->661707K(1034752K), 0.0048582 secs]
248.974: Total time for which application threads were stopped: 0.0050271 seconds, Stopping threads took: 0.0000277 seconds
249.041: [GC (Allocation Failure)  983243K->665099K(1034752K), 0.0056309 secs]
249.046: Total time for which application threads were stopped: 0.0058032 seconds, Stopping threads took: 0.0000189 seconds
249.114: [GC (Allocation Failure)  986635K->669837K(1034752K), 0.0051061 secs]
249.120: Total time for which application threads were stopped: 0.0052660 seconds, Stopping threads took: 0.0000199 seconds
249.186: [GC (Allocation Failure)  991373K->669741K(1034752K), 0.0050363 secs]
249.191: Total time for which application threads were stopped: 0.0052085 seconds, Stopping threads took: 0.0000195 seconds
249.256: [GC (Allocation Failure)  991277K->670245K(1034752K), 0.0065021 secs]
249.263: Total time for which application threads were stopped: 0.0067052 seconds, Stopping threads took: 0.0000510 seconds
249.329: [GC (Allocation Failure)  991781K->677800K(1029120K), 0.0050249 secs]
249.334: Total time for which application threads were stopped: 0.0051821 seconds, Stopping threads took: 0.0000199 seconds
249.402: [GC (Allocation Failure)  999336K->677768K(1034752K), 0.0049864 secs]
249.407: Total time for which application threads were stopped: 0.0051632 seconds, Stopping threads took: 0.0000211 seconds
249.476: [GC (Allocation Failure)  998792K->678984K(1034240K), 0.0050957 secs]
249.481: Total time for which application threads were stopped: 0.0052820 seconds, Stopping threads took: 0.0000273 seconds
249.549: [GC (Allocation Failure)  1000008K->685802K(1034240K), 0.0049475 secs]
249.554: Total time for which application threads were stopped: 0.0051129 seconds, Stopping threads took: 0.0000196 seconds
249.621: [GC (Allocation Failure)  1006314K->685834K(1034240K), 0.0047805 secs]
249.626: Total time for which application threads were stopped: 0.0049359 seconds, Stopping threads took: 0.0000167 seconds
249.693: [GC (Allocation Failure)  1006346K->689802K(1034752K), 0.0057206 secs]
249.699: [Full GC (Ergonomics)  689802K->12447K(1034752K), 0.0180623 secs]
249.717: Total time for which application threads were stopped: 0.0240268 seconds, Stopping threads took: 0.0000196 seconds
249.785: [GC (Allocation Failure)  333471K->20737K(1034240K), 0.0037159 secs]
249.789: Total time for which application threads were stopped: 0.0038994 seconds, Stopping threads took: 0.0000198 seconds
249.856: [GC (Allocation Failure)  341761K->20689K(1034752K), 0.0037923 secs]
249.860: Total time for which application threads were stopped: 0.0039499 seconds, Stopping threads took: 0.0000188 seconds
249.927: [GC (Allocation Failure)  342225K->20745K(1021440K), 0.0036046 secs]
249.931: Total time for which application threads were stopped: 0.0037644 seconds, Stopping threads took: 0.0000190 seconds
249.999: [GC (Allocation Failure)  342281K->28844K(1034240K), 0.0038165 secs]
250.003: Total time for which application threads were stopped: 0.0039920 seconds, Stopping threads took: 0.0000271 seconds
250.070: [GC (Allocation Failure)  349356K->28716K(1034240K), 0.0036839 secs]
250.074: Total time for which application threads were stopped: 0.0038587 seconds, Stopping threads took: 0.0000214 seconds
250.141: [GC (Allocation Failure)  349228K->32076K(1034752K), 0.0044417 secs]
250.146: Total time for which application threads were stopped: 0.0046172 seconds, Stopping threads took: 0.0000196 seconds
250.214: [GC (Allocation Failure)  353100K->36814K(1034240K), 0.0038152 secs]
250.218: Total time for which application threads were stopped: 0.0039815 seconds, Stopping threads took: 0.0000193 seconds
250.285: [GC (Allocation Failure)  357838K->36750K(1034752K), 0.0038597 secs]
250.289: Total time for which application threads were stopped: 0.0040189 seconds, Stopping threads took: 0.0000198 seconds
250.358: [GC (Allocation Failure)  358286K->40302K(1034752K), 0.0044228 secs]
250.362: Total time for which application threads were stopped: 0.0046125 seconds, Stopping threads took: 0.0000185 seconds
250.432: [GC (Allocation Failure)  361838K->44816K(1034752K), 0.0040329 secs]
250.436: Total time for which application threads were stopped: 0.0042086 seconds, Stopping threads took: 0.0000193 seconds
250.503: [GC (Allocation Failure)  366352K->44784K(1034752K), 0.0038495 secs]
250.507: Total time for which application threads were stopped: 0.0040172 seconds, Stopping threads took: 0.0000188 seconds
250.572: [GC (Allocation Failure)  366320K->45480K(1034752K), 0.0037186 secs]
250.576: Total time for which application threads were stopped: 0.0038786 seconds, Stopping threads took: 0.0000187 seconds
250.645: [GC (Allocation Failure)  367016K->52843K(1034752K), 0.0039068 secs]
250.649: Total time for which application threads were stopped: 0.0040809 seconds, Stopping threads took: 0.0000188 seconds
250.716: [GC (Allocation Failure)  374379K->52811K(1034752K), 0.0037851 secs]
250.720: Total time for which application threads were stopped: 0.0039400 seconds, Stopping threads took: 0.0000169 seconds
250.786: [GC (Allocation Failure)  374347K->54691K(1034752K), 0.0040328 secs]
250.790: Total time for which application threads were stopped: 0.0042067 seconds, Stopping threads took: 0.0000213 seconds
250.856: [GC (Allocation Failure)  376227K->60837K(1034752K), 0.0036296 secs]
250.859: Total time for which application threads were stopped: 0.0037955 seconds, Stopping threads took: 0.0000198 seconds
250.926: [GC (Allocation Failure)  382373K->60869K(1034752K), 0.0036107 secs]
250.930: Total time for which application threads were stopped: 0.0037881 seconds, Stopping threads took: 0.0000185 seconds
250.995: [GC (Allocation Failure)  382405K->63981K(1034752K), 0.0043511 secs]
251.000: Total time for which application threads were stopped: 0.0045192 seconds, Stopping threads took: 0.0000196 seconds
251.068: [GC (Allocation Failure)  385517K->68975K(1034752K), 0.0037376 secs]
251.072: Total time for which application threads were stopped: 0.0039076 seconds, Stopping threads took: 0.0000250 seconds
251.138: [GC (Allocation Failure)  390511K->68879K(1034752K), 0.0037163 secs]
251.142: Total time for which application threads were stopped: 0.0038799 seconds, Stopping threads took: 0.0000196 seconds
251.207: [GC (Allocation Failure)  390415K->69127K(1034752K), 0.0039977 secs]
251.211: Total time for which application threads were stopped: 0.0041633 seconds, Stopping threads took: 0.0000189 seconds
251.279: [GC (Allocation Failure)  390663K->76937K(1033728K), 0.0036736 secs]
251.283: Total time for which application threads were stopped: 0.0038401 seconds, Stopping threads took: 0.0000197 seconds
251.350: [GC (Allocation Failure)  397449K->76905K(1034240K), 0.0038593 secs]
251.354: Total time for which application threads were stopped: 0.0040192 seconds, Stopping threads took: 0.0000190 seconds
251.420: [GC (Allocation Failure)  397417K->80457K(1034752K), 0.0045818 secs]
251.425: Total time for which application threads were stopped: 0.0047616 seconds, Stopping threads took: 0.0000190 seconds
251.492: [GC (Allocation Failure)  401481K->84940K(1034240K), 0.0044133 secs]
251.497: Total time for which application threads were stopped: 0.0045870 seconds, Stopping threads took: 0.0000272 seconds
251.565: [GC (Allocation Failure)  405964K->84940K(1034752K), 0.0037715 secs]
251.569: Total time for which application threads were stopped: 0.0039625 seconds, Stopping threads took: 0.0000189 seconds
251.639: [GC (Allocation Failure)  406476K->88652K(1034752K), 0.0044949 secs]
251.643: Total time for which application threads were stopped: 0.0046331 seconds, Stopping threads took: 0.0000172 seconds
251.713: [GC (Allocation Failure)  410188K->93006K(1035264K), 0.0037929 secs]
251.717: Total time for which application threads were stopped: 0.0039441 seconds, Stopping threads took: 0.0000169 seconds
251.784: [GC (Allocation Failure)  415566K->92974K(1035264K), 0.0040338 secs]
251.788: Total time for which application threads were stopped: 0.0042020 seconds, Stopping threads took: 0.0000191 seconds
251.855: [GC (Allocation Failure)  415534K->95918K(1035264K), 0.0044783 secs]
251.860: Total time for which application threads were stopped: 0.0046581 seconds, Stopping threads took: 0.0000214 seconds
251.927: [GC (Allocation Failure)  418478K->101008K(1035264K), 0.0039349 secs]
251.932: Total time for which application threads were stopped: 0.0041105 seconds, Stopping threads took: 0.0000222 seconds
252.001: [GC (Allocation Failure)  423568K->101008K(1035264K), 0.0035967 secs]
252.005: Total time for which application threads were stopped: 0.0037664 seconds, Stopping threads took: 0.0000263 seconds
252.071: [GC (Allocation Failure)  423568K->104136K(1035264K), 0.0044178 secs]
252.076: Total time for which application threads were stopped: 0.0046353 seconds, Stopping threads took: 0.0000209 seconds
252.146: [GC (Allocation Failure)  426696K->109162K(1035264K), 0.0050316 secs]
252.151: Total time for which application threads were stopped: 0.0051891 seconds, Stopping threads took: 0.0000165 seconds
252.220: [GC (Allocation Failure)  431722K->109034K(1035264K), 0.0040682 secs]
252.224: Total time for which application threads were stopped: 0.0042378 seconds, Stopping threads took: 0.0000220 seconds
252.291: [GC (Allocation Failure)  431594K->112330K(1035264K), 0.0074221 secs]
252.299: Total time for which application threads were stopped: 0.0076026 seconds, Stopping threads took: 0.0000199 seconds
252.369: [GC (Allocation Failure)  434890K->117133K(1035264K), 0.0038621 secs]
252.373: Total time for which application threads were stopped: 0.0040491 seconds, Stopping threads took: 0.0000220 seconds
252.441: [GC (Allocation Failure)  439693K->117069K(1035264K), 0.0038935 secs]
252.445: Total time for which application threads were stopped: 0.0040952 seconds, Stopping threads took: 0.0000259 seconds
252.512: [GC (Allocation Failure)  439629K->120589K(1035264K), 0.0056293 secs]
252.518: Total time for which application threads were stopped: 0.0058086 seconds, Stopping threads took: 0.0000211 seconds
252.586: [GC (Allocation Failure)  443149K->125359K(1035264K), 0.0047649 secs]
252.591: Total time for which application threads were stopped: 0.0049536 seconds, Stopping threads took: 0.0000252 seconds
252.660: [GC (Allocation Failure)  447919K->125135K(1035264K), 0.0036718 secs]
252.664: Total time for which application threads were stopped: 0.0038475 seconds, Stopping threads took: 0.0000193 seconds
252.730: [GC (Allocation Failure)  447695K->120781K(1035776K), 0.0023853 secs]
252.733: Total time for which application threads were stopped: 0.0025328 seconds, Stopping threads took: 0.0000183 seconds
252.803: [GC (Allocation Failure)  443853K->125295K(1035264K), 0.0040025 secs]
252.808: Total time for which application threads were stopped: 0.0041640 seconds, Stopping threads took: 0.0000197 seconds
252.876: [GC (Allocation Failure)  448367K->125103K(1035776K), 0.0039348 secs]
252.880: Total time for which application threads were stopped: 0.0041276 seconds, Stopping threads took: 0.0000197 seconds
252.946: [GC (Allocation Failure)  448175K->126637K(1035264K), 0.0044798 secs]
252.951: Total time for which application threads were stopped: 0.0046532 seconds, Stopping threads took: 0.0000262 seconds
253.020: [GC (Allocation Failure)  449709K->125263K(1035264K), 0.0040727 secs]
253.024: Total time for which application threads were stopped: 0.0042399 seconds, Stopping threads took: 0.0000252 seconds
253.092: [GC (Allocation Failure)  447823K->125135K(1035264K), 0.0041264 secs]
253.096: Total time for which application threads were stopped: 0.0043167 seconds, Stopping threads took: 0.0000198 seconds
253.165: [GC (Allocation Failure)  447695K->131405K(1031168K), 0.0066422 secs]
253.172: Total time for which application threads were stopped: 0.0068036 seconds, Stopping threads took: 0.0000197 seconds
253.240: [GC (Allocation Failure)  449869K->126223K(1033216K), 0.0040691 secs]
253.244: Total time for which application threads were stopped: 0.0042721 seconds, Stopping threads took: 0.0000278 seconds
253.313: [GC (Allocation Failure)  444687K->126159K(1034752K), 0.0038626 secs]
253.317: Total time for which application threads were stopped: 0.0040201 seconds, Stopping threads took: 0.0000188 seconds
253.384: [GC (Allocation Failure)  447183K->127021K(1034240K), 0.0041661 secs]
253.388: Total time for which application threads were stopped: 0.0043441 seconds, Stopping threads took: 0.0000195 seconds
253.457: [GC (Allocation Failure)  448045K->126191K(1035264K), 0.0038296 secs]
253.461: Total time for which application threads were stopped: 0.0039976 seconds, Stopping threads took: 0.0000271 seconds
253.528: [GC (Allocation Failure)  448239K->126191K(1034752K), 0.0041531 secs]
253.532: Total time for which application threads were stopped: 0.0043131 seconds, Stopping threads took: 0.0000199 seconds
253.602: [GC (Allocation Failure)  448239K->128781K(1034752K), 0.0066927 secs]
253.609: Total time for which application threads were stopped: 0.0068536 seconds, Stopping threads took: 0.0000244 seconds
253.677: [GC (Allocation Failure)  451341K->126415K(1035264K), 0.0038603 secs]
253.681: Total time for which application threads were stopped: 0.0040304 seconds, Stopping threads took: 0.0000191 seconds
253.748: [GC (Allocation Failure)  448975K->126127K(1036288K), 0.0037279 secs]
253.752: Total time for which application threads were stopped: 0.0039100 seconds, Stopping threads took: 0.0000406 seconds
253.820: [GC (Allocation Failure)  450223K->118189K(1024000K), 0.0007425 secs]
253.821: Total time for which application threads were stopped: 0.0008618 seconds, Stopping threads took: 0.0000193 seconds
253.889: [GC (Allocation Failure)  442285K->126399K(1035264K), 0.0039295 secs]
253.893: Total time for which application threads were stopped: 0.0040882 seconds, Stopping threads took: 0.0000190 seconds
253.961: [GC (Allocation Failure)  448959K->130303K(1035264K), 0.0052452 secs]
253.966: Total time for which application threads were stopped: 0.0054139 seconds, Stopping threads took: 0.0000273 seconds
254.034: [GC (Allocation Failure)  452863K->126397K(1035776K), 0.0025895 secs]
254.037: Total time for which application threads were stopped: 0.0027577 seconds, Stopping threads took: 0.0000203 seconds
254.104: [GC (Allocation Failure)  449981K->130455K(1035776K), 0.0038957 secs]
254.108: Total time for which application threads were stopped: 0.0040692 seconds, Stopping threads took: 0.0000197 seconds
254.177: [GC (Allocation Failure)  454039K->134423K(1035776K), 0.0041735 secs]
254.181: Total time for which application threads were stopped: 0.0043436 seconds, Stopping threads took: 0.0000194 seconds
254.249: [GC (Allocation Failure)  458007K->134423K(1035776K), 0.0038909 secs]
254.253: Total time for which application threads were stopped: 0.0040818 seconds, Stopping threads took: 0.0000201 seconds
254.321: [GC (Allocation Failure)  458007K->134487K(1034752K), 0.0039733 secs]
254.325: Total time for which application threads were stopped: 0.0041468 seconds, Stopping threads took: 0.0000207 seconds
254.394: [GC (Allocation Failure)  457047K->142489K(1035264K), 0.0037378 secs]
254.398: Total time for which application threads were stopped: 0.0039020 seconds, Stopping threads took: 0.0000210 seconds
254.464: [GC (Allocation Failure)  465049K->142489K(1035264K), 0.0039912 secs]
254.468: Total time for which application threads were stopped: 0.0041776 seconds, Stopping threads took: 0.0000189 seconds
254.536: [GC (Allocation Failure)  465049K->142521K(1022464K), 0.0038466 secs]
254.540: Total time for which application threads were stopped: 0.0040476 seconds, Stopping threads took: 0.0000194 seconds
254.609: [GC (Allocation Failure)  465081K->150523K(1034752K), 0.0039567 secs]
254.613: Total time for which application threads were stopped: 0.0040945 seconds, Stopping threads took: 0.0000160 seconds
254.682: [GC (Allocation Failure)  472059K->150491K(1034752K), 0.0038929 secs]
254.686: Total time for which application threads were stopped: 0.0040549 seconds, Stopping threads took: 0.0000173 seconds
254.755: [GC (Allocation Failure)  472027K->150747K(1034752K), 0.0038749 secs]
254.759: Total time for which application threads were stopped: 0.0040426 seconds, Stopping threads took: 0.0000194 seconds
254.827: [GC (Allocation Failure)  472283K->158494K(1034752K), 0.0040901 secs]
254.831: Total time for which application threads were stopped: 0.0042597 seconds, Stopping threads took: 0.0000192 seconds
254.898: [GC (Allocation Failure)  480030K->158526K(1034752K), 0.0038656 secs]
254.902: Total time for which application threads were stopped: 0.0040280 seconds, Stopping threads took: 0.0000202 seconds
254.968: [GC (Allocation Failure)  480062K->158982K(1021440K), 0.0039489 secs]
254.972: Total time for which application threads were stopped: 0.0041088 seconds, Stopping threads took: 0.0000256 seconds
255.042: [GC (Allocation Failure)  480518K->166568K(1034240K), 0.0040292 secs]
255.046: Total time for which application threads were stopped: 0.0042129 seconds, Stopping threads took: 0.0000204 seconds
255.114: [GC (Allocation Failure)  487080K->166568K(1034240K), 0.0039608 secs]
255.118: Total time for which application threads were stopped: 0.0041306 seconds, Stopping threads took: 0.0000200 seconds
255.186: [GC (Allocation Failure)  487080K->166728K(1034240K), 0.0038580 secs]
255.190: Total time for which application threads were stopped: 0.0040233 seconds, Stopping threads took: 0.0000189 seconds
255.257: [GC (Allocation Failure)  487240K->174634K(1034240K), 0.0040373 secs]
255.261: Total time for which application threads were stopped: 0.0042315 seconds, Stopping threads took: 0.0000197 seconds
255.330: [GC (Allocation Failure)  495146K->174570K(1034240K), 0.0037442 secs]
255.334: Total time for which application threads were stopped: 0.0039198 seconds, Stopping threads took: 0.0000189 seconds
255.400: [GC (Allocation Failure)  495082K->174666K(1020416K), 0.0039288 secs]
255.404: Total time for which application threads were stopped: 0.0040991 seconds, Stopping threads took: 0.0000198 seconds
255.471: [GC (Allocation Failure)  495178K->182668K(1033728K), 0.0037450 secs]
255.475: Total time for which application threads were stopped: 0.0039031 seconds, Stopping threads took: 0.0000269 seconds
255.543: [GC (Allocation Failure)  502156K->182636K(1033728K), 0.0038952 secs]
255.547: Total time for which application threads were stopped: 0.0041054 seconds, Stopping threads took: 0.0000203 seconds
255.614: [GC (Allocation Failure)  502124K->182700K(1033728K), 0.0039544 secs]
255.618: Total time for which application threads were stopped: 0.0041046 seconds, Stopping threads took: 0.0000171 seconds
255.686: [GC (Allocation Failure)  502188K->190703K(1033728K), 0.0040877 secs]
255.690: Total time for which application threads were stopped: 0.0042591 seconds, Stopping threads took: 0.0000182 seconds
255.758: [GC (Allocation Failure)  510191K->190671K(1033728K), 0.0040850 secs]
255.762: Total time for which application threads were stopped: 0.0042439 seconds, Stopping threads took: 0.0000194 seconds
255.830: [GC (Allocation Failure)  510159K->190887K(1033728K), 0.0039471 secs]
255.834: Total time for which application threads were stopped: 0.0041269 seconds, Stopping threads took: 0.0000199 seconds
255.899: [GC (Allocation Failure)  510375K->198729K(1032704K), 0.0040958 secs]
255.903: Total time for which application threads were stopped: 0.0042587 seconds, Stopping threads took: 0.0000190 seconds
255.970: [GC (Allocation Failure)  517193K->194759K(1033216K), 0.0025581 secs]
255.972: Total time for which application threads were stopped: 0.0027292 seconds, Stopping threads took: 0.0000270 seconds
256.039: [GC (Allocation Failure)  513223K->198857K(1034752K), 0.0041598 secs]
256.044: Total time for which application threads were stopped: 0.0043241 seconds, Stopping threads took: 0.0000202 seconds
256.113: [GC (Allocation Failure)  519881K->202857K(1034240K), 0.0041590 secs]
256.117: Total time for which application threads were stopped: 0.0043139 seconds, Stopping threads took: 0.0000187 seconds
256.183: [GC (Allocation Failure)  523881K->196039K(1034752K), 0.0013994 secs]
256.184: Total time for which application threads were stopped: 0.0015440 seconds, Stopping threads took: 0.0000197 seconds
256.251: [GC (Allocation Failure)  517575K->202889K(1034752K), 0.0041286 secs]
256.255: Total time for which application threads were stopped: 0.0042985 seconds, Stopping threads took: 0.0000196 seconds
256.321: [GC (Allocation Failure)  524425K->206937K(1034752K), 0.0063474 secs]
256.328: Total time for which application threads were stopped: 0.0065051 seconds, Stopping threads took: 0.0000190 seconds
256.394: [GC (Allocation Failure)  528473K->201431K(1034752K), 0.0021567 secs]
256.396: Total time for which application threads were stopped: 0.0022970 seconds, Stopping threads took: 0.0000197 seconds
256.465: [GC (Allocation Failure)  522967K->207273K(1035776K), 0.0040853 secs]
256.469: Total time for which application threads were stopped: 0.0042692 seconds, Stopping threads took: 0.0000275 seconds
256.539: [GC (Allocation Failure)  529833K->211113K(1034752K), 0.0042071 secs]
256.543: Total time for which application threads were stopped: 0.0043685 seconds, Stopping threads took: 0.0000191 seconds
256.612: [GC (Allocation Failure)  533601K->207207K(1035776K), 0.0029208 secs]
256.615: Total time for which application threads were stopped: 0.0030841 seconds, Stopping threads took: 0.0000180 seconds
256.684: [GC (Allocation Failure)  530279K->211273K(1035264K), 0.0041453 secs]
256.688: Total time for which application threads were stopped: 0.0043099 seconds, Stopping threads took: 0.0000193 seconds
256.757: [GC (Allocation Failure)  534345K->215241K(1035264K), 0.0042832 secs]
256.761: Total time for which application threads were stopped: 0.0044777 seconds, Stopping threads took: 0.0000197 seconds
256.832: [GC (Allocation Failure)  538825K->215273K(1035776K), 0.0037953 secs]
256.836: Total time for which application threads were stopped: 0.0039603 seconds, Stopping threads took: 0.0000192 seconds
256.903: [GC (Allocation Failure)  538857K->215305K(1034752K), 0.0040823 secs]
256.907: Total time for which application threads were stopped: 0.0042552 seconds, Stopping threads took: 0.0000198 seconds
256.976: [GC (Allocation Failure)  537865K->223275K(1035264K), 0.0046066 secs]
256.980: Total time for which application threads were stopped: 0.0047991 seconds, Stopping threads took: 0.0000275 seconds
257.050: [GC (Allocation Failure)  545835K->223275K(1034240K), 0.0037695 secs]
257.054: Total time for which application threads were stopped: 0.0039813 seconds, Stopping threads took: 0.0000195 seconds
257.119: [GC (Allocation Failure)  544811K->223339K(1034752K), 0.0039789 secs]
257.123: Total time for which application threads were stopped: 0.0041494 seconds, Stopping threads took: 0.0000208 seconds
257.191: [GC (Allocation Failure)  544875K->231310K(1034752K), 0.0039439 secs]
257.195: Total time for which application threads were stopped: 0.0041042 seconds, Stopping threads took: 0.0000197 seconds
257.262: [GC (Allocation Failure)  552846K->231310K(1029120K), 0.0038694 secs]
257.266: Total time for which application threads were stopped: 0.0040328 seconds, Stopping threads took: 0.0000192 seconds
257.332: [GC (Allocation Failure)  552846K->231534K(1034240K), 0.0041810 secs]
257.337: Total time for which application threads were stopped: 0.0043724 seconds, Stopping threads took: 0.0000198 seconds
257.405: [GC (Allocation Failure)  552046K->239376K(1034240K), 0.0043472 secs]
257.410: Total time for which application threads were stopped: 0.0045290 seconds, Stopping threads took: 0.0000200 seconds
257.478: [GC (Allocation Failure)  559888K->239376K(1034240K), 0.0040566 secs]
257.482: Total time for which application threads were stopped: 0.0042393 seconds, Stopping threads took: 0.0000263 seconds
257.549: [GC (Allocation Failure)  559888K->239784K(1020416K), 0.0041821 secs]
257.553: Total time for which application threads were stopped: 0.0043589 seconds, Stopping threads took: 0.0000265 seconds
257.621: [GC (Allocation Failure)  560296K->247370K(1033728K), 0.0039127 secs]
257.625: Total time for which application threads were stopped: 0.0040814 seconds, Stopping threads took: 0.0000193 seconds
257.692: [GC (Allocation Failure)  566858K->247370K(1033728K), 0.0040493 secs]
257.696: Total time for which application threads were stopped: 0.0042474 seconds, Stopping threads took: 0.0000195 seconds
257.761: [GC (Allocation Failure)  566858K->247498K(1033728K), 0.0040206 secs]
257.765: Total time for which application threads were stopped: 0.0041909 seconds, Stopping threads took: 0.0000202 seconds
257.834: [GC (Allocation Failure)  566986K->255436K(1033728K), 0.0039572 secs]
257.838: Total time for which application threads were stopped: 0.0041256 seconds, Stopping threads took: 0.0000196 seconds
257.905: [GC (Allocation Failure)  574924K->255436K(1033728K), 0.0039937 secs]
257.909: Total time for which application threads were stopped: 0.0041846 seconds, Stopping threads took: 0.0000197 seconds
257.977: [GC (Allocation Failure)  574924K->255468K(1033728K), 0.0041711 secs]
257.981: Total time for which application threads were stopped: 0.0043107 seconds, Stopping threads took: 0.0000170 seconds
258.048: [GC (Allocation Failure)  574956K->263407K(1032704K), 0.0052946 secs]
258.053: Total time for which application threads were stopped: 0.0054872 seconds, Stopping threads took: 0.0000195 seconds
258.122: [GC (Allocation Failure)  581871K->257868K(1033216K), 0.0019523 secs]
258.124: Total time for which application threads were stopped: 0.0020712 seconds, Stopping threads took: 0.0000164 seconds
258.192: [GC (Allocation Failure)  576332K->263687K(1034752K), 0.0040785 secs]
258.196: Total time for which application threads were stopped: 0.0042530 seconds, Stopping threads took: 0.0000266 seconds
258.264: [GC (Allocation Failure)  584199K->267575K(1033728K), 0.0044070 secs]
258.268: Total time for which application threads were stopped: 0.0045836 seconds, Stopping threads took: 0.0000200 seconds
258.335: [GC (Allocation Failure)  588087K->274476K(1029120K), 0.0069707 secs]
258.342: Total time for which application threads were stopped: 0.0071368 seconds, Stopping threads took: 0.0000186 seconds
258.409: [GC (Allocation Failure)  589868K->268399K(1031680K), 0.0043883 secs]
258.414: Total time for which application threads were stopped: 0.0045543 seconds, Stopping threads took: 0.0000204 seconds
258.479: [GC (Allocation Failure)  583791K->268207K(1032704K), 0.0041402 secs]
258.483: Total time for which application threads were stopped: 0.0043214 seconds, Stopping threads took: 0.0000286 seconds
258.547: [GC (Allocation Failure)  585135K->271591K(1032192K), 0.0052774 secs]
258.552: Total time for which application threads were stopped: 0.0054559 seconds, Stopping threads took: 0.0000278 seconds
258.620: [GC (Allocation Failure)  588519K->276361K(1033216K), 0.0041931 secs]
258.624: Total time for which application threads were stopped: 0.0043581 seconds, Stopping threads took: 0.0000172 seconds
258.691: [GC (Allocation Failure)  594313K->276233K(1032704K), 0.0041002 secs]
258.695: Total time for which application threads were stopped: 0.0042632 seconds, Stopping threads took: 0.0000186 seconds
258.763: [GC (Allocation Failure)  594185K->277257K(1033216K), 0.0041325 secs]
258.768: Total time for which application threads were stopped: 0.0043239 seconds, Stopping threads took: 0.0000189 seconds
258.838: [GC (Allocation Failure)  595721K->284267K(1033216K), 0.0041981 secs]
258.842: Total time for which application threads were stopped: 0.0043784 seconds, Stopping threads took: 0.0000193 seconds
258.909: [GC (Allocation Failure)  602731K->284267K(1033728K), 0.0043037 secs]
258.914: Total time for which application threads were stopped: 0.0044757 seconds, Stopping threads took: 0.0000280 seconds
258.982: [GC (Allocation Failure)  603243K->285963K(1033216K), 0.0044084 secs]
258.986: Total time for which application threads were stopped: 0.0045722 seconds, Stopping threads took: 0.0000194 seconds
259.054: [GC (Allocation Failure)  604939K->292365K(1033728K), 0.0041583 secs]
259.058: Total time for which application threads were stopped: 0.0043234 seconds, Stopping threads took: 0.0000255 seconds
259.124: [GC (Allocation Failure)  611853K->292301K(1033728K), 0.0042433 secs]
259.128: Total time for which application threads were stopped: 0.0044326 seconds, Stopping threads took: 0.0000205 seconds
259.194: [GC (Allocation Failure)  611789K->292645K(1033728K), 0.0042008 secs]
259.198: Total time for which application threads were stopped: 0.0043626 seconds, Stopping threads took: 0.0000196 seconds
259.265: [GC (Allocation Failure)  612133K->300360K(1033728K), 0.0044175 secs]
259.269: Total time for which application threads were stopped: 0.0045774 seconds, Stopping threads took: 0.0000200 seconds
259.336: [GC (Allocation Failure)  619848K->300360K(1033728K), 0.0041780 secs]
259.341: Total time for which application threads were stopped: 0.0043459 seconds, Stopping threads took: 0.0000216 seconds
259.406: [GC (Allocation Failure)  619848K->303976K(1033728K), 0.0061729 secs]
259.413: Total time for which application threads were stopped: 0.0063482 seconds, Stopping threads took: 0.0000204 seconds
259.480: [GC (Allocation Failure)  623464K->308426K(1034240K), 0.0065004 secs]
259.487: Total time for which application threads were stopped: 0.0067009 seconds, Stopping threads took: 0.0000266 seconds
259.555: [GC (Allocation Failure)  628938K->308362K(1034240K), 0.0042537 secs]
259.559: Total time for which application threads were stopped: 0.0044498 seconds, Stopping threads took: 0.0000218 seconds
259.628: [GC (Allocation Failure)  628874K->309098K(1034240K), 0.0043039 secs]
259.633: Total time for which application threads were stopped: 0.0044766 seconds, Stopping threads took: 0.0000192 seconds
259.701: [GC (Allocation Failure)  629610K->316428K(1034240K), 0.0042268 secs]
259.705: Total time for which application threads were stopped: 0.0043978 seconds, Stopping threads took: 0.0000283 seconds
259.773: [GC (Allocation Failure)  636940K->316396K(1034240K), 0.0040474 secs]
259.777: Total time for which application threads were stopped: 0.0042203 seconds, Stopping threads took: 0.0000193 seconds
259.846: [GC (Allocation Failure)  636908K->317356K(1034240K), 0.0044049 secs]
259.851: Total time for which application threads were stopped: 0.0045611 seconds, Stopping threads took: 0.0000188 seconds
259.920: [GC (Allocation Failure)  637868K->324462K(1034240K), 0.0044210 secs]
259.924: Total time for which application threads were stopped: 0.0045896 seconds, Stopping threads took: 0.0000196 seconds
259.992: [GC (Allocation Failure)  644974K->324494K(1034240K), 0.0043685 secs]
259.996: Total time for which application threads were stopped: 0.0045663 seconds, Stopping threads took: 0.0000158 seconds
260.064: [GC (Allocation Failure)  645006K->325574K(1034240K), 0.0042983 secs]
260.069: Total time for which application threads were stopped: 0.0045007 seconds, Stopping threads took: 0.0000193 seconds
260.138: [GC (Allocation Failure)  646086K->332489K(1034240K), 0.0043958 secs]
260.143: Total time for which application threads were stopped: 0.0045545 seconds, Stopping threads took: 0.0000242 seconds
260.212: [GC (Allocation Failure)  653001K->332457K(1034240K), 0.0041780 secs]
260.216: Total time for which application threads were stopped: 0.0043725 seconds, Stopping threads took: 0.0000190 seconds
260.285: [GC (Allocation Failure)  652969K->332809K(1020416K), 0.0041734 secs]
260.289: Total time for which application threads were stopped: 0.0043231 seconds, Stopping threads took: 0.0000171 seconds
260.357: [GC (Allocation Failure)  653321K->340523K(1033728K), 0.0044850 secs]
260.362: Total time for which application threads were stopped: 0.0046637 seconds, Stopping threads took: 0.0000190 seconds
260.428: [GC (Allocation Failure)  660011K->340491K(1033728K), 0.0044599 secs]
260.433: Total time for which application threads were stopped: 0.0046408 seconds, Stopping threads took: 0.0000198 seconds
260.499: [GC (Allocation Failure)  659979K->341035K(1033728K), 0.0044595 secs]
260.504: Total time for which application threads were stopped: 0.0046560 seconds, Stopping threads took: 0.0000265 seconds
260.571: [GC (Allocation Failure)  660523K->348589K(1033728K), 0.0042687 secs]
260.576: Total time for which application threads were stopped: 0.0044433 seconds, Stopping threads took: 0.0000208 seconds
260.643: [GC (Allocation Failure)  668077K->348525K(1033728K), 0.0042591 secs]
260.648: Total time for which application threads were stopped: 0.0044392 seconds, Stopping threads took: 0.0000167 seconds
260.715: [GC (Allocation Failure)  668013K->349229K(1033728K), 0.0042310 secs]
260.719: Total time for which application threads were stopped: 0.0043819 seconds, Stopping threads took: 0.0000163 seconds
260.787: [GC (Allocation Failure)  668717K->356560K(1033728K), 0.0041991 secs]
260.792: Total time for which application threads were stopped: 0.0043597 seconds, Stopping threads took: 0.0000197 seconds
260.859: [GC (Allocation Failure)  676048K->356592K(1033728K), 0.0045126 secs]
260.864: Total time for which application threads were stopped: 0.0046732 seconds, Stopping threads took: 0.0000197 seconds
260.930: [GC (Allocation Failure)  676080K->358536K(1033728K), 0.0045544 secs]
260.935: Total time for which application threads were stopped: 0.0047327 seconds, Stopping threads took: 0.0000218 seconds
261.004: [GC (Allocation Failure)  678024K->364586K(1033728K), 0.0042033 secs]
261.008: Total time for which application threads were stopped: 0.0043627 seconds, Stopping threads took: 0.0000266 seconds
261.075: [GC (Allocation Failure)  684074K->364586K(1033728K), 0.0043463 secs]
261.079: Total time for which application threads were stopped: 0.0045198 seconds, Stopping threads took: 0.0000254 seconds
261.148: [GC (Allocation Failure)  684074K->365738K(1033728K), 0.0044610 secs]
261.152: Total time for which application threads were stopped: 0.0046542 seconds, Stopping threads took: 0.0000204 seconds
261.222: [GC (Allocation Failure)  685226K->372652K(1033728K), 0.0043795 secs]
261.227: Total time for which application threads were stopped: 0.0045300 seconds, Stopping threads took: 0.0000163 seconds
261.294: [GC (Allocation Failure)  692140K->372652K(1033728K), 0.0043064 secs]
261.298: Total time for which application threads were stopped: 0.0044751 seconds, Stopping threads took: 0.0000194 seconds
261.365: [GC (Allocation Failure)  692140K->372964K(1033728K), 0.0046148 secs]
261.369: Total time for which application threads were stopped: 0.0047858 seconds, Stopping threads took: 0.0000197 seconds
261.437: [GC (Allocation Failure)  692452K->380646K(1033728K), 0.0042419 secs]
261.441: Total time for which application threads were stopped: 0.0044038 seconds, Stopping threads took: 0.0000206 seconds
261.510: [GC (Allocation Failure)  700134K->380646K(1033728K), 0.0043487 secs]
261.514: Total time for which application threads were stopped: 0.0045475 seconds, Stopping threads took: 0.0000278 seconds
261.582: [GC (Allocation Failure)  700134K->381190K(1033728K), 0.0052136 secs]
261.587: Total time for which application threads were stopped: 0.0053584 seconds, Stopping threads took: 0.0000168 seconds
261.655: [GC (Allocation Failure)  700678K->388681K(1033728K), 0.0044176 secs]
261.659: Total time for which application threads were stopped: 0.0045658 seconds, Stopping threads took: 0.0000162 seconds
261.728: [GC (Allocation Failure)  708169K->388681K(1033728K), 0.0045479 secs]
261.732: Total time for which application threads were stopped: 0.0047184 seconds, Stopping threads took: 0.0000192 seconds
261.800: [GC (Allocation Failure)  708169K->389417K(1033728K), 0.0046513 secs]
261.805: Total time for which application threads were stopped: 0.0048151 seconds, Stopping threads took: 0.0000195 seconds
261.872: [GC (Allocation Failure)  708905K->396747K(1033728K), 0.0044323 secs]
261.877: Total time for which application threads were stopped: 0.0045955 seconds, Stopping threads took: 0.0000200 seconds
261.944: [GC (Allocation Failure)  716235K->396715K(1033728K), 0.0046223 secs]
261.949: Total time for which application threads were stopped: 0.0047901 seconds, Stopping threads took: 0.0000201 seconds
262.015: [GC (Allocation Failure)  716203K->397643K(1033728K), 0.0043681 secs]
262.020: Total time for which application threads were stopped: 0.0045301 seconds, Stopping threads took: 0.0000200 seconds
262.087: [GC (Allocation Failure)  717131K->404749K(1033728K), 0.0044354 secs]
262.092: Total time for which application threads were stopped: 0.0045981 seconds, Stopping threads took: 0.0000198 seconds
262.158: [GC (Allocation Failure)  724237K->404717K(1033728K), 0.0057435 secs]
262.164: Total time for which application threads were stopped: 0.0059231 seconds, Stopping threads took: 0.0000202 seconds
262.232: [GC (Allocation Failure)  724205K->404869K(1033728K), 0.0046841 secs]
262.237: Total time for which application threads were stopped: 0.0048732 seconds, Stopping threads took: 0.0000211 seconds
262.306: [GC (Allocation Failure)  724357K->412775K(1027072K), 0.0044433 secs]
262.311: Total time for which application threads were stopped: 0.0046194 seconds, Stopping threads took: 0.0000204 seconds
262.379: [GC (Allocation Failure)  732263K->412775K(1033728K), 0.0045093 secs]
262.384: Total time for which application threads were stopped: 0.0046585 seconds, Stopping threads took: 0.0000166 seconds
262.449: [GC (Allocation Failure)  731751K->413607K(1033216K), 0.0043030 secs]
262.453: Total time for which application threads were stopped: 0.0044657 seconds, Stopping threads took: 0.0000262 seconds
262.522: [GC (Allocation Failure)  732583K->420842K(1032704K), 0.0046391 secs]
262.527: Total time for which application threads were stopped: 0.0047995 seconds, Stopping threads took: 0.0000194 seconds
262.592: [GC (Allocation Failure)  739306K->420778K(1033216K), 0.0073594 secs]
262.599: Total time for which application threads were stopped: 0.0075489 seconds, Stopping threads took: 0.0000357 seconds
262.665: [GC (Allocation Failure)  739242K->421322K(1033728K), 0.0045001 secs]
262.669: Total time for which application threads were stopped: 0.0046587 seconds, Stopping threads took: 0.0000192 seconds
262.737: [GC (Allocation Failure)  740810K->428844K(1027072K), 0.0043866 secs]
262.742: Total time for which application threads were stopped: 0.0045522 seconds, Stopping threads took: 0.0000206 seconds
262.809: [GC (Allocation Failure)  748332K->428844K(1033216K), 0.0042717 secs]
262.814: Total time for which application threads were stopped: 0.0044657 seconds, Stopping threads took: 0.0000200 seconds
262.882: [GC (Allocation Failure)  747308K->429028K(1033216K), 0.0045949 secs]
262.886: Total time for which application threads were stopped: 0.0047638 seconds, Stopping threads took: 0.0000197 seconds
262.954: [GC (Allocation Failure)  747492K->436902K(1033216K), 0.0046489 secs]
262.959: Total time for which application threads were stopped: 0.0048138 seconds, Stopping threads took: 0.0000251 seconds
263.026: [GC (Allocation Failure)  755366K->436870K(1033216K), 0.0044619 secs]
263.031: Total time for which application threads were stopped: 0.0046233 seconds, Stopping threads took: 0.0000196 seconds
263.095: [GC (Allocation Failure)  755334K->437030K(1033216K), 0.0045181 secs]
263.100: Total time for which application threads were stopped: 0.0047032 seconds, Stopping threads took: 0.0000268 seconds
263.166: [GC (Allocation Failure)  755494K->444936K(1033216K), 0.0052969 secs]
263.171: Total time for which application threads were stopped: 0.0054689 seconds, Stopping threads took: 0.0000205 seconds
263.238: [GC (Allocation Failure)  763400K->444904K(1033216K), 0.0046648 secs]
263.243: Total time for which application threads were stopped: 0.0048343 seconds, Stopping threads took: 0.0000207 seconds
263.310: [GC (Allocation Failure)  763368K->444968K(1033216K), 0.0045451 secs]
263.314: Total time for which application threads were stopped: 0.0047238 seconds, Stopping threads took: 0.0000198 seconds
263.381: [GC (Allocation Failure)  763432K->452939K(1033216K), 0.0046065 secs]
263.385: Total time for which application threads were stopped: 0.0047683 seconds, Stopping threads took: 0.0000187 seconds
263.452: [GC (Allocation Failure)  771403K->452939K(1033216K), 0.0043938 secs]
263.456: Total time for which application threads were stopped: 0.0045753 seconds, Stopping threads took: 0.0000275 seconds
263.523: [GC (Allocation Failure)  771403K->453227K(1033216K), 0.0045614 secs]
263.527: Total time for which application threads were stopped: 0.0047185 seconds, Stopping threads took: 0.0000168 seconds
263.595: [GC (Allocation Failure)  771691K->460973K(1033216K), 0.0052709 secs]
263.600: Total time for which application threads were stopped: 0.0054495 seconds, Stopping threads took: 0.0000194 seconds
263.667: [GC (Allocation Failure)  779437K->461005K(1033216K), 0.0046457 secs]
263.671: Total time for which application threads were stopped: 0.0048021 seconds, Stopping threads took: 0.0000165 seconds
263.736: [GC (Allocation Failure)  779469K->461221K(1033216K), 0.0047554 secs]
263.741: Total time for which application threads were stopped: 0.0049251 seconds, Stopping threads took: 0.0000201 seconds
263.807: [GC (Allocation Failure)  779685K->468999K(1033216K), 0.0046445 secs]
263.812: Total time for which application threads were stopped: 0.0048153 seconds, Stopping threads took: 0.0000199 seconds
263.877: [GC (Allocation Failure)  787463K->465125K(1033216K), 0.0035076 secs]
263.881: Total time for which application threads were stopped: 0.0036662 seconds, Stopping threads took: 0.0000203 seconds
263.948: [GC (Allocation Failure)  783589K->469135K(1034752K), 0.0046097 secs]
263.953: Total time for which application threads were stopped: 0.0048124 seconds, Stopping threads took: 0.0000276 seconds
264.021: [GC (Allocation Failure)  789647K->473135K(1033728K), 0.0046054 secs]
264.026: Total time for which application threads were stopped: 0.0047584 seconds, Stopping threads took: 0.0000166 seconds
264.093: [GC (Allocation Failure)  793647K->465325K(1034240K), 0.0015990 secs]
264.095: Total time for which application threads were stopped: 0.0017262 seconds, Stopping threads took: 0.0000196 seconds
264.162: [GC (Allocation Failure)  785837K->473207K(1034240K), 0.0065731 secs]
264.168: Total time for which application threads were stopped: 0.0067457 seconds, Stopping threads took: 0.0000194 seconds
264.236: [GC (Allocation Failure)  793719K->477319K(1033216K), 0.0060438 secs]
264.242: Total time for which application threads were stopped: 0.0062249 seconds, Stopping threads took: 0.0000272 seconds
264.309: [GC (Allocation Failure)  796807K->482981K(1032704K), 0.0070837 secs]
264.316: Total time for which application threads were stopped: 0.0072774 seconds, Stopping threads took: 0.0000207 seconds
264.383: [GC (Allocation Failure)  802469K->477511K(1031680K), 0.0047068 secs]
264.388: Total time for which application threads were stopped: 0.0049022 seconds, Stopping threads took: 0.0000196 seconds
264.456: [GC (Allocation Failure)  793927K->477319K(1032192K), 0.0045332 secs]
264.461: Total time for which application threads were stopped: 0.0047080 seconds, Stopping threads took: 0.0000250 seconds
264.527: [GC (Allocation Failure)  793735K->471941K(1032704K), 0.0026163 secs]
264.530: Total time for which application threads were stopped: 0.0027918 seconds, Stopping threads took: 0.0000196 seconds
264.599: [GC (Allocation Failure)  789381K->477447K(1032704K), 0.0054510 secs]
264.605: Total time for which application threads were stopped: 0.0056253 seconds, Stopping threads took: 0.0000274 seconds
264.672: [GC (Allocation Failure)  794887K->477287K(1033216K), 0.0045860 secs]
264.677: Total time for which application threads were stopped: 0.0047494 seconds, Stopping threads took: 0.0000170 seconds
264.743: [GC (Allocation Failure)  795751K->478151K(1033216K), 0.0044657 secs]
264.747: Total time for which application threads were stopped: 0.0046386 seconds, Stopping threads took: 0.0000270 seconds
264.814: [GC (Allocation Failure)  796615K->485450K(1033216K), 0.0045922 secs]
264.818: Total time for which application threads were stopped: 0.0047485 seconds, Stopping threads took: 0.0000187 seconds
264.886: [GC (Allocation Failure)  803914K->485354K(1033216K), 0.0043660 secs]
264.890: Total time for which application threads were stopped: 0.0045449 seconds, Stopping threads took: 0.0000191 seconds
264.956: [GC (Allocation Failure)  803818K->486378K(1032704K), 0.0045268 secs]
264.960: Total time for which application threads were stopped: 0.0046933 seconds, Stopping threads took: 0.0000258 seconds
265.028: [GC (Allocation Failure)  804842K->493420K(1033216K), 0.0046261 secs]
265.033: Total time for which application threads were stopped: 0.0048035 seconds, Stopping threads took: 0.0000406 seconds
265.101: [GC (Allocation Failure)  811884K->493356K(1033728K), 0.0046595 secs]
265.105: Total time for which application threads were stopped: 0.0048014 seconds, Stopping threads took: 0.0000156 seconds
265.174: [GC (Allocation Failure)  812844K->495628K(1033728K), 0.0060328 secs]
265.180: Total time for which application threads were stopped: 0.0062292 seconds, Stopping threads took: 0.0000249 seconds
265.249: [GC (Allocation Failure)  815116K->501390K(1033728K), 0.0074248 secs]
265.256: Total time for which application threads were stopped: 0.0075971 seconds, Stopping threads took: 0.0000252 seconds
265.321: [GC (Allocation Failure)  820878K->501422K(1033728K), 0.0053132 secs]
265.326: Total time for which application threads were stopped: 0.0054673 seconds, Stopping threads took: 0.0000247 seconds
265.392: [GC (Allocation Failure)  820910K->502822K(1033728K), 0.0063122 secs]
265.398: Total time for which application threads were stopped: 0.0085279 seconds, Stopping threads took: 0.0020683 seconds
265.465: [GC (Allocation Failure)  822310K->509416K(1033728K), 0.0045459 secs]
265.469: Total time for which application threads were stopped: 0.0047137 seconds, Stopping threads took: 0.0000276 seconds
265.536: [GC (Allocation Failure)  828904K->509448K(1034240K), 0.0047580 secs]
265.541: Total time for which application threads were stopped: 0.0049693 seconds, Stopping threads took: 0.0000249 seconds
265.611: [GC (Allocation Failure)  829448K->510568K(1033728K), 0.0047638 secs]
265.615: Total time for which application threads were stopped: 0.0049342 seconds, Stopping threads took: 0.0000194 seconds
265.681: [GC (Allocation Failure)  830568K->517451K(1034240K), 0.0046710 secs]
265.686: Total time for which application threads were stopped: 0.0048440 seconds, Stopping threads took: 0.0000201 seconds
265.753: [GC (Allocation Failure)  837963K->517451K(1034240K), 0.0047610 secs]
265.758: Total time for which application threads were stopped: 0.0049659 seconds, Stopping threads took: 0.0000197 seconds
265.825: [GC (Allocation Failure)  837963K->518283K(1033216K), 0.0048056 secs]
265.830: Total time for which application threads were stopped: 0.0049805 seconds, Stopping threads took: 0.0000197 seconds
265.898: [GC (Allocation Failure)  837771K->525613K(1033728K), 0.0046544 secs]
265.903: Total time for which application threads were stopped: 0.0048048 seconds, Stopping threads took: 0.0000171 seconds
265.970: [GC (Allocation Failure)  845101K->525485K(1033728K), 0.0044163 secs]
265.975: Total time for which application threads were stopped: 0.0045731 seconds, Stopping threads took: 0.0000260 seconds
266.042: [GC (Allocation Failure)  844973K->527597K(1033728K), 0.0050821 secs]
266.047: Total time for which application threads were stopped: 0.0053948 seconds, Stopping threads took: 0.0000278 seconds
266.116: [GC (Allocation Failure)  847085K->533583K(1034240K), 0.0047043 secs]
266.121: Total time for which application threads were stopped: 0.0048565 seconds, Stopping threads took: 0.0000164 seconds
266.187: [GC (Allocation Failure)  854095K->533519K(1034240K), 0.0045090 secs]
266.191: Total time for which application threads were stopped: 0.0047040 seconds, Stopping threads took: 0.0000199 seconds
266.260: [GC (Allocation Failure)  854031K->533735K(1033216K), 0.0045869 secs]
266.265: Total time for which application threads were stopped: 0.0047678 seconds, Stopping threads took: 0.0000164 seconds
266.334: [GC (Allocation Failure)  853223K->541577K(1033728K), 0.0106042 secs]
266.344: Total time for which application threads were stopped: 0.0108090 seconds, Stopping threads took: 0.0000245 seconds
266.411: [GC (Allocation Failure)  861065K->541545K(1033728K), 0.0047897 secs]
266.416: Total time for which application threads were stopped: 0.0049594 seconds, Stopping threads took: 0.0000194 seconds
266.483: [GC (Allocation Failure)  861033K->541961K(1033728K), 0.0047938 secs]
266.488: Total time for which application threads were stopped: 0.0049733 seconds, Stopping threads took: 0.0000256 seconds
266.556: [GC (Allocation Failure)  861449K->549580K(1033728K), 0.0047147 secs]
266.561: Total time for which application threads were stopped: 0.0048868 seconds, Stopping threads took: 0.0000285 seconds
266.629: [GC (Allocation Failure)  869068K->549612K(1033728K), 0.0045604 secs]
266.633: Total time for which application threads were stopped: 0.0047334 seconds, Stopping threads took: 0.0000193 seconds
266.701: [GC (Allocation Failure)  869100K->551268K(1033728K), 0.0050724 secs]
266.706: Total time for which application threads were stopped: 0.0052664 seconds, Stopping threads took: 0.0000201 seconds
266.775: [GC (Allocation Failure)  870756K->557606K(1033728K), 0.0047161 secs]
266.780: Total time for which application threads were stopped: 0.0048762 seconds, Stopping threads took: 0.0000172 seconds
266.846: [GC (Allocation Failure)  877094K->557638K(1033728K), 0.0049219 secs]
266.851: Total time for which application threads were stopped: 0.0050775 seconds, Stopping threads took: 0.0000169 seconds
266.918: [GC (Allocation Failure)  877126K->558438K(1033728K), 0.0046719 secs]
266.922: Total time for which application threads were stopped: 0.0048408 seconds, Stopping threads took: 0.0000193 seconds
266.990: [GC (Allocation Failure)  877926K->565640K(1033728K), 0.0056419 secs]
266.996: Total time for which application threads were stopped: 0.0058068 seconds, Stopping threads took: 0.0000259 seconds
267.064: [GC (Allocation Failure)  885128K->565672K(1033728K), 0.0046969 secs]
267.069: Total time for which application threads were stopped: 0.0048939 seconds, Stopping threads took: 0.0000215 seconds
267.137: [GC (Allocation Failure)  885160K->565704K(1033728K), 0.0047368 secs]
267.142: Total time for which application threads were stopped: 0.0048894 seconds, Stopping threads took: 0.0000175 seconds
267.209: [GC (Allocation Failure)  885192K->573706K(1033728K), 0.0047295 secs]
267.214: Total time for which application threads were stopped: 0.0048972 seconds, Stopping threads took: 0.0000202 seconds
267.281: [GC (Allocation Failure)  893194K->573674K(1033728K), 0.0047229 secs]
267.286: Total time for which application threads were stopped: 0.0048891 seconds, Stopping threads took: 0.0000197 seconds
267.352: [GC (Allocation Failure)  893162K->573898K(1033728K), 0.0050139 secs]
267.357: Total time for which application threads were stopped: 0.0052203 seconds, Stopping threads took: 0.0000190 seconds
267.426: [GC (Allocation Failure)  893386K->581741K(1032704K), 0.0044467 secs]
267.430: Total time for which application threads were stopped: 0.0046034 seconds, Stopping threads took: 0.0000188 seconds
267.498: [GC (Allocation Failure)  900205K->581741K(1033216K), 0.0045755 secs]
267.502: Total time for which application threads were stopped: 0.0047516 seconds, Stopping threads took: 0.0000189 seconds
267.568: [GC (Allocation Failure)  900205K->582117K(1033216K), 0.0047643 secs]
267.573: Total time for which application threads were stopped: 0.0049127 seconds, Stopping threads took: 0.0000165 seconds
267.643: [GC (Allocation Failure)  900581K->589767K(1033216K), 0.0049400 secs]
267.648: Total time for which application threads were stopped: 0.0051322 seconds, Stopping threads took: 0.0000197 seconds
267.714: [GC (Allocation Failure)  908231K->589735K(1033216K), 0.0046340 secs]
267.719: Total time for which application threads were stopped: 0.0047922 seconds, Stopping threads took: 0.0000166 seconds
267.783: [GC (Allocation Failure)  908199K->590375K(1033216K), 0.0049581 secs]
267.788: Total time for which application threads were stopped: 0.0051551 seconds, Stopping threads took: 0.0000202 seconds
267.857: [GC (Allocation Failure)  908839K->597833K(1033216K), 0.0046977 secs]
267.861: Total time for which application threads were stopped: 0.0048612 seconds, Stopping threads took: 0.0000203 seconds
267.929: [GC (Allocation Failure)  916297K->597769K(1033216K), 0.0055296 secs]
267.934: Total time for which application threads were stopped: 0.0056947 seconds, Stopping threads took: 0.0000200 seconds
267.999: [GC (Allocation Failure)  916233K->598505K(1033216K), 0.0048758 secs]
268.004: Total time for which application threads were stopped: 0.0050484 seconds, Stopping threads took: 0.0000277 seconds
268.072: [GC (Allocation Failure)  916969K->605836K(1033216K), 0.0046302 secs]
268.077: Total time for which application threads were stopped: 0.0047979 seconds, Stopping threads took: 0.0000259 seconds
268.144: [GC (Allocation Failure)  924300K->605772K(1033216K), 0.0045804 secs]
268.149: Total time for which application threads were stopped: 0.0047525 seconds, Stopping threads took: 0.0000204 seconds
268.215: [GC (Allocation Failure)  924236K->606732K(1033216K), 0.0048980 secs]
268.220: Total time for which application threads were stopped: 0.0050855 seconds, Stopping threads took: 0.0000201 seconds
268.289: [GC (Allocation Failure)  925196K->613870K(1033216K), 0.0047291 secs]
268.294: Total time for which application threads were stopped: 0.0049173 seconds, Stopping threads took: 0.0000201 seconds
268.362: [GC (Allocation Failure)  932334K->613838K(1033216K), 0.0060299 secs]
268.368: Total time for which application threads were stopped: 0.0062219 seconds, Stopping threads took: 0.0000188 seconds
268.436: [GC (Allocation Failure)  932302K->613958K(1033216K), 0.0046913 secs]
268.441: Total time for which application threads were stopped: 0.0048514 seconds, Stopping threads took: 0.0000168 seconds
268.511: [GC (Allocation Failure)  932422K->621864K(1033216K), 0.0045572 secs]
268.516: Total time for which application threads were stopped: 0.0047374 seconds, Stopping threads took: 0.0000251 seconds
268.583: [GC (Allocation Failure)  940328K->621864K(1033216K), 0.0060176 secs]
268.589: Total time for which application threads were stopped: 0.0061913 seconds, Stopping threads took: 0.0000280 seconds
268.657: [GC (Allocation Failure)  940328K->622184K(1033216K), 0.0048262 secs]
268.662: Total time for which application threads were stopped: 0.0049878 seconds, Stopping threads took: 0.0000192 seconds
268.730: [GC (Allocation Failure)  940648K->629930K(1033216K), 0.0050185 secs]
268.735: Total time for which application threads were stopped: 0.0052267 seconds, Stopping threads took: 0.0000277 seconds
268.801: [GC (Allocation Failure)  948394K->629898K(1033216K), 0.0047751 secs]
268.805: Total time for which application threads were stopped: 0.0049392 seconds, Stopping threads took: 0.0000205 seconds
268.871: [GC (Allocation Failure)  948362K->630442K(1033216K), 0.0049618 secs]
268.877: Total time for which application threads were stopped: 0.0051632 seconds, Stopping threads took: 0.0000207 seconds
268.944: [GC (Allocation Failure)  948906K->637965K(1033216K), 0.0047672 secs]
268.949: Total time for which application threads were stopped: 0.0049275 seconds, Stopping threads took: 0.0000191 seconds
269.016: [GC (Allocation Failure)  956429K->637933K(1033216K), 0.0047386 secs]
269.021: Total time for which application threads were stopped: 0.0049247 seconds, Stopping threads took: 0.0000270 seconds
269.085: [GC (Allocation Failure)  956397K->638149K(1033216K), 0.0051388 secs]
269.090: Total time for which application threads were stopped: 0.0053131 seconds, Stopping threads took: 0.0000196 seconds
269.157: [GC (Allocation Failure)  956613K->645959K(1033216K), 0.0051624 secs]
269.162: Total time for which application threads were stopped: 0.0053370 seconds, Stopping threads took: 0.0000205 seconds
269.227: [GC (Allocation Failure)  964423K->645959K(1033216K), 0.0048289 secs]
269.232: Total time for which application threads were stopped: 0.0050117 seconds, Stopping threads took: 0.0000203 seconds
269.299: [GC (Allocation Failure)  964423K->646119K(1033216K), 0.0049705 secs]
269.304: Total time for which application threads were stopped: 0.0051450 seconds, Stopping threads took: 0.0000205 seconds
269.372: [GC (Allocation Failure)  964583K->653993K(1033216K), 0.0048917 secs]
269.377: Total time for which application threads were stopped: 0.0050526 seconds, Stopping threads took: 0.0000201 seconds
269.442: [GC (Allocation Failure)  972457K->647495K(1033216K), 0.0024841 secs]
269.445: Total time for which application threads were stopped: 0.0026334 seconds, Stopping threads took: 0.0000197 seconds
269.513: [GC (Allocation Failure)  965959K->654097K(1033216K), 0.0048563 secs]
269.518: Total time for which application threads were stopped: 0.0050229 seconds, Stopping threads took: 0.0000194 seconds
269.587: [GC (Allocation Failure)  972561K->658129K(1033728K), 0.0060132 secs]
269.593: Total time for which application threads were stopped: 0.0061748 seconds, Stopping threads took: 0.0000240 seconds
269.661: [GC (Allocation Failure)  977617K->661071K(1030144K), 0.0061565 secs]
269.667: Total time for which application threads were stopped: 0.0063136 seconds, Stopping threads took: 0.0000186 seconds
269.735: [GC (Allocation Failure)  980559K->658353K(1032704K), 0.0050677 secs]
269.740: Total time for which application threads were stopped: 0.0052385 seconds, Stopping threads took: 0.0000190 seconds
269.806: [GC (Allocation Failure)  975793K->658129K(1032704K), 0.0049009 secs]
269.811: Total time for which application threads were stopped: 0.0050728 seconds, Stopping threads took: 0.0000202 seconds
269.877: [GC (Allocation Failure)  975569K->652015K(1033216K), 0.0024678 secs]
269.880: Total time for which application threads were stopped: 0.0026398 seconds, Stopping threads took: 0.0000188 seconds
269.948: [GC (Allocation Failure)  970479K->658321K(1033216K), 0.0047772 secs]
269.953: Total time for which application threads were stopped: 0.0049402 seconds, Stopping threads took: 0.0000190 seconds
270.020: [GC (Allocation Failure)  976785K->658129K(1033216K), 0.0049921 secs]
270.025: Total time for which application threads were stopped: 0.0051943 seconds, Stopping threads took: 0.0000265 seconds
270.091: [GC (Allocation Failure)  976593K->660265K(1033216K), 0.0051206 secs]
270.096: Total time for which application threads were stopped: 0.0052829 seconds, Stopping threads took: 0.0000191 seconds
270.161: [GC (Allocation Failure)  978729K->666155K(1033728K), 0.0050782 secs]
270.166: Total time for which application threads were stopped: 0.0052352 seconds, Stopping threads took: 0.0000188 seconds
270.234: [GC (Allocation Failure)  985643K->666155K(1033728K), 0.0050021 secs]
270.239: Total time for which application threads were stopped: 0.0051638 seconds, Stopping threads took: 0.0000188 seconds
270.305: [GC (Allocation Failure)  985643K->666475K(1033728K), 0.0050773 secs]
270.310: Total time for which application threads were stopped: 0.0052463 seconds, Stopping threads took: 0.0000190 seconds
270.376: [GC (Allocation Failure)  985963K->674254K(1033728K), 0.0049053 secs]
270.381: Total time for which application threads were stopped: 0.0050758 seconds, Stopping threads took: 0.0000198 seconds
270.447: [GC (Allocation Failure)  993742K->674222K(1033728K), 0.0048376 secs]
270.452: Total time for which application threads were stopped: 0.0050091 seconds, Stopping threads took: 0.0000194 seconds
270.519: [GC (Allocation Failure)  993710K->677742K(1033728K), 0.0084843 secs]
270.527: Total time for which application threads were stopped: 0.0086575 seconds, Stopping threads took: 0.0000198 seconds
270.597: [GC (Allocation Failure)  997230K->682256K(1034240K), 0.0060347 secs]
270.603: Total time for which application threads were stopped: 0.0062337 seconds, Stopping threads took: 0.0000172 seconds
270.670: [GC (Allocation Failure)  1002768K->682224K(1034240K), 0.0049785 secs]
270.675: Total time for which application threads were stopped: 0.0051552 seconds, Stopping threads took: 0.0000185 seconds
270.742: [GC (Allocation Failure)  1002736K->682920K(1034240K), 0.0051291 secs]
270.747: Total time for which application threads were stopped: 0.0053151 seconds, Stopping threads took: 0.0000196 seconds
270.815: [GC (Allocation Failure)  1003432K->690250K(1034240K), 0.0049096 secs]
270.820: Total time for which application threads were stopped: 0.0050707 seconds, Stopping threads took: 0.0000194 seconds
270.887: [GC (Allocation Failure)  1010762K->690282K(1034240K), 0.0050293 secs]
270.892: Total time for which application threads were stopped: 0.0052130 seconds, Stopping threads took: 0.0000199 seconds
270.959: [GC (Allocation Failure)  1010794K->693194K(1034240K), 0.0053921 secs]
270.965: [Full GC (Ergonomics)  693194K->11413K(1034240K), 0.0166061 secs]
270.981: Total time for which application threads were stopped: 0.0222534 seconds, Stopping threads took: 0.0000189 seconds
271.049: [GC (Allocation Failure)  331925K->20759K(1033216K), 0.0037911 secs]
271.053: Total time for which application threads were stopped: 0.0039473 seconds, Stopping threads took: 0.0000173 seconds
271.119: [GC (Allocation Failure)  340247K->20695K(1033728K), 0.0039395 secs]
271.123: Total time for which application threads were stopped: 0.0041148 seconds, Stopping threads took: 0.0000193 seconds
271.189: [GC (Allocation Failure)  340183K->23863K(1034240K), 0.0045174 secs]
271.194: Total time for which application threads were stopped: 0.0046822 seconds, Stopping threads took: 0.0000198 seconds
271.259: [GC (Allocation Failure)  344375K->28825K(1034240K), 0.0037786 secs]
271.263: Total time for which application threads were stopped: 0.0039500 seconds, Stopping threads took: 0.0000205 seconds
271.330: [GC (Allocation Failure)  349337K->28729K(1034240K), 0.0036186 secs]
271.334: Total time for which application threads were stopped: 0.0037784 seconds, Stopping threads took: 0.0000200 seconds
271.403: [GC (Allocation Failure)  349241K->30041K(1034240K), 0.0038792 secs]
271.407: Total time for which application threads were stopped: 0.0040484 seconds, Stopping threads took: 0.0000188 seconds
271.475: [GC (Allocation Failure)  350553K->36860K(1034240K), 0.0038304 secs]
271.479: Total time for which application threads were stopped: 0.0040071 seconds, Stopping threads took: 0.0000260 seconds
271.547: [GC (Allocation Failure)  357372K->36764K(1034240K), 0.0102439 secs]
271.557: Total time for which application threads were stopped: 0.0103957 seconds, Stopping threads took: 0.0000182 seconds
271.627: [GC (Allocation Failure)  357276K->40324K(1034752K), 0.0047469 secs]
271.632: Total time for which application threads were stopped: 0.0049446 seconds, Stopping threads took: 0.0000194 seconds
271.700: [GC (Allocation Failure)  361348K->44838K(1034240K), 0.0036382 secs]
271.703: Total time for which application threads were stopped: 0.0038086 seconds, Stopping threads took: 0.0000201 seconds
271.771: [GC (Allocation Failure)  365862K->44806K(1034752K), 0.0039872 secs]
271.775: Total time for which application threads were stopped: 0.0041732 seconds, Stopping threads took: 0.0000287 seconds
271.842: [GC (Allocation Failure)  366342K->48590K(1034752K), 0.0047176 secs]
271.847: Total time for which application threads were stopped: 0.0048780 seconds, Stopping threads took: 0.0000191 seconds
271.915: [GC (Allocation Failure)  370126K->52848K(1035264K), 0.0045700 secs]
271.920: Total time for which application threads were stopped: 0.0047314 seconds, Stopping threads took: 0.0000198 seconds
271.990: [GC (Allocation Failure)  375408K->52880K(1035264K), 0.0036715 secs]
271.993: Total time for which application threads were stopped: 0.0038403 seconds, Stopping threads took: 0.0000249 seconds
272.060: [GC (Allocation Failure)  375440K->55752K(1035264K), 0.0042835 secs]
272.065: Total time for which application threads were stopped: 0.0044482 seconds, Stopping threads took: 0.0000197 seconds
272.132: [GC (Allocation Failure)  378312K->60906K(1035264K), 0.0037008 secs]
272.136: Total time for which application threads were stopped: 0.0038940 seconds, Stopping threads took: 0.0000211 seconds
272.206: [GC (Allocation Failure)  383466K->60874K(1035264K), 0.0038620 secs]
272.210: Total time for which application threads were stopped: 0.0040181 seconds, Stopping threads took: 0.0000186 seconds
272.277: [GC (Allocation Failure)  383434K->64042K(1035264K), 0.0043405 secs]
272.281: Total time for which application threads were stopped: 0.0045159 seconds, Stopping threads took: 0.0000195 seconds
272.351: [GC (Allocation Failure)  386602K->69005K(1035264K), 0.0036011 secs]
272.354: Total time for which application threads were stopped: 0.0037516 seconds, Stopping threads took: 0.0000161 seconds
272.422: [GC (Allocation Failure)  391565K->68941K(1035264K), 0.0038061 secs]
272.426: Total time for which application threads were stopped: 0.0039843 seconds, Stopping threads took: 0.0000194 seconds
272.496: [GC (Allocation Failure)  391501K->72237K(1035264K), 0.0044497 secs]
272.500: Total time for which application threads were stopped: 0.0046387 seconds, Stopping threads took: 0.0000266 seconds
272.570: [GC (Allocation Failure)  394797K->77007K(1035264K), 0.0038580 secs]
272.574: Total time for which application threads were stopped: 0.0040313 seconds, Stopping threads took: 0.0000209 seconds
272.644: [GC (Allocation Failure)  399567K->76943K(1035264K), 0.0039177 secs]
272.648: Total time for which application threads were stopped: 0.0040844 seconds, Stopping threads took: 0.0000195 seconds
272.716: [GC (Allocation Failure)  399503K->80487K(1035264K), 0.0044601 secs]
272.720: Total time for which application threads were stopped: 0.0046446 seconds, Stopping threads took: 0.0000205 seconds
272.789: [GC (Allocation Failure)  403047K->84969K(1035776K), 0.0037409 secs]
272.792: Total time for which application threads were stopped: 0.0039327 seconds, Stopping threads took: 0.0000220 seconds
272.862: [GC (Allocation Failure)  408553K->84969K(1035776K), 0.0038287 secs]
272.866: Total time for which application threads were stopped: 0.0040011 seconds, Stopping threads took: 0.0000195 seconds
272.932: [GC (Allocation Failure)  408553K->86665K(1034752K), 0.0038947 secs]
272.936: Total time for which application threads were stopped: 0.0041189 seconds, Stopping threads took: 0.0000194 seconds
273.006: [GC (Allocation Failure)  409225K->93003K(1035264K), 0.0036661 secs]
273.010: Total time for which application threads were stopped: 0.0038390 seconds, Stopping threads took: 0.0000273 seconds
273.078: [GC (Allocation Failure)  415563K->93003K(1035264K), 0.0040087 secs]
273.082: Total time for which application threads were stopped: 0.0041687 seconds, Stopping threads took: 0.0000196 seconds
273.149: [GC (Allocation Failure)  415563K->94891K(1035264K), 0.0041973 secs]
273.154: Total time for which application threads were stopped: 0.0043792 seconds, Stopping threads took: 0.0000195 seconds
273.222: [GC (Allocation Failure)  417451K->101166K(1035264K), 0.0038217 secs]
273.225: Total time for which application threads were stopped: 0.0040158 seconds, Stopping threads took: 0.0000200 seconds
273.294: [GC (Allocation Failure)  423726K->101038K(1035264K), 0.0044896 secs]
273.299: Total time for which application threads were stopped: 0.0046606 seconds, Stopping threads took: 0.0000202 seconds
273.366: [GC (Allocation Failure)  423598K->95115K(1035264K), 0.0015519 secs]
273.367: Total time for which application threads were stopped: 0.0017016 seconds, Stopping threads took: 0.0000200 seconds
273.437: [GC (Allocation Failure)  417675K->101134K(1035264K), 0.0037903 secs]
273.441: Total time for which application threads were stopped: 0.0039634 seconds, Stopping threads took: 0.0000190 seconds
273.509: [GC (Allocation Failure)  423694K->101038K(1035264K), 0.0038294 secs]
273.513: Total time for which application threads were stopped: 0.0039965 seconds, Stopping threads took: 0.0000277 seconds
273.579: [GC (Allocation Failure)  423598K->99403K(1035264K), 0.0031927 secs]
273.582: Total time for which application threads were stopped: 0.0033531 seconds, Stopping threads took: 0.0000192 seconds
273.651: [GC (Allocation Failure)  421963K->101102K(1035776K), 0.0037774 secs]
273.655: Total time for which application threads were stopped: 0.0039478 seconds, Stopping threads took: 0.0000193 seconds
273.722: [GC (Allocation Failure)  424686K->101038K(1035776K), 0.0038258 secs]
273.726: Total time for which application threads were stopped: 0.0039973 seconds, Stopping threads took: 0.0000194 seconds
273.792: [GC (Allocation Failure)  424622K->105739K(1032704K), 0.0059951 secs]
273.798: Total time for which application threads were stopped: 0.0061687 seconds, Stopping threads took: 0.0000192 seconds
273.865: [GC (Allocation Failure)  426251K->101294K(1034240K), 0.0039940 secs]
273.869: Total time for which application threads were stopped: 0.0041500 seconds, Stopping threads took: 0.0000187 seconds
273.936: [GC (Allocation Failure)  421806K->101070K(1034752K), 0.0038294 secs]
273.940: Total time for which application threads were stopped: 0.0039890 seconds, Stopping threads took: 0.0000191 seconds
274.007: [GC (Allocation Failure)  422094K->104427K(1032192K), 0.0050579 secs]
274.013: Total time for which application threads were stopped: 0.0052464 seconds, Stopping threads took: 0.0000278 seconds
274.079: [GC (Allocation Failure)  425451K->101230K(1034240K), 0.0044567 secs]
274.084: Total time for which application threads were stopped: 0.0046445 seconds, Stopping threads took: 0.0000264 seconds
274.152: [GC (Allocation Failure)  421230K->101038K(1033728K), 0.0039323 secs]
274.156: Total time for which application threads were stopped: 0.0041051 seconds, Stopping threads took: 0.0000203 seconds
274.221: [GC (Allocation Failure)  421038K->102027K(1035264K), 0.0042565 secs]
274.226: Total time for which application threads were stopped: 0.0044154 seconds, Stopping threads took: 0.0000184 seconds
274.294: [GC (Allocation Failure)  424587K->101198K(1035264K), 0.0038520 secs]
274.298: Total time for which application threads were stopped: 0.0040057 seconds, Stopping threads took: 0.0000164 seconds
274.365: [GC (Allocation Failure)  423758K->101038K(1036288K), 0.0039910 secs]
274.370: Total time for which application threads were stopped: 0.0041682 seconds, Stopping threads took: 0.0000193 seconds
274.438: [GC (Allocation Failure)  425134K->107851K(1035776K), 0.0068923 secs]
274.444: Total time for which application threads were stopped: 0.0070596 seconds, Stopping threads took: 0.0000195 seconds
274.512: [GC (Allocation Failure)  431947K->103726K(1032704K), 0.0040987 secs]
274.517: Total time for which application threads were stopped: 0.0043117 seconds, Stopping threads took: 0.0000276 seconds
274.584: [GC (Allocation Failure)  424238K->103630K(1034240K), 0.0056903 secs]
274.589: Total time for which application threads were stopped: 0.0058616 seconds, Stopping threads took: 0.0000250 seconds
274.657: [GC (Allocation Failure)  424142K->95787K(1032704K), 0.0008085 secs]
274.658: Total time for which application threads were stopped: 0.0009364 seconds, Stopping threads took: 0.0000187 seconds
274.728: [GC (Allocation Failure)  415275K->103686K(1033728K), 0.0039057 secs]
274.732: Total time for which application threads were stopped: 0.0040731 seconds, Stopping threads took: 0.0000219 seconds
274.800: [GC (Allocation Failure)  423174K->107774K(1035264K), 0.0053690 secs]
274.806: Total time for which application threads were stopped: 0.0055433 seconds, Stopping threads took: 0.0000217 seconds
274.875: [GC (Allocation Failure)  429822K->113923K(1034752K), 0.0065252 secs]
274.882: Total time for which application threads were stopped: 0.0066955 seconds, Stopping threads took: 0.0000191 seconds
274.950: [GC (Allocation Failure)  435971K->108870K(1032704K), 0.0039176 secs]
274.954: Total time for which application threads were stopped: 0.0040786 seconds, Stopping threads took: 0.0000190 seconds
275.022: [GC (Allocation Failure)  428358K->108678K(1033728K), 0.0037087 secs]
275.026: Total time for which application threads were stopped: 0.0038849 seconds, Stopping threads took: 0.0000262 seconds
275.094: [GC (Allocation Failure)  428166K->112515K(1033216K), 0.0054629 secs]
275.099: Total time for which application threads were stopped: 0.0056502 seconds, Stopping threads took: 0.0000273 seconds
275.166: [GC (Allocation Failure)  432003K->108838K(1033728K), 0.0037736 secs]
275.170: Total time for which application threads were stopped: 0.0039346 seconds, Stopping threads took: 0.0000197 seconds
275.238: [GC (Allocation Failure)  428326K->108646K(1034752K), 0.0038316 secs]
275.242: Total time for which application threads were stopped: 0.0039932 seconds, Stopping threads took: 0.0000192 seconds
275.309: [GC (Allocation Failure)  429670K->109155K(1034240K), 0.0040655 secs]
275.313: Total time for which application threads were stopped: 0.0042367 seconds, Stopping threads took: 0.0000277 seconds
275.381: [GC (Allocation Failure)  430179K->108774K(1035264K), 0.0036993 secs]
275.385: Total time for which application threads were stopped: 0.0038914 seconds, Stopping threads took: 0.0000189 seconds
275.455: [GC (Allocation Failure)  431334K->108710K(1035264K), 0.0037321 secs]
275.459: Total time for which application threads were stopped: 0.0039060 seconds, Stopping threads took: 0.0000196 seconds
275.526: [GC (Allocation Failure)  431270K->111875K(1034752K), 0.0051115 secs]
275.531: Total time for which application threads were stopped: 0.0052760 seconds, Stopping threads took: 0.0000195 seconds
275.600: [GC (Allocation Failure)  434435K->108710K(1035264K), 0.0043114 secs]
275.604: Total time for which application threads were stopped: 0.0045019 seconds, Stopping threads took: 0.0000246 seconds
275.670: [GC (Allocation Failure)  431270K->108646K(1035776K), 0.0039211 secs]
275.674: Total time for which application threads were stopped: 0.0040816 seconds, Stopping threads took: 0.0000189 seconds
275.742: [GC (Allocation Failure)  431718K->116675K(1035264K), 0.0096443 secs]
275.752: Total time for which application threads were stopped: 0.0098343 seconds, Stopping threads took: 0.0000187 seconds
275.821: [GC (Allocation Failure)  439747K->112198K(1032192K), 0.0038202 secs]
275.825: Total time for which application threads were stopped: 0.0039870 seconds, Stopping threads took: 0.0000191 seconds
275.892: [GC (Allocation Failure)  431686K->111942K(1033728K), 0.0038791 secs]
275.896: Total time for which application threads were stopped: 0.0040501 seconds, Stopping threads took: 0.0000194 seconds
275.961: [GC (Allocation Failure)  431430K->118595K(1031168K), 0.0068701 secs]
275.968: Total time for which application threads were stopped: 0.0070896 seconds, Stopping threads took: 0.0000275 seconds
276.036: [GC (Allocation Failure)  436035K->112486K(1032704K), 0.0038608 secs]
276.040: Total time for which application threads were stopped: 0.0040330 seconds, Stopping threads took: 0.0000196 seconds
276.108: [GC (Allocation Failure)  429926K->112326K(1033216K), 0.0041379 secs]
276.112: Total time for which application threads were stopped: 0.0043285 seconds, Stopping threads took: 0.0000221 seconds
276.177: [GC (Allocation Failure)  430278K->108451K(1032704K), 0.0024543 secs]
276.180: Total time for which application threads were stopped: 0.0026387 seconds, Stopping threads took: 0.0000190 seconds
276.246: [GC (Allocation Failure)  426403K->112454K(1033216K), 0.0037641 secs]
276.250: Total time for which application threads were stopped: 0.0039444 seconds, Stopping threads took: 0.0000195 seconds
276.318: [GC (Allocation Failure)  430406K->112358K(1032704K), 0.0039025 secs]
276.322: Total time for which application threads were stopped: 0.0040739 seconds, Stopping threads took: 0.0000194 seconds
276.389: [GC (Allocation Failure)  430310K->115214K(1033728K), 0.0043089 secs]
276.393: Total time for which application threads were stopped: 0.0044738 seconds, Stopping threads took: 0.0000192 seconds
276.461: [GC (Allocation Failure)  434702K->120400K(1033728K), 0.0040888 secs]
276.465: Total time for which application threads were stopped: 0.0042497 seconds, Stopping threads took: 0.0000199 seconds
276.533: [GC (Allocation Failure)  439888K->120368K(1034752K), 0.0039711 secs]
276.537: Total time for which application threads were stopped: 0.0041439 seconds, Stopping threads took: 0.0000284 seconds
276.605: [GC (Allocation Failure)  441392K->123912K(1034240K), 0.0058629 secs]
276.611: Total time for which application threads were stopped: 0.0060358 seconds, Stopping threads took: 0.0000252 seconds
276.678: [GC (Allocation Failure)  444936K->128458K(1034752K), 0.0040156 secs]
276.682: Total time for which application threads were stopped: 0.0041835 seconds, Stopping threads took: 0.0000196 seconds
276.750: [GC (Allocation Failure)  449482K->128394K(1034240K), 0.0037210 secs]
276.754: Total time for which application threads were stopped: 0.0038821 seconds, Stopping threads took: 0.0000197 seconds
276.820: [GC (Allocation Failure)  449418K->131626K(1035264K), 0.0045426 secs]
276.824: Total time for which application threads were stopped: 0.0047027 seconds, Stopping threads took: 0.0000189 seconds
276.892: [GC (Allocation Failure)  454186K->136397K(1035264K), 0.0040231 secs]
276.896: Total time for which application threads were stopped: 0.0041721 seconds, Stopping threads took: 0.0000164 seconds
276.965: [GC (Allocation Failure)  458957K->136429K(1035776K), 0.0045233 secs]
276.969: Total time for which application threads were stopped: 0.0047013 seconds, Stopping threads took: 0.0000291 seconds
277.039: [GC (Allocation Failure)  459501K->140429K(1035264K), 0.0048418 secs]
277.044: Total time for which application threads were stopped: 0.0050135 seconds, Stopping threads took: 0.0000194 seconds
277.113: [GC (Allocation Failure)  463501K->144687K(1035776K), 0.0039207 secs]
277.117: Total time for which application threads were stopped: 0.0041045 seconds, Stopping threads took: 0.0000204 seconds
277.186: [GC (Allocation Failure)  468271K->144495K(1035776K), 0.0039463 secs]
277.190: Total time for which application threads were stopped: 0.0041170 seconds, Stopping threads took: 0.0000271 seconds
277.257: [GC (Allocation Failure)  468079K->139085K(1035776K), 0.0017816 secs]
277.259: Total time for which application threads were stopped: 0.0019308 seconds, Stopping threads took: 0.0000202 seconds
277.330: [GC (Allocation Failure)  462669K->144591K(1035776K), 0.0038400 secs]
277.334: Total time for which application threads were stopped: 0.0040331 seconds, Stopping threads took: 0.0000199 seconds
277.404: [GC (Allocation Failure)  468175K->144495K(1035776K), 0.0037877 secs]
277.408: Total time for which application threads were stopped: 0.0039830 seconds, Stopping threads took: 0.0000197 seconds
277.477: [GC (Allocation Failure)  468079K->146445K(1033216K), 0.0046763 secs]
277.482: Total time for which application threads were stopped: 0.0048460 seconds, Stopping threads took: 0.0000188 seconds
277.550: [GC (Allocation Failure)  470029K->144559K(1035776K), 0.0041509 secs]
277.554: Total time for which application threads were stopped: 0.0043453 seconds, Stopping threads took: 0.0000197 seconds
277.625: [GC (Allocation Failure)  467631K->144463K(1035264K), 0.0037598 secs]
277.629: Total time for which application threads were stopped: 0.0039443 seconds, Stopping threads took: 0.0000170 seconds
277.696: [GC (Allocation Failure)  467535K->152749K(1030656K), 0.0078503 secs]
277.704: Total time for which application threads were stopped: 0.0079984 seconds, Stopping threads took: 0.0000159 seconds
277.772: [GC (Allocation Failure)  471213K->148047K(1033216K), 0.0037705 secs]
277.776: Total time for which application threads were stopped: 0.0039620 seconds, Stopping threads took: 0.0000191 seconds
277.843: [GC (Allocation Failure)  466511K->148047K(1034240K), 0.0038384 secs]
277.847: Total time for which application threads were stopped: 0.0039950 seconds, Stopping threads took: 0.0000188 seconds
277.914: [GC (Allocation Failure)  468047K->149837K(1033728K), 0.0049300 secs]
277.919: Total time for which application threads were stopped: 0.0050905 seconds, Stopping threads took: 0.0000189 seconds
277.988: [GC (Allocation Failure)  469837K->148271K(1034752K), 0.0040544 secs]
277.992: Total time for which application threads were stopped: 0.0042526 seconds, Stopping threads took: 0.0000278 seconds
278.061: [GC (Allocation Failure)  469295K->147983K(1034240K), 0.0039491 secs]
278.065: Total time for which application threads were stopped: 0.0041085 seconds, Stopping threads took: 0.0000169 seconds
278.132: [GC (Allocation Failure)  469007K->148525K(1035776K), 0.0040271 secs]
278.136: Total time for which application threads were stopped: 0.0042035 seconds, Stopping threads took: 0.0000194 seconds
278.206: [GC (Allocation Failure)  471597K->148143K(1035264K), 0.0037964 secs]
278.210: Total time for which application threads were stopped: 0.0039453 seconds, Stopping threads took: 0.0000170 seconds
278.278: [GC (Allocation Failure)  471215K->148015K(1036288K), 0.0041635 secs]
278.282: Total time for which application threads were stopped: 0.0043323 seconds, Stopping threads took: 0.0000197 seconds
278.348: [GC (Allocation Failure)  472623K->155877K(1036288K), 0.0103707 secs]
278.359: Total time for which application threads were stopped: 0.0105506 seconds, Stopping threads took: 0.0000198 seconds
278.429: [GC (Allocation Failure)  480485K->151783K(1032192K), 0.0039480 secs]
278.433: Total time for which application threads were stopped: 0.0040980 seconds, Stopping threads took: 0.0000164 seconds
278.501: [GC (Allocation Failure)  472295K->151655K(1034240K), 0.0040590 secs]
278.505: Total time for which application threads were stopped: 0.0042487 seconds, Stopping threads took: 0.0000279 seconds
278.572: [GC (Allocation Failure)  472167K->145413K(1032704K), 0.0013655 secs]
278.574: Total time for which application threads were stopped: 0.0014982 seconds, Stopping threads took: 0.0000199 seconds
278.641: [GC (Allocation Failure)  464901K->151703K(1033728K), 0.0039082 secs]
278.645: Total time for which application threads were stopped: 0.0040791 seconds, Stopping threads took: 0.0000198 seconds
278.712: [GC (Allocation Failure)  471191K->155799K(1034752K), 0.0043731 secs]
278.716: Total time for which application threads were stopped: 0.0045550 seconds, Stopping threads took: 0.0000199 seconds
278.784: [GC (Allocation Failure)  476823K->162509K(1034240K), 0.0070220 secs]
278.792: Total time for which application threads were stopped: 0.0071989 seconds, Stopping threads took: 0.0000194 seconds
278.860: [GC (Allocation Failure)  483533K->157007K(1032192K), 0.0040218 secs]
278.864: Total time for which application threads were stopped: 0.0041993 seconds, Stopping threads took: 0.0000218 seconds
278.931: [GC (Allocation Failure)  475471K->156751K(1033216K), 0.0040375 secs]
278.935: Total time for which application threads were stopped: 0.0042262 seconds, Stopping threads took: 0.0000204 seconds
279.003: [GC (Allocation Failure)  475215K->158061K(1034240K), 0.0046107 secs]
279.008: Total time for which application threads were stopped: 0.0047778 seconds, Stopping threads took: 0.0000278 seconds
279.077: [GC (Allocation Failure)  478061K->156943K(1033728K), 0.0039764 secs]
279.082: Total time for which application threads were stopped: 0.0041362 seconds, Stopping threads took: 0.0000192 seconds
279.147: [GC (Allocation Failure)  476943K->156783K(1035264K), 0.0039410 secs]
279.151: Total time for which application threads were stopped: 0.0040956 seconds, Stopping threads took: 0.0000187 seconds
279.219: [GC (Allocation Failure)  478831K->156749K(1034752K), 0.0039578 secs]
279.223: Total time for which application threads were stopped: 0.0041459 seconds, Stopping threads took: 0.0000280 seconds
279.291: [GC (Allocation Failure)  478797K->156911K(1035776K), 0.0036411 secs]
279.295: Total time for which application threads were stopped: 0.0038331 seconds, Stopping threads took: 0.0000198 seconds
279.364: [GC (Allocation Failure)  479983K->156751K(1035264K), 0.0040070 secs]
279.368: Total time for which application threads were stopped: 0.0041944 seconds, Stopping threads took: 0.0000192 seconds
279.436: [GC (Allocation Failure)  479823K->161517K(1033216K), 0.0059847 secs]
279.442: Total time for which application threads were stopped: 0.0061510 seconds, Stopping threads took: 0.0000275 seconds
279.508: [GC (Allocation Failure)  483053K->157359K(1034752K), 0.0040567 secs]
279.512: Total time for which application threads were stopped: 0.0042370 seconds, Stopping threads took: 0.0000275 seconds
279.577: [GC (Allocation Failure)  478895K->157327K(1035776K), 0.0041319 secs]
279.581: Total time for which application threads were stopped: 0.0042946 seconds, Stopping threads took: 0.0000207 seconds
279.650: [GC (Allocation Failure)  480399K->164813K(1035264K), 0.0073884 secs]
279.658: Total time for which application threads were stopped: 0.0075561 seconds, Stopping threads took: 0.0000198 seconds
279.727: [GC (Allocation Failure)  487885K->160079K(1032192K), 0.0038856 secs]
279.731: Total time for which application threads were stopped: 0.0040804 seconds, Stopping threads took: 0.0000270 seconds
279.799: [GC (Allocation Failure)  479567K->160079K(1033728K), 0.0039260 secs]
279.803: Total time for which application threads were stopped: 0.0040845 seconds, Stopping threads took: 0.0000190 seconds
279.868: [GC (Allocation Failure)  479567K->166317K(1031168K), 0.0065324 secs]
279.875: Total time for which application threads were stopped: 0.0067008 seconds, Stopping threads took: 0.0000187 seconds
279.942: [GC (Allocation Failure)  483757K->160239K(1032704K), 0.0039144 secs]
279.946: Total time for which application threads were stopped: 0.0041395 seconds, Stopping threads took: 0.0000195 seconds
280.014: [GC (Allocation Failure)  477679K->160079K(1033216K), 0.0040308 secs]
280.018: Total time for which application threads were stopped: 0.0042005 seconds, Stopping threads took: 0.0000278 seconds
280.082: [GC (Allocation Failure)  478543K->156173K(1033216K), 0.0023979 secs]
280.085: Total time for which application threads were stopped: 0.0025592 seconds, Stopping threads took: 0.0000274 seconds
280.151: [GC (Allocation Failure)  474637K->160175K(1033728K), 0.0041282 secs]
280.155: Total time for which application threads were stopped: 0.0042960 seconds, Stopping threads took: 0.0000192 seconds
280.224: [GC (Allocation Failure)  479151K->160079K(1033216K), 0.0038798 secs]
280.228: Total time for which application threads were stopped: 0.0040474 seconds, Stopping threads took: 0.0000198 seconds
280.292: [GC (Allocation Failure)  479055K->161351K(1032192K), 0.0041197 secs]
280.296: Total time for which application threads were stopped: 0.0042893 seconds, Stopping threads took: 0.0000274 seconds
280.363: [GC (Allocation Failure)  479815K->168105K(1033216K), 0.0039320 secs]
280.367: Total time for which application threads were stopped: 0.0040903 seconds, Stopping threads took: 0.0000195 seconds
280.433: [GC (Allocation Failure)  486569K->168105K(1034752K), 0.0040222 secs]
280.437: Total time for which application threads were stopped: 0.0041886 seconds, Stopping threads took: 0.0000192 seconds
280.504: [GC (Allocation Failure)  488617K->171625K(1033728K), 0.0066174 secs]
280.511: Total time for which application threads were stopped: 0.0067850 seconds, Stopping threads took: 0.0000271 seconds
280.579: [GC (Allocation Failure)  492137K->176171K(1034752K), 0.0038770 secs]
280.583: Total time for which application threads were stopped: 0.0040659 seconds, Stopping threads took: 0.0000195 seconds
280.651: [GC (Allocation Failure)  497195K->176171K(1034240K), 0.0040064 secs]
280.656: Total time for which application threads were stopped: 0.0041685 seconds, Stopping threads took: 0.0000195 seconds
280.721: [GC (Allocation Failure)  497195K->178859K(1034240K), 0.0046738 secs]
280.726: Total time for which application threads were stopped: 0.0048491 seconds, Stopping threads took: 0.0000202 seconds
280.794: [GC (Allocation Failure)  500395K->184238K(1034752K), 0.0040507 secs]
280.798: Total time for which application threads were stopped: 0.0042231 seconds, Stopping threads took: 0.0000207 seconds
280.866: [GC (Allocation Failure)  505774K->184174K(1035264K), 0.0040301 secs]
280.870: Total time for which application threads were stopped: 0.0042018 seconds, Stopping threads took: 0.0000196 seconds
280.938: [GC (Allocation Failure)  506734K->185006K(1022976K), 0.0042311 secs]
280.943: Total time for which application threads were stopped: 0.0044061 seconds, Stopping threads took: 0.0000266 seconds
281.013: [GC (Allocation Failure)  507566K->192304K(1035264K), 0.0039514 secs]
281.017: Total time for which application threads were stopped: 0.0041223 seconds, Stopping threads took: 0.0000205 seconds
281.087: [GC (Allocation Failure)  514352K->192240K(1034752K), 0.0039186 secs]
281.091: Total time for which application threads were stopped: 0.0040819 seconds, Stopping threads took: 0.0000196 seconds
281.158: [GC (Allocation Failure)  514288K->196360K(1035264K), 0.0048603 secs]
281.163: Total time for which application threads were stopped: 0.0050321 seconds, Stopping threads took: 0.0000196 seconds
281.231: [GC (Allocation Failure)  518920K->200330K(1035264K), 0.0038215 secs]
281.235: Total time for which application threads were stopped: 0.0039913 seconds, Stopping threads took: 0.0000199 seconds
281.302: [GC (Allocation Failure)  522890K->200234K(1035776K), 0.0041303 secs]
281.307: Total time for which application threads were stopped: 0.0042974 seconds, Stopping threads took: 0.0000199 seconds
281.376: [GC (Allocation Failure)  523306K->192904K(1035264K), 0.0011306 secs]
281.377: Total time for which application threads were stopped: 0.0012566 seconds, Stopping threads took: 0.0000272 seconds
281.445: [GC (Allocation Failure)  515976K->200266K(1035264K), 0.0042001 secs]
281.449: Total time for which application threads were stopped: 0.0043679 seconds, Stopping threads took: 0.0000194 seconds
281.518: [GC (Allocation Failure)  522826K->200234K(1035264K), 0.0037096 secs]
281.522: Total time for which application threads were stopped: 0.0038915 seconds, Stopping threads took: 0.0000284 seconds
281.589: [GC (Allocation Failure)  522794K->197736K(1035776K), 0.0039396 secs]
281.593: Total time for which application threads were stopped: 0.0040981 seconds, Stopping threads took: 0.0000240 seconds
281.662: [GC (Allocation Failure)  520808K->200458K(1035264K), 0.0040738 secs]
281.666: Total time for which application threads were stopped: 0.0042339 seconds, Stopping threads took: 0.0000194 seconds
281.735: [GC (Allocation Failure)  523530K->200234K(1035776K), 0.0040462 secs]
281.739: Total time for which application threads were stopped: 0.0042065 seconds, Stopping threads took: 0.0000190 seconds
281.806: [GC (Allocation Failure)  523818K->204104K(1035264K), 0.0056775 secs]
281.812: Total time for which application threads were stopped: 0.0058679 seconds, Stopping threads took: 0.0000188 seconds
281.880: [GC (Allocation Failure)  527688K->200362K(1034240K), 0.0041708 secs]
281.884: Total time for which application threads were stopped: 0.0043276 seconds, Stopping threads took: 0.0000182 seconds
281.951: [GC (Allocation Failure)  521898K->200234K(1034752K), 0.0041691 secs]
281.956: Total time for which application threads were stopped: 0.0043422 seconds, Stopping threads took: 0.0000192 seconds
282.023: [GC (Allocation Failure)  521770K->207336K(1030144K), 0.0073956 secs]
282.030: Total time for which application threads were stopped: 0.0075718 seconds, Stopping threads took: 0.0000257 seconds
282.096: [GC (Allocation Failure)  524776K->202218K(1032704K), 0.0042061 secs]
282.101: Total time for which application threads were stopped: 0.0043954 seconds, Stopping threads took: 0.0000195 seconds
282.168: [GC (Allocation Failure)  519658K->202058K(1034240K), 0.0039252 secs]
282.172: Total time for which application threads were stopped: 0.0041037 seconds, Stopping threads took: 0.0000201 seconds
282.237: [GC (Allocation Failure)  522058K->200712K(1033728K), 0.0036585 secs]
282.241: Total time for which application threads were stopped: 0.0038290 seconds, Stopping threads took: 0.0000190 seconds
282.306: [GC (Allocation Failure)  520712K->202122K(1035264K), 0.0040290 secs]
282.310: Total time for which application threads were stopped: 0.0042025 seconds, Stopping threads took: 0.0000199 seconds
282.379: [GC (Allocation Failure)  524170K->202090K(1034752K), 0.0039971 secs]
282.383: Total time for which application threads were stopped: 0.0041593 seconds, Stopping threads took: 0.0000198 seconds
282.450: [GC (Allocation Failure)  524138K->201448K(1035776K), 0.0037244 secs]
282.454: Total time for which application threads were stopped: 0.0038956 seconds, Stopping threads took: 0.0000189 seconds
282.525: [GC (Allocation Failure)  525032K->202090K(1035776K), 0.0063846 secs]
282.531: Total time for which application threads were stopped: 0.0065547 seconds, Stopping threads took: 0.0000276 seconds
282.600: [GC (Allocation Failure)  525674K->202058K(1036800K), 0.0050498 secs]
282.605: Total time for which application threads were stopped: 0.0052543 seconds, Stopping threads took: 0.0000255 seconds
282.671: [GC (Allocation Failure)  527178K->210312K(1036288K), 0.0079181 secs]
282.679: Total time for which application threads were stopped: 0.0080869 seconds, Stopping threads took: 0.0000194 seconds
282.747: [GC (Allocation Failure)  535432K->206826K(1033216K), 0.0041949 secs]
282.752: Total time for which application threads were stopped: 0.0043544 seconds, Stopping threads took: 0.0000193 seconds
282.817: [GC (Allocation Failure)  528362K->206634K(1034752K), 0.0039170 secs]
282.821: Total time for which application threads were stopped: 0.0040758 seconds, Stopping threads took: 0.0000190 seconds
282.888: [GC (Allocation Failure)  528170K->202696K(1034752K), 0.0028282 secs]
282.891: Total time for which application threads were stopped: 0.0029771 seconds, Stopping threads took: 0.0000192 seconds
282.961: [GC (Allocation Failure)  524232K->206762K(1025536K), 0.0042528 secs]
282.965: Total time for which application threads were stopped: 0.0044297 seconds, Stopping threads took: 0.0000275 seconds
283.032: [GC (Allocation Failure)  528298K->210762K(1034752K), 0.0040791 secs]
283.036: Total time for which application threads were stopped: 0.0042526 seconds, Stopping threads took: 0.0000195 seconds
283.104: [GC (Allocation Failure)  531786K->206824K(1034240K), 0.0028184 secs]
283.107: Total time for which application threads were stopped: 0.0029838 seconds, Stopping threads took: 0.0000196 seconds
283.175: [GC (Allocation Failure)  527848K->210858K(1034752K), 0.0041843 secs]
283.180: Total time for which application threads were stopped: 0.0043711 seconds, Stopping threads took: 0.0000218 seconds
283.248: [GC (Allocation Failure)  532394K->214890K(1034752K), 0.0038934 secs]
283.252: Total time for which application threads were stopped: 0.0040785 seconds, Stopping threads took: 0.0000189 seconds
283.321: [GC (Allocation Failure)  536025K->210952K(1035264K), 0.0030640 secs]
283.324: Total time for which application threads were stopped: 0.0032202 seconds, Stopping threads took: 0.0000201 seconds
283.392: [GC (Allocation Failure)  533512K->215018K(1035264K), 0.0040792 secs]
283.396: Total time for which application threads were stopped: 0.0042406 seconds, Stopping threads took: 0.0000199 seconds
283.463: [GC (Allocation Failure)  537578K->219018K(1035264K), 0.0041254 secs]
283.467: Total time for which application threads were stopped: 0.0042948 seconds, Stopping threads took: 0.0000201 seconds
283.534: [GC (Allocation Failure)  540514K->215112K(1035264K), 0.0026873 secs]
283.537: Total time for which application threads were stopped: 0.0028802 seconds, Stopping threads took: 0.0000266 seconds
283.608: [GC (Allocation Failure)  537672K->219114K(1035776K), 0.0038916 secs]
283.612: Total time for which application threads were stopped: 0.0040559 seconds, Stopping threads took: 0.0000162 seconds
283.681: [GC (Allocation Failure)  542698K->223146K(1035776K), 0.0043107 secs]
283.686: Total time for which application threads were stopped: 0.0044845 seconds, Stopping threads took: 0.0000204 seconds
283.754: [GC (Allocation Failure)  546730K->223114K(1035776K), 0.0037428 secs]
283.758: Total time for which application threads were stopped: 0.0040478 seconds, Stopping threads took: 0.0000204 seconds
283.827: [GC (Allocation Failure)  546698K->223178K(1023488K), 0.0041209 secs]
283.831: Total time for which application threads were stopped: 0.0042802 seconds, Stopping threads took: 0.0000192 seconds
283.899: [GC (Allocation Failure)  546762K->231148K(1035264K), 0.0040159 secs]
283.903: Total time for which application threads were stopped: 0.0041854 seconds, Stopping threads took: 0.0000191 seconds
283.971: [GC (Allocation Failure)  553708K->231180K(1035264K), 0.0043183 secs]
283.975: Total time for which application threads were stopped: 0.0044830 seconds, Stopping threads took: 0.0000190 seconds
284.043: [GC (Allocation Failure)  553740K->231212K(1034240K), 0.0039862 secs]
284.047: Total time for which application threads were stopped: 0.0041814 seconds, Stopping threads took: 0.0000197 seconds
284.116: [GC (Allocation Failure)  552748K->239215K(1034752K), 0.0040197 secs]
284.120: Total time for which application threads were stopped: 0.0042021 seconds, Stopping threads took: 0.0000166 seconds
284.186: [GC (Allocation Failure)  560751K->239215K(1034752K), 0.0042695 secs]
284.190: Total time for which application threads were stopped: 0.0044377 seconds, Stopping threads took: 0.0000197 seconds
284.257: [GC (Allocation Failure)  560751K->239431K(1021440K), 0.0041551 secs]
284.261: Total time for which application threads were stopped: 0.0043162 seconds, Stopping threads took: 0.0000198 seconds
284.331: [GC (Allocation Failure)  560967K->247209K(1034240K), 0.0041823 secs]
284.335: Total time for which application threads were stopped: 0.0043620 seconds, Stopping threads took: 0.0000199 seconds
284.402: [GC (Allocation Failure)  567721K->247209K(1034240K), 0.0037993 secs]
284.406: Total time for which application threads were stopped: 0.0039687 seconds, Stopping threads took: 0.0000197 seconds
284.471: [GC (Allocation Failure)  567721K->247657K(1034240K), 0.0043946 secs]
284.476: Total time for which application threads were stopped: 0.0045534 seconds, Stopping threads took: 0.0000193 seconds
284.543: [GC (Allocation Failure)  568169K->255243K(1034240K), 0.0040785 secs]
284.547: Total time for which application threads were stopped: 0.0042349 seconds, Stopping threads took: 0.0000186 seconds
284.617: [GC (Allocation Failure)  575755K->255275K(1034240K), 0.0042066 secs]
284.621: Total time for which application threads were stopped: 0.0043733 seconds, Stopping threads took: 0.0000193 seconds
284.687: [GC (Allocation Failure)  575787K->255371K(1020416K), 0.0041590 secs]
284.692: Total time for which application threads were stopped: 0.0044408 seconds, Stopping threads took: 0.0000191 seconds
284.759: [GC (Allocation Failure)  575883K->263309K(1033728K), 0.0039737 secs]
284.763: Total time for which application threads were stopped: 0.0041672 seconds, Stopping threads took: 0.0000189 seconds
284.830: [GC (Allocation Failure)  582797K->263277K(1033728K), 0.0040130 secs]
284.834: Total time for which application threads were stopped: 0.0041846 seconds, Stopping threads took: 0.0000200 seconds
284.900: [GC (Allocation Failure)  582765K->263333K(1033728K), 0.0041771 secs]
284.904: Total time for which application threads were stopped: 0.0043433 seconds, Stopping threads took: 0.0000197 seconds
284.971: [GC (Allocation Failure)  582821K->271336K(1033728K), 0.0044127 secs]
284.975: Total time for which application threads were stopped: 0.0045698 seconds, Stopping threads took: 0.0000170 seconds
285.041: [GC (Allocation Failure)  590824K->271304K(1033728K), 0.0042275 secs]
285.045: Total time for which application threads were stopped: 0.0043948 seconds, Stopping threads took: 0.0000193 seconds
285.110: [GC (Allocation Failure)  590792K->271560K(1033728K), 0.0041093 secs]
285.114: Total time for which application threads were stopped: 0.0042679 seconds, Stopping threads took: 0.0000187 seconds
285.181: [GC (Allocation Failure)  591048K->279338K(1032704K), 0.0040673 secs]
285.185: Total time for which application threads were stopped: 0.0042282 seconds, Stopping threads took: 0.0000193 seconds
285.251: [GC (Allocation Failure)  597802K->275048K(1033216K), 0.0027317 secs]
285.254: Total time for which application threads were stopped: 0.0029001 seconds, Stopping threads took: 0.0000207 seconds
285.319: [GC (Allocation Failure)  593512K->279538K(1034752K), 0.0042535 secs]
285.323: Total time for which application threads were stopped: 0.0044499 seconds, Stopping threads took: 0.0000197 seconds
285.393: [GC (Allocation Failure)  600562K->283506K(1034240K), 0.0041121 secs]
285.398: Total time for which application threads were stopped: 0.0042778 seconds, Stopping threads took: 0.0000160 seconds
285.465: [GC (Allocation Failure)  604530K->276272K(1034752K), 0.0014314 secs]
285.466: Total time for which application threads were stopped: 0.0015626 seconds, Stopping threads took: 0.0000211 seconds
285.536: [GC (Allocation Failure)  597808K->283610K(1034752K), 0.0040937 secs]
285.540: Total time for which application threads were stopped: 0.0042663 seconds, Stopping threads took: 0.0000252 seconds
285.608: [GC (Allocation Failure)  605146K->287618K(1033728K), 0.0052528 secs]
285.613: Total time for which application threads were stopped: 0.0054217 seconds, Stopping threads took: 0.0000198 seconds
285.679: [GC (Allocation Failure)  608130K->280608K(1034240K), 0.0013692 secs]
285.681: Total time for which application threads were stopped: 0.0014992 seconds, Stopping threads took: 0.0000203 seconds
285.750: [GC (Allocation Failure)  601120K->287738K(1034752K), 0.0041130 secs]
285.754: Total time for which application threads were stopped: 0.0042853 seconds, Stopping threads took: 0.0000196 seconds
285.824: [GC (Allocation Failure)  609274K->291794K(1029120K), 0.0051746 secs]
285.829: Total time for which application threads were stopped: 0.0053374 seconds, Stopping threads took: 0.0000202 seconds
285.895: [GC (Allocation Failure)  613330K->284944K(1034752K), 0.0014545 secs]
285.896: Total time for which application threads were stopped: 0.0015822 seconds, Stopping threads took: 0.0000200 seconds
285.966: [GC (Allocation Failure)  605968K->291826K(1034240K), 0.0043483 secs]
285.970: Total time for which application threads were stopped: 0.0045292 seconds, Stopping threads took: 0.0000203 seconds
286.039: [GC (Allocation Failure)  612850K->295874K(1034752K), 0.0051111 secs]
286.044: Total time for which application threads were stopped: 0.0052834 seconds, Stopping threads took: 0.0000202 seconds
286.111: [GC (Allocation Failure)  617410K->289280K(1034752K), 0.0016676 secs]
286.113: Total time for which application threads were stopped: 0.0018153 seconds, Stopping threads took: 0.0000255 seconds
286.183: [GC (Allocation Failure)  610816K->296178K(1034752K), 0.0040543 secs]
286.187: Total time for which application threads were stopped: 0.0042509 seconds, Stopping threads took: 0.0000197 seconds
286.254: [GC (Allocation Failure)  617714K->300058K(1034752K), 0.0050276 secs]
286.260: Total time for which application threads were stopped: 0.0051848 seconds, Stopping threads took: 0.0000174 seconds
286.325: [GC (Allocation Failure)  621594K->294648K(1034752K), 0.0022755 secs]
286.328: Total time for which application threads were stopped: 0.0024330 seconds, Stopping threads took: 0.0000194 seconds
286.395: [GC (Allocation Failure)  616184K->300234K(1034752K), 0.0041921 secs]
286.400: Total time for which application threads were stopped: 0.0043625 seconds, Stopping threads took: 0.0000193 seconds
286.465: [GC (Allocation Failure)  621770K->304194K(1034752K), 0.0043626 secs]
286.470: Total time for which application threads were stopped: 0.0045718 seconds, Stopping threads took: 0.0000207 seconds
286.537: [GC (Allocation Failure)  626754K->300288K(1035264K), 0.0029878 secs]
286.540: Total time for which application threads were stopped: 0.0031614 seconds, Stopping threads took: 0.0000298 seconds
286.609: [GC (Allocation Failure)  622848K->304290K(1036288K), 0.0049241 secs]
286.614: Total time for which application threads were stopped: 0.0050613 seconds, Stopping threads took: 0.0000149 seconds
286.684: [GC (Allocation Failure)  628386K->308354K(1035776K), 0.0042478 secs]
286.688: Total time for which application threads were stopped: 0.0044084 seconds, Stopping threads took: 0.0000203 seconds
286.758: [GC (Allocation Failure)  632450K->308322K(1035776K), 0.0041891 secs]
286.763: Total time for which application threads were stopped: 0.0043555 seconds, Stopping threads took: 0.0000192 seconds
286.831: [GC (Allocation Failure)  631906K->308394K(1023488K), 0.0042401 secs]
286.835: Total time for which application threads were stopped: 0.0044016 seconds, Stopping threads took: 0.0000198 seconds
286.901: [GC (Allocation Failure)  631978K->316396K(1035264K), 0.0043022 secs]
286.906: Total time for which application threads were stopped: 0.0044854 seconds, Stopping threads took: 0.0000201 seconds
286.976: [GC (Allocation Failure)  638956K->316396K(1030144K), 0.0042413 secs]
286.980: Total time for which application threads were stopped: 0.0044200 seconds, Stopping threads took: 0.0000201 seconds
287.048: [GC (Allocation Failure)  638956K->316420K(1034752K), 0.0044464 secs]
287.052: Total time for which application threads were stopped: 0.0046268 seconds, Stopping threads took: 0.0000195 seconds
287.120: [GC (Allocation Failure)  637956K->324423K(1034752K), 0.0041065 secs]
287.124: Total time for which application threads were stopped: 0.0042722 seconds, Stopping threads took: 0.0000198 seconds
287.191: [GC (Allocation Failure)  645959K->324359K(1033728K), 0.0040160 secs]
287.196: Total time for which application threads were stopped: 0.0042101 seconds, Stopping threads took: 0.0000196 seconds
287.265: [GC (Allocation Failure)  644871K->324647K(1034240K), 0.0042580 secs]
287.269: Total time for which application threads were stopped: 0.0044054 seconds, Stopping threads took: 0.0000164 seconds
287.336: [GC (Allocation Failure)  645159K->332457K(1034240K), 0.0044526 secs]
287.341: Total time for which application threads were stopped: 0.0046141 seconds, Stopping threads took: 0.0000192 seconds
287.409: [GC (Allocation Failure)  652969K->332457K(1034240K), 0.0043010 secs]
287.414: Total time for which application threads were stopped: 0.0044640 seconds, Stopping threads took: 0.0000204 seconds
287.480: [GC (Allocation Failure)  652969K->332865K(1034240K), 0.0040694 secs]
287.484: Total time for which application threads were stopped: 0.0042384 seconds, Stopping threads took: 0.0000256 seconds
287.552: [GC (Allocation Failure)  653377K->340483K(1028096K), 0.0046505 secs]
287.557: Total time for which application threads were stopped: 0.0048260 seconds, Stopping threads took: 0.0000189 seconds
287.627: [GC (Allocation Failure)  660995K->340451K(1033728K), 0.0044358 secs]
287.631: Total time for which application threads were stopped: 0.0046048 seconds, Stopping threads took: 0.0000201 seconds
287.698: [GC (Allocation Failure)  659939K->340587K(1033728K), 0.0044315 secs]
287.702: Total time for which application threads were stopped: 0.0046091 seconds, Stopping threads took: 0.0000282 seconds
287.769: [GC (Allocation Failure)  660075K->348525K(1033728K), 0.0042138 secs]
287.773: Total time for which application threads were stopped: 0.0044069 seconds, Stopping threads took: 0.0000250 seconds
287.840: [GC (Allocation Failure)  668013K->348493K(1033728K), 0.0043493 secs]
287.844: Total time for which application threads were stopped: 0.0045320 seconds, Stopping threads took: 0.0000198 seconds
287.911: [GC (Allocation Failure)  667981K->348557K(1033728K), 0.0043300 secs]
287.915: Total time for which application threads were stopped: 0.0045015 seconds, Stopping threads took: 0.0000199 seconds
287.983: [GC (Allocation Failure)  668045K->356528K(1027072K), 0.0044914 secs]
287.987: Total time for which application threads were stopped: 0.0046550 seconds, Stopping threads took: 0.0000200 seconds
288.052: [GC (Allocation Failure)  676015K->352621K(1034240K), 0.0033682 secs]
288.055: Total time for which application threads were stopped: 0.0035407 seconds, Stopping threads took: 0.0000192 seconds
288.125: [GC (Allocation Failure)  672109K->356688K(1033216K), 0.0044763 secs]
288.129: Total time for which application threads were stopped: 0.0046705 seconds, Stopping threads took: 0.0000200 seconds
288.199: [GC (Allocation Failure)  676176K->360656K(1034752K), 0.0042764 secs]
288.203: Total time for which application threads were stopped: 0.0044448 seconds, Stopping threads took: 0.0000168 seconds
288.270: [GC (Allocation Failure)  682192K->353869K(1034752K), 0.0017365 secs]
288.272: Total time for which application threads were stopped: 0.0018769 seconds, Stopping threads took: 0.0000198 seconds
288.341: [GC (Allocation Failure)  675405K->360728K(1034752K), 0.0042233 secs]
288.345: Total time for which application threads were stopped: 0.0044009 seconds, Stopping threads took: 0.0000273 seconds
288.411: [GC (Allocation Failure)  682264K->364808K(1034752K), 0.0050832 secs]
288.416: Total time for which application threads were stopped: 0.0052474 seconds, Stopping threads took: 0.0000206 seconds
288.482: [GC (Allocation Failure)  686344K->359269K(1034752K), 0.0064266 secs]
288.489: Total time for which application threads were stopped: 0.0065807 seconds, Stopping threads took: 0.0000256 seconds
288.557: [GC (Allocation Failure)  680805K->365072K(1034752K), 0.0044364 secs]
288.562: Total time for which application threads were stopped: 0.0046070 seconds, Stopping threads took: 0.0000275 seconds
288.630: [GC (Allocation Failure)  686608K->368944K(1034752K), 0.0045402 secs]
288.635: Total time for which application threads were stopped: 0.0047030 seconds, Stopping threads took: 0.0000195 seconds
288.702: [GC (Allocation Failure)  691432K->365069K(1035264K), 0.0030528 secs]
288.705: Total time for which application threads were stopped: 0.0032107 seconds, Stopping threads took: 0.0000195 seconds
288.775: [GC (Allocation Failure)  687629K->369096K(1036288K), 0.0045452 secs]
288.779: Total time for which application threads were stopped: 0.0047098 seconds, Stopping threads took: 0.0000196 seconds
288.847: [GC (Allocation Failure)  693192K->373064K(1035776K), 0.0041683 secs]
288.851: Total time for which application threads were stopped: 0.0043397 seconds, Stopping threads took: 0.0000204 seconds
288.919: [GC (Allocation Failure)  697160K->373064K(1035776K), 0.0043362 secs]
288.924: Total time for which application threads were stopped: 0.0045064 seconds, Stopping threads took: 0.0000196 seconds
288.991: [GC (Allocation Failure)  696648K->373128K(1023488K), 0.0042211 secs]
288.996: Total time for which application threads were stopped: 0.0043777 seconds, Stopping threads took: 0.0000249 seconds
289.062: [GC (Allocation Failure)  696712K->381130K(1035264K), 0.0044229 secs]
289.066: Total time for which application threads were stopped: 0.0045831 seconds, Stopping threads took: 0.0000194 seconds
289.134: [GC (Allocation Failure)  703690K->381098K(1030144K), 0.0042768 secs]
289.138: Total time for which application threads were stopped: 0.0044432 seconds, Stopping threads took: 0.0000197 seconds
289.205: [GC (Allocation Failure)  703658K->381162K(1034752K), 0.0042528 secs]
289.210: Total time for which application threads were stopped: 0.0044197 seconds, Stopping threads took: 0.0000190 seconds
289.277: [GC (Allocation Failure)  702698K->389100K(1034752K), 0.0044596 secs]
289.281: Total time for which application threads were stopped: 0.0046288 seconds, Stopping threads took: 0.0000193 seconds
289.350: [GC (Allocation Failure)  710636K->389132K(1033728K), 0.0041421 secs]
289.355: Total time for which application threads were stopped: 0.0043146 seconds, Stopping threads took: 0.0000197 seconds
289.423: [GC (Allocation Failure)  709644K->389388K(1034240K), 0.0042798 secs]
289.427: Total time for which application threads were stopped: 0.0044500 seconds, Stopping threads took: 0.0000196 seconds
289.495: [GC (Allocation Failure)  709900K->397166K(1034240K), 0.0042930 secs]
289.500: Total time for which application threads were stopped: 0.0044732 seconds, Stopping threads took: 0.0000271 seconds
289.568: [GC (Allocation Failure)  717678K->397166K(1034240K), 0.0043962 secs]
289.572: Total time for which application threads were stopped: 0.0045751 seconds, Stopping threads took: 0.0000277 seconds
289.640: [GC (Allocation Failure)  717678K->397606K(1034240K), 0.0045603 secs]
289.645: Total time for which application threads were stopped: 0.0047332 seconds, Stopping threads took: 0.0000195 seconds
289.712: [GC (Allocation Failure)  718118K->405225K(1028096K), 0.0044519 secs]
289.717: Total time for which application threads were stopped: 0.0046353 seconds, Stopping threads took: 0.0000201 seconds
289.785: [GC (Allocation Failure)  725737K->405161K(1033728K), 0.0044355 secs]
289.789: Total time for which application threads were stopped: 0.0046076 seconds, Stopping threads took: 0.0000211 seconds
289.854: [GC (Allocation Failure)  724649K->405321K(1033728K), 0.0044341 secs]
289.859: Total time for which application threads were stopped: 0.0046112 seconds, Stopping threads took: 0.0000192 seconds
289.926: [GC (Allocation Failure)  724809K->413227K(1033728K), 0.0041858 secs]
289.931: Total time for which application threads were stopped: 0.0043811 seconds, Stopping threads took: 0.0000198 seconds
290.000: [GC (Allocation Failure)  732715K->413227K(1033728K), 0.0042911 secs]
290.004: Total time for which application threads were stopped: 0.0044763 seconds, Stopping threads took: 0.0000278 seconds
290.070: [GC (Allocation Failure)  732715K->413283K(1033728K), 0.0046591 secs]
290.075: Total time for which application threads were stopped: 0.0048276 seconds, Stopping threads took: 0.0000193 seconds
290.140: [GC (Allocation Failure)  732771K->421253K(1027072K), 0.0045574 secs]
290.144: Total time for which application threads were stopped: 0.0047199 seconds, Stopping threads took: 0.0000201 seconds
290.209: [GC (Allocation Failure)  740741K->417379K(1034240K), 0.0033240 secs]
290.212: Total time for which application threads were stopped: 0.0035231 seconds, Stopping threads took: 0.0000215 seconds
290.279: [GC (Allocation Failure)  736867K->421381K(1033216K), 0.0046115 secs]
290.284: Total time for which application threads were stopped: 0.0047942 seconds, Stopping threads took: 0.0000218 seconds
290.352: [GC (Allocation Failure)  740869K->425349K(1034752K), 0.0042397 secs]
290.357: Total time for which application threads were stopped: 0.0043970 seconds, Stopping threads took: 0.0000164 seconds
290.423: [GC (Allocation Failure)  746885K->418595K(1034752K), 0.0066465 secs]
290.430: Total time for which application threads were stopped: 0.0067858 seconds, Stopping threads took: 0.0000201 seconds
290.498: [GC (Allocation Failure)  740131K->425485K(1034752K), 0.0043050 secs]
290.502: Total time for which application threads were stopped: 0.0044945 seconds, Stopping threads took: 0.0000260 seconds
290.570: [GC (Allocation Failure)  747021K->429533K(1034752K), 0.0053754 secs]
290.576: Total time for which application threads were stopped: 0.0055566 seconds, Stopping threads took: 0.0000164 seconds
290.643: [GC (Allocation Failure)  751069K->423995K(1034752K), 0.0023674 secs]
290.645: Total time for which application threads were stopped: 0.0025302 seconds, Stopping threads took: 0.0000195 seconds
290.714: [GC (Allocation Failure)  745531K->429805K(1034752K), 0.0045276 secs]
290.719: Total time for which application threads were stopped: 0.0046995 seconds, Stopping threads took: 0.0000197 seconds
290.786: [GC (Allocation Failure)  751341K->433677K(1034752K), 0.0047700 secs]
290.791: Total time for which application threads were stopped: 0.0049614 seconds, Stopping threads took: 0.0000270 seconds
290.859: [GC (Allocation Failure)  756165K->429771K(1035264K), 0.0033276 secs]
290.863: Total time for which application threads were stopped: 0.0034978 seconds, Stopping threads took: 0.0000199 seconds
290.931: [GC (Allocation Failure)  752331K->433837K(1036288K), 0.0044537 secs]
290.936: Total time for which application threads were stopped: 0.0046144 seconds, Stopping threads took: 0.0000191 seconds
291.004: [GC (Allocation Failure)  757933K->437805K(1035776K), 0.0042753 secs]
291.008: Total time for which application threads were stopped: 0.0044463 seconds, Stopping threads took: 0.0000257 seconds
291.079: [GC (Allocation Failure)  761901K->437837K(1035776K), 0.0043688 secs]
291.083: Total time for which application threads were stopped: 0.0045277 seconds, Stopping threads took: 0.0000194 seconds
291.150: [GC (Allocation Failure)  761421K->437869K(1023488K), 0.0043821 secs]
291.155: Total time for which application threads were stopped: 0.0045424 seconds, Stopping threads took: 0.0000192 seconds
291.221: [GC (Allocation Failure)  761453K->445903K(1035264K), 0.0045279 secs]
291.226: Total time for which application threads were stopped: 0.0046962 seconds, Stopping threads took: 0.0000195 seconds
291.293: [GC (Allocation Failure)  768463K->445839K(1030144K), 0.0042791 secs]
291.297: Total time for which application threads were stopped: 0.0044418 seconds, Stopping threads took: 0.0000193 seconds
291.364: [GC (Allocation Failure)  768399K->445895K(1034752K), 0.0044368 secs]
291.369: Total time for which application threads were stopped: 0.0046020 seconds, Stopping threads took: 0.0000197 seconds
291.436: [GC (Allocation Failure)  767431K->453866K(1029120K), 0.0046833 secs]
291.441: Total time for which application threads were stopped: 0.0048766 seconds, Stopping threads took: 0.0000188 seconds
291.510: [GC (Allocation Failure)  775402K->453866K(1034240K), 0.0042261 secs]
291.515: Total time for which application threads were stopped: 0.0044077 seconds, Stopping threads took: 0.0000167 seconds
291.583: [GC (Allocation Failure)  774378K->454058K(1034240K), 0.0059838 secs]
291.590: Total time for which application threads were stopped: 0.0061716 seconds, Stopping threads took: 0.0000151 seconds
291.659: [GC (Allocation Failure)  774570K->461932K(1034240K), 0.0043817 secs]
291.664: Total time for which application threads were stopped: 0.0045490 seconds, Stopping threads took: 0.0000187 seconds
291.731: [GC (Allocation Failure)  782444K->461932K(1028096K), 0.0045960 secs]
291.736: Total time for which application threads were stopped: 0.0047745 seconds, Stopping threads took: 0.0000195 seconds
291.802: [GC (Allocation Failure)  782444K->462348K(1033728K), 0.0045457 secs]
291.807: Total time for which application threads were stopped: 0.0047145 seconds, Stopping threads took: 0.0000192 seconds
291.874: [GC (Allocation Failure)  781836K->469966K(1033728K), 0.0046283 secs]
291.879: Total time for which application threads were stopped: 0.0047901 seconds, Stopping threads took: 0.0000196 seconds
291.946: [GC (Allocation Failure)  789454K->469934K(1033728K), 0.0043763 secs]
291.951: Total time for which application threads were stopped: 0.0045682 seconds, Stopping threads took: 0.0000191 seconds
292.016: [GC (Allocation Failure)  789422K->470054K(1033728K), 0.0044239 secs]
292.020: Total time for which application threads were stopped: 0.0045805 seconds, Stopping threads took: 0.0000280 seconds
292.087: [GC (Allocation Failure)  789542K->477992K(1033728K), 0.0044735 secs]
292.092: Total time for which application threads were stopped: 0.0046286 seconds, Stopping threads took: 0.0000162 seconds
292.159: [GC (Allocation Failure)  797480K->477928K(1033728K), 0.0045642 secs]
292.163: Total time for which application threads were stopped: 0.0047225 seconds, Stopping threads took: 0.0000195 seconds
292.231: [GC (Allocation Failure)  797416K->478024K(1033728K), 0.0045060 secs]
292.236: Total time for which application threads were stopped: 0.0046896 seconds, Stopping threads took: 0.0000193 seconds
292.303: [GC (Allocation Failure)  797512K->485995K(1027072K), 0.0046528 secs]
292.308: Total time for which application threads were stopped: 0.0048244 seconds, Stopping threads took: 0.0000200 seconds
292.373: [GC (Allocation Failure)  805482K->482120K(1034240K), 0.0035148 secs]
292.376: Total time for which application threads were stopped: 0.0036925 seconds, Stopping threads took: 0.0000198 seconds
292.444: [GC (Allocation Failure)  801608K->486155K(1033216K), 0.0046465 secs]
292.449: Total time for which application threads were stopped: 0.0048260 seconds, Stopping threads took: 0.0000194 seconds
292.516: [GC (Allocation Failure)  805643K->490123K(1034752K), 0.0065094 secs]
292.523: Total time for which application threads were stopped: 0.0066700 seconds, Stopping threads took: 0.0000270 seconds
292.590: [GC (Allocation Failure)  811659K->483336K(1034752K), 0.0022154 secs]
292.592: Total time for which application threads were stopped: 0.0023629 seconds, Stopping threads took: 0.0000256 seconds
292.660: [GC (Allocation Failure)  804872K->490187K(1034752K), 0.0043240 secs]
292.665: Total time for which application threads were stopped: 0.0044835 seconds, Stopping threads took: 0.0000191 seconds
292.731: [GC (Allocation Failure)  811723K->494299K(1034752K), 0.0055363 secs]
292.736: Total time for which application threads were stopped: 0.0057063 seconds, Stopping threads took: 0.0000193 seconds
292.802: [GC (Allocation Failure)  815835K->488728K(1034752K), 0.0027018 secs]
292.805: Total time for which application threads were stopped: 0.0028556 seconds, Stopping threads took: 0.0000201 seconds
292.872: [GC (Allocation Failure)  810264K->494571K(1034752K), 0.0047188 secs]
292.877: Total time for which application threads were stopped: 0.0049107 seconds, Stopping threads took: 0.0000207 seconds
292.944: [GC (Allocation Failure)  816107K->498411K(1035264K), 0.0047161 secs]
292.949: Total time for which application threads were stopped: 0.0049129 seconds, Stopping threads took: 0.0000203 seconds
293.018: [GC (Allocation Failure)  820899K->494504K(1035264K), 0.0032795 secs]
293.021: Total time for which application threads were stopped: 0.0034482 seconds, Stopping threads took: 0.0000169 seconds
293.091: [GC (Allocation Failure)  817064K->498571K(1036288K), 0.0045979 secs]
293.095: Total time for which application threads were stopped: 0.0047659 seconds, Stopping threads took: 0.0000189 seconds
293.163: [GC (Allocation Failure)  822667K->502571K(1035776K), 0.0046341 secs]
293.167: Total time for which application threads were stopped: 0.0048007 seconds, Stopping threads took: 0.0000198 seconds
293.236: [GC (Allocation Failure)  826667K->502571K(1035776K), 0.0044078 secs]
293.240: Total time for which application threads were stopped: 0.0045651 seconds, Stopping threads took: 0.0000195 seconds
293.307: [GC (Allocation Failure)  826155K->502603K(1023488K), 0.0053793 secs]
293.313: Total time for which application threads were stopped: 0.0055489 seconds, Stopping threads took: 0.0000197 seconds
293.379: [GC (Allocation Failure)  826187K->510605K(1035264K), 0.0047342 secs]
293.384: Total time for which application threads were stopped: 0.0049144 seconds, Stopping threads took: 0.0000220 seconds
293.451: [GC (Allocation Failure)  833165K->510605K(1030144K), 0.0045331 secs]
293.456: Total time for which application threads were stopped: 0.0047016 seconds, Stopping threads took: 0.0000192 seconds
293.523: [GC (Allocation Failure)  833165K->510637K(1034752K), 0.0045437 secs]
293.528: Total time for which application threads were stopped: 0.0047158 seconds, Stopping threads took: 0.0000193 seconds
293.597: [GC (Allocation Failure)  832173K->518607K(1029120K), 0.0054554 secs]
293.603: Total time for which application threads were stopped: 0.0056165 seconds, Stopping threads took: 0.0000275 seconds
293.671: [GC (Allocation Failure)  840143K->518575K(1034240K), 0.0043190 secs]
293.675: Total time for which application threads were stopped: 0.0044778 seconds, Stopping threads took: 0.0000190 seconds
293.743: [GC (Allocation Failure)  839087K->518855K(1034240K), 0.0046742 secs]
293.748: Total time for which application threads were stopped: 0.0048490 seconds, Stopping threads took: 0.0000204 seconds
293.816: [GC (Allocation Failure)  839367K->526634K(1034240K), 0.0045955 secs]
293.821: Total time for which application threads were stopped: 0.0047818 seconds, Stopping threads took: 0.0000199 seconds
293.889: [GC (Allocation Failure)  847146K->526634K(1034240K), 0.0045522 secs]
293.893: Total time for which application threads were stopped: 0.0047185 seconds, Stopping threads took: 0.0000198 seconds
293.960: [GC (Allocation Failure)  847146K->527082K(1033216K), 0.0045542 secs]
293.965: Total time for which application threads were stopped: 0.0047514 seconds, Stopping threads took: 0.0000206 seconds
294.035: [GC (Allocation Failure)  846570K->534668K(1033728K), 0.0044434 secs]
294.039: Total time for which application threads were stopped: 0.0046085 seconds, Stopping threads took: 0.0000173 seconds
294.108: [GC (Allocation Failure)  854156K->534668K(1033728K), 0.0044697 secs]
294.113: Total time for which application threads were stopped: 0.0046290 seconds, Stopping threads took: 0.0000190 seconds
294.177: [GC (Allocation Failure)  854156K->534796K(1033728K), 0.0047181 secs]
294.182: Total time for which application threads were stopped: 0.0048757 seconds, Stopping threads took: 0.0000188 seconds
294.249: [GC (Allocation Failure)  854284K->542702K(1033728K), 0.0046550 secs]
294.254: Total time for which application threads were stopped: 0.0048140 seconds, Stopping threads took: 0.0000190 seconds
294.321: [GC (Allocation Failure)  862190K->542702K(1033728K), 0.0046193 secs]
294.325: Total time for which application threads were stopped: 0.0047872 seconds, Stopping threads took: 0.0000192 seconds
294.392: [GC (Allocation Failure)  862190K->542766K(1033728K), 0.0046286 secs]
294.397: Total time for which application threads were stopped: 0.0047927 seconds, Stopping threads took: 0.0000266 seconds
294.463: [GC (Allocation Failure)  862254K->550704K(1027072K), 0.0048741 secs]
294.468: Total time for which application threads were stopped: 0.0050545 seconds, Stopping threads took: 0.0000191 seconds
294.533: [GC (Allocation Failure)  870192K->546830K(1034240K), 0.0037061 secs]
294.537: Total time for which application threads were stopped: 0.0038780 seconds, Stopping threads took: 0.0000272 seconds
294.605: [GC (Allocation Failure)  866318K->550824K(1033216K), 0.0060928 secs]
294.611: Total time for which application threads were stopped: 0.0062555 seconds, Stopping threads took: 0.0000246 seconds
294.679: [GC (Allocation Failure)  870312K->554856K(1034752K), 0.0044910 secs]
294.684: Total time for which application threads were stopped: 0.0046517 seconds, Stopping threads took: 0.0000195 seconds
294.750: [GC (Allocation Failure)  876392K->548070K(1034752K), 0.0021260 secs]
294.752: Total time for which application threads were stopped: 0.0022783 seconds, Stopping threads took: 0.0000191 seconds
294.821: [GC (Allocation Failure)  869606K->554920K(1034752K), 0.0046466 secs]
294.826: Total time for which application threads were stopped: 0.0047962 seconds, Stopping threads took: 0.0000166 seconds
294.891: [GC (Allocation Failure)  876456K->559032K(1034752K), 0.0056846 secs]
294.897: Total time for which application threads were stopped: 0.0058706 seconds, Stopping threads took: 0.0000286 seconds
294.962: [GC (Allocation Failure)  880568K->553430K(1034752K), 0.0028162 secs]
294.965: Total time for which application threads were stopped: 0.0029765 seconds, Stopping threads took: 0.0000194 seconds
295.034: [GC (Allocation Failure)  874966K->559304K(1034752K), 0.0045715 secs]
295.039: Total time for which application threads were stopped: 0.0047297 seconds, Stopping threads took: 0.0000172 seconds
295.106: [GC (Allocation Failure)  880840K->563176K(1035264K), 0.0049556 secs]
295.111: Total time for which application threads were stopped: 0.0051279 seconds, Stopping threads took: 0.0000198 seconds
295.178: [GC (Allocation Failure)  885665K->559206K(1035264K), 0.0034119 secs]
295.182: Total time for which application threads were stopped: 0.0035826 seconds, Stopping threads took: 0.0000205 seconds
295.250: [GC (Allocation Failure)  881766K->563304K(1036288K), 0.0048332 secs]
295.255: Total time for which application threads were stopped: 0.0050043 seconds, Stopping threads took: 0.0000195 seconds
295.323: [GC (Allocation Failure)  887400K->567272K(1035776K), 0.0045791 secs]
295.327: Total time for which application threads were stopped: 0.0047531 seconds, Stopping threads took: 0.0000203 seconds
295.397: [GC (Allocation Failure)  891368K->567272K(1035776K), 0.0045011 secs]
295.402: Total time for which application threads were stopped: 0.0046688 seconds, Stopping threads took: 0.0000163 seconds
295.470: [GC (Allocation Failure)  890856K->567336K(1023488K), 0.0047526 secs]
295.475: Total time for which application threads were stopped: 0.0049449 seconds, Stopping threads took: 0.0000194 seconds
295.542: [GC (Allocation Failure)  890920K->575307K(1035264K), 0.0047374 secs]
295.547: Total time for which application threads were stopped: 0.0049038 seconds, Stopping threads took: 0.0000195 seconds
295.616: [GC (Allocation Failure)  897867K->575307K(1030144K), 0.0044843 secs]
295.621: Total time for which application threads were stopped: 0.0046668 seconds, Stopping threads took: 0.0000186 seconds
295.689: [GC (Allocation Failure)  897867K->575363K(1034752K), 0.0049430 secs]
295.694: Total time for which application threads were stopped: 0.0051039 seconds, Stopping threads took: 0.0000201 seconds
295.761: [GC (Allocation Failure)  896899K->583365K(1029120K), 0.0048669 secs]
295.766: Total time for which application threads were stopped: 0.0050248 seconds, Stopping threads took: 0.0000192 seconds
295.833: [GC (Allocation Failure)  904901K->583301K(1034240K), 0.0045931 secs]
295.838: Total time for which application threads were stopped: 0.0047596 seconds, Stopping threads took: 0.0000189 seconds
295.905: [GC (Allocation Failure)  903813K->583597K(1034240K), 0.0047874 secs]
295.910: Total time for which application threads were stopped: 0.0049483 seconds, Stopping threads took: 0.0000193 seconds
295.977: [GC (Allocation Failure)  904109K->591407K(1034240K), 0.0046226 secs]
295.982: Total time for which application threads were stopped: 0.0047827 seconds, Stopping threads took: 0.0000189 seconds
296.051: [GC (Allocation Failure)  911919K->591407K(1034240K), 0.0047251 secs]
296.055: Total time for which application threads were stopped: 0.0048931 seconds, Stopping threads took: 0.0000273 seconds
296.122: [GC (Allocation Failure)  911919K->591815K(1033216K), 0.0046921 secs]
296.127: Total time for which application threads were stopped: 0.0048586 seconds, Stopping threads took: 0.0000194 seconds
296.194: [GC (Allocation Failure)  911303K->599401K(1033728K), 0.0048493 secs]
296.199: Total time for which application threads were stopped: 0.0050298 seconds, Stopping threads took: 0.0000193 seconds
296.268: [GC (Allocation Failure)  918889K->599369K(1033728K), 0.0046236 secs]
296.273: Total time for which application threads were stopped: 0.0047926 seconds, Stopping threads took: 0.0000198 seconds
296.338: [GC (Allocation Failure)  918857K->599529K(1033728K), 0.0048389 secs]
296.343: Total time for which application threads were stopped: 0.0050124 seconds, Stopping threads took: 0.0000197 seconds
296.412: [GC (Allocation Failure)  919017K->607468K(1033728K), 0.0047710 secs]
296.417: Total time for which application threads were stopped: 0.0049412 seconds, Stopping threads took: 0.0000199 seconds
296.484: [GC (Allocation Failure)  926956K->607436K(1033728K), 0.0047916 secs]
296.489: Total time for which application threads were stopped: 0.0049524 seconds, Stopping threads took: 0.0000200 seconds
296.555: [GC (Allocation Failure)  926924K->607500K(1033728K), 0.0049872 secs]
296.561: Total time for which application threads were stopped: 0.0051571 seconds, Stopping threads took: 0.0000196 seconds
296.629: [GC (Allocation Failure)  926988K->615470K(1027072K), 0.0047497 secs]
296.633: Total time for which application threads were stopped: 0.0049001 seconds, Stopping threads took: 0.0000174 seconds
296.698: [GC (Allocation Failure)  934957K->611564K(1034240K), 0.0038920 secs]
296.702: Total time for which application threads were stopped: 0.0040809 seconds, Stopping threads took: 0.0000192 seconds
296.772: [GC (Allocation Failure)  931052K->615630K(1033216K), 0.0048015 secs]
296.777: Total time for which application threads were stopped: 0.0049967 seconds, Stopping threads took: 0.0000200 seconds
296.846: [GC (Allocation Failure)  935118K->619566K(1034752K), 0.0048738 secs]
296.851: Total time for which application threads were stopped: 0.0050447 seconds, Stopping threads took: 0.0000190 seconds
296.918: [GC (Allocation Failure)  941102K->612812K(1034752K), 0.0023048 secs]
296.921: Total time for which application threads were stopped: 0.0024492 seconds, Stopping threads took: 0.0000169 seconds
296.990: [GC (Allocation Failure)  934348K->619702K(1034752K), 0.0059913 secs]
296.996: Total time for which application threads were stopped: 0.0061511 seconds, Stopping threads took: 0.0000259 seconds
297.062: [GC (Allocation Failure)  941238K->623750K(1034752K), 0.0058012 secs]
297.068: Total time for which application threads were stopped: 0.0059738 seconds, Stopping threads took: 0.0000206 seconds
297.134: [GC (Allocation Failure)  945286K->618180K(1034752K), 0.0036585 secs]
297.138: Total time for which application threads were stopped: 0.0038075 seconds, Stopping threads took: 0.0000195 seconds
297.207: [GC (Allocation Failure)  939716K->624022K(1034752K), 0.0049587 secs]
297.212: Total time for which application threads were stopped: 0.0051269 seconds, Stopping threads took: 0.0000193 seconds
297.279: [GC (Allocation Failure)  945558K->627894K(1034752K), 0.0050235 secs]
297.284: Total time for which application threads were stopped: 0.0052272 seconds, Stopping threads took: 0.0000197 seconds
297.352: [GC (Allocation Failure)  950382K->623988K(1035264K), 0.0036325 secs]
297.355: Total time for which application threads were stopped: 0.0037927 seconds, Stopping threads took: 0.0000196 seconds
297.425: [GC (Allocation Failure)  946548K->628046K(1036288K), 0.0048708 secs]
297.430: Total time for which application threads were stopped: 0.0050397 seconds, Stopping threads took: 0.0000193 seconds
297.499: [GC (Allocation Failure)  952142K->632014K(1035776K), 0.0045777 secs]
297.504: Total time for which application threads were stopped: 0.0047364 seconds, Stopping threads took: 0.0000259 seconds
297.574: [GC (Allocation Failure)  956110K->632046K(1035776K), 0.0046836 secs]
297.579: Total time for which application threads were stopped: 0.0048484 seconds, Stopping threads took: 0.0000263 seconds
297.648: [GC (Allocation Failure)  955630K->632070K(1023488K), 0.0049549 secs]
297.653: Total time for which application threads were stopped: 0.0051304 seconds, Stopping threads took: 0.0000192 seconds
297.720: [GC (Allocation Failure)  955654K->640040K(1035264K), 0.0047586 secs]
297.725: Total time for which application threads were stopped: 0.0049602 seconds, Stopping threads took: 0.0000214 seconds
297.793: [GC (Allocation Failure)  962600K->640008K(1030144K), 0.0047190 secs]
297.797: Total time for which application threads were stopped: 0.0048829 seconds, Stopping threads took: 0.0000195 seconds
297.865: [GC (Allocation Failure)  962568K->640104K(1034752K), 0.0048398 secs]
297.870: Total time for which application threads were stopped: 0.0050013 seconds, Stopping threads took: 0.0000198 seconds
297.937: [GC (Allocation Failure)  961640K->648074K(1034752K), 0.0058407 secs]
297.943: Total time for which application threads were stopped: 0.0060161 seconds, Stopping threads took: 0.0000196 seconds
298.013: [GC (Allocation Failure)  969610K->648074K(1033728K), 0.0046500 secs]
298.018: Total time for which application threads were stopped: 0.0048181 seconds, Stopping threads took: 0.0000194 seconds
298.085: [GC (Allocation Failure)  968586K->648322K(1034240K), 0.0050167 secs]
298.090: Total time for which application threads were stopped: 0.0051876 seconds, Stopping threads took: 0.0000198 seconds
298.158: [GC (Allocation Failure)  968834K->656133K(1034240K), 0.0047096 secs]
298.163: Total time for which application threads were stopped: 0.0049035 seconds, Stopping threads took: 0.0000192 seconds
298.232: [GC (Allocation Failure)  976645K->656133K(1034240K), 0.0049078 secs]
298.237: Total time for which application threads were stopped: 0.0050865 seconds, Stopping threads took: 0.0000162 seconds
298.305: [GC (Allocation Failure)  976645K->656549K(1033216K), 0.0050284 secs]
298.310: Total time for which application threads were stopped: 0.0051898 seconds, Stopping threads took: 0.0000195 seconds
298.377: [GC (Allocation Failure)  976037K->664167K(1033728K), 0.0061560 secs]
298.384: Total time for which application threads were stopped: 0.0063159 seconds, Stopping threads took: 0.0000192 seconds
298.451: [GC (Allocation Failure)  983655K->664135K(1033728K), 0.0047278 secs]
298.456: Total time for which application threads were stopped: 0.0049201 seconds, Stopping threads took: 0.0000194 seconds
298.523: [GC (Allocation Failure)  983623K->664263K(1033728K), 0.0049439 secs]
298.528: Total time for which application threads were stopped: 0.0051106 seconds, Stopping threads took: 0.0000254 seconds
298.596: [GC (Allocation Failure)  983751K->672201K(1033728K), 0.0056597 secs]
298.602: Total time for which application threads were stopped: 0.0058234 seconds, Stopping threads took: 0.0000250 seconds
298.670: [GC (Allocation Failure)  991689K->672201K(1033728K), 0.0049579 secs]
298.675: Total time for which application threads were stopped: 0.0051178 seconds, Stopping threads took: 0.0000197 seconds
298.742: [GC (Allocation Failure)  991689K->672233K(1033728K), 0.0049020 secs]
298.747: Total time for which application threads were stopped: 0.0051026 seconds, Stopping threads took: 0.0000201 seconds
298.814: [GC (Allocation Failure)  991721K->680204K(1027072K), 0.0050431 secs]
298.820: Total time for which application threads were stopped: 0.0052309 seconds, Stopping threads took: 0.0000170 seconds
298.885: [GC (Allocation Failure)  999691K->676265K(1034240K), 0.0040817 secs]
298.890: Total time for which application threads were stopped: 0.0042482 seconds, Stopping threads took: 0.0000197 seconds
298.957: [GC (Allocation Failure)  995753K->680364K(1033216K), 0.0050626 secs]
298.962: Total time for which application threads were stopped: 0.0052308 seconds, Stopping threads took: 0.0000196 seconds
299.029: [GC (Allocation Failure)  999852K->684332K(1034752K), 0.0049259 secs]
299.034: Total time for which application threads were stopped: 0.0050917 seconds, Stopping threads took: 0.0000195 seconds
299.100: [GC (Allocation Failure)  1005868K->677545K(1034752K), 0.0023877 secs]
299.103: Total time for which application threads were stopped: 0.0025434 seconds, Stopping threads took: 0.0000195 seconds
299.170: [GC (Allocation Failure)  999081K->684436K(1034752K), 0.0049935 secs]
299.175: Total time for which application threads were stopped: 0.0051552 seconds, Stopping threads took: 0.0000192 seconds
299.241: [GC (Allocation Failure)  1005972K->688484K(1034752K), 0.0059006 secs]
299.247: Total time for which application threads were stopped: 0.0060941 seconds, Stopping threads took: 0.0000193 seconds
299.312: [GC (Allocation Failure)  1010020K->682913K(1034752K), 0.0038764 secs]
299.316: Total time for which application threads were stopped: 0.0040299 seconds, Stopping threads took: 0.0000196 seconds
299.385: [GC (Allocation Failure)  1004449K->688756K(1034752K), 0.0050715 secs]
299.390: Total time for which application threads were stopped: 0.0052562 seconds, Stopping threads took: 0.0000196 seconds
299.457: [GC (Allocation Failure)  1010292K->692628K(1035264K), 0.0052151 secs]
299.463: Total time for which application threads were stopped: 0.0053839 seconds, Stopping threads took: 0.0000209 seconds
299.530: [GC (Allocation Failure)  1015116K->688753K(1035264K), 0.0038359 secs]
299.534: Total time for which application threads were stopped: 0.0040044 seconds, Stopping threads took: 0.0000280 seconds
299.604: [GC (Allocation Failure)  1011313K->692756K(1036288K), 0.0062390 secs]
299.610: Total time for which application threads were stopped: 0.0064018 seconds, Stopping threads took: 0.0000249 seconds
299.678: [GC (Allocation Failure)  1016852K->696788K(1035776K), 0.0049128 secs]
299.683: Total time for which application threads were stopped: 0.0050772 seconds, Stopping threads took: 0.0000203 seconds
299.752: [GC (Allocation Failure)  1020884K->696788K(1035776K), 0.0049781 secs]
299.757: Total time for which application threads were stopped: 0.0051717 seconds, Stopping threads took: 0.0000198 seconds
299.825: [GC (Allocation Failure)  1020372K->696812K(1023488K), 0.0056199 secs]
299.831: [Full GC (Ergonomics)  696812K->8558K(1023488K), 0.0120358 secs]
299.843: Total time for which application threads were stopped: 0.0178976 seconds, Stopping threads took: 0.0000196 seconds
299.909: [GC (Allocation Failure)  332142K->16880K(1034240K), 0.0037890 secs]
299.913: Total time for which application threads were stopped: 0.0039714 seconds, Stopping threads took: 0.0000161 seconds
299.982: [GC (Allocation Failure)  338416K->16848K(1034752K), 0.0034826 secs]
299.986: Total time for which application threads were stopped: 0.0036542 seconds, Stopping threads took: 0.0000188 seconds
300.053: [GC (Allocation Failure)  338384K->16872K(1034752K), 0.0034949 secs]
300.057: Total time for which application threads were stopped: 0.0036634 seconds, Stopping threads took: 0.0000285 seconds
300.126: [GC (Allocation Failure)  338408K->24875K(1029120K), 0.0036833 secs]
300.130: Total time for which application threads were stopped: 0.0038393 seconds, Stopping threads took: 0.0000189 seconds
300.200: [GC (Allocation Failure)  346411K->24875K(1034240K), 0.0035849 secs]
300.204: Total time for which application threads were stopped: 0.0037512 seconds, Stopping threads took: 0.0000188 seconds
300.271: [GC (Allocation Failure)  345387K->25099K(1034240K), 0.0038406 secs]
300.275: Total time for which application threads were stopped: 0.0040143 seconds, Stopping threads took: 0.0000192 seconds
300.344: [GC (Allocation Failure)  345611K->32941K(1034240K), 0.0038426 secs]
300.348: Total time for which application threads were stopped: 0.0040044 seconds, Stopping threads took: 0.0000189 seconds
300.416: [GC (Allocation Failure)  353453K->32909K(1028096K), 0.0035703 secs]
300.420: Total time for which application threads were stopped: 0.0037357 seconds, Stopping threads took: 0.0000195 seconds
300.487: [GC (Allocation Failure)  353421K->33317K(1033728K), 0.0038084 secs]
300.491: Total time for which application threads were stopped: 0.0039697 seconds, Stopping threads took: 0.0000199 seconds
300.559: [GC (Allocation Failure)  352805K->40935K(1033728K), 0.0037839 secs]
300.563: Total time for which application threads were stopped: 0.0039584 seconds, Stopping threads took: 0.0000197 seconds
300.632: [GC (Allocation Failure)  360423K->40935K(1033728K), 0.0036392 secs]
300.636: Total time for which application threads were stopped: 0.0038042 seconds, Stopping threads took: 0.0000194 seconds
300.701: [GC (Allocation Failure)  360423K->41063K(1033728K), 0.0037871 secs]
300.705: Total time for which application threads were stopped: 0.0039622 seconds, Stopping threads took: 0.0000254 seconds
300.773: [GC (Allocation Failure)  360551K->49002K(1033728K), 0.0037598 secs]
300.777: Total time for which application threads were stopped: 0.0039400 seconds, Stopping threads took: 0.0000196 seconds
300.843: [GC (Allocation Failure)  368488K->45063K(1033728K), 0.0025321 secs]
300.846: Total time for which application threads were stopped: 0.0026942 seconds, Stopping threads took: 0.0000195 seconds
300.913: [GC (Allocation Failure)  364551K->49130K(1034752K), 0.0038921 secs]
300.917: Total time for which application threads were stopped: 0.0040615 seconds, Stopping threads took: 0.0000196 seconds
300.987: [GC (Allocation Failure)  370154K->53098K(1034240K), 0.0036619 secs]
300.990: Total time for which application threads were stopped: 0.0038223 seconds, Stopping threads took: 0.0000192 seconds
301.058: [GC (Allocation Failure)  374122K->47303K(1034752K), 0.0014087 secs]
301.059: Total time for which application threads were stopped: 0.0015535 seconds, Stopping threads took: 0.0000204 seconds
301.128: [GC (Allocation Failure)  368839K->53170K(1034752K), 0.0038124 secs]
301.132: Total time for which application threads were stopped: 0.0040201 seconds, Stopping threads took: 0.0000200 seconds
301.200: [GC (Allocation Failure)  374706K->57282K(1035264K), 0.0041702 secs]
301.204: Total time for which application threads were stopped: 0.0043665 seconds, Stopping threads took: 0.0000192 seconds
301.271: [GC (Allocation Failure)  379580K->53375K(1035264K), 0.0023759 secs]
301.274: Total time for which application threads were stopped: 0.0025320 seconds, Stopping threads took: 0.0000195 seconds
301.341: [GC (Allocation Failure)  375935K->57418K(1036288K), 0.0039361 secs]
301.345: Total time for which application threads were stopped: 0.0041265 seconds, Stopping threads took: 0.0000210 seconds
301.413: [GC (Allocation Failure)  381514K->61418K(1035776K), 0.0036673 secs]
301.417: Total time for which application threads were stopped: 0.0038422 seconds, Stopping threads took: 0.0000186 seconds
301.483: [GC (Allocation Failure)  385514K->61386K(1035776K), 0.0038820 secs]
301.487: Total time for which application threads were stopped: 0.0040550 seconds, Stopping threads took: 0.0000198 seconds
301.555: [GC (Allocation Failure)  384970K->61450K(1023488K), 0.0038106 secs]
301.559: Total time for which application threads were stopped: 0.0039882 seconds, Stopping threads took: 0.0000256 seconds
301.628: [GC (Allocation Failure)  385034K->69452K(1035264K), 0.0038847 secs]
301.632: Total time for which application threads were stopped: 0.0040737 seconds, Stopping threads took: 0.0000184 seconds
301.702: [GC (Allocation Failure)  392012K->69420K(1030144K), 0.0036323 secs]
301.706: Total time for which application threads were stopped: 0.0037938 seconds, Stopping threads took: 0.0000195 seconds
301.773: [GC (Allocation Failure)  391980K->69476K(1034752K), 0.0038720 secs]
301.777: Total time for which application threads were stopped: 0.0040641 seconds, Stopping threads took: 0.0000193 seconds
301.847: [GC (Allocation Failure)  391012K->77478K(1029120K), 0.0040042 secs]
301.851: Total time for which application threads were stopped: 0.0041504 seconds, Stopping threads took: 0.0000160 seconds
301.918: [GC (Allocation Failure)  399014K->77414K(1034240K), 0.0035862 secs]
301.922: Total time for which application threads were stopped: 0.0037474 seconds, Stopping threads took: 0.0000191 seconds
301.989: [GC (Allocation Failure)  397926K->77710K(1034240K), 0.0040705 secs]
301.994: Total time for which application threads were stopped: 0.0042392 seconds, Stopping threads took: 0.0000193 seconds
302.061: [GC (Allocation Failure)  398222K->85520K(1034240K), 0.0037292 secs]
302.065: Total time for which application threads were stopped: 0.0039261 seconds, Stopping threads took: 0.0000275 seconds
302.134: [GC (Allocation Failure)  406032K->85488K(1034240K), 0.0038667 secs]
302.138: Total time for which application threads were stopped: 0.0040754 seconds, Stopping threads took: 0.0000191 seconds
302.206: [GC (Allocation Failure)  406000K->85928K(1033216K), 0.0040552 secs]
302.210: Total time for which application threads were stopped: 0.0042338 seconds, Stopping threads took: 0.0000210 seconds
302.277: [GC (Allocation Failure)  405416K->93547K(1033728K), 0.0038767 secs]
302.281: Total time for which application threads were stopped: 0.0040793 seconds, Stopping threads took: 0.0000213 seconds
302.350: [GC (Allocation Failure)  413035K->93515K(1033728K), 0.0036595 secs]
302.354: Total time for which application threads were stopped: 0.0038097 seconds, Stopping threads took: 0.0000168 seconds
302.419: [GC (Allocation Failure)  413003K->93643K(1033728K), 0.0037001 secs]
302.423: Total time for which application threads were stopped: 0.0038950 seconds, Stopping threads took: 0.0000193 seconds
302.492: [GC (Allocation Failure)  413131K->101549K(1033728K), 0.0039937 secs]
302.496: Total time for which application threads were stopped: 0.0041515 seconds, Stopping threads took: 0.0000293 seconds
302.564: [GC (Allocation Failure)  421037K->101549K(1033728K), 0.0038928 secs]
302.568: Total time for which application threads were stopped: 0.0040589 seconds, Stopping threads took: 0.0000191 seconds
302.636: [GC (Allocation Failure)  421037K->101605K(1033728K), 0.0039170 secs]
302.640: Total time for which application threads were stopped: 0.0040861 seconds, Stopping threads took: 0.0000192 seconds
302.707: [GC (Allocation Failure)  421093K->109575K(1027072K), 0.0042647 secs]
302.711: Total time for which application threads were stopped: 0.0044330 seconds, Stopping threads took: 0.0000195 seconds
302.777: [GC (Allocation Failure)  429063K->105669K(1034240K), 0.0028001 secs]
302.780: Total time for which application threads were stopped: 0.0029860 seconds, Stopping threads took: 0.0000201 seconds
302.849: [GC (Allocation Failure)  425157K->109743K(1033216K), 0.0040777 secs]
302.853: Total time for which application threads were stopped: 0.0042373 seconds, Stopping threads took: 0.0000161 seconds
302.920: [GC (Allocation Failure)  429231K->113743K(1034752K), 0.0037469 secs]
302.924: Total time for which application threads were stopped: 0.0039135 seconds, Stopping threads took: 0.0000258 seconds
302.991: [GC (Allocation Failure)  435279K->106957K(1034752K), 0.0013318 secs]
302.992: Total time for which application threads were stopped: 0.0014749 seconds, Stopping threads took: 0.0000203 seconds
303.061: [GC (Allocation Failure)  428493K->113751K(1034752K), 0.0036660 secs]
303.065: Total time for which application threads were stopped: 0.0038278 seconds, Stopping threads took: 0.0000255 seconds
303.131: [GC (Allocation Failure)  435287K->117863K(1034752K), 0.0048526 secs]
303.136: Total time for which application threads were stopped: 0.0050268 seconds, Stopping threads took: 0.0000257 seconds
303.202: [GC (Allocation Failure)  439399K->112325K(1034752K), 0.0017605 secs]
303.204: Total time for which application threads were stopped: 0.0018992 seconds, Stopping threads took: 0.0000197 seconds
303.271: [GC (Allocation Failure)  433861K->118167K(1034752K), 0.0039599 secs]
303.275: Total time for which application threads were stopped: 0.0041273 seconds, Stopping threads took: 0.0000193 seconds
303.342: [GC (Allocation Failure)  439703K->122007K(1034752K), 0.0042626 secs]
303.347: Total time for which application threads were stopped: 0.0044590 seconds, Stopping threads took: 0.0000201 seconds
303.415: [GC (Allocation Failure)  444495K->118101K(1035264K), 0.0026760 secs]
303.417: Total time for which application threads were stopped: 0.0028297 seconds, Stopping threads took: 0.0000259 seconds
303.486: [GC (Allocation Failure)  440661K->122167K(1036288K), 0.0039806 secs]
303.490: Total time for which application threads were stopped: 0.0041520 seconds, Stopping threads took: 0.0000196 seconds
303.558: [GC (Allocation Failure)  446263K->126103K(1035776K), 0.0037725 secs]
303.562: Total time for which application threads were stopped: 0.0039395 seconds, Stopping threads took: 0.0000265 seconds
303.633: [GC (Allocation Failure)  450199K->126103K(1035776K), 0.0039451 secs]
303.637: Total time for which application threads were stopped: 0.0041211 seconds, Stopping threads took: 0.0000190 seconds
303.705: [GC (Allocation Failure)  449687K->126231K(1023488K), 0.0048544 secs]
303.710: Total time for which application threads were stopped: 0.0050509 seconds, Stopping threads took: 0.0000199 seconds
303.778: [GC (Allocation Failure)  449815K->134169K(1035264K), 0.0040447 secs]
303.782: Total time for which application threads were stopped: 0.0042124 seconds, Stopping threads took: 0.0000187 seconds
303.852: [GC (Allocation Failure)  456729K->134137K(1030144K), 0.0037858 secs]
303.855: Total time for which application threads were stopped: 0.0039557 seconds, Stopping threads took: 0.0000196 seconds
303.923: [GC (Allocation Failure)  456697K->134225K(1034752K), 0.0039021 secs]
303.927: Total time for which application threads were stopped: 0.0040627 seconds, Stopping threads took: 0.0000192 seconds
303.995: [GC (Allocation Failure)  455761K->142228K(1034752K), 0.0042323 secs]
303.999: Total time for which application threads were stopped: 0.0044003 seconds, Stopping threads took: 0.0000192 seconds
304.067: [GC (Allocation Failure)  463764K->142196K(1033728K), 0.0038737 secs]
304.071: Total time for which application threads were stopped: 0.0040659 seconds, Stopping threads took: 0.0000197 seconds
304.138: [GC (Allocation Failure)  462708K->142412K(1034240K), 0.0040230 secs]
304.142: Total time for which application threads were stopped: 0.0041886 seconds, Stopping threads took: 0.0000200 seconds
304.210: [GC (Allocation Failure)  462924K->150222K(1034240K), 0.0039360 secs]
304.215: Total time for which application threads were stopped: 0.0041177 seconds, Stopping threads took: 0.0000197 seconds
304.284: [GC (Allocation Failure)  470734K->150222K(1034240K), 0.0040040 secs]
304.288: Total time for which application threads were stopped: 0.0041746 seconds, Stopping threads took: 0.0000195 seconds
304.354: [GC (Allocation Failure)  470734K->150662K(1034240K), 0.0039541 secs]
304.358: Total time for which application threads were stopped: 0.0041230 seconds, Stopping threads took: 0.0000220 seconds
304.425: [GC (Allocation Failure)  471174K->158280K(1028096K), 0.0044754 secs]
304.430: Total time for which application threads were stopped: 0.0046485 seconds, Stopping threads took: 0.0000197 seconds
304.497: [GC (Allocation Failure)  478792K->158248K(1033728K), 0.0040041 secs]
304.501: Total time for which application threads were stopped: 0.0041691 seconds, Stopping threads took: 0.0000211 seconds
304.565: [GC (Allocation Failure)  477736K->158376K(1033728K), 0.0040348 secs]
304.570: Total time for which application threads were stopped: 0.0041930 seconds, Stopping threads took: 0.0000194 seconds
304.638: [GC (Allocation Failure)  477864K->166282K(1033728K), 0.0039844 secs]
304.642: Total time for which application threads were stopped: 0.0041637 seconds, Stopping threads took: 0.0000194 seconds
304.711: [GC (Allocation Failure)  485770K->166282K(1033728K), 0.0037121 secs]
304.715: Total time for which application threads were stopped: 0.0039084 seconds, Stopping threads took: 0.0000205 seconds
304.782: [GC (Allocation Failure)  485770K->166338K(1033728K), 0.0043071 secs]
304.787: Total time for which application threads were stopped: 0.0044748 seconds, Stopping threads took: 0.0000191 seconds
304.852: [GC (Allocation Failure)  485826K->174309K(1027072K), 0.0039572 secs]
304.856: Total time for which application threads were stopped: 0.0041344 seconds, Stopping threads took: 0.0000195 seconds
304.920: [GC (Allocation Failure)  493796K->170434K(1034240K), 0.0029810 secs]
304.923: Total time for which application threads were stopped: 0.0031591 seconds, Stopping threads took: 0.0000192 seconds
304.990: [GC (Allocation Failure)  489922K->174477K(1033216K), 0.0042842 secs]
304.995: Total time for which application threads were stopped: 0.0044606 seconds, Stopping threads took: 0.0000187 seconds
305.064: [GC (Allocation Failure)  493965K->178477K(1034752K), 0.0040788 secs]
305.068: Total time for which application threads were stopped: 0.0042426 seconds, Stopping threads took: 0.0000200 seconds
305.137: [GC (Allocation Failure)  500013K->171658K(1034752K), 0.0013567 secs]
305.138: Total time for which application threads were stopped: 0.0014692 seconds, Stopping threads took: 0.0000167 seconds
305.206: [GC (Allocation Failure)  493194K->178509K(1034752K), 0.0038654 secs]
305.210: Total time for which application threads were stopped: 0.0040438 seconds, Stopping threads took: 0.0000205 seconds
305.276: [GC (Allocation Failure)  500045K->182589K(1034752K), 0.0049518 secs]
305.281: Total time for which application threads were stopped: 0.0051164 seconds, Stopping threads took: 0.0000205 seconds
305.346: [GC (Allocation Failure)  504125K->177050K(1034752K), 0.0019120 secs]
305.348: Total time for which application threads were stopped: 0.0020600 seconds, Stopping threads took: 0.0000196 seconds
305.416: [GC (Allocation Failure)  498586K->182893K(1034752K), 0.0041783 secs]
305.420: Total time for which application threads were stopped: 0.0043500 seconds, Stopping threads took: 0.0000197 seconds
305.487: [GC (Allocation Failure)  504429K->186765K(1035264K), 0.0044726 secs]
305.492: Total time for which application threads were stopped: 0.0046462 seconds, Stopping threads took: 0.0000213 seconds
305.559: [GC (Allocation Failure)  509253K->182794K(1035264K), 0.0026377 secs]
305.562: Total time for which application threads were stopped: 0.0027997 seconds, Stopping threads took: 0.0000275 seconds
305.631: [GC (Allocation Failure)  505354K->186861K(1036288K), 0.0042230 secs]
305.636: Total time for which application threads were stopped: 0.0043918 seconds, Stopping threads took: 0.0000192 seconds
305.703: [GC (Allocation Failure)  510957K->190861K(1035776K), 0.0046292 secs]
305.708: Total time for which application threads were stopped: 0.0048202 seconds, Stopping threads took: 0.0000195 seconds
305.779: [GC (Allocation Failure)  514957K->190861K(1035776K), 0.0038012 secs]
305.783: Total time for which application threads were stopped: 0.0039730 seconds, Stopping threads took: 0.0000198 seconds
305.852: [GC (Allocation Failure)  514445K->190925K(1023488K), 0.0042188 secs]
305.856: Total time for which application threads were stopped: 0.0043916 seconds, Stopping threads took: 0.0000205 seconds
305.923: [GC (Allocation Failure)  514509K->198895K(1035264K), 0.0040413 secs]
305.927: Total time for which application threads were stopped: 0.0042366 seconds, Stopping threads took: 0.0000223 seconds
305.994: [GC (Allocation Failure)  521455K->198895K(1030144K), 0.0038963 secs]
305.998: Total time for which application threads were stopped: 0.0040933 seconds, Stopping threads took: 0.0000199 seconds
306.066: [GC (Allocation Failure)  521455K->198951K(1034752K), 0.0040007 secs]
306.071: Total time for which application threads were stopped: 0.0041586 seconds, Stopping threads took: 0.0000174 seconds
306.138: [GC (Allocation Failure)  520487K->206953K(1029120K), 0.0040613 secs]
306.142: Total time for which application threads were stopped: 0.0042344 seconds, Stopping threads took: 0.0000201 seconds
306.211: [GC (Allocation Failure)  528489K->206889K(1034240K), 0.0040108 secs]
306.215: Total time for which application threads were stopped: 0.0041794 seconds, Stopping threads took: 0.0000190 seconds
306.282: [GC (Allocation Failure)  527401K->207145K(1034240K), 0.0039589 secs]
306.286: Total time for which application threads were stopped: 0.0041174 seconds, Stopping threads took: 0.0000194 seconds
306.353: [GC (Allocation Failure)  527657K->214988K(1034240K), 0.0040215 secs]
306.358: Total time for which application threads were stopped: 0.0041983 seconds, Stopping threads took: 0.0000193 seconds
306.425: [GC (Allocation Failure)  535500K->214956K(1034240K), 0.0040749 secs]
306.429: Total time for which application threads were stopped: 0.0042308 seconds, Stopping threads took: 0.0000192 seconds
306.496: [GC (Allocation Failure)  535468K->215404K(1033216K), 0.0043806 secs]
306.500: Total time for which application threads were stopped: 0.0045351 seconds, Stopping threads took: 0.0000198 seconds
306.567: [GC (Allocation Failure)  534892K->222990K(1033728K), 0.0041409 secs]
306.572: Total time for which application threads were stopped: 0.0043007 seconds, Stopping threads took: 0.0000183 seconds
306.640: [GC (Allocation Failure)  542478K->222958K(1033728K), 0.0040334 secs]
306.644: Total time for which application threads were stopped: 0.0041926 seconds, Stopping threads took: 0.0000191 seconds
306.709: [GC (Allocation Failure)  542446K->223110K(1033728K), 0.0042033 secs]
306.713: Total time for which application threads were stopped: 0.0043809 seconds, Stopping threads took: 0.0000214 seconds
306.782: [GC (Allocation Failure)  542598K->231016K(1033728K), 0.0041789 secs]
306.786: Total time for which application threads were stopped: 0.0043477 seconds, Stopping threads took: 0.0000193 seconds
306.853: [GC (Allocation Failure)  550504K->230984K(1033728K), 0.0041467 secs]
306.858: Total time for which application threads were stopped: 0.0043110 seconds, Stopping threads took: 0.0000195 seconds
306.925: [GC (Allocation Failure)  550472K->231080K(1033728K), 0.0040348 secs]
306.929: Total time for which application threads were stopped: 0.0041960 seconds, Stopping threads took: 0.0000198 seconds
306.996: [GC (Allocation Failure)  550568K->239050K(1027072K), 0.0054226 secs]
307.002: Total time for which application threads were stopped: 0.0056675 seconds, Stopping threads took: 0.0000171 seconds
307.069: [GC (Allocation Failure)  558538K->235176K(1034240K), 0.0029027 secs]
307.072: Total time for which application threads were stopped: 0.0030547 seconds, Stopping threads took: 0.0000194 seconds
307.139: [GC (Allocation Failure)  554664K->239178K(1033216K), 0.0041371 secs]
307.143: Total time for which application threads were stopped: 0.0043048 seconds, Stopping threads took: 0.0000193 seconds
307.211: [GC (Allocation Failure)  558666K->243178K(1034752K), 0.0040158 secs]
307.215: Total time for which application threads were stopped: 0.0041890 seconds, Stopping threads took: 0.0000202 seconds
307.282: [GC (Allocation Failure)  564714K->236424K(1034752K), 0.0014386 secs]
307.284: Total time for which application threads were stopped: 0.0015697 seconds, Stopping threads took: 0.0000209 seconds
307.351: [GC (Allocation Failure)  557960K->243274K(1034752K), 0.0040623 secs]
307.355: Total time for which application threads were stopped: 0.0042412 seconds, Stopping threads took: 0.0000201 seconds
307.423: [GC (Allocation Failure)  564810K->247354K(1034752K), 0.0051082 secs]
307.428: Total time for which application threads were stopped: 0.0052890 seconds, Stopping threads took: 0.0000165 seconds
307.494: [GC (Allocation Failure)  568890K->241784K(1034752K), 0.0020953 secs]
307.496: Total time for which application threads were stopped: 0.0022369 seconds, Stopping threads took: 0.0000191 seconds
307.564: [GC (Allocation Failure)  563320K->247594K(1034752K), 0.0042795 secs]
307.568: Total time for which application threads were stopped: 0.0044489 seconds, Stopping threads took: 0.0000287 seconds
307.636: [GC (Allocation Failure)  569130K->251458K(1034752K), 0.0046713 secs]
307.641: Total time for which application threads were stopped: 0.0048406 seconds, Stopping threads took: 0.0000198 seconds
307.709: [GC (Allocation Failure)  573947K->247520K(1035264K), 0.0027935 secs]
307.712: Total time for which application threads were stopped: 0.0029603 seconds, Stopping threads took: 0.0000195 seconds
307.780: [GC (Allocation Failure)  570080K->251594K(1036288K), 0.0041378 secs]
307.784: Total time for which application threads were stopped: 0.0043453 seconds, Stopping threads took: 0.0000204 seconds
307.854: [GC (Allocation Failure)  575690K->255594K(1035776K), 0.0041695 secs]
307.858: Total time for which application threads were stopped: 0.0043489 seconds, Stopping threads took: 0.0000211 seconds
307.927: [GC (Allocation Failure)  579690K->255594K(1035776K), 0.0040918 secs]
307.931: Total time for which application threads were stopped: 0.0042586 seconds, Stopping threads took: 0.0000206 seconds
307.999: [GC (Allocation Failure)  579178K->255658K(1023488K), 0.0041861 secs]
308.003: Total time for which application threads were stopped: 0.0043806 seconds, Stopping threads took: 0.0000201 seconds
308.071: [GC (Allocation Failure)  579242K->263661K(1035264K), 0.0041000 secs]
308.075: Total time for which application threads were stopped: 0.0042941 seconds, Stopping threads took: 0.0000201 seconds
308.145: [GC (Allocation Failure)  586221K->263629K(1030144K), 0.0040576 secs]
308.149: Total time for which application threads were stopped: 0.0042489 seconds, Stopping threads took: 0.0000187 seconds
308.217: [GC (Allocation Failure)  586189K->263693K(1034752K), 0.0042074 secs]
308.222: Total time for which application threads were stopped: 0.0043850 seconds, Stopping threads took: 0.0000199 seconds
308.291: [GC (Allocation Failure)  585229K->271695K(1029120K), 0.0043762 secs]
308.295: Total time for which application threads were stopped: 0.0045655 seconds, Stopping threads took: 0.0000283 seconds
308.364: [GC (Allocation Failure)  593231K->271663K(1034240K), 0.0038989 secs]
308.368: Total time for which application threads were stopped: 0.0040741 seconds, Stopping threads took: 0.0000201 seconds
308.435: [GC (Allocation Failure)  592175K->271911K(1034240K), 0.0057963 secs]
308.440: Total time for which application threads were stopped: 0.0059695 seconds, Stopping threads took: 0.0000210 seconds
308.509: [GC (Allocation Failure)  592423K->279689K(1034240K), 0.0039579 secs]
308.513: Total time for which application threads were stopped: 0.0041326 seconds, Stopping threads took: 0.0000258 seconds
308.581: [GC (Allocation Failure)  600201K->279689K(1034240K), 0.0050598 secs]
308.586: Total time for which application threads were stopped: 0.0052186 seconds, Stopping threads took: 0.0000204 seconds
308.654: [GC (Allocation Failure)  600201K->280137K(1033216K), 0.0042659 secs]
308.659: Total time for which application threads were stopped: 0.0044283 seconds, Stopping threads took: 0.0000197 seconds
308.726: [GC (Allocation Failure)  599625K->287723K(1033728K), 0.0042902 secs]
308.731: Total time for which application threads were stopped: 0.0044605 seconds, Stopping threads took: 0.0000197 seconds
308.798: [GC (Allocation Failure)  607211K->287723K(1033728K), 0.0042414 secs]
308.803: Total time for which application threads were stopped: 0.0044235 seconds, Stopping threads took: 0.0000199 seconds
308.868: [GC (Allocation Failure)  607211K->287851K(1033728K), 0.0043048 secs]
308.872: Total time for which application threads were stopped: 0.0044818 seconds, Stopping threads took: 0.0000196 seconds
308.940: [GC (Allocation Failure)  607339K->295758K(1033728K), 0.0054470 secs]
308.945: Total time for which application threads were stopped: 0.0056088 seconds, Stopping threads took: 0.0000196 seconds
309.012: [GC (Allocation Failure)  615246K->295758K(1033728K), 0.0041200 secs]
309.017: Total time for which application threads were stopped: 0.0042793 seconds, Stopping threads took: 0.0000263 seconds
309.085: [GC (Allocation Failure)  615246K->295822K(1033728K), 0.0040910 secs]
309.089: Total time for which application threads were stopped: 0.0042867 seconds, Stopping threads took: 0.0000256 seconds
309.157: [GC (Allocation Failure)  615310K->303792K(1027072K), 0.0044031 secs]
309.162: Total time for which application threads were stopped: 0.0045735 seconds, Stopping threads took: 0.0000188 seconds
309.229: [GC (Allocation Failure)  623279K->299886K(1034240K), 0.0032236 secs]
309.232: Total time for which application threads were stopped: 0.0034041 seconds, Stopping threads took: 0.0000190 seconds
309.300: [GC (Allocation Failure)  619374K->303944K(1033216K), 0.0044778 secs]
309.304: Total time for which application threads were stopped: 0.0046389 seconds, Stopping threads took: 0.0000193 seconds
309.373: [GC (Allocation Failure)  623432K->307912K(1034752K), 0.0042264 secs]
309.378: Total time for which application threads were stopped: 0.0044108 seconds, Stopping threads took: 0.0000196 seconds
309.444: [GC (Allocation Failure)  629448K->301126K(1034752K), 0.0015550 secs]
309.446: Total time for which application threads were stopped: 0.0016971 seconds, Stopping threads took: 0.0000193 seconds
309.513: [GC (Allocation Failure)  622662K->307984K(1034752K), 0.0039800 secs]
309.517: Total time for which application threads were stopped: 0.0041401 seconds, Stopping threads took: 0.0000258 seconds
309.582: [GC (Allocation Failure)  629520K->312056K(1034752K), 0.0077007 secs]
309.590: Total time for which application threads were stopped: 0.0078760 seconds, Stopping threads took: 0.0000203 seconds
309.656: [GC (Allocation Failure)  633592K->306518K(1034752K), 0.0022821 secs]
309.658: Total time for which application threads were stopped: 0.0024320 seconds, Stopping threads took: 0.0000190 seconds
309.725: [GC (Allocation Failure)  628054K->312328K(1034752K), 0.0042647 secs]
309.729: Total time for which application threads were stopped: 0.0044332 seconds, Stopping threads took: 0.0000196 seconds
309.796: [GC (Allocation Failure)  633864K->316200K(1034752K), 0.0044347 secs]
309.801: Total time for which application threads were stopped: 0.0045851 seconds, Stopping threads took: 0.0000198 seconds
309.869: [GC (Allocation Failure)  638688K->312294K(1035264K), 0.0029691 secs]
309.872: Total time for which application threads were stopped: 0.0031376 seconds, Stopping threads took: 0.0000165 seconds
309.940: [GC (Allocation Failure)  634854K->316336K(1036288K), 0.0042521 secs]
309.944: Total time for which application threads were stopped: 0.0044128 seconds, Stopping threads took: 0.0000194 seconds
310.012: [GC (Allocation Failure)  640432K->320368K(1035776K), 0.0042196 secs]
310.016: Total time for which application threads were stopped: 0.0043880 seconds, Stopping threads took: 0.0000197 seconds
310.084: [GC (Allocation Failure)  644464K->320336K(1035776K), 0.0043397 secs]
310.089: Total time for which application threads were stopped: 0.0044991 seconds, Stopping threads took: 0.0000197 seconds
310.156: [GC (Allocation Failure)  643920K->320392K(1023488K), 0.0042871 secs]
310.161: Total time for which application threads were stopped: 0.0044634 seconds, Stopping threads took: 0.0000204 seconds
310.229: [GC (Allocation Failure)  643976K->328362K(1035264K), 0.0041870 secs]
310.233: Total time for which application threads were stopped: 0.0043892 seconds, Stopping threads took: 0.0000248 seconds
310.303: [GC (Allocation Failure)  650922K->328362K(1030144K), 0.0041386 secs]
310.307: Total time for which application threads were stopped: 0.0042943 seconds, Stopping threads took: 0.0000169 seconds
310.375: [GC (Allocation Failure)  650922K->328426K(1034752K), 0.0041901 secs]
310.379: Total time for which application threads were stopped: 0.0043488 seconds, Stopping threads took: 0.0000190 seconds
310.448: [GC (Allocation Failure)  649962K->336428K(1029120K), 0.0044068 secs]
310.452: Total time for which application threads were stopped: 0.0045860 seconds, Stopping threads took: 0.0000192 seconds
310.523: [GC (Allocation Failure)  657964K->336428K(1034240K), 0.0039955 secs]
310.527: Total time for which application threads were stopped: 0.0041649 seconds, Stopping threads took: 0.0000258 seconds
310.595: [GC (Allocation Failure)  656940K->336612K(1034240K), 0.0071403 secs]
310.602: Total time for which application threads were stopped: 0.0072862 seconds, Stopping threads took: 0.0000192 seconds
310.671: [GC (Allocation Failure)  657124K->344423K(1034240K), 0.0043315 secs]
310.675: Total time for which application threads were stopped: 0.0045395 seconds, Stopping threads took: 0.0000498 seconds
310.743: [GC (Allocation Failure)  664935K->344455K(1034240K), 0.0044280 secs]
310.748: Total time for which application threads were stopped: 0.0045812 seconds, Stopping threads took: 0.0000188 seconds
310.816: [GC (Allocation Failure)  664967K->344839K(1033216K), 0.0043378 secs]
310.820: Total time for which application threads were stopped: 0.0045506 seconds, Stopping threads took: 0.0000203 seconds
310.887: [GC (Allocation Failure)  664327K->352457K(1033728K), 0.0043172 secs]
310.892: Total time for which application threads were stopped: 0.0044942 seconds, Stopping threads took: 0.0000216 seconds
310.959: [GC (Allocation Failure)  671945K->352457K(1033728K), 0.0041811 secs]
310.963: Total time for which application threads were stopped: 0.0043506 seconds, Stopping threads took: 0.0000195 seconds
311.028: [GC (Allocation Failure)  671945K->352585K(1033728K), 0.0042064 secs]
311.033: Total time for which application threads were stopped: 0.0043791 seconds, Stopping threads took: 0.0000255 seconds
311.100: [GC (Allocation Failure)  672073K->360523K(1033728K), 0.0042621 secs]
311.104: Total time for which application threads were stopped: 0.0044225 seconds, Stopping threads took: 0.0000191 seconds
311.173: [GC (Allocation Failure)  680011K->360491K(1033728K), 0.0043048 secs]
311.178: Total time for which application threads were stopped: 0.0044536 seconds, Stopping threads took: 0.0000167 seconds
311.245: [GC (Allocation Failure)  679979K->360547K(1033728K), 0.0046026 secs]
311.249: Total time for which application threads were stopped: 0.0047709 seconds, Stopping threads took: 0.0000193 seconds
311.316: [GC (Allocation Failure)  680035K->368518K(1027072K), 0.0045362 secs]
311.321: Total time for which application threads were stopped: 0.0047162 seconds, Stopping threads took: 0.0000203 seconds
311.387: [GC (Allocation Failure)  688005K->364611K(1034240K), 0.0032577 secs]
311.391: Total time for which application threads were stopped: 0.0034269 seconds, Stopping threads took: 0.0000206 seconds
311.459: [GC (Allocation Failure)  684099K->368654K(1033216K), 0.0044921 secs]
311.463: Total time for which application threads were stopped: 0.0046597 seconds, Stopping threads took: 0.0000195 seconds
311.532: [GC (Allocation Failure)  688142K->372654K(1034752K), 0.0043132 secs]
311.537: Total time for which application threads were stopped: 0.0044814 seconds, Stopping threads took: 0.0000193 seconds
311.606: [GC (Allocation Failure)  694190K->365899K(1034752K), 0.0017639 secs]
311.608: Total time for which application threads were stopped: 0.0019087 seconds, Stopping threads took: 0.0000167 seconds
311.675: [GC (Allocation Failure)  687435K->372718K(1034752K), 0.0043698 secs]
311.680: Total time for which application threads were stopped: 0.0045327 seconds, Stopping threads took: 0.0000192 seconds
311.746: [GC (Allocation Failure)  694254K->376798K(1034752K), 0.0052548 secs]
311.751: Total time for which application threads were stopped: 0.0054227 seconds, Stopping threads took: 0.0000195 seconds
311.817: [GC (Allocation Failure)  698334K->371227K(1034752K), 0.0023563 secs]
311.820: Total time for which application threads were stopped: 0.0025211 seconds, Stopping threads took: 0.0000194 seconds
311.887: [GC (Allocation Failure)  692763K->377102K(1034752K), 0.0045075 secs]
311.892: Total time for which application threads were stopped: 0.0046954 seconds, Stopping threads took: 0.0000216 seconds
311.960: [GC (Allocation Failure)  698638K->380942K(1035264K), 0.0046321 secs]
311.965: Total time for which application threads were stopped: 0.0048197 seconds, Stopping threads took: 0.0000198 seconds
312.034: [GC (Allocation Failure)  703430K->377035K(1035264K), 0.0032069 secs]
312.037: Total time for which application threads were stopped: 0.0033739 seconds, Stopping threads took: 0.0000192 seconds
312.105: [GC (Allocation Failure)  699595K->381070K(1036288K), 0.0046928 secs]
312.110: Total time for which application threads were stopped: 0.0048836 seconds, Stopping threads took: 0.0000186 seconds
312.179: [GC (Allocation Failure)  705166K->385070K(1035776K), 0.0044130 secs]
312.183: Total time for which application threads were stopped: 0.0045807 seconds, Stopping threads took: 0.0000199 seconds
312.253: [GC (Allocation Failure)  709166K->385070K(1035776K), 0.0042846 secs]
312.258: Total time for which application threads were stopped: 0.0044424 seconds, Stopping threads took: 0.0000192 seconds
312.325: [GC (Allocation Failure)  708654K->385134K(1023488K), 0.0044310 secs]
312.330: Total time for which application threads were stopped: 0.0045935 seconds, Stopping threads took: 0.0000194 seconds
312.396: [GC (Allocation Failure)  708718K->393136K(1035264K), 0.0043790 secs]
312.401: Total time for which application threads were stopped: 0.0045723 seconds, Stopping threads took: 0.0000196 seconds
312.470: [GC (Allocation Failure)  715696K->393104K(1030144K), 0.0040762 secs]
312.475: Total time for which application threads were stopped: 0.0042578 seconds, Stopping threads took: 0.0000168 seconds
312.542: [GC (Allocation Failure)  715664K->393160K(1034752K), 0.0042138 secs]
312.546: Total time for which application threads were stopped: 0.0043739 seconds, Stopping threads took: 0.0000190 seconds
312.615: [GC (Allocation Failure)  714696K->401162K(1029120K), 0.0046172 secs]
312.619: Total time for which application threads were stopped: 0.0047717 seconds, Stopping threads took: 0.0000190 seconds
312.687: [GC (Allocation Failure)  722698K->401098K(1034240K), 0.0041369 secs]
312.691: Total time for which application threads were stopped: 0.0043279 seconds, Stopping threads took: 0.0000194 seconds
312.760: [GC (Allocation Failure)  721610K->401386K(1034240K), 0.0043981 secs]
312.764: Total time for which application threads were stopped: 0.0045767 seconds, Stopping threads took: 0.0000169 seconds
312.834: [GC (Allocation Failure)  721898K->409164K(1034240K), 0.0042402 secs]
312.838: Total time for which application threads were stopped: 0.0043899 seconds, Stopping threads took: 0.0000167 seconds
312.906: [GC (Allocation Failure)  729676K->409196K(1034240K), 0.0045447 secs]
312.911: Total time for which application threads were stopped: 0.0047129 seconds, Stopping threads took: 0.0000199 seconds
312.978: [GC (Allocation Failure)  729708K->409580K(1033216K), 0.0044907 secs]
312.983: Total time for which application threads were stopped: 0.0046712 seconds, Stopping threads took: 0.0000197 seconds
313.051: [GC (Allocation Failure)  729068K->417199K(1033728K), 0.0045171 secs]
313.056: Total time for which application threads were stopped: 0.0047064 seconds, Stopping threads took: 0.0000276 seconds
313.123: [GC (Allocation Failure)  736687K->417231K(1033728K), 0.0043263 secs]
313.128: Total time for which application threads were stopped: 0.0045125 seconds, Stopping threads took: 0.0000210 seconds
313.194: [GC (Allocation Failure)  736719K->417319K(1033728K), 0.0045425 secs]
313.199: Total time for which application threads were stopped: 0.0047218 seconds, Stopping threads took: 0.0000194 seconds
313.268: [GC (Allocation Failure)  736807K->425257K(1033728K), 0.0042690 secs]
313.272: Total time for which application threads were stopped: 0.0044623 seconds, Stopping threads took: 0.0000191 seconds
313.341: [GC (Allocation Failure)  744745K->425193K(1033728K), 0.0045784 secs]
313.346: Total time for which application threads were stopped: 0.0047345 seconds, Stopping threads took: 0.0000164 seconds
313.413: [GC (Allocation Failure)  744681K->425289K(1033728K), 0.0045161 secs]
313.417: Total time for which application threads were stopped: 0.0046880 seconds, Stopping threads took: 0.0000194 seconds
313.485: [GC (Allocation Failure)  744777K->433259K(1027072K), 0.0046746 secs]
313.489: Total time for which application threads were stopped: 0.0048364 seconds, Stopping threads took: 0.0000204 seconds
313.555: [GC (Allocation Failure)  752747K->429385K(1034240K), 0.0033129 secs]
313.559: Total time for which application threads were stopped: 0.0034956 seconds, Stopping threads took: 0.0000259 seconds
313.629: [GC (Allocation Failure)  748873K->433419K(1033216K), 0.0045490 secs]
313.634: Total time for which application threads were stopped: 0.0047243 seconds, Stopping threads took: 0.0000277 seconds
313.701: [GC (Allocation Failure)  752907K->437355K(1034752K), 0.0043106 secs]
313.705: Total time for which application threads were stopped: 0.0044812 seconds, Stopping threads took: 0.0000201 seconds
313.774: [GC (Allocation Failure)  758891K->430569K(1034752K), 0.0018965 secs]
313.776: Total time for which application threads were stopped: 0.0020358 seconds, Stopping threads took: 0.0000196 seconds
313.843: [GC (Allocation Failure)  752105K->437459K(1034752K), 0.0042736 secs]
313.847: Total time for which application threads were stopped: 0.0044440 seconds, Stopping threads took: 0.0000220 seconds
313.913: [GC (Allocation Failure)  758995K->441507K(1034752K), 0.0054470 secs]
313.919: Total time for which application threads were stopped: 0.0056165 seconds, Stopping threads took: 0.0000198 seconds
313.985: [GC (Allocation Failure)  763043K->435969K(1034752K), 0.0025910 secs]
313.987: Total time for which application threads were stopped: 0.0027423 seconds, Stopping threads took: 0.0000194 seconds
314.055: [GC (Allocation Failure)  757505K->441811K(1034752K), 0.0044165 secs]
314.060: Total time for which application threads were stopped: 0.0045870 seconds, Stopping threads took: 0.0000273 seconds
314.128: [GC (Allocation Failure)  763347K->445707K(1034752K), 0.0048913 secs]
314.133: Total time for which application threads were stopped: 0.0050903 seconds, Stopping threads took: 0.0000218 seconds
314.200: [GC (Allocation Failure)  768195K->441769K(1035264K), 0.0032402 secs]
314.203: Total time for which application threads were stopped: 0.0034160 seconds, Stopping threads took: 0.0000193 seconds
314.271: [GC (Allocation Failure)  764329K->445835K(1036288K), 0.0046147 secs]
314.275: Total time for which application threads were stopped: 0.0048072 seconds, Stopping threads took: 0.0000186 seconds
314.344: [GC (Allocation Failure)  769931K->449803K(1035776K), 0.0044469 secs]
314.349: Total time for which application threads were stopped: 0.0045994 seconds, Stopping threads took: 0.0000175 seconds
314.417: [GC (Allocation Failure)  773899K->449835K(1035776K), 0.0044238 secs]
314.422: Total time for which application threads were stopped: 0.0046005 seconds, Stopping threads took: 0.0000205 seconds
314.489: [GC (Allocation Failure)  773419K->449867K(1023488K), 0.0064169 secs]
314.495: Total time for which application threads were stopped: 0.0065779 seconds, Stopping threads took: 0.0000202 seconds
314.564: [GC (Allocation Failure)  773451K->457837K(1035264K), 0.0048411 secs]
314.569: Total time for which application threads were stopped: 0.0050158 seconds, Stopping threads took: 0.0000271 seconds
314.638: [GC (Allocation Failure)  780397K->457837K(1030144K), 0.0044196 secs]
314.642: Total time for which application threads were stopped: 0.0045790 seconds, Stopping threads took: 0.0000192 seconds
314.709: [GC (Allocation Failure)  780397K->457893K(1034752K), 0.0045974 secs]
314.714: Total time for which application threads were stopped: 0.0047705 seconds, Stopping threads took: 0.0000202 seconds
314.783: [GC (Allocation Failure)  779429K->465864K(1034752K), 0.0045169 secs]
314.787: Total time for which application threads were stopped: 0.0046722 seconds, Stopping threads took: 0.0000166 seconds
314.856: [GC (Allocation Failure)  787400K->465864K(1033728K), 0.0043813 secs]
314.860: Total time for which application threads were stopped: 0.0045499 seconds, Stopping threads took: 0.0000192 seconds
314.927: [GC (Allocation Failure)  786376K->466088K(1034240K), 0.0044696 secs]
314.932: Total time for which application threads were stopped: 0.0046497 seconds, Stopping threads took: 0.0000207 seconds
315.000: [GC (Allocation Failure)  786600K->473930K(1034240K), 0.0043747 secs]
315.004: Total time for which application threads were stopped: 0.0045445 seconds, Stopping threads took: 0.0000193 seconds
315.074: [GC (Allocation Failure)  794442K->473866K(1034240K), 0.0046174 secs]
315.079: Total time for which application threads were stopped: 0.0047899 seconds, Stopping threads took: 0.0000208 seconds
315.145: [GC (Allocation Failure)  794378K->474346K(1033216K), 0.0045284 secs]
315.150: Total time for which application threads were stopped: 0.0046896 seconds, Stopping threads took: 0.0000204 seconds
315.220: [GC (Allocation Failure)  793834K->481932K(1033728K), 0.0045897 secs]
315.224: Total time for which application threads were stopped: 0.0047683 seconds, Stopping threads took: 0.0000274 seconds
315.292: [GC (Allocation Failure)  801420K->481932K(1033728K), 0.0045031 secs]
315.297: Total time for which application threads were stopped: 0.0046812 seconds, Stopping threads took: 0.0000205 seconds
315.362: [GC (Allocation Failure)  801420K->482060K(1033728K), 0.0046434 secs]
315.367: Total time for which application threads were stopped: 0.0048076 seconds, Stopping threads took: 0.0000201 seconds
315.435: [GC (Allocation Failure)  801548K->489966K(1033728K), 0.0045129 secs]
315.439: Total time for which application threads were stopped: 0.0046770 seconds, Stopping threads took: 0.0000204 seconds
315.506: [GC (Allocation Failure)  809454K->489966K(1033728K), 0.0047174 secs]
315.511: Total time for which application threads were stopped: 0.0048922 seconds, Stopping threads took: 0.0000280 seconds
315.579: [GC (Allocation Failure)  809454K->490030K(1033728K), 0.0101585 secs]
315.589: Total time for which application threads were stopped: 0.0103135 seconds, Stopping threads took: 0.0000199 seconds
315.657: [GC (Allocation Failure)  809518K->498033K(1027072K), 0.0047295 secs]
315.662: Total time for which application threads were stopped: 0.0048991 seconds, Stopping threads took: 0.0000195 seconds
315.727: [GC (Allocation Failure)  817520K->494062K(1034240K), 0.0036685 secs]
315.731: Total time for which application threads were stopped: 0.0038287 seconds, Stopping threads took: 0.0000207 seconds
315.799: [GC (Allocation Failure)  813550K->498121K(1033216K), 0.0045449 secs]
315.803: Total time for which application threads were stopped: 0.0047143 seconds, Stopping threads took: 0.0000193 seconds
315.871: [GC (Allocation Failure)  817609K->502121K(1034752K), 0.0045843 secs]
315.876: Total time for which application threads were stopped: 0.0047525 seconds, Stopping threads took: 0.0000197 seconds
315.942: [GC (Allocation Failure)  823657K->495366K(1034752K), 0.0019632 secs]
315.944: Total time for which application threads were stopped: 0.0021173 seconds, Stopping threads took: 0.0000205 seconds
316.012: [GC (Allocation Failure)  816902K->502193K(1034752K), 0.0043081 secs]
316.016: Total time for which application threads were stopped: 0.0044664 seconds, Stopping threads took: 0.0000256 seconds
316.083: [GC (Allocation Failure)  823729K->506273K(1034752K), 0.0055070 secs]
316.088: Total time for which application threads were stopped: 0.0057034 seconds, Stopping threads took: 0.0000252 seconds
316.154: [GC (Allocation Failure)  827809K->500734K(1034752K), 0.0028266 secs]
316.157: Total time for which application threads were stopped: 0.0029778 seconds, Stopping threads took: 0.0000189 seconds
316.226: [GC (Allocation Failure)  822270K->506569K(1034752K), 0.0047419 secs]
316.231: Total time for which application threads were stopped: 0.0049144 seconds, Stopping threads took: 0.0000198 seconds
316.298: [GC (Allocation Failure)  828105K->510377K(1035264K), 0.0050126 secs]
316.304: Total time for which application threads were stopped: 0.0051869 seconds, Stopping threads took: 0.0000206 seconds
316.371: [GC (Allocation Failure)  832865K->506502K(1035264K), 0.0063806 secs]
316.377: Total time for which application threads were stopped: 0.0065634 seconds, Stopping threads took: 0.0000198 seconds
316.446: [GC (Allocation Failure)  829062K->510577K(1036288K), 0.0047675 secs]
316.451: Total time for which application threads were stopped: 0.0049386 seconds, Stopping threads took: 0.0000205 seconds
316.519: [GC (Allocation Failure)  834673K->514577K(1035776K), 0.0044924 secs]
316.524: Total time for which application threads were stopped: 0.0047687 seconds, Stopping threads took: 0.0000257 seconds
316.594: [GC (Allocation Failure)  838673K->514545K(1035776K), 0.0051995 secs]
316.599: Total time for which application threads were stopped: 0.0054172 seconds, Stopping threads took: 0.0000280 seconds
316.667: [GC (Allocation Failure)  838129K->514601K(1023488K), 0.0047052 secs]
316.672: Total time for which application threads were stopped: 0.0048654 seconds, Stopping threads took: 0.0000199 seconds
316.738: [GC (Allocation Failure)  838185K->522571K(1035264K), 0.0047851 secs]
316.742: Total time for which application threads were stopped: 0.0049767 seconds, Stopping threads took: 0.0000187 seconds
316.812: [GC (Allocation Failure)  845131K->522571K(1030144K), 0.0045849 secs]
316.817: Total time for which application threads were stopped: 0.0047342 seconds, Stopping threads took: 0.0000161 seconds
316.884: [GC (Allocation Failure)  845131K->522627K(1034752K), 0.0048300 secs]
316.889: Total time for which application threads were stopped: 0.0049987 seconds, Stopping threads took: 0.0000265 seconds
316.956: [GC (Allocation Failure)  844163K->530629K(1029120K), 0.0048623 secs]
316.961: Total time for which application threads were stopped: 0.0050362 seconds, Stopping threads took: 0.0000204 seconds
317.030: [GC (Allocation Failure)  852165K->530597K(1034240K), 0.0044341 secs]
317.035: Total time for which application threads were stopped: 0.0046046 seconds, Stopping threads took: 0.0000282 seconds
317.102: [GC (Allocation Failure)  851109K->530829K(1034240K), 0.0046197 secs]
317.107: Total time for which application threads were stopped: 0.0048009 seconds, Stopping threads took: 0.0000254 seconds
317.176: [GC (Allocation Failure)  851341K->538639K(1034240K), 0.0043918 secs]
317.181: Total time for which application threads were stopped: 0.0045374 seconds, Stopping threads took: 0.0000164 seconds
317.249: [GC (Allocation Failure)  859151K->538671K(1034240K), 0.0045975 secs]
317.254: Total time for which application threads were stopped: 0.0047639 seconds, Stopping threads took: 0.0000192 seconds
317.321: [GC (Allocation Failure)  859183K->539079K(1033216K), 0.0047284 secs]
317.326: Total time for which application threads were stopped: 0.0048967 seconds, Stopping threads took: 0.0000195 seconds
317.394: [GC (Allocation Failure)  858567K->546666K(1033728K), 0.0047891 secs]
317.399: Total time for which application threads were stopped: 0.0049752 seconds, Stopping threads took: 0.0000261 seconds
317.466: [GC (Allocation Failure)  866154K->546666K(1033728K), 0.0045532 secs]
317.471: Total time for which application threads were stopped: 0.0047159 seconds, Stopping threads took: 0.0000196 seconds
317.537: [GC (Allocation Failure)  866154K->546794K(1033728K), 0.0046248 secs]
317.541: Total time for which application threads were stopped: 0.0047930 seconds, Stopping threads took: 0.0000259 seconds
317.611: [GC (Allocation Failure)  866282K->554732K(1033728K), 0.0046277 secs]
317.616: Total time for which application threads were stopped: 0.0047971 seconds, Stopping threads took: 0.0000194 seconds
317.683: [GC (Allocation Failure)  874220K->554700K(1033728K), 0.0048318 secs]
317.688: Total time for which application threads were stopped: 0.0050305 seconds, Stopping threads took: 0.0000218 seconds
317.756: [GC (Allocation Failure)  874188K->554764K(1033728K), 0.0047433 secs]
317.761: Total time for which application threads were stopped: 0.0049133 seconds, Stopping threads took: 0.0000190 seconds
317.828: [GC (Allocation Failure)  874252K->562734K(1027072K), 0.0046934 secs]
317.833: Total time for which application threads were stopped: 0.0048612 seconds, Stopping threads took: 0.0000192 seconds
317.897: [GC (Allocation Failure)  882222K->558828K(1034240K), 0.0037413 secs]
317.901: Total time for which application threads were stopped: 0.0039318 seconds, Stopping threads took: 0.0000197 seconds
317.970: [GC (Allocation Failure)  878316K->562894K(1033216K), 0.0048570 secs]
317.975: Total time for which application threads were stopped: 0.0050401 seconds, Stopping threads took: 0.0000164 seconds
318.044: [GC (Allocation Failure)  882382K->566862K(1034752K), 0.0044472 secs]
318.049: Total time for which application threads were stopped: 0.0045979 seconds, Stopping threads took: 0.0000252 seconds
318.116: [GC (Allocation Failure)  888398K->560108K(1034752K), 0.0020494 secs]
318.118: Total time for which application threads were stopped: 0.0022396 seconds, Stopping threads took: 0.0000199 seconds
318.187: [GC (Allocation Failure)  881644K->566926K(1034752K), 0.0047896 secs]
318.192: Total time for which application threads were stopped: 0.0049677 seconds, Stopping threads took: 0.0000272 seconds
318.258: [GC (Allocation Failure)  888462K->571006K(1034752K), 0.0057069 secs]
318.263: Total time for which application threads were stopped: 0.0058694 seconds, Stopping threads took: 0.0000203 seconds
318.329: [GC (Allocation Failure)  892542K->565468K(1034752K), 0.0027540 secs]
318.332: Total time for which application threads were stopped: 0.0029431 seconds, Stopping threads took: 0.0000186 seconds
318.399: [GC (Allocation Failure)  887004K->571270K(1034752K), 0.0048145 secs]
318.404: Total time for which application threads were stopped: 0.0049907 seconds, Stopping threads took: 0.0000210 seconds
318.472: [GC (Allocation Failure)  892806K->575142K(1034752K), 0.0051844 secs]
318.477: Total time for which application threads were stopped: 0.0053589 seconds, Stopping threads took: 0.0000218 seconds
318.544: [GC (Allocation Failure)  897631K->571268K(1035264K), 0.0035034 secs]
318.548: Total time for which application threads were stopped: 0.0036758 seconds, Stopping threads took: 0.0000200 seconds
318.618: [GC (Allocation Failure)  893828K->575310K(1036288K), 0.0048074 secs]
318.623: Total time for which application threads were stopped: 0.0049756 seconds, Stopping threads took: 0.0000191 seconds
318.691: [GC (Allocation Failure)  899406K->579278K(1035776K), 0.0047181 secs]
318.695: Total time for which application threads were stopped: 0.0049038 seconds, Stopping threads took: 0.0000351 seconds
318.764: [GC (Allocation Failure)  903374K->579310K(1035776K), 0.0047594 secs]
318.768: Total time for which application threads were stopped: 0.0049304 seconds, Stopping threads took: 0.0000201 seconds
318.836: [GC (Allocation Failure)  902894K->579342K(1023488K), 0.0049429 secs]
318.841: Total time for which application threads were stopped: 0.0051202 seconds, Stopping threads took: 0.0000221 seconds
318.909: [GC (Allocation Failure)  902926K->587345K(1035264K), 0.0046978 secs]
318.913: Total time for which application threads were stopped: 0.0049005 seconds, Stopping threads took: 0.0000279 seconds
318.983: [GC (Allocation Failure)  909905K->587313K(1030144K), 0.0045928 secs]
318.987: Total time for which application threads were stopped: 0.0047537 seconds, Stopping threads took: 0.0000196 seconds
319.055: [GC (Allocation Failure)  909873K->587369K(1034752K), 0.0047517 secs]
319.060: Total time for which application threads were stopped: 0.0049157 seconds, Stopping threads took: 0.0000259 seconds
319.128: [GC (Allocation Failure)  908905K->595339K(1034752K), 0.0049054 secs]
319.133: Total time for which application threads were stopped: 0.0050655 seconds, Stopping threads took: 0.0000168 seconds
319.201: [GC (Allocation Failure)  916875K->595339K(1033728K), 0.0045952 secs]
319.206: Total time for which application threads were stopped: 0.0047894 seconds, Stopping threads took: 0.0000201 seconds
319.275: [GC (Allocation Failure)  915851K->595595K(1034240K), 0.0048837 secs]
319.280: Total time for which application threads were stopped: 0.0050483 seconds, Stopping threads took: 0.0000169 seconds
319.349: [GC (Allocation Failure)  916107K->603373K(1034240K), 0.0046916 secs]
319.353: Total time for which application threads were stopped: 0.0048552 seconds, Stopping threads took: 0.0000201 seconds
319.423: [GC (Allocation Failure)  923885K->603373K(1034240K), 0.0049052 secs]
319.428: Total time for which application threads were stopped: 0.0050981 seconds, Stopping threads took: 0.0000284 seconds
319.496: [GC (Allocation Failure)  923885K->603813K(1033216K), 0.0050083 secs]
319.501: Total time for which application threads were stopped: 0.0051817 seconds, Stopping threads took: 0.0000199 seconds
319.570: [GC (Allocation Failure)  923301K->611399K(1033728K), 0.0049017 secs]
319.575: Total time for which application threads were stopped: 0.0050710 seconds, Stopping threads took: 0.0000195 seconds
319.645: [GC (Allocation Failure)  930887K->611399K(1033728K), 0.0048872 secs]
319.650: Total time for which application threads were stopped: 0.0050733 seconds, Stopping threads took: 0.0000170 seconds
319.717: [GC (Allocation Failure)  930887K->611527K(1033728K), 0.0047730 secs]
319.721: Total time for which application threads were stopped: 0.0049428 seconds, Stopping threads took: 0.0000180 seconds
319.791: [GC (Allocation Failure)  931015K->619434K(1033728K), 0.0048059 secs]
319.795: Total time for which application threads were stopped: 0.0049734 seconds, Stopping threads took: 0.0000190 seconds
319.862: [GC (Allocation Failure)  938922K->619434K(1033728K), 0.0050041 secs]
319.867: Total time for which application threads were stopped: 0.0051785 seconds, Stopping threads took: 0.0000194 seconds
319.934: [GC (Allocation Failure)  938922K->619498K(1033728K), 0.0048398 secs]
319.939: Total time for which application threads were stopped: 0.0050128 seconds, Stopping threads took: 0.0000210 seconds
320.005: [GC (Allocation Failure)  938986K->627468K(1027072K), 0.0048047 secs]
320.010: Total time for which application threads were stopped: 0.0049841 seconds, Stopping threads took: 0.0000198 seconds
320.075: [GC (Allocation Failure)  946955K->623562K(1034240K), 0.0039710 secs]
320.079: Total time for which application threads were stopped: 0.0041365 seconds, Stopping threads took: 0.0000194 seconds
320.146: [GC (Allocation Failure)  943050K->627596K(1033216K), 0.0049686 secs]
320.151: Total time for which application threads were stopped: 0.0051332 seconds, Stopping threads took: 0.0000213 seconds
320.219: [GC (Allocation Failure)  947084K->631564K(1034752K), 0.0056406 secs]
320.224: Total time for which application threads were stopped: 0.0058118 seconds, Stopping threads took: 0.0000192 seconds
320.292: [GC (Allocation Failure)  953100K->624810K(1034752K), 0.0021964 secs]
320.295: Total time for which application threads were stopped: 0.0023454 seconds, Stopping threads took: 0.0000201 seconds
320.362: [GC (Allocation Failure)  946346K->631668K(1034752K), 0.0047472 secs]
320.367: Total time for which application threads were stopped: 0.0049181 seconds, Stopping threads took: 0.0000191 seconds
320.432: [GC (Allocation Failure)  953204K->635716K(1034752K), 0.0056683 secs]
320.438: Total time for which application threads were stopped: 0.0058376 seconds, Stopping threads took: 0.0000197 seconds
320.504: [GC (Allocation Failure)  957252K->630178K(1034752K), 0.0028205 secs]
320.507: Total time for which application threads were stopped: 0.0029726 seconds, Stopping threads took: 0.0000194 seconds
320.577: [GC (Allocation Failure)  951714K->636020K(1034752K), 0.0049016 secs]
320.582: Total time for which application threads were stopped: 0.0050816 seconds, Stopping threads took: 0.0000280 seconds
320.650: [GC (Allocation Failure)  957556K->639924K(1034752K), 0.0050915 secs]
320.655: Total time for which application threads were stopped: 0.0052529 seconds, Stopping threads took: 0.0000194 seconds
320.722: [GC (Allocation Failure)  962412K->635954K(1035264K), 0.0036532 secs]
320.726: Total time for which application threads were stopped: 0.0038124 seconds, Stopping threads took: 0.0000198 seconds
320.795: [GC (Allocation Failure)  958514K->640012K(1036288K), 0.0048509 secs]
320.800: Total time for which application threads were stopped: 0.0050393 seconds, Stopping threads took: 0.0000190 seconds
320.868: [GC (Allocation Failure)  964108K->644012K(1035776K), 0.0047966 secs]
320.873: Total time for which application threads were stopped: 0.0049862 seconds, Stopping threads took: 0.0000191 seconds
320.943: [GC (Allocation Failure)  968108K->644044K(1035776K), 0.0048050 secs]
320.948: Total time for which application threads were stopped: 0.0049753 seconds, Stopping threads took: 0.0000198 seconds
321.016: [GC (Allocation Failure)  967628K->644076K(1023488K), 0.0049202 secs]
321.021: Total time for which application threads were stopped: 0.0051148 seconds, Stopping threads took: 0.0000205 seconds
321.089: [GC (Allocation Failure)  967660K->652078K(1035264K), 0.0049566 secs]
321.094: Total time for which application threads were stopped: 0.0051099 seconds, Stopping threads took: 0.0000162 seconds
321.162: [GC (Allocation Failure)  974638K->652046K(1030144K), 0.0047722 secs]
321.167: Total time for which application threads were stopped: 0.0049458 seconds, Stopping threads took: 0.0000251 seconds
321.234: [GC (Allocation Failure)  974606K->652102K(1034752K), 0.0049805 secs]
321.240: Total time for which application threads were stopped: 0.0051501 seconds, Stopping threads took: 0.0000198 seconds
321.309: [GC (Allocation Failure)  973638K->660104K(1029120K), 0.0050515 secs]
321.314: Total time for which application threads were stopped: 0.0052118 seconds, Stopping threads took: 0.0000192 seconds
321.382: [GC (Allocation Failure)  981640K->660104K(1034240K), 0.0046726 secs]
321.387: Total time for which application threads were stopped: 0.0048313 seconds, Stopping threads took: 0.0000193 seconds
321.454: [GC (Allocation Failure)  980616K->660328K(1034240K), 0.0048708 secs]
321.459: Total time for which application threads were stopped: 0.0050344 seconds, Stopping threads took: 0.0000198 seconds
321.527: [GC (Allocation Failure)  980840K->668139K(1034240K), 0.0047817 secs]
321.532: Total time for which application threads were stopped: 0.0049568 seconds, Stopping threads took: 0.0000250 seconds
321.602: [GC (Allocation Failure)  988651K->668075K(1034240K), 0.0067944 secs]
321.609: Total time for which application threads were stopped: 0.0069552 seconds, Stopping threads took: 0.0000167 seconds
321.676: [GC (Allocation Failure)  988587K->668555K(1033216K), 0.0050065 secs]
321.681: Total time for which application threads were stopped: 0.0052036 seconds, Stopping threads took: 0.0000199 seconds
321.750: [GC (Allocation Failure)  988043K->676173K(1033728K), 0.0050593 secs]
321.755: Total time for which application threads were stopped: 0.0052238 seconds, Stopping threads took: 0.0000198 seconds
321.823: [GC (Allocation Failure)  995661K->676173K(1033728K), 0.0050643 secs]
321.828: Total time for which application threads were stopped: 0.0052385 seconds, Stopping threads took: 0.0000197 seconds
321.893: [GC (Allocation Failure)  995661K->676269K(1033728K), 0.0049893 secs]
321.898: Total time for which application threads were stopped: 0.0051831 seconds, Stopping threads took: 0.0000197 seconds
321.967: [GC (Allocation Failure)  995757K->684175K(1033728K), 0.0048011 secs]
321.972: Total time for which application threads were stopped: 0.0049766 seconds, Stopping threads took: 0.0000168 seconds
322.041: [GC (Allocation Failure)  1003663K->684175K(1033728K), 0.0049989 secs]
322.046: Total time for which application threads were stopped: 0.0051620 seconds, Stopping threads took: 0.0000255 seconds
322.113: [GC (Allocation Failure)  1003663K->684231K(1033728K), 0.0048758 secs]
322.118: Total time for which application threads were stopped: 0.0050674 seconds, Stopping threads took: 0.0000194 seconds
322.186: [GC (Allocation Failure)  1003719K->692233K(1027072K), 0.0108462 secs]
322.197: Total time for which application threads were stopped: 0.0109963 seconds, Stopping threads took: 0.0000170 seconds
322.264: [GC (Allocation Failure)  1011721K->688327K(1034240K), 0.0040984 secs]
322.268: Total time for which application threads were stopped: 0.0042888 seconds, Stopping threads took: 0.0000211 seconds
322.336: [GC (Allocation Failure)  1007815K->692353K(1033216K), 0.0049324 secs]
322.341: [Full GC (Ergonomics)  692353K->8609K(1033216K), 0.0127535 secs]
322.354: Total time for which application threads were stopped: 0.0179369 seconds, Stopping threads took: 0.0000221 seconds
322.422: [GC (Allocation Failure)  328097K->16707K(1034752K), 0.0037957 secs]
322.426: Total time for which application threads were stopped: 0.0039635 seconds, Stopping threads took: 0.0000195 seconds
322.493: [GC (Allocation Failure)  338243K->9969K(1034752K), 0.0008975 secs]
322.493: Total time for which application threads were stopped: 0.0010178 seconds, Stopping threads took: 0.0000197 seconds
322.561: [GC (Allocation Failure)  331505K->16795K(1034752K), 0.0035828 secs]
322.565: Total time for which application threads were stopped: 0.0037430 seconds, Stopping threads took: 0.0000196 seconds
322.632: [GC (Allocation Failure)  338331K->20907K(1034752K), 0.0046358 secs]
322.637: Total time for which application threads were stopped: 0.0048056 seconds, Stopping threads took: 0.0000193 seconds
322.704: [GC (Allocation Failure)  342443K->15337K(1034752K), 0.0014139 secs]
322.706: Total time for which application threads were stopped: 0.0015467 seconds, Stopping threads took: 0.0000194 seconds
322.773: [GC (Allocation Failure)  336873K->21179K(1034752K), 0.0038237 secs]
322.777: Total time for which application threads were stopped: 0.0039951 seconds, Stopping threads took: 0.0000190 seconds
322.846: [GC (Allocation Failure)  342715K->25051K(1035264K), 0.0041158 secs]
322.850: Total time for which application threads were stopped: 0.0042731 seconds, Stopping threads took: 0.0000195 seconds
322.916: [GC (Allocation Failure)  347540K->21145K(1035264K), 0.0023321 secs]
322.919: Total time for which application threads were stopped: 0.0024871 seconds, Stopping threads took: 0.0000191 seconds
322.987: [GC (Allocation Failure)  343705K->25179K(1036288K), 0.0037790 secs]
322.991: Total time for which application threads were stopped: 0.0039401 seconds, Stopping threads took: 0.0000196 seconds
323.061: [GC (Allocation Failure)  349275K->29147K(1035776K), 0.0035501 secs]
323.064: Total time for which application threads were stopped: 0.0037076 seconds, Stopping threads took: 0.0000256 seconds
323.134: [GC (Allocation Failure)  353243K->29147K(1035776K), 0.0035293 secs]
323.137: Total time for which application threads were stopped: 0.0037097 seconds, Stopping threads took: 0.0000281 seconds
323.205: [GC (Allocation Failure)  352731K->29211K(1023488K), 0.0038544 secs]
323.209: Total time for which application threads were stopped: 0.0040102 seconds, Stopping threads took: 0.0000193 seconds
323.275: [GC (Allocation Failure)  352795K->37214K(1035264K), 0.0038148 secs]
323.279: Total time for which application threads were stopped: 0.0039713 seconds, Stopping threads took: 0.0000192 seconds
323.348: [GC (Allocation Failure)  359774K->37182K(1030144K), 0.0035906 secs]
323.351: Total time for which application threads were stopped: 0.0037592 seconds, Stopping threads took: 0.0000194 seconds
323.419: [GC (Allocation Failure)  359742K->37206K(1034752K), 0.0044290 secs]
323.423: Total time for which application threads were stopped: 0.0045988 seconds, Stopping threads took: 0.0000195 seconds
323.491: [GC (Allocation Failure)  358742K->45208K(1029120K), 0.0037366 secs]
323.495: Total time for which application threads were stopped: 0.0039347 seconds, Stopping threads took: 0.0000203 seconds
323.565: [GC (Allocation Failure)  366744K->45176K(1034240K), 0.0033689 secs]
323.569: Total time for which application threads were stopped: 0.0035150 seconds, Stopping threads took: 0.0000248 seconds
323.638: [GC (Allocation Failure)  365688K->45464K(1034240K), 0.0037466 secs]
323.642: Total time for which application threads were stopped: 0.0038939 seconds, Stopping threads took: 0.0000166 seconds
323.709: [GC (Allocation Failure)  365976K->53274K(1034240K), 0.0035928 secs]
323.713: Total time for which application threads were stopped: 0.0037535 seconds, Stopping threads took: 0.0000194 seconds
323.781: [GC (Allocation Failure)  373786K->53242K(1034240K), 0.0037478 secs]
323.785: Total time for which application threads were stopped: 0.0039080 seconds, Stopping threads took: 0.0000191 seconds
323.852: [GC (Allocation Failure)  373754K->53682K(1033216K), 0.0038126 secs]
323.856: Total time for which application threads were stopped: 0.0040084 seconds, Stopping threads took: 0.0000197 seconds
323.925: [GC (Allocation Failure)  373170K->61300K(1033728K), 0.0037058 secs]
323.929: Total time for which application threads were stopped: 0.0038636 seconds, Stopping threads took: 0.0000189 seconds
323.998: [GC (Allocation Failure)  380788K->61268K(1033728K), 0.0036750 secs]
324.002: Total time for which application threads were stopped: 0.0038344 seconds, Stopping threads took: 0.0000189 seconds
324.067: [GC (Allocation Failure)  380756K->61388K(1033728K), 0.0036538 secs]
324.071: Total time for which application threads were stopped: 0.0038596 seconds, Stopping threads took: 0.0000259 seconds
324.140: [GC (Allocation Failure)  380876K->69327K(1033728K), 0.0035580 secs]
324.143: Total time for which application threads were stopped: 0.0037061 seconds, Stopping threads took: 0.0000164 seconds
324.210: [GC (Allocation Failure)  388815K->69327K(1033728K), 0.0035768 secs]
324.214: Total time for which application threads were stopped: 0.0037681 seconds, Stopping threads took: 0.0000189 seconds
324.282: [GC (Allocation Failure)  388815K->69351K(1033728K), 0.0038033 secs]
324.286: Total time for which application threads were stopped: 0.0039883 seconds, Stopping threads took: 0.0000161 seconds
324.354: [GC (Allocation Failure)  388839K->77353K(1027072K), 0.0038072 secs]
324.358: Total time for which application threads were stopped: 0.0039671 seconds, Stopping threads took: 0.0000188 seconds
324.423: [GC (Allocation Failure)  396840K->73447K(1034240K), 0.0027642 secs]
324.426: Total time for which application threads were stopped: 0.0029138 seconds, Stopping threads took: 0.0000193 seconds
324.493: [GC (Allocation Failure)  392935K->77481K(1033216K), 0.0039620 secs]
324.497: Total time for which application threads were stopped: 0.0041274 seconds, Stopping threads took: 0.0000193 seconds
324.564: [GC (Allocation Failure)  396969K->81481K(1034752K), 0.0037273 secs]
324.568: Total time for which application threads were stopped: 0.0038947 seconds, Stopping threads took: 0.0000279 seconds
324.636: [GC (Allocation Failure)  403017K->74663K(1034752K), 0.0013698 secs]
324.637: Total time for which application threads were stopped: 0.0014927 seconds, Stopping threads took: 0.0000195 seconds
324.704: [GC (Allocation Failure)  396199K->81521K(1034752K), 0.0035815 secs]
324.708: Total time for which application threads were stopped: 0.0037543 seconds, Stopping threads took: 0.0000191 seconds
324.775: [GC (Allocation Failure)  403057K->85633K(1034752K), 0.0047200 secs]
324.780: Total time for which application threads were stopped: 0.0048856 seconds, Stopping threads took: 0.0000164 seconds
324.846: [GC (Allocation Failure)  407169K->80063K(1034752K), 0.0015054 secs]
324.848: Total time for which application threads were stopped: 0.0016299 seconds, Stopping threads took: 0.0000168 seconds
324.915: [GC (Allocation Failure)  401599K->85873K(1034752K), 0.0039827 secs]
324.919: Total time for which application threads were stopped: 0.0041427 seconds, Stopping threads took: 0.0000164 seconds
324.986: [GC (Allocation Failure)  407409K->89745K(1035264K), 0.0040123 secs]
324.990: Total time for which application threads were stopped: 0.0042107 seconds, Stopping threads took: 0.0000202 seconds
325.058: [GC (Allocation Failure)  412233K->85871K(1035264K), 0.0024078 secs]
325.061: Total time for which application threads were stopped: 0.0025632 seconds, Stopping threads took: 0.0000201 seconds
325.130: [GC (Allocation Failure)  408431K->89897K(1036288K), 0.0038387 secs]
325.134: Total time for which application threads were stopped: 0.0040108 seconds, Stopping threads took: 0.0000199 seconds
325.202: [GC (Allocation Failure)  413993K->93865K(1035776K), 0.0037813 secs]
325.206: Total time for which application threads were stopped: 0.0039511 seconds, Stopping threads took: 0.0000199 seconds
325.275: [GC (Allocation Failure)  417961K->93897K(1035776K), 0.0037353 secs]
325.279: Total time for which application threads were stopped: 0.0039162 seconds, Stopping threads took: 0.0000196 seconds
325.347: [GC (Allocation Failure)  417481K->93929K(1023488K), 0.0038299 secs]
325.351: Total time for which application threads were stopped: 0.0040278 seconds, Stopping threads took: 0.0000199 seconds
