Java HotSpot(TM) 64-Bit Server VM (25.171-b11) for linux-amd64 JRE (1.8.0_171-b11), built on Mar 28 2018 17:07:08 by "java_re" with gcc 4.3.0 20080428 (Red Hat 4.3.0-8)
Memory: 4k page, physical 32883000k(29289708k free), swap 8000508k(8000508k free)
CommandLine flags: -XX:InitialHeapSize=1073741824 -XX:MaxHeapSize=1073741824 -XX:+PrintGC -XX:+PrintGCApplicationStoppedTime -XX:+PrintGCTimeStamps -XX:+UseCompressedClassPointers -XX:+UseCompressedOops -XX:+UseParallelGC 
0.289: [GC (Allocation Failure)  262144K->10348K(1005056K), 0.0063469 secs]
0.295: Total time for which application threads were stopped: 0.0065450 seconds, Stopping threads took: 0.0000176 seconds
0.360: [GC (Allocation Failure)  272492K->8642K(1005056K), 0.0037430 secs]
0.364: Total time for which application threads were stopped: 0.0039175 seconds, Stopping threads took: 0.0000313 seconds
0.420: [GC (Allocation Failure)  270786K->8594K(1005056K), 0.0030326 secs]
0.423: Total time for which application threads were stopped: 0.0031991 seconds, Stopping threads took: 0.0000178 seconds
0.479: [GC (Allocation Failure)  270738K->8562K(1005056K), 0.0045199 secs]
0.484: Total time for which application threads were stopped: 0.0046889 seconds, Stopping threads took: 0.0000331 seconds
0.539: [GC (Allocation Failure)  270706K->8722K(1005056K), 0.0034719 secs]
0.542: Total time for which application threads were stopped: 0.0036246 seconds, Stopping threads took: 0.0000193 seconds
0.600: [GC (Allocation Failure)  270866K->8562K(1038336K), 0.0043918 secs]
0.605: Total time for which application threads were stopped: 0.0045748 seconds, Stopping threads took: 0.0000283 seconds
0.681: [GC (Allocation Failure)  336754K->8580K(1037824K), 0.0039863 secs]
0.685: Total time for which application threads were stopped: 0.0041407 seconds, Stopping threads took: 0.0000189 seconds
0.755: [GC (Allocation Failure)  336772K->8644K(1038336K), 0.0038620 secs]
0.759: Total time for which application threads were stopped: 0.0040173 seconds, Stopping threads took: 0.0000192 seconds
0.828: [GC (Allocation Failure)  337348K->8580K(1038336K), 0.0038259 secs]
0.832: Total time for which application threads were stopped: 0.0039892 seconds, Stopping threads took: 0.0000193 seconds
0.900: [GC (Allocation Failure)  337284K->10276K(1037312K), 0.0034347 secs]
0.904: Total time for which application threads were stopped: 0.0036194 seconds, Stopping threads took: 0.0000270 seconds
0.975: [GC (Allocation Failure)  337956K->8612K(1037824K), 0.0036919 secs]
0.979: Total time for which application threads were stopped: 0.0038484 seconds, Stopping threads took: 0.0000193 seconds
1.047: [GC (Allocation Failure)  336292K->8612K(1037824K), 0.0037279 secs]
1.050: Total time for which application threads were stopped: 0.0039036 seconds, Stopping threads took: 0.0000197 seconds
1.118: [GC (Allocation Failure)  336292K->9516K(1028096K), 0.0047538 secs]
1.123: Total time for which application threads were stopped: 0.0049159 seconds, Stopping threads took: 0.0000270 seconds
1.193: [GC (Allocation Failure)  337196K->16846K(1037312K), 0.0038751 secs]
1.197: Total time for which application threads were stopped: 0.0040334 seconds, Stopping threads took: 0.0000190 seconds
1.265: [GC (Allocation Failure)  342990K->16622K(1036800K), 0.0037790 secs]
1.269: Total time for which application threads were stopped: 0.0039433 seconds, Stopping threads took: 0.0000197 seconds
1.335: [GC (Allocation Failure)  342766K->21972K(1034240K), 0.0067953 secs]
1.342: Total time for which application threads were stopped: 0.0069493 seconds, Stopping threads took: 0.0000196 seconds
1.409: [GC (Allocation Failure)  345556K->18966K(1035776K), 0.0038458 secs]
1.413: Total time for which application threads were stopped: 0.0040034 seconds, Stopping threads took: 0.0000193 seconds
1.483: [GC (Allocation Failure)  342550K->18774K(1036288K), 0.0040569 secs]
1.487: Total time for which application threads were stopped: 0.0042273 seconds, Stopping threads took: 0.0000211 seconds
1.554: [GC (Allocation Failure)  343379K->14868K(1028608K), 0.0024605 secs]
1.557: Total time for which application threads were stopped: 0.0026367 seconds, Stopping threads took: 0.0000201 seconds
1.625: [GC (Allocation Failure)  339476K->18942K(1035776K), 0.0041280 secs]
1.629: Total time for which application threads were stopped: 0.0043019 seconds, Stopping threads took: 0.0000266 seconds
1.696: [GC (Allocation Failure)  342526K->22910K(1035776K), 0.0038547 secs]
1.700: Total time for which application threads were stopped: 0.0040175 seconds, Stopping threads took: 0.0000208 seconds
1.767: [GC (Allocation Failure)  346494K->22910K(1036288K), 0.0037389 secs]
1.770: Total time for which application threads were stopped: 0.0039068 seconds, Stopping threads took: 0.0000203 seconds
1.839: [GC (Allocation Failure)  347518K->22974K(1024512K), 0.0048506 secs]
1.844: Total time for which application threads were stopped: 0.0050236 seconds, Stopping threads took: 0.0000194 seconds
1.913: [GC (Allocation Failure)  347582K->30944K(1035776K), 0.0039871 secs]
1.917: Total time for which application threads were stopped: 0.0041563 seconds, Stopping threads took: 0.0000197 seconds
1.985: [GC (Allocation Failure)  354528K->30944K(1035776K), 0.0036878 secs]
1.989: Total time for which application threads were stopped: 0.0038641 seconds, Stopping threads took: 0.0000243 seconds
2.057: [GC (Allocation Failure)  354528K->31016K(1034752K), 0.0045781 secs]
2.062: Total time for which application threads were stopped: 0.0047417 seconds, Stopping threads took: 0.0000195 seconds
2.131: [GC (Allocation Failure)  353576K->38986K(1035264K), 0.0059080 secs]
2.137: Total time for which application threads were stopped: 0.0060797 seconds, Stopping threads took: 0.0000229 seconds
2.205: [GC (Allocation Failure)  361546K->38986K(1035264K), 0.0038484 secs]
2.209: Total time for which application threads were stopped: 0.0040128 seconds, Stopping threads took: 0.0000190 seconds
2.277: [GC (Allocation Failure)  361546K->39242K(1022464K), 0.0047667 secs]
2.282: Total time for which application threads were stopped: 0.0049222 seconds, Stopping threads took: 0.0000198 seconds
2.350: [GC (Allocation Failure)  361802K->47021K(1034752K), 0.0037993 secs]
2.354: Total time for which application threads were stopped: 0.0039707 seconds, Stopping threads took: 0.0000198 seconds
2.422: [GC (Allocation Failure)  368557K->46989K(1034752K), 0.0039199 secs]
2.426: Total time for which application threads were stopped: 0.0040827 seconds, Stopping threads took: 0.0000190 seconds
2.491: [GC (Allocation Failure)  368525K->47461K(1034752K), 0.0046651 secs]
2.496: Total time for which application threads were stopped: 0.0048318 seconds, Stopping threads took: 0.0000199 seconds
2.564: [GC (Allocation Failure)  368997K->55047K(1034752K), 0.0038742 secs]
2.568: Total time for which application threads were stopped: 0.0040388 seconds, Stopping threads took: 0.0000194 seconds
2.637: [GC (Allocation Failure)  376583K->55047K(1034752K), 0.0034674 secs]
2.640: Total time for which application threads were stopped: 0.0036204 seconds, Stopping threads took: 0.0000249 seconds
2.706: [GC (Allocation Failure)  376583K->55175K(1021440K), 0.0046569 secs]
2.710: Total time for which application threads were stopped: 0.0048141 seconds, Stopping threads took: 0.0000197 seconds
2.778: [GC (Allocation Failure)  376711K->63081K(1034240K), 0.0038842 secs]
2.782: Total time for which application threads were stopped: 0.0040438 seconds, Stopping threads took: 0.0000205 seconds
2.850: [GC (Allocation Failure)  383593K->63081K(1034240K), 0.0038873 secs]
2.854: Total time for which application threads were stopped: 0.0040449 seconds, Stopping threads took: 0.0000197 seconds
2.920: [GC (Allocation Failure)  383593K->63145K(1034240K), 0.0047500 secs]
2.924: Total time for which application threads were stopped: 0.0049249 seconds, Stopping threads took: 0.0000201 seconds
2.994: [GC (Allocation Failure)  383657K->71115K(1034240K), 0.0040073 secs]
2.998: Total time for which application threads were stopped: 0.0041830 seconds, Stopping threads took: 0.0000205 seconds
3.065: [GC (Allocation Failure)  391627K->71115K(1034240K), 0.0039339 secs]
3.069: Total time for which application threads were stopped: 0.0041099 seconds, Stopping threads took: 0.0000228 seconds
3.139: [GC (Allocation Failure)  391627K->71147K(1020416K), 0.0054528 secs]
3.144: Total time for which application threads were stopped: 0.0056139 seconds, Stopping threads took: 0.0000262 seconds
3.213: [GC (Allocation Failure)  391659K->79150K(1033728K), 0.0039173 secs]
3.217: Total time for which application threads were stopped: 0.0040957 seconds, Stopping threads took: 0.0000170 seconds
3.282: [GC (Allocation Failure)  398638K->79150K(1033728K), 0.0037912 secs]
3.286: Total time for which application threads were stopped: 0.0039360 seconds, Stopping threads took: 0.0000165 seconds
3.352: [GC (Allocation Failure)  398638K->79342K(1033728K), 0.0050314 secs]
3.358: Total time for which application threads were stopped: 0.0051970 seconds, Stopping threads took: 0.0000194 seconds
3.424: [GC (Allocation Failure)  398830K->87184K(1033728K), 0.0039164 secs]
3.428: Total time for which application threads were stopped: 0.0040742 seconds, Stopping threads took: 0.0000205 seconds
3.498: [GC (Allocation Failure)  406672K->87184K(1033728K), 0.0038869 secs]
3.502: Total time for which application threads were stopped: 0.0040747 seconds, Stopping threads took: 0.0000192 seconds
3.569: [GC (Allocation Failure)  406672K->87600K(1033728K), 0.0047866 secs]
3.574: Total time for which application threads were stopped: 0.0049529 seconds, Stopping threads took: 0.0000199 seconds
3.642: [GC (Allocation Failure)  407088K->95250K(1032704K), 0.0041374 secs]
3.646: Total time for which application threads were stopped: 0.0043052 seconds, Stopping threads took: 0.0000196 seconds
3.714: [GC (Allocation Failure)  413714K->95218K(1033216K), 0.0038665 secs]
3.718: Total time for which application threads were stopped: 0.0040235 seconds, Stopping threads took: 0.0000201 seconds
3.782: [GC (Allocation Failure)  413682K->95354K(1032704K), 0.0049896 secs]
3.787: Total time for which application threads were stopped: 0.0051553 seconds, Stopping threads took: 0.0000202 seconds
3.854: [GC (Allocation Failure)  413818K->103261K(1033216K), 0.0038702 secs]
3.858: Total time for which application threads were stopped: 0.0040356 seconds, Stopping threads took: 0.0000197 seconds
3.924: [GC (Allocation Failure)  421725K->103261K(1033216K), 0.0037185 secs]
3.927: Total time for which application threads were stopped: 0.0038848 seconds, Stopping threads took: 0.0000193 seconds
3.992: [GC (Allocation Failure)  421725K->103325K(1033216K), 0.0049474 secs]
3.997: Total time for which application threads were stopped: 0.0051143 seconds, Stopping threads took: 0.0000221 seconds
4.062: Total time for which application threads were stopped: 0.0001286 seconds, Stopping threads took: 0.0000583 seconds
4.063: [GC (Allocation Failure)  421789K->111295K(1033216K), 0.0041043 secs]
4.067: Total time for which application threads were stopped: 0.0042516 seconds, Stopping threads took: 0.0000111 seconds
4.136: [GC (Allocation Failure)  429759K->103677K(1033216K), 0.0031006 secs]
4.139: Total time for which application threads were stopped: 0.0032459 seconds, Stopping threads took: 0.0000263 seconds
4.207: [GC (Allocation Failure)  422141K->111527K(1033216K), 0.0038383 secs]
4.211: Total time for which application threads were stopped: 0.0039976 seconds, Stopping threads took: 0.0000198 seconds
4.276: [GC (Allocation Failure)  429991K->115439K(1033216K), 0.0053893 secs]
4.282: Total time for which application threads were stopped: 0.0055785 seconds, Stopping threads took: 0.0000199 seconds
4.347: [GC (Allocation Failure)  433903K->116205K(1032192K), 0.0045031 secs]
4.352: Total time for which application threads were stopped: 0.0046631 seconds, Stopping threads took: 0.0000191 seconds
4.418: [GC (Allocation Failure)  433645K->115599K(1032704K), 0.0038390 secs]
4.422: Total time for which application threads were stopped: 0.0040177 seconds, Stopping threads took: 0.0000200 seconds
4.491: [GC (Allocation Failure)  433039K->115471K(1033216K), 0.0039650 secs]
4.496: Total time for which application threads were stopped: 0.0041325 seconds, Stopping threads took: 0.0000197 seconds
4.561: [GC (Allocation Failure)  433935K->118351K(1033216K), 0.0050552 secs]
4.566: Total time for which application threads were stopped: 0.0052289 seconds, Stopping threads took: 0.0000201 seconds
4.634: [GC (Allocation Failure)  436815K->123569K(1033728K), 0.0041639 secs]
4.638: Total time for which application threads were stopped: 0.0043590 seconds, Stopping threads took: 0.0000261 seconds
4.707: [GC (Allocation Failure)  443057K->123505K(1033728K), 0.0041196 secs]
4.711: Total time for which application threads were stopped: 0.0042713 seconds, Stopping threads took: 0.0000191 seconds
4.779: [GC (Allocation Failure)  442993K->124529K(1033728K), 0.0046507 secs]
4.784: Total time for which application threads were stopped: 0.0048037 seconds, Stopping threads took: 0.0000167 seconds
4.849: [GC (Allocation Failure)  444017K->131571K(1033728K), 0.0041480 secs]
4.853: Total time for which application threads were stopped: 0.0043137 seconds, Stopping threads took: 0.0000192 seconds
4.923: [GC (Allocation Failure)  451059K->131539K(1033728K), 0.0041523 secs]
4.927: Total time for which application threads were stopped: 0.0043157 seconds, Stopping threads took: 0.0000189 seconds
4.992: [GC (Allocation Failure)  451027K->131707K(1033728K), 0.0049133 secs]
4.997: Total time for which application threads were stopped: 0.0050711 seconds, Stopping threads took: 0.0000193 seconds
5.063: [GC (Allocation Failure)  451195K->139582K(1033728K), 0.0040272 secs]
5.067: Total time for which application threads were stopped: 0.0042131 seconds, Stopping threads took: 0.0000205 seconds
5.137: [GC (Allocation Failure)  459070K->139582K(1033728K), 0.0047489 secs]
5.142: Total time for which application threads were stopped: 0.0049397 seconds, Stopping threads took: 0.0000189 seconds
5.207: [GC (Allocation Failure)  459070K->143006K(1034240K), 0.0053069 secs]
5.213: Total time for which application threads were stopped: 0.0054615 seconds, Stopping threads took: 0.0000196 seconds
5.281: [GC (Allocation Failure)  463006K->147648K(1033728K), 0.0041346 secs]
5.285: Total time for which application threads were stopped: 0.0042927 seconds, Stopping threads took: 0.0000197 seconds
5.351: [GC (Allocation Failure)  467648K->147584K(1034240K), 0.0041023 secs]
5.355: Total time for which application threads were stopped: 0.0042944 seconds, Stopping threads took: 0.0000211 seconds
5.423: [GC (Allocation Failure)  468096K->148168K(1034240K), 0.0048295 secs]
5.428: Total time for which application threads were stopped: 0.0049856 seconds, Stopping threads took: 0.0000198 seconds
5.496: [GC (Allocation Failure)  468680K->155658K(1033216K), 0.0040536 secs]
5.500: Total time for which application threads were stopped: 0.0042324 seconds, Stopping threads took: 0.0000200 seconds
5.567: [GC (Allocation Failure)  475146K->155658K(1033728K), 0.0042102 secs]
5.571: Total time for which application threads were stopped: 0.0043938 seconds, Stopping threads took: 0.0000240 seconds
5.638: [GC (Allocation Failure)  475146K->156458K(1033216K), 0.0050938 secs]
5.643: Total time for which application threads were stopped: 0.0052657 seconds, Stopping threads took: 0.0000282 seconds
5.710: [GC (Allocation Failure)  475946K->163724K(1033728K), 0.0039172 secs]
5.714: Total time for which application threads were stopped: 0.0041093 seconds, Stopping threads took: 0.0000193 seconds
5.782: [GC (Allocation Failure)  483212K->163660K(1033728K), 0.0042820 secs]
5.786: Total time for which application threads were stopped: 0.0044513 seconds, Stopping threads took: 0.0000197 seconds
5.852: [GC (Allocation Failure)  483148K->167724K(1033728K), 0.0064328 secs]
5.859: Total time for which application threads were stopped: 0.0066118 seconds, Stopping threads took: 0.0000207 seconds
5.928: [GC (Allocation Failure)  487212K->171727K(1034240K), 0.0040972 secs]
5.932: Total time for which application threads were stopped: 0.0042631 seconds, Stopping threads took: 0.0000193 seconds
5.999: [GC (Allocation Failure)  492239K->171695K(1034240K), 0.0041763 secs]
6.003: Total time for which application threads were stopped: 0.0043370 seconds, Stopping threads took: 0.0000209 seconds
6.070: [GC (Allocation Failure)  492207K->172903K(1034240K), 0.0051192 secs]
6.075: Total time for which application threads were stopped: 0.0052841 seconds, Stopping threads took: 0.0000198 seconds
6.144: [GC (Allocation Failure)  493415K->179721K(1034240K), 0.0046655 secs]
6.149: Total time for which application threads were stopped: 0.0048536 seconds, Stopping threads took: 0.0000258 seconds
6.218: [GC (Allocation Failure)  500233K->179721K(1034240K), 0.0040095 secs]
6.222: Total time for which application threads were stopped: 0.0041537 seconds, Stopping threads took: 0.0000172 seconds
6.290: [GC (Allocation Failure)  500233K->180137K(1034240K), 0.0047411 secs]
6.295: Total time for which application threads were stopped: 0.0048995 seconds, Stopping threads took: 0.0000196 seconds
6.363: [GC (Allocation Failure)  500649K->187819K(1034240K), 0.0041843 secs]
6.367: Total time for which application threads were stopped: 0.0043720 seconds, Stopping threads took: 0.0000205 seconds
6.436: [GC (Allocation Failure)  508331K->187755K(1034240K), 0.0042213 secs]
6.441: Total time for which application threads were stopped: 0.0043781 seconds, Stopping threads took: 0.0000197 seconds
6.510: [GC (Allocation Failure)  508267K->189355K(1034240K), 0.0049994 secs]
6.515: Total time for which application threads were stopped: 0.0051641 seconds, Stopping threads took: 0.0000190 seconds
6.583: [GC (Allocation Failure)  509867K->195917K(1034240K), 0.0040801 secs]
6.587: Total time for which application threads were stopped: 0.0042495 seconds, Stopping threads took: 0.0000194 seconds
6.657: [GC (Allocation Failure)  516429K->195789K(1034240K), 0.0040497 secs]
6.661: Total time for which application threads were stopped: 0.0041956 seconds, Stopping threads took: 0.0000166 seconds
6.728: [GC (Allocation Failure)  516301K->196037K(1020416K), 0.0049445 secs]
6.733: Total time for which application threads were stopped: 0.0051370 seconds, Stopping threads took: 0.0000194 seconds
6.802: [GC (Allocation Failure)  516549K->203912K(1033728K), 0.0043726 secs]
6.807: Total time for which application threads were stopped: 0.0045289 seconds, Stopping threads took: 0.0000199 seconds
6.876: [GC (Allocation Failure)  523400K->203816K(1033728K), 0.0041924 secs]
6.880: Total time for which application threads were stopped: 0.0043565 seconds, Stopping threads took: 0.0000198 seconds
6.947: [GC (Allocation Failure)  523304K->203976K(1033728K), 0.0049964 secs]
6.952: Total time for which application threads were stopped: 0.0051527 seconds, Stopping threads took: 0.0000195 seconds
7.020: [GC (Allocation Failure)  523464K->211914K(1033728K), 0.0043424 secs]
7.025: Total time for which application threads were stopped: 0.0044944 seconds, Stopping threads took: 0.0000188 seconds
7.092: [GC (Allocation Failure)  531402K->211850K(1033728K), 0.0039699 secs]
7.096: Total time for which application threads were stopped: 0.0041518 seconds, Stopping threads took: 0.0000444 seconds
7.165: [GC (Allocation Failure)  531338K->211914K(1033728K), 0.0051314 secs]
7.170: Total time for which application threads were stopped: 0.0052837 seconds, Stopping threads took: 0.0000172 seconds
7.237: [GC (Allocation Failure)  531402K->219884K(1033728K), 0.0040799 secs]
7.241: Total time for which application threads were stopped: 0.0042350 seconds, Stopping threads took: 0.0000192 seconds
7.308: [GC (Allocation Failure)  539372K->219884K(1033728K), 0.0040816 secs]
7.312: Total time for which application threads were stopped: 0.0042463 seconds, Stopping threads took: 0.0000192 seconds
7.378: [GC (Allocation Failure)  539372K->220204K(1033728K), 0.0051728 secs]
7.384: Total time for which application threads were stopped: 0.0053289 seconds, Stopping threads took: 0.0000192 seconds
7.449: [GC (Allocation Failure)  539692K->227951K(1027072K), 0.0041282 secs]
7.453: Total time for which application threads were stopped: 0.0043448 seconds, Stopping threads took: 0.0000198 seconds
7.522: [GC (Allocation Failure)  547439K->227919K(1033216K), 0.0040529 secs]
7.526: Total time for which application threads were stopped: 0.0042068 seconds, Stopping threads took: 0.0000165 seconds
7.593: [GC (Allocation Failure)  546383K->228423K(1033216K), 0.0050331 secs]
7.598: Total time for which application threads were stopped: 0.0051917 seconds, Stopping threads took: 0.0000268 seconds
7.665: [GC (Allocation Failure)  546887K->235977K(1033216K), 0.0040405 secs]
7.670: Total time for which application threads were stopped: 0.0042033 seconds, Stopping threads took: 0.0000194 seconds
7.736: [GC (Allocation Failure)  554441K->235977K(1033216K), 0.0044632 secs]
7.740: Total time for which application threads were stopped: 0.0046369 seconds, Stopping threads took: 0.0000192 seconds
7.807: [GC (Allocation Failure)  554441K->236649K(1033216K), 0.0049431 secs]
7.812: Total time for which application threads were stopped: 0.0051161 seconds, Stopping threads took: 0.0000217 seconds
7.878: [GC (Allocation Failure)  555113K->244011K(1033216K), 0.0042414 secs]
7.883: Total time for which application threads were stopped: 0.0044030 seconds, Stopping threads took: 0.0000168 seconds
7.952: [GC (Allocation Failure)  562475K->243947K(1033216K), 0.0042840 secs]
7.957: Total time for which application threads were stopped: 0.0044748 seconds, Stopping threads took: 0.0000207 seconds
8.023: [GC (Allocation Failure)  562411K->244875K(1033216K), 0.0050764 secs]
8.028: Total time for which application threads were stopped: 0.0052329 seconds, Stopping threads took: 0.0000197 seconds
8.095: [GC (Allocation Failure)  563339K->252045K(1033216K), 0.0042916 secs]
8.100: Total time for which application threads were stopped: 0.0044622 seconds, Stopping threads took: 0.0000280 seconds
8.168: [GC (Allocation Failure)  570509K->252013K(1033216K), 0.0043488 secs]
8.172: Total time for which application threads were stopped: 0.0045150 seconds, Stopping threads took: 0.0000203 seconds
8.240: [GC (Allocation Failure)  570477K->252069K(1033216K), 0.0049927 secs]
8.245: Total time for which application threads were stopped: 0.0051589 seconds, Stopping threads took: 0.0000175 seconds
8.315: [GC (Allocation Failure)  570533K->260072K(1033216K), 0.0043008 secs]
8.319: Total time for which application threads were stopped: 0.0044614 seconds, Stopping threads took: 0.0000205 seconds
8.385: [GC (Allocation Failure)  578536K->260040K(1033216K), 0.0043601 secs]
8.389: Total time for which application threads were stopped: 0.0045298 seconds, Stopping threads took: 0.0000202 seconds
8.454: [GC (Allocation Failure)  578504K->260296K(1033216K), 0.0050008 secs]
8.459: Total time for which application threads were stopped: 0.0051696 seconds, Stopping threads took: 0.0000202 seconds
8.527: [GC (Allocation Failure)  578760K->268106K(1033216K), 0.0041950 secs]
8.531: Total time for which application threads were stopped: 0.0043785 seconds, Stopping threads took: 0.0000212 seconds
8.599: [GC (Allocation Failure)  586570K->268074K(1033216K), 0.0040498 secs]
8.603: Total time for which application threads were stopped: 0.0041941 seconds, Stopping threads took: 0.0000261 seconds
8.669: [GC (Allocation Failure)  586538K->268586K(1033216K), 0.0052476 secs]
8.674: Total time for which application threads were stopped: 0.0054001 seconds, Stopping threads took: 0.0000192 seconds
8.741: [GC (Allocation Failure)  587050K->276140K(1033216K), 0.0042366 secs]
8.745: Total time for which application threads were stopped: 0.0043955 seconds, Stopping threads took: 0.0000199 seconds
8.812: [GC (Allocation Failure)  594604K->276108K(1033216K), 0.0044283 secs]
8.817: Total time for which application threads were stopped: 0.0045857 seconds, Stopping threads took: 0.0000205 seconds
8.881: [GC (Allocation Failure)  594572K->276268K(1033216K), 0.0053212 secs]
8.886: Total time for which application threads were stopped: 0.0054770 seconds, Stopping threads took: 0.0000200 seconds
8.953: [GC (Allocation Failure)  594732K->284142K(1033216K), 0.0043522 secs]
8.958: Total time for which application threads were stopped: 0.0045142 seconds, Stopping threads took: 0.0000195 seconds
9.023: [GC (Allocation Failure)  602606K->284142K(1033216K), 0.0056482 secs]
9.029: Total time for which application threads were stopped: 0.0058038 seconds, Stopping threads took: 0.0000195 seconds
9.096: [GC (Allocation Failure)  602606K->284302K(1033216K), 0.0051649 secs]
9.101: Total time for which application threads were stopped: 0.0053304 seconds, Stopping threads took: 0.0000220 seconds
9.169: [GC (Allocation Failure)  602766K->292177K(1033216K), 0.0044528 secs]
9.173: Total time for which application threads were stopped: 0.0046418 seconds, Stopping threads took: 0.0000197 seconds
9.240: [GC (Allocation Failure)  610641K->292209K(1033216K), 0.0042283 secs]
9.245: Total time for which application threads were stopped: 0.0043816 seconds, Stopping threads took: 0.0000175 seconds
9.309: [GC (Allocation Failure)  610673K->292233K(1033216K), 0.0049398 secs]
9.314: Total time for which application threads were stopped: 0.0050982 seconds, Stopping threads took: 0.0000197 seconds
9.381: [GC (Allocation Failure)  610697K->300235K(1033216K), 0.0042380 secs]
9.385: Total time for which application threads were stopped: 0.0044328 seconds, Stopping threads took: 0.0000208 seconds
9.453: [GC (Allocation Failure)  618699K->300203K(1033216K), 0.0044187 secs]
9.457: Total time for which application threads were stopped: 0.0045747 seconds, Stopping threads took: 0.0000174 seconds
9.523: [GC (Allocation Failure)  618667K->300459K(1033216K), 0.0051772 secs]
9.528: Total time for which application threads were stopped: 0.0053329 seconds, Stopping threads took: 0.0000202 seconds
9.597: [GC (Allocation Failure)  618923K->308205K(1033216K), 0.0042860 secs]
9.601: Total time for which application threads were stopped: 0.0044595 seconds, Stopping threads took: 0.0000281 seconds
9.669: [GC (Allocation Failure)  626669K->308237K(1033216K), 0.0042493 secs]
9.673: Total time for which application threads were stopped: 0.0044125 seconds, Stopping threads took: 0.0000197 seconds
9.738: [GC (Allocation Failure)  626701K->308421K(1033216K), 0.0068003 secs]
9.745: Total time for which application threads were stopped: 0.0069610 seconds, Stopping threads took: 0.0000276 seconds
9.812: [GC (Allocation Failure)  626885K->316263K(1033216K), 0.0043932 secs]
9.817: Total time for which application threads were stopped: 0.0045583 seconds, Stopping threads took: 0.0000199 seconds
9.882: [GC (Allocation Failure)  634727K->310341K(1033216K), 0.0022648 secs]
9.884: Total time for which application threads were stopped: 0.0024360 seconds, Stopping threads took: 0.0000194 seconds
9.953: [GC (Allocation Failure)  628805K->316431K(1034240K), 0.0044012 secs]
9.957: Total time for which application threads were stopped: 0.0045995 seconds, Stopping threads took: 0.0000276 seconds
10.025: [GC (Allocation Failure)  635919K->320407K(1033216K), 0.0049336 secs]
10.030: Total time for which application threads were stopped: 0.0050929 seconds, Stopping threads took: 0.0000196 seconds
10.099: [GC (Allocation Failure)  639895K->324917K(1030656K), 0.0061838 secs]
10.105: Total time for which application threads were stopped: 0.0063552 seconds, Stopping threads took: 0.0000256 seconds
10.171: [GC (Allocation Failure)  641333K->320471K(1032192K), 0.0044143 secs]
10.176: Total time for which application threads were stopped: 0.0045666 seconds, Stopping threads took: 0.0000176 seconds
10.241: [GC (Allocation Failure)  636887K->320407K(1032704K), 0.0045086 secs]
10.245: Total time for which application threads were stopped: 0.0046691 seconds, Stopping threads took: 0.0000205 seconds
10.311: [GC (Allocation Failure)  637847K->323967K(1032704K), 0.0053669 secs]
10.317: Total time for which application threads were stopped: 0.0055461 seconds, Stopping threads took: 0.0000206 seconds
10.385: [GC (Allocation Failure)  641407K->328450K(1033216K), 0.0044807 secs]
10.390: Total time for which application threads were stopped: 0.0046720 seconds, Stopping threads took: 0.0000200 seconds
10.456: [GC (Allocation Failure)  646914K->328450K(1033216K), 0.0044374 secs]
10.460: Total time for which application threads were stopped: 0.0046003 seconds, Stopping threads took: 0.0000206 seconds
10.525: [GC (Allocation Failure)  646914K->331146K(1033728K), 0.0054900 secs]
10.531: Total time for which application threads were stopped: 0.0056598 seconds, Stopping threads took: 0.0000202 seconds
10.599: [GC (Allocation Failure)  650634K->336492K(1033728K), 0.0043414 secs]
10.603: Total time for which application threads were stopped: 0.0045019 seconds, Stopping threads took: 0.0000269 seconds
10.671: [GC (Allocation Failure)  655980K->336492K(1034240K), 0.0043161 secs]
10.676: Total time for which application threads were stopped: 0.0044860 seconds, Stopping threads took: 0.0000247 seconds
10.743: [GC (Allocation Failure)  656492K->338892K(1033728K), 0.0054526 secs]
10.748: Total time for which application threads were stopped: 0.0056217 seconds, Stopping threads took: 0.0000197 seconds
10.818: [GC (Allocation Failure)  658892K->344558K(1034240K), 0.0043310 secs]
10.822: Total time for which application threads were stopped: 0.0044898 seconds, Stopping threads took: 0.0000188 seconds
10.889: [GC (Allocation Failure)  665070K->344526K(1034240K), 0.0064985 secs]
10.896: Total time for which application threads were stopped: 0.0066549 seconds, Stopping threads took: 0.0000196 seconds
10.964: [GC (Allocation Failure)  665038K->348646K(1034752K), 0.0058342 secs]
10.970: Total time for which application threads were stopped: 0.0059973 seconds, Stopping threads took: 0.0000190 seconds
11.038: [GC (Allocation Failure)  669670K->352617K(1034240K), 0.0043637 secs]
11.042: Total time for which application threads were stopped: 0.0045568 seconds, Stopping threads took: 0.0000212 seconds
11.112: [GC (Allocation Failure)  673641K->352585K(1034752K), 0.0042266 secs]
11.116: Total time for which application threads were stopped: 0.0043873 seconds, Stopping threads took: 0.0000256 seconds
11.186: [GC (Allocation Failure)  674121K->352809K(1034752K), 0.0052207 secs]
11.191: Total time for which application threads were stopped: 0.0053869 seconds, Stopping threads took: 0.0000275 seconds
11.259: [GC (Allocation Failure)  674345K->360651K(1033728K), 0.0045085 secs]
11.264: Total time for which application threads were stopped: 0.0046952 seconds, Stopping threads took: 0.0000198 seconds
11.332: [GC (Allocation Failure)  681163K->360555K(1034240K), 0.0043619 secs]
11.337: Total time for which application threads were stopped: 0.0045550 seconds, Stopping threads took: 0.0000200 seconds
11.405: [GC (Allocation Failure)  681067K->364107K(1034752K), 0.0057084 secs]
11.411: Total time for which application threads were stopped: 0.0059134 seconds, Stopping threads took: 0.0000279 seconds
11.481: [GC (Allocation Failure)  685643K->368621K(1034752K), 0.0045316 secs]
11.485: Total time for which application threads were stopped: 0.0047004 seconds, Stopping threads took: 0.0000197 seconds
11.553: [GC (Allocation Failure)  690157K->368621K(1034752K), 0.0044677 secs]
11.557: Total time for which application threads were stopped: 0.0046562 seconds, Stopping threads took: 0.0000196 seconds
11.624: [GC (Allocation Failure)  690157K->369293K(1034752K), 0.0052778 secs]
11.629: Total time for which application threads were stopped: 0.0054969 seconds, Stopping threads took: 0.0000431 seconds
11.699: [GC (Allocation Failure)  690829K->376719K(1034752K), 0.0044401 secs]
11.704: Total time for which application threads were stopped: 0.0046208 seconds, Stopping threads took: 0.0000167 seconds
11.773: [GC (Allocation Failure)  698255K->376687K(1034752K), 0.0044253 secs]
11.777: Total time for which application threads were stopped: 0.0045829 seconds, Stopping threads took: 0.0000195 seconds
11.842: [GC (Allocation Failure)  698223K->378511K(1034752K), 0.0054784 secs]
11.848: Total time for which application threads were stopped: 0.0056708 seconds, Stopping threads took: 0.0000204 seconds
11.916: [GC (Allocation Failure)  700047K->384818K(1034752K), 0.0043358 secs]
11.920: Total time for which application threads were stopped: 0.0045095 seconds, Stopping threads took: 0.0000173 seconds
11.987: [GC (Allocation Failure)  706354K->384690K(1034752K), 0.0044427 secs]
11.991: Total time for which application threads were stopped: 0.0046213 seconds, Stopping threads took: 0.0000210 seconds
12.058: [GC (Allocation Failure)  706226K->387786K(1034752K), 0.0057374 secs]
12.064: Total time for which application threads were stopped: 0.0058987 seconds, Stopping threads took: 0.0000195 seconds
12.131: [GC (Allocation Failure)  709322K->392780K(1034752K), 0.0053436 secs]
12.136: Total time for which application threads were stopped: 0.0055436 seconds, Stopping threads took: 0.0000169 seconds
12.204: [GC (Allocation Failure)  714316K->392716K(1034752K), 0.0046425 secs]
12.208: Total time for which application threads were stopped: 0.0048120 seconds, Stopping threads took: 0.0000194 seconds
12.275: [GC (Allocation Failure)  714252K->392972K(1033728K), 0.0055381 secs]
12.280: Total time for which application threads were stopped: 0.0057280 seconds, Stopping threads took: 0.0000197 seconds
12.349: [GC (Allocation Failure)  713484K->400750K(1034240K), 0.0045713 secs]
12.354: Total time for which application threads were stopped: 0.0047278 seconds, Stopping threads took: 0.0000175 seconds
12.422: [GC (Allocation Failure)  721262K->400782K(1034240K), 0.0043704 secs]
12.426: Total time for which application threads were stopped: 0.0045410 seconds, Stopping threads took: 0.0000201 seconds
12.494: [GC (Allocation Failure)  721294K->403214K(1034240K), 0.0053874 secs]
12.499: Total time for which application threads were stopped: 0.0055667 seconds, Stopping threads took: 0.0000256 seconds
12.568: [GC (Allocation Failure)  723726K->408784K(1034752K), 0.0044840 secs]
12.573: Total time for which application threads were stopped: 0.0046563 seconds, Stopping threads took: 0.0000201 seconds
12.641: [GC (Allocation Failure)  730320K->408816K(1034752K), 0.0044048 secs]
12.646: Total time for which application threads were stopped: 0.0045834 seconds, Stopping threads took: 0.0000262 seconds
12.712: [GC (Allocation Failure)  730352K->411464K(1034752K), 0.0054830 secs]
12.718: Total time for which application threads were stopped: 0.0056474 seconds, Stopping threads took: 0.0000200 seconds
12.784: [GC (Allocation Failure)  733000K->416843K(1034752K), 0.0044273 secs]
12.788: Total time for which application threads were stopped: 0.0045934 seconds, Stopping threads took: 0.0000197 seconds
12.854: [GC (Allocation Failure)  738379K->416811K(1034752K), 0.0044858 secs]
12.859: Total time for which application threads were stopped: 0.0046784 seconds, Stopping threads took: 0.0000197 seconds
12.925: [GC (Allocation Failure)  738347K->420715K(1034752K), 0.0060192 secs]
12.931: Total time for which application threads were stopped: 0.0062087 seconds, Stopping threads took: 0.0000195 seconds
12.999: [GC (Allocation Failure)  742251K->424941K(1034240K), 0.0046794 secs]
13.003: Total time for which application threads were stopped: 0.0048614 seconds, Stopping threads took: 0.0000202 seconds
13.071: [GC (Allocation Failure)  746477K->424877K(1034752K), 0.0046980 secs]
13.076: Total time for which application threads were stopped: 0.0048676 seconds, Stopping threads took: 0.0000202 seconds
13.143: [GC (Allocation Failure)  746413K->425869K(1034240K), 0.0065698 secs]
13.150: Total time for which application threads were stopped: 0.0067494 seconds, Stopping threads took: 0.0000262 seconds
13.218: [GC (Allocation Failure)  747405K->432911K(1034752K), 0.0046178 secs]
13.223: Total time for which application threads were stopped: 0.0047762 seconds, Stopping threads took: 0.0000199 seconds
13.291: [GC (Allocation Failure)  754447K->432911K(1034752K), 0.0047450 secs]
13.296: Total time for which application threads were stopped: 0.0049134 seconds, Stopping threads took: 0.0000197 seconds
13.363: [GC (Allocation Failure)  754447K->435151K(1034752K), 0.0056604 secs]
13.369: Total time for which application threads were stopped: 0.0058255 seconds, Stopping threads took: 0.0000211 seconds
13.438: [GC (Allocation Failure)  756687K->440945K(1034752K), 0.0045974 secs]
13.442: Total time for which application threads were stopped: 0.0047660 seconds, Stopping threads took: 0.0000207 seconds
13.510: [GC (Allocation Failure)  762481K->440913K(1034752K), 0.0047786 secs]
13.515: Total time for which application threads were stopped: 0.0049500 seconds, Stopping threads took: 0.0000204 seconds
13.580: [GC (Allocation Failure)  762449K->444393K(1035264K), 0.0059968 secs]
13.586: Total time for which application threads were stopped: 0.0061659 seconds, Stopping threads took: 0.0000201 seconds
13.653: [GC (Allocation Failure)  766441K->448940K(1034752K), 0.0044378 secs]
13.658: Total time for which application threads were stopped: 0.0045974 seconds, Stopping threads took: 0.0000204 seconds
13.726: [GC (Allocation Failure)  770988K->448940K(1035264K), 0.0047633 secs]
13.731: Total time for which application threads were stopped: 0.0049314 seconds, Stopping threads took: 0.0000194 seconds
13.799: [GC (Allocation Failure)  771500K->451620K(1035264K), 0.0055477 secs]
13.805: Total time for which application threads were stopped: 0.0057224 seconds, Stopping threads took: 0.0000275 seconds
13.872: [GC (Allocation Failure)  774180K->456966K(1035264K), 0.0046053 secs]
13.876: Total time for which application threads were stopped: 0.0047671 seconds, Stopping threads took: 0.0000195 seconds
13.945: [GC (Allocation Failure)  779526K->456966K(1035264K), 0.0048032 secs]
13.949: Total time for which application threads were stopped: 0.0049598 seconds, Stopping threads took: 0.0000197 seconds
14.016: [GC (Allocation Failure)  779526K->459846K(1035264K), 0.0057809 secs]
14.022: Total time for which application threads were stopped: 0.0059534 seconds, Stopping threads took: 0.0000206 seconds
14.092: [GC (Allocation Failure)  782406K->465064K(1035264K), 0.0044693 secs]
14.097: Total time for which application threads were stopped: 0.0046749 seconds, Stopping threads took: 0.0000454 seconds
14.168: [GC (Allocation Failure)  787624K->465000K(1035264K), 0.0043886 secs]
14.173: Total time for which application threads were stopped: 0.0045444 seconds, Stopping threads took: 0.0000178 seconds
14.240: [GC (Allocation Failure)  787560K->460070K(1035264K), 0.0028030 secs]
14.243: Total time for which application threads were stopped: 0.0029683 seconds, Stopping threads took: 0.0000202 seconds
14.311: [GC (Allocation Failure)  782630K->465032K(1035264K), 0.0045970 secs]
14.315: Total time for which application threads were stopped: 0.0047671 seconds, Stopping threads took: 0.0000220 seconds
14.384: [GC (Allocation Failure)  787592K->465000K(1035264K), 0.0054232 secs]
14.389: Total time for which application threads were stopped: 0.0055731 seconds, Stopping threads took: 0.0000180 seconds
14.458: [GC (Allocation Failure)  787560K->464326K(1035776K), 0.0045285 secs]
14.463: Total time for which application threads were stopped: 0.0046941 seconds, Stopping threads took: 0.0000197 seconds
14.531: [GC (Allocation Failure)  787398K->465256K(1035264K), 0.0046962 secs]
14.536: Total time for which application threads were stopped: 0.0048629 seconds, Stopping threads took: 0.0000193 seconds
14.604: [GC (Allocation Failure)  788328K->465000K(1035776K), 0.0046890 secs]
14.609: Total time for which application threads were stopped: 0.0048547 seconds, Stopping threads took: 0.0000272 seconds
14.677: [GC (Allocation Failure)  788584K->470630K(1035776K), 0.0091211 secs]
14.686: Total time for which application threads were stopped: 0.0092878 seconds, Stopping threads took: 0.0000192 seconds
14.754: [GC (Allocation Failure)  794214K->466088K(1032704K), 0.0048103 secs]
14.759: Total time for which application threads were stopped: 0.0050018 seconds, Stopping threads took: 0.0000192 seconds
14.829: [GC (Allocation Failure)  786600K->465928K(1034240K), 0.0044570 secs]
14.833: Total time for which application threads were stopped: 0.0046150 seconds, Stopping threads took: 0.0000175 seconds
14.901: [GC (Allocation Failure)  786440K->472750K(1030656K), 0.0078273 secs]
14.909: Total time for which application threads were stopped: 0.0080217 seconds, Stopping threads took: 0.0000201 seconds
14.977: [GC (Allocation Failure)  790190K->467120K(1032704K), 0.0046414 secs]
14.981: Total time for which application threads were stopped: 0.0048016 seconds, Stopping threads took: 0.0000194 seconds
15.048: [GC (Allocation Failure)  784560K->467024K(1033728K), 0.0047504 secs]
15.053: Total time for which application threads were stopped: 0.0049184 seconds, Stopping threads took: 0.0000194 seconds
15.120: [GC (Allocation Failure)  786000K->464334K(1033216K), 0.0038065 secs]
15.124: Total time for which application threads were stopped: 0.0039883 seconds, Stopping threads took: 0.0000269 seconds
15.192: [GC (Allocation Failure)  783310K->467056K(1034752K), 0.0045757 secs]
15.196: Total time for which application threads were stopped: 0.0047440 seconds, Stopping threads took: 0.0000201 seconds
15.264: [GC (Allocation Failure)  788080K->466992K(1034240K), 0.0047071 secs]
15.268: Total time for which application threads were stopped: 0.0048715 seconds, Stopping threads took: 0.0000215 seconds
15.337: [GC (Allocation Failure)  788016K->462030K(1034240K), 0.0028301 secs]
15.340: Total time for which application threads were stopped: 0.0029940 seconds, Stopping threads took: 0.0000185 seconds
15.410: [GC (Allocation Failure)  783566K->467024K(1034752K), 0.0047689 secs]
15.415: Total time for which application threads were stopped: 0.0049390 seconds, Stopping threads took: 0.0000197 seconds
15.483: [GC (Allocation Failure)  788560K->466992K(1035776K), 0.0045964 secs]
15.487: Total time for which application threads were stopped: 0.0047550 seconds, Stopping threads took: 0.0000195 seconds
15.553: [GC (Allocation Failure)  790064K->464782K(1035264K), 0.0038552 secs]
15.557: Total time for which application threads were stopped: 0.0040156 seconds, Stopping threads took: 0.0000192 seconds
15.626: [GC (Allocation Failure)  787854K->467216K(1035776K), 0.0046193 secs]
15.630: Total time for which application threads were stopped: 0.0047879 seconds, Stopping threads took: 0.0000267 seconds
15.699: [GC (Allocation Failure)  790800K->466992K(1035776K), 0.0045465 secs]
15.703: Total time for which application threads were stopped: 0.0047266 seconds, Stopping threads took: 0.0000253 seconds
15.771: [GC (Allocation Failure)  790576K->471590K(1033216K), 0.0065909 secs]
15.777: Total time for which application threads were stopped: 0.0067650 seconds, Stopping threads took: 0.0000200 seconds
15.844: [GC (Allocation Failure)  793126K->467528K(1034752K), 0.0047668 secs]
15.849: Total time for which application threads were stopped: 0.0049286 seconds, Stopping threads took: 0.0000201 seconds
15.917: [GC (Allocation Failure)  789064K->467400K(1035776K), 0.0045034 secs]
15.922: Total time for which application threads were stopped: 0.0046697 seconds, Stopping threads took: 0.0000200 seconds
15.987: [GC (Allocation Failure)  790472K->474726K(1035264K), 0.0085035 secs]
15.996: Total time for which application threads were stopped: 0.0086714 seconds, Stopping threads took: 0.0000165 seconds
16.066: [GC (Allocation Failure)  797798K->470120K(1033216K), 0.0049002 secs]
16.071: Total time for which application threads were stopped: 0.0050722 seconds, Stopping threads took: 0.0000197 seconds
16.140: [GC (Allocation Failure)  790632K->469992K(1034240K), 0.0044962 secs]
16.144: Total time for which application threads were stopped: 0.0047038 seconds, Stopping threads took: 0.0000288 seconds
16.213: [GC (Allocation Failure)  790504K->478054K(1030144K), 0.0086251 secs]
16.222: Total time for which application threads were stopped: 0.0087822 seconds, Stopping threads took: 0.0000184 seconds
16.288: [GC (Allocation Failure)  794470K->471880K(1032192K), 0.0046721 secs]
16.293: Total time for which application threads were stopped: 0.0048309 seconds, Stopping threads took: 0.0000197 seconds
16.359: [GC (Allocation Failure)  788296K->471784K(1033216K), 0.0048024 secs]
16.364: Total time for which application threads were stopped: 0.0049676 seconds, Stopping threads took: 0.0000188 seconds
16.429: [GC (Allocation Failure)  789736K->467302K(1032704K), 0.0029983 secs]
16.432: Total time for which application threads were stopped: 0.0031625 seconds, Stopping threads took: 0.0000183 seconds
16.499: [GC (Allocation Failure)  785254K->471816K(1033216K), 0.0045567 secs]
16.504: Total time for which application threads were stopped: 0.0047253 seconds, Stopping threads took: 0.0000198 seconds
16.570: [GC (Allocation Failure)  789768K->471784K(1032704K), 0.0047489 secs]
16.575: Total time for which application threads were stopped: 0.0049048 seconds, Stopping threads took: 0.0000191 seconds
16.641: [GC (Allocation Failure)  789736K->473992K(1032704K), 0.0054151 secs]
16.647: Total time for which application threads were stopped: 0.0055926 seconds, Stopping threads took: 0.0000278 seconds
16.716: [GC (Allocation Failure)  792456K->479851K(1033216K), 0.0046695 secs]
16.721: Total time for which application threads were stopped: 0.0048277 seconds, Stopping threads took: 0.0000201 seconds
16.788: [GC (Allocation Failure)  798315K->479851K(1034752K), 0.0043147 secs]
16.793: Total time for which application threads were stopped: 0.0044831 seconds, Stopping threads took: 0.0000201 seconds
16.860: [GC (Allocation Failure)  800875K->480675K(1034240K), 0.0055626 secs]
16.866: Total time for which application threads were stopped: 0.0057501 seconds, Stopping threads took: 0.0000212 seconds
16.936: [GC (Allocation Failure)  801699K->487845K(1034240K), 0.0047730 secs]
16.940: Total time for which application threads were stopped: 0.0049382 seconds, Stopping threads took: 0.0000212 seconds
17.008: [GC (Allocation Failure)  808357K->487845K(1034240K), 0.0051226 secs]
17.013: Total time for which application threads were stopped: 0.0053149 seconds, Stopping threads took: 0.0000200 seconds
17.080: [GC (Allocation Failure)  808357K->491525K(1034752K), 0.0061246 secs]
17.086: Total time for which application threads were stopped: 0.0063030 seconds, Stopping threads took: 0.0000233 seconds
17.155: [GC (Allocation Failure)  813061K->495975K(1034752K), 0.0045022 secs]
17.159: Total time for which application threads were stopped: 0.0046745 seconds, Stopping threads took: 0.0000175 seconds
17.226: [GC (Allocation Failure)  817511K->495911K(1035264K), 0.0047927 secs]
17.231: Total time for which application threads were stopped: 0.0049575 seconds, Stopping threads took: 0.0000195 seconds
17.298: [GC (Allocation Failure)  817959K->497159K(1034752K), 0.0055438 secs]
17.304: Total time for which application threads were stopped: 0.0057122 seconds, Stopping threads took: 0.0000193 seconds
17.372: [GC (Allocation Failure)  819207K->503945K(1034752K), 0.0047344 secs]
17.377: Total time for which application threads were stopped: 0.0048953 seconds, Stopping threads took: 0.0000200 seconds
17.444: [GC (Allocation Failure)  825481K->503945K(1034752K), 0.0049252 secs]
17.449: Total time for which application threads were stopped: 0.0050998 seconds, Stopping threads took: 0.0000195 seconds
17.515: [GC (Allocation Failure)  825481K->506921K(1035264K), 0.0058708 secs]
17.521: Total time for which application threads were stopped: 0.0060302 seconds, Stopping threads took: 0.0000201 seconds
17.590: [GC (Allocation Failure)  829481K->511948K(1035264K), 0.0045049 secs]
17.595: Total time for which application threads were stopped: 0.0046664 seconds, Stopping threads took: 0.0000266 seconds
17.663: [GC (Allocation Failure)  834508K->511916K(1035264K), 0.0047039 secs]
17.668: Total time for which application threads were stopped: 0.0048868 seconds, Stopping threads took: 0.0000256 seconds
17.737: [GC (Allocation Failure)  834476K->515172K(1035264K), 0.0058739 secs]
17.743: Total time for which application threads were stopped: 0.0060648 seconds, Stopping threads took: 0.0000201 seconds
17.812: [GC (Allocation Failure)  837732K->520038K(1035264K), 0.0050482 secs]
17.818: Total time for which application threads were stopped: 0.0052217 seconds, Stopping threads took: 0.0000175 seconds
17.886: [GC (Allocation Failure)  842598K->519974K(1035264K), 0.0045524 secs]
17.891: Total time for which application threads were stopped: 0.0047304 seconds, Stopping threads took: 0.0000203 seconds
17.957: [GC (Allocation Failure)  842534K->523406K(1035776K), 0.0061250 secs]
17.963: Total time for which application threads were stopped: 0.0062969 seconds, Stopping threads took: 0.0000205 seconds
18.034: [GC (Allocation Failure)  846478K->528144K(1035264K), 0.0047628 secs]
18.039: Total time for which application threads were stopped: 0.0049542 seconds, Stopping threads took: 0.0000202 seconds
18.108: [GC (Allocation Failure)  851216K->528048K(1035776K), 0.0046598 secs]
18.112: Total time for which application threads were stopped: 0.0048316 seconds, Stopping threads took: 0.0000278 seconds
18.183: [GC (Allocation Failure)  851632K->525646K(1035776K), 0.0038513 secs]
18.187: Total time for which application threads were stopped: 0.0040241 seconds, Stopping threads took: 0.0000193 seconds
18.257: [GC (Allocation Failure)  849230K->528112K(1035776K), 0.0045505 secs]
18.262: Total time for which application threads were stopped: 0.0047079 seconds, Stopping threads took: 0.0000195 seconds
18.331: [GC (Allocation Failure)  851696K->528016K(1035776K), 0.0045409 secs]
18.335: Total time for which application threads were stopped: 0.0047022 seconds, Stopping threads took: 0.0000195 seconds
18.404: [GC (Allocation Failure)  851600K->532966K(1032192K), 0.0070479 secs]
18.411: Total time for which application threads were stopped: 0.0071979 seconds, Stopping threads took: 0.0000186 seconds
18.479: [GC (Allocation Failure)  853478K->528776K(1034240K), 0.0047726 secs]
18.484: Total time for which application threads were stopped: 0.0050865 seconds, Stopping threads took: 0.0000193 seconds
18.551: [GC (Allocation Failure)  849288K->528744K(1035264K), 0.0046599 secs]
18.556: Total time for which application threads were stopped: 0.0048170 seconds, Stopping threads took: 0.0000198 seconds
18.625: [GC (Allocation Failure)  850792K->533414K(1034240K), 0.0068138 secs]
18.632: Total time for which application threads were stopped: 0.0069872 seconds, Stopping threads took: 0.0000267 seconds
18.700: [GC (Allocation Failure)  855462K->529000K(1034240K), 0.0048172 secs]
18.704: Total time for which application threads were stopped: 0.0050039 seconds, Stopping threads took: 0.0000252 seconds
18.775: [GC (Allocation Failure)  849512K->528744K(1034240K), 0.0045187 secs]
18.779: Total time for which application threads were stopped: 0.0046738 seconds, Stopping threads took: 0.0000247 seconds
18.847: [GC (Allocation Failure)  849256K->533126K(1032192K), 0.0066197 secs]
18.853: Total time for which application threads were stopped: 0.0067886 seconds, Stopping threads took: 0.0000191 seconds
18.920: [GC (Allocation Failure)  852614K->528936K(1033728K), 0.0047815 secs]
18.925: Total time for which application threads were stopped: 0.0049585 seconds, Stopping threads took: 0.0000198 seconds
18.993: [GC (Allocation Failure)  848424K->528744K(1034752K), 0.0047179 secs]
18.998: Total time for which application threads were stopped: 0.0048679 seconds, Stopping threads took: 0.0000174 seconds
19.065: [GC (Allocation Failure)  849768K->529766K(1034240K), 0.0053200 secs]
19.070: Total time for which application threads were stopped: 0.0054824 seconds, Stopping threads took: 0.0000194 seconds
19.139: [GC (Allocation Failure)  850790K->528872K(1035776K), 0.0051242 secs]
19.144: Total time for which application threads were stopped: 0.0053418 seconds, Stopping threads took: 0.0000280 seconds
19.213: [GC (Allocation Failure)  851944K->528744K(1035264K), 0.0047876 secs]
19.218: Total time for which application threads were stopped: 0.0049568 seconds, Stopping threads took: 0.0000208 seconds
19.283: [GC (Allocation Failure)  851816K->533494K(1033728K), 0.0069360 secs]
19.290: Total time for which application threads were stopped: 0.0071279 seconds, Stopping threads took: 0.0000192 seconds
19.357: [GC (Allocation Failure)  855030K->528840K(1034752K), 0.0048753 secs]
19.362: Total time for which application threads were stopped: 0.0050329 seconds, Stopping threads took: 0.0000171 seconds
19.428: [GC (Allocation Failure)  850376K->528744K(1035264K), 0.0048462 secs]
19.433: Total time for which application threads were stopped: 0.0050176 seconds, Stopping threads took: 0.0000205 seconds
19.501: [GC (Allocation Failure)  851304K->535782K(1035264K), 0.0083529 secs]
19.509: Total time for which application threads were stopped: 0.0085239 seconds, Stopping threads took: 0.0000205 seconds
19.578: [GC (Allocation Failure)  858342K->530536K(1032192K), 0.0048855 secs]
19.583: Total time for which application threads were stopped: 0.0050814 seconds, Stopping threads took: 0.0000204 seconds
19.652: [GC (Allocation Failure)  850024K->530536K(1033728K), 0.0045741 secs]
19.656: Total time for which application threads were stopped: 0.0047287 seconds, Stopping threads took: 0.0000161 seconds
19.722: [GC (Allocation Failure)  850024K->535718K(1032192K), 0.0072460 secs]
19.730: Total time for which application threads were stopped: 0.0074167 seconds, Stopping threads took: 0.0000277 seconds
19.797: [GC (Allocation Failure)  854182K->530760K(1033216K), 0.0048026 secs]
19.802: Total time for which application threads were stopped: 0.0049698 seconds, Stopping threads took: 0.0000197 seconds
19.869: [GC (Allocation Failure)  849224K->530536K(1033728K), 0.0049132 secs]
19.874: Total time for which application threads were stopped: 0.0050720 seconds, Stopping threads took: 0.0000197 seconds
19.940: [GC (Allocation Failure)  849512K->528262K(1033216K), 0.0039140 secs]
19.944: Total time for which application threads were stopped: 0.0040795 seconds, Stopping threads took: 0.0000198 seconds
20.012: [GC (Allocation Failure)  847238K->530664K(1034240K), 0.0046938 secs]
20.017: Total time for which application threads were stopped: 0.0048567 seconds, Stopping threads took: 0.0000204 seconds
20.085: [GC (Allocation Failure)  850664K->530536K(1033728K), 0.0047576 secs]
20.090: Total time for which application threads were stopped: 0.0049198 seconds, Stopping threads took: 0.0000204 seconds
20.156: [GC (Allocation Failure)  850536K->523814K(1032704K), 0.0019995 secs]
20.158: Total time for which application threads were stopped: 0.0021272 seconds, Stopping threads took: 0.0000149 seconds
20.225: [GC (Allocation Failure)  843302K->530632K(1033728K), 0.0046870 secs]
20.230: Total time for which application threads were stopped: 0.0048776 seconds, Stopping threads took: 0.0000187 seconds
20.299: [GC (Allocation Failure)  850120K->530536K(1034752K), 0.0048886 secs]
20.304: Total time for which application threads were stopped: 0.0050880 seconds, Stopping threads took: 0.0000197 seconds
20.369: [GC (Allocation Failure)  851560K->532616K(1034240K), 0.0056233 secs]
20.375: Total time for which application threads were stopped: 0.0057939 seconds, Stopping threads took: 0.0000204 seconds
20.442: [GC (Allocation Failure)  853640K->538634K(1034752K), 0.0045823 secs]
20.447: Total time for which application threads were stopped: 0.0047420 seconds, Stopping threads took: 0.0000204 seconds
20.514: [GC (Allocation Failure)  859658K->538570K(1034240K), 0.0057208 secs]
20.520: Total time for which application threads were stopped: 0.0058923 seconds, Stopping threads took: 0.0000196 seconds
20.587: [GC (Allocation Failure)  859594K->540330K(1034240K), 0.0058457 secs]
20.593: Total time for which application threads were stopped: 0.0059995 seconds, Stopping threads took: 0.0000186 seconds
20.660: [GC (Allocation Failure)  861866K->546829K(1034752K), 0.0048355 secs]
20.665: Total time for which application threads were stopped: 0.0050271 seconds, Stopping threads took: 0.0000196 seconds
20.734: [GC (Allocation Failure)  868365K->546605K(1035264K), 0.0049154 secs]
20.739: Total time for which application threads were stopped: 0.0050726 seconds, Stopping threads took: 0.0000173 seconds
20.806: [GC (Allocation Failure)  868653K->550093K(1034752K), 0.0060317 secs]
20.812: Total time for which application threads were stopped: 0.0062256 seconds, Stopping threads took: 0.0000278 seconds
20.882: [GC (Allocation Failure)  872141K->554831K(1035264K), 0.0048315 secs]
20.887: Total time for which application threads were stopped: 0.0049945 seconds, Stopping threads took: 0.0000198 seconds
20.955: [GC (Allocation Failure)  877391K->554671K(1035264K), 0.0046131 secs]
20.960: Total time for which application threads were stopped: 0.0048077 seconds, Stopping threads took: 0.0000219 seconds
21.028: [GC (Allocation Failure)  877231K->549773K(1035264K), 0.0029672 secs]
21.031: Total time for which application threads were stopped: 0.0031580 seconds, Stopping threads took: 0.0000483 seconds
21.100: [GC (Allocation Failure)  872333K->554799K(1035264K), 0.0047146 secs]
21.104: Total time for which application threads were stopped: 0.0048726 seconds, Stopping threads took: 0.0000198 seconds
21.175: [GC (Allocation Failure)  877359K->554639K(1035776K), 0.0045438 secs]
21.180: Total time for which application threads were stopped: 0.0047296 seconds, Stopping threads took: 0.0000182 seconds
21.249: [GC (Allocation Failure)  877711K->554573K(1035264K), 0.0049903 secs]
21.255: Total time for which application threads were stopped: 0.0051498 seconds, Stopping threads took: 0.0000192 seconds
21.325: [GC (Allocation Failure)  877645K->554767K(1035776K), 0.0048150 secs]
21.330: Total time for which application threads were stopped: 0.0050003 seconds, Stopping threads took: 0.0000275 seconds
21.398: [GC (Allocation Failure)  878351K->554671K(1035776K), 0.0046607 secs]
21.403: Total time for which application threads were stopped: 0.0048530 seconds, Stopping threads took: 0.0000196 seconds
21.472: [GC (Allocation Failure)  878255K->561397K(1031168K), 0.0083325 secs]
21.481: Total time for which application threads were stopped: 0.0084862 seconds, Stopping threads took: 0.0000170 seconds
21.548: [GC (Allocation Failure)  880885K->557207K(1033728K), 0.0050085 secs]
21.553: Total time for which application threads were stopped: 0.0051947 seconds, Stopping threads took: 0.0000282 seconds
21.620: [GC (Allocation Failure)  876695K->557175K(1035264K), 0.0047419 secs]
21.625: Total time for which application threads were stopped: 0.0049105 seconds, Stopping threads took: 0.0000271 seconds
21.693: [GC (Allocation Failure)  878711K->561077K(1034240K), 0.0080403 secs]
21.701: Total time for which application threads were stopped: 0.0082115 seconds, Stopping threads took: 0.0000271 seconds
21.767: [GC (Allocation Failure)  882613K->557431K(1034752K), 0.0047971 secs]
21.772: Total time for which application threads were stopped: 0.0049696 seconds, Stopping threads took: 0.0000201 seconds
21.839: [GC (Allocation Failure)  878455K->557175K(1034240K), 0.0047732 secs]
21.844: Total time for which application threads were stopped: 0.0049571 seconds, Stopping threads took: 0.0000272 seconds
21.912: [GC (Allocation Failure)  878199K->561333K(1033216K), 0.0066491 secs]
21.918: Total time for which application threads were stopped: 0.0068108 seconds, Stopping threads took: 0.0000199 seconds
21.985: [GC (Allocation Failure)  881845K->557399K(1034240K), 0.0049403 secs]
21.991: Total time for which application threads were stopped: 0.0051019 seconds, Stopping threads took: 0.0000173 seconds
22.059: [GC (Allocation Failure)  877911K->557175K(1035264K), 0.0048620 secs]
22.064: Total time for which application threads were stopped: 0.0050204 seconds, Stopping threads took: 0.0000194 seconds
22.134: [GC (Allocation Failure)  879223K->560981K(1033728K), 0.0093639 secs]
22.144: Total time for which application threads were stopped: 0.0095581 seconds, Stopping threads took: 0.0000146 seconds
22.212: [GC (Allocation Failure)  883029K->557303K(1034752K), 0.0045867 secs]
22.217: Total time for which application threads were stopped: 0.0047690 seconds, Stopping threads took: 0.0000196 seconds
22.285: [GC (Allocation Failure)  878327K->557207K(1034240K), 0.0048809 secs]
22.290: Total time for which application threads were stopped: 0.0050891 seconds, Stopping threads took: 0.0000199 seconds
22.357: [GC (Allocation Failure)  878231K->561717K(1033216K), 0.0067351 secs]
22.364: Total time for which application threads were stopped: 0.0069003 seconds, Stopping threads took: 0.0000254 seconds
22.429: [GC (Allocation Failure)  882229K->557239K(1034240K), 0.0049565 secs]
22.434: Total time for which application threads were stopped: 0.0051154 seconds, Stopping threads took: 0.0000192 seconds
22.503: [GC (Allocation Failure)  877751K->557175K(1034752K), 0.0046001 secs]
22.508: Total time for which application threads were stopped: 0.0047839 seconds, Stopping threads took: 0.0000177 seconds
22.576: [GC (Allocation Failure)  878199K->560373K(1034240K), 0.0061195 secs]
22.582: Total time for which application threads were stopped: 0.0062850 seconds, Stopping threads took: 0.0000191 seconds
22.651: [GC (Allocation Failure)  881397K->557175K(1034752K), 0.0046586 secs]
22.655: Total time for which application threads were stopped: 0.0048202 seconds, Stopping threads took: 0.0000200 seconds
22.723: [GC (Allocation Failure)  878199K->557175K(1034240K), 0.0048676 secs]
22.728: Total time for which application threads were stopped: 0.0050453 seconds, Stopping threads took: 0.0000202 seconds
22.795: [GC (Allocation Failure)  878199K->560053K(1034752K), 0.0230358 secs]
22.818: Total time for which application threads were stopped: 0.0232316 seconds, Stopping threads took: 0.0000298 seconds
22.888: [GC (Allocation Failure)  881589K->557399K(1034752K), 0.0047485 secs]
22.893: Total time for which application threads were stopped: 0.0049079 seconds, Stopping threads took: 0.0000196 seconds
22.960: [GC (Allocation Failure)  878935K->557207K(1035264K), 0.0049038 secs]
22.965: Total time for which application threads were stopped: 0.0050652 seconds, Stopping threads took: 0.0000195 seconds
23.033: [GC (Allocation Failure)  879255K->561813K(1034240K), 0.0098703 secs]
23.043: Total time for which application threads were stopped: 0.0100356 seconds, Stopping threads took: 0.0000199 seconds
23.112: [GC (Allocation Failure)  883861K->557335K(1034240K), 0.0048191 secs]
23.117: Total time for which application threads were stopped: 0.0049959 seconds, Stopping threads took: 0.0000285 seconds
23.186: [GC (Allocation Failure)  877847K->557175K(1034240K), 0.0047356 secs]
23.191: Total time for which application threads were stopped: 0.0049254 seconds, Stopping threads took: 0.0000198 seconds
23.259: [GC (Allocation Failure)  877687K->561493K(1033728K), 0.0067556 secs]
23.266: Total time for which application threads were stopped: 0.0069149 seconds, Stopping threads took: 0.0000191 seconds
23.334: [GC (Allocation Failure)  882005K->557271K(1034240K), 0.0050051 secs]
23.339: Total time for which application threads were stopped: 0.0051667 seconds, Stopping threads took: 0.0000193 seconds
23.406: [GC (Allocation Failure)  877783K->557207K(1034752K), 0.0048015 secs]
23.411: Total time for which application threads were stopped: 0.0049597 seconds, Stopping threads took: 0.0000200 seconds
23.477: [GC (Allocation Failure)  878231K->560181K(1034240K), 0.0060270 secs]
23.483: Total time for which application threads were stopped: 0.0062167 seconds, Stopping threads took: 0.0000194 seconds
23.552: [GC (Allocation Failure)  881205K->557239K(1034752K), 0.0050016 secs]
23.557: Total time for which application threads were stopped: 0.0051687 seconds, Stopping threads took: 0.0000198 seconds
23.624: [GC (Allocation Failure)  878263K->557175K(1034240K), 0.0046765 secs]
23.629: Total time for which application threads were stopped: 0.0048620 seconds, Stopping threads took: 0.0000263 seconds
23.698: [GC (Allocation Failure)  878199K->559893K(1034752K), 0.0058803 secs]
23.704: Total time for which application threads were stopped: 0.0060394 seconds, Stopping threads took: 0.0000165 seconds
23.772: [GC (Allocation Failure)  881429K->557207K(1034752K), 0.0049194 secs]
23.777: Total time for which application threads were stopped: 0.0050987 seconds, Stopping threads took: 0.0000199 seconds
23.846: [GC (Allocation Failure)  878743K->557175K(1035264K), 0.0049459 secs]
23.851: Total time for which application threads were stopped: 0.0051134 seconds, Stopping threads took: 0.0000194 seconds
23.918: [GC (Allocation Failure)  879223K->561589K(1034240K), 0.0068278 secs]
23.925: Total time for which application threads were stopped: 0.0070085 seconds, Stopping threads took: 0.0000286 seconds
23.993: [GC (Allocation Failure)  883637K->557367K(1034752K), 0.0049301 secs]
23.998: Total time for which application threads were stopped: 0.0050990 seconds, Stopping threads took: 0.0000198 seconds
24.065: [GC (Allocation Failure)  878391K->557175K(1034240K), 0.0061087 secs]
24.071: Total time for which application threads were stopped: 0.0062636 seconds, Stopping threads took: 0.0000266 seconds
24.141: [GC (Allocation Failure)  878199K->562293K(1032704K), 0.0101270 secs]
24.151: Total time for which application threads were stopped: 0.0102694 seconds, Stopping threads took: 0.0000253 seconds
24.218: [GC (Allocation Failure)  881781K->557303K(1033728K), 0.0048096 secs]
24.223: Total time for which application threads were stopped: 0.0049799 seconds, Stopping threads took: 0.0000195 seconds
24.290: [GC (Allocation Failure)  876791K->557175K(1034240K), 0.0048114 secs]
24.295: Total time for which application threads were stopped: 0.0049729 seconds, Stopping threads took: 0.0000205 seconds
24.362: [GC (Allocation Failure)  877175K->557877K(1033728K), 0.0052835 secs]
24.367: Total time for which application threads were stopped: 0.0054520 seconds, Stopping threads took: 0.0000193 seconds
24.436: [GC (Allocation Failure)  877877K->557303K(1034752K), 0.0049641 secs]
24.441: Total time for which application threads were stopped: 0.0051257 seconds, Stopping threads took: 0.0000201 seconds
24.508: [GC (Allocation Failure)  878839K->557207K(1034752K), 0.0047656 secs]
24.513: Total time for which application threads were stopped: 0.0049628 seconds, Stopping threads took: 0.0000213 seconds
24.580: [GC (Allocation Failure)  878743K->557589K(1035264K), 0.0050891 secs]
24.585: Total time for which application threads were stopped: 0.0052779 seconds, Stopping threads took: 0.0000186 seconds
24.655: [GC (Allocation Failure)  880149K->557239K(1035264K), 0.0048616 secs]
24.660: Total time for which application threads were stopped: 0.0050698 seconds, Stopping threads took: 0.0000284 seconds
24.728: [GC (Allocation Failure)  879799K->557175K(1035776K), 0.0047653 secs]
24.733: Total time for which application threads were stopped: 0.0049348 seconds, Stopping threads took: 0.0000205 seconds
24.800: [GC (Allocation Failure)  880759K->562869K(1035776K), 0.0099689 secs]
24.810: Total time for which application threads were stopped: 0.0101384 seconds, Stopping threads took: 0.0000197 seconds
24.878: [GC (Allocation Failure)  886453K->558391K(1033728K), 0.0065025 secs]
24.884: Total time for which application threads were stopped: 0.0067038 seconds, Stopping threads took: 0.0000217 seconds
24.953: [GC (Allocation Failure)  879927K->558135K(1034752K), 0.0048539 secs]
24.958: Total time for which application threads were stopped: 0.0050146 seconds, Stopping threads took: 0.0000178 seconds
25.025: [GC (Allocation Failure)  879671K->550773K(1032704K), 0.0019583 secs]
25.027: Total time for which application threads were stopped: 0.0021100 seconds, Stopping threads took: 0.0000199 seconds
25.094: [GC (Allocation Failure)  870261K->558327K(1033728K), 0.0050876 secs]
25.099: Total time for which application threads were stopped: 0.0052481 seconds, Stopping threads took: 0.0000202 seconds
25.169: [GC (Allocation Failure)  877815K->562287K(1035264K), 0.0062022 secs]
25.176: Total time for which application threads were stopped: 0.0063786 seconds, Stopping threads took: 0.0000197 seconds
25.243: [GC (Allocation Failure)  883823K->568381K(1034240K), 0.0078000 secs]
25.251: Total time for which application threads were stopped: 0.0079687 seconds, Stopping threads took: 0.0000199 seconds
25.320: [GC (Allocation Failure)  889917K->563231K(1033216K), 0.0049667 secs]
25.325: Total time for which application threads were stopped: 0.0051424 seconds, Stopping threads took: 0.0000205 seconds
25.393: [GC (Allocation Failure)  882719K->563135K(1033728K), 0.0048289 secs]
25.398: Total time for which application threads were stopped: 0.0049985 seconds, Stopping threads took: 0.0000201 seconds
25.463: [GC (Allocation Failure)  882623K->566333K(1033216K), 0.0064856 secs]
25.470: Total time for which application threads were stopped: 0.0066547 seconds, Stopping threads took: 0.0000197 seconds
25.537: [GC (Allocation Failure)  885821K->563135K(1033728K), 0.0046440 secs]
25.542: Total time for which application threads were stopped: 0.0048135 seconds, Stopping threads took: 0.0000200 seconds
25.608: [GC (Allocation Failure)  882623K->563167K(1034752K), 0.0047458 secs]
25.613: Total time for which application threads were stopped: 0.0049184 seconds, Stopping threads took: 0.0000275 seconds
25.680: [GC (Allocation Failure)  884191K->562909K(1034240K), 0.0049593 secs]
25.685: Total time for which application threads were stopped: 0.0051266 seconds, Stopping threads took: 0.0000191 seconds
25.753: [GC (Allocation Failure)  883933K->563359K(1035264K), 0.0048739 secs]
25.758: Total time for which application threads were stopped: 0.0050698 seconds, Stopping threads took: 0.0000206 seconds
25.827: [GC (Allocation Failure)  885919K->563167K(1035264K), 0.0047456 secs]
25.832: Total time for which application threads were stopped: 0.0048977 seconds, Stopping threads took: 0.0000174 seconds
25.900: [GC (Allocation Failure)  885727K->565693K(1034752K), 0.0074248 secs]
25.908: Total time for which application threads were stopped: 0.0076023 seconds, Stopping threads took: 0.0000198 seconds
25.977: [GC (Allocation Failure)  888253K->563327K(1035264K), 0.0045589 secs]
25.981: Total time for which application threads were stopped: 0.0047479 seconds, Stopping threads took: 0.0000208 seconds
26.049: [GC (Allocation Failure)  885887K->563135K(1035776K), 0.0049520 secs]
26.054: Total time for which application threads were stopped: 0.0051322 seconds, Stopping threads took: 0.0000204 seconds
26.123: [GC (Allocation Failure)  886719K->570989K(1035776K), 0.0105269 secs]
26.134: Total time for which application threads were stopped: 0.0106827 seconds, Stopping threads took: 0.0000191 seconds
26.203: [GC (Allocation Failure)  894573K->566351K(1032704K), 0.0046990 secs]
26.208: Total time for which application threads were stopped: 0.0048750 seconds, Stopping threads took: 0.0000194 seconds
26.276: [GC (Allocation Failure)  886863K->566287K(1034240K), 0.0047289 secs]
26.281: Total time for which application threads were stopped: 0.0048916 seconds, Stopping threads took: 0.0000207 seconds
26.348: [GC (Allocation Failure)  886799K->558957K(1032192K), 0.0019142 secs]
26.350: Total time for which application threads were stopped: 0.0020579 seconds, Stopping threads took: 0.0000212 seconds
26.418: [GC (Allocation Failure)  877421K->566327K(1033216K), 0.0047907 secs]
26.423: Total time for which application threads were stopped: 0.0049841 seconds, Stopping threads took: 0.0000198 seconds
26.488: [GC (Allocation Failure)  884791K->570399K(1034240K), 0.0063346 secs]
26.495: Total time for which application threads were stopped: 0.0064958 seconds, Stopping threads took: 0.0000201 seconds
26.560: [GC (Allocation Failure)  890399K->573053K(1033728K), 0.0061087 secs]
26.567: Total time for which application threads were stopped: 0.0062672 seconds, Stopping threads took: 0.0000203 seconds
26.637: [GC (Allocation Failure)  893053K->570655K(1034752K), 0.0046680 secs]
26.641: Total time for which application threads were stopped: 0.0048465 seconds, Stopping threads took: 0.0000279 seconds
26.709: [GC (Allocation Failure)  891679K->570431K(1034240K), 0.0047051 secs]
26.714: Total time for which application threads were stopped: 0.0048768 seconds, Stopping threads took: 0.0000286 seconds
26.781: [GC (Allocation Failure)  891455K->571741K(1035264K), 0.0055327 secs]
26.787: Total time for which application threads were stopped: 0.0056943 seconds, Stopping threads took: 0.0000198 seconds
26.854: [GC (Allocation Failure)  894301K->570591K(1035264K), 0.0047722 secs]
26.859: Total time for which application threads were stopped: 0.0049428 seconds, Stopping threads took: 0.0000206 seconds
26.926: [GC (Allocation Failure)  893151K->570399K(1035776K), 0.0058523 secs]
26.932: Total time for which application threads were stopped: 0.0060239 seconds, Stopping threads took: 0.0000200 seconds
26.999: [GC (Allocation Failure)  893983K->576997K(1035776K), 0.0082580 secs]
27.007: Total time for which application threads were stopped: 0.0084303 seconds, Stopping threads took: 0.0000216 seconds
27.075: [GC (Allocation Failure)  900581K->572391K(1032704K), 0.0050107 secs]
27.081: Total time for which application threads were stopped: 0.0051984 seconds, Stopping threads took: 0.0000190 seconds
27.151: [GC (Allocation Failure)  892903K->572295K(1034240K), 0.0047197 secs]
27.156: Total time for which application threads were stopped: 0.0048968 seconds, Stopping threads took: 0.0000158 seconds
27.224: [GC (Allocation Failure)  892807K->580101K(1030656K), 0.0087425 secs]
27.233: Total time for which application threads were stopped: 0.0088890 seconds, Stopping threads took: 0.0000166 seconds
27.300: [GC (Allocation Failure)  897541K->574407K(1032704K), 0.0050215 secs]
27.305: Total time for which application threads were stopped: 0.0052141 seconds, Stopping threads took: 0.0000206 seconds
27.374: [GC (Allocation Failure)  891847K->574343K(1033216K), 0.0045712 secs]
27.379: Total time for which application threads were stopped: 0.0047710 seconds, Stopping threads took: 0.0000273 seconds
27.447: [GC (Allocation Failure)  892807K->572197K(1033216K), 0.0041106 secs]
27.451: Total time for which application threads were stopped: 0.0042651 seconds, Stopping threads took: 0.0000176 seconds
27.516: [GC (Allocation Failure)  890661K->574343K(1033728K), 0.0049019 secs]
27.521: Total time for which application threads were stopped: 0.0050690 seconds, Stopping threads took: 0.0000202 seconds
27.589: [GC (Allocation Failure)  893319K->574311K(1033216K), 0.0048772 secs]
27.594: Total time for which application threads were stopped: 0.0050588 seconds, Stopping threads took: 0.0000205 seconds
27.661: [GC (Allocation Failure)  893287K->577351K(1033216K), 0.0057296 secs]
27.667: Total time for which application threads were stopped: 0.0058882 seconds, Stopping threads took: 0.0000265 seconds
27.734: [GC (Allocation Failure)  896839K->582569K(1033728K), 0.0050163 secs]
27.739: Total time for which application threads were stopped: 0.0051855 seconds, Stopping threads took: 0.0000200 seconds
27.806: [GC (Allocation Failure)  902057K->582377K(1034752K), 0.0048627 secs]
27.811: Total time for which application threads were stopped: 0.0050440 seconds, Stopping threads took: 0.0000203 seconds
27.878: [GC (Allocation Failure)  903401K->586089K(1034240K), 0.0074201 secs]
27.886: Total time for which application threads were stopped: 0.0075952 seconds, Stopping threads took: 0.0000215 seconds
27.954: [GC (Allocation Failure)  907113K->590475K(1035264K), 0.0049105 secs]
27.959: Total time for which application threads were stopped: 0.0050774 seconds, Stopping threads took: 0.0000192 seconds
28.026: [GC (Allocation Failure)  912523K->590411K(1034752K), 0.0048660 secs]
28.031: Total time for which application threads were stopped: 0.0050400 seconds, Stopping threads took: 0.0000198 seconds
28.099: [GC (Allocation Failure)  912459K->591755K(1033728K), 0.0076002 secs]
28.106: Total time for which application threads were stopped: 0.0077571 seconds, Stopping threads took: 0.0000297 seconds
28.177: [GC (Allocation Failure)  913291K->598574K(1034752K), 0.0045629 secs]
28.182: Total time for which application threads were stopped: 0.0047439 seconds, Stopping threads took: 0.0000205 seconds
28.249: [GC (Allocation Failure)  920110K->598446K(1035264K), 0.0048578 secs]
28.254: Total time for which application threads were stopped: 0.0050499 seconds, Stopping threads took: 0.0000201 seconds
28.323: [GC (Allocation Failure)  921006K->602062K(1035264K), 0.0060815 secs]
28.329: Total time for which application threads were stopped: 0.0062433 seconds, Stopping threads took: 0.0000203 seconds
28.397: [GC (Allocation Failure)  924622K->606544K(1035776K), 0.0048826 secs]
28.402: Total time for which application threads were stopped: 0.0050505 seconds, Stopping threads took: 0.0000200 seconds
28.471: [GC (Allocation Failure)  929616K->606512K(1035264K), 0.0048412 secs]
28.476: Total time for which application threads were stopped: 0.0050045 seconds, Stopping threads took: 0.0000201 seconds
28.542: [GC (Allocation Failure)  929584K->603278K(1035776K), 0.0035869 secs]
28.545: Total time for which application threads were stopped: 0.0037475 seconds, Stopping threads took: 0.0000200 seconds
28.613: [GC (Allocation Failure)  926862K->606480K(1035776K), 0.0048117 secs]
28.618: Total time for which application threads were stopped: 0.0049757 seconds, Stopping threads took: 0.0000264 seconds
28.687: [GC (Allocation Failure)  930064K->606512K(1036288K), 0.0048990 secs]
28.692: Total time for which application threads were stopped: 0.0050548 seconds, Stopping threads took: 0.0000197 seconds
28.760: [GC (Allocation Failure)  931120K->611638K(1036288K), 0.0097516 secs]
28.770: Total time for which application threads were stopped: 0.0099193 seconds, Stopping threads took: 0.0000191 seconds
28.838: [GC (Allocation Failure)  936246K->607640K(1033216K), 0.0048550 secs]
28.843: Total time for which application threads were stopped: 0.0050151 seconds, Stopping threads took: 0.0000196 seconds
28.910: [GC (Allocation Failure)  929176K->607416K(1034752K), 0.0049350 secs]
28.915: Total time for which application threads were stopped: 0.0051029 seconds, Stopping threads took: 0.0000195 seconds
28.980: [GC (Allocation Failure)  928952K->600502K(1034240K), 0.0022675 secs]
28.982: Total time for which application threads were stopped: 0.0024042 seconds, Stopping threads took: 0.0000195 seconds
29.050: [GC (Allocation Failure)  922038K->607640K(1034752K), 0.0048258 secs]
29.055: Total time for which application threads were stopped: 0.0049819 seconds, Stopping threads took: 0.0000196 seconds
29.123: [GC (Allocation Failure)  929176K->611560K(1035776K), 0.0096415 secs]
29.133: Total time for which application threads were stopped: 0.0098355 seconds, Stopping threads took: 0.0000198 seconds
29.199: [GC (Allocation Failure)  934632K->607430K(1035264K), 0.0037651 secs]
29.203: Total time for which application threads were stopped: 0.0039563 seconds, Stopping threads took: 0.0000202 seconds
29.270: [GC (Allocation Failure)  930502K->611736K(1035776K), 0.0053547 secs]
29.275: Total time for which application threads were stopped: 0.0055152 seconds, Stopping threads took: 0.0000197 seconds
29.344: [GC (Allocation Failure)  935320K->615704K(1035776K), 0.0048564 secs]
29.349: Total time for which application threads were stopped: 0.0050261 seconds, Stopping threads took: 0.0000201 seconds
29.418: [GC (Allocation Failure)  939288K->615704K(1035776K), 0.0049394 secs]
29.423: Total time for which application threads were stopped: 0.0051111 seconds, Stopping threads took: 0.0000205 seconds
29.491: [GC (Allocation Failure)  939288K->615776K(1023488K), 0.0058533 secs]
29.497: Total time for which application threads were stopped: 0.0060424 seconds, Stopping threads took: 0.0000199 seconds
29.566: [GC (Allocation Failure)  939360K->623778K(1035264K), 0.0049847 secs]
29.571: Total time for which application threads were stopped: 0.0051545 seconds, Stopping threads took: 0.0000195 seconds
29.640: [GC (Allocation Failure)  946338K->623746K(1035264K), 0.0049410 secs]
29.645: Total time for which application threads were stopped: 0.0051261 seconds, Stopping threads took: 0.0000279 seconds
29.711: [GC (Allocation Failure)  946306K->624010K(1034240K), 0.0058224 secs]
29.717: Total time for which application threads were stopped: 0.0059905 seconds, Stopping threads took: 0.0000199 seconds
29.785: [GC (Allocation Failure)  945546K->631820K(1034752K), 0.0064231 secs]
29.791: Total time for which application threads were stopped: 0.0066307 seconds, Stopping threads took: 0.0000198 seconds
29.860: [GC (Allocation Failure)  953356K->631788K(1034752K), 0.0048438 secs]
29.865: Total time for which application threads were stopped: 0.0050206 seconds, Stopping threads took: 0.0000201 seconds
29.934: [GC (Allocation Failure)  953324K->632228K(1034752K), 0.0059438 secs]
29.940: Total time for which application threads were stopped: 0.0061072 seconds, Stopping threads took: 0.0000199 seconds
30.007: [GC (Allocation Failure)  953764K->639815K(1034752K), 0.0076351 secs]
30.015: Total time for which application threads were stopped: 0.0077922 seconds, Stopping threads took: 0.0000192 seconds
30.083: [GC (Allocation Failure)  961351K->639815K(1034752K), 0.0049748 secs]
30.088: Total time for which application threads were stopped: 0.0051370 seconds, Stopping threads took: 0.0000168 seconds
30.156: [GC (Allocation Failure)  961351K->639975K(1033728K), 0.0057531 secs]
30.162: Total time for which application threads were stopped: 0.0058891 seconds, Stopping threads took: 0.0000171 seconds
30.230: [GC (Allocation Failure)  960487K->647881K(1034240K), 0.0051142 secs]
30.235: Total time for which application threads were stopped: 0.0052759 seconds, Stopping threads took: 0.0000203 seconds
30.303: [GC (Allocation Failure)  968393K->647849K(1034240K), 0.0046950 secs]
30.308: Total time for which application threads were stopped: 0.0048745 seconds, Stopping threads took: 0.0000197 seconds
30.375: [GC (Allocation Failure)  968361K->647913K(1034240K), 0.0059367 secs]
30.381: Total time for which application threads were stopped: 0.0061091 seconds, Stopping threads took: 0.0000203 seconds
30.449: [GC (Allocation Failure)  968425K->655915K(1033216K), 0.0056781 secs]
30.455: Total time for which application threads were stopped: 0.0058492 seconds, Stopping threads took: 0.0000205 seconds
30.521: [GC (Allocation Failure)  975403K->655883K(1033728K), 0.0050621 secs]
30.526: Total time for which application threads were stopped: 0.0052294 seconds, Stopping threads took: 0.0000197 seconds
30.591: [GC (Allocation Failure)  975371K->655947K(1033728K), 0.0059285 secs]
30.597: Total time for which application threads were stopped: 0.0060985 seconds, Stopping threads took: 0.0000201 seconds
30.664: [GC (Allocation Failure)  975435K->663918K(1033728K), 0.0051393 secs]
30.669: Total time for which application threads were stopped: 0.0053144 seconds, Stopping threads took: 0.0000265 seconds
30.735: [GC (Allocation Failure)  983406K->663918K(1033728K), 0.0051751 secs]
30.741: Total time for which application threads were stopped: 0.0053463 seconds, Stopping threads took: 0.0000200 seconds
30.807: [GC (Allocation Failure)  983406K->664142K(1033728K), 0.0060022 secs]
30.814: Total time for which application threads were stopped: 0.0061781 seconds, Stopping threads took: 0.0000199 seconds
30.879: [GC (Allocation Failure)  983630K->671952K(1033728K), 0.0049671 secs]
30.884: Total time for which application threads were stopped: 0.0051434 seconds, Stopping threads took: 0.0000214 seconds
30.949: [GC (Allocation Failure)  991439K->668046K(1033728K), 0.0065252 secs]
30.956: Total time for which application threads were stopped: 0.0066849 seconds, Stopping threads took: 0.0000200 seconds
31.023: [GC (Allocation Failure)  987534K->672112K(1034752K), 0.0055846 secs]
31.029: Total time for which application threads were stopped: 0.0057699 seconds, Stopping threads took: 0.0000218 seconds
31.097: [GC (Allocation Failure)  993136K->676112K(1034240K), 0.0048456 secs]
31.102: Total time for which application threads were stopped: 0.0050405 seconds, Stopping threads took: 0.0000226 seconds
31.170: [GC (Allocation Failure)  997136K->670350K(1034752K), 0.0031549 secs]
31.174: Total time for which application threads were stopped: 0.0032967 seconds, Stopping threads took: 0.0000169 seconds
31.241: [GC (Allocation Failure)  991886K->676152K(1034752K), 0.0052561 secs]
31.246: Total time for which application threads were stopped: 0.0054427 seconds, Stopping threads took: 0.0000197 seconds
31.314: [GC (Allocation Failure)  997688K->680264K(1035264K), 0.0056594 secs]
31.319: Total time for which application threads were stopped: 0.0058284 seconds, Stopping threads took: 0.0000202 seconds
31.388: [GC (Allocation Failure)  1002562K->676326K(1035264K), 0.0037404 secs]
31.392: Total time for which application threads were stopped: 0.0039149 seconds, Stopping threads took: 0.0000196 seconds
31.460: [GC (Allocation Failure)  998886K->680392K(1036288K), 0.0054835 secs]
31.466: Total time for which application threads were stopped: 0.0056541 seconds, Stopping threads took: 0.0000198 seconds
31.535: [GC (Allocation Failure)  1004488K->684360K(1035776K), 0.0047877 secs]
31.540: Total time for which application threads were stopped: 0.0049550 seconds, Stopping threads took: 0.0000353 seconds
31.606: [GC (Allocation Failure)  1008456K->684392K(1035776K), 0.0049725 secs]
31.611: Total time for which application threads were stopped: 0.0051245 seconds, Stopping threads took: 0.0000254 seconds
31.679: [GC (Allocation Failure)  1007976K->684424K(1023488K), 0.0059206 secs]
31.685: Total time for which application threads were stopped: 0.0060863 seconds, Stopping threads took: 0.0000197 seconds
31.752: [GC (Allocation Failure)  1008008K->692426K(1035264K), 0.0052288 secs]
31.757: Total time for which application threads were stopped: 0.0054177 seconds, Stopping threads took: 0.0000193 seconds
31.827: [GC (Allocation Failure)  1014986K->692394K(1030144K), 0.0048351 secs]
31.832: Total time for which application threads were stopped: 0.0050313 seconds, Stopping threads took: 0.0000175 seconds
31.901: [GC (Allocation Failure)  1014954K->692450K(1034752K), 0.0060986 secs]
31.907: [Full GC (Ergonomics)  692450K->8521K(1034752K), 0.0159739 secs]
31.923: Total time for which application threads were stopped: 0.0223289 seconds, Stopping threads took: 0.0000170 seconds
31.993: [GC (Allocation Failure)  330057K->16619K(1029120K), 0.0040460 secs]
31.997: Total time for which application threads were stopped: 0.0042265 seconds, Stopping threads took: 0.0000171 seconds
32.066: [GC (Allocation Failure)  338155K->16603K(1034240K), 0.0037792 secs]
32.070: Total time for which application threads were stopped: 0.0039473 seconds, Stopping threads took: 0.0000200 seconds
32.141: [GC (Allocation Failure)  337115K->16827K(1034240K), 0.0045472 secs]
32.145: Total time for which application threads were stopped: 0.0046861 seconds, Stopping threads took: 0.0000178 seconds
32.213: [GC (Allocation Failure)  337339K->24637K(1034240K), 0.0038918 secs]
32.217: Total time for which application threads were stopped: 0.0040692 seconds, Stopping threads took: 0.0000201 seconds
32.287: [GC (Allocation Failure)  345149K->24637K(1034240K), 0.0038582 secs]
32.291: Total time for which application threads were stopped: 0.0040181 seconds, Stopping threads took: 0.0000198 seconds
32.357: [GC (Allocation Failure)  345149K->25053K(1033216K), 0.0040728 secs]
32.362: Total time for which application threads were stopped: 0.0042280 seconds, Stopping threads took: 0.0000193 seconds
32.428: [GC (Allocation Failure)  344541K->32704K(1033728K), 0.0040334 secs]
32.432: Total time for which application threads were stopped: 0.0042007 seconds, Stopping threads took: 0.0000198 seconds
32.500: [GC (Allocation Failure)  352192K->32704K(1033728K), 0.0038486 secs]
32.504: Total time for which application threads were stopped: 0.0040383 seconds, Stopping threads took: 0.0000280 seconds
32.568: [GC (Allocation Failure)  352192K->32808K(1033728K), 0.0039062 secs]
32.572: Total time for which application threads were stopped: 0.0040649 seconds, Stopping threads took: 0.0000193 seconds
32.640: [GC (Allocation Failure)  352296K->40746K(1033728K), 0.0036679 secs]
32.644: Total time for which application threads were stopped: 0.0038314 seconds, Stopping threads took: 0.0000277 seconds
32.712: [GC (Allocation Failure)  360234K->40714K(1033728K), 0.0037554 secs]
32.716: Total time for which application threads were stopped: 0.0039170 seconds, Stopping threads took: 0.0000198 seconds
32.782: [GC (Allocation Failure)  360202K->40778K(1033728K), 0.0039783 secs]
32.786: Total time for which application threads were stopped: 0.0041538 seconds, Stopping threads took: 0.0000213 seconds
32.852: [GC (Allocation Failure)  360266K->48780K(1027072K), 0.0039817 secs]
32.856: Total time for which application threads were stopped: 0.0041571 seconds, Stopping threads took: 0.0000201 seconds
32.921: [GC (Allocation Failure)  368268K->44842K(1034240K), 0.0025683 secs]
32.924: Total time for which application threads were stopped: 0.0027184 seconds, Stopping threads took: 0.0000200 seconds
32.991: [GC (Allocation Failure)  364330K->48900K(1033216K), 0.0057180 secs]
32.997: Total time for which application threads were stopped: 0.0058713 seconds, Stopping threads took: 0.0000201 seconds
33.065: [GC (Allocation Failure)  368388K->52868K(1034752K), 0.0039280 secs]
33.069: Total time for which application threads were stopped: 0.0040891 seconds, Stopping threads took: 0.0000176 seconds
33.137: [GC (Allocation Failure)  374404K->46050K(1034752K), 0.0013913 secs]
33.138: Total time for which application threads were stopped: 0.0015297 seconds, Stopping threads took: 0.0000274 seconds
33.206: [GC (Allocation Failure)  367586K->52972K(1034752K), 0.0040121 secs]
33.210: Total time for which application threads were stopped: 0.0041827 seconds, Stopping threads took: 0.0000202 seconds
33.276: [GC (Allocation Failure)  374508K->56988K(1034752K), 0.0049027 secs]
33.281: Total time for which application threads were stopped: 0.0050714 seconds, Stopping threads took: 0.0000198 seconds
33.348: [GC (Allocation Failure)  378524K->51450K(1034752K), 0.0017561 secs]
33.350: Total time for which application threads were stopped: 0.0019090 seconds, Stopping threads took: 0.0000204 seconds
33.419: [GC (Allocation Failure)  372986K->57260K(1034752K), 0.0039843 secs]
33.423: Total time for which application threads were stopped: 0.0041575 seconds, Stopping threads took: 0.0000278 seconds
33.490: [GC (Allocation Failure)  378796K->61132K(1034752K), 0.0042651 secs]
33.494: Total time for which application threads were stopped: 0.0044336 seconds, Stopping threads took: 0.0000199 seconds
33.563: [GC (Allocation Failure)  383621K->57258K(1035264K), 0.0023833 secs]
33.565: Total time for which application threads were stopped: 0.0025264 seconds, Stopping threads took: 0.0000193 seconds
33.635: [GC (Allocation Failure)  379818K->61324K(1036288K), 0.0040240 secs]
33.639: Total time for which application threads were stopped: 0.0041979 seconds, Stopping threads took: 0.0000261 seconds
33.708: [GC (Allocation Failure)  385420K->65292K(1035776K), 0.0038864 secs]
33.712: Total time for which application threads were stopped: 0.0040556 seconds, Stopping threads took: 0.0000252 seconds
33.780: [GC (Allocation Failure)  389388K->65324K(1035776K), 0.0037493 secs]
33.784: Total time for which application threads were stopped: 0.0039428 seconds, Stopping threads took: 0.0000253 seconds
33.851: [GC (Allocation Failure)  388908K->65380K(1023488K), 0.0106657 secs]
33.862: Total time for which application threads were stopped: 0.0108665 seconds, Stopping threads took: 0.0000224 seconds
33.930: [GC (Allocation Failure)  388964K->73318K(1035264K), 0.0040413 secs]
33.934: Total time for which application threads were stopped: 0.0042076 seconds, Stopping threads took: 0.0000198 seconds
34.002: [GC (Allocation Failure)  395878K->73286K(1030144K), 0.0064440 secs]
34.008: Total time for which application threads were stopped: 0.0066070 seconds, Stopping threads took: 0.0000197 seconds
34.076: [GC (Allocation Failure)  395846K->73382K(1034752K), 0.0039472 secs]
34.080: Total time for which application threads were stopped: 0.0041359 seconds, Stopping threads took: 0.0000199 seconds
34.148: [GC (Allocation Failure)  394918K->81353K(1034752K), 0.0038929 secs]
34.152: Total time for which application threads were stopped: 0.0040854 seconds, Stopping threads took: 0.0000258 seconds
34.220: [GC (Allocation Failure)  402889K->81385K(1033728K), 0.0036882 secs]
34.224: Total time for which application threads were stopped: 0.0038594 seconds, Stopping threads took: 0.0000246 seconds
34.293: [GC (Allocation Failure)  401897K->81609K(1034240K), 0.0040628 secs]
34.297: Total time for which application threads were stopped: 0.0042328 seconds, Stopping threads took: 0.0000202 seconds
34.365: [GC (Allocation Failure)  402121K->89419K(1034240K), 0.0038907 secs]
34.369: Total time for which application threads were stopped: 0.0040834 seconds, Stopping threads took: 0.0000201 seconds
34.439: [GC (Allocation Failure)  409931K->89387K(1034240K), 0.0040225 secs]
34.443: Total time for which application threads were stopped: 0.0042147 seconds, Stopping threads took: 0.0000200 seconds
34.511: [GC (Allocation Failure)  409899K->89827K(1033216K), 0.0042636 secs]
34.515: Total time for which application threads were stopped: 0.0044366 seconds, Stopping threads took: 0.0000204 seconds
34.583: [GC (Allocation Failure)  409315K->97413K(1033728K), 0.0039471 secs]
34.587: Total time for which application threads were stopped: 0.0041222 seconds, Stopping threads took: 0.0000201 seconds
34.657: [GC (Allocation Failure)  416901K->97413K(1033728K), 0.0036717 secs]
34.660: Total time for which application threads were stopped: 0.0038399 seconds, Stopping threads took: 0.0000281 seconds
34.725: [GC (Allocation Failure)  416901K->97541K(1033728K), 0.0041914 secs]
34.730: Total time for which application threads were stopped: 0.0043454 seconds, Stopping threads took: 0.0000189 seconds
34.797: [GC (Allocation Failure)  417029K->105480K(1033728K), 0.0038778 secs]
34.801: Total time for which application threads were stopped: 0.0040476 seconds, Stopping threads took: 0.0000200 seconds
34.869: [GC (Allocation Failure)  424968K->105480K(1033728K), 0.0037363 secs]
34.873: Total time for which application threads were stopped: 0.0038984 seconds, Stopping threads took: 0.0000203 seconds
34.940: [GC (Allocation Failure)  424968K->105512K(1033728K), 0.0040968 secs]
34.944: Total time for which application threads were stopped: 0.0042995 seconds, Stopping threads took: 0.0000191 seconds
35.012: [GC (Allocation Failure)  425000K->113482K(1027072K), 0.0041388 secs]
35.017: Total time for which application threads were stopped: 0.0043014 seconds, Stopping threads took: 0.0000201 seconds
35.083: [GC (Allocation Failure)  432969K->109544K(1034240K), 0.0028323 secs]
35.086: Total time for which application threads were stopped: 0.0030039 seconds, Stopping threads took: 0.0000283 seconds
35.155: [GC (Allocation Failure)  429032K->113642K(1033216K), 0.0041832 secs]
35.159: Total time for which application threads were stopped: 0.0043496 seconds, Stopping threads took: 0.0000186 seconds
35.226: [GC (Allocation Failure)  433130K->117610K(1034752K), 0.0039475 secs]
35.230: Total time for which application threads were stopped: 0.0041108 seconds, Stopping threads took: 0.0000195 seconds
35.297: [GC (Allocation Failure)  439146K->110824K(1034752K), 0.0013165 secs]
35.298: Total time for which application threads were stopped: 0.0014495 seconds, Stopping threads took: 0.0000192 seconds
35.367: [GC (Allocation Failure)  432360K->117682K(1034752K), 0.0039614 secs]
35.371: Total time for which application threads were stopped: 0.0041525 seconds, Stopping threads took: 0.0000196 seconds
35.438: [GC (Allocation Failure)  439218K->121762K(1034752K), 0.0050076 secs]
35.443: Total time for which application threads were stopped: 0.0051739 seconds, Stopping threads took: 0.0000197 seconds
35.509: [GC (Allocation Failure)  443298K->116224K(1034752K), 0.0019120 secs]
35.511: Total time for which application threads were stopped: 0.0020585 seconds, Stopping threads took: 0.0000191 seconds
35.577: [GC (Allocation Failure)  437760K->122034K(1034752K), 0.0040099 secs]
35.582: Total time for which application threads were stopped: 0.0041657 seconds, Stopping threads took: 0.0000191 seconds
35.651: [GC (Allocation Failure)  443570K->125906K(1034752K), 0.0043069 secs]
35.655: Total time for which application threads were stopped: 0.0044698 seconds, Stopping threads took: 0.0000265 seconds
35.722: [GC (Allocation Failure)  448394K->122000K(1035264K), 0.0025498 secs]
35.725: Total time for which application threads were stopped: 0.0027002 seconds, Stopping threads took: 0.0000286 seconds
35.795: [GC (Allocation Failure)  444560K->126058K(1036288K), 0.0040852 secs]
35.800: Total time for which application threads were stopped: 0.0042336 seconds, Stopping threads took: 0.0000178 seconds
35.868: [GC (Allocation Failure)  450154K->130026K(1035776K), 0.0038326 secs]
35.871: Total time for which application threads were stopped: 0.0040213 seconds, Stopping threads took: 0.0000220 seconds
35.942: [GC (Allocation Failure)  454122K->130026K(1035776K), 0.0039531 secs]
35.946: Total time for which application threads were stopped: 0.0041147 seconds, Stopping threads took: 0.0000198 seconds
36.013: [GC (Allocation Failure)  453610K->130122K(1023488K), 0.0041676 secs]
36.017: Total time for which application threads were stopped: 0.0043287 seconds, Stopping threads took: 0.0000200 seconds
36.084: [GC (Allocation Failure)  453706K->138060K(1035264K), 0.0047932 secs]
36.089: Total time for which application threads were stopped: 0.0049498 seconds, Stopping threads took: 0.0000196 seconds
36.157: [GC (Allocation Failure)  460620K->138092K(1030144K), 0.0037934 secs]
36.161: Total time for which application threads were stopped: 0.0039637 seconds, Stopping threads took: 0.0000201 seconds
36.230: [GC (Allocation Failure)  460652K->138116K(1034752K), 0.0041730 secs]
36.234: Total time for which application threads were stopped: 0.0043637 seconds, Stopping threads took: 0.0000201 seconds
36.303: [GC (Allocation Failure)  459652K->146118K(1029120K), 0.0041383 secs]
36.307: Total time for which application threads were stopped: 0.0043190 seconds, Stopping threads took: 0.0000200 seconds
36.376: [GC (Allocation Failure)  467654K->146086K(1034240K), 0.0038284 secs]
36.380: Total time for which application threads were stopped: 0.0039914 seconds, Stopping threads took: 0.0000201 seconds
36.447: [GC (Allocation Failure)  466598K->146310K(1034240K), 0.0040693 secs]
36.451: Total time for which application threads were stopped: 0.0042584 seconds, Stopping threads took: 0.0000227 seconds
36.519: [GC (Allocation Failure)  466822K->154121K(1034240K), 0.0037921 secs]
36.523: Total time for which application threads were stopped: 0.0039872 seconds, Stopping threads took: 0.0000205 seconds
36.592: [GC (Allocation Failure)  474633K->154121K(1034240K), 0.0041096 secs]
36.596: Total time for which application threads were stopped: 0.0042699 seconds, Stopping threads took: 0.0000207 seconds
36.664: [GC (Allocation Failure)  474633K->154569K(1033216K), 0.0041466 secs]
36.668: Total time for which application threads were stopped: 0.0043413 seconds, Stopping threads took: 0.0000279 seconds
36.737: [GC (Allocation Failure)  474057K->162155K(1033728K), 0.0041180 secs]
36.741: Total time for which application threads were stopped: 0.0042845 seconds, Stopping threads took: 0.0000214 seconds
36.809: [GC (Allocation Failure)  481643K->162187K(1033728K), 0.0040189 secs]
36.813: Total time for which application threads were stopped: 0.0041801 seconds, Stopping threads took: 0.0000199 seconds
36.877: [GC (Allocation Failure)  481675K->162275K(1033728K), 0.0043668 secs]
36.882: Total time for which application threads were stopped: 0.0045344 seconds, Stopping threads took: 0.0000192 seconds
36.951: [GC (Allocation Failure)  481763K->170181K(1033728K), 0.0039927 secs]
36.955: Total time for which application threads were stopped: 0.0041585 seconds, Stopping threads took: 0.0000163 seconds
37.023: [GC (Allocation Failure)  489669K->170181K(1033728K), 0.0039648 secs]
37.027: Total time for which application threads were stopped: 0.0041464 seconds, Stopping threads took: 0.0000227 seconds
37.094: [GC (Allocation Failure)  489669K->170237K(1033728K), 0.0058931 secs]
37.100: Total time for which application threads were stopped: 0.0060705 seconds, Stopping threads took: 0.0000197 seconds
37.169: [GC (Allocation Failure)  489725K->178207K(1027072K), 0.0040540 secs]
37.173: Total time for which application threads were stopped: 0.0042485 seconds, Stopping threads took: 0.0000196 seconds
37.239: [GC (Allocation Failure)  497695K->174333K(1034240K), 0.0030458 secs]
37.243: Total time for which application threads were stopped: 0.0032239 seconds, Stopping threads took: 0.0000173 seconds
37.313: [GC (Allocation Failure)  493821K->178375K(1033216K), 0.0043243 secs]
37.317: Total time for which application threads were stopped: 0.0045134 seconds, Stopping threads took: 0.0000253 seconds
37.386: [GC (Allocation Failure)  497863K->182311K(1034752K), 0.0039003 secs]
37.390: Total time for which application threads were stopped: 0.0040762 seconds, Stopping threads took: 0.0000276 seconds
37.458: [GC (Allocation Failure)  503847K->175557K(1034752K), 0.0014986 secs]
37.459: Total time for which application threads were stopped: 0.0016261 seconds, Stopping threads took: 0.0000197 seconds
37.528: [GC (Allocation Failure)  497093K->182407K(1034752K), 0.0038941 secs]
37.532: Total time for which application threads were stopped: 0.0040626 seconds, Stopping threads took: 0.0000209 seconds
37.598: [GC (Allocation Failure)  503943K->186487K(1034752K), 0.0050859 secs]
37.603: Total time for which application threads were stopped: 0.0052545 seconds, Stopping threads took: 0.0000199 seconds
37.670: [GC (Allocation Failure)  508023K->180949K(1034752K), 0.0019932 secs]
37.672: Total time for which application threads were stopped: 0.0021325 seconds, Stopping threads took: 0.0000194 seconds
37.739: [GC (Allocation Failure)  502485K->186759K(1034752K), 0.0040947 secs]
37.744: Total time for which application threads were stopped: 0.0042627 seconds, Stopping threads took: 0.0000192 seconds
37.812: [GC (Allocation Failure)  508295K->190631K(1034752K), 0.0043741 secs]
37.817: Total time for which application threads were stopped: 0.0045405 seconds, Stopping threads took: 0.0000199 seconds
37.883: [GC (Allocation Failure)  513120K->186725K(1035264K), 0.0027355 secs]
37.886: Total time for which application threads were stopped: 0.0028856 seconds, Stopping threads took: 0.0000194 seconds
37.954: [GC (Allocation Failure)  509285K->190791K(1036288K), 0.0043700 secs]
37.958: Total time for which application threads were stopped: 0.0045292 seconds, Stopping threads took: 0.0000206 seconds
38.026: [GC (Allocation Failure)  514887K->194727K(1035776K), 0.0040987 secs]
38.030: Total time for which application threads were stopped: 0.0042580 seconds, Stopping threads took: 0.0000193 seconds
38.098: [GC (Allocation Failure)  518823K->194759K(1035776K), 0.0040086 secs]
38.102: Total time for which application threads were stopped: 0.0041831 seconds, Stopping threads took: 0.0000193 seconds
38.171: [GC (Allocation Failure)  518343K->194823K(1023488K), 0.0040476 secs]
38.175: Total time for which application threads were stopped: 0.0042392 seconds, Stopping threads took: 0.0000197 seconds
38.242: [GC (Allocation Failure)  518407K->202794K(1035264K), 0.0043314 secs]
38.247: Total time for which application threads were stopped: 0.0044918 seconds, Stopping threads took: 0.0000200 seconds
38.316: [GC (Allocation Failure)  525354K->202794K(1030144K), 0.0040172 secs]
38.321: Total time for which application threads were stopped: 0.0041801 seconds, Stopping threads took: 0.0000205 seconds
38.388: [GC (Allocation Failure)  525354K->202866K(1034752K), 0.0042951 secs]
38.393: Total time for which application threads were stopped: 0.0044612 seconds, Stopping threads took: 0.0000210 seconds
38.460: [GC (Allocation Failure)  524402K->210868K(1034752K), 0.0043103 secs]
38.465: Total time for which application threads were stopped: 0.0044723 seconds, Stopping threads took: 0.0000204 seconds
38.533: [GC (Allocation Failure)  532404K->210868K(1033728K), 0.0038620 secs]
38.537: Total time for which application threads were stopped: 0.0040328 seconds, Stopping threads took: 0.0000198 seconds
38.604: [GC (Allocation Failure)  531380K->211100K(1034240K), 0.0043542 secs]
38.609: Total time for which application threads were stopped: 0.0045699 seconds, Stopping threads took: 0.0000204 seconds
38.678: [GC (Allocation Failure)  531612K->218910K(1034240K), 0.0039199 secs]
38.682: Total time for which application threads were stopped: 0.0040802 seconds, Stopping threads took: 0.0000193 seconds
38.749: [GC (Allocation Failure)  539422K->218878K(1034240K), 0.0042391 secs]
38.754: Total time for which application threads were stopped: 0.0043943 seconds, Stopping threads took: 0.0000189 seconds
38.820: [GC (Allocation Failure)  539390K->219318K(1033216K), 0.0043118 secs]
38.825: Total time for which application threads were stopped: 0.0045047 seconds, Stopping threads took: 0.0000202 seconds
38.894: [GC (Allocation Failure)  538806K->226936K(1033728K), 0.0041599 secs]
38.898: Total time for which application threads were stopped: 0.0043143 seconds, Stopping threads took: 0.0000164 seconds
38.966: [GC (Allocation Failure)  546424K->226936K(1033728K), 0.0042112 secs]
38.970: Total time for which application threads were stopped: 0.0044053 seconds, Stopping threads took: 0.0000203 seconds
39.036: [GC (Allocation Failure)  546424K->227032K(1033728K), 0.0042040 secs]
39.041: Total time for which application threads were stopped: 0.0043928 seconds, Stopping threads took: 0.0000174 seconds
39.110: [GC (Allocation Failure)  546520K->234971K(1033728K), 0.0041498 secs]
39.114: Total time for which application threads were stopped: 0.0043135 seconds, Stopping threads took: 0.0000250 seconds
39.183: [GC (Allocation Failure)  554459K->234907K(1033728K), 0.0040618 secs]
39.187: Total time for which application threads were stopped: 0.0042166 seconds, Stopping threads took: 0.0000174 seconds
39.254: [GC (Allocation Failure)  554395K->235011K(1033728K), 0.0042966 secs]
39.259: Total time for which application threads were stopped: 0.0044727 seconds, Stopping threads took: 0.0000192 seconds
39.326: [GC (Allocation Failure)  554499K->242981K(1027072K), 0.0042763 secs]
39.330: Total time for which application threads were stopped: 0.0044323 seconds, Stopping threads took: 0.0000205 seconds
39.396: [GC (Allocation Failure)  562469K->239075K(1034240K), 0.0032714 secs]
39.400: Total time for which application threads were stopped: 0.0034229 seconds, Stopping threads took: 0.0000194 seconds
39.468: [GC (Allocation Failure)  558563K->243149K(1033216K), 0.0044979 secs]
39.473: Total time for which application threads were stopped: 0.0046668 seconds, Stopping threads took: 0.0000210 seconds
39.541: [GC (Allocation Failure)  562637K->247149K(1034752K), 0.0041921 secs]
39.545: Total time for which application threads were stopped: 0.0043534 seconds, Stopping threads took: 0.0000198 seconds
39.612: [GC (Allocation Failure)  568685K->240331K(1034752K), 0.0017580 secs]
39.614: Total time for which application threads were stopped: 0.0018971 seconds, Stopping threads took: 0.0000201 seconds
39.681: [GC (Allocation Failure)  561867K->247189K(1034752K), 0.0041699 secs]
39.685: Total time for which application threads were stopped: 0.0043460 seconds, Stopping threads took: 0.0000216 seconds
39.752: [GC (Allocation Failure)  568725K->251269K(1034752K), 0.0052285 secs]
39.757: Total time for which application threads were stopped: 0.0053998 seconds, Stopping threads took: 0.0000204 seconds
39.823: [GC (Allocation Failure)  572805K->245699K(1034752K), 0.0020993 secs]
39.825: Total time for which application threads were stopped: 0.0022704 seconds, Stopping threads took: 0.0000210 seconds
39.892: [GC (Allocation Failure)  567235K->251509K(1034752K), 0.0041198 secs]
39.897: Total time for which application threads were stopped: 0.0042924 seconds, Stopping threads took: 0.0000203 seconds
39.964: [GC (Allocation Failure)  573045K->255381K(1034752K), 0.0046004 secs]
39.969: Total time for which application threads were stopped: 0.0047894 seconds, Stopping threads took: 0.0000376 seconds
40.037: [GC (Allocation Failure)  577869K->251507K(1035264K), 0.0029935 secs]
40.040: Total time for which application threads were stopped: 0.0031678 seconds, Stopping threads took: 0.0000207 seconds
40.108: [GC (Allocation Failure)  574067K->255565K(1036288K), 0.0043696 secs]
40.113: Total time for which application threads were stopped: 0.0045300 seconds, Stopping threads took: 0.0000205 seconds
40.184: [GC (Allocation Failure)  579661K->259565K(1035776K), 0.0041246 secs]
40.188: Total time for which application threads were stopped: 0.0042743 seconds, Stopping threads took: 0.0000181 seconds
40.257: [GC (Allocation Failure)  583661K->259501K(1035776K), 0.0041585 secs]
40.262: Total time for which application threads were stopped: 0.0043335 seconds, Stopping threads took: 0.0000198 seconds
40.331: [GC (Allocation Failure)  583085K->259621K(1023488K), 0.0049373 secs]
40.336: Total time for which application threads were stopped: 0.0050957 seconds, Stopping threads took: 0.0000192 seconds
40.402: [GC (Allocation Failure)  583205K->267591K(1035264K), 0.0043631 secs]
40.406: Total time for which application threads were stopped: 0.0045239 seconds, Stopping threads took: 0.0000190 seconds
40.474: [GC (Allocation Failure)  590151K->267559K(1030144K), 0.0041862 secs]
40.478: Total time for which application threads were stopped: 0.0043550 seconds, Stopping threads took: 0.0000203 seconds
40.545: [GC (Allocation Failure)  590119K->267623K(1034752K), 0.0043120 secs]
40.549: Total time for which application threads were stopped: 0.0044834 seconds, Stopping threads took: 0.0000205 seconds
40.619: [GC (Allocation Failure)  589159K->275626K(1034752K), 0.0043386 secs]
40.623: Total time for which application threads were stopped: 0.0045035 seconds, Stopping threads took: 0.0000258 seconds
40.691: [GC (Allocation Failure)  597162K->275594K(1033728K), 0.0040999 secs]
40.695: Total time for which application threads were stopped: 0.0042609 seconds, Stopping threads took: 0.0000198 seconds
40.762: [GC (Allocation Failure)  596106K->275850K(1034240K), 0.0044992 secs]
40.767: Total time for which application threads were stopped: 0.0046649 seconds, Stopping threads took: 0.0000267 seconds
40.834: [GC (Allocation Failure)  596362K->283628K(1034240K), 0.0042389 secs]
40.838: Total time for which application threads were stopped: 0.0044070 seconds, Stopping threads took: 0.0000196 seconds
40.906: [GC (Allocation Failure)  604140K->283628K(1034240K), 0.0065040 secs]
40.913: Total time for which application threads were stopped: 0.0066726 seconds, Stopping threads took: 0.0000205 seconds
40.980: [GC (Allocation Failure)  604140K->284068K(1033216K), 0.0045638 secs]
40.985: Total time for which application threads were stopped: 0.0047465 seconds, Stopping threads took: 0.0000260 seconds
41.055: [GC (Allocation Failure)  603556K->291686K(1033728K), 0.0043328 secs]
41.059: Total time for which application threads were stopped: 0.0044910 seconds, Stopping threads took: 0.0000172 seconds
41.128: [GC (Allocation Failure)  611174K->291622K(1033728K), 0.0058124 secs]
41.134: Total time for which application threads were stopped: 0.0059720 seconds, Stopping threads took: 0.0000249 seconds
41.199: [GC (Allocation Failure)  611110K->291782K(1033728K), 0.0045333 secs]
41.204: Total time for which application threads were stopped: 0.0047213 seconds, Stopping threads took: 0.0000282 seconds
41.271: [GC (Allocation Failure)  611270K->299720K(1033728K), 0.0041331 secs]
41.275: Total time for which application threads were stopped: 0.0043155 seconds, Stopping threads took: 0.0000205 seconds
41.345: [GC (Allocation Failure)  619208K->299720K(1033728K), 0.0044159 secs]
41.349: Total time for which application threads were stopped: 0.0045896 seconds, Stopping threads took: 0.0000215 seconds
41.417: [GC (Allocation Failure)  619208K->299752K(1033728K), 0.0044903 secs]
41.422: Total time for which application threads were stopped: 0.0046705 seconds, Stopping threads took: 0.0000204 seconds
41.491: [GC (Allocation Failure)  619240K->307755K(1027072K), 0.0045343 secs]
41.495: Total time for which application threads were stopped: 0.0046969 seconds, Stopping threads took: 0.0000197 seconds
41.561: [GC (Allocation Failure)  627242K->303848K(1034240K), 0.0034109 secs]
41.565: Total time for which application threads were stopped: 0.0035730 seconds, Stopping threads took: 0.0000195 seconds
41.632: [GC (Allocation Failure)  623336K->307883K(1033216K), 0.0044538 secs]
41.637: Total time for which application threads were stopped: 0.0046290 seconds, Stopping threads took: 0.0000279 seconds
41.704: [GC (Allocation Failure)  627371K->311851K(1034752K), 0.0044072 secs]
41.709: Total time for which application threads were stopped: 0.0045700 seconds, Stopping threads took: 0.0000197 seconds
41.776: [GC (Allocation Failure)  633387K->305064K(1034752K), 0.0015615 secs]
41.777: Total time for which application threads were stopped: 0.0016867 seconds, Stopping threads took: 0.0000195 seconds
41.846: [GC (Allocation Failure)  626600K->311915K(1034752K), 0.0043329 secs]
41.851: Total time for which application threads were stopped: 0.0045088 seconds, Stopping threads took: 0.0000192 seconds
41.917: [GC (Allocation Failure)  633451K->315995K(1034752K), 0.0052888 secs]
41.922: Total time for which application threads were stopped: 0.0054816 seconds, Stopping threads took: 0.0000202 seconds
41.989: [GC (Allocation Failure)  637531K->310456K(1034752K), 0.0023871 secs]
41.992: Total time for which application threads were stopped: 0.0025392 seconds, Stopping threads took: 0.0000191 seconds
42.058: [GC (Allocation Failure)  631992K->316299K(1034752K), 0.0043809 secs]
42.063: Total time for which application threads were stopped: 0.0045507 seconds, Stopping threads took: 0.0000196 seconds
42.130: [GC (Allocation Failure)  637835K->320107K(1035264K), 0.0052091 secs]
42.136: Total time for which application threads were stopped: 0.0053731 seconds, Stopping threads took: 0.0000249 seconds
42.203: [GC (Allocation Failure)  642595K->316232K(1035264K), 0.0030874 secs]
42.206: Total time for which application threads were stopped: 0.0032506 seconds, Stopping threads took: 0.0000200 seconds
42.274: [GC (Allocation Failure)  638792K->320299K(1036288K), 0.0044857 secs]
42.279: Total time for which application threads were stopped: 0.0046783 seconds, Stopping threads took: 0.0000204 seconds
42.348: [GC (Allocation Failure)  644395K->324267K(1035776K), 0.0041647 secs]
42.352: Total time for which application threads were stopped: 0.0043466 seconds, Stopping threads took: 0.0000174 seconds
42.422: [GC (Allocation Failure)  648363K->324267K(1035776K), 0.0043784 secs]
42.427: Total time for which application threads were stopped: 0.0045719 seconds, Stopping threads took: 0.0000200 seconds
42.497: [GC (Allocation Failure)  647851K->324323K(1023488K), 0.0045611 secs]
42.501: Total time for which application threads were stopped: 0.0047227 seconds, Stopping threads took: 0.0000199 seconds
42.568: [GC (Allocation Failure)  647907K->332293K(1035264K), 0.0044765 secs]
42.573: Total time for which application threads were stopped: 0.0046358 seconds, Stopping threads took: 0.0000196 seconds
42.641: [GC (Allocation Failure)  654853K->332293K(1030144K), 0.0042450 secs]
42.645: Total time for which application threads were stopped: 0.0044104 seconds, Stopping threads took: 0.0000275 seconds
42.713: [GC (Allocation Failure)  654853K->332317K(1034752K), 0.0051661 secs]
42.718: Total time for which application threads were stopped: 0.0053356 seconds, Stopping threads took: 0.0000208 seconds
42.786: [GC (Allocation Failure)  653853K->340351K(1029120K), 0.0045140 secs]
42.790: Total time for which application threads were stopped: 0.0046733 seconds, Stopping threads took: 0.0000195 seconds
42.859: [GC (Allocation Failure)  661887K->340351K(1034240K), 0.0042357 secs]
42.863: Total time for which application threads were stopped: 0.0043973 seconds, Stopping threads took: 0.0000204 seconds
42.930: [GC (Allocation Failure)  660863K->340503K(1034240K), 0.0051867 secs]
42.935: Total time for which application threads were stopped: 0.0053468 seconds, Stopping threads took: 0.0000206 seconds
43.003: [GC (Allocation Failure)  661015K->348345K(1034240K), 0.0041918 secs]
43.007: Total time for which application threads were stopped: 0.0043719 seconds, Stopping threads took: 0.0000194 seconds
43.076: [GC (Allocation Failure)  668857K->348345K(1034240K), 0.0052435 secs]
43.081: Total time for which application threads were stopped: 0.0054162 seconds, Stopping threads took: 0.0000207 seconds
43.150: [GC (Allocation Failure)  668857K->348761K(1033216K), 0.0052338 secs]
43.155: Total time for which application threads were stopped: 0.0053951 seconds, Stopping threads took: 0.0000253 seconds
43.223: [GC (Allocation Failure)  668249K->356380K(1033728K), 0.0044508 secs]
43.228: Total time for which application threads were stopped: 0.0046143 seconds, Stopping threads took: 0.0000171 seconds
43.295: [GC (Allocation Failure)  675868K->356412K(1033728K), 0.0044393 secs]
43.300: Total time for which application threads were stopped: 0.0046188 seconds, Stopping threads took: 0.0000220 seconds
43.365: [GC (Allocation Failure)  675900K->356508K(1033728K), 0.0047750 secs]
43.369: Total time for which application threads were stopped: 0.0049417 seconds, Stopping threads took: 0.0000199 seconds
43.438: [GC (Allocation Failure)  675996K->364414K(1033728K), 0.0042534 secs]
43.443: Total time for which application threads were stopped: 0.0044096 seconds, Stopping threads took: 0.0000190 seconds
43.510: [GC (Allocation Failure)  683902K->364446K(1033728K), 0.0044761 secs]
43.514: Total time for which application threads were stopped: 0.0046458 seconds, Stopping threads took: 0.0000201 seconds
43.581: [GC (Allocation Failure)  683934K->364478K(1032704K), 0.0045750 secs]
43.586: Total time for which application threads were stopped: 0.0047423 seconds, Stopping threads took: 0.0000200 seconds
43.655: [GC (Allocation Failure)  682942K->372448K(1033216K), 0.0043703 secs]
43.660: Total time for which application threads were stopped: 0.0045605 seconds, Stopping threads took: 0.0000259 seconds
43.728: [GC (Allocation Failure)  690912K->366878K(1033728K), 0.0021863 secs]
43.730: Total time for which application threads were stopped: 0.0023350 seconds, Stopping threads took: 0.0000169 seconds
43.796: [GC (Allocation Failure)  685854K->372696K(1033216K), 0.0045286 secs]
43.801: Total time for which application threads were stopped: 0.0047223 seconds, Stopping threads took: 0.0000199 seconds
43.870: [GC (Allocation Failure)  691672K->376584K(1034240K), 0.0046797 secs]
43.875: Total time for which application threads were stopped: 0.0048552 seconds, Stopping threads took: 0.0000256 seconds
43.943: [GC (Allocation Failure)  697096K->382534K(1034240K), 0.0072441 secs]
43.950: Total time for which application threads were stopped: 0.0074154 seconds, Stopping threads took: 0.0000199 seconds
44.019: [GC (Allocation Failure)  703046K->376776K(1030144K), 0.0046277 secs]
44.024: Total time for which application threads were stopped: 0.0048485 seconds, Stopping threads took: 0.0000205 seconds
44.092: [GC (Allocation Failure)  693192K->376616K(1032192K), 0.0045979 secs]
44.097: Total time for which application threads were stopped: 0.0047653 seconds, Stopping threads took: 0.0000197 seconds
44.164: [GC (Allocation Failure)  693032K->372454K(1033216K), 0.0028667 secs]
44.167: Total time for which application threads were stopped: 0.0030235 seconds, Stopping threads took: 0.0000193 seconds
44.234: [GC (Allocation Failure)  690406K->376680K(1032704K), 0.0043888 secs]
44.238: Total time for which application threads were stopped: 0.0045724 seconds, Stopping threads took: 0.0000246 seconds
44.304: [GC (Allocation Failure)  694632K->376584K(1033728K), 0.0046059 secs]
44.308: Total time for which application threads were stopped: 0.0047780 seconds, Stopping threads took: 0.0000196 seconds
44.374: [GC (Allocation Failure)  695560K->380200K(1033216K), 0.0054011 secs]
44.379: Total time for which application threads were stopped: 0.0055711 seconds, Stopping threads took: 0.0000198 seconds
44.448: [GC (Allocation Failure)  699176K->384682K(1034240K), 0.0045376 secs]
44.453: Total time for which application threads were stopped: 0.0047003 seconds, Stopping threads took: 0.0000195 seconds
44.519: [GC (Allocation Failure)  704682K->384618K(1033728K), 0.0044272 secs]
44.524: Total time for which application threads were stopped: 0.0045915 seconds, Stopping threads took: 0.0000207 seconds
44.589: [GC (Allocation Failure)  704618K->387914K(1034240K), 0.0054159 secs]
44.594: Total time for which application threads were stopped: 0.0056090 seconds, Stopping threads took: 0.0000198 seconds
44.664: [GC (Allocation Failure)  708426K->392653K(1034240K), 0.0043285 secs]
44.668: Total time for which application threads were stopped: 0.0044980 seconds, Stopping threads took: 0.0000285 seconds
44.736: [GC (Allocation Failure)  713165K->392653K(1034752K), 0.0042807 secs]
44.741: Total time for which application threads were stopped: 0.0044487 seconds, Stopping threads took: 0.0000191 seconds
44.805: [GC (Allocation Failure)  714189K->395117K(1034752K), 0.0052085 secs]
44.811: Total time for which application threads were stopped: 0.0053796 seconds, Stopping threads took: 0.0000203 seconds
44.879: [GC (Allocation Failure)  716653K->400687K(1034752K), 0.0043765 secs]
44.883: Total time for which application threads were stopped: 0.0045481 seconds, Stopping threads took: 0.0000201 seconds
44.950: [GC (Allocation Failure)  722223K->400719K(1034752K), 0.0051864 secs]
44.955: Total time for which application threads were stopped: 0.0053587 seconds, Stopping threads took: 0.0000195 seconds
45.021: [GC (Allocation Failure)  722255K->404399K(1035264K), 0.0054227 secs]
45.027: Total time for which application threads were stopped: 0.0056013 seconds, Stopping threads took: 0.0000218 seconds
45.094: [GC (Allocation Failure)  726447K->408721K(1034752K), 0.0044613 secs]
45.099: Total time for which application threads were stopped: 0.0046176 seconds, Stopping threads took: 0.0000198 seconds
45.169: [GC (Allocation Failure)  730769K->408753K(1035264K), 0.0045208 secs]
45.174: Total time for which application threads were stopped: 0.0046795 seconds, Stopping threads took: 0.0000191 seconds
45.242: [GC (Allocation Failure)  731313K->411593K(1035264K), 0.0049859 secs]
45.247: Total time for which application threads were stopped: 0.0051786 seconds, Stopping threads took: 0.0000192 seconds
45.316: [GC (Allocation Failure)  734153K->416844K(1035264K), 0.0044564 secs]
45.320: Total time for which application threads were stopped: 0.0046807 seconds, Stopping threads took: 0.0000287 seconds
45.390: [GC (Allocation Failure)  739404K->416748K(1035264K), 0.0045385 secs]
45.395: Total time for which application threads were stopped: 0.0047087 seconds, Stopping threads took: 0.0000215 seconds
45.462: [GC (Allocation Failure)  739308K->419812K(1035264K), 0.0053432 secs]
45.467: Total time for which application threads were stopped: 0.0055038 seconds, Stopping threads took: 0.0000201 seconds
45.535: [GC (Allocation Failure)  742372K->424838K(1035264K), 0.0044854 secs]
45.539: Total time for which application threads were stopped: 0.0046567 seconds, Stopping threads took: 0.0000205 seconds
45.608: [GC (Allocation Failure)  747398K->424806K(1035264K), 0.0045958 secs]
45.612: Total time for which application threads were stopped: 0.0047590 seconds, Stopping threads took: 0.0000204 seconds
45.680: [GC (Allocation Failure)  747366K->420004K(1035264K), 0.0027583 secs]
45.683: Total time for which application threads were stopped: 0.0029249 seconds, Stopping threads took: 0.0000271 seconds
45.751: [GC (Allocation Failure)  742564K->424998K(1035264K), 0.0045736 secs]
45.755: Total time for which application threads were stopped: 0.0047394 seconds, Stopping threads took: 0.0000215 seconds
45.825: [GC (Allocation Failure)  747558K->424774K(1035264K), 0.0044801 secs]
45.830: Total time for which application threads were stopped: 0.0046402 seconds, Stopping threads took: 0.0000195 seconds
45.899: [GC (Allocation Failure)  747334K->424292K(1035776K), 0.0043526 secs]
45.904: Total time for which application threads were stopped: 0.0045123 seconds, Stopping threads took: 0.0000201 seconds
45.973: [GC (Allocation Failure)  747364K->424934K(1035264K), 0.0043640 secs]
45.977: Total time for which application threads were stopped: 0.0045585 seconds, Stopping threads took: 0.0000198 seconds
46.045: [GC (Allocation Failure)  748006K->424774K(1035776K), 0.0045483 secs]
46.049: Total time for which application threads were stopped: 0.0047430 seconds, Stopping threads took: 0.0000205 seconds
46.119: [GC (Allocation Failure)  748358K->430612K(1035776K), 0.0074026 secs]
46.126: Total time for which application threads were stopped: 0.0075491 seconds, Stopping threads took: 0.0000166 seconds
46.196: [GC (Allocation Failure)  754196K->426038K(1032704K), 0.0044333 secs]
46.200: Total time for which application threads were stopped: 0.0045935 seconds, Stopping threads took: 0.0000193 seconds
46.268: [GC (Allocation Failure)  746550K->425846K(1034240K), 0.0063165 secs]
46.275: Total time for which application threads were stopped: 0.0065170 seconds, Stopping threads took: 0.0000215 seconds
46.343: [GC (Allocation Failure)  746358K->432956K(1030656K), 0.0079736 secs]
46.351: Total time for which application threads were stopped: 0.0081214 seconds, Stopping threads took: 0.0000167 seconds
46.419: [GC (Allocation Failure)  750396K->427294K(1032704K), 0.0047037 secs]
46.423: Total time for which application threads were stopped: 0.0048705 seconds, Stopping threads took: 0.0000195 seconds
46.491: [GC (Allocation Failure)  744734K->427198K(1033728K), 0.0044985 secs]
46.495: Total time for which application threads were stopped: 0.0046583 seconds, Stopping threads took: 0.0000197 seconds
46.564: [GC (Allocation Failure)  746174K->424796K(1033216K), 0.0037220 secs]
46.568: Total time for which application threads were stopped: 0.0039131 seconds, Stopping threads took: 0.0000359 seconds
46.637: [GC (Allocation Failure)  743772K->427230K(1034752K), 0.0044390 secs]
46.642: Total time for which application threads were stopped: 0.0046243 seconds, Stopping threads took: 0.0000300 seconds
46.709: [GC (Allocation Failure)  748254K->427198K(1034240K), 0.0042878 secs]
46.713: Total time for which application threads were stopped: 0.0044629 seconds, Stopping threads took: 0.0000269 seconds
46.781: [GC (Allocation Failure)  748222K->422428K(1034240K), 0.0028502 secs]
46.784: Total time for which application threads were stopped: 0.0030065 seconds, Stopping threads took: 0.0000194 seconds
46.852: [GC (Allocation Failure)  743964K->427422K(1034752K), 0.0045089 secs]
46.857: Total time for which application threads were stopped: 0.0046842 seconds, Stopping threads took: 0.0000191 seconds
46.926: [GC (Allocation Failure)  748958K->427230K(1035776K), 0.0047190 secs]
46.930: Total time for which application threads were stopped: 0.0048820 seconds, Stopping threads took: 0.0000201 seconds
46.996: [GC (Allocation Failure)  750302K->425212K(1035264K), 0.0037895 secs]
47.000: Total time for which application threads were stopped: 0.0039484 seconds, Stopping threads took: 0.0000197 seconds
47.068: [GC (Allocation Failure)  748284K->427390K(1036288K), 0.0045840 secs]
47.073: Total time for which application threads were stopped: 0.0047512 seconds, Stopping threads took: 0.0000196 seconds
47.141: [GC (Allocation Failure)  751486K->427166K(1035776K), 0.0050924 secs]
47.147: Total time for which application threads were stopped: 0.0052982 seconds, Stopping threads took: 0.0000175 seconds
47.216: [GC (Allocation Failure)  751262K->433020K(1033216K), 0.0074642 secs]
47.223: Total time for which application threads were stopped: 0.0076262 seconds, Stopping threads took: 0.0000298 seconds
47.291: [GC (Allocation Failure)  754556K->428958K(1034752K), 0.0047675 secs]
47.296: Total time for which application threads were stopped: 0.0049358 seconds, Stopping threads took: 0.0000198 seconds
47.364: [GC (Allocation Failure)  750494K->428798K(1035264K), 0.0046100 secs]
47.368: Total time for which application threads were stopped: 0.0047809 seconds, Stopping threads took: 0.0000207 seconds
47.436: [GC (Allocation Failure)  751358K->436876K(1035264K), 0.0086545 secs]
47.445: Total time for which application threads were stopped: 0.0088177 seconds, Stopping threads took: 0.0000198 seconds
47.513: [GC (Allocation Failure)  759436K->431694K(1032192K), 0.0047595 secs]
47.518: Total time for which application threads were stopped: 0.0049616 seconds, Stopping threads took: 0.0000207 seconds
47.586: [GC (Allocation Failure)  751182K->431630K(1033728K), 0.0046397 secs]
47.591: Total time for which application threads were stopped: 0.0048088 seconds, Stopping threads took: 0.0000199 seconds
47.656: [GC (Allocation Failure)  751118K->437868K(1031680K), 0.0074813 secs]
47.664: Total time for which application threads were stopped: 0.0076613 seconds, Stopping threads took: 0.0000263 seconds
47.730: [GC (Allocation Failure)  755308K->431662K(1032704K), 0.0047280 secs]
47.735: Total time for which application threads were stopped: 0.0048855 seconds, Stopping threads took: 0.0000205 seconds
47.803: [GC (Allocation Failure)  749102K->431662K(1033216K), 0.0045673 secs]
47.807: Total time for which application threads were stopped: 0.0047246 seconds, Stopping threads took: 0.0000197 seconds
47.873: [GC (Allocation Failure)  749614K->427372K(1032704K), 0.0030343 secs]
47.876: Total time for which application threads were stopped: 0.0032256 seconds, Stopping threads took: 0.0000195 seconds
47.944: [GC (Allocation Failure)  745324K->431822K(1033728K), 0.0048938 secs]
47.949: Total time for which application threads were stopped: 0.0050607 seconds, Stopping threads took: 0.0000202 seconds
48.015: [GC (Allocation Failure)  750798K->431662K(1033216K), 0.0046863 secs]
48.019: Total time for which application threads were stopped: 0.0048806 seconds, Stopping threads took: 0.0000206 seconds
48.088: [GC (Allocation Failure)  750638K->431974K(1032192K), 0.0046685 secs]
48.092: Total time for which application threads were stopped: 0.0048186 seconds, Stopping threads took: 0.0000171 seconds
48.161: [GC (Allocation Failure)  750438K->439688K(1033216K), 0.0045686 secs]
48.166: Total time for which application threads were stopped: 0.0047617 seconds, Stopping threads took: 0.0000200 seconds
48.234: [GC (Allocation Failure)  758152K->439656K(1034240K), 0.0043768 secs]
48.239: Total time for which application threads were stopped: 0.0045584 seconds, Stopping threads took: 0.0000169 seconds
48.305: [GC (Allocation Failure)  759656K->441800K(1033728K), 0.0048142 secs]
48.310: Total time for which application threads were stopped: 0.0049814 seconds, Stopping threads took: 0.0000190 seconds
48.377: [GC (Allocation Failure)  761800K->447818K(1034240K), 0.0045210 secs]
48.382: Total time for which application threads were stopped: 0.0046940 seconds, Stopping threads took: 0.0000200 seconds
48.451: [GC (Allocation Failure)  768330K->447722K(1034240K), 0.0045316 secs]
48.455: Total time for which application threads were stopped: 0.0046928 seconds, Stopping threads took: 0.0000197 seconds
48.522: [GC (Allocation Failure)  768234K->451530K(1034752K), 0.0057708 secs]
48.528: Total time for which application threads were stopped: 0.0059420 seconds, Stopping threads took: 0.0000200 seconds
48.594: [GC (Allocation Failure)  773066K->455821K(1034752K), 0.0046552 secs]
48.599: Total time for which application threads were stopped: 0.0048206 seconds, Stopping threads took: 0.0000204 seconds
48.667: [GC (Allocation Failure)  777357K->455725K(1035264K), 0.0046638 secs]
48.671: Total time for which application threads were stopped: 0.0048184 seconds, Stopping threads took: 0.0000170 seconds
48.738: [GC (Allocation Failure)  778285K->457701K(1035264K), 0.0050153 secs]
48.743: Total time for which application threads were stopped: 0.0051727 seconds, Stopping threads took: 0.0000197 seconds
48.811: [GC (Allocation Failure)  780261K->463751K(1035264K), 0.0070112 secs]
48.818: Total time for which application threads were stopped: 0.0072008 seconds, Stopping threads took: 0.0000198 seconds
48.887: [GC (Allocation Failure)  786311K->463783K(1035264K), 0.0044284 secs]
48.892: Total time for which application threads were stopped: 0.0045915 seconds, Stopping threads took: 0.0000172 seconds
48.959: [GC (Allocation Failure)  786343K->465959K(1035264K), 0.0052716 secs]
48.964: Total time for which application threads were stopped: 0.0054218 seconds, Stopping threads took: 0.0000173 seconds
49.033: [GC (Allocation Failure)  788519K->471785K(1035264K), 0.0045682 secs]
49.037: Total time for which application threads were stopped: 0.0047319 seconds, Stopping threads took: 0.0000201 seconds
49.105: [GC (Allocation Failure)  794345K->471753K(1035264K), 0.0046623 secs]
49.109: Total time for which application threads were stopped: 0.0048343 seconds, Stopping threads took: 0.0000207 seconds
49.178: [GC (Allocation Failure)  794313K->474217K(1035264K), 0.0050079 secs]
49.183: Total time for which application threads were stopped: 0.0052008 seconds, Stopping threads took: 0.0000203 seconds
49.253: [GC (Allocation Failure)  796777K->479979K(1035264K), 0.0046625 secs]
49.258: Total time for which application threads were stopped: 0.0048095 seconds, Stopping threads took: 0.0000172 seconds
49.327: [GC (Allocation Failure)  802539K->479819K(1035264K), 0.0043378 secs]
49.331: Total time for which application threads were stopped: 0.0045065 seconds, Stopping threads took: 0.0000196 seconds
49.398: [GC (Allocation Failure)  802379K->474377K(1035264K), 0.0024602 secs]
49.400: Total time for which application threads were stopped: 0.0026339 seconds, Stopping threads took: 0.0000278 seconds
49.468: [GC (Allocation Failure)  796937K->479883K(1035264K), 0.0045856 secs]
49.473: Total time for which application threads were stopped: 0.0047549 seconds, Stopping threads took: 0.0000198 seconds
49.540: [GC (Allocation Failure)  802443K->479819K(1035264K), 0.0047370 secs]
49.545: Total time for which application threads were stopped: 0.0049125 seconds, Stopping threads took: 0.0000205 seconds
49.614: [GC (Allocation Failure)  802379K->478665K(1035264K), 0.0044678 secs]
49.619: Total time for which application threads were stopped: 0.0046353 seconds, Stopping threads took: 0.0000197 seconds
49.686: [GC (Allocation Failure)  801225K->479851K(1035776K), 0.0047261 secs]
49.690: Total time for which application threads were stopped: 0.0048883 seconds, Stopping threads took: 0.0000207 seconds
49.758: [GC (Allocation Failure)  803435K->479819K(1035776K), 0.0061306 secs]
49.764: Total time for which application threads were stopped: 0.0062991 seconds, Stopping threads took: 0.0000203 seconds
49.833: [GC (Allocation Failure)  803403K->484977K(1032704K), 0.0071431 secs]
49.840: Total time for which application threads were stopped: 0.0073299 seconds, Stopping threads took: 0.0000184 seconds
49.908: [GC (Allocation Failure)  805489K->480435K(1034240K), 0.0046801 secs]
49.913: Total time for which application threads were stopped: 0.0048391 seconds, Stopping threads took: 0.0000198 seconds
49.981: [GC (Allocation Failure)  800947K->480243K(1035264K), 0.0046253 secs]
49.986: Total time for which application threads were stopped: 0.0047937 seconds, Stopping threads took: 0.0000197 seconds
50.055: [GC (Allocation Failure)  802291K->485137K(1034752K), 0.0069356 secs]
50.062: Total time for which application threads were stopped: 0.0071289 seconds, Stopping threads took: 0.0000264 seconds
50.130: [GC (Allocation Failure)  807185K->480435K(1033728K), 0.0049063 secs]
50.135: Total time for which application threads were stopped: 0.0050820 seconds, Stopping threads took: 0.0000141 seconds
50.204: [GC (Allocation Failure)  800947K->480211K(1034240K), 0.0045335 secs]
50.208: Total time for which application threads were stopped: 0.0046999 seconds, Stopping threads took: 0.0000195 seconds
50.276: [GC (Allocation Failure)  800723K->484817K(1032704K), 0.0067948 secs]
50.282: Total time for which application threads were stopped: 0.0069738 seconds, Stopping threads took: 0.0000253 seconds
50.349: [GC (Allocation Failure)  804305K->480403K(1033728K), 0.0047963 secs]
50.354: Total time for which application threads were stopped: 0.0049587 seconds, Stopping threads took: 0.0000193 seconds
50.421: [GC (Allocation Failure)  799891K->480275K(1034752K), 0.0046206 secs]
50.426: Total time for which application threads were stopped: 0.0048132 seconds, Stopping threads took: 0.0000197 seconds
50.493: [GC (Allocation Failure)  801299K->481457K(1034240K), 0.0051883 secs]
50.498: Total time for which application threads were stopped: 0.0053491 seconds, Stopping threads took: 0.0000195 seconds
50.566: [GC (Allocation Failure)  802481K->480339K(1035264K), 0.0044791 secs]
50.570: Total time for which application threads were stopped: 0.0046703 seconds, Stopping threads took: 0.0000200 seconds
50.639: [GC (Allocation Failure)  802387K->480275K(1034752K), 0.0046254 secs]
50.644: Total time for which application threads were stopped: 0.0047942 seconds, Stopping threads took: 0.0000274 seconds
50.713: [GC (Allocation Failure)  802323K->483217K(1034752K), 0.0060556 secs]
50.719: Total time for which application threads were stopped: 0.0062281 seconds, Stopping threads took: 0.0000290 seconds
50.786: [GC (Allocation Failure)  805777K->480275K(1035264K), 0.0047180 secs]
50.791: Total time for which application threads were stopped: 0.0049097 seconds, Stopping threads took: 0.0000193 seconds
50.860: [GC (Allocation Failure)  802835K->480275K(1035776K), 0.0047257 secs]
50.865: Total time for which application threads were stopped: 0.0049007 seconds, Stopping threads took: 0.0000198 seconds
50.932: [GC (Allocation Failure)  803347K->487977K(1035264K), 0.0083985 secs]
50.941: Total time for which application threads were stopped: 0.0087034 seconds, Stopping threads took: 0.0000196 seconds
51.009: [GC (Allocation Failure)  811049K->483467K(1032192K), 0.0064885 secs]
51.016: Total time for which application threads were stopped: 0.0066825 seconds, Stopping threads took: 0.0000198 seconds
51.084: [GC (Allocation Failure)  802955K->483243K(1033728K), 0.0046402 secs]
51.089: Total time for which application threads were stopped: 0.0048019 seconds, Stopping threads took: 0.0000179 seconds
51.157: [GC (Allocation Failure)  802731K->489617K(1031168K), 0.0075645 secs]
51.164: Total time for which application threads were stopped: 0.0077150 seconds, Stopping threads took: 0.0000146 seconds
51.230: [GC (Allocation Failure)  807057K->483531K(1032704K), 0.0047647 secs]
51.235: Total time for which application threads were stopped: 0.0049396 seconds, Stopping threads took: 0.0000191 seconds
51.301: [GC (Allocation Failure)  800971K->483403K(1033216K), 0.0048512 secs]
51.306: Total time for which application threads were stopped: 0.0050208 seconds, Stopping threads took: 0.0000198 seconds
51.371: [GC (Allocation Failure)  801867K->479785K(1033216K), 0.0031778 secs]
51.374: Total time for which application threads were stopped: 0.0033450 seconds, Stopping threads took: 0.0000197 seconds
51.441: [GC (Allocation Failure)  798249K->483467K(1033728K), 0.0047821 secs]
51.446: Total time for which application threads were stopped: 0.0049439 seconds, Stopping threads took: 0.0000203 seconds
51.513: [GC (Allocation Failure)  802443K->483371K(1033216K), 0.0051869 secs]
51.518: Total time for which application threads were stopped: 0.0053595 seconds, Stopping threads took: 0.0000205 seconds
51.585: [GC (Allocation Failure)  802347K->484939K(1032192K), 0.0050052 secs]
51.590: Total time for which application threads were stopped: 0.0051664 seconds, Stopping threads took: 0.0000198 seconds
51.659: [GC (Allocation Failure)  803403K->491470K(1033216K), 0.0046913 secs]
51.664: Total time for which application threads were stopped: 0.0048603 seconds, Stopping threads took: 0.0000199 seconds
51.730: [GC (Allocation Failure)  809934K->491406K(1034752K), 0.0047693 secs]
51.735: Total time for which application threads were stopped: 0.0049452 seconds, Stopping threads took: 0.0000259 seconds
51.802: [GC (Allocation Failure)  812430K->491638K(1020928K), 0.0050309 secs]
51.808: Total time for which application threads were stopped: 0.0052387 seconds, Stopping threads took: 0.0000527 seconds
51.875: [GC (Allocation Failure)  812662K->499480K(1034240K), 0.0047661 secs]
51.880: Total time for which application threads were stopped: 0.0049297 seconds, Stopping threads took: 0.0000199 seconds
51.948: [GC (Allocation Failure)  819480K->499448K(1033728K), 0.0045325 secs]
51.953: Total time for which application threads were stopped: 0.0047259 seconds, Stopping threads took: 0.0000200 seconds
52.020: [GC (Allocation Failure)  819448K->501400K(1033728K), 0.0051157 secs]
52.025: Total time for which application threads were stopped: 0.0052796 seconds, Stopping threads took: 0.0000193 seconds
52.091: [GC (Allocation Failure)  821912K->507514K(1034240K), 0.0048903 secs]
52.096: Total time for which application threads were stopped: 0.0050495 seconds, Stopping threads took: 0.0000200 seconds
52.167: [GC (Allocation Failure)  828026K->507482K(1034752K), 0.0045420 secs]
52.172: Total time for which application threads were stopped: 0.0047012 seconds, Stopping threads took: 0.0000196 seconds
52.237: [GC (Allocation Failure)  829018K->508642K(1034752K), 0.0051107 secs]
52.242: Total time for which application threads were stopped: 0.0052686 seconds, Stopping threads took: 0.0000191 seconds
52.312: [GC (Allocation Failure)  830178K->515556K(1034752K), 0.0046925 secs]
52.317: Total time for which application threads were stopped: 0.0048612 seconds, Stopping threads took: 0.0000197 seconds
52.384: [GC (Allocation Failure)  837092K->515524K(1034752K), 0.0045814 secs]
52.389: Total time for which application threads were stopped: 0.0047397 seconds, Stopping threads took: 0.0000197 seconds
52.456: [GC (Allocation Failure)  837060K->517892K(1034752K), 0.0053472 secs]
52.461: Total time for which application threads were stopped: 0.0055209 seconds, Stopping threads took: 0.0000190 seconds
52.531: [GC (Allocation Failure)  839428K->523687K(1034752K), 0.0049195 secs]
52.536: Total time for which application threads were stopped: 0.0050859 seconds, Stopping threads took: 0.0000201 seconds
52.603: [GC (Allocation Failure)  845223K->523559K(1034752K), 0.0047387 secs]
52.608: Total time for which application threads were stopped: 0.0048997 seconds, Stopping threads took: 0.0000192 seconds
52.673: [GC (Allocation Failure)  845095K->527175K(1034752K), 0.0055624 secs]
52.679: Total time for which application threads were stopped: 0.0057224 seconds, Stopping threads took: 0.0000198 seconds
52.749: [GC (Allocation Failure)  848711K->531625K(1035264K), 0.0047420 secs]
52.754: Total time for which application threads were stopped: 0.0049057 seconds, Stopping threads took: 0.0000203 seconds
52.822: [GC (Allocation Failure)  854185K->531593K(1035264K), 0.0048232 secs]
52.827: Total time for which application threads were stopped: 0.0050047 seconds, Stopping threads took: 0.0000211 seconds
52.895: [GC (Allocation Failure)  854153K->534377K(1035264K), 0.0052456 secs]
52.900: Total time for which application threads were stopped: 0.0054389 seconds, Stopping threads took: 0.0000203 seconds
52.970: [GC (Allocation Failure)  856937K->539627K(1035264K), 0.0048453 secs]
52.975: Total time for which application threads were stopped: 0.0050089 seconds, Stopping threads took: 0.0000205 seconds
53.042: [GC (Allocation Failure)  862187K->539627K(1035264K), 0.0045817 secs]
53.047: Total time for which application threads were stopped: 0.0047751 seconds, Stopping threads took: 0.0000203 seconds
53.116: [GC (Allocation Failure)  862187K->542571K(1035264K), 0.0065593 secs]
53.122: Total time for which application threads were stopped: 0.0067411 seconds, Stopping threads took: 0.0000204 seconds
53.189: [GC (Allocation Failure)  865131K->547853K(1035264K), 0.0049333 secs]
53.194: Total time for which application threads were stopped: 0.0050939 seconds, Stopping threads took: 0.0000200 seconds
53.262: [GC (Allocation Failure)  870413K->547661K(1035264K), 0.0047186 secs]
53.267: Total time for which application threads were stopped: 0.0048902 seconds, Stopping threads took: 0.0000203 seconds
53.332: [GC (Allocation Failure)  870221K->542763K(1035264K), 0.0027681 secs]
53.335: Total time for which application threads were stopped: 0.0029650 seconds, Stopping threads took: 0.0000278 seconds
53.405: [GC (Allocation Failure)  865323K->547789K(1035264K), 0.0048325 secs]
53.410: Total time for which application threads were stopped: 0.0049893 seconds, Stopping threads took: 0.0000172 seconds
53.476: [GC (Allocation Failure)  870349K->547661K(1035264K), 0.0048664 secs]
53.481: Total time for which application threads were stopped: 0.0050332 seconds, Stopping threads took: 0.0000191 seconds
53.548: [GC (Allocation Failure)  870221K->547083K(1035264K), 0.0047635 secs]
53.553: Total time for which application threads were stopped: 0.0049391 seconds, Stopping threads took: 0.0000201 seconds
53.619: [GC (Allocation Failure)  869643K->547757K(1035776K), 0.0047807 secs]
53.624: Total time for which application threads were stopped: 0.0049536 seconds, Stopping threads took: 0.0000205 seconds
53.691: [GC (Allocation Failure)  871341K->547661K(1035776K), 0.0046505 secs]
53.696: Total time for which application threads were stopped: 0.0048119 seconds, Stopping threads took: 0.0000260 seconds
53.764: [GC (Allocation Failure)  871245K->553379K(1031680K), 0.0075455 secs]
53.771: Total time for which application threads were stopped: 0.0077186 seconds, Stopping threads took: 0.0000253 seconds
53.838: [GC (Allocation Failure)  872867K->548709K(1033728K), 0.0062852 secs]
53.845: Total time for which application threads were stopped: 0.0064489 seconds, Stopping threads took: 0.0000205 seconds
53.915: [GC (Allocation Failure)  868197K->548677K(1034752K), 0.0049084 secs]
53.920: Total time for which application threads were stopped: 0.0050915 seconds, Stopping threads took: 0.0000214 seconds
53.987: [GC (Allocation Failure)  869701K->551043K(1034240K), 0.0059036 secs]
53.993: Total time for which application threads were stopped: 0.0061084 seconds, Stopping threads took: 0.0000224 seconds
54.063: [GC (Allocation Failure)  872067K->548901K(1034752K), 0.0049648 secs]
54.068: Total time for which application threads were stopped: 0.0051407 seconds, Stopping threads took: 0.0000194 seconds
54.139: [GC (Allocation Failure)  869925K->548645K(1034240K), 0.0054882 secs]
54.144: Total time for which application threads were stopped: 0.0056955 seconds, Stopping threads took: 0.0000281 seconds
54.210: [GC (Allocation Failure)  869669K->550691K(1035264K), 0.0058827 secs]
54.216: Total time for which application threads were stopped: 0.0060699 seconds, Stopping threads took: 0.0000266 seconds
54.284: [GC (Allocation Failure)  873251K->548805K(1035264K), 0.0048050 secs]
54.289: Total time for which application threads were stopped: 0.0049641 seconds, Stopping threads took: 0.0000199 seconds
54.358: [GC (Allocation Failure)  871365K->548645K(1036288K), 0.0048159 secs]
54.363: Total time for which application threads were stopped: 0.0049834 seconds, Stopping threads took: 0.0000198 seconds
54.431: [GC (Allocation Failure)  872741K->556507K(1035776K), 0.0089155 secs]
54.440: Total time for which application threads were stopped: 0.0090826 seconds, Stopping threads took: 0.0000189 seconds
54.509: [GC (Allocation Failure)  880603K->552381K(1032704K), 0.0049624 secs]
54.514: Total time for which application threads were stopped: 0.0051400 seconds, Stopping threads took: 0.0000192 seconds
54.581: [GC (Allocation Failure)  872893K->552317K(1034240K), 0.0048612 secs]
54.586: Total time for which application threads were stopped: 0.0050570 seconds, Stopping threads took: 0.0000205 seconds
54.655: [GC (Allocation Failure)  872829K->545499K(1033216K), 0.0020386 secs]
54.657: Total time for which application threads were stopped: 0.0021785 seconds, Stopping threads took: 0.0000250 seconds
54.725: [GC (Allocation Failure)  864987K->552373K(1033728K), 0.0046638 secs]
54.730: Total time for which application threads were stopped: 0.0048342 seconds, Stopping threads took: 0.0000201 seconds
54.797: [GC (Allocation Failure)  871861K->556429K(1034752K), 0.0057060 secs]
54.803: Total time for which application threads were stopped: 0.0058884 seconds, Stopping threads took: 0.0000204 seconds
54.870: [GC (Allocation Failure)  877453K->562643K(1034240K), 0.0076803 secs]
54.878: Total time for which application threads were stopped: 0.0078548 seconds, Stopping threads took: 0.0000200 seconds
54.948: [GC (Allocation Failure)  883667K->556917K(1033216K), 0.0050226 secs]
54.953: Total time for which application threads were stopped: 0.0051939 seconds, Stopping threads took: 0.0000201 seconds
55.018: [GC (Allocation Failure)  876405K->556917K(1033728K), 0.0049980 secs]
55.023: Total time for which application threads were stopped: 0.0051692 seconds, Stopping threads took: 0.0000202 seconds
55.091: [GC (Allocation Failure)  876405K->559763K(1033216K), 0.0062651 secs]
55.098: Total time for which application threads were stopped: 0.0064360 seconds, Stopping threads took: 0.0000199 seconds
55.169: [GC (Allocation Failure)  879251K->557109K(1033728K), 0.0049849 secs]
55.174: Total time for which application threads were stopped: 0.0051544 seconds, Stopping threads took: 0.0000197 seconds
55.241: [GC (Allocation Failure)  876597K->556917K(1034752K), 0.0046302 secs]
55.246: Total time for which application threads were stopped: 0.0048245 seconds, Stopping threads took: 0.0000196 seconds
55.314: [GC (Allocation Failure)  877941K->556371K(1034240K), 0.0045887 secs]
55.319: Total time for which application threads were stopped: 0.0047487 seconds, Stopping threads took: 0.0000193 seconds
55.385: [GC (Allocation Failure)  877395K->557013K(1035264K), 0.0049449 secs]
55.390: Total time for which application threads were stopped: 0.0051182 seconds, Stopping threads took: 0.0000198 seconds
55.459: [GC (Allocation Failure)  879061K->556885K(1034752K), 0.0048591 secs]
55.463: Total time for which application threads were stopped: 0.0050278 seconds, Stopping threads took: 0.0000200 seconds
55.531: [GC (Allocation Failure)  878933K->558131K(1035776K), 0.0053787 secs]
55.536: Total time for which application threads were stopped: 0.0055392 seconds, Stopping threads took: 0.0000198 seconds
55.604: [GC (Allocation Failure)  881715K->556981K(1035776K), 0.0047802 secs]
55.609: Total time for which application threads were stopped: 0.0049401 seconds, Stopping threads took: 0.0000206 seconds
55.678: [GC (Allocation Failure)  880565K->556917K(1036288K), 0.0047507 secs]
55.683: Total time for which application threads were stopped: 0.0049189 seconds, Stopping threads took: 0.0000280 seconds
55.750: [GC (Allocation Failure)  881525K->550131K(1025536K), 0.0065109 secs]
55.757: Total time for which application threads were stopped: 0.0066485 seconds, Stopping threads took: 0.0000200 seconds
55.826: [GC (Allocation Failure)  874739K->556957K(1035776K), 0.0047072 secs]
55.831: Total time for which application threads were stopped: 0.0048769 seconds, Stopping threads took: 0.0000194 seconds
55.899: [GC (Allocation Failure)  880541K->561069K(1035776K), 0.0059827 secs]
55.905: Total time for which application threads were stopped: 0.0061396 seconds, Stopping threads took: 0.0000199 seconds
55.973: [GC (Allocation Failure)  884653K->561037K(1036800K), 0.0047234 secs]
55.978: Total time for which application threads were stopped: 0.0048841 seconds, Stopping threads took: 0.0000195 seconds
56.046: [GC (Allocation Failure)  886157K->561605K(1025536K), 0.0049522 secs]
56.051: Total time for which application threads were stopped: 0.0051459 seconds, Stopping threads took: 0.0000199 seconds
56.121: [GC (Allocation Failure)  886725K->569096K(1035776K), 0.0047991 secs]
56.126: Total time for which application threads were stopped: 0.0049902 seconds, Stopping threads took: 0.0000193 seconds
56.198: [GC (Allocation Failure)  892680K->569064K(1035776K), 0.0048804 secs]
56.203: Total time for which application threads were stopped: 0.0050549 seconds, Stopping threads took: 0.0000213 seconds
56.271: [GC (Allocation Failure)  892648K->569288K(1034240K), 0.0047563 secs]
56.275: Total time for which application threads were stopped: 0.0049258 seconds, Stopping threads took: 0.0000196 seconds
56.344: [GC (Allocation Failure)  891848K->577098K(1035264K), 0.0048085 secs]
56.348: Total time for which application threads were stopped: 0.0049769 seconds, Stopping threads took: 0.0000206 seconds
56.416: [GC (Allocation Failure)  899658K->577130K(1035776K), 0.0049606 secs]
56.421: Total time for which application threads were stopped: 0.0051323 seconds, Stopping threads took: 0.0000205 seconds
56.489: [GC (Allocation Failure)  900202K->577162K(1035264K), 0.0048995 secs]
56.494: Total time for which application threads were stopped: 0.0050617 seconds, Stopping threads took: 0.0000195 seconds
56.562: [GC (Allocation Failure)  900234K->585100K(1035264K), 0.0050290 secs]
56.567: Total time for which application threads were stopped: 0.0051913 seconds, Stopping threads took: 0.0000190 seconds
56.634: [GC (Allocation Failure)  907660K->585132K(1035264K), 0.0047143 secs]
56.639: Total time for which application threads were stopped: 0.0048774 seconds, Stopping threads took: 0.0000257 seconds
56.706: [GC (Allocation Failure)  907692K->585292K(1034240K), 0.0051656 secs]
56.711: Total time for which application threads were stopped: 0.0053363 seconds, Stopping threads took: 0.0000204 seconds
56.779: [GC (Allocation Failure)  906828K->593199K(1034752K), 0.0048886 secs]
56.784: Total time for which application threads were stopped: 0.0050698 seconds, Stopping threads took: 0.0000206 seconds
56.851: [GC (Allocation Failure)  914735K->593199K(1034752K), 0.0050038 secs]
56.856: Total time for which application threads were stopped: 0.0051765 seconds, Stopping threads took: 0.0000204 seconds
56.922: [GC (Allocation Failure)  914735K->593223K(1021440K), 0.0048291 secs]
56.927: Total time for which application threads were stopped: 0.0049985 seconds, Stopping threads took: 0.0000198 seconds
56.995: [GC (Allocation Failure)  914759K->601161K(1034240K), 0.0064627 secs]
57.001: Total time for which application threads were stopped: 0.0066321 seconds, Stopping threads took: 0.0000199 seconds
57.069: [GC (Allocation Failure)  921673K->601193K(1034240K), 0.0049786 secs]
57.074: Total time for which application threads were stopped: 0.0051490 seconds, Stopping threads took: 0.0000204 seconds
57.142: [GC (Allocation Failure)  921705K->601225K(1034240K), 0.0057738 secs]
57.148: Total time for which application threads were stopped: 0.0059656 seconds, Stopping threads took: 0.0000255 seconds
57.216: [GC (Allocation Failure)  921737K->609259K(1034240K), 0.0048838 secs]
57.221: Total time for which application threads were stopped: 0.0050430 seconds, Stopping threads took: 0.0000195 seconds
57.288: [GC (Allocation Failure)  929771K->609259K(1034240K), 0.0046588 secs]
57.293: Total time for which application threads were stopped: 0.0048277 seconds, Stopping threads took: 0.0000220 seconds
57.360: [GC (Allocation Failure)  929771K->609475K(1020416K), 0.0050856 secs]
57.365: Total time for which application threads were stopped: 0.0052902 seconds, Stopping threads took: 0.0000203 seconds
57.434: [GC (Allocation Failure)  929987K->617285K(1033728K), 0.0049039 secs]
57.439: Total time for which application threads were stopped: 0.0050907 seconds, Stopping threads took: 0.0000181 seconds
57.507: [GC (Allocation Failure)  936773K->617253K(1033728K), 0.0049398 secs]
57.512: Total time for which application threads were stopped: 0.0050890 seconds, Stopping threads took: 0.0000170 seconds
57.578: [GC (Allocation Failure)  936741K->617701K(1033728K), 0.0051680 secs]
57.583: Total time for which application threads were stopped: 0.0053529 seconds, Stopping threads took: 0.0000215 seconds
57.650: [GC (Allocation Failure)  937189K->625288K(1033728K), 0.0046855 secs]
57.655: Total time for which application threads were stopped: 0.0048474 seconds, Stopping threads took: 0.0000279 seconds
57.722: [GC (Allocation Failure)  944776K->625288K(1033728K), 0.0051495 secs]
57.728: Total time for which application threads were stopped: 0.0053434 seconds, Stopping threads took: 0.0000263 seconds
57.795: [GC (Allocation Failure)  944776K->625384K(1033728K), 0.0064174 secs]
57.802: Total time for which application threads were stopped: 0.0065679 seconds, Stopping threads took: 0.0000163 seconds
57.870: [GC (Allocation Failure)  944872K->633322K(1033728K), 0.0050743 secs]
57.875: Total time for which application threads were stopped: 0.0052825 seconds, Stopping threads took: 0.0000198 seconds
57.942: [GC (Allocation Failure)  952810K->633322K(1033728K), 0.0051212 secs]
57.948: Total time for which application threads were stopped: 0.0052960 seconds, Stopping threads took: 0.0000217 seconds
58.014: [GC (Allocation Failure)  952810K->633386K(1032704K), 0.0066153 secs]
58.020: Total time for which application threads were stopped: 0.0067756 seconds, Stopping threads took: 0.0000202 seconds
58.089: [GC (Allocation Failure)  951850K->641388K(1033216K), 0.0050178 secs]
58.094: Total time for which application threads were stopped: 0.0051834 seconds, Stopping threads took: 0.0000200 seconds
58.160: [GC (Allocation Failure)  959852K->641356K(1033216K), 0.0051555 secs]
58.166: Total time for which application threads were stopped: 0.0053233 seconds, Stopping threads took: 0.0000196 seconds
58.230: [GC (Allocation Failure)  959820K->641612K(1033216K), 0.0052215 secs]
58.236: Total time for which application threads were stopped: 0.0053901 seconds, Stopping threads took: 0.0000198 seconds
58.302: [GC (Allocation Failure)  960076K->649390K(1033216K), 0.0054700 secs]
58.308: Total time for which application threads were stopped: 0.0056324 seconds, Stopping threads took: 0.0000196 seconds
58.373: [GC (Allocation Failure)  967854K->645036K(1033216K), 0.0037096 secs]
58.377: Total time for which application threads were stopped: 0.0038792 seconds, Stopping threads took: 0.0000203 seconds
58.443: [GC (Allocation Failure)  963500K->649590K(1034752K), 0.0052595 secs]
58.448: Total time for which application threads were stopped: 0.0054389 seconds, Stopping threads took: 0.0000205 seconds
58.515: [GC (Allocation Failure)  970102K->653534K(1033728K), 0.0051343 secs]
58.520: Total time for which application threads were stopped: 0.0053277 seconds, Stopping threads took: 0.0000197 seconds
58.589: [GC (Allocation Failure)  974046K->661636K(1028096K), 0.0087371 secs]
58.598: Total time for which application threads were stopped: 0.0089299 seconds, Stopping threads took: 0.0000195 seconds
58.665: [GC (Allocation Failure)  976004K->655494K(1031168K), 0.0049457 secs]
58.670: Total time for which application threads were stopped: 0.0051173 seconds, Stopping threads took: 0.0000277 seconds
58.736: [GC (Allocation Failure)  969862K->655398K(1032192K), 0.0047705 secs]
58.741: Total time for which application threads were stopped: 0.0049301 seconds, Stopping threads took: 0.0000190 seconds
58.807: [GC (Allocation Failure)  971302K->656902K(1031680K), 0.0051351 secs]
58.812: Total time for which application threads were stopped: 0.0053326 seconds, Stopping threads took: 0.0000196 seconds
58.880: [GC (Allocation Failure)  972806K->663465K(1032704K), 0.0049367 secs]
58.885: Total time for which application threads were stopped: 0.0051079 seconds, Stopping threads took: 0.0000204 seconds
58.951: [GC (Allocation Failure)  980393K->663401K(1032192K), 0.0049201 secs]
58.956: Total time for which application threads were stopped: 0.0050782 seconds, Stopping threads took: 0.0000204 seconds
59.021: [GC (Allocation Failure)  980329K->663625K(1032192K), 0.0051581 secs]
59.026: Total time for which application threads were stopped: 0.0053251 seconds, Stopping threads took: 0.0000168 seconds
59.094: [GC (Allocation Failure)  981065K->671467K(1032704K), 0.0050486 secs]
59.099: Total time for which application threads were stopped: 0.0052148 seconds, Stopping threads took: 0.0000250 seconds
59.168: [GC (Allocation Failure)  988907K->671467K(1033216K), 0.0049689 secs]
59.173: Total time for which application threads were stopped: 0.0051247 seconds, Stopping threads took: 0.0000168 seconds
59.239: [GC (Allocation Failure)  989419K->673387K(1032704K), 0.0052869 secs]
59.244: Total time for which application threads were stopped: 0.0054491 seconds, Stopping threads took: 0.0000197 seconds
59.311: [GC (Allocation Failure)  991339K->679469K(1033216K), 0.0049847 secs]
59.316: Total time for which application threads were stopped: 0.0051476 seconds, Stopping threads took: 0.0000206 seconds
59.385: [GC (Allocation Failure)  997933K->679469K(1033216K), 0.0051699 secs]
59.390: Total time for which application threads were stopped: 0.0053486 seconds, Stopping threads took: 0.0000282 seconds
59.456: [GC (Allocation Failure)  997933K->681101K(1033728K), 0.0054026 secs]
59.461: Total time for which application threads were stopped: 0.0055731 seconds, Stopping threads took: 0.0000201 seconds
59.529: [GC (Allocation Failure)  1000589K->687503K(1033728K), 0.0049385 secs]
59.534: Total time for which application threads were stopped: 0.0051000 seconds, Stopping threads took: 0.0000203 seconds
59.603: [GC (Allocation Failure)  1006991K->687503K(1033728K), 0.0050804 secs]
59.608: Total time for which application threads were stopped: 0.0052382 seconds, Stopping threads took: 0.0000195 seconds
59.674: [GC (Allocation Failure)  1006991K->688295K(1033728K), 0.0049976 secs]
59.679: [Full GC (Ergonomics)  688295K->9283K(1033728K), 0.0141911 secs]
59.694: Total time for which application threads were stopped: 0.0194608 seconds, Stopping threads took: 0.0000253 seconds
59.762: [GC (Allocation Failure)  328771K->20677K(1031680K), 0.0048926 secs]
59.767: Total time for which application threads were stopped: 0.0050666 seconds, Stopping threads took: 0.0000284 seconds
59.833: [GC (Allocation Failure)  338117K->20765K(1032704K), 0.0064373 secs]
59.840: Total time for which application threads were stopped: 0.0065927 seconds, Stopping threads took: 0.0000191 seconds
59.907: [GC (Allocation Failure)  338205K->20757K(1032704K), 0.0038918 secs]
59.911: Total time for which application threads were stopped: 0.0040575 seconds, Stopping threads took: 0.0000191 seconds
59.979: [GC (Allocation Failure)  338197K->28759K(1032704K), 0.0038194 secs]
59.983: Total time for which application threads were stopped: 0.0039911 seconds, Stopping threads took: 0.0000199 seconds
60.051: [GC (Allocation Failure)  346199K->28759K(1033216K), 0.0039770 secs]
60.055: Total time for which application threads were stopped: 0.0041459 seconds, Stopping threads took: 0.0000212 seconds
60.120: [GC (Allocation Failure)  346711K->30455K(1032704K), 0.0040320 secs]
60.124: Total time for which application threads were stopped: 0.0041900 seconds, Stopping threads took: 0.0000201 seconds
60.194: [GC (Allocation Failure)  348407K->36793K(1033216K), 0.0040658 secs]
60.198: Total time for which application threads were stopped: 0.0042367 seconds, Stopping threads took: 0.0000197 seconds
60.265: [GC (Allocation Failure)  355257K->36761K(1033216K), 0.0038258 secs]
60.269: Total time for which application threads were stopped: 0.0039888 seconds, Stopping threads took: 0.0000204 seconds
60.335: [GC (Allocation Failure)  355225K->37145K(1033216K), 0.0039890 secs]
60.340: Total time for which application threads were stopped: 0.0041799 seconds, Stopping threads took: 0.0000191 seconds
60.409: [GC (Allocation Failure)  355609K->44828K(1033216K), 0.0038302 secs]
60.413: Total time for which application threads were stopped: 0.0039812 seconds, Stopping threads took: 0.0000169 seconds
60.479: [GC (Allocation Failure)  363292K->44828K(1033216K), 0.0038899 secs]
60.483: Total time for which application threads were stopped: 0.0040659 seconds, Stopping threads took: 0.0000213 seconds
60.548: [GC (Allocation Failure)  363292K->45372K(1033216K), 0.0041601 secs]
60.552: Total time for which application threads were stopped: 0.0043505 seconds, Stopping threads took: 0.0000346 seconds
60.621: [GC (Allocation Failure)  363836K->52862K(1033216K), 0.0037909 secs]
60.625: Total time for which application threads were stopped: 0.0039546 seconds, Stopping threads took: 0.0000251 seconds
60.691: [GC (Allocation Failure)  371326K->52830K(1033216K), 0.0039546 secs]
60.695: Total time for which application threads were stopped: 0.0041312 seconds, Stopping threads took: 0.0000268 seconds
60.760: [GC (Allocation Failure)  371294K->53638K(1033216K), 0.0040612 secs]
60.764: Total time for which application threads were stopped: 0.0042445 seconds, Stopping threads took: 0.0000348 seconds
60.832: [GC (Allocation Failure)  372102K->60904K(1033216K), 0.0040828 secs]
60.836: Total time for which application threads were stopped: 0.0042591 seconds, Stopping threads took: 0.0000216 seconds
60.905: [GC (Allocation Failure)  379368K->60904K(1033728K), 0.0039404 secs]
60.909: Total time for which application threads were stopped: 0.0041179 seconds, Stopping threads took: 0.0000220 seconds
60.974: [GC (Allocation Failure)  379880K->61384K(1033216K), 0.0038109 secs]
60.978: Total time for which application threads were stopped: 0.0039692 seconds, Stopping threads took: 0.0000198 seconds
61.046: [GC (Allocation Failure)  380360K->68906K(1033216K), 0.0036889 secs]
61.049: Total time for which application threads were stopped: 0.0038678 seconds, Stopping threads took: 0.0000199 seconds
61.114: [GC (Allocation Failure)  387370K->68906K(1033216K), 0.0040890 secs]
61.119: Total time for which application threads were stopped: 0.0042590 seconds, Stopping threads took: 0.0000207 seconds
61.184: [GC (Allocation Failure)  387370K->69066K(1033216K), 0.0040001 secs]
61.188: Total time for which application threads were stopped: 0.0041707 seconds, Stopping threads took: 0.0000198 seconds
61.257: [GC (Allocation Failure)  387530K->76973K(1033216K), 0.0038922 secs]
61.260: Total time for which application threads were stopped: 0.0040586 seconds, Stopping threads took: 0.0000218 seconds
61.326: [GC (Allocation Failure)  395437K->76909K(1033216K), 0.0039546 secs]
61.330: Total time for which application threads were stopped: 0.0041189 seconds, Stopping threads took: 0.0000209 seconds
61.396: [GC (Allocation Failure)  395373K->77285K(1033216K), 0.0040345 secs]
61.400: Total time for which application threads were stopped: 0.0041925 seconds, Stopping threads took: 0.0000197 seconds
61.468: [GC (Allocation Failure)  395749K->84967K(1033216K), 0.0038148 secs]
61.471: Total time for which application threads were stopped: 0.0039771 seconds, Stopping threads took: 0.0000202 seconds
61.539: [GC (Allocation Failure)  403431K->84967K(1033216K), 0.0052536 secs]
61.545: Total time for which application threads were stopped: 0.0054162 seconds, Stopping threads took: 0.0000270 seconds
61.609: [GC (Allocation Failure)  403431K->85031K(1033216K), 0.0039588 secs]
61.613: Total time for which application threads were stopped: 0.0041299 seconds, Stopping threads took: 0.0000200 seconds
61.680: [GC (Allocation Failure)  403495K->93033K(1033216K), 0.0039482 secs]
61.684: Total time for which application threads were stopped: 0.0041159 seconds, Stopping threads took: 0.0000203 seconds
61.751: [GC (Allocation Failure)  411497K->93001K(1033216K), 0.0036736 secs]
61.755: Total time for which application threads were stopped: 0.0038338 seconds, Stopping threads took: 0.0000198 seconds
61.820: [GC (Allocation Failure)  411465K->93249K(1033216K), 0.0040745 secs]
61.824: Total time for which application threads were stopped: 0.0042432 seconds, Stopping threads took: 0.0000195 seconds
61.891: [GC (Allocation Failure)  411713K->101028K(1033216K), 0.0041234 secs]
61.895: Total time for which application threads were stopped: 0.0042868 seconds, Stopping threads took: 0.0000204 seconds
61.960: [GC (Allocation Failure)  419492K->101060K(1033216K), 0.0039666 secs]
61.964: Total time for which application threads were stopped: 0.0041270 seconds, Stopping threads took: 0.0000205 seconds
62.033: [GC (Allocation Failure)  419524K->101220K(1033216K), 0.0042447 secs]
62.037: Total time for which application threads were stopped: 0.0044030 seconds, Stopping threads took: 0.0000193 seconds
62.105: [GC (Allocation Failure)  419684K->109062K(1033216K), 0.0039806 secs]
62.109: Total time for which application threads were stopped: 0.0041620 seconds, Stopping threads took: 0.0000200 seconds
62.176: [GC (Allocation Failure)  427526K->105188K(1033728K), 0.0028673 secs]
62.179: Total time for which application threads were stopped: 0.0030253 seconds, Stopping threads took: 0.0000198 seconds
62.248: [GC (Allocation Failure)  424164K->109222K(1033216K), 0.0041713 secs]
62.252: Total time for which application threads were stopped: 0.0043436 seconds, Stopping threads took: 0.0000205 seconds
62.319: [GC (Allocation Failure)  428198K->113190K(1033728K), 0.0038162 secs]
62.323: Total time for which application threads were stopped: 0.0039650 seconds, Stopping threads took: 0.0000178 seconds
62.390: [GC (Allocation Failure)  433702K->120732K(1034240K), 0.0073829 secs]
62.398: Total time for which application threads were stopped: 0.0075480 seconds, Stopping threads took: 0.0000281 seconds
62.467: [GC (Allocation Failure)  441244K->114494K(1029120K), 0.0041165 secs]
62.471: Total time for which application threads were stopped: 0.0042902 seconds, Stopping threads took: 0.0000205 seconds
62.537: [GC (Allocation Failure)  429886K->114462K(1031680K), 0.0040462 secs]
62.541: Total time for which application threads were stopped: 0.0042067 seconds, Stopping threads took: 0.0000200 seconds
62.607: [GC (Allocation Failure)  429854K->109948K(1032704K), 0.0021702 secs]
62.609: Total time for which application threads were stopped: 0.0023227 seconds, Stopping threads took: 0.0000200 seconds
62.678: [GC (Allocation Failure)  426876K->114718K(1032192K), 0.0037873 secs]
62.682: Total time for which application threads were stopped: 0.0039533 seconds, Stopping threads took: 0.0000253 seconds
62.749: [GC (Allocation Failure)  431646K->114494K(1033216K), 0.0041908 secs]
62.753: Total time for which application threads were stopped: 0.0043807 seconds, Stopping threads took: 0.0000224 seconds
62.819: [GC (Allocation Failure)  432958K->115094K(1033216K), 0.0050368 secs]
62.824: Total time for which application threads were stopped: 0.0052076 seconds, Stopping threads took: 0.0000197 seconds
62.892: [GC (Allocation Failure)  433558K->122552K(1033216K), 0.0039041 secs]
62.896: Total time for which application threads were stopped: 0.0040709 seconds, Stopping threads took: 0.0000191 seconds
62.962: [GC (Allocation Failure)  441016K->122520K(1033216K), 0.0042189 secs]
62.966: Total time for which application threads were stopped: 0.0043795 seconds, Stopping threads took: 0.0000206 seconds
63.034: [GC (Allocation Failure)  440984K->123312K(1032704K), 0.0040140 secs]
63.038: Total time for which application threads were stopped: 0.0041750 seconds, Stopping threads took: 0.0000204 seconds
63.105: [GC (Allocation Failure)  441776K->130674K(1033216K), 0.0042327 secs]
63.110: Total time for which application threads were stopped: 0.0044005 seconds, Stopping threads took: 0.0000202 seconds
63.178: [GC (Allocation Failure)  449138K->130514K(1033728K), 0.0038740 secs]
63.182: Total time for which application threads were stopped: 0.0040418 seconds, Stopping threads took: 0.0000195 seconds
63.248: [GC (Allocation Failure)  449490K->132090K(1033216K), 0.0043355 secs]
63.253: Total time for which application threads were stopped: 0.0045072 seconds, Stopping threads took: 0.0000214 seconds
63.320: [GC (Allocation Failure)  451066K->138621K(1033728K), 0.0038135 secs]
63.324: Total time for which application threads were stopped: 0.0040072 seconds, Stopping threads took: 0.0000292 seconds
63.391: [GC (Allocation Failure)  458109K->138557K(1033728K), 0.0040446 secs]
63.395: Total time for which application threads were stopped: 0.0042171 seconds, Stopping threads took: 0.0000200 seconds
63.463: [GC (Allocation Failure)  458045K->138789K(1033728K), 0.0042978 secs]
63.468: Total time for which application threads were stopped: 0.0044592 seconds, Stopping threads took: 0.0000196 seconds
63.537: [GC (Allocation Failure)  458277K->146631K(1033728K), 0.0040497 secs]
63.541: Total time for which application threads were stopped: 0.0042048 seconds, Stopping threads took: 0.0000189 seconds
63.606: [GC (Allocation Failure)  466119K->146631K(1033728K), 0.0041746 secs]
63.610: Total time for which application threads were stopped: 0.0043350 seconds, Stopping threads took: 0.0000191 seconds
63.675: [GC (Allocation Failure)  466119K->147015K(1033728K), 0.0041436 secs]
63.679: Total time for which application threads were stopped: 0.0043034 seconds, Stopping threads took: 0.0000200 seconds
63.747: [GC (Allocation Failure)  466503K->154633K(1033728K), 0.0106189 secs]
63.757: Total time for which application threads were stopped: 0.0107879 seconds, Stopping threads took: 0.0000197 seconds
63.825: [GC (Allocation Failure)  474121K->154633K(1033728K), 0.0039234 secs]
63.829: Total time for which application threads were stopped: 0.0040913 seconds, Stopping threads took: 0.0000183 seconds
63.897: [GC (Allocation Failure)  474121K->155273K(1033728K), 0.0042212 secs]
63.901: Total time for which application threads were stopped: 0.0043886 seconds, Stopping threads took: 0.0000195 seconds
63.967: [GC (Allocation Failure)  474761K->162699K(1033728K), 0.0041533 secs]
63.971: Total time for which application threads were stopped: 0.0043097 seconds, Stopping threads took: 0.0000188 seconds
64.039: [GC (Allocation Failure)  482187K->162699K(1033728K), 0.0040350 secs]
64.043: Total time for which application threads were stopped: 0.0042090 seconds, Stopping threads took: 0.0000198 seconds
64.112: [GC (Allocation Failure)  482187K->164515K(1033728K), 0.0044979 secs]
64.117: Total time for which application threads were stopped: 0.0046837 seconds, Stopping threads took: 0.0000167 seconds
64.186: [GC (Allocation Failure)  484003K->170758K(1033728K), 0.0040862 secs]
64.190: Total time for which application threads were stopped: 0.0042457 seconds, Stopping threads took: 0.0000198 seconds
64.256: [GC (Allocation Failure)  490246K->170662K(1033728K), 0.0040176 secs]
64.260: Total time for which application threads were stopped: 0.0042048 seconds, Stopping threads took: 0.0000200 seconds
64.327: [GC (Allocation Failure)  490150K->171718K(1033728K), 0.0044028 secs]
64.332: Total time for which application threads were stopped: 0.0045749 seconds, Stopping threads took: 0.0000202 seconds
64.401: [GC (Allocation Failure)  491206K->178792K(1033728K), 0.0042492 secs]
64.405: Total time for which application threads were stopped: 0.0044423 seconds, Stopping threads took: 0.0000194 seconds
64.473: [GC (Allocation Failure)  498280K->178728K(1033728K), 0.0040806 secs]
64.477: Total time for which application threads were stopped: 0.0042400 seconds, Stopping threads took: 0.0000172 seconds
64.544: [GC (Allocation Failure)  498216K->178920K(1033728K), 0.0040442 secs]
64.548: Total time for which application threads were stopped: 0.0042395 seconds, Stopping threads took: 0.0000206 seconds
64.618: [GC (Allocation Failure)  498408K->186826K(1033728K), 0.0041179 secs]
64.622: Total time for which application threads were stopped: 0.0042639 seconds, Stopping threads took: 0.0000168 seconds
64.690: [GC (Allocation Failure)  506314K->186794K(1033728K), 0.0039680 secs]
64.694: Total time for which application threads were stopped: 0.0041387 seconds, Stopping threads took: 0.0000281 seconds
64.761: [GC (Allocation Failure)  506282K->187170K(1033728K), 0.0041970 secs]
64.765: Total time for which application threads were stopped: 0.0043596 seconds, Stopping threads took: 0.0000197 seconds
64.832: [GC (Allocation Failure)  506658K->194852K(1033728K), 0.0042230 secs]
64.836: Total time for which application threads were stopped: 0.0044055 seconds, Stopping threads took: 0.0000206 seconds
64.904: [GC (Allocation Failure)  514340K->194820K(1033728K), 0.0042861 secs]
64.909: Total time for which application threads were stopped: 0.0044542 seconds, Stopping threads took: 0.0000192 seconds
64.975: [GC (Allocation Failure)  514308K->195428K(1033728K), 0.0043527 secs]
64.979: Total time for which application threads were stopped: 0.0045270 seconds, Stopping threads took: 0.0000217 seconds
65.045: [GC (Allocation Failure)  514916K->202855K(1032704K), 0.0040751 secs]
65.049: Total time for which application threads were stopped: 0.0042413 seconds, Stopping threads took: 0.0000217 seconds
65.118: [GC (Allocation Failure)  521319K->202823K(1033216K), 0.0041413 secs]
65.122: Total time for which application threads were stopped: 0.0042972 seconds, Stopping threads took: 0.0000198 seconds
65.190: [GC (Allocation Failure)  521287K->203623K(1033728K), 0.0044194 secs]
65.194: Total time for which application threads were stopped: 0.0045905 seconds, Stopping threads took: 0.0000200 seconds
65.262: [GC (Allocation Failure)  523111K->210857K(1027072K), 0.0041961 secs]
65.266: Total time for which application threads were stopped: 0.0043654 seconds, Stopping threads took: 0.0000196 seconds
65.334: [GC (Allocation Failure)  530345K->210889K(1033728K), 0.0043213 secs]
65.338: Total time for which application threads were stopped: 0.0044806 seconds, Stopping threads took: 0.0000193 seconds
65.405: [GC (Allocation Failure)  529865K->211369K(1033216K), 0.0043163 secs]
65.409: Total time for which application threads were stopped: 0.0044868 seconds, Stopping threads took: 0.0000202 seconds
65.477: [GC (Allocation Failure)  530345K->218859K(1033216K), 0.0040362 secs]
65.481: Total time for which application threads were stopped: 0.0042140 seconds, Stopping threads took: 0.0000246 seconds
65.547: [GC (Allocation Failure)  537323K->218923K(1033216K), 0.0041076 secs]
65.552: Total time for which application threads were stopped: 0.0042823 seconds, Stopping threads took: 0.0000280 seconds
65.616: [GC (Allocation Failure)  537387K->219083K(1033216K), 0.0046018 secs]
65.621: Total time for which application threads were stopped: 0.0047593 seconds, Stopping threads took: 0.0000195 seconds
65.688: [GC (Allocation Failure)  537547K->226926K(1033216K), 0.0043167 secs]
65.692: Total time for which application threads were stopped: 0.0044868 seconds, Stopping threads took: 0.0000198 seconds
65.758: [GC (Allocation Failure)  545390K->226958K(1033216K), 0.0043348 secs]
65.763: Total time for which application threads were stopped: 0.0045147 seconds, Stopping threads took: 0.0000276 seconds
65.830: [GC (Allocation Failure)  545422K->227342K(1033216K), 0.0044097 secs]
65.834: Total time for which application threads were stopped: 0.0045708 seconds, Stopping threads took: 0.0000198 seconds
65.901: [GC (Allocation Failure)  545806K->234960K(1033216K), 0.0065103 secs]
65.908: Total time for which application threads were stopped: 0.0066778 seconds, Stopping threads took: 0.0000200 seconds
65.974: [GC (Allocation Failure)  553424K->234960K(1033216K), 0.0046788 secs]
65.979: Total time for which application threads were stopped: 0.0048404 seconds, Stopping threads took: 0.0000195 seconds
66.043: [GC (Allocation Failure)  553424K->235016K(1033216K), 0.0044329 secs]
66.048: Total time for which application threads were stopped: 0.0046149 seconds, Stopping threads took: 0.0000194 seconds
66.116: [GC (Allocation Failure)  553480K->242986K(1033216K), 0.0042757 secs]
66.121: Total time for which application threads were stopped: 0.0044601 seconds, Stopping threads took: 0.0000219 seconds
66.187: [GC (Allocation Failure)  561450K->242954K(1033216K), 0.0041468 secs]
66.191: Total time for which application threads were stopped: 0.0043408 seconds, Stopping threads took: 0.0000207 seconds
66.257: [GC (Allocation Failure)  561418K->243306K(1033216K), 0.0045040 secs]
66.262: Total time for which application threads were stopped: 0.0046677 seconds, Stopping threads took: 0.0000207 seconds
66.329: [GC (Allocation Failure)  561770K->251052K(1033216K), 0.0044462 secs]
66.334: Total time for which application threads were stopped: 0.0046094 seconds, Stopping threads took: 0.0000202 seconds
66.401: [GC (Allocation Failure)  569516K->251020K(1033216K), 0.0041467 secs]
66.406: Total time for which application threads were stopped: 0.0043169 seconds, Stopping threads took: 0.0000200 seconds
66.472: [GC (Allocation Failure)  569484K->251076K(1033216K), 0.0043398 secs]
66.477: Total time for which application threads were stopped: 0.0045116 seconds, Stopping threads took: 0.0000205 seconds
66.543: [GC (Allocation Failure)  569540K->259047K(1033216K), 0.0042104 secs]
66.547: Total time for which application threads were stopped: 0.0043889 seconds, Stopping threads took: 0.0000203 seconds
66.614: [GC (Allocation Failure)  577511K->259047K(1033216K), 0.0040616 secs]
66.618: Total time for which application threads were stopped: 0.0042811 seconds, Stopping threads took: 0.0000201 seconds
66.686: [GC (Allocation Failure)  577511K->259207K(1033216K), 0.0042133 secs]
66.690: Total time for which application threads were stopped: 0.0043745 seconds, Stopping threads took: 0.0000268 seconds
66.757: [GC (Allocation Failure)  577671K->267081K(1033216K), 0.0043744 secs]
66.761: Total time for which application threads were stopped: 0.0045383 seconds, Stopping threads took: 0.0000259 seconds
66.827: [GC (Allocation Failure)  585545K->267081K(1033216K), 0.0041777 secs]
66.831: Total time for which application threads were stopped: 0.0043547 seconds, Stopping threads took: 0.0000282 seconds
66.895: [GC (Allocation Failure)  585545K->267465K(1033216K), 0.0043419 secs]
66.900: Total time for which application threads were stopped: 0.0045098 seconds, Stopping threads took: 0.0000193 seconds
66.967: [GC (Allocation Failure)  585929K->275115K(1033216K), 0.0042648 secs]
66.971: Total time for which application threads were stopped: 0.0044394 seconds, Stopping threads took: 0.0000217 seconds
67.036: [GC (Allocation Failure)  593579K->275115K(1033216K), 0.0042585 secs]
67.041: Total time for which application threads were stopped: 0.0044200 seconds, Stopping threads took: 0.0000192 seconds
67.105: [GC (Allocation Failure)  593579K->275179K(1033216K), 0.0044745 secs]
67.110: Total time for which application threads were stopped: 0.0046528 seconds, Stopping threads took: 0.0000206 seconds
67.177: [GC (Allocation Failure)  593643K->283149K(1033216K), 0.0042667 secs]
67.181: Total time for which application threads were stopped: 0.0044282 seconds, Stopping threads took: 0.0000197 seconds
67.248: [GC (Allocation Failure)  601613K->275275K(1033216K), 0.0011561 secs]
67.249: Total time for which application threads were stopped: 0.0013051 seconds, Stopping threads took: 0.0000198 seconds
67.318: [GC (Allocation Failure)  593739K->283365K(1032192K), 0.0045281 secs]
67.323: Total time for which application threads were stopped: 0.0046948 seconds, Stopping threads took: 0.0000200 seconds
67.389: [GC (Allocation Failure)  600805K->287325K(1032704K), 0.0055890 secs]
67.395: Total time for which application threads were stopped: 0.0057560 seconds, Stopping threads took: 0.0000195 seconds
67.461: [GC (Allocation Failure)  604765K->285723K(1033728K), 0.0036313 secs]
67.465: Total time for which application threads were stopped: 0.0037908 seconds, Stopping threads took: 0.0000190 seconds
67.532: [GC (Allocation Failure)  604187K->287453K(1032704K), 0.0041782 secs]
67.536: Total time for which application threads were stopped: 0.0043585 seconds, Stopping threads took: 0.0000202 seconds
67.603: [GC (Allocation Failure)  605917K->287293K(1033728K), 0.0042902 secs]
67.607: Total time for which application threads were stopped: 0.0044549 seconds, Stopping threads took: 0.0000195 seconds
67.672: [GC (Allocation Failure)  606781K->290941K(1033728K), 0.0051802 secs]
67.678: Total time for which application threads were stopped: 0.0053481 seconds, Stopping threads took: 0.0000253 seconds
67.744: [GC (Allocation Failure)  610429K->295424K(1034240K), 0.0043574 secs]
67.748: Total time for which application threads were stopped: 0.0045294 seconds, Stopping threads took: 0.0000259 seconds
67.816: [GC (Allocation Failure)  615936K->295328K(1034240K), 0.0072198 secs]
67.823: Total time for which application threads were stopped: 0.0074077 seconds, Stopping threads took: 0.0000204 seconds
67.890: [GC (Allocation Failure)  615840K->296072K(1033216K), 0.0043215 secs]
67.895: Total time for which application threads were stopped: 0.0044872 seconds, Stopping threads took: 0.0000206 seconds
67.962: [GC (Allocation Failure)  615560K->303434K(1033728K), 0.0041699 secs]
67.966: Total time for which application threads were stopped: 0.0043625 seconds, Stopping threads took: 0.0000192 seconds
68.036: [GC (Allocation Failure)  622922K->303370K(1034240K), 0.0043703 secs]
68.040: Total time for which application threads were stopped: 0.0045418 seconds, Stopping threads took: 0.0000163 seconds
68.107: [GC (Allocation Failure)  623370K->303818K(1033728K), 0.0071937 secs]
68.115: Total time for which application threads were stopped: 0.0073659 seconds, Stopping threads took: 0.0000195 seconds
68.187: [GC (Allocation Failure)  623818K->311404K(1033728K), 0.0044882 secs]
68.191: Total time for which application threads were stopped: 0.0046469 seconds, Stopping threads took: 0.0000196 seconds
68.259: [GC (Allocation Failure)  630892K->311436K(1033728K), 0.0042555 secs]
68.263: Total time for which application threads were stopped: 0.0044241 seconds, Stopping threads took: 0.0000195 seconds
68.328: [GC (Allocation Failure)  630924K->311532K(1033728K), 0.0045340 secs]
68.333: Total time for which application threads were stopped: 0.0047030 seconds, Stopping threads took: 0.0000192 seconds
68.401: [GC (Allocation Failure)  631020K->319470K(1033728K), 0.0043515 secs]
68.405: Total time for which application threads were stopped: 0.0045089 seconds, Stopping threads took: 0.0000169 seconds
68.472: [GC (Allocation Failure)  638958K->319438K(1033728K), 0.0044718 secs]
68.477: Total time for which application threads were stopped: 0.0046427 seconds, Stopping threads took: 0.0000200 seconds
68.544: [GC (Allocation Failure)  638926K->322854K(1033728K), 0.0053343 secs]
68.549: Total time for which application threads were stopped: 0.0054978 seconds, Stopping threads took: 0.0000204 seconds
68.618: [GC (Allocation Failure)  642342K->327561K(1034240K), 0.0043182 secs]
68.623: Total time for which application threads were stopped: 0.0045021 seconds, Stopping threads took: 0.0000210 seconds
68.692: [GC (Allocation Failure)  648073K->327497K(1034240K), 0.0045849 secs]
68.696: Total time for which application threads were stopped: 0.0047554 seconds, Stopping threads took: 0.0000279 seconds
68.764: [GC (Allocation Failure)  648009K->327977K(1033216K), 0.0043658 secs]
68.768: Total time for which application threads were stopped: 0.0045362 seconds, Stopping threads took: 0.0000219 seconds
68.836: [GC (Allocation Failure)  647465K->335595K(1033728K), 0.0043665 secs]
68.840: Total time for which application threads were stopped: 0.0045614 seconds, Stopping threads took: 0.0000203 seconds
68.909: [GC (Allocation Failure)  655083K->335499K(1033728K), 0.0042928 secs]
68.914: Total time for which application threads were stopped: 0.0044654 seconds, Stopping threads took: 0.0000189 seconds
68.978: [GC (Allocation Failure)  654987K->339307K(1033728K), 0.0054051 secs]
68.984: Total time for which application threads were stopped: 0.0055724 seconds, Stopping threads took: 0.0000189 seconds
69.053: [GC (Allocation Failure)  658795K->343533K(1034240K), 0.0041885 secs]
69.057: Total time for which application threads were stopped: 0.0043539 seconds, Stopping threads took: 0.0000195 seconds
69.124: [GC (Allocation Failure)  664045K->343533K(1034240K), 0.0089956 secs]
69.133: Total time for which application threads were stopped: 0.0091588 seconds, Stopping threads took: 0.0000195 seconds
69.201: [GC (Allocation Failure)  664045K->344453K(1034240K), 0.0048610 secs]
69.206: Total time for which application threads were stopped: 0.0050344 seconds, Stopping threads took: 0.0000197 seconds
69.274: [GC (Allocation Failure)  664965K->351591K(1034240K), 0.0044355 secs]
69.279: Total time for which application threads were stopped: 0.0046073 seconds, Stopping threads took: 0.0000209 seconds
69.346: [GC (Allocation Failure)  672103K->351559K(1034240K), 0.0045395 secs]
69.351: Total time for which application threads were stopped: 0.0047334 seconds, Stopping threads took: 0.0000202 seconds
69.419: [GC (Allocation Failure)  672071K->354759K(1034240K), 0.0049170 secs]
69.424: Total time for which application threads were stopped: 0.0050652 seconds, Stopping threads took: 0.0000170 seconds
69.493: [GC (Allocation Failure)  675271K->359626K(1034752K), 0.0042137 secs]
69.497: Total time for which application threads were stopped: 0.0043829 seconds, Stopping threads took: 0.0000202 seconds
69.565: [GC (Allocation Failure)  681162K->359626K(1034752K), 0.0043607 secs]
69.570: Total time for which application threads were stopped: 0.0045208 seconds, Stopping threads took: 0.0000202 seconds
69.635: [GC (Allocation Failure)  681162K->363018K(1034752K), 0.0054188 secs]
69.640: Total time for which application threads were stopped: 0.0055955 seconds, Stopping threads took: 0.0000193 seconds
69.710: [GC (Allocation Failure)  684554K->367692K(1034752K), 0.0044848 secs]
69.714: Total time for which application threads were stopped: 0.0046836 seconds, Stopping threads took: 0.0000268 seconds
69.783: [GC (Allocation Failure)  689228K->367660K(1034752K), 0.0045214 secs]
69.787: Total time for which application threads were stopped: 0.0046804 seconds, Stopping threads took: 0.0000199 seconds
69.852: [GC (Allocation Failure)  689196K->368140K(1034752K), 0.0065177 secs]
69.859: Total time for which application threads were stopped: 0.0067087 seconds, Stopping threads took: 0.0000194 seconds
69.928: [GC (Allocation Failure)  689676K->375726K(1033728K), 0.0045264 secs]
69.933: Total time for which application threads were stopped: 0.0047200 seconds, Stopping threads took: 0.0000198 seconds
70.002: [GC (Allocation Failure)  696238K->375662K(1034240K), 0.0043490 secs]
70.006: Total time for which application threads were stopped: 0.0045281 seconds, Stopping threads took: 0.0000169 seconds
70.074: [GC (Allocation Failure)  696174K->379430K(1034752K), 0.0053565 secs]
70.080: Total time for which application threads were stopped: 0.0055161 seconds, Stopping threads took: 0.0000252 seconds
70.150: [GC (Allocation Failure)  700966K->383657K(1034752K), 0.0065448 secs]
70.157: Total time for which application threads were stopped: 0.0067316 seconds, Stopping threads took: 0.0000136 seconds
70.223: [GC (Allocation Failure)  705193K->383689K(1034752K), 0.0042990 secs]
70.228: Total time for which application threads were stopped: 0.0044675 seconds, Stopping threads took: 0.0000202 seconds
70.293: [GC (Allocation Failure)  705225K->384617K(1034752K), 0.0048094 secs]
70.298: Total time for which application threads were stopped: 0.0049788 seconds, Stopping threads took: 0.0000196 seconds
70.368: [GC (Allocation Failure)  706153K->391787K(1034752K), 0.0045044 secs]
70.372: Total time for which application threads were stopped: 0.0046883 seconds, Stopping threads took: 0.0000175 seconds
70.440: [GC (Allocation Failure)  713323K->391723K(1034752K), 0.0044788 secs]
70.444: Total time for which application threads were stopped: 0.0046392 seconds, Stopping threads took: 0.0000195 seconds
70.512: [GC (Allocation Failure)  713259K->393867K(1034752K), 0.0050694 secs]
70.517: Total time for which application threads were stopped: 0.0052472 seconds, Stopping threads took: 0.0000191 seconds
70.583: [GC (Allocation Failure)  715403K->399789K(1034752K), 0.0045844 secs]
70.588: Total time for which application threads were stopped: 0.0047482 seconds, Stopping threads took: 0.0000206 seconds
70.654: [GC (Allocation Failure)  721325K->399757K(1034752K), 0.0045573 secs]
70.659: Total time for which application threads were stopped: 0.0047366 seconds, Stopping threads took: 0.0000293 seconds
70.724: [GC (Allocation Failure)  721293K->403109K(1034752K), 0.0055506 secs]
70.730: Total time for which application threads were stopped: 0.0057262 seconds, Stopping threads took: 0.0000214 seconds
70.796: [GC (Allocation Failure)  724645K->407879K(1034752K), 0.0044779 secs]
70.801: Total time for which application threads were stopped: 0.0046748 seconds, Stopping threads took: 0.0000210 seconds
70.868: [GC (Allocation Failure)  729415K->407783K(1034752K), 0.0046418 secs]
70.873: Total time for which application threads were stopped: 0.0047905 seconds, Stopping threads took: 0.0000174 seconds
70.939: [GC (Allocation Failure)  729319K->408295K(1034752K), 0.0045867 secs]
70.943: Total time for which application threads were stopped: 0.0047579 seconds, Stopping threads took: 0.0000284 seconds
71.012: [GC (Allocation Failure)  729831K->415882K(1034752K), 0.0064555 secs]
71.019: Total time for which application threads were stopped: 0.0066202 seconds, Stopping threads took: 0.0000201 seconds
71.086: [GC (Allocation Failure)  737418K->415850K(1034752K), 0.0045534 secs]
71.091: Total time for which application threads were stopped: 0.0047544 seconds, Stopping threads took: 0.0000218 seconds
71.158: [GC (Allocation Failure)  737386K->417546K(1034752K), 0.0050000 secs]
71.163: Total time for which application threads were stopped: 0.0051680 seconds, Stopping threads took: 0.0000191 seconds
71.231: [GC (Allocation Failure)  739082K->423852K(1034752K), 0.0045257 secs]
71.236: Total time for which application threads were stopped: 0.0047200 seconds, Stopping threads took: 0.0000200 seconds
71.304: [GC (Allocation Failure)  745388K->423884K(1034752K), 0.0045633 secs]
71.309: Total time for which application threads were stopped: 0.0047321 seconds, Stopping threads took: 0.0000200 seconds
71.374: [GC (Allocation Failure)  745420K->426820K(1034752K), 0.0053909 secs]
71.380: Total time for which application threads were stopped: 0.0055622 seconds, Stopping threads took: 0.0000193 seconds
71.448: [GC (Allocation Failure)  748356K->431942K(1034752K), 0.0048533 secs]
71.453: Total time for which application threads were stopped: 0.0050234 seconds, Stopping threads took: 0.0000209 seconds
71.519: [GC (Allocation Failure)  753478K->431846K(1034752K), 0.0047755 secs]
71.524: Total time for which application threads were stopped: 0.0049735 seconds, Stopping threads took: 0.0000212 seconds
71.591: [GC (Allocation Failure)  753382K->431934K(1021440K), 0.0047961 secs]
71.596: Total time for which application threads were stopped: 0.0049645 seconds, Stopping threads took: 0.0000210 seconds
71.663: [GC (Allocation Failure)  753470K->440032K(1034240K), 0.0045997 secs]
71.667: Total time for which application threads were stopped: 0.0047611 seconds, Stopping threads took: 0.0000271 seconds
71.736: [GC (Allocation Failure)  760544K->439872K(1034240K), 0.0045115 secs]
71.741: Total time for which application threads were stopped: 0.0046629 seconds, Stopping threads took: 0.0000168 seconds
71.808: [GC (Allocation Failure)  760384K->443272K(1034752K), 0.0053450 secs]
71.814: Total time for which application threads were stopped: 0.0055308 seconds, Stopping threads took: 0.0000280 seconds
71.883: [GC (Allocation Failure)  764296K->448011K(1034240K), 0.0045480 secs]
71.888: Total time for which application threads were stopped: 0.0047113 seconds, Stopping threads took: 0.0000199 seconds
71.956: [GC (Allocation Failure)  769035K->447947K(1034752K), 0.0045496 secs]
71.961: Total time for which application threads were stopped: 0.0047199 seconds, Stopping threads took: 0.0000205 seconds
72.028: [GC (Allocation Failure)  769483K->451499K(1034752K), 0.0055826 secs]
72.034: Total time for which application threads were stopped: 0.0057778 seconds, Stopping threads took: 0.0000208 seconds
72.104: [GC (Allocation Failure)  773035K->456013K(1034752K), 0.0045637 secs]
72.108: Total time for which application threads were stopped: 0.0047155 seconds, Stopping threads took: 0.0000171 seconds
72.176: [GC (Allocation Failure)  777549K->455949K(1034752K), 0.0045858 secs]
72.181: Total time for which application threads were stopped: 0.0047359 seconds, Stopping threads took: 0.0000171 seconds
72.247: [GC (Allocation Failure)  777485K->456677K(1034752K), 0.0048156 secs]
72.252: Total time for which application threads were stopped: 0.0049875 seconds, Stopping threads took: 0.0000198 seconds
72.320: [GC (Allocation Failure)  778213K->464039K(1034752K), 0.0045159 secs]
72.324: Total time for which application threads were stopped: 0.0047163 seconds, Stopping threads took: 0.0000209 seconds
72.392: [GC (Allocation Failure)  785575K->464007K(1034752K), 0.0045976 secs]
72.396: Total time for which application threads were stopped: 0.0047632 seconds, Stopping threads took: 0.0000193 seconds
72.462: [GC (Allocation Failure)  785543K->465927K(1034752K), 0.0047938 secs]
72.466: Total time for which application threads were stopped: 0.0049619 seconds, Stopping threads took: 0.0000197 seconds
72.532: [GC (Allocation Failure)  787463K->472073K(1034752K), 0.0046612 secs]
72.537: Total time for which application threads were stopped: 0.0048170 seconds, Stopping threads took: 0.0000195 seconds
72.605: [GC (Allocation Failure)  793609K->472041K(1034752K), 0.0045796 secs]
72.610: Total time for which application threads were stopped: 0.0047291 seconds, Stopping threads took: 0.0000172 seconds
72.675: [GC (Allocation Failure)  793577K->475081K(1034752K), 0.0053113 secs]
72.680: Total time for which application threads were stopped: 0.0054791 seconds, Stopping threads took: 0.0000269 seconds
72.749: [GC (Allocation Failure)  796617K->480108K(1034752K), 0.0045427 secs]
72.754: Total time for which application threads were stopped: 0.0047086 seconds, Stopping threads took: 0.0000206 seconds
72.822: [GC (Allocation Failure)  801644K->480076K(1034752K), 0.0045969 secs]
72.827: Total time for which application threads were stopped: 0.0047618 seconds, Stopping threads took: 0.0000208 seconds
72.892: [GC (Allocation Failure)  801612K->480236K(1021440K), 0.0066525 secs]
72.899: Total time for which application threads were stopped: 0.0068373 seconds, Stopping threads took: 0.0000246 seconds
72.967: [GC (Allocation Failure)  801772K->488142K(1034240K), 0.0047978 secs]
72.972: Total time for which application threads were stopped: 0.0049639 seconds, Stopping threads took: 0.0000203 seconds
73.039: [GC (Allocation Failure)  808654K->488110K(1034240K), 0.0072917 secs]
73.047: Total time for which application threads were stopped: 0.0074661 seconds, Stopping threads took: 0.0000211 seconds
73.113: [GC (Allocation Failure)  808622K->491534K(1034752K), 0.0056472 secs]
73.119: Total time for which application threads were stopped: 0.0058313 seconds, Stopping threads took: 0.0000207 seconds
73.190: [GC (Allocation Failure)  812558K->496144K(1034240K), 0.0047837 secs]
73.195: Total time for which application threads were stopped: 0.0049418 seconds, Stopping threads took: 0.0000193 seconds
73.264: [GC (Allocation Failure)  817168K->496176K(1034752K), 0.0048828 secs]
73.269: Total time for which application threads were stopped: 0.0050453 seconds, Stopping threads took: 0.0000194 seconds
73.335: [GC (Allocation Failure)  817712K->499824K(1034752K), 0.0054751 secs]
73.340: Total time for which application threads were stopped: 0.0056561 seconds, Stopping threads took: 0.0000205 seconds
73.409: [GC (Allocation Failure)  821360K->504275K(1034240K), 0.0046276 secs]
73.414: Total time for which application threads were stopped: 0.0047907 seconds, Stopping threads took: 0.0000207 seconds
73.481: [GC (Allocation Failure)  825811K->504179K(1034752K), 0.0045652 secs]
73.486: Total time for which application threads were stopped: 0.0047305 seconds, Stopping threads took: 0.0000196 seconds
73.550: [GC (Allocation Failure)  825715K->504939K(1034752K), 0.0048776 secs]
73.555: Total time for which application threads were stopped: 0.0050718 seconds, Stopping threads took: 0.0000201 seconds
73.625: [GC (Allocation Failure)  826475K->512237K(1034752K), 0.0048547 secs]
73.630: Total time for which application threads were stopped: 0.0050257 seconds, Stopping threads took: 0.0000203 seconds
73.698: [GC (Allocation Failure)  833773K->512237K(1034752K), 0.0046122 secs]
73.702: Total time for which application threads were stopped: 0.0047726 seconds, Stopping threads took: 0.0000272 seconds
73.768: [GC (Allocation Failure)  833773K->514221K(1034752K), 0.0050352 secs]
73.773: Total time for which application threads were stopped: 0.0052150 seconds, Stopping threads took: 0.0000302 seconds
73.843: [GC (Allocation Failure)  835757K->520271K(1034752K), 0.0047983 secs]
73.848: Total time for which application threads were stopped: 0.0049669 seconds, Stopping threads took: 0.0000199 seconds
73.913: [GC (Allocation Failure)  841807K->520239K(1034752K), 0.0048248 secs]
73.918: Total time for which application threads were stopped: 0.0049962 seconds, Stopping threads took: 0.0000205 seconds
73.983: [GC (Allocation Failure)  841775K->523463K(1034752K), 0.0055814 secs]
73.989: Total time for which application threads were stopped: 0.0057665 seconds, Stopping threads took: 0.0000207 seconds
74.057: [GC (Allocation Failure)  844999K->528329K(1034752K), 0.0046821 secs]
74.062: Total time for which application threads were stopped: 0.0048424 seconds, Stopping threads took: 0.0000203 seconds
74.128: [GC (Allocation Failure)  849865K->528233K(1034752K), 0.0138319 secs]
74.142: Total time for which application threads were stopped: 0.0140023 seconds, Stopping threads took: 0.0000240 seconds
74.208: [GC (Allocation Failure)  849769K->528617K(1034752K), 0.0047916 secs]
74.213: Total time for which application threads were stopped: 0.0049542 seconds, Stopping threads took: 0.0000201 seconds
74.279: [GC (Allocation Failure)  850153K->536300K(1034752K), 0.0047734 secs]
74.284: Total time for which application threads were stopped: 0.0049326 seconds, Stopping threads took: 0.0000204 seconds
74.351: [GC (Allocation Failure)  857836K->536332K(1034752K), 0.0056630 secs]
74.356: Total time for which application threads were stopped: 0.0058309 seconds, Stopping threads took: 0.0000196 seconds
74.422: [GC (Allocation Failure)  857868K->537868K(1034752K), 0.0050336 secs]
74.427: Total time for which application threads were stopped: 0.0052001 seconds, Stopping threads took: 0.0000187 seconds
74.496: [GC (Allocation Failure)  859404K->544398K(1029120K), 0.0048954 secs]
74.501: Total time for which application threads were stopped: 0.0050855 seconds, Stopping threads took: 0.0000202 seconds
74.570: [GC (Allocation Failure)  865934K->544366K(1034240K), 0.0049531 secs]
74.575: Total time for which application threads were stopped: 0.0051125 seconds, Stopping threads took: 0.0000193 seconds
74.641: [GC (Allocation Failure)  864878K->546126K(1034240K), 0.0051446 secs]
74.647: Total time for which application threads were stopped: 0.0053252 seconds, Stopping threads took: 0.0000216 seconds
74.716: [GC (Allocation Failure)  866638K->552400K(1034240K), 0.0047966 secs]
74.721: Total time for which application threads were stopped: 0.0049668 seconds, Stopping threads took: 0.0000196 seconds
74.789: [GC (Allocation Failure)  872912K->552336K(1034240K), 0.0047954 secs]
74.794: Total time for which application threads were stopped: 0.0049726 seconds, Stopping threads took: 0.0000277 seconds
74.860: [GC (Allocation Failure)  872848K->556328K(1034752K), 0.0056583 secs]
74.866: Total time for which application threads were stopped: 0.0058203 seconds, Stopping threads took: 0.0000206 seconds
74.933: [GC (Allocation Failure)  877352K->560394K(1034240K), 0.0047908 secs]
74.938: Total time for which application threads were stopped: 0.0049611 seconds, Stopping threads took: 0.0000197 seconds
75.003: [GC (Allocation Failure)  881418K->560394K(1034752K), 0.0048871 secs]
75.008: Total time for which application threads were stopped: 0.0050576 seconds, Stopping threads took: 0.0000204 seconds
75.074: [GC (Allocation Failure)  881930K->564522K(1034752K), 0.0061111 secs]
75.081: Total time for which application threads were stopped: 0.0062821 seconds, Stopping threads took: 0.0000205 seconds
75.150: [GC (Allocation Failure)  886058K->568525K(1035264K), 0.0061394 secs]
75.156: Total time for which application threads were stopped: 0.0062899 seconds, Stopping threads took: 0.0000179 seconds
75.226: [GC (Allocation Failure)  891085K->568429K(1035264K), 0.0048508 secs]
75.231: Total time for which application threads were stopped: 0.0050086 seconds, Stopping threads took: 0.0000201 seconds
75.296: [GC (Allocation Failure)  890989K->571749K(1035264K), 0.0058627 secs]
75.302: Total time for which application threads were stopped: 0.0060347 seconds, Stopping threads took: 0.0000203 seconds
75.369: [GC (Allocation Failure)  894309K->576487K(1035264K), 0.0049056 secs]
75.374: Total time for which application threads were stopped: 0.0050752 seconds, Stopping threads took: 0.0000207 seconds
75.441: [GC (Allocation Failure)  899047K->576455K(1035264K), 0.0047308 secs]
75.446: Total time for which application threads were stopped: 0.0049247 seconds, Stopping threads took: 0.0000210 seconds
75.513: [GC (Allocation Failure)  899015K->580007K(1035264K), 0.0058833 secs]
75.519: Total time for which application threads were stopped: 0.0060589 seconds, Stopping threads took: 0.0000200 seconds
75.588: [GC (Allocation Failure)  902567K->584521K(1035264K), 0.0050070 secs]
75.593: Total time for which application threads were stopped: 0.0051934 seconds, Stopping threads took: 0.0000221 seconds
75.662: [GC (Allocation Failure)  907081K->584521K(1035264K), 0.0047036 secs]
75.667: Total time for which application threads were stopped: 0.0048664 seconds, Stopping threads took: 0.0000270 seconds
75.732: [GC (Allocation Failure)  907081K->588201K(1035776K), 0.0058238 secs]
75.738: Total time for which application threads were stopped: 0.0059888 seconds, Stopping threads took: 0.0000261 seconds
75.807: [GC (Allocation Failure)  911273K->592683K(1035264K), 0.0048455 secs]
75.812: Total time for which application threads were stopped: 0.0050229 seconds, Stopping threads took: 0.0000193 seconds
75.879: [GC (Allocation Failure)  915755K->592491K(1035776K), 0.0075150 secs]
75.887: Total time for which application threads were stopped: 0.0076913 seconds, Stopping threads took: 0.0000200 seconds
75.956: [GC (Allocation Failure)  916075K->590409K(1035776K), 0.0042264 secs]
75.961: Total time for which application threads were stopped: 0.0044033 seconds, Stopping threads took: 0.0000213 seconds
76.029: [GC (Allocation Failure)  913993K->592651K(1036288K), 0.0048182 secs]
76.034: Total time for which application threads were stopped: 0.0049918 seconds, Stopping threads took: 0.0000204 seconds
76.103: [GC (Allocation Failure)  917259K->592523K(1036288K), 0.0046792 secs]
76.108: Total time for which application threads were stopped: 0.0048495 seconds, Stopping threads took: 0.0000201 seconds
76.175: [GC (Allocation Failure)  917131K->599841K(1031168K), 0.0084535 secs]
76.184: Total time for which application threads were stopped: 0.0086446 seconds, Stopping threads took: 0.0000202 seconds
76.252: [GC (Allocation Failure)  919329K->595683K(1033728K), 0.0049445 secs]
76.257: Total time for which application threads were stopped: 0.0051035 seconds, Stopping threads took: 0.0000196 seconds
76.323: [GC (Allocation Failure)  915171K->595587K(1034752K), 0.0050980 secs]
76.328: Total time for which application threads were stopped: 0.0052661 seconds, Stopping threads took: 0.0000198 seconds
76.395: [GC (Allocation Failure)  916611K->599617K(1032704K), 0.0067255 secs]
76.402: Total time for which application threads were stopped: 0.0068860 seconds, Stopping threads took: 0.0000188 seconds
76.467: [GC (Allocation Failure)  920641K->595651K(1034240K), 0.0049570 secs]
76.472: Total time for which application threads were stopped: 0.0051401 seconds, Stopping threads took: 0.0000195 seconds
76.541: [GC (Allocation Failure)  915651K->595619K(1033728K), 0.0047298 secs]
76.546: Total time for which application threads were stopped: 0.0048979 seconds, Stopping threads took: 0.0000197 seconds
76.611: [GC (Allocation Failure)  915619K->597217K(1034752K), 0.0058307 secs]
76.617: Total time for which application threads were stopped: 0.0060017 seconds, Stopping threads took: 0.0000200 seconds
76.685: [GC (Allocation Failure)  918753K->595843K(1034752K), 0.0049757 secs]
76.690: Total time for which application threads were stopped: 0.0051367 seconds, Stopping threads took: 0.0000271 seconds
76.757: [GC (Allocation Failure)  917379K->595651K(1035776K), 0.0049003 secs]
76.762: Total time for which application threads were stopped: 0.0050856 seconds, Stopping threads took: 0.0000265 seconds
76.830: [GC (Allocation Failure)  918723K->599969K(1035264K), 0.0068192 secs]
76.836: Total time for which application threads were stopped: 0.0069757 seconds, Stopping threads took: 0.0000245 seconds
76.903: [GC (Allocation Failure)  923041K->595779K(1035264K), 0.0050891 secs]
76.908: Total time for which application threads were stopped: 0.0052692 seconds, Stopping threads took: 0.0000200 seconds
76.978: [GC (Allocation Failure)  918339K->595619K(1035264K), 0.0048941 secs]
76.983: Total time for which application threads were stopped: 0.0050547 seconds, Stopping threads took: 0.0000200 seconds
77.051: [GC (Allocation Failure)  918179K->588385K(1034240K), 0.0020409 secs]
77.053: Total time for which application threads were stopped: 0.0021802 seconds, Stopping threads took: 0.0000201 seconds
77.121: [GC (Allocation Failure)  909921K->595755K(1034752K), 0.0046672 secs]
77.126: Total time for which application threads were stopped: 0.0048307 seconds, Stopping threads took: 0.0000197 seconds
77.195: [GC (Allocation Failure)  917291K->599731K(1035264K), 0.0060205 secs]
77.201: Total time for which application threads were stopped: 0.0061897 seconds, Stopping threads took: 0.0000282 seconds
77.268: [GC (Allocation Failure)  922291K->594769K(1035264K), 0.0034051 secs]
77.272: Total time for which application threads were stopped: 0.0035663 seconds, Stopping threads took: 0.0000193 seconds
77.340: [GC (Allocation Failure)  917329K->599843K(1035264K), 0.0049957 secs]
77.345: Total time for which application threads were stopped: 0.0051651 seconds, Stopping threads took: 0.0000194 seconds
77.413: [GC (Allocation Failure)  922403K->603939K(1035264K), 0.0051624 secs]
77.418: Total time for which application threads were stopped: 0.0053234 seconds, Stopping threads took: 0.0000202 seconds
77.483: [GC (Allocation Failure)  926499K->600033K(1035776K), 0.0039362 secs]
77.487: Total time for which application threads were stopped: 0.0041007 seconds, Stopping threads took: 0.0000191 seconds
77.555: [GC (Allocation Failure)  923617K->604075K(1035776K), 0.0051094 secs]
77.560: Total time for which application threads were stopped: 0.0052710 seconds, Stopping threads took: 0.0000192 seconds
77.628: [GC (Allocation Failure)  927659K->608075K(1035776K), 0.0047878 secs]
77.633: Total time for which application threads were stopped: 0.0049471 seconds, Stopping threads took: 0.0000191 seconds
77.702: [GC (Allocation Failure)  931659K->608043K(1035776K), 0.0047846 secs]
77.707: Total time for which application threads were stopped: 0.0049745 seconds, Stopping threads took: 0.0000271 seconds
77.776: [GC (Allocation Failure)  931627K->608107K(1034752K), 0.0064765 secs]
77.782: Total time for which application threads were stopped: 0.0066566 seconds, Stopping threads took: 0.0000176 seconds
77.852: [GC (Allocation Failure)  930667K->616110K(1035264K), 0.0049039 secs]
77.857: Total time for which application threads were stopped: 0.0050658 seconds, Stopping threads took: 0.0000199 seconds
77.924: [GC (Allocation Failure)  938670K->616046K(1035264K), 0.0050803 secs]
77.929: Total time for which application threads were stopped: 0.0052799 seconds, Stopping threads took: 0.0000205 seconds
77.997: [GC (Allocation Failure)  938606K->616102K(1022464K), 0.0051581 secs]
78.002: Total time for which application threads were stopped: 0.0053246 seconds, Stopping threads took: 0.0000197 seconds
78.070: [GC (Allocation Failure)  938662K->624104K(1034752K), 0.0049764 secs]
78.075: Total time for which application threads were stopped: 0.0051687 seconds, Stopping threads took: 0.0000197 seconds
78.145: [GC (Allocation Failure)  945640K->624072K(1034752K), 0.0047681 secs]
78.150: Total time for which application threads were stopped: 0.0049311 seconds, Stopping threads took: 0.0000257 seconds
78.219: [GC (Allocation Failure)  945608K->624360K(1034752K), 0.0049582 secs]
78.224: Total time for which application threads were stopped: 0.0051357 seconds, Stopping threads took: 0.0000261 seconds
78.291: [GC (Allocation Failure)  945896K->632138K(1029120K), 0.0049227 secs]
78.296: Total time for which application threads were stopped: 0.0051047 seconds, Stopping threads took: 0.0000286 seconds
78.364: [GC (Allocation Failure)  953674K->632138K(1034752K), 0.0051813 secs]
78.369: Total time for which application threads were stopped: 0.0053487 seconds, Stopping threads took: 0.0000198 seconds
78.437: [GC (Allocation Failure)  953162K->632202K(1034240K), 0.0049148 secs]
78.442: Total time for which application threads were stopped: 0.0051264 seconds, Stopping threads took: 0.0000197 seconds
78.508: [GC (Allocation Failure)  953226K->640205K(1034240K), 0.0049973 secs]
78.513: Total time for which application threads were stopped: 0.0051636 seconds, Stopping threads took: 0.0000198 seconds
78.583: [GC (Allocation Failure)  960717K->640173K(1034240K), 0.0050158 secs]
78.588: Total time for which application threads were stopped: 0.0051747 seconds, Stopping threads took: 0.0000198 seconds
78.656: [GC (Allocation Failure)  960685K->640333K(1033216K), 0.0051964 secs]
78.661: Total time for which application threads were stopped: 0.0053645 seconds, Stopping threads took: 0.0000195 seconds
78.729: [GC (Allocation Failure)  959821K->648239K(1033728K), 0.0050123 secs]
78.734: Total time for which application threads were stopped: 0.0052064 seconds, Stopping threads took: 0.0000206 seconds
78.804: [GC (Allocation Failure)  967727K->648207K(1033728K), 0.0046853 secs]
78.808: Total time for which application threads were stopped: 0.0048720 seconds, Stopping threads took: 0.0000283 seconds
78.875: [GC (Allocation Failure)  967695K->648263K(1033728K), 0.0050993 secs]
78.880: Total time for which application threads were stopped: 0.0052753 seconds, Stopping threads took: 0.0000215 seconds
78.947: [GC (Allocation Failure)  967751K->656233K(1033728K), 0.0049971 secs]
78.952: Total time for which application threads were stopped: 0.0051906 seconds, Stopping threads took: 0.0000198 seconds
79.019: [GC (Allocation Failure)  975721K->656265K(1033728K), 0.0052256 secs]
79.024: Total time for which application threads were stopped: 0.0053801 seconds, Stopping threads took: 0.0000190 seconds
79.090: [GC (Allocation Failure)  975753K->656489K(1033728K), 0.0052377 secs]
79.095: Total time for which application threads were stopped: 0.0054069 seconds, Stopping threads took: 0.0000196 seconds
79.161: [GC (Allocation Failure)  975977K->664267K(1033728K), 0.0049748 secs]
79.166: Total time for which application threads were stopped: 0.0051344 seconds, Stopping threads took: 0.0000196 seconds
79.233: [GC (Allocation Failure)  983755K->660361K(1034240K), 0.0037565 secs]
79.237: Total time for which application threads were stopped: 0.0039221 seconds, Stopping threads took: 0.0000279 seconds
79.304: [GC (Allocation Failure)  980361K->664419K(1033728K), 0.0052460 secs]
79.310: Total time for which application threads were stopped: 0.0054133 seconds, Stopping threads took: 0.0000187 seconds
79.379: [GC (Allocation Failure)  984419K->668419K(1034752K), 0.0050397 secs]
79.384: Total time for which application threads were stopped: 0.0052111 seconds, Stopping threads took: 0.0000201 seconds
79.451: [GC (Allocation Failure)  989955K->662625K(1034752K), 0.0030964 secs]
79.454: Total time for which application threads were stopped: 0.0032624 seconds, Stopping threads took: 0.0000200 seconds
79.522: [GC (Allocation Failure)  984161K->668459K(1035264K), 0.0051136 secs]
79.527: Total time for which application threads were stopped: 0.0052854 seconds, Stopping threads took: 0.0000205 seconds
79.595: [GC (Allocation Failure)  990507K->672571K(1034752K), 0.0053163 secs]
79.601: Total time for which application threads were stopped: 0.0055118 seconds, Stopping threads took: 0.0000209 seconds
79.669: [GC (Allocation Failure)  994358K->668633K(1035776K), 0.0037404 secs]
79.673: Total time for which application threads were stopped: 0.0038966 seconds, Stopping threads took: 0.0000263 seconds
79.740: [GC (Allocation Failure)  991705K->672699K(1035264K), 0.0050945 secs]
79.745: Total time for which application threads were stopped: 0.0052821 seconds, Stopping threads took: 0.0000284 seconds
79.812: [GC (Allocation Failure)  995771K->676667K(1035264K), 0.0051083 secs]
79.817: Total time for which application threads were stopped: 0.0052749 seconds, Stopping threads took: 0.0000196 seconds
79.886: [GC (Allocation Failure)  1000251K->676667K(1035776K), 0.0051342 secs]
79.891: Total time for which application threads were stopped: 0.0053261 seconds, Stopping threads took: 0.0000198 seconds
79.959: [GC (Allocation Failure)  1000251K->676739K(1034752K), 0.0052539 secs]
79.965: Total time for which application threads were stopped: 0.0054154 seconds, Stopping threads took: 0.0000199 seconds
80.032: [GC (Allocation Failure)  999299K->684710K(1035264K), 0.0050176 secs]
80.037: Total time for which application threads were stopped: 0.0051840 seconds, Stopping threads took: 0.0000280 seconds
80.105: [GC (Allocation Failure)  1007270K->684678K(1034240K), 0.0051808 secs]
80.111: Total time for which application threads were stopped: 0.0053417 seconds, Stopping threads took: 0.0000171 seconds
80.181: [GC (Allocation Failure)  1006214K->684774K(1034752K), 0.0050042 secs]
80.187: Total time for which application threads were stopped: 0.0051718 seconds, Stopping threads took: 0.0000264 seconds
80.253: [GC (Allocation Failure)  1006310K->692776K(1033728K), 0.0051714 secs]
80.258: Total time for which application threads were stopped: 0.0053350 seconds, Stopping threads took: 0.0000217 seconds
80.326: [GC (Allocation Failure)  1013288K->692776K(1034240K), 0.0050073 secs]
80.332: Total time for which application threads were stopped: 0.0051991 seconds, Stopping threads took: 0.0000197 seconds
80.399: [GC (Allocation Failure)  1013288K->693000K(1034240K), 0.0051061 secs]
80.404: [Full GC (Ergonomics)  693000K->8677K(1034240K), 0.0133012 secs]
80.418: Total time for which application threads were stopped: 0.0186675 seconds, Stopping threads took: 0.0000172 seconds
80.484: [GC (Allocation Failure)  329189K->17575K(1029120K), 0.0040003 secs]
80.488: Total time for which application threads were stopped: 0.0041627 seconds, Stopping threads took: 0.0000191 seconds
80.556: [GC (Allocation Failure)  338087K->17583K(1033728K), 0.0038039 secs]
80.560: Total time for which application threads were stopped: 0.0039867 seconds, Stopping threads took: 0.0000198 seconds
80.626: [GC (Allocation Failure)  337071K->17735K(1033728K), 0.0037982 secs]
80.630: Total time for which application threads were stopped: 0.0039767 seconds, Stopping threads took: 0.0000201 seconds
80.697: [GC (Allocation Failure)  337223K->25641K(1033728K), 0.0037177 secs]
80.701: Total time for which application threads were stopped: 0.0038830 seconds, Stopping threads took: 0.0000260 seconds
80.768: [GC (Allocation Failure)  345129K->25609K(1033728K), 0.0037327 secs]
80.772: Total time for which application threads were stopped: 0.0038968 seconds, Stopping threads took: 0.0000190 seconds
80.837: [GC (Allocation Failure)  345097K->25737K(1033728K), 0.0039348 secs]
80.841: Total time for which application threads were stopped: 0.0040940 seconds, Stopping threads took: 0.0000192 seconds
80.908: [GC (Allocation Failure)  345225K->33643K(1027072K), 0.0038329 secs]
80.912: Total time for which application threads were stopped: 0.0040116 seconds, Stopping threads took: 0.0000198 seconds
80.980: [GC (Allocation Failure)  353130K->29737K(1034240K), 0.0025699 secs]
80.983: Total time for which application threads were stopped: 0.0027202 seconds, Stopping threads took: 0.0000191 seconds
81.051: [GC (Allocation Failure)  349225K->33803K(1033216K), 0.0040856 secs]
81.055: Total time for which application threads were stopped: 0.0042456 seconds, Stopping threads took: 0.0000192 seconds
81.122: [GC (Allocation Failure)  353291K->37771K(1034752K), 0.0037811 secs]
81.126: Total time for which application threads were stopped: 0.0039420 seconds, Stopping threads took: 0.0000198 seconds
81.195: [GC (Allocation Failure)  359307K->30985K(1034752K), 0.0010581 secs]
81.196: Total time for which application threads were stopped: 0.0011896 seconds, Stopping threads took: 0.0000258 seconds
81.264: [GC (Allocation Failure)  352521K->37835K(1034752K), 0.0039380 secs]
81.268: Total time for which application threads were stopped: 0.0041249 seconds, Stopping threads took: 0.0000219 seconds
81.337: [GC (Allocation Failure)  359371K->41915K(1034752K), 0.0046051 secs]
81.342: Total time for which application threads were stopped: 0.0047677 seconds, Stopping threads took: 0.0000171 seconds
81.411: [GC (Allocation Failure)  363451K->36377K(1034752K), 0.0017472 secs]
81.413: Total time for which application threads were stopped: 0.0018850 seconds, Stopping threads took: 0.0000202 seconds
81.480: [GC (Allocation Failure)  357913K->42187K(1034752K), 0.0040109 secs]
81.484: Total time for which application threads were stopped: 0.0041889 seconds, Stopping threads took: 0.0000197 seconds
81.553: [GC (Allocation Failure)  363723K->46091K(1034752K), 0.0040401 secs]
81.557: Total time for which application threads were stopped: 0.0042061 seconds, Stopping threads took: 0.0000194 seconds
81.622: [GC (Allocation Failure)  368579K->42185K(1035264K), 0.0025860 secs]
81.625: Total time for which application threads were stopped: 0.0027416 seconds, Stopping threads took: 0.0000213 seconds
81.693: [GC (Allocation Failure)  364745K->46219K(1036288K), 0.0041325 secs]
81.697: Total time for which application threads were stopped: 0.0043134 seconds, Stopping threads took: 0.0000279 seconds
81.765: [GC (Allocation Failure)  370315K->50187K(1035776K), 0.0038955 secs]
81.769: Total time for which application threads were stopped: 0.0040650 seconds, Stopping threads took: 0.0000198 seconds
81.837: [GC (Allocation Failure)  374283K->50219K(1035776K), 0.0035932 secs]
81.841: Total time for which application threads were stopped: 0.0037613 seconds, Stopping threads took: 0.0000204 seconds
81.908: [GC (Allocation Failure)  373803K->50251K(1023488K), 0.0039830 secs]
81.912: Total time for which application threads were stopped: 0.0041573 seconds, Stopping threads took: 0.0000208 seconds
81.982: [GC (Allocation Failure)  373835K->58222K(1035264K), 0.0039208 secs]
81.986: Total time for which application threads were stopped: 0.0040749 seconds, Stopping threads took: 0.0000192 seconds
82.056: [GC (Allocation Failure)  380782K->58222K(1030144K), 0.0036293 secs]
82.059: Total time for which application threads were stopped: 0.0037940 seconds, Stopping threads took: 0.0000192 seconds
82.124: [GC (Allocation Failure)  380782K->58286K(1034752K), 0.0098208 secs]
82.134: Total time for which application threads were stopped: 0.0099764 seconds, Stopping threads took: 0.0000197 seconds
82.204: [GC (Allocation Failure)  379822K->66256K(1034752K), 0.0037439 secs]
82.208: Total time for which application threads were stopped: 0.0039197 seconds, Stopping threads took: 0.0000259 seconds
82.276: [GC (Allocation Failure)  387792K->66288K(1033728K), 0.0039011 secs]
82.280: Total time for which application threads were stopped: 0.0040673 seconds, Stopping threads took: 0.0000214 seconds
82.348: [GC (Allocation Failure)  386800K->66472K(1034240K), 0.0039106 secs]
82.352: Total time for which application threads were stopped: 0.0040591 seconds, Stopping threads took: 0.0000174 seconds
82.420: [GC (Allocation Failure)  386984K->74282K(1034240K), 0.0038237 secs]
82.424: Total time for which application threads were stopped: 0.0040145 seconds, Stopping threads took: 0.0000201 seconds
82.495: [GC (Allocation Failure)  394794K->74250K(1034240K), 0.0036920 secs]
82.499: Total time for which application threads were stopped: 0.0038404 seconds, Stopping threads took: 0.0000189 seconds
82.567: [GC (Allocation Failure)  394762K->74698K(1033216K), 0.0040335 secs]
82.571: Total time for which application threads were stopped: 0.0041922 seconds, Stopping threads took: 0.0000197 seconds
82.639: [GC (Allocation Failure)  394186K->82316K(1033728K), 0.0038048 secs]
82.643: Total time for which application threads were stopped: 0.0039631 seconds, Stopping threads took: 0.0000194 seconds
82.711: [GC (Allocation Failure)  401804K->82316K(1033728K), 0.0038498 secs]
82.715: Total time for which application threads were stopped: 0.0040193 seconds, Stopping threads took: 0.0000279 seconds
82.780: [GC (Allocation Failure)  401804K->82412K(1033728K), 0.0040616 secs]
82.784: Total time for which application threads were stopped: 0.0042226 seconds, Stopping threads took: 0.0000204 seconds
82.851: [GC (Allocation Failure)  401900K->90383K(1033728K), 0.0039935 secs]
82.855: Total time for which application threads were stopped: 0.0041978 seconds, Stopping threads took: 0.0000206 seconds
82.922: [GC (Allocation Failure)  409871K->90383K(1033728K), 0.0037323 secs]
82.926: Total time for which application threads were stopped: 0.0039133 seconds, Stopping threads took: 0.0000201 seconds
82.993: [GC (Allocation Failure)  409871K->90415K(1033728K), 0.0041179 secs]
82.997: Total time for which application threads were stopped: 0.0042805 seconds, Stopping threads took: 0.0000199 seconds
83.064: [GC (Allocation Failure)  409903K->98385K(1027072K), 0.0039583 secs]
83.068: Total time for which application threads were stopped: 0.0041383 seconds, Stopping threads took: 0.0000194 seconds
83.134: [GC (Allocation Failure)  417873K->94479K(1034240K), 0.0028722 secs]
83.137: Total time for which application threads were stopped: 0.0030153 seconds, Stopping threads took: 0.0000173 seconds
83.206: [GC (Allocation Failure)  413967K->98537K(1033216K), 0.0039632 secs]
83.210: Total time for which application threads were stopped: 0.0041332 seconds, Stopping threads took: 0.0000192 seconds
83.277: [GC (Allocation Failure)  418025K->102505K(1034752K), 0.0039952 secs]
83.281: Total time for which application threads were stopped: 0.0041623 seconds, Stopping threads took: 0.0000195 seconds
83.349: [GC (Allocation Failure)  424041K->95719K(1034752K), 0.0012324 secs]
83.351: Total time for which application threads were stopped: 0.0013495 seconds, Stopping threads took: 0.0000182 seconds
83.421: [GC (Allocation Failure)  417255K->102609K(1034752K), 0.0039440 secs]
83.425: Total time for which application threads were stopped: 0.0041029 seconds, Stopping threads took: 0.0000194 seconds
83.490: [GC (Allocation Failure)  424145K->106657K(1034752K), 0.0048317 secs]
83.495: Total time for which application threads were stopped: 0.0050244 seconds, Stopping threads took: 0.0000205 seconds
83.561: [GC (Allocation Failure)  428193K->101151K(1034752K), 0.0019488 secs]
83.563: Total time for which application threads were stopped: 0.0020807 seconds, Stopping threads took: 0.0000163 seconds
83.632: [GC (Allocation Failure)  422687K->106953K(1034752K), 0.0039924 secs]
83.637: Total time for which application threads were stopped: 0.0041600 seconds, Stopping threads took: 0.0000198 seconds
83.706: [GC (Allocation Failure)  428489K->110825K(1035264K), 0.0042230 secs]
83.710: Total time for which application threads were stopped: 0.0043967 seconds, Stopping threads took: 0.0000259 seconds
83.777: [GC (Allocation Failure)  433313K->106887K(1035264K), 0.0025604 secs]
83.780: Total time for which application threads were stopped: 0.0027302 seconds, Stopping threads took: 0.0000259 seconds
83.848: [GC (Allocation Failure)  429447K->110953K(1036288K), 0.0041708 secs]
83.852: Total time for which application threads were stopped: 0.0043420 seconds, Stopping threads took: 0.0000229 seconds
83.920: [GC (Allocation Failure)  435049K->114889K(1035776K), 0.0046000 secs]
83.925: Total time for which application threads were stopped: 0.0047605 seconds, Stopping threads took: 0.0000195 seconds
83.994: [GC (Allocation Failure)  438985K->114953K(1035776K), 0.0038109 secs]
83.998: Total time for which application threads were stopped: 0.0039778 seconds, Stopping threads took: 0.0000192 seconds
84.066: [GC (Allocation Failure)  438537K->114985K(1023488K), 0.0039026 secs]
84.070: Total time for which application threads were stopped: 0.0040956 seconds, Stopping threads took: 0.0000196 seconds
84.139: [GC (Allocation Failure)  438569K->122987K(1035264K), 0.0047717 secs]
84.144: Total time for which application threads were stopped: 0.0049203 seconds, Stopping threads took: 0.0000200 seconds
84.213: [GC (Allocation Failure)  445547K->122955K(1030144K), 0.0037234 secs]
84.217: Total time for which application threads were stopped: 0.0038899 seconds, Stopping threads took: 0.0000202 seconds
84.285: [GC (Allocation Failure)  445515K->123011K(1034752K), 0.0042249 secs]
84.289: Total time for which application threads were stopped: 0.0043836 seconds, Stopping threads took: 0.0000200 seconds
84.357: [GC (Allocation Failure)  444547K->131014K(1029120K), 0.0040372 secs]
84.361: Total time for which application threads were stopped: 0.0042017 seconds, Stopping threads took: 0.0000207 seconds
84.429: [GC (Allocation Failure)  452550K->130982K(1034240K), 0.0037040 secs]
84.433: Total time for which application threads were stopped: 0.0038651 seconds, Stopping threads took: 0.0000204 seconds
84.500: [GC (Allocation Failure)  451494K->131238K(1034240K), 0.0042019 secs]
84.504: Total time for which application threads were stopped: 0.0044006 seconds, Stopping threads took: 0.0000210 seconds
84.572: [GC (Allocation Failure)  451750K->139016K(1034240K), 0.0038428 secs]
84.576: Total time for which application threads were stopped: 0.0040124 seconds, Stopping threads took: 0.0000197 seconds
84.644: [GC (Allocation Failure)  459528K->139016K(1034240K), 0.0040544 secs]
84.649: Total time for which application threads were stopped: 0.0042155 seconds, Stopping threads took: 0.0000204 seconds
84.716: [GC (Allocation Failure)  459528K->139456K(1033216K), 0.0039394 secs]
84.720: Total time for which application threads were stopped: 0.0041048 seconds, Stopping threads took: 0.0000201 seconds
84.788: [GC (Allocation Failure)  458944K->147074K(1033728K), 0.0038470 secs]
84.792: Total time for which application threads were stopped: 0.0040633 seconds, Stopping threads took: 0.0000197 seconds
84.862: [GC (Allocation Failure)  466562K->147074K(1033728K), 0.0040835 secs]
84.866: Total time for which application threads were stopped: 0.0042305 seconds, Stopping threads took: 0.0000167 seconds
84.931: [GC (Allocation Failure)  466562K->147146K(1033728K), 0.0042147 secs]
84.935: Total time for which application threads were stopped: 0.0043838 seconds, Stopping threads took: 0.0000198 seconds
85.003: [GC (Allocation Failure)  466634K->155116K(1033728K), 0.0038194 secs]
85.007: Total time for which application threads were stopped: 0.0039810 seconds, Stopping threads took: 0.0000200 seconds
85.074: [GC (Allocation Failure)  474604K->155084K(1033728K), 0.0040031 secs]
85.078: Total time for which application threads were stopped: 0.0041634 seconds, Stopping threads took: 0.0000191 seconds
85.146: [GC (Allocation Failure)  474572K->155108K(1032704K), 0.0062542 secs]
85.153: Total time for which application threads were stopped: 0.0064103 seconds, Stopping threads took: 0.0000166 seconds
85.221: [GC (Allocation Failure)  473572K->163143K(1033216K), 0.0039780 secs]
85.225: Total time for which application threads were stopped: 0.0041574 seconds, Stopping threads took: 0.0000268 seconds
85.292: [GC (Allocation Failure)  481607K->157540K(1033728K), 0.0019441 secs]
85.294: Total time for which application threads were stopped: 0.0020889 seconds, Stopping threads took: 0.0000203 seconds
85.361: [GC (Allocation Failure)  476516K->163407K(1033216K), 0.0039907 secs]
85.366: Total time for which application threads were stopped: 0.0041769 seconds, Stopping threads took: 0.0000231 seconds
85.433: [GC (Allocation Failure)  482383K->167263K(1034240K), 0.0044587 secs]
85.438: Total time for which application threads were stopped: 0.0046343 seconds, Stopping threads took: 0.0000220 seconds
85.505: [GC (Allocation Failure)  487775K->173148K(1034240K), 0.0067556 secs]
85.512: Total time for which application threads were stopped: 0.0069269 seconds, Stopping threads took: 0.0000282 seconds
85.580: [GC (Allocation Failure)  493660K->167455K(1030144K), 0.0040860 secs]
85.584: Total time for which application threads were stopped: 0.0042482 seconds, Stopping threads took: 0.0000201 seconds
85.651: [GC (Allocation Failure)  483871K->167263K(1032192K), 0.0042401 secs]
85.655: Total time for which application threads were stopped: 0.0044519 seconds, Stopping threads took: 0.0000219 seconds
85.723: [GC (Allocation Failure)  483679K->163100K(1033216K), 0.0024334 secs]
85.726: Total time for which application threads were stopped: 0.0026078 seconds, Stopping threads took: 0.0000280 seconds
85.793: [GC (Allocation Failure)  481052K->167391K(1032704K), 0.0041784 secs]
85.797: Total time for which application threads were stopped: 0.0043495 seconds, Stopping threads took: 0.0000199 seconds
85.862: [GC (Allocation Failure)  485343K->167263K(1033728K), 0.0040299 secs]
85.866: Total time for which application threads were stopped: 0.0041970 seconds, Stopping threads took: 0.0000202 seconds
85.932: [GC (Allocation Failure)  486239K->170847K(1033216K), 0.0049992 secs]
85.937: Total time for which application threads were stopped: 0.0051546 seconds, Stopping threads took: 0.0000192 seconds
86.005: [GC (Allocation Failure)  489823K->175329K(1034240K), 0.0038558 secs]
86.008: Total time for which application threads were stopped: 0.0040241 seconds, Stopping threads took: 0.0000194 seconds
86.076: [GC (Allocation Failure)  495329K->175297K(1033728K), 0.0040053 secs]
86.081: Total time for which application threads were stopped: 0.0041923 seconds, Stopping threads took: 0.0000191 seconds
86.147: [GC (Allocation Failure)  495297K->178561K(1034240K), 0.0058574 secs]
86.153: Total time for which application threads were stopped: 0.0060454 seconds, Stopping threads took: 0.0000260 seconds
86.221: [GC (Allocation Failure)  499073K->183331K(1034240K), 0.0040219 secs]
86.225: Total time for which application threads were stopped: 0.0042044 seconds, Stopping threads took: 0.0000199 seconds
86.293: [GC (Allocation Failure)  503843K->183331K(1034752K), 0.0038633 secs]
86.297: Total time for which application threads were stopped: 0.0040242 seconds, Stopping threads took: 0.0000199 seconds
86.364: [GC (Allocation Failure)  504867K->185803K(1034752K), 0.0047131 secs]
86.368: Total time for which application threads were stopped: 0.0048738 seconds, Stopping threads took: 0.0000192 seconds
86.437: [GC (Allocation Failure)  507339K->191373K(1034752K), 0.0040955 secs]
86.441: Total time for which application threads were stopped: 0.0042543 seconds, Stopping threads took: 0.0000197 seconds
86.508: [GC (Allocation Failure)  512909K->191373K(1034752K), 0.0039687 secs]
86.512: Total time for which application threads were stopped: 0.0041298 seconds, Stopping threads took: 0.0000198 seconds
86.579: [GC (Allocation Failure)  512909K->195077K(1035264K), 0.0050186 secs]
86.584: Total time for which application threads were stopped: 0.0052130 seconds, Stopping threads took: 0.0000196 seconds
86.653: [GC (Allocation Failure)  517125K->199432K(1034752K), 0.0040434 secs]
86.657: Total time for which application threads were stopped: 0.0042024 seconds, Stopping threads took: 0.0000193 seconds
86.726: [GC (Allocation Failure)  521480K->199368K(1035264K), 0.0038657 secs]
86.730: Total time for which application threads were stopped: 0.0040283 seconds, Stopping threads took: 0.0000270 seconds
86.797: [GC (Allocation Failure)  521928K->202248K(1035264K), 0.0046500 secs]
86.801: Total time for which application threads were stopped: 0.0048062 seconds, Stopping threads took: 0.0000194 seconds
86.869: [GC (Allocation Failure)  524808K->207530K(1035264K), 0.0040445 secs]
86.873: Total time for which application threads were stopped: 0.0042042 seconds, Stopping threads took: 0.0000201 seconds
86.942: [GC (Allocation Failure)  530090K->207434K(1035264K), 0.0042189 secs]
86.946: Total time for which application threads were stopped: 0.0044141 seconds, Stopping threads took: 0.0000197 seconds
87.013: [GC (Allocation Failure)  529994K->210506K(1035264K), 0.0047737 secs]
87.018: Total time for which application threads were stopped: 0.0049337 seconds, Stopping threads took: 0.0000197 seconds
87.086: [GC (Allocation Failure)  533066K->215532K(1035264K), 0.0040726 secs]
87.090: Total time for which application threads were stopped: 0.0042645 seconds, Stopping threads took: 0.0000201 seconds
87.161: [GC (Allocation Failure)  538092K->215468K(1035264K), 0.0042252 secs]
87.165: Total time for which application threads were stopped: 0.0043952 seconds, Stopping threads took: 0.0000198 seconds
87.232: [GC (Allocation Failure)  538028K->210666K(1035264K), 0.0021925 secs]
87.234: Total time for which application threads were stopped: 0.0023664 seconds, Stopping threads took: 0.0000195 seconds
87.302: [GC (Allocation Failure)  533226K->215724K(1035264K), 0.0041547 secs]
87.306: Total time for which application threads were stopped: 0.0043315 seconds, Stopping threads took: 0.0000200 seconds
87.376: [GC (Allocation Failure)  538284K->215468K(1035264K), 0.0040771 secs]
87.380: Total time for which application threads were stopped: 0.0042269 seconds, Stopping threads took: 0.0000172 seconds
87.448: [GC (Allocation Failure)  538028K->214986K(1035776K), 0.0038953 secs]
87.452: Total time for which application threads were stopped: 0.0040581 seconds, Stopping threads took: 0.0000198 seconds
87.520: [GC (Allocation Failure)  538058K->215660K(1035264K), 0.0040120 secs]
87.524: Total time for which application threads were stopped: 0.0042126 seconds, Stopping threads took: 0.0000218 seconds
87.592: [GC (Allocation Failure)  538732K->215468K(1035776K), 0.0040413 secs]
87.596: Total time for which application threads were stopped: 0.0042490 seconds, Stopping threads took: 0.0000198 seconds
87.664: [GC (Allocation Failure)  539052K->221314K(1035776K), 0.0072167 secs]
87.671: Total time for which application threads were stopped: 0.0073998 seconds, Stopping threads took: 0.0000333 seconds
87.740: [GC (Allocation Failure)  544898K->216740K(1032704K), 0.0042200 secs]
87.744: Total time for which application threads were stopped: 0.0043893 seconds, Stopping threads took: 0.0000197 seconds
87.812: [GC (Allocation Failure)  537252K->216548K(1034240K), 0.0040537 secs]
87.816: Total time for which application threads were stopped: 0.0042700 seconds, Stopping threads took: 0.0000212 seconds
87.885: [GC (Allocation Failure)  537060K->223650K(1030656K), 0.0073582 secs]
87.892: Total time for which application threads were stopped: 0.0075076 seconds, Stopping threads took: 0.0000187 seconds
87.960: [GC (Allocation Failure)  541090K->217956K(1032704K), 0.0041971 secs]
87.965: Total time for which application threads were stopped: 0.0043579 seconds, Stopping threads took: 0.0000198 seconds
88.032: [GC (Allocation Failure)  535396K->217892K(1033728K), 0.0038682 secs]
88.036: Total time for which application threads were stopped: 0.0040612 seconds, Stopping threads took: 0.0000352 seconds
88.103: [GC (Allocation Failure)  536868K->215490K(1033216K), 0.0033024 secs]
88.106: Total time for which application threads were stopped: 0.0034657 seconds, Stopping threads took: 0.0000189 seconds
88.174: [GC (Allocation Failure)  534466K->217924K(1034752K), 0.0038785 secs]
88.178: Total time for which application threads were stopped: 0.0040449 seconds, Stopping threads took: 0.0000271 seconds
88.246: [GC (Allocation Failure)  538948K->217892K(1034240K), 0.0041403 secs]
88.251: Total time for which application threads were stopped: 0.0043127 seconds, Stopping threads took: 0.0000259 seconds
88.317: [GC (Allocation Failure)  538916K->213122K(1034240K), 0.0022059 secs]
88.319: Total time for which application threads were stopped: 0.0023598 seconds, Stopping threads took: 0.0000207 seconds
88.387: [GC (Allocation Failure)  534658K->218148K(1034752K), 0.0039211 secs]
88.391: Total time for which application threads were stopped: 0.0041194 seconds, Stopping threads took: 0.0000203 seconds
88.461: [GC (Allocation Failure)  539684K->217924K(1035776K), 0.0043647 secs]
88.465: Total time for which application threads were stopped: 0.0045122 seconds, Stopping threads took: 0.0000175 seconds
88.531: [GC (Allocation Failure)  540996K->215874K(1035264K), 0.0033901 secs]
88.534: Total time for which application threads were stopped: 0.0035566 seconds, Stopping threads took: 0.0000264 seconds
88.602: [GC (Allocation Failure)  538946K->218052K(1036288K), 0.0041884 secs]
88.607: Total time for which application threads were stopped: 0.0043599 seconds, Stopping threads took: 0.0000205 seconds
88.675: [GC (Allocation Failure)  542148K->217892K(1035776K), 0.0039802 secs]
88.679: Total time for which application threads were stopped: 0.0041578 seconds, Stopping threads took: 0.0000280 seconds
88.746: [GC (Allocation Failure)  541988K->223714K(1033216K), 0.0071004 secs]
88.754: Total time for which application threads were stopped: 0.0072790 seconds, Stopping threads took: 0.0000213 seconds
88.821: [GC (Allocation Failure)  545250K->219620K(1034752K), 0.0042691 secs]
88.826: Total time for which application threads were stopped: 0.0044331 seconds, Stopping threads took: 0.0000189 seconds
88.892: [GC (Allocation Failure)  541156K->219524K(1035264K), 0.0041567 secs]
88.897: Total time for which application threads were stopped: 0.0043265 seconds, Stopping threads took: 0.0000200 seconds
88.966: [GC (Allocation Failure)  542084K->227578K(1035264K), 0.0081443 secs]
88.974: Total time for which application threads were stopped: 0.0083381 seconds, Stopping threads took: 0.0000200 seconds
89.043: [GC (Allocation Failure)  550138K->222428K(1032192K), 0.0043088 secs]
89.048: Total time for which application threads were stopped: 0.0044691 seconds, Stopping threads took: 0.0000177 seconds
89.114: [GC (Allocation Failure)  541916K->222364K(1033728K), 0.0040352 secs]
89.119: Total time for which application threads were stopped: 0.0042242 seconds, Stopping threads took: 0.0000206 seconds
89.186: [GC (Allocation Failure)  541852K->228602K(1031680K), 0.0068487 secs]
89.193: Total time for which application threads were stopped: 0.0070186 seconds, Stopping threads took: 0.0000257 seconds
89.260: [GC (Allocation Failure)  546042K->222332K(1032704K), 0.0042029 secs]
89.265: Total time for which application threads were stopped: 0.0043553 seconds, Stopping threads took: 0.0000167 seconds
89.331: [GC (Allocation Failure)  539772K->222364K(1033216K), 0.0041452 secs]
89.335: Total time for which application threads were stopped: 0.0043178 seconds, Stopping threads took: 0.0000202 seconds
89.402: [GC (Allocation Failure)  540316K->218042K(1032704K), 0.0025972 secs]
89.404: Total time for which application threads were stopped: 0.0027480 seconds, Stopping threads took: 0.0000192 seconds
89.471: [GC (Allocation Failure)  535994K->222588K(1033728K), 0.0043380 secs]
89.475: Total time for which application threads were stopped: 0.0045176 seconds, Stopping threads took: 0.0000190 seconds
89.544: [GC (Allocation Failure)  541052K->222332K(1032704K), 0.0041604 secs]
89.548: Total time for which application threads were stopped: 0.0043772 seconds, Stopping threads took: 0.0000173 seconds
89.615: [GC (Allocation Failure)  540796K->225812K(1033216K), 0.0051132 secs]
89.620: Total time for which application threads were stopped: 0.0052769 seconds, Stopping threads took: 0.0000174 seconds
89.689: [GC (Allocation Failure)  545300K->230422K(1033728K), 0.0041500 secs]
89.693: Total time for which application threads were stopped: 0.0043168 seconds, Stopping threads took: 0.0000258 seconds
89.762: [GC (Allocation Failure)  549910K->230326K(1034752K), 0.0042347 secs]
89.767: Total time for which application threads were stopped: 0.0044086 seconds, Stopping threads took: 0.0000196 seconds
89.835: [GC (Allocation Failure)  551350K->230430K(1034240K), 0.0041916 secs]
89.839: Total time for which application threads were stopped: 0.0043490 seconds, Stopping threads took: 0.0000164 seconds
89.907: [GC (Allocation Failure)  551454K->238497K(1034752K), 0.0041806 secs]
89.911: Total time for which application threads were stopped: 0.0043529 seconds, Stopping threads took: 0.0000202 seconds
89.979: [GC (Allocation Failure)  559521K->238401K(1034240K), 0.0042730 secs]
89.984: Total time for which application threads were stopped: 0.0044533 seconds, Stopping threads took: 0.0000201 seconds
90.048: [GC (Allocation Failure)  559425K->242241K(1034752K), 0.0064302 secs]
90.055: Total time for which application threads were stopped: 0.0065902 seconds, Stopping threads took: 0.0000200 seconds
90.123: [GC (Allocation Failure)  563777K->246467K(1034752K), 0.0042849 secs]
90.127: Total time for which application threads were stopped: 0.0044849 seconds, Stopping threads took: 0.0000195 seconds
90.196: [GC (Allocation Failure)  568003K->246435K(1035264K), 0.0041473 secs]
90.200: Total time for which application threads were stopped: 0.0043311 seconds, Stopping threads took: 0.0000278 seconds
90.268: [GC (Allocation Failure)  568995K->248411K(1035264K), 0.0045761 secs]
90.273: Total time for which application threads were stopped: 0.0047529 seconds, Stopping threads took: 0.0000288 seconds
90.341: [GC (Allocation Failure)  570971K->254461K(1035264K), 0.0039430 secs]
90.345: Total time for which application threads were stopped: 0.0041073 seconds, Stopping threads took: 0.0000202 seconds
90.414: [GC (Allocation Failure)  577021K->254493K(1035264K), 0.0043131 secs]
90.418: Total time for which application threads were stopped: 0.0044829 seconds, Stopping threads took: 0.0000203 seconds
90.484: [GC (Allocation Failure)  577053K->256637K(1035264K), 0.0047776 secs]
90.488: Total time for which application threads were stopped: 0.0049513 seconds, Stopping threads took: 0.0000205 seconds
90.557: [GC (Allocation Failure)  579197K->262720K(1035264K), 0.0042452 secs]
90.561: Total time for which application threads were stopped: 0.0044186 seconds, Stopping threads took: 0.0000209 seconds
90.628: [GC (Allocation Failure)  585280K->262528K(1035264K), 0.0043211 secs]
90.632: Total time for which application threads were stopped: 0.0045175 seconds, Stopping threads took: 0.0000206 seconds
90.702: [GC (Allocation Failure)  585088K->256829K(1035264K), 0.0018796 secs]
90.704: Total time for which application threads were stopped: 0.0020225 seconds, Stopping threads took: 0.0000265 seconds
90.773: [GC (Allocation Failure)  579389K->262656K(1035264K), 0.0044028 secs]
90.778: Total time for which application threads were stopped: 0.0045952 seconds, Stopping threads took: 0.0000199 seconds
90.847: [GC (Allocation Failure)  585216K->262496K(1035264K), 0.0042736 secs]
90.851: Total time for which application threads were stopped: 0.0044454 seconds, Stopping threads took: 0.0000205 seconds
90.916: [GC (Allocation Failure)  585056K->261149K(1035776K), 0.0036996 secs]
90.920: Total time for which application threads were stopped: 0.0038821 seconds, Stopping threads took: 0.0000200 seconds
90.990: [GC (Allocation Failure)  584221K->262592K(1035264K), 0.0042272 secs]
90.994: Total time for which application threads were stopped: 0.0043751 seconds, Stopping threads took: 0.0000168 seconds
91.062: [GC (Allocation Failure)  585664K->262496K(1036288K), 0.0042474 secs]
91.066: Total time for which application threads were stopped: 0.0044146 seconds, Stopping threads took: 0.0000195 seconds
91.134: [GC (Allocation Failure)  586592K->267981K(1035776K), 0.0091066 secs]
91.143: Total time for which application threads were stopped: 0.0093181 seconds, Stopping threads took: 0.0000255 seconds
91.213: [GC (Allocation Failure)  592077K->263792K(1033728K), 0.0042940 secs]
91.217: Total time for which application threads were stopped: 0.0044767 seconds, Stopping threads took: 0.0000184 seconds
91.285: [GC (Allocation Failure)  585328K->263760K(1034752K), 0.0050703 secs]
91.290: Total time for which application threads were stopped: 0.0052452 seconds, Stopping threads took: 0.0000213 seconds
91.356: [GC (Allocation Failure)  585296K->256653K(1034240K), 0.0014778 secs]
91.358: Total time for which application threads were stopped: 0.0016165 seconds, Stopping threads took: 0.0000198 seconds
91.427: [GC (Allocation Failure)  578189K->264024K(1034752K), 0.0044624 secs]
91.432: Total time for which application threads were stopped: 0.0046332 seconds, Stopping threads took: 0.0000204 seconds
91.499: [GC (Allocation Failure)  585560K->267904K(1035264K), 0.0054690 secs]
91.504: Total time for which application threads were stopped: 0.0056405 seconds, Stopping threads took: 0.0000210 seconds
91.572: [GC (Allocation Failure)  590464K->263037K(1035264K), 0.0025571 secs]
91.575: Total time for which application threads were stopped: 0.0027121 seconds, Stopping threads took: 0.0000197 seconds
91.642: [GC (Allocation Failure)  585597K->268144K(1035776K), 0.0043682 secs]
91.647: Total time for which application threads were stopped: 0.0045536 seconds, Stopping threads took: 0.0000216 seconds
91.716: [GC (Allocation Failure)  591216K->272072K(1035264K), 0.0044087 secs]
91.720: Total time for which application threads were stopped: 0.0045985 seconds, Stopping threads took: 0.0000261 seconds
91.787: [GC (Allocation Failure)  595144K->272008K(1035776K), 0.0054519 secs]
91.792: Total time for which application threads were stopped: 0.0056168 seconds, Stopping threads took: 0.0000206 seconds
91.859: [GC (Allocation Failure)  595592K->272200K(1023488K), 0.0041749 secs]
91.864: Total time for which application threads were stopped: 0.0043500 seconds, Stopping threads took: 0.0000198 seconds
91.932: [GC (Allocation Failure)  595784K->280106K(1035264K), 0.0041989 secs]
91.936: Total time for which application threads were stopped: 0.0043987 seconds, Stopping threads took: 0.0000208 seconds
92.005: [GC (Allocation Failure)  602666K->280074K(1035264K), 0.0042038 secs]
92.009: Total time for which application threads were stopped: 0.0043665 seconds, Stopping threads took: 0.0000206 seconds
92.076: [GC (Allocation Failure)  602634K->280202K(1034240K), 0.0043042 secs]
92.080: Total time for which application threads were stopped: 0.0044634 seconds, Stopping threads took: 0.0000201 seconds
92.150: [GC (Allocation Failure)  601738K->288108K(1034752K), 0.0040913 secs]
92.154: Total time for which application threads were stopped: 0.0042468 seconds, Stopping threads took: 0.0000143 seconds
92.221: [GC (Allocation Failure)  609644K->288140K(1034752K), 0.0042668 secs]
92.225: Total time for which application threads were stopped: 0.0044444 seconds, Stopping threads took: 0.0000279 seconds
92.291: [GC (Allocation Failure)  609676K->288428K(1021440K), 0.0043916 secs]
92.296: Total time for which application threads were stopped: 0.0045887 seconds, Stopping threads took: 0.0000203 seconds
92.364: [GC (Allocation Failure)  609964K->296142K(1034240K), 0.0054024 secs]
92.369: Total time for which application threads were stopped: 0.0055681 seconds, Stopping threads took: 0.0000200 seconds
92.437: [GC (Allocation Failure)  616654K->296110K(1034240K), 0.0042007 secs]
92.441: Total time for which application threads were stopped: 0.0043708 seconds, Stopping threads took: 0.0000206 seconds
92.510: [GC (Allocation Failure)  616622K->296694K(1034240K), 0.0045307 secs]
92.514: Total time for which application threads were stopped: 0.0047006 seconds, Stopping threads took: 0.0000199 seconds
92.582: [GC (Allocation Failure)  617206K->304185K(1034240K), 0.0043351 secs]
92.587: Total time for which application threads were stopped: 0.0045056 seconds, Stopping threads took: 0.0000196 seconds
92.655: [GC (Allocation Failure)  624697K->304185K(1034240K), 0.0043350 secs]
92.660: Total time for which application threads were stopped: 0.0044973 seconds, Stopping threads took: 0.0000207 seconds
92.727: [GC (Allocation Failure)  624697K->304409K(1034240K), 0.0043373 secs]
92.732: Total time for which application threads were stopped: 0.0045184 seconds, Stopping threads took: 0.0000270 seconds
92.800: [GC (Allocation Failure)  624921K->312219K(1033216K), 0.0041465 secs]
92.804: Total time for which application threads were stopped: 0.0043120 seconds, Stopping threads took: 0.0000197 seconds
92.871: [GC (Allocation Failure)  631707K->312219K(1033728K), 0.0042667 secs]
92.875: Total time for which application threads were stopped: 0.0044333 seconds, Stopping threads took: 0.0000190 seconds
92.942: [GC (Allocation Failure)  631707K->312387K(1033728K), 0.0046832 secs]
92.946: Total time for which application threads were stopped: 0.0048486 seconds, Stopping threads took: 0.0000190 seconds
93.013: [GC (Allocation Failure)  631875K->320293K(1033728K), 0.0042313 secs]
93.018: Total time for which application threads were stopped: 0.0043881 seconds, Stopping threads took: 0.0000194 seconds
93.083: [GC (Allocation Failure)  639781K->316355K(1034240K), 0.0032583 secs]
93.087: Total time for which application threads were stopped: 0.0034239 seconds, Stopping threads took: 0.0000195 seconds
93.158: [GC (Allocation Failure)  636355K->320421K(1033728K), 0.0045167 secs]
93.162: Total time for which application threads were stopped: 0.0046873 seconds, Stopping threads took: 0.0000192 seconds
93.231: [GC (Allocation Failure)  640421K->324389K(1034752K), 0.0041612 secs]
93.235: Total time for which application threads were stopped: 0.0043365 seconds, Stopping threads took: 0.0000197 seconds
93.303: [GC (Allocation Failure)  645925K->318627K(1034752K), 0.0022059 secs]
93.305: Total time for which application threads were stopped: 0.0023571 seconds, Stopping threads took: 0.0000201 seconds
93.373: [GC (Allocation Failure)  640163K->324485K(1035776K), 0.0042934 secs]
93.378: Total time for which application threads were stopped: 0.0044865 seconds, Stopping threads took: 0.0000195 seconds
93.447: [GC (Allocation Failure)  647045K->328525K(1034752K), 0.0046433 secs]
93.452: Total time for which application threads were stopped: 0.0048360 seconds, Stopping threads took: 0.0000195 seconds
93.517: [GC (Allocation Failure)  650824K->324619K(1035776K), 0.0033308 secs]
93.520: Total time for which application threads were stopped: 0.0034862 seconds, Stopping threads took: 0.0000198 seconds
93.588: [GC (Allocation Failure)  647691K->328685K(1035264K), 0.0045611 secs]
93.593: Total time for which application threads were stopped: 0.0047293 seconds, Stopping threads took: 0.0000193 seconds
93.661: [GC (Allocation Failure)  651757K->332685K(1035264K), 0.0042424 secs]
93.665: Total time for which application threads were stopped: 0.0044338 seconds, Stopping threads took: 0.0000200 seconds
93.735: [GC (Allocation Failure)  656269K->332685K(1035776K), 0.0058018 secs]
93.741: Total time for which application threads were stopped: 0.0059489 seconds, Stopping threads took: 0.0000165 seconds
93.809: [GC (Allocation Failure)  656269K->332709K(1034752K), 0.0047692 secs]
93.814: Total time for which application threads were stopped: 0.0049613 seconds, Stopping threads took: 0.0000205 seconds
93.883: [GC (Allocation Failure)  655269K->340711K(1035264K), 0.0043342 secs]
93.887: Total time for which application threads were stopped: 0.0045245 seconds, Stopping threads took: 0.0000180 seconds
93.956: [GC (Allocation Failure)  663271K->340679K(1034240K), 0.0044669 secs]
93.961: Total time for which application threads were stopped: 0.0046343 seconds, Stopping threads took: 0.0000199 seconds
94.028: [GC (Allocation Failure)  662215K->340743K(1034752K), 0.0043257 secs]
94.032: Total time for which application threads were stopped: 0.0044867 seconds, Stopping threads took: 0.0000196 seconds
94.099: [GC (Allocation Failure)  662279K->348714K(1034752K), 0.0045824 secs]
94.103: Total time for which application threads were stopped: 0.0047433 seconds, Stopping threads took: 0.0000200 seconds
94.173: [GC (Allocation Failure)  670250K->348714K(1029120K), 0.0045518 secs]
94.177: Total time for which application threads were stopped: 0.0047304 seconds, Stopping threads took: 0.0000173 seconds
94.244: [GC (Allocation Failure)  670250K->348962K(1034240K), 0.0046393 secs]
94.248: Total time for which application threads were stopped: 0.0048091 seconds, Stopping threads took: 0.0000202 seconds
94.318: [GC (Allocation Failure)  669474K->356740K(1034240K), 0.0044345 secs]
94.322: Total time for which application threads were stopped: 0.0045958 seconds, Stopping threads took: 0.0000201 seconds
94.390: [GC (Allocation Failure)  677252K->356740K(1034240K), 0.0044058 secs]
94.394: Total time for which application threads were stopped: 0.0045672 seconds, Stopping threads took: 0.0000193 seconds
94.463: [GC (Allocation Failure)  677252K->357156K(1034240K), 0.0048087 secs]
94.468: Total time for which application threads were stopped: 0.0049994 seconds, Stopping threads took: 0.0000193 seconds
94.535: [GC (Allocation Failure)  677668K->364774K(1033216K), 0.0045500 secs]
94.540: Total time for which application threads were stopped: 0.0047507 seconds, Stopping threads took: 0.0000198 seconds
94.608: [GC (Allocation Failure)  684262K->364774K(1033728K), 0.0045129 secs]
94.613: Total time for which application threads were stopped: 0.0046970 seconds, Stopping threads took: 0.0000190 seconds
94.678: [GC (Allocation Failure)  684262K->364934K(1033728K), 0.0043510 secs]
94.682: Total time for which application threads were stopped: 0.0045071 seconds, Stopping threads took: 0.0000186 seconds
94.750: [GC (Allocation Failure)  684422K->372808K(1033728K), 0.0044318 secs]
94.755: Total time for which application threads were stopped: 0.0046112 seconds, Stopping threads took: 0.0000263 seconds
94.822: [GC (Allocation Failure)  692296K->372808K(1033728K), 0.0043679 secs]
94.827: Total time for which application threads were stopped: 0.0045372 seconds, Stopping threads took: 0.0000199 seconds
94.892: [GC (Allocation Failure)  692296K->372872K(1033728K), 0.0045995 secs]
94.897: Total time for which application threads were stopped: 0.0047788 seconds, Stopping threads took: 0.0000205 seconds
94.964: [GC (Allocation Failure)  692360K->380875K(1032704K), 0.0045329 secs]
94.968: Total time for which application threads were stopped: 0.0046910 seconds, Stopping threads took: 0.0000194 seconds
95.035: [GC (Allocation Failure)  699339K->375272K(1033216K), 0.0023212 secs]
95.037: Total time for which application threads were stopped: 0.0024814 seconds, Stopping threads took: 0.0000198 seconds
95.106: [GC (Allocation Failure)  693736K->381091K(1034752K), 0.0044048 secs]
95.110: Total time for which application threads were stopped: 0.0045869 seconds, Stopping threads took: 0.0000177 seconds
95.180: [GC (Allocation Failure)  701603K->384979K(1033728K), 0.0045528 secs]
95.185: Total time for which application threads were stopped: 0.0047132 seconds, Stopping threads took: 0.0000264 seconds
95.253: [GC (Allocation Failure)  705491K->391872K(1029120K), 0.0076320 secs]
95.260: Total time for which application threads were stopped: 0.0078115 seconds, Stopping threads took: 0.0000276 seconds
95.327: [GC (Allocation Failure)  707264K->385795K(1031680K), 0.0047029 secs]
95.332: Total time for which application threads were stopped: 0.0048769 seconds, Stopping threads took: 0.0000201 seconds
95.397: [GC (Allocation Failure)  701187K->385603K(1032704K), 0.0044342 secs]
95.402: Total time for which application threads were stopped: 0.0046111 seconds, Stopping threads took: 0.0000197 seconds
95.467: [GC (Allocation Failure)  702531K->388995K(1032192K), 0.0053742 secs]
95.473: Total time for which application threads were stopped: 0.0055305 seconds, Stopping threads took: 0.0000249 seconds
95.540: [GC (Allocation Failure)  705923K->393765K(1033216K), 0.0043795 secs]
95.544: Total time for which application threads were stopped: 0.0045692 seconds, Stopping threads took: 0.0000199 seconds
95.613: [GC (Allocation Failure)  711717K->393669K(1032704K), 0.0045591 secs]
95.618: Total time for which application threads were stopped: 0.0047398 seconds, Stopping threads took: 0.0000277 seconds
95.684: [GC (Allocation Failure)  711621K->394661K(1033216K), 0.0047221 secs]
95.689: Total time for which application threads were stopped: 0.0048891 seconds, Stopping threads took: 0.0000279 seconds
95.756: [GC (Allocation Failure)  713125K->401703K(1033216K), 0.0044665 secs]
95.761: Total time for which application threads were stopped: 0.0046248 seconds, Stopping threads took: 0.0000192 seconds
95.829: [GC (Allocation Failure)  720167K->401671K(1033728K), 0.0044767 secs]
95.834: Total time for which application threads were stopped: 0.0046494 seconds, Stopping threads took: 0.0000212 seconds
95.900: [GC (Allocation Failure)  720647K->403367K(1033216K), 0.0045942 secs]
95.905: Total time for which application threads were stopped: 0.0047732 seconds, Stopping threads took: 0.0000205 seconds
95.973: [GC (Allocation Failure)  722343K->409769K(1033728K), 0.0045337 secs]
95.978: Total time for which application threads were stopped: 0.0047062 seconds, Stopping threads took: 0.0000206 seconds
96.044: [GC (Allocation Failure)  729257K->409705K(1033728K), 0.0047296 secs]
96.049: Total time for which application threads were stopped: 0.0049005 seconds, Stopping threads took: 0.0000204 seconds
96.115: [GC (Allocation Failure)  729193K->410057K(1033728K), 0.0065287 secs]
96.121: Total time for which application threads were stopped: 0.0067014 seconds, Stopping threads took: 0.0000206 seconds
96.190: [GC (Allocation Failure)  729545K->417772K(1033728K), 0.0046118 secs]
96.195: Total time for which application threads were stopped: 0.0047742 seconds, Stopping threads took: 0.0000198 seconds
96.262: [GC (Allocation Failure)  737260K->417740K(1033728K), 0.0044615 secs]
96.266: Total time for which application threads were stopped: 0.0046291 seconds, Stopping threads took: 0.0000266 seconds
96.332: [GC (Allocation Failure)  737228K->421380K(1033728K), 0.0055662 secs]
96.338: Total time for which application threads were stopped: 0.0057453 seconds, Stopping threads took: 0.0000253 seconds
96.406: [GC (Allocation Failure)  740868K->425862K(1034240K), 0.0046510 secs]
96.410: Total time for which application threads were stopped: 0.0048146 seconds, Stopping threads took: 0.0000213 seconds
96.477: [GC (Allocation Failure)  746374K->425798K(1034240K), 0.0052237 secs]
96.482: Total time for which application threads were stopped: 0.0053938 seconds, Stopping threads took: 0.0000198 seconds
96.548: [GC (Allocation Failure)  746310K->426502K(1034240K), 0.0048068 secs]
96.553: Total time for which application threads were stopped: 0.0049825 seconds, Stopping threads took: 0.0000213 seconds
96.621: [GC (Allocation Failure)  747014K->433832K(1034240K), 0.0044743 secs]
96.625: Total time for which application threads were stopped: 0.0046400 seconds, Stopping threads took: 0.0000205 seconds
96.693: [GC (Allocation Failure)  754344K->433800K(1034240K), 0.0055104 secs]
96.699: Total time for which application threads were stopped: 0.0056806 seconds, Stopping threads took: 0.0000191 seconds
96.765: [GC (Allocation Failure)  754312K->434760K(1034240K), 0.0048544 secs]
96.770: Total time for which application threads were stopped: 0.0050334 seconds, Stopping threads took: 0.0000226 seconds
96.839: [GC (Allocation Failure)  755272K->441835K(1034240K), 0.0047454 secs]
96.844: Total time for which application threads were stopped: 0.0049160 seconds, Stopping threads took: 0.0000202 seconds
96.911: [GC (Allocation Failure)  762347K->441835K(1034240K), 0.0046652 secs]
96.916: Total time for which application threads were stopped: 0.0048238 seconds, Stopping threads took: 0.0000195 seconds
96.983: [GC (Allocation Failure)  762347K->442979K(1034240K), 0.0048982 secs]
96.988: Total time for which application threads were stopped: 0.0050739 seconds, Stopping threads took: 0.0000196 seconds
97.055: [GC (Allocation Failure)  763491K->449957K(1034240K), 0.0047345 secs]
97.060: Total time for which application threads were stopped: 0.0048977 seconds, Stopping threads took: 0.0000200 seconds
97.130: [GC (Allocation Failure)  770469K->449861K(1034240K), 0.0062128 secs]
97.137: Total time for which application threads were stopped: 0.0063877 seconds, Stopping threads took: 0.0000245 seconds
97.206: [GC (Allocation Failure)  770373K->450181K(1020416K), 0.0047151 secs]
97.210: Total time for which application threads were stopped: 0.0049163 seconds, Stopping threads took: 0.0000267 seconds
97.279: [GC (Allocation Failure)  770693K->457927K(1033728K), 0.0048172 secs]
97.284: Total time for which application threads were stopped: 0.0049976 seconds, Stopping threads took: 0.0000192 seconds
97.352: [GC (Allocation Failure)  777415K->457895K(1033728K), 0.0044491 secs]
97.357: Total time for which application threads were stopped: 0.0046162 seconds, Stopping threads took: 0.0000196 seconds
97.423: [GC (Allocation Failure)  777383K->458439K(1033728K), 0.0047716 secs]
97.427: Total time for which application threads were stopped: 0.0049666 seconds, Stopping threads took: 0.0000205 seconds
97.496: [GC (Allocation Failure)  777927K->465993K(1033728K), 0.0046497 secs]
97.501: Total time for which application threads were stopped: 0.0048174 seconds, Stopping threads took: 0.0000254 seconds
97.567: [GC (Allocation Failure)  785481K->465929K(1033728K), 0.0045073 secs]
97.572: Total time for which application threads were stopped: 0.0046804 seconds, Stopping threads took: 0.0000206 seconds
97.638: [GC (Allocation Failure)  785417K->466665K(1033728K), 0.0048777 secs]
97.643: Total time for which application threads were stopped: 0.0050502 seconds, Stopping threads took: 0.0000205 seconds
97.711: [GC (Allocation Failure)  786153K->473964K(1033728K), 0.0044188 secs]
97.716: Total time for which application threads were stopped: 0.0045810 seconds, Stopping threads took: 0.0000197 seconds
97.783: [GC (Allocation Failure)  793452K->473996K(1033728K), 0.0061676 secs]
97.789: Total time for which application threads were stopped: 0.0063603 seconds, Stopping threads took: 0.0000204 seconds
97.856: [GC (Allocation Failure)  793484K->475972K(1033728K), 0.0051354 secs]
97.861: Total time for which application threads were stopped: 0.0052923 seconds, Stopping threads took: 0.0000164 seconds
97.928: [GC (Allocation Failure)  795460K->482022K(1033728K), 0.0045769 secs]
97.933: Total time for which application threads were stopped: 0.0047554 seconds, Stopping threads took: 0.0000206 seconds
98.001: [GC (Allocation Failure)  801510K->481990K(1033728K), 0.0045893 secs]
98.005: Total time for which application threads were stopped: 0.0047389 seconds, Stopping threads took: 0.0000170 seconds
98.071: [GC (Allocation Failure)  801478K->483134K(1033728K), 0.0049733 secs]
98.076: Total time for which application threads were stopped: 0.0051538 seconds, Stopping threads took: 0.0000195 seconds
98.144: [GC (Allocation Failure)  802622K->490016K(1033728K), 0.0064421 secs]
98.151: Total time for which application threads were stopped: 0.0066120 seconds, Stopping threads took: 0.0000253 seconds
98.218: [GC (Allocation Failure)  809504K->490048K(1033728K), 0.0045567 secs]
98.222: Total time for which application threads were stopped: 0.0047161 seconds, Stopping threads took: 0.0000199 seconds
98.288: [GC (Allocation Failure)  809536K->490344K(1033728K), 0.0046863 secs]
98.293: Total time for which application threads were stopped: 0.0048474 seconds, Stopping threads took: 0.0000197 seconds
98.362: [GC (Allocation Failure)  809832K->498090K(1033728K), 0.0047116 secs]
98.367: Total time for which application threads were stopped: 0.0048763 seconds, Stopping threads took: 0.0000208 seconds
98.434: [GC (Allocation Failure)  817578K->498058K(1033728K), 0.0046959 secs]
98.439: Total time for which application threads were stopped: 0.0048590 seconds, Stopping threads took: 0.0000203 seconds
98.505: [GC (Allocation Failure)  817546K->498602K(1033728K), 0.0050156 secs]
98.510: Total time for which application threads were stopped: 0.0051939 seconds, Stopping threads took: 0.0000198 seconds
98.579: [GC (Allocation Failure)  818090K->506093K(1033728K), 0.0047628 secs]
98.584: Total time for which application threads were stopped: 0.0049318 seconds, Stopping threads took: 0.0000196 seconds
98.651: [GC (Allocation Failure)  825581K->506093K(1033728K), 0.0047879 secs]
98.655: Total time for which application threads were stopped: 0.0049748 seconds, Stopping threads took: 0.0000204 seconds
98.722: [GC (Allocation Failure)  825581K->506821K(1033728K), 0.0048417 secs]
98.727: Total time for which application threads were stopped: 0.0050209 seconds, Stopping threads took: 0.0000282 seconds
98.794: [GC (Allocation Failure)  826309K->514119K(1033728K), 0.0045843 secs]
98.799: Total time for which application threads were stopped: 0.0047526 seconds, Stopping threads took: 0.0000198 seconds
98.865: [GC (Allocation Failure)  833607K->514119K(1033728K), 0.0047555 secs]
98.870: Total time for which application threads were stopped: 0.0049324 seconds, Stopping threads took: 0.0000193 seconds
98.937: [GC (Allocation Failure)  833607K->515047K(1033728K), 0.0049565 secs]
98.942: Total time for which application threads were stopped: 0.0051212 seconds, Stopping threads took: 0.0000191 seconds
99.010: [GC (Allocation Failure)  834535K->522153K(1033728K), 0.0045619 secs]
99.015: Total time for which application threads were stopped: 0.0047062 seconds, Stopping threads took: 0.0000190 seconds
99.083: [GC (Allocation Failure)  841641K->522153K(1033728K), 0.0046380 secs]
99.088: Total time for which application threads were stopped: 0.0048174 seconds, Stopping threads took: 0.0000192 seconds
99.156: [GC (Allocation Failure)  841641K->522249K(1033728K), 0.0048828 secs]
99.161: Total time for which application threads were stopped: 0.0050761 seconds, Stopping threads took: 0.0000195 seconds
99.230: [GC (Allocation Failure)  841737K->530187K(1027072K), 0.0046651 secs]
99.234: Total time for which application threads were stopped: 0.0048344 seconds, Stopping threads took: 0.0000195 seconds
99.301: [GC (Allocation Failure)  849675K->530187K(1033216K), 0.0047615 secs]
99.306: Total time for which application threads were stopped: 0.0049338 seconds, Stopping threads took: 0.0000258 seconds
99.372: [GC (Allocation Failure)  848651K->530507K(1033216K), 0.0050853 secs]
99.378: Total time for which application threads were stopped: 0.0052554 seconds, Stopping threads took: 0.0000198 seconds
99.444: [GC (Allocation Failure)  848971K->538222K(1033216K), 0.0047385 secs]
99.449: Total time for which application threads were stopped: 0.0049012 seconds, Stopping threads took: 0.0000208 seconds
99.515: [GC (Allocation Failure)  856686K->538222K(1033216K), 0.0047482 secs]
99.520: Total time for which application threads were stopped: 0.0049113 seconds, Stopping threads took: 0.0000206 seconds
99.585: [GC (Allocation Failure)  856686K->538734K(1033216K), 0.0049886 secs]
99.590: Total time for which application threads were stopped: 0.0051485 seconds, Stopping threads took: 0.0000203 seconds
99.656: [GC (Allocation Failure)  857198K->546288K(1033216K), 0.0047163 secs]
99.660: Total time for which application threads were stopped: 0.0048771 seconds, Stopping threads took: 0.0000197 seconds
99.730: [GC (Allocation Failure)  864752K->546256K(1033216K), 0.0044903 secs]
99.735: Total time for which application threads were stopped: 0.0046389 seconds, Stopping threads took: 0.0000184 seconds
99.801: [GC (Allocation Failure)  864720K->546472K(1033216K), 0.0049095 secs]
99.806: Total time for which application threads were stopped: 0.0050691 seconds, Stopping threads took: 0.0000199 seconds
99.873: [GC (Allocation Failure)  864936K->554282K(1033216K), 0.0048324 secs]
99.878: Total time for which application threads were stopped: 0.0049927 seconds, Stopping threads took: 0.0000199 seconds
99.944: [GC (Allocation Failure)  872746K->554282K(1033216K), 0.0048183 secs]
99.949: Total time for which application threads were stopped: 0.0049832 seconds, Stopping threads took: 0.0000193 seconds
100.015: [GC (Allocation Failure)  872746K->554434K(1033216K), 0.0048220 secs]
100.020: Total time for which application threads were stopped: 0.0049824 seconds, Stopping threads took: 0.0000200 seconds
100.087: [GC (Allocation Failure)  872898K->562341K(1033216K), 0.0047782 secs]
100.092: Total time for which application threads were stopped: 0.0049457 seconds, Stopping threads took: 0.0000198 seconds
100.158: [GC (Allocation Failure)  880805K->562341K(1033216K), 0.0048370 secs]
100.163: Total time for which application threads were stopped: 0.0049982 seconds, Stopping threads took: 0.0000205 seconds
100.229: [GC (Allocation Failure)  880805K->562373K(1033216K), 0.0049273 secs]
100.234: Total time for which application threads were stopped: 0.0050961 seconds, Stopping threads took: 0.0000276 seconds
100.301: [GC (Allocation Failure)  880837K->570343K(1033216K), 0.0054179 secs]
100.307: Total time for which application threads were stopped: 0.0055906 seconds, Stopping threads took: 0.0000205 seconds
100.372: [GC (Allocation Failure)  888807K->570343K(1033216K), 0.0046863 secs]
100.377: Total time for which application threads were stopped: 0.0048603 seconds, Stopping threads took: 0.0000211 seconds
100.442: [GC (Allocation Failure)  888807K->570599K(1033216K), 0.0056192 secs]
100.447: Total time for which application threads were stopped: 0.0057942 seconds, Stopping threads took: 0.0000205 seconds
100.514: [GC (Allocation Failure)  889063K->578377K(1033216K), 0.0048918 secs]
100.519: Total time for which application threads were stopped: 0.0050717 seconds, Stopping threads took: 0.0000206 seconds
100.586: [GC (Allocation Failure)  896841K->578377K(1033216K), 0.0046366 secs]
100.591: Total time for which application threads were stopped: 0.0047980 seconds, Stopping threads took: 0.0000206 seconds
100.655: [GC (Allocation Failure)  896841K->578593K(1033216K), 0.0051318 secs]
100.660: Total time for which application threads were stopped: 0.0052991 seconds, Stopping threads took: 0.0000195 seconds
100.726: [GC (Allocation Failure)  897057K->586403K(1033216K), 0.0047875 secs]
100.731: Total time for which application threads were stopped: 0.0049553 seconds, Stopping threads took: 0.0000203 seconds
100.795: [GC (Allocation Failure)  904867K->582497K(1033216K), 0.0039161 secs]
100.800: Total time for which application threads were stopped: 0.0040869 seconds, Stopping threads took: 0.0000266 seconds
100.866: [GC (Allocation Failure)  900961K->586571K(1034752K), 0.0048909 secs]
100.871: Total time for which application threads were stopped: 0.0050855 seconds, Stopping threads took: 0.0000195 seconds
100.940: [GC (Allocation Failure)  907083K->590539K(1033728K), 0.0047304 secs]
100.945: Total time for which application threads were stopped: 0.0049170 seconds, Stopping threads took: 0.0000197 seconds
101.012: [GC (Allocation Failure)  911051K->582729K(1034240K), 0.0017327 secs]
101.014: Total time for which application threads were stopped: 0.0018628 seconds, Stopping threads took: 0.0000206 seconds
101.081: [GC (Allocation Failure)  903241K->590603K(1034240K), 0.0047952 secs]
101.086: Total time for which application threads were stopped: 0.0049613 seconds, Stopping threads took: 0.0000207 seconds
101.154: [GC (Allocation Failure)  911115K->594683K(1033216K), 0.0063103 secs]
101.161: Total time for which application threads were stopped: 0.0064690 seconds, Stopping threads took: 0.0000178 seconds
101.228: [GC (Allocation Failure)  914171K->600441K(1032704K), 0.0075130 secs]
101.236: Total time for which application threads were stopped: 0.0076884 seconds, Stopping threads took: 0.0000188 seconds
101.303: [GC (Allocation Failure)  919929K->594907K(1031680K), 0.0048283 secs]
101.308: Total time for which application threads were stopped: 0.0050058 seconds, Stopping threads took: 0.0000190 seconds
101.377: [GC (Allocation Failure)  911323K->594683K(1032192K), 0.0047624 secs]
101.382: Total time for which application threads were stopped: 0.0049213 seconds, Stopping threads took: 0.0000198 seconds
101.447: [GC (Allocation Failure)  911099K->589337K(1032704K), 0.0028140 secs]
101.450: Total time for which application threads were stopped: 0.0029778 seconds, Stopping threads took: 0.0000186 seconds
101.518: [GC (Allocation Failure)  906777K->594875K(1032704K), 0.0048206 secs]
101.523: Total time for which application threads were stopped: 0.0049792 seconds, Stopping threads took: 0.0000197 seconds
101.590: [GC (Allocation Failure)  912315K->594683K(1033216K), 0.0049591 secs]
101.596: Total time for which application threads were stopped: 0.0051290 seconds, Stopping threads took: 0.0000197 seconds
101.661: [GC (Allocation Failure)  912635K->595035K(1032704K), 0.0051726 secs]
101.667: Total time for which application threads were stopped: 0.0053319 seconds, Stopping threads took: 0.0000190 seconds
101.734: [GC (Allocation Failure)  912987K->602718K(1033216K), 0.0047165 secs]
101.738: Total time for which application threads were stopped: 0.0048858 seconds, Stopping threads took: 0.0000265 seconds
101.807: [GC (Allocation Failure)  921182K->602718K(1033216K), 0.0048745 secs]
101.812: Total time for which application threads were stopped: 0.0050467 seconds, Stopping threads took: 0.0000172 seconds
101.877: [GC (Allocation Failure)  921182K->606846K(1033728K), 0.0059162 secs]
101.883: Total time for which application threads were stopped: 0.0060890 seconds, Stopping threads took: 0.0000202 seconds
101.951: [GC (Allocation Failure)  925822K->610816K(1033216K), 0.0045455 secs]
101.955: Total time for which application threads were stopped: 0.0047112 seconds, Stopping threads took: 0.0000204 seconds
102.023: [GC (Allocation Failure)  929792K->610752K(1034240K), 0.0050309 secs]
102.028: Total time for which application threads were stopped: 0.0052141 seconds, Stopping threads took: 0.0000211 seconds
102.097: [GC (Allocation Failure)  931264K->614056K(1034240K), 0.0057193 secs]
102.102: Total time for which application threads were stopped: 0.0058766 seconds, Stopping threads took: 0.0000194 seconds
102.171: [GC (Allocation Failure)  934568K->618794K(1034240K), 0.0048450 secs]
102.176: Total time for which application threads were stopped: 0.0050135 seconds, Stopping threads took: 0.0000215 seconds
102.244: [GC (Allocation Failure)  939306K->618794K(1034240K), 0.0047714 secs]
102.249: Total time for which application threads were stopped: 0.0049437 seconds, Stopping threads took: 0.0000255 seconds
102.316: [GC (Allocation Failure)  939306K->620258K(1033728K), 0.0054035 secs]
102.322: Total time for which application threads were stopped: 0.0055743 seconds, Stopping threads took: 0.0000192 seconds
102.390: [GC (Allocation Failure)  940770K->626820K(1034240K), 0.0047326 secs]
102.395: Total time for which application threads were stopped: 0.0049028 seconds, Stopping threads took: 0.0000205 seconds
102.463: [GC (Allocation Failure)  947332K->626820K(1034752K), 0.0049599 secs]
102.468: Total time for which application threads were stopped: 0.0051224 seconds, Stopping threads took: 0.0000200 seconds
102.534: [GC (Allocation Failure)  947844K->626948K(1034240K), 0.0052058 secs]
102.539: Total time for which application threads were stopped: 0.0053697 seconds, Stopping threads took: 0.0000197 seconds
102.607: [GC (Allocation Failure)  947972K->634919K(1034240K), 0.0049377 secs]
102.612: Total time for which application threads were stopped: 0.0051088 seconds, Stopping threads took: 0.0000202 seconds
102.678: [GC (Allocation Failure)  955431K->634887K(1034240K), 0.0049396 secs]
102.683: Total time for which application threads were stopped: 0.0051130 seconds, Stopping threads took: 0.0000210 seconds
102.750: [GC (Allocation Failure)  955399K->637735K(1034240K), 0.0055438 secs]
102.756: Total time for which application threads were stopped: 0.0057316 seconds, Stopping threads took: 0.0000196 seconds
102.824: [GC (Allocation Failure)  958247K->642985K(1034240K), 0.0048684 secs]
102.829: Total time for which application threads were stopped: 0.0050653 seconds, Stopping threads took: 0.0000212 seconds
102.899: [GC (Allocation Failure)  963497K->642921K(1034240K), 0.0049154 secs]
102.904: Total time for which application threads were stopped: 0.0050822 seconds, Stopping threads took: 0.0000170 seconds
102.971: [GC (Allocation Failure)  963433K->643945K(1034240K), 0.0050394 secs]
102.976: Total time for which application threads were stopped: 0.0052549 seconds, Stopping threads took: 0.0000205 seconds
103.045: [GC (Allocation Failure)  964457K->650987K(1034240K), 0.0050628 secs]
103.050: Total time for which application threads were stopped: 0.0052229 seconds, Stopping threads took: 0.0000197 seconds
103.119: [GC (Allocation Failure)  971499K->650923K(1034240K), 0.0049868 secs]
103.125: Total time for which application threads were stopped: 0.0051506 seconds, Stopping threads took: 0.0000190 seconds
103.193: [GC (Allocation Failure)  971435K->654219K(1034752K), 0.0057357 secs]
103.199: Total time for which application threads were stopped: 0.0059077 seconds, Stopping threads took: 0.0000199 seconds
103.267: [GC (Allocation Failure)  975243K->658957K(1034240K), 0.0049736 secs]
103.272: Total time for which application threads were stopped: 0.0051540 seconds, Stopping threads took: 0.0000285 seconds
103.340: [GC (Allocation Failure)  979981K->658957K(1034752K), 0.0048604 secs]
103.345: Total time for which application threads were stopped: 0.0050833 seconds, Stopping threads took: 0.0000197 seconds
103.412: [GC (Allocation Failure)  980493K->662437K(1034752K), 0.0058805 secs]
103.418: Total time for which application threads were stopped: 0.0060447 seconds, Stopping threads took: 0.0000199 seconds
103.486: [GC (Allocation Failure)  983973K->667016K(1034752K), 0.0049613 secs]
103.491: Total time for which application threads were stopped: 0.0051268 seconds, Stopping threads took: 0.0000208 seconds
103.557: [GC (Allocation Failure)  988552K->667016K(1034752K), 0.0055884 secs]
103.563: Total time for which application threads were stopped: 0.0057484 seconds, Stopping threads took: 0.0000198 seconds
103.629: [GC (Allocation Failure)  988552K->667624K(1034752K), 0.0049852 secs]
103.635: Total time for which application threads were stopped: 0.0051548 seconds, Stopping threads took: 0.0000192 seconds
103.703: [GC (Allocation Failure)  989160K->675050K(1034752K), 0.0049252 secs]
103.708: Total time for which application threads were stopped: 0.0051081 seconds, Stopping threads took: 0.0000261 seconds
103.775: [GC (Allocation Failure)  996586K->675050K(1034752K), 0.0050150 secs]
103.781: Total time for which application threads were stopped: 0.0051862 seconds, Stopping threads took: 0.0000202 seconds
103.846: [GC (Allocation Failure)  996586K->676874K(1034752K), 0.0053964 secs]
103.851: Total time for which application threads were stopped: 0.0055912 seconds, Stopping threads took: 0.0000250 seconds
103.918: [GC (Allocation Failure)  998410K->683148K(1034752K), 0.0050897 secs]
103.923: Total time for which application threads were stopped: 0.0052636 seconds, Stopping threads took: 0.0000255 seconds
103.990: [GC (Allocation Failure)  1004684K->683052K(1034752K), 0.0055295 secs]
103.996: Total time for which application threads were stopped: 0.0057129 seconds, Stopping threads took: 0.0000201 seconds
104.061: [GC (Allocation Failure)  1004588K->686116K(1034752K), 0.0058287 secs]
104.067: [Full GC (Ergonomics)  686116K->11542K(1034752K), 0.0172714 secs]
104.084: Total time for which application threads were stopped: 0.0234227 seconds, Stopping threads took: 0.0000199 seconds
104.152: [GC (Allocation Failure)  333078K->20696K(1030144K), 0.0038730 secs]
104.156: Total time for which application threads were stopped: 0.0040203 seconds, Stopping threads took: 0.0000162 seconds
104.222: [GC (Allocation Failure)  342232K->20696K(1034240K), 0.0038587 secs]
104.226: Total time for which application threads were stopped: 0.0040072 seconds, Stopping threads took: 0.0000168 seconds
104.293: [GC (Allocation Failure)  341208K->23960K(1034240K), 0.0043116 secs]
104.297: Total time for which application threads were stopped: 0.0044750 seconds, Stopping threads took: 0.0000158 seconds
104.365: [GC (Allocation Failure)  344472K->28763K(1034752K), 0.0038010 secs]
104.369: Total time for which application threads were stopped: 0.0039472 seconds, Stopping threads took: 0.0000176 seconds
104.436: [GC (Allocation Failure)  350299K->28763K(1034752K), 0.0040214 secs]
104.440: Total time for which application threads were stopped: 0.0042273 seconds, Stopping threads took: 0.0000197 seconds
104.508: [GC (Allocation Failure)  350299K->32227K(1034752K), 0.0048334 secs]
104.512: Total time for which application threads were stopped: 0.0050034 seconds, Stopping threads took: 0.0000220 seconds
104.580: [GC (Allocation Failure)  353763K->36837K(1034752K), 0.0038419 secs]
104.584: Total time for which application threads were stopped: 0.0040117 seconds, Stopping threads took: 0.0000226 seconds
104.652: [GC (Allocation Failure)  358373K->36773K(1035264K), 0.0040658 secs]
104.656: Total time for which application threads were stopped: 0.0042146 seconds, Stopping threads took: 0.0000168 seconds
104.724: [GC (Allocation Failure)  358821K->37885K(1034752K), 0.0041815 secs]
104.728: Total time for which application threads were stopped: 0.0043776 seconds, Stopping threads took: 0.0000199 seconds
104.797: [GC (Allocation Failure)  359933K->44799K(1034752K), 0.0037770 secs]
104.800: Total time for which application threads were stopped: 0.0039554 seconds, Stopping threads took: 0.0000197 seconds
104.869: [GC (Allocation Failure)  366335K->44799K(1034752K), 0.0038565 secs]
104.873: Total time for which application threads were stopped: 0.0040259 seconds, Stopping threads took: 0.0000200 seconds
104.938: [GC (Allocation Failure)  366335K->47679K(1034752K), 0.0044789 secs]
104.942: Total time for which application threads were stopped: 0.0046497 seconds, Stopping threads took: 0.0000196 seconds
105.011: [GC (Allocation Failure)  369215K->52930K(1034752K), 0.0039391 secs]
105.015: Total time for which application threads were stopped: 0.0041055 seconds, Stopping threads took: 0.0000192 seconds
105.081: [GC (Allocation Failure)  374466K->52834K(1034752K), 0.0039031 secs]
105.085: Total time for which application threads were stopped: 0.0040780 seconds, Stopping threads took: 0.0000191 seconds
105.154: [GC (Allocation Failure)  374370K->56938K(1034752K), 0.0047287 secs]
105.158: Total time for which application threads were stopped: 0.0048710 seconds, Stopping threads took: 0.0000159 seconds
105.225: [GC (Allocation Failure)  378474K->60876K(1035264K), 0.0039146 secs]
105.229: Total time for which application threads were stopped: 0.0040972 seconds, Stopping threads took: 0.0000280 seconds
105.297: [GC (Allocation Failure)  383436K->60908K(1035264K), 0.0038006 secs]
105.300: Total time for which application threads were stopped: 0.0039663 seconds, Stopping threads took: 0.0000266 seconds
105.367: [GC (Allocation Failure)  383468K->64140K(1035264K), 0.0048799 secs]
105.372: Total time for which application threads were stopped: 0.0050474 seconds, Stopping threads took: 0.0000194 seconds
105.440: [GC (Allocation Failure)  386700K->68910K(1035264K), 0.0038398 secs]
105.444: Total time for which application threads were stopped: 0.0039994 seconds, Stopping threads took: 0.0000199 seconds
105.511: [GC (Allocation Failure)  391470K->68910K(1035264K), 0.0040043 secs]
105.515: Total time for which application threads were stopped: 0.0041823 seconds, Stopping threads took: 0.0000218 seconds
105.582: [GC (Allocation Failure)  391470K->72366K(1035264K), 0.0047228 secs]
105.587: Total time for which application threads were stopped: 0.0049213 seconds, Stopping threads took: 0.0000218 seconds
105.655: [GC (Allocation Failure)  394926K->77008K(1034752K), 0.0038860 secs]
105.659: Total time for which application threads were stopped: 0.0040675 seconds, Stopping threads took: 0.0000175 seconds
105.730: [GC (Allocation Failure)  399568K->76944K(1035264K), 0.0037436 secs]
105.734: Total time for which application threads were stopped: 0.0039040 seconds, Stopping threads took: 0.0000276 seconds
105.799: [GC (Allocation Failure)  399504K->80584K(1035776K), 0.0047377 secs]
105.804: Total time for which application threads were stopped: 0.0049330 seconds, Stopping threads took: 0.0000201 seconds
105.873: [GC (Allocation Failure)  404168K->85131K(1035776K), 0.0037453 secs]
105.877: Total time for which application threads were stopped: 0.0038976 seconds, Stopping threads took: 0.0000172 seconds
105.945: [GC (Allocation Failure)  408715K->85003K(1035776K), 0.0041177 secs]
105.949: Total time for which application threads were stopped: 0.0042865 seconds, Stopping threads took: 0.0000199 seconds
106.019: [GC (Allocation Failure)  408587K->87819K(1035776K), 0.0047078 secs]
106.024: Total time for which application threads were stopped: 0.0048739 seconds, Stopping threads took: 0.0000193 seconds
106.092: [GC (Allocation Failure)  411403K->93069K(1035776K), 0.0039385 secs]
106.096: Total time for which application threads were stopped: 0.0041009 seconds, Stopping threads took: 0.0000190 seconds
106.166: [GC (Allocation Failure)  416653K->93037K(1035776K), 0.0040360 secs]
106.170: Total time for which application threads were stopped: 0.0042043 seconds, Stopping threads took: 0.0000276 seconds
106.239: [GC (Allocation Failure)  416621K->91083K(1036288K), 0.0030326 secs]
106.242: Total time for which application threads were stopped: 0.0032007 seconds, Stopping threads took: 0.0000275 seconds
106.310: [GC (Allocation Failure)  415179K->93037K(1035776K), 0.0039847 secs]
106.314: Total time for which application threads were stopped: 0.0042126 seconds, Stopping threads took: 0.0000263 seconds
106.384: [GC (Allocation Failure)  417133K->93005K(1036288K), 0.0039330 secs]
106.388: Total time for which application threads were stopped: 0.0040892 seconds, Stopping threads took: 0.0000191 seconds
106.456: [GC (Allocation Failure)  417613K->100467K(1036288K), 0.0079262 secs]
106.464: Total time for which application threads were stopped: 0.0081061 seconds, Stopping threads took: 0.0000193 seconds
106.532: [GC (Allocation Failure)  425075K->96501K(1032192K), 0.0041091 secs]
106.536: Total time for which application threads were stopped: 0.0042702 seconds, Stopping threads took: 0.0000196 seconds
106.603: [GC (Allocation Failure)  417013K->96277K(1034240K), 0.0039358 secs]
106.607: Total time for which application threads were stopped: 0.0040947 seconds, Stopping threads took: 0.0000201 seconds
106.674: [GC (Allocation Failure)  416789K->89619K(1033728K), 0.0011476 secs]
106.675: Total time for which application threads were stopped: 0.0012743 seconds, Stopping threads took: 0.0000190 seconds
106.746: [GC (Allocation Failure)  410131K->96397K(1034240K), 0.0040222 secs]
106.750: Total time for which application threads were stopped: 0.0042146 seconds, Stopping threads took: 0.0000200 seconds
106.819: [GC (Allocation Failure)  416909K->100381K(1034752K), 0.0048562 secs]
106.824: Total time for which application threads were stopped: 0.0050480 seconds, Stopping threads took: 0.0000196 seconds
106.893: [GC (Allocation Failure)  421917K->92891K(1021952K), 0.0008944 secs]
106.894: Total time for which application threads were stopped: 0.0010149 seconds, Stopping threads took: 0.0000167 seconds
106.962: [GC (Allocation Failure)  414427K->100525K(1034752K), 0.0039964 secs]
106.966: Total time for which application threads were stopped: 0.0041576 seconds, Stopping threads took: 0.0000197 seconds
107.036: [GC (Allocation Failure)  421549K->104565K(1034240K), 0.0052039 secs]
107.041: Total time for which application threads were stopped: 0.0053727 seconds, Stopping threads took: 0.0000195 seconds
107.110: [GC (Allocation Failure)  425589K->97299K(1034752K), 0.0010491 secs]
107.111: Total time for which application threads were stopped: 0.0011748 seconds, Stopping threads took: 0.0000199 seconds
107.181: [GC (Allocation Failure)  418835K->104581K(1034752K), 0.0039636 secs]
107.185: Total time for which application threads were stopped: 0.0041209 seconds, Stopping threads took: 0.0000173 seconds
107.253: [GC (Allocation Failure)  426117K->108677K(1034752K), 0.0050643 secs]
107.258: Total time for which application threads were stopped: 0.0052436 seconds, Stopping threads took: 0.0000204 seconds
107.324: [GC (Allocation Failure)  430213K->102627K(1034752K), 0.0021255 secs]
107.326: Total time for which application threads were stopped: 0.0022604 seconds, Stopping threads took: 0.0000203 seconds
107.392: [GC (Allocation Failure)  424163K->108709K(1035776K), 0.0039571 secs]
107.396: Total time for which application threads were stopped: 0.0041497 seconds, Stopping threads took: 0.0000199 seconds
107.466: [GC (Allocation Failure)  431269K->112797K(1034752K), 0.0045504 secs]
107.471: Total time for which application threads were stopped: 0.0047167 seconds, Stopping threads took: 0.0000284 seconds
107.538: [GC (Allocation Failure)  435357K->108923K(1035776K), 0.0026683 secs]
107.540: Total time for which application threads were stopped: 0.0028200 seconds, Stopping threads took: 0.0000190 seconds
107.608: [GC (Allocation Failure)  432507K->112997K(1035776K), 0.0040670 secs]
107.613: Total time for which application threads were stopped: 0.0042275 seconds, Stopping threads took: 0.0000197 seconds
107.682: [GC (Allocation Failure)  436581K->116997K(1035264K), 0.0037997 secs]
107.685: Total time for which application threads were stopped: 0.0039595 seconds, Stopping threads took: 0.0000200 seconds
107.753: [GC (Allocation Failure)  440581K->116997K(1035776K), 0.0038369 secs]
107.757: Total time for which application threads were stopped: 0.0039947 seconds, Stopping threads took: 0.0000195 seconds
107.824: [GC (Allocation Failure)  440581K->117029K(1034752K), 0.0041188 secs]
107.829: Total time for which application threads were stopped: 0.0042876 seconds, Stopping threads took: 0.0000194 seconds
107.896: [GC (Allocation Failure)  439589K->125031K(1035264K), 0.0040448 secs]
107.900: Total time for which application threads were stopped: 0.0042085 seconds, Stopping threads took: 0.0000207 seconds
107.967: [GC (Allocation Failure)  447591K->124999K(1035264K), 0.0039323 secs]
107.971: Total time for which application threads were stopped: 0.0041339 seconds, Stopping threads took: 0.0000221 seconds
108.037: [GC (Allocation Failure)  447559K->125063K(1022464K), 0.0039312 secs]
108.041: Total time for which application threads were stopped: 0.0040989 seconds, Stopping threads took: 0.0000216 seconds
108.110: [GC (Allocation Failure)  447623K->133033K(1034752K), 0.0040175 secs]
108.114: Total time for which application threads were stopped: 0.0042128 seconds, Stopping threads took: 0.0000204 seconds
108.185: [GC (Allocation Failure)  454569K->133065K(1034752K), 0.0038838 secs]
108.189: Total time for which application threads were stopped: 0.0040452 seconds, Stopping threads took: 0.0000199 seconds
108.257: [GC (Allocation Failure)  454601K->133289K(1033728K), 0.0041657 secs]
108.261: Total time for which application threads were stopped: 0.0043251 seconds, Stopping threads took: 0.0000282 seconds
108.331: [GC (Allocation Failure)  453801K->141100K(1034240K), 0.0040801 secs]
108.335: Total time for which application threads were stopped: 0.0042404 seconds, Stopping threads took: 0.0000201 seconds
108.402: [GC (Allocation Failure)  461612K->141100K(1034240K), 0.0040863 secs]
108.407: Total time for which application threads were stopped: 0.0042773 seconds, Stopping threads took: 0.0000188 seconds
108.476: [GC (Allocation Failure)  461612K->141476K(1034240K), 0.0043815 secs]
108.480: Total time for which application threads were stopped: 0.0046750 seconds, Stopping threads took: 0.0000171 seconds
108.549: [GC (Allocation Failure)  461988K->149094K(1034240K), 0.0040196 secs]
108.553: Total time for which application threads were stopped: 0.0041766 seconds, Stopping threads took: 0.0000192 seconds
108.619: [GC (Allocation Failure)  469606K->149094K(1028096K), 0.0038425 secs]
108.622: Total time for which application threads were stopped: 0.0039963 seconds, Stopping threads took: 0.0000197 seconds
108.691: [GC (Allocation Failure)  469606K->149222K(1033728K), 0.0042075 secs]
108.695: Total time for which application threads were stopped: 0.0043443 seconds, Stopping threads took: 0.0000171 seconds
108.762: [GC (Allocation Failure)  468710K->157160K(1033728K), 0.0039952 secs]
108.766: Total time for which application threads were stopped: 0.0041569 seconds, Stopping threads took: 0.0000169 seconds
108.834: [GC (Allocation Failure)  476648K->157128K(1033728K), 0.0039376 secs]
108.838: Total time for which application threads were stopped: 0.0040848 seconds, Stopping threads took: 0.0000174 seconds
108.904: [GC (Allocation Failure)  476616K->157192K(1033728K), 0.0039810 secs]
108.908: Total time for which application threads were stopped: 0.0041989 seconds, Stopping threads took: 0.0000245 seconds
108.977: [GC (Allocation Failure)  476680K->165162K(1033728K), 0.0040742 secs]
108.981: Total time for which application threads were stopped: 0.0042211 seconds, Stopping threads took: 0.0000165 seconds
109.047: [GC (Allocation Failure)  484650K->165162K(1033728K), 0.0039879 secs]
109.051: Total time for which application threads were stopped: 0.0041478 seconds, Stopping threads took: 0.0000195 seconds
109.116: [GC (Allocation Failure)  484650K->165410K(1033728K), 0.0044393 secs]
109.121: Total time for which application threads were stopped: 0.0046101 seconds, Stopping threads took: 0.0000203 seconds
109.189: [GC (Allocation Failure)  484898K->173189K(1027072K), 0.0038831 secs]
109.193: Total time for which application threads were stopped: 0.0040529 seconds, Stopping threads took: 0.0000199 seconds
109.261: [GC (Allocation Failure)  492677K->168866K(1034240K), 0.0027199 secs]
109.264: Total time for which application threads were stopped: 0.0029030 seconds, Stopping threads took: 0.0000263 seconds
109.331: [GC (Allocation Failure)  488354K->173381K(1033216K), 0.0043324 secs]
109.335: Total time for which application threads were stopped: 0.0044963 seconds, Stopping threads took: 0.0000211 seconds
109.402: [GC (Allocation Failure)  492869K->177317K(1034752K), 0.0042411 secs]
109.406: Total time for which application threads were stopped: 0.0044047 seconds, Stopping threads took: 0.0000196 seconds
109.473: [GC (Allocation Failure)  498853K->170082K(1034752K), 0.0011034 secs]
109.474: Total time for which application threads were stopped: 0.0012342 seconds, Stopping threads took: 0.0000195 seconds
109.542: [GC (Allocation Failure)  491618K->177453K(1034752K), 0.0040599 secs]
109.547: Total time for which application threads were stopped: 0.0042350 seconds, Stopping threads took: 0.0000187 seconds
109.613: [GC (Allocation Failure)  498989K->181493K(1029120K), 0.0055461 secs]
109.619: Total time for which application threads were stopped: 0.0057173 seconds, Stopping threads took: 0.0000196 seconds
109.684: [GC (Allocation Failure)  503029K->175474K(1034752K), 0.0018478 secs]
109.686: Total time for which application threads were stopped: 0.0019809 seconds, Stopping threads took: 0.0000188 seconds
109.755: [GC (Allocation Failure)  496498K->181517K(1034240K), 0.0039028 secs]
109.759: Total time for which application threads were stopped: 0.0040711 seconds, Stopping threads took: 0.0000189 seconds
109.827: [GC (Allocation Failure)  502541K->185613K(1034240K), 0.0067860 secs]
109.834: Total time for which application threads were stopped: 0.0069548 seconds, Stopping threads took: 0.0000195 seconds
109.902: [GC (Allocation Failure)  507149K->179818K(1034752K), 0.0018814 secs]
109.904: Total time for which application threads were stopped: 0.0020405 seconds, Stopping threads took: 0.0000194 seconds
109.970: [GC (Allocation Failure)  501354K->185677K(1035776K), 0.0040203 secs]
109.974: Total time for which application threads were stopped: 0.0041823 seconds, Stopping threads took: 0.0000197 seconds
110.040: [GC (Allocation Failure)  508749K->189749K(1035264K), 0.0055028 secs]
110.045: Total time for which application threads were stopped: 0.0056748 seconds, Stopping threads took: 0.0000197 seconds
110.110: [GC (Allocation Failure)  512821K->185810K(1035776K), 0.0029769 secs]
110.113: Total time for which application threads were stopped: 0.0031397 seconds, Stopping threads took: 0.0000195 seconds
110.181: [GC (Allocation Failure)  508882K->189917K(1035264K), 0.0045405 secs]
110.186: Total time for which application threads were stopped: 0.0047007 seconds, Stopping threads took: 0.0000198 seconds
110.254: [GC (Allocation Failure)  512989K->193885K(1035264K), 0.0039783 secs]
110.258: Total time for which application threads were stopped: 0.0041609 seconds, Stopping threads took: 0.0000205 seconds
110.328: [GC (Allocation Failure)  517469K->193885K(1035776K), 0.0039242 secs]
110.332: Total time for which application threads were stopped: 0.0041025 seconds, Stopping threads took: 0.0000169 seconds
110.400: [GC (Allocation Failure)  517469K->193957K(1034752K), 0.0043445 secs]
110.404: Total time for which application threads were stopped: 0.0045069 seconds, Stopping threads took: 0.0000196 seconds
110.472: [GC (Allocation Failure)  516517K->201959K(1035264K), 0.0041911 secs]
110.476: Total time for which application threads were stopped: 0.0043825 seconds, Stopping threads took: 0.0000208 seconds
110.544: [GC (Allocation Failure)  524519K->201959K(1034240K), 0.0042668 secs]
110.548: Total time for which application threads were stopped: 0.0044329 seconds, Stopping threads took: 0.0000196 seconds
110.614: [GC (Allocation Failure)  523495K->201983K(1034752K), 0.0040838 secs]
110.619: Total time for which application threads were stopped: 0.0042427 seconds, Stopping threads took: 0.0000195 seconds
110.687: [GC (Allocation Failure)  523519K->210017K(1034752K), 0.0043730 secs]
110.692: Total time for which application threads were stopped: 0.0045421 seconds, Stopping threads took: 0.0000196 seconds
110.760: [GC (Allocation Failure)  531553K->209953K(1029120K), 0.0040874 secs]
110.764: Total time for which application threads were stopped: 0.0042569 seconds, Stopping threads took: 0.0000196 seconds
110.832: [GC (Allocation Failure)  531489K->210217K(1034240K), 0.0044374 secs]
110.837: Total time for which application threads were stopped: 0.0046203 seconds, Stopping threads took: 0.0000228 seconds
110.905: [GC (Allocation Failure)  530729K->217995K(1034240K), 0.0039639 secs]
110.909: Total time for which application threads were stopped: 0.0041401 seconds, Stopping threads took: 0.0000215 seconds
110.977: [GC (Allocation Failure)  538507K->217995K(1034240K), 0.0042745 secs]
110.981: Total time for which application threads were stopped: 0.0044547 seconds, Stopping threads took: 0.0000199 seconds
111.048: [GC (Allocation Failure)  538507K->218419K(1034240K), 0.0044507 secs]
111.052: Total time for which application threads were stopped: 0.0046148 seconds, Stopping threads took: 0.0000206 seconds
111.120: [GC (Allocation Failure)  538931K->226038K(1033216K), 0.0043347 secs]
111.124: Total time for which application threads were stopped: 0.0045135 seconds, Stopping threads took: 0.0000201 seconds
111.194: [GC (Allocation Failure)  545526K->226038K(1033728K), 0.0043107 secs]
111.199: Total time for which application threads were stopped: 0.0044931 seconds, Stopping threads took: 0.0000221 seconds
111.265: [GC (Allocation Failure)  545526K->226206K(1033728K), 0.0043843 secs]
111.270: Total time for which application threads were stopped: 0.0045538 seconds, Stopping threads took: 0.0000193 seconds
111.339: [GC (Allocation Failure)  545694K->234080K(1033728K), 0.0041587 secs]
111.343: Total time for which application threads were stopped: 0.0043262 seconds, Stopping threads took: 0.0000197 seconds
111.410: [GC (Allocation Failure)  553568K->234080K(1033728K), 0.0041978 secs]
111.414: Total time for which application threads were stopped: 0.0043618 seconds, Stopping threads took: 0.0000195 seconds
111.480: [GC (Allocation Failure)  553568K->234152K(1033728K), 0.0042402 secs]
111.485: Total time for which application threads were stopped: 0.0043998 seconds, Stopping threads took: 0.0000200 seconds
111.552: [GC (Allocation Failure)  553640K->242154K(1032704K), 0.0042049 secs]
111.556: Total time for which application threads were stopped: 0.0043751 seconds, Stopping threads took: 0.0000193 seconds
111.622: [GC (Allocation Failure)  560618K->236552K(1033216K), 0.0022266 secs]
111.625: Total time for which application threads were stopped: 0.0023682 seconds, Stopping threads took: 0.0000194 seconds
111.691: [GC (Allocation Failure)  555016K->242386K(1034752K), 0.0042031 secs]
111.696: Total time for which application threads were stopped: 0.0043709 seconds, Stopping threads took: 0.0000195 seconds
111.764: [GC (Allocation Failure)  562898K->246298K(1033728K), 0.0041821 secs]
111.768: Total time for which application threads were stopped: 0.0043513 seconds, Stopping threads took: 0.0000287 seconds
111.835: [GC (Allocation Failure)  566810K->253160K(1029120K), 0.0073646 secs]
111.842: Total time for which application threads were stopped: 0.0075274 seconds, Stopping threads took: 0.0000195 seconds
111.909: [GC (Allocation Failure)  568552K->247082K(1031680K), 0.0040801 secs]
111.913: Total time for which application threads were stopped: 0.0042608 seconds, Stopping threads took: 0.0000335 seconds
111.978: [GC (Allocation Failure)  562474K->246890K(1032704K), 0.0044320 secs]
111.982: Total time for which application threads were stopped: 0.0046212 seconds, Stopping threads took: 0.0000194 seconds
112.048: [GC (Allocation Failure)  563818K->250274K(1032192K), 0.0051283 secs]
112.053: Total time for which application threads were stopped: 0.0052923 seconds, Stopping threads took: 0.0000270 seconds
112.120: [GC (Allocation Failure)  567202K->255045K(1033216K), 0.0042667 secs]
112.124: Total time for which application threads were stopped: 0.0044464 seconds, Stopping threads took: 0.0000190 seconds
112.192: [GC (Allocation Failure)  572997K->254917K(1032704K), 0.0043019 secs]
112.196: Total time for which application threads were stopped: 0.0044645 seconds, Stopping threads took: 0.0000198 seconds
112.263: [GC (Allocation Failure)  572869K->255941K(1033216K), 0.0044635 secs]
112.268: Total time for which application threads were stopped: 0.0046326 seconds, Stopping threads took: 0.0000258 seconds
112.337: [GC (Allocation Failure)  574405K->262951K(1033216K), 0.0042458 secs]
112.341: Total time for which application threads were stopped: 0.0044178 seconds, Stopping threads took: 0.0000204 seconds
112.410: [GC (Allocation Failure)  581415K->262951K(1033728K), 0.0042404 secs]
112.415: Total time for which application threads were stopped: 0.0044114 seconds, Stopping threads took: 0.0000210 seconds
112.481: [GC (Allocation Failure)  581927K->264647K(1033216K), 0.0044961 secs]
112.485: Total time for which application threads were stopped: 0.0046802 seconds, Stopping threads took: 0.0000210 seconds
112.552: [GC (Allocation Failure)  583623K->271049K(1033728K), 0.0041762 secs]
112.557: Total time for which application threads were stopped: 0.0043466 seconds, Stopping threads took: 0.0000198 seconds
112.625: [GC (Allocation Failure)  590537K->270985K(1033728K), 0.0043087 secs]
112.629: Total time for which application threads were stopped: 0.0044731 seconds, Stopping threads took: 0.0000205 seconds
112.695: [GC (Allocation Failure)  590473K->271305K(1033728K), 0.0046678 secs]
112.700: Total time for which application threads were stopped: 0.0048388 seconds, Stopping threads took: 0.0000195 seconds
112.767: [GC (Allocation Failure)  590793K->279019K(1033728K), 0.0042618 secs]
112.772: Total time for which application threads were stopped: 0.0044408 seconds, Stopping threads took: 0.0000296 seconds
112.839: [GC (Allocation Failure)  598507K->279051K(1033728K), 0.0042254 secs]
112.844: Total time for which application threads were stopped: 0.0043861 seconds, Stopping threads took: 0.0000193 seconds
112.910: [GC (Allocation Failure)  598539K->282635K(1033728K), 0.0063159 secs]
112.916: Total time for which application threads were stopped: 0.0064812 seconds, Stopping threads took: 0.0000190 seconds
112.985: [GC (Allocation Failure)  602123K->287150K(1034240K), 0.0044247 secs]
112.989: Total time for which application threads were stopped: 0.0045951 seconds, Stopping threads took: 0.0000209 seconds
113.056: [GC (Allocation Failure)  607662K->287054K(1034240K), 0.0041713 secs]
113.061: Total time for which application threads were stopped: 0.0043455 seconds, Stopping threads took: 0.0000201 seconds
113.127: [GC (Allocation Failure)  607566K->287790K(1034240K), 0.0050210 secs]
113.132: Total time for which application threads were stopped: 0.0052213 seconds, Stopping threads took: 0.0000273 seconds
113.202: [GC (Allocation Failure)  608302K->295120K(1034240K), 0.0039832 secs]
113.206: Total time for which application threads were stopped: 0.0041383 seconds, Stopping threads took: 0.0000176 seconds
113.273: [GC (Allocation Failure)  615632K->295120K(1034240K), 0.0040923 secs]
113.277: Total time for which application threads were stopped: 0.0042703 seconds, Stopping threads took: 0.0000197 seconds
113.344: [GC (Allocation Failure)  615632K->296016K(1034240K), 0.0043800 secs]
113.348: Total time for which application threads were stopped: 0.0045793 seconds, Stopping threads took: 0.0000498 seconds
113.416: [GC (Allocation Failure)  616528K->303122K(1034240K), 0.0044426 secs]
113.421: Total time for which application threads were stopped: 0.0046021 seconds, Stopping threads took: 0.0000198 seconds
113.488: [GC (Allocation Failure)  623634K->303154K(1034240K), 0.0043392 secs]
113.492: Total time for which application threads were stopped: 0.0045249 seconds, Stopping threads took: 0.0000217 seconds
113.561: [GC (Allocation Failure)  623666K->304266K(1034240K), 0.0045995 secs]
113.566: Total time for which application threads were stopped: 0.0047577 seconds, Stopping threads took: 0.0000198 seconds
113.634: [GC (Allocation Failure)  624778K->311212K(1034240K), 0.0043965 secs]
113.639: Total time for which application threads were stopped: 0.0045783 seconds, Stopping threads took: 0.0000191 seconds
113.706: [GC (Allocation Failure)  631724K->311148K(1034240K), 0.0043987 secs]
113.711: Total time for which application threads were stopped: 0.0045628 seconds, Stopping threads took: 0.0000273 seconds
113.778: [GC (Allocation Failure)  631660K->311500K(1020416K), 0.0045937 secs]
113.783: Total time for which application threads were stopped: 0.0047733 seconds, Stopping threads took: 0.0000230 seconds
113.851: [GC (Allocation Failure)  632012K->319247K(1033728K), 0.0044980 secs]
113.855: Total time for which application threads were stopped: 0.0046700 seconds, Stopping threads took: 0.0000207 seconds
113.924: [GC (Allocation Failure)  638735K->319215K(1033728K), 0.0044987 secs]
113.928: Total time for which application threads were stopped: 0.0046750 seconds, Stopping threads took: 0.0000190 seconds
113.995: [GC (Allocation Failure)  638703K->319719K(1033728K), 0.0043596 secs]
113.999: Total time for which application threads were stopped: 0.0045206 seconds, Stopping threads took: 0.0000198 seconds
114.068: [GC (Allocation Failure)  639207K->327305K(1033728K), 0.0045091 secs]
114.072: Total time for which application threads were stopped: 0.0046788 seconds, Stopping threads took: 0.0000202 seconds
114.139: [GC (Allocation Failure)  646793K->327177K(1033728K), 0.0065956 secs]
114.146: Total time for which application threads were stopped: 0.0067826 seconds, Stopping threads took: 0.0000276 seconds
114.214: [GC (Allocation Failure)  646665K->327945K(1033728K), 0.0042659 secs]
114.218: Total time for which application threads were stopped: 0.0044204 seconds, Stopping threads took: 0.0000252 seconds
114.286: [GC (Allocation Failure)  647433K->335243K(1033728K), 0.0044390 secs]
114.291: Total time for which application threads were stopped: 0.0046157 seconds, Stopping threads took: 0.0000192 seconds
114.358: [GC (Allocation Failure)  654731K->335243K(1033728K), 0.0045002 secs]
114.363: Total time for which application threads were stopped: 0.0046705 seconds, Stopping threads took: 0.0000202 seconds
114.430: [GC (Allocation Failure)  654731K->337259K(1033728K), 0.0047858 secs]
114.435: Total time for which application threads were stopped: 0.0049527 seconds, Stopping threads took: 0.0000194 seconds
114.503: [GC (Allocation Failure)  656747K->343309K(1033728K), 0.0042320 secs]
114.507: Total time for which application threads were stopped: 0.0044000 seconds, Stopping threads took: 0.0000192 seconds
114.574: [GC (Allocation Failure)  662797K->343277K(1033728K), 0.0043678 secs]
114.579: Total time for which application threads were stopped: 0.0045667 seconds, Stopping threads took: 0.0000212 seconds
114.646: [GC (Allocation Failure)  662765K->344469K(1033728K), 0.0047965 secs]
114.651: Total time for which application threads were stopped: 0.0049534 seconds, Stopping threads took: 0.0000169 seconds
114.719: [GC (Allocation Failure)  663957K->351352K(1033728K), 0.0043895 secs]
114.724: Total time for which application threads were stopped: 0.0045579 seconds, Stopping threads took: 0.0000261 seconds
114.791: [GC (Allocation Failure)  670840K->351320K(1033728K), 0.0043211 secs]
114.795: Total time for which application threads were stopped: 0.0044962 seconds, Stopping threads took: 0.0000200 seconds
114.863: [GC (Allocation Failure)  670808K->351640K(1033728K), 0.0045266 secs]
114.867: Total time for which application threads were stopped: 0.0047052 seconds, Stopping threads took: 0.0000192 seconds
114.936: [GC (Allocation Failure)  671128K->359386K(1033728K), 0.0044711 secs]
114.941: Total time for which application threads were stopped: 0.0046620 seconds, Stopping threads took: 0.0000190 seconds
115.010: [GC (Allocation Failure)  678874K->359354K(1033728K), 0.0043991 secs]
115.015: Total time for which application threads were stopped: 0.0045832 seconds, Stopping threads took: 0.0000201 seconds
115.082: [GC (Allocation Failure)  678842K->359866K(1033728K), 0.0047348 secs]
115.087: Total time for which application threads were stopped: 0.0049281 seconds, Stopping threads took: 0.0000189 seconds
115.156: [GC (Allocation Failure)  679354K->367420K(1033728K), 0.0043135 secs]
115.161: Total time for which application threads were stopped: 0.0044687 seconds, Stopping threads took: 0.0000161 seconds
115.228: [GC (Allocation Failure)  686908K->367388K(1033728K), 0.0044489 secs]
115.232: Total time for which application threads were stopped: 0.0046247 seconds, Stopping threads took: 0.0000259 seconds
115.298: [GC (Allocation Failure)  686876K->368116K(1033728K), 0.0052883 secs]
115.303: Total time for which application threads were stopped: 0.0054487 seconds, Stopping threads took: 0.0000196 seconds
115.371: [GC (Allocation Failure)  687604K->375447K(1033728K), 0.0049823 secs]
115.376: Total time for which application threads were stopped: 0.0051419 seconds, Stopping threads took: 0.0000195 seconds
115.442: [GC (Allocation Failure)  694935K->375415K(1033728K), 0.0046244 secs]
115.447: Total time for which application threads were stopped: 0.0047832 seconds, Stopping threads took: 0.0000197 seconds
115.513: [GC (Allocation Failure)  694903K->376343K(1033728K), 0.0049360 secs]
115.518: Total time for which application threads were stopped: 0.0051281 seconds, Stopping threads took: 0.0000192 seconds
115.587: [GC (Allocation Failure)  695831K->383449K(1033728K), 0.0043533 secs]
115.592: Total time for which application threads were stopped: 0.0045142 seconds, Stopping threads took: 0.0000199 seconds
115.659: [GC (Allocation Failure)  702937K->383449K(1033728K), 0.0045295 secs]
115.663: Total time for which application threads were stopped: 0.0047237 seconds, Stopping threads took: 0.0000217 seconds
115.730: [GC (Allocation Failure)  702937K->383545K(1033728K), 0.0044164 secs]
115.735: Total time for which application threads were stopped: 0.0045716 seconds, Stopping threads took: 0.0000201 seconds
115.804: [GC (Allocation Failure)  703033K->391483K(1027072K), 0.0043072 secs]
115.808: Total time for which application threads were stopped: 0.0045102 seconds, Stopping threads took: 0.0000281 seconds
115.877: [GC (Allocation Failure)  710971K->391451K(1033216K), 0.0047365 secs]
115.881: Total time for which application threads were stopped: 0.0048962 seconds, Stopping threads took: 0.0000192 seconds
115.948: [GC (Allocation Failure)  709915K->391803K(1033216K), 0.0046134 secs]
115.952: Total time for which application threads were stopped: 0.0047684 seconds, Stopping threads took: 0.0000191 seconds
116.019: [GC (Allocation Failure)  710267K->399485K(1033216K), 0.0043496 secs]
116.024: Total time for which application threads were stopped: 0.0045091 seconds, Stopping threads took: 0.0000202 seconds
116.089: [GC (Allocation Failure)  717949K->399549K(1033216K), 0.0046092 secs]
116.094: Total time for which application threads were stopped: 0.0047639 seconds, Stopping threads took: 0.0000198 seconds
116.161: [GC (Allocation Failure)  718013K->400029K(1033216K), 0.0046401 secs]
116.165: Total time for which application threads were stopped: 0.0047996 seconds, Stopping threads took: 0.0000174 seconds
116.232: [GC (Allocation Failure)  718493K->407584K(1033216K), 0.0045324 secs]
116.237: Total time for which application threads were stopped: 0.0047003 seconds, Stopping threads took: 0.0000271 seconds
116.305: [GC (Allocation Failure)  726048K->407552K(1033216K), 0.0045354 secs]
116.310: Total time for which application threads were stopped: 0.0047058 seconds, Stopping threads took: 0.0000207 seconds
116.374: [GC (Allocation Failure)  726016K->407752K(1033216K), 0.0047160 secs]
116.379: Total time for which application threads were stopped: 0.0048882 seconds, Stopping threads took: 0.0000199 seconds
116.446: [GC (Allocation Failure)  726216K->415594K(1033216K), 0.0046630 secs]
116.451: Total time for which application threads were stopped: 0.0048277 seconds, Stopping threads took: 0.0000201 seconds
116.517: [GC (Allocation Failure)  734058K->415594K(1033216K), 0.0046588 secs]
116.521: Total time for which application threads were stopped: 0.0048534 seconds, Stopping threads took: 0.0000200 seconds
116.590: [GC (Allocation Failure)  734058K->415754K(1033216K), 0.0046601 secs]
116.594: Total time for which application threads were stopped: 0.0048532 seconds, Stopping threads took: 0.0000198 seconds
116.662: [GC (Allocation Failure)  734218K->423628K(1033216K), 0.0047719 secs]
116.667: Total time for which application threads were stopped: 0.0049537 seconds, Stopping threads took: 0.0000194 seconds
116.734: [GC (Allocation Failure)  742092K->423628K(1033216K), 0.0047452 secs]
116.739: Total time for which application threads were stopped: 0.0049169 seconds, Stopping threads took: 0.0000261 seconds
116.804: [GC (Allocation Failure)  742092K->423692K(1033216K), 0.0045476 secs]
116.808: Total time for which application threads were stopped: 0.0047205 seconds, Stopping threads took: 0.0000189 seconds
116.878: [GC (Allocation Failure)  742156K->431694K(1033216K), 0.0047679 secs]
116.883: Total time for which application threads were stopped: 0.0049503 seconds, Stopping threads took: 0.0000201 seconds
116.949: [GC (Allocation Failure)  750158K->431630K(1033216K), 0.0045545 secs]
116.953: Total time for which application threads were stopped: 0.0047158 seconds, Stopping threads took: 0.0000204 seconds
117.018: [GC (Allocation Failure)  750094K->431974K(1033216K), 0.0046917 secs]
117.023: Total time for which application threads were stopped: 0.0048598 seconds, Stopping threads took: 0.0000278 seconds
117.088: [GC (Allocation Failure)  750438K->439689K(1033216K), 0.0045542 secs]
117.093: Total time for which application threads were stopped: 0.0047246 seconds, Stopping threads took: 0.0000287 seconds
117.161: [GC (Allocation Failure)  758153K->439657K(1033216K), 0.0043433 secs]
117.166: Total time for which application threads were stopped: 0.0045253 seconds, Stopping threads took: 0.0000168 seconds
117.233: [GC (Allocation Failure)  758121K->439945K(1033216K), 0.0045065 secs]
117.237: Total time for which application threads were stopped: 0.0046801 seconds, Stopping threads took: 0.0000280 seconds
117.304: [GC (Allocation Failure)  758409K->447723K(1033216K), 0.0046209 secs]
117.309: Total time for which application threads were stopped: 0.0048111 seconds, Stopping threads took: 0.0000199 seconds
117.375: [GC (Allocation Failure)  766187K->443849K(1033216K), 0.0036344 secs]
117.379: Total time for which application threads were stopped: 0.0037948 seconds, Stopping threads took: 0.0000198 seconds
117.446: [GC (Allocation Failure)  762313K->447883K(1034752K), 0.0047746 secs]
117.451: Total time for which application threads were stopped: 0.0049537 seconds, Stopping threads took: 0.0000218 seconds
117.519: [GC (Allocation Failure)  768395K->451851K(1033728K), 0.0045107 secs]
117.524: Total time for which application threads were stopped: 0.0046712 seconds, Stopping threads took: 0.0000196 seconds
117.591: [GC (Allocation Failure)  772363K->444009K(1034240K), 0.0014139 secs]
117.592: Total time for which application threads were stopped: 0.0015411 seconds, Stopping threads took: 0.0000202 seconds
117.659: [GC (Allocation Failure)  764521K->451923K(1034240K), 0.0047437 secs]
117.664: Total time for which application threads were stopped: 0.0049252 seconds, Stopping threads took: 0.0000227 seconds
117.731: [GC (Allocation Failure)  772435K->456003K(1033216K), 0.0060311 secs]
117.737: Total time for which application threads were stopped: 0.0062070 seconds, Stopping threads took: 0.0000269 seconds
117.804: [GC (Allocation Failure)  775491K->461729K(1032704K), 0.0070960 secs]
117.811: Total time for which application threads were stopped: 0.0072707 seconds, Stopping threads took: 0.0000201 seconds
117.877: [GC (Allocation Failure)  781217K->456259K(1031680K), 0.0045350 secs]
117.882: Total time for which application threads were stopped: 0.0047142 seconds, Stopping threads took: 0.0000198 seconds
117.949: [GC (Allocation Failure)  772675K->456003K(1032192K), 0.0046286 secs]
117.953: Total time for which application threads were stopped: 0.0047893 seconds, Stopping threads took: 0.0000191 seconds
118.017: [GC (Allocation Failure)  772419K->450657K(1032704K), 0.0064996 secs]
118.024: Total time for which application threads were stopped: 0.0066809 seconds, Stopping threads took: 0.0000288 seconds
118.090: [GC (Allocation Failure)  768097K->456195K(1032704K), 0.0045025 secs]
118.094: Total time for which application threads were stopped: 0.0046833 seconds, Stopping threads took: 0.0000227 seconds
118.162: [GC (Allocation Failure)  773635K->456003K(1033216K), 0.0047400 secs]
118.167: Total time for which application threads were stopped: 0.0048892 seconds, Stopping threads took: 0.0000167 seconds
118.232: [GC (Allocation Failure)  773955K->456323K(1032704K), 0.0047004 secs]
118.237: Total time for which application threads were stopped: 0.0048602 seconds, Stopping threads took: 0.0000195 seconds
118.303: [GC (Allocation Failure)  774275K->464037K(1033216K), 0.0044339 secs]
118.308: Total time for which application threads were stopped: 0.0046353 seconds, Stopping threads took: 0.0000197 seconds
118.376: [GC (Allocation Failure)  782501K->464037K(1033216K), 0.0046679 secs]
118.381: Total time for which application threads were stopped: 0.0048620 seconds, Stopping threads took: 0.0000209 seconds
118.448: [GC (Allocation Failure)  782501K->468165K(1033728K), 0.0057281 secs]
118.454: Total time for which application threads were stopped: 0.0059086 seconds, Stopping threads took: 0.0000287 seconds
118.521: [GC (Allocation Failure)  787141K->472135K(1033216K), 0.0044801 secs]
118.526: Total time for which application threads were stopped: 0.0046448 seconds, Stopping threads took: 0.0000201 seconds
118.594: [GC (Allocation Failure)  791111K->472071K(1034240K), 0.0046950 secs]
118.599: Total time for which application threads were stopped: 0.0048563 seconds, Stopping threads took: 0.0000205 seconds
118.666: [GC (Allocation Failure)  792583K->475367K(1034240K), 0.0054267 secs]
118.671: Total time for which application threads were stopped: 0.0055973 seconds, Stopping threads took: 0.0000281 seconds
118.740: [GC (Allocation Failure)  795879K->480106K(1034240K), 0.0044168 secs]
118.744: Total time for which application threads were stopped: 0.0045913 seconds, Stopping threads took: 0.0000421 seconds
118.812: [GC (Allocation Failure)  800618K->480106K(1034240K), 0.0046509 secs]
118.817: Total time for which application threads were stopped: 0.0048021 seconds, Stopping threads took: 0.0000196 seconds
118.884: [GC (Allocation Failure)  800618K->481570K(1033728K), 0.0049656 secs]
118.890: Total time for which application threads were stopped: 0.0051595 seconds, Stopping threads took: 0.0000200 seconds
118.959: [GC (Allocation Failure)  802082K->488132K(1034240K), 0.0044469 secs]
118.963: Total time for which application threads were stopped: 0.0046218 seconds, Stopping threads took: 0.0000192 seconds
119.032: [GC (Allocation Failure)  808644K->488164K(1034752K), 0.0046442 secs]
119.037: Total time for which application threads were stopped: 0.0048240 seconds, Stopping threads took: 0.0000172 seconds
119.105: [GC (Allocation Failure)  809188K->488260K(1034240K), 0.0046926 secs]
119.110: Total time for which application threads were stopped: 0.0048842 seconds, Stopping threads took: 0.0000257 seconds
119.180: [GC (Allocation Failure)  809284K->496198K(1034240K), 0.0047060 secs]
119.185: Total time for which application threads were stopped: 0.0048671 seconds, Stopping threads took: 0.0000195 seconds
119.252: [GC (Allocation Failure)  816710K->496166K(1034240K), 0.0046173 secs]
119.257: Total time for which application threads were stopped: 0.0047775 seconds, Stopping threads took: 0.0000257 seconds
119.324: [GC (Allocation Failure)  816678K->499046K(1034240K), 0.0052217 secs]
119.329: Total time for which application threads were stopped: 0.0054032 seconds, Stopping threads took: 0.0000253 seconds
119.398: [GC (Allocation Failure)  819558K->504329K(1034240K), 0.0047379 secs]
119.403: Total time for which application threads were stopped: 0.0049076 seconds, Stopping threads took: 0.0000200 seconds
119.471: [GC (Allocation Failure)  824841K->504233K(1034240K), 0.0048109 secs]
119.476: Total time for which application threads were stopped: 0.0049823 seconds, Stopping threads took: 0.0000199 seconds
119.543: [GC (Allocation Failure)  824745K->505225K(1034240K), 0.0049409 secs]
119.548: Total time for which application threads were stopped: 0.0051107 seconds, Stopping threads took: 0.0000193 seconds
119.616: [GC (Allocation Failure)  825737K->512331K(1034240K), 0.0047245 secs]
119.621: Total time for which application threads were stopped: 0.0049095 seconds, Stopping threads took: 0.0000387 seconds
119.689: [GC (Allocation Failure)  832843K->512267K(1034240K), 0.0054223 secs]
119.694: Total time for which application threads were stopped: 0.0056106 seconds, Stopping threads took: 0.0000286 seconds
119.762: [GC (Allocation Failure)  832779K->515555K(1034752K), 0.0054609 secs]
119.767: Total time for which application threads were stopped: 0.0056283 seconds, Stopping threads took: 0.0000214 seconds
119.835: [GC (Allocation Failure)  836579K->520261K(1034240K), 0.0047729 secs]
119.840: Total time for which application threads were stopped: 0.0049521 seconds, Stopping threads took: 0.0000212 seconds
119.908: [GC (Allocation Failure)  841285K->520261K(1034752K), 0.0047026 secs]
119.913: Total time for which application threads were stopped: 0.0048963 seconds, Stopping threads took: 0.0000192 seconds
119.981: [GC (Allocation Failure)  841797K->523781K(1034752K), 0.0055805 secs]
119.987: Total time for which application threads were stopped: 0.0057365 seconds, Stopping threads took: 0.0000168 seconds
120.055: [GC (Allocation Failure)  845317K->528295K(1034752K), 0.0047350 secs]
120.060: Total time for which application threads were stopped: 0.0049076 seconds, Stopping threads took: 0.0000202 seconds
120.129: [GC (Allocation Failure)  849831K->528295K(1034752K), 0.0053609 secs]
120.134: Total time for which application threads were stopped: 0.0055128 seconds, Stopping threads took: 0.0000176 seconds
120.201: [GC (Allocation Failure)  849831K->528903K(1034752K), 0.0046808 secs]
120.206: Total time for which application threads were stopped: 0.0048444 seconds, Stopping threads took: 0.0000197 seconds
120.275: [GC (Allocation Failure)  850439K->536362K(1034752K), 0.0047324 secs]
120.280: Total time for which application threads were stopped: 0.0048992 seconds, Stopping threads took: 0.0000279 seconds
120.347: [GC (Allocation Failure)  857898K->536330K(1034752K), 0.0047652 secs]
120.352: Total time for which application threads were stopped: 0.0049547 seconds, Stopping threads took: 0.0000195 seconds
120.418: [GC (Allocation Failure)  857866K->538186K(1034752K), 0.0049640 secs]
120.423: Total time for which application threads were stopped: 0.0051597 seconds, Stopping threads took: 0.0000191 seconds
120.490: [GC (Allocation Failure)  859722K->544460K(1034752K), 0.0047671 secs]
120.495: Total time for which application threads were stopped: 0.0049127 seconds, Stopping threads took: 0.0000174 seconds
120.563: [GC (Allocation Failure)  865996K->544364K(1034752K), 0.0048218 secs]
120.568: Total time for which application threads were stopped: 0.0049798 seconds, Stopping threads took: 0.0000171 seconds
120.633: [GC (Allocation Failure)  865900K->547436K(1034752K), 0.0056307 secs]
120.639: Total time for which application threads were stopped: 0.0058286 seconds, Stopping threads took: 0.0000205 seconds
120.706: [GC (Allocation Failure)  868972K->552462K(1034752K), 0.0049994 secs]
120.711: Total time for which application threads were stopped: 0.0051493 seconds, Stopping threads took: 0.0000169 seconds
120.777: [GC (Allocation Failure)  873998K->552398K(1034752K), 0.0049182 secs]
120.782: Total time for which application threads were stopped: 0.0050682 seconds, Stopping threads took: 0.0000169 seconds
120.848: [GC (Allocation Failure)  873934K->552582K(1021440K), 0.0050475 secs]
120.853: Total time for which application threads were stopped: 0.0052256 seconds, Stopping threads took: 0.0000276 seconds
120.922: [GC (Allocation Failure)  874118K->560424K(1034240K), 0.0048897 secs]
120.927: Total time for which application threads were stopped: 0.0050681 seconds, Stopping threads took: 0.0000209 seconds
120.994: [GC (Allocation Failure)  880936K->560424K(1034240K), 0.0045700 secs]
120.999: Total time for which application threads were stopped: 0.0047647 seconds, Stopping threads took: 0.0000203 seconds
121.065: [GC (Allocation Failure)  880936K->563848K(1034752K), 0.0056307 secs]
121.071: Total time for which application threads were stopped: 0.0057887 seconds, Stopping threads took: 0.0000190 seconds
121.138: [GC (Allocation Failure)  884872K->568619K(1034240K), 0.0050345 secs]
121.144: Total time for which application threads were stopped: 0.0052106 seconds, Stopping threads took: 0.0000279 seconds
121.211: [GC (Allocation Failure)  889643K->568491K(1034752K), 0.0046613 secs]
121.216: Total time for which application threads were stopped: 0.0048099 seconds, Stopping threads took: 0.0000169 seconds
121.282: [GC (Allocation Failure)  890027K->572067K(1034752K), 0.0056338 secs]
121.288: Total time for which application threads were stopped: 0.0058475 seconds, Stopping threads took: 0.0000197 seconds
121.358: [GC (Allocation Failure)  893603K->576549K(1034752K), 0.0048599 secs]
121.363: Total time for which application threads were stopped: 0.0050097 seconds, Stopping threads took: 0.0000171 seconds
121.430: [GC (Allocation Failure)  898085K->576485K(1034752K), 0.0046894 secs]
121.434: Total time for which application threads were stopped: 0.0048554 seconds, Stopping threads took: 0.0000191 seconds
121.502: [GC (Allocation Failure)  898021K->577181K(1034752K), 0.0049784 secs]
121.507: Total time for which application threads were stopped: 0.0051557 seconds, Stopping threads took: 0.0000195 seconds
121.577: [GC (Allocation Failure)  898717K->584543K(1034752K), 0.0046392 secs]
121.582: Total time for which application threads were stopped: 0.0048005 seconds, Stopping threads took: 0.0000202 seconds
121.650: [GC (Allocation Failure)  906079K->584511K(1034752K), 0.0048671 secs]
121.655: Total time for which application threads were stopped: 0.0050246 seconds, Stopping threads took: 0.0000192 seconds
121.721: [GC (Allocation Failure)  906047K->586439K(1034752K), 0.0048966 secs]
121.726: Total time for which application threads were stopped: 0.0050544 seconds, Stopping threads took: 0.0000260 seconds
121.793: [GC (Allocation Failure)  907975K->592617K(1034752K), 0.0048958 secs]
121.798: Total time for which application threads were stopped: 0.0050575 seconds, Stopping threads took: 0.0000197 seconds
121.866: [GC (Allocation Failure)  914153K->592585K(1034752K), 0.0045639 secs]
121.871: Total time for which application threads were stopped: 0.0047309 seconds, Stopping threads took: 0.0000196 seconds
121.938: [GC (Allocation Failure)  914121K->595721K(1034752K), 0.0055932 secs]
121.943: Total time for which application threads were stopped: 0.0057528 seconds, Stopping threads took: 0.0000191 seconds
122.010: [GC (Allocation Failure)  917257K->600748K(1034752K), 0.0048654 secs]
122.015: Total time for which application threads were stopped: 0.0050294 seconds, Stopping threads took: 0.0000206 seconds
122.083: [GC (Allocation Failure)  922284K->600588K(1034752K), 0.0047840 secs]
122.088: Total time for which application threads were stopped: 0.0049433 seconds, Stopping threads took: 0.0000199 seconds
122.155: [GC (Allocation Failure)  922124K->600876K(1021440K), 0.0051492 secs]
122.160: Total time for which application threads were stopped: 0.0053040 seconds, Stopping threads took: 0.0000194 seconds
122.227: [GC (Allocation Failure)  922412K->608718K(1034240K), 0.0048104 secs]
122.232: Total time for which application threads were stopped: 0.0049727 seconds, Stopping threads took: 0.0000249 seconds
122.299: [GC (Allocation Failure)  929230K->608654K(1034240K), 0.0049206 secs]
122.304: Total time for which application threads were stopped: 0.0051294 seconds, Stopping threads took: 0.0000208 seconds
122.371: [GC (Allocation Failure)  929166K->612174K(1034752K), 0.0070271 secs]
122.378: Total time for which application threads were stopped: 0.0071998 seconds, Stopping threads took: 0.0000207 seconds
122.448: [GC (Allocation Failure)  933198K->616688K(1034240K), 0.0050157 secs]
122.454: Total time for which application threads were stopped: 0.0051869 seconds, Stopping threads took: 0.0000197 seconds
122.521: [GC (Allocation Failure)  937712K->616656K(1034752K), 0.0050050 secs]
122.526: Total time for which application threads were stopped: 0.0051736 seconds, Stopping threads took: 0.0000196 seconds
122.593: [GC (Allocation Failure)  938192K->620456K(1034752K), 0.0056265 secs]
122.598: Total time for which application threads were stopped: 0.0058194 seconds, Stopping threads took: 0.0000195 seconds
122.668: [GC (Allocation Failure)  941992K->624683K(1035264K), 0.0050644 secs]
122.673: Total time for which application threads were stopped: 0.0052223 seconds, Stopping threads took: 0.0000171 seconds
122.741: [GC (Allocation Failure)  947243K->624683K(1035264K), 0.0048177 secs]
122.746: Total time for which application threads were stopped: 0.0049955 seconds, Stopping threads took: 0.0000266 seconds
122.813: [GC (Allocation Failure)  947243K->627587K(1035264K), 0.0056859 secs]
122.819: Total time for which application threads were stopped: 0.0058706 seconds, Stopping threads took: 0.0000204 seconds
122.887: [GC (Allocation Failure)  950147K->632773K(1035264K), 0.0047904 secs]
122.892: Total time for which application threads were stopped: 0.0049651 seconds, Stopping threads took: 0.0000207 seconds
122.960: [GC (Allocation Failure)  955333K->632709K(1035264K), 0.0049862 secs]
122.965: Total time for which application threads were stopped: 0.0051614 seconds, Stopping threads took: 0.0000220 seconds
123.032: [GC (Allocation Failure)  955269K->635877K(1035264K), 0.0057740 secs]
123.038: Total time for which application threads were stopped: 0.0059727 seconds, Stopping threads took: 0.0000445 seconds
123.107: [GC (Allocation Failure)  958437K->640871K(1035264K), 0.0049022 secs]
123.112: Total time for which application threads were stopped: 0.0050731 seconds, Stopping threads took: 0.0000204 seconds
123.181: [GC (Allocation Failure)  963431K->640743K(1035264K), 0.0049286 secs]
123.186: Total time for which application threads were stopped: 0.0051035 seconds, Stopping threads took: 0.0000211 seconds
123.253: [GC (Allocation Failure)  963303K->644103K(1035264K), 0.0057232 secs]
123.259: Total time for which application threads were stopped: 0.0058971 seconds, Stopping threads took: 0.0000273 seconds
123.327: [GC (Allocation Failure)  966663K->648809K(1035264K), 0.0050853 secs]
123.332: Total time for which application threads were stopped: 0.0052711 seconds, Stopping threads took: 0.0000205 seconds
123.399: [GC (Allocation Failure)  971369K->648809K(1035264K), 0.0051091 secs]
123.405: Total time for which application threads were stopped: 0.0052806 seconds, Stopping threads took: 0.0000205 seconds
123.472: [GC (Allocation Failure)  971369K->652361K(1035264K), 0.0058471 secs]
123.478: Total time for which application threads were stopped: 0.0060860 seconds, Stopping threads took: 0.0000595 seconds
123.545: [GC (Allocation Failure)  974921K->656812K(1034752K), 0.0049327 secs]
123.550: Total time for which application threads were stopped: 0.0050994 seconds, Stopping threads took: 0.0000212 seconds
123.618: [GC (Allocation Failure)  979372K->656780K(1035264K), 0.0049691 secs]
123.623: Total time for which application threads were stopped: 0.0051478 seconds, Stopping threads took: 0.0000208 seconds
123.691: [GC (Allocation Failure)  979340K->660580K(1035776K), 0.0061033 secs]
123.697: Total time for which application threads were stopped: 0.0062694 seconds, Stopping threads took: 0.0000190 seconds
123.764: [GC (Allocation Failure)  984164K->665030K(1035776K), 0.0050559 secs]
123.769: Total time for which application threads were stopped: 0.0052461 seconds, Stopping threads took: 0.0000277 seconds
123.836: [GC (Allocation Failure)  988614K->664870K(1035776K), 0.0051567 secs]
123.842: Total time for which application threads were stopped: 0.0053314 seconds, Stopping threads took: 0.0000276 seconds
123.909: [GC (Allocation Failure)  988454K->663812K(1035776K), 0.0046425 secs]
123.914: Total time for which application threads were stopped: 0.0048008 seconds, Stopping threads took: 0.0000186 seconds
123.982: [GC (Allocation Failure)  987396K->665030K(1036288K), 0.0047192 secs]
123.986: Total time for which application threads were stopped: 0.0048863 seconds, Stopping threads took: 0.0000193 seconds
124.055: [GC (Allocation Failure)  989638K->664838K(1036288K), 0.0070832 secs]
124.062: Total time for which application threads were stopped: 0.0072385 seconds, Stopping threads took: 0.0000191 seconds
124.129: [GC (Allocation Failure)  989446K->656804K(1035264K), 0.0044571 secs]
124.134: Total time for which application threads were stopped: 0.0046254 seconds, Stopping threads took: 0.0000270 seconds
124.204: [GC (Allocation Failure)  980388K->665006K(1031680K), 0.0050300 secs]
124.209: Total time for which application threads were stopped: 0.0051999 seconds, Stopping threads took: 0.0000204 seconds
124.278: [GC (Allocation Failure)  988590K->669022K(1035264K), 0.0066182 secs]
124.285: Total time for which application threads were stopped: 0.0067809 seconds, Stopping threads took: 0.0000200 seconds
124.352: [GC (Allocation Failure)  991582K->665084K(1035264K), 0.0038931 secs]
124.356: Total time for which application threads were stopped: 0.0040944 seconds, Stopping threads took: 0.0000473 seconds
124.423: [GC (Allocation Failure)  987644K->669110K(1035776K), 0.0058761 secs]
124.429: Total time for which application threads were stopped: 0.0060599 seconds, Stopping threads took: 0.0000219 seconds
124.497: [GC (Allocation Failure)  992694K->673142K(1035776K), 0.0051243 secs]
124.503: Total time for which application threads were stopped: 0.0053156 seconds, Stopping threads took: 0.0000198 seconds
124.571: [GC (Allocation Failure)  996726K->673142K(1035776K), 0.0051071 secs]
124.577: Total time for which application threads were stopped: 0.0052666 seconds, Stopping threads took: 0.0000195 seconds
124.642: [GC (Allocation Failure)  996726K->673182K(1023488K), 0.0052697 secs]
124.647: Total time for which application threads were stopped: 0.0054364 seconds, Stopping threads took: 0.0000195 seconds
124.715: [GC (Allocation Failure)  996766K->681184K(1035264K), 0.0049560 secs]
124.720: Total time for which application threads were stopped: 0.0051116 seconds, Stopping threads took: 0.0000262 seconds
124.788: [GC (Allocation Failure)  1003744K->681152K(1035264K), 0.0050512 secs]
124.793: Total time for which application threads were stopped: 0.0052099 seconds, Stopping threads took: 0.0000199 seconds
124.859: [GC (Allocation Failure)  1003712K->681224K(1034240K), 0.0050611 secs]
124.864: Total time for which application threads were stopped: 0.0052275 seconds, Stopping threads took: 0.0000196 seconds
124.931: [GC (Allocation Failure)  1002760K->689226K(1034752K), 0.0049990 secs]
124.937: Total time for which application threads were stopped: 0.0051900 seconds, Stopping threads took: 0.0000191 seconds
125.005: [GC (Allocation Failure)  1010762K->689194K(1034752K), 0.0049246 secs]
125.010: Total time for which application threads were stopped: 0.0051049 seconds, Stopping threads took: 0.0000169 seconds
125.078: [GC (Allocation Failure)  1010730K->689418K(1021440K), 0.0052031 secs]
125.083: [Full GC (Ergonomics)  689418K->8708K(1021440K), 0.0127700 secs]
125.096: Total time for which application threads were stopped: 0.0182305 seconds, Stopping threads took: 0.0000172 seconds
125.167: [GC (Allocation Failure)  330244K->17606K(1034240K), 0.0037593 secs]
125.170: Total time for which application threads were stopped: 0.0039273 seconds, Stopping threads took: 0.0000199 seconds
125.240: [GC (Allocation Failure)  338118K->17622K(1034240K), 0.0044415 secs]
125.244: Total time for which application threads were stopped: 0.0046081 seconds, Stopping threads took: 0.0000270 seconds
125.310: [GC (Allocation Failure)  338134K->18070K(1033216K), 0.0039703 secs]
125.314: Total time for which application threads were stopped: 0.0041402 seconds, Stopping threads took: 0.0000202 seconds
125.381: [GC (Allocation Failure)  337558K->25656K(1033728K), 0.0037175 secs]
125.385: Total time for which application threads were stopped: 0.0038965 seconds, Stopping threads took: 0.0000208 seconds
125.455: [GC (Allocation Failure)  345144K->25656K(1033728K), 0.0038096 secs]
125.459: Total time for which application threads were stopped: 0.0039933 seconds, Stopping threads took: 0.0000200 seconds
125.525: [GC (Allocation Failure)  345144K->25784K(1033728K), 0.0039641 secs]
125.529: Total time for which application threads were stopped: 0.0041331 seconds, Stopping threads took: 0.0000205 seconds
125.596: [GC (Allocation Failure)  345272K->33690K(1033728K), 0.0036932 secs]
125.599: Total time for which application threads were stopped: 0.0038625 seconds, Stopping threads took: 0.0000196 seconds
125.666: [GC (Allocation Failure)  353178K->33690K(1033728K), 0.0035179 secs]
125.670: Total time for which application threads were stopped: 0.0036987 seconds, Stopping threads took: 0.0000212 seconds
125.737: [GC (Allocation Failure)  353178K->33762K(1033728K), 0.0039001 secs]
125.741: Total time for which application threads were stopped: 0.0040574 seconds, Stopping threads took: 0.0000186 seconds
125.807: [GC (Allocation Failure)  353250K->41733K(1033728K), 0.0038640 secs]
125.811: Total time for which application threads were stopped: 0.0040552 seconds, Stopping threads took: 0.0000197 seconds
125.878: [GC (Allocation Failure)  361220K->37826K(1034240K), 0.0026593 secs]
125.880: Total time for which application threads were stopped: 0.0028019 seconds, Stopping threads took: 0.0000174 seconds
125.948: [GC (Allocation Failure)  357826K->41893K(1033728K), 0.0039596 secs]
125.952: Total time for which application threads were stopped: 0.0041285 seconds, Stopping threads took: 0.0000198 seconds
126.019: [GC (Allocation Failure)  361893K->45861K(1034752K), 0.0038941 secs]
126.023: Total time for which application threads were stopped: 0.0040904 seconds, Stopping threads took: 0.0000199 seconds
126.092: [GC (Allocation Failure)  367397K->40098K(1034752K), 0.0031026 secs]
126.095: Total time for which application threads were stopped: 0.0032456 seconds, Stopping threads took: 0.0000259 seconds
126.165: [GC (Allocation Failure)  361634K->45933K(1035264K), 0.0038585 secs]
126.169: Total time for which application threads were stopped: 0.0040183 seconds, Stopping threads took: 0.0000194 seconds
126.237: [GC (Allocation Failure)  367981K->50037K(1034752K), 0.0040802 secs]
126.241: Total time for which application threads were stopped: 0.0042475 seconds, Stopping threads took: 0.0000269 seconds
126.309: [GC (Allocation Failure)  371823K->46066K(1035776K), 0.0026070 secs]
126.311: Total time for which application threads were stopped: 0.0027682 seconds, Stopping threads took: 0.0000282 seconds
126.379: [GC (Allocation Failure)  369138K->50173K(1035264K), 0.0042550 secs]
126.383: Total time for which application threads were stopped: 0.0044483 seconds, Stopping threads took: 0.0000201 seconds
126.450: [GC (Allocation Failure)  373245K->54141K(1035264K), 0.0045173 secs]
126.454: Total time for which application threads were stopped: 0.0046838 seconds, Stopping threads took: 0.0000197 seconds
126.523: [GC (Allocation Failure)  377725K->54141K(1035776K), 0.0039039 secs]
126.527: Total time for which application threads were stopped: 0.0040698 seconds, Stopping threads took: 0.0000208 seconds
126.594: [GC (Allocation Failure)  377725K->54205K(1034752K), 0.0038995 secs]
126.598: Total time for which application threads were stopped: 0.0040925 seconds, Stopping threads took: 0.0000195 seconds
126.667: [GC (Allocation Failure)  376765K->62175K(1035264K), 0.0039796 secs]
126.671: Total time for which application threads were stopped: 0.0041295 seconds, Stopping threads took: 0.0000174 seconds
126.737: [GC (Allocation Failure)  384735K->62175K(1034240K), 0.0038869 secs]
126.741: Total time for which application threads were stopped: 0.0040719 seconds, Stopping threads took: 0.0000285 seconds
126.808: [GC (Allocation Failure)  383711K->62207K(1034752K), 0.0039797 secs]
126.812: Total time for which application threads were stopped: 0.0041495 seconds, Stopping threads took: 0.0000205 seconds
126.878: [GC (Allocation Failure)  383743K->70209K(1033728K), 0.0039048 secs]
126.882: Total time for which application threads were stopped: 0.0040693 seconds, Stopping threads took: 0.0000198 seconds
126.950: [GC (Allocation Failure)  390721K->70209K(1034240K), 0.0040322 secs]
126.954: Total time for which application threads were stopped: 0.0042092 seconds, Stopping threads took: 0.0000197 seconds
127.021: [GC (Allocation Failure)  390721K->70473K(1034240K), 0.0039937 secs]
127.026: Total time for which application threads were stopped: 0.0041570 seconds, Stopping threads took: 0.0000203 seconds
127.091: [GC (Allocation Failure)  390985K->78283K(1034240K), 0.0038276 secs]
127.095: Total time for which application threads were stopped: 0.0039838 seconds, Stopping threads took: 0.0000192 seconds
127.161: [GC (Allocation Failure)  398795K->78219K(1034240K), 0.0040127 secs]
127.165: Total time for which application threads were stopped: 0.0041805 seconds, Stopping threads took: 0.0000192 seconds
127.232: [GC (Allocation Failure)  398731K->78659K(1020416K), 0.0040201 secs]
127.236: Total time for which application threads were stopped: 0.0041843 seconds, Stopping threads took: 0.0000256 seconds
127.303: [GC (Allocation Failure)  399171K->86310K(1033728K), 0.0040412 secs]
127.307: Total time for which application threads were stopped: 0.0042001 seconds, Stopping threads took: 0.0000194 seconds
127.374: [GC (Allocation Failure)  405798K->86278K(1033728K), 0.0037849 secs]
127.378: Total time for which application threads were stopped: 0.0039441 seconds, Stopping threads took: 0.0000192 seconds
127.444: [GC (Allocation Failure)  405766K->86398K(1033728K), 0.0041383 secs]
127.449: Total time for which application threads were stopped: 0.0043036 seconds, Stopping threads took: 0.0000197 seconds
127.516: [GC (Allocation Failure)  405886K->94304K(1033728K), 0.0037495 secs]
127.520: Total time for which application threads were stopped: 0.0039449 seconds, Stopping threads took: 0.0000201 seconds
127.587: [GC (Allocation Failure)  413790K->90398K(1034240K), 0.0026141 secs]
127.589: Total time for which application threads were stopped: 0.0027769 seconds, Stopping threads took: 0.0000209 seconds
127.658: [GC (Allocation Failure)  410398K->94472K(1033728K), 0.0042420 secs]
127.662: Total time for which application threads were stopped: 0.0043929 seconds, Stopping threads took: 0.0000169 seconds
127.728: [GC (Allocation Failure)  414472K->98440K(1034752K), 0.0039691 secs]
127.732: Total time for which application threads were stopped: 0.0041586 seconds, Stopping threads took: 0.0000281 seconds
127.799: [GC (Allocation Failure)  419976K->92678K(1034752K), 0.0018572 secs]
127.801: Total time for which application threads were stopped: 0.0019902 seconds, Stopping threads took: 0.0000195 seconds
127.869: [GC (Allocation Failure)  414214K->98504K(1035776K), 0.0039958 secs]
127.873: Total time for which application threads were stopped: 0.0041625 seconds, Stopping threads took: 0.0000193 seconds
127.940: [GC (Allocation Failure)  421064K->102576K(1034752K), 0.0053876 secs]
127.946: Total time for which application threads were stopped: 0.0055786 seconds, Stopping threads took: 0.0000199 seconds
128.014: [GC (Allocation Failure)  424874K->98670K(1035776K), 0.0026109 secs]
128.017: Total time for which application threads were stopped: 0.0027549 seconds, Stopping threads took: 0.0000172 seconds
128.086: [GC (Allocation Failure)  421742K->102744K(1035264K), 0.0040720 secs]
128.090: Total time for which application threads were stopped: 0.0042542 seconds, Stopping threads took: 0.0000200 seconds
128.161: [GC (Allocation Failure)  425816K->106712K(1035264K), 0.0039178 secs]
128.165: Total time for which application threads were stopped: 0.0040698 seconds, Stopping threads took: 0.0000181 seconds
128.234: [GC (Allocation Failure)  430296K->106712K(1035776K), 0.0036695 secs]
128.238: Total time for which application threads were stopped: 0.0038357 seconds, Stopping threads took: 0.0000265 seconds
128.303: [GC (Allocation Failure)  430296K->106768K(1034752K), 0.0041192 secs]
128.308: Total time for which application threads were stopped: 0.0042806 seconds, Stopping threads took: 0.0000201 seconds
128.376: [GC (Allocation Failure)  429328K->114770K(1035264K), 0.0039919 secs]
128.380: Total time for which application threads were stopped: 0.0041818 seconds, Stopping threads took: 0.0000301 seconds
128.447: [GC (Allocation Failure)  437330K->114738K(1034240K), 0.0038244 secs]
128.451: Total time for which application threads were stopped: 0.0040175 seconds, Stopping threads took: 0.0000196 seconds
128.519: [GC (Allocation Failure)  436274K->114794K(1034752K), 0.0042393 secs]
128.523: Total time for which application threads were stopped: 0.0044064 seconds, Stopping threads took: 0.0000200 seconds
128.589: [GC (Allocation Failure)  436330K->122764K(1034752K), 0.0040094 secs]
128.593: Total time for which application threads were stopped: 0.0042024 seconds, Stopping threads took: 0.0000195 seconds
128.661: [GC (Allocation Failure)  444300K->122732K(1029120K), 0.0039647 secs]
128.665: Total time for which application threads were stopped: 0.0041200 seconds, Stopping threads took: 0.0000172 seconds
128.731: [GC (Allocation Failure)  444268K->123012K(1034240K), 0.0041288 secs]
128.735: Total time for which application threads were stopped: 0.0043180 seconds, Stopping threads took: 0.0000283 seconds
128.804: [GC (Allocation Failure)  443524K->130791K(1034240K), 0.0039671 secs]
128.808: Total time for which application threads were stopped: 0.0041263 seconds, Stopping threads took: 0.0000177 seconds
128.876: [GC (Allocation Failure)  451303K->130823K(1034240K), 0.0039391 secs]
128.880: Total time for which application threads were stopped: 0.0041139 seconds, Stopping threads took: 0.0000197 seconds
128.948: [GC (Allocation Failure)  451335K->131239K(1020416K), 0.0042350 secs]
128.952: Total time for which application threads were stopped: 0.0044199 seconds, Stopping threads took: 0.0000201 seconds
129.020: [GC (Allocation Failure)  451751K->138825K(1033728K), 0.0040781 secs]
129.024: Total time for which application threads were stopped: 0.0042434 seconds, Stopping threads took: 0.0000199 seconds
129.091: [GC (Allocation Failure)  458313K->138825K(1033728K), 0.0038982 secs]
129.095: Total time for which application threads were stopped: 0.0040774 seconds, Stopping threads took: 0.0000201 seconds
129.162: [GC (Allocation Failure)  458313K->138953K(1033728K), 0.0039612 secs]
129.166: Total time for which application threads were stopped: 0.0041302 seconds, Stopping threads took: 0.0000194 seconds
129.234: [GC (Allocation Failure)  458441K->146891K(1033728K), 0.0039577 secs]
129.238: Total time for which application threads were stopped: 0.0041357 seconds, Stopping threads took: 0.0000272 seconds
129.306: [GC (Allocation Failure)  466379K->146891K(1033728K), 0.0039877 secs]
129.310: Total time for which application threads were stopped: 0.0041670 seconds, Stopping threads took: 0.0000202 seconds
129.378: [GC (Allocation Failure)  466379K->146915K(1033728K), 0.0043038 secs]
129.382: Total time for which application threads were stopped: 0.0044764 seconds, Stopping threads took: 0.0000199 seconds
129.451: [GC (Allocation Failure)  466403K->154918K(1032704K), 0.0042692 secs]
129.455: Total time for which application threads were stopped: 0.0044497 seconds, Stopping threads took: 0.0000205 seconds
129.523: [GC (Allocation Failure)  473382K->149315K(1033216K), 0.0018008 secs]
129.525: Total time for which application threads were stopped: 0.0019481 seconds, Stopping threads took: 0.0000205 seconds
129.592: [GC (Allocation Failure)  467779K->155142K(1034240K), 0.0040571 secs]
129.597: Total time for which application threads were stopped: 0.0042355 seconds, Stopping threads took: 0.0000201 seconds
129.666: [GC (Allocation Failure)  475142K->159062K(1033728K), 0.0044377 secs]
129.670: Total time for which application threads were stopped: 0.0045932 seconds, Stopping threads took: 0.0000169 seconds
129.736: [GC (Allocation Failure)  479062K->164979K(1030144K), 0.0083246 secs]
129.744: Total time for which application threads were stopped: 0.0085000 seconds, Stopping threads took: 0.0000257 seconds
129.812: [GC (Allocation Failure)  481395K->159222K(1032192K), 0.0040826 secs]
129.816: Total time for which application threads were stopped: 0.0042906 seconds, Stopping threads took: 0.0000290 seconds
129.883: [GC (Allocation Failure)  475638K->158998K(1032704K), 0.0041892 secs]
129.888: Total time for which application threads were stopped: 0.0043570 seconds, Stopping threads took: 0.0000277 seconds
129.953: [GC (Allocation Failure)  475926K->151315K(1032192K), 0.0010034 secs]
129.954: Total time for which application threads were stopped: 0.0011270 seconds, Stopping threads took: 0.0000192 seconds
130.024: [GC (Allocation Failure)  468243K->159158K(1032704K), 0.0040809 secs]
130.028: Total time for which application threads were stopped: 0.0042375 seconds, Stopping threads took: 0.0000187 seconds
130.097: [GC (Allocation Failure)  476598K->159062K(1032704K), 0.0042268 secs]
130.102: Total time for which application threads were stopped: 0.0043882 seconds, Stopping threads took: 0.0000198 seconds
130.170: [GC (Allocation Failure)  476502K->160062K(1032192K), 0.0043802 secs]
130.174: Total time for which application threads were stopped: 0.0045459 seconds, Stopping threads took: 0.0000209 seconds
130.241: [GC (Allocation Failure)  477502K->167136K(1032704K), 0.0040458 secs]
130.246: Total time for which application threads were stopped: 0.0042185 seconds, Stopping threads took: 0.0000277 seconds
130.315: [GC (Allocation Failure)  484576K->167072K(1033216K), 0.0042019 secs]
130.319: Total time for which application threads were stopped: 0.0043612 seconds, Stopping threads took: 0.0000178 seconds
130.384: [GC (Allocation Failure)  485536K->170376K(1033216K), 0.0046715 secs]
130.389: Total time for which application threads were stopped: 0.0048436 seconds, Stopping threads took: 0.0000204 seconds
130.456: [GC (Allocation Failure)  488840K->175114K(1033728K), 0.0040923 secs]
130.461: Total time for which application threads were stopped: 0.0042687 seconds, Stopping threads took: 0.0000210 seconds
130.528: [GC (Allocation Failure)  494602K->175114K(1033728K), 0.0040041 secs]
130.532: Total time for which application threads were stopped: 0.0041774 seconds, Stopping threads took: 0.0000207 seconds
130.599: [GC (Allocation Failure)  494602K->176554K(1033728K), 0.0044459 secs]
130.604: Total time for which application threads were stopped: 0.0046136 seconds, Stopping threads took: 0.0000217 seconds
130.672: [GC (Allocation Failure)  496042K->183148K(1033728K), 0.0041724 secs]
130.676: Total time for which application threads were stopped: 0.0043632 seconds, Stopping threads took: 0.0000204 seconds
130.746: [GC (Allocation Failure)  502636K->183148K(1034240K), 0.0064269 secs]
130.753: Total time for which application threads were stopped: 0.0065763 seconds, Stopping threads took: 0.0000255 seconds
130.821: [GC (Allocation Failure)  503148K->184300K(1033728K), 0.0042845 secs]
130.826: Total time for which application threads were stopped: 0.0044677 seconds, Stopping threads took: 0.0000167 seconds
130.892: [GC (Allocation Failure)  504300K->191183K(1033728K), 0.0041450 secs]
130.896: Total time for which application threads were stopped: 0.0043110 seconds, Stopping threads took: 0.0000216 seconds
130.965: [GC (Allocation Failure)  510671K->191183K(1033728K), 0.0040127 secs]
130.969: Total time for which application threads were stopped: 0.0041834 seconds, Stopping threads took: 0.0000193 seconds
131.035: [GC (Allocation Failure)  510671K->192039K(1033216K), 0.0043964 secs]
131.039: Total time for which application threads were stopped: 0.0045776 seconds, Stopping threads took: 0.0000202 seconds
131.108: [GC (Allocation Failure)  511527K->199209K(1033728K), 0.0042221 secs]
131.112: Total time for which application threads were stopped: 0.0043943 seconds, Stopping threads took: 0.0000205 seconds
131.179: [GC (Allocation Failure)  518697K->199209K(1034240K), 0.0042539 secs]
131.183: Total time for which application threads were stopped: 0.0044125 seconds, Stopping threads took: 0.0000183 seconds
131.250: [GC (Allocation Failure)  519209K->199721K(1033728K), 0.0041346 secs]
131.254: Total time for which application threads were stopped: 0.0042928 seconds, Stopping threads took: 0.0000269 seconds
131.322: [GC (Allocation Failure)  519721K->207243K(1033728K), 0.0042193 secs]
131.326: Total time for which application threads were stopped: 0.0043822 seconds, Stopping threads took: 0.0000263 seconds
131.396: [GC (Allocation Failure)  526731K->207243K(1033728K), 0.0039115 secs]
131.400: Total time for which application threads were stopped: 0.0040734 seconds, Stopping threads took: 0.0000206 seconds
131.465: [GC (Allocation Failure)  526731K->207435K(1033728K), 0.0045115 secs]
131.470: Total time for which application threads were stopped: 0.0046673 seconds, Stopping threads took: 0.0000191 seconds
131.540: [GC (Allocation Failure)  526923K->215309K(1033728K), 0.0040038 secs]
131.544: Total time for which application threads were stopped: 0.0041808 seconds, Stopping threads took: 0.0000159 seconds
131.610: [GC (Allocation Failure)  534797K->215277K(1033728K), 0.0041055 secs]
131.614: Total time for which application threads were stopped: 0.0042740 seconds, Stopping threads took: 0.0000193 seconds
131.681: [GC (Allocation Failure)  534765K->215685K(1033728K), 0.0042823 secs]
131.685: Total time for which application threads were stopped: 0.0044512 seconds, Stopping threads took: 0.0000200 seconds
131.753: [GC (Allocation Failure)  535173K->223304K(1033728K), 0.0042427 secs]
131.758: Total time for which application threads were stopped: 0.0044057 seconds, Stopping threads took: 0.0000250 seconds
131.824: [GC (Allocation Failure)  542792K->223336K(1033728K), 0.0042089 secs]
131.828: Total time for which application threads were stopped: 0.0043769 seconds, Stopping threads took: 0.0000257 seconds
131.893: [GC (Allocation Failure)  542824K->223912K(1033728K), 0.0041560 secs]
131.897: Total time for which application threads were stopped: 0.0043195 seconds, Stopping threads took: 0.0000203 seconds
131.965: [GC (Allocation Failure)  543400K->231370K(1033728K), 0.0042096 secs]
131.969: Total time for which application threads were stopped: 0.0043720 seconds, Stopping threads took: 0.0000197 seconds
132.035: [GC (Allocation Failure)  550858K->231306K(1033728K), 0.0042494 secs]
132.040: Total time for which application threads were stopped: 0.0044135 seconds, Stopping threads took: 0.0000203 seconds
132.105: [GC (Allocation Failure)  550794K->233162K(1033728K), 0.0046373 secs]
132.109: Total time for which application threads were stopped: 0.0048064 seconds, Stopping threads took: 0.0000215 seconds
132.178: [GC (Allocation Failure)  552650K->239404K(1033728K), 0.0042336 secs]
132.183: Total time for which application threads were stopped: 0.0043935 seconds, Stopping threads took: 0.0000196 seconds
132.249: [GC (Allocation Failure)  558892K->239372K(1033728K), 0.0039841 secs]
132.253: Total time for which application threads were stopped: 0.0041448 seconds, Stopping threads took: 0.0000197 seconds
132.319: [GC (Allocation Failure)  558860K->240364K(1033728K), 0.0045214 secs]
132.323: Total time for which application threads were stopped: 0.0046851 seconds, Stopping threads took: 0.0000199 seconds
132.391: [GC (Allocation Failure)  559852K->247438K(1033728K), 0.0048971 secs]
132.396: Total time for which application threads were stopped: 0.0050930 seconds, Stopping threads took: 0.0000202 seconds
132.462: [GC (Allocation Failure)  566926K->247374K(1033728K), 0.0053861 secs]
132.468: Total time for which application threads were stopped: 0.0055820 seconds, Stopping threads took: 0.0000205 seconds
132.533: [GC (Allocation Failure)  566862K->247558K(1033728K), 0.0049521 secs]
132.538: Total time for which application threads were stopped: 0.0051119 seconds, Stopping threads took: 0.0000192 seconds
132.606: [GC (Allocation Failure)  567046K->255433K(1033728K), 0.0041056 secs]
132.610: Total time for which application threads were stopped: 0.0042833 seconds, Stopping threads took: 0.0000199 seconds
132.676: [GC (Allocation Failure)  574921K->255433K(1033728K), 0.0043363 secs]
132.681: Total time for which application threads were stopped: 0.0045100 seconds, Stopping threads took: 0.0000199 seconds
132.746: [GC (Allocation Failure)  574921K->255817K(1033728K), 0.0104908 secs]
132.756: Total time for which application threads were stopped: 0.0106519 seconds, Stopping threads took: 0.0000196 seconds
132.826: [GC (Allocation Failure)  575305K->263467K(1027072K), 0.0041562 secs]
132.830: Total time for which application threads were stopped: 0.0043180 seconds, Stopping threads took: 0.0000201 seconds
132.898: [GC (Allocation Failure)  582955K->263499K(1033728K), 0.0041253 secs]
132.902: Total time for which application threads were stopped: 0.0042923 seconds, Stopping threads took: 0.0000194 seconds
132.968: [GC (Allocation Failure)  582475K->263531K(1033216K), 0.0044975 secs]
132.973: Total time for which application threads were stopped: 0.0046576 seconds, Stopping threads took: 0.0000201 seconds
133.040: [GC (Allocation Failure)  582507K->271501K(1033216K), 0.0041622 secs]
133.044: Total time for which application threads were stopped: 0.0043391 seconds, Stopping threads took: 0.0000200 seconds
133.109: [GC (Allocation Failure)  589965K->271501K(1033216K), 0.0044667 secs]
133.114: Total time for which application threads were stopped: 0.0046401 seconds, Stopping threads took: 0.0000197 seconds
133.179: [GC (Allocation Failure)  589965K->272261K(1033216K), 0.0045510 secs]
133.184: Total time for which application threads were stopped: 0.0047219 seconds, Stopping threads took: 0.0000196 seconds
133.251: [GC (Allocation Failure)  590725K->279527K(1033216K), 0.0042436 secs]
133.255: Total time for which application threads were stopped: 0.0044293 seconds, Stopping threads took: 0.0000277 seconds
133.321: [GC (Allocation Failure)  597991K->279527K(1033216K), 0.0045359 secs]
133.325: Total time for which application threads were stopped: 0.0047032 seconds, Stopping threads took: 0.0000195 seconds
133.392: [GC (Allocation Failure)  597991K->280487K(1033216K), 0.0045137 secs]
133.396: Total time for which application threads were stopped: 0.0046807 seconds, Stopping threads took: 0.0000200 seconds
133.461: [GC (Allocation Failure)  598951K->287562K(1033216K), 0.0043681 secs]
133.466: Total time for which application threads were stopped: 0.0045583 seconds, Stopping threads took: 0.0000196 seconds
133.532: [GC (Allocation Failure)  606026K->287562K(1033216K), 0.0042899 secs]
133.536: Total time for which application threads were stopped: 0.0044600 seconds, Stopping threads took: 0.0000201 seconds
133.601: [GC (Allocation Failure)  606026K->287722K(1033216K), 0.0044987 secs]
133.605: Total time for which application threads were stopped: 0.0046834 seconds, Stopping threads took: 0.0000205 seconds
133.675: [GC (Allocation Failure)  606186K->295596K(1033216K), 0.0043891 secs]
133.680: Total time for which application threads were stopped: 0.0045657 seconds, Stopping threads took: 0.0000174 seconds
133.748: [GC (Allocation Failure)  614060K->295596K(1033216K), 0.0042982 secs]
133.752: Total time for which application threads were stopped: 0.0044754 seconds, Stopping threads took: 0.0000272 seconds
133.817: [GC (Allocation Failure)  614060K->295972K(1033216K), 0.0045664 secs]
133.822: Total time for which application threads were stopped: 0.0047443 seconds, Stopping threads took: 0.0000222 seconds
133.889: [GC (Allocation Failure)  614436K->303654K(1033216K), 0.0044477 secs]
133.894: Total time for which application threads were stopped: 0.0046199 seconds, Stopping threads took: 0.0000202 seconds
133.962: [GC (Allocation Failure)  622118K->303654K(1033216K), 0.0041826 secs]
133.967: Total time for which application threads were stopped: 0.0043529 seconds, Stopping threads took: 0.0000206 seconds
134.031: [GC (Allocation Failure)  622118K->304166K(1033216K), 0.0045564 secs]
134.036: Total time for which application threads were stopped: 0.0047277 seconds, Stopping threads took: 0.0000206 seconds
134.102: [GC (Allocation Failure)  622630K->311689K(1033216K), 0.0043383 secs]
134.107: Total time for which application threads were stopped: 0.0045144 seconds, Stopping threads took: 0.0000201 seconds
134.176: [GC (Allocation Failure)  630153K->311657K(1033216K), 0.0045243 secs]
134.181: Total time for which application threads were stopped: 0.0047024 seconds, Stopping threads took: 0.0000199 seconds
134.249: [GC (Allocation Failure)  630121K->311913K(1033216K), 0.0044050 secs]
134.254: Total time for which application threads were stopped: 0.0045662 seconds, Stopping threads took: 0.0000203 seconds
134.319: [GC (Allocation Failure)  630377K->319723K(1033216K), 0.0043234 secs]
134.323: Total time for which application threads were stopped: 0.0044834 seconds, Stopping threads took: 0.0000193 seconds
134.388: [GC (Allocation Failure)  638187K->319691K(1033216K), 0.0042447 secs]
134.393: Total time for which application threads were stopped: 0.0044042 seconds, Stopping threads took: 0.0000191 seconds
134.457: [GC (Allocation Failure)  638155K->319875K(1033216K), 0.0047099 secs]
134.462: Total time for which application threads were stopped: 0.0048776 seconds, Stopping threads took: 0.0000197 seconds
134.529: [GC (Allocation Failure)  638339K->327717K(1033216K), 0.0042402 secs]
134.533: Total time for which application threads were stopped: 0.0044103 seconds, Stopping threads took: 0.0000198 seconds
134.597: [GC (Allocation Failure)  646181K->323299K(1033728K), 0.0029613 secs]
134.600: Total time for which application threads were stopped: 0.0031174 seconds, Stopping threads took: 0.0000199 seconds
134.669: [GC (Allocation Failure)  642275K->327869K(1033216K), 0.0046206 secs]
134.674: Total time for which application threads were stopped: 0.0047872 seconds, Stopping threads took: 0.0000198 seconds
134.741: [GC (Allocation Failure)  646845K->331861K(1033728K), 0.0039941 secs]
134.745: Total time for which application threads were stopped: 0.0041499 seconds, Stopping threads took: 0.0000197 seconds
134.815: [GC (Allocation Failure)  652373K->338875K(1034240K), 0.0075685 secs]
134.822: Total time for which application threads were stopped: 0.0077624 seconds, Stopping threads took: 0.0000195 seconds
134.891: [GC (Allocation Failure)  659387K->332637K(1030144K), 0.0042393 secs]
134.895: Total time for which application threads were stopped: 0.0044009 seconds, Stopping threads took: 0.0000201 seconds
134.961: [GC (Allocation Failure)  649053K->332605K(1032192K), 0.0043787 secs]
134.965: Total time for which application threads were stopped: 0.0045397 seconds, Stopping threads took: 0.0000202 seconds
135.031: [GC (Allocation Failure)  649021K->329627K(1033216K), 0.0032095 secs]
135.034: Total time for which application threads were stopped: 0.0033723 seconds, Stopping threads took: 0.0000259 seconds
135.100: [GC (Allocation Failure)  647579K->332861K(1032704K), 0.0044590 secs]
135.104: Total time for which application threads were stopped: 0.0046269 seconds, Stopping threads took: 0.0000196 seconds
135.172: [GC (Allocation Failure)  650813K->332605K(1033728K), 0.0043950 secs]
135.176: Total time for which application threads were stopped: 0.0045686 seconds, Stopping threads took: 0.0000197 seconds
135.242: [GC (Allocation Failure)  651581K->333277K(1033216K), 0.0046746 secs]
135.247: Total time for which application threads were stopped: 0.0048405 seconds, Stopping threads took: 0.0000263 seconds
135.314: [GC (Allocation Failure)  652253K->340671K(1033728K), 0.0045006 secs]
135.318: Total time for which application threads were stopped: 0.0046568 seconds, Stopping threads took: 0.0000200 seconds
135.386: [GC (Allocation Failure)  659647K->340671K(1033216K), 0.0044386 secs]
135.390: Total time for which application threads were stopped: 0.0046064 seconds, Stopping threads took: 0.0000199 seconds
135.456: [GC (Allocation Failure)  659647K->343015K(1033728K), 0.0048851 secs]
135.461: Total time for which application threads were stopped: 0.0050538 seconds, Stopping threads took: 0.0000193 seconds
135.528: [GC (Allocation Failure)  662503K->348810K(1033728K), 0.0044493 secs]
135.533: Total time for which application threads were stopped: 0.0046255 seconds, Stopping threads took: 0.0000201 seconds
135.601: [GC (Allocation Failure)  668298K->348682K(1034240K), 0.0043997 secs]
135.606: Total time for which application threads were stopped: 0.0045865 seconds, Stopping threads took: 0.0000186 seconds
135.672: [GC (Allocation Failure)  669194K->351274K(1034240K), 0.0050588 secs]
135.677: Total time for which application threads were stopped: 0.0052517 seconds, Stopping threads took: 0.0000268 seconds
135.747: [GC (Allocation Failure)  671786K->356780K(1034240K), 0.0043573 secs]
135.752: Total time for which application threads were stopped: 0.0045275 seconds, Stopping threads took: 0.0000267 seconds
135.820: [GC (Allocation Failure)  677292K->356716K(1034240K), 0.0044863 secs]
135.824: Total time for which application threads were stopped: 0.0046541 seconds, Stopping threads took: 0.0000196 seconds
135.893: [GC (Allocation Failure)  677228K->357452K(1034240K), 0.0046126 secs]
135.898: Total time for which application threads were stopped: 0.0047829 seconds, Stopping threads took: 0.0000198 seconds
135.965: [GC (Allocation Failure)  677964K->364782K(1034240K), 0.0043065 secs]
135.969: Total time for which application threads were stopped: 0.0044736 seconds, Stopping threads took: 0.0000195 seconds
136.037: [GC (Allocation Failure)  685294K->364782K(1034240K), 0.0043982 secs]
136.041: Total time for which application threads were stopped: 0.0045685 seconds, Stopping threads took: 0.0000197 seconds
136.108: [GC (Allocation Failure)  685294K->367718K(1034240K), 0.0051317 secs]
136.113: Total time for which application threads were stopped: 0.0053016 seconds, Stopping threads took: 0.0000194 seconds
136.183: [GC (Allocation Failure)  688230K->372808K(1034752K), 0.0041500 secs]
136.187: Total time for which application threads were stopped: 0.0043180 seconds, Stopping threads took: 0.0000197 seconds
136.255: [GC (Allocation Failure)  694344K->372776K(1034752K), 0.0044737 secs]
136.260: Total time for which application threads were stopped: 0.0046449 seconds, Stopping threads took: 0.0000261 seconds
136.325: [GC (Allocation Failure)  694312K->375976K(1034752K), 0.0053145 secs]
136.330: Total time for which application threads were stopped: 0.0054923 seconds, Stopping threads took: 0.0000213 seconds
136.398: [GC (Allocation Failure)  697512K->380843K(1034752K), 0.0046181 secs]
136.403: Total time for which application threads were stopped: 0.0047899 seconds, Stopping threads took: 0.0000207 seconds
136.470: [GC (Allocation Failure)  702379K->380843K(1034752K), 0.0045641 secs]
136.475: Total time for which application threads were stopped: 0.0047704 seconds, Stopping threads took: 0.0000201 seconds
136.541: [GC (Allocation Failure)  702379K->381131K(1034752K), 0.0048243 secs]
136.546: Total time for which application threads were stopped: 0.0049884 seconds, Stopping threads took: 0.0000201 seconds
136.615: [GC (Allocation Failure)  702667K->388973K(1033728K), 0.0046367 secs]
136.619: Total time for which application threads were stopped: 0.0048313 seconds, Stopping threads took: 0.0000203 seconds
136.688: [GC (Allocation Failure)  709485K->388877K(1034240K), 0.0047090 secs]
136.692: Total time for which application threads were stopped: 0.0048907 seconds, Stopping threads took: 0.0000176 seconds
136.761: [GC (Allocation Failure)  709389K->392461K(1034752K), 0.0052828 secs]
136.767: Total time for which application threads were stopped: 0.0054483 seconds, Stopping threads took: 0.0000193 seconds
136.835: [GC (Allocation Failure)  713485K->396943K(1034240K), 0.0044866 secs]
136.840: Total time for which application threads were stopped: 0.0046435 seconds, Stopping threads took: 0.0000169 seconds
136.907: [GC (Allocation Failure)  717967K->396911K(1034752K), 0.0045894 secs]
136.911: Total time for which application threads were stopped: 0.0047378 seconds, Stopping threads took: 0.0000172 seconds
136.978: [GC (Allocation Failure)  718447K->400679K(1034752K), 0.0056006 secs]
136.984: Total time for which application threads were stopped: 0.0057819 seconds, Stopping threads took: 0.0000198 seconds
137.054: [GC (Allocation Failure)  722215K->404905K(1035264K), 0.0045281 secs]
137.058: Total time for which application threads were stopped: 0.0047055 seconds, Stopping threads took: 0.0000221 seconds
137.127: [GC (Allocation Failure)  727465K->404905K(1035264K), 0.0059454 secs]
137.133: Total time for which application threads were stopped: 0.0061395 seconds, Stopping threads took: 0.0000204 seconds
137.200: [GC (Allocation Failure)  727465K->407881K(1035264K), 0.0050832 secs]
137.205: Total time for which application threads were stopped: 0.0052531 seconds, Stopping threads took: 0.0000206 seconds
137.275: [GC (Allocation Failure)  730441K->412940K(1035264K), 0.0046100 secs]
137.279: Total time for which application threads were stopped: 0.0047804 seconds, Stopping threads took: 0.0000281 seconds
137.348: [GC (Allocation Failure)  735500K->412940K(1035264K), 0.0047140 secs]
137.352: Total time for which application threads were stopped: 0.0048742 seconds, Stopping threads took: 0.0000203 seconds
137.419: [GC (Allocation Failure)  735500K->416108K(1035264K), 0.0054831 secs]
137.425: Total time for which application threads were stopped: 0.0056542 seconds, Stopping threads took: 0.0000201 seconds
137.493: [GC (Allocation Failure)  738668K->421006K(1035264K), 0.0046236 secs]
137.498: Total time for which application threads were stopped: 0.0048034 seconds, Stopping threads took: 0.0000205 seconds
137.566: [GC (Allocation Failure)  743566K->420974K(1035264K), 0.0044646 secs]
137.571: Total time for which application threads were stopped: 0.0046586 seconds, Stopping threads took: 0.0000215 seconds
137.639: [GC (Allocation Failure)  743534K->424398K(1035264K), 0.0054343 secs]
137.644: Total time for which application threads were stopped: 0.0055981 seconds, Stopping threads took: 0.0000205 seconds
137.713: [GC (Allocation Failure)  746958K->429072K(1035264K), 0.0063420 secs]
137.719: Total time for which application threads were stopped: 0.0065124 seconds, Stopping threads took: 0.0000286 seconds
137.789: [GC (Allocation Failure)  751632K->429040K(1035264K), 0.0045306 secs]
137.794: Total time for which application threads were stopped: 0.0046903 seconds, Stopping threads took: 0.0000267 seconds
137.862: [GC (Allocation Failure)  751600K->432584K(1035264K), 0.0054748 secs]
137.867: Total time for which application threads were stopped: 0.0056468 seconds, Stopping threads took: 0.0000262 seconds
137.935: [GC (Allocation Failure)  755144K->437099K(1035776K), 0.0043688 secs]
137.940: Total time for which application threads were stopped: 0.0045292 seconds, Stopping threads took: 0.0000205 seconds
138.008: [GC (Allocation Failure)  760683K->437035K(1035776K), 0.0046545 secs]
138.013: Total time for which application threads were stopped: 0.0048464 seconds, Stopping threads took: 0.0000189 seconds
138.080: [GC (Allocation Failure)  760619K->434856K(1036288K), 0.0037940 secs]
138.084: Total time for which application threads were stopped: 0.0039514 seconds, Stopping threads took: 0.0000170 seconds
138.154: [GC (Allocation Failure)  758952K->437291K(1035776K), 0.0046543 secs]
138.159: Total time for which application threads were stopped: 0.0048286 seconds, Stopping threads took: 0.0000278 seconds
138.227: [GC (Allocation Failure)  761387K->437035K(1036288K), 0.0045871 secs]
138.232: Total time for which application threads were stopped: 0.0047779 seconds, Stopping threads took: 0.0000197 seconds
138.301: [GC (Allocation Failure)  761131K->443704K(1035776K), 0.0079260 secs]
138.309: Total time for which application threads were stopped: 0.0080796 seconds, Stopping threads took: 0.0000196 seconds
138.377: [GC (Allocation Failure)  767800K->439675K(1032704K), 0.0046395 secs]
138.382: Total time for which application threads were stopped: 0.0048088 seconds, Stopping threads took: 0.0000195 seconds
138.448: [GC (Allocation Failure)  760187K->439547K(1034240K), 0.0047539 secs]
138.453: Total time for which application threads were stopped: 0.0049117 seconds, Stopping threads took: 0.0000198 seconds
138.520: [GC (Allocation Failure)  760059K->431512K(1032704K), 0.0013205 secs]
138.521: Total time for which application threads were stopped: 0.0014397 seconds, Stopping threads took: 0.0000195 seconds
138.588: [GC (Allocation Failure)  751000K->439691K(1033728K), 0.0044266 secs]
138.592: Total time for which application threads were stopped: 0.0045890 seconds, Stopping threads took: 0.0000200 seconds
138.658: [GC (Allocation Failure)  759179K->443635K(1034752K), 0.0061326 secs]
138.665: Total time for which application threads were stopped: 0.0062895 seconds, Stopping threads took: 0.0000198 seconds
138.731: [GC (Allocation Failure)  764659K->448688K(1033728K), 0.0105991 secs]
138.742: Total time for which application threads were stopped: 0.0107720 seconds, Stopping threads took: 0.0000270 seconds
138.810: [GC (Allocation Failure)  769712K->443731K(1033728K), 0.0048590 secs]
138.814: Total time for which application threads were stopped: 0.0050268 seconds, Stopping threads took: 0.0000197 seconds
138.881: [GC (Allocation Failure)  763219K->443635K(1033728K), 0.0046288 secs]
138.886: Total time for which application threads were stopped: 0.0047864 seconds, Stopping threads took: 0.0000198 seconds
138.953: [GC (Allocation Failure)  763123K->445328K(1034240K), 0.0053476 secs]
138.959: Total time for which application threads were stopped: 0.0055056 seconds, Stopping threads took: 0.0000165 seconds
139.027: [GC (Allocation Failure)  765840K->443699K(1034240K), 0.0046034 secs]
139.032: Total time for which application threads were stopped: 0.0047983 seconds, Stopping threads took: 0.0000199 seconds
139.101: [GC (Allocation Failure)  764211K->443667K(1035264K), 0.0044821 secs]
139.105: Total time for which application threads were stopped: 0.0046477 seconds, Stopping threads took: 0.0000210 seconds
139.172: [GC (Allocation Failure)  765715K->445008K(1034752K), 0.0053477 secs]
139.178: Total time for which application threads were stopped: 0.0055410 seconds, Stopping threads took: 0.0000190 seconds
139.247: [GC (Allocation Failure)  767056K->443859K(1035776K), 0.0043850 secs]
139.252: Total time for which application threads were stopped: 0.0045521 seconds, Stopping threads took: 0.0000263 seconds
139.320: [GC (Allocation Failure)  766931K->443667K(1035264K), 0.0044471 secs]
139.325: Total time for which application threads were stopped: 0.0046121 seconds, Stopping threads took: 0.0000203 seconds
139.391: [GC (Allocation Failure)  766739K->449768K(1032192K), 0.0076034 secs]
139.399: Total time for which application threads were stopped: 0.0077673 seconds, Stopping threads took: 0.0000202 seconds
139.466: [GC (Allocation Failure)  770280K->445707K(1034240K), 0.0046791 secs]
139.470: Total time for which application threads were stopped: 0.0048500 seconds, Stopping threads took: 0.0000201 seconds
139.538: [GC (Allocation Failure)  766219K->445579K(1035264K), 0.0044458 secs]
139.543: Total time for which application threads were stopped: 0.0046085 seconds, Stopping threads took: 0.0000200 seconds
139.611: [GC (Allocation Failure)  767627K->451368K(1034752K), 0.0073065 secs]
139.618: Total time for which application threads were stopped: 0.0074611 seconds, Stopping threads took: 0.0000191 seconds
139.687: [GC (Allocation Failure)  773416K->446283K(1033728K), 0.0047924 secs]
139.692: Total time for which application threads were stopped: 0.0049612 seconds, Stopping threads took: 0.0000217 seconds
139.759: [GC (Allocation Failure)  766795K->446123K(1034240K), 0.0043335 secs]
139.764: Total time for which application threads were stopped: 0.0044924 seconds, Stopping threads took: 0.0000268 seconds
139.830: [GC (Allocation Failure)  766635K->451688K(1032192K), 0.0071290 secs]
139.838: Total time for which application threads were stopped: 0.0073254 seconds, Stopping threads took: 0.0000279 seconds
139.903: [GC (Allocation Failure)  770152K->446219K(1033216K), 0.0045464 secs]
139.907: Total time for which application threads were stopped: 0.0047107 seconds, Stopping threads took: 0.0000207 seconds
139.975: [GC (Allocation Failure)  764683K->446155K(1033728K), 0.0048019 secs]
139.980: Total time for which application threads were stopped: 0.0049720 seconds, Stopping threads took: 0.0000207 seconds
140.047: [GC (Allocation Failure)  765643K->444744K(1033728K), 0.0040008 secs]
140.051: Total time for which application threads were stopped: 0.0041821 seconds, Stopping threads took: 0.0000195 seconds
140.119: [GC (Allocation Failure)  764232K->446155K(1034240K), 0.0045860 secs]
140.124: Total time for which application threads were stopped: 0.0047567 seconds, Stopping threads took: 0.0000222 seconds
140.192: [GC (Allocation Failure)  766155K->446155K(1033728K), 0.0046503 secs]
140.197: Total time for which application threads were stopped: 0.0048190 seconds, Stopping threads took: 0.0000192 seconds
140.264: [GC (Allocation Failure)  766155K->440840K(1033728K), 0.0024039 secs]
140.267: Total time for which application threads were stopped: 0.0025563 seconds, Stopping threads took: 0.0000194 seconds
140.334: [GC (Allocation Failure)  761352K->446347K(1034240K), 0.0045728 secs]
140.339: Total time for which application threads were stopped: 0.0047420 seconds, Stopping threads took: 0.0000281 seconds
140.407: [GC (Allocation Failure)  766859K->446123K(1035264K), 0.0045099 secs]
140.412: Total time for which application threads were stopped: 0.0046892 seconds, Stopping threads took: 0.0000198 seconds
140.479: [GC (Allocation Failure)  768171K->440488K(1034752K), 0.0024120 secs]
140.482: Total time for which application threads were stopped: 0.0025745 seconds, Stopping threads took: 0.0000201 seconds
140.550: [GC (Allocation Failure)  762536K->446283K(1035264K), 0.0045372 secs]
140.554: Total time for which application threads were stopped: 0.0047191 seconds, Stopping threads took: 0.0000199 seconds
140.623: [GC (Allocation Failure)  768331K->446123K(1034752K), 0.0044682 secs]
140.627: Total time for which application threads were stopped: 0.0046376 seconds, Stopping threads took: 0.0000193 seconds
140.695: [GC (Allocation Failure)  768171K->443272K(1035776K), 0.0036069 secs]
140.698: Total time for which application threads were stopped: 0.0037758 seconds, Stopping threads took: 0.0000204 seconds
140.765: [GC (Allocation Failure)  766856K->446251K(1035776K), 0.0046221 secs]
140.770: Total time for which application threads were stopped: 0.0047836 seconds, Stopping threads took: 0.0000205 seconds
140.839: [GC (Allocation Failure)  769835K->446155K(1036288K), 0.0107271 secs]
140.849: Total time for which application threads were stopped: 0.0108885 seconds, Stopping threads took: 0.0000194 seconds
140.918: [GC (Allocation Failure)  770251K->451112K(1035776K), 0.0069126 secs]
140.925: Total time for which application threads were stopped: 0.0070925 seconds, Stopping threads took: 0.0000268 seconds
140.993: [GC (Allocation Failure)  775208K->446955K(1034752K), 0.0044518 secs]
140.998: Total time for which application threads were stopped: 0.0046218 seconds, Stopping threads took: 0.0000200 seconds
141.066: [GC (Allocation Failure)  769515K->446891K(1035264K), 0.0042955 secs]
141.071: Total time for which application threads were stopped: 0.0044683 seconds, Stopping threads took: 0.0000207 seconds
141.138: [GC (Allocation Failure)  769451K->441352K(1034752K), 0.0033790 secs]
141.142: Total time for which application threads were stopped: 0.0035564 seconds, Stopping threads took: 0.0000278 seconds
141.211: [GC (Allocation Failure)  763912K->446955K(1035264K), 0.0047403 secs]
141.216: Total time for which application threads were stopped: 0.0049706 seconds, Stopping threads took: 0.0000203 seconds
141.285: [GC (Allocation Failure)  769515K->451027K(1035776K), 0.0046105 secs]
141.290: Total time for which application threads were stopped: 0.0047985 seconds, Stopping threads took: 0.0000268 seconds
141.358: [GC (Allocation Failure)  774099K->447120K(1035264K), 0.0034938 secs]
141.362: Total time for which application threads were stopped: 0.0036714 seconds, Stopping threads took: 0.0000277 seconds
141.430: [GC (Allocation Failure)  770192K->451179K(1035776K), 0.0046101 secs]
141.434: Total time for which application threads were stopped: 0.0047772 seconds, Stopping threads took: 0.0000199 seconds
141.502: [GC (Allocation Failure)  774763K->455147K(1035776K), 0.0045963 secs]
141.507: Total time for which application threads were stopped: 0.0047568 seconds, Stopping threads took: 0.0000202 seconds
141.575: [GC (Allocation Failure)  778731K->455147K(1035776K), 0.0045985 secs]
141.580: Total time for which application threads were stopped: 0.0047801 seconds, Stopping threads took: 0.0000196 seconds
141.645: [GC (Allocation Failure)  778731K->455499K(1023488K), 0.0049774 secs]
141.650: Total time for which application threads were stopped: 0.0051686 seconds, Stopping threads took: 0.0000191 seconds
141.720: [GC (Allocation Failure)  779083K->463213K(1035264K), 0.0047383 secs]
141.725: Total time for which application threads were stopped: 0.0049204 seconds, Stopping threads took: 0.0000172 seconds
141.795: [GC (Allocation Failure)  785773K->463181K(1035264K), 0.0046614 secs]
141.800: Total time for which application threads were stopped: 0.0048604 seconds, Stopping threads took: 0.0000273 seconds
141.868: [GC (Allocation Failure)  785741K->463653K(1035264K), 0.0048603 secs]
141.872: Total time for which application threads were stopped: 0.0050214 seconds, Stopping threads took: 0.0000201 seconds
141.941: [GC (Allocation Failure)  786213K->471207K(1030144K), 0.0047039 secs]
141.946: Total time for which application threads were stopped: 0.0048655 seconds, Stopping threads took: 0.0000199 seconds
142.013: [GC (Allocation Failure)  793767K->471207K(1035264K), 0.0046200 secs]
142.018: Total time for which application threads were stopped: 0.0047899 seconds, Stopping threads took: 0.0000200 seconds
142.085: [GC (Allocation Failure)  793255K->471367K(1034752K), 0.0046662 secs]
142.090: Total time for which application threads were stopped: 0.0048616 seconds, Stopping threads took: 0.0000200 seconds
142.162: [GC (Allocation Failure)  793415K->479241K(1034752K), 0.0046703 secs]
142.167: Total time for which application threads were stopped: 0.0048281 seconds, Stopping threads took: 0.0000192 seconds
142.233: [GC (Allocation Failure)  800777K->479241K(1034752K), 0.0047988 secs]
142.238: Total time for which application threads were stopped: 0.0049970 seconds, Stopping threads took: 0.0000203 seconds
142.304: [GC (Allocation Failure)  800777K->479361K(1033728K), 0.0047082 secs]
142.309: Total time for which application threads were stopped: 0.0048711 seconds, Stopping threads took: 0.0000197 seconds
142.377: [GC (Allocation Failure)  799873K->487268K(1034240K), 0.0044500 secs]
142.381: Total time for which application threads were stopped: 0.0046198 seconds, Stopping threads took: 0.0000195 seconds
142.449: [GC (Allocation Failure)  807780K->487268K(1034240K), 0.0047562 secs]
142.454: Total time for which application threads were stopped: 0.0049503 seconds, Stopping threads took: 0.0000197 seconds
142.522: [GC (Allocation Failure)  807780K->487332K(1034240K), 0.0049058 secs]
142.527: Total time for which application threads were stopped: 0.0050571 seconds, Stopping threads took: 0.0000174 seconds
142.592: [GC (Allocation Failure)  807844K->495302K(1034240K), 0.0047327 secs]
142.597: Total time for which application threads were stopped: 0.0049034 seconds, Stopping threads took: 0.0000201 seconds
142.664: [GC (Allocation Failure)  815814K->495302K(1034240K), 0.0045547 secs]
142.669: Total time for which application threads were stopped: 0.0047579 seconds, Stopping threads took: 0.0000300 seconds
142.736: [GC (Allocation Failure)  815814K->495558K(1033216K), 0.0047066 secs]
142.741: Total time for which application threads were stopped: 0.0048628 seconds, Stopping threads took: 0.0000175 seconds
142.810: [GC (Allocation Failure)  815046K->503304K(1033728K), 0.0046105 secs]
142.814: Total time for which application threads were stopped: 0.0048050 seconds, Stopping threads took: 0.0000254 seconds
142.881: [GC (Allocation Failure)  822792K->503368K(1033728K), 0.0046999 secs]
142.886: Total time for which application threads were stopped: 0.0048733 seconds, Stopping threads took: 0.0000198 seconds
142.951: [GC (Allocation Failure)  822856K->503816K(1033728K), 0.0048236 secs]
142.955: Total time for which application threads were stopped: 0.0049836 seconds, Stopping threads took: 0.0000202 seconds
143.021: [GC (Allocation Failure)  823304K->511402K(1033728K), 0.0047777 secs]
143.026: Total time for which application threads were stopped: 0.0049470 seconds, Stopping threads took: 0.0000198 seconds
143.095: [GC (Allocation Failure)  830890K->511402K(1033728K), 0.0047414 secs]
143.100: Total time for which application threads were stopped: 0.0049139 seconds, Stopping threads took: 0.0000199 seconds
143.166: [GC (Allocation Failure)  830890K->511530K(1033728K), 0.0049724 secs]
143.171: Total time for which application threads were stopped: 0.0051657 seconds, Stopping threads took: 0.0000190 seconds
143.239: [GC (Allocation Failure)  831018K->519373K(1033728K), 0.0046489 secs]
143.244: Total time for which application threads were stopped: 0.0047936 seconds, Stopping threads took: 0.0000177 seconds
143.311: [GC (Allocation Failure)  838861K->515498K(1034240K), 0.0037249 secs]
143.314: Total time for which application threads were stopped: 0.0039038 seconds, Stopping threads took: 0.0000197 seconds
143.383: [GC (Allocation Failure)  835498K->519565K(1033728K), 0.0049747 secs]
143.388: Total time for which application threads were stopped: 0.0051424 seconds, Stopping threads took: 0.0000196 seconds
143.456: [GC (Allocation Failure)  839565K->523533K(1034752K), 0.0046406 secs]
143.460: Total time for which application threads were stopped: 0.0048108 seconds, Stopping threads took: 0.0000198 seconds
143.529: [GC (Allocation Failure)  845069K->517802K(1034752K), 0.0027054 secs]
143.532: Total time for which application threads were stopped: 0.0028701 seconds, Stopping threads took: 0.0000196 seconds
143.600: [GC (Allocation Failure)  839338K->523629K(1035264K), 0.0048945 secs]
143.605: Total time for which application threads were stopped: 0.0050624 seconds, Stopping threads took: 0.0000192 seconds
143.672: [GC (Allocation Failure)  845677K->527677K(1034752K), 0.0050744 secs]
143.678: Total time for which application threads were stopped: 0.0052375 seconds, Stopping threads took: 0.0000198 seconds
143.745: [GC (Allocation Failure)  849463K->523770K(1035776K), 0.0035000 secs]
143.748: Total time for which application threads were stopped: 0.0036525 seconds, Stopping threads took: 0.0000270 seconds
143.818: [GC (Allocation Failure)  846842K->527837K(1035264K), 0.0048468 secs]
143.822: Total time for which application threads were stopped: 0.0050046 seconds, Stopping threads took: 0.0000174 seconds
143.890: [GC (Allocation Failure)  850909K->531805K(1035264K), 0.0048221 secs]
143.894: Total time for which application threads were stopped: 0.0049919 seconds, Stopping threads took: 0.0000197 seconds
143.963: [GC (Allocation Failure)  855389K->531805K(1035776K), 0.0046636 secs]
143.967: Total time for which application threads were stopped: 0.0048271 seconds, Stopping threads took: 0.0000197 seconds
144.035: [GC (Allocation Failure)  855389K->531893K(1034752K), 0.0069182 secs]
144.042: Total time for which application threads were stopped: 0.0070826 seconds, Stopping threads took: 0.0000199 seconds
144.110: [GC (Allocation Failure)  854453K->539831K(1035264K), 0.0049576 secs]
144.115: Total time for which application threads were stopped: 0.0051452 seconds, Stopping threads took: 0.0000205 seconds
144.182: [GC (Allocation Failure)  862391K->539831K(1034240K), 0.0048756 secs]
144.187: Total time for which application threads were stopped: 0.0050327 seconds, Stopping threads took: 0.0000175 seconds
144.255: [GC (Allocation Failure)  861367K->539887K(1034752K), 0.0047266 secs]
144.259: Total time for which application threads were stopped: 0.0048911 seconds, Stopping threads took: 0.0000274 seconds
144.325: [GC (Allocation Failure)  861423K->547857K(1034752K), 0.0049319 secs]
144.330: Total time for which application threads were stopped: 0.0051261 seconds, Stopping threads took: 0.0000247 seconds
144.397: [GC (Allocation Failure)  869393K->547857K(1029120K), 0.0048344 secs]
144.402: Total time for which application threads were stopped: 0.0050125 seconds, Stopping threads took: 0.0000281 seconds
144.469: [GC (Allocation Failure)  869393K->548113K(1034240K), 0.0048084 secs]
144.474: Total time for which application threads were stopped: 0.0049911 seconds, Stopping threads took: 0.0000206 seconds
144.542: [GC (Allocation Failure)  868625K->555891K(1034240K), 0.0046754 secs]
144.547: Total time for which application threads were stopped: 0.0048382 seconds, Stopping threads took: 0.0000200 seconds
144.615: [GC (Allocation Failure)  876403K->555891K(1034240K), 0.0048366 secs]
144.620: Total time for which application threads were stopped: 0.0050276 seconds, Stopping threads took: 0.0000199 seconds
144.688: [GC (Allocation Failure)  876403K->556315K(1020416K), 0.0050336 secs]
144.693: Total time for which application threads were stopped: 0.0051955 seconds, Stopping threads took: 0.0000171 seconds
144.760: [GC (Allocation Failure)  876827K->563966K(1033728K), 0.0047149 secs]
144.765: Total time for which application threads were stopped: 0.0048733 seconds, Stopping threads took: 0.0000193 seconds
144.832: [GC (Allocation Failure)  883454K->563934K(1033728K), 0.0047785 secs]
144.837: Total time for which application threads were stopped: 0.0049454 seconds, Stopping threads took: 0.0000196 seconds
144.901: [GC (Allocation Failure)  883422K->564062K(1033728K), 0.0050226 secs]
144.907: Total time for which application threads were stopped: 0.0052023 seconds, Stopping threads took: 0.0000200 seconds
144.974: [GC (Allocation Failure)  883550K->571968K(1033728K), 0.0047162 secs]
144.979: Total time for which application threads were stopped: 0.0048745 seconds, Stopping threads took: 0.0000179 seconds
145.046: [GC (Allocation Failure)  891456K->572000K(1033728K), 0.0048388 secs]
145.051: Total time for which application threads were stopped: 0.0050084 seconds, Stopping threads took: 0.0000204 seconds
145.117: [GC (Allocation Failure)  891488K->572040K(1033728K), 0.0047756 secs]
145.122: Total time for which application threads were stopped: 0.0049506 seconds, Stopping threads took: 0.0000253 seconds
145.189: [GC (Allocation Failure)  891528K->580010K(1032704K), 0.0047720 secs]
145.194: Total time for which application threads were stopped: 0.0049402 seconds, Stopping threads took: 0.0000201 seconds
145.261: [GC (Allocation Failure)  898474K->574440K(1033216K), 0.0026395 secs]
145.264: Total time for which application threads were stopped: 0.0028394 seconds, Stopping threads took: 0.0000262 seconds
145.332: [GC (Allocation Failure)  892904K->580266K(1034752K), 0.0049299 secs]
145.337: Total time for which application threads were stopped: 0.0050878 seconds, Stopping threads took: 0.0000179 seconds
145.405: [GC (Allocation Failure)  900778K->584154K(1033728K), 0.0051548 secs]
145.411: Total time for which application threads were stopped: 0.0053463 seconds, Stopping threads took: 0.0000202 seconds
145.479: [GC (Allocation Failure)  904666K->591048K(1029120K), 0.0079782 secs]
145.487: Total time for which application threads were stopped: 0.0081257 seconds, Stopping threads took: 0.0000163 seconds
145.555: [GC (Allocation Failure)  906440K->584970K(1031680K), 0.0050233 secs]
145.560: Total time for which application threads were stopped: 0.0052043 seconds, Stopping threads took: 0.0000195 seconds
145.626: [GC (Allocation Failure)  900362K->584778K(1032704K), 0.0048726 secs]
145.631: Total time for which application threads were stopped: 0.0050405 seconds, Stopping threads took: 0.0000271 seconds
145.695: [GC (Allocation Failure)  901706K->588162K(1032192K), 0.0059999 secs]
145.701: Total time for which application threads were stopped: 0.0061900 seconds, Stopping threads took: 0.0000256 seconds
145.768: [GC (Allocation Failure)  905090K->592933K(1033216K), 0.0047527 secs]
145.773: Total time for which application threads were stopped: 0.0049061 seconds, Stopping threads took: 0.0000195 seconds
145.840: [GC (Allocation Failure)  910885K->592805K(1032704K), 0.0048380 secs]
145.845: Total time for which application threads were stopped: 0.0050144 seconds, Stopping threads took: 0.0000200 seconds
145.911: [GC (Allocation Failure)  910757K->593821K(1033216K), 0.0068887 secs]
145.918: Total time for which application threads were stopped: 0.0070675 seconds, Stopping threads took: 0.0000190 seconds
145.986: [GC (Allocation Failure)  912285K->600863K(1033216K), 0.0050475 secs]
145.991: Total time for which application threads were stopped: 0.0052235 seconds, Stopping threads took: 0.0000202 seconds
146.059: [GC (Allocation Failure)  919327K->600831K(1033728K), 0.0048211 secs]
146.064: Total time for which application threads were stopped: 0.0049967 seconds, Stopping threads took: 0.0000219 seconds
146.130: [GC (Allocation Failure)  919807K->602535K(1033216K), 0.0054299 secs]
146.136: Total time for which application threads were stopped: 0.0056161 seconds, Stopping threads took: 0.0000246 seconds
146.204: [GC (Allocation Failure)  921511K->608905K(1033728K), 0.0049842 secs]
146.209: Total time for which application threads were stopped: 0.0051526 seconds, Stopping threads took: 0.0000200 seconds
146.277: [GC (Allocation Failure)  928393K->608905K(1033728K), 0.0052648 secs]
146.282: Total time for which application threads were stopped: 0.0054528 seconds, Stopping threads took: 0.0000277 seconds
146.348: [GC (Allocation Failure)  928393K->609225K(1033728K), 0.0050591 secs]
146.353: Total time for which application threads were stopped: 0.0052310 seconds, Stopping threads took: 0.0000199 seconds
146.422: [GC (Allocation Failure)  928713K->616939K(1033728K), 0.0050166 secs]
146.427: Total time for which application threads were stopped: 0.0051772 seconds, Stopping threads took: 0.0000195 seconds
146.495: [GC (Allocation Failure)  936427K->616907K(1033728K), 0.0049060 secs]
146.500: Total time for which application threads were stopped: 0.0050704 seconds, Stopping threads took: 0.0000207 seconds
146.568: [GC (Allocation Failure)  936395K->620547K(1033728K), 0.0058754 secs]
146.574: Total time for which application threads were stopped: 0.0060440 seconds, Stopping threads took: 0.0000193 seconds
146.642: [GC (Allocation Failure)  940035K->624998K(1034240K), 0.0051285 secs]
146.648: Total time for which application threads were stopped: 0.0052961 seconds, Stopping threads took: 0.0000192 seconds
146.716: [GC (Allocation Failure)  945510K->624934K(1034240K), 0.0049589 secs]
146.721: Total time for which application threads were stopped: 0.0051410 seconds, Stopping threads took: 0.0000200 seconds
146.788: [GC (Allocation Failure)  945446K->625670K(1034240K), 0.0052962 secs]
146.794: Total time for which application threads were stopped: 0.0054683 seconds, Stopping threads took: 0.0000262 seconds
146.862: [GC (Allocation Failure)  946182K->633000K(1034240K), 0.0058530 secs]
146.868: Total time for which application threads were stopped: 0.0060532 seconds, Stopping threads took: 0.0000212 seconds
146.936: [GC (Allocation Failure)  953512K->633000K(1034240K), 0.0049053 secs]
146.941: Total time for which application threads were stopped: 0.0050834 seconds, Stopping threads took: 0.0000224 seconds
147.010: [GC (Allocation Failure)  953512K->633920K(1034240K), 0.0049771 secs]
147.015: Total time for which application threads were stopped: 0.0051587 seconds, Stopping threads took: 0.0000201 seconds
147.084: [GC (Allocation Failure)  954432K->640994K(1034240K), 0.0049346 secs]
147.089: Total time for which application threads were stopped: 0.0051078 seconds, Stopping threads took: 0.0000198 seconds
147.158: [GC (Allocation Failure)  961506K->641026K(1034240K), 0.0050649 secs]
147.164: Total time for which application threads were stopped: 0.0052382 seconds, Stopping threads took: 0.0000199 seconds
147.231: [GC (Allocation Failure)  961538K->642146K(1034240K), 0.0054254 secs]
147.236: Total time for which application threads were stopped: 0.0055896 seconds, Stopping threads took: 0.0000205 seconds
147.304: [GC (Allocation Failure)  962658K->649060K(1034240K), 0.0050936 secs]
147.310: Total time for which application threads were stopped: 0.0052646 seconds, Stopping threads took: 0.0000289 seconds
147.378: [GC (Allocation Failure)  969572K->649028K(1034240K), 0.0051854 secs]
147.383: Total time for which application threads were stopped: 0.0053552 seconds, Stopping threads took: 0.0000201 seconds
147.450: [GC (Allocation Failure)  969540K->649348K(1020416K), 0.0052164 secs]
147.455: Total time for which application threads were stopped: 0.0053793 seconds, Stopping threads took: 0.0000206 seconds
147.524: [GC (Allocation Failure)  969860K->657127K(1033728K), 0.0049756 secs]
147.529: Total time for which application threads were stopped: 0.0051528 seconds, Stopping threads took: 0.0000255 seconds
147.595: [GC (Allocation Failure)  976615K->657063K(1033728K), 0.0058484 secs]
147.601: Total time for which application threads were stopped: 0.0060089 seconds, Stopping threads took: 0.0000173 seconds
147.668: [GC (Allocation Failure)  976551K->657583K(1033728K), 0.0049994 secs]
147.673: Total time for which application threads were stopped: 0.0052008 seconds, Stopping threads took: 0.0000220 seconds
147.741: [GC (Allocation Failure)  977071K->665169K(1033728K), 0.0049988 secs]
147.747: Total time for which application threads were stopped: 0.0051569 seconds, Stopping threads took: 0.0000196 seconds
147.813: [GC (Allocation Failure)  984657K->665105K(1033728K), 0.0049450 secs]
147.818: Total time for which application threads were stopped: 0.0051157 seconds, Stopping threads took: 0.0000202 seconds
147.884: [GC (Allocation Failure)  984593K->665833K(1033728K), 0.0049573 secs]
147.889: Total time for which application threads were stopped: 0.0051566 seconds, Stopping threads took: 0.0000200 seconds
147.958: [GC (Allocation Failure)  985321K->673131K(1033728K), 0.0051773 secs]
147.963: Total time for which application threads were stopped: 0.0053536 seconds, Stopping threads took: 0.0000197 seconds
148.030: [GC (Allocation Failure)  992619K->673131K(1033728K), 0.0049317 secs]
148.035: Total time for which application threads were stopped: 0.0051111 seconds, Stopping threads took: 0.0000219 seconds
148.101: [GC (Allocation Failure)  992619K->675139K(1033728K), 0.0055784 secs]
148.106: Total time for which application threads were stopped: 0.0057446 seconds, Stopping threads took: 0.0000195 seconds
148.175: [GC (Allocation Failure)  994627K->681157K(1033728K), 0.0048750 secs]
148.180: Total time for which application threads were stopped: 0.0050332 seconds, Stopping threads took: 0.0000193 seconds
148.246: [GC (Allocation Failure)  1000645K->681157K(1033728K), 0.0049429 secs]
148.251: Total time for which application threads were stopped: 0.0051011 seconds, Stopping threads took: 0.0000196 seconds
148.317: [GC (Allocation Failure)  1000645K->682309K(1033728K), 0.0052447 secs]
148.323: Total time for which application threads were stopped: 0.0054041 seconds, Stopping threads took: 0.0000192 seconds
148.390: [GC (Allocation Failure)  1001797K->689192K(1033728K), 0.0054077 secs]
148.396: Total time for which application threads were stopped: 0.0055715 seconds, Stopping threads took: 0.0000204 seconds
148.462: [GC (Allocation Failure)  1008680K->689192K(1033728K), 0.0049812 secs]
148.467: Total time for which application threads were stopped: 0.0051409 seconds, Stopping threads took: 0.0000199 seconds
148.533: [GC (Allocation Failure)  1008680K->689472K(1033728K), 0.0059204 secs]
148.539: [Full GC (Ergonomics)  689472K->8792K(1033728K), 0.0130037 secs]
148.552: Total time for which application threads were stopped: 0.0191933 seconds, Stopping threads took: 0.0000195 seconds
148.620: [GC (Allocation Failure)  328280K->20698K(1031168K), 0.0053552 secs]
148.625: Total time for which application threads were stopped: 0.0055356 seconds, Stopping threads took: 0.0000173 seconds
148.693: [GC (Allocation Failure)  340186K->20706K(1032704K), 0.0051193 secs]
148.699: Total time for which application threads were stopped: 0.0053006 seconds, Stopping threads took: 0.0000170 seconds
148.767: [GC (Allocation Failure)  337634K->21730K(1032192K), 0.0054606 secs]
148.773: Total time for which application threads were stopped: 0.0056587 seconds, Stopping threads took: 0.0000258 seconds
148.839: [GC (Allocation Failure)  338658K->28772K(1032704K), 0.0041079 secs]
148.843: Total time for which application threads were stopped: 0.0042747 seconds, Stopping threads took: 0.0000197 seconds
148.909: [GC (Allocation Failure)  346212K->28772K(1032704K), 0.0038883 secs]
148.913: Total time for which application threads were stopped: 0.0040561 seconds, Stopping threads took: 0.0000196 seconds
148.979: [GC (Allocation Failure)  346212K->29380K(1032704K), 0.0040677 secs]
148.983: Total time for which application threads were stopped: 0.0042441 seconds, Stopping threads took: 0.0000187 seconds
149.049: [GC (Allocation Failure)  346820K->36839K(1032704K), 0.0038654 secs]
149.053: Total time for which application threads were stopped: 0.0040300 seconds, Stopping threads took: 0.0000204 seconds
149.120: [GC (Allocation Failure)  354279K->36775K(1033216K), 0.0037292 secs]
149.124: Total time for which application threads were stopped: 0.0039221 seconds, Stopping threads took: 0.0000199 seconds
149.191: [GC (Allocation Failure)  355239K->37671K(1033216K), 0.0038589 secs]
149.195: Total time for which application threads were stopped: 0.0040349 seconds, Stopping threads took: 0.0000199 seconds
149.263: [GC (Allocation Failure)  356135K->44873K(1033216K), 0.0037111 secs]
149.266: Total time for which application threads were stopped: 0.0039200 seconds, Stopping threads took: 0.0000270 seconds
149.333: [GC (Allocation Failure)  363337K->44841K(1033216K), 0.0038823 secs]
149.337: Total time for which application threads were stopped: 0.0040301 seconds, Stopping threads took: 0.0000169 seconds
149.404: [GC (Allocation Failure)  363305K->44873K(1033216K), 0.0038631 secs]
149.408: Total time for which application threads were stopped: 0.0040850 seconds, Stopping threads took: 0.0000193 seconds
149.477: [GC (Allocation Failure)  363337K->52907K(1033216K), 0.0038673 secs]
149.481: Total time for which application threads were stopped: 0.0040331 seconds, Stopping threads took: 0.0000194 seconds
149.548: [GC (Allocation Failure)  371371K->52843K(1033216K), 0.0038681 secs]
149.552: Total time for which application threads were stopped: 0.0040135 seconds, Stopping threads took: 0.0000197 seconds
149.619: [GC (Allocation Failure)  371307K->53067K(1033216K), 0.0040765 secs]
149.623: Total time for which application threads were stopped: 0.0042587 seconds, Stopping threads took: 0.0000175 seconds
149.693: [GC (Allocation Failure)  371531K->60846K(1033216K), 0.0039552 secs]
149.697: Total time for which application threads were stopped: 0.0041202 seconds, Stopping threads took: 0.0000204 seconds
149.765: [GC (Allocation Failure)  379310K->60910K(1033216K), 0.0035139 secs]
149.768: Total time for which application threads were stopped: 0.0036823 seconds, Stopping threads took: 0.0000278 seconds
149.833: [GC (Allocation Failure)  379374K->61286K(1033216K), 0.0041060 secs]
149.838: Total time for which application threads were stopped: 0.0042829 seconds, Stopping threads took: 0.0000207 seconds
149.904: [GC (Allocation Failure)  379750K->68936K(1033216K), 0.0039565 secs]
149.908: Total time for which application threads were stopped: 0.0041187 seconds, Stopping threads took: 0.0000198 seconds
149.973: [GC (Allocation Failure)  387400K->68904K(1033216K), 0.0040568 secs]
149.978: Total time for which application threads were stopped: 0.0042172 seconds, Stopping threads took: 0.0000199 seconds
150.044: [GC (Allocation Failure)  387368K->69032K(1033216K), 0.0039299 secs]
150.048: Total time for which application threads were stopped: 0.0041164 seconds, Stopping threads took: 0.0000200 seconds
150.114: [GC (Allocation Failure)  387496K->76970K(1033216K), 0.0040067 secs]
150.118: Total time for which application threads were stopped: 0.0041721 seconds, Stopping threads took: 0.0000206 seconds
150.185: [GC (Allocation Failure)  395434K->76906K(1033216K), 0.0038580 secs]
150.189: Total time for which application threads were stopped: 0.0040296 seconds, Stopping threads took: 0.0000202 seconds
150.256: [GC (Allocation Failure)  395370K->76994K(1033216K), 0.0039885 secs]
150.260: Total time for which application threads were stopped: 0.0041482 seconds, Stopping threads took: 0.0000261 seconds
150.328: [GC (Allocation Failure)  395458K->84996K(1033216K), 0.0039671 secs]
150.332: Total time for which application threads were stopped: 0.0041372 seconds, Stopping threads took: 0.0000207 seconds
150.398: [GC (Allocation Failure)  403460K->84996K(1033216K), 0.0036544 secs]
150.401: Total time for which application threads were stopped: 0.0038332 seconds, Stopping threads took: 0.0000200 seconds
150.466: [GC (Allocation Failure)  403460K->85220K(1033216K), 0.0041553 secs]
150.470: Total time for which application threads were stopped: 0.0043198 seconds, Stopping threads took: 0.0000210 seconds
150.537: [GC (Allocation Failure)  403684K->92999K(1033216K), 0.0041303 secs]
150.541: Total time for which application threads were stopped: 0.0043028 seconds, Stopping threads took: 0.0000203 seconds
150.609: [GC (Allocation Failure)  411463K->85604K(1033216K), 0.0009939 secs]
150.611: Total time for which application threads were stopped: 0.0011312 seconds, Stopping threads took: 0.0000208 seconds
150.678: [GC (Allocation Failure)  404068K->93223K(1033216K), 0.0042146 secs]
150.682: Total time for which application threads were stopped: 0.0043953 seconds, Stopping threads took: 0.0000282 seconds
150.747: [GC (Allocation Failure)  411687K->97143K(1033216K), 0.0051299 secs]
150.753: Total time for which application threads were stopped: 0.0052887 seconds, Stopping threads took: 0.0000195 seconds
150.817: [GC (Allocation Failure)  415607K->98132K(1032192K), 0.0066083 secs]
150.824: Total time for which application threads were stopped: 0.0067866 seconds, Stopping threads took: 0.0000194 seconds
150.891: [GC (Allocation Failure)  415572K->97239K(1032704K), 0.0040564 secs]
150.895: Total time for which application threads were stopped: 0.0042229 seconds, Stopping threads took: 0.0000198 seconds
150.962: [GC (Allocation Failure)  414679K->97175K(1033216K), 0.0039535 secs]
150.966: Total time for which application threads were stopped: 0.0041338 seconds, Stopping threads took: 0.0000198 seconds
151.031: [GC (Allocation Failure)  415639K->100239K(1033216K), 0.0047189 secs]
151.035: Total time for which application threads were stopped: 0.0048936 seconds, Stopping threads took: 0.0000249 seconds
151.101: [GC (Allocation Failure)  418703K->105233K(1033728K), 0.0040655 secs]
151.105: Total time for which application threads were stopped: 0.0042733 seconds, Stopping threads took: 0.0000201 seconds
151.175: [GC (Allocation Failure)  424721K->105201K(1033728K), 0.0038922 secs]
151.179: Total time for which application threads were stopped: 0.0040537 seconds, Stopping threads took: 0.0000168 seconds
151.247: [GC (Allocation Failure)  424689K->106377K(1033728K), 0.0039445 secs]
151.251: Total time for which application threads were stopped: 0.0040962 seconds, Stopping threads took: 0.0000252 seconds
151.317: [GC (Allocation Failure)  425865K->113195K(1033728K), 0.0040490 secs]
151.321: Total time for which application threads were stopped: 0.0042116 seconds, Stopping threads took: 0.0000193 seconds
151.389: [GC (Allocation Failure)  432683K->113195K(1033728K), 0.0039192 secs]
151.393: Total time for which application threads were stopped: 0.0041231 seconds, Stopping threads took: 0.0000191 seconds
151.457: [GC (Allocation Failure)  432683K->113611K(1033728K), 0.0042352 secs]
151.461: Total time for which application threads were stopped: 0.0043945 seconds, Stopping threads took: 0.0000189 seconds
151.527: [GC (Allocation Failure)  433099K->121261K(1033728K), 0.0041021 secs]
151.531: Total time for which application threads were stopped: 0.0042767 seconds, Stopping threads took: 0.0000277 seconds
151.599: [GC (Allocation Failure)  440749K->121229K(1033728K), 0.0039159 secs]
151.603: Total time for which application threads were stopped: 0.0040801 seconds, Stopping threads took: 0.0000192 seconds
151.667: [GC (Allocation Failure)  440717K->124909K(1034240K), 0.0049188 secs]
151.672: Total time for which application threads were stopped: 0.0050794 seconds, Stopping threads took: 0.0000198 seconds
151.739: [GC (Allocation Failure)  444909K->129264K(1033728K), 0.0038644 secs]
151.743: Total time for which application threads were stopped: 0.0040324 seconds, Stopping threads took: 0.0000199 seconds
151.810: [GC (Allocation Failure)  449264K->129264K(1034240K), 0.0040224 secs]
151.814: Total time for which application threads were stopped: 0.0041893 seconds, Stopping threads took: 0.0000280 seconds
151.880: [GC (Allocation Failure)  449776K->130064K(1034240K), 0.0041299 secs]
151.884: Total time for which application threads were stopped: 0.0043403 seconds, Stopping threads took: 0.0000188 seconds
151.953: [GC (Allocation Failure)  450576K->137394K(1034240K), 0.0040430 secs]
151.957: Total time for which application threads were stopped: 0.0042068 seconds, Stopping threads took: 0.0000209 seconds
152.024: [GC (Allocation Failure)  457906K->137298K(1034240K), 0.0038294 secs]
152.028: Total time for which application threads were stopped: 0.0039922 seconds, Stopping threads took: 0.0000200 seconds
152.095: [GC (Allocation Failure)  457810K->140362K(1034240K), 0.0060036 secs]
152.101: Total time for which application threads were stopped: 0.0061899 seconds, Stopping threads took: 0.0000205 seconds
152.171: [GC (Allocation Failure)  460874K->145356K(1034240K), 0.0038892 secs]
152.175: Total time for which application threads were stopped: 0.0040501 seconds, Stopping threads took: 0.0000196 seconds
152.242: [GC (Allocation Failure)  465868K->145356K(1034240K), 0.0040265 secs]
152.246: Total time for which application threads were stopped: 0.0041962 seconds, Stopping threads took: 0.0000201 seconds
152.314: [GC (Allocation Failure)  465868K->146532K(1034240K), 0.0043698 secs]
152.318: Total time for which application threads were stopped: 0.0045472 seconds, Stopping threads took: 0.0000199 seconds
152.386: [GC (Allocation Failure)  467044K->153350K(1034240K), 0.0040492 secs]
152.390: Total time for which application threads were stopped: 0.0042101 seconds, Stopping threads took: 0.0000202 seconds
152.457: [GC (Allocation Failure)  473862K->153350K(1034240K), 0.0038713 secs]
152.461: Total time for which application threads were stopped: 0.0040485 seconds, Stopping threads took: 0.0000214 seconds
152.530: [GC (Allocation Failure)  473862K->156774K(1034752K), 0.0048912 secs]
152.535: Total time for which application threads were stopped: 0.0050494 seconds, Stopping threads took: 0.0000190 seconds
152.602: [GC (Allocation Failure)  477798K->161481K(1034240K), 0.0042100 secs]
152.607: Total time for which application threads were stopped: 0.0043774 seconds, Stopping threads took: 0.0000196 seconds
152.674: [GC (Allocation Failure)  482505K->161385K(1034752K), 0.0040755 secs]
152.678: Total time for which application threads were stopped: 0.0042369 seconds, Stopping threads took: 0.0000193 seconds
152.745: [GC (Allocation Failure)  482921K->165001K(1034752K), 0.0050381 secs]
152.750: Total time for which application threads were stopped: 0.0052052 seconds, Stopping threads took: 0.0000197 seconds
152.818: [GC (Allocation Failure)  486537K->169515K(1034752K), 0.0039730 secs]
152.822: Total time for which application threads were stopped: 0.0041630 seconds, Stopping threads took: 0.0000229 seconds
152.891: [GC (Allocation Failure)  491051K->169419K(1034752K), 0.0042598 secs]
152.895: Total time for which application threads were stopped: 0.0044402 seconds, Stopping threads took: 0.0000200 seconds
152.962: [GC (Allocation Failure)  490955K->170115K(1034752K), 0.0044462 secs]
152.966: Total time for which application threads were stopped: 0.0046181 seconds, Stopping threads took: 0.0000205 seconds
153.035: [GC (Allocation Failure)  491651K->177445K(1034752K), 0.0039513 secs]
153.039: Total time for which application threads were stopped: 0.0041022 seconds, Stopping threads took: 0.0000176 seconds
153.108: [GC (Allocation Failure)  498981K->177477K(1034752K), 0.0039988 secs]
153.112: Total time for which application threads were stopped: 0.0042096 seconds, Stopping threads took: 0.0000202 seconds
153.180: [GC (Allocation Failure)  499013K->179397K(1034752K), 0.0043120 secs]
153.185: Total time for which application threads were stopped: 0.0044901 seconds, Stopping threads took: 0.0000167 seconds
153.254: [GC (Allocation Failure)  500933K->185544K(1034752K), 0.0039167 secs]
153.258: Total time for which application threads were stopped: 0.0040839 seconds, Stopping threads took: 0.0000203 seconds
153.328: [GC (Allocation Failure)  507080K->185480K(1034752K), 0.0040874 secs]
153.332: Total time for which application threads were stopped: 0.0043011 seconds, Stopping threads took: 0.0000413 seconds
153.400: [GC (Allocation Failure)  507016K->188648K(1034752K), 0.0046409 secs]
153.405: Total time for which application threads were stopped: 0.0048015 seconds, Stopping threads took: 0.0000188 seconds
153.473: [GC (Allocation Failure)  510184K->193642K(1034752K), 0.0042304 secs]
153.478: Total time for which application threads were stopped: 0.0043808 seconds, Stopping threads took: 0.0000171 seconds
153.546: [GC (Allocation Failure)  515178K->193514K(1034752K), 0.0041238 secs]
153.550: Total time for which application threads were stopped: 0.0043053 seconds, Stopping threads took: 0.0000197 seconds
153.616: [GC (Allocation Failure)  515050K->193770K(1034752K), 0.0043935 secs]
153.621: Total time for which application threads were stopped: 0.0045534 seconds, Stopping threads took: 0.0000196 seconds
153.687: [GC (Allocation Failure)  515306K->201644K(1033728K), 0.0042532 secs]
153.691: Total time for which application threads were stopped: 0.0044146 seconds, Stopping threads took: 0.0000209 seconds
153.760: [GC (Allocation Failure)  522156K->201548K(1034240K), 0.0042075 secs]
153.764: Total time for which application threads were stopped: 0.0043738 seconds, Stopping threads took: 0.0000257 seconds
153.831: [GC (Allocation Failure)  522060K->205092K(1034752K), 0.0052064 secs]
153.837: Total time for which application threads were stopped: 0.0053735 seconds, Stopping threads took: 0.0000191 seconds
153.904: [GC (Allocation Failure)  526116K->209606K(1034240K), 0.0042653 secs]
153.908: Total time for which application threads were stopped: 0.0044356 seconds, Stopping threads took: 0.0000207 seconds
153.975: [GC (Allocation Failure)  530630K->209574K(1034752K), 0.0041528 secs]
153.979: Total time for which application threads were stopped: 0.0043350 seconds, Stopping threads took: 0.0000223 seconds
154.046: [GC (Allocation Failure)  531110K->213326K(1034752K), 0.0052147 secs]
154.052: Total time for which application threads were stopped: 0.0053923 seconds, Stopping threads took: 0.0000275 seconds
154.120: [GC (Allocation Failure)  534862K->217649K(1035264K), 0.0042913 secs]
154.124: Total time for which application threads were stopped: 0.0044935 seconds, Stopping threads took: 0.0000207 seconds
154.192: [GC (Allocation Failure)  540209K->217617K(1035264K), 0.0044005 secs]
154.197: Total time for which application threads were stopped: 0.0045611 seconds, Stopping threads took: 0.0000208 seconds
154.266: [GC (Allocation Failure)  540177K->220521K(1035264K), 0.0047414 secs]
154.271: Total time for which application threads were stopped: 0.0048946 seconds, Stopping threads took: 0.0000254 seconds
154.339: [GC (Allocation Failure)  543081K->225707K(1035264K), 0.0042531 secs]
154.343: Total time for which application threads were stopped: 0.0044454 seconds, Stopping threads took: 0.0000199 seconds
154.413: [GC (Allocation Failure)  548267K->225675K(1035264K), 0.0042445 secs]
154.417: Total time for which application threads were stopped: 0.0043992 seconds, Stopping threads took: 0.0000198 seconds
154.484: [GC (Allocation Failure)  548235K->228811K(1035264K), 0.0051042 secs]
154.489: Total time for which application threads were stopped: 0.0052673 seconds, Stopping threads took: 0.0000189 seconds
154.557: [GC (Allocation Failure)  551371K->233805K(1035264K), 0.0041951 secs]
154.561: Total time for which application threads were stopped: 0.0043726 seconds, Stopping threads took: 0.0000199 seconds
154.629: [GC (Allocation Failure)  556365K->233645K(1035264K), 0.0045213 secs]
154.634: Total time for which application threads were stopped: 0.0046809 seconds, Stopping threads took: 0.0000210 seconds
154.700: [GC (Allocation Failure)  556205K->236997K(1035264K), 0.0051506 secs]
154.705: Total time for which application threads were stopped: 0.0053148 seconds, Stopping threads took: 0.0000193 seconds
154.773: [GC (Allocation Failure)  559557K->241799K(1035264K), 0.0041338 secs]
154.777: Total time for which application threads were stopped: 0.0042949 seconds, Stopping threads took: 0.0000203 seconds
154.845: [GC (Allocation Failure)  564359K->241735K(1035264K), 0.0042335 secs]
154.849: Total time for which application threads were stopped: 0.0044054 seconds, Stopping threads took: 0.0000199 seconds
154.918: [GC (Allocation Failure)  564295K->245231K(1035264K), 0.0051070 secs]
154.923: Total time for which application threads were stopped: 0.0052654 seconds, Stopping threads took: 0.0000171 seconds
154.990: [GC (Allocation Failure)  567791K->249746K(1035264K), 0.0043304 secs]
154.995: Total time for which application threads were stopped: 0.0044904 seconds, Stopping threads took: 0.0000201 seconds
155.063: [GC (Allocation Failure)  572306K->249778K(1035264K), 0.0043579 secs]
155.067: Total time for which application threads were stopped: 0.0045169 seconds, Stopping threads took: 0.0000199 seconds
155.135: [GC (Allocation Failure)  572338K->253482K(1035776K), 0.0061883 secs]
155.141: Total time for which application threads were stopped: 0.0063934 seconds, Stopping threads took: 0.0000176 seconds
155.211: [GC (Allocation Failure)  576554K->257996K(1035264K), 0.0042394 secs]
155.215: Total time for which application threads were stopped: 0.0044185 seconds, Stopping threads took: 0.0000196 seconds
155.284: [GC (Allocation Failure)  581068K->257772K(1035776K), 0.0038830 secs]
155.288: Total time for which application threads were stopped: 0.0040558 seconds, Stopping threads took: 0.0000201 seconds
155.356: [GC (Allocation Failure)  581356K->255690K(1035776K), 0.0044455 secs]
155.361: Total time for which application threads were stopped: 0.0046364 seconds, Stopping threads took: 0.0000380 seconds
155.430: [GC (Allocation Failure)  579274K->257932K(1036288K), 0.0042286 secs]
155.435: Total time for which application threads were stopped: 0.0044138 seconds, Stopping threads took: 0.0000219 seconds
155.503: [GC (Allocation Failure)  582540K->257772K(1036288K), 0.0041759 secs]
155.507: Total time for which application threads were stopped: 0.0043492 seconds, Stopping threads took: 0.0000212 seconds
155.573: [GC (Allocation Failure)  582380K->265114K(1031168K), 0.0081770 secs]
155.581: Total time for which application threads were stopped: 0.0083393 seconds, Stopping threads took: 0.0000204 seconds
155.648: [GC (Allocation Failure)  584602K->260956K(1033728K), 0.0041201 secs]
155.652: Total time for which application threads were stopped: 0.0042884 seconds, Stopping threads took: 0.0000201 seconds
155.718: [GC (Allocation Failure)  580444K->260924K(1034752K), 0.0044220 secs]
155.722: Total time for which application threads were stopped: 0.0045813 seconds, Stopping threads took: 0.0000198 seconds
155.793: [GC (Allocation Failure)  581948K->264890K(1032704K), 0.0059386 secs]
155.799: Total time for which application threads were stopped: 0.0060988 seconds, Stopping threads took: 0.0000258 seconds
155.865: [GC (Allocation Failure)  585914K->260956K(1034240K), 0.0044883 secs]
155.869: Total time for which application threads were stopped: 0.0046668 seconds, Stopping threads took: 0.0000161 seconds
155.937: [GC (Allocation Failure)  580956K->260892K(1033728K), 0.0042147 secs]
155.942: Total time for which application threads were stopped: 0.0043762 seconds, Stopping threads took: 0.0000203 seconds
156.007: [GC (Allocation Failure)  580892K->262522K(1034752K), 0.0050036 secs]
156.012: Total time for which application threads were stopped: 0.0051761 seconds, Stopping threads took: 0.0000204 seconds
156.081: [GC (Allocation Failure)  584058K->261180K(1034752K), 0.0041338 secs]
156.086: Total time for which application threads were stopped: 0.0043054 seconds, Stopping threads took: 0.0000195 seconds
156.154: [GC (Allocation Failure)  582716K->260924K(1035776K), 0.0042252 secs]
156.158: Total time for which application threads were stopped: 0.0043651 seconds, Stopping threads took: 0.0000178 seconds
156.224: [GC (Allocation Failure)  583996K->265306K(1035264K), 0.0062846 secs]
156.230: Total time for which application threads were stopped: 0.0064608 seconds, Stopping threads took: 0.0000194 seconds
156.297: [GC (Allocation Failure)  588378K->261052K(1035264K), 0.0044033 secs]
156.302: Total time for which application threads were stopped: 0.0045712 seconds, Stopping threads took: 0.0000191 seconds
156.370: [GC (Allocation Failure)  583612K->260892K(1035264K), 0.0041699 secs]
156.374: Total time for which application threads were stopped: 0.0043393 seconds, Stopping threads took: 0.0000201 seconds
156.442: [GC (Allocation Failure)  583452K->253722K(1033216K), 0.0012379 secs]
156.443: Total time for which application threads were stopped: 0.0013567 seconds, Stopping threads took: 0.0000199 seconds
156.512: [GC (Allocation Failure)  574234K->261060K(1034240K), 0.0041141 secs]
156.516: Total time for which application threads were stopped: 0.0042896 seconds, Stopping threads took: 0.0000169 seconds
156.583: [GC (Allocation Failure)  581572K->265044K(1035264K), 0.0053225 secs]
156.589: Total time for which application threads were stopped: 0.0054790 seconds, Stopping threads took: 0.0000199 seconds
156.657: [GC (Allocation Failure)  587604K->258034K(1023488K), 0.0012958 secs]
156.658: Total time for which application threads were stopped: 0.0014061 seconds, Stopping threads took: 0.0000171 seconds
156.727: [GC (Allocation Failure)  580594K->265156K(1035264K), 0.0040225 secs]
156.731: Total time for which application threads were stopped: 0.0041735 seconds, Stopping threads took: 0.0000182 seconds
156.799: [GC (Allocation Failure)  587204K->269220K(1034752K), 0.0052894 secs]
156.804: Total time for which application threads were stopped: 0.0054598 seconds, Stopping threads took: 0.0000173 seconds
156.872: [GC (Allocation Failure)  591268K->265282K(1035776K), 0.0029386 secs]
156.875: Total time for which application threads were stopped: 0.0031010 seconds, Stopping threads took: 0.0000261 seconds
156.944: [GC (Allocation Failure)  588866K->269348K(1035776K), 0.0043746 secs]
156.948: Total time for which application threads were stopped: 0.0045363 seconds, Stopping threads took: 0.0000201 seconds
157.016: [GC (Allocation Failure)  592932K->273316K(1035776K), 0.0043450 secs]
157.021: Total time for which application threads were stopped: 0.0045224 seconds, Stopping threads took: 0.0000226 seconds
157.088: [GC (Allocation Failure)  596900K->273316K(1035776K), 0.0041939 secs]
157.093: Total time for which application threads were stopped: 0.0043705 seconds, Stopping threads took: 0.0000197 seconds
157.161: [GC (Allocation Failure)  596900K->273372K(1034752K), 0.0043462 secs]
157.166: Total time for which application threads were stopped: 0.0045030 seconds, Stopping threads took: 0.0000174 seconds
157.233: [GC (Allocation Failure)  595932K->281374K(1035264K), 0.0042324 secs]
157.237: Total time for which application threads were stopped: 0.0043892 seconds, Stopping threads took: 0.0000189 seconds
157.303: [GC (Allocation Failure)  603934K->281342K(1035264K), 0.0041511 secs]
157.308: Total time for which application threads were stopped: 0.0043211 seconds, Stopping threads took: 0.0000283 seconds
157.374: [GC (Allocation Failure)  603902K->281414K(1022464K), 0.0044984 secs]
157.379: Total time for which application threads were stopped: 0.0046745 seconds, Stopping threads took: 0.0000199 seconds
157.447: [GC (Allocation Failure)  603974K->289416K(1034752K), 0.0042531 secs]
157.451: Total time for which application threads were stopped: 0.0044309 seconds, Stopping threads took: 0.0000202 seconds
157.520: [GC (Allocation Failure)  610952K->289384K(1034752K), 0.0043187 secs]
157.524: Total time for which application threads were stopped: 0.0045013 seconds, Stopping threads took: 0.0000198 seconds
157.592: [GC (Allocation Failure)  610920K->289640K(1034752K), 0.0043819 secs]
157.596: Total time for which application threads were stopped: 0.0045524 seconds, Stopping threads took: 0.0000201 seconds
157.665: [GC (Allocation Failure)  611176K->297419K(1029120K), 0.0044293 secs]
157.670: Total time for which application threads were stopped: 0.0046106 seconds, Stopping threads took: 0.0000204 seconds
157.738: [GC (Allocation Failure)  618955K->297451K(1034240K), 0.0042451 secs]
157.743: Total time for which application threads were stopped: 0.0044047 seconds, Stopping threads took: 0.0000198 seconds
157.810: [GC (Allocation Failure)  617963K->297867K(1034240K), 0.0043662 secs]
157.815: Total time for which application threads were stopped: 0.0045275 seconds, Stopping threads took: 0.0000200 seconds
157.882: [GC (Allocation Failure)  618379K->305453K(1034240K), 0.0042977 secs]
157.886: Total time for which application threads were stopped: 0.0044641 seconds, Stopping threads took: 0.0000195 seconds
157.953: [GC (Allocation Failure)  625965K->305485K(1034240K), 0.0044348 secs]
157.957: Total time for which application threads were stopped: 0.0046029 seconds, Stopping threads took: 0.0000193 seconds
158.025: [GC (Allocation Failure)  625997K->305581K(1034240K), 0.0045518 secs]
158.030: Total time for which application threads were stopped: 0.0047433 seconds, Stopping threads took: 0.0000197 seconds
158.099: [GC (Allocation Failure)  626093K->313519K(1028096K), 0.0044577 secs]
158.103: Total time for which application threads were stopped: 0.0046482 seconds, Stopping threads took: 0.0000256 seconds
158.171: [GC (Allocation Failure)  634031K->313487K(1033728K), 0.0043146 secs]
158.176: Total time for which application threads were stopped: 0.0044755 seconds, Stopping threads took: 0.0000202 seconds
158.242: [GC (Allocation Failure)  632975K->313551K(1033728K), 0.0044767 secs]
158.247: Total time for which application threads were stopped: 0.0046528 seconds, Stopping threads took: 0.0000192 seconds
158.314: [GC (Allocation Failure)  633039K->321521K(1033728K), 0.0042474 secs]
158.319: Total time for which application threads were stopped: 0.0044191 seconds, Stopping threads took: 0.0000195 seconds
158.384: [GC (Allocation Failure)  641009K->321521K(1033728K), 0.0042335 secs]
158.389: Total time for which application threads were stopped: 0.0044054 seconds, Stopping threads took: 0.0000199 seconds
158.456: [GC (Allocation Failure)  641009K->321801K(1033728K), 0.0046131 secs]
158.460: Total time for which application threads were stopped: 0.0047766 seconds, Stopping threads took: 0.0000200 seconds
158.526: [GC (Allocation Failure)  641289K->329580K(1033728K), 0.0045364 secs]
158.531: Total time for which application threads were stopped: 0.0047252 seconds, Stopping threads took: 0.0000198 seconds
158.597: [GC (Allocation Failure)  649067K->325641K(1034240K), 0.0031074 secs]
158.600: Total time for which application threads were stopped: 0.0032965 seconds, Stopping threads took: 0.0000197 seconds
158.669: [GC (Allocation Failure)  645641K->329708K(1033728K), 0.0046192 secs]
158.674: Total time for which application threads were stopped: 0.0048062 seconds, Stopping threads took: 0.0000189 seconds
158.741: [GC (Allocation Failure)  649708K->333676K(1034752K), 0.0045666 secs]
158.746: Total time for which application threads were stopped: 0.0047371 seconds, Stopping threads took: 0.0000206 seconds
158.813: [GC (Allocation Failure)  655212K->327913K(1034752K), 0.0020522 secs]
158.815: Total time for which application threads were stopped: 0.0021846 seconds, Stopping threads took: 0.0000200 seconds
158.884: [GC (Allocation Failure)  649449K->333772K(1035264K), 0.0044218 secs]
158.889: Total time for which application threads were stopped: 0.0046043 seconds, Stopping threads took: 0.0000174 seconds
158.959: [GC (Allocation Failure)  655820K->337844K(1034752K), 0.0048714 secs]
158.964: Total time for which application threads were stopped: 0.0050664 seconds, Stopping threads took: 0.0000203 seconds
159.032: [GC (Allocation Failure)  659630K->333905K(1035776K), 0.0033126 secs]
159.035: Total time for which application threads were stopped: 0.0034820 seconds, Stopping threads took: 0.0000208 seconds
159.103: [GC (Allocation Failure)  656977K->337964K(1035264K), 0.0045956 secs]
159.107: Total time for which application threads were stopped: 0.0047792 seconds, Stopping threads took: 0.0000202 seconds
159.177: [GC (Allocation Failure)  661036K->341964K(1035264K), 0.0045070 secs]
159.182: Total time for which application threads were stopped: 0.0046769 seconds, Stopping threads took: 0.0000202 seconds
159.250: [GC (Allocation Failure)  665548K->341932K(1035776K), 0.0042484 secs]
159.254: Total time for which application threads were stopped: 0.0044222 seconds, Stopping threads took: 0.0000206 seconds
159.322: [GC (Allocation Failure)  665516K->341996K(1034752K), 0.0046555 secs]
159.327: Total time for which application threads were stopped: 0.0048341 seconds, Stopping threads took: 0.0000286 seconds
159.394: [GC (Allocation Failure)  664556K->349998K(1035264K), 0.0044793 secs]
159.399: Total time for which application threads were stopped: 0.0046472 seconds, Stopping threads took: 0.0000207 seconds
159.465: [GC (Allocation Failure)  672558K->349966K(1034240K), 0.0043900 secs]
159.470: Total time for which application threads were stopped: 0.0045581 seconds, Stopping threads took: 0.0000200 seconds
159.536: [GC (Allocation Failure)  671502K->350022K(1034752K), 0.0044229 secs]
159.541: Total time for which application threads were stopped: 0.0045788 seconds, Stopping threads took: 0.0000198 seconds
159.607: [GC (Allocation Failure)  671558K->358024K(1033728K), 0.0045721 secs]
159.611: Total time for which application threads were stopped: 0.0047579 seconds, Stopping threads took: 0.0000212 seconds
159.679: [GC (Allocation Failure)  678536K->358024K(1034240K), 0.0044529 secs]
159.683: Total time for which application threads were stopped: 0.0046481 seconds, Stopping threads took: 0.0000203 seconds
159.751: [GC (Allocation Failure)  678536K->358216K(1034240K), 0.0044952 secs]
159.756: Total time for which application threads were stopped: 0.0046441 seconds, Stopping threads took: 0.0000172 seconds
159.822: [GC (Allocation Failure)  678728K->366059K(1034240K), 0.0044253 secs]
159.827: Total time for which application threads were stopped: 0.0045911 seconds, Stopping threads took: 0.0000254 seconds
159.892: [GC (Allocation Failure)  686571K->366059K(1033216K), 0.0045834 secs]
159.897: Total time for which application threads were stopped: 0.0047599 seconds, Stopping threads took: 0.0000246 seconds
159.963: [GC (Allocation Failure)  685547K->366187K(1033728K), 0.0047203 secs]
159.968: Total time for which application threads were stopped: 0.0048806 seconds, Stopping threads took: 0.0000194 seconds
160.035: [GC (Allocation Failure)  685675K->374093K(1033728K), 0.0044455 secs]
160.039: Total time for which application threads were stopped: 0.0046125 seconds, Stopping threads took: 0.0000197 seconds
160.107: [GC (Allocation Failure)  693581K->374061K(1033728K), 0.0058530 secs]
160.113: Total time for which application threads were stopped: 0.0060629 seconds, Stopping threads took: 0.0000195 seconds
160.179: [GC (Allocation Failure)  693549K->374189K(1033728K), 0.0047858 secs]
160.184: Total time for which application threads were stopped: 0.0049514 seconds, Stopping threads took: 0.0000196 seconds
160.251: [GC (Allocation Failure)  693677K->382095K(1033728K), 0.0046815 secs]
160.255: Total time for which application threads were stopped: 0.0048431 seconds, Stopping threads took: 0.0000206 seconds
160.323: [GC (Allocation Failure)  701581K->378189K(1034240K), 0.0032218 secs]
160.326: Total time for which application threads were stopped: 0.0034274 seconds, Stopping threads took: 0.0000263 seconds
160.396: [GC (Allocation Failure)  698189K->382247K(1033728K), 0.0046784 secs]
160.401: Total time for which application threads were stopped: 0.0048352 seconds, Stopping threads took: 0.0000167 seconds
160.467: [GC (Allocation Failure)  702247K->386183K(1034752K), 0.0045762 secs]
160.472: Total time for which application threads were stopped: 0.0047486 seconds, Stopping threads took: 0.0000211 seconds
160.539: [GC (Allocation Failure)  707719K->380453K(1034752K), 0.0024726 secs]
160.542: Total time for which application threads were stopped: 0.0026227 seconds, Stopping threads took: 0.0000203 seconds
160.610: [GC (Allocation Failure)  701989K->386287K(1035264K), 0.0044587 secs]
160.614: Total time for which application threads were stopped: 0.0046414 seconds, Stopping threads took: 0.0000205 seconds
160.680: [GC (Allocation Failure)  708335K->390391K(1034752K), 0.0048513 secs]
160.685: Total time for which application threads were stopped: 0.0050505 seconds, Stopping threads took: 0.0000354 seconds
160.752: [GC (Allocation Failure)  712177K->386453K(1035776K), 0.0066415 secs]
160.758: Total time for which application threads were stopped: 0.0067948 seconds, Stopping threads took: 0.0000174 seconds
160.827: [GC (Allocation Failure)  709525K->390527K(1035264K), 0.0046119 secs]
160.832: Total time for which application threads were stopped: 0.0047847 seconds, Stopping threads took: 0.0000196 seconds
160.899: [GC (Allocation Failure)  713599K->394527K(1035264K), 0.0045745 secs]
160.904: Total time for which application threads were stopped: 0.0047501 seconds, Stopping threads took: 0.0000213 seconds
160.973: [GC (Allocation Failure)  718111K->394495K(1035776K), 0.0058884 secs]
160.979: Total time for which application threads were stopped: 0.0060580 seconds, Stopping threads took: 0.0000197 seconds
161.047: [GC (Allocation Failure)  718079K->394567K(1034752K), 0.0046757 secs]
161.052: Total time for which application threads were stopped: 0.0048508 seconds, Stopping threads took: 0.0000197 seconds
161.119: [GC (Allocation Failure)  717127K->402537K(1035264K), 0.0045235 secs]
161.123: Total time for which application threads were stopped: 0.0046886 seconds, Stopping threads took: 0.0000208 seconds
161.192: [GC (Allocation Failure)  725097K->402537K(1034240K), 0.0044617 secs]
161.197: Total time for which application threads were stopped: 0.0046281 seconds, Stopping threads took: 0.0000197 seconds
161.265: [GC (Allocation Failure)  724073K->402601K(1034752K), 0.0044707 secs]
161.269: Total time for which application threads were stopped: 0.0046281 seconds, Stopping threads took: 0.0000192 seconds
161.336: [GC (Allocation Failure)  724137K->410540K(1034752K), 0.0047214 secs]
161.340: Total time for which application threads were stopped: 0.0048972 seconds, Stopping threads took: 0.0000272 seconds
161.408: [GC (Allocation Failure)  732076K->410604K(1029120K), 0.0044492 secs]
161.413: Total time for which application threads were stopped: 0.0046165 seconds, Stopping threads took: 0.0000277 seconds
161.478: [GC (Allocation Failure)  732140K->410820K(1034240K), 0.0048686 secs]
161.483: Total time for which application threads were stopped: 0.0050445 seconds, Stopping threads took: 0.0000206 seconds
161.553: [GC (Allocation Failure)  731332K->418566K(1034240K), 0.0044403 secs]
161.557: Total time for which application threads were stopped: 0.0045996 seconds, Stopping threads took: 0.0000198 seconds
161.625: [GC (Allocation Failure)  739078K->418630K(1034240K), 0.0046311 secs]
161.630: Total time for which application threads were stopped: 0.0047917 seconds, Stopping threads took: 0.0000198 seconds
161.697: [GC (Allocation Failure)  739142K->419046K(1020416K), 0.0048137 secs]
161.702: Total time for which application threads were stopped: 0.0049940 seconds, Stopping threads took: 0.0000198 seconds
161.768: [GC (Allocation Failure)  739558K->426632K(1033728K), 0.0045093 secs]
161.773: Total time for which application threads were stopped: 0.0046722 seconds, Stopping threads took: 0.0000280 seconds
161.841: [GC (Allocation Failure)  746120K->426632K(1033728K), 0.0043362 secs]
161.845: Total time for which application threads were stopped: 0.0044878 seconds, Stopping threads took: 0.0000256 seconds
161.911: [GC (Allocation Failure)  746120K->426760K(1033728K), 0.0047973 secs]
161.916: Total time for which application threads were stopped: 0.0049769 seconds, Stopping threads took: 0.0000198 seconds
161.983: [GC (Allocation Failure)  746248K->434698K(1033728K), 0.0043444 secs]
161.988: Total time for which application threads were stopped: 0.0045045 seconds, Stopping threads took: 0.0000199 seconds
162.055: [GC (Allocation Failure)  754186K->434666K(1033728K), 0.0045698 secs]
162.059: Total time for which application threads were stopped: 0.0047366 seconds, Stopping threads took: 0.0000192 seconds
162.125: [GC (Allocation Failure)  754154K->434730K(1033728K), 0.0071495 secs]
162.132: Total time for which application threads were stopped: 0.0073429 seconds, Stopping threads took: 0.0000192 seconds
162.201: [GC (Allocation Failure)  754218K->442701K(1032704K), 0.0046125 secs]
162.206: Total time for which application threads were stopped: 0.0047747 seconds, Stopping threads took: 0.0000183 seconds
162.273: [GC (Allocation Failure)  761165K->437130K(1033216K), 0.0024414 secs]
162.275: Total time for which application threads were stopped: 0.0026197 seconds, Stopping threads took: 0.0000261 seconds
162.344: [GC (Allocation Failure)  755594K->442949K(1034752K), 0.0046639 secs]
162.349: Total time for which application threads were stopped: 0.0048596 seconds, Stopping threads took: 0.0000213 seconds
162.418: [GC (Allocation Failure)  763461K->446837K(1033728K), 0.0048136 secs]
162.423: Total time for which application threads were stopped: 0.0049793 seconds, Stopping threads took: 0.0000259 seconds
162.491: [GC (Allocation Failure)  767349K->453730K(1029120K), 0.0077155 secs]
162.498: Total time for which application threads were stopped: 0.0079098 seconds, Stopping threads took: 0.0000202 seconds
162.566: [GC (Allocation Failure)  769122K->447653K(1031680K), 0.0047947 secs]
162.571: Total time for which application threads were stopped: 0.0049553 seconds, Stopping threads took: 0.0000197 seconds
162.635: [GC (Allocation Failure)  763045K->447461K(1032704K), 0.0046835 secs]
162.640: Total time for which application threads were stopped: 0.0048515 seconds, Stopping threads took: 0.0000196 seconds
162.704: [GC (Allocation Failure)  764389K->450853K(1032192K), 0.0055060 secs]
162.710: Total time for which application threads were stopped: 0.0056746 seconds, Stopping threads took: 0.0000190 seconds
162.777: [GC (Allocation Failure)  767781K->455623K(1033216K), 0.0044587 secs]
162.781: Total time for which application threads were stopped: 0.0046259 seconds, Stopping threads took: 0.0000197 seconds
162.850: [GC (Allocation Failure)  773575K->455495K(1032704K), 0.0045356 secs]
162.855: Total time for which application threads were stopped: 0.0046911 seconds, Stopping threads took: 0.0000162 seconds
162.921: [GC (Allocation Failure)  773447K->456551K(1033216K), 0.0047970 secs]
162.926: Total time for which application threads were stopped: 0.0049647 seconds, Stopping threads took: 0.0000277 seconds
162.995: [GC (Allocation Failure)  775015K->463561K(1033216K), 0.0048444 secs]
163.000: Total time for which application threads were stopped: 0.0050320 seconds, Stopping threads took: 0.0000355 seconds
163.068: [GC (Allocation Failure)  782025K->463561K(1033728K), 0.0045564 secs]
163.072: Total time for which application threads were stopped: 0.0047575 seconds, Stopping threads took: 0.0000270 seconds
163.141: [GC (Allocation Failure)  782537K->465185K(1033216K), 0.0068111 secs]
163.148: Total time for which application threads were stopped: 0.0070188 seconds, Stopping threads took: 0.0000257 seconds
163.217: [GC (Allocation Failure)  784161K->471619K(1033728K), 0.0044819 secs]
163.222: Total time for which application threads were stopped: 0.0046761 seconds, Stopping threads took: 0.0000198 seconds
163.288: [GC (Allocation Failure)  791107K->471555K(1033728K), 0.0046477 secs]
163.293: Total time for which application threads were stopped: 0.0048092 seconds, Stopping threads took: 0.0000195 seconds
163.359: [GC (Allocation Failure)  791043K->471915K(1033728K), 0.0051121 secs]
163.365: Total time for which application threads were stopped: 0.0052821 seconds, Stopping threads took: 0.0000200 seconds
163.432: [GC (Allocation Failure)  791403K->479630K(1033728K), 0.0046542 secs]
163.437: Total time for which application threads were stopped: 0.0048441 seconds, Stopping threads took: 0.0000387 seconds
163.504: [GC (Allocation Failure)  799118K->479598K(1033728K), 0.0046099 secs]
163.509: Total time for which application threads were stopped: 0.0048220 seconds, Stopping threads took: 0.0000246 seconds
163.577: [GC (Allocation Failure)  799086K->483206K(1033728K), 0.0057832 secs]
163.583: Total time for which application threads were stopped: 0.0059529 seconds, Stopping threads took: 0.0000190 seconds
163.650: [GC (Allocation Failure)  802694K->487720K(1034240K), 0.0048811 secs]
163.655: Total time for which application threads were stopped: 0.0050375 seconds, Stopping threads took: 0.0000196 seconds
163.723: [GC (Allocation Failure)  808232K->487624K(1034240K), 0.0046970 secs]
163.728: Total time for which application threads were stopped: 0.0048569 seconds, Stopping threads took: 0.0000198 seconds
163.794: [GC (Allocation Failure)  808136K->488360K(1034240K), 0.0046789 secs]
163.799: Total time for which application threads were stopped: 0.0048399 seconds, Stopping threads took: 0.0000263 seconds
163.869: [GC (Allocation Failure)  808872K->495690K(1034240K), 0.0046292 secs]
163.873: Total time for which application threads were stopped: 0.0048248 seconds, Stopping threads took: 0.0000264 seconds
163.943: [GC (Allocation Failure)  816202K->495658K(1034240K), 0.0046073 secs]
163.947: Total time for which application threads were stopped: 0.0048016 seconds, Stopping threads took: 0.0000201 seconds
164.016: [GC (Allocation Failure)  816170K->496618K(1034240K), 0.0048963 secs]
164.021: Total time for which application threads were stopped: 0.0050649 seconds, Stopping threads took: 0.0000276 seconds
164.088: [GC (Allocation Failure)  817130K->503693K(1034240K), 0.0048745 secs]
164.093: Total time for which application threads were stopped: 0.0050604 seconds, Stopping threads took: 0.0000222 seconds
164.161: [GC (Allocation Failure)  824205K->503693K(1034240K), 0.0047430 secs]
164.166: Total time for which application threads were stopped: 0.0048910 seconds, Stopping threads took: 0.0000172 seconds
164.234: [GC (Allocation Failure)  824205K->504845K(1034240K), 0.0050512 secs]
164.240: Total time for which application threads were stopped: 0.0052243 seconds, Stopping threads took: 0.0000198 seconds
164.309: [GC (Allocation Failure)  825357K->511791K(1034240K), 0.0048275 secs]
164.314: Total time for which application threads were stopped: 0.0050024 seconds, Stopping threads took: 0.0000272 seconds
164.381: [GC (Allocation Failure)  832303K->511727K(1034240K), 0.0047716 secs]
164.386: Total time for which application threads were stopped: 0.0049306 seconds, Stopping threads took: 0.0000198 seconds
164.455: [GC (Allocation Failure)  832239K->512071K(1020416K), 0.0049172 secs]
164.460: Total time for which application threads were stopped: 0.0050889 seconds, Stopping threads took: 0.0000207 seconds
164.530: [GC (Allocation Failure)  832583K->519817K(1033728K), 0.0048446 secs]
164.535: Total time for which application threads were stopped: 0.0050226 seconds, Stopping threads took: 0.0000260 seconds
164.603: [GC (Allocation Failure)  839305K->519721K(1033728K), 0.0047504 secs]
164.608: Total time for which application threads were stopped: 0.0049227 seconds, Stopping threads took: 0.0000202 seconds
164.674: [GC (Allocation Failure)  839209K->520329K(1033728K), 0.0046885 secs]
164.678: Total time for which application threads were stopped: 0.0048550 seconds, Stopping threads took: 0.0000203 seconds
164.747: [GC (Allocation Failure)  839817K->527851K(1033728K), 0.0049369 secs]
164.752: Total time for which application threads were stopped: 0.0051301 seconds, Stopping threads took: 0.0000202 seconds
164.821: [GC (Allocation Failure)  847339K->527787K(1033728K), 0.0046563 secs]
164.826: Total time for which application threads were stopped: 0.0048228 seconds, Stopping threads took: 0.0000256 seconds
164.893: [GC (Allocation Failure)  847275K->528523K(1033728K), 0.0048840 secs]
164.898: Total time for which application threads were stopped: 0.0050597 seconds, Stopping threads took: 0.0000266 seconds
164.966: [GC (Allocation Failure)  848011K->535822K(1033728K), 0.0047428 secs]
164.970: Total time for which application threads were stopped: 0.0049038 seconds, Stopping threads took: 0.0000205 seconds
165.037: [GC (Allocation Failure)  855310K->535822K(1033728K), 0.0047729 secs]
165.042: Total time for which application threads were stopped: 0.0049478 seconds, Stopping threads took: 0.0000205 seconds
165.110: [GC (Allocation Failure)  855310K->537798K(1033728K), 0.0054020 secs]
165.115: Total time for which application threads were stopped: 0.0055617 seconds, Stopping threads took: 0.0000179 seconds
165.184: [GC (Allocation Failure)  857286K->543848K(1033728K), 0.0047552 secs]
165.189: Total time for which application threads were stopped: 0.0049253 seconds, Stopping threads took: 0.0000261 seconds
165.256: [GC (Allocation Failure)  863336K->543848K(1033728K), 0.0046818 secs]
165.261: Total time for which application threads were stopped: 0.0048457 seconds, Stopping threads took: 0.0000170 seconds
165.328: [GC (Allocation Failure)  863336K->545000K(1033728K), 0.0050640 secs]
165.333: Total time for which application threads were stopped: 0.0052415 seconds, Stopping threads took: 0.0000270 seconds
165.401: [GC (Allocation Failure)  864488K->551914K(1033728K), 0.0049094 secs]
165.406: Total time for which application threads were stopped: 0.0050836 seconds, Stopping threads took: 0.0000206 seconds
165.473: [GC (Allocation Failure)  871402K->551850K(1033728K), 0.0046684 secs]
165.478: Total time for which application threads were stopped: 0.0048482 seconds, Stopping threads took: 0.0000203 seconds
165.544: [GC (Allocation Failure)  871338K->552194K(1033728K), 0.0048741 secs]
165.549: Total time for which application threads were stopped: 0.0050727 seconds, Stopping threads took: 0.0000272 seconds
165.618: [GC (Allocation Failure)  871682K->559908K(1033728K), 0.0047221 secs]
165.623: Total time for which application threads were stopped: 0.0048908 seconds, Stopping threads took: 0.0000201 seconds
165.690: [GC (Allocation Failure)  879396K->559908K(1033728K), 0.0048716 secs]
165.695: Total time for which application threads were stopped: 0.0050357 seconds, Stopping threads took: 0.0000204 seconds
165.762: [GC (Allocation Failure)  879396K->560452K(1033728K), 0.0051978 secs]
165.767: Total time for which application threads were stopped: 0.0053704 seconds, Stopping threads took: 0.0000205 seconds
165.835: [GC (Allocation Failure)  879940K->567975K(1033728K), 0.0048837 secs]
165.840: Total time for which application threads were stopped: 0.0050643 seconds, Stopping threads took: 0.0000199 seconds
165.906: [GC (Allocation Failure)  887463K->567943K(1033728K), 0.0049500 secs]
165.911: Total time for which application threads were stopped: 0.0051299 seconds, Stopping threads took: 0.0000200 seconds
165.977: [GC (Allocation Failure)  887431K->568647K(1033728K), 0.0049259 secs]
165.982: Total time for which application threads were stopped: 0.0050818 seconds, Stopping threads took: 0.0000189 seconds
166.051: [GC (Allocation Failure)  888135K->575945K(1033728K), 0.0047183 secs]
166.056: Total time for which application threads were stopped: 0.0048665 seconds, Stopping threads took: 0.0000171 seconds
166.122: [GC (Allocation Failure)  895433K->575977K(1033728K), 0.0101569 secs]
166.133: Total time for which application threads were stopped: 0.0103517 seconds, Stopping threads took: 0.0000198 seconds
166.201: [GC (Allocation Failure)  895465K->576937K(1033728K), 0.0050350 secs]
166.206: Total time for which application threads were stopped: 0.0052053 seconds, Stopping threads took: 0.0000193 seconds
166.274: [GC (Allocation Failure)  896425K->584011K(1033728K), 0.0047050 secs]
166.279: Total time for which application threads were stopped: 0.0048657 seconds, Stopping threads took: 0.0000261 seconds
166.346: [GC (Allocation Failure)  903499K->583979K(1033728K), 0.0048034 secs]
166.351: Total time for which application threads were stopped: 0.0049667 seconds, Stopping threads took: 0.0000205 seconds
166.417: [GC (Allocation Failure)  903467K->584099K(1033728K), 0.0051487 secs]
166.422: Total time for which application threads were stopped: 0.0053187 seconds, Stopping threads took: 0.0000200 seconds
166.490: [GC (Allocation Failure)  903587K->592037K(1027072K), 0.0048873 secs]
166.495: Total time for which application threads were stopped: 0.0050656 seconds, Stopping threads took: 0.0000200 seconds
166.563: [GC (Allocation Failure)  911525K->592005K(1033728K), 0.0048630 secs]
166.568: Total time for which application threads were stopped: 0.0050573 seconds, Stopping threads took: 0.0000190 seconds
166.634: [GC (Allocation Failure)  910981K->592869K(1033216K), 0.0050441 secs]
166.639: Total time for which application threads were stopped: 0.0052025 seconds, Stopping threads took: 0.0000202 seconds
166.707: [GC (Allocation Failure)  911845K->600104K(1032704K), 0.0049859 secs]
166.712: Total time for which application threads were stopped: 0.0051496 seconds, Stopping threads took: 0.0000199 seconds
166.777: [GC (Allocation Failure)  918568K->600072K(1033216K), 0.0047303 secs]
166.782: Total time for which application threads were stopped: 0.0048846 seconds, Stopping threads took: 0.0000203 seconds
166.846: [GC (Allocation Failure)  918536K->600584K(1033728K), 0.0049695 secs]
166.851: Total time for which application threads were stopped: 0.0051345 seconds, Stopping threads took: 0.0000253 seconds
166.919: [GC (Allocation Failure)  920072K->608106K(1027072K), 0.0048972 secs]
166.924: Total time for which application threads were stopped: 0.0050701 seconds, Stopping threads took: 0.0000256 seconds
166.991: [GC (Allocation Failure)  927594K->608138K(1033216K), 0.0047582 secs]
166.996: Total time for which application threads were stopped: 0.0049200 seconds, Stopping threads took: 0.0000200 seconds
167.062: [GC (Allocation Failure)  926602K->608266K(1033216K), 0.0057671 secs]
167.068: Total time for which application threads were stopped: 0.0059325 seconds, Stopping threads took: 0.0000283 seconds
167.135: [GC (Allocation Failure)  926730K->616108K(1033216K), 0.0059121 secs]
167.141: Total time for which application threads were stopped: 0.0061289 seconds, Stopping threads took: 0.0000271 seconds
167.210: [GC (Allocation Failure)  934572K->616140K(1033216K), 0.0049839 secs]
167.215: Total time for which application threads were stopped: 0.0051432 seconds, Stopping threads took: 0.0000206 seconds
167.280: [GC (Allocation Failure)  934604K->616300K(1033216K), 0.0049709 secs]
167.285: Total time for which application threads were stopped: 0.0051413 seconds, Stopping threads took: 0.0000281 seconds
167.351: [GC (Allocation Failure)  934764K->624207K(1033216K), 0.0050106 secs]
167.356: Total time for which application threads were stopped: 0.0052046 seconds, Stopping threads took: 0.0000200 seconds
167.423: [GC (Allocation Failure)  942671K->624175K(1033216K), 0.0049289 secs]
167.428: Total time for which application threads were stopped: 0.0051558 seconds, Stopping threads took: 0.0000200 seconds
167.495: [GC (Allocation Failure)  942639K->624231K(1033216K), 0.0050413 secs]
167.501: Total time for which application threads were stopped: 0.0051896 seconds, Stopping threads took: 0.0000175 seconds
167.566: [GC (Allocation Failure)  942695K->632233K(1033216K), 0.0048279 secs]
167.571: Total time for which application threads were stopped: 0.0050027 seconds, Stopping threads took: 0.0000201 seconds
167.638: [GC (Allocation Failure)  950697K->632201K(1033216K), 0.0049557 secs]
167.643: Total time for which application threads were stopped: 0.0051296 seconds, Stopping threads took: 0.0000205 seconds
167.708: [GC (Allocation Failure)  950665K->632489K(1033216K), 0.0050678 secs]
167.713: Total time for which application threads were stopped: 0.0052648 seconds, Stopping threads took: 0.0000205 seconds
167.782: [GC (Allocation Failure)  950953K->640267K(1033216K), 0.0048932 secs]
167.787: Total time for which application threads were stopped: 0.0050503 seconds, Stopping threads took: 0.0000261 seconds
167.852: [GC (Allocation Failure)  958731K->640235K(1033216K), 0.0048801 secs]
167.857: Total time for which application threads were stopped: 0.0050420 seconds, Stopping threads took: 0.0000205 seconds
167.921: [GC (Allocation Failure)  958699K->640483K(1033216K), 0.0052037 secs]
167.926: Total time for which application threads were stopped: 0.0053650 seconds, Stopping threads took: 0.0000201 seconds
167.994: [GC (Allocation Failure)  958947K->648293K(1033216K), 0.0063522 secs]
168.001: Total time for which application threads were stopped: 0.0065242 seconds, Stopping threads took: 0.0000205 seconds
168.067: [GC (Allocation Failure)  966757K->644387K(1033216K), 0.0040379 secs]
168.071: Total time for which application threads were stopped: 0.0042165 seconds, Stopping threads took: 0.0000201 seconds
168.139: [GC (Allocation Failure)  962851K->648349K(1034752K), 0.0064599 secs]
168.145: Total time for which application threads were stopped: 0.0066656 seconds, Stopping threads took: 0.0000291 seconds
168.213: [GC (Allocation Failure)  968861K->652381K(1033728K), 0.0050085 secs]
168.218: Total time for which application threads were stopped: 0.0051651 seconds, Stopping threads took: 0.0000175 seconds
168.286: [GC (Allocation Failure)  972893K->644571K(1034240K), 0.0017456 secs]
168.288: Total time for which application threads were stopped: 0.0018916 seconds, Stopping threads took: 0.0000198 seconds
168.355: [GC (Allocation Failure)  965083K->652445K(1034240K), 0.0050435 secs]
168.360: Total time for which application threads were stopped: 0.0052045 seconds, Stopping threads took: 0.0000196 seconds
168.427: [GC (Allocation Failure)  972957K->656525K(1033216K), 0.0065527 secs]
168.434: Total time for which application threads were stopped: 0.0067221 seconds, Stopping threads took: 0.0000196 seconds
168.501: [GC (Allocation Failure)  976013K->662219K(1032704K), 0.0076063 secs]
168.508: Total time for which application threads were stopped: 0.0078025 seconds, Stopping threads took: 0.0000202 seconds
168.576: [GC (Allocation Failure)  981707K->656781K(1031680K), 0.0051191 secs]
168.582: Total time for which application threads were stopped: 0.0052931 seconds, Stopping threads took: 0.0000203 seconds
168.649: [GC (Allocation Failure)  973197K->656557K(1032192K), 0.0049486 secs]
168.654: Total time for which application threads were stopped: 0.0050947 seconds, Stopping threads took: 0.0000173 seconds
168.722: [GC (Allocation Failure)  972973K->651179K(1032704K), 0.0029634 secs]
168.725: Total time for which application threads were stopped: 0.0031176 seconds, Stopping threads took: 0.0000169 seconds
168.793: [GC (Allocation Failure)  968619K->656717K(1032704K), 0.0050583 secs]
168.798: Total time for which application threads were stopped: 0.0052249 seconds, Stopping threads took: 0.0000259 seconds
168.866: [GC (Allocation Failure)  974157K->656525K(1033216K), 0.0050946 secs]
168.871: Total time for which application threads were stopped: 0.0052817 seconds, Stopping threads took: 0.0000260 seconds
168.937: [GC (Allocation Failure)  974477K->656869K(1032704K), 0.0050901 secs]
168.942: Total time for which application threads were stopped: 0.0052625 seconds, Stopping threads took: 0.0000204 seconds
169.010: [GC (Allocation Failure)  974821K->664680K(1033216K), 0.0064703 secs]
169.017: Total time for which application threads were stopped: 0.0066432 seconds, Stopping threads took: 0.0000204 seconds
169.084: [GC (Allocation Failure)  983144K->664552K(1033216K), 0.0064796 secs]
169.091: Total time for which application threads were stopped: 0.0066541 seconds, Stopping threads took: 0.0000207 seconds
169.158: [GC (Allocation Failure)  983016K->668712K(1033728K), 0.0060459 secs]
169.164: Total time for which application threads were stopped: 0.0062408 seconds, Stopping threads took: 0.0000201 seconds
169.233: [GC (Allocation Failure)  987688K->672650K(1033216K), 0.0049200 secs]
169.238: Total time for which application threads were stopped: 0.0050824 seconds, Stopping threads took: 0.0000200 seconds
169.306: [GC (Allocation Failure)  991626K->672554K(1034240K), 0.0048187 secs]
169.310: Total time for which application threads were stopped: 0.0049885 seconds, Stopping threads took: 0.0000266 seconds
169.379: [GC (Allocation Failure)  992554K->675370K(1033728K), 0.0056435 secs]
169.384: Total time for which application threads were stopped: 0.0058232 seconds, Stopping threads took: 0.0000198 seconds
169.451: [GC (Allocation Failure)  995370K->680652K(1034240K), 0.0048643 secs]
169.456: Total time for which application threads were stopped: 0.0050663 seconds, Stopping threads took: 0.0000203 seconds
169.524: [GC (Allocation Failure)  1001164K->680620K(1034240K), 0.0050100 secs]
169.530: Total time for which application threads were stopped: 0.0051677 seconds, Stopping threads took: 0.0000175 seconds
169.597: [GC (Allocation Failure)  1001132K->681028K(1034240K), 0.0052872 secs]
169.602: Total time for which application threads were stopped: 0.0054490 seconds, Stopping threads took: 0.0000201 seconds
169.670: [GC (Allocation Failure)  1001540K->688678K(1034240K), 0.0050998 secs]
169.675: Total time for which application threads were stopped: 0.0052819 seconds, Stopping threads took: 0.0000276 seconds
169.743: [GC (Allocation Failure)  1009190K->688646K(1034240K), 0.0051441 secs]
169.748: Total time for which application threads were stopped: 0.0053144 seconds, Stopping threads took: 0.0000194 seconds
169.816: [GC (Allocation Failure)  1009158K->691334K(1034240K), 0.0054387 secs]
169.821: [Full GC (Ergonomics)  691334K->11154K(1034240K), 0.0164171 secs]
169.838: Total time for which application threads were stopped: 0.0221100 seconds, Stopping threads took: 0.0000198 seconds
169.906: [GC (Allocation Failure)  331666K->20724K(1033216K), 0.0037701 secs]
169.910: Total time for which application threads were stopped: 0.0039309 seconds, Stopping threads took: 0.0000205 seconds
169.976: [GC (Allocation Failure)  340212K->20660K(1033728K), 0.0050334 secs]
169.981: Total time for which application threads were stopped: 0.0051929 seconds, Stopping threads took: 0.0000196 seconds
170.048: [GC (Allocation Failure)  340148K->23564K(1034240K), 0.0053125 secs]
170.053: Total time for which application threads were stopped: 0.0054875 seconds, Stopping threads took: 0.0000201 seconds
170.121: [GC (Allocation Failure)  344076K->28846K(1034240K), 0.0037959 secs]
170.125: Total time for which application threads were stopped: 0.0039677 seconds, Stopping threads took: 0.0000227 seconds
170.196: [GC (Allocation Failure)  349358K->28718K(1034240K), 0.0040209 secs]
170.200: Total time for which application threads were stopped: 0.0042037 seconds, Stopping threads took: 0.0000198 seconds
170.267: [GC (Allocation Failure)  349230K->29734K(1034240K), 0.0043253 secs]
170.271: Total time for which application threads were stopped: 0.0044968 seconds, Stopping threads took: 0.0000204 seconds
170.340: [GC (Allocation Failure)  350246K->36808K(1034240K), 0.0038754 secs]
170.344: Total time for which application threads were stopped: 0.0040805 seconds, Stopping threads took: 0.0000204 seconds
170.412: [GC (Allocation Failure)  357320K->36776K(1034240K), 0.0039632 secs]
170.416: Total time for which application threads were stopped: 0.0041356 seconds, Stopping threads took: 0.0000226 seconds
170.483: [GC (Allocation Failure)  357288K->36968K(1034240K), 0.0038571 secs]
170.487: Total time for which application threads were stopped: 0.0040354 seconds, Stopping threads took: 0.0000216 seconds
170.555: [GC (Allocation Failure)  357480K->44779K(1034240K), 0.0039440 secs]
170.559: Total time for which application threads were stopped: 0.0041163 seconds, Stopping threads took: 0.0000210 seconds
170.629: [GC (Allocation Failure)  365291K->44779K(1034240K), 0.0035581 secs]
170.632: Total time for which application threads were stopped: 0.0037260 seconds, Stopping threads took: 0.0000194 seconds
170.699: [GC (Allocation Failure)  365291K->46227K(1034240K), 0.0042248 secs]
170.703: Total time for which application threads were stopped: 0.0044071 seconds, Stopping threads took: 0.0000206 seconds
170.773: [GC (Allocation Failure)  366739K->52885K(1034240K), 0.0037580 secs]
170.777: Total time for which application threads were stopped: 0.0039256 seconds, Stopping threads took: 0.0000254 seconds
170.845: [GC (Allocation Failure)  373397K->52853K(1034240K), 0.0035093 secs]
170.849: Total time for which application threads were stopped: 0.0036759 seconds, Stopping threads took: 0.0000260 seconds
170.916: [GC (Allocation Failure)  373365K->52917K(1033216K), 0.0041288 secs]
170.920: Total time for which application threads were stopped: 0.0043202 seconds, Stopping threads took: 0.0000204 seconds
170.988: [GC (Allocation Failure)  372405K->60855K(1033728K), 0.0038825 secs]
170.992: Total time for which application threads were stopped: 0.0040618 seconds, Stopping threads took: 0.0000199 seconds
171.058: [GC (Allocation Failure)  380343K->60887K(1033728K), 0.0040193 secs]
171.062: Total time for which application threads were stopped: 0.0042006 seconds, Stopping threads took: 0.0000202 seconds
171.129: [GC (Allocation Failure)  380375K->61687K(1033728K), 0.0046178 secs]
171.134: Total time for which application threads were stopped: 0.0047757 seconds, Stopping threads took: 0.0000254 seconds
171.202: [GC (Allocation Failure)  381175K->68889K(1033728K), 0.0039494 secs]
171.206: Total time for which application threads were stopped: 0.0041244 seconds, Stopping threads took: 0.0000257 seconds
171.275: [GC (Allocation Failure)  388377K->68889K(1033728K), 0.0037372 secs]
171.279: Total time for which application threads were stopped: 0.0039032 seconds, Stopping threads took: 0.0000273 seconds
171.345: [GC (Allocation Failure)  388377K->70977K(1034240K), 0.0042554 secs]
171.350: Total time for which application threads were stopped: 0.0044251 seconds, Stopping threads took: 0.0000196 seconds
171.417: [GC (Allocation Failure)  390977K->76964K(1033728K), 0.0038268 secs]
171.421: Total time for which application threads were stopped: 0.0039981 seconds, Stopping threads took: 0.0000203 seconds
171.489: [GC (Allocation Failure)  396964K->76964K(1034240K), 0.0040742 secs]
171.493: Total time for which application threads were stopped: 0.0042359 seconds, Stopping threads took: 0.0000199 seconds
171.558: [GC (Allocation Failure)  396964K->77700K(1033728K), 0.0040567 secs]
171.563: Total time for which application threads were stopped: 0.0042364 seconds, Stopping threads took: 0.0000199 seconds
171.628: [GC (Allocation Failure)  397700K->85030K(1033728K), 0.0039949 secs]
171.632: Total time for which application threads were stopped: 0.0041636 seconds, Stopping threads took: 0.0000193 seconds
171.699: [GC (Allocation Failure)  404518K->84966K(1033728K), 0.0040870 secs]
171.704: Total time for which application threads were stopped: 0.0042534 seconds, Stopping threads took: 0.0000196 seconds
171.770: [GC (Allocation Failure)  404454K->85350K(1033728K), 0.0053798 secs]
171.776: Total time for which application threads were stopped: 0.0055942 seconds, Stopping threads took: 0.0000274 seconds
171.844: [GC (Allocation Failure)  404838K->93064K(1033728K), 0.0040526 secs]
171.849: Total time for which application threads were stopped: 0.0042327 seconds, Stopping threads took: 0.0000168 seconds
171.916: [GC (Allocation Failure)  412552K->93032K(1033728K), 0.0039209 secs]
171.920: Total time for which application threads were stopped: 0.0041172 seconds, Stopping threads took: 0.0000166 seconds
171.988: [GC (Allocation Failure)  412520K->94632K(1033728K), 0.0041257 secs]
171.992: Total time for which application threads were stopped: 0.0042876 seconds, Stopping threads took: 0.0000198 seconds
172.060: [GC (Allocation Failure)  414120K->101066K(1033728K), 0.0041265 secs]
172.064: Total time for which application threads were stopped: 0.0043059 seconds, Stopping threads took: 0.0000208 seconds
172.130: [GC (Allocation Failure)  420554K->101034K(1033728K), 0.0044486 secs]
172.134: Total time for which application threads were stopped: 0.0046080 seconds, Stopping threads took: 0.0000252 seconds
172.202: [GC (Allocation Failure)  420522K->101858K(1033728K), 0.0041072 secs]
172.206: Total time for which application threads were stopped: 0.0042930 seconds, Stopping threads took: 0.0000198 seconds
172.271: [GC (Allocation Failure)  421346K->109125K(1033728K), 0.0038360 secs]
172.275: Total time for which application threads were stopped: 0.0040132 seconds, Stopping threads took: 0.0000311 seconds
172.341: [GC (Allocation Failure)  428613K->109093K(1033728K), 0.0037762 secs]
172.345: Total time for which application threads were stopped: 0.0039307 seconds, Stopping threads took: 0.0000169 seconds
172.412: [GC (Allocation Failure)  428581K->110085K(1033728K), 0.0043222 secs]
172.416: Total time for which application threads were stopped: 0.0044774 seconds, Stopping threads took: 0.0000190 seconds
172.481: [GC (Allocation Failure)  429573K->117095K(1033728K), 0.0040777 secs]
172.485: Total time for which application threads were stopped: 0.0042723 seconds, Stopping threads took: 0.0000197 seconds
172.553: [GC (Allocation Failure)  436583K->117095K(1033728K), 0.0040067 secs]
172.557: Total time for which application threads were stopped: 0.0041539 seconds, Stopping threads took: 0.0000165 seconds
172.624: [GC (Allocation Failure)  436583K->117255K(1033728K), 0.0042837 secs]
172.628: Total time for which application threads were stopped: 0.0044643 seconds, Stopping threads took: 0.0000194 seconds
172.695: [GC (Allocation Failure)  436743K->125129K(1033728K), 0.0038941 secs]
172.699: Total time for which application threads were stopped: 0.0040612 seconds, Stopping threads took: 0.0000195 seconds
172.764: [GC (Allocation Failure)  444617K->125097K(1033728K), 0.0041652 secs]
172.769: Total time for which application threads were stopped: 0.0043338 seconds, Stopping threads took: 0.0000197 seconds
172.835: [GC (Allocation Failure)  444585K->125513K(1033728K), 0.0041333 secs]
172.840: Total time for which application threads were stopped: 0.0043441 seconds, Stopping threads took: 0.0000295 seconds
172.907: [GC (Allocation Failure)  445001K->133196K(1033728K), 0.0040428 secs]
172.911: Total time for which application threads were stopped: 0.0042386 seconds, Stopping threads took: 0.0000255 seconds
172.978: [GC (Allocation Failure)  452684K->133196K(1033728K), 0.0041400 secs]
172.982: Total time for which application threads were stopped: 0.0042901 seconds, Stopping threads took: 0.0000173 seconds
173.049: [GC (Allocation Failure)  452684K->133764K(1033728K), 0.0043710 secs]
173.053: Total time for which application threads were stopped: 0.0045486 seconds, Stopping threads took: 0.0000195 seconds
173.122: [GC (Allocation Failure)  453252K->141222K(1027072K), 0.0040715 secs]
173.126: Total time for which application threads were stopped: 0.0042349 seconds, Stopping threads took: 0.0000202 seconds
173.193: [GC (Allocation Failure)  460710K->141222K(1033216K), 0.0040744 secs]
173.197: Total time for which application threads were stopped: 0.0042416 seconds, Stopping threads took: 0.0000192 seconds
173.264: [GC (Allocation Failure)  459686K->141958K(1033216K), 0.0043649 secs]
173.268: Total time for which application threads were stopped: 0.0045254 seconds, Stopping threads took: 0.0000200 seconds
173.335: [GC (Allocation Failure)  460422K->149224K(1032704K), 0.0041308 secs]
173.339: Total time for which application threads were stopped: 0.0042927 seconds, Stopping threads took: 0.0000202 seconds
173.406: [GC (Allocation Failure)  467688K->149224K(1033216K), 0.0039362 secs]
173.410: Total time for which application threads were stopped: 0.0041096 seconds, Stopping threads took: 0.0000195 seconds
173.477: [GC (Allocation Failure)  467688K->149288K(1033216K), 0.0041696 secs]
173.481: Total time for which application threads were stopped: 0.0043189 seconds, Stopping threads took: 0.0000171 seconds
173.548: [GC (Allocation Failure)  467752K->157258K(1033216K), 0.0039297 secs]
173.552: Total time for which application threads were stopped: 0.0041202 seconds, Stopping threads took: 0.0000208 seconds
173.617: [GC (Allocation Failure)  475722K->157258K(1033216K), 0.0040836 secs]
173.621: Total time for which application threads were stopped: 0.0042534 seconds, Stopping threads took: 0.0000203 seconds
173.688: [GC (Allocation Failure)  475722K->157418K(1033216K), 0.0041029 secs]
173.692: Total time for which application threads were stopped: 0.0043001 seconds, Stopping threads took: 0.0000206 seconds
173.761: [GC (Allocation Failure)  475882K->165293K(1033216K), 0.0042953 secs]
173.765: Total time for which application threads were stopped: 0.0044613 seconds, Stopping threads took: 0.0000175 seconds
173.833: [GC (Allocation Failure)  483757K->165293K(1033216K), 0.0040879 secs]
173.837: Total time for which application threads were stopped: 0.0042650 seconds, Stopping threads took: 0.0000273 seconds
173.903: [GC (Allocation Failure)  483757K->165637K(1033216K), 0.0043477 secs]
173.907: Total time for which application threads were stopped: 0.0045307 seconds, Stopping threads took: 0.0000209 seconds
173.977: [GC (Allocation Failure)  484101K->173351K(1033216K), 0.0039428 secs]
173.981: Total time for which application threads were stopped: 0.0041132 seconds, Stopping threads took: 0.0000222 seconds
174.047: [GC (Allocation Failure)  491815K->173319K(1033216K), 0.0042341 secs]
174.051: Total time for which application threads were stopped: 0.0043930 seconds, Stopping threads took: 0.0000207 seconds
174.116: [GC (Allocation Failure)  491783K->173375K(1033216K), 0.0042520 secs]
174.121: Total time for which application threads were stopped: 0.0044401 seconds, Stopping threads took: 0.0000242 seconds
174.188: [GC (Allocation Failure)  491839K->181345K(1033216K), 0.0041523 secs]
174.192: Total time for which application threads were stopped: 0.0043232 seconds, Stopping threads took: 0.0000197 seconds
174.262: [GC (Allocation Failure)  499809K->181377K(1033216K), 0.0041124 secs]
174.266: Total time for which application threads were stopped: 0.0042638 seconds, Stopping threads took: 0.0000173 seconds
174.332: [GC (Allocation Failure)  499841K->181609K(1033216K), 0.0041888 secs]
174.336: Total time for which application threads were stopped: 0.0043585 seconds, Stopping threads took: 0.0000270 seconds
174.403: [GC (Allocation Failure)  500073K->189419K(1033216K), 0.0041685 secs]
174.407: Total time for which application threads were stopped: 0.0043553 seconds, Stopping threads took: 0.0000200 seconds
174.473: [GC (Allocation Failure)  507883K->189419K(1033216K), 0.0040437 secs]
174.477: Total time for which application threads were stopped: 0.0042145 seconds, Stopping threads took: 0.0000202 seconds
174.544: [GC (Allocation Failure)  507883K->189571K(1033216K), 0.0044447 secs]
174.549: Total time for which application threads were stopped: 0.0046309 seconds, Stopping threads took: 0.0000225 seconds
174.615: [GC (Allocation Failure)  508035K->197414K(1033216K), 0.0041170 secs]
174.620: Total time for which application threads were stopped: 0.0042890 seconds, Stopping threads took: 0.0000216 seconds
174.685: [GC (Allocation Failure)  515878K->189923K(1033216K), 0.0013534 secs]
174.686: Total time for which application threads were stopped: 0.0014792 seconds, Stopping threads took: 0.0000205 seconds
174.757: [GC (Allocation Failure)  508387K->197542K(1033216K), 0.0040924 secs]
174.761: Total time for which application threads were stopped: 0.0042579 seconds, Stopping threads took: 0.0000210 seconds
174.828: [GC (Allocation Failure)  516006K->201526K(1033216K), 0.0053476 secs]
174.833: Total time for which application threads were stopped: 0.0055308 seconds, Stopping threads took: 0.0000252 seconds
174.898: [GC (Allocation Failure)  519990K->202483K(1032192K), 0.0047812 secs]
174.903: Total time for which application threads were stopped: 0.0049606 seconds, Stopping threads took: 0.0000204 seconds
174.971: [GC (Allocation Failure)  519923K->201622K(1032704K), 0.0041968 secs]
174.975: Total time for which application threads were stopped: 0.0043559 seconds, Stopping threads took: 0.0000169 seconds
175.042: [GC (Allocation Failure)  519062K->201590K(1033216K), 0.0040985 secs]
175.047: Total time for which application threads were stopped: 0.0042722 seconds, Stopping threads took: 0.0000205 seconds
175.111: [GC (Allocation Failure)  520054K->204598K(1033216K), 0.0049651 secs]
175.116: Total time for which application threads were stopped: 0.0051399 seconds, Stopping threads took: 0.0000200 seconds
175.185: [GC (Allocation Failure)  523062K->209592K(1033728K), 0.0042300 secs]
175.189: Total time for which application threads were stopped: 0.0043892 seconds, Stopping threads took: 0.0000176 seconds
175.257: [GC (Allocation Failure)  529080K->209592K(1033728K), 0.0042911 secs]
175.262: Total time for which application threads were stopped: 0.0044484 seconds, Stopping threads took: 0.0000199 seconds
175.329: [GC (Allocation Failure)  529080K->210776K(1033728K), 0.0050114 secs]
175.334: Total time for which application threads were stopped: 0.0051807 seconds, Stopping threads took: 0.0000271 seconds
175.400: [GC (Allocation Failure)  530264K->217722K(1033728K), 0.0041887 secs]
175.404: Total time for which application threads were stopped: 0.0043597 seconds, Stopping threads took: 0.0000224 seconds
175.472: [GC (Allocation Failure)  537210K->217626K(1033728K), 0.0041634 secs]
175.477: Total time for which application threads were stopped: 0.0043315 seconds, Stopping threads took: 0.0000200 seconds
175.541: [GC (Allocation Failure)  537114K->217978K(1033728K), 0.0044475 secs]
175.546: Total time for which application threads were stopped: 0.0046254 seconds, Stopping threads took: 0.0000196 seconds
175.613: [GC (Allocation Failure)  537466K->225692K(1033728K), 0.0041730 secs]
175.617: Total time for which application threads were stopped: 0.0043429 seconds, Stopping threads took: 0.0000197 seconds
175.684: [GC (Allocation Failure)  545180K->225692K(1033728K), 0.0042610 secs]
175.689: Total time for which application threads were stopped: 0.0044332 seconds, Stopping threads took: 0.0000206 seconds
175.753: [GC (Allocation Failure)  545180K->229308K(1034240K), 0.0053222 secs]
175.759: Total time for which application threads were stopped: 0.0054984 seconds, Stopping threads took: 0.0000214 seconds
175.826: [GC (Allocation Failure)  549308K->233759K(1033728K), 0.0039633 secs]
175.830: Total time for which application threads were stopped: 0.0041502 seconds, Stopping threads took: 0.0000274 seconds
175.896: [GC (Allocation Failure)  553759K->233695K(1034240K), 0.0041825 secs]
175.900: Total time for which application threads were stopped: 0.0043681 seconds, Stopping threads took: 0.0000203 seconds
175.966: [GC (Allocation Failure)  554207K->234431K(1034240K), 0.0064522 secs]
175.973: Total time for which application threads were stopped: 0.0066267 seconds, Stopping threads took: 0.0000209 seconds
176.041: [GC (Allocation Failure)  554943K->241793K(1034240K), 0.0042681 secs]
176.045: Total time for which application threads were stopped: 0.0044409 seconds, Stopping threads took: 0.0000197 seconds
176.113: [GC (Allocation Failure)  562305K->241761K(1034240K), 0.0043077 secs]
176.117: Total time for which application threads were stopped: 0.0044883 seconds, Stopping threads took: 0.0000197 seconds
176.187: [GC (Allocation Failure)  562273K->244737K(1034240K), 0.0049501 secs]
176.192: Total time for which application threads were stopped: 0.0051264 seconds, Stopping threads took: 0.0000198 seconds
176.260: [GC (Allocation Failure)  565249K->249795K(1034240K), 0.0043221 secs]
176.264: Total time for which application threads were stopped: 0.0044948 seconds, Stopping threads took: 0.0000207 seconds
176.333: [GC (Allocation Failure)  570307K->249763K(1034240K), 0.0040965 secs]
176.337: Total time for which application threads were stopped: 0.0042644 seconds, Stopping threads took: 0.0000203 seconds
176.404: [GC (Allocation Failure)  570275K->250915K(1034240K), 0.0046885 secs]
176.409: Total time for which application threads were stopped: 0.0048761 seconds, Stopping threads took: 0.0000192 seconds
176.477: [GC (Allocation Failure)  571427K->257894K(1034240K), 0.0041395 secs]
176.481: Total time for which application threads were stopped: 0.0043091 seconds, Stopping threads took: 0.0000201 seconds
176.549: [GC (Allocation Failure)  578406K->257830K(1034240K), 0.0041654 secs]
176.553: Total time for which application threads were stopped: 0.0043329 seconds, Stopping threads took: 0.0000192 seconds
176.621: [GC (Allocation Failure)  578342K->261222K(1034752K), 0.0050166 secs]
176.626: Total time for which application threads were stopped: 0.0051844 seconds, Stopping threads took: 0.0000195 seconds
176.693: [GC (Allocation Failure)  582246K->265960K(1034240K), 0.0042832 secs]
176.698: Total time for which application threads were stopped: 0.0044498 seconds, Stopping threads took: 0.0000196 seconds
176.765: [GC (Allocation Failure)  586984K->265864K(1034752K), 0.0043214 secs]
176.769: Total time for which application threads were stopped: 0.0044843 seconds, Stopping threads took: 0.0000196 seconds
176.836: [GC (Allocation Failure)  587400K->269448K(1034752K), 0.0050148 secs]
176.841: Total time for which application threads were stopped: 0.0052041 seconds, Stopping threads took: 0.0000195 seconds
176.909: [GC (Allocation Failure)  590984K->273962K(1034752K), 0.0044850 secs]
176.913: Total time for which application threads were stopped: 0.0046413 seconds, Stopping threads took: 0.0000167 seconds
176.980: [GC (Allocation Failure)  595498K->273898K(1034752K), 0.0043594 secs]
176.984: Total time for which application threads were stopped: 0.0045500 seconds, Stopping threads took: 0.0000196 seconds
177.051: [GC (Allocation Failure)  595434K->274570K(1034752K), 0.0044567 secs]
177.056: Total time for which application threads were stopped: 0.0046233 seconds, Stopping threads took: 0.0000199 seconds
177.124: [GC (Allocation Failure)  596106K->281932K(1034752K), 0.0074943 secs]
177.131: Total time for which application threads were stopped: 0.0076838 seconds, Stopping threads took: 0.0000197 seconds
177.200: [GC (Allocation Failure)  603468K->281932K(1034752K), 0.0044564 secs]
177.204: Total time for which application threads were stopped: 0.0046481 seconds, Stopping threads took: 0.0000191 seconds
177.271: [GC (Allocation Failure)  603468K->283860K(1034752K), 0.0047050 secs]
177.276: Total time for which application threads were stopped: 0.0048770 seconds, Stopping threads took: 0.0000191 seconds
177.343: [GC (Allocation Failure)  605396K->290007K(1034752K), 0.0041623 secs]
177.348: Total time for which application threads were stopped: 0.0043450 seconds, Stopping threads took: 0.0000175 seconds
177.418: [GC (Allocation Failure)  611543K->289943K(1034752K), 0.0041212 secs]
177.422: Total time for which application threads were stopped: 0.0042803 seconds, Stopping threads took: 0.0000175 seconds
177.489: [GC (Allocation Failure)  611479K->293079K(1034752K), 0.0048782 secs]
177.494: Total time for which application threads were stopped: 0.0050494 seconds, Stopping threads took: 0.0000200 seconds
177.562: [GC (Allocation Failure)  614615K->298105K(1034752K), 0.0041456 secs]
177.566: Total time for which application threads were stopped: 0.0043349 seconds, Stopping threads took: 0.0000194 seconds
177.633: [GC (Allocation Failure)  619641K->297977K(1034752K), 0.0045518 secs]
177.638: Total time for which application threads were stopped: 0.0047203 seconds, Stopping threads took: 0.0000197 seconds
177.703: [GC (Allocation Failure)  619513K->298273K(1021440K), 0.0044044 secs]
177.707: Total time for which application threads were stopped: 0.0045723 seconds, Stopping threads took: 0.0000191 seconds
177.774: [GC (Allocation Failure)  619809K->306083K(1034240K), 0.0045425 secs]
177.778: Total time for which application threads were stopped: 0.0046982 seconds, Stopping threads took: 0.0000197 seconds
177.847: [GC (Allocation Failure)  626595K->306051K(1034240K), 0.0057672 secs]
177.852: Total time for which application threads were stopped: 0.0059268 seconds, Stopping threads took: 0.0000198 seconds
177.919: [GC (Allocation Failure)  626563K->309571K(1034752K), 0.0054559 secs]
177.925: Total time for which application threads were stopped: 0.0056293 seconds, Stopping threads took: 0.0000196 seconds
177.994: [GC (Allocation Failure)  630595K->314053K(1034240K), 0.0044776 secs]
177.999: Total time for which application threads were stopped: 0.0046623 seconds, Stopping threads took: 0.0000224 seconds
178.066: [GC (Allocation Failure)  635077K->314053K(1034752K), 0.0044483 secs]
178.070: Total time for which application threads were stopped: 0.0046413 seconds, Stopping threads took: 0.0000233 seconds
178.139: [GC (Allocation Failure)  635589K->317797K(1034752K), 0.0070594 secs]
178.146: Total time for which application threads were stopped: 0.0072603 seconds, Stopping threads took: 0.0000214 seconds
178.215: [GC (Allocation Failure)  639333K->322088K(1035264K), 0.0044606 secs]
178.220: Total time for which application threads were stopped: 0.0046442 seconds, Stopping threads took: 0.0000173 seconds
178.288: [GC (Allocation Failure)  644648K->322088K(1035264K), 0.0041708 secs]
178.293: Total time for which application threads were stopped: 0.0043386 seconds, Stopping threads took: 0.0000281 seconds
178.359: [GC (Allocation Failure)  644648K->325032K(1035264K), 0.0049224 secs]
178.364: Total time for which application threads were stopped: 0.0051055 seconds, Stopping threads took: 0.0000199 seconds
178.434: [GC (Allocation Failure)  647592K->330186K(1035264K), 0.0041356 secs]
178.438: Total time for which application threads were stopped: 0.0042961 seconds, Stopping threads took: 0.0000203 seconds
178.507: [GC (Allocation Failure)  652746K->330154K(1035264K), 0.0043327 secs]
178.511: Total time for which application threads were stopped: 0.0045157 seconds, Stopping threads took: 0.0000201 seconds
178.579: [GC (Allocation Failure)  652714K->333290K(1035264K), 0.0050749 secs]
178.584: Total time for which application threads were stopped: 0.0052561 seconds, Stopping threads took: 0.0000200 seconds
178.652: [GC (Allocation Failure)  655850K->338284K(1035264K), 0.0043320 secs]
178.657: Total time for which application threads were stopped: 0.0044932 seconds, Stopping threads took: 0.0000199 seconds
178.725: [GC (Allocation Failure)  660844K->338124K(1035264K), 0.0045294 secs]
178.730: Total time for which application threads were stopped: 0.0047096 seconds, Stopping threads took: 0.0000205 seconds
178.797: [GC (Allocation Failure)  660684K->341508K(1035264K), 0.0051940 secs]
178.803: Total time for which application threads were stopped: 0.0053623 seconds, Stopping threads took: 0.0000283 seconds
178.871: [GC (Allocation Failure)  664068K->346214K(1035264K), 0.0043189 secs]
178.875: Total time for which application threads were stopped: 0.0044879 seconds, Stopping threads took: 0.0000276 seconds
178.944: [GC (Allocation Failure)  668774K->346150K(1035264K), 0.0046106 secs]
178.949: Total time for which application threads were stopped: 0.0048052 seconds, Stopping threads took: 0.0000208 seconds
179.018: [GC (Allocation Failure)  668710K->349702K(1035264K), 0.0051472 secs]
179.023: Total time for which application threads were stopped: 0.0053075 seconds, Stopping threads took: 0.0000199 seconds
179.090: [GC (Allocation Failure)  672262K->354217K(1035776K), 0.0042328 secs]
179.095: Total time for which application threads were stopped: 0.0044077 seconds, Stopping threads took: 0.0000201 seconds
179.164: [GC (Allocation Failure)  677801K->354249K(1035776K), 0.0044810 secs]
179.169: Total time for which application threads were stopped: 0.0046725 seconds, Stopping threads took: 0.0000194 seconds
179.237: [GC (Allocation Failure)  677833K->347846K(1034752K), 0.0018091 secs]
179.238: Total time for which application threads were stopped: 0.0019505 seconds, Stopping threads took: 0.0000188 seconds
179.306: [GC (Allocation Failure)  670406K->354409K(1035264K), 0.0042649 secs]
179.311: Total time for which application threads were stopped: 0.0044604 seconds, Stopping threads took: 0.0000216 seconds
179.380: [GC (Allocation Failure)  676969K->354217K(1035264K), 0.0041991 secs]
179.385: Total time for which application threads were stopped: 0.0043661 seconds, Stopping threads took: 0.0000207 seconds
179.453: [GC (Allocation Failure)  676777K->352198K(1035264K), 0.0037704 secs]
179.457: Total time for which application threads were stopped: 0.0039408 seconds, Stopping threads took: 0.0000201 seconds
179.526: [GC (Allocation Failure)  674758K->354377K(1035776K), 0.0044769 secs]
179.531: Total time for which application threads were stopped: 0.0046469 seconds, Stopping threads took: 0.0000205 seconds
179.598: [GC (Allocation Failure)  677961K->354249K(1035776K), 0.0045348 secs]
179.603: Total time for which application threads were stopped: 0.0047058 seconds, Stopping threads took: 0.0000203 seconds
179.668: [GC (Allocation Failure)  677833K->358502K(1032704K), 0.0063678 secs]
179.675: Total time for which application threads were stopped: 0.0065304 seconds, Stopping threads took: 0.0000201 seconds
179.742: [GC (Allocation Failure)  679014K->354345K(1034240K), 0.0044595 secs]
179.746: Total time for which application threads were stopped: 0.0046277 seconds, Stopping threads took: 0.0000198 seconds
179.814: [GC (Allocation Failure)  674857K->354249K(1035264K), 0.0057910 secs]
179.820: Total time for which application threads were stopped: 0.0059927 seconds, Stopping threads took: 0.0000277 seconds
179.889: [GC (Allocation Failure)  676297K->358214K(1033728K), 0.0060633 secs]
179.895: Total time for which application threads were stopped: 0.0062201 seconds, Stopping threads took: 0.0000159 seconds
179.964: [GC (Allocation Failure)  680262K->354249K(1034752K), 0.0065253 secs]
179.971: Total time for which application threads were stopped: 0.0067029 seconds, Stopping threads took: 0.0000202 seconds
180.039: [GC (Allocation Failure)  674761K->354217K(1033728K), 0.0043320 secs]
180.044: Total time for which application threads were stopped: 0.0045269 seconds, Stopping threads took: 0.0000205 seconds
180.112: [GC (Allocation Failure)  674729K->357894K(1033216K), 0.0060369 secs]
180.118: Total time for which application threads were stopped: 0.0062005 seconds, Stopping threads took: 0.0000173 seconds
180.188: [GC (Allocation Failure)  678406K->354473K(1034240K), 0.0046797 secs]
180.193: Total time for which application threads were stopped: 0.0048469 seconds, Stopping threads took: 0.0000188 seconds
180.261: [GC (Allocation Failure)  674985K->354217K(1035264K), 0.0044101 secs]
180.265: Total time for which application threads were stopped: 0.0045871 seconds, Stopping threads took: 0.0000199 seconds
180.332: [GC (Allocation Failure)  676265K->357574K(1034752K), 0.0057758 secs]
180.338: Total time for which application threads were stopped: 0.0059434 seconds, Stopping threads took: 0.0000199 seconds
180.406: [GC (Allocation Failure)  679622K->354441K(1035264K), 0.0043314 secs]
180.410: Total time for which application threads were stopped: 0.0044980 seconds, Stopping threads took: 0.0000193 seconds
180.478: [GC (Allocation Failure)  676489K->354185K(1034752K), 0.0041628 secs]
180.482: Total time for which application threads were stopped: 0.0043239 seconds, Stopping threads took: 0.0000196 seconds
180.549: [GC (Allocation Failure)  676233K->360310K(1032192K), 0.0071797 secs]
180.557: Total time for which application threads were stopped: 0.0073319 seconds, Stopping threads took: 0.0000190 seconds
180.625: [GC (Allocation Failure)  679798K->355161K(1033728K), 0.0044896 secs]
180.629: Total time for which application threads were stopped: 0.0046566 seconds, Stopping threads took: 0.0000191 seconds
180.695: [GC (Allocation Failure)  674649K->355065K(1034752K), 0.0043438 secs]
180.699: Total time for which application threads were stopped: 0.0045108 seconds, Stopping threads took: 0.0000197 seconds
180.767: [GC (Allocation Failure)  676089K->357782K(1034240K), 0.0057934 secs]
180.773: Total time for which application threads were stopped: 0.0059636 seconds, Stopping threads took: 0.0000197 seconds
180.841: [GC (Allocation Failure)  678806K->355129K(1034752K), 0.0044571 secs]
180.846: Total time for which application threads were stopped: 0.0046361 seconds, Stopping threads took: 0.0000281 seconds
180.913: [GC (Allocation Failure)  676153K->355065K(1034240K), 0.0042354 secs]
180.917: Total time for which application threads were stopped: 0.0044029 seconds, Stopping threads took: 0.0000188 seconds
180.985: [GC (Allocation Failure)  676089K->357462K(1034752K), 0.0053861 secs]
180.990: Total time for which application threads were stopped: 0.0055570 seconds, Stopping threads took: 0.0000202 seconds
181.058: [GC (Allocation Failure)  678998K->355321K(1034752K), 0.0104659 secs]
181.069: Total time for which application threads were stopped: 0.0106382 seconds, Stopping threads took: 0.0000204 seconds
181.138: [GC (Allocation Failure)  676857K->355033K(1035264K), 0.0052467 secs]
181.144: Total time for which application threads were stopped: 0.0054269 seconds, Stopping threads took: 0.0000272 seconds
181.209: [GC (Allocation Failure)  677593K->359766K(1034752K), 0.0065361 secs]
181.216: Total time for which application threads were stopped: 0.0067079 seconds, Stopping threads took: 0.0000174 seconds
181.285: [GC (Allocation Failure)  682326K->355225K(1034752K), 0.0042688 secs]
181.290: Total time for which application threads were stopped: 0.0044096 seconds, Stopping threads took: 0.0000170 seconds
181.358: [GC (Allocation Failure)  676761K->355033K(1034752K), 0.0044804 secs]
181.362: Total time for which application threads were stopped: 0.0046599 seconds, Stopping threads took: 0.0000201 seconds
181.427: [GC (Allocation Failure)  676569K->361926K(1031680K), 0.0079373 secs]
181.435: Total time for which application threads were stopped: 0.0080998 seconds, Stopping threads took: 0.0000196 seconds
181.502: [GC (Allocation Failure)  680390K->356329K(1033216K), 0.0046146 secs]
181.507: Total time for which application threads were stopped: 0.0047812 seconds, Stopping threads took: 0.0000204 seconds
181.574: [GC (Allocation Failure)  674793K->356201K(1033728K), 0.0043791 secs]
181.578: Total time for which application threads were stopped: 0.0045466 seconds, Stopping threads took: 0.0000200 seconds
181.647: [GC (Allocation Failure)  675689K->356134K(1033728K), 0.0045655 secs]
181.652: Total time for which application threads were stopped: 0.0047211 seconds, Stopping threads took: 0.0000168 seconds
181.719: [GC (Allocation Failure)  675622K->356233K(1034240K), 0.0044061 secs]
181.724: Total time for which application threads were stopped: 0.0045876 seconds, Stopping threads took: 0.0000194 seconds
181.791: [GC (Allocation Failure)  676745K->356169K(1034240K), 0.0043931 secs]
181.795: Total time for which application threads were stopped: 0.0045722 seconds, Stopping threads took: 0.0000285 seconds
181.863: [GC (Allocation Failure)  676681K->353222K(1033728K), 0.0033416 secs]
181.866: Total time for which application threads were stopped: 0.0035333 seconds, Stopping threads took: 0.0000206 seconds
181.934: [GC (Allocation Failure)  673734K->356201K(1034240K), 0.0044401 secs]
181.938: Total time for which application threads were stopped: 0.0046025 seconds, Stopping threads took: 0.0000202 seconds
182.007: [GC (Allocation Failure)  676713K->356201K(1035264K), 0.0042442 secs]
182.011: Total time for which application threads were stopped: 0.0044116 seconds, Stopping threads took: 0.0000262 seconds
182.079: [GC (Allocation Failure)  678249K->352902K(1034752K), 0.0031993 secs]
182.082: Total time for which application threads were stopped: 0.0033729 seconds, Stopping threads took: 0.0000204 seconds
182.152: [GC (Allocation Failure)  674950K->356393K(1035776K), 0.0048500 secs]
182.157: Total time for which application threads were stopped: 0.0050232 seconds, Stopping threads took: 0.0000189 seconds
182.228: [GC (Allocation Failure)  679465K->356169K(1035264K), 0.0043851 secs]
182.232: Total time for which application threads were stopped: 0.0045451 seconds, Stopping threads took: 0.0000256 seconds
182.300: [GC (Allocation Failure)  679241K->357734K(1035776K), 0.0052834 secs]
182.305: Total time for which application threads were stopped: 0.0054411 seconds, Stopping threads took: 0.0000167 seconds
182.375: [GC (Allocation Failure)  681318K->356361K(1035776K), 0.0042807 secs]
182.380: Total time for which application threads were stopped: 0.0044569 seconds, Stopping threads took: 0.0000203 seconds
182.448: [GC (Allocation Failure)  679945K->356137K(1036800K), 0.0043239 secs]
182.452: Total time for which application threads were stopped: 0.0044976 seconds, Stopping threads took: 0.0000249 seconds
182.520: [GC (Allocation Failure)  681257K->350246K(1027072K), 0.0022006 secs]
182.522: Total time for which application threads were stopped: 0.0023619 seconds, Stopping threads took: 0.0000200 seconds
182.594: [GC (Allocation Failure)  675366K->356329K(1036288K), 0.0044757 secs]
182.598: Total time for which application threads were stopped: 0.0046501 seconds, Stopping threads took: 0.0000213 seconds
182.666: [GC (Allocation Failure)  680425K->360321K(1035776K), 0.0050014 secs]
182.671: Total time for which application threads were stopped: 0.0051735 seconds, Stopping threads took: 0.0000204 seconds
182.739: [GC (Allocation Failure)  684417K->360353K(1036800K), 0.0045354 secs]
182.744: Total time for which application threads were stopped: 0.0046984 seconds, Stopping threads took: 0.0000206 seconds
182.810: [GC (Allocation Failure)  685473K->360481K(1025024K), 0.0043864 secs]
182.815: Total time for which application threads were stopped: 0.0045449 seconds, Stopping threads took: 0.0000268 seconds
182.883: [GC (Allocation Failure)  685601K->368387K(1035776K), 0.0044399 secs]
182.888: Total time for which application threads were stopped: 0.0045972 seconds, Stopping threads took: 0.0000171 seconds
182.956: [GC (Allocation Failure)  691971K->368387K(1035776K), 0.0044695 secs]
182.961: Total time for which application threads were stopped: 0.0046296 seconds, Stopping threads took: 0.0000205 seconds
183.029: [GC (Allocation Failure)  691971K->368419K(1034752K), 0.0046130 secs]
183.033: Total time for which application threads were stopped: 0.0048063 seconds, Stopping threads took: 0.0000208 seconds
183.102: [GC (Allocation Failure)  690979K->376389K(1035264K), 0.0043718 secs]
183.106: Total time for which application threads were stopped: 0.0045196 seconds, Stopping threads took: 0.0000178 seconds
183.176: [GC (Allocation Failure)  698949K->376389K(1035264K), 0.0043472 secs]
183.181: Total time for which application threads were stopped: 0.0045098 seconds, Stopping threads took: 0.0000204 seconds
183.248: [GC (Allocation Failure)  698949K->376645K(1022464K), 0.0045860 secs]
183.253: Total time for which application threads were stopped: 0.0047562 seconds, Stopping threads took: 0.0000212 seconds
183.321: [GC (Allocation Failure)  699205K->384424K(1034752K), 0.0044215 secs]
183.326: Total time for which application threads were stopped: 0.0045796 seconds, Stopping threads took: 0.0000264 seconds
183.394: [GC (Allocation Failure)  705960K->384424K(1034752K), 0.0042547 secs]
183.399: Total time for which application threads were stopped: 0.0044304 seconds, Stopping threads took: 0.0000201 seconds
183.466: [GC (Allocation Failure)  705960K->384488K(1034240K), 0.0045519 secs]
183.471: Total time for which application threads were stopped: 0.0047223 seconds, Stopping threads took: 0.0000206 seconds
183.538: [GC (Allocation Failure)  706024K->392458K(1034752K), 0.0044756 secs]
183.543: Total time for which application threads were stopped: 0.0046726 seconds, Stopping threads took: 0.0000202 seconds
183.613: [GC (Allocation Failure)  713994K->392490K(1034752K), 0.0045296 secs]
183.617: Total time for which application threads were stopped: 0.0047051 seconds, Stopping threads took: 0.0000260 seconds
183.685: [GC (Allocation Failure)  714026K->392610K(1021440K), 0.0045270 secs]
183.689: Total time for which application threads were stopped: 0.0046928 seconds, Stopping threads took: 0.0000210 seconds
183.757: [GC (Allocation Failure)  714146K->400516K(1034240K), 0.0047005 secs]
183.762: Total time for which application threads were stopped: 0.0048804 seconds, Stopping threads took: 0.0000194 seconds
183.829: [GC (Allocation Failure)  721028K->400516K(1034240K), 0.0052499 secs]
183.834: Total time for which application threads were stopped: 0.0054080 seconds, Stopping threads took: 0.0000198 seconds
183.902: [GC (Allocation Failure)  721028K->400804K(1034240K), 0.0048068 secs]
183.907: Total time for which application threads were stopped: 0.0049856 seconds, Stopping threads took: 0.0000287 seconds
183.975: [GC (Allocation Failure)  721316K->408518K(1034240K), 0.0047748 secs]
183.980: Total time for which application threads were stopped: 0.0049579 seconds, Stopping threads took: 0.0000198 seconds
184.048: [GC (Allocation Failure)  729030K->408518K(1034240K), 0.0043506 secs]
184.052: Total time for which application threads were stopped: 0.0045079 seconds, Stopping threads took: 0.0000197 seconds
184.120: [GC (Allocation Failure)  729030K->409062K(1020928K), 0.0047187 secs]
184.125: Total time for which application threads were stopped: 0.0048868 seconds, Stopping threads took: 0.0000272 seconds
184.193: [GC (Allocation Failure)  729574K->416553K(1033728K), 0.0046318 secs]
184.198: Total time for which application threads were stopped: 0.0048033 seconds, Stopping threads took: 0.0000200 seconds
184.263: [GC (Allocation Failure)  736041K->416553K(1033728K), 0.0047412 secs]
184.268: Total time for which application threads were stopped: 0.0049123 seconds, Stopping threads took: 0.0000204 seconds
184.333: [GC (Allocation Failure)  736041K->416809K(1033728K), 0.0045992 secs]
184.338: Total time for which application threads were stopped: 0.0047864 seconds, Stopping threads took: 0.0000258 seconds
184.404: [GC (Allocation Failure)  736297K->424619K(1033728K), 0.0047019 secs]
184.409: Total time for which application threads were stopped: 0.0048658 seconds, Stopping threads took: 0.0000212 seconds
184.477: [GC (Allocation Failure)  744107K->424555K(1033728K), 0.0045269 secs]
184.481: Total time for which application threads were stopped: 0.0047053 seconds, Stopping threads took: 0.0000279 seconds
184.548: [GC (Allocation Failure)  744043K->424739K(1033728K), 0.0047755 secs]
184.552: Total time for which application threads were stopped: 0.0049445 seconds, Stopping threads took: 0.0000263 seconds
184.619: [GC (Allocation Failure)  744227K->432645K(1033728K), 0.0047087 secs]
184.624: Total time for which application threads were stopped: 0.0048877 seconds, Stopping threads took: 0.0000215 seconds
184.691: [GC (Allocation Failure)  752133K->432613K(1033728K), 0.0045984 secs]
184.696: Total time for which application threads were stopped: 0.0047757 seconds, Stopping threads took: 0.0000201 seconds
184.762: [GC (Allocation Failure)  752101K->432733K(1032704K), 0.0048146 secs]
184.766: Total time for which application threads were stopped: 0.0049641 seconds, Stopping threads took: 0.0000176 seconds
184.834: [GC (Allocation Failure)  751197K->440671K(1033216K), 0.0045022 secs]
184.839: Total time for which application threads were stopped: 0.0046695 seconds, Stopping threads took: 0.0000273 seconds
184.908: [GC (Allocation Failure)  759135K->440639K(1033216K), 0.0045368 secs]
184.912: Total time for which application threads were stopped: 0.0047068 seconds, Stopping threads took: 0.0000199 seconds
184.977: [GC (Allocation Failure)  759103K->440711K(1033216K), 0.0045940 secs]
184.982: Total time for which application threads were stopped: 0.0047705 seconds, Stopping threads took: 0.0000217 seconds
185.049: [GC (Allocation Failure)  759175K->448682K(1033216K), 0.0047316 secs]
185.053: Total time for which application threads were stopped: 0.0048955 seconds, Stopping threads took: 0.0000205 seconds
185.118: [GC (Allocation Failure)  767146K->443623K(1033216K), 0.0027853 secs]
185.121: Total time for which application threads were stopped: 0.0029430 seconds, Stopping threads took: 0.0000204 seconds
185.189: [GC (Allocation Failure)  762087K->448930K(1034752K), 0.0047207 secs]
185.194: Total time for which application threads were stopped: 0.0048890 seconds, Stopping threads took: 0.0000205 seconds
185.264: [GC (Allocation Failure)  769442K->452826K(1033728K), 0.0048502 secs]
185.269: Total time for which application threads were stopped: 0.0050125 seconds, Stopping threads took: 0.0000204 seconds
185.337: [GC (Allocation Failure)  773338K->460231K(1029120K), 0.0079980 secs]
185.345: Total time for which application threads were stopped: 0.0081612 seconds, Stopping threads took: 0.0000197 seconds
185.412: [GC (Allocation Failure)  775623K->454122K(1031680K), 0.0047959 secs]
185.417: Total time for which application threads were stopped: 0.0049867 seconds, Stopping threads took: 0.0000193 seconds
185.484: [GC (Allocation Failure)  769514K->453962K(1032704K), 0.0046464 secs]
185.489: Total time for which application threads were stopped: 0.0047973 seconds, Stopping threads took: 0.0000169 seconds
185.553: [GC (Allocation Failure)  770890K->457866K(1032192K), 0.0058177 secs]
185.559: Total time for which application threads were stopped: 0.0059989 seconds, Stopping threads took: 0.0000197 seconds
185.628: [GC (Allocation Failure)  774794K->462124K(1033216K), 0.0046367 secs]
185.632: Total time for which application threads were stopped: 0.0048209 seconds, Stopping threads took: 0.0000208 seconds
185.701: [GC (Allocation Failure)  780076K->462028K(1032704K), 0.0046462 secs]
185.706: Total time for which application threads were stopped: 0.0048219 seconds, Stopping threads took: 0.0000200 seconds
185.772: [GC (Allocation Failure)  779980K->463532K(1032704K), 0.0065136 secs]
185.779: Total time for which application threads were stopped: 0.0066917 seconds, Stopping threads took: 0.0000210 seconds
185.848: [GC (Allocation Failure)  781996K->470094K(1033216K), 0.0048172 secs]
185.853: Total time for which application threads were stopped: 0.0050084 seconds, Stopping threads took: 0.0000271 seconds
185.922: [GC (Allocation Failure)  788558K->470030K(1033728K), 0.0045854 secs]
185.927: Total time for which application threads were stopped: 0.0047972 seconds, Stopping threads took: 0.0000280 seconds
185.995: [GC (Allocation Failure)  789518K->472814K(1033728K), 0.0052495 secs]
186.000: Total time for which application threads were stopped: 0.0054094 seconds, Stopping threads took: 0.0000170 seconds
186.067: [GC (Allocation Failure)  792302K->478096K(1034240K), 0.0045624 secs]
186.072: Total time for which application threads were stopped: 0.0047689 seconds, Stopping threads took: 0.0000260 seconds
186.140: [GC (Allocation Failure)  798096K->478064K(1033728K), 0.0073673 secs]
186.148: Total time for which application threads were stopped: 0.0075555 seconds, Stopping threads took: 0.0000261 seconds
186.214: [GC (Allocation Failure)  798064K->480936K(1034240K), 0.0052491 secs]
186.220: Total time for which application threads were stopped: 0.0054206 seconds, Stopping threads took: 0.0000202 seconds
186.287: [GC (Allocation Failure)  801448K->486187K(1034240K), 0.0050408 secs]
186.292: Total time for which application threads were stopped: 0.0052082 seconds, Stopping threads took: 0.0000261 seconds
186.361: [GC (Allocation Failure)  806699K->486123K(1034752K), 0.0045892 secs]
186.366: Total time for which application threads were stopped: 0.0047787 seconds, Stopping threads took: 0.0000202 seconds
186.432: [GC (Allocation Failure)  807147K->487619K(1034240K), 0.0048688 secs]
186.437: Total time for which application threads were stopped: 0.0050384 seconds, Stopping threads took: 0.0000201 seconds
186.505: [GC (Allocation Failure)  808643K->494149K(1034240K), 0.0047563 secs]
186.510: Total time for which application threads were stopped: 0.0049198 seconds, Stopping threads took: 0.0000198 seconds
186.577: [GC (Allocation Failure)  814661K->494149K(1034240K), 0.0046053 secs]
186.582: Total time for which application threads were stopped: 0.0047679 seconds, Stopping threads took: 0.0000199 seconds
186.648: [GC (Allocation Failure)  814661K->494309K(1033728K), 0.0052258 secs]
186.654: Total time for which application threads were stopped: 0.0053907 seconds, Stopping threads took: 0.0000206 seconds
186.721: [GC (Allocation Failure)  814821K->502151K(1034240K), 0.0046741 secs]
186.726: Total time for which application threads were stopped: 0.0048378 seconds, Stopping threads took: 0.0000207 seconds
186.794: [GC (Allocation Failure)  822663K->502151K(1034240K), 0.0061162 secs]
186.800: Total time for which application threads were stopped: 0.0062850 seconds, Stopping threads took: 0.0000267 seconds
186.868: [GC (Allocation Failure)  822663K->504583K(1034240K), 0.0051723 secs]
186.873: Total time for which application threads were stopped: 0.0053388 seconds, Stopping threads took: 0.0000251 seconds
186.942: [GC (Allocation Failure)  825095K->510249K(1034240K), 0.0048749 secs]
186.947: Total time for which application threads were stopped: 0.0050491 seconds, Stopping threads took: 0.0000208 seconds
187.015: [GC (Allocation Failure)  830761K->510153K(1034240K), 0.0047965 secs]
187.019: Total time for which application threads were stopped: 0.0049680 seconds, Stopping threads took: 0.0000204 seconds
187.087: [GC (Allocation Failure)  830665K->510793K(1034240K), 0.0048150 secs]
187.092: Total time for which application threads were stopped: 0.0049872 seconds, Stopping threads took: 0.0000201 seconds
187.161: [GC (Allocation Failure)  831305K->518220K(1034240K), 0.0045108 secs]
187.166: Total time for which application threads were stopped: 0.0046698 seconds, Stopping threads took: 0.0000197 seconds
187.234: [GC (Allocation Failure)  838732K->518188K(1034240K), 0.0047803 secs]
187.239: Total time for which application threads were stopped: 0.0049430 seconds, Stopping threads took: 0.0000205 seconds
187.306: [GC (Allocation Failure)  838700K->521068K(1034240K), 0.0064190 secs]
187.312: Total time for which application threads were stopped: 0.0065956 seconds, Stopping threads took: 0.0000265 seconds
187.381: [GC (Allocation Failure)  841580K->526350K(1033728K), 0.0048735 secs]
187.386: Total time for which application threads were stopped: 0.0050447 seconds, Stopping threads took: 0.0000198 seconds
187.454: [GC (Allocation Failure)  846862K->526286K(1034240K), 0.0048783 secs]
187.459: Total time for which application threads were stopped: 0.0050499 seconds, Stopping threads took: 0.0000205 seconds
187.526: [GC (Allocation Failure)  846798K->527238K(1034240K), 0.0049656 secs]
187.531: Total time for which application threads were stopped: 0.0051364 seconds, Stopping threads took: 0.0000196 seconds
187.599: [GC (Allocation Failure)  847750K->534312K(1034240K), 0.0044948 secs]
187.604: Total time for which application threads were stopped: 0.0046584 seconds, Stopping threads took: 0.0000210 seconds
187.672: [GC (Allocation Failure)  854824K->534248K(1034240K), 0.0048621 secs]
187.676: Total time for which application threads were stopped: 0.0050240 seconds, Stopping threads took: 0.0000197 seconds
187.744: [GC (Allocation Failure)  854760K->534440K(1034240K), 0.0048288 secs]
187.748: Total time for which application threads were stopped: 0.0050020 seconds, Stopping threads took: 0.0000206 seconds
187.817: [GC (Allocation Failure)  854952K->542347K(1034240K), 0.0060823 secs]
187.824: Total time for which application threads were stopped: 0.0062417 seconds, Stopping threads took: 0.0000272 seconds
187.892: [GC (Allocation Failure)  862859K->542315K(1034240K), 0.0047545 secs]
187.897: Total time for which application threads were stopped: 0.0049412 seconds, Stopping threads took: 0.0000254 seconds
187.964: [GC (Allocation Failure)  862827K->543715K(1034240K), 0.0051422 secs]
187.969: Total time for which application threads were stopped: 0.0053129 seconds, Stopping threads took: 0.0000221 seconds
188.037: [GC (Allocation Failure)  864227K->550405K(1034240K), 0.0046793 secs]
188.042: Total time for which application threads were stopped: 0.0048500 seconds, Stopping threads took: 0.0000205 seconds
188.110: [GC (Allocation Failure)  870917K->550341K(1034240K), 0.0049027 secs]
188.115: Total time for which application threads were stopped: 0.0050752 seconds, Stopping threads took: 0.0000200 seconds
188.184: [GC (Allocation Failure)  870853K->550405K(1020416K), 0.0049963 secs]
188.189: Total time for which application threads were stopped: 0.0051472 seconds, Stopping threads took: 0.0000172 seconds
188.257: [GC (Allocation Failure)  870917K->558439K(1033728K), 0.0049853 secs]
188.262: Total time for which application threads were stopped: 0.0051556 seconds, Stopping threads took: 0.0000196 seconds
188.330: [GC (Allocation Failure)  877927K->558375K(1033728K), 0.0046604 secs]
188.335: Total time for which application threads were stopped: 0.0048204 seconds, Stopping threads took: 0.0000265 seconds
188.400: [GC (Allocation Failure)  877863K->558631K(1033728K), 0.0049132 secs]
188.405: Total time for which application threads were stopped: 0.0050794 seconds, Stopping threads took: 0.0000200 seconds
188.473: [GC (Allocation Failure)  878119K->566473K(1033728K), 0.0048405 secs]
188.478: Total time for which application threads were stopped: 0.0050098 seconds, Stopping threads took: 0.0000211 seconds
188.547: [GC (Allocation Failure)  885961K->566441K(1033728K), 0.0049257 secs]
188.552: Total time for which application threads were stopped: 0.0050945 seconds, Stopping threads took: 0.0000199 seconds
188.616: [GC (Allocation Failure)  885929K->567369K(1033728K), 0.0050793 secs]
188.621: Total time for which application threads were stopped: 0.0052388 seconds, Stopping threads took: 0.0000200 seconds
188.691: [GC (Allocation Failure)  886857K->574476K(1033728K), 0.0047664 secs]
188.696: Total time for which application threads were stopped: 0.0049390 seconds, Stopping threads took: 0.0000192 seconds
188.763: [GC (Allocation Failure)  893964K->574444K(1033728K), 0.0044779 secs]
188.768: Total time for which application threads were stopped: 0.0046343 seconds, Stopping threads took: 0.0000193 seconds
188.834: [GC (Allocation Failure)  893932K->574604K(1033728K), 0.0050087 secs]
188.839: Total time for which application threads were stopped: 0.0051733 seconds, Stopping threads took: 0.0000196 seconds
188.904: [GC (Allocation Failure)  894092K->582542K(1027072K), 0.0050292 secs]
188.909: Total time for which application threads were stopped: 0.0051957 seconds, Stopping threads took: 0.0000190 seconds
188.978: [GC (Allocation Failure)  902030K->582510K(1033216K), 0.0049832 secs]
188.983: Total time for which application threads were stopped: 0.0051388 seconds, Stopping threads took: 0.0000190 seconds
189.050: [GC (Allocation Failure)  900974K->582854K(1033216K), 0.0067030 secs]
189.056: Total time for which application threads were stopped: 0.0068701 seconds, Stopping threads took: 0.0000197 seconds
189.125: [GC (Allocation Failure)  901318K->590568K(1033216K), 0.0056371 secs]
189.131: Total time for which application threads were stopped: 0.0058018 seconds, Stopping threads took: 0.0000200 seconds
189.198: [GC (Allocation Failure)  909032K->590536K(1033216K), 0.0048303 secs]
189.203: Total time for which application threads were stopped: 0.0049995 seconds, Stopping threads took: 0.0000199 seconds
189.268: [GC (Allocation Failure)  909000K->591080K(1033216K), 0.0048294 secs]
189.273: Total time for which application threads were stopped: 0.0050303 seconds, Stopping threads took: 0.0000217 seconds
189.342: [GC (Allocation Failure)  909544K->598602K(1033216K), 0.0048025 secs]
189.347: Total time for which application threads were stopped: 0.0049620 seconds, Stopping threads took: 0.0000171 seconds
189.413: [GC (Allocation Failure)  917066K->598538K(1033216K), 0.0048235 secs]
189.418: Total time for which application threads were stopped: 0.0050176 seconds, Stopping threads took: 0.0000200 seconds
189.484: [GC (Allocation Failure)  917002K->599274K(1033216K), 0.0050238 secs]
189.489: Total time for which application threads were stopped: 0.0051933 seconds, Stopping threads took: 0.0000257 seconds
189.556: [GC (Allocation Failure)  917738K->606573K(1033216K), 0.0050513 secs]
189.562: Total time for which application threads were stopped: 0.0052138 seconds, Stopping threads took: 0.0000203 seconds
189.629: [GC (Allocation Failure)  925037K->606541K(1033216K), 0.0050251 secs]
189.634: Total time for which application threads were stopped: 0.0051998 seconds, Stopping threads took: 0.0000198 seconds
189.699: [GC (Allocation Failure)  925005K->607525K(1033216K), 0.0052344 secs]
189.704: Total time for which application threads were stopped: 0.0054176 seconds, Stopping threads took: 0.0000205 seconds
189.771: [GC (Allocation Failure)  925989K->614567K(1033216K), 0.0048214 secs]
189.776: Total time for which application threads were stopped: 0.0049934 seconds, Stopping threads took: 0.0000205 seconds
189.842: [GC (Allocation Failure)  933031K->614631K(1033216K), 0.0048642 secs]
189.847: Total time for which application threads were stopped: 0.0050396 seconds, Stopping threads took: 0.0000288 seconds
189.916: [GC (Allocation Failure)  933095K->614727K(1033216K), 0.0048891 secs]
189.921: Total time for which application threads were stopped: 0.0050529 seconds, Stopping threads took: 0.0000165 seconds
189.987: [GC (Allocation Failure)  933191K->622633K(1033216K), 0.0050486 secs]
189.992: Total time for which application threads were stopped: 0.0052173 seconds, Stopping threads took: 0.0000196 seconds
190.058: [GC (Allocation Failure)  941097K->622633K(1033216K), 0.0050926 secs]
190.063: Total time for which application threads were stopped: 0.0052644 seconds, Stopping threads took: 0.0000205 seconds
190.128: [GC (Allocation Failure)  941097K->622953K(1033216K), 0.0057251 secs]
190.133: Total time for which application threads were stopped: 0.0058878 seconds, Stopping threads took: 0.0000269 seconds
190.203: [GC (Allocation Failure)  941417K->630667K(1033216K), 0.0047834 secs]
190.208: Total time for which application threads were stopped: 0.0049645 seconds, Stopping threads took: 0.0000204 seconds
190.273: [GC (Allocation Failure)  949131K->630667K(1033216K), 0.0050499 secs]
190.279: Total time for which application threads were stopped: 0.0052219 seconds, Stopping threads took: 0.0000205 seconds
190.344: [GC (Allocation Failure)  949131K->631179K(1033216K), 0.0051472 secs]
190.349: Total time for which application threads were stopped: 0.0053651 seconds, Stopping threads took: 0.0000262 seconds
190.416: [GC (Allocation Failure)  949643K->638734K(1033216K), 0.0050791 secs]
190.422: Total time for which application threads were stopped: 0.0052400 seconds, Stopping threads took: 0.0000200 seconds
190.490: [GC (Allocation Failure)  957198K->638702K(1033216K), 0.0050146 secs]
190.495: Total time for which application threads were stopped: 0.0051769 seconds, Stopping threads took: 0.0000197 seconds
190.560: [GC (Allocation Failure)  957166K->638950K(1033216K), 0.0050842 secs]
190.565: Total time for which application threads were stopped: 0.0052637 seconds, Stopping threads took: 0.0000196 seconds
190.632: [GC (Allocation Failure)  957414K->646728K(1033216K), 0.0048309 secs]
190.637: Total time for which application threads were stopped: 0.0050000 seconds, Stopping threads took: 0.0000207 seconds
190.702: [GC (Allocation Failure)  965192K->646760K(1033216K), 0.0051451 secs]
190.707: Total time for which application threads were stopped: 0.0053134 seconds, Stopping threads took: 0.0000200 seconds
190.773: [GC (Allocation Failure)  965224K->646888K(1033216K), 0.0051390 secs]
190.779: Total time for which application threads were stopped: 0.0052957 seconds, Stopping threads took: 0.0000196 seconds
190.844: [GC (Allocation Failure)  965352K->654794K(1033216K), 0.0050010 secs]
190.849: Total time for which application threads were stopped: 0.0051625 seconds, Stopping threads took: 0.0000195 seconds
190.915: [GC (Allocation Failure)  973258K->654762K(1033216K), 0.0049315 secs]
190.920: Total time for which application threads were stopped: 0.0050929 seconds, Stopping threads took: 0.0000257 seconds
190.986: [GC (Allocation Failure)  973226K->654858K(1033216K), 0.0051588 secs]
190.991: Total time for which application threads were stopped: 0.0053165 seconds, Stopping threads took: 0.0000177 seconds
191.059: [GC (Allocation Failure)  973322K->662829K(1033216K), 0.0049531 secs]
191.064: Total time for which application threads were stopped: 0.0051146 seconds, Stopping threads took: 0.0000198 seconds
191.130: [GC (Allocation Failure)  981293K->662765K(1033216K), 0.0061195 secs]
191.136: Total time for which application threads were stopped: 0.0063024 seconds, Stopping threads took: 0.0000166 seconds
191.202: [GC (Allocation Failure)  981229K->662861K(1033216K), 0.0051349 secs]
191.207: Total time for which application threads were stopped: 0.0052955 seconds, Stopping threads took: 0.0000197 seconds
191.274: [GC (Allocation Failure)  981325K->670831K(1033216K), 0.0051988 secs]
191.279: Total time for which application threads were stopped: 0.0053717 seconds, Stopping threads took: 0.0000228 seconds
191.347: [GC (Allocation Failure)  989295K->664749K(1033216K), 0.0028276 secs]
191.350: Total time for which application threads were stopped: 0.0029879 seconds, Stopping threads took: 0.0000282 seconds
191.415: [GC (Allocation Failure)  983213K->671071K(1033728K), 0.0050932 secs]
191.421: Total time for which application threads were stopped: 0.0052554 seconds, Stopping threads took: 0.0000205 seconds
191.488: [GC (Allocation Failure)  990047K->674975K(1033216K), 0.0054627 secs]
191.493: Total time for which application threads were stopped: 0.0056543 seconds, Stopping threads took: 0.0000198 seconds
191.562: [GC (Allocation Failure)  993951K->678301K(1031680K), 0.0064392 secs]
191.568: Total time for which application threads were stopped: 0.0066032 seconds, Stopping threads took: 0.0000200 seconds
191.635: [GC (Allocation Failure)  995741K->675167K(1032704K), 0.0050588 secs]
191.640: Total time for which application threads were stopped: 0.0052196 seconds, Stopping threads took: 0.0000197 seconds
191.707: [GC (Allocation Failure)  992607K->674975K(1033216K), 0.0050295 secs]
191.712: Total time for which application threads were stopped: 0.0052006 seconds, Stopping threads took: 0.0000201 seconds
191.779: [GC (Allocation Failure)  992927K->667741K(1032704K), 0.0022265 secs]
191.782: Total time for which application threads were stopped: 0.0023667 seconds, Stopping threads took: 0.0000186 seconds
191.850: [GC (Allocation Failure)  985693K->675071K(1033216K), 0.0049978 secs]
191.855: Total time for which application threads were stopped: 0.0051574 seconds, Stopping threads took: 0.0000196 seconds
191.923: [GC (Allocation Failure)  993023K->674975K(1032704K), 0.0052497 secs]
191.928: Total time for which application threads were stopped: 0.0054179 seconds, Stopping threads took: 0.0000196 seconds
191.994: [GC (Allocation Failure)  992927K->678567K(1033728K), 0.0059371 secs]
192.000: Total time for which application threads were stopped: 0.0061082 seconds, Stopping threads took: 0.0000196 seconds
192.069: [GC (Allocation Failure)  997543K->683081K(1033216K), 0.0051454 secs]
192.074: Total time for which application threads were stopped: 0.0053345 seconds, Stopping threads took: 0.0000193 seconds
192.143: [GC (Allocation Failure)  1002057K->682985K(1033728K), 0.0074865 secs]
192.151: Total time for which application threads were stopped: 0.0076359 seconds, Stopping threads took: 0.0000255 seconds
192.216: [GC (Allocation Failure)  1002473K->684745K(1033728K), 0.0052732 secs]
192.222: Total time for which application threads were stopped: 0.0054331 seconds, Stopping threads took: 0.0000199 seconds
192.288: [GC (Allocation Failure)  1004233K->691019K(1034240K), 0.0061257 secs]
192.295: Total time for which application threads were stopped: 0.0062856 seconds, Stopping threads took: 0.0000194 seconds
192.363: [GC (Allocation Failure)  1011019K->691051K(1033728K), 0.0051065 secs]
192.368: Total time for which application threads were stopped: 0.0052731 seconds, Stopping threads took: 0.0000255 seconds
192.433: [GC (Allocation Failure)  1011051K->693003K(1034240K), 0.0054480 secs]
192.438: [Full GC (Ergonomics)  693003K->10413K(1034240K), 0.0152640 secs]
192.454: Total time for which application threads were stopped: 0.0209701 seconds, Stopping threads took: 0.0000199 seconds
192.522: [GC (Allocation Failure)  330925K->18639K(1034240K), 0.0033779 secs]
192.525: Total time for which application threads were stopped: 0.0035680 seconds, Stopping threads took: 0.0000162 seconds
192.595: [GC (Allocation Failure)  339151K->18639K(1034240K), 0.0036183 secs]
192.599: Total time for which application threads were stopped: 0.0037799 seconds, Stopping threads took: 0.0000200 seconds
192.666: [GC (Allocation Failure)  339151K->18695K(1020416K), 0.0037376 secs]
192.670: Total time for which application threads were stopped: 0.0039074 seconds, Stopping threads took: 0.0000202 seconds
192.738: [GC (Allocation Failure)  339207K->26666K(1033728K), 0.0037747 secs]
192.742: Total time for which application threads were stopped: 0.0039461 seconds, Stopping threads took: 0.0000208 seconds
192.809: [GC (Allocation Failure)  346154K->26666K(1033728K), 0.0037223 secs]
192.813: Total time for which application threads were stopped: 0.0039078 seconds, Stopping threads took: 0.0000257 seconds
192.879: [GC (Allocation Failure)  346154K->26954K(1033216K), 0.0040297 secs]
192.883: Total time for which application threads were stopped: 0.0042015 seconds, Stopping threads took: 0.0000246 seconds
192.950: [GC (Allocation Failure)  346442K->34796K(1033728K), 0.0038099 secs]
192.954: Total time for which application threads were stopped: 0.0039799 seconds, Stopping threads took: 0.0000200 seconds
193.023: [GC (Allocation Failure)  354284K->34700K(1033728K), 0.0038294 secs]
193.027: Total time for which application threads were stopped: 0.0040085 seconds, Stopping threads took: 0.0000276 seconds
193.093: [GC (Allocation Failure)  354188K->38284K(1033728K), 0.0047185 secs]
193.098: Total time for which application threads were stopped: 0.0048837 seconds, Stopping threads took: 0.0000205 seconds
193.167: [GC (Allocation Failure)  357772K->42766K(1034240K), 0.0039182 secs]
193.171: Total time for which application threads were stopped: 0.0041113 seconds, Stopping threads took: 0.0000199 seconds
193.239: [GC (Allocation Failure)  363278K->42734K(1034240K), 0.0038977 secs]
193.243: Total time for which application threads were stopped: 0.0040641 seconds, Stopping threads took: 0.0000168 seconds
193.310: [GC (Allocation Failure)  363246K->43462K(1034240K), 0.0038994 secs]
193.314: Total time for which application threads were stopped: 0.0040760 seconds, Stopping threads took: 0.0000278 seconds
193.382: [GC (Allocation Failure)  363974K->50793K(1034240K), 0.0038272 secs]
193.386: Total time for which application threads were stopped: 0.0039785 seconds, Stopping threads took: 0.0000173 seconds
193.454: [GC (Allocation Failure)  371305K->50761K(1034240K), 0.0037454 secs]
193.458: Total time for which application threads were stopped: 0.0039152 seconds, Stopping threads took: 0.0000195 seconds
193.525: [GC (Allocation Failure)  371273K->51657K(1034240K), 0.0041071 secs]
193.529: Total time for which application threads were stopped: 0.0042784 seconds, Stopping threads took: 0.0000212 seconds
193.598: [GC (Allocation Failure)  372169K->58859K(1034240K), 0.0039575 secs]
193.602: Total time for which application threads were stopped: 0.0041198 seconds, Stopping threads took: 0.0000204 seconds
193.671: [GC (Allocation Failure)  379371K->58795K(1034240K), 0.0039484 secs]
193.675: Total time for which application threads were stopped: 0.0041139 seconds, Stopping threads took: 0.0000211 seconds
193.741: [GC (Allocation Failure)  379307K->59907K(1034240K), 0.0040958 secs]
193.746: Total time for which application threads were stopped: 0.0042649 seconds, Stopping threads took: 0.0000197 seconds
193.814: [GC (Allocation Failure)  380419K->66917K(1028096K), 0.0039700 secs]
193.818: Total time for which application threads were stopped: 0.0041582 seconds, Stopping threads took: 0.0000298 seconds
193.885: [GC (Allocation Failure)  387429K->66821K(1033728K), 0.0047327 secs]
193.890: Total time for which application threads were stopped: 0.0049063 seconds, Stopping threads took: 0.0000196 seconds
193.956: [GC (Allocation Failure)  386309K->67069K(1033728K), 0.0041128 secs]
193.960: Total time for which application threads were stopped: 0.0042809 seconds, Stopping threads took: 0.0000189 seconds
194.029: [GC (Allocation Failure)  386557K->74847K(1033728K), 0.0037020 secs]
194.032: Total time for which application threads were stopped: 0.0038960 seconds, Stopping threads took: 0.0000198 seconds
194.100: [GC (Allocation Failure)  394335K->74847K(1033728K), 0.0039825 secs]
194.105: Total time for which application threads were stopped: 0.0041312 seconds, Stopping threads took: 0.0000164 seconds
194.174: [GC (Allocation Failure)  394335K->76391K(1033728K), 0.0040469 secs]
194.178: Total time for which application threads were stopped: 0.0042184 seconds, Stopping threads took: 0.0000198 seconds
194.248: [GC (Allocation Failure)  395879K->82922K(1033728K), 0.0040855 secs]
194.252: Total time for which application threads were stopped: 0.0042441 seconds, Stopping threads took: 0.0000194 seconds
194.320: [GC (Allocation Failure)  402410K->82890K(1033728K), 0.0039361 secs]
194.324: Total time for which application threads were stopped: 0.0040973 seconds, Stopping threads took: 0.0000195 seconds
194.390: [GC (Allocation Failure)  402378K->83594K(1033728K), 0.0043078 secs]
194.394: Total time for which application threads were stopped: 0.0044796 seconds, Stopping threads took: 0.0000198 seconds
194.462: [GC (Allocation Failure)  403082K->90924K(1033728K), 0.0037736 secs]
194.466: Total time for which application threads were stopped: 0.0039640 seconds, Stopping threads took: 0.0000193 seconds
194.534: [GC (Allocation Failure)  410412K->90924K(1033728K), 0.0039269 secs]
194.538: Total time for which application threads were stopped: 0.0040746 seconds, Stopping threads took: 0.0000172 seconds
194.604: [GC (Allocation Failure)  410412K->91084K(1033728K), 0.0042578 secs]
194.608: Total time for which application threads were stopped: 0.0044547 seconds, Stopping threads took: 0.0000201 seconds
194.678: [GC (Allocation Failure)  410572K->99022K(1033728K), 0.0039256 secs]
194.682: Total time for which application threads were stopped: 0.0041023 seconds, Stopping threads took: 0.0000209 seconds
194.749: [GC (Allocation Failure)  418510K->98990K(1033728K), 0.0037889 secs]
194.753: Total time for which application threads were stopped: 0.0039816 seconds, Stopping threads took: 0.0000195 seconds
194.821: [GC (Allocation Failure)  418478K->99014K(1033728K), 0.0038950 secs]
194.825: Total time for which application threads were stopped: 0.0040616 seconds, Stopping threads took: 0.0000259 seconds
194.893: [GC (Allocation Failure)  418502K->107016K(1032704K), 0.0038617 secs]
194.897: Total time for which application threads were stopped: 0.0040247 seconds, Stopping threads took: 0.0000199 seconds
194.964: [GC (Allocation Failure)  425480K->106984K(1033216K), 0.0038675 secs]
194.968: Total time for which application threads were stopped: 0.0040387 seconds, Stopping threads took: 0.0000202 seconds
195.033: [GC (Allocation Failure)  425448K->107272K(1033216K), 0.0042133 secs]
195.038: Total time for which application threads were stopped: 0.0043889 seconds, Stopping threads took: 0.0000216 seconds
195.105: [GC (Allocation Failure)  425736K->115083K(1033216K), 0.0040183 secs]
195.109: Total time for which application threads were stopped: 0.0041932 seconds, Stopping threads took: 0.0000212 seconds
195.176: [GC (Allocation Failure)  433547K->115019K(1033216K), 0.0041221 secs]
195.180: Total time for which application threads were stopped: 0.0042937 seconds, Stopping threads took: 0.0000205 seconds
195.246: [GC (Allocation Failure)  433483K->115499K(1033216K), 0.0042031 secs]
195.251: Total time for which application threads were stopped: 0.0044056 seconds, Stopping threads took: 0.0000226 seconds
195.320: [GC (Allocation Failure)  433963K->123053K(1033216K), 0.0037456 secs]
195.324: Total time for which application threads were stopped: 0.0039056 seconds, Stopping threads took: 0.0000266 seconds
195.390: [GC (Allocation Failure)  441517K->123053K(1033216K), 0.0041008 secs]
195.394: Total time for which application threads were stopped: 0.0042834 seconds, Stopping threads took: 0.0000199 seconds
195.460: [GC (Allocation Failure)  441517K->123717K(1033216K), 0.0043330 secs]
195.464: Total time for which application threads were stopped: 0.0045267 seconds, Stopping threads took: 0.0000203 seconds
195.531: [GC (Allocation Failure)  442181K->131111K(1033216K), 0.0039748 secs]
195.536: Total time for which application threads were stopped: 0.0041748 seconds, Stopping threads took: 0.0000227 seconds
195.604: [GC (Allocation Failure)  449575K->131111K(1033216K), 0.0038009 secs]
195.608: Total time for which application threads were stopped: 0.0039715 seconds, Stopping threads took: 0.0000192 seconds
195.673: [GC (Allocation Failure)  449575K->131975K(1033216K), 0.0042358 secs]
195.678: Total time for which application threads were stopped: 0.0043867 seconds, Stopping threads took: 0.0000171 seconds
195.743: [GC (Allocation Failure)  450439K->139113K(1033216K), 0.0041159 secs]
195.747: Total time for which application threads were stopped: 0.0043106 seconds, Stopping threads took: 0.0000201 seconds
195.814: [GC (Allocation Failure)  457577K->139113K(1033216K), 0.0039687 secs]
195.818: Total time for which application threads were stopped: 0.0041490 seconds, Stopping threads took: 0.0000170 seconds
195.887: [GC (Allocation Failure)  457577K->139177K(1033216K), 0.0041171 secs]
195.891: Total time for which application threads were stopped: 0.0042771 seconds, Stopping threads took: 0.0000178 seconds
195.959: [GC (Allocation Failure)  457641K->147148K(1033216K), 0.0040759 secs]
195.963: Total time for which application threads were stopped: 0.0042388 seconds, Stopping threads took: 0.0000204 seconds
196.028: [GC (Allocation Failure)  465612K->147148K(1033216K), 0.0040279 secs]
196.032: Total time for which application threads were stopped: 0.0042210 seconds, Stopping threads took: 0.0000209 seconds
196.099: [GC (Allocation Failure)  465612K->147396K(1033216K), 0.0042873 secs]
196.103: Total time for which application threads were stopped: 0.0044672 seconds, Stopping threads took: 0.0000200 seconds
196.172: [GC (Allocation Failure)  465860K->155206K(1033216K), 0.0038176 secs]
196.176: Total time for which application threads were stopped: 0.0039794 seconds, Stopping threads took: 0.0000175 seconds
196.241: [GC (Allocation Failure)  473670K->155174K(1033216K), 0.0041573 secs]
196.245: Total time for which application threads were stopped: 0.0043271 seconds, Stopping threads took: 0.0000200 seconds
196.311: [GC (Allocation Failure)  473638K->155622K(1033216K), 0.0041814 secs]
196.315: Total time for which application threads were stopped: 0.0043450 seconds, Stopping threads took: 0.0000189 seconds
196.382: [GC (Allocation Failure)  474086K->163240K(1033216K), 0.0039329 secs]
196.386: Total time for which application threads were stopped: 0.0040996 seconds, Stopping threads took: 0.0000269 seconds
196.453: [GC (Allocation Failure)  481704K->163208K(1033216K), 0.0039693 secs]
196.457: Total time for which application threads were stopped: 0.0041386 seconds, Stopping threads took: 0.0000204 seconds
196.523: [GC (Allocation Failure)  481672K->163336K(1033216K), 0.0039866 secs]
196.527: Total time for which application threads were stopped: 0.0042049 seconds, Stopping threads took: 0.0000209 seconds
196.596: [GC (Allocation Failure)  481800K->171243K(1033216K), 0.0041119 secs]
196.600: Total time for which application threads were stopped: 0.0042698 seconds, Stopping threads took: 0.0000167 seconds
196.666: [GC (Allocation Failure)  489707K->171243K(1033216K), 0.0041731 secs]
196.670: Total time for which application threads were stopped: 0.0043745 seconds, Stopping threads took: 0.0000205 seconds
196.738: [GC (Allocation Failure)  489707K->171299K(1033216K), 0.0043792 secs]
196.743: Total time for which application threads were stopped: 0.0045411 seconds, Stopping threads took: 0.0000197 seconds
196.810: [GC (Allocation Failure)  489763K->179269K(1033216K), 0.0042086 secs]
196.814: Total time for which application threads were stopped: 0.0043772 seconds, Stopping threads took: 0.0000279 seconds
196.881: [GC (Allocation Failure)  497733K->179269K(1033216K), 0.0040786 secs]
196.886: Total time for which application threads were stopped: 0.0042696 seconds, Stopping threads took: 0.0000195 seconds
196.953: [GC (Allocation Failure)  497733K->179525K(1033216K), 0.0042550 secs]
196.957: Total time for which application threads were stopped: 0.0044159 seconds, Stopping threads took: 0.0000205 seconds
197.024: [GC (Allocation Failure)  497989K->187335K(1033216K), 0.0041685 secs]
197.028: Total time for which application threads were stopped: 0.0043281 seconds, Stopping threads took: 0.0000204 seconds
197.095: [GC (Allocation Failure)  505799K->180901K(1033216K), 0.0014553 secs]
197.096: Total time for which application threads were stopped: 0.0015854 seconds, Stopping threads took: 0.0000191 seconds
197.165: [GC (Allocation Failure)  499365K->187503K(1033728K), 0.0041650 secs]
197.169: Total time for which application threads were stopped: 0.0043565 seconds, Stopping threads took: 0.0000204 seconds
197.237: [GC (Allocation Failure)  506479K->191455K(1033216K), 0.0045886 secs]
197.242: Total time for which application threads were stopped: 0.0047471 seconds, Stopping threads took: 0.0000177 seconds
197.309: [GC (Allocation Failure)  510431K->194493K(1031680K), 0.0052925 secs]
197.315: Total time for which application threads were stopped: 0.0054682 seconds, Stopping threads took: 0.0000278 seconds
197.382: [GC (Allocation Failure)  511933K->191551K(1032704K), 0.0038133 secs]
197.386: Total time for which application threads were stopped: 0.0040051 seconds, Stopping threads took: 0.0000194 seconds
197.455: [GC (Allocation Failure)  508991K->191487K(1033216K), 0.0041203 secs]
197.459: Total time for which application threads were stopped: 0.0043126 seconds, Stopping threads took: 0.0000193 seconds
197.527: [GC (Allocation Failure)  509439K->183965K(1032704K), 0.0012156 secs]
197.528: Total time for which application threads were stopped: 0.0013524 seconds, Stopping threads took: 0.0000185 seconds
197.597: [GC (Allocation Failure)  501917K->191519K(1033216K), 0.0042646 secs]
197.601: Total time for which application threads were stopped: 0.0044607 seconds, Stopping threads took: 0.0000205 seconds
197.669: [GC (Allocation Failure)  509471K->191455K(1032704K), 0.0039189 secs]
197.673: Total time for which application threads were stopped: 0.0040696 seconds, Stopping threads took: 0.0000170 seconds
197.740: [GC (Allocation Failure)  509407K->194759K(1033728K), 0.0049190 secs]
197.745: Total time for which application threads were stopped: 0.0050808 seconds, Stopping threads took: 0.0000189 seconds
197.813: [GC (Allocation Failure)  513735K->199497K(1033216K), 0.0041138 secs]
197.817: Total time for which application threads were stopped: 0.0042827 seconds, Stopping threads took: 0.0000280 seconds
197.884: [GC (Allocation Failure)  518473K->199529K(1033728K), 0.0042294 secs]
197.889: Total time for which application threads were stopped: 0.0043986 seconds, Stopping threads took: 0.0000201 seconds
197.954: [GC (Allocation Failure)  519017K->200937K(1033728K), 0.0043681 secs]
197.959: Total time for which application threads were stopped: 0.0045544 seconds, Stopping threads took: 0.0000216 seconds
198.027: [GC (Allocation Failure)  520425K->207500K(1033728K), 0.0041137 secs]
198.032: Total time for which application threads were stopped: 0.0042883 seconds, Stopping threads took: 0.0000206 seconds
198.099: [GC (Allocation Failure)  526988K->207532K(1033728K), 0.0041956 secs]
198.103: Total time for which application threads were stopped: 0.0043918 seconds, Stopping threads took: 0.0000198 seconds
198.173: [GC (Allocation Failure)  527020K->208140K(1033216K), 0.0046133 secs]
198.177: Total time for which application threads were stopped: 0.0047706 seconds, Stopping threads took: 0.0000197 seconds
198.246: [GC (Allocation Failure)  527628K->215598K(1033728K), 0.0041177 secs]
198.251: Total time for which application threads were stopped: 0.0042967 seconds, Stopping threads took: 0.0000193 seconds
198.318: [GC (Allocation Failure)  535086K->215566K(1033728K), 0.0040880 secs]
198.322: Total time for which application threads were stopped: 0.0042563 seconds, Stopping threads took: 0.0000267 seconds
198.388: [GC (Allocation Failure)  535054K->219462K(1033728K), 0.0052578 secs]
198.393: Total time for which application threads were stopped: 0.0054228 seconds, Stopping threads took: 0.0000206 seconds
198.460: [GC (Allocation Failure)  538950K->223720K(1034240K), 0.0041640 secs]
198.465: Total time for which application threads were stopped: 0.0043108 seconds, Stopping threads took: 0.0000197 seconds
198.533: [GC (Allocation Failure)  544232K->223592K(1034240K), 0.0042920 secs]
198.537: Total time for which application threads were stopped: 0.0044687 seconds, Stopping threads took: 0.0000279 seconds
198.604: [GC (Allocation Failure)  544104K->224616K(1034240K), 0.0043454 secs]
198.609: Total time for which application threads were stopped: 0.0045235 seconds, Stopping threads took: 0.0000206 seconds
198.679: [GC (Allocation Failure)  545128K->231658K(1034240K), 0.0042217 secs]
198.683: Total time for which application threads were stopped: 0.0043925 seconds, Stopping threads took: 0.0000202 seconds
198.751: [GC (Allocation Failure)  552170K->231658K(1034240K), 0.0044763 secs]
198.755: Total time for which application threads were stopped: 0.0046406 seconds, Stopping threads took: 0.0000201 seconds
198.823: [GC (Allocation Failure)  552170K->234890K(1034240K), 0.0050045 secs]
198.828: Total time for which application threads were stopped: 0.0051908 seconds, Stopping threads took: 0.0000261 seconds
198.897: [GC (Allocation Failure)  555402K->239661K(1034752K), 0.0040192 secs]
198.901: Total time for which application threads were stopped: 0.0041913 seconds, Stopping threads took: 0.0000200 seconds
198.968: [GC (Allocation Failure)  561197K->239661K(1034752K), 0.0040945 secs]
198.973: Total time for which application threads were stopped: 0.0042651 seconds, Stopping threads took: 0.0000203 seconds
199.037: [GC (Allocation Failure)  561197K->243149K(1034752K), 0.0052388 secs]
199.043: Total time for which application threads were stopped: 0.0054105 seconds, Stopping threads took: 0.0000202 seconds
199.112: [GC (Allocation Failure)  564685K->247791K(1034752K), 0.0042174 secs]
199.116: Total time for which application threads were stopped: 0.0043787 seconds, Stopping threads took: 0.0000205 seconds
199.186: [GC (Allocation Failure)  569327K->247695K(1034752K), 0.0042576 secs]
199.190: Total time for which application threads were stopped: 0.0044277 seconds, Stopping threads took: 0.0000196 seconds
199.256: [GC (Allocation Failure)  569231K->248295K(1034752K), 0.0042006 secs]
199.260: Total time for which application threads were stopped: 0.0043905 seconds, Stopping threads took: 0.0000191 seconds
199.331: [GC (Allocation Failure)  569831K->255689K(1034752K), 0.0043367 secs]
199.335: Total time for which application threads were stopped: 0.0044953 seconds, Stopping threads took: 0.0000260 seconds
199.402: [GC (Allocation Failure)  577225K->255721K(1034752K), 0.0045344 secs]
199.407: Total time for which application threads were stopped: 0.0047098 seconds, Stopping threads took: 0.0000197 seconds
199.473: [GC (Allocation Failure)  577257K->257577K(1034752K), 0.0047051 secs]
199.477: Total time for which application threads were stopped: 0.0048755 seconds, Stopping threads took: 0.0000198 seconds
199.544: [GC (Allocation Failure)  579113K->263819K(1034752K), 0.0043077 secs]
199.548: Total time for which application threads were stopped: 0.0044877 seconds, Stopping threads took: 0.0000290 seconds
199.615: [GC (Allocation Failure)  585355K->263755K(1034752K), 0.0043925 secs]
199.619: Total time for which application threads were stopped: 0.0045688 seconds, Stopping threads took: 0.0000194 seconds
199.685: [GC (Allocation Failure)  585291K->266795K(1034752K), 0.0050933 secs]
199.690: Total time for which application threads were stopped: 0.0052581 seconds, Stopping threads took: 0.0000199 seconds
199.756: [GC (Allocation Failure)  588331K->271822K(1034752K), 0.0041019 secs]
199.760: Total time for which application threads were stopped: 0.0043766 seconds, Stopping threads took: 0.0000206 seconds
199.829: [GC (Allocation Failure)  593358K->271790K(1034752K), 0.0043137 secs]
199.834: Total time for which application threads were stopped: 0.0044891 seconds, Stopping threads took: 0.0000262 seconds
199.899: [GC (Allocation Failure)  593326K->271950K(1033728K), 0.0110957 secs]
199.910: Total time for which application threads were stopped: 0.0112665 seconds, Stopping threads took: 0.0000205 seconds
199.978: [GC (Allocation Failure)  592462K->279824K(1034240K), 0.0043397 secs]
199.982: Total time for which application threads were stopped: 0.0045034 seconds, Stopping threads took: 0.0000196 seconds
200.050: [GC (Allocation Failure)  600336K->279856K(1034240K), 0.0043857 secs]
200.054: Total time for which application threads were stopped: 0.0045462 seconds, Stopping threads took: 0.0000202 seconds
200.121: [GC (Allocation Failure)  600368K->282248K(1034240K), 0.0051047 secs]
200.127: Total time for which application threads were stopped: 0.0052770 seconds, Stopping threads took: 0.0000196 seconds
200.197: [GC (Allocation Failure)  602760K->287882K(1034752K), 0.0041807 secs]
200.201: Total time for which application threads were stopped: 0.0043487 seconds, Stopping threads took: 0.0000194 seconds
200.269: [GC (Allocation Failure)  609418K->287850K(1034752K), 0.0044833 secs]
200.273: Total time for which application threads were stopped: 0.0046608 seconds, Stopping threads took: 0.0000195 seconds
200.341: [GC (Allocation Failure)  609386K->290474K(1034752K), 0.0048897 secs]
200.346: Total time for which application threads were stopped: 0.0050587 seconds, Stopping threads took: 0.0000281 seconds
200.412: [GC (Allocation Failure)  612010K->296013K(1034752K), 0.0043139 secs]
200.417: Total time for which application threads were stopped: 0.0044722 seconds, Stopping threads took: 0.0000209 seconds
200.484: [GC (Allocation Failure)  617549K->295885K(1034752K), 0.0043514 secs]
200.488: Total time for which application threads were stopped: 0.0045216 seconds, Stopping threads took: 0.0000172 seconds
200.554: [GC (Allocation Failure)  617421K->299749K(1034752K), 0.0055290 secs]
200.560: Total time for which application threads were stopped: 0.0057091 seconds, Stopping threads took: 0.0000257 seconds
200.626: [GC (Allocation Failure)  621285K->303975K(1034752K), 0.0046270 secs]
200.631: Total time for which application threads were stopped: 0.0047984 seconds, Stopping threads took: 0.0000205 seconds
200.698: [GC (Allocation Failure)  625511K->303911K(1034752K), 0.0043233 secs]
200.702: Total time for which application threads were stopped: 0.0045255 seconds, Stopping threads took: 0.0000203 seconds
200.768: [GC (Allocation Failure)  625447K->304911K(1034752K), 0.0045677 secs]
200.773: Total time for which application threads were stopped: 0.0047302 seconds, Stopping threads took: 0.0000200 seconds
200.841: [GC (Allocation Failure)  626447K->311953K(1034752K), 0.0043242 secs]
200.846: Total time for which application threads were stopped: 0.0045313 seconds, Stopping threads took: 0.0000294 seconds
200.914: [GC (Allocation Failure)  633489K->311953K(1034752K), 0.0042598 secs]
200.918: Total time for which application threads were stopped: 0.0044436 seconds, Stopping threads took: 0.0000169 seconds
200.985: [GC (Allocation Failure)  633489K->314185K(1034752K), 0.0048210 secs]
200.990: Total time for which application threads were stopped: 0.0049813 seconds, Stopping threads took: 0.0000165 seconds
201.058: [GC (Allocation Failure)  635721K->320011K(1034752K), 0.0043693 secs]
201.063: Total time for which application threads were stopped: 0.0045320 seconds, Stopping threads took: 0.0000204 seconds
201.130: [GC (Allocation Failure)  641547K->319979K(1034752K), 0.0044851 secs]
201.135: Total time for which application threads were stopped: 0.0046523 seconds, Stopping threads took: 0.0000244 seconds
201.201: [GC (Allocation Failure)  641515K->323395K(1034752K), 0.0054180 secs]
201.206: Total time for which application threads were stopped: 0.0055877 seconds, Stopping threads took: 0.0000196 seconds
201.275: [GC (Allocation Failure)  644931K->328038K(1034752K), 0.0043818 secs]
201.279: Total time for which application threads were stopped: 0.0045779 seconds, Stopping threads took: 0.0000203 seconds
201.347: [GC (Allocation Failure)  649574K->328038K(1034752K), 0.0043480 secs]
201.352: Total time for which application threads were stopped: 0.0045157 seconds, Stopping threads took: 0.0000256 seconds
201.420: [GC (Allocation Failure)  649574K->328550K(1034752K), 0.0058814 secs]
201.426: Total time for which application threads were stopped: 0.0060389 seconds, Stopping threads took: 0.0000189 seconds
201.492: [GC (Allocation Failure)  650086K->336136K(1034752K), 0.0044281 secs]
201.496: Total time for which application threads were stopped: 0.0045905 seconds, Stopping threads took: 0.0000204 seconds
201.563: [GC (Allocation Failure)  657672K->336008K(1034752K), 0.0045186 secs]
201.567: Total time for which application threads were stopped: 0.0046853 seconds, Stopping threads took: 0.0000191 seconds
201.633: [GC (Allocation Failure)  657544K->337832K(1034752K), 0.0046767 secs]
201.638: Total time for which application threads were stopped: 0.0048537 seconds, Stopping threads took: 0.0000197 seconds
201.704: [GC (Allocation Failure)  659368K->344138K(1034752K), 0.0045309 secs]
201.709: Total time for which application threads were stopped: 0.0046942 seconds, Stopping threads took: 0.0000206 seconds
201.775: [GC (Allocation Failure)  665674K->344074K(1034752K), 0.0044924 secs]
201.779: Total time for which application threads were stopped: 0.0046554 seconds, Stopping threads took: 0.0000212 seconds
201.845: [GC (Allocation Failure)  665610K->347114K(1034752K), 0.0051255 secs]
201.850: Total time for which application threads were stopped: 0.0053120 seconds, Stopping threads took: 0.0000277 seconds
201.918: [GC (Allocation Failure)  668650K->352140K(1034752K), 0.0046507 secs]
201.923: Total time for which application threads were stopped: 0.0048178 seconds, Stopping threads took: 0.0000198 seconds
201.990: [GC (Allocation Failure)  673676K->352108K(1034752K), 0.0045046 secs]
201.994: Total time for which application threads were stopped: 0.0046651 seconds, Stopping threads took: 0.0000193 seconds
202.059: [GC (Allocation Failure)  673644K->352228K(1033728K), 0.0046532 secs]
202.064: Total time for which application threads were stopped: 0.0048220 seconds, Stopping threads took: 0.0000200 seconds
202.131: [GC (Allocation Failure)  672740K->360167K(1034240K), 0.0064580 secs]
202.138: Total time for which application threads were stopped: 0.0066663 seconds, Stopping threads took: 0.0000184 seconds
202.207: [GC (Allocation Failure)  680679K->360135K(1034240K), 0.0045513 secs]
202.212: Total time for which application threads were stopped: 0.0047433 seconds, Stopping threads took: 0.0000193 seconds
202.280: [GC (Allocation Failure)  680647K->362535K(1034240K), 0.0049673 secs]
202.285: Total time for which application threads were stopped: 0.0051284 seconds, Stopping threads took: 0.0000200 seconds
202.355: [GC (Allocation Failure)  683047K->368169K(1034752K), 0.0042046 secs]
202.360: Total time for which application threads were stopped: 0.0043730 seconds, Stopping threads took: 0.0000281 seconds
202.426: [GC (Allocation Failure)  689705K->368201K(1034752K), 0.0044655 secs]
202.430: Total time for which application threads were stopped: 0.0046385 seconds, Stopping threads took: 0.0000257 seconds
202.496: [GC (Allocation Failure)  689737K->370761K(1034752K), 0.0050270 secs]
202.501: Total time for which application threads were stopped: 0.0051919 seconds, Stopping threads took: 0.0000202 seconds
202.569: [GC (Allocation Failure)  692297K->376299K(1034752K), 0.0045156 secs]
202.574: Total time for which application threads were stopped: 0.0047086 seconds, Stopping threads took: 0.0000204 seconds
202.641: [GC (Allocation Failure)  697835K->376203K(1034752K), 0.0046963 secs]
202.646: Total time for which application threads were stopped: 0.0048901 seconds, Stopping threads took: 0.0000212 seconds
202.713: [GC (Allocation Failure)  697739K->380075K(1034752K), 0.0054288 secs]
202.718: Total time for which application threads were stopped: 0.0055849 seconds, Stopping threads took: 0.0000250 seconds
202.787: [GC (Allocation Failure)  701611K->384269K(1034752K), 0.0046125 secs]
202.792: Total time for which application threads were stopped: 0.0047822 seconds, Stopping threads took: 0.0000201 seconds
202.860: [GC (Allocation Failure)  705805K->384237K(1034752K), 0.0059715 secs]
202.866: Total time for which application threads were stopped: 0.0061543 seconds, Stopping threads took: 0.0000276 seconds
202.932: [GC (Allocation Failure)  705773K->385197K(1034752K), 0.0047756 secs]
202.937: Total time for which application threads were stopped: 0.0049404 seconds, Stopping threads took: 0.0000209 seconds
203.007: [GC (Allocation Failure)  706733K->392272K(1034752K), 0.0044986 secs]
203.011: Total time for which application threads were stopped: 0.0046583 seconds, Stopping threads took: 0.0000201 seconds
203.080: [GC (Allocation Failure)  713808K->392272K(1034752K), 0.0045075 secs]
203.084: Total time for which application threads were stopped: 0.0046755 seconds, Stopping threads took: 0.0000206 seconds
203.151: [GC (Allocation Failure)  713808K->394472K(1034752K), 0.0049141 secs]
203.156: Total time for which application threads were stopped: 0.0050630 seconds, Stopping threads took: 0.0000174 seconds
203.224: [GC (Allocation Failure)  716008K->400298K(1034752K), 0.0045976 secs]
203.228: Total time for which application threads were stopped: 0.0047918 seconds, Stopping threads took: 0.0000200 seconds
203.296: [GC (Allocation Failure)  721834K->400330K(1034752K), 0.0053235 secs]
203.301: Total time for which application threads were stopped: 0.0055037 seconds, Stopping threads took: 0.0000168 seconds
203.369: [GC (Allocation Failure)  721866K->403722K(1034752K), 0.0053386 secs]
203.374: Total time for which application threads were stopped: 0.0055190 seconds, Stopping threads took: 0.0000194 seconds
203.440: [GC (Allocation Failure)  725258K->408460K(1034752K), 0.0045871 secs]
203.445: Total time for which application threads were stopped: 0.0047468 seconds, Stopping threads took: 0.0000182 seconds
203.512: [GC (Allocation Failure)  729996K->408364K(1034752K), 0.0043853 secs]
203.516: Total time for which application threads were stopped: 0.0045460 seconds, Stopping threads took: 0.0000196 seconds
203.581: [GC (Allocation Failure)  729900K->408836K(1034752K), 0.0046842 secs]
203.586: Total time for which application threads were stopped: 0.0048540 seconds, Stopping threads took: 0.0000193 seconds
203.652: [GC (Allocation Failure)  730372K->416422K(1034752K), 0.0045471 secs]
203.657: Total time for which application threads were stopped: 0.0047175 seconds, Stopping threads took: 0.0000209 seconds
203.724: [GC (Allocation Failure)  737958K->416390K(1034752K), 0.0046210 secs]
203.729: Total time for which application threads were stopped: 0.0048187 seconds, Stopping threads took: 0.0000214 seconds
203.796: [GC (Allocation Failure)  737926K->418150K(1034752K), 0.0046965 secs]
203.801: Total time for which application threads were stopped: 0.0048687 seconds, Stopping threads took: 0.0000168 seconds
203.871: [GC (Allocation Failure)  739686K->424425K(1034752K), 0.0044074 secs]
203.875: Total time for which application threads were stopped: 0.0045676 seconds, Stopping threads took: 0.0000264 seconds
203.943: [GC (Allocation Failure)  745961K->424425K(1034752K), 0.0046864 secs]
203.947: Total time for which application threads were stopped: 0.0048485 seconds, Stopping threads took: 0.0000203 seconds
204.013: [GC (Allocation Failure)  745961K->427361K(1034752K), 0.0052593 secs]
204.018: Total time for which application threads were stopped: 0.0054547 seconds, Stopping threads took: 0.0000200 seconds
204.088: [GC (Allocation Failure)  748897K->432451K(1034752K), 0.0045464 secs]
204.092: Total time for which application threads were stopped: 0.0047412 seconds, Stopping threads took: 0.0000200 seconds
204.162: [GC (Allocation Failure)  753987K->432419K(1034752K), 0.0045470 secs]
204.167: Total time for which application threads were stopped: 0.0047058 seconds, Stopping threads took: 0.0000166 seconds
204.232: [GC (Allocation Failure)  753955K->432515K(1033728K), 0.0048535 secs]
204.237: Total time for which application threads were stopped: 0.0050252 seconds, Stopping threads took: 0.0000199 seconds
204.306: [GC (Allocation Failure)  753027K->440453K(1034240K), 0.0045975 secs]
204.310: Total time for which application threads were stopped: 0.0047726 seconds, Stopping threads took: 0.0000209 seconds
204.380: [GC (Allocation Failure)  760965K->440453K(1034240K), 0.0043744 secs]
204.384: Total time for which application threads were stopped: 0.0045325 seconds, Stopping threads took: 0.0000162 seconds
204.452: [GC (Allocation Failure)  760965K->442829K(1034240K), 0.0051106 secs]
204.458: Total time for which application threads were stopped: 0.0053047 seconds, Stopping threads took: 0.0000204 seconds
204.527: [GC (Allocation Failure)  763341K->448592K(1033728K), 0.0046689 secs]
204.532: Total time for which application threads were stopped: 0.0048420 seconds, Stopping threads took: 0.0000198 seconds
204.599: [GC (Allocation Failure)  769104K->448496K(1034240K), 0.0044639 secs]
204.604: Total time for which application threads were stopped: 0.0046249 seconds, Stopping threads took: 0.0000203 seconds
204.670: [GC (Allocation Failure)  769008K->449040K(1034240K), 0.0045776 secs]
204.675: Total time for which application threads were stopped: 0.0047445 seconds, Stopping threads took: 0.0000276 seconds
204.742: [GC (Allocation Failure)  769552K->456562K(1034240K), 0.0052560 secs]
204.748: Total time for which application threads were stopped: 0.0054526 seconds, Stopping threads took: 0.0000205 seconds
204.817: [GC (Allocation Failure)  777074K->456530K(1034240K), 0.0045885 secs]
204.821: Total time for which application threads were stopped: 0.0047595 seconds, Stopping threads took: 0.0000259 seconds
204.888: [GC (Allocation Failure)  777042K->459314K(1034240K), 0.0054214 secs]
204.894: Total time for which application threads were stopped: 0.0055812 seconds, Stopping threads took: 0.0000192 seconds
204.961: [GC (Allocation Failure)  779826K->464596K(1034240K), 0.0045601 secs]
204.966: Total time for which application threads were stopped: 0.0047272 seconds, Stopping threads took: 0.0000203 seconds
205.033: [GC (Allocation Failure)  785108K->464564K(1034240K), 0.0064190 secs]
205.040: Total time for which application threads were stopped: 0.0065908 seconds, Stopping threads took: 0.0000201 seconds
205.108: [GC (Allocation Failure)  785076K->465492K(1034240K), 0.0049780 secs]
205.113: Total time for which application threads were stopped: 0.0051541 seconds, Stopping threads took: 0.0000208 seconds
205.182: [GC (Allocation Failure)  786004K->472598K(1034240K), 0.0048211 secs]
205.187: Total time for which application threads were stopped: 0.0049754 seconds, Stopping threads took: 0.0000193 seconds
205.255: [GC (Allocation Failure)  793110K->472598K(1034240K), 0.0046261 secs]
205.260: Total time for which application threads were stopped: 0.0047896 seconds, Stopping threads took: 0.0000194 seconds
205.327: [GC (Allocation Failure)  793110K->475774K(1034240K), 0.0053569 secs]
205.332: Total time for which application threads were stopped: 0.0055491 seconds, Stopping threads took: 0.0000263 seconds
205.400: [GC (Allocation Failure)  796286K->480641K(1034752K), 0.0047362 secs]
205.405: Total time for which application threads were stopped: 0.0049161 seconds, Stopping threads took: 0.0000204 seconds
205.473: [GC (Allocation Failure)  802177K->480641K(1034752K), 0.0044591 secs]
205.478: Total time for which application threads were stopped: 0.0046524 seconds, Stopping threads took: 0.0000194 seconds
205.545: [GC (Allocation Failure)  802177K->484009K(1034752K), 0.0053743 secs]
205.551: Total time for which application threads were stopped: 0.0055379 seconds, Stopping threads took: 0.0000198 seconds
205.619: [GC (Allocation Failure)  805545K->488779K(1034752K), 0.0047466 secs]
205.624: Total time for which application threads were stopped: 0.0049170 seconds, Stopping threads took: 0.0000202 seconds
205.692: [GC (Allocation Failure)  810315K->488651K(1034752K), 0.0046596 secs]
205.696: Total time for which application threads were stopped: 0.0048519 seconds, Stopping threads took: 0.0000202 seconds
205.763: [GC (Allocation Failure)  810187K->489195K(1034752K), 0.0050095 secs]
205.768: Total time for which application threads were stopped: 0.0051740 seconds, Stopping threads took: 0.0000191 seconds
205.837: [GC (Allocation Failure)  810731K->496749K(1034752K), 0.0045360 secs]
205.841: Total time for which application threads were stopped: 0.0047056 seconds, Stopping threads took: 0.0000282 seconds
205.908: [GC (Allocation Failure)  818285K->496749K(1034752K), 0.0048150 secs]
205.913: Total time for which application threads were stopped: 0.0049827 seconds, Stopping threads took: 0.0000279 seconds
205.978: [GC (Allocation Failure)  818285K->498437K(1034752K), 0.0050982 secs]
205.983: Total time for which application threads were stopped: 0.0052968 seconds, Stopping threads took: 0.0000206 seconds
206.053: [GC (Allocation Failure)  819973K->504775K(1029120K), 0.0045061 secs]
206.058: Total time for which application threads were stopped: 0.0046931 seconds, Stopping threads took: 0.0000174 seconds
206.125: [GC (Allocation Failure)  826311K->504743K(1034240K), 0.0105642 secs]
206.136: Total time for which application threads were stopped: 0.0107526 seconds, Stopping threads took: 0.0000166 seconds
206.203: [GC (Allocation Failure)  825255K->506695K(1034240K), 0.0047959 secs]
206.208: Total time for which application threads were stopped: 0.0049665 seconds, Stopping threads took: 0.0000193 seconds
206.275: [GC (Allocation Failure)  827207K->512842K(1033728K), 0.0048355 secs]
206.280: Total time for which application threads were stopped: 0.0050057 seconds, Stopping threads took: 0.0000197 seconds
206.348: [GC (Allocation Failure)  833354K->512778K(1034240K), 0.0046490 secs]
206.353: Total time for which application threads were stopped: 0.0048209 seconds, Stopping threads took: 0.0000258 seconds
206.420: [GC (Allocation Failure)  833290K->512834K(1033728K), 0.0049972 secs]
206.425: Total time for which application threads were stopped: 0.0051656 seconds, Stopping threads took: 0.0000191 seconds
206.494: [GC (Allocation Failure)  833346K->520900K(1034240K), 0.0048180 secs]
206.499: Total time for which application threads were stopped: 0.0049774 seconds, Stopping threads took: 0.0000200 seconds
206.568: [GC (Allocation Failure)  841412K->520836K(1034240K), 0.0045235 secs]
206.573: Total time for which application threads were stopped: 0.0046889 seconds, Stopping threads took: 0.0000191 seconds
206.639: [GC (Allocation Failure)  841348K->523116K(1034240K), 0.0053459 secs]
206.645: Total time for which application threads were stopped: 0.0055198 seconds, Stopping threads took: 0.0000194 seconds
206.714: [GC (Allocation Failure)  843628K->528910K(1034240K), 0.0048817 secs]
206.719: Total time for which application threads were stopped: 0.0050415 seconds, Stopping threads took: 0.0000175 seconds
206.787: [GC (Allocation Failure)  849422K->528846K(1034240K), 0.0048530 secs]
206.792: Total time for which application threads were stopped: 0.0050230 seconds, Stopping threads took: 0.0000203 seconds
206.860: [GC (Allocation Failure)  849358K->529350K(1034240K), 0.0048489 secs]
206.865: Total time for which application threads were stopped: 0.0050114 seconds, Stopping threads took: 0.0000195 seconds
206.933: [GC (Allocation Failure)  849862K->536904K(1034240K), 0.0047805 secs]
206.938: Total time for which application threads were stopped: 0.0049502 seconds, Stopping threads took: 0.0000208 seconds
207.006: [GC (Allocation Failure)  857416K->536904K(1034240K), 0.0046639 secs]
207.011: Total time for which application threads were stopped: 0.0048298 seconds, Stopping threads took: 0.0000202 seconds
207.078: [GC (Allocation Failure)  857416K->539592K(1034240K), 0.0053782 secs]
207.084: Total time for which application threads were stopped: 0.0055483 seconds, Stopping threads took: 0.0000203 seconds
207.153: [GC (Allocation Failure)  860104K->544939K(1034240K), 0.0047178 secs]
207.158: Total time for which application threads were stopped: 0.0048897 seconds, Stopping threads took: 0.0000206 seconds
207.225: [GC (Allocation Failure)  865451K->544939K(1034240K), 0.0047311 secs]
207.230: Total time for which application threads were stopped: 0.0048899 seconds, Stopping threads took: 0.0000195 seconds
207.297: [GC (Allocation Failure)  865451K->545795K(1034240K), 0.0049590 secs]
207.302: Total time for which application threads were stopped: 0.0051176 seconds, Stopping threads took: 0.0000191 seconds
207.370: [GC (Allocation Failure)  866307K->552997K(1034240K), 0.0046929 secs]
207.374: Total time for which application threads were stopped: 0.0048626 seconds, Stopping threads took: 0.0000282 seconds
207.442: [GC (Allocation Failure)  873509K->552933K(1034240K), 0.0046137 secs]
207.447: Total time for which application threads were stopped: 0.0047848 seconds, Stopping threads took: 0.0000199 seconds
207.513: [GC (Allocation Failure)  873445K->556101K(1034240K), 0.0057094 secs]
207.519: Total time for which application threads were stopped: 0.0058794 seconds, Stopping threads took: 0.0000172 seconds
207.587: [GC (Allocation Failure)  876613K->561063K(1034240K), 0.0047472 secs]
207.592: Total time for which application threads were stopped: 0.0049028 seconds, Stopping threads took: 0.0000199 seconds
207.661: [GC (Allocation Failure)  881575K->560967K(1034240K), 0.0046710 secs]
207.666: Total time for which application threads were stopped: 0.0048301 seconds, Stopping threads took: 0.0000173 seconds
207.733: [GC (Allocation Failure)  881479K->562279K(1034240K), 0.0049257 secs]
207.738: Total time for which application threads were stopped: 0.0050953 seconds, Stopping threads took: 0.0000198 seconds
207.806: [GC (Allocation Failure)  882791K->569066K(1034240K), 0.0047280 secs]
207.811: Total time for which application threads were stopped: 0.0048870 seconds, Stopping threads took: 0.0000194 seconds
207.880: [GC (Allocation Failure)  889578K->569002K(1034240K), 0.0047808 secs]
207.884: Total time for which application threads were stopped: 0.0049521 seconds, Stopping threads took: 0.0000280 seconds
207.951: [GC (Allocation Failure)  889514K->572554K(1034240K), 0.0057773 secs]
207.957: Total time for which application threads were stopped: 0.0059734 seconds, Stopping threads took: 0.0000198 seconds
208.027: [GC (Allocation Failure)  893066K->577036K(1034752K), 0.0048720 secs]
208.032: Total time for which application threads were stopped: 0.0050264 seconds, Stopping threads took: 0.0000170 seconds
208.102: [GC (Allocation Failure)  898572K->577036K(1034752K), 0.0050124 secs]
208.107: Total time for which application threads were stopped: 0.0051885 seconds, Stopping threads took: 0.0000272 seconds
208.172: [GC (Allocation Failure)  898572K->580812K(1034752K), 0.0058527 secs]
208.178: Total time for which application threads were stopped: 0.0060120 seconds, Stopping threads took: 0.0000195 seconds
208.246: [GC (Allocation Failure)  902348K->585070K(1034752K), 0.0049187 secs]
208.251: Total time for which application threads were stopped: 0.0051117 seconds, Stopping threads took: 0.0000199 seconds
208.319: [GC (Allocation Failure)  906606K->585038K(1035264K), 0.0046010 secs]
208.324: Total time for which application threads were stopped: 0.0047541 seconds, Stopping threads took: 0.0000179 seconds
208.391: [GC (Allocation Failure)  907086K->586470K(1034752K), 0.0051157 secs]
208.396: Total time for which application threads were stopped: 0.0053070 seconds, Stopping threads took: 0.0000249 seconds
208.464: [GC (Allocation Failure)  908518K->593128K(1034752K), 0.0047477 secs]
208.469: Total time for which application threads were stopped: 0.0049232 seconds, Stopping threads took: 0.0000206 seconds
208.535: [GC (Allocation Failure)  914664K->593128K(1034752K), 0.0050301 secs]
208.540: Total time for which application threads were stopped: 0.0052111 seconds, Stopping threads took: 0.0000210 seconds
208.607: [GC (Allocation Failure)  914664K->596232K(1035264K), 0.0057661 secs]
208.613: Total time for which application threads were stopped: 0.0059310 seconds, Stopping threads took: 0.0000201 seconds
208.681: [GC (Allocation Failure)  918280K->601227K(1034752K), 0.0049152 secs]
208.686: Total time for which application threads were stopped: 0.0050754 seconds, Stopping threads took: 0.0000208 seconds
208.755: [GC (Allocation Failure)  923275K->601131K(1035264K), 0.0049177 secs]
208.760: Total time for which application threads were stopped: 0.0051173 seconds, Stopping threads took: 0.0000198 seconds
208.828: [GC (Allocation Failure)  923179K->602923K(1034752K), 0.0051035 secs]
208.833: Total time for which application threads were stopped: 0.0052688 seconds, Stopping threads took: 0.0000194 seconds
208.901: [GC (Allocation Failure)  924971K->609197K(1034752K), 0.0048197 secs]
208.906: Total time for which application threads were stopped: 0.0049762 seconds, Stopping threads took: 0.0000200 seconds
208.975: [GC (Allocation Failure)  930733K->609165K(1034752K), 0.0050012 secs]
208.980: Total time for which application threads were stopped: 0.0051825 seconds, Stopping threads took: 0.0000169 seconds
209.046: [GC (Allocation Failure)  930701K->612717K(1035264K), 0.0059472 secs]
209.052: Total time for which application threads were stopped: 0.0061055 seconds, Stopping threads took: 0.0000165 seconds
209.121: [GC (Allocation Failure)  934765K->617231K(1034752K), 0.0049239 secs]
209.126: Total time for which application threads were stopped: 0.0050934 seconds, Stopping threads took: 0.0000198 seconds
209.195: [GC (Allocation Failure)  939279K->617199K(1035264K), 0.0049118 secs]
209.200: Total time for which application threads were stopped: 0.0050685 seconds, Stopping threads took: 0.0000170 seconds
209.266: [GC (Allocation Failure)  939759K->619911K(1035264K), 0.0054209 secs]
209.272: Total time for which application threads were stopped: 0.0056098 seconds, Stopping threads took: 0.0000200 seconds
209.339: [GC (Allocation Failure)  942471K->625257K(1035264K), 0.0050302 secs]
209.345: Total time for which application threads were stopped: 0.0052076 seconds, Stopping threads took: 0.0000289 seconds
209.414: [GC (Allocation Failure)  947817K->625257K(1035264K), 0.0049887 secs]
209.419: Total time for which application threads were stopped: 0.0051739 seconds, Stopping threads took: 0.0000207 seconds
209.487: [GC (Allocation Failure)  947817K->628137K(1035264K), 0.0057196 secs]
209.493: Total time for which application threads were stopped: 0.0058810 seconds, Stopping threads took: 0.0000194 seconds
209.562: [GC (Allocation Failure)  950697K->633292K(1035264K), 0.0050057 secs]
209.567: Total time for which application threads were stopped: 0.0051711 seconds, Stopping threads took: 0.0000197 seconds
209.635: [GC (Allocation Failure)  955852K->633260K(1035264K), 0.0050324 secs]
209.640: Total time for which application threads were stopped: 0.0051935 seconds, Stopping threads took: 0.0000198 seconds
209.707: [GC (Allocation Failure)  955820K->636396K(1035264K), 0.0059343 secs]
209.713: Total time for which application threads were stopped: 0.0061159 seconds, Stopping threads took: 0.0000295 seconds
209.781: [GC (Allocation Failure)  958956K->641390K(1035264K), 0.0052298 secs]
209.786: Total time for which application threads were stopped: 0.0054273 seconds, Stopping threads took: 0.0000256 seconds
209.855: [GC (Allocation Failure)  963950K->641326K(1035264K), 0.0047558 secs]
209.860: Total time for which application threads were stopped: 0.0049159 seconds, Stopping threads took: 0.0000268 seconds
209.927: [GC (Allocation Failure)  963886K->644622K(1035264K), 0.0057648 secs]
209.933: Total time for which application threads were stopped: 0.0059313 seconds, Stopping threads took: 0.0000206 seconds
210.001: [GC (Allocation Failure)  967182K->649360K(1035264K), 0.0049486 secs]
210.006: Total time for which application threads were stopped: 0.0051298 seconds, Stopping threads took: 0.0000206 seconds
210.076: [GC (Allocation Failure)  971920K->649328K(1035264K), 0.0050181 secs]
210.081: Total time for which application threads were stopped: 0.0051931 seconds, Stopping threads took: 0.0000209 seconds
210.148: [GC (Allocation Failure)  971888K->652840K(1035264K), 0.0077997 secs]
210.156: Total time for which application threads were stopped: 0.0079655 seconds, Stopping threads took: 0.0000274 seconds
210.224: [GC (Allocation Failure)  975400K->657610K(1034752K), 0.0050052 secs]
210.229: Total time for which application threads were stopped: 0.0051767 seconds, Stopping threads took: 0.0000198 seconds
210.297: [GC (Allocation Failure)  980170K->657354K(1035264K), 0.0049155 secs]
210.302: Total time for which application threads were stopped: 0.0051081 seconds, Stopping threads took: 0.0000195 seconds
210.371: [GC (Allocation Failure)  979914K->653032K(1035776K), 0.0033324 secs]
210.374: Total time for which application threads were stopped: 0.0034810 seconds, Stopping threads took: 0.0000179 seconds
210.442: [GC (Allocation Failure)  976104K->657546K(1035264K), 0.0050440 secs]
210.447: Total time for which application threads were stopped: 0.0052148 seconds, Stopping threads took: 0.0000205 seconds
210.514: [GC (Allocation Failure)  980618K->657386K(1035776K), 0.0050476 secs]
210.519: Total time for which application threads were stopped: 0.0052158 seconds, Stopping threads took: 0.0000197 seconds
210.586: [GC (Allocation Failure)  980970K->659400K(1033216K), 0.0059868 secs]
210.592: Total time for which application threads were stopped: 0.0061833 seconds, Stopping threads took: 0.0000274 seconds
210.660: [GC (Allocation Failure)  982984K->657514K(1035264K), 0.0050957 secs]
210.665: Total time for which application threads were stopped: 0.0052645 seconds, Stopping threads took: 0.0000219 seconds
210.733: [GC (Allocation Failure)  979562K->657386K(1034752K), 0.0049954 secs]
210.738: Total time for which application threads were stopped: 0.0051551 seconds, Stopping threads took: 0.0000193 seconds
210.805: [GC (Allocation Failure)  979434K->663632K(1031168K), 0.0079971 secs]
210.813: Total time for which application threads were stopped: 0.0081549 seconds, Stopping threads took: 0.0000205 seconds
210.883: [GC (Allocation Failure)  982096K->658482K(1033216K), 0.0048664 secs]
210.888: Total time for which application threads were stopped: 0.0050300 seconds, Stopping threads took: 0.0000255 seconds
210.956: [GC (Allocation Failure)  976946K->658386K(1034752K), 0.0051877 secs]
210.961: Total time for which application threads were stopped: 0.0053718 seconds, Stopping threads took: 0.0000278 seconds
211.030: [GC (Allocation Failure)  978898K->658768K(1033728K), 0.0053187 secs]
211.035: Total time for which application threads were stopped: 0.0054938 seconds, Stopping threads took: 0.0000277 seconds
211.102: [GC (Allocation Failure)  979280K->658386K(1035264K), 0.0050723 secs]
211.107: Total time for which application threads were stopped: 0.0052506 seconds, Stopping threads took: 0.0000198 seconds
211.176: [GC (Allocation Failure)  980434K->658386K(1034752K), 0.0049887 secs]
211.181: Total time for which application threads were stopped: 0.0051476 seconds, Stopping threads took: 0.0000199 seconds
211.248: [GC (Allocation Failure)  980434K->659984K(1035776K), 0.0058727 secs]
211.254: Total time for which application threads were stopped: 0.0060447 seconds, Stopping threads took: 0.0000188 seconds
211.322: [GC (Allocation Failure)  983568K->658642K(1035776K), 0.0048988 secs]
211.327: Total time for which application threads were stopped: 0.0050686 seconds, Stopping threads took: 0.0000190 seconds
211.396: [GC (Allocation Failure)  982226K->658386K(1036288K), 0.0050895 secs]
211.401: Total time for which application threads were stopped: 0.0052693 seconds, Stopping threads took: 0.0000202 seconds
211.468: [GC (Allocation Failure)  982994K->652016K(1026048K), 0.0024630 secs]
211.471: Total time for which application threads were stopped: 0.0026207 seconds, Stopping threads took: 0.0000204 seconds
211.540: [GC (Allocation Failure)  976624K->658578K(1036288K), 0.0049418 secs]
211.545: Total time for which application threads were stopped: 0.0051146 seconds, Stopping threads took: 0.0000348 seconds
211.614: [GC (Allocation Failure)  982674K->662522K(1035776K), 0.0058856 secs]
211.620: Total time for which application threads were stopped: 0.0060807 seconds, Stopping threads took: 0.0000205 seconds
211.690: [GC (Allocation Failure)  986618K->662522K(1036800K), 0.0051321 secs]
211.695: Total time for which application threads were stopped: 0.0052990 seconds, Stopping threads took: 0.0000217 seconds
211.763: [GC (Allocation Failure)  987642K->662690K(1025024K), 0.0051239 secs]
211.768: Total time for which application threads were stopped: 0.0052889 seconds, Stopping threads took: 0.0000206 seconds
211.838: [GC (Allocation Failure)  987810K->670565K(1035776K), 0.0048112 secs]
211.843: Total time for which application threads were stopped: 0.0049843 seconds, Stopping threads took: 0.0000204 seconds
211.913: [GC (Allocation Failure)  994149K->670565K(1035776K), 0.0049729 secs]
211.918: Total time for which application threads were stopped: 0.0051294 seconds, Stopping threads took: 0.0000198 seconds
211.987: [GC (Allocation Failure)  994149K->670661K(1034752K), 0.0053055 secs]
211.992: Total time for which application threads were stopped: 0.0054751 seconds, Stopping threads took: 0.0000198 seconds
212.059: [GC (Allocation Failure)  993221K->678599K(1035264K), 0.0049822 secs]
212.064: Total time for which application threads were stopped: 0.0051710 seconds, Stopping threads took: 0.0000197 seconds
212.134: [GC (Allocation Failure)  1001159K->678599K(1035264K), 0.0061458 secs]
212.140: Total time for which application threads were stopped: 0.0063126 seconds, Stopping threads took: 0.0000274 seconds
212.208: [GC (Allocation Failure)  1001159K->678663K(1022464K), 0.0050686 secs]
212.213: Total time for which application threads were stopped: 0.0052353 seconds, Stopping threads took: 0.0000195 seconds
212.282: [GC (Allocation Failure)  1001223K->686633K(1034752K), 0.0048455 secs]
212.287: Total time for which application threads were stopped: 0.0050399 seconds, Stopping threads took: 0.0000209 seconds
212.357: [GC (Allocation Failure)  1008169K->686633K(1034752K), 0.0049659 secs]
212.362: Total time for which application threads were stopped: 0.0051431 seconds, Stopping threads took: 0.0000194 seconds
212.428: [GC (Allocation Failure)  1008169K->686697K(1034752K), 0.0051442 secs]
212.433: [Full GC (Ergonomics)  686697K->8536K(1034752K), 0.0126173 secs]
212.446: Total time for which application threads were stopped: 0.0180348 seconds, Stopping threads took: 0.0000282 seconds
212.514: [GC (Allocation Failure)  330072K->16666K(1034752K), 0.0038528 secs]
212.518: Total time for which application threads were stopped: 0.0040447 seconds, Stopping threads took: 0.0000199 seconds
212.586: [GC (Allocation Failure)  338202K->16690K(1034752K), 0.0037947 secs]
212.590: Total time for which application threads were stopped: 0.0039626 seconds, Stopping threads took: 0.0000193 seconds
212.655: [GC (Allocation Failure)  338226K->16874K(1021440K), 0.0039050 secs]
212.659: Total time for which application threads were stopped: 0.0040770 seconds, Stopping threads took: 0.0000206 seconds
212.728: [GC (Allocation Failure)  338410K->24685K(1034240K), 0.0040699 secs]
212.733: Total time for which application threads were stopped: 0.0042559 seconds, Stopping threads took: 0.0000215 seconds
212.799: [GC (Allocation Failure)  345197K->24717K(1034240K), 0.0039363 secs]
212.803: Total time for which application threads were stopped: 0.0041055 seconds, Stopping threads took: 0.0000226 seconds
212.871: [GC (Allocation Failure)  345229K->25101K(1034240K), 0.0039751 secs]
212.875: Total time for which application threads were stopped: 0.0041499 seconds, Stopping threads took: 0.0000273 seconds
212.942: [GC (Allocation Failure)  345613K->32719K(1034240K), 0.0038236 secs]
212.946: Total time for which application threads were stopped: 0.0039813 seconds, Stopping threads took: 0.0000204 seconds
213.014: [GC (Allocation Failure)  353231K->32719K(1034240K), 0.0036397 secs]
213.017: Total time for which application threads were stopped: 0.0038218 seconds, Stopping threads took: 0.0000207 seconds
213.086: [GC (Allocation Failure)  353231K->32791K(1020416K), 0.0039647 secs]
213.090: Total time for which application threads were stopped: 0.0041458 seconds, Stopping threads took: 0.0000199 seconds
213.161: [GC (Allocation Failure)  353303K->40793K(1033728K), 0.0039705 secs]
213.165: Total time for which application threads were stopped: 0.0041256 seconds, Stopping threads took: 0.0000179 seconds
213.234: [GC (Allocation Failure)  360281K->40793K(1033728K), 0.0038382 secs]
213.238: Total time for which application threads were stopped: 0.0039975 seconds, Stopping threads took: 0.0000196 seconds
213.304: [GC (Allocation Failure)  360281K->41057K(1033728K), 0.0038351 secs]
213.308: Total time for which application threads were stopped: 0.0039986 seconds, Stopping threads took: 0.0000205 seconds
213.376: [GC (Allocation Failure)  360545K->48804K(1033728K), 0.0037506 secs]
213.380: Total time for which application threads were stopped: 0.0039277 seconds, Stopping threads took: 0.0000282 seconds
213.447: [GC (Allocation Failure)  368292K->48804K(1033728K), 0.0040338 secs]
213.451: Total time for which application threads were stopped: 0.0042054 seconds, Stopping threads took: 0.0000199 seconds
213.517: [GC (Allocation Failure)  368292K->48860K(1033728K), 0.0040588 secs]
213.522: Total time for which application threads were stopped: 0.0042198 seconds, Stopping threads took: 0.0000196 seconds
213.590: [GC (Allocation Failure)  368348K->56830K(1032704K), 0.0039886 secs]
213.594: Total time for which application threads were stopped: 0.0041554 seconds, Stopping threads took: 0.0000193 seconds
213.661: [GC (Allocation Failure)  375294K->56830K(1033216K), 0.0034861 secs]
213.665: Total time for which application threads were stopped: 0.0036799 seconds, Stopping threads took: 0.0000201 seconds
213.731: [GC (Allocation Failure)  375294K->57022K(1033216K), 0.0040792 secs]
213.735: Total time for which application threads were stopped: 0.0042493 seconds, Stopping threads took: 0.0000198 seconds
213.803: [GC (Allocation Failure)  375486K->64896K(1033216K), 0.0040050 secs]
213.807: Total time for which application threads were stopped: 0.0041721 seconds, Stopping threads took: 0.0000214 seconds
213.874: [GC (Allocation Failure)  383360K->60958K(1034240K), 0.0025859 secs]
213.876: Total time for which application threads were stopped: 0.0027525 seconds, Stopping threads took: 0.0000279 seconds
213.944: [GC (Allocation Failure)  380446K->65024K(1033216K), 0.0042559 secs]
213.948: Total time for which application threads were stopped: 0.0044154 seconds, Stopping threads took: 0.0000198 seconds
214.015: [GC (Allocation Failure)  384512K->69024K(1033728K), 0.0039249 secs]
214.020: Total time for which application threads were stopped: 0.0041172 seconds, Stopping threads took: 0.0000197 seconds
214.086: [GC (Allocation Failure)  389536K->61150K(1034240K), 0.0006560 secs]
214.087: Total time for which application threads were stopped: 0.0007743 seconds, Stopping threads took: 0.0000168 seconds
214.159: [GC (Allocation Failure)  381662K->69064K(1034240K), 0.0037390 secs]
214.163: Total time for which application threads were stopped: 0.0038896 seconds, Stopping threads took: 0.0000167 seconds
214.231: [GC (Allocation Failure)  389576K->73144K(1034240K), 0.0053070 secs]
214.236: Total time for which application threads were stopped: 0.0054975 seconds, Stopping threads took: 0.0000218 seconds
214.303: [GC (Allocation Failure)  393656K->79846K(1029120K), 0.0068520 secs]
214.310: Total time for which application threads were stopped: 0.0070280 seconds, Stopping threads took: 0.0000214 seconds
214.377: [GC (Allocation Failure)  395238K->73800K(1031680K), 0.0041012 secs]
214.381: Total time for which application threads were stopped: 0.0042719 seconds, Stopping threads took: 0.0000200 seconds
214.447: [GC (Allocation Failure)  389192K->73544K(1032192K), 0.0045928 secs]
214.452: Total time for which application threads were stopped: 0.0047643 seconds, Stopping threads took: 0.0000205 seconds
214.518: [GC (Allocation Failure)  389448K->75752K(1031680K), 0.0042832 secs]
214.522: Total time for which application threads were stopped: 0.0044678 seconds, Stopping threads took: 0.0000212 seconds
214.591: [GC (Allocation Failure)  391656K->81674K(1032704K), 0.0039576 secs]
214.595: Total time for which application threads were stopped: 0.0041180 seconds, Stopping threads took: 0.0000199 seconds
214.662: [GC (Allocation Failure)  399114K->81610K(1032704K), 0.0038047 secs]
214.666: Total time for which application threads were stopped: 0.0039765 seconds, Stopping threads took: 0.0000279 seconds
214.732: [GC (Allocation Failure)  399050K->83466K(1033216K), 0.0044392 secs]
214.737: Total time for which application threads were stopped: 0.0046043 seconds, Stopping threads took: 0.0000197 seconds
214.804: [GC (Allocation Failure)  401930K->89741K(1033216K), 0.0046554 secs]
214.809: Total time for which application threads were stopped: 0.0048158 seconds, Stopping threads took: 0.0000197 seconds
214.879: [GC (Allocation Failure)  408205K->89645K(1033728K), 0.0038149 secs]
214.883: Total time for which application threads were stopped: 0.0039917 seconds, Stopping threads took: 0.0000264 seconds
214.950: [GC (Allocation Failure)  408621K->92237K(1033216K), 0.0044004 secs]
214.954: Total time for which application threads were stopped: 0.0045601 seconds, Stopping threads took: 0.0000195 seconds
215.023: [GC (Allocation Failure)  411213K->97743K(1033728K), 0.0038039 secs]
215.027: Total time for which application threads were stopped: 0.0039857 seconds, Stopping threads took: 0.0000173 seconds
215.096: [GC (Allocation Failure)  417231K->97679K(1033728K), 0.0040057 secs]
215.100: Total time for which application threads were stopped: 0.0041864 seconds, Stopping threads took: 0.0000164 seconds
215.170: [GC (Allocation Failure)  417167K->98951K(1033216K), 0.0041626 secs]
215.174: Total time for which application threads were stopped: 0.0043326 seconds, Stopping threads took: 0.0000197 seconds
215.241: [GC (Allocation Failure)  418439K->105737K(1033728K), 0.0038467 secs]
215.245: Total time for which application threads were stopped: 0.0040374 seconds, Stopping threads took: 0.0000192 seconds
215.313: [GC (Allocation Failure)  425225K->105737K(1034240K), 0.0039025 secs]
215.317: Total time for which application threads were stopped: 0.0040863 seconds, Stopping threads took: 0.0000166 seconds
215.385: [GC (Allocation Failure)  426249K->107177K(1034240K), 0.0042677 secs]
215.389: Total time for which application threads were stopped: 0.0044432 seconds, Stopping threads took: 0.0000211 seconds
215.457: [GC (Allocation Failure)  427689K->113771K(1034240K), 0.0038903 secs]
215.461: Total time for which application threads were stopped: 0.0040641 seconds, Stopping threads took: 0.0000213 seconds
215.528: [GC (Allocation Failure)  434283K->113707K(1034240K), 0.0039640 secs]
215.533: Total time for which application threads were stopped: 0.0041574 seconds, Stopping threads took: 0.0000204 seconds
215.601: [GC (Allocation Failure)  434219K->113859K(1033216K), 0.0040505 secs]
215.605: Total time for which application threads were stopped: 0.0042194 seconds, Stopping threads took: 0.0000202 seconds
215.673: [GC (Allocation Failure)  433347K->121798K(1033728K), 0.0040937 secs]
215.677: Total time for which application threads were stopped: 0.0042749 seconds, Stopping threads took: 0.0000204 seconds
215.744: [GC (Allocation Failure)  441286K->121798K(1033728K), 0.0040756 secs]
215.748: Total time for which application threads were stopped: 0.0042554 seconds, Stopping threads took: 0.0000197 seconds
215.814: [GC (Allocation Failure)  441286K->122598K(1033728K), 0.0041076 secs]
215.818: Total time for which application threads were stopped: 0.0042729 seconds, Stopping threads took: 0.0000212 seconds
215.886: [GC (Allocation Failure)  442086K->129832K(1033728K), 0.0040480 secs]
215.890: Total time for which application threads were stopped: 0.0042339 seconds, Stopping threads took: 0.0000263 seconds
215.958: [GC (Allocation Failure)  449320K->129768K(1033728K), 0.0038994 secs]
215.962: Total time for which application threads were stopped: 0.0040606 seconds, Stopping threads took: 0.0000200 seconds
216.028: [GC (Allocation Failure)  449256K->131912K(1034240K), 0.0043096 secs]
216.032: Total time for which application threads were stopped: 0.0044779 seconds, Stopping threads took: 0.0000258 seconds
216.100: [GC (Allocation Failure)  451912K->137898K(1033728K), 0.0040577 secs]
216.105: Total time for which application threads were stopped: 0.0042253 seconds, Stopping threads took: 0.0000197 seconds
216.172: [GC (Allocation Failure)  457898K->137834K(1034240K), 0.0039622 secs]
216.176: Total time for which application threads were stopped: 0.0041214 seconds, Stopping threads took: 0.0000201 seconds
216.243: [GC (Allocation Failure)  458346K->138058K(1020416K), 0.0042383 secs]
216.247: Total time for which application threads were stopped: 0.0044233 seconds, Stopping threads took: 0.0000214 seconds
216.316: [GC (Allocation Failure)  458570K->145900K(1033728K), 0.0039877 secs]
216.320: Total time for which application threads were stopped: 0.0041476 seconds, Stopping threads took: 0.0000198 seconds
216.387: [GC (Allocation Failure)  465388K->145868K(1033728K), 0.0039269 secs]
216.391: Total time for which application threads were stopped: 0.0040993 seconds, Stopping threads took: 0.0000288 seconds
216.457: [GC (Allocation Failure)  465356K->146284K(1033728K), 0.0042411 secs]
216.461: Total time for which application threads were stopped: 0.0044094 seconds, Stopping threads took: 0.0000200 seconds
216.528: [GC (Allocation Failure)  465772K->153967K(1033728K), 0.0042032 secs]
216.532: Total time for which application threads were stopped: 0.0043745 seconds, Stopping threads took: 0.0000207 seconds
216.600: [GC (Allocation Failure)  473455K->153935K(1033728K), 0.0039520 secs]
216.605: Total time for which application threads were stopped: 0.0041530 seconds, Stopping threads took: 0.0000222 seconds
216.671: [GC (Allocation Failure)  473423K->154503K(1033728K), 0.0040834 secs]
216.675: Total time for which application threads were stopped: 0.0042438 seconds, Stopping threads took: 0.0000198 seconds
216.742: [GC (Allocation Failure)  473991K->161993K(1033728K), 0.0040840 secs]
216.746: Total time for which application threads were stopped: 0.0042503 seconds, Stopping threads took: 0.0000194 seconds
216.814: [GC (Allocation Failure)  481481K->161897K(1033728K), 0.0039911 secs]
216.818: Total time for which application threads were stopped: 0.0041814 seconds, Stopping threads took: 0.0000197 seconds
216.885: [GC (Allocation Failure)  481385K->163817K(1033728K), 0.0042398 secs]
216.889: Total time for which application threads were stopped: 0.0044058 seconds, Stopping threads took: 0.0000253 seconds
216.957: [GC (Allocation Failure)  483305K->169931K(1033728K), 0.0039873 secs]
216.961: Total time for which application threads were stopped: 0.0041601 seconds, Stopping threads took: 0.0000205 seconds
217.030: [GC (Allocation Failure)  489419K->169995K(1033728K), 0.0041295 secs]
217.034: Total time for which application threads were stopped: 0.0043028 seconds, Stopping threads took: 0.0000196 seconds
217.099: [GC (Allocation Failure)  489483K->170979K(1033728K), 0.0045691 secs]
217.103: Total time for which application threads were stopped: 0.0047435 seconds, Stopping threads took: 0.0000207 seconds
217.170: [GC (Allocation Failure)  490467K->177957K(1033728K), 0.0041202 secs]
217.174: Total time for which application threads were stopped: 0.0043135 seconds, Stopping threads took: 0.0000200 seconds
217.243: [GC (Allocation Failure)  497445K->177989K(1033728K), 0.0039470 secs]
217.247: Total time for which application threads were stopped: 0.0041030 seconds, Stopping threads took: 0.0000170 seconds
217.312: [GC (Allocation Failure)  497477K->178181K(1033728K), 0.0042605 secs]
217.317: Total time for which application threads were stopped: 0.0044260 seconds, Stopping threads took: 0.0000188 seconds
217.383: [GC (Allocation Failure)  497669K->186024K(1033728K), 0.0041395 secs]
217.387: Total time for which application threads were stopped: 0.0043111 seconds, Stopping threads took: 0.0000280 seconds
217.455: [GC (Allocation Failure)  505512K->186024K(1033728K), 0.0041297 secs]
217.459: Total time for which application threads were stopped: 0.0042930 seconds, Stopping threads took: 0.0000199 seconds
217.524: [GC (Allocation Failure)  505512K->186440K(1033728K), 0.0042492 secs]
217.528: Total time for which application threads were stopped: 0.0044374 seconds, Stopping threads took: 0.0000368 seconds
217.596: [GC (Allocation Failure)  505928K->194090K(1033728K), 0.0040344 secs]
217.600: Total time for which application threads were stopped: 0.0042056 seconds, Stopping threads took: 0.0000167 seconds
217.668: [GC (Allocation Failure)  513578K->194058K(1033728K), 0.0042065 secs]
217.672: Total time for which application threads were stopped: 0.0043680 seconds, Stopping threads took: 0.0000198 seconds
217.737: [GC (Allocation Failure)  513546K->194658K(1033728K), 0.0042964 secs]
217.741: Total time for which application threads were stopped: 0.0044752 seconds, Stopping threads took: 0.0000211 seconds
217.809: [GC (Allocation Failure)  514146K->202116K(1027072K), 0.0042285 secs]
217.813: Total time for which application threads were stopped: 0.0044234 seconds, Stopping threads took: 0.0000199 seconds
217.883: [GC (Allocation Failure)  521604K->202116K(1033728K), 0.0042076 secs]
217.887: Total time for which application threads were stopped: 0.0043719 seconds, Stopping threads took: 0.0000252 seconds
217.953: [GC (Allocation Failure)  521092K->202364K(1033216K), 0.0045033 secs]
217.958: Total time for which application threads were stopped: 0.0046792 seconds, Stopping threads took: 0.0000198 seconds
218.025: [GC (Allocation Failure)  521340K->210143K(1033216K), 0.0041308 secs]
218.029: Total time for which application threads were stopped: 0.0043049 seconds, Stopping threads took: 0.0000213 seconds
218.095: [GC (Allocation Failure)  528607K->210143K(1033216K), 0.0041960 secs]
218.099: Total time for which application threads were stopped: 0.0043662 seconds, Stopping threads took: 0.0000202 seconds
218.165: [GC (Allocation Failure)  528607K->211103K(1033216K), 0.0041941 secs]
218.169: Total time for which application threads were stopped: 0.0043444 seconds, Stopping threads took: 0.0000173 seconds
218.237: [GC (Allocation Failure)  529567K->218177K(1033216K), 0.0043096 secs]
218.241: Total time for which application threads were stopped: 0.0044890 seconds, Stopping threads took: 0.0000198 seconds
218.307: [GC (Allocation Failure)  536641K->218145K(1033216K), 0.0043399 secs]
218.311: Total time for which application threads were stopped: 0.0045193 seconds, Stopping threads took: 0.0000211 seconds
218.378: [GC (Allocation Failure)  536609K->218305K(1033216K), 0.0043363 secs]
218.383: Total time for which application threads were stopped: 0.0045086 seconds, Stopping threads took: 0.0000282 seconds
218.450: [GC (Allocation Failure)  536769K->226179K(1033216K), 0.0041865 secs]
218.454: Total time for which application threads were stopped: 0.0043567 seconds, Stopping threads took: 0.0000197 seconds
218.521: [GC (Allocation Failure)  544643K->226211K(1033216K), 0.0041952 secs]
218.526: Total time for which application threads were stopped: 0.0043582 seconds, Stopping threads took: 0.0000207 seconds
218.590: [GC (Allocation Failure)  544675K->226595K(1033216K), 0.0044177 secs]
218.595: Total time for which application threads were stopped: 0.0045962 seconds, Stopping threads took: 0.0000203 seconds
218.662: [GC (Allocation Failure)  545059K->234213K(1033216K), 0.0041161 secs]
218.666: Total time for which application threads were stopped: 0.0042876 seconds, Stopping threads took: 0.0000227 seconds
218.731: [GC (Allocation Failure)  552677K->234245K(1033216K), 0.0041966 secs]
218.735: Total time for which application threads were stopped: 0.0043582 seconds, Stopping threads took: 0.0000208 seconds
218.800: [GC (Allocation Failure)  552709K->234285K(1033216K), 0.0043012 secs]
218.804: Total time for which application threads were stopped: 0.0044694 seconds, Stopping threads took: 0.0000198 seconds
218.871: [GC (Allocation Failure)  552749K->242256K(1033216K), 0.0043051 secs]
218.875: Total time for which application threads were stopped: 0.0044683 seconds, Stopping threads took: 0.0000198 seconds
218.942: [GC (Allocation Failure)  560720K->242256K(1033216K), 0.0040381 secs]
218.946: Total time for which application threads were stopped: 0.0042195 seconds, Stopping threads took: 0.0000203 seconds
219.012: [GC (Allocation Failure)  560720K->242552K(1033216K), 0.0064615 secs]
219.019: Total time for which application threads were stopped: 0.0066316 seconds, Stopping threads took: 0.0000198 seconds
219.086: [GC (Allocation Failure)  561016K->250330K(1033216K), 0.0040512 secs]
219.090: Total time for which application threads were stopped: 0.0042470 seconds, Stopping threads took: 0.0000201 seconds
219.158: [GC (Allocation Failure)  568794K->250298K(1033216K), 0.0043071 secs]
219.163: Total time for which application threads were stopped: 0.0044558 seconds, Stopping threads took: 0.0000178 seconds
219.230: [GC (Allocation Failure)  568762K->250522K(1033216K), 0.0044273 secs]
219.235: Total time for which application threads were stopped: 0.0045845 seconds, Stopping threads took: 0.0000202 seconds
219.303: [GC (Allocation Failure)  568986K->258364K(1033216K), 0.0044020 secs]
219.307: Total time for which application threads were stopped: 0.0045625 seconds, Stopping threads took: 0.0000176 seconds
219.372: [GC (Allocation Failure)  576828K->254426K(1033216K), 0.0031342 secs]
219.375: Total time for which application threads were stopped: 0.0033006 seconds, Stopping threads took: 0.0000261 seconds
219.442: [GC (Allocation Failure)  572890K->258460K(1034752K), 0.0045404 secs]
219.447: Total time for which application threads were stopped: 0.0047105 seconds, Stopping threads took: 0.0000204 seconds
219.514: [GC (Allocation Failure)  578972K->262460K(1033728K), 0.0043942 secs]
219.518: Total time for which application threads were stopped: 0.0045703 seconds, Stopping threads took: 0.0000200 seconds
219.585: [GC (Allocation Failure)  582972K->254618K(1034240K), 0.0012444 secs]
219.586: Total time for which application threads were stopped: 0.0013669 seconds, Stopping threads took: 0.0000192 seconds
219.653: [GC (Allocation Failure)  575130K->262548K(1034240K), 0.0044168 secs]
219.658: Total time for which application threads were stopped: 0.0045809 seconds, Stopping threads took: 0.0000195 seconds
219.725: [GC (Allocation Failure)  583060K->266596K(1033216K), 0.0058274 secs]
219.731: Total time for which application threads were stopped: 0.0059948 seconds, Stopping threads took: 0.0000198 seconds
219.796: [GC (Allocation Failure)  586084K->272322K(1032704K), 0.0066625 secs]
219.803: Total time for which application threads were stopped: 0.0068351 seconds, Stopping threads took: 0.0000264 seconds
219.871: [GC (Allocation Failure)  591810K->266852K(1031680K), 0.0044587 secs]
219.876: Total time for which application threads were stopped: 0.0046267 seconds, Stopping threads took: 0.0000281 seconds
219.941: [GC (Allocation Failure)  583268K->266596K(1032192K), 0.0051717 secs]
219.947: Total time for which application threads were stopped: 0.0053302 seconds, Stopping threads took: 0.0000200 seconds
220.013: [GC (Allocation Failure)  583012K->261250K(1032704K), 0.0021474 secs]
220.015: Total time for which application threads were stopped: 0.0023119 seconds, Stopping threads took: 0.0000204 seconds
220.084: [GC (Allocation Failure)  578690K->266788K(1032704K), 0.0044279 secs]
220.089: Total time for which application threads were stopped: 0.0046111 seconds, Stopping threads took: 0.0000216 seconds
220.158: [GC (Allocation Failure)  584228K->266628K(1033216K), 0.0042820 secs]
220.162: Total time for which application threads were stopped: 0.0044408 seconds, Stopping threads took: 0.0000190 seconds
220.228: [GC (Allocation Failure)  584580K->266908K(1032704K), 0.0053939 secs]
220.234: Total time for which application threads were stopped: 0.0055617 seconds, Stopping threads took: 0.0000195 seconds
220.301: [GC (Allocation Failure)  584860K->274750K(1033216K), 0.0041424 secs]
220.305: Total time for which application threads were stopped: 0.0043089 seconds, Stopping threads took: 0.0000198 seconds
220.373: [GC (Allocation Failure)  593214K->274622K(1033216K), 0.0041146 secs]
220.377: Total time for which application threads were stopped: 0.0042806 seconds, Stopping threads took: 0.0000268 seconds
220.443: [GC (Allocation Failure)  593086K->278750K(1033728K), 0.0052328 secs]
220.448: Total time for which application threads were stopped: 0.0054381 seconds, Stopping threads took: 0.0000203 seconds
220.516: [GC (Allocation Failure)  597726K->282753K(1033216K), 0.0043828 secs]
220.520: Total time for which application threads were stopped: 0.0045635 seconds, Stopping threads took: 0.0000171 seconds
220.589: [GC (Allocation Failure)  601729K->282625K(1034240K), 0.0042813 secs]
220.593: Total time for which application threads were stopped: 0.0044405 seconds, Stopping threads took: 0.0000174 seconds
220.662: [GC (Allocation Failure)  602625K->285449K(1033728K), 0.0047537 secs]
220.667: Total time for which application threads were stopped: 0.0049185 seconds, Stopping threads took: 0.0000206 seconds
220.734: [GC (Allocation Failure)  605449K->290699K(1034240K), 0.0042280 secs]
220.739: Total time for which application threads were stopped: 0.0043976 seconds, Stopping threads took: 0.0000206 seconds
220.806: [GC (Allocation Failure)  611211K->290699K(1034240K), 0.0041011 secs]
220.810: Total time for which application threads were stopped: 0.0042604 seconds, Stopping threads took: 0.0000197 seconds
220.879: [GC (Allocation Failure)  611211K->291115K(1034240K), 0.0044175 secs]
220.884: Total time for which application threads were stopped: 0.0045844 seconds, Stopping threads took: 0.0000261 seconds
220.951: [GC (Allocation Failure)  611627K->298765K(1034240K), 0.0043616 secs]
220.956: Total time for which application threads were stopped: 0.0045256 seconds, Stopping threads took: 0.0000197 seconds
221.023: [GC (Allocation Failure)  619277K->298765K(1034240K), 0.0042712 secs]
221.028: Total time for which application threads were stopped: 0.0044688 seconds, Stopping threads took: 0.0000202 seconds
221.096: [GC (Allocation Failure)  619277K->301413K(1034240K), 0.0048930 secs]
221.101: Total time for which application threads were stopped: 0.0050894 seconds, Stopping threads took: 0.0000202 seconds
221.170: [GC (Allocation Failure)  621925K->306791K(1034240K), 0.0045267 secs]
221.175: Total time for which application threads were stopped: 0.0047195 seconds, Stopping threads took: 0.0000196 seconds
221.244: [GC (Allocation Failure)  627303K->306759K(1034240K), 0.0043633 secs]
221.248: Total time for which application threads were stopped: 0.0045464 seconds, Stopping threads took: 0.0000167 seconds
221.317: [GC (Allocation Failure)  627271K->307623K(1033728K), 0.0045049 secs]
221.321: Total time for which application threads were stopped: 0.0046723 seconds, Stopping threads took: 0.0000190 seconds
221.390: [GC (Allocation Failure)  628135K->314954K(1034240K), 0.0042490 secs]
221.394: Total time for which application threads were stopped: 0.0044198 seconds, Stopping threads took: 0.0000286 seconds
221.462: [GC (Allocation Failure)  635466K->314826K(1034240K), 0.0044704 secs]
221.466: Total time for which application threads were stopped: 0.0046300 seconds, Stopping threads took: 0.0000199 seconds
221.533: [GC (Allocation Failure)  635338K->317866K(1034240K), 0.0067885 secs]
221.540: Total time for which application threads were stopped: 0.0069454 seconds, Stopping threads took: 0.0000192 seconds
221.607: [GC (Allocation Failure)  638378K->322892K(1034752K), 0.0045268 secs]
221.612: Total time for which application threads were stopped: 0.0047052 seconds, Stopping threads took: 0.0000197 seconds
221.680: [GC (Allocation Failure)  644428K->322828K(1034752K), 0.0049215 secs]
221.685: Total time for which application threads were stopped: 0.0050949 seconds, Stopping threads took: 0.0000202 seconds
221.750: [GC (Allocation Failure)  644364K->326124K(1034752K), 0.0053254 secs]
221.755: Total time for which application threads were stopped: 0.0055063 seconds, Stopping threads took: 0.0000217 seconds
221.823: [GC (Allocation Failure)  647660K->330862K(1034752K), 0.0045692 secs]
221.828: Total time for which application threads were stopped: 0.0047365 seconds, Stopping threads took: 0.0000204 seconds
221.895: [GC (Allocation Failure)  652398K->330894K(1034752K), 0.0044205 secs]
221.900: Total time for which application threads were stopped: 0.0046026 seconds, Stopping threads took: 0.0000281 seconds
221.964: [GC (Allocation Failure)  652430K->331270K(1034752K), 0.0046241 secs]
221.969: Total time for which application threads were stopped: 0.0047965 seconds, Stopping threads took: 0.0000203 seconds
222.037: [GC (Allocation Failure)  652806K->338921K(1034752K), 0.0045425 secs]
222.042: Total time for which application threads were stopped: 0.0047172 seconds, Stopping threads took: 0.0000213 seconds
222.108: [GC (Allocation Failure)  660457K->338857K(1034752K), 0.0057311 secs]
222.114: Total time for which application threads were stopped: 0.0058995 seconds, Stopping threads took: 0.0000196 seconds
222.180: [GC (Allocation Failure)  660393K->340521K(1034752K), 0.0045300 secs]
222.184: Total time for which application threads were stopped: 0.0046968 seconds, Stopping threads took: 0.0000197 seconds
222.252: [GC (Allocation Failure)  662057K->346955K(1029120K), 0.0044761 secs]
222.257: Total time for which application threads were stopped: 0.0046437 seconds, Stopping threads took: 0.0000195 seconds
222.325: [GC (Allocation Failure)  668491K->346923K(1034752K), 0.0044570 secs]
222.329: Total time for which application threads were stopped: 0.0046187 seconds, Stopping threads took: 0.0000200 seconds
222.397: [GC (Allocation Failure)  667947K->349291K(1034240K), 0.0048129 secs]
222.402: Total time for which application threads were stopped: 0.0049715 seconds, Stopping threads took: 0.0000195 seconds
222.470: [GC (Allocation Failure)  670315K->355085K(1034752K), 0.0044133 secs]
222.475: Total time for which application threads were stopped: 0.0045888 seconds, Stopping threads took: 0.0000197 seconds
222.543: [GC (Allocation Failure)  676621K->354989K(1034752K), 0.0042794 secs]
222.547: Total time for which application threads were stopped: 0.0044456 seconds, Stopping threads took: 0.0000195 seconds
222.613: [GC (Allocation Failure)  676525K->358061K(1034752K), 0.0053109 secs]
222.618: Total time for which application threads were stopped: 0.0054880 seconds, Stopping threads took: 0.0000220 seconds
222.685: [GC (Allocation Failure)  679597K->363055K(1034752K), 0.0044932 secs]
222.690: Total time for which application threads were stopped: 0.0046664 seconds, Stopping threads took: 0.0000205 seconds
222.756: [GC (Allocation Failure)  684591K->362991K(1034752K), 0.0044098 secs]
222.760: Total time for which application threads were stopped: 0.0046058 seconds, Stopping threads took: 0.0000196 seconds
222.825: [GC (Allocation Failure)  684527K->363215K(1021440K), 0.0043962 secs]
222.830: Total time for which application threads were stopped: 0.0045783 seconds, Stopping threads took: 0.0000214 seconds
222.899: [GC (Allocation Failure)  684751K->371026K(1034240K), 0.0043989 secs]
222.903: Total time for which application threads were stopped: 0.0045752 seconds, Stopping threads took: 0.0000273 seconds
222.970: [GC (Allocation Failure)  691538K->371026K(1034240K), 0.0045250 secs]
222.975: Total time for which application threads were stopped: 0.0046990 seconds, Stopping threads took: 0.0000199 seconds
223.043: [GC (Allocation Failure)  691538K->374442K(1034752K), 0.0053413 secs]
223.049: Total time for which application threads were stopped: 0.0055183 seconds, Stopping threads took: 0.0000203 seconds
223.115: [GC (Allocation Failure)  695466K->379180K(1034240K), 0.0065764 secs]
223.122: Total time for which application threads were stopped: 0.0067481 seconds, Stopping threads took: 0.0000215 seconds
223.195: [GC (Allocation Failure)  700204K->379052K(1034752K), 0.0044705 secs]
223.199: Total time for which application threads were stopped: 0.0046415 seconds, Stopping threads took: 0.0000227 seconds
223.267: [GC (Allocation Failure)  700588K->382660K(1034752K), 0.0055710 secs]
223.272: Total time for which application threads were stopped: 0.0057402 seconds, Stopping threads took: 0.0000190 seconds
223.342: [GC (Allocation Failure)  704196K->387142K(1034752K), 0.0043131 secs]
223.346: Total time for which application threads were stopped: 0.0044805 seconds, Stopping threads took: 0.0000267 seconds
223.414: [GC (Allocation Failure)  708678K->387078K(1034752K), 0.0043778 secs]
223.418: Total time for which application threads were stopped: 0.0045384 seconds, Stopping threads took: 0.0000197 seconds
223.485: [GC (Allocation Failure)  708614K->387782K(1034752K), 0.0047219 secs]
223.490: Total time for which application threads were stopped: 0.0048940 seconds, Stopping threads took: 0.0000193 seconds
223.560: [GC (Allocation Failure)  709318K->395112K(1034752K), 0.0045292 secs]
223.564: Total time for which application threads were stopped: 0.0046908 seconds, Stopping threads took: 0.0000203 seconds
223.633: [GC (Allocation Failure)  716648K->395112K(1034752K), 0.0043412 secs]
223.637: Total time for which application threads were stopped: 0.0045161 seconds, Stopping threads took: 0.0000216 seconds
223.704: [GC (Allocation Failure)  716648K->397064K(1034752K), 0.0047963 secs]
223.709: Total time for which application threads were stopped: 0.0049870 seconds, Stopping threads took: 0.0000277 seconds
223.777: [GC (Allocation Failure)  718600K->403211K(1034752K), 0.0044834 secs]
223.781: Total time for which application threads were stopped: 0.0046646 seconds, Stopping threads took: 0.0000209 seconds
223.850: [GC (Allocation Failure)  724747K->403147K(1034752K), 0.0048999 secs]
223.855: Total time for which application threads were stopped: 0.0050764 seconds, Stopping threads took: 0.0000286 seconds
223.923: [GC (Allocation Failure)  724683K->406315K(1034752K), 0.0052400 secs]
223.928: Total time for which application threads were stopped: 0.0054104 seconds, Stopping threads took: 0.0000196 seconds
223.995: [GC (Allocation Failure)  727851K->411309K(1034752K), 0.0046555 secs]
224.000: Total time for which application threads were stopped: 0.0048209 seconds, Stopping threads took: 0.0000200 seconds
224.068: [GC (Allocation Failure)  732845K->411149K(1034752K), 0.0045782 secs]
224.073: Total time for which application threads were stopped: 0.0047712 seconds, Stopping threads took: 0.0000193 seconds
224.140: [GC (Allocation Failure)  732685K->411429K(1034752K), 0.0074195 secs]
224.147: Total time for which application threads were stopped: 0.0075792 seconds, Stopping threads took: 0.0000283 seconds
224.213: [GC (Allocation Failure)  732965K->419271K(1033728K), 0.0047131 secs]
224.218: Total time for which application threads were stopped: 0.0048729 seconds, Stopping threads took: 0.0000201 seconds
224.285: [GC (Allocation Failure)  739783K->419207K(1034240K), 0.0045041 secs]
224.289: Total time for which application threads were stopped: 0.0046667 seconds, Stopping threads took: 0.0000196 seconds
224.357: [GC (Allocation Failure)  739719K->422759K(1034752K), 0.0053497 secs]
224.362: Total time for which application threads were stopped: 0.0055054 seconds, Stopping threads took: 0.0000197 seconds
224.429: [GC (Allocation Failure)  743783K->427241K(1034240K), 0.0044363 secs]
224.434: Total time for which application threads were stopped: 0.0045988 seconds, Stopping threads took: 0.0000254 seconds
224.501: [GC (Allocation Failure)  748265K->427273K(1034752K), 0.0044773 secs]
224.505: Total time for which application threads were stopped: 0.0046523 seconds, Stopping threads took: 0.0000202 seconds
224.574: [GC (Allocation Failure)  748809K->431017K(1034752K), 0.0055947 secs]
224.580: Total time for which application threads were stopped: 0.0057459 seconds, Stopping threads took: 0.0000172 seconds
224.648: [GC (Allocation Failure)  752553K->435308K(1035264K), 0.0046500 secs]
224.653: Total time for which application threads were stopped: 0.0048077 seconds, Stopping threads took: 0.0000197 seconds
224.722: [GC (Allocation Failure)  757868K->435276K(1035264K), 0.0045507 secs]
224.727: Total time for which application threads were stopped: 0.0047051 seconds, Stopping threads took: 0.0000196 seconds
224.795: [GC (Allocation Failure)  757836K->438212K(1035264K), 0.0053723 secs]
224.800: Total time for which application threads were stopped: 0.0055386 seconds, Stopping threads took: 0.0000201 seconds
224.868: [GC (Allocation Failure)  760772K->443334K(1035264K), 0.0044254 secs]
224.873: Total time for which application threads were stopped: 0.0045928 seconds, Stopping threads took: 0.0000271 seconds
224.941: [GC (Allocation Failure)  765894K->443302K(1035264K), 0.0044033 secs]
224.946: Total time for which application threads were stopped: 0.0045696 seconds, Stopping threads took: 0.0000192 seconds
225.012: [GC (Allocation Failure)  765862K->446430K(1035264K), 0.0052209 secs]
225.017: Total time for which application threads were stopped: 0.0054138 seconds, Stopping threads took: 0.0000197 seconds
225.087: [GC (Allocation Failure)  768990K->451456K(1035264K), 0.0045398 secs]
225.092: Total time for which application threads were stopped: 0.0047050 seconds, Stopping threads took: 0.0000206 seconds
225.161: [GC (Allocation Failure)  774016K->451360K(1035264K), 0.0046377 secs]
225.166: Total time for which application threads were stopped: 0.0047973 seconds, Stopping threads took: 0.0000192 seconds
225.233: [GC (Allocation Failure)  773920K->454696K(1035264K), 0.0054644 secs]
225.238: Total time for which application threads were stopped: 0.0056359 seconds, Stopping threads took: 0.0000204 seconds
225.307: [GC (Allocation Failure)  777256K->459435K(1035264K), 0.0047110 secs]
225.311: Total time for which application threads were stopped: 0.0048753 seconds, Stopping threads took: 0.0000205 seconds
225.380: [GC (Allocation Failure)  781995K->459403K(1035264K), 0.0048345 secs]
225.384: Total time for which application threads were stopped: 0.0050253 seconds, Stopping threads took: 0.0000197 seconds
225.454: [GC (Allocation Failure)  781963K->462923K(1035264K), 0.0054322 secs]
225.459: Total time for which application threads were stopped: 0.0055904 seconds, Stopping threads took: 0.0000200 seconds
225.527: [GC (Allocation Failure)  785483K->467405K(1035264K), 0.0046492 secs]
225.532: Total time for which application threads were stopped: 0.0048190 seconds, Stopping threads took: 0.0000203 seconds
225.601: [GC (Allocation Failure)  789965K->467437K(1035264K), 0.0044647 secs]
225.606: Total time for which application threads were stopped: 0.0046340 seconds, Stopping threads took: 0.0000207 seconds
225.672: [GC (Allocation Failure)  789997K->471189K(1035776K), 0.0057678 secs]
225.678: Total time for which application threads were stopped: 0.0059270 seconds, Stopping threads took: 0.0000186 seconds
225.744: [GC (Allocation Failure)  794773K->475639K(1035776K), 0.0048411 secs]
225.749: Total time for which application threads were stopped: 0.0050173 seconds, Stopping threads took: 0.0000198 seconds
225.817: [GC (Allocation Failure)  799223K->475447K(1035776K), 0.0046312 secs]
225.821: Total time for which application threads were stopped: 0.0048273 seconds, Stopping threads took: 0.0000203 seconds
225.891: [GC (Allocation Failure)  799031K->474421K(1035776K), 0.0042168 secs]
225.896: Total time for which application threads were stopped: 0.0043650 seconds, Stopping threads took: 0.0000166 seconds
225.964: [GC (Allocation Failure)  798005K->475607K(1036288K), 0.0043933 secs]
225.968: Total time for which application threads were stopped: 0.0045629 seconds, Stopping threads took: 0.0000201 seconds
226.037: [GC (Allocation Failure)  800215K->475447K(1036288K), 0.0044746 secs]
226.042: Total time for which application threads were stopped: 0.0046463 seconds, Stopping threads took: 0.0000209 seconds
226.108: [GC (Allocation Failure)  800055K->467477K(1035264K), 0.0014732 secs]
226.109: Total time for which application threads were stopped: 0.0016097 seconds, Stopping threads took: 0.0000196 seconds
226.181: [GC (Allocation Failure)  791061K->475535K(1031168K), 0.0048826 secs]
226.186: Total time for which application threads were stopped: 0.0050332 seconds, Stopping threads took: 0.0000171 seconds
226.254: [GC (Allocation Failure)  799119K->479591K(1035776K), 0.0064726 secs]
226.261: Total time for which application threads were stopped: 0.0066401 seconds, Stopping threads took: 0.0000192 seconds
226.326: [GC (Allocation Failure)  802663K->475685K(1035264K), 0.0035397 secs]
226.330: Total time for which application threads were stopped: 0.0036992 seconds, Stopping threads took: 0.0000198 seconds
226.399: [GC (Allocation Failure)  798757K->479751K(1035776K), 0.0048913 secs]
226.404: Total time for which application threads were stopped: 0.0050775 seconds, Stopping threads took: 0.0000266 seconds
226.473: [GC (Allocation Failure)  803335K->483687K(1035776K), 0.0045907 secs]
226.477: Total time for which application threads were stopped: 0.0047538 seconds, Stopping threads took: 0.0000200 seconds
226.545: [GC (Allocation Failure)  807271K->483751K(1035776K), 0.0046227 secs]
226.550: Total time for which application threads were stopped: 0.0047906 seconds, Stopping threads took: 0.0000198 seconds
226.616: [GC (Allocation Failure)  807335K->484071K(1023488K), 0.0047648 secs]
226.621: Total time for which application threads were stopped: 0.0049574 seconds, Stopping threads took: 0.0000198 seconds
226.690: [GC (Allocation Failure)  807655K->491753K(1035264K), 0.0048101 secs]
226.695: Total time for which application threads were stopped: 0.0049836 seconds, Stopping threads took: 0.0000191 seconds
226.763: [GC (Allocation Failure)  814313K->491753K(1035264K), 0.0069051 secs]
226.770: Total time for which application threads were stopped: 0.0070587 seconds, Stopping threads took: 0.0000197 seconds
226.838: [GC (Allocation Failure)  814313K->492225K(1034240K), 0.0055680 secs]
226.844: Total time for which application threads were stopped: 0.0057364 seconds, Stopping threads took: 0.0000284 seconds
226.911: [GC (Allocation Failure)  813761K->499812K(1034752K), 0.0047914 secs]
226.916: Total time for which application threads were stopped: 0.0049662 seconds, Stopping threads took: 0.0000248 seconds
226.984: [GC (Allocation Failure)  821348K->499780K(1034752K), 0.0044863 secs]
226.988: Total time for which application threads were stopped: 0.0046497 seconds, Stopping threads took: 0.0000207 seconds
227.053: [GC (Allocation Failure)  821316K->499964K(1034752K), 0.0049660 secs]
227.058: Total time for which application threads were stopped: 0.0051384 seconds, Stopping threads took: 0.0000231 seconds
227.125: [GC (Allocation Failure)  821500K->507838K(1033728K), 0.0075250 secs]
227.133: Total time for which application threads were stopped: 0.0077131 seconds, Stopping threads took: 0.0000209 seconds
227.202: [GC (Allocation Failure)  828350K->507838K(1034240K), 0.0048367 secs]
227.207: Total time for which application threads were stopped: 0.0050158 seconds, Stopping threads took: 0.0000195 seconds
227.274: [GC (Allocation Failure)  828350K->507966K(1034240K), 0.0053557 secs]
227.279: Total time for which application threads were stopped: 0.0055316 seconds, Stopping threads took: 0.0000208 seconds
227.347: [GC (Allocation Failure)  828478K->515872K(1034240K), 0.0048026 secs]
227.351: Total time for which application threads were stopped: 0.0049780 seconds, Stopping threads took: 0.0000258 seconds
227.419: [GC (Allocation Failure)  836384K->515872K(1034240K), 0.0048142 secs]
227.424: Total time for which application threads were stopped: 0.0049748 seconds, Stopping threads took: 0.0000206 seconds
227.493: [GC (Allocation Failure)  836384K->515912K(1020416K), 0.0046907 secs]
227.498: Total time for which application threads were stopped: 0.0048667 seconds, Stopping threads took: 0.0000220 seconds
227.564: [GC (Allocation Failure)  836424K->523882K(1033728K), 0.0047242 secs]
227.569: Total time for which application threads were stopped: 0.0048949 seconds, Stopping threads took: 0.0000205 seconds
227.638: [GC (Allocation Failure)  843370K->523850K(1033728K), 0.0047539 secs]
227.643: Total time for which application threads were stopped: 0.0049506 seconds, Stopping threads took: 0.0000203 seconds
227.709: [GC (Allocation Failure)  843338K->524130K(1033728K), 0.0050642 secs]
227.714: Total time for which application threads were stopped: 0.0052465 seconds, Stopping threads took: 0.0000197 seconds
227.783: [GC (Allocation Failure)  843618K->531909K(1033728K), 0.0048930 secs]
227.788: Total time for which application threads were stopped: 0.0050578 seconds, Stopping threads took: 0.0000189 seconds
227.856: [GC (Allocation Failure)  851397K->531909K(1033728K), 0.0046467 secs]
227.861: Total time for which application threads were stopped: 0.0048257 seconds, Stopping threads took: 0.0000447 seconds
227.929: [GC (Allocation Failure)  851397K->532133K(1033728K), 0.0048085 secs]
227.934: Total time for which application threads were stopped: 0.0050006 seconds, Stopping threads took: 0.0000197 seconds
228.002: [GC (Allocation Failure)  851621K->539975K(1033728K), 0.0048497 secs]
228.007: Total time for which application threads were stopped: 0.0050543 seconds, Stopping threads took: 0.0000189 seconds
228.073: [GC (Allocation Failure)  859462K->536037K(1033728K), 0.0036991 secs]
228.076: Total time for which application threads were stopped: 0.0038568 seconds, Stopping threads took: 0.0000173 seconds
228.147: [GC (Allocation Failure)  855525K->540031K(1034752K), 0.0072824 secs]
228.154: Total time for which application threads were stopped: 0.0074427 seconds, Stopping threads took: 0.0000250 seconds
228.223: [GC (Allocation Failure)  861055K->544063K(1034240K), 0.0046930 secs]
228.227: Total time for which application threads were stopped: 0.0048747 seconds, Stopping threads took: 0.0000205 seconds
228.295: [GC (Allocation Failure)  865087K->538333K(1034752K), 0.0026067 secs]
228.298: Total time for which application threads were stopped: 0.0027632 seconds, Stopping threads took: 0.0000202 seconds
228.367: [GC (Allocation Failure)  859869K->544159K(1034752K), 0.0046051 secs]
228.372: Total time for which application threads were stopped: 0.0047706 seconds, Stopping threads took: 0.0000265 seconds
228.437: [GC (Allocation Failure)  865695K->548231K(1035264K), 0.0051242 secs]
228.442: Total time for which application threads were stopped: 0.0052844 seconds, Stopping threads took: 0.0000200 seconds
228.510: [GC (Allocation Failure)  870529K->544293K(1035264K), 0.0035720 secs]
228.513: Total time for which application threads were stopped: 0.0037349 seconds, Stopping threads took: 0.0000198 seconds
228.581: [GC (Allocation Failure)  866853K->548351K(1036288K), 0.0049043 secs]
228.586: Total time for which application threads were stopped: 0.0050676 seconds, Stopping threads took: 0.0000199 seconds
228.653: [GC (Allocation Failure)  872447K->552319K(1035776K), 0.0050305 secs]
228.658: Total time for which application threads were stopped: 0.0051908 seconds, Stopping threads took: 0.0000192 seconds
228.725: [GC (Allocation Failure)  876415K->552351K(1035776K), 0.0047381 secs]
228.729: Total time for which application threads were stopped: 0.0049344 seconds, Stopping threads took: 0.0000205 seconds
228.799: [GC (Allocation Failure)  875935K->552383K(1023488K), 0.0066790 secs]
228.805: Total time for which application threads were stopped: 0.0068368 seconds, Stopping threads took: 0.0000173 seconds
228.874: [GC (Allocation Failure)  875967K->560417K(1035264K), 0.0107284 secs]
228.885: Total time for which application threads were stopped: 0.0109087 seconds, Stopping threads took: 0.0000273 seconds
228.955: [GC (Allocation Failure)  882977K->560321K(1030144K), 0.0049735 secs]
228.960: Total time for which application threads were stopped: 0.0051458 seconds, Stopping threads took: 0.0000196 seconds
229.028: [GC (Allocation Failure)  882881K->560417K(1034752K), 0.0048768 secs]
229.033: Total time for which application threads were stopped: 0.0050343 seconds, Stopping threads took: 0.0000199 seconds
229.100: [GC (Allocation Failure)  881953K->568387K(1029120K), 0.0048512 secs]
229.105: Total time for which application threads were stopped: 0.0050191 seconds, Stopping threads took: 0.0000197 seconds
229.174: [GC (Allocation Failure)  889923K->568387K(1034240K), 0.0052430 secs]
229.179: Total time for which application threads were stopped: 0.0054092 seconds, Stopping threads took: 0.0000197 seconds
229.246: [GC (Allocation Failure)  888899K->568603K(1034240K), 0.0051227 secs]
229.251: Total time for which application threads were stopped: 0.0052803 seconds, Stopping threads took: 0.0000198 seconds
229.319: [GC (Allocation Failure)  889115K->576446K(1034240K), 0.0058698 secs]
229.325: Total time for which application threads were stopped: 0.0060533 seconds, Stopping threads took: 0.0000198 seconds
229.393: [GC (Allocation Failure)  896958K->576414K(1034240K), 0.0046037 secs]
229.398: Total time for which application threads were stopped: 0.0047767 seconds, Stopping threads took: 0.0000281 seconds
229.465: [GC (Allocation Failure)  896926K->576870K(1033216K), 0.0049148 secs]
229.470: Total time for which application threads were stopped: 0.0051070 seconds, Stopping threads took: 0.0000193 seconds
229.538: [GC (Allocation Failure)  896358K->584456K(1033728K), 0.0048942 secs]
229.543: Total time for which application threads were stopped: 0.0051013 seconds, Stopping threads took: 0.0000351 seconds
229.612: [GC (Allocation Failure)  903944K->584456K(1033728K), 0.0047481 secs]
229.617: Total time for which application threads were stopped: 0.0049250 seconds, Stopping threads took: 0.0000192 seconds
229.683: [GC (Allocation Failure)  903944K->584584K(1033728K), 0.0049901 secs]
229.688: Total time for which application threads were stopped: 0.0051543 seconds, Stopping threads took: 0.0000202 seconds
229.756: [GC (Allocation Failure)  904072K->592522K(1033728K), 0.0047758 secs]
229.761: Total time for which application threads were stopped: 0.0049373 seconds, Stopping threads took: 0.0000198 seconds
229.828: [GC (Allocation Failure)  912010K->592490K(1033728K), 0.0048217 secs]
229.833: Total time for which application threads were stopped: 0.0050162 seconds, Stopping threads took: 0.0000210 seconds
229.901: [GC (Allocation Failure)  911978K->592554K(1033728K), 0.0052013 secs]
229.906: Total time for which application threads were stopped: 0.0053718 seconds, Stopping threads took: 0.0000195 seconds
229.973: [GC (Allocation Failure)  912042K->600525K(1027072K), 0.0048218 secs]
229.978: Total time for which application threads were stopped: 0.0049928 seconds, Stopping threads took: 0.0000201 seconds
230.044: [GC (Allocation Failure)  920012K->596586K(1034240K), 0.0039084 secs]
230.048: Total time for which application threads were stopped: 0.0040655 seconds, Stopping threads took: 0.0000198 seconds
230.116: [GC (Allocation Failure)  916074K->600685K(1033216K), 0.0052762 secs]
230.121: Total time for which application threads were stopped: 0.0054795 seconds, Stopping threads took: 0.0000189 seconds
230.190: [GC (Allocation Failure)  920173K->604685K(1034752K), 0.0048495 secs]
230.195: Total time for which application threads were stopped: 0.0050142 seconds, Stopping threads took: 0.0000202 seconds
230.261: [GC (Allocation Failure)  926221K->597866K(1034752K), 0.0023933 secs]
230.264: Total time for which application threads were stopped: 0.0025414 seconds, Stopping threads took: 0.0000204 seconds
230.331: [GC (Allocation Failure)  919402K->604717K(1034752K), 0.0047901 secs]
230.336: Total time for which application threads were stopped: 0.0049745 seconds, Stopping threads took: 0.0000201 seconds
230.405: [GC (Allocation Failure)  926253K->608757K(1034752K), 0.0057373 secs]
230.410: Total time for which application threads were stopped: 0.0059049 seconds, Stopping threads took: 0.0000264 seconds
230.476: [GC (Allocation Failure)  930293K->603250K(1034752K), 0.0029999 secs]
230.479: Total time for which application threads were stopped: 0.0031711 seconds, Stopping threads took: 0.0000199 seconds
230.548: [GC (Allocation Failure)  924786K->609085K(1034752K), 0.0049063 secs]
230.553: Total time for which application threads were stopped: 0.0050853 seconds, Stopping threads took: 0.0000282 seconds
230.620: [GC (Allocation Failure)  930621K->612957K(1035264K), 0.0051271 secs]
230.625: Total time for which application threads were stopped: 0.0052930 seconds, Stopping threads took: 0.0000197 seconds
230.691: [GC (Allocation Failure)  935445K->608986K(1035264K), 0.0039036 secs]
230.696: Total time for which application threads were stopped: 0.0040802 seconds, Stopping threads took: 0.0000208 seconds
230.763: [GC (Allocation Failure)  931546K->613093K(1036288K), 0.0051205 secs]
230.768: Total time for which application threads were stopped: 0.0053062 seconds, Stopping threads took: 0.0000220 seconds
230.838: [GC (Allocation Failure)  937189K->617093K(1035776K), 0.0047383 secs]
230.843: Total time for which application threads were stopped: 0.0049187 seconds, Stopping threads took: 0.0000209 seconds
230.912: [GC (Allocation Failure)  941189K->617093K(1035776K), 0.0047809 secs]
230.916: Total time for which application threads were stopped: 0.0049449 seconds, Stopping threads took: 0.0000266 seconds
230.985: [GC (Allocation Failure)  940677K->617125K(1023488K), 0.0051121 secs]
230.990: Total time for which application threads were stopped: 0.0053051 seconds, Stopping threads took: 0.0000196 seconds
231.057: [GC (Allocation Failure)  940709K->625095K(1035264K), 0.0048594 secs]
231.062: Total time for which application threads were stopped: 0.0050299 seconds, Stopping threads took: 0.0000217 seconds
231.131: [GC (Allocation Failure)  947655K->625127K(1030144K), 0.0054915 secs]
231.137: Total time for which application threads were stopped: 0.0057031 seconds, Stopping threads took: 0.0000251 seconds
231.206: [GC (Allocation Failure)  947687K->625159K(1034752K), 0.0050134 secs]
231.211: Total time for which application threads were stopped: 0.0051844 seconds, Stopping threads took: 0.0000204 seconds
231.279: [GC (Allocation Failure)  946695K->633161K(1029120K), 0.0051753 secs]
231.284: Total time for which application threads were stopped: 0.0053448 seconds, Stopping threads took: 0.0000198 seconds
231.353: [GC (Allocation Failure)  954697K->633129K(1034240K), 0.0046457 secs]
231.358: Total time for which application threads were stopped: 0.0048151 seconds, Stopping threads took: 0.0000267 seconds
231.425: [GC (Allocation Failure)  953641K->633385K(1034240K), 0.0051740 secs]
231.430: Total time for which application threads were stopped: 0.0053452 seconds, Stopping threads took: 0.0000206 seconds
231.498: [GC (Allocation Failure)  953897K->641163K(1034240K), 0.0047266 secs]
231.503: Total time for which application threads were stopped: 0.0048981 seconds, Stopping threads took: 0.0000202 seconds
231.572: [GC (Allocation Failure)  961675K->641131K(1034240K), 0.0050347 secs]
231.577: Total time for which application threads were stopped: 0.0052287 seconds, Stopping threads took: 0.0000197 seconds
231.644: [GC (Allocation Failure)  961643K->641571K(1033216K), 0.0052399 secs]
231.649: Total time for which application threads were stopped: 0.0054524 seconds, Stopping threads took: 0.0000396 seconds
231.719: [GC (Allocation Failure)  961059K->649190K(1033728K), 0.0049961 secs]
231.724: Total time for which application threads were stopped: 0.0051614 seconds, Stopping threads took: 0.0000203 seconds
231.791: [GC (Allocation Failure)  968678K->649190K(1033728K), 0.0049633 secs]
231.796: Total time for which application threads were stopped: 0.0051569 seconds, Stopping threads took: 0.0000205 seconds
231.863: [GC (Allocation Failure)  968678K->649318K(1033728K), 0.0049603 secs]
231.868: Total time for which application threads were stopped: 0.0051227 seconds, Stopping threads took: 0.0000245 seconds
231.937: [GC (Allocation Failure)  968806K->657224K(1033728K), 0.0048020 secs]
231.942: Total time for which application threads were stopped: 0.0049591 seconds, Stopping threads took: 0.0000251 seconds
232.009: [GC (Allocation Failure)  976712K->657256K(1033728K), 0.0049367 secs]
232.014: Total time for which application threads were stopped: 0.0051037 seconds, Stopping threads took: 0.0000197 seconds
232.081: [GC (Allocation Failure)  976744K->657288K(1033728K), 0.0050250 secs]
232.086: Total time for which application threads were stopped: 0.0051893 seconds, Stopping threads took: 0.0000197 seconds
232.154: [GC (Allocation Failure)  976776K->665258K(1027072K), 0.0051028 secs]
232.159: Total time for which application threads were stopped: 0.0053080 seconds, Stopping threads took: 0.0000196 seconds
232.225: [GC (Allocation Failure)  984746K->661320K(1034240K), 0.0041163 secs]
232.229: Total time for which application threads were stopped: 0.0042748 seconds, Stopping threads took: 0.0000194 seconds
232.297: [GC (Allocation Failure)  980808K->665418K(1033216K), 0.0050301 secs]
232.302: Total time for which application threads were stopped: 0.0051925 seconds, Stopping threads took: 0.0000197 seconds
232.370: [GC (Allocation Failure)  984906K->669386K(1034752K), 0.0047634 secs]
232.375: Total time for which application threads were stopped: 0.0049258 seconds, Stopping threads took: 0.0000254 seconds
232.442: [GC (Allocation Failure)  990922K->662632K(1034752K), 0.0025752 secs]
232.444: Total time for which application threads were stopped: 0.0027176 seconds, Stopping threads took: 0.0000259 seconds
232.513: [GC (Allocation Failure)  984168K->669482K(1034752K), 0.0049181 secs]
232.518: Total time for which application threads were stopped: 0.0050789 seconds, Stopping threads took: 0.0000195 seconds
232.584: [GC (Allocation Failure)  991018K->673530K(1034752K), 0.0058959 secs]
232.590: Total time for which application threads were stopped: 0.0060647 seconds, Stopping threads took: 0.0000201 seconds
232.655: [GC (Allocation Failure)  995066K->667960K(1034752K), 0.0031181 secs]
232.658: Total time for which application threads were stopped: 0.0032711 seconds, Stopping threads took: 0.0000197 seconds
232.725: [GC (Allocation Failure)  989496K->673802K(1034752K), 0.0050383 secs]
232.730: Total time for which application threads were stopped: 0.0051960 seconds, Stopping threads took: 0.0000193 seconds
232.797: [GC (Allocation Failure)  995338K->677706K(1035264K), 0.0066673 secs]
232.804: Total time for which application threads were stopped: 0.0068511 seconds, Stopping threads took: 0.0000220 seconds
232.871: [GC (Allocation Failure)  1000194K->673768K(1035264K), 0.0038810 secs]
232.875: Total time for which application threads were stopped: 0.0040473 seconds, Stopping threads took: 0.0000266 seconds
232.943: [GC (Allocation Failure)  996328K->677834K(1036288K), 0.0051227 secs]
232.948: Total time for which application threads were stopped: 0.0053031 seconds, Stopping threads took: 0.0000292 seconds
233.015: [GC (Allocation Failure)  1001930K->681770K(1035776K), 0.0060136 secs]
233.021: Total time for which application threads were stopped: 0.0061815 seconds, Stopping threads took: 0.0000203 seconds
233.091: [GC (Allocation Failure)  1005866K->681802K(1035776K), 0.0051011 secs]
233.096: Total time for which application threads were stopped: 0.0052704 seconds, Stopping threads took: 0.0000205 seconds
233.165: [GC (Allocation Failure)  1005386K->681866K(1023488K), 0.0051308 secs]
233.171: Total time for which application threads were stopped: 0.0052968 seconds, Stopping threads took: 0.0000174 seconds
233.238: [GC (Allocation Failure)  1005450K->689868K(1035264K), 0.0050625 secs]
233.243: Total time for which application threads were stopped: 0.0052228 seconds, Stopping threads took: 0.0000197 seconds
233.311: [GC (Allocation Failure)  1012428K->689836K(1030144K), 0.0047922 secs]
233.316: Total time for which application threads were stopped: 0.0049552 seconds, Stopping threads took: 0.0000207 seconds
233.384: [GC (Allocation Failure)  1012396K->689892K(1034752K), 0.0051600 secs]
233.390: [Full GC (Ergonomics)  689892K->8520K(1034752K), 0.0128566 secs]
233.403: Total time for which application threads were stopped: 0.0182677 seconds, Stopping threads took: 0.0000272 seconds
233.471: [GC (Allocation Failure)  330056K->16618K(1029120K), 0.0038761 secs]
233.475: Total time for which application threads were stopped: 0.0040478 seconds, Stopping threads took: 0.0000169 seconds
233.544: [GC (Allocation Failure)  338154K->16610K(1034240K), 0.0034757 secs]
233.548: Total time for which application threads were stopped: 0.0036513 seconds, Stopping threads took: 0.0000192 seconds
233.616: [GC (Allocation Failure)  337122K->16842K(1034240K), 0.0040792 secs]
233.620: Total time for which application threads were stopped: 0.0042592 seconds, Stopping threads took: 0.0000203 seconds
233.688: [GC (Allocation Failure)  337354K->24684K(1034240K), 0.0037395 secs]
233.692: Total time for which application threads were stopped: 0.0039401 seconds, Stopping threads took: 0.0000214 seconds
233.762: [GC (Allocation Failure)  345196K->24684K(1034240K), 0.0038484 secs]
233.766: Total time for which application threads were stopped: 0.0040208 seconds, Stopping threads took: 0.0000199 seconds
233.833: [GC (Allocation Failure)  345196K->25060K(1033216K), 0.0039387 secs]
233.837: Total time for which application threads were stopped: 0.0041040 seconds, Stopping threads took: 0.0000205 seconds
233.905: [GC (Allocation Failure)  344548K->32679K(1033728K), 0.0038040 secs]
233.909: Total time for which application threads were stopped: 0.0039746 seconds, Stopping threads took: 0.0000265 seconds
233.977: [GC (Allocation Failure)  352167K->32679K(1033728K), 0.0035860 secs]
233.980: Total time for which application threads were stopped: 0.0037614 seconds, Stopping threads took: 0.0000277 seconds
234.045: [GC (Allocation Failure)  352167K->32839K(1033728K), 0.0039904 secs]
234.049: Total time for which application threads were stopped: 0.0041657 seconds, Stopping threads took: 0.0000202 seconds
234.118: [GC (Allocation Failure)  352327K->40713K(1033728K), 0.0035308 secs]
234.122: Total time for which application threads were stopped: 0.0037202 seconds, Stopping threads took: 0.0000253 seconds
234.191: [GC (Allocation Failure)  360201K->40713K(1033728K), 0.0038067 secs]
234.195: Total time for which application threads were stopped: 0.0039730 seconds, Stopping threads took: 0.0000196 seconds
234.262: [GC (Allocation Failure)  360201K->40777K(1033728K), 0.0039136 secs]
234.266: Total time for which application threads were stopped: 0.0040709 seconds, Stopping threads took: 0.0000188 seconds
234.332: [GC (Allocation Failure)  360265K->48747K(1027072K), 0.0039969 secs]
234.336: Total time for which application threads were stopped: 0.0041763 seconds, Stopping threads took: 0.0000198 seconds
234.401: [GC (Allocation Failure)  368235K->44841K(1034240K), 0.0027204 secs]
234.404: Total time for which application threads were stopped: 0.0028989 seconds, Stopping threads took: 0.0000276 seconds
234.474: [GC (Allocation Failure)  364329K->48907K(1033216K), 0.0041131 secs]
234.478: Total time for which application threads were stopped: 0.0042782 seconds, Stopping threads took: 0.0000188 seconds
234.546: [GC (Allocation Failure)  368395K->52875K(1034752K), 0.0038169 secs]
234.550: Total time for which application threads were stopped: 0.0039809 seconds, Stopping threads took: 0.0000207 seconds
234.616: [GC (Allocation Failure)  374411K->46121K(1034752K), 0.0012121 secs]
234.618: Total time for which application threads were stopped: 0.0013542 seconds, Stopping threads took: 0.0000201 seconds
234.688: [GC (Allocation Failure)  367657K->52971K(1034752K), 0.0036023 secs]
234.692: Total time for which application threads were stopped: 0.0037988 seconds, Stopping threads took: 0.0000202 seconds
234.760: [GC (Allocation Failure)  374507K->57019K(1034752K), 0.0047481 secs]
234.765: Total time for which application threads were stopped: 0.0049101 seconds, Stopping threads took: 0.0000171 seconds
234.831: [GC (Allocation Failure)  378555K->51481K(1034752K), 0.0017190 secs]
234.833: Total time for which application threads were stopped: 0.0018556 seconds, Stopping threads took: 0.0000192 seconds
234.900: [GC (Allocation Failure)  373017K->57291K(1034752K), 0.0038345 secs]
234.904: Total time for which application threads were stopped: 0.0039985 seconds, Stopping threads took: 0.0000196 seconds
234.971: [GC (Allocation Failure)  378827K->61163K(1034752K), 0.0041852 secs]
234.975: Total time for which application threads were stopped: 0.0043604 seconds, Stopping threads took: 0.0000203 seconds
235.042: [GC (Allocation Failure)  383651K->57289K(1035264K), 0.0026112 secs]
235.044: Total time for which application threads were stopped: 0.0027759 seconds, Stopping threads took: 0.0000206 seconds
235.115: [GC (Allocation Failure)  379849K->61323K(1036288K), 0.0039488 secs]
235.119: Total time for which application threads were stopped: 0.0041381 seconds, Stopping threads took: 0.0000222 seconds
235.188: [GC (Allocation Failure)  385419K->65291K(1035776K), 0.0038493 secs]
235.192: Total time for which application threads were stopped: 0.0040113 seconds, Stopping threads took: 0.0000196 seconds
235.260: [GC (Allocation Failure)  389387K->65323K(1035776K), 0.0038342 secs]
235.264: Total time for which application threads were stopped: 0.0040127 seconds, Stopping threads took: 0.0000222 seconds
235.332: [GC (Allocation Failure)  388907K->65355K(1023488K), 0.0040716 secs]
235.336: Total time for which application threads were stopped: 0.0042560 seconds, Stopping threads took: 0.0000217 seconds
235.403: [GC (Allocation Failure)  388939K->73357K(1035264K), 0.0039306 secs]
235.407: Total time for which application threads were stopped: 0.0041292 seconds, Stopping threads took: 0.0000274 seconds
235.476: [GC (Allocation Failure)  395917K->73325K(1030144K), 0.0036259 secs]
235.479: Total time for which application threads were stopped: 0.0037839 seconds, Stopping threads took: 0.0000178 seconds
235.546: [GC (Allocation Failure)  395885K->73389K(1034752K), 0.0040987 secs]
235.551: Total time for which application threads were stopped: 0.0042909 seconds, Stopping threads took: 0.0000221 seconds
235.618: [GC (Allocation Failure)  394925K->81392K(1029120K), 0.0039622 secs]
235.622: Total time for which application threads were stopped: 0.0041336 seconds, Stopping threads took: 0.0000228 seconds
235.690: [GC (Allocation Failure)  402928K->81360K(1034240K), 0.0038292 secs]
235.694: Total time for which application threads were stopped: 0.0039899 seconds, Stopping threads took: 0.0000205 seconds
235.761: [GC (Allocation Failure)  401872K->81576K(1034240K), 0.0045510 secs]
235.765: Total time for which application threads were stopped: 0.0047104 seconds, Stopping threads took: 0.0000203 seconds
235.835: [GC (Allocation Failure)  402088K->89418K(1034240K), 0.0038350 secs]
235.839: Total time for which application threads were stopped: 0.0039986 seconds, Stopping threads took: 0.0000202 seconds
235.907: [GC (Allocation Failure)  409930K->89418K(1034240K), 0.0039774 secs]
235.911: Total time for which application threads were stopped: 0.0041541 seconds, Stopping threads took: 0.0000279 seconds
235.978: [GC (Allocation Failure)  409930K->89834K(1033216K), 0.0042182 secs]
235.982: Total time for which application threads were stopped: 0.0043897 seconds, Stopping threads took: 0.0000201 seconds
236.050: [GC (Allocation Failure)  409322K->97420K(1033728K), 0.0047053 secs]
236.055: Total time for which application threads were stopped: 0.0048762 seconds, Stopping threads took: 0.0000200 seconds
236.122: [GC (Allocation Failure)  416908K->97452K(1033728K), 0.0037562 secs]
236.126: Total time for which application threads were stopped: 0.0039686 seconds, Stopping threads took: 0.0000203 seconds
236.192: [GC (Allocation Failure)  416940K->97516K(1033728K), 0.0040795 secs]
236.196: Total time for which application threads were stopped: 0.0042580 seconds, Stopping threads took: 0.0000195 seconds
236.264: [GC (Allocation Failure)  417004K->105454K(1033728K), 0.0038481 secs]
236.268: Total time for which application threads were stopped: 0.0040236 seconds, Stopping threads took: 0.0000201 seconds
236.337: [GC (Allocation Failure)  424942K->105454K(1033728K), 0.0039465 secs]
236.341: Total time for which application threads were stopped: 0.0041068 seconds, Stopping threads took: 0.0000174 seconds
236.409: [GC (Allocation Failure)  424942K->105510K(1033728K), 0.0040045 secs]
236.413: Total time for which application threads were stopped: 0.0041715 seconds, Stopping threads took: 0.0000259 seconds
236.480: [GC (Allocation Failure)  424998K->113513K(1027072K), 0.0040464 secs]
236.484: Total time for which application threads were stopped: 0.0042581 seconds, Stopping threads took: 0.0000414 seconds
236.551: [GC (Allocation Failure)  433000K->109574K(1034240K), 0.0029061 secs]
236.554: Total time for which application threads were stopped: 0.0030586 seconds, Stopping threads took: 0.0000198 seconds
236.621: [GC (Allocation Failure)  429062K->113641K(1033216K), 0.0042039 secs]
236.625: Total time for which application threads were stopped: 0.0043733 seconds, Stopping threads took: 0.0000217 seconds
236.695: [GC (Allocation Failure)  433129K->117641K(1034752K), 0.0040113 secs]
236.699: Total time for which application threads were stopped: 0.0041903 seconds, Stopping threads took: 0.0000202 seconds
236.766: [GC (Allocation Failure)  439177K->110854K(1034752K), 0.0011646 secs]
236.767: Total time for which application threads were stopped: 0.0012861 seconds, Stopping threads took: 0.0000199 seconds
236.836: [GC (Allocation Failure)  432390K->117641K(1034752K), 0.0037151 secs]
236.840: Total time for which application threads were stopped: 0.0039092 seconds, Stopping threads took: 0.0000193 seconds
236.907: [GC (Allocation Failure)  439177K->121745K(1034752K), 0.0049039 secs]
236.912: Total time for which application threads were stopped: 0.0050696 seconds, Stopping threads took: 0.0000264 seconds
236.978: [GC (Allocation Failure)  443281K->116206K(1034752K), 0.0019386 secs]
236.980: Total time for which application threads were stopped: 0.0021045 seconds, Stopping threads took: 0.0000308 seconds
237.048: [GC (Allocation Failure)  437742K->122017K(1034752K), 0.0065487 secs]
237.055: Total time for which application threads were stopped: 0.0067200 seconds, Stopping threads took: 0.0000204 seconds
237.123: [GC (Allocation Failure)  443553K->125889K(1034752K), 0.0043267 secs]
237.127: Total time for which application threads were stopped: 0.0045005 seconds, Stopping threads took: 0.0000205 seconds
237.195: [GC (Allocation Failure)  448377K->121982K(1035264K), 0.0026790 secs]
237.198: Total time for which application threads were stopped: 0.0028532 seconds, Stopping threads took: 0.0000199 seconds
237.267: [GC (Allocation Failure)  444542K->126057K(1036288K), 0.0041853 secs]
237.272: Total time for which application threads were stopped: 0.0043458 seconds, Stopping threads took: 0.0000179 seconds
237.340: [GC (Allocation Failure)  450153K->130025K(1035776K), 0.0039926 secs]
237.344: Total time for which application threads were stopped: 0.0041692 seconds, Stopping threads took: 0.0000205 seconds
237.413: [GC (Allocation Failure)  454121K->130025K(1035776K), 0.0038972 secs]
237.417: Total time for which application threads were stopped: 0.0040826 seconds, Stopping threads took: 0.0000265 seconds
237.485: [GC (Allocation Failure)  453609K->130089K(1023488K), 0.0040625 secs]
237.489: Total time for which application threads were stopped: 0.0042261 seconds, Stopping threads took: 0.0000200 seconds
237.555: [GC (Allocation Failure)  453673K->138091K(1035264K), 0.0040900 secs]
237.560: Total time for which application threads were stopped: 0.0042538 seconds, Stopping threads took: 0.0000206 seconds
237.627: [GC (Allocation Failure)  460651K->138059K(1030144K), 0.0037209 secs]
237.631: Total time for which application threads were stopped: 0.0038834 seconds, Stopping threads took: 0.0000203 seconds
237.699: [GC (Allocation Failure)  460619K->138123K(1034752K), 0.0041964 secs]
237.703: Total time for which application threads were stopped: 0.0043917 seconds, Stopping threads took: 0.0000201 seconds
237.772: [GC (Allocation Failure)  459659K->146093K(1034752K), 0.0043234 secs]
237.776: Total time for which application threads were stopped: 0.0044913 seconds, Stopping threads took: 0.0000193 seconds
237.844: [GC (Allocation Failure)  467629K->146093K(1033728K), 0.0038695 secs]
237.848: Total time for which application threads were stopped: 0.0040446 seconds, Stopping threads took: 0.0000199 seconds
237.917: [GC (Allocation Failure)  466605K->146309K(1034240K), 0.0041297 secs]
237.921: Total time for which application threads were stopped: 0.0042994 seconds, Stopping threads took: 0.0000270 seconds
237.989: [GC (Allocation Failure)  466821K->154151K(1034240K), 0.0038701 secs]
237.993: Total time for which application threads were stopped: 0.0040374 seconds, Stopping threads took: 0.0000201 seconds
238.061: [GC (Allocation Failure)  474663K->154119K(1034240K), 0.0041025 secs]
238.065: Total time for which application threads were stopped: 0.0042818 seconds, Stopping threads took: 0.0000204 seconds
238.133: [GC (Allocation Failure)  474631K->154535K(1033216K), 0.0046941 secs]
238.137: Total time for which application threads were stopped: 0.0048655 seconds, Stopping threads took: 0.0000259 seconds
238.206: [GC (Allocation Failure)  474023K->162154K(1033728K), 0.0041609 secs]
238.210: Total time for which application threads were stopped: 0.0043381 seconds, Stopping threads took: 0.0000196 seconds
238.279: [GC (Allocation Failure)  481642K->162154K(1033728K), 0.0041131 secs]
238.283: Total time for which application threads were stopped: 0.0042792 seconds, Stopping threads took: 0.0000196 seconds
238.349: [GC (Allocation Failure)  481642K->162314K(1033728K), 0.0046258 secs]
238.353: Total time for which application threads were stopped: 0.0047917 seconds, Stopping threads took: 0.0000189 seconds
238.422: [GC (Allocation Failure)  481802K->170220K(1033728K), 0.0040127 secs]
238.426: Total time for which application threads were stopped: 0.0041741 seconds, Stopping threads took: 0.0000201 seconds
238.493: [GC (Allocation Failure)  489708K->170188K(1033728K), 0.0038940 secs]
238.497: Total time for which application threads were stopped: 0.0040561 seconds, Stopping threads took: 0.0000190 seconds
238.563: [GC (Allocation Failure)  489676K->170244K(1033728K), 0.0041931 secs]
238.568: Total time for which application threads were stopped: 0.0043579 seconds, Stopping threads took: 0.0000192 seconds
238.634: [GC (Allocation Failure)  489732K->178214K(1027072K), 0.0042035 secs]
238.638: Total time for which application threads were stopped: 0.0043949 seconds, Stopping threads took: 0.0000193 seconds
238.704: [GC (Allocation Failure)  497702K->174308K(1034240K), 0.0029206 secs]
238.707: Total time for which application threads were stopped: 0.0030725 seconds, Stopping threads took: 0.0000170 seconds
238.775: [GC (Allocation Failure)  493796K->178374K(1033216K), 0.0044949 secs]
238.779: Total time for which application threads were stopped: 0.0046930 seconds, Stopping threads took: 0.0000253 seconds
238.848: [GC (Allocation Failure)  497862K->182342K(1034752K), 0.0041198 secs]
238.852: Total time for which application threads were stopped: 0.0042735 seconds, Stopping threads took: 0.0000172 seconds
238.919: [GC (Allocation Failure)  503878K->175556K(1034752K), 0.0013817 secs]
238.921: Total time for which application threads were stopped: 0.0015249 seconds, Stopping threads took: 0.0000260 seconds
238.990: [GC (Allocation Failure)  497092K->182382K(1034752K), 0.0040232 secs]
238.994: Total time for which application threads were stopped: 0.0041827 seconds, Stopping threads took: 0.0000169 seconds
239.060: [GC (Allocation Failure)  503918K->186494K(1034752K), 0.0050785 secs]
239.065: Total time for which application threads were stopped: 0.0052502 seconds, Stopping threads took: 0.0000197 seconds
239.131: [GC (Allocation Failure)  508030K->180956K(1034752K), 0.0023401 secs]
239.134: Total time for which application threads were stopped: 0.0025066 seconds, Stopping threads took: 0.0000254 seconds
239.203: [GC (Allocation Failure)  502492K->186790K(1034752K), 0.0039901 secs]
239.207: Total time for which application threads were stopped: 0.0041849 seconds, Stopping threads took: 0.0000199 seconds
239.275: [GC (Allocation Failure)  508326K->190630K(1034752K), 0.0046108 secs]
239.280: Total time for which application threads were stopped: 0.0047763 seconds, Stopping threads took: 0.0000206 seconds
239.349: [GC (Allocation Failure)  513119K->186692K(1035264K), 0.0027941 secs]
239.351: Total time for which application threads were stopped: 0.0029746 seconds, Stopping threads took: 0.0000177 seconds
239.422: [GC (Allocation Failure)  509252K->190790K(1036288K), 0.0045626 secs]
239.427: Total time for which application threads were stopped: 0.0047262 seconds, Stopping threads took: 0.0000204 seconds
239.495: [GC (Allocation Failure)  514886K->194758K(1035776K), 0.0039213 secs]
239.499: Total time for which application threads were stopped: 0.0040833 seconds, Stopping threads took: 0.0000197 seconds
239.568: [GC (Allocation Failure)  518854K->194758K(1035776K), 0.0038527 secs]
239.572: Total time for which application threads were stopped: 0.0040170 seconds, Stopping threads took: 0.0000199 seconds
239.640: [GC (Allocation Failure)  518342K->194814K(1023488K), 0.0041786 secs]
239.644: Total time for which application threads were stopped: 0.0043435 seconds, Stopping threads took: 0.0000199 seconds
239.710: [GC (Allocation Failure)  518398K->202817K(1035264K), 0.0042737 secs]
239.715: Total time for which application threads were stopped: 0.0044777 seconds, Stopping threads took: 0.0000224 seconds
239.782: [GC (Allocation Failure)  525377K->202785K(1030144K), 0.0038388 secs]
239.786: Total time for which application threads were stopped: 0.0040065 seconds, Stopping threads took: 0.0000200 seconds
239.853: [GC (Allocation Failure)  525345K->202857K(1034752K), 0.0042123 secs]
239.858: Total time for which application threads were stopped: 0.0043788 seconds, Stopping threads took: 0.0000192 seconds
239.925: [GC (Allocation Failure)  524393K->210859K(1029120K), 0.0042122 secs]
239.929: Total time for which application threads were stopped: 0.0044065 seconds, Stopping threads took: 0.0000197 seconds
239.998: [GC (Allocation Failure)  532395K->210827K(1034240K), 0.0039735 secs]
240.003: Total time for which application threads were stopped: 0.0041288 seconds, Stopping threads took: 0.0000169 seconds
240.069: [GC (Allocation Failure)  531339K->211043K(1034240K), 0.0043946 secs]
240.074: Total time for which application threads were stopped: 0.0045535 seconds, Stopping threads took: 0.0000203 seconds
240.144: [GC (Allocation Failure)  531555K->218885K(1034240K), 0.0046000 secs]
240.148: Total time for which application threads were stopped: 0.0047911 seconds, Stopping threads took: 0.0000257 seconds
240.217: [GC (Allocation Failure)  539397K->218853K(1034240K), 0.0042400 secs]
240.221: Total time for which application threads were stopped: 0.0044014 seconds, Stopping threads took: 0.0000198 seconds
240.288: [GC (Allocation Failure)  539365K->219301K(1033216K), 0.0042540 secs]
240.292: Total time for which application threads were stopped: 0.0044762 seconds, Stopping threads took: 0.0000206 seconds
240.361: [GC (Allocation Failure)  538789K->226887K(1033728K), 0.0040630 secs]
240.366: Total time for which application threads were stopped: 0.0042302 seconds, Stopping threads took: 0.0000256 seconds
240.433: [GC (Allocation Failure)  546375K->226919K(1033728K), 0.0041132 secs]
240.438: Total time for which application threads were stopped: 0.0043241 seconds, Stopping threads took: 0.0000250 seconds
240.503: [GC (Allocation Failure)  546407K->227015K(1033728K), 0.0042369 secs]
240.507: Total time for which application threads were stopped: 0.0044136 seconds, Stopping threads took: 0.0000190 seconds
240.577: [GC (Allocation Failure)  546503K->234954K(1033728K), 0.0040832 secs]
240.581: Total time for which application threads were stopped: 0.0042680 seconds, Stopping threads took: 0.0000170 seconds
240.650: [GC (Allocation Failure)  554442K->234922K(1033728K), 0.0039778 secs]
240.654: Total time for which application threads were stopped: 0.0041680 seconds, Stopping threads took: 0.0000192 seconds
240.723: [GC (Allocation Failure)  554410K->234986K(1033728K), 0.0044451 secs]
240.727: Total time for which application threads were stopped: 0.0046005 seconds, Stopping threads took: 0.0000168 seconds
240.794: [GC (Allocation Failure)  554474K->242956K(1027072K), 0.0041525 secs]
240.798: Total time for which application threads were stopped: 0.0043218 seconds, Stopping threads took: 0.0000195 seconds
240.864: [GC (Allocation Failure)  562443K->239018K(1034240K), 0.0029916 secs]
240.867: Total time for which application threads were stopped: 0.0031656 seconds, Stopping threads took: 0.0000286 seconds
240.935: [GC (Allocation Failure)  558506K->243116K(1033216K), 0.0045627 secs]
240.939: Total time for which application threads were stopped: 0.0047323 seconds, Stopping threads took: 0.0000195 seconds
241.007: [GC (Allocation Failure)  562604K->247084K(1034752K), 0.0043597 secs]
241.012: Total time for which application threads were stopped: 0.0045419 seconds, Stopping threads took: 0.0000207 seconds
241.078: [GC (Allocation Failure)  568620K->240266K(1034752K), 0.0019253 secs]
241.080: Total time for which application threads were stopped: 0.0020811 seconds, Stopping threads took: 0.0000222 seconds
241.150: [GC (Allocation Failure)  561802K->247148K(1034752K), 0.0039351 secs]
241.154: Total time for which application threads were stopped: 0.0041167 seconds, Stopping threads took: 0.0000137 seconds
241.220: [GC (Allocation Failure)  568684K->251260K(1034752K), 0.0050888 secs]
241.226: Total time for which application threads were stopped: 0.0052540 seconds, Stopping threads took: 0.0000198 seconds
241.292: [GC (Allocation Failure)  572796K->245690K(1034752K), 0.0023601 secs]
241.294: Total time for which application threads were stopped: 0.0024957 seconds, Stopping threads took: 0.0000169 seconds
241.361: [GC (Allocation Failure)  567226K->251524K(1034752K), 0.0040518 secs]
241.366: Total time for which application threads were stopped: 0.0042154 seconds, Stopping threads took: 0.0000269 seconds
241.432: [GC (Allocation Failure)  573060K->255364K(1035264K), 0.0045536 secs]
241.437: Total time for which application threads were stopped: 0.0047158 seconds, Stopping threads took: 0.0000206 seconds
241.504: [GC (Allocation Failure)  577852K->251490K(1035264K), 0.0029048 secs]
241.507: Total time for which application threads were stopped: 0.0030603 seconds, Stopping threads took: 0.0000196 seconds
241.578: [GC (Allocation Failure)  574050K->255532K(1036288K), 0.0043706 secs]
241.582: Total time for which application threads were stopped: 0.0045477 seconds, Stopping threads took: 0.0000193 seconds
241.650: [GC (Allocation Failure)  579628K->259500K(1035776K), 0.0042907 secs]
241.654: Total time for which application threads were stopped: 0.0044614 seconds, Stopping threads took: 0.0000204 seconds
241.723: [GC (Allocation Failure)  583596K->259532K(1035776K), 0.0041367 secs]
241.727: Total time for which application threads were stopped: 0.0043288 seconds, Stopping threads took: 0.0000197 seconds
241.796: [GC (Allocation Failure)  583116K->259556K(1023488K), 0.0044420 secs]
241.801: Total time for which application threads were stopped: 0.0046098 seconds, Stopping threads took: 0.0000199 seconds
241.868: [GC (Allocation Failure)  583140K->267558K(1035264K), 0.0041541 secs]
241.873: Total time for which application threads were stopped: 0.0043237 seconds, Stopping threads took: 0.0000279 seconds
241.940: [GC (Allocation Failure)  590118K->267558K(1030144K), 0.0041530 secs]
241.944: Total time for which application threads were stopped: 0.0043405 seconds, Stopping threads took: 0.0000198 seconds
242.011: [GC (Allocation Failure)  590118K->267590K(1034752K), 0.0044835 secs]
242.016: Total time for which application threads were stopped: 0.0046562 seconds, Stopping threads took: 0.0000209 seconds
242.083: [GC (Allocation Failure)  589126K->275592K(1029120K), 0.0043541 secs]
242.087: Total time for which application threads were stopped: 0.0045327 seconds, Stopping threads took: 0.0000203 seconds
242.156: [GC (Allocation Failure)  597128K->275592K(1034240K), 0.0040490 secs]
242.160: Total time for which application threads were stopped: 0.0042243 seconds, Stopping threads took: 0.0000281 seconds
242.227: [GC (Allocation Failure)  596104K->275816K(1034240K), 0.0043580 secs]
242.231: Total time for which application threads were stopped: 0.0045266 seconds, Stopping threads took: 0.0000199 seconds
242.298: [GC (Allocation Failure)  596328K->283595K(1034240K), 0.0042609 secs]
242.303: Total time for which application threads were stopped: 0.0044291 seconds, Stopping threads took: 0.0000198 seconds
242.371: [GC (Allocation Failure)  604107K->283595K(1034240K), 0.0042670 secs]
242.375: Total time for which application threads were stopped: 0.0044272 seconds, Stopping threads took: 0.0000195 seconds
242.442: [GC (Allocation Failure)  604107K->284035K(1033216K), 0.0045838 secs]
242.446: Total time for which application threads were stopped: 0.0047524 seconds, Stopping threads took: 0.0000187 seconds
242.514: [GC (Allocation Failure)  603523K->291621K(1033728K), 0.0042086 secs]
242.518: Total time for which application threads were stopped: 0.0043729 seconds, Stopping threads took: 0.0000194 seconds
242.585: [GC (Allocation Failure)  611109K->291621K(1033728K), 0.0043029 secs]
242.590: Total time for which application threads were stopped: 0.0044691 seconds, Stopping threads took: 0.0000194 seconds
242.654: [GC (Allocation Failure)  611109K->291781K(1033728K), 0.0044951 secs]
242.659: Total time for which application threads were stopped: 0.0046910 seconds, Stopping threads took: 0.0000190 seconds
242.728: [GC (Allocation Failure)  611269K->299687K(1033728K), 0.0043054 secs]
242.732: Total time for which application threads were stopped: 0.0044634 seconds, Stopping threads took: 0.0000171 seconds
242.799: [GC (Allocation Failure)  619175K->299655K(1033728K), 0.0043013 secs]
242.804: Total time for which application threads were stopped: 0.0044698 seconds, Stopping threads took: 0.0000200 seconds
242.872: [GC (Allocation Failure)  619143K->299719K(1033728K), 0.0042998 secs]
242.876: Total time for which application threads were stopped: 0.0045000 seconds, Stopping threads took: 0.0000364 seconds
242.945: [GC (Allocation Failure)  619207K->307689K(1027072K), 0.0044372 secs]
242.949: Total time for which application threads were stopped: 0.0045940 seconds, Stopping threads took: 0.0000198 seconds
243.014: [GC (Allocation Failure)  627177K->303783K(1034240K), 0.0031504 secs]
243.017: Total time for which application threads were stopped: 0.0033072 seconds, Stopping threads took: 0.0000201 seconds
243.084: [GC (Allocation Failure)  623271K->307849K(1033216K), 0.0044021 secs]
243.089: Total time for which application threads were stopped: 0.0045721 seconds, Stopping threads took: 0.0000197 seconds
243.159: [GC (Allocation Failure)  627337K->311817K(1034752K), 0.0040862 secs]
243.163: Total time for which application threads were stopped: 0.0042305 seconds, Stopping threads took: 0.0000256 seconds
243.230: [GC (Allocation Failure)  633353K->305031K(1034752K), 0.0017277 secs]
243.232: Total time for which application threads were stopped: 0.0018590 seconds, Stopping threads took: 0.0000200 seconds
243.299: [GC (Allocation Failure)  626567K->311913K(1034752K), 0.0042237 secs]
243.303: Total time for which application threads were stopped: 0.0044007 seconds, Stopping threads took: 0.0000199 seconds
243.370: [GC (Allocation Failure)  633449K->315953K(1034752K), 0.0053356 secs]
243.376: Total time for which application threads were stopped: 0.0054972 seconds, Stopping threads took: 0.0000263 seconds
243.441: [GC (Allocation Failure)  637489K->310415K(1034752K), 0.0023390 secs]
243.443: Total time for which application threads were stopped: 0.0025236 seconds, Stopping threads took: 0.0000335 seconds
243.510: [GC (Allocation Failure)  631951K->316249K(1034752K), 0.0042528 secs]
243.515: Total time for which application threads were stopped: 0.0044101 seconds, Stopping threads took: 0.0000193 seconds
243.581: [GC (Allocation Failure)  637785K->320057K(1035264K), 0.0047258 secs]
243.586: Total time for which application threads were stopped: 0.0049190 seconds, Stopping threads took: 0.0000196 seconds
243.654: [GC (Allocation Failure)  642546K->316215K(1035264K), 0.0029576 secs]
243.657: Total time for which application threads were stopped: 0.0031040 seconds, Stopping threads took: 0.0000165 seconds
243.725: [GC (Allocation Failure)  638775K->320249K(1036288K), 0.0044482 secs]
243.730: Total time for which application threads were stopped: 0.0046253 seconds, Stopping threads took: 0.0000210 seconds
243.797: [GC (Allocation Failure)  644345K->324249K(1035776K), 0.0043595 secs]
243.802: Total time for which application threads were stopped: 0.0045298 seconds, Stopping threads took: 0.0000192 seconds
243.870: [GC (Allocation Failure)  648345K->324217K(1035776K), 0.0041790 secs]
243.875: Total time for which application threads were stopped: 0.0043437 seconds, Stopping threads took: 0.0000262 seconds
243.942: [GC (Allocation Failure)  647801K->324281K(1023488K), 0.0046485 secs]
243.947: Total time for which application threads were stopped: 0.0048091 seconds, Stopping threads took: 0.0000201 seconds
244.014: [GC (Allocation Failure)  647865K->332252K(1035264K), 0.0043225 secs]
244.019: Total time for which application threads were stopped: 0.0044954 seconds, Stopping threads took: 0.0000203 seconds
244.086: [GC (Allocation Failure)  654812K->332252K(1030144K), 0.0041533 secs]
244.090: Total time for which application threads were stopped: 0.0043145 seconds, Stopping threads took: 0.0000209 seconds
244.158: [GC (Allocation Failure)  654812K->332284K(1034752K), 0.0045038 secs]
244.163: Total time for which application threads were stopped: 0.0046694 seconds, Stopping threads took: 0.0000198 seconds
244.230: [GC (Allocation Failure)  653820K->340318K(1029120K), 0.0045372 secs]
244.235: Total time for which application threads were stopped: 0.0046983 seconds, Stopping threads took: 0.0000197 seconds
244.302: [GC (Allocation Failure)  661854K->340286K(1034240K), 0.0042655 secs]
244.307: Total time for which application threads were stopped: 0.0044243 seconds, Stopping threads took: 0.0000192 seconds
244.374: [GC (Allocation Failure)  660798K->340518K(1034240K), 0.0045113 secs]
244.378: Total time for which application threads were stopped: 0.0046736 seconds, Stopping threads took: 0.0000274 seconds
244.446: [GC (Allocation Failure)  661030K->348360K(1034240K), 0.0043790 secs]
244.450: Total time for which application threads were stopped: 0.0045377 seconds, Stopping threads took: 0.0000197 seconds
244.518: [GC (Allocation Failure)  668872K->348360K(1034240K), 0.0044644 secs]
244.522: Total time for which application threads were stopped: 0.0046322 seconds, Stopping threads took: 0.0000195 seconds
244.590: [GC (Allocation Failure)  668872K->348776K(1033216K), 0.0046084 secs]
244.595: Total time for which application threads were stopped: 0.0047691 seconds, Stopping threads took: 0.0000195 seconds
244.662: [GC (Allocation Failure)  668264K->356363K(1033728K), 0.0045068 secs]
244.667: Total time for which application threads were stopped: 0.0046715 seconds, Stopping threads took: 0.0000193 seconds
244.734: [GC (Allocation Failure)  675851K->356363K(1033728K), 0.0042599 secs]
244.739: Total time for which application threads were stopped: 0.0044353 seconds, Stopping threads took: 0.0000279 seconds
244.804: [GC (Allocation Failure)  675851K->356523K(1033728K), 0.0047351 secs]
244.809: Total time for which application threads were stopped: 0.0049036 seconds, Stopping threads took: 0.0000197 seconds
244.876: [GC (Allocation Failure)  676011K->364429K(1033728K), 0.0042724 secs]
244.881: Total time for which application threads were stopped: 0.0044516 seconds, Stopping threads took: 0.0000280 seconds
244.949: [GC (Allocation Failure)  683917K->364429K(1033728K), 0.0065041 secs]
244.955: Total time for which application threads were stopped: 0.0066737 seconds, Stopping threads took: 0.0000283 seconds
245.024: [GC (Allocation Failure)  683917K->364453K(1033728K), 0.0047526 secs]
245.028: Total time for which application threads were stopped: 0.0049333 seconds, Stopping threads took: 0.0000199 seconds
245.095: [GC (Allocation Failure)  683941K->372423K(1027072K), 0.0044380 secs]
245.100: Total time for which application threads were stopped: 0.0046108 seconds, Stopping threads took: 0.0000198 seconds
245.166: [GC (Allocation Failure)  691911K->368485K(1034240K), 0.0035052 secs]
245.170: Total time for which application threads were stopped: 0.0036737 seconds, Stopping threads took: 0.0000199 seconds
245.238: [GC (Allocation Failure)  687973K->372575K(1033216K), 0.0047701 secs]
245.243: Total time for which application threads were stopped: 0.0049345 seconds, Stopping threads took: 0.0000200 seconds
245.310: [GC (Allocation Failure)  692063K->376511K(1034752K), 0.0051128 secs]
245.316: Total time for which application threads were stopped: 0.0052877 seconds, Stopping threads took: 0.0000203 seconds
245.383: [GC (Allocation Failure)  698047K->369725K(1034752K), 0.0022342 secs]
245.385: Total time for which application threads were stopped: 0.0023833 seconds, Stopping threads took: 0.0000267 seconds
245.453: [GC (Allocation Failure)  691261K->376647K(1034752K), 0.0044022 secs]
245.457: Total time for which application threads were stopped: 0.0046032 seconds, Stopping threads took: 0.0000215 seconds
245.525: [GC (Allocation Failure)  698183K->380727K(1034752K), 0.0055848 secs]
245.530: Total time for which application threads were stopped: 0.0057651 seconds, Stopping threads took: 0.0000192 seconds
245.596: [GC (Allocation Failure)  702263K->375157K(1034752K), 0.0024199 secs]
245.598: Total time for which application threads were stopped: 0.0025680 seconds, Stopping threads took: 0.0000196 seconds
245.665: [GC (Allocation Failure)  696693K->380991K(1034752K), 0.0045010 secs]
245.670: Total time for which application threads were stopped: 0.0046606 seconds, Stopping threads took: 0.0000195 seconds
245.736: [GC (Allocation Failure)  702527K->384863K(1035264K), 0.0048745 secs]
245.741: Total time for which application threads were stopped: 0.0050439 seconds, Stopping threads took: 0.0000202 seconds
245.810: [GC (Allocation Failure)  707351K->380957K(1035264K), 0.0031926 secs]
245.813: Total time for which application threads were stopped: 0.0033590 seconds, Stopping threads took: 0.0000197 seconds
245.881: [GC (Allocation Failure)  703517K->384951K(1036288K), 0.0046591 secs]
245.886: Total time for which application threads were stopped: 0.0048300 seconds, Stopping threads took: 0.0000267 seconds
245.954: [GC (Allocation Failure)  709047K->388951K(1035776K), 0.0043127 secs]
245.958: Total time for which application threads were stopped: 0.0045096 seconds, Stopping threads took: 0.0000251 seconds
246.028: [GC (Allocation Failure)  713047K->388951K(1035776K), 0.0044467 secs]
246.033: Total time for which application threads were stopped: 0.0046035 seconds, Stopping threads took: 0.0000172 seconds
246.102: [GC (Allocation Failure)  712535K->389015K(1023488K), 0.0045503 secs]
246.107: Total time for which application threads were stopped: 0.0047182 seconds, Stopping threads took: 0.0000213 seconds
246.174: [GC (Allocation Failure)  712599K->397049K(1035264K), 0.0046582 secs]
246.179: Total time for which application threads were stopped: 0.0048095 seconds, Stopping threads took: 0.0000177 seconds
246.248: [GC (Allocation Failure)  719609K->396985K(1030144K), 0.0044307 secs]
246.253: Total time for which application threads were stopped: 0.0045980 seconds, Stopping threads took: 0.0000267 seconds
246.320: [GC (Allocation Failure)  719545K->397057K(1034752K), 0.0045345 secs]
246.325: Total time for which application threads were stopped: 0.0047523 seconds, Stopping threads took: 0.0000578 seconds
246.394: [GC (Allocation Failure)  718593K->405028K(1029120K), 0.0044942 secs]
246.398: Total time for which application threads were stopped: 0.0046745 seconds, Stopping threads took: 0.0000269 seconds
246.467: [GC (Allocation Failure)  726564K->405028K(1034240K), 0.0043784 secs]
246.471: Total time for which application threads were stopped: 0.0045528 seconds, Stopping threads took: 0.0000277 seconds
246.538: [GC (Allocation Failure)  725540K->405284K(1034240K), 0.0047442 secs]
246.543: Total time for which application threads were stopped: 0.0049215 seconds, Stopping threads took: 0.0000199 seconds
246.610: [GC (Allocation Failure)  725796K->413094K(1034240K), 0.0043188 secs]
246.615: Total time for which application threads were stopped: 0.0044790 seconds, Stopping threads took: 0.0000198 seconds
246.682: [GC (Allocation Failure)  733606K->413062K(1034240K), 0.0046231 secs]
246.687: Total time for which application threads were stopped: 0.0047907 seconds, Stopping threads took: 0.0000196 seconds
246.753: [GC (Allocation Failure)  733574K->413510K(1033216K), 0.0047447 secs]
246.758: Total time for which application threads were stopped: 0.0049093 seconds, Stopping threads took: 0.0000204 seconds
246.825: [GC (Allocation Failure)  732998K->421096K(1033728K), 0.0046101 secs]
246.830: Total time for which application threads were stopped: 0.0047902 seconds, Stopping threads took: 0.0000294 seconds
246.898: [GC (Allocation Failure)  740584K->421096K(1033728K), 0.0043889 secs]
246.902: Total time for which application threads were stopped: 0.0045589 seconds, Stopping threads took: 0.0000257 seconds
246.967: [GC (Allocation Failure)  740584K->421224K(1033728K), 0.0046539 secs]
246.972: Total time for which application threads were stopped: 0.0048073 seconds, Stopping threads took: 0.0000191 seconds
247.040: [GC (Allocation Failure)  740712K->429162K(1033728K), 0.0044322 secs]
247.045: Total time for which application threads were stopped: 0.0045901 seconds, Stopping threads took: 0.0000171 seconds
247.114: [GC (Allocation Failure)  748650K->429130K(1033728K), 0.0045870 secs]
247.118: Total time for which application threads were stopped: 0.0047641 seconds, Stopping threads took: 0.0000198 seconds
247.187: [GC (Allocation Failure)  748618K->429194K(1033728K), 0.0046625 secs]
247.191: Total time for which application threads were stopped: 0.0048247 seconds, Stopping threads took: 0.0000200 seconds
247.260: [GC (Allocation Failure)  748682K->437197K(1027072K), 0.0048532 secs]
247.265: Total time for which application threads were stopped: 0.0050229 seconds, Stopping threads took: 0.0000200 seconds
247.329: [GC (Allocation Failure)  756684K->433258K(1034240K), 0.0035190 secs]
247.333: Total time for which application threads were stopped: 0.0036996 seconds, Stopping threads took: 0.0000200 seconds
247.401: [GC (Allocation Failure)  752746K->437325K(1033216K), 0.0047529 secs]
247.406: Total time for which application threads were stopped: 0.0049093 seconds, Stopping threads took: 0.0000263 seconds
247.473: [GC (Allocation Failure)  756813K->441325K(1034752K), 0.0044755 secs]
247.477: Total time for which application threads were stopped: 0.0046413 seconds, Stopping threads took: 0.0000210 seconds
247.544: [GC (Allocation Failure)  762861K->434506K(1034752K), 0.0019670 secs]
247.546: Total time for which application threads were stopped: 0.0021049 seconds, Stopping threads took: 0.0000194 seconds
247.613: [GC (Allocation Failure)  756042K->441365K(1034752K), 0.0045081 secs]
247.617: Total time for which application threads were stopped: 0.0047104 seconds, Stopping threads took: 0.0000279 seconds
247.685: [GC (Allocation Failure)  762901K->445445K(1034752K), 0.0055925 secs]
247.690: Total time for which application threads were stopped: 0.0057418 seconds, Stopping threads took: 0.0000175 seconds
247.756: [GC (Allocation Failure)  766981K->439874K(1034752K), 0.0024970 secs]
247.758: Total time for which application threads were stopped: 0.0026540 seconds, Stopping threads took: 0.0000258 seconds
247.825: [GC (Allocation Failure)  761410K->445717K(1034752K), 0.0047098 secs]
247.830: Total time for which application threads were stopped: 0.0049120 seconds, Stopping threads took: 0.0000225 seconds
247.899: [GC (Allocation Failure)  767253K->449589K(1035264K), 0.0050832 secs]
247.904: Total time for which application threads were stopped: 0.0052688 seconds, Stopping threads took: 0.0000194 seconds
247.971: [GC (Allocation Failure)  772077K->445714K(1035264K), 0.0033289 secs]
247.974: Total time for which application threads were stopped: 0.0034977 seconds, Stopping threads took: 0.0000205 seconds
248.042: [GC (Allocation Failure)  768274K->449757K(1036288K), 0.0048843 secs]
248.047: Total time for which application threads were stopped: 0.0050626 seconds, Stopping threads took: 0.0000201 seconds
248.116: [GC (Allocation Failure)  773853K->453693K(1035776K), 0.0045497 secs]
248.120: Total time for which application threads were stopped: 0.0047093 seconds, Stopping threads took: 0.0000196 seconds
248.190: [GC (Allocation Failure)  777789K->453757K(1035776K), 0.0046558 secs]
248.195: Total time for which application threads were stopped: 0.0048148 seconds, Stopping threads took: 0.0000199 seconds
248.263: [GC (Allocation Failure)  777341K->453789K(1023488K), 0.0048461 secs]
248.268: Total time for which application threads were stopped: 0.0050088 seconds, Stopping threads took: 0.0000198 seconds
248.334: [GC (Allocation Failure)  777373K->461791K(1035264K), 0.0047371 secs]
248.339: Total time for which application threads were stopped: 0.0049203 seconds, Stopping threads took: 0.0000206 seconds
248.407: [GC (Allocation Failure)  784351K->461759K(1030144K), 0.0045494 secs]
248.412: Total time for which application threads were stopped: 0.0047498 seconds, Stopping threads took: 0.0000209 seconds
248.480: [GC (Allocation Failure)  784319K->461831K(1034752K), 0.0045421 secs]
248.485: Total time for which application threads were stopped: 0.0047206 seconds, Stopping threads took: 0.0000207 seconds
248.553: [GC (Allocation Failure)  783367K->469833K(1029120K), 0.0048557 secs]
248.558: Total time for which application threads were stopped: 0.0050274 seconds, Stopping threads took: 0.0000200 seconds
248.626: [GC (Allocation Failure)  791369K->469801K(1034240K), 0.0043590 secs]
248.631: Total time for which application threads were stopped: 0.0045284 seconds, Stopping threads took: 0.0000204 seconds
248.698: [GC (Allocation Failure)  790313K->470025K(1034240K), 0.0047799 secs]
248.703: Total time for which application threads were stopped: 0.0049416 seconds, Stopping threads took: 0.0000208 seconds
248.771: [GC (Allocation Failure)  790537K->477803K(1034240K), 0.0044777 secs]
248.776: Total time for which application threads were stopped: 0.0046479 seconds, Stopping threads took: 0.0000198 seconds
248.845: [GC (Allocation Failure)  798315K->477835K(1034240K), 0.0047280 secs]
248.850: Total time for which application threads were stopped: 0.0049079 seconds, Stopping threads took: 0.0000211 seconds
248.918: [GC (Allocation Failure)  798347K->478283K(1033216K), 0.0050435 secs]
248.923: Total time for which application threads were stopped: 0.0052179 seconds, Stopping threads took: 0.0000264 seconds
248.990: [GC (Allocation Failure)  797771K->485870K(1033728K), 0.0047891 secs]
248.995: Total time for which application threads were stopped: 0.0049824 seconds, Stopping threads took: 0.0000195 seconds
249.063: [GC (Allocation Failure)  805358K->485902K(1033728K), 0.0046956 secs]
249.068: Total time for which application threads were stopped: 0.0048656 seconds, Stopping threads took: 0.0000199 seconds
249.135: [GC (Allocation Failure)  805390K->485958K(1033728K), 0.0083935 secs]
249.144: Total time for which application threads were stopped: 0.0085787 seconds, Stopping threads took: 0.0000264 seconds
249.213: [GC (Allocation Failure)  805446K->493928K(1033728K), 0.0046287 secs]
249.217: Total time for which application threads were stopped: 0.0047984 seconds, Stopping threads took: 0.0000216 seconds
249.285: [GC (Allocation Failure)  813416K->493896K(1033728K), 0.0046105 secs]
249.289: Total time for which application threads were stopped: 0.0047813 seconds, Stopping threads took: 0.0000204 seconds
249.356: [GC (Allocation Failure)  813384K->493960K(1033728K), 0.0046040 secs]
249.361: Total time for which application threads were stopped: 0.0047788 seconds, Stopping threads took: 0.0000198 seconds
249.429: [GC (Allocation Failure)  813448K->501930K(1027072K), 0.0048625 secs]
249.434: Total time for which application threads were stopped: 0.0050292 seconds, Stopping threads took: 0.0000276 seconds
249.499: [GC (Allocation Failure)  821418K->498056K(1034240K), 0.0037503 secs]
249.503: Total time for which application threads were stopped: 0.0039090 seconds, Stopping threads took: 0.0000191 seconds
249.571: [GC (Allocation Failure)  817544K->502090K(1033216K), 0.0046864 secs]
249.576: Total time for which application threads were stopped: 0.0048483 seconds, Stopping threads took: 0.0000195 seconds
249.643: [GC (Allocation Failure)  821578K->506058K(1034752K), 0.0047372 secs]
249.648: Total time for which application threads were stopped: 0.0049310 seconds, Stopping threads took: 0.0000200 seconds
249.716: [GC (Allocation Failure)  827594K->499272K(1034752K), 0.0021171 secs]
249.718: Total time for which application threads were stopped: 0.0022608 seconds, Stopping threads took: 0.0000198 seconds
249.785: [GC (Allocation Failure)  820808K->506130K(1034752K), 0.0044722 secs]
249.790: Total time for which application threads were stopped: 0.0046637 seconds, Stopping threads took: 0.0000207 seconds
249.858: [GC (Allocation Failure)  827666K->510210K(1034752K), 0.0054844 secs]
249.864: Total time for which application threads were stopped: 0.0056723 seconds, Stopping threads took: 0.0000197 seconds
249.930: [GC (Allocation Failure)  831746K->504672K(1034752K), 0.0028006 secs]
249.933: Total time for which application threads were stopped: 0.0029490 seconds, Stopping threads took: 0.0000189 seconds
250.000: [GC (Allocation Failure)  826208K->510474K(1034752K), 0.0046826 secs]
250.005: Total time for which application threads were stopped: 0.0048625 seconds, Stopping threads took: 0.0000198 seconds
250.072: [GC (Allocation Failure)  832010K->514346K(1034752K), 0.0051366 secs]
250.077: Total time for which application threads were stopped: 0.0053039 seconds, Stopping threads took: 0.0000203 seconds
250.144: [GC (Allocation Failure)  836835K->510408K(1035264K), 0.0046410 secs]
250.149: Total time for which application threads were stopped: 0.0048424 seconds, Stopping threads took: 0.0000178 seconds
250.218: [GC (Allocation Failure)  832968K->514506K(1036288K), 0.0047585 secs]
250.222: Total time for which application threads were stopped: 0.0049413 seconds, Stopping threads took: 0.0000177 seconds
250.292: [GC (Allocation Failure)  838602K->518474K(1035776K), 0.0078791 secs]
250.300: Total time for which application threads were stopped: 0.0080264 seconds, Stopping threads took: 0.0000169 seconds
250.370: [GC (Allocation Failure)  842570K->518474K(1035776K), 0.0046030 secs]
250.375: Total time for which application threads were stopped: 0.0047817 seconds, Stopping threads took: 0.0000264 seconds
250.443: [GC (Allocation Failure)  842058K->518538K(1023488K), 0.0049841 secs]
250.448: Total time for which application threads were stopped: 0.0051645 seconds, Stopping threads took: 0.0000199 seconds
250.516: [GC (Allocation Failure)  842122K->526541K(1035264K), 0.0047559 secs]
250.520: Total time for which application threads were stopped: 0.0049267 seconds, Stopping threads took: 0.0000197 seconds
250.588: [GC (Allocation Failure)  849101K->526509K(1030144K), 0.0045009 secs]
250.592: Total time for which application threads were stopped: 0.0046475 seconds, Stopping threads took: 0.0000199 seconds
250.661: [GC (Allocation Failure)  849069K->526565K(1034752K), 0.0049495 secs]
250.666: Total time for which application threads were stopped: 0.0050989 seconds, Stopping threads took: 0.0000178 seconds
250.734: [GC (Allocation Failure)  848101K->534535K(1034752K), 0.0048174 secs]
250.739: Total time for which application threads were stopped: 0.0050008 seconds, Stopping threads took: 0.0000213 seconds
250.807: [GC (Allocation Failure)  856071K->534535K(1033728K), 0.0046458 secs]
250.812: Total time for which application threads were stopped: 0.0048368 seconds, Stopping threads took: 0.0000207 seconds
250.880: [GC (Allocation Failure)  855047K->534791K(1034240K), 0.0047120 secs]
250.885: Total time for which application threads were stopped: 0.0048655 seconds, Stopping threads took: 0.0000167 seconds
250.954: [GC (Allocation Failure)  855303K->542601K(1034240K), 0.0047569 secs]
250.959: Total time for which application threads were stopped: 0.0049504 seconds, Stopping threads took: 0.0000201 seconds
251.028: [GC (Allocation Failure)  863113K->542569K(1034240K), 0.0048040 secs]
251.033: Total time for which application threads were stopped: 0.0049609 seconds, Stopping threads took: 0.0000174 seconds
251.100: [GC (Allocation Failure)  863081K->542985K(1033216K), 0.0048416 secs]
251.105: Total time for which application threads were stopped: 0.0050281 seconds, Stopping threads took: 0.0000211 seconds
251.173: [GC (Allocation Failure)  862473K->550635K(1033728K), 0.0048036 secs]
251.178: Total time for which application threads were stopped: 0.0049775 seconds, Stopping threads took: 0.0000200 seconds
251.247: [GC (Allocation Failure)  870123K->550603K(1033728K), 0.0047478 secs]
251.252: Total time for which application threads were stopped: 0.0049066 seconds, Stopping threads took: 0.0000170 seconds
251.317: [GC (Allocation Failure)  870091K->550755K(1033728K), 0.0048505 secs]
251.322: Total time for which application threads were stopped: 0.0050207 seconds, Stopping threads took: 0.0000197 seconds
251.390: [GC (Allocation Failure)  870243K->558630K(1033728K), 0.0045696 secs]
251.395: Total time for which application threads were stopped: 0.0047356 seconds, Stopping threads took: 0.0000260 seconds
251.462: [GC (Allocation Failure)  878118K->558630K(1033728K), 0.0048748 secs]
251.467: Total time for which application threads were stopped: 0.0050581 seconds, Stopping threads took: 0.0000198 seconds
251.534: [GC (Allocation Failure)  878118K->558702K(1033728K), 0.0057661 secs]
251.539: Total time for which application threads were stopped: 0.0059291 seconds, Stopping threads took: 0.0000196 seconds
251.606: [GC (Allocation Failure)  878190K->566672K(1027072K), 0.0050883 secs]
251.612: Total time for which application threads were stopped: 0.0052570 seconds, Stopping threads took: 0.0000197 seconds
251.677: [GC (Allocation Failure)  886159K->562766K(1034240K), 0.0039998 secs]
251.681: Total time for which application threads were stopped: 0.0041611 seconds, Stopping threads took: 0.0000199 seconds
251.749: [GC (Allocation Failure)  882254K->566824K(1033216K), 0.0051447 secs]
251.754: Total time for which application threads were stopped: 0.0053167 seconds, Stopping threads took: 0.0000197 seconds
251.821: [GC (Allocation Failure)  886312K->570792K(1034752K), 0.0048909 secs]
251.826: Total time for which application threads were stopped: 0.0050490 seconds, Stopping threads took: 0.0000172 seconds
251.893: [GC (Allocation Failure)  892328K->564038K(1034752K), 0.0020911 secs]
251.896: Total time for which application threads were stopped: 0.0022543 seconds, Stopping threads took: 0.0000203 seconds
251.964: [GC (Allocation Failure)  885574K->570856K(1034752K), 0.0046373 secs]
251.969: Total time for which application threads were stopped: 0.0048088 seconds, Stopping threads took: 0.0000217 seconds
252.037: [GC (Allocation Failure)  892392K->574968K(1034752K), 0.0059925 secs]
252.043: Total time for which application threads were stopped: 0.0061638 seconds, Stopping threads took: 0.0000207 seconds
252.108: [GC (Allocation Failure)  896504K->569398K(1034752K), 0.0029404 secs]
252.111: Total time for which application threads were stopped: 0.0031075 seconds, Stopping threads took: 0.0000196 seconds
252.179: [GC (Allocation Failure)  890934K->575208K(1034752K), 0.0049236 secs]
252.184: Total time for which application threads were stopped: 0.0050816 seconds, Stopping threads took: 0.0000196 seconds
252.251: [GC (Allocation Failure)  896744K->579080K(1034752K), 0.0050908 secs]
252.256: Total time for which application threads were stopped: 0.0052869 seconds, Stopping threads took: 0.0000202 seconds
252.324: [GC (Allocation Failure)  901568K->575174K(1035264K), 0.0037554 secs]
252.328: Total time for which application threads were stopped: 0.0039138 seconds, Stopping threads took: 0.0000198 seconds
252.396: [GC (Allocation Failure)  897734K->579248K(1036288K), 0.0048842 secs]
252.401: Total time for which application threads were stopped: 0.0050882 seconds, Stopping threads took: 0.0000196 seconds
252.471: [GC (Allocation Failure)  903344K->583216K(1035776K), 0.0049580 secs]
252.476: Total time for which application threads were stopped: 0.0051068 seconds, Stopping threads took: 0.0000171 seconds
252.545: [GC (Allocation Failure)  907312K->583216K(1035776K), 0.0046450 secs]
252.550: Total time for which application threads were stopped: 0.0048108 seconds, Stopping threads took: 0.0000192 seconds
252.617: [GC (Allocation Failure)  906800K->583272K(1023488K), 0.0048798 secs]
252.622: Total time for which application threads were stopped: 0.0050507 seconds, Stopping threads took: 0.0000199 seconds
252.691: [GC (Allocation Failure)  906856K->591242K(1035264K), 0.0049963 secs]
252.696: Total time for which application threads were stopped: 0.0051537 seconds, Stopping threads took: 0.0000190 seconds
252.763: [GC (Allocation Failure)  913802K->591242K(1030144K), 0.0047126 secs]
252.768: Total time for which application threads were stopped: 0.0048949 seconds, Stopping threads took: 0.0000203 seconds
252.837: [GC (Allocation Failure)  913802K->591306K(1034752K), 0.0056808 secs]
252.843: Total time for which application threads were stopped: 0.0058599 seconds, Stopping threads took: 0.0000176 seconds
252.912: [GC (Allocation Failure)  912842K->599276K(1034752K), 0.0048799 secs]
252.917: Total time for which application threads were stopped: 0.0050469 seconds, Stopping threads took: 0.0000279 seconds
252.985: [GC (Allocation Failure)  920812K->599276K(1033728K), 0.0047640 secs]
252.990: Total time for which application threads were stopped: 0.0049316 seconds, Stopping threads took: 0.0000198 seconds
253.057: [GC (Allocation Failure)  919788K->599532K(1034240K), 0.0051082 secs]
253.062: Total time for which application threads were stopped: 0.0052755 seconds, Stopping threads took: 0.0000198 seconds
253.129: [GC (Allocation Failure)  920044K->607343K(1034240K), 0.0051898 secs]
253.135: Total time for which application threads were stopped: 0.0053554 seconds, Stopping threads took: 0.0000256 seconds
253.203: [GC (Allocation Failure)  927855K->607311K(1034240K), 0.0049565 secs]
253.208: Total time for which application threads were stopped: 0.0051167 seconds, Stopping threads took: 0.0000199 seconds
253.275: [GC (Allocation Failure)  927823K->607719K(1033216K), 0.0052068 secs]
253.280: Total time for which application threads were stopped: 0.0054017 seconds, Stopping threads took: 0.0000200 seconds
253.349: [GC (Allocation Failure)  927207K->615337K(1033728K), 0.0049312 secs]
253.354: Total time for which application threads were stopped: 0.0051004 seconds, Stopping threads took: 0.0000167 seconds
253.424: [GC (Allocation Failure)  934825K->615337K(1033728K), 0.0047707 secs]
253.429: Total time for which application threads were stopped: 0.0049353 seconds, Stopping threads took: 0.0000255 seconds
253.494: [GC (Allocation Failure)  934825K->615497K(1033728K), 0.0049900 secs]
253.499: Total time for which application threads were stopped: 0.0051514 seconds, Stopping threads took: 0.0000197 seconds
253.567: [GC (Allocation Failure)  934985K->623371K(1033728K), 0.0056226 secs]
253.573: Total time for which application threads were stopped: 0.0057923 seconds, Stopping threads took: 0.0000200 seconds
253.640: [GC (Allocation Failure)  942859K->623403K(1033728K), 0.0049660 secs]
253.645: Total time for which application threads were stopped: 0.0051582 seconds, Stopping threads took: 0.0000197 seconds
253.713: [GC (Allocation Failure)  942891K->623427K(1033728K), 0.0052907 secs]
253.719: Total time for which application threads were stopped: 0.0054554 seconds, Stopping threads took: 0.0000190 seconds
253.785: [GC (Allocation Failure)  942915K->631397K(1027072K), 0.0052004 secs]
253.790: Total time for which application threads were stopped: 0.0053665 seconds, Stopping threads took: 0.0000194 seconds
253.855: [GC (Allocation Failure)  950885K->627491K(1034240K), 0.0039632 secs]
253.859: Total time for which application threads were stopped: 0.0041356 seconds, Stopping threads took: 0.0000198 seconds
253.927: [GC (Allocation Failure)  946979K->631557K(1033216K), 0.0052061 secs]
253.932: Total time for which application threads were stopped: 0.0053738 seconds, Stopping threads took: 0.0000194 seconds
254.000: [GC (Allocation Failure)  951045K->635525K(1034752K), 0.0049824 secs]
254.005: Total time for which application threads were stopped: 0.0051509 seconds, Stopping threads took: 0.0000195 seconds
254.071: [GC (Allocation Failure)  957061K->628739K(1034752K), 0.0023439 secs]
254.073: Total time for which application threads were stopped: 0.0024961 seconds, Stopping threads took: 0.0000260 seconds
254.142: [GC (Allocation Failure)  950275K->635629K(1034752K), 0.0046919 secs]
254.146: Total time for which application threads were stopped: 0.0048476 seconds, Stopping threads took: 0.0000253 seconds
254.212: [GC (Allocation Failure)  957165K->639669K(1034752K), 0.0071470 secs]
254.220: Total time for which application threads were stopped: 0.0073278 seconds, Stopping threads took: 0.0000198 seconds
254.285: [GC (Allocation Failure)  961205K->634099K(1034752K), 0.0031826 secs]
254.288: Total time for which application threads were stopped: 0.0033376 seconds, Stopping threads took: 0.0000199 seconds
254.355: [GC (Allocation Failure)  955635K->639973K(1034752K), 0.0048634 secs]
254.360: Total time for which application threads were stopped: 0.0050349 seconds, Stopping threads took: 0.0000224 seconds
254.427: [GC (Allocation Failure)  961509K->643813K(1035264K), 0.0052518 secs]
254.433: Total time for which application threads were stopped: 0.0054295 seconds, Stopping threads took: 0.0000271 seconds
254.499: [GC (Allocation Failure)  966302K->639939K(1035264K), 0.0038777 secs]
254.503: Total time for which application threads were stopped: 0.0040472 seconds, Stopping threads took: 0.0000207 seconds
254.571: [GC (Allocation Failure)  962499K->643973K(1036288K), 0.0053485 secs]
254.576: Total time for which application threads were stopped: 0.0055155 seconds, Stopping threads took: 0.0000221 seconds
254.644: [GC (Allocation Failure)  968069K->647973K(1035776K), 0.0049537 secs]
254.649: Total time for which application threads were stopped: 0.0051229 seconds, Stopping threads took: 0.0000192 seconds
254.717: [GC (Allocation Failure)  972069K->647909K(1035776K), 0.0057420 secs]
254.723: Total time for which application threads were stopped: 0.0059169 seconds, Stopping threads took: 0.0000204 seconds
254.790: [GC (Allocation Failure)  971493K->648029K(1023488K), 0.0052596 secs]
254.796: Total time for which application threads were stopped: 0.0054485 seconds, Stopping threads took: 0.0000221 seconds
254.862: [GC (Allocation Failure)  971613K->655968K(1035264K), 0.0050968 secs]
254.867: Total time for which application threads were stopped: 0.0052592 seconds, Stopping threads took: 0.0000206 seconds
254.935: [GC (Allocation Failure)  978528K->655968K(1030144K), 0.0047960 secs]
254.940: Total time for which application threads were stopped: 0.0049632 seconds, Stopping threads took: 0.0000287 seconds
255.007: [GC (Allocation Failure)  978528K->655992K(1034752K), 0.0058719 secs]
255.013: Total time for which application threads were stopped: 0.0060495 seconds, Stopping threads took: 0.0000274 seconds
255.080: [GC (Allocation Failure)  977528K->664026K(1029120K), 0.0051601 secs]
255.086: Total time for which application threads were stopped: 0.0053180 seconds, Stopping threads took: 0.0000193 seconds
255.154: [GC (Allocation Failure)  985562K->664026K(1034240K), 0.0046953 secs]
255.159: Total time for which application threads were stopped: 0.0048543 seconds, Stopping threads took: 0.0000194 seconds
255.226: [GC (Allocation Failure)  984538K->664226K(1034240K), 0.0051772 secs]
255.231: Total time for which application threads were stopped: 0.0053375 seconds, Stopping threads took: 0.0000195 seconds
255.298: [GC (Allocation Failure)  984738K->672068K(1034240K), 0.0049219 secs]
255.303: Total time for which application threads were stopped: 0.0050877 seconds, Stopping threads took: 0.0000197 seconds
255.371: [GC (Allocation Failure)  992580K->672036K(1034240K), 0.0051294 secs]
255.376: Total time for which application threads were stopped: 0.0052879 seconds, Stopping threads took: 0.0000196 seconds
255.443: [GC (Allocation Failure)  992548K->672452K(1033216K), 0.0052965 secs]
255.448: Total time for which application threads were stopped: 0.0054641 seconds, Stopping threads took: 0.0000197 seconds
255.516: [GC (Allocation Failure)  991940K->680071K(1033728K), 0.0050346 secs]
255.521: Total time for which application threads were stopped: 0.0052116 seconds, Stopping threads took: 0.0000196 seconds
255.588: [GC (Allocation Failure)  999559K->680071K(1033728K), 0.0048674 secs]
255.593: Total time for which application threads were stopped: 0.0050586 seconds, Stopping threads took: 0.0000411 seconds
255.657: [GC (Allocation Failure)  999559K->680199K(1033728K), 0.0051877 secs]
255.663: Total time for which application threads were stopped: 0.0053605 seconds, Stopping threads took: 0.0000203 seconds
255.732: [GC (Allocation Failure)  999687K->688105K(1033728K), 0.0050761 secs]
255.737: Total time for which application threads were stopped: 0.0052453 seconds, Stopping threads took: 0.0000197 seconds
255.804: [GC (Allocation Failure)  1007593K->688073K(1033728K), 0.0050706 secs]
255.810: Total time for which application threads were stopped: 0.0052321 seconds, Stopping threads took: 0.0000202 seconds
255.878: [GC (Allocation Failure)  1007561K->688169K(1033728K), 0.0050727 secs]
255.883: [Full GC (Ergonomics)  688169K->8540K(1033728K), 0.0122573 secs]
255.895: Total time for which application threads were stopped: 0.0176058 seconds, Stopping threads took: 0.0000255 seconds
255.962: [GC (Allocation Failure)  328028K->16703K(1027072K), 0.0039104 secs]
255.966: Total time for which application threads were stopped: 0.0041048 seconds, Stopping threads took: 0.0000197 seconds
256.033: [GC (Allocation Failure)  336190K->12812K(1034240K), 0.0024651 secs]
256.035: Total time for which application threads were stopped: 0.0026103 seconds, Stopping threads took: 0.0000168 seconds
256.103: [GC (Allocation Failure)  332300K->16879K(1033216K), 0.0041630 secs]
256.107: Total time for which application threads were stopped: 0.0043507 seconds, Stopping threads took: 0.0000228 seconds
256.175: [GC (Allocation Failure)  336367K->20879K(1034752K), 0.0037612 secs]
256.179: Total time for which application threads were stopped: 0.0039225 seconds, Stopping threads took: 0.0000200 seconds
256.246: [GC (Allocation Failure)  342415K->14060K(1034752K), 0.0009521 secs]
256.247: Total time for which application threads were stopped: 0.0010767 seconds, Stopping threads took: 0.0000208 seconds
256.317: [GC (Allocation Failure)  335596K->20911K(1034752K), 0.0035897 secs]
256.320: Total time for which application threads were stopped: 0.0037400 seconds, Stopping threads took: 0.0000168 seconds
256.387: [GC (Allocation Failure)  342447K->24959K(1034752K), 0.0046259 secs]
256.391: Total time for which application threads were stopped: 0.0047965 seconds, Stopping threads took: 0.0000288 seconds
256.457: [GC (Allocation Failure)  346495K->19452K(1034752K), 0.0015626 secs]
256.459: Total time for which application threads were stopped: 0.0016948 seconds, Stopping threads took: 0.0000204 seconds
256.528: [GC (Allocation Failure)  340988K->25263K(1034752K), 0.0038898 secs]
256.532: Total time for which application threads were stopped: 0.0041008 seconds, Stopping threads took: 0.0000280 seconds
256.599: [GC (Allocation Failure)  346799K->29167K(1034752K), 0.0042582 secs]
256.603: Total time for which application threads were stopped: 0.0044347 seconds, Stopping threads took: 0.0000212 seconds
256.670: [GC (Allocation Failure)  351655K->25228K(1035264K), 0.0023155 secs]
256.672: Total time for which application threads were stopped: 0.0024830 seconds, Stopping threads took: 0.0000287 seconds
256.740: [GC (Allocation Failure)  347788K->29287K(1036288K), 0.0039585 secs]
256.744: Total time for which application threads were stopped: 0.0041369 seconds, Stopping threads took: 0.0000210 seconds
256.814: [GC (Allocation Failure)  353383K->33255K(1035776K), 0.0038757 secs]
256.818: Total time for which application threads were stopped: 0.0040332 seconds, Stopping threads took: 0.0000175 seconds
256.888: [GC (Allocation Failure)  357351K->33255K(1035776K), 0.0035509 secs]
256.891: Total time for which application threads were stopped: 0.0037243 seconds, Stopping threads took: 0.0000269 seconds
256.958: [GC (Allocation Failure)  356839K->33319K(1023488K), 0.0038121 secs]
256.962: Total time for which application threads were stopped: 0.0039676 seconds, Stopping threads took: 0.0000197 seconds
257.031: [GC (Allocation Failure)  356903K->41321K(1035264K), 0.0039278 secs]
257.035: Total time for which application threads were stopped: 0.0040941 seconds, Stopping threads took: 0.0000193 seconds
257.103: [GC (Allocation Failure)  363881K->41289K(1030144K), 0.0035558 secs]
257.107: Total time for which application threads were stopped: 0.0037162 seconds, Stopping threads took: 0.0000202 seconds
257.175: [GC (Allocation Failure)  363849K->41353K(1034752K), 0.0038524 secs]
257.179: Total time for which application threads were stopped: 0.0041573 seconds, Stopping threads took: 0.0000199 seconds
257.248: [GC (Allocation Failure)  362889K->49355K(1029120K), 0.0039852 secs]
257.252: Total time for which application threads were stopped: 0.0041415 seconds, Stopping threads took: 0.0000193 seconds
257.320: [GC (Allocation Failure)  370891K->49355K(1034240K), 0.0035003 secs]
257.324: Total time for which application threads were stopped: 0.0036853 seconds, Stopping threads took: 0.0000276 seconds
257.391: [GC (Allocation Failure)  369867K->49571K(1034240K), 0.0041492 secs]
257.396: Total time for which application threads were stopped: 0.0043181 seconds, Stopping threads took: 0.0000198 seconds
257.463: [GC (Allocation Failure)  370083K->57349K(1034240K), 0.0036394 secs]
257.467: Total time for which application threads were stopped: 0.0038222 seconds, Stopping threads took: 0.0000195 seconds
257.537: [GC (Allocation Failure)  377861K->57349K(1034240K), 0.0039922 secs]
257.541: Total time for which application threads were stopped: 0.0041612 seconds, Stopping threads took: 0.0000201 seconds
257.609: [GC (Allocation Failure)  377861K->57765K(1033216K), 0.0039774 secs]
257.613: Total time for which application threads were stopped: 0.0041447 seconds, Stopping threads took: 0.0000221 seconds
257.680: [GC (Allocation Failure)  377253K->65384K(1033728K), 0.0039104 secs]
257.684: Total time for which application threads were stopped: 0.0040820 seconds, Stopping threads took: 0.0000199 seconds
257.754: [GC (Allocation Failure)  384872K->65416K(1033728K), 0.0038861 secs]
257.758: Total time for which application threads were stopped: 0.0040717 seconds, Stopping threads took: 0.0000215 seconds
257.823: [GC (Allocation Failure)  384904K->65512K(1033728K), 0.0037805 secs]
257.827: Total time for which application threads were stopped: 0.0039507 seconds, Stopping threads took: 0.0000197 seconds
257.894: [GC (Allocation Failure)  385000K->73450K(1033728K), 0.0036353 secs]
257.898: Total time for which application threads were stopped: 0.0038165 seconds, Stopping threads took: 0.0000279 seconds
257.967: [GC (Allocation Failure)  392938K->73418K(1033728K), 0.0038116 secs]
257.971: Total time for which application threads were stopped: 0.0039842 seconds, Stopping threads took: 0.0000199 seconds
258.038: [GC (Allocation Failure)  392906K->73482K(1033728K), 0.0041525 secs]
258.042: Total time for which application threads were stopped: 0.0043259 seconds, Stopping threads took: 0.0000204 seconds
258.110: [GC (Allocation Failure)  392970K->81452K(1027072K), 0.0038622 secs]
258.114: Total time for which application threads were stopped: 0.0040317 seconds, Stopping threads took: 0.0000202 seconds
258.180: [GC (Allocation Failure)  400940K->77546K(1034240K), 0.0027139 secs]
258.183: Total time for which application threads were stopped: 0.0028673 seconds, Stopping threads took: 0.0000194 seconds
258.250: [GC (Allocation Failure)  397034K->81612K(1033216K), 0.0042187 secs]
258.254: Total time for which application threads were stopped: 0.0044134 seconds, Stopping threads took: 0.0000225 seconds
258.324: [GC (Allocation Failure)  401100K->85580K(1034752K), 0.0040680 secs]
258.328: Total time for which application threads were stopped: 0.0042372 seconds, Stopping threads took: 0.0000197 seconds
258.395: [GC (Allocation Failure)  407116K->78794K(1034752K), 0.0011183 secs]
258.396: Total time for which application threads were stopped: 0.0012397 seconds, Stopping threads took: 0.0000266 seconds
258.464: [GC (Allocation Failure)  400330K->85684K(1034752K), 0.0037473 secs]
258.468: Total time for which application threads were stopped: 0.0039035 seconds, Stopping threads took: 0.0000196 seconds
258.534: [GC (Allocation Failure)  407220K->89764K(1034752K), 0.0049241 secs]
258.540: Total time for which application threads were stopped: 0.0051135 seconds, Stopping threads took: 0.0000200 seconds
258.606: [GC (Allocation Failure)  411300K->84194K(1034752K), 0.0019740 secs]
258.608: Total time for which application threads were stopped: 0.0021156 seconds, Stopping threads took: 0.0000201 seconds
258.675: [GC (Allocation Failure)  405730K->90028K(1034752K), 0.0039632 secs]
258.679: Total time for which application threads were stopped: 0.0041472 seconds, Stopping threads took: 0.0000205 seconds
258.748: [GC (Allocation Failure)  411564K->93868K(1035264K), 0.0041426 secs]
258.752: Total time for which application threads were stopped: 0.0043186 seconds, Stopping threads took: 0.0000410 seconds
258.819: [GC (Allocation Failure)  416356K->89962K(1035264K), 0.0026275 secs]
258.822: Total time for which application threads were stopped: 0.0028035 seconds, Stopping threads took: 0.0000204 seconds
258.890: [GC (Allocation Failure)  412522K->94028K(1036288K), 0.0042647 secs]
258.895: Total time for which application threads were stopped: 0.0044431 seconds, Stopping threads took: 0.0000266 seconds
258.964: [GC (Allocation Failure)  418124K->97996K(1035776K), 0.0039113 secs]
258.968: Total time for which application threads were stopped: 0.0040749 seconds, Stopping threads took: 0.0000201 seconds
259.039: [GC (Allocation Failure)  422092K->98028K(1035776K), 0.0038079 secs]
259.043: Total time for which application threads were stopped: 0.0040031 seconds, Stopping threads took: 0.0000209 seconds
259.112: [GC (Allocation Failure)  421612K->98052K(1023488K), 0.0048648 secs]
259.117: Total time for which application threads were stopped: 0.0050473 seconds, Stopping threads took: 0.0000175 seconds
259.185: [GC (Allocation Failure)  421636K->106022K(1035264K), 0.0049006 secs]
259.190: Total time for which application threads were stopped: 0.0050607 seconds, Stopping threads took: 0.0000262 seconds
259.257: [GC (Allocation Failure)  428582K->106022K(1030144K), 0.0038965 secs]
259.261: Total time for which application threads were stopped: 0.0040673 seconds, Stopping threads took: 0.0000199 seconds
259.328: [GC (Allocation Failure)  428582K->106086K(1034752K), 0.0040721 secs]
259.333: Total time for which application threads were stopped: 0.0042512 seconds, Stopping threads took: 0.0000205 seconds
259.402: [GC (Allocation Failure)  427622K->114089K(1029120K), 0.0039916 secs]
259.406: Total time for which application threads were stopped: 0.0041616 seconds, Stopping threads took: 0.0000280 seconds
259.474: [GC (Allocation Failure)  435625K->114057K(1034240K), 0.0037389 secs]
259.478: Total time for which application threads were stopped: 0.0039003 seconds, Stopping threads took: 0.0000202 seconds
259.545: [GC (Allocation Failure)  434569K->114313K(1034240K), 0.0041525 secs]
259.549: Total time for which application threads were stopped: 0.0043122 seconds, Stopping threads took: 0.0000197 seconds
259.616: [GC (Allocation Failure)  434825K->122059K(1034240K), 0.0039513 secs]
259.620: Total time for which application threads were stopped: 0.0041343 seconds, Stopping threads took: 0.0000253 seconds
259.688: [GC (Allocation Failure)  442571K->122091K(1034240K), 0.0040963 secs]
259.692: Total time for which application threads were stopped: 0.0042684 seconds, Stopping threads took: 0.0000203 seconds
259.761: [GC (Allocation Failure)  442603K->122531K(1033216K), 0.0040740 secs]
259.765: Total time for which application threads were stopped: 0.0042611 seconds, Stopping threads took: 0.0000207 seconds
259.834: [GC (Allocation Failure)  442019K->130117K(1033728K), 0.0039478 secs]
259.838: Total time for which application threads were stopped: 0.0041101 seconds, Stopping threads took: 0.0000197 seconds
259.906: [GC (Allocation Failure)  449605K->130149K(1033728K), 0.0039486 secs]
259.910: Total time for which application threads were stopped: 0.0041205 seconds, Stopping threads took: 0.0000260 seconds
259.975: [GC (Allocation Failure)  449637K->130277K(1033728K), 0.0043498 secs]
259.979: Total time for which application threads were stopped: 0.0045450 seconds, Stopping threads took: 0.0000199 seconds
260.048: [GC (Allocation Failure)  449765K->138183K(1033728K), 0.0047796 secs]
260.053: Total time for which application threads were stopped: 0.0049382 seconds, Stopping threads took: 0.0000166 seconds
260.119: [GC (Allocation Failure)  457671K->138151K(1033728K), 0.0039556 secs]
260.123: Total time for which application threads were stopped: 0.0041442 seconds, Stopping threads took: 0.0000227 seconds
260.192: [GC (Allocation Failure)  457639K->138215K(1033728K), 0.0040029 secs]
260.196: Total time for which application threads were stopped: 0.0041757 seconds, Stopping threads took: 0.0000197 seconds
260.265: [GC (Allocation Failure)  457703K->146154K(1027072K), 0.0039883 secs]
260.269: Total time for which application threads were stopped: 0.0041829 seconds, Stopping threads took: 0.0000205 seconds
260.336: [GC (Allocation Failure)  465641K->142279K(1034240K), 0.0029058 secs]
260.339: Total time for which application threads were stopped: 0.0030771 seconds, Stopping threads took: 0.0000197 seconds
260.407: [GC (Allocation Failure)  461767K->146314K(1033216K), 0.0041472 secs]
260.411: Total time for which application threads were stopped: 0.0043309 seconds, Stopping threads took: 0.0000281 seconds
260.479: [GC (Allocation Failure)  465802K->150346K(1034752K), 0.0040428 secs]
260.483: Total time for which application threads were stopped: 0.0042129 seconds, Stopping threads took: 0.0000192 seconds
260.550: [GC (Allocation Failure)  471882K->143559K(1034752K), 0.0012650 secs]
260.551: Total time for which application threads were stopped: 0.0013898 seconds, Stopping threads took: 0.0000193 seconds
260.620: [GC (Allocation Failure)  465095K->150410K(1034752K), 0.0037920 secs]
260.624: Total time for which application threads were stopped: 0.0039827 seconds, Stopping threads took: 0.0000190 seconds
260.693: [GC (Allocation Failure)  471946K->154458K(1034752K), 0.0049815 secs]
260.698: Total time for which application threads were stopped: 0.0051314 seconds, Stopping threads took: 0.0000171 seconds
260.763: [GC (Allocation Failure)  475994K->148919K(1034752K), 0.0019997 secs]
260.765: Total time for which application threads were stopped: 0.0021416 seconds, Stopping threads took: 0.0000195 seconds
260.833: [GC (Allocation Failure)  470455K->154762K(1034752K), 0.0039641 secs]
260.837: Total time for which application threads were stopped: 0.0041483 seconds, Stopping threads took: 0.0000214 seconds
260.906: [GC (Allocation Failure)  476298K->158634K(1035264K), 0.0044718 secs]
260.911: Total time for which application threads were stopped: 0.0046442 seconds, Stopping threads took: 0.0000199 seconds
260.977: [GC (Allocation Failure)  481122K->154695K(1035264K), 0.0029570 secs]
260.980: Total time for which application threads were stopped: 0.0031078 seconds, Stopping threads took: 0.0000193 seconds
261.050: [GC (Allocation Failure)  477255K->158754K(1036288K), 0.0054162 secs]
261.055: Total time for which application threads were stopped: 0.0055842 seconds, Stopping threads took: 0.0000175 seconds
261.124: [GC (Allocation Failure)  482850K->162722K(1035776K), 0.0094083 secs]
261.133: Total time for which application threads were stopped: 0.0095926 seconds, Stopping threads took: 0.0000226 seconds
261.204: [GC (Allocation Failure)  486818K->162690K(1035776K), 0.0040124 secs]
261.208: Total time for which application threads were stopped: 0.0042021 seconds, Stopping threads took: 0.0000199 seconds
261.277: [GC (Allocation Failure)  486274K->162786K(1023488K), 0.0043366 secs]
261.281: Total time for which application threads were stopped: 0.0045004 seconds, Stopping threads took: 0.0000197 seconds
261.348: [GC (Allocation Failure)  486370K->170788K(1035264K), 0.0041042 secs]
261.352: Total time for which application threads were stopped: 0.0042773 seconds, Stopping threads took: 0.0000205 seconds
261.420: [GC (Allocation Failure)  493348K->170756K(1030144K), 0.0037516 secs]
261.424: Total time for which application threads were stopped: 0.0039230 seconds, Stopping threads took: 0.0000267 seconds
261.492: [GC (Allocation Failure)  493316K->170812K(1034752K), 0.0042659 secs]
261.497: Total time for which application threads were stopped: 0.0044237 seconds, Stopping threads took: 0.0000180 seconds
261.565: [GC (Allocation Failure)  492348K->178814K(1029120K), 0.0041265 secs]
261.569: Total time for which application threads were stopped: 0.0043203 seconds, Stopping threads took: 0.0000196 seconds
261.639: [GC (Allocation Failure)  500350K->178782K(1034240K), 0.0038866 secs]
261.643: Total time for which application threads were stopped: 0.0040667 seconds, Stopping threads took: 0.0000169 seconds
261.712: [GC (Allocation Failure)  499294K->179046K(1034240K), 0.0044139 secs]
261.716: Total time for which application threads were stopped: 0.0046084 seconds, Stopping threads took: 0.0000195 seconds
261.785: [GC (Allocation Failure)  499558K->186825K(1034240K), 0.0040759 secs]
261.790: Total time for which application threads were stopped: 0.0042342 seconds, Stopping threads took: 0.0000172 seconds
261.857: [GC (Allocation Failure)  507337K->186825K(1034240K), 0.0040856 secs]
261.861: Total time for which application threads were stopped: 0.0042823 seconds, Stopping threads took: 0.0000207 seconds
261.930: [GC (Allocation Failure)  507337K->187273K(1033216K), 0.0042492 secs]
261.935: Total time for which application threads were stopped: 0.0044284 seconds, Stopping threads took: 0.0000204 seconds
262.003: [GC (Allocation Failure)  506761K->194859K(1033728K), 0.0041899 secs]
262.007: Total time for which application threads were stopped: 0.0043596 seconds, Stopping threads took: 0.0000205 seconds
262.075: [GC (Allocation Failure)  514347K->194891K(1033728K), 0.0039734 secs]
262.079: Total time for which application threads were stopped: 0.0041530 seconds, Stopping threads took: 0.0000204 seconds
262.145: [GC (Allocation Failure)  514379K->194947K(1033728K), 0.0048084 secs]
262.150: Total time for which application threads were stopped: 0.0049640 seconds, Stopping threads took: 0.0000254 seconds
262.219: [GC (Allocation Failure)  514435K->202917K(1033728K), 0.0040011 secs]
262.223: Total time for which application threads were stopped: 0.0041829 seconds, Stopping threads took: 0.0000166 seconds
262.293: [GC (Allocation Failure)  522405K->202853K(1033728K), 0.0040544 secs]
262.297: Total time for which application threads were stopped: 0.0042012 seconds, Stopping threads took: 0.0000166 seconds
262.364: [GC (Allocation Failure)  522341K->202949K(1033728K), 0.0042924 secs]
262.368: Total time for which application threads were stopped: 0.0044846 seconds, Stopping threads took: 0.0000198 seconds
262.436: [GC (Allocation Failure)  522437K->210951K(1027072K), 0.0040856 secs]
262.440: Total time for which application threads were stopped: 0.0042580 seconds, Stopping threads took: 0.0000275 seconds
262.505: [GC (Allocation Failure)  530439K->207013K(1034240K), 0.0031491 secs]
262.509: Total time for which application threads were stopped: 0.0033251 seconds, Stopping threads took: 0.0000223 seconds
262.578: [GC (Allocation Failure)  526501K->211079K(1033216K), 0.0042814 secs]
262.583: Total time for which application threads were stopped: 0.0044632 seconds, Stopping threads took: 0.0000197 seconds
262.650: [GC (Allocation Failure)  530567K->215047K(1034752K), 0.0041372 secs]
262.654: Total time for which application threads were stopped: 0.0043180 seconds, Stopping threads took: 0.0000200 seconds
262.721: [GC (Allocation Failure)  536583K->208293K(1034752K), 0.0015253 secs]
262.723: Total time for which application threads were stopped: 0.0016817 seconds, Stopping threads took: 0.0000254 seconds
262.791: [GC (Allocation Failure)  529829K->215151K(1034752K), 0.0041291 secs]
262.795: Total time for which application threads were stopped: 0.0043134 seconds, Stopping threads took: 0.0000203 seconds
262.863: [GC (Allocation Failure)  536687K->219231K(1034752K), 0.0052030 secs]
262.868: Total time for which application threads were stopped: 0.0053745 seconds, Stopping threads took: 0.0000204 seconds
262.934: [GC (Allocation Failure)  540767K->213693K(1034752K), 0.0020224 secs]
262.936: Total time for which application threads were stopped: 0.0021817 seconds, Stopping threads took: 0.0000282 seconds
263.003: [GC (Allocation Failure)  535229K->219439K(1034752K), 0.0042827 secs]
263.008: Total time for which application threads were stopped: 0.0044699 seconds, Stopping threads took: 0.0000230 seconds
263.075: [GC (Allocation Failure)  540975K->223343K(1034752K), 0.0046988 secs]
263.080: Total time for which application threads were stopped: 0.0048786 seconds, Stopping threads took: 0.0000194 seconds
263.148: [GC (Allocation Failure)  545832K->219437K(1035264K), 0.0046530 secs]
263.153: Total time for which application threads were stopped: 0.0048035 seconds, Stopping threads took: 0.0000257 seconds
263.222: [GC (Allocation Failure)  541997K->223503K(1036288K), 0.0043161 secs]
263.226: Total time for which application threads were stopped: 0.0044853 seconds, Stopping threads took: 0.0000196 seconds
263.293: [GC (Allocation Failure)  547599K->227471K(1035776K), 0.0042376 secs]
263.298: Total time for which application threads were stopped: 0.0043943 seconds, Stopping threads took: 0.0000197 seconds
263.366: [GC (Allocation Failure)  551567K->227471K(1035776K), 0.0039389 secs]
263.370: Total time for which application threads were stopped: 0.0040988 seconds, Stopping threads took: 0.0000198 seconds
263.437: [GC (Allocation Failure)  551055K->227535K(1023488K), 0.0041990 secs]
263.442: Total time for which application threads were stopped: 0.0043715 seconds, Stopping threads took: 0.0000268 seconds
263.508: [GC (Allocation Failure)  551119K->235506K(1035264K), 0.0043706 secs]
263.512: Total time for which application threads were stopped: 0.0045289 seconds, Stopping threads took: 0.0000198 seconds
263.581: [GC (Allocation Failure)  558066K->235506K(1030144K), 0.0040905 secs]
263.585: Total time for which application threads were stopped: 0.0042570 seconds, Stopping threads took: 0.0000193 seconds
263.653: [GC (Allocation Failure)  558066K->235578K(1034752K), 0.0043779 secs]
263.657: Total time for which application threads were stopped: 0.0045420 seconds, Stopping threads took: 0.0000200 seconds
263.724: [GC (Allocation Failure)  557114K->243580K(1034752K), 0.0042117 secs]
263.729: Total time for which application threads were stopped: 0.0043725 seconds, Stopping threads took: 0.0000197 seconds
263.796: [GC (Allocation Failure)  565116K->243548K(1033728K), 0.0039105 secs]
263.800: Total time for which application threads were stopped: 0.0040782 seconds, Stopping threads took: 0.0000187 seconds
263.869: [GC (Allocation Failure)  564060K->243772K(1034240K), 0.0042366 secs]
263.873: Total time for which application threads were stopped: 0.0043886 seconds, Stopping threads took: 0.0000177 seconds
263.941: [GC (Allocation Failure)  564284K->251582K(1034240K), 0.0039466 secs]
263.945: Total time for which application threads were stopped: 0.0041260 seconds, Stopping threads took: 0.0000283 seconds
264.012: [GC (Allocation Failure)  572094K->251582K(1034240K), 0.0042539 secs]
264.017: Total time for which application threads were stopped: 0.0044160 seconds, Stopping threads took: 0.0000199 seconds
264.083: [GC (Allocation Failure)  572094K->252038K(1033216K), 0.0042354 secs]
264.088: Total time for which application threads were stopped: 0.0044234 seconds, Stopping threads took: 0.0000194 seconds
264.156: [GC (Allocation Failure)  571526K->259624K(1033728K), 0.0041163 secs]
264.160: Total time for which application threads were stopped: 0.0042722 seconds, Stopping threads took: 0.0000171 seconds
264.230: [GC (Allocation Failure)  579112K->259624K(1033728K), 0.0042730 secs]
264.234: Total time for which application threads were stopped: 0.0044321 seconds, Stopping threads took: 0.0000192 seconds
264.299: [GC (Allocation Failure)  579112K->259752K(1033728K), 0.0044619 secs]
264.304: Total time for which application threads were stopped: 0.0046613 seconds, Stopping threads took: 0.0000220 seconds
264.372: [GC (Allocation Failure)  579240K->267723K(1033728K), 0.0042298 secs]
264.376: Total time for which application threads were stopped: 0.0044214 seconds, Stopping threads took: 0.0000199 seconds
264.444: [GC (Allocation Failure)  587211K->267691K(1033728K), 0.0042982 secs]
264.449: Total time for which application threads were stopped: 0.0044643 seconds, Stopping threads took: 0.0000197 seconds
264.515: [GC (Allocation Failure)  587179K->267723K(1033728K), 0.0045188 secs]
264.520: Total time for which application threads were stopped: 0.0046923 seconds, Stopping threads took: 0.0000191 seconds
264.588: [GC (Allocation Failure)  587211K->275693K(1027072K), 0.0044632 secs]
264.592: Total time for which application threads were stopped: 0.0046219 seconds, Stopping threads took: 0.0000171 seconds
264.657: [GC (Allocation Failure)  595180K->271819K(1034240K), 0.0032922 secs]
264.660: Total time for which application threads were stopped: 0.0034894 seconds, Stopping threads took: 0.0000203 seconds
264.729: [GC (Allocation Failure)  591307K->275845K(1033216K), 0.0046105 secs]
264.734: Total time for which application threads were stopped: 0.0047929 seconds, Stopping threads took: 0.0000164 seconds
264.803: [GC (Allocation Failure)  595333K->279813K(1034752K), 0.0042560 secs]
264.807: Total time for which application threads were stopped: 0.0044332 seconds, Stopping threads took: 0.0000281 seconds
264.874: [GC (Allocation Failure)  601349K->273027K(1034752K), 0.0016877 secs]
264.876: Total time for which application threads were stopped: 0.0018174 seconds, Stopping threads took: 0.0000197 seconds
264.944: [GC (Allocation Failure)  594563K->279909K(1034752K), 0.0041871 secs]
264.948: Total time for which application threads were stopped: 0.0043876 seconds, Stopping threads took: 0.0000474 seconds
265.014: [GC (Allocation Failure)  601445K->283957K(1034752K), 0.0066719 secs]
265.021: Total time for which application threads were stopped: 0.0068439 seconds, Stopping threads took: 0.0000205 seconds
265.087: [GC (Allocation Failure)  605493K->278419K(1034752K), 0.0023766 secs]
265.089: Total time for which application threads were stopped: 0.0025388 seconds, Stopping threads took: 0.0000196 seconds
265.159: [GC (Allocation Failure)  599955K->284261K(1034752K), 0.0043653 secs]
265.163: Total time for which application threads were stopped: 0.0045164 seconds, Stopping threads took: 0.0000180 seconds
265.230: [GC (Allocation Failure)  605797K->288133K(1035264K), 0.0047411 secs]
265.235: Total time for which application threads were stopped: 0.0049114 seconds, Stopping threads took: 0.0000206 seconds
265.301: [GC (Allocation Failure)  610621K->284195K(1035264K), 0.0030832 secs]
265.305: Total time for which application threads were stopped: 0.0032529 seconds, Stopping threads took: 0.0000209 seconds
265.372: [GC (Allocation Failure)  606755K->288229K(1036288K), 0.0044885 secs]
265.377: Total time for which application threads were stopped: 0.0046488 seconds, Stopping threads took: 0.0000202 seconds
265.445: [GC (Allocation Failure)  612325K->292229K(1035776K), 0.0042580 secs]
265.450: Total time for which application threads were stopped: 0.0044409 seconds, Stopping threads took: 0.0000258 seconds
265.520: [GC (Allocation Failure)  616325K->292261K(1035776K), 0.0043056 secs]
265.524: Total time for which application threads were stopped: 0.0044748 seconds, Stopping threads took: 0.0000169 seconds
265.591: [GC (Allocation Failure)  615845K->292293K(1023488K), 0.0044757 secs]
265.596: Total time for which application threads were stopped: 0.0046838 seconds, Stopping threads took: 0.0000196 seconds
265.664: [GC (Allocation Failure)  615877K->300327K(1035264K), 0.0043763 secs]
265.669: Total time for which application threads were stopped: 0.0045371 seconds, Stopping threads took: 0.0000170 seconds
265.736: [GC (Allocation Failure)  622887K->300263K(1030144K), 0.0043154 secs]
265.741: Total time for which application threads were stopped: 0.0044791 seconds, Stopping threads took: 0.0000205 seconds
265.808: [GC (Allocation Failure)  622823K->300327K(1034752K), 0.0043262 secs]
265.813: Total time for which application threads were stopped: 0.0045008 seconds, Stopping threads took: 0.0000210 seconds
265.880: [GC (Allocation Failure)  621863K->308329K(1029120K), 0.0044939 secs]
265.885: Total time for which application threads were stopped: 0.0046616 seconds, Stopping threads took: 0.0000217 seconds
265.955: [GC (Allocation Failure)  629865K->308297K(1034240K), 0.0042060 secs]
265.960: Total time for which application threads were stopped: 0.0043679 seconds, Stopping threads took: 0.0000198 seconds
266.029: [GC (Allocation Failure)  628809K->308545K(1034240K), 0.0045193 secs]
266.033: Total time for which application threads were stopped: 0.0046787 seconds, Stopping threads took: 0.0000196 seconds
266.100: [GC (Allocation Failure)  629057K->316324K(1034240K), 0.0041079 secs]
266.105: Total time for which application threads were stopped: 0.0043008 seconds, Stopping threads took: 0.0000199 seconds
266.176: [GC (Allocation Failure)  636836K->316324K(1034240K), 0.0044446 secs]
266.180: Total time for which application threads were stopped: 0.0046033 seconds, Stopping threads took: 0.0000177 seconds
266.247: [GC (Allocation Failure)  636836K->316772K(1033216K), 0.0046974 secs]
266.252: Total time for which application threads were stopped: 0.0048702 seconds, Stopping threads took: 0.0000204 seconds
266.320: [GC (Allocation Failure)  636260K->324358K(1033728K), 0.0050560 secs]
266.325: Total time for which application threads were stopped: 0.0052259 seconds, Stopping threads took: 0.0000213 seconds
266.393: [GC (Allocation Failure)  643846K->324358K(1033728K), 0.0041923 secs]
266.397: Total time for which application threads were stopped: 0.0043624 seconds, Stopping threads took: 0.0000267 seconds
266.464: [GC (Allocation Failure)  643846K->324446K(1033728K), 0.0051013 secs]
266.469: Total time for which application threads were stopped: 0.0053091 seconds, Stopping threads took: 0.0000206 seconds
266.537: [GC (Allocation Failure)  643934K->332384K(1033728K), 0.0042393 secs]
266.541: Total time for which application threads were stopped: 0.0044317 seconds, Stopping threads took: 0.0000199 seconds
266.610: [GC (Allocation Failure)  651872K->332416K(1033728K), 0.0043477 secs]
266.614: Total time for which application threads were stopped: 0.0045223 seconds, Stopping threads took: 0.0000196 seconds
266.682: [GC (Allocation Failure)  651904K->332456K(1033728K), 0.0044738 secs]
266.687: Total time for which application threads were stopped: 0.0046258 seconds, Stopping threads took: 0.0000157 seconds
266.753: [GC (Allocation Failure)  651944K->340459K(1027072K), 0.0043578 secs]
266.758: Total time for which application threads were stopped: 0.0045328 seconds, Stopping threads took: 0.0000262 seconds
266.823: [GC (Allocation Failure)  659946K->336520K(1034240K), 0.0033729 secs]
266.826: Total time for which application threads were stopped: 0.0035438 seconds, Stopping threads took: 0.0000206 seconds
266.895: [GC (Allocation Failure)  656008K->340587K(1033216K), 0.0043992 secs]
266.900: Total time for which application threads were stopped: 0.0045577 seconds, Stopping threads took: 0.0000254 seconds
266.968: [GC (Allocation Failure)  660075K->344555K(1034752K), 0.0043517 secs]
266.973: Total time for which application threads were stopped: 0.0045200 seconds, Stopping threads took: 0.0000264 seconds
267.039: [GC (Allocation Failure)  666091K->337800K(1034752K), 0.0017965 secs]
267.041: Total time for which application threads were stopped: 0.0019468 seconds, Stopping threads took: 0.0000200 seconds
267.110: [GC (Allocation Failure)  659336K->344595K(1034752K), 0.0042126 secs]
267.115: Total time for which application threads were stopped: 0.0043882 seconds, Stopping threads took: 0.0000228 seconds
267.182: [GC (Allocation Failure)  666131K->348699K(1034752K), 0.0052783 secs]
267.187: Total time for which application threads were stopped: 0.0054387 seconds, Stopping threads took: 0.0000200 seconds
267.253: [GC (Allocation Failure)  670235K->343160K(1034752K), 0.0024740 secs]
267.256: Total time for which application threads were stopped: 0.0026457 seconds, Stopping threads took: 0.0000204 seconds
267.323: [GC (Allocation Failure)  664696K->349003K(1034752K), 0.0044573 secs]
267.328: Total time for which application threads were stopped: 0.0046459 seconds, Stopping threads took: 0.0000214 seconds
267.395: [GC (Allocation Failure)  670539K->352843K(1034752K), 0.0045765 secs]
267.400: Total time for which application threads were stopped: 0.0047348 seconds, Stopping threads took: 0.0000275 seconds
267.467: [GC (Allocation Failure)  675331K->348904K(1035264K), 0.0046520 secs]
267.472: Total time for which application threads were stopped: 0.0048185 seconds, Stopping threads took: 0.0000223 seconds
267.540: [GC (Allocation Failure)  671464K->352971K(1036288K), 0.0045993 secs]
267.545: Total time for which application threads were stopped: 0.0047698 seconds, Stopping threads took: 0.0000207 seconds
267.613: [GC (Allocation Failure)  677067K->356971K(1035776K), 0.0044621 secs]
267.617: Total time for which application threads were stopped: 0.0046372 seconds, Stopping threads took: 0.0000202 seconds
267.686: [GC (Allocation Failure)  681067K->356971K(1035776K), 0.0045181 secs]
267.691: Total time for which application threads were stopped: 0.0046913 seconds, Stopping threads took: 0.0000206 seconds
267.759: [GC (Allocation Failure)  680555K->357035K(1023488K), 0.0046578 secs]
267.763: Total time for which application threads were stopped: 0.0048226 seconds, Stopping threads took: 0.0000199 seconds
267.830: [GC (Allocation Failure)  680619K->365005K(1035264K), 0.0052077 secs]
267.835: Total time for which application threads were stopped: 0.0053923 seconds, Stopping threads took: 0.0000249 seconds
267.904: [GC (Allocation Failure)  687565K->365005K(1030144K), 0.0042796 secs]
267.908: Total time for which application threads were stopped: 0.0044672 seconds, Stopping threads took: 0.0000268 seconds
267.976: [GC (Allocation Failure)  687565K->365061K(1034752K), 0.0045022 secs]
267.981: Total time for which application threads were stopped: 0.0046722 seconds, Stopping threads took: 0.0000267 seconds
268.050: [GC (Allocation Failure)  686597K->373031K(1034752K), 0.0045512 secs]
268.055: Total time for which application threads were stopped: 0.0047214 seconds, Stopping threads took: 0.0000194 seconds
268.122: [GC (Allocation Failure)  694567K->372999K(1033728K), 0.0041737 secs]
268.127: Total time for which application threads were stopped: 0.0043457 seconds, Stopping threads took: 0.0000202 seconds
268.195: [GC (Allocation Failure)  693511K->373287K(1034240K), 0.0045052 secs]
268.200: Total time for which application threads were stopped: 0.0046992 seconds, Stopping threads took: 0.0000198 seconds
268.270: [GC (Allocation Failure)  693799K->381065K(1034240K), 0.0041925 secs]
268.274: Total time for which application threads were stopped: 0.0043500 seconds, Stopping threads took: 0.0000255 seconds
268.342: [GC (Allocation Failure)  701577K->381065K(1034240K), 0.0045444 secs]
268.347: Total time for which application threads were stopped: 0.0047229 seconds, Stopping threads took: 0.0000196 seconds
268.415: [GC (Allocation Failure)  701577K->381513K(1034240K), 0.0044595 secs]
268.420: Total time for which application threads were stopped: 0.0046335 seconds, Stopping threads took: 0.0000264 seconds
268.486: [GC (Allocation Failure)  702025K->389100K(1028096K), 0.0046016 secs]
268.491: Total time for which application threads were stopped: 0.0047948 seconds, Stopping threads took: 0.0000221 seconds
268.557: [GC (Allocation Failure)  709612K->389132K(1033728K), 0.0044828 secs]
268.561: Total time for which application threads were stopped: 0.0046418 seconds, Stopping threads took: 0.0000193 seconds
268.626: [GC (Allocation Failure)  708620K->389228K(1033728K), 0.0047381 secs]
268.631: Total time for which application threads were stopped: 0.0049010 seconds, Stopping threads took: 0.0000204 seconds
268.698: [GC (Allocation Failure)  708716K->397166K(1033728K), 0.0044590 secs]
268.702: Total time for which application threads were stopped: 0.0046305 seconds, Stopping threads took: 0.0000208 seconds
268.770: [GC (Allocation Failure)  716654K->397166K(1033728K), 0.0044031 secs]
268.774: Total time for which application threads were stopped: 0.0045659 seconds, Stopping threads took: 0.0000201 seconds
268.842: [GC (Allocation Failure)  716654K->397198K(1033728K), 0.0045309 secs]
268.846: Total time for which application threads were stopped: 0.0046904 seconds, Stopping threads took: 0.0000201 seconds
268.912: [GC (Allocation Failure)  716686K->405168K(1027072K), 0.0045887 secs]
268.916: Total time for which application threads were stopped: 0.0047532 seconds, Stopping threads took: 0.0000197 seconds
268.981: [GC (Allocation Failure)  724656K->401262K(1034240K), 0.0064745 secs]
268.987: Total time for which application threads were stopped: 0.0066597 seconds, Stopping threads took: 0.0000391 seconds
269.055: [GC (Allocation Failure)  720750K->405320K(1033216K), 0.0047190 secs]
269.060: Total time for which application threads were stopped: 0.0049312 seconds, Stopping threads took: 0.0000221 seconds
269.129: [GC (Allocation Failure)  724808K->409288K(1034752K), 0.0048223 secs]
269.134: Total time for which application threads were stopped: 0.0050129 seconds, Stopping threads took: 0.0000229 seconds
269.202: [GC (Allocation Failure)  730824K->402502K(1034752K), 0.0018468 secs]
269.204: Total time for which application threads were stopped: 0.0019903 seconds, Stopping threads took: 0.0000200 seconds
269.271: [GC (Allocation Failure)  724038K->409352K(1034752K), 0.0045185 secs]
269.275: Total time for which application threads were stopped: 0.0046893 seconds, Stopping threads took: 0.0000207 seconds
269.341: [GC (Allocation Failure)  730888K->413432K(1034752K), 0.0055390 secs]
269.346: Total time for which application threads were stopped: 0.0057106 seconds, Stopping threads took: 0.0000202 seconds
269.413: [GC (Allocation Failure)  734968K->407894K(1034752K), 0.0024762 secs]
269.416: Total time for which application threads were stopped: 0.0026570 seconds, Stopping threads took: 0.0000265 seconds
269.483: [GC (Allocation Failure)  729430K->413736K(1034752K), 0.0044200 secs]
269.487: Total time for which application threads were stopped: 0.0045754 seconds, Stopping threads took: 0.0000253 seconds
269.554: [GC (Allocation Failure)  735272K->417584K(1035264K), 0.0049749 secs]
269.559: Total time for which application threads were stopped: 0.0051450 seconds, Stopping threads took: 0.0000205 seconds
269.628: [GC (Allocation Failure)  740072K->413646K(1035264K), 0.0033601 secs]
269.631: Total time for which application threads were stopped: 0.0035289 seconds, Stopping threads took: 0.0000197 seconds
269.699: [GC (Allocation Failure)  736206K->417736K(1036288K), 0.0048527 secs]
269.704: Total time for which application threads were stopped: 0.0050366 seconds, Stopping threads took: 0.0000203 seconds
269.773: [GC (Allocation Failure)  741832K->421704K(1035776K), 0.0044082 secs]
269.778: Total time for which application threads were stopped: 0.0045853 seconds, Stopping threads took: 0.0000217 seconds
269.846: [GC (Allocation Failure)  745800K->421704K(1035776K), 0.0046433 secs]
269.851: Total time for which application threads were stopped: 0.0048155 seconds, Stopping threads took: 0.0000198 seconds
269.920: [GC (Allocation Failure)  745288K->421768K(1023488K), 0.0045128 secs]
269.924: Total time for which application threads were stopped: 0.0047012 seconds, Stopping threads took: 0.0000265 seconds
269.992: [GC (Allocation Failure)  745352K->429738K(1035264K), 0.0045647 secs]
269.997: Total time for which application threads were stopped: 0.0047547 seconds, Stopping threads took: 0.0000203 seconds
270.066: [GC (Allocation Failure)  752298K->429738K(1030144K), 0.0044737 secs]
270.071: Total time for which application threads were stopped: 0.0046507 seconds, Stopping threads took: 0.0000199 seconds
270.140: [GC (Allocation Failure)  752298K->429770K(1034752K), 0.0053822 secs]
270.146: Total time for which application threads were stopped: 0.0055864 seconds, Stopping threads took: 0.0000176 seconds
270.215: [GC (Allocation Failure)  751306K->437773K(1034752K), 0.0047048 secs]
270.220: Total time for which application threads were stopped: 0.0048608 seconds, Stopping threads took: 0.0000186 seconds
270.288: [GC (Allocation Failure)  759309K->437805K(1033728K), 0.0044347 secs]
270.293: Total time for which application threads were stopped: 0.0046068 seconds, Stopping threads took: 0.0000206 seconds
270.361: [GC (Allocation Failure)  758317K->438021K(1034240K), 0.0047917 secs]
270.366: Total time for which application threads were stopped: 0.0049861 seconds, Stopping threads took: 0.0000201 seconds
270.436: [GC (Allocation Failure)  758533K->445799K(1034240K), 0.0044573 secs]
270.440: Total time for which application threads were stopped: 0.0046377 seconds, Stopping threads took: 0.0000266 seconds
270.509: [GC (Allocation Failure)  766311K->445831K(1034240K), 0.0047071 secs]
270.514: Total time for which application threads were stopped: 0.0048742 seconds, Stopping threads took: 0.0000175 seconds
270.586: [GC (Allocation Failure)  766343K->446247K(1033216K), 0.0047152 secs]
270.591: Total time for which application threads were stopped: 0.0048890 seconds, Stopping threads took: 0.0000209 seconds
270.659: [GC (Allocation Failure)  765735K->453865K(1033728K), 0.0046103 secs]
270.664: Total time for which application threads were stopped: 0.0047932 seconds, Stopping threads took: 0.0000196 seconds
270.732: [GC (Allocation Failure)  773353K->453833K(1033728K), 0.0046164 secs]
270.737: Total time for which application threads were stopped: 0.0047848 seconds, Stopping threads took: 0.0000223 seconds
270.801: [GC (Allocation Failure)  773321K->453961K(1033728K), 0.0046230 secs]
270.806: Total time for which application threads were stopped: 0.0047853 seconds, Stopping threads took: 0.0000193 seconds
270.873: [GC (Allocation Failure)  773449K->461899K(1033728K), 0.0044181 secs]
270.878: Total time for which application threads were stopped: 0.0046112 seconds, Stopping threads took: 0.0000194 seconds
270.947: [GC (Allocation Failure)  781387K->461867K(1033728K), 0.0045908 secs]
270.951: Total time for which application threads were stopped: 0.0047750 seconds, Stopping threads took: 0.0000171 seconds
271.019: [GC (Allocation Failure)  781355K->461923K(1033728K), 0.0048204 secs]
271.024: Total time for which application threads were stopped: 0.0049715 seconds, Stopping threads took: 0.0000174 seconds
271.092: [GC (Allocation Failure)  781411K->469894K(1027072K), 0.0046534 secs]
271.097: Total time for which application threads were stopped: 0.0048704 seconds, Stopping threads took: 0.0000262 seconds
271.164: [GC (Allocation Failure)  789381K->465987K(1034240K), 0.0037141 secs]
271.168: Total time for which application threads were stopped: 0.0038802 seconds, Stopping threads took: 0.0000199 seconds
271.236: [GC (Allocation Failure)  785475K->470030K(1033216K), 0.0049974 secs]
271.241: Total time for which application threads were stopped: 0.0051953 seconds, Stopping threads took: 0.0000194 seconds
271.309: [GC (Allocation Failure)  789518K->474030K(1034752K), 0.0046445 secs]
271.314: Total time for which application threads were stopped: 0.0048159 seconds, Stopping threads took: 0.0000202 seconds
271.381: [GC (Allocation Failure)  795566K->467275K(1034752K), 0.0018458 secs]
271.382: Total time for which application threads were stopped: 0.0019698 seconds, Stopping threads took: 0.0000202 seconds
271.452: [GC (Allocation Failure)  788811K->474094K(1034752K), 0.0044189 secs]
271.457: Total time for which application threads were stopped: 0.0045905 seconds, Stopping threads took: 0.0000282 seconds
271.522: [GC (Allocation Failure)  795630K->478174K(1034752K), 0.0056050 secs]
271.528: Total time for which application threads were stopped: 0.0057975 seconds, Stopping threads took: 0.0000195 seconds
271.595: [GC (Allocation Failure)  799710K->472635K(1034752K), 0.0026998 secs]
271.597: Total time for which application threads were stopped: 0.0028489 seconds, Stopping threads took: 0.0000196 seconds
271.666: [GC (Allocation Failure)  794171K->478446K(1034752K), 0.0045533 secs]
271.671: Total time for which application threads were stopped: 0.0047245 seconds, Stopping threads took: 0.0000196 seconds
271.739: [GC (Allocation Failure)  799982K->482318K(1034752K), 0.0050733 secs]
271.744: Total time for which application threads were stopped: 0.0052695 seconds, Stopping threads took: 0.0000197 seconds
271.813: [GC (Allocation Failure)  804806K->478411K(1035264K), 0.0035243 secs]
271.817: Total time for which application threads were stopped: 0.0036806 seconds, Stopping threads took: 0.0000173 seconds
271.885: [GC (Allocation Failure)  800971K->482478K(1036288K), 0.0049730 secs]
271.890: Total time for which application threads were stopped: 0.0051561 seconds, Stopping threads took: 0.0000201 seconds
271.958: [GC (Allocation Failure)  806574K->486446K(1035776K), 0.0046280 secs]
271.963: Total time for which application threads were stopped: 0.0048351 seconds, Stopping threads took: 0.0000268 seconds
272.032: [GC (Allocation Failure)  810542K->486414K(1035776K), 0.0046041 secs]
272.037: Total time for which application threads were stopped: 0.0048093 seconds, Stopping threads took: 0.0000265 seconds
272.106: [GC (Allocation Failure)  809998K->486502K(1023488K), 0.0048421 secs]
272.110: Total time for which application threads were stopped: 0.0050041 seconds, Stopping threads took: 0.0000200 seconds
272.177: [GC (Allocation Failure)  810086K->494472K(1035264K), 0.0047307 secs]
272.182: Total time for which application threads were stopped: 0.0049232 seconds, Stopping threads took: 0.0000198 seconds
272.251: [GC (Allocation Failure)  817032K->494440K(1030144K), 0.0045266 secs]
272.256: Total time for which application threads were stopped: 0.0046764 seconds, Stopping threads took: 0.0000173 seconds
272.323: [GC (Allocation Failure)  817000K->494536K(1034752K), 0.0047169 secs]
272.328: Total time for which application threads were stopped: 0.0048787 seconds, Stopping threads took: 0.0000205 seconds
272.395: [GC (Allocation Failure)  816072K->502506K(1034752K), 0.0057509 secs]
272.401: Total time for which application threads were stopped: 0.0059770 seconds, Stopping threads took: 0.0000354 seconds
272.472: [GC (Allocation Failure)  824042K->502506K(1033728K), 0.0046427 secs]
272.477: Total time for which application threads were stopped: 0.0048056 seconds, Stopping threads took: 0.0000204 seconds
272.544: [GC (Allocation Failure)  823018K->502762K(1034240K), 0.0048929 secs]
272.549: Total time for which application threads were stopped: 0.0050732 seconds, Stopping threads took: 0.0000207 seconds
272.617: [GC (Allocation Failure)  823274K->510541K(1034240K), 0.0046504 secs]
272.622: Total time for which application threads were stopped: 0.0048225 seconds, Stopping threads took: 0.0000202 seconds
272.691: [GC (Allocation Failure)  831053K->510573K(1034240K), 0.0047758 secs]
272.695: Total time for which application threads were stopped: 0.0049720 seconds, Stopping threads took: 0.0000205 seconds
272.763: [GC (Allocation Failure)  831085K->510949K(1033216K), 0.0077190 secs]
272.771: Total time for which application threads were stopped: 0.0078767 seconds, Stopping threads took: 0.0000178 seconds
272.840: [GC (Allocation Failure)  830437K->518567K(1033728K), 0.0047989 secs]
272.845: Total time for which application threads were stopped: 0.0049761 seconds, Stopping threads took: 0.0000201 seconds
272.913: [GC (Allocation Failure)  838055K->518567K(1033728K), 0.0045870 secs]
272.917: Total time for which application threads were stopped: 0.0047578 seconds, Stopping threads took: 0.0000267 seconds
272.983: [GC (Allocation Failure)  838055K->518727K(1033728K), 0.0049127 secs]
272.988: Total time for which application threads were stopped: 0.0050784 seconds, Stopping threads took: 0.0000246 seconds
273.055: [GC (Allocation Failure)  838215K->526633K(1033728K), 0.0046463 secs]
273.060: Total time for which application threads were stopped: 0.0048480 seconds, Stopping threads took: 0.0000204 seconds
273.129: [GC (Allocation Failure)  846121K->526601K(1033728K), 0.0058782 secs]
273.135: Total time for which application threads were stopped: 0.0060448 seconds, Stopping threads took: 0.0000256 seconds
273.202: [GC (Allocation Failure)  846089K->526665K(1033728K), 0.0047395 secs]
273.207: Total time for which application threads were stopped: 0.0049208 seconds, Stopping threads took: 0.0000281 seconds
273.276: [GC (Allocation Failure)  846153K->534635K(1027072K), 0.0047858 secs]
273.280: Total time for which application threads were stopped: 0.0049367 seconds, Stopping threads took: 0.0000167 seconds
273.346: [GC (Allocation Failure)  854123K->530761K(1034240K), 0.0038422 secs]
273.350: Total time for which application threads were stopped: 0.0040094 seconds, Stopping threads took: 0.0000199 seconds
273.418: [GC (Allocation Failure)  850249K->534795K(1033216K), 0.0047203 secs]
273.422: Total time for which application threads were stopped: 0.0048985 seconds, Stopping threads took: 0.0000265 seconds
273.490: [GC (Allocation Failure)  854283K->538795K(1034752K), 0.0047438 secs]
273.495: Total time for which application threads were stopped: 0.0049391 seconds, Stopping threads took: 0.0000201 seconds
273.562: [GC (Allocation Failure)  860331K->531977K(1034752K), 0.0021705 secs]
273.564: Total time for which application threads were stopped: 0.0023195 seconds, Stopping threads took: 0.0000287 seconds
273.633: [GC (Allocation Failure)  853513K->538835K(1034752K), 0.0046268 secs]
273.638: Total time for which application threads were stopped: 0.0047973 seconds, Stopping threads took: 0.0000198 seconds
273.704: [GC (Allocation Failure)  860371K->542947K(1034752K), 0.0057352 secs]
273.709: Total time for which application threads were stopped: 0.0058967 seconds, Stopping threads took: 0.0000195 seconds
273.775: [GC (Allocation Failure)  864483K->537377K(1034752K), 0.0068596 secs]
273.782: Total time for which application threads were stopped: 0.0070047 seconds, Stopping threads took: 0.0000199 seconds
273.850: [GC (Allocation Failure)  858913K->543211K(1034752K), 0.0046404 secs]
273.855: Total time for which application threads were stopped: 0.0048365 seconds, Stopping threads took: 0.0000298 seconds
273.923: [GC (Allocation Failure)  864747K->547043K(1035264K), 0.0050351 secs]
273.928: Total time for which application threads were stopped: 0.0051962 seconds, Stopping threads took: 0.0000267 seconds
273.995: [GC (Allocation Failure)  869532K->543137K(1035264K), 0.0037345 secs]
273.999: Total time for which application threads were stopped: 0.0039079 seconds, Stopping threads took: 0.0000265 seconds
274.068: [GC (Allocation Failure)  865697K->547203K(1036288K), 0.0049609 secs]
274.073: Total time for which application threads were stopped: 0.0051288 seconds, Stopping threads took: 0.0000209 seconds
274.141: [GC (Allocation Failure)  871299K->551139K(1035776K), 0.0080346 secs]
274.149: Total time for which application threads were stopped: 0.0082239 seconds, Stopping threads took: 0.0000283 seconds
274.219: [GC (Allocation Failure)  875235K->551171K(1035776K), 0.0047450 secs]
274.224: Total time for which application threads were stopped: 0.0049125 seconds, Stopping threads took: 0.0000214 seconds
274.292: [GC (Allocation Failure)  874755K->551243K(1023488K), 0.0049912 secs]
274.297: Total time for which application threads were stopped: 0.0051634 seconds, Stopping threads took: 0.0000202 seconds
274.364: [GC (Allocation Failure)  874827K->559246K(1035264K), 0.0047084 secs]
274.369: Total time for which application threads were stopped: 0.0048909 seconds, Stopping threads took: 0.0000208 seconds
274.438: [GC (Allocation Failure)  881806K->559214K(1030144K), 0.0045096 secs]
274.442: Total time for which application threads were stopped: 0.0046653 seconds, Stopping threads took: 0.0000279 seconds
274.511: [GC (Allocation Failure)  881774K->559270K(1034752K), 0.0049622 secs]
274.516: Total time for which application threads were stopped: 0.0051535 seconds, Stopping threads took: 0.0000191 seconds
274.585: [GC (Allocation Failure)  880806K->567240K(1034752K), 0.0050067 secs]
274.590: Total time for which application threads were stopped: 0.0051787 seconds, Stopping threads took: 0.0000202 seconds
274.657: [GC (Allocation Failure)  888776K->567240K(1033728K), 0.0048343 secs]
274.662: Total time for which application threads were stopped: 0.0050150 seconds, Stopping threads took: 0.0000205 seconds
274.731: [GC (Allocation Failure)  887752K->567496K(1034240K), 0.0048547 secs]
274.736: Total time for which application threads were stopped: 0.0050284 seconds, Stopping threads took: 0.0000205 seconds
274.803: [GC (Allocation Failure)  888008K->575274K(1034240K), 0.0047152 secs]
274.808: Total time for which application threads were stopped: 0.0048847 seconds, Stopping threads took: 0.0000199 seconds
274.876: [GC (Allocation Failure)  895786K->575274K(1034240K), 0.0049780 secs]
274.881: Total time for which application threads were stopped: 0.0051522 seconds, Stopping threads took: 0.0000202 seconds
274.949: [GC (Allocation Failure)  895786K->575722K(1033216K), 0.0048490 secs]
274.954: Total time for which application threads were stopped: 0.0050175 seconds, Stopping threads took: 0.0000269 seconds
275.022: [GC (Allocation Failure)  895210K->583308K(1033728K), 0.0047667 secs]
275.027: Total time for which application threads were stopped: 0.0049309 seconds, Stopping threads took: 0.0000201 seconds
275.094: [GC (Allocation Failure)  902796K->583276K(1033728K), 0.0048818 secs]
275.099: Total time for which application threads were stopped: 0.0050404 seconds, Stopping threads took: 0.0000196 seconds
275.165: [GC (Allocation Failure)  902764K->583460K(1033728K), 0.0049191 secs]
275.170: Total time for which application threads were stopped: 0.0051000 seconds, Stopping threads took: 0.0000175 seconds
275.238: [GC (Allocation Failure)  902948K->591399K(1033728K), 0.0047826 secs]
275.243: Total time for which application threads were stopped: 0.0049730 seconds, Stopping threads took: 0.0000199 seconds
275.310: [GC (Allocation Failure)  910887K->591335K(1033728K), 0.0047186 secs]
275.315: Total time for which application threads were stopped: 0.0048929 seconds, Stopping threads took: 0.0000198 seconds
275.382: [GC (Allocation Failure)  910823K->591399K(1033728K), 0.0047706 secs]
275.387: Total time for which application threads were stopped: 0.0049278 seconds, Stopping threads took: 0.0000169 seconds
275.455: [GC (Allocation Failure)  910887K->599337K(1027072K), 0.0048824 secs]
275.460: Total time for which application threads were stopped: 0.0050768 seconds, Stopping threads took: 0.0000281 seconds
275.527: [GC (Allocation Failure)  918824K->595463K(1034240K), 0.0039553 secs]
275.531: Total time for which application threads were stopped: 0.0041221 seconds, Stopping threads took: 0.0000197 seconds
275.598: [GC (Allocation Failure)  914951K->599529K(1033216K), 0.0050057 secs]
275.603: Total time for which application threads were stopped: 0.0052017 seconds, Stopping threads took: 0.0000190 seconds
275.672: [GC (Allocation Failure)  919017K->603497K(1034752K), 0.0048585 secs]
275.677: Total time for which application threads were stopped: 0.0050192 seconds, Stopping threads took: 0.0000175 seconds
275.744: [GC (Allocation Failure)  925033K->596743K(1034752K), 0.0022238 secs]
275.746: Total time for which application threads were stopped: 0.0023597 seconds, Stopping threads took: 0.0000202 seconds
275.815: [GC (Allocation Failure)  918279K->603569K(1034752K), 0.0048653 secs]
275.820: Total time for which application threads were stopped: 0.0050147 seconds, Stopping threads took: 0.0000167 seconds
275.886: [GC (Allocation Failure)  925105K->607681K(1034752K), 0.0057095 secs]
275.892: Total time for which application threads were stopped: 0.0059043 seconds, Stopping threads took: 0.0000201 seconds
275.959: [GC (Allocation Failure)  929217K->602111K(1034752K), 0.0029416 secs]
275.962: Total time for which application threads were stopped: 0.0031035 seconds, Stopping threads took: 0.0000278 seconds
276.029: [GC (Allocation Failure)  923647K->607921K(1034752K), 0.0049284 secs]
276.034: Total time for which application threads were stopped: 0.0051116 seconds, Stopping threads took: 0.0000169 seconds
276.103: [GC (Allocation Failure)  929457K->611801K(1034752K), 0.0053092 secs]
276.109: Total time for which application threads were stopped: 0.0054899 seconds, Stopping threads took: 0.0000195 seconds
276.176: [GC (Allocation Failure)  934289K->607895K(1035264K), 0.0038221 secs]
276.180: Total time for which application threads were stopped: 0.0040125 seconds, Stopping threads took: 0.0000208 seconds
276.251: [GC (Allocation Failure)  930455K->611969K(1036288K), 0.0049324 secs]
276.256: Total time for which application threads were stopped: 0.0051262 seconds, Stopping threads took: 0.0000203 seconds
276.325: [GC (Allocation Failure)  936065K->615969K(1035776K), 0.0048849 secs]
276.330: Total time for which application threads were stopped: 0.0050516 seconds, Stopping threads took: 0.0000192 seconds
276.400: [GC (Allocation Failure)  940065K->615937K(1035776K), 0.0069656 secs]
276.407: Total time for which application threads were stopped: 0.0071452 seconds, Stopping threads took: 0.0000200 seconds
276.476: [GC (Allocation Failure)  939521K->616009K(1023488K), 0.0049508 secs]
276.481: Total time for which application threads were stopped: 0.0051343 seconds, Stopping threads took: 0.0000211 seconds
276.548: [GC (Allocation Failure)  939593K->623979K(1035264K), 0.0050008 secs]
276.553: Total time for which application threads were stopped: 0.0051646 seconds, Stopping threads took: 0.0000211 seconds
276.622: [GC (Allocation Failure)  946539K->624011K(1030144K), 0.0046660 secs]
276.627: Total time for which application threads were stopped: 0.0048372 seconds, Stopping threads took: 0.0000207 seconds
276.694: [GC (Allocation Failure)  946571K->624035K(1034752K), 0.0051645 secs]
276.699: Total time for which application threads were stopped: 0.0053368 seconds, Stopping threads took: 0.0000200 seconds
276.766: [GC (Allocation Failure)  945571K->632005K(1034752K), 0.0049084 secs]
276.771: Total time for which application threads were stopped: 0.0050688 seconds, Stopping threads took: 0.0000193 seconds
276.839: [GC (Allocation Failure)  953541K->631973K(1033728K), 0.0048204 secs]
276.844: Total time for which application threads were stopped: 0.0049820 seconds, Stopping threads took: 0.0000208 seconds
276.911: [GC (Allocation Failure)  952485K->632189K(1034240K), 0.0057824 secs]
276.916: Total time for which application threads were stopped: 0.0059598 seconds, Stopping threads took: 0.0000272 seconds
276.984: [GC (Allocation Failure)  952701K->640064K(1034240K), 0.0055998 secs]
276.990: Total time for which application threads were stopped: 0.0057844 seconds, Stopping threads took: 0.0000215 seconds
277.057: [GC (Allocation Failure)  960576K->640064K(1034240K), 0.0050572 secs]
277.063: Total time for which application threads were stopped: 0.0052607 seconds, Stopping threads took: 0.0000197 seconds
277.129: [GC (Allocation Failure)  960576K->640448K(1033216K), 0.0058623 secs]
277.135: Total time for which application threads were stopped: 0.0060295 seconds, Stopping threads took: 0.0000263 seconds
277.203: [GC (Allocation Failure)  959936K->648066K(1033728K), 0.0050450 secs]
277.208: Total time for which application threads were stopped: 0.0052121 seconds, Stopping threads took: 0.0000197 seconds
277.276: [GC (Allocation Failure)  967554K->648098K(1033728K), 0.0049201 secs]
277.281: Total time for which application threads were stopped: 0.0050886 seconds, Stopping threads took: 0.0000204 seconds
277.345: [GC (Allocation Failure)  967586K->648226K(1033728K), 0.0051170 secs]
277.350: Total time for which application threads were stopped: 0.0052991 seconds, Stopping threads took: 0.0000209 seconds
277.418: [GC (Allocation Failure)  967714K->656100K(1033728K), 0.0048113 secs]
277.423: Total time for which application threads were stopped: 0.0049792 seconds, Stopping threads took: 0.0000268 seconds
277.490: [GC (Allocation Failure)  975588K->656100K(1033728K), 0.0048637 secs]
277.495: Total time for which application threads were stopped: 0.0050453 seconds, Stopping threads took: 0.0000260 seconds
277.562: [GC (Allocation Failure)  975588K->656124K(1033728K), 0.0058812 secs]
277.568: Total time for which application threads were stopped: 0.0060546 seconds, Stopping threads took: 0.0000199 seconds
277.635: [GC (Allocation Failure)  975612K->664127K(1027072K), 0.0050881 secs]
277.640: Total time for which application threads were stopped: 0.0052812 seconds, Stopping threads took: 0.0000195 seconds
277.707: [GC (Allocation Failure)  983614K->660220K(1034240K), 0.0041882 secs]
277.711: Total time for which application threads were stopped: 0.0043380 seconds, Stopping threads took: 0.0000170 seconds
277.778: [GC (Allocation Failure)  979708K->664287K(1033216K), 0.0052760 secs]
277.784: Total time for which application threads were stopped: 0.0054450 seconds, Stopping threads took: 0.0000198 seconds
277.851: [GC (Allocation Failure)  983775K->668287K(1034752K), 0.0047957 secs]
277.856: Total time for which application threads were stopped: 0.0049667 seconds, Stopping threads took: 0.0000199 seconds
277.922: [GC (Allocation Failure)  989823K->661468K(1034752K), 0.0024307 secs]
277.925: Total time for which application threads were stopped: 0.0025949 seconds, Stopping threads took: 0.0000277 seconds
277.992: [GC (Allocation Failure)  983004K->668319K(1034752K), 0.0047870 secs]
277.997: Total time for which application threads were stopped: 0.0049611 seconds, Stopping threads took: 0.0000207 seconds
278.062: [GC (Allocation Failure)  989855K->672399K(1034752K), 0.0059624 secs]
278.068: Total time for which application threads were stopped: 0.0061175 seconds, Stopping threads took: 0.0000170 seconds
278.134: [GC (Allocation Failure)  993935K->666892K(1034752K), 0.0034266 secs]
278.138: Total time for which application threads were stopped: 0.0036125 seconds, Stopping threads took: 0.0000274 seconds
278.207: [GC (Allocation Failure)  988428K->672671K(1034752K), 0.0053173 secs]
278.212: Total time for which application threads were stopped: 0.0054905 seconds, Stopping threads took: 0.0000206 seconds
278.280: [GC (Allocation Failure)  994207K->676567K(1034752K), 0.0054878 secs]
278.285: Total time for which application threads were stopped: 0.0056601 seconds, Stopping threads took: 0.0000204 seconds
278.354: [GC (Allocation Failure)  999055K->672628K(1035264K), 0.0038506 secs]
278.357: Total time for which application threads were stopped: 0.0040213 seconds, Stopping threads took: 0.0000213 seconds
278.427: [GC (Allocation Failure)  995188K->676695K(1036288K), 0.0052061 secs]
278.433: Total time for which application threads were stopped: 0.0053896 seconds, Stopping threads took: 0.0000266 seconds
278.500: [GC (Allocation Failure)  1000791K->680663K(1035776K), 0.0050269 secs]
278.505: Total time for which application threads were stopped: 0.0052207 seconds, Stopping threads took: 0.0000193 seconds
278.575: [GC (Allocation Failure)  1004759K->680695K(1035776K), 0.0049072 secs]
278.580: Total time for which application threads were stopped: 0.0050722 seconds, Stopping threads took: 0.0000211 seconds
278.647: [GC (Allocation Failure)  1004279K->680735K(1023488K), 0.0051229 secs]
278.652: Total time for which application threads were stopped: 0.0053004 seconds, Stopping threads took: 0.0000197 seconds
278.718: [GC (Allocation Failure)  1004319K->688737K(1035264K), 0.0050052 secs]
278.724: Total time for which application threads were stopped: 0.0052018 seconds, Stopping threads took: 0.0000198 seconds
278.792: [GC (Allocation Failure)  1011297K->688705K(1030144K), 0.0049726 secs]
278.798: Total time for which application threads were stopped: 0.0051284 seconds, Stopping threads took: 0.0000174 seconds
278.865: [GC (Allocation Failure)  1011265K->688777K(1034752K), 0.0050700 secs]
278.870: [Full GC (Ergonomics)  688777K->8520K(1034752K), 0.0121569 secs]
278.882: Total time for which application threads were stopped: 0.0174972 seconds, Stopping threads took: 0.0000206 seconds
278.951: [GC (Allocation Failure)  330056K->16618K(1029120K), 0.0038466 secs]
278.955: Total time for which application threads were stopped: 0.0040036 seconds, Stopping threads took: 0.0000173 seconds
279.023: [GC (Allocation Failure)  338154K->16610K(1034240K), 0.0037993 secs]
279.027: Total time for which application threads were stopped: 0.0039707 seconds, Stopping threads took: 0.0000201 seconds
279.094: [GC (Allocation Failure)  337122K->16874K(1034240K), 0.0038554 secs]
279.098: Total time for which application threads were stopped: 0.0040371 seconds, Stopping threads took: 0.0000206 seconds
279.168: [GC (Allocation Failure)  337386K->24620K(1034240K), 0.0035812 secs]
279.172: Total time for which application threads were stopped: 0.0037506 seconds, Stopping threads took: 0.0000199 seconds
279.239: [GC (Allocation Failure)  345132K->24652K(1034240K), 0.0038075 secs]
279.243: Total time for which application threads were stopped: 0.0039723 seconds, Stopping threads took: 0.0000193 seconds
279.310: [GC (Allocation Failure)  345164K->25092K(1033216K), 0.0041901 secs]
279.314: Total time for which application threads were stopped: 0.0043737 seconds, Stopping threads took: 0.0000209 seconds
279.383: [GC (Allocation Failure)  344580K->32711K(1033728K), 0.0038901 secs]
279.387: Total time for which application threads were stopped: 0.0040633 seconds, Stopping threads took: 0.0000199 seconds
279.457: [GC (Allocation Failure)  352199K->32711K(1033728K), 0.0038869 secs]
279.461: Total time for which application threads were stopped: 0.0040492 seconds, Stopping threads took: 0.0000202 seconds
279.525: [GC (Allocation Failure)  352199K->32839K(1033728K), 0.0040293 secs]
279.529: Total time for which application threads were stopped: 0.0042025 seconds, Stopping threads took: 0.0000206 seconds
279.597: [GC (Allocation Failure)  352327K->40745K(1033728K), 0.0037911 secs]
279.600: Total time for which application threads were stopped: 0.0039620 seconds, Stopping threads took: 0.0000205 seconds
279.667: [GC (Allocation Failure)  360233K->40745K(1033728K), 0.0036854 secs]
279.671: Total time for which application threads were stopped: 0.0038601 seconds, Stopping threads took: 0.0000208 seconds
279.737: [GC (Allocation Failure)  360233K->40777K(1033728K), 0.0040108 secs]
279.742: Total time for which application threads were stopped: 0.0042056 seconds, Stopping threads took: 0.0000198 seconds
279.808: [GC (Allocation Failure)  360265K->48747K(1027072K), 0.0039821 secs]
279.812: Total time for which application threads were stopped: 0.0041442 seconds, Stopping threads took: 0.0000199 seconds
279.877: [GC (Allocation Failure)  368235K->44809K(1034240K), 0.0026856 secs]
279.879: Total time for which application threads were stopped: 0.0028467 seconds, Stopping threads took: 0.0000214 seconds
279.947: [GC (Allocation Failure)  364297K->48907K(1033216K), 0.0038744 secs]
279.951: Total time for which application threads were stopped: 0.0040446 seconds, Stopping threads took: 0.0000260 seconds
280.019: [GC (Allocation Failure)  368395K->52907K(1034752K), 0.0036662 secs]
280.022: Total time for which application threads were stopped: 0.0038623 seconds, Stopping threads took: 0.0000208 seconds
280.090: [GC (Allocation Failure)  374443K->46121K(1034752K), 0.0011331 secs]
280.091: Total time for which application threads were stopped: 0.0012491 seconds, Stopping threads took: 0.0000168 seconds
280.159: [GC (Allocation Failure)  367657K->52979K(1034752K), 0.0036990 secs]
280.163: Total time for which application threads were stopped: 0.0038484 seconds, Stopping threads took: 0.0000197 seconds
280.230: [GC (Allocation Failure)  374515K->57027K(1034752K), 0.0047700 secs]
280.234: Total time for which application threads were stopped: 0.0049205 seconds, Stopping threads took: 0.0000172 seconds
280.300: [GC (Allocation Failure)  378563K->51489K(1034752K), 0.0016462 secs]
280.301: Total time for which application threads were stopped: 0.0017913 seconds, Stopping threads took: 0.0000196 seconds
280.370: [GC (Allocation Failure)  373025K->57299K(1034752K), 0.0039715 secs]
280.374: Total time for which application threads were stopped: 0.0041325 seconds, Stopping threads took: 0.0000205 seconds
280.442: [GC (Allocation Failure)  378835K->61203K(1035264K), 0.0042092 secs]
280.446: Total time for which application threads were stopped: 0.0043944 seconds, Stopping threads took: 0.0000280 seconds
280.513: [GC (Allocation Failure)  383691K->57297K(1035264K), 0.0024763 secs]
280.516: Total time for which application threads were stopped: 0.0026480 seconds, Stopping threads took: 0.0000205 seconds
280.586: [GC (Allocation Failure)  379857K->61331K(1036288K), 0.0040704 secs]
280.591: Total time for which application threads were stopped: 0.0042658 seconds, Stopping threads took: 0.0000206 seconds
280.659: [GC (Allocation Failure)  385427K->65299K(1035776K), 0.0037488 secs]
280.663: Total time for which application threads were stopped: 0.0039177 seconds, Stopping threads took: 0.0000195 seconds
280.731: [GC (Allocation Failure)  389395K->65299K(1035776K), 0.0037302 secs]
280.735: Total time for which application threads were stopped: 0.0038992 seconds, Stopping threads took: 0.0000218 seconds
280.802: [GC (Allocation Failure)  388883K->65371K(1023488K), 0.0041558 secs]
280.807: Total time for which application threads were stopped: 0.0043327 seconds, Stopping threads took: 0.0000196 seconds
280.873: [GC (Allocation Failure)  388955K->73341K(1035264K), 0.0038415 secs]
280.877: Total time for which application threads were stopped: 0.0040044 seconds, Stopping threads took: 0.0000197 seconds
280.945: [GC (Allocation Failure)  395901K->73341K(1030144K), 0.0037426 secs]
280.948: Total time for which application threads were stopped: 0.0039119 seconds, Stopping threads took: 0.0000196 seconds
281.015: [GC (Allocation Failure)  395901K->73365K(1034752K), 0.0057117 secs]
281.021: Total time for which application threads were stopped: 0.0058791 seconds, Stopping threads took: 0.0000206 seconds
281.089: [GC (Allocation Failure)  394901K->81368K(1034752K), 0.0041480 secs]
281.093: Total time for which application threads were stopped: 0.0043341 seconds, Stopping threads took: 0.0000224 seconds
281.163: [GC (Allocation Failure)  402904K->81368K(1033728K), 0.0037851 secs]
281.167: Total time for which application threads were stopped: 0.0039587 seconds, Stopping threads took: 0.0000193 seconds
281.233: [GC (Allocation Failure)  401880K->81584K(1034240K), 0.0039180 secs]
281.237: Total time for which application threads were stopped: 0.0040758 seconds, Stopping threads took: 0.0000198 seconds
281.305: [GC (Allocation Failure)  402096K->89426K(1034240K), 0.0036897 secs]
281.309: Total time for which application threads were stopped: 0.0038722 seconds, Stopping threads took: 0.0000344 seconds
281.376: [GC (Allocation Failure)  409938K->89394K(1034240K), 0.0037631 secs]
281.380: Total time for which application threads were stopped: 0.0039542 seconds, Stopping threads took: 0.0000195 seconds
281.449: [GC (Allocation Failure)  409906K->89850K(1033216K), 0.0039915 secs]
281.453: Total time for which application threads were stopped: 0.0041494 seconds, Stopping threads took: 0.0000262 seconds
281.520: [GC (Allocation Failure)  409338K->97436K(1033728K), 0.0040482 secs]
281.524: Total time for which application threads were stopped: 0.0042143 seconds, Stopping threads took: 0.0000189 seconds
281.593: [GC (Allocation Failure)  416924K->97404K(1033728K), 0.0039517 secs]
281.597: Total time for which application threads were stopped: 0.0041170 seconds, Stopping threads took: 0.0000191 seconds
281.662: [GC (Allocation Failure)  416892K->97572K(1033728K), 0.0040306 secs]
281.666: Total time for which application threads were stopped: 0.0042050 seconds, Stopping threads took: 0.0000210 seconds
281.733: [GC (Allocation Failure)  417060K->105478K(1033728K), 0.0039229 secs]
281.737: Total time for which application threads were stopped: 0.0040926 seconds, Stopping threads took: 0.0000206 seconds
281.804: [GC (Allocation Failure)  424966K->105510K(1033728K), 0.0039836 secs]
281.809: Total time for which application threads were stopped: 0.0041430 seconds, Stopping threads took: 0.0000198 seconds
281.877: [GC (Allocation Failure)  424998K->105542K(1033728K), 0.0040003 secs]
281.881: Total time for which application threads were stopped: 0.0041710 seconds, Stopping threads took: 0.0000195 seconds
281.948: [GC (Allocation Failure)  425030K->113513K(1027072K), 0.0039590 secs]
281.952: Total time for which application threads were stopped: 0.0041152 seconds, Stopping threads took: 0.0000258 seconds
282.017: [GC (Allocation Failure)  433000K->109606K(1034240K), 0.0027866 secs]
282.020: Total time for which application threads were stopped: 0.0029788 seconds, Stopping threads took: 0.0000266 seconds
282.089: [GC (Allocation Failure)  429094K->113673K(1033216K), 0.0042338 secs]
282.094: Total time for which application threads were stopped: 0.0044123 seconds, Stopping threads took: 0.0000163 seconds
282.164: [GC (Allocation Failure)  433161K->117641K(1034752K), 0.0039419 secs]
282.168: Total time for which application threads were stopped: 0.0041713 seconds, Stopping threads took: 0.0000194 seconds
282.236: [GC (Allocation Failure)  439177K->110854K(1034752K), 0.0012888 secs]
282.237: Total time for which application threads were stopped: 0.0014161 seconds, Stopping threads took: 0.0000201 seconds
282.304: [GC (Allocation Failure)  432390K->117737K(1034752K), 0.0037821 secs]
282.308: Total time for which application threads were stopped: 0.0039585 seconds, Stopping threads took: 0.0000196 seconds
282.375: [GC (Allocation Failure)  439273K->121753K(1034752K), 0.0050909 secs]
282.380: Total time for which application threads were stopped: 0.0052578 seconds, Stopping threads took: 0.0000198 seconds
282.446: [GC (Allocation Failure)  443289K->116214K(1034752K), 0.0019056 secs]
282.448: Total time for which application threads were stopped: 0.0020543 seconds, Stopping threads took: 0.0000283 seconds
282.515: [GC (Allocation Failure)  437750K->122049K(1034752K), 0.0039311 secs]
282.519: Total time for which application threads were stopped: 0.0040999 seconds, Stopping threads took: 0.0000193 seconds
282.586: [GC (Allocation Failure)  443585K->125929K(1034752K), 0.0043779 secs]
282.590: Total time for which application threads were stopped: 0.0045462 seconds, Stopping threads took: 0.0000197 seconds
282.657: [GC (Allocation Failure)  448417K->122022K(1035264K), 0.0026285 secs]
282.659: Total time for which application threads were stopped: 0.0028020 seconds, Stopping threads took: 0.0000204 seconds
282.729: [GC (Allocation Failure)  444582K->126089K(1036288K), 0.0042745 secs]
282.734: Total time for which application threads were stopped: 0.0044407 seconds, Stopping threads took: 0.0000192 seconds
282.801: [GC (Allocation Failure)  450185K->130057K(1035776K), 0.0040114 secs]
282.806: Total time for which application threads were stopped: 0.0041817 seconds, Stopping threads took: 0.0000207 seconds
282.874: [GC (Allocation Failure)  454153K->130025K(1035776K), 0.0038564 secs]
282.878: Total time for which application threads were stopped: 0.0040356 seconds, Stopping threads took: 0.0000199 seconds
282.948: [GC (Allocation Failure)  453609K->130121K(1023488K), 0.0039066 secs]
282.952: Total time for which application threads were stopped: 0.0040679 seconds, Stopping threads took: 0.0000271 seconds
283.018: [GC (Allocation Failure)  453705K->138155K(1035264K), 0.0051414 secs]
283.023: Total time for which application threads were stopped: 0.0053197 seconds, Stopping threads took: 0.0000225 seconds
283.091: [GC (Allocation Failure)  460715K->138123K(1030144K), 0.0037881 secs]
283.094: Total time for which application threads were stopped: 0.0039611 seconds, Stopping threads took: 0.0000201 seconds
283.163: [GC (Allocation Failure)  460683K->138155K(1034752K), 0.0042308 secs]
283.167: Total time for which application threads were stopped: 0.0043921 seconds, Stopping threads took: 0.0000199 seconds
283.234: [GC (Allocation Failure)  459691K->146157K(1029120K), 0.0040126 secs]
283.238: Total time for which application threads were stopped: 0.0042085 seconds, Stopping threads took: 0.0000201 seconds
283.308: [GC (Allocation Failure)  467693K->146157K(1034240K), 0.0037899 secs]
283.312: Total time for which application threads were stopped: 0.0039795 seconds, Stopping threads took: 0.0000173 seconds
283.379: [GC (Allocation Failure)  466669K->146373K(1034240K), 0.0043882 secs]
283.384: Total time for which application threads were stopped: 0.0045571 seconds, Stopping threads took: 0.0000197 seconds
283.452: [GC (Allocation Failure)  466885K->154183K(1034240K), 0.0039259 secs]
283.456: Total time for which application threads were stopped: 0.0041068 seconds, Stopping threads took: 0.0000223 seconds
283.526: [GC (Allocation Failure)  474695K->154151K(1034240K), 0.0039004 secs]
283.530: Total time for which application threads were stopped: 0.0040802 seconds, Stopping threads took: 0.0000286 seconds
283.597: [GC (Allocation Failure)  474663K->154599K(1033216K), 0.0041333 secs]
283.601: Total time for which application threads were stopped: 0.0043026 seconds, Stopping threads took: 0.0000204 seconds
283.669: [GC (Allocation Failure)  474087K->162218K(1033728K), 0.0039269 secs]
283.673: Total time for which application threads were stopped: 0.0040890 seconds, Stopping threads took: 0.0000204 seconds
283.742: [GC (Allocation Failure)  481706K->162218K(1033728K), 0.0040205 secs]
283.747: Total time for which application threads were stopped: 0.0041900 seconds, Stopping threads took: 0.0000193 seconds
283.812: [GC (Allocation Failure)  481706K->162314K(1033728K), 0.0041901 secs]
283.816: Total time for which application threads were stopped: 0.0043934 seconds, Stopping threads took: 0.0000196 seconds
283.885: [GC (Allocation Failure)  481802K->170220K(1033728K), 0.0040071 secs]
283.890: Total time for which application threads were stopped: 0.0041875 seconds, Stopping threads took: 0.0000162 seconds
283.958: [GC (Allocation Failure)  489708K->170220K(1033728K), 0.0039909 secs]
283.962: Total time for which application threads were stopped: 0.0042101 seconds, Stopping threads took: 0.0000200 seconds
284.030: [GC (Allocation Failure)  489708K->170308K(1033728K), 0.0041685 secs]
284.034: Total time for which application threads were stopped: 0.0043272 seconds, Stopping threads took: 0.0000165 seconds
284.101: [GC (Allocation Failure)  489796K->178246K(1027072K), 0.0042343 secs]
284.105: Total time for which application threads were stopped: 0.0043949 seconds, Stopping threads took: 0.0000195 seconds
284.172: [GC (Allocation Failure)  497734K->174340K(1034240K), 0.0030781 secs]
284.176: Total time for which application threads were stopped: 0.0032418 seconds, Stopping threads took: 0.0000201 seconds
284.243: [GC (Allocation Failure)  493828K->178414K(1033216K), 0.0042234 secs]
284.247: Total time for which application threads were stopped: 0.0043908 seconds, Stopping threads took: 0.0000191 seconds
284.314: [GC (Allocation Failure)  497902K->182382K(1034752K), 0.0040926 secs]
284.318: Total time for which application threads were stopped: 0.0042854 seconds, Stopping threads took: 0.0000194 seconds
284.386: [GC (Allocation Failure)  503918K->175596K(1034752K), 0.0013989 secs]
284.388: Total time for which application threads were stopped: 0.0015229 seconds, Stopping threads took: 0.0000166 seconds
284.455: [GC (Allocation Failure)  497132K->182446K(1034752K), 0.0039704 secs]
284.459: Total time for which application threads were stopped: 0.0041412 seconds, Stopping threads took: 0.0000265 seconds
284.525: [GC (Allocation Failure)  503982K->186558K(1034752K), 0.0050747 secs]
284.530: Total time for which application threads were stopped: 0.0052458 seconds, Stopping threads took: 0.0000208 seconds
284.597: [GC (Allocation Failure)  508094K->180988K(1034752K), 0.0020718 secs]
284.599: Total time for which application threads were stopped: 0.0022194 seconds, Stopping threads took: 0.0000200 seconds
284.666: [GC (Allocation Failure)  502524K->186798K(1034752K), 0.0042174 secs]
284.670: Total time for which application threads were stopped: 0.0043850 seconds, Stopping threads took: 0.0000196 seconds
284.738: [GC (Allocation Failure)  508334K->190702K(1035264K), 0.0044659 secs]
284.742: Total time for which application threads were stopped: 0.0046562 seconds, Stopping threads took: 0.0000281 seconds
284.810: [GC (Allocation Failure)  513191K->186732K(1035264K), 0.0026639 secs]
284.813: Total time for which application threads were stopped: 0.0028218 seconds, Stopping threads took: 0.0000191 seconds
284.881: [GC (Allocation Failure)  509292K->190830K(1036288K), 0.0042652 secs]
284.885: Total time for which application threads were stopped: 0.0044320 seconds, Stopping threads took: 0.0000197 seconds
284.956: [GC (Allocation Failure)  514926K->194830K(1035776K), 0.0039373 secs]
284.960: Total time for which application threads were stopped: 0.0041177 seconds, Stopping threads took: 0.0000194 seconds
285.029: [GC (Allocation Failure)  518926K->194830K(1035776K), 0.0039796 secs]
285.033: Total time for which application threads were stopped: 0.0041349 seconds, Stopping threads took: 0.0000192 seconds
285.101: [GC (Allocation Failure)  518414K->194862K(1023488K), 0.0042876 secs]
285.105: Total time for which application threads were stopped: 0.0044616 seconds, Stopping threads took: 0.0000203 seconds
285.174: [GC (Allocation Failure)  518446K->202865K(1035264K), 0.0040186 secs]
285.178: Total time for which application threads were stopped: 0.0042109 seconds, Stopping threads took: 0.0000196 seconds
285.247: [GC (Allocation Failure)  525425K->202833K(1030144K), 0.0040157 secs]
285.251: Total time for which application threads were stopped: 0.0041822 seconds, Stopping threads took: 0.0000176 seconds
285.318: [GC (Allocation Failure)  525393K->202889K(1034752K), 0.0042645 secs]
285.323: Total time for which application threads were stopped: 0.0044282 seconds, Stopping threads took: 0.0000207 seconds
285.390: [GC (Allocation Failure)  524425K->210859K(1029120K), 0.0043074 secs]
285.394: Total time for which application threads were stopped: 0.0045019 seconds, Stopping threads took: 0.0000193 seconds
285.463: [GC (Allocation Failure)  532395K->210859K(1034240K), 0.0038847 secs]
285.467: Total time for which application threads were stopped: 0.0040573 seconds, Stopping threads took: 0.0000263 seconds
285.534: [GC (Allocation Failure)  531371K->211115K(1034240K), 0.0043184 secs]
285.538: Total time for which application threads were stopped: 0.0044812 seconds, Stopping threads took: 0.0000210 seconds
285.606: [GC (Allocation Failure)  531627K->218925K(1034240K), 0.0039313 secs]
285.610: Total time for which application threads were stopped: 0.0040912 seconds, Stopping threads took: 0.0000198 seconds
285.679: [GC (Allocation Failure)  539437K->218925K(1034240K), 0.0040353 secs]
285.684: Total time for which application threads were stopped: 0.0042007 seconds, Stopping threads took: 0.0000196 seconds
285.751: [GC (Allocation Failure)  539437K->219333K(1033216K), 0.0103489 secs]
285.761: Total time for which application threads were stopped: 0.0105278 seconds, Stopping threads took: 0.0000206 seconds
285.830: [GC (Allocation Failure)  538821K->226951K(1033728K), 0.0042684 secs]
285.835: Total time for which application threads were stopped: 0.0044348 seconds, Stopping threads took: 0.0000191 seconds
285.903: [GC (Allocation Failure)  546439K->226919K(1033728K), 0.0040751 secs]
285.907: Total time for which application threads were stopped: 0.0042407 seconds, Stopping threads took: 0.0000192 seconds
285.972: [GC (Allocation Failure)  546407K->227079K(1033728K), 0.0042492 secs]
285.976: Total time for which application threads were stopped: 0.0044378 seconds, Stopping threads took: 0.0000195 seconds
286.044: [GC (Allocation Failure)  546567K->234954K(1033728K), 0.0041097 secs]
286.048: Total time for which application threads were stopped: 0.0042911 seconds, Stopping threads took: 0.0000192 seconds
286.117: [GC (Allocation Failure)  554442K->234954K(1033728K), 0.0040219 secs]
286.121: Total time for which application threads were stopped: 0.0041880 seconds, Stopping threads took: 0.0000188 seconds
286.189: [GC (Allocation Failure)  554442K->235018K(1033728K), 0.0043629 secs]
286.193: Total time for which application threads were stopped: 0.0045343 seconds, Stopping threads took: 0.0000196 seconds
286.260: [GC (Allocation Failure)  554506K->242988K(1027072K), 0.0042637 secs]
286.264: Total time for which application threads were stopped: 0.0044419 seconds, Stopping threads took: 0.0000203 seconds
286.329: [GC (Allocation Failure)  562475K->239082K(1034240K), 0.0031129 secs]
286.332: Total time for which application threads were stopped: 0.0032749 seconds, Stopping threads took: 0.0000192 seconds
286.399: [GC (Allocation Failure)  558570K->243116K(1033216K), 0.0044283 secs]
286.403: Total time for which application threads were stopped: 0.0045887 seconds, Stopping threads took: 0.0000191 seconds
286.471: [GC (Allocation Failure)  562604K->247148K(1034752K), 0.0042226 secs]
286.475: Total time for which application threads were stopped: 0.0043902 seconds, Stopping threads took: 0.0000277 seconds
286.541: [GC (Allocation Failure)  568684K->240298K(1034752K), 0.0015713 secs]
286.543: Total time for which application threads were stopped: 0.0016979 seconds, Stopping threads took: 0.0000198 seconds
286.613: [GC (Allocation Failure)  561834K->247188K(1034752K), 0.0042094 secs]
286.617: Total time for which application threads were stopped: 0.0043766 seconds, Stopping threads took: 0.0000193 seconds
286.683: [GC (Allocation Failure)  568724K->251300K(1034752K), 0.0051502 secs]
286.688: Total time for which application threads were stopped: 0.0053401 seconds, Stopping threads took: 0.0000203 seconds
286.756: [GC (Allocation Failure)  572836K->245730K(1034752K), 0.0023794 secs]
286.758: Total time for which application threads were stopped: 0.0025360 seconds, Stopping threads took: 0.0000200 seconds
286.826: [GC (Allocation Failure)  567266K->251540K(1034752K), 0.0043198 secs]
286.831: Total time for which application threads were stopped: 0.0044933 seconds, Stopping threads took: 0.0000198 seconds
286.899: [GC (Allocation Failure)  573076K->255444K(1035264K), 0.0045260 secs]
286.904: Total time for which application threads were stopped: 0.0046825 seconds, Stopping threads took: 0.0000166 seconds
286.971: [GC (Allocation Failure)  577932K->251474K(1035264K), 0.0028136 secs]
286.974: Total time for which application threads were stopped: 0.0030121 seconds, Stopping threads took: 0.0000270 seconds
287.043: [GC (Allocation Failure)  574034K->255572K(1036288K), 0.0043446 secs]
287.048: Total time for which application threads were stopped: 0.0045023 seconds, Stopping threads took: 0.0000175 seconds
287.117: [GC (Allocation Failure)  579668K->259540K(1035776K), 0.0042654 secs]
287.121: Total time for which application threads were stopped: 0.0044540 seconds, Stopping threads took: 0.0000224 seconds
287.193: [GC (Allocation Failure)  583636K->259540K(1035776K), 0.0042628 secs]
287.197: Total time for which application threads were stopped: 0.0044275 seconds, Stopping threads took: 0.0000164 seconds
287.265: [GC (Allocation Failure)  583124K->259612K(1023488K), 0.0044840 secs]
287.269: Total time for which application threads were stopped: 0.0046508 seconds, Stopping threads took: 0.0000202 seconds
287.336: [GC (Allocation Failure)  583196K->267614K(1035264K), 0.0044577 secs]
287.340: Total time for which application threads were stopped: 0.0046313 seconds, Stopping threads took: 0.0000199 seconds
287.410: [GC (Allocation Failure)  590174K->267614K(1030144K), 0.0043182 secs]
287.414: Total time for which application threads were stopped: 0.0044785 seconds, Stopping threads took: 0.0000201 seconds
287.481: [GC (Allocation Failure)  590174K->267646K(1034752K), 0.0044669 secs]
287.486: Total time for which application threads were stopped: 0.0046340 seconds, Stopping threads took: 0.0000197 seconds
287.553: [GC (Allocation Failure)  589182K->275648K(1029120K), 0.0043277 secs]
287.557: Total time for which application threads were stopped: 0.0044969 seconds, Stopping threads took: 0.0000198 seconds
287.625: [GC (Allocation Failure)  597184K->275584K(1034240K), 0.0041635 secs]
287.629: Total time for which application threads were stopped: 0.0043355 seconds, Stopping threads took: 0.0000199 seconds
287.696: [GC (Allocation Failure)  596096K->275848K(1034240K), 0.0043725 secs]
287.700: Total time for which application threads were stopped: 0.0045367 seconds, Stopping threads took: 0.0000205 seconds
287.768: [GC (Allocation Failure)  596360K->283691K(1034240K), 0.0040361 secs]
287.772: Total time for which application threads were stopped: 0.0042003 seconds, Stopping threads took: 0.0000197 seconds
287.839: [GC (Allocation Failure)  604203K->283659K(1034240K), 0.0042681 secs]
287.844: Total time for which application threads were stopped: 0.0044374 seconds, Stopping threads took: 0.0000203 seconds
287.910: [GC (Allocation Failure)  604171K->284099K(1033216K), 0.0045343 secs]
287.915: Total time for which application threads were stopped: 0.0046989 seconds, Stopping threads took: 0.0000200 seconds
287.982: [GC (Allocation Failure)  603587K->291685K(1033728K), 0.0041508 secs]
287.986: Total time for which application threads were stopped: 0.0043281 seconds, Stopping threads took: 0.0000190 seconds
288.058: [GC (Allocation Failure)  611173K->291653K(1033728K), 0.0043569 secs]
288.062: Total time for which application threads were stopped: 0.0045115 seconds, Stopping threads took: 0.0000177 seconds
288.127: [GC (Allocation Failure)  611141K->291781K(1033728K), 0.0055986 secs]
288.133: Total time for which application threads were stopped: 0.0057683 seconds, Stopping threads took: 0.0000251 seconds
288.202: [GC (Allocation Failure)  611269K->299751K(1033728K), 0.0043323 secs]
288.207: Total time for which application threads were stopped: 0.0045010 seconds, Stopping threads took: 0.0000200 seconds
288.274: [GC (Allocation Failure)  619239K->299719K(1033728K), 0.0042516 secs]
288.279: Total time for which application threads were stopped: 0.0044300 seconds, Stopping threads took: 0.0000196 seconds
288.346: [GC (Allocation Failure)  619207K->299751K(1033728K), 0.0050512 secs]
288.351: Total time for which application threads were stopped: 0.0052226 seconds, Stopping threads took: 0.0000199 seconds
288.418: [GC (Allocation Failure)  619239K->307753K(1027072K), 0.0043652 secs]
288.422: Total time for which application threads were stopped: 0.0045303 seconds, Stopping threads took: 0.0000274 seconds
288.488: [GC (Allocation Failure)  627241K->303847K(1034240K), 0.0033278 secs]
288.491: Total time for which application threads were stopped: 0.0035092 seconds, Stopping threads took: 0.0000202 seconds
288.561: [GC (Allocation Failure)  623335K->307913K(1033216K), 0.0045522 secs]
288.565: Total time for which application threads were stopped: 0.0047295 seconds, Stopping threads took: 0.0000217 seconds
288.633: [GC (Allocation Failure)  627401K->311881K(1034752K), 0.0043576 secs]
288.637: Total time for which application threads were stopped: 0.0045294 seconds, Stopping threads took: 0.0000201 seconds
288.705: [GC (Allocation Failure)  633417K->305095K(1034752K), 0.0017254 secs]
288.707: Total time for which application threads were stopped: 0.0018638 seconds, Stopping threads took: 0.0000204 seconds
288.775: [GC (Allocation Failure)  626631K->311953K(1034752K), 0.0041485 secs]
288.779: Total time for which application threads were stopped: 0.0043237 seconds, Stopping threads took: 0.0000197 seconds
288.846: [GC (Allocation Failure)  633489K->316033K(1034752K), 0.0054175 secs]
288.851: Total time for which application threads were stopped: 0.0055911 seconds, Stopping threads took: 0.0000198 seconds
288.917: [GC (Allocation Failure)  637569K->310463K(1034752K), 0.0022642 secs]
288.919: Total time for which application threads were stopped: 0.0024158 seconds, Stopping threads took: 0.0000255 seconds
288.988: [GC (Allocation Failure)  631999K->316273K(1034752K), 0.0044364 secs]
288.992: Total time for which application threads were stopped: 0.0046007 seconds, Stopping threads took: 0.0000202 seconds
289.059: [GC (Allocation Failure)  637809K->320177K(1034752K), 0.0046148 secs]
289.064: Total time for which application threads were stopped: 0.0047950 seconds, Stopping threads took: 0.0000197 seconds
289.130: [GC (Allocation Failure)  642666K->316271K(1035264K), 0.0036886 secs]
289.134: Total time for which application threads were stopped: 0.0038467 seconds, Stopping threads took: 0.0000239 seconds
289.203: [GC (Allocation Failure)  638831K->320297K(1036288K), 0.0045083 secs]
289.207: Total time for which application threads were stopped: 0.0046778 seconds, Stopping threads took: 0.0000211 seconds
289.275: [GC (Allocation Failure)  644393K->324297K(1035776K), 0.0041822 secs]
289.279: Total time for which application threads were stopped: 0.0043588 seconds, Stopping threads took: 0.0000263 seconds
289.349: [GC (Allocation Failure)  648393K->324297K(1035776K), 0.0042872 secs]
289.353: Total time for which application threads were stopped: 0.0044497 seconds, Stopping threads took: 0.0000205 seconds
289.421: [GC (Allocation Failure)  647881K->324353K(1023488K), 0.0044953 secs]
289.426: Total time for which application threads were stopped: 0.0046649 seconds, Stopping threads took: 0.0000269 seconds
289.493: [GC (Allocation Failure)  647937K->332356K(1035264K), 0.0044963 secs]
289.497: Total time for which application threads were stopped: 0.0046727 seconds, Stopping threads took: 0.0000357 seconds
289.565: [GC (Allocation Failure)  654916K->332324K(1030144K), 0.0041208 secs]
289.569: Total time for which application threads were stopped: 0.0043133 seconds, Stopping threads took: 0.0000198 seconds
289.638: [GC (Allocation Failure)  654884K->332396K(1034752K), 0.0046649 secs]
289.643: Total time for which application threads were stopped: 0.0048321 seconds, Stopping threads took: 0.0000196 seconds
289.710: [GC (Allocation Failure)  653932K->340366K(1034752K), 0.0043914 secs]
289.714: Total time for which application threads were stopped: 0.0045592 seconds, Stopping threads took: 0.0000194 seconds
289.782: [GC (Allocation Failure)  661902K->340366K(1033728K), 0.0041475 secs]
289.786: Total time for which application threads were stopped: 0.0043156 seconds, Stopping threads took: 0.0000193 seconds
289.853: [GC (Allocation Failure)  660878K->340622K(1034240K), 0.0064585 secs]
289.859: Total time for which application threads were stopped: 0.0066365 seconds, Stopping threads took: 0.0000203 seconds
289.929: [GC (Allocation Failure)  661134K->348400K(1034240K), 0.0043240 secs]
289.933: Total time for which application threads were stopped: 0.0044906 seconds, Stopping threads took: 0.0000196 seconds
290.001: [GC (Allocation Failure)  668912K->348400K(1034240K), 0.0044259 secs]
290.006: Total time for which application threads were stopped: 0.0045935 seconds, Stopping threads took: 0.0000198 seconds
290.073: [GC (Allocation Failure)  668912K->348816K(1033216K), 0.0045119 secs]
290.077: Total time for which application threads were stopped: 0.0046708 seconds, Stopping threads took: 0.0000193 seconds
290.145: [GC (Allocation Failure)  668304K->356435K(1033728K), 0.0057075 secs]
290.151: Total time for which application threads were stopped: 0.0058794 seconds, Stopping threads took: 0.0000264 seconds
290.221: [GC (Allocation Failure)  675923K->356435K(1033728K), 0.0045915 secs]
290.226: Total time for which application threads were stopped: 0.0047689 seconds, Stopping threads took: 0.0000192 seconds
290.291: [GC (Allocation Failure)  675923K->356595K(1033728K), 0.0046473 secs]
290.296: Total time for which application threads were stopped: 0.0048212 seconds, Stopping threads took: 0.0000200 seconds
290.364: [GC (Allocation Failure)  676083K->364469K(1033728K), 0.0042870 secs]
290.369: Total time for which application threads were stopped: 0.0044558 seconds, Stopping threads took: 0.0000194 seconds
290.436: [GC (Allocation Failure)  683957K->364469K(1033728K), 0.0042804 secs]
290.440: Total time for which application threads were stopped: 0.0044680 seconds, Stopping threads took: 0.0000271 seconds
290.507: [GC (Allocation Failure)  683957K->364541K(1033728K), 0.0047922 secs]
290.512: Total time for which application threads were stopped: 0.0049858 seconds, Stopping threads took: 0.0000197 seconds
290.580: [GC (Allocation Failure)  684029K->372511K(1027072K), 0.0046392 secs]
290.584: Total time for which application threads were stopped: 0.0048104 seconds, Stopping threads took: 0.0000201 seconds
290.649: [GC (Allocation Failure)  691999K->368605K(1034240K), 0.0034832 secs]
290.653: Total time for which application threads were stopped: 0.0036417 seconds, Stopping threads took: 0.0000198 seconds
290.720: [GC (Allocation Failure)  688093K->372679K(1033216K), 0.0048121 secs]
290.725: Total time for which application threads were stopped: 0.0049815 seconds, Stopping threads took: 0.0000187 seconds
290.792: [GC (Allocation Failure)  692167K->376647K(1034752K), 0.0044353 secs]
290.797: Total time for which application threads were stopped: 0.0046329 seconds, Stopping threads took: 0.0000203 seconds
290.865: [GC (Allocation Failure)  698183K->369861K(1034752K), 0.0017565 secs]
290.867: Total time for which application threads were stopped: 0.0018780 seconds, Stopping threads took: 0.0000167 seconds
290.934: [GC (Allocation Failure)  691397K->376711K(1034752K), 0.0042554 secs]
290.939: Total time for which application threads were stopped: 0.0044258 seconds, Stopping threads took: 0.0000278 seconds
291.005: [GC (Allocation Failure)  698247K->380791K(1034752K), 0.0055420 secs]
291.011: Total time for which application threads were stopped: 0.0057131 seconds, Stopping threads took: 0.0000282 seconds
291.077: [GC (Allocation Failure)  702327K->375221K(1034752K), 0.0035521 secs]
291.080: Total time for which application threads were stopped: 0.0036980 seconds, Stopping threads took: 0.0000190 seconds
291.150: [GC (Allocation Failure)  696757K->381055K(1034752K), 0.0074257 secs]
291.157: Total time for which application threads were stopped: 0.0075833 seconds, Stopping threads took: 0.0000176 seconds
291.226: [GC (Allocation Failure)  702591K->384959K(1034752K), 0.0048476 secs]
291.230: Total time for which application threads were stopped: 0.0050153 seconds, Stopping threads took: 0.0000283 seconds
291.297: [GC (Allocation Failure)  707447K->381021K(1035264K), 0.0031895 secs]
291.300: Total time for which application threads were stopped: 0.0033784 seconds, Stopping threads took: 0.0000192 seconds
291.371: [GC (Allocation Failure)  703581K->385087K(1036288K), 0.0046296 secs]
291.375: Total time for which application threads were stopped: 0.0048104 seconds, Stopping threads took: 0.0000198 seconds
291.443: [GC (Allocation Failure)  709183K->389055K(1035776K), 0.0043253 secs]
291.448: Total time for which application threads were stopped: 0.0045131 seconds, Stopping threads took: 0.0000266 seconds
291.516: [GC (Allocation Failure)  713151K->389055K(1035776K), 0.0042964 secs]
291.521: Total time for which application threads were stopped: 0.0044919 seconds, Stopping threads took: 0.0000202 seconds
291.591: [GC (Allocation Failure)  712639K->389127K(1023488K), 0.0046831 secs]
291.596: Total time for which application threads were stopped: 0.0048539 seconds, Stopping threads took: 0.0000194 seconds
291.662: [GC (Allocation Failure)  712711K->397097K(1035264K), 0.0046602 secs]
291.667: Total time for which application threads were stopped: 0.0048527 seconds, Stopping threads took: 0.0000201 seconds
291.736: [GC (Allocation Failure)  719657K->397097K(1030144K), 0.0043833 secs]
291.740: Total time for which application threads were stopped: 0.0045523 seconds, Stopping threads took: 0.0000205 seconds
291.808: [GC (Allocation Failure)  719657K->397161K(1034752K), 0.0046400 secs]
291.812: Total time for which application threads were stopped: 0.0048069 seconds, Stopping threads took: 0.0000197 seconds
291.879: [GC (Allocation Failure)  718697K->405132K(1034752K), 0.0046675 secs]
291.884: Total time for which application threads were stopped: 0.0048628 seconds, Stopping threads took: 0.0000199 seconds
291.954: [GC (Allocation Failure)  726668K->405132K(1033728K), 0.0043680 secs]
291.959: Total time for which application threads were stopped: 0.0045522 seconds, Stopping threads took: 0.0000260 seconds
292.027: [GC (Allocation Failure)  725644K->405388K(1034240K), 0.0047812 secs]
292.032: Total time for which application threads were stopped: 0.0049496 seconds, Stopping threads took: 0.0000261 seconds
292.100: [GC (Allocation Failure)  725900K->413198K(1034240K), 0.0044554 secs]
292.105: Total time for which application threads were stopped: 0.0046217 seconds, Stopping threads took: 0.0000204 seconds
292.173: [GC (Allocation Failure)  733710K->413166K(1034240K), 0.0046912 secs]
292.178: Total time for which application threads were stopped: 0.0048486 seconds, Stopping threads took: 0.0000174 seconds
292.246: [GC (Allocation Failure)  733678K->413606K(1033216K), 0.0047737 secs]
292.251: Total time for which application threads were stopped: 0.0049348 seconds, Stopping threads took: 0.0000204 seconds
292.318: [GC (Allocation Failure)  733094K->421192K(1033728K), 0.0045594 secs]
292.323: Total time for which application threads were stopped: 0.0047368 seconds, Stopping threads took: 0.0000243 seconds
292.391: [GC (Allocation Failure)  740680K->421224K(1033728K), 0.0044011 secs]
292.395: Total time for which application threads were stopped: 0.0045624 seconds, Stopping threads took: 0.0000197 seconds
292.461: [GC (Allocation Failure)  740712K->421352K(1033728K), 0.0045534 secs]
292.465: Total time for which application threads were stopped: 0.0047145 seconds, Stopping threads took: 0.0000270 seconds
292.533: [GC (Allocation Failure)  740840K->429226K(1033728K), 0.0044615 secs]
292.537: Total time for which application threads were stopped: 0.0046254 seconds, Stopping threads took: 0.0000200 seconds
292.605: [GC (Allocation Failure)  748714K->429258K(1033728K), 0.0044913 secs]
292.609: Total time for which application threads were stopped: 0.0046643 seconds, Stopping threads took: 0.0000199 seconds
292.676: [GC (Allocation Failure)  748746K->429290K(1033728K), 0.0048928 secs]
292.681: Total time for which application threads were stopped: 0.0051073 seconds, Stopping threads took: 0.0000196 seconds
292.749: [GC (Allocation Failure)  748778K->437261K(1027072K), 0.0047535 secs]
292.754: Total time for which application threads were stopped: 0.0049265 seconds, Stopping threads took: 0.0000201 seconds
292.820: [GC (Allocation Failure)  756748K->433354K(1034240K), 0.0034581 secs]
292.823: Total time for which application threads were stopped: 0.0036228 seconds, Stopping threads took: 0.0000205 seconds
292.891: [GC (Allocation Failure)  752842K->437421K(1033216K), 0.0048827 secs]
292.896: Total time for which application threads were stopped: 0.0050773 seconds, Stopping threads took: 0.0000198 seconds
292.965: [GC (Allocation Failure)  756909K->441421K(1034752K), 0.0045205 secs]
292.970: Total time for which application threads were stopped: 0.0046929 seconds, Stopping threads took: 0.0000286 seconds
293.036: [GC (Allocation Failure)  762957K->434634K(1034752K), 0.0021872 secs]
293.039: Total time for which application threads were stopped: 0.0023225 seconds, Stopping threads took: 0.0000193 seconds
293.105: [GC (Allocation Failure)  756170K->441453K(1034752K), 0.0058054 secs]
293.111: Total time for which application threads were stopped: 0.0059767 seconds, Stopping threads took: 0.0000191 seconds
293.178: [GC (Allocation Failure)  762989K->445565K(1034752K), 0.0053832 secs]
293.184: Total time for which application threads were stopped: 0.0055505 seconds, Stopping threads took: 0.0000199 seconds
293.249: [GC (Allocation Failure)  767101K->439962K(1034752K), 0.0026239 secs]
293.251: Total time for which application threads were stopped: 0.0027843 seconds, Stopping threads took: 0.0000191 seconds
293.321: [GC (Allocation Failure)  761498K->445837K(1034752K), 0.0045884 secs]
293.325: Total time for which application threads were stopped: 0.0047443 seconds, Stopping threads took: 0.0000176 seconds
293.393: [GC (Allocation Failure)  767373K->449645K(1035264K), 0.0049848 secs]
293.398: Total time for which application threads were stopped: 0.0051595 seconds, Stopping threads took: 0.0000261 seconds
293.465: [GC (Allocation Failure)  772133K->445770K(1035264K), 0.0032713 secs]
293.468: Total time for which application threads were stopped: 0.0034388 seconds, Stopping threads took: 0.0000269 seconds
293.536: [GC (Allocation Failure)  768330K->449805K(1036288K), 0.0048844 secs]
293.541: Total time for which application threads were stopped: 0.0050562 seconds, Stopping threads took: 0.0000224 seconds
293.609: [GC (Allocation Failure)  773901K->453837K(1035776K), 0.0046133 secs]
293.614: Total time for which application threads were stopped: 0.0047943 seconds, Stopping threads took: 0.0000202 seconds
293.682: [GC (Allocation Failure)  777933K->453805K(1035776K), 0.0045821 secs]
293.687: Total time for which application threads were stopped: 0.0047454 seconds, Stopping threads took: 0.0000203 seconds
293.755: [GC (Allocation Failure)  777389K->453869K(1023488K), 0.0047100 secs]
293.760: Total time for which application threads were stopped: 0.0048794 seconds, Stopping threads took: 0.0000204 seconds
293.826: [GC (Allocation Failure)  777453K->461871K(1035264K), 0.0046756 secs]
293.831: Total time for which application threads were stopped: 0.0048319 seconds, Stopping threads took: 0.0000194 seconds
293.899: [GC (Allocation Failure)  784431K->461839K(1030144K), 0.0043558 secs]
293.903: Total time for which application threads were stopped: 0.0045200 seconds, Stopping threads took: 0.0000196 seconds
293.971: [GC (Allocation Failure)  784399K->461903K(1034752K), 0.0046850 secs]
293.976: Total time for which application threads were stopped: 0.0048564 seconds, Stopping threads took: 0.0000263 seconds
294.045: [GC (Allocation Failure)  783439K->469905K(1029120K), 0.0047934 secs]
294.050: Total time for which application threads were stopped: 0.0049574 seconds, Stopping threads took: 0.0000202 seconds
294.119: [GC (Allocation Failure)  791441K->469905K(1034240K), 0.0043393 secs]
294.123: Total time for which application threads were stopped: 0.0045098 seconds, Stopping threads took: 0.0000201 seconds
294.191: [GC (Allocation Failure)  790417K->470089K(1034240K), 0.0046231 secs]
294.196: Total time for which application threads were stopped: 0.0047739 seconds, Stopping threads took: 0.0000178 seconds
294.264: [GC (Allocation Failure)  790601K->477899K(1034240K), 0.0045618 secs]
294.269: Total time for which application threads were stopped: 0.0047447 seconds, Stopping threads took: 0.0000197 seconds
294.337: [GC (Allocation Failure)  798411K->477899K(1034240K), 0.0046084 secs]
294.342: Total time for which application threads were stopped: 0.0047673 seconds, Stopping threads took: 0.0000193 seconds
294.409: [GC (Allocation Failure)  798411K->478347K(1033216K), 0.0050383 secs]
294.414: Total time for which application threads were stopped: 0.0052098 seconds, Stopping threads took: 0.0000201 seconds
294.485: [GC (Allocation Failure)  797835K->485966K(1033728K), 0.0045090 secs]
294.489: Total time for which application threads were stopped: 0.0047122 seconds, Stopping threads took: 0.0000275 seconds
294.559: [GC (Allocation Failure)  805454K->485966K(1033728K), 0.0046573 secs]
294.563: Total time for which application threads were stopped: 0.0048176 seconds, Stopping threads took: 0.0000169 seconds
294.629: [GC (Allocation Failure)  805454K->486070K(1033728K), 0.0047185 secs]
294.634: Total time for which application threads were stopped: 0.0048824 seconds, Stopping threads took: 0.0000183 seconds
294.701: [GC (Allocation Failure)  805558K->493976K(1033728K), 0.0045294 secs]
294.706: Total time for which application threads were stopped: 0.0046849 seconds, Stopping threads took: 0.0000190 seconds
294.774: [GC (Allocation Failure)  813464K->493976K(1033728K), 0.0047191 secs]
294.779: Total time for which application threads were stopped: 0.0048813 seconds, Stopping threads took: 0.0000202 seconds
294.845: [GC (Allocation Failure)  813464K->494040K(1033728K), 0.0048242 secs]
294.850: Total time for which application threads were stopped: 0.0049955 seconds, Stopping threads took: 0.0000204 seconds
294.917: [GC (Allocation Failure)  813528K->502010K(1027072K), 0.0048507 secs]
294.922: Total time for which application threads were stopped: 0.0050267 seconds, Stopping threads took: 0.0000205 seconds
294.988: [GC (Allocation Failure)  821498K->498136K(1034240K), 0.0035917 secs]
294.991: Total time for which application threads were stopped: 0.0037818 seconds, Stopping threads took: 0.0000260 seconds
295.061: [GC (Allocation Failure)  817624K->502170K(1033216K), 0.0048135 secs]
295.066: Total time for which application threads were stopped: 0.0049626 seconds, Stopping threads took: 0.0000166 seconds
295.134: [GC (Allocation Failure)  821658K->506138K(1034752K), 0.0045782 secs]
295.138: Total time for which application threads were stopped: 0.0047570 seconds, Stopping threads took: 0.0000264 seconds
295.208: [GC (Allocation Failure)  827674K->499384K(1034752K), 0.0021972 secs]
295.210: Total time for which application threads were stopped: 0.0023378 seconds, Stopping threads took: 0.0000196 seconds
295.277: [GC (Allocation Failure)  820920K->506170K(1034752K), 0.0044677 secs]
295.281: Total time for which application threads were stopped: 0.0046298 seconds, Stopping threads took: 0.0000195 seconds
295.347: [GC (Allocation Failure)  827706K->510282K(1034752K), 0.0057495 secs]
295.353: Total time for which application threads were stopped: 0.0059425 seconds, Stopping threads took: 0.0000198 seconds
295.419: [GC (Allocation Failure)  831818K->504712K(1034752K), 0.0028466 secs]
295.422: Total time for which application threads were stopped: 0.0030014 seconds, Stopping threads took: 0.0000197 seconds
295.490: [GC (Allocation Failure)  826248K->510554K(1034752K), 0.0049323 secs]
295.495: Total time for which application threads were stopped: 0.0051075 seconds, Stopping threads took: 0.0000215 seconds
295.562: [GC (Allocation Failure)  832090K->514458K(1034752K), 0.0051308 secs]
295.567: Total time for which application threads were stopped: 0.0052976 seconds, Stopping threads took: 0.0000201 seconds
295.633: [GC (Allocation Failure)  836947K->510520K(1035264K), 0.0034547 secs]
295.637: Total time for which application threads were stopped: 0.0036084 seconds, Stopping threads took: 0.0000196 seconds
295.705: [GC (Allocation Failure)  833080K->514578K(1036288K), 0.0046840 secs]
295.710: Total time for which application threads were stopped: 0.0048537 seconds, Stopping threads took: 0.0000200 seconds
295.777: [GC (Allocation Failure)  838674K->518546K(1035776K), 0.0047111 secs]
295.782: Total time for which application threads were stopped: 0.0048813 seconds, Stopping threads took: 0.0000207 seconds
295.850: [GC (Allocation Failure)  842642K->518546K(1035776K), 0.0046650 secs]
295.855: Total time for which application threads were stopped: 0.0048355 seconds, Stopping threads took: 0.0000206 seconds
295.924: [GC (Allocation Failure)  842130K->518610K(1023488K), 0.0050478 secs]
295.929: Total time for which application threads were stopped: 0.0052244 seconds, Stopping threads took: 0.0000284 seconds
295.995: [GC (Allocation Failure)  842194K->526581K(1035264K), 0.0065426 secs]
296.001: Total time for which application threads were stopped: 0.0067156 seconds, Stopping threads took: 0.0000207 seconds
296.070: [GC (Allocation Failure)  849141K->526613K(1030144K), 0.0044910 secs]
296.074: Total time for which application threads were stopped: 0.0046924 seconds, Stopping threads took: 0.0000220 seconds
296.144: [GC (Allocation Failure)  849173K->526613K(1034752K), 0.0057540 secs]
296.150: Total time for which application threads were stopped: 0.0059665 seconds, Stopping threads took: 0.0000263 seconds
296.217: [GC (Allocation Failure)  848149K->534615K(1029120K), 0.0048273 secs]
296.222: Total time for which application threads were stopped: 0.0050097 seconds, Stopping threads took: 0.0000168 seconds
296.291: [GC (Allocation Failure)  856151K->534615K(1034240K), 0.0046389 secs]
296.295: Total time for which application threads were stopped: 0.0048080 seconds, Stopping threads took: 0.0000199 seconds
296.362: [GC (Allocation Failure)  855127K->534847K(1034240K), 0.0048838 secs]
296.367: Total time for which application threads were stopped: 0.0050649 seconds, Stopping threads took: 0.0000201 seconds
296.436: [GC (Allocation Failure)  855359K->542689K(1034240K), 0.0045079 secs]
296.441: Total time for which application threads were stopped: 0.0046549 seconds, Stopping threads took: 0.0000250 seconds
296.509: [GC (Allocation Failure)  863201K->542625K(1034240K), 0.0048729 secs]
296.514: Total time for which application threads were stopped: 0.0050441 seconds, Stopping threads took: 0.0000200 seconds
296.581: [GC (Allocation Failure)  863137K->543113K(1033216K), 0.0049929 secs]
296.586: Total time for which application threads were stopped: 0.0051638 seconds, Stopping threads took: 0.0000203 seconds
296.653: [GC (Allocation Failure)  862601K->550699K(1033728K), 0.0049567 secs]
296.658: Total time for which application threads were stopped: 0.0051268 seconds, Stopping threads took: 0.0000196 seconds
296.725: [GC (Allocation Failure)  870187K->550699K(1033728K), 0.0064897 secs]
296.732: Total time for which application threads were stopped: 0.0066648 seconds, Stopping threads took: 0.0000198 seconds
296.797: [GC (Allocation Failure)  870187K->550851K(1033728K), 0.0051187 secs]
296.802: Total time for which application threads were stopped: 0.0052919 seconds, Stopping threads took: 0.0000208 seconds
296.870: [GC (Allocation Failure)  870339K->558758K(1033728K), 0.0046438 secs]
296.874: Total time for which application threads were stopped: 0.0048171 seconds, Stopping threads took: 0.0000200 seconds
296.943: [GC (Allocation Failure)  878246K->558758K(1033728K), 0.0048181 secs]
296.948: Total time for which application threads were stopped: 0.0050244 seconds, Stopping threads took: 0.0000270 seconds
297.017: [GC (Allocation Failure)  878246K->558790K(1033728K), 0.0065514 secs]
297.023: Total time for which application threads were stopped: 0.0067017 seconds, Stopping threads took: 0.0000167 seconds
297.091: [GC (Allocation Failure)  878278K->566760K(1027072K), 0.0049136 secs]
297.096: Total time for which application threads were stopped: 0.0050879 seconds, Stopping threads took: 0.0000201 seconds
297.162: [GC (Allocation Failure)  886247K->562854K(1034240K), 0.0039385 secs]
297.166: Total time for which application threads were stopped: 0.0041299 seconds, Stopping threads took: 0.0000194 seconds
297.236: [GC (Allocation Failure)  882342K->566920K(1033216K), 0.0049495 secs]
297.241: Total time for which application threads were stopped: 0.0051298 seconds, Stopping threads took: 0.0000188 seconds
297.308: [GC (Allocation Failure)  886408K->570888K(1034752K), 0.0046153 secs]
297.312: Total time for which application threads were stopped: 0.0047798 seconds, Stopping threads took: 0.0000191 seconds
297.381: [GC (Allocation Failure)  892424K->564102K(1034752K), 0.0023623 secs]
297.383: Total time for which application threads were stopped: 0.0025049 seconds, Stopping threads took: 0.0000194 seconds
297.451: [GC (Allocation Failure)  885638K->570952K(1034752K), 0.0047031 secs]
297.456: Total time for which application threads were stopped: 0.0048749 seconds, Stopping threads took: 0.0000278 seconds
297.522: [GC (Allocation Failure)  892488K->575032K(1034752K), 0.0059735 secs]
297.528: Total time for which application threads were stopped: 0.0061469 seconds, Stopping threads took: 0.0000267 seconds
297.593: [GC (Allocation Failure)  896568K->569462K(1034752K), 0.0028452 secs]
297.596: Total time for which application threads were stopped: 0.0030121 seconds, Stopping threads took: 0.0000202 seconds
297.665: [GC (Allocation Failure)  890998K->575272K(1034752K), 0.0049758 secs]
297.671: Total time for which application threads were stopped: 0.0051402 seconds, Stopping threads took: 0.0000254 seconds
297.738: [GC (Allocation Failure)  896808K->579176K(1034752K), 0.0052853 secs]
297.743: Total time for which application threads were stopped: 0.0054779 seconds, Stopping threads took: 0.0000200 seconds
297.811: [GC (Allocation Failure)  901664K->575270K(1035264K), 0.0037687 secs]
297.815: Total time for which application threads were stopped: 0.0039227 seconds, Stopping threads took: 0.0000192 seconds
297.883: [GC (Allocation Failure)  897830K->579336K(1036288K), 0.0050831 secs]
297.888: Total time for which application threads were stopped: 0.0052496 seconds, Stopping threads took: 0.0000190 seconds
297.955: [GC (Allocation Failure)  903432K->583336K(1035776K), 0.0048571 secs]
297.960: Total time for which application threads were stopped: 0.0050271 seconds, Stopping threads took: 0.0000281 seconds
298.028: [GC (Allocation Failure)  907432K->583304K(1035776K), 0.0048171 secs]
298.033: Total time for which application threads were stopped: 0.0049724 seconds, Stopping threads took: 0.0000197 seconds
298.102: [GC (Allocation Failure)  906888K->583368K(1023488K), 0.0048593 secs]
298.107: Total time for which application threads were stopped: 0.0050491 seconds, Stopping threads took: 0.0000195 seconds
298.176: [GC (Allocation Failure)  906952K->591338K(1035264K), 0.0050408 secs]
298.181: Total time for which application threads were stopped: 0.0052187 seconds, Stopping threads took: 0.0000201 seconds
298.249: [GC (Allocation Failure)  913898K->591338K(1030144K), 0.0047850 secs]
298.254: Total time for which application threads were stopped: 0.0049557 seconds, Stopping threads took: 0.0000209 seconds
298.322: [GC (Allocation Failure)  913898K->591402K(1034752K), 0.0049730 secs]
298.327: Total time for which application threads were stopped: 0.0051425 seconds, Stopping threads took: 0.0000200 seconds
298.395: [GC (Allocation Failure)  912938K->599372K(1034752K), 0.0048995 secs]
298.400: Total time for which application threads were stopped: 0.0050692 seconds, Stopping threads took: 0.0000195 seconds
298.468: [GC (Allocation Failure)  920908K->599404K(1033728K), 0.0047222 secs]
298.473: Total time for which application threads were stopped: 0.0048988 seconds, Stopping threads took: 0.0000280 seconds
298.540: [GC (Allocation Failure)  919916K->599620K(1034240K), 0.0052888 secs]
298.545: Total time for which application threads were stopped: 0.0054581 seconds, Stopping threads took: 0.0000198 seconds
298.613: [GC (Allocation Failure)  920132K->607399K(1034240K), 0.0047510 secs]
298.617: Total time for which application threads were stopped: 0.0049188 seconds, Stopping threads took: 0.0000200 seconds
298.685: [GC (Allocation Failure)  927911K->607367K(1034240K), 0.0050133 secs]
298.690: Total time for which application threads were stopped: 0.0051836 seconds, Stopping threads took: 0.0000197 seconds
298.757: [GC (Allocation Failure)  927879K->607839K(1034240K), 0.0050611 secs]
298.762: Total time for which application threads were stopped: 0.0052423 seconds, Stopping threads took: 0.0000217 seconds
298.829: [GC (Allocation Failure)  928351K->615425K(1028096K), 0.0064621 secs]
298.835: Total time for which application threads were stopped: 0.0066301 seconds, Stopping threads took: 0.0000198 seconds
298.901: [GC (Allocation Failure)  935937K->615425K(1033728K), 0.0049404 secs]
298.906: Total time for which application threads were stopped: 0.0051026 seconds, Stopping threads took: 0.0000198 seconds
298.972: [GC (Allocation Failure)  934913K->615593K(1033728K), 0.0049266 secs]
298.977: Total time for which application threads were stopped: 0.0051147 seconds, Stopping threads took: 0.0000269 seconds
299.044: [GC (Allocation Failure)  935081K->623467K(1033728K), 0.0048383 secs]
299.049: Total time for which application threads were stopped: 0.0049945 seconds, Stopping threads took: 0.0000192 seconds
299.116: [GC (Allocation Failure)  942955K->623499K(1033728K), 0.0048337 secs]
299.121: Total time for which application threads were stopped: 0.0050257 seconds, Stopping threads took: 0.0000196 seconds
299.190: [GC (Allocation Failure)  942987K->623523K(1033728K), 0.0051880 secs]
299.195: Total time for which application threads were stopped: 0.0053726 seconds, Stopping threads took: 0.0000166 seconds
299.262: [GC (Allocation Failure)  943011K->631461K(1027072K), 0.0049707 secs]
299.267: Total time for which application threads were stopped: 0.0051458 seconds, Stopping threads took: 0.0000173 seconds
299.334: [GC (Allocation Failure)  950949K->627619K(1034240K), 0.0039161 secs]
299.338: Total time for which application threads were stopped: 0.0040868 seconds, Stopping threads took: 0.0000198 seconds
299.407: [GC (Allocation Failure)  947107K->631653K(1033216K), 0.0053896 secs]
299.412: Total time for which application threads were stopped: 0.0055704 seconds, Stopping threads took: 0.0000197 seconds
299.480: [GC (Allocation Failure)  951141K->635621K(1034752K), 0.0047849 secs]
299.485: Total time for which application threads were stopped: 0.0049478 seconds, Stopping threads took: 0.0000201 seconds
299.552: [GC (Allocation Failure)  957157K->628835K(1034752K), 0.0025257 secs]
299.555: Total time for which application threads were stopped: 0.0026698 seconds, Stopping threads took: 0.0000194 seconds
299.621: [GC (Allocation Failure)  950371K->635725K(1034752K), 0.0048002 secs]
299.626: Total time for which application threads were stopped: 0.0049736 seconds, Stopping threads took: 0.0000199 seconds
299.694: [GC (Allocation Failure)  957261K->639765K(1034752K), 0.0059929 secs]
299.700: Total time for which application threads were stopped: 0.0061420 seconds, Stopping threads took: 0.0000169 seconds
299.766: [GC (Allocation Failure)  961301K->634227K(1034752K), 0.0031540 secs]
299.769: Total time for which application threads were stopped: 0.0033237 seconds, Stopping threads took: 0.0000197 seconds
299.838: [GC (Allocation Failure)  955763K->640069K(1034752K), 0.0049407 secs]
299.843: Total time for which application threads were stopped: 0.0051031 seconds, Stopping threads took: 0.0000202 seconds
299.911: [GC (Allocation Failure)  961605K->643917K(1034752K), 0.0053811 secs]
299.916: Total time for which application threads were stopped: 0.0055524 seconds, Stopping threads took: 0.0000280 seconds
299.984: [GC (Allocation Failure)  966406K->640011K(1035264K), 0.0038378 secs]
299.987: Total time for which application threads were stopped: 0.0040157 seconds, Stopping threads took: 0.0000288 seconds
300.056: [GC (Allocation Failure)  962571K->644045K(1036288K), 0.0052791 secs]
300.061: Total time for which application threads were stopped: 0.0054719 seconds, Stopping threads took: 0.0000195 seconds
300.130: [GC (Allocation Failure)  968141K->648045K(1035776K), 0.0056621 secs]
300.136: Total time for which application threads were stopped: 0.0058231 seconds, Stopping threads took: 0.0000238 seconds
300.205: [GC (Allocation Failure)  972141K->648045K(1035776K), 0.0050365 secs]
300.210: Total time for which application threads were stopped: 0.0052131 seconds, Stopping threads took: 0.0000192 seconds
300.278: [GC (Allocation Failure)  971629K->648109K(1023488K), 0.0058729 secs]
300.284: Total time for which application threads were stopped: 0.0060441 seconds, Stopping threads took: 0.0000200 seconds
300.350: [GC (Allocation Failure)  971693K->656112K(1035264K), 0.0048983 secs]
300.355: Total time for which application threads were stopped: 0.0050668 seconds, Stopping threads took: 0.0000191 seconds
300.424: [GC (Allocation Failure)  978672K->656112K(1030144K), 0.0048420 secs]
300.429: Total time for which application threads were stopped: 0.0050073 seconds, Stopping threads took: 0.0000197 seconds
300.499: [GC (Allocation Failure)  978672K->656136K(1034752K), 0.0048578 secs]
300.504: Total time for which application threads were stopped: 0.0050294 seconds, Stopping threads took: 0.0000284 seconds
300.572: [GC (Allocation Failure)  977672K->664138K(1029120K), 0.0051530 secs]
300.577: Total time for which application threads were stopped: 0.0053320 seconds, Stopping threads took: 0.0000198 seconds
300.645: [GC (Allocation Failure)  985674K->664138K(1034240K), 0.0046796 secs]
300.650: Total time for which application threads were stopped: 0.0048740 seconds, Stopping threads took: 0.0000207 seconds
300.718: [GC (Allocation Failure)  984650K->664330K(1034240K), 0.0050804 secs]
300.723: Total time for which application threads were stopped: 0.0052432 seconds, Stopping threads took: 0.0000199 seconds
300.791: [GC (Allocation Failure)  984842K->672140K(1034240K), 0.0047802 secs]
300.795: Total time for which application threads were stopped: 0.0049506 seconds, Stopping threads took: 0.0000196 seconds
300.863: [GC (Allocation Failure)  992652K->672140K(1034240K), 0.0051742 secs]
300.868: Total time for which application threads were stopped: 0.0053463 seconds, Stopping threads took: 0.0000206 seconds
300.935: [GC (Allocation Failure)  992652K->672548K(1033216K), 0.0051870 secs]
300.940: Total time for which application threads were stopped: 0.0053397 seconds, Stopping threads took: 0.0000263 seconds
301.007: [GC (Allocation Failure)  992036K->680167K(1033728K), 0.0080800 secs]
301.016: Total time for which application threads were stopped: 0.0082558 seconds, Stopping threads took: 0.0000185 seconds
301.084: [GC (Allocation Failure)  999655K->680167K(1033728K), 0.0050373 secs]
301.089: Total time for which application threads were stopped: 0.0052223 seconds, Stopping threads took: 0.0000219 seconds
301.154: [GC (Allocation Failure)  999655K->680327K(1033728K), 0.0050942 secs]
301.160: Total time for which application threads were stopped: 0.0052785 seconds, Stopping threads took: 0.0000152 seconds
301.227: [GC (Allocation Failure)  999815K->688265K(1033728K), 0.0049105 secs]
301.232: Total time for which application threads were stopped: 0.0050770 seconds, Stopping threads took: 0.0000174 seconds
301.300: [GC (Allocation Failure)  1007753K->688233K(1033728K), 0.0051642 secs]
301.305: Total time for which application threads were stopped: 0.0053333 seconds, Stopping threads took: 0.0000206 seconds
301.372: [GC (Allocation Failure)  1007721K->688265K(1032704K), 0.0049794 secs]
301.377: [Full GC (Ergonomics)  688265K->8540K(1032704K), 0.0125803 secs]
301.390: Total time for which application threads were stopped: 0.0178202 seconds, Stopping threads took: 0.0000201 seconds
301.458: [GC (Allocation Failure)  327004K->16735K(1033216K), 0.0036588 secs]
301.462: Total time for which application threads were stopped: 0.0038529 seconds, Stopping threads took: 0.0000273 seconds
301.530: [GC (Allocation Failure)  335199K->11188K(1033728K), 0.0013688 secs]
301.531: Total time for which application threads were stopped: 0.0015152 seconds, Stopping threads took: 0.0000248 seconds
301.599: [GC (Allocation Failure)  330164K->16975K(1033216K), 0.0038006 secs]
301.603: Total time for which application threads were stopped: 0.0039737 seconds, Stopping threads took: 0.0000201 seconds
301.673: [GC (Allocation Failure)  335951K->20863K(1034240K), 0.0040200 secs]
301.677: Total time for which application threads were stopped: 0.0041858 seconds, Stopping threads took: 0.0000207 seconds
301.744: [GC (Allocation Failure)  341375K->26748K(1034240K), 0.0062671 secs]
301.751: Total time for which application threads were stopped: 0.0064378 seconds, Stopping threads took: 0.0000195 seconds
301.818: [GC (Allocation Failure)  347260K->21023K(1030144K), 0.0040446 secs]
301.822: Total time for which application threads were stopped: 0.0042163 seconds, Stopping threads took: 0.0000204 seconds
301.889: [GC (Allocation Failure)  337439K->20895K(1032192K), 0.0036939 secs]
301.893: Total time for which application threads were stopped: 0.0038664 seconds, Stopping threads took: 0.0000205 seconds
301.960: [GC (Allocation Failure)  337311K->16732K(1033216K), 0.0021403 secs]
301.963: Total time for which application threads were stopped: 0.0023117 seconds, Stopping threads took: 0.0000246 seconds
302.033: [GC (Allocation Failure)  334684K->20991K(1032704K), 0.0038022 secs]
302.036: Total time for which application threads were stopped: 0.0039617 seconds, Stopping threads took: 0.0000260 seconds
302.102: [GC (Allocation Failure)  338943K->20895K(1033728K), 0.0037187 secs]
302.106: Total time for which application threads were stopped: 0.0038904 seconds, Stopping threads took: 0.0000215 seconds
302.173: [GC (Allocation Failure)  339871K->24479K(1033216K), 0.0048421 secs]
302.178: Total time for which application threads were stopped: 0.0050375 seconds, Stopping threads took: 0.0000207 seconds
302.247: [GC (Allocation Failure)  343455K->28961K(1034240K), 0.0037287 secs]
302.251: Total time for which application threads were stopped: 0.0038860 seconds, Stopping threads took: 0.0000175 seconds
302.317: [GC (Allocation Failure)  348961K->28929K(1033728K), 0.0038970 secs]
302.321: Total time for which application threads were stopped: 0.0040738 seconds, Stopping threads took: 0.0000197 seconds
302.386: [GC (Allocation Failure)  348929K->32201K(1034240K), 0.0045360 secs]
302.391: Total time for which application threads were stopped: 0.0047311 seconds, Stopping threads took: 0.0000201 seconds
302.460: [GC (Allocation Failure)  352713K->36907K(1034240K), 0.0038273 secs]
302.464: Total time for which application threads were stopped: 0.0040327 seconds, Stopping threads took: 0.0000483 seconds
302.532: [GC (Allocation Failure)  357419K->36939K(1034752K), 0.0035362 secs]
302.535: Total time for which application threads were stopped: 0.0037132 seconds, Stopping threads took: 0.0000192 seconds
302.600: [GC (Allocation Failure)  358475K->39395K(1034752K), 0.0045094 secs]
302.605: Total time for which application threads were stopped: 0.0046777 seconds, Stopping threads took: 0.0000217 seconds
302.673: [GC (Allocation Failure)  360931K->44997K(1034752K), 0.0039563 secs]
302.677: Total time for which application threads were stopped: 0.0041209 seconds, Stopping threads took: 0.0000208 seconds
302.744: [GC (Allocation Failure)  366533K->44965K(1034752K), 0.0038803 secs]
302.748: Total time for which application threads were stopped: 0.0040709 seconds, Stopping threads took: 0.0000252 seconds
302.814: [GC (Allocation Failure)  366501K->48677K(1035264K), 0.0049011 secs]
302.819: Total time for which application threads were stopped: 0.0050615 seconds, Stopping threads took: 0.0000194 seconds
302.888: [GC (Allocation Failure)  370725K->53032K(1034752K), 0.0039117 secs]
302.892: Total time for which application threads were stopped: 0.0041068 seconds, Stopping threads took: 0.0000196 seconds
302.960: [GC (Allocation Failure)  375080K->53000K(1035264K), 0.0037509 secs]
302.964: Total time for which application threads were stopped: 0.0039180 seconds, Stopping threads took: 0.0000280 seconds
303.031: [GC (Allocation Failure)  375560K->55880K(1035264K), 0.0044382 secs]
303.035: Total time for which application threads were stopped: 0.0046025 seconds, Stopping threads took: 0.0000203 seconds
303.103: [GC (Allocation Failure)  378440K->61162K(1035264K), 0.0036438 secs]
303.107: Total time for which application threads were stopped: 0.0038161 seconds, Stopping threads took: 0.0000200 seconds
303.176: [GC (Allocation Failure)  383722K->61034K(1035264K), 0.0038729 secs]
303.180: Total time for which application threads were stopped: 0.0040623 seconds, Stopping threads took: 0.0000204 seconds
303.247: [GC (Allocation Failure)  383594K->64138K(1035264K), 0.0046516 secs]
303.252: Total time for which application threads were stopped: 0.0048258 seconds, Stopping threads took: 0.0000200 seconds
303.322: [GC (Allocation Failure)  386698K->69132K(1035264K), 0.0038206 secs]
303.326: Total time for which application threads were stopped: 0.0040037 seconds, Stopping threads took: 0.0000212 seconds
303.394: [GC (Allocation Failure)  391692K->69068K(1035264K), 0.0039569 secs]
303.398: Total time for which application threads were stopped: 0.0041286 seconds, Stopping threads took: 0.0000206 seconds
303.466: [GC (Allocation Failure)  391628K->64266K(1035264K), 0.0018633 secs]
303.468: Total time for which application threads were stopped: 0.0020249 seconds, Stopping threads took: 0.0000265 seconds
303.537: [GC (Allocation Failure)  386826K->69324K(1035264K), 0.0037890 secs]
303.541: Total time for which application threads were stopped: 0.0039798 seconds, Stopping threads took: 0.0000216 seconds
303.609: [GC (Allocation Failure)  391884K->69100K(1035264K), 0.0038746 secs]
303.613: Total time for which application threads were stopped: 0.0040470 seconds, Stopping threads took: 0.0000219 seconds
303.680: [GC (Allocation Failure)  391660K->68618K(1035776K), 0.0038283 secs]
303.684: Total time for which application threads were stopped: 0.0039881 seconds, Stopping threads took: 0.0000192 seconds
303.751: [GC (Allocation Failure)  391690K->69260K(1035264K), 0.0038246 secs]
303.755: Total time for which application threads were stopped: 0.0039916 seconds, Stopping threads took: 0.0000188 seconds
303.823: [GC (Allocation Failure)  392332K->69068K(1035776K), 0.0053246 secs]
303.828: Total time for which application threads were stopped: 0.0055178 seconds, Stopping threads took: 0.0000227 seconds
303.896: [GC (Allocation Failure)  392652K->74914K(1035776K), 0.0066898 secs]
303.903: Total time for which application threads were stopped: 0.0068744 seconds, Stopping threads took: 0.0000297 seconds
303.971: [GC (Allocation Failure)  398498K->70340K(1032704K), 0.0038259 secs]
303.975: Total time for which application threads were stopped: 0.0040009 seconds, Stopping threads took: 0.0000261 seconds
304.042: [GC (Allocation Failure)  390852K->70180K(1034240K), 0.0038021 secs]
304.046: Total time for which application threads were stopped: 0.0039707 seconds, Stopping threads took: 0.0000199 seconds
304.113: [GC (Allocation Failure)  390692K->77250K(1030656K), 0.0070947 secs]
304.120: Total time for which application threads were stopped: 0.0072494 seconds, Stopping threads took: 0.0000190 seconds
304.188: [GC (Allocation Failure)  394690K->71556K(1032704K), 0.0039500 secs]
304.192: Total time for which application threads were stopped: 0.0041205 seconds, Stopping threads took: 0.0000197 seconds
304.261: [GC (Allocation Failure)  388996K->71524K(1033728K), 0.0036585 secs]
304.265: Total time for which application threads were stopped: 0.0038368 seconds, Stopping threads took: 0.0000193 seconds
304.333: [GC (Allocation Failure)  390500K->69058K(1033216K), 0.0030172 secs]
304.336: Total time for which application threads were stopped: 0.0031888 seconds, Stopping threads took: 0.0000194 seconds
304.403: [GC (Allocation Failure)  388034K->71492K(1034752K), 0.0038280 secs]
304.407: Total time for which application threads were stopped: 0.0040058 seconds, Stopping threads took: 0.0000204 seconds
304.475: [GC (Allocation Failure)  392516K->71492K(1034240K), 0.0036458 secs]
304.478: Total time for which application threads were stopped: 0.0038211 seconds, Stopping threads took: 0.0000278 seconds
304.545: [GC (Allocation Failure)  392516K->66722K(1034240K), 0.0020590 secs]
304.547: Total time for which application threads were stopped: 0.0022174 seconds, Stopping threads took: 0.0000279 seconds
304.617: [GC (Allocation Failure)  388258K->71748K(1034752K), 0.0036953 secs]
304.621: Total time for which application threads were stopped: 0.0038561 seconds, Stopping threads took: 0.0000193 seconds
304.688: [GC (Allocation Failure)  393284K->71492K(1035776K), 0.0041119 secs]
304.692: Total time for which application threads were stopped: 0.0042870 seconds, Stopping threads took: 0.0000197 seconds
304.757: [GC (Allocation Failure)  394564K->69474K(1035264K), 0.0029729 secs]
304.760: Total time for which application threads were stopped: 0.0031502 seconds, Stopping threads took: 0.0000264 seconds
304.826: [GC (Allocation Failure)  392546K->71716K(1036288K), 0.0040344 secs]
304.831: Total time for which application threads were stopped: 0.0042094 seconds, Stopping threads took: 0.0000208 seconds
304.901: [GC (Allocation Failure)  395812K->71492K(1035776K), 0.0037970 secs]
304.905: Total time for which application threads were stopped: 0.0039772 seconds, Stopping threads took: 0.0000200 seconds
304.974: [GC (Allocation Failure)  395588K->77314K(1032192K), 0.0067552 secs]
304.981: Total time for which application threads were stopped: 0.0069305 seconds, Stopping threads took: 0.0000206 seconds
305.048: [GC (Allocation Failure)  397826K->73220K(1034240K), 0.0039047 secs]
305.052: Total time for which application threads were stopped: 0.0040993 seconds, Stopping threads took: 0.0000193 seconds
305.121: [GC (Allocation Failure)  393732K->73092K(1035264K), 0.0037822 secs]
305.125: Total time for which application threads were stopped: 0.0039393 seconds, Stopping threads took: 0.0000204 seconds
305.194: [GC (Allocation Failure)  395652K->79114K(1035264K), 0.0068826 secs]
305.201: Total time for which application threads were stopped: 0.0070515 seconds, Stopping threads took: 0.0000191 seconds
305.269: [GC (Allocation Failure)  401674K->73964K(1033216K), 0.0039064 secs]
305.273: Total time for which application threads were stopped: 0.0040721 seconds, Stopping threads took: 0.0000204 seconds
305.341: [GC (Allocation Failure)  394476K->73868K(1034240K), 0.0038989 secs]
305.345: Total time for which application threads were stopped: 0.0040891 seconds, Stopping threads took: 0.0000210 seconds
305.412: [GC (Allocation Failure)  394380K->80066K(1031680K), 0.0065850 secs]
305.419: Total time for which application threads were stopped: 0.0067490 seconds, Stopping threads took: 0.0000207 seconds
305.487: [GC (Allocation Failure)  398530K->74564K(1033216K), 0.0039793 secs]
305.491: Total time for which application threads were stopped: 0.0041442 seconds, Stopping threads took: 0.0000205 seconds
305.558: [GC (Allocation Failure)  393028K->74308K(1033728K), 0.0038192 secs]
305.562: Total time for which application threads were stopped: 0.0040058 seconds, Stopping threads took: 0.0000220 seconds
305.627: [GC (Allocation Failure)  393796K->73538K(1033728K), 0.0047148 secs]
305.632: Total time for which application threads were stopped: 0.0048951 seconds, Stopping threads took: 0.0000195 seconds
305.699: [GC (Allocation Failure)  393026K->74500K(1034752K), 0.0040081 secs]
305.703: Total time for which application threads were stopped: 0.0041817 seconds, Stopping threads took: 0.0000196 seconds
305.769: [GC (Allocation Failure)  395524K->74308K(1034240K), 0.0040964 secs]
305.773: Total time for which application threads were stopped: 0.0043018 seconds, Stopping threads took: 0.0000211 seconds
305.839: [GC (Allocation Failure)  395332K->71746K(1034752K), 0.0030476 secs]
305.842: Total time for which application threads were stopped: 0.0032198 seconds, Stopping threads took: 0.0000192 seconds
305.910: [GC (Allocation Failure)  393282K->74436K(1034752K), 0.0038366 secs]
305.914: Total time for which application threads were stopped: 0.0040359 seconds, Stopping threads took: 0.0000203 seconds
305.980: [GC (Allocation Failure)  395972K->74308K(1035776K), 0.0038608 secs]
305.984: Total time for which application threads were stopped: 0.0040365 seconds, Stopping threads took: 0.0000276 seconds
306.049: [GC (Allocation Failure)  397380K->74530K(1035264K), 0.0042087 secs]
306.054: Total time for which application threads were stopped: 0.0043693 seconds, Stopping threads took: 0.0000199 seconds
306.122: [GC (Allocation Failure)  397602K->74372K(1036288K), 0.0038894 secs]
306.126: Total time for which application threads were stopped: 0.0040506 seconds, Stopping threads took: 0.0000196 seconds
306.193: [GC (Allocation Failure)  398980K->74340K(1036288K), 0.0037906 secs]
306.197: Total time for which application threads were stopped: 0.0039579 seconds, Stopping threads took: 0.0000191 seconds
306.263: [GC (Allocation Failure)  398948K->67010K(1034752K), 0.0009081 secs]
306.264: Total time for which application threads were stopped: 0.0010549 seconds, Stopping threads took: 0.0000193 seconds
306.334: [GC (Allocation Failure)  390594K->74356K(1035776K), 0.0039692 secs]
306.338: Total time for which application threads were stopped: 0.0041177 seconds, Stopping threads took: 0.0000171 seconds
306.408: [GC (Allocation Failure)  397940K->78452K(1036288K), 0.0051008 secs]
306.413: Total time for which application threads were stopped: 0.0052620 seconds, Stopping threads took: 0.0000200 seconds
306.483: [GC (Allocation Failure)  403060K->78420K(1036288K), 0.0037491 secs]
306.487: Total time for which application threads were stopped: 0.0039252 seconds, Stopping threads took: 0.0000268 seconds
306.553: [GC (Allocation Failure)  403028K->78716K(1034752K), 0.0040793 secs]
306.557: Total time for which application threads were stopped: 0.0042474 seconds, Stopping threads took: 0.0000197 seconds
306.625: [GC (Allocation Failure)  402300K->86462K(1035776K), 0.0038136 secs]
306.629: Total time for which application threads were stopped: 0.0040062 seconds, Stopping threads took: 0.0000200 seconds
306.699: [GC (Allocation Failure)  410046K->86494K(1036288K), 0.0039465 secs]
306.703: Total time for which application threads were stopped: 0.0041271 seconds, Stopping threads took: 0.0000199 seconds
306.773: [GC (Allocation Failure)  411102K->86710K(1024512K), 0.0041849 secs]
306.777: Total time for which application threads were stopped: 0.0043484 seconds, Stopping threads took: 0.0000212 seconds
306.843: [GC (Allocation Failure)  411318K->94521K(1035776K), 0.0038037 secs]
306.847: Total time for which application threads were stopped: 0.0039774 seconds, Stopping threads took: 0.0000202 seconds
306.915: [GC (Allocation Failure)  418105K->94553K(1035776K), 0.0040270 secs]
306.919: Total time for which application threads were stopped: 0.0042027 seconds, Stopping threads took: 0.0000203 seconds
306.987: [GC (Allocation Failure)  418137K->94681K(1034752K), 0.0040147 secs]
306.991: Total time for which application threads were stopped: 0.0041775 seconds, Stopping threads took: 0.0000264 seconds
307.059: [GC (Allocation Failure)  417241K->102587K(1035264K), 0.0039672 secs]
307.063: Total time for which application threads were stopped: 0.0041409 seconds, Stopping threads took: 0.0000209 seconds
307.131: [GC (Allocation Failure)  425147K->102523K(1035264K), 0.0043248 secs]
307.135: Total time for which application threads were stopped: 0.0044871 seconds, Stopping threads took: 0.0000242 seconds
307.203: [GC (Allocation Failure)  425083K->102683K(1022464K), 0.0042071 secs]
307.208: Total time for which application threads were stopped: 0.0044020 seconds, Stopping threads took: 0.0000209 seconds
307.276: [GC (Allocation Failure)  425243K->110589K(1034752K), 0.0041067 secs]
307.280: Total time for which application threads were stopped: 0.0042837 seconds, Stopping threads took: 0.0000195 seconds
307.348: [GC (Allocation Failure)  432125K->110589K(1034752K), 0.0038348 secs]
307.352: Total time for which application threads were stopped: 0.0040139 seconds, Stopping threads took: 0.0000220 seconds
307.419: [GC (Allocation Failure)  432125K->110917K(1033728K), 0.0042514 secs]
307.424: Total time for which application threads were stopped: 0.0044139 seconds, Stopping threads took: 0.0000197 seconds
307.493: [GC (Allocation Failure)  431429K->118631K(1034240K), 0.0038710 secs]
307.496: Total time for which application threads were stopped: 0.0040454 seconds, Stopping threads took: 0.0000265 seconds
307.566: [GC (Allocation Failure)  439143K->118631K(1034240K), 0.0039577 secs]
307.570: Total time for which application threads were stopped: 0.0041544 seconds, Stopping threads took: 0.0000211 seconds
307.638: [GC (Allocation Failure)  439143K->119143K(1034240K), 0.0040553 secs]
307.642: Total time for which application threads were stopped: 0.0042474 seconds, Stopping threads took: 0.0000203 seconds
307.711: [GC (Allocation Failure)  439655K->126698K(1034240K), 0.0040943 secs]
307.715: Total time for which application threads were stopped: 0.0042534 seconds, Stopping threads took: 0.0000168 seconds
307.783: [GC (Allocation Failure)  447210K->126698K(1034240K), 0.0039439 secs]
307.787: Total time for which application threads were stopped: 0.0041160 seconds, Stopping threads took: 0.0000198 seconds
307.853: [GC (Allocation Failure)  447210K->126858K(1033216K), 0.0042432 secs]
307.858: Total time for which application threads were stopped: 0.0044132 seconds, Stopping threads took: 0.0000204 seconds
307.924: [GC (Allocation Failure)  446346K->134732K(1033728K), 0.0039610 secs]
307.928: Total time for which application threads were stopped: 0.0041409 seconds, Stopping threads took: 0.0000204 seconds
307.996: [GC (Allocation Failure)  454220K->134732K(1033728K), 0.0038128 secs]
308.000: Total time for which application threads were stopped: 0.0039722 seconds, Stopping threads took: 0.0000273 seconds
308.066: [GC (Allocation Failure)  454220K->134852K(1033728K), 0.0041245 secs]
308.070: Total time for which application threads were stopped: 0.0043256 seconds, Stopping threads took: 0.0000218 seconds
308.139: [GC (Allocation Failure)  454340K->142726K(1033728K), 0.0050629 secs]
308.144: Total time for which application threads were stopped: 0.0052699 seconds, Stopping threads took: 0.0000279 seconds
308.212: [GC (Allocation Failure)  462214K->142726K(1033728K), 0.0039287 secs]
308.216: Total time for which application threads were stopped: 0.0040881 seconds, Stopping threads took: 0.0000192 seconds
308.283: [GC (Allocation Failure)  462214K->142822K(1033728K), 0.0041339 secs]
308.287: Total time for which application threads were stopped: 0.0043039 seconds, Stopping threads took: 0.0000193 seconds
308.354: [GC (Allocation Failure)  462310K->150793K(1033728K), 0.0039557 secs]
308.358: Total time for which application threads were stopped: 0.0041352 seconds, Stopping threads took: 0.0000192 seconds
308.426: [GC (Allocation Failure)  470281K->150761K(1033728K), 0.0047444 secs]
308.431: Total time for which application threads were stopped: 0.0049074 seconds, Stopping threads took: 0.0000197 seconds
308.498: [GC (Allocation Failure)  470249K->151081K(1019392K), 0.0039578 secs]
308.502: Total time for which application threads were stopped: 0.0041357 seconds, Stopping threads took: 0.0000282 seconds
308.569: [GC (Allocation Failure)  470569K->158795K(1033216K), 0.0047493 secs]
308.574: Total time for which application threads were stopped: 0.0049133 seconds, Stopping threads took: 0.0000190 seconds
308.641: [GC (Allocation Failure)  477259K->158795K(1033216K), 0.0038128 secs]
308.645: Total time for which application threads were stopped: 0.0039836 seconds, Stopping threads took: 0.0000201 seconds
308.710: [GC (Allocation Failure)  477259K->159051K(1033216K), 0.0042172 secs]
308.714: Total time for which application threads were stopped: 0.0044281 seconds, Stopping threads took: 0.0000203 seconds
308.779: [GC (Allocation Failure)  477515K->166861K(1033216K), 0.0048529 secs]
308.784: Total time for which application threads were stopped: 0.0050329 seconds, Stopping threads took: 0.0000208 seconds
308.850: [GC (Allocation Failure)  485325K->162923K(1034240K), 0.0028790 secs]
308.853: Total time for which application threads were stopped: 0.0030733 seconds, Stopping threads took: 0.0000216 seconds
308.923: [GC (Allocation Failure)  482411K->166949K(1033216K), 0.0044073 secs]
308.927: Total time for which application threads were stopped: 0.0045762 seconds, Stopping threads took: 0.0000197 seconds
308.995: [GC (Allocation Failure)  486437K->170981K(1033728K), 0.0040493 secs]
308.999: Total time for which application threads were stopped: 0.0042212 seconds, Stopping threads took: 0.0000206 seconds
309.064: [GC (Allocation Failure)  491493K->163139K(1034240K), 0.0010399 secs]
309.066: Total time for which application threads were stopped: 0.0011731 seconds, Stopping threads took: 0.0000201 seconds
309.133: [GC (Allocation Failure)  483651K->171045K(1034240K), 0.0046911 secs]
309.138: Total time for which application threads were stopped: 0.0048539 seconds, Stopping threads took: 0.0000240 seconds
309.207: [GC (Allocation Failure)  491557K->175125K(1034240K), 0.0056020 secs]
309.212: Total time for which application threads were stopped: 0.0058071 seconds, Stopping threads took: 0.0000280 seconds
309.281: [GC (Allocation Failure)  495637K->181795K(1029120K), 0.0069848 secs]
309.288: Total time for which application threads were stopped: 0.0071613 seconds, Stopping threads took: 0.0000165 seconds
309.356: [GC (Allocation Failure)  497187K->175781K(1031680K), 0.0042615 secs]
309.360: Total time for which application threads were stopped: 0.0044566 seconds, Stopping threads took: 0.0000192 seconds
309.426: [GC (Allocation Failure)  491173K->175493K(1032192K), 0.0041107 secs]
309.430: Total time for which application threads were stopped: 0.0042698 seconds, Stopping threads took: 0.0000198 seconds
309.496: [GC (Allocation Failure)  491397K->177701K(1031680K), 0.0046347 secs]
309.500: Total time for which application threads were stopped: 0.0048025 seconds, Stopping threads took: 0.0000284 seconds
309.569: [GC (Allocation Failure)  493605K->183623K(1032704K), 0.0042376 secs]
309.573: Total time for which application threads were stopped: 0.0043972 seconds, Stopping threads took: 0.0000202 seconds
309.640: [GC (Allocation Failure)  501063K->183559K(1032704K), 0.0041745 secs]
309.644: Total time for which application threads were stopped: 0.0043298 seconds, Stopping threads took: 0.0000192 seconds
309.711: [GC (Allocation Failure)  500999K->185415K(1033216K), 0.0042124 secs]
309.715: Total time for which application threads were stopped: 0.0044153 seconds, Stopping threads took: 0.0000201 seconds
309.784: [GC (Allocation Failure)  503879K->191722K(1033216K), 0.0040223 secs]
309.788: Total time for which application threads were stopped: 0.0041918 seconds, Stopping threads took: 0.0000178 seconds
309.856: [GC (Allocation Failure)  510186K->191626K(1033728K), 0.0041794 secs]
309.860: Total time for which application threads were stopped: 0.0043498 seconds, Stopping threads took: 0.0000195 seconds
309.928: [GC (Allocation Failure)  510602K->194186K(1033216K), 0.0046213 secs]
309.933: Total time for which application threads were stopped: 0.0048070 seconds, Stopping threads took: 0.0000381 seconds
310.001: [GC (Allocation Failure)  513162K->199692K(1033728K), 0.0039696 secs]
310.005: Total time for which application threads were stopped: 0.0041586 seconds, Stopping threads took: 0.0000265 seconds
310.075: [GC (Allocation Failure)  519180K->199660K(1033728K), 0.0041661 secs]
310.079: Total time for which application threads were stopped: 0.0043223 seconds, Stopping threads took: 0.0000246 seconds
310.148: [GC (Allocation Failure)  519148K->200868K(1033216K), 0.0058536 secs]
310.153: Total time for which application threads were stopped: 0.0060177 seconds, Stopping threads took: 0.0000253 seconds
310.221: [GC (Allocation Failure)  520356K->207654K(1033728K), 0.0043683 secs]
310.225: Total time for which application threads were stopped: 0.0045572 seconds, Stopping threads took: 0.0000203 seconds
310.293: [GC (Allocation Failure)  527142K->207686K(1034240K), 0.0043441 secs]
310.297: Total time for which application threads were stopped: 0.0045093 seconds, Stopping threads took: 0.0000193 seconds
310.366: [GC (Allocation Failure)  527686K->208582K(1033728K), 0.0043794 secs]
310.371: Total time for which application threads were stopped: 0.0045472 seconds, Stopping threads took: 0.0000191 seconds
310.438: [GC (Allocation Failure)  528582K->215720K(1033728K), 0.0044191 secs]
310.443: Total time for which application threads were stopped: 0.0045886 seconds, Stopping threads took: 0.0000213 seconds
310.510: [GC (Allocation Failure)  535208K->215656K(1033728K), 0.0041470 secs]
310.514: Total time for which application threads were stopped: 0.0043271 seconds, Stopping threads took: 0.0000195 seconds
310.581: [GC (Allocation Failure)  535144K->216296K(1033216K), 0.0041254 secs]
310.585: Total time for which application threads were stopped: 0.0042893 seconds, Stopping threads took: 0.0000199 seconds
310.652: [GC (Allocation Failure)  535784K->223755K(1033728K), 0.0040527 secs]
310.656: Total time for which application threads were stopped: 0.0042241 seconds, Stopping threads took: 0.0000197 seconds
310.722: [GC (Allocation Failure)  543243K->223723K(1033728K), 0.0043588 secs]
310.726: Total time for which application threads were stopped: 0.0045279 seconds, Stopping threads took: 0.0000199 seconds
310.793: [GC (Allocation Failure)  543211K->223779K(1033728K), 0.0043019 secs]
310.797: Total time for which application threads were stopped: 0.0044620 seconds, Stopping threads took: 0.0000198 seconds
310.866: [GC (Allocation Failure)  543267K->231813K(1033728K), 0.0043757 secs]
310.871: Total time for which application threads were stopped: 0.0045459 seconds, Stopping threads took: 0.0000197 seconds
310.936: [GC (Allocation Failure)  551301K->231781K(1033728K), 0.0042664 secs]
310.940: Total time for which application threads were stopped: 0.0044642 seconds, Stopping threads took: 0.0000196 seconds
311.009: [GC (Allocation Failure)  551269K->232773K(1033728K), 0.0044205 secs]
311.013: Total time for which application threads were stopped: 0.0045962 seconds, Stopping threads took: 0.0000264 seconds
311.081: [GC (Allocation Failure)  552261K->239815K(1033728K), 0.0042700 secs]
311.085: Total time for which application threads were stopped: 0.0044398 seconds, Stopping threads took: 0.0000277 seconds
311.154: [GC (Allocation Failure)  559303K->239751K(1033728K), 0.0041779 secs]
311.159: Total time for which application threads were stopped: 0.0043371 seconds, Stopping threads took: 0.0000192 seconds
311.225: [GC (Allocation Failure)  559239K->239975K(1033728K), 0.0043951 secs]
311.230: Total time for which application threads were stopped: 0.0045776 seconds, Stopping threads took: 0.0000185 seconds
311.296: [GC (Allocation Failure)  559463K->247849K(1033728K), 0.0044127 secs]
311.300: Total time for which application threads were stopped: 0.0045980 seconds, Stopping threads took: 0.0000198 seconds
311.369: [GC (Allocation Failure)  567337K->247817K(1033728K), 0.0043583 secs]
311.373: Total time for which application threads were stopped: 0.0045366 seconds, Stopping threads took: 0.0000192 seconds
311.440: [GC (Allocation Failure)  567305K->249289K(1033728K), 0.0044430 secs]
311.445: Total time for which application threads were stopped: 0.0046104 seconds, Stopping threads took: 0.0000195 seconds
311.513: [GC (Allocation Failure)  568777K->255884K(1033728K), 0.0043418 secs]
311.517: Total time for which application threads were stopped: 0.0045135 seconds, Stopping threads took: 0.0000206 seconds
311.583: [GC (Allocation Failure)  575372K->255884K(1033728K), 0.0042927 secs]
311.588: Total time for which application threads were stopped: 0.0044506 seconds, Stopping threads took: 0.0000197 seconds
311.655: [GC (Allocation Failure)  575372K->256492K(1033728K), 0.0045983 secs]
311.660: Total time for which application threads were stopped: 0.0047681 seconds, Stopping threads took: 0.0000204 seconds
311.727: [GC (Allocation Failure)  575980K->263950K(1033728K), 0.0042613 secs]
311.732: Total time for which application threads were stopped: 0.0044325 seconds, Stopping threads took: 0.0000205 seconds
311.797: [GC (Allocation Failure)  583438K->263854K(1033728K), 0.0044207 secs]
311.802: Total time for which application threads were stopped: 0.0046002 seconds, Stopping threads took: 0.0000197 seconds
311.869: [GC (Allocation Failure)  583342K->264686K(1033728K), 0.0044549 secs]
311.874: Total time for which application threads were stopped: 0.0046230 seconds, Stopping threads took: 0.0000204 seconds
311.941: [GC (Allocation Failure)  584174K->271984K(1033728K), 0.0044032 secs]
311.946: Total time for which application threads were stopped: 0.0045837 seconds, Stopping threads took: 0.0000209 seconds
312.012: [GC (Allocation Failure)  591472K->271888K(1033728K), 0.0041003 secs]
312.016: Total time for which application threads were stopped: 0.0042632 seconds, Stopping threads took: 0.0000202 seconds
312.083: [GC (Allocation Failure)  591376K->272936K(1033728K), 0.0045249 secs]
312.088: Total time for which application threads were stopped: 0.0047235 seconds, Stopping threads took: 0.0000212 seconds
312.155: [GC (Allocation Failure)  592424K->279915K(1033728K), 0.0045265 secs]
312.160: Total time for which application threads were stopped: 0.0047189 seconds, Stopping threads took: 0.0000194 seconds
312.227: [GC (Allocation Failure)  599403K->279979K(1033728K), 0.0043366 secs]
312.232: Total time for which application threads were stopped: 0.0045077 seconds, Stopping threads took: 0.0000169 seconds
312.298: [GC (Allocation Failure)  599467K->280107K(1033728K), 0.0044742 secs]
312.302: Total time for which application threads were stopped: 0.0046399 seconds, Stopping threads took: 0.0000172 seconds
312.370: [GC (Allocation Failure)  599595K->288013K(1027072K), 0.0042723 secs]
312.374: Total time for which application threads were stopped: 0.0044663 seconds, Stopping threads took: 0.0000199 seconds
312.442: [GC (Allocation Failure)  607501K->288013K(1033728K), 0.0043553 secs]
312.447: Total time for which application threads were stopped: 0.0045235 seconds, Stopping threads took: 0.0000204 seconds
312.513: [GC (Allocation Failure)  606989K->288869K(1033216K), 0.0046812 secs]
312.518: Total time for which application threads were stopped: 0.0048474 seconds, Stopping threads took: 0.0000194 seconds
312.585: [GC (Allocation Failure)  607845K->296007K(1033728K), 0.0044308 secs]
312.590: Total time for which application threads were stopped: 0.0045990 seconds, Stopping threads took: 0.0000203 seconds
312.658: [GC (Allocation Failure)  615495K->296007K(1033728K), 0.0043067 secs]
312.662: Total time for which application threads were stopped: 0.0044827 seconds, Stopping threads took: 0.0000250 seconds
312.729: [GC (Allocation Failure)  615495K->296615K(1033728K), 0.0044631 secs]
312.734: Total time for which application threads were stopped: 0.0046236 seconds, Stopping threads took: 0.0000198 seconds
312.801: [GC (Allocation Failure)  616103K->304073K(1027072K), 0.0043656 secs]
312.806: Total time for which application threads were stopped: 0.0045254 seconds, Stopping threads took: 0.0000199 seconds
312.875: [GC (Allocation Failure)  623561K->304073K(1033216K), 0.0041908 secs]
312.879: Total time for which application threads were stopped: 0.0043666 seconds, Stopping threads took: 0.0000201 seconds
312.945: [GC (Allocation Failure)  622537K->304841K(1033216K), 0.0044519 secs]
312.950: Total time for which application threads were stopped: 0.0046281 seconds, Stopping threads took: 0.0000283 seconds
313.017: [GC (Allocation Failure)  623305K->312076K(1032704K), 0.0041767 secs]
313.021: Total time for which application threads were stopped: 0.0043491 seconds, Stopping threads took: 0.0000206 seconds
313.088: [GC (Allocation Failure)  630540K->312108K(1033216K), 0.0045534 secs]
313.093: Total time for which application threads were stopped: 0.0047259 seconds, Stopping threads took: 0.0000205 seconds
313.160: [GC (Allocation Failure)  630572K->312132K(1033216K), 0.0044866 secs]
313.164: Total time for which application threads were stopped: 0.0046776 seconds, Stopping threads took: 0.0000202 seconds
313.233: [GC (Allocation Failure)  630596K->320102K(1033216K), 0.0042034 secs]
313.237: Total time for which application threads were stopped: 0.0043792 seconds, Stopping threads took: 0.0000199 seconds
313.306: [GC (Allocation Failure)  638566K->320102K(1033216K), 0.0044255 secs]
313.311: Total time for which application threads were stopped: 0.0045758 seconds, Stopping threads took: 0.0000174 seconds
313.375: [GC (Allocation Failure)  638566K->320254K(1033216K), 0.0045926 secs]
313.380: Total time for which application threads were stopped: 0.0047629 seconds, Stopping threads took: 0.0000206 seconds
313.447: [GC (Allocation Failure)  638718K->328128K(1033216K), 0.0042727 secs]
313.452: Total time for which application threads were stopped: 0.0044320 seconds, Stopping threads took: 0.0000199 seconds
313.517: [GC (Allocation Failure)  646592K->328128K(1033216K), 0.0044848 secs]
313.522: Total time for which application threads were stopped: 0.0046675 seconds, Stopping threads took: 0.0000257 seconds
313.589: [GC (Allocation Failure)  646592K->328488K(1033216K), 0.0045745 secs]
313.593: Total time for which application threads were stopped: 0.0047603 seconds, Stopping threads took: 0.0000196 seconds
313.660: [GC (Allocation Failure)  646952K->336170K(1033216K), 0.0043077 secs]
313.665: Total time for which application threads were stopped: 0.0044812 seconds, Stopping threads took: 0.0000207 seconds
313.731: [GC (Allocation Failure)  654634K->336170K(1033216K), 0.0044252 secs]
313.735: Total time for which application threads were stopped: 0.0045987 seconds, Stopping threads took: 0.0000203 seconds
313.801: [GC (Allocation Failure)  654634K->336234K(1033216K), 0.0045238 secs]
313.805: Total time for which application threads were stopped: 0.0047062 seconds, Stopping threads took: 0.0000202 seconds
313.875: [GC (Allocation Failure)  654698K->344237K(1033216K), 0.0042166 secs]
313.879: Total time for which application threads were stopped: 0.0043874 seconds, Stopping threads took: 0.0000212 seconds
313.945: [GC (Allocation Failure)  662701K->344173K(1033216K), 0.0044937 secs]
313.949: Total time for which application threads were stopped: 0.0046623 seconds, Stopping threads took: 0.0000206 seconds
314.014: [GC (Allocation Failure)  662637K->344453K(1033216K), 0.0047657 secs]
314.019: Total time for which application threads were stopped: 0.0049356 seconds, Stopping threads took: 0.0000198 seconds
314.085: [GC (Allocation Failure)  662917K->352263K(1033216K), 0.0045230 secs]
314.089: Total time for which application threads were stopped: 0.0046998 seconds, Stopping threads took: 0.0000204 seconds
314.158: [GC (Allocation Failure)  670727K->348357K(1033728K), 0.0030965 secs]
314.161: Total time for which application threads were stopped: 0.0032388 seconds, Stopping threads took: 0.0000149 seconds
314.229: [GC (Allocation Failure)  667333K->352391K(1033216K), 0.0047249 secs]
314.233: Total time for which application threads were stopped: 0.0048955 seconds, Stopping threads took: 0.0000200 seconds
314.300: [GC (Allocation Failure)  671367K->356359K(1033728K), 0.0044025 secs]
314.305: Total time for which application threads were stopped: 0.0046020 seconds, Stopping threads took: 0.0000205 seconds
314.372: [GC (Allocation Failure)  676871K->363885K(1034240K), 0.0079684 secs]
314.380: Total time for which application threads were stopped: 0.0081402 seconds, Stopping threads took: 0.0000273 seconds
314.447: [GC (Allocation Failure)  684397K->357679K(1029120K), 0.0045326 secs]
314.452: Total time for which application threads were stopped: 0.0047111 seconds, Stopping threads took: 0.0000256 seconds
314.518: [GC (Allocation Failure)  673071K->357615K(1031680K), 0.0058727 secs]
314.523: Total time for which application threads were stopped: 0.0060309 seconds, Stopping threads took: 0.0000199 seconds
314.587: [GC (Allocation Failure)  673007K->353069K(1032704K), 0.0026740 secs]
314.590: Total time for which application threads were stopped: 0.0028412 seconds, Stopping threads took: 0.0000187 seconds
314.657: [GC (Allocation Failure)  669997K->357871K(1032192K), 0.0043012 secs]
314.661: Total time for which application threads were stopped: 0.0044696 seconds, Stopping threads took: 0.0000198 seconds
314.728: [GC (Allocation Failure)  674799K->357647K(1033216K), 0.0045105 secs]
314.732: Total time for which application threads were stopped: 0.0046677 seconds, Stopping threads took: 0.0000194 seconds
314.800: [GC (Allocation Failure)  675599K->357751K(1032704K), 0.0045988 secs]
314.805: Total time for which application threads were stopped: 0.0047680 seconds, Stopping threads took: 0.0000197 seconds
314.872: [GC (Allocation Failure)  675703K->365721K(1033216K), 0.0043914 secs]
314.876: Total time for which application threads were stopped: 0.0045710 seconds, Stopping threads took: 0.0000192 seconds
314.944: [GC (Allocation Failure)  684185K->365657K(1033216K), 0.0045641 secs]
314.948: Total time for which application threads were stopped: 0.0047255 seconds, Stopping threads took: 0.0000194 seconds
315.014: [GC (Allocation Failure)  684121K->369593K(1033728K), 0.0053478 secs]
315.019: Total time for which application threads were stopped: 0.0055229 seconds, Stopping threads took: 0.0000189 seconds
315.086: [GC (Allocation Failure)  688569K->373819K(1033216K), 0.0046828 secs]
315.091: Total time for which application threads were stopped: 0.0048440 seconds, Stopping threads took: 0.0000199 seconds
315.159: [GC (Allocation Failure)  692795K->373691K(1034240K), 0.0045681 secs]
315.164: Total time for which application threads were stopped: 0.0047461 seconds, Stopping threads took: 0.0000200 seconds
315.230: [GC (Allocation Failure)  693691K->376283K(1033728K), 0.0051283 secs]
315.235: Total time for which application threads were stopped: 0.0053095 seconds, Stopping threads took: 0.0000199 seconds
315.306: [GC (Allocation Failure)  696283K->381822K(1034240K), 0.0044747 secs]
315.310: Total time for which application threads were stopped: 0.0046379 seconds, Stopping threads took: 0.0000201 seconds
315.378: [GC (Allocation Failure)  702334K->381726K(1034240K), 0.0046680 secs]
315.383: Total time for which application threads were stopped: 0.0048405 seconds, Stopping threads took: 0.0000208 seconds
315.450: [GC (Allocation Failure)  702238K->381958K(1034240K), 0.0045294 secs]
315.455: Total time for which application threads were stopped: 0.0046987 seconds, Stopping threads took: 0.0000271 seconds
315.524: [GC (Allocation Failure)  702470K->389800K(1034240K), 0.0047105 secs]
315.529: Total time for which application threads were stopped: 0.0048984 seconds, Stopping threads took: 0.0000198 seconds
315.597: [GC (Allocation Failure)  710312K->389800K(1034240K), 0.0044349 secs]
315.601: Total time for which application threads were stopped: 0.0045950 seconds, Stopping threads took: 0.0000192 seconds
315.668: [GC (Allocation Failure)  710312K->392224K(1034240K), 0.0048358 secs]
315.673: Total time for which application threads were stopped: 0.0050041 seconds, Stopping threads took: 0.0000199 seconds
315.741: [GC (Allocation Failure)  712736K->397826K(1034240K), 0.0045176 secs]
315.746: Total time for which application threads were stopped: 0.0046906 seconds, Stopping threads took: 0.0000197 seconds
315.814: [GC (Allocation Failure)  718338K->397794K(1034240K), 0.0043770 secs]
315.818: Total time for which application threads were stopped: 0.0045692 seconds, Stopping threads took: 0.0000198 seconds
315.887: [GC (Allocation Failure)  718306K->398402K(1034240K), 0.0062494 secs]
315.893: Total time for which application threads were stopped: 0.0064201 seconds, Stopping threads took: 0.0000198 seconds
315.961: [GC (Allocation Failure)  718914K->405829K(1034240K), 0.0043760 secs]
315.965: Total time for which application threads were stopped: 0.0045347 seconds, Stopping threads took: 0.0000269 seconds
316.033: [GC (Allocation Failure)  726341K->405861K(1034240K), 0.0047120 secs]
316.037: Total time for which application threads were stopped: 0.0049001 seconds, Stopping threads took: 0.0000193 seconds
316.106: [GC (Allocation Failure)  726373K->408709K(1034240K), 0.0052561 secs]
316.111: Total time for which application threads were stopped: 0.0054065 seconds, Stopping threads took: 0.0000165 seconds
316.180: [GC (Allocation Failure)  729221K->413991K(1034240K), 0.0042075 secs]
316.184: Total time for which application threads were stopped: 0.0043739 seconds, Stopping threads took: 0.0000206 seconds
316.252: [GC (Allocation Failure)  734503K->413863K(1034240K), 0.0047382 secs]
316.256: Total time for which application threads were stopped: 0.0049049 seconds, Stopping threads took: 0.0000214 seconds
316.323: [GC (Allocation Failure)  734375K->414887K(1034240K), 0.0047998 secs]
316.328: Total time for which application threads were stopped: 0.0049607 seconds, Stopping threads took: 0.0000194 seconds
316.396: [GC (Allocation Failure)  735399K->421929K(1034240K), 0.0054396 secs]
316.402: Total time for which application threads were stopped: 0.0056236 seconds, Stopping threads took: 0.0000198 seconds
316.469: [GC (Allocation Failure)  742441K->421929K(1034240K), 0.0044914 secs]
316.474: Total time for which application threads were stopped: 0.0046720 seconds, Stopping threads took: 0.0000258 seconds
316.541: [GC (Allocation Failure)  742441K->422121K(1034240K), 0.0045636 secs]
316.545: Total time for which application threads were stopped: 0.0047587 seconds, Stopping threads took: 0.0000201 seconds
316.615: [GC (Allocation Failure)  742633K->429963K(1034240K), 0.0044716 secs]
316.619: Total time for which application threads were stopped: 0.0046229 seconds, Stopping threads took: 0.0000171 seconds
316.687: [GC (Allocation Failure)  750475K->429931K(1034240K), 0.0046622 secs]
316.692: Total time for which application threads were stopped: 0.0048339 seconds, Stopping threads took: 0.0000203 seconds
316.759: [GC (Allocation Failure)  750443K->431363K(1034240K), 0.0047773 secs]
316.764: Total time for which application threads were stopped: 0.0049526 seconds, Stopping threads took: 0.0000204 seconds
316.833: [GC (Allocation Failure)  751875K->438022K(1034240K), 0.0045582 secs]
316.838: Total time for which application threads were stopped: 0.0047054 seconds, Stopping threads took: 0.0000169 seconds
316.905: [GC (Allocation Failure)  758534K->437990K(1034240K), 0.0065991 secs]
316.912: Total time for which application threads were stopped: 0.0067627 seconds, Stopping threads took: 0.0000203 seconds
316.980: [GC (Allocation Failure)  758502K->438022K(1020416K), 0.0047115 secs]
316.985: Total time for which application threads were stopped: 0.0048902 seconds, Stopping threads took: 0.0000298 seconds
317.053: [GC (Allocation Failure)  758534K->445992K(1033728K), 0.0046285 secs]
317.058: Total time for which application threads were stopped: 0.0047944 seconds, Stopping threads took: 0.0000263 seconds
317.123: [GC (Allocation Failure)  765480K->445992K(1033728K), 0.0099067 secs]
317.133: Total time for which application threads were stopped: 0.0100689 seconds, Stopping threads took: 0.0000197 seconds
317.199: [GC (Allocation Failure)  765480K->446272K(1033728K), 0.0050478 secs]
317.204: Total time for which application threads were stopped: 0.0052193 seconds, Stopping threads took: 0.0000204 seconds
317.272: [GC (Allocation Failure)  765760K->454018K(1033728K), 0.0046574 secs]
317.277: Total time for which application threads were stopped: 0.0048349 seconds, Stopping threads took: 0.0000187 seconds
317.344: [GC (Allocation Failure)  773506K->454018K(1033728K), 0.0051937 secs]
317.350: Total time for which application threads were stopped: 0.0053641 seconds, Stopping threads took: 0.0000200 seconds
317.415: [GC (Allocation Failure)  773506K->455042K(1033728K), 0.0048486 secs]
317.420: Total time for which application threads were stopped: 0.0050515 seconds, Stopping threads took: 0.0000206 seconds
317.488: [GC (Allocation Failure)  774530K->462052K(1033728K), 0.0048840 secs]
317.493: Total time for which application threads were stopped: 0.0050606 seconds, Stopping threads took: 0.0000265 seconds
317.561: [GC (Allocation Failure)  781540K->462052K(1033728K), 0.0045914 secs]
317.566: Total time for which application threads were stopped: 0.0047847 seconds, Stopping threads took: 0.0000212 seconds
317.632: [GC (Allocation Failure)  781540K->462212K(1033728K), 0.0048593 secs]
317.637: Total time for which application threads were stopped: 0.0050172 seconds, Stopping threads took: 0.0000195 seconds
317.702: [GC (Allocation Failure)  781700K->470119K(1033728K), 0.0046941 secs]
317.707: Total time for which application threads were stopped: 0.0048557 seconds, Stopping threads took: 0.0000193 seconds
317.774: [GC (Allocation Failure)  789607K->470087K(1033728K), 0.0059631 secs]
317.780: Total time for which application threads were stopped: 0.0061376 seconds, Stopping threads took: 0.0000194 seconds
317.845: [GC (Allocation Failure)  789575K->471495K(1033728K), 0.0046883 secs]
317.850: Total time for which application threads were stopped: 0.0048545 seconds, Stopping threads took: 0.0000188 seconds
317.919: [GC (Allocation Failure)  790983K->478153K(1033728K), 0.0047578 secs]
317.924: Total time for which application threads were stopped: 0.0049192 seconds, Stopping threads took: 0.0000193 seconds
317.992: [GC (Allocation Failure)  797641K->478121K(1033728K), 0.0046129 secs]
317.997: Total time for which application threads were stopped: 0.0047830 seconds, Stopping threads took: 0.0000195 seconds
318.062: [GC (Allocation Failure)  797609K->478729K(1033728K), 0.0065303 secs]
318.069: Total time for which application threads were stopped: 0.0066955 seconds, Stopping threads took: 0.0000202 seconds
318.137: [GC (Allocation Failure)  798217K->486155K(1033728K), 0.0056322 secs]
318.143: Total time for which application threads were stopped: 0.0058419 seconds, Stopping threads took: 0.0000200 seconds
318.211: [GC (Allocation Failure)  805643K->486187K(1033728K), 0.0045161 secs]
318.216: Total time for which application threads were stopped: 0.0047084 seconds, Stopping threads took: 0.0000190 seconds
318.282: [GC (Allocation Failure)  805675K->486947K(1033728K), 0.0049026 secs]
318.287: Total time for which application threads were stopped: 0.0050533 seconds, Stopping threads took: 0.0000168 seconds
318.356: [GC (Allocation Failure)  806435K->494213K(1033728K), 0.0048468 secs]
318.360: Total time for which application threads were stopped: 0.0049948 seconds, Stopping threads took: 0.0000166 seconds
318.429: [GC (Allocation Failure)  813701K->494213K(1033728K), 0.0047128 secs]
318.434: Total time for which application threads were stopped: 0.0048921 seconds, Stopping threads took: 0.0000213 seconds
318.500: [GC (Allocation Failure)  813701K->495141K(1033728K), 0.0049530 secs]
318.505: Total time for which application threads were stopped: 0.0051261 seconds, Stopping threads took: 0.0000193 seconds
318.571: [GC (Allocation Failure)  814629K->502216K(1033728K), 0.0055607 secs]
318.576: Total time for which application threads were stopped: 0.0057313 seconds, Stopping threads took: 0.0000197 seconds
318.643: [GC (Allocation Failure)  821704K->502216K(1033728K), 0.0046537 secs]
318.648: Total time for which application threads were stopped: 0.0048268 seconds, Stopping threads took: 0.0000201 seconds
318.713: [GC (Allocation Failure)  821704K->502376K(1033728K), 0.0046471 secs]
318.717: Total time for which application threads were stopped: 0.0048237 seconds, Stopping threads took: 0.0000211 seconds
318.785: [GC (Allocation Failure)  821864K->510250K(1032704K), 0.0049653 secs]
318.790: Total time for which application threads were stopped: 0.0051324 seconds, Stopping threads took: 0.0000197 seconds
318.857: [GC (Allocation Failure)  828714K->510250K(1033216K), 0.0046022 secs]
318.861: Total time for which application threads were stopped: 0.0047725 seconds, Stopping threads took: 0.0000205 seconds
318.926: [GC (Allocation Failure)  828714K->510634K(1033216K), 0.0050897 secs]
318.931: Total time for which application threads were stopped: 0.0052846 seconds, Stopping threads took: 0.0000202 seconds
318.999: [GC (Allocation Failure)  829098K->518284K(1033216K), 0.0064472 secs]
319.006: Total time for which application threads were stopped: 0.0066133 seconds, Stopping threads took: 0.0000262 seconds
319.072: [GC (Allocation Failure)  836748K->518316K(1033216K), 0.0049627 secs]
319.077: Total time for which application threads were stopped: 0.0051395 seconds, Stopping threads took: 0.0000200 seconds
319.142: [GC (Allocation Failure)  836780K->518820K(1033216K), 0.0055753 secs]
319.147: Total time for which application threads were stopped: 0.0057736 seconds, Stopping threads took: 0.0000172 seconds
319.215: [GC (Allocation Failure)  837284K->526311K(1033216K), 0.0047313 secs]
319.220: Total time for which application threads were stopped: 0.0048900 seconds, Stopping threads took: 0.0000176 seconds
319.287: [GC (Allocation Failure)  844775K->526311K(1033216K), 0.0047032 secs]
319.292: Total time for which application threads were stopped: 0.0048735 seconds, Stopping threads took: 0.0000206 seconds
319.356: [GC (Allocation Failure)  844775K->526575K(1033216K), 0.0047834 secs]
319.361: Total time for which application threads were stopped: 0.0049523 seconds, Stopping threads took: 0.0000282 seconds
319.430: [GC (Allocation Failure)  845039K->534353K(1033216K), 0.0048934 secs]
319.435: Total time for which application threads were stopped: 0.0050574 seconds, Stopping threads took: 0.0000202 seconds
319.500: [GC (Allocation Failure)  852817K->534353K(1033216K), 0.0048661 secs]
319.505: Total time for which application threads were stopped: 0.0050576 seconds, Stopping threads took: 0.0000436 seconds
319.571: [GC (Allocation Failure)  852817K->534409K(1033216K), 0.0046658 secs]
319.576: Total time for which application threads were stopped: 0.0048568 seconds, Stopping threads took: 0.0000191 seconds
319.644: [GC (Allocation Failure)  852873K->542411K(1033216K), 0.0047423 secs]
319.649: Total time for which application threads were stopped: 0.0048984 seconds, Stopping threads took: 0.0000174 seconds
319.715: [GC (Allocation Failure)  860875K->542379K(1033216K), 0.0049029 secs]
319.720: Total time for which application threads were stopped: 0.0050648 seconds, Stopping threads took: 0.0000202 seconds
319.785: [GC (Allocation Failure)  860843K->542531K(1033216K), 0.0050611 secs]
319.790: Total time for which application threads were stopped: 0.0052288 seconds, Stopping threads took: 0.0000198 seconds
319.857: [GC (Allocation Failure)  860995K->550405K(1033216K), 0.0049456 secs]
319.863: Total time for which application threads were stopped: 0.0051381 seconds, Stopping threads took: 0.0000195 seconds
319.929: [GC (Allocation Failure)  868869K->550405K(1033216K), 0.0048751 secs]
319.934: Total time for which application threads were stopped: 0.0050503 seconds, Stopping threads took: 0.0000200 seconds
319.999: [GC (Allocation Failure)  868869K->550725K(1033216K), 0.0050093 secs]
320.004: Total time for which application threads were stopped: 0.0051876 seconds, Stopping threads took: 0.0000197 seconds
320.070: [GC (Allocation Failure)  869189K->558440K(1033216K), 0.0049273 secs]
320.075: Total time for which application threads were stopped: 0.0051066 seconds, Stopping threads took: 0.0000207 seconds
320.147: [GC (Allocation Failure)  876904K->558440K(1033216K), 0.0047389 secs]
320.152: Total time for which application threads were stopped: 0.0049155 seconds, Stopping threads took: 0.0000279 seconds
320.216: [GC (Allocation Failure)  876904K->558984K(1033216K), 0.0048630 secs]
320.221: Total time for which application threads were stopped: 0.0050307 seconds, Stopping threads took: 0.0000193 seconds
320.289: [GC (Allocation Failure)  877448K->566506K(1033216K), 0.0049231 secs]
320.294: Total time for which application threads were stopped: 0.0050923 seconds, Stopping threads took: 0.0000190 seconds
320.359: [GC (Allocation Failure)  884970K->566474K(1033216K), 0.0048475 secs]
320.364: Total time for which application threads were stopped: 0.0050068 seconds, Stopping threads took: 0.0000201 seconds
320.431: [GC (Allocation Failure)  884938K->566698K(1033216K), 0.0049103 secs]
320.436: Total time for which application threads were stopped: 0.0050825 seconds, Stopping threads took: 0.0000200 seconds
320.502: [GC (Allocation Failure)  885162K->574540K(1033216K), 0.0049533 secs]
320.507: Total time for which application threads were stopped: 0.0051214 seconds, Stopping threads took: 0.0000201 seconds
320.572: [GC (Allocation Failure)  893004K->566794K(1033216K), 0.0017247 secs]
320.574: Total time for which application threads were stopped: 0.0018553 seconds, Stopping threads took: 0.0000192 seconds
320.641: [GC (Allocation Failure)  885258K->574668K(1033216K), 0.0049334 secs]
320.646: Total time for which application threads were stopped: 0.0051011 seconds, Stopping threads took: 0.0000274 seconds
320.713: [GC (Allocation Failure)  893132K->578660K(1033216K), 0.0062244 secs]
320.719: Total time for which application threads were stopped: 0.0064155 seconds, Stopping threads took: 0.0000196 seconds
320.785: [GC (Allocation Failure)  897124K->579330K(1032192K), 0.0052423 secs]
320.791: Total time for which application threads were stopped: 0.0053881 seconds, Stopping threads took: 0.0000166 seconds
320.857: [GC (Allocation Failure)  896770K->578756K(1032704K), 0.0047260 secs]
320.861: Total time for which application threads were stopped: 0.0049185 seconds, Stopping threads took: 0.0000198 seconds
320.931: [GC (Allocation Failure)  896196K->578660K(1033216K), 0.0048025 secs]
320.935: Total time for which application threads were stopped: 0.0049859 seconds, Stopping threads took: 0.0000172 seconds
321.002: [GC (Allocation Failure)  897124K->581444K(1033216K), 0.0054399 secs]
321.008: Total time for which application threads were stopped: 0.0056015 seconds, Stopping threads took: 0.0000254 seconds
321.077: [GC (Allocation Failure)  899908K->586726K(1033728K), 0.0049151 secs]
321.082: Total time for which application threads were stopped: 0.0050749 seconds, Stopping threads took: 0.0000199 seconds
321.150: [GC (Allocation Failure)  906214K->586726K(1033728K), 0.0048676 secs]
321.155: Total time for which application threads were stopped: 0.0050312 seconds, Stopping threads took: 0.0000164 seconds
321.221: [GC (Allocation Failure)  906214K->587622K(1033728K), 0.0051675 secs]
321.226: Total time for which application threads were stopped: 0.0053418 seconds, Stopping threads took: 0.0000193 seconds
321.292: [GC (Allocation Failure)  907110K->594729K(1033728K), 0.0049070 secs]
321.297: Total time for which application threads were stopped: 0.0050857 seconds, Stopping threads took: 0.0000201 seconds
321.364: [GC (Allocation Failure)  914217K->594729K(1033728K), 0.0057716 secs]
321.370: Total time for which application threads were stopped: 0.0059445 seconds, Stopping threads took: 0.0000205 seconds
321.436: [GC (Allocation Failure)  914217K->594857K(1033728K), 0.0050626 secs]
321.441: Total time for which application threads were stopped: 0.0052294 seconds, Stopping threads took: 0.0000211 seconds
321.507: [GC (Allocation Failure)  914345K->602795K(1033728K), 0.0048749 secs]
321.512: Total time for which application threads were stopped: 0.0050331 seconds, Stopping threads took: 0.0000196 seconds
321.580: [GC (Allocation Failure)  922283K->602763K(1033728K), 0.0049692 secs]
321.585: Total time for which application threads were stopped: 0.0051288 seconds, Stopping threads took: 0.0000193 seconds
321.649: [GC (Allocation Failure)  922251K->606155K(1034240K), 0.0070403 secs]
321.656: Total time for which application threads were stopped: 0.0072123 seconds, Stopping threads took: 0.0000191 seconds
321.724: [GC (Allocation Failure)  926155K->610925K(1033728K), 0.0047957 secs]
321.729: Total time for which application threads were stopped: 0.0049636 seconds, Stopping threads took: 0.0000207 seconds
321.794: [GC (Allocation Failure)  930925K->610797K(1034240K), 0.0050453 secs]
321.799: Total time for which application threads were stopped: 0.0052038 seconds, Stopping threads took: 0.0000199 seconds
321.865: [GC (Allocation Failure)  931309K->611309K(1020928K), 0.0051311 secs]
321.870: Total time for which application threads were stopped: 0.0052925 seconds, Stopping threads took: 0.0000190 seconds
321.938: [GC (Allocation Failure)  931821K->618863K(1033728K), 0.0048716 secs]
321.943: Total time for which application threads were stopped: 0.0050327 seconds, Stopping threads took: 0.0000197 seconds
322.010: [GC (Allocation Failure)  938351K->618831K(1033728K), 0.0048337 secs]
322.015: Total time for which application threads were stopped: 0.0050062 seconds, Stopping threads took: 0.0000201 seconds
322.080: [GC (Allocation Failure)  938319K->619559K(1033728K), 0.0050962 secs]
322.086: Total time for which application threads were stopped: 0.0052923 seconds, Stopping threads took: 0.0000199 seconds
322.155: [GC (Allocation Failure)  939047K->626826K(1033728K), 0.0048357 secs]
322.160: Total time for which application threads were stopped: 0.0050140 seconds, Stopping threads took: 0.0000198 seconds
322.226: [GC (Allocation Failure)  946314K->626826K(1033728K), 0.0050079 secs]
322.232: Total time for which application threads were stopped: 0.0051825 seconds, Stopping threads took: 0.0000198 seconds
322.298: [GC (Allocation Failure)  946314K->630850K(1033728K), 0.0060551 secs]
322.304: Total time for which application threads were stopped: 0.0062558 seconds, Stopping threads took: 0.0000209 seconds
322.373: [GC (Allocation Failure)  950338K->634884K(1034240K), 0.0048683 secs]
322.378: Total time for which application threads were stopped: 0.0050289 seconds, Stopping threads took: 0.0000197 seconds
322.446: [GC (Allocation Failure)  955396K->634884K(1034240K), 0.0051563 secs]
322.451: Total time for which application threads were stopped: 0.0053261 seconds, Stopping threads took: 0.0000199 seconds
322.518: [GC (Allocation Failure)  955396K->636004K(1034240K), 0.0051312 secs]
322.523: Total time for which application threads were stopped: 0.0053254 seconds, Stopping threads took: 0.0000199 seconds
322.592: [GC (Allocation Failure)  956516K->643014K(1034240K), 0.0048009 secs]
322.596: Total time for which application threads were stopped: 0.0049587 seconds, Stopping threads took: 0.0000199 seconds
322.664: [GC (Allocation Failure)  963526K->642918K(1034240K), 0.0048762 secs]
322.669: Total time for which application threads were stopped: 0.0050533 seconds, Stopping threads took: 0.0000197 seconds
322.737: [GC (Allocation Failure)  963430K->643174K(1034240K), 0.0052261 secs]
322.742: Total time for which application threads were stopped: 0.0054050 seconds, Stopping threads took: 0.0000200 seconds
322.812: [GC (Allocation Failure)  963686K->650984K(1034240K), 0.0049176 secs]
322.817: Total time for which application threads were stopped: 0.0051753 seconds, Stopping threads took: 0.0000193 seconds
322.884: [GC (Allocation Failure)  971496K->650952K(1034240K), 0.0049340 secs]
322.889: Total time for which application threads were stopped: 0.0051135 seconds, Stopping threads took: 0.0000201 seconds
322.955: [GC (Allocation Failure)  971464K->652424K(1034240K), 0.0054279 secs]
322.961: Total time for which application threads were stopped: 0.0056000 seconds, Stopping threads took: 0.0000198 seconds
323.028: [GC (Allocation Failure)  972936K->659051K(1034240K), 0.0052253 secs]
323.034: Total time for which application threads were stopped: 0.0053948 seconds, Stopping threads took: 0.0000197 seconds
323.101: [GC (Allocation Failure)  979563K->658987K(1034240K), 0.0048650 secs]
323.106: Total time for which application threads were stopped: 0.0050368 seconds, Stopping threads took: 0.0000201 seconds
323.174: [GC (Allocation Failure)  979499K->659147K(1020416K), 0.0052524 secs]
323.179: Total time for which application threads were stopped: 0.0054103 seconds, Stopping threads took: 0.0000174 seconds
323.247: [GC (Allocation Failure)  979659K->667021K(1033728K), 0.0049248 secs]
323.252: Total time for which application threads were stopped: 0.0050946 seconds, Stopping threads took: 0.0000200 seconds
323.317: [GC (Allocation Failure)  986509K->667053K(1033728K), 0.0050441 secs]
323.323: Total time for which application threads were stopped: 0.0052209 seconds, Stopping threads took: 0.0000215 seconds
323.389: [GC (Allocation Failure)  986541K->667093K(1033728K), 0.0053148 secs]
323.394: Total time for which application threads were stopped: 0.0054765 seconds, Stopping threads took: 0.0000202 seconds
323.463: [GC (Allocation Failure)  986581K->675063K(1033728K), 0.0049251 secs]
323.468: Total time for which application threads were stopped: 0.0050950 seconds, Stopping threads took: 0.0000195 seconds
323.535: [GC (Allocation Failure)  994551K->675095K(1033728K), 0.0048240 secs]
323.540: Total time for which application threads were stopped: 0.0049810 seconds, Stopping threads took: 0.0000199 seconds
323.605: [GC (Allocation Failure)  994583K->676127K(1033728K), 0.0053141 secs]
323.610: Total time for which application threads were stopped: 0.0054820 seconds, Stopping threads took: 0.0000217 seconds
323.678: [GC (Allocation Failure)  995615K->683074K(1033728K), 0.0051224 secs]
323.684: Total time for which application threads were stopped: 0.0053010 seconds, Stopping threads took: 0.0000193 seconds
323.751: [GC (Allocation Failure)  1002562K->683138K(1033728K), 0.0049822 secs]
323.756: Total time for which application threads were stopped: 0.0051455 seconds, Stopping threads took: 0.0000200 seconds
323.821: [GC (Allocation Failure)  1002626K->683362K(1033728K), 0.0052650 secs]
323.827: [Full GC (Ergonomics)  683362K->8713K(1033728K), 0.0131539 secs]
323.840: Total time for which application threads were stopped: 0.0187074 seconds, Stopping threads took: 0.0000200 seconds
323.907: [GC (Allocation Failure)  328201K->18667K(1029120K), 0.0043312 secs]
323.911: Total time for which application threads were stopped: 0.0045010 seconds, Stopping threads took: 0.0000193 seconds
323.979: [GC (Allocation Failure)  338155K->18675K(1032704K), 0.0040695 secs]
323.983: Total time for which application threads were stopped: 0.0042323 seconds, Stopping threads took: 0.0000160 seconds
324.050: [GC (Allocation Failure)  336115K->19059K(1032704K), 0.0040837 secs]
324.054: Total time for which application threads were stopped: 0.0042545 seconds, Stopping threads took: 0.0000251 seconds
324.122: [GC (Allocation Failure)  336499K->26709K(1032704K), 0.0038946 secs]
324.126: Total time for which application threads were stopped: 0.0040658 seconds, Stopping threads took: 0.0000205 seconds
324.194: [GC (Allocation Failure)  344149K->26677K(1032704K), 0.0038117 secs]
324.198: Total time for which application threads were stopped: 0.0039801 seconds, Stopping threads took: 0.0000199 seconds
324.265: [GC (Allocation Failure)  344117K->27349K(1033216K), 0.0042244 secs]
324.270: Total time for which application threads were stopped: 0.0043952 seconds, Stopping threads took: 0.0000203 seconds
324.336: [GC (Allocation Failure)  345813K->34711K(1033216K), 0.0037064 secs]
324.340: Total time for which application threads were stopped: 0.0038901 seconds, Stopping threads took: 0.0000206 seconds
324.408: [GC (Allocation Failure)  353175K->34743K(1033216K), 0.0036929 secs]
324.412: Total time for which application threads were stopped: 0.0038608 seconds, Stopping threads took: 0.0000209 seconds
324.477: [GC (Allocation Failure)  353207K->35567K(1033216K), 0.0038596 secs]
324.481: Total time for which application threads were stopped: 0.0040323 seconds, Stopping threads took: 0.0000201 seconds
324.547: [GC (Allocation Failure)  354031K->42738K(1033216K), 0.0038776 secs]
324.551: Total time for which application threads were stopped: 0.0040462 seconds, Stopping threads took: 0.0000279 seconds
324.617: [GC (Allocation Failure)  361202K->42738K(1033216K), 0.0041439 secs]
324.621: Total time for which application threads were stopped: 0.0043115 seconds, Stopping threads took: 0.0000197 seconds
324.687: [GC (Allocation Failure)  361202K->43786K(1033216K), 0.0041253 secs]
324.691: Total time for which application threads were stopped: 0.0042952 seconds, Stopping threads took: 0.0000194 seconds
324.758: [GC (Allocation Failure)  362250K->50764K(1033216K), 0.0038161 secs]
324.762: Total time for which application threads were stopped: 0.0040078 seconds, Stopping threads took: 0.0000195 seconds
324.829: [GC (Allocation Failure)  369228K->50732K(1033216K), 0.0037575 secs]
324.833: Total time for which application threads were stopped: 0.0039485 seconds, Stopping threads took: 0.0000206 seconds
324.898: [GC (Allocation Failure)  369196K->51020K(1033216K), 0.0042387 secs]
324.903: Total time for which application threads were stopped: 0.0044077 seconds, Stopping threads took: 0.0000201 seconds
324.970: [GC (Allocation Failure)  369484K->58830K(1033216K), 0.0038997 secs]
324.974: Total time for which application threads were stopped: 0.0040733 seconds, Stopping threads took: 0.0000261 seconds
325.040: [GC (Allocation Failure)  377294K->58798K(1033216K), 0.0038956 secs]
325.044: Total time for which application threads were stopped: 0.0040647 seconds, Stopping threads took: 0.0000201 seconds
325.108: [GC (Allocation Failure)  377262K->59206K(1033216K), 0.0040292 secs]
325.112: Total time for which application threads were stopped: 0.0042295 seconds, Stopping threads took: 0.0000192 seconds
325.181: [GC (Allocation Failure)  377670K->66857K(1033216K), 0.0039736 secs]
325.185: Total time for which application threads were stopped: 0.0041416 seconds, Stopping threads took: 0.0000197 seconds
325.252: [GC (Allocation Failure)  385321K->66825K(1033216K), 0.0042467 secs]
325.256: Total time for which application threads were stopped: 0.0044186 seconds, Stopping threads took: 0.0000195 seconds
325.321: [GC (Allocation Failure)  385289K->66953K(1033216K), 0.0039168 secs]
325.325: Total time for which application threads were stopped: 0.0040756 seconds, Stopping threads took: 0.0000193 seconds
325.392: [GC (Allocation Failure)  385417K->74891K(1033216K), 0.0038041 secs]
325.396: Total time for which application threads were stopped: 0.0039814 seconds, Stopping threads took: 0.0000197 seconds
325.461: [GC (Allocation Failure)  393355K->74891K(1033216K), 0.0036808 secs]
325.465: Total time for which application threads were stopped: 0.0038321 seconds, Stopping threads took: 0.0000187 seconds
325.531: [GC (Allocation Failure)  393355K->74923K(1033216K), 0.0042326 secs]
325.536: Total time for which application threads were stopped: 0.0043983 seconds, Stopping threads took: 0.0000186 seconds
325.602: [GC (Allocation Failure)  393387K->82925K(1033216K), 0.0039474 secs]
325.606: Total time for which application threads were stopped: 0.0041078 seconds, Stopping threads took: 0.0000197 seconds
325.673: [GC (Allocation Failure)  401389K->82893K(1033216K), 0.0038226 secs]
325.677: Total time for which application threads were stopped: 0.0039721 seconds, Stopping threads took: 0.0000173 seconds
325.741: [GC (Allocation Failure)  401357K->82957K(1033216K), 0.0039660 secs]
325.745: Total time for which application threads were stopped: 0.0041339 seconds, Stopping threads took: 0.0000194 seconds
325.812: [GC (Allocation Failure)  401421K->90959K(1033216K), 0.0039890 secs]
325.816: Total time for which application threads were stopped: 0.0041522 seconds, Stopping threads took: 0.0000207 seconds
325.882: [GC (Allocation Failure)  409423K->90895K(1033216K), 0.0037672 secs]
325.885: Total time for which application threads were stopped: 0.0039366 seconds, Stopping threads took: 0.0000216 seconds
325.950: [GC (Allocation Failure)  409359K->91119K(1033216K), 0.0040501 secs]
325.954: Total time for which application threads were stopped: 0.0042094 seconds, Stopping threads took: 0.0000205 seconds
