Java HotSpot(TM) 64-Bit Server VM (25.171-b11) for linux-amd64 JRE (1.8.0_171-b11), built on Mar 28 2018 17:07:08 by "java_re" with gcc 4.3.0 20080428 (Red Hat 4.3.0-8)
Memory: 4k page, physical 32883000k(29355684k free), swap 8000508k(8000508k free)
CommandLine flags: -XX:InitialHeapSize=1073741824 -XX:MaxHeapSize=1073741824 -XX:+PrintGC -XX:+PrintGCApplicationStoppedTime -XX:+PrintGCTimeStamps -XX:+UseCompressedClassPointers -XX:+UseCompressedOops -XX:+UseParallelGC 
0.279: [GC (Allocation Failure)  262144K->10316K(1005056K), 0.0052266 secs]
0.284: Total time for which application threads were stopped: 0.0054357 seconds, Stopping threads took: 0.0000169 seconds
0.348: [GC (Allocation Failure)  272460K->8713K(1005056K), 0.0036372 secs]
0.351: Total time for which application threads were stopped: 0.0039166 seconds, Stopping threads took: 0.0001281 seconds
0.406: [GC (Allocation Failure)  270857K->8594K(1005056K), 0.0027616 secs]
0.409: Total time for which application threads were stopped: 0.0029083 seconds, Stopping threads took: 0.0000271 seconds
0.463: [GC (Allocation Failure)  270738K->8585K(1005056K), 0.0042599 secs]
0.468: Total time for which application threads were stopped: 0.0044182 seconds, Stopping threads took: 0.0000268 seconds
0.522: [GC (Allocation Failure)  270729K->8722K(1005056K), 0.0035212 secs]
0.526: Total time for which application threads were stopped: 0.0036852 seconds, Stopping threads took: 0.0000196 seconds
0.581: [GC (Allocation Failure)  270866K->8562K(1038336K), 0.0043126 secs]
0.586: Total time for which application threads were stopped: 0.0044826 seconds, Stopping threads took: 0.0000204 seconds
0.663: [GC (Allocation Failure)  336754K->8612K(1037824K), 0.0039342 secs]
0.667: Total time for which application threads were stopped: 0.0041228 seconds, Stopping threads took: 0.0000186 seconds
0.738: [GC (Allocation Failure)  336804K->8644K(1038336K), 0.0038160 secs]
0.742: Total time for which application threads were stopped: 0.0039708 seconds, Stopping threads took: 0.0000164 seconds
0.812: [GC (Allocation Failure)  337348K->8580K(1038336K), 0.0036139 secs]
0.816: Total time for which application threads were stopped: 0.0037691 seconds, Stopping threads took: 0.0000164 seconds
0.883: [GC (Allocation Failure)  337284K->10276K(1037312K), 0.0033789 secs]
0.886: Total time for which application threads were stopped: 0.0035375 seconds, Stopping threads took: 0.0000195 seconds
0.958: [GC (Allocation Failure)  337956K->8580K(1037824K), 0.0035264 secs]
0.961: Total time for which application threads were stopped: 0.0036909 seconds, Stopping threads took: 0.0000278 seconds
1.031: [GC (Allocation Failure)  336260K->8580K(1037824K), 0.0036062 secs]
1.034: Total time for which application threads were stopped: 0.0037854 seconds, Stopping threads took: 0.0000257 seconds
1.101: [GC (Allocation Failure)  336260K->9484K(1028096K), 0.0043747 secs]
1.105: Total time for which application threads were stopped: 0.0045312 seconds, Stopping threads took: 0.0000192 seconds
1.176: [GC (Allocation Failure)  337164K->16814K(1037312K), 0.0036519 secs]
1.180: Total time for which application threads were stopped: 0.0038132 seconds, Stopping threads took: 0.0000201 seconds
1.250: [GC (Allocation Failure)  342958K->16622K(1036800K), 0.0036138 secs]
1.254: Total time for which application threads were stopped: 0.0037872 seconds, Stopping threads took: 0.0000221 seconds
1.321: [GC (Allocation Failure)  342766K->21964K(1034240K), 0.0066588 secs]
1.327: Total time for which application threads were stopped: 0.0068233 seconds, Stopping threads took: 0.0000198 seconds
1.396: [GC (Allocation Failure)  345548K->18926K(1035776K), 0.0035371 secs]
1.399: Total time for which application threads were stopped: 0.0037653 seconds, Stopping threads took: 0.0000699 seconds
1.467: [GC (Allocation Failure)  342510K->18766K(1036288K), 0.0037347 secs]
1.471: Total time for which application threads were stopped: 0.0038939 seconds, Stopping threads took: 0.0000198 seconds
1.537: [GC (Allocation Failure)  343371K->14860K(1028608K), 0.0025498 secs]
1.540: Total time for which application threads were stopped: 0.0027442 seconds, Stopping threads took: 0.0000204 seconds
1.608: [GC (Allocation Failure)  339468K->18894K(1035776K), 0.0047410 secs]
1.613: Total time for which application threads were stopped: 0.0048995 seconds, Stopping threads took: 0.0000245 seconds
1.680: [GC (Allocation Failure)  342478K->22894K(1035776K), 0.0036717 secs]
1.684: Total time for which application threads were stopped: 0.0038369 seconds, Stopping threads took: 0.0000193 seconds
1.751: [GC (Allocation Failure)  346478K->22894K(1036288K), 0.0036560 secs]
1.755: Total time for which application threads were stopped: 0.0038020 seconds, Stopping threads took: 0.0000170 seconds
1.824: [GC (Allocation Failure)  347502K->22958K(1024512K), 0.0045696 secs]
1.828: Total time for which application threads were stopped: 0.0047241 seconds, Stopping threads took: 0.0000186 seconds
1.897: [GC (Allocation Failure)  347566K->30960K(1035776K), 0.0038066 secs]
1.900: Total time for which application threads were stopped: 0.0039661 seconds, Stopping threads took: 0.0000196 seconds
1.970: [GC (Allocation Failure)  354032K->30928K(1035264K), 0.0034917 secs]
1.974: Total time for which application threads were stopped: 0.0036743 seconds, Stopping threads took: 0.0000205 seconds
2.043: [GC (Allocation Failure)  354000K->30952K(1034752K), 0.0045542 secs]
2.048: Total time for which application threads were stopped: 0.0047364 seconds, Stopping threads took: 0.0000199 seconds
2.116: [GC (Allocation Failure)  353512K->38986K(1035264K), 0.0038006 secs]
2.120: Total time for which application threads were stopped: 0.0039483 seconds, Stopping threads took: 0.0000176 seconds
2.190: [GC (Allocation Failure)  361546K->38954K(1035264K), 0.0037229 secs]
2.194: Total time for which application threads were stopped: 0.0038773 seconds, Stopping threads took: 0.0000197 seconds
2.262: [GC (Allocation Failure)  361514K->39210K(1022464K), 0.0044230 secs]
2.267: Total time for which application threads were stopped: 0.0045771 seconds, Stopping threads took: 0.0000195 seconds
2.335: [GC (Allocation Failure)  361770K->47021K(1034752K), 0.0037931 secs]
2.339: Total time for which application threads were stopped: 0.0039655 seconds, Stopping threads took: 0.0000211 seconds
2.405: [GC (Allocation Failure)  368557K->47021K(1034752K), 0.0038855 secs]
2.409: Total time for which application threads were stopped: 0.0040467 seconds, Stopping threads took: 0.0000197 seconds
2.473: [GC (Allocation Failure)  368557K->47437K(1034752K), 0.0065162 secs]
2.480: Total time for which application threads were stopped: 0.0066836 seconds, Stopping threads took: 0.0000202 seconds
2.548: [GC (Allocation Failure)  368973K->55055K(1034752K), 0.0038349 secs]
2.552: Total time for which application threads were stopped: 0.0039929 seconds, Stopping threads took: 0.0000200 seconds
2.622: [GC (Allocation Failure)  376591K->54991K(1034752K), 0.0042118 secs]
2.626: Total time for which application threads were stopped: 0.0043993 seconds, Stopping threads took: 0.0000250 seconds
2.693: [GC (Allocation Failure)  376527K->55183K(1021440K), 0.0043573 secs]
2.697: Total time for which application threads were stopped: 0.0045367 seconds, Stopping threads took: 0.0000176 seconds
2.766: [GC (Allocation Failure)  376719K->63057K(1034240K), 0.0036442 secs]
2.769: Total time for which application threads were stopped: 0.0038109 seconds, Stopping threads took: 0.0000194 seconds
2.836: [GC (Allocation Failure)  383569K->63057K(1034240K), 0.0038954 secs]
2.840: Total time for which application threads were stopped: 0.0041377 seconds, Stopping threads took: 0.0000201 seconds
2.904: [GC (Allocation Failure)  383569K->63113K(1034240K), 0.0047723 secs]
2.909: Total time for which application threads were stopped: 0.0049417 seconds, Stopping threads took: 0.0000214 seconds
2.977: [GC (Allocation Failure)  383625K->71083K(1028096K), 0.0038553 secs]
2.981: Total time for which application threads were stopped: 0.0040214 seconds, Stopping threads took: 0.0000202 seconds
3.048: [GC (Allocation Failure)  391595K->71083K(1034240K), 0.0036418 secs]
3.052: Total time for which application threads were stopped: 0.0038323 seconds, Stopping threads took: 0.0000207 seconds
3.120: [GC (Allocation Failure)  391083K->71627K(1033728K), 0.0045366 secs]
3.125: Total time for which application threads were stopped: 0.0046880 seconds, Stopping threads took: 0.0000163 seconds
3.193: [GC (Allocation Failure)  391627K->79150K(1033728K), 0.0040801 secs]
3.197: Total time for which application threads were stopped: 0.0042550 seconds, Stopping threads took: 0.0000200 seconds
3.266: [GC (Allocation Failure)  398638K->79118K(1033728K), 0.0041487 secs]
3.270: Total time for which application threads were stopped: 0.0042943 seconds, Stopping threads took: 0.0000169 seconds
3.335: [GC (Allocation Failure)  398606K->79334K(1033728K), 0.0047170 secs]
3.339: Total time for which application threads were stopped: 0.0048938 seconds, Stopping threads took: 0.0000203 seconds
3.407: [GC (Allocation Failure)  398822K->87144K(1033728K), 0.0041016 secs]
3.411: Total time for which application threads were stopped: 0.0042793 seconds, Stopping threads took: 0.0000201 seconds
3.475: [GC (Allocation Failure)  406632K->87144K(1033728K), 0.0038182 secs]
3.479: Total time for which application threads were stopped: 0.0039838 seconds, Stopping threads took: 0.0000204 seconds
3.544: [GC (Allocation Failure)  406632K->87592K(1033728K), 0.0065352 secs]
3.550: Total time for which application threads were stopped: 0.0066995 seconds, Stopping threads took: 0.0000204 seconds
3.619: [GC (Allocation Failure)  407080K->95178K(1033728K), 0.0043537 secs]
3.624: Total time for which application threads were stopped: 0.0045345 seconds, Stopping threads took: 0.0000274 seconds
3.690: [GC (Allocation Failure)  414666K->95210K(1033728K), 0.0038225 secs]
3.694: Total time for which application threads were stopped: 0.0040237 seconds, Stopping threads took: 0.0000208 seconds
3.760: [GC (Allocation Failure)  414698K->95306K(1032704K), 0.0046982 secs]
3.765: Total time for which application threads were stopped: 0.0048694 seconds, Stopping threads took: 0.0000202 seconds
3.833: [GC (Allocation Failure)  413770K->103213K(1033216K), 0.0037286 secs]
3.836: Total time for which application threads were stopped: 0.0038963 seconds, Stopping threads took: 0.0000196 seconds
3.901: [GC (Allocation Failure)  421677K->103245K(1033216K), 0.0037246 secs]
3.905: Total time for which application threads were stopped: 0.0038815 seconds, Stopping threads took: 0.0000196 seconds
3.972: [GC (Allocation Failure)  421709K->103245K(1033216K), 0.0046864 secs]
3.977: Total time for which application threads were stopped: 0.0048465 seconds, Stopping threads took: 0.0000254 seconds
4.043: [GC (Allocation Failure)  421709K->111279K(1033216K), 0.0040104 secs]
4.047: Total time for which application threads were stopped: 0.0041623 seconds, Stopping threads took: 0.0000195 seconds
4.055: Total time for which application threads were stopped: 0.0001176 seconds, Stopping threads took: 0.0000517 seconds
4.110: [GC (Allocation Failure)  429743K->103629K(1033216K), 0.0007857 secs]
4.111: Total time for which application threads were stopped: 0.0009086 seconds, Stopping threads took: 0.0000187 seconds
4.177: [GC (Allocation Failure)  422093K->111487K(1033216K), 0.0036981 secs]
4.181: Total time for which application threads were stopped: 0.0038515 seconds, Stopping threads took: 0.0000187 seconds
4.248: [GC (Allocation Failure)  429951K->115367K(1033216K), 0.0051771 secs]
4.253: Total time for which application threads were stopped: 0.0053398 seconds, Stopping threads took: 0.0000184 seconds
4.317: [GC (Allocation Failure)  433831K->116197K(1033216K), 0.0064712 secs]
4.324: Total time for which application threads were stopped: 0.0066313 seconds, Stopping threads took: 0.0000191 seconds
4.392: [GC (Allocation Failure)  434661K->115559K(1033216K), 0.0039626 secs]
4.396: Total time for which application threads were stopped: 0.0041046 seconds, Stopping threads took: 0.0000166 seconds
4.466: [GC (Allocation Failure)  434023K->115431K(1033216K), 0.0037388 secs]
4.469: Total time for which application threads were stopped: 0.0038953 seconds, Stopping threads took: 0.0000258 seconds
4.536: [GC (Allocation Failure)  433895K->108197K(1033216K), 0.0010533 secs]
4.537: Total time for which application threads were stopped: 0.0012000 seconds, Stopping threads took: 0.0000274 seconds
4.604: [GC (Allocation Failure)  426661K->115527K(1033216K), 0.0095839 secs]
4.614: Total time for which application threads were stopped: 0.0097589 seconds, Stopping threads took: 0.0000196 seconds
4.681: [GC (Allocation Failure)  433991K->115431K(1033216K), 0.0038431 secs]
4.685: Total time for which application threads were stopped: 0.0039903 seconds, Stopping threads took: 0.0000169 seconds
4.752: [GC (Allocation Failure)  433895K->116455K(1033216K), 0.0047110 secs]
4.757: Total time for which application threads were stopped: 0.0048670 seconds, Stopping threads took: 0.0000194 seconds
4.826: [GC (Allocation Failure)  434919K->123497K(1033216K), 0.0039908 secs]
4.830: Total time for which application threads were stopped: 0.0041668 seconds, Stopping threads took: 0.0000194 seconds
4.897: [GC (Allocation Failure)  441961K->123433K(1033728K), 0.0038988 secs]
4.901: Total time for which application threads were stopped: 0.0040898 seconds, Stopping threads took: 0.0000198 seconds
4.969: [GC (Allocation Failure)  442409K->125161K(1033216K), 0.0045998 secs]
4.974: Total time for which application threads were stopped: 0.0047691 seconds, Stopping threads took: 0.0000262 seconds
5.041: [GC (Allocation Failure)  444137K->131499K(1033728K), 0.0039039 secs]
5.045: Total time for which application threads were stopped: 0.0040490 seconds, Stopping threads took: 0.0000219 seconds
5.111: [GC (Allocation Failure)  450987K->131467K(1033728K), 0.0039557 secs]
5.115: Total time for which application threads were stopped: 0.0041191 seconds, Stopping threads took: 0.0000199 seconds
5.181: [GC (Allocation Failure)  450955K->131851K(1033728K), 0.0046828 secs]
5.185: Total time for which application threads were stopped: 0.0048143 seconds, Stopping threads took: 0.0000193 seconds
5.250: [GC (Allocation Failure)  451339K->139566K(1033728K), 0.0037990 secs]
5.253: Total time for which application threads were stopped: 0.0039417 seconds, Stopping threads took: 0.0000194 seconds
5.317: [GC (Allocation Failure)  459054K->139502K(1033728K), 0.0036796 secs]
5.320: Total time for which application threads were stopped: 0.0038185 seconds, Stopping threads took: 0.0000238 seconds
5.382: [GC (Allocation Failure)  458990K->143150K(1033728K), 0.0050182 secs]
5.387: Total time for which application threads were stopped: 0.0051549 seconds, Stopping threads took: 0.0000261 seconds
5.451: [GC (Allocation Failure)  462638K->147536K(1034240K), 0.0037345 secs]
5.455: Total time for which application threads were stopped: 0.0038976 seconds, Stopping threads took: 0.0000253 seconds
5.520: [GC (Allocation Failure)  468048K->147536K(1034240K), 0.0036419 secs]
5.524: Total time for which application threads were stopped: 0.0037576 seconds, Stopping threads took: 0.0000158 seconds
5.587: [GC (Allocation Failure)  468048K->148304K(1034240K), 0.0068719 secs]
5.594: Total time for which application threads were stopped: 0.0070020 seconds, Stopping threads took: 0.0000189 seconds
5.664: [GC (Allocation Failure)  468816K->155666K(1034240K), 0.0038564 secs]
5.668: Total time for which application threads were stopped: 0.0040154 seconds, Stopping threads took: 0.0000197 seconds
5.736: [GC (Allocation Failure)  476178K->155570K(1034240K), 0.0039996 secs]
5.740: Total time for which application threads were stopped: 0.0041782 seconds, Stopping threads took: 0.0000329 seconds
5.807: [GC (Allocation Failure)  476082K->158634K(1034240K), 0.0048049 secs]
5.812: Total time for which application threads were stopped: 0.0049788 seconds, Stopping threads took: 0.0000193 seconds
5.880: [GC (Allocation Failure)  479146K->163628K(1034240K), 0.0038474 secs]
5.884: Total time for which application threads were stopped: 0.0040099 seconds, Stopping threads took: 0.0000204 seconds
5.956: [GC (Allocation Failure)  484140K->163596K(1034240K), 0.0038215 secs]
5.960: Total time for which application threads were stopped: 0.0039872 seconds, Stopping threads took: 0.0000256 seconds
6.027: [GC (Allocation Failure)  484108K->164812K(1034240K), 0.0048434 secs]
6.032: Total time for which application threads were stopped: 0.0050079 seconds, Stopping threads took: 0.0000243 seconds
6.101: [GC (Allocation Failure)  485324K->171631K(1034240K), 0.0039480 secs]
6.105: Total time for which application threads were stopped: 0.0041091 seconds, Stopping threads took: 0.0000197 seconds
6.171: [GC (Allocation Failure)  492143K->171631K(1034240K), 0.0038217 secs]
6.175: Total time for which application threads were stopped: 0.0039494 seconds, Stopping threads took: 0.0000194 seconds
6.238: [GC (Allocation Failure)  492143K->172015K(1034240K), 0.0048346 secs]
6.243: Total time for which application threads were stopped: 0.0049677 seconds, Stopping threads took: 0.0000194 seconds
6.308: [GC (Allocation Failure)  492527K->179729K(1034240K), 0.0038105 secs]
6.312: Total time for which application threads were stopped: 0.0039430 seconds, Stopping threads took: 0.0000197 seconds
6.375: [GC (Allocation Failure)  500241K->179665K(1034240K), 0.0037653 secs]
6.379: Total time for which application threads were stopped: 0.0039033 seconds, Stopping threads took: 0.0000274 seconds
6.445: [GC (Allocation Failure)  500177K->181257K(1034240K), 0.0047148 secs]
6.450: Total time for which application threads were stopped: 0.0048517 seconds, Stopping threads took: 0.0000253 seconds
6.514: [GC (Allocation Failure)  501769K->187819K(1034240K), 0.0040362 secs]
6.518: Total time for which application threads were stopped: 0.0041849 seconds, Stopping threads took: 0.0000252 seconds
6.582: [GC (Allocation Failure)  508331K->187659K(1034240K), 0.0036559 secs]
6.586: Total time for which application threads were stopped: 0.0037851 seconds, Stopping threads took: 0.0000192 seconds
6.651: [GC (Allocation Failure)  508171K->187947K(1020416K), 0.0047695 secs]
6.656: Total time for which application threads were stopped: 0.0049222 seconds, Stopping threads took: 0.0000186 seconds
6.724: [GC (Allocation Failure)  508459K->195789K(1033728K), 0.0041021 secs]
6.728: Total time for which application threads were stopped: 0.0042693 seconds, Stopping threads took: 0.0000206 seconds
6.797: [GC (Allocation Failure)  515277K->195725K(1033728K), 0.0040554 secs]
6.801: Total time for which application threads were stopped: 0.0042200 seconds, Stopping threads took: 0.0000216 seconds
6.867: [GC (Allocation Failure)  515213K->195885K(1033728K), 0.0048881 secs]
6.872: Total time for which application threads were stopped: 0.0050393 seconds, Stopping threads took: 0.0000191 seconds
6.940: [GC (Allocation Failure)  515373K->203792K(1033728K), 0.0038715 secs]
6.944: Total time for which application threads were stopped: 0.0040387 seconds, Stopping threads took: 0.0000205 seconds
7.010: [GC (Allocation Failure)  523280K->203760K(1033728K), 0.0040185 secs]
7.014: Total time for which application threads were stopped: 0.0041832 seconds, Stopping threads took: 0.0000254 seconds
7.080: [GC (Allocation Failure)  523248K->203816K(1033728K), 0.0049082 secs]
7.085: Total time for which application threads were stopped: 0.0050640 seconds, Stopping threads took: 0.0000200 seconds
7.150: [GC (Allocation Failure)  523304K->211786K(1033728K), 0.0040403 secs]
7.155: Total time for which application threads were stopped: 0.0041998 seconds, Stopping threads took: 0.0000197 seconds
7.221: [GC (Allocation Failure)  531274K->211786K(1033728K), 0.0036488 secs]
7.225: Total time for which application threads were stopped: 0.0037960 seconds, Stopping threads took: 0.0000200 seconds
7.288: [GC (Allocation Failure)  531274K->212074K(1032704K), 0.0048079 secs]
7.293: Total time for which application threads were stopped: 0.0049394 seconds, Stopping threads took: 0.0000201 seconds
7.357: [GC (Allocation Failure)  530538K->219820K(1033216K), 0.0040887 secs]
7.362: Total time for which application threads were stopped: 0.0042611 seconds, Stopping threads took: 0.0000190 seconds
7.428: [GC (Allocation Failure)  538284K->219820K(1033216K), 0.0039083 secs]
7.432: Total time for which application threads were stopped: 0.0040639 seconds, Stopping threads took: 0.0000165 seconds
7.492: [GC (Allocation Failure)  538284K->220364K(1033216K), 0.0064435 secs]
7.499: Total time for which application threads were stopped: 0.0065851 seconds, Stopping threads took: 0.0000196 seconds
7.564: [GC (Allocation Failure)  538828K->227887K(1033216K), 0.0040486 secs]
7.568: Total time for which application threads were stopped: 0.0042093 seconds, Stopping threads took: 0.0000282 seconds
7.632: [GC (Allocation Failure)  546351K->227855K(1033216K), 0.0040913 secs]
7.636: Total time for which application threads were stopped: 0.0042668 seconds, Stopping threads took: 0.0000216 seconds
7.702: [GC (Allocation Failure)  546319K->228559K(1033216K), 0.0049093 secs]
7.707: Total time for which application threads were stopped: 0.0050410 seconds, Stopping threads took: 0.0000167 seconds
7.774: [GC (Allocation Failure)  547023K->235889K(1033216K), 0.0041874 secs]
7.779: Total time for which application threads were stopped: 0.0043326 seconds, Stopping threads took: 0.0000194 seconds
7.845: [GC (Allocation Failure)  554353K->235889K(1033216K), 0.0040966 secs]
7.849: Total time for which application threads were stopped: 0.0042407 seconds, Stopping threads took: 0.0000190 seconds
7.912: [GC (Allocation Failure)  554353K->236809K(1033216K), 0.0049039 secs]
7.917: Total time for which application threads were stopped: 0.0050721 seconds, Stopping threads took: 0.0000196 seconds
7.984: [GC (Allocation Failure)  555273K->243947K(1033216K), 0.0040298 secs]
7.988: Total time for which application threads were stopped: 0.0041720 seconds, Stopping threads took: 0.0000196 seconds
8.053: [GC (Allocation Failure)  562411K->243947K(1033216K), 0.0040790 secs]
8.057: Total time for which application threads were stopped: 0.0043806 seconds, Stopping threads took: 0.0000191 seconds
8.120: [GC (Allocation Failure)  562411K->243979K(1033216K), 0.0048849 secs]
8.124: Total time for which application threads were stopped: 0.0050422 seconds, Stopping threads took: 0.0000196 seconds
8.188: [GC (Allocation Failure)  562443K->251949K(1033216K), 0.0040673 secs]
8.192: Total time for which application threads were stopped: 0.0042169 seconds, Stopping threads took: 0.0000267 seconds
8.256: [GC (Allocation Failure)  570413K->251949K(1033216K), 0.0040930 secs]
8.260: Total time for which application threads were stopped: 0.0042497 seconds, Stopping threads took: 0.0000281 seconds
8.323: [GC (Allocation Failure)  570413K->252237K(1033216K), 0.0049576 secs]
8.328: Total time for which application threads were stopped: 0.0050765 seconds, Stopping threads took: 0.0000162 seconds
8.392: [GC (Allocation Failure)  570701K->260016K(1033216K), 0.0041468 secs]
8.396: Total time for which application threads were stopped: 0.0042743 seconds, Stopping threads took: 0.0000184 seconds
8.460: [GC (Allocation Failure)  578480K->260016K(1033216K), 0.0040014 secs]
8.464: Total time for which application threads were stopped: 0.0041419 seconds, Stopping threads took: 0.0000276 seconds
8.530: [GC (Allocation Failure)  578480K->260456K(1033216K), 0.0049467 secs]
8.535: Total time for which application threads were stopped: 0.0050790 seconds, Stopping threads took: 0.0000189 seconds
8.598: [GC (Allocation Failure)  578920K->268010K(1033216K), 0.0038964 secs]
8.602: Total time for which application threads were stopped: 0.0040254 seconds, Stopping threads took: 0.0000178 seconds
8.667: [GC (Allocation Failure)  586474K->268010K(1033216K), 0.0040433 secs]
8.671: Total time for which application threads were stopped: 0.0041949 seconds, Stopping threads took: 0.0000177 seconds
8.735: [GC (Allocation Failure)  586474K->268202K(1033216K), 0.0050165 secs]
8.740: Total time for which application threads were stopped: 0.0051531 seconds, Stopping threads took: 0.0000166 seconds
8.806: [GC (Allocation Failure)  586666K->276076K(1033216K), 0.0041883 secs]
8.811: Total time for which application threads were stopped: 0.0043537 seconds, Stopping threads took: 0.0000191 seconds
8.878: [GC (Allocation Failure)  594540K->276044K(1033216K), 0.0040496 secs]
8.882: Total time for which application threads were stopped: 0.0042000 seconds, Stopping threads took: 0.0000215 seconds
8.947: [GC (Allocation Failure)  594508K->276108K(1033216K), 0.0048942 secs]
8.952: Total time for which application threads were stopped: 0.0050321 seconds, Stopping threads took: 0.0000264 seconds
9.017: [GC (Allocation Failure)  594572K->284078K(1033216K), 0.0040696 secs]
9.022: Total time for which application threads were stopped: 0.0042173 seconds, Stopping threads took: 0.0000199 seconds
9.086: [GC (Allocation Failure)  602542K->284078K(1033216K), 0.0040715 secs]
9.091: Total time for which application threads were stopped: 0.0042343 seconds, Stopping threads took: 0.0000196 seconds
9.155: [GC (Allocation Failure)  602542K->284142K(1033216K), 0.0050334 secs]
9.160: Total time for which application threads were stopped: 0.0051793 seconds, Stopping threads took: 0.0000213 seconds
9.224: [GC (Allocation Failure)  602606K->292145K(1033216K), 0.0039365 secs]
9.228: Total time for which application threads were stopped: 0.0040673 seconds, Stopping threads took: 0.0000188 seconds
9.292: [GC (Allocation Failure)  610609K->292113K(1033216K), 0.0040034 secs]
9.296: Total time for which application threads were stopped: 0.0041365 seconds, Stopping threads took: 0.0000192 seconds
9.359: [GC (Allocation Failure)  610577K->292361K(1033216K), 0.0049040 secs]
9.364: Total time for which application threads were stopped: 0.0050429 seconds, Stopping threads took: 0.0000195 seconds
9.429: [GC (Allocation Failure)  610825K->300139K(1033216K), 0.0040834 secs]
9.433: Total time for which application threads were stopped: 0.0042165 seconds, Stopping threads took: 0.0000187 seconds
9.496: [GC (Allocation Failure)  618603K->296265K(1033728K), 0.0029806 secs]
9.499: Total time for which application threads were stopped: 0.0031406 seconds, Stopping threads took: 0.0000270 seconds
9.563: [GC (Allocation Failure)  615241K->300299K(1033216K), 0.0044928 secs]
9.567: Total time for which application threads were stopped: 0.0046368 seconds, Stopping threads took: 0.0000206 seconds
9.633: [GC (Allocation Failure)  619275K->304299K(1034240K), 0.0040584 secs]
9.638: Total time for which application threads were stopped: 0.0042136 seconds, Stopping threads took: 0.0000177 seconds
9.705: [GC (Allocation Failure)  624811K->311785K(1034240K), 0.0075099 secs]
9.713: Total time for which application threads were stopped: 0.0076812 seconds, Stopping threads took: 0.0000277 seconds
9.780: [GC (Allocation Failure)  632297K->305579K(1029120K), 0.0043540 secs]
9.785: Total time for which application threads were stopped: 0.0045065 seconds, Stopping threads took: 0.0000197 seconds
9.853: [GC (Allocation Failure)  620971K->305547K(1031680K), 0.0042444 secs]
9.857: Total time for which application threads were stopped: 0.0044113 seconds, Stopping threads took: 0.0000197 seconds
9.921: [GC (Allocation Failure)  620939K->301001K(1032704K), 0.0023327 secs]
9.924: Total time for which application threads were stopped: 0.0025029 seconds, Stopping threads took: 0.0000247 seconds
9.991: [GC (Allocation Failure)  617929K->305739K(1032192K), 0.0041298 secs]
9.995: Total time for which application threads were stopped: 0.0043048 seconds, Stopping threads took: 0.0000274 seconds
10.062: [GC (Allocation Failure)  622667K->305547K(1033216K), 0.0042594 secs]
10.066: Total time for which application threads were stopped: 0.0044290 seconds, Stopping threads took: 0.0000203 seconds
10.135: [GC (Allocation Failure)  623499K->305675K(1032704K), 0.0051452 secs]
10.140: Total time for which application threads were stopped: 0.0053039 seconds, Stopping threads took: 0.0000196 seconds
10.207: [GC (Allocation Failure)  623627K->313613K(1033216K), 0.0042280 secs]
10.212: Total time for which application threads were stopped: 0.0044497 seconds, Stopping threads took: 0.0000201 seconds
10.280: [GC (Allocation Failure)  632077K->313517K(1033216K), 0.0042181 secs]
10.284: Total time for which application threads were stopped: 0.0043894 seconds, Stopping threads took: 0.0000199 seconds
10.350: [GC (Allocation Failure)  631981K->317477K(1033728K), 0.0055157 secs]
10.356: Total time for which application threads were stopped: 0.0057075 seconds, Stopping threads took: 0.0000201 seconds
10.423: [GC (Allocation Failure)  636453K->321703K(1033216K), 0.0042570 secs]
10.427: Total time for which application threads were stopped: 0.0044294 seconds, Stopping threads took: 0.0000257 seconds
10.494: [GC (Allocation Failure)  640679K->321607K(1034240K), 0.0042361 secs]
10.498: Total time for which application threads were stopped: 0.0043961 seconds, Stopping threads took: 0.0000205 seconds
10.562: [GC (Allocation Failure)  641607K->324167K(1033728K), 0.0052558 secs]
10.568: Total time for which application threads were stopped: 0.0054166 seconds, Stopping threads took: 0.0000279 seconds
10.636: [GC (Allocation Failure)  644167K->329706K(1034240K), 0.0042654 secs]
10.640: Total time for which application threads were stopped: 0.0044208 seconds, Stopping threads took: 0.0000168 seconds
10.708: [GC (Allocation Failure)  650218K->329610K(1034240K), 0.0044770 secs]
10.713: Total time for which application threads were stopped: 0.0046365 seconds, Stopping threads took: 0.0000192 seconds
10.779: [GC (Allocation Failure)  650122K->329866K(1034240K), 0.0051427 secs]
10.785: Total time for which application threads were stopped: 0.0053097 seconds, Stopping threads took: 0.0000191 seconds
10.853: [GC (Allocation Failure)  650378K->337708K(1034240K), 0.0044221 secs]
10.857: Total time for which application threads were stopped: 0.0045898 seconds, Stopping threads took: 0.0000194 seconds
10.925: [GC (Allocation Failure)  658220K->337612K(1034240K), 0.0041907 secs]
10.929: Total time for which application threads were stopped: 0.0043493 seconds, Stopping threads took: 0.0000272 seconds
10.997: [GC (Allocation Failure)  658124K->340108K(1034240K), 0.0052778 secs]
11.002: Total time for which application threads were stopped: 0.0054403 seconds, Stopping threads took: 0.0000249 seconds
11.071: [GC (Allocation Failure)  660620K->345678K(1034240K), 0.0042041 secs]
11.075: Total time for which application threads were stopped: 0.0043820 seconds, Stopping threads took: 0.0000199 seconds
11.142: [GC (Allocation Failure)  666190K->345678K(1034240K), 0.0042699 secs]
11.147: Total time for which application threads were stopped: 0.0044423 seconds, Stopping threads took: 0.0000202 seconds
11.213: [GC (Allocation Failure)  666190K->346318K(1034240K), 0.0052557 secs]
11.219: Total time for which application threads were stopped: 0.0054471 seconds, Stopping threads took: 0.0000200 seconds
11.288: [GC (Allocation Failure)  666830K->353744K(1034240K), 0.0043134 secs]
11.293: Total time for which application threads were stopped: 0.0044690 seconds, Stopping threads took: 0.0000169 seconds
11.361: [GC (Allocation Failure)  674256K->353744K(1034240K), 0.0043655 secs]
11.365: Total time for which application threads were stopped: 0.0045372 seconds, Stopping threads took: 0.0000194 seconds
11.432: [GC (Allocation Failure)  674256K->356584K(1034240K), 0.0051964 secs]
11.438: Total time for which application threads were stopped: 0.0053647 seconds, Stopping threads took: 0.0000262 seconds
11.506: [GC (Allocation Failure)  677096K->361835K(1034240K), 0.0041918 secs]
11.510: Total time for which application threads were stopped: 0.0043660 seconds, Stopping threads took: 0.0000276 seconds
11.578: [GC (Allocation Failure)  682347K->361771K(1034240K), 0.0043797 secs]
11.583: Total time for which application threads were stopped: 0.0045408 seconds, Stopping threads took: 0.0000192 seconds
11.651: [GC (Allocation Failure)  682283K->362763K(1034240K), 0.0051720 secs]
11.656: Total time for which application threads were stopped: 0.0053673 seconds, Stopping threads took: 0.0000482 seconds
11.725: [GC (Allocation Failure)  683275K->369805K(1034240K), 0.0043502 secs]
11.729: Total time for which application threads were stopped: 0.0045425 seconds, Stopping threads took: 0.0000201 seconds
11.799: [GC (Allocation Failure)  690317K->369773K(1034240K), 0.0044312 secs]
11.803: Total time for which application threads were stopped: 0.0046126 seconds, Stopping threads took: 0.0000169 seconds
11.870: [GC (Allocation Failure)  690285K->369989K(1034240K), 0.0053107 secs]
11.875: Total time for which application threads were stopped: 0.0054435 seconds, Stopping threads took: 0.0000190 seconds
11.945: [GC (Allocation Failure)  690501K->377831K(1034240K), 0.0041564 secs]
11.949: Total time for which application threads were stopped: 0.0043210 seconds, Stopping threads took: 0.0000205 seconds
12.016: [GC (Allocation Failure)  698343K->377831K(1034240K), 0.0042908 secs]
12.020: Total time for which application threads were stopped: 0.0044407 seconds, Stopping threads took: 0.0000201 seconds
12.086: [GC (Allocation Failure)  698343K->379207K(1034240K), 0.0052241 secs]
12.091: Total time for which application threads were stopped: 0.0053727 seconds, Stopping threads took: 0.0000199 seconds
12.158: [GC (Allocation Failure)  699719K->385898K(1034240K), 0.0045561 secs]
12.162: Total time for which application threads were stopped: 0.0047372 seconds, Stopping threads took: 0.0000207 seconds
12.230: [GC (Allocation Failure)  706410K->385866K(1034240K), 0.0042020 secs]
12.234: Total time for which application threads were stopped: 0.0043728 seconds, Stopping threads took: 0.0000201 seconds
12.302: [GC (Allocation Failure)  706378K->385962K(1020416K), 0.0053127 secs]
12.308: Total time for which application threads were stopped: 0.0054902 seconds, Stopping threads took: 0.0000196 seconds
12.376: [GC (Allocation Failure)  706474K->393868K(1033728K), 0.0043912 secs]
12.380: Total time for which application threads were stopped: 0.0045752 seconds, Stopping threads took: 0.0000200 seconds
12.450: [GC (Allocation Failure)  713356K->393868K(1033728K), 0.0043783 secs]
12.454: Total time for which application threads were stopped: 0.0045655 seconds, Stopping threads took: 0.0000302 seconds
12.519: [GC (Allocation Failure)  713356K->394156K(1033728K), 0.0052570 secs]
12.524: Total time for which application threads were stopped: 0.0054311 seconds, Stopping threads took: 0.0000216 seconds
12.592: [GC (Allocation Failure)  713644K->401902K(1033728K), 0.0045820 secs]
12.597: Total time for which application threads were stopped: 0.0047524 seconds, Stopping threads took: 0.0000205 seconds
12.665: [GC (Allocation Failure)  721390K->401902K(1033728K), 0.0044293 secs]
12.669: Total time for which application threads were stopped: 0.0046201 seconds, Stopping threads took: 0.0000197 seconds
12.736: [GC (Allocation Failure)  721390K->402894K(1033728K), 0.0051759 secs]
12.741: Total time for which application threads were stopped: 0.0053558 seconds, Stopping threads took: 0.0000257 seconds
12.810: [GC (Allocation Failure)  722382K->409968K(1033728K), 0.0043323 secs]
12.815: Total time for which application threads were stopped: 0.0044682 seconds, Stopping threads took: 0.0000167 seconds
12.881: [GC (Allocation Failure)  729456K->409968K(1033728K), 0.0043795 secs]
12.886: Total time for which application threads were stopped: 0.0045259 seconds, Stopping threads took: 0.0000196 seconds
12.948: [GC (Allocation Failure)  729456K->410088K(1033728K), 0.0050757 secs]
12.953: Total time for which application threads were stopped: 0.0052196 seconds, Stopping threads took: 0.0000283 seconds
13.017: [GC (Allocation Failure)  729576K->417995K(1033728K), 0.0044608 secs]
13.022: Total time for which application threads were stopped: 0.0046034 seconds, Stopping threads took: 0.0000276 seconds
13.086: [GC (Allocation Failure)  737483K->417931K(1033728K), 0.0043158 secs]
13.090: Total time for which application threads were stopped: 0.0044576 seconds, Stopping threads took: 0.0000192 seconds
13.152: [GC (Allocation Failure)  737419K->419371K(1033728K), 0.0052767 secs]
13.157: Total time for which application threads were stopped: 0.0054559 seconds, Stopping threads took: 0.0000237 seconds
13.223: [GC (Allocation Failure)  738859K->426029K(1033728K), 0.0045225 secs]
13.228: Total time for which application threads were stopped: 0.0046531 seconds, Stopping threads took: 0.0000199 seconds
13.292: [GC (Allocation Failure)  745517K->425997K(1033728K), 0.0043366 secs]
13.296: Total time for which application threads were stopped: 0.0044661 seconds, Stopping threads took: 0.0000192 seconds
13.357: [GC (Allocation Failure)  745485K->426573K(1033728K), 0.0053686 secs]
13.362: Total time for which application threads were stopped: 0.0054963 seconds, Stopping threads took: 0.0000183 seconds
13.426: [GC (Allocation Failure)  746061K->434031K(1033728K), 0.0042326 secs]
13.430: Total time for which application threads were stopped: 0.0043630 seconds, Stopping threads took: 0.0000181 seconds
13.494: [GC (Allocation Failure)  753519K->433999K(1033728K), 0.0054608 secs]
13.500: Total time for which application threads were stopped: 0.0056125 seconds, Stopping threads took: 0.0000184 seconds
13.561: [GC (Allocation Failure)  753487K->434831K(1033728K), 0.0053433 secs]
13.567: Total time for which application threads were stopped: 0.0054893 seconds, Stopping threads took: 0.0000262 seconds
13.633: [GC (Allocation Failure)  754319K->442065K(1033728K), 0.0044301 secs]
13.637: Total time for which application threads were stopped: 0.0045878 seconds, Stopping threads took: 0.0000169 seconds
13.702: [GC (Allocation Failure)  761553K->442097K(1033728K), 0.0041399 secs]
13.706: Total time for which application threads were stopped: 0.0042617 seconds, Stopping threads took: 0.0000162 seconds
13.767: [GC (Allocation Failure)  761585K->443081K(1033728K), 0.0053550 secs]
13.772: Total time for which application threads were stopped: 0.0055028 seconds, Stopping threads took: 0.0000277 seconds
13.834: [GC (Allocation Failure)  762569K->450124K(1033728K), 0.0043505 secs]
13.838: Total time for which application threads were stopped: 0.0044711 seconds, Stopping threads took: 0.0000165 seconds
13.903: [GC (Allocation Failure)  769612K->450092K(1033728K), 0.0041432 secs]
13.907: Total time for which application threads were stopped: 0.0042743 seconds, Stopping threads took: 0.0000196 seconds
13.968: [GC (Allocation Failure)  769580K->450252K(1033728K), 0.0054426 secs]
13.973: Total time for which application threads were stopped: 0.0055851 seconds, Stopping threads took: 0.0000282 seconds
14.035: [GC (Allocation Failure)  769740K->458158K(1032704K), 0.0044732 secs]
14.039: Total time for which application threads were stopped: 0.0046161 seconds, Stopping threads took: 0.0000183 seconds
14.103: [GC (Allocation Failure)  776622K->458126K(1033216K), 0.0043692 secs]
14.107: Total time for which application threads were stopped: 0.0044972 seconds, Stopping threads took: 0.0000183 seconds
14.168: [GC (Allocation Failure)  776590K->458478K(1033216K), 0.0055303 secs]
14.173: Total time for which application threads were stopped: 0.0056943 seconds, Stopping threads took: 0.0000271 seconds
14.238: [GC (Allocation Failure)  776942K->466192K(1033216K), 0.0045923 secs]
14.243: Total time for which application threads were stopped: 0.0047487 seconds, Stopping threads took: 0.0000241 seconds
14.306: [GC (Allocation Failure)  784656K->466192K(1033216K), 0.0044186 secs]
14.311: Total time for which application threads were stopped: 0.0045727 seconds, Stopping threads took: 0.0000267 seconds
14.372: [GC (Allocation Failure)  784656K->466696K(1033216K), 0.0053977 secs]
14.378: Total time for which application threads were stopped: 0.0055316 seconds, Stopping threads took: 0.0000182 seconds
14.441: [GC (Allocation Failure)  785160K->474186K(1033216K), 0.0043625 secs]
14.445: Total time for which application threads were stopped: 0.0045048 seconds, Stopping threads took: 0.0000266 seconds
14.510: [GC (Allocation Failure)  792650K->474218K(1033216K), 0.0041983 secs]
14.514: Total time for which application threads were stopped: 0.0043193 seconds, Stopping threads took: 0.0000155 seconds
14.574: [GC (Allocation Failure)  792682K->474442K(1033216K), 0.0052908 secs]
14.580: Total time for which application threads were stopped: 0.0054227 seconds, Stopping threads took: 0.0000179 seconds
14.645: [GC (Allocation Failure)  792906K->482253K(1033216K), 0.0046187 secs]
14.649: Total time for which application threads were stopped: 0.0047499 seconds, Stopping threads took: 0.0000187 seconds
14.713: [GC (Allocation Failure)  800717K->482253K(1033216K), 0.0044298 secs]
14.718: Total time for which application threads were stopped: 0.0045706 seconds, Stopping threads took: 0.0000200 seconds
14.783: [GC (Allocation Failure)  800717K->482285K(1033216K), 0.0055034 secs]
14.788: Total time for which application threads were stopped: 0.0056459 seconds, Stopping threads took: 0.0000204 seconds
14.853: [GC (Allocation Failure)  800749K->490255K(1033216K), 0.0044710 secs]
14.857: Total time for which application threads were stopped: 0.0046138 seconds, Stopping threads took: 0.0000195 seconds
14.920: [GC (Allocation Failure)  808719K->490255K(1033216K), 0.0046833 secs]
14.925: Total time for which application threads were stopped: 0.0048336 seconds, Stopping threads took: 0.0000238 seconds
14.986: [GC (Allocation Failure)  808719K->490407K(1033216K), 0.0053810 secs]
14.991: Total time for which application threads were stopped: 0.0055259 seconds, Stopping threads took: 0.0000266 seconds
15.056: [GC (Allocation Failure)  808871K->498313K(1033216K), 0.0046437 secs]
15.061: Total time for which application threads were stopped: 0.0047841 seconds, Stopping threads took: 0.0000203 seconds
15.124: [GC (Allocation Failure)  816777K->498249K(1033216K), 0.0044876 secs]
15.129: Total time for which application threads were stopped: 0.0046212 seconds, Stopping threads took: 0.0000184 seconds
15.189: [GC (Allocation Failure)  816713K->498633K(1033216K), 0.0054678 secs]
15.194: Total time for which application threads were stopped: 0.0056034 seconds, Stopping threads took: 0.0000178 seconds
15.257: [GC (Allocation Failure)  817097K->506316K(1033216K), 0.0046526 secs]
15.261: Total time for which application threads were stopped: 0.0047924 seconds, Stopping threads took: 0.0000187 seconds
15.324: [GC (Allocation Failure)  824780K->506316K(1033216K), 0.0045544 secs]
15.329: Total time for which application threads were stopped: 0.0046817 seconds, Stopping threads took: 0.0000189 seconds
15.389: [GC (Allocation Failure)  824780K->506860K(1033216K), 0.0053777 secs]
15.395: Total time for which application threads were stopped: 0.0055236 seconds, Stopping threads took: 0.0000229 seconds
15.459: [GC (Allocation Failure)  825324K->514382K(1033216K), 0.0044759 secs]
15.464: Total time for which application threads were stopped: 0.0046265 seconds, Stopping threads took: 0.0000265 seconds
15.527: [GC (Allocation Failure)  832846K->514350K(1033216K), 0.0055826 secs]
15.533: Total time for which application threads were stopped: 0.0057169 seconds, Stopping threads took: 0.0000191 seconds
15.596: [GC (Allocation Failure)  832814K->514614K(1033216K), 0.0066087 secs]
15.602: Total time for which application threads were stopped: 0.0067524 seconds, Stopping threads took: 0.0000247 seconds
15.667: [GC (Allocation Failure)  833078K->522392K(1033216K), 0.0046114 secs]
15.672: Total time for which application threads were stopped: 0.0047420 seconds, Stopping threads took: 0.0000188 seconds
15.734: [GC (Allocation Failure)  840856K->514678K(1033216K), 0.0018600 secs]
15.736: Total time for which application threads were stopped: 0.0019984 seconds, Stopping threads took: 0.0000203 seconds
15.801: [GC (Allocation Failure)  833142K->522584K(1033216K), 0.0044901 secs]
15.805: Total time for which application threads were stopped: 0.0046402 seconds, Stopping threads took: 0.0000298 seconds
15.871: [GC (Allocation Failure)  841048K->526568K(1033216K), 0.0061456 secs]
15.877: Total time for which application threads were stopped: 0.0063165 seconds, Stopping threads took: 0.0000198 seconds
15.941: [GC (Allocation Failure)  845032K->527206K(1032192K), 0.0050023 secs]
15.946: Total time for which application threads were stopped: 0.0051454 seconds, Stopping threads took: 0.0000277 seconds
16.009: [GC (Allocation Failure)  844646K->526632K(1032704K), 0.0043761 secs]
16.014: Total time for which application threads were stopped: 0.0045201 seconds, Stopping threads took: 0.0000280 seconds
16.079: [GC (Allocation Failure)  844072K->526536K(1033216K), 0.0045784 secs]
16.083: Total time for which application threads were stopped: 0.0047107 seconds, Stopping threads took: 0.0000200 seconds
16.144: [GC (Allocation Failure)  845000K->529352K(1033216K), 0.0055613 secs]
16.150: Total time for which application threads were stopped: 0.0057078 seconds, Stopping threads took: 0.0000197 seconds
16.214: [GC (Allocation Failure)  847816K->534602K(1033728K), 0.0046025 secs]
16.219: Total time for which application threads were stopped: 0.0047375 seconds, Stopping threads took: 0.0000196 seconds
16.287: [GC (Allocation Failure)  854090K->534570K(1033728K), 0.0046244 secs]
16.292: Total time for which application threads were stopped: 0.0047858 seconds, Stopping threads took: 0.0000202 seconds
16.359: [GC (Allocation Failure)  854058K->535498K(1033728K), 0.0056524 secs]
16.364: Total time for which application threads were stopped: 0.0057984 seconds, Stopping threads took: 0.0000190 seconds
16.429: [GC (Allocation Failure)  854986K->542669K(1033728K), 0.0046463 secs]
16.434: Total time for which application threads were stopped: 0.0048177 seconds, Stopping threads took: 0.0000258 seconds
16.500: [GC (Allocation Failure)  862157K->542637K(1033728K), 0.0046914 secs]
16.505: Total time for which application threads were stopped: 0.0048613 seconds, Stopping threads took: 0.0000279 seconds
16.569: [GC (Allocation Failure)  862125K->542765K(1033728K), 0.0056669 secs]
16.574: Total time for which application threads were stopped: 0.0058042 seconds, Stopping threads took: 0.0000168 seconds
16.640: [GC (Allocation Failure)  862253K->550671K(1033728K), 0.0047232 secs]
16.645: Total time for which application threads were stopped: 0.0049136 seconds, Stopping threads took: 0.0000196 seconds
16.714: [GC (Allocation Failure)  870159K->550639K(1033728K), 0.0046529 secs]
16.719: Total time for which application threads were stopped: 0.0048438 seconds, Stopping threads took: 0.0000253 seconds
16.785: [GC (Allocation Failure)  870127K->554031K(1034240K), 0.0057019 secs]
16.791: Total time for which application threads were stopped: 0.0058907 seconds, Stopping threads took: 0.0000367 seconds
16.858: [GC (Allocation Failure)  874031K->558801K(1033728K), 0.0047343 secs]
16.863: Total time for which application threads were stopped: 0.0048981 seconds, Stopping threads took: 0.0000194 seconds
16.929: [GC (Allocation Failure)  878801K->558673K(1034240K), 0.0047130 secs]
16.934: Total time for which application threads were stopped: 0.0048773 seconds, Stopping threads took: 0.0000194 seconds
17.001: [GC (Allocation Failure)  879185K->559177K(1020928K), 0.0055078 secs]
17.007: Total time for which application threads were stopped: 0.0056759 seconds, Stopping threads took: 0.0000169 seconds
17.075: [GC (Allocation Failure)  879689K->566763K(1033728K), 0.0047143 secs]
17.079: Total time for which application threads were stopped: 0.0048820 seconds, Stopping threads took: 0.0000199 seconds
17.143: [GC (Allocation Failure)  886251K->566731K(1033728K), 0.0046468 secs]
17.148: Total time for which application threads were stopped: 0.0047899 seconds, Stopping threads took: 0.0000281 seconds
17.210: [GC (Allocation Failure)  886219K->567435K(1033728K), 0.0057371 secs]
17.216: Total time for which application threads were stopped: 0.0059009 seconds, Stopping threads took: 0.0000301 seconds
17.282: [GC (Allocation Failure)  886923K->574766K(1033728K), 0.0047819 secs]
17.287: Total time for which application threads were stopped: 0.0049372 seconds, Stopping threads took: 0.0000202 seconds
17.352: [GC (Allocation Failure)  894254K->574702K(1033728K), 0.0046783 secs]
17.357: Total time for which application threads were stopped: 0.0048511 seconds, Stopping threads took: 0.0000281 seconds
17.420: [GC (Allocation Failure)  894190K->578742K(1033728K), 0.0061145 secs]
17.426: Total time for which application threads were stopped: 0.0062923 seconds, Stopping threads took: 0.0000256 seconds
17.492: [GC (Allocation Failure)  898230K->582776K(1034240K), 0.0047440 secs]
17.497: Total time for which application threads were stopped: 0.0048949 seconds, Stopping threads took: 0.0000214 seconds
17.563: [GC (Allocation Failure)  903288K->582808K(1034240K), 0.0047238 secs]
17.568: Total time for which application threads were stopped: 0.0048830 seconds, Stopping threads took: 0.0000191 seconds
17.635: [GC (Allocation Failure)  903320K->583864K(1034240K), 0.0055484 secs]
17.641: Total time for which application threads were stopped: 0.0057121 seconds, Stopping threads took: 0.0000197 seconds
17.708: [GC (Allocation Failure)  904376K->590906K(1034240K), 0.0045945 secs]
17.713: Total time for which application threads were stopped: 0.0047501 seconds, Stopping threads took: 0.0000195 seconds
17.780: [GC (Allocation Failure)  911418K->590778K(1034240K), 0.0055260 secs]
17.786: Total time for which application threads were stopped: 0.0056990 seconds, Stopping threads took: 0.0000203 seconds
17.851: [GC (Allocation Failure)  911290K->591034K(1034240K), 0.0063221 secs]
17.858: Total time for which application threads were stopped: 0.0064754 seconds, Stopping threads took: 0.0000197 seconds
17.925: [GC (Allocation Failure)  911546K->598876K(1034240K), 0.0048414 secs]
17.930: Total time for which application threads were stopped: 0.0050017 seconds, Stopping threads took: 0.0000276 seconds
17.997: [GC (Allocation Failure)  919388K->598844K(1034240K), 0.0049127 secs]
18.002: Total time for which application threads were stopped: 0.0050940 seconds, Stopping threads took: 0.0000191 seconds
18.066: [GC (Allocation Failure)  919356K->600340K(1034240K), 0.0067313 secs]
18.073: Total time for which application threads were stopped: 0.0068928 seconds, Stopping threads took: 0.0000191 seconds
18.140: [GC (Allocation Failure)  920852K->606903K(1034240K), 0.0050097 secs]
18.146: Total time for which application threads were stopped: 0.0051687 seconds, Stopping threads took: 0.0000193 seconds
18.213: [GC (Allocation Failure)  927415K->606871K(1034240K), 0.0047322 secs]
18.218: Total time for which application threads were stopped: 0.0049004 seconds, Stopping threads took: 0.0000202 seconds
18.284: [GC (Allocation Failure)  927383K->606991K(1020416K), 0.0056815 secs]
18.290: Total time for which application threads were stopped: 0.0058484 seconds, Stopping threads took: 0.0000200 seconds
18.358: [GC (Allocation Failure)  927503K->614897K(1033728K), 0.0046612 secs]
18.363: Total time for which application threads were stopped: 0.0048244 seconds, Stopping threads took: 0.0000197 seconds
18.428: [GC (Allocation Failure)  934385K->614929K(1033728K), 0.0047844 secs]
18.433: Total time for which application threads were stopped: 0.0049500 seconds, Stopping threads took: 0.0000191 seconds
18.498: [GC (Allocation Failure)  934417K->614953K(1033728K), 0.0056268 secs]
18.504: Total time for which application threads were stopped: 0.0058068 seconds, Stopping threads took: 0.0000200 seconds
18.571: [GC (Allocation Failure)  934441K->622923K(1033728K), 0.0049770 secs]
18.576: Total time for which application threads were stopped: 0.0051452 seconds, Stopping threads took: 0.0000201 seconds
18.646: [GC (Allocation Failure)  942411K->622923K(1033728K), 0.0046995 secs]
18.651: Total time for which application threads were stopped: 0.0048606 seconds, Stopping threads took: 0.0000204 seconds
18.716: [GC (Allocation Failure)  942411K->623979K(1033728K), 0.0058290 secs]
18.722: Total time for which application threads were stopped: 0.0059856 seconds, Stopping threads took: 0.0000198 seconds
18.789: [GC (Allocation Failure)  943467K->630958K(1033728K), 0.0050038 secs]
18.794: Total time for which application threads were stopped: 0.0051785 seconds, Stopping threads took: 0.0000196 seconds
18.863: [GC (Allocation Failure)  950446K->630990K(1033728K), 0.0049646 secs]
18.869: Total time for which application threads were stopped: 0.0051344 seconds, Stopping threads took: 0.0000202 seconds
18.933: [GC (Allocation Failure)  950478K->631214K(1033728K), 0.0055941 secs]
18.939: Total time for which application threads were stopped: 0.0057718 seconds, Stopping threads took: 0.0000260 seconds
19.005: [GC (Allocation Failure)  950702K->639024K(1033728K), 0.0048601 secs]
19.010: Total time for which application threads were stopped: 0.0050202 seconds, Stopping threads took: 0.0000200 seconds
19.077: [GC (Allocation Failure)  958512K->638992K(1033728K), 0.0048476 secs]
19.082: Total time for which application threads were stopped: 0.0050163 seconds, Stopping threads took: 0.0000200 seconds
19.144: [GC (Allocation Failure)  958480K->640456K(1033728K), 0.0056692 secs]
19.150: Total time for which application threads were stopped: 0.0058050 seconds, Stopping threads took: 0.0000200 seconds
19.216: [GC (Allocation Failure)  959944K->647050K(1033728K), 0.0050140 secs]
19.221: Total time for which application threads were stopped: 0.0051743 seconds, Stopping threads took: 0.0000197 seconds
19.289: [GC (Allocation Failure)  966538K->647018K(1033728K), 0.0048674 secs]
19.294: Total time for which application threads were stopped: 0.0050441 seconds, Stopping threads took: 0.0000200 seconds
19.360: [GC (Allocation Failure)  966506K->647658K(1033728K), 0.0071883 secs]
19.367: Total time for which application threads were stopped: 0.0073277 seconds, Stopping threads took: 0.0000173 seconds
19.437: [GC (Allocation Failure)  967146K->655052K(1033728K), 0.0047741 secs]
19.441: Total time for which application threads were stopped: 0.0049516 seconds, Stopping threads took: 0.0000261 seconds
19.510: [GC (Allocation Failure)  974540K->655020K(1033728K), 0.0047638 secs]
19.514: Total time for which application threads were stopped: 0.0049340 seconds, Stopping threads took: 0.0000200 seconds
19.578: [GC (Allocation Failure)  974508K->655884K(1033728K), 0.0056648 secs]
19.584: Total time for which application threads were stopped: 0.0058160 seconds, Stopping threads took: 0.0000205 seconds
19.652: [GC (Allocation Failure)  975372K->663087K(1033728K), 0.0050246 secs]
19.657: Total time for which application threads were stopped: 0.0052285 seconds, Stopping threads took: 0.0000281 seconds
19.726: [GC (Allocation Failure)  982575K->663087K(1033728K), 0.0046345 secs]
19.731: Total time for which application threads were stopped: 0.0048165 seconds, Stopping threads took: 0.0000169 seconds
19.798: [GC (Allocation Failure)  982575K->664111K(1033728K), 0.0056768 secs]
19.804: Total time for which application threads were stopped: 0.0058258 seconds, Stopping threads took: 0.0000169 seconds
19.870: [GC (Allocation Failure)  983599K->671185K(1033728K), 0.0048553 secs]
19.875: Total time for which application threads were stopped: 0.0050250 seconds, Stopping threads took: 0.0000195 seconds
19.943: [GC (Allocation Failure)  990673K->671153K(1033728K), 0.0046844 secs]
19.948: Total time for which application threads were stopped: 0.0048753 seconds, Stopping threads took: 0.0000257 seconds
20.013: [GC (Allocation Failure)  990641K->671337K(1033728K), 0.0056085 secs]
20.019: Total time for which application threads were stopped: 0.0057688 seconds, Stopping threads took: 0.0000196 seconds
20.084: [GC (Allocation Failure)  990825K->679147K(1032704K), 0.0050657 secs]
20.090: Total time for which application threads were stopped: 0.0052204 seconds, Stopping threads took: 0.0000193 seconds
20.159: [GC (Allocation Failure)  997611K->679147K(1033216K), 0.0048110 secs]
20.164: Total time for which application threads were stopped: 0.0049915 seconds, Stopping threads took: 0.0000170 seconds
20.230: [GC (Allocation Failure)  997611K->679595K(1032704K), 0.0057112 secs]
20.236: Total time for which application threads were stopped: 0.0058705 seconds, Stopping threads took: 0.0000165 seconds
20.305: [GC (Allocation Failure)  998059K->687149K(1033216K), 0.0051193 secs]
20.310: Total time for which application threads were stopped: 0.0052887 seconds, Stopping threads took: 0.0000206 seconds
20.374: [GC (Allocation Failure)  1005613K->687181K(1033216K), 0.0051063 secs]
20.380: Total time for which application threads were stopped: 0.0052963 seconds, Stopping threads took: 0.0000199 seconds
20.443: [GC (Allocation Failure)  1005645K->687813K(1033216K), 0.0057913 secs]
20.449: [Full GC (Ergonomics)  687813K->9095K(1033216K), 0.0174521 secs]
20.466: Total time for which application threads were stopped: 0.0234901 seconds, Stopping threads took: 0.0000199 seconds
20.531: [GC (Allocation Failure)  327559K->17641K(1033216K), 0.0035183 secs]
20.535: Total time for which application threads were stopped: 0.0036753 seconds, Stopping threads took: 0.0000244 seconds
20.598: [GC (Allocation Failure)  336105K->17649K(1033216K), 0.0035190 secs]
20.601: Total time for which application threads were stopped: 0.0036565 seconds, Stopping threads took: 0.0000205 seconds
20.665: [GC (Allocation Failure)  336113K->17673K(1033216K), 0.0037146 secs]
20.669: Total time for which application threads were stopped: 0.0038805 seconds, Stopping threads took: 0.0000198 seconds
20.736: [GC (Allocation Failure)  336137K->25676K(1033216K), 0.0038868 secs]
20.740: Total time for which application threads were stopped: 0.0040649 seconds, Stopping threads took: 0.0000199 seconds
20.803: [GC (Allocation Failure)  344140K->25644K(1033216K), 0.0037063 secs]
20.807: Total time for which application threads were stopped: 0.0038727 seconds, Stopping threads took: 0.0000204 seconds
20.871: [GC (Allocation Failure)  344108K->25708K(1033216K), 0.0036110 secs]
20.875: Total time for which application threads were stopped: 0.0037460 seconds, Stopping threads took: 0.0000203 seconds
20.940: [GC (Allocation Failure)  344172K->33678K(1033216K), 0.0034441 secs]
20.943: Total time for which application threads were stopped: 0.0035859 seconds, Stopping threads took: 0.0000249 seconds
21.007: [GC (Allocation Failure)  352142K->33678K(1033216K), 0.0037017 secs]
21.011: Total time for which application threads were stopped: 0.0038583 seconds, Stopping threads took: 0.0000195 seconds
21.075: [GC (Allocation Failure)  352142K->33870K(1033216K), 0.0037482 secs]
21.079: Total time for which application threads were stopped: 0.0038853 seconds, Stopping threads took: 0.0000191 seconds
21.144: [GC (Allocation Failure)  352334K->41712K(1033216K), 0.0037258 secs]
21.148: Total time for which application threads were stopped: 0.0038895 seconds, Stopping threads took: 0.0000191 seconds
21.212: [GC (Allocation Failure)  360176K->41744K(1033216K), 0.0034357 secs]
21.216: Total time for which application threads were stopped: 0.0035900 seconds, Stopping threads took: 0.0000209 seconds
21.276: [GC (Allocation Failure)  360208K->42120K(1033216K), 0.0037000 secs]
21.280: Total time for which application threads were stopped: 0.0038415 seconds, Stopping threads took: 0.0000211 seconds
21.346: [GC (Allocation Failure)  360584K->49738K(1033216K), 0.0036157 secs]
21.349: Total time for which application threads were stopped: 0.0037703 seconds, Stopping threads took: 0.0000210 seconds
21.413: [GC (Allocation Failure)  368202K->49738K(1033216K), 0.0034990 secs]
21.417: Total time for which application threads were stopped: 0.0036312 seconds, Stopping threads took: 0.0000195 seconds
21.479: [GC (Allocation Failure)  368202K->49802K(1033216K), 0.0034613 secs]
21.482: Total time for which application threads were stopped: 0.0036209 seconds, Stopping threads took: 0.0000251 seconds
21.548: [GC (Allocation Failure)  368266K->57805K(1033216K), 0.0035639 secs]
21.551: Total time for which application threads were stopped: 0.0037056 seconds, Stopping threads took: 0.0000185 seconds
21.614: [GC (Allocation Failure)  376269K->57773K(1033216K), 0.0043916 secs]
21.618: Total time for which application threads were stopped: 0.0045127 seconds, Stopping threads took: 0.0000179 seconds
21.684: [GC (Allocation Failure)  376237K->58061K(1033216K), 0.0038362 secs]
21.687: Total time for which application threads were stopped: 0.0040014 seconds, Stopping threads took: 0.0000198 seconds
21.752: [GC (Allocation Failure)  376525K->65839K(1033216K), 0.0037730 secs]
21.756: Total time for which application threads were stopped: 0.0039059 seconds, Stopping threads took: 0.0000168 seconds
21.819: [GC (Allocation Failure)  384303K->58157K(1033216K), 0.0007430 secs]
21.820: Total time for which application threads were stopped: 0.0008758 seconds, Stopping threads took: 0.0000278 seconds
21.887: [GC (Allocation Failure)  376621K->66031K(1033216K), 0.0035599 secs]
21.891: Total time for which application threads were stopped: 0.0037461 seconds, Stopping threads took: 0.0000432 seconds
21.956: [GC (Allocation Failure)  384495K->69959K(1033216K), 0.0048235 secs]
21.961: Total time for which application threads were stopped: 0.0049780 seconds, Stopping threads took: 0.0000260 seconds
22.023: [GC (Allocation Failure)  388423K->70725K(1032192K), 0.0041308 secs]
22.027: Total time for which application threads were stopped: 0.0042578 seconds, Stopping threads took: 0.0000162 seconds
22.093: [GC (Allocation Failure)  388165K->70087K(1032704K), 0.0035985 secs]
22.097: Total time for which application threads were stopped: 0.0037234 seconds, Stopping threads took: 0.0000193 seconds
22.163: [GC (Allocation Failure)  387527K->69959K(1033216K), 0.0035807 secs]
22.167: Total time for which application threads were stopped: 0.0037077 seconds, Stopping threads took: 0.0000163 seconds
22.230: [GC (Allocation Failure)  387911K->72295K(1032704K), 0.0040479 secs]
22.234: Total time for which application threads were stopped: 0.0041921 seconds, Stopping threads took: 0.0000199 seconds
22.298: [GC (Allocation Failure)  390247K->78089K(1033216K), 0.0035567 secs]
22.302: Total time for which application threads were stopped: 0.0037118 seconds, Stopping threads took: 0.0000192 seconds
22.369: [GC (Allocation Failure)  396553K->77993K(1033216K), 0.0036907 secs]
22.373: Total time for which application threads were stopped: 0.0038323 seconds, Stopping threads took: 0.0000162 seconds
22.435: [GC (Allocation Failure)  396457K->80009K(1033728K), 0.0038259 secs]
22.439: Total time for which application threads were stopped: 0.0039740 seconds, Stopping threads took: 0.0000191 seconds
22.504: [GC (Allocation Failure)  399497K->86091K(1033728K), 0.0037354 secs]
22.507: Total time for which application threads were stopped: 0.0038994 seconds, Stopping threads took: 0.0000192 seconds
22.573: [GC (Allocation Failure)  405579K->85995K(1033728K), 0.0036049 secs]
22.576: Total time for which application threads were stopped: 0.0037565 seconds, Stopping threads took: 0.0000211 seconds
22.640: [GC (Allocation Failure)  405483K->87203K(1033728K), 0.0040513 secs]
22.644: Total time for which application threads were stopped: 0.0041934 seconds, Stopping threads took: 0.0000166 seconds
22.711: [GC (Allocation Failure)  406691K->94086K(1033728K), 0.0037784 secs]
22.715: Total time for which application threads were stopped: 0.0039223 seconds, Stopping threads took: 0.0000198 seconds
22.782: [GC (Allocation Failure)  413574K->94022K(1033728K), 0.0036511 secs]
22.786: Total time for which application threads were stopped: 0.0038083 seconds, Stopping threads took: 0.0000200 seconds
22.850: [GC (Allocation Failure)  413510K->94414K(1033728K), 0.0037858 secs]
22.854: Total time for which application threads were stopped: 0.0039318 seconds, Stopping threads took: 0.0000192 seconds
22.920: [GC (Allocation Failure)  413902K->102128K(1033728K), 0.0037585 secs]
22.924: Total time for which application threads were stopped: 0.0038999 seconds, Stopping threads took: 0.0000196 seconds
22.988: [GC (Allocation Failure)  421616K->102096K(1033728K), 0.0038301 secs]
22.992: Total time for which application threads were stopped: 0.0039759 seconds, Stopping threads took: 0.0000250 seconds
23.055: [GC (Allocation Failure)  421584K->105736K(1033728K), 0.0046817 secs]
23.059: Total time for which application threads were stopped: 0.0048153 seconds, Stopping threads took: 0.0000202 seconds
23.126: [GC (Allocation Failure)  425224K->110250K(1034240K), 0.0037371 secs]
23.129: Total time for which application threads were stopped: 0.0038693 seconds, Stopping threads took: 0.0000193 seconds
23.192: [GC (Allocation Failure)  430762K->110122K(1034240K), 0.0037408 secs]
23.196: Total time for which application threads were stopped: 0.0038790 seconds, Stopping threads took: 0.0000262 seconds
23.259: [GC (Allocation Failure)  430634K->110922K(1034240K), 0.0038313 secs]
23.263: Total time for which application threads were stopped: 0.0039733 seconds, Stopping threads took: 0.0000280 seconds
23.327: [GC (Allocation Failure)  431434K->118253K(1034240K), 0.0036513 secs]
23.331: Total time for which application threads were stopped: 0.0037859 seconds, Stopping threads took: 0.0000194 seconds
23.395: [GC (Allocation Failure)  438765K->118189K(1034240K), 0.0038759 secs]
23.399: Total time for which application threads were stopped: 0.0040051 seconds, Stopping threads took: 0.0000201 seconds
23.465: [GC (Allocation Failure)  438701K->121221K(1034240K), 0.0043678 secs]
23.469: Total time for which application threads were stopped: 0.0044988 seconds, Stopping threads took: 0.0000197 seconds
23.535: [GC (Allocation Failure)  441733K->126183K(1034240K), 0.0035889 secs]
23.539: Total time for which application threads were stopped: 0.0037215 seconds, Stopping threads took: 0.0000194 seconds
23.602: [GC (Allocation Failure)  446695K->126183K(1034240K), 0.0038524 secs]
23.606: Total time for which application threads were stopped: 0.0039989 seconds, Stopping threads took: 0.0000264 seconds
23.673: [GC (Allocation Failure)  446695K->127399K(1034240K), 0.0040170 secs]
23.677: Total time for which application threads were stopped: 0.0041691 seconds, Stopping threads took: 0.0000201 seconds
23.745: [GC (Allocation Failure)  447911K->134249K(1034240K), 0.0039929 secs]
23.749: Total time for which application threads were stopped: 0.0041487 seconds, Stopping threads took: 0.0000191 seconds
23.815: [GC (Allocation Failure)  454761K->134217K(1034240K), 0.0036764 secs]
23.819: Total time for which application threads were stopped: 0.0038393 seconds, Stopping threads took: 0.0000205 seconds
23.885: [GC (Allocation Failure)  454729K->134569K(1034240K), 0.0039302 secs]
23.889: Total time for which application threads were stopped: 0.0040870 seconds, Stopping threads took: 0.0000204 seconds
23.956: [GC (Allocation Failure)  455081K->142283K(1034240K), 0.0038081 secs]
23.960: Total time for which application threads were stopped: 0.0039401 seconds, Stopping threads took: 0.0000194 seconds
24.026: [GC (Allocation Failure)  462795K->142283K(1034240K), 0.0038435 secs]
24.030: Total time for which application threads were stopped: 0.0039821 seconds, Stopping threads took: 0.0000269 seconds
24.093: [GC (Allocation Failure)  462795K->143851K(1034240K), 0.0042302 secs]
24.097: Total time for which application threads were stopped: 0.0043697 seconds, Stopping threads took: 0.0000188 seconds
24.163: [GC (Allocation Failure)  464363K->150382K(1034240K), 0.0040131 secs]
24.167: Total time for which application threads were stopped: 0.0041622 seconds, Stopping threads took: 0.0000251 seconds
24.233: [GC (Allocation Failure)  470894K->150318K(1034240K), 0.0038644 secs]
24.237: Total time for which application threads were stopped: 0.0040067 seconds, Stopping threads took: 0.0000277 seconds
24.302: [GC (Allocation Failure)  470830K->150534K(1020416K), 0.0040370 secs]
24.306: Total time for which application threads were stopped: 0.0041712 seconds, Stopping threads took: 0.0000197 seconds
24.372: [GC (Allocation Failure)  471046K->158376K(1033728K), 0.0040726 secs]
24.376: Total time for which application threads were stopped: 0.0042196 seconds, Stopping threads took: 0.0000201 seconds
24.444: [GC (Allocation Failure)  477864K->158312K(1033728K), 0.0036803 secs]
24.447: Total time for which application threads were stopped: 0.0038310 seconds, Stopping threads took: 0.0000262 seconds
24.510: [GC (Allocation Failure)  477800K->158472K(1033728K), 0.0039903 secs]
24.514: Total time for which application threads were stopped: 0.0041613 seconds, Stopping threads took: 0.0000201 seconds
24.579: [GC (Allocation Failure)  477960K->166410K(1033728K), 0.0039234 secs]
24.583: Total time for which application threads were stopped: 0.0040754 seconds, Stopping threads took: 0.0000198 seconds
24.650: [GC (Allocation Failure)  485898K->166346K(1033728K), 0.0039759 secs]
24.654: Total time for which application threads were stopped: 0.0041486 seconds, Stopping threads took: 0.0000195 seconds
24.721: [GC (Allocation Failure)  485834K->166402K(1033728K), 0.0041745 secs]
24.725: Total time for which application threads were stopped: 0.0043334 seconds, Stopping threads took: 0.0000199 seconds
24.794: [GC (Allocation Failure)  485890K->174372K(1033728K), 0.0037620 secs]
24.798: Total time for which application threads were stopped: 0.0039133 seconds, Stopping threads took: 0.0000277 seconds
24.864: [GC (Allocation Failure)  493860K->174404K(1033728K), 0.0040095 secs]
24.868: Total time for which application threads were stopped: 0.0041641 seconds, Stopping threads took: 0.0000195 seconds
24.935: [GC (Allocation Failure)  493892K->174652K(1032704K), 0.0061041 secs]
24.941: Total time for which application threads were stopped: 0.0062482 seconds, Stopping threads took: 0.0000355 seconds
25.007: [GC (Allocation Failure)  493116K->182431K(1033216K), 0.0038278 secs]
25.011: Total time for which application threads were stopped: 0.0039877 seconds, Stopping threads took: 0.0000207 seconds
25.075: [GC (Allocation Failure)  500895K->182399K(1033216K), 0.0037113 secs]
25.079: Total time for which application threads were stopped: 0.0038538 seconds, Stopping threads took: 0.0000193 seconds
25.140: [GC (Allocation Failure)  500863K->182919K(1033216K), 0.0039773 secs]
25.144: Total time for which application threads were stopped: 0.0041107 seconds, Stopping threads took: 0.0000188 seconds
25.207: [GC (Allocation Failure)  501383K->190473K(1033216K), 0.0038972 secs]
25.211: Total time for which application threads were stopped: 0.0040257 seconds, Stopping threads took: 0.0000185 seconds
25.275: [GC (Allocation Failure)  508937K->190441K(1033216K), 0.0038601 secs]
25.279: Total time for which application threads were stopped: 0.0039957 seconds, Stopping threads took: 0.0000179 seconds
25.342: [GC (Allocation Failure)  508905K->191177K(1033216K), 0.0038945 secs]
25.346: Total time for which application threads were stopped: 0.0040267 seconds, Stopping threads took: 0.0000184 seconds
25.409: [GC (Allocation Failure)  509641K->198475K(1033216K), 0.0040797 secs]
25.413: Total time for which application threads were stopped: 0.0042126 seconds, Stopping threads took: 0.0000192 seconds
25.477: [GC (Allocation Failure)  516939K->198475K(1033216K), 0.0037979 secs]
25.481: Total time for which application threads were stopped: 0.0039255 seconds, Stopping threads took: 0.0000181 seconds
25.543: [GC (Allocation Failure)  516939K->199403K(1033216K), 0.0040584 secs]
25.547: Total time for which application threads were stopped: 0.0042182 seconds, Stopping threads took: 0.0000273 seconds
25.610: [GC (Allocation Failure)  517867K->206541K(1033216K), 0.0042239 secs]
25.614: Total time for which application threads were stopped: 0.0043845 seconds, Stopping threads took: 0.0000262 seconds
25.682: [GC (Allocation Failure)  525005K->206509K(1033216K), 0.0041269 secs]
25.686: Total time for which application threads were stopped: 0.0042944 seconds, Stopping threads took: 0.0000194 seconds
25.751: [GC (Allocation Failure)  524973K->206573K(1033216K), 0.0040787 secs]
25.755: Total time for which application threads were stopped: 0.0042462 seconds, Stopping threads took: 0.0000198 seconds
25.823: [GC (Allocation Failure)  525037K->214576K(1033216K), 0.0039582 secs]
25.827: Total time for which application threads were stopped: 0.0041222 seconds, Stopping threads took: 0.0000210 seconds
25.890: [GC (Allocation Failure)  533040K->214544K(1033216K), 0.0038881 secs]
25.894: Total time for which application threads were stopped: 0.0040556 seconds, Stopping threads took: 0.0000200 seconds
25.956: [GC (Allocation Failure)  533008K->214792K(1033216K), 0.0039681 secs]
25.960: Total time for which application threads were stopped: 0.0041163 seconds, Stopping threads took: 0.0000192 seconds
26.027: [GC (Allocation Failure)  533256K->222570K(1033216K), 0.0039299 secs]
26.031: Total time for which application threads were stopped: 0.0040639 seconds, Stopping threads took: 0.0000197 seconds
26.094: [GC (Allocation Failure)  541034K->222602K(1033216K), 0.0041144 secs]
26.098: Total time for which application threads were stopped: 0.0042495 seconds, Stopping threads took: 0.0000185 seconds
26.159: [GC (Allocation Failure)  541066K->223050K(1033216K), 0.0040989 secs]
26.163: Total time for which application threads were stopped: 0.0042330 seconds, Stopping threads took: 0.0000202 seconds
26.228: [GC (Allocation Failure)  541514K->230636K(1033216K), 0.0039011 secs]
26.232: Total time for which application threads were stopped: 0.0040314 seconds, Stopping threads took: 0.0000185 seconds
26.295: [GC (Allocation Failure)  549100K->230636K(1033216K), 0.0038973 secs]
26.299: Total time for which application threads were stopped: 0.0040241 seconds, Stopping threads took: 0.0000188 seconds
26.361: [GC (Allocation Failure)  549100K->230764K(1033216K), 0.0041687 secs]
26.365: Total time for which application threads were stopped: 0.0043212 seconds, Stopping threads took: 0.0000241 seconds
26.430: [GC (Allocation Failure)  549228K->238639K(1033216K), 0.0041433 secs]
26.434: Total time for which application threads were stopped: 0.0042678 seconds, Stopping threads took: 0.0000174 seconds
26.497: [GC (Allocation Failure)  557103K->238639K(1033216K), 0.0036305 secs]
26.501: Total time for which application threads were stopped: 0.0037688 seconds, Stopping threads took: 0.0000244 seconds
26.561: [GC (Allocation Failure)  557103K->238695K(1033216K), 0.0040581 secs]
26.565: Total time for which application threads were stopped: 0.0041885 seconds, Stopping threads took: 0.0000186 seconds
26.630: [GC (Allocation Failure)  557159K->246665K(1033216K), 0.0039170 secs]
26.634: Total time for which application threads were stopped: 0.0041250 seconds, Stopping threads took: 0.0000250 seconds
26.699: [GC (Allocation Failure)  565129K->246665K(1033216K), 0.0043916 secs]
26.704: Total time for which application threads were stopped: 0.0045596 seconds, Stopping threads took: 0.0000198 seconds
26.772: [GC (Allocation Failure)  565129K->246729K(1033216K), 0.0041507 secs]
26.776: Total time for which application threads were stopped: 0.0043104 seconds, Stopping threads took: 0.0000346 seconds
26.843: [GC (Allocation Failure)  565193K->254699K(1033216K), 0.0042845 secs]
26.847: Total time for which application threads were stopped: 0.0044640 seconds, Stopping threads took: 0.0000218 seconds
26.913: [GC (Allocation Failure)  573163K->254667K(1033216K), 0.0039121 secs]
26.917: Total time for which application threads were stopped: 0.0040571 seconds, Stopping threads took: 0.0000207 seconds
26.983: [GC (Allocation Failure)  573131K->254955K(1033216K), 0.0042009 secs]
26.987: Total time for which application threads were stopped: 0.0043850 seconds, Stopping threads took: 0.0000419 seconds
27.054: [GC (Allocation Failure)  573419K->262797K(1033216K), 0.0040404 secs]
27.058: Total time for which application threads were stopped: 0.0041933 seconds, Stopping threads took: 0.0000200 seconds
27.123: [GC (Allocation Failure)  581261K->258827K(1033728K), 0.0031549 secs]
27.127: Total time for which application threads were stopped: 0.0033010 seconds, Stopping threads took: 0.0000189 seconds
27.191: [GC (Allocation Failure)  577803K->262893K(1033216K), 0.0042433 secs]
27.196: Total time for which application threads were stopped: 0.0043902 seconds, Stopping threads took: 0.0000201 seconds
27.260: [GC (Allocation Failure)  581869K->266861K(1034240K), 0.0041283 secs]
27.265: Total time for which application threads were stopped: 0.0042912 seconds, Stopping threads took: 0.0000217 seconds
27.332: [GC (Allocation Failure)  587373K->274379K(1034240K), 0.0075732 secs]
27.339: Total time for which application threads were stopped: 0.0077253 seconds, Stopping threads took: 0.0000196 seconds
27.405: [GC (Allocation Failure)  594891K->268173K(1029120K), 0.0043286 secs]
27.410: Total time for which application threads were stopped: 0.0044609 seconds, Stopping threads took: 0.0000164 seconds
27.475: [GC (Allocation Failure)  583565K->268109K(1031680K), 0.0040357 secs]
27.479: Total time for which application threads were stopped: 0.0041950 seconds, Stopping threads took: 0.0000268 seconds
27.542: [GC (Allocation Failure)  583501K->263563K(1032704K), 0.0024818 secs]
27.545: Total time for which application threads were stopped: 0.0026475 seconds, Stopping threads took: 0.0000203 seconds
27.615: [GC (Allocation Failure)  580491K->268333K(1032192K), 0.0049549 secs]
27.620: Total time for which application threads were stopped: 0.0051168 seconds, Stopping threads took: 0.0000193 seconds
27.687: [GC (Allocation Failure)  585261K->268141K(1033216K), 0.0041863 secs]
27.692: Total time for which application threads were stopped: 0.0043428 seconds, Stopping threads took: 0.0000195 seconds
27.758: [GC (Allocation Failure)  586093K->268229K(1032704K), 0.0043504 secs]
27.762: Total time for which application threads were stopped: 0.0045203 seconds, Stopping threads took: 0.0000197 seconds
27.829: [GC (Allocation Failure)  586181K->276168K(1033216K), 0.0043272 secs]
27.834: Total time for which application threads were stopped: 0.0044902 seconds, Stopping threads took: 0.0000204 seconds
27.901: [GC (Allocation Failure)  594632K->276136K(1033216K), 0.0040618 secs]
27.905: Total time for which application threads were stopped: 0.0042565 seconds, Stopping threads took: 0.0000200 seconds
27.973: [GC (Allocation Failure)  594600K->280072K(1033728K), 0.0049029 secs]
27.978: Total time for which application threads were stopped: 0.0050615 seconds, Stopping threads took: 0.0000168 seconds
28.046: [GC (Allocation Failure)  599048K->284298K(1033216K), 0.0041352 secs]
28.051: Total time for which application threads were stopped: 0.0043282 seconds, Stopping threads took: 0.0000204 seconds
28.119: [GC (Allocation Failure)  603274K->284170K(1034240K), 0.0041283 secs]
28.123: Total time for which application threads were stopped: 0.0042988 seconds, Stopping threads took: 0.0000165 seconds
28.189: [GC (Allocation Failure)  604170K->286794K(1033728K), 0.0046403 secs]
28.194: Total time for which application threads were stopped: 0.0047956 seconds, Stopping threads took: 0.0000272 seconds
28.261: [GC (Allocation Failure)  606794K->292268K(1034240K), 0.0041515 secs]
28.265: Total time for which application threads were stopped: 0.0043100 seconds, Stopping threads took: 0.0000196 seconds
28.333: [GC (Allocation Failure)  612780K->292204K(1034240K), 0.0043152 secs]
28.337: Total time for which application threads were stopped: 0.0044717 seconds, Stopping threads took: 0.0000197 seconds
28.403: [GC (Allocation Failure)  612716K->292428K(1034240K), 0.0041719 secs]
28.407: Total time for which application threads were stopped: 0.0043174 seconds, Stopping threads took: 0.0000198 seconds
28.475: [GC (Allocation Failure)  612940K->300270K(1034240K), 0.0042283 secs]
28.480: Total time for which application threads were stopped: 0.0044217 seconds, Stopping threads took: 0.0000197 seconds
28.549: [GC (Allocation Failure)  620782K->300270K(1034240K), 0.0043143 secs]
28.553: Total time for which application threads were stopped: 0.0044931 seconds, Stopping threads took: 0.0000197 seconds
28.621: [GC (Allocation Failure)  620782K->302694K(1034240K), 0.0061958 secs]
28.627: Total time for which application threads were stopped: 0.0063842 seconds, Stopping threads took: 0.0000253 seconds
28.695: [GC (Allocation Failure)  623206K->308297K(1034240K), 0.0042861 secs]
28.699: Total time for which application threads were stopped: 0.0044537 seconds, Stopping threads took: 0.0000198 seconds
28.767: [GC (Allocation Failure)  628809K->308297K(1034240K), 0.0040946 secs]
28.771: Total time for which application threads were stopped: 0.0042626 seconds, Stopping threads took: 0.0000193 seconds
28.839: [GC (Allocation Failure)  628809K->308905K(1034240K), 0.0044343 secs]
28.844: Total time for which application threads were stopped: 0.0045990 seconds, Stopping threads took: 0.0000193 seconds
28.912: [GC (Allocation Failure)  629417K->316331K(1034240K), 0.0043220 secs]
28.916: Total time for which application threads were stopped: 0.0044911 seconds, Stopping threads took: 0.0000192 seconds
28.985: [GC (Allocation Failure)  636843K->316267K(1034240K), 0.0042849 secs]
28.989: Total time for which application threads were stopped: 0.0044740 seconds, Stopping threads took: 0.0000385 seconds
29.057: [GC (Allocation Failure)  636779K->319171K(1034240K), 0.0047344 secs]
29.061: Total time for which application threads were stopped: 0.0049187 seconds, Stopping threads took: 0.0000262 seconds
29.130: [GC (Allocation Failure)  639683K->324421K(1034240K), 0.0046698 secs]
29.135: Total time for which application threads were stopped: 0.0048434 seconds, Stopping threads took: 0.0000200 seconds
29.203: [GC (Allocation Failure)  644933K->324325K(1034240K), 0.0047812 secs]
29.208: Total time for which application threads were stopped: 0.0049784 seconds, Stopping threads took: 0.0000245 seconds
29.274: [GC (Allocation Failure)  644837K->325349K(1034240K), 0.0064217 secs]
29.280: Total time for which application threads were stopped: 0.0065772 seconds, Stopping threads took: 0.0000254 seconds
29.345: [GC (Allocation Failure)  645861K->332391K(1034240K), 0.0076603 secs]
29.353: Total time for which application threads were stopped: 0.0078144 seconds, Stopping threads took: 0.0000248 seconds
29.418: [GC (Allocation Failure)  652903K->332327K(1034240K), 0.0049733 secs]
29.423: Total time for which application threads were stopped: 0.0051018 seconds, Stopping threads took: 0.0000245 seconds
29.486: [GC (Allocation Failure)  652839K->332551K(1034240K), 0.0041302 secs]
29.490: Total time for which application threads were stopped: 0.0042823 seconds, Stopping threads took: 0.0000193 seconds
29.555: [GC (Allocation Failure)  653063K->340394K(1034240K), 0.0042339 secs]
29.560: Total time for which application threads were stopped: 0.0043673 seconds, Stopping threads took: 0.0000197 seconds
29.624: [GC (Allocation Failure)  660906K->340394K(1034240K), 0.0048773 secs]
29.629: Total time for which application threads were stopped: 0.0050101 seconds, Stopping threads took: 0.0000240 seconds
29.698: [GC (Allocation Failure)  660906K->341834K(1034240K), 0.0043297 secs]
29.703: Total time for which application threads were stopped: 0.0044980 seconds, Stopping threads took: 0.0000197 seconds
29.771: [GC (Allocation Failure)  662346K->348492K(1034240K), 0.0045212 secs]
29.775: Total time for which application threads were stopped: 0.0046828 seconds, Stopping threads took: 0.0000196 seconds
29.843: [GC (Allocation Failure)  669004K->348428K(1034240K), 0.0042986 secs]
29.848: Total time for which application threads were stopped: 0.0044588 seconds, Stopping threads took: 0.0000194 seconds
29.915: [GC (Allocation Failure)  668940K->348492K(1020416K), 0.0044990 secs]
29.919: Total time for which application threads were stopped: 0.0047009 seconds, Stopping threads took: 0.0000221 seconds
29.989: [GC (Allocation Failure)  669004K->356462K(1033728K), 0.0043085 secs]
29.994: Total time for which application threads were stopped: 0.0044980 seconds, Stopping threads took: 0.0000200 seconds
30.062: [GC (Allocation Failure)  675950K->356462K(1033728K), 0.0105537 secs]
30.072: Total time for which application threads were stopped: 0.0107250 seconds, Stopping threads took: 0.0000191 seconds
30.138: [GC (Allocation Failure)  675950K->356742K(1033728K), 0.0044329 secs]
30.143: Total time for which application threads were stopped: 0.0045968 seconds, Stopping threads took: 0.0000201 seconds
30.211: [GC (Allocation Failure)  676230K->364488K(1033728K), 0.0042303 secs]
30.215: Total time for which application threads were stopped: 0.0043937 seconds, Stopping threads took: 0.0000199 seconds
30.283: [GC (Allocation Failure)  683976K->364488K(1033728K), 0.0043855 secs]
30.287: Total time for which application threads were stopped: 0.0045503 seconds, Stopping threads took: 0.0000190 seconds
30.353: [GC (Allocation Failure)  683976K->365504K(1033728K), 0.0055017 secs]
30.359: Total time for which application threads were stopped: 0.0056747 seconds, Stopping threads took: 0.0000272 seconds
30.427: [GC (Allocation Failure)  684992K->372547K(1033728K), 0.0045462 secs]
30.431: Total time for which application threads were stopped: 0.0047101 seconds, Stopping threads took: 0.0000190 seconds
30.499: [GC (Allocation Failure)  692035K->372547K(1033728K), 0.0051596 secs]
30.504: Total time for which application threads were stopped: 0.0053310 seconds, Stopping threads took: 0.0000200 seconds
30.567: [GC (Allocation Failure)  692035K->372683K(1033728K), 0.0042455 secs]
30.571: Total time for which application threads were stopped: 0.0043929 seconds, Stopping threads took: 0.0000196 seconds
30.640: [GC (Allocation Failure)  692171K->380589K(1033728K), 0.0044826 secs]
30.644: Total time for which application threads were stopped: 0.0046444 seconds, Stopping threads took: 0.0000174 seconds
30.712: [GC (Allocation Failure)  700077K->380525K(1033728K), 0.0042188 secs]
30.716: Total time for which application threads were stopped: 0.0043880 seconds, Stopping threads took: 0.0000202 seconds
30.781: [GC (Allocation Failure)  700013K->381965K(1033728K), 0.0046450 secs]
30.786: Total time for which application threads were stopped: 0.0048052 seconds, Stopping threads took: 0.0000203 seconds
30.856: [GC (Allocation Failure)  701453K->388591K(1033728K), 0.0045142 secs]
30.861: Total time for which application threads were stopped: 0.0046750 seconds, Stopping threads took: 0.0000193 seconds
30.928: [GC (Allocation Failure)  708079K->388623K(1033728K), 0.0044313 secs]
30.933: Total time for which application threads were stopped: 0.0045769 seconds, Stopping threads took: 0.0000199 seconds
31.000: [GC (Allocation Failure)  708111K->389191K(1033728K), 0.0042972 secs]
31.004: Total time for which application threads were stopped: 0.0044665 seconds, Stopping threads took: 0.0000280 seconds
31.072: [GC (Allocation Failure)  708679K->396650K(1033728K), 0.0042551 secs]
31.077: Total time for which application threads were stopped: 0.0044144 seconds, Stopping threads took: 0.0000198 seconds
31.144: [GC (Allocation Failure)  716138K->396618K(1033728K), 0.0042792 secs]
31.148: Total time for which application threads were stopped: 0.0044675 seconds, Stopping threads took: 0.0000192 seconds
31.215: [GC (Allocation Failure)  716106K->397418K(1033728K), 0.0045993 secs]
31.219: Total time for which application threads were stopped: 0.0047419 seconds, Stopping threads took: 0.0000164 seconds
31.286: [GC (Allocation Failure)  716906K->404684K(1033728K), 0.0046749 secs]
31.291: Total time for which application threads were stopped: 0.0048447 seconds, Stopping threads took: 0.0000200 seconds
31.356: [GC (Allocation Failure)  724172K->404652K(1033728K), 0.0042499 secs]
31.360: Total time for which application threads were stopped: 0.0044053 seconds, Stopping threads took: 0.0000291 seconds
31.422: [GC (Allocation Failure)  724140K->405644K(1033728K), 0.0045576 secs]
31.426: Total time for which application threads were stopped: 0.0047208 seconds, Stopping threads took: 0.0000254 seconds
31.488: [GC (Allocation Failure)  725132K->412686K(1033728K), 0.0043725 secs]
31.493: Total time for which application threads were stopped: 0.0045212 seconds, Stopping threads took: 0.0000260 seconds
31.558: [GC (Allocation Failure)  732174K->412686K(1033728K), 0.0040724 secs]
31.562: Total time for which application threads were stopped: 0.0042291 seconds, Stopping threads took: 0.0000199 seconds
31.625: [GC (Allocation Failure)  732174K->412814K(1033728K), 0.0143620 secs]
31.640: Total time for which application threads were stopped: 0.0145141 seconds, Stopping threads took: 0.0000260 seconds
31.707: [GC (Allocation Failure)  732302K->420720K(1032704K), 0.0045008 secs]
31.712: Total time for which application threads were stopped: 0.0046694 seconds, Stopping threads took: 0.0000216 seconds
31.779: [GC (Allocation Failure)  739184K->420688K(1033216K), 0.0045453 secs]
31.784: Total time for which application threads were stopped: 0.0047254 seconds, Stopping threads took: 0.0000201 seconds
31.848: [GC (Allocation Failure)  739152K->421064K(1033216K), 0.0045673 secs]
31.853: Total time for which application threads were stopped: 0.0047357 seconds, Stopping threads took: 0.0000212 seconds
31.922: [GC (Allocation Failure)  739528K->428779K(1033216K), 0.0043310 secs]
31.927: Total time for which application threads were stopped: 0.0044649 seconds, Stopping threads took: 0.0000198 seconds
31.989: [GC (Allocation Failure)  747243K->428779K(1033216K), 0.0043255 secs]
31.994: Total time for which application threads were stopped: 0.0044934 seconds, Stopping threads took: 0.0000194 seconds
32.056: [GC (Allocation Failure)  747243K->429291K(1033216K), 0.0043351 secs]
32.061: Total time for which application threads were stopped: 0.0044750 seconds, Stopping threads took: 0.0000273 seconds
32.126: [GC (Allocation Failure)  747755K->436781K(1033216K), 0.0044750 secs]
32.131: Total time for which application threads were stopped: 0.0046425 seconds, Stopping threads took: 0.0000253 seconds
32.195: [GC (Allocation Failure)  755245K->436781K(1033216K), 0.0042942 secs]
32.199: Total time for which application threads were stopped: 0.0044329 seconds, Stopping threads took: 0.0000259 seconds
32.259: [GC (Allocation Failure)  755245K->437029K(1033216K), 0.0045177 secs]
32.264: Total time for which application threads were stopped: 0.0046561 seconds, Stopping threads took: 0.0000172 seconds
32.329: [GC (Allocation Failure)  755493K->444839K(1033216K), 0.0044367 secs]
32.334: Total time for which application threads were stopped: 0.0045784 seconds, Stopping threads took: 0.0000226 seconds
32.394: [GC (Allocation Failure)  763303K->444839K(1033216K), 0.0044383 secs]
32.399: Total time for which application threads were stopped: 0.0045855 seconds, Stopping threads took: 0.0000183 seconds
32.463: [GC (Allocation Failure)  763303K->444871K(1033216K), 0.0042440 secs]
32.468: Total time for which application threads were stopped: 0.0043754 seconds, Stopping threads took: 0.0000250 seconds
32.531: [GC (Allocation Failure)  763335K->452873K(1033216K), 0.0044236 secs]
32.535: Total time for which application threads were stopped: 0.0045652 seconds, Stopping threads took: 0.0000248 seconds
32.599: [GC (Allocation Failure)  771337K->452841K(1033216K), 0.0045835 secs]
32.603: Total time for which application threads were stopped: 0.0047143 seconds, Stopping threads took: 0.0000191 seconds
32.667: [GC (Allocation Failure)  771305K->453001K(1033216K), 0.0044874 secs]
32.671: Total time for which application threads were stopped: 0.0046082 seconds, Stopping threads took: 0.0000166 seconds
32.738: [GC (Allocation Failure)  771465K->460876K(1033216K), 0.0045931 secs]
32.742: Total time for which application threads were stopped: 0.0047411 seconds, Stopping threads took: 0.0000191 seconds
32.805: [GC (Allocation Failure)  779340K->460876K(1033216K), 0.0042706 secs]
32.810: Total time for which application threads were stopped: 0.0044178 seconds, Stopping threads took: 0.0000196 seconds
32.872: [GC (Allocation Failure)  779340K->461220K(1033216K), 0.0044825 secs]
32.877: Total time for which application threads were stopped: 0.0046335 seconds, Stopping threads took: 0.0000204 seconds
32.942: [GC (Allocation Failure)  779684K->468902K(1033216K), 0.0046504 secs]
32.947: Total time for which application threads were stopped: 0.0047733 seconds, Stopping threads took: 0.0000167 seconds
33.011: [GC (Allocation Failure)  787366K->468902K(1033216K), 0.0044135 secs]
33.015: Total time for which application threads were stopped: 0.0045510 seconds, Stopping threads took: 0.0000184 seconds
33.077: [GC (Allocation Failure)  787366K->469446K(1033216K), 0.0046470 secs]
33.082: Total time for which application threads were stopped: 0.0048172 seconds, Stopping threads took: 0.0000218 seconds
33.145: [GC (Allocation Failure)  787910K->476936K(1033216K), 0.0044501 secs]
33.149: Total time for which application threads were stopped: 0.0045994 seconds, Stopping threads took: 0.0000191 seconds
33.212: [GC (Allocation Failure)  795400K->476968K(1033216K), 0.0046014 secs]
33.216: Total time for which application threads were stopped: 0.0047538 seconds, Stopping threads took: 0.0000199 seconds
33.282: [GC (Allocation Failure)  795432K->477192K(1033216K), 0.0044695 secs]
33.287: Total time for which application threads were stopped: 0.0046279 seconds, Stopping threads took: 0.0000197 seconds
33.351: [GC (Allocation Failure)  795656K->485002K(1033216K), 0.0046729 secs]
33.356: Total time for which application threads were stopped: 0.0048075 seconds, Stopping threads took: 0.0000195 seconds
33.417: [GC (Allocation Failure)  803466K->477256K(1033216K), 0.0015866 secs]
33.418: Total time for which application threads were stopped: 0.0017430 seconds, Stopping threads took: 0.0000196 seconds
33.485: [GC (Allocation Failure)  795720K->485154K(1033216K), 0.0044433 secs]
33.490: Total time for which application threads were stopped: 0.0046060 seconds, Stopping threads took: 0.0000166 seconds
33.554: [GC (Allocation Failure)  803618K->489138K(1033216K), 0.0055566 secs]
33.560: Total time for which application threads were stopped: 0.0056992 seconds, Stopping threads took: 0.0000192 seconds
33.623: [GC (Allocation Failure)  807602K->489808K(1032192K), 0.0071602 secs]
33.630: Total time for which application threads were stopped: 0.0073495 seconds, Stopping threads took: 0.0000243 seconds
33.698: [GC (Allocation Failure)  807248K->489170K(1032704K), 0.0044967 secs]
33.702: Total time for which application threads were stopped: 0.0046851 seconds, Stopping threads took: 0.0000196 seconds
33.769: [GC (Allocation Failure)  806610K->489106K(1033216K), 0.0045503 secs]
33.774: Total time for which application threads were stopped: 0.0047169 seconds, Stopping threads took: 0.0000198 seconds
33.840: [GC (Allocation Failure)  807570K->491914K(1033216K), 0.0049942 secs]
33.845: Total time for which application threads were stopped: 0.0051542 seconds, Stopping threads took: 0.0000196 seconds
33.912: [GC (Allocation Failure)  810378K->497165K(1033728K), 0.0046196 secs]
33.917: Total time for which application threads were stopped: 0.0047763 seconds, Stopping threads took: 0.0000197 seconds
33.985: [GC (Allocation Failure)  816653K->497165K(1033728K), 0.0046306 secs]
33.990: Total time for which application threads were stopped: 0.0047979 seconds, Stopping threads took: 0.0000266 seconds
34.057: [GC (Allocation Failure)  816653K->498093K(1033728K), 0.0048109 secs]
34.062: Total time for which application threads were stopped: 0.0049861 seconds, Stopping threads took: 0.0000281 seconds
34.128: [GC (Allocation Failure)  817581K->505199K(1033728K), 0.0045928 secs]
34.133: Total time for which application threads were stopped: 0.0047611 seconds, Stopping threads took: 0.0000200 seconds
34.201: [GC (Allocation Failure)  824687K->505199K(1033728K), 0.0047586 secs]
34.206: Total time for which application threads were stopped: 0.0049303 seconds, Stopping threads took: 0.0000196 seconds
34.270: [GC (Allocation Failure)  824687K->505287K(1033728K), 0.0045656 secs]
34.274: Total time for which application threads were stopped: 0.0047165 seconds, Stopping threads took: 0.0000210 seconds
34.340: [GC (Allocation Failure)  824775K->513225K(1033728K), 0.0047094 secs]
34.344: Total time for which application threads were stopped: 0.0049089 seconds, Stopping threads took: 0.0000208 seconds
34.412: [GC (Allocation Failure)  832713K->513193K(1033728K), 0.0045036 secs]
34.417: Total time for which application threads were stopped: 0.0046768 seconds, Stopping threads took: 0.0000198 seconds
34.483: [GC (Allocation Failure)  832681K->516585K(1034240K), 0.0052377 secs]
34.488: Total time for which application threads were stopped: 0.0054447 seconds, Stopping threads took: 0.0000270 seconds
34.557: [GC (Allocation Failure)  836585K->521356K(1033728K), 0.0045083 secs]
34.562: Total time for which application threads were stopped: 0.0046917 seconds, Stopping threads took: 0.0000167 seconds
34.629: [GC (Allocation Failure)  841356K->521228K(1034240K), 0.0065457 secs]
34.636: Total time for which application threads were stopped: 0.0067027 seconds, Stopping threads took: 0.0000166 seconds
34.702: [GC (Allocation Failure)  841740K->521740K(1020928K), 0.0047424 secs]
34.707: Total time for which application threads were stopped: 0.0049037 seconds, Stopping threads took: 0.0000200 seconds
34.775: [GC (Allocation Failure)  842252K->529326K(1033728K), 0.0045066 secs]
34.779: Total time for which application threads were stopped: 0.0047027 seconds, Stopping threads took: 0.0000198 seconds
34.844: [GC (Allocation Failure)  848814K->529230K(1033728K), 0.0046971 secs]
34.849: Total time for which application threads were stopped: 0.0048356 seconds, Stopping threads took: 0.0000163 seconds
34.915: [GC (Allocation Failure)  848718K->529998K(1033728K), 0.0047181 secs]
34.920: Total time for which application threads were stopped: 0.0048872 seconds, Stopping threads took: 0.0000291 seconds
34.988: [GC (Allocation Failure)  849486K->537328K(1033728K), 0.0046040 secs]
34.993: Total time for which application threads were stopped: 0.0048128 seconds, Stopping threads took: 0.0000277 seconds
35.061: [GC (Allocation Failure)  856816K->537296K(1033728K), 0.0047852 secs]
35.066: Total time for which application threads were stopped: 0.0049540 seconds, Stopping threads took: 0.0000198 seconds
35.132: [GC (Allocation Failure)  856784K->541288K(1033728K), 0.0057238 secs]
35.138: Total time for which application threads were stopped: 0.0058935 seconds, Stopping threads took: 0.0000202 seconds
35.207: [GC (Allocation Failure)  860776K->545354K(1034240K), 0.0047106 secs]
35.212: Total time for which application threads were stopped: 0.0048822 seconds, Stopping threads took: 0.0000199 seconds
35.278: [GC (Allocation Failure)  865866K->545354K(1034240K), 0.0048331 secs]
35.283: Total time for which application threads were stopped: 0.0049950 seconds, Stopping threads took: 0.0000196 seconds
35.350: [GC (Allocation Failure)  865866K->546410K(1034240K), 0.0048813 secs]
35.355: Total time for which application threads were stopped: 0.0050497 seconds, Stopping threads took: 0.0000192 seconds
35.422: [GC (Allocation Failure)  866922K->553485K(1034240K), 0.0046396 secs]
35.427: Total time for which application threads were stopped: 0.0048008 seconds, Stopping threads took: 0.0000196 seconds
35.495: [GC (Allocation Failure)  873997K->553357K(1034240K), 0.0052656 secs]
35.501: Total time for which application threads were stopped: 0.0054261 seconds, Stopping threads took: 0.0000200 seconds
35.567: [GC (Allocation Failure)  873869K->553605K(1034240K), 0.0047295 secs]
35.572: Total time for which application threads were stopped: 0.0048920 seconds, Stopping threads took: 0.0000197 seconds
35.641: [GC (Allocation Failure)  874117K->561479K(1033216K), 0.0048242 secs]
35.646: Total time for which application threads were stopped: 0.0049946 seconds, Stopping threads took: 0.0000197 seconds
35.714: [GC (Allocation Failure)  880967K->561383K(1033728K), 0.0047330 secs]
35.718: Total time for which application threads were stopped: 0.0049036 seconds, Stopping threads took: 0.0000200 seconds
35.785: [GC (Allocation Failure)  880871K->561831K(1033216K), 0.0047759 secs]
35.789: Total time for which application threads were stopped: 0.0049592 seconds, Stopping threads took: 0.0000282 seconds
35.858: [GC (Allocation Failure)  881319K->569481K(1033728K), 0.0045797 secs]
35.862: Total time for which application threads were stopped: 0.0047728 seconds, Stopping threads took: 0.0000198 seconds
35.929: [GC (Allocation Failure)  888969K->569417K(1033728K), 0.0049630 secs]
35.934: Total time for which application threads were stopped: 0.0051080 seconds, Stopping threads took: 0.0000166 seconds
36.000: [GC (Allocation Failure)  888905K->570089K(1033728K), 0.0047923 secs]
36.005: Total time for which application threads were stopped: 0.0049571 seconds, Stopping threads took: 0.0000256 seconds
36.073: [GC (Allocation Failure)  889577K->577547K(1033728K), 0.0048432 secs]
36.078: Total time for which application threads were stopped: 0.0050195 seconds, Stopping threads took: 0.0000277 seconds
36.146: [GC (Allocation Failure)  897035K->577451K(1033728K), 0.0047841 secs]
36.151: Total time for which application threads were stopped: 0.0049600 seconds, Stopping threads took: 0.0000205 seconds
36.216: [GC (Allocation Failure)  896939K->579339K(1033728K), 0.0051589 secs]
36.221: Total time for which application threads were stopped: 0.0053338 seconds, Stopping threads took: 0.0000213 seconds
36.290: [GC (Allocation Failure)  898827K->585486K(1033728K), 0.0046450 secs]
36.295: Total time for which application threads were stopped: 0.0048122 seconds, Stopping threads took: 0.0000201 seconds
36.362: [GC (Allocation Failure)  904974K->585486K(1033728K), 0.0045734 secs]
36.367: Total time for which application threads were stopped: 0.0047436 seconds, Stopping threads took: 0.0000194 seconds
36.433: [GC (Allocation Failure)  904974K->586510K(1033728K), 0.0049760 secs]
36.438: Total time for which application threads were stopped: 0.0051440 seconds, Stopping threads took: 0.0000196 seconds
36.504: [GC (Allocation Failure)  905998K->593520K(1033728K), 0.0064314 secs]
36.511: Total time for which application threads were stopped: 0.0066054 seconds, Stopping threads took: 0.0000256 seconds
36.578: [GC (Allocation Failure)  913008K->593520K(1033728K), 0.0048030 secs]
36.583: Total time for which application threads were stopped: 0.0049851 seconds, Stopping threads took: 0.0000293 seconds
36.650: [GC (Allocation Failure)  913008K->593704K(1033728K), 0.0047629 secs]
36.655: Total time for which application threads were stopped: 0.0049498 seconds, Stopping threads took: 0.0000213 seconds
36.722: [GC (Allocation Failure)  913192K->601578K(1033728K), 0.0047320 secs]
36.727: Total time for which application threads were stopped: 0.0049056 seconds, Stopping threads took: 0.0000335 seconds
36.796: [GC (Allocation Failure)  921066K->601546K(1033728K), 0.0047643 secs]
36.801: Total time for which application threads were stopped: 0.0049577 seconds, Stopping threads took: 0.0000202 seconds
36.869: [GC (Allocation Failure)  921034K->601962K(1033728K), 0.0047731 secs]
36.874: Total time for which application threads were stopped: 0.0049609 seconds, Stopping threads took: 0.0000281 seconds
36.943: [GC (Allocation Failure)  921450K->609644K(1033728K), 0.0048718 secs]
36.948: Total time for which application threads were stopped: 0.0050476 seconds, Stopping threads took: 0.0000213 seconds
37.014: [GC (Allocation Failure)  929132K->609612K(1033728K), 0.0049773 secs]
37.019: Total time for which application threads were stopped: 0.0051426 seconds, Stopping threads took: 0.0000257 seconds
37.085: [GC (Allocation Failure)  929100K->610220K(1033728K), 0.0049273 secs]
37.090: Total time for which application threads were stopped: 0.0050877 seconds, Stopping threads took: 0.0000197 seconds
37.158: [GC (Allocation Failure)  929708K->617615K(1033728K), 0.0057813 secs]
37.164: Total time for which application threads were stopped: 0.0059413 seconds, Stopping threads took: 0.0000199 seconds
37.232: [GC (Allocation Failure)  937103K->617615K(1033728K), 0.0047992 secs]
37.237: Total time for which application threads were stopped: 0.0049666 seconds, Stopping threads took: 0.0000199 seconds
37.302: [GC (Allocation Failure)  937103K->618407K(1033728K), 0.0049845 secs]
37.307: Total time for which application threads were stopped: 0.0051647 seconds, Stopping threads took: 0.0000197 seconds
37.374: [GC (Allocation Failure)  937895K->625673K(1033728K), 0.0048598 secs]
37.379: Total time for which application threads were stopped: 0.0050306 seconds, Stopping threads took: 0.0000201 seconds
37.447: [GC (Allocation Failure)  945161K->625673K(1033728K), 0.0051769 secs]
37.452: Total time for which application threads were stopped: 0.0053600 seconds, Stopping threads took: 0.0000198 seconds
37.517: [GC (Allocation Failure)  945161K->626633K(1033728K), 0.0065268 secs]
37.523: Total time for which application threads were stopped: 0.0066961 seconds, Stopping threads took: 0.0000275 seconds
37.589: [GC (Allocation Failure)  946121K->633707K(1033728K), 0.0048897 secs]
37.594: Total time for which application threads were stopped: 0.0050487 seconds, Stopping threads took: 0.0000198 seconds
37.662: [GC (Allocation Failure)  953195K->633707K(1033728K), 0.0047352 secs]
37.667: Total time for which application threads were stopped: 0.0049040 seconds, Stopping threads took: 0.0000198 seconds
37.732: [GC (Allocation Failure)  953195K->633835K(1019392K), 0.0050574 secs]
37.737: Total time for which application threads were stopped: 0.0052331 seconds, Stopping threads took: 0.0000190 seconds
37.803: [GC (Allocation Failure)  953323K->641742K(1033216K), 0.0048352 secs]
37.808: Total time for which application threads were stopped: 0.0050058 seconds, Stopping threads took: 0.0000189 seconds
37.874: [GC (Allocation Failure)  960206K->641710K(1033216K), 0.0047229 secs]
37.879: Total time for which application threads were stopped: 0.0049086 seconds, Stopping threads took: 0.0000186 seconds
37.943: [GC (Allocation Failure)  960174K->642086K(1033216K), 0.0051291 secs]
37.949: Total time for which application threads were stopped: 0.0052925 seconds, Stopping threads took: 0.0000191 seconds
38.016: [GC (Allocation Failure)  960550K->649736K(1033216K), 0.0047935 secs]
38.021: Total time for which application threads were stopped: 0.0049523 seconds, Stopping threads took: 0.0000200 seconds
38.086: [GC (Allocation Failure)  968200K->649736K(1033216K), 0.0047351 secs]
38.091: Total time for which application threads were stopped: 0.0049117 seconds, Stopping threads took: 0.0000197 seconds
38.154: [GC (Allocation Failure)  968200K->650312K(1033216K), 0.0049585 secs]
38.159: Total time for which application threads were stopped: 0.0051487 seconds, Stopping threads took: 0.0000193 seconds
38.227: [GC (Allocation Failure)  968776K->657802K(1033216K), 0.0050929 secs]
38.232: Total time for which application threads were stopped: 0.0052608 seconds, Stopping threads took: 0.0000199 seconds
38.298: [GC (Allocation Failure)  976266K->657802K(1033216K), 0.0048464 secs]
38.303: Total time for which application threads were stopped: 0.0050049 seconds, Stopping threads took: 0.0000199 seconds
38.366: [GC (Allocation Failure)  976266K->658026K(1033216K), 0.0051911 secs]
38.372: Total time for which application threads were stopped: 0.0053569 seconds, Stopping threads took: 0.0000205 seconds
38.439: [GC (Allocation Failure)  976490K->665804K(1033216K), 0.0049145 secs]
38.444: Total time for which application threads were stopped: 0.0051043 seconds, Stopping threads took: 0.0000195 seconds
38.509: [GC (Allocation Failure)  984268K->665804K(1033216K), 0.0049953 secs]
38.514: Total time for which application threads were stopped: 0.0051764 seconds, Stopping threads took: 0.0000288 seconds
38.581: [GC (Allocation Failure)  984268K->665868K(1033216K), 0.0050198 secs]
38.586: Total time for which application threads were stopped: 0.0051789 seconds, Stopping threads took: 0.0000195 seconds
38.656: [GC (Allocation Failure)  984332K->673871K(1033216K), 0.0050358 secs]
38.661: Total time for which application threads were stopped: 0.0051926 seconds, Stopping threads took: 0.0000169 seconds
38.727: [GC (Allocation Failure)  992335K->673839K(1033216K), 0.0047972 secs]
38.732: Total time for which application threads were stopped: 0.0049629 seconds, Stopping threads took: 0.0000195 seconds
38.797: [GC (Allocation Failure)  992303K->674007K(1033216K), 0.0051044 secs]
38.802: Total time for which application threads were stopped: 0.0052747 seconds, Stopping threads took: 0.0000200 seconds
38.870: [GC (Allocation Failure)  992471K->681913K(1033216K), 0.0048468 secs]
38.875: Total time for which application threads were stopped: 0.0050109 seconds, Stopping threads took: 0.0000198 seconds
38.942: [GC (Allocation Failure)  1000377K->681913K(1033216K), 0.0050299 secs]
38.947: Total time for which application threads were stopped: 0.0052093 seconds, Stopping threads took: 0.0000198 seconds
39.013: [GC (Allocation Failure)  1000377K->682241K(1033216K), 0.0049034 secs]
39.018: [Full GC (Ergonomics)  682241K->8837K(1033216K), 0.0127171 secs]
39.030: Total time for which application threads were stopped: 0.0178904 seconds, Stopping threads took: 0.0000287 seconds
39.098: [GC (Allocation Failure)  327301K->17607K(1032192K), 0.0039458 secs]
39.102: Total time for which application threads were stopped: 0.0041232 seconds, Stopping threads took: 0.0000200 seconds
39.169: [GC (Allocation Failure)  335047K->17591K(1032704K), 0.0037163 secs]
39.173: Total time for which application threads were stopped: 0.0038846 seconds, Stopping threads took: 0.0000197 seconds
39.239: [GC (Allocation Failure)  335031K->17687K(1032704K), 0.0036749 secs]
39.243: Total time for which application threads were stopped: 0.0038496 seconds, Stopping threads took: 0.0000204 seconds
39.309: [GC (Allocation Failure)  335127K->25689K(1032704K), 0.0035792 secs]
39.313: Total time for which application threads were stopped: 0.0037514 seconds, Stopping threads took: 0.0000200 seconds
39.378: [GC (Allocation Failure)  343129K->32119K(1028608K), 0.0063480 secs]
39.385: Total time for which application threads were stopped: 0.0065019 seconds, Stopping threads took: 0.0000198 seconds
39.451: [GC (Allocation Failure)  345463K->25881K(1030656K), 0.0039196 secs]
39.455: Total time for which application threads were stopped: 0.0040785 seconds, Stopping threads took: 0.0000211 seconds
39.520: [GC (Allocation Failure)  339225K->25657K(1031680K), 0.0038344 secs]
39.524: Total time for which application threads were stopped: 0.0039836 seconds, Stopping threads took: 0.0000195 seconds
39.586: [GC (Allocation Failure)  340537K->26553K(1031168K), 0.0064140 secs]
39.592: Total time for which application threads were stopped: 0.0065819 seconds, Stopping threads took: 0.0000216 seconds
39.660: [GC (Allocation Failure)  341433K->33692K(1031680K), 0.0038625 secs]
39.664: Total time for which application threads were stopped: 0.0040346 seconds, Stopping threads took: 0.0000199 seconds
39.733: [GC (Allocation Failure)  349084K->33692K(1031680K), 0.0038657 secs]
39.737: Total time for which application threads were stopped: 0.0040296 seconds, Stopping threads took: 0.0000210 seconds
39.803: [GC (Allocation Failure)  349084K->37340K(1032704K), 0.0045562 secs]
39.808: Total time for which application threads were stopped: 0.0047197 seconds, Stopping threads took: 0.0000195 seconds
39.873: [GC (Allocation Failure)  354268K->41790K(1032192K), 0.0037914 secs]
39.877: Total time for which application threads were stopped: 0.0039727 seconds, Stopping threads took: 0.0000210 seconds
39.944: [GC (Allocation Failure)  358718K->41726K(1033216K), 0.0039298 secs]
39.948: Total time for which application threads were stopped: 0.0041009 seconds, Stopping threads took: 0.0000203 seconds
40.014: [GC (Allocation Failure)  360190K->42534K(1033216K), 0.0037333 secs]
40.018: Total time for which application threads were stopped: 0.0038921 seconds, Stopping threads took: 0.0000257 seconds
40.086: [GC (Allocation Failure)  360998K->49832K(1033216K), 0.0037375 secs]
40.090: Total time for which application threads were stopped: 0.0039298 seconds, Stopping threads took: 0.0000197 seconds
40.159: [GC (Allocation Failure)  368296K->49800K(1033216K), 0.0037284 secs]
40.163: Total time for which application threads were stopped: 0.0038876 seconds, Stopping threads took: 0.0000192 seconds
40.227: [GC (Allocation Failure)  368264K->50760K(1033216K), 0.0038920 secs]
40.231: Total time for which application threads were stopped: 0.0040700 seconds, Stopping threads took: 0.0000197 seconds
40.298: [GC (Allocation Failure)  369224K->57866K(1033216K), 0.0036972 secs]
40.301: Total time for which application threads were stopped: 0.0038661 seconds, Stopping threads took: 0.0000196 seconds
40.368: [GC (Allocation Failure)  376330K->57802K(1033728K), 0.0039612 secs]
40.372: Total time for which application threads were stopped: 0.0041664 seconds, Stopping threads took: 0.0000278 seconds
40.439: [GC (Allocation Failure)  376778K->59466K(1033216K), 0.0038181 secs]
40.443: Total time for which application threads were stopped: 0.0039737 seconds, Stopping threads took: 0.0000176 seconds
40.511: [GC (Allocation Failure)  378442K->65869K(1033728K), 0.0035943 secs]
40.515: Total time for which application threads were stopped: 0.0037345 seconds, Stopping threads took: 0.0000261 seconds
40.580: [GC (Allocation Failure)  385357K->65837K(1033728K), 0.0038651 secs]
40.584: Total time for which application threads were stopped: 0.0040142 seconds, Stopping threads took: 0.0000198 seconds
40.650: [GC (Allocation Failure)  385325K->66189K(1033728K), 0.0038585 secs]
40.654: Total time for which application threads were stopped: 0.0040211 seconds, Stopping threads took: 0.0000184 seconds
40.721: [GC (Allocation Failure)  385677K->73967K(1033728K), 0.0038554 secs]
40.725: Total time for which application threads were stopped: 0.0040239 seconds, Stopping threads took: 0.0000195 seconds
40.792: [GC (Allocation Failure)  393455K->73839K(1033728K), 0.0035622 secs]
40.796: Total time for which application threads were stopped: 0.0037283 seconds, Stopping threads took: 0.0000205 seconds
40.862: [GC (Allocation Failure)  393327K->74407K(1033728K), 0.0038978 secs]
40.866: Total time for which application threads were stopped: 0.0040627 seconds, Stopping threads took: 0.0000207 seconds
40.934: [GC (Allocation Failure)  393895K->81961K(1033728K), 0.0038780 secs]
40.938: Total time for which application threads were stopped: 0.0040297 seconds, Stopping threads took: 0.0000204 seconds
41.004: [GC (Allocation Failure)  401449K->81897K(1033728K), 0.0035731 secs]
41.007: Total time for which application threads were stopped: 0.0037161 seconds, Stopping threads took: 0.0000201 seconds
41.073: [GC (Allocation Failure)  401385K->82633K(1033728K), 0.0037124 secs]
41.077: Total time for which application threads were stopped: 0.0038693 seconds, Stopping threads took: 0.0000281 seconds
41.144: [GC (Allocation Failure)  402121K->89995K(1033728K), 0.0039085 secs]
41.148: Total time for which application threads were stopped: 0.0040572 seconds, Stopping threads took: 0.0000196 seconds
41.213: [GC (Allocation Failure)  409483K->89931K(1033728K), 0.0038787 secs]
41.217: Total time for which application threads were stopped: 0.0040386 seconds, Stopping threads took: 0.0000200 seconds
41.280: [GC (Allocation Failure)  409419K->90851K(1033728K), 0.0038562 secs]
41.283: Total time for which application threads were stopped: 0.0040129 seconds, Stopping threads took: 0.0000278 seconds
41.348: [GC (Allocation Failure)  410339K->97958K(1033728K), 0.0036463 secs]
41.352: Total time for which application threads were stopped: 0.0039264 seconds, Stopping threads took: 0.0000193 seconds
41.415: [GC (Allocation Failure)  417446K->97958K(1033728K), 0.0035731 secs]
41.419: Total time for which application threads were stopped: 0.0037040 seconds, Stopping threads took: 0.0000191 seconds
41.481: [GC (Allocation Failure)  417446K->98126K(1033728K), 0.0038068 secs]
41.485: Total time for which application threads were stopped: 0.0039431 seconds, Stopping threads took: 0.0000189 seconds
41.549: [GC (Allocation Failure)  417614K->106000K(1033728K), 0.0037224 secs]
41.552: Total time for which application threads were stopped: 0.0038524 seconds, Stopping threads took: 0.0000192 seconds
41.617: [GC (Allocation Failure)  425488K->106000K(1033728K), 0.0047973 secs]
41.622: Total time for which application threads were stopped: 0.0049380 seconds, Stopping threads took: 0.0000159 seconds
41.688: [GC (Allocation Failure)  425488K->106312K(1019392K), 0.0038951 secs]
41.692: Total time for which application threads were stopped: 0.0040684 seconds, Stopping threads took: 0.0000205 seconds
41.761: [GC (Allocation Failure)  425800K->114058K(1033216K), 0.0038650 secs]
41.765: Total time for which application threads were stopped: 0.0040479 seconds, Stopping threads took: 0.0000202 seconds
41.829: [GC (Allocation Failure)  432522K->114026K(1033216K), 0.0037355 secs]
41.833: Total time for which application threads were stopped: 0.0038996 seconds, Stopping threads took: 0.0000252 seconds
41.895: [GC (Allocation Failure)  432490K->114570K(1033216K), 0.0037819 secs]
41.899: Total time for which application threads were stopped: 0.0039120 seconds, Stopping threads took: 0.0000189 seconds
41.961: [GC (Allocation Failure)  433034K->122092K(1033216K), 0.0037573 secs]
41.965: Total time for which application threads were stopped: 0.0038808 seconds, Stopping threads took: 0.0000236 seconds
42.026: [GC (Allocation Failure)  440556K->122060K(1033216K), 0.0036977 secs]
42.030: Total time for which application threads were stopped: 0.0038294 seconds, Stopping threads took: 0.0000183 seconds
42.090: [GC (Allocation Failure)  440524K->122788K(1033216K), 0.0039314 secs]
42.094: Total time for which application threads were stopped: 0.0040762 seconds, Stopping threads took: 0.0000181 seconds
42.159: [GC (Allocation Failure)  441252K->130087K(1033216K), 0.0036688 secs]
42.163: Total time for which application threads were stopped: 0.0037851 seconds, Stopping threads took: 0.0000152 seconds
42.224: [GC (Allocation Failure)  448551K->130087K(1033216K), 0.0039871 secs]
42.228: Total time for which application threads were stopped: 0.0041354 seconds, Stopping threads took: 0.0000237 seconds
42.288: [GC (Allocation Failure)  448551K->130247K(1033216K), 0.0037475 secs]
42.292: Total time for which application threads were stopped: 0.0038902 seconds, Stopping threads took: 0.0000195 seconds
42.357: [GC (Allocation Failure)  448711K->138153K(1033216K), 0.0037037 secs]
42.361: Total time for which application threads were stopped: 0.0038432 seconds, Stopping threads took: 0.0000223 seconds
42.424: [GC (Allocation Failure)  456617K->138153K(1033216K), 0.0035363 secs]
42.428: Total time for which application threads were stopped: 0.0036802 seconds, Stopping threads took: 0.0000185 seconds
42.490: [GC (Allocation Failure)  456617K->138217K(1033216K), 0.0036532 secs]
42.494: Total time for which application threads were stopped: 0.0038115 seconds, Stopping threads took: 0.0000181 seconds
42.558: [GC (Allocation Failure)  456681K->146187K(1033216K), 0.0039005 secs]
42.562: Total time for which application threads were stopped: 0.0040121 seconds, Stopping threads took: 0.0000155 seconds
42.626: [GC (Allocation Failure)  464651K->146155K(1033216K), 0.0049292 secs]
42.631: Total time for which application threads were stopped: 0.0050953 seconds, Stopping threads took: 0.0000266 seconds
42.695: [GC (Allocation Failure)  464619K->146507K(1033216K), 0.0037841 secs]
42.699: Total time for which application threads were stopped: 0.0039177 seconds, Stopping threads took: 0.0000195 seconds
42.761: [GC (Allocation Failure)  464971K->154222K(1033216K), 0.0037107 secs]
42.765: Total time for which application threads were stopped: 0.0038442 seconds, Stopping threads took: 0.0000191 seconds
42.829: [GC (Allocation Failure)  472686K->154190K(1033216K), 0.0039284 secs]
42.833: Total time for which application threads were stopped: 0.0040689 seconds, Stopping threads took: 0.0000189 seconds
42.894: [GC (Allocation Failure)  472654K->154734K(1033216K), 0.0038943 secs]
42.898: Total time for which application threads were stopped: 0.0040245 seconds, Stopping threads took: 0.0000183 seconds
42.963: [GC (Allocation Failure)  473198K->162224K(1033216K), 0.0037957 secs]
42.967: Total time for which application threads were stopped: 0.0039275 seconds, Stopping threads took: 0.0000189 seconds
43.031: [GC (Allocation Failure)  480688K->162256K(1033216K), 0.0039017 secs]
43.035: Total time for which application threads were stopped: 0.0040465 seconds, Stopping threads took: 0.0000243 seconds
43.095: [GC (Allocation Failure)  480720K->162440K(1033216K), 0.0038862 secs]
43.099: Total time for which application threads were stopped: 0.0040230 seconds, Stopping threads took: 0.0000202 seconds
43.164: [GC (Allocation Failure)  480904K->170250K(1033216K), 0.0038649 secs]
43.168: Total time for which application threads were stopped: 0.0040158 seconds, Stopping threads took: 0.0000186 seconds
43.230: [GC (Allocation Failure)  488714K->164584K(1033728K), 0.0017987 secs]
43.232: Total time for which application threads were stopped: 0.0019297 seconds, Stopping threads took: 0.0000200 seconds
43.298: [GC (Allocation Failure)  483560K->170410K(1033216K), 0.0037533 secs]
43.301: Total time for which application threads were stopped: 0.0038859 seconds, Stopping threads took: 0.0000190 seconds
43.365: [GC (Allocation Failure)  489386K->174394K(1034240K), 0.0041072 secs]
43.369: Total time for which application threads were stopped: 0.0042413 seconds, Stopping threads took: 0.0000234 seconds
43.434: [GC (Allocation Failure)  494906K->180184K(1034240K), 0.0063213 secs]
43.440: Total time for which application threads were stopped: 0.0064561 seconds, Stopping threads took: 0.0000157 seconds
43.506: [GC (Allocation Failure)  500696K->174458K(1030144K), 0.0063651 secs]
43.512: Total time for which application threads were stopped: 0.0064968 seconds, Stopping threads took: 0.0000185 seconds
43.576: [GC (Allocation Failure)  490874K->174362K(1032192K), 0.0038911 secs]
43.580: Total time for which application threads were stopped: 0.0040191 seconds, Stopping threads took: 0.0000185 seconds
43.645: [GC (Allocation Failure)  490778K->170104K(1033216K), 0.0022761 secs]
43.648: Total time for which application threads were stopped: 0.0024523 seconds, Stopping threads took: 0.0000190 seconds
43.715: [GC (Allocation Failure)  488056K->174682K(1032704K), 0.0039536 secs]
43.719: Total time for which application threads were stopped: 0.0041215 seconds, Stopping threads took: 0.0000192 seconds
43.784: [GC (Allocation Failure)  492634K->174426K(1033728K), 0.0039961 secs]
43.788: Total time for which application threads were stopped: 0.0041646 seconds, Stopping threads took: 0.0000197 seconds
43.854: [GC (Allocation Failure)  493402K->177882K(1033216K), 0.0048284 secs]
43.859: Total time for which application threads were stopped: 0.0050234 seconds, Stopping threads took: 0.0000204 seconds
43.927: [GC (Allocation Failure)  496858K->182428K(1034240K), 0.0038239 secs]
43.931: Total time for which application threads were stopped: 0.0039619 seconds, Stopping threads took: 0.0000174 seconds
44.000: [GC (Allocation Failure)  502428K->182428K(1033728K), 0.0039823 secs]
44.004: Total time for which application threads were stopped: 0.0041451 seconds, Stopping threads took: 0.0000256 seconds
44.067: [GC (Allocation Failure)  502428K->185604K(1034240K), 0.0047132 secs]
44.072: Total time for which application threads were stopped: 0.0048639 seconds, Stopping threads took: 0.0000279 seconds
44.139: [GC (Allocation Failure)  506116K->190471K(1034240K), 0.0038279 secs]
44.143: Total time for which application threads were stopped: 0.0039643 seconds, Stopping threads took: 0.0000198 seconds
44.210: [GC (Allocation Failure)  510983K->190471K(1034752K), 0.0037558 secs]
44.214: Total time for which application threads were stopped: 0.0038918 seconds, Stopping threads took: 0.0000200 seconds
44.277: [GC (Allocation Failure)  511495K->192327K(1034240K), 0.0041810 secs]
44.281: Total time for which application threads were stopped: 0.0043273 seconds, Stopping threads took: 0.0000280 seconds
44.345: [GC (Allocation Failure)  513351K->198601K(1034752K), 0.0039063 secs]
44.349: Total time for which application threads were stopped: 0.0040576 seconds, Stopping threads took: 0.0000247 seconds
44.413: [GC (Allocation Failure)  520137K->198505K(1034752K), 0.0038998 secs]
44.417: Total time for which application threads were stopped: 0.0040386 seconds, Stopping threads took: 0.0000194 seconds
44.480: [GC (Allocation Failure)  520041K->201033K(1034752K), 0.0043279 secs]
44.485: Total time for which application threads were stopped: 0.0044680 seconds, Stopping threads took: 0.0000259 seconds
44.548: [GC (Allocation Failure)  522569K->206603K(1034752K), 0.0041811 secs]
44.553: Total time for which application threads were stopped: 0.0043184 seconds, Stopping threads took: 0.0000244 seconds
44.618: [GC (Allocation Failure)  528139K->206539K(1034752K), 0.0051392 secs]
44.623: Total time for which application threads were stopped: 0.0052928 seconds, Stopping threads took: 0.0000318 seconds
44.686: [GC (Allocation Failure)  528075K->210315K(1034752K), 0.0047403 secs]
44.690: Total time for which application threads were stopped: 0.0048901 seconds, Stopping threads took: 0.0000175 seconds
44.755: [GC (Allocation Failure)  531851K->214573K(1035264K), 0.0041120 secs]
44.759: Total time for which application threads were stopped: 0.0042563 seconds, Stopping threads took: 0.0000201 seconds
44.824: [GC (Allocation Failure)  537133K->214541K(1035264K), 0.0038753 secs]
44.828: Total time for which application threads were stopped: 0.0040602 seconds, Stopping threads took: 0.0000236 seconds
44.891: [GC (Allocation Failure)  537101K->217549K(1035264K), 0.0046310 secs]
44.896: Total time for which application threads were stopped: 0.0047999 seconds, Stopping threads took: 0.0000300 seconds
44.963: [GC (Allocation Failure)  540109K->222640K(1035264K), 0.0036193 secs]
44.966: Total time for which application threads were stopped: 0.0037630 seconds, Stopping threads took: 0.0000260 seconds
45.031: [GC (Allocation Failure)  545200K->222608K(1035264K), 0.0036772 secs]
45.034: Total time for which application threads were stopped: 0.0038312 seconds, Stopping threads took: 0.0000159 seconds
45.098: [GC (Allocation Failure)  545168K->225736K(1035264K), 0.0045504 secs]
45.103: Total time for which application threads were stopped: 0.0046866 seconds, Stopping threads took: 0.0000193 seconds
45.165: [GC (Allocation Failure)  548296K->230730K(1035264K), 0.0041040 secs]
45.169: Total time for which application threads were stopped: 0.0042404 seconds, Stopping threads took: 0.0000197 seconds
45.233: [GC (Allocation Failure)  553290K->230634K(1035264K), 0.0041800 secs]
45.238: Total time for which application threads were stopped: 0.0043169 seconds, Stopping threads took: 0.0000205 seconds
45.302: [GC (Allocation Failure)  553194K->225896K(1035264K), 0.0021706 secs]
45.304: Total time for which application threads were stopped: 0.0023183 seconds, Stopping threads took: 0.0000283 seconds
45.369: [GC (Allocation Failure)  548456K->230666K(1035264K), 0.0039252 secs]
45.373: Total time for which application threads were stopped: 0.0040887 seconds, Stopping threads took: 0.0000203 seconds
45.440: [GC (Allocation Failure)  553226K->230634K(1035264K), 0.0041635 secs]
45.444: Total time for which application threads were stopped: 0.0043282 seconds, Stopping threads took: 0.0000198 seconds
45.512: [GC (Allocation Failure)  553194K->230216K(1035264K), 0.0039558 secs]
45.516: Total time for which application threads were stopped: 0.0041113 seconds, Stopping threads took: 0.0000210 seconds
45.581: [GC (Allocation Failure)  552776K->230858K(1035776K), 0.0041722 secs]
45.585: Total time for which application threads were stopped: 0.0043152 seconds, Stopping threads took: 0.0000202 seconds
45.654: [GC (Allocation Failure)  554442K->230634K(1035776K), 0.0042063 secs]
45.658: Total time for which application threads were stopped: 0.0043778 seconds, Stopping threads took: 0.0000193 seconds
45.727: [GC (Allocation Failure)  554218K->236520K(1031680K), 0.0066642 secs]
45.734: Total time for which application threads were stopped: 0.0068347 seconds, Stopping threads took: 0.0000165 seconds
45.803: [GC (Allocation Failure)  556008K->231978K(1033728K), 0.0040792 secs]
45.807: Total time for which application threads were stopped: 0.0042735 seconds, Stopping threads took: 0.0000203 seconds
45.876: [GC (Allocation Failure)  551466K->231818K(1034752K), 0.0039717 secs]
45.881: Total time for which application threads were stopped: 0.0041516 seconds, Stopping threads took: 0.0000198 seconds
45.949: [GC (Allocation Failure)  552842K->234312K(1034240K), 0.0051994 secs]
45.955: Total time for which application threads were stopped: 0.0053716 seconds, Stopping threads took: 0.0000200 seconds
46.023: [GC (Allocation Failure)  555336K->231914K(1034752K), 0.0042266 secs]
46.027: Total time for which application threads were stopped: 0.0044068 seconds, Stopping threads took: 0.0000285 seconds
46.095: [GC (Allocation Failure)  552938K->231786K(1034240K), 0.0038985 secs]
46.099: Total time for which application threads were stopped: 0.0040665 seconds, Stopping threads took: 0.0000198 seconds
46.164: [GC (Allocation Failure)  552810K->234024K(1035264K), 0.0050181 secs]
46.170: Total time for which application threads were stopped: 0.0051842 seconds, Stopping threads took: 0.0000192 seconds
46.237: [GC (Allocation Failure)  556584K->231882K(1035264K), 0.0040674 secs]
46.242: Total time for which application threads were stopped: 0.0042501 seconds, Stopping threads took: 0.0000205 seconds
46.310: [GC (Allocation Failure)  554442K->231786K(1035776K), 0.0040805 secs]
46.314: Total time for which application threads were stopped: 0.0042631 seconds, Stopping threads took: 0.0000211 seconds
46.382: [GC (Allocation Failure)  555370K->239304K(1035776K), 0.0074582 secs]
46.389: Total time for which application threads were stopped: 0.0076251 seconds, Stopping threads took: 0.0000194 seconds
46.458: [GC (Allocation Failure)  562888K->234570K(1032704K), 0.0042687 secs]
46.462: Total time for which application threads were stopped: 0.0044444 seconds, Stopping threads took: 0.0000199 seconds
46.529: [GC (Allocation Failure)  555082K->234570K(1034240K), 0.0039797 secs]
46.534: Total time for which application threads were stopped: 0.0041463 seconds, Stopping threads took: 0.0000195 seconds
46.601: [GC (Allocation Failure)  555082K->226952K(1033216K), 0.0011401 secs]
46.602: Total time for which application threads were stopped: 0.0012730 seconds, Stopping threads took: 0.0000196 seconds
46.669: [GC (Allocation Failure)  546440K->234842K(1033728K), 0.0041415 secs]
46.674: Total time for which application threads were stopped: 0.0043017 seconds, Stopping threads took: 0.0000198 seconds
46.740: [GC (Allocation Failure)  554330K->238746K(1034752K), 0.0054571 secs]
46.746: Total time for which application threads were stopped: 0.0056344 seconds, Stopping threads took: 0.0000198 seconds
46.812: [GC (Allocation Failure)  559770K->244120K(1034240K), 0.0063665 secs]
46.819: Total time for which application threads were stopped: 0.0065320 seconds, Stopping threads took: 0.0000195 seconds
46.886: [GC (Allocation Failure)  565144K->238906K(1033216K), 0.0041564 secs]
46.891: Total time for which application threads were stopped: 0.0043310 seconds, Stopping threads took: 0.0000276 seconds
46.957: [GC (Allocation Failure)  558394K->238714K(1033728K), 0.0040941 secs]
46.961: Total time for which application threads were stopped: 0.0042663 seconds, Stopping threads took: 0.0000191 seconds
47.028: [GC (Allocation Failure)  558202K->240728K(1034240K), 0.0049139 secs]
47.033: Total time for which application threads were stopped: 0.0050960 seconds, Stopping threads took: 0.0000191 seconds
47.101: [GC (Allocation Failure)  561240K->238842K(1034240K), 0.0040850 secs]
47.105: Total time for which application threads were stopped: 0.0042505 seconds, Stopping threads took: 0.0000200 seconds
47.173: [GC (Allocation Failure)  559354K->238682K(1035264K), 0.0040373 secs]
47.177: Total time for which application threads were stopped: 0.0042107 seconds, Stopping threads took: 0.0000207 seconds
47.242: [GC (Allocation Failure)  560730K->240440K(1034752K), 0.0048195 secs]
47.247: Total time for which application threads were stopped: 0.0049933 seconds, Stopping threads took: 0.0000200 seconds
47.315: [GC (Allocation Failure)  562488K->238810K(1035776K), 0.0038103 secs]
47.319: Total time for which application threads were stopped: 0.0039614 seconds, Stopping threads took: 0.0000198 seconds
47.387: [GC (Allocation Failure)  561882K->238746K(1035264K), 0.0039831 secs]
47.391: Total time for which application threads were stopped: 0.0041775 seconds, Stopping threads took: 0.0000196 seconds
47.459: [GC (Allocation Failure)  561818K->245192K(1032704K), 0.0072340 secs]
47.466: Total time for which application threads were stopped: 0.0073777 seconds, Stopping threads took: 0.0000163 seconds
47.533: [GC (Allocation Failure)  565704K->240458K(1034240K), 0.0044129 secs]
47.538: Total time for which application threads were stopped: 0.0045811 seconds, Stopping threads took: 0.0000200 seconds
47.605: [GC (Allocation Failure)  560970K->240490K(1034752K), 0.0075212 secs]
47.613: Total time for which application threads were stopped: 0.0077089 seconds, Stopping threads took: 0.0000198 seconds
47.680: [GC (Allocation Failure)  561514K->245608K(1033728K), 0.0064033 secs]
47.686: Total time for which application threads were stopped: 0.0065732 seconds, Stopping threads took: 0.0000198 seconds
47.753: [GC (Allocation Failure)  566632K->240682K(1033728K), 0.0041623 secs]
47.758: Total time for which application threads were stopped: 0.0043305 seconds, Stopping threads took: 0.0000196 seconds
47.826: [GC (Allocation Failure)  560170K->240490K(1033728K), 0.0041864 secs]
47.831: Total time for which application threads were stopped: 0.0043575 seconds, Stopping threads took: 0.0000204 seconds
47.897: [GC (Allocation Failure)  559978K->242248K(1034752K), 0.0047786 secs]
47.902: Total time for which application threads were stopped: 0.0049412 seconds, Stopping threads took: 0.0000202 seconds
47.970: [GC (Allocation Failure)  563272K->240586K(1034240K), 0.0038621 secs]
47.973: Total time for which application threads were stopped: 0.0040382 seconds, Stopping threads took: 0.0000205 seconds
48.043: [GC (Allocation Failure)  561610K->240490K(1035264K), 0.0040725 secs]
48.047: Total time for which application threads were stopped: 0.0042555 seconds, Stopping threads took: 0.0000175 seconds
48.115: [GC (Allocation Failure)  562538K->242984K(1034752K), 0.0051228 secs]
48.120: Total time for which application threads were stopped: 0.0053196 seconds, Stopping threads took: 0.0000256 seconds
48.190: [GC (Allocation Failure)  565032K->240554K(1035264K), 0.0040533 secs]
48.194: Total time for which application threads were stopped: 0.0042051 seconds, Stopping threads took: 0.0000192 seconds
48.262: [GC (Allocation Failure)  562602K->240490K(1034752K), 0.0040805 secs]
48.266: Total time for which application threads were stopped: 0.0042488 seconds, Stopping threads took: 0.0000195 seconds
48.335: [GC (Allocation Failure)  562538K->245712K(1033216K), 0.0080140 secs]
48.343: Total time for which application threads were stopped: 0.0081656 seconds, Stopping threads took: 0.0000190 seconds
48.410: [GC (Allocation Failure)  566224K->240506K(1034240K), 0.0040932 secs]
48.415: Total time for which application threads were stopped: 0.0042578 seconds, Stopping threads took: 0.0000202 seconds
48.483: [GC (Allocation Failure)  561018K->240474K(1034752K), 0.0039817 secs]
48.487: Total time for which application threads were stopped: 0.0041548 seconds, Stopping threads took: 0.0000254 seconds
48.554: [GC (Allocation Failure)  561498K->244408K(1034240K), 0.0055338 secs]
48.559: Total time for which application threads were stopped: 0.0057022 seconds, Stopping threads took: 0.0000262 seconds
48.629: [GC (Allocation Failure)  565432K->240698K(1034240K), 0.0064234 secs]
48.635: Total time for which application threads were stopped: 0.0066127 seconds, Stopping threads took: 0.0000254 seconds
48.703: [GC (Allocation Failure)  561210K->240442K(1034240K), 0.0041990 secs]
48.707: Total time for which application threads were stopped: 0.0043593 seconds, Stopping threads took: 0.0000195 seconds
48.774: [GC (Allocation Failure)  560954K->243064K(1034752K), 0.0051777 secs]
48.779: Total time for which application threads were stopped: 0.0053388 seconds, Stopping threads took: 0.0000194 seconds
48.847: [GC (Allocation Failure)  564600K->240666K(1034752K), 0.0040572 secs]
48.851: Total time for which application threads were stopped: 0.0042288 seconds, Stopping threads took: 0.0000192 seconds
48.918: [GC (Allocation Failure)  562202K->240506K(1035264K), 0.0040142 secs]
48.922: Total time for which application threads were stopped: 0.0042456 seconds, Stopping threads took: 0.0000255 seconds
48.991: [GC (Allocation Failure)  562554K->244824K(1034240K), 0.0058170 secs]
48.997: Total time for which application threads were stopped: 0.0060241 seconds, Stopping threads took: 0.0000275 seconds
49.066: [GC (Allocation Failure)  566872K->240602K(1034240K), 0.0040479 secs]
49.071: Total time for which application threads were stopped: 0.0042253 seconds, Stopping threads took: 0.0000205 seconds
49.139: [GC (Allocation Failure)  561114K->240506K(1034240K), 0.0040070 secs]
49.143: Total time for which application threads were stopped: 0.0041818 seconds, Stopping threads took: 0.0000213 seconds
49.211: [GC (Allocation Failure)  561018K->244504K(1033728K), 0.0056103 secs]
49.217: Total time for which application threads were stopped: 0.0057701 seconds, Stopping threads took: 0.0000201 seconds
49.284: [GC (Allocation Failure)  565016K->240538K(1034240K), 0.0039404 secs]
49.288: Total time for which application threads were stopped: 0.0041019 seconds, Stopping threads took: 0.0000200 seconds
49.356: [GC (Allocation Failure)  561050K->240474K(1034752K), 0.0041311 secs]
49.360: Total time for which application threads were stopped: 0.0042958 seconds, Stopping threads took: 0.0000275 seconds
49.426: [GC (Allocation Failure)  561498K->243192K(1034240K), 0.0052153 secs]
49.432: Total time for which application threads were stopped: 0.0054078 seconds, Stopping threads took: 0.0000189 seconds
49.500: [GC (Allocation Failure)  564216K->240506K(1034752K), 0.0041100 secs]
49.504: Total time for which application threads were stopped: 0.0042620 seconds, Stopping threads took: 0.0000163 seconds
49.571: [GC (Allocation Failure)  561530K->240442K(1034240K), 0.0057875 secs]
49.577: Total time for which application threads were stopped: 0.0059685 seconds, Stopping threads took: 0.0000279 seconds
49.646: [GC (Allocation Failure)  561466K->242872K(1034752K), 0.0050761 secs]
49.651: Total time for which application threads were stopped: 0.0052949 seconds, Stopping threads took: 0.0000220 seconds
49.721: [GC (Allocation Failure)  564408K->240730K(1034752K), 0.0040389 secs]
49.725: Total time for which application threads were stopped: 0.0041894 seconds, Stopping threads took: 0.0000166 seconds
49.792: [GC (Allocation Failure)  562266K->240474K(1035264K), 0.0042312 secs]
49.796: Total time for which application threads were stopped: 0.0044236 seconds, Stopping threads took: 0.0000196 seconds
49.866: [GC (Allocation Failure)  563034K->245144K(1034752K), 0.0061042 secs]
49.872: Total time for which application threads were stopped: 0.0062623 seconds, Stopping threads took: 0.0000186 seconds
49.940: [GC (Allocation Failure)  567704K->240666K(1034752K), 0.0041620 secs]
49.944: Total time for which application threads were stopped: 0.0043237 seconds, Stopping threads took: 0.0000191 seconds
50.013: [GC (Allocation Failure)  562202K->240474K(1034752K), 0.0039816 secs]
50.017: Total time for which application threads were stopped: 0.0041471 seconds, Stopping threads took: 0.0000263 seconds
50.084: [GC (Allocation Failure)  562010K->247328K(1031680K), 0.0072792 secs]
50.091: Total time for which application threads were stopped: 0.0074915 seconds, Stopping threads took: 0.0000270 seconds
50.159: [GC (Allocation Failure)  565792K->241698K(1033216K), 0.0041526 secs]
50.163: Total time for which application threads were stopped: 0.0043480 seconds, Stopping threads took: 0.0000192 seconds
50.231: [GC (Allocation Failure)  560162K->241570K(1033728K), 0.0042307 secs]
50.235: Total time for which application threads were stopped: 0.0043985 seconds, Stopping threads took: 0.0000200 seconds
50.301: [GC (Allocation Failure)  560546K->240960K(1033216K), 0.0064285 secs]
50.308: Total time for which application threads were stopped: 0.0065816 seconds, Stopping threads took: 0.0000198 seconds
50.376: [GC (Allocation Failure)  559936K->241634K(1034240K), 0.0041387 secs]
50.380: Total time for which application threads were stopped: 0.0042848 seconds, Stopping threads took: 0.0000197 seconds
50.447: [GC (Allocation Failure)  561634K->241570K(1033728K), 0.0041253 secs]
50.452: Total time for which application threads were stopped: 0.0042923 seconds, Stopping threads took: 0.0000196 seconds
50.518: [GC (Allocation Failure)  561570K->236544K(1032704K), 0.0020866 secs]
50.520: Total time for which application threads were stopped: 0.0022358 seconds, Stopping threads took: 0.0000258 seconds
50.589: [GC (Allocation Failure)  556032K->241602K(1033728K), 0.0039609 secs]
50.593: Total time for which application threads were stopped: 0.0041239 seconds, Stopping threads took: 0.0000255 seconds
50.664: [GC (Allocation Failure)  561090K->241602K(1034752K), 0.0042470 secs]
50.668: Total time for which application threads were stopped: 0.0044365 seconds, Stopping threads took: 0.0000197 seconds
50.736: [GC (Allocation Failure)  563138K->233728K(1021440K), 0.0010639 secs]
50.737: Total time for which application threads were stopped: 0.0011961 seconds, Stopping threads took: 0.0000188 seconds
50.803: [GC (Allocation Failure)  555264K->241794K(1034752K), 0.0042155 secs]
50.807: Total time for which application threads were stopped: 0.0043968 seconds, Stopping threads took: 0.0000216 seconds
50.876: [GC (Allocation Failure)  562818K->241570K(1034240K), 0.0040342 secs]
50.880: Total time for which application threads were stopped: 0.0041963 seconds, Stopping threads took: 0.0000198 seconds
50.948: [GC (Allocation Failure)  562594K->233856K(1033728K), 0.0011712 secs]
50.949: Total time for which application threads were stopped: 0.0012963 seconds, Stopping threads took: 0.0000259 seconds
51.018: [GC (Allocation Failure)  554368K->241730K(1034240K), 0.0046778 secs]
51.023: Total time for which application threads were stopped: 0.0048511 seconds, Stopping threads took: 0.0000193 seconds
51.091: [GC (Allocation Failure)  562242K->241570K(1034752K), 0.0039902 secs]
51.095: Total time for which application threads were stopped: 0.0041815 seconds, Stopping threads took: 0.0000190 seconds
51.162: [GC (Allocation Failure)  563106K->245226K(1034752K), 0.0049868 secs]
51.167: Total time for which application threads were stopped: 0.0051694 seconds, Stopping threads took: 0.0000195 seconds
51.234: [GC (Allocation Failure)  566762K->249708K(1035264K), 0.0042124 secs]
51.239: Total time for which application threads were stopped: 0.0043833 seconds, Stopping threads took: 0.0000216 seconds
51.307: [GC (Allocation Failure)  571756K->249644K(1034752K), 0.0039922 secs]
51.312: Total time for which application threads were stopped: 0.0041975 seconds, Stopping threads took: 0.0000204 seconds
51.379: [GC (Allocation Failure)  571692K->243338K(1034240K), 0.0017270 secs]
51.381: Total time for which application threads were stopped: 0.0018743 seconds, Stopping threads took: 0.0000206 seconds
51.451: [GC (Allocation Failure)  564874K->249644K(1034752K), 0.0040549 secs]
51.455: Total time for which application threads were stopped: 0.0042140 seconds, Stopping threads took: 0.0000194 seconds
51.522: [GC (Allocation Failure)  571180K->249612K(1035264K), 0.0039536 secs]
51.526: Total time for which application threads were stopped: 0.0041231 seconds, Stopping threads took: 0.0000261 seconds
51.593: [GC (Allocation Failure)  572172K->245610K(1035264K), 0.0025284 secs]
51.596: Total time for which application threads were stopped: 0.0027158 seconds, Stopping threads took: 0.0000191 seconds
51.667: [GC (Allocation Failure)  568170K->249868K(1035264K), 0.0043255 secs]
51.671: Total time for which application threads were stopped: 0.0044764 seconds, Stopping threads took: 0.0000174 seconds
51.741: [GC (Allocation Failure)  572428K->249644K(1035264K), 0.0042243 secs]
51.745: Total time for which application threads were stopped: 0.0043912 seconds, Stopping threads took: 0.0000195 seconds
51.811: [GC (Allocation Failure)  572204K->249930K(1035264K), 0.0044404 secs]
51.816: Total time for which application threads were stopped: 0.0046205 seconds, Stopping threads took: 0.0000199 seconds
51.884: [GC (Allocation Failure)  572490K->249804K(1035264K), 0.0043137 secs]
51.889: Total time for which application threads were stopped: 0.0044762 seconds, Stopping threads took: 0.0000200 seconds
51.958: [GC (Allocation Failure)  572364K->249644K(1035776K), 0.0041657 secs]
51.962: Total time for which application threads were stopped: 0.0043586 seconds, Stopping threads took: 0.0000202 seconds
52.030: [GC (Allocation Failure)  573228K->255210K(1035776K), 0.0063763 secs]
52.037: Total time for which application threads were stopped: 0.0065673 seconds, Stopping threads took: 0.0000164 seconds
52.107: [GC (Allocation Failure)  578794K->250636K(1032704K), 0.0041904 secs]
52.111: Total time for which application threads were stopped: 0.0043642 seconds, Stopping threads took: 0.0000199 seconds
52.179: [GC (Allocation Failure)  571148K->250476K(1034240K), 0.0043733 secs]
52.183: Total time for which application threads were stopped: 0.0045461 seconds, Stopping threads took: 0.0000206 seconds
52.253: [GC (Allocation Failure)  570988K->257290K(1031168K), 0.0072389 secs]
52.260: Total time for which application threads were stopped: 0.0074065 seconds, Stopping threads took: 0.0000189 seconds
52.329: [GC (Allocation Failure)  575754K->252140K(1033216K), 0.0043048 secs]
52.333: Total time for which application threads were stopped: 0.0044959 seconds, Stopping threads took: 0.0000197 seconds
52.402: [GC (Allocation Failure)  570604K->252076K(1034240K), 0.0041727 secs]
52.406: Total time for which application threads were stopped: 0.0043231 seconds, Stopping threads took: 0.0000172 seconds
52.471: [GC (Allocation Failure)  572076K->252394K(1033728K), 0.0043875 secs]
52.475: Total time for which application threads were stopped: 0.0045545 seconds, Stopping threads took: 0.0000256 seconds
52.543: [GC (Allocation Failure)  572394K->252076K(1035264K), 0.0039583 secs]
52.547: Total time for which application threads were stopped: 0.0041120 seconds, Stopping threads took: 0.0000197 seconds
52.617: [GC (Allocation Failure)  574124K->252012K(1034752K), 0.0052614 secs]
52.623: Total time for which application threads were stopped: 0.0054780 seconds, Stopping threads took: 0.0000603 seconds
52.691: [GC (Allocation Failure)  574060K->253162K(1035776K), 0.0044767 secs]
52.696: Total time for which application threads were stopped: 0.0046597 seconds, Stopping threads took: 0.0000193 seconds
52.764: [GC (Allocation Failure)  576234K->252300K(1035264K), 0.0041528 secs]
52.768: Total time for which application threads were stopped: 0.0043129 seconds, Stopping threads took: 0.0000196 seconds
52.834: [GC (Allocation Failure)  575372K->252012K(1036288K), 0.0042556 secs]
52.839: Total time for which application threads were stopped: 0.0044247 seconds, Stopping threads took: 0.0000199 seconds
52.905: [GC (Allocation Failure)  576620K->244074K(1024512K), 0.0009517 secs]
52.906: Total time for which application threads were stopped: 0.0010755 seconds, Stopping threads took: 0.0000258 seconds
52.978: [GC (Allocation Failure)  568682K->252252K(1035776K), 0.0039296 secs]
52.982: Total time for which application threads were stopped: 0.0040881 seconds, Stopping threads took: 0.0000247 seconds
53.050: [GC (Allocation Failure)  575324K->256188K(1035264K), 0.0056148 secs]
53.056: Total time for which application threads were stopped: 0.0058148 seconds, Stopping threads took: 0.0000283 seconds
53.121: [GC (Allocation Failure)  579260K->252282K(1035776K), 0.0031197 secs]
53.124: Total time for which application threads were stopped: 0.0032920 seconds, Stopping threads took: 0.0000277 seconds
53.195: [GC (Allocation Failure)  575866K->256348K(1035776K), 0.0041060 secs]
53.199: Total time for which application threads were stopped: 0.0042760 seconds, Stopping threads took: 0.0000198 seconds
53.268: [GC (Allocation Failure)  579932K->260348K(1035776K), 0.0043399 secs]
53.272: Total time for which application threads were stopped: 0.0045126 seconds, Stopping threads took: 0.0000202 seconds
53.340: [GC (Allocation Failure)  583932K->260348K(1035776K), 0.0042726 secs]
53.344: Total time for which application threads were stopped: 0.0044632 seconds, Stopping threads took: 0.0000215 seconds
53.410: [GC (Allocation Failure)  583932K->260388K(1034240K), 0.0044422 secs]
53.415: Total time for which application threads were stopped: 0.0046144 seconds, Stopping threads took: 0.0000197 seconds
53.483: [GC (Allocation Failure)  582948K->268390K(1035264K), 0.0041580 secs]
53.487: Total time for which application threads were stopped: 0.0043555 seconds, Stopping threads took: 0.0000261 seconds
53.555: [GC (Allocation Failure)  590950K->268358K(1035776K), 0.0040538 secs]
53.559: Total time for which application threads were stopped: 0.0042070 seconds, Stopping threads took: 0.0000195 seconds
53.625: [GC (Allocation Failure)  591430K->268862K(1035264K), 0.0074456 secs]
53.633: Total time for which application threads were stopped: 0.0076140 seconds, Stopping threads took: 0.0000274 seconds
53.701: [GC (Allocation Failure)  591934K->276385K(1035264K), 0.0043190 secs]
53.705: Total time for which application threads were stopped: 0.0045108 seconds, Stopping threads took: 0.0000196 seconds
53.776: [GC (Allocation Failure)  598945K->276385K(1035264K), 0.0041941 secs]
53.780: Total time for which application threads were stopped: 0.0043690 seconds, Stopping threads took: 0.0000196 seconds
53.849: [GC (Allocation Failure)  598945K->276617K(1034240K), 0.0041993 secs]
53.853: Total time for which application threads were stopped: 0.0043668 seconds, Stopping threads took: 0.0000193 seconds
53.921: [GC (Allocation Failure)  598153K->284459K(1034752K), 0.0040439 secs]
53.925: Total time for which application threads were stopped: 0.0042021 seconds, Stopping threads took: 0.0000196 seconds
53.997: [GC (Allocation Failure)  605995K->284427K(1034752K), 0.0042561 secs]
54.001: Total time for which application threads were stopped: 0.0044300 seconds, Stopping threads took: 0.0000258 seconds
54.066: [GC (Allocation Failure)  605963K->284843K(1021440K), 0.0042668 secs]
54.071: Total time for which application threads were stopped: 0.0044122 seconds, Stopping threads took: 0.0000201 seconds
54.137: [GC (Allocation Failure)  606379K->292461K(1034240K), 0.0039645 secs]
54.141: Total time for which application threads were stopped: 0.0041101 seconds, Stopping threads took: 0.0000205 seconds
54.206: [GC (Allocation Failure)  612973K->292461K(1034240K), 0.0042026 secs]
54.210: Total time for which application threads were stopped: 0.0043477 seconds, Stopping threads took: 0.0000204 seconds
54.275: [GC (Allocation Failure)  612973K->292613K(1034240K), 0.0042868 secs]
54.280: Total time for which application threads were stopped: 0.0044420 seconds, Stopping threads took: 0.0000196 seconds
54.344: [GC (Allocation Failure)  613125K->300520K(1034240K), 0.0042254 secs]
54.349: Total time for which application threads were stopped: 0.0043774 seconds, Stopping threads took: 0.0000215 seconds
54.413: [GC (Allocation Failure)  621032K->300520K(1034240K), 0.0039762 secs]
54.417: Total time for which application threads were stopped: 0.0041275 seconds, Stopping threads took: 0.0000281 seconds
54.479: [GC (Allocation Failure)  621032K->300552K(1020416K), 0.0040451 secs]
54.483: Total time for which application threads were stopped: 0.0041925 seconds, Stopping threads took: 0.0000261 seconds
54.549: [GC (Allocation Failure)  621064K->308522K(1033728K), 0.0040158 secs]
54.553: Total time for which application threads were stopped: 0.0041514 seconds, Stopping threads took: 0.0000199 seconds
54.616: [GC (Allocation Failure)  628010K->308490K(1033728K), 0.0049273 secs]
54.621: Total time for which application threads were stopped: 0.0050804 seconds, Stopping threads took: 0.0000169 seconds
54.686: [GC (Allocation Failure)  627978K->308586K(1033728K), 0.0043116 secs]
54.690: Total time for which application threads were stopped: 0.0044820 seconds, Stopping threads took: 0.0000199 seconds
54.757: [GC (Allocation Failure)  628074K->316556K(1033728K), 0.0042891 secs]
54.761: Total time for which application threads were stopped: 0.0044547 seconds, Stopping threads took: 0.0000219 seconds
54.828: [GC (Allocation Failure)  636044K->316556K(1033728K), 0.0043607 secs]
54.833: Total time for which application threads were stopped: 0.0045258 seconds, Stopping threads took: 0.0000194 seconds
54.899: [GC (Allocation Failure)  636044K->316780K(1033728K), 0.0042800 secs]
54.903: Total time for which application threads were stopped: 0.0044452 seconds, Stopping threads took: 0.0000197 seconds
54.972: [GC (Allocation Failure)  636268K->324622K(1033728K), 0.0041933 secs]
54.976: Total time for which application threads were stopped: 0.0043508 seconds, Stopping threads took: 0.0000199 seconds
55.041: [GC (Allocation Failure)  644110K->324590K(1033728K), 0.0043567 secs]
55.046: Total time for which application threads were stopped: 0.0045367 seconds, Stopping threads took: 0.0000263 seconds
55.112: [GC (Allocation Failure)  644078K->324742K(1032704K), 0.0044021 secs]
55.117: Total time for which application threads were stopped: 0.0045637 seconds, Stopping threads took: 0.0000201 seconds
55.184: [GC (Allocation Failure)  643206K->332617K(1033216K), 0.0044630 secs]
55.188: Total time for which application threads were stopped: 0.0046524 seconds, Stopping threads took: 0.0000194 seconds
55.256: [GC (Allocation Failure)  651081K->327654K(1033728K), 0.0026342 secs]
55.259: Total time for which application threads were stopped: 0.0027753 seconds, Stopping threads took: 0.0000172 seconds
55.328: [GC (Allocation Failure)  646630K->332745K(1033216K), 0.0043339 secs]
55.332: Total time for which application threads were stopped: 0.0044998 seconds, Stopping threads took: 0.0000206 seconds
55.401: [GC (Allocation Failure)  651721K->336801K(1034752K), 0.0041576 secs]
55.406: Total time for which application threads were stopped: 0.0043125 seconds, Stopping threads took: 0.0000200 seconds
55.473: [GC (Allocation Failure)  658337K->344262K(1034752K), 0.0074624 secs]
55.480: Total time for which application threads were stopped: 0.0076241 seconds, Stopping threads took: 0.0000263 seconds
55.549: [GC (Allocation Failure)  665798K->338537K(1029632K), 0.0045293 secs]
55.553: Total time for which application threads were stopped: 0.0046957 seconds, Stopping threads took: 0.0000284 seconds
55.622: [GC (Allocation Failure)  654953K->338505K(1032192K), 0.0063346 secs]
55.628: Total time for which application threads were stopped: 0.0065455 seconds, Stopping threads took: 0.0000265 seconds
55.693: [GC (Allocation Failure)  654921K->337030K(1033216K), 0.0040636 secs]
55.697: Total time for which application threads were stopped: 0.0042264 seconds, Stopping threads took: 0.0000190 seconds
55.762: [GC (Allocation Failure)  654982K->338729K(1032704K), 0.0043226 secs]
55.766: Total time for which application threads were stopped: 0.0044963 seconds, Stopping threads took: 0.0000195 seconds
55.832: [GC (Allocation Failure)  656681K->338505K(1034240K), 0.0045689 secs]
55.837: Total time for which application threads were stopped: 0.0047363 seconds, Stopping threads took: 0.0000196 seconds
55.904: [GC (Allocation Failure)  658505K->341705K(1033728K), 0.0048631 secs]
55.909: Total time for which application threads were stopped: 0.0050720 seconds, Stopping threads took: 0.0000245 seconds
55.975: [GC (Allocation Failure)  661705K->346667K(1034240K), 0.0042913 secs]
55.980: Total time for which application threads were stopped: 0.0044482 seconds, Stopping threads took: 0.0000162 seconds
56.047: [GC (Allocation Failure)  667179K->346571K(1034240K), 0.0045378 secs]
56.051: Total time for which application threads were stopped: 0.0046999 seconds, Stopping threads took: 0.0000208 seconds
56.118: [GC (Allocation Failure)  667083K->347339K(1033728K), 0.0042444 secs]
56.123: Total time for which application threads were stopped: 0.0044279 seconds, Stopping threads took: 0.0000203 seconds
56.190: [GC (Allocation Failure)  667851K->354701K(1034240K), 0.0054505 secs]
56.195: Total time for which application threads were stopped: 0.0056339 seconds, Stopping threads took: 0.0000169 seconds
56.265: [GC (Allocation Failure)  675213K->354573K(1034240K), 0.0042170 secs]
56.269: Total time for which application threads were stopped: 0.0043924 seconds, Stopping threads took: 0.0000205 seconds
56.336: [GC (Allocation Failure)  675085K->357645K(1034240K), 0.0050272 secs]
56.342: Total time for which application threads were stopped: 0.0051994 seconds, Stopping threads took: 0.0000204 seconds
56.409: [GC (Allocation Failure)  678157K->362639K(1034752K), 0.0043292 secs]
56.414: Total time for which application threads were stopped: 0.0044942 seconds, Stopping threads took: 0.0000205 seconds
56.482: [GC (Allocation Failure)  684175K->362575K(1034752K), 0.0042267 secs]
56.486: Total time for which application threads were stopped: 0.0043885 seconds, Stopping threads took: 0.0000270 seconds
56.552: [GC (Allocation Failure)  684111K->365863K(1034752K), 0.0049722 secs]
56.557: Total time for which application threads were stopped: 0.0051285 seconds, Stopping threads took: 0.0000276 seconds
56.626: [GC (Allocation Failure)  687399K->370666K(1034752K), 0.0054095 secs]
56.632: Total time for which application threads were stopped: 0.0055619 seconds, Stopping threads took: 0.0000260 seconds
56.700: [GC (Allocation Failure)  692202K->370634K(1035264K), 0.0045400 secs]
56.705: Total time for which application threads were stopped: 0.0047206 seconds, Stopping threads took: 0.0000217 seconds
56.771: [GC (Allocation Failure)  692682K->371530K(1034752K), 0.0045765 secs]
56.776: Total time for which application threads were stopped: 0.0047475 seconds, Stopping threads took: 0.0000196 seconds
56.843: [GC (Allocation Failure)  693578K->378860K(1034752K), 0.0044552 secs]
56.848: Total time for which application threads were stopped: 0.0046269 seconds, Stopping threads took: 0.0000205 seconds
56.915: [GC (Allocation Failure)  700396K->378700K(1034752K), 0.0043219 secs]
56.920: Total time for which application threads were stopped: 0.0044940 seconds, Stopping threads took: 0.0000204 seconds
56.988: [GC (Allocation Failure)  700236K->381324K(1034752K), 0.0047301 secs]
56.993: Total time for which application threads were stopped: 0.0048937 seconds, Stopping threads took: 0.0000250 seconds
57.061: [GC (Allocation Failure)  702860K->386830K(1034752K), 0.0042995 secs]
57.066: Total time for which application threads were stopped: 0.0044706 seconds, Stopping threads took: 0.0000199 seconds
57.132: [GC (Allocation Failure)  708366K->386702K(1034752K), 0.0045412 secs]
57.137: Total time for which application threads were stopped: 0.0047035 seconds, Stopping threads took: 0.0000202 seconds
57.203: [GC (Allocation Failure)  708238K->390566K(1034752K), 0.0080917 secs]
57.211: Total time for which application threads were stopped: 0.0082812 seconds, Stopping threads took: 0.0000285 seconds
57.277: [GC (Allocation Failure)  712102K->394792K(1035264K), 0.0044819 secs]
57.282: Total time for which application threads were stopped: 0.0046507 seconds, Stopping threads took: 0.0000200 seconds
57.350: [GC (Allocation Failure)  717352K->394728K(1035264K), 0.0046254 secs]
57.355: Total time for which application threads were stopped: 0.0047949 seconds, Stopping threads took: 0.0000197 seconds
57.422: [GC (Allocation Failure)  717288K->389734K(1035264K), 0.0064988 secs]
57.428: Total time for which application threads were stopped: 0.0066649 seconds, Stopping threads took: 0.0000199 seconds
57.498: [GC (Allocation Failure)  712294K->394760K(1035264K), 0.0058612 secs]
57.504: Total time for which application threads were stopped: 0.0060300 seconds, Stopping threads took: 0.0000263 seconds
57.570: [GC (Allocation Failure)  717320K->394728K(1035264K), 0.0045258 secs]
57.575: Total time for which application threads were stopped: 0.0046982 seconds, Stopping threads took: 0.0000191 seconds
57.643: [GC (Allocation Failure)  717288K->394022K(1035264K), 0.0042344 secs]
57.648: Total time for which application threads were stopped: 0.0044303 seconds, Stopping threads took: 0.0000280 seconds
57.713: [GC (Allocation Failure)  716582K->394952K(1035776K), 0.0045086 secs]
57.718: Total time for which application threads were stopped: 0.0046999 seconds, Stopping threads took: 0.0000199 seconds
57.787: [GC (Allocation Failure)  718536K->394760K(1035776K), 0.0041979 secs]
57.791: Total time for which application threads were stopped: 0.0043817 seconds, Stopping threads took: 0.0000167 seconds
57.860: [GC (Allocation Failure)  718344K->400334K(1031680K), 0.0069163 secs]
57.867: Total time for which application threads were stopped: 0.0070563 seconds, Stopping threads took: 0.0000165 seconds
57.935: [GC (Allocation Failure)  719822K->395792K(1033728K), 0.0045827 secs]
57.939: Total time for which application threads were stopped: 0.0047538 seconds, Stopping threads took: 0.0000201 seconds
58.009: [GC (Allocation Failure)  715280K->395632K(1034752K), 0.0042258 secs]
58.013: Total time for which application threads were stopped: 0.0044146 seconds, Stopping threads took: 0.0000259 seconds
58.083: [GC (Allocation Failure)  716656K->397902K(1034240K), 0.0054754 secs]
58.088: Total time for which application threads were stopped: 0.0056460 seconds, Stopping threads took: 0.0000200 seconds
58.156: [GC (Allocation Failure)  718926K->395728K(1034752K), 0.0043134 secs]
58.161: Total time for which application threads were stopped: 0.0044755 seconds, Stopping threads took: 0.0000202 seconds
58.230: [GC (Allocation Failure)  716752K->395600K(1034240K), 0.0043092 secs]
58.235: Total time for which application threads were stopped: 0.0044657 seconds, Stopping threads took: 0.0000255 seconds
58.301: [GC (Allocation Failure)  716624K->397550K(1035264K), 0.0053744 secs]
58.306: Total time for which application threads were stopped: 0.0055247 seconds, Stopping threads took: 0.0000193 seconds
58.373: [GC (Allocation Failure)  720110K->395696K(1035264K), 0.0043414 secs]
58.377: Total time for which application threads were stopped: 0.0044999 seconds, Stopping threads took: 0.0000193 seconds
58.444: [GC (Allocation Failure)  718256K->395632K(1036288K), 0.0043488 secs]
58.449: Total time for which application threads were stopped: 0.0045005 seconds, Stopping threads took: 0.0000203 seconds
58.514: [GC (Allocation Failure)  719728K->403366K(1035776K), 0.0079424 secs]
58.522: Total time for which application threads were stopped: 0.0081096 seconds, Stopping threads took: 0.0000198 seconds
58.591: [GC (Allocation Failure)  727462K->399144K(1032704K), 0.0044122 secs]
58.595: Total time for which application threads were stopped: 0.0045505 seconds, Stopping threads took: 0.0000168 seconds
58.663: [GC (Allocation Failure)  719656K->399144K(1034240K), 0.0045792 secs]
58.668: Total time for which application threads were stopped: 0.0047429 seconds, Stopping threads took: 0.0000200 seconds
58.735: [GC (Allocation Failure)  719656K->392294K(1033216K), 0.0017799 secs]
58.737: Total time for which application threads were stopped: 0.0019422 seconds, Stopping threads took: 0.0000214 seconds
58.806: [GC (Allocation Failure)  711782K->399384K(1033728K), 0.0043245 secs]
58.811: Total time for which application threads were stopped: 0.0045056 seconds, Stopping threads took: 0.0000218 seconds
58.879: [GC (Allocation Failure)  718872K->403296K(1034752K), 0.0053449 secs]
58.885: Total time for which application threads were stopped: 0.0055166 seconds, Stopping threads took: 0.0000212 seconds
58.952: [GC (Allocation Failure)  724320K->409390K(1034240K), 0.0070409 secs]
58.959: Total time for which application threads were stopped: 0.0072128 seconds, Stopping threads took: 0.0000200 seconds
59.029: [GC (Allocation Failure)  730414K->403696K(1033216K), 0.0044661 secs]
59.033: Total time for which application threads were stopped: 0.0046347 seconds, Stopping threads took: 0.0000201 seconds
59.101: [GC (Allocation Failure)  723184K->403664K(1033728K), 0.0045302 secs]
59.106: Total time for which application threads were stopped: 0.0046984 seconds, Stopping threads took: 0.0000193 seconds
59.171: [GC (Allocation Failure)  723152K->406318K(1033216K), 0.0054753 secs]
59.176: Total time for which application threads were stopped: 0.0056334 seconds, Stopping threads took: 0.0000201 seconds
59.246: [GC (Allocation Failure)  725806K->403632K(1033728K), 0.0041977 secs]
59.250: Total time for which application threads were stopped: 0.0043424 seconds, Stopping threads took: 0.0000166 seconds
59.318: [GC (Allocation Failure)  723120K->403632K(1034752K), 0.0042050 secs]
59.323: Total time for which application threads were stopped: 0.0043608 seconds, Stopping threads took: 0.0000167 seconds
59.388: [GC (Allocation Failure)  724656K->402958K(1034240K), 0.0041913 secs]
59.393: Total time for which application threads were stopped: 0.0043612 seconds, Stopping threads took: 0.0000194 seconds
59.460: [GC (Allocation Failure)  723982K->403856K(1035776K), 0.0043191 secs]
59.465: Total time for which application threads were stopped: 0.0044731 seconds, Stopping threads took: 0.0000285 seconds
59.532: [GC (Allocation Failure)  726928K->403664K(1035264K), 0.0045765 secs]
59.537: Total time for which application threads were stopped: 0.0047402 seconds, Stopping threads took: 0.0000198 seconds
59.602: [GC (Allocation Failure)  726736K->406734K(1034752K), 0.0109150 secs]
59.613: Total time for which application threads were stopped: 0.0111183 seconds, Stopping threads took: 0.0000254 seconds
59.681: [GC (Allocation Failure)  729294K->403792K(1035264K), 0.0043970 secs]
59.686: Total time for which application threads were stopped: 0.0045639 seconds, Stopping threads took: 0.0000170 seconds
59.754: [GC (Allocation Failure)  726352K->403632K(1035776K), 0.0042932 secs]
59.758: Total time for which application threads were stopped: 0.0044616 seconds, Stopping threads took: 0.0000196 seconds
59.825: [GC (Allocation Failure)  727216K->395662K(1023488K), 0.0015094 secs]
59.826: Total time for which application threads were stopped: 0.0016486 seconds, Stopping threads took: 0.0000280 seconds
59.895: [GC (Allocation Failure)  719246K->403808K(1035264K), 0.0044320 secs]
59.899: Total time for which application threads were stopped: 0.0045935 seconds, Stopping threads took: 0.0000199 seconds
59.969: [GC (Allocation Failure)  725856K->407816K(1034752K), 0.0057690 secs]
59.975: Total time for which application threads were stopped: 0.0059399 seconds, Stopping threads took: 0.0000274 seconds
60.043: [GC (Allocation Failure)  729864K->403878K(1035776K), 0.0073428 secs]
60.051: Total time for which application threads were stopped: 0.0075004 seconds, Stopping threads took: 0.0000267 seconds
60.120: [GC (Allocation Failure)  727462K->407944K(1027584K), 0.0043995 secs]
60.124: Total time for which application threads were stopped: 0.0045417 seconds, Stopping threads took: 0.0000212 seconds
60.190: [GC (Allocation Failure)  731528K->411912K(1035776K), 0.0044027 secs]
60.195: Total time for which application threads were stopped: 0.0045526 seconds, Stopping threads took: 0.0000193 seconds
60.261: [GC (Allocation Failure)  734984K->411880K(1035264K), 0.0043793 secs]
60.265: Total time for which application threads were stopped: 0.0045121 seconds, Stopping threads took: 0.0000180 seconds
60.329: [GC (Allocation Failure)  734952K->411976K(1034752K), 0.0044454 secs]
60.334: Total time for which application threads were stopped: 0.0045957 seconds, Stopping threads took: 0.0000275 seconds
60.398: [GC (Allocation Failure)  734536K->419947K(1035264K), 0.0044640 secs]
60.402: Total time for which application threads were stopped: 0.0046011 seconds, Stopping threads took: 0.0000193 seconds
60.464: [GC (Allocation Failure)  742507K->419915K(1035264K), 0.0043165 secs]
60.469: Total time for which application threads were stopped: 0.0044706 seconds, Stopping threads took: 0.0000265 seconds
60.532: [GC (Allocation Failure)  742475K->420011K(1022464K), 0.0043460 secs]
60.536: Total time for which application threads were stopped: 0.0044801 seconds, Stopping threads took: 0.0000252 seconds
60.602: [GC (Allocation Failure)  742571K->427981K(1034752K), 0.0042221 secs]
60.607: Total time for which application threads were stopped: 0.0043536 seconds, Stopping threads took: 0.0000191 seconds
60.674: [GC (Allocation Failure)  749517K->427981K(1034752K), 0.0044618 secs]
60.678: Total time for which application threads were stopped: 0.0046341 seconds, Stopping threads took: 0.0000192 seconds
60.744: [GC (Allocation Failure)  749517K->428237K(1034240K), 0.0046083 secs]
60.749: Total time for which application threads were stopped: 0.0047712 seconds, Stopping threads took: 0.0000284 seconds
60.814: [GC (Allocation Failure)  749773K->436047K(1034752K), 0.0045790 secs]
60.819: Total time for which application threads were stopped: 0.0047248 seconds, Stopping threads took: 0.0000192 seconds
60.884: [GC (Allocation Failure)  757583K->436015K(1034752K), 0.0042008 secs]
60.888: Total time for which application threads were stopped: 0.0043523 seconds, Stopping threads took: 0.0000204 seconds
60.951: [GC (Allocation Failure)  757551K->436455K(1021440K), 0.0045224 secs]
60.956: Total time for which application threads were stopped: 0.0046752 seconds, Stopping threads took: 0.0000267 seconds
61.020: [GC (Allocation Failure)  757991K->444074K(1034240K), 0.0053030 secs]
61.026: Total time for which application threads were stopped: 0.0054402 seconds, Stopping threads took: 0.0000268 seconds
61.089: [GC (Allocation Failure)  764586K->444074K(1034240K), 0.0042362 secs]
61.094: Total time for which application threads were stopped: 0.0043688 seconds, Stopping threads took: 0.0000196 seconds
61.158: [GC (Allocation Failure)  764586K->444202K(1034240K), 0.0044628 secs]
61.163: Total time for which application threads were stopped: 0.0046031 seconds, Stopping threads took: 0.0000188 seconds
61.227: [GC (Allocation Failure)  764714K->452076K(1034240K), 0.0045295 secs]
61.232: Total time for which application threads were stopped: 0.0046760 seconds, Stopping threads took: 0.0000183 seconds
61.298: [GC (Allocation Failure)  772588K->452076K(1034240K), 0.0041537 secs]
61.302: Total time for which application threads were stopped: 0.0042757 seconds, Stopping threads took: 0.0000162 seconds
61.364: [GC (Allocation Failure)  772588K->452132K(1020416K), 0.0046177 secs]
61.369: Total time for which application threads were stopped: 0.0047575 seconds, Stopping threads took: 0.0000183 seconds
61.434: [GC (Allocation Failure)  772644K->460134K(1033728K), 0.0043264 secs]
61.438: Total time for which application threads were stopped: 0.0044602 seconds, Stopping threads took: 0.0000191 seconds
61.502: [GC (Allocation Failure)  779622K->460102K(1033728K), 0.0042158 secs]
61.506: Total time for which application threads were stopped: 0.0043446 seconds, Stopping threads took: 0.0000244 seconds
61.568: [GC (Allocation Failure)  779590K->460166K(1033728K), 0.0045800 secs]
61.573: Total time for which application threads were stopped: 0.0047091 seconds, Stopping threads took: 0.0000185 seconds
61.639: [GC (Allocation Failure)  779654K->468136K(1033728K), 0.0046968 secs]
61.643: Total time for which application threads were stopped: 0.0048542 seconds, Stopping threads took: 0.0000190 seconds
61.707: [GC (Allocation Failure)  787624K->468168K(1033728K), 0.0046830 secs]
61.711: Total time for which application threads were stopped: 0.0048480 seconds, Stopping threads took: 0.0000192 seconds
61.777: [GC (Allocation Failure)  787656K->468360K(1033728K), 0.0044011 secs]
61.781: Total time for which application threads were stopped: 0.0045377 seconds, Stopping threads took: 0.0000197 seconds
61.846: [GC (Allocation Failure)  787848K->476139K(1033728K), 0.0045529 secs]
61.850: Total time for which application threads were stopped: 0.0046892 seconds, Stopping threads took: 0.0000199 seconds
61.912: [GC (Allocation Failure)  795626K->472296K(1033728K), 0.0034685 secs]
61.915: Total time for which application threads were stopped: 0.0036083 seconds, Stopping threads took: 0.0000192 seconds
61.980: [GC (Allocation Failure)  791784K->476267K(1034752K), 0.0064671 secs]
61.986: Total time for which application threads were stopped: 0.0066400 seconds, Stopping threads took: 0.0000380 seconds
62.050: [GC (Allocation Failure)  797291K->480299K(1034240K), 0.0042557 secs]
62.055: Total time for which application threads were stopped: 0.0043968 seconds, Stopping threads took: 0.0000202 seconds
62.116: [GC (Allocation Failure)  801323K->474536K(1034752K), 0.0026541 secs]
62.119: Total time for which application threads were stopped: 0.0028054 seconds, Stopping threads took: 0.0000245 seconds
62.184: [GC (Allocation Failure)  796072K->480395K(1034752K), 0.0045859 secs]
62.188: Total time for which application threads were stopped: 0.0047435 seconds, Stopping threads took: 0.0000238 seconds
62.250: [GC (Allocation Failure)  801931K->484475K(1035264K), 0.0048559 secs]
62.255: Total time for which application threads were stopped: 0.0049746 seconds, Stopping threads took: 0.0000160 seconds
62.320: [GC (Allocation Failure)  806773K->480568K(1035264K), 0.0032596 secs]
62.323: Total time for which application threads were stopped: 0.0033886 seconds, Stopping threads took: 0.0000186 seconds
62.386: [GC (Allocation Failure)  803128K->484611K(1036288K), 0.0046219 secs]
62.391: Total time for which application threads were stopped: 0.0047774 seconds, Stopping threads took: 0.0000267 seconds
62.458: [GC (Allocation Failure)  808707K->488611K(1035776K), 0.0043514 secs]
62.462: Total time for which application threads were stopped: 0.0044830 seconds, Stopping threads took: 0.0000187 seconds
62.525: [GC (Allocation Failure)  812707K->488579K(1035776K), 0.0044267 secs]
62.529: Total time for which application threads were stopped: 0.0045612 seconds, Stopping threads took: 0.0000190 seconds
62.593: [GC (Allocation Failure)  812163K->488651K(1023488K), 0.0045332 secs]
62.598: Total time for which application threads were stopped: 0.0046683 seconds, Stopping threads took: 0.0000191 seconds
62.664: [GC (Allocation Failure)  812235K->496621K(1035264K), 0.0046167 secs]
62.669: Total time for which application threads were stopped: 0.0047701 seconds, Stopping threads took: 0.0000198 seconds
62.736: [GC (Allocation Failure)  819181K->496621K(1030144K), 0.0044723 secs]
62.740: Total time for which application threads were stopped: 0.0046329 seconds, Stopping threads took: 0.0000198 seconds
62.808: [GC (Allocation Failure)  819181K->496685K(1034752K), 0.0046802 secs]
62.812: Total time for which application threads were stopped: 0.0048165 seconds, Stopping threads took: 0.0000198 seconds
62.879: [GC (Allocation Failure)  818221K->504655K(1029120K), 0.0047307 secs]
62.883: Total time for which application threads were stopped: 0.0048911 seconds, Stopping threads took: 0.0000280 seconds
62.951: [GC (Allocation Failure)  826191K->504655K(1034240K), 0.0046109 secs]
62.955: Total time for which application threads were stopped: 0.0047828 seconds, Stopping threads took: 0.0000168 seconds
63.023: [GC (Allocation Failure)  825167K->504903K(1034240K), 0.0044548 secs]
63.028: Total time for which application threads were stopped: 0.0045996 seconds, Stopping threads took: 0.0000266 seconds
63.094: [GC (Allocation Failure)  825415K->512713K(1034240K), 0.0045700 secs]
63.099: Total time for which application threads were stopped: 0.0047304 seconds, Stopping threads took: 0.0000210 seconds
63.165: [GC (Allocation Failure)  833225K->512681K(1034240K), 0.0052922 secs]
63.170: Total time for which application threads were stopped: 0.0054488 seconds, Stopping threads took: 0.0000190 seconds
63.234: [GC (Allocation Failure)  833193K->513129K(1033216K), 0.0045766 secs]
63.238: Total time for which application threads were stopped: 0.0047199 seconds, Stopping threads took: 0.0000193 seconds
63.303: [GC (Allocation Failure)  832617K->520748K(1033728K), 0.0046761 secs]
63.308: Total time for which application threads were stopped: 0.0048151 seconds, Stopping threads took: 0.0000272 seconds
63.374: [GC (Allocation Failure)  840236K->520684K(1033728K), 0.0044600 secs]
63.378: Total time for which application threads were stopped: 0.0045930 seconds, Stopping threads took: 0.0000195 seconds
63.441: [GC (Allocation Failure)  840172K->520868K(1033728K), 0.0047747 secs]
63.446: Total time for which application threads were stopped: 0.0049193 seconds, Stopping threads took: 0.0000196 seconds
63.512: [GC (Allocation Failure)  840356K->528742K(1033728K), 0.0045415 secs]
63.516: Total time for which application threads were stopped: 0.0046819 seconds, Stopping threads took: 0.0000248 seconds
63.581: [GC (Allocation Failure)  848230K->528710K(1033728K), 0.0045456 secs]
63.585: Total time for which application threads were stopped: 0.0046911 seconds, Stopping threads took: 0.0000268 seconds
63.651: [GC (Allocation Failure)  848198K->528814K(1033728K), 0.0047393 secs]
63.656: Total time for which application threads were stopped: 0.0049162 seconds, Stopping threads took: 0.0000197 seconds
63.724: [GC (Allocation Failure)  848302K->536784K(1027072K), 0.0047678 secs]
63.729: Total time for which application threads were stopped: 0.0049327 seconds, Stopping threads took: 0.0000200 seconds
63.795: [GC (Allocation Failure)  856272K->532878K(1034240K), 0.0036703 secs]
63.799: Total time for which application threads were stopped: 0.0038244 seconds, Stopping threads took: 0.0000198 seconds
63.866: [GC (Allocation Failure)  852366K->536880K(1033216K), 0.0057071 secs]
63.872: Total time for which application threads were stopped: 0.0058878 seconds, Stopping threads took: 0.0000218 seconds
63.939: [GC (Allocation Failure)  856368K->540944K(1034752K), 0.0047280 secs]
63.944: Total time for which application threads were stopped: 0.0049261 seconds, Stopping threads took: 0.0000226 seconds
64.011: [GC (Allocation Failure)  862480K->534126K(1034752K), 0.0021601 secs]
64.013: Total time for which application threads were stopped: 0.0023068 seconds, Stopping threads took: 0.0000275 seconds
64.080: [GC (Allocation Failure)  855662K->541016K(1034752K), 0.0046544 secs]
64.085: Total time for which application threads were stopped: 0.0048114 seconds, Stopping threads took: 0.0000190 seconds
64.150: [GC (Allocation Failure)  862552K->545088K(1034752K), 0.0054809 secs]
64.155: Total time for which application threads were stopped: 0.0056674 seconds, Stopping threads took: 0.0000197 seconds
64.221: [GC (Allocation Failure)  866624K->539518K(1034752K), 0.0027448 secs]
64.224: Total time for which application threads were stopped: 0.0029043 seconds, Stopping threads took: 0.0000167 seconds
64.293: [GC (Allocation Failure)  861054K->545328K(1034752K), 0.0045880 secs]
64.298: Total time for which application threads were stopped: 0.0047316 seconds, Stopping threads took: 0.0000166 seconds
64.366: [GC (Allocation Failure)  866864K->549208K(1035264K), 0.0050413 secs]
64.371: Total time for which application threads were stopped: 0.0051995 seconds, Stopping threads took: 0.0000198 seconds
64.436: [GC (Allocation Failure)  871696K->545302K(1035264K), 0.0035537 secs]
64.440: Total time for which application threads were stopped: 0.0036873 seconds, Stopping threads took: 0.0000192 seconds
64.506: [GC (Allocation Failure)  867862K->549360K(1036288K), 0.0047108 secs]
64.511: Total time for which application threads were stopped: 0.0048634 seconds, Stopping threads took: 0.0000192 seconds
64.576: [GC (Allocation Failure)  873456K->553328K(1035776K), 0.0046194 secs]
64.581: Total time for which application threads were stopped: 0.0047815 seconds, Stopping threads took: 0.0000253 seconds
64.651: [GC (Allocation Failure)  877424K->553296K(1035776K), 0.0045620 secs]
64.656: Total time for which application threads were stopped: 0.0047328 seconds, Stopping threads took: 0.0000196 seconds
64.725: [GC (Allocation Failure)  876880K->553384K(1023488K), 0.0048501 secs]
64.730: Total time for which application threads were stopped: 0.0050145 seconds, Stopping threads took: 0.0000196 seconds
64.796: [GC (Allocation Failure)  876968K->561354K(1035264K), 0.0048649 secs]
64.800: Total time for which application threads were stopped: 0.0050520 seconds, Stopping threads took: 0.0000201 seconds
64.868: [GC (Allocation Failure)  883914K->561354K(1030144K), 0.0045217 secs]
64.872: Total time for which application threads were stopped: 0.0047109 seconds, Stopping threads took: 0.0000199 seconds
64.941: [GC (Allocation Failure)  883914K->561386K(1034752K), 0.0048874 secs]
64.946: Total time for which application threads were stopped: 0.0050972 seconds, Stopping threads took: 0.0000168 seconds
65.016: [GC (Allocation Failure)  882922K->569389K(1034752K), 0.0048066 secs]
65.021: Total time for which application threads were stopped: 0.0049768 seconds, Stopping threads took: 0.0000269 seconds
65.089: [GC (Allocation Failure)  890925K->569357K(1033728K), 0.0045563 secs]
65.094: Total time for which application threads were stopped: 0.0047474 seconds, Stopping threads took: 0.0000200 seconds
65.163: [GC (Allocation Failure)  889869K->569645K(1034240K), 0.0047300 secs]
65.168: Total time for which application threads were stopped: 0.0049075 seconds, Stopping threads took: 0.0000169 seconds
65.237: [GC (Allocation Failure)  890157K->577423K(1034240K), 0.0044964 secs]
65.242: Total time for which application threads were stopped: 0.0046571 seconds, Stopping threads took: 0.0000195 seconds
65.310: [GC (Allocation Failure)  897935K->577455K(1034240K), 0.0046464 secs]
65.314: Total time for which application threads were stopped: 0.0048157 seconds, Stopping threads took: 0.0000194 seconds
65.381: [GC (Allocation Failure)  897967K->577863K(1033216K), 0.0049648 secs]
65.386: Total time for which application threads were stopped: 0.0051447 seconds, Stopping threads took: 0.0000195 seconds
65.453: [GC (Allocation Failure)  897351K->585481K(1033728K), 0.0048430 secs]
65.458: Total time for which application threads were stopped: 0.0050396 seconds, Stopping threads took: 0.0000195 seconds
65.528: [GC (Allocation Failure)  904969K->585449K(1033728K), 0.0046678 secs]
65.532: Total time for which application threads were stopped: 0.0048362 seconds, Stopping threads took: 0.0000169 seconds
65.599: [GC (Allocation Failure)  904937K->585577K(1033728K), 0.0046472 secs]
65.604: Total time for which application threads were stopped: 0.0047933 seconds, Stopping threads took: 0.0000170 seconds
65.672: [GC (Allocation Failure)  905065K->593515K(1033728K), 0.0045379 secs]
65.677: Total time for which application threads were stopped: 0.0047336 seconds, Stopping threads took: 0.0000208 seconds
65.746: [GC (Allocation Failure)  913003K->593483K(1033728K), 0.0048120 secs]
65.751: Total time for which application threads were stopped: 0.0050010 seconds, Stopping threads took: 0.0000173 seconds
65.818: [GC (Allocation Failure)  912971K->593547K(1033728K), 0.0047599 secs]
65.823: Total time for which application threads were stopped: 0.0049247 seconds, Stopping threads took: 0.0000203 seconds
65.890: [GC (Allocation Failure)  913035K->601486K(1027072K), 0.0049500 secs]
65.895: Total time for which application threads were stopped: 0.0051127 seconds, Stopping threads took: 0.0000204 seconds
65.961: [GC (Allocation Failure)  920973K->597611K(1034240K), 0.0039305 secs]
65.965: Total time for which application threads were stopped: 0.0040987 seconds, Stopping threads took: 0.0000198 seconds
66.035: [GC (Allocation Failure)  917099K->601670K(1033216K), 0.0051060 secs]
66.040: Total time for which application threads were stopped: 0.0052636 seconds, Stopping threads took: 0.0000194 seconds
66.108: [GC (Allocation Failure)  921158K->605606K(1034752K), 0.0046872 secs]
66.113: Total time for which application threads were stopped: 0.0048465 seconds, Stopping threads took: 0.0000195 seconds
66.179: [GC (Allocation Failure)  927142K->598819K(1034752K), 0.0023867 secs]
66.182: Total time for which application threads were stopped: 0.0025360 seconds, Stopping threads took: 0.0000208 seconds
66.249: [GC (Allocation Failure)  920355K->605734K(1034752K), 0.0048576 secs]
66.254: Total time for which application threads were stopped: 0.0050156 seconds, Stopping threads took: 0.0000169 seconds
66.322: [GC (Allocation Failure)  927270K->609774K(1034752K), 0.0057436 secs]
66.328: Total time for which application threads were stopped: 0.0059147 seconds, Stopping threads took: 0.0000205 seconds
66.394: [GC (Allocation Failure)  931310K->604203K(1034752K), 0.0029093 secs]
66.397: Total time for which application threads were stopped: 0.0030665 seconds, Stopping threads took: 0.0000204 seconds
66.465: [GC (Allocation Failure)  925739K->610070K(1034752K), 0.0048328 secs]
66.470: Total time for which application threads were stopped: 0.0050155 seconds, Stopping threads took: 0.0000200 seconds
66.538: [GC (Allocation Failure)  931606K->613910K(1035264K), 0.0051728 secs]
66.544: Total time for which application threads were stopped: 0.0053278 seconds, Stopping threads took: 0.0000193 seconds
66.612: [GC (Allocation Failure)  936398K->610003K(1035264K), 0.0056985 secs]
66.618: Total time for which application threads were stopped: 0.0058527 seconds, Stopping threads took: 0.0000253 seconds
66.687: [GC (Allocation Failure)  932563K->614062K(1036288K), 0.0047112 secs]
66.692: Total time for which application threads were stopped: 0.0049216 seconds, Stopping threads took: 0.0000198 seconds
66.761: [GC (Allocation Failure)  938158K->618030K(1035776K), 0.0047928 secs]
66.766: Total time for which application threads were stopped: 0.0049601 seconds, Stopping threads took: 0.0000195 seconds
66.835: [GC (Allocation Failure)  942126K->618030K(1035776K), 0.0048726 secs]
66.840: Total time for which application threads were stopped: 0.0050798 seconds, Stopping threads took: 0.0000198 seconds
66.908: [GC (Allocation Failure)  941614K->618086K(1023488K), 0.0047662 secs]
66.912: Total time for which application threads were stopped: 0.0049392 seconds, Stopping threads took: 0.0000205 seconds
66.980: [GC (Allocation Failure)  941670K->626088K(1035264K), 0.0048063 secs]
66.985: Total time for which application threads were stopped: 0.0049814 seconds, Stopping threads took: 0.0000198 seconds
67.054: [GC (Allocation Failure)  948648K->626056K(1030144K), 0.0047814 secs]
67.058: Total time for which application threads were stopped: 0.0049416 seconds, Stopping threads took: 0.0000200 seconds
67.126: [GC (Allocation Failure)  948616K->626120K(1034752K), 0.0047507 secs]
67.131: Total time for which application threads were stopped: 0.0049196 seconds, Stopping threads took: 0.0000199 seconds
67.198: [GC (Allocation Failure)  947656K->634090K(1029120K), 0.0050482 secs]
67.203: Total time for which application threads were stopped: 0.0052194 seconds, Stopping threads took: 0.0000203 seconds
67.271: [GC (Allocation Failure)  955626K->634122K(1034240K), 0.0047360 secs]
67.276: Total time for which application threads were stopped: 0.0049009 seconds, Stopping threads took: 0.0000194 seconds
67.343: [GC (Allocation Failure)  954634K->634338K(1034240K), 0.0052363 secs]
67.348: Total time for which application threads were stopped: 0.0054113 seconds, Stopping threads took: 0.0000202 seconds
67.416: [GC (Allocation Failure)  954850K->642117K(1034240K), 0.0048034 secs]
67.420: Total time for which application threads were stopped: 0.0049746 seconds, Stopping threads took: 0.0000199 seconds
67.488: [GC (Allocation Failure)  962629K->642149K(1034240K), 0.0046835 secs]
67.493: Total time for which application threads were stopped: 0.0048417 seconds, Stopping threads took: 0.0000272 seconds
67.560: [GC (Allocation Failure)  962661K->642565K(1033216K), 0.0064460 secs]
67.567: Total time for which application threads were stopped: 0.0066188 seconds, Stopping threads took: 0.0000250 seconds
67.636: [GC (Allocation Failure)  962053K->650151K(1033728K), 0.0048794 secs]
67.641: Total time for which application threads were stopped: 0.0050315 seconds, Stopping threads took: 0.0000172 seconds
67.708: [GC (Allocation Failure)  969639K->650183K(1033728K), 0.0047894 secs]
67.713: Total time for which application threads were stopped: 0.0049585 seconds, Stopping threads took: 0.0000202 seconds
67.778: [GC (Allocation Failure)  969671K->650279K(1033728K), 0.0047619 secs]
67.783: Total time for which application threads were stopped: 0.0049562 seconds, Stopping threads took: 0.0000199 seconds
67.852: [GC (Allocation Failure)  969767K->658217K(1033728K), 0.0046596 secs]
67.857: Total time for which application threads were stopped: 0.0048319 seconds, Stopping threads took: 0.0000198 seconds
67.924: [GC (Allocation Failure)  977705K->658185K(1033728K), 0.0050089 secs]
67.929: Total time for which application threads were stopped: 0.0051725 seconds, Stopping threads took: 0.0000200 seconds
67.999: [GC (Allocation Failure)  977673K->658217K(1033728K), 0.0047478 secs]
68.004: Total time for which application threads were stopped: 0.0049217 seconds, Stopping threads took: 0.0000280 seconds
68.072: [GC (Allocation Failure)  977705K->666219K(1027072K), 0.0049243 secs]
68.077: Total time for which application threads were stopped: 0.0050828 seconds, Stopping threads took: 0.0000198 seconds
68.142: [GC (Allocation Failure)  985707K->662281K(1034240K), 0.0039161 secs]
68.146: Total time for which application threads were stopped: 0.0040770 seconds, Stopping threads took: 0.0000205 seconds
68.214: [GC (Allocation Failure)  981769K->666347K(1033216K), 0.0050629 secs]
68.219: Total time for which application threads were stopped: 0.0052361 seconds, Stopping threads took: 0.0000201 seconds
68.288: [GC (Allocation Failure)  985835K->670315K(1034752K), 0.0050017 secs]
68.293: Total time for which application threads were stopped: 0.0052052 seconds, Stopping threads took: 0.0000203 seconds
68.359: [GC (Allocation Failure)  991851K->663561K(1034752K), 0.0022504 secs]
68.362: Total time for which application threads were stopped: 0.0023937 seconds, Stopping threads took: 0.0000205 seconds
68.429: [GC (Allocation Failure)  985097K->670411K(1034752K), 0.0047233 secs]
68.434: Total time for which application threads were stopped: 0.0048995 seconds, Stopping threads took: 0.0000189 seconds
68.501: [GC (Allocation Failure)  991947K->674523K(1034752K), 0.0057499 secs]
68.507: Total time for which application threads were stopped: 0.0059150 seconds, Stopping threads took: 0.0000265 seconds
68.573: [GC (Allocation Failure)  996059K->668953K(1034752K), 0.0030114 secs]
68.576: Total time for which application threads were stopped: 0.0031814 seconds, Stopping threads took: 0.0000274 seconds
68.644: [GC (Allocation Failure)  990489K->674763K(1034752K), 0.0048063 secs]
68.649: Total time for which application threads were stopped: 0.0049753 seconds, Stopping threads took: 0.0000197 seconds
68.716: [GC (Allocation Failure)  996299K->678603K(1035264K), 0.0053160 secs]
68.721: Total time for which application threads were stopped: 0.0054973 seconds, Stopping threads took: 0.0000208 seconds
68.790: [GC (Allocation Failure)  1001092K->674729K(1035264K), 0.0039118 secs]
68.794: Total time for which application threads were stopped: 0.0040771 seconds, Stopping threads took: 0.0000193 seconds
68.862: [GC (Allocation Failure)  997289K->678795K(1036288K), 0.0048653 secs]
68.867: Total time for which application threads were stopped: 0.0050257 seconds, Stopping threads took: 0.0000197 seconds
68.935: [GC (Allocation Failure)  1002891K->682763K(1035776K), 0.0048250 secs]
68.940: Total time for which application threads were stopped: 0.0050221 seconds, Stopping threads took: 0.0000200 seconds
69.010: [GC (Allocation Failure)  1006859K->682763K(1035776K), 0.0047921 secs]
69.015: Total time for which application threads were stopped: 0.0049396 seconds, Stopping threads took: 0.0000168 seconds
69.083: [GC (Allocation Failure)  1006347K->682827K(1023488K), 0.0048513 secs]
69.088: Total time for which application threads were stopped: 0.0050474 seconds, Stopping threads took: 0.0000204 seconds
69.156: [GC (Allocation Failure)  1006411K->690798K(1035264K), 0.0049865 secs]
69.161: Total time for which application threads were stopped: 0.0051787 seconds, Stopping threads took: 0.0000194 seconds
69.230: [GC (Allocation Failure)  1013358K->690798K(1030144K), 0.0069385 secs]
69.237: Total time for which application threads were stopped: 0.0071213 seconds, Stopping threads took: 0.0000170 seconds
69.307: [GC (Allocation Failure)  1013358K->690854K(1034752K), 0.0052053 secs]
69.312: [Full GC (Ergonomics)  690854K->8492K(1034752K), 0.0140938 secs]
69.326: Total time for which application threads were stopped: 0.0195265 seconds, Stopping threads took: 0.0000168 seconds
69.394: [GC (Allocation Failure)  330028K->16559K(1034752K), 0.0037129 secs]
69.398: Total time for which application threads were stopped: 0.0038657 seconds, Stopping threads took: 0.0000171 seconds
69.466: [GC (Allocation Failure)  338095K->16551K(1033728K), 0.0035175 secs]
69.470: Total time for which application threads were stopped: 0.0036885 seconds, Stopping threads took: 0.0000200 seconds
69.538: [GC (Allocation Failure)  337063K->16839K(1034240K), 0.0038179 secs]
69.542: Total time for which application threads were stopped: 0.0039740 seconds, Stopping threads took: 0.0000260 seconds
69.610: [GC (Allocation Failure)  337351K->24617K(1034240K), 0.0064303 secs]
69.616: Total time for which application threads were stopped: 0.0065894 seconds, Stopping threads took: 0.0000225 seconds
69.685: [GC (Allocation Failure)  345129K->24649K(1034240K), 0.0036789 secs]
69.689: Total time for which application threads were stopped: 0.0038590 seconds, Stopping threads took: 0.0000226 seconds
69.756: [GC (Allocation Failure)  345161K->25065K(1033216K), 0.0036711 secs]
69.760: Total time for which application threads were stopped: 0.0038479 seconds, Stopping threads took: 0.0000205 seconds
69.827: [GC (Allocation Failure)  344553K->32683K(1033728K), 0.0038134 secs]
69.831: Total time for which application threads were stopped: 0.0039916 seconds, Stopping threads took: 0.0000201 seconds
69.899: [GC (Allocation Failure)  352171K->32651K(1033728K), 0.0035496 secs]
69.903: Total time for which application threads were stopped: 0.0037479 seconds, Stopping threads took: 0.0000217 seconds
69.970: [GC (Allocation Failure)  352139K->32779K(1033728K), 0.0036562 secs]
69.973: Total time for which application threads were stopped: 0.0038043 seconds, Stopping threads took: 0.0000169 seconds
70.043: [GC (Allocation Failure)  352267K->40718K(1033728K), 0.0037283 secs]
70.047: Total time for which application threads were stopped: 0.0038967 seconds, Stopping threads took: 0.0000201 seconds
70.112: [GC (Allocation Failure)  360206K->40686K(1033728K), 0.0037137 secs]
70.116: Total time for which application threads were stopped: 0.0038749 seconds, Stopping threads took: 0.0000198 seconds
70.183: [GC (Allocation Failure)  360174K->40750K(1033728K), 0.0040632 secs]
70.187: Total time for which application threads were stopped: 0.0042448 seconds, Stopping threads took: 0.0000206 seconds
70.253: [GC (Allocation Failure)  360238K->48720K(1027072K), 0.0039629 secs]
70.257: Total time for which application threads were stopped: 0.0041465 seconds, Stopping threads took: 0.0000218 seconds
70.323: [GC (Allocation Failure)  368207K->44846K(1034240K), 0.0026600 secs]
70.326: Total time for which application threads were stopped: 0.0028209 seconds, Stopping threads took: 0.0000205 seconds
70.396: [GC (Allocation Failure)  364334K->48872K(1033216K), 0.0037621 secs]
70.400: Total time for which application threads were stopped: 0.0039136 seconds, Stopping threads took: 0.0000198 seconds
70.469: [GC (Allocation Failure)  368360K->52808K(1034752K), 0.0036599 secs]
70.472: Total time for which application threads were stopped: 0.0038104 seconds, Stopping threads took: 0.0000211 seconds
70.537: [GC (Allocation Failure)  374344K->46054K(1034752K), 0.0011824 secs]
70.538: Total time for which application threads were stopped: 0.0013129 seconds, Stopping threads took: 0.0000196 seconds
70.607: [GC (Allocation Failure)  367590K->52872K(1034752K), 0.0057186 secs]
70.612: Total time for which application threads were stopped: 0.0058699 seconds, Stopping threads took: 0.0000298 seconds
70.679: [GC (Allocation Failure)  374408K->56976K(1034752K), 0.0046010 secs]
70.684: Total time for which application threads were stopped: 0.0047685 seconds, Stopping threads took: 0.0000193 seconds
70.750: [GC (Allocation Failure)  378512K->51470K(1034752K), 0.0015735 secs]
70.751: Total time for which application threads were stopped: 0.0017136 seconds, Stopping threads took: 0.0000199 seconds
70.819: [GC (Allocation Failure)  373006K->57280K(1034752K), 0.0038150 secs]
70.823: Total time for which application threads were stopped: 0.0039898 seconds, Stopping threads took: 0.0000207 seconds
70.891: [GC (Allocation Failure)  378816K->61088K(1034752K), 0.0040960 secs]
70.895: Total time for which application threads were stopped: 0.0042626 seconds, Stopping threads took: 0.0000197 seconds
70.960: [GC (Allocation Failure)  383576K->57214K(1035264K), 0.0026379 secs]
70.963: Total time for which application threads were stopped: 0.0027777 seconds, Stopping threads took: 0.0000202 seconds
71.032: [GC (Allocation Failure)  379774K->61272K(1036288K), 0.0037945 secs]
71.036: Total time for which application threads were stopped: 0.0039440 seconds, Stopping threads took: 0.0000188 seconds
71.103: [GC (Allocation Failure)  385368K->65240K(1035776K), 0.0036817 secs]
71.107: Total time for which application threads were stopped: 0.0038432 seconds, Stopping threads took: 0.0000197 seconds
71.173: [GC (Allocation Failure)  389336K->65272K(1035776K), 0.0037236 secs]
71.177: Total time for which application threads were stopped: 0.0038801 seconds, Stopping threads took: 0.0000206 seconds
71.245: [GC (Allocation Failure)  388856K->65304K(1023488K), 0.0036282 secs]
71.249: Total time for which application threads were stopped: 0.0037781 seconds, Stopping threads took: 0.0000198 seconds
71.316: [GC (Allocation Failure)  388888K->73274K(1035264K), 0.0038555 secs]
71.320: Total time for which application threads were stopped: 0.0040054 seconds, Stopping threads took: 0.0000189 seconds
71.385: [GC (Allocation Failure)  395834K->73274K(1030144K), 0.0036953 secs]
71.389: Total time for which application threads were stopped: 0.0038762 seconds, Stopping threads took: 0.0000184 seconds
71.458: [GC (Allocation Failure)  395834K->73338K(1034752K), 0.0037933 secs]
71.461: Total time for which application threads were stopped: 0.0039328 seconds, Stopping threads took: 0.0000173 seconds
71.528: [GC (Allocation Failure)  394874K->81308K(1034752K), 0.0037489 secs]
71.532: Total time for which application threads were stopped: 0.0038980 seconds, Stopping threads took: 0.0000263 seconds
71.599: [GC (Allocation Failure)  402844K->81340K(1033728K), 0.0035874 secs]
71.603: Total time for which application threads were stopped: 0.0037542 seconds, Stopping threads took: 0.0000257 seconds
71.671: [GC (Allocation Failure)  401852K->81532K(1034240K), 0.0038260 secs]
71.675: Total time for which application threads were stopped: 0.0040050 seconds, Stopping threads took: 0.0000195 seconds
71.745: [GC (Allocation Failure)  402044K->89375K(1034240K), 0.0038003 secs]
71.748: Total time for which application threads were stopped: 0.0039616 seconds, Stopping threads took: 0.0000198 seconds
71.817: [GC (Allocation Failure)  409887K->89375K(1034240K), 0.0038291 secs]
71.821: Total time for which application threads were stopped: 0.0040105 seconds, Stopping threads took: 0.0000290 seconds
71.888: [GC (Allocation Failure)  409887K->89799K(1033216K), 0.0041320 secs]
71.892: Total time for which application threads were stopped: 0.0043260 seconds, Stopping threads took: 0.0000202 seconds
71.963: [GC (Allocation Failure)  409287K->97417K(1033728K), 0.0037482 secs]
71.967: Total time for which application threads were stopped: 0.0039197 seconds, Stopping threads took: 0.0000198 seconds
72.035: [GC (Allocation Failure)  416905K->97385K(1033728K), 0.0036513 secs]
72.039: Total time for which application threads were stopped: 0.0038270 seconds, Stopping threads took: 0.0000275 seconds
72.106: [GC (Allocation Failure)  416873K->97513K(1033728K), 0.0038807 secs]
72.110: Total time for which application threads were stopped: 0.0040406 seconds, Stopping threads took: 0.0000196 seconds
72.177: [GC (Allocation Failure)  417001K->105451K(1033728K), 0.0037873 secs]
72.181: Total time for which application threads were stopped: 0.0039702 seconds, Stopping threads took: 0.0000195 seconds
72.248: [GC (Allocation Failure)  424939K->105419K(1033728K), 0.0039827 secs]
72.252: Total time for which application threads were stopped: 0.0041378 seconds, Stopping threads took: 0.0000167 seconds
72.319: [GC (Allocation Failure)  424907K->105475K(1033728K), 0.0039809 secs]
72.323: Total time for which application threads were stopped: 0.0041261 seconds, Stopping threads took: 0.0000171 seconds
72.390: [GC (Allocation Failure)  424963K->113445K(1027072K), 0.0039286 secs]
72.394: Total time for which application threads were stopped: 0.0040924 seconds, Stopping threads took: 0.0000197 seconds
72.457: [GC (Allocation Failure)  432933K->109539K(1034240K), 0.0029525 secs]
72.460: Total time for which application threads were stopped: 0.0031002 seconds, Stopping threads took: 0.0000201 seconds
72.527: [GC (Allocation Failure)  429027K->113613K(1033216K), 0.0039153 secs]
72.531: Total time for which application threads were stopped: 0.0040896 seconds, Stopping threads took: 0.0000285 seconds
72.597: [GC (Allocation Failure)  433101K->117581K(1034752K), 0.0038624 secs]
72.601: Total time for which application threads were stopped: 0.0040208 seconds, Stopping threads took: 0.0000259 seconds
72.668: [GC (Allocation Failure)  439117K->110795K(1034752K), 0.0013938 secs]
72.670: Total time for which application threads were stopped: 0.0015162 seconds, Stopping threads took: 0.0000195 seconds
72.737: [GC (Allocation Failure)  432331K->117653K(1034752K), 0.0037800 secs]
72.741: Total time for which application threads were stopped: 0.0039397 seconds, Stopping threads took: 0.0000201 seconds
72.806: [GC (Allocation Failure)  439189K->121725K(1034752K), 0.0059816 secs]
72.813: Total time for which application threads were stopped: 0.0061521 seconds, Stopping threads took: 0.0000190 seconds
72.878: [GC (Allocation Failure)  443261K->116187K(1034752K), 0.0017817 secs]
72.880: Total time for which application threads were stopped: 0.0019247 seconds, Stopping threads took: 0.0000189 seconds
72.949: [GC (Allocation Failure)  437723K->122029K(1034752K), 0.0038433 secs]
72.953: Total time for which application threads were stopped: 0.0039756 seconds, Stopping threads took: 0.0000201 seconds
73.018: [GC (Allocation Failure)  443565K->125869K(1035264K), 0.0041121 secs]
73.023: Total time for which application threads were stopped: 0.0042468 seconds, Stopping threads took: 0.0000201 seconds
73.088: [GC (Allocation Failure)  448358K->121963K(1035264K), 0.0026325 secs]
73.091: Total time for which application threads were stopped: 0.0027642 seconds, Stopping threads took: 0.0000199 seconds
73.159: [GC (Allocation Failure)  444523K->126029K(1036288K), 0.0038021 secs]
73.162: Total time for which application threads were stopped: 0.0039386 seconds, Stopping threads took: 0.0000197 seconds
73.226: [GC (Allocation Failure)  450125K->129997K(1035776K), 0.0036445 secs]
73.230: Total time for which application threads were stopped: 0.0037794 seconds, Stopping threads took: 0.0000199 seconds
73.295: [GC (Allocation Failure)  454093K->129965K(1035776K), 0.0037740 secs]
73.298: Total time for which application threads were stopped: 0.0039056 seconds, Stopping threads took: 0.0000193 seconds
73.362: [GC (Allocation Failure)  453549K->130053K(1023488K), 0.0038021 secs]
73.366: Total time for which application threads were stopped: 0.0039417 seconds, Stopping threads took: 0.0000204 seconds
73.429: [GC (Allocation Failure)  453637K->138024K(1035264K), 0.0037348 secs]
73.432: Total time for which application threads were stopped: 0.0038825 seconds, Stopping threads took: 0.0000259 seconds
73.498: [GC (Allocation Failure)  460584K->138056K(1030144K), 0.0035664 secs]
73.502: Total time for which application threads were stopped: 0.0036994 seconds, Stopping threads took: 0.0000182 seconds
73.567: [GC (Allocation Failure)  460616K->138048K(1034752K), 0.0055040 secs]
73.572: Total time for which application threads were stopped: 0.0056393 seconds, Stopping threads took: 0.0000339 seconds
73.640: [GC (Allocation Failure)  459584K->146050K(1034752K), 0.0040172 secs]
73.644: Total time for which application threads were stopped: 0.0041912 seconds, Stopping threads took: 0.0000309 seconds
73.712: [GC (Allocation Failure)  467586K->146050K(1033728K), 0.0036279 secs]
73.715: Total time for which application threads were stopped: 0.0038082 seconds, Stopping threads took: 0.0000203 seconds
73.782: [GC (Allocation Failure)  466562K->146314K(1034240K), 0.0040015 secs]
73.786: Total time for which application threads were stopped: 0.0041650 seconds, Stopping threads took: 0.0000192 seconds
73.854: [GC (Allocation Failure)  466826K->154124K(1034240K), 0.0037485 secs]
73.857: Total time for which application threads were stopped: 0.0039015 seconds, Stopping threads took: 0.0000198 seconds
73.924: [GC (Allocation Failure)  474636K->154124K(1034240K), 0.0038622 secs]
73.928: Total time for which application threads were stopped: 0.0040312 seconds, Stopping threads took: 0.0000194 seconds
73.994: [GC (Allocation Failure)  474636K->154540K(1033216K), 0.0037855 secs]
73.998: Total time for which application threads were stopped: 0.0039344 seconds, Stopping threads took: 0.0000268 seconds
74.065: [GC (Allocation Failure)  474028K->162126K(1033728K), 0.0039160 secs]
74.069: Total time for which application threads were stopped: 0.0040734 seconds, Stopping threads took: 0.0000199 seconds
74.136: [GC (Allocation Failure)  481614K->162126K(1033728K), 0.0038278 secs]
74.140: Total time for which application threads were stopped: 0.0039991 seconds, Stopping threads took: 0.0000246 seconds
74.204: [GC (Allocation Failure)  481614K->162254K(1033728K), 0.0039909 secs]
74.208: Total time for which application threads were stopped: 0.0041366 seconds, Stopping threads took: 0.0000194 seconds
74.275: [GC (Allocation Failure)  481742K->170193K(1033728K), 0.0038193 secs]
74.278: Total time for which application threads were stopped: 0.0039602 seconds, Stopping threads took: 0.0000195 seconds
74.343: [GC (Allocation Failure)  489681K->170161K(1033728K), 0.0041464 secs]
74.347: Total time for which application threads were stopped: 0.0043045 seconds, Stopping threads took: 0.0000189 seconds
74.414: [GC (Allocation Failure)  489649K->170233K(1033728K), 0.0038421 secs]
74.418: Total time for which application threads were stopped: 0.0039889 seconds, Stopping threads took: 0.0000195 seconds
74.482: [GC (Allocation Failure)  489721K->178203K(1027072K), 0.0038324 secs]
74.486: Total time for which application threads were stopped: 0.0039637 seconds, Stopping threads took: 0.0000195 seconds
74.548: [GC (Allocation Failure)  497691K->174297K(1034240K), 0.0029383 secs]
74.551: Total time for which application threads were stopped: 0.0030690 seconds, Stopping threads took: 0.0000195 seconds
74.617: [GC (Allocation Failure)  493785K->178331K(1033216K), 0.0046874 secs]
74.622: Total time for which application threads were stopped: 0.0048471 seconds, Stopping threads took: 0.0000168 seconds
74.690: [GC (Allocation Failure)  497819K->182331K(1034752K), 0.0039089 secs]
74.694: Total time for which application threads were stopped: 0.0040990 seconds, Stopping threads took: 0.0000201 seconds
74.762: [GC (Allocation Failure)  503867K->175545K(1034752K), 0.0012370 secs]
74.763: Total time for which application threads were stopped: 0.0013696 seconds, Stopping threads took: 0.0000167 seconds
74.831: [GC (Allocation Failure)  497081K->182427K(1034752K), 0.0039011 secs]
74.835: Total time for which application threads were stopped: 0.0040529 seconds, Stopping threads took: 0.0000255 seconds
74.901: [GC (Allocation Failure)  503963K->186499K(1034752K), 0.0050006 secs]
74.906: Total time for which application threads were stopped: 0.0051573 seconds, Stopping threads took: 0.0000200 seconds
74.971: [GC (Allocation Failure)  508035K->180929K(1034752K), 0.0021017 secs]
74.974: Total time for which application threads were stopped: 0.0022576 seconds, Stopping threads took: 0.0000193 seconds
75.042: [GC (Allocation Failure)  502465K->186739K(1034752K), 0.0039186 secs]
75.046: Total time for which application threads were stopped: 0.0040656 seconds, Stopping threads took: 0.0000285 seconds
75.111: [GC (Allocation Failure)  508275K->190643K(1035264K), 0.0043117 secs]
75.116: Total time for which application threads were stopped: 0.0044588 seconds, Stopping threads took: 0.0000188 seconds
75.179: [GC (Allocation Failure)  513131K->186705K(1035264K), 0.0030806 secs]
75.182: Total time for which application threads were stopped: 0.0032114 seconds, Stopping threads took: 0.0000190 seconds
75.246: [GC (Allocation Failure)  509265K->190763K(1036288K), 0.0038523 secs]
75.251: Total time for which application threads were stopped: 0.0041225 seconds, Stopping threads took: 0.0000275 seconds
75.316: [GC (Allocation Failure)  514859K->194731K(1035776K), 0.0038430 secs]
75.320: Total time for which application threads were stopped: 0.0039773 seconds, Stopping threads took: 0.0000187 seconds
75.386: [GC (Allocation Failure)  518827K->194763K(1035776K), 0.0037656 secs]
75.390: Total time for which application threads were stopped: 0.0038879 seconds, Stopping threads took: 0.0000159 seconds
75.455: [GC (Allocation Failure)  518347K->194787K(1023488K), 0.0040647 secs]
75.459: Total time for which application threads were stopped: 0.0041860 seconds, Stopping threads took: 0.0000170 seconds
75.522: [GC (Allocation Failure)  518371K->202789K(1035264K), 0.0039001 secs]
75.526: Total time for which application threads were stopped: 0.0040569 seconds, Stopping threads took: 0.0000252 seconds
75.591: [GC (Allocation Failure)  525349K->202757K(1030144K), 0.0037374 secs]
75.594: Total time for which application threads were stopped: 0.0038666 seconds, Stopping threads took: 0.0000186 seconds
75.661: [GC (Allocation Failure)  525317K->202821K(1034752K), 0.0040357 secs]
75.665: Total time for which application threads were stopped: 0.0041797 seconds, Stopping threads took: 0.0000166 seconds
75.732: [GC (Allocation Failure)  524357K->210792K(1029120K), 0.0040831 secs]
75.736: Total time for which application threads were stopped: 0.0042450 seconds, Stopping threads took: 0.0000205 seconds
75.806: [GC (Allocation Failure)  532328K->210792K(1034240K), 0.0038800 secs]
75.810: Total time for which application threads were stopped: 0.0040250 seconds, Stopping threads took: 0.0000170 seconds
75.876: [GC (Allocation Failure)  531304K->211048K(1034240K), 0.0040293 secs]
75.880: Total time for which application threads were stopped: 0.0041829 seconds, Stopping threads took: 0.0000198 seconds
75.950: [GC (Allocation Failure)  531560K->218826K(1034240K), 0.0039174 secs]
75.954: Total time for which application threads were stopped: 0.0040721 seconds, Stopping threads took: 0.0000198 seconds
76.021: [GC (Allocation Failure)  539338K->218826K(1034240K), 0.0040138 secs]
76.026: Total time for which application threads were stopped: 0.0041962 seconds, Stopping threads took: 0.0000285 seconds
76.092: [GC (Allocation Failure)  539338K->219274K(1033216K), 0.0040290 secs]
76.096: Total time for which application threads were stopped: 0.0041645 seconds, Stopping threads took: 0.0000196 seconds
76.162: [GC (Allocation Failure)  538762K->226892K(1033728K), 0.0042043 secs]
76.166: Total time for which application threads were stopped: 0.0043522 seconds, Stopping threads took: 0.0000200 seconds
76.231: [GC (Allocation Failure)  546380K->226860K(1033728K), 0.0039105 secs]
76.235: Total time for which application threads were stopped: 0.0040645 seconds, Stopping threads took: 0.0000207 seconds
76.297: [GC (Allocation Failure)  546348K->226988K(1033728K), 0.0040462 secs]
76.301: Total time for which application threads were stopped: 0.0041978 seconds, Stopping threads took: 0.0000217 seconds
76.365: [GC (Allocation Failure)  546476K->234894K(1033728K), 0.0038222 secs]
76.368: Total time for which application threads were stopped: 0.0039669 seconds, Stopping threads took: 0.0000286 seconds
76.432: [GC (Allocation Failure)  554382K->234894K(1033728K), 0.0041404 secs]
76.436: Total time for which application threads were stopped: 0.0042736 seconds, Stopping threads took: 0.0000197 seconds
76.499: [GC (Allocation Failure)  554382K->234950K(1033728K), 0.0040697 secs]
76.503: Total time for which application threads were stopped: 0.0042133 seconds, Stopping threads took: 0.0000258 seconds
76.566: [GC (Allocation Failure)  554438K->242921K(1027072K), 0.0041406 secs]
76.570: Total time for which application threads were stopped: 0.0042727 seconds, Stopping threads took: 0.0000197 seconds
76.633: [GC (Allocation Failure)  562408K->239014K(1034240K), 0.0034176 secs]
76.637: Total time for which application threads were stopped: 0.0035651 seconds, Stopping threads took: 0.0000180 seconds
76.704: [GC (Allocation Failure)  558502K->243081K(1033216K), 0.0041626 secs]
76.708: Total time for which application threads were stopped: 0.0043339 seconds, Stopping threads took: 0.0000311 seconds
76.775: [GC (Allocation Failure)  562569K->247081K(1034752K), 0.0040027 secs]
76.779: Total time for which application threads were stopped: 0.0041888 seconds, Stopping threads took: 0.0000194 seconds
76.846: [GC (Allocation Failure)  568617K->240262K(1034752K), 0.0015036 secs]
76.848: Total time for which application threads were stopped: 0.0016233 seconds, Stopping threads took: 0.0000164 seconds
76.915: [GC (Allocation Failure)  561798K->247145K(1034752K), 0.0041188 secs]
76.919: Total time for which application threads were stopped: 0.0042771 seconds, Stopping threads took: 0.0000207 seconds
76.985: [GC (Allocation Failure)  568681K->251185K(1034752K), 0.0050596 secs]
76.990: Total time for which application threads were stopped: 0.0052258 seconds, Stopping threads took: 0.0000222 seconds
77.055: [GC (Allocation Failure)  572721K->245646K(1034752K), 0.0020905 secs]
77.058: Total time for which application threads were stopped: 0.0022355 seconds, Stopping threads took: 0.0000206 seconds
77.124: [GC (Allocation Failure)  567182K->251449K(1034752K), 0.0039875 secs]
77.128: Total time for which application threads were stopped: 0.0041344 seconds, Stopping threads took: 0.0000219 seconds
77.195: [GC (Allocation Failure)  572985K->255353K(1035264K), 0.0044107 secs]
77.200: Total time for which application threads were stopped: 0.0045441 seconds, Stopping threads took: 0.0000193 seconds
77.265: [GC (Allocation Failure)  577841K->251414K(1035264K), 0.0064814 secs]
77.272: Total time for which application threads were stopped: 0.0066136 seconds, Stopping threads took: 0.0000195 seconds
77.337: [GC (Allocation Failure)  573974K->255489K(1036288K), 0.0040602 secs]
77.341: Total time for which application threads were stopped: 0.0042165 seconds, Stopping threads took: 0.0000271 seconds
77.407: [GC (Allocation Failure)  579585K->259489K(1035776K), 0.0039641 secs]
77.411: Total time for which application threads were stopped: 0.0041025 seconds, Stopping threads took: 0.0000199 seconds
77.476: [GC (Allocation Failure)  583585K->259489K(1035776K), 0.0038550 secs]
77.480: Total time for which application threads were stopped: 0.0039972 seconds, Stopping threads took: 0.0000203 seconds
77.546: [GC (Allocation Failure)  583073K->259529K(1023488K), 0.0040176 secs]
77.550: Total time for which application threads were stopped: 0.0041535 seconds, Stopping threads took: 0.0000188 seconds
77.616: [GC (Allocation Failure)  583113K->267499K(1035264K), 0.0048727 secs]
77.621: Total time for which application threads were stopped: 0.0050100 seconds, Stopping threads took: 0.0000254 seconds
77.688: [GC (Allocation Failure)  590059K->267499K(1030144K), 0.0039048 secs]
77.692: Total time for which application threads were stopped: 0.0040766 seconds, Stopping threads took: 0.0000204 seconds
77.761: [GC (Allocation Failure)  590059K->267563K(1034752K), 0.0041382 secs]
77.765: Total time for which application threads were stopped: 0.0042935 seconds, Stopping threads took: 0.0000198 seconds
77.832: [GC (Allocation Failure)  589099K->275565K(1029120K), 0.0043045 secs]
77.837: Total time for which application threads were stopped: 0.0044617 seconds, Stopping threads took: 0.0000204 seconds
77.906: [GC (Allocation Failure)  597101K->275533K(1034240K), 0.0038353 secs]
77.910: Total time for which application threads were stopped: 0.0039943 seconds, Stopping threads took: 0.0000192 seconds
77.976: [GC (Allocation Failure)  596045K->275781K(1034240K), 0.0041088 secs]
77.981: Total time for which application threads were stopped: 0.0042740 seconds, Stopping threads took: 0.0000206 seconds
78.049: [GC (Allocation Failure)  596293K->283591K(1034240K), 0.0040557 secs]
78.054: Total time for which application threads were stopped: 0.0042238 seconds, Stopping threads took: 0.0000263 seconds
78.120: [GC (Allocation Failure)  604103K->283591K(1034240K), 0.0041859 secs]
78.124: Total time for which application threads were stopped: 0.0043312 seconds, Stopping threads took: 0.0000199 seconds
78.188: [GC (Allocation Failure)  604103K->284007K(1033216K), 0.0040350 secs]
78.192: Total time for which application threads were stopped: 0.0041636 seconds, Stopping threads took: 0.0000201 seconds
78.259: [GC (Allocation Failure)  603495K->291626K(1033728K), 0.0039352 secs]
78.263: Total time for which application threads were stopped: 0.0040715 seconds, Stopping threads took: 0.0000276 seconds
78.329: [GC (Allocation Failure)  611114K->291594K(1033728K), 0.0040362 secs]
78.333: Total time for which application threads were stopped: 0.0041750 seconds, Stopping threads took: 0.0000190 seconds
78.396: [GC (Allocation Failure)  611082K->291754K(1033728K), 0.0042095 secs]
78.400: Total time for which application threads were stopped: 0.0043541 seconds, Stopping threads took: 0.0000193 seconds
78.464: [GC (Allocation Failure)  611242K->299628K(1033728K), 0.0040565 secs]
78.468: Total time for which application threads were stopped: 0.0041997 seconds, Stopping threads took: 0.0000197 seconds
78.532: [GC (Allocation Failure)  619116K->299628K(1033728K), 0.0040414 secs]
78.536: Total time for which application threads were stopped: 0.0041728 seconds, Stopping threads took: 0.0000197 seconds
78.599: [GC (Allocation Failure)  619116K->299692K(1033728K), 0.0041685 secs]
78.603: Total time for which application threads were stopped: 0.0043047 seconds, Stopping threads took: 0.0000200 seconds
78.669: [GC (Allocation Failure)  619180K->307662K(1027072K), 0.0042803 secs]
78.674: Total time for which application threads were stopped: 0.0044425 seconds, Stopping threads took: 0.0000173 seconds
78.739: [GC (Allocation Failure)  627150K->303756K(1034240K), 0.0032314 secs]
78.743: Total time for which application threads were stopped: 0.0033996 seconds, Stopping threads took: 0.0000168 seconds
78.812: [GC (Allocation Failure)  623244K->307814K(1033216K), 0.0043736 secs]
78.816: Total time for which application threads were stopped: 0.0045563 seconds, Stopping threads took: 0.0000284 seconds
78.885: [GC (Allocation Failure)  627302K->311814K(1034752K), 0.0040217 secs]
78.889: Total time for which application threads were stopped: 0.0041835 seconds, Stopping threads took: 0.0000195 seconds
78.956: [GC (Allocation Failure)  633350K->304996K(1034752K), 0.0015041 secs]
78.957: Total time for which application threads were stopped: 0.0016312 seconds, Stopping threads took: 0.0000190 seconds
79.024: [GC (Allocation Failure)  626532K->311886K(1034752K), 0.0041658 secs]
79.029: Total time for which application threads were stopped: 0.0043520 seconds, Stopping threads took: 0.0000200 seconds
79.097: [GC (Allocation Failure)  633422K->315934K(1034752K), 0.0051715 secs]
79.102: Total time for which application threads were stopped: 0.0053590 seconds, Stopping threads took: 0.0000205 seconds
79.168: [GC (Allocation Failure)  637470K->310396K(1034752K), 0.0021722 secs]
79.171: Total time for which application threads were stopped: 0.0023275 seconds, Stopping threads took: 0.0000197 seconds
79.239: [GC (Allocation Failure)  631932K->316238K(1034752K), 0.0043498 secs]
79.243: Total time for which application threads were stopped: 0.0045154 seconds, Stopping threads took: 0.0000201 seconds
79.312: [GC (Allocation Failure)  637774K->320110K(1035264K), 0.0046669 secs]
79.317: Total time for which application threads were stopped: 0.0048249 seconds, Stopping threads took: 0.0000202 seconds
79.383: [GC (Allocation Failure)  642598K->316172K(1035264K), 0.0031217 secs]
79.386: Total time for which application threads were stopped: 0.0032551 seconds, Stopping threads took: 0.0000200 seconds
79.456: [GC (Allocation Failure)  638732K->320238K(1036288K), 0.0041853 secs]
79.460: Total time for which application threads were stopped: 0.0043204 seconds, Stopping threads took: 0.0000195 seconds
79.526: [GC (Allocation Failure)  644334K->324206K(1035776K), 0.0039596 secs]
79.530: Total time for which application threads were stopped: 0.0041001 seconds, Stopping threads took: 0.0000260 seconds
79.596: [GC (Allocation Failure)  648302K->324238K(1035776K), 0.0042258 secs]
79.600: Total time for which application threads were stopped: 0.0043957 seconds, Stopping threads took: 0.0000334 seconds
79.669: [GC (Allocation Failure)  647822K->324270K(1023488K), 0.0043455 secs]
79.673: Total time for which application threads were stopped: 0.0045193 seconds, Stopping threads took: 0.0000200 seconds
79.741: [GC (Allocation Failure)  647854K->332272K(1035264K), 0.0042140 secs]
79.745: Total time for which application threads were stopped: 0.0043702 seconds, Stopping threads took: 0.0000162 seconds
79.813: [GC (Allocation Failure)  654832K->332240K(1030144K), 0.0041298 secs]
79.817: Total time for which application threads were stopped: 0.0043222 seconds, Stopping threads took: 0.0000196 seconds
79.885: [GC (Allocation Failure)  654800K->332296K(1034752K), 0.0042618 secs]
79.889: Total time for which application threads were stopped: 0.0044232 seconds, Stopping threads took: 0.0000202 seconds
79.957: [GC (Allocation Failure)  653832K->340331K(1029120K), 0.0043978 secs]
79.962: Total time for which application threads were stopped: 0.0045770 seconds, Stopping threads took: 0.0000204 seconds
80.030: [GC (Allocation Failure)  661867K->340299K(1034240K), 0.0039252 secs]
80.034: Total time for which application threads were stopped: 0.0040904 seconds, Stopping threads took: 0.0000281 seconds
80.102: [GC (Allocation Failure)  660811K->340515K(1034240K), 0.0044539 secs]
80.106: Total time for which application threads were stopped: 0.0046040 seconds, Stopping threads took: 0.0000188 seconds
80.175: [GC (Allocation Failure)  661027K->348293K(1034240K), 0.0061282 secs]
80.181: Total time for which application threads were stopped: 0.0062909 seconds, Stopping threads took: 0.0000200 seconds
80.249: [GC (Allocation Failure)  668805K->348293K(1034240K), 0.0042959 secs]
80.254: Total time for which application threads were stopped: 0.0044692 seconds, Stopping threads took: 0.0000201 seconds
80.323: [GC (Allocation Failure)  668805K->348741K(1033216K), 0.0044201 secs]
80.327: Total time for which application threads were stopped: 0.0045803 seconds, Stopping threads took: 0.0000212 seconds
80.395: [GC (Allocation Failure)  668229K->356327K(1033728K), 0.0044425 secs]
80.400: Total time for which application threads were stopped: 0.0046079 seconds, Stopping threads took: 0.0000199 seconds
80.469: [GC (Allocation Failure)  675815K->356327K(1033728K), 0.0042609 secs]
80.473: Total time for which application threads were stopped: 0.0044319 seconds, Stopping threads took: 0.0000201 seconds
80.538: [GC (Allocation Failure)  675815K->356455K(1033728K), 0.0042492 secs]
80.542: Total time for which application threads were stopped: 0.0044239 seconds, Stopping threads took: 0.0000204 seconds
80.610: [GC (Allocation Failure)  675943K->364393K(1033728K), 0.0056929 secs]
80.616: Total time for which application threads were stopped: 0.0058786 seconds, Stopping threads took: 0.0000239 seconds
80.684: [GC (Allocation Failure)  683881K->364361K(1033728K), 0.0043695 secs]
80.688: Total time for which application threads were stopped: 0.0045435 seconds, Stopping threads took: 0.0000272 seconds
80.756: [GC (Allocation Failure)  683849K->364425K(1033728K), 0.0044281 secs]
80.761: Total time for which application threads were stopped: 0.0045958 seconds, Stopping threads took: 0.0000207 seconds
80.827: [GC (Allocation Failure)  683913K->372396K(1027072K), 0.0044851 secs]
80.832: Total time for which application threads were stopped: 0.0046575 seconds, Stopping threads took: 0.0000204 seconds
80.898: [GC (Allocation Failure)  691883K->368489K(1034240K), 0.0034218 secs]
80.902: Total time for which application threads were stopped: 0.0036197 seconds, Stopping threads took: 0.0000296 seconds
80.969: [GC (Allocation Failure)  687977K->372484K(1033216K), 0.0049982 secs]
80.974: Total time for which application threads were stopped: 0.0051639 seconds, Stopping threads took: 0.0000200 seconds
81.042: [GC (Allocation Failure)  691972K->376516K(1034752K), 0.0041998 secs]
81.046: Total time for which application threads were stopped: 0.0043632 seconds, Stopping threads took: 0.0000196 seconds
81.114: [GC (Allocation Failure)  698052K->369729K(1034752K), 0.0017976 secs]
81.116: Total time for which application threads were stopped: 0.0019297 seconds, Stopping threads took: 0.0000200 seconds
81.184: [GC (Allocation Failure)  691265K->376556K(1034752K), 0.0040793 secs]
81.189: Total time for which application threads were stopped: 0.0042533 seconds, Stopping threads took: 0.0000194 seconds
81.256: [GC (Allocation Failure)  698092K->380668K(1034752K), 0.0052036 secs]
81.261: Total time for which application threads were stopped: 0.0053818 seconds, Stopping threads took: 0.0000175 seconds
81.327: [GC (Allocation Failure)  702204K->375129K(1034752K), 0.0022700 secs]
81.330: Total time for which application threads were stopped: 0.0024160 seconds, Stopping threads took: 0.0000169 seconds
81.396: [GC (Allocation Failure)  696665K->380940K(1034752K), 0.0043204 secs]
81.401: Total time for which application threads were stopped: 0.0044828 seconds, Stopping threads took: 0.0000199 seconds
81.466: [GC (Allocation Failure)  702476K->384844K(1034752K), 0.0046988 secs]
81.471: Total time for which application threads were stopped: 0.0048420 seconds, Stopping threads took: 0.0000216 seconds
81.535: [GC (Allocation Failure)  707332K->380905K(1035264K), 0.0030624 secs]
81.538: Total time for which application threads were stopped: 0.0031923 seconds, Stopping threads took: 0.0000254 seconds
81.603: [GC (Allocation Failure)  703465K->384964K(1036288K), 0.0105440 secs]
81.613: Total time for which application threads were stopped: 0.0107167 seconds, Stopping threads took: 0.0000191 seconds
81.682: [GC (Allocation Failure)  709060K->388932K(1035776K), 0.0043861 secs]
81.686: Total time for which application threads were stopped: 0.0045625 seconds, Stopping threads took: 0.0000198 seconds
81.754: [GC (Allocation Failure)  713028K->388932K(1035776K), 0.0041943 secs]
81.758: Total time for which application threads were stopped: 0.0043444 seconds, Stopping threads took: 0.0000195 seconds
81.825: [GC (Allocation Failure)  712516K->389004K(1023488K), 0.0042836 secs]
81.830: Total time for which application threads were stopped: 0.0044439 seconds, Stopping threads took: 0.0000194 seconds
81.895: [GC (Allocation Failure)  712588K->396974K(1035264K), 0.0046038 secs]
81.900: Total time for which application threads were stopped: 0.0047604 seconds, Stopping threads took: 0.0000190 seconds
81.966: [GC (Allocation Failure)  719534K->397006K(1030144K), 0.0042228 secs]
81.970: Total time for which application threads were stopped: 0.0043725 seconds, Stopping threads took: 0.0000195 seconds
82.038: [GC (Allocation Failure)  719566K->397030K(1034752K), 0.0043862 secs]
82.043: Total time for which application threads were stopped: 0.0045292 seconds, Stopping threads took: 0.0000196 seconds
82.109: [GC (Allocation Failure)  718566K->405032K(1029120K), 0.0044082 secs]
82.113: Total time for which application threads were stopped: 0.0045531 seconds, Stopping threads took: 0.0000190 seconds
82.179: [GC (Allocation Failure)  726568K->404968K(1034240K), 0.0041520 secs]
82.183: Total time for which application threads were stopped: 0.0043101 seconds, Stopping threads took: 0.0000188 seconds
82.249: [GC (Allocation Failure)  725480K->405224K(1034240K), 0.0042570 secs]
82.253: Total time for which application threads were stopped: 0.0043765 seconds, Stopping threads took: 0.0000247 seconds
82.320: [GC (Allocation Failure)  725736K->413035K(1034240K), 0.0042282 secs]
82.324: Total time for which application threads were stopped: 0.0043592 seconds, Stopping threads took: 0.0000201 seconds
82.391: [GC (Allocation Failure)  733547K->413035K(1034240K), 0.0043295 secs]
82.395: Total time for which application threads were stopped: 0.0044750 seconds, Stopping threads took: 0.0000187 seconds
82.461: [GC (Allocation Failure)  733547K->413483K(1033216K), 0.0043853 secs]
82.465: Total time for which application threads were stopped: 0.0045201 seconds, Stopping threads took: 0.0000190 seconds
82.529: [GC (Allocation Failure)  732971K->421101K(1033728K), 0.0041263 secs]
82.533: Total time for which application threads were stopped: 0.0042625 seconds, Stopping threads took: 0.0000274 seconds
82.598: [GC (Allocation Failure)  740589K->421101K(1033728K), 0.0042600 secs]
82.603: Total time for which application threads were stopped: 0.0043889 seconds, Stopping threads took: 0.0000187 seconds
82.666: [GC (Allocation Failure)  740589K->421229K(1033728K), 0.0043274 secs]
82.671: Total time for which application threads were stopped: 0.0044664 seconds, Stopping threads took: 0.0000195 seconds
82.736: [GC (Allocation Failure)  740717K->429103K(1033728K), 0.0041958 secs]
82.740: Total time for which application threads were stopped: 0.0043542 seconds, Stopping threads took: 0.0000379 seconds
82.803: [GC (Allocation Failure)  748591K->429103K(1033728K), 0.0043593 secs]
82.808: Total time for which application threads were stopped: 0.0045270 seconds, Stopping threads took: 0.0000222 seconds
82.871: [GC (Allocation Failure)  748591K->429159K(1033728K), 0.0043615 secs]
82.875: Total time for which application threads were stopped: 0.0045117 seconds, Stopping threads took: 0.0000294 seconds
82.940: [GC (Allocation Failure)  748647K->437129K(1027072K), 0.0044879 secs]
82.945: Total time for which application threads were stopped: 0.0046255 seconds, Stopping threads took: 0.0000204 seconds
83.006: [GC (Allocation Failure)  756617K->433255K(1034240K), 0.0034809 secs]
83.010: Total time for which application threads were stopped: 0.0036233 seconds, Stopping threads took: 0.0000259 seconds
83.076: [GC (Allocation Failure)  752743K->437289K(1033216K), 0.0043864 secs]
83.080: Total time for which application threads were stopped: 0.0045271 seconds, Stopping threads took: 0.0000285 seconds
83.143: [GC (Allocation Failure)  756777K->441257K(1034752K), 0.0043540 secs]
83.148: Total time for which application threads were stopped: 0.0045021 seconds, Stopping threads took: 0.0000181 seconds
83.210: [GC (Allocation Failure)  762793K->434471K(1034752K), 0.0018334 secs]
83.212: Total time for which application threads were stopped: 0.0019852 seconds, Stopping threads took: 0.0000187 seconds
83.276: [GC (Allocation Failure)  756007K->441321K(1034752K), 0.0041516 secs]
83.281: Total time for which application threads were stopped: 0.0042714 seconds, Stopping threads took: 0.0000156 seconds
83.342: [GC (Allocation Failure)  762857K->445401K(1034752K), 0.0053046 secs]
83.348: Total time for which application threads were stopped: 0.0054193 seconds, Stopping threads took: 0.0000180 seconds
83.410: [GC (Allocation Failure)  766937K->439831K(1034752K), 0.0026561 secs]
83.413: Total time for which application threads were stopped: 0.0027890 seconds, Stopping threads took: 0.0000163 seconds
83.478: [GC (Allocation Failure)  761367K->445673K(1034752K), 0.0042458 secs]
83.482: Total time for which application threads were stopped: 0.0043658 seconds, Stopping threads took: 0.0000154 seconds
83.546: [GC (Allocation Failure)  767209K->449577K(1034752K), 0.0046344 secs]
83.551: Total time for which application threads were stopped: 0.0047961 seconds, Stopping threads took: 0.0000253 seconds
83.615: [GC (Allocation Failure)  772066K->445671K(1035264K), 0.0032971 secs]
83.619: Total time for which application threads were stopped: 0.0034558 seconds, Stopping threads took: 0.0000256 seconds
83.684: [GC (Allocation Failure)  768231K->449705K(1036288K), 0.0044598 secs]
83.689: Total time for which application threads were stopped: 0.0046021 seconds, Stopping threads took: 0.0000279 seconds
83.753: [GC (Allocation Failure)  773801K->453673K(1035776K), 0.0043933 secs]
83.758: Total time for which application threads were stopped: 0.0045250 seconds, Stopping threads took: 0.0000186 seconds
83.822: [GC (Allocation Failure)  777769K->453673K(1035776K), 0.0043577 secs]
83.827: Total time for which application threads were stopped: 0.0044917 seconds, Stopping threads took: 0.0000191 seconds
83.891: [GC (Allocation Failure)  777257K->453737K(1023488K), 0.0043780 secs]
83.895: Total time for which application threads were stopped: 0.0045181 seconds, Stopping threads took: 0.0000250 seconds
83.958: [GC (Allocation Failure)  777321K->461708K(1035264K), 0.0045835 secs]
83.962: Total time for which application threads were stopped: 0.0047391 seconds, Stopping threads took: 0.0000201 seconds
84.026: [GC (Allocation Failure)  784268K->461708K(1030144K), 0.0041537 secs]
84.030: Total time for which application threads were stopped: 0.0042886 seconds, Stopping threads took: 0.0000189 seconds
84.094: [GC (Allocation Failure)  784268K->461772K(1034752K), 0.0045280 secs]
84.098: Total time for which application threads were stopped: 0.0046704 seconds, Stopping threads took: 0.0000190 seconds
84.162: [GC (Allocation Failure)  783308K->469742K(1034752K), 0.0045617 secs]
84.166: Total time for which application threads were stopped: 0.0047285 seconds, Stopping threads took: 0.0000190 seconds
84.232: [GC (Allocation Failure)  791278K->469742K(1033728K), 0.0042425 secs]
84.236: Total time for which application threads were stopped: 0.0043661 seconds, Stopping threads took: 0.0000165 seconds
84.299: [GC (Allocation Failure)  790254K->469998K(1034240K), 0.0045302 secs]
84.304: Total time for which application threads were stopped: 0.0046743 seconds, Stopping threads took: 0.0000192 seconds
84.368: [GC (Allocation Failure)  790510K->477808K(1034240K), 0.0042903 secs]
84.372: Total time for which application threads were stopped: 0.0044326 seconds, Stopping threads took: 0.0000189 seconds
84.438: [GC (Allocation Failure)  798320K->477776K(1034240K), 0.0044264 secs]
84.442: Total time for which application threads were stopped: 0.0045752 seconds, Stopping threads took: 0.0000271 seconds
84.507: [GC (Allocation Failure)  798288K->478184K(1033216K), 0.0053029 secs]
84.512: Total time for which application threads were stopped: 0.0054454 seconds, Stopping threads took: 0.0000185 seconds
84.578: [GC (Allocation Failure)  797672K->485802K(1033728K), 0.0044814 secs]
84.582: Total time for which application threads were stopped: 0.0046340 seconds, Stopping threads took: 0.0000211 seconds
84.649: [GC (Allocation Failure)  805290K->485802K(1033728K), 0.0044301 secs]
84.653: Total time for which application threads were stopped: 0.0045693 seconds, Stopping threads took: 0.0000183 seconds
84.714: [GC (Allocation Failure)  805290K->485962K(1033728K), 0.0045529 secs]
84.719: Total time for which application threads were stopped: 0.0046857 seconds, Stopping threads took: 0.0000192 seconds
84.782: [GC (Allocation Failure)  805450K->493837K(1033728K), 0.0043188 secs]
84.787: Total time for which application threads were stopped: 0.0044538 seconds, Stopping threads took: 0.0000200 seconds
84.849: [GC (Allocation Failure)  813325K->493837K(1033728K), 0.0046104 secs]
84.854: Total time for which application threads were stopped: 0.0047520 seconds, Stopping threads took: 0.0000188 seconds
84.916: [GC (Allocation Failure)  813325K->493901K(1033728K), 0.0045509 secs]
84.921: Total time for which application threads were stopped: 0.0046891 seconds, Stopping threads took: 0.0000271 seconds
84.985: [GC (Allocation Failure)  813389K->501903K(1027072K), 0.0045080 secs]
84.990: Total time for which application threads were stopped: 0.0046530 seconds, Stopping threads took: 0.0000240 seconds
85.051: [GC (Allocation Failure)  821390K->497965K(1034240K), 0.0036189 secs]
85.054: Total time for which application threads were stopped: 0.0037556 seconds, Stopping threads took: 0.0000274 seconds
85.117: [GC (Allocation Failure)  817453K->502023K(1033216K), 0.0045315 secs]
85.122: Total time for which application threads were stopped: 0.0046596 seconds, Stopping threads took: 0.0000185 seconds
85.185: [GC (Allocation Failure)  821511K->505991K(1034752K), 0.0044558 secs]
85.190: Total time for which application threads were stopped: 0.0045800 seconds, Stopping threads took: 0.0000174 seconds
85.252: [GC (Allocation Failure)  827527K->499205K(1034752K), 0.0020953 secs]
85.254: Total time for which application threads were stopped: 0.0022311 seconds, Stopping threads took: 0.0000182 seconds
85.319: [GC (Allocation Failure)  820741K->506055K(1034752K), 0.0043714 secs]
85.324: Total time for which application threads were stopped: 0.0045283 seconds, Stopping threads took: 0.0000236 seconds
85.386: [GC (Allocation Failure)  827591K->510135K(1034752K), 0.0053361 secs]
85.391: Total time for which application threads were stopped: 0.0054976 seconds, Stopping threads took: 0.0000235 seconds
85.454: [GC (Allocation Failure)  831671K->504565K(1034752K), 0.0064819 secs]
85.461: Total time for which application threads were stopped: 0.0066016 seconds, Stopping threads took: 0.0000161 seconds
85.525: [GC (Allocation Failure)  826101K->510407K(1034752K), 0.0044869 secs]
85.529: Total time for which application threads were stopped: 0.0046435 seconds, Stopping threads took: 0.0000270 seconds
85.594: [GC (Allocation Failure)  831943K->514279K(1034752K), 0.0047774 secs]
85.599: Total time for which application threads were stopped: 0.0049112 seconds, Stopping threads took: 0.0000189 seconds
85.664: [GC (Allocation Failure)  836767K->510373K(1035264K), 0.0034015 secs]
85.668: Total time for which application threads were stopped: 0.0035371 seconds, Stopping threads took: 0.0000187 seconds
85.734: [GC (Allocation Failure)  832933K->514431K(1036288K), 0.0048098 secs]
85.739: Total time for which application threads were stopped: 0.0049341 seconds, Stopping threads took: 0.0000166 seconds
85.804: [GC (Allocation Failure)  838527K->518431K(1035776K), 0.0044214 secs]
85.809: Total time for which application threads were stopped: 0.0045559 seconds, Stopping threads took: 0.0000195 seconds
85.873: [GC (Allocation Failure)  842527K->518399K(1035776K), 0.0045113 secs]
85.878: Total time for which application threads were stopped: 0.0046591 seconds, Stopping threads took: 0.0000250 seconds
85.943: [GC (Allocation Failure)  841983K->518471K(1023488K), 0.0045968 secs]
85.948: Total time for which application threads were stopped: 0.0047286 seconds, Stopping threads took: 0.0000192 seconds
86.013: [GC (Allocation Failure)  842055K->526473K(1035264K), 0.0045010 secs]
86.017: Total time for which application threads were stopped: 0.0046462 seconds, Stopping threads took: 0.0000257 seconds
86.082: [GC (Allocation Failure)  849033K->526441K(1030144K), 0.0044288 secs]
86.087: Total time for which application threads were stopped: 0.0045628 seconds, Stopping threads took: 0.0000192 seconds
86.151: [GC (Allocation Failure)  849001K->526505K(1034752K), 0.0047024 secs]
86.156: Total time for which application threads were stopped: 0.0048564 seconds, Stopping threads took: 0.0000236 seconds
86.221: [GC (Allocation Failure)  848041K->534475K(1029120K), 0.0047761 secs]
86.225: Total time for which application threads were stopped: 0.0049345 seconds, Stopping threads took: 0.0000241 seconds
86.291: [GC (Allocation Failure)  856011K->534475K(1034240K), 0.0044013 secs]
86.296: Total time for which application threads were stopped: 0.0045424 seconds, Stopping threads took: 0.0000198 seconds
86.359: [GC (Allocation Failure)  854987K->534731K(1034240K), 0.0047051 secs]
86.364: Total time for which application threads were stopped: 0.0048611 seconds, Stopping threads took: 0.0000287 seconds
86.429: [GC (Allocation Failure)  855243K->542542K(1034240K), 0.0045097 secs]
86.434: Total time for which application threads were stopped: 0.0046521 seconds, Stopping threads took: 0.0000189 seconds
86.498: [GC (Allocation Failure)  863054K->542510K(1034240K), 0.0046099 secs]
86.502: Total time for which application threads were stopped: 0.0047572 seconds, Stopping threads took: 0.0000191 seconds
86.567: [GC (Allocation Failure)  863022K->542950K(1033216K), 0.0048034 secs]
86.572: Total time for which application threads were stopped: 0.0049394 seconds, Stopping threads took: 0.0000198 seconds
86.637: [GC (Allocation Failure)  862438K->550536K(1033728K), 0.0045979 secs]
86.642: Total time for which application threads were stopped: 0.0047637 seconds, Stopping threads took: 0.0000172 seconds
86.710: [GC (Allocation Failure)  870024K->550536K(1033728K), 0.0046678 secs]
86.714: Total time for which application threads were stopped: 0.0048367 seconds, Stopping threads took: 0.0000202 seconds
86.781: [GC (Allocation Failure)  870024K->550664K(1033728K), 0.0047363 secs]
86.785: Total time for which application threads were stopped: 0.0048878 seconds, Stopping threads took: 0.0000222 seconds
86.853: [GC (Allocation Failure)  870152K->558602K(1033728K), 0.0045113 secs]
86.857: Total time for which application threads were stopped: 0.0046547 seconds, Stopping threads took: 0.0000207 seconds
86.921: [GC (Allocation Failure)  878090K->558570K(1033728K), 0.0045708 secs]
86.925: Total time for which application threads were stopped: 0.0047081 seconds, Stopping threads took: 0.0000200 seconds
86.990: [GC (Allocation Failure)  878058K->558634K(1033728K), 0.0045605 secs]
86.995: Total time for which application threads were stopped: 0.0046969 seconds, Stopping threads took: 0.0000201 seconds
87.061: [GC (Allocation Failure)  878122K->566605K(1027072K), 0.0046184 secs]
87.066: Total time for which application threads were stopped: 0.0047501 seconds, Stopping threads took: 0.0000257 seconds
87.128: [GC (Allocation Failure)  886092K->562698K(1034240K), 0.0038381 secs]
87.132: Total time for which application threads were stopped: 0.0039731 seconds, Stopping threads took: 0.0000198 seconds
87.196: [GC (Allocation Failure)  882186K->566765K(1033216K), 0.0046488 secs]
87.201: Total time for which application threads were stopped: 0.0047877 seconds, Stopping threads took: 0.0000200 seconds
87.264: [GC (Allocation Failure)  886253K->570765K(1034752K), 0.0044794 secs]
87.269: Total time for which application threads were stopped: 0.0046303 seconds, Stopping threads took: 0.0000197 seconds
87.334: [GC (Allocation Failure)  892301K->563946K(1034752K), 0.0021819 secs]
87.336: Total time for which application threads were stopped: 0.0023127 seconds, Stopping threads took: 0.0000163 seconds
87.399: [GC (Allocation Failure)  885482K->570837K(1034752K), 0.0046420 secs]
87.404: Total time for which application threads were stopped: 0.0047898 seconds, Stopping threads took: 0.0000214 seconds
87.468: [GC (Allocation Failure)  892373K->574917K(1034752K), 0.0056316 secs]
87.474: Total time for which application threads were stopped: 0.0057732 seconds, Stopping threads took: 0.0000208 seconds
87.535: [GC (Allocation Failure)  896453K->569346K(1034752K), 0.0028360 secs]
87.538: Total time for which application threads were stopped: 0.0029743 seconds, Stopping threads took: 0.0000190 seconds
87.603: [GC (Allocation Failure)  890882K->575149K(1034752K), 0.0092960 secs]
87.613: Total time for which application threads were stopped: 0.0094673 seconds, Stopping threads took: 0.0000207 seconds
87.678: [GC (Allocation Failure)  896685K->579021K(1035264K), 0.0050087 secs]
87.683: Total time for which application threads were stopped: 0.0051592 seconds, Stopping threads took: 0.0000201 seconds
87.747: [GC (Allocation Failure)  901509K->575114K(1035264K), 0.0035481 secs]
87.751: Total time for which application threads were stopped: 0.0036947 seconds, Stopping threads took: 0.0000191 seconds
87.817: [GC (Allocation Failure)  897674K->579181K(1036288K), 0.0047210 secs]
87.821: Total time for which application threads were stopped: 0.0048449 seconds, Stopping threads took: 0.0000165 seconds
87.885: [GC (Allocation Failure)  903277K->583149K(1035776K), 0.0045606 secs]
87.889: Total time for which application threads were stopped: 0.0047233 seconds, Stopping threads took: 0.0000239 seconds
87.955: [GC (Allocation Failure)  907245K->583181K(1035776K), 0.0045753 secs]
87.960: Total time for which application threads were stopped: 0.0047588 seconds, Stopping threads took: 0.0000189 seconds
88.026: [GC (Allocation Failure)  906765K->583213K(1023488K), 0.0045151 secs]
88.031: Total time for which application threads were stopped: 0.0046482 seconds, Stopping threads took: 0.0000245 seconds
88.093: [GC (Allocation Failure)  906797K->591215K(1035264K), 0.0046663 secs]
88.098: Total time for which application threads were stopped: 0.0048057 seconds, Stopping threads took: 0.0000181 seconds
88.162: [GC (Allocation Failure)  913775K->591215K(1030144K), 0.0045107 secs]
88.167: Total time for which application threads were stopped: 0.0046484 seconds, Stopping threads took: 0.0000190 seconds
88.232: [GC (Allocation Failure)  913775K->591239K(1034752K), 0.0047698 secs]
88.236: Total time for which application threads were stopped: 0.0049087 seconds, Stopping threads took: 0.0000190 seconds
88.300: [GC (Allocation Failure)  912775K->599241K(1029120K), 0.0048258 secs]
88.305: Total time for which application threads were stopped: 0.0049779 seconds, Stopping threads took: 0.0000191 seconds
88.369: [GC (Allocation Failure)  920777K->599209K(1034240K), 0.0044092 secs]
88.373: Total time for which application threads were stopped: 0.0045617 seconds, Stopping threads took: 0.0000241 seconds
88.437: [GC (Allocation Failure)  919721K->599465K(1034240K), 0.0047231 secs]
88.441: Total time for which application threads were stopped: 0.0048634 seconds, Stopping threads took: 0.0000162 seconds
88.506: [GC (Allocation Failure)  919977K->607243K(1034240K), 0.0044900 secs]
88.510: Total time for which application threads were stopped: 0.0046431 seconds, Stopping threads took: 0.0000188 seconds
88.575: [GC (Allocation Failure)  927755K->607243K(1034240K), 0.0046905 secs]
88.580: Total time for which application threads were stopped: 0.0048383 seconds, Stopping threads took: 0.0000264 seconds
88.644: [GC (Allocation Failure)  927755K->607683K(1033216K), 0.0049559 secs]
88.649: Total time for which application threads were stopped: 0.0050908 seconds, Stopping threads took: 0.0000180 seconds
88.715: [GC (Allocation Failure)  927171K->615302K(1033728K), 0.0047884 secs]
88.720: Total time for which application threads were stopped: 0.0049541 seconds, Stopping threads took: 0.0000200 seconds
88.787: [GC (Allocation Failure)  934790K->615270K(1033728K), 0.0046146 secs]
88.792: Total time for which application threads were stopped: 0.0047748 seconds, Stopping threads took: 0.0000193 seconds
88.856: [GC (Allocation Failure)  934758K->615406K(1033728K), 0.0047918 secs]
88.861: Total time for which application threads were stopped: 0.0049474 seconds, Stopping threads took: 0.0000199 seconds
88.925: [GC (Allocation Failure)  934894K->623312K(1033728K), 0.0046713 secs]
88.930: Total time for which application threads were stopped: 0.0048223 seconds, Stopping threads took: 0.0000285 seconds
88.993: [GC (Allocation Failure)  942800K->623312K(1033728K), 0.0048104 secs]
88.998: Total time for which application threads were stopped: 0.0049520 seconds, Stopping threads took: 0.0000212 seconds
89.062: [GC (Allocation Failure)  942800K->623368K(1033728K), 0.0047126 secs]
89.067: Total time for which application threads were stopped: 0.0048565 seconds, Stopping threads took: 0.0000211 seconds
89.131: [GC (Allocation Failure)  942856K->631338K(1027072K), 0.0048126 secs]
89.136: Total time for which application threads were stopped: 0.0049504 seconds, Stopping threads took: 0.0000201 seconds
89.197: [GC (Allocation Failure)  950826K->627432K(1034240K), 0.0040347 secs]
89.201: Total time for which application threads were stopped: 0.0041755 seconds, Stopping threads took: 0.0000187 seconds
89.264: [GC (Allocation Failure)  946920K->631498K(1033216K), 0.0048225 secs]
89.269: Total time for which application threads were stopped: 0.0049640 seconds, Stopping threads took: 0.0000274 seconds
89.332: [GC (Allocation Failure)  950986K->635466K(1034752K), 0.0047261 secs]
89.337: Total time for which application threads were stopped: 0.0048612 seconds, Stopping threads took: 0.0000196 seconds
89.399: [GC (Allocation Failure)  957002K->628712K(1034752K), 0.0023914 secs]
89.401: Total time for which application threads were stopped: 0.0025442 seconds, Stopping threads took: 0.0000197 seconds
89.464: [GC (Allocation Failure)  950248K->635530K(1034752K), 0.0046190 secs]
89.469: Total time for which application threads were stopped: 0.0047415 seconds, Stopping threads took: 0.0000166 seconds
89.531: [GC (Allocation Failure)  957066K->639610K(1034752K), 0.0055007 secs]
89.536: Total time for which application threads were stopped: 0.0056275 seconds, Stopping threads took: 0.0000160 seconds
89.597: [GC (Allocation Failure)  961146K->634072K(1034752K), 0.0029633 secs]
89.600: Total time for which application threads were stopped: 0.0031080 seconds, Stopping threads took: 0.0000185 seconds
89.667: [GC (Allocation Failure)  955608K->639882K(1034752K), 0.0046632 secs]
89.672: Total time for which application threads were stopped: 0.0048035 seconds, Stopping threads took: 0.0000276 seconds
89.736: [GC (Allocation Failure)  961418K->643754K(1034752K), 0.0052307 secs]
89.741: Total time for which application threads were stopped: 0.0053764 seconds, Stopping threads took: 0.0000203 seconds
89.806: [GC (Allocation Failure)  966242K->639848K(1035264K), 0.0037229 secs]
89.809: Total time for which application threads were stopped: 0.0038625 seconds, Stopping threads took: 0.0000202 seconds
89.874: [GC (Allocation Failure)  962408K->643914K(1036288K), 0.0047496 secs]
89.878: Total time for which application threads were stopped: 0.0049075 seconds, Stopping threads took: 0.0000271 seconds
89.944: [GC (Allocation Failure)  968010K->647882K(1035776K), 0.0046435 secs]
89.949: Total time for which application threads were stopped: 0.0047855 seconds, Stopping threads took: 0.0000177 seconds
90.015: [GC (Allocation Failure)  971978K->647882K(1035776K), 0.0046632 secs]
90.020: Total time for which application threads were stopped: 0.0047925 seconds, Stopping threads took: 0.0000245 seconds
90.084: [GC (Allocation Failure)  971466K->647946K(1023488K), 0.0047970 secs]
90.089: Total time for which application threads were stopped: 0.0049434 seconds, Stopping threads took: 0.0000187 seconds
90.153: [GC (Allocation Failure)  971530K->655948K(1035264K), 0.0048059 secs]
90.157: Total time for which application threads were stopped: 0.0049363 seconds, Stopping threads took: 0.0000184 seconds
90.222: [GC (Allocation Failure)  978508K->655916K(1030144K), 0.0046168 secs]
90.227: Total time for which application threads were stopped: 0.0047779 seconds, Stopping threads took: 0.0000234 seconds
90.292: [GC (Allocation Failure)  978476K->655972K(1034752K), 0.0064541 secs]
90.299: Total time for which application threads were stopped: 0.0065739 seconds, Stopping threads took: 0.0000156 seconds
90.362: [GC (Allocation Failure)  977508K->663943K(1034752K), 0.0050380 secs]
90.367: Total time for which application threads were stopped: 0.0051815 seconds, Stopping threads took: 0.0000191 seconds
90.433: [GC (Allocation Failure)  985479K->663943K(1033728K), 0.0047090 secs]
90.438: Total time for which application threads were stopped: 0.0048473 seconds, Stopping threads took: 0.0000206 seconds
90.500: [GC (Allocation Failure)  984455K->664135K(1034240K), 0.0057266 secs]
90.506: Total time for which application threads were stopped: 0.0058707 seconds, Stopping threads took: 0.0000193 seconds
90.571: [GC (Allocation Failure)  984647K->671977K(1034240K), 0.0047817 secs]
90.576: Total time for which application threads were stopped: 0.0049135 seconds, Stopping threads took: 0.0000188 seconds
90.641: [GC (Allocation Failure)  992489K->672009K(1034240K), 0.0046884 secs]
90.646: Total time for which application threads were stopped: 0.0048380 seconds, Stopping threads took: 0.0000170 seconds
90.711: [GC (Allocation Failure)  992521K->672425K(1033216K), 0.0047473 secs]
90.715: Total time for which application threads were stopped: 0.0048733 seconds, Stopping threads took: 0.0000174 seconds
90.779: [GC (Allocation Failure)  991913K->680011K(1033728K), 0.0048290 secs]
90.784: Total time for which application threads were stopped: 0.0049681 seconds, Stopping threads took: 0.0000201 seconds
90.848: [GC (Allocation Failure)  999499K->680011K(1033728K), 0.0048184 secs]
90.853: Total time for which application threads were stopped: 0.0049680 seconds, Stopping threads took: 0.0000200 seconds
90.915: [GC (Allocation Failure)  999499K->680139K(1033728K), 0.0047714 secs]
90.920: Total time for which application threads were stopped: 0.0049222 seconds, Stopping threads took: 0.0000201 seconds
90.984: [GC (Allocation Failure)  999627K->688077K(1033728K), 0.0047670 secs]
90.989: Total time for which application threads were stopped: 0.0049072 seconds, Stopping threads took: 0.0000263 seconds
91.052: [GC (Allocation Failure)  1007565K->688045K(1033728K), 0.0050088 secs]
91.058: Total time for which application threads were stopped: 0.0051485 seconds, Stopping threads took: 0.0000188 seconds
91.120: [GC (Allocation Failure)  1007533K->688101K(1033728K), 0.0050019 secs]
91.125: [Full GC (Ergonomics)  688101K->8540K(1033728K), 0.0127534 secs]
91.138: Total time for which application threads were stopped: 0.0179673 seconds, Stopping threads took: 0.0000205 seconds
91.201: [GC (Allocation Failure)  328028K->16735K(1027584K), 0.0036728 secs]
91.205: Total time for which application threads were stopped: 0.0037980 seconds, Stopping threads took: 0.0000187 seconds
91.268: [GC (Allocation Failure)  336222K->12812K(1034240K), 0.0028041 secs]
91.270: Total time for which application threads were stopped: 0.0029583 seconds, Stopping threads took: 0.0000235 seconds
91.334: [GC (Allocation Failure)  332300K->16879K(1033216K), 0.0036299 secs]
91.337: Total time for which application threads were stopped: 0.0037655 seconds, Stopping threads took: 0.0000184 seconds
91.403: [GC (Allocation Failure)  336367K->20847K(1034752K), 0.0034382 secs]
91.406: Total time for which application threads were stopped: 0.0035703 seconds, Stopping threads took: 0.0000155 seconds
91.471: [GC (Allocation Failure)  342383K->14060K(1034752K), 0.0010042 secs]
91.472: Total time for which application threads were stopped: 0.0011273 seconds, Stopping threads took: 0.0000165 seconds
91.539: [GC (Allocation Failure)  335596K->20919K(1034752K), 0.0034181 secs]
91.542: Total time for which application threads were stopped: 0.0035563 seconds, Stopping threads took: 0.0000270 seconds
91.605: [GC (Allocation Failure)  342455K->24999K(1034752K), 0.0093988 secs]
91.614: Total time for which application threads were stopped: 0.0095324 seconds, Stopping threads took: 0.0000175 seconds
91.678: [GC (Allocation Failure)  346535K->19460K(1034752K), 0.0016805 secs]
91.680: Total time for which application threads were stopped: 0.0018312 seconds, Stopping threads took: 0.0000196 seconds
91.748: [GC (Allocation Failure)  340996K->25263K(1034752K), 0.0036637 secs]
91.752: Total time for which application threads were stopped: 0.0037990 seconds, Stopping threads took: 0.0000199 seconds
91.819: [GC (Allocation Failure)  346799K->29103K(1035264K), 0.0038999 secs]
91.823: Total time for which application threads were stopped: 0.0040386 seconds, Stopping threads took: 0.0000213 seconds
91.889: [GC (Allocation Failure)  351591K->25260K(1035264K), 0.0025944 secs]
91.892: Total time for which application threads were stopped: 0.0027236 seconds, Stopping threads took: 0.0000192 seconds
91.957: [GC (Allocation Failure)  347820K->29295K(1036288K), 0.0036454 secs]
91.961: Total time for which application threads were stopped: 0.0037968 seconds, Stopping threads took: 0.0000267 seconds
92.026: [GC (Allocation Failure)  353391K->33263K(1035776K), 0.0035332 secs]
92.030: Total time for which application threads were stopped: 0.0036726 seconds, Stopping threads took: 0.0000188 seconds
92.096: [GC (Allocation Failure)  357359K->33263K(1035776K), 0.0035828 secs]
92.099: Total time for which application threads were stopped: 0.0037263 seconds, Stopping threads took: 0.0000191 seconds
92.165: [GC (Allocation Failure)  356847K->33327K(1023488K), 0.0037421 secs]
92.169: Total time for which application threads were stopped: 0.0038765 seconds, Stopping threads took: 0.0000192 seconds
92.234: [GC (Allocation Failure)  356911K->41297K(1035264K), 0.0036679 secs]
92.238: Total time for which application threads were stopped: 0.0038225 seconds, Stopping threads took: 0.0000190 seconds
92.305: [GC (Allocation Failure)  363857K->41297K(1030144K), 0.0033997 secs]
92.308: Total time for which application threads were stopped: 0.0035500 seconds, Stopping threads took: 0.0000272 seconds
92.373: [GC (Allocation Failure)  363857K->41353K(1034752K), 0.0035896 secs]
92.377: Total time for which application threads were stopped: 0.0037252 seconds, Stopping threads took: 0.0000196 seconds
92.442: [GC (Allocation Failure)  362889K->49323K(1034752K), 0.0064438 secs]
92.448: Total time for which application threads were stopped: 0.0066025 seconds, Stopping threads took: 0.0000200 seconds
92.514: [GC (Allocation Failure)  370859K->49323K(1033728K), 0.0035114 secs]
92.518: Total time for which application threads were stopped: 0.0036394 seconds, Stopping threads took: 0.0000161 seconds
92.582: [GC (Allocation Failure)  369835K->49547K(1034240K), 0.0037134 secs]
92.585: Total time for which application threads were stopped: 0.0038461 seconds, Stopping threads took: 0.0000193 seconds
92.655: [GC (Allocation Failure)  370059K->57421K(1034240K), 0.0037239 secs]
92.659: Total time for which application threads were stopped: 0.0038768 seconds, Stopping threads took: 0.0000197 seconds
92.729: [GC (Allocation Failure)  377933K->57357K(1034240K), 0.0038170 secs]
92.733: Total time for which application threads were stopped: 0.0039835 seconds, Stopping threads took: 0.0000197 seconds
92.799: [GC (Allocation Failure)  377869K->57805K(1033216K), 0.0038331 secs]
92.803: Total time for which application threads were stopped: 0.0039931 seconds, Stopping threads took: 0.0000211 seconds
92.872: [GC (Allocation Failure)  377293K->65392K(1033728K), 0.0038642 secs]
92.876: Total time for which application threads were stopped: 0.0040466 seconds, Stopping threads took: 0.0000202 seconds
92.945: [GC (Allocation Failure)  384880K->65392K(1033728K), 0.0036253 secs]
92.949: Total time for which application threads were stopped: 0.0037926 seconds, Stopping threads took: 0.0000257 seconds
93.013: [GC (Allocation Failure)  384880K->65544K(1033728K), 0.0037934 secs]
93.017: Total time for which application threads were stopped: 0.0039664 seconds, Stopping threads took: 0.0000195 seconds
93.086: [GC (Allocation Failure)  385032K->73418K(1033728K), 0.0036462 secs]
93.090: Total time for which application threads were stopped: 0.0038024 seconds, Stopping threads took: 0.0000259 seconds
93.155: [GC (Allocation Failure)  392906K->73418K(1033728K), 0.0038379 secs]
93.159: Total time for which application threads were stopped: 0.0039885 seconds, Stopping threads took: 0.0000193 seconds
93.227: [GC (Allocation Failure)  392906K->73482K(1033728K), 0.0038714 secs]
93.231: Total time for which application threads were stopped: 0.0040303 seconds, Stopping threads took: 0.0000218 seconds
93.299: [GC (Allocation Failure)  392970K->81452K(1027072K), 0.0037858 secs]
93.303: Total time for which application threads were stopped: 0.0039398 seconds, Stopping threads took: 0.0000201 seconds
93.366: [GC (Allocation Failure)  400940K->77546K(1034240K), 0.0026921 secs]
93.369: Total time for which application threads were stopped: 0.0028559 seconds, Stopping threads took: 0.0000251 seconds
93.436: [GC (Allocation Failure)  397034K->81612K(1033216K), 0.0038598 secs]
93.440: Total time for which application threads were stopped: 0.0040113 seconds, Stopping threads took: 0.0000201 seconds
93.508: [GC (Allocation Failure)  401100K->85580K(1034752K), 0.0037513 secs]
93.512: Total time for which application threads were stopped: 0.0039100 seconds, Stopping threads took: 0.0000194 seconds
93.579: [GC (Allocation Failure)  407116K->78794K(1034752K), 0.0013092 secs]
93.581: Total time for which application threads were stopped: 0.0014422 seconds, Stopping threads took: 0.0000285 seconds
93.650: [GC (Allocation Failure)  400330K->85676K(1034752K), 0.0038535 secs]
93.654: Total time for which application threads were stopped: 0.0040473 seconds, Stopping threads took: 0.0000196 seconds
93.722: [GC (Allocation Failure)  407212K->89756K(1034752K), 0.0046722 secs]
93.726: Total time for which application threads were stopped: 0.0048394 seconds, Stopping threads took: 0.0000165 seconds
93.792: [GC (Allocation Failure)  411292K->84186K(1034752K), 0.0015711 secs]
93.793: Total time for which application threads were stopped: 0.0017129 seconds, Stopping threads took: 0.0000199 seconds
93.863: [GC (Allocation Failure)  405722K->89996K(1034752K), 0.0038097 secs]
93.867: Total time for which application threads were stopped: 0.0039717 seconds, Stopping threads took: 0.0000200 seconds
93.934: [GC (Allocation Failure)  411532K->93868K(1035264K), 0.0040944 secs]
93.938: Total time for which application threads were stopped: 0.0042386 seconds, Stopping threads took: 0.0000191 seconds
94.002: [GC (Allocation Failure)  416356K->89962K(1035264K), 0.0026773 secs]
94.005: Total time for which application threads were stopped: 0.0028102 seconds, Stopping threads took: 0.0000201 seconds
94.073: [GC (Allocation Failure)  412522K->94028K(1036288K), 0.0038493 secs]
94.077: Total time for which application threads were stopped: 0.0040173 seconds, Stopping threads took: 0.0000244 seconds
94.145: [GC (Allocation Failure)  418124K->97996K(1035776K), 0.0037277 secs]
94.148: Total time for which application threads were stopped: 0.0038927 seconds, Stopping threads took: 0.0000203 seconds
94.214: [GC (Allocation Failure)  422092K->97996K(1035776K), 0.0036656 secs]
94.218: Total time for which application threads were stopped: 0.0038193 seconds, Stopping threads took: 0.0000217 seconds
94.285: [GC (Allocation Failure)  421580K->98060K(1023488K), 0.0037368 secs]
94.289: Total time for which application threads were stopped: 0.0038922 seconds, Stopping threads took: 0.0000194 seconds
94.355: [GC (Allocation Failure)  421644K->106030K(1035264K), 0.0038545 secs]
94.359: Total time for which application threads were stopped: 0.0039881 seconds, Stopping threads took: 0.0000168 seconds
94.424: [GC (Allocation Failure)  428590K->106030K(1030144K), 0.0036372 secs]
94.427: Total time for which application threads were stopped: 0.0038046 seconds, Stopping threads took: 0.0000201 seconds
94.493: [GC (Allocation Failure)  428590K->106054K(1034752K), 0.0038872 secs]
94.497: Total time for which application threads were stopped: 0.0040217 seconds, Stopping threads took: 0.0000163 seconds
94.565: [GC (Allocation Failure)  427590K->114089K(1029120K), 0.0039440 secs]
94.569: Total time for which application threads were stopped: 0.0040906 seconds, Stopping threads took: 0.0000197 seconds
94.637: [GC (Allocation Failure)  435625K->114057K(1034240K), 0.0038175 secs]
94.641: Total time for which application threads were stopped: 0.0039914 seconds, Stopping threads took: 0.0000197 seconds
94.707: [GC (Allocation Failure)  434569K->114313K(1034240K), 0.0038786 secs]
94.711: Total time for which application threads were stopped: 0.0040432 seconds, Stopping threads took: 0.0000196 seconds
94.779: [GC (Allocation Failure)  434825K->122123K(1034240K), 0.0037746 secs]
94.782: Total time for which application threads were stopped: 0.0039590 seconds, Stopping threads took: 0.0000281 seconds
94.851: [GC (Allocation Failure)  442635K->122091K(1034240K), 0.0038326 secs]
94.855: Total time for which application threads were stopped: 0.0039756 seconds, Stopping threads took: 0.0000170 seconds
94.921: [GC (Allocation Failure)  442603K->122531K(1033216K), 0.0039385 secs]
94.925: Total time for which application threads were stopped: 0.0040799 seconds, Stopping threads took: 0.0000259 seconds
94.992: [GC (Allocation Failure)  442019K->130117K(1033728K), 0.0039431 secs]
94.996: Total time for which application threads were stopped: 0.0041200 seconds, Stopping threads took: 0.0000205 seconds
95.066: [GC (Allocation Failure)  449605K->130117K(1033728K), 0.0036641 secs]
95.070: Total time for which application threads were stopped: 0.0038517 seconds, Stopping threads took: 0.0000262 seconds
95.135: [GC (Allocation Failure)  449605K->130253K(1033728K), 0.0039757 secs]
95.139: Total time for which application threads were stopped: 0.0041130 seconds, Stopping threads took: 0.0000192 seconds
95.205: [GC (Allocation Failure)  449741K->138159K(1033728K), 0.0037239 secs]
95.209: Total time for which application threads were stopped: 0.0038664 seconds, Stopping threads took: 0.0000182 seconds
95.272: [GC (Allocation Failure)  457647K->138159K(1033728K), 0.0038636 secs]
95.276: Total time for which application threads were stopped: 0.0040064 seconds, Stopping threads took: 0.0000185 seconds
95.341: [GC (Allocation Failure)  457647K->138215K(1033728K), 0.0038270 secs]
95.345: Total time for which application threads were stopped: 0.0039743 seconds, Stopping threads took: 0.0000193 seconds
95.409: [GC (Allocation Failure)  457703K->146154K(1027072K), 0.0038349 secs]
95.413: Total time for which application threads were stopped: 0.0039879 seconds, Stopping threads took: 0.0000212 seconds
95.477: [GC (Allocation Failure)  465641K->142311K(1034240K), 0.0029821 secs]
95.480: Total time for which application threads were stopped: 0.0031332 seconds, Stopping threads took: 0.0000203 seconds
95.546: [GC (Allocation Failure)  461799K->146346K(1033216K), 0.0039768 secs]
95.550: Total time for which application threads were stopped: 0.0041329 seconds, Stopping threads took: 0.0000249 seconds
95.615: [GC (Allocation Failure)  465834K->150314K(1034752K), 0.0045955 secs]
95.620: Total time for which application threads were stopped: 0.0047977 seconds, Stopping threads took: 0.0000272 seconds
95.687: [GC (Allocation Failure)  471850K->143527K(1034752K), 0.0014179 secs]
95.688: Total time for which application threads were stopped: 0.0015447 seconds, Stopping threads took: 0.0000198 seconds
95.755: [GC (Allocation Failure)  465063K->150410K(1034752K), 0.0038624 secs]
95.759: Total time for which application threads were stopped: 0.0040386 seconds, Stopping threads took: 0.0000254 seconds
95.824: [GC (Allocation Failure)  471946K->154450K(1034752K), 0.0048294 secs]
95.829: Total time for which application threads were stopped: 0.0049840 seconds, Stopping threads took: 0.0000199 seconds
95.896: [GC (Allocation Failure)  475986K->148911K(1034752K), 0.0017948 secs]
95.898: Total time for which application threads were stopped: 0.0019525 seconds, Stopping threads took: 0.0000197 seconds
95.965: [GC (Allocation Failure)  470447K->154754K(1034752K), 0.0040431 secs]
95.969: Total time for which application threads were stopped: 0.0042037 seconds, Stopping threads took: 0.0000202 seconds
96.036: [GC (Allocation Failure)  476290K->158594K(1034752K), 0.0041477 secs]
96.040: Total time for which application threads were stopped: 0.0042873 seconds, Stopping threads took: 0.0000257 seconds
96.106: [GC (Allocation Failure)  481082K->154687K(1035264K), 0.0026610 secs]
96.109: Total time for which application threads were stopped: 0.0027835 seconds, Stopping threads took: 0.0000169 seconds
96.174: [GC (Allocation Failure)  477247K->158762K(1036288K), 0.0038457 secs]
96.178: Total time for which application threads were stopped: 0.0039910 seconds, Stopping threads took: 0.0000281 seconds
96.242: [GC (Allocation Failure)  482858K->162730K(1035776K), 0.0051428 secs]
96.248: Total time for which application threads were stopped: 0.0052778 seconds, Stopping threads took: 0.0000197 seconds
96.313: [GC (Allocation Failure)  486826K->162730K(1035776K), 0.0039539 secs]
96.317: Total time for which application threads were stopped: 0.0040964 seconds, Stopping threads took: 0.0000200 seconds
96.382: [GC (Allocation Failure)  486314K->162794K(1023488K), 0.0039099 secs]
96.386: Total time for which application threads were stopped: 0.0040513 seconds, Stopping threads took: 0.0000207 seconds
96.448: [GC (Allocation Failure)  486378K->170796K(1035264K), 0.0039105 secs]
96.452: Total time for which application threads were stopped: 0.0040974 seconds, Stopping threads took: 0.0000192 seconds
96.518: [GC (Allocation Failure)  493356K->170764K(1030144K), 0.0035314 secs]
96.522: Total time for which application threads were stopped: 0.0036830 seconds, Stopping threads took: 0.0000156 seconds
96.588: [GC (Allocation Failure)  493324K->170820K(1034752K), 0.0040186 secs]
96.592: Total time for which application threads were stopped: 0.0041659 seconds, Stopping threads took: 0.0000236 seconds
96.659: [GC (Allocation Failure)  492356K->178822K(1029120K), 0.0039432 secs]
96.663: Total time for which application threads were stopped: 0.0040989 seconds, Stopping threads took: 0.0000184 seconds
96.729: [GC (Allocation Failure)  500358K->178790K(1034240K), 0.0038913 secs]
96.733: Total time for which application threads were stopped: 0.0040436 seconds, Stopping threads took: 0.0000200 seconds
96.798: [GC (Allocation Failure)  499302K->179054K(1034240K), 0.0041223 secs]
96.802: Total time for which application threads were stopped: 0.0042873 seconds, Stopping threads took: 0.0000193 seconds
96.869: [GC (Allocation Failure)  499566K->186833K(1034240K), 0.0037658 secs]
96.873: Total time for which application threads were stopped: 0.0039076 seconds, Stopping threads took: 0.0000191 seconds
96.938: [GC (Allocation Failure)  507345K->186865K(1034240K), 0.0039374 secs]
96.942: Total time for which application threads were stopped: 0.0040803 seconds, Stopping threads took: 0.0000188 seconds
97.006: [GC (Allocation Failure)  507377K->187273K(1033216K), 0.0039805 secs]
97.010: Total time for which application threads were stopped: 0.0041097 seconds, Stopping threads took: 0.0000190 seconds
97.077: [GC (Allocation Failure)  506761K->194891K(1033728K), 0.0038243 secs]
97.081: Total time for which application threads were stopped: 0.0039686 seconds, Stopping threads took: 0.0000194 seconds
97.145: [GC (Allocation Failure)  514379K->194859K(1033728K), 0.0037437 secs]
97.149: Total time for which application threads were stopped: 0.0038813 seconds, Stopping threads took: 0.0000196 seconds
97.212: [GC (Allocation Failure)  514347K->195019K(1033728K), 0.0039929 secs]
97.216: Total time for which application threads were stopped: 0.0041132 seconds, Stopping threads took: 0.0000164 seconds
97.281: [GC (Allocation Failure)  514507K->202925K(1033728K), 0.0045491 secs]
97.286: Total time for which application threads were stopped: 0.0046967 seconds, Stopping threads took: 0.0000207 seconds
97.349: [GC (Allocation Failure)  522413K->202893K(1033728K), 0.0039435 secs]
97.353: Total time for which application threads were stopped: 0.0040729 seconds, Stopping threads took: 0.0000195 seconds
97.416: [GC (Allocation Failure)  522381K->202925K(1033728K), 0.0040987 secs]
97.420: Total time for which application threads were stopped: 0.0042495 seconds, Stopping threads took: 0.0000277 seconds
97.483: [GC (Allocation Failure)  522413K->210927K(1027072K), 0.0040101 secs]
97.487: Total time for which application threads were stopped: 0.0041634 seconds, Stopping threads took: 0.0000234 seconds
97.549: [GC (Allocation Failure)  530415K->207021K(1034240K), 0.0030939 secs]
97.552: Total time for which application threads were stopped: 0.0032325 seconds, Stopping threads took: 0.0000272 seconds
97.617: [GC (Allocation Failure)  526509K->211023K(1033216K), 0.0049344 secs]
97.622: Total time for which application threads were stopped: 0.0050729 seconds, Stopping threads took: 0.0000257 seconds
97.689: [GC (Allocation Failure)  530511K->215055K(1034752K), 0.0039908 secs]
97.693: Total time for which application threads were stopped: 0.0041636 seconds, Stopping threads took: 0.0000197 seconds
97.760: [GC (Allocation Failure)  536591K->208269K(1034752K), 0.0014986 secs]
97.761: Total time for which application threads were stopped: 0.0016286 seconds, Stopping threads took: 0.0000174 seconds
97.828: [GC (Allocation Failure)  529805K->215159K(1034752K), 0.0038300 secs]
97.831: Total time for which application threads were stopped: 0.0040422 seconds, Stopping threads took: 0.0000465 seconds
97.897: [GC (Allocation Failure)  536695K->219239K(1034752K), 0.0050317 secs]
97.902: Total time for which application threads were stopped: 0.0051883 seconds, Stopping threads took: 0.0000191 seconds
97.965: [GC (Allocation Failure)  540775K->213669K(1034752K), 0.0020571 secs]
97.967: Total time for which application threads were stopped: 0.0021951 seconds, Stopping threads took: 0.0000192 seconds
98.033: [GC (Allocation Failure)  535205K->219479K(1034752K), 0.0038760 secs]
98.037: Total time for which application threads were stopped: 0.0040152 seconds, Stopping threads took: 0.0000263 seconds
98.102: [GC (Allocation Failure)  541015K->223351K(1035264K), 0.0042110 secs]
98.106: Total time for which application threads were stopped: 0.0043444 seconds, Stopping threads took: 0.0000199 seconds
98.169: [GC (Allocation Failure)  545840K->219477K(1035264K), 0.0029731 secs]
98.172: Total time for which application threads were stopped: 0.0031004 seconds, Stopping threads took: 0.0000191 seconds
98.237: [GC (Allocation Failure)  542037K->223503K(1036288K), 0.0040855 secs]
98.241: Total time for which application threads were stopped: 0.0042281 seconds, Stopping threads took: 0.0000188 seconds
98.308: [GC (Allocation Failure)  547599K->227439K(1035776K), 0.0038448 secs]
98.312: Total time for which application threads were stopped: 0.0039932 seconds, Stopping threads took: 0.0000192 seconds
98.377: [GC (Allocation Failure)  551535K->227471K(1035776K), 0.0038149 secs]
98.380: Total time for which application threads were stopped: 0.0039449 seconds, Stopping threads took: 0.0000188 seconds
98.446: [GC (Allocation Failure)  551055K->227527K(1023488K), 0.0038410 secs]
98.450: Total time for which application threads were stopped: 0.0039739 seconds, Stopping threads took: 0.0000199 seconds
98.512: [GC (Allocation Failure)  551111K->235530K(1035264K), 0.0039542 secs]
98.517: Total time for which application threads were stopped: 0.0040985 seconds, Stopping threads took: 0.0000156 seconds
98.581: [GC (Allocation Failure)  558090K->235498K(1030144K), 0.0037854 secs]
98.585: Total time for which application threads were stopped: 0.0039298 seconds, Stopping threads took: 0.0000191 seconds
98.653: [GC (Allocation Failure)  558058K->235562K(1034752K), 0.0040945 secs]
98.657: Total time for which application threads were stopped: 0.0042589 seconds, Stopping threads took: 0.0000187 seconds
98.724: [GC (Allocation Failure)  557098K->243564K(1029120K), 0.0042502 secs]
98.729: Total time for which application threads were stopped: 0.0044024 seconds, Stopping threads took: 0.0000201 seconds
98.798: [GC (Allocation Failure)  565100K->243532K(1034240K), 0.0040312 secs]
98.802: Total time for which application threads were stopped: 0.0041880 seconds, Stopping threads took: 0.0000201 seconds
98.867: [GC (Allocation Failure)  564044K->243788K(1034240K), 0.0039350 secs]
98.871: Total time for which application threads were stopped: 0.0040761 seconds, Stopping threads took: 0.0000201 seconds
98.940: [GC (Allocation Failure)  564300K->251566K(1034240K), 0.0038515 secs]
98.944: Total time for which application threads were stopped: 0.0039932 seconds, Stopping threads took: 0.0000196 seconds
99.010: [GC (Allocation Failure)  572078K->251566K(1034240K), 0.0039612 secs]
99.014: Total time for which application threads were stopped: 0.0041190 seconds, Stopping threads took: 0.0000195 seconds
99.080: [GC (Allocation Failure)  572078K->252014K(1033216K), 0.0041872 secs]
99.084: Total time for which application threads were stopped: 0.0043535 seconds, Stopping threads took: 0.0000274 seconds
99.149: [GC (Allocation Failure)  571502K->259600K(1033728K), 0.0040641 secs]
99.154: Total time for which application threads were stopped: 0.0042014 seconds, Stopping threads took: 0.0000191 seconds
99.221: [GC (Allocation Failure)  579088K->259600K(1033728K), 0.0039466 secs]
99.225: Total time for which application threads were stopped: 0.0040790 seconds, Stopping threads took: 0.0000166 seconds
99.289: [GC (Allocation Failure)  579088K->259720K(1033728K), 0.0039662 secs]
99.293: Total time for which application threads were stopped: 0.0041344 seconds, Stopping threads took: 0.0000198 seconds
99.360: [GC (Allocation Failure)  579208K->267659K(1033728K), 0.0039707 secs]
99.364: Total time for which application threads were stopped: 0.0041176 seconds, Stopping threads took: 0.0000179 seconds
99.430: [GC (Allocation Failure)  587147K->267627K(1033728K), 0.0042444 secs]
99.434: Total time for which application threads were stopped: 0.0043997 seconds, Stopping threads took: 0.0000210 seconds
99.499: [GC (Allocation Failure)  587115K->267691K(1033728K), 0.0042313 secs]
99.503: Total time for which application threads were stopped: 0.0044056 seconds, Stopping threads took: 0.0000272 seconds
99.569: [GC (Allocation Failure)  587179K->275661K(1027072K), 0.0042101 secs]
99.574: Total time for which application threads were stopped: 0.0043838 seconds, Stopping threads took: 0.0000259 seconds
99.637: [GC (Allocation Failure)  595148K->271755K(1034240K), 0.0030910 secs]
99.640: Total time for which application threads were stopped: 0.0032500 seconds, Stopping threads took: 0.0000241 seconds
99.707: [GC (Allocation Failure)  591243K->275821K(1033216K), 0.0042166 secs]
99.711: Total time for which application threads were stopped: 0.0043830 seconds, Stopping threads took: 0.0000196 seconds
99.779: [GC (Allocation Failure)  595309K->279789K(1034752K), 0.0040576 secs]
99.783: Total time for which application threads were stopped: 0.0042158 seconds, Stopping threads took: 0.0000282 seconds
99.850: [GC (Allocation Failure)  601325K->273003K(1034752K), 0.0017185 secs]
99.852: Total time for which application threads were stopped: 0.0018585 seconds, Stopping threads took: 0.0000206 seconds
99.920: [GC (Allocation Failure)  594539K->279861K(1034752K), 0.0039597 secs]
99.924: Total time for which application threads were stopped: 0.0041171 seconds, Stopping threads took: 0.0000196 seconds
99.988: [GC (Allocation Failure)  601397K->283941K(1034752K), 0.0051049 secs]
99.994: Total time for which application threads were stopped: 0.0052692 seconds, Stopping threads took: 0.0000212 seconds
100.057: [GC (Allocation Failure)  605477K->278371K(1034752K), 0.0022403 secs]
100.060: Total time for which application threads were stopped: 0.0023871 seconds, Stopping threads took: 0.0000263 seconds
100.124: [GC (Allocation Failure)  599907K->284245K(1034752K), 0.0040542 secs]
100.129: Total time for which application threads were stopped: 0.0042216 seconds, Stopping threads took: 0.0000277 seconds
100.195: [GC (Allocation Failure)  605781K->288077K(1035264K), 0.0045070 secs]
100.199: Total time for which application threads were stopped: 0.0046440 seconds, Stopping threads took: 0.0000205 seconds
100.264: [GC (Allocation Failure)  610565K->284171K(1035264K), 0.0030930 secs]
100.267: Total time for which application threads were stopped: 0.0032274 seconds, Stopping threads took: 0.0000202 seconds
100.333: [GC (Allocation Failure)  606731K->288237K(1036288K), 0.0041674 secs]
100.337: Total time for which application threads were stopped: 0.0043301 seconds, Stopping threads took: 0.0000238 seconds
100.403: [GC (Allocation Failure)  612333K->292205K(1035776K), 0.0039741 secs]
100.407: Total time for which application threads were stopped: 0.0040998 seconds, Stopping threads took: 0.0000176 seconds
100.471: [GC (Allocation Failure)  616301K->292205K(1035776K), 0.0040137 secs]
100.475: Total time for which application threads were stopped: 0.0041415 seconds, Stopping threads took: 0.0000187 seconds
100.539: [GC (Allocation Failure)  615789K->292301K(1023488K), 0.0039951 secs]
100.543: Total time for which application threads were stopped: 0.0041335 seconds, Stopping threads took: 0.0000264 seconds
100.606: [GC (Allocation Failure)  615885K->300271K(1035264K), 0.0050143 secs]
100.611: Total time for which application threads were stopped: 0.0051474 seconds, Stopping threads took: 0.0000187 seconds
100.677: [GC (Allocation Failure)  622831K->300239K(1030144K), 0.0039757 secs]
100.681: Total time for which application threads were stopped: 0.0041948 seconds, Stopping threads took: 0.0000198 seconds
100.749: [GC (Allocation Failure)  622799K->300295K(1034752K), 0.0041931 secs]
100.753: Total time for which application threads were stopped: 0.0043487 seconds, Stopping threads took: 0.0000197 seconds
100.821: [GC (Allocation Failure)  621831K->308265K(1034752K), 0.0041703 secs]
100.825: Total time for which application threads were stopped: 0.0043175 seconds, Stopping threads took: 0.0000205 seconds
100.892: [GC (Allocation Failure)  629801K->308297K(1033728K), 0.0038938 secs]
100.896: Total time for which application threads were stopped: 0.0040660 seconds, Stopping threads took: 0.0000199 seconds
100.962: [GC (Allocation Failure)  628809K->308521K(1034240K), 0.0040948 secs]
100.966: Total time for which application threads were stopped: 0.0042406 seconds, Stopping threads took: 0.0000206 seconds
101.033: [GC (Allocation Failure)  629033K->316332K(1034240K), 0.0040969 secs]
101.037: Total time for which application threads were stopped: 0.0042555 seconds, Stopping threads took: 0.0000254 seconds
101.103: [GC (Allocation Failure)  636844K->316332K(1034240K), 0.0042697 secs]
101.107: Total time for which application threads were stopped: 0.0044412 seconds, Stopping threads took: 0.0000197 seconds
101.174: [GC (Allocation Failure)  636844K->316748K(1033216K), 0.0042649 secs]
101.178: Total time for which application threads were stopped: 0.0044410 seconds, Stopping threads took: 0.0000199 seconds
101.245: [GC (Allocation Failure)  636236K->324366K(1033728K), 0.0041258 secs]
101.250: Total time for which application threads were stopped: 0.0042692 seconds, Stopping threads took: 0.0000192 seconds
101.317: [GC (Allocation Failure)  643854K->324334K(1033728K), 0.0041209 secs]
101.321: Total time for which application threads were stopped: 0.0042793 seconds, Stopping threads took: 0.0000170 seconds
101.385: [GC (Allocation Failure)  643822K->324454K(1033728K), 0.0042952 secs]
101.389: Total time for which application threads were stopped: 0.0044486 seconds, Stopping threads took: 0.0000277 seconds
101.455: [GC (Allocation Failure)  643942K->332392K(1033728K), 0.0040858 secs]
101.459: Total time for which application threads were stopped: 0.0042394 seconds, Stopping threads took: 0.0000220 seconds
101.524: [GC (Allocation Failure)  651880K->332360K(1033728K), 0.0042431 secs]
101.528: Total time for which application threads were stopped: 0.0043915 seconds, Stopping threads took: 0.0000193 seconds
101.593: [GC (Allocation Failure)  651848K->332424K(1033728K), 0.0042128 secs]
101.597: Total time for which application threads were stopped: 0.0043687 seconds, Stopping threads took: 0.0000263 seconds
101.664: [GC (Allocation Failure)  651912K->340395K(1027072K), 0.0043002 secs]
101.668: Total time for which application threads were stopped: 0.0044446 seconds, Stopping threads took: 0.0000169 seconds
101.734: [GC (Allocation Failure)  659882K->336520K(1034240K), 0.0033079 secs]
101.738: Total time for which application threads were stopped: 0.0034746 seconds, Stopping threads took: 0.0000194 seconds
101.805: [GC (Allocation Failure)  656008K->340555K(1033216K), 0.0044382 secs]
101.809: Total time for which application threads were stopped: 0.0046124 seconds, Stopping threads took: 0.0000194 seconds
101.879: [GC (Allocation Failure)  660043K->344491K(1034752K), 0.0043599 secs]
101.883: Total time for which application threads were stopped: 0.0045289 seconds, Stopping threads took: 0.0000208 seconds
101.949: [GC (Allocation Failure)  666027K->337768K(1034752K), 0.0016986 secs]
101.951: Total time for which application threads were stopped: 0.0018468 seconds, Stopping threads took: 0.0000194 seconds
102.020: [GC (Allocation Failure)  659304K->344595K(1034752K), 0.0040991 secs]
102.024: Total time for which application threads were stopped: 0.0042645 seconds, Stopping threads took: 0.0000198 seconds
102.092: [GC (Allocation Failure)  666131K->348707K(1034752K), 0.0052426 secs]
102.097: Total time for which application threads were stopped: 0.0054263 seconds, Stopping threads took: 0.0000205 seconds
102.161: [GC (Allocation Failure)  670243K->343136K(1034752K), 0.0023381 secs]
102.163: Total time for which application threads were stopped: 0.0024807 seconds, Stopping threads took: 0.0000198 seconds
102.229: [GC (Allocation Failure)  664672K->348947K(1034752K), 0.0041975 secs]
102.233: Total time for which application threads were stopped: 0.0043314 seconds, Stopping threads took: 0.0000203 seconds
102.299: [GC (Allocation Failure)  670483K->352819K(1034752K), 0.0046932 secs]
102.304: Total time for which application threads were stopped: 0.0048267 seconds, Stopping threads took: 0.0000201 seconds
102.367: [GC (Allocation Failure)  675307K->348912K(1035264K), 0.0031569 secs]
102.370: Total time for which application threads were stopped: 0.0033154 seconds, Stopping threads took: 0.0000246 seconds
102.437: [GC (Allocation Failure)  671472K->352971K(1036288K), 0.0041851 secs]
102.441: Total time for which application threads were stopped: 0.0043486 seconds, Stopping threads took: 0.0000287 seconds
102.507: [GC (Allocation Failure)  677067K->356939K(1035776K), 0.0041555 secs]
102.512: Total time for which application threads were stopped: 0.0042751 seconds, Stopping threads took: 0.0000155 seconds
102.579: [GC (Allocation Failure)  681035K->356971K(1035776K), 0.0042074 secs]
102.583: Total time for which application threads were stopped: 0.0043726 seconds, Stopping threads took: 0.0000246 seconds
102.651: [GC (Allocation Failure)  680555K->357003K(1023488K), 0.0042565 secs]
102.656: Total time for which application threads were stopped: 0.0044333 seconds, Stopping threads took: 0.0000193 seconds
102.721: [GC (Allocation Failure)  680587K->364973K(1035264K), 0.0043738 secs]
102.726: Total time for which application threads were stopped: 0.0045412 seconds, Stopping threads took: 0.0000206 seconds
102.795: [GC (Allocation Failure)  687533K->365005K(1030144K), 0.0041828 secs]
102.799: Total time for which application threads were stopped: 0.0043484 seconds, Stopping threads took: 0.0000197 seconds
102.866: [GC (Allocation Failure)  687565K->365037K(1034752K), 0.0042725 secs]
102.870: Total time for which application threads were stopped: 0.0044477 seconds, Stopping threads took: 0.0000197 seconds
102.937: [GC (Allocation Failure)  686573K->373007K(1034752K), 0.0046138 secs]
102.942: Total time for which application threads were stopped: 0.0047836 seconds, Stopping threads took: 0.0000197 seconds
103.010: [GC (Allocation Failure)  694543K->373007K(1033728K), 0.0042853 secs]
103.014: Total time for which application threads were stopped: 0.0044264 seconds, Stopping threads took: 0.0000168 seconds
103.080: [GC (Allocation Failure)  693519K->373255K(1034240K), 0.0042226 secs]
103.085: Total time for which application threads were stopped: 0.0043855 seconds, Stopping threads took: 0.0000262 seconds
103.153: [GC (Allocation Failure)  693767K->381033K(1034240K), 0.0042238 secs]
103.157: Total time for which application threads were stopped: 0.0043688 seconds, Stopping threads took: 0.0000163 seconds
103.224: [GC (Allocation Failure)  701545K->381033K(1034240K), 0.0041967 secs]
103.229: Total time for which application threads were stopped: 0.0043587 seconds, Stopping threads took: 0.0000249 seconds
103.295: [GC (Allocation Failure)  701545K->381481K(1033216K), 0.0043629 secs]
103.299: Total time for which application threads were stopped: 0.0045027 seconds, Stopping threads took: 0.0000189 seconds
103.364: [GC (Allocation Failure)  700969K->389068K(1033728K), 0.0043803 secs]
103.368: Total time for which application threads were stopped: 0.0045427 seconds, Stopping threads took: 0.0000264 seconds
103.434: [GC (Allocation Failure)  708556K->389068K(1033728K), 0.0041683 secs]
103.439: Total time for which application threads were stopped: 0.0043142 seconds, Stopping threads took: 0.0000190 seconds
103.501: [GC (Allocation Failure)  708556K->389220K(1033728K), 0.0044673 secs]
103.506: Total time for which application threads were stopped: 0.0046131 seconds, Stopping threads took: 0.0000284 seconds
103.571: [GC (Allocation Failure)  708708K->397094K(1033728K), 0.0041504 secs]
103.575: Total time for which application threads were stopped: 0.0042909 seconds, Stopping threads took: 0.0000250 seconds
103.643: [GC (Allocation Failure)  716582K->397094K(1033728K), 0.0042892 secs]
103.648: Total time for which application threads were stopped: 0.0044496 seconds, Stopping threads took: 0.0000201 seconds
103.716: [GC (Allocation Failure)  716582K->397166K(1033728K), 0.0044313 secs]
103.720: Total time for which application threads were stopped: 0.0045907 seconds, Stopping threads took: 0.0000189 seconds
103.789: [GC (Allocation Failure)  716654K->405136K(1027072K), 0.0045092 secs]
103.794: Total time for which application threads were stopped: 0.0046684 seconds, Stopping threads took: 0.0000196 seconds
103.858: [GC (Allocation Failure)  724624K->401230K(1034240K), 0.0033601 secs]
103.862: Total time for which application threads were stopped: 0.0035421 seconds, Stopping threads took: 0.0000194 seconds
103.931: [GC (Allocation Failure)  720718K->405288K(1033216K), 0.0044813 secs]
103.936: Total time for which application threads were stopped: 0.0046316 seconds, Stopping threads took: 0.0000195 seconds
104.004: [GC (Allocation Failure)  724776K->409256K(1034752K), 0.0042979 secs]
104.008: Total time for which application threads were stopped: 0.0044464 seconds, Stopping threads took: 0.0000204 seconds
104.073: [GC (Allocation Failure)  730792K->402470K(1034752K), 0.0019940 secs]
104.076: Total time for which application threads were stopped: 0.0021507 seconds, Stopping threads took: 0.0000205 seconds
104.141: [GC (Allocation Failure)  724006K->409296K(1034752K), 0.0042428 secs]
104.145: Total time for which application threads were stopped: 0.0043826 seconds, Stopping threads took: 0.0000172 seconds
104.210: [GC (Allocation Failure)  730832K->413408K(1034752K), 0.0051931 secs]
104.215: Total time for which application threads were stopped: 0.0053179 seconds, Stopping threads took: 0.0000172 seconds
104.277: [GC (Allocation Failure)  734944K->407902K(1034752K), 0.0025678 secs]
104.280: Total time for which application threads were stopped: 0.0027285 seconds, Stopping threads took: 0.0000259 seconds
104.345: [GC (Allocation Failure)  729438K->413704K(1034752K), 0.0043622 secs]
104.349: Total time for which application threads were stopped: 0.0044980 seconds, Stopping threads took: 0.0000206 seconds
104.414: [GC (Allocation Failure)  735240K->417576K(1034752K), 0.0046934 secs]
104.419: Total time for which application threads were stopped: 0.0048336 seconds, Stopping threads took: 0.0000187 seconds
104.481: [GC (Allocation Failure)  740064K->413638K(1035264K), 0.0032369 secs]
104.485: Total time for which application threads were stopped: 0.0033718 seconds, Stopping threads took: 0.0000195 seconds
104.549: [GC (Allocation Failure)  736198K->417704K(1036288K), 0.0043080 secs]
104.553: Total time for which application threads were stopped: 0.0044314 seconds, Stopping threads took: 0.0000241 seconds
104.617: [GC (Allocation Failure)  741800K->421672K(1035776K), 0.0050636 secs]
104.622: Total time for which application threads were stopped: 0.0052225 seconds, Stopping threads took: 0.0000266 seconds
104.689: [GC (Allocation Failure)  745768K->421672K(1035776K), 0.0042899 secs]
104.693: Total time for which application threads were stopped: 0.0044193 seconds, Stopping threads took: 0.0000198 seconds
104.758: [GC (Allocation Failure)  745256K->421736K(1023488K), 0.0043319 secs]
104.762: Total time for which application threads were stopped: 0.0044692 seconds, Stopping threads took: 0.0000199 seconds
104.825: [GC (Allocation Failure)  745320K->429738K(1035264K), 0.0045038 secs]
104.830: Total time for which application threads were stopped: 0.0046473 seconds, Stopping threads took: 0.0000195 seconds
104.895: [GC (Allocation Failure)  752298K->429738K(1030144K), 0.0042127 secs]
104.899: Total time for which application threads were stopped: 0.0043584 seconds, Stopping threads took: 0.0000195 seconds
104.963: [GC (Allocation Failure)  752298K->429770K(1034752K), 0.0045631 secs]
104.968: Total time for which application threads were stopped: 0.0047054 seconds, Stopping threads took: 0.0000220 seconds
105.031: [GC (Allocation Failure)  751306K->437741K(1029120K), 0.0047033 secs]
105.036: Total time for which application threads were stopped: 0.0048409 seconds, Stopping threads took: 0.0000198 seconds
105.101: [GC (Allocation Failure)  759277K->437741K(1034240K), 0.0040033 secs]
105.106: Total time for which application threads were stopped: 0.0041263 seconds, Stopping threads took: 0.0000169 seconds
105.169: [GC (Allocation Failure)  758253K->437997K(1034240K), 0.0054281 secs]
105.174: Total time for which application threads were stopped: 0.0055697 seconds, Stopping threads took: 0.0000266 seconds
105.239: [GC (Allocation Failure)  758509K->445775K(1034240K), 0.0042304 secs]
105.244: Total time for which application threads were stopped: 0.0043628 seconds, Stopping threads took: 0.0000182 seconds
105.310: [GC (Allocation Failure)  766287K->445775K(1034240K), 0.0042966 secs]
105.314: Total time for which application threads were stopped: 0.0044366 seconds, Stopping threads took: 0.0000248 seconds
105.377: [GC (Allocation Failure)  766287K->446215K(1033216K), 0.0043371 secs]
105.381: Total time for which application threads were stopped: 0.0044699 seconds, Stopping threads took: 0.0000183 seconds
105.444: [GC (Allocation Failure)  765703K->453833K(1033728K), 0.0043057 secs]
105.448: Total time for which application threads were stopped: 0.0044472 seconds, Stopping threads took: 0.0000261 seconds
105.512: [GC (Allocation Failure)  773321K->453801K(1033728K), 0.0043855 secs]
105.516: Total time for which application threads were stopped: 0.0045343 seconds, Stopping threads took: 0.0000198 seconds
105.577: [GC (Allocation Failure)  773289K->453961K(1033728K), 0.0063436 secs]
105.583: Total time for which application threads were stopped: 0.0064826 seconds, Stopping threads took: 0.0000276 seconds
105.649: [GC (Allocation Failure)  773449K->461835K(1033728K), 0.0043706 secs]
105.654: Total time for which application threads were stopped: 0.0046568 seconds, Stopping threads took: 0.0001472 seconds
105.720: [GC (Allocation Failure)  781323K->461835K(1033728K), 0.0044477 secs]
105.724: Total time for which application threads were stopped: 0.0045859 seconds, Stopping threads took: 0.0000170 seconds
105.789: [GC (Allocation Failure)  781323K->461899K(1033728K), 0.0042967 secs]
105.793: Total time for which application threads were stopped: 0.0044480 seconds, Stopping threads took: 0.0000202 seconds
105.858: [GC (Allocation Failure)  781387K->469870K(1027072K), 0.0045803 secs]
105.863: Total time for which application threads were stopped: 0.0047205 seconds, Stopping threads took: 0.0000193 seconds
105.924: [GC (Allocation Failure)  789357K->465995K(1034240K), 0.0036778 secs]
105.928: Total time for which application threads were stopped: 0.0038250 seconds, Stopping threads took: 0.0000201 seconds
105.994: [GC (Allocation Failure)  785483K->470030K(1033216K), 0.0044675 secs]
105.998: Total time for which application threads were stopped: 0.0045909 seconds, Stopping threads took: 0.0000165 seconds
106.062: [GC (Allocation Failure)  789518K->473998K(1034752K), 0.0042850 secs]
106.067: Total time for which application threads were stopped: 0.0044190 seconds, Stopping threads took: 0.0000189 seconds
106.129: [GC (Allocation Failure)  795534K->467211K(1034752K), 0.0019889 secs]
106.131: Total time for which application threads were stopped: 0.0021212 seconds, Stopping threads took: 0.0000192 seconds
106.196: [GC (Allocation Failure)  788747K->474070K(1034752K), 0.0049673 secs]
106.201: Total time for which application threads were stopped: 0.0050989 seconds, Stopping threads took: 0.0000177 seconds
106.263: [GC (Allocation Failure)  795606K->478150K(1034752K), 0.0053054 secs]
106.268: Total time for which application threads were stopped: 0.0054540 seconds, Stopping threads took: 0.0000237 seconds
106.329: [GC (Allocation Failure)  799686K->472611K(1034752K), 0.0027719 secs]
106.332: Total time for which application threads were stopped: 0.0029281 seconds, Stopping threads took: 0.0000239 seconds
106.395: [GC (Allocation Failure)  794147K->478422K(1034752K), 0.0045818 secs]
106.400: Total time for which application threads were stopped: 0.0047380 seconds, Stopping threads took: 0.0000234 seconds
106.464: [GC (Allocation Failure)  799958K->482326K(1034752K), 0.0050835 secs]
106.469: Total time for which application threads were stopped: 0.0052130 seconds, Stopping threads took: 0.0000184 seconds
106.532: [GC (Allocation Failure)  804814K->478355K(1035264K), 0.0035625 secs]
106.535: Total time for which application threads were stopped: 0.0037122 seconds, Stopping threads took: 0.0000404 seconds
106.599: [GC (Allocation Failure)  800915K->482414K(1036288K), 0.0045974 secs]
106.604: Total time for which application threads were stopped: 0.0047457 seconds, Stopping threads took: 0.0000240 seconds
106.671: [GC (Allocation Failure)  806510K->486414K(1035776K), 0.0045145 secs]
106.675: Total time for which application threads were stopped: 0.0046606 seconds, Stopping threads took: 0.0000203 seconds
106.743: [GC (Allocation Failure)  810510K->486446K(1035776K), 0.0043717 secs]
106.748: Total time for which application threads were stopped: 0.0045136 seconds, Stopping threads took: 0.0000191 seconds
106.814: [GC (Allocation Failure)  810030K->486470K(1023488K), 0.0047294 secs]
106.819: Total time for which application threads were stopped: 0.0048659 seconds, Stopping threads took: 0.0000198 seconds
106.881: [GC (Allocation Failure)  810054K->494440K(1035264K), 0.0044765 secs]
106.886: Total time for which application threads were stopped: 0.0046367 seconds, Stopping threads took: 0.0000254 seconds
106.951: [GC (Allocation Failure)  817000K->494472K(1030144K), 0.0044994 secs]
106.956: Total time for which application threads were stopped: 0.0046389 seconds, Stopping threads took: 0.0000187 seconds
107.022: [GC (Allocation Failure)  817032K->494504K(1034752K), 0.0043787 secs]
107.026: Total time for which application threads were stopped: 0.0045139 seconds, Stopping threads took: 0.0000191 seconds
107.091: [GC (Allocation Failure)  816040K->502506K(1029120K), 0.0044956 secs]
107.095: Total time for which application threads were stopped: 0.0046447 seconds, Stopping threads took: 0.0000295 seconds
107.160: [GC (Allocation Failure)  824042K->502474K(1034240K), 0.0064751 secs]
107.166: Total time for which application threads were stopped: 0.0066212 seconds, Stopping threads took: 0.0000201 seconds
107.231: [GC (Allocation Failure)  822986K->502730K(1034240K), 0.0046026 secs]
107.236: Total time for which application threads were stopped: 0.0047450 seconds, Stopping threads took: 0.0000195 seconds
107.300: [GC (Allocation Failure)  823242K->510541K(1034240K), 0.0044645 secs]
107.304: Total time for which application threads were stopped: 0.0046039 seconds, Stopping threads took: 0.0000204 seconds
107.369: [GC (Allocation Failure)  831053K->510541K(1034240K), 0.0045164 secs]
107.373: Total time for which application threads were stopped: 0.0046592 seconds, Stopping threads took: 0.0000195 seconds
107.438: [GC (Allocation Failure)  831053K->510957K(1033216K), 0.0044815 secs]
107.442: Total time for which application threads were stopped: 0.0046139 seconds, Stopping threads took: 0.0000191 seconds
107.505: [GC (Allocation Failure)  830445K->518543K(1033728K), 0.0044941 secs]
107.510: Total time for which application threads were stopped: 0.0046216 seconds, Stopping threads took: 0.0000178 seconds
107.573: [GC (Allocation Failure)  838031K->518511K(1033728K), 0.0044576 secs]
107.578: Total time for which application threads were stopped: 0.0046077 seconds, Stopping threads took: 0.0000271 seconds
107.640: [GC (Allocation Failure)  837999K->518695K(1033728K), 0.0044538 secs]
107.645: Total time for which application threads were stopped: 0.0046081 seconds, Stopping threads took: 0.0000178 seconds
107.711: [GC (Allocation Failure)  838183K->526601K(1033728K), 0.0045096 secs]
107.716: Total time for which application threads were stopped: 0.0046780 seconds, Stopping threads took: 0.0000169 seconds
107.780: [GC (Allocation Failure)  846089K->526569K(1033728K), 0.0047121 secs]
107.785: Total time for which application threads were stopped: 0.0048535 seconds, Stopping threads took: 0.0000194 seconds
107.848: [GC (Allocation Failure)  846057K->526601K(1033728K), 0.0046818 secs]
107.853: Total time for which application threads were stopped: 0.0048291 seconds, Stopping threads took: 0.0000201 seconds
107.917: [GC (Allocation Failure)  846089K->534603K(1027072K), 0.0046451 secs]
107.922: Total time for which application threads were stopped: 0.0047871 seconds, Stopping threads took: 0.0000199 seconds
107.986: [GC (Allocation Failure)  854091K->530729K(1034240K), 0.0038454 secs]
107.990: Total time for which application threads were stopped: 0.0039863 seconds, Stopping threads took: 0.0000294 seconds
108.055: [GC (Allocation Failure)  850217K->534763K(1033216K), 0.0046649 secs]
108.060: Total time for which application threads were stopped: 0.0048024 seconds, Stopping threads took: 0.0000201 seconds
108.127: [GC (Allocation Failure)  854251K->538731K(1034752K), 0.0045274 secs]
108.132: Total time for which application threads were stopped: 0.0046813 seconds, Stopping threads took: 0.0000263 seconds
108.196: [GC (Allocation Failure)  860267K->531945K(1034752K), 0.0021950 secs]
108.198: Total time for which application threads were stopped: 0.0023278 seconds, Stopping threads took: 0.0000191 seconds
108.262: [GC (Allocation Failure)  853481K->538835K(1034752K), 0.0045426 secs]
108.266: Total time for which application threads were stopped: 0.0046779 seconds, Stopping threads took: 0.0000196 seconds
108.329: [GC (Allocation Failure)  860371K->542915K(1034752K), 0.0056052 secs]
108.335: Total time for which application threads were stopped: 0.0057653 seconds, Stopping threads took: 0.0000337 seconds
108.396: [GC (Allocation Failure)  864451K->537345K(1034752K), 0.0027427 secs]
108.399: Total time for which application threads were stopped: 0.0028864 seconds, Stopping threads took: 0.0000201 seconds
108.462: [GC (Allocation Failure)  858881K->543147K(1034752K), 0.0065145 secs]
108.469: Total time for which application threads were stopped: 0.0066491 seconds, Stopping threads took: 0.0000194 seconds
108.533: [GC (Allocation Failure)  864683K->546995K(1035264K), 0.0052037 secs]
108.538: Total time for which application threads were stopped: 0.0053809 seconds, Stopping threads took: 0.0000412 seconds
108.600: [GC (Allocation Failure)  869484K->543153K(1035264K), 0.0035987 secs]
108.604: Total time for which application threads were stopped: 0.0037409 seconds, Stopping threads took: 0.0000198 seconds
108.674: [GC (Allocation Failure)  865713K->547179K(1036288K), 0.0048038 secs]
108.679: Total time for which application threads were stopped: 0.0049548 seconds, Stopping threads took: 0.0000191 seconds
108.745: [GC (Allocation Failure)  871275K->551147K(1035776K), 0.0047495 secs]
108.750: Total time for which application threads were stopped: 0.0048983 seconds, Stopping threads took: 0.0000197 seconds
108.818: [GC (Allocation Failure)  875243K->551147K(1035776K), 0.0046099 secs]
108.822: Total time for which application threads were stopped: 0.0047941 seconds, Stopping threads took: 0.0000205 seconds
108.889: [GC (Allocation Failure)  874731K->551211K(1023488K), 0.0045302 secs]
108.894: Total time for which application threads were stopped: 0.0046841 seconds, Stopping threads took: 0.0000201 seconds
108.958: [GC (Allocation Failure)  874795K->559246K(1035264K), 0.0046342 secs]
108.963: Total time for which application threads were stopped: 0.0048139 seconds, Stopping threads took: 0.0000198 seconds
109.030: [GC (Allocation Failure)  881806K->559214K(1030144K), 0.0046518 secs]
109.035: Total time for which application threads were stopped: 0.0048030 seconds, Stopping threads took: 0.0000194 seconds
109.101: [GC (Allocation Failure)  881774K->559238K(1034752K), 0.0046528 secs]
109.106: Total time for which application threads were stopped: 0.0048455 seconds, Stopping threads took: 0.0000205 seconds
109.174: [GC (Allocation Failure)  880774K->567208K(1029120K), 0.0047682 secs]
109.178: Total time for which application threads were stopped: 0.0049216 seconds, Stopping threads took: 0.0000203 seconds
109.246: [GC (Allocation Failure)  888744K->567208K(1034240K), 0.0046244 secs]
109.250: Total time for which application threads were stopped: 0.0047751 seconds, Stopping threads took: 0.0000203 seconds
109.316: [GC (Allocation Failure)  887720K->567464K(1034240K), 0.0047933 secs]
109.321: Total time for which application threads were stopped: 0.0049487 seconds, Stopping threads took: 0.0000205 seconds
109.389: [GC (Allocation Failure)  887976K->575274K(1034240K), 0.0044565 secs]
109.394: Total time for which application threads were stopped: 0.0046116 seconds, Stopping threads took: 0.0000200 seconds
109.460: [GC (Allocation Failure)  895786K->575274K(1034240K), 0.0045657 secs]
109.465: Total time for which application threads were stopped: 0.0047305 seconds, Stopping threads took: 0.0000198 seconds
109.532: [GC (Allocation Failure)  895786K->575690K(1033216K), 0.0047707 secs]
109.537: Total time for which application threads were stopped: 0.0049337 seconds, Stopping threads took: 0.0000166 seconds
109.603: [GC (Allocation Failure)  895178K->583276K(1033728K), 0.0091214 secs]
109.613: Total time for which application threads were stopped: 0.0093208 seconds, Stopping threads took: 0.0000280 seconds
109.681: [GC (Allocation Failure)  902764K->583308K(1033728K), 0.0047094 secs]
109.686: Total time for which application threads were stopped: 0.0048685 seconds, Stopping threads took: 0.0000195 seconds
109.750: [GC (Allocation Failure)  902796K->583404K(1033728K), 0.0048001 secs]
109.755: Total time for which application threads were stopped: 0.0049628 seconds, Stopping threads took: 0.0000195 seconds
109.823: [GC (Allocation Failure)  902892K->591343K(1033728K), 0.0046991 secs]
109.827: Total time for which application threads were stopped: 0.0048633 seconds, Stopping threads took: 0.0000201 seconds
109.894: [GC (Allocation Failure)  910831K->591311K(1033728K), 0.0048929 secs]
109.899: Total time for which application threads were stopped: 0.0050598 seconds, Stopping threads took: 0.0000198 seconds
109.965: [GC (Allocation Failure)  910799K->591367K(1033728K), 0.0047869 secs]
109.970: Total time for which application threads were stopped: 0.0049759 seconds, Stopping threads took: 0.0000195 seconds
110.038: [GC (Allocation Failure)  910855K->599305K(1027072K), 0.0057321 secs]
110.044: Total time for which application threads were stopped: 0.0059194 seconds, Stopping threads took: 0.0000200 seconds
110.110: [GC (Allocation Failure)  918792K->595431K(1034240K), 0.0038953 secs]
110.114: Total time for which application threads were stopped: 0.0040376 seconds, Stopping threads took: 0.0000173 seconds
110.183: [GC (Allocation Failure)  914919K->599497K(1033216K), 0.0049164 secs]
110.188: Total time for which application threads were stopped: 0.0050953 seconds, Stopping threads took: 0.0000250 seconds
110.256: [GC (Allocation Failure)  918985K->603465K(1034752K), 0.0046082 secs]
110.261: Total time for which application threads were stopped: 0.0047746 seconds, Stopping threads took: 0.0000193 seconds
110.328: [GC (Allocation Failure)  925001K->596679K(1034752K), 0.0023787 secs]
110.330: Total time for which application threads were stopped: 0.0025280 seconds, Stopping threads took: 0.0000203 seconds
110.399: [GC (Allocation Failure)  918215K->603561K(1034752K), 0.0047724 secs]
110.404: Total time for which application threads were stopped: 0.0049330 seconds, Stopping threads took: 0.0000191 seconds
110.469: [GC (Allocation Failure)  925097K->607609K(1034752K), 0.0058727 secs]
110.475: Total time for which application threads were stopped: 0.0060614 seconds, Stopping threads took: 0.0000216 seconds
110.540: [GC (Allocation Failure)  929145K->602071K(1034752K), 0.0027348 secs]
110.543: Total time for which application threads were stopped: 0.0028930 seconds, Stopping threads took: 0.0000195 seconds
110.609: [GC (Allocation Failure)  923607K->607873K(1034752K), 0.0109324 secs]
110.620: Total time for which application threads were stopped: 0.0111349 seconds, Stopping threads took: 0.0000251 seconds
110.688: [GC (Allocation Failure)  929409K->611745K(1034752K), 0.0051425 secs]
110.693: Total time for which application threads were stopped: 0.0052980 seconds, Stopping threads took: 0.0000200 seconds
110.759: [GC (Allocation Failure)  934233K->607839K(1035264K), 0.0035628 secs]
110.763: Total time for which application threads were stopped: 0.0037242 seconds, Stopping threads took: 0.0000195 seconds
110.830: [GC (Allocation Failure)  930399K->611913K(1036288K), 0.0048977 secs]
110.835: Total time for which application threads were stopped: 0.0050531 seconds, Stopping threads took: 0.0000193 seconds
110.902: [GC (Allocation Failure)  936009K->615881K(1035776K), 0.0046260 secs]
110.906: Total time for which application threads were stopped: 0.0047826 seconds, Stopping threads took: 0.0000199 seconds
110.974: [GC (Allocation Failure)  939977K->615913K(1035776K), 0.0047353 secs]
110.979: Total time for which application threads were stopped: 0.0048987 seconds, Stopping threads took: 0.0000193 seconds
111.047: [GC (Allocation Failure)  939497K->615945K(1023488K), 0.0046902 secs]
111.051: Total time for which application threads were stopped: 0.0048547 seconds, Stopping threads took: 0.0000298 seconds
111.117: [GC (Allocation Failure)  939529K->623915K(1035264K), 0.0049667 secs]
111.122: Total time for which application threads were stopped: 0.0051388 seconds, Stopping threads took: 0.0000189 seconds
111.190: [GC (Allocation Failure)  946475K->623947K(1030144K), 0.0048150 secs]
111.195: Total time for which application threads were stopped: 0.0049809 seconds, Stopping threads took: 0.0000196 seconds
111.262: [GC (Allocation Failure)  946507K->623979K(1034752K), 0.0049342 secs]
111.267: Total time for which application threads were stopped: 0.0050916 seconds, Stopping threads took: 0.0000201 seconds
111.336: [GC (Allocation Failure)  945515K->631949K(1029120K), 0.0049538 secs]
111.341: Total time for which application threads were stopped: 0.0051117 seconds, Stopping threads took: 0.0000199 seconds
111.410: [GC (Allocation Failure)  953485K->631917K(1034240K), 0.0047014 secs]
111.415: Total time for which application threads were stopped: 0.0048649 seconds, Stopping threads took: 0.0000200 seconds
111.482: [GC (Allocation Failure)  952429K->632205K(1034240K), 0.0048542 secs]
111.487: Total time for which application threads were stopped: 0.0050127 seconds, Stopping threads took: 0.0000204 seconds
111.555: [GC (Allocation Failure)  952717K->639984K(1034240K), 0.0047643 secs]
111.560: Total time for which application threads were stopped: 0.0049317 seconds, Stopping threads took: 0.0000256 seconds
111.628: [GC (Allocation Failure)  960496K->640016K(1034240K), 0.0057991 secs]
111.634: Total time for which application threads were stopped: 0.0059425 seconds, Stopping threads took: 0.0000184 seconds
111.700: [GC (Allocation Failure)  960528K->640424K(1033216K), 0.0048743 secs]
111.705: Total time for which application threads were stopped: 0.0050466 seconds, Stopping threads took: 0.0000284 seconds
111.772: [GC (Allocation Failure)  959912K->648042K(1033728K), 0.0048929 secs]
111.777: Total time for which application threads were stopped: 0.0050507 seconds, Stopping threads took: 0.0000190 seconds
111.844: [GC (Allocation Failure)  967530K->648042K(1033728K), 0.0056265 secs]
111.850: Total time for which application threads were stopped: 0.0057985 seconds, Stopping threads took: 0.0000199 seconds
111.914: [GC (Allocation Failure)  967530K->648138K(1033728K), 0.0048926 secs]
111.919: Total time for which application threads were stopped: 0.0050479 seconds, Stopping threads took: 0.0000197 seconds
111.986: [GC (Allocation Failure)  967626K->656044K(1033728K), 0.0047953 secs]
111.991: Total time for which application threads were stopped: 0.0049515 seconds, Stopping threads took: 0.0000206 seconds
112.057: [GC (Allocation Failure)  975532K->656044K(1033728K), 0.0050481 secs]
112.062: Total time for which application threads were stopped: 0.0052198 seconds, Stopping threads took: 0.0000267 seconds
112.130: [GC (Allocation Failure)  975532K->656100K(1033728K), 0.0052762 secs]
112.136: Total time for which application threads were stopped: 0.0054542 seconds, Stopping threads took: 0.0000200 seconds
112.202: [GC (Allocation Failure)  975588K->664071K(1027072K), 0.0049685 secs]
112.207: Total time for which application threads were stopped: 0.0051473 seconds, Stopping threads took: 0.0000197 seconds
112.271: [GC (Allocation Failure)  983558K->660132K(1034240K), 0.0039384 secs]
112.275: Total time for which application threads were stopped: 0.0040780 seconds, Stopping threads took: 0.0000199 seconds
112.342: [GC (Allocation Failure)  979620K->664199K(1033216K), 0.0049045 secs]
112.347: Total time for which application threads were stopped: 0.0050393 seconds, Stopping threads took: 0.0000199 seconds
112.413: [GC (Allocation Failure)  983687K->668199K(1034752K), 0.0047884 secs]
112.418: Total time for which application threads were stopped: 0.0049526 seconds, Stopping threads took: 0.0000188 seconds
112.483: [GC (Allocation Failure)  989735K->661412K(1034752K), 0.0039654 secs]
112.487: Total time for which application threads were stopped: 0.0040993 seconds, Stopping threads took: 0.0000206 seconds
112.552: [GC (Allocation Failure)  982948K->668263K(1034752K), 0.0045038 secs]
112.557: Total time for which application threads were stopped: 0.0046399 seconds, Stopping threads took: 0.0000193 seconds
112.622: [GC (Allocation Failure)  989799K->672343K(1034752K), 0.0072796 secs]
112.629: Total time for which application threads were stopped: 0.0074743 seconds, Stopping threads took: 0.0000252 seconds
112.694: [GC (Allocation Failure)  993879K->666804K(1034752K), 0.0030545 secs]
112.697: Total time for which application threads were stopped: 0.0032163 seconds, Stopping threads took: 0.0000200 seconds
112.764: [GC (Allocation Failure)  988340K->672591K(1034752K), 0.0049488 secs]
112.769: Total time for which application threads were stopped: 0.0051160 seconds, Stopping threads took: 0.0000207 seconds
112.835: [GC (Allocation Failure)  994127K->676495K(1034752K), 0.0051996 secs]
112.840: Total time for which application threads were stopped: 0.0053445 seconds, Stopping threads took: 0.0000210 seconds
112.906: [GC (Allocation Failure)  998983K->672588K(1035264K), 0.0037865 secs]
112.910: Total time for which application threads were stopped: 0.0039361 seconds, Stopping threads took: 0.0000200 seconds
112.977: [GC (Allocation Failure)  995148K->676655K(1036288K), 0.0047824 secs]
112.982: Total time for which application threads were stopped: 0.0049067 seconds, Stopping threads took: 0.0000165 seconds
113.048: [GC (Allocation Failure)  1000751K->680655K(1035776K), 0.0048199 secs]
113.053: Total time for which application threads were stopped: 0.0049749 seconds, Stopping threads took: 0.0000286 seconds
113.118: [GC (Allocation Failure)  1004751K->680623K(1035776K), 0.0047735 secs]
113.123: Total time for which application threads were stopped: 0.0049111 seconds, Stopping threads took: 0.0000200 seconds
113.187: [GC (Allocation Failure)  1004207K->680679K(1023488K), 0.0047719 secs]
113.192: Total time for which application threads were stopped: 0.0049101 seconds, Stopping threads took: 0.0000195 seconds
113.255: [GC (Allocation Failure)  1004263K->688681K(1035264K), 0.0063067 secs]
113.262: Total time for which application threads were stopped: 0.0064568 seconds, Stopping threads took: 0.0000247 seconds
113.327: [GC (Allocation Failure)  1011241K->688617K(1030144K), 0.0046478 secs]
113.332: Total time for which application threads were stopped: 0.0047903 seconds, Stopping threads took: 0.0000200 seconds
113.396: [GC (Allocation Failure)  1011177K->688713K(1034752K), 0.0049528 secs]
113.401: [Full GC (Ergonomics)  688713K->8520K(1034752K), 0.0125380 secs]
113.414: Total time for which application threads were stopped: 0.0176895 seconds, Stopping threads took: 0.0000200 seconds
113.478: [GC (Allocation Failure)  330056K->16650K(1029120K), 0.0036757 secs]
113.482: Total time for which application threads were stopped: 0.0038078 seconds, Stopping threads took: 0.0000189 seconds
113.547: [GC (Allocation Failure)  338186K->16602K(1034240K), 0.0032641 secs]
113.550: Total time for which application threads were stopped: 0.0034005 seconds, Stopping threads took: 0.0000292 seconds
113.614: [GC (Allocation Failure)  337114K->16794K(1034240K), 0.0035925 secs]
113.618: Total time for which application threads were stopped: 0.0037278 seconds, Stopping threads took: 0.0000245 seconds
113.686: [GC (Allocation Failure)  337306K->24636K(1034240K), 0.0034162 secs]
113.689: Total time for which application threads were stopped: 0.0035706 seconds, Stopping threads took: 0.0000170 seconds
113.756: [GC (Allocation Failure)  345148K->24636K(1034240K), 0.0037375 secs]
113.760: Total time for which application threads were stopped: 0.0038936 seconds, Stopping threads took: 0.0000196 seconds
113.828: [GC (Allocation Failure)  345148K->25084K(1033216K), 0.0037022 secs]
113.831: Total time for which application threads were stopped: 0.0038863 seconds, Stopping threads took: 0.0000197 seconds
113.900: [GC (Allocation Failure)  344572K->32671K(1033728K), 0.0037290 secs]
113.904: Total time for which application threads were stopped: 0.0038957 seconds, Stopping threads took: 0.0000193 seconds
113.971: [GC (Allocation Failure)  352159K->32671K(1033728K), 0.0037858 secs]
113.975: Total time for which application threads were stopped: 0.0039545 seconds, Stopping threads took: 0.0000203 seconds
114.042: [GC (Allocation Failure)  352159K->32807K(1033728K), 0.0038866 secs]
114.046: Total time for which application threads were stopped: 0.0040863 seconds, Stopping threads took: 0.0000481 seconds
114.113: [GC (Allocation Failure)  352295K->40713K(1033728K), 0.0035670 secs]
114.116: Total time for which application threads were stopped: 0.0037335 seconds, Stopping threads took: 0.0000198 seconds
114.183: [GC (Allocation Failure)  360201K->40713K(1033728K), 0.0037243 secs]
114.187: Total time for which application threads were stopped: 0.0039136 seconds, Stopping threads took: 0.0000201 seconds
114.255: [GC (Allocation Failure)  360201K->40777K(1033728K), 0.0035911 secs]
114.259: Total time for which application threads were stopped: 0.0037526 seconds, Stopping threads took: 0.0000165 seconds
114.325: [GC (Allocation Failure)  360265K->48779K(1027072K), 0.0038280 secs]
114.329: Total time for which application threads were stopped: 0.0040057 seconds, Stopping threads took: 0.0000206 seconds
114.395: [GC (Allocation Failure)  368267K->44841K(1034240K), 0.0027635 secs]
114.398: Total time for which application threads were stopped: 0.0029149 seconds, Stopping threads took: 0.0000193 seconds
114.466: [GC (Allocation Failure)  364329K->48907K(1033216K), 0.0038249 secs]
114.470: Total time for which application threads were stopped: 0.0039961 seconds, Stopping threads took: 0.0000198 seconds
114.537: [GC (Allocation Failure)  368395K->52875K(1034752K), 0.0035316 secs]
114.541: Total time for which application threads were stopped: 0.0036793 seconds, Stopping threads took: 0.0000204 seconds
114.606: [GC (Allocation Failure)  374411K->46121K(1034752K), 0.0071557 secs]
114.613: Total time for which application threads were stopped: 0.0073069 seconds, Stopping threads took: 0.0000198 seconds
114.681: [GC (Allocation Failure)  367657K->52947K(1034752K), 0.0036266 secs]
114.684: Total time for which application threads were stopped: 0.0037918 seconds, Stopping threads took: 0.0000201 seconds
114.751: [GC (Allocation Failure)  374483K->57051K(1034752K), 0.0046980 secs]
114.755: Total time for which application threads were stopped: 0.0048657 seconds, Stopping threads took: 0.0000193 seconds
114.822: [GC (Allocation Failure)  378587K->51481K(1034752K), 0.0017236 secs]
114.824: Total time for which application threads were stopped: 0.0018608 seconds, Stopping threads took: 0.0000204 seconds
114.891: [GC (Allocation Failure)  373017K->57283K(1034752K), 0.0036965 secs]
114.895: Total time for which application threads were stopped: 0.0038728 seconds, Stopping threads took: 0.0000203 seconds
114.964: [GC (Allocation Failure)  378819K->61155K(1034752K), 0.0041498 secs]
114.968: Total time for which application threads were stopped: 0.0042820 seconds, Stopping threads took: 0.0000173 seconds
115.032: [GC (Allocation Failure)  383643K->57249K(1035264K), 0.0026385 secs]
115.035: Total time for which application threads were stopped: 0.0027704 seconds, Stopping threads took: 0.0000195 seconds
115.105: [GC (Allocation Failure)  379809K->61323K(1036288K), 0.0036476 secs]
115.109: Total time for which application threads were stopped: 0.0038013 seconds, Stopping threads took: 0.0000256 seconds
115.175: [GC (Allocation Failure)  385419K->65323K(1035776K), 0.0035139 secs]
115.178: Total time for which application threads were stopped: 0.0036693 seconds, Stopping threads took: 0.0000198 seconds
115.246: [GC (Allocation Failure)  389419K->65323K(1035776K), 0.0036591 secs]
115.250: Total time for which application threads were stopped: 0.0037947 seconds, Stopping threads took: 0.0000164 seconds
115.316: [GC (Allocation Failure)  388907K->65387K(1023488K), 0.0036029 secs]
115.320: Total time for which application threads were stopped: 0.0037347 seconds, Stopping threads took: 0.0000190 seconds
115.384: [GC (Allocation Failure)  388971K->73293K(1035264K), 0.0037076 secs]
115.388: Total time for which application threads were stopped: 0.0038460 seconds, Stopping threads took: 0.0000184 seconds
115.452: [GC (Allocation Failure)  395853K->73357K(1030144K), 0.0035624 secs]
115.456: Total time for which application threads were stopped: 0.0037049 seconds, Stopping threads took: 0.0000181 seconds
115.522: [GC (Allocation Failure)  395917K->73381K(1034752K), 0.0037768 secs]
115.526: Total time for which application threads were stopped: 0.0039151 seconds, Stopping threads took: 0.0000192 seconds
115.592: [GC (Allocation Failure)  394917K->81352K(1034752K), 0.0038001 secs]
115.596: Total time for which application threads were stopped: 0.0039488 seconds, Stopping threads took: 0.0000195 seconds
115.666: [GC (Allocation Failure)  402888K->81352K(1033728K), 0.0036418 secs]
115.670: Total time for which application threads were stopped: 0.0038028 seconds, Stopping threads took: 0.0000199 seconds
115.737: [GC (Allocation Failure)  401864K->81576K(1034240K), 0.0039222 secs]
115.741: Total time for which application threads were stopped: 0.0040897 seconds, Stopping threads took: 0.0000197 seconds
115.809: [GC (Allocation Failure)  402088K->89418K(1034240K), 0.0038324 secs]
115.812: Total time for which application threads were stopped: 0.0040055 seconds, Stopping threads took: 0.0000199 seconds
115.882: [GC (Allocation Failure)  409930K->89386K(1034240K), 0.0039011 secs]
115.886: Total time for which application threads were stopped: 0.0040638 seconds, Stopping threads took: 0.0000200 seconds
115.953: [GC (Allocation Failure)  409898K->89834K(1033216K), 0.0038268 secs]
115.957: Total time for which application threads were stopped: 0.0040180 seconds, Stopping threads took: 0.0000249 seconds
116.026: [GC (Allocation Failure)  409322K->97452K(1033728K), 0.0037673 secs]
116.030: Total time for which application threads were stopped: 0.0039348 seconds, Stopping threads took: 0.0000197 seconds
116.099: [GC (Allocation Failure)  416940K->97420K(1033728K), 0.0038510 secs]
116.103: Total time for which application threads were stopped: 0.0040328 seconds, Stopping threads took: 0.0000355 seconds
116.168: [GC (Allocation Failure)  416908K->97580K(1033728K), 0.0038536 secs]
116.172: Total time for which application threads were stopped: 0.0040282 seconds, Stopping threads took: 0.0000208 seconds
116.238: [GC (Allocation Failure)  417068K->105486K(1033728K), 0.0037542 secs]
116.242: Total time for which application threads were stopped: 0.0039021 seconds, Stopping threads took: 0.0000201 seconds
116.307: [GC (Allocation Failure)  424974K->105454K(1033728K), 0.0037663 secs]
116.310: Total time for which application threads were stopped: 0.0039269 seconds, Stopping threads took: 0.0000195 seconds
116.378: [GC (Allocation Failure)  424942K->105542K(1033728K), 0.0050915 secs]
116.383: Total time for which application threads were stopped: 0.0052522 seconds, Stopping threads took: 0.0000281 seconds
116.448: [GC (Allocation Failure)  425030K->113449K(1027072K), 0.0038795 secs]
116.452: Total time for which application threads were stopped: 0.0040355 seconds, Stopping threads took: 0.0000199 seconds
116.517: [GC (Allocation Failure)  432936K->109574K(1034240K), 0.0027865 secs]
116.519: Total time for which application threads were stopped: 0.0029268 seconds, Stopping threads took: 0.0000192 seconds
116.585: [GC (Allocation Failure)  429062K->113641K(1033216K), 0.0037880 secs]
116.589: Total time for which application threads were stopped: 0.0039433 seconds, Stopping threads took: 0.0000282 seconds
116.657: [GC (Allocation Failure)  433129K->117609K(1034752K), 0.0039155 secs]
116.661: Total time for which application threads were stopped: 0.0040826 seconds, Stopping threads took: 0.0000196 seconds
116.727: [GC (Allocation Failure)  439145K->110822K(1034752K), 0.0013195 secs]
116.728: Total time for which application threads were stopped: 0.0014443 seconds, Stopping threads took: 0.0000198 seconds
116.795: [GC (Allocation Failure)  432358K->117673K(1034752K), 0.0037598 secs]
116.799: Total time for which application threads were stopped: 0.0039255 seconds, Stopping threads took: 0.0000204 seconds
116.864: [GC (Allocation Failure)  439209K->121753K(1034752K), 0.0047975 secs]
116.869: Total time for which application threads were stopped: 0.0049577 seconds, Stopping threads took: 0.0000211 seconds
116.935: [GC (Allocation Failure)  443289K->116214K(1034752K), 0.0017773 secs]
116.937: Total time for which application threads were stopped: 0.0019108 seconds, Stopping threads took: 0.0000192 seconds
117.005: [GC (Allocation Failure)  437750K->122057K(1034752K), 0.0037975 secs]
117.009: Total time for which application threads were stopped: 0.0039329 seconds, Stopping threads took: 0.0000192 seconds
117.075: [GC (Allocation Failure)  443593K->125897K(1034752K), 0.0039982 secs]
117.079: Total time for which application threads were stopped: 0.0041520 seconds, Stopping threads took: 0.0000283 seconds
117.142: [GC (Allocation Failure)  448385K->121990K(1035264K), 0.0027059 secs]
117.145: Total time for which application threads were stopped: 0.0028545 seconds, Stopping threads took: 0.0000199 seconds
117.210: [GC (Allocation Failure)  444550K->126057K(1036288K), 0.0038666 secs]
117.214: Total time for which application threads were stopped: 0.0040012 seconds, Stopping threads took: 0.0000196 seconds
117.278: [GC (Allocation Failure)  450153K->130025K(1035776K), 0.0065690 secs]
117.285: Total time for which application threads were stopped: 0.0067135 seconds, Stopping threads took: 0.0000201 seconds
117.350: [GC (Allocation Failure)  454121K->130025K(1035776K), 0.0036721 secs]
117.353: Total time for which application threads were stopped: 0.0038226 seconds, Stopping threads took: 0.0000187 seconds
117.419: [GC (Allocation Failure)  453609K->130089K(1023488K), 0.0037032 secs]
117.422: Total time for which application threads were stopped: 0.0038362 seconds, Stopping threads took: 0.0000195 seconds
117.487: [GC (Allocation Failure)  453673K->138091K(1035264K), 0.0038163 secs]
117.491: Total time for which application threads were stopped: 0.0039487 seconds, Stopping threads took: 0.0000193 seconds
117.555: [GC (Allocation Failure)  460651K->138059K(1030144K), 0.0035079 secs]
117.559: Total time for which application threads were stopped: 0.0036679 seconds, Stopping threads took: 0.0000250 seconds
117.627: [GC (Allocation Failure)  460619K->138091K(1034752K), 0.0047060 secs]
117.632: Total time for which application threads were stopped: 0.0048529 seconds, Stopping threads took: 0.0000252 seconds
117.699: [GC (Allocation Failure)  459627K->146093K(1034752K), 0.0040812 secs]
117.704: Total time for which application threads were stopped: 0.0042782 seconds, Stopping threads took: 0.0000198 seconds
117.771: [GC (Allocation Failure)  467629K->146093K(1033728K), 0.0037667 secs]
117.775: Total time for which application threads were stopped: 0.0039150 seconds, Stopping threads took: 0.0000193 seconds
117.841: [GC (Allocation Failure)  466605K->146349K(1034240K), 0.0047523 secs]
117.845: Total time for which application threads were stopped: 0.0048991 seconds, Stopping threads took: 0.0000197 seconds
117.912: [GC (Allocation Failure)  466861K->154159K(1034240K), 0.0038330 secs]
117.916: Total time for which application threads were stopped: 0.0039917 seconds, Stopping threads took: 0.0000192 seconds
117.984: [GC (Allocation Failure)  474671K->154159K(1034240K), 0.0037941 secs]
117.987: Total time for which application threads were stopped: 0.0039403 seconds, Stopping threads took: 0.0000167 seconds
118.052: [GC (Allocation Failure)  474671K->154567K(1033216K), 0.0037358 secs]
118.056: Total time for which application threads were stopped: 0.0038887 seconds, Stopping threads took: 0.0000260 seconds
118.121: [GC (Allocation Failure)  474055K->162154K(1033728K), 0.0038861 secs]
118.125: Total time for which application threads were stopped: 0.0040384 seconds, Stopping threads took: 0.0000206 seconds
118.193: [GC (Allocation Failure)  481642K->162154K(1033728K), 0.0036951 secs]
118.197: Total time for which application threads were stopped: 0.0038378 seconds, Stopping threads took: 0.0000256 seconds
118.259: [GC (Allocation Failure)  481642K->162314K(1033728K), 0.0037656 secs]
118.263: Total time for which application threads were stopped: 0.0039212 seconds, Stopping threads took: 0.0000196 seconds
118.330: [GC (Allocation Failure)  481802K->170188K(1033728K), 0.0038583 secs]
118.334: Total time for which application threads were stopped: 0.0040362 seconds, Stopping threads took: 0.0000211 seconds
118.398: [GC (Allocation Failure)  489676K->170188K(1033728K), 0.0039418 secs]
118.402: Total time for which application threads were stopped: 0.0040899 seconds, Stopping threads took: 0.0000196 seconds
118.466: [GC (Allocation Failure)  489676K->170244K(1033728K), 0.0039391 secs]
118.470: Total time for which application threads were stopped: 0.0040829 seconds, Stopping threads took: 0.0000197 seconds
118.536: [GC (Allocation Failure)  489732K->178214K(1027072K), 0.0040671 secs]
118.540: Total time for which application threads were stopped: 0.0042295 seconds, Stopping threads took: 0.0000193 seconds
118.605: [GC (Allocation Failure)  497702K->174276K(1034240K), 0.0092703 secs]
118.614: Total time for which application threads were stopped: 0.0094202 seconds, Stopping threads took: 0.0000274 seconds
118.682: [GC (Allocation Failure)  493764K->178374K(1033216K), 0.0040938 secs]
118.686: Total time for which application threads were stopped: 0.0042541 seconds, Stopping threads took: 0.0000195 seconds
118.754: [GC (Allocation Failure)  497862K->182342K(1034752K), 0.0037783 secs]
118.758: Total time for which application threads were stopped: 0.0039281 seconds, Stopping threads took: 0.0000203 seconds
118.824: [GC (Allocation Failure)  503878K->175588K(1034752K), 0.0015505 secs]
118.825: Total time for which application threads were stopped: 0.0016791 seconds, Stopping threads took: 0.0000194 seconds
118.891: [GC (Allocation Failure)  497124K->182446K(1034752K), 0.0037854 secs]
118.895: Total time for which application threads were stopped: 0.0039307 seconds, Stopping threads took: 0.0000190 seconds
118.961: [GC (Allocation Failure)  503982K->186526K(1034752K), 0.0047557 secs]
118.965: Total time for which application threads were stopped: 0.0049005 seconds, Stopping threads took: 0.0000192 seconds
119.029: [GC (Allocation Failure)  508062K->180956K(1034752K), 0.0020896 secs]
119.031: Total time for which application threads were stopped: 0.0022259 seconds, Stopping threads took: 0.0000202 seconds
119.096: [GC (Allocation Failure)  502492K->186806K(1034752K), 0.0039329 secs]
119.100: Total time for which application threads were stopped: 0.0040801 seconds, Stopping threads took: 0.0000195 seconds
119.165: [GC (Allocation Failure)  508342K->190678K(1035264K), 0.0042515 secs]
119.169: Total time for which application threads were stopped: 0.0043951 seconds, Stopping threads took: 0.0000202 seconds
119.234: [GC (Allocation Failure)  513167K->186740K(1035264K), 0.0028249 secs]
119.237: Total time for which application threads were stopped: 0.0029650 seconds, Stopping threads took: 0.0000270 seconds
119.302: [GC (Allocation Failure)  509300K->190798K(1036288K), 0.0039853 secs]
119.306: Total time for which application threads were stopped: 0.0041145 seconds, Stopping threads took: 0.0000181 seconds
119.370: [GC (Allocation Failure)  514894K->194766K(1035776K), 0.0038211 secs]
119.374: Total time for which application threads were stopped: 0.0039608 seconds, Stopping threads took: 0.0000191 seconds
119.440: [GC (Allocation Failure)  518862K->194734K(1035776K), 0.0036841 secs]
119.444: Total time for which application threads were stopped: 0.0038160 seconds, Stopping threads took: 0.0000194 seconds
119.508: [GC (Allocation Failure)  518318K->194822K(1023488K), 0.0039125 secs]
119.512: Total time for which application threads were stopped: 0.0040449 seconds, Stopping threads took: 0.0000179 seconds
119.577: [GC (Allocation Failure)  518406K->202793K(1035264K), 0.0038596 secs]
119.581: Total time for which application threads were stopped: 0.0040005 seconds, Stopping threads took: 0.0000274 seconds
119.650: [GC (Allocation Failure)  525353K->202793K(1030144K), 0.0037349 secs]
119.654: Total time for which application threads were stopped: 0.0038837 seconds, Stopping threads took: 0.0000169 seconds
119.721: [GC (Allocation Failure)  525353K->202857K(1034752K), 0.0039942 secs]
119.725: Total time for which application threads were stopped: 0.0041502 seconds, Stopping threads took: 0.0000198 seconds
119.793: [GC (Allocation Failure)  524393K->210827K(1034752K), 0.0041779 secs]
119.797: Total time for which application threads were stopped: 0.0043495 seconds, Stopping threads took: 0.0000196 seconds
119.866: [GC (Allocation Failure)  532363K->210859K(1033728K), 0.0037628 secs]
119.870: Total time for which application threads were stopped: 0.0039215 seconds, Stopping threads took: 0.0000194 seconds
119.936: [GC (Allocation Failure)  531371K->211075K(1034240K), 0.0040927 secs]
119.940: Total time for which application threads were stopped: 0.0042503 seconds, Stopping threads took: 0.0000219 seconds
120.007: [GC (Allocation Failure)  531587K->218821K(1034240K), 0.0039759 secs]
120.011: Total time for which application threads were stopped: 0.0041359 seconds, Stopping threads took: 0.0000220 seconds
120.079: [GC (Allocation Failure)  539333K->218853K(1034240K), 0.0039364 secs]
120.083: Total time for which application threads were stopped: 0.0041137 seconds, Stopping threads took: 0.0000258 seconds
120.149: [GC (Allocation Failure)  539365K->219301K(1034240K), 0.0040791 secs]
120.153: Total time for which application threads were stopped: 0.0042428 seconds, Stopping threads took: 0.0000252 seconds
120.218: [GC (Allocation Failure)  539813K->226887K(1028096K), 0.0039176 secs]
120.222: Total time for which application threads were stopped: 0.0040646 seconds, Stopping threads took: 0.0000195 seconds
120.285: [GC (Allocation Failure)  547399K->226887K(1033728K), 0.0039599 secs]
120.289: Total time for which application threads were stopped: 0.0041048 seconds, Stopping threads took: 0.0000192 seconds
120.353: [GC (Allocation Failure)  546375K->227015K(1033728K), 0.0040557 secs]
120.358: Total time for which application threads were stopped: 0.0042004 seconds, Stopping threads took: 0.0000199 seconds
120.422: [GC (Allocation Failure)  546503K->234954K(1033728K), 0.0039437 secs]
120.426: Total time for which application threads were stopped: 0.0040920 seconds, Stopping threads took: 0.0000198 seconds
120.490: [GC (Allocation Failure)  554442K->234922K(1033728K), 0.0038313 secs]
120.494: Total time for which application threads were stopped: 0.0039857 seconds, Stopping threads took: 0.0000191 seconds
120.561: [GC (Allocation Failure)  554410K->234986K(1033728K), 0.0040648 secs]
120.565: Total time for which application threads were stopped: 0.0042106 seconds, Stopping threads took: 0.0000191 seconds
120.630: [GC (Allocation Failure)  554474K->242956K(1027072K), 0.0047738 secs]
120.635: Total time for which application threads were stopped: 0.0049345 seconds, Stopping threads took: 0.0000258 seconds
120.699: [GC (Allocation Failure)  562443K->239050K(1034240K), 0.0029265 secs]
120.702: Total time for which application threads were stopped: 0.0030868 seconds, Stopping threads took: 0.0000205 seconds
120.770: [GC (Allocation Failure)  558538K->243084K(1033216K), 0.0042903 secs]
120.774: Total time for which application threads were stopped: 0.0044570 seconds, Stopping threads took: 0.0000201 seconds
120.842: [GC (Allocation Failure)  562572K->247052K(1034752K), 0.0041085 secs]
120.846: Total time for which application threads were stopped: 0.0042673 seconds, Stopping threads took: 0.0000205 seconds
120.912: [GC (Allocation Failure)  568588K->240298K(1034752K), 0.0017860 secs]
120.914: Total time for which application threads were stopped: 0.0019206 seconds, Stopping threads took: 0.0000202 seconds
120.981: [GC (Allocation Failure)  561834K->247156K(1034752K), 0.0038806 secs]
120.985: Total time for which application threads were stopped: 0.0040365 seconds, Stopping threads took: 0.0000205 seconds
121.050: [GC (Allocation Failure)  568692K->251236K(1034752K), 0.0051928 secs]
121.056: Total time for which application threads were stopped: 0.0053629 seconds, Stopping threads took: 0.0000200 seconds
121.120: [GC (Allocation Failure)  572772K->245666K(1034752K), 0.0021566 secs]
121.122: Total time for which application threads were stopped: 0.0022949 seconds, Stopping threads took: 0.0000190 seconds
121.189: [GC (Allocation Failure)  567202K->251500K(1034752K), 0.0041151 secs]
121.193: Total time for which application threads were stopped: 0.0042759 seconds, Stopping threads took: 0.0000197 seconds
121.261: [GC (Allocation Failure)  573036K->255372K(1034752K), 0.0058328 secs]
121.266: Total time for which application threads were stopped: 0.0059659 seconds, Stopping threads took: 0.0000171 seconds
121.330: [GC (Allocation Failure)  577860K->251466K(1035264K), 0.0030334 secs]
121.333: Total time for which application threads were stopped: 0.0031894 seconds, Stopping threads took: 0.0000212 seconds
121.400: [GC (Allocation Failure)  574026K->255532K(1036288K), 0.0040962 secs]
121.405: Total time for which application threads were stopped: 0.0042379 seconds, Stopping threads took: 0.0000275 seconds
121.469: [GC (Allocation Failure)  579628K->259532K(1035776K), 0.0039997 secs]
121.473: Total time for which application threads were stopped: 0.0041541 seconds, Stopping threads took: 0.0000204 seconds
121.540: [GC (Allocation Failure)  583628K->259532K(1035776K), 0.0040130 secs]
121.544: Total time for which application threads were stopped: 0.0041610 seconds, Stopping threads took: 0.0000195 seconds
121.609: [GC (Allocation Failure)  583116K->259564K(1023488K), 0.0045101 secs]
121.614: Total time for which application threads were stopped: 0.0046655 seconds, Stopping threads took: 0.0000252 seconds
121.681: [GC (Allocation Failure)  583148K->267534K(1035264K), 0.0041061 secs]
121.685: Total time for which application threads were stopped: 0.0042717 seconds, Stopping threads took: 0.0000197 seconds
121.752: [GC (Allocation Failure)  590094K->267534K(1030144K), 0.0040403 secs]
121.756: Total time for which application threads were stopped: 0.0041995 seconds, Stopping threads took: 0.0000203 seconds
121.824: [GC (Allocation Failure)  590094K->267590K(1034752K), 0.0041327 secs]
121.828: Total time for which application threads were stopped: 0.0043145 seconds, Stopping threads took: 0.0000348 seconds
121.895: [GC (Allocation Failure)  589126K->275560K(1034752K), 0.0042448 secs]
121.899: Total time for which application threads were stopped: 0.0044171 seconds, Stopping threads took: 0.0000202 seconds
121.967: [GC (Allocation Failure)  597096K->275528K(1033728K), 0.0040141 secs]
121.971: Total time for which application threads were stopped: 0.0041859 seconds, Stopping threads took: 0.0000194 seconds
122.038: [GC (Allocation Failure)  596040K->275816K(1034240K), 0.0040932 secs]
122.042: Total time for which application threads were stopped: 0.0042370 seconds, Stopping threads took: 0.0000208 seconds
122.110: [GC (Allocation Failure)  596328K->283627K(1034240K), 0.0040340 secs]
122.115: Total time for which application threads were stopped: 0.0041922 seconds, Stopping threads took: 0.0000201 seconds
122.182: [GC (Allocation Failure)  604139K->283627K(1034240K), 0.0039466 secs]
122.186: Total time for which application threads were stopped: 0.0040827 seconds, Stopping threads took: 0.0000166 seconds
122.251: [GC (Allocation Failure)  604139K->284043K(1033216K), 0.0040573 secs]
122.255: Total time for which application threads were stopped: 0.0042021 seconds, Stopping threads took: 0.0000197 seconds
122.320: [GC (Allocation Failure)  603531K->291629K(1033728K), 0.0040516 secs]
122.324: Total time for which application threads were stopped: 0.0041997 seconds, Stopping threads took: 0.0000196 seconds
122.391: [GC (Allocation Failure)  611117K->291629K(1033728K), 0.0040339 secs]
122.395: Total time for which application threads were stopped: 0.0041962 seconds, Stopping threads took: 0.0000202 seconds
122.458: [GC (Allocation Failure)  611117K->291789K(1033728K), 0.0040821 secs]
122.462: Total time for which application threads were stopped: 0.0042459 seconds, Stopping threads took: 0.0000279 seconds
122.527: [GC (Allocation Failure)  611277K->299663K(1033728K), 0.0039324 secs]
122.531: Total time for which application threads were stopped: 0.0040802 seconds, Stopping threads took: 0.0000188 seconds
122.596: [GC (Allocation Failure)  619151K->299695K(1033728K), 0.0042301 secs]
122.600: Total time for which application threads were stopped: 0.0043603 seconds, Stopping threads took: 0.0000163 seconds
122.667: [GC (Allocation Failure)  619183K->299719K(1033728K), 0.0040730 secs]
122.672: Total time for which application threads were stopped: 0.0042568 seconds, Stopping threads took: 0.0000186 seconds
122.741: [GC (Allocation Failure)  619207K->307721K(1027072K), 0.0042850 secs]
122.745: Total time for which application threads were stopped: 0.0044299 seconds, Stopping threads took: 0.0000172 seconds
122.811: [GC (Allocation Failure)  627209K->303783K(1034240K), 0.0030949 secs]
122.814: Total time for which application threads were stopped: 0.0032576 seconds, Stopping threads took: 0.0000201 seconds
122.881: [GC (Allocation Failure)  623271K->307849K(1033216K), 0.0042871 secs]
122.885: Total time for which application threads were stopped: 0.0044447 seconds, Stopping threads took: 0.0000204 seconds
122.954: [GC (Allocation Failure)  627337K->311817K(1034752K), 0.0040442 secs]
122.958: Total time for which application threads were stopped: 0.0042152 seconds, Stopping threads took: 0.0000197 seconds
123.025: [GC (Allocation Failure)  633353K->305031K(1034752K), 0.0016103 secs]
123.027: Total time for which application threads were stopped: 0.0017433 seconds, Stopping threads took: 0.0000195 seconds
123.094: [GC (Allocation Failure)  626567K->311881K(1034752K), 0.0040509 secs]
123.098: Total time for which application threads were stopped: 0.0042208 seconds, Stopping threads took: 0.0000207 seconds
123.163: [GC (Allocation Failure)  633417K->315993K(1034752K), 0.0051155 secs]
123.168: Total time for which application threads were stopped: 0.0052725 seconds, Stopping threads took: 0.0000204 seconds
123.235: [GC (Allocation Failure)  637529K->310423K(1034752K), 0.0022185 secs]
123.238: Total time for which application threads were stopped: 0.0023682 seconds, Stopping threads took: 0.0000192 seconds
123.304: [GC (Allocation Failure)  631959K->316233K(1034752K), 0.0041430 secs]
123.309: Total time for which application threads were stopped: 0.0042976 seconds, Stopping threads took: 0.0000195 seconds
123.375: [GC (Allocation Failure)  637769K->320105K(1035264K), 0.0047390 secs]
123.380: Total time for which application threads were stopped: 0.0048928 seconds, Stopping threads took: 0.0000199 seconds
123.445: [GC (Allocation Failure)  642594K->316231K(1035264K), 0.0032224 secs]
123.448: Total time for which application threads were stopped: 0.0033850 seconds, Stopping threads took: 0.0000212 seconds
123.517: [GC (Allocation Failure)  638791K->320265K(1036288K), 0.0041714 secs]
123.521: Total time for which application threads were stopped: 0.0043398 seconds, Stopping threads took: 0.0000198 seconds
123.588: [GC (Allocation Failure)  644361K->324265K(1035776K), 0.0040752 secs]
123.592: Total time for which application threads were stopped: 0.0042356 seconds, Stopping threads took: 0.0000199 seconds
123.661: [GC (Allocation Failure)  648361K->324233K(1035776K), 0.0040878 secs]
123.665: Total time for which application threads were stopped: 0.0042470 seconds, Stopping threads took: 0.0000198 seconds
123.732: [GC (Allocation Failure)  647817K->324289K(1023488K), 0.0043028 secs]
123.737: Total time for which application threads were stopped: 0.0044600 seconds, Stopping threads took: 0.0000205 seconds
123.803: [GC (Allocation Failure)  647873K->332260K(1035264K), 0.0043559 secs]
123.807: Total time for which application threads were stopped: 0.0045409 seconds, Stopping threads took: 0.0000188 seconds
123.876: [GC (Allocation Failure)  654820K->332260K(1030144K), 0.0042551 secs]
123.881: Total time for which application threads were stopped: 0.0044135 seconds, Stopping threads took: 0.0000168 seconds
123.948: [GC (Allocation Failure)  654820K->332316K(1034752K), 0.0042530 secs]
123.952: Total time for which application threads were stopped: 0.0044311 seconds, Stopping threads took: 0.0000205 seconds
124.021: [GC (Allocation Failure)  653852K->340286K(1034752K), 0.0043171 secs]
124.025: Total time for which application threads were stopped: 0.0044738 seconds, Stopping threads took: 0.0000197 seconds
124.095: [GC (Allocation Failure)  661822K->340286K(1033728K), 0.0040565 secs]
124.099: Total time for which application threads were stopped: 0.0042238 seconds, Stopping threads took: 0.0000275 seconds
124.168: [GC (Allocation Failure)  660798K->340550K(1034240K), 0.0045553 secs]
124.172: Total time for which application threads were stopped: 0.0047228 seconds, Stopping threads took: 0.0000190 seconds
124.241: [GC (Allocation Failure)  661062K->348328K(1034240K), 0.0041103 secs]
124.245: Total time for which application threads were stopped: 0.0042862 seconds, Stopping threads took: 0.0000193 seconds
124.314: [GC (Allocation Failure)  668840K->348328K(1034240K), 0.0044557 secs]
124.319: Total time for which application threads were stopped: 0.0046236 seconds, Stopping threads took: 0.0000201 seconds
124.387: [GC (Allocation Failure)  668840K->348776K(1033216K), 0.0044166 secs]
124.391: Total time for which application threads were stopped: 0.0045713 seconds, Stopping threads took: 0.0000198 seconds
124.458: [GC (Allocation Failure)  668264K->356363K(1033728K), 0.0043299 secs]
124.463: Total time for which application threads were stopped: 0.0044868 seconds, Stopping threads took: 0.0000198 seconds
124.531: [GC (Allocation Failure)  675851K->356363K(1033728K), 0.0043918 secs]
124.535: Total time for which application threads were stopped: 0.0045370 seconds, Stopping threads took: 0.0000170 seconds
124.600: [GC (Allocation Failure)  675851K->356491K(1033728K), 0.0042050 secs]
124.604: Total time for which application threads were stopped: 0.0043674 seconds, Stopping threads took: 0.0000259 seconds
124.673: [GC (Allocation Failure)  675979K->364397K(1033728K), 0.0043260 secs]
124.677: Total time for which application threads were stopped: 0.0044883 seconds, Stopping threads took: 0.0000198 seconds
124.744: [GC (Allocation Failure)  683885K->364429K(1033728K), 0.0045622 secs]
124.748: Total time for which application threads were stopped: 0.0047276 seconds, Stopping threads took: 0.0000195 seconds
124.817: [GC (Allocation Failure)  683917K->364453K(1033728K), 0.0045123 secs]
124.822: Total time for which application threads were stopped: 0.0046666 seconds, Stopping threads took: 0.0000194 seconds
124.888: [GC (Allocation Failure)  683941K->372423K(1027072K), 0.0043286 secs]
124.893: Total time for which application threads were stopped: 0.0045157 seconds, Stopping threads took: 0.0000196 seconds
124.959: [GC (Allocation Failure)  691911K->368517K(1034240K), 0.0036143 secs]
124.963: Total time for which application threads were stopped: 0.0037748 seconds, Stopping threads took: 0.0000167 seconds
125.031: [GC (Allocation Failure)  688005K->372559K(1033216K), 0.0045402 secs]
125.036: Total time for which application threads were stopped: 0.0047045 seconds, Stopping threads took: 0.0000192 seconds
125.103: [GC (Allocation Failure)  692047K->376591K(1034752K), 0.0043839 secs]
125.108: Total time for which application threads were stopped: 0.0045567 seconds, Stopping threads took: 0.0000273 seconds
125.175: [GC (Allocation Failure)  698127K->369773K(1034752K), 0.0018738 secs]
125.177: Total time for which application threads were stopped: 0.0020363 seconds, Stopping threads took: 0.0000218 seconds
125.244: [GC (Allocation Failure)  691309K->376663K(1034752K), 0.0041581 secs]
125.248: Total time for which application threads were stopped: 0.0043651 seconds, Stopping threads took: 0.0000206 seconds
125.316: [GC (Allocation Failure)  698199K->380743K(1034752K), 0.0051841 secs]
125.321: Total time for which application threads were stopped: 0.0053567 seconds, Stopping threads took: 0.0000251 seconds
125.385: [GC (Allocation Failure)  702279K->375173K(1034752K), 0.0024353 secs]
125.388: Total time for which application threads were stopped: 0.0025910 seconds, Stopping threads took: 0.0000194 seconds
125.454: [GC (Allocation Failure)  696709K->380983K(1034752K), 0.0044086 secs]
125.459: Total time for which application threads were stopped: 0.0045697 seconds, Stopping threads took: 0.0000202 seconds
125.524: [GC (Allocation Failure)  702519K->384855K(1035264K), 0.0046213 secs]
125.529: Total time for which application threads were stopped: 0.0047719 seconds, Stopping threads took: 0.0000202 seconds
125.594: [GC (Allocation Failure)  707343K->380949K(1035264K), 0.0032442 secs]
125.597: Total time for which application threads were stopped: 0.0033990 seconds, Stopping threads took: 0.0000290 seconds
125.668: [GC (Allocation Failure)  703509K->385007K(1036288K), 0.0045147 secs]
125.673: Total time for which application threads were stopped: 0.0046917 seconds, Stopping threads took: 0.0000213 seconds
125.740: [GC (Allocation Failure)  709103K->388975K(1035776K), 0.0041914 secs]
125.744: Total time for which application threads were stopped: 0.0043370 seconds, Stopping threads took: 0.0000205 seconds
125.815: [GC (Allocation Failure)  713071K->389007K(1035776K), 0.0044083 secs]
125.819: Total time for which application threads were stopped: 0.0045810 seconds, Stopping threads took: 0.0000266 seconds
125.887: [GC (Allocation Failure)  712591K->389031K(1023488K), 0.0044959 secs]
125.891: Total time for which application threads were stopped: 0.0046669 seconds, Stopping threads took: 0.0000203 seconds
125.957: [GC (Allocation Failure)  712615K->397033K(1035264K), 0.0046180 secs]
125.962: Total time for which application threads were stopped: 0.0048079 seconds, Stopping threads took: 0.0000206 seconds
126.031: [GC (Allocation Failure)  719593K->397001K(1030144K), 0.0043771 secs]
126.035: Total time for which application threads were stopped: 0.0045554 seconds, Stopping threads took: 0.0000191 seconds
126.103: [GC (Allocation Failure)  719561K->397065K(1034752K), 0.0043159 secs]
126.108: Total time for which application threads were stopped: 0.0044890 seconds, Stopping threads took: 0.0000271 seconds
126.175: [GC (Allocation Failure)  718601K->405068K(1029120K), 0.0044536 secs]
126.179: Total time for which application threads were stopped: 0.0046316 seconds, Stopping threads took: 0.0000200 seconds
126.248: [GC (Allocation Failure)  726604K->405036K(1034240K), 0.0044493 secs]
126.253: Total time for which application threads were stopped: 0.0046498 seconds, Stopping threads took: 0.0000211 seconds
126.319: [GC (Allocation Failure)  725548K->405284K(1034240K), 0.0046965 secs]
126.324: Total time for which application threads were stopped: 0.0048675 seconds, Stopping threads took: 0.0000199 seconds
126.393: [GC (Allocation Failure)  725796K->413062K(1034240K), 0.0042578 secs]
126.397: Total time for which application threads were stopped: 0.0044321 seconds, Stopping threads took: 0.0000198 seconds
126.464: [GC (Allocation Failure)  733574K->413062K(1034240K), 0.0044447 secs]
126.469: Total time for which application threads were stopped: 0.0045967 seconds, Stopping threads took: 0.0000198 seconds
126.533: [GC (Allocation Failure)  733574K->413510K(1033216K), 0.0044661 secs]
126.537: Total time for which application threads were stopped: 0.0045982 seconds, Stopping threads took: 0.0000195 seconds
126.604: [GC (Allocation Failure)  732998K->421128K(1033728K), 0.0089525 secs]
126.613: Total time for which application threads were stopped: 0.0091006 seconds, Stopping threads took: 0.0000275 seconds
126.681: [GC (Allocation Failure)  740616K->421096K(1033728K), 0.0045671 secs]
126.686: Total time for which application threads were stopped: 0.0047352 seconds, Stopping threads took: 0.0000191 seconds
126.750: [GC (Allocation Failure)  740584K->421224K(1033728K), 0.0044835 secs]
126.755: Total time for which application threads were stopped: 0.0046473 seconds, Stopping threads took: 0.0000193 seconds
126.822: [GC (Allocation Failure)  740712K->429162K(1033728K), 0.0043937 secs]
126.826: Total time for which application threads were stopped: 0.0045537 seconds, Stopping threads took: 0.0000189 seconds
126.891: [GC (Allocation Failure)  748650K->429130K(1033728K), 0.0046020 secs]
126.896: Total time for which application threads were stopped: 0.0047500 seconds, Stopping threads took: 0.0000189 seconds
126.961: [GC (Allocation Failure)  748618K->429194K(1033728K), 0.0046366 secs]
126.966: Total time for which application threads were stopped: 0.0047836 seconds, Stopping threads took: 0.0000199 seconds
127.031: [GC (Allocation Failure)  748682K->437165K(1027072K), 0.0044283 secs]
127.036: Total time for which application threads were stopped: 0.0045970 seconds, Stopping threads took: 0.0000277 seconds
127.100: [GC (Allocation Failure)  756652K->433290K(1034240K), 0.0034058 secs]
127.103: Total time for which application threads were stopped: 0.0035465 seconds, Stopping threads took: 0.0000275 seconds
127.169: [GC (Allocation Failure)  752778K->437317K(1033216K), 0.0046515 secs]
127.173: Total time for which application threads were stopped: 0.0048073 seconds, Stopping threads took: 0.0000300 seconds
127.239: [GC (Allocation Failure)  756805K->441285K(1034752K), 0.0043613 secs]
127.244: Total time for which application threads were stopped: 0.0045141 seconds, Stopping threads took: 0.0000200 seconds
127.309: [GC (Allocation Failure)  762821K->434498K(1034752K), 0.0021027 secs]
127.311: Total time for which application threads were stopped: 0.0022663 seconds, Stopping threads took: 0.0000213 seconds
127.377: [GC (Allocation Failure)  756034K->441317K(1034752K), 0.0043324 secs]
127.381: Total time for which application threads were stopped: 0.0044663 seconds, Stopping threads took: 0.0000189 seconds
127.444: [GC (Allocation Failure)  762853K->445429K(1034752K), 0.0054624 secs]
127.449: Total time for which application threads were stopped: 0.0056191 seconds, Stopping threads took: 0.0000238 seconds
127.511: [GC (Allocation Failure)  766965K->439890K(1034752K), 0.0052202 secs]
127.516: Total time for which application threads were stopped: 0.0053491 seconds, Stopping threads took: 0.0000182 seconds
127.580: [GC (Allocation Failure)  761426K->445741K(1034752K), 0.0044975 secs]
127.585: Total time for which application threads were stopped: 0.0046429 seconds, Stopping threads took: 0.0000249 seconds
127.651: [GC (Allocation Failure)  767277K->449581K(1034752K), 0.0047791 secs]
127.656: Total time for which application threads were stopped: 0.0049330 seconds, Stopping threads took: 0.0000197 seconds
127.722: [GC (Allocation Failure)  772069K->445706K(1035264K), 0.0034086 secs]
127.725: Total time for which application threads were stopped: 0.0035406 seconds, Stopping threads took: 0.0000193 seconds
127.791: [GC (Allocation Failure)  768266K->449741K(1036288K), 0.0045333 secs]
127.795: Total time for which application threads were stopped: 0.0046679 seconds, Stopping threads took: 0.0000191 seconds
127.860: [GC (Allocation Failure)  773837K->453709K(1035776K), 0.0045009 secs]
127.864: Total time for which application threads were stopped: 0.0046339 seconds, Stopping threads took: 0.0000192 seconds
127.929: [GC (Allocation Failure)  777805K->453709K(1035776K), 0.0043464 secs]
127.933: Total time for which application threads were stopped: 0.0045017 seconds, Stopping threads took: 0.0000248 seconds
127.998: [GC (Allocation Failure)  777293K->453773K(1023488K), 0.0045521 secs]
128.003: Total time for which application threads were stopped: 0.0046897 seconds, Stopping threads took: 0.0000178 seconds
128.065: [GC (Allocation Failure)  777357K->461775K(1035264K), 0.0044038 secs]
128.070: Total time for which application threads were stopped: 0.0045335 seconds, Stopping threads took: 0.0000180 seconds
128.133: [GC (Allocation Failure)  784335K->461743K(1030144K), 0.0043057 secs]
128.137: Total time for which application threads were stopped: 0.0044379 seconds, Stopping threads took: 0.0000181 seconds
128.200: [GC (Allocation Failure)  784303K->461807K(1034752K), 0.0046987 secs]
128.205: Total time for which application threads were stopped: 0.0048291 seconds, Stopping threads took: 0.0000178 seconds
128.268: [GC (Allocation Failure)  783343K->469809K(1029120K), 0.0045849 secs]
128.273: Total time for which application threads were stopped: 0.0047366 seconds, Stopping threads took: 0.0000238 seconds
128.336: [GC (Allocation Failure)  791345K->469809K(1034240K), 0.0043489 secs]
128.341: Total time for which application threads were stopped: 0.0044810 seconds, Stopping threads took: 0.0000192 seconds
128.403: [GC (Allocation Failure)  790321K->470025K(1034240K), 0.0045180 secs]
128.408: Total time for which application threads were stopped: 0.0046786 seconds, Stopping threads took: 0.0000239 seconds
128.473: [GC (Allocation Failure)  790537K->477803K(1034240K), 0.0042338 secs]
128.477: Total time for which application threads were stopped: 0.0043628 seconds, Stopping threads took: 0.0000156 seconds
128.541: [GC (Allocation Failure)  798315K->477803K(1034240K), 0.0045279 secs]
128.546: Total time for which application threads were stopped: 0.0046920 seconds, Stopping threads took: 0.0000251 seconds
128.611: [GC (Allocation Failure)  798315K->478211K(1033216K), 0.0053433 secs]
128.617: Total time for which application threads were stopped: 0.0054878 seconds, Stopping threads took: 0.0000231 seconds
128.682: [GC (Allocation Failure)  797699K->485894K(1033728K), 0.0045741 secs]
128.686: Total time for which application threads were stopped: 0.0047208 seconds, Stopping threads took: 0.0000287 seconds
128.751: [GC (Allocation Failure)  805382K->485830K(1033728K), 0.0043856 secs]
128.755: Total time for which application threads were stopped: 0.0045313 seconds, Stopping threads took: 0.0000198 seconds
128.817: [GC (Allocation Failure)  805318K->485958K(1033728K), 0.0045701 secs]
128.822: Total time for which application threads were stopped: 0.0047209 seconds, Stopping threads took: 0.0000251 seconds
128.888: [GC (Allocation Failure)  805446K->493864K(1033728K), 0.0044289 secs]
128.892: Total time for which application threads were stopped: 0.0045979 seconds, Stopping threads took: 0.0000200 seconds
128.956: [GC (Allocation Failure)  813352K->493864K(1033728K), 0.0044951 secs]
128.961: Total time for which application threads were stopped: 0.0046403 seconds, Stopping threads took: 0.0000190 seconds
129.026: [GC (Allocation Failure)  813352K->493928K(1033728K), 0.0045644 secs]
129.031: Total time for which application threads were stopped: 0.0046997 seconds, Stopping threads took: 0.0000189 seconds
129.094: [GC (Allocation Failure)  813416K->501898K(1027072K), 0.0045868 secs]
129.099: Total time for which application threads were stopped: 0.0047306 seconds, Stopping threads took: 0.0000252 seconds
129.161: [GC (Allocation Failure)  821386K->498024K(1034240K), 0.0039213 secs]
129.165: Total time for which application threads were stopped: 0.0040404 seconds, Stopping threads took: 0.0000162 seconds
129.229: [GC (Allocation Failure)  817512K->502058K(1033216K), 0.0045636 secs]
129.234: Total time for which application threads were stopped: 0.0047064 seconds, Stopping threads took: 0.0000192 seconds
129.299: [GC (Allocation Failure)  821546K->506026K(1034752K), 0.0045704 secs]
129.303: Total time for which application threads were stopped: 0.0047037 seconds, Stopping threads took: 0.0000191 seconds
129.365: [GC (Allocation Failure)  827562K->499240K(1034752K), 0.0022787 secs]
129.368: Total time for which application threads were stopped: 0.0024278 seconds, Stopping threads took: 0.0000279 seconds
129.431: [GC (Allocation Failure)  820776K->506090K(1034752K), 0.0043575 secs]
129.435: Total time for which application threads were stopped: 0.0044988 seconds, Stopping threads took: 0.0000244 seconds
129.497: [GC (Allocation Failure)  827626K->510170K(1034752K), 0.0053451 secs]
129.502: Total time for which application threads were stopped: 0.0054897 seconds, Stopping threads took: 0.0000243 seconds
129.563: [GC (Allocation Failure)  831706K->504632K(1034752K), 0.0026428 secs]
129.566: Total time for which application threads were stopped: 0.0027711 seconds, Stopping threads took: 0.0000251 seconds
129.630: [GC (Allocation Failure)  826168K->510442K(1034752K), 0.0051628 secs]
129.635: Total time for which application threads were stopped: 0.0052976 seconds, Stopping threads took: 0.0000256 seconds
129.698: [GC (Allocation Failure)  831978K->514314K(1034752K), 0.0049864 secs]
129.703: Total time for which application threads were stopped: 0.0051112 seconds, Stopping threads took: 0.0000173 seconds
129.768: [GC (Allocation Failure)  836803K->510408K(1035264K), 0.0036349 secs]
129.771: Total time for which application threads were stopped: 0.0037674 seconds, Stopping threads took: 0.0000193 seconds
129.836: [GC (Allocation Failure)  832968K->514474K(1036288K), 0.0045473 secs]
129.840: Total time for which application threads were stopped: 0.0047020 seconds, Stopping threads took: 0.0000208 seconds
129.906: [GC (Allocation Failure)  838570K->518442K(1035776K), 0.0044001 secs]
129.910: Total time for which application threads were stopped: 0.0045378 seconds, Stopping threads took: 0.0000185 seconds
129.976: [GC (Allocation Failure)  842538K->518442K(1035776K), 0.0044924 secs]
129.981: Total time for which application threads were stopped: 0.0046219 seconds, Stopping threads took: 0.0000183 seconds
130.044: [GC (Allocation Failure)  842026K->518506K(1023488K), 0.0045877 secs]
130.048: Total time for which application threads were stopped: 0.0047202 seconds, Stopping threads took: 0.0000183 seconds
130.111: [GC (Allocation Failure)  842090K->526445K(1035264K), 0.0046446 secs]
130.115: Total time for which application threads were stopped: 0.0047872 seconds, Stopping threads took: 0.0000194 seconds
130.179: [GC (Allocation Failure)  849005K->526477K(1030144K), 0.0043905 secs]
130.183: Total time for which application threads were stopped: 0.0045304 seconds, Stopping threads took: 0.0000204 seconds
130.248: [GC (Allocation Failure)  849037K->526501K(1034752K), 0.0046357 secs]
130.253: Total time for which application threads were stopped: 0.0047872 seconds, Stopping threads took: 0.0000232 seconds
130.316: [GC (Allocation Failure)  848037K->534503K(1034752K), 0.0047185 secs]
130.320: Total time for which application threads were stopped: 0.0048503 seconds, Stopping threads took: 0.0000192 seconds
130.387: [GC (Allocation Failure)  856039K->534535K(1033728K), 0.0044151 secs]
130.391: Total time for which application threads were stopped: 0.0045489 seconds, Stopping threads took: 0.0000192 seconds
130.454: [GC (Allocation Failure)  855047K->534759K(1034240K), 0.0046076 secs]
130.459: Total time for which application threads were stopped: 0.0047387 seconds, Stopping threads took: 0.0000189 seconds
130.523: [GC (Allocation Failure)  855271K->542537K(1034240K), 0.0044159 secs]
130.527: Total time for which application threads were stopped: 0.0045499 seconds, Stopping threads took: 0.0000183 seconds
130.592: [GC (Allocation Failure)  863049K->542505K(1034240K), 0.0045600 secs]
130.596: Total time for which application threads were stopped: 0.0047230 seconds, Stopping threads took: 0.0000256 seconds
130.664: [GC (Allocation Failure)  863017K->542953K(1034240K), 0.0046108 secs]
130.669: Total time for which application threads were stopped: 0.0047603 seconds, Stopping threads took: 0.0000190 seconds
130.735: [GC (Allocation Failure)  863465K->550571K(1028096K), 0.0045546 secs]
130.740: Total time for which application threads were stopped: 0.0047168 seconds, Stopping threads took: 0.0000198 seconds
130.804: [GC (Allocation Failure)  871083K->550571K(1033728K), 0.0046252 secs]
130.809: Total time for which application threads were stopped: 0.0048143 seconds, Stopping threads took: 0.0000201 seconds
130.874: [GC (Allocation Failure)  870059K->550723K(1033728K), 0.0047725 secs]
130.879: Total time for which application threads were stopped: 0.0049301 seconds, Stopping threads took: 0.0000201 seconds
130.946: [GC (Allocation Failure)  870211K->558630K(1033728K), 0.0046342 secs]
130.951: Total time for which application threads were stopped: 0.0047740 seconds, Stopping threads took: 0.0000175 seconds
131.018: [GC (Allocation Failure)  878118K->558630K(1033728K), 0.0064056 secs]
131.024: Total time for which application threads were stopped: 0.0065791 seconds, Stopping threads took: 0.0000196 seconds
131.091: [GC (Allocation Failure)  878118K->558670K(1033728K), 0.0047552 secs]
131.096: Total time for which application threads were stopped: 0.0049235 seconds, Stopping threads took: 0.0000259 seconds
131.161: [GC (Allocation Failure)  878158K->566672K(1027072K), 0.0047953 secs]
131.166: Total time for which application threads were stopped: 0.0049519 seconds, Stopping threads took: 0.0000202 seconds
131.231: [GC (Allocation Failure)  886159K->562734K(1034240K), 0.0038308 secs]
131.235: Total time for which application threads were stopped: 0.0039982 seconds, Stopping threads took: 0.0000279 seconds
131.302: [GC (Allocation Failure)  882222K->566792K(1033216K), 0.0049071 secs]
131.307: Total time for which application threads were stopped: 0.0050784 seconds, Stopping threads took: 0.0000190 seconds
131.376: [GC (Allocation Failure)  886280K->570792K(1034752K), 0.0045177 secs]
131.380: Total time for which application threads were stopped: 0.0046743 seconds, Stopping threads took: 0.0000170 seconds
131.447: [GC (Allocation Failure)  892328K->563974K(1034752K), 0.0021806 secs]
131.449: Total time for which application threads were stopped: 0.0023358 seconds, Stopping threads took: 0.0000202 seconds
131.516: [GC (Allocation Failure)  885510K->570832K(1034752K), 0.0052453 secs]
131.521: Total time for which application threads were stopped: 0.0054151 seconds, Stopping threads took: 0.0000208 seconds
131.588: [GC (Allocation Failure)  892368K->574944K(1034752K), 0.0054886 secs]
131.593: Total time for which application threads were stopped: 0.0056600 seconds, Stopping threads took: 0.0000266 seconds
131.661: [GC (Allocation Failure)  896480K->569342K(1034752K), 0.0026624 secs]
131.664: Total time for which application threads were stopped: 0.0028042 seconds, Stopping threads took: 0.0000166 seconds
131.731: [GC (Allocation Failure)  890878K->575216K(1034752K), 0.0047582 secs]
131.736: Total time for which application threads were stopped: 0.0049311 seconds, Stopping threads took: 0.0000197 seconds
131.802: [GC (Allocation Failure)  896752K->579088K(1035264K), 0.0049803 secs]
131.807: Total time for which application threads were stopped: 0.0051407 seconds, Stopping threads took: 0.0000203 seconds
131.873: [GC (Allocation Failure)  901576K->575150K(1035264K), 0.0035450 secs]
131.877: Total time for which application threads were stopped: 0.0036939 seconds, Stopping threads took: 0.0000197 seconds
131.945: [GC (Allocation Failure)  897710K->579216K(1036288K), 0.0047884 secs]
131.950: Total time for which application threads were stopped: 0.0049759 seconds, Stopping threads took: 0.0000194 seconds
132.018: [GC (Allocation Failure)  903312K->583184K(1035776K), 0.0047422 secs]
132.023: Total time for which application threads were stopped: 0.0049041 seconds, Stopping threads took: 0.0000198 seconds
132.091: [GC (Allocation Failure)  907280K->583216K(1035776K), 0.0047604 secs]
132.096: Total time for which application threads were stopped: 0.0049312 seconds, Stopping threads took: 0.0000254 seconds
132.163: [GC (Allocation Failure)  906800K->583240K(1023488K), 0.0047414 secs]
132.168: Total time for which application threads were stopped: 0.0049378 seconds, Stopping threads took: 0.0000214 seconds
132.236: [GC (Allocation Failure)  906824K->591210K(1035264K), 0.0048719 secs]
132.241: Total time for which application threads were stopped: 0.0050397 seconds, Stopping threads took: 0.0000167 seconds
132.309: [GC (Allocation Failure)  913770K->591242K(1030144K), 0.0046702 secs]
132.313: Total time for which application threads were stopped: 0.0048527 seconds, Stopping threads took: 0.0000197 seconds
132.381: [GC (Allocation Failure)  913802K->591274K(1034752K), 0.0049008 secs]
132.386: Total time for which application threads were stopped: 0.0050851 seconds, Stopping threads took: 0.0000193 seconds
132.454: [GC (Allocation Failure)  912810K->599276K(1029120K), 0.0049115 secs]
132.459: Total time for which application threads were stopped: 0.0050912 seconds, Stopping threads took: 0.0000216 seconds
132.527: [GC (Allocation Failure)  920812K->599212K(1034240K), 0.0045094 secs]
132.531: Total time for which application threads were stopped: 0.0046748 seconds, Stopping threads took: 0.0000200 seconds
132.599: [GC (Allocation Failure)  919724K->599468K(1034240K), 0.0057932 secs]
132.605: Total time for which application threads were stopped: 0.0059743 seconds, Stopping threads took: 0.0000284 seconds
132.674: [GC (Allocation Failure)  919980K->607279K(1034240K), 0.0054628 secs]
132.680: Total time for which application threads were stopped: 0.0056223 seconds, Stopping threads took: 0.0000195 seconds
132.749: [GC (Allocation Failure)  927791K->607311K(1034240K), 0.0048834 secs]
132.754: Total time for which application threads were stopped: 0.0050528 seconds, Stopping threads took: 0.0000283 seconds
132.820: [GC (Allocation Failure)  927823K->607719K(1033216K), 0.0048531 secs]
132.825: Total time for which application threads were stopped: 0.0050445 seconds, Stopping threads took: 0.0000194 seconds
132.895: [GC (Allocation Failure)  927207K->615337K(1033728K), 0.0049061 secs]
132.900: Total time for which application threads were stopped: 0.0051004 seconds, Stopping threads took: 0.0000200 seconds
132.970: [GC (Allocation Failure)  934825K->615305K(1033728K), 0.0047960 secs]
132.975: Total time for which application threads were stopped: 0.0049790 seconds, Stopping threads took: 0.0000205 seconds
133.041: [GC (Allocation Failure)  934793K->615433K(1033728K), 0.0049666 secs]
133.046: Total time for which application threads were stopped: 0.0051408 seconds, Stopping threads took: 0.0000211 seconds
133.114: [GC (Allocation Failure)  934921K->623339K(1033728K), 0.0046105 secs]
133.119: Total time for which application threads were stopped: 0.0047888 seconds, Stopping threads took: 0.0000261 seconds
133.185: [GC (Allocation Failure)  942827K->623339K(1033728K), 0.0059574 secs]
133.192: Total time for which application threads were stopped: 0.0061590 seconds, Stopping threads took: 0.0000204 seconds
133.258: [GC (Allocation Failure)  942827K->623403K(1033728K), 0.0049595 secs]
133.263: Total time for which application threads were stopped: 0.0051227 seconds, Stopping threads took: 0.0000200 seconds
133.330: [GC (Allocation Failure)  942891K->631405K(1027072K), 0.0058658 secs]
133.336: Total time for which application threads were stopped: 0.0060850 seconds, Stopping threads took: 0.0000202 seconds
133.402: [GC (Allocation Failure)  950893K->627467K(1034240K), 0.0038178 secs]
133.406: Total time for which application threads were stopped: 0.0040000 seconds, Stopping threads took: 0.0000191 seconds
133.474: [GC (Allocation Failure)  946955K->631525K(1033216K), 0.0050088 secs]
133.480: Total time for which application threads were stopped: 0.0051745 seconds, Stopping threads took: 0.0000173 seconds
133.547: [GC (Allocation Failure)  951013K->635493K(1034752K), 0.0048349 secs]
133.552: Total time for which application threads were stopped: 0.0050113 seconds, Stopping threads took: 0.0000197 seconds
133.619: [GC (Allocation Failure)  957029K->628707K(1034752K), 0.0029938 secs]
133.622: Total time for which application threads were stopped: 0.0032051 seconds, Stopping threads took: 0.0000270 seconds
133.690: [GC (Allocation Failure)  950243K->635557K(1034752K), 0.0048040 secs]
133.695: Total time for which application threads were stopped: 0.0049789 seconds, Stopping threads took: 0.0000202 seconds
133.761: [GC (Allocation Failure)  957093K->639637K(1034752K), 0.0058061 secs]
133.767: Total time for which application threads were stopped: 0.0059726 seconds, Stopping threads took: 0.0000192 seconds
133.833: [GC (Allocation Failure)  961173K->634099K(1034752K), 0.0029576 secs]
133.836: Total time for which application threads were stopped: 0.0031167 seconds, Stopping threads took: 0.0000198 seconds
133.903: [GC (Allocation Failure)  955635K->639949K(1034752K), 0.0048690 secs]
133.908: Total time for which application threads were stopped: 0.0050687 seconds, Stopping threads took: 0.0000221 seconds
133.976: [GC (Allocation Failure)  961485K->643821K(1035264K), 0.0052066 secs]
133.981: Total time for which application threads were stopped: 0.0053609 seconds, Stopping threads took: 0.0000202 seconds
134.048: [GC (Allocation Failure)  966310K->639883K(1035264K), 0.0036980 secs]
134.052: Total time for which application threads were stopped: 0.0038423 seconds, Stopping threads took: 0.0000191 seconds
134.119: [GC (Allocation Failure)  962443K->643949K(1036288K), 0.0047866 secs]
134.124: Total time for which application threads were stopped: 0.0049342 seconds, Stopping threads took: 0.0000196 seconds
134.191: [GC (Allocation Failure)  968045K->647917K(1035776K), 0.0049760 secs]
134.196: Total time for which application threads were stopped: 0.0051397 seconds, Stopping threads took: 0.0000195 seconds
134.262: [GC (Allocation Failure)  972013K->647885K(1035776K), 0.0048208 secs]
134.267: Total time for which application threads were stopped: 0.0049920 seconds, Stopping threads took: 0.0000190 seconds
134.335: [GC (Allocation Failure)  971469K->647981K(1023488K), 0.0048682 secs]
134.340: Total time for which application threads were stopped: 0.0050209 seconds, Stopping threads took: 0.0000199 seconds
134.407: [GC (Allocation Failure)  971565K->655984K(1035264K), 0.0049706 secs]
134.412: Total time for which application threads were stopped: 0.0051207 seconds, Stopping threads took: 0.0000195 seconds
134.479: [GC (Allocation Failure)  978544K->655952K(1030144K), 0.0047090 secs]
134.484: Total time for which application threads were stopped: 0.0048717 seconds, Stopping threads took: 0.0000199 seconds
134.552: [GC (Allocation Failure)  978512K->656008K(1034752K), 0.0047273 secs]
134.557: Total time for which application threads were stopped: 0.0048898 seconds, Stopping threads took: 0.0000192 seconds
134.625: [GC (Allocation Failure)  977544K->663978K(1034752K), 0.0076540 secs]
134.633: Total time for which application threads were stopped: 0.0078053 seconds, Stopping threads took: 0.0000248 seconds
134.702: [GC (Allocation Failure)  985514K->663978K(1033728K), 0.0045970 secs]
134.706: Total time for which application threads were stopped: 0.0047867 seconds, Stopping threads took: 0.0000196 seconds
134.774: [GC (Allocation Failure)  984490K->664234K(1034240K), 0.0047203 secs]
134.779: Total time for which application threads were stopped: 0.0048697 seconds, Stopping threads took: 0.0000168 seconds
134.849: [GC (Allocation Failure)  984746K->672044K(1034240K), 0.0048960 secs]
134.854: Total time for which application threads were stopped: 0.0050795 seconds, Stopping threads took: 0.0000293 seconds
134.922: [GC (Allocation Failure)  992556K->672012K(1034240K), 0.0049760 secs]
134.927: Total time for which application threads were stopped: 0.0051351 seconds, Stopping threads took: 0.0000202 seconds
134.995: [GC (Allocation Failure)  992524K->672460K(1033216K), 0.0049076 secs]
135.000: Total time for which application threads were stopped: 0.0050596 seconds, Stopping threads took: 0.0000196 seconds
135.067: [GC (Allocation Failure)  991948K->680079K(1033728K), 0.0051624 secs]
135.072: Total time for which application threads were stopped: 0.0053284 seconds, Stopping threads took: 0.0000188 seconds
135.141: [GC (Allocation Failure)  999567K->680079K(1033728K), 0.0048408 secs]
135.146: Total time for which application threads were stopped: 0.0050026 seconds, Stopping threads took: 0.0000197 seconds
135.212: [GC (Allocation Failure)  999567K->680167K(1033728K), 0.0051443 secs]
135.217: Total time for which application threads were stopped: 0.0053203 seconds, Stopping threads took: 0.0000192 seconds
135.286: [GC (Allocation Failure)  999655K->688105K(1033728K), 0.0049036 secs]
135.291: Total time for which application threads were stopped: 0.0050730 seconds, Stopping threads took: 0.0000194 seconds
135.357: [GC (Allocation Failure)  1007593K->688073K(1033728K), 0.0050372 secs]
135.363: Total time for which application threads were stopped: 0.0051960 seconds, Stopping threads took: 0.0000202 seconds
135.430: [GC (Allocation Failure)  1007561K->688105K(1033728K), 0.0050378 secs]
135.435: [Full GC (Ergonomics)  688105K->8540K(1033728K), 0.0124294 secs]
135.448: Total time for which application threads were stopped: 0.0177225 seconds, Stopping threads took: 0.0000201 seconds
135.514: [GC (Allocation Failure)  328028K->16735K(1027584K), 0.0038951 secs]
135.518: Total time for which application threads were stopped: 0.0040748 seconds, Stopping threads took: 0.0000187 seconds
135.583: [GC (Allocation Failure)  336222K->12820K(1034240K), 0.0025805 secs]
135.586: Total time for which application threads were stopped: 0.0027208 seconds, Stopping threads took: 0.0000281 seconds
135.654: [GC (Allocation Failure)  332308K->16879K(1033216K), 0.0036506 secs]
135.658: Total time for which application threads were stopped: 0.0038112 seconds, Stopping threads took: 0.0000193 seconds
135.725: [GC (Allocation Failure)  336367K->20847K(1034752K), 0.0036829 secs]
135.729: Total time for which application threads were stopped: 0.0038609 seconds, Stopping threads took: 0.0000193 seconds
135.796: [GC (Allocation Failure)  342383K->14060K(1034752K), 0.0009310 secs]
135.797: Total time for which application threads were stopped: 0.0010506 seconds, Stopping threads took: 0.0000193 seconds
135.864: [GC (Allocation Failure)  335596K->20919K(1034752K), 0.0037379 secs]
135.868: Total time for which application threads were stopped: 0.0039244 seconds, Stopping threads took: 0.0000195 seconds
135.933: [GC (Allocation Failure)  342455K->25031K(1034752K), 0.0046928 secs]
135.938: Total time for which application threads were stopped: 0.0048626 seconds, Stopping threads took: 0.0000205 seconds
136.004: [GC (Allocation Failure)  346567K->19428K(1034752K), 0.0015877 secs]
136.005: Total time for which application threads were stopped: 0.0017468 seconds, Stopping threads took: 0.0000199 seconds
136.072: [GC (Allocation Failure)  340964K->25287K(1034752K), 0.0035790 secs]
136.076: Total time for which application threads were stopped: 0.0037497 seconds, Stopping threads took: 0.0000258 seconds
136.145: [GC (Allocation Failure)  346823K->29135K(1035264K), 0.0039821 secs]
136.149: Total time for which application threads were stopped: 0.0041314 seconds, Stopping threads took: 0.0000195 seconds
136.214: [GC (Allocation Failure)  351623K->25228K(1035264K), 0.0024381 secs]
136.217: Total time for which application threads were stopped: 0.0026287 seconds, Stopping threads took: 0.0000192 seconds
136.286: [GC (Allocation Failure)  347788K->29295K(1036288K), 0.0036931 secs]
136.290: Total time for which application threads were stopped: 0.0038307 seconds, Stopping threads took: 0.0000164 seconds
136.357: [GC (Allocation Failure)  353391K->33263K(1035776K), 0.0035275 secs]
136.361: Total time for which application threads were stopped: 0.0036875 seconds, Stopping threads took: 0.0000197 seconds
136.428: [GC (Allocation Failure)  357359K->33295K(1035776K), 0.0036726 secs]
136.431: Total time for which application threads were stopped: 0.0038324 seconds, Stopping threads took: 0.0000194 seconds
136.497: [GC (Allocation Failure)  356879K->33319K(1023488K), 0.0037521 secs]
136.501: Total time for which application threads were stopped: 0.0038980 seconds, Stopping threads took: 0.0000189 seconds
136.566: [GC (Allocation Failure)  356903K->41321K(1035264K), 0.0037655 secs]
136.570: Total time for which application threads were stopped: 0.0040498 seconds, Stopping threads took: 0.0000199 seconds
136.639: [GC (Allocation Failure)  363881K->41289K(1030144K), 0.0035083 secs]
136.642: Total time for which application threads were stopped: 0.0036637 seconds, Stopping threads took: 0.0000171 seconds
136.710: [GC (Allocation Failure)  363849K->41353K(1034752K), 0.0038332 secs]
136.714: Total time for which application threads were stopped: 0.0039967 seconds, Stopping threads took: 0.0000203 seconds
136.781: [GC (Allocation Failure)  362889K->49323K(1029120K), 0.0042374 secs]
136.786: Total time for which application threads were stopped: 0.0044027 seconds, Stopping threads took: 0.0000201 seconds
136.854: [GC (Allocation Failure)  370859K->49355K(1034240K), 0.0035974 secs]
136.858: Total time for which application threads were stopped: 0.0037930 seconds, Stopping threads took: 0.0000200 seconds
136.928: [GC (Allocation Failure)  369867K->49579K(1034240K), 0.0036919 secs]
136.931: Total time for which application threads were stopped: 0.0038440 seconds, Stopping threads took: 0.0000197 seconds
137.001: [GC (Allocation Failure)  370091K->57389K(1034240K), 0.0034995 secs]
137.005: Total time for which application threads were stopped: 0.0036930 seconds, Stopping threads took: 0.0000199 seconds
137.073: [GC (Allocation Failure)  377901K->57357K(1034240K), 0.0036089 secs]
137.076: Total time for which application threads were stopped: 0.0037574 seconds, Stopping threads took: 0.0000168 seconds
137.142: [GC (Allocation Failure)  377869K->57805K(1033216K), 0.0036527 secs]
137.145: Total time for which application threads were stopped: 0.0037905 seconds, Stopping threads took: 0.0000194 seconds
137.215: [GC (Allocation Failure)  377293K->65424K(1033728K), 0.0037626 secs]
137.218: Total time for which application threads were stopped: 0.0039028 seconds, Stopping threads took: 0.0000173 seconds
137.285: [GC (Allocation Failure)  384912K->65392K(1033728K), 0.0037483 secs]
137.289: Total time for which application threads were stopped: 0.0039277 seconds, Stopping threads took: 0.0000257 seconds
137.353: [GC (Allocation Failure)  384880K->65544K(1033728K), 0.0036925 secs]
137.357: Total time for which application threads were stopped: 0.0038372 seconds, Stopping threads took: 0.0000170 seconds
137.425: [GC (Allocation Failure)  385032K->73418K(1033728K), 0.0036079 secs]
137.428: Total time for which application threads were stopped: 0.0037564 seconds, Stopping threads took: 0.0000191 seconds
137.493: [GC (Allocation Failure)  392906K->73418K(1033728K), 0.0037333 secs]
137.497: Total time for which application threads were stopped: 0.0038824 seconds, Stopping threads took: 0.0000204 seconds
137.562: [GC (Allocation Failure)  392906K->73482K(1033728K), 0.0037819 secs]
137.566: Total time for which application threads were stopped: 0.0039483 seconds, Stopping threads took: 0.0000271 seconds
137.634: [GC (Allocation Failure)  392970K->81452K(1027072K), 0.0038747 secs]
137.638: Total time for which application threads were stopped: 0.0040630 seconds, Stopping threads took: 0.0000195 seconds
137.704: [GC (Allocation Failure)  400940K->77546K(1034240K), 0.0026704 secs]
137.707: Total time for which application threads were stopped: 0.0028216 seconds, Stopping threads took: 0.0000195 seconds
137.774: [GC (Allocation Failure)  397034K->81612K(1033216K), 0.0039747 secs]
137.778: Total time for which application threads were stopped: 0.0041446 seconds, Stopping threads took: 0.0000192 seconds
137.846: [GC (Allocation Failure)  401100K->85580K(1034752K), 0.0037940 secs]
137.849: Total time for which application threads were stopped: 0.0039534 seconds, Stopping threads took: 0.0000193 seconds
137.915: [GC (Allocation Failure)  407116K->78794K(1034752K), 0.0012692 secs]
137.916: Total time for which application threads were stopped: 0.0015149 seconds, Stopping threads took: 0.0000198 seconds
137.985: [GC (Allocation Failure)  400330K->85652K(1034752K), 0.0036217 secs]
137.989: Total time for which application threads were stopped: 0.0037696 seconds, Stopping threads took: 0.0000169 seconds
138.057: [GC (Allocation Failure)  407188K->89764K(1034752K), 0.0046293 secs]
138.061: Total time for which application threads were stopped: 0.0047974 seconds, Stopping threads took: 0.0000166 seconds
138.127: [GC (Allocation Failure)  411300K->84162K(1034752K), 0.0016410 secs]
138.129: Total time for which application threads were stopped: 0.0017898 seconds, Stopping threads took: 0.0000261 seconds
138.196: [GC (Allocation Failure)  405698K->90036K(1034752K), 0.0037361 secs]
138.200: Total time for which application threads were stopped: 0.0038958 seconds, Stopping threads took: 0.0000216 seconds
138.267: [GC (Allocation Failure)  411572K->93876K(1035264K), 0.0040939 secs]
138.271: Total time for which application threads were stopped: 0.0042326 seconds, Stopping threads took: 0.0000194 seconds
138.334: [GC (Allocation Failure)  416364K->89970K(1035264K), 0.0026697 secs]
138.337: Total time for which application threads were stopped: 0.0028075 seconds, Stopping threads took: 0.0000192 seconds
138.404: [GC (Allocation Failure)  412530K->94028K(1036288K), 0.0036825 secs]
138.408: Total time for which application threads were stopped: 0.0038054 seconds, Stopping threads took: 0.0000168 seconds
138.473: [GC (Allocation Failure)  418124K->98028K(1035776K), 0.0035351 secs]
138.476: Total time for which application threads were stopped: 0.0036841 seconds, Stopping threads took: 0.0000243 seconds
138.541: [GC (Allocation Failure)  422124K->98028K(1035776K), 0.0036939 secs]
138.545: Total time for which application threads were stopped: 0.0038389 seconds, Stopping threads took: 0.0000195 seconds
138.611: [GC (Allocation Failure)  421612K->98060K(1023488K), 0.0037841 secs]
138.615: Total time for which application threads were stopped: 0.0039264 seconds, Stopping threads took: 0.0000176 seconds
138.682: [GC (Allocation Failure)  421644K->106062K(1035264K), 0.0037681 secs]
138.686: Total time for which application threads were stopped: 0.0039517 seconds, Stopping threads took: 0.0000203 seconds
138.753: [GC (Allocation Failure)  428622K->106030K(1030144K), 0.0035678 secs]
138.757: Total time for which application threads were stopped: 0.0037538 seconds, Stopping threads took: 0.0000199 seconds
138.825: [GC (Allocation Failure)  428590K->106086K(1034752K), 0.0039304 secs]
138.829: Total time for which application threads were stopped: 0.0041015 seconds, Stopping threads took: 0.0000190 seconds
138.898: [GC (Allocation Failure)  427622K->114089K(1029120K), 0.0041083 secs]
138.902: Total time for which application threads were stopped: 0.0042713 seconds, Stopping threads took: 0.0000200 seconds
138.969: [GC (Allocation Failure)  435625K->114057K(1034240K), 0.0036757 secs]
138.973: Total time for which application threads were stopped: 0.0038370 seconds, Stopping threads took: 0.0000195 seconds
139.039: [GC (Allocation Failure)  434569K->114313K(1034240K), 0.0037187 secs]
139.043: Total time for which application threads were stopped: 0.0038638 seconds, Stopping threads took: 0.0000199 seconds
139.109: [GC (Allocation Failure)  434825K->122123K(1034240K), 0.0038923 secs]
139.113: Total time for which application threads were stopped: 0.0040566 seconds, Stopping threads took: 0.0000258 seconds
139.180: [GC (Allocation Failure)  442635K->122091K(1034240K), 0.0037765 secs]
139.184: Total time for which application threads were stopped: 0.0039207 seconds, Stopping threads took: 0.0000170 seconds
139.250: [GC (Allocation Failure)  442603K->122539K(1033216K), 0.0038381 secs]
139.254: Total time for which application threads were stopped: 0.0039923 seconds, Stopping threads took: 0.0000275 seconds
139.320: [GC (Allocation Failure)  442027K->130157K(1033728K), 0.0037642 secs]
139.323: Total time for which application threads were stopped: 0.0039043 seconds, Stopping threads took: 0.0000279 seconds
139.387: [GC (Allocation Failure)  449645K->130157K(1033728K), 0.0037267 secs]
139.391: Total time for which application threads were stopped: 0.0038670 seconds, Stopping threads took: 0.0000206 seconds
139.453: [GC (Allocation Failure)  449645K->130285K(1033728K), 0.0036455 secs]
139.457: Total time for which application threads were stopped: 0.0037783 seconds, Stopping threads took: 0.0000194 seconds
139.521: [GC (Allocation Failure)  449773K->138191K(1033728K), 0.0037590 secs]
139.524: Total time for which application threads were stopped: 0.0038996 seconds, Stopping threads took: 0.0000270 seconds
139.588: [GC (Allocation Failure)  457679K->138159K(1033728K), 0.0037323 secs]
139.591: Total time for which application threads were stopped: 0.0038788 seconds, Stopping threads took: 0.0000384 seconds
139.658: [GC (Allocation Failure)  457647K->138215K(1033728K), 0.0039014 secs]
139.662: Total time for which application threads were stopped: 0.0040671 seconds, Stopping threads took: 0.0000200 seconds
139.728: [GC (Allocation Failure)  457703K->146218K(1027072K), 0.0040696 secs]
139.732: Total time for which application threads were stopped: 0.0042465 seconds, Stopping threads took: 0.0000200 seconds
139.799: [GC (Allocation Failure)  465705K->142279K(1034240K), 0.0027159 secs]
139.802: Total time for which application threads were stopped: 0.0028555 seconds, Stopping threads took: 0.0000167 seconds
139.870: [GC (Allocation Failure)  461767K->146346K(1033216K), 0.0040418 secs]
139.874: Total time for which application threads were stopped: 0.0042250 seconds, Stopping threads took: 0.0000208 seconds
139.940: [GC (Allocation Failure)  465834K->150314K(1034752K), 0.0038515 secs]
139.944: Total time for which application threads were stopped: 0.0040059 seconds, Stopping threads took: 0.0000196 seconds
140.008: [GC (Allocation Failure)  471850K->143527K(1034752K), 0.0014174 secs]
140.010: Total time for which application threads were stopped: 0.0015532 seconds, Stopping threads took: 0.0000212 seconds
140.079: [GC (Allocation Failure)  465063K->150386K(1034752K), 0.0037840 secs]
140.082: Total time for which application threads were stopped: 0.0039236 seconds, Stopping threads took: 0.0000191 seconds
140.148: [GC (Allocation Failure)  471922K->154498K(1034752K), 0.0048092 secs]
140.153: Total time for which application threads were stopped: 0.0049761 seconds, Stopping threads took: 0.0000204 seconds
140.217: [GC (Allocation Failure)  476034K->148927K(1034752K), 0.0020276 secs]
140.219: Total time for which application threads were stopped: 0.0021776 seconds, Stopping threads took: 0.0000194 seconds
140.286: [GC (Allocation Failure)  470463K->154730K(1034752K), 0.0039068 secs]
140.290: Total time for which application threads were stopped: 0.0040645 seconds, Stopping threads took: 0.0000198 seconds
140.355: [GC (Allocation Failure)  476266K->158610K(1035264K), 0.0041099 secs]
140.359: Total time for which application threads were stopped: 0.0042743 seconds, Stopping threads took: 0.0000194 seconds
140.423: [GC (Allocation Failure)  481098K->154703K(1035264K), 0.0026999 secs]
140.426: Total time for which application threads were stopped: 0.0028397 seconds, Stopping threads took: 0.0000208 seconds
140.492: [GC (Allocation Failure)  477263K->158762K(1036288K), 0.0039347 secs]
140.496: Total time for which application threads were stopped: 0.0040772 seconds, Stopping threads took: 0.0000270 seconds
140.561: [GC (Allocation Failure)  482858K->162698K(1035776K), 0.0038321 secs]
140.565: Total time for which application threads were stopped: 0.0039685 seconds, Stopping threads took: 0.0000205 seconds
140.633: [GC (Allocation Failure)  486794K->162730K(1035776K), 0.0038718 secs]
140.637: Total time for which application threads were stopped: 0.0040206 seconds, Stopping threads took: 0.0000148 seconds
140.703: [GC (Allocation Failure)  486314K->162794K(1023488K), 0.0038895 secs]
140.707: Total time for which application threads were stopped: 0.0040404 seconds, Stopping threads took: 0.0000195 seconds
140.773: [GC (Allocation Failure)  486378K->170796K(1035264K), 0.0039817 secs]
140.777: Total time for which application threads were stopped: 0.0041366 seconds, Stopping threads took: 0.0000216 seconds
140.843: [GC (Allocation Failure)  493356K->170796K(1030144K), 0.0035356 secs]
140.846: Total time for which application threads were stopped: 0.0036867 seconds, Stopping threads took: 0.0000174 seconds
140.914: [GC (Allocation Failure)  493356K->170828K(1034752K), 0.0039425 secs]
140.918: Total time for which application threads were stopped: 0.0040974 seconds, Stopping threads took: 0.0000188 seconds
140.985: [GC (Allocation Failure)  492364K->178862K(1029120K), 0.0040447 secs]
140.989: Total time for which application threads were stopped: 0.0042033 seconds, Stopping threads took: 0.0000200 seconds
141.057: [GC (Allocation Failure)  500398K->178798K(1034240K), 0.0037626 secs]
141.061: Total time for which application threads were stopped: 0.0039077 seconds, Stopping threads took: 0.0000194 seconds
141.126: [GC (Allocation Failure)  499310K->179046K(1034240K), 0.0039186 secs]
141.130: Total time for which application threads were stopped: 0.0040845 seconds, Stopping threads took: 0.0000276 seconds
141.195: [GC (Allocation Failure)  499558K->186857K(1034240K), 0.0039100 secs]
141.199: Total time for which application threads were stopped: 0.0040713 seconds, Stopping threads took: 0.0000184 seconds
141.263: [GC (Allocation Failure)  507369K->186825K(1034240K), 0.0038622 secs]
141.267: Total time for which application threads were stopped: 0.0040140 seconds, Stopping threads took: 0.0000255 seconds
141.330: [GC (Allocation Failure)  507337K->187273K(1033216K), 0.0040375 secs]
141.335: Total time for which application threads were stopped: 0.0041715 seconds, Stopping threads took: 0.0000200 seconds
141.400: [GC (Allocation Failure)  506761K->194891K(1033728K), 0.0037819 secs]
141.404: Total time for which application threads were stopped: 0.0039178 seconds, Stopping threads took: 0.0000183 seconds
141.470: [GC (Allocation Failure)  514379K->194891K(1033728K), 0.0037930 secs]
141.474: Total time for which application threads were stopped: 0.0039282 seconds, Stopping threads took: 0.0000163 seconds
141.537: [GC (Allocation Failure)  514379K->194979K(1033728K), 0.0039715 secs]
141.541: Total time for which application threads were stopped: 0.0041353 seconds, Stopping threads took: 0.0000189 seconds
141.607: [GC (Allocation Failure)  514467K->202917K(1033728K), 0.0045044 secs]
141.611: Total time for which application threads were stopped: 0.0046370 seconds, Stopping threads took: 0.0000197 seconds
141.677: [GC (Allocation Failure)  522405K->202885K(1033728K), 0.0040666 secs]
141.681: Total time for which application threads were stopped: 0.0042322 seconds, Stopping threads took: 0.0000191 seconds
141.747: [GC (Allocation Failure)  522373K->202949K(1033728K), 0.0042126 secs]
141.751: Total time for which application threads were stopped: 0.0043570 seconds, Stopping threads took: 0.0000195 seconds
141.817: [GC (Allocation Failure)  522437K->210919K(1027072K), 0.0040785 secs]
141.821: Total time for which application threads were stopped: 0.0042232 seconds, Stopping threads took: 0.0000197 seconds
141.884: [GC (Allocation Failure)  530407K->207013K(1034240K), 0.0030996 secs]
141.887: Total time for which application threads were stopped: 0.0032406 seconds, Stopping threads took: 0.0000192 seconds
141.953: [GC (Allocation Failure)  526501K->211079K(1033216K), 0.0042463 secs]
141.957: Total time for which application threads were stopped: 0.0044008 seconds, Stopping threads took: 0.0000216 seconds
142.021: [GC (Allocation Failure)  530567K->215079K(1034752K), 0.0039341 secs]
142.025: Total time for which application threads were stopped: 0.0040860 seconds, Stopping threads took: 0.0000189 seconds
142.091: [GC (Allocation Failure)  536615K->208261K(1034752K), 0.0016221 secs]
142.092: Total time for which application threads were stopped: 0.0017658 seconds, Stopping threads took: 0.0000195 seconds
142.157: [GC (Allocation Failure)  529797K->215111K(1034752K), 0.0039113 secs]
142.161: Total time for which application threads were stopped: 0.0040587 seconds, Stopping threads took: 0.0000205 seconds
142.225: [GC (Allocation Failure)  536647K->219215K(1034752K), 0.0047794 secs]
142.229: Total time for which application threads were stopped: 0.0049367 seconds, Stopping threads took: 0.0000199 seconds
142.293: [GC (Allocation Failure)  540751K->213645K(1034752K), 0.0021404 secs]
142.296: Total time for which application threads were stopped: 0.0022702 seconds, Stopping threads took: 0.0000159 seconds
142.360: [GC (Allocation Failure)  535181K->219463K(1034752K), 0.0039226 secs]
142.364: Total time for which application threads were stopped: 0.0040623 seconds, Stopping threads took: 0.0000208 seconds
142.427: [GC (Allocation Failure)  540999K->223367K(1035264K), 0.0044059 secs]
142.432: Total time for which application threads were stopped: 0.0045439 seconds, Stopping threads took: 0.0000197 seconds
142.495: [GC (Allocation Failure)  545856K->219429K(1035264K), 0.0029088 secs]
142.498: Total time for which application threads were stopped: 0.0030509 seconds, Stopping threads took: 0.0000208 seconds
142.562: [GC (Allocation Failure)  541989K->223503K(1036288K), 0.0040536 secs]
142.566: Total time for which application threads were stopped: 0.0042045 seconds, Stopping threads took: 0.0000275 seconds
142.634: [GC (Allocation Failure)  547599K->227471K(1035776K), 0.0038187 secs]
142.638: Total time for which application threads were stopped: 0.0040007 seconds, Stopping threads took: 0.0000160 seconds
142.705: [GC (Allocation Failure)  551567K->227471K(1035776K), 0.0040903 secs]
142.709: Total time for which application threads were stopped: 0.0042669 seconds, Stopping threads took: 0.0000189 seconds
142.776: [GC (Allocation Failure)  551055K->227527K(1023488K), 0.0040193 secs]
142.780: Total time for which application threads were stopped: 0.0041638 seconds, Stopping threads took: 0.0000197 seconds
142.846: [GC (Allocation Failure)  551111K->235562K(1035264K), 0.0041599 secs]
142.850: Total time for which application threads were stopped: 0.0043254 seconds, Stopping threads took: 0.0000252 seconds
142.916: [GC (Allocation Failure)  558122K->235530K(1030144K), 0.0039948 secs]
142.920: Total time for which application threads were stopped: 0.0041492 seconds, Stopping threads took: 0.0000189 seconds
142.986: [GC (Allocation Failure)  558090K->235562K(1034752K), 0.0039215 secs]
142.990: Total time for which application threads were stopped: 0.0040719 seconds, Stopping threads took: 0.0000190 seconds
143.055: [GC (Allocation Failure)  557098K->243564K(1029120K), 0.0041696 secs]
143.059: Total time for which application threads were stopped: 0.0043254 seconds, Stopping threads took: 0.0000195 seconds
143.127: [GC (Allocation Failure)  565100K->243564K(1034240K), 0.0038027 secs]
143.131: Total time for which application threads were stopped: 0.0039528 seconds, Stopping threads took: 0.0000160 seconds
143.198: [GC (Allocation Failure)  564076K->243788K(1034240K), 0.0040500 secs]
143.203: Total time for which application threads were stopped: 0.0041840 seconds, Stopping threads took: 0.0000170 seconds
143.269: [GC (Allocation Failure)  564300K->251598K(1034240K), 0.0039473 secs]
143.273: Total time for which application threads were stopped: 0.0041302 seconds, Stopping threads took: 0.0000254 seconds
143.339: [GC (Allocation Failure)  572110K->251598K(1028096K), 0.0039976 secs]
143.343: Total time for which application threads were stopped: 0.0041460 seconds, Stopping threads took: 0.0000202 seconds
143.408: [GC (Allocation Failure)  572110K->252014K(1033728K), 0.0040926 secs]
143.412: Total time for which application threads were stopped: 0.0042495 seconds, Stopping threads took: 0.0000192 seconds
143.479: [GC (Allocation Failure)  571502K->259600K(1033728K), 0.0041117 secs]
143.483: Total time for which application threads were stopped: 0.0042548 seconds, Stopping threads took: 0.0000189 seconds
143.547: [GC (Allocation Failure)  579088K->259600K(1033728K), 0.0042371 secs]
143.552: Total time for which application threads were stopped: 0.0044114 seconds, Stopping threads took: 0.0000198 seconds
143.617: [GC (Allocation Failure)  579088K->259704K(1033728K), 0.0047625 secs]
143.622: Total time for which application threads were stopped: 0.0049274 seconds, Stopping threads took: 0.0000253 seconds
143.689: [GC (Allocation Failure)  579192K->267675K(1033728K), 0.0038949 secs]
143.693: Total time for which application threads were stopped: 0.0040663 seconds, Stopping threads took: 0.0000198 seconds
143.760: [GC (Allocation Failure)  587163K->267675K(1033728K), 0.0042193 secs]
143.764: Total time for which application threads were stopped: 0.0043751 seconds, Stopping threads took: 0.0000199 seconds
143.830: [GC (Allocation Failure)  587163K->267707K(1032704K), 0.0041470 secs]
143.834: Total time for which application threads were stopped: 0.0042997 seconds, Stopping threads took: 0.0000197 seconds
143.900: [GC (Allocation Failure)  586171K->275677K(1033216K), 0.0041214 secs]
143.904: Total time for which application threads were stopped: 0.0042777 seconds, Stopping threads took: 0.0000190 seconds
143.968: [GC (Allocation Failure)  594141K->270139K(1033728K), 0.0021994 secs]
143.970: Total time for which application threads were stopped: 0.0023488 seconds, Stopping threads took: 0.0000279 seconds
144.037: [GC (Allocation Failure)  589115K->275925K(1033216K), 0.0041241 secs]
144.041: Total time for which application threads were stopped: 0.0042672 seconds, Stopping threads took: 0.0000198 seconds
144.106: [GC (Allocation Failure)  594901K->279813K(1034240K), 0.0044728 secs]
144.111: Total time for which application threads were stopped: 0.0046269 seconds, Stopping threads took: 0.0000263 seconds
144.178: [GC (Allocation Failure)  600325K->285699K(1034240K), 0.0065947 secs]
144.185: Total time for which application threads were stopped: 0.0067469 seconds, Stopping threads took: 0.0000276 seconds
144.250: [GC (Allocation Failure)  606211K->280037K(1030144K), 0.0044189 secs]
144.255: Total time for which application threads were stopped: 0.0045634 seconds, Stopping threads took: 0.0000193 seconds
144.319: [GC (Allocation Failure)  596453K->279813K(1032192K), 0.0041487 secs]
144.324: Total time for which application threads were stopped: 0.0043071 seconds, Stopping threads took: 0.0000198 seconds
144.388: [GC (Allocation Failure)  596229K->275651K(1033216K), 0.0025602 secs]
144.391: Total time for which application threads were stopped: 0.0027310 seconds, Stopping threads took: 0.0000295 seconds
144.458: [GC (Allocation Failure)  593603K->279909K(1032704K), 0.0040428 secs]
144.462: Total time for which application threads were stopped: 0.0041814 seconds, Stopping threads took: 0.0000166 seconds
144.527: [GC (Allocation Failure)  597861K->279845K(1033728K), 0.0043371 secs]
144.532: Total time for which application threads were stopped: 0.0045119 seconds, Stopping threads took: 0.0000199 seconds
144.598: [GC (Allocation Failure)  598821K->283405K(1033216K), 0.0049236 secs]
144.603: Total time for which application threads were stopped: 0.0050913 seconds, Stopping threads took: 0.0000282 seconds
144.671: [GC (Allocation Failure)  602381K->287919K(1034240K), 0.0041437 secs]
144.675: Total time for which application threads were stopped: 0.0043068 seconds, Stopping threads took: 0.0000196 seconds
144.741: [GC (Allocation Failure)  607919K->287855K(1033728K), 0.0043336 secs]
144.745: Total time for which application threads were stopped: 0.0044950 seconds, Stopping threads took: 0.0000197 seconds
144.810: [GC (Allocation Failure)  607855K->291143K(1034240K), 0.0048901 secs]
144.815: Total time for which application threads were stopped: 0.0050623 seconds, Stopping threads took: 0.0000205 seconds
144.882: [GC (Allocation Failure)  611655K->295913K(1034240K), 0.0041964 secs]
144.886: Total time for which application threads were stopped: 0.0043548 seconds, Stopping threads took: 0.0000203 seconds
144.953: [GC (Allocation Failure)  616425K->295913K(1034752K), 0.0039028 secs]
144.957: Total time for which application threads were stopped: 0.0040509 seconds, Stopping threads took: 0.0000197 seconds
145.020: [GC (Allocation Failure)  617449K->298345K(1034752K), 0.0046448 secs]
145.025: Total time for which application threads were stopped: 0.0047877 seconds, Stopping threads took: 0.0000274 seconds
145.092: [GC (Allocation Failure)  619881K->303948K(1034752K), 0.0039587 secs]
145.096: Total time for which application threads were stopped: 0.0040911 seconds, Stopping threads took: 0.0000256 seconds
145.161: [GC (Allocation Failure)  625484K->303916K(1034752K), 0.0041649 secs]
145.166: Total time for which application threads were stopped: 0.0043145 seconds, Stopping threads took: 0.0000243 seconds
145.226: [GC (Allocation Failure)  625452K->307596K(1035264K), 0.0052044 secs]
145.232: Total time for which application threads were stopped: 0.0053379 seconds, Stopping threads took: 0.0000194 seconds
145.297: [GC (Allocation Failure)  629644K->311950K(1034752K), 0.0042297 secs]
145.301: Total time for which application threads were stopped: 0.0043601 seconds, Stopping threads took: 0.0000186 seconds
145.365: [GC (Allocation Failure)  633998K->311950K(1035264K), 0.0038978 secs]
145.369: Total time for which application threads were stopped: 0.0040201 seconds, Stopping threads took: 0.0000170 seconds
145.432: [GC (Allocation Failure)  634510K->314830K(1035264K), 0.0047982 secs]
145.437: Total time for which application threads were stopped: 0.0049344 seconds, Stopping threads took: 0.0000258 seconds
145.500: [GC (Allocation Failure)  637390K->320112K(1035264K), 0.0044029 secs]
145.505: Total time for which application threads were stopped: 0.0045335 seconds, Stopping threads took: 0.0000181 seconds
145.571: [GC (Allocation Failure)  642672K->319984K(1035264K), 0.0042198 secs]
145.575: Total time for which application threads were stopped: 0.0043424 seconds, Stopping threads took: 0.0000170 seconds
145.640: [GC (Allocation Failure)  642544K->323048K(1035264K), 0.0047557 secs]
145.645: Total time for which application threads were stopped: 0.0048881 seconds, Stopping threads took: 0.0000169 seconds
145.712: [GC (Allocation Failure)  645608K->328043K(1035264K), 0.0041777 secs]
145.716: Total time for which application threads were stopped: 0.0043484 seconds, Stopping threads took: 0.0000197 seconds
145.784: [GC (Allocation Failure)  650603K->328043K(1035264K), 0.0043266 secs]
145.788: Total time for which application threads were stopped: 0.0044851 seconds, Stopping threads took: 0.0000206 seconds
145.854: [GC (Allocation Failure)  650603K->323208K(1035264K), 0.0024225 secs]
145.856: Total time for which application threads were stopped: 0.0025733 seconds, Stopping threads took: 0.0000197 seconds
145.926: [GC (Allocation Failure)  645768K->328267K(1035264K), 0.0041205 secs]
145.930: Total time for which application threads were stopped: 0.0042986 seconds, Stopping threads took: 0.0000197 seconds
146.000: [GC (Allocation Failure)  650827K->328011K(1035264K), 0.0049373 secs]
146.006: Total time for which application threads were stopped: 0.0051107 seconds, Stopping threads took: 0.0000203 seconds
146.073: [GC (Allocation Failure)  650571K->327528K(1035776K), 0.0042082 secs]
146.077: Total time for which application threads were stopped: 0.0043816 seconds, Stopping threads took: 0.0000208 seconds
146.146: [GC (Allocation Failure)  650600K->328203K(1035264K), 0.0042067 secs]
146.151: Total time for which application threads were stopped: 0.0043438 seconds, Stopping threads took: 0.0000201 seconds
146.219: [GC (Allocation Failure)  651275K->328011K(1035776K), 0.0042392 secs]
146.223: Total time for which application threads were stopped: 0.0043790 seconds, Stopping threads took: 0.0000201 seconds
146.288: [GC (Allocation Failure)  651595K->333848K(1035776K), 0.0069033 secs]
146.294: Total time for which application threads were stopped: 0.0070834 seconds, Stopping threads took: 0.0000298 seconds
146.363: [GC (Allocation Failure)  657432K->329275K(1032704K), 0.0039725 secs]
146.367: Total time for which application threads were stopped: 0.0041087 seconds, Stopping threads took: 0.0000198 seconds
146.435: [GC (Allocation Failure)  649787K->329147K(1034240K), 0.0041703 secs]
146.440: Total time for which application threads were stopped: 0.0043112 seconds, Stopping threads took: 0.0000193 seconds
146.505: [GC (Allocation Failure)  649659K->336168K(1030656K), 0.0073743 secs]
146.513: Total time for which application threads were stopped: 0.0075221 seconds, Stopping threads took: 0.0000274 seconds
146.576: [GC (Allocation Failure)  653608K->330507K(1032704K), 0.0048659 secs]
146.581: Total time for which application threads were stopped: 0.0050016 seconds, Stopping threads took: 0.0000196 seconds
146.648: [GC (Allocation Failure)  647947K->330443K(1033728K), 0.0042606 secs]
146.652: Total time for which application threads were stopped: 0.0044439 seconds, Stopping threads took: 0.0000193 seconds
146.718: [GC (Allocation Failure)  649419K->328008K(1033216K), 0.0033432 secs]
146.722: Total time for which application threads were stopped: 0.0035215 seconds, Stopping threads took: 0.0000192 seconds
146.790: [GC (Allocation Failure)  646984K->330443K(1034752K), 0.0040592 secs]
146.795: Total time for which application threads were stopped: 0.0042224 seconds, Stopping threads took: 0.0000205 seconds
146.861: [GC (Allocation Failure)  651467K->330411K(1034240K), 0.0041896 secs]
146.866: Total time for which application threads were stopped: 0.0043782 seconds, Stopping threads took: 0.0000202 seconds
146.931: [GC (Allocation Failure)  651435K->325640K(1034240K), 0.0023744 secs]
146.934: Total time for which application threads were stopped: 0.0025054 seconds, Stopping threads took: 0.0000244 seconds
147.003: [GC (Allocation Failure)  647176K->330635K(1034752K), 0.0041061 secs]
147.007: Total time for which application threads were stopped: 0.0042904 seconds, Stopping threads took: 0.0000195 seconds
147.075: [GC (Allocation Failure)  652171K->330411K(1035776K), 0.0042520 secs]
147.079: Total time for which application threads were stopped: 0.0044130 seconds, Stopping threads took: 0.0000169 seconds
147.146: [GC (Allocation Failure)  653483K->328392K(1035264K), 0.0033927 secs]
147.149: Total time for which application threads were stopped: 0.0035454 seconds, Stopping threads took: 0.0000243 seconds
147.215: [GC (Allocation Failure)  651464K->330635K(1036288K), 0.0042333 secs]
147.219: Total time for which application threads were stopped: 0.0043852 seconds, Stopping threads took: 0.0000286 seconds
147.286: [GC (Allocation Failure)  654731K->330443K(1035776K), 0.0039617 secs]
147.290: Total time for which application threads were stopped: 0.0040900 seconds, Stopping threads took: 0.0000187 seconds
147.356: [GC (Allocation Failure)  654539K->336232K(1032192K), 0.0069038 secs]
147.363: Total time for which application threads were stopped: 0.0070487 seconds, Stopping threads took: 0.0000196 seconds
147.427: [GC (Allocation Failure)  656744K->332139K(1034240K), 0.0042543 secs]
147.431: Total time for which application threads were stopped: 0.0043924 seconds, Stopping threads took: 0.0000204 seconds
147.499: [GC (Allocation Failure)  652651K->332043K(1035264K), 0.0039006 secs]
147.503: Total time for which application threads were stopped: 0.0040591 seconds, Stopping threads took: 0.0000191 seconds
147.567: [GC (Allocation Failure)  654603K->338024K(1035264K), 0.0068674 secs]
147.574: Total time for which application threads were stopped: 0.0070095 seconds, Stopping threads took: 0.0000267 seconds
147.640: [GC (Allocation Failure)  660584K->332875K(1033216K), 0.0041541 secs]
147.645: Total time for which application threads were stopped: 0.0043325 seconds, Stopping threads took: 0.0000170 seconds
147.714: [GC (Allocation Failure)  653387K->332779K(1034240K), 0.0043547 secs]
147.718: Total time for which application threads were stopped: 0.0045149 seconds, Stopping threads took: 0.0000167 seconds
147.787: [GC (Allocation Failure)  653291K->338984K(1031680K), 0.0068806 secs]
147.794: Total time for which application threads were stopped: 0.0070451 seconds, Stopping threads took: 0.0000247 seconds
147.862: [GC (Allocation Failure)  657448K->333483K(1033216K), 0.0043611 secs]
147.867: Total time for which application threads were stopped: 0.0045198 seconds, Stopping threads took: 0.0000278 seconds
147.934: [GC (Allocation Failure)  651947K->333259K(1033728K), 0.0041939 secs]
147.938: Total time for which application threads were stopped: 0.0043597 seconds, Stopping threads took: 0.0000214 seconds
148.001: [GC (Allocation Failure)  652747K->332488K(1033728K), 0.0041369 secs]
148.005: Total time for which application threads were stopped: 0.0042818 seconds, Stopping threads took: 0.0000287 seconds
148.069: [GC (Allocation Failure)  651976K->333419K(1034752K), 0.0041774 secs]
148.073: Total time for which application threads were stopped: 0.0043118 seconds, Stopping threads took: 0.0000193 seconds
148.138: [GC (Allocation Failure)  654443K->333195K(1034240K), 0.0042151 secs]
148.142: Total time for which application threads were stopped: 0.0043452 seconds, Stopping threads took: 0.0000192 seconds
148.205: [GC (Allocation Failure)  654219K->330632K(1034752K), 0.0032760 secs]
148.209: Total time for which application threads were stopped: 0.0034113 seconds, Stopping threads took: 0.0000200 seconds
148.272: [GC (Allocation Failure)  652168K->333355K(1034752K), 0.0042334 secs]
148.277: Total time for which application threads were stopped: 0.0043768 seconds, Stopping threads took: 0.0000275 seconds
148.339: [GC (Allocation Failure)  654891K->333227K(1035776K), 0.0041136 secs]
148.343: Total time for which application threads were stopped: 0.0042556 seconds, Stopping threads took: 0.0000187 seconds
148.404: [GC (Allocation Failure)  656299K->333416K(1035264K), 0.0044966 secs]
148.408: Total time for which application threads were stopped: 0.0046321 seconds, Stopping threads took: 0.0000191 seconds
148.473: [GC (Allocation Failure)  656488K->333291K(1036288K), 0.0041683 secs]
148.477: Total time for which application threads were stopped: 0.0043273 seconds, Stopping threads took: 0.0000280 seconds
148.542: [GC (Allocation Failure)  657899K->333259K(1036288K), 0.0041338 secs]
148.546: Total time for which application threads were stopped: 0.0042610 seconds, Stopping threads took: 0.0000236 seconds
148.611: [GC (Allocation Failure)  657867K->325896K(1034752K), 0.0029737 secs]
148.614: Total time for which application threads were stopped: 0.0031013 seconds, Stopping threads took: 0.0000168 seconds
148.680: [GC (Allocation Failure)  649480K->333243K(1035776K), 0.0042369 secs]
148.684: Total time for which application threads were stopped: 0.0043961 seconds, Stopping threads took: 0.0000317 seconds
148.751: [GC (Allocation Failure)  656827K->337395K(1036288K), 0.0056755 secs]
148.757: Total time for which application threads were stopped: 0.0058310 seconds, Stopping threads took: 0.0000205 seconds
148.822: [GC (Allocation Failure)  662003K->337363K(1036288K), 0.0040831 secs]
148.827: Total time for which application threads were stopped: 0.0042328 seconds, Stopping threads took: 0.0000204 seconds
148.889: [GC (Allocation Failure)  661971K->337611K(1034752K), 0.0042713 secs]
148.894: Total time for which application threads were stopped: 0.0044185 seconds, Stopping threads took: 0.0000283 seconds
148.958: [GC (Allocation Failure)  661195K->345389K(1035776K), 0.0042042 secs]
148.963: Total time for which application threads were stopped: 0.0043526 seconds, Stopping threads took: 0.0000194 seconds
149.029: [GC (Allocation Failure)  668973K->345389K(1036288K), 0.0040666 secs]
149.034: Total time for which application threads were stopped: 0.0041910 seconds, Stopping threads took: 0.0000162 seconds
149.097: [GC (Allocation Failure)  669485K->345637K(1024000K), 0.0043613 secs]
149.101: Total time for which application threads were stopped: 0.0045080 seconds, Stopping threads took: 0.0000252 seconds
149.167: [GC (Allocation Failure)  669733K->353415K(1035776K), 0.0041428 secs]
149.172: Total time for which application threads were stopped: 0.0042802 seconds, Stopping threads took: 0.0000169 seconds
149.237: [GC (Allocation Failure)  676487K->353415K(1035264K), 0.0042591 secs]
149.242: Total time for which application threads were stopped: 0.0043914 seconds, Stopping threads took: 0.0000185 seconds
149.303: [GC (Allocation Failure)  676487K->353575K(1034752K), 0.0041323 secs]
149.307: Total time for which application threads were stopped: 0.0042862 seconds, Stopping threads took: 0.0000237 seconds
149.373: [GC (Allocation Failure)  676135K->361449K(1035264K), 0.0042248 secs]
149.378: Total time for which application threads were stopped: 0.0043542 seconds, Stopping threads took: 0.0000174 seconds
149.441: [GC (Allocation Failure)  684009K->361449K(1035264K), 0.0042436 secs]
149.446: Total time for which application threads were stopped: 0.0043727 seconds, Stopping threads took: 0.0000179 seconds
149.510: [GC (Allocation Failure)  684009K->361609K(1022464K), 0.0041477 secs]
149.515: Total time for which application threads were stopped: 0.0042762 seconds, Stopping threads took: 0.0000181 seconds
149.578: [GC (Allocation Failure)  684169K->369484K(1034752K), 0.0042523 secs]
149.583: Total time for which application threads were stopped: 0.0043846 seconds, Stopping threads took: 0.0000183 seconds
149.649: [GC (Allocation Failure)  691020K->369516K(1034752K), 0.0041352 secs]
149.653: Total time for which application threads were stopped: 0.0042480 seconds, Stopping threads took: 0.0000167 seconds
149.717: [GC (Allocation Failure)  691052K->369804K(1033728K), 0.0041482 secs]
149.721: Total time for which application threads were stopped: 0.0042724 seconds, Stopping threads took: 0.0000168 seconds
149.785: [GC (Allocation Failure)  690316K->377518K(1034240K), 0.0041840 secs]
149.789: Total time for which application threads were stopped: 0.0043288 seconds, Stopping threads took: 0.0000196 seconds
149.854: [GC (Allocation Failure)  698030K->377550K(1034240K), 0.0044381 secs]
149.858: Total time for which application threads were stopped: 0.0045799 seconds, Stopping threads took: 0.0000206 seconds
149.922: [GC (Allocation Failure)  698062K->378054K(1034240K), 0.0044215 secs]
149.927: Total time for which application threads were stopped: 0.0045562 seconds, Stopping threads took: 0.0000204 seconds
149.991: [GC (Allocation Failure)  698566K->385544K(1034240K), 0.0043108 secs]
149.995: Total time for which application threads were stopped: 0.0044494 seconds, Stopping threads took: 0.0000179 seconds
150.058: [GC (Allocation Failure)  706056K->385544K(1034240K), 0.0042014 secs]
150.063: Total time for which application threads were stopped: 0.0043346 seconds, Stopping threads took: 0.0000198 seconds
150.126: [GC (Allocation Failure)  706056K->385768K(1033216K), 0.0041438 secs]
150.130: Total time for which application threads were stopped: 0.0042838 seconds, Stopping threads took: 0.0000253 seconds
150.193: [GC (Allocation Failure)  705256K->393610K(1033728K), 0.0041261 secs]
150.197: Total time for which application threads were stopped: 0.0042574 seconds, Stopping threads took: 0.0000184 seconds
150.261: [GC (Allocation Failure)  713098K->393546K(1033728K), 0.0042658 secs]
150.265: Total time for which application threads were stopped: 0.0044056 seconds, Stopping threads took: 0.0000190 seconds
150.327: [GC (Allocation Failure)  713034K->393738K(1033728K), 0.0043587 secs]
150.331: Total time for which application threads were stopped: 0.0045235 seconds, Stopping threads took: 0.0000182 seconds
150.394: [GC (Allocation Failure)  713226K->401613K(1033728K), 0.0042599 secs]
150.398: Total time for which application threads were stopped: 0.0043905 seconds, Stopping threads took: 0.0000182 seconds
150.464: [GC (Allocation Failure)  721101K->401613K(1033728K), 0.0042030 secs]
150.468: Total time for which application threads were stopped: 0.0043352 seconds, Stopping threads took: 0.0000184 seconds
150.532: [GC (Allocation Failure)  721101K->401677K(1033728K), 0.0042774 secs]
150.536: Total time for which application threads were stopped: 0.0044198 seconds, Stopping threads took: 0.0000178 seconds
150.601: [GC (Allocation Failure)  721165K->409647K(1033728K), 0.0041230 secs]
150.605: Total time for which application threads were stopped: 0.0042674 seconds, Stopping threads took: 0.0000183 seconds
150.671: [GC (Allocation Failure)  729135K->409647K(1033728K), 0.0041320 secs]
150.676: Total time for which application threads were stopped: 0.0042530 seconds, Stopping threads took: 0.0000160 seconds
150.739: [GC (Allocation Failure)  729135K->409959K(1033728K), 0.0043814 secs]
150.743: Total time for which application threads were stopped: 0.0045339 seconds, Stopping threads took: 0.0000191 seconds
150.807: [GC (Allocation Failure)  729447K->417673K(1032704K), 0.0044368 secs]
150.811: Total time for which application threads were stopped: 0.0045822 seconds, Stopping threads took: 0.0000181 seconds
150.876: [GC (Allocation Failure)  736137K->417705K(1033216K), 0.0043621 secs]
150.880: Total time for which application threads were stopped: 0.0044829 seconds, Stopping threads took: 0.0000161 seconds
150.941: [GC (Allocation Failure)  736169K->417929K(1033216K), 0.0041985 secs]
150.945: Total time for which application threads were stopped: 0.0043311 seconds, Stopping threads took: 0.0000148 seconds
151.010: [GC (Allocation Failure)  736393K->425707K(1033216K), 0.0043906 secs]
151.014: Total time for which application threads were stopped: 0.0045235 seconds, Stopping threads took: 0.0000180 seconds
151.076: [GC (Allocation Failure)  744171K->420809K(1033728K), 0.0030703 secs]
151.079: Total time for which application threads were stopped: 0.0031995 seconds, Stopping threads took: 0.0000191 seconds
151.143: [GC (Allocation Failure)  739785K->425875K(1033216K), 0.0043553 secs]
151.147: Total time for which application threads were stopped: 0.0044972 seconds, Stopping threads took: 0.0000257 seconds
151.213: [GC (Allocation Failure)  744851K->429835K(1034752K), 0.0044138 secs]
151.217: Total time for which application threads were stopped: 0.0045397 seconds, Stopping threads took: 0.0000266 seconds
151.278: [GC (Allocation Failure)  751371K->437417K(1034752K), 0.0077875 secs]
151.286: Total time for which application threads were stopped: 0.0079359 seconds, Stopping threads took: 0.0000192 seconds
151.351: [GC (Allocation Failure)  758953K->431755K(1029632K), 0.0043338 secs]
151.356: Total time for which application threads were stopped: 0.0044879 seconds, Stopping threads took: 0.0000160 seconds
151.421: [GC (Allocation Failure)  748171K->431659K(1032192K), 0.0042763 secs]
151.425: Total time for which application threads were stopped: 0.0044191 seconds, Stopping threads took: 0.0000188 seconds
151.487: [GC (Allocation Failure)  748075K->430281K(1033216K), 0.0040180 secs]
151.491: Total time for which application threads were stopped: 0.0041496 seconds, Stopping threads took: 0.0000186 seconds
151.553: [GC (Allocation Failure)  748233K->431723K(1032704K), 0.0044238 secs]
151.557: Total time for which application threads were stopped: 0.0045604 seconds, Stopping threads took: 0.0000200 seconds
151.623: [GC (Allocation Failure)  749675K->431627K(1034240K), 0.0050074 secs]
151.628: Total time for which application threads were stopped: 0.0051718 seconds, Stopping threads took: 0.0000261 seconds
151.693: [GC (Allocation Failure)  751627K->434955K(1033728K), 0.0051648 secs]
151.699: Total time for which application threads were stopped: 0.0053422 seconds, Stopping threads took: 0.0000273 seconds
151.761: [GC (Allocation Failure)  754955K->439950K(1034240K), 0.0044413 secs]
151.765: Total time for which application threads were stopped: 0.0045955 seconds, Stopping threads took: 0.0000280 seconds
151.830: [GC (Allocation Failure)  760462K->439694K(1034240K), 0.0045400 secs]
151.835: Total time for which application threads were stopped: 0.0047087 seconds, Stopping threads took: 0.0000202 seconds
151.900: [GC (Allocation Failure)  760206K->440614K(1033728K), 0.0045950 secs]
151.904: Total time for which application threads were stopped: 0.0047475 seconds, Stopping threads took: 0.0000201 seconds
151.969: [GC (Allocation Failure)  761126K->447816K(1034240K), 0.0044131 secs]
151.974: Total time for which application threads were stopped: 0.0045856 seconds, Stopping threads took: 0.0000270 seconds
152.039: [GC (Allocation Failure)  768328K->447720K(1034752K), 0.0043467 secs]
152.043: Total time for which application threads were stopped: 0.0045017 seconds, Stopping threads took: 0.0000179 seconds
152.106: [GC (Allocation Failure)  768744K->451400K(1034240K), 0.0050680 secs]
152.111: Total time for which application threads were stopped: 0.0051984 seconds, Stopping threads took: 0.0000188 seconds
152.174: [GC (Allocation Failure)  772424K->455882K(1034752K), 0.0044845 secs]
152.178: Total time for which application threads were stopped: 0.0046330 seconds, Stopping threads took: 0.0000193 seconds
152.244: [GC (Allocation Failure)  777418K->455754K(1034752K), 0.0042467 secs]
152.248: Total time for which application threads were stopped: 0.0043650 seconds, Stopping threads took: 0.0000155 seconds
152.309: [GC (Allocation Failure)  777290K->456010K(1034752K), 0.0044418 secs]
152.313: Total time for which application threads were stopped: 0.0045912 seconds, Stopping threads took: 0.0000200 seconds
152.380: [GC (Allocation Failure)  777546K->463885K(1034752K), 0.0042712 secs]
152.384: Total time for which application threads were stopped: 0.0044337 seconds, Stopping threads took: 0.0000198 seconds
152.449: [GC (Allocation Failure)  785421K->463821K(1034752K), 0.0042265 secs]
152.453: Total time for which application threads were stopped: 0.0043506 seconds, Stopping threads took: 0.0000168 seconds
152.514: [GC (Allocation Failure)  785357K->465293K(1022464K), 0.0046860 secs]
152.519: Total time for which application threads were stopped: 0.0048219 seconds, Stopping threads took: 0.0000193 seconds
152.583: [GC (Allocation Failure)  786829K->471855K(1034240K), 0.0044664 secs]
152.588: Total time for which application threads were stopped: 0.0046031 seconds, Stopping threads took: 0.0000200 seconds
152.655: [GC (Allocation Failure)  792367K->471855K(1034240K), 0.0045396 secs]
152.660: Total time for which application threads were stopped: 0.0046882 seconds, Stopping threads took: 0.0000175 seconds
152.725: [GC (Allocation Failure)  792367K->472487K(1033728K), 0.0044795 secs]
152.730: Total time for which application threads were stopped: 0.0046278 seconds, Stopping threads took: 0.0000206 seconds
152.795: [GC (Allocation Failure)  792999K->479881K(1034240K), 0.0045791 secs]
152.799: Total time for which application threads were stopped: 0.0047326 seconds, Stopping threads took: 0.0000222 seconds
152.867: [GC (Allocation Failure)  800393K->479849K(1034240K), 0.0045401 secs]
152.871: Total time for which application threads were stopped: 0.0047063 seconds, Stopping threads took: 0.0000249 seconds
152.937: [GC (Allocation Failure)  800361K->482793K(1034240K), 0.0051167 secs]
152.942: Total time for which application threads were stopped: 0.0052793 seconds, Stopping threads took: 0.0000283 seconds
153.009: [GC (Allocation Failure)  803305K->487915K(1034752K), 0.0045057 secs]
153.013: Total time for which application threads were stopped: 0.0046551 seconds, Stopping threads took: 0.0000197 seconds
153.079: [GC (Allocation Failure)  809451K->487883K(1034752K), 0.0044385 secs]
153.084: Total time for which application threads were stopped: 0.0045741 seconds, Stopping threads took: 0.0000188 seconds
153.145: [GC (Allocation Failure)  809419K->491019K(1034752K), 0.0052202 secs]
153.151: Total time for which application threads were stopped: 0.0053797 seconds, Stopping threads took: 0.0000196 seconds
153.216: [GC (Allocation Failure)  812555K->496014K(1034752K), 0.0045250 secs]
153.221: Total time for which application threads were stopped: 0.0046547 seconds, Stopping threads took: 0.0000191 seconds
153.286: [GC (Allocation Failure)  817550K->495918K(1034752K), 0.0044955 secs]
153.290: Total time for which application threads were stopped: 0.0046208 seconds, Stopping threads took: 0.0000177 seconds
153.353: [GC (Allocation Failure)  817454K->496166K(1021440K), 0.0045032 secs]
153.357: Total time for which application threads were stopped: 0.0046338 seconds, Stopping threads took: 0.0000184 seconds
153.422: [GC (Allocation Failure)  817702K->504008K(1034240K), 0.0046577 secs]
153.427: Total time for which application threads were stopped: 0.0047920 seconds, Stopping threads took: 0.0000198 seconds
153.490: [GC (Allocation Failure)  824520K->503944K(1034240K), 0.0043299 secs]
153.495: Total time for which application threads were stopped: 0.0044763 seconds, Stopping threads took: 0.0000191 seconds
153.559: [GC (Allocation Failure)  824456K->507496K(1034752K), 0.0052968 secs]
153.565: Total time for which application threads were stopped: 0.0054416 seconds, Stopping threads took: 0.0000160 seconds
153.629: [GC (Allocation Failure)  828520K->511946K(1034240K), 0.0075837 secs]
153.637: Total time for which application threads were stopped: 0.0077242 seconds, Stopping threads took: 0.0000255 seconds
153.703: [GC (Allocation Failure)  832970K->511978K(1034752K), 0.0043592 secs]
153.708: Total time for which application threads were stopped: 0.0044867 seconds, Stopping threads took: 0.0000191 seconds
153.771: [GC (Allocation Failure)  833514K->515722K(1034752K), 0.0053579 secs]
153.777: Total time for which application threads were stopped: 0.0055075 seconds, Stopping threads took: 0.0000194 seconds
153.843: [GC (Allocation Failure)  837258K->520012K(1035264K), 0.0044690 secs]
153.847: Total time for which application threads were stopped: 0.0045924 seconds, Stopping threads took: 0.0000171 seconds
153.911: [GC (Allocation Failure)  842572K->520044K(1035264K), 0.0047891 secs]
153.916: Total time for which application threads were stopped: 0.0049248 seconds, Stopping threads took: 0.0000197 seconds
153.978: [GC (Allocation Failure)  842604K->522916K(1035264K), 0.0051972 secs]
153.984: Total time for which application threads were stopped: 0.0053352 seconds, Stopping threads took: 0.0000191 seconds
154.047: [GC (Allocation Failure)  845476K->528199K(1035264K), 0.0046207 secs]
154.051: Total time for which application threads were stopped: 0.0047651 seconds, Stopping threads took: 0.0000272 seconds
154.117: [GC (Allocation Failure)  850759K->528039K(1035264K), 0.0063964 secs]
154.123: Total time for which application threads were stopped: 0.0065419 seconds, Stopping threads took: 0.0000198 seconds
154.186: [GC (Allocation Failure)  850599K->523108K(1035264K), 0.0027229 secs]
154.189: Total time for which application threads were stopped: 0.0028599 seconds, Stopping threads took: 0.0000248 seconds
154.253: [GC (Allocation Failure)  845668K->528135K(1035264K), 0.0045482 secs]
154.258: Total time for which application threads were stopped: 0.0046893 seconds, Stopping threads took: 0.0000266 seconds
154.323: [GC (Allocation Failure)  850695K->528039K(1035264K), 0.0052268 secs]
154.329: Total time for which application threads were stopped: 0.0053718 seconds, Stopping threads took: 0.0000192 seconds
154.392: [GC (Allocation Failure)  850599K->527396K(1035776K), 0.0043865 secs]
154.396: Total time for which application threads were stopped: 0.0045294 seconds, Stopping threads took: 0.0000191 seconds
154.462: [GC (Allocation Failure)  850468K->528103K(1035264K), 0.0046953 secs]
154.467: Total time for which application threads were stopped: 0.0048461 seconds, Stopping threads took: 0.0000280 seconds
154.531: [GC (Allocation Failure)  851175K->528007K(1035776K), 0.0046858 secs]
154.535: Total time for which application threads were stopped: 0.0048260 seconds, Stopping threads took: 0.0000193 seconds
154.600: [GC (Allocation Failure)  851591K->533724K(1035776K), 0.0124953 secs]
154.613: Total time for which application threads were stopped: 0.0126295 seconds, Stopping threads took: 0.0000163 seconds
154.681: [GC (Allocation Failure)  857308K->529247K(1032704K), 0.0048536 secs]
154.686: Total time for which application threads were stopped: 0.0050066 seconds, Stopping threads took: 0.0000189 seconds
154.753: [GC (Allocation Failure)  849759K->528959K(1034240K), 0.0043415 secs]
154.758: Total time for which application threads were stopped: 0.0044934 seconds, Stopping threads took: 0.0000191 seconds
154.823: [GC (Allocation Failure)  849471K->535916K(1030656K), 0.0076857 secs]
154.831: Total time for which application threads were stopped: 0.0078311 seconds, Stopping threads took: 0.0000199 seconds
154.895: [GC (Allocation Failure)  853356K->530383K(1032704K), 0.0045209 secs]
154.900: Total time for which application threads were stopped: 0.0046681 seconds, Stopping threads took: 0.0000202 seconds
154.965: [GC (Allocation Failure)  847823K->530159K(1033728K), 0.0045180 secs]
154.970: Total time for which application threads were stopped: 0.0046623 seconds, Stopping threads took: 0.0000204 seconds
155.034: [GC (Allocation Failure)  849135K->527596K(1033216K), 0.0035742 secs]
155.038: Total time for which application threads were stopped: 0.0037120 seconds, Stopping threads took: 0.0000207 seconds
155.102: [GC (Allocation Failure)  846572K->530319K(1034752K), 0.0044792 secs]
155.107: Total time for which application threads were stopped: 0.0046291 seconds, Stopping threads took: 0.0000280 seconds
155.171: [GC (Allocation Failure)  851343K->530191K(1034240K), 0.0047747 secs]
155.176: Total time for which application threads were stopped: 0.0049145 seconds, Stopping threads took: 0.0000214 seconds
155.239: [GC (Allocation Failure)  851215K->525196K(1034240K), 0.0068047 secs]
155.245: Total time for which application threads were stopped: 0.0069587 seconds, Stopping threads took: 0.0000298 seconds
155.311: [GC (Allocation Failure)  846732K->530255K(1034752K), 0.0047526 secs]
155.316: Total time for which application threads were stopped: 0.0049073 seconds, Stopping threads took: 0.0000273 seconds
155.381: [GC (Allocation Failure)  851791K->530191K(1035776K), 0.0046226 secs]
155.385: Total time for which application threads were stopped: 0.0047926 seconds, Stopping threads took: 0.0000210 seconds
155.449: [GC (Allocation Failure)  853263K->528012K(1035264K), 0.0037428 secs]
155.452: Total time for which application threads were stopped: 0.0039121 seconds, Stopping threads took: 0.0000281 seconds
155.516: [GC (Allocation Failure)  851084K->530191K(1036288K), 0.0046925 secs]
155.521: Total time for which application threads were stopped: 0.0048440 seconds, Stopping threads took: 0.0000194 seconds
155.587: [GC (Allocation Failure)  854287K->530159K(1035776K), 0.0045544 secs]
155.591: Total time for which application threads were stopped: 0.0047206 seconds, Stopping threads took: 0.0000201 seconds
155.659: [GC (Allocation Failure)  854255K->535820K(1033216K), 0.0072643 secs]
155.667: Total time for which application threads were stopped: 0.0074374 seconds, Stopping threads took: 0.0000190 seconds
155.736: [GC (Allocation Failure)  857356K->531823K(1034752K), 0.0045246 secs]
155.741: Total time for which application threads were stopped: 0.0046988 seconds, Stopping threads took: 0.0000257 seconds
155.810: [GC (Allocation Failure)  853359K->531631K(1035776K), 0.0046868 secs]
155.814: Total time for which application threads were stopped: 0.0048447 seconds, Stopping threads took: 0.0000198 seconds
155.880: [GC (Allocation Failure)  854703K->523628K(1022976K), 0.0015158 secs]
155.881: Total time for which application threads were stopped: 0.0016968 seconds, Stopping threads took: 0.0000525 seconds
155.949: [GC (Allocation Failure)  846700K->531799K(1034752K), 0.0047638 secs]
155.954: Total time for which application threads were stopped: 0.0049314 seconds, Stopping threads took: 0.0000200 seconds
156.019: [GC (Allocation Failure)  853335K->535775K(1034752K), 0.0061034 secs]
156.026: Total time for which application threads were stopped: 0.0062715 seconds, Stopping threads took: 0.0000203 seconds
156.091: [GC (Allocation Failure)  857311K->530556K(1035264K), 0.0029834 secs]
156.094: Total time for which application threads were stopped: 0.0031525 seconds, Stopping threads took: 0.0000271 seconds
156.162: [GC (Allocation Failure)  853116K->535903K(1035264K), 0.0045863 secs]
156.167: Total time for which application threads were stopped: 0.0047652 seconds, Stopping threads took: 0.0000256 seconds
156.234: [GC (Allocation Failure)  858463K->539927K(1035776K), 0.0048318 secs]
156.239: Total time for which application threads were stopped: 0.0050033 seconds, Stopping threads took: 0.0000255 seconds
156.304: [GC (Allocation Failure)  862998K->535988K(1035264K), 0.0035964 secs]
156.308: Total time for which application threads were stopped: 0.0037507 seconds, Stopping threads took: 0.0000209 seconds
156.377: [GC (Allocation Failure)  859060K->540047K(1035776K), 0.0047913 secs]
156.382: Total time for which application threads were stopped: 0.0049380 seconds, Stopping threads took: 0.0000195 seconds
156.448: [GC (Allocation Failure)  863631K->544015K(1035776K), 0.0046353 secs]
156.452: Total time for which application threads were stopped: 0.0047692 seconds, Stopping threads took: 0.0000187 seconds
156.516: [GC (Allocation Failure)  867599K->544047K(1035776K), 0.0045276 secs]
156.521: Total time for which application threads were stopped: 0.0046669 seconds, Stopping threads took: 0.0000200 seconds
156.584: [GC (Allocation Failure)  867631K->544359K(1023488K), 0.0045686 secs]
156.589: Total time for which application threads were stopped: 0.0047036 seconds, Stopping threads took: 0.0000192 seconds
156.656: [GC (Allocation Failure)  867943K->552041K(1035264K), 0.0046547 secs]
156.661: Total time for which application threads were stopped: 0.0048036 seconds, Stopping threads took: 0.0000169 seconds
156.731: [GC (Allocation Failure)  874601K->552041K(1035264K), 0.0045990 secs]
156.735: Total time for which application threads were stopped: 0.0047916 seconds, Stopping threads took: 0.0000194 seconds
156.804: [GC (Allocation Failure)  874601K->552553K(1034240K), 0.0046348 secs]
156.808: Total time for which application threads were stopped: 0.0047886 seconds, Stopping threads took: 0.0000198 seconds
156.876: [GC (Allocation Failure)  874089K->560075K(1034752K), 0.0046699 secs]
156.880: Total time for which application threads were stopped: 0.0048348 seconds, Stopping threads took: 0.0000201 seconds
156.950: [GC (Allocation Failure)  881611K->560075K(1034752K), 0.0045573 secs]
156.955: Total time for which application threads were stopped: 0.0047554 seconds, Stopping threads took: 0.0000205 seconds
157.021: [GC (Allocation Failure)  881611K->560235K(1034752K), 0.0047720 secs]
157.026: Total time for which application threads were stopped: 0.0049329 seconds, Stopping threads took: 0.0000167 seconds
157.094: [GC (Allocation Failure)  881771K->568141K(1034752K), 0.0050129 secs]
157.099: Total time for which application threads were stopped: 0.0051850 seconds, Stopping threads took: 0.0000200 seconds
157.168: [GC (Allocation Failure)  889677K->568109K(1034752K), 0.0046224 secs]
157.173: Total time for which application threads were stopped: 0.0047684 seconds, Stopping threads took: 0.0000171 seconds
157.238: [GC (Allocation Failure)  889645K->568261K(1033728K), 0.0046484 secs]
157.242: Total time for which application threads were stopped: 0.0048120 seconds, Stopping threads took: 0.0000205 seconds
157.311: [GC (Allocation Failure)  888773K->576136K(1034240K), 0.0048190 secs]
157.316: Total time for which application threads were stopped: 0.0049888 seconds, Stopping threads took: 0.0000197 seconds
157.382: [GC (Allocation Failure)  896648K->576136K(1034240K), 0.0047128 secs]
157.387: Total time for which application threads were stopped: 0.0048683 seconds, Stopping threads took: 0.0000198 seconds
157.453: [GC (Allocation Failure)  896648K->576200K(1020416K), 0.0046664 secs]
157.457: Total time for which application threads were stopped: 0.0048101 seconds, Stopping threads took: 0.0000197 seconds
157.522: [GC (Allocation Failure)  896712K->584202K(1033728K), 0.0048194 secs]
157.527: Total time for which application threads were stopped: 0.0049678 seconds, Stopping threads took: 0.0000190 seconds
157.592: [GC (Allocation Failure)  903690K->584170K(1033728K), 0.0047302 secs]
157.597: Total time for which application threads were stopped: 0.0048835 seconds, Stopping threads took: 0.0000200 seconds
157.663: [GC (Allocation Failure)  903658K->584458K(1033728K), 0.0046953 secs]
157.668: Total time for which application threads were stopped: 0.0048716 seconds, Stopping threads took: 0.0000201 seconds
157.735: [GC (Allocation Failure)  903946K->592236K(1033728K), 0.0047084 secs]
157.740: Total time for which application threads were stopped: 0.0048668 seconds, Stopping threads took: 0.0000205 seconds
157.805: [GC (Allocation Failure)  911724K->592236K(1033728K), 0.0045730 secs]
157.810: Total time for which application threads were stopped: 0.0047374 seconds, Stopping threads took: 0.0000191 seconds
157.874: [GC (Allocation Failure)  911724K->592428K(1033728K), 0.0049124 secs]
157.879: Total time for which application threads were stopped: 0.0050686 seconds, Stopping threads took: 0.0000194 seconds
157.944: [GC (Allocation Failure)  911916K->600239K(1033728K), 0.0049664 secs]
157.950: Total time for which application threads were stopped: 0.0051295 seconds, Stopping threads took: 0.0000197 seconds
158.015: [GC (Allocation Failure)  919726K->596332K(1033728K), 0.0048136 secs]
158.020: Total time for which application threads were stopped: 0.0049810 seconds, Stopping threads took: 0.0000190 seconds
158.090: [GC (Allocation Failure)  915820K->600391K(1034752K), 0.0049868 secs]
158.095: Total time for which application threads were stopped: 0.0051428 seconds, Stopping threads took: 0.0000195 seconds
158.164: [GC (Allocation Failure)  921415K->604359K(1034240K), 0.0046950 secs]
158.169: Total time for which application threads were stopped: 0.0048573 seconds, Stopping threads took: 0.0000260 seconds
158.234: [GC (Allocation Failure)  925383K->598596K(1034752K), 0.0027749 secs]
158.237: Total time for which application threads were stopped: 0.0029222 seconds, Stopping threads took: 0.0000250 seconds
158.301: [GC (Allocation Failure)  920132K->604431K(1034752K), 0.0046539 secs]
158.306: Total time for which application threads were stopped: 0.0047929 seconds, Stopping threads took: 0.0000205 seconds
158.369: [GC (Allocation Failure)  925967K->608503K(1035264K), 0.0053816 secs]
158.374: Total time for which application threads were stopped: 0.0055172 seconds, Stopping threads took: 0.0000201 seconds
158.440: [GC (Allocation Failure)  930801K->604628K(1035264K), 0.0036205 secs]
158.443: Total time for which application threads were stopped: 0.0037534 seconds, Stopping threads took: 0.0000187 seconds
158.507: [GC (Allocation Failure)  927188K->608671K(1036288K), 0.0047780 secs]
158.512: Total time for which application threads were stopped: 0.0049275 seconds, Stopping threads took: 0.0000188 seconds
158.579: [GC (Allocation Failure)  932767K->612639K(1035776K), 0.0048680 secs]
158.584: Total time for which application threads were stopped: 0.0050281 seconds, Stopping threads took: 0.0000247 seconds
158.651: [GC (Allocation Failure)  936735K->612639K(1035776K), 0.0046958 secs]
158.656: Total time for which application threads were stopped: 0.0048477 seconds, Stopping threads took: 0.0000168 seconds
158.723: [GC (Allocation Failure)  936223K->612711K(1023488K), 0.0046618 secs]
158.728: Total time for which application threads were stopped: 0.0048544 seconds, Stopping threads took: 0.0000253 seconds
158.794: [GC (Allocation Failure)  936295K->620681K(1035264K), 0.0048707 secs]
158.799: Total time for which application threads were stopped: 0.0050842 seconds, Stopping threads took: 0.0000258 seconds
158.867: [GC (Allocation Failure)  943241K->620713K(1030144K), 0.0049735 secs]
158.872: Total time for which application threads were stopped: 0.0051467 seconds, Stopping threads took: 0.0000200 seconds
158.939: [GC (Allocation Failure)  943273K->620745K(1034752K), 0.0049376 secs]
158.944: Total time for which application threads were stopped: 0.0051021 seconds, Stopping threads took: 0.0000206 seconds
159.012: [GC (Allocation Failure)  942281K->628715K(1029120K), 0.0050032 secs]
159.017: Total time for which application threads were stopped: 0.0051739 seconds, Stopping threads took: 0.0000352 seconds
159.084: [GC (Allocation Failure)  950251K->628747K(1034240K), 0.0047468 secs]
159.089: Total time for which application threads were stopped: 0.0049008 seconds, Stopping threads took: 0.0000191 seconds
159.156: [GC (Allocation Failure)  949259K->628971K(1034240K), 0.0048988 secs]
159.161: Total time for which application threads were stopped: 0.0050538 seconds, Stopping threads took: 0.0000201 seconds
159.228: [GC (Allocation Failure)  949483K->636749K(1034240K), 0.0051455 secs]
159.233: Total time for which application threads were stopped: 0.0053076 seconds, Stopping threads took: 0.0000189 seconds
159.300: [GC (Allocation Failure)  957261K->636749K(1034240K), 0.0044969 secs]
159.305: Total time for which application threads were stopped: 0.0046448 seconds, Stopping threads took: 0.0000191 seconds
159.370: [GC (Allocation Failure)  957261K->637189K(1033216K), 0.0048451 secs]
159.375: Total time for which application threads were stopped: 0.0049938 seconds, Stopping threads took: 0.0000189 seconds
159.442: [GC (Allocation Failure)  956677K->644776K(1033728K), 0.0049486 secs]
159.447: Total time for which application threads were stopped: 0.0050979 seconds, Stopping threads took: 0.0000189 seconds
159.514: [GC (Allocation Failure)  964264K->644808K(1033728K), 0.0049655 secs]
159.519: Total time for which application threads were stopped: 0.0051159 seconds, Stopping threads took: 0.0000197 seconds
159.584: [GC (Allocation Failure)  964296K->644904K(1033728K), 0.0047643 secs]
159.589: Total time for which application threads were stopped: 0.0049002 seconds, Stopping threads took: 0.0000197 seconds
159.657: [GC (Allocation Failure)  964392K->652842K(1033728K), 0.0047686 secs]
159.662: Total time for which application threads were stopped: 0.0049204 seconds, Stopping threads took: 0.0000171 seconds
159.729: [GC (Allocation Failure)  972330K->652810K(1033728K), 0.0047701 secs]
159.734: Total time for which application threads were stopped: 0.0049612 seconds, Stopping threads took: 0.0000199 seconds
159.802: [GC (Allocation Failure)  972298K->652874K(1033728K), 0.0049845 secs]
159.807: Total time for which application threads were stopped: 0.0051584 seconds, Stopping threads took: 0.0000275 seconds
159.873: [GC (Allocation Failure)  972362K->660844K(1027072K), 0.0049752 secs]
159.878: Total time for which application threads were stopped: 0.0051401 seconds, Stopping threads took: 0.0000199 seconds
159.943: [GC (Allocation Failure)  980332K->656938K(1034240K), 0.0038774 secs]
159.947: Total time for which application threads were stopped: 0.0040391 seconds, Stopping threads took: 0.0000203 seconds
160.015: [GC (Allocation Failure)  976426K->660932K(1033216K), 0.0057631 secs]
160.021: Total time for which application threads were stopped: 0.0059062 seconds, Stopping threads took: 0.0000200 seconds
160.086: [GC (Allocation Failure)  980420K->664932K(1034752K), 0.0049071 secs]
160.091: Total time for which application threads were stopped: 0.0050597 seconds, Stopping threads took: 0.0000214 seconds
160.155: [GC (Allocation Failure)  986468K->658178K(1034752K), 0.0023326 secs]
160.158: Total time for which application threads were stopped: 0.0024743 seconds, Stopping threads took: 0.0000266 seconds
160.222: [GC (Allocation Failure)  979714K->665068K(1034752K), 0.0047545 secs]
160.227: Total time for which application threads were stopped: 0.0049081 seconds, Stopping threads took: 0.0000202 seconds
160.291: [GC (Allocation Failure)  986604K->669148K(1034752K), 0.0058744 secs]
160.297: Total time for which application threads were stopped: 0.0060190 seconds, Stopping threads took: 0.0000191 seconds
160.358: [GC (Allocation Failure)  990684K->663578K(1034752K), 0.0029922 secs]
160.361: Total time for which application threads were stopped: 0.0031242 seconds, Stopping threads took: 0.0000192 seconds
160.425: [GC (Allocation Failure)  985114K->669388K(1034752K), 0.0049049 secs]
160.430: Total time for which application threads were stopped: 0.0050591 seconds, Stopping threads took: 0.0000197 seconds
160.494: [GC (Allocation Failure)  990924K->673260K(1035264K), 0.0052620 secs]
160.499: Total time for which application threads were stopped: 0.0053970 seconds, Stopping threads took: 0.0000191 seconds
160.561: [GC (Allocation Failure)  995748K->669354K(1035264K), 0.0037409 secs]
160.565: Total time for which application threads were stopped: 0.0038878 seconds, Stopping threads took: 0.0000197 seconds
160.633: [GC (Allocation Failure)  991914K->673420K(1036288K), 0.0047736 secs]
160.637: Total time for which application threads were stopped: 0.0049067 seconds, Stopping threads took: 0.0000166 seconds
160.704: [GC (Allocation Failure)  997516K->677356K(1035776K), 0.0047312 secs]
160.709: Total time for which application threads were stopped: 0.0048693 seconds, Stopping threads took: 0.0000192 seconds
160.774: [GC (Allocation Failure)  1001452K->677388K(1035776K), 0.0048072 secs]
160.779: Total time for which application threads were stopped: 0.0049566 seconds, Stopping threads took: 0.0000198 seconds
160.844: [GC (Allocation Failure)  1000972K->677452K(1023488K), 0.0048128 secs]
160.849: Total time for which application threads were stopped: 0.0049382 seconds, Stopping threads took: 0.0000165 seconds
160.912: [GC (Allocation Failure)  1001036K->685422K(1035264K), 0.0063210 secs]
160.918: Total time for which application threads were stopped: 0.0064801 seconds, Stopping threads took: 0.0000274 seconds
160.984: [GC (Allocation Failure)  1007982K->685422K(1030144K), 0.0047024 secs]
160.989: Total time for which application threads were stopped: 0.0048342 seconds, Stopping threads took: 0.0000253 seconds
161.055: [GC (Allocation Failure)  1007982K->685478K(1034752K), 0.0048477 secs]
161.060: Total time for which application threads were stopped: 0.0049927 seconds, Stopping threads took: 0.0000187 seconds
161.126: [GC (Allocation Failure)  1007014K->693449K(1034752K), 0.0049279 secs]
161.131: Total time for which application threads were stopped: 0.0050733 seconds, Stopping threads took: 0.0000193 seconds
161.195: [GC (Allocation Failure)  1014985K->693449K(1033728K), 0.0048306 secs]
161.200: Total time for which application threads were stopped: 0.0049962 seconds, Stopping threads took: 0.0000248 seconds
161.263: [GC (Allocation Failure)  1013961K->693705K(1034240K), 0.0051340 secs]
161.268: [Full GC (Ergonomics)  693705K->8704K(1034240K), 0.0130753 secs]
161.281: Total time for which application threads were stopped: 0.0184181 seconds, Stopping threads took: 0.0000200 seconds
161.345: [GC (Allocation Failure)  329216K->17634K(1033216K), 0.0035387 secs]
161.349: Total time for which application threads were stopped: 0.0036759 seconds, Stopping threads took: 0.0000184 seconds
161.413: [GC (Allocation Failure)  337122K->17642K(1033728K), 0.0036179 secs]
161.417: Total time for which application threads were stopped: 0.0037504 seconds, Stopping threads took: 0.0000192 seconds
161.477: [GC (Allocation Failure)  337130K->18058K(1033728K), 0.0035896 secs]
161.481: Total time for which application threads were stopped: 0.0037279 seconds, Stopping threads took: 0.0000187 seconds
161.544: [GC (Allocation Failure)  337546K->25677K(1033728K), 0.0036274 secs]
161.547: Total time for which application threads were stopped: 0.0037586 seconds, Stopping threads took: 0.0000186 seconds
161.613: [GC (Allocation Failure)  345165K->25645K(1033728K), 0.0043043 secs]
161.617: Total time for which application threads were stopped: 0.0044631 seconds, Stopping threads took: 0.0000228 seconds
161.679: [GC (Allocation Failure)  345133K->25797K(1033728K), 0.0038065 secs]
161.683: Total time for which application threads were stopped: 0.0039604 seconds, Stopping threads took: 0.0000205 seconds
161.748: [GC (Allocation Failure)  345285K->33671K(1032704K), 0.0036121 secs]
161.752: Total time for which application threads were stopped: 0.0037527 seconds, Stopping threads took: 0.0000218 seconds
161.815: [GC (Allocation Failure)  352133K->29765K(1033216K), 0.0028120 secs]
161.818: Total time for which application threads were stopped: 0.0029456 seconds, Stopping threads took: 0.0000190 seconds
161.881: [GC (Allocation Failure)  348229K->33831K(1034752K), 0.0038464 secs]
161.885: Total time for which application threads were stopped: 0.0040017 seconds, Stopping threads took: 0.0000254 seconds
161.949: [GC (Allocation Failure)  354855K->37799K(1034240K), 0.0035256 secs]
161.952: Total time for which application threads were stopped: 0.0036673 seconds, Stopping threads took: 0.0000199 seconds
162.016: [GC (Allocation Failure)  358823K->31013K(1034752K), 0.0011697 secs]
162.018: Total time for which application threads were stopped: 0.0012958 seconds, Stopping threads took: 0.0000199 seconds
162.084: [GC (Allocation Failure)  352549K->37839K(1034752K), 0.0034164 secs]
162.087: Total time for which application threads were stopped: 0.0035260 seconds, Stopping threads took: 0.0000169 seconds
162.151: [GC (Allocation Failure)  359375K->41951K(1034752K), 0.0045218 secs]
162.156: Total time for which application threads were stopped: 0.0046553 seconds, Stopping threads took: 0.0000193 seconds
162.220: [GC (Allocation Failure)  363487K->36413K(1034752K), 0.0016899 secs]
162.221: Total time for which application threads were stopped: 0.0018154 seconds, Stopping threads took: 0.0000196 seconds
162.286: [GC (Allocation Failure)  357949K->42223K(1035776K), 0.0037431 secs]
162.290: Total time for which application threads were stopped: 0.0038738 seconds, Stopping threads took: 0.0000198 seconds
162.354: [GC (Allocation Failure)  364783K->46095K(1034752K), 0.0040667 secs]
162.358: Total time for which application threads were stopped: 0.0042245 seconds, Stopping threads took: 0.0000229 seconds
162.423: [GC (Allocation Failure)  368583K->42189K(1035776K), 0.0024716 secs]
162.425: Total time for which application threads were stopped: 0.0025887 seconds, Stopping threads took: 0.0000167 seconds
162.490: [GC (Allocation Failure)  365261K->46255K(1035264K), 0.0036648 secs]
162.494: Total time for which application threads were stopped: 0.0037988 seconds, Stopping threads took: 0.0000183 seconds
162.558: [GC (Allocation Failure)  369327K->50223K(1035264K), 0.0038003 secs]
162.562: Total time for which application threads were stopped: 0.0039432 seconds, Stopping threads took: 0.0000193 seconds
162.629: [GC (Allocation Failure)  373807K->50223K(1035776K), 0.0050899 secs]
162.634: Total time for which application threads were stopped: 0.0052218 seconds, Stopping threads took: 0.0000238 seconds
162.700: [GC (Allocation Failure)  373807K->50279K(1034752K), 0.0034921 secs]
162.703: Total time for which application threads were stopped: 0.0036535 seconds, Stopping threads took: 0.0000282 seconds
162.771: [GC (Allocation Failure)  372839K->58249K(1035264K), 0.0034998 secs]
162.774: Total time for which application threads were stopped: 0.0036477 seconds, Stopping threads took: 0.0000186 seconds
162.840: [GC (Allocation Failure)  380809K->58281K(1034240K), 0.0035545 secs]
162.844: Total time for which application threads were stopped: 0.0037055 seconds, Stopping threads took: 0.0000195 seconds
162.907: [GC (Allocation Failure)  379817K->58313K(1034752K), 0.0035391 secs]
162.910: Total time for which application threads were stopped: 0.0036737 seconds, Stopping threads took: 0.0000199 seconds
162.975: [GC (Allocation Failure)  379849K->66315K(1034752K), 0.0035797 secs]
162.978: Total time for which application threads were stopped: 0.0037201 seconds, Stopping threads took: 0.0000193 seconds
163.043: [GC (Allocation Failure)  387851K->66283K(1029120K), 0.0032921 secs]
163.046: Total time for which application threads were stopped: 0.0034267 seconds, Stopping threads took: 0.0000195 seconds
163.109: [GC (Allocation Failure)  387819K->66531K(1034240K), 0.0038199 secs]
163.113: Total time for which application threads were stopped: 0.0039548 seconds, Stopping threads took: 0.0000191 seconds
163.176: [GC (Allocation Failure)  387043K->74310K(1034240K), 0.0036451 secs]
163.180: Total time for which application threads were stopped: 0.0037771 seconds, Stopping threads took: 0.0000192 seconds
163.244: [GC (Allocation Failure)  394822K->74342K(1034240K), 0.0036429 secs]
163.248: Total time for which application threads were stopped: 0.0037896 seconds, Stopping threads took: 0.0000247 seconds
163.311: [GC (Allocation Failure)  394854K->74758K(1020416K), 0.0040575 secs]
163.315: Total time for which application threads were stopped: 0.0042037 seconds, Stopping threads took: 0.0000192 seconds
163.381: [GC (Allocation Failure)  395270K->82344K(1033728K), 0.0036147 secs]
163.385: Total time for which application threads were stopped: 0.0037363 seconds, Stopping threads took: 0.0000163 seconds
163.448: [GC (Allocation Failure)  401832K->82344K(1033728K), 0.0036393 secs]
163.451: Total time for which application threads were stopped: 0.0037726 seconds, Stopping threads took: 0.0000196 seconds
163.513: [GC (Allocation Failure)  401832K->82472K(1033728K), 0.0036983 secs]
163.516: Total time for which application threads were stopped: 0.0038806 seconds, Stopping threads took: 0.0000246 seconds
163.582: [GC (Allocation Failure)  401960K->90378K(1033728K), 0.0035734 secs]
163.585: Total time for which application threads were stopped: 0.0036925 seconds, Stopping threads took: 0.0000160 seconds
163.653: [GC (Allocation Failure)  409866K->90378K(1033728K), 0.0035874 secs]
163.657: Total time for which application threads were stopped: 0.0037464 seconds, Stopping threads took: 0.0000202 seconds
163.723: [GC (Allocation Failure)  409866K->90442K(1033728K), 0.0037101 secs]
163.727: Total time for which application threads were stopped: 0.0039156 seconds, Stopping threads took: 0.0000200 seconds
163.796: [GC (Allocation Failure)  409930K->98413K(1032704K), 0.0038947 secs]
163.800: Total time for which application threads were stopped: 0.0040817 seconds, Stopping threads took: 0.0000340 seconds
163.865: [GC (Allocation Failure)  416877K->92874K(1033216K), 0.0017815 secs]
163.867: Total time for which application threads were stopped: 0.0019161 seconds, Stopping threads took: 0.0000193 seconds
163.934: [GC (Allocation Failure)  411338K->98669K(1034752K), 0.0038289 secs]
163.938: Total time for which application threads were stopped: 0.0039824 seconds, Stopping threads took: 0.0000205 seconds
164.003: [GC (Allocation Failure)  419181K->102589K(1033728K), 0.0039635 secs]
164.007: Total time for which application threads were stopped: 0.0041044 seconds, Stopping threads took: 0.0000205 seconds
164.071: [GC (Allocation Failure)  423101K->109450K(1029120K), 0.0066192 secs]
164.078: Total time for which application threads were stopped: 0.0067871 seconds, Stopping threads took: 0.0000297 seconds
164.144: [GC (Allocation Failure)  424842K->103341K(1031680K), 0.0037982 secs]
164.148: Total time for which application threads were stopped: 0.0039452 seconds, Stopping threads took: 0.0000272 seconds
164.211: [GC (Allocation Failure)  418733K->103149K(1032704K), 0.0036555 secs]
164.214: Total time for which application threads were stopped: 0.0037973 seconds, Stopping threads took: 0.0000284 seconds
164.275: [GC (Allocation Failure)  420077K->106597K(1032192K), 0.0046140 secs]
164.280: Total time for which application threads were stopped: 0.0047584 seconds, Stopping threads took: 0.0000272 seconds
164.344: [GC (Allocation Failure)  423525K->111335K(1033216K), 0.0037625 secs]
164.347: Total time for which application threads were stopped: 0.0038972 seconds, Stopping threads took: 0.0000201 seconds
164.413: [GC (Allocation Failure)  429287K->111207K(1032704K), 0.0036670 secs]
164.417: Total time for which application threads were stopped: 0.0038025 seconds, Stopping threads took: 0.0000203 seconds
164.482: [GC (Allocation Failure)  429159K->112263K(1033216K), 0.0039446 secs]
164.486: Total time for which application threads were stopped: 0.0040993 seconds, Stopping threads took: 0.0000280 seconds
164.550: [GC (Allocation Failure)  430727K->119273K(1033216K), 0.0039537 secs]
164.554: Total time for which application threads were stopped: 0.0041289 seconds, Stopping threads took: 0.0000250 seconds
164.622: [GC (Allocation Failure)  437737K->119241K(1033728K), 0.0044180 secs]
164.626: Total time for which application threads were stopped: 0.0046094 seconds, Stopping threads took: 0.0000248 seconds
164.693: [GC (Allocation Failure)  438217K->120937K(1033216K), 0.0041798 secs]
164.697: Total time for which application threads were stopped: 0.0043407 seconds, Stopping threads took: 0.0000197 seconds
164.764: [GC (Allocation Failure)  439913K->127339K(1033728K), 0.0037785 secs]
164.768: Total time for which application threads were stopped: 0.0039235 seconds, Stopping threads took: 0.0000209 seconds
164.831: [GC (Allocation Failure)  446827K->127275K(1033728K), 0.0038205 secs]
164.835: Total time for which application threads were stopped: 0.0039532 seconds, Stopping threads took: 0.0000196 seconds
164.897: [GC (Allocation Failure)  446763K->127627K(1033728K), 0.0039649 secs]
164.901: Total time for which application threads were stopped: 0.0041138 seconds, Stopping threads took: 0.0000199 seconds
164.964: [GC (Allocation Failure)  447115K->135310K(1033728K), 0.0038554 secs]
164.968: Total time for which application threads were stopped: 0.0040288 seconds, Stopping threads took: 0.0000251 seconds
165.034: [GC (Allocation Failure)  454798K->135278K(1033728K), 0.0036602 secs]
165.038: Total time for which application threads were stopped: 0.0037971 seconds, Stopping threads took: 0.0000266 seconds
165.102: [GC (Allocation Failure)  454766K->138958K(1033728K), 0.0047983 secs]
165.107: Total time for which application threads were stopped: 0.0049328 seconds, Stopping threads took: 0.0000192 seconds
165.172: [GC (Allocation Failure)  458446K->143440K(1034240K), 0.0038710 secs]
165.175: Total time for which application threads were stopped: 0.0040139 seconds, Stopping threads took: 0.0000196 seconds
165.241: [GC (Allocation Failure)  463952K->143344K(1034240K), 0.0036564 secs]
165.244: Total time for which application threads were stopped: 0.0037878 seconds, Stopping threads took: 0.0000189 seconds
165.308: [GC (Allocation Failure)  463856K->144072K(1034240K), 0.0037783 secs]
165.312: Total time for which application threads were stopped: 0.0039088 seconds, Stopping threads took: 0.0000188 seconds
165.376: [GC (Allocation Failure)  464584K->151370K(1034240K), 0.0037382 secs]
165.380: Total time for which application threads were stopped: 0.0038708 seconds, Stopping threads took: 0.0000191 seconds
165.443: [GC (Allocation Failure)  471882K->151370K(1034240K), 0.0035281 secs]
165.447: Total time for which application threads were stopped: 0.0036636 seconds, Stopping threads took: 0.0000192 seconds
165.516: [GC (Allocation Failure)  471882K->152330K(1034240K), 0.0038921 secs]
165.520: Total time for which application threads were stopped: 0.0040098 seconds, Stopping threads took: 0.0000157 seconds
165.584: [GC (Allocation Failure)  472842K->159404K(1034240K), 0.0039011 secs]
165.588: Total time for which application threads were stopped: 0.0040337 seconds, Stopping threads took: 0.0000188 seconds
165.656: [GC (Allocation Failure)  479916K->159404K(1034240K), 0.0038539 secs]
165.660: Total time for which application threads were stopped: 0.0040118 seconds, Stopping threads took: 0.0000170 seconds
165.727: [GC (Allocation Failure)  479916K->160548K(1034240K), 0.0040942 secs]
165.731: Total time for which application threads were stopped: 0.0042640 seconds, Stopping threads took: 0.0000193 seconds
165.799: [GC (Allocation Failure)  481060K->167463K(1034240K), 0.0041703 secs]
165.803: Total time for which application threads were stopped: 0.0043350 seconds, Stopping threads took: 0.0000216 seconds
165.870: [GC (Allocation Failure)  487975K->167431K(1034240K), 0.0039540 secs]
165.874: Total time for which application threads were stopped: 0.0041211 seconds, Stopping threads took: 0.0000199 seconds
165.941: [GC (Allocation Failure)  487943K->167759K(1020416K), 0.0041802 secs]
165.945: Total time for which application threads were stopped: 0.0043420 seconds, Stopping threads took: 0.0000194 seconds
166.013: [GC (Allocation Failure)  488271K->175537K(1033728K), 0.0039637 secs]
166.017: Total time for which application threads were stopped: 0.0041373 seconds, Stopping threads took: 0.0000190 seconds
166.086: [GC (Allocation Failure)  495025K->175505K(1033728K), 0.0038545 secs]
166.089: Total time for which application threads were stopped: 0.0040262 seconds, Stopping threads took: 0.0000164 seconds
166.157: [GC (Allocation Failure)  494993K->176009K(1033728K), 0.0038410 secs]
166.161: Total time for which application threads were stopped: 0.0039968 seconds, Stopping threads took: 0.0000279 seconds
166.227: [GC (Allocation Failure)  495497K->183563K(1033728K), 0.0053963 secs]
166.232: Total time for which application threads were stopped: 0.0055531 seconds, Stopping threads took: 0.0000202 seconds
166.298: [GC (Allocation Failure)  503051K->183531K(1033728K), 0.0038659 secs]
166.302: Total time for which application threads were stopped: 0.0040287 seconds, Stopping threads took: 0.0000194 seconds
166.367: [GC (Allocation Failure)  503019K->184235K(1033728K), 0.0039305 secs]
166.371: Total time for which application threads were stopped: 0.0040706 seconds, Stopping threads took: 0.0000193 seconds
166.437: [GC (Allocation Failure)  503723K->191501K(1033728K), 0.0039163 secs]
166.441: Total time for which application threads were stopped: 0.0040605 seconds, Stopping threads took: 0.0000195 seconds
166.505: [GC (Allocation Failure)  510989K->191533K(1033728K), 0.0040134 secs]
166.509: Total time for which application threads were stopped: 0.0041575 seconds, Stopping threads took: 0.0000196 seconds
166.572: [GC (Allocation Failure)  511021K->193549K(1033728K), 0.0063999 secs]
166.579: Total time for which application threads were stopped: 0.0065448 seconds, Stopping threads took: 0.0000190 seconds
166.647: [GC (Allocation Failure)  513037K->199600K(1033728K), 0.0040714 secs]
166.651: Total time for which application threads were stopped: 0.0042464 seconds, Stopping threads took: 0.0000197 seconds
166.717: [GC (Allocation Failure)  519088K->199600K(1033728K), 0.0041381 secs]
166.722: Total time for which application threads were stopped: 0.0043262 seconds, Stopping threads took: 0.0000200 seconds
166.788: [GC (Allocation Failure)  519088K->200680K(1033728K), 0.0039496 secs]
166.792: Total time for which application threads were stopped: 0.0040974 seconds, Stopping threads took: 0.0000204 seconds
166.859: [GC (Allocation Failure)  520168K->207626K(1033728K), 0.0040586 secs]
166.864: Total time for which application threads were stopped: 0.0042670 seconds, Stopping threads took: 0.0000196 seconds
166.931: [GC (Allocation Failure)  527114K->207594K(1033728K), 0.0038361 secs]
166.935: Total time for which application threads were stopped: 0.0040105 seconds, Stopping threads took: 0.0000194 seconds
166.999: [GC (Allocation Failure)  527082K->207946K(1033728K), 0.0040292 secs]
167.003: Total time for which application threads were stopped: 0.0041971 seconds, Stopping threads took: 0.0000201 seconds
167.069: [GC (Allocation Failure)  527434K->215660K(1033728K), 0.0039888 secs]
167.073: Total time for which application threads were stopped: 0.0041653 seconds, Stopping threads took: 0.0000201 seconds
167.141: [GC (Allocation Failure)  535148K->215628K(1033728K), 0.0039478 secs]
167.145: Total time for which application threads were stopped: 0.0040971 seconds, Stopping threads took: 0.0000207 seconds
167.209: [GC (Allocation Failure)  535116K->216164K(1033728K), 0.0040082 secs]
167.213: Total time for which application threads were stopped: 0.0041554 seconds, Stopping threads took: 0.0000200 seconds
167.278: [GC (Allocation Failure)  535652K->223686K(1033728K), 0.0041081 secs]
167.282: Total time for which application threads were stopped: 0.0042626 seconds, Stopping threads took: 0.0000203 seconds
167.347: [GC (Allocation Failure)  543174K->223654K(1033728K), 0.0040653 secs]
167.351: Total time for which application threads were stopped: 0.0042119 seconds, Stopping threads took: 0.0000198 seconds
167.415: [GC (Allocation Failure)  543142K->224390K(1033728K), 0.0041077 secs]
167.419: Total time for which application threads were stopped: 0.0042644 seconds, Stopping threads took: 0.0000255 seconds
167.485: [GC (Allocation Failure)  543878K->231721K(1033728K), 0.0038035 secs]
167.489: Total time for which application threads were stopped: 0.0039586 seconds, Stopping threads took: 0.0000272 seconds
167.554: [GC (Allocation Failure)  551209K->231689K(1033728K), 0.0040998 secs]
167.558: Total time for which application threads were stopped: 0.0042492 seconds, Stopping threads took: 0.0000198 seconds
167.624: [GC (Allocation Failure)  551177K->232617K(1033728K), 0.0048130 secs]
167.629: Total time for which application threads were stopped: 0.0050081 seconds, Stopping threads took: 0.0000253 seconds
167.697: [GC (Allocation Failure)  552105K->239755K(1033728K), 0.0040752 secs]
167.702: Total time for which application threads were stopped: 0.0042447 seconds, Stopping threads took: 0.0000199 seconds
167.769: [GC (Allocation Failure)  559243K->239723K(1033728K), 0.0041619 secs]
167.773: Total time for which application threads were stopped: 0.0043337 seconds, Stopping threads took: 0.0000202 seconds
167.840: [GC (Allocation Failure)  559211K->239851K(1033728K), 0.0041919 secs]
167.844: Total time for which application threads were stopped: 0.0043796 seconds, Stopping threads took: 0.0000197 seconds
167.913: [GC (Allocation Failure)  559339K->247789K(1027072K), 0.0041447 secs]
167.917: Total time for which application threads were stopped: 0.0043227 seconds, Stopping threads took: 0.0000201 seconds
167.981: [GC (Allocation Failure)  567277K->247757K(1033216K), 0.0042104 secs]
167.986: Total time for which application threads were stopped: 0.0043686 seconds, Stopping threads took: 0.0000197 seconds
168.049: [GC (Allocation Failure)  566221K->248069K(1033216K), 0.0039798 secs]
168.053: Total time for which application threads were stopped: 0.0041392 seconds, Stopping threads took: 0.0000253 seconds
168.117: [GC (Allocation Failure)  566533K->255816K(1033216K), 0.0038704 secs]
168.121: Total time for which application threads were stopped: 0.0040050 seconds, Stopping threads took: 0.0000259 seconds
168.182: [GC (Allocation Failure)  574280K->255784K(1033216K), 0.0041130 secs]
168.187: Total time for which application threads were stopped: 0.0042687 seconds, Stopping threads took: 0.0000273 seconds
168.247: [GC (Allocation Failure)  574248K->256328K(1033216K), 0.0040386 secs]
168.251: Total time for which application threads were stopped: 0.0041783 seconds, Stopping threads took: 0.0000213 seconds
168.312: [GC (Allocation Failure)  574792K->263818K(1033216K), 0.0041342 secs]
168.317: Total time for which application threads were stopped: 0.0042555 seconds, Stopping threads took: 0.0000174 seconds
168.381: [GC (Allocation Failure)  582282K->263818K(1033216K), 0.0039004 secs]
168.385: Total time for which application threads were stopped: 0.0040425 seconds, Stopping threads took: 0.0000191 seconds
168.445: [GC (Allocation Failure)  582282K->264010K(1033216K), 0.0041791 secs]
168.450: Total time for which application threads were stopped: 0.0043125 seconds, Stopping threads took: 0.0000194 seconds
168.511: [GC (Allocation Failure)  582474K->271884K(1033216K), 0.0039937 secs]
168.515: Total time for which application threads were stopped: 0.0041215 seconds, Stopping threads took: 0.0000177 seconds
168.576: [GC (Allocation Failure)  590348K->271884K(1033216K), 0.0039469 secs]
168.580: Total time for which application threads were stopped: 0.0040977 seconds, Stopping threads took: 0.0000186 seconds
168.646: [GC (Allocation Failure)  590348K->272012K(1033216K), 0.0040797 secs]
168.650: Total time for which application threads were stopped: 0.0042092 seconds, Stopping threads took: 0.0000166 seconds
168.717: [GC (Allocation Failure)  590476K->279886K(1033216K), 0.0041900 secs]
168.721: Total time for which application threads were stopped: 0.0043415 seconds, Stopping threads took: 0.0000191 seconds
168.787: [GC (Allocation Failure)  598350K->279886K(1033216K), 0.0041676 secs]
168.791: Total time for which application threads were stopped: 0.0043283 seconds, Stopping threads took: 0.0000195 seconds
168.855: [GC (Allocation Failure)  598350K->279942K(1033216K), 0.0041027 secs]
168.859: Total time for which application threads were stopped: 0.0042637 seconds, Stopping threads took: 0.0000193 seconds
168.927: [GC (Allocation Failure)  598406K->287913K(1033216K), 0.0042431 secs]
168.931: Total time for which application threads were stopped: 0.0044059 seconds, Stopping threads took: 0.0000195 seconds
168.997: [GC (Allocation Failure)  606377K->287945K(1033216K), 0.0041392 secs]
169.002: Total time for which application threads were stopped: 0.0042919 seconds, Stopping threads took: 0.0000203 seconds
169.064: [GC (Allocation Failure)  606409K->288169K(1033216K), 0.0041785 secs]
169.069: Total time for which application threads were stopped: 0.0043284 seconds, Stopping threads took: 0.0000200 seconds
169.133: [GC (Allocation Failure)  606633K->295947K(1033216K), 0.0042271 secs]
169.138: Total time for which application threads were stopped: 0.0043932 seconds, Stopping threads took: 0.0000190 seconds
169.205: [GC (Allocation Failure)  614411K->295947K(1033216K), 0.0040199 secs]
169.209: Total time for which application threads were stopped: 0.0041709 seconds, Stopping threads took: 0.0000194 seconds
169.273: [GC (Allocation Failure)  614411K->296203K(1033216K), 0.0041283 secs]
169.277: Total time for which application threads were stopped: 0.0042851 seconds, Stopping threads took: 0.0000201 seconds
169.341: [GC (Allocation Failure)  614667K->303949K(1033216K), 0.0042760 secs]
169.346: Total time for which application threads were stopped: 0.0044263 seconds, Stopping threads took: 0.0000198 seconds
169.409: [GC (Allocation Failure)  622413K->300075K(1033216K), 0.0033077 secs]
169.412: Total time for which application threads were stopped: 0.0034520 seconds, Stopping threads took: 0.0000199 seconds
169.478: [GC (Allocation Failure)  618539K->304141K(1034752K), 0.0042515 secs]
169.482: Total time for which application threads were stopped: 0.0043924 seconds, Stopping threads took: 0.0000201 seconds
169.549: [GC (Allocation Failure)  624653K->308141K(1033728K), 0.0040408 secs]
169.553: Total time for which application threads were stopped: 0.0041856 seconds, Stopping threads took: 0.0000197 seconds
169.619: [GC (Allocation Failure)  628653K->300267K(1034240K), 0.0042508 secs]
169.623: Total time for which application threads were stopped: 0.0044360 seconds, Stopping threads took: 0.0000262 seconds
169.691: [GC (Allocation Failure)  620779K->308173K(1034240K), 0.0042107 secs]
169.695: Total time for which application threads were stopped: 0.0044027 seconds, Stopping threads took: 0.0000186 seconds
169.763: [GC (Allocation Failure)  628685K->312253K(1033216K), 0.0056330 secs]
169.769: Total time for which application threads were stopped: 0.0058175 seconds, Stopping threads took: 0.0000172 seconds
169.837: [GC (Allocation Failure)  631741K->318011K(1032704K), 0.0066875 secs]
169.844: Total time for which application threads were stopped: 0.0068768 seconds, Stopping threads took: 0.0000199 seconds
169.912: [GC (Allocation Failure)  637499K->312509K(1031680K), 0.0043053 secs]
169.916: Total time for which application threads were stopped: 0.0044694 seconds, Stopping threads took: 0.0000200 seconds
169.983: [GC (Allocation Failure)  628925K->312253K(1032192K), 0.0041582 secs]
169.987: Total time for which application threads were stopped: 0.0043306 seconds, Stopping threads took: 0.0000216 seconds
170.051: [GC (Allocation Failure)  628669K->306907K(1032704K), 0.0021329 secs]
170.054: Total time for which application threads were stopped: 0.0022809 seconds, Stopping threads took: 0.0000193 seconds
170.120: [GC (Allocation Failure)  624347K->312445K(1032704K), 0.0042141 secs]
170.124: Total time for which application threads were stopped: 0.0043927 seconds, Stopping threads took: 0.0000278 seconds
170.191: [GC (Allocation Failure)  629885K->312285K(1033216K), 0.0043749 secs]
170.195: Total time for which application threads were stopped: 0.0045420 seconds, Stopping threads took: 0.0000194 seconds
170.261: [GC (Allocation Failure)  630237K->312573K(1032704K), 0.0065996 secs]
170.267: Total time for which application threads were stopped: 0.0067819 seconds, Stopping threads took: 0.0000197 seconds
170.334: [GC (Allocation Failure)  630525K->320319K(1033216K), 0.0043836 secs]
170.339: Total time for which application threads were stopped: 0.0045454 seconds, Stopping threads took: 0.0000191 seconds
170.406: [GC (Allocation Failure)  638783K->320287K(1033216K), 0.0043754 secs]
170.410: Total time for which application threads were stopped: 0.0045798 seconds, Stopping threads took: 0.0000505 seconds
170.475: [GC (Allocation Failure)  638751K->324423K(1033728K), 0.0053093 secs]
170.480: Total time for which application threads were stopped: 0.0054997 seconds, Stopping threads took: 0.0000196 seconds
170.549: [GC (Allocation Failure)  643399K->328394K(1033216K), 0.0040844 secs]
170.553: Total time for which application threads were stopped: 0.0042564 seconds, Stopping threads took: 0.0000200 seconds
170.622: [GC (Allocation Failure)  647370K->328330K(1034240K), 0.0048036 secs]
170.627: Total time for which application threads were stopped: 0.0049933 seconds, Stopping threads took: 0.0000173 seconds
170.692: [GC (Allocation Failure)  648330K->331114K(1033728K), 0.0046376 secs]
170.696: Total time for which application threads were stopped: 0.0048188 seconds, Stopping threads took: 0.0000248 seconds
170.764: [GC (Allocation Failure)  651114K->336396K(1034240K), 0.0044418 secs]
170.769: Total time for which application threads were stopped: 0.0046020 seconds, Stopping threads took: 0.0000201 seconds
170.836: [GC (Allocation Failure)  656908K->336364K(1034240K), 0.0042059 secs]
170.841: Total time for which application threads were stopped: 0.0043681 seconds, Stopping threads took: 0.0000191 seconds
170.910: [GC (Allocation Failure)  656876K->336812K(1034240K), 0.0044428 secs]
170.914: Total time for which application threads were stopped: 0.0046125 seconds, Stopping threads took: 0.0000199 seconds
170.982: [GC (Allocation Failure)  657324K->344430K(1034240K), 0.0043825 secs]
170.987: Total time for which application threads were stopped: 0.0045426 seconds, Stopping threads took: 0.0000198 seconds
171.058: [GC (Allocation Failure)  664942K->344398K(1034240K), 0.0041409 secs]
171.062: Total time for which application threads were stopped: 0.0043137 seconds, Stopping threads took: 0.0000227 seconds
171.129: [GC (Allocation Failure)  664910K->347086K(1034240K), 0.0046935 secs]
171.134: Total time for which application threads were stopped: 0.0048646 seconds, Stopping threads took: 0.0000279 seconds
171.202: [GC (Allocation Failure)  667598K->352496K(1034240K), 0.0041498 secs]
171.207: Total time for which application threads were stopped: 0.0043316 seconds, Stopping threads took: 0.0000195 seconds
171.277: [GC (Allocation Failure)  673008K->352400K(1034240K), 0.0042861 secs]
171.281: Total time for which application threads were stopped: 0.0044505 seconds, Stopping threads took: 0.0000199 seconds
171.349: [GC (Allocation Failure)  672912K->353256K(1033728K), 0.0044263 secs]
171.353: Total time for which application threads were stopped: 0.0045968 seconds, Stopping threads took: 0.0000197 seconds
171.423: [GC (Allocation Failure)  673768K->360555K(1034240K), 0.0042726 secs]
171.427: Total time for which application threads were stopped: 0.0044439 seconds, Stopping threads took: 0.0000225 seconds
171.495: [GC (Allocation Failure)  681067K->360491K(1034240K), 0.0046107 secs]
171.500: Total time for which application threads were stopped: 0.0047789 seconds, Stopping threads took: 0.0000200 seconds
171.567: [GC (Allocation Failure)  681003K->363531K(1034240K), 0.0050632 secs]
171.572: Total time for which application threads were stopped: 0.0052517 seconds, Stopping threads took: 0.0000205 seconds
171.642: [GC (Allocation Failure)  684043K->368557K(1034752K), 0.0041299 secs]
171.646: Total time for which application threads were stopped: 0.0042724 seconds, Stopping threads took: 0.0000173 seconds
171.714: [GC (Allocation Failure)  690093K->368461K(1034752K), 0.0044019 secs]
171.718: Total time for which application threads were stopped: 0.0045904 seconds, Stopping threads took: 0.0000285 seconds
171.784: [GC (Allocation Failure)  689997K->371789K(1034752K), 0.0050890 secs]
171.789: Total time for which application threads were stopped: 0.0052627 seconds, Stopping threads took: 0.0000202 seconds
171.859: [GC (Allocation Failure)  693325K->376527K(1034752K), 0.0046642 secs]
171.864: Total time for which application threads were stopped: 0.0048488 seconds, Stopping threads took: 0.0000196 seconds
171.930: [GC (Allocation Failure)  698063K->376527K(1034752K), 0.0045295 secs]
171.935: Total time for which application threads were stopped: 0.0047194 seconds, Stopping threads took: 0.0000201 seconds
172.001: [GC (Allocation Failure)  698063K->376935K(1034752K), 0.0043892 secs]
172.006: Total time for which application threads were stopped: 0.0045478 seconds, Stopping threads took: 0.0000173 seconds
172.074: [GC (Allocation Failure)  698471K->384554K(1034752K), 0.0043389 secs]
172.079: Total time for which application threads were stopped: 0.0045123 seconds, Stopping threads took: 0.0000199 seconds
172.146: [GC (Allocation Failure)  706090K->384586K(1034752K), 0.0045454 secs]
172.150: Total time for which application threads were stopped: 0.0047035 seconds, Stopping threads took: 0.0000258 seconds
172.216: [GC (Allocation Failure)  706122K->386186K(1034752K), 0.0049521 secs]
172.221: Total time for which application threads were stopped: 0.0051425 seconds, Stopping threads took: 0.0000257 seconds
172.289: [GC (Allocation Failure)  707722K->392620K(1029120K), 0.0043520 secs]
172.293: Total time for which application threads were stopped: 0.0045291 seconds, Stopping threads took: 0.0000263 seconds
172.359: [GC (Allocation Failure)  714156K->392588K(1034752K), 0.0042927 secs]
172.364: Total time for which application threads were stopped: 0.0044881 seconds, Stopping threads took: 0.0000201 seconds
172.433: [GC (Allocation Failure)  713612K->394956K(1034240K), 0.0045760 secs]
172.437: Total time for which application threads were stopped: 0.0047331 seconds, Stopping threads took: 0.0000175 seconds
172.506: [GC (Allocation Failure)  715980K->400686K(1034752K), 0.0045203 secs]
172.510: Total time for which application threads were stopped: 0.0046906 seconds, Stopping threads took: 0.0000197 seconds
172.579: [GC (Allocation Failure)  722222K->400622K(1034752K), 0.0045414 secs]
172.583: Total time for which application threads were stopped: 0.0047428 seconds, Stopping threads took: 0.0000207 seconds
172.651: [GC (Allocation Failure)  722158K->403694K(1034752K), 0.0051993 secs]
172.656: Total time for which application threads were stopped: 0.0053719 seconds, Stopping threads took: 0.0000202 seconds
172.723: [GC (Allocation Failure)  725230K->408720K(1034752K), 0.0045121 secs]
172.728: Total time for which application threads were stopped: 0.0046868 seconds, Stopping threads took: 0.0000217 seconds
172.795: [GC (Allocation Failure)  730256K->408688K(1034752K), 0.0045023 secs]
172.800: Total time for which application threads were stopped: 0.0046735 seconds, Stopping threads took: 0.0000203 seconds
172.865: [GC (Allocation Failure)  730224K->408872K(1021440K), 0.0044129 secs]
172.869: Total time for which application threads were stopped: 0.0045826 seconds, Stopping threads took: 0.0000282 seconds
172.937: [GC (Allocation Failure)  730408K->416683K(1034240K), 0.0044662 secs]
172.942: Total time for which application threads were stopped: 0.0046363 seconds, Stopping threads took: 0.0000192 seconds
173.011: [GC (Allocation Failure)  737195K->416715K(1034240K), 0.0043916 secs]
173.015: Total time for which application threads were stopped: 0.0045569 seconds, Stopping threads took: 0.0000197 seconds
173.081: [GC (Allocation Failure)  737227K->420107K(1034752K), 0.0052198 secs]
173.086: Total time for which application threads were stopped: 0.0053952 seconds, Stopping threads took: 0.0000188 seconds
173.153: [GC (Allocation Failure)  741131K->424813K(1034240K), 0.0044622 secs]
173.158: Total time for which application threads were stopped: 0.0046201 seconds, Stopping threads took: 0.0000250 seconds
173.226: [GC (Allocation Failure)  745837K->424717K(1034752K), 0.0044998 secs]
173.230: Total time for which application threads were stopped: 0.0046713 seconds, Stopping threads took: 0.0000203 seconds
173.299: [GC (Allocation Failure)  746253K->428325K(1034752K), 0.0054518 secs]
173.305: Total time for which application threads were stopped: 0.0056261 seconds, Stopping threads took: 0.0000205 seconds
173.374: [GC (Allocation Failure)  749861K->432807K(1034752K), 0.0045660 secs]
173.379: Total time for which application threads were stopped: 0.0047513 seconds, Stopping threads took: 0.0000208 seconds
173.447: [GC (Allocation Failure)  754343K->432775K(1034752K), 0.0043137 secs]
173.451: Total time for which application threads were stopped: 0.0044980 seconds, Stopping threads took: 0.0000207 seconds
173.518: [GC (Allocation Failure)  754311K->433447K(1034752K), 0.0045296 secs]
173.523: Total time for which application threads were stopped: 0.0046952 seconds, Stopping threads took: 0.0000199 seconds
173.591: [GC (Allocation Failure)  754983K->440841K(1034752K), 0.0046738 secs]
173.595: Total time for which application threads were stopped: 0.0048466 seconds, Stopping threads took: 0.0000206 seconds
173.665: [GC (Allocation Failure)  762377K->440809K(1034752K), 0.0046804 secs]
173.670: Total time for which application threads were stopped: 0.0048403 seconds, Stopping threads took: 0.0000195 seconds
173.735: [GC (Allocation Failure)  762345K->442697K(1034752K), 0.0046283 secs]
173.739: Total time for which application threads were stopped: 0.0047842 seconds, Stopping threads took: 0.0000192 seconds
173.806: [GC (Allocation Failure)  764233K->448844K(1034752K), 0.0043805 secs]
173.811: Total time for which application threads were stopped: 0.0045426 seconds, Stopping threads took: 0.0000199 seconds
173.879: [GC (Allocation Failure)  770380K->448812K(1034752K), 0.0043297 secs]
173.883: Total time for which application threads were stopped: 0.0044905 seconds, Stopping threads took: 0.0000193 seconds
173.949: [GC (Allocation Failure)  770348K->451980K(1034752K), 0.0050120 secs]
173.954: Total time for which application threads were stopped: 0.0051597 seconds, Stopping threads took: 0.0000197 seconds
174.022: [GC (Allocation Failure)  773516K->457006K(1034752K), 0.0046088 secs]
174.027: Total time for which application threads were stopped: 0.0048026 seconds, Stopping threads took: 0.0000194 seconds
174.094: [GC (Allocation Failure)  778542K->456846K(1034752K), 0.0045265 secs]
174.099: Total time for which application threads were stopped: 0.0046687 seconds, Stopping threads took: 0.0000169 seconds
174.163: [GC (Allocation Failure)  778382K->457134K(1034752K), 0.0044502 secs]
174.167: Total time for which application threads were stopped: 0.0046148 seconds, Stopping threads took: 0.0000258 seconds
174.233: [GC (Allocation Failure)  778670K->464944K(1033728K), 0.0045406 secs]
174.237: Total time for which application threads were stopped: 0.0047040 seconds, Stopping threads took: 0.0000206 seconds
174.302: [GC (Allocation Failure)  785456K->464880K(1034240K), 0.0043714 secs]
174.306: Total time for which application threads were stopped: 0.0045113 seconds, Stopping threads took: 0.0000259 seconds
174.371: [GC (Allocation Failure)  785392K->468456K(1034752K), 0.0053471 secs]
174.376: Total time for which application threads were stopped: 0.0054974 seconds, Stopping threads took: 0.0000200 seconds
174.441: [GC (Allocation Failure)  789480K->472906K(1034240K), 0.0044528 secs]
174.446: Total time for which application threads were stopped: 0.0045727 seconds, Stopping threads took: 0.0000174 seconds
174.511: [GC (Allocation Failure)  793930K->472906K(1034752K), 0.0043792 secs]
174.515: Total time for which application threads were stopped: 0.0045141 seconds, Stopping threads took: 0.0000158 seconds
174.580: [GC (Allocation Failure)  794442K->476682K(1034752K), 0.0054021 secs]
174.586: Total time for which application threads were stopped: 0.0056361 seconds, Stopping threads took: 0.0000262 seconds
174.656: [GC (Allocation Failure)  798218K->480973K(1035264K), 0.0047031 secs]
174.661: Total time for which application threads were stopped: 0.0048727 seconds, Stopping threads took: 0.0000205 seconds
174.728: [GC (Allocation Failure)  803533K->480973K(1035264K), 0.0045805 secs]
174.733: Total time for which application threads were stopped: 0.0047387 seconds, Stopping threads took: 0.0000195 seconds
174.801: [GC (Allocation Failure)  803533K->483885K(1035264K), 0.0049892 secs]
174.806: Total time for which application threads were stopped: 0.0051414 seconds, Stopping threads took: 0.0000200 seconds
174.873: [GC (Allocation Failure)  806445K->489007K(1035264K), 0.0044514 secs]
174.877: Total time for which application threads were stopped: 0.0046049 seconds, Stopping threads took: 0.0000196 seconds
174.944: [GC (Allocation Failure)  811567K->489007K(1035264K), 0.0044797 secs]
174.948: Total time for which application threads were stopped: 0.0046528 seconds, Stopping threads took: 0.0000202 seconds
175.014: [GC (Allocation Failure)  811567K->492135K(1035264K), 0.0050916 secs]
175.020: Total time for which application threads were stopped: 0.0052587 seconds, Stopping threads took: 0.0000191 seconds
175.087: [GC (Allocation Failure)  814695K->497129K(1035264K), 0.0044957 secs]
175.092: Total time for which application threads were stopped: 0.0046564 seconds, Stopping threads took: 0.0000169 seconds
175.162: [GC (Allocation Failure)  819689K->497001K(1035264K), 0.0044567 secs]
175.166: Total time for which application threads were stopped: 0.0046224 seconds, Stopping threads took: 0.0000168 seconds
175.234: [GC (Allocation Failure)  819561K->500361K(1035264K), 0.0051878 secs]
175.240: Total time for which application threads were stopped: 0.0053391 seconds, Stopping threads took: 0.0000197 seconds
175.307: [GC (Allocation Failure)  822921K->505100K(1035264K), 0.0047575 secs]
175.312: Total time for which application threads were stopped: 0.0049230 seconds, Stopping threads took: 0.0000197 seconds
175.379: [GC (Allocation Failure)  827660K->505068K(1035264K), 0.0046082 secs]
175.384: Total time for which application threads were stopped: 0.0047592 seconds, Stopping threads took: 0.0000189 seconds
175.452: [GC (Allocation Failure)  827628K->508548K(1035264K), 0.0054656 secs]
175.457: Total time for which application threads were stopped: 0.0056276 seconds, Stopping threads took: 0.0000167 seconds
175.526: [GC (Allocation Failure)  831108K->513062K(1035264K), 0.0044012 secs]
175.531: Total time for which application threads were stopped: 0.0045979 seconds, Stopping threads took: 0.0000200 seconds
175.600: [GC (Allocation Failure)  835622K->513062K(1035264K), 0.0044851 secs]
175.605: Total time for which application threads were stopped: 0.0046713 seconds, Stopping threads took: 0.0000252 seconds
175.673: [GC (Allocation Failure)  835622K->516806K(1035776K), 0.0055293 secs]
175.678: Total time for which application threads were stopped: 0.0057010 seconds, Stopping threads took: 0.0000201 seconds
175.744: [GC (Allocation Failure)  840390K->521320K(1035776K), 0.0046898 secs]
175.749: Total time for which application threads were stopped: 0.0048612 seconds, Stopping threads took: 0.0000200 seconds
175.817: [GC (Allocation Failure)  844904K->521096K(1035776K), 0.0046967 secs]
175.822: Total time for which application threads were stopped: 0.0048927 seconds, Stopping threads took: 0.0000207 seconds
175.889: [GC (Allocation Failure)  844680K->520070K(1035776K), 0.0043329 secs]
175.894: Total time for which application threads were stopped: 0.0045024 seconds, Stopping threads took: 0.0000198 seconds
175.962: [GC (Allocation Failure)  843654K->521256K(1036288K), 0.0045873 secs]
175.966: Total time for which application threads were stopped: 0.0047905 seconds, Stopping threads took: 0.0000201 seconds
176.037: [GC (Allocation Failure)  845864K->521064K(1036288K), 0.0045798 secs]
176.041: Total time for which application threads were stopped: 0.0047320 seconds, Stopping threads took: 0.0000174 seconds
176.109: [GC (Allocation Failure)  845672K->513126K(1035264K), 0.0015764 secs]
176.111: Total time for which application threads were stopped: 0.0017117 seconds, Stopping threads took: 0.0000273 seconds
176.181: [GC (Allocation Failure)  836710K->521192K(1031168K), 0.0046546 secs]
176.186: Total time for which application threads were stopped: 0.0048246 seconds, Stopping threads took: 0.0000194 seconds
176.254: [GC (Allocation Failure)  844776K->525240K(1035776K), 0.0064075 secs]
176.260: Total time for which application threads were stopped: 0.0065803 seconds, Stopping threads took: 0.0000200 seconds
176.325: [GC (Allocation Failure)  848312K->521366K(1035264K), 0.0034734 secs]
176.329: Total time for which application threads were stopped: 0.0036376 seconds, Stopping threads took: 0.0000199 seconds
176.397: [GC (Allocation Failure)  844438K->525400K(1035776K), 0.0047250 secs]
176.402: Total time for which application threads were stopped: 0.0048972 seconds, Stopping threads took: 0.0000195 seconds
176.470: [GC (Allocation Failure)  848984K->529368K(1035776K), 0.0045716 secs]
176.474: Total time for which application threads were stopped: 0.0047318 seconds, Stopping threads took: 0.0000193 seconds
176.542: [GC (Allocation Failure)  852952K->529368K(1035776K), 0.0045347 secs]
176.546: Total time for which application threads were stopped: 0.0047292 seconds, Stopping threads took: 0.0000193 seconds
176.614: [GC (Allocation Failure)  852952K->529720K(1023488K), 0.0068347 secs]
176.621: Total time for which application threads were stopped: 0.0070299 seconds, Stopping threads took: 0.0000156 seconds
176.689: [GC (Allocation Failure)  853304K->537402K(1035264K), 0.0046982 secs]
176.694: Total time for which application threads were stopped: 0.0048520 seconds, Stopping threads took: 0.0000181 seconds
176.763: [GC (Allocation Failure)  859962K->537402K(1035264K), 0.0044706 secs]
176.768: Total time for which application threads were stopped: 0.0046450 seconds, Stopping threads took: 0.0000215 seconds
176.835: [GC (Allocation Failure)  859962K->537922K(1034240K), 0.0045815 secs]
176.840: Total time for which application threads were stopped: 0.0047800 seconds, Stopping threads took: 0.0000208 seconds
176.909: [GC (Allocation Failure)  859458K->545445K(1034752K), 0.0047576 secs]
176.914: Total time for which application threads were stopped: 0.0049162 seconds, Stopping threads took: 0.0000169 seconds
176.982: [GC (Allocation Failure)  866981K->545445K(1034752K), 0.0044892 secs]
176.986: Total time for which application threads were stopped: 0.0046602 seconds, Stopping threads took: 0.0000195 seconds
177.052: [GC (Allocation Failure)  866981K->545613K(1034752K), 0.0048499 secs]
177.057: Total time for which application threads were stopped: 0.0050227 seconds, Stopping threads took: 0.0000203 seconds
177.124: [GC (Allocation Failure)  867149K->553519K(1033728K), 0.0063575 secs]
177.130: Total time for which application threads were stopped: 0.0065250 seconds, Stopping threads took: 0.0000261 seconds
177.199: [GC (Allocation Failure)  874031K->553519K(1034240K), 0.0046581 secs]
177.203: Total time for which application threads were stopped: 0.0048171 seconds, Stopping threads took: 0.0000195 seconds
177.270: [GC (Allocation Failure)  874031K->553607K(1034240K), 0.0047649 secs]
177.275: Total time for which application threads were stopped: 0.0049754 seconds, Stopping threads took: 0.0000198 seconds
177.342: [GC (Allocation Failure)  874119K->561513K(1034240K), 0.0048928 secs]
177.347: Total time for which application threads were stopped: 0.0050551 seconds, Stopping threads took: 0.0000198 seconds
177.413: [GC (Allocation Failure)  882025K->561513K(1034240K), 0.0047484 secs]
177.418: Total time for which application threads were stopped: 0.0049384 seconds, Stopping threads took: 0.0000197 seconds
177.485: [GC (Allocation Failure)  882025K->561577K(1020416K), 0.0047876 secs]
177.490: Total time for which application threads were stopped: 0.0049697 seconds, Stopping threads took: 0.0000219 seconds
177.557: [GC (Allocation Failure)  882089K->569579K(1033728K), 0.0045769 secs]
177.561: Total time for which application threads were stopped: 0.0047509 seconds, Stopping threads took: 0.0000205 seconds
177.629: [GC (Allocation Failure)  889067K->569515K(1033728K), 0.0045588 secs]
177.633: Total time for which application threads were stopped: 0.0047255 seconds, Stopping threads took: 0.0000202 seconds
177.698: [GC (Allocation Failure)  889003K->569803K(1033728K), 0.0048995 secs]
177.703: Total time for which application threads were stopped: 0.0050705 seconds, Stopping threads took: 0.0000199 seconds
177.771: [GC (Allocation Failure)  889291K->577614K(1033728K), 0.0047831 secs]
177.776: Total time for which application threads were stopped: 0.0049685 seconds, Stopping threads took: 0.0000261 seconds
177.843: [GC (Allocation Failure)  897102K->577582K(1033728K), 0.0047240 secs]
177.848: Total time for which application threads were stopped: 0.0048972 seconds, Stopping threads took: 0.0000263 seconds
177.914: [GC (Allocation Failure)  897070K->577798K(1033728K), 0.0048349 secs]
177.919: Total time for which application threads were stopped: 0.0050175 seconds, Stopping threads took: 0.0000208 seconds
177.986: [GC (Allocation Failure)  897286K->585640K(1032704K), 0.0047118 secs]
177.990: Total time for which application threads were stopped: 0.0049084 seconds, Stopping threads took: 0.0000205 seconds
178.059: [GC (Allocation Failure)  904104K->581702K(1033216K), 0.0036104 secs]
178.063: Total time for which application threads were stopped: 0.0037667 seconds, Stopping threads took: 0.0000173 seconds
178.130: [GC (Allocation Failure)  900166K->585768K(1034752K), 0.0047353 secs]
178.135: Total time for which application threads were stopped: 0.0049118 seconds, Stopping threads took: 0.0000336 seconds
178.204: [GC (Allocation Failure)  906792K->589768K(1034240K), 0.0047065 secs]
178.209: Total time for which application threads were stopped: 0.0049057 seconds, Stopping threads took: 0.0000261 seconds
178.276: [GC (Allocation Failure)  910792K->582950K(1034752K), 0.0021894 secs]
178.278: Total time for which application threads were stopped: 0.0023323 seconds, Stopping threads took: 0.0000194 seconds
178.347: [GC (Allocation Failure)  904486K->589768K(1034752K), 0.0046469 secs]
178.352: Total time for which application threads were stopped: 0.0048216 seconds, Stopping threads took: 0.0000198 seconds
178.420: [GC (Allocation Failure)  911304K->593880K(1034752K), 0.0055640 secs]
178.426: Total time for which application threads were stopped: 0.0057313 seconds, Stopping threads took: 0.0000210 seconds
178.493: [GC (Allocation Failure)  915416K->588310K(1034752K), 0.0029734 secs]
178.496: Total time for which application threads were stopped: 0.0031287 seconds, Stopping threads took: 0.0000204 seconds
178.564: [GC (Allocation Failure)  909846K->594144K(1035776K), 0.0046871 secs]
178.569: Total time for which application threads were stopped: 0.0048524 seconds, Stopping threads took: 0.0000197 seconds
178.638: [GC (Allocation Failure)  916704K->598016K(1034752K), 0.0051250 secs]
178.644: Total time for which application threads were stopped: 0.0053306 seconds, Stopping threads took: 0.0000255 seconds
178.711: [GC (Allocation Failure)  920576K->594142K(1035776K), 0.0038620 secs]
178.715: Total time for which application threads were stopped: 0.0040492 seconds, Stopping threads took: 0.0000203 seconds
178.783: [GC (Allocation Failure)  917214K->598184K(1035264K), 0.0051081 secs]
178.788: Total time for which application threads were stopped: 0.0052892 seconds, Stopping threads took: 0.0000215 seconds
178.856: [GC (Allocation Failure)  921256K->602184K(1035264K), 0.0046854 secs]
178.861: Total time for which application threads were stopped: 0.0048557 seconds, Stopping threads took: 0.0000201 seconds
178.929: [GC (Allocation Failure)  925768K->602152K(1035776K), 0.0047445 secs]
178.934: Total time for which application threads were stopped: 0.0049361 seconds, Stopping threads took: 0.0000195 seconds
179.000: [GC (Allocation Failure)  925736K->602216K(1034752K), 0.0047209 secs]
179.005: Total time for which application threads were stopped: 0.0048812 seconds, Stopping threads took: 0.0000194 seconds
179.072: [GC (Allocation Failure)  924776K->610218K(1035264K), 0.0048463 secs]
179.077: Total time for which application threads were stopped: 0.0050153 seconds, Stopping threads took: 0.0000196 seconds
179.144: [GC (Allocation Failure)  932778K->610218K(1034240K), 0.0046678 secs]
179.149: Total time for which application threads were stopped: 0.0048378 seconds, Stopping threads took: 0.0000278 seconds
179.216: [GC (Allocation Failure)  931754K->610250K(1034752K), 0.0048403 secs]
179.220: Total time for which application threads were stopped: 0.0050177 seconds, Stopping threads took: 0.0000190 seconds
179.288: [GC (Allocation Failure)  931786K->618252K(1034752K), 0.0049677 secs]
179.293: Total time for which application threads were stopped: 0.0051508 seconds, Stopping threads took: 0.0000197 seconds
179.360: [GC (Allocation Failure)  939788K->618220K(1029120K), 0.0047419 secs]
179.365: Total time for which application threads were stopped: 0.0049109 seconds, Stopping threads took: 0.0000192 seconds
179.431: [GC (Allocation Failure)  939756K->618468K(1034240K), 0.0051110 secs]
179.436: Total time for which application threads were stopped: 0.0052682 seconds, Stopping threads took: 0.0000196 seconds
179.504: [GC (Allocation Failure)  938980K->626247K(1034240K), 0.0047075 secs]
179.509: Total time for which application threads were stopped: 0.0049012 seconds, Stopping threads took: 0.0000198 seconds
179.577: [GC (Allocation Failure)  946759K->626247K(1034240K), 0.0049086 secs]
179.582: Total time for which application threads were stopped: 0.0050662 seconds, Stopping threads took: 0.0000170 seconds
179.650: [GC (Allocation Failure)  946759K->626695K(1020416K), 0.0049406 secs]
179.655: Total time for which application threads were stopped: 0.0051129 seconds, Stopping threads took: 0.0000202 seconds
179.722: [GC (Allocation Failure)  947207K->634281K(1033728K), 0.0049516 secs]
179.727: Total time for which application threads were stopped: 0.0051267 seconds, Stopping threads took: 0.0000206 seconds
179.793: [GC (Allocation Failure)  953769K->634313K(1033728K), 0.0065596 secs]
179.800: Total time for which application threads were stopped: 0.0067326 seconds, Stopping threads took: 0.0000257 seconds
179.867: [GC (Allocation Failure)  953801K->634409K(1033728K), 0.0049928 secs]
179.872: Total time for which application threads were stopped: 0.0051923 seconds, Stopping threads took: 0.0000219 seconds
179.942: [GC (Allocation Failure)  953897K->642379K(1033728K), 0.0045872 secs]
179.946: Total time for which application threads were stopped: 0.0047406 seconds, Stopping threads took: 0.0000175 seconds
180.014: [GC (Allocation Failure)  961867K->642315K(1033728K), 0.0047898 secs]
180.019: Total time for which application threads were stopped: 0.0049573 seconds, Stopping threads took: 0.0000192 seconds
180.086: [GC (Allocation Failure)  961803K->642379K(1033728K), 0.0048027 secs]
180.091: Total time for which application threads were stopped: 0.0049715 seconds, Stopping threads took: 0.0000197 seconds
180.159: [GC (Allocation Failure)  961867K->650350K(1032704K), 0.0051088 secs]
180.164: Total time for which application threads were stopped: 0.0052846 seconds, Stopping threads took: 0.0000256 seconds
180.231: [GC (Allocation Failure)  968814K->644779K(1033216K), 0.0030773 secs]
180.234: Total time for which application threads were stopped: 0.0032325 seconds, Stopping threads took: 0.0000200 seconds
180.302: [GC (Allocation Failure)  963243K->650614K(1034752K), 0.0050033 secs]
180.307: Total time for which application threads were stopped: 0.0051795 seconds, Stopping threads took: 0.0000221 seconds
180.375: [GC (Allocation Failure)  971126K->654494K(1033728K), 0.0047444 secs]
180.379: Total time for which application threads were stopped: 0.0049381 seconds, Stopping threads took: 0.0000199 seconds
180.448: [GC (Allocation Failure)  975006K->661387K(1029120K), 0.0077505 secs]
180.456: Total time for which application threads were stopped: 0.0079176 seconds, Stopping threads took: 0.0000188 seconds
180.522: [GC (Allocation Failure)  976779K->655310K(1031680K), 0.0047562 secs]
180.527: Total time for which application threads were stopped: 0.0049501 seconds, Stopping threads took: 0.0000192 seconds
180.593: [GC (Allocation Failure)  970702K->655150K(1032704K), 0.0050024 secs]
180.598: Total time for which application threads were stopped: 0.0051974 seconds, Stopping threads took: 0.0000200 seconds
180.665: [GC (Allocation Failure)  972078K->658510K(1032192K), 0.0057553 secs]
180.671: Total time for which application threads were stopped: 0.0059280 seconds, Stopping threads took: 0.0000201 seconds
180.738: [GC (Allocation Failure)  975438K->663280K(1033216K), 0.0047618 secs]
180.743: Total time for which application threads were stopped: 0.0049387 seconds, Stopping threads took: 0.0000201 seconds
180.813: [GC (Allocation Failure)  981232K->663120K(1032704K), 0.0048993 secs]
180.818: Total time for which application threads were stopped: 0.0050837 seconds, Stopping threads took: 0.0000208 seconds
180.886: [GC (Allocation Failure)  981072K->664168K(1033216K), 0.0048341 secs]
180.891: Total time for which application threads were stopped: 0.0049958 seconds, Stopping threads took: 0.0000201 seconds
180.958: [GC (Allocation Failure)  982632K->671210K(1033216K), 0.0047632 secs]
180.963: Total time for which application threads were stopped: 0.0049331 seconds, Stopping threads took: 0.0000199 seconds
181.032: [GC (Allocation Failure)  989674K->671178K(1033728K), 0.0048565 secs]
181.036: Total time for which application threads were stopped: 0.0050239 seconds, Stopping threads took: 0.0000192 seconds
181.103: [GC (Allocation Failure)  990154K->672874K(1033216K), 0.0062281 secs]
181.109: Total time for which application threads were stopped: 0.0064032 seconds, Stopping threads took: 0.0000200 seconds
181.176: [GC (Allocation Failure)  991850K->679276K(1033728K), 0.0048675 secs]
181.181: Total time for which application threads were stopped: 0.0050445 seconds, Stopping threads took: 0.0000279 seconds
181.248: [GC (Allocation Failure)  998764K->679212K(1033728K), 0.0050375 secs]
181.253: Total time for which application threads were stopped: 0.0051903 seconds, Stopping threads took: 0.0000200 seconds
181.318: [GC (Allocation Failure)  998700K->679564K(1033728K), 0.0050073 secs]
181.323: Total time for which application threads were stopped: 0.0051735 seconds, Stopping threads took: 0.0000280 seconds
181.389: [GC (Allocation Failure)  999052K->687279K(1033728K), 0.0050984 secs]
181.395: Total time for which application threads were stopped: 0.0052617 seconds, Stopping threads took: 0.0000201 seconds
181.462: [GC (Allocation Failure)  1006767K->687215K(1033728K), 0.0056641 secs]
181.468: Total time for which application threads were stopped: 0.0058294 seconds, Stopping threads took: 0.0000205 seconds
181.534: [GC (Allocation Failure)  1006703K->690887K(1033728K), 0.0057029 secs]
181.540: [Full GC (Ergonomics)  690887K->12090K(1033728K), 0.0176770 secs]
181.558: Total time for which application threads were stopped: 0.0236775 seconds, Stopping threads took: 0.0000203 seconds
181.627: [GC (Allocation Failure)  331578K->20732K(1034240K), 0.0041995 secs]
181.632: Total time for which application threads were stopped: 0.0043575 seconds, Stopping threads took: 0.0000190 seconds
181.698: [GC (Allocation Failure)  341244K->20692K(1034240K), 0.0036507 secs]
181.702: Total time for which application threads were stopped: 0.0038081 seconds, Stopping threads took: 0.0000190 seconds
181.768: [GC (Allocation Failure)  341204K->21452K(1034240K), 0.0039272 secs]
181.772: Total time for which application threads were stopped: 0.0040922 seconds, Stopping threads took: 0.0000189 seconds
181.843: [GC (Allocation Failure)  341964K->28718K(1034240K), 0.0037908 secs]
181.847: Total time for which application threads were stopped: 0.0039609 seconds, Stopping threads took: 0.0000204 seconds
181.914: [GC (Allocation Failure)  349230K->28718K(1034240K), 0.0035210 secs]
181.917: Total time for which application threads were stopped: 0.0036524 seconds, Stopping threads took: 0.0000195 seconds
181.981: [GC (Allocation Failure)  349230K->29638K(1034240K), 0.0038172 secs]
181.985: Total time for which application threads were stopped: 0.0039456 seconds, Stopping threads took: 0.0000197 seconds
182.051: [GC (Allocation Failure)  350150K->36777K(1034240K), 0.0037264 secs]
182.054: Total time for which application threads were stopped: 0.0038664 seconds, Stopping threads took: 0.0000196 seconds
182.120: [GC (Allocation Failure)  357289K->36777K(1034240K), 0.0036919 secs]
182.124: Total time for which application threads were stopped: 0.0038352 seconds, Stopping threads took: 0.0000197 seconds
182.190: [GC (Allocation Failure)  357289K->37865K(1034240K), 0.0037454 secs]
182.194: Total time for which application threads were stopped: 0.0039047 seconds, Stopping threads took: 0.0000278 seconds
182.262: [GC (Allocation Failure)  358377K->44779K(1034240K), 0.0037924 secs]
182.266: Total time for which application threads were stopped: 0.0039471 seconds, Stopping threads took: 0.0000192 seconds
182.334: [GC (Allocation Failure)  365291K->44779K(1034240K), 0.0037970 secs]
182.338: Total time for which application threads were stopped: 0.0039939 seconds, Stopping threads took: 0.0000203 seconds
182.404: [GC (Allocation Failure)  365291K->45131K(1020416K), 0.0037353 secs]
182.408: Total time for which application threads were stopped: 0.0038835 seconds, Stopping threads took: 0.0000195 seconds
182.476: [GC (Allocation Failure)  365643K->52845K(1033728K), 0.0038889 secs]
182.480: Total time for which application threads were stopped: 0.0040717 seconds, Stopping threads took: 0.0000225 seconds
182.547: [GC (Allocation Failure)  372333K->52845K(1033728K), 0.0038110 secs]
182.551: Total time for which application threads were stopped: 0.0039788 seconds, Stopping threads took: 0.0000196 seconds
182.616: [GC (Allocation Failure)  372333K->53325K(1033728K), 0.0046762 secs]
182.621: Total time for which application threads were stopped: 0.0048606 seconds, Stopping threads took: 0.0000170 seconds
182.688: [GC (Allocation Failure)  372813K->60911K(1033728K), 0.0039473 secs]
182.692: Total time for which application threads were stopped: 0.0041088 seconds, Stopping threads took: 0.0000197 seconds
182.759: [GC (Allocation Failure)  380399K->60847K(1033728K), 0.0037303 secs]
182.763: Total time for which application threads were stopped: 0.0038979 seconds, Stopping threads took: 0.0000194 seconds
182.829: [GC (Allocation Failure)  380335K->61575K(1033728K), 0.0038700 secs]
182.832: Total time for which application threads were stopped: 0.0040289 seconds, Stopping threads took: 0.0000196 seconds
182.900: [GC (Allocation Failure)  381063K->68874K(1033728K), 0.0036777 secs]
182.904: Total time for which application threads were stopped: 0.0038403 seconds, Stopping threads took: 0.0000197 seconds
182.970: [GC (Allocation Failure)  388362K->68874K(1033728K), 0.0039174 secs]
182.974: Total time for which application threads were stopped: 0.0040840 seconds, Stopping threads took: 0.0000199 seconds
183.038: [GC (Allocation Failure)  388362K->70890K(1033728K), 0.0041041 secs]
183.042: Total time for which application threads were stopped: 0.0042507 seconds, Stopping threads took: 0.0000205 seconds
183.109: [GC (Allocation Failure)  390378K->76908K(1033728K), 0.0037939 secs]
183.113: Total time for which application threads were stopped: 0.0039464 seconds, Stopping threads took: 0.0000198 seconds
183.178: [GC (Allocation Failure)  396396K->76908K(1033728K), 0.0035253 secs]
183.181: Total time for which application threads were stopped: 0.0036836 seconds, Stopping threads took: 0.0000281 seconds
183.246: [GC (Allocation Failure)  396396K->78028K(1033728K), 0.0036794 secs]
183.249: Total time for which application threads were stopped: 0.0038094 seconds, Stopping threads took: 0.0000279 seconds
183.316: [GC (Allocation Failure)  397516K->84974K(1033728K), 0.0037089 secs]
183.320: Total time for which application threads were stopped: 0.0038641 seconds, Stopping threads took: 0.0000201 seconds
183.387: [GC (Allocation Failure)  404462K->84942K(1033728K), 0.0036185 secs]
183.390: Total time for which application threads were stopped: 0.0037530 seconds, Stopping threads took: 0.0000169 seconds
183.454: [GC (Allocation Failure)  404430K->85286K(1033728K), 0.0038152 secs]
183.458: Total time for which application threads were stopped: 0.0039592 seconds, Stopping threads took: 0.0000194 seconds
183.524: [GC (Allocation Failure)  404774K->92968K(1033728K), 0.0036938 secs]
183.528: Total time for which application threads were stopped: 0.0038441 seconds, Stopping threads took: 0.0000204 seconds
183.594: [GC (Allocation Failure)  412456K->93000K(1033728K), 0.0064472 secs]
183.601: Total time for which application threads were stopped: 0.0065767 seconds, Stopping threads took: 0.0000169 seconds
183.667: [GC (Allocation Failure)  412488K->93512K(1033728K), 0.0038592 secs]
183.671: Total time for which application threads were stopped: 0.0040114 seconds, Stopping threads took: 0.0000200 seconds
183.738: [GC (Allocation Failure)  413000K->101035K(1033728K), 0.0039747 secs]
183.742: Total time for which application threads were stopped: 0.0041421 seconds, Stopping threads took: 0.0000204 seconds
183.807: [GC (Allocation Failure)  420523K->101003K(1033728K), 0.0037699 secs]
183.811: Total time for which application threads were stopped: 0.0039189 seconds, Stopping threads took: 0.0000207 seconds
183.877: [GC (Allocation Failure)  420491K->101739K(1033728K), 0.0039226 secs]
183.881: Total time for which application threads were stopped: 0.0040578 seconds, Stopping threads took: 0.0000205 seconds
183.947: [GC (Allocation Failure)  421227K->109037K(1033728K), 0.0037128 secs]
183.950: Total time for which application threads were stopped: 0.0038814 seconds, Stopping threads took: 0.0000211 seconds
184.018: [GC (Allocation Failure)  428525K->109069K(1033728K), 0.0038673 secs]
184.021: Total time for which application threads were stopped: 0.0040318 seconds, Stopping threads took: 0.0000201 seconds
184.085: [GC (Allocation Failure)  428557K->109965K(1033728K), 0.0039025 secs]
184.089: Total time for which application threads were stopped: 0.0040669 seconds, Stopping threads took: 0.0000199 seconds
184.157: [GC (Allocation Failure)  429453K->117071K(1033728K), 0.0038254 secs]
184.161: Total time for which application threads were stopped: 0.0039901 seconds, Stopping threads took: 0.0000262 seconds
184.226: [GC (Allocation Failure)  436559K->117071K(1033728K), 0.0037838 secs]
184.230: Total time for which application threads were stopped: 0.0040578 seconds, Stopping threads took: 0.0000209 seconds
184.295: [GC (Allocation Failure)  436559K->117159K(1033728K), 0.0037347 secs]
184.299: Total time for which application threads were stopped: 0.0038671 seconds, Stopping threads took: 0.0000195 seconds
184.363: [GC (Allocation Failure)  436647K->125098K(1027072K), 0.0038402 secs]
184.367: Total time for which application threads were stopped: 0.0039766 seconds, Stopping threads took: 0.0000184 seconds
184.430: [GC (Allocation Failure)  444586K->125066K(1033216K), 0.0038590 secs]
184.434: Total time for which application threads were stopped: 0.0039966 seconds, Stopping threads took: 0.0000267 seconds
184.496: [GC (Allocation Failure)  443530K->125418K(1033216K), 0.0039269 secs]
184.500: Total time for which application threads were stopped: 0.0040654 seconds, Stopping threads took: 0.0000261 seconds
184.562: [GC (Allocation Failure)  443882K->133132K(1033216K), 0.0036586 secs]
184.566: Total time for which application threads were stopped: 0.0037854 seconds, Stopping threads took: 0.0000174 seconds
184.629: [GC (Allocation Failure)  451596K->133132K(1033216K), 0.0055885 secs]
184.634: Total time for which application threads were stopped: 0.0057175 seconds, Stopping threads took: 0.0000243 seconds
184.697: [GC (Allocation Failure)  451596K->133668K(1033216K), 0.0038368 secs]
184.700: Total time for which application threads were stopped: 0.0039578 seconds, Stopping threads took: 0.0000165 seconds
184.763: [GC (Allocation Failure)  452132K->141158K(1033216K), 0.0037934 secs]
184.767: Total time for which application threads were stopped: 0.0039264 seconds, Stopping threads took: 0.0000191 seconds
184.832: [GC (Allocation Failure)  459622K->141158K(1033216K), 0.0038411 secs]
184.836: Total time for which application threads were stopped: 0.0039839 seconds, Stopping threads took: 0.0000203 seconds
184.898: [GC (Allocation Failure)  459622K->141350K(1033216K), 0.0038878 secs]
184.902: Total time for which application threads were stopped: 0.0040210 seconds, Stopping threads took: 0.0000194 seconds
184.964: [GC (Allocation Failure)  459814K->149224K(1033216K), 0.0036960 secs]
184.967: Total time for which application threads were stopped: 0.0038405 seconds, Stopping threads took: 0.0000232 seconds
185.029: [GC (Allocation Failure)  467688K->149224K(1033216K), 0.0036915 secs]
185.033: Total time for which application threads were stopped: 0.0038251 seconds, Stopping threads took: 0.0000191 seconds
185.097: [GC (Allocation Failure)  467688K->149352K(1033216K), 0.0037816 secs]
185.101: Total time for which application threads were stopped: 0.0039255 seconds, Stopping threads took: 0.0000183 seconds
185.164: [GC (Allocation Failure)  467816K->157227K(1033216K), 0.0038290 secs]
185.168: Total time for which application threads were stopped: 0.0039553 seconds, Stopping threads took: 0.0000185 seconds
185.229: [GC (Allocation Failure)  475691K->157227K(1033216K), 0.0038801 secs]
185.233: Total time for which application threads were stopped: 0.0040269 seconds, Stopping threads took: 0.0000269 seconds
185.295: [GC (Allocation Failure)  475691K->157291K(1033216K), 0.0039468 secs]
185.299: Total time for which application threads were stopped: 0.0040840 seconds, Stopping threads took: 0.0000179 seconds
185.362: [GC (Allocation Failure)  475755K->165325K(1033216K), 0.0039021 secs]
185.366: Total time for which application threads were stopped: 0.0040273 seconds, Stopping threads took: 0.0000171 seconds
185.429: [GC (Allocation Failure)  483789K->165261K(1033216K), 0.0036733 secs]
185.433: Total time for which application threads were stopped: 0.0038049 seconds, Stopping threads took: 0.0000182 seconds
185.494: [GC (Allocation Failure)  483725K->165549K(1033216K), 0.0038803 secs]
185.498: Total time for which application threads were stopped: 0.0040290 seconds, Stopping threads took: 0.0000237 seconds
185.561: [GC (Allocation Failure)  484013K->173295K(1033216K), 0.0038066 secs]
185.565: Total time for which application threads were stopped: 0.0039240 seconds, Stopping threads took: 0.0000147 seconds
185.631: [GC (Allocation Failure)  491759K->173295K(1033216K), 0.0043745 secs]
185.636: Total time for which application threads were stopped: 0.0045106 seconds, Stopping threads took: 0.0000254 seconds
185.698: [GC (Allocation Failure)  491759K->173543K(1033216K), 0.0038594 secs]
185.702: Total time for which application threads were stopped: 0.0040088 seconds, Stopping threads took: 0.0000241 seconds
185.764: [GC (Allocation Failure)  492007K->181321K(1033216K), 0.0037968 secs]
185.768: Total time for which application threads were stopped: 0.0039325 seconds, Stopping threads took: 0.0000263 seconds
185.830: [GC (Allocation Failure)  499785K->177447K(1033216K), 0.0031123 secs]
185.834: Total time for which application threads were stopped: 0.0032598 seconds, Stopping threads took: 0.0000182 seconds
185.896: [GC (Allocation Failure)  495911K->181449K(1034752K), 0.0041230 secs]
185.900: Total time for which application threads were stopped: 0.0042692 seconds, Stopping threads took: 0.0000190 seconds
185.966: [GC (Allocation Failure)  501961K->185417K(1033728K), 0.0038398 secs]
185.970: Total time for which application threads were stopped: 0.0039787 seconds, Stopping threads took: 0.0000233 seconds
186.033: [GC (Allocation Failure)  505929K->177607K(1034240K), 0.0008840 secs]
186.034: Total time for which application threads were stopped: 0.0010092 seconds, Stopping threads took: 0.0000185 seconds
186.097: [GC (Allocation Failure)  498119K->185513K(1034240K), 0.0038044 secs]
186.101: Total time for which application threads were stopped: 0.0039323 seconds, Stopping threads took: 0.0000184 seconds
186.166: [GC (Allocation Failure)  506025K->189593K(1033216K), 0.0054283 secs]
186.171: Total time for which application threads were stopped: 0.0055579 seconds, Stopping threads took: 0.0000181 seconds
186.236: [GC (Allocation Failure)  509081K->195319K(1032704K), 0.0124497 secs]
186.248: Total time for which application threads were stopped: 0.0126157 seconds, Stopping threads took: 0.0000378 seconds
186.312: [GC (Allocation Failure)  514807K->189849K(1031680K), 0.0039503 secs]
186.316: Total time for which application threads were stopped: 0.0040800 seconds, Stopping threads took: 0.0000186 seconds
186.379: [GC (Allocation Failure)  506265K->189593K(1032192K), 0.0039354 secs]
186.383: Total time for which application threads were stopped: 0.0040657 seconds, Stopping threads took: 0.0000177 seconds
186.443: [GC (Allocation Failure)  506009K->184247K(1032704K), 0.0018170 secs]
186.445: Total time for which application threads were stopped: 0.0019668 seconds, Stopping threads took: 0.0000186 seconds
186.509: [GC (Allocation Failure)  501687K->189785K(1032704K), 0.0038855 secs]
186.513: Total time for which application threads were stopped: 0.0040131 seconds, Stopping threads took: 0.0000165 seconds
186.578: [GC (Allocation Failure)  507225K->189625K(1033216K), 0.0039041 secs]
186.582: Total time for which application threads were stopped: 0.0040344 seconds, Stopping threads took: 0.0000253 seconds
186.648: [GC (Allocation Failure)  507577K->189945K(1032704K), 0.0040175 secs]
186.652: Total time for which application threads were stopped: 0.0041694 seconds, Stopping threads took: 0.0000200 seconds
186.720: [GC (Allocation Failure)  507897K->197596K(1033216K), 0.0041142 secs]
186.724: Total time for which application threads were stopped: 0.0042899 seconds, Stopping threads took: 0.0000193 seconds
186.792: [GC (Allocation Failure)  516060K->197628K(1033216K), 0.0064749 secs]
186.799: Total time for which application threads were stopped: 0.0065948 seconds, Stopping threads took: 0.0000172 seconds
186.861: [GC (Allocation Failure)  516092K->201764K(1033728K), 0.0052774 secs]
186.866: Total time for which application threads were stopped: 0.0054201 seconds, Stopping threads took: 0.0000199 seconds
186.930: [GC (Allocation Failure)  520740K->205766K(1033216K), 0.0037278 secs]
186.934: Total time for which application threads were stopped: 0.0038700 seconds, Stopping threads took: 0.0000259 seconds
186.999: [GC (Allocation Failure)  524742K->205670K(1034240K), 0.0039454 secs]
187.003: Total time for which application threads were stopped: 0.0040770 seconds, Stopping threads took: 0.0000192 seconds
187.064: [GC (Allocation Failure)  525670K->208462K(1033728K), 0.0046599 secs]
187.068: Total time for which application threads were stopped: 0.0047948 seconds, Stopping threads took: 0.0000194 seconds
187.133: [GC (Allocation Failure)  528462K->213744K(1034240K), 0.0039551 secs]
187.137: Total time for which application threads were stopped: 0.0040953 seconds, Stopping threads took: 0.0000256 seconds
187.200: [GC (Allocation Failure)  534256K->213712K(1034240K), 0.0037870 secs]
187.204: Total time for which application threads were stopped: 0.0039650 seconds, Stopping threads took: 0.0000287 seconds
187.266: [GC (Allocation Failure)  534224K->214152K(1034240K), 0.0040527 secs]
187.271: Total time for which application threads were stopped: 0.0041868 seconds, Stopping threads took: 0.0000202 seconds
187.335: [GC (Allocation Failure)  534664K->221738K(1034240K), 0.0040552 secs]
187.339: Total time for which application threads were stopped: 0.0041865 seconds, Stopping threads took: 0.0000188 seconds
187.403: [GC (Allocation Failure)  542250K->221770K(1034240K), 0.0038286 secs]
187.406: Total time for which application threads were stopped: 0.0039740 seconds, Stopping threads took: 0.0000189 seconds
187.470: [GC (Allocation Failure)  542282K->224458K(1034240K), 0.0043588 secs]
187.475: Total time for which application threads were stopped: 0.0044858 seconds, Stopping threads took: 0.0000186 seconds
187.539: [GC (Allocation Failure)  544970K->229805K(1034240K), 0.0039487 secs]
187.543: Total time for which application threads were stopped: 0.0040949 seconds, Stopping threads took: 0.0000250 seconds
187.608: [GC (Allocation Failure)  550317K->229741K(1034240K), 0.0048494 secs]
187.613: Total time for which application threads were stopped: 0.0049901 seconds, Stopping threads took: 0.0000240 seconds
187.679: [GC (Allocation Failure)  550253K->230629K(1033728K), 0.0043140 secs]
187.684: Total time for which application threads were stopped: 0.0044893 seconds, Stopping threads took: 0.0000205 seconds
187.751: [GC (Allocation Failure)  551141K->237927K(1034240K), 0.0038855 secs]
187.755: Total time for which application threads were stopped: 0.0040263 seconds, Stopping threads took: 0.0000170 seconds
187.823: [GC (Allocation Failure)  558439K->237831K(1034240K), 0.0042952 secs]
187.827: Total time for which application threads were stopped: 0.0044649 seconds, Stopping threads took: 0.0000196 seconds
187.895: [GC (Allocation Failure)  558343K->240903K(1034240K), 0.0046144 secs]
187.900: Total time for which application threads were stopped: 0.0047614 seconds, Stopping threads took: 0.0000198 seconds
187.967: [GC (Allocation Failure)  561415K->245929K(1034752K), 0.0039402 secs]
187.971: Total time for which application threads were stopped: 0.0040869 seconds, Stopping threads took: 0.0000192 seconds
188.040: [GC (Allocation Failure)  567465K->245833K(1034752K), 0.0039127 secs]
188.044: Total time for which application threads were stopped: 0.0040630 seconds, Stopping threads took: 0.0000196 seconds
188.109: [GC (Allocation Failure)  567369K->249129K(1034752K), 0.0047930 secs]
188.113: Total time for which application threads were stopped: 0.0049408 seconds, Stopping threads took: 0.0000197 seconds
188.181: [GC (Allocation Failure)  570665K->253868K(1034752K), 0.0041021 secs]
188.185: Total time for which application threads were stopped: 0.0042460 seconds, Stopping threads took: 0.0000252 seconds
188.250: [GC (Allocation Failure)  575404K->253836K(1034752K), 0.0041901 secs]
188.255: Total time for which application threads were stopped: 0.0043534 seconds, Stopping threads took: 0.0000197 seconds
188.317: [GC (Allocation Failure)  575372K->254316K(1034752K), 0.0041094 secs]
188.322: Total time for which application threads were stopped: 0.0042726 seconds, Stopping threads took: 0.0000205 seconds
188.390: [GC (Allocation Failure)  575852K->261902K(1034752K), 0.0042062 secs]
188.394: Total time for which application threads were stopped: 0.0043613 seconds, Stopping threads took: 0.0000194 seconds
188.461: [GC (Allocation Failure)  583438K->261934K(1034752K), 0.0042657 secs]
188.465: Total time for which application threads were stopped: 0.0044146 seconds, Stopping threads took: 0.0000194 seconds
188.528: [GC (Allocation Failure)  583470K->263566K(1034752K), 0.0044212 secs]
188.532: Total time for which application threads were stopped: 0.0045824 seconds, Stopping threads took: 0.0000199 seconds
188.598: [GC (Allocation Failure)  585102K->269968K(1029120K), 0.0054874 secs]
188.604: Total time for which application threads were stopped: 0.0056467 seconds, Stopping threads took: 0.0000199 seconds
188.672: [GC (Allocation Failure)  591504K->269936K(1034752K), 0.0041769 secs]
188.676: Total time for which application threads were stopped: 0.0043170 seconds, Stopping threads took: 0.0000171 seconds
188.745: [GC (Allocation Failure)  590960K->272296K(1034240K), 0.0044695 secs]
188.750: Total time for which application threads were stopped: 0.0046512 seconds, Stopping threads took: 0.0000195 seconds
188.819: [GC (Allocation Failure)  593320K->278026K(1034752K), 0.0042786 secs]
188.824: Total time for which application threads were stopped: 0.0044509 seconds, Stopping threads took: 0.0000203 seconds
188.892: [GC (Allocation Failure)  599562K->277962K(1034752K), 0.0043262 secs]
188.896: Total time for which application threads were stopped: 0.0045064 seconds, Stopping threads took: 0.0000346 seconds
188.961: [GC (Allocation Failure)  599498K->281002K(1034752K), 0.0049428 secs]
188.966: Total time for which application threads were stopped: 0.0051227 seconds, Stopping threads took: 0.0000222 seconds
189.032: [GC (Allocation Failure)  602538K->286029K(1034752K), 0.0043535 secs]
189.036: Total time for which application threads were stopped: 0.0045245 seconds, Stopping threads took: 0.0000206 seconds
189.102: [GC (Allocation Failure)  607565K->285997K(1034752K), 0.0043114 secs]
189.107: Total time for which application threads were stopped: 0.0044854 seconds, Stopping threads took: 0.0000206 seconds
189.172: [GC (Allocation Failure)  607533K->286189K(1021440K), 0.0042122 secs]
189.176: Total time for which application threads were stopped: 0.0043751 seconds, Stopping threads took: 0.0000192 seconds
189.244: [GC (Allocation Failure)  607725K->294031K(1034240K), 0.0043574 secs]
189.249: Total time for which application threads were stopped: 0.0045295 seconds, Stopping threads took: 0.0000203 seconds
189.316: [GC (Allocation Failure)  614543K->294063K(1034240K), 0.0041714 secs]
189.320: Total time for which application threads were stopped: 0.0043343 seconds, Stopping threads took: 0.0000197 seconds
189.387: [GC (Allocation Failure)  614575K->297447K(1034752K), 0.0050152 secs]
189.392: Total time for which application threads were stopped: 0.0051827 seconds, Stopping threads took: 0.0000207 seconds
189.459: [GC (Allocation Failure)  618471K->302185K(1034240K), 0.0043051 secs]
189.464: Total time for which application threads were stopped: 0.0044703 seconds, Stopping threads took: 0.0000205 seconds
189.531: [GC (Allocation Failure)  623209K->302089K(1034752K), 0.0042742 secs]
189.536: Total time for which application threads were stopped: 0.0044510 seconds, Stopping threads took: 0.0000197 seconds
189.603: [GC (Allocation Failure)  623625K->305673K(1034752K), 0.0094524 secs]
189.613: Total time for which application threads were stopped: 0.0095970 seconds, Stopping threads took: 0.0000199 seconds
189.682: [GC (Allocation Failure)  627209K->310155K(1034752K), 0.0039540 secs]
189.686: Total time for which application threads were stopped: 0.0041236 seconds, Stopping threads took: 0.0000175 seconds
189.753: [GC (Allocation Failure)  631691K->310091K(1034752K), 0.0043683 secs]
189.757: Total time for which application threads were stopped: 0.0045496 seconds, Stopping threads took: 0.0000205 seconds
189.825: [GC (Allocation Failure)  631627K->310787K(1034752K), 0.0047190 secs]
189.830: Total time for which application threads were stopped: 0.0048807 seconds, Stopping threads took: 0.0000192 seconds
189.898: [GC (Allocation Failure)  632323K->318150K(1034752K), 0.0040894 secs]
189.902: Total time for which application threads were stopped: 0.0042810 seconds, Stopping threads took: 0.0000196 seconds
189.970: [GC (Allocation Failure)  639686K->318150K(1034752K), 0.0040575 secs]
189.975: Total time for which application threads were stopped: 0.0042084 seconds, Stopping threads took: 0.0000167 seconds
190.040: [GC (Allocation Failure)  639686K->320070K(1034752K), 0.0046344 secs]
190.045: Total time for which application threads were stopped: 0.0047906 seconds, Stopping threads took: 0.0000196 seconds
190.113: [GC (Allocation Failure)  641606K->326184K(1034752K), 0.0042203 secs]
190.118: Total time for which application threads were stopped: 0.0043778 seconds, Stopping threads took: 0.0000200 seconds
190.188: [GC (Allocation Failure)  647720K->326184K(1034752K), 0.0042860 secs]
190.192: Total time for which application threads were stopped: 0.0044592 seconds, Stopping threads took: 0.0000196 seconds
190.259: [GC (Allocation Failure)  647720K->329320K(1034752K), 0.0049623 secs]
190.264: Total time for which application threads were stopped: 0.0051229 seconds, Stopping threads took: 0.0000199 seconds
190.332: [GC (Allocation Failure)  650856K->334314K(1034752K), 0.0043531 secs]
190.336: Total time for which application threads were stopped: 0.0045459 seconds, Stopping threads took: 0.0000191 seconds
190.405: [GC (Allocation Failure)  655850K->334186K(1034752K), 0.0043131 secs]
190.410: Total time for which application threads were stopped: 0.0044749 seconds, Stopping threads took: 0.0000199 seconds
190.475: [GC (Allocation Failure)  655722K->334442K(1034752K), 0.0043304 secs]
190.479: Total time for which application threads were stopped: 0.0044826 seconds, Stopping threads took: 0.0000198 seconds
190.544: [GC (Allocation Failure)  655978K->342284K(1033728K), 0.0042078 secs]
190.548: Total time for which application threads were stopped: 0.0043629 seconds, Stopping threads took: 0.0000200 seconds
190.614: [GC (Allocation Failure)  662796K->342220K(1034240K), 0.0058036 secs]
190.619: Total time for which application threads were stopped: 0.0059547 seconds, Stopping threads took: 0.0000248 seconds
190.686: [GC (Allocation Failure)  662732K->345764K(1034752K), 0.0051921 secs]
190.691: Total time for which application threads were stopped: 0.0053361 seconds, Stopping threads took: 0.0000174 seconds
190.758: [GC (Allocation Failure)  666788K->350279K(1034240K), 0.0043774 secs]
190.762: Total time for which application threads were stopped: 0.0045494 seconds, Stopping threads took: 0.0000203 seconds
190.829: [GC (Allocation Failure)  671303K->350247K(1034752K), 0.0041300 secs]
190.834: Total time for which application threads were stopped: 0.0043235 seconds, Stopping threads took: 0.0000202 seconds
190.902: [GC (Allocation Failure)  671783K->354055K(1034752K), 0.0052097 secs]
190.907: Total time for which application threads were stopped: 0.0053629 seconds, Stopping threads took: 0.0000200 seconds
190.975: [GC (Allocation Failure)  675591K->358313K(1035264K), 0.0044863 secs]
190.980: Total time for which application threads were stopped: 0.0046712 seconds, Stopping threads took: 0.0000203 seconds
191.049: [GC (Allocation Failure)  680873K->358313K(1035264K), 0.0043258 secs]
191.053: Total time for which application threads were stopped: 0.0045205 seconds, Stopping threads took: 0.0000198 seconds
191.122: [GC (Allocation Failure)  680873K->361225K(1035264K), 0.0048917 secs]
191.127: Total time for which application threads were stopped: 0.0050353 seconds, Stopping threads took: 0.0000166 seconds
191.195: [GC (Allocation Failure)  683785K->366315K(1035264K), 0.0044337 secs]
191.199: Total time for which application threads were stopped: 0.0045985 seconds, Stopping threads took: 0.0000268 seconds
191.267: [GC (Allocation Failure)  688875K->366315K(1035264K), 0.0044714 secs]
191.272: Total time for which application threads were stopped: 0.0046291 seconds, Stopping threads took: 0.0000199 seconds
191.338: [GC (Allocation Failure)  688875K->369483K(1035264K), 0.0049828 secs]
191.343: Total time for which application threads were stopped: 0.0051277 seconds, Stopping threads took: 0.0000190 seconds
191.410: [GC (Allocation Failure)  692043K->374478K(1035264K), 0.0044653 secs]
191.415: Total time for which application threads were stopped: 0.0046222 seconds, Stopping threads took: 0.0000203 seconds
191.483: [GC (Allocation Failure)  697038K->374382K(1035264K), 0.0040703 secs]
191.487: Total time for which application threads were stopped: 0.0042369 seconds, Stopping threads took: 0.0000197 seconds
191.553: [GC (Allocation Failure)  696942K->377710K(1035264K), 0.0051214 secs]
191.558: Total time for which application threads were stopped: 0.0052852 seconds, Stopping threads took: 0.0000225 seconds
191.627: [GC (Allocation Failure)  700270K->382416K(1035264K), 0.0064265 secs]
191.634: Total time for which application threads were stopped: 0.0065823 seconds, Stopping threads took: 0.0000260 seconds
191.703: [GC (Allocation Failure)  704976K->382384K(1035264K), 0.0041438 secs]
191.707: Total time for which application threads were stopped: 0.0043012 seconds, Stopping threads took: 0.0000256 seconds
191.775: [GC (Allocation Failure)  704944K->385928K(1035264K), 0.0050147 secs]
191.780: Total time for which application threads were stopped: 0.0051767 seconds, Stopping threads took: 0.0000193 seconds
191.848: [GC (Allocation Failure)  708488K->390442K(1034752K), 0.0045048 secs]
191.853: Total time for which application threads were stopped: 0.0046758 seconds, Stopping threads took: 0.0000204 seconds
191.923: [GC (Allocation Failure)  713002K->390410K(1035264K), 0.0045696 secs]
191.927: Total time for which application threads were stopped: 0.0047510 seconds, Stopping threads took: 0.0000207 seconds
191.995: [GC (Allocation Failure)  712970K->394154K(1035776K), 0.0053714 secs]
192.001: Total time for which application threads were stopped: 0.0055494 seconds, Stopping threads took: 0.0000203 seconds
192.067: [GC (Allocation Failure)  717738K->398668K(1035776K), 0.0044204 secs]
192.071: Total time for which application threads were stopped: 0.0045811 seconds, Stopping threads took: 0.0000193 seconds
192.139: [GC (Allocation Failure)  722252K->398412K(1035776K), 0.0042791 secs]
192.143: Total time for which application threads were stopped: 0.0044369 seconds, Stopping threads took: 0.0000253 seconds
192.211: [GC (Allocation Failure)  721996K->397418K(1035776K), 0.0039906 secs]
192.215: Total time for which application threads were stopped: 0.0041495 seconds, Stopping threads took: 0.0000187 seconds
192.283: [GC (Allocation Failure)  721002K->398604K(1036288K), 0.0070466 secs]
192.290: Total time for which application threads were stopped: 0.0072196 seconds, Stopping threads took: 0.0000193 seconds
192.360: [GC (Allocation Failure)  723212K->398412K(1036288K), 0.0044909 secs]
192.364: Total time for which application threads were stopped: 0.0046498 seconds, Stopping threads took: 0.0000203 seconds
192.432: [GC (Allocation Failure)  723020K->390474K(1035264K), 0.0013920 secs]
192.434: Total time for which application threads were stopped: 0.0015139 seconds, Stopping threads took: 0.0000191 seconds
192.504: [GC (Allocation Failure)  714058K->398580K(1031168K), 0.0043612 secs]
192.508: Total time for which application threads were stopped: 0.0045518 seconds, Stopping threads took: 0.0000189 seconds
192.578: [GC (Allocation Failure)  722164K->402628K(1035776K), 0.0059115 secs]
192.584: Total time for which application threads were stopped: 0.0060906 seconds, Stopping threads took: 0.0000171 seconds
192.652: [GC (Allocation Failure)  725700K->398658K(1035264K), 0.0033145 secs]
192.656: Total time for which application threads were stopped: 0.0035030 seconds, Stopping threads took: 0.0000259 seconds
192.726: [GC (Allocation Failure)  721730K->402764K(1035776K), 0.0047624 secs]
192.731: Total time for which application threads were stopped: 0.0049289 seconds, Stopping threads took: 0.0000199 seconds
192.800: [GC (Allocation Failure)  726348K->406764K(1035776K), 0.0043873 secs]
192.804: Total time for which application threads were stopped: 0.0045577 seconds, Stopping threads took: 0.0000199 seconds
192.873: [GC (Allocation Failure)  730348K->406732K(1035776K), 0.0042039 secs]
192.877: Total time for which application threads were stopped: 0.0043730 seconds, Stopping threads took: 0.0000194 seconds
192.943: [GC (Allocation Failure)  730316K->407084K(1023488K), 0.0045421 secs]
192.948: Total time for which application threads were stopped: 0.0047133 seconds, Stopping threads took: 0.0000198 seconds
193.015: [GC (Allocation Failure)  730668K->414767K(1035264K), 0.0045923 secs]
193.020: Total time for which application threads were stopped: 0.0047797 seconds, Stopping threads took: 0.0000209 seconds
193.089: [GC (Allocation Failure)  737327K->414735K(1035264K), 0.0043792 secs]
193.093: Total time for which application threads were stopped: 0.0045551 seconds, Stopping threads took: 0.0000193 seconds
193.161: [GC (Allocation Failure)  737295K->415271K(1034240K), 0.0044524 secs]
193.165: Total time for which application threads were stopped: 0.0046170 seconds, Stopping threads took: 0.0000279 seconds
193.233: [GC (Allocation Failure)  736807K->422793K(1034752K), 0.0064650 secs]
193.239: Total time for which application threads were stopped: 0.0066522 seconds, Stopping threads took: 0.0000192 seconds
193.308: [GC (Allocation Failure)  744329K->422825K(1034752K), 0.0041523 secs]
193.312: Total time for which application threads were stopped: 0.0043303 seconds, Stopping threads took: 0.0000170 seconds
193.379: [GC (Allocation Failure)  744361K->423017K(1034752K), 0.0045044 secs]
193.384: Total time for which application threads were stopped: 0.0046395 seconds, Stopping threads took: 0.0000170 seconds
193.449: [GC (Allocation Failure)  744553K->430859K(1033728K), 0.0043757 secs]
193.453: Total time for which application threads were stopped: 0.0045192 seconds, Stopping threads took: 0.0000206 seconds
193.518: [GC (Allocation Failure)  751371K->430859K(1034240K), 0.0042150 secs]
193.523: Total time for which application threads were stopped: 0.0043610 seconds, Stopping threads took: 0.0000253 seconds
193.587: [GC (Allocation Failure)  751371K->430987K(1034240K), 0.0044208 secs]
193.591: Total time for which application threads were stopped: 0.0045739 seconds, Stopping threads took: 0.0000280 seconds
193.660: [GC (Allocation Failure)  751499K->438861K(1034240K), 0.0046086 secs]
193.665: Total time for which application threads were stopped: 0.0047797 seconds, Stopping threads took: 0.0000261 seconds
193.729: [GC (Allocation Failure)  759373K->438893K(1034240K), 0.0046433 secs]
193.734: Total time for which application threads were stopped: 0.0048292 seconds, Stopping threads took: 0.0000248 seconds
193.799: [GC (Allocation Failure)  759405K->438925K(1020416K), 0.0044884 secs]
193.804: Total time for which application threads were stopped: 0.0046318 seconds, Stopping threads took: 0.0000194 seconds
193.869: [GC (Allocation Failure)  759437K->446896K(1033728K), 0.0044051 secs]
193.873: Total time for which application threads were stopped: 0.0045458 seconds, Stopping threads took: 0.0000189 seconds
193.937: [GC (Allocation Failure)  766384K->446896K(1033728K), 0.0044409 secs]
193.942: Total time for which application threads were stopped: 0.0045954 seconds, Stopping threads took: 0.0000279 seconds
194.004: [GC (Allocation Failure)  766384K->447144K(1033728K), 0.0043040 secs]
194.008: Total time for which application threads were stopped: 0.0044541 seconds, Stopping threads took: 0.0000206 seconds
194.074: [GC (Allocation Failure)  766632K->454922K(1033728K), 0.0045097 secs]
194.079: Total time for which application threads were stopped: 0.0046423 seconds, Stopping threads took: 0.0000192 seconds
194.144: [GC (Allocation Failure)  774410K->454922K(1033728K), 0.0044796 secs]
194.148: Total time for which application threads were stopped: 0.0046242 seconds, Stopping threads took: 0.0000256 seconds
194.212: [GC (Allocation Failure)  774410K->455138K(1033728K), 0.0045215 secs]
194.217: Total time for which application threads were stopped: 0.0046579 seconds, Stopping threads took: 0.0000196 seconds
194.280: [GC (Allocation Failure)  774626K->462948K(1033728K), 0.0044191 secs]
194.285: Total time for which application threads were stopped: 0.0045830 seconds, Stopping threads took: 0.0000246 seconds
194.347: [GC (Allocation Failure)  782436K->459042K(1033728K), 0.0036364 secs]
194.351: Total time for which application threads were stopped: 0.0037546 seconds, Stopping threads took: 0.0000155 seconds
194.415: [GC (Allocation Failure)  778530K->463116K(1034752K), 0.0044040 secs]
194.419: Total time for which application threads were stopped: 0.0045974 seconds, Stopping threads took: 0.0000276 seconds
194.485: [GC (Allocation Failure)  784140K->467084K(1034240K), 0.0043363 secs]
194.489: Total time for which application threads were stopped: 0.0044840 seconds, Stopping threads took: 0.0000185 seconds
194.555: [GC (Allocation Failure)  788108K->461322K(1034752K), 0.0066140 secs]
194.561: Total time for which application threads were stopped: 0.0067476 seconds, Stopping threads took: 0.0000199 seconds
194.626: [GC (Allocation Failure)  782858K->467188K(1034752K), 0.0053574 secs]
194.631: Total time for which application threads were stopped: 0.0054997 seconds, Stopping threads took: 0.0000253 seconds
194.695: [GC (Allocation Failure)  788724K->471260K(1035264K), 0.0047873 secs]
194.700: Total time for which application threads were stopped: 0.0049203 seconds, Stopping threads took: 0.0000261 seconds
194.764: [GC (Allocation Failure)  793558K->467322K(1035264K), 0.0033308 secs]
194.767: Total time for which application threads were stopped: 0.0034755 seconds, Stopping threads took: 0.0000184 seconds
194.833: [GC (Allocation Failure)  789882K->471380K(1036288K), 0.0046237 secs]
194.837: Total time for which application threads were stopped: 0.0047711 seconds, Stopping threads took: 0.0000189 seconds
194.903: [GC (Allocation Failure)  795476K->475380K(1035776K), 0.0044393 secs]
194.908: Total time for which application threads were stopped: 0.0045626 seconds, Stopping threads took: 0.0000164 seconds
194.972: [GC (Allocation Failure)  799476K->475380K(1035776K), 0.0042964 secs]
194.976: Total time for which application threads were stopped: 0.0044167 seconds, Stopping threads took: 0.0000164 seconds
195.039: [GC (Allocation Failure)  798964K->475404K(1023488K), 0.0045601 secs]
195.044: Total time for which application threads were stopped: 0.0047041 seconds, Stopping threads took: 0.0000187 seconds
195.107: [GC (Allocation Failure)  798988K->483406K(1035264K), 0.0043282 secs]
195.111: Total time for which application threads were stopped: 0.0044762 seconds, Stopping threads took: 0.0000196 seconds
195.178: [GC (Allocation Failure)  805966K->483406K(1030144K), 0.0043114 secs]
195.182: Total time for which application threads were stopped: 0.0044457 seconds, Stopping threads took: 0.0000193 seconds
195.245: [GC (Allocation Failure)  805966K->483398K(1034752K), 0.0044473 secs]
195.250: Total time for which application threads were stopped: 0.0046042 seconds, Stopping threads took: 0.0000244 seconds
195.315: [GC (Allocation Failure)  804934K->491401K(1029120K), 0.0043135 secs]
195.319: Total time for which application threads were stopped: 0.0044354 seconds, Stopping threads took: 0.0000157 seconds
195.383: [GC (Allocation Failure)  812937K->491433K(1034240K), 0.0045367 secs]
195.388: Total time for which application threads were stopped: 0.0046740 seconds, Stopping threads took: 0.0000196 seconds
195.451: [GC (Allocation Failure)  811945K->491657K(1034240K), 0.0045587 secs]
195.456: Total time for which application threads were stopped: 0.0047079 seconds, Stopping threads took: 0.0000202 seconds
195.519: [GC (Allocation Failure)  812169K->499435K(1034240K), 0.0045615 secs]
195.523: Total time for which application threads were stopped: 0.0047016 seconds, Stopping threads took: 0.0000260 seconds
195.587: [GC (Allocation Failure)  819947K->499435K(1028096K), 0.0042101 secs]
195.592: Total time for which application threads were stopped: 0.0043554 seconds, Stopping threads took: 0.0000193 seconds
195.657: [GC (Allocation Failure)  819947K->499851K(1033728K), 0.0046314 secs]
195.661: Total time for which application threads were stopped: 0.0047678 seconds, Stopping threads took: 0.0000186 seconds
195.727: [GC (Allocation Failure)  819339K->507437K(1033728K), 0.0046743 secs]
195.732: Total time for which application threads were stopped: 0.0048413 seconds, Stopping threads took: 0.0000202 seconds
195.800: [GC (Allocation Failure)  826925K->507469K(1033728K), 0.0047349 secs]
195.805: Total time for which application threads were stopped: 0.0048927 seconds, Stopping threads took: 0.0000170 seconds
195.867: [GC (Allocation Failure)  826957K->507621K(1033728K), 0.0046205 secs]
195.872: Total time for which application threads were stopped: 0.0047617 seconds, Stopping threads took: 0.0000260 seconds
195.936: [GC (Allocation Failure)  827109K->515528K(1033728K), 0.0042824 secs]
195.940: Total time for which application threads were stopped: 0.0044358 seconds, Stopping threads took: 0.0000258 seconds
196.006: [GC (Allocation Failure)  835016K->515496K(1033728K), 0.0045618 secs]
196.010: Total time for which application threads were stopped: 0.0046953 seconds, Stopping threads took: 0.0000196 seconds
196.073: [GC (Allocation Failure)  834984K->515560K(1033728K), 0.0045650 secs]
196.077: Total time for which application threads were stopped: 0.0047070 seconds, Stopping threads took: 0.0000194 seconds
196.143: [GC (Allocation Failure)  835048K->523530K(1027072K), 0.0044970 secs]
196.147: Total time for which application threads were stopped: 0.0046334 seconds, Stopping threads took: 0.0000259 seconds
196.209: [GC (Allocation Failure)  843017K->519624K(1034240K), 0.0035929 secs]
196.213: Total time for which application threads were stopped: 0.0037558 seconds, Stopping threads took: 0.0000227 seconds
196.279: [GC (Allocation Failure)  839112K->523658K(1033216K), 0.0047344 secs]
196.283: Total time for which application threads were stopped: 0.0048805 seconds, Stopping threads took: 0.0000208 seconds
196.348: [GC (Allocation Failure)  843146K->527690K(1034752K), 0.0045608 secs]
196.353: Total time for which application threads were stopped: 0.0047039 seconds, Stopping threads took: 0.0000270 seconds
196.417: [GC (Allocation Failure)  849226K->520872K(1034752K), 0.0021552 secs]
196.420: Total time for which application threads were stopped: 0.0023133 seconds, Stopping threads took: 0.0000190 seconds
196.486: [GC (Allocation Failure)  842408K->527730K(1034752K), 0.0044361 secs]
196.490: Total time for which application threads were stopped: 0.0045607 seconds, Stopping threads took: 0.0000175 seconds
196.553: [GC (Allocation Failure)  849266K->531842K(1034752K), 0.0053971 secs]
196.559: Total time for which application threads were stopped: 0.0055343 seconds, Stopping threads took: 0.0000195 seconds
196.622: [GC (Allocation Failure)  853378K->526240K(1034752K), 0.0027140 secs]
196.625: Total time for which application threads were stopped: 0.0028950 seconds, Stopping threads took: 0.0000240 seconds
196.693: [GC (Allocation Failure)  847776K->532106K(1034752K), 0.0045682 secs]
196.698: Total time for which application threads were stopped: 0.0047301 seconds, Stopping threads took: 0.0000258 seconds
196.765: [GC (Allocation Failure)  853642K->535946K(1035264K), 0.0050731 secs]
196.770: Total time for which application threads were stopped: 0.0052277 seconds, Stopping threads took: 0.0000207 seconds
196.836: [GC (Allocation Failure)  858434K->532072K(1035264K), 0.0036569 secs]
196.840: Total time for which application threads were stopped: 0.0038842 seconds, Stopping threads took: 0.0000250 seconds
196.908: [GC (Allocation Failure)  854632K->536106K(1036288K), 0.0047414 secs]
196.913: Total time for which application threads were stopped: 0.0049042 seconds, Stopping threads took: 0.0000201 seconds
196.978: [GC (Allocation Failure)  860202K->540074K(1035776K), 0.0046673 secs]
196.983: Total time for which application threads were stopped: 0.0048213 seconds, Stopping threads took: 0.0000199 seconds
197.049: [GC (Allocation Failure)  864170K->540074K(1035776K), 0.0046449 secs]
197.054: Total time for which application threads were stopped: 0.0047976 seconds, Stopping threads took: 0.0000208 seconds
197.121: [GC (Allocation Failure)  863658K->540138K(1023488K), 0.0046768 secs]
197.126: Total time for which application threads were stopped: 0.0048185 seconds, Stopping threads took: 0.0000200 seconds
197.191: [GC (Allocation Failure)  863722K->548108K(1035264K), 0.0046868 secs]
197.195: Total time for which application threads were stopped: 0.0048417 seconds, Stopping threads took: 0.0000279 seconds
197.261: [GC (Allocation Failure)  870668K->548108K(1030144K), 0.0045065 secs]
197.265: Total time for which application threads were stopped: 0.0046555 seconds, Stopping threads took: 0.0000190 seconds
197.331: [GC (Allocation Failure)  870668K->548164K(1034752K), 0.0047425 secs]
197.336: Total time for which application threads were stopped: 0.0048835 seconds, Stopping threads took: 0.0000173 seconds
197.402: [GC (Allocation Failure)  869700K->556166K(1029120K), 0.0047532 secs]
197.407: Total time for which application threads were stopped: 0.0049126 seconds, Stopping threads took: 0.0000199 seconds
197.475: [GC (Allocation Failure)  877702K->556102K(1034240K), 0.0074252 secs]
197.482: Total time for which application threads were stopped: 0.0075871 seconds, Stopping threads took: 0.0000204 seconds
197.549: [GC (Allocation Failure)  876614K->556390K(1034240K), 0.0048083 secs]
197.554: Total time for which application threads were stopped: 0.0049661 seconds, Stopping threads took: 0.0000219 seconds
197.621: [GC (Allocation Failure)  876902K->564169K(1034240K), 0.0052279 secs]
197.626: Total time for which application threads were stopped: 0.0054217 seconds, Stopping threads took: 0.0000252 seconds
197.695: [GC (Allocation Failure)  884681K->564169K(1034240K), 0.0047375 secs]
197.700: Total time for which application threads were stopped: 0.0049160 seconds, Stopping threads took: 0.0000287 seconds
197.767: [GC (Allocation Failure)  884681K->564617K(1033216K), 0.0048634 secs]
197.772: Total time for which application threads were stopped: 0.0050225 seconds, Stopping threads took: 0.0000204 seconds
197.840: [GC (Allocation Failure)  884105K->572203K(1033728K), 0.0048406 secs]
197.845: Total time for which application threads were stopped: 0.0050317 seconds, Stopping threads took: 0.0000222 seconds
197.913: [GC (Allocation Failure)  891691K->572203K(1033728K), 0.0047706 secs]
197.918: Total time for which application threads were stopped: 0.0049410 seconds, Stopping threads took: 0.0000201 seconds
197.983: [GC (Allocation Failure)  891691K->572323K(1033728K), 0.0049882 secs]
197.988: Total time for which application threads were stopped: 0.0051441 seconds, Stopping threads took: 0.0000202 seconds
198.056: [GC (Allocation Failure)  891811K->580261K(1033728K), 0.0047608 secs]
198.061: Total time for which application threads were stopped: 0.0049166 seconds, Stopping threads took: 0.0000196 seconds
198.129: [GC (Allocation Failure)  899749K->580229K(1033728K), 0.0048926 secs]
198.134: Total time for which application threads were stopped: 0.0050620 seconds, Stopping threads took: 0.0000208 seconds
198.202: [GC (Allocation Failure)  899717K->580301K(1033728K), 0.0046568 secs]
198.207: Total time for which application threads were stopped: 0.0048146 seconds, Stopping threads took: 0.0000254 seconds
198.273: [GC (Allocation Failure)  899789K->588303K(1027072K), 0.0047851 secs]
198.278: Total time for which application threads were stopped: 0.0049513 seconds, Stopping threads took: 0.0000198 seconds
198.343: [GC (Allocation Failure)  907791K->584365K(1034240K), 0.0038102 secs]
198.347: Total time for which application threads were stopped: 0.0039701 seconds, Stopping threads took: 0.0000193 seconds
198.414: [GC (Allocation Failure)  903853K->588423K(1033216K), 0.0049885 secs]
198.419: Total time for which application threads were stopped: 0.0051518 seconds, Stopping threads took: 0.0000198 seconds
198.488: [GC (Allocation Failure)  907911K->592391K(1034752K), 0.0048473 secs]
198.493: Total time for which application threads were stopped: 0.0050152 seconds, Stopping threads took: 0.0000196 seconds
198.559: [GC (Allocation Failure)  913927K->585573K(1034752K), 0.0079652 secs]
198.567: Total time for which application threads were stopped: 0.0081162 seconds, Stopping threads took: 0.0000207 seconds
198.637: [GC (Allocation Failure)  907109K->592487K(1034752K), 0.0047908 secs]
198.642: Total time for which application threads were stopped: 0.0049607 seconds, Stopping threads took: 0.0000195 seconds
198.709: [GC (Allocation Failure)  914023K->596535K(1034752K), 0.0056148 secs]
198.715: Total time for which application threads were stopped: 0.0058166 seconds, Stopping threads took: 0.0000277 seconds
198.782: [GC (Allocation Failure)  918071K->590997K(1034752K), 0.0028694 secs]
198.785: Total time for which application threads were stopped: 0.0030598 seconds, Stopping threads took: 0.0000205 seconds
198.854: [GC (Allocation Failure)  912533K->596775K(1034752K), 0.0046461 secs]
198.858: Total time for which application threads were stopped: 0.0048393 seconds, Stopping threads took: 0.0000192 seconds
198.927: [GC (Allocation Failure)  918311K->600711K(1034752K), 0.0051808 secs]
198.932: Total time for which application threads were stopped: 0.0053760 seconds, Stopping threads took: 0.0000198 seconds
199.001: [GC (Allocation Failure)  923200K->596773K(1035264K), 0.0037933 secs]
199.005: Total time for which application threads were stopped: 0.0039514 seconds, Stopping threads took: 0.0000170 seconds
199.073: [GC (Allocation Failure)  919333K->600847K(1036288K), 0.0049327 secs]
199.078: Total time for which application threads were stopped: 0.0051289 seconds, Stopping threads took: 0.0000197 seconds
199.148: [GC (Allocation Failure)  924943K->604815K(1035776K), 0.0046418 secs]
199.152: Total time for which application threads were stopped: 0.0048266 seconds, Stopping threads took: 0.0000431 seconds
199.222: [GC (Allocation Failure)  928911K->604847K(1035776K), 0.0048480 secs]
199.227: Total time for which application threads were stopped: 0.0050177 seconds, Stopping threads took: 0.0000284 seconds
199.295: [GC (Allocation Failure)  928431K->604871K(1023488K), 0.0049308 secs]
199.300: Total time for which application threads were stopped: 0.0051020 seconds, Stopping threads took: 0.0000210 seconds
199.367: [GC (Allocation Failure)  928455K->612874K(1035264K), 0.0047721 secs]
199.372: Total time for which application threads were stopped: 0.0049519 seconds, Stopping threads took: 0.0000204 seconds
199.440: [GC (Allocation Failure)  935434K->612842K(1030144K), 0.0047044 secs]
199.445: Total time for which application threads were stopped: 0.0048967 seconds, Stopping threads took: 0.0000192 seconds
199.514: [GC (Allocation Failure)  935402K->612906K(1034752K), 0.0048757 secs]
199.519: Total time for which application threads were stopped: 0.0050427 seconds, Stopping threads took: 0.0000194 seconds
199.587: [GC (Allocation Failure)  934442K->620876K(1029120K), 0.0048290 secs]
199.592: Total time for which application threads were stopped: 0.0049921 seconds, Stopping threads took: 0.0000205 seconds
199.661: [GC (Allocation Failure)  942412K->620876K(1034240K), 0.0046378 secs]
199.666: Total time for which application threads were stopped: 0.0048080 seconds, Stopping threads took: 0.0000279 seconds
199.734: [GC (Allocation Failure)  941388K->621132K(1034240K), 0.0051867 secs]
199.740: Total time for which application threads were stopped: 0.0053583 seconds, Stopping threads took: 0.0000196 seconds
199.807: [GC (Allocation Failure)  941644K->628942K(1034240K), 0.0047522 secs]
199.812: Total time for which application threads were stopped: 0.0049229 seconds, Stopping threads took: 0.0000201 seconds
199.881: [GC (Allocation Failure)  949454K->628942K(1034240K), 0.0049483 secs]
199.886: Total time for which application threads were stopped: 0.0051337 seconds, Stopping threads took: 0.0000201 seconds
199.953: [GC (Allocation Failure)  949454K->629350K(1033216K), 0.0048444 secs]
199.958: Total time for which application threads were stopped: 0.0050391 seconds, Stopping threads took: 0.0000277 seconds
200.025: [GC (Allocation Failure)  948838K->636968K(1033728K), 0.0048660 secs]
200.030: Total time for which application threads were stopped: 0.0050298 seconds, Stopping threads took: 0.0000203 seconds
200.097: [GC (Allocation Failure)  956456K->636936K(1033728K), 0.0049790 secs]
200.103: Total time for which application threads were stopped: 0.0051493 seconds, Stopping threads took: 0.0000201 seconds
200.168: [GC (Allocation Failure)  956424K->637064K(1033728K), 0.0048215 secs]
200.172: Total time for which application threads were stopped: 0.0050112 seconds, Stopping threads took: 0.0000393 seconds
200.240: [GC (Allocation Failure)  956552K->645003K(1033728K), 0.0048840 secs]
200.245: Total time for which application threads were stopped: 0.0050552 seconds, Stopping threads took: 0.0000250 seconds
200.312: [GC (Allocation Failure)  964491K->644971K(1033728K), 0.0049799 secs]
200.317: Total time for which application threads were stopped: 0.0051418 seconds, Stopping threads took: 0.0000204 seconds
200.384: [GC (Allocation Failure)  964459K->645035K(1033728K), 0.0050653 secs]
200.389: Total time for which application threads were stopped: 0.0052335 seconds, Stopping threads took: 0.0000194 seconds
200.455: [GC (Allocation Failure)  964523K->653005K(1027072K), 0.0049073 secs]
200.460: Total time for which application threads were stopped: 0.0050775 seconds, Stopping threads took: 0.0000205 seconds
200.525: [GC (Allocation Failure)  972492K->649131K(1034240K), 0.0040474 secs]
200.530: Total time for which application threads were stopped: 0.0043554 seconds, Stopping threads took: 0.0000199 seconds
200.597: [GC (Allocation Failure)  968619K->653133K(1033216K), 0.0049838 secs]
200.602: Total time for which application threads were stopped: 0.0051790 seconds, Stopping threads took: 0.0000198 seconds
200.673: [GC (Allocation Failure)  972621K->657133K(1034752K), 0.0046801 secs]
200.678: Total time for which application threads were stopped: 0.0048508 seconds, Stopping threads took: 0.0000280 seconds
200.744: [GC (Allocation Failure)  978669K->650379K(1034752K), 0.0023482 secs]
200.747: Total time for which application threads were stopped: 0.0024960 seconds, Stopping threads took: 0.0000203 seconds
200.814: [GC (Allocation Failure)  971915K->657197K(1034752K), 0.0048453 secs]
200.819: Total time for which application threads were stopped: 0.0050425 seconds, Stopping threads took: 0.0000212 seconds
200.886: [GC (Allocation Failure)  978733K->661277K(1034752K), 0.0059031 secs]
200.892: Total time for which application threads were stopped: 0.0060591 seconds, Stopping threads took: 0.0000169 seconds
200.958: [GC (Allocation Failure)  982813K->655739K(1034752K), 0.0029486 secs]
200.961: Total time for which application threads were stopped: 0.0031451 seconds, Stopping threads took: 0.0000250 seconds
201.030: [GC (Allocation Failure)  977275K->661549K(1034752K), 0.0049968 secs]
201.035: Total time for which application threads were stopped: 0.0051645 seconds, Stopping threads took: 0.0000199 seconds
201.102: [GC (Allocation Failure)  983085K->665445K(1034752K), 0.0052203 secs]
201.108: Total time for which application threads were stopped: 0.0054401 seconds, Stopping threads took: 0.0000199 seconds
201.176: [GC (Allocation Failure)  987933K->661507K(1035264K), 0.0037052 secs]
201.180: Total time for which application threads were stopped: 0.0038605 seconds, Stopping threads took: 0.0000252 seconds
201.248: [GC (Allocation Failure)  984067K->665581K(1036288K), 0.0050774 secs]
201.254: Total time for which application threads were stopped: 0.0052362 seconds, Stopping threads took: 0.0000197 seconds
201.323: [GC (Allocation Failure)  989677K->669549K(1035776K), 0.0049348 secs]
201.328: Total time for which application threads were stopped: 0.0050956 seconds, Stopping threads took: 0.0000203 seconds
201.396: [GC (Allocation Failure)  993645K->669549K(1035776K), 0.0050134 secs]
201.401: Total time for which application threads were stopped: 0.0051846 seconds, Stopping threads took: 0.0000198 seconds
201.468: [GC (Allocation Failure)  993133K->669613K(1023488K), 0.0050850 secs]
201.473: Total time for which application threads were stopped: 0.0052526 seconds, Stopping threads took: 0.0000201 seconds
201.539: [GC (Allocation Failure)  993197K->677615K(1035264K), 0.0050361 secs]
201.544: Total time for which application threads were stopped: 0.0051965 seconds, Stopping threads took: 0.0000215 seconds
201.614: [GC (Allocation Failure)  1000175K->677583K(1030144K), 0.0058555 secs]
201.620: Total time for which application threads were stopped: 0.0060463 seconds, Stopping threads took: 0.0000278 seconds
201.689: [GC (Allocation Failure)  1000143K->677639K(1034752K), 0.0047305 secs]
201.693: Total time for which application threads were stopped: 0.0048994 seconds, Stopping threads took: 0.0000179 seconds
201.762: [GC (Allocation Failure)  999175K->685609K(1034752K), 0.0050900 secs]
201.767: Total time for which application threads were stopped: 0.0052605 seconds, Stopping threads took: 0.0000196 seconds
201.835: [GC (Allocation Failure)  1007145K->685609K(1033728K), 0.0047913 secs]
201.840: Total time for which application threads were stopped: 0.0049497 seconds, Stopping threads took: 0.0000197 seconds
201.907: [GC (Allocation Failure)  1006121K->685865K(1034240K), 0.0050111 secs]
201.912: Total time for which application threads were stopped: 0.0051738 seconds, Stopping threads took: 0.0000194 seconds
201.980: [GC (Allocation Failure)  1006377K->693644K(1034240K), 0.0048679 secs]
201.985: Total time for which application threads were stopped: 0.0050366 seconds, Stopping threads took: 0.0000200 seconds
202.053: [GC (Allocation Failure)  1014156K->693644K(1034240K), 0.0049378 secs]
202.058: Total time for which application threads were stopped: 0.0051092 seconds, Stopping threads took: 0.0000205 seconds
202.126: [GC (Allocation Failure)  1014156K->694092K(1033216K), 0.0051804 secs]
202.131: [Full GC (Ergonomics)  694092K->8905K(1033216K), 0.0130752 secs]
202.144: Total time for which application threads were stopped: 0.0185188 seconds, Stopping threads took: 0.0000205 seconds
202.212: [GC (Allocation Failure)  328393K->17612K(1033728K), 0.0036976 secs]
202.216: Total time for which application threads were stopped: 0.0038555 seconds, Stopping threads took: 0.0000249 seconds
202.283: [GC (Allocation Failure)  337100K->17652K(1033728K), 0.0037019 secs]
202.287: Total time for which application threads were stopped: 0.0038737 seconds, Stopping threads took: 0.0000260 seconds
202.352: [GC (Allocation Failure)  337140K->17740K(1033728K), 0.0036002 secs]
202.355: Total time for which application threads were stopped: 0.0037592 seconds, Stopping threads took: 0.0000268 seconds
202.421: [GC (Allocation Failure)  337228K->25678K(1032704K), 0.0035423 secs]
202.425: Total time for which application threads were stopped: 0.0036874 seconds, Stopping threads took: 0.0000253 seconds
202.488: [GC (Allocation Failure)  344142K->25646K(1033216K), 0.0037329 secs]
202.491: Total time for which application threads were stopped: 0.0039048 seconds, Stopping threads took: 0.0000198 seconds
202.560: [GC (Allocation Failure)  344110K->25710K(1033216K), 0.0038087 secs]
202.563: Total time for which application threads were stopped: 0.0040256 seconds, Stopping threads took: 0.0000512 seconds
202.631: [GC (Allocation Failure)  344174K->33712K(1033216K), 0.0035993 secs]
202.635: Total time for which application threads were stopped: 0.0037884 seconds, Stopping threads took: 0.0000173 seconds
202.702: [GC (Allocation Failure)  352176K->26094K(1033216K), 0.0006570 secs]
202.702: Total time for which application threads were stopped: 0.0007832 seconds, Stopping threads took: 0.0000275 seconds
202.773: [GC (Allocation Failure)  344558K->33936K(1033216K), 0.0037203 secs]
202.777: Total time for which application threads were stopped: 0.0039010 seconds, Stopping threads took: 0.0000194 seconds
202.842: [GC (Allocation Failure)  352400K->37800K(1033216K), 0.0049760 secs]
202.847: Total time for which application threads were stopped: 0.0051418 seconds, Stopping threads took: 0.0000189 seconds
202.912: [GC (Allocation Failure)  356264K->38630K(1033216K), 0.0040709 secs]
202.916: Total time for which application threads were stopped: 0.0042406 seconds, Stopping threads took: 0.0000189 seconds
202.983: [GC (Allocation Failure)  357094K->38024K(1033216K), 0.0040094 secs]
202.987: Total time for which application threads were stopped: 0.0041797 seconds, Stopping threads took: 0.0000199 seconds
203.056: [GC (Allocation Failure)  356488K->37832K(1033216K), 0.0037196 secs]
203.060: Total time for which application threads were stopped: 0.0038976 seconds, Stopping threads took: 0.0000223 seconds
203.125: [GC (Allocation Failure)  356296K->30630K(1033216K), 0.0007975 secs]
203.126: Total time for which application threads were stopped: 0.0009281 seconds, Stopping threads took: 0.0000195 seconds
203.192: [GC (Allocation Failure)  349094K->37960K(1033216K), 0.0037758 secs]
203.196: Total time for which application threads were stopped: 0.0039565 seconds, Stopping threads took: 0.0000264 seconds
203.263: [GC (Allocation Failure)  356424K->37832K(1033216K), 0.0036765 secs]
203.266: Total time for which application threads were stopped: 0.0038533 seconds, Stopping threads took: 0.0000201 seconds
203.333: [GC (Allocation Failure)  356296K->38856K(1033216K), 0.0039308 secs]
203.337: Total time for which application threads were stopped: 0.0041155 seconds, Stopping threads took: 0.0000206 seconds
203.403: [GC (Allocation Failure)  357320K->45931K(1033216K), 0.0036310 secs]
203.407: Total time for which application threads were stopped: 0.0037800 seconds, Stopping threads took: 0.0000195 seconds
203.475: [GC (Allocation Failure)  364395K->45867K(1033216K), 0.0051501 secs]
203.480: Total time for which application threads were stopped: 0.0052995 seconds, Stopping threads took: 0.0000205 seconds
203.542: [GC (Allocation Failure)  364331K->47075K(1033728K), 0.0038103 secs]
203.546: Total time for which application threads were stopped: 0.0039691 seconds, Stopping threads took: 0.0000198 seconds
203.612: [GC (Allocation Failure)  366563K->53893K(1033728K), 0.0037047 secs]
203.616: Total time for which application threads were stopped: 0.0038448 seconds, Stopping threads took: 0.0000249 seconds
203.683: [GC (Allocation Failure)  373381K->53893K(1033728K), 0.0040208 secs]
203.687: Total time for which application threads were stopped: 0.0041848 seconds, Stopping threads took: 0.0000258 seconds
203.756: [GC (Allocation Failure)  373381K->54309K(1033728K), 0.0038669 secs]
203.760: Total time for which application threads were stopped: 0.0040525 seconds, Stopping threads took: 0.0000197 seconds
203.826: [GC (Allocation Failure)  373797K->61927K(1033728K), 0.0037307 secs]
203.830: Total time for which application threads were stopped: 0.0038910 seconds, Stopping threads took: 0.0000213 seconds
203.895: [GC (Allocation Failure)  381415K->61927K(1033728K), 0.0035066 secs]
203.898: Total time for which application threads were stopped: 0.0036697 seconds, Stopping threads took: 0.0000285 seconds
203.961: [GC (Allocation Failure)  381415K->65607K(1034240K), 0.0045423 secs]
203.966: Total time for which application threads were stopped: 0.0046795 seconds, Stopping threads took: 0.0000195 seconds
204.032: [GC (Allocation Failure)  385607K->69961K(1033728K), 0.0035795 secs]
204.035: Total time for which application threads were stopped: 0.0037172 seconds, Stopping threads took: 0.0000187 seconds
204.102: [GC (Allocation Failure)  389961K->69961K(1034240K), 0.0036715 secs]
204.106: Total time for which application threads were stopped: 0.0038029 seconds, Stopping threads took: 0.0000182 seconds
204.169: [GC (Allocation Failure)  390473K->70793K(1034240K), 0.0036522 secs]
204.173: Total time for which application threads were stopped: 0.0037845 seconds, Stopping threads took: 0.0000193 seconds
204.237: [GC (Allocation Failure)  391305K->78124K(1033216K), 0.0037342 secs]
204.241: Total time for which application threads were stopped: 0.0038723 seconds, Stopping threads took: 0.0000184 seconds
204.307: [GC (Allocation Failure)  397612K->77996K(1033728K), 0.0038303 secs]
204.311: Total time for which application threads were stopped: 0.0039861 seconds, Stopping threads took: 0.0000196 seconds
204.377: [GC (Allocation Failure)  397484K->79020K(1033216K), 0.0038200 secs]
204.380: Total time for which application threads were stopped: 0.0039568 seconds, Stopping threads took: 0.0000194 seconds
204.445: [GC (Allocation Failure)  398508K->86094K(1033728K), 0.0039485 secs]
204.449: Total time for which application threads were stopped: 0.0041284 seconds, Stopping threads took: 0.0000204 seconds
204.513: [GC (Allocation Failure)  405582K->86030K(1033728K), 0.0036149 secs]
204.517: Total time for which application threads were stopped: 0.0037497 seconds, Stopping threads took: 0.0000190 seconds
204.578: [GC (Allocation Failure)  405518K->86182K(1033728K), 0.0064039 secs]
204.584: Total time for which application threads were stopped: 0.0065501 seconds, Stopping threads took: 0.0000203 seconds
204.652: [GC (Allocation Failure)  405670K->94088K(1033728K), 0.0037899 secs]
204.656: Total time for which application threads were stopped: 0.0039578 seconds, Stopping threads took: 0.0000357 seconds
204.723: [GC (Allocation Failure)  413576K->94056K(1033728K), 0.0038290 secs]
204.727: Total time for which application threads were stopped: 0.0039960 seconds, Stopping threads took: 0.0000254 seconds
204.792: [GC (Allocation Failure)  413544K->94440K(1033728K), 0.0038773 secs]
204.796: Total time for which application threads were stopped: 0.0040562 seconds, Stopping threads took: 0.0000215 seconds
204.866: [GC (Allocation Failure)  413928K->102154K(1033728K), 0.0039481 secs]
204.870: Total time for which application threads were stopped: 0.0041321 seconds, Stopping threads took: 0.0000224 seconds
204.938: [GC (Allocation Failure)  421642K->102090K(1033728K), 0.0038577 secs]
204.942: Total time for which application threads were stopped: 0.0040322 seconds, Stopping threads took: 0.0000204 seconds
205.007: [GC (Allocation Failure)  421578K->102666K(1033728K), 0.0039244 secs]
205.011: Total time for which application threads were stopped: 0.0040763 seconds, Stopping threads took: 0.0000208 seconds
205.078: [GC (Allocation Failure)  422154K->110157K(1033728K), 0.0037587 secs]
205.081: Total time for which application threads were stopped: 0.0039006 seconds, Stopping threads took: 0.0000194 seconds
205.146: [GC (Allocation Failure)  429645K->110157K(1033728K), 0.0036837 secs]
205.150: Total time for which application threads were stopped: 0.0038204 seconds, Stopping threads took: 0.0000204 seconds
205.212: [GC (Allocation Failure)  429645K->111949K(1033728K), 0.0041943 secs]
205.217: Total time for which application threads were stopped: 0.0043306 seconds, Stopping threads took: 0.0000206 seconds
205.279: [GC (Allocation Failure)  431437K->118191K(1033728K), 0.0050570 secs]
205.284: Total time for which application threads were stopped: 0.0051970 seconds, Stopping threads took: 0.0000211 seconds
205.348: [GC (Allocation Failure)  437679K->118127K(1033728K), 0.0037270 secs]
205.352: Total time for which application threads were stopped: 0.0038878 seconds, Stopping threads took: 0.0000213 seconds
205.412: [GC (Allocation Failure)  437615K->119143K(1033728K), 0.0038315 secs]
205.416: Total time for which application threads were stopped: 0.0039845 seconds, Stopping threads took: 0.0000250 seconds
205.479: [GC (Allocation Failure)  438631K->126249K(1033728K), 0.0039217 secs]
205.483: Total time for which application threads were stopped: 0.0040796 seconds, Stopping threads took: 0.0000253 seconds
205.548: [GC (Allocation Failure)  445737K->126217K(1033728K), 0.0037363 secs]
205.552: Total time for which application threads were stopped: 0.0038724 seconds, Stopping threads took: 0.0000200 seconds
205.613: [GC (Allocation Failure)  445705K->126353K(1033728K), 0.0047022 secs]
205.618: Total time for which application threads were stopped: 0.0048399 seconds, Stopping threads took: 0.0000168 seconds
205.684: [GC (Allocation Failure)  445841K->134291K(1033728K), 0.0038824 secs]
205.688: Total time for which application threads were stopped: 0.0040226 seconds, Stopping threads took: 0.0000196 seconds
205.753: [GC (Allocation Failure)  453779K->134227K(1033728K), 0.0036301 secs]
205.757: Total time for which application threads were stopped: 0.0037578 seconds, Stopping threads took: 0.0000198 seconds
205.821: [GC (Allocation Failure)  453715K->134571K(1033728K), 0.0037449 secs]
205.824: Total time for which application threads were stopped: 0.0038686 seconds, Stopping threads took: 0.0000173 seconds
205.888: [GC (Allocation Failure)  454059K->142286K(1032704K), 0.0038430 secs]
205.892: Total time for which application threads were stopped: 0.0039868 seconds, Stopping threads took: 0.0000192 seconds
205.958: [GC (Allocation Failure)  460750K->142286K(1033216K), 0.0037280 secs]
205.961: Total time for which application threads were stopped: 0.0038590 seconds, Stopping threads took: 0.0000200 seconds
206.023: [GC (Allocation Failure)  460750K->142830K(1033216K), 0.0039481 secs]
206.027: Total time for which application threads were stopped: 0.0040855 seconds, Stopping threads took: 0.0000179 seconds
206.090: [GC (Allocation Failure)  461294K->150288K(1033216K), 0.0036551 secs]
206.094: Total time for which application threads were stopped: 0.0037890 seconds, Stopping threads took: 0.0000175 seconds
206.156: [GC (Allocation Failure)  468752K->150320K(1033216K), 0.0036900 secs]
206.159: Total time for which application threads were stopped: 0.0038218 seconds, Stopping threads took: 0.0000245 seconds
206.220: [GC (Allocation Failure)  468784K->151048K(1033216K), 0.0038944 secs]
206.224: Total time for which application threads were stopped: 0.0040460 seconds, Stopping threads took: 0.0000181 seconds
206.287: [GC (Allocation Failure)  469512K->158346K(1033216K), 0.0039559 secs]
206.291: Total time for which application threads were stopped: 0.0041058 seconds, Stopping threads took: 0.0000187 seconds
206.356: [GC (Allocation Failure)  476810K->158314K(1033216K), 0.0036311 secs]
206.360: Total time for which application threads were stopped: 0.0037734 seconds, Stopping threads took: 0.0000255 seconds
206.421: [GC (Allocation Failure)  476778K->159306K(1033728K), 0.0039458 secs]
206.425: Total time for which application threads were stopped: 0.0040800 seconds, Stopping threads took: 0.0000183 seconds
206.489: [GC (Allocation Failure)  478282K->166381K(1033216K), 0.0037591 secs]
206.493: Total time for which application threads were stopped: 0.0038765 seconds, Stopping threads took: 0.0000156 seconds
206.556: [GC (Allocation Failure)  485357K->166349K(1033728K), 0.0036922 secs]
206.560: Total time for which application threads were stopped: 0.0038371 seconds, Stopping threads took: 0.0000255 seconds
206.623: [GC (Allocation Failure)  485325K->167021K(1033216K), 0.0045615 secs]
206.628: Total time for which application threads were stopped: 0.0047186 seconds, Stopping threads took: 0.0000162 seconds
206.693: [GC (Allocation Failure)  485997K->174415K(1032704K), 0.0038509 secs]
206.697: Total time for which application threads were stopped: 0.0039858 seconds, Stopping threads took: 0.0000258 seconds
206.759: [GC (Allocation Failure)  492879K->174415K(1033216K), 0.0038496 secs]
206.763: Total time for which application threads were stopped: 0.0039941 seconds, Stopping threads took: 0.0000280 seconds
206.824: [GC (Allocation Failure)  492879K->174727K(1033216K), 0.0039411 secs]
206.828: Total time for which application threads were stopped: 0.0041183 seconds, Stopping threads took: 0.0000248 seconds
206.893: [GC (Allocation Failure)  493191K->182441K(1033216K), 0.0039338 secs]
206.897: Total time for which application threads were stopped: 0.0040644 seconds, Stopping threads took: 0.0000188 seconds
206.960: [GC (Allocation Failure)  500905K->182409K(1033216K), 0.0038441 secs]
206.964: Total time for which application threads were stopped: 0.0039818 seconds, Stopping threads took: 0.0000180 seconds
207.025: [GC (Allocation Failure)  500873K->182953K(1033216K), 0.0039105 secs]
207.029: Total time for which application threads were stopped: 0.0040542 seconds, Stopping threads took: 0.0000241 seconds
207.094: [GC (Allocation Failure)  501417K->190443K(1033216K), 0.0039632 secs]
207.098: Total time for which application threads were stopped: 0.0041086 seconds, Stopping threads took: 0.0000237 seconds
207.160: [GC (Allocation Failure)  508907K->190443K(1033216K), 0.0038051 secs]
207.164: Total time for which application threads were stopped: 0.0039374 seconds, Stopping threads took: 0.0000247 seconds
207.226: [GC (Allocation Failure)  508907K->190691K(1033216K), 0.0064544 secs]
207.232: Total time for which application threads were stopped: 0.0065804 seconds, Stopping threads took: 0.0000149 seconds
207.296: [GC (Allocation Failure)  509155K->198470K(1033216K), 0.0039317 secs]
207.300: Total time for which application threads were stopped: 0.0040629 seconds, Stopping threads took: 0.0000160 seconds
207.364: [GC (Allocation Failure)  516934K->198470K(1033216K), 0.0037770 secs]
207.367: Total time for which application threads were stopped: 0.0039738 seconds, Stopping threads took: 0.0000431 seconds
207.428: [GC (Allocation Failure)  516934K->198534K(1033216K), 0.0040267 secs]
207.432: Total time for which application threads were stopped: 0.0041541 seconds, Stopping threads took: 0.0000181 seconds
207.495: [GC (Allocation Failure)  516998K->206504K(1033216K), 0.0038606 secs]
207.499: Total time for which application threads were stopped: 0.0039919 seconds, Stopping threads took: 0.0000186 seconds
207.560: [GC (Allocation Failure)  524968K->206504K(1033216K), 0.0040585 secs]
207.564: Total time for which application threads were stopped: 0.0041888 seconds, Stopping threads took: 0.0000185 seconds
207.627: [GC (Allocation Failure)  524968K->206632K(1033216K), 0.0077858 secs]
207.635: Total time for which application threads were stopped: 0.0079157 seconds, Stopping threads took: 0.0000236 seconds
207.699: [GC (Allocation Failure)  525096K->214538K(1033216K), 0.0038935 secs]
207.703: Total time for which application threads were stopped: 0.0040286 seconds, Stopping threads took: 0.0000197 seconds
207.764: [GC (Allocation Failure)  533002K->210312K(1033728K), 0.0028900 secs]
207.767: Total time for which application threads were stopped: 0.0030247 seconds, Stopping threads took: 0.0000197 seconds
207.833: [GC (Allocation Failure)  529288K->214602K(1033216K), 0.0039753 secs]
207.837: Total time for which application threads were stopped: 0.0041228 seconds, Stopping threads took: 0.0000221 seconds
207.903: [GC (Allocation Failure)  533578K->218714K(1033728K), 0.0036912 secs]
207.907: Total time for which application threads were stopped: 0.0038135 seconds, Stopping threads took: 0.0000175 seconds
207.971: [GC (Allocation Failure)  539226K->225896K(1034240K), 0.0071639 secs]
207.978: Total time for which application threads were stopped: 0.0072899 seconds, Stopping threads took: 0.0000196 seconds
208.043: [GC (Allocation Failure)  546408K->219850K(1030144K), 0.0039765 secs]
208.047: Total time for which application threads were stopped: 0.0041300 seconds, Stopping threads took: 0.0000301 seconds
208.110: [GC (Allocation Failure)  536266K->219626K(1032192K), 0.0040146 secs]
208.114: Total time for which application threads were stopped: 0.0041549 seconds, Stopping threads took: 0.0000206 seconds
208.176: [GC (Allocation Failure)  536042K->216840K(1033216K), 0.0030983 secs]
208.180: Total time for which application threads were stopped: 0.0032420 seconds, Stopping threads took: 0.0000194 seconds
208.245: [GC (Allocation Failure)  534280K->219818K(1032192K), 0.0042800 secs]
208.249: Total time for which application threads were stopped: 0.0044389 seconds, Stopping threads took: 0.0000206 seconds
208.316: [GC (Allocation Failure)  537258K->219626K(1033728K), 0.0039655 secs]
208.320: Total time for which application threads were stopped: 0.0041312 seconds, Stopping threads took: 0.0000201 seconds
208.385: [GC (Allocation Failure)  538602K->223530K(1033216K), 0.0049233 secs]
208.390: Total time for which application threads were stopped: 0.0050669 seconds, Stopping threads took: 0.0000197 seconds
208.456: [GC (Allocation Failure)  542506K->227788K(1034240K), 0.0039791 secs]
208.460: Total time for which application threads were stopped: 0.0041275 seconds, Stopping threads took: 0.0000202 seconds
208.527: [GC (Allocation Failure)  547788K->227660K(1033728K), 0.0066814 secs]
208.534: Total time for which application threads were stopped: 0.0068482 seconds, Stopping threads took: 0.0000204 seconds
208.598: [GC (Allocation Failure)  547660K->231276K(1034752K), 0.0048569 secs]
208.603: Total time for which application threads were stopped: 0.0050170 seconds, Stopping threads took: 0.0000190 seconds
208.671: [GC (Allocation Failure)  552300K->235791K(1034240K), 0.0041197 secs]
208.676: Total time for which application threads were stopped: 0.0042778 seconds, Stopping threads took: 0.0000255 seconds
208.743: [GC (Allocation Failure)  556815K->235695K(1034752K), 0.0040988 secs]
208.748: Total time for which application threads were stopped: 0.0042789 seconds, Stopping threads took: 0.0000253 seconds
208.814: [GC (Allocation Failure)  557231K->239495K(1034752K), 0.0049730 secs]
208.819: Total time for which application threads were stopped: 0.0051493 seconds, Stopping threads took: 0.0000202 seconds
208.887: [GC (Allocation Failure)  561031K->243753K(1035264K), 0.0040134 secs]
208.891: Total time for which application threads were stopped: 0.0041747 seconds, Stopping threads took: 0.0000209 seconds
208.958: [GC (Allocation Failure)  566313K->243721K(1035264K), 0.0041453 secs]
208.962: Total time for which application threads were stopped: 0.0042930 seconds, Stopping threads took: 0.0000189 seconds
209.027: [GC (Allocation Failure)  566281K->246729K(1035264K), 0.0046448 secs]
209.031: Total time for which application threads were stopped: 0.0047939 seconds, Stopping threads took: 0.0000273 seconds
209.098: [GC (Allocation Failure)  569289K->251787K(1035264K), 0.0041260 secs]
209.102: Total time for which application threads were stopped: 0.0042854 seconds, Stopping threads took: 0.0000194 seconds
209.170: [GC (Allocation Failure)  574347K->251755K(1035264K), 0.0040786 secs]
209.174: Total time for which application threads were stopped: 0.0042315 seconds, Stopping threads took: 0.0000159 seconds
209.239: [GC (Allocation Failure)  574315K->254859K(1035264K), 0.0046923 secs]
209.244: Total time for which application threads were stopped: 0.0048337 seconds, Stopping threads took: 0.0000247 seconds
209.309: [GC (Allocation Failure)  577419K->259917K(1035264K), 0.0041773 secs]
209.313: Total time for which application threads were stopped: 0.0043370 seconds, Stopping threads took: 0.0000199 seconds
209.381: [GC (Allocation Failure)  582477K->259789K(1035264K), 0.0041334 secs]
209.385: Total time for which application threads were stopped: 0.0043059 seconds, Stopping threads took: 0.0000198 seconds
209.451: [GC (Allocation Failure)  582349K->255083K(1035776K), 0.0022626 secs]
209.453: Total time for which application threads were stopped: 0.0024095 seconds, Stopping threads took: 0.0000199 seconds
209.520: [GC (Allocation Failure)  578155K->259821K(1035264K), 0.0042692 secs]
209.524: Total time for which application threads were stopped: 0.0044412 seconds, Stopping threads took: 0.0000205 seconds
209.594: [GC (Allocation Failure)  582893K->259789K(1035776K), 0.0041973 secs]
209.598: Total time for which application threads were stopped: 0.0043585 seconds, Stopping threads took: 0.0000204 seconds
209.665: [GC (Allocation Failure)  583373K->261419K(1032704K), 0.0048762 secs]
209.670: Total time for which application threads were stopped: 0.0050516 seconds, Stopping threads took: 0.0000197 seconds
209.738: [GC (Allocation Failure)  585003K->260045K(1035264K), 0.0041140 secs]
209.743: Total time for which application threads were stopped: 0.0042907 seconds, Stopping threads took: 0.0000271 seconds
209.809: [GC (Allocation Failure)  582605K->259789K(1035264K), 0.0042374 secs]
209.813: Total time for which application threads were stopped: 0.0044169 seconds, Stopping threads took: 0.0000197 seconds
209.881: [GC (Allocation Failure)  582349K->266699K(1031168K), 0.0073924 secs]
209.888: Total time for which application threads were stopped: 0.0075636 seconds, Stopping threads took: 0.0000198 seconds
209.956: [GC (Allocation Failure)  585163K->261677K(1033216K), 0.0039858 secs]
209.960: Total time for which application threads were stopped: 0.0041940 seconds, Stopping threads took: 0.0000240 seconds
210.029: [GC (Allocation Failure)  580141K->261453K(1034240K), 0.0042227 secs]
210.033: Total time for which application threads were stopped: 0.0043832 seconds, Stopping threads took: 0.0000197 seconds
210.098: [GC (Allocation Failure)  581453K->261931K(1033728K), 0.0043330 secs]
210.103: Total time for which application threads were stopped: 0.0044942 seconds, Stopping threads took: 0.0000193 seconds
210.171: [GC (Allocation Failure)  581931K->261581K(1035264K), 0.0039611 secs]
210.175: Total time for which application threads were stopped: 0.0041243 seconds, Stopping threads took: 0.0000277 seconds
210.243: [GC (Allocation Failure)  583629K->261453K(1034752K), 0.0041088 secs]
210.248: Total time for which application threads were stopped: 0.0042727 seconds, Stopping threads took: 0.0000203 seconds
210.314: [GC (Allocation Failure)  583501K->262667K(1035776K), 0.0046105 secs]
210.318: Total time for which application threads were stopped: 0.0047403 seconds, Stopping threads took: 0.0000189 seconds
210.385: [GC (Allocation Failure)  586251K->261517K(1035776K), 0.0039904 secs]
210.389: Total time for which application threads were stopped: 0.0041279 seconds, Stopping threads took: 0.0000200 seconds
210.459: [GC (Allocation Failure)  585101K->261453K(1036800K), 0.0040670 secs]
210.463: Total time for which application threads were stopped: 0.0042250 seconds, Stopping threads took: 0.0000167 seconds
210.528: [GC (Allocation Failure)  586573K->255179K(1026560K), 0.0017602 secs]
210.530: Total time for which application threads were stopped: 0.0018936 seconds, Stopping threads took: 0.0000194 seconds
210.598: [GC (Allocation Failure)  580299K->261509K(1036288K), 0.0040560 secs]
210.602: Total time for which application threads were stopped: 0.0042087 seconds, Stopping threads took: 0.0000185 seconds
210.670: [GC (Allocation Failure)  585605K->265605K(1035776K), 0.0046598 secs]
210.675: Total time for which application threads were stopped: 0.0048304 seconds, Stopping threads took: 0.0000282 seconds
210.743: [GC (Allocation Failure)  589701K->265573K(1036800K), 0.0039645 secs]
210.747: Total time for which application threads were stopped: 0.0041430 seconds, Stopping threads took: 0.0000200 seconds
210.813: [GC (Allocation Failure)  590693K->266109K(1025536K), 0.0049553 secs]
210.818: Total time for which application threads were stopped: 0.0051141 seconds, Stopping threads took: 0.0000183 seconds
210.886: [GC (Allocation Failure)  591229K->273664K(1035776K), 0.0041924 secs]
210.890: Total time for which application threads were stopped: 0.0043500 seconds, Stopping threads took: 0.0000191 seconds
210.958: [GC (Allocation Failure)  597248K->273664K(1035776K), 0.0040237 secs]
210.962: Total time for which application threads were stopped: 0.0042165 seconds, Stopping threads took: 0.0000192 seconds
211.031: [GC (Allocation Failure)  597248K->273864K(1034240K), 0.0040739 secs]
211.035: Total time for which application threads were stopped: 0.0042451 seconds, Stopping threads took: 0.0000281 seconds
211.103: [GC (Allocation Failure)  596424K->281706K(1035264K), 0.0039774 secs]
211.107: Total time for which application threads were stopped: 0.0041379 seconds, Stopping threads took: 0.0000198 seconds
211.175: [GC (Allocation Failure)  604266K->281674K(1035776K), 0.0041146 secs]
211.179: Total time for which application threads were stopped: 0.0042798 seconds, Stopping threads took: 0.0000266 seconds
211.247: [GC (Allocation Failure)  604746K->281834K(1035264K), 0.0041345 secs]
211.251: Total time for which application threads were stopped: 0.0042961 seconds, Stopping threads took: 0.0000248 seconds
211.318: [GC (Allocation Failure)  604906K->289740K(1034240K), 0.0045073 secs]
211.323: Total time for which application threads were stopped: 0.0046806 seconds, Stopping threads took: 0.0000199 seconds
211.388: [GC (Allocation Failure)  611276K->289740K(1034752K), 0.0043542 secs]
211.392: Total time for which application threads were stopped: 0.0045227 seconds, Stopping threads took: 0.0000218 seconds
211.458: [GC (Allocation Failure)  611276K->289836K(1034240K), 0.0042005 secs]
211.462: Total time for which application threads were stopped: 0.0043461 seconds, Stopping threads took: 0.0000176 seconds
211.528: [GC (Allocation Failure)  611372K->297742K(1034752K), 0.0041760 secs]
211.533: Total time for which application threads were stopped: 0.0043378 seconds, Stopping threads took: 0.0000210 seconds
211.598: [GC (Allocation Failure)  619278K->297742K(1034752K), 0.0042574 secs]
211.603: Total time for which application threads were stopped: 0.0044079 seconds, Stopping threads took: 0.0000200 seconds
211.669: [GC (Allocation Failure)  619278K->297806K(1021440K), 0.0042828 secs]
211.673: Total time for which application threads were stopped: 0.0044503 seconds, Stopping threads took: 0.0000199 seconds
211.741: [GC (Allocation Failure)  619342K->305809K(1034240K), 0.0043587 secs]
211.745: Total time for which application threads were stopped: 0.0045211 seconds, Stopping threads took: 0.0000203 seconds
211.812: [GC (Allocation Failure)  626321K->305777K(1034240K), 0.0043557 secs]
211.816: Total time for which application threads were stopped: 0.0045147 seconds, Stopping threads took: 0.0000195 seconds
211.884: [GC (Allocation Failure)  626289K->305833K(1034240K), 0.0042869 secs]
211.888: Total time for which application threads were stopped: 0.0044405 seconds, Stopping threads took: 0.0000189 seconds
211.956: [GC (Allocation Failure)  626345K->313803K(1028096K), 0.0040972 secs]
211.960: Total time for which application threads were stopped: 0.0042744 seconds, Stopping threads took: 0.0000196 seconds
212.027: [GC (Allocation Failure)  634315K->313835K(1033728K), 0.0041956 secs]
212.032: Total time for which application threads were stopped: 0.0043841 seconds, Stopping threads took: 0.0000196 seconds
212.097: [GC (Allocation Failure)  633323K->313955K(1033728K), 0.0049324 secs]
212.102: Total time for which application threads were stopped: 0.0050811 seconds, Stopping threads took: 0.0000196 seconds
212.168: [GC (Allocation Failure)  633443K->321829K(1033728K), 0.0041943 secs]
212.172: Total time for which application threads were stopped: 0.0043851 seconds, Stopping threads took: 0.0000283 seconds
212.240: [GC (Allocation Failure)  641317K->321797K(1033728K), 0.0041401 secs]
212.244: Total time for which application threads were stopped: 0.0043049 seconds, Stopping threads took: 0.0000206 seconds
212.311: [GC (Allocation Failure)  641285K->322253K(1033728K), 0.0044252 secs]
212.315: Total time for which application threads were stopped: 0.0045854 seconds, Stopping threads took: 0.0000164 seconds
212.383: [GC (Allocation Failure)  641741K->329872K(1033728K), 0.0039698 secs]
212.387: Total time for which application threads were stopped: 0.0041232 seconds, Stopping threads took: 0.0000201 seconds
212.453: [GC (Allocation Failure)  649360K->329840K(1033728K), 0.0042440 secs]
212.457: Total time for which application threads were stopped: 0.0044060 seconds, Stopping threads took: 0.0000206 seconds
212.522: [GC (Allocation Failure)  649328K->329928K(1033728K), 0.0041246 secs]
212.526: Total time for which application threads were stopped: 0.0043002 seconds, Stopping threads took: 0.0000252 seconds
212.592: [GC (Allocation Failure)  649416K->337898K(1032704K), 0.0040834 secs]
212.596: Total time for which application threads were stopped: 0.0042342 seconds, Stopping threads took: 0.0000188 seconds
212.667: [GC (Allocation Failure)  656362K->337898K(1033216K), 0.0043043 secs]
212.671: Total time for which application threads were stopped: 0.0044688 seconds, Stopping threads took: 0.0000262 seconds
212.736: [GC (Allocation Failure)  656362K->338218K(1033216K), 0.0046315 secs]
212.741: Total time for which application threads were stopped: 0.0047924 seconds, Stopping threads took: 0.0000191 seconds
212.808: [GC (Allocation Failure)  656682K->345932K(1033216K), 0.0044008 secs]
212.812: Total time for which application threads were stopped: 0.0045631 seconds, Stopping threads took: 0.0000196 seconds
212.876: [GC (Allocation Failure)  664396K->342058K(1034240K), 0.0032871 secs]
212.880: Total time for which application threads were stopped: 0.0034708 seconds, Stopping threads took: 0.0000207 seconds
212.948: [GC (Allocation Failure)  661546K->346052K(1033216K), 0.0043558 secs]
212.952: Total time for which application threads were stopped: 0.0045340 seconds, Stopping threads took: 0.0000211 seconds
213.021: [GC (Allocation Failure)  665540K->350052K(1034752K), 0.0043254 secs]
213.026: Total time for which application threads were stopped: 0.0045231 seconds, Stopping threads took: 0.0000209 seconds
213.094: [GC (Allocation Failure)  671588K->343266K(1034752K), 0.0016790 secs]
213.095: Total time for which application threads were stopped: 0.0018005 seconds, Stopping threads took: 0.0000166 seconds
213.163: [GC (Allocation Failure)  664802K->350124K(1034752K), 0.0041251 secs]
213.167: Total time for which application threads were stopped: 0.0042975 seconds, Stopping threads took: 0.0000259 seconds
213.235: [GC (Allocation Failure)  671660K->354228K(1034752K), 0.0051007 secs]
213.240: Total time for which application threads were stopped: 0.0052996 seconds, Stopping threads took: 0.0000259 seconds
213.306: [GC (Allocation Failure)  675764K->348658K(1034752K), 0.0021902 secs]
213.309: Total time for which application threads were stopped: 0.0023422 seconds, Stopping threads took: 0.0000198 seconds
213.375: [GC (Allocation Failure)  670194K->354460K(1034752K), 0.0043609 secs]
213.380: Total time for which application threads were stopped: 0.0045145 seconds, Stopping threads took: 0.0000196 seconds
213.448: [GC (Allocation Failure)  675996K->358364K(1035264K), 0.0064565 secs]
213.455: Total time for which application threads were stopped: 0.0066422 seconds, Stopping threads took: 0.0000199 seconds
213.520: [GC (Allocation Failure)  680852K->354426K(1035264K), 0.0032109 secs]
213.524: Total time for which application threads were stopped: 0.0033583 seconds, Stopping threads took: 0.0000191 seconds
213.591: [GC (Allocation Failure)  676986K->358492K(1036288K), 0.0043057 secs]
213.595: Total time for which application threads were stopped: 0.0044461 seconds, Stopping threads took: 0.0000197 seconds
213.663: [GC (Allocation Failure)  682588K->362460K(1035776K), 0.0055836 secs]
213.668: Total time for which application threads were stopped: 0.0057588 seconds, Stopping threads took: 0.0000279 seconds
213.737: [GC (Allocation Failure)  686556K->362460K(1035776K), 0.0042004 secs]
213.741: Total time for which application threads were stopped: 0.0043639 seconds, Stopping threads took: 0.0000217 seconds
213.810: [GC (Allocation Failure)  686044K->362524K(1023488K), 0.0043028 secs]
213.814: Total time for which application threads were stopped: 0.0044953 seconds, Stopping threads took: 0.0000191 seconds
213.882: [GC (Allocation Failure)  686108K->370526K(1035264K), 0.0042786 secs]
213.886: Total time for which application threads were stopped: 0.0044352 seconds, Stopping threads took: 0.0000165 seconds
213.954: [GC (Allocation Failure)  693086K->370462K(1030144K), 0.0042553 secs]
213.958: Total time for which application threads were stopped: 0.0044171 seconds, Stopping threads took: 0.0000206 seconds
214.025: [GC (Allocation Failure)  693022K->370558K(1034752K), 0.0045539 secs]
214.030: Total time for which application threads were stopped: 0.0047119 seconds, Stopping threads took: 0.0000195 seconds
214.097: [GC (Allocation Failure)  692094K->378529K(1034752K), 0.0045801 secs]
214.102: Total time for which application threads were stopped: 0.0047448 seconds, Stopping threads took: 0.0000191 seconds
214.170: [GC (Allocation Failure)  700065K->378529K(1033728K), 0.0040822 secs]
214.174: Total time for which application threads were stopped: 0.0042360 seconds, Stopping threads took: 0.0000278 seconds
214.242: [GC (Allocation Failure)  699041K->378793K(1034240K), 0.0045709 secs]
214.247: Total time for which application threads were stopped: 0.0047161 seconds, Stopping threads took: 0.0000167 seconds
214.314: [GC (Allocation Failure)  699305K->386603K(1034240K), 0.0042901 secs]
214.319: Total time for which application threads were stopped: 0.0044640 seconds, Stopping threads took: 0.0000298 seconds
214.386: [GC (Allocation Failure)  707115K->386603K(1034240K), 0.0044841 secs]
214.391: Total time for which application threads were stopped: 0.0046408 seconds, Stopping threads took: 0.0000199 seconds
214.457: [GC (Allocation Failure)  707115K->387011K(1033216K), 0.0046978 secs]
214.462: Total time for which application threads were stopped: 0.0048527 seconds, Stopping threads took: 0.0000199 seconds
214.529: [GC (Allocation Failure)  706499K->394597K(1033728K), 0.0050546 secs]
214.534: Total time for which application threads were stopped: 0.0052178 seconds, Stopping threads took: 0.0000190 seconds
214.602: [GC (Allocation Failure)  714085K->394597K(1033728K), 0.0045032 secs]
214.607: Total time for which application threads were stopped: 0.0046731 seconds, Stopping threads took: 0.0000189 seconds
214.673: [GC (Allocation Failure)  714085K->394733K(1033728K), 0.0043836 secs]
214.677: Total time for which application threads were stopped: 0.0045441 seconds, Stopping threads took: 0.0000197 seconds
214.745: [GC (Allocation Failure)  714221K->402639K(1033728K), 0.0041537 secs]
214.749: Total time for which application threads were stopped: 0.0043484 seconds, Stopping threads took: 0.0000268 seconds
214.818: [GC (Allocation Failure)  722127K->402607K(1033728K), 0.0043693 secs]
214.823: Total time for which application threads were stopped: 0.0045412 seconds, Stopping threads took: 0.0000197 seconds
214.890: [GC (Allocation Failure)  722095K->402695K(1033728K), 0.0043465 secs]
214.894: Total time for which application threads were stopped: 0.0045154 seconds, Stopping threads took: 0.0000200 seconds
214.961: [GC (Allocation Failure)  722183K->410666K(1027072K), 0.0046785 secs]
214.966: Total time for which application threads were stopped: 0.0048535 seconds, Stopping threads took: 0.0000206 seconds
215.033: [GC (Allocation Failure)  730153K->406791K(1034240K), 0.0035188 secs]
215.037: Total time for which application threads were stopped: 0.0036733 seconds, Stopping threads took: 0.0000207 seconds
215.104: [GC (Allocation Failure)  726279K->410826K(1033216K), 0.0045303 secs]
215.109: Total time for which application threads were stopped: 0.0047191 seconds, Stopping threads took: 0.0000206 seconds
215.177: [GC (Allocation Failure)  730314K->414762K(1034752K), 0.0042480 secs]
215.181: Total time for which application threads were stopped: 0.0044123 seconds, Stopping threads took: 0.0000273 seconds
215.245: [GC (Allocation Failure)  736298K->408007K(1034752K), 0.0019264 secs]
215.247: Total time for which application threads were stopped: 0.0020618 seconds, Stopping threads took: 0.0000205 seconds
215.314: [GC (Allocation Failure)  729543K->414858K(1034752K), 0.0097503 secs]
215.323: Total time for which application threads were stopped: 0.0099084 seconds, Stopping threads took: 0.0000200 seconds
215.390: [GC (Allocation Failure)  736394K->418962K(1034752K), 0.0053819 secs]
215.395: Total time for which application threads were stopped: 0.0055573 seconds, Stopping threads took: 0.0000198 seconds
215.458: [GC (Allocation Failure)  740498K->413359K(1034752K), 0.0026104 secs]
215.461: Total time for which application threads were stopped: 0.0027452 seconds, Stopping threads took: 0.0000190 seconds
215.526: [GC (Allocation Failure)  734895K->419202K(1034752K), 0.0043691 secs]
215.530: Total time for which application threads were stopped: 0.0045036 seconds, Stopping threads took: 0.0000193 seconds
215.594: [GC (Allocation Failure)  740738K->423074K(1034752K), 0.0047004 secs]
215.599: Total time for which application threads were stopped: 0.0048550 seconds, Stopping threads took: 0.0000345 seconds
215.665: [GC (Allocation Failure)  745562K->419167K(1035264K), 0.0033496 secs]
215.668: Total time for which application threads were stopped: 0.0035183 seconds, Stopping threads took: 0.0000198 seconds
215.737: [GC (Allocation Failure)  741727K->423242K(1036288K), 0.0045013 secs]
215.742: Total time for which application threads were stopped: 0.0046614 seconds, Stopping threads took: 0.0000166 seconds
215.809: [GC (Allocation Failure)  747338K->427242K(1035776K), 0.0044491 secs]
215.814: Total time for which application threads were stopped: 0.0046040 seconds, Stopping threads took: 0.0000194 seconds
215.880: [GC (Allocation Failure)  751338K->427210K(1035776K), 0.0044741 secs]
215.885: Total time for which application threads were stopped: 0.0046361 seconds, Stopping threads took: 0.0000193 seconds
215.951: [GC (Allocation Failure)  750794K->427274K(1023488K), 0.0044344 secs]
215.955: Total time for which application threads were stopped: 0.0045813 seconds, Stopping threads took: 0.0000280 seconds
216.021: [GC (Allocation Failure)  750858K->435276K(1035264K), 0.0044948 secs]
216.025: Total time for which application threads were stopped: 0.0046354 seconds, Stopping threads took: 0.0000266 seconds
216.091: [GC (Allocation Failure)  757836K->435212K(1030144K), 0.0042759 secs]
216.096: Total time for which application threads were stopped: 0.0044203 seconds, Stopping threads took: 0.0000196 seconds
216.163: [GC (Allocation Failure)  757772K->435308K(1034752K), 0.0044753 secs]
216.167: Total time for which application threads were stopped: 0.0046221 seconds, Stopping threads took: 0.0000194 seconds
216.231: [GC (Allocation Failure)  756844K->443278K(1034752K), 0.0045449 secs]
216.235: Total time for which application threads were stopped: 0.0046801 seconds, Stopping threads took: 0.0000199 seconds
216.300: [GC (Allocation Failure)  764814K->443278K(1033728K), 0.0042766 secs]
216.304: Total time for which application threads were stopped: 0.0044132 seconds, Stopping threads took: 0.0000200 seconds
216.367: [GC (Allocation Failure)  763790K->443526K(1034240K), 0.0044440 secs]
216.372: Total time for which application threads were stopped: 0.0045788 seconds, Stopping threads took: 0.0000199 seconds
216.437: [GC (Allocation Failure)  764038K->451304K(1034240K), 0.0043674 secs]
216.442: Total time for which application threads were stopped: 0.0045107 seconds, Stopping threads took: 0.0000193 seconds
216.507: [GC (Allocation Failure)  771816K->451304K(1034240K), 0.0051807 secs]
216.512: Total time for which application threads were stopped: 0.0053126 seconds, Stopping threads took: 0.0000192 seconds
216.577: [GC (Allocation Failure)  771816K->451752K(1033216K), 0.0044997 secs]
216.581: Total time for which application threads were stopped: 0.0046391 seconds, Stopping threads took: 0.0000212 seconds
216.649: [GC (Allocation Failure)  771240K->459371K(1033728K), 0.0043991 secs]
216.654: Total time for which application threads were stopped: 0.0045231 seconds, Stopping threads took: 0.0000170 seconds
216.721: [GC (Allocation Failure)  778859K->459339K(1033728K), 0.0042442 secs]
216.725: Total time for which application threads were stopped: 0.0043775 seconds, Stopping threads took: 0.0000260 seconds
216.788: [GC (Allocation Failure)  778827K->459467K(1033728K), 0.0044619 secs]
216.793: Total time for which application threads were stopped: 0.0046121 seconds, Stopping threads took: 0.0000338 seconds
216.858: [GC (Allocation Failure)  778955K->467405K(1033728K), 0.0044174 secs]
216.863: Total time for which application threads were stopped: 0.0045687 seconds, Stopping threads took: 0.0000206 seconds
216.926: [GC (Allocation Failure)  786893K->467405K(1033728K), 0.0044745 secs]
216.930: Total time for which application threads were stopped: 0.0046241 seconds, Stopping threads took: 0.0000280 seconds
216.993: [GC (Allocation Failure)  786893K->467437K(1033728K), 0.0044643 secs]
216.998: Total time for which application threads were stopped: 0.0046216 seconds, Stopping threads took: 0.0000287 seconds
217.060: [GC (Allocation Failure)  786925K->475407K(1027072K), 0.0044252 secs]
217.065: Total time for which application threads were stopped: 0.0045464 seconds, Stopping threads took: 0.0000197 seconds
217.128: [GC (Allocation Failure)  794895K->471501K(1034240K), 0.0035341 secs]
217.132: Total time for which application threads were stopped: 0.0036704 seconds, Stopping threads took: 0.0000163 seconds
217.195: [GC (Allocation Failure)  790989K->475559K(1033216K), 0.0045098 secs]
217.200: Total time for which application threads were stopped: 0.0046477 seconds, Stopping threads took: 0.0000184 seconds
217.264: [GC (Allocation Failure)  795047K->479559K(1034752K), 0.0043580 secs]
217.268: Total time for which application threads were stopped: 0.0045071 seconds, Stopping threads took: 0.0000242 seconds
217.332: [GC (Allocation Failure)  801095K->472741K(1034752K), 0.0020111 secs]
217.334: Total time for which application threads were stopped: 0.0021470 seconds, Stopping threads took: 0.0000200 seconds
217.399: [GC (Allocation Failure)  794277K->479599K(1034752K), 0.0045355 secs]
217.404: Total time for which application threads were stopped: 0.0046774 seconds, Stopping threads took: 0.0000187 seconds
217.466: [GC (Allocation Failure)  801135K->483711K(1034752K), 0.0053210 secs]
217.471: Total time for which application threads were stopped: 0.0054598 seconds, Stopping threads took: 0.0000194 seconds
217.534: [GC (Allocation Failure)  805247K->478109K(1034752K), 0.0026686 secs]
217.537: Total time for which application threads were stopped: 0.0028005 seconds, Stopping threads took: 0.0000191 seconds
217.602: [GC (Allocation Failure)  799645K->483951K(1034752K), 0.0044646 secs]
217.607: Total time for which application threads were stopped: 0.0046222 seconds, Stopping threads took: 0.0000192 seconds
217.673: [GC (Allocation Failure)  805487K->487823K(1035264K), 0.0048128 secs]
217.678: Total time for which application threads were stopped: 0.0049540 seconds, Stopping threads took: 0.0000245 seconds
217.742: [GC (Allocation Failure)  810312K->483917K(1035264K), 0.0034730 secs]
217.745: Total time for which application threads were stopped: 0.0036138 seconds, Stopping threads took: 0.0000198 seconds
217.811: [GC (Allocation Failure)  806477K->487951K(1036288K), 0.0047723 secs]
217.816: Total time for which application threads were stopped: 0.0049203 seconds, Stopping threads took: 0.0000285 seconds
217.882: [GC (Allocation Failure)  812047K->491983K(1035776K), 0.0045429 secs]
217.886: Total time for which application threads were stopped: 0.0046810 seconds, Stopping threads took: 0.0000205 seconds
217.951: [GC (Allocation Failure)  816079K->491951K(1035776K), 0.0044238 secs]
217.955: Total time for which application threads were stopped: 0.0045645 seconds, Stopping threads took: 0.0000194 seconds
218.019: [GC (Allocation Failure)  815535K->492007K(1023488K), 0.0045417 secs]
218.023: Total time for which application threads were stopped: 0.0047078 seconds, Stopping threads took: 0.0000249 seconds
218.088: [GC (Allocation Failure)  815591K->499978K(1035264K), 0.0046477 secs]
218.093: Total time for which application threads were stopped: 0.0047911 seconds, Stopping threads took: 0.0000191 seconds
218.156: [GC (Allocation Failure)  822538K->499978K(1030144K), 0.0044126 secs]
218.161: Total time for which application threads were stopped: 0.0045487 seconds, Stopping threads took: 0.0000192 seconds
218.226: [GC (Allocation Failure)  822538K->500042K(1034752K), 0.0044972 secs]
218.230: Total time for which application threads were stopped: 0.0046475 seconds, Stopping threads took: 0.0000278 seconds
218.294: [GC (Allocation Failure)  821578K->508012K(1029120K), 0.0047533 secs]
218.299: Total time for which application threads were stopped: 0.0048952 seconds, Stopping threads took: 0.0000199 seconds
218.364: [GC (Allocation Failure)  829548K->508012K(1034240K), 0.0044068 secs]
218.369: Total time for which application threads were stopped: 0.0045430 seconds, Stopping threads took: 0.0000196 seconds
218.433: [GC (Allocation Failure)  828524K->508268K(1034240K), 0.0046539 secs]
218.437: Total time for which application threads were stopped: 0.0047987 seconds, Stopping threads took: 0.0000199 seconds
218.501: [GC (Allocation Failure)  828780K->516046K(1034240K), 0.0043588 secs]
218.506: Total time for which application threads were stopped: 0.0045010 seconds, Stopping threads took: 0.0000196 seconds
218.570: [GC (Allocation Failure)  836558K->516046K(1034240K), 0.0045917 secs]
218.575: Total time for which application threads were stopped: 0.0047263 seconds, Stopping threads took: 0.0000194 seconds
218.640: [GC (Allocation Failure)  836558K->516486K(1033216K), 0.0045990 secs]
218.645: Total time for which application threads were stopped: 0.0047668 seconds, Stopping threads took: 0.0000199 seconds
218.714: [GC (Allocation Failure)  835974K->524104K(1033728K), 0.0045857 secs]
218.719: Total time for which application threads were stopped: 0.0047401 seconds, Stopping threads took: 0.0000266 seconds
218.785: [GC (Allocation Failure)  843592K->524104K(1033728K), 0.0047500 secs]
218.790: Total time for which application threads were stopped: 0.0049051 seconds, Stopping threads took: 0.0000202 seconds
218.856: [GC (Allocation Failure)  843592K->524200K(1033728K), 0.0046557 secs]
218.861: Total time for which application threads were stopped: 0.0048196 seconds, Stopping threads took: 0.0000197 seconds
218.928: [GC (Allocation Failure)  843688K->532107K(1033728K), 0.0044690 secs]
218.933: Total time for which application threads were stopped: 0.0046260 seconds, Stopping threads took: 0.0000197 seconds
219.000: [GC (Allocation Failure)  851595K->532107K(1033728K), 0.0045990 secs]
219.005: Total time for which application threads were stopped: 0.0047547 seconds, Stopping threads took: 0.0000205 seconds
219.071: [GC (Allocation Failure)  851595K->532171K(1033728K), 0.0047271 secs]
219.076: Total time for which application threads were stopped: 0.0049177 seconds, Stopping threads took: 0.0000199 seconds
219.144: [GC (Allocation Failure)  851659K->540141K(1027072K), 0.0047797 secs]
219.149: Total time for which application threads were stopped: 0.0049476 seconds, Stopping threads took: 0.0000210 seconds
219.215: [GC (Allocation Failure)  859628K->536235K(1034240K), 0.0036818 secs]
219.218: Total time for which application threads were stopped: 0.0038480 seconds, Stopping threads took: 0.0000270 seconds
219.285: [GC (Allocation Failure)  855723K->540301K(1033216K), 0.0046224 secs]
219.290: Total time for which application threads were stopped: 0.0047934 seconds, Stopping threads took: 0.0000210 seconds
219.357: [GC (Allocation Failure)  859789K->544269K(1034752K), 0.0045254 secs]
219.362: Total time for which application threads were stopped: 0.0046942 seconds, Stopping threads took: 0.0000209 seconds
219.428: [GC (Allocation Failure)  865805K->537483K(1034752K), 0.0020850 secs]
219.430: Total time for which application threads were stopped: 0.0022382 seconds, Stopping threads took: 0.0000197 seconds
219.499: [GC (Allocation Failure)  859019K->544341K(1034752K), 0.0046379 secs]
219.503: Total time for which application threads were stopped: 0.0047822 seconds, Stopping threads took: 0.0000165 seconds
219.569: [GC (Allocation Failure)  865877K->548421K(1034752K), 0.0055299 secs]
219.574: Total time for which application threads were stopped: 0.0056938 seconds, Stopping threads took: 0.0000198 seconds
219.640: [GC (Allocation Failure)  869957K->542851K(1034752K), 0.0026191 secs]
219.643: Total time for which application threads were stopped: 0.0027591 seconds, Stopping threads took: 0.0000156 seconds
219.710: [GC (Allocation Failure)  864387K->548653K(1034752K), 0.0049513 secs]
219.715: Total time for which application threads were stopped: 0.0051271 seconds, Stopping threads took: 0.0000256 seconds
219.782: [GC (Allocation Failure)  870189K->552589K(1034752K), 0.0051588 secs]
219.788: Total time for which application threads were stopped: 0.0053681 seconds, Stopping threads took: 0.0000199 seconds
219.855: [GC (Allocation Failure)  875077K->548651K(1035264K), 0.0036358 secs]
219.859: Total time for which application threads were stopped: 0.0038214 seconds, Stopping threads took: 0.0000166 seconds
219.929: [GC (Allocation Failure)  871211K->552717K(1036288K), 0.0048961 secs]
219.934: Total time for which application threads were stopped: 0.0050739 seconds, Stopping threads took: 0.0000280 seconds
220.001: [GC (Allocation Failure)  876813K->556685K(1035776K), 0.0046653 secs]
220.006: Total time for which application threads were stopped: 0.0048615 seconds, Stopping threads took: 0.0000204 seconds
220.074: [GC (Allocation Failure)  880781K->556685K(1035776K), 0.0046515 secs]
220.079: Total time for which application threads were stopped: 0.0048325 seconds, Stopping threads took: 0.0000204 seconds
220.147: [GC (Allocation Failure)  880269K->556749K(1023488K), 0.0045302 secs]
220.151: Total time for which application threads were stopped: 0.0047205 seconds, Stopping threads took: 0.0000204 seconds
220.219: [GC (Allocation Failure)  880333K->564751K(1035264K), 0.0046577 secs]
220.224: Total time for which application threads were stopped: 0.0048139 seconds, Stopping threads took: 0.0000253 seconds
220.292: [GC (Allocation Failure)  887311K->564751K(1030144K), 0.0046513 secs]
220.296: Total time for which application threads were stopped: 0.0048461 seconds, Stopping threads took: 0.0000249 seconds
220.365: [GC (Allocation Failure)  887311K->564775K(1034752K), 0.0048185 secs]
220.370: Total time for which application threads were stopped: 0.0049798 seconds, Stopping threads took: 0.0000194 seconds
220.437: [GC (Allocation Failure)  886311K->572745K(1029120K), 0.0049273 secs]
220.442: Total time for which application threads were stopped: 0.0051166 seconds, Stopping threads took: 0.0000192 seconds
220.511: [GC (Allocation Failure)  894281K->572745K(1034240K), 0.0045923 secs]
220.516: Total time for which application threads were stopped: 0.0047833 seconds, Stopping threads took: 0.0000172 seconds
220.584: [GC (Allocation Failure)  893257K->573001K(1034240K), 0.0045798 secs]
220.589: Total time for which application threads were stopped: 0.0047600 seconds, Stopping threads took: 0.0000169 seconds
220.660: [GC (Allocation Failure)  893513K->580780K(1034240K), 0.0046982 secs]
220.664: Total time for which application threads were stopped: 0.0048464 seconds, Stopping threads took: 0.0000169 seconds
220.734: [GC (Allocation Failure)  901292K->580780K(1034240K), 0.0048167 secs]
220.739: Total time for which application threads were stopped: 0.0049859 seconds, Stopping threads took: 0.0000270 seconds
220.806: [GC (Allocation Failure)  901292K->581228K(1033216K), 0.0048098 secs]
220.811: Total time for which application threads were stopped: 0.0049797 seconds, Stopping threads took: 0.0000199 seconds
220.878: [GC (Allocation Failure)  900716K->588846K(1033728K), 0.0049851 secs]
220.883: Total time for which application threads were stopped: 0.0051439 seconds, Stopping threads took: 0.0000195 seconds
220.951: [GC (Allocation Failure)  908334K->588846K(1033728K), 0.0047775 secs]
220.956: Total time for which application threads were stopped: 0.0049620 seconds, Stopping threads took: 0.0000208 seconds
221.021: [GC (Allocation Failure)  908334K->588902K(1033728K), 0.0066856 secs]
221.027: Total time for which application threads were stopped: 0.0068350 seconds, Stopping threads took: 0.0000173 seconds
221.095: [GC (Allocation Failure)  908390K->596872K(1033728K), 0.0047759 secs]
221.100: Total time for which application threads were stopped: 0.0049367 seconds, Stopping threads took: 0.0000194 seconds
221.167: [GC (Allocation Failure)  916360K->596840K(1033728K), 0.0047319 secs]
221.172: Total time for which application threads were stopped: 0.0049064 seconds, Stopping threads took: 0.0000218 seconds
221.241: [GC (Allocation Failure)  916328K->596904K(1033728K), 0.0046155 secs]
221.245: Total time for which application threads were stopped: 0.0047874 seconds, Stopping threads took: 0.0000168 seconds
221.312: [GC (Allocation Failure)  916392K->604874K(1027072K), 0.0049398 secs]
221.317: Total time for which application threads were stopped: 0.0051348 seconds, Stopping threads took: 0.0000203 seconds
221.383: [GC (Allocation Failure)  924362K->601000K(1034240K), 0.0039815 secs]
221.388: Total time for which application threads were stopped: 0.0041619 seconds, Stopping threads took: 0.0000198 seconds
221.455: [GC (Allocation Failure)  920488K->605034K(1033216K), 0.0047994 secs]
221.460: Total time for which application threads were stopped: 0.0049993 seconds, Stopping threads took: 0.0000200 seconds
221.529: [GC (Allocation Failure)  924522K->609002K(1034752K), 0.0049777 secs]
221.534: Total time for which application threads were stopped: 0.0051384 seconds, Stopping threads took: 0.0000197 seconds
221.601: [GC (Allocation Failure)  930538K->602184K(1034752K), 0.0021419 secs]
221.603: Total time for which application threads were stopped: 0.0022793 seconds, Stopping threads took: 0.0000199 seconds
221.671: [GC (Allocation Failure)  923720K->609058K(1034752K), 0.0054942 secs]
221.677: Total time for which application threads were stopped: 0.0056655 seconds, Stopping threads took: 0.0000196 seconds
221.745: [GC (Allocation Failure)  930594K->613170K(1034752K), 0.0057958 secs]
221.751: Total time for which application threads were stopped: 0.0059551 seconds, Stopping threads took: 0.0000198 seconds
221.816: [GC (Allocation Failure)  934706K->607568K(1034752K), 0.0036518 secs]
221.820: Total time for which application threads were stopped: 0.0038066 seconds, Stopping threads took: 0.0000200 seconds
221.888: [GC (Allocation Failure)  929104K->613442K(1034752K), 0.0048084 secs]
221.893: Total time for which application threads were stopped: 0.0049888 seconds, Stopping threads took: 0.0000194 seconds
221.960: [GC (Allocation Failure)  934978K->617314K(1035264K), 0.0052774 secs]
221.965: Total time for which application threads were stopped: 0.0054424 seconds, Stopping threads took: 0.0000202 seconds
222.032: [GC (Allocation Failure)  939803K->613376K(1035264K), 0.0038040 secs]
222.036: Total time for which application threads were stopped: 0.0039826 seconds, Stopping threads took: 0.0000205 seconds
222.105: [GC (Allocation Failure)  935936K->617450K(1036288K), 0.0049705 secs]
222.110: Total time for which application threads were stopped: 0.0051362 seconds, Stopping threads took: 0.0000202 seconds
222.177: [GC (Allocation Failure)  941546K->621418K(1035776K), 0.0048268 secs]
222.182: Total time for which application threads were stopped: 0.0050244 seconds, Stopping threads took: 0.0000199 seconds
222.253: [GC (Allocation Failure)  945514K->621450K(1035776K), 0.0047040 secs]
222.258: Total time for which application threads were stopped: 0.0048687 seconds, Stopping threads took: 0.0000245 seconds
222.326: [GC (Allocation Failure)  945034K->621482K(1023488K), 0.0047243 secs]
222.330: Total time for which application threads were stopped: 0.0049003 seconds, Stopping threads took: 0.0000203 seconds
222.398: [GC (Allocation Failure)  945066K->629453K(1035264K), 0.0048212 secs]
222.403: Total time for which application threads were stopped: 0.0049880 seconds, Stopping threads took: 0.0000191 seconds
222.471: [GC (Allocation Failure)  952013K->629421K(1030144K), 0.0047457 secs]
222.475: Total time for which application threads were stopped: 0.0048933 seconds, Stopping threads took: 0.0000196 seconds
222.544: [GC (Allocation Failure)  951981K->629517K(1034752K), 0.0048433 secs]
222.549: Total time for which application threads were stopped: 0.0050177 seconds, Stopping threads took: 0.0000206 seconds
222.616: [GC (Allocation Failure)  951053K->637487K(1034752K), 0.0060734 secs]
222.622: Total time for which application threads were stopped: 0.0062825 seconds, Stopping threads took: 0.0000196 seconds
222.691: [GC (Allocation Failure)  959023K->637519K(1033728K), 0.0046088 secs]
222.696: Total time for which application threads were stopped: 0.0047820 seconds, Stopping threads took: 0.0000252 seconds
222.763: [GC (Allocation Failure)  958031K->637735K(1034240K), 0.0048557 secs]
222.768: Total time for which application threads were stopped: 0.0050300 seconds, Stopping threads took: 0.0000255 seconds
222.836: [GC (Allocation Failure)  958247K->645545K(1034240K), 0.0047901 secs]
222.841: Total time for which application threads were stopped: 0.0049661 seconds, Stopping threads took: 0.0000217 seconds
222.908: [GC (Allocation Failure)  966057K->645513K(1034240K), 0.0049532 secs]
222.913: Total time for which application threads were stopped: 0.0051359 seconds, Stopping threads took: 0.0000197 seconds
222.982: [GC (Allocation Failure)  966025K->645961K(1033216K), 0.0049075 secs]
222.987: Total time for which application threads were stopped: 0.0050558 seconds, Stopping threads took: 0.0000168 seconds
223.055: [GC (Allocation Failure)  965449K->653548K(1033728K), 0.0048135 secs]
223.060: Total time for which application threads were stopped: 0.0049839 seconds, Stopping threads took: 0.0000194 seconds
223.128: [GC (Allocation Failure)  973036K->653548K(1033728K), 0.0047983 secs]
223.132: Total time for which application threads were stopped: 0.0049545 seconds, Stopping threads took: 0.0000190 seconds
223.199: [GC (Allocation Failure)  973036K->653676K(1033728K), 0.0047821 secs]
223.204: Total time for which application threads were stopped: 0.0049533 seconds, Stopping threads took: 0.0000191 seconds
223.272: [GC (Allocation Failure)  973164K->661582K(1033728K), 0.0048553 secs]
223.277: Total time for which application threads were stopped: 0.0050254 seconds, Stopping threads took: 0.0000280 seconds
223.343: [GC (Allocation Failure)  981070K->661582K(1033728K), 0.0049566 secs]
223.348: Total time for which application threads were stopped: 0.0051334 seconds, Stopping threads took: 0.0000283 seconds
223.415: [GC (Allocation Failure)  981070K->661638K(1033728K), 0.0049869 secs]
223.420: Total time for which application threads were stopped: 0.0051800 seconds, Stopping threads took: 0.0000193 seconds
223.488: [GC (Allocation Failure)  981126K->669576K(1027072K), 0.0053833 secs]
223.494: Total time for which application threads were stopped: 0.0055460 seconds, Stopping threads took: 0.0000201 seconds
223.559: [GC (Allocation Failure)  989064K->665702K(1034240K), 0.0040813 secs]
223.563: Total time for which application threads were stopped: 0.0042404 seconds, Stopping threads took: 0.0000279 seconds
223.632: [GC (Allocation Failure)  985190K->669768K(1033216K), 0.0050262 secs]
223.637: Total time for which application threads were stopped: 0.0051881 seconds, Stopping threads took: 0.0000154 seconds
223.705: [GC (Allocation Failure)  989256K->673736K(1034752K), 0.0047408 secs]
223.710: Total time for which application threads were stopped: 0.0049023 seconds, Stopping threads took: 0.0000273 seconds
223.776: [GC (Allocation Failure)  995272K->666950K(1034752K), 0.0023284 secs]
223.779: Total time for which application threads were stopped: 0.0024850 seconds, Stopping threads took: 0.0000288 seconds
223.846: [GC (Allocation Failure)  988486K->673832K(1034752K), 0.0048923 secs]
223.851: Total time for which application threads were stopped: 0.0050907 seconds, Stopping threads took: 0.0000216 seconds
223.918: [GC (Allocation Failure)  995368K->677880K(1034752K), 0.0059144 secs]
223.924: Total time for which application threads were stopped: 0.0060814 seconds, Stopping threads took: 0.0000200 seconds
223.990: [GC (Allocation Failure)  999416K->672342K(1034752K), 0.0029588 secs]
223.993: Total time for which application threads were stopped: 0.0031240 seconds, Stopping threads took: 0.0000195 seconds
224.061: [GC (Allocation Failure)  993878K->678152K(1034752K), 0.0049200 secs]
224.066: Total time for which application threads were stopped: 0.0050942 seconds, Stopping threads took: 0.0000202 seconds
224.133: [GC (Allocation Failure)  999688K->682056K(1034752K), 0.0053583 secs]
224.138: Total time for which application threads were stopped: 0.0055404 seconds, Stopping threads took: 0.0000210 seconds
224.206: [GC (Allocation Failure)  1004544K->678118K(1035264K), 0.0037340 secs]
224.209: Total time for which application threads were stopped: 0.0038957 seconds, Stopping threads took: 0.0000267 seconds
224.278: [GC (Allocation Failure)  1000678K->682184K(1036288K), 0.0068627 secs]
224.285: Total time for which application threads were stopped: 0.0070238 seconds, Stopping threads took: 0.0000196 seconds
224.353: [GC (Allocation Failure)  1006280K->686152K(1035776K), 0.0047969 secs]
224.358: Total time for which application threads were stopped: 0.0049581 seconds, Stopping threads took: 0.0000197 seconds
224.426: [GC (Allocation Failure)  1010248K->686184K(1035776K), 0.0049714 secs]
224.431: Total time for which application threads were stopped: 0.0051336 seconds, Stopping threads took: 0.0000198 seconds
224.499: [GC (Allocation Failure)  1009768K->686240K(1023488K), 0.0087612 secs]
224.508: Total time for which application threads were stopped: 0.0089295 seconds, Stopping threads took: 0.0000205 seconds
224.576: [GC (Allocation Failure)  1009824K->694210K(1035264K), 0.0064591 secs]
224.583: Total time for which application threads were stopped: 0.0066350 seconds, Stopping threads took: 0.0000217 seconds
224.652: [GC (Allocation Failure)  1016770K->694178K(1030144K), 0.0046643 secs]
224.657: Total time for which application threads were stopped: 0.0048183 seconds, Stopping threads took: 0.0000183 seconds
224.727: [GC (Allocation Failure)  1016738K->694250K(1034752K), 0.0050666 secs]
224.732: [Full GC (Ergonomics)  694250K->8520K(1034752K), 0.0120101 secs]
224.744: Total time for which application threads were stopped: 0.0173316 seconds, Stopping threads took: 0.0000279 seconds
224.812: [GC (Allocation Failure)  330056K->16618K(1029120K), 0.0037504 secs]
224.816: Total time for which application threads were stopped: 0.0039004 seconds, Stopping threads took: 0.0000166 seconds
224.884: [GC (Allocation Failure)  338154K->16602K(1034240K), 0.0036735 secs]
224.888: Total time for which application threads were stopped: 0.0038549 seconds, Stopping threads took: 0.0000218 seconds
224.955: [GC (Allocation Failure)  337114K->16866K(1034240K), 0.0038163 secs]
224.959: Total time for which application threads were stopped: 0.0039867 seconds, Stopping threads took: 0.0000221 seconds
225.027: [GC (Allocation Failure)  337378K->24676K(1034240K), 0.0035650 secs]
225.031: Total time for which application threads were stopped: 0.0037434 seconds, Stopping threads took: 0.0000207 seconds
225.101: [GC (Allocation Failure)  345188K->24644K(1034240K), 0.0038165 secs]
225.105: Total time for which application threads were stopped: 0.0039760 seconds, Stopping threads took: 0.0000204 seconds
225.171: [GC (Allocation Failure)  345156K->25092K(1033216K), 0.0038163 secs]
225.175: Total time for which application threads were stopped: 0.0039688 seconds, Stopping threads took: 0.0000200 seconds
225.242: [GC (Allocation Failure)  344580K->32679K(1033728K), 0.0039635 secs]
225.246: Total time for which application threads were stopped: 0.0041335 seconds, Stopping threads took: 0.0000202 seconds
225.313: [GC (Allocation Failure)  352167K->32711K(1033728K), 0.0035024 secs]
225.317: Total time for which application threads were stopped: 0.0036990 seconds, Stopping threads took: 0.0000204 seconds
225.383: [GC (Allocation Failure)  352199K->32807K(1033728K), 0.0036567 secs]
225.387: Total time for which application threads were stopped: 0.0038316 seconds, Stopping threads took: 0.0000167 seconds
225.456: [GC (Allocation Failure)  352295K->40777K(1033728K), 0.0036220 secs]
225.459: Total time for which application threads were stopped: 0.0037702 seconds, Stopping threads took: 0.0000173 seconds
225.525: [GC (Allocation Failure)  360265K->40713K(1033728K), 0.0037933 secs]
225.529: Total time for which application threads were stopped: 0.0039679 seconds, Stopping threads took: 0.0000196 seconds
225.595: [GC (Allocation Failure)  360201K->40777K(1033728K), 0.0036260 secs]
225.599: Total time for which application threads were stopped: 0.0037809 seconds, Stopping threads took: 0.0000198 seconds
225.666: [GC (Allocation Failure)  360265K->48747K(1027072K), 0.0037677 secs]
225.670: Total time for which application threads were stopped: 0.0039489 seconds, Stopping threads took: 0.0000204 seconds
225.737: [GC (Allocation Failure)  368235K->44809K(1034240K), 0.0025874 secs]
225.739: Total time for which application threads were stopped: 0.0027385 seconds, Stopping threads took: 0.0000195 seconds
225.807: [GC (Allocation Failure)  364297K->48907K(1033216K), 0.0040088 secs]
225.811: Total time for which application threads were stopped: 0.0041819 seconds, Stopping threads took: 0.0000202 seconds
225.880: [GC (Allocation Failure)  368395K->52875K(1034752K), 0.0037655 secs]
225.884: Total time for which application threads were stopped: 0.0039221 seconds, Stopping threads took: 0.0000189 seconds
225.949: [GC (Allocation Failure)  374411K->46089K(1034752K), 0.0011967 secs]
225.950: Total time for which application threads were stopped: 0.0013278 seconds, Stopping threads took: 0.0000199 seconds
226.017: [GC (Allocation Failure)  367625K->52907K(1034752K), 0.0037049 secs]
226.021: Total time for which application threads were stopped: 0.0038606 seconds, Stopping threads took: 0.0000199 seconds
226.087: [GC (Allocation Failure)  374443K->57011K(1034752K), 0.0046094 secs]
226.091: Total time for which application threads were stopped: 0.0047684 seconds, Stopping threads took: 0.0000203 seconds
226.155: [GC (Allocation Failure)  378547K->51473K(1034752K), 0.0017340 secs]
226.157: Total time for which application threads were stopped: 0.0018686 seconds, Stopping threads took: 0.0000198 seconds
226.224: [GC (Allocation Failure)  373009K->57275K(1034752K), 0.0036740 secs]
226.228: Total time for which application threads were stopped: 0.0038452 seconds, Stopping threads took: 0.0000287 seconds
226.292: [GC (Allocation Failure)  378811K->61147K(1034752K), 0.0040983 secs]
226.297: Total time for which application threads were stopped: 0.0042536 seconds, Stopping threads took: 0.0000217 seconds
226.360: [GC (Allocation Failure)  383635K->57241K(1035264K), 0.0025926 secs]
226.363: Total time for which application threads were stopped: 0.0027232 seconds, Stopping threads took: 0.0000191 seconds
226.428: [GC (Allocation Failure)  379801K->61275K(1036288K), 0.0037873 secs]
226.432: Total time for which application threads were stopped: 0.0039410 seconds, Stopping threads took: 0.0000208 seconds
226.499: [GC (Allocation Failure)  385371K->65307K(1035776K), 0.0036028 secs]
226.503: Total time for which application threads were stopped: 0.0037621 seconds, Stopping threads took: 0.0000198 seconds
226.568: [GC (Allocation Failure)  389403K->65275K(1035776K), 0.0035694 secs]
226.572: Total time for which application threads were stopped: 0.0037052 seconds, Stopping threads took: 0.0000162 seconds
226.639: [GC (Allocation Failure)  388859K->65331K(1023488K), 0.0036797 secs]
226.643: Total time for which application threads were stopped: 0.0038568 seconds, Stopping threads took: 0.0000215 seconds
226.710: [GC (Allocation Failure)  388915K->73333K(1035264K), 0.0040199 secs]
226.714: Total time for which application threads were stopped: 0.0041988 seconds, Stopping threads took: 0.0000256 seconds
226.781: [GC (Allocation Failure)  395893K->73269K(1030144K), 0.0035238 secs]
226.785: Total time for which application threads were stopped: 0.0036938 seconds, Stopping threads took: 0.0000204 seconds
226.853: [GC (Allocation Failure)  395829K->73357K(1034752K), 0.0037204 secs]
226.856: Total time for which application threads were stopped: 0.0038890 seconds, Stopping threads took: 0.0000197 seconds
226.924: [GC (Allocation Failure)  394893K->81328K(1034752K), 0.0038688 secs]
226.928: Total time for which application threads were stopped: 0.0040323 seconds, Stopping threads took: 0.0000170 seconds
226.998: [GC (Allocation Failure)  402864K->81328K(1033728K), 0.0036563 secs]
227.002: Total time for which application threads were stopped: 0.0038068 seconds, Stopping threads took: 0.0000165 seconds
227.070: [GC (Allocation Failure)  401840K->81576K(1034240K), 0.0036288 secs]
227.074: Total time for which application threads were stopped: 0.0037768 seconds, Stopping threads took: 0.0000197 seconds
227.141: [GC (Allocation Failure)  402088K->89386K(1034240K), 0.0037401 secs]
227.145: Total time for which application threads were stopped: 0.0039342 seconds, Stopping threads took: 0.0000259 seconds
227.214: [GC (Allocation Failure)  409898K->89354K(1034240K), 0.0037520 secs]
227.218: Total time for which application threads were stopped: 0.0039180 seconds, Stopping threads took: 0.0000266 seconds
227.283: [GC (Allocation Failure)  409866K->89802K(1033216K), 0.0038281 secs]
227.287: Total time for which application threads were stopped: 0.0039884 seconds, Stopping threads took: 0.0000197 seconds
227.353: [GC (Allocation Failure)  409290K->97388K(1033728K), 0.0037762 secs]
227.357: Total time for which application threads were stopped: 0.0039471 seconds, Stopping threads took: 0.0000207 seconds
227.424: [GC (Allocation Failure)  416876K->97388K(1033728K), 0.0040297 secs]
227.428: Total time for which application threads were stopped: 0.0041957 seconds, Stopping threads took: 0.0000172 seconds
227.493: [GC (Allocation Failure)  416876K->97548K(1033728K), 0.0037542 secs]
227.497: Total time for which application threads were stopped: 0.0039164 seconds, Stopping threads took: 0.0000293 seconds
227.564: [GC (Allocation Failure)  417036K->105422K(1033728K), 0.0037005 secs]
227.568: Total time for which application threads were stopped: 0.0038567 seconds, Stopping threads took: 0.0000191 seconds
227.635: [GC (Allocation Failure)  424910K->105422K(1033728K), 0.0037818 secs]
227.639: Total time for which application threads were stopped: 0.0039635 seconds, Stopping threads took: 0.0000198 seconds
227.706: [GC (Allocation Failure)  424910K->105486K(1033728K), 0.0039496 secs]
227.710: Total time for which application threads were stopped: 0.0041275 seconds, Stopping threads took: 0.0000270 seconds
227.777: [GC (Allocation Failure)  424974K->113457K(1027072K), 0.0039950 secs]
227.781: Total time for which application threads were stopped: 0.0041565 seconds, Stopping threads took: 0.0000195 seconds
227.845: [GC (Allocation Failure)  432944K->109550K(1034240K), 0.0027114 secs]
227.848: Total time for which application threads were stopped: 0.0028807 seconds, Stopping threads took: 0.0000195 seconds
227.917: [GC (Allocation Failure)  429038K->113609K(1033216K), 0.0039377 secs]
227.921: Total time for which application threads were stopped: 0.0041147 seconds, Stopping threads took: 0.0000171 seconds
227.990: [GC (Allocation Failure)  433097K->117577K(1034752K), 0.0037408 secs]
227.994: Total time for which application threads were stopped: 0.0038842 seconds, Stopping threads took: 0.0000169 seconds
228.061: [GC (Allocation Failure)  439113K->110790K(1034752K), 0.0015388 secs]
228.063: Total time for which application threads were stopped: 0.0016674 seconds, Stopping threads took: 0.0000190 seconds
228.130: [GC (Allocation Failure)  432326K->117617K(1034752K), 0.0038131 secs]
228.134: Total time for which application threads were stopped: 0.0039706 seconds, Stopping threads took: 0.0000209 seconds
228.201: [GC (Allocation Failure)  439153K->121729K(1034752K), 0.0046681 secs]
228.205: Total time for which application threads were stopped: 0.0048315 seconds, Stopping threads took: 0.0000264 seconds
228.271: [GC (Allocation Failure)  443265K->116190K(1034752K), 0.0017154 secs]
228.273: Total time for which application threads were stopped: 0.0018689 seconds, Stopping threads took: 0.0000256 seconds
228.341: [GC (Allocation Failure)  437726K->122001K(1034752K), 0.0037572 secs]
228.345: Total time for which application threads were stopped: 0.0039153 seconds, Stopping threads took: 0.0000198 seconds
228.410: [GC (Allocation Failure)  443537K->125905K(1034752K), 0.0041982 secs]
228.414: Total time for which application threads were stopped: 0.0043394 seconds, Stopping threads took: 0.0000196 seconds
228.479: [GC (Allocation Failure)  448393K->121966K(1035264K), 0.0026032 secs]
228.482: Total time for which application threads were stopped: 0.0027233 seconds, Stopping threads took: 0.0000166 seconds
228.547: [GC (Allocation Failure)  444526K->126025K(1036288K), 0.0037538 secs]
228.550: Total time for which application threads were stopped: 0.0039100 seconds, Stopping threads took: 0.0000271 seconds
228.617: [GC (Allocation Failure)  450121K->130025K(1035776K), 0.0043870 secs]
228.621: Total time for which application threads were stopped: 0.0045734 seconds, Stopping threads took: 0.0000336 seconds
228.690: [GC (Allocation Failure)  454121K->129961K(1035776K), 0.0037908 secs]
228.693: Total time for which application threads were stopped: 0.0039635 seconds, Stopping threads took: 0.0000287 seconds
228.760: [GC (Allocation Failure)  453545K->130057K(1023488K), 0.0039325 secs]
228.764: Total time for which application threads were stopped: 0.0041079 seconds, Stopping threads took: 0.0000257 seconds
228.832: [GC (Allocation Failure)  453641K->138027K(1035264K), 0.0039280 secs]
228.836: Total time for which application threads were stopped: 0.0040850 seconds, Stopping threads took: 0.0000170 seconds
228.903: [GC (Allocation Failure)  460587K->138059K(1030144K), 0.0038804 secs]
228.907: Total time for which application threads were stopped: 0.0040447 seconds, Stopping threads took: 0.0000194 seconds
228.974: [GC (Allocation Failure)  460619K->138083K(1034752K), 0.0040935 secs]
228.978: Total time for which application threads were stopped: 0.0042559 seconds, Stopping threads took: 0.0000197 seconds
229.044: [GC (Allocation Failure)  459619K->146053K(1034752K), 0.0040024 secs]
229.049: Total time for which application threads were stopped: 0.0041546 seconds, Stopping threads took: 0.0000199 seconds
229.117: [GC (Allocation Failure)  467589K->146053K(1033728K), 0.0037783 secs]
229.120: Total time for which application threads were stopped: 0.0039385 seconds, Stopping threads took: 0.0000198 seconds
229.185: [GC (Allocation Failure)  466565K->146317K(1034240K), 0.0038409 secs]
229.189: Total time for which application threads were stopped: 0.0039825 seconds, Stopping threads took: 0.0000194 seconds
229.255: [GC (Allocation Failure)  466829K->154127K(1034240K), 0.0037060 secs]
229.259: Total time for which application threads were stopped: 0.0038585 seconds, Stopping threads took: 0.0000277 seconds
229.324: [GC (Allocation Failure)  474639K->154095K(1034240K), 0.0038120 secs]
229.328: Total time for which application threads were stopped: 0.0039672 seconds, Stopping threads took: 0.0000192 seconds
229.395: [GC (Allocation Failure)  474607K->154535K(1033216K), 0.0046979 secs]
229.399: Total time for which application threads were stopped: 0.0048570 seconds, Stopping threads took: 0.0000200 seconds
229.465: [GC (Allocation Failure)  474023K->162154K(1033728K), 0.0038135 secs]
229.469: Total time for which application threads were stopped: 0.0039868 seconds, Stopping threads took: 0.0000218 seconds
229.536: [GC (Allocation Failure)  481642K->162090K(1033728K), 0.0037466 secs]
229.539: Total time for which application threads were stopped: 0.0039432 seconds, Stopping threads took: 0.0000201 seconds
229.602: [GC (Allocation Failure)  481578K->162250K(1033728K), 0.0039039 secs]
229.606: Total time for which application threads were stopped: 0.0040349 seconds, Stopping threads took: 0.0000171 seconds
229.675: [GC (Allocation Failure)  481738K->170188K(1033728K), 0.0039546 secs]
229.679: Total time for which application threads were stopped: 0.0041125 seconds, Stopping threads took: 0.0000198 seconds
229.746: [GC (Allocation Failure)  489676K->170156K(1033728K), 0.0038992 secs]
229.750: Total time for which application threads were stopped: 0.0040883 seconds, Stopping threads took: 0.0000206 seconds
229.818: [GC (Allocation Failure)  489644K->170220K(1033728K), 0.0038458 secs]
229.822: Total time for which application threads were stopped: 0.0040334 seconds, Stopping threads took: 0.0000199 seconds
229.889: [GC (Allocation Failure)  489708K->178190K(1027072K), 0.0040888 secs]
229.894: Total time for which application threads were stopped: 0.0042443 seconds, Stopping threads took: 0.0000200 seconds
229.958: [GC (Allocation Failure)  497678K->174252K(1034240K), 0.0029116 secs]
229.961: Total time for which application threads were stopped: 0.0030698 seconds, Stopping threads took: 0.0000196 seconds
230.029: [GC (Allocation Failure)  493740K->178350K(1033216K), 0.0040507 secs]
230.034: Total time for which application threads were stopped: 0.0042211 seconds, Stopping threads took: 0.0000275 seconds
230.102: [GC (Allocation Failure)  497838K->182350K(1034752K), 0.0037237 secs]
230.106: Total time for which application threads were stopped: 0.0039153 seconds, Stopping threads took: 0.0000200 seconds
230.171: [GC (Allocation Failure)  503886K->175532K(1034752K), 0.0013753 secs]
230.172: Total time for which application threads were stopped: 0.0014970 seconds, Stopping threads took: 0.0000164 seconds
230.237: [GC (Allocation Failure)  497068K->182382K(1034752K), 0.0037912 secs]
230.241: Total time for which application threads were stopped: 0.0039482 seconds, Stopping threads took: 0.0000286 seconds
230.305: [GC (Allocation Failure)  503918K->186462K(1034752K), 0.0047679 secs]
230.310: Total time for which application threads were stopped: 0.0049172 seconds, Stopping threads took: 0.0000205 seconds
230.372: [GC (Allocation Failure)  507998K->180956K(1034752K), 0.0020871 secs]
230.375: Total time for which application threads were stopped: 0.0022187 seconds, Stopping threads took: 0.0000190 seconds
230.439: [GC (Allocation Failure)  502492K->186758K(1034752K), 0.0039417 secs]
230.443: Total time for which application threads were stopped: 0.0040759 seconds, Stopping threads took: 0.0000268 seconds
230.506: [GC (Allocation Failure)  508294K->190598K(1035264K), 0.0041460 secs]
230.511: Total time for which application threads were stopped: 0.0042759 seconds, Stopping threads took: 0.0000185 seconds
230.573: [GC (Allocation Failure)  513087K->186692K(1035264K), 0.0029070 secs]
230.576: Total time for which application threads were stopped: 0.0030361 seconds, Stopping threads took: 0.0000183 seconds
230.642: [GC (Allocation Failure)  509252K->190766K(1036288K), 0.0038960 secs]
230.646: Total time for which application threads were stopped: 0.0040269 seconds, Stopping threads took: 0.0000147 seconds
230.711: [GC (Allocation Failure)  514862K->194734K(1035776K), 0.0037119 secs]
230.715: Total time for which application threads were stopped: 0.0038656 seconds, Stopping threads took: 0.0000266 seconds
230.781: [GC (Allocation Failure)  518830K->194734K(1035776K), 0.0039039 secs]
230.785: Total time for which application threads were stopped: 0.0040542 seconds, Stopping threads took: 0.0000207 seconds
230.851: [GC (Allocation Failure)  518318K->194790K(1023488K), 0.0039409 secs]
230.855: Total time for which application threads were stopped: 0.0040903 seconds, Stopping threads took: 0.0000196 seconds
230.920: [GC (Allocation Failure)  518374K->202793K(1035264K), 0.0040349 secs]
230.924: Total time for which application threads were stopped: 0.0041790 seconds, Stopping threads took: 0.0000187 seconds
230.992: [GC (Allocation Failure)  525353K->202793K(1030144K), 0.0037843 secs]
230.995: Total time for which application threads were stopped: 0.0039410 seconds, Stopping threads took: 0.0000200 seconds
231.063: [GC (Allocation Failure)  525353K->202825K(1034752K), 0.0039492 secs]
231.067: Total time for which application threads were stopped: 0.0040922 seconds, Stopping threads took: 0.0000189 seconds
231.132: [GC (Allocation Failure)  524361K->210795K(1029120K), 0.0040672 secs]
231.136: Total time for which application threads were stopped: 0.0042214 seconds, Stopping threads took: 0.0000199 seconds
231.203: [GC (Allocation Failure)  532331K->210795K(1034240K), 0.0037665 secs]
231.207: Total time for which application threads were stopped: 0.0039300 seconds, Stopping threads took: 0.0000284 seconds
231.272: [GC (Allocation Failure)  531307K->211043K(1034240K), 0.0039604 secs]
231.276: Total time for which application threads were stopped: 0.0041067 seconds, Stopping threads took: 0.0000195 seconds
231.343: [GC (Allocation Failure)  531555K->218853K(1034240K), 0.0038939 secs]
231.347: Total time for which application threads were stopped: 0.0040365 seconds, Stopping threads took: 0.0000188 seconds
231.412: [GC (Allocation Failure)  539365K->218853K(1034240K), 0.0040447 secs]
231.417: Total time for which application threads were stopped: 0.0042094 seconds, Stopping threads took: 0.0000204 seconds
231.481: [GC (Allocation Failure)  539365K->219269K(1033216K), 0.0040054 secs]
231.485: Total time for which application threads were stopped: 0.0041501 seconds, Stopping threads took: 0.0000197 seconds
231.550: [GC (Allocation Failure)  538757K->226887K(1033728K), 0.0040461 secs]
231.554: Total time for which application threads were stopped: 0.0041986 seconds, Stopping threads took: 0.0000188 seconds
231.622: [GC (Allocation Failure)  546375K->226855K(1033728K), 0.0063815 secs]
231.628: Total time for which application threads were stopped: 0.0065555 seconds, Stopping threads took: 0.0000246 seconds
231.693: [GC (Allocation Failure)  546343K->226983K(1033728K), 0.0038484 secs]
231.697: Total time for which application threads were stopped: 0.0040232 seconds, Stopping threads took: 0.0000168 seconds
231.764: [GC (Allocation Failure)  546471K->234922K(1033728K), 0.0038261 secs]
231.768: Total time for which application threads were stopped: 0.0039785 seconds, Stopping threads took: 0.0000260 seconds
231.834: [GC (Allocation Failure)  554410K->234890K(1033728K), 0.0041923 secs]
231.838: Total time for which application threads were stopped: 0.0043539 seconds, Stopping threads took: 0.0000203 seconds
231.905: [GC (Allocation Failure)  554378K->234954K(1033728K), 0.0041694 secs]
231.909: Total time for which application threads were stopped: 0.0043209 seconds, Stopping threads took: 0.0000204 seconds
231.977: [GC (Allocation Failure)  554442K->242956K(1027072K), 0.0042317 secs]
231.981: Total time for which application threads were stopped: 0.0043835 seconds, Stopping threads took: 0.0000207 seconds
232.045: [GC (Allocation Failure)  562443K->239018K(1034240K), 0.0031677 secs]
232.048: Total time for which application threads were stopped: 0.0033105 seconds, Stopping threads took: 0.0000205 seconds
232.115: [GC (Allocation Failure)  558506K->243084K(1033216K), 0.0040195 secs]
232.119: Total time for which application threads were stopped: 0.0041694 seconds, Stopping threads took: 0.0000199 seconds
232.185: [GC (Allocation Failure)  562572K->247052K(1034752K), 0.0040194 secs]
232.189: Total time for which application threads were stopped: 0.0041609 seconds, Stopping threads took: 0.0000199 seconds
232.254: [GC (Allocation Failure)  568588K->240266K(1034752K), 0.0014914 secs]
232.255: Total time for which application threads were stopped: 0.0016183 seconds, Stopping threads took: 0.0000200 seconds
232.322: [GC (Allocation Failure)  561802K->247124K(1034752K), 0.0040299 secs]
232.327: Total time for which application threads were stopped: 0.0041766 seconds, Stopping threads took: 0.0000197 seconds
232.390: [GC (Allocation Failure)  568660K->251204K(1034752K), 0.0048973 secs]
232.395: Total time for which application threads were stopped: 0.0050509 seconds, Stopping threads took: 0.0000211 seconds
232.460: [GC (Allocation Failure)  572740K->245666K(1034752K), 0.0021704 secs]
232.462: Total time for which application threads were stopped: 0.0023130 seconds, Stopping threads took: 0.0000201 seconds
232.528: [GC (Allocation Failure)  567202K->251468K(1034752K), 0.0040632 secs]
232.532: Total time for which application threads were stopped: 0.0042398 seconds, Stopping threads took: 0.0000209 seconds
232.598: [GC (Allocation Failure)  573004K->255348K(1034752K), 0.0056668 secs]
232.603: Total time for which application threads were stopped: 0.0057927 seconds, Stopping threads took: 0.0000164 seconds
232.671: [GC (Allocation Failure)  577836K->251442K(1035264K), 0.0027642 secs]
232.674: Total time for which application threads were stopped: 0.0029283 seconds, Stopping threads took: 0.0000195 seconds
232.742: [GC (Allocation Failure)  574002K->255500K(1036288K), 0.0040940 secs]
232.746: Total time for which application threads were stopped: 0.0042647 seconds, Stopping threads took: 0.0000279 seconds
232.813: [GC (Allocation Failure)  579596K->259500K(1035776K), 0.0041136 secs]
232.817: Total time for which application threads were stopped: 0.0042982 seconds, Stopping threads took: 0.0000194 seconds
232.886: [GC (Allocation Failure)  583596K->259468K(1035776K), 0.0038752 secs]
232.890: Total time for which application threads were stopped: 0.0040180 seconds, Stopping threads took: 0.0000169 seconds
232.958: [GC (Allocation Failure)  583052K->259532K(1023488K), 0.0042168 secs]
232.962: Total time for which application threads were stopped: 0.0043810 seconds, Stopping threads took: 0.0000197 seconds
233.028: [GC (Allocation Failure)  583116K->267566K(1035264K), 0.0042035 secs]
233.033: Total time for which application threads were stopped: 0.0043501 seconds, Stopping threads took: 0.0000198 seconds
233.100: [GC (Allocation Failure)  590126K->267502K(1030144K), 0.0040363 secs]
233.104: Total time for which application threads were stopped: 0.0042147 seconds, Stopping threads took: 0.0000198 seconds
233.170: [GC (Allocation Failure)  590062K->267558K(1034752K), 0.0041477 secs]
233.174: Total time for which application threads were stopped: 0.0043161 seconds, Stopping threads took: 0.0000212 seconds
233.242: [GC (Allocation Failure)  589094K->275528K(1029120K), 0.0042634 secs]
233.246: Total time for which application threads were stopped: 0.0044168 seconds, Stopping threads took: 0.0000255 seconds
233.314: [GC (Allocation Failure)  597064K->275496K(1034240K), 0.0039505 secs]
233.318: Total time for which application threads were stopped: 0.0041082 seconds, Stopping threads took: 0.0000274 seconds
233.384: [GC (Allocation Failure)  596008K->275784K(1034240K), 0.0042443 secs]
233.388: Total time for which application threads were stopped: 0.0044065 seconds, Stopping threads took: 0.0000189 seconds
233.456: [GC (Allocation Failure)  596296K->283563K(1034240K), 0.0038918 secs]
233.460: Total time for which application threads were stopped: 0.0040541 seconds, Stopping threads took: 0.0000208 seconds
233.525: [GC (Allocation Failure)  604075K->283563K(1034240K), 0.0041251 secs]
233.529: Total time for which application threads were stopped: 0.0042802 seconds, Stopping threads took: 0.0000188 seconds
233.595: [GC (Allocation Failure)  604075K->284011K(1033216K), 0.0044787 secs]
233.600: Total time for which application threads were stopped: 0.0046373 seconds, Stopping threads took: 0.0000185 seconds
233.668: [GC (Allocation Failure)  603499K->291629K(1033728K), 0.0040729 secs]
233.672: Total time for which application threads were stopped: 0.0042458 seconds, Stopping threads took: 0.0000253 seconds
233.740: [GC (Allocation Failure)  611117K->291565K(1033728K), 0.0040186 secs]
233.744: Total time for which application threads were stopped: 0.0042266 seconds, Stopping threads took: 0.0000198 seconds
233.810: [GC (Allocation Failure)  611053K->291725K(1033728K), 0.0043849 secs]
233.814: Total time for which application threads were stopped: 0.0045591 seconds, Stopping threads took: 0.0000198 seconds
233.883: [GC (Allocation Failure)  611213K->299631K(1033728K), 0.0040846 secs]
233.887: Total time for which application threads were stopped: 0.0042591 seconds, Stopping threads took: 0.0000166 seconds
233.955: [GC (Allocation Failure)  619119K->299631K(1033728K), 0.0042819 secs]
233.959: Total time for which application threads were stopped: 0.0044360 seconds, Stopping threads took: 0.0000195 seconds
234.025: [GC (Allocation Failure)  619119K->299687K(1033728K), 0.0044237 secs]
234.030: Total time for which application threads were stopped: 0.0045867 seconds, Stopping threads took: 0.0000192 seconds
234.096: [GC (Allocation Failure)  619175K->307657K(1027072K), 0.0042037 secs]
234.100: Total time for which application threads were stopped: 0.0043722 seconds, Stopping threads took: 0.0000355 seconds
234.163: [GC (Allocation Failure)  627145K->303751K(1034240K), 0.0033944 secs]
234.166: Total time for which application threads were stopped: 0.0035387 seconds, Stopping threads took: 0.0000198 seconds
234.233: [GC (Allocation Failure)  623239K->307817K(1033216K), 0.0041861 secs]
234.237: Total time for which application threads were stopped: 0.0043407 seconds, Stopping threads took: 0.0000280 seconds
234.303: [GC (Allocation Failure)  627305K->311785K(1034752K), 0.0040918 secs]
234.308: Total time for which application threads were stopped: 0.0042607 seconds, Stopping threads took: 0.0000268 seconds
234.374: [GC (Allocation Failure)  633321K->304999K(1034752K), 0.0017063 secs]
234.376: Total time for which application threads were stopped: 0.0018273 seconds, Stopping threads took: 0.0000166 seconds
234.442: [GC (Allocation Failure)  626535K->311857K(1034752K), 0.0041502 secs]
234.446: Total time for which application threads were stopped: 0.0042980 seconds, Stopping threads took: 0.0000206 seconds
234.511: [GC (Allocation Failure)  633393K->315969K(1034752K), 0.0051939 secs]
234.516: Total time for which application threads were stopped: 0.0053617 seconds, Stopping threads took: 0.0000200 seconds
234.582: [GC (Allocation Failure)  637505K->310399K(1034752K), 0.0021605 secs]
234.584: Total time for which application threads were stopped: 0.0022946 seconds, Stopping threads took: 0.0000167 seconds
234.652: [GC (Allocation Failure)  631935K->316241K(1034752K), 0.0043599 secs]
234.656: Total time for which application threads were stopped: 0.0045460 seconds, Stopping threads took: 0.0000357 seconds
234.723: [GC (Allocation Failure)  637777K->320113K(1035264K), 0.0045501 secs]
234.727: Total time for which application threads were stopped: 0.0047148 seconds, Stopping threads took: 0.0000207 seconds
234.794: [GC (Allocation Failure)  642602K->316175K(1035264K), 0.0030092 secs]
234.797: Total time for which application threads were stopped: 0.0031647 seconds, Stopping threads took: 0.0000205 seconds
234.864: [GC (Allocation Failure)  638735K->320233K(1036288K), 0.0043631 secs]
234.869: Total time for which application threads were stopped: 0.0045248 seconds, Stopping threads took: 0.0000204 seconds
234.937: [GC (Allocation Failure)  644329K->324201K(1035776K), 0.0040959 secs]
234.941: Total time for which application threads were stopped: 0.0042544 seconds, Stopping threads took: 0.0000213 seconds
235.009: [GC (Allocation Failure)  648297K->324169K(1035776K), 0.0043028 secs]
235.014: Total time for which application threads were stopped: 0.0044566 seconds, Stopping threads took: 0.0000196 seconds
235.081: [GC (Allocation Failure)  647753K->324257K(1023488K), 0.0043772 secs]
235.085: Total time for which application threads were stopped: 0.0045444 seconds, Stopping threads took: 0.0000202 seconds
235.151: [GC (Allocation Failure)  647841K->332260K(1035264K), 0.0043758 secs]
235.155: Total time for which application threads were stopped: 0.0045505 seconds, Stopping threads took: 0.0000199 seconds
235.224: [GC (Allocation Failure)  654820K->332228K(1030144K), 0.0040866 secs]
235.228: Total time for which application threads were stopped: 0.0042447 seconds, Stopping threads took: 0.0000260 seconds
235.296: [GC (Allocation Failure)  654788K->332300K(1034752K), 0.0041829 secs]
235.300: Total time for which application threads were stopped: 0.0043600 seconds, Stopping threads took: 0.0000204 seconds
235.367: [GC (Allocation Failure)  653836K->340270K(1034752K), 0.0045018 secs]
235.371: Total time for which application threads were stopped: 0.0046787 seconds, Stopping threads took: 0.0000223 seconds
235.439: [GC (Allocation Failure)  661806K->340270K(1033728K), 0.0040202 secs]
235.443: Total time for which application threads were stopped: 0.0042093 seconds, Stopping threads took: 0.0000216 seconds
235.512: [GC (Allocation Failure)  660782K->340526K(1034240K), 0.0043284 secs]
235.516: Total time for which application threads were stopped: 0.0044854 seconds, Stopping threads took: 0.0000166 seconds
235.583: [GC (Allocation Failure)  661038K->348304K(1034240K), 0.0040815 secs]
235.587: Total time for which application threads were stopped: 0.0042461 seconds, Stopping threads took: 0.0000192 seconds
235.656: [GC (Allocation Failure)  668816K->348336K(1034240K), 0.0043317 secs]
235.661: Total time for which application threads were stopped: 0.0045209 seconds, Stopping threads took: 0.0000260 seconds
235.729: [GC (Allocation Failure)  668848K->348744K(1033216K), 0.0043105 secs]
235.733: Total time for which application threads were stopped: 0.0044985 seconds, Stopping threads took: 0.0000200 seconds
235.802: [GC (Allocation Failure)  668232K->356331K(1033728K), 0.0044870 secs]
235.806: Total time for which application threads were stopped: 0.0046645 seconds, Stopping threads took: 0.0000167 seconds
235.875: [GC (Allocation Failure)  675819K->356363K(1033728K), 0.0042550 secs]
235.879: Total time for which application threads were stopped: 0.0044321 seconds, Stopping threads took: 0.0000178 seconds
235.945: [GC (Allocation Failure)  675851K->356459K(1033728K), 0.0043214 secs]
235.950: Total time for which application threads were stopped: 0.0044758 seconds, Stopping threads took: 0.0000169 seconds
236.017: [GC (Allocation Failure)  675947K->364365K(1033728K), 0.0042578 secs]
236.021: Total time for which application threads were stopped: 0.0044128 seconds, Stopping threads took: 0.0000195 seconds
236.089: [GC (Allocation Failure)  683853K->364365K(1033728K), 0.0044791 secs]
236.094: Total time for which application threads were stopped: 0.0046440 seconds, Stopping threads took: 0.0000197 seconds
236.162: [GC (Allocation Failure)  683853K->364429K(1033728K), 0.0042527 secs]
236.166: Total time for which application threads were stopped: 0.0044135 seconds, Stopping threads took: 0.0000202 seconds
236.233: [GC (Allocation Failure)  683917K->372399K(1027072K), 0.0043413 secs]
236.237: Total time for which application threads were stopped: 0.0045111 seconds, Stopping threads took: 0.0000258 seconds
236.302: [GC (Allocation Failure)  691887K->368493K(1034240K), 0.0034410 secs]
236.306: Total time for which application threads were stopped: 0.0036013 seconds, Stopping threads took: 0.0000193 seconds
236.373: [GC (Allocation Failure)  687981K->372559K(1033216K), 0.0044782 secs]
236.377: Total time for which application threads were stopped: 0.0046577 seconds, Stopping threads took: 0.0000247 seconds
236.444: [GC (Allocation Failure)  692047K->376527K(1034752K), 0.0044022 secs]
236.449: Total time for which application threads were stopped: 0.0045657 seconds, Stopping threads took: 0.0000201 seconds
236.516: [GC (Allocation Failure)  698063K->369741K(1034752K), 0.0018806 secs]
236.518: Total time for which application threads were stopped: 0.0020073 seconds, Stopping threads took: 0.0000194 seconds
236.585: [GC (Allocation Failure)  691277K->376591K(1034752K), 0.0065138 secs]
236.592: Total time for which application threads were stopped: 0.0066670 seconds, Stopping threads took: 0.0000194 seconds
236.663: [GC (Allocation Failure)  698127K->380671K(1034752K), 0.0053650 secs]
236.669: Total time for which application threads were stopped: 0.0055300 seconds, Stopping threads took: 0.0000194 seconds
236.734: [GC (Allocation Failure)  702207K->375101K(1034752K), 0.0023478 secs]
236.737: Total time for which application threads were stopped: 0.0024937 seconds, Stopping threads took: 0.0000256 seconds
236.803: [GC (Allocation Failure)  696637K->380911K(1034752K), 0.0043006 secs]
236.808: Total time for which application threads were stopped: 0.0044683 seconds, Stopping threads took: 0.0000254 seconds
236.876: [GC (Allocation Failure)  702447K->384815K(1034752K), 0.0048730 secs]
236.881: Total time for which application threads were stopped: 0.0050366 seconds, Stopping threads took: 0.0000220 seconds
236.946: [GC (Allocation Failure)  707303K->380909K(1035264K), 0.0030971 secs]
236.950: Total time for which application threads were stopped: 0.0032528 seconds, Stopping threads took: 0.0000200 seconds
237.018: [GC (Allocation Failure)  703469K->384975K(1036288K), 0.0043811 secs]
237.023: Total time for which application threads were stopped: 0.0045263 seconds, Stopping threads took: 0.0000188 seconds
237.088: [GC (Allocation Failure)  709071K->388943K(1035776K), 0.0042951 secs]
237.092: Total time for which application threads were stopped: 0.0044442 seconds, Stopping threads took: 0.0000207 seconds
237.160: [GC (Allocation Failure)  713039K->388975K(1035776K), 0.0043030 secs]
237.165: Total time for which application threads were stopped: 0.0044601 seconds, Stopping threads took: 0.0000200 seconds
237.230: [GC (Allocation Failure)  712559K->388999K(1023488K), 0.0043165 secs]
237.234: Total time for which application threads were stopped: 0.0044575 seconds, Stopping threads took: 0.0000251 seconds
237.299: [GC (Allocation Failure)  712583K->396969K(1035264K), 0.0043651 secs]
237.303: Total time for which application threads were stopped: 0.0045128 seconds, Stopping threads took: 0.0000198 seconds
237.369: [GC (Allocation Failure)  719529K->396937K(1030144K), 0.0044254 secs]
237.373: Total time for which application threads were stopped: 0.0045739 seconds, Stopping threads took: 0.0000189 seconds
237.438: [GC (Allocation Failure)  719497K->397033K(1034752K), 0.0043349 secs]
237.442: Total time for which application threads were stopped: 0.0044675 seconds, Stopping threads took: 0.0000190 seconds
237.507: [GC (Allocation Failure)  718569K->405036K(1034752K), 0.0043621 secs]
237.511: Total time for which application threads were stopped: 0.0044956 seconds, Stopping threads took: 0.0000197 seconds
237.576: [GC (Allocation Failure)  726572K->405004K(1033728K), 0.0042156 secs]
237.580: Total time for which application threads were stopped: 0.0043824 seconds, Stopping threads took: 0.0000214 seconds
237.648: [GC (Allocation Failure)  725516K->405252K(1034240K), 0.0045188 secs]
237.652: Total time for which application threads were stopped: 0.0046728 seconds, Stopping threads took: 0.0000189 seconds
237.721: [GC (Allocation Failure)  725764K->413062K(1034240K), 0.0043990 secs]
237.726: Total time for which application threads were stopped: 0.0045517 seconds, Stopping threads took: 0.0000202 seconds
237.794: [GC (Allocation Failure)  733574K->413062K(1034240K), 0.0044376 secs]
237.798: Total time for which application threads were stopped: 0.0045908 seconds, Stopping threads took: 0.0000195 seconds
237.863: [GC (Allocation Failure)  733574K->413478K(1033216K), 0.0046128 secs]
237.868: Total time for which application threads were stopped: 0.0047591 seconds, Stopping threads took: 0.0000194 seconds
237.935: [GC (Allocation Failure)  732966K->421096K(1033728K), 0.0043363 secs]
237.939: Total time for which application threads were stopped: 0.0044880 seconds, Stopping threads took: 0.0000272 seconds
238.004: [GC (Allocation Failure)  740584K->421064K(1033728K), 0.0042259 secs]
238.009: Total time for which application threads were stopped: 0.0043899 seconds, Stopping threads took: 0.0000188 seconds
238.071: [GC (Allocation Failure)  740552K->421192K(1033728K), 0.0044137 secs]
238.075: Total time for which application threads were stopped: 0.0045476 seconds, Stopping threads took: 0.0000190 seconds
238.139: [GC (Allocation Failure)  740680K->429098K(1033728K), 0.0043039 secs]
238.143: Total time for which application threads were stopped: 0.0044380 seconds, Stopping threads took: 0.0000194 seconds
238.207: [GC (Allocation Failure)  748586K->429130K(1033728K), 0.0044277 secs]
238.211: Total time for which application threads were stopped: 0.0045876 seconds, Stopping threads took: 0.0000265 seconds
238.276: [GC (Allocation Failure)  748618K->429162K(1033728K), 0.0045081 secs]
238.280: Total time for which application threads were stopped: 0.0046581 seconds, Stopping threads took: 0.0000281 seconds
238.343: [GC (Allocation Failure)  748650K->437133K(1027072K), 0.0046297 secs]
238.348: Total time for which application threads were stopped: 0.0047845 seconds, Stopping threads took: 0.0000244 seconds
238.409: [GC (Allocation Failure)  756620K->433226K(1034240K), 0.0035371 secs]
238.413: Total time for which application threads were stopped: 0.0036861 seconds, Stopping threads took: 0.0000242 seconds
238.478: [GC (Allocation Failure)  752714K->437293K(1033216K), 0.0045386 secs]
238.483: Total time for which application threads were stopped: 0.0046888 seconds, Stopping threads took: 0.0000270 seconds
238.546: [GC (Allocation Failure)  756781K->441261K(1034752K), 0.0044918 secs]
238.550: Total time for which application threads were stopped: 0.0046358 seconds, Stopping threads took: 0.0000191 seconds
238.614: [GC (Allocation Failure)  762797K->434474K(1034752K), 0.0025287 secs]
238.617: Total time for which application threads were stopped: 0.0026871 seconds, Stopping threads took: 0.0000251 seconds
238.682: [GC (Allocation Failure)  756010K->441333K(1034752K), 0.0043921 secs]
238.686: Total time for which application threads were stopped: 0.0045336 seconds, Stopping threads took: 0.0000276 seconds
238.749: [GC (Allocation Failure)  762869K->445413K(1034752K), 0.0052378 secs]
238.754: Total time for which application threads were stopped: 0.0053734 seconds, Stopping threads took: 0.0000206 seconds
238.816: [GC (Allocation Failure)  766949K->439874K(1034752K), 0.0027062 secs]
238.818: Total time for which application threads were stopped: 0.0028459 seconds, Stopping threads took: 0.0000191 seconds
238.881: [GC (Allocation Failure)  761410K->445685K(1034752K), 0.0045093 secs]
238.886: Total time for which application threads were stopped: 0.0046586 seconds, Stopping threads took: 0.0000197 seconds
238.951: [GC (Allocation Failure)  767221K->449557K(1034752K), 0.0047511 secs]
238.956: Total time for which application threads were stopped: 0.0048905 seconds, Stopping threads took: 0.0000243 seconds
239.019: [GC (Allocation Failure)  772045K->445682K(1035264K), 0.0033602 secs]
239.022: Total time for which application threads were stopped: 0.0035127 seconds, Stopping threads took: 0.0000190 seconds
239.089: [GC (Allocation Failure)  768242K->449709K(1036288K), 0.0045771 secs]
239.093: Total time for which application threads were stopped: 0.0047173 seconds, Stopping threads took: 0.0000205 seconds
239.158: [GC (Allocation Failure)  773805K->453677K(1035776K), 0.0044110 secs]
239.163: Total time for which application threads were stopped: 0.0045557 seconds, Stopping threads took: 0.0000233 seconds
239.230: [GC (Allocation Failure)  777773K->453677K(1035776K), 0.0043503 secs]
239.234: Total time for which application threads were stopped: 0.0044916 seconds, Stopping threads took: 0.0000189 seconds
239.297: [GC (Allocation Failure)  777261K->453733K(1023488K), 0.0044797 secs]
239.302: Total time for which application threads were stopped: 0.0046161 seconds, Stopping threads took: 0.0000231 seconds
239.367: [GC (Allocation Failure)  777317K->461703K(1035264K), 0.0044467 secs]
239.371: Total time for which application threads were stopped: 0.0045733 seconds, Stopping threads took: 0.0000181 seconds
239.435: [GC (Allocation Failure)  784263K->461735K(1030144K), 0.0041861 secs]
239.439: Total time for which application threads were stopped: 0.0043167 seconds, Stopping threads took: 0.0000189 seconds
239.502: [GC (Allocation Failure)  784295K->461767K(1034752K), 0.0044306 secs]
239.507: Total time for which application threads were stopped: 0.0045634 seconds, Stopping threads took: 0.0000182 seconds
239.570: [GC (Allocation Failure)  783303K->469737K(1034752K), 0.0045526 secs]
239.575: Total time for which application threads were stopped: 0.0047026 seconds, Stopping threads took: 0.0000189 seconds
239.643: [GC (Allocation Failure)  791273K->469737K(1033728K), 0.0043546 secs]
239.648: Total time for which application threads were stopped: 0.0044933 seconds, Stopping threads took: 0.0000186 seconds
239.713: [GC (Allocation Failure)  790249K->469993K(1034240K), 0.0044331 secs]
239.718: Total time for which application threads were stopped: 0.0045835 seconds, Stopping threads took: 0.0000263 seconds
239.782: [GC (Allocation Failure)  790505K->477771K(1034240K), 0.0044453 secs]
239.786: Total time for which application threads were stopped: 0.0045889 seconds, Stopping threads took: 0.0000200 seconds
239.852: [GC (Allocation Failure)  798283K->477771K(1034240K), 0.0043739 secs]
239.857: Total time for which application threads were stopped: 0.0045229 seconds, Stopping threads took: 0.0000195 seconds
239.921: [GC (Allocation Failure)  798283K->478219K(1033216K), 0.0045476 secs]
239.926: Total time for which application threads were stopped: 0.0046879 seconds, Stopping threads took: 0.0000183 seconds
239.989: [GC (Allocation Failure)  797707K->485806K(1033728K), 0.0045400 secs]
239.993: Total time for which application threads were stopped: 0.0046938 seconds, Stopping threads took: 0.0000249 seconds
240.056: [GC (Allocation Failure)  805294K->485806K(1033728K), 0.0045077 secs]
240.061: Total time for which application threads were stopped: 0.0046412 seconds, Stopping threads took: 0.0000195 seconds
240.124: [GC (Allocation Failure)  805294K->485926K(1033728K), 0.0046232 secs]
240.128: Total time for which application threads were stopped: 0.0047680 seconds, Stopping threads took: 0.0000176 seconds
240.194: [GC (Allocation Failure)  805414K->493832K(1033728K), 0.0049266 secs]
240.199: Total time for which application threads were stopped: 0.0050593 seconds, Stopping threads took: 0.0000188 seconds
240.264: [GC (Allocation Failure)  813320K->493864K(1033728K), 0.0045710 secs]
240.268: Total time for which application threads were stopped: 0.0047086 seconds, Stopping threads took: 0.0000185 seconds
240.332: [GC (Allocation Failure)  813352K->493896K(1033728K), 0.0044600 secs]
240.337: Total time for which application threads were stopped: 0.0046122 seconds, Stopping threads took: 0.0000266 seconds
240.400: [GC (Allocation Failure)  813384K->501866K(1027072K), 0.0046174 secs]
240.404: Total time for which application threads were stopped: 0.0047724 seconds, Stopping threads took: 0.0000259 seconds
240.466: [GC (Allocation Failure)  821354K->497960K(1034240K), 0.0064780 secs]
240.472: Total time for which application threads were stopped: 0.0066037 seconds, Stopping threads took: 0.0000183 seconds
240.537: [GC (Allocation Failure)  817448K->502026K(1033216K), 0.0044558 secs]
240.541: Total time for which application threads were stopped: 0.0046023 seconds, Stopping threads took: 0.0000186 seconds
240.606: [GC (Allocation Failure)  821514K->505994K(1034752K), 0.0053002 secs]
240.612: Total time for which application threads were stopped: 0.0054475 seconds, Stopping threads took: 0.0000165 seconds
240.676: [GC (Allocation Failure)  827530K->499208K(1034752K), 0.0023663 secs]
240.679: Total time for which application threads were stopped: 0.0024997 seconds, Stopping threads took: 0.0000206 seconds
240.745: [GC (Allocation Failure)  820744K->506026K(1034752K), 0.0044184 secs]
240.749: Total time for which application threads were stopped: 0.0045740 seconds, Stopping threads took: 0.0000260 seconds
240.815: [GC (Allocation Failure)  827562K->510170K(1034752K), 0.0054424 secs]
240.820: Total time for which application threads were stopped: 0.0055939 seconds, Stopping threads took: 0.0000206 seconds
240.884: [GC (Allocation Failure)  831706K->504600K(1034752K), 0.0027819 secs]
240.887: Total time for which application threads were stopped: 0.0029065 seconds, Stopping threads took: 0.0000174 seconds
240.951: [GC (Allocation Failure)  826136K->510410K(1034752K), 0.0044612 secs]
240.955: Total time for which application threads were stopped: 0.0046133 seconds, Stopping threads took: 0.0000201 seconds
241.022: [GC (Allocation Failure)  831946K->514322K(1034752K), 0.0078328 secs]
241.030: Total time for which application threads were stopped: 0.0079768 seconds, Stopping threads took: 0.0000258 seconds
241.094: [GC (Allocation Failure)  836811K->510384K(1035264K), 0.0035400 secs]
241.097: Total time for which application threads were stopped: 0.0036799 seconds, Stopping threads took: 0.0000213 seconds
241.162: [GC (Allocation Failure)  832944K->514442K(1036288K), 0.0045964 secs]
241.167: Total time for which application threads were stopped: 0.0047415 seconds, Stopping threads took: 0.0000202 seconds
241.231: [GC (Allocation Failure)  838538K->518442K(1035776K), 0.0043706 secs]
241.235: Total time for which application threads were stopped: 0.0045081 seconds, Stopping threads took: 0.0000185 seconds
241.300: [GC (Allocation Failure)  842538K->518442K(1035776K), 0.0043576 secs]
241.305: Total time for which application threads were stopped: 0.0045401 seconds, Stopping threads took: 0.0000246 seconds
241.368: [GC (Allocation Failure)  842026K->518474K(1023488K), 0.0044678 secs]
241.373: Total time for which application threads were stopped: 0.0046195 seconds, Stopping threads took: 0.0000249 seconds
241.435: [GC (Allocation Failure)  842058K->526477K(1035264K), 0.0045848 secs]
241.440: Total time for which application threads were stopped: 0.0047325 seconds, Stopping threads took: 0.0000193 seconds
241.505: [GC (Allocation Failure)  849037K->526445K(1030144K), 0.0044368 secs]
241.510: Total time for which application threads were stopped: 0.0045779 seconds, Stopping threads took: 0.0000177 seconds
241.573: [GC (Allocation Failure)  849005K->526509K(1034752K), 0.0045172 secs]
241.577: Total time for which application threads were stopped: 0.0046405 seconds, Stopping threads took: 0.0000162 seconds
241.643: [GC (Allocation Failure)  848045K->534479K(1029120K), 0.0058524 secs]
241.649: Total time for which application threads were stopped: 0.0060092 seconds, Stopping threads took: 0.0000197 seconds
241.717: [GC (Allocation Failure)  856015K->534479K(1034240K), 0.0045394 secs]
241.722: Total time for which application threads were stopped: 0.0047095 seconds, Stopping threads took: 0.0000198 seconds
241.788: [GC (Allocation Failure)  854991K->534663K(1034240K), 0.0053767 secs]
241.794: Total time for which application threads were stopped: 0.0055445 seconds, Stopping threads took: 0.0000194 seconds
241.861: [GC (Allocation Failure)  855175K->542537K(1034240K), 0.0046914 secs]
241.866: Total time for which application threads were stopped: 0.0048460 seconds, Stopping threads took: 0.0000201 seconds
241.933: [GC (Allocation Failure)  863049K->542537K(1028096K), 0.0045768 secs]
241.937: Total time for which application threads were stopped: 0.0047328 seconds, Stopping threads took: 0.0000197 seconds
242.005: [GC (Allocation Failure)  863049K->542953K(1033728K), 0.0047296 secs]
242.010: Total time for which application threads were stopped: 0.0048758 seconds, Stopping threads took: 0.0000205 seconds
242.076: [GC (Allocation Failure)  862441K->550571K(1033728K), 0.0046098 secs]
242.081: Total time for which application threads were stopped: 0.0047638 seconds, Stopping threads took: 0.0000199 seconds
242.148: [GC (Allocation Failure)  870059K->550571K(1033728K), 0.0046937 secs]
242.153: Total time for which application threads were stopped: 0.0048477 seconds, Stopping threads took: 0.0000200 seconds
242.216: [GC (Allocation Failure)  870059K->550691K(1033728K), 0.0048515 secs]
242.221: Total time for which application threads were stopped: 0.0050067 seconds, Stopping threads took: 0.0000193 seconds
242.287: [GC (Allocation Failure)  870179K->558566K(1033728K), 0.0046549 secs]
242.291: Total time for which application threads were stopped: 0.0048079 seconds, Stopping threads took: 0.0000195 seconds
242.356: [GC (Allocation Failure)  878054K->558566K(1033728K), 0.0048204 secs]
242.361: Total time for which application threads were stopped: 0.0049745 seconds, Stopping threads took: 0.0000192 seconds
242.428: [GC (Allocation Failure)  878054K->558638K(1033728K), 0.0046174 secs]
242.433: Total time for which application threads were stopped: 0.0047766 seconds, Stopping threads took: 0.0000193 seconds
242.499: [GC (Allocation Failure)  878126K->566608K(1027072K), 0.0047620 secs]
242.504: Total time for which application threads were stopped: 0.0049386 seconds, Stopping threads took: 0.0000198 seconds
242.570: [GC (Allocation Failure)  886095K->562702K(1034240K), 0.0038106 secs]
242.573: Total time for which application threads were stopped: 0.0039708 seconds, Stopping threads took: 0.0000205 seconds
242.643: [GC (Allocation Failure)  882190K->566768K(1033216K), 0.0048822 secs]
242.648: Total time for which application threads were stopped: 0.0050391 seconds, Stopping threads took: 0.0000171 seconds
242.715: [GC (Allocation Failure)  886256K->570736K(1034752K), 0.0045862 secs]
242.720: Total time for which application threads were stopped: 0.0047515 seconds, Stopping threads took: 0.0000262 seconds
242.787: [GC (Allocation Failure)  892272K->563950K(1034752K), 0.0022221 secs]
242.789: Total time for which application threads were stopped: 0.0023796 seconds, Stopping threads took: 0.0000253 seconds
242.856: [GC (Allocation Failure)  885486K->570808K(1034752K), 0.0045723 secs]
242.861: Total time for which application threads were stopped: 0.0047371 seconds, Stopping threads took: 0.0000202 seconds
242.926: [GC (Allocation Failure)  892344K->574912K(1034752K), 0.0056351 secs]
242.932: Total time for which application threads were stopped: 0.0058051 seconds, Stopping threads took: 0.0000197 seconds
242.997: [GC (Allocation Failure)  896448K->569342K(1034752K), 0.0028940 secs]
243.000: Total time for which application threads were stopped: 0.0030516 seconds, Stopping threads took: 0.0000190 seconds
243.067: [GC (Allocation Failure)  890878K->575144K(1034752K), 0.0048425 secs]
243.072: Total time for which application threads were stopped: 0.0050009 seconds, Stopping threads took: 0.0000198 seconds
243.138: [GC (Allocation Failure)  896680K->579016K(1035264K), 0.0050431 secs]
243.143: Total time for which application threads were stopped: 0.0052037 seconds, Stopping threads took: 0.0000197 seconds
243.208: [GC (Allocation Failure)  901504K->575142K(1035264K), 0.0035143 secs]
243.211: Total time for which application threads were stopped: 0.0036537 seconds, Stopping threads took: 0.0000193 seconds
243.278: [GC (Allocation Failure)  897702K->579176K(1036288K), 0.0047714 secs]
243.283: Total time for which application threads were stopped: 0.0049156 seconds, Stopping threads took: 0.0000189 seconds
243.349: [GC (Allocation Failure)  903272K->583144K(1035776K), 0.0046876 secs]
243.353: Total time for which application threads were stopped: 0.0048324 seconds, Stopping threads took: 0.0000200 seconds
243.419: [GC (Allocation Failure)  907240K->583144K(1035776K), 0.0076137 secs]
243.427: Total time for which application threads were stopped: 0.0077765 seconds, Stopping threads took: 0.0000190 seconds
243.492: [GC (Allocation Failure)  906728K->583208K(1023488K), 0.0046279 secs]
243.497: Total time for which application threads were stopped: 0.0047648 seconds, Stopping threads took: 0.0000190 seconds
243.561: [GC (Allocation Failure)  906792K->591146K(1035264K), 0.0048597 secs]
243.566: Total time for which application threads were stopped: 0.0050432 seconds, Stopping threads took: 0.0000195 seconds
243.634: [GC (Allocation Failure)  913706K->591210K(1030144K), 0.0047204 secs]
243.639: Total time for which application threads were stopped: 0.0048836 seconds, Stopping threads took: 0.0000205 seconds
243.708: [GC (Allocation Failure)  913770K->591242K(1034752K), 0.0046156 secs]
243.712: Total time for which application threads were stopped: 0.0047676 seconds, Stopping threads took: 0.0000257 seconds
243.781: [GC (Allocation Failure)  912778K->599212K(1034752K), 0.0049416 secs]
243.786: Total time for which application threads were stopped: 0.0051167 seconds, Stopping threads took: 0.0000206 seconds
243.854: [GC (Allocation Failure)  920748K->599212K(1033728K), 0.0046530 secs]
243.859: Total time for which application threads were stopped: 0.0048141 seconds, Stopping threads took: 0.0000195 seconds
243.926: [GC (Allocation Failure)  919724K->599468K(1034240K), 0.0047204 secs]
243.931: Total time for which application threads were stopped: 0.0048917 seconds, Stopping threads took: 0.0000198 seconds
243.999: [GC (Allocation Failure)  919980K->607247K(1034240K), 0.0047154 secs]
244.003: Total time for which application threads were stopped: 0.0048764 seconds, Stopping threads took: 0.0000193 seconds
244.072: [GC (Allocation Failure)  927759K->607279K(1034240K), 0.0046633 secs]
244.076: Total time for which application threads were stopped: 0.0048483 seconds, Stopping threads took: 0.0000208 seconds
244.144: [GC (Allocation Failure)  927791K->607695K(1033216K), 0.0050101 secs]
244.149: Total time for which application threads were stopped: 0.0051820 seconds, Stopping threads took: 0.0000201 seconds
244.219: [GC (Allocation Failure)  927183K->615313K(1033728K), 0.0047640 secs]
244.224: Total time for which application threads were stopped: 0.0049355 seconds, Stopping threads took: 0.0000261 seconds
244.291: [GC (Allocation Failure)  934801K->615281K(1033728K), 0.0047429 secs]
244.296: Total time for which application threads were stopped: 0.0049134 seconds, Stopping threads took: 0.0000198 seconds
244.361: [GC (Allocation Failure)  934769K->615401K(1033728K), 0.0047259 secs]
244.365: Total time for which application threads were stopped: 0.0048874 seconds, Stopping threads took: 0.0000191 seconds
244.433: [GC (Allocation Failure)  934889K->623307K(1033728K), 0.0046336 secs]
244.437: Total time for which application threads were stopped: 0.0048048 seconds, Stopping threads took: 0.0000204 seconds
244.504: [GC (Allocation Failure)  942795K->623275K(1033728K), 0.0049108 secs]
244.509: Total time for which application threads were stopped: 0.0050820 seconds, Stopping threads took: 0.0000204 seconds
244.576: [GC (Allocation Failure)  942763K->623363K(1033728K), 0.0051068 secs]
244.581: Total time for which application threads were stopped: 0.0052878 seconds, Stopping threads took: 0.0000200 seconds
244.649: [GC (Allocation Failure)  942851K->631333K(1027072K), 0.0049099 secs]
244.654: Total time for which application threads were stopped: 0.0050841 seconds, Stopping threads took: 0.0000206 seconds
244.719: [GC (Allocation Failure)  950821K->627427K(1034240K), 0.0038952 secs]
244.723: Total time for which application threads were stopped: 0.0040690 seconds, Stopping threads took: 0.0000267 seconds
244.790: [GC (Allocation Failure)  946915K->631485K(1033216K), 0.0048505 secs]
244.795: Total time for which application threads were stopped: 0.0050327 seconds, Stopping threads took: 0.0000260 seconds
244.864: [GC (Allocation Failure)  950973K->635453K(1034752K), 0.0047239 secs]
244.869: Total time for which application threads were stopped: 0.0048915 seconds, Stopping threads took: 0.0000172 seconds
244.936: [GC (Allocation Failure)  956989K->628667K(1034752K), 0.0023781 secs]
244.938: Total time for which application threads were stopped: 0.0025524 seconds, Stopping threads took: 0.0000202 seconds
245.009: [GC (Allocation Failure)  950203K->635525K(1034752K), 0.0047013 secs]
245.014: Total time for which application threads were stopped: 0.0048665 seconds, Stopping threads took: 0.0000251 seconds
245.080: [GC (Allocation Failure)  957061K->639629K(1034752K), 0.0059240 secs]
245.086: Total time for which application threads were stopped: 0.0061191 seconds, Stopping threads took: 0.0000206 seconds
245.153: [GC (Allocation Failure)  961165K->634059K(1034752K), 0.0030238 secs]
245.156: Total time for which application threads were stopped: 0.0031734 seconds, Stopping threads took: 0.0000195 seconds
245.223: [GC (Allocation Failure)  955595K->639869K(1034752K), 0.0048050 secs]
245.228: Total time for which application threads were stopped: 0.0049484 seconds, Stopping threads took: 0.0000268 seconds
245.295: [GC (Allocation Failure)  961405K->643741K(1034752K), 0.0051626 secs]
245.300: Total time for which application threads were stopped: 0.0052973 seconds, Stopping threads took: 0.0000164 seconds
245.365: [GC (Allocation Failure)  966230K->639835K(1035264K), 0.0036739 secs]
245.369: Total time for which application threads were stopped: 0.0038284 seconds, Stopping threads took: 0.0000212 seconds
245.435: [GC (Allocation Failure)  962395K->643901K(1036288K), 0.0050003 secs]
245.440: Total time for which application threads were stopped: 0.0051604 seconds, Stopping threads took: 0.0000201 seconds
245.508: [GC (Allocation Failure)  967997K->647869K(1035776K), 0.0048283 secs]
245.513: Total time for which application threads were stopped: 0.0049689 seconds, Stopping threads took: 0.0000170 seconds
245.579: [GC (Allocation Failure)  971965K->647869K(1035776K), 0.0083078 secs]
245.588: Total time for which application threads were stopped: 0.0084804 seconds, Stopping threads took: 0.0000202 seconds
245.657: [GC (Allocation Failure)  971453K->647933K(1023488K), 0.0050391 secs]
245.662: Total time for which application threads were stopped: 0.0051901 seconds, Stopping threads took: 0.0000171 seconds
245.729: [GC (Allocation Failure)  971517K->655936K(1035264K), 0.0048920 secs]
245.734: Total time for which application threads were stopped: 0.0051099 seconds, Stopping threads took: 0.0000193 seconds
245.803: [GC (Allocation Failure)  978496K->655904K(1030144K), 0.0047472 secs]
245.808: Total time for which application threads were stopped: 0.0049247 seconds, Stopping threads took: 0.0000201 seconds
245.878: [GC (Allocation Failure)  978464K->655976K(1034752K), 0.0047528 secs]
245.883: Total time for which application threads were stopped: 0.0049378 seconds, Stopping threads took: 0.0000176 seconds
245.952: [GC (Allocation Failure)  977512K->663946K(1034752K), 0.0050145 secs]
245.957: Total time for which application threads were stopped: 0.0052043 seconds, Stopping threads took: 0.0000201 seconds
246.027: [GC (Allocation Failure)  985482K->663978K(1033728K), 0.0046288 secs]
246.031: Total time for which application threads were stopped: 0.0048054 seconds, Stopping threads took: 0.0000275 seconds
246.098: [GC (Allocation Failure)  984490K->664202K(1034240K), 0.0048259 secs]
246.103: Total time for which application threads were stopped: 0.0049962 seconds, Stopping threads took: 0.0000195 seconds
246.172: [GC (Allocation Failure)  984714K->671980K(1034240K), 0.0049825 secs]
246.177: Total time for which application threads were stopped: 0.0051508 seconds, Stopping threads took: 0.0000171 seconds
246.247: [GC (Allocation Failure)  992492K->671980K(1034240K), 0.0047714 secs]
246.252: Total time for which application threads were stopped: 0.0049395 seconds, Stopping threads took: 0.0000255 seconds
246.319: [GC (Allocation Failure)  992492K->672428K(1033216K), 0.0049525 secs]
246.324: Total time for which application threads were stopped: 0.0051184 seconds, Stopping threads took: 0.0000260 seconds
246.393: [GC (Allocation Failure)  991916K->680047K(1033728K), 0.0049916 secs]
246.398: Total time for which application threads were stopped: 0.0051585 seconds, Stopping threads took: 0.0000201 seconds
246.465: [GC (Allocation Failure)  999535K->680015K(1033728K), 0.0049365 secs]
246.470: Total time for which application threads were stopped: 0.0051105 seconds, Stopping threads took: 0.0000199 seconds
246.535: [GC (Allocation Failure)  999503K->680143K(1033728K), 0.0049917 secs]
246.541: Total time for which application threads were stopped: 0.0051400 seconds, Stopping threads took: 0.0000196 seconds
246.607: [GC (Allocation Failure)  999631K->688049K(1033728K), 0.0094567 secs]
246.616: Total time for which application threads were stopped: 0.0096084 seconds, Stopping threads took: 0.0000284 seconds
246.684: [GC (Allocation Failure)  1007537K->688081K(1033728K), 0.0051285 secs]
246.689: Total time for which application threads were stopped: 0.0052849 seconds, Stopping threads took: 0.0000193 seconds
246.758: [GC (Allocation Failure)  1007569K->688105K(1033728K), 0.0066209 secs]
246.765: [Full GC (Ergonomics)  688105K->8540K(1033728K), 0.0120336 secs]
246.777: Total time for which application threads were stopped: 0.0189317 seconds, Stopping threads took: 0.0000275 seconds
246.843: [GC (Allocation Failure)  328028K->16703K(1027072K), 0.0038148 secs]
246.847: Total time for which application threads were stopped: 0.0039640 seconds, Stopping threads took: 0.0000192 seconds
246.914: [GC (Allocation Failure)  336190K->12804K(1034240K), 0.0025940 secs]
246.917: Total time for which application threads were stopped: 0.0027493 seconds, Stopping threads took: 0.0000216 seconds
246.984: [GC (Allocation Failure)  332292K->16871K(1033216K), 0.0039190 secs]
246.988: Total time for which application threads were stopped: 0.0040898 seconds, Stopping threads took: 0.0000203 seconds
247.057: [GC (Allocation Failure)  336359K->20839K(1034752K), 0.0035380 secs]
247.061: Total time for which application threads were stopped: 0.0036937 seconds, Stopping threads took: 0.0000200 seconds
247.125: [GC (Allocation Failure)  342375K->14084K(1034752K), 0.0011832 secs]
247.126: Total time for which application threads were stopped: 0.0013144 seconds, Stopping threads took: 0.0000196 seconds
247.195: [GC (Allocation Failure)  335620K->20911K(1034752K), 0.0035899 secs]
247.198: Total time for which application threads were stopped: 0.0037399 seconds, Stopping threads took: 0.0000221 seconds
247.264: [GC (Allocation Failure)  342447K->24991K(1034752K), 0.0044056 secs]
247.268: Total time for which application threads were stopped: 0.0045736 seconds, Stopping threads took: 0.0000276 seconds
247.333: [GC (Allocation Failure)  346527K->19452K(1034752K), 0.0016522 secs]
247.335: Total time for which application threads were stopped: 0.0017874 seconds, Stopping threads took: 0.0000208 seconds
247.400: [GC (Allocation Failure)  340988K->25263K(1034752K), 0.0036601 secs]
247.404: Total time for which application threads were stopped: 0.0037945 seconds, Stopping threads took: 0.0000212 seconds
247.469: [GC (Allocation Failure)  346799K->29167K(1035264K), 0.0039194 secs]
247.473: Total time for which application threads were stopped: 0.0040701 seconds, Stopping threads took: 0.0000197 seconds
247.537: [GC (Allocation Failure)  351655K->25228K(1035264K), 0.0024683 secs]
247.540: Total time for which application threads were stopped: 0.0026207 seconds, Stopping threads took: 0.0000193 seconds
247.607: [GC (Allocation Failure)  347788K->29263K(1036288K), 0.0045263 secs]
247.612: Total time for which application threads were stopped: 0.0046648 seconds, Stopping threads took: 0.0000242 seconds
247.679: [GC (Allocation Failure)  353359K->33295K(1035776K), 0.0035937 secs]
247.683: Total time for which application threads were stopped: 0.0037466 seconds, Stopping threads took: 0.0000200 seconds
247.751: [GC (Allocation Failure)  357391K->33263K(1035776K), 0.0035206 secs]
247.755: Total time for which application threads were stopped: 0.0037078 seconds, Stopping threads took: 0.0000281 seconds
247.822: [GC (Allocation Failure)  356847K->33319K(1023488K), 0.0036994 secs]
247.826: Total time for which application threads were stopped: 0.0038571 seconds, Stopping threads took: 0.0000192 seconds
247.893: [GC (Allocation Failure)  356903K->41289K(1035264K), 0.0038591 secs]
247.897: Total time for which application threads were stopped: 0.0040082 seconds, Stopping threads took: 0.0000187 seconds
247.962: [GC (Allocation Failure)  363849K->41257K(1030144K), 0.0034408 secs]
247.966: Total time for which application threads were stopped: 0.0036035 seconds, Stopping threads took: 0.0000279 seconds
248.032: [GC (Allocation Failure)  363817K->41353K(1034752K), 0.0036513 secs]
248.036: Total time for which application threads were stopped: 0.0037919 seconds, Stopping threads took: 0.0000198 seconds
248.103: [GC (Allocation Failure)  362889K->49355K(1029120K), 0.0037920 secs]
248.107: Total time for which application threads were stopped: 0.0039514 seconds, Stopping threads took: 0.0000206 seconds
248.176: [GC (Allocation Failure)  370891K->49355K(1034240K), 0.0035194 secs]
248.179: Total time for which application threads were stopped: 0.0036686 seconds, Stopping threads took: 0.0000170 seconds
248.247: [GC (Allocation Failure)  369867K->49579K(1034240K), 0.0035445 secs]
248.250: Total time for which application threads were stopped: 0.0036970 seconds, Stopping threads took: 0.0000271 seconds
248.317: [GC (Allocation Failure)  370091K->57357K(1034240K), 0.0035989 secs]
248.321: Total time for which application threads were stopped: 0.0037451 seconds, Stopping threads took: 0.0000248 seconds
248.387: [GC (Allocation Failure)  377869K->57357K(1034240K), 0.0036989 secs]
248.391: Total time for which application threads were stopped: 0.0038441 seconds, Stopping threads took: 0.0000193 seconds
248.456: [GC (Allocation Failure)  377869K->57805K(1033216K), 0.0038063 secs]
248.460: Total time for which application threads were stopped: 0.0039579 seconds, Stopping threads took: 0.0000189 seconds
248.527: [GC (Allocation Failure)  377293K->65424K(1033728K), 0.0036552 secs]
248.530: Total time for which application threads were stopped: 0.0038080 seconds, Stopping threads took: 0.0000252 seconds
248.596: [GC (Allocation Failure)  384912K->65392K(1033728K), 0.0036387 secs]
248.599: Total time for which application threads were stopped: 0.0038305 seconds, Stopping threads took: 0.0000348 seconds
248.664: [GC (Allocation Failure)  384880K->65544K(1033728K), 0.0037517 secs]
248.668: Total time for which application threads were stopped: 0.0039129 seconds, Stopping threads took: 0.0000197 seconds
248.736: [GC (Allocation Failure)  385032K->73450K(1033728K), 0.0035223 secs]
248.739: Total time for which application threads were stopped: 0.0036873 seconds, Stopping threads took: 0.0000268 seconds
248.806: [GC (Allocation Failure)  392938K->73386K(1033728K), 0.0037766 secs]
248.810: Total time for which application threads were stopped: 0.0039452 seconds, Stopping threads took: 0.0000206 seconds
248.876: [GC (Allocation Failure)  392874K->73482K(1033728K), 0.0038099 secs]
248.880: Total time for which application threads were stopped: 0.0039721 seconds, Stopping threads took: 0.0000190 seconds
248.947: [GC (Allocation Failure)  392970K->81452K(1027072K), 0.0039662 secs]
248.951: Total time for which application threads were stopped: 0.0041197 seconds, Stopping threads took: 0.0000200 seconds
249.015: [GC (Allocation Failure)  400940K->77578K(1034240K), 0.0027011 secs]
249.018: Total time for which application threads were stopped: 0.0028489 seconds, Stopping threads took: 0.0000194 seconds
249.085: [GC (Allocation Failure)  397066K->81612K(1033216K), 0.0039390 secs]
249.089: Total time for which application threads were stopped: 0.0041029 seconds, Stopping threads took: 0.0000193 seconds
249.155: [GC (Allocation Failure)  401100K->85580K(1034752K), 0.0038551 secs]
249.159: Total time for which application threads were stopped: 0.0040181 seconds, Stopping threads took: 0.0000197 seconds
249.228: [GC (Allocation Failure)  407116K->78762K(1034752K), 0.0010367 secs]
249.230: Total time for which application threads were stopped: 0.0011671 seconds, Stopping threads took: 0.0000259 seconds
249.297: [GC (Allocation Failure)  400298K->85644K(1034752K), 0.0065457 secs]
249.303: Total time for which application threads were stopped: 0.0067121 seconds, Stopping threads took: 0.0000254 seconds
249.370: [GC (Allocation Failure)  407180K->89788K(1034752K), 0.0047877 secs]
249.375: Total time for which application threads were stopped: 0.0049718 seconds, Stopping threads took: 0.0000201 seconds
249.440: [GC (Allocation Failure)  411324K->84186K(1034752K), 0.0016622 secs]
249.441: Total time for which application threads were stopped: 0.0018360 seconds, Stopping threads took: 0.0000437 seconds
249.508: [GC (Allocation Failure)  405722K->90028K(1034752K), 0.0038387 secs]
249.512: Total time for which application threads were stopped: 0.0040038 seconds, Stopping threads took: 0.0000202 seconds
249.579: [GC (Allocation Failure)  411564K->93900K(1035264K), 0.0041363 secs]
249.584: Total time for which application threads were stopped: 0.0042962 seconds, Stopping threads took: 0.0000203 seconds
249.652: [GC (Allocation Failure)  416388K->89962K(1035264K), 0.0024576 secs]
249.654: Total time for which application threads were stopped: 0.0025973 seconds, Stopping threads took: 0.0000168 seconds
249.723: [GC (Allocation Failure)  412522K->94020K(1036288K), 0.0042313 secs]
249.727: Total time for which application threads were stopped: 0.0044074 seconds, Stopping threads took: 0.0000269 seconds
249.795: [GC (Allocation Failure)  418116K->97988K(1035776K), 0.0038392 secs]
249.799: Total time for which application threads were stopped: 0.0040097 seconds, Stopping threads took: 0.0000213 seconds
249.867: [GC (Allocation Failure)  422084K->97988K(1035776K), 0.0035640 secs]
249.871: Total time for which application threads were stopped: 0.0037512 seconds, Stopping threads took: 0.0000201 seconds
249.939: [GC (Allocation Failure)  421572K->98052K(1023488K), 0.0040123 secs]
249.943: Total time for which application threads were stopped: 0.0041663 seconds, Stopping threads took: 0.0000194 seconds
250.011: [GC (Allocation Failure)  421636K->106022K(1035264K), 0.0037737 secs]
250.015: Total time for which application threads were stopped: 0.0039335 seconds, Stopping threads took: 0.0000220 seconds
250.081: [GC (Allocation Failure)  428582K->106054K(1030144K), 0.0038021 secs]
250.085: Total time for which application threads were stopped: 0.0039723 seconds, Stopping threads took: 0.0000213 seconds
250.153: [GC (Allocation Failure)  428614K->106094K(1034752K), 0.0038463 secs]
250.157: Total time for which application threads were stopped: 0.0039959 seconds, Stopping threads took: 0.0000204 seconds
250.225: [GC (Allocation Failure)  427630K->114065K(1029120K), 0.0037824 secs]
250.229: Total time for which application threads were stopped: 0.0039241 seconds, Stopping threads took: 0.0000260 seconds
250.294: [GC (Allocation Failure)  435601K->114033K(1034240K), 0.0042231 secs]
250.299: Total time for which application threads were stopped: 0.0043848 seconds, Stopping threads took: 0.0000264 seconds
250.364: [GC (Allocation Failure)  434545K->114313K(1034240K), 0.0038171 secs]
250.367: Total time for which application threads were stopped: 0.0039892 seconds, Stopping threads took: 0.0000202 seconds
250.435: [GC (Allocation Failure)  434825K->122123K(1034240K), 0.0038122 secs]
250.439: Total time for which application threads were stopped: 0.0039449 seconds, Stopping threads took: 0.0000168 seconds
250.503: [GC (Allocation Failure)  442635K->122091K(1034240K), 0.0037869 secs]
250.507: Total time for which application threads were stopped: 0.0039414 seconds, Stopping threads took: 0.0000195 seconds
250.572: [GC (Allocation Failure)  442603K->122539K(1033216K), 0.0037119 secs]
250.576: Total time for which application threads were stopped: 0.0038325 seconds, Stopping threads took: 0.0000164 seconds
250.644: [GC (Allocation Failure)  442027K->130157K(1033728K), 0.0040917 secs]
250.648: Total time for which application threads were stopped: 0.0042356 seconds, Stopping threads took: 0.0000174 seconds
250.716: [GC (Allocation Failure)  449645K->130157K(1033728K), 0.0038378 secs]
250.720: Total time for which application threads were stopped: 0.0040219 seconds, Stopping threads took: 0.0000211 seconds
250.784: [GC (Allocation Failure)  449645K->130277K(1033728K), 0.0038540 secs]
250.788: Total time for which application threads were stopped: 0.0040083 seconds, Stopping threads took: 0.0000203 seconds
250.856: [GC (Allocation Failure)  449765K->138151K(1033728K), 0.0038095 secs]
250.859: Total time for which application threads were stopped: 0.0040062 seconds, Stopping threads took: 0.0000202 seconds
250.925: [GC (Allocation Failure)  457639K->138151K(1033728K), 0.0040153 secs]
250.929: Total time for which application threads were stopped: 0.0041780 seconds, Stopping threads took: 0.0000284 seconds
250.997: [GC (Allocation Failure)  457639K->138215K(1033728K), 0.0038229 secs]
251.001: Total time for which application threads were stopped: 0.0039806 seconds, Stopping threads took: 0.0000202 seconds
251.069: [GC (Allocation Failure)  457703K->146154K(1027072K), 0.0040767 secs]
251.073: Total time for which application threads were stopped: 0.0042456 seconds, Stopping threads took: 0.0000199 seconds
251.137: [GC (Allocation Failure)  465641K->142279K(1034240K), 0.0031515 secs]
251.140: Total time for which application threads were stopped: 0.0032976 seconds, Stopping threads took: 0.0000206 seconds
251.207: [GC (Allocation Failure)  461767K->146346K(1033216K), 0.0040117 secs]
251.211: Total time for which application threads were stopped: 0.0041655 seconds, Stopping threads took: 0.0000190 seconds
251.277: [GC (Allocation Failure)  465834K->150314K(1034752K), 0.0039052 secs]
251.281: Total time for which application threads were stopped: 0.0040658 seconds, Stopping threads took: 0.0000208 seconds
251.347: [GC (Allocation Failure)  471850K->143527K(1034752K), 0.0013355 secs]
251.349: Total time for which application threads were stopped: 0.0014790 seconds, Stopping threads took: 0.0000203 seconds
251.416: [GC (Allocation Failure)  465063K->150410K(1034752K), 0.0037904 secs]
251.419: Total time for which application threads were stopped: 0.0039760 seconds, Stopping threads took: 0.0000202 seconds
251.483: [GC (Allocation Failure)  471946K->154482K(1034752K), 0.0046904 secs]
251.488: Total time for which application threads were stopped: 0.0048383 seconds, Stopping threads took: 0.0000198 seconds
251.552: [GC (Allocation Failure)  476018K->148911K(1034752K), 0.0018805 secs]
251.554: Total time for which application threads were stopped: 0.0020318 seconds, Stopping threads took: 0.0000195 seconds
251.623: [GC (Allocation Failure)  470447K->154714K(1034752K), 0.0046576 secs]
251.628: Total time for which application threads were stopped: 0.0047799 seconds, Stopping threads took: 0.0000245 seconds
251.696: [GC (Allocation Failure)  476250K->158618K(1035264K), 0.0042877 secs]
251.700: Total time for which application threads were stopped: 0.0044390 seconds, Stopping threads took: 0.0000203 seconds
251.766: [GC (Allocation Failure)  481106K->154679K(1035264K), 0.0026713 secs]
251.769: Total time for which application threads were stopped: 0.0028074 seconds, Stopping threads took: 0.0000190 seconds
251.836: [GC (Allocation Failure)  477239K->158746K(1036288K), 0.0039231 secs]
251.840: Total time for which application threads were stopped: 0.0040673 seconds, Stopping threads took: 0.0000188 seconds
251.905: [GC (Allocation Failure)  482842K->162714K(1035776K), 0.0038228 secs]
251.909: Total time for which application threads were stopped: 0.0039795 seconds, Stopping threads took: 0.0000193 seconds
251.977: [GC (Allocation Failure)  486810K->162714K(1035776K), 0.0037615 secs]
251.981: Total time for which application threads were stopped: 0.0039059 seconds, Stopping threads took: 0.0000198 seconds
252.046: [GC (Allocation Failure)  486298K->162778K(1023488K), 0.0039015 secs]
252.050: Total time for which application threads were stopped: 0.0040615 seconds, Stopping threads took: 0.0000197 seconds
252.117: [GC (Allocation Failure)  486362K->170780K(1035264K), 0.0038374 secs]
252.120: Total time for which application threads were stopped: 0.0039926 seconds, Stopping threads took: 0.0000199 seconds
252.184: [GC (Allocation Failure)  493340K->170748K(1030144K), 0.0037816 secs]
252.188: Total time for which application threads were stopped: 0.0039354 seconds, Stopping threads took: 0.0000218 seconds
252.255: [GC (Allocation Failure)  493308K->170812K(1034752K), 0.0037942 secs]
252.259: Total time for which application threads were stopped: 0.0039368 seconds, Stopping threads took: 0.0000248 seconds
252.323: [GC (Allocation Failure)  492348K->178814K(1029120K), 0.0039859 secs]
252.327: Total time for which application threads were stopped: 0.0041165 seconds, Stopping threads took: 0.0000193 seconds
252.391: [GC (Allocation Failure)  500350K->178814K(1034240K), 0.0037332 secs]
252.395: Total time for which application threads were stopped: 0.0038638 seconds, Stopping threads took: 0.0000193 seconds
252.458: [GC (Allocation Failure)  499326K->179038K(1034240K), 0.0064848 secs]
252.465: Total time for which application threads were stopped: 0.0066402 seconds, Stopping threads took: 0.0000245 seconds
252.529: [GC (Allocation Failure)  499550K->186849K(1034240K), 0.0037518 secs]
252.533: Total time for which application threads were stopped: 0.0038948 seconds, Stopping threads took: 0.0000246 seconds
252.596: [GC (Allocation Failure)  507361K->186849K(1034240K), 0.0039167 secs]
252.600: Total time for which application threads were stopped: 0.0040503 seconds, Stopping threads took: 0.0000194 seconds
252.666: [GC (Allocation Failure)  507361K->187273K(1033216K), 0.0040061 secs]
252.670: Total time for which application threads were stopped: 0.0041731 seconds, Stopping threads took: 0.0000270 seconds
252.738: [GC (Allocation Failure)  506761K->194891K(1033728K), 0.0039785 secs]
252.742: Total time for which application threads were stopped: 0.0041336 seconds, Stopping threads took: 0.0000277 seconds
252.807: [GC (Allocation Failure)  514379K->194891K(1033728K), 0.0038559 secs]
252.811: Total time for which application threads were stopped: 0.0040042 seconds, Stopping threads took: 0.0000199 seconds
252.875: [GC (Allocation Failure)  514379K->194987K(1033728K), 0.0039500 secs]
252.879: Total time for which application threads were stopped: 0.0040731 seconds, Stopping threads took: 0.0000167 seconds
252.943: [GC (Allocation Failure)  514475K->202893K(1033728K), 0.0037339 secs]
252.946: Total time for which application threads were stopped: 0.0038783 seconds, Stopping threads took: 0.0000280 seconds
253.009: [GC (Allocation Failure)  522381K->202893K(1033728K), 0.0039709 secs]
253.013: Total time for which application threads were stopped: 0.0041232 seconds, Stopping threads took: 0.0000201 seconds
253.078: [GC (Allocation Failure)  522381K->202957K(1033728K), 0.0040371 secs]
253.082: Total time for which application threads were stopped: 0.0041810 seconds, Stopping threads took: 0.0000197 seconds
253.145: [GC (Allocation Failure)  522445K->210927K(1027072K), 0.0039953 secs]
253.149: Total time for which application threads were stopped: 0.0041287 seconds, Stopping threads took: 0.0000191 seconds
253.210: [GC (Allocation Failure)  530415K->206989K(1034240K), 0.0032216 secs]
253.213: Total time for which application threads were stopped: 0.0033530 seconds, Stopping threads took: 0.0000187 seconds
253.279: [GC (Allocation Failure)  526477K->211087K(1033216K), 0.0040515 secs]
253.283: Total time for which application threads were stopped: 0.0041866 seconds, Stopping threads took: 0.0000196 seconds
253.347: [GC (Allocation Failure)  530575K->215087K(1034752K), 0.0038932 secs]
253.351: Total time for which application threads were stopped: 0.0040535 seconds, Stopping threads took: 0.0000246 seconds
253.413: [GC (Allocation Failure)  536623K->208269K(1034752K), 0.0014922 secs]
253.415: Total time for which application threads were stopped: 0.0016241 seconds, Stopping threads took: 0.0000192 seconds
253.478: [GC (Allocation Failure)  529805K->215119K(1034752K), 0.0050908 secs]
253.484: Total time for which application threads were stopped: 0.0052401 seconds, Stopping threads took: 0.0000198 seconds
253.547: [GC (Allocation Failure)  536655K->219191K(1034752K), 0.0048918 secs]
253.552: Total time for which application threads were stopped: 0.0050333 seconds, Stopping threads took: 0.0000192 seconds
253.614: [GC (Allocation Failure)  540727K->213621K(1034752K), 0.0027358 secs]
253.617: Total time for which application threads were stopped: 0.0029092 seconds, Stopping threads took: 0.0000255 seconds
253.684: [GC (Allocation Failure)  535157K->219463K(1034752K), 0.0040264 secs]
253.688: Total time for which application threads were stopped: 0.0041852 seconds, Stopping threads took: 0.0000205 seconds
253.753: [GC (Allocation Failure)  540999K->223335K(1035264K), 0.0043881 secs]
253.758: Total time for which application threads were stopped: 0.0045414 seconds, Stopping threads took: 0.0000260 seconds
253.821: [GC (Allocation Failure)  545824K->219429K(1035264K), 0.0029434 secs]
253.824: Total time for which application threads were stopped: 0.0030760 seconds, Stopping threads took: 0.0000195 seconds
253.892: [GC (Allocation Failure)  541989K->223495K(1036288K), 0.0042367 secs]
253.896: Total time for which application threads were stopped: 0.0043870 seconds, Stopping threads took: 0.0000248 seconds
253.960: [GC (Allocation Failure)  547591K->227463K(1035776K), 0.0037732 secs]
253.964: Total time for which application threads were stopped: 0.0039218 seconds, Stopping threads took: 0.0000241 seconds
254.029: [GC (Allocation Failure)  551559K->227463K(1035776K), 0.0037713 secs]
254.033: Total time for which application threads were stopped: 0.0039100 seconds, Stopping threads took: 0.0000196 seconds
254.098: [GC (Allocation Failure)  551047K->227559K(1023488K), 0.0038926 secs]
254.102: Total time for which application threads were stopped: 0.0040127 seconds, Stopping threads took: 0.0000160 seconds
254.164: [GC (Allocation Failure)  551143K->235530K(1035264K), 0.0040014 secs]
254.168: Total time for which application threads were stopped: 0.0041436 seconds, Stopping threads took: 0.0000191 seconds
254.234: [GC (Allocation Failure)  558090K->235498K(1030144K), 0.0036834 secs]
254.238: Total time for which application threads were stopped: 0.0038214 seconds, Stopping threads took: 0.0000258 seconds
254.301: [GC (Allocation Failure)  558058K->235562K(1034752K), 0.0038414 secs]
254.305: Total time for which application threads were stopped: 0.0039867 seconds, Stopping threads took: 0.0000187 seconds
254.370: [GC (Allocation Failure)  557098K->243564K(1029120K), 0.0039664 secs]
254.374: Total time for which application threads were stopped: 0.0040868 seconds, Stopping threads took: 0.0000162 seconds
254.438: [GC (Allocation Failure)  565100K->243532K(1034240K), 0.0038036 secs]
254.442: Total time for which application threads were stopped: 0.0039383 seconds, Stopping threads took: 0.0000206 seconds
254.505: [GC (Allocation Failure)  564044K->243788K(1034240K), 0.0040788 secs]
254.509: Total time for which application threads were stopped: 0.0042103 seconds, Stopping threads took: 0.0000189 seconds
254.575: [GC (Allocation Failure)  564300K->251598K(1034240K), 0.0039879 secs]
254.579: Total time for which application threads were stopped: 0.0041323 seconds, Stopping threads took: 0.0000186 seconds
254.646: [GC (Allocation Failure)  572110K->251566K(1034240K), 0.0040411 secs]
254.650: Total time for which application threads were stopped: 0.0041861 seconds, Stopping threads took: 0.0000180 seconds
254.716: [GC (Allocation Failure)  572078K->252006K(1033216K), 0.0040230 secs]
254.720: Total time for which application threads were stopped: 0.0041615 seconds, Stopping threads took: 0.0000257 seconds
254.785: [GC (Allocation Failure)  571494K->259592K(1033728K), 0.0039823 secs]
254.789: Total time for which application threads were stopped: 0.0041273 seconds, Stopping threads took: 0.0000196 seconds
254.853: [GC (Allocation Failure)  579080K->259592K(1033728K), 0.0039154 secs]
254.857: Total time for which application threads were stopped: 0.0040628 seconds, Stopping threads took: 0.0000195 seconds
254.919: [GC (Allocation Failure)  579080K->259720K(1033728K), 0.0039304 secs]
254.923: Total time for which application threads were stopped: 0.0040751 seconds, Stopping threads took: 0.0000275 seconds
254.987: [GC (Allocation Failure)  579208K->267627K(1033728K), 0.0039670 secs]
254.991: Total time for which application threads were stopped: 0.0041256 seconds, Stopping threads took: 0.0000277 seconds
255.056: [GC (Allocation Failure)  587115K->267659K(1033728K), 0.0041004 secs]
255.060: Total time for which application threads were stopped: 0.0042234 seconds, Stopping threads took: 0.0000169 seconds
255.124: [GC (Allocation Failure)  587147K->267691K(1033728K), 0.0041398 secs]
255.128: Total time for which application threads were stopped: 0.0042878 seconds, Stopping threads took: 0.0000276 seconds
255.193: [GC (Allocation Failure)  587179K->275661K(1027072K), 0.0040366 secs]
255.198: Total time for which application threads were stopped: 0.0041966 seconds, Stopping threads took: 0.0000281 seconds
255.261: [GC (Allocation Failure)  595148K->271755K(1034240K), 0.0031698 secs]
255.264: Total time for which application threads were stopped: 0.0033056 seconds, Stopping threads took: 0.0000256 seconds
255.327: [GC (Allocation Failure)  591243K->275821K(1033216K), 0.0040983 secs]
255.332: Total time for which application threads were stopped: 0.0042677 seconds, Stopping threads took: 0.0000271 seconds
255.395: [GC (Allocation Failure)  595309K->279789K(1034752K), 0.0039520 secs]
255.399: Total time for which application threads were stopped: 0.0041008 seconds, Stopping threads took: 0.0000239 seconds
255.463: [GC (Allocation Failure)  601325K->273003K(1034752K), 0.0015930 secs]
255.465: Total time for which application threads were stopped: 0.0017202 seconds, Stopping threads took: 0.0000157 seconds
255.529: [GC (Allocation Failure)  594539K->279861K(1034752K), 0.0041112 secs]
255.534: Total time for which application threads were stopped: 0.0042403 seconds, Stopping threads took: 0.0000187 seconds
255.598: [GC (Allocation Failure)  601397K->283933K(1034752K), 0.0048777 secs]
255.603: Total time for which application threads were stopped: 0.0050494 seconds, Stopping threads took: 0.0000181 seconds
255.669: [GC (Allocation Failure)  605469K->278427K(1034752K), 0.0023255 secs]
255.671: Total time for which application threads were stopped: 0.0024632 seconds, Stopping threads took: 0.0000253 seconds
255.737: [GC (Allocation Failure)  599963K->284205K(1034752K), 0.0039841 secs]
255.741: Total time for which application threads were stopped: 0.0041396 seconds, Stopping threads took: 0.0000270 seconds
255.807: [GC (Allocation Failure)  605741K->288077K(1034752K), 0.0045843 secs]
255.812: Total time for which application threads were stopped: 0.0047378 seconds, Stopping threads took: 0.0000199 seconds
255.877: [GC (Allocation Failure)  610565K->284171K(1035264K), 0.0030735 secs]
255.880: Total time for which application threads were stopped: 0.0032192 seconds, Stopping threads took: 0.0000203 seconds
255.946: [GC (Allocation Failure)  606731K->288237K(1036288K), 0.0042062 secs]
255.951: Total time for which application threads were stopped: 0.0043766 seconds, Stopping threads took: 0.0000276 seconds
256.016: [GC (Allocation Failure)  612333K->292205K(1035776K), 0.0040496 secs]
256.020: Total time for which application threads were stopped: 0.0041958 seconds, Stopping threads took: 0.0000192 seconds
256.087: [GC (Allocation Failure)  616301K->292205K(1035776K), 0.0039456 secs]
256.091: Total time for which application threads were stopped: 0.0040770 seconds, Stopping threads took: 0.0000187 seconds
256.157: [GC (Allocation Failure)  615789K->292269K(1023488K), 0.0039986 secs]
256.161: Total time for which application threads were stopped: 0.0042657 seconds, Stopping threads took: 0.0000187 seconds
256.224: [GC (Allocation Failure)  615853K->300271K(1035264K), 0.0040691 secs]
256.228: Total time for which application threads were stopped: 0.0041979 seconds, Stopping threads took: 0.0000170 seconds
256.294: [GC (Allocation Failure)  622831K->300207K(1030144K), 0.0038881 secs]
256.298: Total time for which application threads were stopped: 0.0040427 seconds, Stopping threads took: 0.0000268 seconds
256.363: [GC (Allocation Failure)  622767K->300295K(1034752K), 0.0041672 secs]
256.367: Total time for which application threads were stopped: 0.0043173 seconds, Stopping threads took: 0.0000192 seconds
256.432: [GC (Allocation Failure)  621831K->308265K(1034752K), 0.0042285 secs]
256.436: Total time for which application threads were stopped: 0.0043592 seconds, Stopping threads took: 0.0000189 seconds
256.502: [GC (Allocation Failure)  629801K->308265K(1033728K), 0.0038731 secs]
256.506: Total time for which application threads were stopped: 0.0040233 seconds, Stopping threads took: 0.0000190 seconds
256.570: [GC (Allocation Failure)  628777K->308521K(1034240K), 0.0041887 secs]
256.574: Total time for which application threads were stopped: 0.0043200 seconds, Stopping threads took: 0.0000191 seconds
256.642: [GC (Allocation Failure)  629033K->316332K(1034240K), 0.0042104 secs]
256.647: Total time for which application threads were stopped: 0.0043652 seconds, Stopping threads took: 0.0000200 seconds
256.713: [GC (Allocation Failure)  636844K->316300K(1034240K), 0.0043272 secs]
256.718: Total time for which application threads were stopped: 0.0045038 seconds, Stopping threads took: 0.0000202 seconds
256.784: [GC (Allocation Failure)  636812K->316748K(1033216K), 0.0041982 secs]
256.789: Total time for which application threads were stopped: 0.0043450 seconds, Stopping threads took: 0.0000168 seconds
256.856: [GC (Allocation Failure)  636236K->324366K(1033728K), 0.0043937 secs]
256.861: Total time for which application threads were stopped: 0.0045319 seconds, Stopping threads took: 0.0000199 seconds
256.928: [GC (Allocation Failure)  643854K->324334K(1033728K), 0.0041831 secs]
256.933: Total time for which application threads were stopped: 0.0043467 seconds, Stopping threads took: 0.0000171 seconds
256.997: [GC (Allocation Failure)  643822K->324494K(1033728K), 0.0042821 secs]
257.001: Total time for which application threads were stopped: 0.0044178 seconds, Stopping threads took: 0.0000166 seconds
257.067: [GC (Allocation Failure)  643982K->332400K(1033728K), 0.0040559 secs]
257.071: Total time for which application threads were stopped: 0.0042085 seconds, Stopping threads took: 0.0000201 seconds
257.135: [GC (Allocation Failure)  651888K->332400K(1033728K), 0.0042103 secs]
257.139: Total time for which application threads were stopped: 0.0043636 seconds, Stopping threads took: 0.0000192 seconds
257.205: [GC (Allocation Failure)  651888K->332424K(1033728K), 0.0041843 secs]
257.210: Total time for which application threads were stopped: 0.0043433 seconds, Stopping threads took: 0.0000281 seconds
257.276: [GC (Allocation Failure)  651912K->340395K(1027072K), 0.0041045 secs]
257.280: Total time for which application threads were stopped: 0.0042589 seconds, Stopping threads took: 0.0000170 seconds
257.342: [GC (Allocation Failure)  659882K->336488K(1034240K), 0.0033333 secs]
257.345: Total time for which application threads were stopped: 0.0034655 seconds, Stopping threads took: 0.0000192 seconds
257.410: [GC (Allocation Failure)  655976K->340555K(1033216K), 0.0042173 secs]
257.414: Total time for which application threads were stopped: 0.0043625 seconds, Stopping threads took: 0.0000195 seconds
257.480: [GC (Allocation Failure)  660043K->344523K(1034752K), 0.0041998 secs]
257.485: Total time for which application threads were stopped: 0.0043409 seconds, Stopping threads took: 0.0000196 seconds
257.548: [GC (Allocation Failure)  666059K->337736K(1034752K), 0.0017357 secs]
257.549: Total time for which application threads were stopped: 0.0018692 seconds, Stopping threads took: 0.0000198 seconds
257.616: [GC (Allocation Failure)  659272K->344579K(1034752K), 0.0047654 secs]
257.621: Total time for which application threads were stopped: 0.0048965 seconds, Stopping threads took: 0.0000178 seconds
257.687: [GC (Allocation Failure)  666115K->348659K(1034752K), 0.0052416 secs]
257.692: Total time for which application threads were stopped: 0.0054078 seconds, Stopping threads took: 0.0000203 seconds
257.757: [GC (Allocation Failure)  670195K->343152K(1034752K), 0.0022645 secs]
257.759: Total time for which application threads were stopped: 0.0024084 seconds, Stopping threads took: 0.0000261 seconds
257.826: [GC (Allocation Failure)  664688K->348931K(1034752K), 0.0042951 secs]
257.830: Total time for which application threads were stopped: 0.0044481 seconds, Stopping threads took: 0.0000217 seconds
257.896: [GC (Allocation Failure)  670467K->352803K(1034752K), 0.0045560 secs]
257.900: Total time for which application threads were stopped: 0.0047034 seconds, Stopping threads took: 0.0000199 seconds
257.965: [GC (Allocation Failure)  675291K->348864K(1035264K), 0.0031333 secs]
257.968: Total time for which application threads were stopped: 0.0032669 seconds, Stopping threads took: 0.0000192 seconds
258.035: [GC (Allocation Failure)  671424K->352971K(1036288K), 0.0042879 secs]
258.039: Total time for which application threads were stopped: 0.0044594 seconds, Stopping threads took: 0.0000295 seconds
258.104: [GC (Allocation Failure)  677067K->356971K(1035776K), 0.0042141 secs]
258.108: Total time for which application threads were stopped: 0.0043597 seconds, Stopping threads took: 0.0000205 seconds
258.173: [GC (Allocation Failure)  681067K->356971K(1035776K), 0.0042331 secs]
258.177: Total time for which application threads were stopped: 0.0044007 seconds, Stopping threads took: 0.0000250 seconds
258.241: [GC (Allocation Failure)  680555K->357003K(1023488K), 0.0042185 secs]
258.245: Total time for which application threads were stopped: 0.0043636 seconds, Stopping threads took: 0.0000262 seconds
258.308: [GC (Allocation Failure)  680587K->365005K(1035264K), 0.0043430 secs]
258.312: Total time for which application threads were stopped: 0.0044939 seconds, Stopping threads took: 0.0000272 seconds
258.378: [GC (Allocation Failure)  687565K->364973K(1030144K), 0.0040116 secs]
258.382: Total time for which application threads were stopped: 0.0041531 seconds, Stopping threads took: 0.0000180 seconds
258.446: [GC (Allocation Failure)  687533K->365029K(1034752K), 0.0043636 secs]
258.451: Total time for which application threads were stopped: 0.0045097 seconds, Stopping threads took: 0.0000184 seconds
258.516: [GC (Allocation Failure)  686565K->372999K(1029120K), 0.0043160 secs]
258.520: Total time for which application threads were stopped: 0.0044675 seconds, Stopping threads took: 0.0000187 seconds
258.586: [GC (Allocation Failure)  694535K->373031K(1034240K), 0.0040150 secs]
258.590: Total time for which application threads were stopped: 0.0041605 seconds, Stopping threads took: 0.0000189 seconds
258.659: [GC (Allocation Failure)  693543K->373255K(1034240K), 0.0042773 secs]
258.664: Total time for which application threads were stopped: 0.0044307 seconds, Stopping threads took: 0.0000165 seconds
258.731: [GC (Allocation Failure)  693767K->381033K(1034240K), 0.0040686 secs]
258.735: Total time for which application threads were stopped: 0.0042302 seconds, Stopping threads took: 0.0000269 seconds
258.802: [GC (Allocation Failure)  701545K->381033K(1034240K), 0.0043341 secs]
258.806: Total time for which application threads were stopped: 0.0045043 seconds, Stopping threads took: 0.0000283 seconds
258.873: [GC (Allocation Failure)  701545K->381481K(1033216K), 0.0044504 secs]
258.877: Total time for which application threads were stopped: 0.0046098 seconds, Stopping threads took: 0.0000200 seconds
258.943: [GC (Allocation Failure)  700969K->389068K(1033728K), 0.0043674 secs]
258.947: Total time for which application threads were stopped: 0.0045226 seconds, Stopping threads took: 0.0000198 seconds
259.012: [GC (Allocation Failure)  708556K->389068K(1033728K), 0.0043030 secs]
259.017: Total time for which application threads were stopped: 0.0044608 seconds, Stopping threads took: 0.0000196 seconds
259.081: [GC (Allocation Failure)  708556K->389220K(1033728K), 0.0045755 secs]
259.085: Total time for which application threads were stopped: 0.0047314 seconds, Stopping threads took: 0.0000207 seconds
259.150: [GC (Allocation Failure)  708708K->397094K(1033728K), 0.0041080 secs]
259.154: Total time for which application threads were stopped: 0.0042403 seconds, Stopping threads took: 0.0000194 seconds
259.217: [GC (Allocation Failure)  716582K->397094K(1033728K), 0.0048153 secs]
259.222: Total time for which application threads were stopped: 0.0049550 seconds, Stopping threads took: 0.0000188 seconds
259.286: [GC (Allocation Failure)  716582K->397166K(1033728K), 0.0043475 secs]
259.290: Total time for which application threads were stopped: 0.0044821 seconds, Stopping threads took: 0.0000192 seconds
259.353: [GC (Allocation Failure)  716654K->405136K(1027072K), 0.0043920 secs]
259.358: Total time for which application threads were stopped: 0.0045269 seconds, Stopping threads took: 0.0000197 seconds
259.419: [GC (Allocation Failure)  724624K->401230K(1034240K), 0.0035156 secs]
259.423: Total time for which application threads were stopped: 0.0036457 seconds, Stopping threads took: 0.0000200 seconds
259.488: [GC (Allocation Failure)  720718K->405296K(1033216K), 0.0044642 secs]
259.493: Total time for which application threads were stopped: 0.0045893 seconds, Stopping threads took: 0.0000166 seconds
259.557: [GC (Allocation Failure)  724784K->409264K(1034752K), 0.0042564 secs]
259.561: Total time for which application threads were stopped: 0.0044170 seconds, Stopping threads took: 0.0000243 seconds
259.625: [GC (Allocation Failure)  730800K->402478K(1034752K), 0.0080407 secs]
259.633: Total time for which application threads were stopped: 0.0081855 seconds, Stopping threads took: 0.0000229 seconds
259.697: [GC (Allocation Failure)  724014K->409328K(1034752K), 0.0042055 secs]
259.701: Total time for which application threads were stopped: 0.0043440 seconds, Stopping threads took: 0.0000167 seconds
259.767: [GC (Allocation Failure)  730864K->413400K(1034752K), 0.0052353 secs]
259.772: Total time for which application threads were stopped: 0.0053800 seconds, Stopping threads took: 0.0000207 seconds
259.835: [GC (Allocation Failure)  734936K->407862K(1034752K), 0.0025050 secs]
259.838: Total time for which application threads were stopped: 0.0026258 seconds, Stopping threads took: 0.0000165 seconds
259.902: [GC (Allocation Failure)  729398K->413672K(1034752K), 0.0044361 secs]
259.906: Total time for which application threads were stopped: 0.0045856 seconds, Stopping threads took: 0.0000254 seconds
259.970: [GC (Allocation Failure)  735208K->417544K(1034752K), 0.0047695 secs]
259.975: Total time for which application threads were stopped: 0.0049174 seconds, Stopping threads took: 0.0000237 seconds
260.038: [GC (Allocation Failure)  740032K->413638K(1035264K), 0.0032171 secs]
260.042: Total time for which application threads were stopped: 0.0033607 seconds, Stopping threads took: 0.0000242 seconds
260.106: [GC (Allocation Failure)  736198K->417704K(1036288K), 0.0043651 secs]
260.110: Total time for which application threads were stopped: 0.0045020 seconds, Stopping threads took: 0.0000187 seconds
260.173: [GC (Allocation Failure)  741800K->421672K(1035776K), 0.0042415 secs]
260.178: Total time for which application threads were stopped: 0.0043885 seconds, Stopping threads took: 0.0000183 seconds
260.244: [GC (Allocation Failure)  745768K->421672K(1035776K), 0.0041484 secs]
260.248: Total time for which application threads were stopped: 0.0042778 seconds, Stopping threads took: 0.0000245 seconds
260.312: [GC (Allocation Failure)  745256K->421736K(1023488K), 0.0042341 secs]
260.316: Total time for which application threads were stopped: 0.0043756 seconds, Stopping threads took: 0.0000178 seconds
260.379: [GC (Allocation Failure)  745320K->429706K(1035264K), 0.0043698 secs]
260.383: Total time for which application threads were stopped: 0.0045110 seconds, Stopping threads took: 0.0000185 seconds
260.447: [GC (Allocation Failure)  752266K->429674K(1030144K), 0.0041568 secs]
260.451: Total time for which application threads were stopped: 0.0043054 seconds, Stopping threads took: 0.0000192 seconds
260.516: [GC (Allocation Failure)  752234K->429770K(1034752K), 0.0043985 secs]
260.520: Total time for which application threads were stopped: 0.0045273 seconds, Stopping threads took: 0.0000188 seconds
260.585: [GC (Allocation Failure)  751306K->437741K(1034752K), 0.0043810 secs]
260.590: Total time for which application threads were stopped: 0.0045121 seconds, Stopping threads took: 0.0000179 seconds
260.655: [GC (Allocation Failure)  759277K->437773K(1033728K), 0.0042122 secs]
260.659: Total time for which application threads were stopped: 0.0043527 seconds, Stopping threads took: 0.0000196 seconds
260.725: [GC (Allocation Failure)  758285K->437989K(1034240K), 0.0053407 secs]
260.730: Total time for which application threads were stopped: 0.0054759 seconds, Stopping threads took: 0.0000196 seconds
260.794: [GC (Allocation Failure)  758501K->445799K(1034240K), 0.0042711 secs]
260.799: Total time for which application threads were stopped: 0.0044213 seconds, Stopping threads took: 0.0000194 seconds
260.865: [GC (Allocation Failure)  766311K->445767K(1034240K), 0.0043988 secs]
260.869: Total time for which application threads were stopped: 0.0045200 seconds, Stopping threads took: 0.0000180 seconds
260.934: [GC (Allocation Failure)  766279K->446207K(1033216K), 0.0043622 secs]
260.938: Total time for which application threads were stopped: 0.0044915 seconds, Stopping threads took: 0.0000187 seconds
261.001: [GC (Allocation Failure)  765695K->453825K(1033728K), 0.0048184 secs]
261.006: Total time for which application threads were stopped: 0.0049522 seconds, Stopping threads took: 0.0000182 seconds
261.072: [GC (Allocation Failure)  773313K->453793K(1033728K), 0.0042613 secs]
261.076: Total time for which application threads were stopped: 0.0043964 seconds, Stopping threads took: 0.0000196 seconds
261.137: [GC (Allocation Failure)  773281K->453961K(1033728K), 0.0043625 secs]
261.141: Total time for which application threads were stopped: 0.0045144 seconds, Stopping threads took: 0.0000272 seconds
261.207: [GC (Allocation Failure)  773449K->461835K(1033728K), 0.0045069 secs]
261.211: Total time for which application threads were stopped: 0.0046476 seconds, Stopping threads took: 0.0000260 seconds
261.276: [GC (Allocation Failure)  781323K->461867K(1033728K), 0.0044463 secs]
261.280: Total time for which application threads were stopped: 0.0045839 seconds, Stopping threads took: 0.0000193 seconds
261.345: [GC (Allocation Failure)  781355K->461899K(1033728K), 0.0044767 secs]
261.349: Total time for which application threads were stopped: 0.0046085 seconds, Stopping threads took: 0.0000185 seconds
261.414: [GC (Allocation Failure)  781387K->469838K(1027072K), 0.0044644 secs]
261.418: Total time for which application threads were stopped: 0.0046046 seconds, Stopping threads took: 0.0000183 seconds
261.479: [GC (Allocation Failure)  789325K->465963K(1034240K), 0.0034974 secs]
261.483: Total time for which application threads were stopped: 0.0036409 seconds, Stopping threads took: 0.0000187 seconds
261.548: [GC (Allocation Failure)  785451K->470030K(1033216K), 0.0044803 secs]
261.552: Total time for which application threads were stopped: 0.0046087 seconds, Stopping threads took: 0.0000155 seconds
261.616: [GC (Allocation Failure)  789518K->473966K(1034752K), 0.0060909 secs]
261.622: Total time for which application threads were stopped: 0.0062382 seconds, Stopping threads took: 0.0000261 seconds
261.687: [GC (Allocation Failure)  795502K->467211K(1034752K), 0.0022230 secs]
261.689: Total time for which application threads were stopped: 0.0023682 seconds, Stopping threads took: 0.0000199 seconds
261.754: [GC (Allocation Failure)  788747K->474070K(1034752K), 0.0042867 secs]
261.758: Total time for which application threads were stopped: 0.0044266 seconds, Stopping threads took: 0.0000268 seconds
261.822: [GC (Allocation Failure)  795606K->478182K(1034752K), 0.0054542 secs]
261.827: Total time for which application threads were stopped: 0.0056027 seconds, Stopping threads took: 0.0000207 seconds
261.890: [GC (Allocation Failure)  799718K->472611K(1034752K), 0.0026851 secs]
261.893: Total time for which application threads were stopped: 0.0028318 seconds, Stopping threads took: 0.0000250 seconds
261.956: [GC (Allocation Failure)  794147K->478454K(1034752K), 0.0046293 secs]
261.961: Total time for which application threads were stopped: 0.0047722 seconds, Stopping threads took: 0.0000191 seconds
262.024: [GC (Allocation Failure)  799990K->482294K(1034752K), 0.0049051 secs]
262.029: Total time for which application threads were stopped: 0.0050505 seconds, Stopping threads took: 0.0000236 seconds
262.091: [GC (Allocation Failure)  804782K->478387K(1035264K), 0.0035005 secs]
262.095: Total time for which application threads were stopped: 0.0036343 seconds, Stopping threads took: 0.0000250 seconds
262.158: [GC (Allocation Failure)  800947K->482446K(1036288K), 0.0047421 secs]
262.163: Total time for which application threads were stopped: 0.0048806 seconds, Stopping threads took: 0.0000179 seconds
262.228: [GC (Allocation Failure)  806542K->486446K(1035776K), 0.0042182 secs]
262.232: Total time for which application threads were stopped: 0.0043463 seconds, Stopping threads took: 0.0000184 seconds
262.299: [GC (Allocation Failure)  810542K->486414K(1035776K), 0.0043613 secs]
262.303: Total time for which application threads were stopped: 0.0044892 seconds, Stopping threads took: 0.0000241 seconds
262.367: [GC (Allocation Failure)  809998K->486470K(1023488K), 0.0044616 secs]
262.372: Total time for which application threads were stopped: 0.0045920 seconds, Stopping threads took: 0.0000177 seconds
262.436: [GC (Allocation Failure)  810054K->494440K(1035264K), 0.0045262 secs]
262.441: Total time for which application threads were stopped: 0.0046588 seconds, Stopping threads took: 0.0000180 seconds
262.505: [GC (Allocation Failure)  817000K->494440K(1030144K), 0.0041181 secs]
262.509: Total time for which application threads were stopped: 0.0042792 seconds, Stopping threads took: 0.0000386 seconds
262.573: [GC (Allocation Failure)  817000K->494504K(1034752K), 0.0045930 secs]
262.578: Total time for which application threads were stopped: 0.0047508 seconds, Stopping threads took: 0.0000179 seconds
262.643: [GC (Allocation Failure)  816040K->502538K(1029120K), 0.0047036 secs]
262.648: Total time for which application threads were stopped: 0.0048593 seconds, Stopping threads took: 0.0000194 seconds
262.715: [GC (Allocation Failure)  824074K->502474K(1034240K), 0.0044934 secs]
262.719: Total time for which application threads were stopped: 0.0046407 seconds, Stopping threads took: 0.0000189 seconds
262.785: [GC (Allocation Failure)  822986K->502730K(1034240K), 0.0044460 secs]
262.790: Total time for which application threads were stopped: 0.0045899 seconds, Stopping threads took: 0.0000280 seconds
262.858: [GC (Allocation Failure)  823242K->510509K(1034240K), 0.0044263 secs]
262.863: Total time for which application threads were stopped: 0.0045646 seconds, Stopping threads took: 0.0000194 seconds
262.927: [GC (Allocation Failure)  831021K->510509K(1034240K), 0.0045411 secs]
262.932: Total time for which application threads were stopped: 0.0046813 seconds, Stopping threads took: 0.0000206 seconds
262.996: [GC (Allocation Failure)  831021K->510957K(1033216K), 0.0045506 secs]
263.000: Total time for which application threads were stopped: 0.0047027 seconds, Stopping threads took: 0.0000210 seconds
263.066: [GC (Allocation Failure)  830445K->518575K(1033728K), 0.0045660 secs]
263.070: Total time for which application threads were stopped: 0.0047013 seconds, Stopping threads took: 0.0000196 seconds
263.134: [GC (Allocation Failure)  838063K->518543K(1033728K), 0.0045304 secs]
263.139: Total time for which application threads were stopped: 0.0046728 seconds, Stopping threads took: 0.0000192 seconds
263.200: [GC (Allocation Failure)  838031K->518703K(1033728K), 0.0055823 secs]
263.206: Total time for which application threads were stopped: 0.0057189 seconds, Stopping threads took: 0.0000195 seconds
263.271: [GC (Allocation Failure)  838191K->526609K(1033728K), 0.0048158 secs]
263.276: Total time for which application threads were stopped: 0.0049652 seconds, Stopping threads took: 0.0000266 seconds
263.339: [GC (Allocation Failure)  846097K->526577K(1033728K), 0.0046689 secs]
263.344: Total time for which application threads were stopped: 0.0048124 seconds, Stopping threads took: 0.0000197 seconds
263.408: [GC (Allocation Failure)  846065K->526633K(1033728K), 0.0045003 secs]
263.412: Total time for which application threads were stopped: 0.0046455 seconds, Stopping threads took: 0.0000279 seconds
263.475: [GC (Allocation Failure)  846121K->534603K(1027072K), 0.0046473 secs]
263.480: Total time for which application threads were stopped: 0.0047968 seconds, Stopping threads took: 0.0000236 seconds
263.542: [GC (Allocation Failure)  854091K->530697K(1034240K), 0.0038594 secs]
263.546: Total time for which application threads were stopped: 0.0040049 seconds, Stopping threads took: 0.0000250 seconds
263.610: [GC (Allocation Failure)  850185K->534699K(1033216K), 0.0050670 secs]
263.615: Total time for which application threads were stopped: 0.0051990 seconds, Stopping threads took: 0.0000160 seconds
263.680: [GC (Allocation Failure)  854187K->538731K(1034752K), 0.0044822 secs]
263.685: Total time for which application threads were stopped: 0.0046049 seconds, Stopping threads took: 0.0000172 seconds
263.750: [GC (Allocation Failure)  860267K->531977K(1034752K), 0.0022215 secs]
263.752: Total time for which application threads were stopped: 0.0023544 seconds, Stopping threads took: 0.0000201 seconds
263.817: [GC (Allocation Failure)  853513K->538827K(1034752K), 0.0043791 secs]
263.821: Total time for which application threads were stopped: 0.0045310 seconds, Stopping threads took: 0.0000270 seconds
263.885: [GC (Allocation Failure)  860363K->542875K(1034752K), 0.0054761 secs]
263.890: Total time for which application threads were stopped: 0.0056208 seconds, Stopping threads took: 0.0000289 seconds
263.953: [GC (Allocation Failure)  864411K->537337K(1034752K), 0.0027687 secs]
263.955: Total time for which application threads were stopped: 0.0029332 seconds, Stopping threads took: 0.0000193 seconds
264.019: [GC (Allocation Failure)  858873K->543179K(1034752K), 0.0046929 secs]
264.024: Total time for which application threads were stopped: 0.0048488 seconds, Stopping threads took: 0.0000286 seconds
264.089: [GC (Allocation Failure)  864715K->547019K(1035264K), 0.0050736 secs]
264.094: Total time for which application threads were stopped: 0.0052287 seconds, Stopping threads took: 0.0000213 seconds
264.158: [GC (Allocation Failure)  869508K->543113K(1035264K), 0.0034599 secs]
264.162: Total time for which application threads were stopped: 0.0035900 seconds, Stopping threads took: 0.0000181 seconds
264.225: [GC (Allocation Failure)  865673K->547139K(1036288K), 0.0077455 secs]
264.233: Total time for which application threads were stopped: 0.0079080 seconds, Stopping threads took: 0.0000253 seconds
264.297: [GC (Allocation Failure)  871235K->551139K(1035776K), 0.0045459 secs]
264.302: Total time for which application threads were stopped: 0.0046850 seconds, Stopping threads took: 0.0000187 seconds
264.366: [GC (Allocation Failure)  875235K->551139K(1035776K), 0.0044895 secs]
264.370: Total time for which application threads were stopped: 0.0046543 seconds, Stopping threads took: 0.0000271 seconds
264.434: [GC (Allocation Failure)  874723K->551211K(1023488K), 0.0044822 secs]
264.438: Total time for which application threads were stopped: 0.0046370 seconds, Stopping threads took: 0.0000197 seconds
264.500: [GC (Allocation Failure)  874795K->559182K(1035264K), 0.0046804 secs]
264.505: Total time for which application threads were stopped: 0.0048143 seconds, Stopping threads took: 0.0000185 seconds
264.570: [GC (Allocation Failure)  881742K->559182K(1030144K), 0.0044927 secs]
264.575: Total time for which application threads were stopped: 0.0046387 seconds, Stopping threads took: 0.0000199 seconds
264.640: [GC (Allocation Failure)  881742K->559246K(1034752K), 0.0045742 secs]
264.645: Total time for which application threads were stopped: 0.0047127 seconds, Stopping threads took: 0.0000156 seconds
264.712: [GC (Allocation Failure)  880782K->567248K(1029120K), 0.0047926 secs]
264.717: Total time for which application threads were stopped: 0.0049347 seconds, Stopping threads took: 0.0000171 seconds
264.786: [GC (Allocation Failure)  888784K->567216K(1034240K), 0.0044060 secs]
264.790: Total time for which application threads were stopped: 0.0045486 seconds, Stopping threads took: 0.0000162 seconds
264.857: [GC (Allocation Failure)  887728K->567464K(1034240K), 0.0046878 secs]
264.861: Total time for which application threads were stopped: 0.0048553 seconds, Stopping threads took: 0.0000209 seconds
264.929: [GC (Allocation Failure)  887976K->575274K(1034240K), 0.0044741 secs]
264.933: Total time for which application threads were stopped: 0.0046294 seconds, Stopping threads took: 0.0000201 seconds
265.000: [GC (Allocation Failure)  895786K->575242K(1034240K), 0.0046372 secs]
265.005: Total time for which application threads were stopped: 0.0047902 seconds, Stopping threads took: 0.0000200 seconds
265.072: [GC (Allocation Failure)  895754K->575690K(1033216K), 0.0046814 secs]
265.077: Total time for which application threads were stopped: 0.0048304 seconds, Stopping threads took: 0.0000200 seconds
265.143: [GC (Allocation Failure)  895178K->583276K(1033728K), 0.0048433 secs]
265.147: Total time for which application threads were stopped: 0.0050168 seconds, Stopping threads took: 0.0000205 seconds
265.213: [GC (Allocation Failure)  902764K->583276K(1033728K), 0.0047293 secs]
265.218: Total time for which application threads were stopped: 0.0048918 seconds, Stopping threads took: 0.0000199 seconds
265.283: [GC (Allocation Failure)  902764K->583404K(1033728K), 0.0048510 secs]
265.288: Total time for which application threads were stopped: 0.0050015 seconds, Stopping threads took: 0.0000200 seconds
265.354: [GC (Allocation Failure)  902892K->591343K(1033728K), 0.0045065 secs]
265.358: Total time for which application threads were stopped: 0.0046720 seconds, Stopping threads took: 0.0000204 seconds
265.425: [GC (Allocation Failure)  910831K->591343K(1033728K), 0.0048640 secs]
265.430: Total time for which application threads were stopped: 0.0050249 seconds, Stopping threads took: 0.0000164 seconds
265.496: [GC (Allocation Failure)  910831K->591367K(1033728K), 0.0048281 secs]
265.501: Total time for which application threads were stopped: 0.0049964 seconds, Stopping threads took: 0.0000192 seconds
265.567: [GC (Allocation Failure)  910855K->599337K(1027072K), 0.0048044 secs]
265.572: Total time for which application threads were stopped: 0.0049589 seconds, Stopping threads took: 0.0000191 seconds
265.640: [GC (Allocation Failure)  918824K->595431K(1034240K), 0.0037731 secs]
265.643: Total time for which application threads were stopped: 0.0039773 seconds, Stopping threads took: 0.0000156 seconds
265.711: [GC (Allocation Failure)  914919K->599497K(1033216K), 0.0049629 secs]
265.716: Total time for which application threads were stopped: 0.0051293 seconds, Stopping threads took: 0.0000200 seconds
265.783: [GC (Allocation Failure)  918985K->603465K(1034752K), 0.0047931 secs]
265.788: Total time for which application threads were stopped: 0.0049519 seconds, Stopping threads took: 0.0000204 seconds
265.855: [GC (Allocation Failure)  925001K->596679K(1034752K), 0.0023612 secs]
265.857: Total time for which application threads were stopped: 0.0025326 seconds, Stopping threads took: 0.0000199 seconds
265.924: [GC (Allocation Failure)  918215K->603569K(1034752K), 0.0047038 secs]
265.929: Total time for which application threads were stopped: 0.0048698 seconds, Stopping threads took: 0.0000206 seconds
265.996: [GC (Allocation Failure)  925105K->607617K(1034752K), 0.0056632 secs]
266.002: Total time for which application threads were stopped: 0.0058381 seconds, Stopping threads took: 0.0000200 seconds
266.068: [GC (Allocation Failure)  929153K->602079K(1034752K), 0.0029977 secs]
266.071: Total time for which application threads were stopped: 0.0031593 seconds, Stopping threads took: 0.0000206 seconds
266.138: [GC (Allocation Failure)  923615K->607889K(1034752K), 0.0048532 secs]
266.143: Total time for which application threads were stopped: 0.0050416 seconds, Stopping threads took: 0.0000216 seconds
266.211: [GC (Allocation Failure)  929425K->611793K(1035264K), 0.0049694 secs]
266.216: Total time for which application threads were stopped: 0.0051418 seconds, Stopping threads took: 0.0000201 seconds
266.284: [GC (Allocation Failure)  934281K->607855K(1035264K), 0.0035252 secs]
266.287: Total time for which application threads were stopped: 0.0036813 seconds, Stopping threads took: 0.0000399 seconds
266.354: [GC (Allocation Failure)  930415K->611913K(1036288K), 0.0048413 secs]
266.359: Total time for which application threads were stopped: 0.0049876 seconds, Stopping threads took: 0.0000189 seconds
266.426: [GC (Allocation Failure)  936009K->615913K(1035776K), 0.0048692 secs]
266.431: Total time for which application threads were stopped: 0.0050176 seconds, Stopping threads took: 0.0000196 seconds
266.497: [GC (Allocation Failure)  940009K->615881K(1035776K), 0.0046581 secs]
266.502: Total time for which application threads were stopped: 0.0048193 seconds, Stopping threads took: 0.0000186 seconds
266.568: [GC (Allocation Failure)  939465K->615945K(1023488K), 0.0048241 secs]
266.573: Total time for which application threads were stopped: 0.0049850 seconds, Stopping threads took: 0.0000195 seconds
266.641: [GC (Allocation Failure)  939529K->623947K(1035264K), 0.0049297 secs]
266.646: Total time for which application threads were stopped: 0.0050804 seconds, Stopping threads took: 0.0000173 seconds
266.715: [GC (Allocation Failure)  946507K->623915K(1030144K), 0.0045301 secs]
266.719: Total time for which application threads were stopped: 0.0047246 seconds, Stopping threads took: 0.0000203 seconds
266.788: [GC (Allocation Failure)  946475K->623979K(1034752K), 0.0047979 secs]
266.793: Total time for which application threads were stopped: 0.0049695 seconds, Stopping threads took: 0.0000269 seconds
266.860: [GC (Allocation Failure)  945515K->631981K(1029120K), 0.0050437 secs]
266.865: Total time for which application threads were stopped: 0.0052199 seconds, Stopping threads took: 0.0000201 seconds
266.934: [GC (Allocation Failure)  953517K->631917K(1034240K), 0.0046876 secs]
266.939: Total time for which application threads were stopped: 0.0048550 seconds, Stopping threads took: 0.0000200 seconds
267.006: [GC (Allocation Failure)  952429K->632205K(1034240K), 0.0047923 secs]
267.011: Total time for which application threads were stopped: 0.0049561 seconds, Stopping threads took: 0.0000277 seconds
267.078: [GC (Allocation Failure)  952717K->640048K(1034240K), 0.0047471 secs]
267.083: Total time for which application threads were stopped: 0.0049192 seconds, Stopping threads took: 0.0000218 seconds
267.151: [GC (Allocation Failure)  960560K->640016K(1034240K), 0.0049067 secs]
267.156: Total time for which application threads were stopped: 0.0050741 seconds, Stopping threads took: 0.0000202 seconds
267.222: [GC (Allocation Failure)  960528K->640424K(1033216K), 0.0047297 secs]
267.227: Total time for which application threads were stopped: 0.0049187 seconds, Stopping threads took: 0.0000196 seconds
267.296: [GC (Allocation Failure)  959912K->648042K(1033728K), 0.0048641 secs]
267.301: Total time for which application threads were stopped: 0.0050285 seconds, Stopping threads took: 0.0000262 seconds
267.368: [GC (Allocation Failure)  967530K->648010K(1033728K), 0.0048420 secs]
267.373: Total time for which application threads were stopped: 0.0050178 seconds, Stopping threads took: 0.0000203 seconds
267.438: [GC (Allocation Failure)  967498K->648138K(1033728K), 0.0047673 secs]
267.443: Total time for which application threads were stopped: 0.0049246 seconds, Stopping threads took: 0.0000204 seconds
267.509: [GC (Allocation Failure)  967626K->656012K(1033728K), 0.0059620 secs]
267.515: Total time for which application threads were stopped: 0.0061598 seconds, Stopping threads took: 0.0000201 seconds
267.582: [GC (Allocation Failure)  975500K->656012K(1033728K), 0.0049244 secs]
267.587: Total time for which application threads were stopped: 0.0051008 seconds, Stopping threads took: 0.0000171 seconds
267.656: [GC (Allocation Failure)  975500K->656108K(1033728K), 0.0049588 secs]
267.661: Total time for which application threads were stopped: 0.0051320 seconds, Stopping threads took: 0.0000169 seconds
267.729: [GC (Allocation Failure)  975596K->664047K(1027072K), 0.0050705 secs]
267.734: Total time for which application threads were stopped: 0.0052229 seconds, Stopping threads took: 0.0000168 seconds
267.799: [GC (Allocation Failure)  983534K->660172K(1034240K), 0.0039109 secs]
267.803: Total time for which application threads were stopped: 0.0040670 seconds, Stopping threads took: 0.0000201 seconds
267.869: [GC (Allocation Failure)  979660K->664239K(1033216K), 0.0048771 secs]
267.874: Total time for which application threads were stopped: 0.0050520 seconds, Stopping threads took: 0.0000204 seconds
267.941: [GC (Allocation Failure)  983727K->668207K(1034752K), 0.0049146 secs]
267.946: Total time for which application threads were stopped: 0.0050826 seconds, Stopping threads took: 0.0000205 seconds
268.011: [GC (Allocation Failure)  989743K->661420K(1034752K), 0.0024283 secs]
268.013: Total time for which application threads were stopped: 0.0025730 seconds, Stopping threads took: 0.0000204 seconds
268.079: [GC (Allocation Failure)  982956K->668247K(1034752K), 0.0048629 secs]
268.084: Total time for which application threads were stopped: 0.0050144 seconds, Stopping threads took: 0.0000219 seconds
268.149: [GC (Allocation Failure)  989783K->672383K(1034752K), 0.0059220 secs]
268.155: Total time for which application threads were stopped: 0.0060833 seconds, Stopping threads took: 0.0000207 seconds
268.219: [GC (Allocation Failure)  993919K->666780K(1034752K), 0.0029503 secs]
268.222: Total time for which application threads were stopped: 0.0031005 seconds, Stopping threads took: 0.0000250 seconds
268.286: [GC (Allocation Failure)  988316K->672623K(1034752K), 0.0048365 secs]
268.291: Total time for which application threads were stopped: 0.0049718 seconds, Stopping threads took: 0.0000201 seconds
268.355: [GC (Allocation Failure)  994159K->676495K(1034752K), 0.0051494 secs]
268.360: Total time for which application threads were stopped: 0.0053016 seconds, Stopping threads took: 0.0000285 seconds
268.423: [GC (Allocation Failure)  998983K->672588K(1035264K), 0.0038148 secs]
268.427: Total time for which application threads were stopped: 0.0039468 seconds, Stopping threads took: 0.0000192 seconds
268.490: [GC (Allocation Failure)  995148K->676655K(1036288K), 0.0048553 secs]
268.495: Total time for which application threads were stopped: 0.0049971 seconds, Stopping threads took: 0.0000262 seconds
268.560: [GC (Allocation Failure)  1000751K->680623K(1035776K), 0.0048469 secs]
268.565: Total time for which application threads were stopped: 0.0049952 seconds, Stopping threads took: 0.0000191 seconds
268.633: [GC (Allocation Failure)  1004719K->680591K(1035776K), 0.0047397 secs]
268.637: Total time for which application threads were stopped: 0.0048994 seconds, Stopping threads took: 0.0000167 seconds
268.704: [GC (Allocation Failure)  1004175K->680679K(1023488K), 0.0048512 secs]
268.708: Total time for which application threads were stopped: 0.0050215 seconds, Stopping threads took: 0.0000190 seconds
268.774: [GC (Allocation Failure)  1004263K->688681K(1035264K), 0.0049644 secs]
268.779: Total time for which application threads were stopped: 0.0051149 seconds, Stopping threads took: 0.0000259 seconds
268.844: [GC (Allocation Failure)  1011241K->688649K(1030144K), 0.0046587 secs]
268.849: Total time for which application threads were stopped: 0.0048464 seconds, Stopping threads took: 0.0000200 seconds
268.916: [GC (Allocation Failure)  1011209K->688713K(1034752K), 0.0048678 secs]
268.921: [Full GC (Ergonomics)  688713K->8520K(1034752K), 0.0124850 secs]
268.934: Total time for which application threads were stopped: 0.0175793 seconds, Stopping threads took: 0.0000170 seconds
269.000: [GC (Allocation Failure)  330056K->16618K(1034752K), 0.0065590 secs]
269.007: Total time for which application threads were stopped: 0.0066974 seconds, Stopping threads took: 0.0000211 seconds
269.075: [GC (Allocation Failure)  338154K->16634K(1033728K), 0.0034177 secs]
269.078: Total time for which application threads were stopped: 0.0035695 seconds, Stopping threads took: 0.0000200 seconds
269.143: [GC (Allocation Failure)  337146K->16866K(1034240K), 0.0035185 secs]
269.147: Total time for which application threads were stopped: 0.0036629 seconds, Stopping threads took: 0.0000224 seconds
269.212: [GC (Allocation Failure)  337378K->24644K(1034240K), 0.0033820 secs]
269.215: Total time for which application threads were stopped: 0.0035407 seconds, Stopping threads took: 0.0000195 seconds
269.283: [GC (Allocation Failure)  345156K->24644K(1034240K), 0.0034717 secs]
269.286: Total time for which application threads were stopped: 0.0036224 seconds, Stopping threads took: 0.0000260 seconds
269.350: [GC (Allocation Failure)  345156K->25100K(1033216K), 0.0036257 secs]
269.354: Total time for which application threads were stopped: 0.0037666 seconds, Stopping threads took: 0.0000198 seconds
269.418: [GC (Allocation Failure)  344588K->32687K(1033728K), 0.0036715 secs]
269.422: Total time for which application threads were stopped: 0.0038177 seconds, Stopping threads took: 0.0000188 seconds
269.486: [GC (Allocation Failure)  352175K->32655K(1033728K), 0.0036277 secs]
269.490: Total time for which application threads were stopped: 0.0037887 seconds, Stopping threads took: 0.0000213 seconds
269.552: [GC (Allocation Failure)  352143K->32839K(1033728K), 0.0037888 secs]
269.555: Total time for which application threads were stopped: 0.0039322 seconds, Stopping threads took: 0.0000205 seconds
269.621: [GC (Allocation Failure)  352327K->40713K(1033728K), 0.0065113 secs]
269.627: Total time for which application threads were stopped: 0.0066938 seconds, Stopping threads took: 0.0000178 seconds
269.694: [GC (Allocation Failure)  360201K->40745K(1033728K), 0.0037745 secs]
269.698: Total time for which application threads were stopped: 0.0039243 seconds, Stopping threads took: 0.0000168 seconds
269.766: [GC (Allocation Failure)  360233K->40777K(1033728K), 0.0035931 secs]
269.770: Total time for which application threads were stopped: 0.0037588 seconds, Stopping threads took: 0.0000207 seconds
269.838: [GC (Allocation Failure)  360265K->48715K(1027072K), 0.0036881 secs]
269.841: Total time for which application threads were stopped: 0.0038387 seconds, Stopping threads took: 0.0000171 seconds
269.906: [GC (Allocation Failure)  368203K->44841K(1034240K), 0.0026811 secs]
269.909: Total time for which application threads were stopped: 0.0028385 seconds, Stopping threads took: 0.0000196 seconds
269.976: [GC (Allocation Failure)  364329K->48907K(1033216K), 0.0038423 secs]
269.980: Total time for which application threads were stopped: 0.0040138 seconds, Stopping threads took: 0.0000191 seconds
270.048: [GC (Allocation Failure)  368395K->52875K(1034752K), 0.0037247 secs]
270.052: Total time for which application threads were stopped: 0.0038808 seconds, Stopping threads took: 0.0000203 seconds
270.116: [GC (Allocation Failure)  374411K->46089K(1034752K), 0.0013090 secs]
270.118: Total time for which application threads were stopped: 0.0014634 seconds, Stopping threads took: 0.0000217 seconds
270.184: [GC (Allocation Failure)  367625K->52947K(1034752K), 0.0036522 secs]
270.187: Total time for which application threads were stopped: 0.0038506 seconds, Stopping threads took: 0.0000208 seconds
270.252: [GC (Allocation Failure)  374483K->57059K(1034752K), 0.0045129 secs]
270.257: Total time for which application threads were stopped: 0.0046731 seconds, Stopping threads took: 0.0000259 seconds
270.320: [GC (Allocation Failure)  378595K->51457K(1034752K), 0.0018535 secs]
270.322: Total time for which application threads were stopped: 0.0019891 seconds, Stopping threads took: 0.0000200 seconds
270.387: [GC (Allocation Failure)  372993K->57291K(1034752K), 0.0036492 secs]
270.391: Total time for which application threads were stopped: 0.0037951 seconds, Stopping threads took: 0.0000222 seconds
270.457: [GC (Allocation Failure)  378827K->61195K(1034752K), 0.0040375 secs]
270.462: Total time for which application threads were stopped: 0.0041804 seconds, Stopping threads took: 0.0000218 seconds
270.525: [GC (Allocation Failure)  383683K->57257K(1035264K), 0.0025986 secs]
270.527: Total time for which application threads were stopped: 0.0027312 seconds, Stopping threads took: 0.0000194 seconds
270.594: [GC (Allocation Failure)  379817K->61323K(1036288K), 0.0036901 secs]
270.598: Total time for which application threads were stopped: 0.0038229 seconds, Stopping threads took: 0.0000190 seconds
270.666: [GC (Allocation Failure)  385419K->65291K(1035776K), 0.0037721 secs]
270.670: Total time for which application threads were stopped: 0.0039349 seconds, Stopping threads took: 0.0000202 seconds
270.739: [GC (Allocation Failure)  389387K->65323K(1035776K), 0.0035682 secs]
270.743: Total time for which application threads were stopped: 0.0037386 seconds, Stopping threads took: 0.0000282 seconds
270.811: [GC (Allocation Failure)  388907K->65355K(1023488K), 0.0037681 secs]
270.815: Total time for which application threads were stopped: 0.0039446 seconds, Stopping threads took: 0.0000257 seconds
270.883: [GC (Allocation Failure)  388939K->73357K(1035264K), 0.0039492 secs]
270.887: Total time for which application threads were stopped: 0.0041064 seconds, Stopping threads took: 0.0000205 seconds
270.954: [GC (Allocation Failure)  395917K->73357K(1030144K), 0.0036628 secs]
270.958: Total time for which application threads were stopped: 0.0038332 seconds, Stopping threads took: 0.0000201 seconds
271.025: [GC (Allocation Failure)  395917K->73381K(1034752K), 0.0038231 secs]
271.029: Total time for which application threads were stopped: 0.0039826 seconds, Stopping threads took: 0.0000200 seconds
271.096: [GC (Allocation Failure)  394917K->81384K(1029120K), 0.0038588 secs]
271.100: Total time for which application threads were stopped: 0.0040261 seconds, Stopping threads took: 0.0000193 seconds
271.168: [GC (Allocation Failure)  402920K->81320K(1034240K), 0.0036497 secs]
271.172: Total time for which application threads were stopped: 0.0038204 seconds, Stopping threads took: 0.0000200 seconds
271.239: [GC (Allocation Failure)  401832K->81608K(1034240K), 0.0036716 secs]
271.243: Total time for which application threads were stopped: 0.0038405 seconds, Stopping threads took: 0.0000189 seconds
271.311: [GC (Allocation Failure)  402120K->89386K(1034240K), 0.0036649 secs]
271.314: Total time for which application threads were stopped: 0.0038608 seconds, Stopping threads took: 0.0000298 seconds
271.382: [GC (Allocation Failure)  409898K->89418K(1034240K), 0.0039635 secs]
271.386: Total time for which application threads were stopped: 0.0041296 seconds, Stopping threads took: 0.0000197 seconds
271.452: [GC (Allocation Failure)  409930K->89834K(1033216K), 0.0037501 secs]
271.456: Total time for which application threads were stopped: 0.0039048 seconds, Stopping threads took: 0.0000198 seconds
271.523: [GC (Allocation Failure)  409322K->97452K(1033728K), 0.0039521 secs]
271.527: Total time for which application threads were stopped: 0.0041160 seconds, Stopping threads took: 0.0000197 seconds
271.594: [GC (Allocation Failure)  416940K->97388K(1033728K), 0.0036842 secs]
271.598: Total time for which application threads were stopped: 0.0038501 seconds, Stopping threads took: 0.0000205 seconds
271.663: [GC (Allocation Failure)  416876K->97580K(1033728K), 0.0038629 secs]
271.667: Total time for which application threads were stopped: 0.0040226 seconds, Stopping threads took: 0.0000193 seconds
271.737: [GC (Allocation Failure)  417068K->105486K(1033728K), 0.0036795 secs]
271.741: Total time for which application threads were stopped: 0.0038373 seconds, Stopping threads took: 0.0000174 seconds
271.808: [GC (Allocation Failure)  424974K->105486K(1033728K), 0.0036830 secs]
271.811: Total time for which application threads were stopped: 0.0038489 seconds, Stopping threads took: 0.0000252 seconds
271.878: [GC (Allocation Failure)  424974K->105510K(1033728K), 0.0039998 secs]
271.882: Total time for which application threads were stopped: 0.0041578 seconds, Stopping threads took: 0.0000191 seconds
271.949: [GC (Allocation Failure)  424998K->113513K(1027072K), 0.0040614 secs]
271.953: Total time for which application threads were stopped: 0.0042303 seconds, Stopping threads took: 0.0000194 seconds
272.019: [GC (Allocation Failure)  433000K->109542K(1034240K), 0.0028165 secs]
272.022: Total time for which application threads were stopped: 0.0029775 seconds, Stopping threads took: 0.0000196 seconds
272.089: [GC (Allocation Failure)  429030K->113641K(1033216K), 0.0040290 secs]
272.093: Total time for which application threads were stopped: 0.0041929 seconds, Stopping threads took: 0.0000195 seconds
272.162: [GC (Allocation Failure)  433129K->117609K(1034752K), 0.0038319 secs]
272.166: Total time for which application threads were stopped: 0.0040020 seconds, Stopping threads took: 0.0000195 seconds
272.233: [GC (Allocation Failure)  439145K->110822K(1034752K), 0.0012764 secs]
272.234: Total time for which application threads were stopped: 0.0013968 seconds, Stopping threads took: 0.0000171 seconds
272.301: [GC (Allocation Failure)  432358K->117681K(1034752K), 0.0037552 secs]
272.305: Total time for which application threads were stopped: 0.0039130 seconds, Stopping threads took: 0.0000206 seconds
272.371: [GC (Allocation Failure)  439217K->121761K(1034752K), 0.0046920 secs]
272.376: Total time for which application threads were stopped: 0.0048411 seconds, Stopping threads took: 0.0000195 seconds
272.440: [GC (Allocation Failure)  443297K->116190K(1034752K), 0.0019003 secs]
272.442: Total time for which application threads were stopped: 0.0020420 seconds, Stopping threads took: 0.0000203 seconds
272.509: [GC (Allocation Failure)  437726K->122065K(1034752K), 0.0037087 secs]
272.513: Total time for which application threads were stopped: 0.0038742 seconds, Stopping threads took: 0.0000193 seconds
272.577: [GC (Allocation Failure)  443601K->125937K(1035264K), 0.0041444 secs]
272.582: Total time for which application threads were stopped: 0.0043064 seconds, Stopping threads took: 0.0000202 seconds
272.647: [GC (Allocation Failure)  448425K->121998K(1035264K), 0.0025654 secs]
272.650: Total time for which application threads were stopped: 0.0027286 seconds, Stopping threads took: 0.0000197 seconds
272.718: [GC (Allocation Failure)  444558K->126057K(1036288K), 0.0038960 secs]
272.722: Total time for which application threads were stopped: 0.0040577 seconds, Stopping threads took: 0.0000219 seconds
272.791: [GC (Allocation Failure)  450153K->130057K(1035776K), 0.0040083 secs]
272.795: Total time for which application threads were stopped: 0.0041788 seconds, Stopping threads took: 0.0000255 seconds
272.863: [GC (Allocation Failure)  454153K->130025K(1035776K), 0.0036771 secs]
272.867: Total time for which application threads were stopped: 0.0038475 seconds, Stopping threads took: 0.0000194 seconds
272.936: [GC (Allocation Failure)  453609K->130089K(1023488K), 0.0036822 secs]
272.939: Total time for which application threads were stopped: 0.0038172 seconds, Stopping threads took: 0.0000167 seconds
273.005: [GC (Allocation Failure)  453673K->138091K(1035264K), 0.0038944 secs]
273.009: Total time for which application threads were stopped: 0.0040499 seconds, Stopping threads took: 0.0000207 seconds
273.075: [GC (Allocation Failure)  460651K->138091K(1030144K), 0.0039000 secs]
273.079: Total time for which application threads were stopped: 0.0040686 seconds, Stopping threads took: 0.0000201 seconds
273.146: [GC (Allocation Failure)  460651K->138123K(1034752K), 0.0038606 secs]
273.150: Total time for which application threads were stopped: 0.0040139 seconds, Stopping threads took: 0.0000200 seconds
273.217: [GC (Allocation Failure)  459659K->146093K(1029120K), 0.0040836 secs]
273.221: Total time for which application threads were stopped: 0.0042474 seconds, Stopping threads took: 0.0000205 seconds
273.288: [GC (Allocation Failure)  467629K->146125K(1034240K), 0.0037506 secs]
273.292: Total time for which application threads were stopped: 0.0039036 seconds, Stopping threads took: 0.0000259 seconds
273.358: [GC (Allocation Failure)  466637K->146349K(1034240K), 0.0038424 secs]
273.362: Total time for which application threads were stopped: 0.0039956 seconds, Stopping threads took: 0.0000215 seconds
273.429: [GC (Allocation Failure)  466861K->154159K(1034240K), 0.0038322 secs]
273.433: Total time for which application threads were stopped: 0.0040074 seconds, Stopping threads took: 0.0000194 seconds
273.500: [GC (Allocation Failure)  474671K->154159K(1028096K), 0.0039167 secs]
273.504: Total time for which application threads were stopped: 0.0040684 seconds, Stopping threads took: 0.0000194 seconds
273.569: [GC (Allocation Failure)  474671K->154567K(1033728K), 0.0037576 secs]
273.573: Total time for which application threads were stopped: 0.0039134 seconds, Stopping threads took: 0.0000194 seconds
273.642: [GC (Allocation Failure)  474055K->162154K(1033728K), 0.0041156 secs]
273.647: Total time for which application threads were stopped: 0.0042857 seconds, Stopping threads took: 0.0000192 seconds
273.714: [GC (Allocation Failure)  481642K->162186K(1033728K), 0.0038092 secs]
273.718: Total time for which application threads were stopped: 0.0039703 seconds, Stopping threads took: 0.0000197 seconds
273.784: [GC (Allocation Failure)  481674K->162282K(1033728K), 0.0043350 secs]
273.788: Total time for which application threads were stopped: 0.0044986 seconds, Stopping threads took: 0.0000264 seconds
273.857: [GC (Allocation Failure)  481770K->170220K(1033728K), 0.0038191 secs]
273.861: Total time for which application threads were stopped: 0.0039802 seconds, Stopping threads took: 0.0000207 seconds
273.928: [GC (Allocation Failure)  489708K->170188K(1033728K), 0.0039099 secs]
273.932: Total time for which application threads were stopped: 0.0040881 seconds, Stopping threads took: 0.0000205 seconds
274.000: [GC (Allocation Failure)  489676K->170252K(1032704K), 0.0039656 secs]
274.004: Total time for which application threads were stopped: 0.0041127 seconds, Stopping threads took: 0.0000198 seconds
274.072: [GC (Allocation Failure)  488716K->178222K(1033216K), 0.0038827 secs]
274.076: Total time for which application threads were stopped: 0.0040272 seconds, Stopping threads took: 0.0000197 seconds
274.141: [GC (Allocation Failure)  496686K->172684K(1033728K), 0.0018892 secs]
274.143: Total time for which application threads were stopped: 0.0020242 seconds, Stopping threads took: 0.0000193 seconds
274.207: [GC (Allocation Failure)  491660K->178470K(1033216K), 0.0040328 secs]
274.212: Total time for which application threads were stopped: 0.0041969 seconds, Stopping threads took: 0.0000225 seconds
274.279: [GC (Allocation Failure)  497446K->182358K(1033728K), 0.0040590 secs]
274.283: Total time for which application threads were stopped: 0.0042209 seconds, Stopping threads took: 0.0000276 seconds
274.348: [GC (Allocation Failure)  502870K->188276K(1034240K), 0.0062669 secs]
274.354: Total time for which application threads were stopped: 0.0064146 seconds, Stopping threads took: 0.0000164 seconds
274.419: [GC (Allocation Failure)  508788K->182518K(1030144K), 0.0040288 secs]
274.423: Total time for which application threads were stopped: 0.0041643 seconds, Stopping threads took: 0.0000192 seconds
274.488: [GC (Allocation Failure)  498934K->182358K(1032192K), 0.0038155 secs]
274.492: Total time for which application threads were stopped: 0.0039651 seconds, Stopping threads took: 0.0000218 seconds
274.555: [GC (Allocation Failure)  498774K->178228K(1033216K), 0.0023536 secs]
274.557: Total time for which application threads were stopped: 0.0025196 seconds, Stopping threads took: 0.0000266 seconds
274.623: [GC (Allocation Failure)  496180K->182486K(1032704K), 0.0051156 secs]
274.628: Total time for which application threads were stopped: 0.0053062 seconds, Stopping threads took: 0.0000242 seconds
274.693: [GC (Allocation Failure)  500438K->182358K(1033728K), 0.0038750 secs]
274.697: Total time for which application threads were stopped: 0.0040429 seconds, Stopping threads took: 0.0000173 seconds
274.763: [GC (Allocation Failure)  501334K->185974K(1033216K), 0.0048704 secs]
274.768: Total time for which application threads were stopped: 0.0050349 seconds, Stopping threads took: 0.0000207 seconds
274.837: [GC (Allocation Failure)  504950K->190457K(1034240K), 0.0038927 secs]
274.841: Total time for which application threads were stopped: 0.0040460 seconds, Stopping threads took: 0.0000207 seconds
274.908: [GC (Allocation Failure)  510457K->190425K(1033728K), 0.0041205 secs]
274.913: Total time for which application threads were stopped: 0.0042947 seconds, Stopping threads took: 0.0000202 seconds
274.977: [GC (Allocation Failure)  510425K->193697K(1034240K), 0.0046437 secs]
274.982: Total time for which application threads were stopped: 0.0048030 seconds, Stopping threads took: 0.0000204 seconds
275.048: [GC (Allocation Failure)  514209K->198403K(1034240K), 0.0039507 secs]
275.052: Total time for which application threads were stopped: 0.0041017 seconds, Stopping threads took: 0.0000202 seconds
275.118: [GC (Allocation Failure)  518915K->198467K(1034752K), 0.0037605 secs]
275.122: Total time for which application threads were stopped: 0.0039003 seconds, Stopping threads took: 0.0000204 seconds
275.184: [GC (Allocation Failure)  520003K->200931K(1034752K), 0.0042898 secs]
275.188: Total time for which application threads were stopped: 0.0044472 seconds, Stopping threads took: 0.0000273 seconds
275.255: [GC (Allocation Failure)  522467K->206469K(1034752K), 0.0067221 secs]
275.262: Total time for which application threads were stopped: 0.0068532 seconds, Stopping threads took: 0.0000249 seconds
275.327: [GC (Allocation Failure)  528005K->206469K(1034752K), 0.0037624 secs]
275.330: Total time for which application threads were stopped: 0.0039087 seconds, Stopping threads took: 0.0000275 seconds
275.392: [GC (Allocation Failure)  528005K->210157K(1035264K), 0.0049266 secs]
275.397: Total time for which application threads were stopped: 0.0050703 seconds, Stopping threads took: 0.0000219 seconds
275.460: [GC (Allocation Failure)  532205K->214543K(1034752K), 0.0040882 secs]
275.464: Total time for which application threads were stopped: 0.0042258 seconds, Stopping threads took: 0.0000205 seconds
275.528: [GC (Allocation Failure)  536591K->214511K(1035264K), 0.0037256 secs]
275.532: Total time for which application threads were stopped: 0.0038635 seconds, Stopping threads took: 0.0000176 seconds
275.595: [GC (Allocation Failure)  537071K->217383K(1035264K), 0.0045033 secs]
275.599: Total time for which application threads were stopped: 0.0046470 seconds, Stopping threads took: 0.0000274 seconds
275.669: [GC (Allocation Failure)  539943K->222634K(1035264K), 0.0040291 secs]
275.673: Total time for which application threads were stopped: 0.0041984 seconds, Stopping threads took: 0.0000205 seconds
275.742: [GC (Allocation Failure)  545194K->222570K(1035264K), 0.0039121 secs]
275.746: Total time for which application threads were stopped: 0.0040826 seconds, Stopping threads took: 0.0000265 seconds
275.812: [GC (Allocation Failure)  545130K->225610K(1035264K), 0.0044608 secs]
275.817: Total time for which application threads were stopped: 0.0046321 seconds, Stopping threads took: 0.0000192 seconds
275.886: [GC (Allocation Failure)  548170K->230604K(1035264K), 0.0039666 secs]
275.890: Total time for which application threads were stopped: 0.0041381 seconds, Stopping threads took: 0.0000200 seconds
275.960: [GC (Allocation Failure)  553164K->230604K(1035264K), 0.0043353 secs]
275.964: Total time for which application threads were stopped: 0.0045076 seconds, Stopping threads took: 0.0000196 seconds
276.031: [GC (Allocation Failure)  553164K->225802K(1035264K), 0.0022338 secs]
276.033: Total time for which application threads were stopped: 0.0023889 seconds, Stopping threads took: 0.0000207 seconds
276.103: [GC (Allocation Failure)  548362K->230796K(1035264K), 0.0039763 secs]
276.107: Total time for which application threads were stopped: 0.0041833 seconds, Stopping threads took: 0.0000254 seconds
276.176: [GC (Allocation Failure)  553356K->230572K(1035264K), 0.0041319 secs]
276.181: Total time for which application threads were stopped: 0.0043215 seconds, Stopping threads took: 0.0000258 seconds
276.250: [GC (Allocation Failure)  553132K->230122K(1035776K), 0.0038151 secs]
276.254: Total time for which application threads were stopped: 0.0039779 seconds, Stopping threads took: 0.0000195 seconds
276.322: [GC (Allocation Failure)  553194K->230796K(1035264K), 0.0039217 secs]
276.326: Total time for which application threads were stopped: 0.0040790 seconds, Stopping threads took: 0.0000255 seconds
276.395: [GC (Allocation Failure)  553868K->230572K(1035776K), 0.0041437 secs]
276.399: Total time for which application threads were stopped: 0.0043176 seconds, Stopping threads took: 0.0000208 seconds
276.467: [GC (Allocation Failure)  554156K->236418K(1035776K), 0.0066648 secs]
276.474: Total time for which application threads were stopped: 0.0068328 seconds, Stopping threads took: 0.0000274 seconds
276.542: [GC (Allocation Failure)  560002K->231844K(1032704K), 0.0041206 secs]
276.546: Total time for which application threads were stopped: 0.0042841 seconds, Stopping threads took: 0.0000193 seconds
276.613: [GC (Allocation Failure)  552356K->231684K(1034240K), 0.0048207 secs]
276.618: Total time for which application threads were stopped: 0.0049742 seconds, Stopping threads took: 0.0000273 seconds
276.686: [GC (Allocation Failure)  552196K->238762K(1030656K), 0.0071477 secs]
276.693: Total time for which application threads were stopped: 0.0073181 seconds, Stopping threads took: 0.0000196 seconds
276.760: [GC (Allocation Failure)  556202K->233068K(1032704K), 0.0041235 secs]
276.764: Total time for which application threads were stopped: 0.0043010 seconds, Stopping threads took: 0.0000279 seconds
276.831: [GC (Allocation Failure)  550508K->233004K(1033728K), 0.0038943 secs]
276.835: Total time for which application threads were stopped: 0.0040732 seconds, Stopping threads took: 0.0000193 seconds
276.902: [GC (Allocation Failure)  551980K->230570K(1033216K), 0.0030576 secs]
276.905: Total time for which application threads were stopped: 0.0032525 seconds, Stopping threads took: 0.0000200 seconds
276.974: [GC (Allocation Failure)  549546K->233068K(1034752K), 0.0038859 secs]
276.978: Total time for which application threads were stopped: 0.0040336 seconds, Stopping threads took: 0.0000170 seconds
277.046: [GC (Allocation Failure)  554092K->233004K(1034240K), 0.0040922 secs]
277.051: Total time for which application threads were stopped: 0.0042605 seconds, Stopping threads took: 0.0000197 seconds
277.117: [GC (Allocation Failure)  554028K->228234K(1034240K), 0.0023644 secs]
277.119: Total time for which application threads were stopped: 0.0025187 seconds, Stopping threads took: 0.0000198 seconds
277.187: [GC (Allocation Failure)  549770K->233228K(1034752K), 0.0039916 secs]
277.191: Total time for which application threads were stopped: 0.0041771 seconds, Stopping threads took: 0.0000202 seconds
277.261: [GC (Allocation Failure)  554764K->233004K(1035776K), 0.0042884 secs]
277.265: Total time for which application threads were stopped: 0.0044600 seconds, Stopping threads took: 0.0000263 seconds
277.331: [GC (Allocation Failure)  556076K->230986K(1035264K), 0.0033173 secs]
277.335: Total time for which application threads were stopped: 0.0034908 seconds, Stopping threads took: 0.0000196 seconds
277.401: [GC (Allocation Failure)  554058K->233196K(1036288K), 0.0041851 secs]
277.406: Total time for which application threads were stopped: 0.0043550 seconds, Stopping threads took: 0.0000223 seconds
277.474: [GC (Allocation Failure)  557292K->233004K(1035776K), 0.0046663 secs]
277.479: Total time for which application threads were stopped: 0.0048375 seconds, Stopping threads took: 0.0000202 seconds
277.547: [GC (Allocation Failure)  557100K->238826K(1033216K), 0.0102051 secs]
277.557: Total time for which application threads were stopped: 0.0103739 seconds, Stopping threads took: 0.0000206 seconds
277.627: [GC (Allocation Failure)  560362K->234700K(1034752K), 0.0057903 secs]
277.633: Total time for which application threads were stopped: 0.0059625 seconds, Stopping threads took: 0.0000268 seconds
277.701: [GC (Allocation Failure)  556236K->234604K(1035264K), 0.0041566 secs]
277.705: Total time for which application threads were stopped: 0.0043406 seconds, Stopping threads took: 0.0000202 seconds
277.773: [GC (Allocation Failure)  557164K->242690K(1035264K), 0.0077252 secs]
277.781: Total time for which application threads were stopped: 0.0079322 seconds, Stopping threads took: 0.0000204 seconds
277.850: [GC (Allocation Failure)  565250K->237508K(1032192K), 0.0042218 secs]
277.855: Total time for which application threads were stopped: 0.0043950 seconds, Stopping threads took: 0.0000196 seconds
277.923: [GC (Allocation Failure)  556996K->237444K(1033728K), 0.0039879 secs]
277.927: Total time for which application threads were stopped: 0.0042919 seconds, Stopping threads took: 0.0000200 seconds
277.992: [GC (Allocation Failure)  556932K->243714K(1031680K), 0.0067445 secs]
277.999: Total time for which application threads were stopped: 0.0069057 seconds, Stopping threads took: 0.0000192 seconds
278.066: [GC (Allocation Failure)  561154K->237476K(1032704K), 0.0042239 secs]
278.070: Total time for which application threads were stopped: 0.0043852 seconds, Stopping threads took: 0.0000200 seconds
278.137: [GC (Allocation Failure)  554916K->237476K(1033216K), 0.0041252 secs]
278.141: Total time for which application threads were stopped: 0.0043054 seconds, Stopping threads took: 0.0000194 seconds
278.207: [GC (Allocation Failure)  555428K->233154K(1032704K), 0.0024959 secs]
278.210: Total time for which application threads were stopped: 0.0026623 seconds, Stopping threads took: 0.0000201 seconds
278.279: [GC (Allocation Failure)  551106K->237668K(1033728K), 0.0041708 secs]
278.283: Total time for which application threads were stopped: 0.0043505 seconds, Stopping threads took: 0.0000274 seconds
278.351: [GC (Allocation Failure)  556132K->237444K(1032704K), 0.0039414 secs]
278.355: Total time for which application threads were stopped: 0.0041051 seconds, Stopping threads took: 0.0000197 seconds
278.420: [GC (Allocation Failure)  555908K->240908K(1033216K), 0.0047222 secs]
278.425: Total time for which application threads were stopped: 0.0049230 seconds, Stopping threads took: 0.0000212 seconds
278.494: [GC (Allocation Failure)  560396K->245518K(1033728K), 0.0041128 secs]
278.498: Total time for which application threads were stopped: 0.0042938 seconds, Stopping threads took: 0.0000195 seconds
278.565: [GC (Allocation Failure)  565006K->245518K(1034752K), 0.0040099 secs]
278.569: Total time for which application threads were stopped: 0.0041710 seconds, Stopping threads took: 0.0000197 seconds
278.639: [GC (Allocation Failure)  566542K->245542K(1034240K), 0.0041505 secs]
278.643: Total time for which application threads were stopped: 0.0043124 seconds, Stopping threads took: 0.0000168 seconds
278.711: [GC (Allocation Failure)  566566K->253640K(1034752K), 0.0040948 secs]
278.715: Total time for which application threads were stopped: 0.0042577 seconds, Stopping threads took: 0.0000206 seconds
278.784: [GC (Allocation Failure)  574664K->253480K(1034240K), 0.0039371 secs]
278.788: Total time for which application threads were stopped: 0.0041475 seconds, Stopping threads took: 0.0000282 seconds
278.853: [GC (Allocation Failure)  574504K->257384K(1034752K), 0.0050705 secs]
278.858: Total time for which application threads were stopped: 0.0052341 seconds, Stopping threads took: 0.0000251 seconds
278.928: [GC (Allocation Failure)  578920K->261611K(1034752K), 0.0042939 secs]
278.932: Total time for which application threads were stopped: 0.0044856 seconds, Stopping threads took: 0.0000198 seconds
278.998: [GC (Allocation Failure)  583147K->261547K(1035264K), 0.0041038 secs]
279.002: Total time for which application threads were stopped: 0.0042544 seconds, Stopping threads took: 0.0000200 seconds
279.068: [GC (Allocation Failure)  584107K->263531K(1035264K), 0.0042056 secs]
279.073: Total time for which application threads were stopped: 0.0043534 seconds, Stopping threads took: 0.0000273 seconds
279.139: [GC (Allocation Failure)  586091K->269581K(1035264K), 0.0039715 secs]
279.143: Total time for which application threads were stopped: 0.0041204 seconds, Stopping threads took: 0.0000198 seconds
279.210: [GC (Allocation Failure)  592141K->269581K(1035264K), 0.0039360 secs]
279.214: Total time for which application threads were stopped: 0.0040599 seconds, Stopping threads took: 0.0000169 seconds
279.276: [GC (Allocation Failure)  592141K->271781K(1035264K), 0.0044059 secs]
279.280: Total time for which application threads were stopped: 0.0045430 seconds, Stopping threads took: 0.0000197 seconds
279.347: [GC (Allocation Failure)  594341K->277799K(1035264K), 0.0041098 secs]
279.351: Total time for which application threads were stopped: 0.0042692 seconds, Stopping threads took: 0.0000198 seconds
279.419: [GC (Allocation Failure)  600359K->277639K(1035264K), 0.0042934 secs]
279.423: Total time for which application threads were stopped: 0.0044521 seconds, Stopping threads took: 0.0000214 seconds
279.492: [GC (Allocation Failure)  600199K->271973K(1035264K), 0.0019518 secs]
279.494: Total time for which application threads were stopped: 0.0020946 seconds, Stopping threads took: 0.0000195 seconds
279.562: [GC (Allocation Failure)  594533K->277767K(1035264K), 0.0043579 secs]
279.567: Total time for which application threads were stopped: 0.0045410 seconds, Stopping threads took: 0.0000204 seconds
279.637: [GC (Allocation Failure)  600327K->277607K(1035264K), 0.0041235 secs]
279.641: Total time for which application threads were stopped: 0.0042872 seconds, Stopping threads took: 0.0000198 seconds
279.707: [GC (Allocation Failure)  600167K->276261K(1035776K), 0.0038685 secs]
279.711: Total time for which application threads were stopped: 0.0040340 seconds, Stopping threads took: 0.0000199 seconds
279.780: [GC (Allocation Failure)  599333K->277671K(1035264K), 0.0041122 secs]
279.784: Total time for which application threads were stopped: 0.0042911 seconds, Stopping threads took: 0.0000273 seconds
279.853: [GC (Allocation Failure)  600743K->277639K(1036288K), 0.0044912 secs]
279.858: Total time for which application threads were stopped: 0.0046608 seconds, Stopping threads took: 0.0000193 seconds
279.925: [GC (Allocation Failure)  601735K->283085K(1035776K), 0.0067424 secs]
279.932: Total time for which application threads were stopped: 0.0069082 seconds, Stopping threads took: 0.0000187 seconds
280.001: [GC (Allocation Failure)  607181K->278895K(1033728K), 0.0042037 secs]
280.005: Total time for which application threads were stopped: 0.0043718 seconds, Stopping threads took: 0.0000188 seconds
280.073: [GC (Allocation Failure)  600431K->278863K(1034752K), 0.0042719 secs]
280.077: Total time for which application threads were stopped: 0.0044497 seconds, Stopping threads took: 0.0000199 seconds
280.143: [GC (Allocation Failure)  600399K->271757K(1034240K), 0.0014119 secs]
280.144: Total time for which application threads were stopped: 0.0015377 seconds, Stopping threads took: 0.0000193 seconds
280.215: [GC (Allocation Failure)  593293K->279127K(1034752K), 0.0042700 secs]
280.219: Total time for which application threads were stopped: 0.0044422 seconds, Stopping threads took: 0.0000199 seconds
280.287: [GC (Allocation Failure)  600663K->283015K(1035264K), 0.0053335 secs]
280.292: Total time for which application threads were stopped: 0.0055161 seconds, Stopping threads took: 0.0000266 seconds
280.360: [GC (Allocation Failure)  605575K->278181K(1035264K), 0.0025948 secs]
280.362: Total time for which application threads were stopped: 0.0027685 seconds, Stopping threads took: 0.0000208 seconds
280.432: [GC (Allocation Failure)  600741K->283231K(1035776K), 0.0041051 secs]
280.437: Total time for which application threads were stopped: 0.0042678 seconds, Stopping threads took: 0.0000198 seconds
280.505: [GC (Allocation Failure)  606303K->287159K(1035264K), 0.0043269 secs]
280.509: Total time for which application threads were stopped: 0.0044954 seconds, Stopping threads took: 0.0000192 seconds
280.576: [GC (Allocation Failure)  610231K->287127K(1035776K), 0.0040106 secs]
280.580: Total time for which application threads were stopped: 0.0041829 seconds, Stopping threads took: 0.0000201 seconds
280.649: [GC (Allocation Failure)  610711K->287319K(1023488K), 0.0041425 secs]
280.653: Total time for which application threads were stopped: 0.0043046 seconds, Stopping threads took: 0.0000197 seconds
280.722: [GC (Allocation Failure)  610903K->295193K(1035264K), 0.0041445 secs]
280.726: Total time for which application threads were stopped: 0.0043039 seconds, Stopping threads took: 0.0000189 seconds
280.795: [GC (Allocation Failure)  617753K->295225K(1035264K), 0.0040083 secs]
280.799: Total time for which application threads were stopped: 0.0041766 seconds, Stopping threads took: 0.0000267 seconds
280.866: [GC (Allocation Failure)  617785K->295329K(1034240K), 0.0044321 secs]
280.871: Total time for which application threads were stopped: 0.0046079 seconds, Stopping threads took: 0.0000198 seconds
280.940: [GC (Allocation Failure)  616865K->303268K(1034752K), 0.0042479 secs]
280.945: Total time for which application threads were stopped: 0.0044177 seconds, Stopping threads took: 0.0000204 seconds
281.011: [GC (Allocation Failure)  624804K->303236K(1034752K), 0.0046640 secs]
281.015: Total time for which application threads were stopped: 0.0048235 seconds, Stopping threads took: 0.0000199 seconds
281.081: [GC (Allocation Failure)  624772K->303588K(1034752K), 0.0044133 secs]
281.086: Total time for which application threads were stopped: 0.0046092 seconds, Stopping threads took: 0.0000202 seconds
281.155: [GC (Allocation Failure)  625124K->311270K(1033728K), 0.0042086 secs]
281.159: Total time for which application threads were stopped: 0.0044270 seconds, Stopping threads took: 0.0000199 seconds
281.228: [GC (Allocation Failure)  631782K->311238K(1034240K), 0.0041086 secs]
281.232: Total time for which application threads were stopped: 0.0042783 seconds, Stopping threads took: 0.0000201 seconds
281.299: [GC (Allocation Failure)  631750K->311814K(1034240K), 0.0041570 secs]
281.304: Total time for which application threads were stopped: 0.0043583 seconds, Stopping threads took: 0.0000262 seconds
281.372: [GC (Allocation Failure)  632326K->319304K(1034240K), 0.0044892 secs]
281.377: Total time for which application threads were stopped: 0.0046366 seconds, Stopping threads took: 0.0000190 seconds
281.443: [GC (Allocation Failure)  639816K->319336K(1034240K), 0.0043595 secs]
281.447: Total time for which application threads were stopped: 0.0045298 seconds, Stopping threads took: 0.0000188 seconds
281.512: [GC (Allocation Failure)  639848K->319560K(1034240K), 0.0041259 secs]
281.517: Total time for which application threads were stopped: 0.0042745 seconds, Stopping threads took: 0.0000198 seconds
281.582: [GC (Allocation Failure)  640072K->327339K(1033216K), 0.0040767 secs]
281.586: Total time for which application threads were stopped: 0.0042379 seconds, Stopping threads took: 0.0000206 seconds
281.655: [GC (Allocation Failure)  646827K->327339K(1033728K), 0.0040624 secs]
281.659: Total time for which application threads were stopped: 0.0042316 seconds, Stopping threads took: 0.0000194 seconds
281.726: [GC (Allocation Failure)  646827K->327499K(1033728K), 0.0042520 secs]
281.731: Total time for which application threads were stopped: 0.0044441 seconds, Stopping threads took: 0.0000192 seconds
281.799: [GC (Allocation Failure)  646987K->335341K(1033728K), 0.0040525 secs]
281.804: Total time for which application threads were stopped: 0.0042524 seconds, Stopping threads took: 0.0000279 seconds
281.871: [GC (Allocation Failure)  654829K->331467K(1034240K), 0.0030500 secs]
281.874: Total time for which application threads were stopped: 0.0031962 seconds, Stopping threads took: 0.0000168 seconds
281.943: [GC (Allocation Failure)  651467K->335533K(1033728K), 0.0044776 secs]
281.948: Total time for which application threads were stopped: 0.0046619 seconds, Stopping threads took: 0.0000205 seconds
282.017: [GC (Allocation Failure)  655533K->339501K(1034752K), 0.0041841 secs]
282.021: Total time for which application threads were stopped: 0.0043642 seconds, Stopping threads took: 0.0000195 seconds
282.090: [GC (Allocation Failure)  661037K->333739K(1034752K), 0.0023929 secs]
282.092: Total time for which application threads were stopped: 0.0025351 seconds, Stopping threads took: 0.0000201 seconds
282.159: [GC (Allocation Failure)  655275K->339573K(1035776K), 0.0043403 secs]
282.164: Total time for which application threads were stopped: 0.0045001 seconds, Stopping threads took: 0.0000207 seconds
282.228: [GC (Allocation Failure)  662645K->343685K(1035264K), 0.0046963 secs]
282.233: Total time for which application threads were stopped: 0.0048468 seconds, Stopping threads took: 0.0000199 seconds
282.298: [GC (Allocation Failure)  666495K->339747K(1035776K), 0.0032165 secs]
282.302: Total time for which application threads were stopped: 0.0033810 seconds, Stopping threads took: 0.0000266 seconds
282.368: [GC (Allocation Failure)  662819K->343813K(1035264K), 0.0046103 secs]
282.372: Total time for which application threads were stopped: 0.0047606 seconds, Stopping threads took: 0.0000207 seconds
282.440: [GC (Allocation Failure)  666885K->347781K(1035264K), 0.0042714 secs]
282.444: Total time for which application threads were stopped: 0.0044270 seconds, Stopping threads took: 0.0000207 seconds
282.512: [GC (Allocation Failure)  671365K->347781K(1035776K), 0.0040970 secs]
282.516: Total time for which application threads were stopped: 0.0042711 seconds, Stopping threads took: 0.0000202 seconds
282.581: [GC (Allocation Failure)  671365K->347853K(1034752K), 0.0042017 secs]
282.585: Total time for which application threads were stopped: 0.0043579 seconds, Stopping threads took: 0.0000166 seconds
282.656: [GC (Allocation Failure)  670413K->355823K(1035264K), 0.0045224 secs]
282.660: Total time for which application threads were stopped: 0.0047014 seconds, Stopping threads took: 0.0000201 seconds
282.727: [GC (Allocation Failure)  678383K->355823K(1034240K), 0.0042608 secs]
282.731: Total time for which application threads were stopped: 0.0044424 seconds, Stopping threads took: 0.0000195 seconds
282.800: [GC (Allocation Failure)  677359K->355879K(1034752K), 0.0043990 secs]
282.804: Total time for which application threads were stopped: 0.0045689 seconds, Stopping threads took: 0.0000284 seconds
282.870: [GC (Allocation Failure)  677415K->363849K(1034752K), 0.0042144 secs]
282.875: Total time for which application threads were stopped: 0.0043927 seconds, Stopping threads took: 0.0000262 seconds
282.942: [GC (Allocation Failure)  685385K->363849K(1029120K), 0.0042585 secs]
282.946: Total time for which application threads were stopped: 0.0044550 seconds, Stopping threads took: 0.0000208 seconds
283.013: [GC (Allocation Failure)  685385K->364105K(1034240K), 0.0042115 secs]
283.018: Total time for which application threads were stopped: 0.0043501 seconds, Stopping threads took: 0.0000174 seconds
283.085: [GC (Allocation Failure)  684617K->371884K(1034240K), 0.0044053 secs]
283.090: Total time for which application threads were stopped: 0.0045689 seconds, Stopping threads took: 0.0000197 seconds
283.157: [GC (Allocation Failure)  692396K->371916K(1034240K), 0.0040714 secs]
283.161: Total time for which application threads were stopped: 0.0042263 seconds, Stopping threads took: 0.0000203 seconds
283.227: [GC (Allocation Failure)  692428K->372332K(1034240K), 0.0044705 secs]
283.232: Total time for which application threads were stopped: 0.0046161 seconds, Stopping threads took: 0.0000188 seconds
283.297: [GC (Allocation Failure)  692844K->379950K(1033216K), 0.0042578 secs]
283.301: Total time for which application threads were stopped: 0.0044125 seconds, Stopping threads took: 0.0000196 seconds
283.366: [GC (Allocation Failure)  699438K->379918K(1033728K), 0.0051059 secs]
283.371: Total time for which application threads were stopped: 0.0052614 seconds, Stopping threads took: 0.0000199 seconds
283.435: [GC (Allocation Failure)  699406K->380038K(1033728K), 0.0045403 secs]
283.439: Total time for which application threads were stopped: 0.0047072 seconds, Stopping threads took: 0.0000208 seconds
283.505: [GC (Allocation Failure)  699526K->387976K(1033728K), 0.0042531 secs]
283.510: Total time for which application threads were stopped: 0.0044052 seconds, Stopping threads took: 0.0000207 seconds
283.574: [GC (Allocation Failure)  707464K->387944K(1033728K), 0.0044345 secs]
283.579: Total time for which application threads were stopped: 0.0045995 seconds, Stopping threads took: 0.0000193 seconds
283.647: [GC (Allocation Failure)  707432K->388008K(1033728K), 0.0044820 secs]
283.652: Total time for which application threads were stopped: 0.0046588 seconds, Stopping threads took: 0.0000199 seconds
283.718: [GC (Allocation Failure)  707496K->395978K(1032704K), 0.0044794 secs]
283.723: Total time for which application threads were stopped: 0.0046410 seconds, Stopping threads took: 0.0000196 seconds
283.790: [GC (Allocation Failure)  714442K->390408K(1033216K), 0.0023014 secs]
283.792: Total time for which application threads were stopped: 0.0024589 seconds, Stopping threads took: 0.0000203 seconds
283.861: [GC (Allocation Failure)  708872K->396234K(1034752K), 0.0044467 secs]
283.866: Total time for which application threads were stopped: 0.0046127 seconds, Stopping threads took: 0.0000196 seconds
283.932: [GC (Allocation Failure)  716746K->400114K(1033728K), 0.0043870 secs]
283.936: Total time for which application threads were stopped: 0.0045464 seconds, Stopping threads took: 0.0000208 seconds
284.001: [GC (Allocation Failure)  720626K->407016K(1029120K), 0.0073699 secs]
284.008: Total time for which application threads were stopped: 0.0075053 seconds, Stopping threads took: 0.0000188 seconds
284.073: [GC (Allocation Failure)  722408K->400906K(1031680K), 0.0043970 secs]
284.077: Total time for which application threads were stopped: 0.0045318 seconds, Stopping threads took: 0.0000197 seconds
284.139: [GC (Allocation Failure)  716298K->400746K(1032704K), 0.0043622 secs]
284.143: Total time for which application threads were stopped: 0.0044963 seconds, Stopping threads took: 0.0000193 seconds
284.204: [GC (Allocation Failure)  717674K->404138K(1032192K), 0.0050000 secs]
284.209: Total time for which application threads were stopped: 0.0051373 seconds, Stopping threads took: 0.0000191 seconds
284.274: [GC (Allocation Failure)  721066K->408909K(1033216K), 0.0043502 secs]
284.279: Total time for which application threads were stopped: 0.0044896 seconds, Stopping threads took: 0.0000195 seconds
284.343: [GC (Allocation Failure)  726861K->408781K(1032704K), 0.0043713 secs]
284.347: Total time for which application threads were stopped: 0.0045184 seconds, Stopping threads took: 0.0000197 seconds
284.410: [GC (Allocation Failure)  726733K->409829K(1033216K), 0.0045284 secs]
284.415: Total time for which application threads were stopped: 0.0046788 seconds, Stopping threads took: 0.0000246 seconds
284.478: [GC (Allocation Failure)  728293K->416807K(1033216K), 0.0042986 secs]
284.483: Total time for which application threads were stopped: 0.0044339 seconds, Stopping threads took: 0.0000199 seconds
284.547: [GC (Allocation Failure)  735271K->416839K(1033728K), 0.0043395 secs]
284.551: Total time for which application threads were stopped: 0.0044749 seconds, Stopping threads took: 0.0000196 seconds
284.615: [GC (Allocation Failure)  735815K->418503K(1033216K), 0.0056366 secs]
284.620: Total time for which application threads were stopped: 0.0058058 seconds, Stopping threads took: 0.0000173 seconds
284.686: [GC (Allocation Failure)  737479K->424905K(1033728K), 0.0044084 secs]
284.691: Total time for which application threads were stopped: 0.0045446 seconds, Stopping threads took: 0.0000193 seconds
284.755: [GC (Allocation Failure)  744393K->424873K(1033728K), 0.0044653 secs]
284.759: Total time for which application threads were stopped: 0.0046012 seconds, Stopping threads took: 0.0000255 seconds
284.820: [GC (Allocation Failure)  744361K->425193K(1033728K), 0.0043403 secs]
284.825: Total time for which application threads were stopped: 0.0044870 seconds, Stopping threads took: 0.0000182 seconds
284.888: [GC (Allocation Failure)  744681K->432875K(1033728K), 0.0045562 secs]
284.892: Total time for which application threads were stopped: 0.0047196 seconds, Stopping threads took: 0.0000247 seconds
284.955: [GC (Allocation Failure)  752363K->432907K(1033728K), 0.0042695 secs]
284.960: Total time for which application threads were stopped: 0.0044141 seconds, Stopping threads took: 0.0000178 seconds
285.023: [GC (Allocation Failure)  752395K->436491K(1033728K), 0.0060863 secs]
285.029: Total time for which application threads were stopped: 0.0062073 seconds, Stopping threads took: 0.0000164 seconds
285.094: [GC (Allocation Failure)  755979K->440974K(1034240K), 0.0044340 secs]
285.098: Total time for which application threads were stopped: 0.0045651 seconds, Stopping threads took: 0.0000181 seconds
285.161: [GC (Allocation Failure)  761486K->440942K(1034240K), 0.0044042 secs]
285.166: Total time for which application threads were stopped: 0.0045489 seconds, Stopping threads took: 0.0000203 seconds
285.227: [GC (Allocation Failure)  761454K->441638K(1034240K), 0.0045529 secs]
285.232: Total time for which application threads were stopped: 0.0046847 seconds, Stopping threads took: 0.0000195 seconds
285.296: [GC (Allocation Failure)  762150K->448968K(1034240K), 0.0045497 secs]
285.301: Total time for which application threads were stopped: 0.0047121 seconds, Stopping threads took: 0.0000246 seconds
285.366: [GC (Allocation Failure)  769480K->448936K(1034240K), 0.0041737 secs]
285.370: Total time for which application threads were stopped: 0.0043302 seconds, Stopping threads took: 0.0000236 seconds
285.435: [GC (Allocation Failure)  769448K->449864K(1034240K), 0.0044916 secs]
285.440: Total time for which application threads were stopped: 0.0046495 seconds, Stopping threads took: 0.0000200 seconds
285.504: [GC (Allocation Failure)  770376K->456970K(1034240K), 0.0045904 secs]
285.509: Total time for which application threads were stopped: 0.0047581 seconds, Stopping threads took: 0.0000243 seconds
285.574: [GC (Allocation Failure)  777482K->456970K(1034240K), 0.0044070 secs]
285.578: Total time for which application threads were stopped: 0.0045429 seconds, Stopping threads took: 0.0000191 seconds
285.642: [GC (Allocation Failure)  777482K->458122K(1034240K), 0.0046033 secs]
285.647: Total time for which application threads were stopped: 0.0047478 seconds, Stopping threads took: 0.0000178 seconds
285.714: [GC (Allocation Failure)  778634K->465069K(1034240K), 0.0047207 secs]
285.719: Total time for which application threads were stopped: 0.0048817 seconds, Stopping threads took: 0.0000198 seconds
285.786: [GC (Allocation Failure)  785581K->465037K(1034240K), 0.0044335 secs]
285.791: Total time for which application threads were stopped: 0.0045875 seconds, Stopping threads took: 0.0000279 seconds
285.855: [GC (Allocation Failure)  785549K->465357K(1020416K), 0.0044101 secs]
285.860: Total time for which application threads were stopped: 0.0045669 seconds, Stopping threads took: 0.0000217 seconds
285.926: [GC (Allocation Failure)  785869K->473103K(1033728K), 0.0045288 secs]
285.930: Total time for which application threads were stopped: 0.0046682 seconds, Stopping threads took: 0.0000199 seconds
285.995: [GC (Allocation Failure)  792591K->473039K(1033728K), 0.0043373 secs]
285.999: Total time for which application threads were stopped: 0.0044733 seconds, Stopping threads took: 0.0000202 seconds
286.062: [GC (Allocation Failure)  792527K->473575K(1033728K), 0.0044681 secs]
286.067: Total time for which application threads were stopped: 0.0046124 seconds, Stopping threads took: 0.0000194 seconds
286.131: [GC (Allocation Failure)  793063K->481129K(1033728K), 0.0044027 secs]
286.135: Total time for which application threads were stopped: 0.0045525 seconds, Stopping threads took: 0.0000249 seconds
286.199: [GC (Allocation Failure)  800617K->481097K(1033728K), 0.0044950 secs]
286.203: Total time for which application threads were stopped: 0.0046480 seconds, Stopping threads took: 0.0000191 seconds
286.266: [GC (Allocation Failure)  800585K->481801K(1033728K), 0.0045530 secs]
286.271: Total time for which application threads were stopped: 0.0047181 seconds, Stopping threads took: 0.0000295 seconds
286.335: [GC (Allocation Failure)  801289K->489131K(1033728K), 0.0044223 secs]
286.339: Total time for which application threads were stopped: 0.0045760 seconds, Stopping threads took: 0.0000192 seconds
286.404: [GC (Allocation Failure)  808619K->489067K(1033728K), 0.0044882 secs]
286.408: Total time for which application threads were stopped: 0.0046360 seconds, Stopping threads took: 0.0000206 seconds
286.470: [GC (Allocation Failure)  808555K->491115K(1033728K), 0.0048916 secs]
286.475: Total time for which application threads were stopped: 0.0050272 seconds, Stopping threads took: 0.0000198 seconds
286.538: [GC (Allocation Failure)  810603K->497134K(1033728K), 0.0045377 secs]
286.543: Total time for which application threads were stopped: 0.0046836 seconds, Stopping threads took: 0.0000198 seconds
286.606: [GC (Allocation Failure)  816622K->497134K(1033728K), 0.0077925 secs]
286.614: Total time for which application threads were stopped: 0.0079713 seconds, Stopping threads took: 0.0000203 seconds
286.678: [GC (Allocation Failure)  816622K->498278K(1033728K), 0.0047198 secs]
286.683: Total time for which application threads were stopped: 0.0048454 seconds, Stopping threads took: 0.0000176 seconds
286.747: [GC (Allocation Failure)  817766K->505160K(1033728K), 0.0046054 secs]
286.752: Total time for which application threads were stopped: 0.0047540 seconds, Stopping threads took: 0.0000198 seconds
286.818: [GC (Allocation Failure)  824648K->505160K(1033728K), 0.0042816 secs]
286.822: Total time for which application threads were stopped: 0.0044419 seconds, Stopping threads took: 0.0000286 seconds
286.886: [GC (Allocation Failure)  824648K->505512K(1033728K), 0.0043789 secs]
286.891: Total time for which application threads were stopped: 0.0045176 seconds, Stopping threads took: 0.0000170 seconds
286.957: [GC (Allocation Failure)  825000K->513226K(1033728K), 0.0045919 secs]
286.961: Total time for which application threads were stopped: 0.0047277 seconds, Stopping threads took: 0.0000192 seconds
287.025: [GC (Allocation Failure)  832714K->513194K(1033728K), 0.0044633 secs]
287.029: Total time for which application threads were stopped: 0.0046056 seconds, Stopping threads took: 0.0000201 seconds
287.092: [GC (Allocation Failure)  832682K->513738K(1033728K), 0.0046009 secs]
287.097: Total time for which application threads were stopped: 0.0047241 seconds, Stopping threads took: 0.0000167 seconds
287.162: [GC (Allocation Failure)  833226K->521260K(1033728K), 0.0046366 secs]
287.167: Total time for which application threads were stopped: 0.0047824 seconds, Stopping threads took: 0.0000198 seconds
287.231: [GC (Allocation Failure)  840748K->521260K(1033728K), 0.0045576 secs]
287.236: Total time for which application threads were stopped: 0.0046939 seconds, Stopping threads took: 0.0000191 seconds
287.298: [GC (Allocation Failure)  840748K->521956K(1033728K), 0.0108322 secs]
287.309: Total time for which application threads were stopped: 0.0109626 seconds, Stopping threads took: 0.0000254 seconds
287.372: [GC (Allocation Failure)  841444K->529223K(1033728K), 0.0045430 secs]
287.377: Total time for which application threads were stopped: 0.0046688 seconds, Stopping threads took: 0.0000175 seconds
287.442: [GC (Allocation Failure)  848711K->529255K(1033728K), 0.0046060 secs]
287.447: Total time for which application threads were stopped: 0.0047671 seconds, Stopping threads took: 0.0000283 seconds
287.511: [GC (Allocation Failure)  848743K->530183K(1033728K), 0.0047360 secs]
287.515: Total time for which application threads were stopped: 0.0048873 seconds, Stopping threads took: 0.0000281 seconds
287.580: [GC (Allocation Failure)  849671K->537289K(1033728K), 0.0046560 secs]
287.585: Total time for which application threads were stopped: 0.0047985 seconds, Stopping threads took: 0.0000199 seconds
287.651: [GC (Allocation Failure)  856777K->537289K(1033728K), 0.0047091 secs]
287.655: Total time for which application threads were stopped: 0.0048799 seconds, Stopping threads took: 0.0000199 seconds
287.722: [GC (Allocation Failure)  856777K->537417K(1033728K), 0.0048358 secs]
287.727: Total time for which application threads were stopped: 0.0050028 seconds, Stopping threads took: 0.0000196 seconds
287.797: [GC (Allocation Failure)  856905K->545323K(1027072K), 0.0043987 secs]
287.801: Total time for which application threads were stopped: 0.0045467 seconds, Stopping threads took: 0.0000273 seconds
287.865: [GC (Allocation Failure)  864811K->545323K(1033216K), 0.0047007 secs]
287.870: Total time for which application threads were stopped: 0.0048386 seconds, Stopping threads took: 0.0000201 seconds
287.934: [GC (Allocation Failure)  863787K->545643K(1033216K), 0.0048727 secs]
287.939: Total time for which application threads were stopped: 0.0050172 seconds, Stopping threads took: 0.0000280 seconds
288.002: [GC (Allocation Failure)  864107K->553357K(1033216K), 0.0047017 secs]
288.007: Total time for which application threads were stopped: 0.0048314 seconds, Stopping threads took: 0.0000182 seconds
288.070: [GC (Allocation Failure)  871821K->553389K(1033216K), 0.0045765 secs]
288.074: Total time for which application threads were stopped: 0.0047285 seconds, Stopping threads took: 0.0000322 seconds
288.135: [GC (Allocation Failure)  871853K->553901K(1033216K), 0.0046801 secs]
288.140: Total time for which application threads were stopped: 0.0048266 seconds, Stopping threads took: 0.0000180 seconds
288.204: [GC (Allocation Failure)  872365K->561392K(1033216K), 0.0046559 secs]
288.208: Total time for which application threads were stopped: 0.0048360 seconds, Stopping threads took: 0.0000180 seconds
288.272: [GC (Allocation Failure)  879856K->561360K(1033216K), 0.0053619 secs]
288.277: Total time for which application threads were stopped: 0.0055150 seconds, Stopping threads took: 0.0000257 seconds
288.338: [GC (Allocation Failure)  879824K->561576K(1033216K), 0.0046766 secs]
288.343: Total time for which application threads were stopped: 0.0048223 seconds, Stopping threads took: 0.0000204 seconds
288.405: [GC (Allocation Failure)  880040K->569418K(1033216K), 0.0046973 secs]
288.409: Total time for which application threads were stopped: 0.0048260 seconds, Stopping threads took: 0.0000179 seconds
288.471: [GC (Allocation Failure)  887882K->569418K(1033216K), 0.0044926 secs]
288.475: Total time for which application threads were stopped: 0.0046480 seconds, Stopping threads took: 0.0000237 seconds
288.538: [GC (Allocation Failure)  887882K->569578K(1033216K), 0.0046464 secs]
288.543: Total time for which application threads were stopped: 0.0047928 seconds, Stopping threads took: 0.0000233 seconds
288.607: [GC (Allocation Failure)  888042K->577452K(1033216K), 0.0061335 secs]
288.613: Total time for which application threads were stopped: 0.0063084 seconds, Stopping threads took: 0.0000268 seconds
288.677: [GC (Allocation Failure)  895916K->577452K(1033216K), 0.0048279 secs]
288.682: Total time for which application threads were stopped: 0.0049956 seconds, Stopping threads took: 0.0000198 seconds
288.746: [GC (Allocation Failure)  895916K->577516K(1033216K), 0.0046027 secs]
288.750: Total time for which application threads were stopped: 0.0047402 seconds, Stopping threads took: 0.0000204 seconds
288.818: [GC (Allocation Failure)  895980K->585519K(1033216K), 0.0046142 secs]
288.822: Total time for which application threads were stopped: 0.0047879 seconds, Stopping threads took: 0.0000167 seconds
288.885: [GC (Allocation Failure)  903983K->585487K(1033216K), 0.0046263 secs]
288.890: Total time for which application threads were stopped: 0.0047665 seconds, Stopping threads took: 0.0000173 seconds
288.951: [GC (Allocation Failure)  903951K->585743K(1033216K), 0.0046899 secs]
288.956: Total time for which application threads were stopped: 0.0048413 seconds, Stopping threads took: 0.0000201 seconds
289.020: [GC (Allocation Failure)  904207K->593521K(1033216K), 0.0047586 secs]
289.025: Total time for which application threads were stopped: 0.0049032 seconds, Stopping threads took: 0.0000189 seconds
289.090: [GC (Allocation Failure)  911985K->593553K(1033216K), 0.0046959 secs]
289.095: Total time for which application threads were stopped: 0.0048446 seconds, Stopping threads took: 0.0000194 seconds
289.159: [GC (Allocation Failure)  912017K->593737K(1033216K), 0.0047806 secs]
289.163: Total time for which application threads were stopped: 0.0049236 seconds, Stopping threads took: 0.0000196 seconds
289.226: [GC (Allocation Failure)  912201K->601579K(1033216K), 0.0048218 secs]
289.231: Total time for which application threads were stopped: 0.0049792 seconds, Stopping threads took: 0.0000200 seconds
289.295: [GC (Allocation Failure)  920043K->597673K(1033216K), 0.0038280 secs]
289.298: Total time for which application threads were stopped: 0.0039738 seconds, Stopping threads took: 0.0000196 seconds
289.363: [GC (Allocation Failure)  916137K->601707K(1034240K), 0.0047835 secs]
289.368: Total time for which application threads were stopped: 0.0049482 seconds, Stopping threads took: 0.0000202 seconds
289.435: [GC (Allocation Failure)  921707K->605675K(1033728K), 0.0046552 secs]
289.440: Total time for which application threads were stopped: 0.0048204 seconds, Stopping threads took: 0.0000264 seconds
289.503: [GC (Allocation Failure)  925675K->613193K(1029120K), 0.0081197 secs]
289.511: Total time for which application threads were stopped: 0.0082922 seconds, Stopping threads took: 0.0000255 seconds
289.576: [GC (Allocation Failure)  928585K->606987K(1031680K), 0.0049976 secs]
289.581: Total time for which application threads were stopped: 0.0051709 seconds, Stopping threads took: 0.0000195 seconds
289.647: [GC (Allocation Failure)  922379K->606923K(1032192K), 0.0048713 secs]
289.652: Total time for which application threads were stopped: 0.0050450 seconds, Stopping threads took: 0.0000200 seconds
289.717: [GC (Allocation Failure)  922827K->609931K(1031680K), 0.0052632 secs]
289.723: Total time for which application threads were stopped: 0.0054231 seconds, Stopping threads took: 0.0000202 seconds
289.790: [GC (Allocation Failure)  925835K->614989K(1032704K), 0.0047315 secs]
289.795: Total time for which application threads were stopped: 0.0049195 seconds, Stopping threads took: 0.0000274 seconds
289.863: [GC (Allocation Failure)  932429K->614957K(1032704K), 0.0049966 secs]
289.868: Total time for which application threads were stopped: 0.0051778 seconds, Stopping threads took: 0.0000201 seconds
289.934: [GC (Allocation Failure)  932397K->617669K(1033216K), 0.0054649 secs]
289.940: Total time for which application threads were stopped: 0.0056705 seconds, Stopping threads took: 0.0000223 seconds
290.006: [GC (Allocation Failure)  936133K->623048K(1033216K), 0.0049862 secs]
290.011: Total time for which application threads were stopped: 0.0051572 seconds, Stopping threads took: 0.0000197 seconds
290.078: [GC (Allocation Failure)  941512K->622984K(1033728K), 0.0047300 secs]
290.083: Total time for which application threads were stopped: 0.0049020 seconds, Stopping threads took: 0.0000195 seconds
290.149: [GC (Allocation Failure)  942472K->626920K(1033728K), 0.0055524 secs]
290.155: Total time for which application threads were stopped: 0.0057108 seconds, Stopping threads took: 0.0000201 seconds
290.222: [GC (Allocation Failure)  946408K->631114K(1034240K), 0.0047835 secs]
290.227: Total time for which application threads were stopped: 0.0049520 seconds, Stopping threads took: 0.0000194 seconds
290.294: [GC (Allocation Failure)  951626K->631050K(1034240K), 0.0048824 secs]
290.299: Total time for which application threads were stopped: 0.0050411 seconds, Stopping threads took: 0.0000198 seconds
290.364: [GC (Allocation Failure)  951562K->632042K(1034240K), 0.0049891 secs]
290.369: Total time for which application threads were stopped: 0.0051794 seconds, Stopping threads took: 0.0000195 seconds
290.438: [GC (Allocation Failure)  952554K->639084K(1034240K), 0.0048855 secs]
290.443: Total time for which application threads were stopped: 0.0050679 seconds, Stopping threads took: 0.0000168 seconds
290.512: [GC (Allocation Failure)  959596K->639052K(1034240K), 0.0045042 secs]
290.517: Total time for which application threads were stopped: 0.0046591 seconds, Stopping threads took: 0.0000170 seconds
290.583: [GC (Allocation Failure)  959564K->642372K(1034240K), 0.0056935 secs]
290.589: Total time for which application threads were stopped: 0.0058578 seconds, Stopping threads took: 0.0000204 seconds
290.658: [GC (Allocation Failure)  962884K->647110K(1034752K), 0.0047899 secs]
290.663: Total time for which application threads were stopped: 0.0049417 seconds, Stopping threads took: 0.0000171 seconds
290.731: [GC (Allocation Failure)  968646K->647078K(1034752K), 0.0048906 secs]
290.736: Total time for which application threads were stopped: 0.0050628 seconds, Stopping threads took: 0.0000195 seconds
290.804: [GC (Allocation Failure)  968614K->650598K(1034752K), 0.0056610 secs]
290.810: Total time for which application threads were stopped: 0.0059750 seconds, Stopping threads took: 0.0000268 seconds
290.876: [GC (Allocation Failure)  972134K->655113K(1034752K), 0.0056617 secs]
290.882: Total time for which application threads were stopped: 0.0058290 seconds, Stopping threads took: 0.0000201 seconds
290.948: [GC (Allocation Failure)  976649K->655081K(1035264K), 0.0047667 secs]
290.953: Total time for which application threads were stopped: 0.0049439 seconds, Stopping threads took: 0.0000207 seconds
291.024: [GC (Allocation Failure)  977641K->656745K(1024000K), 0.0049190 secs]
291.029: Total time for which application threads were stopped: 0.0050866 seconds, Stopping threads took: 0.0000172 seconds
291.097: [GC (Allocation Failure)  979305K->663179K(1034752K), 0.0048610 secs]
291.102: Total time for which application threads were stopped: 0.0050531 seconds, Stopping threads took: 0.0000193 seconds
291.172: [GC (Allocation Failure)  984715K->663179K(1034752K), 0.0050647 secs]
291.177: Total time for which application threads were stopped: 0.0052274 seconds, Stopping threads took: 0.0000196 seconds
291.242: [GC (Allocation Failure)  984715K->667051K(1035264K), 0.0058819 secs]
291.248: Total time for which application threads were stopped: 0.0060333 seconds, Stopping threads took: 0.0000191 seconds
291.315: [GC (Allocation Failure)  989099K->671309K(1034752K), 0.0048742 secs]
291.320: Total time for which application threads were stopped: 0.0050347 seconds, Stopping threads took: 0.0000199 seconds
291.388: [GC (Allocation Failure)  993357K->671181K(1035264K), 0.0047317 secs]
291.393: Total time for which application threads were stopped: 0.0049257 seconds, Stopping threads took: 0.0000200 seconds
291.461: [GC (Allocation Failure)  993741K->674245K(1035264K), 0.0054426 secs]
291.466: Total time for which application threads were stopped: 0.0055899 seconds, Stopping threads took: 0.0000168 seconds
291.533: [GC (Allocation Failure)  996805K->679239K(1035264K), 0.0046424 secs]
291.538: Total time for which application threads were stopped: 0.0048015 seconds, Stopping threads took: 0.0000204 seconds
291.607: [GC (Allocation Failure)  1001799K->679175K(1035264K), 0.0057287 secs]
291.613: Total time for which application threads were stopped: 0.0059095 seconds, Stopping threads took: 0.0000289 seconds
291.681: [GC (Allocation Failure)  1001735K->682471K(1035264K), 0.0054975 secs]
291.686: Total time for which application threads were stopped: 0.0056696 seconds, Stopping threads took: 0.0000193 seconds
291.755: [GC (Allocation Failure)  1005031K->687242K(1035264K), 0.0052159 secs]
291.760: Total time for which application threads were stopped: 0.0053745 seconds, Stopping threads took: 0.0000201 seconds
291.831: [GC (Allocation Failure)  1009802K->687242K(1035264K), 0.0050003 secs]
291.836: Total time for which application threads were stopped: 0.0051735 seconds, Stopping threads took: 0.0000201 seconds
291.903: [GC (Allocation Failure)  1009802K->690730K(1035264K), 0.0055893 secs]
291.908: [Full GC (Ergonomics)  690730K->11948K(1035264K), 0.0183633 secs]
291.927: Total time for which application threads were stopped: 0.0242189 seconds, Stopping threads took: 0.0000199 seconds
291.994: [GC (Allocation Failure)  334508K->20686K(1034752K), 0.0037387 secs]
291.998: Total time for which application threads were stopped: 0.0038944 seconds, Stopping threads took: 0.0000199 seconds
292.067: [GC (Allocation Failure)  343246K->20694K(1035264K), 0.0038416 secs]
292.071: Total time for which application threads were stopped: 0.0040119 seconds, Stopping threads took: 0.0000200 seconds
292.136: [GC (Allocation Failure)  343254K->24366K(1035264K), 0.0045940 secs]
292.141: Total time for which application threads were stopped: 0.0047379 seconds, Stopping threads took: 0.0000192 seconds
292.206: [GC (Allocation Failure)  346926K->28880K(1035264K), 0.0034614 secs]
292.210: Total time for which application threads were stopped: 0.0036206 seconds, Stopping threads took: 0.0000199 seconds
292.280: [GC (Allocation Failure)  351440K->28720K(1035776K), 0.0037407 secs]
292.284: Total time for which application threads were stopped: 0.0039051 seconds, Stopping threads took: 0.0000201 seconds
292.349: [GC (Allocation Failure)  351792K->21006K(1035264K), 0.0005817 secs]
292.350: Total time for which application threads were stopped: 0.0007311 seconds, Stopping threads took: 0.0000264 seconds
292.416: [GC (Allocation Failure)  344078K->28816K(1035264K), 0.0037747 secs]
292.420: Total time for which application threads were stopped: 0.0039653 seconds, Stopping threads took: 0.0000214 seconds
292.488: [GC (Allocation Failure)  351376K->28720K(1035264K), 0.0037770 secs]
292.492: Total time for which application threads were stopped: 0.0039732 seconds, Stopping threads took: 0.0000206 seconds
292.559: [GC (Allocation Failure)  351280K->25774K(1035264K), 0.0024840 secs]
292.562: Total time for which application threads were stopped: 0.0026716 seconds, Stopping threads took: 0.0000199 seconds
292.633: [GC (Allocation Failure)  348334K->28752K(1035264K), 0.0037281 secs]
292.636: Total time for which application threads were stopped: 0.0038967 seconds, Stopping threads took: 0.0000222 seconds
292.702: [GC (Allocation Failure)  351312K->28688K(1035776K), 0.0038237 secs]
292.706: Total time for which application threads were stopped: 0.0039842 seconds, Stopping threads took: 0.0000174 seconds
292.774: [GC (Allocation Failure)  351760K->30606K(1032704K), 0.0043625 secs]
292.779: Total time for which application threads were stopped: 0.0045308 seconds, Stopping threads took: 0.0000257 seconds
292.847: [GC (Allocation Failure)  353678K->28976K(1035264K), 0.0039584 secs]
292.851: Total time for which application threads were stopped: 0.0041128 seconds, Stopping threads took: 0.0000197 seconds
292.918: [GC (Allocation Failure)  351024K->28752K(1034752K), 0.0038262 secs]
292.922: Total time for which application threads were stopped: 0.0040024 seconds, Stopping threads took: 0.0000222 seconds
292.989: [GC (Allocation Failure)  350800K->34334K(1032192K), 0.0059553 secs]
292.995: Total time for which application threads were stopped: 0.0061097 seconds, Stopping threads took: 0.0000191 seconds
293.062: [GC (Allocation Failure)  353822K->29312K(1033728K), 0.0038795 secs]
293.066: Total time for which application threads were stopped: 0.0040428 seconds, Stopping threads took: 0.0000192 seconds
293.133: [GC (Allocation Failure)  348800K->29120K(1034752K), 0.0036781 secs]
293.136: Total time for which application threads were stopped: 0.0038445 seconds, Stopping threads took: 0.0000194 seconds
293.203: [GC (Allocation Failure)  350144K->31390K(1034240K), 0.0072214 secs]
293.210: Total time for which application threads were stopped: 0.0073832 seconds, Stopping threads took: 0.0000195 seconds
293.278: [GC (Allocation Failure)  352414K->29248K(1034752K), 0.0034638 secs]
293.282: Total time for which application threads were stopped: 0.0036556 seconds, Stopping threads took: 0.0000197 seconds
293.349: [GC (Allocation Failure)  350272K->29120K(1034240K), 0.0039438 secs]
293.353: Total time for which application threads were stopped: 0.0041121 seconds, Stopping threads took: 0.0000198 seconds
293.420: [GC (Allocation Failure)  350144K->31102K(1035264K), 0.0045066 secs]
293.424: Total time for which application threads were stopped: 0.0046738 seconds, Stopping threads took: 0.0000200 seconds
293.491: [GC (Allocation Failure)  353662K->29152K(1035264K), 0.0035687 secs]
293.495: Total time for which application threads were stopped: 0.0037292 seconds, Stopping threads took: 0.0000197 seconds
293.564: [GC (Allocation Failure)  351712K->29120K(1035776K), 0.0034699 secs]
293.568: Total time for which application threads were stopped: 0.0036231 seconds, Stopping threads took: 0.0000174 seconds
293.635: [GC (Allocation Failure)  352704K->36342K(1035776K), 0.0070572 secs]
293.642: Total time for which application threads were stopped: 0.0072281 seconds, Stopping threads took: 0.0000182 seconds
293.712: [GC (Allocation Failure)  359926K->31608K(1032704K), 0.0037195 secs]
293.715: Total time for which application threads were stopped: 0.0038967 seconds, Stopping threads took: 0.0000333 seconds
293.784: [GC (Allocation Failure)  352120K->31608K(1034240K), 0.0034121 secs]
293.787: Total time for which application threads were stopped: 0.0035768 seconds, Stopping threads took: 0.0000264 seconds
293.855: [GC (Allocation Failure)  352120K->23766K(1032704K), 0.0005088 secs]
293.855: Total time for which application threads were stopped: 0.0006306 seconds, Stopping threads took: 0.0000199 seconds
293.923: [GC (Allocation Failure)  343254K->31856K(1033728K), 0.0038799 secs]
293.927: Total time for which application threads were stopped: 0.0040615 seconds, Stopping threads took: 0.0000207 seconds
293.995: [GC (Allocation Failure)  351344K->35792K(1034752K), 0.0049810 secs]
294.000: Total time for which application threads were stopped: 0.0051475 seconds, Stopping threads took: 0.0000198 seconds
294.067: [GC (Allocation Failure)  356816K->40910K(1033728K), 0.0058855 secs]
294.073: Total time for which application threads were stopped: 0.0060552 seconds, Stopping threads took: 0.0000189 seconds
294.141: [GC (Allocation Failure)  361934K->35888K(1034240K), 0.0039566 secs]
294.145: Total time for which application threads were stopped: 0.0041185 seconds, Stopping threads took: 0.0000193 seconds
294.213: [GC (Allocation Failure)  355888K->35792K(1033728K), 0.0037719 secs]
294.217: Total time for which application threads were stopped: 0.0039339 seconds, Stopping threads took: 0.0000187 seconds
294.283: [GC (Allocation Failure)  355792K->38542K(1033728K), 0.0048462 secs]
294.288: Total time for which application threads were stopped: 0.0050229 seconds, Stopping threads took: 0.0000260 seconds
294.356: [GC (Allocation Failure)  359054K->35888K(1034240K), 0.0034984 secs]
294.359: Total time for which application threads were stopped: 0.0036602 seconds, Stopping threads took: 0.0000286 seconds
294.427: [GC (Allocation Failure)  356400K->35760K(1035264K), 0.0038131 secs]
294.431: Total time for which application threads were stopped: 0.0039859 seconds, Stopping threads took: 0.0000210 seconds
294.499: [GC (Allocation Failure)  357808K->38222K(1034752K), 0.0046479 secs]
294.504: Total time for which application threads were stopped: 0.0047857 seconds, Stopping threads took: 0.0000162 seconds
294.573: [GC (Allocation Failure)  360270K->35824K(1035264K), 0.0034366 secs]
294.576: Total time for which application threads were stopped: 0.0035975 seconds, Stopping threads took: 0.0000216 seconds
294.647: [GC (Allocation Failure)  357872K->35760K(1034752K), 0.0036646 secs]
294.651: Total time for which application threads were stopped: 0.0038246 seconds, Stopping threads took: 0.0000198 seconds
294.718: [GC (Allocation Failure)  357808K->40974K(1033216K), 0.0059216 secs]
294.724: Total time for which application threads were stopped: 0.0061125 seconds, Stopping threads took: 0.0000194 seconds
294.793: [GC (Allocation Failure)  361486K->35792K(1034240K), 0.0037615 secs]
294.797: Total time for which application threads were stopped: 0.0039348 seconds, Stopping threads took: 0.0000258 seconds
294.865: [GC (Allocation Failure)  356304K->35760K(1034752K), 0.0036719 secs]
294.868: Total time for which application threads were stopped: 0.0038467 seconds, Stopping threads took: 0.0000206 seconds
294.936: [GC (Allocation Failure)  357296K->40206K(1033728K), 0.0055020 secs]
294.941: Total time for which application threads were stopped: 0.0056636 seconds, Stopping threads took: 0.0000198 seconds
295.007: [GC (Allocation Failure)  361742K->35984K(1034240K), 0.0037345 secs]
295.011: Total time for which application threads were stopped: 0.0038960 seconds, Stopping threads took: 0.0000208 seconds
295.078: [GC (Allocation Failure)  355984K->35760K(1033728K), 0.0036574 secs]
295.082: Total time for which application threads were stopped: 0.0038226 seconds, Stopping threads took: 0.0000196 seconds
295.147: [GC (Allocation Failure)  355760K->38350K(1033728K), 0.0049355 secs]
295.152: Total time for which application threads were stopped: 0.0050932 seconds, Stopping threads took: 0.0000185 seconds
295.219: [GC (Allocation Failure)  358862K->35952K(1034240K), 0.0036350 secs]
295.222: Total time for which application threads were stopped: 0.0038104 seconds, Stopping threads took: 0.0000253 seconds
295.290: [GC (Allocation Failure)  356464K->35760K(1035264K), 0.0037082 secs]
295.294: Total time for which application threads were stopped: 0.0039136 seconds, Stopping threads took: 0.0000268 seconds
295.362: [GC (Allocation Failure)  357808K->38030K(1034752K), 0.0044683 secs]
295.367: Total time for which application threads were stopped: 0.0046174 seconds, Stopping threads took: 0.0000171 seconds
295.435: [GC (Allocation Failure)  360078K->35856K(1035264K), 0.0047844 secs]
295.439: Total time for which application threads were stopped: 0.0049257 seconds, Stopping threads took: 0.0000196 seconds
295.509: [GC (Allocation Failure)  357904K->35760K(1034752K), 0.0037897 secs]
295.513: Total time for which application threads were stopped: 0.0039727 seconds, Stopping threads took: 0.0000195 seconds
295.579: [GC (Allocation Failure)  357808K->40782K(1033216K), 0.0058255 secs]
295.585: Total time for which application threads were stopped: 0.0059948 seconds, Stopping threads took: 0.0000253 seconds
295.654: [GC (Allocation Failure)  361294K->35824K(1034240K), 0.0036916 secs]
295.657: Total time for which application threads were stopped: 0.0038423 seconds, Stopping threads took: 0.0000170 seconds
295.725: [GC (Allocation Failure)  356336K->35792K(1034752K), 0.0035057 secs]
295.729: Total time for which application threads were stopped: 0.0036704 seconds, Stopping threads took: 0.0000200 seconds
295.797: [GC (Allocation Failure)  357328K->39950K(1033216K), 0.0055489 secs]
295.802: Total time for which application threads were stopped: 0.0057305 seconds, Stopping threads took: 0.0000281 seconds
295.868: [GC (Allocation Failure)  361486K->36016K(1034240K), 0.0038329 secs]
295.872: Total time for which application threads were stopped: 0.0040096 seconds, Stopping threads took: 0.0000206 seconds
295.942: [GC (Allocation Failure)  356528K->35760K(1034240K), 0.0035460 secs]
295.946: Total time for which application threads were stopped: 0.0037049 seconds, Stopping threads took: 0.0000255 seconds
296.013: [GC (Allocation Failure)  356272K->39150K(1033728K), 0.0049792 secs]
296.018: Total time for which application threads were stopped: 0.0051716 seconds, Stopping threads took: 0.0000195 seconds
296.087: [GC (Allocation Failure)  359662K->35952K(1034240K), 0.0037136 secs]
296.091: Total time for which application threads were stopped: 0.0038650 seconds, Stopping threads took: 0.0000191 seconds
296.161: [GC (Allocation Failure)  356464K->35760K(1034752K), 0.0035468 secs]
296.165: Total time for which application threads were stopped: 0.0037107 seconds, Stopping threads took: 0.0000199 seconds
296.229: [GC (Allocation Failure)  357296K->38318K(1034752K), 0.0047998 secs]
296.234: Total time for which application threads were stopped: 0.0049658 seconds, Stopping threads took: 0.0000283 seconds
296.303: [GC (Allocation Failure)  359854K->35920K(1034752K), 0.0037959 secs]
296.307: Total time for which application threads were stopped: 0.0039459 seconds, Stopping threads took: 0.0000264 seconds
296.373: [GC (Allocation Failure)  357456K->35760K(1034752K), 0.0038094 secs]
296.377: Total time for which application threads were stopped: 0.0039680 seconds, Stopping threads took: 0.0000199 seconds
296.442: [GC (Allocation Failure)  357296K->39566K(1034240K), 0.0053277 secs]
296.447: Total time for which application threads were stopped: 0.0054840 seconds, Stopping threads took: 0.0000283 seconds
296.512: [GC (Allocation Failure)  361102K->35856K(1034752K), 0.0037616 secs]
296.516: Total time for which application threads were stopped: 0.0039153 seconds, Stopping threads took: 0.0000201 seconds
296.582: [GC (Allocation Failure)  357392K->35728K(1034752K), 0.0036249 secs]
296.586: Total time for which application threads were stopped: 0.0037763 seconds, Stopping threads took: 0.0000200 seconds
296.652: [GC (Allocation Failure)  357264K->40750K(1034240K), 0.0060411 secs]
296.658: Total time for which application threads were stopped: 0.0062385 seconds, Stopping threads took: 0.0000191 seconds
296.725: [GC (Allocation Failure)  362286K->35760K(1034240K), 0.0037225 secs]
296.729: Total time for which application threads were stopped: 0.0038819 seconds, Stopping threads took: 0.0000169 seconds
296.797: [GC (Allocation Failure)  356272K->35760K(1034240K), 0.0035694 secs]
296.800: Total time for which application threads were stopped: 0.0037275 seconds, Stopping threads took: 0.0000256 seconds
296.868: [GC (Allocation Failure)  356272K->39918K(1033216K), 0.0055519 secs]
296.874: Total time for which application threads were stopped: 0.0057589 seconds, Stopping threads took: 0.0000284 seconds
296.941: [GC (Allocation Failure)  359406K->35984K(1033728K), 0.0046304 secs]
296.946: Total time for which application threads were stopped: 0.0048221 seconds, Stopping threads took: 0.0000204 seconds
297.014: [GC (Allocation Failure)  355472K->35760K(1034240K), 0.0038845 secs]
297.018: Total time for which application threads were stopped: 0.0040744 seconds, Stopping threads took: 0.0000310 seconds
297.085: [GC (Allocation Failure)  356272K->36014K(1034240K), 0.0039633 secs]
297.090: Total time for which application threads were stopped: 0.0041271 seconds, Stopping threads took: 0.0000199 seconds
297.157: [GC (Allocation Failure)  356526K->35920K(1034752K), 0.0036091 secs]
297.161: Total time for which application threads were stopped: 0.0037618 seconds, Stopping threads took: 0.0000198 seconds
297.229: [GC (Allocation Failure)  357456K->35760K(1034752K), 0.0037263 secs]
297.233: Total time for which application threads were stopped: 0.0038968 seconds, Stopping threads took: 0.0000201 seconds
297.298: [GC (Allocation Failure)  357296K->36270K(1035776K), 0.0038696 secs]
297.302: Total time for which application threads were stopped: 0.0040172 seconds, Stopping threads took: 0.0000203 seconds
297.370: [GC (Allocation Failure)  359342K->35920K(1035264K), 0.0035235 secs]
297.373: Total time for which application threads were stopped: 0.0036845 seconds, Stopping threads took: 0.0000240 seconds
297.441: [GC (Allocation Failure)  358992K->35760K(1035776K), 0.0037573 secs]
297.445: Total time for which application threads were stopped: 0.0039107 seconds, Stopping threads took: 0.0000194 seconds
297.512: [GC (Allocation Failure)  359344K->42566K(1035776K), 0.0067857 secs]
297.519: Total time for which application threads were stopped: 0.0069348 seconds, Stopping threads took: 0.0000281 seconds
297.586: [GC (Allocation Failure)  366150K->37928K(1032704K), 0.0036987 secs]
297.590: Total time for which application threads were stopped: 0.0038513 seconds, Stopping threads took: 0.0000201 seconds
297.660: [GC (Allocation Failure)  358440K->37832K(1034240K), 0.0034281 secs]
297.663: Total time for which application threads were stopped: 0.0035898 seconds, Stopping threads took: 0.0000194 seconds
297.730: [GC (Allocation Failure)  358344K->45862K(1030656K), 0.0073251 secs]
297.738: Total time for which application threads were stopped: 0.0074855 seconds, Stopping threads took: 0.0000191 seconds
297.805: [GC (Allocation Failure)  363302K->40104K(1032704K), 0.0035374 secs]
297.809: Total time for which application threads were stopped: 0.0037056 seconds, Stopping threads took: 0.0000270 seconds
297.878: [GC (Allocation Failure)  357544K->40104K(1033216K), 0.0037585 secs]
297.882: Total time for which application threads were stopped: 0.0039182 seconds, Stopping threads took: 0.0000198 seconds
297.948: [GC (Allocation Failure)  358056K->37574K(1032704K), 0.0027613 secs]
297.950: Total time for which application threads were stopped: 0.0029305 seconds, Stopping threads took: 0.0000191 seconds
298.019: [GC (Allocation Failure)  355526K->40328K(1033728K), 0.0038520 secs]
298.023: Total time for which application threads were stopped: 0.0040307 seconds, Stopping threads took: 0.0000274 seconds
298.089: [GC (Allocation Failure)  359304K->40136K(1033216K), 0.0038873 secs]
298.093: Total time for which application threads were stopped: 0.0040497 seconds, Stopping threads took: 0.0000200 seconds
298.159: [GC (Allocation Failure)  359112K->42280K(1032704K), 0.0039530 secs]
298.163: Total time for which application threads were stopped: 0.0041080 seconds, Stopping threads took: 0.0000275 seconds
298.228: [GC (Allocation Failure)  360744K->48203K(1033216K), 0.0035748 secs]
298.232: Total time for which application threads were stopped: 0.0037364 seconds, Stopping threads took: 0.0000199 seconds
298.299: [GC (Allocation Failure)  366667K->48139K(1034752K), 0.0036583 secs]
298.302: Total time for which application threads were stopped: 0.0038247 seconds, Stopping threads took: 0.0000279 seconds
298.369: [GC (Allocation Failure)  368651K->48459K(1033728K), 0.0038258 secs]
298.373: Total time for which application threads were stopped: 0.0039730 seconds, Stopping threads took: 0.0000202 seconds
298.437: [GC (Allocation Failure)  368971K->56301K(1034240K), 0.0037057 secs]
298.441: Total time for which application threads were stopped: 0.0038457 seconds, Stopping threads took: 0.0000206 seconds
298.504: [GC (Allocation Failure)  376301K->56173K(1033728K), 0.0035534 secs]
298.508: Total time for which application threads were stopped: 0.0037170 seconds, Stopping threads took: 0.0000252 seconds
298.571: [GC (Allocation Failure)  376173K->57701K(1033728K), 0.0038287 secs]
298.575: Total time for which application threads were stopped: 0.0039638 seconds, Stopping threads took: 0.0000166 seconds
298.640: [GC (Allocation Failure)  378213K->64231K(1034240K), 0.0037526 secs]
298.644: Total time for which application threads were stopped: 0.0039262 seconds, Stopping threads took: 0.0000197 seconds
298.712: [GC (Allocation Failure)  384743K->64199K(1034752K), 0.0035587 secs]
298.716: Total time for which application threads were stopped: 0.0037082 seconds, Stopping threads took: 0.0000166 seconds
298.780: [GC (Allocation Failure)  385735K->64935K(1021952K), 0.0037612 secs]
298.784: Total time for which application threads were stopped: 0.0039043 seconds, Stopping threads took: 0.0000197 seconds
298.850: [GC (Allocation Failure)  386471K->72297K(1034752K), 0.0037533 secs]
298.854: Total time for which application threads were stopped: 0.0039079 seconds, Stopping threads took: 0.0000271 seconds
298.919: [GC (Allocation Failure)  393321K->72233K(1034240K), 0.0036805 secs]
298.923: Total time for which application threads were stopped: 0.0038312 seconds, Stopping threads took: 0.0000204 seconds
298.985: [GC (Allocation Failure)  393257K->73089K(1033728K), 0.0039033 secs]
298.989: Total time for which application threads were stopped: 0.0040496 seconds, Stopping threads took: 0.0000222 seconds
299.053: [GC (Allocation Failure)  393601K->80260K(1034240K), 0.0038213 secs]
299.057: Total time for which application threads were stopped: 0.0040103 seconds, Stopping threads took: 0.0000248 seconds
299.121: [GC (Allocation Failure)  400772K->80292K(1034752K), 0.0036333 secs]
299.125: Total time for which application threads were stopped: 0.0037828 seconds, Stopping threads took: 0.0000199 seconds
299.188: [GC (Allocation Failure)  401316K->83788K(1034240K), 0.0045437 secs]
299.193: Total time for which application threads were stopped: 0.0046880 seconds, Stopping threads took: 0.0000278 seconds
299.258: [GC (Allocation Failure)  404812K->88334K(1034752K), 0.0036244 secs]
299.262: Total time for which application threads were stopped: 0.0037759 seconds, Stopping threads took: 0.0000205 seconds
299.330: [GC (Allocation Failure)  409870K->88302K(1034752K), 0.0036043 secs]
299.333: Total time for which application threads were stopped: 0.0037349 seconds, Stopping threads took: 0.0000191 seconds
299.396: [GC (Allocation Failure)  409838K->88462K(1034752K), 0.0037651 secs]
299.400: Total time for which application threads were stopped: 0.0039052 seconds, Stopping threads took: 0.0000280 seconds
299.464: [GC (Allocation Failure)  409998K->96400K(1034752K), 0.0038845 secs]
299.468: Total time for which application threads were stopped: 0.0040188 seconds, Stopping threads took: 0.0000196 seconds
299.532: [GC (Allocation Failure)  417936K->96336K(1034752K), 0.0037042 secs]
299.536: Total time for which application threads were stopped: 0.0038554 seconds, Stopping threads took: 0.0000251 seconds
299.600: [GC (Allocation Failure)  417872K->97608K(1022464K), 0.0038481 secs]
299.604: Total time for which application threads were stopped: 0.0039748 seconds, Stopping threads took: 0.0000167 seconds
299.671: [GC (Allocation Failure)  419144K->104427K(1034240K), 0.0041435 secs]
299.676: Total time for which application threads were stopped: 0.0042834 seconds, Stopping threads took: 0.0000169 seconds
299.743: [GC (Allocation Failure)  424939K->104363K(1034240K), 0.0040099 secs]
299.747: Total time for which application threads were stopped: 0.0041901 seconds, Stopping threads took: 0.0000282 seconds
299.815: [GC (Allocation Failure)  424875K->104811K(1034240K), 0.0038093 secs]
299.819: Total time for which application threads were stopped: 0.0039702 seconds, Stopping threads took: 0.0000199 seconds
299.884: [GC (Allocation Failure)  425323K->112397K(1034240K), 0.0037550 secs]
299.888: Total time for which application threads were stopped: 0.0039201 seconds, Stopping threads took: 0.0000202 seconds
299.956: [GC (Allocation Failure)  432909K->112397K(1034240K), 0.0039640 secs]
299.960: Total time for which application threads were stopped: 0.0041196 seconds, Stopping threads took: 0.0000197 seconds
300.024: [GC (Allocation Failure)  432909K->115109K(1034240K), 0.0042847 secs]
300.029: Total time for which application threads were stopped: 0.0044364 seconds, Stopping threads took: 0.0000194 seconds
300.096: [GC (Allocation Failure)  435621K->120487K(1034240K), 0.0038098 secs]
300.099: Total time for which application threads were stopped: 0.0039937 seconds, Stopping threads took: 0.0000207 seconds
300.168: [GC (Allocation Failure)  440999K->120423K(1034240K), 0.0039052 secs]
300.172: Total time for which application threads were stopped: 0.0040733 seconds, Stopping threads took: 0.0000197 seconds
300.238: [GC (Allocation Failure)  440935K->121255K(1034240K), 0.0037967 secs]
300.242: Total time for which application threads were stopped: 0.0039428 seconds, Stopping threads took: 0.0000197 seconds
300.309: [GC (Allocation Failure)  441767K->128457K(1034240K), 0.0037167 secs]
300.313: Total time for which application threads were stopped: 0.0038799 seconds, Stopping threads took: 0.0000259 seconds
300.379: [GC (Allocation Failure)  448969K->128457K(1034240K), 0.0037512 secs]
300.383: Total time for which application threads were stopped: 0.0038927 seconds, Stopping threads took: 0.0000192 seconds
300.448: [GC (Allocation Failure)  448969K->131561K(1034240K), 0.0043739 secs]
300.452: Total time for which application threads were stopped: 0.0045136 seconds, Stopping threads took: 0.0000187 seconds
300.518: [GC (Allocation Failure)  452073K->136588K(1034752K), 0.0037939 secs]
300.521: Total time for which application threads were stopped: 0.0039395 seconds, Stopping threads took: 0.0000198 seconds
300.587: [GC (Allocation Failure)  458124K->136492K(1034752K), 0.0036888 secs]
300.591: Total time for which application threads were stopped: 0.0038370 seconds, Stopping threads took: 0.0000192 seconds
300.660: [GC (Allocation Failure)  458028K->139788K(1034752K), 0.0044736 secs]
300.664: Total time for which application threads were stopped: 0.0046546 seconds, Stopping threads took: 0.0000193 seconds
300.732: [GC (Allocation Failure)  461324K->144558K(1034752K), 0.0038702 secs]
300.736: Total time for which application threads were stopped: 0.0040295 seconds, Stopping threads took: 0.0000207 seconds
300.803: [GC (Allocation Failure)  466094K->144558K(1034752K), 0.0036832 secs]
300.807: Total time for which application threads were stopped: 0.0038425 seconds, Stopping threads took: 0.0000288 seconds
300.870: [GC (Allocation Failure)  466094K->144966K(1034752K), 0.0040897 secs]
300.874: Total time for which application threads were stopped: 0.0042329 seconds, Stopping threads took: 0.0000216 seconds
300.940: [GC (Allocation Failure)  466502K->152616K(1033728K), 0.0038569 secs]
300.943: Total time for which application threads were stopped: 0.0040003 seconds, Stopping threads took: 0.0000193 seconds
301.007: [GC (Allocation Failure)  473128K->152552K(1034240K), 0.0038697 secs]
301.011: Total time for which application threads were stopped: 0.0039967 seconds, Stopping threads took: 0.0000183 seconds
301.075: [GC (Allocation Failure)  473064K->156264K(1034752K), 0.0046247 secs]
301.080: Total time for which application threads were stopped: 0.0047750 seconds, Stopping threads took: 0.0000273 seconds
301.145: [GC (Allocation Failure)  477288K->160682K(1034240K), 0.0039181 secs]
301.149: Total time for which application threads were stopped: 0.0040550 seconds, Stopping threads took: 0.0000212 seconds
301.213: [GC (Allocation Failure)  481706K->160586K(1034752K), 0.0037830 secs]
301.216: Total time for which application threads were stopped: 0.0039154 seconds, Stopping threads took: 0.0000190 seconds
301.280: [GC (Allocation Failure)  482122K->164490K(1034752K), 0.0047107 secs]
301.284: Total time for which application threads were stopped: 0.0048502 seconds, Stopping threads took: 0.0000248 seconds
301.348: [GC (Allocation Failure)  486026K->168717K(1035264K), 0.0040589 secs]
301.353: Total time for which application threads were stopped: 0.0041970 seconds, Stopping threads took: 0.0000187 seconds
301.416: [GC (Allocation Failure)  491277K->168621K(1035264K), 0.0039643 secs]
301.420: Total time for which application threads were stopped: 0.0041063 seconds, Stopping threads took: 0.0000185 seconds
301.482: [GC (Allocation Failure)  491181K->171693K(1035264K), 0.0045761 secs]
301.487: Total time for which application threads were stopped: 0.0047296 seconds, Stopping threads took: 0.0000185 seconds
301.552: [GC (Allocation Failure)  494253K->176719K(1035264K), 0.0040902 secs]
301.556: Total time for which application threads were stopped: 0.0042399 seconds, Stopping threads took: 0.0000236 seconds
301.625: [GC (Allocation Failure)  499279K->176655K(1035264K), 0.0044161 secs]
301.629: Total time for which application threads were stopped: 0.0045703 seconds, Stopping threads took: 0.0000250 seconds
301.696: [GC (Allocation Failure)  499215K->179943K(1035264K), 0.0046892 secs]
301.701: Total time for which application threads were stopped: 0.0048509 seconds, Stopping threads took: 0.0000195 seconds
301.769: [GC (Allocation Failure)  502503K->184713K(1035264K), 0.0042383 secs]
301.774: Total time for which application threads were stopped: 0.0044305 seconds, Stopping threads took: 0.0000195 seconds
301.843: [GC (Allocation Failure)  507273K->184681K(1035264K), 0.0041156 secs]
301.847: Total time for which application threads were stopped: 0.0042729 seconds, Stopping threads took: 0.0000191 seconds
301.916: [GC (Allocation Failure)  507241K->188201K(1035264K), 0.0046221 secs]
301.920: Total time for which application threads were stopped: 0.0048017 seconds, Stopping threads took: 0.0000278 seconds
301.990: [GC (Allocation Failure)  510761K->192747K(1035264K), 0.0040149 secs]
301.994: Total time for which application threads were stopped: 0.0041743 seconds, Stopping threads took: 0.0000196 seconds
302.062: [GC (Allocation Failure)  515307K->192715K(1035264K), 0.0040176 secs]
302.066: Total time for which application threads were stopped: 0.0041783 seconds, Stopping threads took: 0.0000190 seconds
302.134: [GC (Allocation Failure)  515275K->196427K(1035264K), 0.0047459 secs]
302.138: Total time for which application threads were stopped: 0.0048957 seconds, Stopping threads took: 0.0000165 seconds
302.208: [GC (Allocation Failure)  518987K->200910K(1035776K), 0.0043603 secs]
302.213: Total time for which application threads were stopped: 0.0045415 seconds, Stopping threads took: 0.0000196 seconds
302.281: [GC (Allocation Failure)  524494K->200782K(1035776K), 0.0038950 secs]
302.285: Total time for which application threads were stopped: 0.0040639 seconds, Stopping threads took: 0.0000270 seconds
302.352: [GC (Allocation Failure)  524366K->198667K(1036288K), 0.0031572 secs]
302.355: Total time for which application threads were stopped: 0.0033047 seconds, Stopping threads took: 0.0000272 seconds
302.424: [GC (Allocation Failure)  522763K->200846K(1035776K), 0.0041358 secs]
302.428: Total time for which application threads were stopped: 0.0042920 seconds, Stopping threads took: 0.0000190 seconds
302.495: [GC (Allocation Failure)  524942K->200750K(1036288K), 0.0041994 secs]
302.499: Total time for which application threads were stopped: 0.0043867 seconds, Stopping threads took: 0.0000197 seconds
302.567: [GC (Allocation Failure)  525358K->208043K(1036288K), 0.0074353 secs]
302.575: Total time for which application threads were stopped: 0.0075815 seconds, Stopping threads took: 0.0000170 seconds
302.645: [GC (Allocation Failure)  532651K->203854K(1032192K), 0.0042233 secs]
302.650: Total time for which application threads were stopped: 0.0044033 seconds, Stopping threads took: 0.0000169 seconds
302.718: [GC (Allocation Failure)  524366K->203790K(1034240K), 0.0040360 secs]
302.722: Total time for which application threads were stopped: 0.0042082 seconds, Stopping threads took: 0.0000206 seconds
302.790: [GC (Allocation Failure)  524302K->197003K(1033728K), 0.0012665 secs]
302.791: Total time for which application threads were stopped: 0.0014028 seconds, Stopping threads took: 0.0000277 seconds
302.859: [GC (Allocation Failure)  517515K->203854K(1034240K), 0.0041630 secs]
302.863: Total time for which application threads were stopped: 0.0043383 seconds, Stopping threads took: 0.0000252 seconds
302.930: [GC (Allocation Failure)  524366K->207966K(1035264K), 0.0050279 secs]
302.936: Total time for which application threads were stopped: 0.0052157 seconds, Stopping threads took: 0.0000205 seconds
303.003: [GC (Allocation Failure)  530014K->200859K(1034752K), 0.0013427 secs]
303.004: Total time for which application threads were stopped: 0.0014682 seconds, Stopping threads took: 0.0000199 seconds
303.074: [GC (Allocation Failure)  522907K->208190K(1035264K), 0.0040859 secs]
303.079: Total time for which application threads were stopped: 0.0042586 seconds, Stopping threads took: 0.0000201 seconds
303.147: [GC (Allocation Failure)  530238K->212110K(1034752K), 0.0052813 secs]
303.152: Total time for which application threads were stopped: 0.0054456 seconds, Stopping threads took: 0.0000199 seconds
303.220: [GC (Allocation Failure)  534158K->207755K(1035264K), 0.0025169 secs]
303.222: Total time for which application threads were stopped: 0.0026829 seconds, Stopping threads took: 0.0000199 seconds
303.290: [GC (Allocation Failure)  530315K->212286K(1035264K), 0.0047997 secs]
303.295: Total time for which application threads were stopped: 0.0049704 seconds, Stopping threads took: 0.0000271 seconds
303.363: [GC (Allocation Failure)  534846K->216222K(1035776K), 0.0040957 secs]
303.367: Total time for which application threads were stopped: 0.0042667 seconds, Stopping threads took: 0.0000204 seconds
303.434: [GC (Allocation Failure)  539806K->216254K(1035776K), 0.0039501 secs]
303.438: Total time for which application threads were stopped: 0.0041110 seconds, Stopping threads took: 0.0000202 seconds
303.504: [GC (Allocation Failure)  539838K->216374K(1034752K), 0.0060564 secs]
303.510: Total time for which application threads were stopped: 0.0062265 seconds, Stopping threads took: 0.0000198 seconds
303.578: [GC (Allocation Failure)  538934K->224312K(1035264K), 0.0040867 secs]
303.582: Total time for which application threads were stopped: 0.0042747 seconds, Stopping threads took: 0.0000218 seconds
303.652: [GC (Allocation Failure)  546872K->224312K(1035264K), 0.0042327 secs]
303.656: Total time for which application threads were stopped: 0.0044016 seconds, Stopping threads took: 0.0000197 seconds
303.725: [GC (Allocation Failure)  546872K->224336K(1022464K), 0.0041079 secs]
303.729: Total time for which application threads were stopped: 0.0042795 seconds, Stopping threads took: 0.0000222 seconds
303.797: [GC (Allocation Failure)  546896K->232306K(1034752K), 0.0039229 secs]
303.801: Total time for which application threads were stopped: 0.0040986 seconds, Stopping threads took: 0.0000260 seconds
303.869: [GC (Allocation Failure)  553842K->232306K(1034752K), 0.0037597 secs]
303.873: Total time for which application threads were stopped: 0.0039547 seconds, Stopping threads took: 0.0000205 seconds
303.940: [GC (Allocation Failure)  553842K->232586K(1033728K), 0.0040314 secs]
303.944: Total time for which application threads were stopped: 0.0041791 seconds, Stopping threads took: 0.0000167 seconds
304.014: [GC (Allocation Failure)  553098K->240365K(1034240K), 0.0045080 secs]
304.019: Total time for which application threads were stopped: 0.0046998 seconds, Stopping threads took: 0.0000198 seconds
304.086: [GC (Allocation Failure)  560877K->240365K(1034240K), 0.0040512 secs]
304.090: Total time for which application threads were stopped: 0.0042159 seconds, Stopping threads took: 0.0000201 seconds
304.157: [GC (Allocation Failure)  560877K->240357K(1034240K), 0.0041883 secs]
304.162: Total time for which application threads were stopped: 0.0043796 seconds, Stopping threads took: 0.0000196 seconds
304.229: [GC (Allocation Failure)  560869K->248359K(1033216K), 0.0041296 secs]
304.234: Total time for which application threads were stopped: 0.0042836 seconds, Stopping threads took: 0.0000197 seconds
304.299: [GC (Allocation Failure)  567847K->248359K(1033728K), 0.0041987 secs]
304.303: Total time for which application threads were stopped: 0.0043675 seconds, Stopping threads took: 0.0000273 seconds
304.369: [GC (Allocation Failure)  567847K->248519K(1033728K), 0.0041864 secs]
304.373: Total time for which application threads were stopped: 0.0043355 seconds, Stopping threads took: 0.0000200 seconds
304.439: [GC (Allocation Failure)  568007K->256425K(1033728K), 0.0041955 secs]
304.444: Total time for which application threads were stopped: 0.0043694 seconds, Stopping threads took: 0.0000201 seconds
304.509: [GC (Allocation Failure)  575913K->256393K(1033728K), 0.0040698 secs]
304.513: Total time for which application threads were stopped: 0.0042512 seconds, Stopping threads took: 0.0000194 seconds
304.581: [GC (Allocation Failure)  575881K->256521K(1033728K), 0.0042977 secs]
304.585: Total time for which application threads were stopped: 0.0044467 seconds, Stopping threads took: 0.0000203 seconds
304.654: [GC (Allocation Failure)  576009K->264427K(1033728K), 0.0042639 secs]
304.658: Total time for which application threads were stopped: 0.0044144 seconds, Stopping threads took: 0.0000167 seconds
304.725: [GC (Allocation Failure)  583915K->260457K(1033728K), 0.0028992 secs]
304.728: Total time for which application threads were stopped: 0.0030604 seconds, Stopping threads took: 0.0000198 seconds
304.797: [GC (Allocation Failure)  579945K->264491K(1034752K), 0.0042146 secs]
304.802: Total time for which application threads were stopped: 0.0043877 seconds, Stopping threads took: 0.0000255 seconds
304.870: [GC (Allocation Failure)  585515K->268595K(1034240K), 0.0041696 secs]
304.875: Total time for which application threads were stopped: 0.0043530 seconds, Stopping threads took: 0.0000254 seconds
304.941: [GC (Allocation Failure)  589619K->262769K(1034752K), 0.0019433 secs]
304.943: Total time for which application threads were stopped: 0.0020860 seconds, Stopping threads took: 0.0000202 seconds
305.011: [GC (Allocation Failure)  584305K->268827K(1034752K), 0.0042495 secs]
305.015: Total time for which application threads were stopped: 0.0043962 seconds, Stopping threads took: 0.0000204 seconds
305.080: [GC (Allocation Failure)  590363K->272739K(1035264K), 0.0045707 secs]
305.085: Total time for which application threads were stopped: 0.0047274 seconds, Stopping threads took: 0.0000201 seconds
305.150: [GC (Allocation Failure)  595299K->268801K(1035264K), 0.0032027 secs]
305.153: Total time for which application threads were stopped: 0.0033412 seconds, Stopping threads took: 0.0000192 seconds
305.219: [GC (Allocation Failure)  591361K->272875K(1036288K), 0.0041472 secs]
305.223: Total time for which application threads were stopped: 0.0042995 seconds, Stopping threads took: 0.0000194 seconds
305.289: [GC (Allocation Failure)  596971K->276875K(1035776K), 0.0041820 secs]
305.293: Total time for which application threads were stopped: 0.0043322 seconds, Stopping threads took: 0.0000202 seconds
305.359: [GC (Allocation Failure)  600971K->276875K(1035776K), 0.0041204 secs]
305.363: Total time for which application threads were stopped: 0.0042859 seconds, Stopping threads took: 0.0000205 seconds
305.429: [GC (Allocation Failure)  600459K->276899K(1023488K), 0.0064009 secs]
305.435: Total time for which application threads were stopped: 0.0065581 seconds, Stopping threads took: 0.0000199 seconds
305.501: [GC (Allocation Failure)  600483K->284902K(1034240K), 0.0040592 secs]
305.506: Total time for which application threads were stopped: 0.0042000 seconds, Stopping threads took: 0.0000192 seconds
305.570: [GC (Allocation Failure)  606438K->284870K(1034752K), 0.0041677 secs]
305.574: Total time for which application threads were stopped: 0.0043326 seconds, Stopping threads took: 0.0000197 seconds
305.643: [GC (Allocation Failure)  606406K->284934K(1034752K), 0.0041943 secs]
305.647: Total time for which application threads were stopped: 0.0043544 seconds, Stopping threads took: 0.0000200 seconds
305.717: [GC (Allocation Failure)  606470K->292904K(1029120K), 0.0041661 secs]
305.721: Total time for which application threads were stopped: 0.0043450 seconds, Stopping threads took: 0.0000278 seconds
305.788: [GC (Allocation Failure)  614440K->292936K(1034240K), 0.0040954 secs]
305.792: Total time for which application threads were stopped: 0.0042661 seconds, Stopping threads took: 0.0000260 seconds
305.860: [GC (Allocation Failure)  613448K->293160K(1034240K), 0.0043342 secs]
305.864: Total time for which application threads were stopped: 0.0045050 seconds, Stopping threads took: 0.0000200 seconds
305.932: [GC (Allocation Failure)  613672K->300970K(1034240K), 0.0043371 secs]
305.937: Total time for which application threads were stopped: 0.0045136 seconds, Stopping threads took: 0.0000217 seconds
306.004: [GC (Allocation Failure)  621482K->300938K(1028096K), 0.0043643 secs]
306.009: Total time for which application threads were stopped: 0.0045301 seconds, Stopping threads took: 0.0000202 seconds
306.076: [GC (Allocation Failure)  621450K->301386K(1033728K), 0.0042013 secs]
306.080: Total time for which application threads were stopped: 0.0044088 seconds, Stopping threads took: 0.0000289 seconds
306.147: [GC (Allocation Failure)  620874K->309004K(1033728K), 0.0043497 secs]
306.152: Total time for which application threads were stopped: 0.0045243 seconds, Stopping threads took: 0.0000199 seconds
306.221: [GC (Allocation Failure)  628492K->308972K(1033728K), 0.0043056 secs]
306.225: Total time for which application threads were stopped: 0.0044985 seconds, Stopping threads took: 0.0000195 seconds
306.290: [GC (Allocation Failure)  628460K->309100K(1033728K), 0.0042739 secs]
306.295: Total time for which application threads were stopped: 0.0044301 seconds, Stopping threads took: 0.0000261 seconds
306.362: [GC (Allocation Failure)  628588K->317007K(1033728K), 0.0043882 secs]
306.366: Total time for which application threads were stopped: 0.0045471 seconds, Stopping threads took: 0.0000198 seconds
306.432: [GC (Allocation Failure)  636493K->313100K(1033728K), 0.0032478 secs]
306.436: Total time for which application threads were stopped: 0.0034099 seconds, Stopping threads took: 0.0000194 seconds
306.503: [GC (Allocation Failure)  632588K->317135K(1034752K), 0.0043832 secs]
306.507: Total time for which application threads were stopped: 0.0045549 seconds, Stopping threads took: 0.0000189 seconds
306.575: [GC (Allocation Failure)  638159K->321103K(1034240K), 0.0043358 secs]
306.580: Total time for which application threads were stopped: 0.0045274 seconds, Stopping threads took: 0.0000199 seconds
306.647: [GC (Allocation Failure)  642127K->315404K(1034752K), 0.0020185 secs]
306.649: Total time for which application threads were stopped: 0.0021684 seconds, Stopping threads took: 0.0000196 seconds
306.716: [GC (Allocation Failure)  636940K->321199K(1034752K), 0.0042060 secs]
306.720: Total time for which application threads were stopped: 0.0043666 seconds, Stopping threads took: 0.0000188 seconds
306.786: [GC (Allocation Failure)  642735K->325279K(1034752K), 0.0046835 secs]
306.791: Total time for which application threads were stopped: 0.0048519 seconds, Stopping threads took: 0.0000192 seconds
306.858: [GC (Allocation Failure)  647577K->321340K(1035264K), 0.0030841 secs]
306.862: Total time for which application threads were stopped: 0.0032682 seconds, Stopping threads took: 0.0000283 seconds
306.929: [GC (Allocation Failure)  643900K->325431K(1036288K), 0.0042695 secs]
306.933: Total time for which application threads were stopped: 0.0044281 seconds, Stopping threads took: 0.0000201 seconds
307.001: [GC (Allocation Failure)  649527K->329399K(1035776K), 0.0048875 secs]
307.006: Total time for which application threads were stopped: 0.0050517 seconds, Stopping threads took: 0.0000198 seconds
307.073: [GC (Allocation Failure)  653495K->329399K(1035776K), 0.0044717 secs]
307.077: Total time for which application threads were stopped: 0.0046402 seconds, Stopping threads took: 0.0000201 seconds
307.145: [GC (Allocation Failure)  652983K->329463K(1023488K), 0.0042040 secs]
307.149: Total time for which application threads were stopped: 0.0043620 seconds, Stopping threads took: 0.0000197 seconds
307.217: [GC (Allocation Failure)  653047K->337465K(1035264K), 0.0043922 secs]
307.221: Total time for which application threads were stopped: 0.0045534 seconds, Stopping threads took: 0.0000197 seconds
307.290: [GC (Allocation Failure)  660025K->337433K(1030144K), 0.0040882 secs]
307.294: Total time for which application threads were stopped: 0.0042589 seconds, Stopping threads took: 0.0000280 seconds
307.361: [GC (Allocation Failure)  659993K->337497K(1034752K), 0.0041654 secs]
307.365: Total time for which application threads were stopped: 0.0043267 seconds, Stopping threads took: 0.0000195 seconds
307.433: [GC (Allocation Failure)  659033K->345499K(1029120K), 0.0045300 secs]
307.437: Total time for which application threads were stopped: 0.0046906 seconds, Stopping threads took: 0.0000195 seconds
307.504: [GC (Allocation Failure)  667035K->345467K(1034240K), 0.0040687 secs]
307.509: Total time for which application threads were stopped: 0.0042728 seconds, Stopping threads took: 0.0000200 seconds
307.578: [GC (Allocation Failure)  665979K->345723K(1034240K), 0.0044872 secs]
307.582: Total time for which application threads were stopped: 0.0046441 seconds, Stopping threads took: 0.0000170 seconds
307.651: [GC (Allocation Failure)  666235K->353533K(1034240K), 0.0043656 secs]
307.655: Total time for which application threads were stopped: 0.0045623 seconds, Stopping threads took: 0.0000198 seconds
307.724: [GC (Allocation Failure)  674045K->353501K(1034240K), 0.0043866 secs]
307.729: Total time for which application threads were stopped: 0.0045492 seconds, Stopping threads took: 0.0000172 seconds
307.797: [GC (Allocation Failure)  674013K->353949K(1033216K), 0.0042674 secs]
307.802: Total time for which application threads were stopped: 0.0044544 seconds, Stopping threads took: 0.0000271 seconds
307.868: [GC (Allocation Failure)  673437K->361568K(1033728K), 0.0044627 secs]
307.873: Total time for which application threads were stopped: 0.0046445 seconds, Stopping threads took: 0.0000278 seconds
307.942: [GC (Allocation Failure)  681056K->361536K(1033728K), 0.0042226 secs]
307.946: Total time for which application threads were stopped: 0.0043718 seconds, Stopping threads took: 0.0000170 seconds
308.011: [GC (Allocation Failure)  681024K->361672K(1033728K), 0.0043451 secs]
308.015: Total time for which application threads were stopped: 0.0045256 seconds, Stopping threads took: 0.0000196 seconds
308.083: [GC (Allocation Failure)  681160K->369578K(1033728K), 0.0044407 secs]
308.087: Total time for which application threads were stopped: 0.0046212 seconds, Stopping threads took: 0.0000225 seconds
308.155: [GC (Allocation Failure)  689066K->369610K(1033728K), 0.0043761 secs]
308.159: Total time for which application threads were stopped: 0.0045480 seconds, Stopping threads took: 0.0000205 seconds
308.225: [GC (Allocation Failure)  689098K->369642K(1033728K), 0.0044383 secs]
308.230: Total time for which application threads were stopped: 0.0045988 seconds, Stopping threads took: 0.0000191 seconds
308.297: [GC (Allocation Failure)  689130K->377612K(1027072K), 0.0044986 secs]
308.302: Total time for which application threads were stopped: 0.0046639 seconds, Stopping threads took: 0.0000262 seconds
308.366: [GC (Allocation Failure)  697100K->373706K(1034240K), 0.0032177 secs]
308.370: Total time for which application threads were stopped: 0.0034097 seconds, Stopping threads took: 0.0000197 seconds
308.439: [GC (Allocation Failure)  693194K->377772K(1033216K), 0.0043681 secs]
308.443: Total time for which application threads were stopped: 0.0045515 seconds, Stopping threads took: 0.0000173 seconds
308.513: [GC (Allocation Failure)  697260K->381740K(1034752K), 0.0043286 secs]
308.517: Total time for which application threads were stopped: 0.0045085 seconds, Stopping threads took: 0.0000170 seconds
308.585: [GC (Allocation Failure)  703276K->374922K(1034752K), 0.0018124 secs]
308.587: Total time for which application threads were stopped: 0.0019463 seconds, Stopping threads took: 0.0000196 seconds
308.655: [GC (Allocation Failure)  696458K->381812K(1034752K), 0.0042112 secs]
308.660: Total time for which application threads were stopped: 0.0044070 seconds, Stopping threads took: 0.0000202 seconds
308.727: [GC (Allocation Failure)  703348K->385924K(1034752K), 0.0052514 secs]
308.732: Total time for which application threads were stopped: 0.0054325 seconds, Stopping threads took: 0.0000169 seconds
308.800: [GC (Allocation Failure)  707460K->380354K(1034752K), 0.0023315 secs]
308.803: Total time for which application threads were stopped: 0.0025025 seconds, Stopping threads took: 0.0000198 seconds
308.873: [GC (Allocation Failure)  701890K->386164K(1034752K), 0.0045419 secs]
308.877: Total time for which application threads were stopped: 0.0047060 seconds, Stopping threads took: 0.0000202 seconds
308.945: [GC (Allocation Failure)  707700K->390068K(1035264K), 0.0047218 secs]
308.949: Total time for which application threads were stopped: 0.0049034 seconds, Stopping threads took: 0.0000203 seconds
309.016: [GC (Allocation Failure)  712557K->386162K(1035264K), 0.0032896 secs]
309.020: Total time for which application threads were stopped: 0.0034442 seconds, Stopping threads took: 0.0000198 seconds
309.088: [GC (Allocation Failure)  708722K->390188K(1036288K), 0.0045541 secs]
309.093: Total time for which application threads were stopped: 0.0047149 seconds, Stopping threads took: 0.0000194 seconds
309.161: [GC (Allocation Failure)  714284K->394156K(1035776K), 0.0049107 secs]
309.166: Total time for which application threads were stopped: 0.0050809 seconds, Stopping threads took: 0.0000200 seconds
309.235: [GC (Allocation Failure)  718252K->394188K(1035776K), 0.0042681 secs]
309.240: Total time for which application threads were stopped: 0.0044461 seconds, Stopping threads took: 0.0000220 seconds
309.307: [GC (Allocation Failure)  717772K->394220K(1023488K), 0.0044999 secs]
309.312: Total time for which application threads were stopped: 0.0046677 seconds, Stopping threads took: 0.0000257 seconds
309.378: [GC (Allocation Failure)  717804K->402222K(1035264K), 0.0057911 secs]
309.384: Total time for which application threads were stopped: 0.0059672 seconds, Stopping threads took: 0.0000212 seconds
309.453: [GC (Allocation Failure)  724782K->402222K(1030144K), 0.0042880 secs]
309.457: Total time for which application threads were stopped: 0.0044695 seconds, Stopping threads took: 0.0000264 seconds
309.524: [GC (Allocation Failure)  724782K->402246K(1034752K), 0.0043366 secs]
309.529: Total time for which application threads were stopped: 0.0044941 seconds, Stopping threads took: 0.0000200 seconds
309.598: [GC (Allocation Failure)  723782K->410249K(1029120K), 0.0046179 secs]
309.602: Total time for which application threads were stopped: 0.0047759 seconds, Stopping threads took: 0.0000194 seconds
309.671: [GC (Allocation Failure)  731785K->410185K(1034240K), 0.0042610 secs]
309.675: Total time for which application threads were stopped: 0.0044508 seconds, Stopping threads took: 0.0000195 seconds
309.744: [GC (Allocation Failure)  730697K->410473K(1034240K), 0.0044412 secs]
309.748: Total time for which application threads were stopped: 0.0046003 seconds, Stopping threads took: 0.0000173 seconds
309.817: [GC (Allocation Failure)  730985K->418283K(1034240K), 0.0042731 secs]
309.821: Total time for which application threads were stopped: 0.0044407 seconds, Stopping threads took: 0.0000260 seconds
309.889: [GC (Allocation Failure)  738795K->418283K(1034240K), 0.0043565 secs]
309.894: Total time for which application threads were stopped: 0.0045387 seconds, Stopping threads took: 0.0000200 seconds
309.960: [GC (Allocation Failure)  738795K->418691K(1033216K), 0.0046680 secs]
309.965: Total time for which application threads were stopped: 0.0048407 seconds, Stopping threads took: 0.0000209 seconds
310.032: [GC (Allocation Failure)  738179K->426277K(1033728K), 0.0044680 secs]
310.037: Total time for which application threads were stopped: 0.0046411 seconds, Stopping threads took: 0.0000205 seconds
310.104: [GC (Allocation Failure)  745765K->426277K(1033728K), 0.0044767 secs]
310.109: Total time for which application threads were stopped: 0.0046496 seconds, Stopping threads took: 0.0000208 seconds
310.174: [GC (Allocation Failure)  745765K->426373K(1033728K), 0.0052179 secs]
310.179: Total time for which application threads were stopped: 0.0053920 seconds, Stopping threads took: 0.0000191 seconds
310.246: [GC (Allocation Failure)  745861K->434344K(1033728K), 0.0042676 secs]
310.251: Total time for which application threads were stopped: 0.0044277 seconds, Stopping threads took: 0.0000201 seconds
310.317: [GC (Allocation Failure)  753832K->434312K(1033728K), 0.0044805 secs]
310.322: Total time for which application threads were stopped: 0.0046514 seconds, Stopping threads took: 0.0000204 seconds
310.388: [GC (Allocation Failure)  753800K->434384K(1033728K), 0.0043371 secs]
310.393: Total time for which application threads were stopped: 0.0045302 seconds, Stopping threads took: 0.0000209 seconds
310.461: [GC (Allocation Failure)  753872K->442322K(1027072K), 0.0045933 secs]
310.466: Total time for which application threads were stopped: 0.0047702 seconds, Stopping threads took: 0.0000172 seconds
310.532: [GC (Allocation Failure)  761809K->438448K(1034240K), 0.0033372 secs]
310.535: Total time for which application threads were stopped: 0.0034753 seconds, Stopping threads took: 0.0000169 seconds
310.602: [GC (Allocation Failure)  757936K->442514K(1033216K), 0.0106839 secs]
310.613: Total time for which application threads were stopped: 0.0108353 seconds, Stopping threads took: 0.0000198 seconds
310.682: [GC (Allocation Failure)  762002K->446482K(1034752K), 0.0044915 secs]
310.686: Total time for which application threads were stopped: 0.0046621 seconds, Stopping threads took: 0.0000205 seconds
310.753: [GC (Allocation Failure)  768018K->439728K(1034752K), 0.0019465 secs]
310.755: Total time for which application threads were stopped: 0.0020819 seconds, Stopping threads took: 0.0000202 seconds
310.824: [GC (Allocation Failure)  761264K->446546K(1034752K), 0.0043598 secs]
310.829: Total time for which application threads were stopped: 0.0045217 seconds, Stopping threads took: 0.0000196 seconds
310.896: [GC (Allocation Failure)  768082K->450658K(1034752K), 0.0053351 secs]
310.902: Total time for which application threads were stopped: 0.0055046 seconds, Stopping threads took: 0.0000198 seconds
310.967: [GC (Allocation Failure)  772194K->445088K(1034752K), 0.0024120 secs]
310.969: Total time for which application threads were stopped: 0.0025728 seconds, Stopping threads took: 0.0000202 seconds
311.037: [GC (Allocation Failure)  766624K->450930K(1034752K), 0.0045183 secs]
311.041: Total time for which application threads were stopped: 0.0046725 seconds, Stopping threads took: 0.0000194 seconds
311.108: [GC (Allocation Failure)  772466K->454834K(1035264K), 0.0049271 secs]
311.113: Total time for which application threads were stopped: 0.0050933 seconds, Stopping threads took: 0.0000205 seconds
311.179: [GC (Allocation Failure)  777322K->450864K(1035264K), 0.0034035 secs]
311.183: Total time for which application threads were stopped: 0.0035457 seconds, Stopping threads took: 0.0000201 seconds
311.251: [GC (Allocation Failure)  773424K->454922K(1036288K), 0.0045468 secs]
311.256: Total time for which application threads were stopped: 0.0046953 seconds, Stopping threads took: 0.0000194 seconds
311.321: [GC (Allocation Failure)  779018K->458890K(1035776K), 0.0043475 secs]
311.326: Total time for which application threads were stopped: 0.0044981 seconds, Stopping threads took: 0.0000351 seconds
311.391: [GC (Allocation Failure)  782986K->458890K(1035776K), 0.0044861 secs]
311.396: Total time for which application threads were stopped: 0.0046403 seconds, Stopping threads took: 0.0000201 seconds
311.460: [GC (Allocation Failure)  782474K->458954K(1023488K), 0.0043992 secs]
311.465: Total time for which application threads were stopped: 0.0045413 seconds, Stopping threads took: 0.0000201 seconds
311.529: [GC (Allocation Failure)  782538K->466956K(1035264K), 0.0044785 secs]
311.534: Total time for which application threads were stopped: 0.0046159 seconds, Stopping threads took: 0.0000197 seconds
311.600: [GC (Allocation Failure)  789516K->466924K(1030144K), 0.0043293 secs]
311.604: Total time for which application threads were stopped: 0.0044936 seconds, Stopping threads took: 0.0000202 seconds
311.672: [GC (Allocation Failure)  789484K->466988K(1034752K), 0.0047053 secs]
311.677: Total time for which application threads were stopped: 0.0048835 seconds, Stopping threads took: 0.0000191 seconds
311.744: [GC (Allocation Failure)  788524K->474958K(1029120K), 0.0047661 secs]
311.749: Total time for which application threads were stopped: 0.0049381 seconds, Stopping threads took: 0.0000207 seconds
311.817: [GC (Allocation Failure)  796494K->474958K(1034240K), 0.0043045 secs]
311.821: Total time for which application threads were stopped: 0.0044903 seconds, Stopping threads took: 0.0000280 seconds
311.888: [GC (Allocation Failure)  795470K->475214K(1034240K), 0.0048285 secs]
311.893: Total time for which application threads were stopped: 0.0049899 seconds, Stopping threads took: 0.0000201 seconds
311.961: [GC (Allocation Failure)  795726K->483025K(1034240K), 0.0044639 secs]
311.965: Total time for which application threads were stopped: 0.0046275 seconds, Stopping threads took: 0.0000197 seconds
312.034: [GC (Allocation Failure)  803537K->483025K(1034240K), 0.0046462 secs]
312.039: Total time for which application threads were stopped: 0.0048050 seconds, Stopping threads took: 0.0000199 seconds
312.105: [GC (Allocation Failure)  803537K->483433K(1033216K), 0.0046074 secs]
312.110: Total time for which application threads were stopped: 0.0047712 seconds, Stopping threads took: 0.0000189 seconds
312.177: [GC (Allocation Failure)  802921K->491019K(1033728K), 0.0046570 secs]
312.182: Total time for which application threads were stopped: 0.0048089 seconds, Stopping threads took: 0.0000194 seconds
312.249: [GC (Allocation Failure)  810507K->490987K(1033728K), 0.0045821 secs]
312.253: Total time for which application threads were stopped: 0.0047433 seconds, Stopping threads took: 0.0000205 seconds
312.318: [GC (Allocation Failure)  810475K->491147K(1033728K), 0.0046576 secs]
312.323: Total time for which application threads were stopped: 0.0048395 seconds, Stopping threads took: 0.0000277 seconds
312.390: [GC (Allocation Failure)  810635K->499085K(1033728K), 0.0043742 secs]
312.394: Total time for which application threads were stopped: 0.0045633 seconds, Stopping threads took: 0.0000190 seconds
312.462: [GC (Allocation Failure)  818573K->499053K(1033728K), 0.0047887 secs]
312.467: Total time for which application threads were stopped: 0.0049534 seconds, Stopping threads took: 0.0000201 seconds
312.533: [GC (Allocation Failure)  818541K->499117K(1033728K), 0.0047276 secs]
312.538: Total time for which application threads were stopped: 0.0048952 seconds, Stopping threads took: 0.0000204 seconds
312.604: [GC (Allocation Failure)  818605K->507055K(1027072K), 0.0102361 secs]
312.615: Total time for which application threads were stopped: 0.0103896 seconds, Stopping threads took: 0.0000202 seconds
312.681: [GC (Allocation Failure)  826543K->503181K(1034240K), 0.0037087 secs]
312.684: Total time for which application threads were stopped: 0.0038937 seconds, Stopping threads took: 0.0000198 seconds
312.752: [GC (Allocation Failure)  822669K->507247K(1033216K), 0.0047809 secs]
312.757: Total time for which application threads were stopped: 0.0049575 seconds, Stopping threads took: 0.0000208 seconds
312.826: [GC (Allocation Failure)  826735K->511215K(1034752K), 0.0045997 secs]
312.831: Total time for which application threads were stopped: 0.0047601 seconds, Stopping threads took: 0.0000202 seconds
312.897: [GC (Allocation Failure)  832751K->504461K(1034752K), 0.0020922 secs]
312.900: Total time for which application threads were stopped: 0.0022331 seconds, Stopping threads took: 0.0000187 seconds
312.969: [GC (Allocation Failure)  825997K->511279K(1034752K), 0.0045967 secs]
312.973: Total time for which application threads were stopped: 0.0047627 seconds, Stopping threads took: 0.0000205 seconds
313.039: [GC (Allocation Failure)  832815K->515359K(1034752K), 0.0055531 secs]
313.045: Total time for which application threads were stopped: 0.0057256 seconds, Stopping threads took: 0.0000206 seconds
313.110: [GC (Allocation Failure)  836895K->509789K(1034752K), 0.0025448 secs]
313.113: Total time for which application threads were stopped: 0.0026940 seconds, Stopping threads took: 0.0000191 seconds
313.180: [GC (Allocation Failure)  831325K->515591K(1034752K), 0.0063470 secs]
313.186: Total time for which application threads were stopped: 0.0065113 seconds, Stopping threads took: 0.0000196 seconds
313.254: [GC (Allocation Failure)  837127K->519495K(1034752K), 0.0050928 secs]
313.259: Total time for which application threads were stopped: 0.0052762 seconds, Stopping threads took: 0.0000220 seconds
313.327: [GC (Allocation Failure)  841984K->515589K(1035264K), 0.0034267 secs]
313.330: Total time for which application threads were stopped: 0.0035758 seconds, Stopping threads took: 0.0000194 seconds
313.399: [GC (Allocation Failure)  838149K->519663K(1036288K), 0.0049232 secs]
313.404: Total time for which application threads were stopped: 0.0050970 seconds, Stopping threads took: 0.0000200 seconds
313.473: [GC (Allocation Failure)  843759K->523663K(1035776K), 0.0045996 secs]
313.478: Total time for which application threads were stopped: 0.0047653 seconds, Stopping threads took: 0.0000277 seconds
313.546: [GC (Allocation Failure)  847759K->523631K(1035776K), 0.0044602 secs]
313.551: Total time for which application threads were stopped: 0.0046168 seconds, Stopping threads took: 0.0000199 seconds
313.620: [GC (Allocation Failure)  847215K->523727K(1023488K), 0.0065560 secs]
313.626: Total time for which application threads were stopped: 0.0067283 seconds, Stopping threads took: 0.0000280 seconds
313.694: [GC (Allocation Failure)  847311K->531698K(1035264K), 0.0046374 secs]
313.698: Total time for which application threads were stopped: 0.0048114 seconds, Stopping threads took: 0.0000200 seconds
313.767: [GC (Allocation Failure)  854258K->531666K(1030144K), 0.0044177 secs]
313.772: Total time for which application threads were stopped: 0.0046006 seconds, Stopping threads took: 0.0000198 seconds
313.841: [GC (Allocation Failure)  854226K->531730K(1034752K), 0.0049424 secs]
313.846: Total time for which application threads were stopped: 0.0051157 seconds, Stopping threads took: 0.0000204 seconds
313.914: [GC (Allocation Failure)  853266K->539700K(1034752K), 0.0048994 secs]
313.919: Total time for which application threads were stopped: 0.0050803 seconds, Stopping threads took: 0.0000207 seconds
313.987: [GC (Allocation Failure)  861236K->539732K(1033728K), 0.0043744 secs]
313.991: Total time for which application threads were stopped: 0.0045392 seconds, Stopping threads took: 0.0000197 seconds
314.058: [GC (Allocation Failure)  860244K->539948K(1034240K), 0.0047953 secs]
314.063: Total time for which application threads were stopped: 0.0049618 seconds, Stopping threads took: 0.0000218 seconds
314.131: [GC (Allocation Failure)  860460K->547758K(1034240K), 0.0044141 secs]
314.135: Total time for which application threads were stopped: 0.0045842 seconds, Stopping threads took: 0.0000277 seconds
314.203: [GC (Allocation Failure)  868270K->547726K(1034240K), 0.0047242 secs]
314.208: Total time for which application threads were stopped: 0.0048874 seconds, Stopping threads took: 0.0000200 seconds
314.275: [GC (Allocation Failure)  868238K->548166K(1033216K), 0.0048701 secs]
314.280: Total time for which application threads were stopped: 0.0050385 seconds, Stopping threads took: 0.0000193 seconds
314.347: [GC (Allocation Failure)  867654K->555752K(1033728K), 0.0046499 secs]
314.352: Total time for which application threads were stopped: 0.0048103 seconds, Stopping threads took: 0.0000193 seconds
314.419: [GC (Allocation Failure)  875240K->555752K(1033728K), 0.0048517 secs]
314.424: Total time for which application threads were stopped: 0.0050246 seconds, Stopping threads took: 0.0000197 seconds
314.489: [GC (Allocation Failure)  875240K->555880K(1033728K), 0.0047915 secs]
314.494: Total time for which application threads were stopped: 0.0049641 seconds, Stopping threads took: 0.0000198 seconds
314.561: [GC (Allocation Failure)  875368K->563787K(1033728K), 0.0046755 secs]
314.566: Total time for which application threads were stopped: 0.0048653 seconds, Stopping threads took: 0.0000197 seconds
314.635: [GC (Allocation Failure)  883275K->563787K(1033728K), 0.0046869 secs]
314.640: Total time for which application threads were stopped: 0.0048408 seconds, Stopping threads took: 0.0000175 seconds
314.706: [GC (Allocation Failure)  883275K->563851K(1033728K), 0.0048587 secs]
314.711: Total time for which application threads were stopped: 0.0050274 seconds, Stopping threads took: 0.0000187 seconds
314.780: [GC (Allocation Failure)  883339K->571821K(1027072K), 0.0047288 secs]
314.785: Total time for which application threads were stopped: 0.0049029 seconds, Stopping threads took: 0.0000211 seconds
314.851: [GC (Allocation Failure)  891309K->567947K(1034240K), 0.0036766 secs]
314.854: Total time for which application threads were stopped: 0.0038355 seconds, Stopping threads took: 0.0000259 seconds
314.922: [GC (Allocation Failure)  887435K->571981K(1033216K), 0.0046741 secs]
314.927: Total time for which application threads were stopped: 0.0048484 seconds, Stopping threads took: 0.0000284 seconds
314.995: [GC (Allocation Failure)  891469K->575949K(1034752K), 0.0045832 secs]
314.999: Total time for which application threads were stopped: 0.0047575 seconds, Stopping threads took: 0.0000206 seconds
315.067: [GC (Allocation Failure)  897485K->569163K(1034752K), 0.0021154 secs]
315.069: Total time for which application threads were stopped: 0.0022717 seconds, Stopping threads took: 0.0000202 seconds
315.138: [GC (Allocation Failure)  890699K->576045K(1034752K), 0.0045541 secs]
315.143: Total time for which application threads were stopped: 0.0047418 seconds, Stopping threads took: 0.0000199 seconds
315.210: [GC (Allocation Failure)  897581K->580117K(1034752K), 0.0057730 secs]
315.216: Total time for which application threads were stopped: 0.0059444 seconds, Stopping threads took: 0.0000204 seconds
315.282: [GC (Allocation Failure)  901653K->574515K(1034752K), 0.0027053 secs]
315.285: Total time for which application threads were stopped: 0.0028708 seconds, Stopping threads took: 0.0000198 seconds
315.354: [GC (Allocation Failure)  896051K->580397K(1034752K), 0.0046517 secs]
315.359: Total time for which application threads were stopped: 0.0048127 seconds, Stopping threads took: 0.0000256 seconds
315.426: [GC (Allocation Failure)  901933K->584237K(1035264K), 0.0051685 secs]
315.431: Total time for which application threads were stopped: 0.0053318 seconds, Stopping threads took: 0.0000205 seconds
315.498: [GC (Allocation Failure)  906725K->580331K(1035264K), 0.0036711 secs]
315.502: Total time for which application threads were stopped: 0.0038444 seconds, Stopping threads took: 0.0000276 seconds
315.569: [GC (Allocation Failure)  902891K->584397K(1036288K), 0.0048094 secs]
315.574: Total time for which application threads were stopped: 0.0049714 seconds, Stopping threads took: 0.0000197 seconds
315.643: [GC (Allocation Failure)  908493K->588397K(1035776K), 0.0048067 secs]
315.648: Total time for which application threads were stopped: 0.0049828 seconds, Stopping threads took: 0.0000202 seconds
315.716: [GC (Allocation Failure)  912493K->588397K(1035776K), 0.0047616 secs]
315.721: Total time for which application threads were stopped: 0.0049305 seconds, Stopping threads took: 0.0000198 seconds
315.788: [GC (Allocation Failure)  911981K->588461K(1023488K), 0.0048970 secs]
315.793: Total time for which application threads were stopped: 0.0050561 seconds, Stopping threads took: 0.0000191 seconds
315.860: [GC (Allocation Failure)  912045K->596431K(1035264K), 0.0049363 secs]
315.865: Total time for which application threads were stopped: 0.0051201 seconds, Stopping threads took: 0.0000194 seconds
315.932: [GC (Allocation Failure)  918991K->596431K(1030144K), 0.0046395 secs]
315.937: Total time for which application threads were stopped: 0.0048051 seconds, Stopping threads took: 0.0000192 seconds
316.004: [GC (Allocation Failure)  918991K->596455K(1034752K), 0.0048720 secs]
316.009: Total time for which application threads were stopped: 0.0051721 seconds, Stopping threads took: 0.0000196 seconds
316.076: [GC (Allocation Failure)  917991K->604490K(1029120K), 0.0047981 secs]
316.081: Total time for which application threads were stopped: 0.0049593 seconds, Stopping threads took: 0.0000196 seconds
316.149: [GC (Allocation Failure)  926026K->604426K(1034240K), 0.0047489 secs]
316.154: Total time for which application threads were stopped: 0.0049195 seconds, Stopping threads took: 0.0000209 seconds
316.221: [GC (Allocation Failure)  924938K->604682K(1034240K), 0.0047176 secs]
316.225: Total time for which application threads were stopped: 0.0048874 seconds, Stopping threads took: 0.0000201 seconds
316.293: [GC (Allocation Failure)  925194K->612460K(1034240K), 0.0045500 secs]
316.298: Total time for which application threads were stopped: 0.0047086 seconds, Stopping threads took: 0.0000189 seconds
316.365: [GC (Allocation Failure)  932972K->612492K(1034240K), 0.0048141 secs]
316.370: Total time for which application threads were stopped: 0.0049744 seconds, Stopping threads took: 0.0000199 seconds
316.437: [GC (Allocation Failure)  933004K->612908K(1033216K), 0.0049117 secs]
316.442: Total time for which application threads were stopped: 0.0052035 seconds, Stopping threads took: 0.0000194 seconds
316.509: [GC (Allocation Failure)  932396K->620494K(1033728K), 0.0048307 secs]
316.514: Total time for which application threads were stopped: 0.0049889 seconds, Stopping threads took: 0.0000191 seconds
316.582: [GC (Allocation Failure)  939982K->620526K(1033728K), 0.0046480 secs]
316.586: Total time for which application threads were stopped: 0.0048182 seconds, Stopping threads took: 0.0000194 seconds
316.652: [GC (Allocation Failure)  940014K->620614K(1033728K), 0.0049892 secs]
316.657: Total time for which application threads were stopped: 0.0051622 seconds, Stopping threads took: 0.0000202 seconds
316.724: [GC (Allocation Failure)  940102K->628520K(1033728K), 0.0048141 secs]
316.729: Total time for which application threads were stopped: 0.0049873 seconds, Stopping threads took: 0.0000200 seconds
316.796: [GC (Allocation Failure)  948008K->628520K(1033728K), 0.0057352 secs]
316.802: Total time for which application threads were stopped: 0.0059095 seconds, Stopping threads took: 0.0000266 seconds
316.869: [GC (Allocation Failure)  948008K->628584K(1033728K), 0.0046979 secs]
316.873: Total time for which application threads were stopped: 0.0048797 seconds, Stopping threads took: 0.0000247 seconds
316.940: [GC (Allocation Failure)  948072K->636555K(1027072K), 0.0049515 secs]
316.945: Total time for which application threads were stopped: 0.0051204 seconds, Stopping threads took: 0.0000199 seconds
317.010: [GC (Allocation Failure)  956042K->632648K(1034240K), 0.0038457 secs]
317.014: Total time for which application threads were stopped: 0.0040032 seconds, Stopping threads took: 0.0000198 seconds
317.081: [GC (Allocation Failure)  952136K->636715K(1033216K), 0.0049106 secs]
317.086: Total time for which application threads were stopped: 0.0051086 seconds, Stopping threads took: 0.0000257 seconds
317.155: [GC (Allocation Failure)  956203K->640683K(1034752K), 0.0047651 secs]
317.159: Total time for which application threads were stopped: 0.0049157 seconds, Stopping threads took: 0.0000173 seconds
317.226: [GC (Allocation Failure)  962219K->633928K(1034752K), 0.0023398 secs]
317.228: Total time for which application threads were stopped: 0.0024848 seconds, Stopping threads took: 0.0000193 seconds
317.295: [GC (Allocation Failure)  955464K->640715K(1034752K), 0.0067469 secs]
317.302: Total time for which application threads were stopped: 0.0069126 seconds, Stopping threads took: 0.0000263 seconds
317.368: [GC (Allocation Failure)  962251K->644827K(1034752K), 0.0058120 secs]
317.374: Total time for which application threads were stopped: 0.0059944 seconds, Stopping threads took: 0.0000260 seconds
317.439: [GC (Allocation Failure)  966363K->639256K(1034752K), 0.0030774 secs]
317.443: Total time for which application threads were stopped: 0.0032426 seconds, Stopping threads took: 0.0000203 seconds
317.510: [GC (Allocation Failure)  960792K->645067K(1034752K), 0.0048332 secs]
317.515: Total time for which application threads were stopped: 0.0050055 seconds, Stopping threads took: 0.0000202 seconds
317.581: [GC (Allocation Failure)  966603K->649003K(1034752K), 0.0054332 secs]
317.587: Total time for which application threads were stopped: 0.0056133 seconds, Stopping threads took: 0.0000202 seconds
317.655: [GC (Allocation Failure)  971491K->645064K(1035264K), 0.0037775 secs]
317.658: Total time for which application threads were stopped: 0.0039601 seconds, Stopping threads took: 0.0000171 seconds
317.729: [GC (Allocation Failure)  967624K->649131K(1036288K), 0.0049402 secs]
317.734: Total time for which application threads were stopped: 0.0051105 seconds, Stopping threads took: 0.0000172 seconds
317.803: [GC (Allocation Failure)  973227K->653131K(1035776K), 0.0048788 secs]
317.808: Total time for which application threads were stopped: 0.0050748 seconds, Stopping threads took: 0.0000264 seconds
317.877: [GC (Allocation Failure)  977227K->653099K(1035776K), 0.0047597 secs]
317.882: Total time for which application threads were stopped: 0.0049295 seconds, Stopping threads took: 0.0000221 seconds
317.950: [GC (Allocation Failure)  976683K->653163K(1023488K), 0.0048214 secs]
317.955: Total time for which application threads were stopped: 0.0049869 seconds, Stopping threads took: 0.0000204 seconds
318.022: [GC (Allocation Failure)  976747K->661165K(1035264K), 0.0048829 secs]
318.027: Total time for which application threads were stopped: 0.0050607 seconds, Stopping threads took: 0.0000191 seconds
318.096: [GC (Allocation Failure)  983725K->661133K(1030144K), 0.0048484 secs]
318.101: Total time for which application threads were stopped: 0.0050201 seconds, Stopping threads took: 0.0000207 seconds
318.168: [GC (Allocation Failure)  983693K->661197K(1034752K), 0.0050056 secs]
318.173: Total time for which application threads were stopped: 0.0051637 seconds, Stopping threads took: 0.0000190 seconds
